OpenJDK 64-Bit Server VM (25.111-b14) for linux-amd64 JRE (1.8.0_111-8u111-b14-2ubuntu0.16.04.2-b14), built on Oct 27 2016 18:10:19 by "buildd" with gcc 5.4.0 20160609
Memory: 4k page, physical 7867800k(7503860k free), swap 8076284k(8076284k free)
CommandLine flags: -XX:CMSInitiatingOccupancyFraction=50 -XX:CMSMaxAbortablePrecleanTime=6000 -XX:+CMSParallelRemarkEnabled -XX:+CMSScavengeBeforeRemark -XX:ConcGCThreads=4 -XX:InitialHeapSize=536870912 -XX:MaxHeapSize=536870912 -XX:MaxTenuringThreshold=8 -XX:NewRatio=3 -XX:OldPLABSize=16 -XX:OnOutOfMemoryError=/opt/solr/bin/oom_solr.sh 8983 /var/solr/logs -XX:ParallelGCThreads=4 -XX:+ParallelRefProcEnabled -XX:PretenureSizeThreshold=67108864 -XX:+PrintGC -XX:+PrintGCApplicationStoppedTime -XX:+PrintGCDateStamps -XX:+PrintGCDetails -XX:+PrintGCTimeStamps -XX:+PrintHeapAtGC -XX:+PrintTenuringDistribution -XX:SurvivorRatio=4 -XX:TargetSurvivorRatio=90 -XX:ThreadStackSize=256 -XX:+UseCMSInitiatingOccupancyOnly -XX:+UseCompressedClassPointers -XX:+UseCompressedOops -XX:+UseConcMarkSweepGC -XX:+UseParNewGC 
2017-01-21T13:43:23.034+0100: 0,149: Total time for which application threads were stopped: 0,0000713 seconds, Stopping threads took: 0,0000121 seconds
2017-01-21T13:43:23.340+0100: 0,455: Total time for which application threads were stopped: 0,0000935 seconds, Stopping threads took: 0,0000105 seconds
2017-01-21T13:43:23.358+0100: 0,474: Total time for which application threads were stopped: 0,0000872 seconds, Stopping threads took: 0,0000140 seconds
2017-01-21T13:43:23.574+0100: 0,689: Total time for which application threads were stopped: 0,0001539 seconds, Stopping threads took: 0,0000146 seconds
2017-01-21T13:43:23.972+0100: 1,088: Total time for which application threads were stopped: 0,0001227 seconds, Stopping threads took: 0,0000177 seconds
2017-01-21T13:43:24.136+0100: 1,252: Total time for which application threads were stopped: 0,0002204 seconds, Stopping threads took: 0,0000212 seconds
2017-01-21T13:43:24.157+0100: 1,273: Total time for which application threads were stopped: 0,0001706 seconds, Stopping threads took: 0,0000218 seconds
2017-01-21T13:43:24.408+0100: 1,524: Total time for which application threads were stopped: 0,0001983 seconds, Stopping threads took: 0,0000253 seconds
2017-01-21T13:43:24.653+0100: 1,768: Total time for which application threads were stopped: 0,0002442 seconds, Stopping threads took: 0,0000159 seconds
2017-01-21T13:43:24.676+0100: 1,791: Total time for which application threads were stopped: 0,0001833 seconds, Stopping threads took: 0,0000126 seconds
2017-01-21T13:43:24.677+0100: 1,792: Total time for which application threads were stopped: 0,0001943 seconds, Stopping threads took: 0,0000116 seconds
2017-01-21T13:43:24.692+0100: 1,808: Total time for which application threads were stopped: 0,0001603 seconds, Stopping threads took: 0,0000118 seconds
2017-01-21T13:43:24.804+0100: 1,919: Total time for which application threads were stopped: 0,0002052 seconds, Stopping threads took: 0,0000177 seconds
2017-01-21T13:43:24.988+0100: 2,104: Total time for which application threads were stopped: 0,0003104 seconds, Stopping threads took: 0,0000343 seconds
{Heap before GC invocations=0 (full 0):
 par new generation   total 109248K, used 87424K [0x00000000e0000000, 0x00000000e8000000, 0x00000000e8000000)
  eden space 87424K, 100% used [0x00000000e0000000, 0x00000000e5560000, 0x00000000e5560000)
  from space 21824K,   0% used [0x00000000e5560000, 0x00000000e5560000, 0x00000000e6ab0000)
  to   space 21824K,   0% used [0x00000000e6ab0000, 0x00000000e6ab0000, 0x00000000e8000000)
 concurrent mark-sweep generation total 393216K, used 0K [0x00000000e8000000, 0x0000000100000000, 0x0000000100000000)
 Metaspace       used 18115K, capacity 18430K, committed 18560K, reserved 1064960K
  class space    used 2054K, capacity 2162K, committed 2176K, reserved 1048576K
2017-01-21T13:43:25.107+0100: 2,223: [GC (Allocation Failure) 2017-01-21T13:43:25.108+0100: 2,223: [ParNew
Desired survivor size 20112992 bytes, new threshold 8 (max 8)
- age   1:   12322768 bytes,   12322768 total
: 87424K->12147K(109248K), 0,0171537 secs] 87424K->12147K(502464K), 0,0172527 secs] [Times: user=0,04 sys=0,02, real=0,02 secs] 
Heap after GC invocations=1 (full 0):
 par new generation   total 109248K, used 12147K [0x00000000e0000000, 0x00000000e8000000, 0x00000000e8000000)
  eden space 87424K,   0% used [0x00000000e0000000, 0x00000000e0000000, 0x00000000e5560000)
  from space 21824K,  55% used [0x00000000e6ab0000, 0x00000000e768cca8, 0x00000000e8000000)
  to   space 21824K,   0% used [0x00000000e5560000, 0x00000000e5560000, 0x00000000e6ab0000)
 concurrent mark-sweep generation total 393216K, used 0K [0x00000000e8000000, 0x0000000100000000, 0x0000000100000000)
 Metaspace       used 18115K, capacity 18430K, committed 18560K, reserved 1064960K
  class space    used 2054K, capacity 2162K, committed 2176K, reserved 1048576K
}
2017-01-21T13:43:25.125+0100: 2,241: Total time for which application threads were stopped: 0,0174204 seconds, Stopping threads took: 0,0000222 seconds
2017-01-21T13:43:25.277+0100: 2,393: Total time for which application threads were stopped: 0,0003481 seconds, Stopping threads took: 0,0000225 seconds
2017-01-21T13:43:25.305+0100: 2,421: Total time for which application threads were stopped: 0,0003362 seconds, Stopping threads took: 0,0000411 seconds
2017-01-21T13:43:25.328+0100: 2,443: Total time for which application threads were stopped: 0,0002792 seconds, Stopping threads took: 0,0000248 seconds
{Heap before GC invocations=1 (full 0):
 par new generation   total 109248K, used 99571K [0x00000000e0000000, 0x00000000e8000000, 0x00000000e8000000)
  eden space 87424K, 100% used [0x00000000e0000000, 0x00000000e5560000, 0x00000000e5560000)
  from space 21824K,  55% used [0x00000000e6ab0000, 0x00000000e768cca8, 0x00000000e8000000)
  to   space 21824K,   0% used [0x00000000e5560000, 0x00000000e5560000, 0x00000000e6ab0000)
 concurrent mark-sweep generation total 393216K, used 0K [0x00000000e8000000, 0x0000000100000000, 0x0000000100000000)
 Metaspace       used 20729K, capacity 21020K, committed 21248K, reserved 1069056K
  class space    used 2404K, capacity 2518K, committed 2560K, reserved 1048576K
2017-01-21T13:43:25.498+0100: 2,613: [GC (Allocation Failure) 2017-01-21T13:43:25.498+0100: 2,613: [ParNew
Desired survivor size 20112992 bytes, new threshold 8 (max 8)
- age   1:    2898336 bytes,    2898336 total
- age   2:    6101776 bytes,    9000112 total
: 99571K->14973K(109248K), 0,0203969 secs] 99571K->14973K(502464K), 0,0204836 secs] [Times: user=0,07 sys=0,00, real=0,02 secs] 
Heap after GC invocations=2 (full 0):
 par new generation   total 109248K, used 14973K [0x00000000e0000000, 0x00000000e8000000, 0x00000000e8000000)
  eden space 87424K,   0% used [0x00000000e0000000, 0x00000000e0000000, 0x00000000e5560000)
  from space 21824K,  68% used [0x00000000e5560000, 0x00000000e63ff640, 0x00000000e6ab0000)
  to   space 21824K,   0% used [0x00000000e6ab0000, 0x00000000e6ab0000, 0x00000000e8000000)
 concurrent mark-sweep generation total 393216K, used 0K [0x00000000e8000000, 0x0000000100000000, 0x0000000100000000)
 Metaspace       used 20729K, capacity 21020K, committed 21248K, reserved 1069056K
  class space    used 2404K, capacity 2518K, committed 2560K, reserved 1048576K
}
2017-01-21T13:43:25.518+0100: 2,634: Total time for which application threads were stopped: 0,0206996 seconds, Stopping threads took: 0,0000236 seconds
2017-01-21T13:43:25.588+0100: 2,703: Total time for which application threads were stopped: 0,0000901 seconds, Stopping threads took: 0,0000142 seconds
2017-01-21T13:43:25.620+0100: 2,736: Total time for which application threads were stopped: 0,0000912 seconds, Stopping threads took: 0,0000204 seconds
2017-01-21T13:43:25.621+0100: 2,737: Total time for which application threads were stopped: 0,0002573 seconds, Stopping threads took: 0,0000114 seconds
2017-01-21T13:43:25.647+0100: 2,763: Total time for which application threads were stopped: 0,0000699 seconds, Stopping threads took: 0,0000130 seconds
2017-01-21T13:43:25.721+0100: 2,837: Total time for which application threads were stopped: 0,0001271 seconds, Stopping threads took: 0,0000268 seconds
2017-01-21T13:43:25.742+0100: 2,858: Total time for which application threads were stopped: 0,0000983 seconds, Stopping threads took: 0,0000393 seconds
2017-01-21T13:43:25.749+0100: 2,865: Total time for which application threads were stopped: 0,0002698 seconds, Stopping threads took: 0,0000134 seconds
2017-01-21T13:43:25.757+0100: 2,872: Total time for which application threads were stopped: 0,0002631 seconds, Stopping threads took: 0,0000182 seconds
2017-01-21T13:43:25.766+0100: 2,882: Total time for which application threads were stopped: 0,0001053 seconds, Stopping threads took: 0,0000357 seconds
2017-01-21T13:43:25.800+0100: 2,915: Total time for which application threads were stopped: 0,0000649 seconds, Stopping threads took: 0,0000140 seconds
2017-01-21T13:43:25.815+0100: 2,931: Total time for which application threads were stopped: 0,0000773 seconds, Stopping threads took: 0,0000145 seconds
2017-01-21T13:43:25.835+0100: 2,951: Total time for which application threads were stopped: 0,0000787 seconds, Stopping threads took: 0,0000168 seconds
2017-01-21T13:43:25.857+0100: 2,972: Total time for which application threads were stopped: 0,0001016 seconds, Stopping threads took: 0,0000227 seconds
2017-01-21T13:43:25.883+0100: 2,999: Total time for which application threads were stopped: 0,0001476 seconds, Stopping threads took: 0,0000428 seconds
2017-01-21T13:43:25.947+0100: 3,063: Total time for which application threads were stopped: 0,0001348 seconds, Stopping threads took: 0,0000256 seconds
2017-01-21T13:43:25.994+0100: 3,110: Total time for which application threads were stopped: 0,0001648 seconds, Stopping threads took: 0,0000502 seconds
{Heap before GC invocations=2 (full 0):
 par new generation   total 109248K, used 102397K [0x00000000e0000000, 0x00000000e8000000, 0x00000000e8000000)
  eden space 87424K, 100% used [0x00000000e0000000, 0x00000000e5560000, 0x00000000e5560000)
  from space 21824K,  68% used [0x00000000e5560000, 0x00000000e63ff640, 0x00000000e6ab0000)
  to   space 21824K,   0% used [0x00000000e6ab0000, 0x00000000e6ab0000, 0x00000000e8000000)
 concurrent mark-sweep generation total 393216K, used 0K [0x00000000e8000000, 0x0000000100000000, 0x0000000100000000)
 Metaspace       used 24875K, capacity 25317K, committed 25536K, reserved 1071104K
  class space    used 2899K, capacity 3057K, committed 3092K, reserved 1048576K
2017-01-21T13:43:26.018+0100: 3,134: [GC (Allocation Failure) 2017-01-21T13:43:26.018+0100: 3,134: [ParNew
Desired survivor size 20112992 bytes, new threshold 8 (max 8)
- age   1:    6726624 bytes,    6726624 total
- age   2:     547048 bytes,    7273672 total
- age   3:    6084872 bytes,   13358544 total
: 102397K->15258K(109248K), 0,0263203 secs] 102397K->15258K(502464K), 0,0264209 secs] [Times: user=0,08 sys=0,00, real=0,03 secs] 
Heap after GC invocations=3 (full 0):
 par new generation   total 109248K, used 15258K [0x00000000e0000000, 0x00000000e8000000, 0x00000000e8000000)
  eden space 87424K,   0% used [0x00000000e0000000, 0x00000000e0000000, 0x00000000e5560000)
  from space 21824K,  69% used [0x00000000e6ab0000, 0x00000000e7996a10, 0x00000000e8000000)
  to   space 21824K,   0% used [0x00000000e5560000, 0x00000000e5560000, 0x00000000e6ab0000)
 concurrent mark-sweep generation total 393216K, used 0K [0x00000000e8000000, 0x0000000100000000, 0x0000000100000000)
 Metaspace       used 24875K, capacity 25317K, committed 25536K, reserved 1071104K
  class space    used 2899K, capacity 3057K, committed 3092K, reserved 1048576K
}
2017-01-21T13:43:26.044+0100: 3,160: Total time for which application threads were stopped: 0,0266251 seconds, Stopping threads took: 0,0000299 seconds
2017-01-21T13:43:26.047+0100: 3,162: [GC (CMS Initial Mark) [1 CMS-initial-mark: 0K(393216K)] 16660K(502464K), 0,0047161 secs] [Times: user=0,01 sys=0,00, real=0,00 secs] 
2017-01-21T13:43:26.051+0100: 3,167: Total time for which application threads were stopped: 0,0048686 seconds, Stopping threads took: 0,0000553 seconds
2017-01-21T13:43:26.053+0100: 3,169: [CMS-concurrent-mark-start]
2017-01-21T13:43:26.053+0100: 3,169: [CMS-concurrent-mark: 0,000/0,000 secs] [Times: user=0,00 sys=0,00, real=0,00 secs] 
2017-01-21T13:43:26.053+0100: 3,169: [CMS-concurrent-preclean-start]
2017-01-21T13:43:26.054+0100: 3,170: [CMS-concurrent-preclean: 0,001/0,001 secs] [Times: user=0,00 sys=0,00, real=0,01 secs] 
2017-01-21T13:43:26.054+0100: 3,170: [GC (CMS Final Remark) [YG occupancy: 16660 K (109248 K)]{Heap before GC invocations=3 (full 1):
 par new generation   total 109248K, used 16660K [0x00000000e0000000, 0x00000000e8000000, 0x00000000e8000000)
  eden space 87424K,   1% used [0x00000000e0000000, 0x00000000e015e968, 0x00000000e5560000)
  from space 21824K,  69% used [0x00000000e6ab0000, 0x00000000e7996a10, 0x00000000e8000000)
  to   space 21824K,   0% used [0x00000000e5560000, 0x00000000e5560000, 0x00000000e6ab0000)
 concurrent mark-sweep generation total 393216K, used 0K [0x00000000e8000000, 0x0000000100000000, 0x0000000100000000)
 Metaspace       used 24922K, capacity 25381K, committed 25536K, reserved 1071104K
  class space    used 2904K, capacity 3057K, committed 3092K, reserved 1048576K
2017-01-21T13:43:26.055+0100: 3,170: [GC (CMS Final Remark) 2017-01-21T13:43:26.055+0100: 3,170: [ParNew
Desired survivor size 20112992 bytes, new threshold 8 (max 8)
- age   1:      46592 bytes,      46592 total
- age   2:    3150384 bytes,    3196976 total
- age   3:     547000 bytes,    3743976 total
- age   4:    6084800 bytes,    9828776 total
: 16660K->16201K(109248K), 0,0117642 secs] 16660K->16201K(502464K), 0,0118125 secs] [Times: user=0,03 sys=0,00, real=0,01 secs] 
Heap after GC invocations=4 (full 1):
 par new generation   total 109248K, used 16201K [0x00000000e0000000, 0x00000000e8000000, 0x00000000e8000000)
  eden space 87424K,   0% used [0x00000000e0000000, 0x00000000e0000000, 0x00000000e5560000)
  from space 21824K,  74% used [0x00000000e5560000, 0x00000000e65327b0, 0x00000000e6ab0000)
  to   space 21824K,   0% used [0x00000000e6ab0000, 0x00000000e6ab0000, 0x00000000e8000000)
 concurrent mark-sweep generation total 393216K, used 0K [0x00000000e8000000, 0x0000000100000000, 0x0000000100000000)
 Metaspace       used 24922K, capacity 25381K, committed 25536K, reserved 1071104K
  class space    used 2904K, capacity 3057K, committed 3092K, reserved 1048576K
}
2017-01-21T13:43:26.066+0100: 3,182: [Rescan (parallel) , 0,0038416 secs]2017-01-21T13:43:26.070+0100: 3,186: [weak refs processing, 0,0004905 secs]2017-01-21T13:43:26.071+0100: 3,186: [class unloading, 0,0032799 secs]2017-01-21T13:43:26.074+0100: 3,190: [scrub symbol table, 0,0034074 secs]2017-01-21T13:43:26.077+0100: 3,193: [scrub string table, 0,0003890 secs][1 CMS-remark: 0K(393216K)] 16201K(502464K), 0,0239663 secs] [Times: user=0,05 sys=0,01, real=0,02 secs] 
2017-01-21T13:43:26.078+0100: 3,194: Total time for which application threads were stopped: 0,0240969 seconds, Stopping threads took: 0,0000460 seconds
2017-01-21T13:43:26.079+0100: 3,194: [CMS-concurrent-sweep-start]
2017-01-21T13:43:26.079+0100: 3,194: [CMS-concurrent-sweep: 0,000/0,000 secs] [Times: user=0,00 sys=0,00, real=0,00 secs] 
2017-01-21T13:43:26.079+0100: 3,194: [CMS-concurrent-reset-start]
2017-01-21T13:43:26.081+0100: 3,196: [CMS-concurrent-reset: 0,002/0,002 secs] [Times: user=0,01 sys=0,00, real=0,00 secs] 
2017-01-21T13:43:26.141+0100: 3,257: Total time for which application threads were stopped: 0,0003979 seconds, Stopping threads took: 0,0000298 seconds
2017-01-21T13:43:26.938+0100: 4,054: Total time for which application threads were stopped: 0,0003560 seconds, Stopping threads took: 0,0000162 seconds
2017-01-21T13:43:54.942+0100: 32,058: Total time for which application threads were stopped: 0,0000736 seconds, Stopping threads took: 0,0000320 seconds
2017-01-21T13:46:09.961+0100: 167,077: Total time for which application threads were stopped: 0,0000981 seconds, Stopping threads took: 0,0000383 seconds
2017-01-21T13:46:24.963+0100: 182,079: Total time for which application threads were stopped: 0,0001549 seconds, Stopping threads took: 0,0000658 seconds
2017-01-21T13:47:04.969+0100: 222,085: Total time for which application threads were stopped: 0,0000813 seconds, Stopping threads took: 0,0000323 seconds
2017-01-21T13:48:09.977+0100: 287,093: Total time for which application threads were stopped: 0,0000767 seconds, Stopping threads took: 0,0000351 seconds
2017-01-21T14:07:04.100+0100: 1421,215: Total time for which application threads were stopped: 0,0000993 seconds, Stopping threads took: 0,0000462 seconds
2017-01-21T14:11:44.130+0100: 1701,245: Total time for which application threads were stopped: 0,0000830 seconds, Stopping threads took: 0,0000353 seconds
2017-01-21T14:11:55.131+0100: 1712,247: Total time for which application threads were stopped: 0,0003411 seconds, Stopping threads took: 0,0001602 seconds
2017-01-21T14:22:04.196+0100: 2321,312: Total time for which application threads were stopped: 0,0003725 seconds, Stopping threads took: 0,0001370 seconds
2017-01-21T14:22:05.196+0100: 2322,312: Total time for which application threads were stopped: 0,0002395 seconds, Stopping threads took: 0,0000637 seconds
2017-01-21T14:24:29.212+0100: 2466,328: Total time for which application threads were stopped: 0,0001007 seconds, Stopping threads took: 0,0000488 seconds
2017-01-21T14:36:40.295+0100: 3197,411: Total time for which application threads were stopped: 0,0003545 seconds, Stopping threads took: 0,0001753 seconds
2017-01-21T14:42:55.338+0100: 3572,454: Total time for which application threads were stopped: 0,0000836 seconds, Stopping threads took: 0,0000337 seconds
2017-01-21T14:44:55.352+0100: 3692,468: Total time for which application threads were stopped: 0,0001149 seconds, Stopping threads took: 0,0000446 seconds
2017-01-21T14:47:54.371+0100: 3871,486: Total time for which application threads were stopped: 0,0000858 seconds, Stopping threads took: 0,0000285 seconds
2017-01-21T14:50:25.387+0100: 4022,503: Total time for which application threads were stopped: 0,0001021 seconds, Stopping threads took: 0,0000484 seconds
2017-01-21T15:29:00.645+0100: 6337,761: Total time for which application threads were stopped: 0,0000803 seconds, Stopping threads took: 0,0000359 seconds
2017-01-21T15:29:15.646+0100: 6352,762: Total time for which application threads were stopped: 0,0000655 seconds, Stopping threads took: 0,0000172 seconds
2017-01-21T15:32:25.665+0100: 6542,780: Total time for which application threads were stopped: 0,0000750 seconds, Stopping threads took: 0,0000293 seconds
2017-01-21T15:48:24.768+0100: 7501,884: Total time for which application threads were stopped: 0,0000792 seconds, Stopping threads took: 0,0000317 seconds
2017-01-21T15:48:41.246+0100: 7518,362: Total time for which application threads were stopped: 0,0001366 seconds, Stopping threads took: 0,0000267 seconds
Heap
 par new generation   total 109248K, used 59545K [0x00000000e0000000, 0x00000000e8000000, 0x00000000e8000000)
  eden space 87424K,  49% used [0x00000000e0000000, 0x00000000e2a53d58, 0x00000000e5560000)
  from space 21824K,  74% used [0x00000000e5560000, 0x00000000e65327b0, 0x00000000e6ab0000)
  to   space 21824K,   0% used [0x00000000e6ab0000, 0x00000000e6ab0000, 0x00000000e8000000)
 concurrent mark-sweep generation total 393216K, used 0K [0x00000000e8000000, 0x0000000100000000, 0x0000000100000000)
 Metaspace       used 27251K, capacity 27729K, committed 27924K, reserved 1073152K
  class space    used 3167K, capacity 3321K, committed 3348K, reserved 1048576K
