OpenJDK 64-Bit Server VM (25.131-b11) for linux-amd64 JRE (1.8.0_131-8u131-b11-0ubuntu1.16.04.2-b11), built on May  6 2017 02:45:27 by "buildd" with gcc 5.4.0 20160609
Memory: 4k page, physical 7867740k(7397364k free), swap 8076284k(8076284k free)
CommandLine flags: -XX:CMSInitiatingOccupancyFraction=50 -XX:CMSMaxAbortablePrecleanTime=6000 -XX:+CMSParallelRemarkEnabled -XX:+CMSScavengeBeforeRemark -XX:ConcGCThreads=4 -XX:InitialHeapSize=536870912 -XX:MaxHeapSize=536870912 -XX:MaxTenuringThreshold=8 -XX:NewRatio=3 -XX:OldPLABSize=16 -XX:OnOutOfMemoryError=/opt/solr/bin/oom_solr.sh 8983 /var/solr/logs -XX:ParallelGCThreads=4 -XX:+ParallelRefProcEnabled -XX:PretenureSizeThreshold=67108864 -XX:+PrintGC -XX:+PrintGCApplicationStoppedTime -XX:+PrintGCDateStamps -XX:+PrintGCDetails -XX:+PrintGCTimeStamps -XX:+PrintHeapAtGC -XX:+PrintTenuringDistribution -XX:SurvivorRatio=4 -XX:TargetSurvivorRatio=90 -XX:ThreadStackSize=256 -XX:+UseCMSInitiatingOccupancyOnly -XX:+UseCompressedClassPointers -XX:+UseCompressedOops -XX:+UseConcMarkSweepGC -XX:+UseParNewGC 
2017-05-19T09:08:47.868+0200: 0,139: Total time for which application threads were stopped: 0,0000814 seconds, Stopping threads took: 0,0000126 seconds
2017-05-19T09:08:47.944+0200: 0,214: Total time for which application threads were stopped: 0,0002732 seconds, Stopping threads took: 0,0000611 seconds
2017-05-19T09:08:47.966+0200: 0,237: Total time for which application threads were stopped: 0,0000846 seconds, Stopping threads took: 0,0000128 seconds
2017-05-19T09:08:48.174+0200: 0,444: Total time for which application threads were stopped: 0,0001430 seconds, Stopping threads took: 0,0000169 seconds
2017-05-19T09:08:48.628+0200: 0,898: Total time for which application threads were stopped: 0,0001399 seconds, Stopping threads took: 0,0000119 seconds
2017-05-19T09:08:48.822+0200: 1,092: Total time for which application threads were stopped: 0,0002405 seconds, Stopping threads took: 0,0000264 seconds
2017-05-19T09:08:48.877+0200: 1,147: Total time for which application threads were stopped: 0,0002287 seconds, Stopping threads took: 0,0000215 seconds
2017-05-19T09:08:49.235+0200: 1,505: Total time for which application threads were stopped: 0,0001624 seconds, Stopping threads took: 0,0000184 seconds
2017-05-19T09:08:49.568+0200: 1,838: Total time for which application threads were stopped: 0,0001939 seconds, Stopping threads took: 0,0000183 seconds
2017-05-19T09:08:49.583+0200: 1,854: Total time for which application threads were stopped: 0,0001616 seconds, Stopping threads took: 0,0000210 seconds
2017-05-19T09:08:49.637+0200: 1,908: Total time for which application threads were stopped: 0,0001712 seconds, Stopping threads took: 0,0000118 seconds
2017-05-19T09:08:49.638+0200: 1,909: Total time for which application threads were stopped: 0,0001070 seconds, Stopping threads took: 0,0000075 seconds
2017-05-19T09:08:49.670+0200: 1,941: Total time for which application threads were stopped: 0,0001577 seconds, Stopping threads took: 0,0000105 seconds
2017-05-19T09:08:49.765+0200: 2,035: Total time for which application threads were stopped: 0,0002830 seconds, Stopping threads took: 0,0000228 seconds
2017-05-19T09:08:49.929+0200: 2,199: Total time for which application threads were stopped: 0,0002442 seconds, Stopping threads took: 0,0000204 seconds
{Heap before GC invocations=0 (full 0):
 par new generation   total 109248K, used 87424K [0x00000000e0000000, 0x00000000e8000000, 0x00000000e8000000)
  eden space 87424K, 100% used [0x00000000e0000000, 0x00000000e5560000, 0x00000000e5560000)
  from space 21824K,   0% used [0x00000000e5560000, 0x00000000e5560000, 0x00000000e6ab0000)
  to   space 21824K,   0% used [0x00000000e6ab0000, 0x00000000e6ab0000, 0x00000000e8000000)
 concurrent mark-sweep generation total 393216K, used 0K [0x00000000e8000000, 0x0000000100000000, 0x0000000100000000)
 Metaspace       used 17995K, capacity 18336K, committed 18688K, reserved 1064960K
  class space    used 2035K, capacity 2196K, committed 2304K, reserved 1048576K
2017-05-19T09:08:50.012+0200: 2,282: [GC (Allocation Failure) 2017-05-19T09:08:50.012+0200: 2,282: [ParNew
Desired survivor size 20112992 bytes, new threshold 8 (max 8)
- age   1:   12580400 bytes,   12580400 total
: 87424K->12406K(109248K), 0,0157516 secs] 87424K->12406K(502464K), 0,0158291 secs] [Times: user=0,05 sys=0,00, real=0,02 secs] 
Heap after GC invocations=1 (full 0):
 par new generation   total 109248K, used 12406K [0x00000000e0000000, 0x00000000e8000000, 0x00000000e8000000)
  eden space 87424K,   0% used [0x00000000e0000000, 0x00000000e0000000, 0x00000000e5560000)
  from space 21824K,  56% used [0x00000000e6ab0000, 0x00000000e76cd960, 0x00000000e8000000)
  to   space 21824K,   0% used [0x00000000e5560000, 0x00000000e5560000, 0x00000000e6ab0000)
 concurrent mark-sweep generation total 393216K, used 0K [0x00000000e8000000, 0x0000000100000000, 0x0000000100000000)
 Metaspace       used 17995K, capacity 18336K, committed 18688K, reserved 1064960K
  class space    used 2035K, capacity 2196K, committed 2304K, reserved 1048576K
}
2017-05-19T09:08:50.028+0200: 2,298: Total time for which application threads were stopped: 0,0160505 seconds, Stopping threads took: 0,0000535 seconds
2017-05-19T09:08:50.328+0200: 2,598: Total time for which application threads were stopped: 0,0003701 seconds, Stopping threads took: 0,0000592 seconds
{Heap before GC invocations=1 (full 0):
 par new generation   total 109248K, used 99830K [0x00000000e0000000, 0x00000000e8000000, 0x00000000e8000000)
  eden space 87424K, 100% used [0x00000000e0000000, 0x00000000e5560000, 0x00000000e5560000)
  from space 21824K,  56% used [0x00000000e6ab0000, 0x00000000e76cd960, 0x00000000e8000000)
  to   space 21824K,   0% used [0x00000000e5560000, 0x00000000e5560000, 0x00000000e6ab0000)
 concurrent mark-sweep generation total 393216K, used 0K [0x00000000e8000000, 0x0000000100000000, 0x0000000100000000)
 Metaspace       used 20028K, capacity 20374K, committed 20736K, reserved 1067008K
  class space    used 2298K, capacity 2473K, committed 2560K, reserved 1048576K
2017-05-19T09:08:50.370+0200: 2,640: [GC (Allocation Failure) 2017-05-19T09:08:50.370+0200: 2,640: [ParNew
Desired survivor size 20112992 bytes, new threshold 8 (max 8)
- age   1:    3649736 bytes,    3649736 total
- age   2:    6650752 bytes,   10300488 total
: 99830K->15710K(109248K), 0,0107736 secs] 99830K->15710K(502464K), 0,0108478 secs] [Times: user=0,03 sys=0,00, real=0,01 secs] 
Heap after GC invocations=2 (full 0):
 par new generation   total 109248K, used 15710K [0x00000000e0000000, 0x00000000e8000000, 0x00000000e8000000)
  eden space 87424K,   0% used [0x00000000e0000000, 0x00000000e0000000, 0x00000000e5560000)
  from space 21824K,  71% used [0x00000000e5560000, 0x00000000e64b7a00, 0x00000000e6ab0000)
  to   space 21824K,   0% used [0x00000000e6ab0000, 0x00000000e6ab0000, 0x00000000e8000000)
 concurrent mark-sweep generation total 393216K, used 0K [0x00000000e8000000, 0x0000000100000000, 0x0000000100000000)
 Metaspace       used 20028K, capacity 20374K, committed 20736K, reserved 1067008K
  class space    used 2298K, capacity 2473K, committed 2560K, reserved 1048576K
}
2017-05-19T09:08:50.381+0200: 2,651: Total time for which application threads were stopped: 0,0111970 seconds, Stopping threads took: 0,0001866 seconds
2017-05-19T09:08:50.385+0200: 2,655: Total time for which application threads were stopped: 0,0003300 seconds, Stopping threads took: 0,0000210 seconds
2017-05-19T09:08:50.436+0200: 2,706: Total time for which application threads were stopped: 0,0003822 seconds, Stopping threads took: 0,0000838 seconds
2017-05-19T09:08:50.560+0200: 2,830: Total time for which application threads were stopped: 0,0001914 seconds, Stopping threads took: 0,0000603 seconds
{Heap before GC invocations=2 (full 0):
 par new generation   total 109248K, used 103134K [0x00000000e0000000, 0x00000000e8000000, 0x00000000e8000000)
  eden space 87424K, 100% used [0x00000000e0000000, 0x00000000e5560000, 0x00000000e5560000)
  from space 21824K,  71% used [0x00000000e5560000, 0x00000000e64b7a00, 0x00000000e6ab0000)
  to   space 21824K,   0% used [0x00000000e6ab0000, 0x00000000e6ab0000, 0x00000000e8000000)
 concurrent mark-sweep generation total 393216K, used 0K [0x00000000e8000000, 0x0000000100000000, 0x0000000100000000)
 Metaspace       used 20952K, capacity 21296K, committed 21552K, reserved 1069056K
  class space    used 2418K, capacity 2592K, committed 2608K, reserved 1048576K
2017-05-19T09:08:50.577+0200: 2,847: [GC (Allocation Failure) 2017-05-19T09:08:50.577+0200: 2,847: [ParNew
Desired survivor size 20112992 bytes, new threshold 8 (max 8)
- age   1:    2076848 bytes,    2076848 total
- age   2:     860920 bytes,    2937768 total
- age   3:    6649648 bytes,    9587416 total
: 103134K->12315K(109248K), 0,0124368 secs] 103134K->12315K(502464K), 0,0125346 secs] [Times: user=0,04 sys=0,00, real=0,01 secs] 
Heap after GC invocations=3 (full 0):
 par new generation   total 109248K, used 12315K [0x00000000e0000000, 0x00000000e8000000, 0x00000000e8000000)
  eden space 87424K,   0% used [0x00000000e0000000, 0x00000000e0000000, 0x00000000e5560000)
  from space 21824K,  56% used [0x00000000e6ab0000, 0x00000000e76b6f28, 0x00000000e8000000)
  to   space 21824K,   0% used [0x00000000e5560000, 0x00000000e5560000, 0x00000000e6ab0000)
 concurrent mark-sweep generation total 393216K, used 0K [0x00000000e8000000, 0x0000000100000000, 0x0000000100000000)
 Metaspace       used 20952K, capacity 21296K, committed 21552K, reserved 1069056K
  class space    used 2418K, capacity 2592K, committed 2608K, reserved 1048576K
}
2017-05-19T09:08:50.590+0200: 2,860: Total time for which application threads were stopped: 0,0127671 seconds, Stopping threads took: 0,0000517 seconds
2017-05-19T09:08:50.590+0200: 2,860: [GC (CMS Initial Mark) [1 CMS-initial-mark: 0K(393216K)] 12316K(502464K), 0,0028869 secs] [Times: user=0,01 sys=0,00, real=0,00 secs] 
2017-05-19T09:08:50.593+0200: 2,863: Total time for which application threads were stopped: 0,0030507 seconds, Stopping threads took: 0,0000450 seconds
2017-05-19T09:08:50.593+0200: 2,863: [CMS-concurrent-mark-start]
2017-05-19T09:08:50.593+0200: 2,864: [CMS-concurrent-mark: 0,001/0,001 secs] [Times: user=0,00 sys=0,00, real=0,00 secs] 
2017-05-19T09:08:50.593+0200: 2,864: [CMS-concurrent-preclean-start]
2017-05-19T09:08:50.595+0200: 2,865: [CMS-concurrent-preclean: 0,001/0,001 secs] [Times: user=0,00 sys=0,00, real=0,01 secs] 
2017-05-19T09:08:50.595+0200: 2,865: [CMS-concurrent-abortable-preclean-start]
{Heap before GC invocations=3 (full 1):
 par new generation   total 109248K, used 99739K [0x00000000e0000000, 0x00000000e8000000, 0x00000000e8000000)
  eden space 87424K, 100% used [0x00000000e0000000, 0x00000000e5560000, 0x00000000e5560000)
  from space 21824K,  56% used [0x00000000e6ab0000, 0x00000000e76b6f28, 0x00000000e8000000)
  to   space 21824K,   0% used [0x00000000e5560000, 0x00000000e5560000, 0x00000000e6ab0000)
 concurrent mark-sweep generation total 393216K, used 0K [0x00000000e8000000, 0x0000000100000000, 0x0000000100000000)
 Metaspace       used 21222K, capacity 21578K, committed 21628K, reserved 1069056K
  class space    used 2449K, capacity 2608K, committed 2608K, reserved 1048576K
2017-05-19T09:08:50.698+0200: 2,968: [GC (Allocation Failure) 2017-05-19T09:08:50.698+0200: 2,968: [ParNew
Desired survivor size 20112992 bytes, new threshold 8 (max 8)
- age   1:    1336120 bytes,    1336120 total
- age   2:    1463312 bytes,    2799432 total
- age   3:     829480 bytes,    3628912 total
- age   4:    6649904 bytes,   10278816 total
: 99739K->11576K(109248K), 0,0161796 secs] 99739K->11576K(502464K), 0,0162508 secs] [Times: user=0,06 sys=0,01, real=0,02 secs] 
Heap after GC invocations=4 (full 1):
 par new generation   total 109248K, used 11576K [0x00000000e0000000, 0x00000000e8000000, 0x00000000e8000000)
  eden space 87424K,   0% used [0x00000000e0000000, 0x00000000e0000000, 0x00000000e5560000)
  from space 21824K,  53% used [0x00000000e5560000, 0x00000000e60ae240, 0x00000000e6ab0000)
  to   space 21824K,   0% used [0x00000000e6ab0000, 0x00000000e6ab0000, 0x00000000e8000000)
 concurrent mark-sweep generation total 393216K, used 0K [0x00000000e8000000, 0x0000000100000000, 0x0000000100000000)
 Metaspace       used 21222K, capacity 21578K, committed 21628K, reserved 1069056K
  class space    used 2449K, capacity 2608K, committed 2608K, reserved 1048576K
}
2017-05-19T09:08:50.714+0200: 2,984: Total time for which application threads were stopped: 0,0164752 seconds, Stopping threads took: 0,0000759 seconds
2017-05-19T09:08:50.714+0200: 2,984: [CMS-concurrent-abortable-preclean: 0,067/0,119 secs] [Times: user=0,46 sys=0,01, real=0,12 secs] 
2017-05-19T09:08:50.715+0200: 2,986: [GC (CMS Final Remark) [YG occupancy: 13557 K (109248 K)]{Heap before GC invocations=4 (full 1):
 par new generation   total 109248K, used 13557K [0x00000000e0000000, 0x00000000e8000000, 0x00000000e8000000)
  eden space 87424K,   2% used [0x00000000e0000000, 0x00000000e01ef390, 0x00000000e5560000)
  from space 21824K,  53% used [0x00000000e5560000, 0x00000000e60ae240, 0x00000000e6ab0000)
  to   space 21824K,   0% used [0x00000000e6ab0000, 0x00000000e6ab0000, 0x00000000e8000000)
 concurrent mark-sweep generation total 393216K, used 0K [0x00000000e8000000, 0x0000000100000000, 0x0000000100000000)
 Metaspace       used 21222K, capacity 21578K, committed 21628K, reserved 1069056K
  class space    used 2449K, capacity 2608K, committed 2608K, reserved 1048576K
2017-05-19T09:08:50.715+0200: 2,986: [GC (CMS Final Remark) 2017-05-19T09:08:50.715+0200: 2,986: [ParNew
Desired survivor size 20112992 bytes, new threshold 8 (max 8)
- age   1:     481352 bytes,     481352 total
- age   2:     659800 bytes,    1141152 total
- age   3:    1463312 bytes,    2604464 total
- age   4:     829480 bytes,    3433944 total
- age   5:    6649872 bytes,   10083816 total
: 13557K->15200K(109248K), 0,0089800 secs] 13557K->15200K(502464K), 0,0090186 secs] [Times: user=0,03 sys=0,00, real=0,01 secs] 
Heap after GC invocations=5 (full 1):
 par new generation   total 109248K, used 15200K [0x00000000e0000000, 0x00000000e8000000, 0x00000000e8000000)
  eden space 87424K,   0% used [0x00000000e0000000, 0x00000000e0000000, 0x00000000e5560000)
  from space 21824K,  69% used [0x00000000e6ab0000, 0x00000000e7988120, 0x00000000e8000000)
  to   space 21824K,   0% used [0x00000000e5560000, 0x00000000e5560000, 0x00000000e6ab0000)
 concurrent mark-sweep generation total 393216K, used 0K [0x00000000e8000000, 0x0000000100000000, 0x0000000100000000)
 Metaspace       used 21222K, capacity 21578K, committed 21628K, reserved 1069056K
  class space    used 2449K, capacity 2608K, committed 2608K, reserved 1048576K
}
2017-05-19T09:08:50.725+0200: 2,995: [Rescan (parallel) , 0,0032395 secs]2017-05-19T09:08:50.728+0200: 2,998: [weak refs processing, 0,0005124 secs]2017-05-19T09:08:50.728+0200: 2,999: [class unloading, 0,0027603 secs]2017-05-19T09:08:50.731+0200: 3,001: [scrub symbol table, 0,0026218 secs]2017-05-19T09:08:50.734+0200: 3,004: [scrub string table, 0,0003995 secs][1 CMS-remark: 0K(393216K)] 15200K(502464K), 0,0191808 secs] [Times: user=0,05 sys=0,00, real=0,02 secs] 
2017-05-19T09:08:50.735+0200: 3,005: Total time for which application threads were stopped: 0,0193258 seconds, Stopping threads took: 0,0000623 seconds
2017-05-19T09:08:50.735+0200: 3,005: [CMS-concurrent-sweep-start]
2017-05-19T09:08:50.735+0200: 3,005: [CMS-concurrent-sweep: 0,000/0,000 secs] [Times: user=0,00 sys=0,00, real=0,00 secs] 
2017-05-19T09:08:50.735+0200: 3,005: [CMS-concurrent-reset-start]
2017-05-19T09:08:50.738+0200: 3,008: [CMS-concurrent-reset: 0,003/0,003 secs] [Times: user=0,01 sys=0,00, real=0,00 secs] 
{Heap before GC invocations=5 (full 1):
 par new generation   total 109248K, used 102610K [0x00000000e0000000, 0x00000000e8000000, 0x00000000e8000000)
  eden space 87424K,  99% used [0x00000000e0000000, 0x00000000e555ca80, 0x00000000e5560000)
  from space 21824K,  69% used [0x00000000e6ab0000, 0x00000000e7988120, 0x00000000e8000000)
  to   space 21824K,   0% used [0x00000000e5560000, 0x00000000e5560000, 0x00000000e6ab0000)
 concurrent mark-sweep generation total 393216K, used 0K [0x00000000e8000000, 0x0000000100000000, 0x0000000100000000)
 Metaspace       used 21346K, capacity 21686K, committed 22012K, reserved 1069056K
  class space    used 2468K, capacity 2642K, committed 2736K, reserved 1048576K
2017-05-19T09:08:50.823+0200: 3,094: [GC (Allocation Failure) 2017-05-19T09:08:50.823+0200: 3,094: [ParNew
Desired survivor size 20112992 bytes, new threshold 8 (max 8)
- age   1:     335104 bytes,     335104 total
- age   2:       3280 bytes,     338384 total
- age   3:     182320 bytes,     520704 total
- age   4:    1457736 bytes,    1978440 total
- age   5:     827464 bytes,    2805904 total
- age   6:    6649856 bytes,    9455760 total
: 102610K->10424K(109248K), 0,0090848 secs] 102610K->10424K(502464K), 0,0091595 secs] [Times: user=0,04 sys=0,00, real=0,00 secs] 
Heap after GC invocations=6 (full 1):
 par new generation   total 109248K, used 10424K [0x00000000e0000000, 0x00000000e8000000, 0x00000000e8000000)
  eden space 87424K,   0% used [0x00000000e0000000, 0x00000000e0000000, 0x00000000e5560000)
  from space 21824K,  47% used [0x00000000e5560000, 0x00000000e5f8e340, 0x00000000e6ab0000)
  to   space 21824K,   0% used [0x00000000e6ab0000, 0x00000000e6ab0000, 0x00000000e8000000)
 concurrent mark-sweep generation total 393216K, used 0K [0x00000000e8000000, 0x0000000100000000, 0x0000000100000000)
 Metaspace       used 21346K, capacity 21686K, committed 22012K, reserved 1069056K
  class space    used 2468K, capacity 2642K, committed 2736K, reserved 1048576K
}
2017-05-19T09:08:50.832+0200: 3,103: Total time for which application threads were stopped: 0,0094286 seconds, Stopping threads took: 0,0001196 seconds
2017-05-19T09:08:50.862+0200: 3,132: Total time for which application threads were stopped: 0,0002954 seconds, Stopping threads took: 0,0000246 seconds
2017-05-19T09:08:51.092+0200: 3,363: Total time for which application threads were stopped: 0,0005145 seconds, Stopping threads took: 0,0000409 seconds
2017-05-19T09:08:51.109+0200: 3,379: Total time for which application threads were stopped: 0,0003939 seconds, Stopping threads took: 0,0000565 seconds
{Heap before GC invocations=6 (full 1):
 par new generation   total 109248K, used 97848K [0x00000000e0000000, 0x00000000e8000000, 0x00000000e8000000)
  eden space 87424K, 100% used [0x00000000e0000000, 0x00000000e5560000, 0x00000000e5560000)
  from space 21824K,  47% used [0x00000000e5560000, 0x00000000e5f8e340, 0x00000000e6ab0000)
  to   space 21824K,   0% used [0x00000000e6ab0000, 0x00000000e6ab0000, 0x00000000e8000000)
 concurrent mark-sweep generation total 393216K, used 0K [0x00000000e8000000, 0x0000000100000000, 0x0000000100000000)
 Metaspace       used 23732K, capacity 24184K, committed 24240K, reserved 1071104K
  class space    used 2790K, capacity 2985K, committed 2992K, reserved 1048576K
2017-05-19T09:08:51.298+0200: 3,568: [GC (Allocation Failure) 2017-05-19T09:08:51.298+0200: 3,568: [ParNew
Desired survivor size 20112992 bytes, new threshold 8 (max 8)
- age   1:    5184976 bytes,    5184976 total
- age   2:     125400 bytes,    5310376 total
- age   3:       3256 bytes,    5313632 total
- age   4:     180920 bytes,    5494552 total
- age   5:     287696 bytes,    5782248 total
- age   6:     801264 bytes,    6583512 total
- age   7:    6641480 bytes,   13224992 total
: 97848K->18188K(109248K), 0,0171374 secs] 97848K->18188K(502464K), 0,0172245 secs] [Times: user=0,07 sys=0,00, real=0,02 secs] 
Heap after GC invocations=7 (full 1):
 par new generation   total 109248K, used 18188K [0x00000000e0000000, 0x00000000e8000000, 0x00000000e8000000)
  eden space 87424K,   0% used [0x00000000e0000000, 0x00000000e0000000, 0x00000000e5560000)
  from space 21824K,  83% used [0x00000000e6ab0000, 0x00000000e7c730e8, 0x00000000e8000000)
  to   space 21824K,   0% used [0x00000000e5560000, 0x00000000e5560000, 0x00000000e6ab0000)
 concurrent mark-sweep generation total 393216K, used 0K [0x00000000e8000000, 0x0000000100000000, 0x0000000100000000)
 Metaspace       used 23732K, capacity 24184K, committed 24240K, reserved 1071104K
  class space    used 2790K, capacity 2985K, committed 2992K, reserved 1048576K
}
2017-05-19T09:08:51.315+0200: 3,586: Total time for which application threads were stopped: 0,0175453 seconds, Stopping threads took: 0,0000617 seconds
{Heap before GC invocations=7 (full 1):
 par new generation   total 109248K, used 105612K [0x00000000e0000000, 0x00000000e8000000, 0x00000000e8000000)
  eden space 87424K, 100% used [0x00000000e0000000, 0x00000000e5560000, 0x00000000e5560000)
  from space 21824K,  83% used [0x00000000e6ab0000, 0x00000000e7c730e8, 0x00000000e8000000)
  to   space 21824K,   0% used [0x00000000e5560000, 0x00000000e5560000, 0x00000000e6ab0000)
 concurrent mark-sweep generation total 393216K, used 0K [0x00000000e8000000, 0x0000000100000000, 0x0000000100000000)
 Metaspace       used 24181K, capacity 24696K, committed 24880K, reserved 1071104K
  class space    used 2842K, capacity 3049K, committed 3120K, reserved 1048576K
2017-05-19T09:08:51.434+0200: 3,705: [GC (Allocation Failure) 2017-05-19T09:08:51.435+0200: 3,705: [ParNew
Desired survivor size 20112992 bytes, new threshold 8 (max 8)
- age   1:    2006024 bytes,    2006024 total
- age   2:    1774576 bytes,    3780600 total
- age   3:      58704 bytes,    3839304 total
- age   4:       1152 bytes,    3840456 total
- age   5:     103640 bytes,    3944096 total
- age   6:     190112 bytes,    4134208 total
- age   7:     759800 bytes,    4894008 total
- age   8:    6109288 bytes,   11003296 total
: 105612K->13728K(109248K), 0,0313821 secs] 105612K->13728K(502464K), 0,0314904 secs] [Times: user=0,06 sys=0,00, real=0,03 secs] 
Heap after GC invocations=8 (full 1):
 par new generation   total 109248K, used 13728K [0x00000000e0000000, 0x00000000e8000000, 0x00000000e8000000)
  eden space 87424K,   0% used [0x00000000e0000000, 0x00000000e0000000, 0x00000000e5560000)
  from space 21824K,  62% used [0x00000000e5560000, 0x00000000e62c8000, 0x00000000e6ab0000)
  to   space 21824K,   0% used [0x00000000e6ab0000, 0x00000000e6ab0000, 0x00000000e8000000)
 concurrent mark-sweep generation total 393216K, used 0K [0x00000000e8000000, 0x0000000100000000, 0x0000000100000000)
 Metaspace       used 24181K, capacity 24696K, committed 24880K, reserved 1071104K
  class space    used 2842K, capacity 3049K, committed 3120K, reserved 1048576K
}
2017-05-19T09:08:51.466+0200: 3,736: Total time for which application threads were stopped: 0,0318590 seconds, Stopping threads took: 0,0001684 seconds
{Heap before GC invocations=8 (full 1):
 par new generation   total 109248K, used 101152K [0x00000000e0000000, 0x00000000e8000000, 0x00000000e8000000)
  eden space 87424K, 100% used [0x00000000e0000000, 0x00000000e5560000, 0x00000000e5560000)
  from space 21824K,  62% used [0x00000000e5560000, 0x00000000e62c8000, 0x00000000e6ab0000)
  to   space 21824K,   0% used [0x00000000e6ab0000, 0x00000000e6ab0000, 0x00000000e8000000)
 concurrent mark-sweep generation total 393216K, used 0K [0x00000000e8000000, 0x0000000100000000, 0x0000000100000000)
 Metaspace       used 24520K, capacity 24990K, committed 25136K, reserved 1071104K
  class space    used 2867K, capacity 3056K, committed 3120K, reserved 1048576K
2017-05-19T09:08:51.593+0200: 3,863: [GC (Allocation Failure) 2017-05-19T09:08:51.593+0200: 3,863: [ParNew
Desired survivor size 20112992 bytes, new threshold 8 (max 8)
- age   1:     832376 bytes,     832376 total
- age   2:     586424 bytes,    1418800 total
- age   3:    1750216 bytes,    3169016 total
- age   4:      58704 bytes,    3227720 total
- age   5:       1152 bytes,    3228872 total
- age   6:     103432 bytes,    3332304 total
- age   7:     190112 bytes,    3522416 total
- age   8:     759800 bytes,    4282216 total
: 101152K->9773K(109248K), 0,0270809 secs] 101152K->15819K(502464K), 0,0271405 secs] [Times: user=0,10 sys=0,00, real=0,03 secs] 
Heap after GC invocations=9 (full 1):
 par new generation   total 109248K, used 9773K [0x00000000e0000000, 0x00000000e8000000, 0x00000000e8000000)
  eden space 87424K,   0% used [0x00000000e0000000, 0x00000000e0000000, 0x00000000e5560000)
  from space 21824K,  44% used [0x00000000e6ab0000, 0x00000000e743b620, 0x00000000e8000000)
  to   space 21824K,   0% used [0x00000000e5560000, 0x00000000e5560000, 0x00000000e6ab0000)
 concurrent mark-sweep generation total 393216K, used 6046K [0x00000000e8000000, 0x0000000100000000, 0x0000000100000000)
 Metaspace       used 24520K, capacity 24990K, committed 25136K, reserved 1071104K
  class space    used 2867K, capacity 3056K, committed 3120K, reserved 1048576K
}
2017-05-19T09:08:51.620+0200: 3,890: Total time for which application threads were stopped: 0,0273729 seconds, Stopping threads took: 0,0000765 seconds
2017-05-19T09:08:51.782+0200: 4,052: Total time for which application threads were stopped: 0,0004368 seconds, Stopping threads took: 0,0000634 seconds
2017-05-19T09:08:51.785+0200: 4,055: Total time for which application threads were stopped: 0,0001423 seconds, Stopping threads took: 0,0000310 seconds
2017-05-19T09:08:51.785+0200: 4,055: Total time for which application threads were stopped: 0,0000664 seconds, Stopping threads took: 0,0000094 seconds
2017-05-19T09:08:51.785+0200: 4,055: Total time for which application threads were stopped: 0,0000763 seconds, Stopping threads took: 0,0000093 seconds
2017-05-19T09:08:51.785+0200: 4,055: Total time for which application threads were stopped: 0,0000786 seconds, Stopping threads took: 0,0000223 seconds
2017-05-19T09:08:51.785+0200: 4,055: Total time for which application threads were stopped: 0,0000727 seconds, Stopping threads took: 0,0000189 seconds
2017-05-19T09:08:51.786+0200: 4,056: Total time for which application threads were stopped: 0,0000775 seconds, Stopping threads took: 0,0000118 seconds
2017-05-19T09:08:51.786+0200: 4,056: Total time for which application threads were stopped: 0,0000633 seconds, Stopping threads took: 0,0000087 seconds
2017-05-19T09:08:51.786+0200: 4,056: Total time for which application threads were stopped: 0,0000672 seconds, Stopping threads took: 0,0000098 seconds
2017-05-19T09:08:51.786+0200: 4,056: Total time for which application threads were stopped: 0,0000673 seconds, Stopping threads took: 0,0000092 seconds
2017-05-19T09:08:51.786+0200: 4,056: Total time for which application threads were stopped: 0,0000898 seconds, Stopping threads took: 0,0000187 seconds
2017-05-19T09:08:51.786+0200: 4,056: Total time for which application threads were stopped: 0,0000532 seconds, Stopping threads took: 0,0000116 seconds
2017-05-19T09:08:51.786+0200: 4,056: Total time for which application threads were stopped: 0,0000505 seconds, Stopping threads took: 0,0000154 seconds
2017-05-19T09:08:51.786+0200: 4,057: Total time for which application threads were stopped: 0,0000448 seconds, Stopping threads took: 0,0000104 seconds
2017-05-19T09:08:51.786+0200: 4,057: Total time for which application threads were stopped: 0,0000477 seconds, Stopping threads took: 0,0000088 seconds
2017-05-19T09:08:51.786+0200: 4,057: Total time for which application threads were stopped: 0,0000479 seconds, Stopping threads took: 0,0000127 seconds
2017-05-19T09:08:51.787+0200: 4,057: Total time for which application threads were stopped: 0,0000512 seconds, Stopping threads took: 0,0000105 seconds
2017-05-19T09:08:51.787+0200: 4,057: Total time for which application threads were stopped: 0,0000449 seconds, Stopping threads took: 0,0000080 seconds
2017-05-19T09:08:51.787+0200: 4,057: Total time for which application threads were stopped: 0,0000510 seconds, Stopping threads took: 0,0000152 seconds
2017-05-19T09:08:51.787+0200: 4,057: Total time for which application threads were stopped: 0,0000428 seconds, Stopping threads took: 0,0000081 seconds
2017-05-19T09:08:51.787+0200: 4,057: Total time for which application threads were stopped: 0,0001098 seconds, Stopping threads took: 0,0000080 seconds
2017-05-19T09:08:51.788+0200: 4,058: Total time for which application threads were stopped: 0,0000774 seconds, Stopping threads took: 0,0000198 seconds
2017-05-19T09:08:51.788+0200: 4,058: Total time for which application threads were stopped: 0,0000589 seconds, Stopping threads took: 0,0000118 seconds
2017-05-19T09:08:51.788+0200: 4,058: Total time for which application threads were stopped: 0,0000602 seconds, Stopping threads took: 0,0000118 seconds
2017-05-19T09:08:51.788+0200: 4,058: Total time for which application threads were stopped: 0,0000504 seconds, Stopping threads took: 0,0000129 seconds
2017-05-19T09:08:51.788+0200: 4,059: Total time for which application threads were stopped: 0,0000462 seconds, Stopping threads took: 0,0000096 seconds
2017-05-19T09:08:51.788+0200: 4,059: Total time for which application threads were stopped: 0,0000575 seconds, Stopping threads took: 0,0000141 seconds
2017-05-19T09:08:51.790+0200: 4,060: Total time for which application threads were stopped: 0,0001089 seconds, Stopping threads took: 0,0000305 seconds
2017-05-19T09:08:51.790+0200: 4,061: Total time for which application threads were stopped: 0,0000877 seconds, Stopping threads took: 0,0000201 seconds
2017-05-19T09:08:51.791+0200: 4,061: Total time for which application threads were stopped: 0,0000658 seconds, Stopping threads took: 0,0000153 seconds
2017-05-19T09:08:51.791+0200: 4,061: Total time for which application threads were stopped: 0,0000738 seconds, Stopping threads took: 0,0000243 seconds
2017-05-19T09:08:51.791+0200: 4,061: Total time for which application threads were stopped: 0,0000759 seconds, Stopping threads took: 0,0000203 seconds
2017-05-19T09:08:51.791+0200: 4,061: Total time for which application threads were stopped: 0,0000598 seconds, Stopping threads took: 0,0000150 seconds
2017-05-19T09:08:51.791+0200: 4,061: Total time for which application threads were stopped: 0,0000657 seconds, Stopping threads took: 0,0000152 seconds
2017-05-19T09:08:51.791+0200: 4,062: Total time for which application threads were stopped: 0,0000553 seconds, Stopping threads took: 0,0000187 seconds
2017-05-19T09:08:51.791+0200: 4,062: Total time for which application threads were stopped: 0,0000574 seconds, Stopping threads took: 0,0000151 seconds
2017-05-19T09:08:51.792+0200: 4,062: Total time for which application threads were stopped: 0,0000697 seconds, Stopping threads took: 0,0000200 seconds
2017-05-19T09:08:51.794+0200: 4,064: Total time for which application threads were stopped: 0,0001384 seconds, Stopping threads took: 0,0000264 seconds
2017-05-19T09:08:51.794+0200: 4,064: Total time for which application threads were stopped: 0,0001330 seconds, Stopping threads took: 0,0000675 seconds
2017-05-19T09:08:51.794+0200: 4,065: Total time for which application threads were stopped: 0,0000738 seconds, Stopping threads took: 0,0000251 seconds
2017-05-19T09:08:51.794+0200: 4,065: Total time for which application threads were stopped: 0,0001429 seconds, Stopping threads took: 0,0000210 seconds
2017-05-19T09:08:51.805+0200: 4,075: Total time for which application threads were stopped: 0,0001464 seconds, Stopping threads took: 0,0000435 seconds
2017-05-19T09:08:51.826+0200: 4,096: Total time for which application threads were stopped: 0,0014322 seconds, Stopping threads took: 0,0013346 seconds
2017-05-19T09:08:51.846+0200: 4,116: Total time for which application threads were stopped: 0,0027035 seconds, Stopping threads took: 0,0025780 seconds
2017-05-19T09:08:51.851+0200: 4,121: Total time for which application threads were stopped: 0,0003242 seconds, Stopping threads took: 0,0002250 seconds
2017-05-19T09:08:51.851+0200: 4,121: Total time for which application threads were stopped: 0,0000921 seconds, Stopping threads took: 0,0000169 seconds
2017-05-19T09:08:51.878+0200: 4,148: Total time for which application threads were stopped: 0,0001563 seconds, Stopping threads took: 0,0000508 seconds
2017-05-19T09:08:51.888+0200: 4,158: Total time for which application threads were stopped: 0,0001100 seconds, Stopping threads took: 0,0000255 seconds
2017-05-19T09:08:51.900+0200: 4,171: Total time for which application threads were stopped: 0,0001486 seconds, Stopping threads took: 0,0000454 seconds
2017-05-19T09:08:51.948+0200: 4,218: Total time for which application threads were stopped: 0,0004840 seconds, Stopping threads took: 0,0000659 seconds
2017-05-19T09:08:51.965+0200: 4,235: Total time for which application threads were stopped: 0,0004784 seconds, Stopping threads took: 0,0000373 seconds
2017-05-19T09:08:52.028+0200: 4,299: Total time for which application threads were stopped: 0,0005778 seconds, Stopping threads took: 0,0001634 seconds
2017-05-19T09:08:52.030+0200: 4,300: Total time for which application threads were stopped: 0,0001326 seconds, Stopping threads took: 0,0000437 seconds
2017-05-19T09:08:52.030+0200: 4,301: Total time for which application threads were stopped: 0,0000925 seconds, Stopping threads took: 0,0000282 seconds
2017-05-19T09:08:52.031+0200: 4,301: Total time for which application threads were stopped: 0,0000938 seconds, Stopping threads took: 0,0000272 seconds
2017-05-19T09:08:52.059+0200: 4,329: Total time for which application threads were stopped: 0,0001442 seconds, Stopping threads took: 0,0000623 seconds
2017-05-19T09:08:52.062+0200: 4,332: Total time for which application threads were stopped: 0,0001461 seconds, Stopping threads took: 0,0000538 seconds
2017-05-19T09:08:52.063+0200: 4,333: Total time for which application threads were stopped: 0,0001526 seconds, Stopping threads took: 0,0000420 seconds
2017-05-19T09:08:52.071+0200: 4,341: Total time for which application threads were stopped: 0,0001898 seconds, Stopping threads took: 0,0001041 seconds
2017-05-19T09:08:52.071+0200: 4,342: Total time for which application threads were stopped: 0,0001223 seconds, Stopping threads took: 0,0000383 seconds
2017-05-19T09:08:52.076+0200: 4,346: Total time for which application threads were stopped: 0,0001259 seconds, Stopping threads took: 0,0000373 seconds
2017-05-19T09:08:52.080+0200: 4,351: Total time for which application threads were stopped: 0,0001294 seconds, Stopping threads took: 0,0000424 seconds
2017-05-19T09:08:52.092+0200: 4,363: Total time for which application threads were stopped: 0,0002736 seconds, Stopping threads took: 0,0001934 seconds
2017-05-19T09:08:52.099+0200: 4,369: Total time for which application threads were stopped: 0,0001989 seconds, Stopping threads took: 0,0000395 seconds
2017-05-19T09:08:52.108+0200: 4,378: Total time for which application threads were stopped: 0,0060778 seconds, Stopping threads took: 0,0059615 seconds
2017-05-19T09:08:52.113+0200: 4,383: Total time for which application threads were stopped: 0,0003421 seconds, Stopping threads took: 0,0002328 seconds
2017-05-19T09:08:52.125+0200: 4,395: Total time for which application threads were stopped: 0,0001318 seconds, Stopping threads took: 0,0000354 seconds
2017-05-19T09:08:52.161+0200: 4,431: Total time for which application threads were stopped: 0,0004939 seconds, Stopping threads took: 0,0000464 seconds
2017-05-19T09:08:52.168+0200: 4,438: Total time for which application threads were stopped: 0,0001048 seconds, Stopping threads took: 0,0000438 seconds
{Heap before GC invocations=9 (full 1):
 par new generation   total 109248K, used 97197K [0x00000000e0000000, 0x00000000e8000000, 0x00000000e8000000)
  eden space 87424K, 100% used [0x00000000e0000000, 0x00000000e5560000, 0x00000000e5560000)
  from space 21824K,  44% used [0x00000000e6ab0000, 0x00000000e743b620, 0x00000000e8000000)
  to   space 21824K,   0% used [0x00000000e5560000, 0x00000000e5560000, 0x00000000e6ab0000)
 concurrent mark-sweep generation total 393216K, used 6046K [0x00000000e8000000, 0x0000000100000000, 0x0000000100000000)
 Metaspace       used 27802K, capacity 28358K, committed 28464K, reserved 1075200K
  class space    used 3183K, capacity 3364K, committed 3376K, reserved 1048576K
2017-05-19T09:08:52.169+0200: 4,440: [GC (Allocation Failure) 2017-05-19T09:08:52.169+0200: 4,440: [ParNew
Desired survivor size 20112992 bytes, new threshold 8 (max 8)
- age   1:   10983800 bytes,   10983800 total
- age   2:     371200 bytes,   11355000 total
- age   3:     196136 bytes,   11551136 total
- age   4:    1743680 bytes,   13294816 total
- age   5:      56256 bytes,   13351072 total
- age   6:       1152 bytes,   13352224 total
- age   7:     103144 bytes,   13455368 total
- age   8:     186720 bytes,   13642088 total
: 97197K->14970K(109248K), 0,0228955 secs] 103243K->21845K(502464K), 0,0229774 secs] [Times: user=0,06 sys=0,00, real=0,02 secs] 
Heap after GC invocations=10 (full 1):
 par new generation   total 109248K, used 14970K [0x00000000e0000000, 0x00000000e8000000, 0x00000000e8000000)
  eden space 87424K,   0% used [0x00000000e0000000, 0x00000000e0000000, 0x00000000e5560000)
  from space 21824K,  68% used [0x00000000e5560000, 0x00000000e63feab0, 0x00000000e6ab0000)
  to   space 21824K,   0% used [0x00000000e6ab0000, 0x00000000e6ab0000, 0x00000000e8000000)
 concurrent mark-sweep generation total 393216K, used 6874K [0x00000000e8000000, 0x0000000100000000, 0x0000000100000000)
 Metaspace       used 27802K, capacity 28358K, committed 28464K, reserved 1075200K
  class space    used 3183K, capacity 3364K, committed 3376K, reserved 1048576K
}
2017-05-19T09:08:52.192+0200: 4,463: Total time for which application threads were stopped: 0,0231591 seconds, Stopping threads took: 0,0000331 seconds
2017-05-19T09:08:52.197+0200: 4,467: Total time for which application threads were stopped: 0,0001966 seconds, Stopping threads took: 0,0001263 seconds
2017-05-19T09:08:52.197+0200: 4,467: Total time for which application threads were stopped: 0,0001534 seconds, Stopping threads took: 0,0001023 seconds
2017-05-19T09:08:53.197+0200: 5,468: Total time for which application threads were stopped: 0,0000762 seconds, Stopping threads took: 0,0000164 seconds
2017-05-19T09:10:44.403+0200: 117,481: Total time for which application threads were stopped: 0,0005908 seconds, Stopping threads took: 0,0002236 seconds
2017-05-19T09:10:49.404+0200: 122,482: Total time for which application threads were stopped: 0,0000701 seconds, Stopping threads took: 0,0000186 seconds
2017-05-19T09:32:13.564+0200: 1406,642: Total time for which application threads were stopped: 0,0000880 seconds, Stopping threads took: 0,0000341 seconds
2017-05-19T09:36:18.596+0200: 1651,674: Total time for which application threads were stopped: 0,0000856 seconds, Stopping threads took: 0,0000314 seconds
2017-05-19T09:36:23.597+0200: 1656,675: Total time for which application threads were stopped: 0,0000669 seconds, Stopping threads took: 0,0000145 seconds
2017-05-19T09:47:08.684+0200: 2301,762: Total time for which application threads were stopped: 0,0000772 seconds, Stopping threads took: 0,0000304 seconds
2017-05-19T09:47:09.684+0200: 2302,762: Total time for which application threads were stopped: 0,0001830 seconds, Stopping threads took: 0,0000709 seconds
2017-05-19T10:02:04.788+0200: 3197,866: Total time for which application threads were stopped: 0,0000967 seconds, Stopping threads took: 0,0000366 seconds
2017-05-19T10:14:58.876+0200: 3971,954: Total time for which application threads were stopped: 0,0000782 seconds, Stopping threads took: 0,0000316 seconds
2017-05-19T10:15:08.877+0200: 3981,955: Total time for which application threads were stopped: 0,0000791 seconds, Stopping threads took: 0,0000298 seconds
2017-05-19T10:27:24.964+0200: 4718,042: Total time for which application threads were stopped: 0,0001569 seconds, Stopping threads took: 0,0000561 seconds
2017-05-19T10:27:34.965+0200: 4728,043: Total time for which application threads were stopped: 0,0000615 seconds, Stopping threads took: 0,0000149 seconds
2017-05-19T10:53:09.176+0200: 6262,254: Total time for which application threads were stopped: 0,0000881 seconds, Stopping threads took: 0,0000355 seconds
2017-05-19T10:57:57.495+0200: 6550,573: Total time for which application threads were stopped: 0,0001090 seconds, Stopping threads took: 0,0000263 seconds
2017-05-19T10:57:57.504+0200: 6550,581: Total time for which application threads were stopped: 0,0001053 seconds, Stopping threads took: 0,0000206 seconds
2017-05-19T10:57:57.511+0200: 6550,589: Total time for which application threads were stopped: 0,0001096 seconds, Stopping threads took: 0,0000298 seconds
2017-05-19T10:57:57.513+0200: 6550,591: Total time for which application threads were stopped: 0,0000982 seconds, Stopping threads took: 0,0000352 seconds
2017-05-19T10:57:57.529+0200: 6550,607: Total time for which application threads were stopped: 0,0001717 seconds, Stopping threads took: 0,0000436 seconds
2017-05-19T10:57:57.530+0200: 6550,608: Total time for which application threads were stopped: 0,0001882 seconds, Stopping threads took: 0,0000391 seconds
2017-05-19T10:57:57.540+0200: 6550,618: Total time for which application threads were stopped: 0,0091290 seconds, Stopping threads took: 0,0090330 seconds
2017-05-19T10:57:57.540+0200: 6550,618: Total time for which application threads were stopped: 0,0000642 seconds, Stopping threads took: 0,0000182 seconds
2017-05-19T10:57:57.540+0200: 6550,618: Total time for which application threads were stopped: 0,0000481 seconds, Stopping threads took: 0,0000124 seconds
2017-05-19T10:57:57.540+0200: 6550,618: Total time for which application threads were stopped: 0,0000500 seconds, Stopping threads took: 0,0000149 seconds
2017-05-19T10:57:57.540+0200: 6550,618: Total time for which application threads were stopped: 0,0000457 seconds, Stopping threads took: 0,0000120 seconds
2017-05-19T10:57:57.540+0200: 6550,618: Total time for which application threads were stopped: 0,0000442 seconds, Stopping threads took: 0,0000120 seconds
2017-05-19T10:57:57.541+0200: 6550,618: Total time for which application threads were stopped: 0,0000511 seconds, Stopping threads took: 0,0000133 seconds
2017-05-19T10:57:57.541+0200: 6550,619: Total time for which application threads were stopped: 0,0000444 seconds, Stopping threads took: 0,0000120 seconds
2017-05-19T10:57:57.541+0200: 6550,619: Total time for which application threads were stopped: 0,0000473 seconds, Stopping threads took: 0,0000142 seconds
2017-05-19T10:57:57.541+0200: 6550,619: Total time for which application threads were stopped: 0,0000329 seconds, Stopping threads took: 0,0000044 seconds
2017-05-19T10:57:57.541+0200: 6550,619: Total time for which application threads were stopped: 0,0000447 seconds, Stopping threads took: 0,0000127 seconds
2017-05-19T10:57:57.541+0200: 6550,619: Total time for which application threads were stopped: 0,0000457 seconds, Stopping threads took: 0,0000122 seconds
2017-05-19T10:57:57.541+0200: 6550,619: Total time for which application threads were stopped: 0,0000423 seconds, Stopping threads took: 0,0000111 seconds
2017-05-19T10:57:57.541+0200: 6550,619: Total time for which application threads were stopped: 0,0000403 seconds, Stopping threads took: 0,0000113 seconds
2017-05-19T10:57:57.542+0200: 6550,620: Total time for which application threads were stopped: 0,0000952 seconds, Stopping threads took: 0,0000303 seconds
2017-05-19T10:57:57.565+0200: 6550,643: Total time for which application threads were stopped: 0,0063228 seconds, Stopping threads took: 0,0062453 seconds
2017-05-19T10:57:57.566+0200: 6550,644: Total time for which application threads were stopped: 0,0001236 seconds, Stopping threads took: 0,0000573 seconds
2017-05-19T10:57:57.575+0200: 6550,655: Total time for which application threads were stopped: 0,0024036 seconds, Stopping threads took: 0,0000403 seconds
2017-05-19T10:57:57.577+0200: 6550,655: Total time for which application threads were stopped: 0,0000965 seconds, Stopping threads took: 0,0000205 seconds
2017-05-19T10:57:57.578+0200: 6550,655: Total time for which application threads were stopped: 0,0000605 seconds, Stopping threads took: 0,0000171 seconds
2017-05-19T10:57:57.578+0200: 6550,655: Total time for which application threads were stopped: 0,0000795 seconds, Stopping threads took: 0,0000376 seconds
2017-05-19T10:57:57.588+0200: 6550,665: Total time for which application threads were stopped: 0,0051624 seconds, Stopping threads took: 0,0050652 seconds
2017-05-19T10:57:57.593+0200: 6550,671: Total time for which application threads were stopped: 0,0001157 seconds, Stopping threads took: 0,0000447 seconds
2017-05-19T10:57:57.593+0200: 6550,671: Total time for which application threads were stopped: 0,0000492 seconds, Stopping threads took: 0,0000142 seconds
2017-05-19T10:57:57.594+0200: 6550,671: Total time for which application threads were stopped: 0,0000437 seconds, Stopping threads took: 0,0000129 seconds
2017-05-19T10:57:57.594+0200: 6550,671: Total time for which application threads were stopped: 0,0000431 seconds, Stopping threads took: 0,0000119 seconds
2017-05-19T10:57:57.594+0200: 6550,671: Total time for which application threads were stopped: 0,0000456 seconds, Stopping threads took: 0,0000139 seconds
2017-05-19T10:57:57.595+0200: 6550,673: Total time for which application threads were stopped: 0,0000888 seconds, Stopping threads took: 0,0000278 seconds
2017-05-19T10:57:57.595+0200: 6550,673: Total time for which application threads were stopped: 0,0000518 seconds, Stopping threads took: 0,0000158 seconds
2017-05-19T10:57:57.595+0200: 6550,673: Total time for which application threads were stopped: 0,0000646 seconds, Stopping threads took: 0,0000166 seconds
2017-05-19T10:57:57.596+0200: 6550,673: Total time for which application threads were stopped: 0,0000911 seconds, Stopping threads took: 0,0000358 seconds
2017-05-19T10:57:57.597+0200: 6550,674: Total time for which application threads were stopped: 0,0000958 seconds, Stopping threads took: 0,0000256 seconds
2017-05-19T10:57:57.598+0200: 6550,675: Total time for which application threads were stopped: 0,0010040 seconds, Stopping threads took: 0,0009290 seconds
2017-05-19T10:57:57.598+0200: 6550,676: Total time for which application threads were stopped: 0,0000873 seconds, Stopping threads took: 0,0000267 seconds
2017-05-19T10:57:57.598+0200: 6550,676: Total time for which application threads were stopped: 0,0000588 seconds, Stopping threads took: 0,0000167 seconds
2017-05-19T10:57:57.598+0200: 6550,676: Total time for which application threads were stopped: 0,0000681 seconds, Stopping threads took: 0,0000162 seconds
2017-05-19T10:57:57.603+0200: 6550,680: Total time for which application threads were stopped: 0,0001085 seconds, Stopping threads took: 0,0000386 seconds
2017-05-19T10:57:57.603+0200: 6550,681: Total time for which application threads were stopped: 0,0000481 seconds, Stopping threads took: 0,0000135 seconds
2017-05-19T10:57:57.604+0200: 6550,681: Total time for which application threads were stopped: 0,0001852 seconds, Stopping threads took: 0,0001268 seconds
2017-05-19T10:57:57.611+0200: 6550,688: Total time for which application threads were stopped: 0,0040129 seconds, Stopping threads took: 0,0039503 seconds
2017-05-19T10:57:57.611+0200: 6550,688: Total time for which application threads were stopped: 0,0000497 seconds, Stopping threads took: 0,0000224 seconds
2017-05-19T10:57:57.611+0200: 6550,688: Total time for which application threads were stopped: 0,0000399 seconds, Stopping threads took: 0,0000185 seconds
2017-05-19T10:57:57.612+0200: 6550,689: Total time for which application threads were stopped: 0,0000939 seconds, Stopping threads took: 0,0000331 seconds
2017-05-19T10:57:57.612+0200: 6550,690: Total time for which application threads were stopped: 0,0000595 seconds, Stopping threads took: 0,0000301 seconds
2017-05-19T10:57:57.612+0200: 6550,690: Total time for which application threads were stopped: 0,0000661 seconds, Stopping threads took: 0,0000222 seconds
2017-05-19T10:57:57.613+0200: 6550,690: Total time for which application threads were stopped: 0,0000787 seconds, Stopping threads took: 0,0000343 seconds
2017-05-19T10:57:57.613+0200: 6550,690: Total time for which application threads were stopped: 0,0000453 seconds, Stopping threads took: 0,0000197 seconds
2017-05-19T10:57:57.616+0200: 6550,694: Total time for which application threads were stopped: 0,0002645 seconds, Stopping threads took: 0,0002038 seconds
2017-05-19T10:57:57.616+0200: 6550,694: Total time for which application threads were stopped: 0,0000546 seconds, Stopping threads took: 0,0000214 seconds
2017-05-19T10:57:57.616+0200: 6550,694: Total time for which application threads were stopped: 0,0000493 seconds, Stopping threads took: 0,0000226 seconds
2017-05-19T10:57:57.617+0200: 6550,694: Total time for which application threads were stopped: 0,0000303 seconds, Stopping threads took: 0,0000093 seconds
2017-05-19T10:57:57.618+0200: 6550,696: Total time for which application threads were stopped: 0,0000818 seconds, Stopping threads took: 0,0000160 seconds
2017-05-19T10:57:57.621+0200: 6550,699: Total time for which application threads were stopped: 0,0029137 seconds, Stopping threads took: 0,0028471 seconds
2017-05-19T10:57:57.621+0200: 6550,699: Total time for which application threads were stopped: 0,0001018 seconds, Stopping threads took: 0,0000602 seconds
2017-05-19T10:57:57.622+0200: 6550,699: Total time for which application threads were stopped: 0,0000852 seconds, Stopping threads took: 0,0000249 seconds
2017-05-19T10:57:57.622+0200: 6550,700: Total time for which application threads were stopped: 0,0000596 seconds, Stopping threads took: 0,0000205 seconds
2017-05-19T10:57:57.623+0200: 6550,701: Total time for which application threads were stopped: 0,0000706 seconds, Stopping threads took: 0,0000156 seconds
2017-05-19T10:57:57.623+0200: 6550,701: Total time for which application threads were stopped: 0,0000425 seconds, Stopping threads took: 0,0000113 seconds
2017-05-19T10:57:57.623+0200: 6550,701: Total time for which application threads were stopped: 0,0000468 seconds, Stopping threads took: 0,0000158 seconds
2017-05-19T10:57:57.623+0200: 6550,701: Total time for which application threads were stopped: 0,0000610 seconds, Stopping threads took: 0,0000216 seconds
2017-05-19T10:57:57.625+0200: 6550,702: Total time for which application threads were stopped: 0,0001169 seconds, Stopping threads took: 0,0000236 seconds
2017-05-19T10:57:57.625+0200: 6550,703: Total time for which application threads were stopped: 0,0000531 seconds, Stopping threads took: 0,0000154 seconds
2017-05-19T10:57:57.625+0200: 6550,703: Total time for which application threads were stopped: 0,0001371 seconds, Stopping threads took: 0,0000128 seconds
2017-05-19T10:57:57.626+0200: 6550,704: Total time for which application threads were stopped: 0,0000742 seconds, Stopping threads took: 0,0000218 seconds
2017-05-19T10:57:57.629+0200: 6550,707: Total time for which application threads were stopped: 0,0024825 seconds, Stopping threads took: 0,0000318 seconds
2017-05-19T10:57:57.631+0200: 6550,709: Total time for which application threads were stopped: 0,0000981 seconds, Stopping threads took: 0,0000316 seconds
2017-05-19T10:57:57.632+0200: 6550,709: Total time for which application threads were stopped: 0,0005756 seconds, Stopping threads took: 0,0004942 seconds
Heap
 par new generation   total 109248K, used 42891K [0x00000000e0000000, 0x00000000e8000000, 0x00000000e8000000)
  eden space 87424K,  31% used [0x00000000e0000000, 0x00000000e1b44210, 0x00000000e5560000)
  from space 21824K,  68% used [0x00000000e5560000, 0x00000000e63feab0, 0x00000000e6ab0000)
  to   space 21824K,   0% used [0x00000000e6ab0000, 0x00000000e6ab0000, 0x00000000e8000000)
 concurrent mark-sweep generation total 393216K, used 6874K [0x00000000e8000000, 0x0000000100000000, 0x0000000100000000)
 Metaspace       used 28173K, capacity 28754K, committed 28848K, reserved 1075200K
  class space    used 3231K, capacity 3430K, committed 3504K, reserved 1048576K
