OpenJDK 64-Bit Server VM (25.121-b13) for linux-amd64 JRE (1.8.0_121-8u121-b13-0ubuntu1.16.04.2-b13), built on Jan 23 2017 15:51:29 by "buildd" with gcc 5.4.0 20160609
Memory: 4k page, physical 7867760k(7450560k free), swap 8076284k(8076284k free)
CommandLine flags: -XX:CMSInitiatingOccupancyFraction=50 -XX:CMSMaxAbortablePrecleanTime=6000 -XX:+CMSParallelRemarkEnabled -XX:+CMSScavengeBeforeRemark -XX:ConcGCThreads=4 -XX:InitialHeapSize=536870912 -XX:MaxHeapSize=536870912 -XX:MaxTenuringThreshold=8 -XX:NewRatio=3 -XX:OldPLABSize=16 -XX:OnOutOfMemoryError=/opt/solr/bin/oom_solr.sh 8983 /var/solr/logs -XX:ParallelGCThreads=4 -XX:+ParallelRefProcEnabled -XX:PretenureSizeThreshold=67108864 -XX:+PrintGC -XX:+PrintGCApplicationStoppedTime -XX:+PrintGCDateStamps -XX:+PrintGCDetails -XX:+PrintGCTimeStamps -XX:+PrintHeapAtGC -XX:+PrintTenuringDistribution -XX:SurvivorRatio=4 -XX:TargetSurvivorRatio=90 -XX:ThreadStackSize=256 -XX:+UseCMSInitiatingOccupancyOnly -XX:+UseCompressedClassPointers -XX:+UseCompressedOops -XX:+UseConcMarkSweepGC -XX:+UseParNewGC 
2017-03-28T09:31:13.598+0200: 0,128: Total time for which application threads were stopped: 0,0000785 seconds, Stopping threads took: 0,0000121 seconds
2017-03-28T09:31:13.712+0200: 0,243: Total time for which application threads were stopped: 0,0001477 seconds, Stopping threads took: 0,0000405 seconds
2017-03-28T09:31:13.735+0200: 0,265: Total time for which application threads were stopped: 0,0001159 seconds, Stopping threads took: 0,0000322 seconds
2017-03-28T09:31:13.940+0200: 0,471: Total time for which application threads were stopped: 0,0001125 seconds, Stopping threads took: 0,0000134 seconds
2017-03-28T09:31:14.323+0200: 0,854: Total time for which application threads were stopped: 0,0001808 seconds, Stopping threads took: 0,0000170 seconds
2017-03-28T09:31:14.384+0200: 0,915: Total time for which application threads were stopped: 0,0001350 seconds, Stopping threads took: 0,0000119 seconds
2017-03-28T09:31:14.421+0200: 0,951: Total time for which application threads were stopped: 0,0001779 seconds, Stopping threads took: 0,0000210 seconds
2017-03-28T09:31:14.757+0200: 1,287: Total time for which application threads were stopped: 0,0001689 seconds, Stopping threads took: 0,0000234 seconds
2017-03-28T09:31:14.991+0200: 1,521: Total time for which application threads were stopped: 0,0001996 seconds, Stopping threads took: 0,0000229 seconds
2017-03-28T09:31:15.011+0200: 1,542: Total time for which application threads were stopped: 0,0001512 seconds, Stopping threads took: 0,0000112 seconds
2017-03-28T09:31:15.046+0200: 1,576: Total time for which application threads were stopped: 0,0001848 seconds, Stopping threads took: 0,0000201 seconds
2017-03-28T09:31:15.047+0200: 1,577: Total time for which application threads were stopped: 0,0002471 seconds, Stopping threads took: 0,0000321 seconds
2017-03-28T09:31:15.067+0200: 1,597: Total time for which application threads were stopped: 0,0009894 seconds, Stopping threads took: 0,0002965 seconds
2017-03-28T09:31:15.177+0200: 1,708: Total time for which application threads were stopped: 0,0002229 seconds, Stopping threads took: 0,0000201 seconds
2017-03-28T09:31:15.367+0200: 1,898: Total time for which application threads were stopped: 0,0009308 seconds, Stopping threads took: 0,0006402 seconds
{Heap before GC invocations=0 (full 0):
 par new generation   total 109248K, used 87424K [0x00000000e0000000, 0x00000000e8000000, 0x00000000e8000000)
  eden space 87424K, 100% used [0x00000000e0000000, 0x00000000e5560000, 0x00000000e5560000)
  from space 21824K,   0% used [0x00000000e5560000, 0x00000000e5560000, 0x00000000e6ab0000)
  to   space 21824K,   0% used [0x00000000e6ab0000, 0x00000000e6ab0000, 0x00000000e8000000)
 concurrent mark-sweep generation total 393216K, used 0K [0x00000000e8000000, 0x0000000100000000, 0x0000000100000000)
 Metaspace       used 17780K, capacity 18112K, committed 18304K, reserved 1064960K
  class space    used 2024K, capacity 2164K, committed 2176K, reserved 1048576K
2017-03-28T09:31:15.398+0200: 1,928: [GC (Allocation Failure) 2017-03-28T09:31:15.398+0200: 1,928: [ParNew
Desired survivor size 20112992 bytes, new threshold 8 (max 8)
- age   1:   11505784 bytes,   11505784 total
: 87424K->11339K(109248K), 0,0142957 secs] 87424K->11339K(502464K), 0,0143679 secs] [Times: user=0,03 sys=0,01, real=0,02 secs] 
Heap after GC invocations=1 (full 0):
 par new generation   total 109248K, used 11339K [0x00000000e0000000, 0x00000000e8000000, 0x00000000e8000000)
  eden space 87424K,   0% used [0x00000000e0000000, 0x00000000e0000000, 0x00000000e5560000)
  from space 21824K,  51% used [0x00000000e6ab0000, 0x00000000e75c2ea8, 0x00000000e8000000)
  to   space 21824K,   0% used [0x00000000e5560000, 0x00000000e5560000, 0x00000000e6ab0000)
 concurrent mark-sweep generation total 393216K, used 0K [0x00000000e8000000, 0x0000000100000000, 0x0000000100000000)
 Metaspace       used 17780K, capacity 18112K, committed 18304K, reserved 1064960K
  class space    used 2024K, capacity 2164K, committed 2176K, reserved 1048576K
}
2017-03-28T09:31:15.412+0200: 1,943: Total time for which application threads were stopped: 0,0172775 seconds, Stopping threads took: 0,0027543 seconds
2017-03-28T09:31:15.778+0200: 2,308: Total time for which application threads were stopped: 0,0003374 seconds, Stopping threads took: 0,0000349 seconds
{Heap before GC invocations=1 (full 0):
 par new generation   total 109248K, used 98763K [0x00000000e0000000, 0x00000000e8000000, 0x00000000e8000000)
  eden space 87424K, 100% used [0x00000000e0000000, 0x00000000e5560000, 0x00000000e5560000)
  from space 21824K,  51% used [0x00000000e6ab0000, 0x00000000e75c2ea8, 0x00000000e8000000)
  to   space 21824K,   0% used [0x00000000e5560000, 0x00000000e5560000, 0x00000000e6ab0000)
 concurrent mark-sweep generation total 393216K, used 0K [0x00000000e8000000, 0x0000000100000000, 0x0000000100000000)
 Metaspace       used 20012K, capacity 20348K, committed 20736K, reserved 1067008K
  class space    used 2291K, capacity 2464K, committed 2560K, reserved 1048576K
2017-03-28T09:31:15.810+0200: 2,340: [GC (Allocation Failure) 2017-03-28T09:31:15.810+0200: 2,340: [ParNew
Desired survivor size 20112992 bytes, new threshold 8 (max 8)
- age   1:    4400400 bytes,    4400400 total
- age   2:    6076816 bytes,   10477216 total
: 98763K->16326K(109248K), 0,0188065 secs] 98763K->16326K(502464K), 0,0188834 secs] [Times: user=0,08 sys=0,00, real=0,01 secs] 
Heap after GC invocations=2 (full 0):
 par new generation   total 109248K, used 16326K [0x00000000e0000000, 0x00000000e8000000, 0x00000000e8000000)
  eden space 87424K,   0% used [0x00000000e0000000, 0x00000000e0000000, 0x00000000e5560000)
  from space 21824K,  74% used [0x00000000e5560000, 0x00000000e6551a40, 0x00000000e6ab0000)
  to   space 21824K,   0% used [0x00000000e6ab0000, 0x00000000e6ab0000, 0x00000000e8000000)
 concurrent mark-sweep generation total 393216K, used 0K [0x00000000e8000000, 0x0000000100000000, 0x0000000100000000)
 Metaspace       used 20012K, capacity 20348K, committed 20736K, reserved 1067008K
  class space    used 2291K, capacity 2464K, committed 2560K, reserved 1048576K
}
2017-03-28T09:31:15.829+0200: 2,359: Total time for which application threads were stopped: 0,0211429 seconds, Stopping threads took: 0,0020981 seconds
2017-03-28T09:31:15.844+0200: 2,375: Total time for which application threads were stopped: 0,0003498 seconds, Stopping threads took: 0,0000549 seconds
2017-03-28T09:31:15.878+0200: 2,408: Total time for which application threads were stopped: 0,0010745 seconds, Stopping threads took: 0,0008168 seconds
2017-03-28T09:31:16.013+0200: 2,543: Total time for which application threads were stopped: 0,0002111 seconds, Stopping threads took: 0,0000658 seconds
{Heap before GC invocations=2 (full 0):
 par new generation   total 109248K, used 103750K [0x00000000e0000000, 0x00000000e8000000, 0x00000000e8000000)
  eden space 87424K, 100% used [0x00000000e0000000, 0x00000000e5560000, 0x00000000e5560000)
  from space 21824K,  74% used [0x00000000e5560000, 0x00000000e6551a40, 0x00000000e6ab0000)
  to   space 21824K,   0% used [0x00000000e6ab0000, 0x00000000e6ab0000, 0x00000000e8000000)
 concurrent mark-sweep generation total 393216K, used 0K [0x00000000e8000000, 0x0000000100000000, 0x0000000100000000)
 Metaspace       used 20957K, capacity 21270K, committed 21628K, reserved 1069056K
  class space    used 2415K, capacity 2583K, committed 2684K, reserved 1048576K
2017-03-28T09:31:16.044+0200: 2,574: [GC (Allocation Failure) 2017-03-28T09:31:16.044+0200: 2,574: [ParNew
Desired survivor size 20112992 bytes, new threshold 8 (max 8)
- age   1:    2115624 bytes,    2115624 total
- age   2:    1407520 bytes,    3523144 total
- age   3:    6075448 bytes,    9598592 total
: 103750K->12022K(109248K), 0,0105966 secs] 103750K->12022K(502464K), 0,0106737 secs] [Times: user=0,04 sys=0,00, real=0,01 secs] 
Heap after GC invocations=3 (full 0):
 par new generation   total 109248K, used 12022K [0x00000000e0000000, 0x00000000e8000000, 0x00000000e8000000)
  eden space 87424K,   0% used [0x00000000e0000000, 0x00000000e0000000, 0x00000000e5560000)
  from space 21824K,  55% used [0x00000000e6ab0000, 0x00000000e766dba8, 0x00000000e8000000)
  to   space 21824K,   0% used [0x00000000e5560000, 0x00000000e5560000, 0x00000000e6ab0000)
 concurrent mark-sweep generation total 393216K, used 0K [0x00000000e8000000, 0x0000000100000000, 0x0000000100000000)
 Metaspace       used 20957K, capacity 21270K, committed 21628K, reserved 1069056K
  class space    used 2415K, capacity 2583K, committed 2684K, reserved 1048576K
}
2017-03-28T09:31:16.055+0200: 2,585: Total time for which application threads were stopped: 0,0108816 seconds, Stopping threads took: 0,0000838 seconds
2017-03-28T09:31:16.058+0200: 2,589: [GC (CMS Initial Mark) [1 CMS-initial-mark: 0K(393216K)] 13379K(502464K), 0,0036686 secs] [Times: user=0,02 sys=0,00, real=0,01 secs] 
2017-03-28T09:31:16.062+0200: 2,592: Total time for which application threads were stopped: 0,0038851 seconds, Stopping threads took: 0,0001194 seconds
2017-03-28T09:31:16.062+0200: 2,592: [CMS-concurrent-mark-start]
2017-03-28T09:31:16.063+0200: 2,593: [CMS-concurrent-mark: 0,000/0,000 secs] [Times: user=0,00 sys=0,00, real=0,00 secs] 
2017-03-28T09:31:16.063+0200: 2,593: [CMS-concurrent-preclean-start]
2017-03-28T09:31:16.064+0200: 2,594: [CMS-concurrent-preclean: 0,001/0,001 secs] [Times: user=0,00 sys=0,00, real=0,00 secs] 
2017-03-28T09:31:16.064+0200: 2,594: [CMS-concurrent-abortable-preclean-start]
2017-03-28T09:31:16.154+0200: 2,684: Total time for which application threads were stopped: 0,0037748 seconds, Stopping threads took: 0,0036685 seconds
2017-03-28T09:31:16.154+0200: 2,684: [CMS-concurrent-abortable-preclean: 0,078/0,090 secs] [Times: user=0,32 sys=0,00, real=0,09 secs] 
2017-03-28T09:31:16.154+0200: 2,684: [GC (CMS Final Remark) [YG occupancy: 71508 K (109248 K)]{Heap before GC invocations=3 (full 1):
 par new generation   total 109248K, used 71508K [0x00000000e0000000, 0x00000000e8000000, 0x00000000e8000000)
  eden space 87424K,  68% used [0x00000000e0000000, 0x00000000e3a174f8, 0x00000000e5560000)
  from space 21824K,  55% used [0x00000000e6ab0000, 0x00000000e766dba8, 0x00000000e8000000)
  to   space 21824K,   0% used [0x00000000e5560000, 0x00000000e5560000, 0x00000000e6ab0000)
 concurrent mark-sweep generation total 393216K, used 0K [0x00000000e8000000, 0x0000000100000000, 0x0000000100000000)
 Metaspace       used 21169K, capacity 21504K, committed 21884K, reserved 1069056K
  class space    used 2436K, capacity 2590K, committed 2684K, reserved 1048576K
2017-03-28T09:31:16.154+0200: 2,684: [GC (CMS Final Remark) 2017-03-28T09:31:16.154+0200: 2,684: [ParNew
Desired survivor size 20112992 bytes, new threshold 8 (max 8)
- age   1:    1325504 bytes,    1325504 total
- age   2:    1490984 bytes,    2816488 total
- age   3:    1374696 bytes,    4191184 total
- age   4:    6075088 bytes,   10266272 total
: 71508K->16245K(109248K), 0,0099319 secs] 71508K->16245K(502464K), 0,0099750 secs] [Times: user=0,03 sys=0,00, real=0,01 secs] 
Heap after GC invocations=4 (full 1):
 par new generation   total 109248K, used 16245K [0x00000000e0000000, 0x00000000e8000000, 0x00000000e8000000)
  eden space 87424K,   0% used [0x00000000e0000000, 0x00000000e0000000, 0x00000000e5560000)
  from space 21824K,  74% used [0x00000000e5560000, 0x00000000e653d7c0, 0x00000000e6ab0000)
  to   space 21824K,   0% used [0x00000000e6ab0000, 0x00000000e6ab0000, 0x00000000e8000000)
 concurrent mark-sweep generation total 393216K, used 0K [0x00000000e8000000, 0x0000000100000000, 0x0000000100000000)
 Metaspace       used 21169K, capacity 21504K, committed 21884K, reserved 1069056K
  class space    used 2436K, capacity 2590K, committed 2684K, reserved 1048576K
}
2017-03-28T09:31:16.164+0200: 2,694: [Rescan (parallel) , 0,0041346 secs]2017-03-28T09:31:16.168+0200: 2,698: [weak refs processing, 0,0003835 secs]2017-03-28T09:31:16.168+0200: 2,699: [class unloading, 0,0027877 secs]2017-03-28T09:31:16.171+0200: 2,702: [scrub symbol table, 0,0024874 secs]2017-03-28T09:31:16.174+0200: 2,704: [scrub string table, 0,0003662 secs][1 CMS-remark: 0K(393216K)] 16245K(502464K), 0,0207574 secs] [Times: user=0,05 sys=0,00, real=0,02 secs] 
2017-03-28T09:31:16.175+0200: 2,705: Total time for which application threads were stopped: 0,0209682 seconds, Stopping threads took: 0,0001259 seconds
2017-03-28T09:31:16.175+0200: 2,705: [CMS-concurrent-sweep-start]
2017-03-28T09:31:16.175+0200: 2,705: [CMS-concurrent-sweep: 0,000/0,000 secs] [Times: user=0,00 sys=0,00, real=0,00 secs] 
2017-03-28T09:31:16.175+0200: 2,705: [CMS-concurrent-reset-start]
2017-03-28T09:31:16.176+0200: 2,707: [CMS-concurrent-reset: 0,002/0,002 secs] [Times: user=0,01 sys=0,00, real=0,00 secs] 
{Heap before GC invocations=4 (full 1):
 par new generation   total 109248K, used 103669K [0x00000000e0000000, 0x00000000e8000000, 0x00000000e8000000)
  eden space 87424K, 100% used [0x00000000e0000000, 0x00000000e5560000, 0x00000000e5560000)
  from space 21824K,  74% used [0x00000000e5560000, 0x00000000e653d7c0, 0x00000000e6ab0000)
  to   space 21824K,   0% used [0x00000000e6ab0000, 0x00000000e6ab0000, 0x00000000e8000000)
 concurrent mark-sweep generation total 393216K, used 0K [0x00000000e8000000, 0x0000000100000000, 0x0000000100000000)
 Metaspace       used 21263K, capacity 21660K, committed 21884K, reserved 1069056K
  class space    used 2451K, capacity 2633K, committed 2684K, reserved 1048576K
2017-03-28T09:31:16.263+0200: 2,793: [GC (Allocation Failure) 2017-03-28T09:31:16.263+0200: 2,793: [ParNew
Desired survivor size 20112992 bytes, new threshold 8 (max 8)
- age   1:     779808 bytes,     779808 total
- age   2:      92800 bytes,     872608 total
- age   3:    1490712 bytes,    2363320 total
- age   4:    1372552 bytes,    3735872 total
- age   5:    6075288 bytes,    9811160 total
: 103669K->11342K(109248K), 0,0108582 secs] 103669K->11342K(502464K), 0,0109222 secs] [Times: user=0,04 sys=0,00, real=0,01 secs] 
Heap after GC invocations=5 (full 1):
 par new generation   total 109248K, used 11342K [0x00000000e0000000, 0x00000000e8000000, 0x00000000e8000000)
  eden space 87424K,   0% used [0x00000000e0000000, 0x00000000e0000000, 0x00000000e5560000)
  from space 21824K,  51% used [0x00000000e6ab0000, 0x00000000e75c3b90, 0x00000000e8000000)
  to   space 21824K,   0% used [0x00000000e5560000, 0x00000000e5560000, 0x00000000e6ab0000)
 concurrent mark-sweep generation total 393216K, used 0K [0x00000000e8000000, 0x0000000100000000, 0x0000000100000000)
 Metaspace       used 21263K, capacity 21660K, committed 21884K, reserved 1069056K
  class space    used 2451K, capacity 2633K, committed 2684K, reserved 1048576K
}
2017-03-28T09:31:16.274+0200: 2,804: Total time for which application threads were stopped: 0,0111644 seconds, Stopping threads took: 0,0000633 seconds
2017-03-28T09:31:16.350+0200: 2,880: Total time for which application threads were stopped: 0,0003110 seconds, Stopping threads took: 0,0000203 seconds
2017-03-28T09:31:16.555+0200: 3,085: Total time for which application threads were stopped: 0,0003780 seconds, Stopping threads took: 0,0000251 seconds
2017-03-28T09:31:16.565+0200: 3,095: Total time for which application threads were stopped: 0,0003234 seconds, Stopping threads took: 0,0000217 seconds
{Heap before GC invocations=5 (full 1):
 par new generation   total 109248K, used 98766K [0x00000000e0000000, 0x00000000e8000000, 0x00000000e8000000)
  eden space 87424K, 100% used [0x00000000e0000000, 0x00000000e5560000, 0x00000000e5560000)
  from space 21824K,  51% used [0x00000000e6ab0000, 0x00000000e75c3b90, 0x00000000e8000000)
  to   space 21824K,   0% used [0x00000000e5560000, 0x00000000e5560000, 0x00000000e6ab0000)
 concurrent mark-sweep generation total 393216K, used 0K [0x00000000e8000000, 0x0000000100000000, 0x0000000100000000)
 Metaspace       used 23547K, capacity 23978K, committed 24188K, reserved 1071104K
  class space    used 2737K, capacity 2914K, committed 2940K, reserved 1048576K
2017-03-28T09:31:16.668+0200: 3,198: [GC (Allocation Failure) 2017-03-28T09:31:16.668+0200: 3,198: [ParNew
Desired survivor size 20112992 bytes, new threshold 8 (max 8)
- age   1:    5155312 bytes,    5155312 total
- age   2:     147824 bytes,    5303136 total
- age   3:      91536 bytes,    5394672 total
- age   4:     313216 bytes,    5707888 total
- age   5:    1352440 bytes,    7060328 total
- age   6:    6066840 bytes,   13127168 total
: 98766K->16640K(109248K), 0,0347178 secs] 98766K->16640K(502464K), 0,0347940 secs] [Times: user=0,05 sys=0,00, real=0,04 secs] 
Heap after GC invocations=6 (full 1):
 par new generation   total 109248K, used 16640K [0x00000000e0000000, 0x00000000e8000000, 0x00000000e8000000)
  eden space 87424K,   0% used [0x00000000e0000000, 0x00000000e0000000, 0x00000000e5560000)
  from space 21824K,  76% used [0x00000000e5560000, 0x00000000e65a0080, 0x00000000e6ab0000)
  to   space 21824K,   0% used [0x00000000e6ab0000, 0x00000000e6ab0000, 0x00000000e8000000)
 concurrent mark-sweep generation total 393216K, used 0K [0x00000000e8000000, 0x0000000100000000, 0x0000000100000000)
 Metaspace       used 23547K, capacity 23978K, committed 24188K, reserved 1071104K
  class space    used 2737K, capacity 2914K, committed 2940K, reserved 1048576K
}
2017-03-28T09:31:16.703+0200: 3,233: Total time for which application threads were stopped: 0,0424269 seconds, Stopping threads took: 0,0073919 seconds
{Heap before GC invocations=6 (full 1):
 par new generation   total 109248K, used 104049K [0x00000000e0000000, 0x00000000e8000000, 0x00000000e8000000)
  eden space 87424K,  99% used [0x00000000e0000000, 0x00000000e555c540, 0x00000000e5560000)
  from space 21824K,  76% used [0x00000000e5560000, 0x00000000e65a0080, 0x00000000e6ab0000)
  to   space 21824K,   0% used [0x00000000e6ab0000, 0x00000000e6ab0000, 0x00000000e8000000)
 concurrent mark-sweep generation total 393216K, used 0K [0x00000000e8000000, 0x0000000100000000, 0x0000000100000000)
 Metaspace       used 24641K, capacity 25098K, committed 25468K, reserved 1071104K
  class space    used 2885K, capacity 3074K, committed 3196K, reserved 1048576K
2017-03-28T09:31:16.949+0200: 3,479: [GC (Allocation Failure) 2017-03-28T09:31:16.949+0200: 3,479: [ParNew
Desired survivor size 20112992 bytes, new threshold 8 (max 8)
- age   1:    2616152 bytes,    2616152 total
- age   2:    1729296 bytes,    4345448 total
- age   3:      76440 bytes,    4421888 total
- age   4:      53256 bytes,    4475144 total
- age   5:     189192 bytes,    4664336 total
- age   6:    1016216 bytes,    5680552 total
- age   7:    5844872 bytes,   11525424 total
: 104049K->15496K(109248K), 0,0675716 secs] 104049K->15496K(502464K), 0,0676359 secs] [Times: user=0,11 sys=0,00, real=0,07 secs] 
Heap after GC invocations=7 (full 1):
 par new generation   total 109248K, used 15496K [0x00000000e0000000, 0x00000000e8000000, 0x00000000e8000000)
  eden space 87424K,   0% used [0x00000000e0000000, 0x00000000e0000000, 0x00000000e5560000)
  from space 21824K,  71% used [0x00000000e6ab0000, 0x00000000e79d21d0, 0x00000000e8000000)
  to   space 21824K,   0% used [0x00000000e5560000, 0x00000000e5560000, 0x00000000e6ab0000)
 concurrent mark-sweep generation total 393216K, used 0K [0x00000000e8000000, 0x0000000100000000, 0x0000000100000000)
 Metaspace       used 24641K, capacity 25098K, committed 25468K, reserved 1071104K
  class space    used 2885K, capacity 3074K, committed 3196K, reserved 1048576K
}
2017-03-28T09:31:17.016+0200: 3,547: Total time for which application threads were stopped: 0,0679298 seconds, Stopping threads took: 0,0000850 seconds
{Heap before GC invocations=7 (full 1):
 par new generation   total 109248K, used 102920K [0x00000000e0000000, 0x00000000e8000000, 0x00000000e8000000)
  eden space 87424K, 100% used [0x00000000e0000000, 0x00000000e5560000, 0x00000000e5560000)
  from space 21824K,  71% used [0x00000000e6ab0000, 0x00000000e79d21d0, 0x00000000e8000000)
  to   space 21824K,   0% used [0x00000000e5560000, 0x00000000e5560000, 0x00000000e6ab0000)
 concurrent mark-sweep generation total 393216K, used 0K [0x00000000e8000000, 0x0000000100000000, 0x0000000100000000)
 Metaspace       used 24955K, capacity 25386K, committed 25724K, reserved 1071104K
  class space    used 2907K, capacity 3080K, committed 3196K, reserved 1048576K
2017-03-28T09:31:17.127+0200: 3,657: [GC (Allocation Failure) 2017-03-28T09:31:17.127+0200: 3,657: [ParNew
Desired survivor size 20112992 bytes, new threshold 8 (max 8)
- age   1:     601328 bytes,     601328 total
- age   2:    1213856 bytes,    1815184 total
- age   3:    1703784 bytes,    3518968 total
- age   4:      76272 bytes,    3595240 total
- age   5:      53120 bytes,    3648360 total
- age   6:     188712 bytes,    3837072 total
- age   7:    1015416 bytes,    4852488 total
- age   8:    5844984 bytes,   10697472 total
: 102920K->14856K(109248K), 0,0144814 secs] 102920K->14856K(502464K), 0,0145564 secs] [Times: user=0,04 sys=0,00, real=0,01 secs] 
Heap after GC invocations=8 (full 1):
 par new generation   total 109248K, used 14856K [0x00000000e0000000, 0x00000000e8000000, 0x00000000e8000000)
  eden space 87424K,   0% used [0x00000000e0000000, 0x00000000e0000000, 0x00000000e5560000)
  from space 21824K,  68% used [0x00000000e5560000, 0x00000000e63e21a0, 0x00000000e6ab0000)
  to   space 21824K,   0% used [0x00000000e6ab0000, 0x00000000e6ab0000, 0x00000000e8000000)
 concurrent mark-sweep generation total 393216K, used 0K [0x00000000e8000000, 0x0000000100000000, 0x0000000100000000)
 Metaspace       used 24955K, capacity 25386K, committed 25724K, reserved 1071104K
  class space    used 2907K, capacity 3080K, committed 3196K, reserved 1048576K
}
2017-03-28T09:31:17.141+0200: 3,672: Total time for which application threads were stopped: 0,0148209 seconds, Stopping threads took: 0,0000671 seconds
2017-03-28T09:31:17.498+0200: 4,028: Total time for which application threads were stopped: 0,0002228 seconds, Stopping threads took: 0,0000567 seconds
{Heap before GC invocations=8 (full 1):
 par new generation   total 109248K, used 102288K [0x00000000e0000000, 0x00000000e8000000, 0x00000000e8000000)
  eden space 87424K, 100% used [0x00000000e0000000, 0x00000000e5560000, 0x00000000e5560000)
  from space 21824K,  68% used [0x00000000e5560000, 0x00000000e63e41b0, 0x00000000e6ab0000)
  to   space 21824K,   0% used [0x00000000e6ab0000, 0x00000000e6ab0000, 0x00000000e8000000)
 concurrent mark-sweep generation total 393216K, used 0K [0x00000000e8000000, 0x0000000100000000, 0x0000000100000000)
 Metaspace       used 25666K, capacity 26168K, committed 26236K, reserved 1073152K
  class space    used 2961K, capacity 3153K, committed 3196K, reserved 1048576K
2017-03-28T09:31:17.500+0200: 4,030: [GC (Allocation Failure) 2017-03-28T09:31:17.500+0200: 4,030: [ParNew
Desired survivor size 20112992 bytes, new threshold 8 (max 8)
- age   1:    5459696 bytes,    5459696 total
- age   2:     183488 bytes,    5643184 total
- age   3:     414168 bytes,    6057352 total
- age   4:    1702704 bytes,    7760056 total
- age   5:      76272 bytes,    7836328 total
- age   6:      53120 bytes,    7889448 total
- age   7:     188632 bytes,    8078080 total
- age   8:    1015368 bytes,    9093448 total
: 102288K->12157K(109248K), 0,0798504 secs] 102288K->17946K(502464K), 0,0799254 secs] [Times: user=0,16 sys=0,00, real=0,08 secs] 
Heap after GC invocations=9 (full 1):
 par new generation   total 109248K, used 12157K [0x00000000e0000000, 0x00000000e8000000, 0x00000000e8000000)
  eden space 87424K,   0% used [0x00000000e0000000, 0x00000000e0000000, 0x00000000e5560000)
  from space 21824K,  55% used [0x00000000e6ab0000, 0x00000000e768f420, 0x00000000e8000000)
  to   space 21824K,   0% used [0x00000000e5560000, 0x00000000e5560000, 0x00000000e6ab0000)
 concurrent mark-sweep generation total 393216K, used 5789K [0x00000000e8000000, 0x0000000100000000, 0x0000000100000000)
 Metaspace       used 25666K, capacity 26168K, committed 26236K, reserved 1073152K
  class space    used 2961K, capacity 3153K, committed 3196K, reserved 1048576K
}
2017-03-28T09:31:17.580+0200: 4,111: Total time for which application threads were stopped: 0,0803775 seconds, Stopping threads took: 0,0000328 seconds
{Heap before GC invocations=9 (full 1):
 par new generation   total 109248K, used 12897K [0x00000000e0000000, 0x00000000e8000000, 0x00000000e8000000)
  eden space 87424K,   0% used [0x00000000e0000000, 0x00000000e00b90b8, 0x00000000e5560000)
  from space 21824K,  55% used [0x00000000e6ab0000, 0x00000000e768f420, 0x00000000e8000000)
  to   space 21824K,   0% used [0x00000000e5560000, 0x00000000e5560000, 0x00000000e6ab0000)
 concurrent mark-sweep generation total 393216K, used 5789K [0x00000000e8000000, 0x0000000100000000, 0x0000000100000000)
 Metaspace       used 25666K, capacity 26168K, committed 26236K, reserved 1073152K
  class space    used 2961K, capacity 3153K, committed 3196K, reserved 1048576K
2017-03-28T09:31:17.582+0200: 4,112: [GC (GCLocker Initiated GC) 2017-03-28T09:31:17.582+0200: 4,112: [ParNew
Desired survivor size 20112992 bytes, new threshold 8 (max 8)
- age   1:      74736 bytes,      74736 total
- age   2:    4828928 bytes,    4903664 total
- age   3:     183488 bytes,    5087152 total
- age   4:     414168 bytes,    5501320 total
- age   5:    1702704 bytes,    7204024 total
- age   6:      76272 bytes,    7280296 total
- age   7:      53120 bytes,    7333416 total
- age   8:     188632 bytes,    7522048 total
: 12897K->10788K(109248K), 0,0134471 secs] 18686K->17705K(502464K), 0,0135296 secs] [Times: user=0,04 sys=0,00, real=0,01 secs] 
Heap after GC invocations=10 (full 1):
 par new generation   total 109248K, used 10788K [0x00000000e0000000, 0x00000000e8000000, 0x00000000e8000000)
  eden space 87424K,   0% used [0x00000000e0000000, 0x00000000e0000000, 0x00000000e5560000)
  from space 21824K,  49% used [0x00000000e5560000, 0x00000000e5fe9038, 0x00000000e6ab0000)
  to   space 21824K,   0% used [0x00000000e6ab0000, 0x00000000e6ab0000, 0x00000000e8000000)
 concurrent mark-sweep generation total 393216K, used 6917K [0x00000000e8000000, 0x0000000100000000, 0x0000000100000000)
 Metaspace       used 25666K, capacity 26168K, committed 26236K, reserved 1073152K
  class space    used 2961K, capacity 3153K, committed 3196K, reserved 1048576K
}
2017-03-28T09:31:17.596+0200: 4,126: Total time for which application threads were stopped: 0,0137467 seconds, Stopping threads took: 0,0000466 seconds
2017-03-28T09:31:17.610+0200: 4,140: Total time for which application threads were stopped: 0,0014694 seconds, Stopping threads took: 0,0013812 seconds
2017-03-28T09:31:17.614+0200: 4,144: Total time for which application threads were stopped: 0,0001380 seconds, Stopping threads took: 0,0000562 seconds
2017-03-28T09:31:17.622+0200: 4,152: Total time for which application threads were stopped: 0,0040416 seconds, Stopping threads took: 0,0039299 seconds
2017-03-28T09:31:17.632+0200: 4,162: Total time for which application threads were stopped: 0,0002618 seconds, Stopping threads took: 0,0001664 seconds
2017-03-28T09:31:17.634+0200: 4,164: Total time for which application threads were stopped: 0,0001649 seconds, Stopping threads took: 0,0000951 seconds
2017-03-28T09:31:17.635+0200: 4,165: Total time for which application threads were stopped: 0,0001264 seconds, Stopping threads took: 0,0000356 seconds
2017-03-28T09:31:17.644+0200: 4,174: Total time for which application threads were stopped: 0,0001193 seconds, Stopping threads took: 0,0000398 seconds
2017-03-28T09:31:17.687+0200: 4,218: Total time for which application threads were stopped: 0,0004638 seconds, Stopping threads took: 0,0000446 seconds
2017-03-28T09:31:17.690+0200: 4,220: Total time for which application threads were stopped: 0,0006169 seconds, Stopping threads took: 0,0005415 seconds
2017-03-28T09:31:17.699+0200: 4,229: Total time for which application threads were stopped: 0,0001163 seconds, Stopping threads took: 0,0000326 seconds
2017-03-28T09:31:17.703+0200: 4,233: Total time for which application threads were stopped: 0,0001171 seconds, Stopping threads took: 0,0000339 seconds
2017-03-28T09:31:17.703+0200: 4,233: Total time for which application threads were stopped: 0,0003345 seconds, Stopping threads took: 0,0000106 seconds
2017-03-28T09:31:17.708+0200: 4,238: Total time for which application threads were stopped: 0,0001255 seconds, Stopping threads took: 0,0000344 seconds
2017-03-28T09:31:17.709+0200: 4,239: Total time for which application threads were stopped: 0,0001204 seconds, Stopping threads took: 0,0000292 seconds
2017-03-28T09:31:17.713+0200: 4,243: Total time for which application threads were stopped: 0,0001578 seconds, Stopping threads took: 0,0000699 seconds
2017-03-28T09:31:17.716+0200: 4,246: Total time for which application threads were stopped: 0,0001496 seconds, Stopping threads took: 0,0000711 seconds
2017-03-28T09:31:17.716+0200: 4,247: Total time for which application threads were stopped: 0,0001148 seconds, Stopping threads took: 0,0000322 seconds
2017-03-28T09:31:17.717+0200: 4,247: Total time for which application threads were stopped: 0,0000952 seconds, Stopping threads took: 0,0000314 seconds
2017-03-28T09:31:17.762+0200: 4,293: Total time for which application threads were stopped: 0,0006032 seconds, Stopping threads took: 0,0000925 seconds
2017-03-28T09:31:17.766+0200: 4,296: Total time for which application threads were stopped: 0,0000850 seconds, Stopping threads took: 0,0000228 seconds
2017-03-28T09:31:17.776+0200: 4,306: Total time for which application threads were stopped: 0,0001549 seconds, Stopping threads took: 0,0000773 seconds
2017-03-28T09:31:17.783+0200: 4,313: Total time for which application threads were stopped: 0,0000874 seconds, Stopping threads took: 0,0000203 seconds
2017-03-28T09:31:17.786+0200: 4,316: Total time for which application threads were stopped: 0,0001461 seconds, Stopping threads took: 0,0000557 seconds
2017-03-28T09:31:17.789+0200: 4,319: Total time for which application threads were stopped: 0,0001142 seconds, Stopping threads took: 0,0000315 seconds
2017-03-28T09:31:17.789+0200: 4,319: Total time for which application threads were stopped: 0,0000755 seconds, Stopping threads took: 0,0000203 seconds
2017-03-28T09:31:17.789+0200: 4,319: Total time for which application threads were stopped: 0,0000679 seconds, Stopping threads took: 0,0000166 seconds
2017-03-28T09:31:17.789+0200: 4,320: Total time for which application threads were stopped: 0,0001282 seconds, Stopping threads took: 0,0000142 seconds
2017-03-28T09:31:17.790+0200: 4,320: Total time for which application threads were stopped: 0,0000629 seconds, Stopping threads took: 0,0000234 seconds
2017-03-28T09:31:17.790+0200: 4,320: Total time for which application threads were stopped: 0,0000514 seconds, Stopping threads took: 0,0000147 seconds
2017-03-28T09:31:17.790+0200: 4,320: Total time for which application threads were stopped: 0,0000928 seconds, Stopping threads took: 0,0000427 seconds
2017-03-28T09:31:17.790+0200: 4,320: Total time for which application threads were stopped: 0,0000576 seconds, Stopping threads took: 0,0000145 seconds
2017-03-28T09:31:17.790+0200: 4,320: Total time for which application threads were stopped: 0,0000524 seconds, Stopping threads took: 0,0000144 seconds
2017-03-28T09:31:17.790+0200: 4,321: Total time for which application threads were stopped: 0,0000709 seconds, Stopping threads took: 0,0000215 seconds
2017-03-28T09:31:17.790+0200: 4,321: Total time for which application threads were stopped: 0,0000519 seconds, Stopping threads took: 0,0000146 seconds
2017-03-28T09:31:17.791+0200: 4,321: Total time for which application threads were stopped: 0,0000657 seconds, Stopping threads took: 0,0000248 seconds
2017-03-28T09:31:17.791+0200: 4,321: Total time for which application threads were stopped: 0,0000550 seconds, Stopping threads took: 0,0000150 seconds
2017-03-28T09:31:17.791+0200: 4,321: Total time for which application threads were stopped: 0,0000527 seconds, Stopping threads took: 0,0000174 seconds
2017-03-28T09:31:17.791+0200: 4,321: Total time for which application threads were stopped: 0,0000604 seconds, Stopping threads took: 0,0000164 seconds
2017-03-28T09:31:17.791+0200: 4,321: Total time for which application threads were stopped: 0,0000535 seconds, Stopping threads took: 0,0000143 seconds
2017-03-28T09:31:17.791+0200: 4,322: Total time for which application threads were stopped: 0,0000730 seconds, Stopping threads took: 0,0000255 seconds
2017-03-28T09:31:17.791+0200: 4,322: Total time for which application threads were stopped: 0,0000777 seconds, Stopping threads took: 0,0000281 seconds
2017-03-28T09:31:17.792+0200: 4,322: Total time for which application threads were stopped: 0,0000592 seconds, Stopping threads took: 0,0000149 seconds
2017-03-28T09:31:17.792+0200: 4,322: Total time for which application threads were stopped: 0,0000571 seconds, Stopping threads took: 0,0000181 seconds
2017-03-28T09:31:17.792+0200: 4,322: Total time for which application threads were stopped: 0,0000550 seconds, Stopping threads took: 0,0000157 seconds
2017-03-28T09:31:17.792+0200: 4,322: Total time for which application threads were stopped: 0,0000534 seconds, Stopping threads took: 0,0000148 seconds
2017-03-28T09:31:17.792+0200: 4,322: Total time for which application threads were stopped: 0,0000543 seconds, Stopping threads took: 0,0000150 seconds
2017-03-28T09:31:17.792+0200: 4,323: Total time for which application threads were stopped: 0,0001379 seconds, Stopping threads took: 0,0000145 seconds
2017-03-28T09:31:17.798+0200: 4,328: Total time for which application threads were stopped: 0,0010058 seconds, Stopping threads took: 0,0009185 seconds
2017-03-28T09:31:17.805+0200: 4,335: Total time for which application threads were stopped: 0,0001384 seconds, Stopping threads took: 0,0000436 seconds
2017-03-28T09:31:17.806+0200: 4,336: Total time for which application threads were stopped: 0,0001062 seconds, Stopping threads took: 0,0000364 seconds
2017-03-28T09:31:17.818+0200: 4,348: Total time for which application threads were stopped: 0,0001539 seconds, Stopping threads took: 0,0000358 seconds
2017-03-28T09:31:17.851+0200: 4,381: Total time for which application threads were stopped: 0,0001897 seconds, Stopping threads took: 0,0001145 seconds
2017-03-28T09:31:17.852+0200: 4,382: Total time for which application threads were stopped: 0,0001023 seconds, Stopping threads took: 0,0000369 seconds
2017-03-28T09:31:17.860+0200: 4,391: Total time for which application threads were stopped: 0,0001211 seconds, Stopping threads took: 0,0000424 seconds
2017-03-28T09:31:17.872+0200: 4,402: Total time for which application threads were stopped: 0,0001097 seconds, Stopping threads took: 0,0000349 seconds
2017-03-28T09:31:17.873+0200: 4,403: Total time for which application threads were stopped: 0,0004160 seconds, Stopping threads took: 0,0000129 seconds
2017-03-28T09:31:17.873+0200: 4,403: Total time for which application threads were stopped: 0,0000935 seconds, Stopping threads took: 0,0000287 seconds
2017-03-28T09:31:18.873+0200: 5,404: Total time for which application threads were stopped: 0,0000845 seconds, Stopping threads took: 0,0000178 seconds
2017-03-28T09:31:19.873+0200: 6,404: Total time for which application threads were stopped: 0,0001167 seconds, Stopping threads took: 0,0000295 seconds
2017-03-28T09:31:35.877+0200: 22,407: Total time for which application threads were stopped: 0,0000849 seconds, Stopping threads took: 0,0000214 seconds
2017-03-28T09:31:44.330+0200: 31,408: Total time for which application threads were stopped: 0,0000606 seconds, Stopping threads took: 0,0000162 seconds
2017-03-28T09:32:35.337+0200: 82,414: Total time for which application threads were stopped: 0,0000612 seconds, Stopping threads took: 0,0000172 seconds
2017-03-28T09:33:10.342+0200: 117,420: Total time for which application threads were stopped: 0,0000895 seconds, Stopping threads took: 0,0000378 seconds
2017-03-28T09:33:15.343+0200: 122,420: Total time for which application threads were stopped: 0,0000792 seconds, Stopping threads took: 0,0000210 seconds
2017-03-28T09:34:14.352+0200: 181,430: Total time for which application threads were stopped: 0,0000793 seconds, Stopping threads took: 0,0000326 seconds
2017-03-28T09:35:40.366+0200: 267,444: Total time for which application threads were stopped: 0,0000936 seconds, Stopping threads took: 0,0000340 seconds
2017-03-28T09:35:45.367+0200: 272,445: Total time for which application threads were stopped: 0,0001908 seconds, Stopping threads took: 0,0000755 seconds
2017-03-28T09:35:50.368+0200: 277,446: Total time for which application threads were stopped: 0,0001683 seconds, Stopping threads took: 0,0000642 seconds
2017-03-28T09:54:44.536+0200: 1411,614: Total time for which application threads were stopped: 0,0002205 seconds, Stopping threads took: 0,0000642 seconds
2017-03-28T09:58:39.575+0200: 1646,653: Total time for which application threads were stopped: 0,0001763 seconds, Stopping threads took: 0,0000646 seconds
2017-03-28T09:58:44.576+0200: 1651,654: Total time for which application threads were stopped: 0,0000670 seconds, Stopping threads took: 0,0000145 seconds
2017-03-28T10:04:14.626+0200: 1981,703: Total time for which application threads were stopped: 0,0001784 seconds, Stopping threads took: 0,0000653 seconds
2017-03-28T10:04:15.626+0200: 1982,704: Total time for which application threads were stopped: 0,0001430 seconds, Stopping threads took: 0,0000353 seconds
2017-03-28T10:09:35.680+0200: 2302,757: Total time for which application threads were stopped: 0,0001792 seconds, Stopping threads took: 0,0000682 seconds
2017-03-28T10:09:39.681+0200: 2306,758: Total time for which application threads were stopped: 0,0001294 seconds, Stopping threads took: 0,0000296 seconds
2017-03-28T10:24:29.820+0200: 3196,897: Total time for which application threads were stopped: 0,0001834 seconds, Stopping threads took: 0,0000718 seconds
2017-03-28T10:43:14.108+0200: 3841,365: Total time for which application threads were stopped: 0,0004490 seconds, Stopping threads took: 0,0002036 seconds
2017-03-28T10:45:44.126+0200: 3991,383: Total time for which application threads were stopped: 0,0001153 seconds, Stopping threads took: 0,0000442 seconds
2017-03-28T10:50:14.168+0200: 4261,425: Total time for which application threads were stopped: 0,0001263 seconds, Stopping threads took: 0,0000516 seconds
2017-03-28T10:57:20.232+0200: 4687,489: Total time for which application threads were stopped: 0,0001789 seconds, Stopping threads took: 0,0000704 seconds
2017-03-28T11:23:35.418+0200: 6262,675: Total time for which application threads were stopped: 0,0000963 seconds, Stopping threads took: 0,0000390 seconds
2017-03-28T11:25:01.192+0200: 6348,449: Total time for which application threads were stopped: 0,0066174 seconds, Stopping threads took: 0,0064718 seconds
2017-03-28T11:25:01.195+0200: 6348,452: Total time for which application threads were stopped: 0,0004293 seconds, Stopping threads took: 0,0003684 seconds
2017-03-28T11:25:01.195+0200: 6348,452: Total time for which application threads were stopped: 0,0000355 seconds, Stopping threads took: 0,0000061 seconds
2017-03-28T11:25:01.195+0200: 6348,452: Total time for which application threads were stopped: 0,0000893 seconds, Stopping threads took: 0,0000049 seconds
2017-03-28T11:25:01.195+0200: 6348,452: Total time for which application threads were stopped: 0,0000376 seconds, Stopping threads took: 0,0000074 seconds
2017-03-28T11:25:01.195+0200: 6348,452: Total time for which application threads were stopped: 0,0000313 seconds, Stopping threads took: 0,0000047 seconds
2017-03-28T11:25:01.195+0200: 6348,452: Total time for which application threads were stopped: 0,0000312 seconds, Stopping threads took: 0,0000051 seconds
2017-03-28T11:25:01.198+0200: 6348,454: Total time for which application threads were stopped: 0,0000855 seconds, Stopping threads took: 0,0000164 seconds
2017-03-28T11:25:01.202+0200: 6348,459: Total time for which application threads were stopped: 0,0000871 seconds, Stopping threads took: 0,0000193 seconds
2017-03-28T11:25:01.202+0200: 6348,459: Total time for which application threads were stopped: 0,0000716 seconds, Stopping threads took: 0,0000235 seconds
2017-03-28T11:25:01.202+0200: 6348,459: Total time for which application threads were stopped: 0,0000345 seconds, Stopping threads took: 0,0000054 seconds
2017-03-28T11:25:01.202+0200: 6348,459: Total time for which application threads were stopped: 0,0000306 seconds, Stopping threads took: 0,0000047 seconds
2017-03-28T11:25:01.202+0200: 6348,459: Total time for which application threads were stopped: 0,0000290 seconds, Stopping threads took: 0,0000043 seconds
2017-03-28T11:25:01.202+0200: 6348,459: Total time for which application threads were stopped: 0,0000303 seconds, Stopping threads took: 0,0000045 seconds
2017-03-28T11:25:01.202+0200: 6348,459: Total time for which application threads were stopped: 0,0000289 seconds, Stopping threads took: 0,0000045 seconds
2017-03-28T11:25:01.202+0200: 6348,459: Total time for which application threads were stopped: 0,0000294 seconds, Stopping threads took: 0,0000045 seconds
2017-03-28T11:25:01.202+0200: 6348,459: Total time for which application threads were stopped: 0,0000288 seconds, Stopping threads took: 0,0000043 seconds
2017-03-28T11:25:01.202+0200: 6348,459: Total time for which application threads were stopped: 0,0000298 seconds, Stopping threads took: 0,0000044 seconds
2017-03-28T11:25:01.204+0200: 6348,461: Total time for which application threads were stopped: 0,0003738 seconds, Stopping threads took: 0,0000182 seconds
2017-03-28T11:25:01.206+0200: 6348,463: Total time for which application threads were stopped: 0,0001073 seconds, Stopping threads took: 0,0000345 seconds
2017-03-28T11:25:01.206+0200: 6348,463: Total time for which application threads were stopped: 0,0002893 seconds, Stopping threads took: 0,0000062 seconds
2017-03-28T11:25:01.206+0200: 6348,463: Total time for which application threads were stopped: 0,0000457 seconds, Stopping threads took: 0,0000061 seconds
2017-03-28T11:25:01.207+0200: 6348,463: Total time for which application threads were stopped: 0,0000357 seconds, Stopping threads took: 0,0000050 seconds
2017-03-28T11:25:01.207+0200: 6348,464: Total time for which application threads were stopped: 0,0000350 seconds, Stopping threads took: 0,0000051 seconds
2017-03-28T11:25:01.207+0200: 6348,464: Total time for which application threads were stopped: 0,0000344 seconds, Stopping threads took: 0,0000048 seconds
2017-03-28T11:25:01.235+0200: 6348,492: Total time for which application threads were stopped: 0,0001346 seconds, Stopping threads took: 0,0000355 seconds
2017-03-28T11:25:01.235+0200: 6348,492: Total time for which application threads were stopped: 0,0000515 seconds, Stopping threads took: 0,0000149 seconds
2017-03-28T11:25:01.236+0200: 6348,493: Total time for which application threads were stopped: 0,0000768 seconds, Stopping threads took: 0,0000216 seconds
2017-03-28T11:25:01.236+0200: 6348,493: Total time for which application threads were stopped: 0,0000426 seconds, Stopping threads took: 0,0000123 seconds
2017-03-28T11:25:01.236+0200: 6348,493: Total time for which application threads were stopped: 0,0000561 seconds, Stopping threads took: 0,0000256 seconds
2017-03-28T11:25:01.238+0200: 6348,495: Total time for which application threads were stopped: 0,0001326 seconds, Stopping threads took: 0,0000651 seconds
2017-03-28T11:25:01.238+0200: 6348,495: Total time for which application threads were stopped: 0,0000915 seconds, Stopping threads took: 0,0000332 seconds
2017-03-28T11:25:01.243+0200: 6348,499: Total time for which application threads were stopped: 0,0004485 seconds, Stopping threads took: 0,0003801 seconds
2017-03-28T11:25:01.243+0200: 6348,500: Total time for which application threads were stopped: 0,0001191 seconds, Stopping threads took: 0,0000603 seconds
2017-03-28T11:25:01.244+0200: 6348,501: Total time for which application threads were stopped: 0,0000829 seconds, Stopping threads took: 0,0000267 seconds
2017-03-28T11:25:01.244+0200: 6348,501: Total time for which application threads were stopped: 0,0000513 seconds, Stopping threads took: 0,0000194 seconds
2017-03-28T11:25:01.244+0200: 6348,501: Total time for which application threads were stopped: 0,0001311 seconds, Stopping threads took: 0,0000913 seconds
2017-03-28T11:25:01.247+0200: 6348,504: Total time for which application threads were stopped: 0,0028862 seconds, Stopping threads took: 0,0028151 seconds
2017-03-28T11:25:01.248+0200: 6348,505: Total time for which application threads were stopped: 0,0000895 seconds, Stopping threads took: 0,0000299 seconds
2017-03-28T11:25:01.248+0200: 6348,505: Total time for which application threads were stopped: 0,0000364 seconds, Stopping threads took: 0,0000072 seconds
2017-03-28T11:25:01.248+0200: 6348,505: Total time for which application threads were stopped: 0,0000519 seconds, Stopping threads took: 0,0000207 seconds
2017-03-28T11:25:01.248+0200: 6348,505: Total time for which application threads were stopped: 0,0000599 seconds, Stopping threads took: 0,0000231 seconds
2017-03-28T11:25:01.248+0200: 6348,505: Total time for which application threads were stopped: 0,0000555 seconds, Stopping threads took: 0,0000233 seconds
2017-03-28T11:25:01.249+0200: 6348,505: Total time for which application threads were stopped: 0,0000582 seconds, Stopping threads took: 0,0000183 seconds
2017-03-28T11:25:01.249+0200: 6348,506: Total time for which application threads were stopped: 0,0004731 seconds, Stopping threads took: 0,0004433 seconds
2017-03-28T11:25:01.249+0200: 6348,506: Total time for which application threads were stopped: 0,0000538 seconds, Stopping threads took: 0,0000243 seconds
2017-03-28T11:25:01.249+0200: 6348,506: Total time for which application threads were stopped: 0,0000471 seconds, Stopping threads took: 0,0000180 seconds
2017-03-28T11:25:01.249+0200: 6348,506: Total time for which application threads were stopped: 0,0000476 seconds, Stopping threads took: 0,0000165 seconds
2017-03-28T11:25:01.250+0200: 6348,506: Total time for which application threads were stopped: 0,0000364 seconds, Stopping threads took: 0,0000057 seconds
2017-03-28T11:25:01.250+0200: 6348,507: Total time for which application threads were stopped: 0,0001437 seconds, Stopping threads took: 0,0000076 seconds
2017-03-28T11:25:01.252+0200: 6348,509: Total time for which application threads were stopped: 0,0004432 seconds, Stopping threads took: 0,0003632 seconds
2017-03-28T11:25:01.253+0200: 6348,509: Total time for which application threads were stopped: 0,0003921 seconds, Stopping threads took: 0,0003456 seconds
2017-03-28T11:25:01.255+0200: 6348,511: Total time for which application threads were stopped: 0,0009351 seconds, Stopping threads took: 0,0008257 seconds
2017-03-28T11:25:01.256+0200: 6348,513: Total time for which application threads were stopped: 0,0000965 seconds, Stopping threads took: 0,0000174 seconds
Heap
 par new generation   total 109248K, used 60345K [0x00000000e0000000, 0x00000000e8000000, 0x00000000e8000000)
  eden space 87424K,  56% used [0x00000000e0000000, 0x00000000e3065648, 0x00000000e5560000)
  from space 21824K,  49% used [0x00000000e5560000, 0x00000000e5fe9038, 0x00000000e6ab0000)
  to   space 21824K,   0% used [0x00000000e6ab0000, 0x00000000e6ab0000, 0x00000000e8000000)
 concurrent mark-sweep generation total 393216K, used 6917K [0x00000000e8000000, 0x0000000100000000, 0x0000000100000000)
 Metaspace       used 28156K, capacity 28728K, committed 29052K, reserved 1075200K
  class space    used 3226K, capacity 3421K, committed 3452K, reserved 1048576K
