OpenJDK 64-Bit Server VM (25.111-b14) for linux-amd64 JRE (1.8.0_111-8u111-b14-2ubuntu0.16.04.2-b14), built on Oct 27 2016 18:10:19 by "buildd" with gcc 5.4.0 20160609
Memory: 4k page, physical 7867876k(7476484k free), swap 8076284k(8076284k free)
CommandLine flags: -XX:CMSInitiatingOccupancyFraction=50 -XX:CMSMaxAbortablePrecleanTime=6000 -XX:+CMSParallelRemarkEnabled -XX:+CMSScavengeBeforeRemark -XX:ConcGCThreads=4 -XX:InitialHeapSize=536870912 -XX:MaxHeapSize=536870912 -XX:MaxTenuringThreshold=8 -XX:NewRatio=3 -XX:OldPLABSize=16 -XX:OnOutOfMemoryError=/opt/solr/bin/oom_solr.sh 8983 /var/solr/logs -XX:ParallelGCThreads=4 -XX:+ParallelRefProcEnabled -XX:PretenureSizeThreshold=67108864 -XX:+PrintGC -XX:+PrintGCApplicationStoppedTime -XX:+PrintGCDateStamps -XX:+PrintGCDetails -XX:+PrintGCTimeStamps -XX:+PrintHeapAtGC -XX:+PrintTenuringDistribution -XX:SurvivorRatio=4 -XX:TargetSurvivorRatio=90 -XX:ThreadStackSize=256 -XX:+UseCMSInitiatingOccupancyOnly -XX:+UseCompressedClassPointers -XX:+UseCompressedOops -XX:+UseConcMarkSweepGC -XX:+UseParNewGC 
2016-11-09T00:22:45.251+0100: 0,112: Total time for which application threads were stopped: 0,0000688 seconds, Stopping threads took: 0,0000126 seconds
2016-11-09T00:22:45.326+0100: 0,187: Total time for which application threads were stopped: 0,0004340 seconds, Stopping threads took: 0,0000274 seconds
2016-11-09T00:22:45.338+0100: 0,198: Total time for which application threads were stopped: 0,0000779 seconds, Stopping threads took: 0,0000179 seconds
2016-11-09T00:22:45.495+0100: 0,356: Total time for which application threads were stopped: 0,0002036 seconds, Stopping threads took: 0,0000326 seconds
2016-11-09T00:22:45.806+0100: 0,667: Total time for which application threads were stopped: 0,0001774 seconds, Stopping threads took: 0,0000235 seconds
2016-11-09T00:22:45.983+0100: 0,844: Total time for which application threads were stopped: 0,0002546 seconds, Stopping threads took: 0,0000426 seconds
2016-11-09T00:22:46.030+0100: 0,890: Total time for which application threads were stopped: 0,0002025 seconds, Stopping threads took: 0,0000350 seconds
2016-11-09T00:22:46.279+0100: 1,140: Total time for which application threads were stopped: 0,0010688 seconds, Stopping threads took: 0,0001057 seconds
2016-11-09T00:22:46.516+0100: 1,377: Total time for which application threads were stopped: 0,0001924 seconds, Stopping threads took: 0,0000143 seconds
2016-11-09T00:22:46.544+0100: 1,405: Total time for which application threads were stopped: 0,0001821 seconds, Stopping threads took: 0,0000115 seconds
2016-11-09T00:22:46.545+0100: 1,406: Total time for which application threads were stopped: 0,0001068 seconds, Stopping threads took: 0,0000178 seconds
2016-11-09T00:22:46.556+0100: 1,416: Total time for which application threads were stopped: 0,0001537 seconds, Stopping threads took: 0,0000122 seconds
2016-11-09T00:22:46.646+0100: 1,507: Total time for which application threads were stopped: 0,0002291 seconds, Stopping threads took: 0,0000244 seconds
2016-11-09T00:22:46.849+0100: 1,710: Total time for which application threads were stopped: 0,0003195 seconds, Stopping threads took: 0,0000870 seconds
2016-11-09T00:22:47.016+0100: 1,877: Total time for which application threads were stopped: 0,0001532 seconds, Stopping threads took: 0,0000368 seconds
{Heap before GC invocations=0 (full 0):
 par new generation   total 109248K, used 87551K [0x00000000e0000000, 0x00000000e8000000, 0x00000000e8000000)
  eden space 87424K, 100% used [0x00000000e0000000, 0x00000000e5560000, 0x00000000e5560000)
  from space 21824K,   0% used [0x00000000e5560000, 0x00000000e557fc10, 0x00000000e6ab0000)
  to   space 21824K,   0% used [0x00000000e6ab0000, 0x00000000e6ab0000, 0x00000000e8000000)
 concurrent mark-sweep generation total 393216K, used 0K [0x00000000e8000000, 0x0000000100000000, 0x0000000100000000)
 Metaspace       used 18019K, capacity 18302K, committed 18560K, reserved 1064960K
  class space    used 2044K, capacity 2162K, committed 2176K, reserved 1048576K
2016-11-09T00:22:47.016+0100: 1,877: [GC (GCLocker Initiated GC) 2016-11-09T00:22:47.016+0100: 1,877: [ParNew
Desired survivor size 20112992 bytes, new threshold 8 (max 8)
- age   1:   12966912 bytes,   12966912 total
: 87551K->12787K(109248K), 0,0191731 secs] 87551K->12787K(502464K), 0,0192671 secs] [Times: user=0,04 sys=0,01, real=0,02 secs] 
Heap after GC invocations=1 (full 0):
 par new generation   total 109248K, used 12787K [0x00000000e0000000, 0x00000000e8000000, 0x00000000e8000000)
  eden space 87424K,   0% used [0x00000000e0000000, 0x00000000e0000000, 0x00000000e5560000)
  from space 21824K,  58% used [0x00000000e6ab0000, 0x00000000e772cf28, 0x00000000e8000000)
  to   space 21824K,   0% used [0x00000000e5560000, 0x00000000e5560000, 0x00000000e6ab0000)
 concurrent mark-sweep generation total 393216K, used 0K [0x00000000e8000000, 0x0000000100000000, 0x0000000100000000)
 Metaspace       used 18019K, capacity 18302K, committed 18560K, reserved 1064960K
  class space    used 2044K, capacity 2162K, committed 2176K, reserved 1048576K
}
2016-11-09T00:22:47.036+0100: 1,896: Total time for which application threads were stopped: 0,0193958 seconds, Stopping threads took: 0,0000103 seconds
2016-11-09T00:22:47.243+0100: 2,104: Total time for which application threads were stopped: 0,0002971 seconds, Stopping threads took: 0,0000217 seconds
2016-11-09T00:22:47.279+0100: 2,140: Total time for which application threads were stopped: 0,0004743 seconds, Stopping threads took: 0,0002189 seconds
2016-11-09T00:22:47.308+0100: 2,169: Total time for which application threads were stopped: 0,0003943 seconds, Stopping threads took: 0,0000617 seconds
{Heap before GC invocations=1 (full 0):
 par new generation   total 109248K, used 100211K [0x00000000e0000000, 0x00000000e8000000, 0x00000000e8000000)
  eden space 87424K, 100% used [0x00000000e0000000, 0x00000000e5560000, 0x00000000e5560000)
  from space 21824K,  58% used [0x00000000e6ab0000, 0x00000000e772cf28, 0x00000000e8000000)
  to   space 21824K,   0% used [0x00000000e5560000, 0x00000000e5560000, 0x00000000e6ab0000)
 concurrent mark-sweep generation total 393216K, used 0K [0x00000000e8000000, 0x0000000100000000, 0x0000000100000000)
 Metaspace       used 20433K, capacity 20726K, committed 20992K, reserved 1067008K
  class space    used 2361K, capacity 2486K, committed 2560K, reserved 1048576K
2016-11-09T00:22:47.407+0100: 2,268: [GC (Allocation Failure) 2016-11-09T00:22:47.407+0100: 2,268: [ParNew
Desired survivor size 20112992 bytes, new threshold 8 (max 8)
- age   1:    3599264 bytes,    3599264 total
- age   2:    6481288 bytes,   10080552 total
: 100211K->13710K(109248K), 0,0121595 secs] 100211K->13710K(502464K), 0,0122324 secs] [Times: user=0,03 sys=0,01, real=0,01 secs] 
Heap after GC invocations=2 (full 0):
 par new generation   total 109248K, used 13710K [0x00000000e0000000, 0x00000000e8000000, 0x00000000e8000000)
  eden space 87424K,   0% used [0x00000000e0000000, 0x00000000e0000000, 0x00000000e5560000)
  from space 21824K,  62% used [0x00000000e5560000, 0x00000000e62c3ad0, 0x00000000e6ab0000)
  to   space 21824K,   0% used [0x00000000e6ab0000, 0x00000000e6ab0000, 0x00000000e8000000)
 concurrent mark-sweep generation total 393216K, used 0K [0x00000000e8000000, 0x0000000100000000, 0x0000000100000000)
 Metaspace       used 20433K, capacity 20726K, committed 20992K, reserved 1067008K
  class space    used 2361K, capacity 2486K, committed 2560K, reserved 1048576K
}
2016-11-09T00:22:47.420+0100: 2,280: Total time for which application threads were stopped: 0,0135885 seconds, Stopping threads took: 0,0011464 seconds
2016-11-09T00:22:47.523+0100: 2,384: Total time for which application threads were stopped: 0,0020683 seconds, Stopping threads took: 0,0019517 seconds
{Heap before GC invocations=2 (full 0):
 par new generation   total 109248K, used 101134K [0x00000000e0000000, 0x00000000e8000000, 0x00000000e8000000)
  eden space 87424K, 100% used [0x00000000e0000000, 0x00000000e5560000, 0x00000000e5560000)
  from space 21824K,  62% used [0x00000000e5560000, 0x00000000e62c3ad0, 0x00000000e6ab0000)
  to   space 21824K,   0% used [0x00000000e6ab0000, 0x00000000e6ab0000, 0x00000000e8000000)
 concurrent mark-sweep generation total 393216K, used 0K [0x00000000e8000000, 0x0000000100000000, 0x0000000100000000)
 Metaspace       used 20891K, capacity 21216K, committed 21504K, reserved 1069056K
  class space    used 2414K, capacity 2531K, committed 2560K, reserved 1048576K
2016-11-09T00:22:47.560+0100: 2,421: [GC (Allocation Failure) 2016-11-09T00:22:47.560+0100: 2,421: [ParNew
Desired survivor size 20112992 bytes, new threshold 8 (max 8)
- age   1:     782664 bytes,     782664 total
- age   2:    1417432 bytes,    2200096 total
- age   3:    6440744 bytes,    8640840 total
: 101134K->9887K(109248K), 0,0107503 secs] 101134K->9887K(502464K), 0,0108257 secs] [Times: user=0,04 sys=0,00, real=0,01 secs] 
Heap after GC invocations=3 (full 0):
 par new generation   total 109248K, used 9887K [0x00000000e0000000, 0x00000000e8000000, 0x00000000e8000000)
  eden space 87424K,   0% used [0x00000000e0000000, 0x00000000e0000000, 0x00000000e5560000)
  from space 21824K,  45% used [0x00000000e6ab0000, 0x00000000e7457f50, 0x00000000e8000000)
  to   space 21824K,   0% used [0x00000000e5560000, 0x00000000e5560000, 0x00000000e6ab0000)
 concurrent mark-sweep generation total 393216K, used 0K [0x00000000e8000000, 0x0000000100000000, 0x0000000100000000)
 Metaspace       used 20891K, capacity 21216K, committed 21504K, reserved 1069056K
  class space    used 2414K, capacity 2531K, committed 2560K, reserved 1048576K
}
2016-11-09T00:22:47.571+0100: 2,432: Total time for which application threads were stopped: 0,0110352 seconds, Stopping threads took: 0,0000676 seconds
2016-11-09T00:22:47.575+0100: 2,435: [GC (CMS Initial Mark) [1 CMS-initial-mark: 0K(393216K)] 12572K(502464K), 0,0033088 secs] [Times: user=0,01 sys=0,00, real=0,01 secs] 
2016-11-09T00:22:47.578+0100: 2,439: Total time for which application threads were stopped: 0,0034552 seconds, Stopping threads took: 0,0000524 seconds
2016-11-09T00:22:47.578+0100: 2,439: [CMS-concurrent-mark-start]
2016-11-09T00:22:47.578+0100: 2,439: [CMS-concurrent-mark: 0,000/0,000 secs] [Times: user=0,00 sys=0,00, real=0,00 secs] 
2016-11-09T00:22:47.579+0100: 2,439: [CMS-concurrent-preclean-start]
2016-11-09T00:22:47.580+0100: 2,441: [CMS-concurrent-preclean: 0,001/0,001 secs] [Times: user=0,01 sys=0,00, real=0,00 secs] 
2016-11-09T00:22:47.580+0100: 2,441: [CMS-concurrent-abortable-preclean-start]
2016-11-09T00:22:47.651+0100: 2,511: Total time for which application threads were stopped: 0,0014234 seconds, Stopping threads took: 0,0013307 seconds
2016-11-09T00:22:47.651+0100: 2,511: [CMS-concurrent-abortable-preclean: 0,060/0,071 secs] [Times: user=0,24 sys=0,00, real=0,07 secs] 
2016-11-09T00:22:47.651+0100: 2,512: [GC (CMS Final Remark) [YG occupancy: 72569 K (109248 K)]{Heap before GC invocations=3 (full 1):
 par new generation   total 109248K, used 72569K [0x00000000e0000000, 0x00000000e8000000, 0x00000000e8000000)
  eden space 87424K,  71% used [0x00000000e0000000, 0x00000000e3d366a0, 0x00000000e5560000)
  from space 21824K,  45% used [0x00000000e6ab0000, 0x00000000e7457f50, 0x00000000e8000000)
  to   space 21824K,   0% used [0x00000000e5560000, 0x00000000e5560000, 0x00000000e6ab0000)
 concurrent mark-sweep generation total 393216K, used 0K [0x00000000e8000000, 0x0000000100000000, 0x0000000100000000)
 Metaspace       used 21121K, capacity 21504K, committed 21884K, reserved 1069056K
  class space    used 2438K, capacity 2563K, committed 2684K, reserved 1048576K
2016-11-09T00:22:47.651+0100: 2,512: [GC (CMS Final Remark) 2016-11-09T00:22:47.651+0100: 2,512: [ParNew
Desired survivor size 20112992 bytes, new threshold 8 (max 8)
- age   1:     300920 bytes,     300920 total
- age   2:     186568 bytes,     487488 total
- age   3:    1417080 bytes,    1904568 total
- age   4:    6440648 bytes,    8345216 total
: 72569K->11611K(109248K), 0,0084718 secs] 72569K->11611K(502464K), 0,0085128 secs] [Times: user=0,04 sys=0,00, real=0,01 secs] 
Heap after GC invocations=4 (full 1):
 par new generation   total 109248K, used 11611K [0x00000000e0000000, 0x00000000e8000000, 0x00000000e8000000)
  eden space 87424K,   0% used [0x00000000e0000000, 0x00000000e0000000, 0x00000000e5560000)
  from space 21824K,  53% used [0x00000000e5560000, 0x00000000e60b6ec0, 0x00000000e6ab0000)
  to   space 21824K,   0% used [0x00000000e6ab0000, 0x00000000e6ab0000, 0x00000000e8000000)
 concurrent mark-sweep generation total 393216K, used 0K [0x00000000e8000000, 0x0000000100000000, 0x0000000100000000)
 Metaspace       used 21121K, capacity 21504K, committed 21884K, reserved 1069056K
  class space    used 2438K, capacity 2563K, committed 2684K, reserved 1048576K
}
2016-11-09T00:22:47.659+0100: 2,520: [Rescan (parallel) , 0,0030087 secs]2016-11-09T00:22:47.662+0100: 2,523: [weak refs processing, 0,0013970 secs]2016-11-09T00:22:47.664+0100: 2,525: [class unloading, 0,0027474 secs]2016-11-09T00:22:47.667+0100: 2,527: [scrub symbol table, 0,0024682 secs]2016-11-09T00:22:47.669+0100: 2,530: [scrub string table, 0,0003607 secs][1 CMS-remark: 0K(393216K)] 11611K(502464K), 0,0191194 secs] [Times: user=0,06 sys=0,00, real=0,02 secs] 
2016-11-09T00:22:47.670+0100: 2,531: Total time for which application threads were stopped: 0,0193371 seconds, Stopping threads took: 0,0001532 seconds
2016-11-09T00:22:47.670+0100: 2,531: [CMS-concurrent-sweep-start]
2016-11-09T00:22:47.670+0100: 2,531: [CMS-concurrent-sweep: 0,000/0,000 secs] [Times: user=0,00 sys=0,00, real=0,00 secs] 
2016-11-09T00:22:47.670+0100: 2,531: [CMS-concurrent-reset-start]
2016-11-09T00:22:47.672+0100: 2,533: [CMS-concurrent-reset: 0,002/0,002 secs] [Times: user=0,00 sys=0,00, real=0,00 secs] 
2016-11-09T00:22:47.691+0100: 2,552: Total time for which application threads were stopped: 0,0002909 seconds, Stopping threads took: 0,0000173 seconds
2016-11-09T00:22:47.828+0100: 2,689: Total time for which application threads were stopped: 0,0003941 seconds, Stopping threads took: 0,0000229 seconds
2016-11-09T00:22:47.841+0100: 2,702: Total time for which application threads were stopped: 0,0003448 seconds, Stopping threads took: 0,0000249 seconds
2016-11-09T00:22:48.142+0100: 3,002: Total time for which application threads were stopped: 0,0003397 seconds, Stopping threads took: 0,0000129 seconds
2016-11-09T00:22:49.142+0100: 4,003: Total time for which application threads were stopped: 0,0000845 seconds, Stopping threads took: 0,0000170 seconds
2016-11-09T00:22:49.194+0100: 4,054: Total time for which application threads were stopped: 0,0002806 seconds, Stopping threads took: 0,0000150 seconds
2016-11-09T00:23:17.199+0100: 32,060: Total time for which application threads were stopped: 0,0000623 seconds, Stopping threads took: 0,0000157 seconds
2016-11-09T00:24:01.209+0100: 76,070: Total time for which application threads were stopped: 0,0000759 seconds, Stopping threads took: 0,0000198 seconds
2016-11-09T00:24:11.210+0100: 86,071: Total time for which application threads were stopped: 0,0000859 seconds, Stopping threads took: 0,0000206 seconds
2016-11-09T00:24:16.211+0100: 91,072: Total time for which application threads were stopped: 0,0000633 seconds, Stopping threads took: 0,0000152 seconds
2016-11-09T00:25:11.216+0100: 146,077: Total time for which application threads were stopped: 0,0000786 seconds, Stopping threads took: 0,0000313 seconds
2016-11-09T00:25:17.217+0100: 152,078: Total time for which application threads were stopped: 0,0000634 seconds, Stopping threads took: 0,0000150 seconds
2016-11-09T00:25:22.218+0100: 157,079: Total time for which application threads were stopped: 0,0000814 seconds, Stopping threads took: 0,0000316 seconds
2016-11-09T00:25:31.219+0100: 166,080: Total time for which application threads were stopped: 0,0000955 seconds, Stopping threads took: 0,0000180 seconds
{Heap before GC invocations=4 (full 1):
 par new generation   total 109248K, used 99035K [0x00000000e0000000, 0x00000000e8000000, 0x00000000e8000000)
  eden space 87424K, 100% used [0x00000000e0000000, 0x00000000e5560000, 0x00000000e5560000)
  from space 21824K,  53% used [0x00000000e5560000, 0x00000000e60b6ec0, 0x00000000e6ab0000)
  to   space 21824K,   0% used [0x00000000e6ab0000, 0x00000000e6ab0000, 0x00000000e8000000)
 concurrent mark-sweep generation total 393216K, used 0K [0x00000000e8000000, 0x0000000100000000, 0x0000000100000000)
 Metaspace       used 27287K, capacity 27750K, committed 27900K, reserved 1073152K
  class space    used 3165K, capacity 3300K, committed 3324K, reserved 1048576K
2016-11-09T00:25:40.856+0100: 175,717: [GC (Allocation Failure) 2016-11-09T00:25:40.856+0100: 175,717: [ParNew
Desired survivor size 20112992 bytes, new threshold 8 (max 8)
- age   1:   11626848 bytes,   11626848 total
- age   2:     116992 bytes,   11743840 total
- age   3:     179528 bytes,   11923368 total
- age   4:     619944 bytes,   12543312 total
- age   5:    6367520 bytes,   18910832 total
: 99035K->21824K(109248K), 0,0197224 secs] 99035K->21824K(502464K), 0,0198251 secs] [Times: user=0,06 sys=0,01, real=0,02 secs] 
Heap after GC invocations=5 (full 1):
 par new generation   total 109248K, used 21824K [0x00000000e0000000, 0x00000000e8000000, 0x00000000e8000000)
  eden space 87424K,   0% used [0x00000000e0000000, 0x00000000e0000000, 0x00000000e5560000)
  from space 21824K, 100% used [0x00000000e6ab0000, 0x00000000e8000000, 0x00000000e8000000)
  to   space 21824K,   0% used [0x00000000e5560000, 0x00000000e5560000, 0x00000000e6ab0000)
 concurrent mark-sweep generation total 393216K, used 0K [0x00000000e8000000, 0x0000000100000000, 0x0000000100000000)
 Metaspace       used 27287K, capacity 27750K, committed 27900K, reserved 1073152K
  class space    used 3165K, capacity 3300K, committed 3324K, reserved 1048576K
}
2016-11-09T00:25:40.876+0100: 175,737: Total time for which application threads were stopped: 0,0199975 seconds, Stopping threads took: 0,0000216 seconds
2016-11-09T00:25:41.876+0100: 176,737: Total time for which application threads were stopped: 0,0001488 seconds, Stopping threads took: 0,0000348 seconds
2016-11-09T00:25:45.877+0100: 180,738: Total time for which application threads were stopped: 0,0003882 seconds, Stopping threads took: 0,0001491 seconds
2016-11-09T00:26:21.882+0100: 216,743: Total time for which application threads were stopped: 0,0004992 seconds, Stopping threads took: 0,0002123 seconds
2016-11-09T00:27:15.889+0100: 270,749: Total time for which application threads were stopped: 0,0000792 seconds, Stopping threads took: 0,0000317 seconds
2016-11-09T00:27:31.891+0100: 286,752: Total time for which application threads were stopped: 0,0002951 seconds, Stopping threads took: 0,0001514 seconds
2016-11-09T00:33:31.932+0100: 646,793: Total time for which application threads were stopped: 0,0000796 seconds, Stopping threads took: 0,0000319 seconds
2016-11-09T00:38:51.971+0100: 966,831: Total time for which application threads were stopped: 0,0000886 seconds, Stopping threads took: 0,0000353 seconds
2016-11-09T00:40:41.871+0100: 1076,732: Total time for which application threads were stopped: 0,0001502 seconds, Stopping threads took: 0,0000366 seconds
Heap
 par new generation   total 109248K, used 42722K [0x00000000e0000000, 0x00000000e8000000, 0x00000000e8000000)
  eden space 87424K,  23% used [0x00000000e0000000, 0x00000000e1468af0, 0x00000000e5560000)
  from space 21824K, 100% used [0x00000000e6ab0000, 0x00000000e8000000, 0x00000000e8000000)
  to   space 21824K,   0% used [0x00000000e5560000, 0x00000000e5560000, 0x00000000e6ab0000)
 concurrent mark-sweep generation total 393216K, used 0K [0x00000000e8000000, 0x0000000100000000, 0x0000000100000000)
 Metaspace       used 27413K, capacity 27856K, committed 28028K, reserved 1073152K
  class space    used 3178K, capacity 3333K, committed 3452K, reserved 1048576K
