OpenJDK 64-Bit Server VM (25.131-b11) for linux-amd64 JRE (1.8.0_131-8u131-b11-2ubuntu1.16.04.3-b11), built on Jul 28 2017 01:23:32 by "buildd" with gcc 5.4.0 20160609
Memory: 4k page, physical 7867732k(7481412k free), swap 8076284k(8076284k free)
CommandLine flags: -XX:CMSInitiatingOccupancyFraction=50 -XX:CMSMaxAbortablePrecleanTime=6000 -XX:+CMSParallelRemarkEnabled -XX:+CMSScavengeBeforeRemark -XX:ConcGCThreads=4 -XX:InitialHeapSize=536870912 -XX:MaxHeapSize=536870912 -XX:MaxTenuringThreshold=8 -XX:NewRatio=3 -XX:OldPLABSize=16 -XX:OnOutOfMemoryError=/opt/solr/bin/oom_solr.sh 8983 /var/solr/logs -XX:ParallelGCThreads=4 -XX:+ParallelRefProcEnabled -XX:PretenureSizeThreshold=67108864 -XX:+PrintGC -XX:+PrintGCApplicationStoppedTime -XX:+PrintGCDateStamps -XX:+PrintGCDetails -XX:+PrintGCTimeStamps -XX:+PrintHeapAtGC -XX:+PrintTenuringDistribution -XX:SurvivorRatio=4 -XX:TargetSurvivorRatio=90 -XX:ThreadStackSize=256 -XX:+UseCMSInitiatingOccupancyOnly -XX:+UseCompressedClassPointers -XX:+UseCompressedOops -XX:+UseConcMarkSweepGC -XX:+UseParNewGC 
2017-08-14T08:56:47.860+0200: 0,176: Total time for which application threads were stopped: 0,0000784 seconds, Stopping threads took: 0,0000127 seconds
2017-08-14T08:56:47.979+0200: 0,295: Total time for which application threads were stopped: 0,0001333 seconds, Stopping threads took: 0,0000216 seconds
2017-08-14T08:56:48.002+0200: 0,318: Total time for which application threads were stopped: 0,0001010 seconds, Stopping threads took: 0,0000175 seconds
2017-08-14T08:56:48.300+0200: 0,616: Total time for which application threads were stopped: 0,0001189 seconds, Stopping threads took: 0,0000140 seconds
2017-08-14T08:56:48.703+0200: 1,020: Total time for which application threads were stopped: 0,0001811 seconds, Stopping threads took: 0,0000241 seconds
2017-08-14T08:56:48.786+0200: 1,102: Total time for which application threads were stopped: 0,0001540 seconds, Stopping threads took: 0,0000189 seconds
2017-08-14T08:56:48.823+0200: 1,139: Total time for which application threads were stopped: 0,0002084 seconds, Stopping threads took: 0,0000237 seconds
2017-08-14T08:56:49.161+0200: 1,477: Total time for which application threads were stopped: 0,0001754 seconds, Stopping threads took: 0,0000222 seconds
2017-08-14T08:56:49.413+0200: 1,730: Total time for which application threads were stopped: 0,0002288 seconds, Stopping threads took: 0,0000255 seconds
2017-08-14T08:56:49.444+0200: 1,760: Total time for which application threads were stopped: 0,0001639 seconds, Stopping threads took: 0,0000104 seconds
2017-08-14T08:56:49.478+0200: 1,794: Total time for which application threads were stopped: 0,0002479 seconds, Stopping threads took: 0,0000330 seconds
2017-08-14T08:56:49.479+0200: 1,796: Total time for which application threads were stopped: 0,0002754 seconds, Stopping threads took: 0,0000318 seconds
2017-08-14T08:56:49.494+0200: 1,811: Total time for which application threads were stopped: 0,0001798 seconds, Stopping threads took: 0,0000255 seconds
2017-08-14T08:56:49.586+0200: 1,903: Total time for which application threads were stopped: 0,0002125 seconds, Stopping threads took: 0,0000197 seconds
2017-08-14T08:56:49.774+0200: 2,090: Total time for which application threads were stopped: 0,0002643 seconds, Stopping threads took: 0,0000289 seconds
{Heap before GC invocations=0 (full 0):
 par new generation   total 109248K, used 87424K [0x00000000e0000000, 0x00000000e8000000, 0x00000000e8000000)
  eden space 87424K, 100% used [0x00000000e0000000, 0x00000000e5560000, 0x00000000e5560000)
  from space 21824K,   0% used [0x00000000e5560000, 0x00000000e5560000, 0x00000000e6ab0000)
  to   space 21824K,   0% used [0x00000000e6ab0000, 0x00000000e6ab0000, 0x00000000e8000000)
 concurrent mark-sweep generation total 393216K, used 0K [0x00000000e8000000, 0x0000000100000000, 0x0000000100000000)
 Metaspace       used 18023K, capacity 18336K, committed 18688K, reserved 1064960K
  class space    used 2035K, capacity 2196K, committed 2304K, reserved 1048576K
2017-08-14T08:56:49.858+0200: 2,174: [GC (Allocation Failure) 2017-08-14T08:56:49.858+0200: 2,174: [ParNew
Desired survivor size 20112992 bytes, new threshold 8 (max 8)
- age   1:   12572912 bytes,   12572912 total
: 87424K->12389K(109248K), 0,0182009 secs] 87424K->12389K(502464K), 0,0182695 secs] [Times: user=0,04 sys=0,02, real=0,01 secs] 
Heap after GC invocations=1 (full 0):
 par new generation   total 109248K, used 12389K [0x00000000e0000000, 0x00000000e8000000, 0x00000000e8000000)
  eden space 87424K,   0% used [0x00000000e0000000, 0x00000000e0000000, 0x00000000e5560000)
  from space 21824K,  56% used [0x00000000e6ab0000, 0x00000000e76c9508, 0x00000000e8000000)
  to   space 21824K,   0% used [0x00000000e5560000, 0x00000000e5560000, 0x00000000e6ab0000)
 concurrent mark-sweep generation total 393216K, used 0K [0x00000000e8000000, 0x0000000100000000, 0x0000000100000000)
 Metaspace       used 18023K, capacity 18336K, committed 18688K, reserved 1064960K
  class space    used 2035K, capacity 2196K, committed 2304K, reserved 1048576K
}
2017-08-14T08:56:49.876+0200: 2,192: Total time for which application threads were stopped: 0,0184903 seconds, Stopping threads took: 0,0000388 seconds
2017-08-14T08:56:50.219+0200: 2,535: Total time for which application threads were stopped: 0,0002876 seconds, Stopping threads took: 0,0000339 seconds
{Heap before GC invocations=1 (full 0):
 par new generation   total 109248K, used 99813K [0x00000000e0000000, 0x00000000e8000000, 0x00000000e8000000)
  eden space 87424K, 100% used [0x00000000e0000000, 0x00000000e5560000, 0x00000000e5560000)
  from space 21824K,  56% used [0x00000000e6ab0000, 0x00000000e76c9508, 0x00000000e8000000)
  to   space 21824K,   0% used [0x00000000e5560000, 0x00000000e5560000, 0x00000000e6ab0000)
 concurrent mark-sweep generation total 393216K, used 0K [0x00000000e8000000, 0x0000000100000000, 0x0000000100000000)
 Metaspace       used 20044K, capacity 20362K, committed 20736K, reserved 1067008K
  class space    used 2294K, capacity 2469K, committed 2560K, reserved 1048576K
2017-08-14T08:56:50.253+0200: 2,569: [GC (Allocation Failure) 2017-08-14T08:56:50.253+0200: 2,569: [ParNew
Desired survivor size 20112992 bytes, new threshold 8 (max 8)
- age   1:    3674760 bytes,    3674760 total
- age   2:    6647400 bytes,   10322160 total
: 99813K->13679K(109248K), 0,0144215 secs] 99813K->13679K(502464K), 0,0144881 secs] [Times: user=0,04 sys=0,00, real=0,02 secs] 
Heap after GC invocations=2 (full 0):
 par new generation   total 109248K, used 13679K [0x00000000e0000000, 0x00000000e8000000, 0x00000000e8000000)
  eden space 87424K,   0% used [0x00000000e0000000, 0x00000000e0000000, 0x00000000e5560000)
  from space 21824K,  62% used [0x00000000e5560000, 0x00000000e62bbf00, 0x00000000e6ab0000)
  to   space 21824K,   0% used [0x00000000e6ab0000, 0x00000000e6ab0000, 0x00000000e8000000)
 concurrent mark-sweep generation total 393216K, used 0K [0x00000000e8000000, 0x0000000100000000, 0x0000000100000000)
 Metaspace       used 20044K, capacity 20362K, committed 20736K, reserved 1067008K
  class space    used 2294K, capacity 2469K, committed 2560K, reserved 1048576K
}
2017-08-14T08:56:50.268+0200: 2,584: Total time for which application threads were stopped: 0,0167175 seconds, Stopping threads took: 0,0020987 seconds
2017-08-14T08:56:50.270+0200: 2,586: Total time for which application threads were stopped: 0,0003630 seconds, Stopping threads took: 0,0000604 seconds
2017-08-14T08:56:50.306+0200: 2,622: Total time for which application threads were stopped: 0,0003279 seconds, Stopping threads took: 0,0000482 seconds
2017-08-14T08:56:50.414+0200: 2,730: Total time for which application threads were stopped: 0,0001833 seconds, Stopping threads took: 0,0000437 seconds
{Heap before GC invocations=2 (full 0):
 par new generation   total 109248K, used 101100K [0x00000000e0000000, 0x00000000e8000000, 0x00000000e8000000)
  eden space 87424K,  99% used [0x00000000e0000000, 0x00000000e555f2f8, 0x00000000e5560000)
  from space 21824K,  62% used [0x00000000e5560000, 0x00000000e62bbf00, 0x00000000e6ab0000)
  to   space 21824K,   0% used [0x00000000e6ab0000, 0x00000000e6ab0000, 0x00000000e8000000)
 concurrent mark-sweep generation total 393216K, used 0K [0x00000000e8000000, 0x0000000100000000, 0x0000000100000000)
 Metaspace       used 20979K, capacity 21290K, committed 21628K, reserved 1069056K
  class space    used 2417K, capacity 2589K, committed 2684K, reserved 1048576K
2017-08-14T08:56:50.454+0200: 2,771: [GC (Allocation Failure) 2017-08-14T08:56:50.454+0200: 2,771: [ParNew
Desired survivor size 20112992 bytes, new threshold 8 (max 8)
- age   1:    2070304 bytes,    2070304 total
- age   2:     901512 bytes,    2971816 total
- age   3:    6645248 bytes,    9617064 total
: 101100K->11468K(109248K), 0,0106452 secs] 101100K->11468K(502464K), 0,0107357 secs] [Times: user=0,03 sys=0,00, real=0,02 secs] 
Heap after GC invocations=3 (full 0):
 par new generation   total 109248K, used 11468K [0x00000000e0000000, 0x00000000e8000000, 0x00000000e8000000)
  eden space 87424K,   0% used [0x00000000e0000000, 0x00000000e0000000, 0x00000000e5560000)
  from space 21824K,  52% used [0x00000000e6ab0000, 0x00000000e75e32c0, 0x00000000e8000000)
  to   space 21824K,   0% used [0x00000000e5560000, 0x00000000e5560000, 0x00000000e6ab0000)
 concurrent mark-sweep generation total 393216K, used 0K [0x00000000e8000000, 0x0000000100000000, 0x0000000100000000)
 Metaspace       used 20979K, capacity 21290K, committed 21628K, reserved 1069056K
  class space    used 2417K, capacity 2589K, committed 2684K, reserved 1048576K
}
2017-08-14T08:56:50.465+0200: 2,781: Total time for which application threads were stopped: 0,0109814 seconds, Stopping threads took: 0,0000777 seconds
2017-08-14T08:56:50.466+0200: 2,782: [GC (CMS Initial Mark) [1 CMS-initial-mark: 0K(393216K)] 12155K(502464K), 0,0035425 secs] [Times: user=0,02 sys=0,00, real=0,00 secs] 
2017-08-14T08:56:50.469+0200: 2,785: Total time for which application threads were stopped: 0,0036755 seconds, Stopping threads took: 0,0000336 seconds
2017-08-14T08:56:50.469+0200: 2,785: [CMS-concurrent-mark-start]
2017-08-14T08:56:50.470+0200: 2,786: [CMS-concurrent-mark: 0,001/0,001 secs] [Times: user=0,00 sys=0,00, real=0,00 secs] 
2017-08-14T08:56:50.470+0200: 2,786: [CMS-concurrent-preclean-start]
2017-08-14T08:56:50.471+0200: 2,787: [CMS-concurrent-preclean: 0,001/0,001 secs] [Times: user=0,00 sys=0,00, real=0,00 secs] 
2017-08-14T08:56:50.471+0200: 2,787: [CMS-concurrent-abortable-preclean-start]
2017-08-14T08:56:50.537+0200: 2,853: Total time for which application threads were stopped: 0,0039665 seconds, Stopping threads took: 0,0038579 seconds
{Heap before GC invocations=3 (full 1):
 par new generation   total 109248K, used 98892K [0x00000000e0000000, 0x00000000e8000000, 0x00000000e8000000)
  eden space 87424K, 100% used [0x00000000e0000000, 0x00000000e5560000, 0x00000000e5560000)
  from space 21824K,  52% used [0x00000000e6ab0000, 0x00000000e75e32c0, 0x00000000e8000000)
  to   space 21824K,   0% used [0x00000000e5560000, 0x00000000e5560000, 0x00000000e6ab0000)
 concurrent mark-sweep generation total 393216K, used 0K [0x00000000e8000000, 0x0000000100000000, 0x0000000100000000)
 Metaspace       used 21250K, capacity 21636K, committed 21884K, reserved 1069056K
  class space    used 2446K, capacity 2605K, committed 2684K, reserved 1048576K
2017-08-14T08:56:50.576+0200: 2,892: [GC (Allocation Failure) 2017-08-14T08:56:50.576+0200: 2,892: [ParNew
Desired survivor size 20112992 bytes, new threshold 8 (max 8)
- age   1:    1275200 bytes,    1275200 total
- age   2:    1453688 bytes,    2728888 total
- age   3:     870104 bytes,    3598992 total
- age   4:    6645112 bytes,   10244104 total
: 98892K->14835K(109248K), 0,0106416 secs] 98892K->14835K(502464K), 0,0107191 secs] [Times: user=0,04 sys=0,00, real=0,02 secs] 
Heap after GC invocations=4 (full 1):
 par new generation   total 109248K, used 14835K [0x00000000e0000000, 0x00000000e8000000, 0x00000000e8000000)
  eden space 87424K,   0% used [0x00000000e0000000, 0x00000000e0000000, 0x00000000e5560000)
  from space 21824K,  67% used [0x00000000e5560000, 0x00000000e63dccf8, 0x00000000e6ab0000)
  to   space 21824K,   0% used [0x00000000e6ab0000, 0x00000000e6ab0000, 0x00000000e8000000)
 concurrent mark-sweep generation total 393216K, used 0K [0x00000000e8000000, 0x0000000100000000, 0x0000000100000000)
 Metaspace       used 21250K, capacity 21636K, committed 21884K, reserved 1069056K
  class space    used 2446K, capacity 2605K, committed 2684K, reserved 1048576K
}
2017-08-14T08:56:50.586+0200: 2,902: Total time for which application threads were stopped: 0,0109371 seconds, Stopping threads took: 0,0000601 seconds
2017-08-14T08:56:50.586+0200: 2,903: [CMS-concurrent-abortable-preclean: 0,069/0,115 secs] [Times: user=0,44 sys=0,00, real=0,12 secs] 
2017-08-14T08:56:50.587+0200: 2,903: [GC (CMS Final Remark) [YG occupancy: 16149 K (109248 K)]{Heap before GC invocations=4 (full 1):
 par new generation   total 109248K, used 16149K [0x00000000e0000000, 0x00000000e8000000, 0x00000000e8000000)
  eden space 87424K,   1% used [0x00000000e0000000, 0x00000000e0148810, 0x00000000e5560000)
  from space 21824K,  67% used [0x00000000e5560000, 0x00000000e63dccf8, 0x00000000e6ab0000)
  to   space 21824K,   0% used [0x00000000e6ab0000, 0x00000000e6ab0000, 0x00000000e8000000)
 concurrent mark-sweep generation total 393216K, used 0K [0x00000000e8000000, 0x0000000100000000, 0x0000000100000000)
 Metaspace       used 21250K, capacity 21636K, committed 21884K, reserved 1069056K
  class space    used 2446K, capacity 2605K, committed 2684K, reserved 1048576K
2017-08-14T08:56:50.587+0200: 2,903: [GC (CMS Final Remark) 2017-08-14T08:56:50.587+0200: 2,903: [ParNew
Desired survivor size 20112992 bytes, new threshold 8 (max 8)
- age   1:      66104 bytes,      66104 total
- age   2:    1128336 bytes,    1194440 total
- age   3:    1448400 bytes,    2642840 total
- age   4:     870104 bytes,    3512944 total
- age   5:    6645272 bytes,   10158216 total
: 16149K->14677K(109248K), 0,0103651 secs] 16149K->14677K(502464K), 0,0104038 secs] [Times: user=0,03 sys=0,00, real=0,00 secs] 
Heap after GC invocations=5 (full 1):
 par new generation   total 109248K, used 14677K [0x00000000e0000000, 0x00000000e8000000, 0x00000000e8000000)
  eden space 87424K,   0% used [0x00000000e0000000, 0x00000000e0000000, 0x00000000e5560000)
  from space 21824K,  67% used [0x00000000e6ab0000, 0x00000000e7905420, 0x00000000e8000000)
  to   space 21824K,   0% used [0x00000000e5560000, 0x00000000e5560000, 0x00000000e6ab0000)
 concurrent mark-sweep generation total 393216K, used 0K [0x00000000e8000000, 0x0000000100000000, 0x0000000100000000)
 Metaspace       used 21250K, capacity 21636K, committed 21884K, reserved 1069056K
  class space    used 2446K, capacity 2605K, committed 2684K, reserved 1048576K
}
2017-08-14T08:56:50.597+0200: 2,913: [Rescan (parallel) , 0,0039757 secs]2017-08-14T08:56:50.601+0200: 2,917: [weak refs processing, 0,0009963 secs]2017-08-14T08:56:50.602+0200: 2,918: [class unloading, 0,0027543 secs]2017-08-14T08:56:50.605+0200: 2,921: [scrub symbol table, 0,0032001 secs]2017-08-14T08:56:50.608+0200: 2,924: [scrub string table, 0,0004056 secs][1 CMS-remark: 0K(393216K)] 14677K(502464K), 0,0224021 secs] [Times: user=0,05 sys=0,01, real=0,02 secs] 
2017-08-14T08:56:50.609+0200: 2,925: Total time for which application threads were stopped: 0,0225160 seconds, Stopping threads took: 0,0000347 seconds
2017-08-14T08:56:50.609+0200: 2,925: [CMS-concurrent-sweep-start]
2017-08-14T08:56:50.609+0200: 2,925: [CMS-concurrent-sweep: 0,000/0,000 secs] [Times: user=0,00 sys=0,00, real=0,00 secs] 
2017-08-14T08:56:50.609+0200: 2,925: [CMS-concurrent-reset-start]
2017-08-14T08:56:50.616+0200: 2,932: [CMS-concurrent-reset: 0,006/0,006 secs] [Times: user=0,02 sys=0,00, real=0,00 secs] 
{Heap before GC invocations=5 (full 1):
 par new generation   total 109248K, used 102101K [0x00000000e0000000, 0x00000000e8000000, 0x00000000e8000000)
  eden space 87424K, 100% used [0x00000000e0000000, 0x00000000e5560000, 0x00000000e5560000)
  from space 21824K,  67% used [0x00000000e6ab0000, 0x00000000e7905420, 0x00000000e8000000)
  to   space 21824K,   0% used [0x00000000e5560000, 0x00000000e5560000, 0x00000000e6ab0000)
 concurrent mark-sweep generation total 393216K, used 0K [0x00000000e8000000, 0x0000000100000000, 0x0000000100000000)
 Metaspace       used 21388K, capacity 21820K, committed 21884K, reserved 1069056K
  class space    used 2467K, capacity 2641K, committed 2684K, reserved 1048576K
2017-08-14T08:56:50.697+0200: 3,013: [GC (Allocation Failure) 2017-08-14T08:56:50.697+0200: 3,013: [ParNew
Desired survivor size 20112992 bytes, new threshold 8 (max 8)
- age   1:     834048 bytes,     834048 total
- age   2:         32 bytes,     834080 total
- age   3:     181784 bytes,    1015864 total
- age   4:    1448024 bytes,    2463888 total
- age   5:     868056 bytes,    3331944 total
- age   6:    6645112 bytes,    9977056 total
: 102101K->12969K(109248K), 0,0097387 secs] 102101K->12969K(502464K), 0,0098098 secs] [Times: user=0,04 sys=0,00, real=0,01 secs] 
Heap after GC invocations=6 (full 1):
 par new generation   total 109248K, used 12969K [0x00000000e0000000, 0x00000000e8000000, 0x00000000e8000000)
  eden space 87424K,   0% used [0x00000000e0000000, 0x00000000e0000000, 0x00000000e5560000)
  from space 21824K,  59% used [0x00000000e5560000, 0x00000000e620a4e0, 0x00000000e6ab0000)
  to   space 21824K,   0% used [0x00000000e6ab0000, 0x00000000e6ab0000, 0x00000000e8000000)
 concurrent mark-sweep generation total 393216K, used 0K [0x00000000e8000000, 0x0000000100000000, 0x0000000100000000)
 Metaspace       used 21388K, capacity 21820K, committed 21884K, reserved 1069056K
  class space    used 2467K, capacity 2641K, committed 2684K, reserved 1048576K
}
2017-08-14T08:56:50.707+0200: 3,023: Total time for which application threads were stopped: 0,0126305 seconds, Stopping threads took: 0,0026721 seconds
2017-08-14T08:56:50.746+0200: 3,063: Total time for which application threads were stopped: 0,0003336 seconds, Stopping threads took: 0,0000374 seconds
2017-08-14T08:56:51.005+0200: 3,322: Total time for which application threads were stopped: 0,0005239 seconds, Stopping threads took: 0,0000529 seconds
2017-08-14T08:56:51.021+0200: 3,337: Total time for which application threads were stopped: 0,0003920 seconds, Stopping threads took: 0,0000186 seconds
2017-08-14T08:56:51.194+0200: 3,511: Total time for which application threads were stopped: 0,0002454 seconds, Stopping threads took: 0,0000828 seconds
{Heap before GC invocations=6 (full 1):
 par new generation   total 109248K, used 100425K [0x00000000e0000000, 0x00000000e8000000, 0x00000000e8000000)
  eden space 87424K, 100% used [0x00000000e0000000, 0x00000000e5560000, 0x00000000e5560000)
  from space 21824K,  59% used [0x00000000e5560000, 0x00000000e62124f0, 0x00000000e6ab0000)
  to   space 21824K,   0% used [0x00000000e6ab0000, 0x00000000e6ab0000, 0x00000000e8000000)
 concurrent mark-sweep generation total 393216K, used 0K [0x00000000e8000000, 0x0000000100000000, 0x0000000100000000)
 Metaspace       used 23922K, capacity 24412K, committed 24572K, reserved 1071104K
  class space    used 2821K, capacity 3015K, committed 3068K, reserved 1048576K
2017-08-14T08:56:51.199+0200: 3,515: [GC (GCLocker Initiated GC) 2017-08-14T08:56:51.199+0200: 3,515: [ParNew
Desired survivor size 20112992 bytes, new threshold 8 (max 8)
- age   1:    5277216 bytes,    5277216 total
- age   2:     116512 bytes,    5393728 total
- age   3:         32 bytes,    5393760 total
- age   4:     180392 bytes,    5574152 total
- age   5:     278136 bytes,    5852288 total
- age   6:     841640 bytes,    6693928 total
- age   7:    6637144 bytes,   13331072 total
: 100425K->14851K(109248K), 0,0165008 secs] 100425K->14851K(502464K), 0,0165735 secs] [Times: user=0,06 sys=0,00, real=0,01 secs] 
Heap after GC invocations=7 (full 1):
 par new generation   total 109248K, used 14851K [0x00000000e0000000, 0x00000000e8000000, 0x00000000e8000000)
  eden space 87424K,   0% used [0x00000000e0000000, 0x00000000e0000000, 0x00000000e5560000)
  from space 21824K,  68% used [0x00000000e6ab0000, 0x00000000e7930f80, 0x00000000e8000000)
  to   space 21824K,   0% used [0x00000000e5560000, 0x00000000e5560000, 0x00000000e6ab0000)
 concurrent mark-sweep generation total 393216K, used 0K [0x00000000e8000000, 0x0000000100000000, 0x0000000100000000)
 Metaspace       used 23922K, capacity 24412K, committed 24572K, reserved 1071104K
  class space    used 2821K, capacity 3015K, committed 3068K, reserved 1048576K
}
2017-08-14T08:56:51.216+0200: 3,532: Total time for which application threads were stopped: 0,0167948 seconds, Stopping threads took: 0,0000606 seconds
{Heap before GC invocations=7 (full 1):
 par new generation   total 109248K, used 102275K [0x00000000e0000000, 0x00000000e8000000, 0x00000000e8000000)
  eden space 87424K, 100% used [0x00000000e0000000, 0x00000000e5560000, 0x00000000e5560000)
  from space 21824K,  68% used [0x00000000e6ab0000, 0x00000000e7930f80, 0x00000000e8000000)
  to   space 21824K,   0% used [0x00000000e5560000, 0x00000000e5560000, 0x00000000e6ab0000)
 concurrent mark-sweep generation total 393216K, used 0K [0x00000000e8000000, 0x0000000100000000, 0x0000000100000000)
 Metaspace       used 24422K, capacity 24898K, committed 25084K, reserved 1071104K
  class space    used 2860K, capacity 3048K, committed 3068K, reserved 1048576K
2017-08-14T08:56:51.305+0200: 3,622: [GC (Allocation Failure) 2017-08-14T08:56:51.306+0200: 3,622: [ParNew
Desired survivor size 20112992 bytes, new threshold 8 (max 8)
- age   1:    1809472 bytes,    1809472 total
- age   2:    1819728 bytes,    3629200 total
- age   3:      60376 bytes,    3689576 total
- age   5:      98688 bytes,    3788264 total
- age   6:     190592 bytes,    3978856 total
- age   7:     791304 bytes,    4770160 total
- age   8:    6103896 bytes,   10874056 total
: 102275K->19252K(109248K), 0,0255144 secs] 102275K->19252K(502464K), 0,0255809 secs] [Times: user=0,08 sys=0,00, real=0,02 secs] 
Heap after GC invocations=8 (full 1):
 par new generation   total 109248K, used 19252K [0x00000000e0000000, 0x00000000e8000000, 0x00000000e8000000)
  eden space 87424K,   0% used [0x00000000e0000000, 0x00000000e0000000, 0x00000000e5560000)
  from space 21824K,  88% used [0x00000000e5560000, 0x00000000e682d210, 0x00000000e6ab0000)
  to   space 21824K,   0% used [0x00000000e6ab0000, 0x00000000e6ab0000, 0x00000000e8000000)
 concurrent mark-sweep generation total 393216K, used 0K [0x00000000e8000000, 0x0000000100000000, 0x0000000100000000)
 Metaspace       used 24422K, capacity 24898K, committed 25084K, reserved 1071104K
  class space    used 2860K, capacity 3048K, committed 3068K, reserved 1048576K
}
2017-08-14T08:56:51.331+0200: 3,647: Total time for which application threads were stopped: 0,0294604 seconds, Stopping threads took: 0,0037150 seconds
{Heap before GC invocations=8 (full 1):
 par new generation   total 109248K, used 106676K [0x00000000e0000000, 0x00000000e8000000, 0x00000000e8000000)
  eden space 87424K, 100% used [0x00000000e0000000, 0x00000000e5560000, 0x00000000e5560000)
  from space 21824K,  88% used [0x00000000e5560000, 0x00000000e682d210, 0x00000000e6ab0000)
  to   space 21824K,   0% used [0x00000000e6ab0000, 0x00000000e6ab0000, 0x00000000e8000000)
 concurrent mark-sweep generation total 393216K, used 0K [0x00000000e8000000, 0x0000000100000000, 0x0000000100000000)
 Metaspace       used 24585K, capacity 25052K, committed 25084K, reserved 1071104K
  class space    used 2875K, capacity 3053K, committed 3068K, reserved 1048576K
2017-08-14T08:56:51.416+0200: 3,732: [GC (Allocation Failure) 2017-08-14T08:56:51.416+0200: 3,732: [ParNew
Desired survivor size 20112992 bytes, new threshold 8 (max 8)
- age   1:     980616 bytes,     980616 total
- age   2:     975744 bytes,    1956360 total
- age   3:    1793400 bytes,    3749760 total
- age   4:      60376 bytes,    3810136 total
- age   6:      98520 bytes,    3908656 total
- age   7:     187792 bytes,    4096448 total
- age   8:     790536 bytes,    4886984 total
: 106676K->7112K(109248K), 0,0427585 secs] 106676K->13155K(502464K), 0,0428434 secs] [Times: user=0,13 sys=0,00, real=0,05 secs] 
Heap after GC invocations=9 (full 1):
 par new generation   total 109248K, used 7112K [0x00000000e0000000, 0x00000000e8000000, 0x00000000e8000000)
  eden space 87424K,   0% used [0x00000000e0000000, 0x00000000e0000000, 0x00000000e5560000)
  from space 21824K,  32% used [0x00000000e6ab0000, 0x00000000e71a20a0, 0x00000000e8000000)
  to   space 21824K,   0% used [0x00000000e5560000, 0x00000000e5560000, 0x00000000e6ab0000)
 concurrent mark-sweep generation total 393216K, used 6043K [0x00000000e8000000, 0x0000000100000000, 0x0000000100000000)
 Metaspace       used 24585K, capacity 25052K, committed 25084K, reserved 1071104K
  class space    used 2875K, capacity 3053K, committed 3068K, reserved 1048576K
}
2017-08-14T08:56:51.459+0200: 3,775: Total time for which application threads were stopped: 0,0432314 seconds, Stopping threads took: 0,0002298 seconds
2017-08-14T08:56:51.744+0200: 4,060: Total time for which application threads were stopped: 0,0013738 seconds, Stopping threads took: 0,0009489 seconds
2017-08-14T08:56:51.749+0200: 4,065: Total time for which application threads were stopped: 0,0012235 seconds, Stopping threads took: 0,0011515 seconds
2017-08-14T08:56:51.753+0200: 4,070: Total time for which application threads were stopped: 0,0001239 seconds, Stopping threads took: 0,0000401 seconds
2017-08-14T08:56:51.754+0200: 4,070: Total time for which application threads were stopped: 0,0001055 seconds, Stopping threads took: 0,0000334 seconds
2017-08-14T08:56:51.757+0200: 4,073: Total time for which application threads were stopped: 0,0019272 seconds, Stopping threads took: 0,0018113 seconds
2017-08-14T08:56:51.758+0200: 4,074: Total time for which application threads were stopped: 0,0001174 seconds, Stopping threads took: 0,0000352 seconds
2017-08-14T08:56:51.758+0200: 4,074: Total time for which application threads were stopped: 0,0001129 seconds, Stopping threads took: 0,0000355 seconds
2017-08-14T08:56:51.758+0200: 4,075: Total time for which application threads were stopped: 0,0000808 seconds, Stopping threads took: 0,0000118 seconds
2017-08-14T08:56:51.761+0200: 4,077: Total time for which application threads were stopped: 0,0020934 seconds, Stopping threads took: 0,0019661 seconds
2017-08-14T08:56:51.764+0200: 4,080: Total time for which application threads were stopped: 0,0001581 seconds, Stopping threads took: 0,0000410 seconds
2017-08-14T08:56:51.767+0200: 4,083: Total time for which application threads were stopped: 0,0001209 seconds, Stopping threads took: 0,0000231 seconds
2017-08-14T08:56:51.770+0200: 4,086: Total time for which application threads were stopped: 0,0001329 seconds, Stopping threads took: 0,0000385 seconds
2017-08-14T08:56:51.771+0200: 4,087: Total time for which application threads were stopped: 0,0001105 seconds, Stopping threads took: 0,0000339 seconds
2017-08-14T08:56:51.772+0200: 4,088: Total time for which application threads were stopped: 0,0001278 seconds, Stopping threads took: 0,0000344 seconds
2017-08-14T08:56:51.774+0200: 4,091: Total time for which application threads were stopped: 0,0001241 seconds, Stopping threads took: 0,0000317 seconds
2017-08-14T08:56:51.775+0200: 4,091: Total time for which application threads were stopped: 0,0001046 seconds, Stopping threads took: 0,0000305 seconds
2017-08-14T08:56:51.775+0200: 4,092: Total time for which application threads were stopped: 0,0001018 seconds, Stopping threads took: 0,0000230 seconds
2017-08-14T08:56:51.809+0200: 4,125: Total time for which application threads were stopped: 0,0001237 seconds, Stopping threads took: 0,0000248 seconds
2017-08-14T08:56:51.810+0200: 4,126: Total time for which application threads were stopped: 0,0001119 seconds, Stopping threads took: 0,0000465 seconds
2017-08-14T08:56:51.824+0200: 4,140: Total time for which application threads were stopped: 0,0005673 seconds, Stopping threads took: 0,0001245 seconds
2017-08-14T08:56:51.846+0200: 4,162: Total time for which application threads were stopped: 0,0034235 seconds, Stopping threads took: 0,0029921 seconds
2017-08-14T08:56:51.846+0200: 4,162: Total time for which application threads were stopped: 0,0001134 seconds, Stopping threads took: 0,0000406 seconds
2017-08-14T08:56:51.847+0200: 4,163: Total time for which application threads were stopped: 0,0001460 seconds, Stopping threads took: 0,0000430 seconds
2017-08-14T08:56:51.852+0200: 4,168: Total time for which application threads were stopped: 0,0001990 seconds, Stopping threads took: 0,0000358 seconds
2017-08-14T08:56:51.854+0200: 4,171: Total time for which application threads were stopped: 0,0001061 seconds, Stopping threads took: 0,0000242 seconds
2017-08-14T08:56:51.856+0200: 4,172: Total time for which application threads were stopped: 0,0001136 seconds, Stopping threads took: 0,0000243 seconds
2017-08-14T08:56:51.859+0200: 4,175: Total time for which application threads were stopped: 0,0001001 seconds, Stopping threads took: 0,0000212 seconds
2017-08-14T08:56:51.859+0200: 4,175: Total time for which application threads were stopped: 0,0000840 seconds, Stopping threads took: 0,0000187 seconds
2017-08-14T08:56:51.860+0200: 4,176: Total time for which application threads were stopped: 0,0000780 seconds, Stopping threads took: 0,0000172 seconds
2017-08-14T08:56:51.897+0200: 4,213: Total time for which application threads were stopped: 0,0034035 seconds, Stopping threads took: 0,0033285 seconds
2017-08-14T08:56:51.898+0200: 4,214: Total time for which application threads were stopped: 0,0001006 seconds, Stopping threads took: 0,0000262 seconds
2017-08-14T08:56:51.899+0200: 4,215: Total time for which application threads were stopped: 0,0001150 seconds, Stopping threads took: 0,0000494 seconds
2017-08-14T08:56:51.899+0200: 4,216: Total time for which application threads were stopped: 0,0000838 seconds, Stopping threads took: 0,0000299 seconds
2017-08-14T08:56:51.901+0200: 4,218: Total time for which application threads were stopped: 0,0001083 seconds, Stopping threads took: 0,0000336 seconds
2017-08-14T08:56:51.902+0200: 4,219: Total time for which application threads were stopped: 0,0001284 seconds, Stopping threads took: 0,0000588 seconds
2017-08-14T08:56:51.903+0200: 4,219: Total time for which application threads were stopped: 0,0000795 seconds, Stopping threads took: 0,0000213 seconds
2017-08-14T08:56:51.904+0200: 4,220: Total time for which application threads were stopped: 0,0001144 seconds, Stopping threads took: 0,0000479 seconds
2017-08-14T08:56:51.907+0200: 4,223: Total time for which application threads were stopped: 0,0001019 seconds, Stopping threads took: 0,0000347 seconds
2017-08-14T08:56:51.910+0200: 4,227: Total time for which application threads were stopped: 0,0001009 seconds, Stopping threads took: 0,0000212 seconds
2017-08-14T08:56:51.912+0200: 4,228: Total time for which application threads were stopped: 0,0001468 seconds, Stopping threads took: 0,0000583 seconds
2017-08-14T08:56:51.918+0200: 4,234: Total time for which application threads were stopped: 0,0004033 seconds, Stopping threads took: 0,0000267 seconds
2017-08-14T08:56:51.920+0200: 4,236: Total time for which application threads were stopped: 0,0002436 seconds, Stopping threads took: 0,0001466 seconds
2017-08-14T08:56:51.920+0200: 4,237: Total time for which application threads were stopped: 0,0001452 seconds, Stopping threads took: 0,0000811 seconds
2017-08-14T08:56:51.924+0200: 4,240: Total time for which application threads were stopped: 0,0028119 seconds, Stopping threads took: 0,0027457 seconds
2017-08-14T08:56:51.924+0200: 4,240: Total time for which application threads were stopped: 0,0000908 seconds, Stopping threads took: 0,0000335 seconds
2017-08-14T08:56:51.924+0200: 4,241: Total time for which application threads were stopped: 0,0000548 seconds, Stopping threads took: 0,0000173 seconds
2017-08-14T08:56:51.926+0200: 4,242: Total time for which application threads were stopped: 0,0001094 seconds, Stopping threads took: 0,0000282 seconds
2017-08-14T08:56:51.932+0200: 4,248: Total time for which application threads were stopped: 0,0000769 seconds, Stopping threads took: 0,0000219 seconds
2017-08-14T08:56:51.934+0200: 4,250: Total time for which application threads were stopped: 0,0001944 seconds, Stopping threads took: 0,0000224 seconds
2017-08-14T08:56:51.948+0200: 4,264: Total time for which application threads were stopped: 0,0001189 seconds, Stopping threads took: 0,0000407 seconds
2017-08-14T08:56:51.957+0200: 4,273: Total time for which application threads were stopped: 0,0001012 seconds, Stopping threads took: 0,0000393 seconds
2017-08-14T08:56:51.957+0200: 4,273: Total time for which application threads were stopped: 0,0000936 seconds, Stopping threads took: 0,0000420 seconds
2017-08-14T08:56:51.967+0200: 4,283: Total time for which application threads were stopped: 0,0001146 seconds, Stopping threads took: 0,0000385 seconds
2017-08-14T08:56:51.988+0200: 4,304: Total time for which application threads were stopped: 0,0004468 seconds, Stopping threads took: 0,0003588 seconds
2017-08-14T08:56:51.998+0200: 4,314: Total time for which application threads were stopped: 0,0004089 seconds, Stopping threads took: 0,0003202 seconds
2017-08-14T08:56:52.027+0200: 4,343: Total time for which application threads were stopped: 0,0003812 seconds, Stopping threads took: 0,0000266 seconds
2017-08-14T08:56:52.027+0200: 4,343: Total time for which application threads were stopped: 0,0001244 seconds, Stopping threads took: 0,0000462 seconds
2017-08-14T08:56:52.028+0200: 4,344: Total time for which application threads were stopped: 0,0000968 seconds, Stopping threads took: 0,0000298 seconds
2017-08-14T08:56:52.032+0200: 4,348: Total time for which application threads were stopped: 0,0001417 seconds, Stopping threads took: 0,0000507 seconds
2017-08-14T08:56:52.033+0200: 4,349: Total time for which application threads were stopped: 0,0000856 seconds, Stopping threads took: 0,0000339 seconds
2017-08-14T08:56:53.033+0200: 5,349: Total time for which application threads were stopped: 0,0000801 seconds, Stopping threads took: 0,0000190 seconds
{Heap before GC invocations=9 (full 1):
 par new generation   total 109248K, used 94536K [0x00000000e0000000, 0x00000000e8000000, 0x00000000e8000000)
  eden space 87424K, 100% used [0x00000000e0000000, 0x00000000e5560000, 0x00000000e5560000)
  from space 21824K,  32% used [0x00000000e6ab0000, 0x00000000e71a20a0, 0x00000000e8000000)
  to   space 21824K,   0% used [0x00000000e5560000, 0x00000000e5560000, 0x00000000e6ab0000)
 concurrent mark-sweep generation total 393216K, used 6043K [0x00000000e8000000, 0x0000000100000000, 0x0000000100000000)
 Metaspace       used 28028K, capacity 28502K, committed 28796K, reserved 1075200K
  class space    used 3213K, capacity 3390K, committed 3452K, reserved 1048576K
2017-08-14T08:56:58.716+0200: 11,032: [GC (Allocation Failure) 2017-08-14T08:56:58.716+0200: 11,032: [ParNew
Desired survivor size 20112992 bytes, new threshold 8 (max 8)
- age   1:   11205568 bytes,   11205568 total
- age   2:     162728 bytes,   11368296 total
- age   3:     195992 bytes,   11564288 total
- age   4:    1787120 bytes,   13351408 total
- age   5:      60376 bytes,   13411784 total
- age   7:      95880 bytes,   13507664 total
- age   8:     187168 bytes,   13694832 total
: 94536K->14332K(109248K), 0,0261573 secs] 100579K->21238K(502464K), 0,0262478 secs] [Times: user=0,07 sys=0,01, real=0,03 secs] 
Heap after GC invocations=10 (full 1):
 par new generation   total 109248K, used 14332K [0x00000000e0000000, 0x00000000e8000000, 0x00000000e8000000)
  eden space 87424K,   0% used [0x00000000e0000000, 0x00000000e0000000, 0x00000000e5560000)
  from space 21824K,  65% used [0x00000000e5560000, 0x00000000e635f0a0, 0x00000000e6ab0000)
  to   space 21824K,   0% used [0x00000000e6ab0000, 0x00000000e6ab0000, 0x00000000e8000000)
 concurrent mark-sweep generation total 393216K, used 6906K [0x00000000e8000000, 0x0000000100000000, 0x0000000100000000)
 Metaspace       used 28028K, capacity 28502K, committed 28796K, reserved 1075200K
  class space    used 3213K, capacity 3390K, committed 3452K, reserved 1048576K
}
2017-08-14T08:56:58.743+0200: 11,059: Total time for which application threads were stopped: 0,0264002 seconds, Stopping threads took: 0,0000161 seconds
2017-08-14T08:56:58.744+0200: 11,060: Total time for which application threads were stopped: 0,0001106 seconds, Stopping threads took: 0,0000400 seconds
2017-08-14T08:56:58.744+0200: 11,060: Total time for which application threads were stopped: 0,0000658 seconds, Stopping threads took: 0,0000237 seconds
2017-08-14T08:57:19.746+0200: 32,062: Total time for which application threads were stopped: 0,0000707 seconds, Stopping threads took: 0,0000185 seconds
2017-08-14T08:58:44.755+0200: 117,072: Total time for which application threads were stopped: 0,0001012 seconds, Stopping threads took: 0,0000381 seconds
2017-08-14T08:58:49.756+0200: 122,072: Total time for which application threads were stopped: 0,0000633 seconds, Stopping threads took: 0,0000152 seconds
2017-08-14T08:59:13.759+0200: 146,075: Total time for which application threads were stopped: 0,0001182 seconds, Stopping threads took: 0,0000422 seconds
2017-08-14T08:59:38.762+0200: 171,078: Total time for which application threads were stopped: 0,0000958 seconds, Stopping threads took: 0,0000389 seconds
2017-08-14T08:59:48.763+0200: 181,079: Total time for which application threads were stopped: 0,0000675 seconds, Stopping threads took: 0,0000185 seconds
2017-08-14T08:59:53.764+0200: 186,080: Total time for which application threads were stopped: 0,0000979 seconds, Stopping threads took: 0,0000383 seconds
2017-08-14T09:07:34.817+0200: 647,133: Total time for which application threads were stopped: 0,0001068 seconds, Stopping threads took: 0,0000297 seconds
2017-08-14T09:12:54.853+0200: 967,169: Total time for which application threads were stopped: 0,0001179 seconds, Stopping threads took: 0,0000488 seconds
2017-08-14T09:20:18.905+0200: 1411,221: Total time for which application threads were stopped: 0,0000804 seconds, Stopping threads took: 0,0000293 seconds
2017-08-14T09:24:58.939+0200: 1691,255: Total time for which application threads were stopped: 0,0000745 seconds, Stopping threads took: 0,0000259 seconds
2017-08-14T09:30:47.654+0200: 2039,970: Total time for which application threads were stopped: 0,0062513 seconds, Stopping threads took: 0,0061539 seconds
2017-08-14T09:30:47.654+0200: 2039,970: Total time for which application threads were stopped: 0,0001021 seconds, Stopping threads took: 0,0000333 seconds
2017-08-14T09:30:47.658+0200: 2039,974: Total time for which application threads were stopped: 0,0001035 seconds, Stopping threads took: 0,0000304 seconds
2017-08-14T09:30:47.658+0200: 2039,974: Total time for which application threads were stopped: 0,0000572 seconds, Stopping threads took: 0,0000157 seconds
2017-08-14T09:30:47.658+0200: 2039,974: Total time for which application threads were stopped: 0,0000529 seconds, Stopping threads took: 0,0000144 seconds
2017-08-14T09:30:47.658+0200: 2039,974: Total time for which application threads were stopped: 0,0000500 seconds, Stopping threads took: 0,0000190 seconds
2017-08-14T09:30:47.658+0200: 2039,974: Total time for which application threads were stopped: 0,0000475 seconds, Stopping threads took: 0,0000125 seconds
2017-08-14T09:30:47.658+0200: 2039,974: Total time for which application threads were stopped: 0,0000437 seconds, Stopping threads took: 0,0000119 seconds
2017-08-14T09:30:47.658+0200: 2039,974: Total time for which application threads were stopped: 0,0000480 seconds, Stopping threads took: 0,0000131 seconds
2017-08-14T09:30:47.673+0200: 2039,989: Total time for which application threads were stopped: 0,0118487 seconds, Stopping threads took: 0,0117658 seconds
2017-08-14T09:30:47.679+0200: 2039,995: Total time for which application threads were stopped: 0,0001602 seconds, Stopping threads took: 0,0000723 seconds
2017-08-14T09:30:47.685+0200: 2040,002: Total time for which application threads were stopped: 0,0001053 seconds, Stopping threads took: 0,0000206 seconds
2017-08-14T09:30:47.686+0200: 2040,002: Total time for which application threads were stopped: 0,0001121 seconds, Stopping threads took: 0,0000403 seconds
2017-08-14T09:30:47.703+0200: 2040,019: Total time for which application threads were stopped: 0,0000978 seconds, Stopping threads took: 0,0000171 seconds
2017-08-14T09:30:47.720+0200: 2040,036: Total time for which application threads were stopped: 0,0161148 seconds, Stopping threads took: 0,0160360 seconds
2017-08-14T09:30:47.721+0200: 2040,037: Total time for which application threads were stopped: 0,0001130 seconds, Stopping threads took: 0,0000351 seconds
2017-08-14T09:30:47.738+0200: 2040,054: Total time for which application threads were stopped: 0,0000901 seconds, Stopping threads took: 0,0000159 seconds
2017-08-14T09:30:47.739+0200: 2040,055: Total time for which application threads were stopped: 0,0000781 seconds, Stopping threads took: 0,0000141 seconds
2017-08-14T09:30:47.739+0200: 2040,056: Total time for which application threads were stopped: 0,0000750 seconds, Stopping threads took: 0,0000133 seconds
2017-08-14T09:30:47.740+0200: 2040,056: Total time for which application threads were stopped: 0,0000573 seconds, Stopping threads took: 0,0000088 seconds
2017-08-14T09:30:47.740+0200: 2040,057: Total time for which application threads were stopped: 0,0000781 seconds, Stopping threads took: 0,0000147 seconds
2017-08-14T09:30:47.742+0200: 2040,058: Total time for which application threads were stopped: 0,0001171 seconds, Stopping threads took: 0,0000294 seconds
2017-08-14T09:30:47.744+0200: 2040,060: Total time for which application threads were stopped: 0,0000941 seconds, Stopping threads took: 0,0000179 seconds
2017-08-14T09:30:47.745+0200: 2040,061: Total time for which application threads were stopped: 0,0000791 seconds, Stopping threads took: 0,0000152 seconds
2017-08-14T09:30:47.747+0200: 2040,063: Total time for which application threads were stopped: 0,0009709 seconds, Stopping threads took: 0,0008954 seconds
2017-08-14T09:30:47.747+0200: 2040,063: Total time for which application threads were stopped: 0,0000557 seconds, Stopping threads took: 0,0000167 seconds
2017-08-14T09:30:47.747+0200: 2040,064: Total time for which application threads were stopped: 0,0000764 seconds, Stopping threads took: 0,0000201 seconds
2017-08-14T09:30:47.748+0200: 2040,064: Total time for which application threads were stopped: 0,0000702 seconds, Stopping threads took: 0,0000080 seconds
2017-08-14T09:30:47.748+0200: 2040,064: Total time for which application threads were stopped: 0,0002352 seconds, Stopping threads took: 0,0001814 seconds
2017-08-14T09:30:47.748+0200: 2040,064: Total time for which application threads were stopped: 0,0000534 seconds, Stopping threads took: 0,0000102 seconds
2017-08-14T09:30:47.748+0200: 2040,064: Total time for which application threads were stopped: 0,0000471 seconds, Stopping threads took: 0,0000066 seconds
2017-08-14T09:30:47.750+0200: 2040,066: Total time for which application threads were stopped: 0,0000873 seconds, Stopping threads took: 0,0000355 seconds
2017-08-14T09:30:47.750+0200: 2040,066: Total time for which application threads were stopped: 0,0000466 seconds, Stopping threads took: 0,0000211 seconds
2017-08-14T09:30:47.750+0200: 2040,066: Total time for which application threads were stopped: 0,0000300 seconds, Stopping threads took: 0,0000058 seconds
2017-08-14T09:30:47.750+0200: 2040,066: Total time for which application threads were stopped: 0,0000506 seconds, Stopping threads took: 0,0000215 seconds
2017-08-14T09:30:47.750+0200: 2040,066: Total time for which application threads were stopped: 0,0000303 seconds, Stopping threads took: 0,0000078 seconds
2017-08-14T09:30:47.750+0200: 2040,066: Total time for which application threads were stopped: 0,0000401 seconds, Stopping threads took: 0,0000174 seconds
2017-08-14T09:30:47.750+0200: 2040,067: Total time for which application threads were stopped: 0,0000561 seconds, Stopping threads took: 0,0000250 seconds
2017-08-14T09:30:47.751+0200: 2040,067: Total time for which application threads were stopped: 0,0000245 seconds, Stopping threads took: 0,0000057 seconds
2017-08-14T09:30:47.751+0200: 2040,067: Total time for which application threads were stopped: 0,0000233 seconds, Stopping threads took: 0,0000054 seconds
2017-08-14T09:30:47.751+0200: 2040,068: Total time for which application threads were stopped: 0,0006268 seconds, Stopping threads took: 0,0005822 seconds
2017-08-14T09:30:47.753+0200: 2040,069: Total time for which application threads were stopped: 0,0001774 seconds, Stopping threads took: 0,0000763 seconds
2017-08-14T09:30:47.753+0200: 2040,069: Total time for which application threads were stopped: 0,0002599 seconds, Stopping threads took: 0,0002050 seconds
2017-08-14T09:30:47.753+0200: 2040,069: Total time for which application threads were stopped: 0,0000478 seconds, Stopping threads took: 0,0000089 seconds
2017-08-14T09:30:47.753+0200: 2040,069: Total time for which application threads were stopped: 0,0000287 seconds, Stopping threads took: 0,0000070 seconds
2017-08-14T09:30:47.753+0200: 2040,070: Total time for which application threads were stopped: 0,0000324 seconds, Stopping threads took: 0,0000083 seconds
2017-08-14T09:30:47.754+0200: 2040,070: Total time for which application threads were stopped: 0,0000252 seconds, Stopping threads took: 0,0000061 seconds
2017-08-14T09:30:47.754+0200: 2040,070: Total time for which application threads were stopped: 0,0000956 seconds, Stopping threads took: 0,0000053 seconds
2017-08-14T09:30:47.754+0200: 2040,071: Total time for which application threads were stopped: 0,0000472 seconds, Stopping threads took: 0,0000128 seconds
2017-08-14T09:30:47.755+0200: 2040,071: Total time for which application threads were stopped: 0,0000742 seconds, Stopping threads took: 0,0000115 seconds
Heap
 par new generation   total 109248K, used 38949K [0x00000000e0000000, 0x00000000e8000000, 0x00000000e8000000)
  eden space 87424K,  28% used [0x00000000e0000000, 0x00000000e180a370, 0x00000000e5560000)
  from space 21824K,  65% used [0x00000000e5560000, 0x00000000e635f0a0, 0x00000000e6ab0000)
  to   space 21824K,   0% used [0x00000000e6ab0000, 0x00000000e6ab0000, 0x00000000e8000000)
 concurrent mark-sweep generation total 393216K, used 6906K [0x00000000e8000000, 0x0000000100000000, 0x0000000100000000)
 Metaspace       used 28150K, capacity 28670K, committed 28796K, reserved 1075200K
  class space    used 3227K, capacity 3424K, committed 3452K, reserved 1048576K
