OpenJDK 64-Bit Server VM (25.91-b14) for linux-amd64 JRE (1.8.0_91-8u91-b14-3ubuntu1~16.04.1-b14), built on Jul 21 2016 04:13:34 by "buildd" with gcc 5.3.1 20160413
Memory: 4k page, physical 7867876k(7544948k free), swap 8076284k(8076284k free)
CommandLine flags: -XX:CMSInitiatingOccupancyFraction=50 -XX:CMSMaxAbortablePrecleanTime=6000 -XX:+CMSParallelRemarkEnabled -XX:+CMSScavengeBeforeRemark -XX:ConcGCThreads=4 -XX:InitialHeapSize=536870912 -XX:MaxHeapSize=536870912 -XX:MaxTenuringThreshold=8 -XX:NewRatio=3 -XX:OldPLABSize=16 -XX:OnOutOfMemoryError=/opt/solr/bin/oom_solr.sh 8983 /var/solr/logs -XX:ParallelGCThreads=4 -XX:+ParallelRefProcEnabled -XX:PretenureSizeThreshold=67108864 -XX:+PrintGC -XX:+PrintGCApplicationStoppedTime -XX:+PrintGCDateStamps -XX:+PrintGCDetails -XX:+PrintGCTimeStamps -XX:+PrintHeapAtGC -XX:+PrintTenuringDistribution -XX:SurvivorRatio=4 -XX:TargetSurvivorRatio=90 -XX:ThreadStackSize=256 -XX:+UseCMSInitiatingOccupancyOnly -XX:+UseCompressedClassPointers -XX:+UseCompressedOops -XX:+UseConcMarkSweepGC -XX:+UseParNewGC 
2016-10-28T09:17:47.706+0200: 0,126: Total time for which application threads were stopped: 0,0001014 seconds, Stopping threads took: 0,0000200 seconds
2016-10-28T09:17:47.773+0200: 0,193: Total time for which application threads were stopped: 0,0000872 seconds, Stopping threads took: 0,0000129 seconds
2016-10-28T09:17:47.788+0200: 0,208: Total time for which application threads were stopped: 0,0000779 seconds, Stopping threads took: 0,0000182 seconds
2016-10-28T09:17:47.948+0200: 0,368: Total time for which application threads were stopped: 0,0001531 seconds, Stopping threads took: 0,0000171 seconds
2016-10-28T09:17:48.174+0200: 0,595: Total time for which application threads were stopped: 0,0001805 seconds, Stopping threads took: 0,0000223 seconds
2016-10-28T09:17:48.373+0200: 0,793: Total time for which application threads were stopped: 0,0003131 seconds, Stopping threads took: 0,0000362 seconds
2016-10-28T09:17:48.430+0200: 0,850: Total time for which application threads were stopped: 0,0004146 seconds, Stopping threads took: 0,0002649 seconds
2016-10-28T09:17:48.617+0200: 1,037: Total time for which application threads were stopped: 0,0001606 seconds, Stopping threads took: 0,0000160 seconds
2016-10-28T09:17:48.908+0200: 1,328: Total time for which application threads were stopped: 0,0002164 seconds, Stopping threads took: 0,0000250 seconds
2016-10-28T09:17:48.994+0200: 1,414: Total time for which application threads were stopped: 0,0001933 seconds, Stopping threads took: 0,0000198 seconds
2016-10-28T09:17:48.995+0200: 1,415: Total time for which application threads were stopped: 0,0001175 seconds, Stopping threads took: 0,0000286 seconds
2016-10-28T09:17:49.009+0200: 1,429: Total time for which application threads were stopped: 0,0001774 seconds, Stopping threads took: 0,0000178 seconds
2016-10-28T09:17:49.108+0200: 1,529: Total time for which application threads were stopped: 0,0011525 seconds, Stopping threads took: 0,0001100 seconds
2016-10-28T09:17:49.242+0200: 1,663: Total time for which application threads were stopped: 0,0004972 seconds, Stopping threads took: 0,0002988 seconds
{Heap before GC invocations=0 (full 0):
 par new generation   total 109248K, used 87424K [0x00000000e0000000, 0x00000000e8000000, 0x00000000e8000000)
  eden space 87424K, 100% used [0x00000000e0000000, 0x00000000e5560000, 0x00000000e5560000)
  from space 21824K,   0% used [0x00000000e5560000, 0x00000000e5560000, 0x00000000e6ab0000)
  to   space 21824K,   0% used [0x00000000e6ab0000, 0x00000000e6ab0000, 0x00000000e8000000)
 concurrent mark-sweep generation total 393216K, used 0K [0x00000000e8000000, 0x0000000100000000, 0x0000000100000000)
 Metaspace       used 18318K, capacity 18662K, committed 18944K, reserved 1067008K
  class space    used 2084K, capacity 2196K, committed 2304K, reserved 1048576K
2016-10-28T09:17:49.384+0200: 1,804: [GC (Allocation Failure) 2016-10-28T09:17:49.384+0200: 1,804: [ParNew
Desired survivor size 20112992 bytes, new threshold 8 (max 8)
- age   1:   12244472 bytes,   12244472 total
: 87424K->12075K(109248K), 0,0295112 secs] 87424K->12075K(502464K), 0,0295945 secs] [Times: user=0,08 sys=0,03, real=0,03 secs] 
Heap after GC invocations=1 (full 0):
 par new generation   total 109248K, used 12075K [0x00000000e0000000, 0x00000000e8000000, 0x00000000e8000000)
  eden space 87424K,   0% used [0x00000000e0000000, 0x00000000e0000000, 0x00000000e5560000)
  from space 21824K,  55% used [0x00000000e6ab0000, 0x00000000e767ae68, 0x00000000e8000000)
  to   space 21824K,   0% used [0x00000000e5560000, 0x00000000e5560000, 0x00000000e6ab0000)
 concurrent mark-sweep generation total 393216K, used 0K [0x00000000e8000000, 0x0000000100000000, 0x0000000100000000)
 Metaspace       used 18318K, capacity 18662K, committed 18944K, reserved 1067008K
  class space    used 2084K, capacity 2196K, committed 2304K, reserved 1048576K
}
2016-10-28T09:17:49.413+0200: 1,834: Total time for which application threads were stopped: 0,0297817 seconds, Stopping threads took: 0,0000214 seconds
2016-10-28T09:17:49.577+0200: 1,997: Total time for which application threads were stopped: 0,0002802 seconds, Stopping threads took: 0,0000439 seconds
2016-10-28T09:17:49.607+0200: 2,027: Total time for which application threads were stopped: 0,0003511 seconds, Stopping threads took: 0,0000372 seconds
2016-10-28T09:17:49.633+0200: 2,053: Total time for which application threads were stopped: 0,0003395 seconds, Stopping threads took: 0,0000389 seconds
{Heap before GC invocations=1 (full 0):
 par new generation   total 109248K, used 99499K [0x00000000e0000000, 0x00000000e8000000, 0x00000000e8000000)
  eden space 87424K, 100% used [0x00000000e0000000, 0x00000000e5560000, 0x00000000e5560000)
  from space 21824K,  55% used [0x00000000e6ab0000, 0x00000000e767ae68, 0x00000000e8000000)
  to   space 21824K,   0% used [0x00000000e5560000, 0x00000000e5560000, 0x00000000e6ab0000)
 concurrent mark-sweep generation total 393216K, used 0K [0x00000000e8000000, 0x0000000100000000, 0x0000000100000000)
 Metaspace       used 20699K, capacity 21026K, committed 21248K, reserved 1069056K
  class space    used 2401K, capacity 2519K, committed 2560K, reserved 1048576K
2016-10-28T09:17:49.821+0200: 2,241: [GC (Allocation Failure) 2016-10-28T09:17:49.821+0200: 2,241: [ParNew
Desired survivor size 20112992 bytes, new threshold 8 (max 8)
- age   1:    2707464 bytes,    2707464 total
- age   2:    5990528 bytes,    8697992 total
: 99499K->11090K(109248K), 0,0150001 secs] 99499K->11090K(502464K), 0,0150788 secs] [Times: user=0,05 sys=0,00, real=0,01 secs] 
Heap after GC invocations=2 (full 0):
 par new generation   total 109248K, used 11090K [0x00000000e0000000, 0x00000000e8000000, 0x00000000e8000000)
  eden space 87424K,   0% used [0x00000000e0000000, 0x00000000e0000000, 0x00000000e5560000)
  from space 21824K,  50% used [0x00000000e5560000, 0x00000000e6034b40, 0x00000000e6ab0000)
  to   space 21824K,   0% used [0x00000000e6ab0000, 0x00000000e6ab0000, 0x00000000e8000000)
 concurrent mark-sweep generation total 393216K, used 0K [0x00000000e8000000, 0x0000000100000000, 0x0000000100000000)
 Metaspace       used 20699K, capacity 21026K, committed 21248K, reserved 1069056K
  class space    used 2401K, capacity 2519K, committed 2560K, reserved 1048576K
}
2016-10-28T09:17:49.836+0200: 2,256: Total time for which application threads were stopped: 0,0153307 seconds, Stopping threads took: 0,0000577 seconds
2016-10-28T09:17:49.877+0200: 2,297: Total time for which application threads were stopped: 0,0000987 seconds, Stopping threads took: 0,0000237 seconds
2016-10-28T09:17:49.911+0200: 2,331: Total time for which application threads were stopped: 0,0000795 seconds, Stopping threads took: 0,0000136 seconds
2016-10-28T09:17:49.912+0200: 2,332: Total time for which application threads were stopped: 0,0002572 seconds, Stopping threads took: 0,0000124 seconds
2016-10-28T09:17:49.963+0200: 2,383: Total time for which application threads were stopped: 0,0001237 seconds, Stopping threads took: 0,0000224 seconds
2016-10-28T09:17:49.994+0200: 2,414: Total time for which application threads were stopped: 0,0000841 seconds, Stopping threads took: 0,0000218 seconds
2016-10-28T09:17:50.018+0200: 2,438: Total time for which application threads were stopped: 0,0000776 seconds, Stopping threads took: 0,0000172 seconds
2016-10-28T09:17:50.020+0200: 2,440: Total time for which application threads were stopped: 0,0002437 seconds, Stopping threads took: 0,0000131 seconds
2016-10-28T09:17:50.043+0200: 2,464: Total time for which application threads were stopped: 0,0000696 seconds, Stopping threads took: 0,0000138 seconds
2016-10-28T09:17:50.068+0200: 2,489: Total time for which application threads were stopped: 0,0000754 seconds, Stopping threads took: 0,0000187 seconds
2016-10-28T09:17:50.083+0200: 2,503: Total time for which application threads were stopped: 0,0000745 seconds, Stopping threads took: 0,0000147 seconds
2016-10-28T09:17:50.100+0200: 2,520: Total time for which application threads were stopped: 0,0000746 seconds, Stopping threads took: 0,0000135 seconds
2016-10-28T09:17:50.126+0200: 2,546: Total time for which application threads were stopped: 0,0000771 seconds, Stopping threads took: 0,0000131 seconds
2016-10-28T09:17:50.146+0200: 2,566: Total time for which application threads were stopped: 0,0001051 seconds, Stopping threads took: 0,0000227 seconds
2016-10-28T09:17:50.198+0200: 2,618: Total time for which application threads were stopped: 0,0000998 seconds, Stopping threads took: 0,0000369 seconds
2016-10-28T09:17:50.237+0200: 2,657: Total time for which application threads were stopped: 0,0001327 seconds, Stopping threads took: 0,0000520 seconds
2016-10-28T09:17:50.269+0200: 2,689: Total time for which application threads were stopped: 0,0001057 seconds, Stopping threads took: 0,0000183 seconds
2016-10-28T09:17:50.305+0200: 2,726: Total time for which application threads were stopped: 0,0001443 seconds, Stopping threads took: 0,0000319 seconds
2016-10-28T09:17:50.336+0200: 2,756: Total time for which application threads were stopped: 0,0001086 seconds, Stopping threads took: 0,0000230 seconds
2016-10-28T09:17:50.369+0200: 2,789: Total time for which application threads were stopped: 0,0000911 seconds, Stopping threads took: 0,0000233 seconds
2016-10-28T09:17:50.387+0200: 2,807: Total time for which application threads were stopped: 0,0001140 seconds, Stopping threads took: 0,0000258 seconds
{Heap before GC invocations=2 (full 0):
 par new generation   total 109248K, used 98514K [0x00000000e0000000, 0x00000000e8000000, 0x00000000e8000000)
  eden space 87424K, 100% used [0x00000000e0000000, 0x00000000e5560000, 0x00000000e5560000)
  from space 21824K,  50% used [0x00000000e5560000, 0x00000000e6034b40, 0x00000000e6ab0000)
  to   space 21824K,   0% used [0x00000000e6ab0000, 0x00000000e6ab0000, 0x00000000e8000000)
 concurrent mark-sweep generation total 393216K, used 0K [0x00000000e8000000, 0x0000000100000000, 0x0000000100000000)
 Metaspace       used 26589K, capacity 26980K, committed 27196K, reserved 1073152K
  class space    used 3090K, capacity 3222K, committed 3268K, reserved 1048576K
2016-10-28T09:17:50.398+0200: 2,818: [GC (Allocation Failure) 2016-10-28T09:17:50.398+0200: 2,818: [ParNew
Desired survivor size 20112992 bytes, new threshold 8 (max 8)
- age   1:    8600952 bytes,    8600952 total
- age   2:     516720 bytes,    9117672 total
- age   3:    5979440 bytes,   15097112 total
: 98514K->17618K(109248K), 0,0193420 secs] 98514K->17618K(502464K), 0,0193967 secs] [Times: user=0,06 sys=0,00, real=0,02 secs] 
Heap after GC invocations=3 (full 0):
 par new generation   total 109248K, used 17618K [0x00000000e0000000, 0x00000000e8000000, 0x00000000e8000000)
  eden space 87424K,   0% used [0x00000000e0000000, 0x00000000e0000000, 0x00000000e5560000)
  from space 21824K,  80% used [0x00000000e6ab0000, 0x00000000e7be4880, 0x00000000e8000000)
  to   space 21824K,   0% used [0x00000000e5560000, 0x00000000e5560000, 0x00000000e6ab0000)
 concurrent mark-sweep generation total 393216K, used 0K [0x00000000e8000000, 0x0000000100000000, 0x0000000100000000)
 Metaspace       used 26589K, capacity 26980K, committed 27196K, reserved 1073152K
  class space    used 3090K, capacity 3222K, committed 3268K, reserved 1048576K
}
2016-10-28T09:17:50.417+0200: 2,837: Total time for which application threads were stopped: 0,0197599 seconds, Stopping threads took: 0,0002098 seconds
2016-10-28T09:17:50.419+0200: 2,839: [GC (CMS Initial Mark) [1 CMS-initial-mark: 0K(393216K)] 19807K(502464K), 0,0045313 secs] [Times: user=0,02 sys=0,00, real=0,00 secs] 
2016-10-28T09:17:50.423+0200: 2,843: Total time for which application threads were stopped: 0,0046673 seconds, Stopping threads took: 0,0000423 seconds
2016-10-28T09:17:50.423+0200: 2,843: [CMS-concurrent-mark-start]
2016-10-28T09:17:50.424+0200: 2,844: [CMS-concurrent-mark: 0,001/0,001 secs] [Times: user=0,00 sys=0,00, real=0,00 secs] 
2016-10-28T09:17:50.424+0200: 2,844: [CMS-concurrent-preclean-start]
2016-10-28T09:17:50.425+0200: 2,845: [CMS-concurrent-preclean: 0,001/0,001 secs] [Times: user=0,01 sys=0,00, real=0,00 secs] 
2016-10-28T09:17:50.425+0200: 2,846: [CMS-concurrent-abortable-preclean-start]
2016-10-28T09:17:50.451+0200: 2,872: Total time for which application threads were stopped: 0,0000858 seconds, Stopping threads took: 0,0000199 seconds
2016-10-28T09:17:51.452+0200: 3,872: Total time for which application threads were stopped: 0,0000568 seconds, Stopping threads took: 0,0000157 seconds
2016-10-28T09:17:51.632+0200: 4,052: Total time for which application threads were stopped: 0,0002304 seconds, Stopping threads took: 0,0000138 seconds
 CMS: abort preclean due to time 2016-10-28T09:17:56.612+0200: 9,032: [CMS-concurrent-abortable-preclean: 2,681/6,186 secs] [Times: user=3,04 sys=0,03, real=6,19 secs] 
2016-10-28T09:17:56.617+0200: 9,037: [GC (CMS Final Remark) [YG occupancy: 27384 K (109248 K)]{Heap before GC invocations=3 (full 1):
 par new generation   total 109248K, used 27384K [0x00000000e0000000, 0x00000000e8000000, 0x00000000e8000000)
  eden space 87424K,  11% used [0x00000000e0000000, 0x00000000e09898b8, 0x00000000e5560000)
  from space 21824K,  80% used [0x00000000e6ab0000, 0x00000000e7be4880, 0x00000000e8000000)
  to   space 21824K,   0% used [0x00000000e5560000, 0x00000000e5560000, 0x00000000e6ab0000)
 concurrent mark-sweep generation total 393216K, used 0K [0x00000000e8000000, 0x0000000100000000, 0x0000000100000000)
 Metaspace       used 26923K, capacity 27364K, committed 27604K, reserved 1073152K
  class space    used 3138K, capacity 3286K, committed 3344K, reserved 1048576K
2016-10-28T09:17:56.617+0200: 9,037: [GC (CMS Final Remark) 2016-10-28T09:17:56.617+0200: 9,037: [ParNew
Desired survivor size 20112992 bytes, new threshold 8 (max 8)
- age   1:    2534256 bytes,    2534256 total
- age   2:    3373712 bytes,    5907968 total
- age   3:     516464 bytes,    6424432 total
- age   4:    5946376 bytes,   12370808 total
: 27384K->20649K(109248K), 0,0712753 secs] 27384K->20649K(502464K), 0,0713402 secs] [Times: user=0,06 sys=0,00, real=0,07 secs] 
Heap after GC invocations=4 (full 1):
 par new generation   total 109248K, used 20649K [0x00000000e0000000, 0x00000000e8000000, 0x00000000e8000000)
  eden space 87424K,   0% used [0x00000000e0000000, 0x00000000e0000000, 0x00000000e5560000)
  from space 21824K,  94% used [0x00000000e5560000, 0x00000000e698a780, 0x00000000e6ab0000)
  to   space 21824K,   0% used [0x00000000e6ab0000, 0x00000000e6ab0000, 0x00000000e8000000)
 concurrent mark-sweep generation total 393216K, used 0K [0x00000000e8000000, 0x0000000100000000, 0x0000000100000000)
 Metaspace       used 26923K, capacity 27364K, committed 27604K, reserved 1073152K
  class space    used 3138K, capacity 3286K, committed 3344K, reserved 1048576K
}
2016-10-28T09:17:56.688+0200: 9,109: [Rescan (parallel) , 0,0402813 secs]2016-10-28T09:17:56.729+0200: 9,149: [weak refs processing, 0,0254473 secs]2016-10-28T09:17:56.754+0200: 9,175: [class unloading, 0,0110560 secs]2016-10-28T09:17:56.766+0200: 9,186: [scrub symbol table, 0,0221654 secs]2016-10-28T09:17:56.788+0200: 9,208: [scrub string table, 0,0010883 secs][1 CMS-remark: 0K(393216K)] 20649K(502464K), 0,1738057 secs] [Times: user=0,15 sys=0,01, real=0,18 secs] 
2016-10-28T09:17:56.791+0200: 9,211: Total time for which application threads were stopped: 0,1739519 seconds, Stopping threads took: 0,0000169 seconds
2016-10-28T09:17:56.791+0200: 9,211: [CMS-concurrent-sweep-start]
2016-10-28T09:17:56.791+0200: 9,211: [CMS-concurrent-sweep: 0,000/0,000 secs] [Times: user=0,00 sys=0,00, real=0,00 secs] 
2016-10-28T09:17:56.791+0200: 9,211: [CMS-concurrent-reset-start]
2016-10-28T09:17:56.794+0200: 9,214: [CMS-concurrent-reset: 0,003/0,003 secs] [Times: user=0,00 sys=0,00, real=0,00 secs] 
2016-10-28T09:18:18.796+0200: 31,217: Total time for which application threads were stopped: 0,0000657 seconds, Stopping threads took: 0,0000163 seconds
2016-10-28T09:18:23.797+0200: 36,217: Total time for which application threads were stopped: 0,0000719 seconds, Stopping threads took: 0,0000293 seconds
2016-10-28T09:18:47.579+0200: 61,220: Total time for which application threads were stopped: 0,0000566 seconds, Stopping threads took: 0,0000146 seconds
2016-10-28T09:19:07.581+0200: 81,222: Total time for which application threads were stopped: 0,0001088 seconds, Stopping threads took: 0,0000379 seconds
2016-10-28T09:19:12.582+0200: 86,222: Total time for which application threads were stopped: 0,0001298 seconds, Stopping threads took: 0,0000327 seconds
2016-10-28T09:19:37.584+0200: 111,225: Total time for which application threads were stopped: 0,0001234 seconds, Stopping threads took: 0,0000447 seconds
2016-10-28T09:20:28.590+0200: 162,231: Total time for which application threads were stopped: 0,0000899 seconds, Stopping threads took: 0,0000329 seconds
2016-10-28T09:20:33.590+0200: 167,231: Total time for which application threads were stopped: 0,0000911 seconds, Stopping threads took: 0,0000175 seconds
2016-10-28T09:20:47.592+0200: 181,233: Total time for which application threads were stopped: 0,0000662 seconds, Stopping threads took: 0,0000176 seconds
2016-10-28T09:21:43.599+0200: 237,240: Total time for which application threads were stopped: 0,0000849 seconds, Stopping threads took: 0,0000364 seconds
2016-10-28T09:22:17.603+0200: 271,244: Total time for which application threads were stopped: 0,0000815 seconds, Stopping threads took: 0,0000330 seconds
2016-10-28T09:22:33.605+0200: 287,246: Total time for which application threads were stopped: 0,0000792 seconds, Stopping threads took: 0,0000310 seconds
2016-10-28T09:41:27.722+0200: 1421,363: Total time for which application threads were stopped: 0,0000744 seconds, Stopping threads took: 0,0000315 seconds
2016-10-28T09:46:57.773+0200: 1751,414: Total time for which application threads were stopped: 0,0000918 seconds, Stopping threads took: 0,0000358 seconds
2016-10-28T09:56:27.855+0200: 2321,495: Total time for which application threads were stopped: 0,0001111 seconds, Stopping threads took: 0,0000440 seconds
2016-10-28T09:56:28.855+0200: 2322,496: Total time for which application threads were stopped: 0,0000646 seconds, Stopping threads took: 0,0000164 seconds
2016-10-28T10:05:48.923+0200: 2882,564: Total time for which application threads were stopped: 0,0000755 seconds, Stopping threads took: 0,0000329 seconds
2016-10-28T10:11:03.964+0200: 3197,604: Total time for which application threads were stopped: 0,0000793 seconds, Stopping threads took: 0,0000315 seconds
2016-10-28T10:21:48.044+0200: 3841,685: Total time for which application threads were stopped: 0,0003855 seconds, Stopping threads took: 0,0001716 seconds
2016-10-28T10:24:48.065+0200: 4021,706: Total time for which application threads were stopped: 0,0000809 seconds, Stopping threads took: 0,0000323 seconds
2016-10-28T11:03:44.349+0200: 6287,505: Total time for which application threads were stopped: 0,0001030 seconds, Stopping threads took: 0,0000304 seconds
2016-10-28T11:04:19.353+0200: 6322,509: Total time for which application threads were stopped: 0,0000858 seconds, Stopping threads took: 0,0000320 seconds
2016-10-28T11:05:19.360+0200: 6382,516: Total time for which application threads were stopped: 0,0000819 seconds, Stopping threads took: 0,0000341 seconds
2016-10-28T11:09:22.315+0200: 6625,471: Total time for which application threads were stopped: 0,0003135 seconds, Stopping threads took: 0,0000188 seconds
Heap
 par new generation   total 109248K, used 47927K [0x00000000e0000000, 0x00000000e8000000, 0x00000000e8000000)
  eden space 87424K,  31% used [0x00000000e0000000, 0x00000000e1aa3828, 0x00000000e5560000)
  from space 21824K,  94% used [0x00000000e5560000, 0x00000000e698a780, 0x00000000e6ab0000)
  to   space 21824K,   0% used [0x00000000e6ab0000, 0x00000000e6ab0000, 0x00000000e8000000)
 concurrent mark-sweep generation total 393216K, used 0K [0x00000000e8000000, 0x0000000100000000, 0x0000000100000000)
 Metaspace       used 27049K, capacity 27498K, committed 27860K, reserved 1073152K
  class space    used 3154K, capacity 3287K, committed 3344K, reserved 1048576K
