OpenJDK 64-Bit Server VM (25.131-b11) for linux-amd64 JRE (1.8.0_131-8u131-b11-2ubuntu1.16.04.3-b11), built on Jul 28 2017 01:23:32 by "buildd" with gcc 5.4.0 20160609
Memory: 4k page, physical 7867732k(7473596k free), swap 8076284k(8076284k free)
CommandLine flags: -XX:CMSInitiatingOccupancyFraction=50 -XX:CMSMaxAbortablePrecleanTime=6000 -XX:+CMSParallelRemarkEnabled -XX:+CMSScavengeBeforeRemark -XX:ConcGCThreads=4 -XX:InitialHeapSize=536870912 -XX:MaxHeapSize=536870912 -XX:MaxTenuringThreshold=8 -XX:NewRatio=3 -XX:OldPLABSize=16 -XX:OnOutOfMemoryError=/opt/solr/bin/oom_solr.sh 8983 /var/solr/logs -XX:ParallelGCThreads=4 -XX:+ParallelRefProcEnabled -XX:PretenureSizeThreshold=67108864 -XX:+PrintGC -XX:+PrintGCApplicationStoppedTime -XX:+PrintGCDateStamps -XX:+PrintGCDetails -XX:+PrintGCTimeStamps -XX:+PrintHeapAtGC -XX:+PrintTenuringDistribution -XX:SurvivorRatio=4 -XX:TargetSurvivorRatio=90 -XX:ThreadStackSize=256 -XX:+UseCMSInitiatingOccupancyOnly -XX:+UseCompressedClassPointers -XX:+UseCompressedOops -XX:+UseConcMarkSweepGC -XX:+UseParNewGC 
2017-08-20T11:19:22.947+0200: 0,185: Total time for which application threads were stopped: 0,0000739 seconds, Stopping threads took: 0,0000089 seconds
2017-08-20T11:19:23.064+0200: 0,303: Total time for which application threads were stopped: 0,0001247 seconds, Stopping threads took: 0,0000280 seconds
2017-08-20T11:19:23.084+0200: 0,323: Total time for which application threads were stopped: 0,0000970 seconds, Stopping threads took: 0,0000204 seconds
2017-08-20T11:19:23.437+0200: 0,675: Total time for which application threads were stopped: 0,0002095 seconds, Stopping threads took: 0,0000781 seconds
2017-08-20T11:19:23.856+0200: 1,095: Total time for which application threads were stopped: 0,0001521 seconds, Stopping threads took: 0,0000220 seconds
2017-08-20T11:19:23.969+0200: 1,208: Total time for which application threads were stopped: 0,0001608 seconds, Stopping threads took: 0,0000190 seconds
2017-08-20T11:19:23.995+0200: 1,234: Total time for which application threads were stopped: 0,0008248 seconds, Stopping threads took: 0,0000885 seconds
2017-08-20T11:19:24.275+0200: 1,514: Total time for which application threads were stopped: 0,0002388 seconds, Stopping threads took: 0,0000199 seconds
2017-08-20T11:19:24.535+0200: 1,773: Total time for which application threads were stopped: 0,0001904 seconds, Stopping threads took: 0,0000116 seconds
2017-08-20T11:19:24.566+0200: 1,805: Total time for which application threads were stopped: 0,0001853 seconds, Stopping threads took: 0,0000159 seconds
2017-08-20T11:19:24.600+0200: 1,838: Total time for which application threads were stopped: 0,0001925 seconds, Stopping threads took: 0,0000183 seconds
2017-08-20T11:19:24.601+0200: 1,839: Total time for which application threads were stopped: 0,0001696 seconds, Stopping threads took: 0,0000155 seconds
2017-08-20T11:19:24.622+0200: 1,860: Total time for which application threads were stopped: 0,0001824 seconds, Stopping threads took: 0,0000188 seconds
2017-08-20T11:19:24.709+0200: 1,947: Total time for which application threads were stopped: 0,0001983 seconds, Stopping threads took: 0,0000173 seconds
2017-08-20T11:19:24.881+0200: 2,120: Total time for which application threads were stopped: 0,0002835 seconds, Stopping threads took: 0,0000428 seconds
{Heap before GC invocations=0 (full 0):
 par new generation   total 109248K, used 87424K [0x00000000e0000000, 0x00000000e8000000, 0x00000000e8000000)
  eden space 87424K, 100% used [0x00000000e0000000, 0x00000000e5560000, 0x00000000e5560000)
  from space 21824K,   0% used [0x00000000e5560000, 0x00000000e5560000, 0x00000000e6ab0000)
  to   space 21824K,   0% used [0x00000000e6ab0000, 0x00000000e6ab0000, 0x00000000e8000000)
 concurrent mark-sweep generation total 393216K, used 0K [0x00000000e8000000, 0x0000000100000000, 0x0000000100000000)
 Metaspace       used 18047K, capacity 18400K, committed 18688K, reserved 1064960K
  class space    used 2035K, capacity 2196K, committed 2304K, reserved 1048576K
2017-08-20T11:19:24.983+0200: 2,222: [GC (Allocation Failure) 2017-08-20T11:19:24.983+0200: 2,222: [ParNew
Desired survivor size 20112992 bytes, new threshold 8 (max 8)
- age   1:   12606144 bytes,   12606144 total
: 87424K->12427K(109248K), 0,0168606 secs] 87424K->12427K(502464K), 0,0169523 secs] [Times: user=0,04 sys=0,02, real=0,01 secs] 
Heap after GC invocations=1 (full 0):
 par new generation   total 109248K, used 12427K [0x00000000e0000000, 0x00000000e8000000, 0x00000000e8000000)
  eden space 87424K,   0% used [0x00000000e0000000, 0x00000000e0000000, 0x00000000e5560000)
  from space 21824K,  56% used [0x00000000e6ab0000, 0x00000000e76d2dd0, 0x00000000e8000000)
  to   space 21824K,   0% used [0x00000000e5560000, 0x00000000e5560000, 0x00000000e6ab0000)
 concurrent mark-sweep generation total 393216K, used 0K [0x00000000e8000000, 0x0000000100000000, 0x0000000100000000)
 Metaspace       used 18047K, capacity 18400K, committed 18688K, reserved 1064960K
  class space    used 2035K, capacity 2196K, committed 2304K, reserved 1048576K
}
2017-08-20T11:19:25.000+0200: 2,239: Total time for which application threads were stopped: 0,0172218 seconds, Stopping threads took: 0,0000393 seconds
2017-08-20T11:19:25.346+0200: 2,585: Total time for which application threads were stopped: 0,0003058 seconds, Stopping threads took: 0,0000255 seconds
{Heap before GC invocations=1 (full 0):
 par new generation   total 109248K, used 99842K [0x00000000e0000000, 0x00000000e8000000, 0x00000000e8000000)
  eden space 87424K,  99% used [0x00000000e0000000, 0x00000000e555dc58, 0x00000000e5560000)
  from space 21824K,  56% used [0x00000000e6ab0000, 0x00000000e76d2dd0, 0x00000000e8000000)
  to   space 21824K,   0% used [0x00000000e5560000, 0x00000000e5560000, 0x00000000e6ab0000)
 concurrent mark-sweep generation total 393216K, used 0K [0x00000000e8000000, 0x0000000100000000, 0x0000000100000000)
 Metaspace       used 20095K, capacity 20420K, committed 20736K, reserved 1067008K
  class space    used 2294K, capacity 2466K, committed 2560K, reserved 1048576K
2017-08-20T11:19:25.392+0200: 2,631: [GC (Allocation Failure) 2017-08-20T11:19:25.392+0200: 2,631: [ParNew
Desired survivor size 20112992 bytes, new threshold 8 (max 8)
- age   1:    3657328 bytes,    3657328 total
- age   2:    6675392 bytes,   10332720 total
: 99842K->13781K(109248K), 0,0138593 secs] 99842K->13781K(502464K), 0,0139417 secs] [Times: user=0,06 sys=0,00, real=0,01 secs] 
Heap after GC invocations=2 (full 0):
 par new generation   total 109248K, used 13781K [0x00000000e0000000, 0x00000000e8000000, 0x00000000e8000000)
  eden space 87424K,   0% used [0x00000000e0000000, 0x00000000e0000000, 0x00000000e5560000)
  from space 21824K,  63% used [0x00000000e5560000, 0x00000000e62d56f8, 0x00000000e6ab0000)
  to   space 21824K,   0% used [0x00000000e6ab0000, 0x00000000e6ab0000, 0x00000000e8000000)
 concurrent mark-sweep generation total 393216K, used 0K [0x00000000e8000000, 0x0000000100000000, 0x0000000100000000)
 Metaspace       used 20095K, capacity 20420K, committed 20736K, reserved 1067008K
  class space    used 2294K, capacity 2466K, committed 2560K, reserved 1048576K
}
2017-08-20T11:19:25.406+0200: 2,645: Total time for which application threads were stopped: 0,0144232 seconds, Stopping threads took: 0,0000761 seconds
2017-08-20T11:19:25.438+0200: 2,676: Total time for which application threads were stopped: 0,0004341 seconds, Stopping threads took: 0,0001081 seconds
2017-08-20T11:19:25.559+0200: 2,798: Total time for which application threads were stopped: 0,0001897 seconds, Stopping threads took: 0,0000465 seconds
2017-08-20T11:19:25.561+0200: 2,800: Total time for which application threads were stopped: 0,0000999 seconds, Stopping threads took: 0,0000448 seconds
{Heap before GC invocations=2 (full 0):
 par new generation   total 109248K, used 101205K [0x00000000e0000000, 0x00000000e8000000, 0x00000000e8000000)
  eden space 87424K, 100% used [0x00000000e0000000, 0x00000000e5560000, 0x00000000e5560000)
  from space 21824K,  63% used [0x00000000e5560000, 0x00000000e62d56f8, 0x00000000e6ab0000)
  to   space 21824K,   0% used [0x00000000e6ab0000, 0x00000000e6ab0000, 0x00000000e8000000)
 concurrent mark-sweep generation total 393216K, used 0K [0x00000000e8000000, 0x0000000100000000, 0x0000000100000000)
 Metaspace       used 21010K, capacity 21342K, committed 21628K, reserved 1069056K
  class space    used 2415K, capacity 2585K, committed 2684K, reserved 1048576K
2017-08-20T11:19:25.604+0200: 2,843: [GC (Allocation Failure) 2017-08-20T11:19:25.604+0200: 2,843: [ParNew
Desired survivor size 20112992 bytes, new threshold 8 (max 8)
- age   1:    1970720 bytes,    1970720 total
- age   2:     872000 bytes,    2842720 total
- age   3:    6673008 bytes,    9515728 total
: 101205K->11505K(109248K), 0,0095423 secs] 101205K->11505K(502464K), 0,0096094 secs] [Times: user=0,04 sys=0,00, real=0,01 secs] 
Heap after GC invocations=3 (full 0):
 par new generation   total 109248K, used 11505K [0x00000000e0000000, 0x00000000e8000000, 0x00000000e8000000)
  eden space 87424K,   0% used [0x00000000e0000000, 0x00000000e0000000, 0x00000000e5560000)
  from space 21824K,  52% used [0x00000000e6ab0000, 0x00000000e75ec600, 0x00000000e8000000)
  to   space 21824K,   0% used [0x00000000e5560000, 0x00000000e5560000, 0x00000000e6ab0000)
 concurrent mark-sweep generation total 393216K, used 0K [0x00000000e8000000, 0x0000000100000000, 0x0000000100000000)
 Metaspace       used 21010K, capacity 21342K, committed 21628K, reserved 1069056K
  class space    used 2415K, capacity 2585K, committed 2684K, reserved 1048576K
}
2017-08-20T11:19:25.614+0200: 2,852: Total time for which application threads were stopped: 0,0103056 seconds, Stopping threads took: 0,0005728 seconds
2017-08-20T11:19:25.614+0200: 2,852: [GC (CMS Initial Mark) [1 CMS-initial-mark: 0K(393216K)] 12215K(502464K), 0,0029411 secs] [Times: user=0,00 sys=0,00, real=0,00 secs] 
2017-08-20T11:19:25.617+0200: 2,855: Total time for which application threads were stopped: 0,0030707 seconds, Stopping threads took: 0,0000383 seconds
2017-08-20T11:19:25.617+0200: 2,855: [CMS-concurrent-mark-start]
2017-08-20T11:19:25.617+0200: 2,856: [CMS-concurrent-mark: 0,000/0,000 secs] [Times: user=0,00 sys=0,00, real=0,00 secs] 
2017-08-20T11:19:25.617+0200: 2,856: [CMS-concurrent-preclean-start]
2017-08-20T11:19:25.618+0200: 2,857: [CMS-concurrent-preclean: 0,001/0,001 secs] [Times: user=0,01 sys=0,01, real=0,00 secs] 
2017-08-20T11:19:25.618+0200: 2,857: [CMS-concurrent-abortable-preclean-start]
2017-08-20T11:19:25.660+0200: 2,898: Total time for which application threads were stopped: 0,0001714 seconds, Stopping threads took: 0,0000683 seconds
{Heap before GC invocations=3 (full 1):
 par new generation   total 109248K, used 98929K [0x00000000e0000000, 0x00000000e8000000, 0x00000000e8000000)
  eden space 87424K, 100% used [0x00000000e0000000, 0x00000000e5560000, 0x00000000e5560000)
  from space 21824K,  52% used [0x00000000e6ab0000, 0x00000000e75ec600, 0x00000000e8000000)
  to   space 21824K,   0% used [0x00000000e5560000, 0x00000000e5560000, 0x00000000e6ab0000)
 concurrent mark-sweep generation total 393216K, used 0K [0x00000000e8000000, 0x0000000100000000, 0x0000000100000000)
 Metaspace       used 21292K, capacity 21612K, committed 21884K, reserved 1069056K
  class space    used 2444K, capacity 2599K, committed 2684K, reserved 1048576K
2017-08-20T11:19:25.741+0200: 2,980: [GC (Allocation Failure) 2017-08-20T11:19:25.741+0200: 2,980: [ParNew
Desired survivor size 20112992 bytes, new threshold 8 (max 8)
- age   1:    1014584 bytes,    1014584 total
- age   2:    1449528 bytes,    2464112 total
- age   3:     846512 bytes,    3310624 total
- age   4:    6673184 bytes,    9983808 total
: 98929K->14713K(109248K), 0,0097178 secs] 98929K->14713K(502464K), 0,0097786 secs] [Times: user=0,03 sys=0,00, real=0,01 secs] 
Heap after GC invocations=4 (full 1):
 par new generation   total 109248K, used 14713K [0x00000000e0000000, 0x00000000e8000000, 0x00000000e8000000)
  eden space 87424K,   0% used [0x00000000e0000000, 0x00000000e0000000, 0x00000000e5560000)
  from space 21824K,  67% used [0x00000000e5560000, 0x00000000e63be640, 0x00000000e6ab0000)
  to   space 21824K,   0% used [0x00000000e6ab0000, 0x00000000e6ab0000, 0x00000000e8000000)
 concurrent mark-sweep generation total 393216K, used 0K [0x00000000e8000000, 0x0000000100000000, 0x0000000100000000)
 Metaspace       used 21292K, capacity 21612K, committed 21884K, reserved 1069056K
  class space    used 2444K, capacity 2599K, committed 2684K, reserved 1048576K
}
2017-08-20T11:19:25.751+0200: 2,990: Total time for which application threads were stopped: 0,0124576 seconds, Stopping threads took: 0,0025396 seconds
2017-08-20T11:19:25.751+0200: 2,990: [CMS-concurrent-abortable-preclean: 0,082/0,133 secs] [Times: user=0,50 sys=0,00, real=0,14 secs] 
2017-08-20T11:19:25.751+0200: 2,990: [GC (CMS Final Remark) [YG occupancy: 15401 K (109248 K)]{Heap before GC invocations=4 (full 1):
 par new generation   total 109248K, used 15401K [0x00000000e0000000, 0x00000000e8000000, 0x00000000e8000000)
  eden space 87424K,   0% used [0x00000000e0000000, 0x00000000e00abf80, 0x00000000e5560000)
  from space 21824K,  67% used [0x00000000e5560000, 0x00000000e63be640, 0x00000000e6ab0000)
  to   space 21824K,   0% used [0x00000000e6ab0000, 0x00000000e6ab0000, 0x00000000e8000000)
 concurrent mark-sweep generation total 393216K, used 0K [0x00000000e8000000, 0x0000000100000000, 0x0000000100000000)
 Metaspace       used 21292K, capacity 21612K, committed 21884K, reserved 1069056K
  class space    used 2444K, capacity 2599K, committed 2684K, reserved 1048576K
2017-08-20T11:19:25.751+0200: 2,990: [GC (CMS Final Remark) 2017-08-20T11:19:25.751+0200: 2,990: [ParNew
Desired survivor size 20112992 bytes, new threshold 8 (max 8)
- age   1:      38712 bytes,      38712 total
- age   2:     941568 bytes,     980280 total
- age   3:    1449528 bytes,    2429808 total
- age   4:     846512 bytes,    3276320 total
- age   5:    6673088 bytes,    9949408 total
: 15401K->11348K(109248K), 0,0091257 secs] 15401K->11348K(502464K), 0,0091631 secs] [Times: user=0,03 sys=0,00, real=0,00 secs] 
Heap after GC invocations=5 (full 1):
 par new generation   total 109248K, used 11348K [0x00000000e0000000, 0x00000000e8000000, 0x00000000e8000000)
  eden space 87424K,   0% used [0x00000000e0000000, 0x00000000e0000000, 0x00000000e5560000)
  from space 21824K,  51% used [0x00000000e6ab0000, 0x00000000e75c5170, 0x00000000e8000000)
  to   space 21824K,   0% used [0x00000000e5560000, 0x00000000e5560000, 0x00000000e6ab0000)
 concurrent mark-sweep generation total 393216K, used 0K [0x00000000e8000000, 0x0000000100000000, 0x0000000100000000)
 Metaspace       used 21292K, capacity 21612K, committed 21884K, reserved 1069056K
  class space    used 2444K, capacity 2599K, committed 2684K, reserved 1048576K
}
2017-08-20T11:19:25.760+0200: 2,999: [Rescan (parallel) , 0,0032673 secs]2017-08-20T11:19:25.764+0200: 3,002: [weak refs processing, 0,0006160 secs]2017-08-20T11:19:25.764+0200: 3,003: [class unloading, 0,0029984 secs]2017-08-20T11:19:25.767+0200: 3,006: [scrub symbol table, 0,0026901 secs]2017-08-20T11:19:25.770+0200: 3,009: [scrub string table, 0,0003846 secs][1 CMS-remark: 0K(393216K)] 11348K(502464K), 0,0197918 secs] [Times: user=0,05 sys=0,00, real=0,02 secs] 
2017-08-20T11:19:25.771+0200: 3,010: Total time for which application threads were stopped: 0,0199057 seconds, Stopping threads took: 0,0000380 seconds
2017-08-20T11:19:25.771+0200: 3,010: [CMS-concurrent-sweep-start]
2017-08-20T11:19:25.771+0200: 3,010: [CMS-concurrent-sweep: 0,000/0,000 secs] [Times: user=0,00 sys=0,00, real=0,00 secs] 
2017-08-20T11:19:25.771+0200: 3,010: [CMS-concurrent-reset-start]
2017-08-20T11:19:25.773+0200: 3,012: [CMS-concurrent-reset: 0,002/0,002 secs] [Times: user=0,01 sys=0,00, real=0,00 secs] 
{Heap before GC invocations=5 (full 1):
 par new generation   total 109248K, used 98772K [0x00000000e0000000, 0x00000000e8000000, 0x00000000e8000000)
  eden space 87424K, 100% used [0x00000000e0000000, 0x00000000e5560000, 0x00000000e5560000)
  from space 21824K,  51% used [0x00000000e6ab0000, 0x00000000e75c5170, 0x00000000e8000000)
  to   space 21824K,   0% used [0x00000000e5560000, 0x00000000e5560000, 0x00000000e6ab0000)
 concurrent mark-sweep generation total 393216K, used 0K [0x00000000e8000000, 0x0000000100000000, 0x0000000100000000)
 Metaspace       used 21426K, capacity 21848K, committed 22140K, reserved 1069056K
  class space    used 2463K, capacity 2633K, committed 2684K, reserved 1048576K
2017-08-20T11:19:25.869+0200: 3,108: [GC (Allocation Failure) 2017-08-20T11:19:25.869+0200: 3,108: [ParNew
Desired survivor size 20112992 bytes, new threshold 8 (max 8)
- age   1:     372680 bytes,     372680 total
- age   3:     194160 bytes,     566840 total
- age   4:    1449280 bytes,    2016120 total
- age   5:     846384 bytes,    2862504 total
- age   6:    6673432 bytes,    9535936 total
: 98772K->12632K(109248K), 0,0148717 secs] 98772K->12632K(502464K), 0,0149379 secs] [Times: user=0,05 sys=0,00, real=0,01 secs] 
Heap after GC invocations=6 (full 1):
 par new generation   total 109248K, used 12632K [0x00000000e0000000, 0x00000000e8000000, 0x00000000e8000000)
  eden space 87424K,   0% used [0x00000000e0000000, 0x00000000e0000000, 0x00000000e5560000)
  from space 21824K,  57% used [0x00000000e5560000, 0x00000000e61b63d0, 0x00000000e6ab0000)
  to   space 21824K,   0% used [0x00000000e6ab0000, 0x00000000e6ab0000, 0x00000000e8000000)
 concurrent mark-sweep generation total 393216K, used 0K [0x00000000e8000000, 0x0000000100000000, 0x0000000100000000)
 Metaspace       used 21426K, capacity 21848K, committed 22140K, reserved 1069056K
  class space    used 2463K, capacity 2633K, committed 2684K, reserved 1048576K
}
2017-08-20T11:19:25.884+0200: 3,123: Total time for which application threads were stopped: 0,0151918 seconds, Stopping threads took: 0,0000656 seconds
2017-08-20T11:19:25.920+0200: 3,159: Total time for which application threads were stopped: 0,0003085 seconds, Stopping threads took: 0,0000177 seconds
2017-08-20T11:19:26.129+0200: 3,368: Total time for which application threads were stopped: 0,0005501 seconds, Stopping threads took: 0,0000657 seconds
2017-08-20T11:19:26.142+0200: 3,381: Total time for which application threads were stopped: 0,0003949 seconds, Stopping threads took: 0,0000547 seconds
{Heap before GC invocations=6 (full 1):
 par new generation   total 109248K, used 100056K [0x00000000e0000000, 0x00000000e8000000, 0x00000000e8000000)
  eden space 87424K, 100% used [0x00000000e0000000, 0x00000000e5560000, 0x00000000e5560000)
  from space 21824K,  57% used [0x00000000e5560000, 0x00000000e61b63d0, 0x00000000e6ab0000)
  to   space 21824K,   0% used [0x00000000e6ab0000, 0x00000000e6ab0000, 0x00000000e8000000)
 concurrent mark-sweep generation total 393216K, used 0K [0x00000000e8000000, 0x0000000100000000, 0x0000000100000000)
 Metaspace       used 24190K, capacity 24666K, committed 24828K, reserved 1071104K
  class space    used 2838K, capacity 3040K, committed 3068K, reserved 1048576K
2017-08-20T11:19:26.314+0200: 3,552: [GC (Allocation Failure) 2017-08-20T11:19:26.314+0200: 3,552: [ParNew
Desired survivor size 20112992 bytes, new threshold 8 (max 8)
- age   1:    5459104 bytes,    5459104 total
- age   2:     120728 bytes,    5579832 total
- age   4:     192752 bytes,    5772584 total
- age   5:     279504 bytes,    6052088 total
- age   6:     821968 bytes,    6874056 total
- age   7:    6664664 bytes,   13538720 total
: 100056K->15393K(109248K), 0,0116001 secs] 100056K->15393K(502464K), 0,0116643 secs] [Times: user=0,04 sys=0,00, real=0,01 secs] 
Heap after GC invocations=7 (full 1):
 par new generation   total 109248K, used 15393K [0x00000000e0000000, 0x00000000e8000000, 0x00000000e8000000)
  eden space 87424K,   0% used [0x00000000e0000000, 0x00000000e0000000, 0x00000000e5560000)
  from space 21824K,  70% used [0x00000000e6ab0000, 0x00000000e79b8480, 0x00000000e8000000)
  to   space 21824K,   0% used [0x00000000e5560000, 0x00000000e5560000, 0x00000000e6ab0000)
 concurrent mark-sweep generation total 393216K, used 0K [0x00000000e8000000, 0x0000000100000000, 0x0000000100000000)
 Metaspace       used 24190K, capacity 24666K, committed 24828K, reserved 1071104K
  class space    used 2838K, capacity 3040K, committed 3068K, reserved 1048576K
}
2017-08-20T11:19:26.325+0200: 3,564: Total time for which application threads were stopped: 0,0119280 seconds, Stopping threads took: 0,0000758 seconds
{Heap before GC invocations=7 (full 1):
 par new generation   total 109248K, used 102817K [0x00000000e0000000, 0x00000000e8000000, 0x00000000e8000000)
  eden space 87424K, 100% used [0x00000000e0000000, 0x00000000e5560000, 0x00000000e5560000)
  from space 21824K,  70% used [0x00000000e6ab0000, 0x00000000e79b8480, 0x00000000e8000000)
  to   space 21824K,   0% used [0x00000000e5560000, 0x00000000e5560000, 0x00000000e6ab0000)
 concurrent mark-sweep generation total 393216K, used 0K [0x00000000e8000000, 0x0000000100000000, 0x0000000100000000)
 Metaspace       used 24485K, capacity 24922K, committed 25084K, reserved 1071104K
  class space    used 2860K, capacity 3040K, committed 3068K, reserved 1048576K
2017-08-20T11:19:26.433+0200: 3,672: [GC (Allocation Failure) 2017-08-20T11:19:26.433+0200: 3,672: [ParNew
Desired survivor size 20112992 bytes, new threshold 8 (max 8)
- age   1:    1653696 bytes,    1653696 total
- age   2:    1800664 bytes,    3454360 total
- age   3:      67224 bytes,    3521584 total
- age   5:     110384 bytes,    3631968 total
- age   6:     178800 bytes,    3810768 total
- age   7:     779760 bytes,    4590528 total
- age   8:    6129992 bytes,   10720520 total
: 102817K->16973K(109248K), 0,0195154 secs] 102817K->16973K(502464K), 0,0196084 secs] [Times: user=0,07 sys=0,00, real=0,02 secs] 
Heap after GC invocations=8 (full 1):
 par new generation   total 109248K, used 16973K [0x00000000e0000000, 0x00000000e8000000, 0x00000000e8000000)
  eden space 87424K,   0% used [0x00000000e0000000, 0x00000000e0000000, 0x00000000e5560000)
  from space 21824K,  77% used [0x00000000e5560000, 0x00000000e65f34d0, 0x00000000e6ab0000)
  to   space 21824K,   0% used [0x00000000e6ab0000, 0x00000000e6ab0000, 0x00000000e8000000)
 concurrent mark-sweep generation total 393216K, used 0K [0x00000000e8000000, 0x0000000100000000, 0x0000000100000000)
 Metaspace       used 24485K, capacity 24922K, committed 25084K, reserved 1071104K
  class space    used 2860K, capacity 3040K, committed 3068K, reserved 1048576K
}
2017-08-20T11:19:26.453+0200: 3,692: Total time for which application threads were stopped: 0,0198921 seconds, Stopping threads took: 0,0000504 seconds
{Heap before GC invocations=8 (full 1):
 par new generation   total 109248K, used 104397K [0x00000000e0000000, 0x00000000e8000000, 0x00000000e8000000)
  eden space 87424K, 100% used [0x00000000e0000000, 0x00000000e5560000, 0x00000000e5560000)
  from space 21824K,  77% used [0x00000000e5560000, 0x00000000e65f34d0, 0x00000000e6ab0000)
  to   space 21824K,   0% used [0x00000000e6ab0000, 0x00000000e6ab0000, 0x00000000e8000000)
 concurrent mark-sweep generation total 393216K, used 0K [0x00000000e8000000, 0x0000000100000000, 0x0000000100000000)
 Metaspace       used 24937K, capacity 25370K, committed 25724K, reserved 1071104K
  class space    used 2900K, capacity 3078K, committed 3196K, reserved 1048576K
2017-08-20T11:19:26.552+0200: 3,791: [GC (Allocation Failure) 2017-08-20T11:19:26.552+0200: 3,791: [ParNew
Desired survivor size 20112992 bytes, new threshold 8 (max 8)
- age   1:    1579656 bytes,    1579656 total
- age   2:     998816 bytes,    2578472 total
- age   3:    1777816 bytes,    4356288 total
- age   4:      67224 bytes,    4423512 total
- age   6:     107504 bytes,    4531016 total
- age   7:     178368 bytes,    4709384 total
- age   8:     778992 bytes,    5488376 total
: 104397K->8169K(109248K), 0,0332177 secs] 104397K->14237K(502464K), 0,0332849 secs] [Times: user=0,10 sys=0,01, real=0,03 secs] 
Heap after GC invocations=9 (full 1):
 par new generation   total 109248K, used 8169K [0x00000000e0000000, 0x00000000e8000000, 0x00000000e8000000)
  eden space 87424K,   0% used [0x00000000e0000000, 0x00000000e0000000, 0x00000000e5560000)
  from space 21824K,  37% used [0x00000000e6ab0000, 0x00000000e72aa4f0, 0x00000000e8000000)
  to   space 21824K,   0% used [0x00000000e5560000, 0x00000000e5560000, 0x00000000e6ab0000)
 concurrent mark-sweep generation total 393216K, used 6068K [0x00000000e8000000, 0x0000000100000000, 0x0000000100000000)
 Metaspace       used 24937K, capacity 25370K, committed 25724K, reserved 1071104K
  class space    used 2900K, capacity 3078K, committed 3196K, reserved 1048576K
}
2017-08-20T11:19:26.585+0200: 3,824: Total time for which application threads were stopped: 0,0336027 seconds, Stopping threads took: 0,0001481 seconds
2017-08-20T11:19:26.816+0200: 4,055: Total time for which application threads were stopped: 0,0020266 seconds, Stopping threads took: 0,0017275 seconds
2017-08-20T11:19:26.818+0200: 4,057: Total time for which application threads were stopped: 0,0002102 seconds, Stopping threads took: 0,0001243 seconds
2017-08-20T11:19:26.820+0200: 4,058: Total time for which application threads were stopped: 0,0001184 seconds, Stopping threads took: 0,0000308 seconds
2017-08-20T11:19:26.823+0200: 4,061: Total time for which application threads were stopped: 0,0003865 seconds, Stopping threads took: 0,0003072 seconds
2017-08-20T11:19:26.825+0200: 4,064: Total time for which application threads were stopped: 0,0000957 seconds, Stopping threads took: 0,0000255 seconds
2017-08-20T11:19:26.829+0200: 4,068: Total time for which application threads were stopped: 0,0000835 seconds, Stopping threads took: 0,0000202 seconds
2017-08-20T11:19:26.829+0200: 4,068: Total time for which application threads were stopped: 0,0000619 seconds, Stopping threads took: 0,0000101 seconds
2017-08-20T11:19:26.830+0200: 4,069: Total time for which application threads were stopped: 0,0000687 seconds, Stopping threads took: 0,0000144 seconds
2017-08-20T11:19:26.830+0200: 4,069: Total time for which application threads were stopped: 0,0000773 seconds, Stopping threads took: 0,0000373 seconds
2017-08-20T11:19:26.831+0200: 4,069: Total time for which application threads were stopped: 0,0000533 seconds, Stopping threads took: 0,0000093 seconds
2017-08-20T11:19:26.831+0200: 4,069: Total time for which application threads were stopped: 0,0000457 seconds, Stopping threads took: 0,0000104 seconds
2017-08-20T11:19:26.831+0200: 4,070: Total time for which application threads were stopped: 0,0000709 seconds, Stopping threads took: 0,0000136 seconds
2017-08-20T11:19:26.834+0200: 4,072: Total time for which application threads were stopped: 0,0001332 seconds, Stopping threads took: 0,0000619 seconds
2017-08-20T11:19:26.837+0200: 4,076: Total time for which application threads were stopped: 0,0001313 seconds, Stopping threads took: 0,0000365 seconds
2017-08-20T11:19:26.839+0200: 4,078: Total time for which application threads were stopped: 0,0001197 seconds, Stopping threads took: 0,0000355 seconds
2017-08-20T11:19:26.840+0200: 4,079: Total time for which application threads were stopped: 0,0001393 seconds, Stopping threads took: 0,0000696 seconds
2017-08-20T11:19:26.841+0200: 4,080: Total time for which application threads were stopped: 0,0001094 seconds, Stopping threads took: 0,0000419 seconds
2017-08-20T11:19:26.842+0200: 4,080: Total time for which application threads were stopped: 0,0000978 seconds, Stopping threads took: 0,0000295 seconds
2017-08-20T11:19:26.843+0200: 4,082: Total time for which application threads were stopped: 0,0000844 seconds, Stopping threads took: 0,0000221 seconds
2017-08-20T11:19:26.844+0200: 4,082: Total time for which application threads were stopped: 0,0000745 seconds, Stopping threads took: 0,0000255 seconds
2017-08-20T11:19:26.844+0200: 4,083: Total time for which application threads were stopped: 0,0000703 seconds, Stopping threads took: 0,0000155 seconds
2017-08-20T11:19:26.846+0200: 4,085: Total time for which application threads were stopped: 0,0001280 seconds, Stopping threads took: 0,0000521 seconds
2017-08-20T11:19:26.850+0200: 4,088: Total time for which application threads were stopped: 0,0001842 seconds, Stopping threads took: 0,0000456 seconds
2017-08-20T11:19:26.884+0200: 4,123: Total time for which application threads were stopped: 0,0001723 seconds, Stopping threads took: 0,0000589 seconds
2017-08-20T11:19:26.887+0200: 4,126: Total time for which application threads were stopped: 0,0004861 seconds, Stopping threads took: 0,0000354 seconds
2017-08-20T11:19:26.890+0200: 4,128: Total time for which application threads were stopped: 0,0000966 seconds, Stopping threads took: 0,0000248 seconds
2017-08-20T11:19:26.893+0200: 4,132: Total time for which application threads were stopped: 0,0019895 seconds, Stopping threads took: 0,0019218 seconds
2017-08-20T11:19:26.899+0200: 4,137: Total time for which application threads were stopped: 0,0002424 seconds, Stopping threads took: 0,0001443 seconds
2017-08-20T11:19:26.904+0200: 4,143: Total time for which application threads were stopped: 0,0000960 seconds, Stopping threads took: 0,0000281 seconds
2017-08-20T11:19:26.905+0200: 4,143: Total time for which application threads were stopped: 0,0003302 seconds, Stopping threads took: 0,0000060 seconds
2017-08-20T11:19:26.906+0200: 4,145: Total time for which application threads were stopped: 0,0001092 seconds, Stopping threads took: 0,0000265 seconds
2017-08-20T11:19:26.910+0200: 4,148: Total time for which application threads were stopped: 0,0001465 seconds, Stopping threads took: 0,0000522 seconds
2017-08-20T11:19:26.912+0200: 4,151: Total time for which application threads were stopped: 0,0000885 seconds, Stopping threads took: 0,0000179 seconds
2017-08-20T11:19:26.914+0200: 4,153: Total time for which application threads were stopped: 0,0000946 seconds, Stopping threads took: 0,0000214 seconds
2017-08-20T11:19:26.917+0200: 4,155: Total time for which application threads were stopped: 0,0001323 seconds, Stopping threads took: 0,0000557 seconds
2017-08-20T11:19:26.917+0200: 4,156: Total time for which application threads were stopped: 0,0000698 seconds, Stopping threads took: 0,0000127 seconds
2017-08-20T11:19:26.918+0200: 4,156: Total time for which application threads were stopped: 0,0000602 seconds, Stopping threads took: 0,0000114 seconds
2017-08-20T11:19:26.954+0200: 4,193: Total time for which application threads were stopped: 0,0005456 seconds, Stopping threads took: 0,0000425 seconds
2017-08-20T11:19:26.957+0200: 4,196: Total time for which application threads were stopped: 0,0001458 seconds, Stopping threads took: 0,0000308 seconds
2017-08-20T11:19:26.958+0200: 4,196: Total time for which application threads were stopped: 0,0001639 seconds, Stopping threads took: 0,0000698 seconds
2017-08-20T11:19:26.958+0200: 4,196: Total time for which application threads were stopped: 0,0001320 seconds, Stopping threads took: 0,0000472 seconds
2017-08-20T11:19:26.965+0200: 4,204: Total time for which application threads were stopped: 0,0041238 seconds, Stopping threads took: 0,0040370 seconds
2017-08-20T11:19:26.970+0200: 4,209: Total time for which application threads were stopped: 0,0001252 seconds, Stopping threads took: 0,0000407 seconds
2017-08-20T11:19:26.979+0200: 4,217: Total time for which application threads were stopped: 0,0001331 seconds, Stopping threads took: 0,0000460 seconds
2017-08-20T11:19:26.985+0200: 4,224: Total time for which application threads were stopped: 0,0026799 seconds, Stopping threads took: 0,0025858 seconds
2017-08-20T11:19:26.985+0200: 4,224: Total time for which application threads were stopped: 0,0000905 seconds, Stopping threads took: 0,0000246 seconds
2017-08-20T11:19:26.989+0200: 4,227: Total time for which application threads were stopped: 0,0002217 seconds, Stopping threads took: 0,0001414 seconds
2017-08-20T11:19:26.989+0200: 4,227: Total time for which application threads were stopped: 0,0001560 seconds, Stopping threads took: 0,0000176 seconds
2017-08-20T11:19:26.991+0200: 4,230: Total time for which application threads were stopped: 0,0001230 seconds, Stopping threads took: 0,0000396 seconds
2017-08-20T11:19:26.994+0200: 4,233: Total time for which application threads were stopped: 0,0000915 seconds, Stopping threads took: 0,0000227 seconds
2017-08-20T11:19:26.997+0200: 4,236: Total time for which application threads were stopped: 0,0001272 seconds, Stopping threads took: 0,0000640 seconds
2017-08-20T11:19:27.007+0200: 4,245: Total time for which application threads were stopped: 0,0001254 seconds, Stopping threads took: 0,0000350 seconds
2017-08-20T11:19:27.029+0200: 4,268: Total time for which application threads were stopped: 0,0010227 seconds, Stopping threads took: 0,0009490 seconds
2017-08-20T11:19:27.037+0200: 4,276: Total time for which application threads were stopped: 0,0003601 seconds, Stopping threads took: 0,0002855 seconds
2017-08-20T11:19:27.060+0200: 4,298: Total time for which application threads were stopped: 0,0001008 seconds, Stopping threads took: 0,0000383 seconds
2017-08-20T11:19:27.060+0200: 4,299: Total time for which application threads were stopped: 0,0003377 seconds, Stopping threads took: 0,0000116 seconds
2017-08-20T11:19:27.061+0200: 4,299: Total time for which application threads were stopped: 0,0000625 seconds, Stopping threads took: 0,0000152 seconds
2017-08-20T11:19:27.065+0200: 4,304: Total time for which application threads were stopped: 0,0001565 seconds, Stopping threads took: 0,0000793 seconds
2017-08-20T11:19:28.065+0200: 5,304: Total time for which application threads were stopped: 0,0000803 seconds, Stopping threads took: 0,0000194 seconds
2017-08-20T11:21:19.590+0200: 117,316: Total time for which application threads were stopped: 0,0002421 seconds, Stopping threads took: 0,0000764 seconds
2017-08-20T11:21:24.591+0200: 122,317: Total time for which application threads were stopped: 0,0000616 seconds, Stopping threads took: 0,0000160 seconds
{Heap before GC invocations=9 (full 1):
 par new generation   total 109248K, used 95593K [0x00000000e0000000, 0x00000000e8000000, 0x00000000e8000000)
  eden space 87424K, 100% used [0x00000000e0000000, 0x00000000e5560000, 0x00000000e5560000)
  from space 21824K,  37% used [0x00000000e6ab0000, 0x00000000e72aa4f0, 0x00000000e8000000)
  to   space 21824K,   0% used [0x00000000e5560000, 0x00000000e5560000, 0x00000000e6ab0000)
 concurrent mark-sweep generation total 393216K, used 6068K [0x00000000e8000000, 0x0000000100000000, 0x0000000100000000)
 Metaspace       used 28066K, capacity 28552K, committed 28796K, reserved 1075200K
  class space    used 3211K, capacity 3387K, committed 3452K, reserved 1048576K
2017-08-20T11:22:18.403+0200: 176,129: [GC (Allocation Failure) 2017-08-20T11:22:18.403+0200: 176,129: [ParNew
Desired survivor size 20112992 bytes, new threshold 8 (max 8)
- age   1:   10822152 bytes,   10822152 total
- age   2:     236648 bytes,   11058800 total
- age   3:     219432 bytes,   11278232 total
- age   4:    1772920 bytes,   13051152 total
- age   5:      67224 bytes,   13118376 total
- age   7:     107376 bytes,   13225752 total
- age   8:     178272 bytes,   13404024 total
: 95593K->14169K(109248K), 0,0185579 secs] 101661K->21088K(502464K), 0,0186917 secs] [Times: user=0,06 sys=0,00, real=0,02 secs] 
Heap after GC invocations=10 (full 1):
 par new generation   total 109248K, used 14169K [0x00000000e0000000, 0x00000000e8000000, 0x00000000e8000000)
  eden space 87424K,   0% used [0x00000000e0000000, 0x00000000e0000000, 0x00000000e5560000)
  from space 21824K,  64% used [0x00000000e5560000, 0x00000000e6336528, 0x00000000e6ab0000)
  to   space 21824K,   0% used [0x00000000e6ab0000, 0x00000000e6ab0000, 0x00000000e8000000)
 concurrent mark-sweep generation total 393216K, used 6919K [0x00000000e8000000, 0x0000000100000000, 0x0000000100000000)
 Metaspace       used 28066K, capacity 28552K, committed 28796K, reserved 1075200K
  class space    used 3211K, capacity 3387K, committed 3452K, reserved 1048576K
}
2017-08-20T11:22:18.422+0200: 176,148: Total time for which application threads were stopped: 0,0191438 seconds, Stopping threads took: 0,0002519 seconds
2017-08-20T11:22:18.422+0200: 176,148: Total time for which application threads were stopped: 0,0000747 seconds, Stopping threads took: 0,0000326 seconds
2017-08-20T11:22:18.422+0200: 176,148: Total time for which application threads were stopped: 0,0000297 seconds, Stopping threads took: 0,0000113 seconds
2017-08-20T11:42:53.559+0200: 1411,285: Total time for which application threads were stopped: 0,0002977 seconds, Stopping threads took: 0,0000508 seconds
2017-08-20T11:47:48.591+0200: 1706,316: Total time for which application threads were stopped: 0,0000956 seconds, Stopping threads took: 0,0000383 seconds
2017-08-20T11:57:44.655+0200: 2302,381: Total time for which application threads were stopped: 0,0001036 seconds, Stopping threads took: 0,0000394 seconds
2017-08-20T11:57:49.656+0200: 2307,381: Total time for which application threads were stopped: 0,0000903 seconds, Stopping threads took: 0,0000203 seconds
2017-08-20T12:06:33.709+0200: 2831,435: Total time for which application threads were stopped: 0,0000792 seconds, Stopping threads took: 0,0000322 seconds
2017-08-20T12:17:14.778+0200: 3472,504: Total time for which application threads were stopped: 0,0000927 seconds, Stopping threads took: 0,0000323 seconds
2017-08-20T12:23:48.824+0200: 3866,549: Total time for which application threads were stopped: 0,0004429 seconds, Stopping threads took: 0,0001731 seconds
2017-08-20T12:43:19.946+0200: 5037,672: Total time for which application threads were stopped: 0,0000766 seconds, Stopping threads took: 0,0000317 seconds
2017-08-20T12:43:54.950+0200: 5072,675: Total time for which application threads were stopped: 0,0000868 seconds, Stopping threads took: 0,0000368 seconds
2017-08-20T13:13:35.140+0200: 6852,865: Total time for which application threads were stopped: 0,0001510 seconds, Stopping threads took: 0,0000604 seconds
2017-08-20T13:21:24.215+0200: 7321,941: Total time for which application threads were stopped: 0,0001770 seconds, Stopping threads took: 0,0000666 seconds
2017-08-20T13:27:24.265+0200: 7681,991: Total time for which application threads were stopped: 0,0000999 seconds, Stopping threads took: 0,0000356 seconds
2017-08-20T13:27:54.268+0200: 7711,993: Total time for which application threads were stopped: 0,0000774 seconds, Stopping threads took: 0,0000290 seconds
2017-08-20T15:35:24.071+0200: 15361,796: Total time for which application threads were stopped: 0,0000865 seconds, Stopping threads took: 0,0000346 seconds
2017-08-20T15:50:35.191+0200: 16272,917: Total time for which application threads were stopped: 0,0000882 seconds, Stopping threads took: 0,0000374 seconds
2017-08-20T17:14:24.768+0200: 21302,493: Total time for which application threads were stopped: 0,0004080 seconds, Stopping threads took: 0,0001585 seconds
2017-08-20T17:48:54.032+0200: 23371,757: Total time for which application threads were stopped: 0,0000815 seconds, Stopping threads took: 0,0000343 seconds
2017-08-21T00:48:30.710+0200: 48363,914: Total time for which application threads were stopped: 0,0192415 seconds, Stopping threads took: 0,0191525 seconds
2017-08-21T00:48:30.712+0200: 48363,916: Total time for which application threads were stopped: 0,0001987 seconds, Stopping threads took: 0,0000257 seconds
2017-08-21T00:48:30.712+0200: 48363,916: Total time for which application threads were stopped: 0,0000767 seconds, Stopping threads took: 0,0000073 seconds
2017-08-21T00:48:30.712+0200: 48363,916: Total time for which application threads were stopped: 0,0000651 seconds, Stopping threads took: 0,0000195 seconds
2017-08-21T00:48:30.712+0200: 48363,916: Total time for which application threads were stopped: 0,0000379 seconds, Stopping threads took: 0,0000049 seconds
2017-08-21T00:48:30.712+0200: 48363,917: Total time for which application threads were stopped: 0,0000489 seconds, Stopping threads took: 0,0000048 seconds
2017-08-21T00:48:30.712+0200: 48363,917: Total time for which application threads were stopped: 0,0000376 seconds, Stopping threads took: 0,0000050 seconds
2017-08-21T00:48:30.712+0200: 48363,917: Total time for which application threads were stopped: 0,0000374 seconds, Stopping threads took: 0,0000052 seconds
2017-08-21T00:48:30.726+0200: 48363,930: Total time for which application threads were stopped: 0,0002326 seconds, Stopping threads took: 0,0001018 seconds
2017-08-21T00:48:30.726+0200: 48363,930: Total time for which application threads were stopped: 0,0000495 seconds, Stopping threads took: 0,0000136 seconds
2017-08-21T00:48:30.726+0200: 48363,931: Total time for which application threads were stopped: 0,0000422 seconds, Stopping threads took: 0,0000120 seconds
2017-08-21T00:48:30.726+0200: 48363,931: Total time for which application threads were stopped: 0,0000421 seconds, Stopping threads took: 0,0000110 seconds
2017-08-21T00:48:30.726+0200: 48363,931: Total time for which application threads were stopped: 0,0000455 seconds, Stopping threads took: 0,0000114 seconds
2017-08-21T00:48:30.726+0200: 48363,931: Total time for which application threads were stopped: 0,0000536 seconds, Stopping threads took: 0,0000195 seconds
2017-08-21T00:48:30.726+0200: 48363,931: Total time for which application threads were stopped: 0,0000487 seconds, Stopping threads took: 0,0000125 seconds
2017-08-21T00:48:30.730+0200: 48363,935: Total time for which application threads were stopped: 0,0001107 seconds, Stopping threads took: 0,0000327 seconds
2017-08-21T00:48:30.730+0200: 48363,935: Total time for which application threads were stopped: 0,0000743 seconds, Stopping threads took: 0,0000203 seconds
2017-08-21T00:48:30.731+0200: 48363,935: Total time for which application threads were stopped: 0,0000596 seconds, Stopping threads took: 0,0000161 seconds
2017-08-21T00:48:30.731+0200: 48363,935: Total time for which application threads were stopped: 0,0000507 seconds, Stopping threads took: 0,0000135 seconds
2017-08-21T00:48:30.731+0200: 48363,935: Total time for which application threads were stopped: 0,0000546 seconds, Stopping threads took: 0,0000124 seconds
2017-08-21T00:48:30.731+0200: 48363,936: Total time for which application threads were stopped: 0,0001044 seconds, Stopping threads took: 0,0000380 seconds
2017-08-21T00:48:30.731+0200: 48363,936: Total time for which application threads were stopped: 0,0000608 seconds, Stopping threads took: 0,0000154 seconds
2017-08-21T00:48:30.732+0200: 48363,936: Total time for which application threads were stopped: 0,0000556 seconds, Stopping threads took: 0,0000132 seconds
2017-08-21T00:48:30.732+0200: 48363,936: Total time for which application threads were stopped: 0,0000641 seconds, Stopping threads took: 0,0000136 seconds
2017-08-21T00:48:30.732+0200: 48363,936: Total time for which application threads were stopped: 0,0000536 seconds, Stopping threads took: 0,0000129 seconds
2017-08-21T00:48:30.732+0200: 48363,936: Total time for which application threads were stopped: 0,0000504 seconds, Stopping threads took: 0,0000155 seconds
2017-08-21T00:48:30.732+0200: 48363,936: Total time for which application threads were stopped: 0,0000482 seconds, Stopping threads took: 0,0000130 seconds
2017-08-21T00:48:30.732+0200: 48363,936: Total time for which application threads were stopped: 0,0000477 seconds, Stopping threads took: 0,0000119 seconds
2017-08-21T00:48:30.732+0200: 48363,936: Total time for which application threads were stopped: 0,0000761 seconds, Stopping threads took: 0,0000123 seconds
2017-08-21T00:48:30.733+0200: 48363,938: Total time for which application threads were stopped: 0,0001176 seconds, Stopping threads took: 0,0000333 seconds
2017-08-21T00:48:30.733+0200: 48363,938: Total time for which application threads were stopped: 0,0000600 seconds, Stopping threads took: 0,0000172 seconds
2017-08-21T00:48:30.735+0200: 48363,939: Total time for which application threads were stopped: 0,0001313 seconds, Stopping threads took: 0,0000544 seconds
2017-08-21T00:48:30.735+0200: 48363,940: Total time for which application threads were stopped: 0,0000618 seconds, Stopping threads took: 0,0000143 seconds
2017-08-21T00:48:30.735+0200: 48363,940: Total time for which application threads were stopped: 0,0000581 seconds, Stopping threads took: 0,0000142 seconds
2017-08-21T00:48:30.735+0200: 48363,940: Total time for which application threads were stopped: 0,0000509 seconds, Stopping threads took: 0,0000135 seconds
2017-08-21T00:48:30.755+0200: 48363,959: Total time for which application threads were stopped: 0,0001423 seconds, Stopping threads took: 0,0000430 seconds
2017-08-21T00:48:30.755+0200: 48363,959: Total time for which application threads were stopped: 0,0000786 seconds, Stopping threads took: 0,0000188 seconds
2017-08-21T00:48:30.757+0200: 48363,961: Total time for which application threads were stopped: 0,0001116 seconds, Stopping threads took: 0,0000344 seconds
2017-08-21T00:48:30.757+0200: 48363,961: Total time for which application threads were stopped: 0,0000613 seconds, Stopping threads took: 0,0000194 seconds
2017-08-21T00:48:30.759+0200: 48363,964: Total time for which application threads were stopped: 0,0001034 seconds, Stopping threads took: 0,0000317 seconds
2017-08-21T00:48:30.759+0200: 48363,964: Total time for which application threads were stopped: 0,0000531 seconds, Stopping threads took: 0,0000107 seconds
2017-08-21T00:48:30.761+0200: 48363,966: Total time for which application threads were stopped: 0,0001070 seconds, Stopping threads took: 0,0000355 seconds
2017-08-21T00:48:30.761+0200: 48363,966: Total time for which application threads were stopped: 0,0000485 seconds, Stopping threads took: 0,0000134 seconds
2017-08-21T00:48:30.761+0200: 48363,966: Total time for which application threads were stopped: 0,0000470 seconds, Stopping threads took: 0,0000146 seconds
2017-08-21T00:48:30.762+0200: 48363,967: Total time for which application threads were stopped: 0,0000924 seconds, Stopping threads took: 0,0000292 seconds
2017-08-21T00:48:30.762+0200: 48363,967: Total time for which application threads were stopped: 0,0000396 seconds, Stopping threads took: 0,0000068 seconds
2017-08-21T00:48:30.762+0200: 48363,967: Total time for which application threads were stopped: 0,0000442 seconds, Stopping threads took: 0,0000132 seconds
2017-08-21T00:48:30.763+0200: 48363,967: Total time for which application threads were stopped: 0,0000440 seconds, Stopping threads took: 0,0000130 seconds
2017-08-21T00:48:30.763+0200: 48363,967: Total time for which application threads were stopped: 0,0000492 seconds, Stopping threads took: 0,0000155 seconds
2017-08-21T00:48:30.763+0200: 48363,967: Total time for which application threads were stopped: 0,0000669 seconds, Stopping threads took: 0,0000202 seconds
2017-08-21T00:48:30.763+0200: 48363,968: Total time for which application threads were stopped: 0,0000483 seconds, Stopping threads took: 0,0000133 seconds
2017-08-21T00:48:30.764+0200: 48363,968: Total time for which application threads were stopped: 0,0004356 seconds, Stopping threads took: 0,0000116 seconds
2017-08-21T00:48:30.764+0200: 48363,969: Total time for which application threads were stopped: 0,0000856 seconds, Stopping threads took: 0,0000270 seconds
2017-08-21T00:48:30.765+0200: 48363,970: Total time for which application threads were stopped: 0,0001557 seconds, Stopping threads took: 0,0000378 seconds
2017-08-21T00:48:30.767+0200: 48363,971: Total time for which application threads were stopped: 0,0000852 seconds, Stopping threads took: 0,0000227 seconds
2017-08-21T00:48:30.773+0200: 48363,977: Total time for which application threads were stopped: 0,0032315 seconds, Stopping threads took: 0,0031232 seconds
Heap
 par new generation   total 109248K, used 35368K [0x00000000e0000000, 0x00000000e8000000, 0x00000000e8000000)
  eden space 87424K,  24% used [0x00000000e0000000, 0x00000000e14b3cf0, 0x00000000e5560000)
  from space 21824K,  64% used [0x00000000e5560000, 0x00000000e6336528, 0x00000000e6ab0000)
  to   space 21824K,   0% used [0x00000000e6ab0000, 0x00000000e6ab0000, 0x00000000e8000000)
 concurrent mark-sweep generation total 393216K, used 6919K [0x00000000e8000000, 0x0000000100000000, 0x0000000100000000)
 Metaspace       used 28235K, capacity 28848K, committed 29052K, reserved 1075200K
  class space    used 3225K, capacity 3421K, committed 3452K, reserved 1048576K
