OpenJDK 64-Bit Server VM (25.121-b13) for linux-amd64 JRE (1.8.0_121-8u121-b13-0ubuntu1.16.04.2-b13), built on Jan 23 2017 15:51:29 by "buildd" with gcc 5.4.0 20160609
Memory: 4k page, physical 7867764k(7417616k free), swap 8076284k(8076284k free)
CommandLine flags: -XX:CMSInitiatingOccupancyFraction=50 -XX:CMSMaxAbortablePrecleanTime=6000 -XX:+CMSParallelRemarkEnabled -XX:+CMSScavengeBeforeRemark -XX:ConcGCThreads=4 -XX:InitialHeapSize=536870912 -XX:MaxHeapSize=536870912 -XX:MaxTenuringThreshold=8 -XX:NewRatio=3 -XX:OldPLABSize=16 -XX:OnOutOfMemoryError=/opt/solr/bin/oom_solr.sh 8983 /var/solr/logs -XX:ParallelGCThreads=4 -XX:+ParallelRefProcEnabled -XX:PretenureSizeThreshold=67108864 -XX:+PrintGC -XX:+PrintGCApplicationStoppedTime -XX:+PrintGCDateStamps -XX:+PrintGCDetails -XX:+PrintGCTimeStamps -XX:+PrintHeapAtGC -XX:+PrintTenuringDistribution -XX:SurvivorRatio=4 -XX:TargetSurvivorRatio=90 -XX:ThreadStackSize=256 -XX:+UseCMSInitiatingOccupancyOnly -XX:+UseCompressedClassPointers -XX:+UseCompressedOops -XX:+UseConcMarkSweepGC -XX:+UseParNewGC 
2017-04-13T12:20:56.768+0200: 0,154: Total time for which application threads were stopped: 0,0000963 seconds, Stopping threads took: 0,0000123 seconds
2017-04-13T12:20:56.869+0200: 0,255: Total time for which application threads were stopped: 0,0001249 seconds, Stopping threads took: 0,0000236 seconds
2017-04-13T12:20:56.894+0200: 0,280: Total time for which application threads were stopped: 0,0000897 seconds, Stopping threads took: 0,0000104 seconds
2017-04-13T12:20:57.285+0200: 0,671: Total time for which application threads were stopped: 0,0001489 seconds, Stopping threads took: 0,0000280 seconds
2017-04-13T12:20:57.656+0200: 1,043: Total time for which application threads were stopped: 0,0001556 seconds, Stopping threads took: 0,0000254 seconds
2017-04-13T12:20:57.784+0200: 1,171: Total time for which application threads were stopped: 0,0002775 seconds, Stopping threads took: 0,0000349 seconds
2017-04-13T12:20:57.827+0200: 1,213: Total time for which application threads were stopped: 0,0001340 seconds, Stopping threads took: 0,0000128 seconds
2017-04-13T12:20:58.140+0200: 1,526: Total time for which application threads were stopped: 0,0002158 seconds, Stopping threads took: 0,0000187 seconds
2017-04-13T12:20:58.391+0200: 1,777: Total time for which application threads were stopped: 0,0001914 seconds, Stopping threads took: 0,0000120 seconds
2017-04-13T12:20:58.410+0200: 1,796: Total time for which application threads were stopped: 0,0001720 seconds, Stopping threads took: 0,0000205 seconds
2017-04-13T12:20:58.436+0200: 1,822: Total time for which application threads were stopped: 0,0002406 seconds, Stopping threads took: 0,0000207 seconds
2017-04-13T12:20:58.438+0200: 1,824: Total time for which application threads were stopped: 0,0001987 seconds, Stopping threads took: 0,0000186 seconds
2017-04-13T12:20:58.451+0200: 1,838: Total time for which application threads were stopped: 0,0001693 seconds, Stopping threads took: 0,0000158 seconds
2017-04-13T12:20:58.520+0200: 1,906: Total time for which application threads were stopped: 0,0002680 seconds, Stopping threads took: 0,0000316 seconds
2017-04-13T12:20:58.707+0200: 2,093: Total time for which application threads were stopped: 0,0002373 seconds, Stopping threads took: 0,0000248 seconds
{Heap before GC invocations=0 (full 0):
 par new generation   total 109248K, used 87424K [0x00000000e0000000, 0x00000000e8000000, 0x00000000e8000000)
  eden space 87424K, 100% used [0x00000000e0000000, 0x00000000e5560000, 0x00000000e5560000)
  from space 21824K,   0% used [0x00000000e5560000, 0x00000000e5560000, 0x00000000e6ab0000)
  to   space 21824K,   0% used [0x00000000e6ab0000, 0x00000000e6ab0000, 0x00000000e8000000)
 concurrent mark-sweep generation total 393216K, used 0K [0x00000000e8000000, 0x0000000100000000, 0x0000000100000000)
 Metaspace       used 17854K, capacity 18176K, committed 18304K, reserved 1064960K
  class space    used 2024K, capacity 2164K, committed 2176K, reserved 1048576K
2017-04-13T12:20:58.746+0200: 2,132: [GC (Allocation Failure) 2017-04-13T12:20:58.746+0200: 2,132: [ParNew
Desired survivor size 20112992 bytes, new threshold 8 (max 8)
- age   1:   11714152 bytes,   11714152 total
: 87424K->11554K(109248K), 0,0197385 secs] 87424K->11554K(502464K), 0,0198408 secs] [Times: user=0,04 sys=0,01, real=0,02 secs] 
Heap after GC invocations=1 (full 0):
 par new generation   total 109248K, used 11554K [0x00000000e0000000, 0x00000000e8000000, 0x00000000e8000000)
  eden space 87424K,   0% used [0x00000000e0000000, 0x00000000e0000000, 0x00000000e5560000)
  from space 21824K,  52% used [0x00000000e6ab0000, 0x00000000e75f8bd0, 0x00000000e8000000)
  to   space 21824K,   0% used [0x00000000e5560000, 0x00000000e5560000, 0x00000000e6ab0000)
 concurrent mark-sweep generation total 393216K, used 0K [0x00000000e8000000, 0x0000000100000000, 0x0000000100000000)
 Metaspace       used 17854K, capacity 18176K, committed 18304K, reserved 1064960K
  class space    used 2024K, capacity 2164K, committed 2176K, reserved 1048576K
}
2017-04-13T12:20:58.766+0200: 2,152: Total time for which application threads were stopped: 0,0200989 seconds, Stopping threads took: 0,0000781 seconds
2017-04-13T12:20:59.099+0200: 2,485: Total time for which application threads were stopped: 0,0003390 seconds, Stopping threads took: 0,0000472 seconds
2017-04-13T12:20:59.138+0200: 2,524: Total time for which application threads were stopped: 0,0008065 seconds, Stopping threads took: 0,0005312 seconds
{Heap before GC invocations=1 (full 0):
 par new generation   total 109248K, used 98978K [0x00000000e0000000, 0x00000000e8000000, 0x00000000e8000000)
  eden space 87424K, 100% used [0x00000000e0000000, 0x00000000e5560000, 0x00000000e5560000)
  from space 21824K,  52% used [0x00000000e6ab0000, 0x00000000e75f8bd0, 0x00000000e8000000)
  to   space 21824K,   0% used [0x00000000e5560000, 0x00000000e5560000, 0x00000000e6ab0000)
 concurrent mark-sweep generation total 393216K, used 0K [0x00000000e8000000, 0x0000000100000000, 0x0000000100000000)
 Metaspace       used 20043K, capacity 20370K, committed 20736K, reserved 1067008K
  class space    used 2298K, capacity 2473K, committed 2560K, reserved 1048576K
2017-04-13T12:20:59.139+0200: 2,525: [GC (Allocation Failure) 2017-04-13T12:20:59.139+0200: 2,525: [ParNew
Desired survivor size 20112992 bytes, new threshold 8 (max 8)
- age   1:    4121464 bytes,    4121464 total
- age   2:    6286456 bytes,   10407920 total
: 98978K->14889K(109248K), 0,0160550 secs] 98978K->14889K(502464K), 0,0161380 secs] [Times: user=0,06 sys=0,00, real=0,02 secs] 
Heap after GC invocations=2 (full 0):
 par new generation   total 109248K, used 14889K [0x00000000e0000000, 0x00000000e8000000, 0x00000000e8000000)
  eden space 87424K,   0% used [0x00000000e0000000, 0x00000000e0000000, 0x00000000e5560000)
  from space 21824K,  68% used [0x00000000e5560000, 0x00000000e63ea580, 0x00000000e6ab0000)
  to   space 21824K,   0% used [0x00000000e6ab0000, 0x00000000e6ab0000, 0x00000000e8000000)
 concurrent mark-sweep generation total 393216K, used 0K [0x00000000e8000000, 0x0000000100000000, 0x0000000100000000)
 Metaspace       used 20043K, capacity 20370K, committed 20736K, reserved 1067008K
  class space    used 2298K, capacity 2473K, committed 2560K, reserved 1048576K
}
2017-04-13T12:20:59.155+0200: 2,541: Total time for which application threads were stopped: 0,0166841 seconds, Stopping threads took: 0,0004117 seconds
2017-04-13T12:20:59.210+0200: 2,596: Total time for which application threads were stopped: 0,0003979 seconds, Stopping threads took: 0,0000613 seconds
2017-04-13T12:20:59.353+0200: 2,740: Total time for which application threads were stopped: 0,0002273 seconds, Stopping threads took: 0,0000729 seconds
{Heap before GC invocations=2 (full 0):
 par new generation   total 109248K, used 102313K [0x00000000e0000000, 0x00000000e8000000, 0x00000000e8000000)
  eden space 87424K, 100% used [0x00000000e0000000, 0x00000000e5560000, 0x00000000e5560000)
  from space 21824K,  68% used [0x00000000e5560000, 0x00000000e63ea580, 0x00000000e6ab0000)
  to   space 21824K,   0% used [0x00000000e6ab0000, 0x00000000e6ab0000, 0x00000000e8000000)
 concurrent mark-sweep generation total 393216K, used 0K [0x00000000e8000000, 0x0000000100000000, 0x0000000100000000)
 Metaspace       used 20979K, capacity 21356K, committed 21628K, reserved 1069056K
  class space    used 2423K, capacity 2592K, committed 2684K, reserved 1048576K
2017-04-13T12:20:59.393+0200: 2,779: [GC (Allocation Failure) 2017-04-13T12:20:59.393+0200: 2,779: [ParNew
Desired survivor size 20112992 bytes, new threshold 8 (max 8)
- age   1:    2203672 bytes,    2203672 total
- age   2:    1192960 bytes,    3396632 total
- age   3:    6285832 bytes,    9682464 total
: 102313K->12763K(109248K), 0,0184436 secs] 102313K->12763K(502464K), 0,0185165 secs] [Times: user=0,07 sys=0,00, real=0,02 secs] 
Heap after GC invocations=3 (full 0):
 par new generation   total 109248K, used 12763K [0x00000000e0000000, 0x00000000e8000000, 0x00000000e8000000)
  eden space 87424K,   0% used [0x00000000e0000000, 0x00000000e0000000, 0x00000000e5560000)
  from space 21824K,  58% used [0x00000000e6ab0000, 0x00000000e7726de8, 0x00000000e8000000)
  to   space 21824K,   0% used [0x00000000e5560000, 0x00000000e5560000, 0x00000000e6ab0000)
 concurrent mark-sweep generation total 393216K, used 0K [0x00000000e8000000, 0x0000000100000000, 0x0000000100000000)
 Metaspace       used 20979K, capacity 21356K, committed 21628K, reserved 1069056K
  class space    used 2423K, capacity 2592K, committed 2684K, reserved 1048576K
}
2017-04-13T12:20:59.412+0200: 2,798: Total time for which application threads were stopped: 0,0187261 seconds, Stopping threads took: 0,0000675 seconds
2017-04-13T12:20:59.414+0200: 2,800: [GC (CMS Initial Mark) [1 CMS-initial-mark: 0K(393216K)] 14177K(502464K), 0,0035845 secs] [Times: user=0,01 sys=0,00, real=0,00 secs] 
2017-04-13T12:20:59.417+0200: 2,803: Total time for which application threads were stopped: 0,0052321 seconds, Stopping threads took: 0,0015592 seconds
2017-04-13T12:20:59.417+0200: 2,803: [CMS-concurrent-mark-start]
2017-04-13T12:20:59.429+0200: 2,815: [CMS-concurrent-mark: 0,012/0,012 secs] [Times: user=0,05 sys=0,01, real=0,01 secs] 
2017-04-13T12:20:59.429+0200: 2,815: [CMS-concurrent-preclean-start]
2017-04-13T12:20:59.430+0200: 2,816: [CMS-concurrent-preclean: 0,001/0,001 secs] [Times: user=0,00 sys=0,00, real=0,00 secs] 
2017-04-13T12:20:59.430+0200: 2,816: [CMS-concurrent-abortable-preclean-start]
2017-04-13T12:20:59.481+0200: 2,867: Total time for which application threads were stopped: 0,0001785 seconds, Stopping threads took: 0,0000840 seconds
{Heap before GC invocations=3 (full 1):
 par new generation   total 109248K, used 100187K [0x00000000e0000000, 0x00000000e8000000, 0x00000000e8000000)
  eden space 87424K, 100% used [0x00000000e0000000, 0x00000000e5560000, 0x00000000e5560000)
  from space 21824K,  58% used [0x00000000e6ab0000, 0x00000000e7726de8, 0x00000000e8000000)
  to   space 21824K,   0% used [0x00000000e5560000, 0x00000000e5560000, 0x00000000e6ab0000)
 concurrent mark-sweep generation total 393216K, used 0K [0x00000000e8000000, 0x0000000100000000, 0x0000000100000000)
 Metaspace       used 21240K, capacity 21562K, committed 21884K, reserved 1069056K
  class space    used 2449K, capacity 2606K, committed 2684K, reserved 1048576K
2017-04-13T12:20:59.515+0200: 2,902: [GC (Allocation Failure) 2017-04-13T12:20:59.515+0200: 2,902: [ParNew
Desired survivor size 20112992 bytes, new threshold 8 (max 8)
- age   1:    1186824 bytes,    1186824 total
- age   2:    1504616 bytes,    2691440 total
- age   3:    1160072 bytes,    3851512 total
- age   4:    6286000 bytes,   10137512 total
: 100187K->12410K(109248K), 0,0095010 secs] 100187K->12410K(502464K), 0,0095692 secs] [Times: user=0,04 sys=0,00, real=0,00 secs] 
Heap after GC invocations=4 (full 1):
 par new generation   total 109248K, used 12410K [0x00000000e0000000, 0x00000000e8000000, 0x00000000e8000000)
  eden space 87424K,   0% used [0x00000000e0000000, 0x00000000e0000000, 0x00000000e5560000)
  from space 21824K,  56% used [0x00000000e5560000, 0x00000000e617e800, 0x00000000e6ab0000)
  to   space 21824K,   0% used [0x00000000e6ab0000, 0x00000000e6ab0000, 0x00000000e8000000)
 concurrent mark-sweep generation total 393216K, used 0K [0x00000000e8000000, 0x0000000100000000, 0x0000000100000000)
 Metaspace       used 21240K, capacity 21562K, committed 21884K, reserved 1069056K
  class space    used 2449K, capacity 2606K, committed 2684K, reserved 1048576K
}
2017-04-13T12:20:59.525+0200: 2,911: Total time for which application threads were stopped: 0,0097668 seconds, Stopping threads took: 0,0000551 seconds
{Heap before GC invocations=4 (full 1):
 par new generation   total 109248K, used 99834K [0x00000000e0000000, 0x00000000e8000000, 0x00000000e8000000)
  eden space 87424K, 100% used [0x00000000e0000000, 0x00000000e5560000, 0x00000000e5560000)
  from space 21824K,  56% used [0x00000000e5560000, 0x00000000e617e800, 0x00000000e6ab0000)
  to   space 21824K,   0% used [0x00000000e6ab0000, 0x00000000e6ab0000, 0x00000000e8000000)
 concurrent mark-sweep generation total 393216K, used 0K [0x00000000e8000000, 0x0000000100000000, 0x0000000100000000)
 Metaspace       used 21382K, capacity 21786K, committed 21884K, reserved 1069056K
  class space    used 2467K, capacity 2638K, committed 2684K, reserved 1048576K
2017-04-13T12:20:59.600+0200: 2,987: [GC (Allocation Failure) 2017-04-13T12:20:59.600+0200: 2,987: [ParNew
Desired survivor size 20112992 bytes, new threshold 8 (max 8)
- age   1:    1219264 bytes,    1219264 total
- age   2:     168656 bytes,    1387920 total
- age   3:    1504376 bytes,    2892296 total
- age   4:    1158024 bytes,    4050320 total
- age   5:    6285992 bytes,   10336312 total
: 99834K->17331K(109248K), 0,0101493 secs] 99834K->17331K(502464K), 0,0102204 secs] [Times: user=0,04 sys=0,00, real=0,01 secs] 
Heap after GC invocations=5 (full 1):
 par new generation   total 109248K, used 17331K [0x00000000e0000000, 0x00000000e8000000, 0x00000000e8000000)
  eden space 87424K,   0% used [0x00000000e0000000, 0x00000000e0000000, 0x00000000e5560000)
  from space 21824K,  79% used [0x00000000e6ab0000, 0x00000000e7b9cec0, 0x00000000e8000000)
  to   space 21824K,   0% used [0x00000000e5560000, 0x00000000e5560000, 0x00000000e6ab0000)
 concurrent mark-sweep generation total 393216K, used 0K [0x00000000e8000000, 0x0000000100000000, 0x0000000100000000)
 Metaspace       used 21382K, capacity 21786K, committed 21884K, reserved 1069056K
  class space    used 2467K, capacity 2638K, committed 2684K, reserved 1048576K
}
2017-04-13T12:20:59.611+0200: 2,997: Total time for which application threads were stopped: 0,0104548 seconds, Stopping threads took: 0,0000944 seconds
2017-04-13T12:20:59.643+0200: 3,029: Total time for which application threads were stopped: 0,0001334 seconds, Stopping threads took: 0,0000439 seconds
2017-04-13T12:20:59.657+0200: 3,043: Total time for which application threads were stopped: 0,0002972 seconds, Stopping threads took: 0,0000180 seconds
2017-04-13T12:20:59.685+0200: 3,071: Total time for which application threads were stopped: 0,0001063 seconds, Stopping threads took: 0,0000262 seconds
2017-04-13T12:20:59.706+0200: 3,092: Total time for which application threads were stopped: 0,0000914 seconds, Stopping threads took: 0,0000232 seconds
2017-04-13T12:20:59.867+0200: 3,254: Total time for which application threads were stopped: 0,0002201 seconds, Stopping threads took: 0,0000416 seconds
2017-04-13T12:20:59.905+0200: 3,291: Total time for which application threads were stopped: 0,0001219 seconds, Stopping threads took: 0,0000277 seconds
2017-04-13T12:20:59.905+0200: 3,291: Total time for which application threads were stopped: 0,0000860 seconds, Stopping threads took: 0,0000434 seconds
2017-04-13T12:20:59.905+0200: 3,292: Total time for which application threads were stopped: 0,0000898 seconds, Stopping threads took: 0,0000441 seconds
2017-04-13T12:20:59.906+0200: 3,293: Total time for which application threads were stopped: 0,0003434 seconds, Stopping threads took: 0,0000182 seconds
2017-04-13T12:20:59.922+0200: 3,308: Total time for which application threads were stopped: 0,0003837 seconds, Stopping threads took: 0,0000299 seconds
2017-04-13T12:20:59.927+0200: 3,313: Total time for which application threads were stopped: 0,0001581 seconds, Stopping threads took: 0,0000628 seconds
2017-04-13T12:20:59.927+0200: 3,313: [CMS-concurrent-abortable-preclean: 0,303/0,497 secs] [Times: user=1,79 sys=0,02, real=0,50 secs] 
2017-04-13T12:20:59.928+0200: 3,314: [GC (CMS Final Remark) [YG occupancy: 62296 K (109248 K)]{Heap before GC invocations=5 (full 1):
 par new generation   total 109248K, used 62296K [0x00000000e0000000, 0x00000000e8000000, 0x00000000e8000000)
  eden space 87424K,  51% used [0x00000000e0000000, 0x00000000e2be92f0, 0x00000000e5560000)
  from space 21824K,  79% used [0x00000000e6ab0000, 0x00000000e7b9cec0, 0x00000000e8000000)
  to   space 21824K,   0% used [0x00000000e5560000, 0x00000000e5560000, 0x00000000e6ab0000)
 concurrent mark-sweep generation total 393216K, used 0K [0x00000000e8000000, 0x0000000100000000, 0x0000000100000000)
 Metaspace       used 23070K, capacity 23531K, committed 23748K, reserved 1071104K
  class space    used 2657K, capacity 2815K, committed 2940K, reserved 1048576K
2017-04-13T12:20:59.928+0200: 3,314: [GC (CMS Final Remark) 2017-04-13T12:20:59.928+0200: 3,314: [ParNew
Desired survivor size 20112992 bytes, new threshold 8 (max 8)
- age   1:    2916088 bytes,    2916088 total
- age   2:     108712 bytes,    3024800 total
- age   3:     167624 bytes,    3192424 total
- age   4:     327248 bytes,    3519672 total
- age   5:    1146280 bytes,    4665952 total
- age   6:    6280432 bytes,   10946384 total
: 62296K->12897K(109248K), 0,0133264 secs] 62296K->12897K(502464K), 0,0133734 secs] [Times: user=0,05 sys=0,00, real=0,01 secs] 
Heap after GC invocations=6 (full 1):
 par new generation   total 109248K, used 12897K [0x00000000e0000000, 0x00000000e8000000, 0x00000000e8000000)
  eden space 87424K,   0% used [0x00000000e0000000, 0x00000000e0000000, 0x00000000e5560000)
  from space 21824K,  59% used [0x00000000e5560000, 0x00000000e61f84f8, 0x00000000e6ab0000)
  to   space 21824K,   0% used [0x00000000e6ab0000, 0x00000000e6ab0000, 0x00000000e8000000)
 concurrent mark-sweep generation total 393216K, used 0K [0x00000000e8000000, 0x0000000100000000, 0x0000000100000000)
 Metaspace       used 23070K, capacity 23531K, committed 23748K, reserved 1071104K
  class space    used 2657K, capacity 2815K, committed 2940K, reserved 1048576K
}
2017-04-13T12:20:59.941+0200: 3,328: [Rescan (parallel) , 0,0045133 secs]2017-04-13T12:20:59.946+0200: 3,332: [weak refs processing, 0,0014869 secs]2017-04-13T12:20:59.947+0200: 3,334: [class unloading, 0,0035381 secs]2017-04-13T12:20:59.951+0200: 3,337: [scrub symbol table, 0,0048925 secs]2017-04-13T12:20:59.956+0200: 3,342: [scrub string table, 0,0005154 secs][1 CMS-remark: 0K(393216K)] 12897K(502464K), 0,0291156 secs] [Times: user=0,09 sys=0,00, real=0,03 secs] 
2017-04-13T12:20:59.957+0200: 3,343: Total time for which application threads were stopped: 0,0292160 seconds, Stopping threads took: 0,0000263 seconds
2017-04-13T12:20:59.958+0200: 3,344: [CMS-concurrent-sweep-start]
2017-04-13T12:20:59.958+0200: 3,344: [CMS-concurrent-sweep: 0,000/0,000 secs] [Times: user=0,00 sys=0,00, real=0,00 secs] 
2017-04-13T12:20:59.958+0200: 3,344: [CMS-concurrent-reset-start]
2017-04-13T12:20:59.960+0200: 3,346: [CMS-concurrent-reset: 0,002/0,002 secs] [Times: user=0,01 sys=0,00, real=0,00 secs] 
{Heap before GC invocations=6 (full 1):
 par new generation   total 109248K, used 100321K [0x00000000e0000000, 0x00000000e8000000, 0x00000000e8000000)
  eden space 87424K, 100% used [0x00000000e0000000, 0x00000000e5560000, 0x00000000e5560000)
  from space 21824K,  59% used [0x00000000e5560000, 0x00000000e61f84f8, 0x00000000e6ab0000)
  to   space 21824K,   0% used [0x00000000e6ab0000, 0x00000000e6ab0000, 0x00000000e8000000)
 concurrent mark-sweep generation total 393216K, used 0K [0x00000000e8000000, 0x0000000100000000, 0x0000000100000000)
 Metaspace       used 24539K, capacity 25033K, committed 25284K, reserved 1071104K
  class space    used 2876K, capacity 3080K, committed 3196K, reserved 1048576K
2017-04-13T12:21:00.208+0200: 3,595: [GC (Allocation Failure) 2017-04-13T12:21:00.209+0200: 3,595: [ParNew
Desired survivor size 20112992 bytes, new threshold 8 (max 8)
- age   1:    3637840 bytes,    3637840 total
- age   2:    1783248 bytes,    5421088 total
- age   3:     108712 bytes,    5529800 total
- age   4:     167192 bytes,    5696992 total
- age   5:     324056 bytes,    6021048 total
- age   6:    1132840 bytes,    7153888 total
- age   7:    6277264 bytes,   13431152 total
: 100321K->18379K(109248K), 0,0159203 secs] 100321K->18379K(502464K), 0,0160017 secs] [Times: user=0,06 sys=0,00, real=0,01 secs] 
Heap after GC invocations=7 (full 1):
 par new generation   total 109248K, used 18379K [0x00000000e0000000, 0x00000000e8000000, 0x00000000e8000000)
  eden space 87424K,   0% used [0x00000000e0000000, 0x00000000e0000000, 0x00000000e5560000)
  from space 21824K,  84% used [0x00000000e6ab0000, 0x00000000e7ca2f00, 0x00000000e8000000)
  to   space 21824K,   0% used [0x00000000e5560000, 0x00000000e5560000, 0x00000000e6ab0000)
 concurrent mark-sweep generation total 393216K, used 0K [0x00000000e8000000, 0x0000000100000000, 0x0000000100000000)
 Metaspace       used 24539K, capacity 25033K, committed 25284K, reserved 1071104K
  class space    used 2876K, capacity 3080K, committed 3196K, reserved 1048576K
}
2017-04-13T12:21:00.225+0200: 3,611: Total time for which application threads were stopped: 0,0166168 seconds, Stopping threads took: 0,0003928 seconds
{Heap before GC invocations=7 (full 1):
 par new generation   total 109248K, used 105803K [0x00000000e0000000, 0x00000000e8000000, 0x00000000e8000000)
  eden space 87424K, 100% used [0x00000000e0000000, 0x00000000e5560000, 0x00000000e5560000)
  from space 21824K,  84% used [0x00000000e6ab0000, 0x00000000e7ca2f00, 0x00000000e8000000)
  to   space 21824K,   0% used [0x00000000e5560000, 0x00000000e5560000, 0x00000000e6ab0000)
 concurrent mark-sweep generation total 393216K, used 0K [0x00000000e8000000, 0x0000000100000000, 0x0000000100000000)
 Metaspace       used 24934K, capacity 25385K, committed 25540K, reserved 1071104K
  class space    used 2910K, capacity 3086K, committed 3196K, reserved 1048576K
2017-04-13T12:21:00.302+0200: 3,688: [GC (Allocation Failure) 2017-04-13T12:21:00.302+0200: 3,688: [ParNew
Desired survivor size 20112992 bytes, new threshold 8 (max 8)
- age   1:    1582328 bytes,    1582328 total
- age   2:    1646712 bytes,    3229040 total
- age   3:     756672 bytes,    3985712 total
- age   4:      41632 bytes,    4027344 total
- age   5:     100128 bytes,    4127472 total
- age   6:     210936 bytes,    4338408 total
- age   7:     977696 bytes,    5316104 total
- age   8:    5872040 bytes,   11188144 total
: 105803K->14432K(109248K), 0,0152463 secs] 105803K->14432K(502464K), 0,0153063 secs] [Times: user=0,04 sys=0,00, real=0,02 secs] 
Heap after GC invocations=8 (full 1):
 par new generation   total 109248K, used 14432K [0x00000000e0000000, 0x00000000e8000000, 0x00000000e8000000)
  eden space 87424K,   0% used [0x00000000e0000000, 0x00000000e0000000, 0x00000000e5560000)
  from space 21824K,  66% used [0x00000000e5560000, 0x00000000e63780c0, 0x00000000e6ab0000)
  to   space 21824K,   0% used [0x00000000e6ab0000, 0x00000000e6ab0000, 0x00000000e8000000)
 concurrent mark-sweep generation total 393216K, used 0K [0x00000000e8000000, 0x0000000100000000, 0x0000000100000000)
 Metaspace       used 24934K, capacity 25385K, committed 25540K, reserved 1071104K
  class space    used 2910K, capacity 3086K, committed 3196K, reserved 1048576K
}
2017-04-13T12:21:00.317+0200: 3,703: Total time for which application threads were stopped: 0,0190043 seconds, Stopping threads took: 0,0035544 seconds
{Heap before GC invocations=8 (full 1):
 par new generation   total 109248K, used 101856K [0x00000000e0000000, 0x00000000e8000000, 0x00000000e8000000)
  eden space 87424K, 100% used [0x00000000e0000000, 0x00000000e5560000, 0x00000000e5560000)
  from space 21824K,  66% used [0x00000000e5560000, 0x00000000e63780c0, 0x00000000e6ab0000)
  to   space 21824K,   0% used [0x00000000e6ab0000, 0x00000000e6ab0000, 0x00000000e8000000)
 concurrent mark-sweep generation total 393216K, used 0K [0x00000000e8000000, 0x0000000100000000, 0x0000000100000000)
 Metaspace       used 25240K, capacity 25803K, committed 25976K, reserved 1073152K
  class space    used 2930K, capacity 3120K, committed 3196K, reserved 1048576K
2017-04-13T12:21:00.417+0200: 3,804: [GC (Allocation Failure) 2017-04-13T12:21:00.418+0200: 3,804: [ParNew
Desired survivor size 20112992 bytes, new threshold 8 (max 8)
- age   1:     916504 bytes,     916504 total
- age   2:     203088 bytes,    1119592 total
- age   3:    1313056 bytes,    2432648 total
- age   4:     756672 bytes,    3189320 total
- age   5:      41632 bytes,    3230952 total
- age   6:     100128 bytes,    3331080 total
- age   7:     210936 bytes,    3542016 total
- age   8:     977696 bytes,    4519712 total
: 101856K->7376K(109248K), 0,0255015 secs] 101856K->13192K(502464K), 0,0255786 secs] [Times: user=0,10 sys=0,00, real=0,02 secs] 
Heap after GC invocations=9 (full 1):
 par new generation   total 109248K, used 7376K [0x00000000e0000000, 0x00000000e8000000, 0x00000000e8000000)
  eden space 87424K,   0% used [0x00000000e0000000, 0x00000000e0000000, 0x00000000e5560000)
  from space 21824K,  33% used [0x00000000e6ab0000, 0x00000000e71e4240, 0x00000000e8000000)
  to   space 21824K,   0% used [0x00000000e5560000, 0x00000000e5560000, 0x00000000e6ab0000)
 concurrent mark-sweep generation total 393216K, used 5816K [0x00000000e8000000, 0x0000000100000000, 0x0000000100000000)
 Metaspace       used 25240K, capacity 25803K, committed 25976K, reserved 1073152K
  class space    used 2930K, capacity 3120K, committed 3196K, reserved 1048576K
}
2017-04-13T12:21:00.443+0200: 3,829: Total time for which application threads were stopped: 0,0258059 seconds, Stopping threads took: 0,0000792 seconds
2017-04-13T12:21:00.585+0200: 3,971: Total time for which application threads were stopped: 0,0005105 seconds, Stopping threads took: 0,0000375 seconds
2017-04-13T12:21:00.599+0200: 3,985: Total time for which application threads were stopped: 0,0004875 seconds, Stopping threads took: 0,0000394 seconds
2017-04-13T12:21:00.655+0200: 4,041: Total time for which application threads were stopped: 0,0004784 seconds, Stopping threads took: 0,0000804 seconds
2017-04-13T12:21:00.664+0200: 4,051: Total time for which application threads were stopped: 0,0004737 seconds, Stopping threads took: 0,0000292 seconds
2017-04-13T12:21:00.669+0200: 4,055: Total time for which application threads were stopped: 0,0001216 seconds, Stopping threads took: 0,0000401 seconds
2017-04-13T12:21:00.678+0200: 4,064: Total time for which application threads were stopped: 0,0001309 seconds, Stopping threads took: 0,0000468 seconds
2017-04-13T12:21:00.678+0200: 4,065: Total time for which application threads were stopped: 0,0000718 seconds, Stopping threads took: 0,0000145 seconds
2017-04-13T12:21:00.679+0200: 4,065: Total time for which application threads were stopped: 0,0000914 seconds, Stopping threads took: 0,0000276 seconds
2017-04-13T12:21:00.680+0200: 4,066: Total time for which application threads were stopped: 0,0001131 seconds, Stopping threads took: 0,0000406 seconds
2017-04-13T12:21:00.681+0200: 4,067: Total time for which application threads were stopped: 0,0000821 seconds, Stopping threads took: 0,0000196 seconds
2017-04-13T12:21:00.681+0200: 4,067: Total time for which application threads were stopped: 0,0000563 seconds, Stopping threads took: 0,0000133 seconds
2017-04-13T12:21:00.681+0200: 4,068: Total time for which application threads were stopped: 0,0000529 seconds, Stopping threads took: 0,0000161 seconds
2017-04-13T12:21:00.681+0200: 4,068: Total time for which application threads were stopped: 0,0000465 seconds, Stopping threads took: 0,0000143 seconds
2017-04-13T12:21:00.682+0200: 4,068: Total time for which application threads were stopped: 0,0000878 seconds, Stopping threads took: 0,0000289 seconds
2017-04-13T12:21:00.682+0200: 4,068: Total time for which application threads were stopped: 0,0000519 seconds, Stopping threads took: 0,0000131 seconds
2017-04-13T12:21:00.682+0200: 4,068: Total time for which application threads were stopped: 0,0000478 seconds, Stopping threads took: 0,0000112 seconds
2017-04-13T12:21:00.682+0200: 4,068: Total time for which application threads were stopped: 0,0000451 seconds, Stopping threads took: 0,0000087 seconds
2017-04-13T12:21:00.682+0200: 4,068: Total time for which application threads were stopped: 0,0000416 seconds, Stopping threads took: 0,0000086 seconds
2017-04-13T12:21:00.682+0200: 4,069: Total time for which application threads were stopped: 0,0000545 seconds, Stopping threads took: 0,0000110 seconds
2017-04-13T12:21:00.683+0200: 4,069: Total time for which application threads were stopped: 0,0000552 seconds, Stopping threads took: 0,0000195 seconds
2017-04-13T12:21:00.683+0200: 4,069: Total time for which application threads were stopped: 0,0000481 seconds, Stopping threads took: 0,0000099 seconds
2017-04-13T12:21:00.683+0200: 4,069: Total time for which application threads were stopped: 0,0000425 seconds, Stopping threads took: 0,0000088 seconds
2017-04-13T12:21:00.683+0200: 4,069: Total time for which application threads were stopped: 0,0000412 seconds, Stopping threads took: 0,0000092 seconds
2017-04-13T12:21:00.683+0200: 4,069: Total time for which application threads were stopped: 0,0001359 seconds, Stopping threads took: 0,0000221 seconds
2017-04-13T12:21:00.685+0200: 4,071: Total time for which application threads were stopped: 0,0001395 seconds, Stopping threads took: 0,0000654 seconds
2017-04-13T12:21:00.685+0200: 4,071: Total time for which application threads were stopped: 0,0000763 seconds, Stopping threads took: 0,0000418 seconds
2017-04-13T12:21:00.685+0200: 4,071: Total time for which application threads were stopped: 0,0000934 seconds, Stopping threads took: 0,0000592 seconds
2017-04-13T12:21:00.685+0200: 4,071: Total time for which application threads were stopped: 0,0001422 seconds, Stopping threads took: 0,0001089 seconds
2017-04-13T12:21:00.685+0200: 4,072: Total time for which application threads were stopped: 0,0000382 seconds, Stopping threads took: 0,0000080 seconds
2017-04-13T12:21:00.686+0200: 4,072: Total time for which application threads were stopped: 0,0001061 seconds, Stopping threads took: 0,0000648 seconds
2017-04-13T12:21:00.686+0200: 4,072: Total time for which application threads were stopped: 0,0000878 seconds, Stopping threads took: 0,0000576 seconds
2017-04-13T12:21:00.686+0200: 4,072: Total time for which application threads were stopped: 0,0000422 seconds, Stopping threads took: 0,0000074 seconds
2017-04-13T12:21:00.687+0200: 4,073: Total time for which application threads were stopped: 0,0000817 seconds, Stopping threads took: 0,0000313 seconds
2017-04-13T12:21:00.687+0200: 4,073: Total time for which application threads were stopped: 0,0000464 seconds, Stopping threads took: 0,0000095 seconds
2017-04-13T12:21:00.688+0200: 4,074: Total time for which application threads were stopped: 0,0000638 seconds, Stopping threads took: 0,0000142 seconds
2017-04-13T12:21:00.691+0200: 4,077: Total time for which application threads were stopped: 0,0001324 seconds, Stopping threads took: 0,0000441 seconds
2017-04-13T12:21:00.691+0200: 4,078: Total time for which application threads were stopped: 0,0000855 seconds, Stopping threads took: 0,0000359 seconds
2017-04-13T12:21:00.694+0200: 4,080: Total time for which application threads were stopped: 0,0021884 seconds, Stopping threads took: 0,0021372 seconds
2017-04-13T12:21:00.694+0200: 4,080: Total time for which application threads were stopped: 0,0001273 seconds, Stopping threads took: 0,0000651 seconds
2017-04-13T12:21:00.694+0200: 4,080: Total time for which application threads were stopped: 0,0000746 seconds, Stopping threads took: 0,0000321 seconds
2017-04-13T12:21:00.694+0200: 4,080: Total time for which application threads were stopped: 0,0000640 seconds, Stopping threads took: 0,0000202 seconds
2017-04-13T12:21:00.694+0200: 4,081: Total time for which application threads were stopped: 0,0000714 seconds, Stopping threads took: 0,0000201 seconds
2017-04-13T12:21:00.695+0200: 4,081: Total time for which application threads were stopped: 0,0000789 seconds, Stopping threads took: 0,0000322 seconds
2017-04-13T12:21:00.695+0200: 4,081: Total time for which application threads were stopped: 0,0000515 seconds, Stopping threads took: 0,0000116 seconds
2017-04-13T12:21:00.695+0200: 4,081: Total time for which application threads were stopped: 0,0000743 seconds, Stopping threads took: 0,0000301 seconds
2017-04-13T12:21:00.695+0200: 4,081: Total time for which application threads were stopped: 0,0001163 seconds, Stopping threads took: 0,0000176 seconds
2017-04-13T12:21:00.696+0200: 4,082: Total time for which application threads were stopped: 0,0000690 seconds, Stopping threads took: 0,0000167 seconds
2017-04-13T12:21:00.725+0200: 4,111: Total time for which application threads were stopped: 0,0001626 seconds, Stopping threads took: 0,0000743 seconds
2017-04-13T12:21:00.757+0200: 4,143: Total time for which application threads were stopped: 0,0001330 seconds, Stopping threads took: 0,0000274 seconds
2017-04-13T12:21:00.758+0200: 4,144: Total time for which application threads were stopped: 0,0003384 seconds, Stopping threads took: 0,0000106 seconds
2017-04-13T12:21:00.758+0200: 4,144: Total time for which application threads were stopped: 0,0000613 seconds, Stopping threads took: 0,0000136 seconds
2017-04-13T12:21:01.758+0200: 5,145: Total time for which application threads were stopped: 0,0000843 seconds, Stopping threads took: 0,0000196 seconds
2017-04-13T12:21:02.759+0200: 6,145: Total time for which application threads were stopped: 0,0000620 seconds, Stopping threads took: 0,0000157 seconds
2017-04-13T12:21:18.761+0200: 22,147: Total time for which application threads were stopped: 0,0000646 seconds, Stopping threads took: 0,0000182 seconds
2017-04-13T12:21:28.762+0200: 32,148: Total time for which application threads were stopped: 0,0000649 seconds, Stopping threads took: 0,0000161 seconds
2017-04-13T12:22:18.768+0200: 82,154: Total time for which application threads were stopped: 0,0000636 seconds, Stopping threads took: 0,0000165 seconds
2017-04-13T12:22:53.772+0200: 117,159: Total time for which application threads were stopped: 0,0000934 seconds, Stopping threads took: 0,0000356 seconds
2017-04-13T12:22:58.773+0200: 122,159: Total time for which application threads were stopped: 0,0000634 seconds, Stopping threads took: 0,0000162 seconds
2017-04-13T12:25:33.226+0200: 277,180: Total time for which application threads were stopped: 0,0001465 seconds, Stopping threads took: 0,0000462 seconds
2017-04-13T12:44:27.374+0200: 1411,328: Total time for which application threads were stopped: 0,0001267 seconds, Stopping threads took: 0,0000452 seconds
2017-04-13T12:48:47.405+0200: 1671,359: Total time for which application threads were stopped: 0,0000854 seconds, Stopping threads took: 0,0000330 seconds
2017-04-13T12:59:18.472+0200: 2302,425: Total time for which application threads were stopped: 0,0001276 seconds, Stopping threads took: 0,0000498 seconds
2017-04-13T12:59:22.472+0200: 2306,426: Total time for which application threads were stopped: 0,0001300 seconds, Stopping threads took: 0,0000292 seconds
2017-04-13T13:14:13.590+0200: 3197,544: Total time for which application threads were stopped: 0,0000847 seconds, Stopping threads took: 0,0000318 seconds
2017-04-13T13:23:27.665+0200: 3751,618: Total time for which application threads were stopped: 0,0001876 seconds, Stopping threads took: 0,0000685 seconds
2017-04-13T13:26:27.690+0200: 3931,644: Total time for which application threads were stopped: 0,0002221 seconds, Stopping threads took: 0,0000976 seconds
2017-04-13T13:26:47.693+0200: 3951,647: Total time for which application threads were stopped: 0,0001009 seconds, Stopping threads took: 0,0000233 seconds
2017-04-13T13:27:27.698+0200: 3991,652: Total time for which application threads were stopped: 0,0000780 seconds, Stopping threads took: 0,0000311 seconds
2017-04-13T13:38:43.789+0200: 4667,743: Total time for which application threads were stopped: 0,0001500 seconds, Stopping threads took: 0,0000593 seconds
2017-04-13T13:38:48.790+0200: 4672,744: Total time for which application threads were stopped: 0,0000706 seconds, Stopping threads took: 0,0000179 seconds
2017-04-13T14:05:19.023+0200: 6262,977: Total time for which application threads were stopped: 0,0000832 seconds, Stopping threads took: 0,0000311 seconds
2017-04-13T14:21:28.146+0200: 7232,100: Total time for which application threads were stopped: 0,0000813 seconds, Stopping threads took: 0,0000331 seconds
2017-04-13T14:22:58.158+0200: 7322,112: Total time for which application threads were stopped: 0,0000824 seconds, Stopping threads took: 0,0000312 seconds
2017-04-13T14:23:58.166+0200: 7382,120: Total time for which application threads were stopped: 0,0001091 seconds, Stopping threads took: 0,0000447 seconds
2017-04-13T14:25:23.185+0200: 7467,139: Total time for which application threads were stopped: 0,0122805 seconds, Stopping threads took: 0,0121241 seconds
2017-04-13T14:25:23.232+0200: 7467,185: Total time for which application threads were stopped: 0,0000955 seconds, Stopping threads took: 0,0000169 seconds
2017-04-13T14:25:23.260+0200: 7467,214: Total time for which application threads were stopped: 0,0001126 seconds, Stopping threads took: 0,0000373 seconds
2017-04-13T14:25:23.261+0200: 7467,215: Total time for which application threads were stopped: 0,0000961 seconds, Stopping threads took: 0,0000279 seconds
2017-04-13T14:25:23.264+0200: 7467,218: Total time for which application threads were stopped: 0,0001335 seconds, Stopping threads took: 0,0000429 seconds
2017-04-13T14:25:23.265+0200: 7467,218: Total time for which application threads were stopped: 0,0000691 seconds, Stopping threads took: 0,0000135 seconds
Heap
 par new generation   total 109248K, used 70371K [0x00000000e0000000, 0x00000000e8000000, 0x00000000e8000000)
  eden space 87424K,  72% used [0x00000000e0000000, 0x00000000e3d84bb0, 0x00000000e5560000)
  from space 21824K,  33% used [0x00000000e6ab0000, 0x00000000e71e4240, 0x00000000e8000000)
  to   space 21824K,   0% used [0x00000000e5560000, 0x00000000e5560000, 0x00000000e6ab0000)
 concurrent mark-sweep generation total 393216K, used 5816K [0x00000000e8000000, 0x0000000100000000, 0x0000000100000000)
 Metaspace       used 28118K, capacity 28651K, committed 28792K, reserved 1075200K
  class space    used 3228K, capacity 3425K, committed 3452K, reserved 1048576K
