OpenJDK 64-Bit Server VM (25.131-b11) for linux-amd64 JRE (1.8.0_131-8u131-b11-0ubuntu1.16.04.2-b11), built on May  6 2017 02:45:27 by "buildd" with gcc 5.4.0 20160609
Memory: 4k page, physical 7867740k(7409268k free), swap 8076284k(8076284k free)
CommandLine flags: -XX:CMSInitiatingOccupancyFraction=50 -XX:CMSMaxAbortablePrecleanTime=6000 -XX:+CMSParallelRemarkEnabled -XX:+CMSScavengeBeforeRemark -XX:ConcGCThreads=4 -XX:InitialHeapSize=536870912 -XX:MaxHeapSize=536870912 -XX:MaxTenuringThreshold=8 -XX:NewRatio=3 -XX:OldPLABSize=16 -XX:OnOutOfMemoryError=/opt/solr/bin/oom_solr.sh 8983 /var/solr/logs -XX:ParallelGCThreads=4 -XX:+ParallelRefProcEnabled -XX:PretenureSizeThreshold=67108864 -XX:+PrintGC -XX:+PrintGCApplicationStoppedTime -XX:+PrintGCDateStamps -XX:+PrintGCDetails -XX:+PrintGCTimeStamps -XX:+PrintHeapAtGC -XX:+PrintTenuringDistribution -XX:SurvivorRatio=4 -XX:TargetSurvivorRatio=90 -XX:ThreadStackSize=256 -XX:+UseCMSInitiatingOccupancyOnly -XX:+UseCompressedClassPointers -XX:+UseCompressedOops -XX:+UseConcMarkSweepGC -XX:+UseParNewGC 
2017-06-11T06:39:55.601+0200: 0,151: Total time for which application threads were stopped: 0,0000695 seconds, Stopping threads took: 0,0000131 seconds
2017-06-11T06:39:55.696+0200: 0,247: Total time for which application threads were stopped: 0,0001087 seconds, Stopping threads took: 0,0000148 seconds
2017-06-11T06:39:55.711+0200: 0,262: Total time for which application threads were stopped: 0,0000971 seconds, Stopping threads took: 0,0000114 seconds
2017-06-11T06:39:55.962+0200: 0,512: Total time for which application threads were stopped: 0,0001413 seconds, Stopping threads took: 0,0000151 seconds
2017-06-11T06:39:56.435+0200: 0,986: Total time for which application threads were stopped: 0,0002019 seconds, Stopping threads took: 0,0000287 seconds
2017-06-11T06:39:56.543+0200: 1,093: Total time for which application threads were stopped: 0,0004398 seconds, Stopping threads took: 0,0000331 seconds
2017-06-11T06:39:56.607+0200: 1,157: Total time for which application threads were stopped: 0,0002403 seconds, Stopping threads took: 0,0000391 seconds
2017-06-11T06:39:56.982+0200: 1,532: Total time for which application threads were stopped: 0,0002004 seconds, Stopping threads took: 0,0000136 seconds
2017-06-11T06:39:57.239+0200: 1,790: Total time for which application threads were stopped: 0,0009231 seconds, Stopping threads took: 0,0000553 seconds
2017-06-11T06:39:57.260+0200: 1,810: Total time for which application threads were stopped: 0,0002229 seconds, Stopping threads took: 0,0000530 seconds
2017-06-11T06:39:57.284+0200: 1,834: Total time for which application threads were stopped: 0,0001961 seconds, Stopping threads took: 0,0000213 seconds
2017-06-11T06:39:57.285+0200: 1,835: Total time for which application threads were stopped: 0,0001648 seconds, Stopping threads took: 0,0000181 seconds
2017-06-11T06:39:57.297+0200: 1,847: Total time for which application threads were stopped: 0,0002123 seconds, Stopping threads took: 0,0000427 seconds
2017-06-11T06:39:57.381+0200: 1,932: Total time for which application threads were stopped: 0,0002125 seconds, Stopping threads took: 0,0000220 seconds
2017-06-11T06:39:57.550+0200: 2,101: Total time for which application threads were stopped: 0,0002609 seconds, Stopping threads took: 0,0000437 seconds
{Heap before GC invocations=0 (full 0):
 par new generation   total 109248K, used 87424K [0x00000000e0000000, 0x00000000e8000000, 0x00000000e8000000)
  eden space 87424K, 100% used [0x00000000e0000000, 0x00000000e5560000, 0x00000000e5560000)
  from space 21824K,   0% used [0x00000000e5560000, 0x00000000e5560000, 0x00000000e6ab0000)
  to   space 21824K,   0% used [0x00000000e6ab0000, 0x00000000e6ab0000, 0x00000000e8000000)
 concurrent mark-sweep generation total 393216K, used 0K [0x00000000e8000000, 0x0000000100000000, 0x0000000100000000)
 Metaspace       used 18189K, capacity 18464K, committed 18688K, reserved 1064960K
  class space    used 2057K, capacity 2196K, committed 2304K, reserved 1048576K
2017-06-11T06:39:57.672+0200: 2,223: [GC (Allocation Failure) 2017-06-11T06:39:57.673+0200: 2,223: [ParNew
Desired survivor size 20112992 bytes, new threshold 8 (max 8)
- age   1:   12801584 bytes,   12801584 total
: 87424K->12622K(109248K), 0,0187634 secs] 87424K->12622K(502464K), 0,0188396 secs] [Times: user=0,04 sys=0,02, real=0,02 secs] 
Heap after GC invocations=1 (full 0):
 par new generation   total 109248K, used 12622K [0x00000000e0000000, 0x00000000e8000000, 0x00000000e8000000)
  eden space 87424K,   0% used [0x00000000e0000000, 0x00000000e0000000, 0x00000000e5560000)
  from space 21824K,  57% used [0x00000000e6ab0000, 0x00000000e77038a0, 0x00000000e8000000)
  to   space 21824K,   0% used [0x00000000e5560000, 0x00000000e5560000, 0x00000000e6ab0000)
 concurrent mark-sweep generation total 393216K, used 0K [0x00000000e8000000, 0x0000000100000000, 0x0000000100000000)
 Metaspace       used 18189K, capacity 18464K, committed 18688K, reserved 1064960K
  class space    used 2057K, capacity 2196K, committed 2304K, reserved 1048576K
}
2017-06-11T06:39:57.691+0200: 2,242: Total time for which application threads were stopped: 0,0190399 seconds, Stopping threads took: 0,0000172 seconds
2017-06-11T06:39:57.973+0200: 2,524: Total time for which application threads were stopped: 0,0027759 seconds, Stopping threads took: 0,0025331 seconds
2017-06-11T06:39:58.008+0200: 2,559: Total time for which application threads were stopped: 0,0009566 seconds, Stopping threads took: 0,0006938 seconds
{Heap before GC invocations=1 (full 0):
 par new generation   total 109248K, used 100046K [0x00000000e0000000, 0x00000000e8000000, 0x00000000e8000000)
  eden space 87424K, 100% used [0x00000000e0000000, 0x00000000e5560000, 0x00000000e5560000)
  from space 21824K,  57% used [0x00000000e6ab0000, 0x00000000e77038a0, 0x00000000e8000000)
  to   space 21824K,   0% used [0x00000000e5560000, 0x00000000e5560000, 0x00000000e6ab0000)
 concurrent mark-sweep generation total 393216K, used 0K [0x00000000e8000000, 0x0000000100000000, 0x0000000100000000)
 Metaspace       used 20053K, capacity 20368K, committed 20736K, reserved 1067008K
  class space    used 2297K, capacity 2472K, committed 2560K, reserved 1048576K
2017-06-11T06:39:58.014+0200: 2,564: [GC (Allocation Failure) 2017-06-11T06:39:58.014+0200: 2,564: [ParNew
Desired survivor size 20112992 bytes, new threshold 8 (max 8)
- age   1:    3621656 bytes,    3621656 total
- age   2:    6701488 bytes,   10323144 total
: 100046K->11903K(109248K), 0,0120321 secs] 100046K->11903K(502464K), 0,0121061 secs] [Times: user=0,04 sys=0,00, real=0,01 secs] 
Heap after GC invocations=2 (full 0):
 par new generation   total 109248K, used 11903K [0x00000000e0000000, 0x00000000e8000000, 0x00000000e8000000)
  eden space 87424K,   0% used [0x00000000e0000000, 0x00000000e0000000, 0x00000000e5560000)
  from space 21824K,  54% used [0x00000000e5560000, 0x00000000e60ffc10, 0x00000000e6ab0000)
  to   space 21824K,   0% used [0x00000000e6ab0000, 0x00000000e6ab0000, 0x00000000e8000000)
 concurrent mark-sweep generation total 393216K, used 0K [0x00000000e8000000, 0x0000000100000000, 0x0000000100000000)
 Metaspace       used 20053K, capacity 20368K, committed 20736K, reserved 1067008K
  class space    used 2297K, capacity 2472K, committed 2560K, reserved 1048576K
}
2017-06-11T06:39:58.026+0200: 2,576: Total time for which application threads were stopped: 0,0132491 seconds, Stopping threads took: 0,0009933 seconds
2017-06-11T06:39:58.064+0200: 2,615: Total time for which application threads were stopped: 0,0003819 seconds, Stopping threads took: 0,0000937 seconds
2017-06-11T06:39:58.210+0200: 2,760: Total time for which application threads were stopped: 0,0013632 seconds, Stopping threads took: 0,0012420 seconds
{Heap before GC invocations=2 (full 0):
 par new generation   total 109248K, used 99327K [0x00000000e0000000, 0x00000000e8000000, 0x00000000e8000000)
  eden space 87424K, 100% used [0x00000000e0000000, 0x00000000e5560000, 0x00000000e5560000)
  from space 21824K,  54% used [0x00000000e5560000, 0x00000000e60ffc10, 0x00000000e6ab0000)
  to   space 21824K,   0% used [0x00000000e6ab0000, 0x00000000e6ab0000, 0x00000000e8000000)
 concurrent mark-sweep generation total 393216K, used 0K [0x00000000e8000000, 0x0000000100000000, 0x0000000100000000)
 Metaspace       used 20982K, capacity 21296K, committed 21552K, reserved 1069056K
  class space    used 2419K, capacity 2592K, committed 2608K, reserved 1048576K
2017-06-11T06:39:58.235+0200: 2,785: [GC (Allocation Failure) 2017-06-11T06:39:58.235+0200: 2,785: [ParNew
Desired survivor size 20112992 bytes, new threshold 8 (max 8)
- age   1:    1954832 bytes,    1954832 total
- age   2:     822640 bytes,    2777472 total
- age   3:    6685904 bytes,    9463376 total
: 99327K->14317K(109248K), 0,0186454 secs] 99327K->14317K(502464K), 0,0187290 secs] [Times: user=0,07 sys=0,00, real=0,01 secs] 
Heap after GC invocations=3 (full 0):
 par new generation   total 109248K, used 14317K [0x00000000e0000000, 0x00000000e8000000, 0x00000000e8000000)
  eden space 87424K,   0% used [0x00000000e0000000, 0x00000000e0000000, 0x00000000e5560000)
  from space 21824K,  65% used [0x00000000e6ab0000, 0x00000000e78ab420, 0x00000000e8000000)
  to   space 21824K,   0% used [0x00000000e5560000, 0x00000000e5560000, 0x00000000e6ab0000)
 concurrent mark-sweep generation total 393216K, used 0K [0x00000000e8000000, 0x0000000100000000, 0x0000000100000000)
 Metaspace       used 20982K, capacity 21296K, committed 21552K, reserved 1069056K
  class space    used 2419K, capacity 2592K, committed 2608K, reserved 1048576K
}
2017-06-11T06:39:58.253+0200: 2,804: Total time for which application threads were stopped: 0,0189478 seconds, Stopping threads took: 0,0000850 seconds
2017-06-11T06:39:58.258+0200: 2,808: [GC (CMS Initial Mark) [1 CMS-initial-mark: 0K(393216K)] 17970K(502464K), 0,0043467 secs] [Times: user=0,02 sys=0,00, real=0,00 secs] 
2017-06-11T06:39:58.262+0200: 2,813: Total time for which application threads were stopped: 0,0045662 seconds, Stopping threads took: 0,0000878 seconds
2017-06-11T06:39:58.262+0200: 2,813: [CMS-concurrent-mark-start]
2017-06-11T06:39:58.263+0200: 2,813: [CMS-concurrent-mark: 0,001/0,001 secs] [Times: user=0,00 sys=0,00, real=0,00 secs] 
2017-06-11T06:39:58.263+0200: 2,813: [CMS-concurrent-preclean-start]
2017-06-11T06:39:58.264+0200: 2,814: [CMS-concurrent-preclean: 0,001/0,001 secs] [Times: user=0,00 sys=0,00, real=0,00 secs] 
2017-06-11T06:39:58.264+0200: 2,815: [CMS-concurrent-abortable-preclean-start]
{Heap before GC invocations=3 (full 1):
 par new generation   total 109248K, used 101741K [0x00000000e0000000, 0x00000000e8000000, 0x00000000e8000000)
  eden space 87424K, 100% used [0x00000000e0000000, 0x00000000e5560000, 0x00000000e5560000)
  from space 21824K,  65% used [0x00000000e6ab0000, 0x00000000e78ab420, 0x00000000e8000000)
  to   space 21824K,   0% used [0x00000000e5560000, 0x00000000e5560000, 0x00000000e6ab0000)
 concurrent mark-sweep generation total 393216K, used 0K [0x00000000e8000000, 0x0000000100000000, 0x0000000100000000)
 Metaspace       used 21260K, capacity 21578K, committed 21628K, reserved 1069056K
  class space    used 2451K, capacity 2608K, committed 2608K, reserved 1048576K
2017-06-11T06:39:58.430+0200: 2,980: [GC (Allocation Failure) 2017-06-11T06:39:58.430+0200: 2,980: [ParNew2017-06-11T06:39:58.433+0200: 2,984: [CMS-concurrent-abortable-preclean: 0,069/0,169 secs] [Times: user=0,47 sys=0,01, real=0,17 secs] 

Desired survivor size 20112992 bytes, new threshold 8 (max 8)
- age   1:     623048 bytes,     623048 total
- age   2:    1457456 bytes,    2080504 total
- age   3:     789296 bytes,    2869800 total
- age   4:    6685904 bytes,    9555704 total
: 101741K->11741K(109248K), 0,0170746 secs] 101741K->11741K(502464K), 0,0171360 secs] [Times: user=0,04 sys=0,00, real=0,02 secs] 
Heap after GC invocations=4 (full 1):
 par new generation   total 109248K, used 11741K [0x00000000e0000000, 0x00000000e8000000, 0x00000000e8000000)
  eden space 87424K,   0% used [0x00000000e0000000, 0x00000000e0000000, 0x00000000e5560000)
  from space 21824K,  53% used [0x00000000e5560000, 0x00000000e60d75a0, 0x00000000e6ab0000)
  to   space 21824K,   0% used [0x00000000e6ab0000, 0x00000000e6ab0000, 0x00000000e8000000)
 concurrent mark-sweep generation total 393216K, used 0K [0x00000000e8000000, 0x0000000100000000, 0x0000000100000000)
 Metaspace       used 21260K, capacity 21578K, committed 21628K, reserved 1069056K
  class space    used 2451K, capacity 2608K, committed 2608K, reserved 1048576K
}
2017-06-11T06:39:58.447+0200: 2,998: Total time for which application threads were stopped: 0,0261512 seconds, Stopping threads took: 0,0088550 seconds
2017-06-11T06:39:58.458+0200: 3,008: [GC (CMS Final Remark) [YG occupancy: 23755 K (109248 K)]{Heap before GC invocations=4 (full 1):
 par new generation   total 109248K, used 23755K [0x00000000e0000000, 0x00000000e8000000, 0x00000000e8000000)
  eden space 87424K,  13% used [0x00000000e0000000, 0x00000000e0bbb8b8, 0x00000000e5560000)
  from space 21824K,  53% used [0x00000000e5560000, 0x00000000e60d75a0, 0x00000000e6ab0000)
  to   space 21824K,   0% used [0x00000000e6ab0000, 0x00000000e6ab0000, 0x00000000e8000000)
 concurrent mark-sweep generation total 393216K, used 0K [0x00000000e8000000, 0x0000000100000000, 0x0000000100000000)
 Metaspace       used 21261K, capacity 21578K, committed 21628K, reserved 1069056K
  class space    used 2451K, capacity 2608K, committed 2608K, reserved 1048576K
2017-06-11T06:39:58.458+0200: 3,008: [GC (CMS Final Remark) 2017-06-11T06:39:58.458+0200: 3,008: [ParNew
Desired survivor size 20112992 bytes, new threshold 8 (max 8)
- age   1:     351752 bytes,     351752 total
- age   2:     192696 bytes,     544448 total
- age   3:    1457456 bytes,    2001904 total
- age   4:     789296 bytes,    2791200 total
- age   5:    6686120 bytes,    9477320 total
: 23755K->12259K(109248K), 0,0130339 secs] 23755K->12259K(502464K), 0,0130877 secs] [Times: user=0,04 sys=0,00, real=0,01 secs] 
Heap after GC invocations=5 (full 1):
 par new generation   total 109248K, used 12259K [0x00000000e0000000, 0x00000000e8000000, 0x00000000e8000000)
  eden space 87424K,   0% used [0x00000000e0000000, 0x00000000e0000000, 0x00000000e5560000)
  from space 21824K,  56% used [0x00000000e6ab0000, 0x00000000e76a8dd0, 0x00000000e8000000)
  to   space 21824K,   0% used [0x00000000e5560000, 0x00000000e5560000, 0x00000000e6ab0000)
 concurrent mark-sweep generation total 393216K, used 0K [0x00000000e8000000, 0x0000000100000000, 0x0000000100000000)
 Metaspace       used 21261K, capacity 21578K, committed 21628K, reserved 1069056K
  class space    used 2451K, capacity 2608K, committed 2608K, reserved 1048576K
}
2017-06-11T06:39:58.471+0200: 3,022: [Rescan (parallel) , 0,0052555 secs]2017-06-11T06:39:58.476+0200: 3,027: [weak refs processing, 0,0015221 secs]2017-06-11T06:39:58.478+0200: 3,028: [class unloading, 0,0028926 secs]2017-06-11T06:39:58.481+0200: 3,031: [scrub symbol table, 0,0028421 secs]2017-06-11T06:39:58.484+0200: 3,034: [scrub string table, 0,0003679 secs][1 CMS-remark: 0K(393216K)] 12259K(502464K), 0,0266786 secs] [Times: user=0,07 sys=0,00, real=0,02 secs] 
2017-06-11T06:39:58.484+0200: 3,035: Total time for which application threads were stopped: 0,0308865 seconds, Stopping threads took: 0,0041113 seconds
2017-06-11T06:39:58.484+0200: 3,035: [CMS-concurrent-sweep-start]
2017-06-11T06:39:58.485+0200: 3,035: [CMS-concurrent-sweep: 0,000/0,000 secs] [Times: user=0,00 sys=0,00, real=0,00 secs] 
2017-06-11T06:39:58.485+0200: 3,035: [CMS-concurrent-reset-start]
2017-06-11T06:39:58.487+0200: 3,037: [CMS-concurrent-reset: 0,002/0,002 secs] [Times: user=0,00 sys=0,00, real=0,01 secs] 
2017-06-11T06:39:58.623+0200: 3,174: Total time for which application threads were stopped: 0,0003414 seconds, Stopping threads took: 0,0000220 seconds
{Heap before GC invocations=5 (full 1):
 par new generation   total 109248K, used 99683K [0x00000000e0000000, 0x00000000e8000000, 0x00000000e8000000)
  eden space 87424K, 100% used [0x00000000e0000000, 0x00000000e5560000, 0x00000000e5560000)
  from space 21824K,  56% used [0x00000000e6ab0000, 0x00000000e76a8dd0, 0x00000000e8000000)
  to   space 21824K,   0% used [0x00000000e5560000, 0x00000000e5560000, 0x00000000e6ab0000)
 concurrent mark-sweep generation total 393216K, used 0K [0x00000000e8000000, 0x0000000100000000, 0x0000000100000000)
 Metaspace       used 21732K, capacity 22106K, committed 22268K, reserved 1069056K
  class space    used 2515K, capacity 2676K, committed 2736K, reserved 1048576K
2017-06-11T06:39:58.647+0200: 3,197: [GC (Allocation Failure) 2017-06-11T06:39:58.647+0200: 3,198: [ParNew
Desired survivor size 20112992 bytes, new threshold 8 (max 8)
- age   1:     757232 bytes,     757232 total
- age   2:      14232 bytes,     771464 total
- age   3:     191392 bytes,     962856 total
- age   4:     289760 bytes,    1252616 total
- age   5:     787312 bytes,    2039928 total
- age   6:    6685976 bytes,    8725904 total
: 99683K->11027K(109248K), 0,0230055 secs] 99683K->11027K(502464K), 0,0230943 secs] [Times: user=0,05 sys=0,00, real=0,02 secs] 
Heap after GC invocations=6 (full 1):
 par new generation   total 109248K, used 11027K [0x00000000e0000000, 0x00000000e8000000, 0x00000000e8000000)
  eden space 87424K,   0% used [0x00000000e0000000, 0x00000000e0000000, 0x00000000e5560000)
  from space 21824K,  50% used [0x00000000e5560000, 0x00000000e6024ec0, 0x00000000e6ab0000)
  to   space 21824K,   0% used [0x00000000e6ab0000, 0x00000000e6ab0000, 0x00000000e8000000)
 concurrent mark-sweep generation total 393216K, used 0K [0x00000000e8000000, 0x0000000100000000, 0x0000000100000000)
 Metaspace       used 21732K, capacity 22106K, committed 22268K, reserved 1069056K
  class space    used 2515K, capacity 2676K, committed 2736K, reserved 1048576K
}
2017-06-11T06:39:58.670+0200: 3,221: Total time for which application threads were stopped: 0,0278561 seconds, Stopping threads took: 0,0045982 seconds
2017-06-11T06:39:59.102+0200: 3,653: Total time for which application threads were stopped: 0,0004216 seconds, Stopping threads took: 0,0000210 seconds
2017-06-11T06:39:59.123+0200: 3,673: Total time for which application threads were stopped: 0,0004059 seconds, Stopping threads took: 0,0000516 seconds
{Heap before GC invocations=6 (full 1):
 par new generation   total 109248K, used 98451K [0x00000000e0000000, 0x00000000e8000000, 0x00000000e8000000)
  eden space 87424K, 100% used [0x00000000e0000000, 0x00000000e5560000, 0x00000000e5560000)
  from space 21824K,  50% used [0x00000000e5560000, 0x00000000e6024ec0, 0x00000000e6ab0000)
  to   space 21824K,   0% used [0x00000000e6ab0000, 0x00000000e6ab0000, 0x00000000e8000000)
 concurrent mark-sweep generation total 393216K, used 0K [0x00000000e8000000, 0x0000000100000000, 0x0000000100000000)
 Metaspace       used 23910K, capacity 24406K, committed 24624K, reserved 1071104K
  class space    used 2821K, capacity 3016K, committed 3120K, reserved 1048576K
2017-06-11T06:39:59.340+0200: 3,890: [GC (Allocation Failure) 2017-06-11T06:39:59.340+0200: 3,891: [ParNew
Desired survivor size 20112992 bytes, new threshold 8 (max 8)
- age   1:    5018056 bytes,    5018056 total
- age   2:     279528 bytes,    5297584 total
- age   3:      14232 bytes,    5311816 total
- age   4:     190864 bytes,    5502680 total
- age   5:     287224 bytes,    5789904 total
- age   6:     763224 bytes,    6553128 total
- age   7:    6677616 bytes,   13230744 total
: 98451K->16008K(109248K), 0,0217958 secs] 98451K->16008K(502464K), 0,0218675 secs] [Times: user=0,08 sys=0,00, real=0,02 secs] 
Heap after GC invocations=7 (full 1):
 par new generation   total 109248K, used 16008K [0x00000000e0000000, 0x00000000e8000000, 0x00000000e8000000)
  eden space 87424K,   0% used [0x00000000e0000000, 0x00000000e0000000, 0x00000000e5560000)
  from space 21824K,  73% used [0x00000000e6ab0000, 0x00000000e7a52320, 0x00000000e8000000)
  to   space 21824K,   0% used [0x00000000e5560000, 0x00000000e5560000, 0x00000000e6ab0000)
 concurrent mark-sweep generation total 393216K, used 0K [0x00000000e8000000, 0x0000000100000000, 0x0000000100000000)
 Metaspace       used 23910K, capacity 24406K, committed 24624K, reserved 1071104K
  class space    used 2821K, capacity 3016K, committed 3120K, reserved 1048576K
}
2017-06-11T06:39:59.362+0200: 3,912: Total time for which application threads were stopped: 0,0238358 seconds, Stopping threads took: 0,0017529 seconds
{Heap before GC invocations=7 (full 1):
 par new generation   total 109248K, used 103432K [0x00000000e0000000, 0x00000000e8000000, 0x00000000e8000000)
  eden space 87424K, 100% used [0x00000000e0000000, 0x00000000e5560000, 0x00000000e5560000)
  from space 21824K,  73% used [0x00000000e6ab0000, 0x00000000e7a52320, 0x00000000e8000000)
  to   space 21824K,   0% used [0x00000000e5560000, 0x00000000e5560000, 0x00000000e6ab0000)
 concurrent mark-sweep generation total 393216K, used 0K [0x00000000e8000000, 0x0000000100000000, 0x0000000100000000)
 Metaspace       used 24256K, capacity 24710K, committed 24880K, reserved 1071104K
  class space    used 2848K, capacity 3051K, committed 3120K, reserved 1048576K
2017-06-11T06:39:59.427+0200: 3,977: [GC (Allocation Failure) 2017-06-11T06:39:59.427+0200: 3,977: [ParNew
Desired survivor size 20112992 bytes, new threshold 8 (max 8)
- age   1:    1559880 bytes,    1559880 total
- age   2:    1730392 bytes,    3290272 total
- age   3:     147360 bytes,    3437632 total
- age   4:       4544 bytes,    3442176 total
- age   5:     109480 bytes,    3551656 total
- age   6:     195000 bytes,    3746656 total
- age   7:     716944 bytes,    4463600 total
- age   8:    6144880 bytes,   10608480 total
: 103432K->18959K(109248K), 0,0106607 secs] 103432K->18959K(502464K), 0,0107494 secs] [Times: user=0,03 sys=0,00, real=0,01 secs] 
Heap after GC invocations=8 (full 1):
 par new generation   total 109248K, used 18959K [0x00000000e0000000, 0x00000000e8000000, 0x00000000e8000000)
  eden space 87424K,   0% used [0x00000000e0000000, 0x00000000e0000000, 0x00000000e5560000)
  from space 21824K,  86% used [0x00000000e5560000, 0x00000000e67e3e00, 0x00000000e6ab0000)
  to   space 21824K,   0% used [0x00000000e6ab0000, 0x00000000e6ab0000, 0x00000000e8000000)
 concurrent mark-sweep generation total 393216K, used 0K [0x00000000e8000000, 0x0000000100000000, 0x0000000100000000)
 Metaspace       used 24256K, capacity 24710K, committed 24880K, reserved 1071104K
  class space    used 2848K, capacity 3051K, committed 3120K, reserved 1048576K
}
2017-06-11T06:39:59.437+0200: 3,988: Total time for which application threads were stopped: 0,0110317 seconds, Stopping threads took: 0,0001151 seconds
2017-06-11T06:39:59.505+0200: 4,056: Total time for which application threads were stopped: 0,0009589 seconds, Stopping threads took: 0,0007010 seconds
{Heap before GC invocations=8 (full 1):
 par new generation   total 109248K, used 106383K [0x00000000e0000000, 0x00000000e8000000, 0x00000000e8000000)
  eden space 87424K, 100% used [0x00000000e0000000, 0x00000000e5560000, 0x00000000e5560000)
  from space 21824K,  86% used [0x00000000e5560000, 0x00000000e67e3e00, 0x00000000e6ab0000)
  to   space 21824K,   0% used [0x00000000e6ab0000, 0x00000000e6ab0000, 0x00000000e8000000)
 concurrent mark-sweep generation total 393216K, used 0K [0x00000000e8000000, 0x0000000100000000, 0x0000000100000000)
 Metaspace       used 24919K, capacity 25398K, committed 25648K, reserved 1071104K
  class space    used 2904K, capacity 3086K, committed 3120K, reserved 1048576K
2017-06-11T06:39:59.556+0200: 4,107: [GC (Allocation Failure) 2017-06-11T06:39:59.556+0200: 4,107: [ParNew
Desired survivor size 20112992 bytes, new threshold 8 (max 8)
- age   1:    1093136 bytes,    1093136 total
- age   2:     559360 bytes,    1652496 total
- age   3:    1707576 bytes,    3360072 total
- age   4:     147328 bytes,    3507400 total
- age   5:       4544 bytes,    3511944 total
- age   6:     109312 bytes,    3621256 total
- age   7:     191864 bytes,    3813120 total
- age   8:     716176 bytes,    4529296 total
: 106383K->5813K(109248K), 0,0408417 secs] 106383K->12476K(502464K), 0,0409091 secs] [Times: user=0,13 sys=0,00, real=0,04 secs] 
Heap after GC invocations=9 (full 1):
 par new generation   total 109248K, used 5813K [0x00000000e0000000, 0x00000000e8000000, 0x00000000e8000000)
  eden space 87424K,   0% used [0x00000000e0000000, 0x00000000e0000000, 0x00000000e5560000)
  from space 21824K,  26% used [0x00000000e6ab0000, 0x00000000e705d6d8, 0x00000000e8000000)
  to   space 21824K,   0% used [0x00000000e5560000, 0x00000000e5560000, 0x00000000e6ab0000)
 concurrent mark-sweep generation total 393216K, used 6662K [0x00000000e8000000, 0x0000000100000000, 0x0000000100000000)
 Metaspace       used 24919K, capacity 25398K, committed 25648K, reserved 1071104K
  class space    used 2904K, capacity 3086K, committed 3120K, reserved 1048576K
}
2017-06-11T06:39:59.597+0200: 4,148: Total time for which application threads were stopped: 0,0411356 seconds, Stopping threads took: 0,0000677 seconds
2017-06-11T06:39:59.728+0200: 4,278: Total time for which application threads were stopped: 0,0001945 seconds, Stopping threads took: 0,0000637 seconds
2017-06-11T06:39:59.728+0200: 4,279: Total time for which application threads were stopped: 0,0000812 seconds, Stopping threads took: 0,0000167 seconds
2017-06-11T06:39:59.729+0200: 4,279: Total time for which application threads were stopped: 0,0000785 seconds, Stopping threads took: 0,0000169 seconds
2017-06-11T06:39:59.732+0200: 4,282: Total time for which application threads were stopped: 0,0010953 seconds, Stopping threads took: 0,0010133 seconds
2017-06-11T06:39:59.733+0200: 4,284: Total time for which application threads were stopped: 0,0001352 seconds, Stopping threads took: 0,0000513 seconds
2017-06-11T06:39:59.734+0200: 4,284: Total time for which application threads were stopped: 0,0001342 seconds, Stopping threads took: 0,0000710 seconds
2017-06-11T06:39:59.738+0200: 4,288: Total time for which application threads were stopped: 0,0033142 seconds, Stopping threads took: 0,0031954 seconds
2017-06-11T06:39:59.738+0200: 4,289: Total time for which application threads were stopped: 0,0001349 seconds, Stopping threads took: 0,0000833 seconds
2017-06-11T06:39:59.740+0200: 4,291: Total time for which application threads were stopped: 0,0003883 seconds, Stopping threads took: 0,0002896 seconds
2017-06-11T06:39:59.742+0200: 4,292: Total time for which application threads were stopped: 0,0009957 seconds, Stopping threads took: 0,0009145 seconds
2017-06-11T06:39:59.742+0200: 4,292: Total time for which application threads were stopped: 0,0000762 seconds, Stopping threads took: 0,0000252 seconds
2017-06-11T06:39:59.742+0200: 4,293: Total time for which application threads were stopped: 0,0000900 seconds, Stopping threads took: 0,0000376 seconds
2017-06-11T06:39:59.742+0200: 4,293: Total time for which application threads were stopped: 0,0000679 seconds, Stopping threads took: 0,0000327 seconds
2017-06-11T06:39:59.742+0200: 4,293: Total time for which application threads were stopped: 0,0000772 seconds, Stopping threads took: 0,0000325 seconds
2017-06-11T06:39:59.743+0200: 4,293: Total time for which application threads were stopped: 0,0000656 seconds, Stopping threads took: 0,0000211 seconds
2017-06-11T06:39:59.743+0200: 4,293: Total time for which application threads were stopped: 0,0000676 seconds, Stopping threads took: 0,0000205 seconds
2017-06-11T06:39:59.743+0200: 4,293: Total time for which application threads were stopped: 0,0000573 seconds, Stopping threads took: 0,0000250 seconds
2017-06-11T06:39:59.743+0200: 4,294: Total time for which application threads were stopped: 0,0000553 seconds, Stopping threads took: 0,0000198 seconds
2017-06-11T06:39:59.743+0200: 4,294: Total time for which application threads were stopped: 0,0000526 seconds, Stopping threads took: 0,0000226 seconds
2017-06-11T06:39:59.743+0200: 4,294: Total time for which application threads were stopped: 0,0000513 seconds, Stopping threads took: 0,0000180 seconds
2017-06-11T06:39:59.744+0200: 4,294: Total time for which application threads were stopped: 0,0000657 seconds, Stopping threads took: 0,0000270 seconds
2017-06-11T06:39:59.744+0200: 4,294: Total time for which application threads were stopped: 0,0000456 seconds, Stopping threads took: 0,0000163 seconds
2017-06-11T06:39:59.744+0200: 4,294: Total time for which application threads were stopped: 0,0000595 seconds, Stopping threads took: 0,0000215 seconds
2017-06-11T06:39:59.744+0200: 4,294: Total time for which application threads were stopped: 0,0000459 seconds, Stopping threads took: 0,0000141 seconds
2017-06-11T06:39:59.744+0200: 4,295: Total time for which application threads were stopped: 0,0000579 seconds, Stopping threads took: 0,0000101 seconds
2017-06-11T06:39:59.744+0200: 4,295: Total time for which application threads were stopped: 0,0000630 seconds, Stopping threads took: 0,0000332 seconds
2017-06-11T06:39:59.744+0200: 4,295: Total time for which application threads were stopped: 0,0002184 seconds, Stopping threads took: 0,0001735 seconds
2017-06-11T06:39:59.745+0200: 4,295: Total time for which application threads were stopped: 0,0001269 seconds, Stopping threads took: 0,0000156 seconds
2017-06-11T06:39:59.745+0200: 4,296: Total time for which application threads were stopped: 0,0000638 seconds, Stopping threads took: 0,0000131 seconds
2017-06-11T06:39:59.745+0200: 4,296: Total time for which application threads were stopped: 0,0002980 seconds, Stopping threads took: 0,0002474 seconds
2017-06-11T06:39:59.746+0200: 4,296: Total time for which application threads were stopped: 0,0002098 seconds, Stopping threads took: 0,0001568 seconds
2017-06-11T06:39:59.750+0200: 4,301: Total time for which application threads were stopped: 0,0001550 seconds, Stopping threads took: 0,0000524 seconds
2017-06-11T06:39:59.752+0200: 4,302: Total time for which application threads were stopped: 0,0001380 seconds, Stopping threads took: 0,0000443 seconds
2017-06-11T06:39:59.762+0200: 4,312: Total time for which application threads were stopped: 0,0017439 seconds, Stopping threads took: 0,0016779 seconds
2017-06-11T06:39:59.762+0200: 4,313: Total time for which application threads were stopped: 0,0001087 seconds, Stopping threads took: 0,0000359 seconds
2017-06-11T06:39:59.762+0200: 4,313: Total time for which application threads were stopped: 0,0000740 seconds, Stopping threads took: 0,0000247 seconds
2017-06-11T06:39:59.773+0200: 4,323: Total time for which application threads were stopped: 0,0001294 seconds, Stopping threads took: 0,0000419 seconds
2017-06-11T06:39:59.775+0200: 4,325: Total time for which application threads were stopped: 0,0001620 seconds, Stopping threads took: 0,0000818 seconds
2017-06-11T06:39:59.778+0200: 4,328: Total time for which application threads were stopped: 0,0001549 seconds, Stopping threads took: 0,0000566 seconds
2017-06-11T06:39:59.781+0200: 4,331: Total time for which application threads were stopped: 0,0000825 seconds, Stopping threads took: 0,0000204 seconds
2017-06-11T06:39:59.784+0200: 4,335: Total time for which application threads were stopped: 0,0000889 seconds, Stopping threads took: 0,0000171 seconds
2017-06-11T06:39:59.785+0200: 4,335: Total time for which application threads were stopped: 0,0000657 seconds, Stopping threads took: 0,0000119 seconds
2017-06-11T06:39:59.785+0200: 4,336: Total time for which application threads were stopped: 0,0000435 seconds, Stopping threads took: 0,0000105 seconds
2017-06-11T06:39:59.785+0200: 4,336: Total time for which application threads were stopped: 0,0000568 seconds, Stopping threads took: 0,0000126 seconds
2017-06-11T06:39:59.786+0200: 4,336: Total time for which application threads were stopped: 0,0000960 seconds, Stopping threads took: 0,0000241 seconds
2017-06-11T06:39:59.786+0200: 4,337: Total time for which application threads were stopped: 0,0000699 seconds, Stopping threads took: 0,0000149 seconds
2017-06-11T06:39:59.786+0200: 4,337: Total time for which application threads were stopped: 0,0000666 seconds, Stopping threads took: 0,0000100 seconds
2017-06-11T06:39:59.787+0200: 4,337: Total time for which application threads were stopped: 0,0000743 seconds, Stopping threads took: 0,0000226 seconds
2017-06-11T06:39:59.787+0200: 4,338: Total time for which application threads were stopped: 0,0000762 seconds, Stopping threads took: 0,0000115 seconds
2017-06-11T06:39:59.789+0200: 4,339: Total time for which application threads were stopped: 0,0000736 seconds, Stopping threads took: 0,0000142 seconds
2017-06-11T06:39:59.791+0200: 4,342: Total time for which application threads were stopped: 0,0001000 seconds, Stopping threads took: 0,0000225 seconds
2017-06-11T06:39:59.793+0200: 4,343: Total time for which application threads were stopped: 0,0000789 seconds, Stopping threads took: 0,0000245 seconds
2017-06-11T06:39:59.793+0200: 4,344: Total time for which application threads were stopped: 0,0001013 seconds, Stopping threads took: 0,0000298 seconds
2017-06-11T06:39:59.794+0200: 4,344: Total time for which application threads were stopped: 0,0000765 seconds, Stopping threads took: 0,0000288 seconds
2017-06-11T06:39:59.794+0200: 4,345: Total time for which application threads were stopped: 0,0000772 seconds, Stopping threads took: 0,0000201 seconds
2017-06-11T06:39:59.796+0200: 4,347: Total time for which application threads were stopped: 0,0000819 seconds, Stopping threads took: 0,0000176 seconds
2017-06-11T06:39:59.797+0200: 4,347: Total time for which application threads were stopped: 0,0000825 seconds, Stopping threads took: 0,0000298 seconds
2017-06-11T06:39:59.797+0200: 4,348: Total time for which application threads were stopped: 0,0000790 seconds, Stopping threads took: 0,0000212 seconds
2017-06-11T06:39:59.800+0200: 4,350: Total time for which application threads were stopped: 0,0001383 seconds, Stopping threads took: 0,0000625 seconds
2017-06-11T06:39:59.810+0200: 4,360: Total time for which application threads were stopped: 0,0001981 seconds, Stopping threads took: 0,0000434 seconds
2017-06-11T06:39:59.851+0200: 4,402: Total time for which application threads were stopped: 0,0006972 seconds, Stopping threads took: 0,0000460 seconds
2017-06-11T06:39:59.903+0200: 4,453: Total time for which application threads were stopped: 0,0005450 seconds, Stopping threads took: 0,0000476 seconds
2017-06-11T06:40:00.027+0200: 4,577: Total time for which application threads were stopped: 0,0002198 seconds, Stopping threads took: 0,0000977 seconds
2017-06-11T06:40:00.033+0200: 4,584: Total time for which application threads were stopped: 0,0053169 seconds, Stopping threads took: 0,0017149 seconds
2017-06-11T06:40:00.070+0200: 4,621: Total time for which application threads were stopped: 0,0004277 seconds, Stopping threads took: 0,0000272 seconds
2017-06-11T06:40:00.094+0200: 4,644: Total time for which application threads were stopped: 0,0207828 seconds, Stopping threads took: 0,0206742 seconds
2017-06-11T06:40:00.094+0200: 4,645: Total time for which application threads were stopped: 0,0001199 seconds, Stopping threads took: 0,0000129 seconds
2017-06-11T06:40:00.094+0200: 4,645: Total time for which application threads were stopped: 0,0001028 seconds, Stopping threads took: 0,0000128 seconds
2017-06-11T06:40:00.206+0200: 4,756: Total time for which application threads were stopped: 0,0000978 seconds, Stopping threads took: 0,0000188 seconds
2017-06-11T06:40:00.295+0200: 4,846: Total time for which application threads were stopped: 0,0060781 seconds, Stopping threads took: 0,0058922 seconds
2017-06-11T06:40:00.297+0200: 4,848: Total time for which application threads were stopped: 0,0001562 seconds, Stopping threads took: 0,0000386 seconds
2017-06-11T06:40:00.298+0200: 4,848: Total time for which application threads were stopped: 0,0001209 seconds, Stopping threads took: 0,0000275 seconds
2017-06-11T06:40:00.327+0200: 4,877: Total time for which application threads were stopped: 0,0001322 seconds, Stopping threads took: 0,0000197 seconds
2017-06-11T06:40:00.327+0200: 4,878: Total time for which application threads were stopped: 0,0001077 seconds, Stopping threads took: 0,0000143 seconds
2017-06-11T06:40:00.340+0200: 4,891: Total time for which application threads were stopped: 0,0001536 seconds, Stopping threads took: 0,0000364 seconds
2017-06-11T06:40:00.341+0200: 4,892: Total time for which application threads were stopped: 0,0001535 seconds, Stopping threads took: 0,0000300 seconds
2017-06-11T06:40:00.362+0200: 4,913: Total time for which application threads were stopped: 0,0003421 seconds, Stopping threads took: 0,0000511 seconds
2017-06-11T06:40:00.389+0200: 4,939: Total time for which application threads were stopped: 0,0002668 seconds, Stopping threads took: 0,0001469 seconds
2017-06-11T06:40:00.566+0200: 5,116: Total time for which application threads were stopped: 0,0002003 seconds, Stopping threads took: 0,0000657 seconds
2017-06-11T06:40:00.661+0200: 5,212: Total time for which application threads were stopped: 0,0047572 seconds, Stopping threads took: 0,0034296 seconds
2017-06-11T06:40:01.661+0200: 6,212: Total time for which application threads were stopped: 0,0001097 seconds, Stopping threads took: 0,0000352 seconds
2017-06-11T06:41:17.669+0200: 82,220: Total time for which application threads were stopped: 0,0000702 seconds, Stopping threads took: 0,0000201 seconds
2017-06-11T06:41:52.674+0200: 117,224: Total time for which application threads were stopped: 0,0000766 seconds, Stopping threads took: 0,0000333 seconds
2017-06-11T06:41:57.674+0200: 122,225: Total time for which application threads were stopped: 0,0000614 seconds, Stopping threads took: 0,0000158 seconds
2017-06-11T06:42:25.600+0200: 150,151: Total time for which application threads were stopped: 0,0000700 seconds, Stopping threads took: 0,0000183 seconds
2017-06-11T06:42:25.689+0200: 150,240: Total time for which application threads were stopped: 0,0882985 seconds, Stopping threads took: 0,0882304 seconds
2017-06-11T06:42:25.689+0200: 150,240: Total time for which application threads were stopped: 0,0000530 seconds, Stopping threads took: 0,0000146 seconds
2017-06-11T06:42:25.691+0200: 150,242: Total time for which application threads were stopped: 0,0001216 seconds, Stopping threads took: 0,0000478 seconds
2017-06-11T06:42:25.693+0200: 150,244: Total time for which application threads were stopped: 0,0001150 seconds, Stopping threads took: 0,0000314 seconds
2017-06-11T06:42:25.694+0200: 150,245: Total time for which application threads were stopped: 0,0001012 seconds, Stopping threads took: 0,0000326 seconds
2017-06-11T06:42:25.694+0200: 150,245: Total time for which application threads were stopped: 0,0001061 seconds, Stopping threads took: 0,0000574 seconds
2017-06-11T06:42:25.694+0200: 150,245: Total time for which application threads were stopped: 0,0000427 seconds, Stopping threads took: 0,0000194 seconds
2017-06-11T06:42:25.695+0200: 150,245: Total time for which application threads were stopped: 0,0000535 seconds, Stopping threads took: 0,0000215 seconds
2017-06-11T06:42:25.695+0200: 150,245: Total time for which application threads were stopped: 0,0000352 seconds, Stopping threads took: 0,0000128 seconds
2017-06-11T06:42:25.695+0200: 150,245: Total time for which application threads were stopped: 0,0000392 seconds, Stopping threads took: 0,0000167 seconds
2017-06-11T06:42:25.695+0200: 150,246: Total time for which application threads were stopped: 0,0000364 seconds, Stopping threads took: 0,0000135 seconds
2017-06-11T06:42:25.695+0200: 150,246: Total time for which application threads were stopped: 0,0000409 seconds, Stopping threads took: 0,0000170 seconds
2017-06-11T06:42:25.695+0200: 150,246: Total time for which application threads were stopped: 0,0000307 seconds, Stopping threads took: 0,0000076 seconds
2017-06-11T06:42:25.695+0200: 150,246: Total time for which application threads were stopped: 0,0000277 seconds, Stopping threads took: 0,0000071 seconds
2017-06-11T06:42:25.695+0200: 150,246: Total time for which application threads were stopped: 0,0000349 seconds, Stopping threads took: 0,0000136 seconds
2017-06-11T06:42:25.695+0200: 150,246: Total time for which application threads were stopped: 0,0000270 seconds, Stopping threads took: 0,0000075 seconds
2017-06-11T06:42:25.695+0200: 150,246: Total time for which application threads were stopped: 0,0000349 seconds, Stopping threads took: 0,0000134 seconds
2017-06-11T06:42:25.695+0200: 150,246: Total time for which application threads were stopped: 0,0000383 seconds, Stopping threads took: 0,0000159 seconds
2017-06-11T06:42:25.697+0200: 150,247: Total time for which application threads were stopped: 0,0003105 seconds, Stopping threads took: 0,0002351 seconds
2017-06-11T06:42:25.697+0200: 150,247: Total time for which application threads were stopped: 0,0000487 seconds, Stopping threads took: 0,0000181 seconds
2017-06-11T06:42:25.697+0200: 150,247: Total time for which application threads were stopped: 0,0000403 seconds, Stopping threads took: 0,0000166 seconds
2017-06-11T06:42:25.697+0200: 150,248: Total time for which application threads were stopped: 0,0000361 seconds, Stopping threads took: 0,0000144 seconds
2017-06-11T06:42:25.697+0200: 150,248: Total time for which application threads were stopped: 0,0000358 seconds, Stopping threads took: 0,0000138 seconds
2017-06-11T06:42:25.697+0200: 150,248: Total time for which application threads were stopped: 0,0000346 seconds, Stopping threads took: 0,0000133 seconds
2017-06-11T06:42:25.697+0200: 150,248: Total time for which application threads were stopped: 0,0000396 seconds, Stopping threads took: 0,0000172 seconds
2017-06-11T06:42:25.707+0200: 150,257: Total time for which application threads were stopped: 0,0000888 seconds, Stopping threads took: 0,0000220 seconds
2017-06-11T06:42:25.707+0200: 150,258: Total time for which application threads were stopped: 0,0000495 seconds, Stopping threads took: 0,0000121 seconds
2017-06-11T06:42:25.707+0200: 150,258: Total time for which application threads were stopped: 0,0000517 seconds, Stopping threads took: 0,0000196 seconds
2017-06-11T06:42:25.708+0200: 150,259: Total time for which application threads were stopped: 0,0009210 seconds, Stopping threads took: 0,0008520 seconds
2017-06-11T06:42:25.708+0200: 150,259: Total time for which application threads were stopped: 0,0000415 seconds, Stopping threads took: 0,0000143 seconds
2017-06-11T06:42:25.709+0200: 150,260: Total time for which application threads were stopped: 0,0000837 seconds, Stopping threads took: 0,0000212 seconds
2017-06-11T06:42:25.725+0200: 150,275: Total time for which application threads were stopped: 0,0000785 seconds, Stopping threads took: 0,0000189 seconds
2017-06-11T06:42:25.726+0200: 150,276: Total time for which application threads were stopped: 0,0000681 seconds, Stopping threads took: 0,0000151 seconds
2017-06-11T06:42:25.726+0200: 150,276: Total time for which application threads were stopped: 0,0000364 seconds, Stopping threads took: 0,0000055 seconds
2017-06-11T06:42:25.726+0200: 150,277: Total time for which application threads were stopped: 0,0000405 seconds, Stopping threads took: 0,0000061 seconds
2017-06-11T06:42:25.726+0200: 150,277: Total time for which application threads were stopped: 0,0000362 seconds, Stopping threads took: 0,0000052 seconds
2017-06-11T06:42:25.726+0200: 150,277: Total time for which application threads were stopped: 0,0000351 seconds, Stopping threads took: 0,0000054 seconds
2017-06-11T06:42:25.726+0200: 150,277: Total time for which application threads were stopped: 0,0000317 seconds, Stopping threads took: 0,0000044 seconds
2017-06-11T06:42:25.726+0200: 150,277: Total time for which application threads were stopped: 0,0000342 seconds, Stopping threads took: 0,0000052 seconds
2017-06-11T06:42:25.726+0200: 150,277: Total time for which application threads were stopped: 0,0000316 seconds, Stopping threads took: 0,0000043 seconds
2017-06-11T06:42:25.726+0200: 150,277: Total time for which application threads were stopped: 0,0000328 seconds, Stopping threads took: 0,0000044 seconds
2017-06-11T06:42:25.726+0200: 150,277: Total time for which application threads were stopped: 0,0000319 seconds, Stopping threads took: 0,0000042 seconds
2017-06-11T06:42:25.726+0200: 150,277: Total time for which application threads were stopped: 0,0000311 seconds, Stopping threads took: 0,0000045 seconds
2017-06-11T06:42:25.729+0200: 150,280: Total time for which application threads were stopped: 0,0000821 seconds, Stopping threads took: 0,0000232 seconds
2017-06-11T06:42:25.730+0200: 150,280: Total time for which application threads were stopped: 0,0000693 seconds, Stopping threads took: 0,0000284 seconds
2017-06-11T06:42:25.730+0200: 150,280: Total time for which application threads were stopped: 0,0000576 seconds, Stopping threads took: 0,0000198 seconds
2017-06-11T06:42:25.730+0200: 150,280: Total time for which application threads were stopped: 0,0000542 seconds, Stopping threads took: 0,0000204 seconds
2017-06-11T06:42:25.730+0200: 150,281: Total time for which application threads were stopped: 0,0000759 seconds, Stopping threads took: 0,0000299 seconds
2017-06-11T06:42:25.730+0200: 150,281: Total time for which application threads were stopped: 0,0000587 seconds, Stopping threads took: 0,0000228 seconds
2017-06-11T06:42:25.730+0200: 150,281: Total time for which application threads were stopped: 0,0000517 seconds, Stopping threads took: 0,0000194 seconds
2017-06-11T06:42:25.731+0200: 150,281: Total time for which application threads were stopped: 0,0000638 seconds, Stopping threads took: 0,0000277 seconds
2017-06-11T06:42:25.731+0200: 150,281: Total time for which application threads were stopped: 0,0000736 seconds, Stopping threads took: 0,0000386 seconds
2017-06-11T06:42:25.731+0200: 150,281: Total time for which application threads were stopped: 0,0000557 seconds, Stopping threads took: 0,0000240 seconds
2017-06-11T06:42:25.731+0200: 150,282: Total time for which application threads were stopped: 0,0002180 seconds, Stopping threads took: 0,0001578 seconds
2017-06-11T06:42:25.732+0200: 150,282: Total time for which application threads were stopped: 0,0005187 seconds, Stopping threads took: 0,0004708 seconds
2017-06-11T06:42:25.733+0200: 150,284: Total time for which application threads were stopped: 0,0000741 seconds, Stopping threads took: 0,0000149 seconds
2017-06-11T06:42:25.735+0200: 150,285: Total time for which application threads were stopped: 0,0004656 seconds, Stopping threads took: 0,0004175 seconds
2017-06-11T06:42:25.735+0200: 150,285: Total time for which application threads were stopped: 0,0000385 seconds, Stopping threads took: 0,0000057 seconds
2017-06-11T06:42:25.736+0200: 150,287: Total time for which application threads were stopped: 0,0000730 seconds, Stopping threads took: 0,0000170 seconds
2017-06-11T06:42:25.736+0200: 150,287: Total time for which application threads were stopped: 0,0000344 seconds, Stopping threads took: 0,0000051 seconds
2017-06-11T06:42:25.736+0200: 150,287: Total time for which application threads were stopped: 0,0000321 seconds, Stopping threads took: 0,0000049 seconds
2017-06-11T06:42:25.737+0200: 150,287: Total time for which application threads were stopped: 0,0000567 seconds, Stopping threads took: 0,0000187 seconds
2017-06-11T06:42:25.737+0200: 150,287: Total time for which application threads were stopped: 0,0000334 seconds, Stopping threads took: 0,0000048 seconds
2017-06-11T06:42:25.737+0200: 150,287: Total time for which application threads were stopped: 0,0000326 seconds, Stopping threads took: 0,0000045 seconds
2017-06-11T06:42:25.737+0200: 150,287: Total time for which application threads were stopped: 0,0000342 seconds, Stopping threads took: 0,0000049 seconds
2017-06-11T06:42:25.737+0200: 150,288: Total time for which application threads were stopped: 0,0000335 seconds, Stopping threads took: 0,0000048 seconds
2017-06-11T06:42:25.737+0200: 150,288: Total time for which application threads were stopped: 0,0000333 seconds, Stopping threads took: 0,0000047 seconds
2017-06-11T06:42:25.737+0200: 150,288: Total time for which application threads were stopped: 0,0000339 seconds, Stopping threads took: 0,0000061 seconds
2017-06-11T06:42:25.737+0200: 150,288: Total time for which application threads were stopped: 0,0000323 seconds, Stopping threads took: 0,0000051 seconds
2017-06-11T06:42:25.738+0200: 150,289: Total time for which application threads were stopped: 0,0001077 seconds, Stopping threads took: 0,0000153 seconds
2017-06-11T06:42:25.739+0200: 150,289: Total time for which application threads were stopped: 0,0000770 seconds, Stopping threads took: 0,0000109 seconds
2017-06-11T06:42:25.739+0200: 150,290: Total time for which application threads were stopped: 0,0000387 seconds, Stopping threads took: 0,0000062 seconds
2017-06-11T06:42:25.739+0200: 150,290: Total time for which application threads were stopped: 0,0000354 seconds, Stopping threads took: 0,0000068 seconds
2017-06-11T06:42:25.739+0200: 150,290: Total time for which application threads were stopped: 0,0000329 seconds, Stopping threads took: 0,0000058 seconds
2017-06-11T06:42:25.739+0200: 150,290: Total time for which application threads were stopped: 0,0000364 seconds, Stopping threads took: 0,0000066 seconds
2017-06-11T06:42:25.739+0200: 150,290: Total time for which application threads were stopped: 0,0000324 seconds, Stopping threads took: 0,0000051 seconds
2017-06-11T06:42:25.739+0200: 150,290: Total time for which application threads were stopped: 0,0001370 seconds, Stopping threads took: 0,0000051 seconds
2017-06-11T06:42:25.748+0200: 150,299: Total time for which application threads were stopped: 0,0000913 seconds, Stopping threads took: 0,0000168 seconds
2017-06-11T06:42:25.748+0200: 150,299: Total time for which application threads were stopped: 0,0000357 seconds, Stopping threads took: 0,0000061 seconds
2017-06-11T06:42:25.748+0200: 150,299: Total time for which application threads were stopped: 0,0000329 seconds, Stopping threads took: 0,0000048 seconds
2017-06-11T06:42:25.748+0200: 150,299: Total time for which application threads were stopped: 0,0000319 seconds, Stopping threads took: 0,0000048 seconds
2017-06-11T06:42:25.749+0200: 150,299: Total time for which application threads were stopped: 0,0000553 seconds, Stopping threads took: 0,0000170 seconds
2017-06-11T06:42:25.749+0200: 150,299: Total time for which application threads were stopped: 0,0000714 seconds, Stopping threads took: 0,0000130 seconds
Heap
 par new generation   total 109248K, used 82589K [0x00000000e0000000, 0x00000000e8000000, 0x00000000e8000000)
  eden space 87424K,  87% used [0x00000000e0000000, 0x00000000e4af9ea8, 0x00000000e5560000)
  from space 21824K,  26% used [0x00000000e6ab0000, 0x00000000e705d6d8, 0x00000000e8000000)
  to   space 21824K,   0% used [0x00000000e5560000, 0x00000000e5560000, 0x00000000e6ab0000)
 concurrent mark-sweep generation total 393216K, used 6662K [0x00000000e8000000, 0x0000000100000000, 0x0000000100000000)
 Metaspace       used 28110K, capacity 28610K, committed 28848K, reserved 1075200K
  class space    used 3228K, capacity 3426K, committed 3504K, reserved 1048576K
