OpenJDK 64-Bit Server VM (25.111-b14) for linux-amd64 JRE (1.8.0_111-8u111-b14-2ubuntu0.16.04.2-b14), built on Oct 27 2016 18:10:19 by "buildd" with gcc 5.4.0 20160609
Memory: 4k page, physical 7867840k(7462608k free), swap 8076284k(8076284k free)
CommandLine flags: -XX:CMSInitiatingOccupancyFraction=50 -XX:CMSMaxAbortablePrecleanTime=6000 -XX:+CMSParallelRemarkEnabled -XX:+CMSScavengeBeforeRemark -XX:ConcGCThreads=4 -XX:InitialHeapSize=536870912 -XX:MaxHeapSize=536870912 -XX:MaxTenuringThreshold=8 -XX:NewRatio=3 -XX:OldPLABSize=16 -XX:OnOutOfMemoryError=/opt/solr/bin/oom_solr.sh 8983 /var/solr/logs -XX:ParallelGCThreads=4 -XX:+ParallelRefProcEnabled -XX:PretenureSizeThreshold=67108864 -XX:+PrintGC -XX:+PrintGCApplicationStoppedTime -XX:+PrintGCDateStamps -XX:+PrintGCDetails -XX:+PrintGCTimeStamps -XX:+PrintHeapAtGC -XX:+PrintTenuringDistribution -XX:SurvivorRatio=4 -XX:TargetSurvivorRatio=90 -XX:ThreadStackSize=256 -XX:+UseCMSInitiatingOccupancyOnly -XX:+UseCompressedClassPointers -XX:+UseCompressedOops -XX:+UseConcMarkSweepGC -XX:+UseParNewGC 
2016-12-02T17:42:52.601+0100: 0,114: Total time for which application threads were stopped: 0,0000642 seconds, Stopping threads took: 0,0000101 seconds
2016-12-02T17:42:52.673+0100: 0,185: Total time for which application threads were stopped: 0,0001307 seconds, Stopping threads took: 0,0000590 seconds
2016-12-02T17:42:52.686+0100: 0,198: Total time for which application threads were stopped: 0,0000686 seconds, Stopping threads took: 0,0000120 seconds
2016-12-02T17:42:52.800+0100: 0,312: Total time for which application threads were stopped: 0,0002300 seconds, Stopping threads took: 0,0000161 seconds
2016-12-02T17:42:52.944+0100: 0,457: Total time for which application threads were stopped: 0,0001082 seconds, Stopping threads took: 0,0000099 seconds
2016-12-02T17:42:52.984+0100: 0,496: Total time for which application threads were stopped: 0,0001396 seconds, Stopping threads took: 0,0000277 seconds
2016-12-02T17:42:52.998+0100: 0,510: Total time for which application threads were stopped: 0,0001643 seconds, Stopping threads took: 0,0000188 seconds
2016-12-02T17:42:53.205+0100: 0,717: Total time for which application threads were stopped: 0,0004059 seconds, Stopping threads took: 0,0000242 seconds
2016-12-02T17:42:53.386+0100: 0,898: Total time for which application threads were stopped: 0,0001955 seconds, Stopping threads took: 0,0000112 seconds
2016-12-02T17:42:53.403+0100: 0,915: Total time for which application threads were stopped: 0,0001850 seconds, Stopping threads took: 0,0000221 seconds
2016-12-02T17:42:53.404+0100: 0,916: Total time for which application threads were stopped: 0,0001167 seconds, Stopping threads took: 0,0000292 seconds
2016-12-02T17:42:53.414+0100: 0,926: Total time for which application threads were stopped: 0,0001692 seconds, Stopping threads took: 0,0000230 seconds
2016-12-02T17:42:53.479+0100: 0,992: Total time for which application threads were stopped: 0,0002393 seconds, Stopping threads took: 0,0000219 seconds
2016-12-02T17:42:53.651+0100: 1,163: Total time for which application threads were stopped: 0,0005769 seconds, Stopping threads took: 0,0000383 seconds
{Heap before GC invocations=0 (full 0):
 par new generation   total 109248K, used 87424K [0x00000000e0000000, 0x00000000e8000000, 0x00000000e8000000)
  eden space 87424K, 100% used [0x00000000e0000000, 0x00000000e5560000, 0x00000000e5560000)
  from space 21824K,   0% used [0x00000000e5560000, 0x00000000e5560000, 0x00000000e6ab0000)
  to   space 21824K,   0% used [0x00000000e6ab0000, 0x00000000e6ab0000, 0x00000000e8000000)
 concurrent mark-sweep generation total 393216K, used 0K [0x00000000e8000000, 0x0000000100000000, 0x0000000100000000)
 Metaspace       used 18101K, capacity 18366K, committed 18560K, reserved 1064960K
  class space    used 2054K, capacity 2162K, committed 2176K, reserved 1048576K
2016-12-02T17:42:53.913+0100: 1,425: [GC (Allocation Failure) 2016-12-02T17:42:53.913+0100: 1,425: [ParNew
Desired survivor size 20112992 bytes, new threshold 8 (max 8)
- age   1:   12322560 bytes,   12322560 total
: 87424K->12143K(109248K), 0,0799582 secs] 87424K->12143K(502464K), 0,0807774 secs] [Times: user=0,04 sys=0,01, real=0,08 secs] 
Heap after GC invocations=1 (full 0):
 par new generation   total 109248K, used 12143K [0x00000000e0000000, 0x00000000e8000000, 0x00000000e8000000)
  eden space 87424K,   0% used [0x00000000e0000000, 0x00000000e0000000, 0x00000000e5560000)
  from space 21824K,  55% used [0x00000000e6ab0000, 0x00000000e768bd58, 0x00000000e8000000)
  to   space 21824K,   0% used [0x00000000e5560000, 0x00000000e5560000, 0x00000000e6ab0000)
 concurrent mark-sweep generation total 393216K, used 0K [0x00000000e8000000, 0x0000000100000000, 0x0000000100000000)
 Metaspace       used 18101K, capacity 18366K, committed 18560K, reserved 1064960K
  class space    used 2054K, capacity 2162K, committed 2176K, reserved 1048576K
}
2016-12-02T17:42:53.994+0100: 1,506: Total time for which application threads were stopped: 0,0810097 seconds, Stopping threads took: 0,0000178 seconds
2016-12-02T17:42:54.420+0100: 1,932: Total time for which application threads were stopped: 0,0003445 seconds, Stopping threads took: 0,0000307 seconds
2016-12-02T17:42:54.466+0100: 1,978: Total time for which application threads were stopped: 0,0024346 seconds, Stopping threads took: 0,0017399 seconds
2016-12-02T17:42:54.508+0100: 2,020: Total time for which application threads were stopped: 0,0002740 seconds, Stopping threads took: 0,0000204 seconds
{Heap before GC invocations=1 (full 0):
 par new generation   total 109248K, used 99566K [0x00000000e0000000, 0x00000000e8000000, 0x00000000e8000000)
  eden space 87424K,  99% used [0x00000000e0000000, 0x00000000e555fc90, 0x00000000e5560000)
  from space 21824K,  55% used [0x00000000e6ab0000, 0x00000000e768bd58, 0x00000000e8000000)
  to   space 21824K,   0% used [0x00000000e5560000, 0x00000000e5560000, 0x00000000e6ab0000)
 concurrent mark-sweep generation total 393216K, used 0K [0x00000000e8000000, 0x0000000100000000, 0x0000000100000000)
 Metaspace       used 20710K, capacity 21020K, committed 21248K, reserved 1069056K
  class space    used 2404K, capacity 2518K, committed 2560K, reserved 1048576K
2016-12-02T17:42:54.799+0100: 2,311: [GC (Allocation Failure) 2016-12-02T17:42:54.799+0100: 2,311: [ParNew
Desired survivor size 20112992 bytes, new threshold 8 (max 8)
- age   1:    2914520 bytes,    2914520 total
- age   2:    6101528 bytes,    9016048 total
: 99566K->13136K(109248K), 0,0264131 secs] 99566K->13136K(502464K), 0,0266873 secs] [Times: user=0,08 sys=0,01, real=0,03 secs] 
Heap after GC invocations=2 (full 0):
 par new generation   total 109248K, used 13136K [0x00000000e0000000, 0x00000000e8000000, 0x00000000e8000000)
  eden space 87424K,   0% used [0x00000000e0000000, 0x00000000e0000000, 0x00000000e5560000)
  from space 21824K,  60% used [0x00000000e5560000, 0x00000000e62340d8, 0x00000000e6ab0000)
  to   space 21824K,   0% used [0x00000000e6ab0000, 0x00000000e6ab0000, 0x00000000e8000000)
 concurrent mark-sweep generation total 393216K, used 0K [0x00000000e8000000, 0x0000000100000000, 0x0000000100000000)
 Metaspace       used 20710K, capacity 21020K, committed 21248K, reserved 1069056K
  class space    used 2404K, capacity 2518K, committed 2560K, reserved 1048576K
}
2016-12-02T17:42:54.826+0100: 2,338: Total time for which application threads were stopped: 0,0271959 seconds, Stopping threads took: 0,0000547 seconds
2016-12-02T17:42:54.917+0100: 2,429: Total time for which application threads were stopped: 0,0000863 seconds, Stopping threads took: 0,0000222 seconds
2016-12-02T17:42:54.964+0100: 2,477: Total time for which application threads were stopped: 0,0002780 seconds, Stopping threads took: 0,0000132 seconds
2016-12-02T17:42:54.965+0100: 2,477: Total time for which application threads were stopped: 0,0000763 seconds, Stopping threads took: 0,0000139 seconds
2016-12-02T17:42:54.999+0100: 2,512: Total time for which application threads were stopped: 0,0000679 seconds, Stopping threads took: 0,0000162 seconds
2016-12-02T17:42:55.111+0100: 2,623: Total time for which application threads were stopped: 0,0001318 seconds, Stopping threads took: 0,0000183 seconds
2016-12-02T17:42:55.136+0100: 2,648: Total time for which application threads were stopped: 0,0000998 seconds, Stopping threads took: 0,0000290 seconds
2016-12-02T17:42:55.149+0100: 2,661: Total time for which application threads were stopped: 0,0002912 seconds, Stopping threads took: 0,0000236 seconds
2016-12-02T17:42:55.156+0100: 2,668: Total time for which application threads were stopped: 0,0004231 seconds, Stopping threads took: 0,0000240 seconds
2016-12-02T17:42:55.170+0100: 2,682: Total time for which application threads were stopped: 0,0000795 seconds, Stopping threads took: 0,0000278 seconds
2016-12-02T17:42:55.203+0100: 2,715: Total time for which application threads were stopped: 0,0000661 seconds, Stopping threads took: 0,0000182 seconds
2016-12-02T17:42:55.218+0100: 2,730: Total time for which application threads were stopped: 0,0000689 seconds, Stopping threads took: 0,0000144 seconds
2016-12-02T17:42:55.238+0100: 2,751: Total time for which application threads were stopped: 0,0000844 seconds, Stopping threads took: 0,0000195 seconds
2016-12-02T17:42:55.258+0100: 2,771: Total time for which application threads were stopped: 0,0000797 seconds, Stopping threads took: 0,0000177 seconds
2016-12-02T17:42:55.295+0100: 2,807: Total time for which application threads were stopped: 0,0001401 seconds, Stopping threads took: 0,0000261 seconds
2016-12-02T17:42:55.353+0100: 2,865: Total time for which application threads were stopped: 0,0001714 seconds, Stopping threads took: 0,0000846 seconds
2016-12-02T17:42:55.391+0100: 2,903: Total time for which application threads were stopped: 0,0001307 seconds, Stopping threads took: 0,0000428 seconds
{Heap before GC invocations=2 (full 0):
 par new generation   total 109248K, used 100560K [0x00000000e0000000, 0x00000000e8000000, 0x00000000e8000000)
  eden space 87424K, 100% used [0x00000000e0000000, 0x00000000e5560000, 0x00000000e5560000)
  from space 21824K,  60% used [0x00000000e5560000, 0x00000000e62340d8, 0x00000000e6ab0000)
  to   space 21824K,   0% used [0x00000000e6ab0000, 0x00000000e6ab0000, 0x00000000e8000000)
 concurrent mark-sweep generation total 393216K, used 0K [0x00000000e8000000, 0x0000000100000000, 0x0000000100000000)
 Metaspace       used 24854K, capacity 25285K, committed 25536K, reserved 1071104K
  class space    used 2897K, capacity 3025K, committed 3092K, reserved 1048576K
2016-12-02T17:42:55.423+0100: 2,935: [GC (Allocation Failure) 2016-12-02T17:42:55.423+0100: 2,935: [ParNew
Desired survivor size 20112992 bytes, new threshold 8 (max 8)
- age   1:    6694024 bytes,    6694024 total
- age   2:     546920 bytes,    7240944 total
- age   3:    6083152 bytes,   13324096 total
: 100560K->15534K(109248K), 0,0172509 secs] 100560K->15534K(502464K), 0,0173379 secs] [Times: user=0,04 sys=0,01, real=0,02 secs] 
Heap after GC invocations=3 (full 0):
 par new generation   total 109248K, used 15534K [0x00000000e0000000, 0x00000000e8000000, 0x00000000e8000000)
  eden space 87424K,   0% used [0x00000000e0000000, 0x00000000e0000000, 0x00000000e5560000)
  from space 21824K,  71% used [0x00000000e6ab0000, 0x00000000e79dbbc0, 0x00000000e8000000)
  to   space 21824K,   0% used [0x00000000e5560000, 0x00000000e5560000, 0x00000000e6ab0000)
 concurrent mark-sweep generation total 393216K, used 0K [0x00000000e8000000, 0x0000000100000000, 0x0000000100000000)
 Metaspace       used 24854K, capacity 25285K, committed 25536K, reserved 1071104K
  class space    used 2897K, capacity 3025K, committed 3092K, reserved 1048576K
}
2016-12-02T17:42:55.440+0100: 2,952: Total time for which application threads were stopped: 0,0175140 seconds, Stopping threads took: 0,0000339 seconds
2016-12-02T17:42:55.440+0100: 2,952: [GC (CMS Initial Mark) [1 CMS-initial-mark: 0K(393216K)] 15535K(502464K), 0,0037478 secs] [Times: user=0,02 sys=0,00, real=0,01 secs] 
2016-12-02T17:42:55.444+0100: 2,956: Total time for which application threads were stopped: 0,0038758 seconds, Stopping threads took: 0,0000367 seconds
2016-12-02T17:42:55.444+0100: 2,956: [CMS-concurrent-mark-start]
2016-12-02T17:42:55.446+0100: 2,958: [CMS-concurrent-mark: 0,002/0,002 secs] [Times: user=0,01 sys=0,00, real=0,00 secs] 
2016-12-02T17:42:55.446+0100: 2,958: [CMS-concurrent-preclean-start]
2016-12-02T17:42:55.447+0100: 2,959: [CMS-concurrent-preclean: 0,001/0,001 secs] [Times: user=0,00 sys=0,00, real=0,00 secs] 
2016-12-02T17:42:55.447+0100: 2,960: [GC (CMS Final Remark) [YG occupancy: 16940 K (109248 K)]{Heap before GC invocations=3 (full 1):
 par new generation   total 109248K, used 16940K [0x00000000e0000000, 0x00000000e8000000, 0x00000000e8000000)
  eden space 87424K,   1% used [0x00000000e0000000, 0x00000000e015f4f0, 0x00000000e5560000)
  from space 21824K,  71% used [0x00000000e6ab0000, 0x00000000e79dbbc0, 0x00000000e8000000)
  to   space 21824K,   0% used [0x00000000e5560000, 0x00000000e5560000, 0x00000000e6ab0000)
 concurrent mark-sweep generation total 393216K, used 0K [0x00000000e8000000, 0x0000000100000000, 0x0000000100000000)
 Metaspace       used 24897K, capacity 25381K, committed 25536K, reserved 1071104K
  class space    used 2902K, capacity 3057K, committed 3092K, reserved 1048576K
2016-12-02T17:42:55.447+0100: 2,960: [GC (CMS Final Remark) 2016-12-02T17:42:55.447+0100: 2,960: [ParNew
Desired survivor size 20112992 bytes, new threshold 8 (max 8)
- age   1:      49464 bytes,      49464 total
- age   2:    3153104 bytes,    3202568 total
- age   3:     546920 bytes,    3749488 total
- age   4:    6083152 bytes,    9832640 total
: 16940K->19343K(109248K), 0,0188157 secs] 16940K->19343K(502464K), 0,0188723 secs] [Times: user=0,06 sys=0,01, real=0,02 secs] 
Heap after GC invocations=4 (full 1):
 par new generation   total 109248K, used 19343K [0x00000000e0000000, 0x00000000e8000000, 0x00000000e8000000)
  eden space 87424K,   0% used [0x00000000e0000000, 0x00000000e0000000, 0x00000000e5560000)
  from space 21824K,  88% used [0x00000000e5560000, 0x00000000e6843e48, 0x00000000e6ab0000)
  to   space 21824K,   0% used [0x00000000e6ab0000, 0x00000000e6ab0000, 0x00000000e8000000)
 concurrent mark-sweep generation total 393216K, used 0K [0x00000000e8000000, 0x0000000100000000, 0x0000000100000000)
 Metaspace       used 24897K, capacity 25381K, committed 25536K, reserved 1071104K
  class space    used 2902K, capacity 3057K, committed 3092K, reserved 1048576K
}
2016-12-02T17:42:55.466+0100: 2,978: [Rescan (parallel) , 0,0045941 secs]2016-12-02T17:42:55.471+0100: 2,983: [weak refs processing, 0,0015167 secs]2016-12-02T17:42:55.473+0100: 2,985: [class unloading, 0,0033625 secs]2016-12-02T17:42:55.476+0100: 2,988: [scrub symbol table, 0,0041237 secs]2016-12-02T17:42:55.480+0100: 2,992: [scrub string table, 0,0003822 secs][1 CMS-remark: 0K(393216K)] 19343K(502464K), 0,0336146 secs] [Times: user=0,10 sys=0,01, real=0,03 secs] 
2016-12-02T17:42:55.481+0100: 2,993: Total time for which application threads were stopped: 0,0337604 seconds, Stopping threads took: 0,0000580 seconds
2016-12-02T17:42:55.481+0100: 2,993: [CMS-concurrent-sweep-start]
2016-12-02T17:42:55.481+0100: 2,993: [CMS-concurrent-sweep: 0,000/0,000 secs] [Times: user=0,00 sys=0,00, real=0,00 secs] 
2016-12-02T17:42:55.481+0100: 2,993: [CMS-concurrent-reset-start]
2016-12-02T17:42:55.482+0100: 2,995: [CMS-concurrent-reset: 0,001/0,001 secs] [Times: user=0,01 sys=0,00, real=0,00 secs] 
2016-12-02T17:42:55.547+0100: 3,060: Total time for which application threads were stopped: 0,0004135 seconds, Stopping threads took: 0,0000370 seconds
2016-12-02T17:42:56.537+0100: 4,049: Total time for which application threads were stopped: 0,0002941 seconds, Stopping threads took: 0,0000162 seconds
2016-12-02T17:43:23.541+0100: 31,053: Total time for which application threads were stopped: 0,0000544 seconds, Stopping threads took: 0,0000157 seconds
2016-12-02T17:45:38.563+0100: 166,075: Total time for which application threads were stopped: 0,0000908 seconds, Stopping threads took: 0,0000419 seconds
2016-12-02T17:45:58.567+0100: 186,079: Total time for which application threads were stopped: 0,0001485 seconds, Stopping threads took: 0,0000597 seconds
2016-12-02T17:46:48.576+0100: 236,088: Total time for which application threads were stopped: 0,0001733 seconds, Stopping threads took: 0,0000729 seconds
2016-12-02T17:47:28.581+0100: 276,093: Total time for which application threads were stopped: 0,0001567 seconds, Stopping threads took: 0,0000657 seconds
2016-12-02T17:47:38.582+0100: 286,094: Total time for which application threads were stopped: 0,0000765 seconds, Stopping threads took: 0,0000223 seconds
2016-12-02T17:48:13.585+0100: 321,097: Total time for which application threads were stopped: 0,0000746 seconds, Stopping threads took: 0,0000290 seconds
2016-12-02T17:50:53.605+0100: 481,117: Total time for which application threads were stopped: 0,0001507 seconds, Stopping threads took: 0,0000606 seconds
2016-12-02T17:51:33.610+0100: 521,123: Total time for which application threads were stopped: 0,0000768 seconds, Stopping threads took: 0,0000310 seconds
2016-12-02T17:53:13.621+0100: 621,133: Total time for which application threads were stopped: 0,0000727 seconds, Stopping threads took: 0,0000297 seconds
2016-12-02T17:58:53.657+0100: 961,169: Total time for which application threads were stopped: 0,0000784 seconds, Stopping threads took: 0,0000258 seconds
2016-12-02T18:06:38.704+0100: 1426,216: Total time for which application threads were stopped: 0,0000701 seconds, Stopping threads took: 0,0000298 seconds
2016-12-02T18:11:13.732+0100: 1701,244: Total time for which application threads were stopped: 0,0000754 seconds, Stopping threads took: 0,0000331 seconds
2016-12-02T18:22:08.801+0100: 2356,313: Total time for which application threads were stopped: 0,0000903 seconds, Stopping threads took: 0,0000295 seconds
2016-12-02T18:22:13.801+0100: 2361,313: Total time for which application threads were stopped: 0,0000701 seconds, Stopping threads took: 0,0000295 seconds
2016-12-02T18:25:49.167+0100: 2576,679: Total time for which application threads were stopped: 0,0001266 seconds, Stopping threads took: 0,0000174 seconds
Heap
 par new generation   total 109248K, used 62865K [0x00000000e0000000, 0x00000000e8000000, 0x00000000e8000000)
  eden space 87424K,  49% used [0x00000000e0000000, 0x00000000e2a806e8, 0x00000000e5560000)
  from space 21824K,  88% used [0x00000000e5560000, 0x00000000e6843e48, 0x00000000e6ab0000)
  to   space 21824K,   0% used [0x00000000e6ab0000, 0x00000000e6ab0000, 0x00000000e8000000)
 concurrent mark-sweep generation total 393216K, used 0K [0x00000000e8000000, 0x0000000100000000, 0x0000000100000000)
 Metaspace       used 27176K, capacity 27595K, committed 27924K, reserved 1073152K
  class space    used 3160K, capacity 3320K, committed 3348K, reserved 1048576K
