OpenJDK 64-Bit Server VM (25.121-b13) for linux-amd64 JRE (1.8.0_121-8u121-b13-0ubuntu1.16.04.2-b13), built on Jan 23 2017 15:51:29 by "buildd" with gcc 5.4.0 20160609
Memory: 4k page, physical 7867764k(7348484k free), swap 8076284k(8076284k free)
CommandLine flags: -XX:CMSInitiatingOccupancyFraction=50 -XX:CMSMaxAbortablePrecleanTime=6000 -XX:+CMSParallelRemarkEnabled -XX:+CMSScavengeBeforeRemark -XX:ConcGCThreads=4 -XX:InitialHeapSize=536870912 -XX:MaxHeapSize=536870912 -XX:MaxTenuringThreshold=8 -XX:NewRatio=3 -XX:OldPLABSize=16 -XX:OnOutOfMemoryError=/opt/solr/bin/oom_solr.sh 8983 /var/solr/logs -XX:ParallelGCThreads=4 -XX:+ParallelRefProcEnabled -XX:PretenureSizeThreshold=67108864 -XX:+PrintGC -XX:+PrintGCApplicationStoppedTime -XX:+PrintGCDateStamps -XX:+PrintGCDetails -XX:+PrintGCTimeStamps -XX:+PrintHeapAtGC -XX:+PrintTenuringDistribution -XX:SurvivorRatio=4 -XX:TargetSurvivorRatio=90 -XX:ThreadStackSize=256 -XX:+UseCMSInitiatingOccupancyOnly -XX:+UseCompressedClassPointers -XX:+UseCompressedOops -XX:+UseConcMarkSweepGC -XX:+UseParNewGC 
2017-04-25T23:42:18.046+0200: 0,207: Total time for which application threads were stopped: 0,0001127 seconds, Stopping threads took: 0,0000167 seconds
2017-04-25T23:42:18.203+0200: 0,364: Total time for which application threads were stopped: 0,0004272 seconds, Stopping threads took: 0,0000230 seconds
2017-04-25T23:42:18.296+0200: 0,457: Total time for which application threads were stopped: 0,0000978 seconds, Stopping threads took: 0,0000264 seconds
2017-04-25T23:42:18.723+0200: 0,884: Total time for which application threads were stopped: 0,0001496 seconds, Stopping threads took: 0,0000166 seconds
2017-04-25T23:42:19.226+0200: 1,387: Total time for which application threads were stopped: 0,0002209 seconds, Stopping threads took: 0,0000975 seconds
2017-04-25T23:42:19.310+0200: 1,471: Total time for which application threads were stopped: 0,0001452 seconds, Stopping threads took: 0,0000134 seconds
2017-04-25T23:42:19.337+0200: 1,498: Total time for which application threads were stopped: 0,0003424 seconds, Stopping threads took: 0,0000239 seconds
2017-04-25T23:42:19.693+0200: 1,854: Total time for which application threads were stopped: 0,0001821 seconds, Stopping threads took: 0,0000193 seconds
2017-04-25T23:42:19.965+0200: 2,125: Total time for which application threads were stopped: 0,0002035 seconds, Stopping threads took: 0,0000193 seconds
2017-04-25T23:42:19.988+0200: 2,149: Total time for which application threads were stopped: 0,0002320 seconds, Stopping threads took: 0,0000171 seconds
2017-04-25T23:42:20.024+0200: 2,185: Total time for which application threads were stopped: 0,0001838 seconds, Stopping threads took: 0,0000202 seconds
2017-04-25T23:42:20.026+0200: 2,187: Total time for which application threads were stopped: 0,0001950 seconds, Stopping threads took: 0,0000191 seconds
2017-04-25T23:42:20.042+0200: 2,203: Total time for which application threads were stopped: 0,0001862 seconds, Stopping threads took: 0,0000295 seconds
2017-04-25T23:42:20.133+0200: 2,294: Total time for which application threads were stopped: 0,0002142 seconds, Stopping threads took: 0,0000190 seconds
2017-04-25T23:42:20.334+0200: 2,495: Total time for which application threads were stopped: 0,0002543 seconds, Stopping threads took: 0,0000524 seconds
{Heap before GC invocations=0 (full 0):
 par new generation   total 109248K, used 87424K [0x00000000e0000000, 0x00000000e8000000, 0x00000000e8000000)
  eden space 87424K, 100% used [0x00000000e0000000, 0x00000000e5560000, 0x00000000e5560000)
  from space 21824K,   0% used [0x00000000e5560000, 0x00000000e5560000, 0x00000000e6ab0000)
  to   space 21824K,   0% used [0x00000000e6ab0000, 0x00000000e6ab0000, 0x00000000e8000000)
 concurrent mark-sweep generation total 393216K, used 0K [0x00000000e8000000, 0x0000000100000000, 0x0000000100000000)
 Metaspace       used 17853K, capacity 18176K, committed 18304K, reserved 1064960K
  class space    used 2024K, capacity 2164K, committed 2176K, reserved 1048576K
2017-04-25T23:42:20.409+0200: 2,570: [GC (Allocation Failure) 2017-04-25T23:42:20.409+0200: 2,570: [ParNew
Desired survivor size 20112992 bytes, new threshold 8 (max 8)
- age   1:   11735944 bytes,   11735944 total
: 87424K->11569K(109248K), 0,0181338 secs] 87424K->11569K(502464K), 0,0182077 secs] [Times: user=0,05 sys=0,00, real=0,02 secs] 
Heap after GC invocations=1 (full 0):
 par new generation   total 109248K, used 11569K [0x00000000e0000000, 0x00000000e8000000, 0x00000000e8000000)
  eden space 87424K,   0% used [0x00000000e0000000, 0x00000000e0000000, 0x00000000e5560000)
  from space 21824K,  53% used [0x00000000e6ab0000, 0x00000000e75fc550, 0x00000000e8000000)
  to   space 21824K,   0% used [0x00000000e5560000, 0x00000000e5560000, 0x00000000e6ab0000)
 concurrent mark-sweep generation total 393216K, used 0K [0x00000000e8000000, 0x0000000100000000, 0x0000000100000000)
 Metaspace       used 17853K, capacity 18176K, committed 18304K, reserved 1064960K
  class space    used 2024K, capacity 2164K, committed 2176K, reserved 1048576K
}
2017-04-25T23:42:20.427+0200: 2,588: Total time for which application threads were stopped: 0,0189129 seconds, Stopping threads took: 0,0005441 seconds
2017-04-25T23:42:20.854+0200: 3,015: Total time for which application threads were stopped: 0,0003625 seconds, Stopping threads took: 0,0000422 seconds
{Heap before GC invocations=1 (full 0):
 par new generation   total 109248K, used 98993K [0x00000000e0000000, 0x00000000e8000000, 0x00000000e8000000)
  eden space 87424K, 100% used [0x00000000e0000000, 0x00000000e5560000, 0x00000000e5560000)
  from space 21824K,  53% used [0x00000000e6ab0000, 0x00000000e75fc550, 0x00000000e8000000)
  to   space 21824K,   0% used [0x00000000e5560000, 0x00000000e5560000, 0x00000000e6ab0000)
 concurrent mark-sweep generation total 393216K, used 0K [0x00000000e8000000, 0x0000000100000000, 0x0000000100000000)
 Metaspace       used 20076K, capacity 20412K, committed 20736K, reserved 1067008K
  class space    used 2291K, capacity 2464K, committed 2560K, reserved 1048576K
2017-04-25T23:42:20.913+0200: 3,074: [GC (Allocation Failure) 2017-04-25T23:42:20.913+0200: 3,074: [ParNew
Desired survivor size 20112992 bytes, new threshold 8 (max 8)
- age   1:    4032664 bytes,    4032664 total
- age   2:    6296624 bytes,   10329288 total
: 98993K->14948K(109248K), 0,0203537 secs] 98993K->14948K(502464K), 0,0204231 secs] [Times: user=0,04 sys=0,00, real=0,02 secs] 
Heap after GC invocations=2 (full 0):
 par new generation   total 109248K, used 14948K [0x00000000e0000000, 0x00000000e8000000, 0x00000000e8000000)
  eden space 87424K,   0% used [0x00000000e0000000, 0x00000000e0000000, 0x00000000e5560000)
  from space 21824K,  68% used [0x00000000e5560000, 0x00000000e63f9040, 0x00000000e6ab0000)
  to   space 21824K,   0% used [0x00000000e6ab0000, 0x00000000e6ab0000, 0x00000000e8000000)
 concurrent mark-sweep generation total 393216K, used 0K [0x00000000e8000000, 0x0000000100000000, 0x0000000100000000)
 Metaspace       used 20076K, capacity 20412K, committed 20736K, reserved 1067008K
  class space    used 2291K, capacity 2464K, committed 2560K, reserved 1048576K
}
2017-04-25T23:42:20.934+0200: 3,095: Total time for which application threads were stopped: 0,0229227 seconds, Stopping threads took: 0,0023184 seconds
2017-04-25T23:42:20.946+0200: 3,107: Total time for which application threads were stopped: 0,0026437 seconds, Stopping threads took: 0,0023596 seconds
2017-04-25T23:42:21.000+0200: 3,161: Total time for which application threads were stopped: 0,0018917 seconds, Stopping threads took: 0,0015159 seconds
2017-04-25T23:42:21.153+0200: 3,314: Total time for which application threads were stopped: 0,0002281 seconds, Stopping threads took: 0,0000607 seconds
{Heap before GC invocations=2 (full 0):
 par new generation   total 109248K, used 102372K [0x00000000e0000000, 0x00000000e8000000, 0x00000000e8000000)
  eden space 87424K, 100% used [0x00000000e0000000, 0x00000000e5560000, 0x00000000e5560000)
  from space 21824K,  68% used [0x00000000e5560000, 0x00000000e63f9040, 0x00000000e6ab0000)
  to   space 21824K,   0% used [0x00000000e6ab0000, 0x00000000e6ab0000, 0x00000000e8000000)
 concurrent mark-sweep generation total 393216K, used 0K [0x00000000e8000000, 0x0000000100000000, 0x0000000100000000)
 Metaspace       used 20989K, capacity 21334K, committed 21628K, reserved 1069056K
  class space    used 2414K, capacity 2583K, committed 2684K, reserved 1048576K
2017-04-25T23:42:21.197+0200: 3,358: [GC (Allocation Failure) 2017-04-25T23:42:21.197+0200: 3,358: [ParNew
Desired survivor size 20112992 bytes, new threshold 8 (max 8)
- age   1:    2066784 bytes,    2066784 total
- age   2:    1193328 bytes,    3260112 total
- age   3:    6294720 bytes,    9554832 total
: 102372K->11302K(109248K), 0,0233251 secs] 102372K->11302K(502464K), 0,0234197 secs] [Times: user=0,06 sys=0,00, real=0,03 secs] 
Heap after GC invocations=3 (full 0):
 par new generation   total 109248K, used 11302K [0x00000000e0000000, 0x00000000e8000000, 0x00000000e8000000)
  eden space 87424K,   0% used [0x00000000e0000000, 0x00000000e0000000, 0x00000000e5560000)
  from space 21824K,  51% used [0x00000000e6ab0000, 0x00000000e75b99c0, 0x00000000e8000000)
  to   space 21824K,   0% used [0x00000000e5560000, 0x00000000e5560000, 0x00000000e6ab0000)
 concurrent mark-sweep generation total 393216K, used 0K [0x00000000e8000000, 0x0000000100000000, 0x0000000100000000)
 Metaspace       used 20989K, capacity 21334K, committed 21628K, reserved 1069056K
  class space    used 2414K, capacity 2583K, committed 2684K, reserved 1048576K
}
2017-04-25T23:42:21.221+0200: 3,381: Total time for which application threads were stopped: 0,0236397 seconds, Stopping threads took: 0,0000474 seconds
2017-04-25T23:42:21.221+0200: 3,382: [GC (CMS Initial Mark) [1 CMS-initial-mark: 0K(393216K)] 13406K(502464K), 0,0058952 secs] [Times: user=0,01 sys=0,00, real=0,01 secs] 
2017-04-25T23:42:21.227+0200: 3,388: Total time for which application threads were stopped: 0,0060362 seconds, Stopping threads took: 0,0000360 seconds
2017-04-25T23:42:21.227+0200: 3,388: [CMS-concurrent-mark-start]
2017-04-25T23:42:21.228+0200: 3,389: [CMS-concurrent-mark: 0,000/0,000 secs] [Times: user=0,00 sys=0,00, real=0,00 secs] 
2017-04-25T23:42:21.228+0200: 3,389: [CMS-concurrent-preclean-start]
2017-04-25T23:42:21.229+0200: 3,390: [CMS-concurrent-preclean: 0,001/0,001 secs] [Times: user=0,00 sys=0,00, real=0,00 secs] 
2017-04-25T23:42:21.229+0200: 3,390: [CMS-concurrent-abortable-preclean-start]
2017-04-25T23:42:21.317+0200: 3,478: Total time for which application threads were stopped: 0,0001257 seconds, Stopping threads took: 0,0000236 seconds
{Heap before GC invocations=3 (full 1):
 par new generation   total 109248K, used 98726K [0x00000000e0000000, 0x00000000e8000000, 0x00000000e8000000)
  eden space 87424K, 100% used [0x00000000e0000000, 0x00000000e5560000, 0x00000000e5560000)
  from space 21824K,  51% used [0x00000000e6ab0000, 0x00000000e75b99c0, 0x00000000e8000000)
  to   space 21824K,   0% used [0x00000000e5560000, 0x00000000e5560000, 0x00000000e6ab0000)
 concurrent mark-sweep generation total 393216K, used 0K [0x00000000e8000000, 0x0000000100000000, 0x0000000100000000)
 Metaspace       used 21269K, capacity 21607K, committed 21884K, reserved 1069056K
  class space    used 2443K, capacity 2598K, committed 2684K, reserved 1048576K
2017-04-25T23:42:21.358+0200: 3,519: [GC (Allocation Failure) 2017-04-25T23:42:21.358+0200: 3,519: [ParNew
Desired survivor size 20112992 bytes, new threshold 8 (max 8)
- age   1:     800976 bytes,     800976 total
- age   2:    1474560 bytes,    2275536 total
- age   3:    1162376 bytes,    3437912 total
- age   4:    6295040 bytes,    9732952 total
: 98726K->14719K(109248K), 0,0203779 secs] 98726K->14719K(502464K), 0,0204546 secs] [Times: user=0,06 sys=0,00, real=0,02 secs] 
Heap after GC invocations=4 (full 1):
 par new generation   total 109248K, used 14719K [0x00000000e0000000, 0x00000000e8000000, 0x00000000e8000000)
  eden space 87424K,   0% used [0x00000000e0000000, 0x00000000e0000000, 0x00000000e5560000)
  from space 21824K,  67% used [0x00000000e5560000, 0x00000000e63bfd00, 0x00000000e6ab0000)
  to   space 21824K,   0% used [0x00000000e6ab0000, 0x00000000e6ab0000, 0x00000000e8000000)
 concurrent mark-sweep generation total 393216K, used 0K [0x00000000e8000000, 0x0000000100000000, 0x0000000100000000)
 Metaspace       used 21269K, capacity 21607K, committed 21884K, reserved 1069056K
  class space    used 2443K, capacity 2598K, committed 2684K, reserved 1048576K
}
2017-04-25T23:42:21.379+0200: 3,540: Total time for which application threads were stopped: 0,0222667 seconds, Stopping threads took: 0,0016635 seconds
2017-04-25T23:42:21.379+0200: 3,540: [CMS-concurrent-abortable-preclean: 0,102/0,150 secs] [Times: user=0,44 sys=0,00, real=0,15 secs] 
2017-04-25T23:42:21.398+0200: 3,559: [GC (CMS Final Remark) [YG occupancy: 34490 K (109248 K)]2017-04-25T23:42:21.398+0200: 3,559: [Rescan (parallel) , 0,0103278 secs]2017-04-25T23:42:21.409+0200: 3,570: [weak refs processing, 0,0038939 secs]2017-04-25T23:42:21.413+0200: 3,574: [class unloading, 0,0029813 secs]2017-04-25T23:42:21.416+0200: 3,577: [scrub symbol table, 0,0026692 secs]2017-04-25T23:42:21.418+0200: 3,579: [scrub string table, 0,0003841 secs][1 CMS-remark: 0K(393216K)] 34490K(502464K), 0,0208975 secs] [Times: user=0,04 sys=0,00, real=0,02 secs] 
2017-04-25T23:42:21.419+0200: 3,580: Total time for which application threads were stopped: 0,0210678 seconds, Stopping threads took: 0,0000568 seconds
2017-04-25T23:42:21.419+0200: 3,580: [CMS-concurrent-sweep-start]
2017-04-25T23:42:21.419+0200: 3,580: [CMS-concurrent-sweep: 0,000/0,000 secs] [Times: user=0,00 sys=0,00, real=0,00 secs] 
2017-04-25T23:42:21.419+0200: 3,580: [CMS-concurrent-reset-start]
2017-04-25T23:42:21.421+0200: 3,582: [CMS-concurrent-reset: 0,001/0,001 secs] [Times: user=0,00 sys=0,00, real=0,00 secs] 
{Heap before GC invocations=4 (full 1):
 par new generation   total 109248K, used 35174K [0x00000000e0000000, 0x00000000e8000000, 0x00000000e8000000)
  eden space 87424K,  23% used [0x00000000e0000000, 0x00000000e13f9cf0, 0x00000000e5560000)
  from space 21824K,  67% used [0x00000000e5560000, 0x00000000e63bfd00, 0x00000000e6ab0000)
  to   space 21824K,   0% used [0x00000000e6ab0000, 0x00000000e6ab0000, 0x00000000e8000000)
 concurrent mark-sweep generation total 393216K, used 0K [0x00000000e8000000, 0x0000000100000000, 0x0000000100000000)
 Metaspace       used 21282K, capacity 21607K, committed 21884K, reserved 1069056K
  class space    used 2446K, capacity 2598K, committed 2684K, reserved 1048576K
2017-04-25T23:42:21.421+0200: 3,582: [GC (GCLocker Initiated GC) 2017-04-25T23:42:21.421+0200: 3,582: [ParNew
Desired survivor size 20112992 bytes, new threshold 8 (max 8)
- age   1:     743736 bytes,     743736 total
- age   2:     408920 bytes,    1152656 total
- age   3:    1469064 bytes,    2621720 total
- age   4:    1160424 bytes,    3782144 total
- age   5:    6294720 bytes,   10076864 total
: 35174K->11197K(109248K), 0,0176653 secs] 35174K->11197K(502464K), 0,0177072 secs] [Times: user=0,05 sys=0,01, real=0,02 secs] 
Heap after GC invocations=5 (full 1):
 par new generation   total 109248K, used 11197K [0x00000000e0000000, 0x00000000e8000000, 0x00000000e8000000)
  eden space 87424K,   0% used [0x00000000e0000000, 0x00000000e0000000, 0x00000000e5560000)
  from space 21824K,  51% used [0x00000000e6ab0000, 0x00000000e759f470, 0x00000000e8000000)
  to   space 21824K,   0% used [0x00000000e5560000, 0x00000000e5560000, 0x00000000e6ab0000)
 concurrent mark-sweep generation total 393216K, used 0K [0x00000000e8000000, 0x0000000100000000, 0x0000000100000000)
 Metaspace       used 21282K, capacity 21607K, committed 21884K, reserved 1069056K
  class space    used 2446K, capacity 2598K, committed 2684K, reserved 1048576K
}
2017-04-25T23:42:21.439+0200: 3,599: Total time for which application threads were stopped: 0,0178688 seconds, Stopping threads took: 0,0000452 seconds
2017-04-25T23:42:21.602+0200: 3,763: Total time for which application threads were stopped: 0,0064231 seconds, Stopping threads took: 0,0060480 seconds
{Heap before GC invocations=5 (full 1):
 par new generation   total 109248K, used 98621K [0x00000000e0000000, 0x00000000e8000000, 0x00000000e8000000)
  eden space 87424K, 100% used [0x00000000e0000000, 0x00000000e5560000, 0x00000000e5560000)
  from space 21824K,  51% used [0x00000000e6ab0000, 0x00000000e759f470, 0x00000000e8000000)
  to   space 21824K,   0% used [0x00000000e5560000, 0x00000000e5560000, 0x00000000e6ab0000)
 concurrent mark-sweep generation total 393216K, used 0K [0x00000000e8000000, 0x0000000100000000, 0x0000000100000000)
 Metaspace       used 22069K, capacity 22421K, committed 22780K, reserved 1069056K
  class space    used 2550K, capacity 2697K, committed 2812K, reserved 1048576K
2017-04-25T23:42:21.666+0200: 3,827: [GC (Allocation Failure) 2017-04-25T23:42:21.666+0200: 3,827: [ParNew
Desired survivor size 20112992 bytes, new threshold 8 (max 8)
- age   1:    1164344 bytes,    1164344 total
- age   2:      33216 bytes,    1197560 total
- age   3:     174488 bytes,    1372048 total
- age   4:     301432 bytes,    1673480 total
- age   5:    1158392 bytes,    2831872 total
- age   6:    6294672 bytes,    9126544 total
: 98621K->12750K(109248K), 0,0173559 secs] 98621K->12750K(502464K), 0,0174355 secs] [Times: user=0,04 sys=0,00, real=0,02 secs] 
Heap after GC invocations=6 (full 1):
 par new generation   total 109248K, used 12750K [0x00000000e0000000, 0x00000000e8000000, 0x00000000e8000000)
  eden space 87424K,   0% used [0x00000000e0000000, 0x00000000e0000000, 0x00000000e5560000)
  from space 21824K,  58% used [0x00000000e5560000, 0x00000000e61d3980, 0x00000000e6ab0000)
  to   space 21824K,   0% used [0x00000000e6ab0000, 0x00000000e6ab0000, 0x00000000e8000000)
 concurrent mark-sweep generation total 393216K, used 0K [0x00000000e8000000, 0x0000000100000000, 0x0000000100000000)
 Metaspace       used 22069K, capacity 22421K, committed 22780K, reserved 1069056K
  class space    used 2550K, capacity 2697K, committed 2812K, reserved 1048576K
}
2017-04-25T23:42:21.683+0200: 3,844: Total time for which application threads were stopped: 0,0176433 seconds, Stopping threads took: 0,0000528 seconds
2017-04-25T23:42:21.914+0200: 4,075: Total time for which application threads were stopped: 0,0026768 seconds, Stopping threads took: 0,0023037 seconds
2017-04-25T23:42:21.939+0200: 4,100: Total time for which application threads were stopped: 0,0005080 seconds, Stopping threads took: 0,0000436 seconds
2017-04-25T23:42:21.944+0200: 4,105: Total time for which application threads were stopped: 0,0001570 seconds, Stopping threads took: 0,0000515 seconds
2017-04-25T23:42:21.944+0200: 4,105: Total time for which application threads were stopped: 0,0000864 seconds, Stopping threads took: 0,0000190 seconds
2017-04-25T23:42:21.945+0200: 4,106: Total time for which application threads were stopped: 0,0006798 seconds, Stopping threads took: 0,0005872 seconds
2017-04-25T23:42:21.962+0200: 4,123: Total time for which application threads were stopped: 0,0040053 seconds, Stopping threads took: 0,0039198 seconds
2017-04-25T23:42:21.963+0200: 4,123: Total time for which application threads were stopped: 0,0001786 seconds, Stopping threads took: 0,0000921 seconds
2017-04-25T23:42:21.963+0200: 4,123: Total time for which application threads were stopped: 0,0001108 seconds, Stopping threads took: 0,0000489 seconds
2017-04-25T23:42:21.963+0200: 4,124: Total time for which application threads were stopped: 0,0000916 seconds, Stopping threads took: 0,0000351 seconds
2017-04-25T23:42:21.963+0200: 4,124: Total time for which application threads were stopped: 0,0001096 seconds, Stopping threads took: 0,0000359 seconds
2017-04-25T23:42:21.963+0200: 4,124: Total time for which application threads were stopped: 0,0000621 seconds, Stopping threads took: 0,0000094 seconds
2017-04-25T23:42:21.964+0200: 4,124: Total time for which application threads were stopped: 0,0002130 seconds, Stopping threads took: 0,0001523 seconds
2017-04-25T23:42:21.964+0200: 4,125: Total time for which application threads were stopped: 0,0000501 seconds, Stopping threads took: 0,0000098 seconds
2017-04-25T23:42:21.964+0200: 4,125: Total time for which application threads were stopped: 0,0000656 seconds, Stopping threads took: 0,0000198 seconds
2017-04-25T23:42:21.964+0200: 4,125: Total time for which application threads were stopped: 0,0000486 seconds, Stopping threads took: 0,0000087 seconds
2017-04-25T23:42:21.964+0200: 4,125: Total time for which application threads were stopped: 0,0000466 seconds, Stopping threads took: 0,0000076 seconds
2017-04-25T23:42:21.964+0200: 4,125: Total time for which application threads were stopped: 0,0000511 seconds, Stopping threads took: 0,0000075 seconds
2017-04-25T23:42:21.965+0200: 4,125: Total time for which application threads were stopped: 0,0000728 seconds, Stopping threads took: 0,0000269 seconds
2017-04-25T23:42:21.965+0200: 4,125: Total time for which application threads were stopped: 0,0000559 seconds, Stopping threads took: 0,0000190 seconds
2017-04-25T23:42:21.965+0200: 4,126: Total time for which application threads were stopped: 0,0000622 seconds, Stopping threads took: 0,0000190 seconds
2017-04-25T23:42:21.965+0200: 4,126: Total time for which application threads were stopped: 0,0000539 seconds, Stopping threads took: 0,0000110 seconds
2017-04-25T23:42:21.965+0200: 4,126: Total time for which application threads were stopped: 0,0000445 seconds, Stopping threads took: 0,0000087 seconds
2017-04-25T23:42:21.965+0200: 4,126: Total time for which application threads were stopped: 0,0000472 seconds, Stopping threads took: 0,0000084 seconds
2017-04-25T23:42:21.966+0200: 4,126: Total time for which application threads were stopped: 0,0000436 seconds, Stopping threads took: 0,0000073 seconds
2017-04-25T23:42:21.966+0200: 4,126: Total time for which application threads were stopped: 0,0000432 seconds, Stopping threads took: 0,0000084 seconds
2017-04-25T23:42:21.966+0200: 4,127: Total time for which application threads were stopped: 0,0000497 seconds, Stopping threads took: 0,0000100 seconds
2017-04-25T23:42:21.966+0200: 4,127: Total time for which application threads were stopped: 0,0000431 seconds, Stopping threads took: 0,0000086 seconds
2017-04-25T23:42:21.966+0200: 4,127: Total time for which application threads were stopped: 0,0000707 seconds, Stopping threads took: 0,0000354 seconds
2017-04-25T23:42:21.966+0200: 4,127: Total time for which application threads were stopped: 0,0002094 seconds, Stopping threads took: 0,0000547 seconds
2017-04-25T23:42:21.975+0200: 4,136: Total time for which application threads were stopped: 0,0004942 seconds, Stopping threads took: 0,0000431 seconds
2017-04-25T23:42:21.975+0200: 4,136: Total time for which application threads were stopped: 0,0000822 seconds, Stopping threads took: 0,0000143 seconds
2017-04-25T23:42:21.976+0200: 4,136: Total time for which application threads were stopped: 0,0000849 seconds, Stopping threads took: 0,0000273 seconds
2017-04-25T23:42:21.976+0200: 4,136: Total time for which application threads were stopped: 0,0000534 seconds, Stopping threads took: 0,0000079 seconds
2017-04-25T23:42:21.976+0200: 4,137: Total time for which application threads were stopped: 0,0000544 seconds, Stopping threads took: 0,0000076 seconds
2017-04-25T23:42:21.976+0200: 4,137: Total time for which application threads were stopped: 0,0000512 seconds, Stopping threads took: 0,0000075 seconds
2017-04-25T23:42:21.976+0200: 4,137: Total time for which application threads were stopped: 0,0000490 seconds, Stopping threads took: 0,0000075 seconds
2017-04-25T23:42:21.976+0200: 4,137: Total time for which application threads were stopped: 0,0000527 seconds, Stopping threads took: 0,0000073 seconds
2017-04-25T23:42:21.976+0200: 4,137: Total time for which application threads were stopped: 0,0000496 seconds, Stopping threads took: 0,0000072 seconds
2017-04-25T23:42:21.976+0200: 4,137: Total time for which application threads were stopped: 0,0000499 seconds, Stopping threads took: 0,0000072 seconds
2017-04-25T23:42:21.977+0200: 4,137: Total time for which application threads were stopped: 0,0000602 seconds, Stopping threads took: 0,0000092 seconds
2017-04-25T23:42:21.977+0200: 4,137: Total time for which application threads were stopped: 0,0000517 seconds, Stopping threads took: 0,0000077 seconds
2017-04-25T23:42:21.977+0200: 4,137: Total time for which application threads were stopped: 0,0000497 seconds, Stopping threads took: 0,0000074 seconds
2017-04-25T23:42:21.977+0200: 4,138: Total time for which application threads were stopped: 0,0000525 seconds, Stopping threads took: 0,0000084 seconds
2017-04-25T23:42:21.977+0200: 4,138: Total time for which application threads were stopped: 0,0000502 seconds, Stopping threads took: 0,0000074 seconds
2017-04-25T23:42:21.977+0200: 4,138: Total time for which application threads were stopped: 0,0000504 seconds, Stopping threads took: 0,0000075 seconds
2017-04-25T23:42:21.977+0200: 4,138: Total time for which application threads were stopped: 0,0000497 seconds, Stopping threads took: 0,0000073 seconds
2017-04-25T23:42:21.977+0200: 4,138: Total time for which application threads were stopped: 0,0000483 seconds, Stopping threads took: 0,0000074 seconds
2017-04-25T23:42:21.977+0200: 4,138: Total time for which application threads were stopped: 0,0000498 seconds, Stopping threads took: 0,0000073 seconds
2017-04-25T23:42:21.978+0200: 4,138: Total time for which application threads were stopped: 0,0000622 seconds, Stopping threads took: 0,0000098 seconds
2017-04-25T23:42:21.978+0200: 4,138: Total time for which application threads were stopped: 0,0000544 seconds, Stopping threads took: 0,0000078 seconds
2017-04-25T23:42:21.978+0200: 4,139: Total time for which application threads were stopped: 0,0000547 seconds, Stopping threads took: 0,0000079 seconds
2017-04-25T23:42:21.978+0200: 4,139: Total time for which application threads were stopped: 0,0000479 seconds, Stopping threads took: 0,0000077 seconds
2017-04-25T23:42:21.978+0200: 4,139: Total time for which application threads were stopped: 0,0001436 seconds, Stopping threads took: 0,0000081 seconds
2017-04-25T23:42:21.978+0200: 4,139: Total time for which application threads were stopped: 0,0000531 seconds, Stopping threads took: 0,0000086 seconds
2017-04-25T23:42:21.978+0200: 4,139: Total time for which application threads were stopped: 0,0003000 seconds, Stopping threads took: 0,0002621 seconds
2017-04-25T23:42:21.979+0200: 4,139: Total time for which application threads were stopped: 0,0000675 seconds, Stopping threads took: 0,0000313 seconds
2017-04-25T23:42:21.979+0200: 4,140: Total time for which application threads were stopped: 0,0000994 seconds, Stopping threads took: 0,0000318 seconds
2017-04-25T23:42:21.979+0200: 4,140: Total time for which application threads were stopped: 0,0000728 seconds, Stopping threads took: 0,0000208 seconds
2017-04-25T23:42:22.001+0200: 4,162: Total time for which application threads were stopped: 0,0002686 seconds, Stopping threads took: 0,0000314 seconds
2017-04-25T23:42:22.005+0200: 4,166: Total time for which application threads were stopped: 0,0001106 seconds, Stopping threads took: 0,0000455 seconds
2017-04-25T23:42:22.012+0200: 4,172: Total time for which application threads were stopped: 0,0062085 seconds, Stopping threads took: 0,0061279 seconds
2017-04-25T23:42:22.014+0200: 4,175: Total time for which application threads were stopped: 0,0001276 seconds, Stopping threads took: 0,0000404 seconds
2017-04-25T23:42:22.015+0200: 4,176: Total time for which application threads were stopped: 0,0001182 seconds, Stopping threads took: 0,0000202 seconds
2017-04-25T23:42:22.018+0200: 4,179: Total time for which application threads were stopped: 0,0005832 seconds, Stopping threads took: 0,0004844 seconds
2017-04-25T23:42:22.019+0200: 4,180: Total time for which application threads were stopped: 0,0000976 seconds, Stopping threads took: 0,0000209 seconds
2017-04-25T23:42:22.020+0200: 4,181: Total time for which application threads were stopped: 0,0000982 seconds, Stopping threads took: 0,0000326 seconds
2017-04-25T23:42:22.023+0200: 4,184: Total time for which application threads were stopped: 0,0000921 seconds, Stopping threads took: 0,0000206 seconds
2017-04-25T23:42:22.031+0200: 4,192: Total time for which application threads were stopped: 0,0007527 seconds, Stopping threads took: 0,0006641 seconds
2017-04-25T23:42:22.031+0200: 4,192: Total time for which application threads were stopped: 0,0000800 seconds, Stopping threads took: 0,0000192 seconds
2017-04-25T23:42:22.032+0200: 4,192: Total time for which application threads were stopped: 0,0000468 seconds, Stopping threads took: 0,0000095 seconds
2017-04-25T23:42:22.032+0200: 4,193: Total time for which application threads were stopped: 0,0000771 seconds, Stopping threads took: 0,0000197 seconds
2017-04-25T23:42:22.033+0200: 4,193: Total time for which application threads were stopped: 0,0000656 seconds, Stopping threads took: 0,0000149 seconds
2017-04-25T23:42:22.033+0200: 4,194: Total time for which application threads were stopped: 0,0000460 seconds, Stopping threads took: 0,0000090 seconds
2017-04-25T23:42:22.033+0200: 4,194: Total time for which application threads were stopped: 0,0000666 seconds, Stopping threads took: 0,0000138 seconds
2017-04-25T23:42:22.048+0200: 4,209: Total time for which application threads were stopped: 0,0001329 seconds, Stopping threads took: 0,0000642 seconds
2017-04-25T23:42:22.049+0200: 4,210: Total time for which application threads were stopped: 0,0001264 seconds, Stopping threads took: 0,0000452 seconds
2017-04-25T23:42:22.049+0200: 4,210: Total time for which application threads were stopped: 0,0000725 seconds, Stopping threads took: 0,0000267 seconds
2017-04-25T23:42:22.064+0200: 4,225: Total time for which application threads were stopped: 0,0001802 seconds, Stopping threads took: 0,0000448 seconds
2017-04-25T23:42:22.073+0200: 4,233: Total time for which application threads were stopped: 0,0001682 seconds, Stopping threads took: 0,0000545 seconds
2017-04-25T23:42:22.143+0200: 4,304: Total time for which application threads were stopped: 0,0003458 seconds, Stopping threads took: 0,0001743 seconds
2017-04-25T23:42:22.146+0200: 4,307: Total time for which application threads were stopped: 0,0001889 seconds, Stopping threads took: 0,0001013 seconds
2017-04-25T23:42:22.164+0200: 4,325: Total time for which application threads were stopped: 0,0001857 seconds, Stopping threads took: 0,0000784 seconds
2017-04-25T23:42:22.168+0200: 4,328: Total time for which application threads were stopped: 0,0001615 seconds, Stopping threads took: 0,0000529 seconds
2017-04-25T23:42:22.172+0200: 4,333: Total time for which application threads were stopped: 0,0003138 seconds, Stopping threads took: 0,0000817 seconds
{Heap before GC invocations=6 (full 1):
 par new generation   total 109248K, used 100174K [0x00000000e0000000, 0x00000000e8000000, 0x00000000e8000000)
  eden space 87424K, 100% used [0x00000000e0000000, 0x00000000e5560000, 0x00000000e5560000)
  from space 21824K,  58% used [0x00000000e5560000, 0x00000000e61d3980, 0x00000000e6ab0000)
  to   space 21824K,   0% used [0x00000000e6ab0000, 0x00000000e6ab0000, 0x00000000e8000000)
 concurrent mark-sweep generation total 393216K, used 0K [0x00000000e8000000, 0x0000000100000000, 0x0000000100000000)
 Metaspace       used 24151K, capacity 24657K, committed 24828K, reserved 1071104K
  class space    used 2836K, capacity 3037K, committed 3068K, reserved 1048576K
2017-04-25T23:42:22.238+0200: 4,399: [GC (Allocation Failure) 2017-04-25T23:42:22.238+0200: 4,399: [ParNew
Desired survivor size 20112992 bytes, new threshold 8 (max 8)
- age   1:    4965384 bytes,    4965384 total
- age   2:     348424 bytes,    5313808 total
- age   3:      30424 bytes,    5344232 total
- age   4:     173992 bytes,    5518224 total
- age   5:     298856 bytes,    5817080 total
- age   6:    1132160 bytes,    6949240 total
- age   7:    6286480 bytes,   13235720 total
: 100174K->15035K(109248K), 0,0199362 secs] 100174K->15035K(502464K), 0,0200171 secs] [Times: user=0,06 sys=0,00, real=0,02 secs] 
Heap after GC invocations=7 (full 1):
 par new generation   total 109248K, used 15035K [0x00000000e0000000, 0x00000000e8000000, 0x00000000e8000000)
  eden space 87424K,   0% used [0x00000000e0000000, 0x00000000e0000000, 0x00000000e5560000)
  from space 21824K,  68% used [0x00000000e6ab0000, 0x00000000e795ec70, 0x00000000e8000000)
  to   space 21824K,   0% used [0x00000000e5560000, 0x00000000e5560000, 0x00000000e6ab0000)
 concurrent mark-sweep generation total 393216K, used 0K [0x00000000e8000000, 0x0000000100000000, 0x0000000100000000)
 Metaspace       used 24151K, capacity 24657K, committed 24828K, reserved 1071104K
  class space    used 2836K, capacity 3037K, committed 3068K, reserved 1048576K
}
2017-04-25T23:42:22.258+0200: 4,419: Total time for which application threads were stopped: 0,0202106 seconds, Stopping threads took: 0,0000270 seconds
2017-04-25T23:42:22.281+0200: 4,442: Total time for which application threads were stopped: 0,0161606 seconds, Stopping threads took: 0,0160483 seconds
2017-04-25T23:42:22.308+0200: 4,468: Total time for which application threads were stopped: 0,0055686 seconds, Stopping threads took: 0,0045017 seconds
{Heap before GC invocations=7 (full 1):
 par new generation   total 109248K, used 102459K [0x00000000e0000000, 0x00000000e8000000, 0x00000000e8000000)
  eden space 87424K, 100% used [0x00000000e0000000, 0x00000000e5560000, 0x00000000e5560000)
  from space 21824K,  68% used [0x00000000e6ab0000, 0x00000000e795ec70, 0x00000000e8000000)
  to   space 21824K,   0% used [0x00000000e5560000, 0x00000000e5560000, 0x00000000e6ab0000)
 concurrent mark-sweep generation total 393216K, used 0K [0x00000000e8000000, 0x0000000100000000, 0x0000000100000000)
 Metaspace       used 24449K, capacity 24929K, committed 25084K, reserved 1071104K
  class space    used 2858K, capacity 3040K, committed 3068K, reserved 1048576K
2017-04-25T23:42:22.420+0200: 4,580: [GC (Allocation Failure) 2017-04-25T23:42:22.420+0200: 4,580: [ParNew
Desired survivor size 20112992 bytes, new threshold 8 (max 8)
- age   1:    1400032 bytes,    1400032 total
- age   2:    1751480 bytes,    3151512 total
- age   3:     179448 bytes,    3330960 total
- age   4:      16208 bytes,    3347168 total
- age   5:      96608 bytes,    3443776 total
- age   6:     178624 bytes,    3622400 total
- age   7:     906960 bytes,    4529360 total
- age   8:    5960816 bytes,   10490176 total
: 102459K->16591K(109248K), 0,1123810 secs] 102459K->16591K(502464K), 0,1124739 secs] [Times: user=0,11 sys=0,00, real=0,11 secs] 
Heap after GC invocations=8 (full 1):
 par new generation   total 109248K, used 16591K [0x00000000e0000000, 0x00000000e8000000, 0x00000000e8000000)
  eden space 87424K,   0% used [0x00000000e0000000, 0x00000000e0000000, 0x00000000e5560000)
  from space 21824K,  76% used [0x00000000e5560000, 0x00000000e6593e00, 0x00000000e6ab0000)
  to   space 21824K,   0% used [0x00000000e6ab0000, 0x00000000e6ab0000, 0x00000000e8000000)
 concurrent mark-sweep generation total 393216K, used 0K [0x00000000e8000000, 0x0000000100000000, 0x0000000100000000)
 Metaspace       used 24449K, capacity 24929K, committed 25084K, reserved 1071104K
  class space    used 2858K, capacity 3040K, committed 3068K, reserved 1048576K
}
2017-04-25T23:42:22.532+0200: 4,693: Total time for which application threads were stopped: 0,1126956 seconds, Stopping threads took: 0,0000256 seconds
2017-04-25T23:42:22.549+0200: 4,710: Total time for which application threads were stopped: 0,0070448 seconds, Stopping threads took: 0,0069627 seconds
2017-04-25T23:42:22.549+0200: 4,710: Total time for which application threads were stopped: 0,0000575 seconds, Stopping threads took: 0,0000239 seconds
{Heap before GC invocations=8 (full 1):
 par new generation   total 109248K, used 104015K [0x00000000e0000000, 0x00000000e8000000, 0x00000000e8000000)
  eden space 87424K, 100% used [0x00000000e0000000, 0x00000000e5560000, 0x00000000e5560000)
  from space 21824K,  76% used [0x00000000e5560000, 0x00000000e6593e00, 0x00000000e6ab0000)
  to   space 21824K,   0% used [0x00000000e6ab0000, 0x00000000e6ab0000, 0x00000000e8000000)
 concurrent mark-sweep generation total 393216K, used 0K [0x00000000e8000000, 0x0000000100000000, 0x0000000100000000)
 Metaspace       used 24724K, capacity 25233K, committed 25468K, reserved 1071104K
  class space    used 2885K, capacity 3075K, committed 3196K, reserved 1048576K
2017-04-25T23:42:22.679+0200: 4,839: [GC (Allocation Failure) 2017-04-25T23:42:22.679+0200: 4,840: [ParNew
Desired survivor size 20112992 bytes, new threshold 8 (max 8)
- age   1:     543712 bytes,     543712 total
- age   2:     572264 bytes,    1115976 total
- age   3:    1697456 bytes,    2813432 total
- age   4:     179416 bytes,    2992848 total
- age   5:      16208 bytes,    3009056 total
- age   6:      96440 bytes,    3105496 total
- age   7:     175824 bytes,    3281320 total
- age   8:     906192 bytes,    4187512 total
: 104015K->6657K(109248K), 0,0665926 secs] 104015K->13058K(502464K), 0,0666860 secs] [Times: user=0,10 sys=0,00, real=0,06 secs] 
Heap after GC invocations=9 (full 1):
 par new generation   total 109248K, used 6657K [0x00000000e0000000, 0x00000000e8000000, 0x00000000e8000000)
  eden space 87424K,   0% used [0x00000000e0000000, 0x00000000e0000000, 0x00000000e5560000)
  from space 21824K,  30% used [0x00000000e6ab0000, 0x00000000e7130790, 0x00000000e8000000)
  to   space 21824K,   0% used [0x00000000e5560000, 0x00000000e5560000, 0x00000000e6ab0000)
 concurrent mark-sweep generation total 393216K, used 6400K [0x00000000e8000000, 0x0000000100000000, 0x0000000100000000)
 Metaspace       used 24724K, capacity 25233K, committed 25468K, reserved 1071104K
  class space    used 2885K, capacity 3075K, committed 3196K, reserved 1048576K
}
2017-04-25T23:42:22.745+0200: 4,906: Total time for which application threads were stopped: 0,0679177 seconds, Stopping threads took: 0,0010419 seconds
2017-04-25T23:42:23.007+0200: 5,168: Total time for which application threads were stopped: 0,0040683 seconds, Stopping threads took: 0,0039436 seconds
2017-04-25T23:42:23.010+0200: 5,171: Total time for which application threads were stopped: 0,0001830 seconds, Stopping threads took: 0,0000991 seconds
2017-04-25T23:42:23.043+0200: 5,203: Total time for which application threads were stopped: 0,0077801 seconds, Stopping threads took: 0,0076501 seconds
2017-04-25T23:42:23.047+0200: 5,208: Total time for which application threads were stopped: 0,0023388 seconds, Stopping threads took: 0,0022025 seconds
2017-04-25T23:42:23.069+0200: 5,230: Total time for which application threads were stopped: 0,0135785 seconds, Stopping threads took: 0,0134901 seconds
2017-04-25T23:42:23.204+0200: 5,365: Total time for which application threads were stopped: 0,0001576 seconds, Stopping threads took: 0,0000440 seconds
2017-04-25T23:42:23.268+0200: 5,429: Total time for which application threads were stopped: 0,0068425 seconds, Stopping threads took: 0,0067058 seconds
2017-04-25T23:42:23.270+0200: 5,430: Total time for which application threads were stopped: 0,0010921 seconds, Stopping threads took: 0,0000178 seconds
2017-04-25T23:42:23.326+0200: 5,486: Total time for which application threads were stopped: 0,0052927 seconds, Stopping threads took: 0,0051708 seconds
2017-04-25T23:42:23.362+0200: 5,523: Total time for which application threads were stopped: 0,0025585 seconds, Stopping threads took: 0,0024654 seconds
2017-04-25T23:42:23.466+0200: 5,627: Total time for which application threads were stopped: 0,0001819 seconds, Stopping threads took: 0,0000574 seconds
2017-04-25T23:42:23.472+0200: 5,633: Total time for which application threads were stopped: 0,0005964 seconds, Stopping threads took: 0,0000315 seconds
2017-04-25T23:42:23.490+0200: 5,651: Total time for which application threads were stopped: 0,0004824 seconds, Stopping threads took: 0,0000461 seconds
2017-04-25T23:42:23.575+0200: 5,736: Total time for which application threads were stopped: 0,0004168 seconds, Stopping threads took: 0,0000299 seconds
2017-04-25T23:42:23.577+0200: 5,737: Total time for which application threads were stopped: 0,0001796 seconds, Stopping threads took: 0,0000761 seconds
2017-04-25T23:42:23.579+0200: 5,739: Total time for which application threads were stopped: 0,0002096 seconds, Stopping threads took: 0,0000621 seconds
2017-04-25T23:42:23.597+0200: 5,758: Total time for which application threads were stopped: 0,0001706 seconds, Stopping threads took: 0,0000563 seconds
2017-04-25T23:42:23.611+0200: 5,772: Total time for which application threads were stopped: 0,0001879 seconds, Stopping threads took: 0,0000568 seconds
2017-04-25T23:42:23.624+0200: 5,784: Total time for which application threads were stopped: 0,0005257 seconds, Stopping threads took: 0,0003987 seconds
2017-04-25T23:42:23.637+0200: 5,798: Total time for which application threads were stopped: 0,0002421 seconds, Stopping threads took: 0,0001224 seconds
2017-04-25T23:42:23.671+0200: 5,832: Total time for which application threads were stopped: 0,0004967 seconds, Stopping threads took: 0,0001481 seconds
2017-04-25T23:42:23.686+0200: 5,847: Total time for which application threads were stopped: 0,0038075 seconds, Stopping threads took: 0,0036785 seconds
2017-04-25T23:42:23.729+0200: 5,890: Total time for which application threads were stopped: 0,0002495 seconds, Stopping threads took: 0,0001535 seconds
2017-04-25T23:42:23.746+0200: 5,907: Total time for which application threads were stopped: 0,0001317 seconds, Stopping threads took: 0,0000359 seconds
2017-04-25T23:42:23.757+0200: 5,918: Total time for which application threads were stopped: 0,0005579 seconds, Stopping threads took: 0,0000249 seconds
2017-04-25T23:42:23.812+0200: 5,973: Total time for which application threads were stopped: 0,0001371 seconds, Stopping threads took: 0,0000415 seconds
2017-04-25T23:43:40.824+0200: 82,985: Total time for which application threads were stopped: 0,0000782 seconds, Stopping threads took: 0,0000329 seconds
2017-04-25T23:44:15.828+0200: 117,989: Total time for which application threads were stopped: 0,0000779 seconds, Stopping threads took: 0,0000325 seconds
2017-04-25T23:44:20.829+0200: 122,990: Total time for which application threads were stopped: 0,0001307 seconds, Stopping threads took: 0,0000329 seconds
2017-04-25T23:46:19.844+0200: 242,005: Total time for which application threads were stopped: 0,0000897 seconds, Stopping threads took: 0,0000335 seconds
2017-04-25T23:46:55.849+0200: 278,010: Total time for which application threads were stopped: 0,0000803 seconds, Stopping threads took: 0,0000321 seconds
2017-04-26T00:53:07.802+0200: 1048,186: Total time for which application threads were stopped: 0,0000762 seconds, Stopping threads took: 0,0000295 seconds
2017-04-26T00:53:12.803+0200: 1053,187: Total time for which application threads were stopped: 0,0000819 seconds, Stopping threads took: 0,0000171 seconds
2017-04-26T00:59:06.840+0200: 1407,224: Total time for which application threads were stopped: 0,0001114 seconds, Stopping threads took: 0,0000405 seconds
2017-04-26T01:03:41.872+0200: 1682,255: Total time for which application threads were stopped: 0,0000992 seconds, Stopping threads took: 0,0000379 seconds
2017-04-26T01:14:46.947+0200: 2347,330: Total time for which application threads were stopped: 0,0000884 seconds, Stopping threads took: 0,0000353 seconds
2017-04-26T01:14:47.947+0200: 2348,330: Total time for which application threads were stopped: 0,0000676 seconds, Stopping threads took: 0,0000141 seconds
2017-04-26T01:34:37.073+0200: 3537,457: Total time for which application threads were stopped: 0,0000802 seconds, Stopping threads took: 0,0000330 seconds
2017-04-26T01:40:27.118+0200: 3887,501: Total time for which application threads were stopped: 0,0000915 seconds, Stopping threads took: 0,0000303 seconds
2017-04-26T02:01:17.630+0200: 5138,013: Total time for which application threads were stopped: 0,0012579 seconds, Stopping threads took: 0,0011770 seconds
2017-04-26T02:01:17.631+0200: 5138,014: Total time for which application threads were stopped: 0,0000828 seconds, Stopping threads took: 0,0000240 seconds
2017-04-26T02:01:17.632+0200: 5138,015: Total time for which application threads were stopped: 0,0006308 seconds, Stopping threads took: 0,0005411 seconds
2017-04-26T02:01:17.636+0200: 5138,020: Total time for which application threads were stopped: 0,0029449 seconds, Stopping threads took: 0,0028627 seconds
2017-04-26T02:01:17.643+0200: 5138,027: Total time for which application threads were stopped: 0,0000915 seconds, Stopping threads took: 0,0000191 seconds
2017-04-26T02:01:17.646+0200: 5138,029: Total time for which application threads were stopped: 0,0001435 seconds, Stopping threads took: 0,0000236 seconds
2017-04-26T02:01:17.646+0200: 5138,030: Total time for which application threads were stopped: 0,0000848 seconds, Stopping threads took: 0,0000248 seconds
2017-04-26T02:01:17.646+0200: 5138,030: Total time for which application threads were stopped: 0,0000706 seconds, Stopping threads took: 0,0000214 seconds
2017-04-26T02:01:17.646+0200: 5138,030: Total time for which application threads were stopped: 0,0000641 seconds, Stopping threads took: 0,0000159 seconds
2017-04-26T02:01:17.646+0200: 5138,030: Total time for which application threads were stopped: 0,0000569 seconds, Stopping threads took: 0,0000151 seconds
2017-04-26T02:01:17.647+0200: 5138,030: Total time for which application threads were stopped: 0,0000567 seconds, Stopping threads took: 0,0000151 seconds
2017-04-26T02:01:17.647+0200: 5138,030: Total time for which application threads were stopped: 0,0000610 seconds, Stopping threads took: 0,0000150 seconds
2017-04-26T02:01:17.647+0200: 5138,030: Total time for which application threads were stopped: 0,0000514 seconds, Stopping threads took: 0,0000153 seconds
2017-04-26T02:01:17.647+0200: 5138,030: Total time for which application threads were stopped: 0,0000530 seconds, Stopping threads took: 0,0000150 seconds
2017-04-26T02:01:17.647+0200: 5138,031: Total time for which application threads were stopped: 0,0000494 seconds, Stopping threads took: 0,0000131 seconds
2017-04-26T02:01:17.647+0200: 5138,031: Total time for which application threads were stopped: 0,0000483 seconds, Stopping threads took: 0,0000152 seconds
2017-04-26T02:01:17.647+0200: 5138,031: Total time for which application threads were stopped: 0,0000433 seconds, Stopping threads took: 0,0000119 seconds
2017-04-26T02:01:17.647+0200: 5138,031: Total time for which application threads were stopped: 0,0000458 seconds, Stopping threads took: 0,0000122 seconds
2017-04-26T02:01:17.647+0200: 5138,031: Total time for which application threads were stopped: 0,0000503 seconds, Stopping threads took: 0,0000135 seconds
2017-04-26T02:01:17.647+0200: 5138,031: Total time for which application threads were stopped: 0,0000548 seconds, Stopping threads took: 0,0000175 seconds
2017-04-26T02:01:17.653+0200: 5138,036: Total time for which application threads were stopped: 0,0001073 seconds, Stopping threads took: 0,0000293 seconds
2017-04-26T02:01:17.653+0200: 5138,037: Total time for which application threads were stopped: 0,0000750 seconds, Stopping threads took: 0,0000193 seconds
2017-04-26T02:01:17.653+0200: 5138,037: Total time for which application threads were stopped: 0,0000660 seconds, Stopping threads took: 0,0000156 seconds
2017-04-26T02:01:17.656+0200: 5138,039: Total time for which application threads were stopped: 0,0026349 seconds, Stopping threads took: 0,0025493 seconds
2017-04-26T02:01:17.656+0200: 5138,040: Total time for which application threads were stopped: 0,0000789 seconds, Stopping threads took: 0,0000225 seconds
2017-04-26T02:01:17.656+0200: 5138,040: Total time for which application threads were stopped: 0,0000721 seconds, Stopping threads took: 0,0000204 seconds
2017-04-26T02:01:17.656+0200: 5138,040: Total time for which application threads were stopped: 0,0000602 seconds, Stopping threads took: 0,0000160 seconds
2017-04-26T02:01:17.657+0200: 5138,041: Total time for which application threads were stopped: 0,0010454 seconds, Stopping threads took: 0,0000192 seconds
2017-04-26T02:01:17.657+0200: 5138,041: Total time for which application threads were stopped: 0,0000970 seconds, Stopping threads took: 0,0000238 seconds
2017-04-26T02:01:17.658+0200: 5138,041: Total time for which application threads were stopped: 0,0000650 seconds, Stopping threads took: 0,0000184 seconds
2017-04-26T02:01:17.658+0200: 5138,041: Total time for which application threads were stopped: 0,0000562 seconds, Stopping threads took: 0,0000149 seconds
2017-04-26T02:01:17.658+0200: 5138,041: Total time for which application threads were stopped: 0,0000510 seconds, Stopping threads took: 0,0000132 seconds
2017-04-26T02:01:17.658+0200: 5138,041: Total time for which application threads were stopped: 0,0000508 seconds, Stopping threads took: 0,0000136 seconds
2017-04-26T02:01:17.658+0200: 5138,042: Total time for which application threads were stopped: 0,0000542 seconds, Stopping threads took: 0,0000135 seconds
2017-04-26T02:01:17.672+0200: 5138,055: Total time for which application threads were stopped: 0,0001298 seconds, Stopping threads took: 0,0000417 seconds
2017-04-26T02:01:17.677+0200: 5138,061: Total time for which application threads were stopped: 0,0000858 seconds, Stopping threads took: 0,0000156 seconds
2017-04-26T02:01:17.680+0200: 5138,064: Total time for which application threads were stopped: 0,0008993 seconds, Stopping threads took: 0,0008107 seconds
2017-04-26T02:01:17.683+0200: 5138,067: Total time for which application threads were stopped: 0,0000908 seconds, Stopping threads took: 0,0000189 seconds
2017-04-26T02:01:17.684+0200: 5138,068: Total time for which application threads were stopped: 0,0000765 seconds, Stopping threads took: 0,0000139 seconds
2017-04-26T02:01:17.684+0200: 5138,068: Total time for which application threads were stopped: 0,0000457 seconds, Stopping threads took: 0,0000102 seconds
2017-04-26T02:01:17.687+0200: 5138,071: Total time for which application threads were stopped: 0,0000885 seconds, Stopping threads took: 0,0000203 seconds
2017-04-26T02:01:17.689+0200: 5138,072: Total time for which application threads were stopped: 0,0000950 seconds, Stopping threads took: 0,0000229 seconds
2017-04-26T02:01:17.690+0200: 5138,073: Total time for which application threads were stopped: 0,0000889 seconds, Stopping threads took: 0,0000239 seconds
2017-04-26T02:01:17.690+0200: 5138,074: Total time for which application threads were stopped: 0,0000510 seconds, Stopping threads took: 0,0000150 seconds
2017-04-26T02:01:17.695+0200: 5138,078: Total time for which application threads were stopped: 0,0038807 seconds, Stopping threads took: 0,0038110 seconds
2017-04-26T02:01:17.699+0200: 5138,082: Total time for which application threads were stopped: 0,0001118 seconds, Stopping threads took: 0,0000436 seconds
2017-04-26T02:01:17.701+0200: 5138,084: Total time for which application threads were stopped: 0,0001140 seconds, Stopping threads took: 0,0000449 seconds
2017-04-26T02:01:17.711+0200: 5138,095: Total time for which application threads were stopped: 0,0039023 seconds, Stopping threads took: 0,0038001 seconds
2017-04-26T02:01:17.713+0200: 5138,096: Total time for which application threads were stopped: 0,0000819 seconds, Stopping threads took: 0,0000144 seconds
2017-04-26T02:01:17.713+0200: 5138,096: Total time for which application threads were stopped: 0,0000599 seconds, Stopping threads took: 0,0000158 seconds
2017-04-26T02:01:17.714+0200: 5138,097: Total time for which application threads were stopped: 0,0000976 seconds, Stopping threads took: 0,0000321 seconds
2017-04-26T02:01:17.715+0200: 5138,099: Total time for which application threads were stopped: 0,0001146 seconds, Stopping threads took: 0,0000215 seconds
2017-04-26T02:01:17.716+0200: 5138,099: Total time for which application threads were stopped: 0,0000641 seconds, Stopping threads took: 0,0000194 seconds
2017-04-26T02:01:17.716+0200: 5138,099: Total time for which application threads were stopped: 0,0000578 seconds, Stopping threads took: 0,0000169 seconds
2017-04-26T02:01:17.716+0200: 5138,100: Total time for which application threads were stopped: 0,0000543 seconds, Stopping threads took: 0,0000157 seconds
2017-04-26T02:01:17.716+0200: 5138,100: Total time for which application threads were stopped: 0,0000517 seconds, Stopping threads took: 0,0000128 seconds
2017-04-26T02:01:17.716+0200: 5138,100: Total time for which application threads were stopped: 0,0000446 seconds, Stopping threads took: 0,0000124 seconds
2017-04-26T02:01:17.717+0200: 5138,100: Total time for which application threads were stopped: 0,0000803 seconds, Stopping threads took: 0,0000278 seconds
2017-04-26T02:01:17.717+0200: 5138,101: Total time for which application threads were stopped: 0,0000621 seconds, Stopping threads took: 0,0000118 seconds
2017-04-26T02:01:17.717+0200: 5138,101: Total time for which application threads were stopped: 0,0000632 seconds, Stopping threads took: 0,0000215 seconds
2017-04-26T02:01:17.717+0200: 5138,101: Total time for which application threads were stopped: 0,0000556 seconds, Stopping threads took: 0,0000142 seconds
2017-04-26T02:01:17.718+0200: 5138,101: Total time for which application threads were stopped: 0,0000629 seconds, Stopping threads took: 0,0000218 seconds
2017-04-26T02:01:17.718+0200: 5138,101: Total time for which application threads were stopped: 0,0000790 seconds, Stopping threads took: 0,0000358 seconds
2017-04-26T02:01:17.720+0200: 5138,103: Total time for which application threads were stopped: 0,0015205 seconds, Stopping threads took: 0,0014454 seconds
2017-04-26T02:01:17.720+0200: 5138,104: Total time for which application threads were stopped: 0,0001040 seconds, Stopping threads took: 0,0000357 seconds
2017-04-26T02:01:17.720+0200: 5138,104: Total time for which application threads were stopped: 0,0000615 seconds, Stopping threads took: 0,0000090 seconds
2017-04-26T02:01:17.721+0200: 5138,104: Total time for which application threads were stopped: 0,0002217 seconds, Stopping threads took: 0,0000245 seconds
2017-04-26T02:01:17.723+0200: 5138,106: Total time for which application threads were stopped: 0,0002179 seconds, Stopping threads took: 0,0000986 seconds
2017-04-26T02:01:17.725+0200: 5138,109: Total time for which application threads were stopped: 0,0001311 seconds, Stopping threads took: 0,0000551 seconds
2017-04-26T02:01:17.727+0200: 5138,111: Total time for which application threads were stopped: 0,0001455 seconds, Stopping threads took: 0,0000366 seconds
Heap
 par new generation   total 109248K, used 93471K [0x00000000e0000000, 0x00000000e8000000, 0x00000000e8000000)
  eden space 87424K,  99% used [0x00000000e0000000, 0x00000000e54c7840, 0x00000000e5560000)
  from space 21824K,  30% used [0x00000000e6ab0000, 0x00000000e7130790, 0x00000000e8000000)
  to   space 21824K,   0% used [0x00000000e5560000, 0x00000000e5560000, 0x00000000e6ab0000)
 concurrent mark-sweep generation total 393216K, used 6400K [0x00000000e8000000, 0x0000000100000000, 0x0000000100000000)
 Metaspace       used 28163K, capacity 28601K, committed 28796K, reserved 1075200K
  class space    used 3221K, capacity 3383K, committed 3452K, reserved 1048576K
