OpenJDK 64-Bit Server VM (25.111-b14) for linux-amd64 JRE (1.8.0_111-8u111-b14-2ubuntu0.16.04.2-b14), built on Oct 27 2016 18:10:19 by "buildd" with gcc 5.4.0 20160609
Memory: 4k page, physical 7867876k(7484472k free), swap 8076284k(8076284k free)
CommandLine flags: -XX:CMSInitiatingOccupancyFraction=50 -XX:CMSMaxAbortablePrecleanTime=6000 -XX:+CMSParallelRemarkEnabled -XX:+CMSScavengeBeforeRemark -XX:ConcGCThreads=4 -XX:InitialHeapSize=536870912 -XX:MaxHeapSize=536870912 -XX:MaxTenuringThreshold=8 -XX:NewRatio=3 -XX:OldPLABSize=16 -XX:OnOutOfMemoryError=/opt/solr/bin/oom_solr.sh 8983 /var/solr/logs -XX:ParallelGCThreads=4 -XX:+ParallelRefProcEnabled -XX:PretenureSizeThreshold=67108864 -XX:+PrintGC -XX:+PrintGCApplicationStoppedTime -XX:+PrintGCDateStamps -XX:+PrintGCDetails -XX:+PrintGCTimeStamps -XX:+PrintHeapAtGC -XX:+PrintTenuringDistribution -XX:SurvivorRatio=4 -XX:TargetSurvivorRatio=90 -XX:ThreadStackSize=256 -XX:+UseCMSInitiatingOccupancyOnly -XX:+UseCompressedClassPointers -XX:+UseCompressedOops -XX:+UseConcMarkSweepGC -XX:+UseParNewGC 
2016-11-10T10:17:19.754+0100: 0,106: Total time for which application threads were stopped: 0,0000663 seconds, Stopping threads took: 0,0000133 seconds
2016-11-10T10:17:19.819+0100: 0,172: Total time for which application threads were stopped: 0,0000895 seconds, Stopping threads took: 0,0000156 seconds
2016-11-10T10:17:19.829+0100: 0,182: Total time for which application threads were stopped: 0,0000706 seconds, Stopping threads took: 0,0000085 seconds
2016-11-10T10:17:19.950+0100: 0,302: Total time for which application threads were stopped: 0,0001167 seconds, Stopping threads took: 0,0000134 seconds
2016-11-10T10:17:20.099+0100: 0,452: Total time for which application threads were stopped: 0,0001062 seconds, Stopping threads took: 0,0000094 seconds
2016-11-10T10:17:20.138+0100: 0,491: Total time for which application threads were stopped: 0,0001593 seconds, Stopping threads took: 0,0000204 seconds
2016-11-10T10:17:20.152+0100: 0,505: Total time for which application threads were stopped: 0,0001592 seconds, Stopping threads took: 0,0000222 seconds
2016-11-10T10:17:20.317+0100: 0,670: Total time for which application threads were stopped: 0,0001802 seconds, Stopping threads took: 0,0000170 seconds
2016-11-10T10:17:20.477+0100: 0,830: Total time for which application threads were stopped: 0,0002127 seconds, Stopping threads took: 0,0000212 seconds
2016-11-10T10:17:20.495+0100: 0,848: Total time for which application threads were stopped: 0,0001757 seconds, Stopping threads took: 0,0000209 seconds
2016-11-10T10:17:20.496+0100: 0,848: Total time for which application threads were stopped: 0,0001004 seconds, Stopping threads took: 0,0000188 seconds
2016-11-10T10:17:20.506+0100: 0,859: Total time for which application threads were stopped: 0,0001664 seconds, Stopping threads took: 0,0000194 seconds
2016-11-10T10:17:20.573+0100: 0,925: Total time for which application threads were stopped: 0,0002251 seconds, Stopping threads took: 0,0000207 seconds
2016-11-10T10:17:20.715+0100: 1,068: Total time for which application threads were stopped: 0,0002867 seconds, Stopping threads took: 0,0000646 seconds
{Heap before GC invocations=0 (full 0):
 par new generation   total 109248K, used 87424K [0x00000000e0000000, 0x00000000e8000000, 0x00000000e8000000)
  eden space 87424K, 100% used [0x00000000e0000000, 0x00000000e5560000, 0x00000000e5560000)
  from space 21824K,   0% used [0x00000000e5560000, 0x00000000e5560000, 0x00000000e6ab0000)
  to   space 21824K,   0% used [0x00000000e6ab0000, 0x00000000e6ab0000, 0x00000000e8000000)
 concurrent mark-sweep generation total 393216K, used 0K [0x00000000e8000000, 0x0000000100000000, 0x0000000100000000)
 Metaspace       used 18036K, capacity 18366K, committed 18560K, reserved 1064960K
  class space    used 2044K, capacity 2162K, committed 2176K, reserved 1048576K
2016-11-10T10:17:20.827+0100: 1,179: [GC (Allocation Failure) 2016-11-10T10:17:20.827+0100: 1,179: [ParNew
Desired survivor size 20112992 bytes, new threshold 8 (max 8)
- age   1:   12328512 bytes,   12328512 total
: 87424K->12166K(109248K), 0,0159002 secs] 87424K->12166K(502464K), 0,0159878 secs] [Times: user=0,05 sys=0,02, real=0,02 secs] 
Heap after GC invocations=1 (full 0):
 par new generation   total 109248K, used 12166K [0x00000000e0000000, 0x00000000e8000000, 0x00000000e8000000)
  eden space 87424K,   0% used [0x00000000e0000000, 0x00000000e0000000, 0x00000000e5560000)
  from space 21824K,  55% used [0x00000000e6ab0000, 0x00000000e7691a40, 0x00000000e8000000)
  to   space 21824K,   0% used [0x00000000e5560000, 0x00000000e5560000, 0x00000000e6ab0000)
 concurrent mark-sweep generation total 393216K, used 0K [0x00000000e8000000, 0x0000000100000000, 0x0000000100000000)
 Metaspace       used 18036K, capacity 18366K, committed 18560K, reserved 1064960K
  class space    used 2044K, capacity 2162K, committed 2176K, reserved 1048576K
}
2016-11-10T10:17:20.843+0100: 1,195: Total time for which application threads were stopped: 0,0161748 seconds, Stopping threads took: 0,0000248 seconds
2016-11-10T10:17:21.089+0100: 1,442: Total time for which application threads were stopped: 0,0003132 seconds, Stopping threads took: 0,0000557 seconds
2016-11-10T10:17:21.132+0100: 1,485: Total time for which application threads were stopped: 0,0003694 seconds, Stopping threads took: 0,0000715 seconds
2016-11-10T10:17:21.174+0100: 1,526: Total time for which application threads were stopped: 0,0038110 seconds, Stopping threads took: 0,0000751 seconds
{Heap before GC invocations=1 (full 0):
 par new generation   total 109248K, used 99590K [0x00000000e0000000, 0x00000000e8000000, 0x00000000e8000000)
  eden space 87424K, 100% used [0x00000000e0000000, 0x00000000e5560000, 0x00000000e5560000)
  from space 21824K,  55% used [0x00000000e6ab0000, 0x00000000e7691a40, 0x00000000e8000000)
  to   space 21824K,   0% used [0x00000000e5560000, 0x00000000e5560000, 0x00000000e6ab0000)
 concurrent mark-sweep generation total 393216K, used 0K [0x00000000e8000000, 0x0000000100000000, 0x0000000100000000)
 Metaspace       used 20405K, capacity 20728K, committed 20992K, reserved 1067008K
  class space    used 2355K, capacity 2487K, committed 2560K, reserved 1048576K
2016-11-10T10:17:21.278+0100: 1,631: [GC (Allocation Failure) 2016-11-10T10:17:21.278+0100: 1,631: [ParNew
Desired survivor size 20112992 bytes, new threshold 8 (max 8)
- age   1:    4233744 bytes,    4233744 total
- age   2:    6284888 bytes,   10518632 total
: 99590K->13189K(109248K), 0,0136161 secs] 99590K->13189K(502464K), 0,0136835 secs] [Times: user=0,03 sys=0,01, real=0,02 secs] 
Heap after GC invocations=2 (full 0):
 par new generation   total 109248K, used 13189K [0x00000000e0000000, 0x00000000e8000000, 0x00000000e8000000)
  eden space 87424K,   0% used [0x00000000e0000000, 0x00000000e0000000, 0x00000000e5560000)
  from space 21824K,  60% used [0x00000000e5560000, 0x00000000e6241428, 0x00000000e6ab0000)
  to   space 21824K,   0% used [0x00000000e6ab0000, 0x00000000e6ab0000, 0x00000000e8000000)
 concurrent mark-sweep generation total 393216K, used 0K [0x00000000e8000000, 0x0000000100000000, 0x0000000100000000)
 Metaspace       used 20405K, capacity 20728K, committed 20992K, reserved 1067008K
  class space    used 2355K, capacity 2487K, committed 2560K, reserved 1048576K
}
2016-11-10T10:17:21.292+0100: 1,644: Total time for which application threads were stopped: 0,0139233 seconds, Stopping threads took: 0,0000517 seconds
{Heap before GC invocations=2 (full 0):
 par new generation   total 109248K, used 100613K [0x00000000e0000000, 0x00000000e8000000, 0x00000000e8000000)
  eden space 87424K, 100% used [0x00000000e0000000, 0x00000000e5560000, 0x00000000e5560000)
  from space 21824K,  60% used [0x00000000e5560000, 0x00000000e6241428, 0x00000000e6ab0000)
  to   space 21824K,   0% used [0x00000000e6ab0000, 0x00000000e6ab0000, 0x00000000e8000000)
 concurrent mark-sweep generation total 393216K, used 0K [0x00000000e8000000, 0x0000000100000000, 0x0000000100000000)
 Metaspace       used 20867K, capacity 21212K, committed 21296K, reserved 1069056K
  class space    used 2411K, capacity 2531K, committed 2560K, reserved 1048576K
2016-11-10T10:17:21.434+0100: 1,786: [GC (Allocation Failure) 2016-11-10T10:17:21.434+0100: 1,786: [ParNew
Desired survivor size 20112992 bytes, new threshold 8 (max 8)
- age   1:    1488440 bytes,    1488440 total
- age   2:    1563672 bytes,    3052112 total
- age   3:    6281896 bytes,    9334008 total
: 100613K->11984K(109248K), 0,0085349 secs] 100613K->11984K(502464K), 0,0086057 secs] [Times: user=0,02 sys=0,00, real=0,01 secs] 
Heap after GC invocations=3 (full 0):
 par new generation   total 109248K, used 11984K [0x00000000e0000000, 0x00000000e8000000, 0x00000000e8000000)
  eden space 87424K,   0% used [0x00000000e0000000, 0x00000000e0000000, 0x00000000e5560000)
  from space 21824K,  54% used [0x00000000e6ab0000, 0x00000000e76643d8, 0x00000000e8000000)
  to   space 21824K,   0% used [0x00000000e5560000, 0x00000000e5560000, 0x00000000e6ab0000)
 concurrent mark-sweep generation total 393216K, used 0K [0x00000000e8000000, 0x0000000100000000, 0x0000000100000000)
 Metaspace       used 20867K, capacity 21212K, committed 21296K, reserved 1069056K
  class space    used 2411K, capacity 2531K, committed 2560K, reserved 1048576K
}
2016-11-10T10:17:21.442+0100: 1,795: Total time for which application threads were stopped: 0,0088072 seconds, Stopping threads took: 0,0000740 seconds
2016-11-10T10:17:21.475+0100: 1,827: Total time for which application threads were stopped: 0,0001388 seconds, Stopping threads took: 0,0000658 seconds
2016-11-10T10:17:21.537+0100: 1,889: Total time for which application threads were stopped: 0,0000950 seconds, Stopping threads took: 0,0000197 seconds
2016-11-10T10:17:21.550+0100: 1,902: Total time for which application threads were stopped: 0,0003841 seconds, Stopping threads took: 0,0000345 seconds
2016-11-10T10:17:21.575+0100: 1,928: Total time for which application threads were stopped: 0,0000875 seconds, Stopping threads took: 0,0000230 seconds
2016-11-10T10:17:21.597+0100: 1,950: Total time for which application threads were stopped: 0,0001620 seconds, Stopping threads took: 0,0000911 seconds
2016-11-10T10:17:21.710+0100: 2,063: Total time for which application threads were stopped: 0,0029986 seconds, Stopping threads took: 0,0028095 seconds
2016-11-10T10:17:21.768+0100: 2,121: Total time for which application threads were stopped: 0,0003724 seconds, Stopping threads took: 0,0000289 seconds
2016-11-10T10:17:21.777+0100: 2,130: Total time for which application threads were stopped: 0,0001214 seconds, Stopping threads took: 0,0000353 seconds
2016-11-10T10:17:21.782+0100: 2,135: Total time for which application threads were stopped: 0,0003870 seconds, Stopping threads took: 0,0000363 seconds
2016-11-10T10:17:21.817+0100: 2,170: Total time for which application threads were stopped: 0,0001051 seconds, Stopping threads took: 0,0000180 seconds
{Heap before GC invocations=3 (full 0):
 par new generation   total 109248K, used 99408K [0x00000000e0000000, 0x00000000e8000000, 0x00000000e8000000)
  eden space 87424K, 100% used [0x00000000e0000000, 0x00000000e5560000, 0x00000000e5560000)
  from space 21824K,  54% used [0x00000000e6ab0000, 0x00000000e76643d8, 0x00000000e8000000)
  to   space 21824K,   0% used [0x00000000e5560000, 0x00000000e5560000, 0x00000000e6ab0000)
 concurrent mark-sweep generation total 393216K, used 0K [0x00000000e8000000, 0x0000000100000000, 0x0000000100000000)
 Metaspace       used 22896K, capacity 23246K, committed 23416K, reserved 1071104K
  class space    used 2642K, capacity 2806K, committed 2916K, reserved 1048576K
2016-11-10T10:17:21.822+0100: 2,174: [GC (Allocation Failure) 2016-11-10T10:17:21.822+0100: 2,174: [ParNew
Desired survivor size 20112992 bytes, new threshold 8 (max 8)
- age   1:    2537952 bytes,    2537952 total
- age   2:     176064 bytes,    2714016 total
- age   3:     780808 bytes,    3494824 total
- age   4:    6277560 bytes,    9772384 total
: 99408K->13083K(109248K), 0,0123386 secs] 99408K->13083K(502464K), 0,0124100 secs] [Times: user=0,04 sys=0,00, real=0,01 secs] 
Heap after GC invocations=4 (full 0):
 par new generation   total 109248K, used 13083K [0x00000000e0000000, 0x00000000e8000000, 0x00000000e8000000)
  eden space 87424K,   0% used [0x00000000e0000000, 0x00000000e0000000, 0x00000000e5560000)
  from space 21824K,  59% used [0x00000000e5560000, 0x00000000e6226fd8, 0x00000000e6ab0000)
  to   space 21824K,   0% used [0x00000000e6ab0000, 0x00000000e6ab0000, 0x00000000e8000000)
 concurrent mark-sweep generation total 393216K, used 0K [0x00000000e8000000, 0x0000000100000000, 0x0000000100000000)
 Metaspace       used 22896K, capacity 23246K, committed 23416K, reserved 1071104K
  class space    used 2642K, capacity 2806K, committed 2916K, reserved 1048576K
}
2016-11-10T10:17:21.834+0100: 2,187: Total time for which application threads were stopped: 0,0126546 seconds, Stopping threads took: 0,0001190 seconds
2016-11-10T10:17:21.836+0100: 2,189: [GC (CMS Initial Mark) [1 CMS-initial-mark: 0K(393216K)] 14844K(502464K), 0,0057779 secs] [Times: user=0,02 sys=0,00, real=0,01 secs] 
2016-11-10T10:17:21.842+0100: 2,195: Total time for which application threads were stopped: 0,0059402 seconds, Stopping threads took: 0,0000466 seconds
2016-11-10T10:17:21.842+0100: 2,195: [CMS-concurrent-mark-start]
2016-11-10T10:17:21.843+0100: 2,195: [CMS-concurrent-mark: 0,001/0,001 secs] [Times: user=0,00 sys=0,00, real=0,00 secs] 
2016-11-10T10:17:21.843+0100: 2,195: [CMS-concurrent-preclean-start]
2016-11-10T10:17:21.844+0100: 2,197: [CMS-concurrent-preclean: 0,001/0,001 secs] [Times: user=0,00 sys=0,00, real=0,00 secs] 
2016-11-10T10:17:21.849+0100: 2,201: [GC (CMS Final Remark) [YG occupancy: 15084 K (109248 K)]{Heap before GC invocations=4 (full 1):
 par new generation   total 109248K, used 15084K [0x00000000e0000000, 0x00000000e8000000, 0x00000000e8000000)
  eden space 87424K,   2% used [0x00000000e0000000, 0x00000000e01f4378, 0x00000000e5560000)
  from space 21824K,  59% used [0x00000000e5560000, 0x00000000e6226fd8, 0x00000000e6ab0000)
  to   space 21824K,   0% used [0x00000000e6ab0000, 0x00000000e6ab0000, 0x00000000e8000000)
 concurrent mark-sweep generation total 393216K, used 0K [0x00000000e8000000, 0x0000000100000000, 0x0000000100000000)
 Metaspace       used 22947K, capacity 23382K, committed 23620K, reserved 1071104K
  class space    used 2650K, capacity 2808K, committed 2916K, reserved 1048576K
2016-11-10T10:17:21.849+0100: 2,201: [GC (CMS Final Remark) 2016-11-10T10:17:21.849+0100: 2,201: [ParNew
Desired survivor size 20112992 bytes, new threshold 8 (max 8)
- age   1:      19896 bytes,      19896 total
- age   2:     729872 bytes,     749768 total
- age   3:     135112 bytes,     884880 total
- age   4:     718248 bytes,    1603128 total
- age   5:    6014712 bytes,    7617840 total
: 15084K->10065K(109248K), 0,0094287 secs] 15084K->10065K(502464K), 0,0094737 secs] [Times: user=0,03 sys=0,00, real=0,01 secs] 
Heap after GC invocations=5 (full 1):
 par new generation   total 109248K, used 10065K [0x00000000e0000000, 0x00000000e8000000, 0x00000000e8000000)
  eden space 87424K,   0% used [0x00000000e0000000, 0x00000000e0000000, 0x00000000e5560000)
  from space 21824K,  46% used [0x00000000e6ab0000, 0x00000000e7484400, 0x00000000e8000000)
  to   space 21824K,   0% used [0x00000000e5560000, 0x00000000e5560000, 0x00000000e6ab0000)
 concurrent mark-sweep generation total 393216K, used 0K [0x00000000e8000000, 0x0000000100000000, 0x0000000100000000)
 Metaspace       used 22947K, capacity 23382K, committed 23620K, reserved 1071104K
  class space    used 2650K, capacity 2808K, committed 2916K, reserved 1048576K
}
2016-11-10T10:17:21.858+0100: 2,211: [Rescan (parallel) , 0,0050324 secs]2016-11-10T10:17:21.863+0100: 2,216: [weak refs processing, 0,0008478 secs]2016-11-10T10:17:21.864+0100: 2,217: [class unloading, 0,0035558 secs]2016-11-10T10:17:21.868+0100: 2,220: [scrub symbol table, 0,0033178 secs]2016-11-10T10:17:21.871+0100: 2,224: [scrub string table, 0,0003533 secs][1 CMS-remark: 0K(393216K)] 10065K(502464K), 0,0233834 secs] [Times: user=0,06 sys=0,00, real=0,03 secs] 
2016-11-10T10:17:21.872+0100: 2,225: Total time for which application threads were stopped: 0,0259636 seconds, Stopping threads took: 0,0025045 seconds
2016-11-10T10:17:21.872+0100: 2,225: [CMS-concurrent-sweep-start]
2016-11-10T10:17:21.872+0100: 2,225: [CMS-concurrent-sweep: 0,000/0,000 secs] [Times: user=0,00 sys=0,00, real=0,00 secs] 
2016-11-10T10:17:21.872+0100: 2,225: [CMS-concurrent-reset-start]
2016-11-10T10:17:21.877+0100: 2,230: [CMS-concurrent-reset: 0,005/0,005 secs] [Times: user=0,01 sys=0,00, real=0,00 secs] 
2016-11-10T10:17:22.480+0100: 2,833: Total time for which application threads were stopped: 0,0004071 seconds, Stopping threads took: 0,0000249 seconds
2016-11-10T10:17:22.490+0100: 2,843: Total time for which application threads were stopped: 0,0003093 seconds, Stopping threads took: 0,0000129 seconds
2016-11-10T10:17:23.490+0100: 3,843: Total time for which application threads were stopped: 0,0001182 seconds, Stopping threads took: 0,0000227 seconds
2016-11-10T10:17:23.695+0100: 4,048: Total time for which application threads were stopped: 0,0002987 seconds, Stopping threads took: 0,0000165 seconds
2016-11-10T10:17:50.698+0100: 31,051: Total time for which application threads were stopped: 0,0000599 seconds, Stopping threads took: 0,0000152 seconds
2016-11-10T10:19:50.716+0100: 151,069: Total time for which application threads were stopped: 0,0000965 seconds, Stopping threads took: 0,0000379 seconds
2016-11-10T10:19:55.717+0100: 156,069: Total time for which application threads were stopped: 0,0000735 seconds, Stopping threads took: 0,0000308 seconds
2016-11-10T10:20:55.724+0100: 216,077: Total time for which application threads were stopped: 0,0000954 seconds, Stopping threads took: 0,0000391 seconds
2016-11-10T10:22:05.731+0100: 286,084: Total time for which application threads were stopped: 0,0003706 seconds, Stopping threads took: 0,0001614 seconds
2016-11-10T10:41:00.859+0100: 1421,212: Total time for which application threads were stopped: 0,0000841 seconds, Stopping threads took: 0,0000331 seconds
2016-11-10T10:45:20.890+0100: 1681,243: Total time for which application threads were stopped: 0,0000761 seconds, Stopping threads took: 0,0000291 seconds
2016-11-10T10:48:55.914+0100: 1896,266: Total time for which application threads were stopped: 0,0000893 seconds, Stopping threads took: 0,0000363 seconds
2016-11-10T10:54:20.946+0100: 2221,299: Total time for which application threads were stopped: 0,0000778 seconds, Stopping threads took: 0,0000293 seconds
2016-11-10T10:55:55.956+0100: 2316,309: Total time for which application threads were stopped: 0,0000753 seconds, Stopping threads took: 0,0000279 seconds
2016-11-10T10:56:00.957+0100: 2321,309: Total time for which application threads were stopped: 0,0000696 seconds, Stopping threads took: 0,0000176 seconds
2016-11-10T10:59:50.980+0100: 2551,333: Total time for which application threads were stopped: 0,0001159 seconds, Stopping threads took: 0,0000408 seconds
2016-11-10T11:10:36.048+0100: 3196,400: Total time for which application threads were stopped: 0,0000788 seconds, Stopping threads took: 0,0000313 seconds
2016-11-10T11:15:21.077+0100: 3481,429: Total time for which application threads were stopped: 0,0000789 seconds, Stopping threads took: 0,0000302 seconds
2016-11-10T11:22:06.121+0100: 3886,474: Total time for which application threads were stopped: 0,0004526 seconds, Stopping threads took: 0,0001618 seconds
2016-11-10T11:24:21.135+0100: 4021,488: Total time for which application threads were stopped: 0,0001107 seconds, Stopping threads took: 0,0000375 seconds
2016-11-10T11:58:21.349+0100: 6061,702: Total time for which application threads were stopped: 0,0000842 seconds, Stopping threads took: 0,0000332 seconds
2016-11-10T11:58:51.352+0100: 6091,705: Total time for which application threads were stopped: 0,0003904 seconds, Stopping threads took: 0,0001286 seconds
2016-11-10T12:02:16.374+0100: 6296,726: Total time for which application threads were stopped: 0,0000764 seconds, Stopping threads took: 0,0000294 seconds
2016-11-10T12:12:28.917+0100: 6909,270: Total time for which application threads were stopped: 0,0001737 seconds, Stopping threads took: 0,0000441 seconds
Heap
 par new generation   total 109248K, used 88190K [0x00000000e0000000, 0x00000000e8000000, 0x00000000e8000000)
  eden space 87424K,  89% used [0x00000000e0000000, 0x00000000e4c4b780, 0x00000000e5560000)
  from space 21824K,  46% used [0x00000000e6ab0000, 0x00000000e7484400, 0x00000000e8000000)
  to   space 21824K,   0% used [0x00000000e5560000, 0x00000000e5560000, 0x00000000e6ab0000)
 concurrent mark-sweep generation total 393216K, used 0K [0x00000000e8000000, 0x0000000100000000, 0x0000000100000000)
 Metaspace       used 27483K, capacity 27980K, committed 28204K, reserved 1075200K
  class space    used 3178K, capacity 3333K, committed 3428K, reserved 1048576K
