OpenJDK 64-Bit Server VM (25.121-b13) for linux-amd64 JRE (1.8.0_121-8u121-b13-0ubuntu1.16.04.2-b13), built on Jan 23 2017 15:51:29 by "buildd" with gcc 5.4.0 20160609
Memory: 4k page, physical 7867760k(7504808k free), swap 8076284k(8076284k free)
CommandLine flags: -XX:CMSInitiatingOccupancyFraction=50 -XX:CMSMaxAbortablePrecleanTime=6000 -XX:+CMSParallelRemarkEnabled -XX:+CMSScavengeBeforeRemark -XX:ConcGCThreads=4 -XX:InitialHeapSize=536870912 -XX:MaxHeapSize=536870912 -XX:MaxTenuringThreshold=8 -XX:NewRatio=3 -XX:OldPLABSize=16 -XX:OnOutOfMemoryError=/opt/solr/bin/oom_solr.sh 8983 /var/solr/logs -XX:ParallelGCThreads=4 -XX:+ParallelRefProcEnabled -XX:PretenureSizeThreshold=67108864 -XX:+PrintGC -XX:+PrintGCApplicationStoppedTime -XX:+PrintGCDateStamps -XX:+PrintGCDetails -XX:+PrintGCTimeStamps -XX:+PrintHeapAtGC -XX:+PrintTenuringDistribution -XX:SurvivorRatio=4 -XX:TargetSurvivorRatio=90 -XX:ThreadStackSize=256 -XX:+UseCMSInitiatingOccupancyOnly -XX:+UseCompressedClassPointers -XX:+UseCompressedOops -XX:+UseConcMarkSweepGC -XX:+UseParNewGC 
2017-03-02T23:20:19.790+0100: 0,153: Total time for which application threads were stopped: 0,0000865 seconds, Stopping threads took: 0,0000125 seconds
2017-03-02T23:20:19.909+0100: 0,271: Total time for which application threads were stopped: 0,0001506 seconds, Stopping threads took: 0,0000277 seconds
2017-03-02T23:20:19.977+0100: 0,340: Total time for which application threads were stopped: 0,0000967 seconds, Stopping threads took: 0,0000115 seconds
2017-03-02T23:20:20.384+0100: 0,746: Total time for which application threads were stopped: 0,0010918 seconds, Stopping threads took: 0,0009527 seconds
2017-03-02T23:20:20.646+0100: 1,009: Total time for which application threads were stopped: 0,0001260 seconds, Stopping threads took: 0,0000121 seconds
2017-03-02T23:20:20.747+0100: 1,110: Total time for which application threads were stopped: 0,0001924 seconds, Stopping threads took: 0,0000265 seconds
2017-03-02T23:20:20.840+0100: 1,203: Total time for which application threads were stopped: 0,0001902 seconds, Stopping threads took: 0,0000196 seconds
2017-03-02T23:20:21.129+0100: 1,492: Total time for which application threads were stopped: 0,0006471 seconds, Stopping threads took: 0,0000170 seconds
2017-03-02T23:20:21.335+0100: 1,697: Total time for which application threads were stopped: 0,0002049 seconds, Stopping threads took: 0,0000180 seconds
2017-03-02T23:20:21.358+0100: 1,720: Total time for which application threads were stopped: 0,0001677 seconds, Stopping threads took: 0,0000232 seconds
2017-03-02T23:20:21.383+0100: 1,746: Total time for which application threads were stopped: 0,0002222 seconds, Stopping threads took: 0,0000199 seconds
2017-03-02T23:20:21.384+0100: 1,747: Total time for which application threads were stopped: 0,0001795 seconds, Stopping threads took: 0,0000182 seconds
2017-03-02T23:20:21.396+0100: 1,759: Total time for which application threads were stopped: 0,0002145 seconds, Stopping threads took: 0,0000256 seconds
2017-03-02T23:20:21.463+0100: 1,825: Total time for which application threads were stopped: 0,0002445 seconds, Stopping threads took: 0,0000242 seconds
2017-03-02T23:20:21.612+0100: 1,974: Total time for which application threads were stopped: 0,0004073 seconds, Stopping threads took: 0,0001845 seconds
{Heap before GC invocations=0 (full 0):
 par new generation   total 109248K, used 87424K [0x00000000e0000000, 0x00000000e8000000, 0x00000000e8000000)
  eden space 87424K, 100% used [0x00000000e0000000, 0x00000000e5560000, 0x00000000e5560000)
  from space 21824K,   0% used [0x00000000e5560000, 0x00000000e5560000, 0x00000000e6ab0000)
  to   space 21824K,   0% used [0x00000000e6ab0000, 0x00000000e6ab0000, 0x00000000e8000000)
 concurrent mark-sweep generation total 393216K, used 0K [0x00000000e8000000, 0x0000000100000000, 0x0000000100000000)
 Metaspace       used 18117K, capacity 18400K, committed 18688K, reserved 1064960K
  class space    used 2051K, capacity 2196K, committed 2304K, reserved 1048576K
2017-03-02T23:20:21.718+0100: 2,081: [GC (Allocation Failure) 2017-03-02T23:20:21.718+0100: 2,081: [ParNew
Desired survivor size 20112992 bytes, new threshold 8 (max 8)
- age   1:   12714640 bytes,   12714640 total
: 87424K->12541K(109248K), 0,0163974 secs] 87424K->12541K(502464K), 0,0164808 secs] [Times: user=0,05 sys=0,01, real=0,02 secs] 
Heap after GC invocations=1 (full 0):
 par new generation   total 109248K, used 12541K [0x00000000e0000000, 0x00000000e8000000, 0x00000000e8000000)
  eden space 87424K,   0% used [0x00000000e0000000, 0x00000000e0000000, 0x00000000e5560000)
  from space 21824K,  57% used [0x00000000e6ab0000, 0x00000000e76ef5e8, 0x00000000e8000000)
  to   space 21824K,   0% used [0x00000000e5560000, 0x00000000e5560000, 0x00000000e6ab0000)
 concurrent mark-sweep generation total 393216K, used 0K [0x00000000e8000000, 0x0000000100000000, 0x0000000100000000)
 Metaspace       used 18117K, capacity 18400K, committed 18688K, reserved 1064960K
  class space    used 2051K, capacity 2196K, committed 2304K, reserved 1048576K
}
2017-03-02T23:20:21.735+0100: 2,097: Total time for which application threads were stopped: 0,0176547 seconds, Stopping threads took: 0,0009216 seconds
2017-03-02T23:20:22.011+0100: 2,373: Total time for which application threads were stopped: 0,0003125 seconds, Stopping threads took: 0,0000252 seconds
2017-03-02T23:20:22.054+0100: 2,416: Total time for which application threads were stopped: 0,0013947 seconds, Stopping threads took: 0,0011433 seconds
{Heap before GC invocations=1 (full 0):
 par new generation   total 109248K, used 99965K [0x00000000e0000000, 0x00000000e8000000, 0x00000000e8000000)
  eden space 87424K, 100% used [0x00000000e0000000, 0x00000000e5560000, 0x00000000e5560000)
  from space 21824K,  57% used [0x00000000e6ab0000, 0x00000000e76ef5e8, 0x00000000e8000000)
  to   space 21824K,   0% used [0x00000000e5560000, 0x00000000e5560000, 0x00000000e6ab0000)
 concurrent mark-sweep generation total 393216K, used 0K [0x00000000e8000000, 0x0000000100000000, 0x0000000100000000)
 Metaspace       used 20014K, capacity 20370K, committed 20736K, reserved 1067008K
  class space    used 2298K, capacity 2473K, committed 2560K, reserved 1048576K
2017-03-02T23:20:22.055+0100: 2,417: [GC (Allocation Failure) 2017-03-02T23:20:22.055+0100: 2,417: [ParNew
Desired survivor size 20112992 bytes, new threshold 8 (max 8)
- age   1:    3377368 bytes,    3377368 total
- age   2:    6678336 bytes,   10055704 total
: 99965K->11812K(109248K), 0,0107737 secs] 99965K->11812K(502464K), 0,0108542 secs] [Times: user=0,04 sys=0,00, real=0,01 secs] 
Heap after GC invocations=2 (full 0):
 par new generation   total 109248K, used 11812K [0x00000000e0000000, 0x00000000e8000000, 0x00000000e8000000)
  eden space 87424K,   0% used [0x00000000e0000000, 0x00000000e0000000, 0x00000000e5560000)
  from space 21824K,  54% used [0x00000000e5560000, 0x00000000e60e9020, 0x00000000e6ab0000)
  to   space 21824K,   0% used [0x00000000e6ab0000, 0x00000000e6ab0000, 0x00000000e8000000)
 concurrent mark-sweep generation total 393216K, used 0K [0x00000000e8000000, 0x0000000100000000, 0x0000000100000000)
 Metaspace       used 20014K, capacity 20370K, committed 20736K, reserved 1067008K
  class space    used 2298K, capacity 2473K, committed 2560K, reserved 1048576K
}
2017-03-02T23:20:22.066+0100: 2,428: Total time for which application threads were stopped: 0,0110532 seconds, Stopping threads took: 0,0000677 seconds
2017-03-02T23:20:22.121+0100: 2,483: Total time for which application threads were stopped: 0,0004920 seconds, Stopping threads took: 0,0001977 seconds
2017-03-02T23:20:22.252+0100: 2,615: Total time for which application threads were stopped: 0,0003160 seconds, Stopping threads took: 0,0001886 seconds
{Heap before GC invocations=2 (full 0):
 par new generation   total 109248K, used 99236K [0x00000000e0000000, 0x00000000e8000000, 0x00000000e8000000)
  eden space 87424K, 100% used [0x00000000e0000000, 0x00000000e5560000, 0x00000000e5560000)
  from space 21824K,  54% used [0x00000000e5560000, 0x00000000e60e9020, 0x00000000e6ab0000)
  to   space 21824K,   0% used [0x00000000e6ab0000, 0x00000000e6ab0000, 0x00000000e8000000)
 concurrent mark-sweep generation total 393216K, used 0K [0x00000000e8000000, 0x0000000100000000, 0x0000000100000000)
 Metaspace       used 20943K, capacity 21292K, committed 21552K, reserved 1069056K
  class space    used 2420K, capacity 2592K, committed 2608K, reserved 1048576K
2017-03-02T23:20:22.270+0100: 2,633: [GC (Allocation Failure) 2017-03-02T23:20:22.270+0100: 2,633: [ParNew
Desired survivor size 20112992 bytes, new threshold 8 (max 8)
- age   1:    2117016 bytes,    2117016 total
- age   2:     821240 bytes,    2938256 total
- age   3:    6674192 bytes,    9612448 total
: 99236K->16333K(109248K), 0,0183090 secs] 99236K->16333K(502464K), 0,0183892 secs] [Times: user=0,07 sys=0,00, real=0,01 secs] 
Heap after GC invocations=3 (full 0):
 par new generation   total 109248K, used 16333K [0x00000000e0000000, 0x00000000e8000000, 0x00000000e8000000)
  eden space 87424K,   0% used [0x00000000e0000000, 0x00000000e0000000, 0x00000000e5560000)
  from space 21824K,  74% used [0x00000000e6ab0000, 0x00000000e7aa36b8, 0x00000000e8000000)
  to   space 21824K,   0% used [0x00000000e5560000, 0x00000000e5560000, 0x00000000e6ab0000)
 concurrent mark-sweep generation total 393216K, used 0K [0x00000000e8000000, 0x0000000100000000, 0x0000000100000000)
 Metaspace       used 20943K, capacity 21292K, committed 21552K, reserved 1069056K
  class space    used 2420K, capacity 2592K, committed 2608K, reserved 1048576K
}
2017-03-02T23:20:22.289+0100: 2,651: Total time for which application threads were stopped: 0,0185916 seconds, Stopping threads took: 0,0000581 seconds
2017-03-02T23:20:22.292+0100: 2,654: [GC (CMS Initial Mark) [1 CMS-initial-mark: 0K(393216K)] 20021K(502464K), 0,0063295 secs] [Times: user=0,02 sys=0,00, real=0,00 secs] 
2017-03-02T23:20:22.298+0100: 2,661: Total time for which application threads were stopped: 0,0064959 seconds, Stopping threads took: 0,0000522 seconds
2017-03-02T23:20:22.298+0100: 2,661: [CMS-concurrent-mark-start]
2017-03-02T23:20:22.310+0100: 2,673: [CMS-concurrent-mark: 0,012/0,012 secs] [Times: user=0,04 sys=0,00, real=0,02 secs] 
2017-03-02T23:20:22.310+0100: 2,673: [CMS-concurrent-preclean-start]
2017-03-02T23:20:22.311+0100: 2,674: [CMS-concurrent-preclean: 0,001/0,001 secs] [Times: user=0,00 sys=0,00, real=0,00 secs] 
2017-03-02T23:20:22.311+0100: 2,674: [CMS-concurrent-abortable-preclean-start]
{Heap before GC invocations=3 (full 1):
 par new generation   total 109248K, used 103757K [0x00000000e0000000, 0x00000000e8000000, 0x00000000e8000000)
  eden space 87424K, 100% used [0x00000000e0000000, 0x00000000e5560000, 0x00000000e5560000)
  from space 21824K,  74% used [0x00000000e6ab0000, 0x00000000e7aa36b8, 0x00000000e8000000)
  to   space 21824K,   0% used [0x00000000e5560000, 0x00000000e5560000, 0x00000000e6ab0000)
 concurrent mark-sweep generation total 393216K, used 0K [0x00000000e8000000, 0x0000000100000000, 0x0000000100000000)
 Metaspace       used 21237K, capacity 21574K, committed 21628K, reserved 1069056K
  class space    used 2451K, capacity 2608K, committed 2608K, reserved 1048576K
2017-03-02T23:20:22.410+0100: 2,773: [GC (Allocation Failure) 2017-03-02T23:20:22.410+0100: 2,773: [ParNew
Desired survivor size 20112992 bytes, new threshold 8 (max 8)
- age   1:     727160 bytes,     727160 total
- age   2:    1474488 bytes,    2201648 total
- age   3:     787960 bytes,    2989608 total
- age   4:    6674688 bytes,    9664296 total
: 103757K->11700K(109248K), 0,0090036 secs] 103757K->11700K(502464K), 0,0090624 secs] [Times: user=0,03 sys=0,00, real=0,00 secs] 
Heap after GC invocations=4 (full 1):
 par new generation   total 109248K, used 11700K [0x00000000e0000000, 0x00000000e8000000, 0x00000000e8000000)
  eden space 87424K,   0% used [0x00000000e0000000, 0x00000000e0000000, 0x00000000e5560000)
  from space 21824K,  53% used [0x00000000e5560000, 0x00000000e60cd190, 0x00000000e6ab0000)
  to   space 21824K,   0% used [0x00000000e6ab0000, 0x00000000e6ab0000, 0x00000000e8000000)
 concurrent mark-sweep generation total 393216K, used 0K [0x00000000e8000000, 0x0000000100000000, 0x0000000100000000)
 Metaspace       used 21237K, capacity 21574K, committed 21628K, reserved 1069056K
  class space    used 2451K, capacity 2608K, committed 2608K, reserved 1048576K
}
2017-03-02T23:20:22.419+0100: 2,782: Total time for which application threads were stopped: 0,0132941 seconds, Stopping threads took: 0,0041142 seconds
2017-03-02T23:20:22.442+0100: 2,805: Total time for which application threads were stopped: 0,0039321 seconds, Stopping threads took: 0,0038521 seconds
{Heap before GC invocations=4 (full 1):
 par new generation   total 109248K, used 99124K [0x00000000e0000000, 0x00000000e8000000, 0x00000000e8000000)
  eden space 87424K, 100% used [0x00000000e0000000, 0x00000000e5560000, 0x00000000e5560000)
  from space 21824K,  53% used [0x00000000e5560000, 0x00000000e60cd190, 0x00000000e6ab0000)
  to   space 21824K,   0% used [0x00000000e6ab0000, 0x00000000e6ab0000, 0x00000000e8000000)
 concurrent mark-sweep generation total 393216K, used 0K [0x00000000e8000000, 0x0000000100000000, 0x0000000100000000)
 Metaspace       used 21387K, capacity 21810K, committed 21960K, reserved 1069056K
  class space    used 2470K, capacity 2642K, committed 2736K, reserved 1048576K
2017-03-02T23:20:22.523+0100: 2,885: [GC (Allocation Failure) 2017-03-02T23:20:22.523+0100: 2,885: [ParNew
Desired survivor size 20112992 bytes, new threshold 8 (max 8)
- age   1:     474928 bytes,     474928 total
- age   2:     181520 bytes,     656448 total
- age   3:    1468952 bytes,    2125400 total
- age   4:     785912 bytes,    2911312 total
- age   5:    6674624 bytes,    9585936 total
: 99124K->16496K(109248K), 0,0100360 secs] 99124K->16496K(502464K), 0,0101087 secs] [Times: user=0,03 sys=0,00, real=0,01 secs] 
Heap after GC invocations=5 (full 1):
 par new generation   total 109248K, used 16496K [0x00000000e0000000, 0x00000000e8000000, 0x00000000e8000000)
  eden space 87424K,   0% used [0x00000000e0000000, 0x00000000e0000000, 0x00000000e5560000)
  from space 21824K,  75% used [0x00000000e6ab0000, 0x00000000e7acc040, 0x00000000e8000000)
  to   space 21824K,   0% used [0x00000000e5560000, 0x00000000e5560000, 0x00000000e6ab0000)
 concurrent mark-sweep generation total 393216K, used 0K [0x00000000e8000000, 0x0000000100000000, 0x0000000100000000)
 Metaspace       used 21387K, capacity 21810K, committed 21960K, reserved 1069056K
  class space    used 2470K, capacity 2642K, committed 2736K, reserved 1048576K
}
2017-03-02T23:20:22.533+0100: 2,896: Total time for which application threads were stopped: 0,0103342 seconds, Stopping threads took: 0,0000870 seconds
2017-03-02T23:20:22.546+0100: 2,909: Total time for which application threads were stopped: 0,0003134 seconds, Stopping threads took: 0,0002153 seconds
2017-03-02T23:20:22.546+0100: 2,909: [CMS-concurrent-abortable-preclean: 0,182/0,235 secs] [Times: user=0,87 sys=0,01, real=0,23 secs] 
2017-03-02T23:20:22.548+0100: 2,911: [GC (CMS Final Remark) [YG occupancy: 27657 K (109248 K)]{Heap before GC invocations=5 (full 1):
 par new generation   total 109248K, used 27657K [0x00000000e0000000, 0x00000000e8000000, 0x00000000e8000000)
  eden space 87424K,  12% used [0x00000000e0000000, 0x00000000e0ae6468, 0x00000000e5560000)
  from space 21824K,  75% used [0x00000000e6ab0000, 0x00000000e7acc040, 0x00000000e8000000)
  to   space 21824K,   0% used [0x00000000e5560000, 0x00000000e5560000, 0x00000000e6ab0000)
 concurrent mark-sweep generation total 393216K, used 0K [0x00000000e8000000, 0x0000000100000000, 0x0000000100000000)
 Metaspace       used 21443K, capacity 21874K, committed 22216K, reserved 1069056K
  class space    used 2474K, capacity 2642K, committed 2736K, reserved 1048576K
2017-03-02T23:20:22.548+0100: 2,911: [GC (CMS Final Remark) 2017-03-02T23:20:22.548+0100: 2,911: [ParNew
Desired survivor size 20112992 bytes, new threshold 8 (max 8)
- age   1:     629120 bytes,     629120 total
- age   2:     115224 bytes,     744344 total
- age   3:     180656 bytes,     925000 total
- age   4:    1468016 bytes,    2393016 total
- age   5:     785912 bytes,    3178928 total
- age   6:    6674248 bytes,    9853176 total
: 27657K->12106K(109248K), 0,0103615 secs] 27657K->12106K(502464K), 0,0104229 secs] [Times: user=0,03 sys=0,00, real=0,01 secs] 
Heap after GC invocations=6 (full 1):
 par new generation   total 109248K, used 12106K [0x00000000e0000000, 0x00000000e8000000, 0x00000000e8000000)
  eden space 87424K,   0% used [0x00000000e0000000, 0x00000000e0000000, 0x00000000e5560000)
  from space 21824K,  55% used [0x00000000e5560000, 0x00000000e6132868, 0x00000000e6ab0000)
  to   space 21824K,   0% used [0x00000000e6ab0000, 0x00000000e6ab0000, 0x00000000e8000000)
 concurrent mark-sweep generation total 393216K, used 0K [0x00000000e8000000, 0x0000000100000000, 0x0000000100000000)
 Metaspace       used 21443K, capacity 21874K, committed 22216K, reserved 1069056K
  class space    used 2474K, capacity 2642K, committed 2736K, reserved 1048576K
}
2017-03-02T23:20:22.559+0100: 2,921: [Rescan (parallel) , 0,0036851 secs]2017-03-02T23:20:22.563+0100: 2,925: [weak refs processing, 0,0007398 secs]2017-03-02T23:20:22.563+0100: 2,926: [class unloading, 0,0028880 secs]2017-03-02T23:20:22.566+0100: 2,929: [scrub symbol table, 0,0025556 secs]2017-03-02T23:20:22.569+0100: 2,931: [scrub string table, 0,0004026 secs][1 CMS-remark: 0K(393216K)] 12106K(502464K), 0,0213545 secs] [Times: user=0,06 sys=0,00, real=0,02 secs] 
2017-03-02T23:20:22.570+0100: 2,932: Total time for which application threads were stopped: 0,0214906 seconds, Stopping threads took: 0,0000558 seconds
2017-03-02T23:20:22.570+0100: 2,932: [CMS-concurrent-sweep-start]
2017-03-02T23:20:22.570+0100: 2,932: [CMS-concurrent-sweep: 0,000/0,000 secs] [Times: user=0,00 sys=0,00, real=0,00 secs] 
2017-03-02T23:20:22.570+0100: 2,932: [CMS-concurrent-reset-start]
2017-03-02T23:20:22.572+0100: 2,934: [CMS-concurrent-reset: 0,002/0,002 secs] [Times: user=0,00 sys=0,00, real=0,01 secs] 
2017-03-02T23:20:22.593+0100: 2,956: Total time for which application threads were stopped: 0,0002939 seconds, Stopping threads took: 0,0000171 seconds
2017-03-02T23:20:22.776+0100: 3,138: Total time for which application threads were stopped: 0,0004499 seconds, Stopping threads took: 0,0000571 seconds
2017-03-02T23:20:22.790+0100: 3,152: Total time for which application threads were stopped: 0,0003921 seconds, Stopping threads took: 0,0000351 seconds
{Heap before GC invocations=6 (full 1):
 par new generation   total 109248K, used 99530K [0x00000000e0000000, 0x00000000e8000000, 0x00000000e8000000)
  eden space 87424K, 100% used [0x00000000e0000000, 0x00000000e5560000, 0x00000000e5560000)
  from space 21824K,  55% used [0x00000000e5560000, 0x00000000e6132868, 0x00000000e6ab0000)
  to   space 21824K,   0% used [0x00000000e6ab0000, 0x00000000e6ab0000, 0x00000000e8000000)
 concurrent mark-sweep generation total 393216K, used 0K [0x00000000e8000000, 0x0000000100000000, 0x0000000100000000)
 Metaspace       used 24366K, capacity 24820K, committed 25136K, reserved 1071104K
  class space    used 2864K, capacity 3049K, committed 3120K, reserved 1048576K
2017-03-02T23:20:22.995+0100: 3,358: [GC (Allocation Failure) 2017-03-02T23:20:22.995+0100: 3,358: [ParNew
Desired survivor size 20112992 bytes, new threshold 8 (max 8)
- age   1:    5182416 bytes,    5182416 total
- age   2:      58656 bytes,    5241072 total
- age   3:     115096 bytes,    5356168 total
- age   4:     180112 bytes,    5536280 total
- age   5:     296840 bytes,    5833120 total
- age   6:     761648 bytes,    6594768 total
- age   7:    6665840 bytes,   13260608 total
: 99530K->16634K(109248K), 0,0172950 secs] 99530K->16634K(502464K), 0,0173753 secs] [Times: user=0,06 sys=0,00, real=0,02 secs] 
Heap after GC invocations=7 (full 1):
 par new generation   total 109248K, used 16634K [0x00000000e0000000, 0x00000000e8000000, 0x00000000e8000000)
  eden space 87424K,   0% used [0x00000000e0000000, 0x00000000e0000000, 0x00000000e5560000)
  from space 21824K,  76% used [0x00000000e6ab0000, 0x00000000e7aee9c0, 0x00000000e8000000)
  to   space 21824K,   0% used [0x00000000e5560000, 0x00000000e5560000, 0x00000000e6ab0000)
 concurrent mark-sweep generation total 393216K, used 0K [0x00000000e8000000, 0x0000000100000000, 0x0000000100000000)
 Metaspace       used 24366K, capacity 24820K, committed 25136K, reserved 1071104K
  class space    used 2864K, capacity 3049K, committed 3120K, reserved 1048576K
}
2017-03-02T23:20:23.013+0100: 3,375: Total time for which application threads were stopped: 0,0189083 seconds, Stopping threads took: 0,0013385 seconds
{Heap before GC invocations=7 (full 1):
 par new generation   total 109248K, used 104058K [0x00000000e0000000, 0x00000000e8000000, 0x00000000e8000000)
  eden space 87424K, 100% used [0x00000000e0000000, 0x00000000e5560000, 0x00000000e5560000)
  from space 21824K,  76% used [0x00000000e6ab0000, 0x00000000e7aee9c0, 0x00000000e8000000)
  to   space 21824K,   0% used [0x00000000e5560000, 0x00000000e5560000, 0x00000000e6ab0000)
 concurrent mark-sweep generation total 393216K, used 0K [0x00000000e8000000, 0x0000000100000000, 0x0000000100000000)
 Metaspace       used 25002K, capacity 25450K, committed 25648K, reserved 1071104K
  class space    used 2914K, capacity 3085K, committed 3120K, reserved 1048576K
2017-03-02T23:20:23.168+0100: 3,530: [GC (Allocation Failure) 2017-03-02T23:20:23.168+0100: 3,530: [ParNew
Desired survivor size 20112992 bytes, new threshold 8 (max 8)
- age   1:    1260536 bytes,    1260536 total
- age   2:    1387648 bytes,    2648184 total
- age   3:      22776 bytes,    2670960 total
- age   4:      61528 bytes,    2732488 total
- age   5:      98304 bytes,    2830792 total
- age   6:     205112 bytes,    3035904 total
- age   7:     709720 bytes,    3745624 total
- age   8:    6132992 bytes,    9878616 total
: 104058K->14739K(109248K), 0,0105259 secs] 104058K->14739K(502464K), 0,0106132 secs] [Times: user=0,04 sys=0,00, real=0,01 secs] 
Heap after GC invocations=8 (full 1):
 par new generation   total 109248K, used 14739K [0x00000000e0000000, 0x00000000e8000000, 0x00000000e8000000)
  eden space 87424K,   0% used [0x00000000e0000000, 0x00000000e0000000, 0x00000000e5560000)
  from space 21824K,  67% used [0x00000000e5560000, 0x00000000e63c4d80, 0x00000000e6ab0000)
  to   space 21824K,   0% used [0x00000000e6ab0000, 0x00000000e6ab0000, 0x00000000e8000000)
 concurrent mark-sweep generation total 393216K, used 0K [0x00000000e8000000, 0x0000000100000000, 0x0000000100000000)
 Metaspace       used 25002K, capacity 25450K, committed 25648K, reserved 1071104K
  class space    used 2914K, capacity 3085K, committed 3120K, reserved 1048576K
}
2017-03-02T23:20:23.179+0100: 3,541: Total time for which application threads were stopped: 0,0108703 seconds, Stopping threads took: 0,0000483 seconds
2017-03-02T23:20:23.343+0100: 3,705: Total time for which application threads were stopped: 0,0011702 seconds, Stopping threads took: 0,0007332 seconds
2017-03-02T23:20:23.356+0100: 3,719: Total time for which application threads were stopped: 0,0003788 seconds, Stopping threads took: 0,0000195 seconds
2017-03-02T23:20:23.413+0100: 3,775: Total time for which application threads were stopped: 0,0004104 seconds, Stopping threads took: 0,0000305 seconds
2017-03-02T23:20:23.506+0100: 3,869: Total time for which application threads were stopped: 0,0006826 seconds, Stopping threads took: 0,0000716 seconds
2017-03-02T23:20:23.694+0100: 4,056: Total time for which application threads were stopped: 0,0003349 seconds, Stopping threads took: 0,0000163 seconds
2017-03-02T23:20:50.931+0100: 32,059: Total time for which application threads were stopped: 0,0000778 seconds, Stopping threads took: 0,0000176 seconds
2017-03-02T23:21:50.937+0100: 92,065: Total time for which application threads were stopped: 0,0000719 seconds, Stopping threads took: 0,0000204 seconds
2017-03-02T23:22:25.940+0100: 127,068: Total time for which application threads were stopped: 0,0000777 seconds, Stopping threads took: 0,0000272 seconds
2017-03-02T23:23:19.945+0100: 181,073: Total time for which application threads were stopped: 0,0000803 seconds, Stopping threads took: 0,0000320 seconds
2017-03-02T23:23:24.946+0100: 186,073: Total time for which application threads were stopped: 0,0001079 seconds, Stopping threads took: 0,0000405 seconds
2017-03-02T23:24:39.952+0100: 261,080: Total time for which application threads were stopped: 0,0004037 seconds, Stopping threads took: 0,0001933 seconds
2017-03-02T23:24:45.953+0100: 267,081: Total time for which application threads were stopped: 0,0001483 seconds, Stopping threads took: 0,0000286 seconds
2017-03-02T23:24:50.953+0100: 272,081: Total time for which application threads were stopped: 0,0000887 seconds, Stopping threads took: 0,0000197 seconds
2017-03-02T23:24:55.954+0100: 277,082: Total time for which application threads were stopped: 0,0004268 seconds, Stopping threads took: 0,0000816 seconds
2017-03-02T23:25:24.957+0100: 306,085: Total time for which application threads were stopped: 0,0001220 seconds, Stopping threads took: 0,0000323 seconds
2017-03-02T23:25:40.958+0100: 322,086: Total time for which application threads were stopped: 0,0001265 seconds, Stopping threads took: 0,0000421 seconds
2017-03-02T23:26:20.962+0100: 362,090: Total time for which application threads were stopped: 0,0001060 seconds, Stopping threads took: 0,0000374 seconds
2017-03-02T23:26:29.963+0100: 371,090: Total time for which application threads were stopped: 0,0000738 seconds, Stopping threads took: 0,0000159 seconds
2017-03-02T23:43:50.057+0100: 1411,185: Total time for which application threads were stopped: 0,0000905 seconds, Stopping threads took: 0,0000279 seconds
2017-03-02T23:48:30.082+0100: 1691,210: Total time for which application threads were stopped: 0,0000890 seconds, Stopping threads took: 0,0000334 seconds
2017-03-02T23:58:41.141+0100: 2302,269: Total time for which application threads were stopped: 0,0000871 seconds, Stopping threads took: 0,0000312 seconds
2017-03-02T23:58:45.142+0100: 2306,269: Total time for which application threads were stopped: 0,0003555 seconds, Stopping threads took: 0,0000709 seconds
2017-03-03T00:13:36.224+0100: 3197,352: Total time for which application threads were stopped: 0,0003455 seconds, Stopping threads took: 0,0000869 seconds
2017-03-03T00:16:51.241+0100: 3392,369: Total time for which application threads were stopped: 0,0001106 seconds, Stopping threads took: 0,0000305 seconds
2017-03-03T00:24:40.284+0100: 3861,412: Total time for which application threads were stopped: 0,0004532 seconds, Stopping threads took: 0,0001909 seconds
2017-03-03T00:46:16.397+0100: 5157,525: Total time for which application threads were stopped: 0,0001110 seconds, Stopping threads took: 0,0000422 seconds
2017-03-03T00:46:21.398+0100: 5162,526: Total time for which application threads were stopped: 0,0000730 seconds, Stopping threads took: 0,0000168 seconds
2017-03-03T01:04:51.527+0100: 6272,655: Total time for which application threads were stopped: 0,0004456 seconds, Stopping threads took: 0,0001710 seconds
2017-03-03T01:22:50.655+0100: 7351,783: Total time for which application threads were stopped: 0,0000852 seconds, Stopping threads took: 0,0000301 seconds
2017-03-03T01:28:20.693+0100: 7681,821: Total time for which application threads were stopped: 0,0004895 seconds, Stopping threads took: 0,0000919 seconds
2017-03-03T01:43:27.366+0100: 8588,494: Total time for which application threads were stopped: 0,0001125 seconds, Stopping threads took: 0,0000293 seconds
2017-03-03T01:43:27.367+0100: 8588,494: Total time for which application threads were stopped: 0,0000710 seconds, Stopping threads took: 0,0000115 seconds
2017-03-03T01:43:27.369+0100: 8588,496: Total time for which application threads were stopped: 0,0001137 seconds, Stopping threads took: 0,0000449 seconds
2017-03-03T01:43:27.376+0100: 8588,504: Total time for which application threads were stopped: 0,0001271 seconds, Stopping threads took: 0,0000190 seconds
2017-03-03T01:43:27.377+0100: 8588,505: Total time for which application threads were stopped: 0,0001603 seconds, Stopping threads took: 0,0000156 seconds
Heap
 par new generation   total 109248K, used 73840K [0x00000000e0000000, 0x00000000e8000000, 0x00000000e8000000)
  eden space 87424K,  67% used [0x00000000e0000000, 0x00000000e39b7300, 0x00000000e5560000)
  from space 21824K,  67% used [0x00000000e5560000, 0x00000000e63c4d80, 0x00000000e6ab0000)
  to   space 21824K,   0% used [0x00000000e6ab0000, 0x00000000e6ab0000, 0x00000000e8000000)
 concurrent mark-sweep generation total 393216K, used 0K [0x00000000e8000000, 0x0000000100000000, 0x0000000100000000)
 Metaspace       used 28070K, capacity 28592K, committed 28848K, reserved 1075200K
  class space    used 3227K, capacity 3424K, committed 3504K, reserved 1048576K
