OpenJDK 64-Bit Server VM (25.131-b11) for linux-amd64 JRE (1.8.0_131-8u131-b11-0ubuntu1.16.04.2-b11), built on May  6 2017 02:45:27 by "buildd" with gcc 5.4.0 20160609
Memory: 4k page, physical 7867740k(7406424k free), swap 8076284k(8076284k free)
CommandLine flags: -XX:CMSInitiatingOccupancyFraction=50 -XX:CMSMaxAbortablePrecleanTime=6000 -XX:+CMSParallelRemarkEnabled -XX:+CMSScavengeBeforeRemark -XX:ConcGCThreads=4 -XX:InitialHeapSize=536870912 -XX:MaxHeapSize=536870912 -XX:MaxTenuringThreshold=8 -XX:NewRatio=3 -XX:OldPLABSize=16 -XX:OnOutOfMemoryError=/opt/solr/bin/oom_solr.sh 8983 /var/solr/logs -XX:ParallelGCThreads=4 -XX:+ParallelRefProcEnabled -XX:PretenureSizeThreshold=67108864 -XX:+PrintGC -XX:+PrintGCApplicationStoppedTime -XX:+PrintGCDateStamps -XX:+PrintGCDetails -XX:+PrintGCTimeStamps -XX:+PrintHeapAtGC -XX:+PrintTenuringDistribution -XX:SurvivorRatio=4 -XX:TargetSurvivorRatio=90 -XX:ThreadStackSize=256 -XX:+UseCMSInitiatingOccupancyOnly -XX:+UseCompressedClassPointers -XX:+UseCompressedOops -XX:+UseConcMarkSweepGC -XX:+UseParNewGC 
2017-07-08T10:28:10.969+0200: 0,218: Total time for which application threads were stopped: 0,0000829 seconds, Stopping threads took: 0,0000101 seconds
2017-07-08T10:28:11.107+0200: 0,357: Total time for which application threads were stopped: 0,0001070 seconds, Stopping threads took: 0,0000159 seconds
2017-07-08T10:28:11.131+0200: 0,380: Total time for which application threads were stopped: 0,0001137 seconds, Stopping threads took: 0,0000144 seconds
2017-07-08T10:28:11.538+0200: 0,788: Total time for which application threads were stopped: 0,0001520 seconds, Stopping threads took: 0,0000126 seconds
2017-07-08T10:28:12.070+0200: 1,319: Total time for which application threads were stopped: 0,0001724 seconds, Stopping threads took: 0,0000158 seconds
2017-07-08T10:28:12.218+0200: 1,468: Total time for which application threads were stopped: 0,0001685 seconds, Stopping threads took: 0,0000151 seconds
2017-07-08T10:28:12.272+0200: 1,521: Total time for which application threads were stopped: 0,0007368 seconds, Stopping threads took: 0,0001072 seconds
2017-07-08T10:28:12.900+0200: 2,150: Total time for which application threads were stopped: 0,0005111 seconds, Stopping threads took: 0,0000706 seconds
2017-07-08T10:28:13.183+0200: 2,433: Total time for which application threads were stopped: 0,0002078 seconds, Stopping threads took: 0,0000124 seconds
2017-07-08T10:28:13.208+0200: 2,458: Total time for which application threads were stopped: 0,0002033 seconds, Stopping threads took: 0,0000308 seconds
2017-07-08T10:28:13.252+0200: 2,502: Total time for which application threads were stopped: 0,0002008 seconds, Stopping threads took: 0,0000203 seconds
2017-07-08T10:28:13.253+0200: 2,503: Total time for which application threads were stopped: 0,0001301 seconds, Stopping threads took: 0,0000113 seconds
2017-07-08T10:28:13.287+0200: 2,536: Total time for which application threads were stopped: 0,0001818 seconds, Stopping threads took: 0,0000132 seconds
2017-07-08T10:28:13.431+0200: 2,680: Total time for which application threads were stopped: 0,0002683 seconds, Stopping threads took: 0,0000217 seconds
2017-07-08T10:28:13.849+0200: 3,099: Total time for which application threads were stopped: 0,0002791 seconds, Stopping threads took: 0,0000323 seconds
{Heap before GC invocations=0 (full 0):
 par new generation   total 109248K, used 87424K [0x00000000e0000000, 0x00000000e8000000, 0x00000000e8000000)
  eden space 87424K, 100% used [0x00000000e0000000, 0x00000000e5560000, 0x00000000e5560000)
  from space 21824K,   0% used [0x00000000e5560000, 0x00000000e5560000, 0x00000000e6ab0000)
  to   space 21824K,   0% used [0x00000000e6ab0000, 0x00000000e6ab0000, 0x00000000e8000000)
 concurrent mark-sweep generation total 393216K, used 0K [0x00000000e8000000, 0x0000000100000000, 0x0000000100000000)
 Metaspace       used 18007K, capacity 18336K, committed 18688K, reserved 1064960K
  class space    used 2035K, capacity 2196K, committed 2304K, reserved 1048576K
2017-07-08T10:28:13.958+0200: 3,207: [GC (Allocation Failure) 2017-07-08T10:28:13.958+0200: 3,207: [ParNew
Desired survivor size 20112992 bytes, new threshold 8 (max 8)
- age   1:   12403520 bytes,   12403520 total
: 87424K->12223K(109248K), 0,0217859 secs] 87424K->12223K(502464K), 0,0218845 secs] [Times: user=0,04 sys=0,00, real=0,02 secs] 
Heap after GC invocations=1 (full 0):
 par new generation   total 109248K, used 12223K [0x00000000e0000000, 0x00000000e8000000, 0x00000000e8000000)
  eden space 87424K,   0% used [0x00000000e0000000, 0x00000000e0000000, 0x00000000e5560000)
  from space 21824K,  56% used [0x00000000e6ab0000, 0x00000000e769fe30, 0x00000000e8000000)
  to   space 21824K,   0% used [0x00000000e5560000, 0x00000000e5560000, 0x00000000e6ab0000)
 concurrent mark-sweep generation total 393216K, used 0K [0x00000000e8000000, 0x0000000100000000, 0x0000000100000000)
 Metaspace       used 18007K, capacity 18336K, committed 18688K, reserved 1064960K
  class space    used 2035K, capacity 2196K, committed 2304K, reserved 1048576K
}
2017-07-08T10:28:13.980+0200: 3,229: Total time for which application threads were stopped: 0,0242637 seconds, Stopping threads took: 0,0021422 seconds
2017-07-08T10:28:14.403+0200: 3,653: Total time for which application threads were stopped: 0,0003801 seconds, Stopping threads took: 0,0000447 seconds
{Heap before GC invocations=1 (full 0):
 par new generation   total 109248K, used 99647K [0x00000000e0000000, 0x00000000e8000000, 0x00000000e8000000)
  eden space 87424K, 100% used [0x00000000e0000000, 0x00000000e5560000, 0x00000000e5560000)
  from space 21824K,  56% used [0x00000000e6ab0000, 0x00000000e769fe30, 0x00000000e8000000)
  to   space 21824K,   0% used [0x00000000e5560000, 0x00000000e5560000, 0x00000000e6ab0000)
 concurrent mark-sweep generation total 393216K, used 0K [0x00000000e8000000, 0x0000000100000000, 0x0000000100000000)
 Metaspace       used 20052K, capacity 20410K, committed 20736K, reserved 1067008K
  class space    used 2291K, capacity 2463K, committed 2560K, reserved 1048576K
2017-07-08T10:28:14.458+0200: 3,708: [GC (Allocation Failure) 2017-07-08T10:28:14.458+0200: 3,708: [ParNew
Desired survivor size 20112992 bytes, new threshold 8 (max 8)
- age   1:    3733192 bytes,    3733192 total
- age   2:    6644296 bytes,   10377488 total
: 99647K->15570K(109248K), 0,0205441 secs] 99647K->15570K(502464K), 0,0206167 secs] [Times: user=0,04 sys=0,01, real=0,02 secs] 
Heap after GC invocations=2 (full 0):
 par new generation   total 109248K, used 15570K [0x00000000e0000000, 0x00000000e8000000, 0x00000000e8000000)
  eden space 87424K,   0% used [0x00000000e0000000, 0x00000000e0000000, 0x00000000e5560000)
  from space 21824K,  71% used [0x00000000e5560000, 0x00000000e6494880, 0x00000000e6ab0000)
  to   space 21824K,   0% used [0x00000000e6ab0000, 0x00000000e6ab0000, 0x00000000e8000000)
 concurrent mark-sweep generation total 393216K, used 0K [0x00000000e8000000, 0x0000000100000000, 0x0000000100000000)
 Metaspace       used 20052K, capacity 20410K, committed 20736K, reserved 1067008K
  class space    used 2291K, capacity 2463K, committed 2560K, reserved 1048576K
}
2017-07-08T10:28:14.479+0200: 3,729: Total time for which application threads were stopped: 0,0208841 seconds, Stopping threads took: 0,0000805 seconds
2017-07-08T10:28:14.481+0200: 3,731: Total time for which application threads were stopped: 0,0003603 seconds, Stopping threads took: 0,0000438 seconds
2017-07-08T10:28:14.532+0200: 3,782: Total time for which application threads were stopped: 0,0016073 seconds, Stopping threads took: 0,0012599 seconds
2017-07-08T10:28:14.742+0200: 3,991: Total time for which application threads were stopped: 0,0002119 seconds, Stopping threads took: 0,0000257 seconds
{Heap before GC invocations=2 (full 0):
 par new generation   total 109248K, used 102994K [0x00000000e0000000, 0x00000000e8000000, 0x00000000e8000000)
  eden space 87424K, 100% used [0x00000000e0000000, 0x00000000e5560000, 0x00000000e5560000)
  from space 21824K,  71% used [0x00000000e5560000, 0x00000000e6494880, 0x00000000e6ab0000)
  to   space 21824K,   0% used [0x00000000e6ab0000, 0x00000000e6ab0000, 0x00000000e8000000)
 concurrent mark-sweep generation total 393216K, used 0K [0x00000000e8000000, 0x0000000100000000, 0x0000000100000000)
 Metaspace       used 20977K, capacity 21274K, committed 21628K, reserved 1069056K
  class space    used 2414K, capacity 2583K, committed 2684K, reserved 1048576K
2017-07-08T10:28:14.780+0200: 4,030: [GC (Allocation Failure) 2017-07-08T10:28:14.780+0200: 4,030: [ParNew
Desired survivor size 20112992 bytes, new threshold 8 (max 8)
- age   1:    2244032 bytes,    2244032 total
- age   2:     856400 bytes,    3100432 total
- age   3:    6640744 bytes,    9741176 total
: 102994K->11199K(109248K), 0,0298576 secs] 102994K->11199K(502464K), 0,0299539 secs] [Times: user=0,07 sys=0,01, real=0,03 secs] 
Heap after GC invocations=3 (full 0):
 par new generation   total 109248K, used 11199K [0x00000000e0000000, 0x00000000e8000000, 0x00000000e8000000)
  eden space 87424K,   0% used [0x00000000e0000000, 0x00000000e0000000, 0x00000000e5560000)
  from space 21824K,  51% used [0x00000000e6ab0000, 0x00000000e759fe20, 0x00000000e8000000)
  to   space 21824K,   0% used [0x00000000e5560000, 0x00000000e5560000, 0x00000000e6ab0000)
 concurrent mark-sweep generation total 393216K, used 0K [0x00000000e8000000, 0x0000000100000000, 0x0000000100000000)
 Metaspace       used 20977K, capacity 21274K, committed 21628K, reserved 1069056K
  class space    used 2414K, capacity 2583K, committed 2684K, reserved 1048576K
}
2017-07-08T10:28:14.810+0200: 4,060: Total time for which application threads were stopped: 0,0301898 seconds, Stopping threads took: 0,0000685 seconds
2017-07-08T10:28:14.811+0200: 4,060: [GC (CMS Initial Mark) [1 CMS-initial-mark: 0K(393216K)] 11215K(502464K), 0,0048042 secs] [Times: user=0,01 sys=0,00, real=0,01 secs] 
2017-07-08T10:28:14.815+0200: 4,065: Total time for which application threads were stopped: 0,0049518 seconds, Stopping threads took: 0,0000442 seconds
2017-07-08T10:28:14.815+0200: 4,065: [CMS-concurrent-mark-start]
2017-07-08T10:28:14.818+0200: 4,068: [CMS-concurrent-mark: 0,002/0,002 secs] [Times: user=0,01 sys=0,00, real=0,00 secs] 
2017-07-08T10:28:14.818+0200: 4,068: [CMS-concurrent-preclean-start]
2017-07-08T10:28:14.819+0200: 4,069: [CMS-concurrent-preclean: 0,001/0,001 secs] [Times: user=0,00 sys=0,00, real=0,00 secs] 
2017-07-08T10:28:14.820+0200: 4,069: [GC (CMS Final Remark) [YG occupancy: 12715 K (109248 K)]{Heap before GC invocations=3 (full 1):
 par new generation   total 109248K, used 12715K [0x00000000e0000000, 0x00000000e8000000, 0x00000000e8000000)
  eden space 87424K,   1% used [0x00000000e0000000, 0x00000000e017afe0, 0x00000000e5560000)
  from space 21824K,  51% used [0x00000000e6ab0000, 0x00000000e759fe20, 0x00000000e8000000)
  to   space 21824K,   0% used [0x00000000e5560000, 0x00000000e5560000, 0x00000000e6ab0000)
 concurrent mark-sweep generation total 393216K, used 0K [0x00000000e8000000, 0x0000000100000000, 0x0000000100000000)
 Metaspace       used 20977K, capacity 21274K, committed 21628K, reserved 1069056K
  class space    used 2414K, capacity 2583K, committed 2684K, reserved 1048576K
2017-07-08T10:28:14.820+0200: 4,069: [GC (CMS Final Remark) 2017-07-08T10:28:14.820+0200: 4,069: [ParNew
Desired survivor size 20112992 bytes, new threshold 8 (max 8)
- age   1:      18880 bytes,      18880 total
- age   2:    2074280 bytes,    2093160 total
- age   3:     856400 bytes,    2949560 total
- age   4:    6640744 bytes,    9590304 total
: 12715K->12381K(109248K), 0,0157329 secs] 12715K->12381K(502464K), 0,0157764 secs] [Times: user=0,04 sys=0,00, real=0,02 secs] 
Heap after GC invocations=4 (full 1):
 par new generation   total 109248K, used 12381K [0x00000000e0000000, 0x00000000e8000000, 0x00000000e8000000)
  eden space 87424K,   0% used [0x00000000e0000000, 0x00000000e0000000, 0x00000000e5560000)
  from space 21824K,  56% used [0x00000000e5560000, 0x00000000e61777c0, 0x00000000e6ab0000)
  to   space 21824K,   0% used [0x00000000e6ab0000, 0x00000000e6ab0000, 0x00000000e8000000)
 concurrent mark-sweep generation total 393216K, used 0K [0x00000000e8000000, 0x0000000100000000, 0x0000000100000000)
 Metaspace       used 20977K, capacity 21274K, committed 21628K, reserved 1069056K
  class space    used 2414K, capacity 2583K, committed 2684K, reserved 1048576K
}
2017-07-08T10:28:14.836+0200: 4,085: [Rescan (parallel) , 0,0042737 secs]2017-07-08T10:28:14.840+0200: 4,089: [weak refs processing, 0,0014306 secs]2017-07-08T10:28:14.841+0200: 4,091: [class unloading, 0,0028948 secs]2017-07-08T10:28:14.844+0200: 4,094: [scrub symbol table, 0,0030246 secs]2017-07-08T10:28:14.847+0200: 4,097: [scrub string table, 0,0003732 secs][1 CMS-remark: 0K(393216K)] 12381K(502464K), 0,0284185 secs] [Times: user=0,06 sys=0,00, real=0,03 secs] 
2017-07-08T10:28:14.848+0200: 4,098: Total time for which application threads were stopped: 0,0291268 seconds, Stopping threads took: 0,0004572 seconds
2017-07-08T10:28:14.848+0200: 4,098: [CMS-concurrent-sweep-start]
2017-07-08T10:28:14.848+0200: 4,098: [CMS-concurrent-sweep: 0,000/0,000 secs] [Times: user=0,00 sys=0,00, real=0,00 secs] 
2017-07-08T10:28:14.848+0200: 4,098: [CMS-concurrent-reset-start]
2017-07-08T10:28:14.850+0200: 4,100: [CMS-concurrent-reset: 0,002/0,002 secs] [Times: user=0,00 sys=0,00, real=0,00 secs] 
2017-07-08T10:28:14.857+0200: 4,107: Total time for which application threads were stopped: 0,0001573 seconds, Stopping threads took: 0,0000594 seconds
2017-07-08T10:28:14.857+0200: 4,107: Total time for which application threads were stopped: 0,0000816 seconds, Stopping threads took: 0,0000156 seconds
2017-07-08T10:28:14.858+0200: 4,108: Total time for which application threads were stopped: 0,0001130 seconds, Stopping threads took: 0,0000404 seconds
2017-07-08T10:28:14.858+0200: 4,108: Total time for which application threads were stopped: 0,0000878 seconds, Stopping threads took: 0,0000417 seconds
2017-07-08T10:28:14.858+0200: 4,108: Total time for which application threads were stopped: 0,0000652 seconds, Stopping threads took: 0,0000188 seconds
2017-07-08T10:28:14.858+0200: 4,108: Total time for which application threads were stopped: 0,0000668 seconds, Stopping threads took: 0,0000197 seconds
2017-07-08T10:28:14.859+0200: 4,108: Total time for which application threads were stopped: 0,0001232 seconds, Stopping threads took: 0,0000768 seconds
2017-07-08T10:28:14.859+0200: 4,109: Total time for which application threads were stopped: 0,0000402 seconds, Stopping threads took: 0,0000092 seconds
2017-07-08T10:28:14.859+0200: 4,109: Total time for which application threads were stopped: 0,0000806 seconds, Stopping threads took: 0,0000108 seconds
2017-07-08T10:28:14.861+0200: 4,111: Total time for which application threads were stopped: 0,0002510 seconds, Stopping threads took: 0,0001652 seconds
2017-07-08T10:28:14.861+0200: 4,111: Total time for which application threads were stopped: 0,0000844 seconds, Stopping threads took: 0,0000118 seconds
2017-07-08T10:28:14.866+0200: 4,116: Total time for which application threads were stopped: 0,0001421 seconds, Stopping threads took: 0,0000507 seconds
2017-07-08T10:28:14.866+0200: 4,116: Total time for which application threads were stopped: 0,0000971 seconds, Stopping threads took: 0,0000420 seconds
2017-07-08T10:28:14.866+0200: 4,116: Total time for which application threads were stopped: 0,0000573 seconds, Stopping threads took: 0,0000079 seconds
2017-07-08T10:28:14.867+0200: 4,116: Total time for which application threads were stopped: 0,0000923 seconds, Stopping threads took: 0,0000138 seconds
2017-07-08T10:28:14.867+0200: 4,117: Total time for which application threads were stopped: 0,0000888 seconds, Stopping threads took: 0,0000203 seconds
2017-07-08T10:28:14.868+0200: 4,118: Total time for which application threads were stopped: 0,0001746 seconds, Stopping threads took: 0,0000847 seconds
2017-07-08T10:28:14.869+0200: 4,118: Total time for which application threads were stopped: 0,0001293 seconds, Stopping threads took: 0,0000371 seconds
2017-07-08T10:28:14.870+0200: 4,120: Total time for which application threads were stopped: 0,0009462 seconds, Stopping threads took: 0,0008736 seconds
2017-07-08T10:28:14.874+0200: 4,123: Total time for which application threads were stopped: 0,0001288 seconds, Stopping threads took: 0,0000548 seconds
2017-07-08T10:28:14.874+0200: 4,123: Total time for which application threads were stopped: 0,0000708 seconds, Stopping threads took: 0,0000241 seconds
2017-07-08T10:28:14.874+0200: 4,124: Total time for which application threads were stopped: 0,0000779 seconds, Stopping threads took: 0,0000309 seconds
2017-07-08T10:28:14.875+0200: 4,125: Total time for which application threads were stopped: 0,0001591 seconds, Stopping threads took: 0,0000655 seconds
2017-07-08T10:28:14.893+0200: 4,142: Total time for which application threads were stopped: 0,0001762 seconds, Stopping threads took: 0,0000521 seconds
2017-07-08T10:28:14.893+0200: 4,143: Total time for which application threads were stopped: 0,0001618 seconds, Stopping threads took: 0,0000696 seconds
2017-07-08T10:28:14.907+0200: 4,157: Total time for which application threads were stopped: 0,0001023 seconds, Stopping threads took: 0,0000220 seconds
2017-07-08T10:28:14.942+0200: 4,191: Total time for which application threads were stopped: 0,0002038 seconds, Stopping threads took: 0,0000659 seconds
2017-07-08T10:28:14.943+0200: 4,192: Total time for which application threads were stopped: 0,0001210 seconds, Stopping threads took: 0,0000187 seconds
2017-07-08T10:28:14.943+0200: 4,193: Total time for which application threads were stopped: 0,0000969 seconds, Stopping threads took: 0,0000229 seconds
2017-07-08T10:28:14.943+0200: 4,193: Total time for which application threads were stopped: 0,0000720 seconds, Stopping threads took: 0,0000199 seconds
2017-07-08T10:28:14.949+0200: 4,199: Total time for which application threads were stopped: 0,0057300 seconds, Stopping threads took: 0,0055308 seconds
2017-07-08T10:28:14.951+0200: 4,200: Total time for which application threads were stopped: 0,0001562 seconds, Stopping threads took: 0,0000707 seconds
2017-07-08T10:28:14.959+0200: 4,208: Total time for which application threads were stopped: 0,0001480 seconds, Stopping threads took: 0,0000389 seconds
2017-07-08T10:28:14.959+0200: 4,209: Total time for which application threads were stopped: 0,0000889 seconds, Stopping threads took: 0,0000110 seconds
2017-07-08T10:28:14.964+0200: 4,214: Total time for which application threads were stopped: 0,0024106 seconds, Stopping threads took: 0,0022937 seconds
2017-07-08T10:28:14.964+0200: 4,214: Total time for which application threads were stopped: 0,0000863 seconds, Stopping threads took: 0,0000279 seconds
2017-07-08T10:28:14.964+0200: 4,214: Total time for which application threads were stopped: 0,0000505 seconds, Stopping threads took: 0,0000104 seconds
2017-07-08T10:28:14.964+0200: 4,214: Total time for which application threads were stopped: 0,0000384 seconds, Stopping threads took: 0,0000077 seconds
2017-07-08T10:28:14.964+0200: 4,214: Total time for which application threads were stopped: 0,0000343 seconds, Stopping threads took: 0,0000070 seconds
2017-07-08T10:28:14.965+0200: 4,215: Total time for which application threads were stopped: 0,0000778 seconds, Stopping threads took: 0,0000157 seconds
2017-07-08T10:28:14.965+0200: 4,215: Total time for which application threads were stopped: 0,0000431 seconds, Stopping threads took: 0,0000075 seconds
2017-07-08T10:28:14.965+0200: 4,215: Total time for which application threads were stopped: 0,0000392 seconds, Stopping threads took: 0,0000081 seconds
2017-07-08T10:28:14.965+0200: 4,215: Total time for which application threads were stopped: 0,0000402 seconds, Stopping threads took: 0,0000089 seconds
2017-07-08T10:28:14.965+0200: 4,215: Total time for which application threads were stopped: 0,0000373 seconds, Stopping threads took: 0,0000077 seconds
2017-07-08T10:28:14.966+0200: 4,215: Total time for which application threads were stopped: 0,0001479 seconds, Stopping threads took: 0,0000103 seconds
2017-07-08T10:28:14.966+0200: 4,215: Total time for which application threads were stopped: 0,0000359 seconds, Stopping threads took: 0,0000078 seconds
2017-07-08T10:28:14.966+0200: 4,215: Total time for which application threads were stopped: 0,0000384 seconds, Stopping threads took: 0,0000077 seconds
2017-07-08T10:28:14.966+0200: 4,215: Total time for which application threads were stopped: 0,0000349 seconds, Stopping threads took: 0,0000075 seconds
2017-07-08T10:28:14.966+0200: 4,216: Total time for which application threads were stopped: 0,0000399 seconds, Stopping threads took: 0,0000081 seconds
2017-07-08T10:28:14.966+0200: 4,216: Total time for which application threads were stopped: 0,0000353 seconds, Stopping threads took: 0,0000074 seconds
2017-07-08T10:28:14.966+0200: 4,216: Total time for which application threads were stopped: 0,0000342 seconds, Stopping threads took: 0,0000072 seconds
2017-07-08T10:28:14.966+0200: 4,216: Total time for which application threads were stopped: 0,0000595 seconds, Stopping threads took: 0,0000113 seconds
{Heap before GC invocations=4 (full 1):
 par new generation   total 109248K, used 99805K [0x00000000e0000000, 0x00000000e8000000, 0x00000000e8000000)
  eden space 87424K, 100% used [0x00000000e0000000, 0x00000000e5560000, 0x00000000e5560000)
  from space 21824K,  56% used [0x00000000e5560000, 0x00000000e61777c0, 0x00000000e6ab0000)
  to   space 21824K,   0% used [0x00000000e6ab0000, 0x00000000e6ab0000, 0x00000000e8000000)
 concurrent mark-sweep generation total 393216K, used 0K [0x00000000e8000000, 0x0000000100000000, 0x0000000100000000)
 Metaspace       used 21217K, capacity 21550K, committed 21884K, reserved 1069056K
  class space    used 2445K, capacity 2598K, committed 2684K, reserved 1048576K
2017-07-08T10:28:14.998+0200: 4,247: [GC (Allocation Failure) 2017-07-08T10:28:14.998+0200: 4,247: [ParNew
Desired survivor size 20112992 bytes, new threshold 8 (max 8)
- age   1:    1406432 bytes,    1406432 total
- age   2:        960 bytes,    1407392 total
- age   3:    1463432 bytes,    2870824 total
- age   4:     823024 bytes,    3693848 total
- age   5:    6640744 bytes,   10334592 total
: 99805K->12545K(109248K), 0,0273500 secs] 99805K->12545K(502464K), 0,0274023 secs] [Times: user=0,06 sys=0,00, real=0,03 secs] 
Heap after GC invocations=5 (full 1):
 par new generation   total 109248K, used 12545K [0x00000000e0000000, 0x00000000e8000000, 0x00000000e8000000)
  eden space 87424K,   0% used [0x00000000e0000000, 0x00000000e0000000, 0x00000000e5560000)
  from space 21824K,  57% used [0x00000000e6ab0000, 0x00000000e76f0578, 0x00000000e8000000)
  to   space 21824K,   0% used [0x00000000e5560000, 0x00000000e5560000, 0x00000000e6ab0000)
 concurrent mark-sweep generation total 393216K, used 0K [0x00000000e8000000, 0x0000000100000000, 0x0000000100000000)
 Metaspace       used 21217K, capacity 21550K, committed 21884K, reserved 1069056K
  class space    used 2445K, capacity 2598K, committed 2684K, reserved 1048576K
}
2017-07-08T10:28:15.025+0200: 4,275: Total time for which application threads were stopped: 0,0276583 seconds, Stopping threads took: 0,0000427 seconds
2017-07-08T10:28:15.026+0200: 4,275: Total time for which application threads were stopped: 0,0001180 seconds, Stopping threads took: 0,0000364 seconds
2017-07-08T10:28:15.053+0200: 4,302: Total time for which application threads were stopped: 0,0025885 seconds, Stopping threads took: 0,0024853 seconds
2017-07-08T10:28:15.053+0200: 4,302: Total time for which application threads were stopped: 0,0000608 seconds, Stopping threads took: 0,0000244 seconds
2017-07-08T10:28:15.078+0200: 4,328: Total time for which application threads were stopped: 0,0001540 seconds, Stopping threads took: 0,0000616 seconds
2017-07-08T10:28:15.078+0200: 4,328: Total time for which application threads were stopped: 0,0000699 seconds, Stopping threads took: 0,0000258 seconds
2017-07-08T10:28:15.091+0200: 4,341: Total time for which application threads were stopped: 0,0001602 seconds, Stopping threads took: 0,0000519 seconds
2017-07-08T10:28:15.092+0200: 4,341: Total time for which application threads were stopped: 0,0000884 seconds, Stopping threads took: 0,0000310 seconds
2017-07-08T10:28:15.094+0200: 4,343: Total time for which application threads were stopped: 0,0002562 seconds, Stopping threads took: 0,0000317 seconds
2017-07-08T10:28:15.122+0200: 4,371: Total time for which application threads were stopped: 0,0040882 seconds, Stopping threads took: 0,0039973 seconds
2017-07-08T10:28:15.124+0200: 4,374: Total time for which application threads were stopped: 0,0005942 seconds, Stopping threads took: 0,0005217 seconds
2017-07-08T10:28:15.127+0200: 4,376: Total time for which application threads were stopped: 0,0001187 seconds, Stopping threads took: 0,0000339 seconds
2017-07-08T10:28:15.130+0200: 4,379: Total time for which application threads were stopped: 0,0009892 seconds, Stopping threads took: 0,0008821 seconds
2017-07-08T10:28:15.130+0200: 4,379: Total time for which application threads were stopped: 0,0000830 seconds, Stopping threads took: 0,0000345 seconds
{Heap before GC invocations=5 (full 1):
 par new generation   total 109248K, used 99969K [0x00000000e0000000, 0x00000000e8000000, 0x00000000e8000000)
  eden space 87424K, 100% used [0x00000000e0000000, 0x00000000e5560000, 0x00000000e5560000)
  from space 21824K,  57% used [0x00000000e6ab0000, 0x00000000e76f0578, 0x00000000e8000000)
  to   space 21824K,   0% used [0x00000000e5560000, 0x00000000e5560000, 0x00000000e6ab0000)
 concurrent mark-sweep generation total 393216K, used 0K [0x00000000e8000000, 0x0000000100000000, 0x0000000100000000)
 Metaspace       used 21431K, capacity 21786K, committed 21884K, reserved 1069056K
  class space    used 2471K, capacity 2632K, committed 2684K, reserved 1048576K
2017-07-08T10:28:15.140+0200: 4,390: [GC (Allocation Failure) 2017-07-08T10:28:15.140+0200: 4,390: [ParNew
Desired survivor size 20112992 bytes, new threshold 8 (max 8)
- age   1:    1167104 bytes,    1167104 total
- age   2:     190760 bytes,    1357864 total
- age   3:        816 bytes,    1358680 total
- age   4:    1462720 bytes,    2821400 total
- age   5:     821008 bytes,    3642408 total
- age   6:    6640952 bytes,   10283360 total
: 99969K->13444K(109248K), 0,0184579 secs] 99969K->13444K(502464K), 0,0185463 secs] [Times: user=0,05 sys=0,00, real=0,02 secs] 
Heap after GC invocations=6 (full 1):
 par new generation   total 109248K, used 13444K [0x00000000e0000000, 0x00000000e8000000, 0x00000000e8000000)
  eden space 87424K,   0% used [0x00000000e0000000, 0x00000000e0000000, 0x00000000e5560000)
  from space 21824K,  61% used [0x00000000e5560000, 0x00000000e6281380, 0x00000000e6ab0000)
  to   space 21824K,   0% used [0x00000000e6ab0000, 0x00000000e6ab0000, 0x00000000e8000000)
 concurrent mark-sweep generation total 393216K, used 0K [0x00000000e8000000, 0x0000000100000000, 0x0000000100000000)
 Metaspace       used 21431K, capacity 21786K, committed 21884K, reserved 1069056K
  class space    used 2471K, capacity 2632K, committed 2684K, reserved 1048576K
}
2017-07-08T10:28:15.159+0200: 4,408: Total time for which application threads were stopped: 0,0187529 seconds, Stopping threads took: 0,0000523 seconds
2017-07-08T10:28:15.188+0200: 4,437: Total time for which application threads were stopped: 0,0001048 seconds, Stopping threads took: 0,0000330 seconds
2017-07-08T10:28:15.188+0200: 4,438: Total time for which application threads were stopped: 0,0000594 seconds, Stopping threads took: 0,0000301 seconds
2017-07-08T10:28:15.194+0200: 4,444: Total time for which application threads were stopped: 0,0000890 seconds, Stopping threads took: 0,0000202 seconds
2017-07-08T10:28:15.194+0200: 4,444: Total time for which application threads were stopped: 0,0000596 seconds, Stopping threads took: 0,0000139 seconds
2017-07-08T10:28:15.195+0200: 4,445: Total time for which application threads were stopped: 0,0000558 seconds, Stopping threads took: 0,0000141 seconds
2017-07-08T10:28:15.197+0200: 4,447: Total time for which application threads were stopped: 0,0003214 seconds, Stopping threads took: 0,0000154 seconds
2017-07-08T10:28:15.200+0200: 4,450: Total time for which application threads were stopped: 0,0001148 seconds, Stopping threads took: 0,0000405 seconds
2017-07-08T10:28:15.201+0200: 4,451: Total time for which application threads were stopped: 0,0001897 seconds, Stopping threads took: 0,0001210 seconds
2017-07-08T10:28:15.205+0200: 4,454: Total time for which application threads were stopped: 0,0000994 seconds, Stopping threads took: 0,0000392 seconds
2017-07-08T10:28:15.235+0200: 4,484: Total time for which application threads were stopped: 0,0005512 seconds, Stopping threads took: 0,0004598 seconds
2017-07-08T10:28:15.236+0200: 4,486: Total time for which application threads were stopped: 0,0000980 seconds, Stopping threads took: 0,0000338 seconds
2017-07-08T10:28:15.258+0200: 4,508: Total time for which application threads were stopped: 0,0002215 seconds, Stopping threads took: 0,0001372 seconds
2017-07-08T10:28:15.264+0200: 4,514: Total time for which application threads were stopped: 0,0013828 seconds, Stopping threads took: 0,0012654 seconds
2017-07-08T10:28:15.280+0200: 4,529: Total time for which application threads were stopped: 0,0001432 seconds, Stopping threads took: 0,0000570 seconds
2017-07-08T10:28:15.412+0200: 4,662: Total time for which application threads were stopped: 0,0005859 seconds, Stopping threads took: 0,0004545 seconds
2017-07-08T10:28:15.457+0200: 4,707: Total time for which application threads were stopped: 0,0010239 seconds, Stopping threads took: 0,0008925 seconds
2017-07-08T10:28:15.501+0200: 4,750: Total time for which application threads were stopped: 0,0018187 seconds, Stopping threads took: 0,0017165 seconds
2017-07-08T10:28:15.596+0200: 4,845: Total time for which application threads were stopped: 0,0001443 seconds, Stopping threads took: 0,0000656 seconds
2017-07-08T10:28:15.600+0200: 4,850: Total time for which application threads were stopped: 0,0002271 seconds, Stopping threads took: 0,0001189 seconds
2017-07-08T10:28:15.601+0200: 4,851: Total time for which application threads were stopped: 0,0001352 seconds, Stopping threads took: 0,0000253 seconds
2017-07-08T10:28:15.602+0200: 4,852: Total time for which application threads were stopped: 0,0012238 seconds, Stopping threads took: 0,0010219 seconds
2017-07-08T10:28:15.619+0200: 4,869: Total time for which application threads were stopped: 0,0004941 seconds, Stopping threads took: 0,0000364 seconds
2017-07-08T10:28:15.621+0200: 4,870: Total time for which application threads were stopped: 0,0000996 seconds, Stopping threads took: 0,0000395 seconds
2017-07-08T10:28:15.623+0200: 4,872: Total time for which application threads were stopped: 0,0021728 seconds, Stopping threads took: 0,0020978 seconds
2017-07-08T10:28:15.643+0200: 4,892: Total time for which application threads were stopped: 0,0004181 seconds, Stopping threads took: 0,0000246 seconds
2017-07-08T10:28:15.657+0200: 4,907: Total time for which application threads were stopped: 0,0001320 seconds, Stopping threads took: 0,0000368 seconds
2017-07-08T10:28:15.658+0200: 4,908: Total time for which application threads were stopped: 0,0003056 seconds, Stopping threads took: 0,0002377 seconds
2017-07-08T10:28:15.661+0200: 4,911: Total time for which application threads were stopped: 0,0001187 seconds, Stopping threads took: 0,0000334 seconds
2017-07-08T10:28:15.679+0200: 4,928: Total time for which application threads were stopped: 0,0000991 seconds, Stopping threads took: 0,0000432 seconds
2017-07-08T10:28:15.682+0200: 4,931: Total time for which application threads were stopped: 0,0016968 seconds, Stopping threads took: 0,0016363 seconds
2017-07-08T10:28:15.688+0200: 4,938: Total time for which application threads were stopped: 0,0001484 seconds, Stopping threads took: 0,0000696 seconds
2017-07-08T10:28:15.688+0200: 4,938: Total time for which application threads were stopped: 0,0000602 seconds, Stopping threads took: 0,0000174 seconds
2017-07-08T10:28:15.690+0200: 4,939: Total time for which application threads were stopped: 0,0001499 seconds, Stopping threads took: 0,0000706 seconds
2017-07-08T10:28:15.693+0200: 4,942: Total time for which application threads were stopped: 0,0001093 seconds, Stopping threads took: 0,0000469 seconds
2017-07-08T10:28:15.743+0200: 4,993: Total time for which application threads were stopped: 0,0001906 seconds, Stopping threads took: 0,0000475 seconds
2017-07-08T10:28:15.766+0200: 5,015: Total time for which application threads were stopped: 0,0001640 seconds, Stopping threads took: 0,0000379 seconds
2017-07-08T10:28:15.776+0200: 5,026: Total time for which application threads were stopped: 0,0001564 seconds, Stopping threads took: 0,0000640 seconds
2017-07-08T10:28:15.801+0200: 5,051: Total time for which application threads were stopped: 0,0049158 seconds, Stopping threads took: 0,0047990 seconds
{Heap before GC invocations=6 (full 1):
 par new generation   total 109248K, used 100868K [0x00000000e0000000, 0x00000000e8000000, 0x00000000e8000000)
  eden space 87424K, 100% used [0x00000000e0000000, 0x00000000e5560000, 0x00000000e5560000)
  from space 21824K,  61% used [0x00000000e5560000, 0x00000000e6281380, 0x00000000e6ab0000)
  to   space 21824K,   0% used [0x00000000e6ab0000, 0x00000000e6ab0000, 0x00000000e8000000)
 concurrent mark-sweep generation total 393216K, used 0K [0x00000000e8000000, 0x0000000100000000, 0x0000000100000000)
 Metaspace       used 24331K, capacity 24806K, committed 25084K, reserved 1071104K
  class space    used 2854K, capacity 3040K, committed 3068K, reserved 1048576K
2017-07-08T10:28:15.867+0200: 5,117: [GC (Allocation Failure) 2017-07-08T10:28:15.868+0200: 5,117: [ParNew
Desired survivor size 20112992 bytes, new threshold 8 (max 8)
- age   1:    5705240 bytes,    5705240 total
- age   2:     138016 bytes,    5843256 total
- age   3:     188288 bytes,    6031544 total
- age   4:        768 bytes,    6032312 total
- age   5:     293504 bytes,    6325816 total
- age   6:     796624 bytes,    7122440 total
- age   7:    6632256 bytes,   13754696 total
: 100868K->16518K(109248K), 0,0210923 secs] 100868K->16518K(502464K), 0,0211813 secs] [Times: user=0,05 sys=0,00, real=0,02 secs] 
Heap after GC invocations=7 (full 1):
 par new generation   total 109248K, used 16518K [0x00000000e0000000, 0x00000000e8000000, 0x00000000e8000000)
  eden space 87424K,   0% used [0x00000000e0000000, 0x00000000e0000000, 0x00000000e5560000)
  from space 21824K,  75% used [0x00000000e6ab0000, 0x00000000e7ad1888, 0x00000000e8000000)
  to   space 21824K,   0% used [0x00000000e5560000, 0x00000000e5560000, 0x00000000e6ab0000)
 concurrent mark-sweep generation total 393216K, used 0K [0x00000000e8000000, 0x0000000100000000, 0x0000000100000000)
 Metaspace       used 24331K, capacity 24806K, committed 25084K, reserved 1071104K
  class space    used 2854K, capacity 3040K, committed 3068K, reserved 1048576K
}
2017-07-08T10:28:15.889+0200: 5,138: Total time for which application threads were stopped: 0,0214407 seconds, Stopping threads took: 0,0000892 seconds
2017-07-08T10:28:15.910+0200: 5,160: Total time for which application threads were stopped: 0,0001794 seconds, Stopping threads took: 0,0000674 seconds
2017-07-08T10:28:15.910+0200: 5,160: Total time for which application threads were stopped: 0,0000793 seconds, Stopping threads took: 0,0000121 seconds
2017-07-08T10:28:16.008+0200: 5,258: Total time for which application threads were stopped: 0,0011777 seconds, Stopping threads took: 0,0009342 seconds
{Heap before GC invocations=7 (full 1):
 par new generation   total 109248K, used 103942K [0x00000000e0000000, 0x00000000e8000000, 0x00000000e8000000)
  eden space 87424K, 100% used [0x00000000e0000000, 0x00000000e5560000, 0x00000000e5560000)
  from space 21824K,  75% used [0x00000000e6ab0000, 0x00000000e7ad1888, 0x00000000e8000000)
  to   space 21824K,   0% used [0x00000000e5560000, 0x00000000e5560000, 0x00000000e6ab0000)
 concurrent mark-sweep generation total 393216K, used 0K [0x00000000e8000000, 0x0000000100000000, 0x0000000100000000)
 Metaspace       used 24733K, capacity 25170K, committed 25468K, reserved 1071104K
  class space    used 2889K, capacity 3074K, committed 3196K, reserved 1048576K
2017-07-08T10:28:16.042+0200: 5,291: [GC (Allocation Failure) 2017-07-08T10:28:16.042+0200: 5,291: [ParNew
Desired survivor size 20112992 bytes, new threshold 8 (max 8)
- age   1:    1550176 bytes,    1550176 total
- age   2:    1818520 bytes,    3368696 total
- age   3:      59112 bytes,    3427808 total
- age   4:     108744 bytes,    3536552 total
- age   5:        360 bytes,    3536912 total
- age   6:     179928 bytes,    3716840 total
- age   7:     768984 bytes,    4485824 total
- age   8:    6099456 bytes,   10585280 total
: 103942K->17363K(109248K), 0,0254231 secs] 103942K->17363K(502464K), 0,0255171 secs] [Times: user=0,08 sys=0,00, real=0,02 secs] 
Heap after GC invocations=8 (full 1):
 par new generation   total 109248K, used 17363K [0x00000000e0000000, 0x00000000e8000000, 0x00000000e8000000)
  eden space 87424K,   0% used [0x00000000e0000000, 0x00000000e0000000, 0x00000000e5560000)
  from space 21824K,  79% used [0x00000000e5560000, 0x00000000e6654f40, 0x00000000e6ab0000)
  to   space 21824K,   0% used [0x00000000e6ab0000, 0x00000000e6ab0000, 0x00000000e8000000)
 concurrent mark-sweep generation total 393216K, used 0K [0x00000000e8000000, 0x0000000100000000, 0x0000000100000000)
 Metaspace       used 24733K, capacity 25170K, committed 25468K, reserved 1071104K
  class space    used 2889K, capacity 3074K, committed 3196K, reserved 1048576K
}
2017-07-08T10:28:16.067+0200: 5,317: Total time for which application threads were stopped: 0,0257357 seconds, Stopping threads took: 0,0000561 seconds
2017-07-08T10:28:16.072+0200: 5,322: Total time for which application threads were stopped: 0,0003540 seconds, Stopping threads took: 0,0002527 seconds
2017-07-08T10:28:16.072+0200: 5,322: Total time for which application threads were stopped: 0,0000843 seconds, Stopping threads took: 0,0000209 seconds
2017-07-08T10:28:16.079+0200: 5,329: Total time for which application threads were stopped: 0,0015703 seconds, Stopping threads took: 0,0014652 seconds
{Heap before GC invocations=8 (full 1):
 par new generation   total 109248K, used 104787K [0x00000000e0000000, 0x00000000e8000000, 0x00000000e8000000)
  eden space 87424K, 100% used [0x00000000e0000000, 0x00000000e5560000, 0x00000000e5560000)
  from space 21824K,  79% used [0x00000000e5560000, 0x00000000e6654f40, 0x00000000e6ab0000)
  to   space 21824K,   0% used [0x00000000e6ab0000, 0x00000000e6ab0000, 0x00000000e8000000)
 concurrent mark-sweep generation total 393216K, used 0K [0x00000000e8000000, 0x0000000100000000, 0x0000000100000000)
 Metaspace       used 24986K, capacity 25458K, committed 25724K, reserved 1071104K
  class space    used 2907K, capacity 3080K, committed 3196K, reserved 1048576K
2017-07-08T10:28:16.214+0200: 5,463: [GC (Allocation Failure) 2017-07-08T10:28:16.214+0200: 5,463: [ParNew
Desired survivor size 20112992 bytes, new threshold 8 (max 8)
- age   1:     470672 bytes,     470672 total
- age   2:    1039296 bytes,    1509968 total
- age   3:    1794920 bytes,    3304888 total
- age   4:      59016 bytes,    3363904 total
- age   5:     105424 bytes,    3469328 total
- age   6:        360 bytes,    3469688 total
- age   7:     179368 bytes,    3649056 total
- age   8:     768280 bytes,    4417336 total
: 104787K->8217K(109248K), 0,0452005 secs] 104787K->14774K(502464K), 0,0452752 secs] [Times: user=0,10 sys=0,00, real=0,04 secs] 
Heap after GC invocations=9 (full 1):
 par new generation   total 109248K, used 8217K [0x00000000e0000000, 0x00000000e8000000, 0x00000000e8000000)
  eden space 87424K,   0% used [0x00000000e0000000, 0x00000000e0000000, 0x00000000e5560000)
  from space 21824K,  37% used [0x00000000e6ab0000, 0x00000000e72b6580, 0x00000000e8000000)
  to   space 21824K,   0% used [0x00000000e5560000, 0x00000000e5560000, 0x00000000e6ab0000)
 concurrent mark-sweep generation total 393216K, used 6556K [0x00000000e8000000, 0x0000000100000000, 0x0000000100000000)
 Metaspace       used 24986K, capacity 25458K, committed 25724K, reserved 1071104K
  class space    used 2907K, capacity 3080K, committed 3196K, reserved 1048576K
}
2017-07-08T10:28:16.259+0200: 5,509: Total time for which application threads were stopped: 0,0516709 seconds, Stopping threads took: 0,0062270 seconds
2017-07-08T10:28:16.297+0200: 5,547: Total time for which application threads were stopped: 0,0001367 seconds, Stopping threads took: 0,0000384 seconds
2017-07-08T10:28:16.308+0200: 5,557: Total time for which application threads were stopped: 0,0032948 seconds, Stopping threads took: 0,0031810 seconds
2017-07-08T10:28:16.314+0200: 5,564: Total time for which application threads were stopped: 0,0001429 seconds, Stopping threads took: 0,0000495 seconds
2017-07-08T10:28:16.329+0200: 5,579: Total time for which application threads were stopped: 0,0061817 seconds, Stopping threads took: 0,0060521 seconds
2017-07-08T10:28:16.335+0200: 5,585: Total time for which application threads were stopped: 0,0011499 seconds, Stopping threads took: 0,0010378 seconds
2017-07-08T10:28:16.342+0200: 5,592: Total time for which application threads were stopped: 0,0001497 seconds, Stopping threads took: 0,0000448 seconds
2017-07-08T10:28:16.350+0200: 5,599: Total time for which application threads were stopped: 0,0008800 seconds, Stopping threads took: 0,0007604 seconds
2017-07-08T10:28:16.364+0200: 5,613: Total time for which application threads were stopped: 0,0004196 seconds, Stopping threads took: 0,0003051 seconds
2017-07-08T10:28:16.374+0200: 5,623: Total time for which application threads were stopped: 0,0001347 seconds, Stopping threads took: 0,0000367 seconds
2017-07-08T10:28:16.382+0200: 5,631: Total time for which application threads were stopped: 0,0041583 seconds, Stopping threads took: 0,0039865 seconds
2017-07-08T10:28:16.388+0200: 5,637: Total time for which application threads were stopped: 0,0010232 seconds, Stopping threads took: 0,0009242 seconds
2017-07-08T10:28:16.398+0200: 5,647: Total time for which application threads were stopped: 0,0002445 seconds, Stopping threads took: 0,0001407 seconds
2017-07-08T10:28:16.402+0200: 5,652: Total time for which application threads were stopped: 0,0001445 seconds, Stopping threads took: 0,0000372 seconds
2017-07-08T10:28:16.423+0200: 5,672: Total time for which application threads were stopped: 0,0002817 seconds, Stopping threads took: 0,0001696 seconds
2017-07-08T10:28:16.446+0200: 5,696: Total time for which application threads were stopped: 0,0001638 seconds, Stopping threads took: 0,0000470 seconds
2017-07-08T10:28:16.447+0200: 5,696: Total time for which application threads were stopped: 0,0001281 seconds, Stopping threads took: 0,0000390 seconds
2017-07-08T10:28:16.458+0200: 5,708: Total time for which application threads were stopped: 0,0001431 seconds, Stopping threads took: 0,0000412 seconds
2017-07-08T10:28:16.460+0200: 5,710: Total time for which application threads were stopped: 0,0001303 seconds, Stopping threads took: 0,0000397 seconds
2017-07-08T10:28:16.461+0200: 5,710: Total time for which application threads were stopped: 0,0002398 seconds, Stopping threads took: 0,0001600 seconds
2017-07-08T10:28:16.461+0200: 5,711: Total time for which application threads were stopped: 0,0000953 seconds, Stopping threads took: 0,0000153 seconds
2017-07-08T10:28:16.476+0200: 5,725: Total time for which application threads were stopped: 0,0021453 seconds, Stopping threads took: 0,0020248 seconds
2017-07-08T10:28:16.483+0200: 5,732: Total time for which application threads were stopped: 0,0009779 seconds, Stopping threads took: 0,0009145 seconds
2017-07-08T10:28:16.483+0200: 5,733: Total time for which application threads were stopped: 0,0001102 seconds, Stopping threads took: 0,0000279 seconds
2017-07-08T10:28:16.508+0200: 5,758: Total time for which application threads were stopped: 0,0003205 seconds, Stopping threads took: 0,0002573 seconds
2017-07-08T10:28:16.533+0200: 5,782: Total time for which application threads were stopped: 0,0005701 seconds, Stopping threads took: 0,0001572 seconds
2017-07-08T10:28:16.538+0200: 5,787: Total time for which application threads were stopped: 0,0035084 seconds, Stopping threads took: 0,0034284 seconds
2017-07-08T10:28:16.592+0200: 5,841: Total time for which application threads were stopped: 0,0001982 seconds, Stopping threads took: 0,0000664 seconds
2017-07-08T10:28:16.599+0200: 5,848: Total time for which application threads were stopped: 0,0005818 seconds, Stopping threads took: 0,0000651 seconds
2017-07-08T10:28:16.618+0200: 5,868: Total time for which application threads were stopped: 0,0005327 seconds, Stopping threads took: 0,0000713 seconds
2017-07-08T10:28:16.764+0200: 6,014: Total time for which application threads were stopped: 0,0005132 seconds, Stopping threads took: 0,0000356 seconds
2017-07-08T10:28:16.766+0200: 6,016: Total time for which application threads were stopped: 0,0001485 seconds, Stopping threads took: 0,0000277 seconds
2017-07-08T10:28:16.766+0200: 6,016: Total time for which application threads were stopped: 0,0001289 seconds, Stopping threads took: 0,0000379 seconds
2017-07-08T10:28:16.794+0200: 6,044: Total time for which application threads were stopped: 0,0002375 seconds, Stopping threads took: 0,0001360 seconds
2017-07-08T10:28:16.798+0200: 6,048: Total time for which application threads were stopped: 0,0003591 seconds, Stopping threads took: 0,0000458 seconds
2017-07-08T10:28:16.812+0200: 6,061: Total time for which application threads were stopped: 0,0001222 seconds, Stopping threads took: 0,0000470 seconds
2017-07-08T10:28:16.831+0200: 6,080: Total time for which application threads were stopped: 0,0001630 seconds, Stopping threads took: 0,0000539 seconds
2017-07-08T10:28:16.846+0200: 6,096: Total time for which application threads were stopped: 0,0015911 seconds, Stopping threads took: 0,0014024 seconds
2017-07-08T10:28:16.863+0200: 6,112: Total time for which application threads were stopped: 0,0001592 seconds, Stopping threads took: 0,0000515 seconds
2017-07-08T10:28:16.894+0200: 6,144: Total time for which application threads were stopped: 0,0025789 seconds, Stopping threads took: 0,0020433 seconds
2017-07-08T10:28:16.930+0200: 6,180: Total time for which application threads were stopped: 0,0001928 seconds, Stopping threads took: 0,0001013 seconds
2017-07-08T10:28:16.931+0200: 6,180: Total time for which application threads were stopped: 0,0000771 seconds, Stopping threads took: 0,0000211 seconds
2017-07-08T10:28:16.956+0200: 6,205: Total time for which application threads were stopped: 0,0001128 seconds, Stopping threads took: 0,0000387 seconds
2017-07-08T10:28:17.956+0200: 7,206: Total time for which application threads were stopped: 0,0000891 seconds, Stopping threads took: 0,0000227 seconds
2017-07-08T10:28:33.957+0200: 23,207: Total time for which application threads were stopped: 0,0000632 seconds, Stopping threads took: 0,0000166 seconds
2017-07-08T10:28:42.959+0200: 32,208: Total time for which application threads were stopped: 0,0002504 seconds, Stopping threads took: 0,0000690 seconds
2017-07-08T10:30:18.967+0200: 128,217: Total time for which application threads were stopped: 0,0000936 seconds, Stopping threads took: 0,0000362 seconds
2017-07-08T10:30:42.970+0200: 152,220: Total time for which application threads were stopped: 0,0000615 seconds, Stopping threads took: 0,0000165 seconds
{Heap before GC invocations=9 (full 1):
 par new generation   total 109248K, used 95641K [0x00000000e0000000, 0x00000000e8000000, 0x00000000e8000000)
  eden space 87424K, 100% used [0x00000000e0000000, 0x00000000e5560000, 0x00000000e5560000)
  from space 21824K,  37% used [0x00000000e6ab0000, 0x00000000e72b6580, 0x00000000e8000000)
  to   space 21824K,   0% used [0x00000000e5560000, 0x00000000e5560000, 0x00000000e6ab0000)
 concurrent mark-sweep generation total 393216K, used 6556K [0x00000000e8000000, 0x0000000100000000, 0x0000000100000000)
 Metaspace       used 28018K, capacity 28492K, committed 28796K, reserved 1075200K
  class space    used 3209K, capacity 3385K, committed 3452K, reserved 1048576K
2017-07-08T10:31:07.096+0200: 176,346: [GC (Allocation Failure) 2017-07-08T10:31:07.096+0200: 176,346: [ParNew
Desired survivor size 20112992 bytes, new threshold 8 (max 8)
- age   1:   10701040 bytes,   10701040 total
- age   2:     213712 bytes,   10914752 total
- age   3:     255184 bytes,   11169936 total
- age   4:    1790024 bytes,   12959960 total
- age   5:      58824 bytes,   13018784 total
- age   6:     105232 bytes,   13124016 total
- age   7:        360 bytes,   13124376 total
- age   8:     179272 bytes,   13303648 total
: 95641K->14188K(109248K), 0,0187928 secs] 102198K->21507K(502464K), 0,0188540 secs] [Times: user=0,07 sys=0,00, real=0,02 secs] 
Heap after GC invocations=10 (full 1):
 par new generation   total 109248K, used 14188K [0x00000000e0000000, 0x00000000e8000000, 0x00000000e8000000)
  eden space 87424K,   0% used [0x00000000e0000000, 0x00000000e0000000, 0x00000000e5560000)
  from space 21824K,  65% used [0x00000000e5560000, 0x00000000e633b220, 0x00000000e6ab0000)
  to   space 21824K,   0% used [0x00000000e6ab0000, 0x00000000e6ab0000, 0x00000000e8000000)
 concurrent mark-sweep generation total 393216K, used 7319K [0x00000000e8000000, 0x0000000100000000, 0x0000000100000000)
 Metaspace       used 28018K, capacity 28492K, committed 28796K, reserved 1075200K
  class space    used 3209K, capacity 3385K, committed 3452K, reserved 1048576K
}
2017-07-08T10:31:07.115+0200: 176,365: Total time for which application threads were stopped: 0,0190254 seconds, Stopping threads took: 0,0000367 seconds
2017-07-08T10:31:07.115+0200: 176,365: Total time for which application threads were stopped: 0,0000649 seconds, Stopping threads took: 0,0000217 seconds
2017-07-08T10:31:07.116+0200: 176,365: Total time for which application threads were stopped: 0,0000568 seconds, Stopping threads took: 0,0000211 seconds
2017-07-08T10:31:12.116+0200: 181,366: Total time for which application threads were stopped: 0,0000606 seconds, Stopping threads took: 0,0000156 seconds
2017-07-08T10:32:42.126+0200: 271,376: Total time for which application threads were stopped: 0,0001411 seconds, Stopping threads took: 0,0000589 seconds
2017-07-08T10:36:47.151+0200: 516,400: Total time for which application threads were stopped: 0,0000759 seconds, Stopping threads took: 0,0000300 seconds
2017-07-08T10:38:44.163+0200: 633,413: Total time for which application threads were stopped: 0,0000903 seconds, Stopping threads took: 0,0000363 seconds
2017-07-08T10:38:49.164+0200: 638,413: Total time for which application threads were stopped: 0,0000684 seconds, Stopping threads took: 0,0000156 seconds
2017-07-08T10:51:42.246+0200: 1411,496: Total time for which application threads were stopped: 0,0001632 seconds, Stopping threads took: 0,0000520 seconds
2017-07-08T10:55:37.273+0200: 1646,522: Total time for which application threads were stopped: 0,0000853 seconds, Stopping threads took: 0,0000318 seconds
2017-07-08T11:06:32.347+0200: 2301,597: Total time for which application threads were stopped: 0,0004119 seconds, Stopping threads took: 0,0001598 seconds
2017-07-08T11:06:34.348+0200: 2303,597: Total time for which application threads were stopped: 0,0000608 seconds, Stopping threads took: 0,0000149 seconds
2017-07-08T11:21:29.449+0200: 3198,699: Total time for which application threads were stopped: 0,0000972 seconds, Stopping threads took: 0,0000370 seconds
2017-07-08T11:34:07.545+0200: 3956,795: Total time for which application threads were stopped: 0,0000879 seconds, Stopping threads took: 0,0000369 seconds
2017-07-08T11:34:12.546+0200: 3961,796: Total time for which application threads were stopped: 0,0000668 seconds, Stopping threads took: 0,0000155 seconds
2017-07-08T11:34:13.546+0200: 3962,796: Total time for which application threads were stopped: 0,0000602 seconds, Stopping threads took: 0,0000149 seconds
2017-07-08T11:46:39.641+0200: 4708,890: Total time for which application threads were stopped: 0,0000813 seconds, Stopping threads took: 0,0000308 seconds
2017-07-08T11:46:44.642+0200: 4713,891: Total time for which application threads were stopped: 0,0005392 seconds, Stopping threads took: 0,0001269 seconds
2017-07-08T12:12:39.807+0200: 6269,057: Total time for which application threads were stopped: 0,0000747 seconds, Stopping threads took: 0,0000284 seconds
2017-07-08T12:28:43.910+0200: 7233,160: Total time for which application threads were stopped: 0,0000784 seconds, Stopping threads took: 0,0000330 seconds
2017-07-08T12:30:13.918+0200: 7323,168: Total time for which application threads were stopped: 0,0000724 seconds, Stopping threads took: 0,0000272 seconds
2017-07-08T12:36:13.955+0200: 7683,205: Total time for which application threads were stopped: 0,0000768 seconds, Stopping threads took: 0,0000295 seconds
2017-07-08T13:40:13.322+0200: 11522,571: Total time for which application threads were stopped: 0,0000974 seconds, Stopping threads took: 0,0000311 seconds
2017-07-08T13:40:43.324+0200: 11552,574: Total time for which application threads were stopped: 0,0000878 seconds, Stopping threads took: 0,0000272 seconds
2017-07-08T13:41:13.328+0200: 11582,577: Total time for which application threads were stopped: 0,0000849 seconds, Stopping threads took: 0,0000355 seconds
2017-07-08T14:44:13.708+0200: 15362,957: Total time for which application threads were stopped: 0,0004194 seconds, Stopping threads took: 0,0001604 seconds
2017-07-08T14:59:12.817+0200: 16262,067: Total time for which application threads were stopped: 0,0001127 seconds, Stopping threads took: 0,0000381 seconds
2017-07-08T14:59:12.834+0200: 16262,084: Total time for which application threads were stopped: 0,0001156 seconds, Stopping threads took: 0,0000229 seconds
2017-07-08T14:59:12.845+0200: 16262,095: Total time for which application threads were stopped: 0,0001093 seconds, Stopping threads took: 0,0000304 seconds
2017-07-08T14:59:12.848+0200: 16262,097: Total time for which application threads were stopped: 0,0001111 seconds, Stopping threads took: 0,0000153 seconds
2017-07-08T14:59:12.848+0200: 16262,098: Total time for which application threads were stopped: 0,0000831 seconds, Stopping threads took: 0,0000240 seconds
2017-07-08T14:59:12.849+0200: 16262,098: Total time for which application threads were stopped: 0,0000653 seconds, Stopping threads took: 0,0000202 seconds
2017-07-08T14:59:12.849+0200: 16262,098: Total time for which application threads were stopped: 0,0000643 seconds, Stopping threads took: 0,0000167 seconds
2017-07-08T14:59:12.849+0200: 16262,099: Total time for which application threads were stopped: 0,0000666 seconds, Stopping threads took: 0,0000169 seconds
2017-07-08T14:59:12.849+0200: 16262,099: Total time for which application threads were stopped: 0,0000555 seconds, Stopping threads took: 0,0000165 seconds
2017-07-08T14:59:12.849+0200: 16262,099: Total time for which application threads were stopped: 0,0000537 seconds, Stopping threads took: 0,0000129 seconds
2017-07-08T14:59:12.849+0200: 16262,099: Total time for which application threads were stopped: 0,0000499 seconds, Stopping threads took: 0,0000128 seconds
2017-07-08T14:59:12.849+0200: 16262,099: Total time for which application threads were stopped: 0,0000485 seconds, Stopping threads took: 0,0000139 seconds
2017-07-08T14:59:12.849+0200: 16262,099: Total time for which application threads were stopped: 0,0000494 seconds, Stopping threads took: 0,0000144 seconds
2017-07-08T14:59:12.849+0200: 16262,099: Total time for which application threads were stopped: 0,0000464 seconds, Stopping threads took: 0,0000132 seconds
2017-07-08T14:59:12.850+0200: 16262,099: Total time for which application threads were stopped: 0,0000577 seconds, Stopping threads took: 0,0000149 seconds
2017-07-08T14:59:12.850+0200: 16262,099: Total time for which application threads were stopped: 0,0000508 seconds, Stopping threads took: 0,0000134 seconds
2017-07-08T14:59:12.850+0200: 16262,099: Total time for which application threads were stopped: 0,0000487 seconds, Stopping threads took: 0,0000148 seconds
2017-07-08T14:59:12.850+0200: 16262,100: Total time for which application threads were stopped: 0,0000492 seconds, Stopping threads took: 0,0000124 seconds
2017-07-08T14:59:12.850+0200: 16262,100: Total time for which application threads were stopped: 0,0000466 seconds, Stopping threads took: 0,0000120 seconds
2017-07-08T14:59:12.850+0200: 16262,100: Total time for which application threads were stopped: 0,0000488 seconds, Stopping threads took: 0,0000130 seconds
2017-07-08T14:59:12.850+0200: 16262,100: Total time for which application threads were stopped: 0,0000545 seconds, Stopping threads took: 0,0000205 seconds
2017-07-08T14:59:12.850+0200: 16262,100: Total time for which application threads were stopped: 0,0000449 seconds, Stopping threads took: 0,0000128 seconds
2017-07-08T14:59:12.850+0200: 16262,100: Total time for which application threads were stopped: 0,0000771 seconds, Stopping threads took: 0,0000162 seconds
2017-07-08T14:59:12.850+0200: 16262,100: Total time for which application threads were stopped: 0,0000497 seconds, Stopping threads took: 0,0000143 seconds
2017-07-08T14:59:12.851+0200: 16262,100: Total time for which application threads were stopped: 0,0000472 seconds, Stopping threads took: 0,0000131 seconds
2017-07-08T14:59:12.851+0200: 16262,100: Total time for which application threads were stopped: 0,0000508 seconds, Stopping threads took: 0,0000149 seconds
2017-07-08T14:59:12.851+0200: 16262,100: Total time for which application threads were stopped: 0,0000471 seconds, Stopping threads took: 0,0000148 seconds
2017-07-08T14:59:12.855+0200: 16262,105: Total time for which application threads were stopped: 0,0002767 seconds, Stopping threads took: 0,0001977 seconds
2017-07-08T14:59:12.868+0200: 16262,118: Total time for which application threads were stopped: 0,0034120 seconds, Stopping threads took: 0,0033250 seconds
2017-07-08T14:59:12.869+0200: 16262,119: Total time for which application threads were stopped: 0,0000764 seconds, Stopping threads took: 0,0000146 seconds
2017-07-08T14:59:12.870+0200: 16262,120: Total time for which application threads were stopped: 0,0000809 seconds, Stopping threads took: 0,0000151 seconds
2017-07-08T14:59:12.872+0200: 16262,122: Total time for which application threads were stopped: 0,0000869 seconds, Stopping threads took: 0,0000178 seconds
2017-07-08T14:59:12.874+0200: 16262,123: Total time for which application threads were stopped: 0,0000873 seconds, Stopping threads took: 0,0000185 seconds
2017-07-08T14:59:12.878+0200: 16262,128: Total time for which application threads were stopped: 0,0000949 seconds, Stopping threads took: 0,0000189 seconds
2017-07-08T14:59:12.879+0200: 16262,128: Total time for which application threads were stopped: 0,0000525 seconds, Stopping threads took: 0,0000129 seconds
2017-07-08T14:59:12.879+0200: 16262,128: Total time for which application threads were stopped: 0,0000608 seconds, Stopping threads took: 0,0000209 seconds
2017-07-08T14:59:12.879+0200: 16262,129: Total time for which application threads were stopped: 0,0000718 seconds, Stopping threads took: 0,0000298 seconds
2017-07-08T14:59:12.880+0200: 16262,130: Total time for which application threads were stopped: 0,0001342 seconds, Stopping threads took: 0,0000565 seconds
2017-07-08T14:59:12.880+0200: 16262,130: Total time for which application threads were stopped: 0,0000519 seconds, Stopping threads took: 0,0000142 seconds
2017-07-08T14:59:12.884+0200: 16262,134: Total time for which application threads were stopped: 0,0015382 seconds, Stopping threads took: 0,0014503 seconds
2017-07-08T14:59:12.887+0200: 16262,137: Total time for which application threads were stopped: 0,0000922 seconds, Stopping threads took: 0,0000179 seconds
2017-07-08T14:59:12.887+0200: 16262,137: Total time for which application threads were stopped: 0,0000513 seconds, Stopping threads took: 0,0000144 seconds
2017-07-08T14:59:12.887+0200: 16262,137: Total time for which application threads were stopped: 0,0000509 seconds, Stopping threads took: 0,0000140 seconds
2017-07-08T14:59:12.887+0200: 16262,137: Total time for which application threads were stopped: 0,0000643 seconds, Stopping threads took: 0,0000181 seconds
2017-07-08T14:59:12.889+0200: 16262,139: Total time for which application threads were stopped: 0,0000734 seconds, Stopping threads took: 0,0000247 seconds
2017-07-08T14:59:12.889+0200: 16262,139: Total time for which application threads were stopped: 0,0000798 seconds, Stopping threads took: 0,0000444 seconds
2017-07-08T14:59:12.889+0200: 16262,139: Total time for which application threads were stopped: 0,0000592 seconds, Stopping threads took: 0,0000156 seconds
2017-07-08T14:59:12.890+0200: 16262,139: Total time for which application threads were stopped: 0,0000500 seconds, Stopping threads took: 0,0000271 seconds
2017-07-08T14:59:12.890+0200: 16262,139: Total time for which application threads were stopped: 0,0000325 seconds, Stopping threads took: 0,0000121 seconds
2017-07-08T14:59:12.890+0200: 16262,139: Total time for which application threads were stopped: 0,0000368 seconds, Stopping threads took: 0,0000141 seconds
2017-07-08T14:59:12.890+0200: 16262,139: Total time for which application threads were stopped: 0,0000433 seconds, Stopping threads took: 0,0000187 seconds
2017-07-08T14:59:12.890+0200: 16262,140: Total time for which application threads were stopped: 0,0000639 seconds, Stopping threads took: 0,0000237 seconds
2017-07-08T14:59:12.890+0200: 16262,140: Total time for which application threads were stopped: 0,0000479 seconds, Stopping threads took: 0,0000195 seconds
2017-07-08T14:59:12.890+0200: 16262,140: Total time for which application threads were stopped: 0,0000431 seconds, Stopping threads took: 0,0000185 seconds
2017-07-08T14:59:12.890+0200: 16262,140: Total time for which application threads were stopped: 0,0000389 seconds, Stopping threads took: 0,0000167 seconds
2017-07-08T14:59:12.891+0200: 16262,140: Total time for which application threads were stopped: 0,0000435 seconds, Stopping threads took: 0,0000193 seconds
2017-07-08T14:59:12.891+0200: 16262,140: Total time for which application threads were stopped: 0,0000410 seconds, Stopping threads took: 0,0000182 seconds
2017-07-08T14:59:12.891+0200: 16262,141: Total time for which application threads were stopped: 0,0001349 seconds, Stopping threads took: 0,0000210 seconds
2017-07-08T14:59:12.892+0200: 16262,142: Total time for which application threads were stopped: 0,0001095 seconds, Stopping threads took: 0,0000323 seconds
2017-07-08T14:59:12.897+0200: 16262,147: Total time for which application threads were stopped: 0,0004266 seconds, Stopping threads took: 0,0003379 seconds
2017-07-08T14:59:12.898+0200: 16262,147: Total time for which application threads were stopped: 0,0001009 seconds, Stopping threads took: 0,0000252 seconds
Heap
 par new generation   total 109248K, used 33298K [0x00000000e0000000, 0x00000000e8000000, 0x00000000e8000000)
  eden space 87424K,  21% used [0x00000000e0000000, 0x00000000e12a9690, 0x00000000e5560000)
  from space 21824K,  65% used [0x00000000e5560000, 0x00000000e633b220, 0x00000000e6ab0000)
  to   space 21824K,   0% used [0x00000000e6ab0000, 0x00000000e6ab0000, 0x00000000e8000000)
 concurrent mark-sweep generation total 393216K, used 7319K [0x00000000e8000000, 0x0000000100000000, 0x0000000100000000)
 Metaspace       used 28172K, capacity 28692K, committed 29052K, reserved 1075200K
  class space    used 3224K, capacity 3387K, committed 3452K, reserved 1048576K
