OpenJDK 64-Bit Server VM (25.131-b11) for linux-amd64 JRE (1.8.0_131-8u131-b11-0ubuntu1.16.04.2-b11), built on May  6 2017 02:45:27 by "buildd" with gcc 5.4.0 20160609
Memory: 4k page, physical 7867740k(7423580k free), swap 8076284k(8076284k free)
CommandLine flags: -XX:CMSInitiatingOccupancyFraction=50 -XX:CMSMaxAbortablePrecleanTime=6000 -XX:+CMSParallelRemarkEnabled -XX:+CMSScavengeBeforeRemark -XX:ConcGCThreads=4 -XX:InitialHeapSize=536870912 -XX:MaxHeapSize=536870912 -XX:MaxTenuringThreshold=8 -XX:NewRatio=3 -XX:OldPLABSize=16 -XX:OnOutOfMemoryError=/opt/solr/bin/oom_solr.sh 8983 /var/solr/logs -XX:ParallelGCThreads=4 -XX:+ParallelRefProcEnabled -XX:PretenureSizeThreshold=67108864 -XX:+PrintGC -XX:+PrintGCApplicationStoppedTime -XX:+PrintGCDateStamps -XX:+PrintGCDetails -XX:+PrintGCTimeStamps -XX:+PrintHeapAtGC -XX:+PrintTenuringDistribution -XX:SurvivorRatio=4 -XX:TargetSurvivorRatio=90 -XX:ThreadStackSize=256 -XX:+UseCMSInitiatingOccupancyOnly -XX:+UseCompressedClassPointers -XX:+UseCompressedOops -XX:+UseConcMarkSweepGC -XX:+UseParNewGC 
2017-07-23T15:06:54.437+0200: 0,159: Total time for which application threads were stopped: 0,0000651 seconds, Stopping threads took: 0,0000144 seconds
2017-07-23T15:06:54.539+0200: 0,261: Total time for which application threads were stopped: 0,0001068 seconds, Stopping threads took: 0,0000156 seconds
2017-07-23T15:06:54.550+0200: 0,272: Total time for which application threads were stopped: 0,0001156 seconds, Stopping threads took: 0,0000534 seconds
2017-07-23T15:06:54.812+0200: 0,534: Total time for which application threads were stopped: 0,0001518 seconds, Stopping threads took: 0,0000189 seconds
2017-07-23T15:06:55.256+0200: 0,978: Total time for which application threads were stopped: 0,0001522 seconds, Stopping threads took: 0,0000131 seconds
2017-07-23T15:06:55.376+0200: 1,098: Total time for which application threads were stopped: 0,0001632 seconds, Stopping threads took: 0,0000213 seconds
2017-07-23T15:06:55.417+0200: 1,139: Total time for which application threads were stopped: 0,0001967 seconds, Stopping threads took: 0,0000283 seconds
2017-07-23T15:06:55.672+0200: 1,394: Total time for which application threads were stopped: 0,0003557 seconds, Stopping threads took: 0,0000144 seconds
2017-07-23T15:06:55.903+0200: 1,626: Total time for which application threads were stopped: 0,0001854 seconds, Stopping threads took: 0,0000156 seconds
2017-07-23T15:06:55.932+0200: 1,654: Total time for which application threads were stopped: 0,0004907 seconds, Stopping threads took: 0,0001022 seconds
2017-07-23T15:06:55.969+0200: 1,691: Total time for which application threads were stopped: 0,0003423 seconds, Stopping threads took: 0,0000716 seconds
2017-07-23T15:06:55.971+0200: 1,693: Total time for which application threads were stopped: 0,0001553 seconds, Stopping threads took: 0,0000156 seconds
2017-07-23T15:06:55.989+0200: 1,711: Total time for which application threads were stopped: 0,0001646 seconds, Stopping threads took: 0,0000114 seconds
2017-07-23T15:06:56.103+0200: 1,825: Total time for which application threads were stopped: 0,0002105 seconds, Stopping threads took: 0,0000166 seconds
2017-07-23T15:06:56.286+0200: 2,008: Total time for which application threads were stopped: 0,0002452 seconds, Stopping threads took: 0,0000294 seconds
{Heap before GC invocations=0 (full 0):
 par new generation   total 109248K, used 87424K [0x00000000e0000000, 0x00000000e8000000, 0x00000000e8000000)
  eden space 87424K, 100% used [0x00000000e0000000, 0x00000000e5560000, 0x00000000e5560000)
  from space 21824K,   0% used [0x00000000e5560000, 0x00000000e5560000, 0x00000000e6ab0000)
  to   space 21824K,   0% used [0x00000000e6ab0000, 0x00000000e6ab0000, 0x00000000e8000000)
 concurrent mark-sweep generation total 393216K, used 0K [0x00000000e8000000, 0x0000000100000000, 0x0000000100000000)
 Metaspace       used 17828K, capacity 18176K, committed 18304K, reserved 1064960K
  class space    used 2023K, capacity 2164K, committed 2176K, reserved 1048576K
2017-07-23T15:06:56.326+0200: 2,048: [GC (Allocation Failure) 2017-07-23T15:06:56.326+0200: 2,049: [ParNew
Desired survivor size 20112992 bytes, new threshold 8 (max 8)
- age   1:   11701512 bytes,   11701512 total
: 87424K->11547K(109248K), 0,0151029 secs] 87424K->11547K(502464K), 0,0151810 secs] [Times: user=0,04 sys=0,01, real=0,02 secs] 
Heap after GC invocations=1 (full 0):
 par new generation   total 109248K, used 11547K [0x00000000e0000000, 0x00000000e8000000, 0x00000000e8000000)
  eden space 87424K,   0% used [0x00000000e0000000, 0x00000000e0000000, 0x00000000e5560000)
  from space 21824K,  52% used [0x00000000e6ab0000, 0x00000000e75f6ca0, 0x00000000e8000000)
  to   space 21824K,   0% used [0x00000000e5560000, 0x00000000e5560000, 0x00000000e6ab0000)
 concurrent mark-sweep generation total 393216K, used 0K [0x00000000e8000000, 0x0000000100000000, 0x0000000100000000)
 Metaspace       used 17828K, capacity 18176K, committed 18304K, reserved 1064960K
  class space    used 2023K, capacity 2164K, committed 2176K, reserved 1048576K
}
2017-07-23T15:06:56.342+0200: 2,064: Total time for which application threads were stopped: 0,0153890 seconds, Stopping threads took: 0,0000508 seconds
2017-07-23T15:06:56.700+0200: 2,422: Total time for which application threads were stopped: 0,0003534 seconds, Stopping threads took: 0,0000392 seconds
{Heap before GC invocations=1 (full 0):
 par new generation   total 109248K, used 98971K [0x00000000e0000000, 0x00000000e8000000, 0x00000000e8000000)
  eden space 87424K, 100% used [0x00000000e0000000, 0x00000000e5560000, 0x00000000e5560000)
  from space 21824K,  52% used [0x00000000e6ab0000, 0x00000000e75f6ca0, 0x00000000e8000000)
  to   space 21824K,   0% used [0x00000000e5560000, 0x00000000e5560000, 0x00000000e6ab0000)
 concurrent mark-sweep generation total 393216K, used 0K [0x00000000e8000000, 0x0000000100000000, 0x0000000100000000)
 Metaspace       used 20037K, capacity 20362K, committed 20736K, reserved 1067008K
  class space    used 2294K, capacity 2469K, committed 2560K, reserved 1048576K
2017-07-23T15:06:56.737+0200: 2,459: [GC (Allocation Failure) 2017-07-23T15:06:56.737+0200: 2,460: [ParNew
Desired survivor size 20112992 bytes, new threshold 8 (max 8)
- age   1:    4161672 bytes,    4161672 total
- age   2:    6221384 bytes,   10383056 total
: 98971K->12880K(109248K), 0,0099160 secs] 98971K->12880K(502464K), 0,0099845 secs] [Times: user=0,03 sys=0,00, real=0,01 secs] 
Heap after GC invocations=2 (full 0):
 par new generation   total 109248K, used 12880K [0x00000000e0000000, 0x00000000e8000000, 0x00000000e8000000)
  eden space 87424K,   0% used [0x00000000e0000000, 0x00000000e0000000, 0x00000000e5560000)
  from space 21824K,  59% used [0x00000000e5560000, 0x00000000e61f4118, 0x00000000e6ab0000)
  to   space 21824K,   0% used [0x00000000e6ab0000, 0x00000000e6ab0000, 0x00000000e8000000)
 concurrent mark-sweep generation total 393216K, used 0K [0x00000000e8000000, 0x0000000100000000, 0x0000000100000000)
 Metaspace       used 20037K, capacity 20362K, committed 20736K, reserved 1067008K
  class space    used 2294K, capacity 2469K, committed 2560K, reserved 1048576K
}
2017-07-23T15:06:56.747+0200: 2,470: Total time for which application threads were stopped: 0,0147201 seconds, Stopping threads took: 0,0045877 seconds
2017-07-23T15:06:56.758+0200: 2,480: Total time for which application threads were stopped: 0,0029605 seconds, Stopping threads took: 0,0027142 seconds
2017-07-23T15:06:56.791+0200: 2,513: Total time for which application threads were stopped: 0,0003512 seconds, Stopping threads took: 0,0000550 seconds
2017-07-23T15:06:56.933+0200: 2,655: Total time for which application threads were stopped: 0,0001957 seconds, Stopping threads took: 0,0000814 seconds
{Heap before GC invocations=2 (full 0):
 par new generation   total 109248K, used 100304K [0x00000000e0000000, 0x00000000e8000000, 0x00000000e8000000)
  eden space 87424K, 100% used [0x00000000e0000000, 0x00000000e5560000, 0x00000000e5560000)
  from space 21824K,  59% used [0x00000000e5560000, 0x00000000e61f4118, 0x00000000e6ab0000)
  to   space 21824K,   0% used [0x00000000e6ab0000, 0x00000000e6ab0000, 0x00000000e8000000)
 concurrent mark-sweep generation total 393216K, used 0K [0x00000000e8000000, 0x0000000100000000, 0x0000000100000000)
 Metaspace       used 20971K, capacity 21284K, committed 21628K, reserved 1069056K
  class space    used 2416K, capacity 2588K, committed 2684K, reserved 1048576K
2017-07-23T15:06:56.971+0200: 2,693: [GC (Allocation Failure) 2017-07-23T15:06:56.971+0200: 2,693: [ParNew
Desired survivor size 20112992 bytes, new threshold 8 (max 8)
- age   1:    2129632 bytes,    2129632 total
- age   2:    1264152 bytes,    3393784 total
- age   3:    6219360 bytes,    9613144 total
: 100304K->14167K(109248K), 0,0106035 secs] 100304K->14167K(502464K), 0,0106915 secs] [Times: user=0,04 sys=0,00, real=0,01 secs] 
Heap after GC invocations=3 (full 0):
 par new generation   total 109248K, used 14167K [0x00000000e0000000, 0x00000000e8000000, 0x00000000e8000000)
  eden space 87424K,   0% used [0x00000000e0000000, 0x00000000e0000000, 0x00000000e5560000)
  from space 21824K,  64% used [0x00000000e6ab0000, 0x00000000e7885d10, 0x00000000e8000000)
  to   space 21824K,   0% used [0x00000000e5560000, 0x00000000e5560000, 0x00000000e6ab0000)
 concurrent mark-sweep generation total 393216K, used 0K [0x00000000e8000000, 0x0000000100000000, 0x0000000100000000)
 Metaspace       used 20971K, capacity 21284K, committed 21628K, reserved 1069056K
  class space    used 2416K, capacity 2588K, committed 2684K, reserved 1048576K
}
2017-07-23T15:06:56.982+0200: 2,704: Total time for which application threads were stopped: 0,0109058 seconds, Stopping threads took: 0,0000444 seconds
2017-07-23T15:06:56.986+0200: 2,708: [GC (CMS Initial Mark) [1 CMS-initial-mark: 0K(393216K)] 14885K(502464K), 0,0044345 secs] [Times: user=0,02 sys=0,00, real=0,01 secs] 
2017-07-23T15:06:56.990+0200: 2,712: Total time for which application threads were stopped: 0,0045966 seconds, Stopping threads took: 0,0000462 seconds
2017-07-23T15:06:56.990+0200: 2,712: [CMS-concurrent-mark-start]
2017-07-23T15:06:56.991+0200: 2,713: [CMS-concurrent-mark: 0,001/0,001 secs] [Times: user=0,00 sys=0,00, real=0,00 secs] 
2017-07-23T15:06:56.991+0200: 2,713: [CMS-concurrent-preclean-start]
2017-07-23T15:06:56.992+0200: 2,714: [CMS-concurrent-preclean: 0,001/0,001 secs] [Times: user=0,00 sys=0,00, real=0,00 secs] 
2017-07-23T15:06:56.992+0200: 2,714: [CMS-concurrent-abortable-preclean-start]
2017-07-23T15:06:57.061+0200: 2,783: Total time for which application threads were stopped: 0,0001809 seconds, Stopping threads took: 0,0001100 seconds
{Heap before GC invocations=3 (full 1):
 par new generation   total 109248K, used 101591K [0x00000000e0000000, 0x00000000e8000000, 0x00000000e8000000)
  eden space 87424K, 100% used [0x00000000e0000000, 0x00000000e5560000, 0x00000000e5560000)
  from space 21824K,  64% used [0x00000000e6ab0000, 0x00000000e7885d10, 0x00000000e8000000)
  to   space 21824K,   0% used [0x00000000e5560000, 0x00000000e5560000, 0x00000000e6ab0000)
 concurrent mark-sweep generation total 393216K, used 0K [0x00000000e8000000, 0x0000000100000000, 0x0000000100000000)
 Metaspace       used 21242K, capacity 21614K, committed 21884K, reserved 1069056K
  class space    used 2445K, capacity 2602K, committed 2684K, reserved 1048576K
2017-07-23T15:06:57.097+0200: 2,819: [GC (Allocation Failure) 2017-07-23T15:06:57.097+0200: 2,819: [ParNew
Desired survivor size 20112992 bytes, new threshold 8 (max 8)
- age   1:    1112376 bytes,    1112376 total
- age   2:    1476904 bytes,    2589280 total
- age   3:    1231264 bytes,    3820544 total
- age   4:    6219344 bytes,   10039888 total
: 101591K->11770K(109248K), 0,0117567 secs] 101591K->11770K(502464K), 0,0118319 secs] [Times: user=0,04 sys=0,00, real=0,01 secs] 
Heap after GC invocations=4 (full 1):
 par new generation   total 109248K, used 11770K [0x00000000e0000000, 0x00000000e8000000, 0x00000000e8000000)
  eden space 87424K,   0% used [0x00000000e0000000, 0x00000000e0000000, 0x00000000e5560000)
  from space 21824K,  53% used [0x00000000e5560000, 0x00000000e60de990, 0x00000000e6ab0000)
  to   space 21824K,   0% used [0x00000000e6ab0000, 0x00000000e6ab0000, 0x00000000e8000000)
 concurrent mark-sweep generation total 393216K, used 0K [0x00000000e8000000, 0x0000000100000000, 0x0000000100000000)
 Metaspace       used 21242K, capacity 21614K, committed 21884K, reserved 1069056K
  class space    used 2445K, capacity 2602K, committed 2684K, reserved 1048576K
}
2017-07-23T15:06:57.109+0200: 2,831: Total time for which application threads were stopped: 0,0120754 seconds, Stopping threads took: 0,0000951 seconds
2017-07-23T15:06:57.109+0200: 2,831: [CMS-concurrent-abortable-preclean: 0,069/0,116 secs] [Times: user=0,44 sys=0,00, real=0,11 secs] 
2017-07-23T15:06:57.109+0200: 2,831: [GC (CMS Final Remark) [YG occupancy: 13153 K (109248 K)]{Heap before GC invocations=4 (full 1):
 par new generation   total 109248K, used 13153K [0x00000000e0000000, 0x00000000e8000000, 0x00000000e8000000)
  eden space 87424K,   1% used [0x00000000e0000000, 0x00000000e0159bf0, 0x00000000e5560000)
  from space 21824K,  53% used [0x00000000e5560000, 0x00000000e60de990, 0x00000000e6ab0000)
  to   space 21824K,   0% used [0x00000000e6ab0000, 0x00000000e6ab0000, 0x00000000e8000000)
 concurrent mark-sweep generation total 393216K, used 0K [0x00000000e8000000, 0x0000000100000000, 0x0000000100000000)
 Metaspace       used 21242K, capacity 21614K, committed 21884K, reserved 1069056K
  class space    used 2445K, capacity 2602K, committed 2684K, reserved 1048576K
2017-07-23T15:06:57.109+0200: 2,831: [GC (CMS Final Remark) 2017-07-23T15:06:57.109+0200: 2,831: [ParNew
Desired survivor size 20112992 bytes, new threshold 8 (max 8)
- age   1:      84792 bytes,      84792 total
- age   2:     719352 bytes,     804144 total
- age   3:    1476904 bytes,    2281048 total
- age   4:    1231264 bytes,    3512312 total
- age   5:    6219344 bytes,    9731656 total
: 13153K->12795K(109248K), 0,0124895 secs] 13153K->12795K(502464K), 0,0125342 secs] [Times: user=0,05 sys=0,00, real=0,02 secs] 
Heap after GC invocations=5 (full 1):
 par new generation   total 109248K, used 12795K [0x00000000e0000000, 0x00000000e8000000, 0x00000000e8000000)
  eden space 87424K,   0% used [0x00000000e0000000, 0x00000000e0000000, 0x00000000e5560000)
  from space 21824K,  58% used [0x00000000e6ab0000, 0x00000000e772ef00, 0x00000000e8000000)
  to   space 21824K,   0% used [0x00000000e5560000, 0x00000000e5560000, 0x00000000e6ab0000)
 concurrent mark-sweep generation total 393216K, used 0K [0x00000000e8000000, 0x0000000100000000, 0x0000000100000000)
 Metaspace       used 21242K, capacity 21614K, committed 21884K, reserved 1069056K
  class space    used 2445K, capacity 2602K, committed 2684K, reserved 1048576K
}
2017-07-23T15:06:57.122+0200: 2,844: [Rescan (parallel) , 0,0032438 secs]2017-07-23T15:06:57.125+0200: 2,847: [weak refs processing, 0,0007840 secs]2017-07-23T15:06:57.126+0200: 2,848: [class unloading, 0,0028372 secs]2017-07-23T15:06:57.129+0200: 2,851: [scrub symbol table, 0,0029721 secs]2017-07-23T15:06:57.131+0200: 2,854: [scrub string table, 0,0003969 secs][1 CMS-remark: 0K(393216K)] 12795K(502464K), 0,0234609 secs] [Times: user=0,07 sys=0,00, real=0,03 secs] 
2017-07-23T15:06:57.132+0200: 2,855: Total time for which application threads were stopped: 0,0235921 seconds, Stopping threads took: 0,0000514 seconds
2017-07-23T15:06:57.133+0200: 2,855: [CMS-concurrent-sweep-start]
2017-07-23T15:06:57.133+0200: 2,855: [CMS-concurrent-sweep: 0,000/0,000 secs] [Times: user=0,00 sys=0,00, real=0,00 secs] 
2017-07-23T15:06:57.133+0200: 2,855: [CMS-concurrent-reset-start]
2017-07-23T15:06:57.138+0200: 2,860: [CMS-concurrent-reset: 0,005/0,005 secs] [Times: user=0,02 sys=0,00, real=0,00 secs] 
{Heap before GC invocations=5 (full 1):
 par new generation   total 109248K, used 100219K [0x00000000e0000000, 0x00000000e8000000, 0x00000000e8000000)
  eden space 87424K, 100% used [0x00000000e0000000, 0x00000000e5560000, 0x00000000e5560000)
  from space 21824K,  58% used [0x00000000e6ab0000, 0x00000000e772ef00, 0x00000000e8000000)
  to   space 21824K,   0% used [0x00000000e5560000, 0x00000000e5560000, 0x00000000e6ab0000)
 concurrent mark-sweep generation total 393216K, used 0K [0x00000000e8000000, 0x0000000100000000, 0x0000000100000000)
 Metaspace       used 21367K, capacity 21784K, committed 21884K, reserved 1069056K
  class space    used 2464K, capacity 2636K, committed 2684K, reserved 1048576K
2017-07-23T15:06:57.220+0200: 2,942: [GC (Allocation Failure) 2017-07-23T15:06:57.220+0200: 2,942: [ParNew
Desired survivor size 20112992 bytes, new threshold 8 (max 8)
- age   1:     582088 bytes,     582088 total
- age   3:     170888 bytes,     752976 total
- age   4:    1476680 bytes,    2229656 total
- age   5:    1227376 bytes,    3457032 total
- age   6:    6219896 bytes,    9676928 total
: 100219K->11392K(109248K), 0,0094340 secs] 100219K->11392K(502464K), 0,0095148 secs] [Times: user=0,04 sys=0,00, real=0,01 secs] 
Heap after GC invocations=6 (full 1):
 par new generation   total 109248K, used 11392K [0x00000000e0000000, 0x00000000e8000000, 0x00000000e8000000)
  eden space 87424K,   0% used [0x00000000e0000000, 0x00000000e0000000, 0x00000000e5560000)
  from space 21824K,  52% used [0x00000000e5560000, 0x00000000e6080380, 0x00000000e6ab0000)
  to   space 21824K,   0% used [0x00000000e6ab0000, 0x00000000e6ab0000, 0x00000000e8000000)
 concurrent mark-sweep generation total 393216K, used 0K [0x00000000e8000000, 0x0000000100000000, 0x0000000100000000)
 Metaspace       used 21367K, capacity 21784K, committed 21884K, reserved 1069056K
  class space    used 2464K, capacity 2636K, committed 2684K, reserved 1048576K
}
2017-07-23T15:06:57.229+0200: 2,951: Total time for which application threads were stopped: 0,0096996 seconds, Stopping threads took: 0,0000533 seconds
2017-07-23T15:06:57.263+0200: 2,985: Total time for which application threads were stopped: 0,0003168 seconds, Stopping threads took: 0,0000240 seconds
2017-07-23T15:06:57.500+0200: 3,222: Total time for which application threads were stopped: 0,0004416 seconds, Stopping threads took: 0,0000387 seconds
2017-07-23T15:06:57.515+0200: 3,238: Total time for which application threads were stopped: 0,0004017 seconds, Stopping threads took: 0,0000443 seconds
{Heap before GC invocations=6 (full 1):
 par new generation   total 109248K, used 98816K [0x00000000e0000000, 0x00000000e8000000, 0x00000000e8000000)
  eden space 87424K, 100% used [0x00000000e0000000, 0x00000000e5560000, 0x00000000e5560000)
  from space 21824K,  52% used [0x00000000e5560000, 0x00000000e6080380, 0x00000000e6ab0000)
  to   space 21824K,   0% used [0x00000000e6ab0000, 0x00000000e6ab0000, 0x00000000e8000000)
 concurrent mark-sweep generation total 393216K, used 0K [0x00000000e8000000, 0x0000000100000000, 0x0000000100000000)
 Metaspace       used 23888K, capacity 24394K, committed 24572K, reserved 1071104K
  class space    used 2818K, capacity 3013K, committed 3068K, reserved 1048576K
2017-07-23T15:06:57.641+0200: 3,363: [GC (Allocation Failure) 2017-07-23T15:06:57.641+0200: 3,363: [ParNew
Desired survivor size 20112992 bytes, new threshold 8 (max 8)
- age   1:    5207496 bytes,    5207496 total
- age   2:     121424 bytes,    5328920 total
- age   4:     169336 bytes,    5498256 total
- age   5:     306968 bytes,    5805224 total
- age   6:    1203056 bytes,    7008280 total
- age   7:    6211256 bytes,   13219536 total
: 98816K->17022K(109248K), 0,0114206 secs] 98816K->17022K(502464K), 0,0114816 secs] [Times: user=0,05 sys=0,00, real=0,01 secs] 
Heap after GC invocations=7 (full 1):
 par new generation   total 109248K, used 17022K [0x00000000e0000000, 0x00000000e8000000, 0x00000000e8000000)
  eden space 87424K,   0% used [0x00000000e0000000, 0x00000000e0000000, 0x00000000e5560000)
  from space 21824K,  77% used [0x00000000e6ab0000, 0x00000000e7b4fa80, 0x00000000e8000000)
  to   space 21824K,   0% used [0x00000000e5560000, 0x00000000e5560000, 0x00000000e6ab0000)
 concurrent mark-sweep generation total 393216K, used 0K [0x00000000e8000000, 0x0000000100000000, 0x0000000100000000)
 Metaspace       used 23888K, capacity 24394K, committed 24572K, reserved 1071104K
  class space    used 2818K, capacity 3013K, committed 3068K, reserved 1048576K
}
2017-07-23T15:06:57.653+0200: 3,375: Total time for which application threads were stopped: 0,0117571 seconds, Stopping threads took: 0,0000918 seconds
{Heap before GC invocations=7 (full 1):
 par new generation   total 109248K, used 104446K [0x00000000e0000000, 0x00000000e8000000, 0x00000000e8000000)
  eden space 87424K, 100% used [0x00000000e0000000, 0x00000000e5560000, 0x00000000e5560000)
  from space 21824K,  77% used [0x00000000e6ab0000, 0x00000000e7b4fa80, 0x00000000e8000000)
  to   space 21824K,   0% used [0x00000000e5560000, 0x00000000e5560000, 0x00000000e6ab0000)
 concurrent mark-sweep generation total 393216K, used 0K [0x00000000e8000000, 0x0000000100000000, 0x0000000100000000)
 Metaspace       used 24550K, capacity 24976K, committed 25212K, reserved 1071104K
  class space    used 2873K, capacity 3078K, committed 3196K, reserved 1048576K
2017-07-23T15:06:57.755+0200: 3,477: [GC (Allocation Failure) 2017-07-23T15:06:57.755+0200: 3,477: [ParNew
Desired survivor size 20112992 bytes, new threshold 8 (max 8)
- age   1:    1803024 bytes,    1803024 total
- age   2:    1782592 bytes,    3585616 total
- age   3:      57720 bytes,    3643336 total
- age   5:     101528 bytes,    3744864 total
- age   6:     200784 bytes,    3945648 total
- age   7:     947280 bytes,    4892928 total
- age   8:    5898968 bytes,   10791896 total
: 104446K->13937K(109248K), 0,0170208 secs] 104446K->13937K(502464K), 0,0171022 secs] [Times: user=0,06 sys=0,00, real=0,02 secs] 
Heap after GC invocations=8 (full 1):
 par new generation   total 109248K, used 13937K [0x00000000e0000000, 0x00000000e8000000, 0x00000000e8000000)
  eden space 87424K,   0% used [0x00000000e0000000, 0x00000000e0000000, 0x00000000e5560000)
  from space 21824K,  63% used [0x00000000e5560000, 0x00000000e62fc780, 0x00000000e6ab0000)
  to   space 21824K,   0% used [0x00000000e6ab0000, 0x00000000e6ab0000, 0x00000000e8000000)
 concurrent mark-sweep generation total 393216K, used 0K [0x00000000e8000000, 0x0000000100000000, 0x0000000100000000)
 Metaspace       used 24550K, capacity 24976K, committed 25212K, reserved 1071104K
  class space    used 2873K, capacity 3078K, committed 3196K, reserved 1048576K
}
2017-07-23T15:06:57.772+0200: 3,494: Total time for which application threads were stopped: 0,0174607 seconds, Stopping threads took: 0,0001991 seconds
{Heap before GC invocations=8 (full 1):
 par new generation   total 109248K, used 101352K [0x00000000e0000000, 0x00000000e8000000, 0x00000000e8000000)
  eden space 87424K,  99% used [0x00000000e0000000, 0x00000000e555da38, 0x00000000e5560000)
  from space 21824K,  63% used [0x00000000e5560000, 0x00000000e62fc780, 0x00000000e6ab0000)
  to   space 21824K,   0% used [0x00000000e6ab0000, 0x00000000e6ab0000, 0x00000000e8000000)
 concurrent mark-sweep generation total 393216K, used 0K [0x00000000e8000000, 0x0000000100000000, 0x0000000100000000)
 Metaspace       used 24920K, capacity 25392K, committed 25724K, reserved 1071104K
  class space    used 2905K, capacity 3084K, committed 3196K, reserved 1048576K
2017-07-23T15:06:57.862+0200: 3,584: [GC (Allocation Failure) 2017-07-23T15:06:57.862+0200: 3,584: [ParNew
Desired survivor size 20112992 bytes, new threshold 8 (max 8)
- age   1:     782832 bytes,     782832 total
- age   2:    1048136 bytes,    1830968 total
- age   3:    1772072 bytes,    3603040 total
- age   4:      55272 bytes,    3658312 total
- age   6:     101360 bytes,    3759672 total
- age   7:     200320 bytes,    3959992 total
- age   8:     946512 bytes,    4906504 total
: 101352K->8541K(109248K), 0,0449035 secs] 101352K->14384K(502464K), 0,0449772 secs] [Times: user=0,15 sys=0,00, real=0,04 secs] 
Heap after GC invocations=9 (full 1):
 par new generation   total 109248K, used 8541K [0x00000000e0000000, 0x00000000e8000000, 0x00000000e8000000)
  eden space 87424K,   0% used [0x00000000e0000000, 0x00000000e0000000, 0x00000000e5560000)
  from space 21824K,  39% used [0x00000000e6ab0000, 0x00000000e7307610, 0x00000000e8000000)
  to   space 21824K,   0% used [0x00000000e5560000, 0x00000000e5560000, 0x00000000e6ab0000)
 concurrent mark-sweep generation total 393216K, used 5843K [0x00000000e8000000, 0x0000000100000000, 0x0000000100000000)
 Metaspace       used 24920K, capacity 25392K, committed 25724K, reserved 1071104K
  class space    used 2905K, capacity 3084K, committed 3196K, reserved 1048576K
}
2017-07-23T15:06:57.907+0200: 3,629: Total time for which application threads were stopped: 0,0451932 seconds, Stopping threads took: 0,0000794 seconds
2017-07-23T15:06:58.124+0200: 3,846: Total time for which application threads were stopped: 0,0004640 seconds, Stopping threads took: 0,0000228 seconds
2017-07-23T15:06:58.177+0200: 3,899: Total time for which application threads were stopped: 0,0004407 seconds, Stopping threads took: 0,0000259 seconds
2017-07-23T15:06:58.194+0200: 3,916: Total time for which application threads were stopped: 0,0004080 seconds, Stopping threads took: 0,0000303 seconds
2017-07-23T15:06:58.282+0200: 4,004: Total time for which application threads were stopped: 0,0035931 seconds, Stopping threads took: 0,0031079 seconds
2017-07-23T15:06:58.334+0200: 4,056: Total time for which application threads were stopped: 0,0006315 seconds, Stopping threads took: 0,0001265 seconds
2017-07-23T15:06:58.334+0200: 4,056: Total time for which application threads were stopped: 0,0001107 seconds, Stopping threads took: 0,0000351 seconds
2017-07-23T15:06:58.336+0200: 4,058: Total time for which application threads were stopped: 0,0003656 seconds, Stopping threads took: 0,0002941 seconds
2017-07-23T15:06:58.336+0200: 4,058: Total time for which application threads were stopped: 0,0000713 seconds, Stopping threads took: 0,0000322 seconds
2017-07-23T15:06:58.337+0200: 4,059: Total time for which application threads were stopped: 0,0001104 seconds, Stopping threads took: 0,0000399 seconds
2017-07-23T15:06:58.337+0200: 4,059: Total time for which application threads were stopped: 0,0001215 seconds, Stopping threads took: 0,0000352 seconds
2017-07-23T15:06:58.338+0200: 4,060: Total time for which application threads were stopped: 0,0001034 seconds, Stopping threads took: 0,0000384 seconds
2017-07-23T15:06:58.338+0200: 4,061: Total time for which application threads were stopped: 0,0000904 seconds, Stopping threads took: 0,0000330 seconds
2017-07-23T15:06:58.339+0200: 4,061: Total time for which application threads were stopped: 0,0000936 seconds, Stopping threads took: 0,0000362 seconds
2017-07-23T15:06:58.340+0200: 4,062: Total time for which application threads were stopped: 0,0000961 seconds, Stopping threads took: 0,0000393 seconds
2017-07-23T15:06:58.341+0200: 4,063: Total time for which application threads were stopped: 0,0000919 seconds, Stopping threads took: 0,0000335 seconds
2017-07-23T15:06:58.341+0200: 4,063: Total time for which application threads were stopped: 0,0000985 seconds, Stopping threads took: 0,0000255 seconds
2017-07-23T15:06:58.342+0200: 4,064: Total time for which application threads were stopped: 0,0000750 seconds, Stopping threads took: 0,0000224 seconds
2017-07-23T15:06:58.343+0200: 4,065: Total time for which application threads were stopped: 0,0001213 seconds, Stopping threads took: 0,0000486 seconds
2017-07-23T15:06:58.343+0200: 4,065: Total time for which application threads were stopped: 0,0000944 seconds, Stopping threads took: 0,0000288 seconds
2017-07-23T15:06:58.343+0200: 4,065: Total time for which application threads were stopped: 0,0000515 seconds, Stopping threads took: 0,0000110 seconds
2017-07-23T15:06:58.343+0200: 4,065: Total time for which application threads were stopped: 0,0000670 seconds, Stopping threads took: 0,0000204 seconds
2017-07-23T15:06:58.344+0200: 4,066: Total time for which application threads were stopped: 0,0000699 seconds, Stopping threads took: 0,0000220 seconds
2017-07-23T15:06:58.344+0200: 4,066: Total time for which application threads were stopped: 0,0000696 seconds, Stopping threads took: 0,0000217 seconds
2017-07-23T15:06:58.344+0200: 4,066: Total time for which application threads were stopped: 0,0000665 seconds, Stopping threads took: 0,0000209 seconds
2017-07-23T15:06:58.345+0200: 4,067: Total time for which application threads were stopped: 0,0000732 seconds, Stopping threads took: 0,0000244 seconds
2017-07-23T15:06:58.345+0200: 4,067: Total time for which application threads were stopped: 0,0001563 seconds, Stopping threads took: 0,0000225 seconds
2017-07-23T15:06:58.346+0200: 4,068: Total time for which application threads were stopped: 0,0000909 seconds, Stopping threads took: 0,0000279 seconds
2017-07-23T15:06:58.352+0200: 4,074: Total time for which application threads were stopped: 0,0001576 seconds, Stopping threads took: 0,0000713 seconds
2017-07-23T15:06:58.369+0200: 4,092: Total time for which application threads were stopped: 0,0002456 seconds, Stopping threads took: 0,0001454 seconds
2017-07-23T15:06:58.381+0200: 4,103: Total time for which application threads were stopped: 0,0027569 seconds, Stopping threads took: 0,0026440 seconds
2017-07-23T15:06:58.383+0200: 4,105: Total time for which application threads were stopped: 0,0010944 seconds, Stopping threads took: 0,0010517 seconds
2017-07-23T15:06:58.395+0200: 4,117: Total time for which application threads were stopped: 0,0005346 seconds, Stopping threads took: 0,0004761 seconds
2017-07-23T15:06:58.399+0200: 4,121: Total time for which application threads were stopped: 0,0001539 seconds, Stopping threads took: 0,0000743 seconds
2017-07-23T15:06:58.413+0200: 4,136: Total time for which application threads were stopped: 0,0001500 seconds, Stopping threads took: 0,0000658 seconds
2017-07-23T15:06:58.426+0200: 4,148: Total time for which application threads were stopped: 0,0001425 seconds, Stopping threads took: 0,0000536 seconds
2017-07-23T15:06:58.426+0200: 4,148: Total time for which application threads were stopped: 0,0000959 seconds, Stopping threads took: 0,0000237 seconds
2017-07-23T15:06:58.426+0200: 4,149: Total time for which application threads were stopped: 0,0004272 seconds, Stopping threads took: 0,0000134 seconds
2017-07-23T15:06:58.427+0200: 4,149: Total time for which application threads were stopped: 0,0001198 seconds, Stopping threads took: 0,0000409 seconds
2017-07-23T15:06:58.428+0200: 4,150: Total time for which application threads were stopped: 0,0001261 seconds, Stopping threads took: 0,0000439 seconds
2017-07-23T15:06:58.431+0200: 4,153: Total time for which application threads were stopped: 0,0009916 seconds, Stopping threads took: 0,0008881 seconds
2017-07-23T15:06:58.433+0200: 4,155: Total time for which application threads were stopped: 0,0007983 seconds, Stopping threads took: 0,0007101 seconds
2017-07-23T15:06:58.436+0200: 4,158: Total time for which application threads were stopped: 0,0001468 seconds, Stopping threads took: 0,0000589 seconds
2017-07-23T15:06:58.436+0200: 4,158: Total time for which application threads were stopped: 0,0000979 seconds, Stopping threads took: 0,0000335 seconds
2017-07-23T15:06:58.437+0200: 4,159: Total time for which application threads were stopped: 0,0007848 seconds, Stopping threads took: 0,0007111 seconds
2017-07-23T15:06:58.442+0200: 4,164: Total time for which application threads were stopped: 0,0001217 seconds, Stopping threads took: 0,0000356 seconds
2017-07-23T15:06:58.443+0200: 4,165: Total time for which application threads were stopped: 0,0000751 seconds, Stopping threads took: 0,0000129 seconds
2017-07-23T15:06:58.445+0200: 4,167: Total time for which application threads were stopped: 0,0021624 seconds, Stopping threads took: 0,0020862 seconds
2017-07-23T15:06:58.450+0200: 4,172: Total time for which application threads were stopped: 0,0001746 seconds, Stopping threads took: 0,0000700 seconds
2017-07-23T15:06:58.451+0200: 4,173: Total time for which application threads were stopped: 0,0001531 seconds, Stopping threads took: 0,0000428 seconds
2017-07-23T15:06:58.452+0200: 4,174: Total time for which application threads were stopped: 0,0001572 seconds, Stopping threads took: 0,0000414 seconds
2017-07-23T15:06:59.452+0200: 5,174: Total time for which application threads were stopped: 0,0000751 seconds, Stopping threads took: 0,0000162 seconds
2017-07-23T15:07:00.452+0200: 6,174: Total time for which application threads were stopped: 0,0000784 seconds, Stopping threads took: 0,0000193 seconds
2017-07-23T15:07:01.452+0200: 7,175: Total time for which application threads were stopped: 0,0000712 seconds, Stopping threads took: 0,0000189 seconds
2017-07-23T15:07:15.454+0200: 21,176: Total time for which application threads were stopped: 0,0000972 seconds, Stopping threads took: 0,0000223 seconds
2017-07-23T15:07:26.457+0200: 32,179: Total time for which application threads were stopped: 0,0000636 seconds, Stopping threads took: 0,0000169 seconds
{Heap before GC invocations=9 (full 1):
 par new generation   total 109248K, used 95965K [0x00000000e0000000, 0x00000000e8000000, 0x00000000e8000000)
  eden space 87424K, 100% used [0x00000000e0000000, 0x00000000e5560000, 0x00000000e5560000)
  from space 21824K,  39% used [0x00000000e6ab0000, 0x00000000e7307610, 0x00000000e8000000)
  to   space 21824K,   0% used [0x00000000e5560000, 0x00000000e5560000, 0x00000000e6ab0000)
 concurrent mark-sweep generation total 393216K, used 5843K [0x00000000e8000000, 0x0000000100000000, 0x0000000100000000)
 Metaspace       used 27987K, capacity 28490K, committed 28796K, reserved 1075200K
  class space    used 3212K, capacity 3389K, committed 3452K, reserved 1048576K
2017-07-23T15:07:30.273+0200: 35,995: [GC (Allocation Failure) 2017-07-23T15:07:30.273+0200: 35,995: [ParNew
Desired survivor size 20112992 bytes, new threshold 8 (max 8)
- age   1:   10803096 bytes,   10803096 total
- age   2:     208328 bytes,   11011424 total
- age   3:     263912 bytes,   11275336 total
- age   4:    1767208 bytes,   13042544 total
- age   5:      55272 bytes,   13097816 total
- age   7:     101232 bytes,   13199048 total
- age   8:     200224 bytes,   13399272 total
: 95965K->14228K(109248K), 0,0144423 secs] 101808K->21112K(502464K), 0,0145207 secs] [Times: user=0,05 sys=0,00, real=0,01 secs] 
Heap after GC invocations=10 (full 1):
 par new generation   total 109248K, used 14228K [0x00000000e0000000, 0x00000000e8000000, 0x00000000e8000000)
  eden space 87424K,   0% used [0x00000000e0000000, 0x00000000e0000000, 0x00000000e5560000)
  from space 21824K,  65% used [0x00000000e5560000, 0x00000000e6345290, 0x00000000e6ab0000)
  to   space 21824K,   0% used [0x00000000e6ab0000, 0x00000000e6ab0000, 0x00000000e8000000)
 concurrent mark-sweep generation total 393216K, used 6883K [0x00000000e8000000, 0x0000000100000000, 0x0000000100000000)
 Metaspace       used 27987K, capacity 28490K, committed 28796K, reserved 1075200K
  class space    used 3212K, capacity 3389K, committed 3452K, reserved 1048576K
}
2017-07-23T15:07:30.288+0200: 36,010: Total time for which application threads were stopped: 0,0146641 seconds, Stopping threads took: 0,0000305 seconds
2017-07-23T15:08:00.294+0200: 66,016: Total time for which application threads were stopped: 0,0000658 seconds, Stopping threads took: 0,0000167 seconds
2017-07-23T15:08:25.298+0200: 91,020: Total time for which application threads were stopped: 0,0000609 seconds, Stopping threads took: 0,0000155 seconds
2017-07-23T15:08:51.302+0200: 117,024: Total time for which application threads were stopped: 0,0007147 seconds, Stopping threads took: 0,0002942 seconds
2017-07-23T15:08:56.303+0200: 122,025: Total time for which application threads were stopped: 0,0005929 seconds, Stopping threads took: 0,0001834 seconds
2017-07-23T15:09:55.309+0200: 181,031: Total time for which application threads were stopped: 0,0000977 seconds, Stopping threads took: 0,0000373 seconds
2017-07-23T15:10:00.309+0200: 186,031: Total time for which application threads were stopped: 0,0000786 seconds, Stopping threads took: 0,0000225 seconds
2017-07-23T15:30:25.432+0200: 1411,154: Total time for which application threads were stopped: 0,0000730 seconds, Stopping threads took: 0,0000290 seconds
2017-07-23T15:34:56.462+0200: 1682,184: Total time for which application threads were stopped: 0,0000894 seconds, Stopping threads took: 0,0000347 seconds
2017-07-23T15:42:51.515+0200: 2157,237: Total time for which application threads were stopped: 0,0003316 seconds, Stopping threads took: 0,0001802 seconds
2017-07-23T15:45:45.534+0200: 2331,256: Total time for which application threads were stopped: 0,0000784 seconds, Stopping threads took: 0,0000308 seconds
2017-07-23T15:45:46.534+0200: 2332,256: Total time for which application threads were stopped: 0,0000601 seconds, Stopping threads took: 0,0000137 seconds
2017-07-23T16:04:16.642+0200: 3442,364: Total time for which application threads were stopped: 0,0000859 seconds, Stopping threads took: 0,0000365 seconds
2017-07-23T16:12:10.689+0200: 3916,411: Total time for which application threads were stopped: 0,0000872 seconds, Stopping threads took: 0,0000358 seconds
2017-07-23T16:12:15.690+0200: 3921,412: Total time for which application threads were stopped: 0,0000722 seconds, Stopping threads took: 0,0000180 seconds
2017-07-23T16:12:56.694+0200: 3962,416: Total time for which application threads were stopped: 0,0001089 seconds, Stopping threads took: 0,0000412 seconds
2017-07-23T16:30:11.805+0200: 4997,527: Total time for which application threads were stopped: 0,0005392 seconds, Stopping threads took: 0,0001982 seconds
2017-07-23T16:30:46.808+0200: 5032,530: Total time for which application threads were stopped: 0,0001017 seconds, Stopping threads took: 0,0000364 seconds
2017-07-23T17:02:31.967+0200: 6937,689: Total time for which application threads were stopped: 0,0000810 seconds, Stopping threads took: 0,0000306 seconds
2017-07-23T17:07:55.996+0200: 7261,718: Total time for which application threads were stopped: 0,0001038 seconds, Stopping threads took: 0,0000433 seconds
2017-07-23T17:08:56.002+0200: 7321,724: Total time for which application threads were stopped: 0,0001239 seconds, Stopping threads took: 0,0000521 seconds
2017-07-23T17:12:12.018+0200: 7517,740: Total time for which application threads were stopped: 0,0000847 seconds, Stopping threads took: 0,0000275 seconds
2017-07-23T17:14:56.034+0200: 7681,756: Total time for which application threads were stopped: 0,0000773 seconds, Stopping threads took: 0,0000327 seconds
2017-07-23T17:15:26.037+0200: 7711,759: Total time for which application threads were stopped: 0,0001036 seconds, Stopping threads took: 0,0000407 seconds
2017-07-23T17:44:06.445+0200: 9432,167: Total time for which application threads were stopped: 0,0424667 seconds, Stopping threads took: 0,0423612 seconds
2017-07-23T17:44:06.446+0200: 9432,168: Total time for which application threads were stopped: 0,0001422 seconds, Stopping threads took: 0,0000750 seconds
2017-07-23T17:44:06.484+0200: 9432,206: Total time for which application threads were stopped: 0,0001920 seconds, Stopping threads took: 0,0001285 seconds
2017-07-23T17:44:06.488+0200: 9432,210: Total time for which application threads were stopped: 0,0004110 seconds, Stopping threads took: 0,0003080 seconds
2017-07-23T17:44:06.491+0200: 9432,213: Total time for which application threads were stopped: 0,0000847 seconds, Stopping threads took: 0,0000205 seconds
2017-07-23T17:44:06.493+0200: 9432,215: Total time for which application threads were stopped: 0,0001090 seconds, Stopping threads took: 0,0000202 seconds
Heap
 par new generation   total 109248K, used 36222K [0x00000000e0000000, 0x00000000e8000000, 0x00000000e8000000)
  eden space 87424K,  25% used [0x00000000e0000000, 0x00000000e157a630, 0x00000000e5560000)
  from space 21824K,  65% used [0x00000000e5560000, 0x00000000e6345290, 0x00000000e6ab0000)
  to   space 21824K,   0% used [0x00000000e6ab0000, 0x00000000e6ab0000, 0x00000000e8000000)
 concurrent mark-sweep generation total 393216K, used 6883K [0x00000000e8000000, 0x0000000100000000, 0x0000000100000000)
 Metaspace       used 28147K, capacity 28724K, committed 29052K, reserved 1075200K
  class space    used 3227K, capacity 3424K, committed 3452K, reserved 1048576K
