OpenJDK 64-Bit Server VM (25.111-b14) for linux-amd64 JRE (1.8.0_111-8u111-b14-2ubuntu0.16.04.2-b14), built on Oct 27 2016 18:10:19 by "buildd" with gcc 5.4.0 20160609
Memory: 4k page, physical 7867848k(7460448k free), swap 8076284k(8076284k free)
CommandLine flags: -XX:CMSInitiatingOccupancyFraction=50 -XX:CMSMaxAbortablePrecleanTime=6000 -XX:+CMSParallelRemarkEnabled -XX:+CMSScavengeBeforeRemark -XX:ConcGCThreads=4 -XX:InitialHeapSize=536870912 -XX:MaxHeapSize=536870912 -XX:MaxTenuringThreshold=8 -XX:NewRatio=3 -XX:OldPLABSize=16 -XX:OnOutOfMemoryError=/opt/solr/bin/oom_solr.sh 8983 /var/solr/logs -XX:ParallelGCThreads=4 -XX:+ParallelRefProcEnabled -XX:PretenureSizeThreshold=67108864 -XX:+PrintGC -XX:+PrintGCApplicationStoppedTime -XX:+PrintGCDateStamps -XX:+PrintGCDetails -XX:+PrintGCTimeStamps -XX:+PrintHeapAtGC -XX:+PrintTenuringDistribution -XX:SurvivorRatio=4 -XX:TargetSurvivorRatio=90 -XX:ThreadStackSize=256 -XX:+UseCMSInitiatingOccupancyOnly -XX:+UseCompressedClassPointers -XX:+UseCompressedOops -XX:+UseConcMarkSweepGC -XX:+UseParNewGC 
2016-11-23T22:02:40.879+0100: 0,115: Total time for which application threads were stopped: 0,0000680 seconds, Stopping threads took: 0,0000130 seconds
2016-11-23T22:02:40.943+0100: 0,179: Total time for which application threads were stopped: 0,0000950 seconds, Stopping threads took: 0,0000166 seconds
2016-11-23T22:02:40.952+0100: 0,188: Total time for which application threads were stopped: 0,0000686 seconds, Stopping threads took: 0,0000112 seconds
2016-11-23T22:02:41.077+0100: 0,313: Total time for which application threads were stopped: 0,0001514 seconds, Stopping threads took: 0,0000351 seconds
2016-11-23T22:02:41.237+0100: 0,473: Total time for which application threads were stopped: 0,0001042 seconds, Stopping threads took: 0,0000098 seconds
2016-11-23T22:02:41.287+0100: 0,523: Total time for which application threads were stopped: 0,0001838 seconds, Stopping threads took: 0,0000177 seconds
2016-11-23T22:02:41.301+0100: 0,537: Total time for which application threads were stopped: 0,0001406 seconds, Stopping threads took: 0,0000171 seconds
2016-11-23T22:02:41.467+0100: 0,702: Total time for which application threads were stopped: 0,0003024 seconds, Stopping threads took: 0,0000267 seconds
2016-11-23T22:02:41.616+0100: 0,852: Total time for which application threads were stopped: 0,0001983 seconds, Stopping threads took: 0,0000113 seconds
2016-11-23T22:02:41.631+0100: 0,867: Total time for which application threads were stopped: 0,0001715 seconds, Stopping threads took: 0,0000118 seconds
2016-11-23T22:02:41.632+0100: 0,868: Total time for which application threads were stopped: 0,0001126 seconds, Stopping threads took: 0,0000106 seconds
2016-11-23T22:02:41.642+0100: 0,878: Total time for which application threads were stopped: 0,0001587 seconds, Stopping threads took: 0,0000120 seconds
2016-11-23T22:02:41.709+0100: 0,945: Total time for which application threads were stopped: 0,0002431 seconds, Stopping threads took: 0,0000209 seconds
2016-11-23T22:02:41.912+0100: 1,148: Total time for which application threads were stopped: 0,0002128 seconds, Stopping threads took: 0,0000197 seconds
{Heap before GC invocations=0 (full 0):
 par new generation   total 109248K, used 87424K [0x00000000e0000000, 0x00000000e8000000, 0x00000000e8000000)
  eden space 87424K, 100% used [0x00000000e0000000, 0x00000000e5560000, 0x00000000e5560000)
  from space 21824K,   0% used [0x00000000e5560000, 0x00000000e5560000, 0x00000000e6ab0000)
  to   space 21824K,   0% used [0x00000000e6ab0000, 0x00000000e6ab0000, 0x00000000e8000000)
 concurrent mark-sweep generation total 393216K, used 0K [0x00000000e8000000, 0x0000000100000000, 0x0000000100000000)
 Metaspace       used 18102K, capacity 18366K, committed 18560K, reserved 1064960K
  class space    used 2053K, capacity 2162K, committed 2176K, reserved 1048576K
2016-11-23T22:02:42.029+0100: 1,264: [GC (Allocation Failure) 2016-11-23T22:02:42.029+0100: 1,264: [ParNew
Desired survivor size 20112992 bytes, new threshold 8 (max 8)
- age   1:   12322960 bytes,   12322960 total
: 87424K->12146K(109248K), 0,0164202 secs] 87424K->12146K(502464K), 0,0165162 secs] [Times: user=0,03 sys=0,03, real=0,02 secs] 
Heap after GC invocations=1 (full 0):
 par new generation   total 109248K, used 12146K [0x00000000e0000000, 0x00000000e8000000, 0x00000000e8000000)
  eden space 87424K,   0% used [0x00000000e0000000, 0x00000000e0000000, 0x00000000e5560000)
  from space 21824K,  55% used [0x00000000e6ab0000, 0x00000000e768c9c0, 0x00000000e8000000)
  to   space 21824K,   0% used [0x00000000e5560000, 0x00000000e5560000, 0x00000000e6ab0000)
 concurrent mark-sweep generation total 393216K, used 0K [0x00000000e8000000, 0x0000000100000000, 0x0000000100000000)
 Metaspace       used 18102K, capacity 18366K, committed 18560K, reserved 1064960K
  class space    used 2053K, capacity 2162K, committed 2176K, reserved 1048576K
}
2016-11-23T22:02:42.045+0100: 1,281: Total time for which application threads were stopped: 0,0167354 seconds, Stopping threads took: 0,0000283 seconds
2016-11-23T22:02:42.254+0100: 1,490: Total time for which application threads were stopped: 0,0003198 seconds, Stopping threads took: 0,0000220 seconds
2016-11-23T22:02:42.289+0100: 1,525: Total time for which application threads were stopped: 0,0003348 seconds, Stopping threads took: 0,0000482 seconds
2016-11-23T22:02:42.322+0100: 1,558: Total time for which application threads were stopped: 0,0002920 seconds, Stopping threads took: 0,0000228 seconds
{Heap before GC invocations=1 (full 0):
 par new generation   total 109248K, used 99570K [0x00000000e0000000, 0x00000000e8000000, 0x00000000e8000000)
  eden space 87424K, 100% used [0x00000000e0000000, 0x00000000e5560000, 0x00000000e5560000)
  from space 21824K,  55% used [0x00000000e6ab0000, 0x00000000e768c9c0, 0x00000000e8000000)
  to   space 21824K,   0% used [0x00000000e5560000, 0x00000000e5560000, 0x00000000e6ab0000)
 concurrent mark-sweep generation total 393216K, used 0K [0x00000000e8000000, 0x0000000100000000, 0x0000000100000000)
 Metaspace       used 20731K, capacity 21020K, committed 21248K, reserved 1069056K
  class space    used 2403K, capacity 2518K, committed 2560K, reserved 1048576K
2016-11-23T22:02:42.524+0100: 1,760: [GC (Allocation Failure) 2016-11-23T22:02:42.524+0100: 1,760: [ParNew
Desired survivor size 20112992 bytes, new threshold 8 (max 8)
- age   1:    2901488 bytes,    2901488 total
- age   2:    6167200 bytes,    9068688 total
: 99570K->11243K(109248K), 0,0186912 secs] 99570K->11243K(502464K), 0,0187644 secs] [Times: user=0,06 sys=0,00, real=0,02 secs] 
Heap after GC invocations=2 (full 0):
 par new generation   total 109248K, used 11243K [0x00000000e0000000, 0x00000000e8000000, 0x00000000e8000000)
  eden space 87424K,   0% used [0x00000000e0000000, 0x00000000e0000000, 0x00000000e5560000)
  from space 21824K,  51% used [0x00000000e5560000, 0x00000000e605ae20, 0x00000000e6ab0000)
  to   space 21824K,   0% used [0x00000000e6ab0000, 0x00000000e6ab0000, 0x00000000e8000000)
 concurrent mark-sweep generation total 393216K, used 0K [0x00000000e8000000, 0x0000000100000000, 0x0000000100000000)
 Metaspace       used 20731K, capacity 21020K, committed 21248K, reserved 1069056K
  class space    used 2403K, capacity 2518K, committed 2560K, reserved 1048576K
}
2016-11-23T22:02:42.543+0100: 1,779: Total time for which application threads were stopped: 0,0190344 seconds, Stopping threads took: 0,0000642 seconds
2016-11-23T22:02:42.627+0100: 1,863: Total time for which application threads were stopped: 0,0000916 seconds, Stopping threads took: 0,0000194 seconds
2016-11-23T22:02:42.675+0100: 1,911: Total time for which application threads were stopped: 0,0001162 seconds, Stopping threads took: 0,0000305 seconds
2016-11-23T22:02:42.676+0100: 1,912: Total time for which application threads were stopped: 0,0002692 seconds, Stopping threads took: 0,0000147 seconds
2016-11-23T22:02:42.705+0100: 1,941: Total time for which application threads were stopped: 0,0001002 seconds, Stopping threads took: 0,0000160 seconds
2016-11-23T22:02:42.801+0100: 2,037: Total time for which application threads were stopped: 0,0001063 seconds, Stopping threads took: 0,0000194 seconds
2016-11-23T22:02:42.828+0100: 2,064: Total time for which application threads were stopped: 0,0001376 seconds, Stopping threads took: 0,0000386 seconds
2016-11-23T22:02:42.838+0100: 2,073: Total time for which application threads were stopped: 0,0003512 seconds, Stopping threads took: 0,0000460 seconds
2016-11-23T22:02:42.849+0100: 2,085: Total time for which application threads were stopped: 0,0003131 seconds, Stopping threads took: 0,0000254 seconds
2016-11-23T22:02:42.870+0100: 2,106: Total time for which application threads were stopped: 0,0000986 seconds, Stopping threads took: 0,0000194 seconds
2016-11-23T22:02:43.019+0100: 2,255: Total time for which application threads were stopped: 0,0008433 seconds, Stopping threads took: 0,0001615 seconds
2016-11-23T22:02:43.060+0100: 2,296: Total time for which application threads were stopped: 0,0001186 seconds, Stopping threads took: 0,0000405 seconds
2016-11-23T22:02:43.092+0100: 2,328: Total time for which application threads were stopped: 0,0004922 seconds, Stopping threads took: 0,0004001 seconds
2016-11-23T22:02:43.170+0100: 2,405: Total time for which application threads were stopped: 0,0001164 seconds, Stopping threads took: 0,0000305 seconds
2016-11-23T22:02:43.270+0100: 2,506: Total time for which application threads were stopped: 0,0004403 seconds, Stopping threads took: 0,0003445 seconds
2016-11-23T22:02:43.330+0100: 2,566: Total time for which application threads were stopped: 0,0001277 seconds, Stopping threads took: 0,0000187 seconds
2016-11-23T22:02:43.368+0100: 2,603: Total time for which application threads were stopped: 0,0001250 seconds, Stopping threads took: 0,0000307 seconds
{Heap before GC invocations=2 (full 0):
 par new generation   total 109248K, used 98667K [0x00000000e0000000, 0x00000000e8000000, 0x00000000e8000000)
  eden space 87424K, 100% used [0x00000000e0000000, 0x00000000e5560000, 0x00000000e5560000)
  from space 21824K,  51% used [0x00000000e5560000, 0x00000000e605ae20, 0x00000000e6ab0000)
  to   space 21824K,   0% used [0x00000000e6ab0000, 0x00000000e6ab0000, 0x00000000e8000000)
 concurrent mark-sweep generation total 393216K, used 0K [0x00000000e8000000, 0x0000000100000000, 0x0000000100000000)
 Metaspace       used 24865K, capacity 25220K, committed 25536K, reserved 1071104K
  class space    used 2896K, capacity 3024K, committed 3064K, reserved 1048576K
2016-11-23T22:02:43.378+0100: 2,614: [GC (Allocation Failure) 2016-11-23T22:02:43.378+0100: 2,614: [ParNew
Desired survivor size 20112992 bytes, new threshold 8 (max 8)
- age   1:    6719640 bytes,    6719640 total
- age   2:     550136 bytes,    7269776 total
- age   3:    6083448 bytes,   13353224 total
: 98667K->19052K(109248K), 0,0176443 secs] 98667K->19052K(502464K), 0,0177246 secs] [Times: user=0,05 sys=0,01, real=0,02 secs] 
Heap after GC invocations=3 (full 0):
 par new generation   total 109248K, used 19052K [0x00000000e0000000, 0x00000000e8000000, 0x00000000e8000000)
  eden space 87424K,   0% used [0x00000000e0000000, 0x00000000e0000000, 0x00000000e5560000)
  from space 21824K,  87% used [0x00000000e6ab0000, 0x00000000e7d4b328, 0x00000000e8000000)
  to   space 21824K,   0% used [0x00000000e5560000, 0x00000000e5560000, 0x00000000e6ab0000)
 concurrent mark-sweep generation total 393216K, used 0K [0x00000000e8000000, 0x0000000100000000, 0x0000000100000000)
 Metaspace       used 24865K, capacity 25220K, committed 25536K, reserved 1071104K
  class space    used 2896K, capacity 3024K, committed 3064K, reserved 1048576K
}
2016-11-23T22:02:43.395+0100: 2,631: Total time for which application threads were stopped: 0,0178922 seconds, Stopping threads took: 0,0000281 seconds
2016-11-23T22:02:43.396+0100: 2,631: [GC (CMS Initial Mark) [1 CMS-initial-mark: 0K(393216K)] 19067K(502464K), 0,0036376 secs] [Times: user=0,01 sys=0,00, real=0,00 secs] 
2016-11-23T22:02:43.399+0100: 2,635: Total time for which application threads were stopped: 0,0037612 seconds, Stopping threads took: 0,0000301 seconds
2016-11-23T22:02:43.399+0100: 2,635: [CMS-concurrent-mark-start]
2016-11-23T22:02:43.400+0100: 2,636: [CMS-concurrent-mark: 0,000/0,000 secs] [Times: user=0,01 sys=0,00, real=0,00 secs] 
2016-11-23T22:02:43.400+0100: 2,636: [CMS-concurrent-preclean-start]
2016-11-23T22:02:43.400+0100: 2,636: [CMS-concurrent-preclean: 0,001/0,001 secs] [Times: user=0,00 sys=0,00, real=0,00 secs] 
2016-11-23T22:02:43.401+0100: 2,637: [GC (CMS Final Remark) [YG occupancy: 20471 K (109248 K)]{Heap before GC invocations=3 (full 1):
 par new generation   total 109248K, used 20471K [0x00000000e0000000, 0x00000000e8000000, 0x00000000e8000000)
  eden space 87424K,   1% used [0x00000000e0000000, 0x00000000e0162c48, 0x00000000e5560000)
  from space 21824K,  87% used [0x00000000e6ab0000, 0x00000000e7d4b328, 0x00000000e8000000)
  to   space 21824K,   0% used [0x00000000e5560000, 0x00000000e5560000, 0x00000000e6ab0000)
 concurrent mark-sweep generation total 393216K, used 0K [0x00000000e8000000, 0x0000000100000000, 0x0000000100000000)
 Metaspace       used 24890K, capacity 25316K, committed 25536K, reserved 1071104K
  class space    used 2898K, capacity 3056K, committed 3064K, reserved 1048576K
2016-11-23T22:02:43.401+0100: 2,637: [GC (CMS Final Remark) 2016-11-23T22:02:43.401+0100: 2,637: [ParNew
Desired survivor size 20112992 bytes, new threshold 8 (max 8)
- age   1:      10032 bytes,      10032 total
- age   2:    5561096 bytes,    5571128 total
- age   3:     550136 bytes,    6121264 total
- age   4:    6083448 bytes,   12204712 total
: 20471K->15765K(109248K), 0,0350622 secs] 20471K->15765K(502464K), 0,0351138 secs] [Times: user=0,04 sys=0,00, real=0,04 secs] 
Heap after GC invocations=4 (full 1):
 par new generation   total 109248K, used 15765K [0x00000000e0000000, 0x00000000e8000000, 0x00000000e8000000)
  eden space 87424K,   0% used [0x00000000e0000000, 0x00000000e0000000, 0x00000000e5560000)
  from space 21824K,  72% used [0x00000000e5560000, 0x00000000e64c57d8, 0x00000000e6ab0000)
  to   space 21824K,   0% used [0x00000000e6ab0000, 0x00000000e6ab0000, 0x00000000e8000000)
 concurrent mark-sweep generation total 393216K, used 0K [0x00000000e8000000, 0x0000000100000000, 0x0000000100000000)
 Metaspace       used 24890K, capacity 25316K, committed 25536K, reserved 1071104K
  class space    used 2898K, capacity 3056K, committed 3064K, reserved 1048576K
}
2016-11-23T22:02:43.436+0100: 2,672: [Rescan (parallel) , 0,0224891 secs]2016-11-23T22:02:43.458+0100: 2,694: [weak refs processing, 0,0217659 secs]2016-11-23T22:02:43.480+0100: 2,716: [class unloading, 0,0066491 secs]2016-11-23T22:02:43.487+0100: 2,723: [scrub symbol table, 0,0081563 secs]2016-11-23T22:02:43.495+0100: 2,731: [scrub string table, 0,0004974 secs][1 CMS-remark: 0K(393216K)] 15765K(502464K), 0,0957292 secs] [Times: user=0,10 sys=0,01, real=0,10 secs] 
2016-11-23T22:02:43.496+0100: 2,732: Total time for which application threads were stopped: 0,0959095 seconds, Stopping threads took: 0,0001104 seconds
2016-11-23T22:02:43.511+0100: 2,747: [CMS-concurrent-sweep-start]
2016-11-23T22:02:43.511+0100: 2,747: [CMS-concurrent-sweep: 0,000/0,000 secs] [Times: user=0,00 sys=0,00, real=0,00 secs] 
2016-11-23T22:02:43.511+0100: 2,747: [CMS-concurrent-reset-start]
2016-11-23T22:02:43.513+0100: 2,749: [CMS-concurrent-reset: 0,002/0,002 secs] [Times: user=0,01 sys=0,00, real=0,00 secs] 
2016-11-23T22:02:43.602+0100: 2,838: Total time for which application threads were stopped: 0,0008045 seconds, Stopping threads took: 0,0001267 seconds
2016-11-23T22:02:44.602+0100: 3,838: Total time for which application threads were stopped: 0,0000803 seconds, Stopping threads took: 0,0000165 seconds
2016-11-23T22:02:44.816+0100: 4,052: Total time for which application threads were stopped: 0,0002684 seconds, Stopping threads took: 0,0000147 seconds
2016-11-23T22:03:11.819+0100: 31,055: Total time for which application threads were stopped: 0,0000584 seconds, Stopping threads took: 0,0000157 seconds
2016-11-23T22:05:21.833+0100: 161,068: Total time for which application threads were stopped: 0,0000866 seconds, Stopping threads took: 0,0000352 seconds
2016-11-23T22:05:26.833+0100: 166,069: Total time for which application threads were stopped: 0,0000618 seconds, Stopping threads took: 0,0000168 seconds
2016-11-23T22:06:36.841+0100: 236,077: Total time for which application threads were stopped: 0,0001140 seconds, Stopping threads took: 0,0000486 seconds
2016-11-23T22:07:26.846+0100: 286,082: Total time for which application threads were stopped: 0,0000896 seconds, Stopping threads took: 0,0000356 seconds
2016-11-23T22:07:56.851+0100: 316,087: Total time for which application threads were stopped: 0,0007017 seconds, Stopping threads took: 0,0002605 seconds
2016-11-23T22:08:01.851+0100: 321,087: Total time for which application threads were stopped: 0,0000595 seconds, Stopping threads took: 0,0000159 seconds
2016-11-23T22:10:41.869+0100: 481,105: Total time for which application threads were stopped: 0,0000774 seconds, Stopping threads took: 0,0000327 seconds
2016-11-23T22:13:21.886+0100: 641,122: Total time for which application threads were stopped: 0,0001751 seconds, Stopping threads took: 0,0000621 seconds
2016-11-23T22:13:26.887+0100: 646,123: Total time for which application threads were stopped: 0,0001973 seconds, Stopping threads took: 0,0000565 seconds
2016-11-23T22:18:46.926+0100: 966,162: Total time for which application threads were stopped: 0,0001892 seconds, Stopping threads took: 0,0000643 seconds
2016-11-23T22:26:26.980+0100: 1426,215: Total time for which application threads were stopped: 0,0000838 seconds, Stopping threads took: 0,0000383 seconds
2016-11-23T22:31:07.014+0100: 1706,250: Total time for which application threads were stopped: 0,0000760 seconds, Stopping threads took: 0,0000323 seconds
2016-11-23T22:41:22.085+0100: 2321,321: Total time for which application threads were stopped: 0,0000717 seconds, Stopping threads took: 0,0000282 seconds
2016-11-23T22:43:52.099+0100: 2471,335: Total time for which application threads were stopped: 0,0001061 seconds, Stopping threads took: 0,0000380 seconds
2016-11-23T22:55:57.168+0100: 3196,404: Total time for which application threads were stopped: 0,0003556 seconds, Stopping threads took: 0,0001556 seconds
2016-11-23T23:06:57.232+0100: 3856,468: Total time for which application threads were stopped: 0,0001018 seconds, Stopping threads took: 0,0000453 seconds
2016-11-23T23:07:02.233+0100: 3861,468: Total time for which application threads were stopped: 0,0000568 seconds, Stopping threads took: 0,0000145 seconds
2016-11-23T23:09:42.245+0100: 4021,481: Total time for which application threads were stopped: 0,0001859 seconds, Stopping threads took: 0,0000788 seconds
2016-11-23T23:46:42.574+0100: 6241,810: Total time for which application threads were stopped: 0,0001503 seconds, Stopping threads took: 0,0000584 seconds
2016-11-23T23:47:47.585+0100: 6306,821: Total time for which application threads were stopped: 0,0000809 seconds, Stopping threads took: 0,0000327 seconds
2016-11-24T00:07:41.738+0100: 7500,974: Total time for which application threads were stopped: 0,0000869 seconds, Stopping threads took: 0,0000336 seconds
2016-11-24T00:08:11.742+0100: 7530,978: Total time for which application threads were stopped: 0,0000811 seconds, Stopping threads took: 0,0000364 seconds
2016-11-24T00:10:41.763+0100: 7680,999: Total time for which application threads were stopped: 0,0001674 seconds, Stopping threads took: 0,0000646 seconds
2016-11-24T00:11:11.767+0100: 7711,003: Total time for which application threads were stopped: 0,0000794 seconds, Stopping threads took: 0,0000332 seconds
2016-11-24T00:21:01.437+0100: 8300,673: Total time for which application threads were stopped: 0,0001518 seconds, Stopping threads took: 0,0000274 seconds
Heap
 par new generation   total 109248K, used 59348K [0x00000000e0000000, 0x00000000e8000000, 0x00000000e8000000)
  eden space 87424K,  49% used [0x00000000e0000000, 0x00000000e2a8fb90, 0x00000000e5560000)
  from space 21824K,  72% used [0x00000000e5560000, 0x00000000e64c57d8, 0x00000000e6ab0000)
  to   space 21824K,   0% used [0x00000000e6ab0000, 0x00000000e6ab0000, 0x00000000e8000000)
 concurrent mark-sweep generation total 393216K, used 0K [0x00000000e8000000, 0x0000000100000000, 0x0000000100000000)
 Metaspace       used 27213K, capacity 27658K, committed 27840K, reserved 1073152K
  class space    used 3161K, capacity 3319K, committed 3320K, reserved 1048576K
