OpenJDK 64-Bit Server VM (25.131-b11) for linux-amd64 JRE (1.8.0_131-8u131-b11-0ubuntu1.16.04.2-b11), built on May  6 2017 02:45:27 by "buildd" with gcc 5.4.0 20160609
Memory: 4k page, physical 7867740k(7411660k free), swap 8076284k(8076284k free)
CommandLine flags: -XX:CMSInitiatingOccupancyFraction=50 -XX:CMSMaxAbortablePrecleanTime=6000 -XX:+CMSParallelRemarkEnabled -XX:+CMSScavengeBeforeRemark -XX:ConcGCThreads=4 -XX:InitialHeapSize=536870912 -XX:MaxHeapSize=536870912 -XX:MaxTenuringThreshold=8 -XX:NewRatio=3 -XX:OldPLABSize=16 -XX:OnOutOfMemoryError=/opt/solr/bin/oom_solr.sh 8983 /var/solr/logs -XX:ParallelGCThreads=4 -XX:+ParallelRefProcEnabled -XX:PretenureSizeThreshold=67108864 -XX:+PrintGC -XX:+PrintGCApplicationStoppedTime -XX:+PrintGCDateStamps -XX:+PrintGCDetails -XX:+PrintGCTimeStamps -XX:+PrintHeapAtGC -XX:+PrintTenuringDistribution -XX:SurvivorRatio=4 -XX:TargetSurvivorRatio=90 -XX:ThreadStackSize=256 -XX:+UseCMSInitiatingOccupancyOnly -XX:+UseCompressedClassPointers -XX:+UseCompressedOops -XX:+UseConcMarkSweepGC -XX:+UseParNewGC 
2017-06-04T22:07:17.955+0200: 0,153: Total time for which application threads were stopped: 0,0000697 seconds, Stopping threads took: 0,0000092 seconds
2017-06-04T22:07:18.053+0200: 0,251: Total time for which application threads were stopped: 0,0001334 seconds, Stopping threads took: 0,0000260 seconds
2017-06-04T22:07:18.066+0200: 0,265: Total time for which application threads were stopped: 0,0000705 seconds, Stopping threads took: 0,0000083 seconds
2017-06-04T22:07:18.265+0200: 0,463: Total time for which application threads were stopped: 0,0001484 seconds, Stopping threads took: 0,0000120 seconds
2017-06-04T22:07:18.770+0200: 0,968: Total time for which application threads were stopped: 0,0002114 seconds, Stopping threads took: 0,0000366 seconds
2017-06-04T22:07:18.934+0200: 1,133: Total time for which application threads were stopped: 0,0004150 seconds, Stopping threads took: 0,0000644 seconds
2017-06-04T22:07:18.992+0200: 1,190: Total time for which application threads were stopped: 0,0001667 seconds, Stopping threads took: 0,0000251 seconds
2017-06-04T22:07:19.693+0200: 1,891: Total time for which application threads were stopped: 0,0013415 seconds, Stopping threads took: 0,0001085 seconds
2017-06-04T22:07:20.356+0200: 2,555: Total time for which application threads were stopped: 0,0002180 seconds, Stopping threads took: 0,0000219 seconds
2017-06-04T22:07:20.375+0200: 2,573: Total time for which application threads were stopped: 0,0001900 seconds, Stopping threads took: 0,0000201 seconds
2017-06-04T22:07:20.400+0200: 2,599: Total time for which application threads were stopped: 0,0001978 seconds, Stopping threads took: 0,0000196 seconds
2017-06-04T22:07:20.401+0200: 2,600: Total time for which application threads were stopped: 0,0001728 seconds, Stopping threads took: 0,0000141 seconds
2017-06-04T22:07:20.414+0200: 2,613: Total time for which application threads were stopped: 0,0001920 seconds, Stopping threads took: 0,0000248 seconds
2017-06-04T22:07:20.487+0200: 2,685: Total time for which application threads were stopped: 0,0002247 seconds, Stopping threads took: 0,0000246 seconds
2017-06-04T22:07:20.648+0200: 2,846: Total time for which application threads were stopped: 0,0002512 seconds, Stopping threads took: 0,0000244 seconds
{Heap before GC invocations=0 (full 0):
 par new generation   total 109248K, used 87424K [0x00000000e0000000, 0x00000000e8000000, 0x00000000e8000000)
  eden space 87424K, 100% used [0x00000000e0000000, 0x00000000e5560000, 0x00000000e5560000)
  from space 21824K,   0% used [0x00000000e5560000, 0x00000000e5560000, 0x00000000e6ab0000)
  to   space 21824K,   0% used [0x00000000e6ab0000, 0x00000000e6ab0000, 0x00000000e8000000)
 concurrent mark-sweep generation total 393216K, used 0K [0x00000000e8000000, 0x0000000100000000, 0x0000000100000000)
 Metaspace       used 18216K, capacity 18528K, committed 18688K, reserved 1064960K
  class space    used 2059K, capacity 2196K, committed 2304K, reserved 1048576K
2017-06-04T22:07:20.762+0200: 2,960: [GC (Allocation Failure) 2017-06-04T22:07:20.762+0200: 2,960: [ParNew
Desired survivor size 20112992 bytes, new threshold 8 (max 8)
- age   1:   12822016 bytes,   12822016 total
: 87424K->12641K(109248K), 0,0199379 secs] 87424K->12641K(502464K), 0,0200319 secs] [Times: user=0,05 sys=0,01, real=0,02 secs] 
Heap after GC invocations=1 (full 0):
 par new generation   total 109248K, used 12641K [0x00000000e0000000, 0x00000000e8000000, 0x00000000e8000000)
  eden space 87424K,   0% used [0x00000000e0000000, 0x00000000e0000000, 0x00000000e5560000)
  from space 21824K,  57% used [0x00000000e6ab0000, 0x00000000e77084c0, 0x00000000e8000000)
  to   space 21824K,   0% used [0x00000000e5560000, 0x00000000e5560000, 0x00000000e6ab0000)
 concurrent mark-sweep generation total 393216K, used 0K [0x00000000e8000000, 0x0000000100000000, 0x0000000100000000)
 Metaspace       used 18216K, capacity 18528K, committed 18688K, reserved 1064960K
  class space    used 2059K, capacity 2196K, committed 2304K, reserved 1048576K
}
2017-06-04T22:07:20.782+0200: 2,980: Total time for which application threads were stopped: 0,0202841 seconds, Stopping threads took: 0,0000188 seconds
2017-06-04T22:07:21.063+0200: 3,261: Total time for which application threads were stopped: 0,0004073 seconds, Stopping threads took: 0,0000662 seconds
2017-06-04T22:07:21.123+0200: 3,321: Total time for which application threads were stopped: 0,0004028 seconds, Stopping threads took: 0,0000863 seconds
{Heap before GC invocations=1 (full 0):
 par new generation   total 109248K, used 100065K [0x00000000e0000000, 0x00000000e8000000, 0x00000000e8000000)
  eden space 87424K, 100% used [0x00000000e0000000, 0x00000000e5560000, 0x00000000e5560000)
  from space 21824K,  57% used [0x00000000e6ab0000, 0x00000000e77084c0, 0x00000000e8000000)
  to   space 21824K,   0% used [0x00000000e5560000, 0x00000000e5560000, 0x00000000e6ab0000)
 concurrent mark-sweep generation total 393216K, used 0K [0x00000000e8000000, 0x0000000100000000, 0x0000000100000000)
 Metaspace       used 20084K, capacity 20434K, committed 20736K, reserved 1067008K
  class space    used 2298K, capacity 2471K, committed 2560K, reserved 1048576K
2017-06-04T22:07:21.125+0200: 3,323: [GC (Allocation Failure) 2017-06-04T22:07:21.125+0200: 3,323: [ParNew
Desired survivor size 20112992 bytes, new threshold 8 (max 8)
- age   1:    3469840 bytes,    3469840 total
- age   2:    6698400 bytes,   10168240 total
: 100065K->15887K(109248K), 0,0121381 secs] 100065K->15887K(502464K), 0,0122318 secs] [Times: user=0,05 sys=0,00, real=0,01 secs] 
Heap after GC invocations=2 (full 0):
 par new generation   total 109248K, used 15887K [0x00000000e0000000, 0x00000000e8000000, 0x00000000e8000000)
  eden space 87424K,   0% used [0x00000000e0000000, 0x00000000e0000000, 0x00000000e5560000)
  from space 21824K,  72% used [0x00000000e5560000, 0x00000000e64e3c00, 0x00000000e6ab0000)
  to   space 21824K,   0% used [0x00000000e6ab0000, 0x00000000e6ab0000, 0x00000000e8000000)
 concurrent mark-sweep generation total 393216K, used 0K [0x00000000e8000000, 0x0000000100000000, 0x0000000100000000)
 Metaspace       used 20084K, capacity 20434K, committed 20736K, reserved 1067008K
  class space    used 2298K, capacity 2471K, committed 2560K, reserved 1048576K
}
2017-06-04T22:07:21.137+0200: 3,335: Total time for which application threads were stopped: 0,0124710 seconds, Stopping threads took: 0,0000583 seconds
2017-06-04T22:07:21.180+0200: 3,379: Total time for which application threads were stopped: 0,0040205 seconds, Stopping threads took: 0,0037079 seconds
2017-06-04T22:07:21.308+0200: 3,506: Total time for which application threads were stopped: 0,0001571 seconds, Stopping threads took: 0,0000419 seconds
{Heap before GC invocations=2 (full 0):
 par new generation   total 109248K, used 103311K [0x00000000e0000000, 0x00000000e8000000, 0x00000000e8000000)
  eden space 87424K, 100% used [0x00000000e0000000, 0x00000000e5560000, 0x00000000e5560000)
  from space 21824K,  72% used [0x00000000e5560000, 0x00000000e64e3c00, 0x00000000e6ab0000)
  to   space 21824K,   0% used [0x00000000e6ab0000, 0x00000000e6ab0000, 0x00000000e8000000)
 concurrent mark-sweep generation total 393216K, used 0K [0x00000000e8000000, 0x0000000100000000, 0x0000000100000000)
 Metaspace       used 21027K, capacity 21356K, committed 21628K, reserved 1069056K
  class space    used 2419K, capacity 2590K, committed 2684K, reserved 1048576K
2017-06-04T22:07:21.361+0200: 3,559: [GC (Allocation Failure) 2017-06-04T22:07:21.361+0200: 3,559: [ParNew
Desired survivor size 20112992 bytes, new threshold 8 (max 8)
- age   1:    2090288 bytes,    2090288 total
- age   2:     834088 bytes,    2924376 total
- age   3:    6690280 bytes,    9614656 total
: 103311K->12287K(109248K), 0,0185242 secs] 103311K->12287K(502464K), 0,0186061 secs] [Times: user=0,07 sys=0,00, real=0,02 secs] 
Heap after GC invocations=3 (full 0):
 par new generation   total 109248K, used 12287K [0x00000000e0000000, 0x00000000e8000000, 0x00000000e8000000)
  eden space 87424K,   0% used [0x00000000e0000000, 0x00000000e0000000, 0x00000000e5560000)
  from space 21824K,  56% used [0x00000000e6ab0000, 0x00000000e76aff18, 0x00000000e8000000)
  to   space 21824K,   0% used [0x00000000e5560000, 0x00000000e5560000, 0x00000000e6ab0000)
 concurrent mark-sweep generation total 393216K, used 0K [0x00000000e8000000, 0x0000000100000000, 0x0000000100000000)
 Metaspace       used 21027K, capacity 21356K, committed 21628K, reserved 1069056K
  class space    used 2419K, capacity 2590K, committed 2684K, reserved 1048576K
}
2017-06-04T22:07:21.379+0200: 3,578: Total time for which application threads were stopped: 0,0188116 seconds, Stopping threads took: 0,0000605 seconds
2017-06-04T22:07:21.394+0200: 3,592: [GC (CMS Initial Mark) [1 CMS-initial-mark: 0K(393216K)] 25737K(502464K), 0,0062006 secs] [Times: user=0,03 sys=0,00, real=0,01 secs] 
2017-06-04T22:07:21.400+0200: 3,598: Total time for which application threads were stopped: 0,0097993 seconds, Stopping threads took: 0,0034751 seconds
2017-06-04T22:07:21.400+0200: 3,598: [CMS-concurrent-mark-start]
2017-06-04T22:07:21.400+0200: 3,599: [CMS-concurrent-mark: 0,001/0,001 secs] [Times: user=0,00 sys=0,00, real=0,00 secs] 
2017-06-04T22:07:21.400+0200: 3,599: [CMS-concurrent-preclean-start]
2017-06-04T22:07:21.402+0200: 3,600: [CMS-concurrent-preclean: 0,001/0,001 secs] [Times: user=0,00 sys=0,00, real=0,00 secs] 
2017-06-04T22:07:21.402+0200: 3,600: [CMS-concurrent-abortable-preclean-start]
2017-06-04T22:07:21.451+0200: 3,649: Total time for which application threads were stopped: 0,0008392 seconds, Stopping threads took: 0,0007467 seconds
{Heap before GC invocations=3 (full 1):
 par new generation   total 109248K, used 99709K [0x00000000e0000000, 0x00000000e8000000, 0x00000000e8000000)
  eden space 87424K,  99% used [0x00000000e0000000, 0x00000000e555f620, 0x00000000e5560000)
  from space 21824K,  56% used [0x00000000e6ab0000, 0x00000000e76aff18, 0x00000000e8000000)
  to   space 21824K,   0% used [0x00000000e5560000, 0x00000000e5560000, 0x00000000e6ab0000)
 concurrent mark-sweep generation total 393216K, used 0K [0x00000000e8000000, 0x0000000100000000, 0x0000000100000000)
 Metaspace       used 21280K, capacity 21624K, committed 21884K, reserved 1069056K
  class space    used 2446K, capacity 2604K, committed 2684K, reserved 1048576K
2017-06-04T22:07:21.495+0200: 3,693: [GC (Allocation Failure) 2017-06-04T22:07:21.495+0200: 3,693: [ParNew
Desired survivor size 20112992 bytes, new threshold 8 (max 8)
- age   1:    1725152 bytes,    1725152 total
- age   2:    1442568 bytes,    3167720 total
- age   3:     802712 bytes,    3970432 total
- age   4:    6690424 bytes,   10660856 total
: 99709K->11595K(109248K), 0,0215205 secs] 99709K->11595K(502464K), 0,0215940 secs] [Times: user=0,07 sys=0,00, real=0,02 secs] 
Heap after GC invocations=4 (full 1):
 par new generation   total 109248K, used 11595K [0x00000000e0000000, 0x00000000e8000000, 0x00000000e8000000)
  eden space 87424K,   0% used [0x00000000e0000000, 0x00000000e0000000, 0x00000000e5560000)
  from space 21824K,  53% used [0x00000000e5560000, 0x00000000e60b2ca0, 0x00000000e6ab0000)
  to   space 21824K,   0% used [0x00000000e6ab0000, 0x00000000e6ab0000, 0x00000000e8000000)
 concurrent mark-sweep generation total 393216K, used 0K [0x00000000e8000000, 0x0000000100000000, 0x0000000100000000)
 Metaspace       used 21280K, capacity 21624K, committed 21884K, reserved 1069056K
  class space    used 2446K, capacity 2604K, committed 2684K, reserved 1048576K
}
2017-06-04T22:07:21.517+0200: 3,715: Total time for which application threads were stopped: 0,0218252 seconds, Stopping threads took: 0,0000695 seconds
{Heap before GC invocations=4 (full 1):
 par new generation   total 109248K, used 99019K [0x00000000e0000000, 0x00000000e8000000, 0x00000000e8000000)
  eden space 87424K, 100% used [0x00000000e0000000, 0x00000000e5560000, 0x00000000e5560000)
  from space 21824K,  53% used [0x00000000e5560000, 0x00000000e60b2ca0, 0x00000000e6ab0000)
  to   space 21824K,   0% used [0x00000000e6ab0000, 0x00000000e6ab0000, 0x00000000e8000000)
 concurrent mark-sweep generation total 393216K, used 0K [0x00000000e8000000, 0x0000000100000000, 0x0000000100000000)
 Metaspace       used 21504K, capacity 21866K, committed 21960K, reserved 1069056K
  class space    used 2471K, capacity 2639K, committed 2684K, reserved 1048576K
2017-06-04T22:07:21.674+0200: 3,872: [GC (Allocation Failure) 2017-06-04T22:07:21.674+0200: 3,872: [ParNew
Desired survivor size 20112992 bytes, new threshold 8 (max 8)
- age   1:    1126464 bytes,    1126464 total
- age   2:     183896 bytes,    1310360 total
- age   3:    1441904 bytes,    2752264 total
- age   4:     798760 bytes,    3551024 total
- age   5:    6690312 bytes,   10241336 total
: 99019K->15693K(109248K), 0,0131603 secs] 99019K->15693K(502464K), 0,0132421 secs] [Times: user=0,04 sys=0,00, real=0,02 secs] 
Heap after GC invocations=5 (full 1):
 par new generation   total 109248K, used 15693K [0x00000000e0000000, 0x00000000e8000000, 0x00000000e8000000)
  eden space 87424K,   0% used [0x00000000e0000000, 0x00000000e0000000, 0x00000000e5560000)
  from space 21824K,  71% used [0x00000000e6ab0000, 0x00000000e7a035d0, 0x00000000e8000000)
  to   space 21824K,   0% used [0x00000000e5560000, 0x00000000e5560000, 0x00000000e6ab0000)
 concurrent mark-sweep generation total 393216K, used 0K [0x00000000e8000000, 0x0000000100000000, 0x0000000100000000)
 Metaspace       used 21504K, capacity 21866K, committed 21960K, reserved 1069056K
  class space    used 2471K, capacity 2639K, committed 2684K, reserved 1048576K
}
2017-06-04T22:07:21.687+0200: 3,885: Total time for which application threads were stopped: 0,0135194 seconds, Stopping threads took: 0,0001030 seconds
2017-06-04T22:07:21.687+0200: 3,885: [CMS-concurrent-abortable-preclean: 0,198/0,285 secs] [Times: user=0,96 sys=0,00, real=0,29 secs] 
2017-06-04T22:07:21.689+0200: 3,887: [GC (CMS Final Remark) [YG occupancy: 16972 K (109248 K)]{Heap before GC invocations=5 (full 1):
 par new generation   total 109248K, used 16972K [0x00000000e0000000, 0x00000000e8000000, 0x00000000e8000000)
  eden space 87424K,   1% used [0x00000000e0000000, 0x00000000e013fc30, 0x00000000e5560000)
  from space 21824K,  71% used [0x00000000e6ab0000, 0x00000000e7a035d0, 0x00000000e8000000)
  to   space 21824K,   0% used [0x00000000e5560000, 0x00000000e5560000, 0x00000000e6ab0000)
 concurrent mark-sweep generation total 393216K, used 0K [0x00000000e8000000, 0x0000000100000000, 0x0000000100000000)
 Metaspace       used 21504K, capacity 21866K, committed 21960K, reserved 1069056K
  class space    used 2471K, capacity 2639K, committed 2684K, reserved 1048576K
2017-06-04T22:07:21.689+0200: 3,887: [GC (CMS Final Remark) 2017-06-04T22:07:21.689+0200: 3,887: [ParNew
Desired survivor size 20112992 bytes, new threshold 8 (max 8)
- age   1:       6824 bytes,       6824 total
- age   2:     439272 bytes,     446096 total
- age   3:     183896 bytes,     629992 total
- age   4:    1441568 bytes,    2071560 total
- age   5:     798760 bytes,    2870320 total
- age   6:    6690336 bytes,    9560656 total
: 16972K->11855K(109248K), 0,0110962 secs] 16972K->11855K(502464K), 0,0111496 secs] [Times: user=0,04 sys=0,00, real=0,01 secs] 
Heap after GC invocations=6 (full 1):
 par new generation   total 109248K, used 11855K [0x00000000e0000000, 0x00000000e8000000, 0x00000000e8000000)
  eden space 87424K,   0% used [0x00000000e0000000, 0x00000000e0000000, 0x00000000e5560000)
  from space 21824K,  54% used [0x00000000e5560000, 0x00000000e60f3d90, 0x00000000e6ab0000)
  to   space 21824K,   0% used [0x00000000e6ab0000, 0x00000000e6ab0000, 0x00000000e8000000)
 concurrent mark-sweep generation total 393216K, used 0K [0x00000000e8000000, 0x0000000100000000, 0x0000000100000000)
 Metaspace       used 21504K, capacity 21866K, committed 21960K, reserved 1069056K
  class space    used 2471K, capacity 2639K, committed 2684K, reserved 1048576K
}
2017-06-04T22:07:21.700+0200: 3,898: [Rescan (parallel) , 0,0034786 secs]2017-06-04T22:07:21.703+0200: 3,902: [weak refs processing, 0,0010269 secs]2017-06-04T22:07:21.704+0200: 3,903: [class unloading, 0,0030670 secs]2017-06-04T22:07:21.708+0200: 3,906: [scrub symbol table, 0,0027770 secs]2017-06-04T22:07:21.710+0200: 3,909: [scrub string table, 0,0004202 secs][1 CMS-remark: 0K(393216K)] 11855K(502464K), 0,0226853 secs] [Times: user=0,06 sys=0,00, real=0,02 secs] 
2017-06-04T22:07:21.711+0200: 3,910: Total time for which application threads were stopped: 0,0229658 seconds, Stopping threads took: 0,0001952 seconds
2017-06-04T22:07:21.712+0200: 3,910: Total time for which application threads were stopped: 0,0001137 seconds, Stopping threads took: 0,0000424 seconds
2017-06-04T22:07:21.715+0200: 3,913: [CMS-concurrent-sweep-start]
2017-06-04T22:07:21.715+0200: 3,913: [CMS-concurrent-sweep: 0,000/0,000 secs] [Times: user=0,00 sys=0,00, real=0,00 secs] 
2017-06-04T22:07:21.715+0200: 3,913: [CMS-concurrent-reset-start]
2017-06-04T22:07:21.719+0200: 3,917: [CMS-concurrent-reset: 0,004/0,004 secs] [Times: user=0,02 sys=0,00, real=0,01 secs] 
2017-06-04T22:07:21.747+0200: 3,945: Total time for which application threads were stopped: 0,0003701 seconds, Stopping threads took: 0,0000193 seconds
2017-06-04T22:07:21.870+0200: 4,068: Total time for which application threads were stopped: 0,0004636 seconds, Stopping threads took: 0,0001344 seconds
2017-06-04T22:07:21.898+0200: 4,096: Total time for which application threads were stopped: 0,0034624 seconds, Stopping threads took: 0,0033746 seconds
2017-06-04T22:07:21.915+0200: 4,113: Total time for which application threads were stopped: 0,0009752 seconds, Stopping threads took: 0,0008972 seconds
2017-06-04T22:07:21.915+0200: 4,113: Total time for which application threads were stopped: 0,0001439 seconds, Stopping threads took: 0,0000976 seconds
2017-06-04T22:07:22.007+0200: 4,205: Total time for which application threads were stopped: 0,0006595 seconds, Stopping threads took: 0,0005641 seconds
2017-06-04T22:07:22.026+0200: 4,224: Total time for which application threads were stopped: 0,0001207 seconds, Stopping threads took: 0,0000502 seconds
2017-06-04T22:07:22.026+0200: 4,224: Total time for which application threads were stopped: 0,0000751 seconds, Stopping threads took: 0,0000276 seconds
2017-06-04T22:07:22.029+0200: 4,227: Total time for which application threads were stopped: 0,0001361 seconds, Stopping threads took: 0,0000557 seconds
2017-06-04T22:07:22.032+0200: 4,230: Total time for which application threads were stopped: 0,0025694 seconds, Stopping threads took: 0,0024967 seconds
2017-06-04T22:07:22.032+0200: 4,230: Total time for which application threads were stopped: 0,0002058 seconds, Stopping threads took: 0,0001600 seconds
2017-06-04T22:07:22.032+0200: 4,231: Total time for which application threads were stopped: 0,0002299 seconds, Stopping threads took: 0,0001885 seconds
2017-06-04T22:07:22.033+0200: 4,231: Total time for which application threads were stopped: 0,0001770 seconds, Stopping threads took: 0,0001415 seconds
2017-06-04T22:07:22.033+0200: 4,231: Total time for which application threads were stopped: 0,0000664 seconds, Stopping threads took: 0,0000394 seconds
2017-06-04T22:07:22.033+0200: 4,231: Total time for which application threads were stopped: 0,0002276 seconds, Stopping threads took: 0,0001977 seconds
2017-06-04T22:07:22.033+0200: 4,232: Total time for which application threads were stopped: 0,0000753 seconds, Stopping threads took: 0,0000159 seconds
2017-06-04T22:07:22.034+0200: 4,232: Total time for which application threads were stopped: 0,0000395 seconds, Stopping threads took: 0,0000088 seconds
2017-06-04T22:07:22.039+0200: 4,238: Total time for which application threads were stopped: 0,0001822 seconds, Stopping threads took: 0,0000717 seconds
2017-06-04T22:07:22.040+0200: 4,238: Total time for which application threads were stopped: 0,0000761 seconds, Stopping threads took: 0,0000295 seconds
2017-06-04T22:07:22.043+0200: 4,241: Total time for which application threads were stopped: 0,0001435 seconds, Stopping threads took: 0,0000464 seconds
2017-06-04T22:07:22.044+0200: 4,242: Total time for which application threads were stopped: 0,0000833 seconds, Stopping threads took: 0,0000286 seconds
2017-06-04T22:07:22.044+0200: 4,242: Total time for which application threads were stopped: 0,0004818 seconds, Stopping threads took: 0,0004375 seconds
2017-06-04T22:07:22.045+0200: 4,244: Total time for which application threads were stopped: 0,0011544 seconds, Stopping threads took: 0,0010771 seconds
2017-06-04T22:07:22.045+0200: 4,244: Total time for which application threads were stopped: 0,0000620 seconds, Stopping threads took: 0,0000125 seconds
2017-06-04T22:07:22.046+0200: 4,244: Total time for which application threads were stopped: 0,0001451 seconds, Stopping threads took: 0,0000092 seconds
2017-06-04T22:07:22.046+0200: 4,244: Total time for which application threads were stopped: 0,0001951 seconds, Stopping threads took: 0,0000292 seconds
2017-06-04T22:07:22.047+0200: 4,246: Total time for which application threads were stopped: 0,0001128 seconds, Stopping threads took: 0,0000207 seconds
2017-06-04T22:07:22.048+0200: 4,246: Total time for which application threads were stopped: 0,0000639 seconds, Stopping threads took: 0,0000155 seconds
2017-06-04T22:07:22.048+0200: 4,246: Total time for which application threads were stopped: 0,0000347 seconds, Stopping threads took: 0,0000089 seconds
2017-06-04T22:07:22.050+0200: 4,248: Total time for which application threads were stopped: 0,0016395 seconds, Stopping threads took: 0,0015986 seconds
2017-06-04T22:07:22.050+0200: 4,248: Total time for which application threads were stopped: 0,0001854 seconds, Stopping threads took: 0,0001424 seconds
2017-06-04T22:07:22.050+0200: 4,248: Total time for which application threads were stopped: 0,0000470 seconds, Stopping threads took: 0,0000195 seconds
2017-06-04T22:07:22.050+0200: 4,248: Total time for which application threads were stopped: 0,0001280 seconds, Stopping threads took: 0,0000950 seconds
2017-06-04T22:07:22.050+0200: 4,248: Total time for which application threads were stopped: 0,0000426 seconds, Stopping threads took: 0,0000094 seconds
2017-06-04T22:07:22.050+0200: 4,248: Total time for which application threads were stopped: 0,0000400 seconds, Stopping threads took: 0,0000103 seconds
2017-06-04T22:07:22.050+0200: 4,248: Total time for which application threads were stopped: 0,0000361 seconds, Stopping threads took: 0,0000090 seconds
2017-06-04T22:07:22.052+0200: 4,250: Total time for which application threads were stopped: 0,0001191 seconds, Stopping threads took: 0,0000508 seconds
2017-06-04T22:07:22.054+0200: 4,252: Total time for which application threads were stopped: 0,0004952 seconds, Stopping threads took: 0,0004158 seconds
2017-06-04T22:07:22.054+0200: 4,252: Total time for which application threads were stopped: 0,0001001 seconds, Stopping threads took: 0,0000219 seconds
2017-06-04T22:07:22.054+0200: 4,253: Total time for which application threads were stopped: 0,0000845 seconds, Stopping threads took: 0,0000174 seconds
2017-06-04T22:07:22.055+0200: 4,253: Total time for which application threads were stopped: 0,0000694 seconds, Stopping threads took: 0,0000247 seconds
2017-06-04T22:07:22.055+0200: 4,253: Total time for which application threads were stopped: 0,0003726 seconds, Stopping threads took: 0,0000119 seconds
2017-06-04T22:07:22.056+0200: 4,254: Total time for which application threads were stopped: 0,0001298 seconds, Stopping threads took: 0,0000812 seconds
2017-06-04T22:07:22.058+0200: 4,256: Total time for which application threads were stopped: 0,0001167 seconds, Stopping threads took: 0,0000407 seconds
2017-06-04T22:07:22.062+0200: 4,260: Total time for which application threads were stopped: 0,0001237 seconds, Stopping threads took: 0,0000372 seconds
2017-06-04T22:07:22.063+0200: 4,261: Total time for which application threads were stopped: 0,0000900 seconds, Stopping threads took: 0,0000193 seconds
2017-06-04T22:07:22.063+0200: 4,261: Total time for which application threads were stopped: 0,0000647 seconds, Stopping threads took: 0,0000107 seconds
2017-06-04T22:07:22.066+0200: 4,264: Total time for which application threads were stopped: 0,0001041 seconds, Stopping threads took: 0,0000229 seconds
2017-06-04T22:07:22.067+0200: 4,265: Total time for which application threads were stopped: 0,0001750 seconds, Stopping threads took: 0,0001126 seconds
2017-06-04T22:07:22.067+0200: 4,265: Total time for which application threads were stopped: 0,0000588 seconds, Stopping threads took: 0,0000232 seconds
2017-06-04T22:07:22.067+0200: 4,265: Total time for which application threads were stopped: 0,0000679 seconds, Stopping threads took: 0,0000218 seconds
2017-06-04T22:07:22.067+0200: 4,266: Total time for which application threads were stopped: 0,0000478 seconds, Stopping threads took: 0,0000091 seconds
2017-06-04T22:07:22.067+0200: 4,266: Total time for which application threads were stopped: 0,0000465 seconds, Stopping threads took: 0,0000099 seconds
2017-06-04T22:07:22.067+0200: 4,266: Total time for which application threads were stopped: 0,0000530 seconds, Stopping threads took: 0,0000143 seconds
2017-06-04T22:07:22.068+0200: 4,266: Total time for which application threads were stopped: 0,0000556 seconds, Stopping threads took: 0,0000170 seconds
2017-06-04T22:07:22.068+0200: 4,266: Total time for which application threads were stopped: 0,0001194 seconds, Stopping threads took: 0,0000079 seconds
2017-06-04T22:07:22.070+0200: 4,268: Total time for which application threads were stopped: 0,0017895 seconds, Stopping threads took: 0,0017200 seconds
2017-06-04T22:07:22.070+0200: 4,268: Total time for which application threads were stopped: 0,0000798 seconds, Stopping threads took: 0,0000220 seconds
2017-06-04T22:07:22.070+0200: 4,268: Total time for which application threads were stopped: 0,0000437 seconds, Stopping threads took: 0,0000097 seconds
2017-06-04T22:07:22.074+0200: 4,272: Total time for which application threads were stopped: 0,0001244 seconds, Stopping threads took: 0,0000508 seconds
2017-06-04T22:07:22.074+0200: 4,272: Total time for which application threads were stopped: 0,0000672 seconds, Stopping threads took: 0,0000209 seconds
2017-06-04T22:07:22.076+0200: 4,274: Total time for which application threads were stopped: 0,0003885 seconds, Stopping threads took: 0,0000333 seconds
2017-06-04T22:07:22.090+0200: 4,288: Total time for which application threads were stopped: 0,0001554 seconds, Stopping threads took: 0,0000391 seconds
2017-06-04T22:07:22.092+0200: 4,290: Total time for which application threads were stopped: 0,0001170 seconds, Stopping threads took: 0,0000416 seconds
2017-06-04T22:07:22.093+0200: 4,291: Total time for which application threads were stopped: 0,0001158 seconds, Stopping threads took: 0,0000413 seconds
2017-06-04T22:07:22.096+0200: 4,294: Total time for which application threads were stopped: 0,0002337 seconds, Stopping threads took: 0,0000312 seconds
2017-06-04T22:07:22.097+0200: 4,295: Total time for which application threads were stopped: 0,0001457 seconds, Stopping threads took: 0,0000520 seconds
2017-06-04T22:07:22.101+0200: 4,299: Total time for which application threads were stopped: 0,0021329 seconds, Stopping threads took: 0,0020625 seconds
2017-06-04T22:07:22.101+0200: 4,299: Total time for which application threads were stopped: 0,0000700 seconds, Stopping threads took: 0,0000235 seconds
2017-06-04T22:07:22.102+0200: 4,300: Total time for which application threads were stopped: 0,0000877 seconds, Stopping threads took: 0,0000207 seconds
2017-06-04T22:07:22.104+0200: 4,303: Total time for which application threads were stopped: 0,0013862 seconds, Stopping threads took: 0,0012724 seconds
2017-06-04T22:07:22.115+0200: 4,314: Total time for which application threads were stopped: 0,0009792 seconds, Stopping threads took: 0,0008962 seconds
2017-06-04T22:07:22.118+0200: 4,316: Total time for which application threads were stopped: 0,0001403 seconds, Stopping threads took: 0,0000461 seconds
2017-06-04T22:07:22.119+0200: 4,317: Total time for which application threads were stopped: 0,0001065 seconds, Stopping threads took: 0,0000422 seconds
2017-06-04T22:07:22.121+0200: 4,319: Total time for which application threads were stopped: 0,0001070 seconds, Stopping threads took: 0,0000521 seconds
2017-06-04T22:07:22.127+0200: 4,325: Total time for which application threads were stopped: 0,0001205 seconds, Stopping threads took: 0,0000511 seconds
2017-06-04T22:07:22.127+0200: 4,325: Total time for which application threads were stopped: 0,0000724 seconds, Stopping threads took: 0,0000344 seconds
2017-06-04T22:07:22.129+0200: 4,327: Total time for which application threads were stopped: 0,0001223 seconds, Stopping threads took: 0,0000504 seconds
2017-06-04T22:07:22.130+0200: 4,328: Total time for which application threads were stopped: 0,0001303 seconds, Stopping threads took: 0,0000427 seconds
2017-06-04T22:07:22.133+0200: 4,332: Total time for which application threads were stopped: 0,0001168 seconds, Stopping threads took: 0,0000590 seconds
2017-06-04T22:07:22.176+0200: 4,374: Total time for which application threads were stopped: 0,0001958 seconds, Stopping threads took: 0,0000627 seconds
2017-06-04T22:07:22.176+0200: 4,374: Total time for which application threads were stopped: 0,0001302 seconds, Stopping threads took: 0,0000612 seconds
2017-06-04T22:07:22.202+0200: 4,400: Total time for which application threads were stopped: 0,0001884 seconds, Stopping threads took: 0,0000517 seconds
2017-06-04T22:07:22.206+0200: 4,404: Total time for which application threads were stopped: 0,0001337 seconds, Stopping threads took: 0,0000457 seconds
2017-06-04T22:07:22.218+0200: 4,416: Total time for which application threads were stopped: 0,0022098 seconds, Stopping threads took: 0,0021179 seconds
2017-06-04T22:07:22.218+0200: 4,417: Total time for which application threads were stopped: 0,0001624 seconds, Stopping threads took: 0,0001000 seconds
2017-06-04T22:07:22.219+0200: 4,417: Total time for which application threads were stopped: 0,0001137 seconds, Stopping threads took: 0,0000441 seconds
2017-06-04T22:07:22.227+0200: 4,426: Total time for which application threads were stopped: 0,0001908 seconds, Stopping threads took: 0,0000638 seconds
2017-06-04T22:07:22.228+0200: 4,426: Total time for which application threads were stopped: 0,0001377 seconds, Stopping threads took: 0,0000444 seconds
2017-06-04T22:07:22.228+0200: 4,426: Total time for which application threads were stopped: 0,0001154 seconds, Stopping threads took: 0,0000301 seconds
2017-06-04T22:07:22.228+0200: 4,426: Total time for which application threads were stopped: 0,0001062 seconds, Stopping threads took: 0,0000278 seconds
2017-06-04T22:07:22.229+0200: 4,427: Total time for which application threads were stopped: 0,0001111 seconds, Stopping threads took: 0,0000296 seconds
2017-06-04T22:07:22.229+0200: 4,427: Total time for which application threads were stopped: 0,0002422 seconds, Stopping threads took: 0,0000276 seconds
{Heap before GC invocations=6 (full 1):
 par new generation   total 109248K, used 99279K [0x00000000e0000000, 0x00000000e8000000, 0x00000000e8000000)
  eden space 87424K, 100% used [0x00000000e0000000, 0x00000000e5560000, 0x00000000e5560000)
  from space 21824K,  54% used [0x00000000e5560000, 0x00000000e60f3d90, 0x00000000e6ab0000)
  to   space 21824K,   0% used [0x00000000e6ab0000, 0x00000000e6ab0000, 0x00000000e8000000)
 concurrent mark-sweep generation total 393216K, used 0K [0x00000000e8000000, 0x0000000100000000, 0x0000000100000000)
 Metaspace       used 23897K, capacity 24392K, committed 24572K, reserved 1071104K
  class space    used 2813K, capacity 3012K, committed 3068K, reserved 1048576K
2017-06-04T22:07:22.270+0200: 4,468: [GC (Allocation Failure) 2017-06-04T22:07:22.270+0200: 4,469: [ParNew
Desired survivor size 20112992 bytes, new threshold 8 (max 8)
- age   1:    5202320 bytes,    5202320 total
- age   2:       2568 bytes,    5204888 total
- age   3:     138264 bytes,    5343152 total
- age   4:     182808 bytes,    5525960 total
- age   5:     271968 bytes,    5797928 total
- age   6:     774856 bytes,    6572784 total
- age   7:    6682128 bytes,   13254912 total
: 99279K->16375K(109248K), 0,0468984 secs] 99279K->16375K(502464K), 0,0470005 secs] [Times: user=0,10 sys=0,00, real=0,04 secs] 
Heap after GC invocations=7 (full 1):
 par new generation   total 109248K, used 16375K [0x00000000e0000000, 0x00000000e8000000, 0x00000000e8000000)
  eden space 87424K,   0% used [0x00000000e0000000, 0x00000000e0000000, 0x00000000e5560000)
  from space 21824K,  75% used [0x00000000e6ab0000, 0x00000000e7aadf80, 0x00000000e8000000)
  to   space 21824K,   0% used [0x00000000e5560000, 0x00000000e5560000, 0x00000000e6ab0000)
 concurrent mark-sweep generation total 393216K, used 0K [0x00000000e8000000, 0x0000000100000000, 0x0000000100000000)
 Metaspace       used 23897K, capacity 24392K, committed 24572K, reserved 1071104K
  class space    used 2813K, capacity 3012K, committed 3068K, reserved 1048576K
}
2017-06-04T22:07:22.317+0200: 4,516: Total time for which application threads were stopped: 0,0473367 seconds, Stopping threads took: 0,0001349 seconds
2017-06-04T22:07:22.327+0200: 4,525: Total time for which application threads were stopped: 0,0004817 seconds, Stopping threads took: 0,0003668 seconds
2017-06-04T22:07:22.327+0200: 4,525: Total time for which application threads were stopped: 0,0001306 seconds, Stopping threads took: 0,0000490 seconds
{Heap before GC invocations=7 (full 1):
 par new generation   total 109248K, used 103799K [0x00000000e0000000, 0x00000000e8000000, 0x00000000e8000000)
  eden space 87424K, 100% used [0x00000000e0000000, 0x00000000e5560000, 0x00000000e5560000)
  from space 21824K,  75% used [0x00000000e6ab0000, 0x00000000e7aadf80, 0x00000000e8000000)
  to   space 21824K,   0% used [0x00000000e5560000, 0x00000000e5560000, 0x00000000e6ab0000)
 concurrent mark-sweep generation total 393216K, used 0K [0x00000000e8000000, 0x0000000100000000, 0x0000000100000000)
 Metaspace       used 24462K, capacity 24942K, committed 25084K, reserved 1071104K
  class space    used 2864K, capacity 3045K, committed 3068K, reserved 1048576K
2017-06-04T22:07:22.438+0200: 4,636: [GC (Allocation Failure) 2017-06-04T22:07:22.438+0200: 4,636: [ParNew
Desired survivor size 20112992 bytes, new threshold 8 (max 8)
- age   1:    2180144 bytes,    2180144 total
- age   2:    1786792 bytes,    3966936 total
- age   3:        256 bytes,    3967192 total
- age   4:      67880 bytes,    4035072 total
- age   5:      98432 bytes,    4133504 total
- age   6:     179392 bytes,    4312896 total
- age   7:     723488 bytes,    5036384 total
- age   8:    6148872 bytes,   11185256 total
: 103799K->20570K(109248K), 0,0169825 secs] 103799K->20570K(502464K), 0,0170453 secs] [Times: user=0,06 sys=0,00, real=0,02 secs] 
Heap after GC invocations=8 (full 1):
 par new generation   total 109248K, used 20570K [0x00000000e0000000, 0x00000000e8000000, 0x00000000e8000000)
  eden space 87424K,   0% used [0x00000000e0000000, 0x00000000e0000000, 0x00000000e5560000)
  from space 21824K,  94% used [0x00000000e5560000, 0x00000000e6976a98, 0x00000000e6ab0000)
  to   space 21824K,   0% used [0x00000000e6ab0000, 0x00000000e6ab0000, 0x00000000e8000000)
 concurrent mark-sweep generation total 393216K, used 0K [0x00000000e8000000, 0x0000000100000000, 0x0000000100000000)
 Metaspace       used 24462K, capacity 24942K, committed 25084K, reserved 1071104K
  class space    used 2864K, capacity 3045K, committed 3068K, reserved 1048576K
}
2017-06-04T22:07:22.455+0200: 4,653: Total time for which application threads were stopped: 0,0176676 seconds, Stopping threads took: 0,0004434 seconds
2017-06-04T22:07:22.457+0200: 4,655: Total time for which application threads were stopped: 0,0020991 seconds, Stopping threads took: 0,0020205 seconds
2017-06-04T22:07:22.457+0200: 4,656: Total time for which application threads were stopped: 0,0000885 seconds, Stopping threads took: 0,0000313 seconds
2017-06-04T22:07:22.457+0200: 4,656: Total time for which application threads were stopped: 0,0001004 seconds, Stopping threads took: 0,0000268 seconds
{Heap before GC invocations=8 (full 1):
 par new generation   total 109248K, used 107994K [0x00000000e0000000, 0x00000000e8000000, 0x00000000e8000000)
  eden space 87424K, 100% used [0x00000000e0000000, 0x00000000e5560000, 0x00000000e5560000)
  from space 21824K,  94% used [0x00000000e5560000, 0x00000000e6976a98, 0x00000000e6ab0000)
  to   space 21824K,   0% used [0x00000000e6ab0000, 0x00000000e6ab0000, 0x00000000e8000000)
 concurrent mark-sweep generation total 393216K, used 0K [0x00000000e8000000, 0x0000000100000000, 0x0000000100000000)
 Metaspace       used 24821K, capacity 25320K, committed 25468K, reserved 1071104K
  class space    used 2899K, capacity 3082K, committed 3196K, reserved 1048576K
2017-06-04T22:07:22.532+0200: 4,730: [GC (Allocation Failure) 2017-06-04T22:07:22.532+0200: 4,730: [ParNew
Desired survivor size 20112992 bytes, new threshold 8 (max 8)
- age   1:     832912 bytes,     832912 total
- age   2:    1012008 bytes,    1844920 total
- age   3:    1764248 bytes,    3609168 total
- age   4:        256 bytes,    3609424 total
- age   5:      67880 bytes,    3677304 total
- age   6:      98328 bytes,    3775632 total
- age   7:     179392 bytes,    3955024 total
- age   8:     723488 bytes,    4678512 total
: 107994K->6233K(109248K), 0,0306339 secs] 107994K->12845K(502464K), 0,0307241 secs] [Times: user=0,10 sys=0,00, real=0,03 secs] 
Heap after GC invocations=9 (full 1):
 par new generation   total 109248K, used 6233K [0x00000000e0000000, 0x00000000e8000000, 0x00000000e8000000)
  eden space 87424K,   0% used [0x00000000e0000000, 0x00000000e0000000, 0x00000000e5560000)
  from space 21824K,  28% used [0x00000000e6ab0000, 0x00000000e70c65c0, 0x00000000e8000000)
  to   space 21824K,   0% used [0x00000000e5560000, 0x00000000e5560000, 0x00000000e6ab0000)
 concurrent mark-sweep generation total 393216K, used 6612K [0x00000000e8000000, 0x0000000100000000, 0x0000000100000000)
 Metaspace       used 24821K, capacity 25320K, committed 25468K, reserved 1071104K
  class space    used 2899K, capacity 3082K, committed 3196K, reserved 1048576K
}
2017-06-04T22:07:22.563+0200: 4,761: Total time for which application threads were stopped: 0,0309713 seconds, Stopping threads took: 0,0000572 seconds
2017-06-04T22:07:22.677+0200: 4,875: Total time for which application threads were stopped: 0,0002051 seconds, Stopping threads took: 0,0000709 seconds
2017-06-04T22:07:22.682+0200: 4,880: Total time for which application threads were stopped: 0,0001686 seconds, Stopping threads took: 0,0000355 seconds
2017-06-04T22:07:22.682+0200: 4,881: Total time for which application threads were stopped: 0,0001034 seconds, Stopping threads took: 0,0000250 seconds
2017-06-04T22:07:22.683+0200: 4,881: Total time for which application threads were stopped: 0,0001117 seconds, Stopping threads took: 0,0000383 seconds
2017-06-04T22:07:22.739+0200: 4,937: Total time for which application threads were stopped: 0,0001505 seconds, Stopping threads took: 0,0000587 seconds
2017-06-04T22:07:22.741+0200: 4,939: Total time for which application threads were stopped: 0,0001560 seconds, Stopping threads took: 0,0000611 seconds
2017-06-04T22:07:22.745+0200: 4,943: Total time for which application threads were stopped: 0,0004853 seconds, Stopping threads took: 0,0004035 seconds
2017-06-04T22:07:22.754+0200: 4,952: Total time for which application threads were stopped: 0,0029939 seconds, Stopping threads took: 0,0028981 seconds
2017-06-04T22:07:22.758+0200: 4,956: Total time for which application threads were stopped: 0,0001841 seconds, Stopping threads took: 0,0000501 seconds
2017-06-04T22:07:22.789+0200: 4,987: Total time for which application threads were stopped: 0,0009116 seconds, Stopping threads took: 0,0008323 seconds
2017-06-04T22:07:22.813+0200: 5,012: Total time for which application threads were stopped: 0,0001706 seconds, Stopping threads took: 0,0000634 seconds
2017-06-04T22:07:22.862+0200: 5,060: Total time for which application threads were stopped: 0,0002280 seconds, Stopping threads took: 0,0000983 seconds
2017-06-04T22:07:22.871+0200: 5,069: Total time for which application threads were stopped: 0,0004478 seconds, Stopping threads took: 0,0000480 seconds
2017-06-04T22:07:22.887+0200: 5,086: Total time for which application threads were stopped: 0,0005238 seconds, Stopping threads took: 0,0000476 seconds
2017-06-04T22:07:22.938+0200: 5,136: Total time for which application threads were stopped: 0,0003826 seconds, Stopping threads took: 0,0000246 seconds
2017-06-04T22:07:22.942+0200: 5,140: Total time for which application threads were stopped: 0,0030477 seconds, Stopping threads took: 0,0029607 seconds
2017-06-04T22:07:22.946+0200: 5,144: Total time for which application threads were stopped: 0,0033582 seconds, Stopping threads took: 0,0032676 seconds
2017-06-04T22:07:22.957+0200: 5,155: Total time for which application threads were stopped: 0,0001505 seconds, Stopping threads took: 0,0000816 seconds
2017-06-04T22:07:22.970+0200: 5,168: Total time for which application threads were stopped: 0,0024998 seconds, Stopping threads took: 0,0024235 seconds
2017-06-04T22:07:22.977+0200: 5,175: Total time for which application threads were stopped: 0,0002074 seconds, Stopping threads took: 0,0000472 seconds
2017-06-04T22:07:22.986+0200: 5,184: Total time for which application threads were stopped: 0,0001542 seconds, Stopping threads took: 0,0000426 seconds
2017-06-04T22:07:23.001+0200: 5,199: Total time for which application threads were stopped: 0,0001708 seconds, Stopping threads took: 0,0000917 seconds
2017-06-04T22:07:23.003+0200: 5,202: Total time for which application threads were stopped: 0,0003605 seconds, Stopping threads took: 0,0002704 seconds
2017-06-04T22:07:23.040+0200: 5,238: Total time for which application threads were stopped: 0,0005197 seconds, Stopping threads took: 0,0000860 seconds
2017-06-04T22:07:23.040+0200: 5,238: Total time for which application threads were stopped: 0,0001277 seconds, Stopping threads took: 0,0000406 seconds
2017-06-04T22:07:23.044+0200: 5,242: Total time for which application threads were stopped: 0,0001315 seconds, Stopping threads took: 0,0000552 seconds
2017-06-04T22:07:23.045+0200: 5,243: Total time for which application threads were stopped: 0,0001309 seconds, Stopping threads took: 0,0000508 seconds
2017-06-04T22:07:23.064+0200: 5,262: Total time for which application threads were stopped: 0,0001633 seconds, Stopping threads took: 0,0000603 seconds
2017-06-04T22:08:41.076+0200: 83,274: Total time for which application threads were stopped: 0,0000818 seconds, Stopping threads took: 0,0000219 seconds
2017-06-04T22:09:16.081+0200: 118,279: Total time for which application threads were stopped: 0,0000917 seconds, Stopping threads took: 0,0000411 seconds
2017-06-04T22:09:21.082+0200: 123,280: Total time for which application threads were stopped: 0,0000707 seconds, Stopping threads took: 0,0000188 seconds
{Heap before GC invocations=9 (full 1):
 par new generation   total 109248K, used 93657K [0x00000000e0000000, 0x00000000e8000000, 0x00000000e8000000)
  eden space 87424K, 100% used [0x00000000e0000000, 0x00000000e5560000, 0x00000000e5560000)
  from space 21824K,  28% used [0x00000000e6ab0000, 0x00000000e70c65c0, 0x00000000e8000000)
  to   space 21824K,   0% used [0x00000000e5560000, 0x00000000e5560000, 0x00000000e6ab0000)
 concurrent mark-sweep generation total 393216K, used 6612K [0x00000000e8000000, 0x0000000100000000, 0x0000000100000000)
 Metaspace       used 28026K, capacity 28542K, committed 28796K, reserved 1075200K
  class space    used 3211K, capacity 3387K, committed 3452K, reserved 1048576K
2017-06-04T22:10:13.323+0200: 175,990: [GC (Allocation Failure) 2017-06-04T22:10:13.323+0200: 175,990: [ParNew
Desired survivor size 20112992 bytes, new threshold 8 (max 8)
- age   1:   10934192 bytes,   10934192 total
- age   2:     217648 bytes,   11151840 total
- age   3:     230592 bytes,   11382432 total
- age   4:    1750496 bytes,   13132928 total
- age   5:        256 bytes,   13133184 total
- age   6:      65432 bytes,   13198616 total
- age   7:      98168 bytes,   13296784 total
- age   8:     178768 bytes,   13475552 total
: 93657K->15012K(109248K), 0,0173475 secs] 100269K->22341K(502464K), 0,0174732 secs] [Times: user=0,06 sys=0,00, real=0,02 secs] 
Heap after GC invocations=10 (full 1):
 par new generation   total 109248K, used 15012K [0x00000000e0000000, 0x00000000e8000000, 0x00000000e8000000)
  eden space 87424K,   0% used [0x00000000e0000000, 0x00000000e0000000, 0x00000000e5560000)
  from space 21824K,  68% used [0x00000000e5560000, 0x00000000e6409020, 0x00000000e6ab0000)
  to   space 21824K,   0% used [0x00000000e6ab0000, 0x00000000e6ab0000, 0x00000000e8000000)
 concurrent mark-sweep generation total 393216K, used 7329K [0x00000000e8000000, 0x0000000100000000, 0x0000000100000000)
 Metaspace       used 28026K, capacity 28542K, committed 28796K, reserved 1075200K
  class space    used 3211K, capacity 3387K, committed 3452K, reserved 1048576K
}
2017-06-04T22:10:13.341+0200: 176,007: Total time for which application threads were stopped: 0,0177783 seconds, Stopping threads took: 0,0001108 seconds
2017-06-04T22:10:13.341+0200: 176,008: Total time for which application threads were stopped: 0,0000693 seconds, Stopping threads took: 0,0000336 seconds
2017-06-04T22:10:13.341+0200: 176,008: Total time for which application threads were stopped: 0,0000420 seconds, Stopping threads took: 0,0000207 seconds
2017-06-04T22:11:55.353+0200: 278,020: Total time for which application threads were stopped: 0,0000960 seconds, Stopping threads took: 0,0000381 seconds
2017-06-04T22:16:37.959+0200: 560,626: Total time for which application threads were stopped: 0,0374406 seconds, Stopping threads took: 0,0373493 seconds
2017-06-04T22:16:37.961+0200: 560,628: Total time for which application threads were stopped: 0,0007957 seconds, Stopping threads took: 0,0007372 seconds
2017-06-04T22:16:37.961+0200: 560,628: Total time for which application threads were stopped: 0,0000625 seconds, Stopping threads took: 0,0000156 seconds
2017-06-04T22:16:37.962+0200: 560,629: Total time for which application threads were stopped: 0,0001654 seconds, Stopping threads took: 0,0000955 seconds
2017-06-04T22:16:37.964+0200: 560,630: Total time for which application threads were stopped: 0,0003457 seconds, Stopping threads took: 0,0002775 seconds
2017-06-04T22:16:37.964+0200: 560,631: Total time for which application threads were stopped: 0,0000991 seconds, Stopping threads took: 0,0000233 seconds
2017-06-04T22:16:37.965+0200: 560,632: Total time for which application threads were stopped: 0,0002883 seconds, Stopping threads took: 0,0002295 seconds
2017-06-04T22:16:37.966+0200: 560,632: Total time for which application threads were stopped: 0,0000808 seconds, Stopping threads took: 0,0000212 seconds
2017-06-04T22:16:37.966+0200: 560,633: Total time for which application threads were stopped: 0,0000768 seconds, Stopping threads took: 0,0000135 seconds
2017-06-04T22:16:37.968+0200: 560,634: Total time for which application threads were stopped: 0,0000853 seconds, Stopping threads took: 0,0000136 seconds
2017-06-04T22:16:37.968+0200: 560,635: Total time for which application threads were stopped: 0,0000659 seconds, Stopping threads took: 0,0000124 seconds
2017-06-04T22:16:37.968+0200: 560,635: Total time for which application threads were stopped: 0,0000777 seconds, Stopping threads took: 0,0000158 seconds
2017-06-04T22:16:37.970+0200: 560,637: Total time for which application threads were stopped: 0,0002172 seconds, Stopping threads took: 0,0001393 seconds
2017-06-04T22:16:37.971+0200: 560,638: Total time for which application threads were stopped: 0,0000800 seconds, Stopping threads took: 0,0000141 seconds
2017-06-04T22:16:37.971+0200: 560,638: Total time for which application threads were stopped: 0,0000698 seconds, Stopping threads took: 0,0000126 seconds
2017-06-04T22:16:37.972+0200: 560,639: Total time for which application threads were stopped: 0,0000744 seconds, Stopping threads took: 0,0000096 seconds
2017-06-04T22:16:37.972+0200: 560,639: Total time for which application threads were stopped: 0,0003502 seconds, Stopping threads took: 0,0002730 seconds
2017-06-04T22:16:37.973+0200: 560,640: Total time for which application threads were stopped: 0,0003407 seconds, Stopping threads took: 0,0002728 seconds
2017-06-04T22:16:37.974+0200: 560,641: Total time for which application threads were stopped: 0,0000812 seconds, Stopping threads took: 0,0000159 seconds
2017-06-04T22:16:37.974+0200: 560,641: Total time for which application threads were stopped: 0,0000774 seconds, Stopping threads took: 0,0000126 seconds
2017-06-04T22:16:37.975+0200: 560,642: Total time for which application threads were stopped: 0,0005093 seconds, Stopping threads took: 0,0004368 seconds
2017-06-04T22:16:37.979+0200: 560,645: Total time for which application threads were stopped: 0,0006936 seconds, Stopping threads took: 0,0006029 seconds
2017-06-04T22:16:37.984+0200: 560,650: Total time for which application threads were stopped: 0,0001243 seconds, Stopping threads took: 0,0000273 seconds
2017-06-04T22:16:37.985+0200: 560,652: Total time for which application threads were stopped: 0,0000856 seconds, Stopping threads took: 0,0000153 seconds
2017-06-04T22:16:37.995+0200: 560,662: Total time for which application threads were stopped: 0,0010123 seconds, Stopping threads took: 0,0009283 seconds
2017-06-04T22:16:37.995+0200: 560,662: Total time for which application threads were stopped: 0,0000687 seconds, Stopping threads took: 0,0000182 seconds
2017-06-04T22:16:37.996+0200: 560,662: Total time for which application threads were stopped: 0,0000375 seconds, Stopping threads took: 0,0000056 seconds
2017-06-04T22:16:37.996+0200: 560,662: Total time for which application threads were stopped: 0,0000345 seconds, Stopping threads took: 0,0000047 seconds
2017-06-04T22:16:37.996+0200: 560,662: Total time for which application threads were stopped: 0,0000368 seconds, Stopping threads took: 0,0000045 seconds
2017-06-04T22:16:37.998+0200: 560,665: Total time for which application threads were stopped: 0,0002559 seconds, Stopping threads took: 0,0001743 seconds
2017-06-04T22:16:37.999+0200: 560,666: Total time for which application threads were stopped: 0,0000948 seconds, Stopping threads took: 0,0000191 seconds
2017-06-04T22:16:38.000+0200: 560,667: Total time for which application threads were stopped: 0,0007688 seconds, Stopping threads took: 0,0007039 seconds
2017-06-04T22:16:38.000+0200: 560,667: Total time for which application threads were stopped: 0,0000657 seconds, Stopping threads took: 0,0000275 seconds
2017-06-04T22:16:38.000+0200: 560,667: Total time for which application threads were stopped: 0,0000532 seconds, Stopping threads took: 0,0000170 seconds
2017-06-04T22:16:38.001+0200: 560,667: Total time for which application threads were stopped: 0,0000516 seconds, Stopping threads took: 0,0000166 seconds
2017-06-04T22:16:38.001+0200: 560,668: Total time for which application threads were stopped: 0,0000875 seconds, Stopping threads took: 0,0000270 seconds
2017-06-04T22:16:38.001+0200: 560,668: Total time for which application threads were stopped: 0,0000547 seconds, Stopping threads took: 0,0000135 seconds
2017-06-04T22:16:38.001+0200: 560,669: Total time for which application threads were stopped: 0,0003453 seconds, Stopping threads took: 0,0000430 seconds
2017-06-04T22:16:38.002+0200: 560,669: Total time for which application threads were stopped: 0,0000892 seconds, Stopping threads took: 0,0000185 seconds
2017-06-04T22:16:38.003+0200: 560,669: Total time for which application threads were stopped: 0,0000976 seconds, Stopping threads took: 0,0000342 seconds
2017-06-04T22:16:38.003+0200: 560,669: Total time for which application threads were stopped: 0,0000474 seconds, Stopping threads took: 0,0000098 seconds
2017-06-04T22:16:38.004+0200: 560,671: Total time for which application threads were stopped: 0,0001163 seconds, Stopping threads took: 0,0000408 seconds
2017-06-04T22:16:38.005+0200: 560,672: Total time for which application threads were stopped: 0,0004392 seconds, Stopping threads took: 0,0003861 seconds
2017-06-04T22:16:38.005+0200: 560,672: Total time for which application threads were stopped: 0,0000594 seconds, Stopping threads took: 0,0000213 seconds
2017-06-04T22:16:38.012+0200: 560,678: Total time for which application threads were stopped: 0,0000847 seconds, Stopping threads took: 0,0000249 seconds
2017-06-04T22:16:38.012+0200: 560,678: Total time for which application threads were stopped: 0,0000418 seconds, Stopping threads took: 0,0000061 seconds
2017-06-04T22:16:38.012+0200: 560,679: Total time for which application threads were stopped: 0,0000349 seconds, Stopping threads took: 0,0000048 seconds
2017-06-04T22:16:38.012+0200: 560,679: Total time for which application threads were stopped: 0,0000338 seconds, Stopping threads took: 0,0000051 seconds
2017-06-04T22:16:38.013+0200: 560,680: Total time for which application threads were stopped: 0,0000944 seconds, Stopping threads took: 0,0000301 seconds
2017-06-04T22:16:38.014+0200: 560,680: Total time for which application threads were stopped: 0,0000584 seconds, Stopping threads took: 0,0000189 seconds
2017-06-04T22:16:38.014+0200: 560,680: Total time for which application threads were stopped: 0,0000517 seconds, Stopping threads took: 0,0000176 seconds
2017-06-04T22:16:38.014+0200: 560,681: Total time for which application threads were stopped: 0,0000704 seconds, Stopping threads took: 0,0000302 seconds
2017-06-04T22:16:38.014+0200: 560,681: Total time for which application threads were stopped: 0,0000537 seconds, Stopping threads took: 0,0000195 seconds
2017-06-04T22:16:38.014+0200: 560,681: Total time for which application threads were stopped: 0,0000462 seconds, Stopping threads took: 0,0000145 seconds
2017-06-04T22:16:38.014+0200: 560,681: Total time for which application threads were stopped: 0,0000470 seconds, Stopping threads took: 0,0000164 seconds
2017-06-04T22:16:38.014+0200: 560,681: Total time for which application threads were stopped: 0,0000569 seconds, Stopping threads took: 0,0000180 seconds
2017-06-04T22:16:38.015+0200: 560,681: Total time for which application threads were stopped: 0,0000462 seconds, Stopping threads took: 0,0000153 seconds
2017-06-04T22:16:38.015+0200: 560,681: Total time for which application threads were stopped: 0,0000301 seconds, Stopping threads took: 0,0000044 seconds
2017-06-04T22:16:38.015+0200: 560,682: Total time for which application threads were stopped: 0,0000444 seconds, Stopping threads took: 0,0000138 seconds
2017-06-04T22:16:38.015+0200: 560,682: Total time for which application threads were stopped: 0,0000467 seconds, Stopping threads took: 0,0000136 seconds
2017-06-04T22:16:38.015+0200: 560,682: Total time for which application threads were stopped: 0,0000427 seconds, Stopping threads took: 0,0000075 seconds
2017-06-04T22:16:38.015+0200: 560,682: Total time for which application threads were stopped: 0,0001695 seconds, Stopping threads took: 0,0000156 seconds
2017-06-04T22:16:38.017+0200: 560,684: Total time for which application threads were stopped: 0,0001417 seconds, Stopping threads took: 0,0000388 seconds
2017-06-04T22:16:38.025+0200: 560,692: Total time for which application threads were stopped: 0,0001491 seconds, Stopping threads took: 0,0000395 seconds
2017-06-04T22:16:38.026+0200: 560,692: Total time for which application threads were stopped: 0,0001030 seconds, Stopping threads took: 0,0000230 seconds
Heap
 par new generation   total 109248K, used 36206K [0x00000000e0000000, 0x00000000e8000000, 0x00000000e8000000)
  eden space 87424K,  24% used [0x00000000e0000000, 0x00000000e14b2b10, 0x00000000e5560000)
  from space 21824K,  68% used [0x00000000e5560000, 0x00000000e6409020, 0x00000000e6ab0000)
  to   space 21824K,   0% used [0x00000000e6ab0000, 0x00000000e6ab0000, 0x00000000e8000000)
 concurrent mark-sweep generation total 393216K, used 7329K [0x00000000e8000000, 0x0000000100000000, 0x0000000100000000)
 Metaspace       used 28135K, capacity 28714K, committed 29052K, reserved 1075200K
  class space    used 3225K, capacity 3421K, committed 3452K, reserved 1048576K
