OpenJDK 64-Bit Server VM (25.131-b11) for linux-amd64 JRE (1.8.0_131-8u131-b11-0ubuntu1.16.04.2-b11), built on May  6 2017 02:45:27 by "buildd" with gcc 5.4.0 20160609
Memory: 4k page, physical 7867740k(7409820k free), swap 8076284k(8076284k free)
CommandLine flags: -XX:CMSInitiatingOccupancyFraction=50 -XX:CMSMaxAbortablePrecleanTime=6000 -XX:+CMSParallelRemarkEnabled -XX:+CMSScavengeBeforeRemark -XX:ConcGCThreads=4 -XX:InitialHeapSize=536870912 -XX:MaxHeapSize=536870912 -XX:MaxTenuringThreshold=8 -XX:NewRatio=3 -XX:OldPLABSize=16 -XX:OnOutOfMemoryError=/opt/solr/bin/oom_solr.sh 8983 /var/solr/logs -XX:ParallelGCThreads=4 -XX:+ParallelRefProcEnabled -XX:PretenureSizeThreshold=67108864 -XX:+PrintGC -XX:+PrintGCApplicationStoppedTime -XX:+PrintGCDateStamps -XX:+PrintGCDetails -XX:+PrintGCTimeStamps -XX:+PrintHeapAtGC -XX:+PrintTenuringDistribution -XX:SurvivorRatio=4 -XX:TargetSurvivorRatio=90 -XX:ThreadStackSize=256 -XX:+UseCMSInitiatingOccupancyOnly -XX:+UseCompressedClassPointers -XX:+UseCompressedOops -XX:+UseConcMarkSweepGC -XX:+UseParNewGC 
2017-07-20T22:36:48.044+0200: 0,181: Total time for which application threads were stopped: 0,0000666 seconds, Stopping threads took: 0,0000088 seconds
2017-07-20T22:36:48.144+0200: 0,281: Total time for which application threads were stopped: 0,0001048 seconds, Stopping threads took: 0,0000178 seconds
2017-07-20T22:36:48.162+0200: 0,299: Total time for which application threads were stopped: 0,0001109 seconds, Stopping threads took: 0,0000283 seconds
2017-07-20T22:36:48.397+0200: 0,534: Total time for which application threads were stopped: 0,0001410 seconds, Stopping threads took: 0,0000127 seconds
2017-07-20T22:36:48.881+0200: 1,018: Total time for which application threads were stopped: 0,0001899 seconds, Stopping threads took: 0,0000152 seconds
2017-07-20T22:36:49.001+0200: 1,138: Total time for which application threads were stopped: 0,0002092 seconds, Stopping threads took: 0,0000194 seconds
2017-07-20T22:36:49.022+0200: 1,159: Total time for which application threads were stopped: 0,0003049 seconds, Stopping threads took: 0,0001313 seconds
2017-07-20T22:36:49.455+0200: 1,592: Total time for which application threads were stopped: 0,0002202 seconds, Stopping threads took: 0,0000142 seconds
2017-07-20T22:36:50.087+0200: 2,224: Total time for which application threads were stopped: 0,0019086 seconds, Stopping threads took: 0,0002454 seconds
2017-07-20T22:36:50.163+0200: 2,300: Total time for which application threads were stopped: 0,0016854 seconds, Stopping threads took: 0,0002918 seconds
2017-07-20T22:36:50.257+0200: 2,394: Total time for which application threads were stopped: 0,0002423 seconds, Stopping threads took: 0,0000229 seconds
2017-07-20T22:36:50.258+0200: 2,395: Total time for which application threads were stopped: 0,0002246 seconds, Stopping threads took: 0,0000202 seconds
2017-07-20T22:36:50.275+0200: 2,412: Total time for which application threads were stopped: 0,0001973 seconds, Stopping threads took: 0,0000195 seconds
2017-07-20T22:36:50.360+0200: 2,497: Total time for which application threads were stopped: 0,0002483 seconds, Stopping threads took: 0,0000207 seconds
2017-07-20T22:36:50.537+0200: 2,674: Total time for which application threads were stopped: 0,0002637 seconds, Stopping threads took: 0,0000359 seconds
{Heap before GC invocations=0 (full 0):
 par new generation   total 109248K, used 87424K [0x00000000e0000000, 0x00000000e8000000, 0x00000000e8000000)
  eden space 87424K, 100% used [0x00000000e0000000, 0x00000000e5560000, 0x00000000e5560000)
  from space 21824K,   0% used [0x00000000e5560000, 0x00000000e5560000, 0x00000000e6ab0000)
  to   space 21824K,   0% used [0x00000000e6ab0000, 0x00000000e6ab0000, 0x00000000e8000000)
 concurrent mark-sweep generation total 393216K, used 0K [0x00000000e8000000, 0x0000000100000000, 0x0000000100000000)
 Metaspace       used 17822K, capacity 18176K, committed 18304K, reserved 1064960K
  class space    used 2023K, capacity 2164K, committed 2176K, reserved 1048576K
2017-07-20T22:36:50.585+0200: 2,721: [GC (Allocation Failure) 2017-07-20T22:36:50.585+0200: 2,722: [ParNew
Desired survivor size 20112992 bytes, new threshold 8 (max 8)
- age   1:   11626224 bytes,   11626224 total
: 87424K->11459K(109248K), 0,0153411 secs] 87424K->11459K(502464K), 0,0154358 secs] [Times: user=0,03 sys=0,02, real=0,01 secs] 
Heap after GC invocations=1 (full 0):
 par new generation   total 109248K, used 11459K [0x00000000e0000000, 0x00000000e8000000, 0x00000000e8000000)
  eden space 87424K,   0% used [0x00000000e0000000, 0x00000000e0000000, 0x00000000e5560000)
  from space 21824K,  52% used [0x00000000e6ab0000, 0x00000000e75e0d98, 0x00000000e8000000)
  to   space 21824K,   0% used [0x00000000e5560000, 0x00000000e5560000, 0x00000000e6ab0000)
 concurrent mark-sweep generation total 393216K, used 0K [0x00000000e8000000, 0x0000000100000000, 0x0000000100000000)
 Metaspace       used 17822K, capacity 18176K, committed 18304K, reserved 1064960K
  class space    used 2023K, capacity 2164K, committed 2176K, reserved 1048576K
}
2017-07-20T22:36:50.600+0200: 2,737: Total time for which application threads were stopped: 0,0156860 seconds, Stopping threads took: 0,0000821 seconds
2017-07-20T22:36:50.994+0200: 3,130: Total time for which application threads were stopped: 0,0003392 seconds, Stopping threads took: 0,0000360 seconds
{Heap before GC invocations=1 (full 0):
 par new generation   total 109248K, used 98883K [0x00000000e0000000, 0x00000000e8000000, 0x00000000e8000000)
  eden space 87424K, 100% used [0x00000000e0000000, 0x00000000e5560000, 0x00000000e5560000)
  from space 21824K,  52% used [0x00000000e6ab0000, 0x00000000e75e0d98, 0x00000000e8000000)
  to   space 21824K,   0% used [0x00000000e5560000, 0x00000000e5560000, 0x00000000e6ab0000)
 concurrent mark-sweep generation total 393216K, used 0K [0x00000000e8000000, 0x0000000100000000, 0x0000000100000000)
 Metaspace       used 20061K, capacity 20368K, committed 20736K, reserved 1067008K
  class space    used 2296K, capacity 2472K, committed 2560K, reserved 1048576K
2017-07-20T22:36:51.028+0200: 3,165: [GC (Allocation Failure) 2017-07-20T22:36:51.028+0200: 3,165: [ParNew
Desired survivor size 20112992 bytes, new threshold 8 (max 8)
- age   1:    4276464 bytes,    4276464 total
- age   2:    6187360 bytes,   10463824 total
: 98883K->14652K(109248K), 0,0105956 secs] 98883K->14652K(502464K), 0,0106735 secs] [Times: user=0,03 sys=0,01, real=0,01 secs] 
Heap after GC invocations=2 (full 0):
 par new generation   total 109248K, used 14652K [0x00000000e0000000, 0x00000000e8000000, 0x00000000e8000000)
  eden space 87424K,   0% used [0x00000000e0000000, 0x00000000e0000000, 0x00000000e5560000)
  from space 21824K,  67% used [0x00000000e5560000, 0x00000000e63af2c0, 0x00000000e6ab0000)
  to   space 21824K,   0% used [0x00000000e6ab0000, 0x00000000e6ab0000, 0x00000000e8000000)
 concurrent mark-sweep generation total 393216K, used 0K [0x00000000e8000000, 0x0000000100000000, 0x0000000100000000)
 Metaspace       used 20061K, capacity 20368K, committed 20736K, reserved 1067008K
  class space    used 2296K, capacity 2472K, committed 2560K, reserved 1048576K
}
2017-07-20T22:36:51.039+0200: 3,176: Total time for which application threads were stopped: 0,0119407 seconds, Stopping threads took: 0,0011032 seconds
2017-07-20T22:36:51.048+0200: 3,185: Total time for which application threads were stopped: 0,0003961 seconds, Stopping threads took: 0,0000692 seconds
2017-07-20T22:36:51.081+0200: 3,218: Total time for which application threads were stopped: 0,0004401 seconds, Stopping threads took: 0,0000940 seconds
2017-07-20T22:36:51.221+0200: 3,358: Total time for which application threads were stopped: 0,0001753 seconds, Stopping threads took: 0,0000563 seconds
{Heap before GC invocations=2 (full 0):
 par new generation   total 109248K, used 102076K [0x00000000e0000000, 0x00000000e8000000, 0x00000000e8000000)
  eden space 87424K, 100% used [0x00000000e0000000, 0x00000000e5560000, 0x00000000e5560000)
  from space 21824K,  67% used [0x00000000e5560000, 0x00000000e63af2c0, 0x00000000e6ab0000)
  to   space 21824K,   0% used [0x00000000e6ab0000, 0x00000000e6ab0000, 0x00000000e8000000)
 concurrent mark-sweep generation total 393216K, used 0K [0x00000000e8000000, 0x0000000100000000, 0x0000000100000000)
 Metaspace       used 20964K, capacity 21290K, committed 21628K, reserved 1069056K
  class space    used 2418K, capacity 2591K, committed 2684K, reserved 1048576K
2017-07-20T22:36:51.262+0200: 3,399: [GC (Allocation Failure) 2017-07-20T22:36:51.262+0200: 3,399: [ParNew
Desired survivor size 20112992 bytes, new threshold 8 (max 8)
- age   1:    2085576 bytes,    2085576 total
- age   2:    1314984 bytes,    3400560 total
- age   3:    6185192 bytes,    9585752 total
: 102076K->12742K(109248K), 0,0095103 secs] 102076K->12742K(502464K), 0,0095841 secs] [Times: user=0,03 sys=0,00, real=0,01 secs] 
Heap after GC invocations=3 (full 0):
 par new generation   total 109248K, used 12742K [0x00000000e0000000, 0x00000000e8000000, 0x00000000e8000000)
  eden space 87424K,   0% used [0x00000000e0000000, 0x00000000e0000000, 0x00000000e5560000)
  from space 21824K,  58% used [0x00000000e6ab0000, 0x00000000e7721b80, 0x00000000e8000000)
  to   space 21824K,   0% used [0x00000000e5560000, 0x00000000e5560000, 0x00000000e6ab0000)
 concurrent mark-sweep generation total 393216K, used 0K [0x00000000e8000000, 0x0000000100000000, 0x0000000100000000)
 Metaspace       used 20964K, capacity 21290K, committed 21628K, reserved 1069056K
  class space    used 2418K, capacity 2591K, committed 2684K, reserved 1048576K
}
2017-07-20T22:36:51.271+0200: 3,408: Total time for which application threads were stopped: 0,0131842 seconds, Stopping threads took: 0,0034659 seconds
2017-07-20T22:36:51.272+0200: 3,409: [GC (CMS Initial Mark) [1 CMS-initial-mark: 0K(393216K)] 14129K(502464K), 0,0030086 secs] [Times: user=0,01 sys=0,00, real=0,00 secs] 
2017-07-20T22:36:51.275+0200: 3,412: Total time for which application threads were stopped: 0,0031420 seconds, Stopping threads took: 0,0000463 seconds
2017-07-20T22:36:51.275+0200: 3,412: [CMS-concurrent-mark-start]
2017-07-20T22:36:51.275+0200: 3,412: [CMS-concurrent-mark: 0,000/0,000 secs] [Times: user=0,00 sys=0,00, real=0,00 secs] 
2017-07-20T22:36:51.275+0200: 3,412: [CMS-concurrent-preclean-start]
2017-07-20T22:36:51.276+0200: 3,413: [CMS-concurrent-preclean: 0,001/0,001 secs] [Times: user=0,00 sys=0,00, real=0,00 secs] 
2017-07-20T22:36:51.279+0200: 3,416: [GC (CMS Final Remark) [YG occupancy: 14129 K (109248 K)]{Heap before GC invocations=3 (full 1):
 par new generation   total 109248K, used 14129K [0x00000000e0000000, 0x00000000e8000000, 0x00000000e8000000)
  eden space 87424K,   1% used [0x00000000e0000000, 0x00000000e015ab90, 0x00000000e5560000)
  from space 21824K,  58% used [0x00000000e6ab0000, 0x00000000e7721b80, 0x00000000e8000000)
  to   space 21824K,   0% used [0x00000000e5560000, 0x00000000e5560000, 0x00000000e6ab0000)
 concurrent mark-sweep generation total 393216K, used 0K [0x00000000e8000000, 0x0000000100000000, 0x0000000100000000)
 Metaspace       used 20964K, capacity 21290K, committed 21628K, reserved 1069056K
  class space    used 2418K, capacity 2591K, committed 2684K, reserved 1048576K
2017-07-20T22:36:51.279+0200: 3,416: [GC (CMS Final Remark) 2017-07-20T22:36:51.279+0200: 3,416: [ParNew
Desired survivor size 20112992 bytes, new threshold 8 (max 8)
- age   1:      18928 bytes,      18928 total
- age   2:    1618080 bytes,    1637008 total
- age   3:    1284272 bytes,    2921280 total
- age   4:    6185192 bytes,    9106472 total
: 14129K->11084K(109248K), 0,0190306 secs] 14129K->11084K(502464K), 0,0190863 secs] [Times: user=0,07 sys=0,00, real=0,02 secs] 
Heap after GC invocations=4 (full 1):
 par new generation   total 109248K, used 11084K [0x00000000e0000000, 0x00000000e8000000, 0x00000000e8000000)
  eden space 87424K,   0% used [0x00000000e0000000, 0x00000000e0000000, 0x00000000e5560000)
  from space 21824K,  50% used [0x00000000e5560000, 0x00000000e6033088, 0x00000000e6ab0000)
  to   space 21824K,   0% used [0x00000000e6ab0000, 0x00000000e6ab0000, 0x00000000e8000000)
 concurrent mark-sweep generation total 393216K, used 0K [0x00000000e8000000, 0x0000000100000000, 0x0000000100000000)
 Metaspace       used 20964K, capacity 21290K, committed 21628K, reserved 1069056K
  class space    used 2418K, capacity 2591K, committed 2684K, reserved 1048576K
}
2017-07-20T22:36:51.299+0200: 3,436: [Rescan (parallel) , 0,0052931 secs]2017-07-20T22:36:51.304+0200: 3,441: [weak refs processing, 0,0019657 secs]2017-07-20T22:36:51.306+0200: 3,443: [class unloading, 0,0039130 secs]2017-07-20T22:36:51.310+0200: 3,447: [scrub symbol table, 0,0039644 secs]2017-07-20T22:36:51.314+0200: 3,451: [scrub string table, 0,0004742 secs][1 CMS-remark: 0K(393216K)] 11084K(502464K), 0,0356504 secs] [Times: user=0,11 sys=0,00, real=0,04 secs] 
2017-07-20T22:36:51.315+0200: 3,452: Total time for which application threads were stopped: 0,0360714 seconds, Stopping threads took: 0,0003119 seconds
2017-07-20T22:36:51.315+0200: 3,452: [CMS-concurrent-sweep-start]
2017-07-20T22:36:51.315+0200: 3,452: [CMS-concurrent-sweep: 0,000/0,000 secs] [Times: user=0,00 sys=0,00, real=0,00 secs] 
2017-07-20T22:36:51.315+0200: 3,452: [CMS-concurrent-reset-start]
2017-07-20T22:36:51.318+0200: 3,455: [CMS-concurrent-reset: 0,002/0,002 secs] [Times: user=0,01 sys=0,00, real=0,00 secs] 
{Heap before GC invocations=4 (full 1):
 par new generation   total 109248K, used 98508K [0x00000000e0000000, 0x00000000e8000000, 0x00000000e8000000)
  eden space 87424K, 100% used [0x00000000e0000000, 0x00000000e5560000, 0x00000000e5560000)
  from space 21824K,  50% used [0x00000000e5560000, 0x00000000e6033088, 0x00000000e6ab0000)
  to   space 21824K,   0% used [0x00000000e6ab0000, 0x00000000e6ab0000, 0x00000000e8000000)
 concurrent mark-sweep generation total 393216K, used 0K [0x00000000e8000000, 0x0000000100000000, 0x0000000100000000)
 Metaspace       used 21197K, capacity 21572K, committed 21884K, reserved 1069056K
  class space    used 2447K, capacity 2607K, committed 2684K, reserved 1048576K
2017-07-20T22:36:51.404+0200: 3,541: [GC (Allocation Failure) 2017-07-20T22:36:51.404+0200: 3,541: [ParNew
Desired survivor size 20112992 bytes, new threshold 8 (max 8)
- age   1:    1102776 bytes,    1102776 total
- age   2:       1072 bytes,    1103848 total
- age   3:    1462536 bytes,    2566384 total
- age   4:    1280192 bytes,    3846576 total
- age   5:    6185432 bytes,   10032008 total
: 98508K->15802K(109248K), 0,0106410 secs] 98508K->15802K(502464K), 0,0107096 secs] [Times: user=0,03 sys=0,00, real=0,01 secs] 
Heap after GC invocations=5 (full 1):
 par new generation   total 109248K, used 15802K [0x00000000e0000000, 0x00000000e8000000, 0x00000000e8000000)
  eden space 87424K,   0% used [0x00000000e0000000, 0x00000000e0000000, 0x00000000e5560000)
  from space 21824K,  72% used [0x00000000e6ab0000, 0x00000000e7a1eac0, 0x00000000e8000000)
  to   space 21824K,   0% used [0x00000000e5560000, 0x00000000e5560000, 0x00000000e6ab0000)
 concurrent mark-sweep generation total 393216K, used 0K [0x00000000e8000000, 0x0000000100000000, 0x0000000100000000)
 Metaspace       used 21197K, capacity 21572K, committed 21884K, reserved 1069056K
  class space    used 2447K, capacity 2607K, committed 2684K, reserved 1048576K
}
2017-07-20T22:36:51.415+0200: 3,552: Total time for which application threads were stopped: 0,0109592 seconds, Stopping threads took: 0,0000982 seconds
{Heap before GC invocations=5 (full 1):
 par new generation   total 109248K, used 103226K [0x00000000e0000000, 0x00000000e8000000, 0x00000000e8000000)
  eden space 87424K, 100% used [0x00000000e0000000, 0x00000000e5560000, 0x00000000e5560000)
  from space 21824K,  72% used [0x00000000e6ab0000, 0x00000000e7a1eac0, 0x00000000e8000000)
  to   space 21824K,   0% used [0x00000000e5560000, 0x00000000e5560000, 0x00000000e6ab0000)
 concurrent mark-sweep generation total 393216K, used 0K [0x00000000e8000000, 0x0000000100000000, 0x0000000100000000)
 Metaspace       used 21363K, capacity 21808K, committed 21884K, reserved 1069056K
  class space    used 2468K, capacity 2641K, committed 2684K, reserved 1048576K
2017-07-20T22:36:51.514+0200: 3,651: [GC (Allocation Failure) 2017-07-20T22:36:51.514+0200: 3,651: [ParNew
Desired survivor size 20112992 bytes, new threshold 8 (max 8)
- age   1:    1386168 bytes,    1386168 total
- age   2:     182672 bytes,    1568840 total
- age   3:       1072 bytes,    1569912 total
- age   4:    1462192 bytes,    3032104 total
- age   5:    1278112 bytes,    4310216 total
- age   6:    6185232 bytes,   10495448 total
: 103226K->12167K(109248K), 0,0135716 secs] 103226K->12167K(502464K), 0,0136373 secs] [Times: user=0,04 sys=0,00, real=0,01 secs] 
Heap after GC invocations=6 (full 1):
 par new generation   total 109248K, used 12167K [0x00000000e0000000, 0x00000000e8000000, 0x00000000e8000000)
  eden space 87424K,   0% used [0x00000000e0000000, 0x00000000e0000000, 0x00000000e5560000)
  from space 21824K,  55% used [0x00000000e5560000, 0x00000000e6141d80, 0x00000000e6ab0000)
  to   space 21824K,   0% used [0x00000000e6ab0000, 0x00000000e6ab0000, 0x00000000e8000000)
 concurrent mark-sweep generation total 393216K, used 0K [0x00000000e8000000, 0x0000000100000000, 0x0000000100000000)
 Metaspace       used 21363K, capacity 21808K, committed 21884K, reserved 1069056K
  class space    used 2468K, capacity 2641K, committed 2684K, reserved 1048576K
}
2017-07-20T22:36:51.528+0200: 3,664: Total time for which application threads were stopped: 0,0148581 seconds, Stopping threads took: 0,0010661 seconds
2017-07-20T22:36:51.571+0200: 3,708: Total time for which application threads were stopped: 0,0003568 seconds, Stopping threads took: 0,0000238 seconds
2017-07-20T22:36:51.839+0200: 3,976: Total time for which application threads were stopped: 0,0005087 seconds, Stopping threads took: 0,0000741 seconds
2017-07-20T22:36:51.856+0200: 3,993: Total time for which application threads were stopped: 0,0004186 seconds, Stopping threads took: 0,0000461 seconds
2017-07-20T22:36:51.937+0200: 4,074: Total time for which application threads were stopped: 0,0047222 seconds, Stopping threads took: 0,0042488 seconds
{Heap before GC invocations=6 (full 1):
 par new generation   total 109248K, used 99591K [0x00000000e0000000, 0x00000000e8000000, 0x00000000e8000000)
  eden space 87424K, 100% used [0x00000000e0000000, 0x00000000e5560000, 0x00000000e5560000)
  from space 21824K,  55% used [0x00000000e5560000, 0x00000000e6141d80, 0x00000000e6ab0000)
  to   space 21824K,   0% used [0x00000000e6ab0000, 0x00000000e6ab0000, 0x00000000e8000000)
 concurrent mark-sweep generation total 393216K, used 0K [0x00000000e8000000, 0x0000000100000000, 0x0000000100000000)
 Metaspace       used 23695K, capacity 24190K, committed 24316K, reserved 1071104K
  class space    used 2785K, capacity 2986K, committed 3068K, reserved 1048576K
2017-07-20T22:36:52.022+0200: 4,159: [GC (Allocation Failure) 2017-07-20T22:36:52.022+0200: 4,159: [ParNew
Desired survivor size 20112992 bytes, new threshold 8 (max 8)
- age   1:    5014592 bytes,    5014592 total
- age   2:     113104 bytes,    5127696 total
- age   3:     181224 bytes,    5308920 total
- age   4:       1040 bytes,    5309960 total
- age   5:     292512 bytes,    5602472 total
- age   6:    1253824 bytes,    6856296 total
- age   7:    6177096 bytes,   13033392 total
: 99591K->15388K(109248K), 0,0135472 secs] 99591K->15388K(502464K), 0,0136316 secs] [Times: user=0,06 sys=0,00, real=0,01 secs] 
Heap after GC invocations=7 (full 1):
 par new generation   total 109248K, used 15388K [0x00000000e0000000, 0x00000000e8000000, 0x00000000e8000000)
  eden space 87424K,   0% used [0x00000000e0000000, 0x00000000e0000000, 0x00000000e5560000)
  from space 21824K,  70% used [0x00000000e6ab0000, 0x00000000e79b7088, 0x00000000e8000000)
  to   space 21824K,   0% used [0x00000000e5560000, 0x00000000e5560000, 0x00000000e6ab0000)
 concurrent mark-sweep generation total 393216K, used 0K [0x00000000e8000000, 0x0000000100000000, 0x0000000100000000)
 Metaspace       used 23695K, capacity 24190K, committed 24316K, reserved 1071104K
  class space    used 2785K, capacity 2986K, committed 3068K, reserved 1048576K
}
2017-07-20T22:36:52.036+0200: 4,173: Total time for which application threads were stopped: 0,0141339 seconds, Stopping threads took: 0,0003053 seconds
2017-07-20T22:36:52.036+0200: 4,173: Total time for which application threads were stopped: 0,0001200 seconds, Stopping threads took: 0,0000390 seconds
2017-07-20T22:36:52.037+0200: 4,173: Total time for which application threads were stopped: 0,0000969 seconds, Stopping threads took: 0,0000130 seconds
{Heap before GC invocations=7 (full 1):
 par new generation   total 109248K, used 102812K [0x00000000e0000000, 0x00000000e8000000, 0x00000000e8000000)
  eden space 87424K, 100% used [0x00000000e0000000, 0x00000000e5560000, 0x00000000e5560000)
  from space 21824K,  70% used [0x00000000e6ab0000, 0x00000000e79b7088, 0x00000000e8000000)
  to   space 21824K,   0% used [0x00000000e5560000, 0x00000000e5560000, 0x00000000e6ab0000)
 concurrent mark-sweep generation total 393216K, used 0K [0x00000000e8000000, 0x0000000100000000, 0x0000000100000000)
 Metaspace       used 24148K, capacity 24548K, committed 24828K, reserved 1071104K
  class space    used 2842K, capacity 3019K, committed 3068K, reserved 1048576K
2017-07-20T22:36:52.142+0200: 4,279: [GC (Allocation Failure) 2017-07-20T22:36:52.142+0200: 4,279: [ParNew
Desired survivor size 20112992 bytes, new threshold 8 (max 8)
- age   1:    1919856 bytes,    1919856 total
- age   2:    1774208 bytes,    3694064 total
- age   3:      60448 bytes,    3754512 total
- age   4:     105744 bytes,    3860256 total
- age   5:       1040 bytes,    3861296 total
- age   6:     185520 bytes,    4046816 total
- age   7:     970288 bytes,    5017104 total
- age   8:    5896952 bytes,   10914056 total
: 102812K->14680K(109248K), 0,0163653 secs] 102812K->14680K(502464K), 0,0164656 secs] [Times: user=0,05 sys=0,01, real=0,01 secs] 
Heap after GC invocations=8 (full 1):
 par new generation   total 109248K, used 14680K [0x00000000e0000000, 0x00000000e8000000, 0x00000000e8000000)
  eden space 87424K,   0% used [0x00000000e0000000, 0x00000000e0000000, 0x00000000e5560000)
  from space 21824K,  67% used [0x00000000e5560000, 0x00000000e63b6140, 0x00000000e6ab0000)
  to   space 21824K,   0% used [0x00000000e6ab0000, 0x00000000e6ab0000, 0x00000000e8000000)
 concurrent mark-sweep generation total 393216K, used 0K [0x00000000e8000000, 0x0000000100000000, 0x0000000100000000)
 Metaspace       used 24148K, capacity 24548K, committed 24828K, reserved 1071104K
  class space    used 2842K, capacity 3019K, committed 3068K, reserved 1048576K
}
2017-07-20T22:36:52.159+0200: 4,296: Total time for which application threads were stopped: 0,0191938 seconds, Stopping threads took: 0,0025032 seconds
2017-07-20T22:36:52.167+0200: 4,304: Total time for which application threads were stopped: 0,0006635 seconds, Stopping threads took: 0,0005723 seconds
2017-07-20T22:36:52.167+0200: 4,304: Total time for which application threads were stopped: 0,0001165 seconds, Stopping threads took: 0,0000351 seconds
{Heap before GC invocations=8 (full 1):
 par new generation   total 109248K, used 102104K [0x00000000e0000000, 0x00000000e8000000, 0x00000000e8000000)
  eden space 87424K, 100% used [0x00000000e0000000, 0x00000000e5560000, 0x00000000e5560000)
  from space 21824K,  67% used [0x00000000e5560000, 0x00000000e63b6140, 0x00000000e6ab0000)
  to   space 21824K,   0% used [0x00000000e6ab0000, 0x00000000e6ab0000, 0x00000000e8000000)
 concurrent mark-sweep generation total 393216K, used 0K [0x00000000e8000000, 0x0000000100000000, 0x0000000100000000)
 Metaspace       used 24485K, capacity 24926K, committed 25084K, reserved 1071104K
  class space    used 2867K, capacity 3056K, committed 3068K, reserved 1048576K
2017-07-20T22:36:52.268+0200: 4,405: [GC (Allocation Failure) 2017-07-20T22:36:52.268+0200: 4,405: [ParNew
Desired survivor size 20112992 bytes, new threshold 8 (max 8)
- age   1:     623000 bytes,     623000 total
- age   2:     959488 bytes,    1582488 total
- age   3:    1751760 bytes,    3334248 total
- age   4:      60448 bytes,    3394696 total
- age   5:     105576 bytes,    3500272 total
- age   6:       1008 bytes,    3501280 total
- age   7:     182752 bytes,    3684032 total
- age   8:     969520 bytes,    4653552 total
: 102104K->6932K(109248K), 0,0362854 secs] 102104K->13318K(502464K), 0,0363745 secs] [Times: user=0,10 sys=0,00, real=0,04 secs] 
Heap after GC invocations=9 (full 1):
 par new generation   total 109248K, used 6932K [0x00000000e0000000, 0x00000000e8000000, 0x00000000e8000000)
  eden space 87424K,   0% used [0x00000000e0000000, 0x00000000e0000000, 0x00000000e5560000)
  from space 21824K,  31% used [0x00000000e6ab0000, 0x00000000e71753a0, 0x00000000e8000000)
  to   space 21824K,   0% used [0x00000000e5560000, 0x00000000e5560000, 0x00000000e6ab0000)
 concurrent mark-sweep generation total 393216K, used 6385K [0x00000000e8000000, 0x0000000100000000, 0x0000000100000000)
 Metaspace       used 24485K, capacity 24926K, committed 25084K, reserved 1071104K
  class space    used 2867K, capacity 3056K, committed 3068K, reserved 1048576K
}
2017-07-20T22:36:52.304+0200: 4,441: Total time for which application threads were stopped: 0,0366309 seconds, Stopping threads took: 0,0000684 seconds
2017-07-20T22:36:52.394+0200: 4,531: Total time for which application threads were stopped: 0,0002109 seconds, Stopping threads took: 0,0000743 seconds
2017-07-20T22:36:52.454+0200: 4,591: Total time for which application threads were stopped: 0,0001362 seconds, Stopping threads took: 0,0000345 seconds
2017-07-20T22:36:52.461+0200: 4,598: Total time for which application threads were stopped: 0,0001686 seconds, Stopping threads took: 0,0000586 seconds
2017-07-20T22:36:52.461+0200: 4,598: Total time for which application threads were stopped: 0,0001070 seconds, Stopping threads took: 0,0000171 seconds
2017-07-20T22:36:52.461+0200: 4,598: Total time for which application threads were stopped: 0,0000935 seconds, Stopping threads took: 0,0000184 seconds
2017-07-20T22:36:52.461+0200: 4,598: Total time for which application threads were stopped: 0,0000903 seconds, Stopping threads took: 0,0000207 seconds
2017-07-20T22:36:52.461+0200: 4,598: Total time for which application threads were stopped: 0,0000732 seconds, Stopping threads took: 0,0000100 seconds
2017-07-20T22:36:52.462+0200: 4,599: Total time for which application threads were stopped: 0,0000846 seconds, Stopping threads took: 0,0000172 seconds
2017-07-20T22:36:52.462+0200: 4,599: Total time for which application threads were stopped: 0,0001104 seconds, Stopping threads took: 0,0000216 seconds
2017-07-20T22:36:52.462+0200: 4,599: Total time for which application threads were stopped: 0,0000741 seconds, Stopping threads took: 0,0000101 seconds
2017-07-20T22:36:52.462+0200: 4,599: Total time for which application threads were stopped: 0,0000734 seconds, Stopping threads took: 0,0000096 seconds
2017-07-20T22:36:52.462+0200: 4,599: Total time for which application threads were stopped: 0,0000744 seconds, Stopping threads took: 0,0000128 seconds
2017-07-20T22:36:52.462+0200: 4,599: Total time for which application threads were stopped: 0,0000752 seconds, Stopping threads took: 0,0000143 seconds
2017-07-20T22:36:52.462+0200: 4,599: Total time for which application threads were stopped: 0,0000725 seconds, Stopping threads took: 0,0000120 seconds
2017-07-20T22:36:52.462+0200: 4,599: Total time for which application threads were stopped: 0,0000769 seconds, Stopping threads took: 0,0000143 seconds
2017-07-20T22:36:52.463+0200: 4,599: Total time for which application threads were stopped: 0,0000664 seconds, Stopping threads took: 0,0000123 seconds
2017-07-20T22:36:52.463+0200: 4,600: Total time for which application threads were stopped: 0,0000692 seconds, Stopping threads took: 0,0000090 seconds
2017-07-20T22:36:52.463+0200: 4,600: Total time for which application threads were stopped: 0,0000699 seconds, Stopping threads took: 0,0000090 seconds
2017-07-20T22:36:52.463+0200: 4,600: Total time for which application threads were stopped: 0,0000753 seconds, Stopping threads took: 0,0000142 seconds
2017-07-20T22:36:52.463+0200: 4,600: Total time for which application threads were stopped: 0,0000701 seconds, Stopping threads took: 0,0000094 seconds
2017-07-20T22:36:52.463+0200: 4,600: Total time for which application threads were stopped: 0,0000722 seconds, Stopping threads took: 0,0000097 seconds
2017-07-20T22:36:52.463+0200: 4,600: Total time for which application threads were stopped: 0,0000682 seconds, Stopping threads took: 0,0000091 seconds
2017-07-20T22:36:52.463+0200: 4,600: Total time for which application threads were stopped: 0,0000729 seconds, Stopping threads took: 0,0000105 seconds
2017-07-20T22:36:52.464+0200: 4,600: Total time for which application threads were stopped: 0,0000690 seconds, Stopping threads took: 0,0000091 seconds
2017-07-20T22:36:52.464+0200: 4,601: Total time for which application threads were stopped: 0,0000644 seconds, Stopping threads took: 0,0000086 seconds
2017-07-20T22:36:52.464+0200: 4,601: Total time for which application threads were stopped: 0,0000667 seconds, Stopping threads took: 0,0000093 seconds
2017-07-20T22:36:52.464+0200: 4,601: Total time for which application threads were stopped: 0,0000615 seconds, Stopping threads took: 0,0000090 seconds
2017-07-20T22:36:52.464+0200: 4,601: Total time for which application threads were stopped: 0,0000734 seconds, Stopping threads took: 0,0000181 seconds
2017-07-20T22:36:52.464+0200: 4,601: Total time for which application threads were stopped: 0,0000655 seconds, Stopping threads took: 0,0000121 seconds
2017-07-20T22:36:52.464+0200: 4,601: Total time for which application threads were stopped: 0,0000853 seconds, Stopping threads took: 0,0000276 seconds
2017-07-20T22:36:52.464+0200: 4,601: Total time for which application threads were stopped: 0,0000672 seconds, Stopping threads took: 0,0000179 seconds
2017-07-20T22:36:52.464+0200: 4,601: Total time for which application threads were stopped: 0,0000712 seconds, Stopping threads took: 0,0000182 seconds
2017-07-20T22:36:52.465+0200: 4,602: Total time for which application threads were stopped: 0,0000613 seconds, Stopping threads took: 0,0000089 seconds
2017-07-20T22:36:52.465+0200: 4,602: Total time for which application threads were stopped: 0,0000602 seconds, Stopping threads took: 0,0000094 seconds
2017-07-20T22:36:52.465+0200: 4,602: Total time for which application threads were stopped: 0,0001639 seconds, Stopping threads took: 0,0000184 seconds
2017-07-20T22:36:52.465+0200: 4,602: Total time for which application threads were stopped: 0,0000716 seconds, Stopping threads took: 0,0000097 seconds
2017-07-20T22:36:52.465+0200: 4,602: Total time for which application threads were stopped: 0,0000801 seconds, Stopping threads took: 0,0000209 seconds
2017-07-20T22:36:52.465+0200: 4,602: Total time for which application threads were stopped: 0,0000767 seconds, Stopping threads took: 0,0000098 seconds
2017-07-20T22:36:52.466+0200: 4,603: Total time for which application threads were stopped: 0,0001470 seconds, Stopping threads took: 0,0000538 seconds
2017-07-20T22:36:52.466+0200: 4,603: Total time for which application threads were stopped: 0,0000960 seconds, Stopping threads took: 0,0000232 seconds
2017-07-20T22:36:52.466+0200: 4,603: Total time for which application threads were stopped: 0,0001838 seconds, Stopping threads took: 0,0000202 seconds
2017-07-20T22:36:52.470+0200: 4,607: Total time for which application threads were stopped: 0,0022402 seconds, Stopping threads took: 0,0021612 seconds
2017-07-20T22:36:52.470+0200: 4,607: Total time for which application threads were stopped: 0,0000882 seconds, Stopping threads took: 0,0000164 seconds
2017-07-20T22:36:52.473+0200: 4,610: Total time for which application threads were stopped: 0,0001608 seconds, Stopping threads took: 0,0000485 seconds
2017-07-20T22:36:52.476+0200: 4,613: Total time for which application threads were stopped: 0,0001131 seconds, Stopping threads took: 0,0000397 seconds
2017-07-20T22:36:52.476+0200: 4,613: Total time for which application threads were stopped: 0,0000724 seconds, Stopping threads took: 0,0000306 seconds
2017-07-20T22:36:52.477+0200: 4,614: Total time for which application threads were stopped: 0,0000651 seconds, Stopping threads took: 0,0000266 seconds
2017-07-20T22:36:52.477+0200: 4,614: Total time for which application threads were stopped: 0,0000681 seconds, Stopping threads took: 0,0000287 seconds
2017-07-20T22:36:52.477+0200: 4,614: Total time for which application threads were stopped: 0,0000978 seconds, Stopping threads took: 0,0000304 seconds
2017-07-20T22:36:52.477+0200: 4,614: Total time for which application threads were stopped: 0,0000686 seconds, Stopping threads took: 0,0000244 seconds
2017-07-20T22:36:52.478+0200: 4,615: Total time for which application threads were stopped: 0,0001063 seconds, Stopping threads took: 0,0000354 seconds
2017-07-20T22:36:52.478+0200: 4,615: Total time for which application threads were stopped: 0,0000852 seconds, Stopping threads took: 0,0000202 seconds
2017-07-20T22:36:52.478+0200: 4,615: Total time for which application threads were stopped: 0,0000758 seconds, Stopping threads took: 0,0000250 seconds
2017-07-20T22:36:52.478+0200: 4,615: Total time for which application threads were stopped: 0,0000788 seconds, Stopping threads took: 0,0000171 seconds
2017-07-20T22:36:52.479+0200: 4,616: Total time for which application threads were stopped: 0,0000689 seconds, Stopping threads took: 0,0000246 seconds
2017-07-20T22:36:52.480+0200: 4,617: Total time for which application threads were stopped: 0,0001197 seconds, Stopping threads took: 0,0000474 seconds
2017-07-20T22:36:52.480+0200: 4,617: Total time for which application threads were stopped: 0,0001175 seconds, Stopping threads took: 0,0000561 seconds
2017-07-20T22:36:52.481+0200: 4,617: Total time for which application threads were stopped: 0,0000785 seconds, Stopping threads took: 0,0000256 seconds
2017-07-20T22:36:52.481+0200: 4,618: Total time for which application threads were stopped: 0,0000668 seconds, Stopping threads took: 0,0000240 seconds
2017-07-20T22:36:52.481+0200: 4,618: Total time for which application threads were stopped: 0,0000611 seconds, Stopping threads took: 0,0000184 seconds
2017-07-20T22:36:52.487+0200: 4,624: Total time for which application threads were stopped: 0,0001816 seconds, Stopping threads took: 0,0000609 seconds
2017-07-20T22:36:52.487+0200: 4,624: Total time for which application threads were stopped: 0,0000994 seconds, Stopping threads took: 0,0000449 seconds
2017-07-20T22:36:52.487+0200: 4,624: Total time for which application threads were stopped: 0,0000906 seconds, Stopping threads took: 0,0000343 seconds
2017-07-20T22:36:52.487+0200: 4,624: Total time for which application threads were stopped: 0,0001386 seconds, Stopping threads took: 0,0000282 seconds
2017-07-20T22:36:52.489+0200: 4,626: Total time for which application threads were stopped: 0,0001174 seconds, Stopping threads took: 0,0000393 seconds
2017-07-20T22:36:52.489+0200: 4,626: Total time for which application threads were stopped: 0,0001277 seconds, Stopping threads took: 0,0000491 seconds
2017-07-20T22:36:52.494+0200: 4,631: Total time for which application threads were stopped: 0,0001507 seconds, Stopping threads took: 0,0000461 seconds
2017-07-20T22:36:52.494+0200: 4,631: Total time for which application threads were stopped: 0,0000907 seconds, Stopping threads took: 0,0000334 seconds
2017-07-20T22:36:52.497+0200: 4,634: Total time for which application threads were stopped: 0,0001456 seconds, Stopping threads took: 0,0000710 seconds
2017-07-20T22:36:52.498+0200: 4,635: Total time for which application threads were stopped: 0,0000910 seconds, Stopping threads took: 0,0000334 seconds
2017-07-20T22:36:52.503+0200: 4,640: Total time for which application threads were stopped: 0,0001500 seconds, Stopping threads took: 0,0000549 seconds
2017-07-20T22:36:52.504+0200: 4,641: Total time for which application threads were stopped: 0,0001315 seconds, Stopping threads took: 0,0000284 seconds
2017-07-20T22:36:52.504+0200: 4,641: Total time for which application threads were stopped: 0,0000807 seconds, Stopping threads took: 0,0000258 seconds
2017-07-20T22:36:52.505+0200: 4,642: Total time for which application threads were stopped: 0,0001100 seconds, Stopping threads took: 0,0000465 seconds
2017-07-20T22:36:52.507+0200: 4,644: Total time for which application threads were stopped: 0,0001637 seconds, Stopping threads took: 0,0000669 seconds
2017-07-20T22:36:52.511+0200: 4,647: Total time for which application threads were stopped: 0,0001764 seconds, Stopping threads took: 0,0000509 seconds
2017-07-20T22:36:52.513+0200: 4,650: Total time for which application threads were stopped: 0,0001570 seconds, Stopping threads took: 0,0000700 seconds
2017-07-20T22:36:52.514+0200: 4,651: Total time for which application threads were stopped: 0,0001296 seconds, Stopping threads took: 0,0000455 seconds
2017-07-20T22:36:52.514+0200: 4,651: Total time for which application threads were stopped: 0,0000791 seconds, Stopping threads took: 0,0000329 seconds
2017-07-20T22:36:52.514+0200: 4,651: Total time for which application threads were stopped: 0,0000510 seconds, Stopping threads took: 0,0000226 seconds
2017-07-20T22:36:52.515+0200: 4,652: Total time for which application threads were stopped: 0,0000972 seconds, Stopping threads took: 0,0000171 seconds
2017-07-20T22:36:52.515+0200: 4,652: Total time for which application threads were stopped: 0,0000529 seconds, Stopping threads took: 0,0000150 seconds
2017-07-20T22:36:52.515+0200: 4,652: Total time for which application threads were stopped: 0,0001205 seconds, Stopping threads took: 0,0000320 seconds
2017-07-20T22:36:52.523+0200: 4,660: Total time for which application threads were stopped: 0,0002757 seconds, Stopping threads took: 0,0000426 seconds
2017-07-20T22:36:52.573+0200: 4,710: Total time for which application threads were stopped: 0,0006609 seconds, Stopping threads took: 0,0005242 seconds
2017-07-20T22:36:52.580+0200: 4,717: Total time for which application threads were stopped: 0,0046948 seconds, Stopping threads took: 0,0045858 seconds
2017-07-20T22:36:52.581+0200: 4,718: Total time for which application threads were stopped: 0,0001313 seconds, Stopping threads took: 0,0000308 seconds
2017-07-20T22:36:52.595+0200: 4,732: Total time for which application threads were stopped: 0,0002156 seconds, Stopping threads took: 0,0000822 seconds
2017-07-20T22:36:52.602+0200: 4,739: Total time for which application threads were stopped: 0,0001705 seconds, Stopping threads took: 0,0000398 seconds
2017-07-20T22:36:52.639+0200: 4,776: Total time for which application threads were stopped: 0,0002864 seconds, Stopping threads took: 0,0001278 seconds
2017-07-20T22:36:52.666+0200: 4,803: Total time for which application threads were stopped: 0,0001889 seconds, Stopping threads took: 0,0000554 seconds
2017-07-20T22:36:52.752+0200: 4,889: Total time for which application threads were stopped: 0,0005180 seconds, Stopping threads took: 0,0000437 seconds
2017-07-20T22:36:52.769+0200: 4,906: Total time for which application threads were stopped: 0,0004737 seconds, Stopping threads took: 0,0000327 seconds
2017-07-20T22:36:52.844+0200: 4,981: Total time for which application threads were stopped: 0,0004568 seconds, Stopping threads took: 0,0000458 seconds
2017-07-20T22:36:52.845+0200: 4,982: Total time for which application threads were stopped: 0,0001842 seconds, Stopping threads took: 0,0000520 seconds
2017-07-20T22:36:52.845+0200: 4,982: Total time for which application threads were stopped: 0,0000934 seconds, Stopping threads took: 0,0000244 seconds
2017-07-20T22:36:52.864+0200: 5,001: Total time for which application threads were stopped: 0,0001483 seconds, Stopping threads took: 0,0000491 seconds
2017-07-20T22:36:52.872+0200: 5,008: Total time for which application threads were stopped: 0,0001581 seconds, Stopping threads took: 0,0000503 seconds
2017-07-20T22:36:52.905+0200: 5,042: Total time for which application threads were stopped: 0,0003683 seconds, Stopping threads took: 0,0000747 seconds
2017-07-20T22:36:52.972+0200: 5,109: Total time for which application threads were stopped: 0,0104937 seconds, Stopping threads took: 0,0098679 seconds
2017-07-20T22:36:53.053+0200: 5,190: Total time for which application threads were stopped: 0,0018999 seconds, Stopping threads took: 0,0013564 seconds
2017-07-20T22:36:53.080+0200: 5,217: Total time for which application threads were stopped: 0,0002193 seconds, Stopping threads took: 0,0000708 seconds
2017-07-20T22:36:53.081+0200: 5,219: Total time for which application threads were stopped: 0,0008030 seconds, Stopping threads took: 0,0000213 seconds
2017-07-20T22:36:54.082+0200: 6,219: Total time for which application threads were stopped: 0,0001075 seconds, Stopping threads took: 0,0000169 seconds
{Heap before GC invocations=9 (full 1):
 par new generation   total 109248K, used 94356K [0x00000000e0000000, 0x00000000e8000000, 0x00000000e8000000)
  eden space 87424K, 100% used [0x00000000e0000000, 0x00000000e5560000, 0x00000000e5560000)
  from space 21824K,  31% used [0x00000000e6ab0000, 0x00000000e71753a0, 0x00000000e8000000)
  to   space 21824K,   0% used [0x00000000e5560000, 0x00000000e5560000, 0x00000000e6ab0000)
 concurrent mark-sweep generation total 393216K, used 6385K [0x00000000e8000000, 0x0000000100000000, 0x0000000100000000)
 Metaspace       used 28040K, capacity 28574K, committed 28796K, reserved 1075200K
  class space    used 3216K, capacity 3394K, committed 3452K, reserved 1048576K
2017-07-20T22:36:55.391+0200: 7,528: [GC (Allocation Failure) 2017-07-20T22:36:55.392+0200: 7,528: [ParNew
Desired survivor size 20112992 bytes, new threshold 8 (max 8)
- age   1:   11342888 bytes,   11342888 total
- age   2:     179584 bytes,   11522472 total
- age   3:     179432 bytes,   11701904 total
- age   4:    1742032 bytes,   13443936 total
- age   5:      57968 bytes,   13501904 total
- age   6:     105320 bytes,   13607224 total
- age   7:       1008 bytes,   13608232 total
- age   8:     182128 bytes,   13790360 total
: 94356K->14882K(109248K), 0,0194679 secs] 100742K->22226K(502464K), 0,0195328 secs] [Times: user=0,04 sys=0,00, real=0,02 secs] 
Heap after GC invocations=10 (full 1):
 par new generation   total 109248K, used 14882K [0x00000000e0000000, 0x00000000e8000000, 0x00000000e8000000)
  eden space 87424K,   0% used [0x00000000e0000000, 0x00000000e0000000, 0x00000000e5560000)
  from space 21824K,  68% used [0x00000000e5560000, 0x00000000e63e8b08, 0x00000000e6ab0000)
  to   space 21824K,   0% used [0x00000000e6ab0000, 0x00000000e6ab0000, 0x00000000e8000000)
 concurrent mark-sweep generation total 393216K, used 7343K [0x00000000e8000000, 0x0000000100000000, 0x0000000100000000)
 Metaspace       used 28040K, capacity 28574K, committed 28796K, reserved 1075200K
  class space    used 3216K, capacity 3394K, committed 3452K, reserved 1048576K
}
2017-07-20T22:36:55.411+0200: 7,548: Total time for which application threads were stopped: 0,0196968 seconds, Stopping threads took: 0,0000188 seconds
2017-07-20T22:36:55.411+0200: 7,548: Total time for which application threads were stopped: 0,0000692 seconds, Stopping threads took: 0,0000288 seconds
2017-07-20T22:36:55.412+0200: 7,549: Total time for which application threads were stopped: 0,0000360 seconds, Stopping threads took: 0,0000108 seconds
2017-07-20T22:38:44.850+0200: 117,561: Total time for which application threads were stopped: 0,0000816 seconds, Stopping threads took: 0,0000356 seconds
2017-07-20T22:38:49.851+0200: 122,562: Total time for which application threads were stopped: 0,0000947 seconds, Stopping threads took: 0,0000288 seconds
2017-07-20T23:00:18.978+0200: 1411,689: Total time for which application threads were stopped: 0,0000827 seconds, Stopping threads took: 0,0000331 seconds
2017-07-20T23:04:29.003+0200: 1661,714: Total time for which application threads were stopped: 0,0001530 seconds, Stopping threads took: 0,0000701 seconds
2017-07-20T23:04:34.004+0200: 1666,715: Total time for which application threads were stopped: 0,0001340 seconds, Stopping threads took: 0,0000274 seconds
2017-07-20T23:05:35.010+0200: 1727,721: Total time for which application threads were stopped: 0,0000798 seconds, Stopping threads took: 0,0000306 seconds
2017-07-20T23:15:10.067+0200: 2302,778: Total time for which application threads were stopped: 0,0001235 seconds, Stopping threads took: 0,0000446 seconds
2017-07-20T23:15:14.067+0200: 2306,778: Total time for which application threads were stopped: 0,0000719 seconds, Stopping threads took: 0,0000171 seconds
2017-07-20T23:30:05.161+0200: 3197,872: Total time for which application threads were stopped: 0,0000833 seconds, Stopping threads took: 0,0000365 seconds
2017-07-20T23:42:19.244+0200: 3931,955: Total time for which application threads were stopped: 0,0000872 seconds, Stopping threads took: 0,0000340 seconds
2017-07-20T23:42:24.245+0200: 3936,956: Total time for which application threads were stopped: 0,0000812 seconds, Stopping threads took: 0,0000182 seconds
2017-07-20T23:55:15.343+0200: 4708,054: Total time for which application threads were stopped: 0,0001177 seconds, Stopping threads took: 0,0000441 seconds
2017-07-20T23:55:20.344+0200: 4713,055: Total time for which application threads were stopped: 0,0000699 seconds, Stopping threads took: 0,0000159 seconds
2017-07-21T00:21:10.510+0200: 6263,221: Total time for which application threads were stopped: 0,0000743 seconds, Stopping threads took: 0,0000283 seconds
2017-07-21T00:38:19.617+0200: 7292,328: Total time for which application threads were stopped: 0,0001491 seconds, Stopping threads took: 0,0000474 seconds
2017-07-21T00:38:49.621+0200: 7322,332: Total time for which application threads were stopped: 0,0003064 seconds, Stopping threads took: 0,0001495 seconds
2017-07-21T00:44:49.656+0200: 7682,366: Total time for which application threads were stopped: 0,0002255 seconds, Stopping threads took: 0,0001320 seconds
2017-07-21T01:10:30.409+0200: 9223,120: Total time for which application threads were stopped: 0,0123878 seconds, Stopping threads took: 0,0122869 seconds
2017-07-21T01:10:30.410+0200: 9223,121: Total time for which application threads were stopped: 0,0001045 seconds, Stopping threads took: 0,0000272 seconds
2017-07-21T01:10:30.411+0200: 9223,122: Total time for which application threads were stopped: 0,0000894 seconds, Stopping threads took: 0,0000269 seconds
2017-07-21T01:10:30.411+0200: 9223,122: Total time for which application threads were stopped: 0,0000540 seconds, Stopping threads took: 0,0000131 seconds
2017-07-21T01:10:30.411+0200: 9223,122: Total time for which application threads were stopped: 0,0000636 seconds, Stopping threads took: 0,0000181 seconds
2017-07-21T01:10:30.413+0200: 9223,124: Total time for which application threads were stopped: 0,0000814 seconds, Stopping threads took: 0,0000145 seconds
2017-07-21T01:10:30.414+0200: 9223,125: Total time for which application threads were stopped: 0,0000544 seconds, Stopping threads took: 0,0000163 seconds
2017-07-21T01:10:30.420+0200: 9223,131: Total time for which application threads were stopped: 0,0001043 seconds, Stopping threads took: 0,0000160 seconds
2017-07-21T01:10:30.421+0200: 9223,132: Total time for which application threads were stopped: 0,0000950 seconds, Stopping threads took: 0,0000264 seconds
2017-07-21T01:10:30.421+0200: 9223,132: Total time for which application threads were stopped: 0,0000796 seconds, Stopping threads took: 0,0000226 seconds
2017-07-21T01:10:30.421+0200: 9223,132: Total time for which application threads were stopped: 0,0000625 seconds, Stopping threads took: 0,0000167 seconds
2017-07-21T01:10:30.421+0200: 9223,132: Total time for which application threads were stopped: 0,0000560 seconds, Stopping threads took: 0,0000184 seconds
2017-07-21T01:10:30.422+0200: 9223,132: Total time for which application threads were stopped: 0,0000529 seconds, Stopping threads took: 0,0000136 seconds
2017-07-21T01:10:30.422+0200: 9223,133: Total time for which application threads were stopped: 0,0000487 seconds, Stopping threads took: 0,0000127 seconds
2017-07-21T01:10:30.422+0200: 9223,133: Total time for which application threads were stopped: 0,0000550 seconds, Stopping threads took: 0,0000155 seconds
2017-07-21T01:10:30.422+0200: 9223,133: Total time for which application threads were stopped: 0,0000534 seconds, Stopping threads took: 0,0000170 seconds
2017-07-21T01:10:30.422+0200: 9223,133: Total time for which application threads were stopped: 0,0000493 seconds, Stopping threads took: 0,0000134 seconds
2017-07-21T01:10:30.422+0200: 9223,133: Total time for which application threads were stopped: 0,0000476 seconds, Stopping threads took: 0,0000128 seconds
2017-07-21T01:10:30.422+0200: 9223,133: Total time for which application threads were stopped: 0,0000496 seconds, Stopping threads took: 0,0000126 seconds
2017-07-21T01:10:30.422+0200: 9223,133: Total time for which application threads were stopped: 0,0000466 seconds, Stopping threads took: 0,0000119 seconds
2017-07-21T01:10:30.422+0200: 9223,133: Total time for which application threads were stopped: 0,0000469 seconds, Stopping threads took: 0,0000121 seconds
2017-07-21T01:10:30.423+0200: 9223,133: Total time for which application threads were stopped: 0,0000487 seconds, Stopping threads took: 0,0000150 seconds
2017-07-21T01:10:30.423+0200: 9223,134: Total time for which application threads were stopped: 0,0000443 seconds, Stopping threads took: 0,0000122 seconds
2017-07-21T01:10:30.429+0200: 9223,140: Total time for which application threads were stopped: 0,0036015 seconds, Stopping threads took: 0,0035289 seconds
2017-07-21T01:10:30.430+0200: 9223,140: Total time for which application threads were stopped: 0,0000661 seconds, Stopping threads took: 0,0000099 seconds
2017-07-21T01:10:30.430+0200: 9223,141: Total time for which application threads were stopped: 0,0000772 seconds, Stopping threads took: 0,0000149 seconds
2017-07-21T01:10:30.430+0200: 9223,141: Total time for which application threads were stopped: 0,0000565 seconds, Stopping threads took: 0,0000078 seconds
2017-07-21T01:10:30.430+0200: 9223,141: Total time for which application threads were stopped: 0,0000756 seconds, Stopping threads took: 0,0000065 seconds
2017-07-21T01:10:30.430+0200: 9223,141: Total time for which application threads were stopped: 0,0000521 seconds, Stopping threads took: 0,0000065 seconds
2017-07-21T01:10:30.430+0200: 9223,141: Total time for which application threads were stopped: 0,0000567 seconds, Stopping threads took: 0,0000081 seconds
2017-07-21T01:10:30.440+0200: 9223,151: Total time for which application threads were stopped: 0,0001111 seconds, Stopping threads took: 0,0000377 seconds
2017-07-21T01:10:30.441+0200: 9223,152: Total time for which application threads were stopped: 0,0000820 seconds, Stopping threads took: 0,0000227 seconds
2017-07-21T01:10:30.441+0200: 9223,152: Total time for which application threads were stopped: 0,0000725 seconds, Stopping threads took: 0,0000197 seconds
2017-07-21T01:10:30.441+0200: 9223,152: Total time for which application threads were stopped: 0,0000597 seconds, Stopping threads took: 0,0000185 seconds
2017-07-21T01:10:30.441+0200: 9223,152: Total time for which application threads were stopped: 0,0000558 seconds, Stopping threads took: 0,0000175 seconds
2017-07-21T01:10:30.441+0200: 9223,152: Total time for which application threads were stopped: 0,0000540 seconds, Stopping threads took: 0,0000170 seconds
2017-07-21T01:10:30.441+0200: 9223,152: Total time for which application threads were stopped: 0,0000538 seconds, Stopping threads took: 0,0000186 seconds
2017-07-21T01:10:30.441+0200: 9223,152: Total time for which application threads were stopped: 0,0000418 seconds, Stopping threads took: 0,0000087 seconds
2017-07-21T01:10:30.441+0200: 9223,152: Total time for which application threads were stopped: 0,0000406 seconds, Stopping threads took: 0,0000077 seconds
2017-07-21T01:10:30.441+0200: 9223,152: Total time for which application threads were stopped: 0,0000408 seconds, Stopping threads took: 0,0000086 seconds
2017-07-21T01:10:30.442+0200: 9223,153: Total time for which application threads were stopped: 0,0001068 seconds, Stopping threads took: 0,0000393 seconds
2017-07-21T01:10:30.445+0200: 9223,156: Total time for which application threads were stopped: 0,0001132 seconds, Stopping threads took: 0,0000368 seconds
2017-07-21T01:10:30.445+0200: 9223,156: Total time for which application threads were stopped: 0,0000555 seconds, Stopping threads took: 0,0000190 seconds
2017-07-21T01:10:30.449+0200: 9223,160: Total time for which application threads were stopped: 0,0001314 seconds, Stopping threads took: 0,0000542 seconds
2017-07-21T01:10:30.449+0200: 9223,160: Total time for which application threads were stopped: 0,0000754 seconds, Stopping threads took: 0,0000287 seconds
2017-07-21T01:10:30.450+0200: 9223,161: Total time for which application threads were stopped: 0,0000768 seconds, Stopping threads took: 0,0000259 seconds
2017-07-21T01:10:30.452+0200: 9223,163: Total time for which application threads were stopped: 0,0001203 seconds, Stopping threads took: 0,0000375 seconds
2017-07-21T01:10:30.453+0200: 9223,164: Total time for which application threads were stopped: 0,0000705 seconds, Stopping threads took: 0,0000207 seconds
2017-07-21T01:10:30.453+0200: 9223,164: Total time for which application threads were stopped: 0,0000649 seconds, Stopping threads took: 0,0000227 seconds
2017-07-21T01:10:30.453+0200: 9223,164: Total time for which application threads were stopped: 0,0000612 seconds, Stopping threads took: 0,0000210 seconds
2017-07-21T01:10:30.453+0200: 9223,164: Total time for which application threads were stopped: 0,0000567 seconds, Stopping threads took: 0,0000167 seconds
2017-07-21T01:10:30.453+0200: 9223,164: Total time for which application threads were stopped: 0,0000678 seconds, Stopping threads took: 0,0000297 seconds
2017-07-21T01:10:30.453+0200: 9223,164: Total time for which application threads were stopped: 0,0000559 seconds, Stopping threads took: 0,0000174 seconds
2017-07-21T01:10:30.453+0200: 9223,164: Total time for which application threads were stopped: 0,0000494 seconds, Stopping threads took: 0,0000156 seconds
2017-07-21T01:10:30.456+0200: 9223,167: Total time for which application threads were stopped: 0,0024789 seconds, Stopping threads took: 0,0024120 seconds
2017-07-21T01:10:30.456+0200: 9223,167: Total time for which application threads were stopped: 0,0000685 seconds, Stopping threads took: 0,0000205 seconds
2017-07-21T01:10:30.456+0200: 9223,167: Total time for which application threads were stopped: 0,0000514 seconds, Stopping threads took: 0,0000100 seconds
2017-07-21T01:10:30.457+0200: 9223,168: Total time for which application threads were stopped: 0,0000852 seconds, Stopping threads took: 0,0000355 seconds
2017-07-21T01:10:30.457+0200: 9223,168: Total time for which application threads were stopped: 0,0000565 seconds, Stopping threads took: 0,0000172 seconds
2017-07-21T01:10:30.457+0200: 9223,168: Total time for which application threads were stopped: 0,0000438 seconds, Stopping threads took: 0,0000070 seconds
2017-07-21T01:10:30.457+0200: 9223,168: Total time for which application threads were stopped: 0,0000590 seconds, Stopping threads took: 0,0000161 seconds
2017-07-21T01:10:30.457+0200: 9223,168: Total time for which application threads were stopped: 0,0000553 seconds, Stopping threads took: 0,0000187 seconds
2017-07-21T01:10:30.458+0200: 9223,168: Total time for which application threads were stopped: 0,0000512 seconds, Stopping threads took: 0,0000192 seconds
2017-07-21T01:10:30.458+0200: 9223,169: Total time for which application threads were stopped: 0,0000399 seconds, Stopping threads took: 0,0000083 seconds
2017-07-21T01:10:30.458+0200: 9223,169: Total time for which application threads were stopped: 0,0000374 seconds, Stopping threads took: 0,0000075 seconds
2017-07-21T01:10:30.458+0200: 9223,169: Total time for which application threads were stopped: 0,0001695 seconds, Stopping threads took: 0,0000220 seconds
2017-07-21T01:10:30.461+0200: 9223,172: Total time for which application threads were stopped: 0,0001555 seconds, Stopping threads took: 0,0000329 seconds
2017-07-21T01:10:30.463+0200: 9223,174: Total time for which application threads were stopped: 0,0001081 seconds, Stopping threads took: 0,0000288 seconds
2017-07-21T01:10:30.463+0200: 9223,174: Total time for which application threads were stopped: 0,0000790 seconds, Stopping threads took: 0,0000130 seconds
Heap
 par new generation   total 109248K, used 39499K [0x00000000e0000000, 0x00000000e8000000, 0x00000000e8000000)
  eden space 87424K,  28% used [0x00000000e0000000, 0x00000000e180a138, 0x00000000e5560000)
  from space 21824K,  68% used [0x00000000e5560000, 0x00000000e63e8b08, 0x00000000e6ab0000)
  to   space 21824K,   0% used [0x00000000e6ab0000, 0x00000000e6ab0000, 0x00000000e8000000)
 concurrent mark-sweep generation total 393216K, used 7343K [0x00000000e8000000, 0x0000000100000000, 0x0000000100000000)
 Metaspace       used 28191K, capacity 28746K, committed 29052K, reserved 1075200K
  class space    used 3230K, capacity 3428K, committed 3452K, reserved 1048576K
