OpenJDK 64-Bit Server VM (25.131-b11) for linux-amd64 JRE (1.8.0_131-8u131-b11-0ubuntu1.16.04.2-b11), built on May  6 2017 02:45:27 by "buildd" with gcc 5.4.0 20160609
Memory: 4k page, physical 7867740k(7429772k free), swap 8076284k(8076284k free)
CommandLine flags: -XX:CMSInitiatingOccupancyFraction=50 -XX:CMSMaxAbortablePrecleanTime=6000 -XX:+CMSParallelRemarkEnabled -XX:+CMSScavengeBeforeRemark -XX:ConcGCThreads=4 -XX:InitialHeapSize=536870912 -XX:MaxHeapSize=536870912 -XX:MaxTenuringThreshold=8 -XX:NewRatio=3 -XX:OldPLABSize=16 -XX:OnOutOfMemoryError=/opt/solr/bin/oom_solr.sh 8983 /var/solr/logs -XX:ParallelGCThreads=4 -XX:+ParallelRefProcEnabled -XX:PretenureSizeThreshold=67108864 -XX:+PrintGC -XX:+PrintGCApplicationStoppedTime -XX:+PrintGCDateStamps -XX:+PrintGCDetails -XX:+PrintGCTimeStamps -XX:+PrintHeapAtGC -XX:+PrintTenuringDistribution -XX:SurvivorRatio=4 -XX:TargetSurvivorRatio=90 -XX:ThreadStackSize=256 -XX:+UseCMSInitiatingOccupancyOnly -XX:+UseCompressedClassPointers -XX:+UseCompressedOops -XX:+UseConcMarkSweepGC -XX:+UseParNewGC 
2017-07-23T17:44:26.055+0200: 0,155: Total time for which application threads were stopped: 0,0000593 seconds, Stopping threads took: 0,0000085 seconds
2017-07-23T17:44:26.155+0200: 0,255: Total time for which application threads were stopped: 0,0001282 seconds, Stopping threads took: 0,0000249 seconds
2017-07-23T17:44:26.172+0200: 0,273: Total time for which application threads were stopped: 0,0000974 seconds, Stopping threads took: 0,0000107 seconds
2017-07-23T17:44:26.413+0200: 0,514: Total time for which application threads were stopped: 0,0001095 seconds, Stopping threads took: 0,0000097 seconds
2017-07-23T17:44:26.791+0200: 0,891: Total time for which application threads were stopped: 0,0001491 seconds, Stopping threads took: 0,0000119 seconds
2017-07-23T17:44:26.952+0200: 1,053: Total time for which application threads were stopped: 0,0001819 seconds, Stopping threads took: 0,0000269 seconds
2017-07-23T17:44:27.040+0200: 1,141: Total time for which application threads were stopped: 0,0001666 seconds, Stopping threads took: 0,0000184 seconds
2017-07-23T17:44:27.373+0200: 1,473: Total time for which application threads were stopped: 0,0004242 seconds, Stopping threads took: 0,0000466 seconds
2017-07-23T17:44:27.623+0200: 1,723: Total time for which application threads were stopped: 0,0001964 seconds, Stopping threads took: 0,0000134 seconds
2017-07-23T17:44:27.651+0200: 1,752: Total time for which application threads were stopped: 0,0002000 seconds, Stopping threads took: 0,0000160 seconds
2017-07-23T17:44:27.690+0200: 1,791: Total time for which application threads were stopped: 0,0004357 seconds, Stopping threads took: 0,0000178 seconds
2017-07-23T17:44:27.693+0200: 1,794: Total time for which application threads were stopped: 0,0008073 seconds, Stopping threads took: 0,0001584 seconds
2017-07-23T17:44:27.710+0200: 1,810: Total time for which application threads were stopped: 0,0002047 seconds, Stopping threads took: 0,0000167 seconds
2017-07-23T17:44:27.813+0200: 1,914: Total time for which application threads were stopped: 0,0001804 seconds, Stopping threads took: 0,0000130 seconds
2017-07-23T17:44:27.975+0200: 2,076: Total time for which application threads were stopped: 0,0003257 seconds, Stopping threads took: 0,0000577 seconds
{Heap before GC invocations=0 (full 0):
 par new generation   total 109248K, used 87424K [0x00000000e0000000, 0x00000000e8000000, 0x00000000e8000000)
  eden space 87424K, 100% used [0x00000000e0000000, 0x00000000e5560000, 0x00000000e5560000)
  from space 21824K,   0% used [0x00000000e5560000, 0x00000000e5560000, 0x00000000e6ab0000)
  to   space 21824K,   0% used [0x00000000e6ab0000, 0x00000000e6ab0000, 0x00000000e8000000)
 concurrent mark-sweep generation total 393216K, used 0K [0x00000000e8000000, 0x0000000100000000, 0x0000000100000000)
 Metaspace       used 18204K, capacity 18464K, committed 18688K, reserved 1064960K
  class space    used 2058K, capacity 2196K, committed 2304K, reserved 1048576K
2017-07-23T17:44:28.090+0200: 2,191: [GC (Allocation Failure) 2017-07-23T17:44:28.091+0200: 2,191: [ParNew
Desired survivor size 20112992 bytes, new threshold 8 (max 8)
- age   1:   12815832 bytes,   12815832 total
: 87424K->12622K(109248K), 0,0158617 secs] 87424K->12622K(502464K), 0,0159512 secs] [Times: user=0,03 sys=0,01, real=0,02 secs] 
Heap after GC invocations=1 (full 0):
 par new generation   total 109248K, used 12622K [0x00000000e0000000, 0x00000000e8000000, 0x00000000e8000000)
  eden space 87424K,   0% used [0x00000000e0000000, 0x00000000e0000000, 0x00000000e5560000)
  from space 21824K,  57% used [0x00000000e6ab0000, 0x00000000e7703b88, 0x00000000e8000000)
  to   space 21824K,   0% used [0x00000000e5560000, 0x00000000e5560000, 0x00000000e6ab0000)
 concurrent mark-sweep generation total 393216K, used 0K [0x00000000e8000000, 0x0000000100000000, 0x0000000100000000)
 Metaspace       used 18204K, capacity 18464K, committed 18688K, reserved 1064960K
  class space    used 2058K, capacity 2196K, committed 2304K, reserved 1048576K
}
2017-07-23T17:44:28.106+0200: 2,207: Total time for which application threads were stopped: 0,0161674 seconds, Stopping threads took: 0,0000188 seconds
2017-07-23T17:44:28.388+0200: 2,489: Total time for which application threads were stopped: 0,0004019 seconds, Stopping threads took: 0,0000884 seconds
2017-07-23T17:44:28.427+0200: 2,528: Total time for which application threads were stopped: 0,0004161 seconds, Stopping threads took: 0,0000900 seconds
{Heap before GC invocations=1 (full 0):
 par new generation   total 109248K, used 100046K [0x00000000e0000000, 0x00000000e8000000, 0x00000000e8000000)
  eden space 87424K, 100% used [0x00000000e0000000, 0x00000000e5560000, 0x00000000e5560000)
  from space 21824K,  57% used [0x00000000e6ab0000, 0x00000000e7703b88, 0x00000000e8000000)
  to   space 21824K,   0% used [0x00000000e5560000, 0x00000000e5560000, 0x00000000e6ab0000)
 concurrent mark-sweep generation total 393216K, used 0K [0x00000000e8000000, 0x0000000100000000, 0x0000000100000000)
 Metaspace       used 20051K, capacity 20352K, committed 20736K, reserved 1067008K
  class space    used 2295K, capacity 2466K, committed 2560K, reserved 1048576K
2017-07-23T17:44:28.445+0200: 2,546: [GC (Allocation Failure) 2017-07-23T17:44:28.445+0200: 2,546: [ParNew
Desired survivor size 20112992 bytes, new threshold 8 (max 8)
- age   1:    3419296 bytes,    3419296 total
- age   2:    6693952 bytes,   10113248 total
: 100046K->13883K(109248K), 0,0110353 secs] 100046K->13883K(502464K), 0,0111173 secs] [Times: user=0,03 sys=0,00, real=0,01 secs] 
Heap after GC invocations=2 (full 0):
 par new generation   total 109248K, used 13883K [0x00000000e0000000, 0x00000000e8000000, 0x00000000e8000000)
  eden space 87424K,   0% used [0x00000000e0000000, 0x00000000e0000000, 0x00000000e5560000)
  from space 21824K,  63% used [0x00000000e5560000, 0x00000000e62eedd8, 0x00000000e6ab0000)
  to   space 21824K,   0% used [0x00000000e6ab0000, 0x00000000e6ab0000, 0x00000000e8000000)
 concurrent mark-sweep generation total 393216K, used 0K [0x00000000e8000000, 0x0000000100000000, 0x0000000100000000)
 Metaspace       used 20051K, capacity 20352K, committed 20736K, reserved 1067008K
  class space    used 2295K, capacity 2466K, committed 2560K, reserved 1048576K
}
2017-07-23T17:44:28.456+0200: 2,557: Total time for which application threads were stopped: 0,0113845 seconds, Stopping threads took: 0,0001128 seconds
2017-07-23T17:44:28.482+0200: 2,583: Total time for which application threads were stopped: 0,0003685 seconds, Stopping threads took: 0,0000662 seconds
2017-07-23T17:44:28.625+0200: 2,726: Total time for which application threads were stopped: 0,0016536 seconds, Stopping threads took: 0,0015156 seconds
{Heap before GC invocations=2 (full 0):
 par new generation   total 109248K, used 101307K [0x00000000e0000000, 0x00000000e8000000, 0x00000000e8000000)
  eden space 87424K, 100% used [0x00000000e0000000, 0x00000000e5560000, 0x00000000e5560000)
  from space 21824K,  63% used [0x00000000e5560000, 0x00000000e62eedd8, 0x00000000e6ab0000)
  to   space 21824K,   0% used [0x00000000e6ab0000, 0x00000000e6ab0000, 0x00000000e8000000)
 concurrent mark-sweep generation total 393216K, used 0K [0x00000000e8000000, 0x0000000100000000, 0x0000000100000000)
 Metaspace       used 20975K, capacity 21286K, committed 21628K, reserved 1069056K
  class space    used 2416K, capacity 2587K, committed 2684K, reserved 1048576K
2017-07-23T17:44:28.682+0200: 2,782: [GC (Allocation Failure) 2017-07-23T17:44:28.682+0200: 2,783: [ParNew
Desired survivor size 20112992 bytes, new threshold 8 (max 8)
- age   1:    2027512 bytes,    2027512 total
- age   2:     805376 bytes,    2832888 total
- age   3:    6689576 bytes,    9522464 total
: 101307K->12793K(109248K), 0,0205479 secs] 101307K->12793K(502464K), 0,0206321 secs] [Times: user=0,06 sys=0,01, real=0,02 secs] 
Heap after GC invocations=3 (full 0):
 par new generation   total 109248K, used 12793K [0x00000000e0000000, 0x00000000e8000000, 0x00000000e8000000)
  eden space 87424K,   0% used [0x00000000e0000000, 0x00000000e0000000, 0x00000000e5560000)
  from space 21824K,  58% used [0x00000000e6ab0000, 0x00000000e772e768, 0x00000000e8000000)
  to   space 21824K,   0% used [0x00000000e5560000, 0x00000000e5560000, 0x00000000e6ab0000)
 concurrent mark-sweep generation total 393216K, used 0K [0x00000000e8000000, 0x0000000100000000, 0x0000000100000000)
 Metaspace       used 20975K, capacity 21286K, committed 21628K, reserved 1069056K
  class space    used 2416K, capacity 2587K, committed 2684K, reserved 1048576K
}
2017-07-23T17:44:28.703+0200: 2,803: Total time for which application threads were stopped: 0,0208560 seconds, Stopping threads took: 0,0000559 seconds
2017-07-23T17:44:28.703+0200: 2,804: [GC (CMS Initial Mark) [1 CMS-initial-mark: 0K(393216K)] 14252K(502464K), 0,0031989 secs] [Times: user=0,01 sys=0,00, real=0,00 secs] 
2017-07-23T17:44:28.706+0200: 2,807: Total time for which application threads were stopped: 0,0033554 seconds, Stopping threads took: 0,0000527 seconds
2017-07-23T17:44:28.707+0200: 2,807: [CMS-concurrent-mark-start]
2017-07-23T17:44:28.712+0200: 2,813: [CMS-concurrent-mark: 0,005/0,005 secs] [Times: user=0,03 sys=0,00, real=0,00 secs] 
2017-07-23T17:44:28.712+0200: 2,813: [CMS-concurrent-preclean-start]
2017-07-23T17:44:28.713+0200: 2,814: [CMS-concurrent-preclean: 0,001/0,001 secs] [Times: user=0,00 sys=0,00, real=0,00 secs] 
2017-07-23T17:44:28.713+0200: 2,814: [CMS-concurrent-abortable-preclean-start]
2017-07-23T17:44:28.766+0200: 2,866: Total time for which application threads were stopped: 0,0022178 seconds, Stopping threads took: 0,0021364 seconds
{Heap before GC invocations=3 (full 1):
 par new generation   total 109248K, used 100217K [0x00000000e0000000, 0x00000000e8000000, 0x00000000e8000000)
  eden space 87424K, 100% used [0x00000000e0000000, 0x00000000e5560000, 0x00000000e5560000)
  from space 21824K,  58% used [0x00000000e6ab0000, 0x00000000e772e768, 0x00000000e8000000)
  to   space 21824K,   0% used [0x00000000e5560000, 0x00000000e5560000, 0x00000000e6ab0000)
 concurrent mark-sweep generation total 393216K, used 0K [0x00000000e8000000, 0x0000000100000000, 0x0000000100000000)
 Metaspace       used 21278K, capacity 21650K, committed 21884K, reserved 1069056K
  class space    used 2448K, capacity 2606K, committed 2684K, reserved 1048576K
2017-07-23T17:44:28.830+0200: 2,930: [GC (Allocation Failure) 2017-07-23T17:44:28.830+0200: 2,930: [ParNew
Desired survivor size 20112992 bytes, new threshold 8 (max 8)
- age   1:     898112 bytes,     898112 total
- age   2:    1472248 bytes,    2370360 total
- age   3:     772000 bytes,    3142360 total
- age   4:    6689600 bytes,    9831960 total
: 100217K->12271K(109248K), 0,0096460 secs] 100217K->12271K(502464K), 0,0097163 secs] [Times: user=0,04 sys=0,00, real=0,01 secs] 
Heap after GC invocations=4 (full 1):
 par new generation   total 109248K, used 12271K [0x00000000e0000000, 0x00000000e8000000, 0x00000000e8000000)
  eden space 87424K,   0% used [0x00000000e0000000, 0x00000000e0000000, 0x00000000e5560000)
  from space 21824K,  56% used [0x00000000e5560000, 0x00000000e615bfd0, 0x00000000e6ab0000)
  to   space 21824K,   0% used [0x00000000e6ab0000, 0x00000000e6ab0000, 0x00000000e8000000)
 concurrent mark-sweep generation total 393216K, used 0K [0x00000000e8000000, 0x0000000100000000, 0x0000000100000000)
 Metaspace       used 21278K, capacity 21650K, committed 21884K, reserved 1069056K
  class space    used 2448K, capacity 2606K, committed 2684K, reserved 1048576K
}
2017-07-23T17:44:28.839+0200: 2,940: Total time for which application threads were stopped: 0,0113427 seconds, Stopping threads took: 0,0014952 seconds
2017-07-23T17:44:28.840+0200: 2,940: [CMS-concurrent-abortable-preclean: 0,054/0,126 secs] [Times: user=0,47 sys=0,00, real=0,13 secs] 
2017-07-23T17:44:28.840+0200: 2,940: [GC (CMS Final Remark) [YG occupancy: 12944 K (109248 K)]{Heap before GC invocations=4 (full 1):
 par new generation   total 109248K, used 12944K [0x00000000e0000000, 0x00000000e8000000, 0x00000000e8000000)
  eden space 87424K,   0% used [0x00000000e0000000, 0x00000000e00a8320, 0x00000000e5560000)
  from space 21824K,  56% used [0x00000000e5560000, 0x00000000e615bfd0, 0x00000000e6ab0000)
  to   space 21824K,   0% used [0x00000000e6ab0000, 0x00000000e6ab0000, 0x00000000e8000000)
 concurrent mark-sweep generation total 393216K, used 0K [0x00000000e8000000, 0x0000000100000000, 0x0000000100000000)
 Metaspace       used 21278K, capacity 21650K, committed 21884K, reserved 1069056K
  class space    used 2448K, capacity 2606K, committed 2684K, reserved 1048576K
2017-07-23T17:44:28.840+0200: 2,940: [GC (CMS Final Remark) 2017-07-23T17:44:28.840+0200: 2,940: [ParNew
Desired survivor size 20112992 bytes, new threshold 8 (max 8)
- age   1:      11000 bytes,      11000 total
- age   2:     897088 bytes,     908088 total
- age   3:    1472248 bytes,    2380336 total
- age   4:     772000 bytes,    3152336 total
- age   5:    6689896 bytes,    9842232 total
: 12944K->14749K(109248K), 0,0106540 secs] 12944K->14749K(502464K), 0,0106909 secs] [Times: user=0,03 sys=0,00, real=0,01 secs] 
Heap after GC invocations=5 (full 1):
 par new generation   total 109248K, used 14749K [0x00000000e0000000, 0x00000000e8000000, 0x00000000e8000000)
  eden space 87424K,   0% used [0x00000000e0000000, 0x00000000e0000000, 0x00000000e5560000)
  from space 21824K,  67% used [0x00000000e6ab0000, 0x00000000e7917668, 0x00000000e8000000)
  to   space 21824K,   0% used [0x00000000e5560000, 0x00000000e5560000, 0x00000000e6ab0000)
 concurrent mark-sweep generation total 393216K, used 0K [0x00000000e8000000, 0x0000000100000000, 0x0000000100000000)
 Metaspace       used 21278K, capacity 21650K, committed 21884K, reserved 1069056K
  class space    used 2448K, capacity 2606K, committed 2684K, reserved 1048576K
}
2017-07-23T17:44:28.850+0200: 2,951: [Rescan (parallel) , 0,0040858 secs]2017-07-23T17:44:28.855+0200: 2,955: [weak refs processing, 0,0016313 secs]2017-07-23T17:44:28.856+0200: 2,957: [class unloading, 0,0029778 secs]2017-07-23T17:44:28.859+0200: 2,960: [scrub symbol table, 0,0030214 secs]2017-07-23T17:44:28.862+0200: 2,963: [scrub string table, 0,0003558 secs][1 CMS-remark: 0K(393216K)] 14749K(502464K), 0,0233979 secs] [Times: user=0,06 sys=0,00, real=0,03 secs] 
2017-07-23T17:44:28.863+0200: 2,964: Total time for which application threads were stopped: 0,0235068 seconds, Stopping threads took: 0,0000340 seconds
2017-07-23T17:44:28.863+0200: 2,964: [CMS-concurrent-sweep-start]
2017-07-23T17:44:28.863+0200: 2,964: [CMS-concurrent-sweep: 0,000/0,000 secs] [Times: user=0,00 sys=0,00, real=0,00 secs] 
2017-07-23T17:44:28.863+0200: 2,964: [CMS-concurrent-reset-start]
2017-07-23T17:44:28.866+0200: 2,966: [CMS-concurrent-reset: 0,002/0,002 secs] [Times: user=0,00 sys=0,00, real=0,00 secs] 
{Heap before GC invocations=5 (full 1):
 par new generation   total 109248K, used 102173K [0x00000000e0000000, 0x00000000e8000000, 0x00000000e8000000)
  eden space 87424K, 100% used [0x00000000e0000000, 0x00000000e5560000, 0x00000000e5560000)
  from space 21824K,  67% used [0x00000000e6ab0000, 0x00000000e7917668, 0x00000000e8000000)
  to   space 21824K,   0% used [0x00000000e5560000, 0x00000000e5560000, 0x00000000e6ab0000)
 concurrent mark-sweep generation total 393216K, used 0K [0x00000000e8000000, 0x0000000100000000, 0x0000000100000000)
 Metaspace       used 21472K, capacity 21822K, committed 21884K, reserved 1069056K
  class space    used 2476K, capacity 2640K, committed 2684K, reserved 1048576K
2017-07-23T17:44:28.952+0200: 3,052: [GC (Allocation Failure) 2017-07-23T17:44:28.952+0200: 3,052: [ParNew
Desired survivor size 20112992 bytes, new threshold 8 (max 8)
- age   1:     414040 bytes,     414040 total
- age   3:     197648 bytes,     611688 total
- age   4:    1470808 bytes,    2082496 total
- age   5:     770016 bytes,    2852512 total
- age   6:    6689624 bytes,    9542136 total
: 102173K->11274K(109248K), 0,0128663 secs] 102173K->11274K(502464K), 0,0129471 secs] [Times: user=0,04 sys=0,00, real=0,02 secs] 
Heap after GC invocations=6 (full 1):
 par new generation   total 109248K, used 11274K [0x00000000e0000000, 0x00000000e8000000, 0x00000000e8000000)
  eden space 87424K,   0% used [0x00000000e0000000, 0x00000000e0000000, 0x00000000e5560000)
  from space 21824K,  51% used [0x00000000e5560000, 0x00000000e6062ac0, 0x00000000e6ab0000)
  to   space 21824K,   0% used [0x00000000e6ab0000, 0x00000000e6ab0000, 0x00000000e8000000)
 concurrent mark-sweep generation total 393216K, used 0K [0x00000000e8000000, 0x0000000100000000, 0x0000000100000000)
 Metaspace       used 21472K, capacity 21822K, committed 21884K, reserved 1069056K
  class space    used 2476K, capacity 2640K, committed 2684K, reserved 1048576K
}
2017-07-23T17:44:28.965+0200: 3,065: Total time for which application threads were stopped: 0,0131990 seconds, Stopping threads took: 0,0001062 seconds
2017-07-23T17:44:28.988+0200: 3,088: Total time for which application threads were stopped: 0,0003627 seconds, Stopping threads took: 0,0000367 seconds
2017-07-23T17:44:29.275+0200: 3,376: Total time for which application threads were stopped: 0,0005432 seconds, Stopping threads took: 0,0000681 seconds
2017-07-23T17:44:29.294+0200: 3,394: Total time for which application threads were stopped: 0,0004173 seconds, Stopping threads took: 0,0000608 seconds
{Heap before GC invocations=6 (full 1):
 par new generation   total 109248K, used 98686K [0x00000000e0000000, 0x00000000e8000000, 0x00000000e8000000)
  eden space 87424K,  99% used [0x00000000e0000000, 0x00000000e555cf38, 0x00000000e5560000)
  from space 21824K,  51% used [0x00000000e5560000, 0x00000000e6062ac0, 0x00000000e6ab0000)
  to   space 21824K,   0% used [0x00000000e6ab0000, 0x00000000e6ab0000, 0x00000000e8000000)
 concurrent mark-sweep generation total 393216K, used 0K [0x00000000e8000000, 0x0000000100000000, 0x0000000100000000)
 Metaspace       used 23862K, capacity 24316K, committed 24572K, reserved 1071104K
  class space    used 2807K, capacity 2981K, committed 3068K, reserved 1048576K
2017-07-23T17:44:29.462+0200: 3,563: [GC (Allocation Failure) 2017-07-23T17:44:29.462+0200: 3,563: [ParNew
Desired survivor size 20112992 bytes, new threshold 8 (max 8)
- age   1:    5119560 bytes,    5119560 total
- age   2:     162256 bytes,    5281816 total
- age   4:     196776 bytes,    5478592 total
- age   5:     302040 bytes,    5780632 total
- age   6:     745832 bytes,    6526464 total
- age   7:    6681080 bytes,   13207544 total
: 98686K->16232K(109248K), 0,0229057 secs] 98686K->16232K(502464K), 0,0229815 secs] [Times: user=0,08 sys=0,00, real=0,02 secs] 
Heap after GC invocations=7 (full 1):
 par new generation   total 109248K, used 16232K [0x00000000e0000000, 0x00000000e8000000, 0x00000000e8000000)
  eden space 87424K,   0% used [0x00000000e0000000, 0x00000000e0000000, 0x00000000e5560000)
  from space 21824K,  74% used [0x00000000e6ab0000, 0x00000000e7a8a280, 0x00000000e8000000)
  to   space 21824K,   0% used [0x00000000e5560000, 0x00000000e5560000, 0x00000000e6ab0000)
 concurrent mark-sweep generation total 393216K, used 0K [0x00000000e8000000, 0x0000000100000000, 0x0000000100000000)
 Metaspace       used 23862K, capacity 24316K, committed 24572K, reserved 1071104K
  class space    used 2807K, capacity 2981K, committed 3068K, reserved 1048576K
}
2017-07-23T17:44:29.485+0200: 3,586: Total time for which application threads were stopped: 0,0232684 seconds, Stopping threads took: 0,0000261 seconds
{Heap before GC invocations=7 (full 1):
 par new generation   total 109248K, used 103656K [0x00000000e0000000, 0x00000000e8000000, 0x00000000e8000000)
  eden space 87424K, 100% used [0x00000000e0000000, 0x00000000e5560000, 0x00000000e5560000)
  from space 21824K,  74% used [0x00000000e6ab0000, 0x00000000e7a8a280, 0x00000000e8000000)
  to   space 21824K,   0% used [0x00000000e5560000, 0x00000000e5560000, 0x00000000e6ab0000)
 concurrent mark-sweep generation total 393216K, used 0K [0x00000000e8000000, 0x0000000100000000, 0x0000000100000000)
 Metaspace       used 24273K, capacity 24770K, committed 24828K, reserved 1071104K
  class space    used 2847K, capacity 3046K, committed 3068K, reserved 1048576K
2017-07-23T17:44:29.560+0200: 3,660: [GC (Allocation Failure) 2017-07-23T17:44:29.560+0200: 3,660: [ParNew
Desired survivor size 20112992 bytes, new threshold 8 (max 8)
- age   1:    2071472 bytes,    2071472 total
- age   2:    1735608 bytes,    3807080 total
- age   3:      90288 bytes,    3897368 total
- age   5:     111344 bytes,    4008712 total
- age   6:     194064 bytes,    4202776 total
- age   7:     715016 bytes,    4917792 total
- age   8:    6146848 bytes,   11064640 total
: 103656K->14628K(109248K), 0,0169003 secs] 103656K->14628K(502464K), 0,0169946 secs] [Times: user=0,06 sys=0,00, real=0,02 secs] 
Heap after GC invocations=8 (full 1):
 par new generation   total 109248K, used 14628K [0x00000000e0000000, 0x00000000e8000000, 0x00000000e8000000)
  eden space 87424K,   0% used [0x00000000e0000000, 0x00000000e0000000, 0x00000000e5560000)
  from space 21824K,  67% used [0x00000000e5560000, 0x00000000e63a9008, 0x00000000e6ab0000)
  to   space 21824K,   0% used [0x00000000e6ab0000, 0x00000000e6ab0000, 0x00000000e8000000)
 concurrent mark-sweep generation total 393216K, used 0K [0x00000000e8000000, 0x0000000100000000, 0x0000000100000000)
 Metaspace       used 24273K, capacity 24770K, committed 24828K, reserved 1071104K
  class space    used 2847K, capacity 3046K, committed 3068K, reserved 1048576K
}
2017-07-23T17:44:29.577+0200: 3,677: Total time for which application threads were stopped: 0,0173044 seconds, Stopping threads took: 0,0001061 seconds
{Heap before GC invocations=8 (full 1):
 par new generation   total 109248K, used 102052K [0x00000000e0000000, 0x00000000e8000000, 0x00000000e8000000)
  eden space 87424K, 100% used [0x00000000e0000000, 0x00000000e5560000, 0x00000000e5560000)
  from space 21824K,  67% used [0x00000000e5560000, 0x00000000e63a9008, 0x00000000e6ab0000)
  to   space 21824K,   0% used [0x00000000e6ab0000, 0x00000000e6ab0000, 0x00000000e8000000)
 concurrent mark-sweep generation total 393216K, used 0K [0x00000000e8000000, 0x0000000100000000, 0x0000000100000000)
 Metaspace       used 24819K, capacity 25276K, committed 25468K, reserved 1071104K
  class space    used 2899K, capacity 3083K, committed 3196K, reserved 1048576K
2017-07-23T17:44:29.688+0200: 3,788: [GC (Allocation Failure) 2017-07-23T17:44:29.688+0200: 3,788: [ParNew
Desired survivor size 20112992 bytes, new threshold 8 (max 8)
- age   1:    1014048 bytes,    1014048 total
- age   2:     982224 bytes,    1996272 total
- age   3:    1711640 bytes,    3707912 total
- age   4:      90256 bytes,    3798168 total
- age   6:     111176 bytes,    3909344 total
- age   7:     191264 bytes,    4100608 total
- age   8:     714248 bytes,    4814856 total
: 102052K->8721K(109248K), 0,0268307 secs] 102052K->14807K(502464K), 0,0268963 secs] [Times: user=0,10 sys=0,00, real=0,03 secs] 
Heap after GC invocations=9 (full 1):
 par new generation   total 109248K, used 8721K [0x00000000e0000000, 0x00000000e8000000, 0x00000000e8000000)
  eden space 87424K,   0% used [0x00000000e0000000, 0x00000000e0000000, 0x00000000e5560000)
  from space 21824K,  39% used [0x00000000e6ab0000, 0x00000000e73347f8, 0x00000000e8000000)
  to   space 21824K,   0% used [0x00000000e5560000, 0x00000000e5560000, 0x00000000e6ab0000)
 concurrent mark-sweep generation total 393216K, used 6085K [0x00000000e8000000, 0x0000000100000000, 0x0000000100000000)
 Metaspace       used 24819K, capacity 25276K, committed 25468K, reserved 1071104K
  class space    used 2899K, capacity 3083K, committed 3196K, reserved 1048576K
}
2017-07-23T17:44:29.715+0200: 3,815: Total time for which application threads were stopped: 0,0280765 seconds, Stopping threads took: 0,0010449 seconds
2017-07-23T17:44:29.959+0200: 4,060: Total time for which application threads were stopped: 0,0014068 seconds, Stopping threads took: 0,0009937 seconds
2017-07-23T17:44:29.977+0200: 4,078: Total time for which application threads were stopped: 0,0001158 seconds, Stopping threads took: 0,0000521 seconds
2017-07-23T17:44:29.978+0200: 4,078: Total time for which application threads were stopped: 0,0001064 seconds, Stopping threads took: 0,0000517 seconds
2017-07-23T17:44:29.980+0200: 4,081: Total time for which application threads were stopped: 0,0001250 seconds, Stopping threads took: 0,0000330 seconds
2017-07-23T17:44:29.981+0200: 4,081: Total time for which application threads were stopped: 0,0001027 seconds, Stopping threads took: 0,0000263 seconds
2017-07-23T17:44:29.983+0200: 4,083: Total time for which application threads were stopped: 0,0001268 seconds, Stopping threads took: 0,0000532 seconds
2017-07-23T17:44:29.986+0200: 4,087: Total time for which application threads were stopped: 0,0001938 seconds, Stopping threads took: 0,0001007 seconds
2017-07-23T17:44:29.994+0200: 4,094: Total time for which application threads were stopped: 0,0001610 seconds, Stopping threads took: 0,0000517 seconds
2017-07-23T17:44:29.996+0200: 4,097: Total time for which application threads were stopped: 0,0001721 seconds, Stopping threads took: 0,0000712 seconds
2017-07-23T17:44:29.999+0200: 4,100: Total time for which application threads were stopped: 0,0003717 seconds, Stopping threads took: 0,0000179 seconds
2017-07-23T17:44:30.000+0200: 4,101: Total time for which application threads were stopped: 0,0000816 seconds, Stopping threads took: 0,0000185 seconds
2017-07-23T17:44:30.006+0200: 4,106: Total time for which application threads were stopped: 0,0039785 seconds, Stopping threads took: 0,0039011 seconds
2017-07-23T17:44:30.011+0200: 4,112: Total time for which application threads were stopped: 0,0001110 seconds, Stopping threads took: 0,0000312 seconds
2017-07-23T17:44:30.015+0200: 4,116: Total time for which application threads were stopped: 0,0000983 seconds, Stopping threads took: 0,0000188 seconds
2017-07-23T17:44:30.016+0200: 4,116: Total time for which application threads were stopped: 0,0003576 seconds, Stopping threads took: 0,0000329 seconds
2017-07-23T17:44:30.017+0200: 4,117: Total time for which application threads were stopped: 0,0001137 seconds, Stopping threads took: 0,0000395 seconds
2017-07-23T17:44:30.020+0200: 4,121: Total time for which application threads were stopped: 0,0001474 seconds, Stopping threads took: 0,0000585 seconds
2017-07-23T17:44:30.021+0200: 4,122: Total time for which application threads were stopped: 0,0001149 seconds, Stopping threads took: 0,0000226 seconds
2017-07-23T17:44:30.024+0200: 4,125: Total time for which application threads were stopped: 0,0001423 seconds, Stopping threads took: 0,0000601 seconds
2017-07-23T17:44:30.026+0200: 4,127: Total time for which application threads were stopped: 0,0000951 seconds, Stopping threads took: 0,0000242 seconds
2017-07-23T17:44:30.029+0200: 4,129: Total time for which application threads were stopped: 0,0000954 seconds, Stopping threads took: 0,0000186 seconds
2017-07-23T17:44:30.029+0200: 4,130: Total time for which application threads were stopped: 0,0000703 seconds, Stopping threads took: 0,0000143 seconds
2017-07-23T17:44:30.030+0200: 4,130: Total time for which application threads were stopped: 0,0001436 seconds, Stopping threads took: 0,0000126 seconds
2017-07-23T17:44:30.065+0200: 4,165: Total time for which application threads were stopped: 0,0001413 seconds, Stopping threads took: 0,0000263 seconds
2017-07-23T17:44:30.065+0200: 4,166: Total time for which application threads were stopped: 0,0003745 seconds, Stopping threads took: 0,0000163 seconds
2017-07-23T17:44:30.070+0200: 4,171: Total time for which application threads were stopped: 0,0001336 seconds, Stopping threads took: 0,0000436 seconds
2017-07-23T17:44:30.070+0200: 4,171: Total time for which application threads were stopped: 0,0000987 seconds, Stopping threads took: 0,0000274 seconds
2017-07-23T17:44:30.077+0200: 4,178: Total time for which application threads were stopped: 0,0001267 seconds, Stopping threads took: 0,0000431 seconds
2017-07-23T17:44:30.086+0200: 4,186: Total time for which application threads were stopped: 0,0006015 seconds, Stopping threads took: 0,0005306 seconds
2017-07-23T17:44:30.086+0200: 4,187: Total time for which application threads were stopped: 0,0001274 seconds, Stopping threads took: 0,0000652 seconds
2017-07-23T17:44:30.090+0200: 4,191: Total time for which application threads were stopped: 0,0001463 seconds, Stopping threads took: 0,0000690 seconds
2017-07-23T17:44:30.091+0200: 4,191: Total time for which application threads were stopped: 0,0002598 seconds, Stopping threads took: 0,0001861 seconds
2017-07-23T17:44:30.092+0200: 4,193: Total time for which application threads were stopped: 0,0001589 seconds, Stopping threads took: 0,0000721 seconds
2017-07-23T17:44:30.093+0200: 4,194: Total time for which application threads were stopped: 0,0001194 seconds, Stopping threads took: 0,0000519 seconds
2017-07-23T17:44:30.093+0200: 4,194: Total time for which application threads were stopped: 0,0001098 seconds, Stopping threads took: 0,0000308 seconds
2017-07-23T17:44:30.093+0200: 4,194: Total time for which application threads were stopped: 0,0000991 seconds, Stopping threads took: 0,0000211 seconds
2017-07-23T17:44:30.093+0200: 4,194: Total time for which application threads were stopped: 0,0000715 seconds, Stopping threads took: 0,0000186 seconds
2017-07-23T17:44:30.094+0200: 4,194: Total time for which application threads were stopped: 0,0000782 seconds, Stopping threads took: 0,0000297 seconds
2017-07-23T17:44:30.094+0200: 4,194: Total time for which application threads were stopped: 0,0000572 seconds, Stopping threads took: 0,0000138 seconds
2017-07-23T17:44:30.094+0200: 4,195: Total time for which application threads were stopped: 0,0000546 seconds, Stopping threads took: 0,0000145 seconds
2017-07-23T17:44:30.098+0200: 4,198: Total time for which application threads were stopped: 0,0035754 seconds, Stopping threads took: 0,0035205 seconds
2017-07-23T17:44:30.098+0200: 4,198: Total time for which application threads were stopped: 0,0000801 seconds, Stopping threads took: 0,0000140 seconds
2017-07-23T17:44:30.102+0200: 4,203: Total time for which application threads were stopped: 0,0000922 seconds, Stopping threads took: 0,0000213 seconds
2017-07-23T17:44:30.102+0200: 4,203: Total time for which application threads were stopped: 0,0000613 seconds, Stopping threads took: 0,0000115 seconds
2017-07-23T17:44:30.102+0200: 4,203: Total time for which application threads were stopped: 0,0000737 seconds, Stopping threads took: 0,0000284 seconds
2017-07-23T17:44:30.102+0200: 4,203: Total time for which application threads were stopped: 0,0001573 seconds, Stopping threads took: 0,0000299 seconds
2017-07-23T17:44:30.106+0200: 4,207: Total time for which application threads were stopped: 0,0001042 seconds, Stopping threads took: 0,0000322 seconds
2017-07-23T17:44:30.113+0200: 4,214: Total time for which application threads were stopped: 0,0001567 seconds, Stopping threads took: 0,0000658 seconds
2017-07-23T17:44:30.118+0200: 4,218: Total time for which application threads were stopped: 0,0002357 seconds, Stopping threads took: 0,0000783 seconds
2017-07-23T17:44:30.133+0200: 4,233: Total time for which application threads were stopped: 0,0001282 seconds, Stopping threads took: 0,0000402 seconds
2017-07-23T17:44:30.134+0200: 4,235: Total time for which application threads were stopped: 0,0010888 seconds, Stopping threads took: 0,0009933 seconds
2017-07-23T17:44:30.155+0200: 4,255: Total time for which application threads were stopped: 0,0001325 seconds, Stopping threads took: 0,0000326 seconds
2017-07-23T17:44:30.162+0200: 4,262: Total time for which application threads were stopped: 0,0001273 seconds, Stopping threads took: 0,0000498 seconds
2017-07-23T17:44:30.199+0200: 4,300: Total time for which application threads were stopped: 0,0001671 seconds, Stopping threads took: 0,0000835 seconds
2017-07-23T17:44:30.200+0200: 4,301: Total time for which application threads were stopped: 0,0003633 seconds, Stopping threads took: 0,0000150 seconds
2017-07-23T17:44:30.200+0200: 4,301: Total time for which application threads were stopped: 0,0000768 seconds, Stopping threads took: 0,0000280 seconds
2017-07-23T17:44:30.204+0200: 4,305: Total time for which application threads were stopped: 0,0001262 seconds, Stopping threads took: 0,0000468 seconds
2017-07-23T17:44:31.204+0200: 5,305: Total time for which application threads were stopped: 0,0000668 seconds, Stopping threads took: 0,0000173 seconds
2017-07-23T17:44:32.204+0200: 6,305: Total time for which application threads were stopped: 0,0000622 seconds, Stopping threads took: 0,0000192 seconds
2017-07-23T17:44:48.206+0200: 22,307: Total time for which application threads were stopped: 0,0000608 seconds, Stopping threads took: 0,0000161 seconds
2017-07-23T17:44:58.702+0200: 32,309: Total time for which application threads were stopped: 0,0000777 seconds, Stopping threads took: 0,0000333 seconds
2017-07-23T17:46:28.713+0200: 122,320: Total time for which application threads were stopped: 0,0000945 seconds, Stopping threads took: 0,0000409 seconds
2017-07-23T17:46:33.714+0200: 127,321: Total time for which application threads were stopped: 0,0000621 seconds, Stopping threads took: 0,0000179 seconds
{Heap before GC invocations=9 (full 1):
 par new generation   total 109248K, used 96145K [0x00000000e0000000, 0x00000000e8000000, 0x00000000e8000000)
  eden space 87424K, 100% used [0x00000000e0000000, 0x00000000e5560000, 0x00000000e5560000)
  from space 21824K,  39% used [0x00000000e6ab0000, 0x00000000e73347f8, 0x00000000e8000000)
  to   space 21824K,   0% used [0x00000000e5560000, 0x00000000e5560000, 0x00000000e6ab0000)
 concurrent mark-sweep generation total 393216K, used 6085K [0x00000000e8000000, 0x0000000100000000, 0x0000000100000000)
 Metaspace       used 27986K, capacity 28514K, committed 28796K, reserved 1075200K
  class space    used 3213K, capacity 3390K, committed 3452K, reserved 1048576K
2017-07-23T17:47:22.308+0200: 175,915: [GC (Allocation Failure) 2017-07-23T17:47:22.308+0200: 175,915: [ParNew
Desired survivor size 20112992 bytes, new threshold 8 (max 8)
- age   1:   10996464 bytes,   10996464 total
- age   2:     254744 bytes,   11251208 total
- age   3:     202864 bytes,   11454072 total
- age   4:    1706936 bytes,   13161008 total
- age   5:      90136 bytes,   13251144 total
- age   7:     108472 bytes,   13359616 total
- age   8:     190608 bytes,   13550224 total
: 96145K->15161K(109248K), 0,0147214 secs] 102231K->22025K(502464K), 0,0147829 secs] [Times: user=0,04 sys=0,00, real=0,01 secs] 
Heap after GC invocations=10 (full 1):
 par new generation   total 109248K, used 15161K [0x00000000e0000000, 0x00000000e8000000, 0x00000000e8000000)
  eden space 87424K,   0% used [0x00000000e0000000, 0x00000000e0000000, 0x00000000e5560000)
  from space 21824K,  69% used [0x00000000e5560000, 0x00000000e642e630, 0x00000000e6ab0000)
  to   space 21824K,   0% used [0x00000000e6ab0000, 0x00000000e6ab0000, 0x00000000e8000000)
 concurrent mark-sweep generation total 393216K, used 6863K [0x00000000e8000000, 0x0000000100000000, 0x0000000100000000)
 Metaspace       used 27986K, capacity 28514K, committed 28796K, reserved 1075200K
  class space    used 3213K, capacity 3390K, committed 3452K, reserved 1048576K
}
2017-07-23T17:47:22.323+0200: 175,930: Total time for which application threads were stopped: 0,0149401 seconds, Stopping threads took: 0,0000359 seconds
2017-07-23T17:47:22.324+0200: 175,930: Total time for which application threads were stopped: 0,0000892 seconds, Stopping threads took: 0,0000491 seconds
2017-07-23T17:47:22.324+0200: 175,931: Total time for which application threads were stopped: 0,0000528 seconds, Stopping threads took: 0,0000256 seconds
2017-07-23T18:07:57.444+0200: 1411,051: Total time for which application threads were stopped: 0,0000883 seconds, Stopping threads took: 0,0000349 seconds
2017-07-23T18:10:47.462+0200: 1581,069: Total time for which application threads were stopped: 0,0004289 seconds, Stopping threads took: 0,0001655 seconds
2017-07-23T18:22:48.536+0200: 2302,143: Total time for which application threads were stopped: 0,0000793 seconds, Stopping threads took: 0,0000324 seconds
2017-07-23T18:22:52.537+0200: 2306,143: Total time for which application threads were stopped: 0,0000621 seconds, Stopping threads took: 0,0000148 seconds
2017-07-23T18:40:43.648+0200: 3377,254: Total time for which application threads were stopped: 0,0000787 seconds, Stopping threads took: 0,0000305 seconds
2017-07-23T18:46:52.684+0200: 3746,290: Total time for which application threads were stopped: 0,0000977 seconds, Stopping threads took: 0,0000288 seconds
2017-07-23T18:46:58.684+0200: 3752,291: Total time for which application threads were stopped: 0,0000832 seconds, Stopping threads took: 0,0000172 seconds
2017-07-23T18:50:28.705+0200: 3962,312: Total time for which application threads were stopped: 0,0000764 seconds, Stopping threads took: 0,0000317 seconds
2017-07-23T18:52:07.716+0200: 4061,322: Total time for which application threads were stopped: 0,0001358 seconds, Stopping threads took: 0,0000578 seconds
2017-07-23T19:07:38.850+0200: 4992,457: Total time for which application threads were stopped: 0,0000960 seconds, Stopping threads took: 0,0000363 seconds
2017-07-23T19:08:08.856+0200: 5022,463: Total time for which application threads were stopped: 0,0001689 seconds, Stopping threads took: 0,0000634 seconds
2017-07-23T19:44:28.216+0200: 7201,822: Total time for which application threads were stopped: 0,0000956 seconds, Stopping threads took: 0,0000383 seconds
2017-07-23T19:46:28.235+0200: 7321,842: Total time for which application threads were stopped: 0,0000949 seconds, Stopping threads took: 0,0000351 seconds
2017-07-23T19:47:28.246+0200: 7381,852: Total time for which application threads were stopped: 0,0001358 seconds, Stopping threads took: 0,0000541 seconds
2017-07-23T19:47:34.247+0200: 7387,853: Total time for which application threads were stopped: 0,0001347 seconds, Stopping threads took: 0,0000314 seconds
2017-07-23T19:52:28.296+0200: 7681,902: Total time for which application threads were stopped: 0,0001592 seconds, Stopping threads took: 0,0000567 seconds
2017-07-23T20:56:58.863+0200: 11552,470: Total time for which application threads were stopped: 0,0001647 seconds, Stopping threads took: 0,0000646 seconds
2017-07-23T22:00:28.265+0200: 15361,871: Total time for which application threads were stopped: 0,0000843 seconds, Stopping threads took: 0,0000307 seconds
2017-07-23T22:21:28.366+0200: 16621,972: Total time for which application threads were stopped: 0,0001166 seconds, Stopping threads took: 0,0000475 seconds
2017-07-23T23:33:01.699+0200: 19849,518: Total time for which application threads were stopped: 0,0001697 seconds, Stopping threads took: 0,0000463 seconds
2017-07-23T23:33:01.731+0200: 19849,550: Total time for which application threads were stopped: 0,0212058 seconds, Stopping threads took: 0,0211205 seconds
2017-07-23T23:33:01.736+0200: 19849,555: Total time for which application threads were stopped: 0,0001187 seconds, Stopping threads took: 0,0000453 seconds
2017-07-23T23:33:01.739+0200: 19849,558: Total time for which application threads were stopped: 0,0016359 seconds, Stopping threads took: 0,0008269 seconds
2017-07-23T23:33:01.739+0200: 19849,558: Total time for which application threads were stopped: 0,0000860 seconds, Stopping threads took: 0,0000271 seconds
2017-07-23T23:33:01.740+0200: 19849,559: Total time for which application threads were stopped: 0,0009833 seconds, Stopping threads took: 0,0000239 seconds
2017-07-23T23:33:01.741+0200: 19849,560: Total time for which application threads were stopped: 0,0000733 seconds, Stopping threads took: 0,0000203 seconds
2017-07-23T23:33:01.755+0200: 19849,574: Total time for which application threads were stopped: 0,0001002 seconds, Stopping threads took: 0,0000320 seconds
2017-07-23T23:33:01.755+0200: 19849,574: Total time for which application threads were stopped: 0,0000482 seconds, Stopping threads took: 0,0000150 seconds
2017-07-23T23:33:01.755+0200: 19849,574: Total time for which application threads were stopped: 0,0000465 seconds, Stopping threads took: 0,0000128 seconds
2017-07-23T23:33:01.755+0200: 19849,574: Total time for which application threads were stopped: 0,0000445 seconds, Stopping threads took: 0,0000122 seconds
2017-07-23T23:33:01.759+0200: 19849,578: Total time for which application threads were stopped: 0,0001135 seconds, Stopping threads took: 0,0000371 seconds
2017-07-23T23:33:01.770+0200: 19849,589: Total time for which application threads were stopped: 0,0000924 seconds, Stopping threads took: 0,0000265 seconds
2017-07-23T23:33:01.770+0200: 19849,589: Total time for which application threads were stopped: 0,0000480 seconds, Stopping threads took: 0,0000138 seconds
2017-07-23T23:33:01.770+0200: 19849,589: Total time for which application threads were stopped: 0,0000430 seconds, Stopping threads took: 0,0000117 seconds
2017-07-23T23:33:01.779+0200: 19849,598: Total time for which application threads were stopped: 0,0064286 seconds, Stopping threads took: 0,0063520 seconds
2017-07-23T23:33:01.779+0200: 19849,598: Total time for which application threads were stopped: 0,0000458 seconds, Stopping threads took: 0,0000079 seconds
2017-07-23T23:33:01.779+0200: 19849,598: Total time for which application threads were stopped: 0,0000385 seconds, Stopping threads took: 0,0000069 seconds
2017-07-23T23:33:01.779+0200: 19849,598: Total time for which application threads were stopped: 0,0000365 seconds, Stopping threads took: 0,0000068 seconds
2017-07-23T23:33:01.779+0200: 19849,598: Total time for which application threads were stopped: 0,0000369 seconds, Stopping threads took: 0,0000047 seconds
2017-07-23T23:33:01.779+0200: 19849,598: Total time for which application threads were stopped: 0,0000345 seconds, Stopping threads took: 0,0000051 seconds
2017-07-23T23:33:01.780+0200: 19849,599: Total time for which application threads were stopped: 0,0003523 seconds, Stopping threads took: 0,0000049 seconds
2017-07-23T23:33:01.780+0200: 19849,599: Total time for which application threads were stopped: 0,0000621 seconds, Stopping threads took: 0,0000118 seconds
2017-07-23T23:33:01.780+0200: 19849,599: Total time for which application threads were stopped: 0,0000421 seconds, Stopping threads took: 0,0000055 seconds
2017-07-23T23:33:01.786+0200: 19849,605: Total time for which application threads were stopped: 0,0001000 seconds, Stopping threads took: 0,0000285 seconds
2017-07-23T23:33:01.787+0200: 19849,606: Total time for which application threads were stopped: 0,0001603 seconds, Stopping threads took: 0,0000510 seconds
2017-07-23T23:33:01.788+0200: 19849,607: Total time for which application threads were stopped: 0,0010782 seconds, Stopping threads took: 0,0009873 seconds
2017-07-23T23:33:01.788+0200: 19849,607: Total time for which application threads were stopped: 0,0000778 seconds, Stopping threads took: 0,0000245 seconds
2017-07-23T23:33:01.790+0200: 19849,609: Total time for which application threads were stopped: 0,0000934 seconds, Stopping threads took: 0,0000275 seconds
2017-07-23T23:33:01.790+0200: 19849,609: Total time for which application threads were stopped: 0,0000623 seconds, Stopping threads took: 0,0000218 seconds
2017-07-23T23:33:01.790+0200: 19849,609: Total time for which application threads were stopped: 0,0000592 seconds, Stopping threads took: 0,0000282 seconds
2017-07-23T23:33:01.790+0200: 19849,609: Total time for which application threads were stopped: 0,0000435 seconds, Stopping threads took: 0,0000203 seconds
2017-07-23T23:33:01.790+0200: 19849,609: Total time for which application threads were stopped: 0,0000452 seconds, Stopping threads took: 0,0000141 seconds
2017-07-23T23:33:01.790+0200: 19849,609: Total time for which application threads were stopped: 0,0000414 seconds, Stopping threads took: 0,0000182 seconds
2017-07-23T23:33:01.790+0200: 19849,609: Total time for which application threads were stopped: 0,0000343 seconds, Stopping threads took: 0,0000142 seconds
2017-07-23T23:33:01.790+0200: 19849,610: Total time for which application threads were stopped: 0,0000562 seconds, Stopping threads took: 0,0000274 seconds
2017-07-23T23:33:01.791+0200: 19849,610: Total time for which application threads were stopped: 0,0000825 seconds, Stopping threads took: 0,0000140 seconds
2017-07-23T23:33:01.791+0200: 19849,610: Total time for which application threads were stopped: 0,0000523 seconds, Stopping threads took: 0,0000223 seconds
2017-07-23T23:33:01.791+0200: 19849,610: Total time for which application threads were stopped: 0,0000330 seconds, Stopping threads took: 0,0000067 seconds
2017-07-23T23:33:01.791+0200: 19849,610: Total time for which application threads were stopped: 0,0000391 seconds, Stopping threads took: 0,0000129 seconds
2017-07-23T23:33:01.791+0200: 19849,611: Total time for which application threads were stopped: 0,0000225 seconds, Stopping threads took: 0,0000054 seconds
2017-07-23T23:33:01.793+0200: 19849,612: Total time for which application threads were stopped: 0,0000715 seconds, Stopping threads took: 0,0000180 seconds
2017-07-23T23:33:01.793+0200: 19849,612: Total time for which application threads were stopped: 0,0001365 seconds, Stopping threads took: 0,0000106 seconds
2017-07-23T23:33:01.795+0200: 19849,614: Total time for which application threads were stopped: 0,0012622 seconds, Stopping threads took: 0,0012145 seconds
2017-07-23T23:33:01.796+0200: 19849,615: Total time for which application threads were stopped: 0,0001340 seconds, Stopping threads took: 0,0000477 seconds
2017-07-23T23:33:01.797+0200: 19849,616: Total time for which application threads were stopped: 0,0000673 seconds, Stopping threads took: 0,0000165 seconds
2017-07-23T23:33:01.798+0200: 19849,617: Total time for which application threads were stopped: 0,0000993 seconds, Stopping threads took: 0,0000300 seconds
Heap
 par new generation   total 109248K, used 34357K [0x00000000e0000000, 0x00000000e8000000, 0x00000000e8000000)
  eden space 87424K,  21% used [0x00000000e0000000, 0x00000000e12bf0a8, 0x00000000e5560000)
  from space 21824K,  69% used [0x00000000e5560000, 0x00000000e642e630, 0x00000000e6ab0000)
  to   space 21824K,   0% used [0x00000000e6ab0000, 0x00000000e6ab0000, 0x00000000e8000000)
 concurrent mark-sweep generation total 393216K, used 6863K [0x00000000e8000000, 0x0000000100000000, 0x0000000100000000)
 Metaspace       used 28149K, capacity 28682K, committed 28796K, reserved 1075200K
  class space    used 3227K, capacity 3424K, committed 3452K, reserved 1048576K
