OpenJDK 64-Bit Server VM (25.111-b14) for linux-amd64 JRE (1.8.0_111-8u111-b14-2ubuntu0.16.04.2-b14), built on Oct 27 2016 18:10:19 by "buildd" with gcc 5.4.0 20160609
Memory: 4k page, physical 7867848k(7470296k free), swap 8076284k(8076284k free)
CommandLine flags: -XX:CMSInitiatingOccupancyFraction=50 -XX:CMSMaxAbortablePrecleanTime=6000 -XX:+CMSParallelRemarkEnabled -XX:+CMSScavengeBeforeRemark -XX:ConcGCThreads=4 -XX:InitialHeapSize=536870912 -XX:MaxHeapSize=536870912 -XX:MaxTenuringThreshold=8 -XX:NewRatio=3 -XX:OldPLABSize=16 -XX:OnOutOfMemoryError=/opt/solr/bin/oom_solr.sh 8983 /var/solr/logs -XX:ParallelGCThreads=4 -XX:+ParallelRefProcEnabled -XX:PretenureSizeThreshold=67108864 -XX:+PrintGC -XX:+PrintGCApplicationStoppedTime -XX:+PrintGCDateStamps -XX:+PrintGCDetails -XX:+PrintGCTimeStamps -XX:+PrintHeapAtGC -XX:+PrintTenuringDistribution -XX:SurvivorRatio=4 -XX:TargetSurvivorRatio=90 -XX:ThreadStackSize=256 -XX:+UseCMSInitiatingOccupancyOnly -XX:+UseCompressedClassPointers -XX:+UseCompressedOops -XX:+UseConcMarkSweepGC -XX:+UseParNewGC 
2016-11-29T22:16:30.577+0100: 0,122: Total time for which application threads were stopped: 0,0000841 seconds, Stopping threads took: 0,0000097 seconds
2016-11-29T22:16:30.650+0100: 0,194: Total time for which application threads were stopped: 0,0001129 seconds, Stopping threads took: 0,0000249 seconds
2016-11-29T22:16:30.660+0100: 0,204: Total time for which application threads were stopped: 0,0000793 seconds, Stopping threads took: 0,0000171 seconds
2016-11-29T22:16:30.787+0100: 0,331: Total time for which application threads were stopped: 0,0002799 seconds, Stopping threads took: 0,0001362 seconds
2016-11-29T22:16:30.988+0100: 0,533: Total time for which application threads were stopped: 0,0001821 seconds, Stopping threads took: 0,0000210 seconds
2016-11-29T22:16:31.050+0100: 0,594: Total time for which application threads were stopped: 0,0001600 seconds, Stopping threads took: 0,0000171 seconds
2016-11-29T22:16:31.065+0100: 0,610: Total time for which application threads were stopped: 0,0002009 seconds, Stopping threads took: 0,0000445 seconds
2016-11-29T22:16:31.275+0100: 0,819: Total time for which application threads were stopped: 0,0002207 seconds, Stopping threads took: 0,0000225 seconds
2016-11-29T22:16:31.472+0100: 1,017: Total time for which application threads were stopped: 0,0003146 seconds, Stopping threads took: 0,0000240 seconds
2016-11-29T22:16:31.523+0100: 1,067: Total time for which application threads were stopped: 0,0001844 seconds, Stopping threads took: 0,0000144 seconds
2016-11-29T22:16:31.524+0100: 1,068: Total time for which application threads were stopped: 0,0001537 seconds, Stopping threads took: 0,0000107 seconds
2016-11-29T22:16:31.558+0100: 1,103: Total time for which application threads were stopped: 0,0001778 seconds, Stopping threads took: 0,0000193 seconds
2016-11-29T22:16:31.643+0100: 1,187: Total time for which application threads were stopped: 0,0002574 seconds, Stopping threads took: 0,0000344 seconds
2016-11-29T22:16:32.067+0100: 1,611: Total time for which application threads were stopped: 0,0016676 seconds, Stopping threads took: 0,0014005 seconds
{Heap before GC invocations=0 (full 0):
 par new generation   total 109248K, used 87424K [0x00000000e0000000, 0x00000000e8000000, 0x00000000e8000000)
  eden space 87424K, 100% used [0x00000000e0000000, 0x00000000e5560000, 0x00000000e5560000)
  from space 21824K,   0% used [0x00000000e5560000, 0x00000000e5560000, 0x00000000e6ab0000)
  to   space 21824K,   0% used [0x00000000e6ab0000, 0x00000000e6ab0000, 0x00000000e8000000)
 concurrent mark-sweep generation total 393216K, used 0K [0x00000000e8000000, 0x0000000100000000, 0x0000000100000000)
 Metaspace       used 17944K, capacity 18238K, committed 18304K, reserved 1064960K
  class space    used 2044K, capacity 2162K, committed 2176K, reserved 1048576K
2016-11-29T22:16:32.184+0100: 1,728: [GC (Allocation Failure) 2016-11-29T22:16:32.184+0100: 1,728: [ParNew
Desired survivor size 20112992 bytes, new threshold 8 (max 8)
- age   1:   12036136 bytes,   12036136 total
: 87424K->11871K(109248K), 0,0164854 secs] 87424K->11871K(502464K), 0,0165914 secs] [Times: user=0,05 sys=0,01, real=0,01 secs] 
Heap after GC invocations=1 (full 0):
 par new generation   total 109248K, used 11871K [0x00000000e0000000, 0x00000000e8000000, 0x00000000e8000000)
  eden space 87424K,   0% used [0x00000000e0000000, 0x00000000e0000000, 0x00000000e5560000)
  from space 21824K,  54% used [0x00000000e6ab0000, 0x00000000e7647c80, 0x00000000e8000000)
  to   space 21824K,   0% used [0x00000000e5560000, 0x00000000e5560000, 0x00000000e6ab0000)
 concurrent mark-sweep generation total 393216K, used 0K [0x00000000e8000000, 0x0000000100000000, 0x0000000100000000)
 Metaspace       used 17944K, capacity 18238K, committed 18304K, reserved 1064960K
  class space    used 2044K, capacity 2162K, committed 2176K, reserved 1048576K
}
2016-11-29T22:16:32.201+0100: 1,745: Total time for which application threads were stopped: 0,0168037 seconds, Stopping threads took: 0,0000186 seconds
2016-11-29T22:16:32.534+0100: 2,078: Total time for which application threads were stopped: 0,0003093 seconds, Stopping threads took: 0,0000252 seconds
2016-11-29T22:16:32.584+0100: 2,129: Total time for which application threads were stopped: 0,0003819 seconds, Stopping threads took: 0,0000443 seconds
2016-11-29T22:16:32.619+0100: 2,163: Total time for which application threads were stopped: 0,0002512 seconds, Stopping threads took: 0,0000213 seconds
{Heap before GC invocations=1 (full 0):
 par new generation   total 109248K, used 99295K [0x00000000e0000000, 0x00000000e8000000, 0x00000000e8000000)
  eden space 87424K, 100% used [0x00000000e0000000, 0x00000000e5560000, 0x00000000e5560000)
  from space 21824K,  54% used [0x00000000e6ab0000, 0x00000000e7647c80, 0x00000000e8000000)
  to   space 21824K,   0% used [0x00000000e5560000, 0x00000000e5560000, 0x00000000e6ab0000)
 concurrent mark-sweep generation total 393216K, used 0K [0x00000000e8000000, 0x0000000100000000, 0x0000000100000000)
 Metaspace       used 20681K, capacity 21016K, committed 21248K, reserved 1069056K
  class space    used 2403K, capacity 2518K, committed 2560K, reserved 1048576K
2016-11-29T22:16:32.870+0100: 2,414: [GC (Allocation Failure) 2016-11-29T22:16:32.870+0100: 2,415: [ParNew
Desired survivor size 20112992 bytes, new threshold 8 (max 8)
- age   1:    3670880 bytes,    3670880 total
- age   2:    6067848 bytes,    9738728 total
: 99295K->14805K(109248K), 0,0206469 secs] 99295K->14805K(502464K), 0,0210420 secs] [Times: user=0,06 sys=0,01, real=0,02 secs] 
Heap after GC invocations=2 (full 0):
 par new generation   total 109248K, used 14805K [0x00000000e0000000, 0x00000000e8000000, 0x00000000e8000000)
  eden space 87424K,   0% used [0x00000000e0000000, 0x00000000e0000000, 0x00000000e5560000)
  from space 21824K,  67% used [0x00000000e5560000, 0x00000000e63d5740, 0x00000000e6ab0000)
  to   space 21824K,   0% used [0x00000000e6ab0000, 0x00000000e6ab0000, 0x00000000e8000000)
 concurrent mark-sweep generation total 393216K, used 0K [0x00000000e8000000, 0x0000000100000000, 0x0000000100000000)
 Metaspace       used 20681K, capacity 21016K, committed 21248K, reserved 1069056K
  class space    used 2403K, capacity 2518K, committed 2560K, reserved 1048576K
}
2016-11-29T22:16:32.891+0100: 2,436: Total time for which application threads were stopped: 0,0214819 seconds, Stopping threads took: 0,0000501 seconds
2016-11-29T22:16:32.982+0100: 2,527: Total time for which application threads were stopped: 0,0000866 seconds, Stopping threads took: 0,0000199 seconds
2016-11-29T22:16:33.023+0100: 2,567: Total time for which application threads were stopped: 0,0002596 seconds, Stopping threads took: 0,0000163 seconds
2016-11-29T22:16:33.029+0100: 2,573: Total time for which application threads were stopped: 0,0000715 seconds, Stopping threads took: 0,0000134 seconds
2016-11-29T22:16:33.052+0100: 2,597: Total time for which application threads were stopped: 0,0000909 seconds, Stopping threads took: 0,0000210 seconds
2016-11-29T22:16:33.130+0100: 2,674: Total time for which application threads were stopped: 0,0001332 seconds, Stopping threads took: 0,0000424 seconds
2016-11-29T22:16:33.148+0100: 2,692: Total time for which application threads were stopped: 0,0000835 seconds, Stopping threads took: 0,0000212 seconds
2016-11-29T22:16:33.155+0100: 2,699: Total time for which application threads were stopped: 0,0002580 seconds, Stopping threads took: 0,0000137 seconds
2016-11-29T22:16:33.162+0100: 2,707: Total time for which application threads were stopped: 0,0002955 seconds, Stopping threads took: 0,0000272 seconds
2016-11-29T22:16:33.170+0100: 2,714: Total time for which application threads were stopped: 0,0000775 seconds, Stopping threads took: 0,0000218 seconds
2016-11-29T22:16:33.200+0100: 2,745: Total time for which application threads were stopped: 0,0000681 seconds, Stopping threads took: 0,0000144 seconds
2016-11-29T22:16:33.213+0100: 2,757: Total time for which application threads were stopped: 0,0000876 seconds, Stopping threads took: 0,0000301 seconds
2016-11-29T22:16:33.234+0100: 2,778: Total time for which application threads were stopped: 0,0000868 seconds, Stopping threads took: 0,0000229 seconds
2016-11-29T22:16:33.262+0100: 2,806: Total time for which application threads were stopped: 0,0000819 seconds, Stopping threads took: 0,0000167 seconds
2016-11-29T22:16:33.293+0100: 2,837: Total time for which application threads were stopped: 0,0001271 seconds, Stopping threads took: 0,0000268 seconds
2016-11-29T22:16:33.351+0100: 2,896: Total time for which application threads were stopped: 0,0001128 seconds, Stopping threads took: 0,0000272 seconds
2016-11-29T22:16:33.389+0100: 2,933: Total time for which application threads were stopped: 0,0001253 seconds, Stopping threads took: 0,0000346 seconds
{Heap before GC invocations=2 (full 0):
 par new generation   total 109248K, used 102229K [0x00000000e0000000, 0x00000000e8000000, 0x00000000e8000000)
  eden space 87424K, 100% used [0x00000000e0000000, 0x00000000e5560000, 0x00000000e5560000)
  from space 21824K,  67% used [0x00000000e5560000, 0x00000000e63d5740, 0x00000000e6ab0000)
  to   space 21824K,   0% used [0x00000000e6ab0000, 0x00000000e6ab0000, 0x00000000e8000000)
 concurrent mark-sweep generation total 393216K, used 0K [0x00000000e8000000, 0x0000000100000000, 0x0000000100000000)
 Metaspace       used 24805K, capacity 25288K, committed 25536K, reserved 1071104K
  class space    used 2894K, capacity 3025K, committed 3092K, reserved 1048576K
2016-11-29T22:16:33.398+0100: 2,942: [GC (Allocation Failure) 2016-11-29T22:16:33.398+0100: 2,943: [ParNew
Desired survivor size 20112992 bytes, new threshold 8 (max 8)
- age   1:    4851328 bytes,    4851328 total
- age   2:     582840 bytes,    5434168 total
- age   3:    6042104 bytes,   11476272 total
: 102229K->13742K(109248K), 0,0137232 secs] 102229K->13742K(502464K), 0,0138092 secs] [Times: user=0,03 sys=0,00, real=0,01 secs] 
Heap after GC invocations=3 (full 0):
 par new generation   total 109248K, used 13742K [0x00000000e0000000, 0x00000000e8000000, 0x00000000e8000000)
  eden space 87424K,   0% used [0x00000000e0000000, 0x00000000e0000000, 0x00000000e5560000)
  from space 21824K,  62% used [0x00000000e6ab0000, 0x00000000e781b810, 0x00000000e8000000)
  to   space 21824K,   0% used [0x00000000e5560000, 0x00000000e5560000, 0x00000000e6ab0000)
 concurrent mark-sweep generation total 393216K, used 0K [0x00000000e8000000, 0x0000000100000000, 0x0000000100000000)
 Metaspace       used 24805K, capacity 25288K, committed 25536K, reserved 1071104K
  class space    used 2894K, capacity 3025K, committed 3092K, reserved 1048576K
}
2016-11-29T22:16:33.412+0100: 2,956: Total time for which application threads were stopped: 0,0139758 seconds, Stopping threads took: 0,0000368 seconds
2016-11-29T22:16:33.412+0100: 2,956: [GC (CMS Initial Mark) [1 CMS-initial-mark: 0K(393216K)] 13998K(502464K), 0,0032167 secs] [Times: user=0,02 sys=0,00, real=0,01 secs] 
2016-11-29T22:16:33.415+0100: 2,960: Total time for which application threads were stopped: 0,0033401 seconds, Stopping threads took: 0,0000464 seconds
2016-11-29T22:16:33.415+0100: 2,960: [CMS-concurrent-mark-start]
2016-11-29T22:16:33.418+0100: 2,962: [CMS-concurrent-mark: 0,003/0,003 secs] [Times: user=0,01 sys=0,00, real=0,00 secs] 
2016-11-29T22:16:33.418+0100: 2,962: [CMS-concurrent-preclean-start]
2016-11-29T22:16:33.419+0100: 2,964: [CMS-concurrent-preclean: 0,001/0,001 secs] [Times: user=0,00 sys=0,00, real=0,00 secs] 
2016-11-29T22:16:33.420+0100: 2,964: [GC (CMS Final Remark) [YG occupancy: 15414 K (109248 K)]{Heap before GC invocations=3 (full 1):
 par new generation   total 109248K, used 15414K [0x00000000e0000000, 0x00000000e8000000, 0x00000000e8000000)
  eden space 87424K,   1% used [0x00000000e0000000, 0x00000000e01a2028, 0x00000000e5560000)
  from space 21824K,  62% used [0x00000000e6ab0000, 0x00000000e781b810, 0x00000000e8000000)
  to   space 21824K,   0% used [0x00000000e5560000, 0x00000000e5560000, 0x00000000e6ab0000)
 concurrent mark-sweep generation total 393216K, used 0K [0x00000000e8000000, 0x0000000100000000, 0x0000000100000000)
 Metaspace       used 24805K, capacity 25288K, committed 25536K, reserved 1071104K
  class space    used 2894K, capacity 3025K, committed 3092K, reserved 1048576K
2016-11-29T22:16:33.420+0100: 2,964: [GC (CMS Final Remark) 2016-11-29T22:16:33.420+0100: 2,964: [ParNew
Desired survivor size 20112992 bytes, new threshold 8 (max 8)
- age   1:    1712144 bytes,    1712144 total
- age   2:    1315192 bytes,    3027336 total
- age   3:     582840 bytes,    3610176 total
- age   4:    6040624 bytes,    9650800 total
: 15414K->14193K(109248K), 0,0179582 secs] 15414K->14193K(502464K), 0,0180037 secs] [Times: user=0,07 sys=0,01, real=0,02 secs] 
Heap after GC invocations=4 (full 1):
 par new generation   total 109248K, used 14193K [0x00000000e0000000, 0x00000000e8000000, 0x00000000e8000000)
  eden space 87424K,   0% used [0x00000000e0000000, 0x00000000e0000000, 0x00000000e5560000)
  from space 21824K,  65% used [0x00000000e5560000, 0x00000000e633c760, 0x00000000e6ab0000)
  to   space 21824K,   0% used [0x00000000e6ab0000, 0x00000000e6ab0000, 0x00000000e8000000)
 concurrent mark-sweep generation total 393216K, used 0K [0x00000000e8000000, 0x0000000100000000, 0x0000000100000000)
 Metaspace       used 24805K, capacity 25288K, committed 25536K, reserved 1071104K
  class space    used 2894K, capacity 3025K, committed 3092K, reserved 1048576K
}
2016-11-29T22:16:33.438+0100: 2,982: [Rescan (parallel) , 0,0044372 secs]2016-11-29T22:16:33.442+0100: 2,986: [weak refs processing, 0,0016367 secs]2016-11-29T22:16:33.444+0100: 2,988: [class unloading, 0,0032325 secs]2016-11-29T22:16:33.447+0100: 2,991: [scrub symbol table, 0,0046416 secs]2016-11-29T22:16:33.452+0100: 2,996: [scrub string table, 0,0004247 secs][1 CMS-remark: 0K(393216K)] 14193K(502464K), 0,0330815 secs] [Times: user=0,10 sys=0,01, real=0,03 secs] 
2016-11-29T22:16:33.453+0100: 2,997: Total time for which application threads were stopped: 0,0332022 seconds, Stopping threads took: 0,0000401 seconds
2016-11-29T22:16:33.454+0100: 2,999: [CMS-concurrent-sweep-start]
2016-11-29T22:16:33.455+0100: 2,999: [CMS-concurrent-sweep: 0,000/0,000 secs] [Times: user=0,00 sys=0,00, real=0,00 secs] 
2016-11-29T22:16:33.455+0100: 2,999: [CMS-concurrent-reset-start]
2016-11-29T22:16:33.457+0100: 3,001: [CMS-concurrent-reset: 0,002/0,002 secs] [Times: user=0,00 sys=0,00, real=0,00 secs] 
2016-11-29T22:16:33.510+0100: 3,054: Total time for which application threads were stopped: 0,0003702 seconds, Stopping threads took: 0,0000287 seconds
2016-11-29T22:16:33.524+0100: 3,068: Total time for which application threads were stopped: 0,0003717 seconds, Stopping threads took: 0,0000247 seconds
2016-11-29T22:16:34.516+0100: 4,060: Total time for which application threads were stopped: 0,0002979 seconds, Stopping threads took: 0,0000175 seconds
2016-11-29T22:17:01.519+0100: 31,064: Total time for which application threads were stopped: 0,0000708 seconds, Stopping threads took: 0,0000315 seconds
2016-11-29T22:19:12.537+0100: 162,081: Total time for which application threads were stopped: 0,0004874 seconds, Stopping threads took: 0,0002597 seconds
2016-11-29T22:19:17.537+0100: 167,082: Total time for which application threads were stopped: 0,0000581 seconds, Stopping threads took: 0,0000180 seconds
2016-11-29T22:19:31.539+0100: 181,083: Total time for which application threads were stopped: 0,0000699 seconds, Stopping threads took: 0,0000198 seconds
2016-11-29T22:20:27.545+0100: 237,089: Total time for which application threads were stopped: 0,0000907 seconds, Stopping threads took: 0,0000421 seconds
2016-11-29T22:20:56.549+0100: 266,093: Total time for which application threads were stopped: 0,0000832 seconds, Stopping threads took: 0,0000363 seconds
2016-11-29T22:21:01.549+0100: 271,094: Total time for which application threads were stopped: 0,0000719 seconds, Stopping threads took: 0,0000193 seconds
2016-11-29T22:21:06.550+0100: 276,094: Total time for which application threads were stopped: 0,0000624 seconds, Stopping threads took: 0,0000156 seconds
2016-11-29T22:21:12.551+0100: 282,095: Total time for which application threads were stopped: 0,0003212 seconds, Stopping threads took: 0,0001408 seconds
2016-11-29T22:21:17.552+0100: 287,096: Total time for which application threads were stopped: 0,0000653 seconds, Stopping threads took: 0,0000159 seconds
2016-11-29T22:21:52.555+0100: 322,100: Total time for which application threads were stopped: 0,0000817 seconds, Stopping threads took: 0,0000355 seconds
2016-11-29T22:24:32.572+0100: 482,117: Total time for which application threads were stopped: 0,0001190 seconds, Stopping threads took: 0,0000422 seconds
2016-11-29T22:40:11.673+0100: 1421,218: Total time for which application threads were stopped: 0,0001623 seconds, Stopping threads took: 0,0000583 seconds
2016-11-29T22:43:41.708+0100: 1631,252: Total time for which application threads were stopped: 0,0000794 seconds, Stopping threads took: 0,0000331 seconds
2016-11-29T22:55:11.793+0100: 2321,337: Total time for which application threads were stopped: 0,0001083 seconds, Stopping threads took: 0,0000403 seconds
2016-11-29T22:55:16.794+0100: 2326,338: Total time for which application threads were stopped: 0,0002383 seconds, Stopping threads took: 0,0000671 seconds
2016-11-29T22:57:41.810+0100: 2471,355: Total time for which application threads were stopped: 0,0001150 seconds, Stopping threads took: 0,0000473 seconds
2016-11-29T23:09:46.880+0100: 3196,424: Total time for which application threads were stopped: 0,0001141 seconds, Stopping threads took: 0,0000479 seconds
2016-11-29T23:21:41.946+0100: 3911,490: Total time for which application threads were stopped: 0,0001255 seconds, Stopping threads took: 0,0000568 seconds
2016-11-29T23:23:31.956+0100: 4021,500: Total time for which application threads were stopped: 0,0003583 seconds, Stopping threads took: 0,0001575 seconds
2016-11-30T00:00:32.163+0100: 6241,708: Total time for which application threads were stopped: 0,0000708 seconds, Stopping threads took: 0,0000293 seconds
2016-11-30T00:01:37.170+0100: 6306,714: Total time for which application threads were stopped: 0,0000720 seconds, Stopping threads took: 0,0000280 seconds
2016-11-30T00:22:02.280+0100: 7531,825: Total time for which application threads were stopped: 0,0001347 seconds, Stopping threads took: 0,0000594 seconds
2016-11-30T00:22:32.283+0100: 7561,827: Total time for which application threads were stopped: 0,0000724 seconds, Stopping threads took: 0,0000310 seconds
2016-11-30T00:24:32.293+0100: 7681,838: Total time for which application threads were stopped: 0,0000754 seconds, Stopping threads took: 0,0000306 seconds
2016-11-30T00:44:34.328+0100: 8883,872: Total time for which application threads were stopped: 0,0001297 seconds, Stopping threads took: 0,0000256 seconds
Heap
 par new generation   total 109248K, used 56699K [0x00000000e0000000, 0x00000000e8000000, 0x00000000e8000000)
  eden space 87424K,  48% used [0x00000000e0000000, 0x00000000e2982820, 0x00000000e5560000)
  from space 21824K,  65% used [0x00000000e5560000, 0x00000000e633c760, 0x00000000e6ab0000)
  to   space 21824K,   0% used [0x00000000e6ab0000, 0x00000000e6ab0000, 0x00000000e8000000)
 concurrent mark-sweep generation total 393216K, used 0K [0x00000000e8000000, 0x0000000100000000, 0x0000000100000000)
 Metaspace       used 27180K, capacity 27598K, committed 27924K, reserved 1073152K
  class space    used 3160K, capacity 3320K, committed 3348K, reserved 1048576K
