OpenJDK 64-Bit Server VM (25.111-b14) for linux-amd64 JRE (1.8.0_111-8u111-b14-2ubuntu0.16.04.2-b14), built on Oct 27 2016 18:10:19 by "buildd" with gcc 5.4.0 20160609
Memory: 4k page, physical 7867804k(7519908k free), swap 8076284k(8076284k free)
CommandLine flags: -XX:CMSInitiatingOccupancyFraction=50 -XX:CMSMaxAbortablePrecleanTime=6000 -XX:+CMSParallelRemarkEnabled -XX:+CMSScavengeBeforeRemark -XX:ConcGCThreads=4 -XX:InitialHeapSize=536870912 -XX:MaxHeapSize=536870912 -XX:MaxTenuringThreshold=8 -XX:NewRatio=3 -XX:OldPLABSize=16 -XX:OnOutOfMemoryError=/opt/solr/bin/oom_solr.sh 8983 /var/solr/logs -XX:ParallelGCThreads=4 -XX:+ParallelRefProcEnabled -XX:PretenureSizeThreshold=67108864 -XX:+PrintGC -XX:+PrintGCApplicationStoppedTime -XX:+PrintGCDateStamps -XX:+PrintGCDetails -XX:+PrintGCTimeStamps -XX:+PrintHeapAtGC -XX:+PrintTenuringDistribution -XX:SurvivorRatio=4 -XX:TargetSurvivorRatio=90 -XX:ThreadStackSize=256 -XX:+UseCMSInitiatingOccupancyOnly -XX:+UseCompressedClassPointers -XX:+UseCompressedOops -XX:+UseConcMarkSweepGC -XX:+UseParNewGC 
2016-12-29T14:20:35.437+0100: 0,119: Total time for which application threads were stopped: 0,0000661 seconds, Stopping threads took: 0,0000137 seconds
2016-12-29T14:20:35.517+0100: 0,198: Total time for which application threads were stopped: 0,0001071 seconds, Stopping threads took: 0,0000141 seconds
2016-12-29T14:20:35.527+0100: 0,208: Total time for which application threads were stopped: 0,0000739 seconds, Stopping threads took: 0,0000115 seconds
2016-12-29T14:20:35.726+0100: 0,407: Total time for which application threads were stopped: 0,0001172 seconds, Stopping threads took: 0,0000102 seconds
2016-12-29T14:20:36.159+0100: 0,840: Total time for which application threads were stopped: 0,0001562 seconds, Stopping threads took: 0,0000120 seconds
2016-12-29T14:20:36.278+0100: 0,960: Total time for which application threads were stopped: 0,0002181 seconds, Stopping threads took: 0,0000349 seconds
2016-12-29T14:20:36.335+0100: 1,017: Total time for which application threads were stopped: 0,0002155 seconds, Stopping threads took: 0,0000263 seconds
2016-12-29T14:20:36.730+0100: 1,412: Total time for which application threads were stopped: 0,0001644 seconds, Stopping threads took: 0,0000152 seconds
2016-12-29T14:20:36.943+0100: 1,624: Total time for which application threads were stopped: 0,0003488 seconds, Stopping threads took: 0,0000252 seconds
2016-12-29T14:20:36.972+0100: 1,653: Total time for which application threads were stopped: 0,0010501 seconds, Stopping threads took: 0,0000205 seconds
2016-12-29T14:20:36.974+0100: 1,656: Total time for which application threads were stopped: 0,0007674 seconds, Stopping threads took: 0,0000514 seconds
2016-12-29T14:20:36.987+0100: 1,668: Total time for which application threads were stopped: 0,0001799 seconds, Stopping threads took: 0,0000159 seconds
2016-12-29T14:20:37.096+0100: 1,777: Total time for which application threads were stopped: 0,0002280 seconds, Stopping threads took: 0,0000199 seconds
2016-12-29T14:20:37.238+0100: 1,920: Total time for which application threads were stopped: 0,0002508 seconds, Stopping threads took: 0,0000195 seconds
{Heap before GC invocations=0 (full 0):
 par new generation   total 109248K, used 87424K [0x00000000e0000000, 0x00000000e8000000, 0x00000000e8000000)
  eden space 87424K, 100% used [0x00000000e0000000, 0x00000000e5560000, 0x00000000e5560000)
  from space 21824K,   0% used [0x00000000e5560000, 0x00000000e5560000, 0x00000000e6ab0000)
  to   space 21824K,   0% used [0x00000000e6ab0000, 0x00000000e6ab0000, 0x00000000e8000000)
 concurrent mark-sweep generation total 393216K, used 0K [0x00000000e8000000, 0x0000000100000000, 0x0000000100000000)
 Metaspace       used 18342K, capacity 18686K, committed 18944K, reserved 1067008K
  class space    used 2090K, capacity 2226K, committed 2304K, reserved 1048576K
2016-12-29T14:20:37.364+0100: 2,045: [GC (Allocation Failure) 2016-12-29T14:20:37.364+0100: 2,045: [ParNew
Desired survivor size 20112992 bytes, new threshold 8 (max 8)
- age   1:   12579040 bytes,   12579040 total
: 87424K->12403K(109248K), 0,0180038 secs] 87424K->12403K(502464K), 0,0180987 secs] [Times: user=0,06 sys=0,01, real=0,01 secs] 
Heap after GC invocations=1 (full 0):
 par new generation   total 109248K, used 12403K [0x00000000e0000000, 0x00000000e8000000, 0x00000000e8000000)
  eden space 87424K,   0% used [0x00000000e0000000, 0x00000000e0000000, 0x00000000e5560000)
  from space 21824K,  56% used [0x00000000e6ab0000, 0x00000000e76ccd28, 0x00000000e8000000)
  to   space 21824K,   0% used [0x00000000e5560000, 0x00000000e5560000, 0x00000000e6ab0000)
 concurrent mark-sweep generation total 393216K, used 0K [0x00000000e8000000, 0x0000000100000000, 0x0000000100000000)
 Metaspace       used 18342K, capacity 18686K, committed 18944K, reserved 1067008K
  class space    used 2090K, capacity 2226K, committed 2304K, reserved 1048576K
}
2016-12-29T14:20:37.382+0100: 2,063: Total time for which application threads were stopped: 0,0182830 seconds, Stopping threads took: 0,0000234 seconds
2016-12-29T14:20:37.542+0100: 2,224: Total time for which application threads were stopped: 0,0002980 seconds, Stopping threads took: 0,0000207 seconds
2016-12-29T14:20:37.572+0100: 2,254: Total time for which application threads were stopped: 0,0003647 seconds, Stopping threads took: 0,0000437 seconds
2016-12-29T14:20:37.599+0100: 2,281: Total time for which application threads were stopped: 0,0003251 seconds, Stopping threads took: 0,0000422 seconds
{Heap before GC invocations=1 (full 0):
 par new generation   total 109248K, used 99827K [0x00000000e0000000, 0x00000000e8000000, 0x00000000e8000000)
  eden space 87424K, 100% used [0x00000000e0000000, 0x00000000e5560000, 0x00000000e5560000)
  from space 21824K,  56% used [0x00000000e6ab0000, 0x00000000e76ccd28, 0x00000000e8000000)
  to   space 21824K,   0% used [0x00000000e5560000, 0x00000000e5560000, 0x00000000e6ab0000)
 concurrent mark-sweep generation total 393216K, used 0K [0x00000000e8000000, 0x0000000100000000, 0x0000000100000000)
 Metaspace       used 20729K, capacity 21020K, committed 21248K, reserved 1069056K
  class space    used 2403K, capacity 2518K, committed 2560K, reserved 1048576K
2016-12-29T14:20:37.762+0100: 2,444: [GC (Allocation Failure) 2016-12-29T14:20:37.762+0100: 2,444: [ParNew
Desired survivor size 20112992 bytes, new threshold 8 (max 8)
- age   1:    2675128 bytes,    2675128 total
- age   2:    6140808 bytes,    8815936 total
: 99827K->9521K(109248K), 0,0099596 secs] 99827K->9521K(502464K), 0,0100607 secs] [Times: user=0,03 sys=0,01, real=0,02 secs] 
Heap after GC invocations=2 (full 0):
 par new generation   total 109248K, used 9521K [0x00000000e0000000, 0x00000000e8000000, 0x00000000e8000000)
  eden space 87424K,   0% used [0x00000000e0000000, 0x00000000e0000000, 0x00000000e5560000)
  from space 21824K,  43% used [0x00000000e5560000, 0x00000000e5eac4d8, 0x00000000e6ab0000)
  to   space 21824K,   0% used [0x00000000e6ab0000, 0x00000000e6ab0000, 0x00000000e8000000)
 concurrent mark-sweep generation total 393216K, used 0K [0x00000000e8000000, 0x0000000100000000, 0x0000000100000000)
 Metaspace       used 20729K, capacity 21020K, committed 21248K, reserved 1069056K
  class space    used 2403K, capacity 2518K, committed 2560K, reserved 1048576K
}
2016-12-29T14:20:37.772+0100: 2,454: Total time for which application threads were stopped: 0,0103451 seconds, Stopping threads took: 0,0000416 seconds
2016-12-29T14:20:37.824+0100: 2,505: Total time for which application threads were stopped: 0,0001134 seconds, Stopping threads took: 0,0000236 seconds
2016-12-29T14:20:37.865+0100: 2,547: Total time for which application threads were stopped: 0,0000762 seconds, Stopping threads took: 0,0000137 seconds
2016-12-29T14:20:37.866+0100: 2,547: Total time for which application threads were stopped: 0,0002453 seconds, Stopping threads took: 0,0000099 seconds
2016-12-29T14:20:37.892+0100: 2,574: Total time for which application threads were stopped: 0,0000678 seconds, Stopping threads took: 0,0000123 seconds
2016-12-29T14:20:37.976+0100: 2,658: Total time for which application threads were stopped: 0,0001099 seconds, Stopping threads took: 0,0000226 seconds
2016-12-29T14:20:37.993+0100: 2,675: Total time for which application threads were stopped: 0,0000816 seconds, Stopping threads took: 0,0000198 seconds
2016-12-29T14:20:38.000+0100: 2,682: Total time for which application threads were stopped: 0,0002754 seconds, Stopping threads took: 0,0000196 seconds
2016-12-29T14:20:38.006+0100: 2,688: Total time for which application threads were stopped: 0,0000795 seconds, Stopping threads took: 0,0000125 seconds
2016-12-29T14:20:38.007+0100: 2,689: Total time for which application threads were stopped: 0,0002503 seconds, Stopping threads took: 0,0000085 seconds
2016-12-29T14:20:38.046+0100: 2,728: Total time for which application threads were stopped: 0,0000863 seconds, Stopping threads took: 0,0000202 seconds
2016-12-29T14:20:38.063+0100: 2,745: Total time for which application threads were stopped: 0,0001027 seconds, Stopping threads took: 0,0000283 seconds
2016-12-29T14:20:38.082+0100: 2,763: Total time for which application threads were stopped: 0,0000903 seconds, Stopping threads took: 0,0000270 seconds
2016-12-29T14:20:38.098+0100: 2,780: Total time for which application threads were stopped: 0,0000822 seconds, Stopping threads took: 0,0000220 seconds
2016-12-29T14:20:38.122+0100: 2,803: Total time for which application threads were stopped: 0,0000837 seconds, Stopping threads took: 0,0000135 seconds
2016-12-29T14:20:38.181+0100: 2,862: Total time for which application threads were stopped: 0,0001103 seconds, Stopping threads took: 0,0000326 seconds
2016-12-29T14:20:38.206+0100: 2,888: Total time for which application threads were stopped: 0,0001393 seconds, Stopping threads took: 0,0000433 seconds
{Heap before GC invocations=2 (full 0):
 par new generation   total 109248K, used 96945K [0x00000000e0000000, 0x00000000e8000000, 0x00000000e8000000)
  eden space 87424K, 100% used [0x00000000e0000000, 0x00000000e5560000, 0x00000000e5560000)
  from space 21824K,  43% used [0x00000000e5560000, 0x00000000e5eac4d8, 0x00000000e6ab0000)
  to   space 21824K,   0% used [0x00000000e6ab0000, 0x00000000e6ab0000, 0x00000000e8000000)
 concurrent mark-sweep generation total 393216K, used 0K [0x00000000e8000000, 0x0000000100000000, 0x0000000100000000)
 Metaspace       used 24851K, capacity 25284K, committed 25536K, reserved 1071104K
  class space    used 2895K, capacity 3024K, committed 3144K, reserved 1048576K
2016-12-29T14:20:38.241+0100: 2,922: [GC (Allocation Failure) 2016-12-29T14:20:38.241+0100: 2,922: [ParNew
Desired survivor size 20112992 bytes, new threshold 8 (max 8)
- age   1:    6687032 bytes,    6687032 total
- age   2:     513600 bytes,    7200632 total
- age   3:    6123984 bytes,   13324616 total
: 96945K->18810K(109248K), 0,0127180 secs] 96945K->18810K(502464K), 0,0128197 secs] [Times: user=0,04 sys=0,00, real=0,02 secs] 
Heap after GC invocations=3 (full 0):
 par new generation   total 109248K, used 18810K [0x00000000e0000000, 0x00000000e8000000, 0x00000000e8000000)
  eden space 87424K,   0% used [0x00000000e0000000, 0x00000000e0000000, 0x00000000e5560000)
  from space 21824K,  86% used [0x00000000e6ab0000, 0x00000000e7d0e800, 0x00000000e8000000)
  to   space 21824K,   0% used [0x00000000e5560000, 0x00000000e5560000, 0x00000000e6ab0000)
 concurrent mark-sweep generation total 393216K, used 0K [0x00000000e8000000, 0x0000000100000000, 0x0000000100000000)
 Metaspace       used 24851K, capacity 25284K, committed 25536K, reserved 1071104K
  class space    used 2895K, capacity 3024K, committed 3144K, reserved 1048576K
}
2016-12-29T14:20:38.254+0100: 2,935: Total time for which application threads were stopped: 0,0130432 seconds, Stopping threads took: 0,0000654 seconds
2016-12-29T14:20:38.256+0100: 2,937: [GC (CMS Initial Mark) [1 CMS-initial-mark: 0K(393216K)] 20578K(502464K), 0,0040153 secs] [Times: user=0,01 sys=0,00, real=0,00 secs] 
2016-12-29T14:20:38.260+0100: 2,941: Total time for which application threads were stopped: 0,0041396 seconds, Stopping threads took: 0,0000511 seconds
2016-12-29T14:20:38.260+0100: 2,941: [CMS-concurrent-mark-start]
2016-12-29T14:20:38.260+0100: 2,942: [CMS-concurrent-mark: 0,000/0,000 secs] [Times: user=0,00 sys=0,00, real=0,00 secs] 
2016-12-29T14:20:38.260+0100: 2,942: [CMS-concurrent-preclean-start]
2016-12-29T14:20:38.261+0100: 2,943: [CMS-concurrent-preclean: 0,001/0,001 secs] [Times: user=0,00 sys=0,00, real=0,00 secs] 
2016-12-29T14:20:38.262+0100: 2,943: [GC (CMS Final Remark) [YG occupancy: 20578 K (109248 K)]{Heap before GC invocations=3 (full 1):
 par new generation   total 109248K, used 20578K [0x00000000e0000000, 0x00000000e8000000, 0x00000000e8000000)
  eden space 87424K,   2% used [0x00000000e0000000, 0x00000000e01ba2d8, 0x00000000e5560000)
  from space 21824K,  86% used [0x00000000e6ab0000, 0x00000000e7d0e800, 0x00000000e8000000)
  to   space 21824K,   0% used [0x00000000e5560000, 0x00000000e5560000, 0x00000000e6ab0000)
 concurrent mark-sweep generation total 393216K, used 0K [0x00000000e8000000, 0x0000000100000000, 0x0000000100000000)
 Metaspace       used 24881K, capacity 25284K, committed 25536K, reserved 1071104K
  class space    used 2896K, capacity 3024K, committed 3144K, reserved 1048576K
2016-12-29T14:20:38.262+0100: 2,943: [GC (CMS Final Remark) 2016-12-29T14:20:38.262+0100: 2,943: [ParNew
Desired survivor size 20112992 bytes, new threshold 8 (max 8)
- age   1:      17656 bytes,      17656 total
- age   2:    3217768 bytes,    3235424 total
- age   3:     513576 bytes,    3749000 total
- age   4:    6121976 bytes,    9870976 total
: 20578K->13937K(109248K), 0,0094358 secs] 20578K->13937K(502464K), 0,0094725 secs] [Times: user=0,04 sys=0,00, real=0,02 secs] 
Heap after GC invocations=4 (full 1):
 par new generation   total 109248K, used 13937K [0x00000000e0000000, 0x00000000e8000000, 0x00000000e8000000)
  eden space 87424K,   0% used [0x00000000e0000000, 0x00000000e0000000, 0x00000000e5560000)
  from space 21824K,  63% used [0x00000000e5560000, 0x00000000e62fc780, 0x00000000e6ab0000)
  to   space 21824K,   0% used [0x00000000e6ab0000, 0x00000000e6ab0000, 0x00000000e8000000)
 concurrent mark-sweep generation total 393216K, used 0K [0x00000000e8000000, 0x0000000100000000, 0x0000000100000000)
 Metaspace       used 24881K, capacity 25284K, committed 25536K, reserved 1071104K
  class space    used 2896K, capacity 3024K, committed 3144K, reserved 1048576K
}
2016-12-29T14:20:38.271+0100: 2,953: [Rescan (parallel) , 0,0033647 secs]2016-12-29T14:20:38.275+0100: 2,956: [weak refs processing, 0,0005063 secs]2016-12-29T14:20:38.275+0100: 2,956: [class unloading, 0,0031713 secs]2016-12-29T14:20:38.278+0100: 2,960: [scrub symbol table, 0,0038134 secs]2016-12-29T14:20:38.282+0100: 2,963: [scrub string table, 0,0004200 secs][1 CMS-remark: 0K(393216K)] 13937K(502464K), 0,0214788 secs] [Times: user=0,06 sys=0,00, real=0,03 secs] 
2016-12-29T14:20:38.283+0100: 2,965: Total time for which application threads were stopped: 0,0216450 seconds, Stopping threads took: 0,0000953 seconds
2016-12-29T14:20:38.283+0100: 2,965: [CMS-concurrent-sweep-start]
2016-12-29T14:20:38.283+0100: 2,965: [CMS-concurrent-sweep: 0,000/0,000 secs] [Times: user=0,00 sys=0,00, real=0,00 secs] 
2016-12-29T14:20:38.283+0100: 2,965: [CMS-concurrent-reset-start]
2016-12-29T14:20:38.285+0100: 2,966: [CMS-concurrent-reset: 0,002/0,002 secs] [Times: user=0,01 sys=0,00, real=0,00 secs] 
2016-12-29T14:20:38.338+0100: 3,019: Total time for which application threads were stopped: 0,0003801 seconds, Stopping threads took: 0,0000246 seconds
2016-12-29T14:20:39.338+0100: 4,019: Total time for which application threads were stopped: 0,0001001 seconds, Stopping threads took: 0,0000201 seconds
2016-12-29T14:20:39.368+0100: 4,050: Total time for which application threads were stopped: 0,0002661 seconds, Stopping threads took: 0,0000165 seconds
2016-12-29T14:23:17.388+0100: 162,069: Total time for which application threads were stopped: 0,0003236 seconds, Stopping threads took: 0,0001531 seconds
2016-12-29T14:23:22.389+0100: 167,070: Total time for which application threads were stopped: 0,0000650 seconds, Stopping threads took: 0,0000186 seconds
2016-12-29T14:24:17.397+0100: 222,078: Total time for which application threads were stopped: 0,0001661 seconds, Stopping threads took: 0,0000666 seconds
2016-12-29T14:25:22.407+0100: 287,089: Total time for which application threads were stopped: 0,0001722 seconds, Stopping threads took: 0,0000723 seconds
2016-12-29T14:44:16.588+0100: 1421,270: Total time for which application threads were stopped: 0,0001622 seconds, Stopping threads took: 0,0000614 seconds
2016-12-29T14:48:02.623+0100: 1647,304: Total time for which application threads were stopped: 0,0000780 seconds, Stopping threads took: 0,0000315 seconds
2016-12-29T14:49:01.633+0100: 1706,314: Total time for which application threads were stopped: 0,0001576 seconds, Stopping threads took: 0,0000601 seconds
2016-12-29T14:49:42.134+0100: 1746,815: Total time for which application threads were stopped: 0,0001633 seconds, Stopping threads took: 0,0000336 seconds
Heap
 par new generation   total 109248K, used 59601K [0x00000000e0000000, 0x00000000e8000000, 0x00000000e8000000)
  eden space 87424K,  52% used [0x00000000e0000000, 0x00000000e2c97fd8, 0x00000000e5560000)
  from space 21824K,  63% used [0x00000000e5560000, 0x00000000e62fc780, 0x00000000e6ab0000)
  to   space 21824K,   0% used [0x00000000e6ab0000, 0x00000000e6ab0000, 0x00000000e8000000)
 concurrent mark-sweep generation total 393216K, used 0K [0x00000000e8000000, 0x0000000100000000, 0x0000000100000000)
 Metaspace       used 27257K, capacity 27728K, committed 27972K, reserved 1073152K
  class space    used 3166K, capacity 3320K, committed 3400K, reserved 1048576K
