OpenJDK 64-Bit Server VM (25.131-b11) for linux-amd64 JRE (1.8.0_131-8u131-b11-0ubuntu1.16.04.2-b11), built on May  6 2017 02:45:27 by "buildd" with gcc 5.4.0 20160609
Memory: 4k page, physical 7867740k(7404864k free), swap 8076284k(8076284k free)
CommandLine flags: -XX:CMSInitiatingOccupancyFraction=50 -XX:CMSMaxAbortablePrecleanTime=6000 -XX:+CMSParallelRemarkEnabled -XX:+CMSScavengeBeforeRemark -XX:ConcGCThreads=4 -XX:InitialHeapSize=536870912 -XX:MaxHeapSize=536870912 -XX:MaxTenuringThreshold=8 -XX:NewRatio=3 -XX:OldPLABSize=16 -XX:OnOutOfMemoryError=/opt/solr/bin/oom_solr.sh 8983 /var/solr/logs -XX:ParallelGCThreads=4 -XX:+ParallelRefProcEnabled -XX:PretenureSizeThreshold=67108864 -XX:+PrintGC -XX:+PrintGCApplicationStoppedTime -XX:+PrintGCDateStamps -XX:+PrintGCDetails -XX:+PrintGCTimeStamps -XX:+PrintHeapAtGC -XX:+PrintTenuringDistribution -XX:SurvivorRatio=4 -XX:TargetSurvivorRatio=90 -XX:ThreadStackSize=256 -XX:+UseCMSInitiatingOccupancyOnly -XX:+UseCompressedClassPointers -XX:+UseCompressedOops -XX:+UseConcMarkSweepGC -XX:+UseParNewGC 
2017-06-02T06:06:39.840+0200: 0,154: Total time for which application threads were stopped: 0,0000695 seconds, Stopping threads took: 0,0000127 seconds
2017-06-02T06:06:39.926+0200: 0,240: Total time for which application threads were stopped: 0,0001463 seconds, Stopping threads took: 0,0000422 seconds
2017-06-02T06:06:39.944+0200: 0,258: Total time for which application threads were stopped: 0,0000940 seconds, Stopping threads took: 0,0000128 seconds
2017-06-02T06:06:40.161+0200: 0,475: Total time for which application threads were stopped: 0,0001146 seconds, Stopping threads took: 0,0000097 seconds
2017-06-02T06:06:40.536+0200: 0,850: Total time for which application threads were stopped: 0,0001516 seconds, Stopping threads took: 0,0000148 seconds
2017-06-02T06:06:40.647+0200: 0,962: Total time for which application threads were stopped: 0,0001792 seconds, Stopping threads took: 0,0000276 seconds
2017-06-02T06:06:40.757+0200: 1,071: Total time for which application threads were stopped: 0,0001749 seconds, Stopping threads took: 0,0000248 seconds
2017-06-02T06:06:41.158+0200: 1,472: Total time for which application threads were stopped: 0,0002507 seconds, Stopping threads took: 0,0000264 seconds
2017-06-02T06:06:41.398+0200: 1,712: Total time for which application threads were stopped: 0,0002007 seconds, Stopping threads took: 0,0000178 seconds
2017-06-02T06:06:41.426+0200: 1,741: Total time for which application threads were stopped: 0,0001591 seconds, Stopping threads took: 0,0000138 seconds
2017-06-02T06:06:41.458+0200: 1,772: Total time for which application threads were stopped: 0,0002134 seconds, Stopping threads took: 0,0000195 seconds
2017-06-02T06:06:41.459+0200: 1,773: Total time for which application threads were stopped: 0,0001913 seconds, Stopping threads took: 0,0000168 seconds
2017-06-02T06:06:41.477+0200: 1,791: Total time for which application threads were stopped: 0,0001620 seconds, Stopping threads took: 0,0000178 seconds
2017-06-02T06:06:41.543+0200: 1,858: Total time for which application threads were stopped: 0,0002447 seconds, Stopping threads took: 0,0000256 seconds
2017-06-02T06:06:41.701+0200: 2,015: Total time for which application threads were stopped: 0,0002849 seconds, Stopping threads took: 0,0000553 seconds
{Heap before GC invocations=0 (full 0):
 par new generation   total 109248K, used 87424K [0x00000000e0000000, 0x00000000e8000000, 0x00000000e8000000)
  eden space 87424K, 100% used [0x00000000e0000000, 0x00000000e5560000, 0x00000000e5560000)
  from space 21824K,   0% used [0x00000000e5560000, 0x00000000e5560000, 0x00000000e6ab0000)
  to   space 21824K,   0% used [0x00000000e6ab0000, 0x00000000e6ab0000, 0x00000000e8000000)
 concurrent mark-sweep generation total 393216K, used 0K [0x00000000e8000000, 0x0000000100000000, 0x0000000100000000)
 Metaspace       used 18017K, capacity 18336K, committed 18688K, reserved 1064960K
  class space    used 2036K, capacity 2196K, committed 2304K, reserved 1048576K
2017-06-02T06:06:41.802+0200: 2,116: [GC (Allocation Failure) 2017-06-02T06:06:41.802+0200: 2,116: [ParNew
Desired survivor size 20112992 bytes, new threshold 8 (max 8)
- age   1:   12544928 bytes,   12544928 total
: 87424K->12363K(109248K), 0,0163099 secs] 87424K->12363K(502464K), 0,0163778 secs] [Times: user=0,04 sys=0,02, real=0,01 secs] 
Heap after GC invocations=1 (full 0):
 par new generation   total 109248K, used 12363K [0x00000000e0000000, 0x00000000e8000000, 0x00000000e8000000)
  eden space 87424K,   0% used [0x00000000e0000000, 0x00000000e0000000, 0x00000000e5560000)
  from space 21824K,  56% used [0x00000000e6ab0000, 0x00000000e76c2eb0, 0x00000000e8000000)
  to   space 21824K,   0% used [0x00000000e5560000, 0x00000000e5560000, 0x00000000e6ab0000)
 concurrent mark-sweep generation total 393216K, used 0K [0x00000000e8000000, 0x0000000100000000, 0x0000000100000000)
 Metaspace       used 18017K, capacity 18336K, committed 18688K, reserved 1064960K
  class space    used 2036K, capacity 2196K, committed 2304K, reserved 1048576K
}
2017-06-02T06:06:41.818+0200: 2,132: Total time for which application threads were stopped: 0,0190428 seconds, Stopping threads took: 0,0024818 seconds
2017-06-02T06:06:42.130+0200: 2,444: Total time for which application threads were stopped: 0,0003965 seconds, Stopping threads took: 0,0000758 seconds
{Heap before GC invocations=1 (full 0):
 par new generation   total 109248K, used 99787K [0x00000000e0000000, 0x00000000e8000000, 0x00000000e8000000)
  eden space 87424K, 100% used [0x00000000e0000000, 0x00000000e5560000, 0x00000000e5560000)
  from space 21824K,  56% used [0x00000000e6ab0000, 0x00000000e76c2eb0, 0x00000000e8000000)
  to   space 21824K,   0% used [0x00000000e5560000, 0x00000000e5560000, 0x00000000e6ab0000)
 concurrent mark-sweep generation total 393216K, used 0K [0x00000000e8000000, 0x0000000100000000, 0x0000000100000000)
 Metaspace       used 20060K, capacity 20374K, committed 20736K, reserved 1067008K
  class space    used 2297K, capacity 2473K, committed 2560K, reserved 1048576K
2017-06-02T06:06:42.186+0200: 2,500: [GC (Allocation Failure) 2017-06-02T06:06:42.186+0200: 2,500: [ParNew
Desired survivor size 20112992 bytes, new threshold 8 (max 8)
- age   1:    3841496 bytes,    3841496 total
- age   2:    6649568 bytes,   10491064 total
: 99787K->15692K(109248K), 0,0151358 secs] 99787K->15692K(502464K), 0,0152133 secs] [Times: user=0,05 sys=0,00, real=0,01 secs] 
Heap after GC invocations=2 (full 0):
 par new generation   total 109248K, used 15692K [0x00000000e0000000, 0x00000000e8000000, 0x00000000e8000000)
  eden space 87424K,   0% used [0x00000000e0000000, 0x00000000e0000000, 0x00000000e5560000)
  from space 21824K,  71% used [0x00000000e5560000, 0x00000000e64b3200, 0x00000000e6ab0000)
  to   space 21824K,   0% used [0x00000000e6ab0000, 0x00000000e6ab0000, 0x00000000e8000000)
 concurrent mark-sweep generation total 393216K, used 0K [0x00000000e8000000, 0x0000000100000000, 0x0000000100000000)
 Metaspace       used 20060K, capacity 20374K, committed 20736K, reserved 1067008K
  class space    used 2297K, capacity 2473K, committed 2560K, reserved 1048576K
}
2017-06-02T06:06:42.201+0200: 2,515: Total time for which application threads were stopped: 0,0188004 seconds, Stopping threads took: 0,0034361 seconds
2017-06-02T06:06:42.204+0200: 2,518: Total time for which application threads were stopped: 0,0003246 seconds, Stopping threads took: 0,0000467 seconds
2017-06-02T06:06:42.240+0200: 2,554: Total time for which application threads were stopped: 0,0003208 seconds, Stopping threads took: 0,0000596 seconds
2017-06-02T06:06:42.375+0200: 2,689: Total time for which application threads were stopped: 0,0001771 seconds, Stopping threads took: 0,0000433 seconds
{Heap before GC invocations=2 (full 0):
 par new generation   total 109248K, used 103116K [0x00000000e0000000, 0x00000000e8000000, 0x00000000e8000000)
  eden space 87424K, 100% used [0x00000000e0000000, 0x00000000e5560000, 0x00000000e5560000)
  from space 21824K,  71% used [0x00000000e5560000, 0x00000000e64b3200, 0x00000000e6ab0000)
  to   space 21824K,   0% used [0x00000000e6ab0000, 0x00000000e6ab0000, 0x00000000e8000000)
 concurrent mark-sweep generation total 393216K, used 0K [0x00000000e8000000, 0x0000000100000000, 0x0000000100000000)
 Metaspace       used 21006K, capacity 21360K, committed 21628K, reserved 1069056K
  class space    used 2420K, capacity 2592K, committed 2684K, reserved 1048576K
2017-06-02T06:06:42.418+0200: 2,732: [GC (Allocation Failure) 2017-06-02T06:06:42.418+0200: 2,732: [ParNew
Desired survivor size 20112992 bytes, new threshold 8 (max 8)
- age   1:    2241248 bytes,    2241248 total
- age   2:     871048 bytes,    3112296 total
- age   3:    6645656 bytes,    9757952 total
: 103116K->11307K(109248K), 0,0169586 secs] 103116K->11307K(502464K), 0,0170576 secs] [Times: user=0,05 sys=0,00, real=0,02 secs] 
Heap after GC invocations=3 (full 0):
 par new generation   total 109248K, used 11307K [0x00000000e0000000, 0x00000000e8000000, 0x00000000e8000000)
  eden space 87424K,   0% used [0x00000000e0000000, 0x00000000e0000000, 0x00000000e5560000)
  from space 21824K,  51% used [0x00000000e6ab0000, 0x00000000e75bac20, 0x00000000e8000000)
  to   space 21824K,   0% used [0x00000000e5560000, 0x00000000e5560000, 0x00000000e6ab0000)
 concurrent mark-sweep generation total 393216K, used 0K [0x00000000e8000000, 0x0000000100000000, 0x0000000100000000)
 Metaspace       used 21006K, capacity 21360K, committed 21628K, reserved 1069056K
  class space    used 2420K, capacity 2592K, committed 2684K, reserved 1048576K
}
2017-06-02T06:06:42.435+0200: 2,749: Total time for which application threads were stopped: 0,0173661 seconds, Stopping threads took: 0,0001132 seconds
2017-06-02T06:06:42.442+0200: 2,756: [GC (CMS Initial Mark) [1 CMS-initial-mark: 0K(393216K)] 16985K(502464K), 0,0056877 secs] [Times: user=0,02 sys=0,00, real=0,00 secs] 
2017-06-02T06:06:42.448+0200: 2,762: Total time for which application threads were stopped: 0,0058713 seconds, Stopping threads took: 0,0000691 seconds
2017-06-02T06:06:42.448+0200: 2,762: [CMS-concurrent-mark-start]
2017-06-02T06:06:42.450+0200: 2,764: [CMS-concurrent-mark: 0,002/0,002 secs] [Times: user=0,00 sys=0,00, real=0,01 secs] 
2017-06-02T06:06:42.450+0200: 2,764: [CMS-concurrent-preclean-start]
2017-06-02T06:06:42.451+0200: 2,765: [CMS-concurrent-preclean: 0,001/0,001 secs] [Times: user=0,01 sys=0,00, real=0,00 secs] 
2017-06-02T06:06:42.451+0200: 2,765: [CMS-concurrent-abortable-preclean-start]
2017-06-02T06:06:42.507+0200: 2,821: Total time for which application threads were stopped: 0,0017465 seconds, Stopping threads took: 0,0016688 seconds
{Heap before GC invocations=3 (full 1):
 par new generation   total 109248K, used 98731K [0x00000000e0000000, 0x00000000e8000000, 0x00000000e8000000)
  eden space 87424K, 100% used [0x00000000e0000000, 0x00000000e5560000, 0x00000000e5560000)
  from space 21824K,  51% used [0x00000000e6ab0000, 0x00000000e75bac20, 0x00000000e8000000)
  to   space 21824K,   0% used [0x00000000e5560000, 0x00000000e5560000, 0x00000000e6ab0000)
 concurrent mark-sweep generation total 393216K, used 0K [0x00000000e8000000, 0x0000000100000000, 0x0000000100000000)
 Metaspace       used 21277K, capacity 21635K, committed 21884K, reserved 1069056K
  class space    used 2450K, capacity 2607K, committed 2684K, reserved 1048576K
2017-06-02T06:06:42.563+0200: 2,877: [GC (Allocation Failure) 2017-06-02T06:06:42.563+0200: 2,877: [ParNew
Desired survivor size 20112992 bytes, new threshold 8 (max 8)
- age   1:     814768 bytes,     814768 total
- age   2:    1455440 bytes,    2270208 total
- age   3:     837704 bytes,    3107912 total
- age   4:    6645768 bytes,    9753680 total
: 98731K->14485K(109248K), 0,0124824 secs] 98731K->14485K(502464K), 0,0125575 secs] [Times: user=0,04 sys=0,00, real=0,01 secs] 
Heap after GC invocations=4 (full 1):
 par new generation   total 109248K, used 14485K [0x00000000e0000000, 0x00000000e8000000, 0x00000000e8000000)
  eden space 87424K,   0% used [0x00000000e0000000, 0x00000000e0000000, 0x00000000e5560000)
  from space 21824K,  66% used [0x00000000e5560000, 0x00000000e63857d0, 0x00000000e6ab0000)
  to   space 21824K,   0% used [0x00000000e6ab0000, 0x00000000e6ab0000, 0x00000000e8000000)
 concurrent mark-sweep generation total 393216K, used 0K [0x00000000e8000000, 0x0000000100000000, 0x0000000100000000)
 Metaspace       used 21277K, capacity 21635K, committed 21884K, reserved 1069056K
  class space    used 2450K, capacity 2607K, committed 2684K, reserved 1048576K
}
2017-06-02T06:06:42.575+0200: 2,889: Total time for which application threads were stopped: 0,0128405 seconds, Stopping threads took: 0,0001153 seconds
2017-06-02T06:06:42.575+0200: 2,889: [CMS-concurrent-abortable-preclean: 0,055/0,124 secs] [Times: user=0,45 sys=0,00, real=0,12 secs] 
2017-06-02T06:06:42.585+0200: 2,899: [GC (CMS Final Remark) [YG occupancy: 25130 K (109248 K)]{Heap before GC invocations=4 (full 1):
 par new generation   total 109248K, used 25130K [0x00000000e0000000, 0x00000000e8000000, 0x00000000e8000000)
  eden space 87424K,  12% used [0x00000000e0000000, 0x00000000e0a65308, 0x00000000e5560000)
  from space 21824K,  66% used [0x00000000e5560000, 0x00000000e63857d0, 0x00000000e6ab0000)
  to   space 21824K,   0% used [0x00000000e6ab0000, 0x00000000e6ab0000, 0x00000000e8000000)
 concurrent mark-sweep generation total 393216K, used 0K [0x00000000e8000000, 0x0000000100000000, 0x0000000100000000)
 Metaspace       used 21283K, capacity 21635K, committed 21884K, reserved 1069056K
  class space    used 2450K, capacity 2607K, committed 2684K, reserved 1048576K
2017-06-02T06:06:42.585+0200: 2,899: [GC (CMS Final Remark) 2017-06-02T06:06:42.585+0200: 2,899: [ParNew
Desired survivor size 20112992 bytes, new threshold 8 (max 8)
- age   1:     301584 bytes,     301584 total
- age   2:     341280 bytes,     642864 total
- age   3:    1455296 bytes,    2098160 total
- age   4:     837688 bytes,    2935848 total
- age   5:    6645848 bytes,    9581696 total
: 25130K->11126K(109248K), 0,0101823 secs] 25130K->11126K(502464K), 0,0102273 secs] [Times: user=0,03 sys=0,01, real=0,01 secs] 
Heap after GC invocations=5 (full 1):
 par new generation   total 109248K, used 11126K [0x00000000e0000000, 0x00000000e8000000, 0x00000000e8000000)
  eden space 87424K,   0% used [0x00000000e0000000, 0x00000000e0000000, 0x00000000e5560000)
  from space 21824K,  50% used [0x00000000e6ab0000, 0x00000000e758da90, 0x00000000e8000000)
  to   space 21824K,   0% used [0x00000000e5560000, 0x00000000e5560000, 0x00000000e6ab0000)
 concurrent mark-sweep generation total 393216K, used 0K [0x00000000e8000000, 0x0000000100000000, 0x0000000100000000)
 Metaspace       used 21283K, capacity 21635K, committed 21884K, reserved 1069056K
  class space    used 2450K, capacity 2607K, committed 2684K, reserved 1048576K
}
2017-06-02T06:06:42.595+0200: 2,909: [Rescan (parallel) , 0,0032986 secs]2017-06-02T06:06:42.598+0200: 2,912: [weak refs processing, 0,0009446 secs]2017-06-02T06:06:42.599+0200: 2,913: [class unloading, 0,0028871 secs]2017-06-02T06:06:42.602+0200: 2,916: [scrub symbol table, 0,0035630 secs]2017-06-02T06:06:42.606+0200: 2,920: [scrub string table, 0,0004105 secs][1 CMS-remark: 0K(393216K)] 11126K(502464K), 0,0220329 secs] [Times: user=0,05 sys=0,01, real=0,02 secs] 
2017-06-02T06:06:42.607+0200: 2,921: Total time for which application threads were stopped: 0,0222443 seconds, Stopping threads took: 0,0001292 seconds
2017-06-02T06:06:42.607+0200: 2,921: [CMS-concurrent-sweep-start]
2017-06-02T06:06:42.607+0200: 2,921: [CMS-concurrent-sweep: 0,000/0,000 secs] [Times: user=0,00 sys=0,00, real=0,00 secs] 
2017-06-02T06:06:42.607+0200: 2,921: [CMS-concurrent-reset-start]
2017-06-02T06:06:42.609+0200: 2,923: [CMS-concurrent-reset: 0,002/0,002 secs] [Times: user=0,01 sys=0,00, real=0,00 secs] 
{Heap before GC invocations=5 (full 1):
 par new generation   total 109248K, used 98550K [0x00000000e0000000, 0x00000000e8000000, 0x00000000e8000000)
  eden space 87424K, 100% used [0x00000000e0000000, 0x00000000e5560000, 0x00000000e5560000)
  from space 21824K,  50% used [0x00000000e6ab0000, 0x00000000e758da90, 0x00000000e8000000)
  to   space 21824K,   0% used [0x00000000e5560000, 0x00000000e5560000, 0x00000000e6ab0000)
 concurrent mark-sweep generation total 393216K, used 0K [0x00000000e8000000, 0x0000000100000000, 0x0000000100000000)
 Metaspace       used 21525K, capacity 21883K, committed 22140K, reserved 1069056K
  class space    used 2483K, capacity 2643K, committed 2684K, reserved 1048576K
2017-06-02T06:06:42.708+0200: 3,022: [GC (Allocation Failure) 2017-06-02T06:06:42.708+0200: 3,023: [ParNew
Desired survivor size 20112992 bytes, new threshold 8 (max 8)
- age   1:     397616 bytes,     397616 total
- age   2:      17176 bytes,     414792 total
- age   3:     184608 bytes,     599400 total
- age   4:    1065240 bytes,    1664640 total
- age   5:     837592 bytes,    2502232 total
- age   6:    6645624 bytes,    9147856 total
: 98550K->12195K(109248K), 0,0105387 secs] 98550K->12195K(502464K), 0,0106091 secs] [Times: user=0,04 sys=0,00, real=0,01 secs] 
Heap after GC invocations=6 (full 1):
 par new generation   total 109248K, used 12195K [0x00000000e0000000, 0x00000000e8000000, 0x00000000e8000000)
  eden space 87424K,   0% used [0x00000000e0000000, 0x00000000e0000000, 0x00000000e5560000)
  from space 21824K,  55% used [0x00000000e5560000, 0x00000000e6148e70, 0x00000000e6ab0000)
  to   space 21824K,   0% used [0x00000000e6ab0000, 0x00000000e6ab0000, 0x00000000e8000000)
 concurrent mark-sweep generation total 393216K, used 0K [0x00000000e8000000, 0x0000000100000000, 0x0000000100000000)
 Metaspace       used 21525K, capacity 21883K, committed 22140K, reserved 1069056K
  class space    used 2483K, capacity 2643K, committed 2684K, reserved 1048576K
}
2017-06-02T06:06:42.719+0200: 3,033: Total time for which application threads were stopped: 0,0109514 seconds, Stopping threads took: 0,0001855 seconds
2017-06-02T06:06:42.734+0200: 3,048: Total time for which application threads were stopped: 0,0012777 seconds, Stopping threads took: 0,0009639 seconds
2017-06-02T06:06:43.008+0200: 3,322: Total time for which application threads were stopped: 0,0004689 seconds, Stopping threads took: 0,0000191 seconds
2017-06-02T06:06:43.022+0200: 3,336: Total time for which application threads were stopped: 0,0004135 seconds, Stopping threads took: 0,0000211 seconds
{Heap before GC invocations=6 (full 1):
 par new generation   total 109248K, used 99619K [0x00000000e0000000, 0x00000000e8000000, 0x00000000e8000000)
  eden space 87424K, 100% used [0x00000000e0000000, 0x00000000e5560000, 0x00000000e5560000)
  from space 21824K,  55% used [0x00000000e5560000, 0x00000000e6148e70, 0x00000000e6ab0000)
  to   space 21824K,   0% used [0x00000000e6ab0000, 0x00000000e6ab0000, 0x00000000e8000000)
 concurrent mark-sweep generation total 393216K, used 0K [0x00000000e8000000, 0x0000000100000000, 0x0000000100000000)
 Metaspace       used 23718K, capacity 24249K, committed 24572K, reserved 1071104K
  class space    used 2780K, capacity 2984K, committed 3068K, reserved 1048576K
2017-06-02T06:06:43.167+0200: 3,481: [GC (Allocation Failure) 2017-06-02T06:06:43.167+0200: 3,481: [ParNew
Desired survivor size 20112992 bytes, new threshold 8 (max 8)
- age   1:    4914520 bytes,    4914520 total
- age   2:     182328 bytes,    5096848 total
- age   3:      17144 bytes,    5113992 total
- age   4:     184000 bytes,    5297992 total
- age   5:     285384 bytes,    5583376 total
- age   6:     813272 bytes,    6396648 total
- age   7:    6637456 bytes,   13034104 total
: 99619K->16147K(109248K), 0,0135418 secs] 99619K->16147K(502464K), 0,0136117 secs] [Times: user=0,04 sys=0,00, real=0,01 secs] 
Heap after GC invocations=7 (full 1):
 par new generation   total 109248K, used 16147K [0x00000000e0000000, 0x00000000e8000000, 0x00000000e8000000)
  eden space 87424K,   0% used [0x00000000e0000000, 0x00000000e0000000, 0x00000000e5560000)
  from space 21824K,  73% used [0x00000000e6ab0000, 0x00000000e7a74fe0, 0x00000000e8000000)
  to   space 21824K,   0% used [0x00000000e5560000, 0x00000000e5560000, 0x00000000e6ab0000)
 concurrent mark-sweep generation total 393216K, used 0K [0x00000000e8000000, 0x0000000100000000, 0x0000000100000000)
 Metaspace       used 23718K, capacity 24249K, committed 24572K, reserved 1071104K
  class space    used 2780K, capacity 2984K, committed 3068K, reserved 1048576K
}
2017-06-02T06:06:43.181+0200: 3,495: Total time for which application threads were stopped: 0,0139314 seconds, Stopping threads took: 0,0000667 seconds
{Heap before GC invocations=7 (full 1):
 par new generation   total 109248K, used 103571K [0x00000000e0000000, 0x00000000e8000000, 0x00000000e8000000)
  eden space 87424K, 100% used [0x00000000e0000000, 0x00000000e5560000, 0x00000000e5560000)
  from space 21824K,  73% used [0x00000000e6ab0000, 0x00000000e7a74fe0, 0x00000000e8000000)
  to   space 21824K,   0% used [0x00000000e5560000, 0x00000000e5560000, 0x00000000e6ab0000)
 concurrent mark-sweep generation total 393216K, used 0K [0x00000000e8000000, 0x0000000100000000, 0x0000000100000000)
 Metaspace       used 24411K, capacity 24895K, committed 25084K, reserved 1071104K
  class space    used 2859K, capacity 3049K, committed 3068K, reserved 1048576K
2017-06-02T06:06:43.290+0200: 3,604: [GC (Allocation Failure) 2017-06-02T06:06:43.290+0200: 3,604: [ParNew
Desired survivor size 20112992 bytes, new threshold 8 (max 8)
- age   1:    2001520 bytes,    2001520 total
- age   2:    1732984 bytes,    3734504 total
- age   3:      83296 bytes,    3817800 total
- age   4:       3000 bytes,    3820800 total
- age   5:     109504 bytes,    3930304 total
- age   6:     188096 bytes,    4118400 total
- age   7:     770872 bytes,    4889272 total
- age   8:    6104184 bytes,   10993456 total
: 103571K->16338K(109248K), 0,0120152 secs] 103571K->16338K(502464K), 0,0120989 secs] [Times: user=0,04 sys=0,00, real=0,01 secs] 
Heap after GC invocations=8 (full 1):
 par new generation   total 109248K, used 16338K [0x00000000e0000000, 0x00000000e8000000, 0x00000000e8000000)
  eden space 87424K,   0% used [0x00000000e0000000, 0x00000000e0000000, 0x00000000e5560000)
  from space 21824K,  74% used [0x00000000e5560000, 0x00000000e65548f0, 0x00000000e6ab0000)
  to   space 21824K,   0% used [0x00000000e6ab0000, 0x00000000e6ab0000, 0x00000000e8000000)
 concurrent mark-sweep generation total 393216K, used 0K [0x00000000e8000000, 0x0000000100000000, 0x0000000100000000)
 Metaspace       used 24411K, capacity 24895K, committed 25084K, reserved 1071104K
  class space    used 2859K, capacity 3049K, committed 3068K, reserved 1048576K
}
2017-06-02T06:06:43.302+0200: 3,616: Total time for which application threads were stopped: 0,0148085 seconds, Stopping threads took: 0,0025098 seconds
{Heap before GC invocations=8 (full 1):
 par new generation   total 109248K, used 103762K [0x00000000e0000000, 0x00000000e8000000, 0x00000000e8000000)
  eden space 87424K, 100% used [0x00000000e0000000, 0x00000000e5560000, 0x00000000e5560000)
  from space 21824K,  74% used [0x00000000e5560000, 0x00000000e65548f0, 0x00000000e6ab0000)
  to   space 21824K,   0% used [0x00000000e6ab0000, 0x00000000e6ab0000, 0x00000000e8000000)
 concurrent mark-sweep generation total 393216K, used 0K [0x00000000e8000000, 0x0000000100000000, 0x0000000100000000)
 Metaspace       used 24669K, capacity 25145K, committed 25468K, reserved 1071104K
  class space    used 2882K, capacity 3086K, committed 3196K, reserved 1048576K
2017-06-02T06:06:43.393+0200: 3,707: [GC (Allocation Failure) 2017-06-02T06:06:43.393+0200: 3,707: [ParNew
Desired survivor size 20112992 bytes, new threshold 8 (max 8)
- age   1:     679264 bytes,     679264 total
- age   2:    1015504 bytes,    1694768 total
- age   3:    1710536 bytes,    3405304 total
- age   4:      83264 bytes,    3488568 total
- age   5:       3000 bytes,    3491568 total
- age   6:     109240 bytes,    3600808 total
- age   7:     182592 bytes,    3783400 total
- age   8:     769336 bytes,    4552736 total
: 103762K->6758K(109248K), 0,0446238 secs] 103762K->12802K(502464K), 0,0446893 secs] [Times: user=0,12 sys=0,00, real=0,04 secs] 
Heap after GC invocations=9 (full 1):
 par new generation   total 109248K, used 6758K [0x00000000e0000000, 0x00000000e8000000, 0x00000000e8000000)
  eden space 87424K,   0% used [0x00000000e0000000, 0x00000000e0000000, 0x00000000e5560000)
  from space 21824K,  30% used [0x00000000e6ab0000, 0x00000000e7149ad8, 0x00000000e8000000)
  to   space 21824K,   0% used [0x00000000e5560000, 0x00000000e5560000, 0x00000000e6ab0000)
 concurrent mark-sweep generation total 393216K, used 6043K [0x00000000e8000000, 0x0000000100000000, 0x0000000100000000)
 Metaspace       used 24669K, capacity 25145K, committed 25468K, reserved 1071104K
  class space    used 2882K, capacity 3086K, committed 3196K, reserved 1048576K
}
2017-06-02T06:06:43.437+0200: 3,751: Total time for which application threads were stopped: 0,0449599 seconds, Stopping threads took: 0,0000698 seconds
2017-06-02T06:06:43.736+0200: 4,050: Total time for which application threads were stopped: 0,0006284 seconds, Stopping threads took: 0,0001708 seconds
2017-06-02T06:06:43.737+0200: 4,051: Total time for which application threads were stopped: 0,0001126 seconds, Stopping threads took: 0,0000359 seconds
2017-06-02T06:06:43.738+0200: 4,052: Total time for which application threads were stopped: 0,0001036 seconds, Stopping threads took: 0,0000340 seconds
2017-06-02T06:06:43.739+0200: 4,053: Total time for which application threads were stopped: 0,0001320 seconds, Stopping threads took: 0,0000420 seconds
2017-06-02T06:06:43.739+0200: 4,054: Total time for which application threads were stopped: 0,0000938 seconds, Stopping threads took: 0,0000274 seconds
2017-06-02T06:06:43.742+0200: 4,056: Total time for which application threads were stopped: 0,0001055 seconds, Stopping threads took: 0,0000317 seconds
2017-06-02T06:06:43.742+0200: 4,056: Total time for which application threads were stopped: 0,0000870 seconds, Stopping threads took: 0,0000246 seconds
2017-06-02T06:06:43.743+0200: 4,057: Total time for which application threads were stopped: 0,0000838 seconds, Stopping threads took: 0,0000218 seconds
2017-06-02T06:06:43.784+0200: 4,098: Total time for which application threads were stopped: 0,0004327 seconds, Stopping threads took: 0,0000382 seconds
2017-06-02T06:06:43.787+0200: 4,101: Total time for which application threads were stopped: 0,0002964 seconds, Stopping threads took: 0,0002169 seconds
2017-06-02T06:06:43.805+0200: 4,120: Total time for which application threads were stopped: 0,0004200 seconds, Stopping threads took: 0,0000243 seconds
2017-06-02T06:06:43.806+0200: 4,120: Total time for which application threads were stopped: 0,0002087 seconds, Stopping threads took: 0,0001519 seconds
2017-06-02T06:06:43.810+0200: 4,124: Total time for which application threads were stopped: 0,0001707 seconds, Stopping threads took: 0,0001007 seconds
2017-06-02T06:06:43.818+0200: 4,132: Total time for which application threads were stopped: 0,0038103 seconds, Stopping threads took: 0,0036829 seconds
2017-06-02T06:06:43.822+0200: 4,136: Total time for which application threads were stopped: 0,0001466 seconds, Stopping threads took: 0,0000504 seconds
2017-06-02T06:06:43.829+0200: 4,143: Total time for which application threads were stopped: 0,0001169 seconds, Stopping threads took: 0,0000298 seconds
2017-06-02T06:06:43.829+0200: 4,143: Total time for which application threads were stopped: 0,0001091 seconds, Stopping threads took: 0,0000359 seconds
2017-06-02T06:06:43.830+0200: 4,144: Total time for which application threads were stopped: 0,0000975 seconds, Stopping threads took: 0,0000255 seconds
2017-06-02T06:06:43.865+0200: 4,179: Total time for which application threads were stopped: 0,0004048 seconds, Stopping threads took: 0,0000235 seconds
2017-06-02T06:06:43.885+0200: 4,199: Total time for which application threads were stopped: 0,0001384 seconds, Stopping threads took: 0,0000665 seconds
2017-06-02T06:06:43.887+0200: 4,201: Total time for which application threads were stopped: 0,0001214 seconds, Stopping threads took: 0,0000520 seconds
2017-06-02T06:06:43.890+0200: 4,204: Total time for which application threads were stopped: 0,0020384 seconds, Stopping threads took: 0,0019286 seconds
2017-06-02T06:06:43.891+0200: 4,205: Total time for which application threads were stopped: 0,0001387 seconds, Stopping threads took: 0,0000369 seconds
2017-06-02T06:06:43.891+0200: 4,206: Total time for which application threads were stopped: 0,0000952 seconds, Stopping threads took: 0,0000246 seconds
2017-06-02T06:06:43.892+0200: 4,206: Total time for which application threads were stopped: 0,0000816 seconds, Stopping threads took: 0,0000198 seconds
2017-06-02T06:06:43.892+0200: 4,206: Total time for which application threads were stopped: 0,0000597 seconds, Stopping threads took: 0,0000263 seconds
2017-06-02T06:06:43.892+0200: 4,206: Total time for which application threads were stopped: 0,0002217 seconds, Stopping threads took: 0,0000279 seconds
2017-06-02T06:06:43.893+0200: 4,207: Total time for which application threads were stopped: 0,0000985 seconds, Stopping threads took: 0,0000364 seconds
2017-06-02T06:06:43.893+0200: 4,207: Total time for which application threads were stopped: 0,0000719 seconds, Stopping threads took: 0,0000208 seconds
2017-06-02T06:06:43.893+0200: 4,207: Total time for which application threads were stopped: 0,0000812 seconds, Stopping threads took: 0,0000233 seconds
2017-06-02T06:06:43.893+0200: 4,207: Total time for which application threads were stopped: 0,0000618 seconds, Stopping threads took: 0,0000222 seconds
2017-06-02T06:06:43.893+0200: 4,207: Total time for which application threads were stopped: 0,0001263 seconds, Stopping threads took: 0,0000826 seconds
2017-06-02T06:06:43.894+0200: 4,208: Total time for which application threads were stopped: 0,0000775 seconds, Stopping threads took: 0,0000240 seconds
2017-06-02T06:06:43.894+0200: 4,208: Total time for which application threads were stopped: 0,0001051 seconds, Stopping threads took: 0,0000241 seconds
2017-06-02T06:06:43.894+0200: 4,208: Total time for which application threads were stopped: 0,0000785 seconds, Stopping threads took: 0,0000211 seconds
2017-06-02T06:06:43.894+0200: 4,208: Total time for which application threads were stopped: 0,0000746 seconds, Stopping threads took: 0,0000175 seconds
2017-06-02T06:06:43.894+0200: 4,208: Total time for which application threads were stopped: 0,0000474 seconds, Stopping threads took: 0,0000099 seconds
2017-06-02T06:06:43.895+0200: 4,209: Total time for which application threads were stopped: 0,0000526 seconds, Stopping threads took: 0,0000107 seconds
2017-06-02T06:06:43.895+0200: 4,209: Total time for which application threads were stopped: 0,0000464 seconds, Stopping threads took: 0,0000100 seconds
2017-06-02T06:06:43.895+0200: 4,209: Total time for which application threads were stopped: 0,0000578 seconds, Stopping threads took: 0,0000170 seconds
2017-06-02T06:06:43.895+0200: 4,209: Total time for which application threads were stopped: 0,0000595 seconds, Stopping threads took: 0,0000255 seconds
2017-06-02T06:06:43.895+0200: 4,209: Total time for which application threads were stopped: 0,0000486 seconds, Stopping threads took: 0,0000158 seconds
2017-06-02T06:06:43.895+0200: 4,209: Total time for which application threads were stopped: 0,0000532 seconds, Stopping threads took: 0,0000162 seconds
2017-06-02T06:06:43.895+0200: 4,209: Total time for which application threads were stopped: 0,0000426 seconds, Stopping threads took: 0,0000103 seconds
2017-06-02T06:06:43.895+0200: 4,209: Total time for which application threads were stopped: 0,0000524 seconds, Stopping threads took: 0,0000169 seconds
2017-06-02T06:06:43.895+0200: 4,209: Total time for which application threads were stopped: 0,0000394 seconds, Stopping threads took: 0,0000069 seconds
2017-06-02T06:06:43.896+0200: 4,210: Total time for which application threads were stopped: 0,0001162 seconds, Stopping threads took: 0,0000142 seconds
2017-06-02T06:06:43.900+0200: 4,214: Total time for which application threads were stopped: 0,0001407 seconds, Stopping threads took: 0,0000512 seconds
2017-06-02T06:06:43.911+0200: 4,225: Total time for which application threads were stopped: 0,0001523 seconds, Stopping threads took: 0,0000544 seconds
2017-06-02T06:06:43.913+0200: 4,227: Total time for which application threads were stopped: 0,0001408 seconds, Stopping threads took: 0,0000361 seconds
2017-06-02T06:06:43.927+0200: 4,241: Total time for which application threads were stopped: 0,0001481 seconds, Stopping threads took: 0,0000485 seconds
2017-06-02T06:06:43.965+0200: 4,279: Total time for which application threads were stopped: 0,0002115 seconds, Stopping threads took: 0,0000623 seconds
2017-06-02T06:06:43.991+0200: 4,305: Total time for which application threads were stopped: 0,0006955 seconds, Stopping threads took: 0,0000417 seconds
2017-06-02T06:06:43.998+0200: 4,312: Total time for which application threads were stopped: 0,0001741 seconds, Stopping threads took: 0,0000444 seconds
2017-06-02T06:06:44.999+0200: 5,313: Total time for which application threads were stopped: 0,0001192 seconds, Stopping threads took: 0,0000343 seconds
2017-06-02T06:08:02.008+0200: 82,322: Total time for which application threads were stopped: 0,0000723 seconds, Stopping threads took: 0,0000196 seconds
2017-06-02T06:08:37.015+0200: 117,329: Total time for which application threads were stopped: 0,0000826 seconds, Stopping threads took: 0,0000337 seconds
2017-06-02T06:08:42.016+0200: 122,330: Total time for which application threads were stopped: 0,0000739 seconds, Stopping threads took: 0,0000183 seconds
{Heap before GC invocations=9 (full 1):
 par new generation   total 109248K, used 94182K [0x00000000e0000000, 0x00000000e8000000, 0x00000000e8000000)
  eden space 87424K, 100% used [0x00000000e0000000, 0x00000000e5560000, 0x00000000e5560000)
  from space 21824K,  30% used [0x00000000e6ab0000, 0x00000000e7149ad8, 0x00000000e8000000)
  to   space 21824K,   0% used [0x00000000e5560000, 0x00000000e5560000, 0x00000000e6ab0000)
 concurrent mark-sweep generation total 393216K, used 6043K [0x00000000e8000000, 0x0000000100000000, 0x0000000100000000)
 Metaspace       used 28069K, capacity 28567K, committed 28796K, reserved 1075200K
  class space    used 3215K, capacity 3391K, committed 3452K, reserved 1048576K
2017-06-02T06:09:35.557+0200: 175,872: [GC (Allocation Failure) 2017-06-02T06:09:35.558+0200: 175,872: [ParNew
Desired survivor size 20112992 bytes, new threshold 8 (max 8)
- age   1:   11095304 bytes,   11095304 total
- age   2:     236232 bytes,   11331536 total
- age   3:     236368 bytes,   11567904 total
- age   4:    1704504 bytes,   13272408 total
- age   5:      83232 bytes,   13355640 total
- age   6:       3000 bytes,   13358640 total
- age   7:     109112 bytes,   13467752 total
- age   8:     182160 bytes,   13649912 total
: 94182K->14452K(109248K), 0,0212734 secs] 100226K->21335K(502464K), 0,0213515 secs] [Times: user=0,08 sys=0,00, real=0,02 secs] 
Heap after GC invocations=10 (full 1):
 par new generation   total 109248K, used 14452K [0x00000000e0000000, 0x00000000e8000000, 0x00000000e8000000)
  eden space 87424K,   0% used [0x00000000e0000000, 0x00000000e0000000, 0x00000000e5560000)
  from space 21824K,  66% used [0x00000000e5560000, 0x00000000e637d200, 0x00000000e6ab0000)
  to   space 21824K,   0% used [0x00000000e6ab0000, 0x00000000e6ab0000, 0x00000000e8000000)
 concurrent mark-sweep generation total 393216K, used 6882K [0x00000000e8000000, 0x0000000100000000, 0x0000000100000000)
 Metaspace       used 28069K, capacity 28567K, committed 28796K, reserved 1075200K
  class space    used 3215K, capacity 3391K, committed 3452K, reserved 1048576K
}
2017-06-02T06:09:35.579+0200: 175,893: Total time for which application threads were stopped: 0,0215253 seconds, Stopping threads took: 0,0000429 seconds
2017-06-02T06:09:35.580+0200: 175,894: Total time for which application threads were stopped: 0,0000701 seconds, Stopping threads took: 0,0000210 seconds
2017-06-02T06:09:35.580+0200: 175,894: Total time for which application threads were stopped: 0,0000450 seconds, Stopping threads took: 0,0000186 seconds
2017-06-02T06:09:40.581+0200: 180,895: Total time for which application threads were stopped: 0,0001496 seconds, Stopping threads took: 0,0000366 seconds
2017-06-02T06:11:10.593+0200: 270,907: Total time for which application threads were stopped: 0,0000893 seconds, Stopping threads took: 0,0000335 seconds
2017-06-02T06:11:16.594+0200: 276,908: Total time for which application threads were stopped: 0,0000733 seconds, Stopping threads took: 0,0000167 seconds
2017-06-02T06:12:52.577+0200: 372,891: Total time for which application threads were stopped: 0,0082675 seconds, Stopping threads took: 0,0081733 seconds
2017-06-02T06:12:52.579+0200: 372,893: Total time for which application threads were stopped: 0,0001028 seconds, Stopping threads took: 0,0000221 seconds
2017-06-02T06:12:52.579+0200: 372,893: Total time for which application threads were stopped: 0,0000423 seconds, Stopping threads took: 0,0000049 seconds
2017-06-02T06:12:52.579+0200: 372,893: Total time for which application threads were stopped: 0,0000364 seconds, Stopping threads took: 0,0000052 seconds
2017-06-02T06:12:52.579+0200: 372,893: Total time for which application threads were stopped: 0,0000346 seconds, Stopping threads took: 0,0000047 seconds
2017-06-02T06:12:52.626+0200: 372,940: Total time for which application threads were stopped: 0,0001879 seconds, Stopping threads took: 0,0001062 seconds
2017-06-02T06:12:52.638+0200: 372,952: Total time for which application threads were stopped: 0,0053468 seconds, Stopping threads took: 0,0052519 seconds
2017-06-02T06:12:52.638+0200: 372,952: Total time for which application threads were stopped: 0,0000526 seconds, Stopping threads took: 0,0000082 seconds
2017-06-02T06:12:52.639+0200: 372,953: Total time for which application threads were stopped: 0,0000943 seconds, Stopping threads took: 0,0000165 seconds
2017-06-02T06:12:52.639+0200: 372,953: Total time for which application threads were stopped: 0,0000438 seconds, Stopping threads took: 0,0000055 seconds
2017-06-02T06:12:52.642+0200: 372,956: Total time for which application threads were stopped: 0,0001114 seconds, Stopping threads took: 0,0000404 seconds
2017-06-02T06:12:52.658+0200: 372,972: Total time for which application threads were stopped: 0,0001467 seconds, Stopping threads took: 0,0000420 seconds
2017-06-02T06:12:52.658+0200: 372,972: Total time for which application threads were stopped: 0,0000690 seconds, Stopping threads took: 0,0000169 seconds
2017-06-02T06:12:52.658+0200: 372,973: Total time for which application threads were stopped: 0,0000628 seconds, Stopping threads took: 0,0000152 seconds
2017-06-02T06:12:52.659+0200: 372,973: Total time for which application threads were stopped: 0,0000611 seconds, Stopping threads took: 0,0000151 seconds
2017-06-02T06:12:52.659+0200: 372,973: Total time for which application threads were stopped: 0,0000783 seconds, Stopping threads took: 0,0000178 seconds
2017-06-02T06:12:52.659+0200: 372,973: Total time for which application threads were stopped: 0,0000548 seconds, Stopping threads took: 0,0000135 seconds
2017-06-02T06:12:52.659+0200: 372,973: Total time for which application threads were stopped: 0,0000499 seconds, Stopping threads took: 0,0000120 seconds
2017-06-02T06:12:52.659+0200: 372,973: Total time for which application threads were stopped: 0,0000505 seconds, Stopping threads took: 0,0000127 seconds
2017-06-02T06:12:52.662+0200: 372,976: Total time for which application threads were stopped: 0,0001048 seconds, Stopping threads took: 0,0000314 seconds
2017-06-02T06:12:52.662+0200: 372,976: Total time for which application threads were stopped: 0,0000650 seconds, Stopping threads took: 0,0000188 seconds
2017-06-02T06:12:52.662+0200: 372,976: Total time for which application threads were stopped: 0,0000577 seconds, Stopping threads took: 0,0000138 seconds
2017-06-02T06:12:52.675+0200: 372,989: Total time for which application threads were stopped: 0,0120311 seconds, Stopping threads took: 0,0119408 seconds
2017-06-02T06:12:52.683+0200: 372,997: Total time for which application threads were stopped: 0,0001266 seconds, Stopping threads took: 0,0000394 seconds
2017-06-02T06:12:52.683+0200: 372,997: Total time for which application threads were stopped: 0,0000704 seconds, Stopping threads took: 0,0000201 seconds
2017-06-02T06:12:52.684+0200: 372,998: Total time for which application threads were stopped: 0,0000885 seconds, Stopping threads took: 0,0000289 seconds
2017-06-02T06:12:52.684+0200: 372,998: Total time for which application threads were stopped: 0,0000665 seconds, Stopping threads took: 0,0000173 seconds
2017-06-02T06:12:52.684+0200: 372,999: Total time for which application threads were stopped: 0,0000760 seconds, Stopping threads took: 0,0000231 seconds
2017-06-02T06:12:52.685+0200: 372,999: Total time for which application threads were stopped: 0,0000638 seconds, Stopping threads took: 0,0000199 seconds
2017-06-02T06:12:52.687+0200: 373,001: Total time for which application threads were stopped: 0,0000908 seconds, Stopping threads took: 0,0000190 seconds
2017-06-02T06:12:52.687+0200: 373,001: Total time for which application threads were stopped: 0,0000529 seconds, Stopping threads took: 0,0000156 seconds
2017-06-02T06:12:52.687+0200: 373,001: Total time for which application threads were stopped: 0,0000422 seconds, Stopping threads took: 0,0000115 seconds
2017-06-02T06:12:52.688+0200: 373,002: Total time for which application threads were stopped: 0,0000857 seconds, Stopping threads took: 0,0000259 seconds
2017-06-02T06:12:52.688+0200: 373,002: Total time for which application threads were stopped: 0,0000751 seconds, Stopping threads took: 0,0000246 seconds
2017-06-02T06:12:52.689+0200: 373,003: Total time for which application threads were stopped: 0,0000655 seconds, Stopping threads took: 0,0000103 seconds
2017-06-02T06:12:52.689+0200: 373,003: Total time for which application threads were stopped: 0,0000499 seconds, Stopping threads took: 0,0000126 seconds
2017-06-02T06:12:52.689+0200: 373,003: Total time for which application threads were stopped: 0,0000439 seconds, Stopping threads took: 0,0000121 seconds
2017-06-02T06:12:52.689+0200: 373,003: Total time for which application threads were stopped: 0,0000539 seconds, Stopping threads took: 0,0000169 seconds
2017-06-02T06:12:52.690+0200: 373,004: Total time for which application threads were stopped: 0,0001254 seconds, Stopping threads took: 0,0000457 seconds
2017-06-02T06:12:52.692+0200: 373,006: Total time for which application threads were stopped: 0,0020348 seconds, Stopping threads took: 0,0019653 seconds
2017-06-02T06:12:52.692+0200: 373,006: Total time for which application threads were stopped: 0,0001638 seconds, Stopping threads took: 0,0000086 seconds
2017-06-02T06:12:52.695+0200: 373,009: Total time for which application threads were stopped: 0,0003216 seconds, Stopping threads took: 0,0000466 seconds
2017-06-02T06:12:52.697+0200: 373,011: Total time for which application threads were stopped: 0,0001444 seconds, Stopping threads took: 0,0000356 seconds
2017-06-02T06:12:52.701+0200: 373,015: Total time for which application threads were stopped: 0,0000979 seconds, Stopping threads took: 0,0000296 seconds
2017-06-02T06:12:52.702+0200: 373,016: Total time for which application threads were stopped: 0,0001271 seconds, Stopping threads took: 0,0000273 seconds
Heap
 par new generation   total 109248K, used 32691K [0x00000000e0000000, 0x00000000e8000000, 0x00000000e8000000)
  eden space 87424K,  20% used [0x00000000e0000000, 0x00000000e11cfb48, 0x00000000e5560000)
  from space 21824K,  66% used [0x00000000e5560000, 0x00000000e637d200, 0x00000000e6ab0000)
  to   space 21824K,   0% used [0x00000000e6ab0000, 0x00000000e6ab0000, 0x00000000e8000000)
 concurrent mark-sweep generation total 393216K, used 6882K [0x00000000e8000000, 0x0000000100000000, 0x0000000100000000)
 Metaspace       used 28176K, capacity 28735K, committed 29052K, reserved 1075200K
  class space    used 3229K, capacity 3425K, committed 3452K, reserved 1048576K
