OpenJDK 64-Bit Server VM (25.131-b11) for linux-amd64 JRE (1.8.0_131-8u131-b11-2ubuntu1.16.04.3-b11), built on Jul 28 2017 01:23:32 by "buildd" with gcc 5.4.0 20160609
Memory: 4k page, physical 7867732k(7383220k free), swap 8076284k(8076284k free)
CommandLine flags: -XX:CMSInitiatingOccupancyFraction=50 -XX:CMSMaxAbortablePrecleanTime=6000 -XX:+CMSParallelRemarkEnabled -XX:+CMSScavengeBeforeRemark -XX:ConcGCThreads=4 -XX:InitialHeapSize=536870912 -XX:MaxHeapSize=536870912 -XX:MaxTenuringThreshold=8 -XX:NewRatio=3 -XX:OldPLABSize=16 -XX:OnOutOfMemoryError=/opt/solr/bin/oom_solr.sh 8983 /var/solr/logs -XX:ParallelGCThreads=4 -XX:+ParallelRefProcEnabled -XX:PretenureSizeThreshold=67108864 -XX:+PrintGC -XX:+PrintGCApplicationStoppedTime -XX:+PrintGCDateStamps -XX:+PrintGCDetails -XX:+PrintGCTimeStamps -XX:+PrintHeapAtGC -XX:+PrintTenuringDistribution -XX:SurvivorRatio=4 -XX:TargetSurvivorRatio=90 -XX:ThreadStackSize=256 -XX:+UseCMSInitiatingOccupancyOnly -XX:+UseCompressedClassPointers -XX:+UseCompressedOops -XX:+UseConcMarkSweepGC -XX:+UseParNewGC 
2017-09-04T14:26:16.124+0200: 0,173: Total time for which application threads were stopped: 0,0001017 seconds, Stopping threads took: 0,0000116 seconds
2017-09-04T14:26:16.223+0200: 0,271: Total time for which application threads were stopped: 0,0001153 seconds, Stopping threads took: 0,0000266 seconds
2017-09-04T14:26:16.240+0200: 0,288: Total time for which application threads were stopped: 0,0001463 seconds, Stopping threads took: 0,0000555 seconds
2017-09-04T14:26:16.945+0200: 0,993: Total time for which application threads were stopped: 0,0001836 seconds, Stopping threads took: 0,0000123 seconds
2017-09-04T14:26:17.053+0200: 1,101: Total time for which application threads were stopped: 0,0001884 seconds, Stopping threads took: 0,0000230 seconds
2017-09-04T14:26:17.078+0200: 1,126: Total time for which application threads were stopped: 0,0002095 seconds, Stopping threads took: 0,0000562 seconds
2017-09-04T14:26:17.370+0200: 1,418: Total time for which application threads were stopped: 0,0001842 seconds, Stopping threads took: 0,0000218 seconds
2017-09-04T14:26:17.597+0200: 1,645: Total time for which application threads were stopped: 0,0001895 seconds, Stopping threads took: 0,0000138 seconds
2017-09-04T14:26:17.621+0200: 1,669: Total time for which application threads were stopped: 0,0010000 seconds, Stopping threads took: 0,0001759 seconds
2017-09-04T14:26:17.661+0200: 1,710: Total time for which application threads were stopped: 0,0002266 seconds, Stopping threads took: 0,0000219 seconds
2017-09-04T14:26:17.663+0200: 1,711: Total time for which application threads were stopped: 0,0002085 seconds, Stopping threads took: 0,0000192 seconds
2017-09-04T14:26:17.684+0200: 1,732: Total time for which application threads were stopped: 0,0001826 seconds, Stopping threads took: 0,0000171 seconds
2017-09-04T14:26:17.780+0200: 1,829: Total time for which application threads were stopped: 0,0002463 seconds, Stopping threads took: 0,0000217 seconds
2017-09-04T14:26:17.937+0200: 1,986: Total time for which application threads were stopped: 0,0004676 seconds, Stopping threads took: 0,0002463 seconds
{Heap before GC invocations=0 (full 0):
 par new generation   total 109248K, used 87424K [0x00000000e0000000, 0x00000000e8000000, 0x00000000e8000000)
  eden space 87424K, 100% used [0x00000000e0000000, 0x00000000e5560000, 0x00000000e5560000)
  from space 21824K,   0% used [0x00000000e5560000, 0x00000000e5560000, 0x00000000e6ab0000)
  to   space 21824K,   0% used [0x00000000e6ab0000, 0x00000000e6ab0000, 0x00000000e8000000)
 concurrent mark-sweep generation total 393216K, used 0K [0x00000000e8000000, 0x0000000100000000, 0x0000000100000000)
 Metaspace       used 18092K, capacity 18400K, committed 18688K, reserved 1064960K
  class space    used 2043K, capacity 2196K, committed 2304K, reserved 1048576K
2017-09-04T14:26:18.043+0200: 2,092: [GC (Allocation Failure) 2017-09-04T14:26:18.043+0200: 2,092: [ParNew
Desired survivor size 20112992 bytes, new threshold 8 (max 8)
- age   1:   12644224 bytes,   12644224 total
: 87424K->12461K(109248K), 0,0171969 secs] 87424K->12461K(502464K), 0,0172893 secs] [Times: user=0,04 sys=0,02, real=0,02 secs] 
Heap after GC invocations=1 (full 0):
 par new generation   total 109248K, used 12461K [0x00000000e0000000, 0x00000000e8000000, 0x00000000e8000000)
  eden space 87424K,   0% used [0x00000000e0000000, 0x00000000e0000000, 0x00000000e5560000)
  from space 21824K,  57% used [0x00000000e6ab0000, 0x00000000e76db608, 0x00000000e8000000)
  to   space 21824K,   0% used [0x00000000e5560000, 0x00000000e5560000, 0x00000000e6ab0000)
 concurrent mark-sweep generation total 393216K, used 0K [0x00000000e8000000, 0x0000000100000000, 0x0000000100000000)
 Metaspace       used 18092K, capacity 18400K, committed 18688K, reserved 1064960K
  class space    used 2043K, capacity 2196K, committed 2304K, reserved 1048576K
}
2017-09-04T14:26:18.061+0200: 2,109: Total time for which application threads were stopped: 0,0175915 seconds, Stopping threads took: 0,0001184 seconds
2017-09-04T14:26:18.378+0200: 2,426: Total time for which application threads were stopped: 0,0003971 seconds, Stopping threads took: 0,0001457 seconds
2017-09-04T14:26:18.410+0200: 2,459: Total time for which application threads were stopped: 0,0003805 seconds, Stopping threads took: 0,0000704 seconds
{Heap before GC invocations=1 (full 0):
 par new generation   total 109248K, used 99885K [0x00000000e0000000, 0x00000000e8000000, 0x00000000e8000000)
  eden space 87424K, 100% used [0x00000000e0000000, 0x00000000e5560000, 0x00000000e5560000)
  from space 21824K,  57% used [0x00000000e6ab0000, 0x00000000e76db608, 0x00000000e8000000)
  to   space 21824K,   0% used [0x00000000e5560000, 0x00000000e5560000, 0x00000000e6ab0000)
 concurrent mark-sweep generation total 393216K, used 0K [0x00000000e8000000, 0x0000000100000000, 0x0000000100000000)
 Metaspace       used 20082K, capacity 20442K, committed 20736K, reserved 1067008K
  class space    used 2300K, capacity 2475K, committed 2560K, reserved 1048576K
2017-09-04T14:26:18.414+0200: 2,463: [GC (Allocation Failure) 2017-09-04T14:26:18.414+0200: 2,463: [ParNew
Desired survivor size 20112992 bytes, new threshold 8 (max 8)
- age   1:    3701088 bytes,    3701088 total
- age   2:    6683312 bytes,   10384400 total
: 99885K->13745K(109248K), 0,0102063 secs] 99885K->13745K(502464K), 0,0102739 secs] [Times: user=0,04 sys=0,00, real=0,01 secs] 
Heap after GC invocations=2 (full 0):
 par new generation   total 109248K, used 13745K [0x00000000e0000000, 0x00000000e8000000, 0x00000000e8000000)
  eden space 87424K,   0% used [0x00000000e0000000, 0x00000000e0000000, 0x00000000e5560000)
  from space 21824K,  62% used [0x00000000e5560000, 0x00000000e62cc4a0, 0x00000000e6ab0000)
  to   space 21824K,   0% used [0x00000000e6ab0000, 0x00000000e6ab0000, 0x00000000e8000000)
 concurrent mark-sweep generation total 393216K, used 0K [0x00000000e8000000, 0x0000000100000000, 0x0000000100000000)
 Metaspace       used 20082K, capacity 20442K, committed 20736K, reserved 1067008K
  class space    used 2300K, capacity 2475K, committed 2560K, reserved 1048576K
}
2017-09-04T14:26:18.424+0200: 2,473: Total time for which application threads were stopped: 0,0104931 seconds, Stopping threads took: 0,0000690 seconds
2017-09-04T14:26:18.453+0200: 2,501: Total time for which application threads were stopped: 0,0025577 seconds, Stopping threads took: 0,0022795 seconds
2017-09-04T14:26:18.570+0200: 2,618: Total time for which application threads were stopped: 0,0001576 seconds, Stopping threads took: 0,0000415 seconds
{Heap before GC invocations=2 (full 0):
 par new generation   total 109248K, used 101169K [0x00000000e0000000, 0x00000000e8000000, 0x00000000e8000000)
  eden space 87424K, 100% used [0x00000000e0000000, 0x00000000e5560000, 0x00000000e5560000)
  from space 21824K,  62% used [0x00000000e5560000, 0x00000000e62cc4a0, 0x00000000e6ab0000)
  to   space 21824K,   0% used [0x00000000e6ab0000, 0x00000000e6ab0000, 0x00000000e8000000)
 concurrent mark-sweep generation total 393216K, used 0K [0x00000000e8000000, 0x0000000100000000, 0x0000000100000000)
 Metaspace       used 21004K, capacity 21364K, committed 21552K, reserved 1069056K
  class space    used 2420K, capacity 2594K, committed 2608K, reserved 1048576K
2017-09-04T14:26:18.614+0200: 2,662: [GC (Allocation Failure) 2017-09-04T14:26:18.614+0200: 2,662: [ParNew
Desired survivor size 20112992 bytes, new threshold 8 (max 8)
- age   1:    2100856 bytes,    2100856 total
- age   2:     861752 bytes,    2962608 total
- age   3:    6681776 bytes,    9644384 total
: 101169K->11532K(109248K), 0,0104355 secs] 101169K->11532K(502464K), 0,0105183 secs] [Times: user=0,03 sys=0,00, real=0,02 secs] 
Heap after GC invocations=3 (full 0):
 par new generation   total 109248K, used 11532K [0x00000000e0000000, 0x00000000e8000000, 0x00000000e8000000)
  eden space 87424K,   0% used [0x00000000e0000000, 0x00000000e0000000, 0x00000000e5560000)
  from space 21824K,  52% used [0x00000000e6ab0000, 0x00000000e75f3280, 0x00000000e8000000)
  to   space 21824K,   0% used [0x00000000e5560000, 0x00000000e5560000, 0x00000000e6ab0000)
 concurrent mark-sweep generation total 393216K, used 0K [0x00000000e8000000, 0x0000000100000000, 0x0000000100000000)
 Metaspace       used 21004K, capacity 21364K, committed 21552K, reserved 1069056K
  class space    used 2420K, capacity 2594K, committed 2608K, reserved 1048576K
}
2017-09-04T14:26:18.624+0200: 2,673: Total time for which application threads were stopped: 0,0107230 seconds, Stopping threads took: 0,0000401 seconds
2017-09-04T14:26:18.625+0200: 2,673: [GC (CMS Initial Mark) [1 CMS-initial-mark: 0K(393216K)] 12258K(502464K), 0,0034889 secs] [Times: user=0,01 sys=0,01, real=0,00 secs] 
2017-09-04T14:26:18.628+0200: 2,677: Total time for which application threads were stopped: 0,0036255 seconds, Stopping threads took: 0,0000388 seconds
2017-09-04T14:26:18.628+0200: 2,677: [CMS-concurrent-mark-start]
2017-09-04T14:26:18.629+0200: 2,677: [CMS-concurrent-mark: 0,000/0,000 secs] [Times: user=0,00 sys=0,00, real=0,00 secs] 
2017-09-04T14:26:18.629+0200: 2,677: [CMS-concurrent-preclean-start]
2017-09-04T14:26:18.630+0200: 2,678: [CMS-concurrent-preclean: 0,001/0,001 secs] [Times: user=0,01 sys=0,00, real=0,00 secs] 
2017-09-04T14:26:18.630+0200: 2,678: [CMS-concurrent-abortable-preclean-start]
2017-09-04T14:26:18.716+0200: 2,765: Total time for which application threads were stopped: 0,0008581 seconds, Stopping threads took: 0,0007665 seconds
{Heap before GC invocations=3 (full 1):
 par new generation   total 109248K, used 98956K [0x00000000e0000000, 0x00000000e8000000, 0x00000000e8000000)
  eden space 87424K, 100% used [0x00000000e0000000, 0x00000000e5560000, 0x00000000e5560000)
  from space 21824K,  52% used [0x00000000e6ab0000, 0x00000000e75f3280, 0x00000000e8000000)
  to   space 21824K,   0% used [0x00000000e5560000, 0x00000000e5560000, 0x00000000e6ab0000)
 concurrent mark-sweep generation total 393216K, used 0K [0x00000000e8000000, 0x0000000100000000, 0x0000000100000000)
 Metaspace       used 21286K, capacity 21646K, committed 21960K, reserved 1069056K
  class space    used 2450K, capacity 2610K, committed 2684K, reserved 1048576K
2017-09-04T14:26:18.733+0200: 2,782: [GC (Allocation Failure) 2017-09-04T14:26:18.733+0200: 2,782: [ParNew
Desired survivor size 20112992 bytes, new threshold 8 (max 8)
- age   1:    1351072 bytes,    1351072 total
- age   2:    1458696 bytes,    2809768 total
- age   3:     828472 bytes,    3638240 total
- age   4:    6690392 bytes,   10328632 total
: 98956K->14884K(109248K), 0,0107638 secs] 98956K->14884K(502464K), 0,0108266 secs] [Times: user=0,04 sys=0,00, real=0,01 secs] 
Heap after GC invocations=4 (full 1):
 par new generation   total 109248K, used 14884K [0x00000000e0000000, 0x00000000e8000000, 0x00000000e8000000)
  eden space 87424K,   0% used [0x00000000e0000000, 0x00000000e0000000, 0x00000000e5560000)
  from space 21824K,  68% used [0x00000000e5560000, 0x00000000e63e91a0, 0x00000000e6ab0000)
  to   space 21824K,   0% used [0x00000000e6ab0000, 0x00000000e6ab0000, 0x00000000e8000000)
 concurrent mark-sweep generation total 393216K, used 0K [0x00000000e8000000, 0x0000000100000000, 0x0000000100000000)
 Metaspace       used 21286K, capacity 21646K, committed 21960K, reserved 1069056K
  class space    used 2450K, capacity 2610K, committed 2684K, reserved 1048576K
}
2017-09-04T14:26:18.744+0200: 2,793: Total time for which application threads were stopped: 0,0110564 seconds, Stopping threads took: 0,0000923 seconds
2017-09-04T14:26:18.744+0200: 2,793: [CMS-concurrent-abortable-preclean: 0,087/0,114 secs] [Times: user=0,43 sys=0,00, real=0,11 secs] 
2017-09-04T14:26:18.756+0200: 2,805: [GC (CMS Final Remark) [YG occupancy: 28500 K (109248 K)]{Heap before GC invocations=4 (full 1):
 par new generation   total 109248K, used 28500K [0x00000000e0000000, 0x00000000e8000000, 0x00000000e8000000)
  eden space 87424K,  15% used [0x00000000e0000000, 0x00000000e0d4c110, 0x00000000e5560000)
  from space 21824K,  68% used [0x00000000e5560000, 0x00000000e63e91a0, 0x00000000e6ab0000)
  to   space 21824K,   0% used [0x00000000e6ab0000, 0x00000000e6ab0000, 0x00000000e8000000)
 concurrent mark-sweep generation total 393216K, used 0K [0x00000000e8000000, 0x0000000100000000, 0x0000000100000000)
 Metaspace       used 21296K, capacity 21646K, committed 21960K, reserved 1069056K
  class space    used 2452K, capacity 2610K, committed 2684K, reserved 1048576K
2017-09-04T14:26:18.756+0200: 2,805: [GC (CMS Final Remark) 2017-09-04T14:26:18.757+0200: 2,805: [ParNew
Desired survivor size 20112992 bytes, new threshold 8 (max 8)
- age   1:     660256 bytes,     660256 total
- age   2:     294328 bytes,     954584 total
- age   3:    1453256 bytes,    2407840 total
- age   4:     828424 bytes,    3236264 total
- age   5:    6682000 bytes,    9918264 total
: 28500K->11811K(109248K), 0,0094780 secs] 28500K->11811K(502464K), 0,0095254 secs] [Times: user=0,03 sys=0,00, real=0,01 secs] 
Heap after GC invocations=5 (full 1):
 par new generation   total 109248K, used 11811K [0x00000000e0000000, 0x00000000e8000000, 0x00000000e8000000)
  eden space 87424K,   0% used [0x00000000e0000000, 0x00000000e0000000, 0x00000000e5560000)
  from space 21824K,  54% used [0x00000000e6ab0000, 0x00000000e7638d40, 0x00000000e8000000)
  to   space 21824K,   0% used [0x00000000e5560000, 0x00000000e5560000, 0x00000000e6ab0000)
 concurrent mark-sweep generation total 393216K, used 0K [0x00000000e8000000, 0x0000000100000000, 0x0000000100000000)
 Metaspace       used 21296K, capacity 21646K, committed 21960K, reserved 1069056K
  class space    used 2452K, capacity 2610K, committed 2684K, reserved 1048576K
}
2017-09-04T14:26:18.766+0200: 2,815: [Rescan (parallel) , 0,0037928 secs]2017-09-04T14:26:18.770+0200: 2,818: [weak refs processing, 0,0006614 secs]2017-09-04T14:26:18.771+0200: 2,819: [class unloading, 0,0029305 secs]2017-09-04T14:26:18.773+0200: 2,822: [scrub symbol table, 0,0026376 secs]2017-09-04T14:26:18.776+0200: 2,825: [scrub string table, 0,0003715 secs][1 CMS-remark: 0K(393216K)] 11811K(502464K), 0,0205903 secs] [Times: user=0,05 sys=0,00, real=0,02 secs] 
2017-09-04T14:26:18.777+0200: 2,826: Total time for which application threads were stopped: 0,0245860 seconds, Stopping threads took: 0,0039169 seconds
2017-09-04T14:26:18.777+0200: 2,826: [CMS-concurrent-sweep-start]
2017-09-04T14:26:18.777+0200: 2,826: [CMS-concurrent-sweep: 0,000/0,000 secs] [Times: user=0,00 sys=0,00, real=0,00 secs] 
2017-09-04T14:26:18.777+0200: 2,826: [CMS-concurrent-reset-start]
2017-09-04T14:26:18.780+0200: 2,828: [CMS-concurrent-reset: 0,002/0,002 secs] [Times: user=0,01 sys=0,00, real=0,00 secs] 
2017-09-04T14:26:18.889+0200: 2,937: Total time for which application threads were stopped: 0,0003257 seconds, Stopping threads took: 0,0000207 seconds
{Heap before GC invocations=5 (full 1):
 par new generation   total 109248K, used 99235K [0x00000000e0000000, 0x00000000e8000000, 0x00000000e8000000)
  eden space 87424K, 100% used [0x00000000e0000000, 0x00000000e5560000, 0x00000000e5560000)
  from space 21824K,  54% used [0x00000000e6ab0000, 0x00000000e7638d40, 0x00000000e8000000)
  to   space 21824K,   0% used [0x00000000e5560000, 0x00000000e5560000, 0x00000000e6ab0000)
 concurrent mark-sweep generation total 393216K, used 0K [0x00000000e8000000, 0x0000000100000000, 0x0000000100000000)
 Metaspace       used 21715K, capacity 22046K, committed 22216K, reserved 1069056K
  class space    used 2514K, capacity 2678K, committed 2684K, reserved 1048576K
2017-09-04T14:26:18.896+0200: 2,944: [GC (Allocation Failure) 2017-09-04T14:26:18.896+0200: 2,944: [ParNew
Desired survivor size 20112992 bytes, new threshold 8 (max 8)
- age   1:     645384 bytes,     645384 total
- age   2:      18208 bytes,     663592 total
- age   3:     185032 bytes,     848624 total
- age   4:     285632 bytes,    1134256 total
- age   5:     826424 bytes,    1960680 total
- age   6:    6682368 bytes,    8643048 total
: 99235K->13110K(109248K), 0,0136602 secs] 99235K->13110K(502464K), 0,0137437 secs] [Times: user=0,05 sys=0,00, real=0,02 secs] 
Heap after GC invocations=6 (full 1):
 par new generation   total 109248K, used 13110K [0x00000000e0000000, 0x00000000e8000000, 0x00000000e8000000)
  eden space 87424K,   0% used [0x00000000e0000000, 0x00000000e0000000, 0x00000000e5560000)
  from space 21824K,  60% used [0x00000000e5560000, 0x00000000e622dbc0, 0x00000000e6ab0000)
  to   space 21824K,   0% used [0x00000000e6ab0000, 0x00000000e6ab0000, 0x00000000e8000000)
 concurrent mark-sweep generation total 393216K, used 0K [0x00000000e8000000, 0x0000000100000000, 0x0000000100000000)
 Metaspace       used 21715K, capacity 22046K, committed 22216K, reserved 1069056K
  class space    used 2514K, capacity 2678K, committed 2684K, reserved 1048576K
}
2017-09-04T14:26:18.910+0200: 2,958: Total time for which application threads were stopped: 0,0139392 seconds, Stopping threads took: 0,0000678 seconds
2017-09-04T14:26:19.148+0200: 3,196: Total time for which application threads were stopped: 0,0004656 seconds, Stopping threads took: 0,0000425 seconds
2017-09-04T14:26:19.184+0200: 3,233: Total time for which application threads were stopped: 0,0003767 seconds, Stopping threads took: 0,0000500 seconds
2017-09-04T14:26:19.196+0200: 3,244: Total time for which application threads were stopped: 0,0004672 seconds, Stopping threads took: 0,0000554 seconds
{Heap before GC invocations=6 (full 1):
 par new generation   total 109248K, used 100534K [0x00000000e0000000, 0x00000000e8000000, 0x00000000e8000000)
  eden space 87424K, 100% used [0x00000000e0000000, 0x00000000e5560000, 0x00000000e5560000)
  from space 21824K,  60% used [0x00000000e5560000, 0x00000000e622dbc0, 0x00000000e6ab0000)
  to   space 21824K,   0% used [0x00000000e6ab0000, 0x00000000e6ab0000, 0x00000000e8000000)
 concurrent mark-sweep generation total 393216K, used 0K [0x00000000e8000000, 0x0000000100000000, 0x0000000100000000)
 Metaspace       used 23905K, capacity 24418K, committed 24572K, reserved 1071104K
  class space    used 2812K, capacity 3020K, committed 3068K, reserved 1048576K
2017-09-04T14:26:19.360+0200: 3,409: [GC (Allocation Failure) 2017-09-04T14:26:19.360+0200: 3,409: [ParNew
Desired survivor size 20112992 bytes, new threshold 8 (max 8)
- age   1:    4934512 bytes,    4934512 total
- age   2:     210864 bytes,    5145376 total
- age   3:      18176 bytes,    5163552 total
- age   4:     184520 bytes,    5348072 total
- age   5:     283152 bytes,    5631224 total
- age   6:     802120 bytes,    6433344 total
- age   7:    6673848 bytes,   13107192 total
: 100534K->13959K(109248K), 0,0110407 secs] 100534K->13959K(502464K), 0,0111053 secs] [Times: user=0,04 sys=0,00, real=0,01 secs] 
Heap after GC invocations=7 (full 1):
 par new generation   total 109248K, used 13959K [0x00000000e0000000, 0x00000000e8000000, 0x00000000e8000000)
  eden space 87424K,   0% used [0x00000000e0000000, 0x00000000e0000000, 0x00000000e5560000)
  from space 21824K,  63% used [0x00000000e6ab0000, 0x00000000e7851c38, 0x00000000e8000000)
  to   space 21824K,   0% used [0x00000000e5560000, 0x00000000e5560000, 0x00000000e6ab0000)
 concurrent mark-sweep generation total 393216K, used 0K [0x00000000e8000000, 0x0000000100000000, 0x0000000100000000)
 Metaspace       used 23905K, capacity 24418K, committed 24572K, reserved 1071104K
  class space    used 2812K, capacity 3020K, committed 3068K, reserved 1048576K
}
2017-09-04T14:26:19.371+0200: 3,420: Total time for which application threads were stopped: 0,0113757 seconds, Stopping threads took: 0,0000804 seconds
{Heap before GC invocations=7 (full 1):
 par new generation   total 109248K, used 101383K [0x00000000e0000000, 0x00000000e8000000, 0x00000000e8000000)
  eden space 87424K, 100% used [0x00000000e0000000, 0x00000000e5560000, 0x00000000e5560000)
  from space 21824K,  63% used [0x00000000e6ab0000, 0x00000000e7851c38, 0x00000000e8000000)
  to   space 21824K,   0% used [0x00000000e5560000, 0x00000000e5560000, 0x00000000e6ab0000)
 concurrent mark-sweep generation total 393216K, used 0K [0x00000000e8000000, 0x0000000100000000, 0x0000000100000000)
 Metaspace       used 24327K, capacity 24846K, committed 25084K, reserved 1071104K
  class space    used 2853K, capacity 3055K, committed 3068K, reserved 1048576K
2017-09-04T14:26:19.450+0200: 3,498: [GC (Allocation Failure) 2017-09-04T14:26:19.450+0200: 3,499: [ParNew
Desired survivor size 20112992 bytes, new threshold 8 (max 8)
- age   1:    1918056 bytes,    1918056 total
- age   2:    1765264 bytes,    3683320 total
- age   3:     115704 bytes,    3799024 total
- age   4:      10712 bytes,    3809736 total
- age   5:      96688 bytes,    3906424 total
- age   6:     178992 bytes,    4085416 total
- age   7:     768032 bytes,    4853448 total
- age   8:    6139264 bytes,   10992712 total
: 101383K->13341K(109248K), 0,0161527 secs] 101383K->13341K(502464K), 0,0162379 secs] [Times: user=0,06 sys=0,00, real=0,02 secs] 
Heap after GC invocations=8 (full 1):
 par new generation   total 109248K, used 13341K [0x00000000e0000000, 0x00000000e8000000, 0x00000000e8000000)
  eden space 87424K,   0% used [0x00000000e0000000, 0x00000000e0000000, 0x00000000e5560000)
  from space 21824K,  61% used [0x00000000e5560000, 0x00000000e6267780, 0x00000000e6ab0000)
  to   space 21824K,   0% used [0x00000000e6ab0000, 0x00000000e6ab0000, 0x00000000e8000000)
 concurrent mark-sweep generation total 393216K, used 0K [0x00000000e8000000, 0x0000000100000000, 0x0000000100000000)
 Metaspace       used 24327K, capacity 24846K, committed 25084K, reserved 1071104K
  class space    used 2853K, capacity 3055K, committed 3068K, reserved 1048576K
}
2017-09-04T14:26:19.466+0200: 3,515: Total time for which application threads were stopped: 0,0167630 seconds, Stopping threads took: 0,0003238 seconds
{Heap before GC invocations=8 (full 1):
 par new generation   total 109248K, used 100744K [0x00000000e0000000, 0x00000000e8000000, 0x00000000e8000000)
  eden space 87424K,  99% used [0x00000000e0000000, 0x00000000e555aa68, 0x00000000e5560000)
  from space 21824K,  61% used [0x00000000e5560000, 0x00000000e6267780, 0x00000000e6ab0000)
  to   space 21824K,   0% used [0x00000000e6ab0000, 0x00000000e6ab0000, 0x00000000e8000000)
 concurrent mark-sweep generation total 393216K, used 0K [0x00000000e8000000, 0x0000000100000000, 0x0000000100000000)
 Metaspace       used 24669K, capacity 25154K, committed 25468K, reserved 1071104K
  class space    used 2883K, capacity 3090K, committed 3196K, reserved 1048576K
2017-09-04T14:26:19.552+0200: 3,600: [GC (Allocation Failure) 2017-09-04T14:26:19.552+0200: 3,600: [ParNew
Desired survivor size 20112992 bytes, new threshold 8 (max 8)
- age   1:     736176 bytes,     736176 total
- age   2:     969464 bytes,    1705640 total
- age   3:    1742976 bytes,    3448616 total
- age   4:     115672 bytes,    3564288 total
- age   5:      10712 bytes,    3575000 total
- age   6:      96520 bytes,    3671520 total
- age   7:     176192 bytes,    3847712 total
- age   8:     767264 bytes,    4614976 total
: 100744K->10719K(109248K), 0,0301925 secs] 100744K->16797K(502464K), 0,0302619 secs] [Times: user=0,10 sys=0,01, real=0,03 secs] 
Heap after GC invocations=9 (full 1):
 par new generation   total 109248K, used 10719K [0x00000000e0000000, 0x00000000e8000000, 0x00000000e8000000)
  eden space 87424K,   0% used [0x00000000e0000000, 0x00000000e0000000, 0x00000000e5560000)
  from space 21824K,  49% used [0x00000000e6ab0000, 0x00000000e7527ee0, 0x00000000e8000000)
  to   space 21824K,   0% used [0x00000000e5560000, 0x00000000e5560000, 0x00000000e6ab0000)
 concurrent mark-sweep generation total 393216K, used 6077K [0x00000000e8000000, 0x0000000100000000, 0x0000000100000000)
 Metaspace       used 24669K, capacity 25154K, committed 25468K, reserved 1071104K
  class space    used 2883K, capacity 3090K, committed 3196K, reserved 1048576K
}
2017-09-04T14:26:19.582+0200: 3,631: Total time for which application threads were stopped: 0,0304861 seconds, Stopping threads took: 0,0000735 seconds
2017-09-04T14:26:19.882+0200: 3,930: Total time for which application threads were stopped: 0,0053679 seconds, Stopping threads took: 0,0037713 seconds
2017-09-04T14:26:19.952+0200: 4,001: Total time for which application threads were stopped: 0,0004840 seconds, Stopping threads took: 0,0000559 seconds
2017-09-04T14:26:19.969+0200: 4,018: Total time for which application threads were stopped: 0,0004652 seconds, Stopping threads took: 0,0000224 seconds
2017-09-04T14:26:20.003+0200: 4,051: Total time for which application threads were stopped: 0,0005602 seconds, Stopping threads took: 0,0000489 seconds
2017-09-04T14:26:20.024+0200: 4,072: Total time for which application threads were stopped: 0,0004982 seconds, Stopping threads took: 0,0000388 seconds
2017-09-04T14:26:20.025+0200: 4,074: Total time for which application threads were stopped: 0,0001628 seconds, Stopping threads took: 0,0000614 seconds
2017-09-04T14:26:20.030+0200: 4,079: Total time for which application threads were stopped: 0,0001619 seconds, Stopping threads took: 0,0000324 seconds
2017-09-04T14:26:20.031+0200: 4,079: Total time for which application threads were stopped: 0,0001270 seconds, Stopping threads took: 0,0000503 seconds
2017-09-04T14:26:20.036+0200: 4,084: Total time for which application threads were stopped: 0,0001207 seconds, Stopping threads took: 0,0000408 seconds
2017-09-04T14:26:20.043+0200: 4,092: Total time for which application threads were stopped: 0,0001441 seconds, Stopping threads took: 0,0000464 seconds
2017-09-04T14:26:20.044+0200: 4,093: Total time for which application threads were stopped: 0,0001018 seconds, Stopping threads took: 0,0000338 seconds
2017-09-04T14:26:20.045+0200: 4,093: Total time for which application threads were stopped: 0,0001089 seconds, Stopping threads took: 0,0000320 seconds
2017-09-04T14:26:20.045+0200: 4,094: Total time for which application threads were stopped: 0,0001006 seconds, Stopping threads took: 0,0000273 seconds
2017-09-04T14:26:20.047+0200: 4,096: Total time for which application threads were stopped: 0,0001457 seconds, Stopping threads took: 0,0000370 seconds
2017-09-04T14:26:20.047+0200: 4,096: Total time for which application threads were stopped: 0,0001157 seconds, Stopping threads took: 0,0000318 seconds
2017-09-04T14:26:20.048+0200: 4,097: Total time for which application threads were stopped: 0,0010340 seconds, Stopping threads took: 0,0009717 seconds
2017-09-04T14:26:20.054+0200: 4,102: Total time for which application threads were stopped: 0,0002553 seconds, Stopping threads took: 0,0001487 seconds
2017-09-04T14:26:20.054+0200: 4,102: Total time for which application threads were stopped: 0,0001211 seconds, Stopping threads took: 0,0000384 seconds
2017-09-04T14:26:20.054+0200: 4,103: Total time for which application threads were stopped: 0,0001275 seconds, Stopping threads took: 0,0000495 seconds
2017-09-04T14:26:20.054+0200: 4,103: Total time for which application threads were stopped: 0,0000819 seconds, Stopping threads took: 0,0000216 seconds
2017-09-04T14:26:20.055+0200: 4,103: Total time for which application threads were stopped: 0,0000965 seconds, Stopping threads took: 0,0000223 seconds
2017-09-04T14:26:20.055+0200: 4,103: Total time for which application threads were stopped: 0,0001664 seconds, Stopping threads took: 0,0000886 seconds
2017-09-04T14:26:20.055+0200: 4,103: Total time for which application threads were stopped: 0,0001030 seconds, Stopping threads took: 0,0000186 seconds
2017-09-04T14:26:20.055+0200: 4,104: Total time for which application threads were stopped: 0,0002010 seconds, Stopping threads took: 0,0001139 seconds
2017-09-04T14:26:20.056+0200: 4,104: Total time for which application threads were stopped: 0,0000952 seconds, Stopping threads took: 0,0000250 seconds
2017-09-04T14:26:20.058+0200: 4,107: Total time for which application threads were stopped: 0,0025090 seconds, Stopping threads took: 0,0023844 seconds
2017-09-04T14:26:20.058+0200: 4,107: Total time for which application threads were stopped: 0,0002713 seconds, Stopping threads took: 0,0000316 seconds
2017-09-04T14:26:20.065+0200: 4,114: Total time for which application threads were stopped: 0,0002164 seconds, Stopping threads took: 0,0000612 seconds
2017-09-04T14:26:20.065+0200: 4,114: Total time for which application threads were stopped: 0,0000973 seconds, Stopping threads took: 0,0000192 seconds
2017-09-04T14:26:20.068+0200: 4,116: Total time for which application threads were stopped: 0,0001490 seconds, Stopping threads took: 0,0000486 seconds
2017-09-04T14:26:20.069+0200: 4,117: Total time for which application threads were stopped: 0,0001343 seconds, Stopping threads took: 0,0000444 seconds
2017-09-04T14:26:20.069+0200: 4,117: Total time for which application threads were stopped: 0,0001047 seconds, Stopping threads took: 0,0000283 seconds
2017-09-04T14:26:20.069+0200: 4,117: Total time for which application threads were stopped: 0,0000742 seconds, Stopping threads took: 0,0000226 seconds
2017-09-04T14:26:20.069+0200: 4,118: Total time for which application threads were stopped: 0,0001019 seconds, Stopping threads took: 0,0000255 seconds
2017-09-04T14:26:20.069+0200: 4,118: Total time for which application threads were stopped: 0,0000908 seconds, Stopping threads took: 0,0000226 seconds
2017-09-04T14:26:20.070+0200: 4,118: Total time for which application threads were stopped: 0,0000709 seconds, Stopping threads took: 0,0000183 seconds
2017-09-04T14:26:20.070+0200: 4,118: Total time for which application threads were stopped: 0,0000701 seconds, Stopping threads took: 0,0000228 seconds
2017-09-04T14:26:20.070+0200: 4,118: Total time for which application threads were stopped: 0,0000634 seconds, Stopping threads took: 0,0000175 seconds
2017-09-04T14:26:20.070+0200: 4,119: Total time for which application threads were stopped: 0,0000941 seconds, Stopping threads took: 0,0000247 seconds
2017-09-04T14:26:20.071+0200: 4,120: Total time for which application threads were stopped: 0,0001358 seconds, Stopping threads took: 0,0000437 seconds
2017-09-04T14:26:20.071+0200: 4,120: Total time for which application threads were stopped: 0,0000887 seconds, Stopping threads took: 0,0000235 seconds
2017-09-04T14:26:20.072+0200: 4,120: Total time for which application threads were stopped: 0,0000872 seconds, Stopping threads took: 0,0000235 seconds
2017-09-04T14:26:20.072+0200: 4,120: Total time for which application threads were stopped: 0,0000882 seconds, Stopping threads took: 0,0000239 seconds
2017-09-04T14:26:20.072+0200: 4,120: Total time for which application threads were stopped: 0,0000854 seconds, Stopping threads took: 0,0000194 seconds
2017-09-04T14:26:20.072+0200: 4,121: Total time for which application threads were stopped: 0,0000891 seconds, Stopping threads took: 0,0000202 seconds
2017-09-04T14:26:20.072+0200: 4,121: Total time for which application threads were stopped: 0,0000844 seconds, Stopping threads took: 0,0000186 seconds
2017-09-04T14:26:20.072+0200: 4,121: Total time for which application threads were stopped: 0,0000868 seconds, Stopping threads took: 0,0000207 seconds
2017-09-04T14:26:20.073+0200: 4,121: Total time for which application threads were stopped: 0,0000854 seconds, Stopping threads took: 0,0000217 seconds
2017-09-04T14:26:20.073+0200: 4,122: Total time for which application threads were stopped: 0,0002511 seconds, Stopping threads took: 0,0000376 seconds
2017-09-04T14:26:20.075+0200: 4,123: Total time for which application threads were stopped: 0,0001533 seconds, Stopping threads took: 0,0000441 seconds
2017-09-04T14:26:20.132+0200: 4,181: Total time for which application threads were stopped: 0,0001524 seconds, Stopping threads took: 0,0000407 seconds
2017-09-04T14:26:20.153+0200: 4,201: Total time for which application threads were stopped: 0,0007612 seconds, Stopping threads took: 0,0000455 seconds
2017-09-04T14:26:20.159+0200: 4,208: Total time for which application threads were stopped: 0,0002291 seconds, Stopping threads took: 0,0001194 seconds
2017-09-04T14:26:21.159+0200: 5,208: Total time for which application threads were stopped: 0,0000856 seconds, Stopping threads took: 0,0000163 seconds
2017-09-04T14:28:12.676+0200: 117,220: Total time for which application threads were stopped: 0,0000881 seconds, Stopping threads took: 0,0000398 seconds
2017-09-04T14:28:17.677+0200: 122,221: Total time for which application threads were stopped: 0,0000630 seconds, Stopping threads took: 0,0000144 seconds
{Heap before GC invocations=9 (full 1):
 par new generation   total 109248K, used 98143K [0x00000000e0000000, 0x00000000e8000000, 0x00000000e8000000)
  eden space 87424K, 100% used [0x00000000e0000000, 0x00000000e5560000, 0x00000000e5560000)
  from space 21824K,  49% used [0x00000000e6ab0000, 0x00000000e7527ee0, 0x00000000e8000000)
  to   space 21824K,   0% used [0x00000000e5560000, 0x00000000e5560000, 0x00000000e6ab0000)
 concurrent mark-sweep generation total 393216K, used 6077K [0x00000000e8000000, 0x0000000100000000, 0x0000000100000000)
 Metaspace       used 28058K, capacity 28578K, committed 28796K, reserved 1075200K
  class space    used 3215K, capacity 3396K, committed 3452K, reserved 1048576K
2017-09-04T14:29:11.466+0200: 176,010: [GC (Allocation Failure) 2017-09-04T14:29:11.466+0200: 176,010: [ParNew
Desired survivor size 20112992 bytes, new threshold 8 (max 8)
- age   1:   11109392 bytes,   11109392 total
- age   2:     237608 bytes,   11347000 total
- age   3:     190336 bytes,   11537336 total
- age   4:    1736984 bytes,   13274320 total
- age   5:     113072 bytes,   13387392 total
- age   6:      10712 bytes,   13398104 total
- age   7:      96296 bytes,   13494400 total
- age   8:     175632 bytes,   13670032 total
: 98143K->15016K(109248K), 0,0147307 secs] 104221K->21930K(502464K), 0,0148007 secs] [Times: user=0,05 sys=0,00, real=0,02 secs] 
Heap after GC invocations=10 (full 1):
 par new generation   total 109248K, used 15016K [0x00000000e0000000, 0x00000000e8000000, 0x00000000e8000000)
  eden space 87424K,   0% used [0x00000000e0000000, 0x00000000e0000000, 0x00000000e5560000)
  from space 21824K,  68% used [0x00000000e5560000, 0x00000000e640a330, 0x00000000e6ab0000)
  to   space 21824K,   0% used [0x00000000e6ab0000, 0x00000000e6ab0000, 0x00000000e8000000)
 concurrent mark-sweep generation total 393216K, used 6913K [0x00000000e8000000, 0x0000000100000000, 0x0000000100000000)
 Metaspace       used 28058K, capacity 28578K, committed 28796K, reserved 1075200K
  class space    used 3215K, capacity 3396K, committed 3452K, reserved 1048576K
}
2017-09-04T14:29:11.481+0200: 176,025: Total time for which application threads were stopped: 0,0149546 seconds, Stopping threads took: 0,0000396 seconds
2017-09-04T14:29:11.482+0200: 176,026: Total time for which application threads were stopped: 0,0000773 seconds, Stopping threads took: 0,0000323 seconds
2017-09-04T14:29:11.482+0200: 176,026: Total time for which application threads were stopped: 0,0000545 seconds, Stopping threads took: 0,0000298 seconds
2017-09-04T14:29:16.483+0200: 181,027: Total time for which application threads were stopped: 0,0000586 seconds, Stopping threads took: 0,0000136 seconds
2017-09-04T14:30:36.491+0200: 261,036: Total time for which application threads were stopped: 0,0002964 seconds, Stopping threads took: 0,0001452 seconds
2017-09-04T14:49:41.615+0200: 1406,159: Total time for which application threads were stopped: 0,0000903 seconds, Stopping threads took: 0,0000363 seconds
2017-09-04T14:53:46.643+0200: 1651,187: Total time for which application threads were stopped: 0,0000897 seconds, Stopping threads took: 0,0000342 seconds
2017-09-04T15:02:47.702+0200: 2192,246: Total time for which application threads were stopped: 0,0000786 seconds, Stopping threads took: 0,0000303 seconds
2017-09-04T15:04:36.714+0200: 2301,258: Total time for which application threads were stopped: 0,0000777 seconds, Stopping threads took: 0,0000283 seconds
2017-09-04T15:04:37.714+0200: 2302,258: Total time for which application threads were stopped: 0,0000634 seconds, Stopping threads took: 0,0000143 seconds
2017-09-04T15:19:32.806+0200: 3197,350: Total time for which application threads were stopped: 0,0000904 seconds, Stopping threads took: 0,0000352 seconds
2017-09-04T15:28:46.862+0200: 3751,406: Total time for which application threads were stopped: 0,0004209 seconds, Stopping threads took: 0,0001625 seconds
2017-09-04T15:30:17.871+0200: 3842,416: Total time for which application threads were stopped: 0,0001422 seconds, Stopping threads took: 0,0000429 seconds
2017-09-04T15:33:21.890+0200: 4026,435: Total time for which application threads were stopped: 0,0000775 seconds, Stopping threads took: 0,0000289 seconds
2017-09-04T15:34:46.900+0200: 4111,444: Total time for which application threads were stopped: 0,0004299 seconds, Stopping threads took: 0,0001870 seconds
2017-09-04T15:44:42.958+0200: 4707,502: Total time for which application threads were stopped: 0,0000824 seconds, Stopping threads took: 0,0000306 seconds
2017-09-04T16:10:38.122+0200: 6262,666: Total time for which application threads were stopped: 0,0004145 seconds, Stopping threads took: 0,0001563 seconds
2017-09-04T16:22:47.197+0200: 6991,742: Total time for which application threads were stopped: 0,0000957 seconds, Stopping threads took: 0,0000305 seconds
2017-09-04T16:28:17.231+0200: 7321,775: Total time for which application threads were stopped: 0,0000861 seconds, Stopping threads took: 0,0000327 seconds
2017-09-04T16:34:17.268+0200: 7681,813: Total time for which application threads were stopped: 0,0000988 seconds, Stopping threads took: 0,0000399 seconds
2017-09-04T16:34:47.272+0200: 7711,816: Total time for which application threads were stopped: 0,0003601 seconds, Stopping threads took: 0,0001407 seconds
2017-09-04T18:42:17.237+0200: 15361,782: Total time for which application threads were stopped: 0,0000982 seconds, Stopping threads took: 0,0000375 seconds
2017-09-04T18:44:17.255+0200: 15481,800: Total time for which application threads were stopped: 0,0001108 seconds, Stopping threads took: 0,0000418 seconds
2017-09-04T23:16:36.557+0200: 31821,102: Total time for which application threads were stopped: 0,0001297 seconds, Stopping threads took: 0,0000400 seconds
2017-09-04T23:16:36.562+0200: 31821,106: Total time for which application threads were stopped: 0,0001307 seconds, Stopping threads took: 0,0000384 seconds
2017-09-04T23:16:36.606+0200: 31821,151: Total time for which application threads were stopped: 0,0124874 seconds, Stopping threads took: 0,0124072 seconds
2017-09-04T23:16:36.606+0200: 31821,151: Total time for which application threads were stopped: 0,0000611 seconds, Stopping threads took: 0,0000099 seconds
2017-09-04T23:16:36.606+0200: 31821,151: Total time for which application threads were stopped: 0,0004966 seconds, Stopping threads took: 0,0000097 seconds
2017-09-04T23:16:36.608+0200: 31821,152: Total time for which application threads were stopped: 0,0005772 seconds, Stopping threads took: 0,0004578 seconds
2017-09-04T23:16:36.608+0200: 31821,152: Total time for which application threads were stopped: 0,0000671 seconds, Stopping threads took: 0,0000100 seconds
2017-09-04T23:16:36.608+0200: 31821,152: Total time for which application threads were stopped: 0,0000561 seconds, Stopping threads took: 0,0000073 seconds
2017-09-04T23:16:36.623+0200: 31821,167: Total time for which application threads were stopped: 0,0001228 seconds, Stopping threads took: 0,0000326 seconds
2017-09-04T23:16:36.623+0200: 31821,168: Total time for which application threads were stopped: 0,0000738 seconds, Stopping threads took: 0,0000169 seconds
2017-09-04T23:16:36.623+0200: 31821,168: Total time for which application threads were stopped: 0,0000705 seconds, Stopping threads took: 0,0000177 seconds
2017-09-04T23:16:36.631+0200: 31821,175: Total time for which application threads were stopped: 0,0000993 seconds, Stopping threads took: 0,0000283 seconds
2017-09-04T23:16:36.631+0200: 31821,175: Total time for which application threads were stopped: 0,0000533 seconds, Stopping threads took: 0,0000156 seconds
2017-09-04T23:16:36.632+0200: 31821,177: Total time for which application threads were stopped: 0,0000967 seconds, Stopping threads took: 0,0000291 seconds
2017-09-04T23:16:36.632+0200: 31821,177: Total time for which application threads were stopped: 0,0000483 seconds, Stopping threads took: 0,0000132 seconds
2017-09-04T23:16:36.633+0200: 31821,178: Total time for which application threads were stopped: 0,0001135 seconds, Stopping threads took: 0,0000406 seconds
2017-09-04T23:16:36.634+0200: 31821,179: Total time for which application threads were stopped: 0,0000937 seconds, Stopping threads took: 0,0000279 seconds
2017-09-04T23:16:36.634+0200: 31821,179: Total time for which application threads were stopped: 0,0000664 seconds, Stopping threads took: 0,0000187 seconds
2017-09-04T23:16:36.637+0200: 31821,182: Total time for which application threads were stopped: 0,0001225 seconds, Stopping threads took: 0,0000512 seconds
2017-09-04T23:16:36.637+0200: 31821,182: Total time for which application threads were stopped: 0,0000590 seconds, Stopping threads took: 0,0000173 seconds
2017-09-04T23:16:36.638+0200: 31821,182: Total time for which application threads were stopped: 0,0000789 seconds, Stopping threads took: 0,0000227 seconds
2017-09-04T23:16:36.639+0200: 31821,183: Total time for which application threads were stopped: 0,0001259 seconds, Stopping threads took: 0,0000322 seconds
2017-09-04T23:16:36.640+0200: 31821,184: Total time for which application threads were stopped: 0,0000625 seconds, Stopping threads took: 0,0000161 seconds
2017-09-04T23:16:36.640+0200: 31821,184: Total time for which application threads were stopped: 0,0000471 seconds, Stopping threads took: 0,0000121 seconds
2017-09-04T23:16:36.640+0200: 31821,184: Total time for which application threads were stopped: 0,0000528 seconds, Stopping threads took: 0,0000141 seconds
2017-09-04T23:16:36.640+0200: 31821,184: Total time for which application threads were stopped: 0,0000717 seconds, Stopping threads took: 0,0000140 seconds
2017-09-04T23:16:36.641+0200: 31821,185: Total time for which application threads were stopped: 0,0001045 seconds, Stopping threads took: 0,0000321 seconds
2017-09-04T23:16:36.641+0200: 31821,186: Total time for which application threads were stopped: 0,0001164 seconds, Stopping threads took: 0,0000564 seconds
2017-09-04T23:16:36.650+0200: 31821,195: Total time for which application threads were stopped: 0,0000868 seconds, Stopping threads took: 0,0000147 seconds
2017-09-04T23:16:36.651+0200: 31821,195: Total time for which application threads were stopped: 0,0001581 seconds, Stopping threads took: 0,0000144 seconds
2017-09-04T23:16:36.651+0200: 31821,196: Total time for which application threads were stopped: 0,0001006 seconds, Stopping threads took: 0,0000233 seconds
2017-09-04T23:16:36.652+0200: 31821,196: Total time for which application threads were stopped: 0,0001323 seconds, Stopping threads took: 0,0000280 seconds
Heap
 par new generation   total 109248K, used 35091K [0x00000000e0000000, 0x00000000e8000000, 0x00000000e8000000)
  eden space 87424K,  22% used [0x00000000e0000000, 0x00000000e139aa40, 0x00000000e5560000)
  from space 21824K,  68% used [0x00000000e5560000, 0x00000000e640a330, 0x00000000e6ab0000)
  to   space 21824K,   0% used [0x00000000e6ab0000, 0x00000000e6ab0000, 0x00000000e8000000)
 concurrent mark-sweep generation total 393216K, used 6913K [0x00000000e8000000, 0x0000000100000000, 0x0000000100000000)
 Metaspace       used 28224K, capacity 28784K, committed 29052K, reserved 1075200K
  class space    used 3230K, capacity 3399K, committed 3452K, reserved 1048576K
