OpenJDK 64-Bit Server VM (25.131-b11) for linux-amd64 JRE (1.8.0_131-8u131-b11-2ubuntu1.16.04.3-b11), built on Jul 28 2017 01:23:32 by "buildd" with gcc 5.4.0 20160609
Memory: 4k page, physical 7867732k(7483164k free), swap 8076284k(8076284k free)
CommandLine flags: -XX:CMSInitiatingOccupancyFraction=50 -XX:CMSMaxAbortablePrecleanTime=6000 -XX:+CMSParallelRemarkEnabled -XX:+CMSScavengeBeforeRemark -XX:ConcGCThreads=4 -XX:InitialHeapSize=536870912 -XX:MaxHeapSize=536870912 -XX:MaxTenuringThreshold=8 -XX:NewRatio=3 -XX:OldPLABSize=16 -XX:OnOutOfMemoryError=/opt/solr/bin/oom_solr.sh 8983 /var/solr/logs -XX:ParallelGCThreads=4 -XX:+ParallelRefProcEnabled -XX:PretenureSizeThreshold=67108864 -XX:+PrintGC -XX:+PrintGCApplicationStoppedTime -XX:+PrintGCDateStamps -XX:+PrintGCDetails -XX:+PrintGCTimeStamps -XX:+PrintHeapAtGC -XX:+PrintTenuringDistribution -XX:SurvivorRatio=4 -XX:TargetSurvivorRatio=90 -XX:ThreadStackSize=256 -XX:+UseCMSInitiatingOccupancyOnly -XX:+UseCompressedClassPointers -XX:+UseCompressedOops -XX:+UseConcMarkSweepGC -XX:+UseParNewGC 
2017-08-06T22:44:48.981+0200: 0,224: Total time for which application threads were stopped: 0,0000906 seconds, Stopping threads took: 0,0000115 seconds
2017-08-06T22:44:49.082+0200: 0,325: Total time for which application threads were stopped: 0,0000989 seconds, Stopping threads took: 0,0000167 seconds
2017-08-06T22:44:49.101+0200: 0,344: Total time for which application threads were stopped: 0,0000991 seconds, Stopping threads took: 0,0000151 seconds
2017-08-06T22:44:49.429+0200: 0,672: Total time for which application threads were stopped: 0,0001471 seconds, Stopping threads took: 0,0000169 seconds
2017-08-06T22:44:49.903+0200: 1,146: Total time for which application threads were stopped: 0,0001635 seconds, Stopping threads took: 0,0000248 seconds
2017-08-06T22:44:50.059+0200: 1,302: Total time for which application threads were stopped: 0,0001588 seconds, Stopping threads took: 0,0000161 seconds
2017-08-06T22:44:50.098+0200: 1,341: Total time for which application threads were stopped: 0,0001807 seconds, Stopping threads took: 0,0000199 seconds
2017-08-06T22:44:50.448+0200: 1,691: Total time for which application threads were stopped: 0,0001923 seconds, Stopping threads took: 0,0000213 seconds
2017-08-06T22:44:50.699+0200: 1,942: Total time for which application threads were stopped: 0,0002103 seconds, Stopping threads took: 0,0000378 seconds
2017-08-06T22:44:50.724+0200: 1,967: Total time for which application threads were stopped: 0,0010488 seconds, Stopping threads took: 0,0001512 seconds
2017-08-06T22:44:50.756+0200: 1,999: Total time for which application threads were stopped: 0,0002270 seconds, Stopping threads took: 0,0000198 seconds
2017-08-06T22:44:50.757+0200: 2,000: Total time for which application threads were stopped: 0,0001831 seconds, Stopping threads took: 0,0000279 seconds
2017-08-06T22:44:50.773+0200: 2,016: Total time for which application threads were stopped: 0,0002010 seconds, Stopping threads took: 0,0000194 seconds
2017-08-06T22:44:50.844+0200: 2,087: Total time for which application threads were stopped: 0,0002237 seconds, Stopping threads took: 0,0000260 seconds
2017-08-06T22:44:51.027+0200: 2,270: Total time for which application threads were stopped: 0,0002729 seconds, Stopping threads took: 0,0000558 seconds
{Heap before GC invocations=0 (full 0):
 par new generation   total 109248K, used 87424K [0x00000000e0000000, 0x00000000e8000000, 0x00000000e8000000)
  eden space 87424K, 100% used [0x00000000e0000000, 0x00000000e5560000, 0x00000000e5560000)
  from space 21824K,   0% used [0x00000000e5560000, 0x00000000e5560000, 0x00000000e6ab0000)
  to   space 21824K,   0% used [0x00000000e6ab0000, 0x00000000e6ab0000, 0x00000000e8000000)
 concurrent mark-sweep generation total 393216K, used 0K [0x00000000e8000000, 0x0000000100000000, 0x0000000100000000)
 Metaspace       used 18047K, capacity 18400K, committed 18688K, reserved 1064960K
  class space    used 2036K, capacity 2196K, committed 2304K, reserved 1048576K
2017-08-06T22:44:51.118+0200: 2,361: [GC (Allocation Failure) 2017-08-06T22:44:51.118+0200: 2,361: [ParNew
Desired survivor size 20112992 bytes, new threshold 8 (max 8)
- age   1:   12610488 bytes,   12610488 total
: 87424K->12427K(109248K), 0,0161745 secs] 87424K->12427K(502464K), 0,0162490 secs] [Times: user=0,04 sys=0,03, real=0,02 secs] 
Heap after GC invocations=1 (full 0):
 par new generation   total 109248K, used 12427K [0x00000000e0000000, 0x00000000e8000000, 0x00000000e8000000)
  eden space 87424K,   0% used [0x00000000e0000000, 0x00000000e0000000, 0x00000000e5560000)
  from space 21824K,  56% used [0x00000000e6ab0000, 0x00000000e76d2cf8, 0x00000000e8000000)
  to   space 21824K,   0% used [0x00000000e5560000, 0x00000000e5560000, 0x00000000e6ab0000)
 concurrent mark-sweep generation total 393216K, used 0K [0x00000000e8000000, 0x0000000100000000, 0x0000000100000000)
 Metaspace       used 18047K, capacity 18400K, committed 18688K, reserved 1064960K
  class space    used 2036K, capacity 2196K, committed 2304K, reserved 1048576K
}
2017-08-06T22:44:51.134+0200: 2,377: Total time for which application threads were stopped: 0,0164870 seconds, Stopping threads took: 0,0000509 seconds
2017-08-06T22:44:51.509+0200: 2,752: Total time for which application threads were stopped: 0,0003305 seconds, Stopping threads took: 0,0000567 seconds
{Heap before GC invocations=1 (full 0):
 par new generation   total 109248K, used 99851K [0x00000000e0000000, 0x00000000e8000000, 0x00000000e8000000)
  eden space 87424K, 100% used [0x00000000e0000000, 0x00000000e5560000, 0x00000000e5560000)
  from space 21824K,  56% used [0x00000000e6ab0000, 0x00000000e76d2cf8, 0x00000000e8000000)
  to   space 21824K,   0% used [0x00000000e5560000, 0x00000000e5560000, 0x00000000e6ab0000)
 concurrent mark-sweep generation total 393216K, used 0K [0x00000000e8000000, 0x0000000100000000, 0x0000000100000000)
 Metaspace       used 20112K, capacity 20434K, committed 20736K, reserved 1067008K
  class space    used 2298K, capacity 2473K, committed 2560K, reserved 1048576K
2017-08-06T22:44:51.546+0200: 2,789: [GC (Allocation Failure) 2017-08-06T22:44:51.546+0200: 2,789: [ParNew
Desired survivor size 20112992 bytes, new threshold 8 (max 8)
- age   1:    3700272 bytes,    3700272 total
- age   2:    6675752 bytes,   10376024 total
: 99851K->13768K(109248K), 0,0161656 secs] 99851K->13768K(502464K), 0,0162335 secs] [Times: user=0,05 sys=0,00, real=0,02 secs] 
Heap after GC invocations=2 (full 0):
 par new generation   total 109248K, used 13768K [0x00000000e0000000, 0x00000000e8000000, 0x00000000e8000000)
  eden space 87424K,   0% used [0x00000000e0000000, 0x00000000e0000000, 0x00000000e5560000)
  from space 21824K,  63% used [0x00000000e5560000, 0x00000000e62d2208, 0x00000000e6ab0000)
  to   space 21824K,   0% used [0x00000000e6ab0000, 0x00000000e6ab0000, 0x00000000e8000000)
 concurrent mark-sweep generation total 393216K, used 0K [0x00000000e8000000, 0x0000000100000000, 0x0000000100000000)
 Metaspace       used 20112K, capacity 20434K, committed 20736K, reserved 1067008K
  class space    used 2298K, capacity 2473K, committed 2560K, reserved 1048576K
}
2017-08-06T22:44:51.562+0200: 2,805: Total time for which application threads were stopped: 0,0194322 seconds, Stopping threads took: 0,0030568 seconds
2017-08-06T22:44:51.564+0200: 2,807: Total time for which application threads were stopped: 0,0003303 seconds, Stopping threads took: 0,0000483 seconds
2017-08-06T22:44:51.595+0200: 2,838: Total time for which application threads were stopped: 0,0003589 seconds, Stopping threads took: 0,0000668 seconds
2017-08-06T22:44:51.725+0200: 2,968: Total time for which application threads were stopped: 0,0002032 seconds, Stopping threads took: 0,0000579 seconds
{Heap before GC invocations=2 (full 0):
 par new generation   total 109248K, used 101192K [0x00000000e0000000, 0x00000000e8000000, 0x00000000e8000000)
  eden space 87424K, 100% used [0x00000000e0000000, 0x00000000e5560000, 0x00000000e5560000)
  from space 21824K,  63% used [0x00000000e5560000, 0x00000000e62d2208, 0x00000000e6ab0000)
  to   space 21824K,   0% used [0x00000000e6ab0000, 0x00000000e6ab0000, 0x00000000e8000000)
 concurrent mark-sweep generation total 393216K, used 0K [0x00000000e8000000, 0x0000000100000000, 0x0000000100000000)
 Metaspace       used 21004K, capacity 21356K, committed 21628K, reserved 1069056K
  class space    used 2420K, capacity 2592K, committed 2684K, reserved 1048576K
2017-08-06T22:44:51.768+0200: 3,011: [GC (Allocation Failure) 2017-08-06T22:44:51.768+0200: 3,011: [ParNew
Desired survivor size 20112992 bytes, new threshold 8 (max 8)
- age   1:    2064080 bytes,    2064080 total
- age   2:     861432 bytes,    2925512 total
- age   3:    6672664 bytes,    9598176 total
: 101192K->12975K(109248K), 0,0205786 secs] 101192K->12975K(502464K), 0,0206856 secs] [Times: user=0,07 sys=0,00, real=0,02 secs] 
Heap after GC invocations=3 (full 0):
 par new generation   total 109248K, used 12975K [0x00000000e0000000, 0x00000000e8000000, 0x00000000e8000000)
  eden space 87424K,   0% used [0x00000000e0000000, 0x00000000e0000000, 0x00000000e5560000)
  from space 21824K,  59% used [0x00000000e6ab0000, 0x00000000e775bc30, 0x00000000e8000000)
  to   space 21824K,   0% used [0x00000000e5560000, 0x00000000e5560000, 0x00000000e6ab0000)
 concurrent mark-sweep generation total 393216K, used 0K [0x00000000e8000000, 0x0000000100000000, 0x0000000100000000)
 Metaspace       used 21004K, capacity 21356K, committed 21628K, reserved 1069056K
  class space    used 2420K, capacity 2592K, committed 2684K, reserved 1048576K
}
2017-08-06T22:44:51.789+0200: 3,032: Total time for which application threads were stopped: 0,0209955 seconds, Stopping threads took: 0,0001571 seconds
2017-08-06T22:44:51.793+0200: 3,036: [GC (CMS Initial Mark) [1 CMS-initial-mark: 0K(393216K)] 16542K(502464K), 0,0054285 secs] [Times: user=0,01 sys=0,00, real=0,01 secs] 
2017-08-06T22:44:51.798+0200: 3,041: Total time for which application threads were stopped: 0,0056504 seconds, Stopping threads took: 0,0000860 seconds
2017-08-06T22:44:51.798+0200: 3,041: [CMS-concurrent-mark-start]
2017-08-06T22:44:51.805+0200: 3,048: [CMS-concurrent-mark: 0,007/0,007 secs] [Times: user=0,03 sys=0,00, real=0,01 secs] 
2017-08-06T22:44:51.805+0200: 3,048: [CMS-concurrent-preclean-start]
2017-08-06T22:44:51.806+0200: 3,049: [CMS-concurrent-preclean: 0,001/0,001 secs] [Times: user=0,00 sys=0,00, real=0,00 secs] 
2017-08-06T22:44:51.806+0200: 3,049: [CMS-concurrent-abortable-preclean-start]
2017-08-06T22:44:51.855+0200: 3,098: Total time for which application threads were stopped: 0,0001507 seconds, Stopping threads took: 0,0000565 seconds
{Heap before GC invocations=3 (full 1):
 par new generation   total 109248K, used 100399K [0x00000000e0000000, 0x00000000e8000000, 0x00000000e8000000)
  eden space 87424K, 100% used [0x00000000e0000000, 0x00000000e5560000, 0x00000000e5560000)
  from space 21824K,  59% used [0x00000000e6ab0000, 0x00000000e775bc30, 0x00000000e8000000)
  to   space 21824K,   0% used [0x00000000e5560000, 0x00000000e5560000, 0x00000000e6ab0000)
 concurrent mark-sweep generation total 393216K, used 0K [0x00000000e8000000, 0x0000000100000000, 0x0000000100000000)
 Metaspace       used 21292K, capacity 21647K, committed 21884K, reserved 1069056K
  class space    used 2451K, capacity 2610K, committed 2684K, reserved 1048576K
2017-08-06T22:44:51.907+0200: 3,150: [GC (Allocation Failure) 2017-08-06T22:44:51.907+0200: 3,150: [ParNew
Desired survivor size 20112992 bytes, new threshold 8 (max 8)
- age   1:     808864 bytes,     808864 total
- age   2:    1465240 bytes,    2274104 total
- age   3:     826136 bytes,    3100240 total
- age   4:    6672576 bytes,    9772816 total
: 100399K->11152K(109248K), 0,0150446 secs] 100399K->11152K(502464K), 0,0151007 secs] [Times: user=0,03 sys=0,00, real=0,02 secs] 
Heap after GC invocations=4 (full 1):
 par new generation   total 109248K, used 11152K [0x00000000e0000000, 0x00000000e8000000, 0x00000000e8000000)
  eden space 87424K,   0% used [0x00000000e0000000, 0x00000000e0000000, 0x00000000e5560000)
  from space 21824K,  51% used [0x00000000e5560000, 0x00000000e6044158, 0x00000000e6ab0000)
  to   space 21824K,   0% used [0x00000000e6ab0000, 0x00000000e6ab0000, 0x00000000e8000000)
 concurrent mark-sweep generation total 393216K, used 0K [0x00000000e8000000, 0x0000000100000000, 0x0000000100000000)
 Metaspace       used 21292K, capacity 21647K, committed 21884K, reserved 1069056K
  class space    used 2451K, capacity 2610K, committed 2684K, reserved 1048576K
}
2017-08-06T22:44:51.922+0200: 3,165: Total time for which application threads were stopped: 0,0153869 seconds, Stopping threads took: 0,0001748 seconds
{Heap before GC invocations=4 (full 1):
 par new generation   total 109248K, used 98576K [0x00000000e0000000, 0x00000000e8000000, 0x00000000e8000000)
  eden space 87424K, 100% used [0x00000000e0000000, 0x00000000e5560000, 0x00000000e5560000)
  from space 21824K,  51% used [0x00000000e5560000, 0x00000000e6044158, 0x00000000e6ab0000)
  to   space 21824K,   0% used [0x00000000e6ab0000, 0x00000000e6ab0000, 0x00000000e8000000)
 concurrent mark-sweep generation total 393216K, used 0K [0x00000000e8000000, 0x0000000100000000, 0x0000000100000000)
 Metaspace       used 21428K, capacity 21819K, committed 21884K, reserved 1069056K
  class space    used 2470K, capacity 2644K, committed 2684K, reserved 1048576K
2017-08-06T22:44:51.999+0200: 3,242: [GC (Allocation Failure) 2017-08-06T22:44:51.999+0200: 3,242: [ParNew
Desired survivor size 20112992 bytes, new threshold 8 (max 8)
- age   1:     579552 bytes,     579552 total
- age   2:     189472 bytes,     769024 total
- age   3:    1465200 bytes,    2234224 total
- age   4:     826072 bytes,    3060296 total
- age   5:    6672592 bytes,    9732888 total
: 98576K->16793K(109248K), 0,0091763 secs] 98576K->16793K(502464K), 0,0092403 secs] [Times: user=0,04 sys=0,00, real=0,01 secs] 
Heap after GC invocations=5 (full 1):
 par new generation   total 109248K, used 16793K [0x00000000e0000000, 0x00000000e8000000, 0x00000000e8000000)
  eden space 87424K,   0% used [0x00000000e0000000, 0x00000000e0000000, 0x00000000e5560000)
  from space 21824K,  76% used [0x00000000e6ab0000, 0x00000000e7b16780, 0x00000000e8000000)
  to   space 21824K,   0% used [0x00000000e5560000, 0x00000000e5560000, 0x00000000e6ab0000)
 concurrent mark-sweep generation total 393216K, used 0K [0x00000000e8000000, 0x0000000100000000, 0x0000000100000000)
 Metaspace       used 21428K, capacity 21819K, committed 21884K, reserved 1069056K
  class space    used 2470K, capacity 2644K, committed 2684K, reserved 1048576K
}
2017-08-06T22:44:52.009+0200: 3,252: Total time for which application threads were stopped: 0,0101202 seconds, Stopping threads took: 0,0007612 seconds
2017-08-06T22:44:52.034+0200: 3,277: Total time for which application threads were stopped: 0,0000941 seconds, Stopping threads took: 0,0000231 seconds
2017-08-06T22:44:52.044+0200: 3,287: Total time for which application threads were stopped: 0,0002768 seconds, Stopping threads took: 0,0000225 seconds
2017-08-06T22:44:52.078+0200: 3,321: Total time for which application threads were stopped: 0,0001109 seconds, Stopping threads took: 0,0000258 seconds
2017-08-06T22:44:52.099+0200: 3,342: Total time for which application threads were stopped: 0,0000948 seconds, Stopping threads took: 0,0000164 seconds
2017-08-06T22:44:52.255+0200: 3,498: Total time for which application threads were stopped: 0,0001983 seconds, Stopping threads took: 0,0000397 seconds
2017-08-06T22:44:52.311+0200: 3,554: Total time for which application threads were stopped: 0,0001394 seconds, Stopping threads took: 0,0000273 seconds
2017-08-06T22:44:52.316+0200: 3,559: Total time for which application threads were stopped: 0,0004431 seconds, Stopping threads took: 0,0000512 seconds
2017-08-06T22:44:52.329+0200: 3,572: Total time for which application threads were stopped: 0,0003556 seconds, Stopping threads took: 0,0000245 seconds
2017-08-06T22:44:52.351+0200: 3,594: Total time for which application threads were stopped: 0,0001075 seconds, Stopping threads took: 0,0000232 seconds
2017-08-06T22:44:52.382+0200: 3,625: Total time for which application threads were stopped: 0,0031554 seconds, Stopping threads took: 0,0030745 seconds
2017-08-06T22:44:52.416+0200: 3,659: Total time for which application threads were stopped: 0,0001588 seconds, Stopping threads took: 0,0000415 seconds
2017-08-06T22:44:52.462+0200: 3,705: Total time for which application threads were stopped: 0,0001872 seconds, Stopping threads took: 0,0000841 seconds
2017-08-06T22:44:52.462+0200: 3,705: [CMS-concurrent-abortable-preclean: 0,395/0,656 secs] [Times: user=2,32 sys=0,02, real=0,65 secs] 
2017-08-06T22:44:52.467+0200: 3,710: [GC (CMS Final Remark) [YG occupancy: 79787 K (109248 K)]{Heap before GC invocations=5 (full 1):
 par new generation   total 109248K, used 79787K [0x00000000e0000000, 0x00000000e8000000, 0x00000000e8000000)
  eden space 87424K,  72% used [0x00000000e0000000, 0x00000000e3d84858, 0x00000000e5560000)
  from space 21824K,  76% used [0x00000000e6ab0000, 0x00000000e7b16780, 0x00000000e8000000)
  to   space 21824K,   0% used [0x00000000e5560000, 0x00000000e5560000, 0x00000000e6ab0000)
 concurrent mark-sweep generation total 393216K, used 0K [0x00000000e8000000, 0x0000000100000000, 0x0000000100000000)
 Metaspace       used 24115K, capacity 24608K, committed 24872K, reserved 1071104K
  class space    used 2839K, capacity 3018K, committed 3064K, reserved 1048576K
2017-08-06T22:44:52.467+0200: 3,710: [GC (CMS Final Remark) 2017-08-06T22:44:52.467+0200: 3,710: [ParNew
Desired survivor size 20112992 bytes, new threshold 8 (max 8)
- age   1:    5613936 bytes,    5613936 total
- age   2:     115128 bytes,    5729064 total
- age   3:     188016 bytes,    5917080 total
- age   4:     295376 bytes,    6212456 total
- age   5:     801648 bytes,    7014104 total
- age   6:    6664024 bytes,   13678128 total
: 79787K->16782K(109248K), 0,0150105 secs] 79787K->16782K(502464K), 0,0150604 secs] [Times: user=0,05 sys=0,01, real=0,02 secs] 
Heap after GC invocations=6 (full 1):
 par new generation   total 109248K, used 16782K [0x00000000e0000000, 0x00000000e8000000, 0x00000000e8000000)
  eden space 87424K,   0% used [0x00000000e0000000, 0x00000000e0000000, 0x00000000e5560000)
  from space 21824K,  76% used [0x00000000e5560000, 0x00000000e65c3aa0, 0x00000000e6ab0000)
  to   space 21824K,   0% used [0x00000000e6ab0000, 0x00000000e6ab0000, 0x00000000e8000000)
 concurrent mark-sweep generation total 393216K, used 0K [0x00000000e8000000, 0x0000000100000000, 0x0000000100000000)
 Metaspace       used 24115K, capacity 24608K, committed 24872K, reserved 1071104K
  class space    used 2839K, capacity 3018K, committed 3064K, reserved 1048576K
}
2017-08-06T22:44:52.482+0200: 3,725: [Rescan (parallel) , 0,0041862 secs]2017-08-06T22:44:52.486+0200: 3,729: [weak refs processing, 0,0010993 secs]2017-08-06T22:44:52.487+0200: 3,730: [class unloading, 0,0033640 secs]2017-08-06T22:44:52.491+0200: 3,734: [scrub symbol table, 0,0038991 secs]2017-08-06T22:44:52.495+0200: 3,738: [scrub string table, 0,0003924 secs][1 CMS-remark: 0K(393216K)] 16782K(502464K), 0,0288373 secs] [Times: user=0,07 sys=0,01, real=0,03 secs] 
2017-08-06T22:44:52.496+0200: 3,739: Total time for which application threads were stopped: 0,0297896 seconds, Stopping threads took: 0,0008584 seconds
2017-08-06T22:44:52.497+0200: 3,740: [CMS-concurrent-sweep-start]
2017-08-06T22:44:52.497+0200: 3,740: [CMS-concurrent-sweep: 0,000/0,000 secs] [Times: user=0,00 sys=0,00, real=0,00 secs] 
2017-08-06T22:44:52.497+0200: 3,740: [CMS-concurrent-reset-start]
2017-08-06T22:44:52.499+0200: 3,742: [CMS-concurrent-reset: 0,002/0,002 secs] [Times: user=0,01 sys=0,00, real=0,00 secs] 
{Heap before GC invocations=6 (full 1):
 par new generation   total 109248K, used 104206K [0x00000000e0000000, 0x00000000e8000000, 0x00000000e8000000)
  eden space 87424K, 100% used [0x00000000e0000000, 0x00000000e5560000, 0x00000000e5560000)
  from space 21824K,  76% used [0x00000000e5560000, 0x00000000e65c3aa0, 0x00000000e6ab0000)
  to   space 21824K,   0% used [0x00000000e6ab0000, 0x00000000e6ab0000, 0x00000000e8000000)
 concurrent mark-sweep generation total 393216K, used 0K [0x00000000e8000000, 0x0000000100000000, 0x0000000100000000)
 Metaspace       used 24518K, capacity 25024K, committed 25128K, reserved 1071104K
  class space    used 2872K, capacity 3050K, committed 3064K, reserved 1048576K
2017-08-06T22:44:52.604+0200: 3,848: [GC (Allocation Failure) 2017-08-06T22:44:52.605+0200: 3,848: [ParNew
Desired survivor size 20112992 bytes, new threshold 8 (max 8)
- age   1:    1440096 bytes,    1440096 total
- age   2:    1788784 bytes,    3228880 total
- age   3:      52392 bytes,    3281272 total
- age   4:     107400 bytes,    3388672 total
- age   5:     205448 bytes,    3594120 total
- age   6:     750520 bytes,    4344640 total
- age   7:    6129608 bytes,   10474248 total
: 104206K->13921K(109248K), 0,0257254 secs] 104206K->13921K(502464K), 0,0258064 secs] [Times: user=0,06 sys=0,00, real=0,02 secs] 
Heap after GC invocations=7 (full 1):
 par new generation   total 109248K, used 13921K [0x00000000e0000000, 0x00000000e8000000, 0x00000000e8000000)
  eden space 87424K,   0% used [0x00000000e0000000, 0x00000000e0000000, 0x00000000e5560000)
  from space 21824K,  63% used [0x00000000e6ab0000, 0x00000000e7848528, 0x00000000e8000000)
  to   space 21824K,   0% used [0x00000000e5560000, 0x00000000e5560000, 0x00000000e6ab0000)
 concurrent mark-sweep generation total 393216K, used 0K [0x00000000e8000000, 0x0000000100000000, 0x0000000100000000)
 Metaspace       used 24518K, capacity 25024K, committed 25128K, reserved 1071104K
  class space    used 2872K, capacity 3050K, committed 3064K, reserved 1048576K
}
2017-08-06T22:44:52.630+0200: 3,873: Total time for which application threads were stopped: 0,0262289 seconds, Stopping threads took: 0,0002522 seconds
{Heap before GC invocations=7 (full 1):
 par new generation   total 109248K, used 101345K [0x00000000e0000000, 0x00000000e8000000, 0x00000000e8000000)
  eden space 87424K, 100% used [0x00000000e0000000, 0x00000000e5560000, 0x00000000e5560000)
  from space 21824K,  63% used [0x00000000e6ab0000, 0x00000000e7848528, 0x00000000e8000000)
  to   space 21824K,   0% used [0x00000000e5560000, 0x00000000e5560000, 0x00000000e6ab0000)
 concurrent mark-sweep generation total 393216K, used 0K [0x00000000e8000000, 0x0000000100000000, 0x0000000100000000)
 Metaspace       used 24904K, capacity 25344K, committed 25512K, reserved 1071104K
  class space    used 2907K, capacity 3088K, committed 3192K, reserved 1048576K
2017-08-06T22:44:52.734+0200: 3,977: [GC (Allocation Failure) 2017-08-06T22:44:52.734+0200: 3,977: [ParNew
Desired survivor size 20112992 bytes, new threshold 8 (max 8)
- age   1:    1499440 bytes,    1499440 total
- age   2:     607096 bytes,    2106536 total
- age   3:    1765936 bytes,    3872472 total
- age   4:      52392 bytes,    3924864 total
- age   5:     104680 bytes,    4029544 total
- age   6:     204920 bytes,    4234464 total
- age   7:     749688 bytes,    4984152 total
- age   8:    6129600 bytes,   11113752 total
: 101345K->13240K(109248K), 0,0106247 secs] 101345K->13240K(502464K), 0,0106860 secs] [Times: user=0,03 sys=0,00, real=0,01 secs] 
Heap after GC invocations=8 (full 1):
 par new generation   total 109248K, used 13240K [0x00000000e0000000, 0x00000000e8000000, 0x00000000e8000000)
  eden space 87424K,   0% used [0x00000000e0000000, 0x00000000e0000000, 0x00000000e5560000)
  from space 21824K,  60% used [0x00000000e5560000, 0x00000000e624e080, 0x00000000e6ab0000)
  to   space 21824K,   0% used [0x00000000e6ab0000, 0x00000000e6ab0000, 0x00000000e8000000)
 concurrent mark-sweep generation total 393216K, used 0K [0x00000000e8000000, 0x0000000100000000, 0x0000000100000000)
 Metaspace       used 24904K, capacity 25344K, committed 25512K, reserved 1071104K
  class space    used 2907K, capacity 3088K, committed 3192K, reserved 1048576K
}
2017-08-06T22:44:52.745+0200: 3,988: Total time for which application threads were stopped: 0,0109060 seconds, Stopping threads took: 0,0000757 seconds
2017-08-06T22:44:52.826+0200: 4,069: Total time for which application threads were stopped: 0,0020144 seconds, Stopping threads took: 0,0016325 seconds
2017-08-06T22:44:52.835+0200: 4,078: Total time for which application threads were stopped: 0,0006917 seconds, Stopping threads took: 0,0005731 seconds
2017-08-06T22:44:52.836+0200: 4,079: Total time for which application threads were stopped: 0,0001211 seconds, Stopping threads took: 0,0000485 seconds
2017-08-06T22:44:52.836+0200: 4,080: Total time for which application threads were stopped: 0,0001428 seconds, Stopping threads took: 0,0000453 seconds
2017-08-06T22:44:52.840+0200: 4,083: Total time for which application threads were stopped: 0,0002136 seconds, Stopping threads took: 0,0000291 seconds
2017-08-06T22:44:52.898+0200: 4,141: Total time for which application threads were stopped: 0,0040518 seconds, Stopping threads took: 0,0039388 seconds
2017-08-06T22:44:52.928+0200: 4,171: Total time for which application threads were stopped: 0,0002087 seconds, Stopping threads took: 0,0000803 seconds
2017-08-06T22:44:52.928+0200: 4,171: Total time for which application threads were stopped: 0,0000868 seconds, Stopping threads took: 0,0000211 seconds
2017-08-06T22:44:52.928+0200: 4,171: Total time for which application threads were stopped: 0,0000879 seconds, Stopping threads took: 0,0000194 seconds
2017-08-06T22:44:52.928+0200: 4,172: Total time for which application threads were stopped: 0,0000698 seconds, Stopping threads took: 0,0000161 seconds
2017-08-06T22:44:52.929+0200: 4,172: Total time for which application threads were stopped: 0,0001500 seconds, Stopping threads took: 0,0000325 seconds
2017-08-06T22:44:52.933+0200: 4,176: Total time for which application threads were stopped: 0,0003234 seconds, Stopping threads took: 0,0002393 seconds
2017-08-06T22:44:52.933+0200: 4,176: Total time for which application threads were stopped: 0,0000850 seconds, Stopping threads took: 0,0000267 seconds
2017-08-06T22:44:52.933+0200: 4,176: Total time for which application threads were stopped: 0,0000715 seconds, Stopping threads took: 0,0000240 seconds
2017-08-06T22:44:52.933+0200: 4,176: Total time for which application threads were stopped: 0,0000773 seconds, Stopping threads took: 0,0000306 seconds
2017-08-06T22:44:52.934+0200: 4,177: Total time for which application threads were stopped: 0,0001379 seconds, Stopping threads took: 0,0000545 seconds
2017-08-06T22:44:52.935+0200: 4,178: Total time for which application threads were stopped: 0,0000832 seconds, Stopping threads took: 0,0000284 seconds
2017-08-06T22:44:52.942+0200: 4,185: Total time for which application threads were stopped: 0,0039925 seconds, Stopping threads took: 0,0039186 seconds
2017-08-06T22:44:52.942+0200: 4,185: Total time for which application threads were stopped: 0,0000664 seconds, Stopping threads took: 0,0000305 seconds
2017-08-06T22:44:52.942+0200: 4,185: Total time for which application threads were stopped: 0,0000664 seconds, Stopping threads took: 0,0000245 seconds
2017-08-06T22:44:52.942+0200: 4,186: Total time for which application threads were stopped: 0,0000726 seconds, Stopping threads took: 0,0000205 seconds
2017-08-06T22:44:52.943+0200: 4,186: Total time for which application threads were stopped: 0,0000630 seconds, Stopping threads took: 0,0000169 seconds
2017-08-06T22:44:52.943+0200: 4,186: Total time for which application threads were stopped: 0,0000618 seconds, Stopping threads took: 0,0000210 seconds
2017-08-06T22:44:52.951+0200: 4,194: Total time for which application threads were stopped: 0,0001478 seconds, Stopping threads took: 0,0000454 seconds
2017-08-06T22:44:52.951+0200: 4,194: Total time for which application threads were stopped: 0,0000918 seconds, Stopping threads took: 0,0000302 seconds
2017-08-06T22:44:52.951+0200: 4,194: Total time for which application threads were stopped: 0,0001974 seconds, Stopping threads took: 0,0000405 seconds
2017-08-06T22:44:52.970+0200: 4,213: Total time for which application threads were stopped: 0,0036109 seconds, Stopping threads took: 0,0035510 seconds
2017-08-06T22:44:52.970+0200: 4,213: Total time for which application threads were stopped: 0,0001533 seconds, Stopping threads took: 0,0000798 seconds
2017-08-06T22:44:52.973+0200: 4,216: Total time for which application threads were stopped: 0,0001566 seconds, Stopping threads took: 0,0000364 seconds
2017-08-06T22:44:52.981+0200: 4,224: Total time for which application threads were stopped: 0,0025892 seconds, Stopping threads took: 0,0024877 seconds
2017-08-06T22:44:52.983+0200: 4,226: Total time for which application threads were stopped: 0,0001506 seconds, Stopping threads took: 0,0000740 seconds
2017-08-06T22:44:52.985+0200: 4,228: Total time for which application threads were stopped: 0,0001159 seconds, Stopping threads took: 0,0000571 seconds
2017-08-06T22:44:52.986+0200: 4,229: Total time for which application threads were stopped: 0,0001200 seconds, Stopping threads took: 0,0000358 seconds
2017-08-06T22:44:52.987+0200: 4,230: Total time for which application threads were stopped: 0,0000806 seconds, Stopping threads took: 0,0000261 seconds
2017-08-06T22:44:52.989+0200: 4,232: Total time for which application threads were stopped: 0,0001401 seconds, Stopping threads took: 0,0000377 seconds
2017-08-06T22:44:52.993+0200: 4,236: Total time for which application threads were stopped: 0,0001458 seconds, Stopping threads took: 0,0000402 seconds
2017-08-06T22:44:52.995+0200: 4,238: Total time for which application threads were stopped: 0,0001304 seconds, Stopping threads took: 0,0000367 seconds
2017-08-06T22:44:52.997+0200: 4,240: Total time for which application threads were stopped: 0,0001386 seconds, Stopping threads took: 0,0000610 seconds
2017-08-06T22:44:52.997+0200: 4,240: Total time for which application threads were stopped: 0,0001887 seconds, Stopping threads took: 0,0000976 seconds
2017-08-06T22:44:53.000+0200: 4,243: Total time for which application threads were stopped: 0,0001160 seconds, Stopping threads took: 0,0000411 seconds
2017-08-06T22:44:53.001+0200: 4,244: Total time for which application threads were stopped: 0,0000877 seconds, Stopping threads took: 0,0000296 seconds
2017-08-06T22:44:53.001+0200: 4,244: Total time for which application threads were stopped: 0,0000758 seconds, Stopping threads took: 0,0000179 seconds
2017-08-06T22:44:53.026+0200: 4,269: Total time for which application threads were stopped: 0,0001250 seconds, Stopping threads took: 0,0000360 seconds
2017-08-06T22:44:53.029+0200: 4,272: Total time for which application threads were stopped: 0,0001113 seconds, Stopping threads took: 0,0000402 seconds
2017-08-06T22:44:53.033+0200: 4,276: Total time for which application threads were stopped: 0,0001306 seconds, Stopping threads took: 0,0000454 seconds
2017-08-06T22:44:53.034+0200: 4,277: Total time for which application threads were stopped: 0,0001204 seconds, Stopping threads took: 0,0000451 seconds
2017-08-06T22:44:53.034+0200: 4,277: Total time for which application threads were stopped: 0,0001269 seconds, Stopping threads took: 0,0000221 seconds
2017-08-06T22:44:53.036+0200: 4,279: Total time for which application threads were stopped: 0,0001499 seconds, Stopping threads took: 0,0000487 seconds
2017-08-06T22:44:53.037+0200: 4,280: Total time for which application threads were stopped: 0,0001094 seconds, Stopping threads took: 0,0000270 seconds
2017-08-06T22:44:53.053+0200: 4,296: Total time for which application threads were stopped: 0,0001429 seconds, Stopping threads took: 0,0000316 seconds
2017-08-06T22:44:53.055+0200: 4,298: Total time for which application threads were stopped: 0,0002626 seconds, Stopping threads took: 0,0000446 seconds
2017-08-06T22:44:53.058+0200: 4,301: Total time for which application threads were stopped: 0,0004869 seconds, Stopping threads took: 0,0000350 seconds
{Heap before GC invocations=8 (full 1):
 par new generation   total 109248K, used 100664K [0x00000000e0000000, 0x00000000e8000000, 0x00000000e8000000)
  eden space 87424K, 100% used [0x00000000e0000000, 0x00000000e5560000, 0x00000000e5560000)
  from space 21824K,  60% used [0x00000000e5560000, 0x00000000e624e080, 0x00000000e6ab0000)
  to   space 21824K,   0% used [0x00000000e6ab0000, 0x00000000e6ab0000, 0x00000000e8000000)
 concurrent mark-sweep generation total 393216K, used 0K [0x00000000e8000000, 0x0000000100000000, 0x0000000100000000)
 Metaspace       used 26361K, capacity 26894K, committed 27100K, reserved 1073152K
  class space    used 3027K, capacity 3199K, committed 3320K, reserved 1048576K
2017-08-06T22:44:53.072+0200: 4,315: [GC (Allocation Failure) 2017-08-06T22:44:53.072+0200: 4,315: [ParNew
Desired survivor size 20112992 bytes, new threshold 8 (max 8)
- age   1:    6695848 bytes,    6695848 total
- age   2:     246752 bytes,    6942600 total
- age   3:     207848 bytes,    7150448 total
- age   4:    1764264 bytes,    8914712 total
- age   5:      52392 bytes,    8967104 total
- age   6:     104680 bytes,    9071784 total
- age   7:     204888 bytes,    9276672 total
- age   8:     749368 bytes,   10026040 total
: 100664K->14692K(109248K), 0,0496740 secs] 100664K->21309K(502464K), 0,0497680 secs] [Times: user=0,15 sys=0,01, real=0,06 secs] 
Heap after GC invocations=9 (full 1):
 par new generation   total 109248K, used 14692K [0x00000000e0000000, 0x00000000e8000000, 0x00000000e8000000)
  eden space 87424K,   0% used [0x00000000e0000000, 0x00000000e0000000, 0x00000000e5560000)
  from space 21824K,  67% used [0x00000000e6ab0000, 0x00000000e7909200, 0x00000000e8000000)
  to   space 21824K,   0% used [0x00000000e5560000, 0x00000000e5560000, 0x00000000e6ab0000)
 concurrent mark-sweep generation total 393216K, used 6616K [0x00000000e8000000, 0x0000000100000000, 0x0000000100000000)
 Metaspace       used 26361K, capacity 26894K, committed 27100K, reserved 1073152K
  class space    used 3027K, capacity 3199K, committed 3320K, reserved 1048576K
}
2017-08-06T22:44:53.122+0200: 4,365: Total time for which application threads were stopped: 0,0499632 seconds, Stopping threads took: 0,0000274 seconds
2017-08-06T22:44:53.124+0200: 4,367: Total time for which application threads were stopped: 0,0003938 seconds, Stopping threads took: 0,0000242 seconds
2017-08-06T22:44:53.177+0200: 4,420: Total time for which application threads were stopped: 0,0003692 seconds, Stopping threads took: 0,0000377 seconds
2017-08-06T22:44:53.193+0200: 4,436: Total time for which application threads were stopped: 0,0001588 seconds, Stopping threads took: 0,0000429 seconds
2017-08-06T22:44:53.195+0200: 4,438: Total time for which application threads were stopped: 0,0001680 seconds, Stopping threads took: 0,0000621 seconds
2017-08-06T22:44:53.210+0200: 4,453: Total time for which application threads were stopped: 0,0022006 seconds, Stopping threads took: 0,0021009 seconds
2017-08-06T22:44:53.217+0200: 4,460: Total time for which application threads were stopped: 0,0001892 seconds, Stopping threads took: 0,0000798 seconds
2017-08-06T22:44:53.219+0200: 4,462: Total time for which application threads were stopped: 0,0002268 seconds, Stopping threads took: 0,0001445 seconds
2017-08-06T22:44:53.223+0200: 4,466: Total time for which application threads were stopped: 0,0001446 seconds, Stopping threads took: 0,0000557 seconds
2017-08-06T22:44:53.233+0200: 4,476: Total time for which application threads were stopped: 0,0001361 seconds, Stopping threads took: 0,0000401 seconds
2017-08-06T22:44:53.238+0200: 4,482: Total time for which application threads were stopped: 0,0001585 seconds, Stopping threads took: 0,0000470 seconds
2017-08-06T22:44:53.253+0200: 4,496: Total time for which application threads were stopped: 0,0043143 seconds, Stopping threads took: 0,0038262 seconds
2017-08-06T22:44:53.275+0200: 4,518: Total time for which application threads were stopped: 0,0002222 seconds, Stopping threads took: 0,0001444 seconds
2017-08-06T22:44:53.276+0200: 4,519: Total time for which application threads were stopped: 0,0001560 seconds, Stopping threads took: 0,0000828 seconds
2017-08-06T22:44:53.294+0200: 4,537: Total time for which application threads were stopped: 0,0001187 seconds, Stopping threads took: 0,0000563 seconds
2017-08-06T22:44:53.326+0200: 4,569: Total time for which application threads were stopped: 0,0034232 seconds, Stopping threads took: 0,0033425 seconds
2017-08-06T22:44:53.326+0200: 4,569: Total time for which application threads were stopped: 0,0001069 seconds, Stopping threads took: 0,0000398 seconds
2017-08-06T22:44:53.336+0200: 4,579: Total time for which application threads were stopped: 0,0001392 seconds, Stopping threads took: 0,0000580 seconds
2017-08-06T22:44:53.337+0200: 4,580: Total time for which application threads were stopped: 0,0003971 seconds, Stopping threads took: 0,0000152 seconds
2017-08-06T22:44:53.338+0200: 4,581: Total time for which application threads were stopped: 0,0008735 seconds, Stopping threads took: 0,0008183 seconds
2017-08-06T22:44:53.343+0200: 4,586: Total time for which application threads were stopped: 0,0001489 seconds, Stopping threads took: 0,0000339 seconds
2017-08-06T22:44:53.371+0200: 4,614: Total time for which application threads were stopped: 0,0000838 seconds, Stopping threads took: 0,0000233 seconds
2017-08-06T22:44:53.371+0200: 4,614: Total time for which application threads were stopped: 0,0000479 seconds, Stopping threads took: 0,0000125 seconds
2017-08-06T22:44:54.371+0200: 5,614: Total time for which application threads were stopped: 0,0000621 seconds, Stopping threads took: 0,0000162 seconds
2017-08-06T22:46:46.384+0200: 117,627: Total time for which application threads were stopped: 0,0000885 seconds, Stopping threads took: 0,0000395 seconds
2017-08-06T22:46:51.385+0200: 122,628: Total time for which application threads were stopped: 0,0001269 seconds, Stopping threads took: 0,0000323 seconds
2017-08-06T22:47:00.386+0200: 131,629: Total time for which application threads were stopped: 0,0000749 seconds, Stopping threads took: 0,0000308 seconds
2017-08-06T22:47:15.388+0200: 146,632: Total time for which application threads were stopped: 0,0000713 seconds, Stopping threads took: 0,0000176 seconds
2017-08-06T22:47:50.394+0200: 181,637: Total time for which application threads were stopped: 0,0001593 seconds, Stopping threads took: 0,0000600 seconds
2017-08-06T22:49:25.410+0200: 276,653: Total time for which application threads were stopped: 0,0001937 seconds, Stopping threads took: 0,0000622 seconds
2017-08-06T23:08:20.570+0200: 1411,813: Total time for which application threads were stopped: 0,0001687 seconds, Stopping threads took: 0,0000669 seconds
2017-08-06T23:13:00.606+0200: 1691,849: Total time for which application threads were stopped: 0,0001086 seconds, Stopping threads took: 0,0000421 seconds
2017-08-06T23:16:46.635+0200: 1917,878: Total time for which application threads were stopped: 0,0000821 seconds, Stopping threads took: 0,0000319 seconds
2017-08-06T23:16:50.636+0200: 1921,879: Total time for which application threads were stopped: 0,0001519 seconds, Stopping threads took: 0,0001006 seconds
2017-08-06T23:23:06.691+0200: 2297,934: Total time for which application threads were stopped: 0,0000753 seconds, Stopping threads took: 0,0000296 seconds
2017-08-06T23:23:10.692+0200: 2301,935: Total time for which application threads were stopped: 0,0000574 seconds, Stopping threads took: 0,0000142 seconds
2017-08-06T23:38:06.796+0200: 3198,039: Total time for which application threads were stopped: 0,0001130 seconds, Stopping threads took: 0,0000375 seconds
2017-08-06T23:50:10.883+0200: 3922,126: Total time for which application threads were stopped: 0,0000759 seconds, Stopping threads took: 0,0000297 seconds
2017-08-06T23:50:50.888+0200: 3962,131: Total time for which application threads were stopped: 0,0000986 seconds, Stopping threads took: 0,0000373 seconds
2017-08-07T00:03:21.983+0200: 4713,226: Total time for which application threads were stopped: 0,0003155 seconds, Stopping threads took: 0,0001203 seconds
2017-08-07T00:03:26.984+0200: 4718,227: Total time for which application threads were stopped: 0,0000598 seconds, Stopping threads took: 0,0000141 seconds
2017-08-07T00:29:11.161+0200: 6262,404: Total time for which application threads were stopped: 0,0000839 seconds, Stopping threads took: 0,0000344 seconds
2017-08-07T00:44:51.259+0200: 7202,502: Total time for which application threads were stopped: 0,0001052 seconds, Stopping threads took: 0,0000397 seconds
2017-08-07T00:46:51.272+0200: 7322,515: Total time for which application threads were stopped: 0,0002396 seconds, Stopping threads took: 0,0001043 seconds
2017-08-07T00:52:51.308+0200: 7682,551: Total time for which application threads were stopped: 0,0000780 seconds, Stopping threads took: 0,0000299 seconds
2017-08-07T00:53:21.312+0200: 7712,555: Total time for which application threads were stopped: 0,0001173 seconds, Stopping threads took: 0,0000459 seconds
2017-08-07T00:56:51.334+0200: 7922,577: Total time for which application threads were stopped: 0,0002287 seconds, Stopping threads took: 0,0001542 seconds
2017-08-07T01:02:17.504+0200: 8248,747: Total time for which application threads were stopped: 0,0380232 seconds, Stopping threads took: 0,0379431 seconds
2017-08-07T01:02:17.504+0200: 8248,747: Total time for which application threads were stopped: 0,0000706 seconds, Stopping threads took: 0,0000241 seconds
2017-08-07T01:02:17.507+0200: 8248,750: Total time for which application threads were stopped: 0,0001141 seconds, Stopping threads took: 0,0000401 seconds
2017-08-07T01:02:17.507+0200: 8248,750: Total time for which application threads were stopped: 0,0000875 seconds, Stopping threads took: 0,0000229 seconds
2017-08-07T01:02:17.508+0200: 8248,751: Total time for which application threads were stopped: 0,0000773 seconds, Stopping threads took: 0,0000224 seconds
2017-08-07T01:02:17.508+0200: 8248,751: Total time for which application threads were stopped: 0,0000620 seconds, Stopping threads took: 0,0000179 seconds
2017-08-07T01:02:17.508+0200: 8248,751: Total time for which application threads were stopped: 0,0000881 seconds, Stopping threads took: 0,0000252 seconds
2017-08-07T01:02:17.509+0200: 8248,752: Total time for which application threads were stopped: 0,0001034 seconds, Stopping threads took: 0,0000487 seconds
2017-08-07T01:02:17.510+0200: 8248,753: Total time for which application threads were stopped: 0,0000976 seconds, Stopping threads took: 0,0000233 seconds
2017-08-07T01:02:17.514+0200: 8248,757: Total time for which application threads were stopped: 0,0001139 seconds, Stopping threads took: 0,0000471 seconds
2017-08-07T01:02:17.515+0200: 8248,758: Total time for which application threads were stopped: 0,0010511 seconds, Stopping threads took: 0,0009754 seconds
2017-08-07T01:02:17.515+0200: 8248,758: Total time for which application threads were stopped: 0,0000545 seconds, Stopping threads took: 0,0000110 seconds
2017-08-07T01:02:17.516+0200: 8248,759: Total time for which application threads were stopped: 0,0000679 seconds, Stopping threads took: 0,0000121 seconds
2017-08-07T01:02:17.516+0200: 8248,759: Total time for which application threads were stopped: 0,0000683 seconds, Stopping threads took: 0,0000108 seconds
2017-08-07T01:02:17.517+0200: 8248,760: Total time for which application threads were stopped: 0,0001753 seconds, Stopping threads took: 0,0001139 seconds
2017-08-07T01:02:17.518+0200: 8248,761: Total time for which application threads were stopped: 0,0010699 seconds, Stopping threads took: 0,0009973 seconds
2017-08-07T01:02:17.518+0200: 8248,761: Total time for which application threads were stopped: 0,0000448 seconds, Stopping threads took: 0,0000131 seconds
2017-08-07T01:02:17.518+0200: 8248,761: Total time for which application threads were stopped: 0,0000426 seconds, Stopping threads took: 0,0000086 seconds
2017-08-07T01:02:17.518+0200: 8248,761: Total time for which application threads were stopped: 0,0000362 seconds, Stopping threads took: 0,0000050 seconds
2017-08-07T01:02:17.518+0200: 8248,761: Total time for which application threads were stopped: 0,0000415 seconds, Stopping threads took: 0,0000066 seconds
2017-08-07T01:02:17.519+0200: 8248,762: Total time for which application threads were stopped: 0,0000787 seconds, Stopping threads took: 0,0000152 seconds
2017-08-07T01:02:17.520+0200: 8248,763: Total time for which application threads were stopped: 0,0000416 seconds, Stopping threads took: 0,0000068 seconds
2017-08-07T01:02:17.527+0200: 8248,770: Total time for which application threads were stopped: 0,0007750 seconds, Stopping threads took: 0,0006866 seconds
2017-08-07T01:02:17.536+0200: 8248,779: Total time for which application threads were stopped: 0,0000913 seconds, Stopping threads took: 0,0000240 seconds
2017-08-07T01:02:17.537+0200: 8248,780: Total time for which application threads were stopped: 0,0000746 seconds, Stopping threads took: 0,0000135 seconds
2017-08-07T01:02:17.538+0200: 8248,781: Total time for which application threads were stopped: 0,0000390 seconds, Stopping threads took: 0,0000053 seconds
2017-08-07T01:02:17.538+0200: 8248,781: Total time for which application threads were stopped: 0,0000419 seconds, Stopping threads took: 0,0000116 seconds
2017-08-07T01:02:17.538+0200: 8248,781: Total time for which application threads were stopped: 0,0000334 seconds, Stopping threads took: 0,0000044 seconds
2017-08-07T01:02:17.538+0200: 8248,781: Total time for which application threads were stopped: 0,0000676 seconds, Stopping threads took: 0,0000113 seconds
2017-08-07T01:02:17.538+0200: 8248,781: Total time for which application threads were stopped: 0,0000341 seconds, Stopping threads took: 0,0000050 seconds
2017-08-07T01:02:17.538+0200: 8248,781: Total time for which application threads were stopped: 0,0000806 seconds, Stopping threads took: 0,0000124 seconds
2017-08-07T01:02:17.538+0200: 8248,781: Total time for which application threads were stopped: 0,0000380 seconds, Stopping threads took: 0,0000057 seconds
2017-08-07T01:02:17.540+0200: 8248,783: Total time for which application threads were stopped: 0,0016442 seconds, Stopping threads took: 0,0015811 seconds
2017-08-07T01:02:17.540+0200: 8248,784: Total time for which application threads were stopped: 0,0000370 seconds, Stopping threads took: 0,0000068 seconds
2017-08-07T01:02:17.542+0200: 8248,785: Total time for which application threads were stopped: 0,0000694 seconds, Stopping threads took: 0,0000120 seconds
2017-08-07T01:02:17.547+0200: 8248,790: Total time for which application threads were stopped: 0,0001044 seconds, Stopping threads took: 0,0000233 seconds
2017-08-07T01:02:17.550+0200: 8248,794: Total time for which application threads were stopped: 0,0002248 seconds, Stopping threads took: 0,0001442 seconds
2017-08-07T01:02:17.551+0200: 8248,794: Total time for which application threads were stopped: 0,0000773 seconds, Stopping threads took: 0,0000153 seconds
2017-08-07T01:02:17.551+0200: 8248,794: Total time for which application threads were stopped: 0,0000498 seconds, Stopping threads took: 0,0000140 seconds
2017-08-07T01:02:17.551+0200: 8248,794: Total time for which application threads were stopped: 0,0000461 seconds, Stopping threads took: 0,0000152 seconds
2017-08-07T01:02:17.551+0200: 8248,794: Total time for which application threads were stopped: 0,0000435 seconds, Stopping threads took: 0,0000117 seconds
2017-08-07T01:02:17.551+0200: 8248,795: Total time for which application threads were stopped: 0,0000482 seconds, Stopping threads took: 0,0000153 seconds
2017-08-07T01:02:17.553+0200: 8248,796: Total time for which application threads were stopped: 0,0001148 seconds, Stopping threads took: 0,0000332 seconds
2017-08-07T01:02:17.556+0200: 8248,799: Total time for which application threads were stopped: 0,0000876 seconds, Stopping threads took: 0,0000284 seconds
2017-08-07T01:02:17.556+0200: 8248,799: Total time for which application threads were stopped: 0,0000437 seconds, Stopping threads took: 0,0000131 seconds
2017-08-07T01:02:17.556+0200: 8248,799: Total time for which application threads were stopped: 0,0000397 seconds, Stopping threads took: 0,0000117 seconds
2017-08-07T01:02:17.556+0200: 8248,799: Total time for which application threads were stopped: 0,0000472 seconds, Stopping threads took: 0,0000163 seconds
2017-08-07T01:02:17.558+0200: 8248,801: Total time for which application threads were stopped: 0,0001151 seconds, Stopping threads took: 0,0000418 seconds
2017-08-07T01:02:17.560+0200: 8248,804: Total time for which application threads were stopped: 0,0001087 seconds, Stopping threads took: 0,0000321 seconds
2017-08-07T01:02:17.561+0200: 8248,804: Total time for which application threads were stopped: 0,0000524 seconds, Stopping threads took: 0,0000176 seconds
2017-08-07T01:02:17.561+0200: 8248,804: Total time for which application threads were stopped: 0,0000381 seconds, Stopping threads took: 0,0000056 seconds
2017-08-07T01:02:17.561+0200: 8248,804: Total time for which application threads were stopped: 0,0000476 seconds, Stopping threads took: 0,0000150 seconds
2017-08-07T01:02:17.561+0200: 8248,804: Total time for which application threads were stopped: 0,0000613 seconds, Stopping threads took: 0,0000196 seconds
2017-08-07T01:02:17.562+0200: 8248,805: Total time for which application threads were stopped: 0,0000728 seconds, Stopping threads took: 0,0000185 seconds
2017-08-07T01:02:17.562+0200: 8248,805: Total time for which application threads were stopped: 0,0000398 seconds, Stopping threads took: 0,0000063 seconds
2017-08-07T01:02:17.562+0200: 8248,805: Total time for which application threads were stopped: 0,0000486 seconds, Stopping threads took: 0,0000141 seconds
2017-08-07T01:02:17.562+0200: 8248,805: Total time for which application threads were stopped: 0,0000426 seconds, Stopping threads took: 0,0000137 seconds
2017-08-07T01:02:17.563+0200: 8248,806: Total time for which application threads were stopped: 0,0002152 seconds, Stopping threads took: 0,0000271 seconds
2017-08-07T01:02:17.569+0200: 8248,812: Total time for which application threads were stopped: 0,0006053 seconds, Stopping threads took: 0,0005261 seconds
2017-08-07T01:02:17.570+0200: 8248,813: Total time for which application threads were stopped: 0,0001049 seconds, Stopping threads took: 0,0000295 seconds
2017-08-07T01:02:17.570+0200: 8248,813: Total time for which application threads were stopped: 0,0000453 seconds, Stopping threads took: 0,0000132 seconds
2017-08-07T01:02:17.572+0200: 8248,815: Total time for which application threads were stopped: 0,0001237 seconds, Stopping threads took: 0,0000294 seconds
2017-08-07T01:02:17.572+0200: 8248,815: Total time for which application threads were stopped: 0,0000748 seconds, Stopping threads took: 0,0000201 seconds
2017-08-07T01:02:17.572+0200: 8248,815: Total time for which application threads were stopped: 0,0000420 seconds, Stopping threads took: 0,0000132 seconds
2017-08-07T01:02:17.572+0200: 8248,815: Total time for which application threads were stopped: 0,0000400 seconds, Stopping threads took: 0,0000120 seconds
2017-08-07T01:02:17.572+0200: 8248,816: Total time for which application threads were stopped: 0,0000387 seconds, Stopping threads took: 0,0000125 seconds
2017-08-07T01:02:17.573+0200: 8248,816: Total time for which application threads were stopped: 0,0000378 seconds, Stopping threads took: 0,0000113 seconds
2017-08-07T01:02:17.573+0200: 8248,816: Total time for which application threads were stopped: 0,0000375 seconds, Stopping threads took: 0,0000112 seconds
2017-08-07T01:02:17.573+0200: 8248,816: Total time for which application threads were stopped: 0,0001546 seconds, Stopping threads took: 0,0000112 seconds
2017-08-07T01:02:17.573+0200: 8248,816: Total time for which application threads were stopped: 0,0000751 seconds, Stopping threads took: 0,0000218 seconds
2017-08-07T01:02:17.574+0200: 8248,817: Total time for which application threads were stopped: 0,0000778 seconds, Stopping threads took: 0,0000136 seconds
Heap
 par new generation   total 109248K, used 60145K [0x00000000e0000000, 0x00000000e8000000, 0x00000000e8000000)
  eden space 87424K,  51% used [0x00000000e0000000, 0x00000000e2c634e0, 0x00000000e5560000)
  from space 21824K,  67% used [0x00000000e6ab0000, 0x00000000e7909200, 0x00000000e8000000)
  to   space 21824K,   0% used [0x00000000e5560000, 0x00000000e5560000, 0x00000000e6ab0000)
 concurrent mark-sweep generation total 393216K, used 6616K [0x00000000e8000000, 0x0000000100000000, 0x0000000100000000)
 Metaspace       used 28148K, capacity 28680K, committed 28764K, reserved 1075200K
  class space    used 3231K, capacity 3428K, committed 3448K, reserved 1048576K
