OpenJDK 64-Bit Server VM (25.121-b13) for linux-amd64 JRE (1.8.0_121-8u121-b13-0ubuntu1.16.04.2-b13), built on Jan 23 2017 15:51:29 by "buildd" with gcc 5.4.0 20160609
Memory: 4k page, physical 7867764k(7446688k free), swap 8076284k(8076284k free)
CommandLine flags: -XX:CMSInitiatingOccupancyFraction=50 -XX:CMSMaxAbortablePrecleanTime=6000 -XX:+CMSParallelRemarkEnabled -XX:+CMSScavengeBeforeRemark -XX:ConcGCThreads=4 -XX:InitialHeapSize=536870912 -XX:MaxHeapSize=536870912 -XX:MaxTenuringThreshold=8 -XX:NewRatio=3 -XX:OldPLABSize=16 -XX:OnOutOfMemoryError=/opt/solr/bin/oom_solr.sh 8983 /var/solr/logs -XX:ParallelGCThreads=4 -XX:+ParallelRefProcEnabled -XX:PretenureSizeThreshold=67108864 -XX:+PrintGC -XX:+PrintGCApplicationStoppedTime -XX:+PrintGCDateStamps -XX:+PrintGCDetails -XX:+PrintGCTimeStamps -XX:+PrintHeapAtGC -XX:+PrintTenuringDistribution -XX:SurvivorRatio=4 -XX:TargetSurvivorRatio=90 -XX:ThreadStackSize=256 -XX:+UseCMSInitiatingOccupancyOnly -XX:+UseCompressedClassPointers -XX:+UseCompressedOops -XX:+UseConcMarkSweepGC -XX:+UseParNewGC 
2017-05-13T08:52:35.967+0200: 0,142: Total time for which application threads were stopped: 0,0000653 seconds, Stopping threads took: 0,0000085 seconds
2017-05-13T08:52:36.043+0200: 0,218: Total time for which application threads were stopped: 0,0000947 seconds, Stopping threads took: 0,0000162 seconds
2017-05-13T08:52:36.058+0200: 0,233: Total time for which application threads were stopped: 0,0000831 seconds, Stopping threads took: 0,0000093 seconds
2017-05-13T08:52:36.333+0200: 0,508: Total time for which application threads were stopped: 0,0002975 seconds, Stopping threads took: 0,0000151 seconds
2017-05-13T08:52:36.369+0200: 0,544: Total time for which application threads were stopped: 0,0001489 seconds, Stopping threads took: 0,0000270 seconds
2017-05-13T08:52:36.701+0200: 0,876: Total time for which application threads were stopped: 0,0002069 seconds, Stopping threads took: 0,0000313 seconds
2017-05-13T08:52:36.869+0200: 1,044: Total time for which application threads were stopped: 0,0001942 seconds, Stopping threads took: 0,0000172 seconds
2017-05-13T08:52:36.922+0200: 1,097: Total time for which application threads were stopped: 0,0002017 seconds, Stopping threads took: 0,0000326 seconds
2017-05-13T08:52:37.182+0200: 1,357: Total time for which application threads were stopped: 0,0002067 seconds, Stopping threads took: 0,0000208 seconds
2017-05-13T08:52:37.429+0200: 1,604: Total time for which application threads were stopped: 0,0002040 seconds, Stopping threads took: 0,0000162 seconds
2017-05-13T08:52:37.459+0200: 1,634: Total time for which application threads were stopped: 0,0002074 seconds, Stopping threads took: 0,0000245 seconds
2017-05-13T08:52:37.492+0200: 1,667: Total time for which application threads were stopped: 0,0002500 seconds, Stopping threads took: 0,0000288 seconds
2017-05-13T08:52:37.494+0200: 1,669: Total time for which application threads were stopped: 0,0002336 seconds, Stopping threads took: 0,0000335 seconds
2017-05-13T08:52:37.508+0200: 1,683: Total time for which application threads were stopped: 0,0002164 seconds, Stopping threads took: 0,0000214 seconds
2017-05-13T08:52:37.608+0200: 1,783: Total time for which application threads were stopped: 0,0003431 seconds, Stopping threads took: 0,0000287 seconds
2017-05-13T08:52:37.792+0200: 1,967: Total time for which application threads were stopped: 0,0003105 seconds, Stopping threads took: 0,0000797 seconds
{Heap before GC invocations=0 (full 0):
 par new generation   total 109248K, used 87424K [0x00000000e0000000, 0x00000000e8000000, 0x00000000e8000000)
  eden space 87424K, 100% used [0x00000000e0000000, 0x00000000e5560000, 0x00000000e5560000)
  from space 21824K,   0% used [0x00000000e5560000, 0x00000000e5560000, 0x00000000e6ab0000)
  to   space 21824K,   0% used [0x00000000e6ab0000, 0x00000000e6ab0000, 0x00000000e8000000)
 concurrent mark-sweep generation total 393216K, used 0K [0x00000000e8000000, 0x0000000100000000, 0x0000000100000000)
 Metaspace       used 18038K, capacity 18400K, committed 18688K, reserved 1064960K
  class space    used 2036K, capacity 2196K, committed 2304K, reserved 1048576K
2017-05-13T08:52:37.880+0200: 2,055: [GC (Allocation Failure) 2017-05-13T08:52:37.880+0200: 2,055: [ParNew
Desired survivor size 20112992 bytes, new threshold 8 (max 8)
- age   1:   12600088 bytes,   12600088 total
: 87424K->12411K(109248K), 0,0163542 secs] 87424K->12411K(502464K), 0,0164252 secs] [Times: user=0,05 sys=0,00, real=0,01 secs] 
Heap after GC invocations=1 (full 0):
 par new generation   total 109248K, used 12411K [0x00000000e0000000, 0x00000000e8000000, 0x00000000e8000000)
  eden space 87424K,   0% used [0x00000000e0000000, 0x00000000e0000000, 0x00000000e5560000)
  from space 21824K,  56% used [0x00000000e6ab0000, 0x00000000e76cefd0, 0x00000000e8000000)
  to   space 21824K,   0% used [0x00000000e5560000, 0x00000000e5560000, 0x00000000e6ab0000)
 concurrent mark-sweep generation total 393216K, used 0K [0x00000000e8000000, 0x0000000100000000, 0x0000000100000000)
 Metaspace       used 18038K, capacity 18400K, committed 18688K, reserved 1064960K
  class space    used 2036K, capacity 2196K, committed 2304K, reserved 1048576K
}
2017-05-13T08:52:37.896+0200: 2,071: Total time for which application threads were stopped: 0,0168737 seconds, Stopping threads took: 0,0001851 seconds
2017-05-13T08:52:38.195+0200: 2,370: Total time for which application threads were stopped: 0,0003838 seconds, Stopping threads took: 0,0000715 seconds
2017-05-13T08:52:38.238+0200: 2,413: Total time for which application threads were stopped: 0,0018835 seconds, Stopping threads took: 0,0015965 seconds
{Heap before GC invocations=1 (full 0):
 par new generation   total 109248K, used 99835K [0x00000000e0000000, 0x00000000e8000000, 0x00000000e8000000)
  eden space 87424K, 100% used [0x00000000e0000000, 0x00000000e5560000, 0x00000000e5560000)
  from space 21824K,  56% used [0x00000000e6ab0000, 0x00000000e76cefd0, 0x00000000e8000000)
  to   space 21824K,   0% used [0x00000000e5560000, 0x00000000e5560000, 0x00000000e6ab0000)
 concurrent mark-sweep generation total 393216K, used 0K [0x00000000e8000000, 0x0000000100000000, 0x0000000100000000)
 Metaspace       used 20072K, capacity 20430K, committed 20736K, reserved 1067008K
  class space    used 2297K, capacity 2471K, committed 2560K, reserved 1048576K
2017-05-13T08:52:38.242+0200: 2,417: [GC (Allocation Failure) 2017-05-13T08:52:38.242+0200: 2,417: [ParNew
Desired survivor size 20112992 bytes, new threshold 8 (max 8)
- age   1:    3583624 bytes,    3583624 total
- age   2:    6668000 bytes,   10251624 total
: 99835K->15657K(109248K), 0,0102726 secs] 99835K->15657K(502464K), 0,0103451 secs] [Times: user=0,04 sys=0,01, real=0,01 secs] 
Heap after GC invocations=2 (full 0):
 par new generation   total 109248K, used 15657K [0x00000000e0000000, 0x00000000e8000000, 0x00000000e8000000)
  eden space 87424K,   0% used [0x00000000e0000000, 0x00000000e0000000, 0x00000000e5560000)
  from space 21824K,  71% used [0x00000000e5560000, 0x00000000e64aa6c0, 0x00000000e6ab0000)
  to   space 21824K,   0% used [0x00000000e6ab0000, 0x00000000e6ab0000, 0x00000000e8000000)
 concurrent mark-sweep generation total 393216K, used 0K [0x00000000e8000000, 0x0000000100000000, 0x0000000100000000)
 Metaspace       used 20072K, capacity 20430K, committed 20736K, reserved 1067008K
  class space    used 2297K, capacity 2471K, committed 2560K, reserved 1048576K
}
2017-05-13T08:52:38.252+0200: 2,428: Total time for which application threads were stopped: 0,0127996 seconds, Stopping threads took: 0,0023261 seconds
2017-05-13T08:52:38.290+0200: 2,465: Total time for which application threads were stopped: 0,0027607 seconds, Stopping threads took: 0,0023976 seconds
2017-05-13T08:52:38.409+0200: 2,584: Total time for which application threads were stopped: 0,0001928 seconds, Stopping threads took: 0,0000717 seconds
{Heap before GC invocations=2 (full 0):
 par new generation   total 109248K, used 103081K [0x00000000e0000000, 0x00000000e8000000, 0x00000000e8000000)
  eden space 87424K, 100% used [0x00000000e0000000, 0x00000000e5560000, 0x00000000e5560000)
  from space 21824K,  71% used [0x00000000e5560000, 0x00000000e64aa6c0, 0x00000000e6ab0000)
  to   space 21824K,   0% used [0x00000000e6ab0000, 0x00000000e6ab0000, 0x00000000e8000000)
 concurrent mark-sweep generation total 393216K, used 0K [0x00000000e8000000, 0x0000000100000000, 0x0000000100000000)
 Metaspace       used 20992K, capacity 21352K, committed 21628K, reserved 1069056K
  class space    used 2417K, capacity 2590K, committed 2684K, reserved 1048576K
2017-05-13T08:52:38.450+0200: 2,625: [GC (Allocation Failure) 2017-05-13T08:52:38.450+0200: 2,625: [ParNew
Desired survivor size 20112992 bytes, new threshold 8 (max 8)
- age   1:    2071016 bytes,    2071016 total
- age   2:     859984 bytes,    2931000 total
- age   3:    6650152 bytes,    9581152 total
: 103081K->13380K(109248K), 0,0170922 secs] 103081K->13380K(502464K), 0,0171657 secs] [Times: user=0,05 sys=0,00, real=0,01 secs] 
Heap after GC invocations=3 (full 0):
 par new generation   total 109248K, used 13380K [0x00000000e0000000, 0x00000000e8000000, 0x00000000e8000000)
  eden space 87424K,   0% used [0x00000000e0000000, 0x00000000e0000000, 0x00000000e5560000)
  from space 21824K,  61% used [0x00000000e6ab0000, 0x00000000e77c1000, 0x00000000e8000000)
  to   space 21824K,   0% used [0x00000000e5560000, 0x00000000e5560000, 0x00000000e6ab0000)
 concurrent mark-sweep generation total 393216K, used 0K [0x00000000e8000000, 0x0000000100000000, 0x0000000100000000)
 Metaspace       used 20992K, capacity 21352K, committed 21628K, reserved 1069056K
  class space    used 2417K, capacity 2590K, committed 2684K, reserved 1048576K
}
2017-05-13T08:52:38.468+0200: 2,643: Total time for which application threads were stopped: 0,0173598 seconds, Stopping threads took: 0,0000624 seconds
2017-05-13T08:52:38.473+0200: 2,648: [GC (CMS Initial Mark) [1 CMS-initial-mark: 0K(393216K)] 19773K(502464K), 0,0048594 secs] [Times: user=0,01 sys=0,00, real=0,00 secs] 
2017-05-13T08:52:38.478+0200: 2,653: Total time for which application threads were stopped: 0,0050398 seconds, Stopping threads took: 0,0000588 seconds
2017-05-13T08:52:38.478+0200: 2,653: [CMS-concurrent-mark-start]
2017-05-13T08:52:38.481+0200: 2,656: [CMS-concurrent-mark: 0,003/0,003 secs] [Times: user=0,01 sys=0,00, real=0,01 secs] 
2017-05-13T08:52:38.481+0200: 2,656: [CMS-concurrent-preclean-start]
2017-05-13T08:52:38.482+0200: 2,657: [CMS-concurrent-preclean: 0,001/0,001 secs] [Times: user=0,00 sys=0,00, real=0,00 secs] 
2017-05-13T08:52:38.482+0200: 2,657: [CMS-concurrent-abortable-preclean-start]
2017-05-13T08:52:38.531+0200: 2,706: Total time for which application threads were stopped: 0,0000986 seconds, Stopping threads took: 0,0000271 seconds
{Heap before GC invocations=3 (full 1):
 par new generation   total 109248K, used 100804K [0x00000000e0000000, 0x00000000e8000000, 0x00000000e8000000)
  eden space 87424K, 100% used [0x00000000e0000000, 0x00000000e5560000, 0x00000000e5560000)
  from space 21824K,  61% used [0x00000000e6ab0000, 0x00000000e77c1000, 0x00000000e8000000)
  to   space 21824K,   0% used [0x00000000e5560000, 0x00000000e5560000, 0x00000000e6ab0000)
 concurrent mark-sweep generation total 393216K, used 0K [0x00000000e8000000, 0x0000000100000000, 0x0000000100000000)
 Metaspace       used 21266K, capacity 21632K, committed 21884K, reserved 1069056K
  class space    used 2448K, capacity 2606K, committed 2684K, reserved 1048576K
2017-05-13T08:52:38.580+0200: 2,755: [GC (Allocation Failure) 2017-05-13T08:52:38.580+0200: 2,755: [ParNew
Desired survivor size 20112992 bytes, new threshold 8 (max 8)
- age   1:    1351888 bytes,    1351888 total
- age   2:    1453888 bytes,    2805776 total
- age   3:     824736 bytes,    3630512 total
- age   4:    6649928 bytes,   10280440 total
: 100804K->12714K(109248K), 0,0107242 secs] 100804K->12714K(502464K), 0,0107962 secs] [Times: user=0,04 sys=0,00, real=0,01 secs] 
Heap after GC invocations=4 (full 1):
 par new generation   total 109248K, used 12714K [0x00000000e0000000, 0x00000000e8000000, 0x00000000e8000000)
  eden space 87424K,   0% used [0x00000000e0000000, 0x00000000e0000000, 0x00000000e5560000)
  from space 21824K,  58% used [0x00000000e5560000, 0x00000000e61cabe0, 0x00000000e6ab0000)
  to   space 21824K,   0% used [0x00000000e6ab0000, 0x00000000e6ab0000, 0x00000000e8000000)
 concurrent mark-sweep generation total 393216K, used 0K [0x00000000e8000000, 0x0000000100000000, 0x0000000100000000)
 Metaspace       used 21266K, capacity 21632K, committed 21884K, reserved 1069056K
  class space    used 2448K, capacity 2606K, committed 2684K, reserved 1048576K
}
2017-05-13T08:52:38.591+0200: 2,766: Total time for which application threads were stopped: 0,0126252 seconds, Stopping threads took: 0,0016664 seconds
{Heap before GC invocations=4 (full 1):
 par new generation   total 109248K, used 100138K [0x00000000e0000000, 0x00000000e8000000, 0x00000000e8000000)
  eden space 87424K, 100% used [0x00000000e0000000, 0x00000000e5560000, 0x00000000e5560000)
  from space 21824K,  58% used [0x00000000e5560000, 0x00000000e61cabe0, 0x00000000e6ab0000)
  to   space 21824K,   0% used [0x00000000e6ab0000, 0x00000000e6ab0000, 0x00000000e8000000)
 concurrent mark-sweep generation total 393216K, used 0K [0x00000000e8000000, 0x0000000100000000, 0x0000000100000000)
 Metaspace       used 21545K, capacity 21862K, committed 21960K, reserved 1069056K
  class space    used 2485K, capacity 2639K, committed 2684K, reserved 1048576K
2017-05-13T08:52:38.690+0200: 2,865: [GC (Allocation Failure) 2017-05-13T08:52:38.690+0200: 2,865: [ParNew
Desired survivor size 20112992 bytes, new threshold 8 (max 8)
- age   1:     515168 bytes,     515168 total
- age   2:     187848 bytes,     703016 total
- age   3:     675560 bytes,    1378576 total
- age   4:     824592 bytes,    2203168 total
- age   5:    6649856 bytes,    8853024 total
: 100138K->13028K(109248K), 0,0116858 secs] 100138K->13028K(502464K), 0,0117757 secs] [Times: user=0,03 sys=0,01, real=0,01 secs] 
Heap after GC invocations=5 (full 1):
 par new generation   total 109248K, used 13028K [0x00000000e0000000, 0x00000000e8000000, 0x00000000e8000000)
  eden space 87424K,   0% used [0x00000000e0000000, 0x00000000e0000000, 0x00000000e5560000)
  from space 21824K,  59% used [0x00000000e6ab0000, 0x00000000e7769070, 0x00000000e8000000)
  to   space 21824K,   0% used [0x00000000e5560000, 0x00000000e5560000, 0x00000000e6ab0000)
 concurrent mark-sweep generation total 393216K, used 0K [0x00000000e8000000, 0x0000000100000000, 0x0000000100000000)
 Metaspace       used 21545K, capacity 21862K, committed 21960K, reserved 1069056K
  class space    used 2485K, capacity 2639K, committed 2684K, reserved 1048576K
}
2017-05-13T08:52:38.702+0200: 2,877: Total time for which application threads were stopped: 0,0120101 seconds, Stopping threads took: 0,0000308 seconds
2017-05-13T08:52:38.703+0200: 2,878: Total time for which application threads were stopped: 0,0001240 seconds, Stopping threads took: 0,0000535 seconds
2017-05-13T08:52:38.703+0200: 2,878: [CMS-concurrent-abortable-preclean: 0,169/0,222 secs] [Times: user=0,86 sys=0,01, real=0,22 secs] 
2017-05-13T08:52:38.703+0200: 2,878: [GC (CMS Final Remark) [YG occupancy: 14313 K (109248 K)]{Heap before GC invocations=5 (full 1):
 par new generation   total 109248K, used 14313K [0x00000000e0000000, 0x00000000e8000000, 0x00000000e8000000)
  eden space 87424K,   1% used [0x00000000e0000000, 0x00000000e01416e0, 0x00000000e5560000)
  from space 21824K,  59% used [0x00000000e6ab0000, 0x00000000e7769070, 0x00000000e8000000)
  to   space 21824K,   0% used [0x00000000e5560000, 0x00000000e5560000, 0x00000000e6ab0000)
 concurrent mark-sweep generation total 393216K, used 0K [0x00000000e8000000, 0x0000000100000000, 0x0000000100000000)
 Metaspace       used 21550K, capacity 21926K, committed 22216K, reserved 1069056K
  class space    used 2486K, capacity 2639K, committed 2684K, reserved 1048576K
2017-05-13T08:52:38.703+0200: 2,878: [GC (CMS Final Remark) 2017-05-13T08:52:38.703+0200: 2,878: [ParNew
Desired survivor size 20112992 bytes, new threshold 8 (max 8)
- age   1:     163768 bytes,     163768 total
- age   2:     169584 bytes,     333352 total
- age   3:     187848 bytes,     521200 total
- age   4:     677624 bytes,    1198824 total
- age   5:     824592 bytes,    2023416 total
- age   6:    6650096 bytes,    8673512 total
: 14313K->10831K(109248K), 0,0084782 secs] 14313K->10831K(502464K), 0,0085268 secs] [Times: user=0,03 sys=0,00, real=0,01 secs] 
Heap after GC invocations=6 (full 1):
 par new generation   total 109248K, used 10831K [0x00000000e0000000, 0x00000000e8000000, 0x00000000e8000000)
  eden space 87424K,   0% used [0x00000000e0000000, 0x00000000e0000000, 0x00000000e5560000)
  from space 21824K,  49% used [0x00000000e5560000, 0x00000000e5ff3f30, 0x00000000e6ab0000)
  to   space 21824K,   0% used [0x00000000e6ab0000, 0x00000000e6ab0000, 0x00000000e8000000)
 concurrent mark-sweep generation total 393216K, used 0K [0x00000000e8000000, 0x0000000100000000, 0x0000000100000000)
 Metaspace       used 21550K, capacity 21926K, committed 22216K, reserved 1069056K
  class space    used 2486K, capacity 2639K, committed 2684K, reserved 1048576K
}
2017-05-13T08:52:38.712+0200: 2,887: [Rescan (parallel) , 0,0030385 secs]2017-05-13T08:52:38.715+0200: 2,890: [weak refs processing, 0,0013334 secs]2017-05-13T08:52:38.716+0200: 2,891: [class unloading, 0,0029867 secs]2017-05-13T08:52:38.719+0200: 2,894: [scrub symbol table, 0,0026871 secs]2017-05-13T08:52:38.722+0200: 2,897: [scrub string table, 0,0004052 secs][1 CMS-remark: 0K(393216K)] 10831K(502464K), 0,0196494 secs] [Times: user=0,05 sys=0,00, real=0,02 secs] 
2017-05-13T08:52:38.723+0200: 2,898: Total time for which application threads were stopped: 0,0197811 seconds, Stopping threads took: 0,0000685 seconds
2017-05-13T08:52:38.723+0200: 2,898: [CMS-concurrent-sweep-start]
2017-05-13T08:52:38.723+0200: 2,898: [CMS-concurrent-sweep: 0,000/0,000 secs] [Times: user=0,00 sys=0,00, real=0,00 secs] 
2017-05-13T08:52:38.723+0200: 2,898: [CMS-concurrent-reset-start]
2017-05-13T08:52:38.725+0200: 2,900: [CMS-concurrent-reset: 0,002/0,002 secs] [Times: user=0,01 sys=0,00, real=0,00 secs] 
2017-05-13T08:52:38.735+0200: 2,910: Total time for which application threads were stopped: 0,0003649 seconds, Stopping threads took: 0,0000662 seconds
2017-05-13T08:52:39.027+0200: 3,202: Total time for which application threads were stopped: 0,0005755 seconds, Stopping threads took: 0,0000595 seconds
2017-05-13T08:52:39.042+0200: 3,218: Total time for which application threads were stopped: 0,0004571 seconds, Stopping threads took: 0,0000582 seconds
{Heap before GC invocations=6 (full 1):
 par new generation   total 109248K, used 98255K [0x00000000e0000000, 0x00000000e8000000, 0x00000000e8000000)
  eden space 87424K, 100% used [0x00000000e0000000, 0x00000000e5560000, 0x00000000e5560000)
  from space 21824K,  49% used [0x00000000e5560000, 0x00000000e5ff3f30, 0x00000000e6ab0000)
  to   space 21824K,   0% used [0x00000000e6ab0000, 0x00000000e6ab0000, 0x00000000e8000000)
 concurrent mark-sweep generation total 393216K, used 0K [0x00000000e8000000, 0x0000000100000000, 0x0000000100000000)
 Metaspace       used 24289K, capacity 24752K, committed 24828K, reserved 1071104K
  class space    used 2851K, capacity 3046K, committed 3068K, reserved 1048576K
2017-05-13T08:52:39.209+0200: 3,384: [GC (Allocation Failure) 2017-05-13T08:52:39.209+0200: 3,384: [ParNew
Desired survivor size 20112992 bytes, new threshold 8 (max 8)
- age   1:    5664568 bytes,    5664568 total
- age   2:        184 bytes,    5664752 total
- age   3:     167432 bytes,    5832184 total
- age   4:     186968 bytes,    6019152 total
- age   5:     283712 bytes,    6302864 total
- age   6:     800208 bytes,    7103072 total
- age   7:    6641576 bytes,   13744648 total
: 98255K->16726K(109248K), 0,0138558 secs] 98255K->16726K(502464K), 0,0139330 secs] [Times: user=0,05 sys=0,00, real=0,02 secs] 
Heap after GC invocations=7 (full 1):
 par new generation   total 109248K, used 16726K [0x00000000e0000000, 0x00000000e8000000, 0x00000000e8000000)
  eden space 87424K,   0% used [0x00000000e0000000, 0x00000000e0000000, 0x00000000e5560000)
  from space 21824K,  76% used [0x00000000e6ab0000, 0x00000000e7b05bb0, 0x00000000e8000000)
  to   space 21824K,   0% used [0x00000000e5560000, 0x00000000e5560000, 0x00000000e6ab0000)
 concurrent mark-sweep generation total 393216K, used 0K [0x00000000e8000000, 0x0000000100000000, 0x0000000100000000)
 Metaspace       used 24289K, capacity 24752K, committed 24828K, reserved 1071104K
  class space    used 2851K, capacity 3046K, committed 3068K, reserved 1048576K
}
2017-05-13T08:52:39.223+0200: 3,398: Total time for which application threads were stopped: 0,0142560 seconds, Stopping threads took: 0,0001070 seconds
{Heap before GC invocations=7 (full 1):
 par new generation   total 109248K, used 104150K [0x00000000e0000000, 0x00000000e8000000, 0x00000000e8000000)
  eden space 87424K, 100% used [0x00000000e0000000, 0x00000000e5560000, 0x00000000e5560000)
  from space 21824K,  76% used [0x00000000e6ab0000, 0x00000000e7b05bb0, 0x00000000e8000000)
  to   space 21824K,   0% used [0x00000000e5560000, 0x00000000e5560000, 0x00000000e6ab0000)
 concurrent mark-sweep generation total 393216K, used 0K [0x00000000e8000000, 0x0000000100000000, 0x0000000100000000)
 Metaspace       used 24558K, capacity 25030K, committed 25084K, reserved 1071104K
  class space    used 2871K, capacity 3050K, committed 3068K, reserved 1048576K
2017-05-13T08:52:39.311+0200: 3,486: [GC (Allocation Failure) 2017-05-13T08:52:39.311+0200: 3,486: [ParNew
Desired survivor size 20112992 bytes, new threshold 8 (max 8)
- age   1:    1267200 bytes,    1267200 total
- age   2:    1778136 bytes,    3045336 total
- age   3:        184 bytes,    3045520 total
- age   4:      90536 bytes,    3136056 total
- age   5:     113032 bytes,    3249088 total
- age   6:     177240 bytes,    3426328 total
- age   7:     765376 bytes,    4191704 total
- age   8:    6108504 bytes,   10300208 total
: 104150K->14906K(109248K), 0,0114757 secs] 104150K->14906K(502464K), 0,0115495 secs] [Times: user=0,04 sys=0,00, real=0,01 secs] 
Heap after GC invocations=8 (full 1):
 par new generation   total 109248K, used 14906K [0x00000000e0000000, 0x00000000e8000000, 0x00000000e8000000)
  eden space 87424K,   0% used [0x00000000e0000000, 0x00000000e0000000, 0x00000000e5560000)
  from space 21824K,  68% used [0x00000000e5560000, 0x00000000e63eeb30, 0x00000000e6ab0000)
  to   space 21824K,   0% used [0x00000000e6ab0000, 0x00000000e6ab0000, 0x00000000e8000000)
 concurrent mark-sweep generation total 393216K, used 0K [0x00000000e8000000, 0x0000000100000000, 0x0000000100000000)
 Metaspace       used 24558K, capacity 25030K, committed 25084K, reserved 1071104K
  class space    used 2871K, capacity 3050K, committed 3068K, reserved 1048576K
}
2017-05-13T08:52:39.323+0200: 3,498: Total time for which application threads were stopped: 0,0125436 seconds, Stopping threads took: 0,0008192 seconds
{Heap before GC invocations=8 (full 1):
 par new generation   total 109248K, used 102330K [0x00000000e0000000, 0x00000000e8000000, 0x00000000e8000000)
  eden space 87424K, 100% used [0x00000000e0000000, 0x00000000e5560000, 0x00000000e5560000)
  from space 21824K,  68% used [0x00000000e5560000, 0x00000000e63eeb30, 0x00000000e6ab0000)
  to   space 21824K,   0% used [0x00000000e6ab0000, 0x00000000e6ab0000, 0x00000000e8000000)
 concurrent mark-sweep generation total 393216K, used 0K [0x00000000e8000000, 0x0000000100000000, 0x0000000100000000)
 Metaspace       used 24954K, capacity 25456K, committed 25724K, reserved 1071104K
  class space    used 2904K, capacity 3084K, committed 3196K, reserved 1048576K
2017-05-13T08:52:39.427+0200: 3,602: [GC (Allocation Failure) 2017-05-13T08:52:39.427+0200: 3,602: [ParNew
Desired survivor size 20112992 bytes, new threshold 8 (max 8)
- age   1:    1299568 bytes,    1299568 total
- age   2:    1039656 bytes,    2339224 total
- age   3:    1764784 bytes,    4104008 total
- age   4:        184 bytes,    4104192 total
- age   5:      90536 bytes,    4194728 total
- age   6:     110456 bytes,    4305184 total
- age   7:     176776 bytes,    4481960 total
- age   8:     764640 bytes,    5246600 total
: 102330K->10130K(109248K), 0,0543427 secs] 102330K->16177K(502464K), 0,0544278 secs] [Times: user=0,18 sys=0,00, real=0,06 secs] 
Heap after GC invocations=9 (full 1):
 par new generation   total 109248K, used 10130K [0x00000000e0000000, 0x00000000e8000000, 0x00000000e8000000)
  eden space 87424K,   0% used [0x00000000e0000000, 0x00000000e0000000, 0x00000000e5560000)
  from space 21824K,  46% used [0x00000000e6ab0000, 0x00000000e7494810, 0x00000000e8000000)
  to   space 21824K,   0% used [0x00000000e5560000, 0x00000000e5560000, 0x00000000e6ab0000)
 concurrent mark-sweep generation total 393216K, used 6047K [0x00000000e8000000, 0x0000000100000000, 0x0000000100000000)
 Metaspace       used 24954K, capacity 25456K, committed 25724K, reserved 1071104K
  class space    used 2904K, capacity 3084K, committed 3196K, reserved 1048576K
}
2017-05-13T08:52:39.481+0200: 3,656: Total time for which application threads were stopped: 0,0548388 seconds, Stopping threads took: 0,0002246 seconds
2017-05-13T08:52:39.747+0200: 3,922: Total time for which application threads were stopped: 0,0005485 seconds, Stopping threads took: 0,0000385 seconds
2017-05-13T08:52:39.764+0200: 3,939: Total time for which application threads were stopped: 0,0004966 seconds, Stopping threads took: 0,0000367 seconds
2017-05-13T08:52:39.834+0200: 4,009: Total time for which application threads were stopped: 0,0005358 seconds, Stopping threads took: 0,0000546 seconds
2017-05-13T08:52:39.884+0200: 4,059: Total time for which application threads were stopped: 0,0004780 seconds, Stopping threads took: 0,0000291 seconds
2017-05-13T08:52:39.889+0200: 4,064: Total time for which application threads were stopped: 0,0001974 seconds, Stopping threads took: 0,0000922 seconds
2017-05-13T08:52:39.893+0200: 4,068: Total time for which application threads were stopped: 0,0001374 seconds, Stopping threads took: 0,0000314 seconds
2017-05-13T08:52:39.914+0200: 4,089: Total time for which application threads were stopped: 0,0001776 seconds, Stopping threads took: 0,0001045 seconds
2017-05-13T08:52:39.951+0200: 4,126: Total time for which application threads were stopped: 0,0001039 seconds, Stopping threads took: 0,0000230 seconds
2017-05-13T08:52:39.951+0200: 4,126: Total time for which application threads were stopped: 0,0000941 seconds, Stopping threads took: 0,0000361 seconds
2017-05-13T08:52:39.952+0200: 4,127: Total time for which application threads were stopped: 0,0000744 seconds, Stopping threads took: 0,0000222 seconds
2017-05-13T08:52:39.952+0200: 4,127: Total time for which application threads were stopped: 0,0000700 seconds, Stopping threads took: 0,0000224 seconds
2017-05-13T08:52:39.952+0200: 4,127: Total time for which application threads were stopped: 0,0000811 seconds, Stopping threads took: 0,0000255 seconds
2017-05-13T08:52:39.953+0200: 4,128: Total time for which application threads were stopped: 0,0003492 seconds, Stopping threads took: 0,0000109 seconds
2017-05-13T08:52:39.953+0200: 4,128: Total time for which application threads were stopped: 0,0000802 seconds, Stopping threads took: 0,0000279 seconds
2017-05-13T08:52:39.953+0200: 4,128: Total time for which application threads were stopped: 0,0000713 seconds, Stopping threads took: 0,0000120 seconds
2017-05-13T08:52:39.955+0200: 4,130: Total time for which application threads were stopped: 0,0000886 seconds, Stopping threads took: 0,0000189 seconds
2017-05-13T08:52:39.956+0200: 4,131: Total time for which application threads were stopped: 0,0000815 seconds, Stopping threads took: 0,0000246 seconds
2017-05-13T08:52:39.957+0200: 4,132: Total time for which application threads were stopped: 0,0001098 seconds, Stopping threads took: 0,0000437 seconds
2017-05-13T08:52:39.957+0200: 4,132: Total time for which application threads were stopped: 0,0001676 seconds, Stopping threads took: 0,0000878 seconds
2017-05-13T08:52:39.958+0200: 4,133: Total time for which application threads were stopped: 0,0000910 seconds, Stopping threads took: 0,0000263 seconds
2017-05-13T08:52:39.958+0200: 4,133: Total time for which application threads were stopped: 0,0000927 seconds, Stopping threads took: 0,0000326 seconds
2017-05-13T08:52:39.959+0200: 4,134: Total time for which application threads were stopped: 0,0000803 seconds, Stopping threads took: 0,0000201 seconds
2017-05-13T08:52:39.960+0200: 4,135: Total time for which application threads were stopped: 0,0000756 seconds, Stopping threads took: 0,0000177 seconds
2017-05-13T08:52:39.964+0200: 4,139: Total time for which application threads were stopped: 0,0001751 seconds, Stopping threads took: 0,0000990 seconds
2017-05-13T08:52:39.965+0200: 4,140: Total time for which application threads were stopped: 0,0001094 seconds, Stopping threads took: 0,0000309 seconds
2017-05-13T08:52:39.965+0200: 4,140: Total time for which application threads were stopped: 0,0001206 seconds, Stopping threads took: 0,0000536 seconds
2017-05-13T08:52:39.970+0200: 4,146: Total time for which application threads were stopped: 0,0001041 seconds, Stopping threads took: 0,0000250 seconds
2017-05-13T08:52:39.973+0200: 4,148: Total time for which application threads were stopped: 0,0002408 seconds, Stopping threads took: 0,0000548 seconds
2017-05-13T08:52:39.974+0200: 4,149: Total time for which application threads were stopped: 0,0001555 seconds, Stopping threads took: 0,0000697 seconds
2017-05-13T08:52:39.974+0200: 4,149: Total time for which application threads were stopped: 0,0001272 seconds, Stopping threads took: 0,0000542 seconds
2017-05-13T08:52:39.980+0200: 4,155: Total time for which application threads were stopped: 0,0001458 seconds, Stopping threads took: 0,0000487 seconds
2017-05-13T08:52:39.981+0200: 4,156: Total time for which application threads were stopped: 0,0001326 seconds, Stopping threads took: 0,0000366 seconds
2017-05-13T08:52:39.984+0200: 4,159: Total time for which application threads were stopped: 0,0001859 seconds, Stopping threads took: 0,0000763 seconds
2017-05-13T08:54:32.997+0200: 117,172: Total time for which application threads were stopped: 0,0001879 seconds, Stopping threads took: 0,0000758 seconds
2017-05-13T08:54:37.997+0200: 122,172: Total time for which application threads were stopped: 0,0002252 seconds, Stopping threads took: 0,0000745 seconds
{Heap before GC invocations=9 (full 1):
 par new generation   total 109248K, used 97554K [0x00000000e0000000, 0x00000000e8000000, 0x00000000e8000000)
  eden space 87424K, 100% used [0x00000000e0000000, 0x00000000e5560000, 0x00000000e5560000)
  from space 21824K,  46% used [0x00000000e6ab0000, 0x00000000e7494810, 0x00000000e8000000)
  to   space 21824K,   0% used [0x00000000e5560000, 0x00000000e5560000, 0x00000000e6ab0000)
 concurrent mark-sweep generation total 393216K, used 6047K [0x00000000e8000000, 0x0000000100000000, 0x0000000100000000)
 Metaspace       used 28029K, capacity 28568K, committed 28796K, reserved 1075200K
  class space    used 3213K, capacity 3392K, committed 3452K, reserved 1048576K
2017-05-13T08:55:31.722+0200: 175,897: [GC (Allocation Failure) 2017-05-13T08:55:31.722+0200: 175,897: [ParNew
Desired survivor size 20112992 bytes, new threshold 8 (max 8)
- age   1:   10792608 bytes,   10792608 total
- age   2:     193848 bytes,   10986456 total
- age   3:     249480 bytes,   11235936 total
- age   4:    1760168 bytes,   12996104 total
- age   5:        184 bytes,   12996288 total
- age   6:      90448 bytes,   13086736 total
- age   7:     110328 bytes,   13197064 total
- age   8:     176680 bytes,   13373744 total
: 97554K->13946K(109248K), 0,0179758 secs] 103601K->20839K(502464K), 0,0180470 secs] [Times: user=0,06 sys=0,01, real=0,02 secs] 
Heap after GC invocations=10 (full 1):
 par new generation   total 109248K, used 13946K [0x00000000e0000000, 0x00000000e8000000, 0x00000000e8000000)
  eden space 87424K,   0% used [0x00000000e0000000, 0x00000000e0000000, 0x00000000e5560000)
  from space 21824K,  63% used [0x00000000e5560000, 0x00000000e62fe930, 0x00000000e6ab0000)
  to   space 21824K,   0% used [0x00000000e6ab0000, 0x00000000e6ab0000, 0x00000000e8000000)
 concurrent mark-sweep generation total 393216K, used 6892K [0x00000000e8000000, 0x0000000100000000, 0x0000000100000000)
 Metaspace       used 28029K, capacity 28568K, committed 28796K, reserved 1075200K
  class space    used 3213K, capacity 3392K, committed 3452K, reserved 1048576K
}
2017-05-13T08:55:31.740+0200: 175,915: Total time for which application threads were stopped: 0,0182521 seconds, Stopping threads took: 0,0000448 seconds
2017-05-13T08:55:36.741+0200: 180,916: Total time for which application threads were stopped: 0,0000612 seconds, Stopping threads took: 0,0000170 seconds
2017-05-13T08:57:11.753+0200: 275,928: Total time for which application threads were stopped: 0,0001505 seconds, Stopping threads took: 0,0000579 seconds
2017-05-13T09:16:06.882+0200: 1411,057: Total time for which application threads were stopped: 0,0000800 seconds, Stopping threads took: 0,0000322 seconds
2017-05-13T09:21:16.919+0200: 1721,095: Total time for which application threads were stopped: 0,0000974 seconds, Stopping threads took: 0,0000377 seconds
2017-05-13T09:40:26.125+0200: 2301,255: Total time for which application threads were stopped: 0,0000878 seconds, Stopping threads took: 0,0000329 seconds
2017-05-13T09:40:27.125+0200: 2302,255: Total time for which application threads were stopped: 0,0000617 seconds, Stopping threads took: 0,0000150 seconds
2017-05-13T09:55:22.250+0200: 3197,379: Total time for which application threads were stopped: 0,0000980 seconds, Stopping threads took: 0,0000440 seconds
2017-05-13T10:06:01.325+0200: 3836,455: Total time for which application threads were stopped: 0,0000776 seconds, Stopping threads took: 0,0000305 seconds
2017-05-13T10:06:06.326+0200: 3841,456: Total time for which application threads were stopped: 0,0003401 seconds, Stopping threads took: 0,0001066 seconds
2017-05-13T10:20:27.435+0200: 4702,564: Total time for which application threads were stopped: 0,0001370 seconds, Stopping threads took: 0,0000510 seconds
2017-05-13T10:49:26.163+0200: 5982,925: Total time for which application threads were stopped: 0,0001201 seconds, Stopping threads took: 0,0000471 seconds
2017-05-13T10:54:06.194+0200: 6262,956: Total time for which application threads were stopped: 0,0001046 seconds, Stopping threads took: 0,0000436 seconds
2017-05-13T11:11:15.313+0200: 7292,075: Total time for which application threads were stopped: 0,0000780 seconds, Stopping threads took: 0,0000303 seconds
2017-05-13T11:11:45.317+0200: 7322,079: Total time for which application threads were stopped: 0,0000763 seconds, Stopping threads took: 0,0000294 seconds
2017-05-13T11:14:32.436+0200: 7489,198: Total time for which application threads were stopped: 0,0070475 seconds, Stopping threads took: 0,0069347 seconds
2017-05-13T11:14:32.440+0200: 7489,201: Total time for which application threads were stopped: 0,0001229 seconds, Stopping threads took: 0,0000643 seconds
2017-05-13T11:14:32.440+0200: 7489,202: Total time for which application threads were stopped: 0,0001220 seconds, Stopping threads took: 0,0000334 seconds
2017-05-13T11:14:32.457+0200: 7489,219: Total time for which application threads were stopped: 0,0001373 seconds, Stopping threads took: 0,0000511 seconds
2017-05-13T11:14:32.467+0200: 7489,229: Total time for which application threads were stopped: 0,0017506 seconds, Stopping threads took: 0,0016528 seconds
2017-05-13T11:14:32.470+0200: 7489,232: Total time for which application threads were stopped: 0,0001365 seconds, Stopping threads took: 0,0000340 seconds
Heap
 par new generation   total 109248K, used 35058K [0x00000000e0000000, 0x00000000e8000000, 0x00000000e8000000)
  eden space 87424K,  24% used [0x00000000e0000000, 0x00000000e149df78, 0x00000000e5560000)
  from space 21824K,  63% used [0x00000000e5560000, 0x00000000e62fe930, 0x00000000e6ab0000)
  to   space 21824K,   0% used [0x00000000e6ab0000, 0x00000000e6ab0000, 0x00000000e8000000)
 concurrent mark-sweep generation total 393216K, used 6892K [0x00000000e8000000, 0x0000000100000000, 0x0000000100000000)
 Metaspace       used 28153K, capacity 28704K, committed 29052K, reserved 1075200K
  class space    used 3227K, capacity 3394K, committed 3452K, reserved 1048576K
