OpenJDK 64-Bit Server VM (25.131-b11) for linux-amd64 JRE (1.8.0_131-8u131-b11-0ubuntu1.16.04.2-b11), built on May  6 2017 02:45:27 by "buildd" with gcc 5.4.0 20160609
Memory: 4k page, physical 7867764k(7462988k free), swap 8076284k(8076284k free)
CommandLine flags: -XX:CMSInitiatingOccupancyFraction=50 -XX:CMSMaxAbortablePrecleanTime=6000 -XX:+CMSParallelRemarkEnabled -XX:+CMSScavengeBeforeRemark -XX:ConcGCThreads=4 -XX:InitialHeapSize=536870912 -XX:MaxHeapSize=536870912 -XX:MaxTenuringThreshold=8 -XX:NewRatio=3 -XX:OldPLABSize=16 -XX:OnOutOfMemoryError=/opt/solr/bin/oom_solr.sh 8983 /var/solr/logs -XX:ParallelGCThreads=4 -XX:+ParallelRefProcEnabled -XX:PretenureSizeThreshold=67108864 -XX:+PrintGC -XX:+PrintGCApplicationStoppedTime -XX:+PrintGCDateStamps -XX:+PrintGCDetails -XX:+PrintGCTimeStamps -XX:+PrintHeapAtGC -XX:+PrintTenuringDistribution -XX:SurvivorRatio=4 -XX:TargetSurvivorRatio=90 -XX:ThreadStackSize=256 -XX:+UseCMSInitiatingOccupancyOnly -XX:+UseCompressedClassPointers -XX:+UseCompressedOops -XX:+UseConcMarkSweepGC -XX:+UseParNewGC 
2017-05-17T14:12:47.566+0200: 0,170: Total time for which application threads were stopped: 0,0001038 seconds, Stopping threads took: 0,0000114 seconds
2017-05-17T14:12:47.672+0200: 0,276: Total time for which application threads were stopped: 0,0001337 seconds, Stopping threads took: 0,0000280 seconds
2017-05-17T14:12:47.695+0200: 0,298: Total time for which application threads were stopped: 0,0001313 seconds, Stopping threads took: 0,0000275 seconds
2017-05-17T14:12:48.558+0200: 1,162: Total time for which application threads were stopped: 0,0001680 seconds, Stopping threads took: 0,0000145 seconds
2017-05-17T14:12:48.665+0200: 1,269: Total time for which application threads were stopped: 0,0001591 seconds, Stopping threads took: 0,0000252 seconds
2017-05-17T14:12:48.693+0200: 1,297: Total time for which application threads were stopped: 0,0002198 seconds, Stopping threads took: 0,0000419 seconds
2017-05-17T14:12:49.118+0200: 1,722: Total time for which application threads were stopped: 0,0023916 seconds, Stopping threads took: 0,0021910 seconds
2017-05-17T14:12:49.615+0200: 2,219: Total time for which application threads were stopped: 0,0014208 seconds, Stopping threads took: 0,0002384 seconds
2017-05-17T14:12:49.698+0200: 2,302: Total time for which application threads were stopped: 0,0010427 seconds, Stopping threads took: 0,0001485 seconds
2017-05-17T14:12:49.875+0200: 2,478: Total time for which application threads were stopped: 0,0018582 seconds, Stopping threads took: 0,0004111 seconds
2017-05-17T14:12:49.879+0200: 2,482: Total time for which application threads were stopped: 0,0004898 seconds, Stopping threads took: 0,0000199 seconds
2017-05-17T14:12:49.940+0200: 2,544: Total time for which application threads were stopped: 0,0007317 seconds, Stopping threads took: 0,0000234 seconds
2017-05-17T14:12:50.088+0200: 2,691: Total time for which application threads were stopped: 0,0002165 seconds, Stopping threads took: 0,0000178 seconds
2017-05-17T14:12:50.257+0200: 2,860: Total time for which application threads were stopped: 0,0002952 seconds, Stopping threads took: 0,0000508 seconds
2017-05-17T14:12:50.360+0200: 2,964: Total time for which application threads were stopped: 0,0001634 seconds, Stopping threads took: 0,0000510 seconds
{Heap before GC invocations=0 (full 0):
 par new generation   total 109248K, used 87424K [0x00000000e0000000, 0x00000000e8000000, 0x00000000e8000000)
  eden space 87424K, 100% used [0x00000000e0000000, 0x00000000e5560000, 0x00000000e5560000)
  from space 21824K,   0% used [0x00000000e5560000, 0x00000000e55600e8, 0x00000000e6ab0000)
  to   space 21824K,   0% used [0x00000000e6ab0000, 0x00000000e6ab0000, 0x00000000e8000000)
 concurrent mark-sweep generation total 393216K, used 0K [0x00000000e8000000, 0x0000000100000000, 0x0000000100000000)
 Metaspace       used 18072K, capacity 18336K, committed 18688K, reserved 1064960K
  class space    used 2043K, capacity 2196K, committed 2304K, reserved 1048576K
2017-05-17T14:12:50.362+0200: 2,966: [GC (Allocation Failure) 2017-05-17T14:12:50.362+0200: 2,966: [ParNew
Desired survivor size 20112992 bytes, new threshold 8 (max 8)
- age   1:   12640904 bytes,   12640904 total
: 87424K->12456K(109248K), 0,0186398 secs] 87424K->12456K(502464K), 0,0187274 secs] [Times: user=0,05 sys=0,02, real=0,02 secs] 
Heap after GC invocations=1 (full 0):
 par new generation   total 109248K, used 12456K [0x00000000e0000000, 0x00000000e8000000, 0x00000000e8000000)
  eden space 87424K,   0% used [0x00000000e0000000, 0x00000000e0000000, 0x00000000e5560000)
  from space 21824K,  57% used [0x00000000e6ab0000, 0x00000000e76da3a0, 0x00000000e8000000)
  to   space 21824K,   0% used [0x00000000e5560000, 0x00000000e5560000, 0x00000000e6ab0000)
 concurrent mark-sweep generation total 393216K, used 0K [0x00000000e8000000, 0x0000000100000000, 0x0000000100000000)
 Metaspace       used 18072K, capacity 18336K, committed 18688K, reserved 1064960K
  class space    used 2043K, capacity 2196K, committed 2304K, reserved 1048576K
}
2017-05-17T14:12:50.381+0200: 2,985: Total time for which application threads were stopped: 0,0189084 seconds, Stopping threads took: 0,0000474 seconds
{Heap before GC invocations=1 (full 0):
 par new generation   total 109248K, used 16845K [0x00000000e0000000, 0x00000000e8000000, 0x00000000e8000000)
  eden space 87424K,   5% used [0x00000000e0000000, 0x00000000e04493d0, 0x00000000e5560000)
  from space 21824K,  57% used [0x00000000e6ab0000, 0x00000000e76da3a0, 0x00000000e8000000)
  to   space 21824K,   0% used [0x00000000e5560000, 0x00000000e5560000, 0x00000000e6ab0000)
 concurrent mark-sweep generation total 393216K, used 0K [0x00000000e8000000, 0x0000000100000000, 0x0000000100000000)
 Metaspace       used 18084K, capacity 18400K, committed 18688K, reserved 1064960K
  class space    used 2043K, capacity 2196K, committed 2304K, reserved 1048576K
2017-05-17T14:12:50.390+0200: 2,994: [GC (GCLocker Initiated GC) 2017-05-17T14:12:50.390+0200: 2,994: [ParNew
Desired survivor size 20112992 bytes, new threshold 8 (max 8)
- age   1:       3600 bytes,       3600 total
- age   2:    7284408 bytes,    7288008 total
: 16845K->13761K(109248K), 0,0095078 secs] 16845K->13761K(502464K), 0,0095917 secs] [Times: user=0,02 sys=0,00, real=0,01 secs] 
Heap after GC invocations=2 (full 0):
 par new generation   total 109248K, used 13761K [0x00000000e0000000, 0x00000000e8000000, 0x00000000e8000000)
  eden space 87424K,   0% used [0x00000000e0000000, 0x00000000e0000000, 0x00000000e5560000)
  from space 21824K,  63% used [0x00000000e5560000, 0x00000000e62d0640, 0x00000000e6ab0000)
  to   space 21824K,   0% used [0x00000000e6ab0000, 0x00000000e6ab0000, 0x00000000e8000000)
 concurrent mark-sweep generation total 393216K, used 0K [0x00000000e8000000, 0x0000000100000000, 0x0000000100000000)
 Metaspace       used 18084K, capacity 18400K, committed 18688K, reserved 1064960K
  class space    used 2043K, capacity 2196K, committed 2304K, reserved 1048576K
}
2017-05-17T14:12:50.400+0200: 3,004: Total time for which application threads were stopped: 0,0098144 seconds, Stopping threads took: 0,0000359 seconds
2017-05-17T14:12:50.714+0200: 3,318: Total time for which application threads were stopped: 0,0004468 seconds, Stopping threads took: 0,0000874 seconds
2017-05-17T14:12:50.761+0200: 3,365: Total time for which application threads were stopped: 0,0027785 seconds, Stopping threads took: 0,0024856 seconds
{Heap before GC invocations=2 (full 0):
 par new generation   total 109248K, used 101185K [0x00000000e0000000, 0x00000000e8000000, 0x00000000e8000000)
  eden space 87424K, 100% used [0x00000000e0000000, 0x00000000e5560000, 0x00000000e5560000)
  from space 21824K,  63% used [0x00000000e5560000, 0x00000000e62d0640, 0x00000000e6ab0000)
  to   space 21824K,   0% used [0x00000000e6ab0000, 0x00000000e6ab0000, 0x00000000e8000000)
 concurrent mark-sweep generation total 393216K, used 0K [0x00000000e8000000, 0x0000000100000000, 0x0000000100000000)
 Metaspace       used 20074K, capacity 20442K, committed 20736K, reserved 1067008K
  class space    used 2299K, capacity 2475K, committed 2560K, reserved 1048576K
2017-05-17T14:12:50.774+0200: 3,378: [GC (Allocation Failure) 2017-05-17T14:12:50.774+0200: 3,378: [ParNew
Desired survivor size 20112992 bytes, new threshold 8 (max 8)
- age   1:    3563368 bytes,    3563368 total
- age   2:       3528 bytes,    3566896 total
- age   3:    6670000 bytes,   10236896 total
: 101185K->11550K(109248K), 0,0093577 secs] 101185K->11550K(502464K), 0,0094279 secs] [Times: user=0,03 sys=0,00, real=0,01 secs] 
Heap after GC invocations=3 (full 0):
 par new generation   total 109248K, used 11550K [0x00000000e0000000, 0x00000000e8000000, 0x00000000e8000000)
  eden space 87424K,   0% used [0x00000000e0000000, 0x00000000e0000000, 0x00000000e5560000)
  from space 21824K,  52% used [0x00000000e6ab0000, 0x00000000e75f7bf0, 0x00000000e8000000)
  to   space 21824K,   0% used [0x00000000e5560000, 0x00000000e5560000, 0x00000000e6ab0000)
 concurrent mark-sweep generation total 393216K, used 0K [0x00000000e8000000, 0x0000000100000000, 0x0000000100000000)
 Metaspace       used 20074K, capacity 20442K, committed 20736K, reserved 1067008K
  class space    used 2299K, capacity 2475K, committed 2560K, reserved 1048576K
}
2017-05-17T14:12:50.784+0200: 3,387: Total time for which application threads were stopped: 0,0107012 seconds, Stopping threads took: 0,0011341 seconds
2017-05-17T14:12:50.829+0200: 3,433: Total time for which application threads were stopped: 0,0003123 seconds, Stopping threads took: 0,0000300 seconds
2017-05-17T14:12:50.953+0200: 3,557: Total time for which application threads were stopped: 0,0001938 seconds, Stopping threads took: 0,0000304 seconds
{Heap before GC invocations=3 (full 0):
 par new generation   total 109248K, used 98974K [0x00000000e0000000, 0x00000000e8000000, 0x00000000e8000000)
  eden space 87424K, 100% used [0x00000000e0000000, 0x00000000e5560000, 0x00000000e5560000)
  from space 21824K,  52% used [0x00000000e6ab0000, 0x00000000e75f7bf0, 0x00000000e8000000)
  to   space 21824K,   0% used [0x00000000e5560000, 0x00000000e5560000, 0x00000000e6ab0000)
 concurrent mark-sweep generation total 393216K, used 0K [0x00000000e8000000, 0x0000000100000000, 0x0000000100000000)
 Metaspace       used 20980K, capacity 21300K, committed 21552K, reserved 1069056K
  class space    used 2420K, capacity 2594K, committed 2608K, reserved 1048576K
2017-05-17T14:12:51.003+0200: 3,607: [GC (Allocation Failure) 2017-05-17T14:12:51.003+0200: 3,607: [ParNew
Desired survivor size 20112992 bytes, new threshold 8 (max 8)
- age   1:    1932848 bytes,    1932848 total
- age   2:     848464 bytes,    2781312 total
- age   3:       3528 bytes,    2784840 total
- age   4:    6667472 bytes,    9452312 total
: 98974K->14564K(109248K), 0,0147127 secs] 98974K->14564K(502464K), 0,0147877 secs] [Times: user=0,05 sys=0,00, real=0,01 secs] 
Heap after GC invocations=4 (full 0):
 par new generation   total 109248K, used 14564K [0x00000000e0000000, 0x00000000e8000000, 0x00000000e8000000)
  eden space 87424K,   0% used [0x00000000e0000000, 0x00000000e0000000, 0x00000000e5560000)
  from space 21824K,  66% used [0x00000000e5560000, 0x00000000e6399308, 0x00000000e6ab0000)
  to   space 21824K,   0% used [0x00000000e6ab0000, 0x00000000e6ab0000, 0x00000000e8000000)
 concurrent mark-sweep generation total 393216K, used 0K [0x00000000e8000000, 0x0000000100000000, 0x0000000100000000)
 Metaspace       used 20980K, capacity 21300K, committed 21552K, reserved 1069056K
  class space    used 2420K, capacity 2594K, committed 2608K, reserved 1048576K
}
2017-05-17T14:12:51.018+0200: 3,622: Total time for which application threads were stopped: 0,0150254 seconds, Stopping threads took: 0,0000722 seconds
2017-05-17T14:12:51.018+0200: 3,622: [GC (CMS Initial Mark) [1 CMS-initial-mark: 0K(393216K)] 15302K(502464K), 0,0041942 secs] [Times: user=0,01 sys=0,00, real=0,00 secs] 
2017-05-17T14:12:51.023+0200: 3,626: Total time for which application threads were stopped: 0,0043278 seconds, Stopping threads took: 0,0000362 seconds
2017-05-17T14:12:51.023+0200: 3,626: [CMS-concurrent-mark-start]
2017-05-17T14:12:51.026+0200: 3,630: [CMS-concurrent-mark: 0,004/0,004 secs] [Times: user=0,01 sys=0,01, real=0,00 secs] 
2017-05-17T14:12:51.027+0200: 3,630: [CMS-concurrent-preclean-start]
2017-05-17T14:12:51.028+0200: 3,631: [CMS-concurrent-preclean: 0,001/0,001 secs] [Times: user=0,00 sys=0,00, real=0,00 secs] 
2017-05-17T14:12:51.028+0200: 3,631: [CMS-concurrent-abortable-preclean-start]
2017-05-17T14:12:51.132+0200: 3,736: Total time for which application threads were stopped: 0,0020812 seconds, Stopping threads took: 0,0019963 seconds
2017-05-17T14:12:51.132+0200: 3,736: [CMS-concurrent-abortable-preclean: 0,086/0,104 secs] [Times: user=0,38 sys=0,00, real=0,11 secs] 
2017-05-17T14:12:51.143+0200: 3,747: [GC (CMS Final Remark) [YG occupancy: 84242 K (109248 K)]{Heap before GC invocations=4 (full 1):
 par new generation   total 109248K, used 84242K [0x00000000e0000000, 0x00000000e8000000, 0x00000000e8000000)
  eden space 87424K,  79% used [0x00000000e0000000, 0x00000000e440b750, 0x00000000e5560000)
  from space 21824K,  66% used [0x00000000e5560000, 0x00000000e6399308, 0x00000000e6ab0000)
  to   space 21824K,   0% used [0x00000000e6ab0000, 0x00000000e6ab0000, 0x00000000e8000000)
 concurrent mark-sweep generation total 393216K, used 0K [0x00000000e8000000, 0x0000000100000000, 0x0000000100000000)
 Metaspace       used 21248K, capacity 21638K, committed 21960K, reserved 1069056K
  class space    used 2447K, capacity 2609K, committed 2684K, reserved 1048576K
2017-05-17T14:12:51.143+0200: 3,747: [GC (CMS Final Remark) 2017-05-17T14:12:51.143+0200: 3,747: [ParNew
Desired survivor size 20112992 bytes, new threshold 8 (max 8)
- age   1:    1722080 bytes,    1722080 total
- age   2:    1451608 bytes,    3173688 total
- age   3:     817040 bytes,    3990728 total
- age   4:       3528 bytes,    3994256 total
- age   5:    6667744 bytes,   10662000 total
: 84242K->12068K(109248K), 0,0145727 secs] 84242K->12068K(502464K), 0,0146233 secs] [Times: user=0,05 sys=0,00, real=0,01 secs] 
Heap after GC invocations=5 (full 1):
 par new generation   total 109248K, used 12068K [0x00000000e0000000, 0x00000000e8000000, 0x00000000e8000000)
  eden space 87424K,   0% used [0x00000000e0000000, 0x00000000e0000000, 0x00000000e5560000)
  from space 21824K,  55% used [0x00000000e6ab0000, 0x00000000e7679020, 0x00000000e8000000)
  to   space 21824K,   0% used [0x00000000e5560000, 0x00000000e5560000, 0x00000000e6ab0000)
 concurrent mark-sweep generation total 393216K, used 0K [0x00000000e8000000, 0x0000000100000000, 0x0000000100000000)
 Metaspace       used 21248K, capacity 21638K, committed 21960K, reserved 1069056K
  class space    used 2447K, capacity 2609K, committed 2684K, reserved 1048576K
}
2017-05-17T14:12:51.158+0200: 3,761: [Rescan (parallel) , 0,0038170 secs]2017-05-17T14:12:51.162+0200: 3,765: [weak refs processing, 0,0008825 secs]2017-05-17T14:12:51.162+0200: 3,766: [class unloading, 0,0029376 secs]2017-05-17T14:12:51.165+0200: 3,769: [scrub symbol table, 0,0037470 secs]2017-05-17T14:12:51.169+0200: 3,773: [scrub string table, 0,0003750 secs][1 CMS-remark: 0K(393216K)] 12068K(502464K), 0,0271015 secs] [Times: user=0,08 sys=0,00, real=0,02 secs] 
2017-05-17T14:12:51.170+0200: 3,774: Total time for which application threads were stopped: 0,0272691 seconds, Stopping threads took: 0,0000630 seconds
2017-05-17T14:12:51.170+0200: 3,774: [CMS-concurrent-sweep-start]
2017-05-17T14:12:51.170+0200: 3,774: [CMS-concurrent-sweep: 0,000/0,000 secs] [Times: user=0,00 sys=0,00, real=0,00 secs] 
2017-05-17T14:12:51.171+0200: 3,774: Total time for which application threads were stopped: 0,0001328 seconds, Stopping threads took: 0,0000446 seconds
2017-05-17T14:12:51.171+0200: 3,774: [CMS-concurrent-reset-start]
2017-05-17T14:12:51.173+0200: 3,777: [CMS-concurrent-reset: 0,003/0,003 secs] [Times: user=0,01 sys=0,00, real=0,00 secs] 
{Heap before GC invocations=5 (full 1):
 par new generation   total 109248K, used 99492K [0x00000000e0000000, 0x00000000e8000000, 0x00000000e8000000)
  eden space 87424K, 100% used [0x00000000e0000000, 0x00000000e5560000, 0x00000000e5560000)
  from space 21824K,  55% used [0x00000000e6ab0000, 0x00000000e7679020, 0x00000000e8000000)
  to   space 21824K,   0% used [0x00000000e5560000, 0x00000000e5560000, 0x00000000e6ab0000)
 concurrent mark-sweep generation total 393216K, used 0K [0x00000000e8000000, 0x0000000100000000, 0x0000000100000000)
 Metaspace       used 21380K, capacity 21812K, committed 21960K, reserved 1069056K
  class space    used 2466K, capacity 2643K, committed 2684K, reserved 1048576K
2017-05-17T14:12:51.296+0200: 3,900: [GC (Allocation Failure) 2017-05-17T14:12:51.296+0200: 3,900: [ParNew
Desired survivor size 20112992 bytes, new threshold 8 (max 8)
- age   1:     984768 bytes,     984768 total
- age   2:     147816 bytes,    1132584 total
- age   3:    1451256 bytes,    2583840 total
- age   4:     815040 bytes,    3398880 total
- age   5:       3528 bytes,    3402408 total
- age   6:    6667744 bytes,   10070152 total
: 99492K->13359K(109248K), 0,0102940 secs] 99492K->13359K(502464K), 0,0103750 secs] [Times: user=0,04 sys=0,01, real=0,01 secs] 
Heap after GC invocations=6 (full 1):
 par new generation   total 109248K, used 13359K [0x00000000e0000000, 0x00000000e8000000, 0x00000000e8000000)
  eden space 87424K,   0% used [0x00000000e0000000, 0x00000000e0000000, 0x00000000e5560000)
  from space 21824K,  61% used [0x00000000e5560000, 0x00000000e626bc00, 0x00000000e6ab0000)
  to   space 21824K,   0% used [0x00000000e6ab0000, 0x00000000e6ab0000, 0x00000000e8000000)
 concurrent mark-sweep generation total 393216K, used 0K [0x00000000e8000000, 0x0000000100000000, 0x0000000100000000)
 Metaspace       used 21380K, capacity 21812K, committed 21960K, reserved 1069056K
  class space    used 2466K, capacity 2643K, committed 2684K, reserved 1048576K
}
2017-05-17T14:12:51.307+0200: 3,910: Total time for which application threads were stopped: 0,0123284 seconds, Stopping threads took: 0,0018037 seconds
2017-05-17T14:12:51.365+0200: 3,969: Total time for which application threads were stopped: 0,0003531 seconds, Stopping threads took: 0,0000258 seconds
2017-05-17T14:12:51.458+0200: 4,062: Total time for which application threads were stopped: 0,0014502 seconds, Stopping threads took: 0,0010947 seconds
2017-05-17T14:12:51.517+0200: 4,120: Total time for which application threads were stopped: 0,0002275 seconds, Stopping threads took: 0,0000926 seconds
2017-05-17T14:12:51.517+0200: 4,121: Total time for which application threads were stopped: 0,0001151 seconds, Stopping threads took: 0,0000477 seconds
2017-05-17T14:12:51.518+0200: 4,122: Total time for which application threads were stopped: 0,0001133 seconds, Stopping threads took: 0,0000479 seconds
2017-05-17T14:12:51.599+0200: 4,202: Total time for which application threads were stopped: 0,0001758 seconds, Stopping threads took: 0,0000466 seconds
2017-05-17T14:12:51.633+0200: 4,237: Total time for which application threads were stopped: 0,0047302 seconds, Stopping threads took: 0,0046631 seconds
2017-05-17T14:12:51.633+0200: 4,237: Total time for which application threads were stopped: 0,0000746 seconds, Stopping threads took: 0,0000324 seconds
2017-05-17T14:12:51.634+0200: 4,238: Total time for which application threads were stopped: 0,0000799 seconds, Stopping threads took: 0,0000292 seconds
2017-05-17T14:12:51.638+0200: 4,242: Total time for which application threads were stopped: 0,0001537 seconds, Stopping threads took: 0,0000475 seconds
2017-05-17T14:12:51.639+0200: 4,242: Total time for which application threads were stopped: 0,0001018 seconds, Stopping threads took: 0,0000325 seconds
2017-05-17T14:12:51.639+0200: 4,243: Total time for which application threads were stopped: 0,0001046 seconds, Stopping threads took: 0,0000320 seconds
2017-05-17T14:12:51.639+0200: 4,243: Total time for which application threads were stopped: 0,0000641 seconds, Stopping threads took: 0,0000076 seconds
2017-05-17T14:12:51.639+0200: 4,243: Total time for which application threads were stopped: 0,0000615 seconds, Stopping threads took: 0,0000073 seconds
2017-05-17T14:12:51.640+0200: 4,243: Total time for which application threads were stopped: 0,0000763 seconds, Stopping threads took: 0,0000101 seconds
2017-05-17T14:12:51.642+0200: 4,246: Total time for which application threads were stopped: 0,0001151 seconds, Stopping threads took: 0,0000267 seconds
2017-05-17T14:12:51.643+0200: 4,247: Total time for which application threads were stopped: 0,0001111 seconds, Stopping threads took: 0,0000349 seconds
2017-05-17T14:12:51.643+0200: 4,247: Total time for which application threads were stopped: 0,0000742 seconds, Stopping threads took: 0,0000156 seconds
2017-05-17T14:12:51.643+0200: 4,247: Total time for which application threads were stopped: 0,0000691 seconds, Stopping threads took: 0,0000079 seconds
2017-05-17T14:12:51.643+0200: 4,247: Total time for which application threads were stopped: 0,0000789 seconds, Stopping threads took: 0,0000205 seconds
2017-05-17T14:12:51.644+0200: 4,248: Total time for which application threads were stopped: 0,0001364 seconds, Stopping threads took: 0,0000629 seconds
2017-05-17T14:12:51.645+0200: 4,248: Total time for which application threads were stopped: 0,0001642 seconds, Stopping threads took: 0,0001034 seconds
2017-05-17T14:12:51.646+0200: 4,250: Total time for which application threads were stopped: 0,0015551 seconds, Stopping threads took: 0,0014899 seconds
2017-05-17T14:12:51.649+0200: 4,253: Total time for which application threads were stopped: 0,0002399 seconds, Stopping threads took: 0,0001714 seconds
2017-05-17T14:12:51.650+0200: 4,253: Total time for which application threads were stopped: 0,0000819 seconds, Stopping threads took: 0,0000257 seconds
2017-05-17T14:12:51.650+0200: 4,254: Total time for which application threads were stopped: 0,0001873 seconds, Stopping threads took: 0,0000510 seconds
2017-05-17T14:12:51.654+0200: 4,258: Total time for which application threads were stopped: 0,0036355 seconds, Stopping threads took: 0,0035526 seconds
2017-05-17T14:12:51.655+0200: 4,259: Total time for which application threads were stopped: 0,0001491 seconds, Stopping threads took: 0,0000834 seconds
2017-05-17T14:12:51.656+0200: 4,259: Total time for which application threads were stopped: 0,0000497 seconds, Stopping threads took: 0,0000131 seconds
2017-05-17T14:12:51.656+0200: 4,259: Total time for which application threads were stopped: 0,0000474 seconds, Stopping threads took: 0,0000217 seconds
2017-05-17T14:12:51.656+0200: 4,259: Total time for which application threads were stopped: 0,0000362 seconds, Stopping threads took: 0,0000089 seconds
2017-05-17T14:12:51.656+0200: 4,259: Total time for which application threads were stopped: 0,0000385 seconds, Stopping threads took: 0,0000086 seconds
2017-05-17T14:12:51.656+0200: 4,260: Total time for which application threads were stopped: 0,0000531 seconds, Stopping threads took: 0,0000274 seconds
2017-05-17T14:12:51.656+0200: 4,260: Total time for which application threads were stopped: 0,0000452 seconds, Stopping threads took: 0,0000210 seconds
2017-05-17T14:12:51.656+0200: 4,260: Total time for which application threads were stopped: 0,0000330 seconds, Stopping threads took: 0,0000075 seconds
2017-05-17T14:12:51.656+0200: 4,260: Total time for which application threads were stopped: 0,0000387 seconds, Stopping threads took: 0,0000146 seconds
2017-05-17T14:12:51.656+0200: 4,260: Total time for which application threads were stopped: 0,0000469 seconds, Stopping threads took: 0,0000157 seconds
2017-05-17T14:12:51.656+0200: 4,260: Total time for which application threads were stopped: 0,0000513 seconds, Stopping threads took: 0,0000176 seconds
2017-05-17T14:12:51.656+0200: 4,260: Total time for which application threads were stopped: 0,0000427 seconds, Stopping threads took: 0,0000169 seconds
2017-05-17T14:12:51.657+0200: 4,260: Total time for which application threads were stopped: 0,0000637 seconds, Stopping threads took: 0,0000354 seconds
2017-05-17T14:12:51.657+0200: 4,260: Total time for which application threads were stopped: 0,0000426 seconds, Stopping threads took: 0,0000165 seconds
2017-05-17T14:12:51.657+0200: 4,260: Total time for which application threads were stopped: 0,0001194 seconds, Stopping threads took: 0,0000935 seconds
2017-05-17T14:12:51.657+0200: 4,261: Total time for which application threads were stopped: 0,0000509 seconds, Stopping threads took: 0,0000204 seconds
2017-05-17T14:12:51.657+0200: 4,261: Total time for which application threads were stopped: 0,0000471 seconds, Stopping threads took: 0,0000236 seconds
2017-05-17T14:12:51.657+0200: 4,261: Total time for which application threads were stopped: 0,0000460 seconds, Stopping threads took: 0,0000179 seconds
2017-05-17T14:12:51.657+0200: 4,261: Total time for which application threads were stopped: 0,0001157 seconds, Stopping threads took: 0,0000838 seconds
2017-05-17T14:12:51.657+0200: 4,261: Total time for which application threads were stopped: 0,0000350 seconds, Stopping threads took: 0,0000079 seconds
2017-05-17T14:12:51.657+0200: 4,261: Total time for which application threads were stopped: 0,0000380 seconds, Stopping threads took: 0,0000147 seconds
2017-05-17T14:12:51.657+0200: 4,261: Total time for which application threads were stopped: 0,0000332 seconds, Stopping threads took: 0,0000075 seconds
2017-05-17T14:12:51.658+0200: 4,261: Total time for which application threads were stopped: 0,0000412 seconds, Stopping threads took: 0,0000147 seconds
2017-05-17T14:12:51.658+0200: 4,261: Total time for which application threads were stopped: 0,0000432 seconds, Stopping threads took: 0,0000149 seconds
2017-05-17T14:12:51.658+0200: 4,261: Total time for which application threads were stopped: 0,0000358 seconds, Stopping threads took: 0,0000076 seconds
2017-05-17T14:12:51.658+0200: 4,262: Total time for which application threads were stopped: 0,0000400 seconds, Stopping threads took: 0,0000138 seconds
2017-05-17T14:12:51.658+0200: 4,262: Total time for which application threads were stopped: 0,0000325 seconds, Stopping threads took: 0,0000075 seconds
2017-05-17T14:12:51.658+0200: 4,262: Total time for which application threads were stopped: 0,0000326 seconds, Stopping threads took: 0,0000073 seconds
2017-05-17T14:12:51.658+0200: 4,262: Total time for which application threads were stopped: 0,0001081 seconds, Stopping threads took: 0,0000108 seconds
2017-05-17T14:12:51.658+0200: 4,262: Total time for which application threads were stopped: 0,0000593 seconds, Stopping threads took: 0,0000075 seconds
2017-05-17T14:12:51.668+0200: 4,272: Total time for which application threads were stopped: 0,0001361 seconds, Stopping threads took: 0,0000599 seconds
2017-05-17T14:12:51.669+0200: 4,273: Total time for which application threads were stopped: 0,0000896 seconds, Stopping threads took: 0,0000326 seconds
2017-05-17T14:12:51.669+0200: 4,273: Total time for which application threads were stopped: 0,0000620 seconds, Stopping threads took: 0,0000191 seconds
2017-05-17T14:12:51.676+0200: 4,279: Total time for which application threads were stopped: 0,0007632 seconds, Stopping threads took: 0,0003951 seconds
2017-05-17T14:12:51.680+0200: 4,283: Total time for which application threads were stopped: 0,0001362 seconds, Stopping threads took: 0,0000564 seconds
2017-05-17T14:12:51.680+0200: 4,284: Total time for which application threads were stopped: 0,0000797 seconds, Stopping threads took: 0,0000266 seconds
2017-05-17T14:12:51.682+0200: 4,286: Total time for which application threads were stopped: 0,0001781 seconds, Stopping threads took: 0,0000476 seconds
2017-05-17T14:12:51.684+0200: 4,288: Total time for which application threads were stopped: 0,0001249 seconds, Stopping threads took: 0,0000521 seconds
2017-05-17T14:12:51.687+0200: 4,290: Total time for which application threads were stopped: 0,0004040 seconds, Stopping threads took: 0,0001742 seconds
2017-05-17T14:12:51.692+0200: 4,296: Total time for which application threads were stopped: 0,0004015 seconds, Stopping threads took: 0,0000372 seconds
2017-05-17T14:12:51.704+0200: 4,307: Total time for which application threads were stopped: 0,0001361 seconds, Stopping threads took: 0,0000671 seconds
2017-05-17T14:12:51.707+0200: 4,311: Total time for which application threads were stopped: 0,0001424 seconds, Stopping threads took: 0,0000582 seconds
2017-05-17T14:12:51.708+0200: 4,311: Total time for which application threads were stopped: 0,0001174 seconds, Stopping threads took: 0,0000473 seconds
2017-05-17T14:12:51.710+0200: 4,313: Total time for which application threads were stopped: 0,0001545 seconds, Stopping threads took: 0,0000438 seconds
2017-05-17T14:12:51.710+0200: 4,314: Total time for which application threads were stopped: 0,0001131 seconds, Stopping threads took: 0,0000313 seconds
2017-05-17T14:12:51.713+0200: 4,317: Total time for which application threads were stopped: 0,0001529 seconds, Stopping threads took: 0,0000412 seconds
2017-05-17T14:12:51.718+0200: 4,322: Total time for which application threads were stopped: 0,0039251 seconds, Stopping threads took: 0,0038444 seconds
2017-05-17T14:12:51.719+0200: 4,323: Total time for which application threads were stopped: 0,0002245 seconds, Stopping threads took: 0,0001652 seconds
2017-05-17T14:12:51.719+0200: 4,323: Total time for which application threads were stopped: 0,0001505 seconds, Stopping threads took: 0,0000661 seconds
2017-05-17T14:12:51.719+0200: 4,323: Total time for which application threads were stopped: 0,0000439 seconds, Stopping threads took: 0,0000086 seconds
2017-05-17T14:12:51.719+0200: 4,323: Total time for which application threads were stopped: 0,0000682 seconds, Stopping threads took: 0,0000306 seconds
2017-05-17T14:12:51.720+0200: 4,323: Total time for which application threads were stopped: 0,0001089 seconds, Stopping threads took: 0,0000535 seconds
2017-05-17T14:12:51.720+0200: 4,324: Total time for which application threads were stopped: 0,0000606 seconds, Stopping threads took: 0,0000208 seconds
2017-05-17T14:12:51.720+0200: 4,324: Total time for which application threads were stopped: 0,0000467 seconds, Stopping threads took: 0,0000219 seconds
2017-05-17T14:12:51.721+0200: 4,324: Total time for which application threads were stopped: 0,0000646 seconds, Stopping threads took: 0,0000298 seconds
2017-05-17T14:12:51.721+0200: 4,325: Total time for which application threads were stopped: 0,0000582 seconds, Stopping threads took: 0,0000285 seconds
2017-05-17T14:12:51.721+0200: 4,325: Total time for which application threads were stopped: 0,0000423 seconds, Stopping threads took: 0,0000185 seconds
2017-05-17T14:12:51.722+0200: 4,325: Total time for which application threads were stopped: 0,0000494 seconds, Stopping threads took: 0,0000124 seconds
2017-05-17T14:12:51.722+0200: 4,325: Total time for which application threads were stopped: 0,0000534 seconds, Stopping threads took: 0,0000190 seconds
2017-05-17T14:12:51.722+0200: 4,326: Total time for which application threads were stopped: 0,0000679 seconds, Stopping threads took: 0,0000270 seconds
2017-05-17T14:12:51.724+0200: 4,328: Total time for which application threads were stopped: 0,0001607 seconds, Stopping threads took: 0,0000493 seconds
2017-05-17T14:12:51.734+0200: 4,337: Total time for which application threads were stopped: 0,0000862 seconds, Stopping threads took: 0,0000361 seconds
2017-05-17T14:12:51.735+0200: 4,338: Total time for which application threads were stopped: 0,0001769 seconds, Stopping threads took: 0,0001087 seconds
2017-05-17T14:12:51.737+0200: 4,341: Total time for which application threads were stopped: 0,0001123 seconds, Stopping threads took: 0,0000518 seconds
2017-05-17T14:12:51.746+0200: 4,350: Total time for which application threads were stopped: 0,0026213 seconds, Stopping threads took: 0,0025464 seconds
2017-05-17T14:12:51.749+0200: 4,353: Total time for which application threads were stopped: 0,0001124 seconds, Stopping threads took: 0,0000500 seconds
2017-05-17T14:12:51.751+0200: 4,355: Total time for which application threads were stopped: 0,0000977 seconds, Stopping threads took: 0,0000325 seconds
{Heap before GC invocations=6 (full 1):
 par new generation   total 109248K, used 100783K [0x00000000e0000000, 0x00000000e8000000, 0x00000000e8000000)
  eden space 87424K, 100% used [0x00000000e0000000, 0x00000000e5560000, 0x00000000e5560000)
  from space 21824K,  61% used [0x00000000e5560000, 0x00000000e626bc00, 0x00000000e6ab0000)
  to   space 21824K,   0% used [0x00000000e6ab0000, 0x00000000e6ab0000, 0x00000000e8000000)
 concurrent mark-sweep generation total 393216K, used 0K [0x00000000e8000000, 0x0000000100000000, 0x0000000100000000)
 Metaspace       used 23759K, capacity 24198K, committed 24316K, reserved 1071104K
  class space    used 2792K, capacity 2988K, committed 3068K, reserved 1048576K
2017-05-17T14:12:51.817+0200: 4,421: [GC (Allocation Failure) 2017-05-17T14:12:51.817+0200: 4,421: [ParNew
Desired survivor size 20112992 bytes, new threshold 8 (max 8)
- age   1:    5237536 bytes,    5237536 total
- age   2:     108248 bytes,    5345784 total
- age   3:     146640 bytes,    5492424 total
- age   4:     281320 bytes,    5773744 total
- age   5:     790744 bytes,    6564488 total
- age   6:       3528 bytes,    6568016 total
- age   7:    6659216 bytes,   13227232 total
: 100783K->16264K(109248K), 0,0117563 secs] 100783K->16264K(502464K), 0,0118477 secs] [Times: user=0,04 sys=0,01, real=0,01 secs] 
Heap after GC invocations=7 (full 1):
 par new generation   total 109248K, used 16264K [0x00000000e0000000, 0x00000000e8000000, 0x00000000e8000000)
  eden space 87424K,   0% used [0x00000000e0000000, 0x00000000e0000000, 0x00000000e5560000)
  from space 21824K,  74% used [0x00000000e6ab0000, 0x00000000e7a92010, 0x00000000e8000000)
  to   space 21824K,   0% used [0x00000000e5560000, 0x00000000e5560000, 0x00000000e6ab0000)
 concurrent mark-sweep generation total 393216K, used 0K [0x00000000e8000000, 0x0000000100000000, 0x0000000100000000)
 Metaspace       used 23759K, capacity 24198K, committed 24316K, reserved 1071104K
  class space    used 2792K, capacity 2988K, committed 3068K, reserved 1048576K
}
2017-05-17T14:12:51.829+0200: 4,433: Total time for which application threads were stopped: 0,0121710 seconds, Stopping threads took: 0,0000952 seconds
2017-05-17T14:12:51.834+0200: 4,438: Total time for which application threads were stopped: 0,0039162 seconds, Stopping threads took: 0,0038352 seconds
2017-05-17T14:12:51.834+0200: 4,438: Total time for which application threads were stopped: 0,0000750 seconds, Stopping threads took: 0,0000313 seconds
{Heap before GC invocations=7 (full 1):
 par new generation   total 109248K, used 103688K [0x00000000e0000000, 0x00000000e8000000, 0x00000000e8000000)
  eden space 87424K, 100% used [0x00000000e0000000, 0x00000000e5560000, 0x00000000e5560000)
  from space 21824K,  74% used [0x00000000e6ab0000, 0x00000000e7a92010, 0x00000000e8000000)
  to   space 21824K,   0% used [0x00000000e5560000, 0x00000000e5560000, 0x00000000e6ab0000)
 concurrent mark-sweep generation total 393216K, used 0K [0x00000000e8000000, 0x0000000100000000, 0x0000000100000000)
 Metaspace       used 24216K, capacity 24710K, committed 24828K, reserved 1071104K
  class space    used 2845K, capacity 3052K, committed 3068K, reserved 1048576K
2017-05-17T14:12:51.933+0200: 4,537: [GC (Allocation Failure) 2017-05-17T14:12:51.933+0200: 4,537: [ParNew
Desired survivor size 20112992 bytes, new threshold 8 (max 8)
- age   1:    1722904 bytes,    1722904 total
- age   2:    1767256 bytes,    3490160 total
- age   3:      52720 bytes,    3542880 total
- age   4:      91216 bytes,    3634096 total
- age   5:     185848 bytes,    3819944 total
- age   6:     746368 bytes,    4566312 total
- age   7:       3528 bytes,    4569840 total
- age   8:    6126408 bytes,   10696248 total
: 103688K->19541K(109248K), 0,0289210 secs] 103688K->19541K(502464K), 0,0290001 secs] [Times: user=0,09 sys=0,00, real=0,03 secs] 
Heap after GC invocations=8 (full 1):
 par new generation   total 109248K, used 19541K [0x00000000e0000000, 0x00000000e8000000, 0x00000000e8000000)
  eden space 87424K,   0% used [0x00000000e0000000, 0x00000000e0000000, 0x00000000e5560000)
  from space 21824K,  89% used [0x00000000e5560000, 0x00000000e6875548, 0x00000000e6ab0000)
  to   space 21824K,   0% used [0x00000000e6ab0000, 0x00000000e6ab0000, 0x00000000e8000000)
 concurrent mark-sweep generation total 393216K, used 0K [0x00000000e8000000, 0x0000000100000000, 0x0000000100000000)
 Metaspace       used 24216K, capacity 24710K, committed 24828K, reserved 1071104K
  class space    used 2845K, capacity 3052K, committed 3068K, reserved 1048576K
}
2017-05-17T14:12:51.962+0200: 4,566: Total time for which application threads were stopped: 0,0293063 seconds, Stopping threads took: 0,0000860 seconds
2017-05-17T14:12:51.970+0200: 4,573: Total time for which application threads were stopped: 0,0002068 seconds, Stopping threads took: 0,0000819 seconds
2017-05-17T14:12:51.970+0200: 4,573: Total time for which application threads were stopped: 0,0001253 seconds, Stopping threads took: 0,0000595 seconds
2017-05-17T14:12:51.970+0200: 4,574: Total time for which application threads were stopped: 0,0000672 seconds, Stopping threads took: 0,0000187 seconds
{Heap before GC invocations=8 (full 1):
 par new generation   total 109248K, used 106965K [0x00000000e0000000, 0x00000000e8000000, 0x00000000e8000000)
  eden space 87424K, 100% used [0x00000000e0000000, 0x00000000e5560000, 0x00000000e5560000)
  from space 21824K,  89% used [0x00000000e5560000, 0x00000000e6875548, 0x00000000e6ab0000)
  to   space 21824K,   0% used [0x00000000e6ab0000, 0x00000000e6ab0000, 0x00000000e8000000)
 concurrent mark-sweep generation total 393216K, used 0K [0x00000000e8000000, 0x0000000100000000, 0x0000000100000000)
 Metaspace       used 24578K, capacity 25062K, committed 25084K, reserved 1071104K
  class space    used 2877K, capacity 3058K, committed 3068K, reserved 1048576K
2017-05-17T14:12:52.063+0200: 4,667: [GC (Allocation Failure) 2017-05-17T14:12:52.063+0200: 4,667: [ParNew
Desired survivor size 20112992 bytes, new threshold 8 (max 8)
- age   1:    1144232 bytes,    1144232 total
- age   2:     985376 bytes,    2129608 total
- age   3:    1744392 bytes,    3874000 total
- age   4:      52720 bytes,    3926720 total
- age   5:      90944 bytes,    4017664 total
- age   6:     183048 bytes,    4200712 total
- age   7:     745600 bytes,    4946312 total
- age   8:       3528 bytes,    4949840 total
: 106965K->5937K(109248K), 0,0361450 secs] 106965K->12522K(502464K), 0,0362313 secs] [Times: user=0,09 sys=0,01, real=0,04 secs] 
Heap after GC invocations=9 (full 1):
 par new generation   total 109248K, used 5937K [0x00000000e0000000, 0x00000000e8000000, 0x00000000e8000000)
  eden space 87424K,   0% used [0x00000000e0000000, 0x00000000e0000000, 0x00000000e5560000)
  from space 21824K,  27% used [0x00000000e6ab0000, 0x00000000e707c6a0, 0x00000000e8000000)
  to   space 21824K,   0% used [0x00000000e5560000, 0x00000000e5560000, 0x00000000e6ab0000)
 concurrent mark-sweep generation total 393216K, used 6585K [0x00000000e8000000, 0x0000000100000000, 0x0000000100000000)
 Metaspace       used 24578K, capacity 25062K, committed 25084K, reserved 1071104K
  class space    used 2877K, capacity 3058K, committed 3068K, reserved 1048576K
}
2017-05-17T14:12:52.099+0200: 4,703: Total time for which application threads were stopped: 0,0364888 seconds, Stopping threads took: 0,0000830 seconds
2017-05-17T14:12:52.252+0200: 4,856: Total time for which application threads were stopped: 0,0002021 seconds, Stopping threads took: 0,0000724 seconds
2017-05-17T14:12:52.258+0200: 4,862: Total time for which application threads were stopped: 0,0036685 seconds, Stopping threads took: 0,0035728 seconds
2017-05-17T14:12:52.259+0200: 4,862: Total time for which application threads were stopped: 0,0001097 seconds, Stopping threads took: 0,0000434 seconds
2017-05-17T14:12:52.267+0200: 4,870: Total time for which application threads were stopped: 0,0001310 seconds, Stopping threads took: 0,0000421 seconds
2017-05-17T14:12:52.267+0200: 4,871: Total time for which application threads were stopped: 0,0001038 seconds, Stopping threads took: 0,0000356 seconds
2017-05-17T14:12:52.325+0200: 4,929: Total time for which application threads were stopped: 0,0008804 seconds, Stopping threads took: 0,0007719 seconds
2017-05-17T14:12:52.327+0200: 4,931: Total time for which application threads were stopped: 0,0002476 seconds, Stopping threads took: 0,0001489 seconds
2017-05-17T14:12:52.327+0200: 4,931: Total time for which application threads were stopped: 0,0000992 seconds, Stopping threads took: 0,0000473 seconds
2017-05-17T14:12:52.327+0200: 4,931: Total time for which application threads were stopped: 0,0000807 seconds, Stopping threads took: 0,0000410 seconds
2017-05-17T14:12:52.331+0200: 4,935: Total time for which application threads were stopped: 0,0005461 seconds, Stopping threads took: 0,0000422 seconds
2017-05-17T14:12:52.361+0200: 4,965: Total time for which application threads were stopped: 0,0001827 seconds, Stopping threads took: 0,0000506 seconds
2017-05-17T14:12:52.382+0200: 4,986: Total time for which application threads were stopped: 0,0002154 seconds, Stopping threads took: 0,0001074 seconds
2017-05-17T14:12:52.504+0200: 5,108: Total time for which application threads were stopped: 0,0054606 seconds, Stopping threads took: 0,0052425 seconds
2017-05-17T14:12:52.507+0200: 5,111: Total time for which application threads were stopped: 0,0007177 seconds, Stopping threads took: 0,0002903 seconds
2017-05-17T14:12:52.529+0200: 5,133: Total time for which application threads were stopped: 0,0004045 seconds, Stopping threads took: 0,0000207 seconds
2017-05-17T14:12:52.638+0200: 5,241: Total time for which application threads were stopped: 0,0004704 seconds, Stopping threads took: 0,0000306 seconds
2017-05-17T14:12:52.642+0200: 5,246: Total time for which application threads were stopped: 0,0025383 seconds, Stopping threads took: 0,0024411 seconds
2017-05-17T14:12:52.643+0200: 5,246: Total time for which application threads were stopped: 0,0001375 seconds, Stopping threads took: 0,0000142 seconds
2017-05-17T14:12:52.659+0200: 5,263: Total time for which application threads were stopped: 0,0001088 seconds, Stopping threads took: 0,0000347 seconds
2017-05-17T14:12:52.665+0200: 5,269: Total time for which application threads were stopped: 0,0001465 seconds, Stopping threads took: 0,0000437 seconds
{Heap before GC invocations=9 (full 1):
 par new generation   total 109248K, used 93361K [0x00000000e0000000, 0x00000000e8000000, 0x00000000e8000000)
  eden space 87424K, 100% used [0x00000000e0000000, 0x00000000e5560000, 0x00000000e5560000)
  from space 21824K,  27% used [0x00000000e6ab0000, 0x00000000e707c6a0, 0x00000000e8000000)
  to   space 21824K,   0% used [0x00000000e5560000, 0x00000000e5560000, 0x00000000e6ab0000)
 concurrent mark-sweep generation total 393216K, used 6585K [0x00000000e8000000, 0x0000000100000000, 0x0000000100000000)
 Metaspace       used 26908K, capacity 27486K, committed 27644K, reserved 1073152K
  class space    used 3087K, capacity 3266K, committed 3324K, reserved 1048576K
2017-05-17T14:12:52.668+0200: 5,272: [GC (Allocation Failure) 2017-05-17T14:12:52.668+0200: 5,272: [ParNew
Desired survivor size 20112992 bytes, new threshold 8 (max 8)
- age   1:    7838448 bytes,    7838448 total
- age   2:     196248 bytes,    8034696 total
- age   3:     197376 bytes,    8232072 total
- age   4:    1738272 bytes,    9970344 total
- age   5:      50304 bytes,   10020648 total
- age   6:      90848 bytes,   10111496 total
- age   7:     182520 bytes,   10294016 total
- age   8:     743952 bytes,   11037968 total
: 93361K->13235K(109248K), 0,0285757 secs] 99946K->19824K(502464K), 0,0286389 secs] [Times: user=0,08 sys=0,00, real=0,03 secs] 
Heap after GC invocations=10 (full 1):
 par new generation   total 109248K, used 13235K [0x00000000e0000000, 0x00000000e8000000, 0x00000000e8000000)
  eden space 87424K,   0% used [0x00000000e0000000, 0x00000000e0000000, 0x00000000e5560000)
  from space 21824K,  60% used [0x00000000e5560000, 0x00000000e624ce50, 0x00000000e6ab0000)
  to   space 21824K,   0% used [0x00000000e6ab0000, 0x00000000e6ab0000, 0x00000000e8000000)
 concurrent mark-sweep generation total 393216K, used 6588K [0x00000000e8000000, 0x0000000100000000, 0x0000000100000000)
 Metaspace       used 26908K, capacity 27486K, committed 27644K, reserved 1073152K
  class space    used 3087K, capacity 3266K, committed 3324K, reserved 1048576K
}
2017-05-17T14:12:52.697+0200: 5,301: Total time for which application threads were stopped: 0,0288791 seconds, Stopping threads took: 0,0000390 seconds
2017-05-17T14:12:52.699+0200: 5,303: Total time for which application threads were stopped: 0,0001241 seconds, Stopping threads took: 0,0000480 seconds
2017-05-17T14:12:52.699+0200: 5,303: Total time for which application threads were stopped: 0,0000748 seconds, Stopping threads took: 0,0000227 seconds
2017-05-17T14:12:52.710+0200: 5,314: Total time for which application threads were stopped: 0,0037828 seconds, Stopping threads took: 0,0036753 seconds
2017-05-17T14:12:52.723+0200: 5,326: Total time for which application threads were stopped: 0,0001164 seconds, Stopping threads took: 0,0000436 seconds
2017-05-17T14:12:52.758+0200: 5,362: Total time for which application threads were stopped: 0,0011983 seconds, Stopping threads took: 0,0010037 seconds
2017-05-17T14:12:52.782+0200: 5,386: Total time for which application threads were stopped: 0,0006117 seconds, Stopping threads took: 0,0004194 seconds
2017-05-17T14:12:52.790+0200: 5,394: Total time for which application threads were stopped: 0,0001645 seconds, Stopping threads took: 0,0000500 seconds
2017-05-17T14:12:52.805+0200: 5,408: Total time for which application threads were stopped: 0,0001409 seconds, Stopping threads took: 0,0000413 seconds
2017-05-17T14:12:52.851+0200: 5,454: Total time for which application threads were stopped: 0,0002554 seconds, Stopping threads took: 0,0001516 seconds
2017-05-17T14:12:52.851+0200: 5,455: Total time for which application threads were stopped: 0,0001124 seconds, Stopping threads took: 0,0000397 seconds
2017-05-17T14:12:52.878+0200: 5,482: Total time for which application threads were stopped: 0,0005702 seconds, Stopping threads took: 0,0000524 seconds
2017-05-17T14:12:52.935+0200: 5,539: Total time for which application threads were stopped: 0,0001229 seconds, Stopping threads took: 0,0000379 seconds
2017-05-17T14:12:53.935+0200: 6,539: Total time for which application threads were stopped: 0,0000636 seconds, Stopping threads took: 0,0000173 seconds
2017-05-17T14:13:19.943+0200: 32,547: Total time for which application threads were stopped: 0,0000868 seconds, Stopping threads took: 0,0000201 seconds
2017-05-17T14:14:45.954+0200: 118,558: Total time for which application threads were stopped: 0,0001145 seconds, Stopping threads took: 0,0000421 seconds
2017-05-17T14:14:49.955+0200: 122,558: Total time for which application threads were stopped: 0,0000843 seconds, Stopping threads took: 0,0000217 seconds
2017-05-17T14:15:48.962+0200: 181,566: Total time for which application threads were stopped: 0,0000990 seconds, Stopping threads took: 0,0000388 seconds
2017-05-17T14:17:23.975+0200: 276,579: Total time for which application threads were stopped: 0,0000798 seconds, Stopping threads took: 0,0000343 seconds
2017-05-17T14:36:19.091+0200: 1411,695: Total time for which application threads were stopped: 0,0000850 seconds, Stopping threads took: 0,0000328 seconds
2017-05-17T14:41:04.121+0200: 1696,724: Total time for which application threads were stopped: 0,0001054 seconds, Stopping threads took: 0,0000440 seconds
2017-05-17T14:51:09.190+0200: 2301,793: Total time for which application threads were stopped: 0,0003796 seconds, Stopping threads took: 0,0001515 seconds
2017-05-17T14:51:10.190+0200: 2302,794: Total time for which application threads were stopped: 0,0000930 seconds, Stopping threads took: 0,0000154 seconds
2017-05-17T14:55:19.225+0200: 2551,829: Total time for which application threads were stopped: 0,0000900 seconds, Stopping threads took: 0,0000358 seconds
2017-05-17T15:03:19.285+0200: 3031,888: Total time for which application threads were stopped: 0,0000776 seconds, Stopping threads took: 0,0000330 seconds
2017-05-17T15:06:05.304+0200: 3197,908: Total time for which application threads were stopped: 0,0000806 seconds, Stopping threads took: 0,0000325 seconds
2017-05-17T15:14:54.368+0200: 3726,971: Total time for which application threads were stopped: 0,0000741 seconds, Stopping threads took: 0,0000263 seconds
2017-05-17T15:17:04.384+0200: 3856,988: Total time for which application threads were stopped: 0,0001880 seconds, Stopping threads took: 0,0000690 seconds
2017-05-17T15:17:09.385+0200: 3861,989: Total time for which application threads were stopped: 0,0000627 seconds, Stopping threads took: 0,0000152 seconds
2017-05-17T15:31:15.487+0200: 4708,091: Total time for which application threads were stopped: 0,0007991 seconds, Stopping threads took: 0,0003619 seconds
2017-05-17T15:52:35.634+0200: 5988,238: Total time for which application threads were stopped: 0,0000855 seconds, Stopping threads took: 0,0000301 seconds
2017-05-17T15:57:10.664+0200: 6263,268: Total time for which application threads were stopped: 0,0000855 seconds, Stopping threads took: 0,0000286 seconds
2017-05-17T16:14:49.774+0200: 7322,377: Total time for which application threads were stopped: 0,0001046 seconds, Stopping threads took: 0,0000394 seconds
2017-05-17T16:20:49.811+0200: 7682,415: Total time for which application threads were stopped: 0,0000793 seconds, Stopping threads took: 0,0000331 seconds
2017-05-17T16:21:19.815+0200: 7712,418: Total time for which application threads were stopped: 0,0000906 seconds, Stopping threads took: 0,0000389 seconds
2017-05-17T18:28:49.718+0200: 15362,322: Total time for which application threads were stopped: 0,0001605 seconds, Stopping threads took: 0,0000582 seconds
2017-05-17T18:30:19.732+0200: 15452,336: Total time for which application threads were stopped: 0,0001645 seconds, Stopping threads took: 0,0000635 seconds
2017-05-17T20:23:39.854+0200: 22252,458: Total time for which application threads were stopped: 0,0071759 seconds, Stopping threads took: 0,0070376 seconds
2017-05-17T20:23:39.855+0200: 22252,459: Total time for which application threads were stopped: 0,0000955 seconds, Stopping threads took: 0,0000246 seconds
2017-05-17T20:23:39.856+0200: 22252,460: Total time for which application threads were stopped: 0,0003937 seconds, Stopping threads took: 0,0003405 seconds
2017-05-17T20:23:39.857+0200: 22252,460: Total time for which application threads were stopped: 0,0000650 seconds, Stopping threads took: 0,0000120 seconds
2017-05-17T20:23:39.857+0200: 22252,461: Total time for which application threads were stopped: 0,0000456 seconds, Stopping threads took: 0,0000075 seconds
2017-05-17T20:23:39.857+0200: 22252,461: Total time for which application threads were stopped: 0,0000359 seconds, Stopping threads took: 0,0000051 seconds
2017-05-17T20:23:39.857+0200: 22252,461: Total time for which application threads were stopped: 0,0000398 seconds, Stopping threads took: 0,0000055 seconds
2017-05-17T20:23:39.858+0200: 22252,461: Total time for which application threads were stopped: 0,0000340 seconds, Stopping threads took: 0,0000053 seconds
2017-05-17T20:23:39.858+0200: 22252,461: Total time for which application threads were stopped: 0,0000339 seconds, Stopping threads took: 0,0000050 seconds
2017-05-17T20:23:39.858+0200: 22252,461: Total time for which application threads were stopped: 0,0000310 seconds, Stopping threads took: 0,0000042 seconds
2017-05-17T20:23:39.858+0200: 22252,461: Total time for which application threads were stopped: 0,0000340 seconds, Stopping threads took: 0,0000045 seconds
2017-05-17T20:23:39.858+0200: 22252,461: Total time for which application threads were stopped: 0,0000330 seconds, Stopping threads took: 0,0000044 seconds
2017-05-17T20:23:39.858+0200: 22252,462: Total time for which application threads were stopped: 0,0000521 seconds, Stopping threads took: 0,0000088 seconds
2017-05-17T20:23:39.859+0200: 22252,463: Total time for which application threads were stopped: 0,0000883 seconds, Stopping threads took: 0,0000211 seconds
2017-05-17T20:23:39.860+0200: 22252,463: Total time for which application threads were stopped: 0,0002659 seconds, Stopping threads took: 0,0000140 seconds
2017-05-17T20:23:39.860+0200: 22252,464: Total time for which application threads were stopped: 0,0002422 seconds, Stopping threads took: 0,0000094 seconds
2017-05-17T20:23:39.860+0200: 22252,464: Total time for which application threads were stopped: 0,0000516 seconds, Stopping threads took: 0,0000082 seconds
2017-05-17T20:23:39.860+0200: 22252,464: Total time for which application threads were stopped: 0,0000419 seconds, Stopping threads took: 0,0000073 seconds
2017-05-17T20:23:39.860+0200: 22252,464: Total time for which application threads were stopped: 0,0000961 seconds, Stopping threads took: 0,0000613 seconds
2017-05-17T20:23:39.860+0200: 22252,464: Total time for which application threads were stopped: 0,0000466 seconds, Stopping threads took: 0,0000116 seconds
2017-05-17T20:23:39.866+0200: 22252,470: Total time for which application threads were stopped: 0,0001036 seconds, Stopping threads took: 0,0000239 seconds
2017-05-17T20:23:39.866+0200: 22252,470: Total time for which application threads were stopped: 0,0000793 seconds, Stopping threads took: 0,0000102 seconds
2017-05-17T20:23:39.867+0200: 22252,470: Total time for which application threads were stopped: 0,0000514 seconds, Stopping threads took: 0,0000098 seconds
2017-05-17T20:23:39.867+0200: 22252,471: Total time for which application threads were stopped: 0,0000680 seconds, Stopping threads took: 0,0000129 seconds
2017-05-17T20:23:39.867+0200: 22252,471: Total time for which application threads were stopped: 0,0000961 seconds, Stopping threads took: 0,0000312 seconds
2017-05-17T20:23:39.868+0200: 22252,472: Total time for which application threads were stopped: 0,0000716 seconds, Stopping threads took: 0,0000113 seconds
2017-05-17T20:23:39.868+0200: 22252,472: Total time for which application threads were stopped: 0,0000418 seconds, Stopping threads took: 0,0000052 seconds
2017-05-17T20:23:39.868+0200: 22252,472: Total time for which application threads were stopped: 0,0000381 seconds, Stopping threads took: 0,0000055 seconds
2017-05-17T20:23:39.868+0200: 22252,472: Total time for which application threads were stopped: 0,0000395 seconds, Stopping threads took: 0,0000102 seconds
2017-05-17T20:23:39.868+0200: 22252,472: Total time for which application threads were stopped: 0,0000334 seconds, Stopping threads took: 0,0000045 seconds
2017-05-17T20:23:39.869+0200: 22252,472: Total time for which application threads were stopped: 0,0000351 seconds, Stopping threads took: 0,0000052 seconds
2017-05-17T20:23:39.869+0200: 22252,472: Total time for which application threads were stopped: 0,0000350 seconds, Stopping threads took: 0,0000048 seconds
2017-05-17T20:23:39.869+0200: 22252,472: Total time for which application threads were stopped: 0,0000353 seconds, Stopping threads took: 0,0000050 seconds
2017-05-17T20:23:39.869+0200: 22252,472: Total time for which application threads were stopped: 0,0000352 seconds, Stopping threads took: 0,0000047 seconds
2017-05-17T20:23:39.869+0200: 22252,472: Total time for which application threads were stopped: 0,0000336 seconds, Stopping threads took: 0,0000048 seconds
2017-05-17T20:23:39.869+0200: 22252,472: Total time for which application threads were stopped: 0,0000343 seconds, Stopping threads took: 0,0000048 seconds
2017-05-17T20:23:39.869+0200: 22252,473: Total time for which application threads were stopped: 0,0000373 seconds, Stopping threads took: 0,0000060 seconds
2017-05-17T20:23:39.869+0200: 22252,473: Total time for which application threads were stopped: 0,0000341 seconds, Stopping threads took: 0,0000048 seconds
2017-05-17T20:23:39.869+0200: 22252,473: Total time for which application threads were stopped: 0,0000386 seconds, Stopping threads took: 0,0000052 seconds
2017-05-17T20:23:39.869+0200: 22252,473: Total time for which application threads were stopped: 0,0000333 seconds, Stopping threads took: 0,0000045 seconds
2017-05-17T20:23:39.869+0200: 22252,473: Total time for which application threads were stopped: 0,0000377 seconds, Stopping threads took: 0,0000052 seconds
2017-05-17T20:23:39.869+0200: 22252,473: Total time for which application threads were stopped: 0,0000354 seconds, Stopping threads took: 0,0000048 seconds
2017-05-17T20:23:39.869+0200: 22252,473: Total time for which application threads were stopped: 0,0000360 seconds, Stopping threads took: 0,0000045 seconds
2017-05-17T20:23:39.871+0200: 22252,475: Total time for which application threads were stopped: 0,0004685 seconds, Stopping threads took: 0,0003945 seconds
2017-05-17T20:23:39.871+0200: 22252,475: Total time for which application threads were stopped: 0,0000482 seconds, Stopping threads took: 0,0000079 seconds
2017-05-17T20:23:39.871+0200: 22252,475: Total time for which application threads were stopped: 0,0000410 seconds, Stopping threads took: 0,0000083 seconds
2017-05-17T20:23:39.875+0200: 22252,479: Total time for which application threads were stopped: 0,0000826 seconds, Stopping threads took: 0,0000135 seconds
2017-05-17T20:23:39.876+0200: 22252,480: Total time for which application threads were stopped: 0,0000997 seconds, Stopping threads took: 0,0000454 seconds
2017-05-17T20:23:39.876+0200: 22252,480: Total time for which application threads were stopped: 0,0000410 seconds, Stopping threads took: 0,0000077 seconds
2017-05-17T20:23:39.876+0200: 22252,480: Total time for which application threads were stopped: 0,0000463 seconds, Stopping threads took: 0,0000118 seconds
2017-05-17T20:23:39.877+0200: 22252,480: Total time for which application threads were stopped: 0,0000331 seconds, Stopping threads took: 0,0000044 seconds
2017-05-17T20:23:39.877+0200: 22252,481: Total time for which application threads were stopped: 0,0000512 seconds, Stopping threads took: 0,0000075 seconds
2017-05-17T20:23:39.877+0200: 22252,481: Total time for which application threads were stopped: 0,0000816 seconds, Stopping threads took: 0,0000049 seconds
2017-05-17T20:23:39.877+0200: 22252,481: Total time for which application threads were stopped: 0,0000404 seconds, Stopping threads took: 0,0000053 seconds
2017-05-17T20:23:39.886+0200: 22252,490: Total time for which application threads were stopped: 0,0018920 seconds, Stopping threads took: 0,0017772 seconds
2017-05-17T20:23:39.887+0200: 22252,490: Total time for which application threads were stopped: 0,0000548 seconds, Stopping threads took: 0,0000141 seconds
2017-05-17T20:23:39.887+0200: 22252,490: Total time for which application threads were stopped: 0,0000366 seconds, Stopping threads took: 0,0000056 seconds
2017-05-17T20:23:39.897+0200: 22252,500: Total time for which application threads were stopped: 0,0000826 seconds, Stopping threads took: 0,0000156 seconds
2017-05-17T20:23:39.897+0200: 22252,500: Total time for which application threads were stopped: 0,0000394 seconds, Stopping threads took: 0,0000058 seconds
2017-05-17T20:23:39.897+0200: 22252,501: Total time for which application threads were stopped: 0,0000361 seconds, Stopping threads took: 0,0000050 seconds
2017-05-17T20:23:39.897+0200: 22252,501: Total time for which application threads were stopped: 0,0000342 seconds, Stopping threads took: 0,0000046 seconds
2017-05-17T20:23:39.897+0200: 22252,501: Total time for which application threads were stopped: 0,0000386 seconds, Stopping threads took: 0,0000060 seconds
2017-05-17T20:23:39.897+0200: 22252,501: Total time for which application threads were stopped: 0,0000362 seconds, Stopping threads took: 0,0000051 seconds
2017-05-17T20:23:39.897+0200: 22252,501: Total time for which application threads were stopped: 0,0000341 seconds, Stopping threads took: 0,0000047 seconds
2017-05-17T20:23:39.898+0200: 22252,501: Total time for which application threads were stopped: 0,0000653 seconds, Stopping threads took: 0,0000062 seconds
2017-05-17T20:23:39.898+0200: 22252,501: Total time for which application threads were stopped: 0,0000365 seconds, Stopping threads took: 0,0000053 seconds
2017-05-17T20:23:39.898+0200: 22252,501: Total time for which application threads were stopped: 0,0000353 seconds, Stopping threads took: 0,0000050 seconds
2017-05-17T20:23:39.898+0200: 22252,502: Total time for which application threads were stopped: 0,0000398 seconds, Stopping threads took: 0,0000064 seconds
2017-05-17T20:23:39.898+0200: 22252,502: Total time for which application threads were stopped: 0,0000351 seconds, Stopping threads took: 0,0000051 seconds
2017-05-17T20:23:39.898+0200: 22252,502: Total time for which application threads were stopped: 0,0000352 seconds, Stopping threads took: 0,0000049 seconds
2017-05-17T20:23:39.898+0200: 22252,502: Total time for which application threads were stopped: 0,0000430 seconds, Stopping threads took: 0,0000069 seconds
2017-05-17T20:23:39.898+0200: 22252,502: Total time for which application threads were stopped: 0,0000340 seconds, Stopping threads took: 0,0000047 seconds
2017-05-17T20:23:39.898+0200: 22252,502: Total time for which application threads were stopped: 0,0000339 seconds, Stopping threads took: 0,0000047 seconds
2017-05-17T20:23:39.899+0200: 22252,502: Total time for which application threads were stopped: 0,0000464 seconds, Stopping threads took: 0,0000071 seconds
2017-05-17T20:23:39.899+0200: 22252,503: Total time for which application threads were stopped: 0,0003095 seconds, Stopping threads took: 0,0000054 seconds
2017-05-17T20:23:39.901+0200: 22252,505: Total time for which application threads were stopped: 0,0002321 seconds, Stopping threads took: 0,0000284 seconds
2017-05-17T20:23:39.917+0200: 22252,521: Total time for which application threads were stopped: 0,0001213 seconds, Stopping threads took: 0,0000312 seconds
2017-05-17T20:23:39.918+0200: 22252,522: Total time for which application threads were stopped: 0,0001168 seconds, Stopping threads took: 0,0000304 seconds
Heap
 par new generation   total 109248K, used 52892K [0x00000000e0000000, 0x00000000e8000000, 0x00000000e8000000)
  eden space 87424K,  45% used [0x00000000e0000000, 0x00000000e26ba1f8, 0x00000000e5560000)
  from space 21824K,  60% used [0x00000000e5560000, 0x00000000e624ce50, 0x00000000e6ab0000)
  to   space 21824K,   0% used [0x00000000e6ab0000, 0x00000000e6ab0000, 0x00000000e8000000)
 concurrent mark-sweep generation total 393216K, used 6588K [0x00000000e8000000, 0x0000000100000000, 0x0000000100000000)
 Metaspace       used 28186K, capacity 28716K, committed 29052K, reserved 1075200K
  class space    used 3229K, capacity 3397K, committed 3452K, reserved 1048576K
