OpenJDK 64-Bit Server VM (25.121-b13) for linux-amd64 JRE (1.8.0_121-8u121-b13-0ubuntu1.16.04.2-b13), built on Jan 23 2017 15:51:29 by "buildd" with gcc 5.4.0 20160609
Memory: 4k page, physical 7867764k(7429636k free), swap 8076284k(8076284k free)
CommandLine flags: -XX:CMSInitiatingOccupancyFraction=50 -XX:CMSMaxAbortablePrecleanTime=6000 -XX:+CMSParallelRemarkEnabled -XX:+CMSScavengeBeforeRemark -XX:ConcGCThreads=4 -XX:InitialHeapSize=536870912 -XX:MaxHeapSize=536870912 -XX:MaxTenuringThreshold=8 -XX:NewRatio=3 -XX:OldPLABSize=16 -XX:OnOutOfMemoryError=/opt/solr/bin/oom_solr.sh 8983 /var/solr/logs -XX:ParallelGCThreads=4 -XX:+ParallelRefProcEnabled -XX:PretenureSizeThreshold=67108864 -XX:+PrintGC -XX:+PrintGCApplicationStoppedTime -XX:+PrintGCDateStamps -XX:+PrintGCDetails -XX:+PrintGCTimeStamps -XX:+PrintHeapAtGC -XX:+PrintTenuringDistribution -XX:SurvivorRatio=4 -XX:TargetSurvivorRatio=90 -XX:ThreadStackSize=256 -XX:+UseCMSInitiatingOccupancyOnly -XX:+UseCompressedClassPointers -XX:+UseCompressedOops -XX:+UseConcMarkSweepGC -XX:+UseParNewGC 
2017-03-30T20:35:33.093+0200: 0,212: Total time for which application threads were stopped: 0,0001057 seconds, Stopping threads took: 0,0000243 seconds
2017-03-30T20:35:33.243+0200: 0,362: Total time for which application threads were stopped: 0,0000868 seconds, Stopping threads took: 0,0000091 seconds
2017-03-30T20:35:33.273+0200: 0,392: Total time for which application threads were stopped: 0,0000983 seconds, Stopping threads took: 0,0000109 seconds
2017-03-30T20:35:33.689+0200: 0,809: Total time for which application threads were stopped: 0,0001362 seconds, Stopping threads took: 0,0000130 seconds
2017-03-30T20:35:34.052+0200: 1,171: Total time for which application threads were stopped: 0,0002093 seconds, Stopping threads took: 0,0000456 seconds
2017-03-30T20:35:34.116+0200: 1,235: Total time for which application threads were stopped: 0,0001541 seconds, Stopping threads took: 0,0000170 seconds
2017-03-30T20:35:34.136+0200: 1,256: Total time for which application threads were stopped: 0,0003359 seconds, Stopping threads took: 0,0001098 seconds
2017-03-30T20:35:34.387+0200: 1,507: Total time for which application threads were stopped: 0,0001626 seconds, Stopping threads took: 0,0000155 seconds
2017-03-30T20:35:34.594+0200: 1,713: Total time for which application threads were stopped: 0,0002041 seconds, Stopping threads took: 0,0000159 seconds
2017-03-30T20:35:34.611+0200: 1,730: Total time for which application threads were stopped: 0,0001878 seconds, Stopping threads took: 0,0000394 seconds
2017-03-30T20:35:34.636+0200: 1,755: Total time for which application threads were stopped: 0,0002249 seconds, Stopping threads took: 0,0000190 seconds
2017-03-30T20:35:34.637+0200: 1,756: Total time for which application threads were stopped: 0,0001812 seconds, Stopping threads took: 0,0000281 seconds
2017-03-30T20:35:34.649+0200: 1,768: Total time for which application threads were stopped: 0,0002133 seconds, Stopping threads took: 0,0000278 seconds
2017-03-30T20:35:34.715+0200: 1,834: Total time for which application threads were stopped: 0,0002528 seconds, Stopping threads took: 0,0000206 seconds
2017-03-30T20:35:34.862+0200: 1,981: Total time for which application threads were stopped: 0,0002885 seconds, Stopping threads took: 0,0000739 seconds
{Heap before GC invocations=0 (full 0):
 par new generation   total 109248K, used 87424K [0x00000000e0000000, 0x00000000e8000000, 0x00000000e8000000)
  eden space 87424K, 100% used [0x00000000e0000000, 0x00000000e5560000, 0x00000000e5560000)
  from space 21824K,   0% used [0x00000000e5560000, 0x00000000e5560000, 0x00000000e6ab0000)
  to   space 21824K,   0% used [0x00000000e6ab0000, 0x00000000e6ab0000, 0x00000000e8000000)
 concurrent mark-sweep generation total 393216K, used 0K [0x00000000e8000000, 0x0000000100000000, 0x0000000100000000)
 Metaspace       used 17504K, capacity 17824K, committed 18048K, reserved 1064960K
  class space    used 1987K, capacity 2132K, committed 2176K, reserved 1048576K
2017-03-30T20:35:34.874+0200: 1,993: [GC (Allocation Failure) 2017-03-30T20:35:34.874+0200: 1,993: [ParNew
Desired survivor size 20112992 bytes, new threshold 8 (max 8)
- age   1:   11121304 bytes,   11121304 total
: 87424K->10975K(109248K), 0,0159919 secs] 87424K->10975K(502464K), 0,0160687 secs] [Times: user=0,04 sys=0,00, real=0,02 secs] 
Heap after GC invocations=1 (full 0):
 par new generation   total 109248K, used 10975K [0x00000000e0000000, 0x00000000e8000000, 0x00000000e8000000)
  eden space 87424K,   0% used [0x00000000e0000000, 0x00000000e0000000, 0x00000000e5560000)
  from space 21824K,  50% used [0x00000000e6ab0000, 0x00000000e7567e78, 0x00000000e8000000)
  to   space 21824K,   0% used [0x00000000e5560000, 0x00000000e5560000, 0x00000000e6ab0000)
 concurrent mark-sweep generation total 393216K, used 0K [0x00000000e8000000, 0x0000000100000000, 0x0000000100000000)
 Metaspace       used 17504K, capacity 17824K, committed 18048K, reserved 1064960K
  class space    used 1987K, capacity 2132K, committed 2176K, reserved 1048576K
}
2017-03-30T20:35:34.890+0200: 2,009: Total time for which application threads were stopped: 0,0181685 seconds, Stopping threads took: 0,0019311 seconds
2017-03-30T20:35:35.252+0200: 2,372: Total time for which application threads were stopped: 0,0003719 seconds, Stopping threads took: 0,0000316 seconds
{Heap before GC invocations=1 (full 0):
 par new generation   total 109248K, used 98399K [0x00000000e0000000, 0x00000000e8000000, 0x00000000e8000000)
  eden space 87424K, 100% used [0x00000000e0000000, 0x00000000e5560000, 0x00000000e5560000)
  from space 21824K,  50% used [0x00000000e6ab0000, 0x00000000e7567e78, 0x00000000e8000000)
  to   space 21824K,   0% used [0x00000000e5560000, 0x00000000e5560000, 0x00000000e6ab0000)
 concurrent mark-sweep generation total 393216K, used 0K [0x00000000e8000000, 0x0000000100000000, 0x0000000100000000)
 Metaspace       used 20037K, capacity 20376K, committed 20736K, reserved 1067008K
  class space    used 2298K, capacity 2474K, committed 2560K, reserved 1048576K
2017-03-30T20:35:35.279+0200: 2,398: [GC (Allocation Failure) 2017-03-30T20:35:35.279+0200: 2,398: [ParNew
Desired survivor size 20112992 bytes, new threshold 8 (max 8)
- age   1:    4531672 bytes,    4531672 total
- age   2:    5734616 bytes,   10266288 total
: 98399K->14121K(109248K), 0,0135091 secs] 98399K->14121K(502464K), 0,0135946 secs] [Times: user=0,05 sys=0,00, real=0,01 secs] 
Heap after GC invocations=2 (full 0):
 par new generation   total 109248K, used 14121K [0x00000000e0000000, 0x00000000e8000000, 0x00000000e8000000)
  eden space 87424K,   0% used [0x00000000e0000000, 0x00000000e0000000, 0x00000000e5560000)
  from space 21824K,  64% used [0x00000000e5560000, 0x00000000e632a680, 0x00000000e6ab0000)
  to   space 21824K,   0% used [0x00000000e6ab0000, 0x00000000e6ab0000, 0x00000000e8000000)
 concurrent mark-sweep generation total 393216K, used 0K [0x00000000e8000000, 0x0000000100000000, 0x0000000100000000)
 Metaspace       used 20037K, capacity 20376K, committed 20736K, reserved 1067008K
  class space    used 2298K, capacity 2474K, committed 2560K, reserved 1048576K
}
2017-03-30T20:35:35.293+0200: 2,412: Total time for which application threads were stopped: 0,0138766 seconds, Stopping threads took: 0,0000963 seconds
2017-03-30T20:35:35.308+0200: 2,428: Total time for which application threads were stopped: 0,0004039 seconds, Stopping threads took: 0,0000818 seconds
2017-03-30T20:35:35.344+0200: 2,463: Total time for which application threads were stopped: 0,0004851 seconds, Stopping threads took: 0,0000766 seconds
2017-03-30T20:35:35.464+0200: 2,584: Total time for which application threads were stopped: 0,0003492 seconds, Stopping threads took: 0,0002144 seconds
{Heap before GC invocations=2 (full 0):
 par new generation   total 109248K, used 101515K [0x00000000e0000000, 0x00000000e8000000, 0x00000000e8000000)
  eden space 87424K,  99% used [0x00000000e0000000, 0x00000000e5558630, 0x00000000e5560000)
  from space 21824K,  64% used [0x00000000e5560000, 0x00000000e632a680, 0x00000000e6ab0000)
  to   space 21824K,   0% used [0x00000000e6ab0000, 0x00000000e6ab0000, 0x00000000e8000000)
 concurrent mark-sweep generation total 393216K, used 0K [0x00000000e8000000, 0x0000000100000000, 0x0000000100000000)
 Metaspace       used 20959K, capacity 21304K, committed 21628K, reserved 1069056K
  class space    used 2420K, capacity 2594K, committed 2684K, reserved 1048576K
2017-03-30T20:35:35.489+0200: 2,609: [GC (Allocation Failure) 2017-03-30T20:35:35.489+0200: 2,609: [ParNew
Desired survivor size 20112992 bytes, new threshold 8 (max 8)
- age   1:    2185784 bytes,    2185784 total
- age   2:    1735416 bytes,    3921200 total
- age   3:    5732776 bytes,    9653976 total
: 101515K->12430K(109248K), 0,0158229 secs] 101515K->12430K(502464K), 0,0159179 secs] [Times: user=0,04 sys=0,00, real=0,01 secs] 
Heap after GC invocations=3 (full 0):
 par new generation   total 109248K, used 12430K [0x00000000e0000000, 0x00000000e8000000, 0x00000000e8000000)
  eden space 87424K,   0% used [0x00000000e0000000, 0x00000000e0000000, 0x00000000e5560000)
  from space 21824K,  56% used [0x00000000e6ab0000, 0x00000000e76d3b50, 0x00000000e8000000)
  to   space 21824K,   0% used [0x00000000e5560000, 0x00000000e5560000, 0x00000000e6ab0000)
 concurrent mark-sweep generation total 393216K, used 0K [0x00000000e8000000, 0x0000000100000000, 0x0000000100000000)
 Metaspace       used 20959K, capacity 21304K, committed 21628K, reserved 1069056K
  class space    used 2420K, capacity 2594K, committed 2684K, reserved 1048576K
}
2017-03-30T20:35:35.505+0200: 2,625: Total time for which application threads were stopped: 0,0161595 seconds, Stopping threads took: 0,0000828 seconds
2017-03-30T20:35:35.518+0200: 2,637: [GC (CMS Initial Mark) [1 CMS-initial-mark: 0K(393216K)] 23796K(502464K), 0,0069429 secs] [Times: user=0,02 sys=0,00, real=0,00 secs] 
2017-03-30T20:35:35.525+0200: 2,644: Total time for which application threads were stopped: 0,0109934 seconds, Stopping threads took: 0,0039507 seconds
2017-03-30T20:35:35.525+0200: 2,644: [CMS-concurrent-mark-start]
2017-03-30T20:35:35.530+0200: 2,649: [CMS-concurrent-mark: 0,005/0,005 secs] [Times: user=0,02 sys=0,00, real=0,01 secs] 
2017-03-30T20:35:35.530+0200: 2,649: [CMS-concurrent-preclean-start]
2017-03-30T20:35:35.531+0200: 2,650: [CMS-concurrent-preclean: 0,001/0,001 secs] [Times: user=0,01 sys=0,00, real=0,00 secs] 
2017-03-30T20:35:35.531+0200: 2,651: [CMS-concurrent-abortable-preclean-start]
2017-03-30T20:35:35.578+0200: 2,697: Total time for which application threads were stopped: 0,0040949 seconds, Stopping threads took: 0,0040015 seconds
{Heap before GC invocations=3 (full 1):
 par new generation   total 109248K, used 99854K [0x00000000e0000000, 0x00000000e8000000, 0x00000000e8000000)
  eden space 87424K, 100% used [0x00000000e0000000, 0x00000000e5560000, 0x00000000e5560000)
  from space 21824K,  56% used [0x00000000e6ab0000, 0x00000000e76d3b50, 0x00000000e8000000)
  to   space 21824K,   0% used [0x00000000e5560000, 0x00000000e5560000, 0x00000000e6ab0000)
 concurrent mark-sweep generation total 393216K, used 0K [0x00000000e8000000, 0x0000000100000000, 0x0000000100000000)
 Metaspace       used 21240K, capacity 21586K, committed 21884K, reserved 1069056K
  class space    used 2450K, capacity 2610K, committed 2684K, reserved 1048576K
2017-03-30T20:35:35.631+0200: 2,750: [GC (Allocation Failure) 2017-03-30T20:35:35.631+0200: 2,750: [ParNew
Desired survivor size 20112992 bytes, new threshold 8 (max 8)
- age   1:    1301480 bytes,    1301480 total
- age   2:    1500504 bytes,    2801984 total
- age   3:    1698720 bytes,    4500704 total
- age   4:    5732944 bytes,   10233648 total
: 99854K->13520K(109248K), 0,0098983 secs] 99854K->13520K(502464K), 0,0099666 secs] [Times: user=0,04 sys=0,00, real=0,01 secs] 
Heap after GC invocations=4 (full 1):
 par new generation   total 109248K, used 13520K [0x00000000e0000000, 0x00000000e8000000, 0x00000000e8000000)
  eden space 87424K,   0% used [0x00000000e0000000, 0x00000000e0000000, 0x00000000e5560000)
  from space 21824K,  61% used [0x00000000e5560000, 0x00000000e6294230, 0x00000000e6ab0000)
  to   space 21824K,   0% used [0x00000000e6ab0000, 0x00000000e6ab0000, 0x00000000e8000000)
 concurrent mark-sweep generation total 393216K, used 0K [0x00000000e8000000, 0x0000000100000000, 0x0000000100000000)
 Metaspace       used 21240K, capacity 21586K, committed 21884K, reserved 1069056K
  class space    used 2450K, capacity 2610K, committed 2684K, reserved 1048576K
}
2017-03-30T20:35:35.641+0200: 2,760: Total time for which application threads were stopped: 0,0102036 seconds, Stopping threads took: 0,0001052 seconds
{Heap before GC invocations=4 (full 1):
 par new generation   total 109248K, used 100944K [0x00000000e0000000, 0x00000000e8000000, 0x00000000e8000000)
  eden space 87424K, 100% used [0x00000000e0000000, 0x00000000e5560000, 0x00000000e5560000)
  from space 21824K,  61% used [0x00000000e5560000, 0x00000000e6294230, 0x00000000e6ab0000)
  to   space 21824K,   0% used [0x00000000e6ab0000, 0x00000000e6ab0000, 0x00000000e8000000)
 concurrent mark-sweep generation total 393216K, used 0K [0x00000000e8000000, 0x0000000100000000, 0x0000000100000000)
 Metaspace       used 21398K, capacity 21810K, committed 21884K, reserved 1069056K
  class space    used 2470K, capacity 2642K, committed 2684K, reserved 1048576K
2017-03-30T20:35:35.742+0200: 2,861: [GC (Allocation Failure) 2017-03-30T20:35:35.742+0200: 2,861: [ParNew
Desired survivor size 20112992 bytes, new threshold 8 (max 8)
- age   1:    1285680 bytes,    1285680 total
- age   2:     175824 bytes,    1461504 total
- age   3:    1500504 bytes,    2962008 total
- age   4:    1698592 bytes,    4660600 total
- age   5:    5732832 bytes,   10393432 total
: 100944K->12441K(109248K), 0,0094890 secs] 100944K->12441K(502464K), 0,0095605 secs] [Times: user=0,03 sys=0,00, real=0,01 secs] 
Heap after GC invocations=5 (full 1):
 par new generation   total 109248K, used 12441K [0x00000000e0000000, 0x00000000e8000000, 0x00000000e8000000)
  eden space 87424K,   0% used [0x00000000e0000000, 0x00000000e0000000, 0x00000000e5560000)
  from space 21824K,  57% used [0x00000000e6ab0000, 0x00000000e76d6780, 0x00000000e8000000)
  to   space 21824K,   0% used [0x00000000e5560000, 0x00000000e5560000, 0x00000000e6ab0000)
 concurrent mark-sweep generation total 393216K, used 0K [0x00000000e8000000, 0x0000000100000000, 0x0000000100000000)
 Metaspace       used 21398K, capacity 21810K, committed 21884K, reserved 1069056K
  class space    used 2470K, capacity 2642K, committed 2684K, reserved 1048576K
}
2017-03-30T20:35:35.752+0200: 2,871: Total time for which application threads were stopped: 0,0117823 seconds, Stopping threads took: 0,0020716 seconds
2017-03-30T20:35:35.752+0200: 2,871: [CMS-concurrent-abortable-preclean: 0,173/0,220 secs] [Times: user=0,82 sys=0,01, real=0,22 secs] 
2017-03-30T20:35:35.752+0200: 2,871: [GC (CMS Final Remark) [YG occupancy: 13732 K (109248 K)]{Heap before GC invocations=5 (full 1):
 par new generation   total 109248K, used 13732K [0x00000000e0000000, 0x00000000e8000000, 0x00000000e8000000)
  eden space 87424K,   1% used [0x00000000e0000000, 0x00000000e0142c28, 0x00000000e5560000)
  from space 21824K,  57% used [0x00000000e6ab0000, 0x00000000e76d6780, 0x00000000e8000000)
  to   space 21824K,   0% used [0x00000000e5560000, 0x00000000e5560000, 0x00000000e6ab0000)
 concurrent mark-sweep generation total 393216K, used 0K [0x00000000e8000000, 0x0000000100000000, 0x0000000100000000)
 Metaspace       used 21398K, capacity 21810K, committed 21884K, reserved 1069056K
  class space    used 2470K, capacity 2642K, committed 2684K, reserved 1048576K
2017-03-30T20:35:35.752+0200: 2,871: [GC (CMS Final Remark) 2017-03-30T20:35:35.752+0200: 2,871: [ParNew
Desired survivor size 20112992 bytes, new threshold 8 (max 8)
- age   1:      49352 bytes,      49352 total
- age   2:    1203664 bytes,    1253016 total
- age   3:     175824 bytes,    1428840 total
- age   4:    1500504 bytes,    2929344 total
- age   5:    1698592 bytes,    4627936 total
- age   6:    5733496 bytes,   10361432 total
: 13732K->15498K(109248K), 0,0092302 secs] 13732K->15498K(502464K), 0,0092657 secs] [Times: user=0,04 sys=0,00, real=0,01 secs] 
Heap after GC invocations=6 (full 1):
 par new generation   total 109248K, used 15498K [0x00000000e0000000, 0x00000000e8000000, 0x00000000e8000000)
  eden space 87424K,   0% used [0x00000000e0000000, 0x00000000e0000000, 0x00000000e5560000)
  from space 21824K,  71% used [0x00000000e5560000, 0x00000000e6482b80, 0x00000000e6ab0000)
  to   space 21824K,   0% used [0x00000000e6ab0000, 0x00000000e6ab0000, 0x00000000e8000000)
 concurrent mark-sweep generation total 393216K, used 0K [0x00000000e8000000, 0x0000000100000000, 0x0000000100000000)
 Metaspace       used 21398K, capacity 21810K, committed 21884K, reserved 1069056K
  class space    used 2470K, capacity 2642K, committed 2684K, reserved 1048576K
}
2017-03-30T20:35:35.761+0200: 2,880: [Rescan (parallel) , 0,0034853 secs]2017-03-30T20:35:35.765+0200: 2,884: [weak refs processing, 0,0005961 secs]2017-03-30T20:35:35.765+0200: 2,885: [class unloading, 0,0029087 secs]2017-03-30T20:35:35.768+0200: 2,887: [scrub symbol table, 0,0025297 secs]2017-03-30T20:35:35.771+0200: 2,890: [scrub string table, 0,0003671 secs][1 CMS-remark: 0K(393216K)] 15498K(502464K), 0,0197942 secs] [Times: user=0,06 sys=0,00, real=0,02 secs] 
2017-03-30T20:35:35.772+0200: 2,891: Total time for which application threads were stopped: 0,0198991 seconds, Stopping threads took: 0,0000341 seconds
2017-03-30T20:35:35.782+0200: 2,901: [CMS-concurrent-sweep-start]
2017-03-30T20:35:35.782+0200: 2,901: [CMS-concurrent-sweep: 0,000/0,000 secs] [Times: user=0,00 sys=0,00, real=0,00 secs] 
2017-03-30T20:35:35.782+0200: 2,901: [CMS-concurrent-reset-start]
2017-03-30T20:35:35.789+0200: 2,908: [CMS-concurrent-reset: 0,007/0,007 secs] [Times: user=0,02 sys=0,00, real=0,01 secs] 
2017-03-30T20:35:35.823+0200: 2,942: Total time for which application threads were stopped: 0,0003680 seconds, Stopping threads took: 0,0000206 seconds
2017-03-30T20:35:36.053+0200: 3,172: Total time for which application threads were stopped: 0,0004275 seconds, Stopping threads took: 0,0000250 seconds
2017-03-30T20:35:36.068+0200: 3,187: Total time for which application threads were stopped: 0,0003939 seconds, Stopping threads took: 0,0000508 seconds
{Heap before GC invocations=6 (full 1):
 par new generation   total 109248K, used 102901K [0x00000000e0000000, 0x00000000e8000000, 0x00000000e8000000)
  eden space 87424K,  99% used [0x00000000e0000000, 0x00000000e555aa78, 0x00000000e5560000)
  from space 21824K,  71% used [0x00000000e5560000, 0x00000000e6482b80, 0x00000000e6ab0000)
  to   space 21824K,   0% used [0x00000000e6ab0000, 0x00000000e6ab0000, 0x00000000e8000000)
 concurrent mark-sweep generation total 393216K, used 0K [0x00000000e8000000, 0x0000000100000000, 0x0000000100000000)
 Metaspace       used 24097K, capacity 24572K, committed 24828K, reserved 1071104K
  class space    used 2843K, capacity 3049K, committed 3068K, reserved 1048576K
2017-03-30T20:35:36.205+0200: 3,324: [GC (Allocation Failure) 2017-03-30T20:35:36.205+0200: 3,324: [ParNew
Desired survivor size 20112992 bytes, new threshold 8 (max 8)
- age   1:    5843760 bytes,    5843760 total
- age   2:         56 bytes,    5843816 total
- age   3:     104536 bytes,    5948352 total
- age   4:     174296 bytes,    6122648 total
- age   5:     323168 bytes,    6445816 total
- age   6:    1674192 bytes,    8120008 total
- age   7:    5724664 bytes,   13844672 total
: 102901K->15416K(109248K), 0,0143556 secs] 102901K->15416K(502464K), 0,0144239 secs] [Times: user=0,05 sys=0,00, real=0,02 secs] 
Heap after GC invocations=7 (full 1):
 par new generation   total 109248K, used 15416K [0x00000000e0000000, 0x00000000e8000000, 0x00000000e8000000)
  eden space 87424K,   0% used [0x00000000e0000000, 0x00000000e0000000, 0x00000000e5560000)
  from space 21824K,  70% used [0x00000000e6ab0000, 0x00000000e79be2b8, 0x00000000e8000000)
  to   space 21824K,   0% used [0x00000000e5560000, 0x00000000e5560000, 0x00000000e6ab0000)
 concurrent mark-sweep generation total 393216K, used 0K [0x00000000e8000000, 0x0000000100000000, 0x0000000100000000)
 Metaspace       used 24097K, capacity 24572K, committed 24828K, reserved 1071104K
  class space    used 2843K, capacity 3049K, committed 3068K, reserved 1048576K
}
2017-03-30T20:35:36.219+0200: 3,338: Total time for which application threads were stopped: 0,0148059 seconds, Stopping threads took: 0,0001906 seconds
{Heap before GC invocations=7 (full 1):
 par new generation   total 109248K, used 102840K [0x00000000e0000000, 0x00000000e8000000, 0x00000000e8000000)
  eden space 87424K, 100% used [0x00000000e0000000, 0x00000000e5560000, 0x00000000e5560000)
  from space 21824K,  70% used [0x00000000e6ab0000, 0x00000000e79be2b8, 0x00000000e8000000)
  to   space 21824K,   0% used [0x00000000e5560000, 0x00000000e5560000, 0x00000000e6ab0000)
 concurrent mark-sweep generation total 393216K, used 0K [0x00000000e8000000, 0x0000000100000000, 0x0000000100000000)
 Metaspace       used 24437K, capacity 24892K, committed 25084K, reserved 1071104K
  class space    used 2866K, capacity 3049K, committed 3068K, reserved 1048576K
2017-03-30T20:35:36.306+0200: 3,425: [GC (Allocation Failure) 2017-03-30T20:35:36.306+0200: 3,425: [ParNew
Desired survivor size 20112992 bytes, new threshold 8 (max 8)
- age   1:    1765472 bytes,    1765472 total
- age   2:    1859728 bytes,    3625200 total
- age   4:      57216 bytes,    3682416 total
- age   5:     100776 bytes,    3783192 total
- age   6:     199568 bytes,    3982760 total
- age   7:    1197208 bytes,    5179968 total
- age   8:    5649928 bytes,   10829896 total
: 102840K->14157K(109248K), 0,0108289 secs] 102840K->14157K(502464K), 0,0109044 secs] [Times: user=0,04 sys=0,00, real=0,00 secs] 
Heap after GC invocations=8 (full 1):
 par new generation   total 109248K, used 14157K [0x00000000e0000000, 0x00000000e8000000, 0x00000000e8000000)
  eden space 87424K,   0% used [0x00000000e0000000, 0x00000000e0000000, 0x00000000e5560000)
  from space 21824K,  64% used [0x00000000e5560000, 0x00000000e6333650, 0x00000000e6ab0000)
  to   space 21824K,   0% used [0x00000000e6ab0000, 0x00000000e6ab0000, 0x00000000e8000000)
 concurrent mark-sweep generation total 393216K, used 0K [0x00000000e8000000, 0x0000000100000000, 0x0000000100000000)
 Metaspace       used 24437K, capacity 24892K, committed 25084K, reserved 1071104K
  class space    used 2866K, capacity 3049K, committed 3068K, reserved 1048576K
}
2017-03-30T20:35:36.317+0200: 3,436: Total time for which application threads were stopped: 0,0111446 seconds, Stopping threads took: 0,0000457 seconds
{Heap before GC invocations=8 (full 1):
 par new generation   total 109248K, used 101581K [0x00000000e0000000, 0x00000000e8000000, 0x00000000e8000000)
  eden space 87424K, 100% used [0x00000000e0000000, 0x00000000e5560000, 0x00000000e5560000)
  from space 21824K,  64% used [0x00000000e5560000, 0x00000000e6333650, 0x00000000e6ab0000)
  to   space 21824K,   0% used [0x00000000e6ab0000, 0x00000000e6ab0000, 0x00000000e8000000)
 concurrent mark-sweep generation total 393216K, used 0K [0x00000000e8000000, 0x0000000100000000, 0x0000000100000000)
 Metaspace       used 24900K, capacity 25346K, committed 25468K, reserved 1071104K
  class space    used 2907K, capacity 3088K, committed 3196K, reserved 1048576K
2017-03-30T20:35:36.418+0200: 3,537: [GC (Allocation Failure) 2017-03-30T20:35:36.418+0200: 3,537: [ParNew
Desired survivor size 20112992 bytes, new threshold 8 (max 8)
- age   1:     995176 bytes,     995176 total
- age   2:     998544 bytes,    1993720 total
- age   3:    1836880 bytes,    3830600 total
- age   5:      57216 bytes,    3887816 total
- age   6:      97992 bytes,    3985808 total
- age   7:     199104 bytes,    4184912 total
- age   8:    1196440 bytes,    5381352 total
: 101581K->8496K(109248K), 0,0565964 secs] 101581K->14095K(502464K), 0,0566683 secs] [Times: user=0,14 sys=0,00, real=0,06 secs] 
Heap after GC invocations=9 (full 1):
 par new generation   total 109248K, used 8496K [0x00000000e0000000, 0x00000000e8000000, 0x00000000e8000000)
  eden space 87424K,   0% used [0x00000000e0000000, 0x00000000e0000000, 0x00000000e5560000)
  from space 21824K,  38% used [0x00000000e6ab0000, 0x00000000e72fc3d0, 0x00000000e8000000)
  to   space 21824K,   0% used [0x00000000e5560000, 0x00000000e5560000, 0x00000000e6ab0000)
 concurrent mark-sweep generation total 393216K, used 5598K [0x00000000e8000000, 0x0000000100000000, 0x0000000100000000)
 Metaspace       used 24900K, capacity 25346K, committed 25468K, reserved 1071104K
  class space    used 2907K, capacity 3088K, committed 3196K, reserved 1048576K
}
2017-03-30T20:35:36.474+0200: 3,594: Total time for which application threads were stopped: 0,0576698 seconds, Stopping threads took: 0,0008395 seconds
2017-03-30T20:35:36.726+0200: 3,845: Total time for which application threads were stopped: 0,0004946 seconds, Stopping threads took: 0,0000396 seconds
2017-03-30T20:35:36.739+0200: 3,858: Total time for which application threads were stopped: 0,0004066 seconds, Stopping threads took: 0,0000310 seconds
2017-03-30T20:35:36.778+0200: 3,898: Total time for which application threads were stopped: 0,0003951 seconds, Stopping threads took: 0,0000194 seconds
{Heap before GC invocations=9 (full 1):
 par new generation   total 109248K, used 94591K [0x00000000e0000000, 0x00000000e8000000, 0x00000000e8000000)
  eden space 87424K,  98% used [0x00000000e0000000, 0x00000000e5413b50, 0x00000000e5560000)
  from space 21824K,  38% used [0x00000000e6ab0000, 0x00000000e72fc3d0, 0x00000000e8000000)
  to   space 21824K,   0% used [0x00000000e5560000, 0x00000000e5560000, 0x00000000e6ab0000)
 concurrent mark-sweep generation total 393216K, used 5598K [0x00000000e8000000, 0x0000000100000000, 0x0000000100000000)
 Metaspace       used 27712K, capacity 28304K, committed 28540K, reserved 1075200K
  class space    used 3176K, capacity 3365K, committed 3452K, reserved 1048576K
2017-03-30T20:35:36.872+0200: 3,991: [GC (Allocation Failure) 2017-03-30T20:35:36.872+0200: 3,991: [ParNew
Desired survivor size 20112992 bytes, new threshold 8 (max 8)
- age   1:    8587824 bytes,    8587824 total
- age   2:     232728 bytes,    8820552 total
- age   3:     212304 bytes,    9032856 total
- age   4:    1831400 bytes,   10864256 total
- age   6:      57216 bytes,   10921472 total
- age   7:      97976 bytes,   11019448 total
- age   8:     199024 bytes,   11218472 total
: 94591K->13062K(109248K), 0,0130475 secs] 100190K->19842K(502464K), 0,0131196 secs] [Times: user=0,05 sys=0,00, real=0,01 secs] 
Heap after GC invocations=10 (full 1):
 par new generation   total 109248K, used 13062K [0x00000000e0000000, 0x00000000e8000000, 0x00000000e8000000)
  eden space 87424K,   0% used [0x00000000e0000000, 0x00000000e0000000, 0x00000000e5560000)
  from space 21824K,  59% used [0x00000000e5560000, 0x00000000e6221840, 0x00000000e6ab0000)
  to   space 21824K,   0% used [0x00000000e6ab0000, 0x00000000e6ab0000, 0x00000000e8000000)
 concurrent mark-sweep generation total 393216K, used 6780K [0x00000000e8000000, 0x0000000100000000, 0x0000000100000000)
 Metaspace       used 27712K, capacity 28304K, committed 28540K, reserved 1075200K
  class space    used 3176K, capacity 3365K, committed 3452K, reserved 1048576K
}
2017-03-30T20:35:36.885+0200: 4,005: Total time for which application threads were stopped: 0,0132795 seconds, Stopping threads took: 0,0000234 seconds
2017-03-30T20:35:36.895+0200: 4,015: Total time for which application threads were stopped: 0,0004972 seconds, Stopping threads took: 0,0000367 seconds
2017-03-30T20:35:36.958+0200: 4,077: Total time for which application threads were stopped: 0,0003525 seconds, Stopping threads took: 0,0000170 seconds
2017-03-30T20:35:44.959+0200: 12,078: Total time for which application threads were stopped: 0,0000645 seconds, Stopping threads took: 0,0000147 seconds
2017-03-30T20:35:54.961+0200: 22,080: Total time for which application threads were stopped: 0,0000766 seconds, Stopping threads took: 0,0000168 seconds
2017-03-30T20:36:04.962+0200: 32,082: Total time for which application threads were stopped: 0,0000684 seconds, Stopping threads took: 0,0000165 seconds
2017-03-30T20:36:59.968+0200: 87,087: Total time for which application threads were stopped: 0,0001589 seconds, Stopping threads took: 0,0000588 seconds
2017-03-30T20:37:34.972+0200: 122,091: Total time for which application threads were stopped: 0,0000902 seconds, Stopping threads took: 0,0000347 seconds
2017-03-30T20:37:39.973+0200: 127,092: Total time for which application threads were stopped: 0,0000883 seconds, Stopping threads took: 0,0000358 seconds
2017-03-30T20:37:54.974+0200: 142,094: Total time for which application threads were stopped: 0,0001096 seconds, Stopping threads took: 0,0000269 seconds
2017-03-30T20:38:04.976+0200: 152,095: Total time for which application threads were stopped: 0,0000690 seconds, Stopping threads took: 0,0000159 seconds
2017-03-30T20:38:24.978+0200: 172,098: Total time for which application threads were stopped: 0,0001743 seconds, Stopping threads took: 0,0000611 seconds
2017-03-30T20:38:29.979+0200: 177,098: Total time for which application threads were stopped: 0,0000677 seconds, Stopping threads took: 0,0000168 seconds
2017-03-30T20:38:34.980+0200: 182,099: Total time for which application threads were stopped: 0,0000686 seconds, Stopping threads took: 0,0000162 seconds
2017-03-30T20:38:39.980+0200: 187,100: Total time for which application threads were stopped: 0,0001027 seconds, Stopping threads took: 0,0000319 seconds
2017-03-30T20:39:59.990+0200: 267,109: Total time for which application threads were stopped: 0,0002115 seconds, Stopping threads took: 0,0000838 seconds
2017-03-30T20:40:09.991+0200: 277,110: Total time for which application threads were stopped: 0,0000851 seconds, Stopping threads took: 0,0000297 seconds
2017-03-30T20:59:04.116+0200: 1411,236: Total time for which application threads were stopped: 0,0002567 seconds, Stopping threads took: 0,0000481 seconds
2017-03-30T21:03:44.152+0200: 1691,271: Total time for which application threads were stopped: 0,0000994 seconds, Stopping threads took: 0,0000359 seconds
2017-03-30T21:12:35.228+0200: 2222,348: Total time for which application threads were stopped: 0,0001346 seconds, Stopping threads took: 0,0000488 seconds
2017-03-30T21:13:55.240+0200: 2302,359: Total time for which application threads were stopped: 0,0001791 seconds, Stopping threads took: 0,0000650 seconds
2017-03-30T21:13:59.241+0200: 2306,360: Total time for which application threads were stopped: 0,0000822 seconds, Stopping threads took: 0,0000310 seconds
2017-03-30T21:28:50.370+0200: 3197,489: Total time for which application threads were stopped: 0,0002167 seconds, Stopping threads took: 0,0000657 seconds
2017-03-30T21:39:39.462+0200: 3846,581: Total time for which application threads were stopped: 0,0000806 seconds, Stopping threads took: 0,0000288 seconds
2017-03-30T21:53:30.577+0200: 4677,696: Total time for which application threads were stopped: 0,0000827 seconds, Stopping threads took: 0,0000307 seconds
2017-03-30T22:14:50.758+0200: 5957,878: Total time for which application threads were stopped: 0,0000812 seconds, Stopping threads took: 0,0000305 seconds
2017-03-30T22:20:00.798+0200: 6267,917: Total time for which application threads were stopped: 0,0000929 seconds, Stopping threads took: 0,0000342 seconds
2017-03-30T22:37:04.913+0200: 7292,032: Total time for which application threads were stopped: 0,0001028 seconds, Stopping threads took: 0,0000369 seconds
2017-03-30T22:37:34.916+0200: 7322,036: Total time for which application threads were stopped: 0,0000817 seconds, Stopping threads took: 0,0000308 seconds
2017-03-30T22:43:34.956+0200: 7682,076: Total time for which application threads were stopped: 0,0002743 seconds, Stopping threads took: 0,0001515 seconds
2017-03-30T22:44:04.959+0200: 7712,078: Total time for which application threads were stopped: 0,0001302 seconds, Stopping threads took: 0,0000407 seconds
2017-03-30T23:47:35.379+0200: 11522,499: Total time for which application threads were stopped: 0,0001296 seconds, Stopping threads took: 0,0000462 seconds
2017-03-31T00:19:15.575+0200: 13422,694: Total time for which application threads were stopped: 0,0000765 seconds, Stopping threads took: 0,0000160 seconds
2017-03-31T00:53:34.800+0200: 15481,919: Total time for which application threads were stopped: 0,0001083 seconds, Stopping threads took: 0,0000377 seconds
2017-03-31T00:54:56.754+0200: 15563,873: Total time for which application threads were stopped: 0,0012308 seconds, Stopping threads took: 0,0010845 seconds
2017-03-31T00:54:56.806+0200: 15563,925: Total time for which application threads were stopped: 0,0016541 seconds, Stopping threads took: 0,0015204 seconds
2017-03-31T00:54:56.808+0200: 15563,927: Total time for which application threads were stopped: 0,0001252 seconds, Stopping threads took: 0,0000255 seconds
Heap
 par new generation   total 109248K, used 39799K [0x00000000e0000000, 0x00000000e8000000, 0x00000000e8000000)
  eden space 87424K,  30% used [0x00000000e0000000, 0x00000000e1a1c408, 0x00000000e5560000)
  from space 21824K,  59% used [0x00000000e5560000, 0x00000000e6221840, 0x00000000e6ab0000)
  to   space 21824K,   0% used [0x00000000e6ab0000, 0x00000000e6ab0000, 0x00000000e8000000)
 concurrent mark-sweep generation total 393216K, used 6780K [0x00000000e8000000, 0x0000000100000000, 0x0000000100000000)
 Metaspace       used 28186K, capacity 28760K, committed 29052K, reserved 1075200K
  class space    used 3233K, capacity 3431K, committed 3452K, reserved 1048576K
