OpenJDK 64-Bit Server VM (25.111-b14) for linux-amd64 JRE (1.8.0_111-8u111-b14-2ubuntu0.16.04.2-b14), built on Oct 27 2016 18:10:19 by "buildd" with gcc 5.4.0 20160609
Memory: 4k page, physical 7867848k(7461036k free), swap 8076284k(8076284k free)
CommandLine flags: -XX:CMSInitiatingOccupancyFraction=50 -XX:CMSMaxAbortablePrecleanTime=6000 -XX:+CMSParallelRemarkEnabled -XX:+CMSScavengeBeforeRemark -XX:ConcGCThreads=4 -XX:InitialHeapSize=536870912 -XX:MaxHeapSize=536870912 -XX:MaxTenuringThreshold=8 -XX:NewRatio=3 -XX:OldPLABSize=16 -XX:OnOutOfMemoryError=/opt/solr/bin/oom_solr.sh 8983 /var/solr/logs -XX:ParallelGCThreads=4 -XX:+ParallelRefProcEnabled -XX:PretenureSizeThreshold=67108864 -XX:+PrintGC -XX:+PrintGCApplicationStoppedTime -XX:+PrintGCDateStamps -XX:+PrintGCDetails -XX:+PrintGCTimeStamps -XX:+PrintHeapAtGC -XX:+PrintTenuringDistribution -XX:SurvivorRatio=4 -XX:TargetSurvivorRatio=90 -XX:ThreadStackSize=256 -XX:+UseCMSInitiatingOccupancyOnly -XX:+UseCompressedClassPointers -XX:+UseCompressedOops -XX:+UseConcMarkSweepGC -XX:+UseParNewGC 
2016-11-19T09:17:37.880+0100: 0,107: Total time for which application threads were stopped: 0,0000624 seconds, Stopping threads took: 0,0000089 seconds
2016-11-19T09:17:37.948+0100: 0,175: Total time for which application threads were stopped: 0,0001154 seconds, Stopping threads took: 0,0000169 seconds
2016-11-19T09:17:37.959+0100: 0,186: Total time for which application threads were stopped: 0,0001456 seconds, Stopping threads took: 0,0000658 seconds
2016-11-19T09:17:38.082+0100: 0,309: Total time for which application threads were stopped: 0,0001407 seconds, Stopping threads took: 0,0000233 seconds
2016-11-19T09:17:38.224+0100: 0,451: Total time for which application threads were stopped: 0,0001081 seconds, Stopping threads took: 0,0000098 seconds
2016-11-19T09:17:38.265+0100: 0,492: Total time for which application threads were stopped: 0,0001705 seconds, Stopping threads took: 0,0000271 seconds
2016-11-19T09:17:38.276+0100: 0,503: Total time for which application threads were stopped: 0,0001771 seconds, Stopping threads took: 0,0000211 seconds
2016-11-19T09:17:38.454+0100: 0,681: Total time for which application threads were stopped: 0,0001739 seconds, Stopping threads took: 0,0000242 seconds
2016-11-19T09:17:38.608+0100: 0,835: Total time for which application threads were stopped: 0,0001927 seconds, Stopping threads took: 0,0000112 seconds
2016-11-19T09:17:38.627+0100: 0,854: Total time for which application threads were stopped: 0,0001797 seconds, Stopping threads took: 0,0000176 seconds
2016-11-19T09:17:38.628+0100: 0,855: Total time for which application threads were stopped: 0,0001343 seconds, Stopping threads took: 0,0000086 seconds
2016-11-19T09:17:38.637+0100: 0,865: Total time for which application threads were stopped: 0,0001625 seconds, Stopping threads took: 0,0000110 seconds
2016-11-19T09:17:38.703+0100: 0,930: Total time for which application threads were stopped: 0,0002364 seconds, Stopping threads took: 0,0000211 seconds
2016-11-19T09:17:38.880+0100: 1,107: Total time for which application threads were stopped: 0,0002090 seconds, Stopping threads took: 0,0000228 seconds
{Heap before GC invocations=0 (full 0):
 par new generation   total 109248K, used 87424K [0x00000000e0000000, 0x00000000e8000000, 0x00000000e8000000)
  eden space 87424K, 100% used [0x00000000e0000000, 0x00000000e5560000, 0x00000000e5560000)
  from space 21824K,   0% used [0x00000000e5560000, 0x00000000e5560000, 0x00000000e6ab0000)
  to   space 21824K,   0% used [0x00000000e6ab0000, 0x00000000e6ab0000, 0x00000000e8000000)
 concurrent mark-sweep generation total 393216K, used 0K [0x00000000e8000000, 0x0000000100000000, 0x0000000100000000)
 Metaspace       used 17956K, capacity 18238K, committed 18304K, reserved 1064960K
  class space    used 2044K, capacity 2162K, committed 2176K, reserved 1048576K
2016-11-19T09:17:38.975+0100: 1,202: [GC (Allocation Failure) 2016-11-19T09:17:38.975+0100: 1,202: [ParNew
Desired survivor size 20112992 bytes, new threshold 8 (max 8)
- age   1:   12036312 bytes,   12036312 total
: 87424K->11865K(109248K), 0,0160912 secs] 87424K->11865K(502464K), 0,0161800 secs] [Times: user=0,04 sys=0,02, real=0,01 secs] 
Heap after GC invocations=1 (full 0):
 par new generation   total 109248K, used 11865K [0x00000000e0000000, 0x00000000e8000000, 0x00000000e8000000)
  eden space 87424K,   0% used [0x00000000e0000000, 0x00000000e0000000, 0x00000000e5560000)
  from space 21824K,  54% used [0x00000000e6ab0000, 0x00000000e76465e8, 0x00000000e8000000)
  to   space 21824K,   0% used [0x00000000e5560000, 0x00000000e5560000, 0x00000000e6ab0000)
 concurrent mark-sweep generation total 393216K, used 0K [0x00000000e8000000, 0x0000000100000000, 0x0000000100000000)
 Metaspace       used 17956K, capacity 18238K, committed 18304K, reserved 1064960K
  class space    used 2044K, capacity 2162K, committed 2176K, reserved 1048576K
}
2016-11-19T09:17:38.991+0100: 1,219: Total time for which application threads were stopped: 0,0163626 seconds, Stopping threads took: 0,0000202 seconds
2016-11-19T09:17:39.197+0100: 1,425: Total time for which application threads were stopped: 0,0002963 seconds, Stopping threads took: 0,0000449 seconds
2016-11-19T09:17:39.235+0100: 1,462: Total time for which application threads were stopped: 0,0002918 seconds, Stopping threads took: 0,0000483 seconds
2016-11-19T09:17:39.272+0100: 1,499: Total time for which application threads were stopped: 0,0002900 seconds, Stopping threads took: 0,0000348 seconds
{Heap before GC invocations=1 (full 0):
 par new generation   total 109248K, used 99289K [0x00000000e0000000, 0x00000000e8000000, 0x00000000e8000000)
  eden space 87424K, 100% used [0x00000000e0000000, 0x00000000e5560000, 0x00000000e5560000)
  from space 21824K,  54% used [0x00000000e6ab0000, 0x00000000e76465e8, 0x00000000e8000000)
  to   space 21824K,   0% used [0x00000000e5560000, 0x00000000e5560000, 0x00000000e6ab0000)
 concurrent mark-sweep generation total 393216K, used 0K [0x00000000e8000000, 0x0000000100000000, 0x0000000100000000)
 Metaspace       used 20724K, capacity 21080K, committed 21248K, reserved 1069056K
  class space    used 2403K, capacity 2518K, committed 2560K, reserved 1048576K
2016-11-19T09:17:39.467+0100: 1,694: [GC (Allocation Failure) 2016-11-19T09:17:39.467+0100: 1,694: [ParNew
Desired survivor size 20112992 bytes, new threshold 8 (max 8)
- age   1:    3671008 bytes,    3671008 total
- age   2:    6068232 bytes,    9739240 total
: 99289K->12867K(109248K), 0,0204014 secs] 99289K->12867K(502464K), 0,0204948 secs] [Times: user=0,04 sys=0,00, real=0,02 secs] 
Heap after GC invocations=2 (full 0):
 par new generation   total 109248K, used 12867K [0x00000000e0000000, 0x00000000e8000000, 0x00000000e8000000)
  eden space 87424K,   0% used [0x00000000e0000000, 0x00000000e0000000, 0x00000000e5560000)
  from space 21824K,  58% used [0x00000000e5560000, 0x00000000e61f0d08, 0x00000000e6ab0000)
  to   space 21824K,   0% used [0x00000000e6ab0000, 0x00000000e6ab0000, 0x00000000e8000000)
 concurrent mark-sweep generation total 393216K, used 0K [0x00000000e8000000, 0x0000000100000000, 0x0000000100000000)
 Metaspace       used 20724K, capacity 21080K, committed 21248K, reserved 1069056K
  class space    used 2403K, capacity 2518K, committed 2560K, reserved 1048576K
}
2016-11-19T09:17:39.488+0100: 1,715: Total time for which application threads were stopped: 0,0207664 seconds, Stopping threads took: 0,0000355 seconds
2016-11-19T09:17:39.554+0100: 1,781: Total time for which application threads were stopped: 0,0001053 seconds, Stopping threads took: 0,0000263 seconds
2016-11-19T09:17:39.614+0100: 1,841: Total time for which application threads were stopped: 0,0000944 seconds, Stopping threads took: 0,0000243 seconds
2016-11-19T09:17:39.614+0100: 1,841: Total time for which application threads were stopped: 0,0002760 seconds, Stopping threads took: 0,0000113 seconds
2016-11-19T09:17:39.644+0100: 1,871: Total time for which application threads were stopped: 0,0000956 seconds, Stopping threads took: 0,0000246 seconds
2016-11-19T09:17:39.737+0100: 1,964: Total time for which application threads were stopped: 0,0001036 seconds, Stopping threads took: 0,0000233 seconds
2016-11-19T09:17:39.777+0100: 2,004: Total time for which application threads were stopped: 0,0001181 seconds, Stopping threads took: 0,0000494 seconds
2016-11-19T09:17:39.802+0100: 2,029: Total time for which application threads were stopped: 0,0002773 seconds, Stopping threads took: 0,0000226 seconds
2016-11-19T09:17:39.811+0100: 2,038: Total time for which application threads were stopped: 0,0002878 seconds, Stopping threads took: 0,0000207 seconds
2016-11-19T09:17:39.819+0100: 2,046: Total time for which application threads were stopped: 0,0001141 seconds, Stopping threads took: 0,0000372 seconds
2016-11-19T09:17:39.863+0100: 2,090: Total time for which application threads were stopped: 0,0001050 seconds, Stopping threads took: 0,0000230 seconds
2016-11-19T09:17:39.890+0100: 2,117: Total time for which application threads were stopped: 0,0000922 seconds, Stopping threads took: 0,0000173 seconds
2016-11-19T09:17:39.971+0100: 2,199: Total time for which application threads were stopped: 0,0001404 seconds, Stopping threads took: 0,0000489 seconds
2016-11-19T09:17:40.050+0100: 2,278: Total time for which application threads were stopped: 0,0001405 seconds, Stopping threads took: 0,0000352 seconds
2016-11-19T09:17:40.089+0100: 2,316: Total time for which application threads were stopped: 0,0001165 seconds, Stopping threads took: 0,0000269 seconds
2016-11-19T09:17:40.186+0100: 2,413: Total time for which application threads were stopped: 0,0001333 seconds, Stopping threads took: 0,0000406 seconds
2016-11-19T09:17:40.223+0100: 2,450: Total time for which application threads were stopped: 0,0051535 seconds, Stopping threads took: 0,0050668 seconds
{Heap before GC invocations=2 (full 0):
 par new generation   total 109248K, used 100291K [0x00000000e0000000, 0x00000000e8000000, 0x00000000e8000000)
  eden space 87424K, 100% used [0x00000000e0000000, 0x00000000e5560000, 0x00000000e5560000)
  from space 21824K,  58% used [0x00000000e5560000, 0x00000000e61f0d08, 0x00000000e6ab0000)
  to   space 21824K,   0% used [0x00000000e6ab0000, 0x00000000e6ab0000, 0x00000000e8000000)
 concurrent mark-sweep generation total 393216K, used 0K [0x00000000e8000000, 0x0000000100000000, 0x0000000100000000)
 Metaspace       used 24820K, capacity 25221K, committed 25536K, reserved 1071104K
  class space    used 2894K, capacity 3025K, committed 3144K, reserved 1048576K
2016-11-19T09:17:40.263+0100: 2,490: [GC (Allocation Failure) 2016-11-19T09:17:40.263+0100: 2,490: [ParNew
Desired survivor size 20112992 bytes, new threshold 8 (max 8)
- age   1:    4850928 bytes,    4850928 total
- age   2:     583040 bytes,    5433968 total
- age   3:    6041128 bytes,   11475096 total
: 100291K->14862K(109248K), 0,0275692 secs] 100291K->14862K(502464K), 0,0276654 secs] [Times: user=0,04 sys=0,00, real=0,03 secs] 
Heap after GC invocations=3 (full 0):
 par new generation   total 109248K, used 14862K [0x00000000e0000000, 0x00000000e8000000, 0x00000000e8000000)
  eden space 87424K,   0% used [0x00000000e0000000, 0x00000000e0000000, 0x00000000e5560000)
  from space 21824K,  68% used [0x00000000e6ab0000, 0x00000000e7933b38, 0x00000000e8000000)
  to   space 21824K,   0% used [0x00000000e5560000, 0x00000000e5560000, 0x00000000e6ab0000)
 concurrent mark-sweep generation total 393216K, used 0K [0x00000000e8000000, 0x0000000100000000, 0x0000000100000000)
 Metaspace       used 24820K, capacity 25221K, committed 25536K, reserved 1071104K
  class space    used 2894K, capacity 3025K, committed 3144K, reserved 1048576K
}
2016-11-19T09:17:40.290+0100: 2,518: Total time for which application threads were stopped: 0,0278879 seconds, Stopping threads took: 0,0000668 seconds
2016-11-19T09:17:40.291+0100: 2,518: [GC (CMS Initial Mark) [1 CMS-initial-mark: 0K(393216K)] 16504K(502464K), 0,0088261 secs] [Times: user=0,01 sys=0,00, real=0,01 secs] 
2016-11-19T09:17:40.300+0100: 2,527: Total time for which application threads were stopped: 0,0089650 seconds, Stopping threads took: 0,0000413 seconds
2016-11-19T09:17:40.300+0100: 2,527: [CMS-concurrent-mark-start]
2016-11-19T09:17:40.301+0100: 2,528: [CMS-concurrent-mark: 0,001/0,001 secs] [Times: user=0,00 sys=0,00, real=0,00 secs] 
2016-11-19T09:17:40.301+0100: 2,528: [CMS-concurrent-preclean-start]
2016-11-19T09:17:40.302+0100: 2,529: [CMS-concurrent-preclean: 0,001/0,001 secs] [Times: user=0,00 sys=0,00, real=0,00 secs] 
2016-11-19T09:17:40.302+0100: 2,529: [GC (CMS Final Remark) [YG occupancy: 16504 K (109248 K)]{Heap before GC invocations=3 (full 1):
 par new generation   total 109248K, used 16504K [0x00000000e0000000, 0x00000000e8000000, 0x00000000e8000000)
  eden space 87424K,   1% used [0x00000000e0000000, 0x00000000e019a818, 0x00000000e5560000)
  from space 21824K,  68% used [0x00000000e6ab0000, 0x00000000e7933b38, 0x00000000e8000000)
  to   space 21824K,   0% used [0x00000000e5560000, 0x00000000e5560000, 0x00000000e6ab0000)
 concurrent mark-sweep generation total 393216K, used 0K [0x00000000e8000000, 0x0000000100000000, 0x0000000100000000)
 Metaspace       used 24821K, capacity 25221K, committed 25536K, reserved 1071104K
  class space    used 2894K, capacity 3025K, committed 3144K, reserved 1048576K
2016-11-19T09:17:40.302+0100: 2,529: [GC (CMS Final Remark) 2016-11-19T09:17:40.302+0100: 2,529: [ParNew
Desired survivor size 20112992 bytes, new threshold 8 (max 8)
- age   1:     380312 bytes,     380312 total
- age   2:    4850824 bytes,    5231136 total
- age   3:     583040 bytes,    5814176 total
- age   4:    6040880 bytes,   11855056 total
: 16504K->15527K(109248K), 0,0492497 secs] 16504K->15527K(502464K), 0,0492990 secs] [Times: user=0,05 sys=0,00, real=0,05 secs] 
Heap after GC invocations=4 (full 1):
 par new generation   total 109248K, used 15527K [0x00000000e0000000, 0x00000000e8000000, 0x00000000e8000000)
  eden space 87424K,   0% used [0x00000000e0000000, 0x00000000e0000000, 0x00000000e5560000)
  from space 21824K,  71% used [0x00000000e5560000, 0x00000000e6489f30, 0x00000000e6ab0000)
  to   space 21824K,   0% used [0x00000000e6ab0000, 0x00000000e6ab0000, 0x00000000e8000000)
 concurrent mark-sweep generation total 393216K, used 0K [0x00000000e8000000, 0x0000000100000000, 0x0000000100000000)
 Metaspace       used 24821K, capacity 25221K, committed 25536K, reserved 1071104K
  class space    used 2894K, capacity 3025K, committed 3144K, reserved 1048576K
}
2016-11-19T09:17:40.352+0100: 2,579: [Rescan (parallel) , 0,0062562 secs]2016-11-19T09:17:40.358+0100: 2,585: [weak refs processing, 0,0033987 secs]2016-11-19T09:17:40.361+0100: 2,588: [class unloading, 0,0043499 secs]2016-11-19T09:17:40.366+0100: 2,593: [scrub symbol table, 0,0059644 secs]2016-11-19T09:17:40.372+0100: 2,599: [scrub string table, 0,0004571 secs][1 CMS-remark: 0K(393216K)] 15527K(502464K), 0,0704836 secs] [Times: user=0,08 sys=0,00, real=0,07 secs] 
2016-11-19T09:17:40.373+0100: 2,600: Total time for which application threads were stopped: 0,0705907 seconds, Stopping threads took: 0,0000272 seconds
2016-11-19T09:17:40.373+0100: 2,600: [CMS-concurrent-sweep-start]
2016-11-19T09:17:40.373+0100: 2,600: [CMS-concurrent-sweep: 0,000/0,000 secs] [Times: user=0,00 sys=0,00, real=0,00 secs] 
2016-11-19T09:17:40.373+0100: 2,600: [CMS-concurrent-reset-start]
2016-11-19T09:17:40.375+0100: 2,602: [CMS-concurrent-reset: 0,002/0,002 secs] [Times: user=0,00 sys=0,00, real=0,00 secs] 
2016-11-19T09:17:41.375+0100: 3,602: Total time for which application threads were stopped: 0,0001908 seconds, Stopping threads took: 0,0000403 seconds
2016-11-19T09:17:41.820+0100: 4,048: Total time for which application threads were stopped: 0,0003037 seconds, Stopping threads took: 0,0000179 seconds
2016-11-19T09:18:08.823+0100: 31,050: Total time for which application threads were stopped: 0,0000631 seconds, Stopping threads took: 0,0000161 seconds
2016-11-19T09:20:18.837+0100: 161,064: Total time for which application threads were stopped: 0,0001131 seconds, Stopping threads took: 0,0000481 seconds
2016-11-19T09:20:23.838+0100: 166,065: Total time for which application threads were stopped: 0,0000655 seconds, Stopping threads took: 0,0000183 seconds
2016-11-19T09:20:43.841+0100: 186,068: Total time for which application threads were stopped: 0,0000729 seconds, Stopping threads took: 0,0000311 seconds
2016-11-19T09:21:33.846+0100: 236,073: Total time for which application threads were stopped: 0,0000833 seconds, Stopping threads took: 0,0000361 seconds
2016-11-19T09:22:13.850+0100: 276,077: Total time for which application threads were stopped: 0,0000986 seconds, Stopping threads took: 0,0000363 seconds
2016-11-19T09:22:18.850+0100: 281,078: Total time for which application threads were stopped: 0,0002763 seconds, Stopping threads took: 0,0000791 seconds
2016-11-19T09:22:23.851+0100: 286,078: Total time for which application threads were stopped: 0,0001208 seconds, Stopping threads took: 0,0000298 seconds
2016-11-19T09:22:33.852+0100: 296,079: Total time for which application threads were stopped: 0,0000639 seconds, Stopping threads took: 0,0000184 seconds
2016-11-19T09:22:43.853+0100: 306,080: Total time for which application threads were stopped: 0,0000943 seconds, Stopping threads took: 0,0000385 seconds
2016-11-19T09:22:53.854+0100: 316,081: Total time for which application threads were stopped: 0,0000621 seconds, Stopping threads took: 0,0000154 seconds
2016-11-19T09:28:13.888+0100: 636,115: Total time for which application threads were stopped: 0,0000863 seconds, Stopping threads took: 0,0000346 seconds
2016-11-19T09:41:18.983+0100: 1421,210: Total time for which application threads were stopped: 0,0004444 seconds, Stopping threads took: 0,0001443 seconds
2016-11-19T09:45:59.017+0100: 1701,245: Total time for which application threads were stopped: 0,0000752 seconds, Stopping threads took: 0,0000320 seconds
2016-11-19T09:56:19.091+0100: 2321,318: Total time for which application threads were stopped: 0,0000764 seconds, Stopping threads took: 0,0000328 seconds
2016-11-19T09:58:49.109+0100: 2471,336: Total time for which application threads were stopped: 0,0000748 seconds, Stopping threads took: 0,0000324 seconds
2016-11-19T10:12:59.210+0100: 3321,437: Total time for which application threads were stopped: 0,0000778 seconds, Stopping threads took: 0,0000315 seconds
2016-11-19T10:21:54.272+0100: 3856,499: Total time for which application threads were stopped: 0,0000749 seconds, Stopping threads took: 0,0000293 seconds
2016-11-19T10:24:39.293+0100: 4021,520: Total time for which application threads were stopped: 0,0001125 seconds, Stopping threads took: 0,0000477 seconds
2016-11-19T11:05:44.558+0100: 6486,785: Total time for which application threads were stopped: 0,0000843 seconds, Stopping threads took: 0,0000347 seconds
2016-11-19T11:06:29.564+0100: 6531,791: Total time for which application threads were stopped: 0,0000924 seconds, Stopping threads took: 0,0000381 seconds
2016-11-19T11:10:34.590+0100: 6776,817: Total time for which application threads were stopped: 0,0000713 seconds, Stopping threads took: 0,0000299 seconds
2016-11-19T11:19:03.510+0100: 7285,738: Total time for which application threads were stopped: 0,0001467 seconds, Stopping threads took: 0,0000231 seconds
Heap
 par new generation   total 109248K, used 59535K [0x00000000e0000000, 0x00000000e8000000, 0x00000000e8000000)
  eden space 87424K,  50% used [0x00000000e0000000, 0x00000000e2af9fe0, 0x00000000e5560000)
  from space 21824K,  71% used [0x00000000e5560000, 0x00000000e6489f30, 0x00000000e6ab0000)
  to   space 21824K,   0% used [0x00000000e6ab0000, 0x00000000e6ab0000, 0x00000000e8000000)
 concurrent mark-sweep generation total 393216K, used 0K [0x00000000e8000000, 0x0000000100000000, 0x0000000100000000)
 Metaspace       used 27202K, capacity 27659K, committed 27976K, reserved 1073152K
  class space    used 3160K, capacity 3320K, committed 3400K, reserved 1048576K
