OpenJDK 64-Bit Server VM (25.121-b13) for linux-amd64 JRE (1.8.0_121-8u121-b13-0ubuntu1.16.04.2-b13), built on Jan 23 2017 15:51:29 by "buildd" with gcc 5.4.0 20160609
Memory: 4k page, physical 7867764k(7420092k free), swap 8076284k(8076284k free)
CommandLine flags: -XX:CMSInitiatingOccupancyFraction=50 -XX:CMSMaxAbortablePrecleanTime=6000 -XX:+CMSParallelRemarkEnabled -XX:+CMSScavengeBeforeRemark -XX:ConcGCThreads=4 -XX:InitialHeapSize=536870912 -XX:MaxHeapSize=536870912 -XX:MaxTenuringThreshold=8 -XX:NewRatio=3 -XX:OldPLABSize=16 -XX:OnOutOfMemoryError=/opt/solr/bin/oom_solr.sh 8983 /var/solr/logs -XX:ParallelGCThreads=4 -XX:+ParallelRefProcEnabled -XX:PretenureSizeThreshold=67108864 -XX:+PrintGC -XX:+PrintGCApplicationStoppedTime -XX:+PrintGCDateStamps -XX:+PrintGCDetails -XX:+PrintGCTimeStamps -XX:+PrintHeapAtGC -XX:+PrintTenuringDistribution -XX:SurvivorRatio=4 -XX:TargetSurvivorRatio=90 -XX:ThreadStackSize=256 -XX:+UseCMSInitiatingOccupancyOnly -XX:+UseCompressedClassPointers -XX:+UseCompressedOops -XX:+UseConcMarkSweepGC -XX:+UseParNewGC 
2017-04-18T05:23:33.779+0200: 0,165: Total time for which application threads were stopped: 0,0000745 seconds, Stopping threads took: 0,0000103 seconds
2017-04-18T05:23:33.874+0200: 0,260: Total time for which application threads were stopped: 0,0000833 seconds, Stopping threads took: 0,0000099 seconds
2017-04-18T05:23:33.892+0200: 0,278: Total time for which application threads were stopped: 0,0000897 seconds, Stopping threads took: 0,0000144 seconds
2017-04-18T05:23:34.314+0200: 0,700: Total time for which application threads were stopped: 0,0001449 seconds, Stopping threads took: 0,0000135 seconds
2017-04-18T05:23:34.768+0200: 1,154: Total time for which application threads were stopped: 0,0001255 seconds, Stopping threads took: 0,0000104 seconds
2017-04-18T05:23:34.850+0200: 1,236: Total time for which application threads were stopped: 0,0002114 seconds, Stopping threads took: 0,0000505 seconds
2017-04-18T05:23:34.911+0200: 1,297: Total time for which application threads were stopped: 0,0001800 seconds, Stopping threads took: 0,0000198 seconds
2017-04-18T05:23:35.224+0200: 1,610: Total time for which application threads were stopped: 0,0001853 seconds, Stopping threads took: 0,0000129 seconds
2017-04-18T05:23:35.471+0200: 1,857: Total time for which application threads were stopped: 0,0002011 seconds, Stopping threads took: 0,0000123 seconds
2017-04-18T05:23:35.490+0200: 1,876: Total time for which application threads were stopped: 0,0003085 seconds, Stopping threads took: 0,0000205 seconds
2017-04-18T05:23:35.516+0200: 1,902: Total time for which application threads were stopped: 0,0002383 seconds, Stopping threads took: 0,0000221 seconds
2017-04-18T05:23:35.517+0200: 1,903: Total time for which application threads were stopped: 0,0001998 seconds, Stopping threads took: 0,0000161 seconds
2017-04-18T05:23:35.531+0200: 1,917: Total time for which application threads were stopped: 0,0001891 seconds, Stopping threads took: 0,0000227 seconds
2017-04-18T05:23:35.608+0200: 1,994: Total time for which application threads were stopped: 0,0002429 seconds, Stopping threads took: 0,0000229 seconds
2017-04-18T05:23:35.777+0200: 2,163: Total time for which application threads were stopped: 0,0005127 seconds, Stopping threads took: 0,0002890 seconds
{Heap before GC invocations=0 (full 0):
 par new generation   total 109248K, used 87424K [0x00000000e0000000, 0x00000000e8000000, 0x00000000e8000000)
  eden space 87424K, 100% used [0x00000000e0000000, 0x00000000e5560000, 0x00000000e5560000)
  from space 21824K,   0% used [0x00000000e5560000, 0x00000000e5560000, 0x00000000e6ab0000)
  to   space 21824K,   0% used [0x00000000e6ab0000, 0x00000000e6ab0000, 0x00000000e8000000)
 concurrent mark-sweep generation total 393216K, used 0K [0x00000000e8000000, 0x0000000100000000, 0x0000000100000000)
 Metaspace       used 17821K, capacity 18176K, committed 18304K, reserved 1064960K
  class space    used 2024K, capacity 2164K, committed 2176K, reserved 1048576K
2017-04-18T05:23:35.816+0200: 2,202: [GC (Allocation Failure) 2017-04-18T05:23:35.816+0200: 2,202: [ParNew
Desired survivor size 20112992 bytes, new threshold 8 (max 8)
- age   1:   11591904 bytes,   11591904 total
: 87424K->11426K(109248K), 0,0167206 secs] 87424K->11426K(502464K), 0,0167970 secs] [Times: user=0,05 sys=0,01, real=0,02 secs] 
Heap after GC invocations=1 (full 0):
 par new generation   total 109248K, used 11426K [0x00000000e0000000, 0x00000000e8000000, 0x00000000e8000000)
  eden space 87424K,   0% used [0x00000000e0000000, 0x00000000e0000000, 0x00000000e5560000)
  from space 21824K,  52% used [0x00000000e6ab0000, 0x00000000e75d8a38, 0x00000000e8000000)
  to   space 21824K,   0% used [0x00000000e5560000, 0x00000000e5560000, 0x00000000e6ab0000)
 concurrent mark-sweep generation total 393216K, used 0K [0x00000000e8000000, 0x0000000100000000, 0x0000000100000000)
 Metaspace       used 17821K, capacity 18176K, committed 18304K, reserved 1064960K
  class space    used 2024K, capacity 2164K, committed 2176K, reserved 1048576K
}
2017-04-18T05:23:35.833+0200: 2,219: Total time for which application threads were stopped: 0,0170158 seconds, Stopping threads took: 0,0000574 seconds
2017-04-18T05:23:36.180+0200: 2,566: Total time for which application threads were stopped: 0,0003414 seconds, Stopping threads took: 0,0000285 seconds
{Heap before GC invocations=1 (full 0):
 par new generation   total 109248K, used 98850K [0x00000000e0000000, 0x00000000e8000000, 0x00000000e8000000)
  eden space 87424K, 100% used [0x00000000e0000000, 0x00000000e5560000, 0x00000000e5560000)
  from space 21824K,  52% used [0x00000000e6ab0000, 0x00000000e75d8a38, 0x00000000e8000000)
  to   space 21824K,   0% used [0x00000000e5560000, 0x00000000e5560000, 0x00000000e6ab0000)
 concurrent mark-sweep generation total 393216K, used 0K [0x00000000e8000000, 0x0000000100000000, 0x0000000100000000)
 Metaspace       used 20032K, capacity 20354K, committed 20736K, reserved 1067008K
  class space    used 2292K, capacity 2465K, committed 2560K, reserved 1048576K
2017-04-18T05:23:36.223+0200: 2,609: [GC (Allocation Failure) 2017-04-18T05:23:36.223+0200: 2,609: [ParNew
Desired survivor size 20112992 bytes, new threshold 8 (max 8)
- age   1:    4399320 bytes,    4399320 total
- age   2:    6165744 bytes,   10565064 total
: 98850K->14635K(109248K), 0,0178199 secs] 98850K->14635K(502464K), 0,0178934 secs] [Times: user=0,05 sys=0,01, real=0,01 secs] 
Heap after GC invocations=2 (full 0):
 par new generation   total 109248K, used 14635K [0x00000000e0000000, 0x00000000e8000000, 0x00000000e8000000)
  eden space 87424K,   0% used [0x00000000e0000000, 0x00000000e0000000, 0x00000000e5560000)
  from space 21824K,  67% used [0x00000000e5560000, 0x00000000e63aacc0, 0x00000000e6ab0000)
  to   space 21824K,   0% used [0x00000000e6ab0000, 0x00000000e6ab0000, 0x00000000e8000000)
 concurrent mark-sweep generation total 393216K, used 0K [0x00000000e8000000, 0x0000000100000000, 0x0000000100000000)
 Metaspace       used 20032K, capacity 20354K, committed 20736K, reserved 1067008K
  class space    used 2292K, capacity 2465K, committed 2560K, reserved 1048576K
}
2017-04-18T05:23:36.240+0200: 2,627: Total time for which application threads were stopped: 0,0193389 seconds, Stopping threads took: 0,0012971 seconds
2017-04-18T05:23:36.259+0200: 2,646: Total time for which application threads were stopped: 0,0004098 seconds, Stopping threads took: 0,0000267 seconds
2017-04-18T05:23:36.310+0200: 2,696: Total time for which application threads were stopped: 0,0004036 seconds, Stopping threads took: 0,0000419 seconds
2017-04-18T05:23:36.443+0200: 2,829: Total time for which application threads were stopped: 0,0001893 seconds, Stopping threads took: 0,0000702 seconds
{Heap before GC invocations=2 (full 0):
 par new generation   total 109248K, used 102059K [0x00000000e0000000, 0x00000000e8000000, 0x00000000e8000000)
  eden space 87424K, 100% used [0x00000000e0000000, 0x00000000e5560000, 0x00000000e5560000)
  from space 21824K,  67% used [0x00000000e5560000, 0x00000000e63aacc0, 0x00000000e6ab0000)
  to   space 21824K,   0% used [0x00000000e6ab0000, 0x00000000e6ab0000, 0x00000000e8000000)
 concurrent mark-sweep generation total 393216K, used 0K [0x00000000e8000000, 0x0000000100000000, 0x0000000100000000)
 Metaspace       used 20974K, capacity 21276K, committed 21628K, reserved 1069056K
  class space    used 2414K, capacity 2584K, committed 2684K, reserved 1048576K
2017-04-18T05:23:36.478+0200: 2,864: [GC (Allocation Failure) 2017-04-18T05:23:36.478+0200: 2,864: [ParNew
Desired survivor size 20112992 bytes, new threshold 8 (max 8)
- age   1:    2001544 bytes,    2001544 total
- age   2:    1327440 bytes,    3328984 total
- age   3:    6164000 bytes,    9492984 total
: 102059K->11396K(109248K), 0,0163566 secs] 102059K->11396K(502464K), 0,0164461 secs] [Times: user=0,06 sys=0,00, real=0,02 secs] 
Heap after GC invocations=3 (full 0):
 par new generation   total 109248K, used 11396K [0x00000000e0000000, 0x00000000e8000000, 0x00000000e8000000)
  eden space 87424K,   0% used [0x00000000e0000000, 0x00000000e0000000, 0x00000000e5560000)
  from space 21824K,  52% used [0x00000000e6ab0000, 0x00000000e75d1380, 0x00000000e8000000)
  to   space 21824K,   0% used [0x00000000e5560000, 0x00000000e5560000, 0x00000000e6ab0000)
 concurrent mark-sweep generation total 393216K, used 0K [0x00000000e8000000, 0x0000000100000000, 0x0000000100000000)
 Metaspace       used 20974K, capacity 21276K, committed 21628K, reserved 1069056K
  class space    used 2414K, capacity 2584K, committed 2684K, reserved 1048576K
}
2017-04-18T05:23:36.494+0200: 2,880: Total time for which application threads were stopped: 0,0166521 seconds, Stopping threads took: 0,0000531 seconds
2017-04-18T05:23:36.495+0200: 2,881: [GC (CMS Initial Mark) [1 CMS-initial-mark: 0K(393216K)] 12106K(502464K), 0,0046964 secs] [Times: user=0,01 sys=0,00, real=0,00 secs] 
2017-04-18T05:23:36.499+0200: 2,885: Total time for which application threads were stopped: 0,0048486 seconds, Stopping threads took: 0,0000523 seconds
2017-04-18T05:23:36.499+0200: 2,885: [CMS-concurrent-mark-start]
2017-04-18T05:23:36.514+0200: 2,901: [CMS-concurrent-mark: 0,015/0,015 secs] [Times: user=0,06 sys=0,00, real=0,02 secs] 
2017-04-18T05:23:36.514+0200: 2,901: [CMS-concurrent-preclean-start]
2017-04-18T05:23:36.516+0200: 2,902: [CMS-concurrent-preclean: 0,001/0,001 secs] [Times: user=0,01 sys=0,00, real=0,00 secs] 
2017-04-18T05:23:36.516+0200: 2,902: [CMS-concurrent-abortable-preclean-start]
2017-04-18T05:23:36.566+0200: 2,952: Total time for which application threads were stopped: 0,0001061 seconds, Stopping threads took: 0,0000188 seconds
{Heap before GC invocations=3 (full 1):
 par new generation   total 109248K, used 98820K [0x00000000e0000000, 0x00000000e8000000, 0x00000000e8000000)
  eden space 87424K, 100% used [0x00000000e0000000, 0x00000000e5560000, 0x00000000e5560000)
  from space 21824K,  52% used [0x00000000e6ab0000, 0x00000000e75d1380, 0x00000000e8000000)
  to   space 21824K,   0% used [0x00000000e5560000, 0x00000000e5560000, 0x00000000e6ab0000)
 concurrent mark-sweep generation total 393216K, used 0K [0x00000000e8000000, 0x0000000100000000, 0x0000000100000000)
 Metaspace       used 21262K, capacity 21612K, committed 21884K, reserved 1069056K
  class space    used 2445K, capacity 2599K, committed 2684K, reserved 1048576K
2017-04-18T05:23:36.605+0200: 2,991: [GC (Allocation Failure) 2017-04-18T05:23:36.605+0200: 2,991: [ParNew
Desired survivor size 20112992 bytes, new threshold 8 (max 8)
- age   1:    1075696 bytes,    1075696 total
- age   2:    1480576 bytes,    2556272 total
- age   3:    1302392 bytes,    3858664 total
- age   4:    6164304 bytes,   10022968 total
: 98820K->12566K(109248K), 0,0101139 secs] 98820K->12566K(502464K), 0,0101803 secs] [Times: user=0,03 sys=0,00, real=0,01 secs] 
Heap after GC invocations=4 (full 1):
 par new generation   total 109248K, used 12566K [0x00000000e0000000, 0x00000000e8000000, 0x00000000e8000000)
  eden space 87424K,   0% used [0x00000000e0000000, 0x00000000e0000000, 0x00000000e5560000)
  from space 21824K,  57% used [0x00000000e5560000, 0x00000000e61a5900, 0x00000000e6ab0000)
  to   space 21824K,   0% used [0x00000000e6ab0000, 0x00000000e6ab0000, 0x00000000e8000000)
 concurrent mark-sweep generation total 393216K, used 0K [0x00000000e8000000, 0x0000000100000000, 0x0000000100000000)
 Metaspace       used 21262K, capacity 21612K, committed 21884K, reserved 1069056K
  class space    used 2445K, capacity 2599K, committed 2684K, reserved 1048576K
}
2017-04-18T05:23:36.615+0200: 3,001: Total time for which application threads were stopped: 0,0103862 seconds, Stopping threads took: 0,0000481 seconds
{Heap before GC invocations=4 (full 1):
 par new generation   total 109248K, used 99990K [0x00000000e0000000, 0x00000000e8000000, 0x00000000e8000000)
  eden space 87424K, 100% used [0x00000000e0000000, 0x00000000e5560000, 0x00000000e5560000)
  from space 21824K,  57% used [0x00000000e5560000, 0x00000000e61a5900, 0x00000000e6ab0000)
  to   space 21824K,   0% used [0x00000000e6ab0000, 0x00000000e6ab0000, 0x00000000e8000000)
 concurrent mark-sweep generation total 393216K, used 0K [0x00000000e8000000, 0x0000000100000000, 0x0000000100000000)
 Metaspace       used 21415K, capacity 21782K, committed 21884K, reserved 1069056K
  class space    used 2465K, capacity 2633K, committed 2684K, reserved 1048576K
2017-04-18T05:23:36.709+0200: 3,096: [GC (Allocation Failure) 2017-04-18T05:23:36.709+0200: 3,096: [ParNew
Desired survivor size 20112992 bytes, new threshold 8 (max 8)
- age   1:     519624 bytes,     519624 total
- age   2:     182144 bytes,     701768 total
- age   3:    1480480 bytes,    2182248 total
- age   4:    1300312 bytes,    3482560 total
- age   5:    6164096 bytes,    9646656 total
: 99990K->14152K(109248K), 0,0095913 secs] 99990K->14152K(502464K), 0,0096609 secs] [Times: user=0,04 sys=0,00, real=0,01 secs] 
Heap after GC invocations=5 (full 1):
 par new generation   total 109248K, used 14152K [0x00000000e0000000, 0x00000000e8000000, 0x00000000e8000000)
  eden space 87424K,   0% used [0x00000000e0000000, 0x00000000e0000000, 0x00000000e5560000)
  from space 21824K,  64% used [0x00000000e6ab0000, 0x00000000e7882320, 0x00000000e8000000)
  to   space 21824K,   0% used [0x00000000e5560000, 0x00000000e5560000, 0x00000000e6ab0000)
 concurrent mark-sweep generation total 393216K, used 0K [0x00000000e8000000, 0x0000000100000000, 0x0000000100000000)
 Metaspace       used 21415K, capacity 21782K, committed 21884K, reserved 1069056K
  class space    used 2465K, capacity 2633K, committed 2684K, reserved 1048576K
}
2017-04-18T05:23:36.719+0200: 3,105: Total time for which application threads were stopped: 0,0101469 seconds, Stopping threads took: 0,0003584 seconds
2017-04-18T05:23:36.742+0200: 3,129: Total time for which application threads were stopped: 0,0012917 seconds, Stopping threads took: 0,0012081 seconds
2017-04-18T05:23:36.742+0200: 3,129: [CMS-concurrent-abortable-preclean: 0,164/0,227 secs] [Times: user=0,85 sys=0,01, real=0,23 secs] 
2017-04-18T05:23:36.750+0200: 3,137: [GC (CMS Final Remark) [YG occupancy: 35000 K (109248 K)]{Heap before GC invocations=5 (full 1):
 par new generation   total 109248K, used 35000K [0x00000000e0000000, 0x00000000e8000000, 0x00000000e8000000)
  eden space 87424K,  23% used [0x00000000e0000000, 0x00000000e145c080, 0x00000000e5560000)
  from space 21824K,  64% used [0x00000000e6ab0000, 0x00000000e7882320, 0x00000000e8000000)
  to   space 21824K,   0% used [0x00000000e5560000, 0x00000000e5560000, 0x00000000e6ab0000)
 concurrent mark-sweep generation total 393216K, used 0K [0x00000000e8000000, 0x0000000100000000, 0x0000000100000000)
 Metaspace       used 21563K, capacity 21922K, committed 22216K, reserved 1069056K
  class space    used 2484K, capacity 2635K, committed 2684K, reserved 1048576K
2017-04-18T05:23:36.750+0200: 3,137: [GC (CMS Final Remark) 2017-04-18T05:23:36.750+0200: 3,137: [ParNew
Desired survivor size 20112992 bytes, new threshold 8 (max 8)
- age   1:     201384 bytes,     201384 total
- age   2:     121928 bytes,     323312 total
- age   3:     181256 bytes,     504568 total
- age   4:     306440 bytes,     811008 total
- age   5:    1300280 bytes,    2111288 total
- age   6:    6164168 bytes,    8275456 total
: 35000K->10606K(109248K), 0,0086073 secs] 35000K->10606K(502464K), 0,0086526 secs] [Times: user=0,03 sys=0,00, real=0,00 secs] 
Heap after GC invocations=6 (full 1):
 par new generation   total 109248K, used 10606K [0x00000000e0000000, 0x00000000e8000000, 0x00000000e8000000)
  eden space 87424K,   0% used [0x00000000e0000000, 0x00000000e0000000, 0x00000000e5560000)
  from space 21824K,  48% used [0x00000000e5560000, 0x00000000e5fbb928, 0x00000000e6ab0000)
  to   space 21824K,   0% used [0x00000000e6ab0000, 0x00000000e6ab0000, 0x00000000e8000000)
 concurrent mark-sweep generation total 393216K, used 0K [0x00000000e8000000, 0x0000000100000000, 0x0000000100000000)
 Metaspace       used 21563K, capacity 21922K, committed 22216K, reserved 1069056K
  class space    used 2484K, capacity 2635K, committed 2684K, reserved 1048576K
}
2017-04-18T05:23:36.759+0200: 3,145: [Rescan (parallel) , 0,0030725 secs]2017-04-18T05:23:36.762+0200: 3,148: [weak refs processing, 0,0007960 secs]2017-04-18T05:23:36.763+0200: 3,149: [class unloading, 0,0030382 secs]2017-04-18T05:23:36.766+0200: 3,152: [scrub symbol table, 0,0027003 secs]2017-04-18T05:23:36.769+0200: 3,155: [scrub string table, 0,0004733 secs][1 CMS-remark: 0K(393216K)] 10606K(502464K), 0,0194670 secs] [Times: user=0,04 sys=0,01, real=0,01 secs] 
2017-04-18T05:23:36.770+0200: 3,156: Total time for which application threads were stopped: 0,0196077 seconds, Stopping threads took: 0,0000606 seconds
2017-04-18T05:23:36.770+0200: 3,156: [CMS-concurrent-sweep-start]
2017-04-18T05:23:36.770+0200: 3,156: [CMS-concurrent-sweep: 0,000/0,000 secs] [Times: user=0,00 sys=0,00, real=0,00 secs] 
2017-04-18T05:23:36.770+0200: 3,156: [CMS-concurrent-reset-start]
2017-04-18T05:23:36.772+0200: 3,158: [CMS-concurrent-reset: 0,002/0,002 secs] [Times: user=0,00 sys=0,00, real=0,01 secs] 
2017-04-18T05:23:36.780+0200: 3,166: Total time for which application threads were stopped: 0,0002926 seconds, Stopping threads took: 0,0000133 seconds
2017-04-18T05:23:36.963+0200: 3,349: Total time for which application threads were stopped: 0,0020630 seconds, Stopping threads took: 0,0015906 seconds
2017-04-18T05:23:37.006+0200: 3,392: Total time for which application threads were stopped: 0,0004464 seconds, Stopping threads took: 0,0000354 seconds
2017-04-18T05:23:37.026+0200: 3,412: Total time for which application threads were stopped: 0,0004269 seconds, Stopping threads took: 0,0000374 seconds
{Heap before GC invocations=6 (full 1):
 par new generation   total 109248K, used 98030K [0x00000000e0000000, 0x00000000e8000000, 0x00000000e8000000)
  eden space 87424K, 100% used [0x00000000e0000000, 0x00000000e5560000, 0x00000000e5560000)
  from space 21824K,  48% used [0x00000000e5560000, 0x00000000e5fbb928, 0x00000000e6ab0000)
  to   space 21824K,   0% used [0x00000000e6ab0000, 0x00000000e6ab0000, 0x00000000e8000000)
 concurrent mark-sweep generation total 393216K, used 0K [0x00000000e8000000, 0x0000000100000000, 0x0000000100000000)
 Metaspace       used 23760K, capacity 24224K, committed 24572K, reserved 1071104K
  class space    used 2791K, capacity 2976K, committed 3068K, reserved 1048576K
2017-04-18T05:23:37.186+0200: 3,572: [GC (Allocation Failure) 2017-04-18T05:23:37.186+0200: 3,572: [ParNew
Desired survivor size 20112992 bytes, new threshold 8 (max 8)
- age   1:    5140104 bytes,    5140104 total
- age   2:     103864 bytes,    5243968 total
- age   3:     121800 bytes,    5365768 total
- age   4:     180680 bytes,    5546448 total
- age   5:     302968 bytes,    5849416 total
- age   6:    1275896 bytes,    7125312 total
- age   7:    6155936 bytes,   13281248 total
: 98030K->15783K(109248K), 0,0161647 secs] 98030K->15783K(502464K), 0,0162621 secs] [Times: user=0,06 sys=0,00, real=0,02 secs] 
Heap after GC invocations=7 (full 1):
 par new generation   total 109248K, used 15783K [0x00000000e0000000, 0x00000000e8000000, 0x00000000e8000000)
  eden space 87424K,   0% used [0x00000000e0000000, 0x00000000e0000000, 0x00000000e5560000)
  from space 21824K,  72% used [0x00000000e6ab0000, 0x00000000e7a19e88, 0x00000000e8000000)
  to   space 21824K,   0% used [0x00000000e5560000, 0x00000000e5560000, 0x00000000e6ab0000)
 concurrent mark-sweep generation total 393216K, used 0K [0x00000000e8000000, 0x0000000100000000, 0x0000000100000000)
 Metaspace       used 23760K, capacity 24224K, committed 24572K, reserved 1071104K
  class space    used 2791K, capacity 2976K, committed 3068K, reserved 1048576K
}
2017-04-18T05:23:37.203+0200: 3,589: Total time for which application threads were stopped: 0,0165398 seconds, Stopping threads took: 0,0000377 seconds
{Heap before GC invocations=7 (full 1):
 par new generation   total 109248K, used 103207K [0x00000000e0000000, 0x00000000e8000000, 0x00000000e8000000)
  eden space 87424K, 100% used [0x00000000e0000000, 0x00000000e5560000, 0x00000000e5560000)
  from space 21824K,  72% used [0x00000000e6ab0000, 0x00000000e7a19e88, 0x00000000e8000000)
  to   space 21824K,   0% used [0x00000000e5560000, 0x00000000e5560000, 0x00000000e6ab0000)
 concurrent mark-sweep generation total 393216K, used 0K [0x00000000e8000000, 0x0000000100000000, 0x0000000100000000)
 Metaspace       used 24421K, capacity 24886K, committed 25084K, reserved 1071104K
  class space    used 2860K, capacity 3044K, committed 3068K, reserved 1048576K
2017-04-18T05:23:37.322+0200: 3,708: [GC (Allocation Failure) 2017-04-18T05:23:37.322+0200: 3,709: [ParNew
Desired survivor size 20112992 bytes, new threshold 8 (max 8)
- age   1:    2178552 bytes,    2178552 total
- age   2:    1798920 bytes,    3977472 total
- age   3:      47984 bytes,    4025456 total
- age   4:      57672 bytes,    4083128 total
- age   5:     106288 bytes,    4189416 total
- age   6:     206328 bytes,    4395744 total
- age   7:    1017488 bytes,    5413232 total
- age   8:    5839160 bytes,   11252392 total
: 103207K->18864K(109248K), 0,0138369 secs] 103207K->18864K(502464K), 0,0139454 secs] [Times: user=0,04 sys=0,00, real=0,02 secs] 
Heap after GC invocations=8 (full 1):
 par new generation   total 109248K, used 18864K [0x00000000e0000000, 0x00000000e8000000, 0x00000000e8000000)
  eden space 87424K,   0% used [0x00000000e0000000, 0x00000000e0000000, 0x00000000e5560000)
  from space 21824K,  86% used [0x00000000e5560000, 0x00000000e67cc208, 0x00000000e6ab0000)
  to   space 21824K,   0% used [0x00000000e6ab0000, 0x00000000e6ab0000, 0x00000000e8000000)
 concurrent mark-sweep generation total 393216K, used 0K [0x00000000e8000000, 0x0000000100000000, 0x0000000100000000)
 Metaspace       used 24421K, capacity 24886K, committed 25084K, reserved 1071104K
  class space    used 2860K, capacity 3044K, committed 3068K, reserved 1048576K
}
2017-04-18T05:23:37.336+0200: 3,722: Total time for which application threads were stopped: 0,0184366 seconds, Stopping threads took: 0,0042851 seconds
{Heap before GC invocations=8 (full 1):
 par new generation   total 109248K, used 106288K [0x00000000e0000000, 0x00000000e8000000, 0x00000000e8000000)
  eden space 87424K, 100% used [0x00000000e0000000, 0x00000000e5560000, 0x00000000e5560000)
  from space 21824K,  86% used [0x00000000e5560000, 0x00000000e67cc208, 0x00000000e6ab0000)
  to   space 21824K,   0% used [0x00000000e6ab0000, 0x00000000e6ab0000, 0x00000000e8000000)
 concurrent mark-sweep generation total 393216K, used 0K [0x00000000e8000000, 0x0000000100000000, 0x0000000100000000)
 Metaspace       used 24806K, capacity 25248K, committed 25468K, reserved 1071104K
  class space    used 2894K, capacity 3078K, committed 3196K, reserved 1048576K
2017-04-18T05:23:37.455+0200: 3,841: [GC (Allocation Failure) 2017-04-18T05:23:37.455+0200: 3,841: [ParNew
Desired survivor size 20112992 bytes, new threshold 8 (max 8)
- age   1:     934272 bytes,     934272 total
- age   2:     635536 bytes,    1569808 total
- age   3:    1772384 bytes,    3342192 total
- age   4:      47952 bytes,    3390144 total
- age   5:      57672 bytes,    3447816 total
- age   6:     106160 bytes,    3553976 total
- age   7:     203592 bytes,    3757568 total
- age   8:    1016688 bytes,    4774256 total
: 106288K->8163K(109248K), 0,0325269 secs] 106288K->13947K(502464K), 0,0326133 secs] [Times: user=0,09 sys=0,00, real=0,03 secs] 
Heap after GC invocations=9 (full 1):
 par new generation   total 109248K, used 8163K [0x00000000e0000000, 0x00000000e8000000, 0x00000000e8000000)
  eden space 87424K,   0% used [0x00000000e0000000, 0x00000000e0000000, 0x00000000e5560000)
  from space 21824K,  37% used [0x00000000e6ab0000, 0x00000000e72a8c60, 0x00000000e8000000)
  to   space 21824K,   0% used [0x00000000e5560000, 0x00000000e5560000, 0x00000000e6ab0000)
 concurrent mark-sweep generation total 393216K, used 5784K [0x00000000e8000000, 0x0000000100000000, 0x0000000100000000)
 Metaspace       used 24806K, capacity 25248K, committed 25468K, reserved 1071104K
  class space    used 2894K, capacity 3078K, committed 3196K, reserved 1048576K
}
2017-04-18T05:23:37.487+0200: 3,874: Total time for which application threads were stopped: 0,0390192 seconds, Stopping threads took: 0,0061678 seconds
2017-04-18T05:23:37.667+0200: 4,053: Total time for which application threads were stopped: 0,0041410 seconds, Stopping threads took: 0,0037715 seconds
2017-04-18T05:23:37.668+0200: 4,055: Total time for which application threads were stopped: 0,0001037 seconds, Stopping threads took: 0,0000221 seconds
2017-04-18T05:23:37.669+0200: 4,055: Total time for which application threads were stopped: 0,0000734 seconds, Stopping threads took: 0,0000134 seconds
2017-04-18T05:23:37.670+0200: 4,056: Total time for which application threads were stopped: 0,0000794 seconds, Stopping threads took: 0,0000161 seconds
2017-04-18T05:23:37.670+0200: 4,056: Total time for which application threads were stopped: 0,0000573 seconds, Stopping threads took: 0,0000103 seconds
2017-04-18T05:23:37.670+0200: 4,056: Total time for which application threads were stopped: 0,0000834 seconds, Stopping threads took: 0,0000137 seconds
2017-04-18T05:23:37.673+0200: 4,059: Total time for which application threads were stopped: 0,0000879 seconds, Stopping threads took: 0,0000246 seconds
2017-04-18T05:23:37.675+0200: 4,061: Total time for which application threads were stopped: 0,0001149 seconds, Stopping threads took: 0,0000379 seconds
2017-04-18T05:23:37.675+0200: 4,061: Total time for which application threads were stopped: 0,0000871 seconds, Stopping threads took: 0,0000359 seconds
2017-04-18T05:23:37.676+0200: 4,062: Total time for which application threads were stopped: 0,0000816 seconds, Stopping threads took: 0,0000162 seconds
2017-04-18T05:23:37.679+0200: 4,065: Total time for which application threads were stopped: 0,0001038 seconds, Stopping threads took: 0,0000199 seconds
2017-04-18T05:23:37.680+0200: 4,066: Total time for which application threads were stopped: 0,0001254 seconds, Stopping threads took: 0,0000285 seconds
2017-04-18T05:23:37.681+0200: 4,067: Total time for which application threads were stopped: 0,0001253 seconds, Stopping threads took: 0,0000321 seconds
2017-04-18T05:23:37.683+0200: 4,069: Total time for which application threads were stopped: 0,0001105 seconds, Stopping threads took: 0,0000190 seconds
2017-04-18T05:23:37.684+0200: 4,070: Total time for which application threads were stopped: 0,0000814 seconds, Stopping threads took: 0,0000111 seconds
2017-04-18T05:23:37.688+0200: 4,074: Total time for which application threads were stopped: 0,0001161 seconds, Stopping threads took: 0,0000384 seconds
2017-04-18T05:23:37.691+0200: 4,077: Total time for which application threads were stopped: 0,0000973 seconds, Stopping threads took: 0,0000182 seconds
2017-04-18T05:23:37.692+0200: 4,078: Total time for which application threads were stopped: 0,0001417 seconds, Stopping threads took: 0,0000697 seconds
2017-04-18T05:23:37.692+0200: 4,078: Total time for which application threads were stopped: 0,0000886 seconds, Stopping threads took: 0,0000405 seconds
2017-04-18T05:23:37.697+0200: 4,083: Total time for which application threads were stopped: 0,0000925 seconds, Stopping threads took: 0,0000189 seconds
2017-04-18T05:23:37.701+0200: 4,087: Total time for which application threads were stopped: 0,0000833 seconds, Stopping threads took: 0,0000185 seconds
2017-04-18T05:23:37.702+0200: 4,088: Total time for which application threads were stopped: 0,0000615 seconds, Stopping threads took: 0,0000111 seconds
2017-04-18T05:23:37.702+0200: 4,088: Total time for which application threads were stopped: 0,0000440 seconds, Stopping threads took: 0,0000107 seconds
2017-04-18T05:23:37.703+0200: 4,089: Total time for which application threads were stopped: 0,0000629 seconds, Stopping threads took: 0,0000121 seconds
2017-04-18T05:23:37.703+0200: 4,089: Total time for which application threads were stopped: 0,0001418 seconds, Stopping threads took: 0,0000268 seconds
2017-04-18T05:23:37.703+0200: 4,089: Total time for which application threads were stopped: 0,0000562 seconds, Stopping threads took: 0,0000195 seconds
2017-04-18T05:23:37.703+0200: 4,089: Total time for which application threads were stopped: 0,0000477 seconds, Stopping threads took: 0,0000089 seconds
2017-04-18T05:23:37.704+0200: 4,090: Total time for which application threads were stopped: 0,0000583 seconds, Stopping threads took: 0,0000121 seconds
2017-04-18T05:23:37.706+0200: 4,092: Total time for which application threads were stopped: 0,0001427 seconds, Stopping threads took: 0,0000699 seconds
2017-04-18T05:23:37.709+0200: 4,095: Total time for which application threads were stopped: 0,0001484 seconds, Stopping threads took: 0,0000471 seconds
2017-04-18T05:23:37.713+0200: 4,099: Total time for which application threads were stopped: 0,0016508 seconds, Stopping threads took: 0,0015791 seconds
2017-04-18T05:23:37.714+0200: 4,100: Total time for which application threads were stopped: 0,0001367 seconds, Stopping threads took: 0,0000580 seconds
2017-04-18T05:23:37.715+0200: 4,101: Total time for which application threads were stopped: 0,0001019 seconds, Stopping threads took: 0,0000532 seconds
2017-04-18T05:23:37.715+0200: 4,101: Total time for which application threads were stopped: 0,0000778 seconds, Stopping threads took: 0,0000196 seconds
2017-04-18T05:23:37.717+0200: 4,103: Total time for which application threads were stopped: 0,0000870 seconds, Stopping threads took: 0,0000278 seconds
2017-04-18T05:23:37.717+0200: 4,103: Total time for which application threads were stopped: 0,0000682 seconds, Stopping threads took: 0,0000277 seconds
2017-04-18T05:23:37.717+0200: 4,104: Total time for which application threads were stopped: 0,0000671 seconds, Stopping threads took: 0,0000248 seconds
2017-04-18T05:23:37.722+0200: 4,108: Total time for which application threads were stopped: 0,0003046 seconds, Stopping threads took: 0,0002281 seconds
2017-04-18T05:23:37.729+0200: 4,116: Total time for which application threads were stopped: 0,0001137 seconds, Stopping threads took: 0,0000352 seconds
2017-04-18T05:23:37.736+0200: 4,122: Total time for which application threads were stopped: 0,0001354 seconds, Stopping threads took: 0,0000588 seconds
2017-04-18T05:23:37.738+0200: 4,124: Total time for which application threads were stopped: 0,0001301 seconds, Stopping threads took: 0,0000591 seconds
2017-04-18T05:23:37.739+0200: 4,125: Total time for which application threads were stopped: 0,0000935 seconds, Stopping threads took: 0,0000427 seconds
2017-04-18T05:23:37.739+0200: 4,125: Total time for which application threads were stopped: 0,0000818 seconds, Stopping threads took: 0,0000303 seconds
2017-04-18T05:23:37.746+0200: 4,133: Total time for which application threads were stopped: 0,0030976 seconds, Stopping threads took: 0,0030367 seconds
2017-04-18T05:23:37.751+0200: 4,137: Total time for which application threads were stopped: 0,0001328 seconds, Stopping threads took: 0,0000452 seconds
2017-04-18T05:23:37.752+0200: 4,138: Total time for which application threads were stopped: 0,0002002 seconds, Stopping threads took: 0,0000342 seconds
2017-04-18T05:23:37.760+0200: 4,146: Total time for which application threads were stopped: 0,0003754 seconds, Stopping threads took: 0,0000209 seconds
2017-04-18T05:23:37.775+0200: 4,161: Total time for which application threads were stopped: 0,0003967 seconds, Stopping threads took: 0,0000254 seconds
2017-04-18T05:23:37.817+0200: 4,203: Total time for which application threads were stopped: 0,0004031 seconds, Stopping threads took: 0,0000321 seconds
2017-04-18T05:23:37.818+0200: 4,205: Total time for which application threads were stopped: 0,0001050 seconds, Stopping threads took: 0,0000345 seconds
2017-04-18T05:23:37.823+0200: 4,209: Total time for which application threads were stopped: 0,0000990 seconds, Stopping threads took: 0,0000344 seconds
2017-04-18T05:23:37.823+0200: 4,209: Total time for which application threads were stopped: 0,0000629 seconds, Stopping threads took: 0,0000125 seconds
2017-04-18T05:23:37.832+0200: 4,219: Total time for which application threads were stopped: 0,0000749 seconds, Stopping threads took: 0,0000217 seconds
2017-04-18T05:23:37.848+0200: 4,234: Total time for which application threads were stopped: 0,0001183 seconds, Stopping threads took: 0,0000279 seconds
2017-04-18T05:23:37.851+0200: 4,237: Total time for which application threads were stopped: 0,0001517 seconds, Stopping threads took: 0,0000580 seconds
2017-04-18T05:23:37.856+0200: 4,242: Total time for which application threads were stopped: 0,0005346 seconds, Stopping threads took: 0,0004608 seconds
2017-04-18T05:23:37.876+0200: 4,262: Total time for which application threads were stopped: 0,0001836 seconds, Stopping threads took: 0,0000788 seconds
2017-04-18T05:23:37.885+0200: 4,272: Total time for which application threads were stopped: 0,0008322 seconds, Stopping threads took: 0,0007154 seconds
2017-04-18T05:23:37.906+0200: 4,293: Total time for which application threads were stopped: 0,0027484 seconds, Stopping threads took: 0,0026682 seconds
2017-04-18T05:23:37.940+0200: 4,326: Total time for which application threads were stopped: 0,0001181 seconds, Stopping threads took: 0,0000333 seconds
2017-04-18T05:23:37.941+0200: 4,327: Total time for which application threads were stopped: 0,0004220 seconds, Stopping threads took: 0,0000163 seconds
2017-04-18T05:23:37.941+0200: 4,327: Total time for which application threads were stopped: 0,0001002 seconds, Stopping threads took: 0,0000286 seconds
2017-04-18T05:23:38.942+0200: 5,328: Total time for which application threads were stopped: 0,0001068 seconds, Stopping threads took: 0,0000177 seconds
2017-04-18T05:23:40.942+0200: 7,328: Total time for which application threads were stopped: 0,0000606 seconds, Stopping threads took: 0,0000162 seconds
2017-04-18T05:25:00.954+0200: 87,340: Total time for which application threads were stopped: 0,0000721 seconds, Stopping threads took: 0,0000187 seconds
2017-04-18T05:25:40.960+0200: 127,346: Total time for which application threads were stopped: 0,0001010 seconds, Stopping threads took: 0,0000379 seconds
2017-04-18T05:25:45.961+0200: 132,347: Total time for which application threads were stopped: 0,0001350 seconds, Stopping threads took: 0,0000327 seconds
2017-04-18T05:28:10.984+0200: 277,370: Total time for which application threads were stopped: 0,0000914 seconds, Stopping threads took: 0,0000334 seconds
2017-04-18T05:47:05.172+0200: 1411,558: Total time for which application threads were stopped: 0,0001004 seconds, Stopping threads took: 0,0000368 seconds
2017-04-18T05:52:05.224+0200: 1711,610: Total time for which application threads were stopped: 0,0001623 seconds, Stopping threads took: 0,0000577 seconds
2017-04-18T06:02:05.323+0200: 2311,709: Total time for which application threads were stopped: 0,0000876 seconds, Stopping threads took: 0,0000325 seconds
2017-04-18T06:02:06.323+0200: 2312,709: Total time for which application threads were stopped: 0,0001619 seconds, Stopping threads took: 0,0000576 seconds
2017-04-18T06:17:11.475+0200: 3217,861: Total time for which application threads were stopped: 0,0001614 seconds, Stopping threads took: 0,0000604 seconds
2017-04-18T06:26:55.568+0200: 3801,955: Total time for which application threads were stopped: 0,0001676 seconds, Stopping threads took: 0,0000637 seconds
2017-04-18T06:27:00.569+0200: 3806,955: Total time for which application threads were stopped: 0,0000715 seconds, Stopping threads took: 0,0000163 seconds
2017-04-18T06:42:26.721+0200: 4733,107: Total time for which application threads were stopped: 0,0000897 seconds, Stopping threads took: 0,0000354 seconds
2017-04-18T06:43:51.735+0200: 4818,121: Total time for which application threads were stopped: 0,0001218 seconds, Stopping threads took: 0,0000453 seconds
2017-04-18T06:44:35.742+0200: 4862,128: Total time for which application threads were stopped: 0,0001589 seconds, Stopping threads took: 0,0000575 seconds
2017-04-18T06:59:05.883+0200: 5732,269: Total time for which application threads were stopped: 0,0001625 seconds, Stopping threads took: 0,0000587 seconds
2017-04-18T07:23:06.119+0200: 7172,505: Total time for which application threads were stopped: 0,0001652 seconds, Stopping threads took: 0,0000616 seconds
2017-04-18T07:25:36.143+0200: 7322,529: Total time for which application threads were stopped: 0,0001411 seconds, Stopping threads took: 0,0000504 seconds
2017-04-18T07:26:36.152+0200: 7382,538: Total time for which application threads were stopped: 0,0001392 seconds, Stopping threads took: 0,0000543 seconds
2017-04-18T07:27:31.161+0200: 7437,547: Total time for which application threads were stopped: 0,0001128 seconds, Stopping threads took: 0,0000361 seconds
{Heap before GC invocations=9 (full 1):
 par new generation   total 109248K, used 95587K [0x00000000e0000000, 0x00000000e8000000, 0x00000000e8000000)
  eden space 87424K, 100% used [0x00000000e0000000, 0x00000000e5560000, 0x00000000e5560000)
  from space 21824K,  37% used [0x00000000e6ab0000, 0x00000000e72a8c60, 0x00000000e8000000)
  to   space 21824K,   0% used [0x00000000e5560000, 0x00000000e5560000, 0x00000000e6ab0000)
 concurrent mark-sweep generation total 393216K, used 5784K [0x00000000e8000000, 0x0000000100000000, 0x0000000100000000)
 Metaspace       used 28042K, capacity 28552K, committed 28796K, reserved 1075200K
  class space    used 3212K, capacity 3386K, committed 3452K, reserved 1048576K
2017-04-18T07:29:55.069+0200: 7581,455: [GC (Allocation Failure) 2017-04-18T07:29:55.069+0200: 7581,455: [ParNew
Desired survivor size 20112992 bytes, new threshold 8 (max 8)
- age   1:   10934936 bytes,   10934936 total
- age   2:     471464 bytes,   11406400 total
- age   3:     245680 bytes,   11652080 total
- age   4:    1766368 bytes,   13418448 total
- age   5:      47864 bytes,   13466312 total
- age   6:      57672 bytes,   13523984 total
- age   7:     103424 bytes,   13627408 total
- age   8:     203000 bytes,   13830408 total
: 95587K->14686K(109248K), 0,0235669 secs] 101371K->21585K(502464K), 0,0236440 secs] [Times: user=0,09 sys=0,00, real=0,03 secs] 
Heap after GC invocations=10 (full 1):
 par new generation   total 109248K, used 14686K [0x00000000e0000000, 0x00000000e8000000, 0x00000000e8000000)
  eden space 87424K,   0% used [0x00000000e0000000, 0x00000000e0000000, 0x00000000e5560000)
  from space 21824K,  67% used [0x00000000e5560000, 0x00000000e63b7bf8, 0x00000000e6ab0000)
  to   space 21824K,   0% used [0x00000000e6ab0000, 0x00000000e6ab0000, 0x00000000e8000000)
 concurrent mark-sweep generation total 393216K, used 6899K [0x00000000e8000000, 0x0000000100000000, 0x0000000100000000)
 Metaspace       used 28042K, capacity 28552K, committed 28796K, reserved 1075200K
  class space    used 3212K, capacity 3386K, committed 3452K, reserved 1048576K
}
2017-04-18T07:29:55.093+0200: 7581,479: Total time for which application threads were stopped: 0,0238327 seconds, Stopping threads took: 0,0000395 seconds
2017-04-18T07:29:55.093+0200: 7581,479: Total time for which application threads were stopped: 0,0000930 seconds, Stopping threads took: 0,0000444 seconds
2017-04-18T07:29:55.094+0200: 7581,480: Total time for which application threads were stopped: 0,0000830 seconds, Stopping threads took: 0,0000403 seconds
2017-04-18T07:29:56.094+0200: 7582,481: Total time for which application threads were stopped: 0,0000908 seconds, Stopping threads took: 0,0000164 seconds
2017-04-18T07:31:36.112+0200: 7682,498: Total time for which application threads were stopped: 0,0000776 seconds, Stopping threads took: 0,0000284 seconds
2017-04-18T07:32:31.121+0200: 7737,508: Total time for which application threads were stopped: 0,0001760 seconds, Stopping threads took: 0,0000616 seconds
2017-04-18T07:32:41.123+0200: 7747,509: Total time for which application threads were stopped: 0,0000635 seconds, Stopping threads took: 0,0000146 seconds
2017-04-18T08:36:05.236+0200: 11552,077: Total time for which application threads were stopped: 0,0001145 seconds, Stopping threads took: 0,0000374 seconds
2017-04-18T08:45:16.690+0200: 12103,531: Total time for which application threads were stopped: 0,0162194 seconds, Stopping threads took: 0,0161162 seconds
2017-04-18T08:45:16.720+0200: 12103,561: Total time for which application threads were stopped: 0,0001121 seconds, Stopping threads took: 0,0000230 seconds
2017-04-18T08:45:16.730+0200: 12103,570: Total time for which application threads were stopped: 0,0001315 seconds, Stopping threads took: 0,0000337 seconds
2017-04-18T08:45:16.742+0200: 12103,583: Total time for which application threads were stopped: 0,0089635 seconds, Stopping threads took: 0,0088734 seconds
2017-04-18T08:45:16.742+0200: 12103,583: Total time for which application threads were stopped: 0,0000710 seconds, Stopping threads took: 0,0000221 seconds
2017-04-18T08:45:16.743+0200: 12103,583: Total time for which application threads were stopped: 0,0000664 seconds, Stopping threads took: 0,0000191 seconds
2017-04-18T08:45:16.743+0200: 12103,584: Total time for which application threads were stopped: 0,0000631 seconds, Stopping threads took: 0,0000162 seconds
2017-04-18T08:45:16.743+0200: 12103,584: Total time for which application threads were stopped: 0,0000463 seconds, Stopping threads took: 0,0000137 seconds
2017-04-18T08:45:16.743+0200: 12103,584: Total time for which application threads were stopped: 0,0000443 seconds, Stopping threads took: 0,0000113 seconds
2017-04-18T08:45:16.743+0200: 12103,584: Total time for which application threads were stopped: 0,0000429 seconds, Stopping threads took: 0,0000117 seconds
2017-04-18T08:45:16.743+0200: 12103,584: Total time for which application threads were stopped: 0,0000458 seconds, Stopping threads took: 0,0000129 seconds
2017-04-18T08:45:16.743+0200: 12103,584: Total time for which application threads were stopped: 0,0000453 seconds, Stopping threads took: 0,0000117 seconds
2017-04-18T08:45:16.744+0200: 12103,584: Total time for which application threads were stopped: 0,0000502 seconds, Stopping threads took: 0,0000125 seconds
2017-04-18T08:45:16.744+0200: 12103,584: Total time for which application threads were stopped: 0,0000421 seconds, Stopping threads took: 0,0000121 seconds
2017-04-18T08:45:16.744+0200: 12103,584: Total time for which application threads were stopped: 0,0000466 seconds, Stopping threads took: 0,0000122 seconds
2017-04-18T08:45:16.744+0200: 12103,584: Total time for which application threads were stopped: 0,0000677 seconds, Stopping threads took: 0,0000114 seconds
2017-04-18T08:45:16.745+0200: 12103,586: Total time for which application threads were stopped: 0,0001021 seconds, Stopping threads took: 0,0000299 seconds
2017-04-18T08:45:16.745+0200: 12103,586: Total time for which application threads were stopped: 0,0000546 seconds, Stopping threads took: 0,0000144 seconds
2017-04-18T08:45:16.745+0200: 12103,586: Total time for which application threads were stopped: 0,0000458 seconds, Stopping threads took: 0,0000116 seconds
2017-04-18T08:45:16.745+0200: 12103,586: Total time for which application threads were stopped: 0,0000455 seconds, Stopping threads took: 0,0000130 seconds
2017-04-18T08:45:16.747+0200: 12103,587: Total time for which application threads were stopped: 0,0001293 seconds, Stopping threads took: 0,0000435 seconds
2017-04-18T08:45:16.747+0200: 12103,587: Total time for which application threads were stopped: 0,0000517 seconds, Stopping threads took: 0,0000151 seconds
2017-04-18T08:45:16.747+0200: 12103,587: Total time for which application threads were stopped: 0,0000479 seconds, Stopping threads took: 0,0000156 seconds
2017-04-18T08:45:16.747+0200: 12103,588: Total time for which application threads were stopped: 0,0000466 seconds, Stopping threads took: 0,0000125 seconds
2017-04-18T08:45:16.747+0200: 12103,588: Total time for which application threads were stopped: 0,0000512 seconds, Stopping threads took: 0,0000136 seconds
2017-04-18T08:45:16.747+0200: 12103,588: Total time for which application threads were stopped: 0,0000479 seconds, Stopping threads took: 0,0000129 seconds
2017-04-18T08:45:16.747+0200: 12103,588: Total time for which application threads were stopped: 0,0000461 seconds, Stopping threads took: 0,0000134 seconds
2017-04-18T08:45:16.765+0200: 12103,606: Total time for which application threads were stopped: 0,0035721 seconds, Stopping threads took: 0,0034897 seconds
2017-04-18T08:45:16.788+0200: 12103,628: Total time for which application threads were stopped: 0,0000964 seconds, Stopping threads took: 0,0000280 seconds
2017-04-18T08:45:16.788+0200: 12103,629: Total time for which application threads were stopped: 0,0000817 seconds, Stopping threads took: 0,0000250 seconds
2017-04-18T08:45:16.788+0200: 12103,629: Total time for which application threads were stopped: 0,0000588 seconds, Stopping threads took: 0,0000154 seconds
2017-04-18T08:45:16.788+0200: 12103,629: Total time for which application threads were stopped: 0,0000535 seconds, Stopping threads took: 0,0000129 seconds
2017-04-18T08:45:16.800+0200: 12103,640: Total time for which application threads were stopped: 0,0000843 seconds, Stopping threads took: 0,0000220 seconds
2017-04-18T08:45:16.800+0200: 12103,640: Total time for which application threads were stopped: 0,0000443 seconds, Stopping threads took: 0,0000117 seconds
2017-04-18T08:45:16.800+0200: 12103,640: Total time for which application threads were stopped: 0,0000608 seconds, Stopping threads took: 0,0000134 seconds
2017-04-18T08:45:16.800+0200: 12103,641: Total time for which application threads were stopped: 0,0000469 seconds, Stopping threads took: 0,0000149 seconds
2017-04-18T08:45:16.801+0200: 12103,641: Total time for which application threads were stopped: 0,0008887 seconds, Stopping threads took: 0,0008305 seconds
2017-04-18T08:45:16.801+0200: 12103,642: Total time for which application threads were stopped: 0,0000501 seconds, Stopping threads took: 0,0000170 seconds
2017-04-18T08:45:16.801+0200: 12103,642: Total time for which application threads were stopped: 0,0000415 seconds, Stopping threads took: 0,0000114 seconds
2017-04-18T08:45:16.801+0200: 12103,642: Total time for which application threads were stopped: 0,0000412 seconds, Stopping threads took: 0,0000113 seconds
2017-04-18T08:45:16.801+0200: 12103,642: Total time for which application threads were stopped: 0,0000651 seconds, Stopping threads took: 0,0000115 seconds
2017-04-18T08:45:16.801+0200: 12103,642: Total time for which application threads were stopped: 0,0000412 seconds, Stopping threads took: 0,0000120 seconds
2017-04-18T08:45:16.801+0200: 12103,642: Total time for which application threads were stopped: 0,0000423 seconds, Stopping threads took: 0,0000119 seconds
2017-04-18T08:45:16.815+0200: 12103,656: Total time for which application threads were stopped: 0,0035169 seconds, Stopping threads took: 0,0034245 seconds
2017-04-18T08:45:16.817+0200: 12103,658: Total time for which application threads were stopped: 0,0000909 seconds, Stopping threads took: 0,0000194 seconds
2017-04-18T08:45:16.818+0200: 12103,658: Total time for which application threads were stopped: 0,0000823 seconds, Stopping threads took: 0,0000199 seconds
2017-04-18T08:45:16.818+0200: 12103,659: Total time for which application threads were stopped: 0,0000778 seconds, Stopping threads took: 0,0000298 seconds
2017-04-18T08:45:16.818+0200: 12103,659: Total time for which application threads were stopped: 0,0000605 seconds, Stopping threads took: 0,0000189 seconds
2017-04-18T08:45:16.821+0200: 12103,662: Total time for which application threads were stopped: 0,0001531 seconds, Stopping threads took: 0,0000530 seconds
2017-04-18T08:45:16.828+0200: 12103,669: Total time for which application threads were stopped: 0,0001193 seconds, Stopping threads took: 0,0000294 seconds
2017-04-18T08:45:16.828+0200: 12103,669: Total time for which application threads were stopped: 0,0000656 seconds, Stopping threads took: 0,0000166 seconds
2017-04-18T08:45:16.829+0200: 12103,669: Total time for which application threads were stopped: 0,0000815 seconds, Stopping threads took: 0,0000285 seconds
2017-04-18T08:45:16.829+0200: 12103,669: Total time for which application threads were stopped: 0,0000687 seconds, Stopping threads took: 0,0000241 seconds
2017-04-18T08:45:16.829+0200: 12103,670: Total time for which application threads were stopped: 0,0000657 seconds, Stopping threads took: 0,0000229 seconds
2017-04-18T08:45:16.829+0200: 12103,670: Total time for which application threads were stopped: 0,0000747 seconds, Stopping threads took: 0,0000260 seconds
2017-04-18T08:45:16.829+0200: 12103,670: Total time for which application threads were stopped: 0,0000438 seconds, Stopping threads took: 0,0000066 seconds
2017-04-18T08:45:16.829+0200: 12103,670: Total time for which application threads were stopped: 0,0000503 seconds, Stopping threads took: 0,0000154 seconds
2017-04-18T08:45:16.829+0200: 12103,670: Total time for which application threads were stopped: 0,0000440 seconds, Stopping threads took: 0,0000121 seconds
2017-04-18T08:45:16.830+0200: 12103,670: Total time for which application threads were stopped: 0,0000532 seconds, Stopping threads took: 0,0000189 seconds
2017-04-18T08:45:16.830+0200: 12103,671: Total time for which application threads were stopped: 0,0000397 seconds, Stopping threads took: 0,0000054 seconds
2017-04-18T08:45:16.830+0200: 12103,671: Total time for which application threads were stopped: 0,0000462 seconds, Stopping threads took: 0,0000136 seconds
2017-04-18T08:45:16.830+0200: 12103,671: Total time for which application threads were stopped: 0,0000426 seconds, Stopping threads took: 0,0000122 seconds
2017-04-18T08:45:16.830+0200: 12103,671: Total time for which application threads were stopped: 0,0000569 seconds, Stopping threads took: 0,0000177 seconds
2017-04-18T08:45:16.832+0200: 12103,672: Total time for which application threads were stopped: 0,0001285 seconds, Stopping threads took: 0,0000256 seconds
2017-04-18T08:45:16.832+0200: 12103,673: Total time for which application threads were stopped: 0,0001656 seconds, Stopping threads took: 0,0000162 seconds
2017-04-18T08:45:16.835+0200: 12103,675: Total time for which application threads were stopped: 0,0000884 seconds, Stopping threads took: 0,0000267 seconds
2017-04-18T08:45:16.836+0200: 12103,676: Total time for which application threads were stopped: 0,0001386 seconds, Stopping threads took: 0,0000257 seconds
Heap
 par new generation   total 109248K, used 31777K [0x00000000e0000000, 0x00000000e8000000, 0x00000000e8000000)
  eden space 87424K,  19% used [0x00000000e0000000, 0x00000000e10b0b38, 0x00000000e5560000)
  from space 21824K,  67% used [0x00000000e5560000, 0x00000000e63b7bf8, 0x00000000e6ab0000)
  to   space 21824K,   0% used [0x00000000e6ab0000, 0x00000000e6ab0000, 0x00000000e8000000)
 concurrent mark-sweep generation total 393216K, used 6899K [0x00000000e8000000, 0x0000000100000000, 0x0000000100000000)
 Metaspace       used 28162K, capacity 28724K, committed 28796K, reserved 1075200K
  class space    used 3226K, capacity 3420K, committed 3452K, reserved 1048576K
