OpenJDK 64-Bit Server VM (25.121-b13) for linux-amd64 JRE (1.8.0_121-8u121-b13-0ubuntu1.16.04.2-b13), built on Jan 23 2017 15:51:29 by "buildd" with gcc 5.4.0 20160609
Memory: 4k page, physical 7867760k(7507324k free), swap 8076284k(8076284k free)
CommandLine flags: -XX:CMSInitiatingOccupancyFraction=50 -XX:CMSMaxAbortablePrecleanTime=6000 -XX:+CMSParallelRemarkEnabled -XX:+CMSScavengeBeforeRemark -XX:ConcGCThreads=4 -XX:InitialHeapSize=536870912 -XX:MaxHeapSize=536870912 -XX:MaxTenuringThreshold=8 -XX:NewRatio=3 -XX:OldPLABSize=16 -XX:OnOutOfMemoryError=/opt/solr/bin/oom_solr.sh 8983 /var/solr/logs -XX:ParallelGCThreads=4 -XX:+ParallelRefProcEnabled -XX:PretenureSizeThreshold=67108864 -XX:+PrintGC -XX:+PrintGCApplicationStoppedTime -XX:+PrintGCDateStamps -XX:+PrintGCDetails -XX:+PrintGCTimeStamps -XX:+PrintHeapAtGC -XX:+PrintTenuringDistribution -XX:SurvivorRatio=4 -XX:TargetSurvivorRatio=90 -XX:ThreadStackSize=256 -XX:+UseCMSInitiatingOccupancyOnly -XX:+UseCompressedClassPointers -XX:+UseCompressedOops -XX:+UseConcMarkSweepGC -XX:+UseParNewGC 
2017-03-02T15:05:33.709+0100: 0,146: Total time for which application threads were stopped: 0,0000804 seconds, Stopping threads took: 0,0000105 seconds
2017-03-02T15:05:33.814+0100: 0,252: Total time for which application threads were stopped: 0,0001095 seconds, Stopping threads took: 0,0000154 seconds
2017-03-02T15:05:33.830+0100: 0,268: Total time for which application threads were stopped: 0,0000881 seconds, Stopping threads took: 0,0000149 seconds
2017-03-02T15:05:34.213+0100: 0,651: Total time for which application threads were stopped: 0,0001548 seconds, Stopping threads took: 0,0000194 seconds
2017-03-02T15:05:34.535+0100: 0,972: Total time for which application threads were stopped: 0,0001626 seconds, Stopping threads took: 0,0000176 seconds
2017-03-02T15:05:34.616+0100: 1,054: Total time for which application threads were stopped: 0,0004149 seconds, Stopping threads took: 0,0000347 seconds
2017-03-02T15:05:34.654+0100: 1,092: Total time for which application threads were stopped: 0,0001815 seconds, Stopping threads took: 0,0000337 seconds
2017-03-02T15:05:34.929+0100: 1,366: Total time for which application threads were stopped: 0,0006848 seconds, Stopping threads took: 0,0000855 seconds
2017-03-02T15:05:35.147+0100: 1,584: Total time for which application threads were stopped: 0,0002047 seconds, Stopping threads took: 0,0000143 seconds
2017-03-02T15:05:35.174+0100: 1,611: Total time for which application threads were stopped: 0,0001755 seconds, Stopping threads took: 0,0000159 seconds
2017-03-02T15:05:35.209+0100: 1,646: Total time for which application threads were stopped: 0,0002931 seconds, Stopping threads took: 0,0000257 seconds
2017-03-02T15:05:35.210+0100: 1,648: Total time for which application threads were stopped: 0,0002452 seconds, Stopping threads took: 0,0000225 seconds
2017-03-02T15:05:35.232+0100: 1,670: Total time for which application threads were stopped: 0,0011938 seconds, Stopping threads took: 0,0002304 seconds
2017-03-02T15:05:35.314+0100: 1,752: Total time for which application threads were stopped: 0,0002454 seconds, Stopping threads took: 0,0000268 seconds
2017-03-02T15:05:35.465+0100: 1,903: Total time for which application threads were stopped: 0,0002663 seconds, Stopping threads took: 0,0000458 seconds
{Heap before GC invocations=0 (full 0):
 par new generation   total 109248K, used 87424K [0x00000000e0000000, 0x00000000e8000000, 0x00000000e8000000)
  eden space 87424K, 100% used [0x00000000e0000000, 0x00000000e5560000, 0x00000000e5560000)
  from space 21824K,   0% used [0x00000000e5560000, 0x00000000e5560000, 0x00000000e6ab0000)
  to   space 21824K,   0% used [0x00000000e6ab0000, 0x00000000e6ab0000, 0x00000000e8000000)
 concurrent mark-sweep generation total 393216K, used 0K [0x00000000e8000000, 0x0000000100000000, 0x0000000100000000)
 Metaspace       used 18008K, capacity 18336K, committed 18688K, reserved 1064960K
  class space    used 2035K, capacity 2196K, committed 2304K, reserved 1048576K
2017-03-02T15:05:35.562+0100: 1,999: [GC (Allocation Failure) 2017-03-02T15:05:35.562+0100: 2,000: [ParNew
Desired survivor size 20112992 bytes, new threshold 8 (max 8)
- age   1:   12589440 bytes,   12589440 total
: 87424K->12404K(109248K), 0,0163704 secs] 87424K->12404K(502464K), 0,0164507 secs] [Times: user=0,05 sys=0,01, real=0,02 secs] 
Heap after GC invocations=1 (full 0):
 par new generation   total 109248K, used 12404K [0x00000000e0000000, 0x00000000e8000000, 0x00000000e8000000)
  eden space 87424K,   0% used [0x00000000e0000000, 0x00000000e0000000, 0x00000000e5560000)
  from space 21824K,  56% used [0x00000000e6ab0000, 0x00000000e76cd0e8, 0x00000000e8000000)
  to   space 21824K,   0% used [0x00000000e5560000, 0x00000000e5560000, 0x00000000e6ab0000)
 concurrent mark-sweep generation total 393216K, used 0K [0x00000000e8000000, 0x0000000100000000, 0x0000000100000000)
 Metaspace       used 18008K, capacity 18336K, committed 18688K, reserved 1064960K
  class space    used 2035K, capacity 2196K, committed 2304K, reserved 1048576K
}
2017-03-02T15:05:35.578+0100: 2,016: Total time for which application threads were stopped: 0,0166779 seconds, Stopping threads took: 0,0000422 seconds
2017-03-02T15:05:35.863+0100: 2,300: Total time for which application threads were stopped: 0,0003621 seconds, Stopping threads took: 0,0000724 seconds
{Heap before GC invocations=1 (full 0):
 par new generation   total 109248K, used 99828K [0x00000000e0000000, 0x00000000e8000000, 0x00000000e8000000)
  eden space 87424K, 100% used [0x00000000e0000000, 0x00000000e5560000, 0x00000000e5560000)
  from space 21824K,  56% used [0x00000000e6ab0000, 0x00000000e76cd0e8, 0x00000000e8000000)
  to   space 21824K,   0% used [0x00000000e5560000, 0x00000000e5560000, 0x00000000e6ab0000)
 concurrent mark-sweep generation total 393216K, used 0K [0x00000000e8000000, 0x0000000100000000, 0x0000000100000000)
 Metaspace       used 20045K, capacity 20372K, committed 20736K, reserved 1067008K
  class space    used 2295K, capacity 2472K, committed 2560K, reserved 1048576K
2017-03-02T15:05:35.914+0100: 2,352: [GC (Allocation Failure) 2017-03-02T15:05:35.914+0100: 2,352: [ParNew
Desired survivor size 20112992 bytes, new threshold 8 (max 8)
- age   1:    3626992 bytes,    3626992 total
- age   2:    6657776 bytes,   10284768 total
: 99828K->15746K(109248K), 0,0113134 secs] 99828K->15746K(502464K), 0,0113971 secs] [Times: user=0,03 sys=0,01, real=0,01 secs] 
Heap after GC invocations=2 (full 0):
 par new generation   total 109248K, used 15746K [0x00000000e0000000, 0x00000000e8000000, 0x00000000e8000000)
  eden space 87424K,   0% used [0x00000000e0000000, 0x00000000e0000000, 0x00000000e5560000)
  from space 21824K,  72% used [0x00000000e5560000, 0x00000000e64c08c0, 0x00000000e6ab0000)
  to   space 21824K,   0% used [0x00000000e6ab0000, 0x00000000e6ab0000, 0x00000000e8000000)
 concurrent mark-sweep generation total 393216K, used 0K [0x00000000e8000000, 0x0000000100000000, 0x0000000100000000)
 Metaspace       used 20045K, capacity 20372K, committed 20736K, reserved 1067008K
  class space    used 2295K, capacity 2472K, committed 2560K, reserved 1048576K
}
2017-03-02T15:05:35.925+0100: 2,363: Total time for which application threads were stopped: 0,0116331 seconds, Stopping threads took: 0,0000643 seconds
2017-03-02T15:05:35.934+0100: 2,372: Total time for which application threads were stopped: 0,0003768 seconds, Stopping threads took: 0,0000407 seconds
2017-03-02T15:05:35.980+0100: 2,418: Total time for which application threads were stopped: 0,0003751 seconds, Stopping threads took: 0,0000251 seconds
2017-03-02T15:05:36.106+0100: 2,544: Total time for which application threads were stopped: 0,0002354 seconds, Stopping threads took: 0,0000813 seconds
{Heap before GC invocations=2 (full 0):
 par new generation   total 109248K, used 103170K [0x00000000e0000000, 0x00000000e8000000, 0x00000000e8000000)
  eden space 87424K, 100% used [0x00000000e0000000, 0x00000000e5560000, 0x00000000e5560000)
  from space 21824K,  72% used [0x00000000e5560000, 0x00000000e64c08c0, 0x00000000e6ab0000)
  to   space 21824K,   0% used [0x00000000e6ab0000, 0x00000000e6ab0000, 0x00000000e8000000)
 concurrent mark-sweep generation total 393216K, used 0K [0x00000000e8000000, 0x0000000100000000, 0x0000000100000000)
 Metaspace       used 20997K, capacity 21358K, committed 21628K, reserved 1069056K
  class space    used 2419K, capacity 2591K, committed 2684K, reserved 1048576K
2017-03-02T15:05:36.154+0100: 2,592: [GC (Allocation Failure) 2017-03-02T15:05:36.154+0100: 2,592: [ParNew
Desired survivor size 20112992 bytes, new threshold 8 (max 8)
- age   1:    2050768 bytes,    2050768 total
- age   2:     864640 bytes,    2915408 total
- age   3:    6653848 bytes,    9569256 total
: 103170K->11197K(109248K), 0,0120091 secs] 103170K->11197K(502464K), 0,0120852 secs] [Times: user=0,03 sys=0,00, real=0,02 secs] 
Heap after GC invocations=3 (full 0):
 par new generation   total 109248K, used 11197K [0x00000000e0000000, 0x00000000e8000000, 0x00000000e8000000)
  eden space 87424K,   0% used [0x00000000e0000000, 0x00000000e0000000, 0x00000000e5560000)
  from space 21824K,  51% used [0x00000000e6ab0000, 0x00000000e759f7e0, 0x00000000e8000000)
  to   space 21824K,   0% used [0x00000000e5560000, 0x00000000e5560000, 0x00000000e6ab0000)
 concurrent mark-sweep generation total 393216K, used 0K [0x00000000e8000000, 0x0000000100000000, 0x0000000100000000)
 Metaspace       used 20997K, capacity 21358K, committed 21628K, reserved 1069056K
  class space    used 2419K, capacity 2591K, committed 2684K, reserved 1048576K
}
2017-03-02T15:05:36.166+0100: 2,604: Total time for which application threads were stopped: 0,0162654 seconds, Stopping threads took: 0,0040007 seconds
2017-03-02T15:05:36.170+0100: 2,607: [GC (CMS Initial Mark) [1 CMS-initial-mark: 0K(393216K)] 16939K(502464K), 0,0049371 secs] [Times: user=0,01 sys=0,00, real=0,00 secs] 
2017-03-02T15:05:36.175+0100: 2,612: Total time for which application threads were stopped: 0,0051287 seconds, Stopping threads took: 0,0000733 seconds
2017-03-02T15:05:36.175+0100: 2,612: [CMS-concurrent-mark-start]
2017-03-02T15:05:36.175+0100: 2,613: [CMS-concurrent-mark: 0,000/0,000 secs] [Times: user=0,01 sys=0,00, real=0,00 secs] 
2017-03-02T15:05:36.175+0100: 2,613: [CMS-concurrent-preclean-start]
2017-03-02T15:05:36.176+0100: 2,614: [CMS-concurrent-preclean: 0,001/0,001 secs] [Times: user=0,00 sys=0,00, real=0,00 secs] 
2017-03-02T15:05:36.176+0100: 2,614: [CMS-concurrent-abortable-preclean-start]
2017-03-02T15:05:36.246+0100: 2,683: Total time for which application threads were stopped: 0,0001123 seconds, Stopping threads took: 0,0000222 seconds
{Heap before GC invocations=3 (full 1):
 par new generation   total 109248K, used 98621K [0x00000000e0000000, 0x00000000e8000000, 0x00000000e8000000)
  eden space 87424K, 100% used [0x00000000e0000000, 0x00000000e5560000, 0x00000000e5560000)
  from space 21824K,  51% used [0x00000000e6ab0000, 0x00000000e759f7e0, 0x00000000e8000000)
  to   space 21824K,   0% used [0x00000000e5560000, 0x00000000e5560000, 0x00000000e6ab0000)
 concurrent mark-sweep generation total 393216K, used 0K [0x00000000e8000000, 0x0000000100000000, 0x0000000100000000)
 Metaspace       used 21269K, capacity 21625K, committed 21884K, reserved 1069056K
  class space    used 2449K, capacity 2605K, committed 2684K, reserved 1048576K
2017-03-02T15:05:36.285+0100: 2,722: [GC (Allocation Failure) 2017-03-02T15:05:36.285+0100: 2,722: [ParNew
Desired survivor size 20112992 bytes, new threshold 8 (max 8)
- age   1:     699576 bytes,     699576 total
- age   2:    1453728 bytes,    2153304 total
- age   3:     829296 bytes,    2982600 total
- age   4:    6654096 bytes,    9636696 total
: 98621K->16257K(109248K), 0,0142356 secs] 98621K->16257K(502464K), 0,0143077 secs] [Times: user=0,04 sys=0,00, real=0,02 secs] 
Heap after GC invocations=4 (full 1):
 par new generation   total 109248K, used 16257K [0x00000000e0000000, 0x00000000e8000000, 0x00000000e8000000)
  eden space 87424K,   0% used [0x00000000e0000000, 0x00000000e0000000, 0x00000000e5560000)
  from space 21824K,  74% used [0x00000000e5560000, 0x00000000e6540480, 0x00000000e6ab0000)
  to   space 21824K,   0% used [0x00000000e6ab0000, 0x00000000e6ab0000, 0x00000000e8000000)
 concurrent mark-sweep generation total 393216K, used 0K [0x00000000e8000000, 0x0000000100000000, 0x0000000100000000)
 Metaspace       used 21269K, capacity 21625K, committed 21884K, reserved 1069056K
  class space    used 2449K, capacity 2605K, committed 2684K, reserved 1048576K
}
2017-03-02T15:05:36.299+0100: 2,737: Total time for which application threads were stopped: 0,0145413 seconds, Stopping threads took: 0,0000779 seconds
2017-03-02T15:05:36.299+0100: 2,737: [CMS-concurrent-abortable-preclean: 0,070/0,123 secs] [Times: user=0,46 sys=0,00, real=0,13 secs] 
2017-03-02T15:05:36.299+0100: 2,737: [GC (CMS Final Remark) [YG occupancy: 17605 K (109248 K)]{Heap before GC invocations=4 (full 1):
 par new generation   total 109248K, used 17605K [0x00000000e0000000, 0x00000000e8000000, 0x00000000e8000000)
  eden space 87424K,   1% used [0x00000000e0000000, 0x00000000e0151180, 0x00000000e5560000)
  from space 21824K,  74% used [0x00000000e5560000, 0x00000000e6540480, 0x00000000e6ab0000)
  to   space 21824K,   0% used [0x00000000e6ab0000, 0x00000000e6ab0000, 0x00000000e8000000)
 concurrent mark-sweep generation total 393216K, used 0K [0x00000000e8000000, 0x0000000100000000, 0x0000000100000000)
 Metaspace       used 21269K, capacity 21625K, committed 21884K, reserved 1069056K
  class space    used 2449K, capacity 2605K, committed 2684K, reserved 1048576K
2017-03-02T15:05:36.299+0100: 2,737: [GC (CMS Final Remark) 2017-03-02T15:05:36.299+0100: 2,737: [ParNew
Desired survivor size 20112992 bytes, new threshold 8 (max 8)
- age   1:     111920 bytes,     111920 total
- age   2:     699576 bytes,     811496 total
- age   3:    1453728 bytes,    2265224 total
- age   4:     829296 bytes,    3094520 total
- age   5:    6653992 bytes,    9748512 total
: 17605K->12058K(109248K), 0,0117819 secs] 17605K->12058K(502464K), 0,0118146 secs] [Times: user=0,03 sys=0,00, real=0,01 secs] 
Heap after GC invocations=5 (full 1):
 par new generation   total 109248K, used 12058K [0x00000000e0000000, 0x00000000e8000000, 0x00000000e8000000)
  eden space 87424K,   0% used [0x00000000e0000000, 0x00000000e0000000, 0x00000000e5560000)
  from space 21824K,  55% used [0x00000000e6ab0000, 0x00000000e7676898, 0x00000000e8000000)
  to   space 21824K,   0% used [0x00000000e5560000, 0x00000000e5560000, 0x00000000e6ab0000)
 concurrent mark-sweep generation total 393216K, used 0K [0x00000000e8000000, 0x0000000100000000, 0x0000000100000000)
 Metaspace       used 21269K, capacity 21625K, committed 21884K, reserved 1069056K
  class space    used 2449K, capacity 2605K, committed 2684K, reserved 1048576K
}
2017-03-02T15:05:36.311+0100: 2,749: [Rescan (parallel) , 0,0035965 secs]2017-03-02T15:05:36.315+0100: 2,752: [weak refs processing, 0,0008201 secs]2017-03-02T15:05:36.315+0100: 2,753: [class unloading, 0,0029754 secs]2017-03-02T15:05:36.318+0100: 2,756: [scrub symbol table, 0,0036096 secs]2017-03-02T15:05:36.322+0100: 2,760: [scrub string table, 0,0003923 secs][1 CMS-remark: 0K(393216K)] 12058K(502464K), 0,0238339 secs] [Times: user=0,05 sys=0,00, real=0,02 secs] 
2017-03-02T15:05:36.323+0100: 2,761: Total time for which application threads were stopped: 0,0239371 seconds, Stopping threads took: 0,0000322 seconds
2017-03-02T15:05:36.323+0100: 2,761: [CMS-concurrent-sweep-start]
2017-03-02T15:05:36.323+0100: 2,761: [CMS-concurrent-sweep: 0,000/0,000 secs] [Times: user=0,00 sys=0,00, real=0,00 secs] 
2017-03-02T15:05:36.323+0100: 2,761: [CMS-concurrent-reset-start]
2017-03-02T15:05:36.325+0100: 2,762: [CMS-concurrent-reset: 0,002/0,002 secs] [Times: user=0,01 sys=0,00, real=0,00 secs] 
{Heap before GC invocations=5 (full 1):
 par new generation   total 109248K, used 99482K [0x00000000e0000000, 0x00000000e8000000, 0x00000000e8000000)
  eden space 87424K, 100% used [0x00000000e0000000, 0x00000000e5560000, 0x00000000e5560000)
  from space 21824K,  55% used [0x00000000e6ab0000, 0x00000000e7676898, 0x00000000e8000000)
  to   space 21824K,   0% used [0x00000000e5560000, 0x00000000e5560000, 0x00000000e6ab0000)
 concurrent mark-sweep generation total 393216K, used 0K [0x00000000e8000000, 0x0000000100000000, 0x0000000100000000)
 Metaspace       used 21394K, capacity 21791K, committed 21884K, reserved 1069056K
  class space    used 2468K, capacity 2638K, committed 2684K, reserved 1048576K
2017-03-02T15:05:36.409+0100: 2,847: [GC (Allocation Failure) 2017-03-02T15:05:36.410+0100: 2,847: [ParNew
Desired survivor size 20112992 bytes, new threshold 8 (max 8)
- age   1:     848824 bytes,     848824 total
- age   3:     184856 bytes,    1033680 total
- age   4:    1448232 bytes,    2481912 total
- age   5:     829184 bytes,    3311096 total
- age   6:    6653888 bytes,    9964984 total
: 99482K->16472K(109248K), 0,0103122 secs] 99482K->16472K(502464K), 0,0103932 secs] [Times: user=0,04 sys=0,00, real=0,01 secs] 
Heap after GC invocations=6 (full 1):
 par new generation   total 109248K, used 16472K [0x00000000e0000000, 0x00000000e8000000, 0x00000000e8000000)
  eden space 87424K,   0% used [0x00000000e0000000, 0x00000000e0000000, 0x00000000e5560000)
  from space 21824K,  75% used [0x00000000e5560000, 0x00000000e6576100, 0x00000000e6ab0000)
  to   space 21824K,   0% used [0x00000000e6ab0000, 0x00000000e6ab0000, 0x00000000e8000000)
 concurrent mark-sweep generation total 393216K, used 0K [0x00000000e8000000, 0x0000000100000000, 0x0000000100000000)
 Metaspace       used 21394K, capacity 21791K, committed 21884K, reserved 1069056K
  class space    used 2468K, capacity 2638K, committed 2684K, reserved 1048576K
}
2017-03-02T15:05:36.420+0100: 2,858: Total time for which application threads were stopped: 0,0106709 seconds, Stopping threads took: 0,0001297 seconds
2017-03-02T15:05:36.452+0100: 2,889: Total time for which application threads were stopped: 0,0003154 seconds, Stopping threads took: 0,0000239 seconds
2017-03-02T15:05:36.623+0100: 3,060: Total time for which application threads were stopped: 0,0005689 seconds, Stopping threads took: 0,0000514 seconds
2017-03-02T15:05:36.638+0100: 3,076: Total time for which application threads were stopped: 0,0004129 seconds, Stopping threads took: 0,0000594 seconds
{Heap before GC invocations=6 (full 1):
 par new generation   total 109248K, used 103896K [0x00000000e0000000, 0x00000000e8000000, 0x00000000e8000000)
  eden space 87424K, 100% used [0x00000000e0000000, 0x00000000e5560000, 0x00000000e5560000)
  from space 21824K,  75% used [0x00000000e5560000, 0x00000000e6576100, 0x00000000e6ab0000)
  to   space 21824K,   0% used [0x00000000e6ab0000, 0x00000000e6ab0000, 0x00000000e8000000)
 concurrent mark-sweep generation total 393216K, used 0K [0x00000000e8000000, 0x0000000100000000, 0x0000000100000000)
 Metaspace       used 24504K, capacity 25005K, committed 25084K, reserved 1071104K
  class space    used 2871K, capacity 3047K, committed 3068K, reserved 1048576K
2017-03-02T15:05:36.853+0100: 3,291: [GC (Allocation Failure) 2017-03-02T15:05:36.853+0100: 3,291: [ParNew
Desired survivor size 20112992 bytes, new threshold 8 (max 8)
- age   1:    5411808 bytes,    5411808 total
- age   2:     107704 bytes,    5519512 total
- age   4:     183408 bytes,    5702920 total
- age   5:     273320 bytes,    5976240 total
- age   6:     804088 bytes,    6780328 total
- age   7:    6645288 bytes,   13425616 total
: 103896K->16844K(109248K), 0,0226144 secs] 103896K->16844K(502464K), 0,0226921 secs] [Times: user=0,07 sys=0,00, real=0,02 secs] 
Heap after GC invocations=7 (full 1):
 par new generation   total 109248K, used 16844K [0x00000000e0000000, 0x00000000e8000000, 0x00000000e8000000)
  eden space 87424K,   0% used [0x00000000e0000000, 0x00000000e0000000, 0x00000000e5560000)
  from space 21824K,  77% used [0x00000000e6ab0000, 0x00000000e7b23220, 0x00000000e8000000)
  to   space 21824K,   0% used [0x00000000e5560000, 0x00000000e5560000, 0x00000000e6ab0000)
 concurrent mark-sweep generation total 393216K, used 0K [0x00000000e8000000, 0x0000000100000000, 0x0000000100000000)
 Metaspace       used 24504K, capacity 25005K, committed 25084K, reserved 1071104K
  class space    used 2871K, capacity 3047K, committed 3068K, reserved 1048576K
}
2017-03-02T15:05:36.876+0100: 3,314: Total time for which application threads were stopped: 0,0230010 seconds, Stopping threads took: 0,0000431 seconds
{Heap before GC invocations=7 (full 1):
 par new generation   total 109248K, used 104268K [0x00000000e0000000, 0x00000000e8000000, 0x00000000e8000000)
  eden space 87424K, 100% used [0x00000000e0000000, 0x00000000e5560000, 0x00000000e5560000)
  from space 21824K,  77% used [0x00000000e6ab0000, 0x00000000e7b23220, 0x00000000e8000000)
  to   space 21824K,   0% used [0x00000000e5560000, 0x00000000e5560000, 0x00000000e6ab0000)
 concurrent mark-sweep generation total 393216K, used 0K [0x00000000e8000000, 0x0000000100000000, 0x0000000100000000)
 Metaspace       used 24999K, capacity 25443K, committed 25724K, reserved 1071104K
  class space    used 2911K, capacity 3083K, committed 3196K, reserved 1048576K
2017-03-02T15:05:36.987+0100: 3,424: [GC (Allocation Failure) 2017-03-02T15:05:36.987+0100: 3,424: [ParNew
Desired survivor size 20112992 bytes, new threshold 8 (max 8)
- age   1:     731960 bytes,     731960 total
- age   2:    1445496 bytes,    2177456 total
- age   3:      45616 bytes,    2223072 total
- age   5:     106496 bytes,    2329568 total
- age   6:     184040 bytes,    2513608 total
- age   7:     753048 bytes,    3266656 total
- age   8:    6112448 bytes,    9379104 total
: 104268K->13695K(109248K), 0,0103430 secs] 104268K->13695K(502464K), 0,0104235 secs] [Times: user=0,04 sys=0,00, real=0,00 secs] 
Heap after GC invocations=8 (full 1):
 par new generation   total 109248K, used 13695K [0x00000000e0000000, 0x00000000e8000000, 0x00000000e8000000)
  eden space 87424K,   0% used [0x00000000e0000000, 0x00000000e0000000, 0x00000000e5560000)
  from space 21824K,  62% used [0x00000000e5560000, 0x00000000e62bfc50, 0x00000000e6ab0000)
  to   space 21824K,   0% used [0x00000000e6ab0000, 0x00000000e6ab0000, 0x00000000e8000000)
 concurrent mark-sweep generation total 393216K, used 0K [0x00000000e8000000, 0x0000000100000000, 0x0000000100000000)
 Metaspace       used 24999K, capacity 25443K, committed 25724K, reserved 1071104K
  class space    used 2911K, capacity 3083K, committed 3196K, reserved 1048576K
}
2017-03-02T15:05:36.997+0100: 3,435: Total time for which application threads were stopped: 0,0106293 seconds, Stopping threads took: 0,0000537 seconds
2017-03-02T15:05:37.175+0100: 3,612: Total time for which application threads were stopped: 0,0044004 seconds, Stopping threads took: 0,0039957 seconds
2017-03-02T15:05:37.195+0100: 3,633: Total time for which application threads were stopped: 0,0005833 seconds, Stopping threads took: 0,0000683 seconds
2017-03-02T15:05:37.263+0100: 3,701: Total time for which application threads were stopped: 0,0005832 seconds, Stopping threads took: 0,0000376 seconds
2017-03-02T15:05:37.417+0100: 3,854: Total time for which application threads were stopped: 0,0079665 seconds, Stopping threads took: 0,0075193 seconds
2017-03-02T15:05:37.614+0100: 4,052: Total time for which application threads were stopped: 0,0003209 seconds, Stopping threads took: 0,0000226 seconds
2017-03-02T15:05:40.614+0100: 7,052: Total time for which application threads were stopped: 0,0000797 seconds, Stopping threads took: 0,0000182 seconds
2017-03-02T15:05:44.615+0100: 11,052: Total time for which application threads were stopped: 0,0000805 seconds, Stopping threads took: 0,0000217 seconds
2017-03-02T15:05:59.616+0100: 26,054: Total time for which application threads were stopped: 0,0000642 seconds, Stopping threads took: 0,0000155 seconds
2017-03-02T15:06:05.617+0100: 32,055: Total time for which application threads were stopped: 0,0003730 seconds, Stopping threads took: 0,0000802 seconds
2017-03-02T15:07:05.623+0100: 92,061: Total time for which application threads were stopped: 0,0000655 seconds, Stopping threads took: 0,0000168 seconds
2017-03-02T15:07:35.626+0100: 122,064: Total time for which application threads were stopped: 0,0000991 seconds, Stopping threads took: 0,0000387 seconds
2017-03-02T15:07:45.627+0100: 132,065: Total time for which application threads were stopped: 0,0000922 seconds, Stopping threads took: 0,0000344 seconds
2017-03-02T15:08:09.631+0100: 156,069: Total time for which application threads were stopped: 0,0005863 seconds, Stopping threads took: 0,0002637 seconds
2017-03-02T15:08:19.633+0100: 166,070: Total time for which application threads were stopped: 0,0000662 seconds, Stopping threads took: 0,0000159 seconds
2017-03-02T15:08:24.633+0100: 171,071: Total time for which application threads were stopped: 0,0000924 seconds, Stopping threads took: 0,0000202 seconds
2017-03-02T15:08:29.634+0100: 176,072: Total time for which application threads were stopped: 0,0000655 seconds, Stopping threads took: 0,0000155 seconds
2017-03-02T15:08:34.635+0100: 181,072: Total time for which application threads were stopped: 0,0000644 seconds, Stopping threads took: 0,0000157 seconds
2017-03-02T15:09:59.647+0100: 266,085: Total time for which application threads were stopped: 0,0001053 seconds, Stopping threads took: 0,0000365 seconds
2017-03-02T15:10:00.647+0100: 267,085: Total time for which application threads were stopped: 0,0000775 seconds, Stopping threads took: 0,0000151 seconds
2017-03-02T15:10:09.648+0100: 276,086: Total time for which application threads were stopped: 0,0001229 seconds, Stopping threads took: 0,0000407 seconds
2017-03-02T15:10:10.649+0100: 277,087: Total time for which application threads were stopped: 0,0005474 seconds, Stopping threads took: 0,0001200 seconds
2017-03-02T15:29:14.794+0100: 1421,231: Total time for which application threads were stopped: 0,0001216 seconds, Stopping threads took: 0,0000362 seconds
2017-03-02T15:33:59.838+0100: 1706,276: Total time for which application threads were stopped: 0,0000799 seconds, Stopping threads took: 0,0000291 seconds
2017-03-02T15:44:55.916+0100: 2362,353: Total time for which application threads were stopped: 0,0000799 seconds, Stopping threads took: 0,0000310 seconds
2017-03-02T15:44:59.916+0100: 2366,354: Total time for which application threads were stopped: 0,0000847 seconds, Stopping threads took: 0,0000197 seconds
2017-03-02T16:07:36.066+0100: 3722,503: Total time for which application threads were stopped: 0,0001281 seconds, Stopping threads took: 0,0000394 seconds
2017-03-02T16:10:00.081+0100: 3866,519: Total time for which application threads were stopped: 0,0000806 seconds, Stopping threads took: 0,0000313 seconds
2017-03-02T16:10:05.082+0100: 3871,519: Total time for which application threads were stopped: 0,0002687 seconds, Stopping threads took: 0,0000697 seconds
2017-03-02T16:12:05.094+0100: 3991,532: Total time for which application threads were stopped: 0,0001041 seconds, Stopping threads took: 0,0000399 seconds
2017-03-02T16:32:18.230+0100: 5204,668: Total time for which application threads were stopped: 0,0069491 seconds, Stopping threads took: 0,0068641 seconds
2017-03-02T16:32:18.242+0100: 5204,679: Total time for which application threads were stopped: 0,0001486 seconds, Stopping threads took: 0,0000377 seconds
2017-03-02T16:32:18.244+0100: 5204,682: Total time for which application threads were stopped: 0,0004381 seconds, Stopping threads took: 0,0003212 seconds
Heap
 par new generation   total 109248K, used 80573K [0x00000000e0000000, 0x00000000e8000000, 0x00000000e8000000)
  eden space 87424K,  76% used [0x00000000e0000000, 0x00000000e414f878, 0x00000000e5560000)
  from space 21824K,  62% used [0x00000000e5560000, 0x00000000e62bfc50, 0x00000000e6ab0000)
  to   space 21824K,   0% used [0x00000000e6ab0000, 0x00000000e6ab0000, 0x00000000e8000000)
 concurrent mark-sweep generation total 393216K, used 0K [0x00000000e8000000, 0x0000000100000000, 0x0000000100000000)
 Metaspace       used 28075K, capacity 28561K, committed 28796K, reserved 1075200K
  class space    used 3227K, capacity 3392K, committed 3452K, reserved 1048576K
