OpenJDK 64-Bit Server VM (25.131-b11) for linux-amd64 JRE (1.8.0_131-8u131-b11-0ubuntu1.16.04.2-b11), built on May  6 2017 02:45:27 by "buildd" with gcc 5.4.0 20160609
Memory: 4k page, physical 7867740k(7385548k free), swap 8076284k(8076284k free)
CommandLine flags: -XX:CMSInitiatingOccupancyFraction=50 -XX:CMSMaxAbortablePrecleanTime=6000 -XX:+CMSParallelRemarkEnabled -XX:+CMSScavengeBeforeRemark -XX:ConcGCThreads=4 -XX:InitialHeapSize=536870912 -XX:MaxHeapSize=536870912 -XX:MaxTenuringThreshold=8 -XX:NewRatio=3 -XX:OldPLABSize=16 -XX:OnOutOfMemoryError=/opt/solr/bin/oom_solr.sh 8983 /var/solr/logs -XX:ParallelGCThreads=4 -XX:+ParallelRefProcEnabled -XX:PretenureSizeThreshold=67108864 -XX:+PrintGC -XX:+PrintGCApplicationStoppedTime -XX:+PrintGCDateStamps -XX:+PrintGCDetails -XX:+PrintGCTimeStamps -XX:+PrintHeapAtGC -XX:+PrintTenuringDistribution -XX:SurvivorRatio=4 -XX:TargetSurvivorRatio=90 -XX:ThreadStackSize=256 -XX:+UseCMSInitiatingOccupancyOnly -XX:+UseCompressedClassPointers -XX:+UseCompressedOops -XX:+UseConcMarkSweepGC -XX:+UseParNewGC 
2017-05-24T08:00:13.079+0200: 0,145: Total time for which application threads were stopped: 0,0000609 seconds, Stopping threads took: 0,0000092 seconds
2017-05-24T08:00:13.155+0200: 0,222: Total time for which application threads were stopped: 0,0002194 seconds, Stopping threads took: 0,0000348 seconds
2017-05-24T08:00:13.170+0200: 0,236: Total time for which application threads were stopped: 0,0000911 seconds, Stopping threads took: 0,0000170 seconds
2017-05-24T08:00:13.390+0200: 0,456: Total time for which application threads were stopped: 0,0001470 seconds, Stopping threads took: 0,0000177 seconds
2017-05-24T08:00:13.854+0200: 0,921: Total time for which application threads were stopped: 0,0001792 seconds, Stopping threads took: 0,0000256 seconds
2017-05-24T08:00:14.017+0200: 1,084: Total time for which application threads were stopped: 0,0002299 seconds, Stopping threads took: 0,0000325 seconds
2017-05-24T08:00:14.086+0200: 1,152: Total time for which application threads were stopped: 0,0017611 seconds, Stopping threads took: 0,0015827 seconds
2017-05-24T08:00:14.383+0200: 1,449: Total time for which application threads were stopped: 0,0002286 seconds, Stopping threads took: 0,0000162 seconds
2017-05-24T08:00:14.618+0200: 1,685: Total time for which application threads were stopped: 0,0002206 seconds, Stopping threads took: 0,0000360 seconds
2017-05-24T08:00:14.646+0200: 1,713: Total time for which application threads were stopped: 0,0002039 seconds, Stopping threads took: 0,0000351 seconds
2017-05-24T08:00:14.676+0200: 1,742: Total time for which application threads were stopped: 0,0002357 seconds, Stopping threads took: 0,0000270 seconds
2017-05-24T08:00:14.678+0200: 1,745: Total time for which application threads were stopped: 0,0010081 seconds, Stopping threads took: 0,0000912 seconds
2017-05-24T08:00:14.697+0200: 1,763: Total time for which application threads were stopped: 0,0001971 seconds, Stopping threads took: 0,0000336 seconds
2017-05-24T08:00:14.780+0200: 1,846: Total time for which application threads were stopped: 0,0002220 seconds, Stopping threads took: 0,0000229 seconds
2017-05-24T08:00:14.953+0200: 2,019: Total time for which application threads were stopped: 0,0002503 seconds, Stopping threads took: 0,0000199 seconds
{Heap before GC invocations=0 (full 0):
 par new generation   total 109248K, used 87424K [0x00000000e0000000, 0x00000000e8000000, 0x00000000e8000000)
  eden space 87424K, 100% used [0x00000000e0000000, 0x00000000e5560000, 0x00000000e5560000)
  from space 21824K,   0% used [0x00000000e5560000, 0x00000000e5560000, 0x00000000e6ab0000)
  to   space 21824K,   0% used [0x00000000e6ab0000, 0x00000000e6ab0000, 0x00000000e8000000)
 concurrent mark-sweep generation total 393216K, used 0K [0x00000000e8000000, 0x0000000100000000, 0x0000000100000000)
 Metaspace       used 18074K, capacity 18336K, committed 18688K, reserved 1064960K
  class space    used 2043K, capacity 2196K, committed 2304K, reserved 1048576K
2017-05-24T08:00:15.050+0200: 2,116: [GC (Allocation Failure) 2017-05-24T08:00:15.050+0200: 2,116: [ParNew
Desired survivor size 20112992 bytes, new threshold 8 (max 8)
- age   1:   12651848 bytes,   12651848 total
: 87424K->12468K(109248K), 0,0163709 secs] 87424K->12468K(502464K), 0,0164611 secs] [Times: user=0,04 sys=0,02, real=0,01 secs] 
Heap after GC invocations=1 (full 0):
 par new generation   total 109248K, used 12468K [0x00000000e0000000, 0x00000000e8000000, 0x00000000e8000000)
  eden space 87424K,   0% used [0x00000000e0000000, 0x00000000e0000000, 0x00000000e5560000)
  from space 21824K,  57% used [0x00000000e6ab0000, 0x00000000e76dd288, 0x00000000e8000000)
  to   space 21824K,   0% used [0x00000000e5560000, 0x00000000e5560000, 0x00000000e6ab0000)
 concurrent mark-sweep generation total 393216K, used 0K [0x00000000e8000000, 0x0000000100000000, 0x0000000100000000)
 Metaspace       used 18074K, capacity 18336K, committed 18688K, reserved 1064960K
  class space    used 2043K, capacity 2196K, committed 2304K, reserved 1048576K
}
2017-05-24T08:00:15.067+0200: 2,133: Total time for which application threads were stopped: 0,0190811 seconds, Stopping threads took: 0,0023797 seconds
2017-05-24T08:00:15.351+0200: 2,417: Total time for which application threads were stopped: 0,0003541 seconds, Stopping threads took: 0,0000584 seconds
{Heap before GC invocations=1 (full 0):
 par new generation   total 109248K, used 99892K [0x00000000e0000000, 0x00000000e8000000, 0x00000000e8000000)
  eden space 87424K, 100% used [0x00000000e0000000, 0x00000000e5560000, 0x00000000e5560000)
  from space 21824K,  57% used [0x00000000e6ab0000, 0x00000000e76dd288, 0x00000000e8000000)
  to   space 21824K,   0% used [0x00000000e5560000, 0x00000000e5560000, 0x00000000e6ab0000)
 concurrent mark-sweep generation total 393216K, used 0K [0x00000000e8000000, 0x0000000100000000, 0x0000000100000000)
 Metaspace       used 20053K, capacity 20376K, committed 20736K, reserved 1067008K
  class space    used 2297K, capacity 2474K, committed 2560K, reserved 1048576K
2017-05-24T08:00:15.408+0200: 2,475: [GC (Allocation Failure) 2017-05-24T08:00:15.408+0200: 2,475: [ParNew
Desired survivor size 20112992 bytes, new threshold 8 (max 8)
- age   1:    3474000 bytes,    3474000 total
- age   2:    6672248 bytes,   10146248 total
: 99892K->15831K(109248K), 0,0180407 secs] 99892K->15831K(502464K), 0,0181336 secs] [Times: user=0,05 sys=0,00, real=0,02 secs] 
Heap after GC invocations=2 (full 0):
 par new generation   total 109248K, used 15831K [0x00000000e0000000, 0x00000000e8000000, 0x00000000e8000000)
  eden space 87424K,   0% used [0x00000000e0000000, 0x00000000e0000000, 0x00000000e5560000)
  from space 21824K,  72% used [0x00000000e5560000, 0x00000000e64d5f40, 0x00000000e6ab0000)
  to   space 21824K,   0% used [0x00000000e6ab0000, 0x00000000e6ab0000, 0x00000000e8000000)
 concurrent mark-sweep generation total 393216K, used 0K [0x00000000e8000000, 0x0000000100000000, 0x0000000100000000)
 Metaspace       used 20053K, capacity 20376K, committed 20736K, reserved 1067008K
  class space    used 2297K, capacity 2474K, committed 2560K, reserved 1048576K
}
2017-05-24T08:00:15.426+0200: 2,493: Total time for which application threads were stopped: 0,0185064 seconds, Stopping threads took: 0,0001893 seconds
2017-05-24T08:00:15.434+0200: 2,500: Total time for which application threads were stopped: 0,0029170 seconds, Stopping threads took: 0,0026021 seconds
2017-05-24T08:00:15.475+0200: 2,542: Total time for which application threads were stopped: 0,0004246 seconds, Stopping threads took: 0,0000501 seconds
2017-05-24T08:00:15.600+0200: 2,666: Total time for which application threads were stopped: 0,0001598 seconds, Stopping threads took: 0,0000415 seconds
{Heap before GC invocations=2 (full 0):
 par new generation   total 109248K, used 103255K [0x00000000e0000000, 0x00000000e8000000, 0x00000000e8000000)
  eden space 87424K, 100% used [0x00000000e0000000, 0x00000000e5560000, 0x00000000e5560000)
  from space 21824K,  72% used [0x00000000e5560000, 0x00000000e64d5f40, 0x00000000e6ab0000)
  to   space 21824K,   0% used [0x00000000e6ab0000, 0x00000000e6ab0000, 0x00000000e8000000)
 concurrent mark-sweep generation total 393216K, used 0K [0x00000000e8000000, 0x0000000100000000, 0x0000000100000000)
 Metaspace       used 20999K, capacity 21298K, committed 21628K, reserved 1069056K
  class space    used 2421K, capacity 2593K, committed 2684K, reserved 1048576K
2017-05-24T08:00:15.642+0200: 2,708: [GC (Allocation Failure) 2017-05-24T08:00:15.642+0200: 2,708: [ParNew
Desired survivor size 20112992 bytes, new threshold 8 (max 8)
- age   1:    2180592 bytes,    2180592 total
- age   2:     852544 bytes,    3033136 total
- age   3:    6668408 bytes,    9701544 total
: 103255K->11140K(109248K), 0,0162556 secs] 103255K->11140K(502464K), 0,0163473 secs] [Times: user=0,06 sys=0,00, real=0,02 secs] 
Heap after GC invocations=3 (full 0):
 par new generation   total 109248K, used 11140K [0x00000000e0000000, 0x00000000e8000000, 0x00000000e8000000)
  eden space 87424K,   0% used [0x00000000e0000000, 0x00000000e0000000, 0x00000000e5560000)
  from space 21824K,  51% used [0x00000000e6ab0000, 0x00000000e75910a0, 0x00000000e8000000)
  to   space 21824K,   0% used [0x00000000e5560000, 0x00000000e5560000, 0x00000000e6ab0000)
 concurrent mark-sweep generation total 393216K, used 0K [0x00000000e8000000, 0x0000000100000000, 0x0000000100000000)
 Metaspace       used 20999K, capacity 21298K, committed 21628K, reserved 1069056K
  class space    used 2421K, capacity 2593K, committed 2684K, reserved 1048576K
}
2017-05-24T08:00:15.658+0200: 2,725: Total time for which application threads were stopped: 0,0165452 seconds, Stopping threads took: 0,0000437 seconds
2017-05-24T08:00:15.658+0200: 2,725: [GC (CMS Initial Mark) [1 CMS-initial-mark: 0K(393216K)] 11172K(502464K), 0,0079094 secs] [Times: user=0,02 sys=0,00, real=0,00 secs] 
2017-05-24T08:00:15.666+0200: 2,733: Total time for which application threads were stopped: 0,0080482 seconds, Stopping threads took: 0,0000409 seconds
2017-05-24T08:00:15.666+0200: 2,733: [CMS-concurrent-mark-start]
2017-05-24T08:00:15.667+0200: 2,733: [CMS-concurrent-mark: 0,001/0,001 secs] [Times: user=0,00 sys=0,00, real=0,00 secs] 
2017-05-24T08:00:15.667+0200: 2,733: [CMS-concurrent-preclean-start]
2017-05-24T08:00:15.668+0200: 2,735: [CMS-concurrent-preclean: 0,001/0,001 secs] [Times: user=0,01 sys=0,00, real=0,00 secs] 
2017-05-24T08:00:15.669+0200: 2,735: [GC (CMS Final Remark) [YG occupancy: 12675 K (109248 K)]{Heap before GC invocations=3 (full 1):
 par new generation   total 109248K, used 12675K [0x00000000e0000000, 0x00000000e8000000, 0x00000000e8000000)
  eden space 87424K,   1% used [0x00000000e0000000, 0x00000000e017fb68, 0x00000000e5560000)
  from space 21824K,  51% used [0x00000000e6ab0000, 0x00000000e75910a0, 0x00000000e8000000)
  to   space 21824K,   0% used [0x00000000e5560000, 0x00000000e5560000, 0x00000000e6ab0000)
 concurrent mark-sweep generation total 393216K, used 0K [0x00000000e8000000, 0x0000000100000000, 0x0000000100000000)
 Metaspace       used 20999K, capacity 21298K, committed 21628K, reserved 1069056K
  class space    used 2421K, capacity 2593K, committed 2684K, reserved 1048576K
2017-05-24T08:00:15.669+0200: 2,735: [GC (CMS Final Remark) 2017-05-24T08:00:15.669+0200: 2,735: [ParNew
Desired survivor size 20112992 bytes, new threshold 8 (max 8)
- age   1:      33600 bytes,      33600 total
- age   2:    2163128 bytes,    2196728 total
- age   3:     852544 bytes,    3049272 total
- age   4:    6668424 bytes,    9717696 total
: 12675K->14384K(109248K), 0,0089789 secs] 12675K->14384K(502464K), 0,0090222 secs] [Times: user=0,02 sys=0,00, real=0,01 secs] 
Heap after GC invocations=4 (full 1):
 par new generation   total 109248K, used 14384K [0x00000000e0000000, 0x00000000e8000000, 0x00000000e8000000)
  eden space 87424K,   0% used [0x00000000e0000000, 0x00000000e0000000, 0x00000000e5560000)
  from space 21824K,  65% used [0x00000000e5560000, 0x00000000e636c198, 0x00000000e6ab0000)
  to   space 21824K,   0% used [0x00000000e6ab0000, 0x00000000e6ab0000, 0x00000000e8000000)
 concurrent mark-sweep generation total 393216K, used 0K [0x00000000e8000000, 0x0000000100000000, 0x0000000100000000)
 Metaspace       used 20999K, capacity 21298K, committed 21628K, reserved 1069056K
  class space    used 2421K, capacity 2593K, committed 2684K, reserved 1048576K
}
2017-05-24T08:00:15.678+0200: 2,744: [Rescan (parallel) , 0,0030509 secs]2017-05-24T08:00:15.681+0200: 2,747: [weak refs processing, 0,0009624 secs]2017-05-24T08:00:15.682+0200: 2,748: [class unloading, 0,0027163 secs]2017-05-24T08:00:15.684+0200: 2,751: [scrub symbol table, 0,0025747 secs]2017-05-24T08:00:15.687+0200: 2,753: [scrub string table, 0,0003983 secs][1 CMS-remark: 0K(393216K)] 14384K(502464K), 0,0193706 secs] [Times: user=0,04 sys=0,00, real=0,02 secs] 
2017-05-24T08:00:15.688+0200: 2,754: Total time for which application threads were stopped: 0,0194934 seconds, Stopping threads took: 0,0000466 seconds
2017-05-24T08:00:15.688+0200: 2,754: [CMS-concurrent-sweep-start]
2017-05-24T08:00:15.688+0200: 2,754: [CMS-concurrent-sweep: 0,000/0,000 secs] [Times: user=0,00 sys=0,00, real=0,00 secs] 
2017-05-24T08:00:15.688+0200: 2,754: [CMS-concurrent-reset-start]
2017-05-24T08:00:15.690+0200: 2,756: [CMS-concurrent-reset: 0,002/0,002 secs] [Times: user=0,01 sys=0,00, real=0,00 secs] 
{Heap before GC invocations=4 (full 1):
 par new generation   total 109248K, used 101808K [0x00000000e0000000, 0x00000000e8000000, 0x00000000e8000000)
  eden space 87424K, 100% used [0x00000000e0000000, 0x00000000e5560000, 0x00000000e5560000)
  from space 21824K,  65% used [0x00000000e5560000, 0x00000000e636c198, 0x00000000e6ab0000)
  to   space 21824K,   0% used [0x00000000e6ab0000, 0x00000000e6ab0000, 0x00000000e8000000)
 concurrent mark-sweep generation total 393216K, used 0K [0x00000000e8000000, 0x0000000100000000, 0x0000000100000000)
 Metaspace       used 21251K, capacity 21650K, committed 21884K, reserved 1069056K
  class space    used 2451K, capacity 2610K, committed 2684K, reserved 1048576K
2017-05-24T08:00:15.782+0200: 2,848: [GC (Allocation Failure) 2017-05-24T08:00:15.782+0200: 2,848: [ParNew
Desired survivor size 20112992 bytes, new threshold 8 (max 8)
- age   1:     988672 bytes,     988672 total
- age   2:        616 bytes,     989288 total
- age   3:    1444608 bytes,    2433896 total
- age   4:     819168 bytes,    3253064 total
- age   5:    6668560 bytes,    9921624 total
: 101808K->11068K(109248K), 0,0097469 secs] 101808K->11068K(502464K), 0,0098183 secs] [Times: user=0,04 sys=0,00, real=0,01 secs] 
Heap after GC invocations=5 (full 1):
 par new generation   total 109248K, used 11068K [0x00000000e0000000, 0x00000000e8000000, 0x00000000e8000000)
  eden space 87424K,   0% used [0x00000000e0000000, 0x00000000e0000000, 0x00000000e5560000)
  from space 21824K,  50% used [0x00000000e6ab0000, 0x00000000e757f1c0, 0x00000000e8000000)
  to   space 21824K,   0% used [0x00000000e5560000, 0x00000000e5560000, 0x00000000e6ab0000)
 concurrent mark-sweep generation total 393216K, used 0K [0x00000000e8000000, 0x0000000100000000, 0x0000000100000000)
 Metaspace       used 21251K, capacity 21650K, committed 21884K, reserved 1069056K
  class space    used 2451K, capacity 2610K, committed 2684K, reserved 1048576K
}
2017-05-24T08:00:15.792+0200: 2,858: Total time for which application threads were stopped: 0,0111730 seconds, Stopping threads took: 0,0011877 seconds
{Heap before GC invocations=5 (full 1):
 par new generation   total 109248K, used 98492K [0x00000000e0000000, 0x00000000e8000000, 0x00000000e8000000)
  eden space 87424K, 100% used [0x00000000e0000000, 0x00000000e5560000, 0x00000000e5560000)
  from space 21824K,  50% used [0x00000000e6ab0000, 0x00000000e757f1c0, 0x00000000e8000000)
  to   space 21824K,   0% used [0x00000000e5560000, 0x00000000e5560000, 0x00000000e6ab0000)
 concurrent mark-sweep generation total 393216K, used 0K [0x00000000e8000000, 0x0000000100000000, 0x0000000100000000)
 Metaspace       used 21411K, capacity 21828K, committed 21884K, reserved 1069056K
  class space    used 2470K, capacity 2645K, committed 2684K, reserved 1048576K
2017-05-24T08:00:15.878+0200: 2,944: [GC (Allocation Failure) 2017-05-24T08:00:15.878+0200: 2,944: [ParNew
Desired survivor size 20112992 bytes, new threshold 8 (max 8)
- age   1:     722832 bytes,     722832 total
- age   2:     190800 bytes,     913632 total
- age   3:        616 bytes,     914248 total
- age   4:    1444120 bytes,    2358368 total
- age   5:     817248 bytes,    3175616 total
- age   6:    6668568 bytes,    9844184 total
: 98492K->14653K(109248K), 0,0159392 secs] 98492K->14653K(502464K), 0,0160016 secs] [Times: user=0,05 sys=0,00, real=0,01 secs] 
Heap after GC invocations=6 (full 1):
 par new generation   total 109248K, used 14653K [0x00000000e0000000, 0x00000000e8000000, 0x00000000e8000000)
  eden space 87424K,   0% used [0x00000000e0000000, 0x00000000e0000000, 0x00000000e5560000)
  from space 21824K,  67% used [0x00000000e5560000, 0x00000000e63af728, 0x00000000e6ab0000)
  to   space 21824K,   0% used [0x00000000e6ab0000, 0x00000000e6ab0000, 0x00000000e8000000)
 concurrent mark-sweep generation total 393216K, used 0K [0x00000000e8000000, 0x0000000100000000, 0x0000000100000000)
 Metaspace       used 21411K, capacity 21828K, committed 21884K, reserved 1069056K
  class space    used 2470K, capacity 2645K, committed 2684K, reserved 1048576K
}
2017-05-24T08:00:15.894+0200: 2,960: Total time for which application threads were stopped: 0,0183970 seconds, Stopping threads took: 0,0022575 seconds
2017-05-24T08:00:15.927+0200: 2,994: Total time for which application threads were stopped: 0,0003499 seconds, Stopping threads took: 0,0000199 seconds
2017-05-24T08:00:16.161+0200: 3,227: Total time for which application threads were stopped: 0,0005278 seconds, Stopping threads took: 0,0000353 seconds
2017-05-24T08:00:16.177+0200: 3,244: Total time for which application threads were stopped: 0,0004015 seconds, Stopping threads took: 0,0000328 seconds
2017-05-24T08:00:16.212+0200: 3,279: Total time for which application threads were stopped: 0,0003927 seconds, Stopping threads took: 0,0000549 seconds
{Heap before GC invocations=6 (full 1):
 par new generation   total 109248K, used 102077K [0x00000000e0000000, 0x00000000e8000000, 0x00000000e8000000)
  eden space 87424K, 100% used [0x00000000e0000000, 0x00000000e5560000, 0x00000000e5560000)
  from space 21824K,  67% used [0x00000000e5560000, 0x00000000e63af728, 0x00000000e6ab0000)
  to   space 21824K,   0% used [0x00000000e6ab0000, 0x00000000e6ab0000, 0x00000000e8000000)
 concurrent mark-sweep generation total 393216K, used 0K [0x00000000e8000000, 0x0000000100000000, 0x0000000100000000)
 Metaspace       used 23764K, capacity 24200K, committed 24316K, reserved 1071104K
  class space    used 2795K, capacity 2987K, committed 3068K, reserved 1048576K
2017-05-24T08:00:16.329+0200: 3,396: [GC (Allocation Failure) 2017-05-24T08:00:16.329+0200: 3,396: [ParNew
Desired survivor size 20112992 bytes, new threshold 8 (max 8)
- age   1:    5111624 bytes,    5111624 total
- age   2:     116920 bytes,    5228544 total
- age   3:     189424 bytes,    5417968 total
- age   4:        568 bytes,    5418536 total
- age   5:     274280 bytes,    5692816 total
- age   6:     792952 bytes,    6485768 total
- age   7:    6660712 bytes,   13146480 total
: 102077K->15738K(109248K), 0,0240786 secs] 102077K->15738K(502464K), 0,0241579 secs] [Times: user=0,08 sys=0,00, real=0,03 secs] 
Heap after GC invocations=7 (full 1):
 par new generation   total 109248K, used 15738K [0x00000000e0000000, 0x00000000e8000000, 0x00000000e8000000)
  eden space 87424K,   0% used [0x00000000e0000000, 0x00000000e0000000, 0x00000000e5560000)
  from space 21824K,  72% used [0x00000000e6ab0000, 0x00000000e7a0ea10, 0x00000000e8000000)
  to   space 21824K,   0% used [0x00000000e5560000, 0x00000000e5560000, 0x00000000e6ab0000)
 concurrent mark-sweep generation total 393216K, used 0K [0x00000000e8000000, 0x0000000100000000, 0x0000000100000000)
 Metaspace       used 23764K, capacity 24200K, committed 24316K, reserved 1071104K
  class space    used 2795K, capacity 2987K, committed 3068K, reserved 1048576K
}
2017-05-24T08:00:16.353+0200: 3,420: Total time for which application threads were stopped: 0,0244283 seconds, Stopping threads took: 0,0000679 seconds
{Heap before GC invocations=7 (full 1):
 par new generation   total 109248K, used 103162K [0x00000000e0000000, 0x00000000e8000000, 0x00000000e8000000)
  eden space 87424K, 100% used [0x00000000e0000000, 0x00000000e5560000, 0x00000000e5560000)
  from space 21824K,  72% used [0x00000000e6ab0000, 0x00000000e7a0ea10, 0x00000000e8000000)
  to   space 21824K,   0% used [0x00000000e5560000, 0x00000000e5560000, 0x00000000e6ab0000)
 concurrent mark-sweep generation total 393216K, used 0K [0x00000000e8000000, 0x0000000100000000, 0x0000000100000000)
 Metaspace       used 24297K, capacity 24782K, committed 24828K, reserved 1071104K
  class space    used 2853K, capacity 3052K, committed 3068K, reserved 1048576K
2017-05-24T08:00:16.449+0200: 3,515: [GC (Allocation Failure) 2017-05-24T08:00:16.449+0200: 3,515: [ParNew
Desired survivor size 20112992 bytes, new threshold 8 (max 8)
- age   1:    2012080 bytes,    2012080 total
- age   2:    1754464 bytes,    3766544 total
- age   3:      59720 bytes,    3826264 total
- age   4:     107056 bytes,    3933320 total
- age   5:        160 bytes,    3933480 total
- age   6:     185624 bytes,    4119104 total
- age   7:     742616 bytes,    4861720 total
- age   8:    6127760 bytes,   10989480 total
: 103162K->18817K(109248K), 0,0130314 secs] 103162K->18817K(502464K), 0,0131213 secs] [Times: user=0,04 sys=0,01, real=0,02 secs] 
Heap after GC invocations=8 (full 1):
 par new generation   total 109248K, used 18817K [0x00000000e0000000, 0x00000000e8000000, 0x00000000e8000000)
  eden space 87424K,   0% used [0x00000000e0000000, 0x00000000e0000000, 0x00000000e5560000)
  from space 21824K,  86% used [0x00000000e5560000, 0x00000000e67c0498, 0x00000000e6ab0000)
  to   space 21824K,   0% used [0x00000000e6ab0000, 0x00000000e6ab0000, 0x00000000e8000000)
 concurrent mark-sweep generation total 393216K, used 0K [0x00000000e8000000, 0x0000000100000000, 0x0000000100000000)
 Metaspace       used 24297K, capacity 24782K, committed 24828K, reserved 1071104K
  class space    used 2853K, capacity 3052K, committed 3068K, reserved 1048576K
}
2017-05-24T08:00:16.462+0200: 3,528: Total time for which application threads were stopped: 0,0136339 seconds, Stopping threads took: 0,0003205 seconds
{Heap before GC invocations=8 (full 1):
 par new generation   total 109248K, used 106241K [0x00000000e0000000, 0x00000000e8000000, 0x00000000e8000000)
  eden space 87424K, 100% used [0x00000000e0000000, 0x00000000e5560000, 0x00000000e5560000)
  from space 21824K,  86% used [0x00000000e5560000, 0x00000000e67c0498, 0x00000000e6ab0000)
  to   space 21824K,   0% used [0x00000000e6ab0000, 0x00000000e6ab0000, 0x00000000e8000000)
 concurrent mark-sweep generation total 393216K, used 0K [0x00000000e8000000, 0x0000000100000000, 0x0000000100000000)
 Metaspace       used 24502K, capacity 25000K, committed 25084K, reserved 1071104K
  class space    used 2870K, capacity 3057K, committed 3068K, reserved 1048576K
2017-05-24T08:00:16.526+0200: 3,593: [GC (Allocation Failure) 2017-05-24T08:00:16.527+0200: 3,593: [ParNew
Desired survivor size 20112992 bytes, new threshold 8 (max 8)
- age   1:     454688 bytes,     454688 total
- age   2:    1003032 bytes,    1457720 total
- age   3:    1727920 bytes,    3185640 total
- age   4:      59720 bytes,    3245360 total
- age   5:     106888 bytes,    3352248 total
- age   6:        160 bytes,    3352408 total
- age   7:     182824 bytes,    3535232 total
- age   8:     741848 bytes,    4277080 total
: 106241K->6713K(109248K), 0,0629497 secs] 106241K->12780K(502464K), 0,0630164 secs] [Times: user=0,20 sys=0,00, real=0,06 secs] 
Heap after GC invocations=9 (full 1):
 par new generation   total 109248K, used 6713K [0x00000000e0000000, 0x00000000e8000000, 0x00000000e8000000)
  eden space 87424K,   0% used [0x00000000e0000000, 0x00000000e0000000, 0x00000000e5560000)
  from space 21824K,  30% used [0x00000000e6ab0000, 0x00000000e713e7a0, 0x00000000e8000000)
  to   space 21824K,   0% used [0x00000000e5560000, 0x00000000e5560000, 0x00000000e6ab0000)
 concurrent mark-sweep generation total 393216K, used 6066K [0x00000000e8000000, 0x0000000100000000, 0x0000000100000000)
 Metaspace       used 24502K, capacity 25000K, committed 25084K, reserved 1071104K
  class space    used 2870K, capacity 3057K, committed 3068K, reserved 1048576K
}
2017-05-24T08:00:16.590+0200: 3,656: Total time for which application threads were stopped: 0,0632015 seconds, Stopping threads took: 0,0000300 seconds
2017-05-24T08:00:16.938+0200: 4,004: Total time for which application threads were stopped: 0,0005581 seconds, Stopping threads took: 0,0000233 seconds
2017-05-24T08:00:16.956+0200: 4,023: Total time for which application threads were stopped: 0,0004052 seconds, Stopping threads took: 0,0000210 seconds
2017-05-24T08:00:16.983+0200: 4,049: Total time for which application threads were stopped: 0,0005066 seconds, Stopping threads took: 0,0001265 seconds
2017-05-24T08:00:16.991+0200: 4,058: Total time for which application threads were stopped: 0,0001083 seconds, Stopping threads took: 0,0000265 seconds
2017-05-24T08:00:16.994+0200: 4,060: Total time for which application threads were stopped: 0,0001034 seconds, Stopping threads took: 0,0000276 seconds
2017-05-24T08:00:16.995+0200: 4,061: Total time for which application threads were stopped: 0,0000769 seconds, Stopping threads took: 0,0000161 seconds
2017-05-24T08:00:16.996+0200: 4,063: Total time for which application threads were stopped: 0,0000819 seconds, Stopping threads took: 0,0000184 seconds
2017-05-24T08:00:16.997+0200: 4,063: Total time for which application threads were stopped: 0,0000774 seconds, Stopping threads took: 0,0000155 seconds
2017-05-24T08:00:17.000+0200: 4,067: Total time for which application threads were stopped: 0,0001023 seconds, Stopping threads took: 0,0000249 seconds
2017-05-24T08:00:17.001+0200: 4,067: Total time for which application threads were stopped: 0,0003528 seconds, Stopping threads took: 0,0000249 seconds
2017-05-24T08:00:17.002+0200: 4,068: Total time for which application threads were stopped: 0,0000983 seconds, Stopping threads took: 0,0000355 seconds
2017-05-24T08:00:17.002+0200: 4,069: Total time for which application threads were stopped: 0,0001640 seconds, Stopping threads took: 0,0000923 seconds
2017-05-24T08:00:17.003+0200: 4,069: Total time for which application threads were stopped: 0,0001212 seconds, Stopping threads took: 0,0000620 seconds
2017-05-24T08:00:17.003+0200: 4,069: Total time for which application threads were stopped: 0,0000756 seconds, Stopping threads took: 0,0000171 seconds
2017-05-24T08:00:17.004+0200: 4,070: Total time for which application threads were stopped: 0,0000975 seconds, Stopping threads took: 0,0000311 seconds
2017-05-24T08:00:17.011+0200: 4,077: Total time for which application threads were stopped: 0,0001051 seconds, Stopping threads took: 0,0000330 seconds
2017-05-24T08:00:17.012+0200: 4,079: Total time for which application threads were stopped: 0,0000665 seconds, Stopping threads took: 0,0000177 seconds
2017-05-24T08:00:17.018+0200: 4,084: Total time for which application threads were stopped: 0,0001145 seconds, Stopping threads took: 0,0000462 seconds
2017-05-24T08:00:17.018+0200: 4,084: Total time for which application threads were stopped: 0,0000935 seconds, Stopping threads took: 0,0000288 seconds
2017-05-24T08:00:17.018+0200: 4,085: Total time for which application threads were stopped: 0,0000894 seconds, Stopping threads took: 0,0000258 seconds
2017-05-24T08:00:17.020+0200: 4,086: Total time for which application threads were stopped: 0,0001215 seconds, Stopping threads took: 0,0000333 seconds
2017-05-24T08:00:17.020+0200: 4,086: Total time for which application threads were stopped: 0,0000631 seconds, Stopping threads took: 0,0000108 seconds
2017-05-24T08:00:17.020+0200: 4,087: Total time for which application threads were stopped: 0,0000667 seconds, Stopping threads took: 0,0000229 seconds
2017-05-24T08:00:17.020+0200: 4,087: Total time for which application threads were stopped: 0,0000645 seconds, Stopping threads took: 0,0000150 seconds
2017-05-24T08:00:17.020+0200: 4,087: Total time for which application threads were stopped: 0,0000459 seconds, Stopping threads took: 0,0000091 seconds
2017-05-24T08:00:17.021+0200: 4,087: Total time for which application threads were stopped: 0,0000608 seconds, Stopping threads took: 0,0000149 seconds
2017-05-24T08:00:17.022+0200: 4,088: Total time for which application threads were stopped: 0,0010298 seconds, Stopping threads took: 0,0009016 seconds
2017-05-24T08:00:17.026+0200: 4,092: Total time for which application threads were stopped: 0,0035498 seconds, Stopping threads took: 0,0034787 seconds
2017-05-24T08:00:17.026+0200: 4,092: Total time for which application threads were stopped: 0,0000750 seconds, Stopping threads took: 0,0000202 seconds
2017-05-24T08:00:17.026+0200: 4,093: Total time for which application threads were stopped: 0,0001079 seconds, Stopping threads took: 0,0000201 seconds
2017-05-24T08:00:17.026+0200: 4,093: Total time for which application threads were stopped: 0,0000945 seconds, Stopping threads took: 0,0000209 seconds
2017-05-24T08:00:17.026+0200: 4,093: Total time for which application threads were stopped: 0,0000865 seconds, Stopping threads took: 0,0000208 seconds
2017-05-24T08:00:17.027+0200: 4,093: Total time for which application threads were stopped: 0,0000850 seconds, Stopping threads took: 0,0000255 seconds
2017-05-24T08:00:17.027+0200: 4,093: Total time for which application threads were stopped: 0,0001905 seconds, Stopping threads took: 0,0001136 seconds
2017-05-24T08:00:17.027+0200: 4,094: Total time for which application threads were stopped: 0,0001025 seconds, Stopping threads took: 0,0000225 seconds
2017-05-24T08:00:17.027+0200: 4,094: Total time for which application threads were stopped: 0,0000859 seconds, Stopping threads took: 0,0000220 seconds
2017-05-24T08:00:17.028+0200: 4,094: Total time for which application threads were stopped: 0,0000814 seconds, Stopping threads took: 0,0000346 seconds
2017-05-24T08:00:17.028+0200: 4,094: Total time for which application threads were stopped: 0,0000865 seconds, Stopping threads took: 0,0000268 seconds
2017-05-24T08:00:17.028+0200: 4,094: Total time for which application threads were stopped: 0,0000509 seconds, Stopping threads took: 0,0000096 seconds
2017-05-24T08:00:17.028+0200: 4,095: Total time for which application threads were stopped: 0,0000520 seconds, Stopping threads took: 0,0000201 seconds
2017-05-24T08:00:17.028+0200: 4,095: Total time for which application threads were stopped: 0,0000481 seconds, Stopping threads took: 0,0000101 seconds
2017-05-24T08:00:17.028+0200: 4,095: Total time for which application threads were stopped: 0,0000430 seconds, Stopping threads took: 0,0000084 seconds
2017-05-24T08:00:17.029+0200: 4,095: Total time for which application threads were stopped: 0,0000541 seconds, Stopping threads took: 0,0000106 seconds
2017-05-24T08:00:17.029+0200: 4,095: Total time for which application threads were stopped: 0,0000447 seconds, Stopping threads took: 0,0000091 seconds
2017-05-24T08:00:17.029+0200: 4,095: Total time for which application threads were stopped: 0,0000463 seconds, Stopping threads took: 0,0000097 seconds
2017-05-24T08:00:17.029+0200: 4,095: Total time for which application threads were stopped: 0,0000467 seconds, Stopping threads took: 0,0000106 seconds
2017-05-24T08:00:17.029+0200: 4,095: Total time for which application threads were stopped: 0,0001174 seconds, Stopping threads took: 0,0000093 seconds
2017-05-24T08:00:17.033+0200: 4,099: Total time for which application threads were stopped: 0,0001207 seconds, Stopping threads took: 0,0000480 seconds
2017-05-24T08:00:17.039+0200: 4,106: Total time for which application threads were stopped: 0,0001821 seconds, Stopping threads took: 0,0000495 seconds
2017-05-24T08:00:17.043+0200: 4,110: Total time for which application threads were stopped: 0,0001338 seconds, Stopping threads took: 0,0000536 seconds
2017-05-24T08:00:17.082+0200: 4,148: Total time for which application threads were stopped: 0,0012575 seconds, Stopping threads took: 0,0010991 seconds
2017-05-24T08:00:17.102+0200: 4,168: Total time for which application threads were stopped: 0,0011431 seconds, Stopping threads took: 0,0010418 seconds
2017-05-24T08:00:17.129+0200: 4,196: Total time for which application threads were stopped: 0,0005450 seconds, Stopping threads took: 0,0000531 seconds
2017-05-24T08:00:17.130+0200: 4,196: Total time for which application threads were stopped: 0,0001177 seconds, Stopping threads took: 0,0000452 seconds
2017-05-24T08:00:17.134+0200: 4,200: Total time for which application threads were stopped: 0,0040053 seconds, Stopping threads took: 0,0039099 seconds
2017-05-24T08:00:17.140+0200: 4,206: Total time for which application threads were stopped: 0,0002391 seconds, Stopping threads took: 0,0000894 seconds
2017-05-24T08:00:18.140+0200: 5,206: Total time for which application threads were stopped: 0,0000679 seconds, Stopping threads took: 0,0000161 seconds
2017-05-24T08:01:35.148+0200: 82,214: Total time for which application threads were stopped: 0,0000864 seconds, Stopping threads took: 0,0000214 seconds
2017-05-24T08:02:20.153+0200: 127,219: Total time for which application threads were stopped: 0,0000746 seconds, Stopping threads took: 0,0000287 seconds
2017-05-24T08:02:25.154+0200: 132,220: Total time for which application threads were stopped: 0,0000655 seconds, Stopping threads took: 0,0000159 seconds
{Heap before GC invocations=9 (full 1):
 par new generation   total 109248K, used 94137K [0x00000000e0000000, 0x00000000e8000000, 0x00000000e8000000)
  eden space 87424K, 100% used [0x00000000e0000000, 0x00000000e5560000, 0x00000000e5560000)
  from space 21824K,  30% used [0x00000000e6ab0000, 0x00000000e713e7a0, 0x00000000e8000000)
  to   space 21824K,   0% used [0x00000000e5560000, 0x00000000e5560000, 0x00000000e6ab0000)
 concurrent mark-sweep generation total 393216K, used 6066K [0x00000000e8000000, 0x0000000100000000, 0x0000000100000000)
 Metaspace       used 28022K, capacity 28542K, committed 28796K, reserved 1075200K
  class space    used 3218K, capacity 3400K, committed 3452K, reserved 1048576K
2017-05-24T08:03:03.906+0200: 170,972: [GC (Allocation Failure) 2017-05-24T08:03:03.906+0200: 170,972: [ParNew
Desired survivor size 20112992 bytes, new threshold 8 (max 8)
- age   1:   11312424 bytes,   11312424 total
- age   2:     174432 bytes,   11486856 total
- age   3:     223416 bytes,   11710272 total
- age   4:    1721608 bytes,   13431880 total
- age   5:      57304 bytes,   13489184 total
- age   6:     106664 bytes,   13595848 total
- age   7:        160 bytes,   13596008 total
- age   8:     182264 bytes,   13778272 total
: 94137K->14750K(109248K), 0,0306255 secs] 100204K->21624K(502464K), 0,0307322 secs] [Times: user=0,06 sys=0,00, real=0,03 secs] 
Heap after GC invocations=10 (full 1):
 par new generation   total 109248K, used 14750K [0x00000000e0000000, 0x00000000e8000000, 0x00000000e8000000)
  eden space 87424K,   0% used [0x00000000e0000000, 0x00000000e0000000, 0x00000000e5560000)
  from space 21824K,  67% used [0x00000000e5560000, 0x00000000e63c7bb0, 0x00000000e6ab0000)
  to   space 21824K,   0% used [0x00000000e6ab0000, 0x00000000e6ab0000, 0x00000000e8000000)
 concurrent mark-sweep generation total 393216K, used 6873K [0x00000000e8000000, 0x0000000100000000, 0x0000000100000000)
 Metaspace       used 28022K, capacity 28542K, committed 28796K, reserved 1075200K
  class space    used 3218K, capacity 3400K, committed 3452K, reserved 1048576K
}
2017-05-24T08:03:03.936+0200: 171,003: Total time for which application threads were stopped: 0,0309492 seconds, Stopping threads took: 0,0000599 seconds
2017-05-24T08:03:03.946+0200: 171,013: Total time for which application threads were stopped: 0,0000857 seconds, Stopping threads took: 0,0000253 seconds
2017-05-24T08:03:03.946+0200: 171,013: Total time for which application threads were stopped: 0,0000518 seconds, Stopping threads took: 0,0000204 seconds
2017-05-24T08:03:13.948+0200: 181,015: Total time for which application threads were stopped: 0,0013013 seconds, Stopping threads took: 0,0001365 seconds
2017-05-24T08:04:39.957+0200: 267,023: Total time for which application threads were stopped: 0,0001038 seconds, Stopping threads took: 0,0000398 seconds
2017-05-24T08:04:43.958+0200: 271,024: Total time for which application threads were stopped: 0,0004424 seconds, Stopping threads took: 0,0000911 seconds
2017-05-24T08:04:49.958+0200: 277,025: Total time for which application threads were stopped: 0,0001047 seconds, Stopping threads took: 0,0000369 seconds
2017-05-24T08:04:59.960+0200: 287,026: Total time for which application threads were stopped: 0,0005393 seconds, Stopping threads took: 0,0001499 seconds
2017-05-24T08:08:14.978+0200: 482,044: Total time for which application threads were stopped: 0,0001186 seconds, Stopping threads took: 0,0000452 seconds
2017-05-24T08:23:49.061+0200: 1416,128: Total time for which application threads were stopped: 0,0001227 seconds, Stopping threads took: 0,0000337 seconds
2017-05-24T08:28:44.089+0200: 1711,155: Total time for which application threads were stopped: 0,0000878 seconds, Stopping threads took: 0,0000313 seconds
2017-05-24T08:39:29.157+0200: 2356,224: Total time for which application threads were stopped: 0,0000788 seconds, Stopping threads took: 0,0000304 seconds
2017-05-24T08:39:30.158+0200: 2357,224: Total time for which application threads were stopped: 0,0000625 seconds, Stopping threads took: 0,0000151 seconds
2017-05-24T08:59:35.318+0200: 3562,384: Total time for which application threads were stopped: 0,0001672 seconds, Stopping threads took: 0,0000634 seconds
2017-05-24T09:07:19.377+0200: 4026,443: Total time for which application threads were stopped: 0,0000909 seconds, Stopping threads took: 0,0000307 seconds
2017-05-24T09:07:34.379+0200: 4041,445: Total time for which application threads were stopped: 0,0001512 seconds, Stopping threads took: 0,0000522 seconds
2017-05-24T09:15:52.436+0200: 4539,502: Total time for which application threads were stopped: 0,0000896 seconds, Stopping threads took: 0,0000258 seconds
2017-05-24T09:15:52.439+0200: 4539,506: Total time for which application threads were stopped: 0,0001092 seconds, Stopping threads took: 0,0000356 seconds
2017-05-24T09:15:52.439+0200: 4539,506: Total time for which application threads were stopped: 0,0000709 seconds, Stopping threads took: 0,0000210 seconds
2017-05-24T09:15:52.463+0200: 4539,529: Total time for which application threads were stopped: 0,0148543 seconds, Stopping threads took: 0,0147697 seconds
2017-05-24T09:15:52.463+0200: 4539,530: Total time for which application threads were stopped: 0,0000882 seconds, Stopping threads took: 0,0000265 seconds
2017-05-24T09:15:52.506+0200: 4539,572: Total time for which application threads were stopped: 0,0008941 seconds, Stopping threads took: 0,0007714 seconds
2017-05-24T09:15:52.506+0200: 4539,573: Total time for which application threads were stopped: 0,0002660 seconds, Stopping threads took: 0,0002045 seconds
2017-05-24T09:15:52.515+0200: 4539,581: Total time for which application threads were stopped: 0,0038111 seconds, Stopping threads took: 0,0036899 seconds
2017-05-24T09:15:52.515+0200: 4539,581: Total time for which application threads were stopped: 0,0000903 seconds, Stopping threads took: 0,0000222 seconds
2017-05-24T09:15:52.517+0200: 4539,583: Total time for which application threads were stopped: 0,0008866 seconds, Stopping threads took: 0,0008119 seconds
2017-05-24T09:15:52.518+0200: 4539,584: Total time for which application threads were stopped: 0,0000957 seconds, Stopping threads took: 0,0000335 seconds
2017-05-24T09:15:52.518+0200: 4539,584: Total time for which application threads were stopped: 0,0000859 seconds, Stopping threads took: 0,0000199 seconds
2017-05-24T09:15:52.518+0200: 4539,584: Total time for which application threads were stopped: 0,0000686 seconds, Stopping threads took: 0,0000203 seconds
2017-05-24T09:15:52.518+0200: 4539,585: Total time for which application threads were stopped: 0,0000918 seconds, Stopping threads took: 0,0000433 seconds
2017-05-24T09:15:52.518+0200: 4539,585: Total time for which application threads were stopped: 0,0000630 seconds, Stopping threads took: 0,0000210 seconds
2017-05-24T09:15:52.519+0200: 4539,586: Total time for which application threads were stopped: 0,0000669 seconds, Stopping threads took: 0,0000133 seconds
2017-05-24T09:15:52.520+0200: 4539,586: Total time for which application threads were stopped: 0,0005230 seconds, Stopping threads took: 0,0004758 seconds
2017-05-24T09:15:52.520+0200: 4539,587: Total time for which application threads were stopped: 0,0002878 seconds, Stopping threads took: 0,0002298 seconds
2017-05-24T09:15:52.521+0200: 4539,587: Total time for which application threads were stopped: 0,0001240 seconds, Stopping threads took: 0,0000710 seconds
2017-05-24T09:15:52.521+0200: 4539,588: Total time for which application threads were stopped: 0,0000757 seconds, Stopping threads took: 0,0000243 seconds
2017-05-24T09:15:52.527+0200: 4539,594: Total time for which application threads were stopped: 0,0031722 seconds, Stopping threads took: 0,0030755 seconds
2017-05-24T09:15:52.528+0200: 4539,594: Total time for which application threads were stopped: 0,0000966 seconds, Stopping threads took: 0,0000337 seconds
2017-05-24T09:15:52.528+0200: 4539,595: Total time for which application threads were stopped: 0,0001813 seconds, Stopping threads took: 0,0001093 seconds
2017-05-24T09:15:52.530+0200: 4539,596: Total time for which application threads were stopped: 0,0003754 seconds, Stopping threads took: 0,0003046 seconds
2017-05-24T09:15:52.532+0200: 4539,599: Total time for which application threads were stopped: 0,0004357 seconds, Stopping threads took: 0,0003199 seconds
2017-05-24T09:15:52.533+0200: 4539,600: Total time for which application threads were stopped: 0,0000937 seconds, Stopping threads took: 0,0000277 seconds
2017-05-24T09:15:52.533+0200: 4539,600: Total time for which application threads were stopped: 0,0000541 seconds, Stopping threads took: 0,0000156 seconds
2017-05-24T09:15:52.534+0200: 4539,600: Total time for which application threads were stopped: 0,0000699 seconds, Stopping threads took: 0,0000208 seconds
2017-05-24T09:15:52.534+0200: 4539,600: Total time for which application threads were stopped: 0,0003189 seconds, Stopping threads took: 0,0000157 seconds
2017-05-24T09:15:52.537+0200: 4539,603: Total time for which application threads were stopped: 0,0000783 seconds, Stopping threads took: 0,0000232 seconds
2017-05-24T09:15:52.537+0200: 4539,604: Total time for which application threads were stopped: 0,0001081 seconds, Stopping threads took: 0,0000250 seconds
Heap
 par new generation   total 109248K, used 37417K [0x00000000e0000000, 0x00000000e8000000, 0x00000000e8000000)
  eden space 87424K,  25% used [0x00000000e0000000, 0x00000000e1622858, 0x00000000e5560000)
  from space 21824K,  67% used [0x00000000e5560000, 0x00000000e63c7bb0, 0x00000000e6ab0000)
  to   space 21824K,   0% used [0x00000000e6ab0000, 0x00000000e6ab0000, 0x00000000e8000000)
 concurrent mark-sweep generation total 393216K, used 6873K [0x00000000e8000000, 0x0000000100000000, 0x0000000100000000)
 Metaspace       used 28150K, capacity 28718K, committed 28796K, reserved 1075200K
  class space    used 3232K, capacity 3434K, committed 3452K, reserved 1048576K
