OpenJDK 64-Bit Server VM (25.131-b11) for linux-amd64 JRE (1.8.0_131-8u131-b11-0ubuntu1.16.04.2-b11), built on May  6 2017 02:45:27 by "buildd" with gcc 5.4.0 20160609
Memory: 4k page, physical 7867764k(7453088k free), swap 8076284k(8076284k free)
CommandLine flags: -XX:CMSInitiatingOccupancyFraction=50 -XX:CMSMaxAbortablePrecleanTime=6000 -XX:+CMSParallelRemarkEnabled -XX:+CMSScavengeBeforeRemark -XX:ConcGCThreads=4 -XX:InitialHeapSize=536870912 -XX:MaxHeapSize=536870912 -XX:MaxTenuringThreshold=8 -XX:NewRatio=3 -XX:OldPLABSize=16 -XX:OnOutOfMemoryError=/opt/solr/bin/oom_solr.sh 8983 /var/solr/logs -XX:ParallelGCThreads=4 -XX:+ParallelRefProcEnabled -XX:PretenureSizeThreshold=67108864 -XX:+PrintGC -XX:+PrintGCApplicationStoppedTime -XX:+PrintGCDateStamps -XX:+PrintGCDetails -XX:+PrintGCTimeStamps -XX:+PrintHeapAtGC -XX:+PrintTenuringDistribution -XX:SurvivorRatio=4 -XX:TargetSurvivorRatio=90 -XX:ThreadStackSize=256 -XX:+UseCMSInitiatingOccupancyOnly -XX:+UseCompressedClassPointers -XX:+UseCompressedOops -XX:+UseConcMarkSweepGC -XX:+UseParNewGC 
2017-05-15T13:35:46.939+0200: 0,143: Total time for which application threads were stopped: 0,0000723 seconds, Stopping threads took: 0,0000087 seconds
2017-05-15T13:35:47.022+0200: 0,226: Total time for which application threads were stopped: 0,0001273 seconds, Stopping threads took: 0,0000266 seconds
2017-05-15T13:35:47.051+0200: 0,255: Total time for which application threads were stopped: 0,0001272 seconds, Stopping threads took: 0,0000117 seconds
2017-05-15T13:35:47.290+0200: 0,494: Total time for which application threads were stopped: 0,0001466 seconds, Stopping threads took: 0,0000165 seconds
2017-05-15T13:35:47.651+0200: 0,855: Total time for which application threads were stopped: 0,0001739 seconds, Stopping threads took: 0,0000297 seconds
2017-05-15T13:35:47.744+0200: 0,948: Total time for which application threads were stopped: 0,0001863 seconds, Stopping threads took: 0,0000263 seconds
2017-05-15T13:35:47.780+0200: 0,984: Total time for which application threads were stopped: 0,0001874 seconds, Stopping threads took: 0,0000249 seconds
2017-05-15T13:35:48.110+0200: 1,314: Total time for which application threads were stopped: 0,0004091 seconds, Stopping threads took: 0,0000700 seconds
2017-05-15T13:35:48.200+0200: 1,404: Total time for which application threads were stopped: 0,0001575 seconds, Stopping threads took: 0,0000119 seconds
2017-05-15T13:35:48.337+0200: 1,541: Total time for which application threads were stopped: 0,0001729 seconds, Stopping threads took: 0,0000108 seconds
2017-05-15T13:35:48.369+0200: 1,573: Total time for which application threads were stopped: 0,0001724 seconds, Stopping threads took: 0,0000359 seconds
2017-05-15T13:35:48.404+0200: 1,608: Total time for which application threads were stopped: 0,0001820 seconds, Stopping threads took: 0,0000164 seconds
2017-05-15T13:35:48.406+0200: 1,609: Total time for which application threads were stopped: 0,0002117 seconds, Stopping threads took: 0,0000287 seconds
2017-05-15T13:35:48.421+0200: 1,625: Total time for which application threads were stopped: 0,0001897 seconds, Stopping threads took: 0,0000214 seconds
2017-05-15T13:35:48.533+0200: 1,737: Total time for which application threads were stopped: 0,0002041 seconds, Stopping threads took: 0,0000195 seconds
2017-05-15T13:35:48.729+0200: 1,932: Total time for which application threads were stopped: 0,0002982 seconds, Stopping threads took: 0,0000381 seconds
{Heap before GC invocations=0 (full 0):
 par new generation   total 109248K, used 87424K [0x00000000e0000000, 0x00000000e8000000, 0x00000000e8000000)
  eden space 87424K, 100% used [0x00000000e0000000, 0x00000000e5560000, 0x00000000e5560000)
  from space 21824K,   0% used [0x00000000e5560000, 0x00000000e5560000, 0x00000000e6ab0000)
  to   space 21824K,   0% used [0x00000000e6ab0000, 0x00000000e6ab0000, 0x00000000e8000000)
 concurrent mark-sweep generation total 393216K, used 0K [0x00000000e8000000, 0x0000000100000000, 0x0000000100000000)
 Metaspace       used 18212K, capacity 18464K, committed 18688K, reserved 1064960K
  class space    used 2059K, capacity 2196K, committed 2304K, reserved 1048576K
2017-05-15T13:35:48.844+0200: 2,048: [GC (Allocation Failure) 2017-05-15T13:35:48.844+0200: 2,048: [ParNew
Desired survivor size 20112992 bytes, new threshold 8 (max 8)
- age   1:   12837264 bytes,   12837264 total
: 87424K->12649K(109248K), 0,0158291 secs] 87424K->12649K(502464K), 0,0158872 secs] [Times: user=0,04 sys=0,02, real=0,02 secs] 
Heap after GC invocations=1 (full 0):
 par new generation   total 109248K, used 12649K [0x00000000e0000000, 0x00000000e8000000, 0x00000000e8000000)
  eden space 87424K,   0% used [0x00000000e0000000, 0x00000000e0000000, 0x00000000e5560000)
  from space 21824K,  57% used [0x00000000e6ab0000, 0x00000000e770a7a0, 0x00000000e8000000)
  to   space 21824K,   0% used [0x00000000e5560000, 0x00000000e5560000, 0x00000000e6ab0000)
 concurrent mark-sweep generation total 393216K, used 0K [0x00000000e8000000, 0x0000000100000000, 0x0000000100000000)
 Metaspace       used 18212K, capacity 18464K, committed 18688K, reserved 1064960K
  class space    used 2059K, capacity 2196K, committed 2304K, reserved 1048576K
}
2017-05-15T13:35:48.860+0200: 2,064: Total time for which application threads were stopped: 0,0160913 seconds, Stopping threads took: 0,0000143 seconds
2017-05-15T13:35:49.137+0200: 2,341: Total time for which application threads were stopped: 0,0003215 seconds, Stopping threads took: 0,0000660 seconds
2017-05-15T13:35:49.176+0200: 2,380: Total time for which application threads were stopped: 0,0004659 seconds, Stopping threads took: 0,0000905 seconds
{Heap before GC invocations=1 (full 0):
 par new generation   total 109248K, used 100073K [0x00000000e0000000, 0x00000000e8000000, 0x00000000e8000000)
  eden space 87424K, 100% used [0x00000000e0000000, 0x00000000e5560000, 0x00000000e5560000)
  from space 21824K,  57% used [0x00000000e6ab0000, 0x00000000e770a7a0, 0x00000000e8000000)
  to   space 21824K,   0% used [0x00000000e5560000, 0x00000000e5560000, 0x00000000e6ab0000)
 concurrent mark-sweep generation total 393216K, used 0K [0x00000000e8000000, 0x0000000100000000, 0x0000000100000000)
 Metaspace       used 20059K, capacity 20372K, committed 20736K, reserved 1067008K
  class space    used 2299K, capacity 2474K, committed 2560K, reserved 1048576K
2017-05-15T13:35:49.178+0200: 2,382: [GC (Allocation Failure) 2017-05-15T13:35:49.178+0200: 2,382: [ParNew
Desired survivor size 20112992 bytes, new threshold 8 (max 8)
- age   1:    3540888 bytes,    3540888 total
- age   2:    6706848 bytes,   10247736 total
: 100073K->13996K(109248K), 0,0120462 secs] 100073K->13996K(502464K), 0,0121193 secs] [Times: user=0,03 sys=0,02, real=0,01 secs] 
Heap after GC invocations=2 (full 0):
 par new generation   total 109248K, used 13996K [0x00000000e0000000, 0x00000000e8000000, 0x00000000e8000000)
  eden space 87424K,   0% used [0x00000000e0000000, 0x00000000e0000000, 0x00000000e5560000)
  from space 21824K,  64% used [0x00000000e5560000, 0x00000000e630b270, 0x00000000e6ab0000)
  to   space 21824K,   0% used [0x00000000e6ab0000, 0x00000000e6ab0000, 0x00000000e8000000)
 concurrent mark-sweep generation total 393216K, used 0K [0x00000000e8000000, 0x0000000100000000, 0x0000000100000000)
 Metaspace       used 20059K, capacity 20372K, committed 20736K, reserved 1067008K
  class space    used 2299K, capacity 2474K, committed 2560K, reserved 1048576K
}
2017-05-15T13:35:49.190+0200: 2,394: Total time for which application threads were stopped: 0,0123092 seconds, Stopping threads took: 0,0000664 seconds
2017-05-15T13:35:49.228+0200: 2,432: Total time for which application threads were stopped: 0,0003866 seconds, Stopping threads took: 0,0000695 seconds
2017-05-15T13:35:49.346+0200: 2,550: Total time for which application threads were stopped: 0,0002117 seconds, Stopping threads took: 0,0000963 seconds
{Heap before GC invocations=2 (full 0):
 par new generation   total 109248K, used 101420K [0x00000000e0000000, 0x00000000e8000000, 0x00000000e8000000)
  eden space 87424K, 100% used [0x00000000e0000000, 0x00000000e5560000, 0x00000000e5560000)
  from space 21824K,  64% used [0x00000000e5560000, 0x00000000e630b270, 0x00000000e6ab0000)
  to   space 21824K,   0% used [0x00000000e6ab0000, 0x00000000e6ab0000, 0x00000000e8000000)
 concurrent mark-sweep generation total 393216K, used 0K [0x00000000e8000000, 0x0000000100000000, 0x0000000100000000)
 Metaspace       used 20994K, capacity 21358K, committed 21628K, reserved 1069056K
  class space    used 2425K, capacity 2593K, committed 2684K, reserved 1048576K
2017-05-15T13:35:49.378+0200: 2,582: [GC (Allocation Failure) 2017-05-15T13:35:49.378+0200: 2,582: [ParNew
Desired survivor size 20112992 bytes, new threshold 8 (max 8)
- age   1:    2240504 bytes,    2240504 total
- age   2:     824648 bytes,    3065152 total
- age   3:    6694352 bytes,    9759504 total
: 101420K->11504K(109248K), 0,0148703 secs] 101420K->11504K(502464K), 0,0149776 secs] [Times: user=0,05 sys=0,00, real=0,01 secs] 
Heap after GC invocations=3 (full 0):
 par new generation   total 109248K, used 11504K [0x00000000e0000000, 0x00000000e8000000, 0x00000000e8000000)
  eden space 87424K,   0% used [0x00000000e0000000, 0x00000000e0000000, 0x00000000e5560000)
  from space 21824K,  52% used [0x00000000e6ab0000, 0x00000000e75ec280, 0x00000000e8000000)
  to   space 21824K,   0% used [0x00000000e5560000, 0x00000000e5560000, 0x00000000e6ab0000)
 concurrent mark-sweep generation total 393216K, used 0K [0x00000000e8000000, 0x0000000100000000, 0x0000000100000000)
 Metaspace       used 20994K, capacity 21358K, committed 21628K, reserved 1069056K
  class space    used 2425K, capacity 2593K, committed 2684K, reserved 1048576K
}
2017-05-15T13:35:49.393+0200: 2,597: Total time for which application threads were stopped: 0,0151893 seconds, Stopping threads took: 0,0000417 seconds
2017-05-15T13:35:49.394+0200: 2,597: [GC (CMS Initial Mark) [1 CMS-initial-mark: 0K(393216K)] 11521K(502464K), 0,0034213 secs] [Times: user=0,01 sys=0,00, real=0,01 secs] 
2017-05-15T13:35:49.397+0200: 2,601: Total time for which application threads were stopped: 0,0035719 seconds, Stopping threads took: 0,0000617 seconds
2017-05-15T13:35:49.397+0200: 2,601: [CMS-concurrent-mark-start]
2017-05-15T13:35:49.397+0200: 2,601: [CMS-concurrent-mark: 0,000/0,000 secs] [Times: user=0,00 sys=0,00, real=0,00 secs] 
2017-05-15T13:35:49.398+0200: 2,601: [CMS-concurrent-preclean-start]
2017-05-15T13:35:49.398+0200: 2,602: [CMS-concurrent-preclean: 0,001/0,001 secs] [Times: user=0,00 sys=0,00, real=0,00 secs] 
2017-05-15T13:35:49.399+0200: 2,602: [GC (CMS Final Remark) [YG occupancy: 11521 K (109248 K)]{Heap before GC invocations=3 (full 1):
 par new generation   total 109248K, used 11521K [0x00000000e0000000, 0x00000000e8000000, 0x00000000e8000000)
  eden space 87424K,   0% used [0x00000000e0000000, 0x00000000e00042a0, 0x00000000e5560000)
  from space 21824K,  52% used [0x00000000e6ab0000, 0x00000000e75ec280, 0x00000000e8000000)
  to   space 21824K,   0% used [0x00000000e5560000, 0x00000000e5560000, 0x00000000e6ab0000)
 concurrent mark-sweep generation total 393216K, used 0K [0x00000000e8000000, 0x0000000100000000, 0x0000000100000000)
 Metaspace       used 20994K, capacity 21358K, committed 21628K, reserved 1069056K
  class space    used 2425K, capacity 2593K, committed 2684K, reserved 1048576K
2017-05-15T13:35:49.399+0200: 2,602: [GC (CMS Final Remark) 2017-05-15T13:35:49.399+0200: 2,602: [ParNew
Desired survivor size 20112992 bytes, new threshold 8 (max 8)
- age   1:      17056 bytes,      17056 total
- age   2:    2161272 bytes,    2178328 total
- age   3:     824648 bytes,    3002976 total
- age   4:    6693376 bytes,    9696352 total
: 11521K->10731K(109248K), 0,0134165 secs] 11521K->10731K(502464K), 0,0134546 secs] [Times: user=0,04 sys=0,00, real=0,01 secs] 
Heap after GC invocations=4 (full 1):
 par new generation   total 109248K, used 10731K [0x00000000e0000000, 0x00000000e8000000, 0x00000000e8000000)
  eden space 87424K,   0% used [0x00000000e0000000, 0x00000000e0000000, 0x00000000e5560000)
  from space 21824K,  49% used [0x00000000e5560000, 0x00000000e5fdadf0, 0x00000000e6ab0000)
  to   space 21824K,   0% used [0x00000000e6ab0000, 0x00000000e6ab0000, 0x00000000e8000000)
 concurrent mark-sweep generation total 393216K, used 0K [0x00000000e8000000, 0x0000000100000000, 0x0000000100000000)
 Metaspace       used 20994K, capacity 21358K, committed 21628K, reserved 1069056K
  class space    used 2425K, capacity 2593K, committed 2684K, reserved 1048576K
}
2017-05-15T13:35:49.412+0200: 2,616: [Rescan (parallel) , 0,0041066 secs]2017-05-15T13:35:49.416+0200: 2,620: [weak refs processing, 0,0007783 secs]2017-05-15T13:35:49.417+0200: 2,621: [class unloading, 0,0027598 secs]2017-05-15T13:35:49.420+0200: 2,623: [scrub symbol table, 0,0034401 secs]2017-05-15T13:35:49.423+0200: 2,627: [scrub string table, 0,0003620 secs][1 CMS-remark: 0K(393216K)] 10731K(502464K), 0,0254968 secs] [Times: user=0,06 sys=0,00, real=0,02 secs] 
2017-05-15T13:35:49.424+0200: 2,628: Total time for which application threads were stopped: 0,0256150 seconds, Stopping threads took: 0,0000400 seconds
2017-05-15T13:35:49.424+0200: 2,628: [CMS-concurrent-sweep-start]
2017-05-15T13:35:49.424+0200: 2,628: [CMS-concurrent-sweep: 0,000/0,000 secs] [Times: user=0,00 sys=0,00, real=0,00 secs] 
2017-05-15T13:35:49.424+0200: 2,628: [CMS-concurrent-reset-start]
2017-05-15T13:35:49.426+0200: 2,630: [CMS-concurrent-reset: 0,002/0,002 secs] [Times: user=0,01 sys=0,01, real=0,01 secs] 
{Heap before GC invocations=4 (full 1):
 par new generation   total 109248K, used 98155K [0x00000000e0000000, 0x00000000e8000000, 0x00000000e8000000)
  eden space 87424K, 100% used [0x00000000e0000000, 0x00000000e5560000, 0x00000000e5560000)
  from space 21824K,  49% used [0x00000000e5560000, 0x00000000e5fdadf0, 0x00000000e6ab0000)
  to   space 21824K,   0% used [0x00000000e6ab0000, 0x00000000e6ab0000, 0x00000000e8000000)
 concurrent mark-sweep generation total 393216K, used 0K [0x00000000e8000000, 0x0000000100000000, 0x0000000100000000)
 Metaspace       used 21218K, capacity 21570K, committed 21884K, reserved 1069056K
  class space    used 2450K, capacity 2608K, committed 2684K, reserved 1048576K
2017-05-15T13:35:49.530+0200: 2,734: [GC (Allocation Failure) 2017-05-15T13:35:49.530+0200: 2,734: [ParNew
Desired survivor size 20112992 bytes, new threshold 8 (max 8)
- age   1:    1578912 bytes,    1578912 total
- age   3:    1454520 bytes,    3033432 total
- age   4:     791256 bytes,    3824688 total
- age   5:    6693464 bytes,   10518152 total
: 98155K->16184K(109248K), 0,0102868 secs] 98155K->16184K(502464K), 0,0103619 secs] [Times: user=0,03 sys=0,00, real=0,01 secs] 
Heap after GC invocations=5 (full 1):
 par new generation   total 109248K, used 16184K [0x00000000e0000000, 0x00000000e8000000, 0x00000000e8000000)
  eden space 87424K,   0% used [0x00000000e0000000, 0x00000000e0000000, 0x00000000e5560000)
  from space 21824K,  74% used [0x00000000e6ab0000, 0x00000000e7a7e000, 0x00000000e8000000)
  to   space 21824K,   0% used [0x00000000e5560000, 0x00000000e5560000, 0x00000000e6ab0000)
 concurrent mark-sweep generation total 393216K, used 0K [0x00000000e8000000, 0x0000000100000000, 0x0000000100000000)
 Metaspace       used 21218K, capacity 21570K, committed 21884K, reserved 1069056K
  class space    used 2450K, capacity 2608K, committed 2684K, reserved 1048576K
}
2017-05-15T13:35:49.540+0200: 2,744: Total time for which application threads were stopped: 0,0105797 seconds, Stopping threads took: 0,0000841 seconds
{Heap before GC invocations=5 (full 1):
 par new generation   total 109248K, used 103608K [0x00000000e0000000, 0x00000000e8000000, 0x00000000e8000000)
  eden space 87424K, 100% used [0x00000000e0000000, 0x00000000e5560000, 0x00000000e5560000)
  from space 21824K,  74% used [0x00000000e6ab0000, 0x00000000e7a7e000, 0x00000000e8000000)
  to   space 21824K,   0% used [0x00000000e5560000, 0x00000000e5560000, 0x00000000e6ab0000)
 concurrent mark-sweep generation total 393216K, used 0K [0x00000000e8000000, 0x0000000100000000, 0x0000000100000000)
 Metaspace       used 21419K, capacity 21806K, committed 21884K, reserved 1069056K
  class space    used 2474K, capacity 2642K, committed 2684K, reserved 1048576K
2017-05-15T13:35:49.634+0200: 2,838: [GC (Allocation Failure) 2017-05-15T13:35:49.634+0200: 2,838: [ParNew
Desired survivor size 20112992 bytes, new threshold 8 (max 8)
- age   1:    1125240 bytes,    1125240 total
- age   2:     183176 bytes,    1308416 total
- age   4:    1453448 bytes,    2761864 total
- age   5:     791192 bytes,    3553056 total
- age   6:    6693368 bytes,   10246424 total
: 103608K->13419K(109248K), 0,0092895 secs] 103608K->13419K(502464K), 0,0093620 secs] [Times: user=0,04 sys=0,00, real=0,00 secs] 
Heap after GC invocations=6 (full 1):
 par new generation   total 109248K, used 13419K [0x00000000e0000000, 0x00000000e8000000, 0x00000000e8000000)
  eden space 87424K,   0% used [0x00000000e0000000, 0x00000000e0000000, 0x00000000e5560000)
  from space 21824K,  61% used [0x00000000e5560000, 0x00000000e627adf0, 0x00000000e6ab0000)
  to   space 21824K,   0% used [0x00000000e6ab0000, 0x00000000e6ab0000, 0x00000000e8000000)
 concurrent mark-sweep generation total 393216K, used 0K [0x00000000e8000000, 0x0000000100000000, 0x0000000100000000)
 Metaspace       used 21419K, capacity 21806K, committed 21884K, reserved 1069056K
  class space    used 2474K, capacity 2642K, committed 2684K, reserved 1048576K
}
2017-05-15T13:35:49.644+0200: 2,847: Total time for which application threads were stopped: 0,0135431 seconds, Stopping threads took: 0,0040506 seconds
2017-05-15T13:35:49.669+0200: 2,872: Total time for which application threads were stopped: 0,0003067 seconds, Stopping threads took: 0,0000199 seconds
2017-05-15T13:35:49.896+0200: 3,099: Total time for which application threads were stopped: 0,0005841 seconds, Stopping threads took: 0,0000658 seconds
2017-05-15T13:35:49.912+0200: 3,115: Total time for which application threads were stopped: 0,0003983 seconds, Stopping threads took: 0,0000214 seconds
{Heap before GC invocations=6 (full 1):
 par new generation   total 109248K, used 100843K [0x00000000e0000000, 0x00000000e8000000, 0x00000000e8000000)
  eden space 87424K, 100% used [0x00000000e0000000, 0x00000000e5560000, 0x00000000e5560000)
  from space 21824K,  61% used [0x00000000e5560000, 0x00000000e627adf0, 0x00000000e6ab0000)
  to   space 21824K,   0% used [0x00000000e6ab0000, 0x00000000e6ab0000, 0x00000000e8000000)
 concurrent mark-sweep generation total 393216K, used 0K [0x00000000e8000000, 0x0000000100000000, 0x0000000100000000)
 Metaspace       used 23770K, capacity 24240K, committed 24572K, reserved 1071104K
  class space    used 2795K, capacity 2985K, committed 3068K, reserved 1048576K
2017-05-15T13:35:50.073+0200: 3,277: [GC (Allocation Failure) 2017-05-15T13:35:50.073+0200: 3,277: [ParNew
Desired survivor size 20112992 bytes, new threshold 8 (max 8)
- age   1:    5148328 bytes,    5148328 total
- age   2:     151560 bytes,    5299888 total
- age   3:     182320 bytes,    5482208 total
- age   5:     284392 bytes,    5766600 total
- age   6:     765112 bytes,    6531712 total
- age   7:    6684784 bytes,   13216496 total
: 100843K->14916K(109248K), 0,0123592 secs] 100843K->14916K(502464K), 0,0124351 secs] [Times: user=0,04 sys=0,00, real=0,01 secs] 
Heap after GC invocations=7 (full 1):
 par new generation   total 109248K, used 14916K [0x00000000e0000000, 0x00000000e8000000, 0x00000000e8000000)
  eden space 87424K,   0% used [0x00000000e0000000, 0x00000000e0000000, 0x00000000e5560000)
  from space 21824K,  68% used [0x00000000e6ab0000, 0x00000000e7941300, 0x00000000e8000000)
  to   space 21824K,   0% used [0x00000000e5560000, 0x00000000e5560000, 0x00000000e6ab0000)
 concurrent mark-sweep generation total 393216K, used 0K [0x00000000e8000000, 0x0000000100000000, 0x0000000100000000)
 Metaspace       used 23770K, capacity 24240K, committed 24572K, reserved 1071104K
  class space    used 2795K, capacity 2985K, committed 3068K, reserved 1048576K
}
2017-05-15T13:35:50.085+0200: 3,289: Total time for which application threads were stopped: 0,0127339 seconds, Stopping threads took: 0,0000608 seconds
{Heap before GC invocations=7 (full 1):
 par new generation   total 109248K, used 102340K [0x00000000e0000000, 0x00000000e8000000, 0x00000000e8000000)
  eden space 87424K, 100% used [0x00000000e0000000, 0x00000000e5560000, 0x00000000e5560000)
  from space 21824K,  68% used [0x00000000e6ab0000, 0x00000000e7941300, 0x00000000e8000000)
  to   space 21824K,   0% used [0x00000000e5560000, 0x00000000e5560000, 0x00000000e6ab0000)
 concurrent mark-sweep generation total 393216K, used 0K [0x00000000e8000000, 0x0000000100000000, 0x0000000100000000)
 Metaspace       used 24271K, capacity 24758K, committed 24828K, reserved 1071104K
  class space    used 2849K, capacity 3050K, committed 3068K, reserved 1048576K
2017-05-15T13:35:50.178+0200: 3,382: [GC (Allocation Failure) 2017-05-15T13:35:50.178+0200: 3,382: [ParNew
Desired survivor size 20112992 bytes, new threshold 8 (max 8)
- age   1:    2308280 bytes,    2308280 total
- age   2:    1762616 bytes,    4070896 total
- age   3:      74048 bytes,    4144944 total
- age   4:     100648 bytes,    4245592 total
- age   6:     187680 bytes,    4433272 total
- age   7:     722912 bytes,    5156184 total
- age   8:    6150640 bytes,   11306824 total
: 102340K->19115K(109248K), 0,0184438 secs] 102340K->19115K(502464K), 0,0185407 secs] [Times: user=0,07 sys=0,00, real=0,02 secs] 
Heap after GC invocations=8 (full 1):
 par new generation   total 109248K, used 19115K [0x00000000e0000000, 0x00000000e8000000, 0x00000000e8000000)
  eden space 87424K,   0% used [0x00000000e0000000, 0x00000000e0000000, 0x00000000e5560000)
  from space 21824K,  87% used [0x00000000e5560000, 0x00000000e680ade0, 0x00000000e6ab0000)
  to   space 21824K,   0% used [0x00000000e6ab0000, 0x00000000e6ab0000, 0x00000000e8000000)
 concurrent mark-sweep generation total 393216K, used 0K [0x00000000e8000000, 0x0000000100000000, 0x0000000100000000)
 Metaspace       used 24271K, capacity 24758K, committed 24828K, reserved 1071104K
  class space    used 2849K, capacity 3050K, committed 3068K, reserved 1048576K
}
2017-05-15T13:35:50.197+0200: 3,400: Total time for which application threads were stopped: 0,0189210 seconds, Stopping threads took: 0,0001594 seconds
{Heap before GC invocations=8 (full 1):
 par new generation   total 109248K, used 106539K [0x00000000e0000000, 0x00000000e8000000, 0x00000000e8000000)
  eden space 87424K, 100% used [0x00000000e0000000, 0x00000000e5560000, 0x00000000e5560000)
  from space 21824K,  87% used [0x00000000e5560000, 0x00000000e680ade0, 0x00000000e6ab0000)
  to   space 21824K,   0% used [0x00000000e6ab0000, 0x00000000e6ab0000, 0x00000000e8000000)
 concurrent mark-sweep generation total 393216K, used 0K [0x00000000e8000000, 0x0000000100000000, 0x0000000100000000)
 Metaspace       used 24505K, capacity 24976K, committed 25084K, reserved 1071104K
  class space    used 2869K, capacity 3055K, committed 3068K, reserved 1048576K
2017-05-15T13:35:50.286+0200: 3,490: [GC (Allocation Failure) 2017-05-15T13:35:50.286+0200: 3,490: [ParNew
Desired survivor size 20112992 bytes, new threshold 8 (max 8)
- age   1:     842640 bytes,     842640 total
- age   2:     974904 bytes,    1817544 total
- age   3:    1735904 bytes,    3553448 total
- age   4:      74016 bytes,    3627464 total
- age   5:     100512 bytes,    3727976 total
- age   7:     184848 bytes,    3912824 total
- age   8:     722144 bytes,    4634968 total
: 106539K->6864K(109248K), 0,0283698 secs] 106539K->12953K(502464K), 0,0284386 secs] [Times: user=0,08 sys=0,00, real=0,03 secs] 
Heap after GC invocations=9 (full 1):
 par new generation   total 109248K, used 6864K [0x00000000e0000000, 0x00000000e8000000, 0x00000000e8000000)
  eden space 87424K,   0% used [0x00000000e0000000, 0x00000000e0000000, 0x00000000e5560000)
  from space 21824K,  31% used [0x00000000e6ab0000, 0x00000000e7164040, 0x00000000e8000000)
  to   space 21824K,   0% used [0x00000000e5560000, 0x00000000e5560000, 0x00000000e6ab0000)
 concurrent mark-sweep generation total 393216K, used 6089K [0x00000000e8000000, 0x0000000100000000, 0x0000000100000000)
 Metaspace       used 24505K, capacity 24976K, committed 25084K, reserved 1071104K
  class space    used 2869K, capacity 3055K, committed 3068K, reserved 1048576K
}
2017-05-15T13:35:50.315+0200: 3,519: Total time for which application threads were stopped: 0,0286653 seconds, Stopping threads took: 0,0000421 seconds
2017-05-15T13:35:50.696+0200: 3,900: Total time for which application threads were stopped: 0,0005406 seconds, Stopping threads took: 0,0000453 seconds
2017-05-15T13:35:50.710+0200: 3,914: Total time for which application threads were stopped: 0,0003860 seconds, Stopping threads took: 0,0000200 seconds
2017-05-15T13:35:50.758+0200: 3,962: Total time for which application threads were stopped: 0,0003709 seconds, Stopping threads took: 0,0000207 seconds
2017-05-15T13:35:50.848+0200: 4,052: Total time for which application threads were stopped: 0,0005097 seconds, Stopping threads took: 0,0000585 seconds
2017-05-15T13:35:50.863+0200: 4,066: Total time for which application threads were stopped: 0,0006501 seconds, Stopping threads took: 0,0000613 seconds
2017-05-15T13:35:50.867+0200: 4,070: Total time for which application threads were stopped: 0,0001231 seconds, Stopping threads took: 0,0000409 seconds
2017-05-15T13:35:50.868+0200: 4,072: Total time for which application threads were stopped: 0,0001200 seconds, Stopping threads took: 0,0000488 seconds
2017-05-15T13:35:50.869+0200: 4,072: Total time for which application threads were stopped: 0,0001375 seconds, Stopping threads took: 0,0000441 seconds
2017-05-15T13:35:50.869+0200: 4,073: Total time for which application threads were stopped: 0,0001123 seconds, Stopping threads took: 0,0000293 seconds
2017-05-15T13:35:50.874+0200: 4,078: Total time for which application threads were stopped: 0,0045700 seconds, Stopping threads took: 0,0044700 seconds
2017-05-15T13:35:50.875+0200: 4,079: Total time for which application threads were stopped: 0,0001247 seconds, Stopping threads took: 0,0000393 seconds
2017-05-15T13:35:50.878+0200: 4,081: Total time for which application threads were stopped: 0,0012705 seconds, Stopping threads took: 0,0011691 seconds
2017-05-15T13:35:50.880+0200: 4,084: Total time for which application threads were stopped: 0,0001613 seconds, Stopping threads took: 0,0000518 seconds
2017-05-15T13:35:50.881+0200: 4,085: Total time for which application threads were stopped: 0,0001332 seconds, Stopping threads took: 0,0000457 seconds
2017-05-15T13:35:50.882+0200: 4,086: Total time for which application threads were stopped: 0,0001275 seconds, Stopping threads took: 0,0000315 seconds
2017-05-15T13:35:50.890+0200: 4,094: Total time for which application threads were stopped: 0,0001293 seconds, Stopping threads took: 0,0000374 seconds
2017-05-15T13:35:50.894+0200: 4,098: Total time for which application threads were stopped: 0,0001523 seconds, Stopping threads took: 0,0000433 seconds
2017-05-15T13:35:51.894+0200: 5,098: Total time for which application threads were stopped: 0,0001233 seconds, Stopping threads took: 0,0000363 seconds
{Heap before GC invocations=9 (full 1):
 par new generation   total 109248K, used 94288K [0x00000000e0000000, 0x00000000e8000000, 0x00000000e8000000)
  eden space 87424K, 100% used [0x00000000e0000000, 0x00000000e5560000, 0x00000000e5560000)
  from space 21824K,  31% used [0x00000000e6ab0000, 0x00000000e7164040, 0x00000000e8000000)
  to   space 21824K,   0% used [0x00000000e5560000, 0x00000000e5560000, 0x00000000e6ab0000)
 concurrent mark-sweep generation total 393216K, used 6089K [0x00000000e8000000, 0x0000000100000000, 0x0000000100000000)
 Metaspace       used 28006K, capacity 28490K, committed 28796K, reserved 1075200K
  class space    used 3214K, capacity 3392K, committed 3452K, reserved 1048576K
2017-05-15T13:36:22.666+0200: 35,869: [GC (Allocation Failure) 2017-05-15T13:36:22.666+0200: 35,869: [ParNew
Desired survivor size 20112992 bytes, new threshold 8 (max 8)
- age   1:   11314880 bytes,   11314880 total
- age   2:     178928 bytes,   11493808 total
- age   3:     195208 bytes,   11689016 total
- age   4:    1727328 bytes,   13416344 total
- age   5:      74016 bytes,   13490360 total
- age   6:     100288 bytes,   13590648 total
- age   8:     184288 bytes,   13774936 total
: 94288K->14021K(109248K), 0,0121834 secs] 100377K->20905K(502464K), 0,0122468 secs] [Times: user=0,04 sys=0,00, real=0,02 secs] 
Heap after GC invocations=10 (full 1):
 par new generation   total 109248K, used 14021K [0x00000000e0000000, 0x00000000e8000000, 0x00000000e8000000)
  eden space 87424K,   0% used [0x00000000e0000000, 0x00000000e0000000, 0x00000000e5560000)
  from space 21824K,  64% used [0x00000000e5560000, 0x00000000e6311730, 0x00000000e6ab0000)
  to   space 21824K,   0% used [0x00000000e6ab0000, 0x00000000e6ab0000, 0x00000000e8000000)
 concurrent mark-sweep generation total 393216K, used 6883K [0x00000000e8000000, 0x0000000100000000, 0x0000000100000000)
 Metaspace       used 28006K, capacity 28490K, committed 28796K, reserved 1075200K
  class space    used 3214K, capacity 3392K, committed 3452K, reserved 1048576K
}
2017-05-15T13:36:22.678+0200: 35,882: Total time for which application threads were stopped: 0,0124362 seconds, Stopping threads took: 0,0000491 seconds
2017-05-15T13:37:43.691+0200: 116,895: Total time for which application threads were stopped: 0,0000778 seconds, Stopping threads took: 0,0000319 seconds
2017-05-15T13:37:48.692+0200: 121,895: Total time for which application threads were stopped: 0,0000773 seconds, Stopping threads took: 0,0000178 seconds
2017-05-15T13:38:52.700+0200: 185,904: Total time for which application threads were stopped: 0,0001914 seconds, Stopping threads took: 0,0000769 seconds
2017-05-15T13:40:22.714+0200: 275,918: Total time for which application threads were stopped: 0,0000976 seconds, Stopping threads took: 0,0000386 seconds
2017-05-15T14:05:03.226+0200: 1411,145: Total time for which application threads were stopped: 0,0000981 seconds, Stopping threads took: 0,0000388 seconds
2017-05-15T14:10:04.276+0200: 1712,194: Total time for which application threads were stopped: 0,0001021 seconds, Stopping threads took: 0,0000406 seconds
2017-05-15T14:28:36.204+0200: 2297,455: Total time for which application threads were stopped: 0,0000755 seconds, Stopping threads took: 0,0000283 seconds
2017-05-15T14:28:40.204+0200: 2301,455: Total time for which application threads were stopped: 0,0000698 seconds, Stopping threads took: 0,0000172 seconds
2017-05-15T14:28:41.204+0200: 2302,455: Total time for which application threads were stopped: 0,0001084 seconds, Stopping threads took: 0,0000246 seconds
2017-05-15T14:40:50.295+0200: 3031,546: Total time for which application threads were stopped: 0,0000915 seconds, Stopping threads took: 0,0000360 seconds
2017-05-15T14:43:36.318+0200: 3197,569: Total time for which application threads were stopped: 0,0000921 seconds, Stopping threads took: 0,0000358 seconds
2017-05-15T14:54:10.403+0200: 3831,654: Total time for which application threads were stopped: 0,0000979 seconds, Stopping threads took: 0,0000305 seconds
2017-05-15T15:08:41.515+0200: 4702,766: Total time for which application threads were stopped: 0,0000817 seconds, Stopping threads took: 0,0000318 seconds
2017-05-15T15:30:01.712+0200: 5982,963: Total time for which application threads were stopped: 0,0001602 seconds, Stopping threads took: 0,0000596 seconds
2017-05-15T15:34:40.757+0200: 6262,008: Total time for which application threads were stopped: 0,0001691 seconds, Stopping threads took: 0,0000617 seconds
2017-05-15T15:52:20.924+0200: 7322,175: Total time for which application threads were stopped: 0,0001881 seconds, Stopping threads took: 0,0000574 seconds
2017-05-15T15:58:20.972+0200: 7682,223: Total time for which application threads were stopped: 0,0001095 seconds, Stopping threads took: 0,0000442 seconds
2017-05-15T15:58:50.976+0200: 7712,227: Total time for which application threads were stopped: 0,0000837 seconds, Stopping threads took: 0,0000342 seconds
2017-05-15T17:23:19.898+0200: 12781,149: Total time for which application threads were stopped: 0,0093941 seconds, Stopping threads took: 0,0092572 seconds
2017-05-15T17:23:19.903+0200: 12781,154: Total time for which application threads were stopped: 0,0001382 seconds, Stopping threads took: 0,0000379 seconds
Heap
 par new generation   total 109248K, used 38721K [0x00000000e0000000, 0x00000000e8000000, 0x00000000e8000000)
  eden space 87424K,  28% used [0x00000000e0000000, 0x00000000e181ecd0, 0x00000000e5560000)
  from space 21824K,  64% used [0x00000000e5560000, 0x00000000e6311730, 0x00000000e6ab0000)
  to   space 21824K,   0% used [0x00000000e6ab0000, 0x00000000e6ab0000, 0x00000000e8000000)
 concurrent mark-sweep generation total 393216K, used 6883K [0x00000000e8000000, 0x0000000100000000, 0x0000000100000000)
 Metaspace       used 28173K, capacity 28756K, committed 29052K, reserved 1075200K
  class space    used 3228K, capacity 3395K, committed 3452K, reserved 1048576K
