OpenJDK 64-Bit Server VM (25.131-b11) for linux-amd64 JRE (1.8.0_131-8u131-b11-0ubuntu1.16.04.2-b11), built on May  6 2017 02:45:27 by "buildd" with gcc 5.4.0 20160609
Memory: 4k page, physical 7867740k(7395772k free), swap 8076284k(8076284k free)
CommandLine flags: -XX:CMSInitiatingOccupancyFraction=50 -XX:CMSMaxAbortablePrecleanTime=6000 -XX:+CMSParallelRemarkEnabled -XX:+CMSScavengeBeforeRemark -XX:ConcGCThreads=4 -XX:InitialHeapSize=536870912 -XX:MaxHeapSize=536870912 -XX:MaxTenuringThreshold=8 -XX:NewRatio=3 -XX:OldPLABSize=16 -XX:OnOutOfMemoryError=/opt/solr/bin/oom_solr.sh 8983 /var/solr/logs -XX:ParallelGCThreads=4 -XX:+ParallelRefProcEnabled -XX:PretenureSizeThreshold=67108864 -XX:+PrintGC -XX:+PrintGCApplicationStoppedTime -XX:+PrintGCDateStamps -XX:+PrintGCDetails -XX:+PrintGCTimeStamps -XX:+PrintHeapAtGC -XX:+PrintTenuringDistribution -XX:SurvivorRatio=4 -XX:TargetSurvivorRatio=90 -XX:ThreadStackSize=256 -XX:+UseCMSInitiatingOccupancyOnly -XX:+UseCompressedClassPointers -XX:+UseCompressedOops -XX:+UseConcMarkSweepGC -XX:+UseParNewGC 
2017-05-20T16:17:27.546+0200: 0,124: Total time for which application threads were stopped: 0,0000702 seconds, Stopping threads took: 0,0000136 seconds
2017-05-20T16:17:27.619+0200: 0,197: Total time for which application threads were stopped: 0,0001119 seconds, Stopping threads took: 0,0000166 seconds
2017-05-20T16:17:27.630+0200: 0,208: Total time for which application threads were stopped: 0,0000922 seconds, Stopping threads took: 0,0000301 seconds
2017-05-20T16:17:27.786+0200: 0,363: Total time for which application threads were stopped: 0,0001155 seconds, Stopping threads took: 0,0000091 seconds
2017-05-20T16:17:28.070+0200: 0,648: Total time for which application threads were stopped: 0,0001924 seconds, Stopping threads took: 0,0000149 seconds
2017-05-20T16:17:28.226+0200: 0,803: Total time for which application threads were stopped: 0,0002091 seconds, Stopping threads took: 0,0000238 seconds
2017-05-20T16:17:28.272+0200: 0,850: Total time for which application threads were stopped: 0,0001642 seconds, Stopping threads took: 0,0000249 seconds
2017-05-20T16:17:28.824+0200: 1,402: Total time for which application threads were stopped: 0,0001836 seconds, Stopping threads took: 0,0000245 seconds
2017-05-20T16:17:29.084+0200: 1,661: Total time for which application threads were stopped: 0,0002425 seconds, Stopping threads took: 0,0000150 seconds
2017-05-20T16:17:29.108+0200: 1,686: Total time for which application threads were stopped: 0,0002065 seconds, Stopping threads took: 0,0000279 seconds
2017-05-20T16:17:29.142+0200: 1,720: Total time for which application threads were stopped: 0,0002058 seconds, Stopping threads took: 0,0000173 seconds
2017-05-20T16:17:29.144+0200: 1,722: Total time for which application threads were stopped: 0,0005172 seconds, Stopping threads took: 0,0000844 seconds
2017-05-20T16:17:29.164+0200: 1,742: Total time for which application threads were stopped: 0,0001731 seconds, Stopping threads took: 0,0000122 seconds
2017-05-20T16:17:29.260+0200: 1,837: Total time for which application threads were stopped: 0,0007999 seconds, Stopping threads took: 0,0000933 seconds
2017-05-20T16:17:29.436+0200: 2,014: Total time for which application threads were stopped: 0,0003577 seconds, Stopping threads took: 0,0001337 seconds
{Heap before GC invocations=0 (full 0):
 par new generation   total 109248K, used 87424K [0x00000000e0000000, 0x00000000e8000000, 0x00000000e8000000)
  eden space 87424K, 100% used [0x00000000e0000000, 0x00000000e5560000, 0x00000000e5560000)
  from space 21824K,   0% used [0x00000000e5560000, 0x00000000e5560000, 0x00000000e6ab0000)
  to   space 21824K,   0% used [0x00000000e6ab0000, 0x00000000e6ab0000, 0x00000000e8000000)
 concurrent mark-sweep generation total 393216K, used 0K [0x00000000e8000000, 0x0000000100000000, 0x0000000100000000)
 Metaspace       used 18034K, capacity 18336K, committed 18688K, reserved 1064960K
  class space    used 2041K, capacity 2196K, committed 2304K, reserved 1048576K
2017-05-20T16:17:29.523+0200: 2,101: [GC (Allocation Failure) 2017-05-20T16:17:29.523+0200: 2,101: [ParNew
Desired survivor size 20112992 bytes, new threshold 8 (max 8)
- age   1:   12422528 bytes,   12422528 total
: 87424K->12241K(109248K), 0,0173251 secs] 87424K->12241K(502464K), 0,0174077 secs] [Times: user=0,02 sys=0,03, real=0,02 secs] 
Heap after GC invocations=1 (full 0):
 par new generation   total 109248K, used 12241K [0x00000000e0000000, 0x00000000e8000000, 0x00000000e8000000)
  eden space 87424K,   0% used [0x00000000e0000000, 0x00000000e0000000, 0x00000000e5560000)
  from space 21824K,  56% used [0x00000000e6ab0000, 0x00000000e76a4530, 0x00000000e8000000)
  to   space 21824K,   0% used [0x00000000e5560000, 0x00000000e5560000, 0x00000000e6ab0000)
 concurrent mark-sweep generation total 393216K, used 0K [0x00000000e8000000, 0x0000000100000000, 0x0000000100000000)
 Metaspace       used 18034K, capacity 18336K, committed 18688K, reserved 1064960K
  class space    used 2041K, capacity 2196K, committed 2304K, reserved 1048576K
}
2017-05-20T16:17:29.541+0200: 2,119: Total time for which application threads were stopped: 0,0177229 seconds, Stopping threads took: 0,0001344 seconds
2017-05-20T16:17:29.823+0200: 2,400: Total time for which application threads were stopped: 0,0005994 seconds, Stopping threads took: 0,0000935 seconds
{Heap before GC invocations=1 (full 0):
 par new generation   total 109248K, used 99665K [0x00000000e0000000, 0x00000000e8000000, 0x00000000e8000000)
  eden space 87424K, 100% used [0x00000000e0000000, 0x00000000e5560000, 0x00000000e5560000)
  from space 21824K,  56% used [0x00000000e6ab0000, 0x00000000e76a4530, 0x00000000e8000000)
  to   space 21824K,   0% used [0x00000000e5560000, 0x00000000e5560000, 0x00000000e6ab0000)
 concurrent mark-sweep generation total 393216K, used 0K [0x00000000e8000000, 0x0000000100000000, 0x0000000100000000)
 Metaspace       used 20052K, capacity 20420K, committed 20736K, reserved 1067008K
  class space    used 2292K, capacity 2466K, committed 2560K, reserved 1048576K
2017-05-20T16:17:29.880+0200: 2,458: [GC (Allocation Failure) 2017-05-20T16:17:29.880+0200: 2,458: [ParNew
Desired survivor size 20112992 bytes, new threshold 8 (max 8)
- age   1:    3660704 bytes,    3660704 total
- age   2:    6612384 bytes,   10273088 total
: 99665K->13625K(109248K), 0,0099767 secs] 99665K->13625K(502464K), 0,0100431 secs] [Times: user=0,04 sys=0,00, real=0,01 secs] 
Heap after GC invocations=2 (full 0):
 par new generation   total 109248K, used 13625K [0x00000000e0000000, 0x00000000e8000000, 0x00000000e8000000)
  eden space 87424K,   0% used [0x00000000e0000000, 0x00000000e0000000, 0x00000000e5560000)
  from space 21824K,  62% used [0x00000000e5560000, 0x00000000e62ae6a8, 0x00000000e6ab0000)
  to   space 21824K,   0% used [0x00000000e6ab0000, 0x00000000e6ab0000, 0x00000000e8000000)
 concurrent mark-sweep generation total 393216K, used 0K [0x00000000e8000000, 0x0000000100000000, 0x0000000100000000)
 Metaspace       used 20052K, capacity 20420K, committed 20736K, reserved 1067008K
  class space    used 2292K, capacity 2466K, committed 2560K, reserved 1048576K
}
2017-05-20T16:17:29.890+0200: 2,468: Total time for which application threads were stopped: 0,0120445 seconds, Stopping threads took: 0,0018559 seconds
2017-05-20T16:17:29.897+0200: 2,475: Total time for which application threads were stopped: 0,0016801 seconds, Stopping threads took: 0,0014307 seconds
2017-05-20T16:17:29.925+0200: 2,503: Total time for which application threads were stopped: 0,0003702 seconds, Stopping threads took: 0,0000237 seconds
2017-05-20T16:17:30.054+0200: 2,631: Total time for which application threads were stopped: 0,0001687 seconds, Stopping threads took: 0,0000494 seconds
{Heap before GC invocations=2 (full 0):
 par new generation   total 109248K, used 101049K [0x00000000e0000000, 0x00000000e8000000, 0x00000000e8000000)
  eden space 87424K, 100% used [0x00000000e0000000, 0x00000000e5560000, 0x00000000e5560000)
  from space 21824K,  62% used [0x00000000e5560000, 0x00000000e62ae6a8, 0x00000000e6ab0000)
  to   space 21824K,   0% used [0x00000000e6ab0000, 0x00000000e6ab0000, 0x00000000e8000000)
 concurrent mark-sweep generation total 393216K, used 0K [0x00000000e8000000, 0x0000000100000000, 0x0000000100000000)
 Metaspace       used 20951K, capacity 21278K, committed 21628K, reserved 1069056K
  class space    used 2415K, capacity 2585K, committed 2684K, reserved 1048576K
2017-05-20T16:17:30.096+0200: 2,674: [GC (Allocation Failure) 2017-05-20T16:17:30.096+0200: 2,674: [ParNew
Desired survivor size 20112992 bytes, new threshold 8 (max 8)
- age   1:    2091968 bytes,    2091968 total
- age   2:     907272 bytes,    2999240 total
- age   3:    6611704 bytes,    9610944 total
: 101049K->14271K(109248K), 0,0187244 secs] 101049K->14271K(502464K), 0,0188127 secs] [Times: user=0,07 sys=0,00, real=0,02 secs] 
Heap after GC invocations=3 (full 0):
 par new generation   total 109248K, used 14271K [0x00000000e0000000, 0x00000000e8000000, 0x00000000e8000000)
  eden space 87424K,   0% used [0x00000000e0000000, 0x00000000e0000000, 0x00000000e5560000)
  from space 21824K,  65% used [0x00000000e6ab0000, 0x00000000e789fe90, 0x00000000e8000000)
  to   space 21824K,   0% used [0x00000000e5560000, 0x00000000e5560000, 0x00000000e6ab0000)
 concurrent mark-sweep generation total 393216K, used 0K [0x00000000e8000000, 0x0000000100000000, 0x0000000100000000)
 Metaspace       used 20951K, capacity 21278K, committed 21628K, reserved 1069056K
  class space    used 2415K, capacity 2585K, committed 2684K, reserved 1048576K
}
2017-05-20T16:17:30.115+0200: 2,692: Total time for which application threads were stopped: 0,0191402 seconds, Stopping threads took: 0,0001609 seconds
2017-05-20T16:17:30.121+0200: 2,699: [GC (CMS Initial Mark) [1 CMS-initial-mark: 0K(393216K)] 19708K(502464K), 0,0056381 secs] [Times: user=0,02 sys=0,00, real=0,01 secs] 
2017-05-20T16:17:30.127+0200: 2,704: Total time for which application threads were stopped: 0,0058046 seconds, Stopping threads took: 0,0000471 seconds
2017-05-20T16:17:30.127+0200: 2,705: [CMS-concurrent-mark-start]
2017-05-20T16:17:30.128+0200: 2,705: [CMS-concurrent-mark: 0,001/0,001 secs] [Times: user=0,00 sys=0,00, real=0,00 secs] 
2017-05-20T16:17:30.128+0200: 2,705: [CMS-concurrent-preclean-start]
2017-05-20T16:17:30.129+0200: 2,707: [CMS-concurrent-preclean: 0,001/0,001 secs] [Times: user=0,01 sys=0,00, real=0,00 secs] 
2017-05-20T16:17:30.129+0200: 2,707: [CMS-concurrent-abortable-preclean-start]
2017-05-20T16:17:30.193+0200: 2,771: Total time for which application threads were stopped: 0,0001388 seconds, Stopping threads took: 0,0000606 seconds
{Heap before GC invocations=3 (full 1):
 par new generation   total 109248K, used 101695K [0x00000000e0000000, 0x00000000e8000000, 0x00000000e8000000)
  eden space 87424K, 100% used [0x00000000e0000000, 0x00000000e5560000, 0x00000000e5560000)
  from space 21824K,  65% used [0x00000000e6ab0000, 0x00000000e789fe90, 0x00000000e8000000)
  to   space 21824K,   0% used [0x00000000e5560000, 0x00000000e5560000, 0x00000000e6ab0000)
 concurrent mark-sweep generation total 393216K, used 0K [0x00000000e8000000, 0x0000000100000000, 0x0000000100000000)
 Metaspace       used 21247K, capacity 21618K, committed 21884K, reserved 1069056K
  class space    used 2444K, capacity 2600K, committed 2684K, reserved 1048576K
2017-05-20T16:17:30.240+0200: 2,818: [GC (Allocation Failure) 2017-05-20T16:17:30.240+0200: 2,818: [ParNew
Desired survivor size 20112992 bytes, new threshold 8 (max 8)
- age   1:    1022872 bytes,    1022872 total
- age   2:    1450432 bytes,    2473304 total
- age   3:     871928 bytes,    3345232 total
- age   4:    6611472 bytes,    9956704 total
: 101695K->11320K(109248K), 0,0100024 secs] 101695K->11320K(502464K), 0,0100786 secs] [Times: user=0,04 sys=0,00, real=0,01 secs] 
Heap after GC invocations=4 (full 1):
 par new generation   total 109248K, used 11320K [0x00000000e0000000, 0x00000000e8000000, 0x00000000e8000000)
  eden space 87424K,   0% used [0x00000000e0000000, 0x00000000e0000000, 0x00000000e5560000)
  from space 21824K,  51% used [0x00000000e5560000, 0x00000000e606e200, 0x00000000e6ab0000)
  to   space 21824K,   0% used [0x00000000e6ab0000, 0x00000000e6ab0000, 0x00000000e8000000)
 concurrent mark-sweep generation total 393216K, used 0K [0x00000000e8000000, 0x0000000100000000, 0x0000000100000000)
 Metaspace       used 21247K, capacity 21618K, committed 21884K, reserved 1069056K
  class space    used 2444K, capacity 2600K, committed 2684K, reserved 1048576K
}
2017-05-20T16:17:30.250+0200: 2,828: Total time for which application threads were stopped: 0,0103105 seconds, Stopping threads took: 0,0000632 seconds
2017-05-20T16:17:30.251+0200: 2,828: [CMS-concurrent-abortable-preclean: 0,065/0,122 secs] [Times: user=0,44 sys=0,01, real=0,12 secs] 
2017-05-20T16:17:30.254+0200: 2,832: [GC (CMS Final Remark) [YG occupancy: 14119 K (109248 K)]{Heap before GC invocations=4 (full 1):
 par new generation   total 109248K, used 14119K [0x00000000e0000000, 0x00000000e8000000, 0x00000000e8000000)
  eden space 87424K,   3% used [0x00000000e0000000, 0x00000000e02bbaa8, 0x00000000e5560000)
  from space 21824K,  51% used [0x00000000e5560000, 0x00000000e606e200, 0x00000000e6ab0000)
  to   space 21824K,   0% used [0x00000000e6ab0000, 0x00000000e6ab0000, 0x00000000e8000000)
 concurrent mark-sweep generation total 393216K, used 0K [0x00000000e8000000, 0x0000000100000000, 0x0000000100000000)
 Metaspace       used 21247K, capacity 21618K, committed 21884K, reserved 1069056K
  class space    used 2444K, capacity 2600K, committed 2684K, reserved 1048576K
2017-05-20T16:17:30.254+0200: 2,832: [GC (CMS Final Remark) 2017-05-20T16:17:30.254+0200: 2,832: [ParNew
Desired survivor size 20112992 bytes, new threshold 8 (max 8)
- age   1:     616120 bytes,     616120 total
- age   2:     694112 bytes,    1310232 total
- age   3:    1450432 bytes,    2760664 total
- age   4:     871928 bytes,    3632592 total
- age   5:    6611528 bytes,   10244120 total
: 14119K->14412K(109248K), 0,0100647 secs] 14119K->14412K(502464K), 0,0101065 secs] [Times: user=0,03 sys=0,00, real=0,01 secs] 
Heap after GC invocations=5 (full 1):
 par new generation   total 109248K, used 14412K [0x00000000e0000000, 0x00000000e8000000, 0x00000000e8000000)
  eden space 87424K,   0% used [0x00000000e0000000, 0x00000000e0000000, 0x00000000e5560000)
  from space 21824K,  66% used [0x00000000e6ab0000, 0x00000000e78c32e8, 0x00000000e8000000)
  to   space 21824K,   0% used [0x00000000e5560000, 0x00000000e5560000, 0x00000000e6ab0000)
 concurrent mark-sweep generation total 393216K, used 0K [0x00000000e8000000, 0x0000000100000000, 0x0000000100000000)
 Metaspace       used 21247K, capacity 21618K, committed 21884K, reserved 1069056K
  class space    used 2444K, capacity 2600K, committed 2684K, reserved 1048576K
}
2017-05-20T16:17:30.264+0200: 2,842: [Rescan (parallel) , 0,0033887 secs]2017-05-20T16:17:30.268+0200: 2,846: [weak refs processing, 0,0012574 secs]2017-05-20T16:17:30.269+0200: 2,847: [class unloading, 0,0028802 secs]2017-05-20T16:17:30.272+0200: 2,850: [scrub symbol table, 0,0025484 secs]2017-05-20T16:17:30.275+0200: 2,852: [scrub string table, 0,0003635 secs][1 CMS-remark: 0K(393216K)] 14412K(502464K), 0,0212046 secs] [Times: user=0,05 sys=0,00, real=0,02 secs] 
2017-05-20T16:17:30.276+0200: 2,853: Total time for which application threads were stopped: 0,0213436 seconds, Stopping threads took: 0,0000645 seconds
2017-05-20T16:17:30.286+0200: 2,864: [CMS-concurrent-sweep-start]
2017-05-20T16:17:30.286+0200: 2,864: [CMS-concurrent-sweep: 0,000/0,000 secs] [Times: user=0,00 sys=0,00, real=0,00 secs] 
2017-05-20T16:17:30.286+0200: 2,864: [CMS-concurrent-reset-start]
2017-05-20T16:17:30.288+0200: 2,866: [CMS-concurrent-reset: 0,002/0,002 secs] [Times: user=0,01 sys=0,00, real=0,00 secs] 
{Heap before GC invocations=5 (full 1):
 par new generation   total 109248K, used 101836K [0x00000000e0000000, 0x00000000e8000000, 0x00000000e8000000)
  eden space 87424K, 100% used [0x00000000e0000000, 0x00000000e5560000, 0x00000000e5560000)
  from space 21824K,  66% used [0x00000000e6ab0000, 0x00000000e78c32e8, 0x00000000e8000000)
  to   space 21824K,   0% used [0x00000000e5560000, 0x00000000e5560000, 0x00000000e6ab0000)
 concurrent mark-sweep generation total 393216K, used 0K [0x00000000e8000000, 0x0000000100000000, 0x0000000100000000)
 Metaspace       used 21377K, capacity 21790K, committed 21884K, reserved 1069056K
  class space    used 2464K, capacity 2634K, committed 2684K, reserved 1048576K
2017-05-20T16:17:30.379+0200: 2,956: [GC (Allocation Failure) 2017-05-20T16:17:30.379+0200: 2,957: [ParNew
Desired survivor size 20112992 bytes, new threshold 8 (max 8)
- age   1:     441416 bytes,     441416 total
- age   2:        928 bytes,     442344 total
- age   3:     190384 bytes,     632728 total
- age   4:    1450184 bytes,    2082912 total
- age   5:     871816 bytes,    2954728 total
- age   6:    6611472 bytes,    9566200 total
: 101836K->11620K(109248K), 0,0096420 secs] 101836K->11620K(502464K), 0,0097217 secs] [Times: user=0,03 sys=0,00, real=0,01 secs] 
Heap after GC invocations=6 (full 1):
 par new generation   total 109248K, used 11620K [0x00000000e0000000, 0x00000000e8000000, 0x00000000e8000000)
  eden space 87424K,   0% used [0x00000000e0000000, 0x00000000e0000000, 0x00000000e5560000)
  from space 21824K,  53% used [0x00000000e5560000, 0x00000000e60b9380, 0x00000000e6ab0000)
  to   space 21824K,   0% used [0x00000000e6ab0000, 0x00000000e6ab0000, 0x00000000e8000000)
 concurrent mark-sweep generation total 393216K, used 0K [0x00000000e8000000, 0x0000000100000000, 0x0000000100000000)
 Metaspace       used 21377K, capacity 21790K, committed 21884K, reserved 1069056K
  class space    used 2464K, capacity 2634K, committed 2684K, reserved 1048576K
}
2017-05-20T16:17:30.388+0200: 2,966: Total time for which application threads were stopped: 0,0099529 seconds, Stopping threads took: 0,0000611 seconds
2017-05-20T16:17:30.425+0200: 3,003: Total time for which application threads were stopped: 0,0003334 seconds, Stopping threads took: 0,0000238 seconds
2017-05-20T16:17:30.678+0200: 3,256: Total time for which application threads were stopped: 0,0004789 seconds, Stopping threads took: 0,0000435 seconds
2017-05-20T16:17:30.690+0200: 3,268: Total time for which application threads were stopped: 0,0006263 seconds, Stopping threads took: 0,0002657 seconds
{Heap before GC invocations=6 (full 1):
 par new generation   total 109248K, used 99044K [0x00000000e0000000, 0x00000000e8000000, 0x00000000e8000000)
  eden space 87424K, 100% used [0x00000000e0000000, 0x00000000e5560000, 0x00000000e5560000)
  from space 21824K,  53% used [0x00000000e5560000, 0x00000000e60b9380, 0x00000000e6ab0000)
  to   space 21824K,   0% used [0x00000000e6ab0000, 0x00000000e6ab0000, 0x00000000e8000000)
 concurrent mark-sweep generation total 393216K, used 0K [0x00000000e8000000, 0x0000000100000000, 0x0000000100000000)
 Metaspace       used 23799K, capacity 24222K, committed 24572K, reserved 1071104K
  class space    used 2792K, capacity 2976K, committed 3068K, reserved 1048576K
2017-05-20T16:17:30.846+0200: 3,423: [GC (Allocation Failure) 2017-05-20T16:17:30.846+0200: 3,423: [ParNew
Desired survivor size 20112992 bytes, new threshold 8 (max 8)
- age   1:    5141016 bytes,    5141016 total
- age   2:     123568 bytes,    5264584 total
- age   3:        928 bytes,    5265512 total
- age   4:     188960 bytes,    5454472 total
- age   5:     280488 bytes,    5734960 total
- age   6:     847520 bytes,    6582480 total
- age   7:    6603184 bytes,   13185664 total
: 99044K->16918K(109248K), 0,0162882 secs] 99044K->16918K(502464K), 0,0163594 secs] [Times: user=0,06 sys=0,00, real=0,02 secs] 
Heap after GC invocations=7 (full 1):
 par new generation   total 109248K, used 16918K [0x00000000e0000000, 0x00000000e8000000, 0x00000000e8000000)
  eden space 87424K,   0% used [0x00000000e0000000, 0x00000000e0000000, 0x00000000e5560000)
  from space 21824K,  77% used [0x00000000e6ab0000, 0x00000000e7b35880, 0x00000000e8000000)
  to   space 21824K,   0% used [0x00000000e5560000, 0x00000000e5560000, 0x00000000e6ab0000)
 concurrent mark-sweep generation total 393216K, used 0K [0x00000000e8000000, 0x0000000100000000, 0x0000000100000000)
 Metaspace       used 23799K, capacity 24222K, committed 24572K, reserved 1071104K
  class space    used 2792K, capacity 2976K, committed 3068K, reserved 1048576K
}
2017-05-20T16:17:30.862+0200: 3,440: Total time for which application threads were stopped: 0,0166346 seconds, Stopping threads took: 0,0000526 seconds
{Heap before GC invocations=7 (full 1):
 par new generation   total 109248K, used 104342K [0x00000000e0000000, 0x00000000e8000000, 0x00000000e8000000)
  eden space 87424K, 100% used [0x00000000e0000000, 0x00000000e5560000, 0x00000000e5560000)
  from space 21824K,  77% used [0x00000000e6ab0000, 0x00000000e7b35880, 0x00000000e8000000)
  to   space 21824K,   0% used [0x00000000e5560000, 0x00000000e5560000, 0x00000000e6ab0000)
 concurrent mark-sweep generation total 393216K, used 0K [0x00000000e8000000, 0x0000000100000000, 0x0000000100000000)
 Metaspace       used 24068K, capacity 24516K, committed 24828K, reserved 1071104K
  class space    used 2832K, capacity 3009K, committed 3068K, reserved 1048576K
2017-05-20T16:17:30.938+0200: 3,516: [GC (Allocation Failure) 2017-05-20T16:17:30.938+0200: 3,516: [ParNew
Desired survivor size 20112992 bytes, new threshold 8 (max 8)
- age   1:    2133864 bytes,    2133864 total
- age   2:    1745936 bytes,    3879800 total
- age   3:      63408 bytes,    3943208 total
- age   4:        928 bytes,    3944136 total
- age   5:     112032 bytes,    4056168 total
- age   6:     184072 bytes,    4240240 total
- age   7:     762296 bytes,    5002536 total
- age   8:    6112032 bytes,   11114568 total
: 104342K->13886K(109248K), 0,0119759 secs] 104342K->13886K(502464K), 0,0120483 secs] [Times: user=0,04 sys=0,00, real=0,01 secs] 
Heap after GC invocations=8 (full 1):
 par new generation   total 109248K, used 13886K [0x00000000e0000000, 0x00000000e8000000, 0x00000000e8000000)
  eden space 87424K,   0% used [0x00000000e0000000, 0x00000000e0000000, 0x00000000e5560000)
  from space 21824K,  63% used [0x00000000e5560000, 0x00000000e62efbc0, 0x00000000e6ab0000)
  to   space 21824K,   0% used [0x00000000e6ab0000, 0x00000000e6ab0000, 0x00000000e8000000)
 concurrent mark-sweep generation total 393216K, used 0K [0x00000000e8000000, 0x0000000100000000, 0x0000000100000000)
 Metaspace       used 24068K, capacity 24516K, committed 24828K, reserved 1071104K
  class space    used 2832K, capacity 3009K, committed 3068K, reserved 1048576K
}
2017-05-20T16:17:30.950+0200: 3,528: Total time for which application threads were stopped: 0,0150752 seconds, Stopping threads took: 0,0028746 seconds
{Heap before GC invocations=8 (full 1):
 par new generation   total 109248K, used 101310K [0x00000000e0000000, 0x00000000e8000000, 0x00000000e8000000)
  eden space 87424K, 100% used [0x00000000e0000000, 0x00000000e5560000, 0x00000000e5560000)
  from space 21824K,  63% used [0x00000000e5560000, 0x00000000e62efbc0, 0x00000000e6ab0000)
  to   space 21824K,   0% used [0x00000000e6ab0000, 0x00000000e6ab0000, 0x00000000e8000000)
 concurrent mark-sweep generation total 393216K, used 0K [0x00000000e8000000, 0x0000000100000000, 0x0000000100000000)
 Metaspace       used 25003K, capacity 25502K, committed 25724K, reserved 1071104K
  class space    used 2905K, capacity 3078K, committed 3196K, reserved 1048576K
2017-05-20T16:17:31.088+0200: 3,666: [GC (Allocation Failure) 2017-05-20T16:17:31.088+0200: 3,666: [ParNew
Desired survivor size 20112992 bytes, new threshold 8 (max 8)
- age   1:    1756552 bytes,    1756552 total
- age   2:     978048 bytes,    2734600 total
- age   3:    1721720 bytes,    4456320 total
- age   4:      63408 bytes,    4519728 total
- age   5:        928 bytes,    4520656 total
- age   6:     109256 bytes,    4629912 total
- age   7:     180720 bytes,    4810632 total
- age   8:     760824 bytes,    5571456 total
: 101310K->9876K(109248K), 0,0308605 secs] 101310K->15927K(502464K), 0,0309226 secs] [Times: user=0,10 sys=0,00, real=0,03 secs] 
Heap after GC invocations=9 (full 1):
 par new generation   total 109248K, used 9876K [0x00000000e0000000, 0x00000000e8000000, 0x00000000e8000000)
  eden space 87424K,   0% used [0x00000000e0000000, 0x00000000e0000000, 0x00000000e5560000)
  from space 21824K,  45% used [0x00000000e6ab0000, 0x00000000e7455120, 0x00000000e8000000)
  to   space 21824K,   0% used [0x00000000e5560000, 0x00000000e5560000, 0x00000000e6ab0000)
 concurrent mark-sweep generation total 393216K, used 6050K [0x00000000e8000000, 0x0000000100000000, 0x0000000100000000)
 Metaspace       used 25003K, capacity 25502K, committed 25724K, reserved 1071104K
  class space    used 2905K, capacity 3078K, committed 3196K, reserved 1048576K
}
2017-05-20T16:17:31.119+0200: 3,697: Total time for which application threads were stopped: 0,0315795 seconds, Stopping threads took: 0,0004959 seconds
2017-05-20T16:17:31.389+0200: 3,967: Total time for which application threads were stopped: 0,0004368 seconds, Stopping threads took: 0,0000560 seconds
2017-05-20T16:17:31.401+0200: 3,978: Total time for which application threads were stopped: 0,0003680 seconds, Stopping threads took: 0,0000189 seconds
2017-05-20T16:17:31.444+0200: 4,022: Total time for which application threads were stopped: 0,0009593 seconds, Stopping threads took: 0,0005311 seconds
2017-05-20T16:17:31.474+0200: 4,052: Total time for which application threads were stopped: 0,0007738 seconds, Stopping threads took: 0,0002182 seconds
2017-05-20T16:17:31.482+0200: 4,060: Total time for which application threads were stopped: 0,0001525 seconds, Stopping threads took: 0,0000511 seconds
2017-05-20T16:17:31.482+0200: 4,060: Total time for which application threads were stopped: 0,0000952 seconds, Stopping threads took: 0,0000248 seconds
2017-05-20T16:17:31.482+0200: 4,060: Total time for which application threads were stopped: 0,0001227 seconds, Stopping threads took: 0,0000369 seconds
2017-05-20T16:17:31.482+0200: 4,060: Total time for which application threads were stopped: 0,0000851 seconds, Stopping threads took: 0,0000231 seconds
2017-05-20T16:17:31.485+0200: 4,062: Total time for which application threads were stopped: 0,0001173 seconds, Stopping threads took: 0,0000434 seconds
2017-05-20T16:17:31.485+0200: 4,063: Total time for which application threads were stopped: 0,0000798 seconds, Stopping threads took: 0,0000301 seconds
2017-05-20T16:17:31.485+0200: 4,063: Total time for which application threads were stopped: 0,0000629 seconds, Stopping threads took: 0,0000204 seconds
2017-05-20T16:17:31.485+0200: 4,063: Total time for which application threads were stopped: 0,0000695 seconds, Stopping threads took: 0,0000172 seconds
2017-05-20T16:17:31.485+0200: 4,063: Total time for which application threads were stopped: 0,0000523 seconds, Stopping threads took: 0,0000168 seconds
2017-05-20T16:17:31.486+0200: 4,064: Total time for which application threads were stopped: 0,0001071 seconds, Stopping threads took: 0,0000374 seconds
2017-05-20T16:17:31.490+0200: 4,068: Total time for which application threads were stopped: 0,0038622 seconds, Stopping threads took: 0,0038000 seconds
2017-05-20T16:17:31.490+0200: 4,068: Total time for which application threads were stopped: 0,0000724 seconds, Stopping threads took: 0,0000250 seconds
2017-05-20T16:17:31.491+0200: 4,068: Total time for which application threads were stopped: 0,0000710 seconds, Stopping threads took: 0,0000315 seconds
2017-05-20T16:17:31.491+0200: 4,069: Total time for which application threads were stopped: 0,0000701 seconds, Stopping threads took: 0,0000306 seconds
2017-05-20T16:17:31.491+0200: 4,069: Total time for which application threads were stopped: 0,0000516 seconds, Stopping threads took: 0,0000205 seconds
2017-05-20T16:17:31.491+0200: 4,069: Total time for which application threads were stopped: 0,0000648 seconds, Stopping threads took: 0,0000182 seconds
2017-05-20T16:17:31.491+0200: 4,069: Total time for which application threads were stopped: 0,0000539 seconds, Stopping threads took: 0,0000152 seconds
2017-05-20T16:17:31.491+0200: 4,069: Total time for which application threads were stopped: 0,0000692 seconds, Stopping threads took: 0,0000319 seconds
2017-05-20T16:17:31.491+0200: 4,069: Total time for which application threads were stopped: 0,0000653 seconds, Stopping threads took: 0,0000233 seconds
2017-05-20T16:17:31.492+0200: 4,069: Total time for which application threads were stopped: 0,0001298 seconds, Stopping threads took: 0,0000145 seconds
2017-05-20T16:17:31.492+0200: 4,070: Total time for which application threads were stopped: 0,0000922 seconds, Stopping threads took: 0,0000331 seconds
2017-05-20T16:17:31.492+0200: 4,070: Total time for which application threads were stopped: 0,0000574 seconds, Stopping threads took: 0,0000197 seconds
2017-05-20T16:17:31.492+0200: 4,070: Total time for which application threads were stopped: 0,0000547 seconds, Stopping threads took: 0,0000207 seconds
2017-05-20T16:17:31.492+0200: 4,070: Total time for which application threads were stopped: 0,0000585 seconds, Stopping threads took: 0,0000182 seconds
2017-05-20T16:17:31.493+0200: 4,070: Total time for which application threads were stopped: 0,0000571 seconds, Stopping threads took: 0,0000171 seconds
2017-05-20T16:17:31.493+0200: 4,070: Total time for which application threads were stopped: 0,0000674 seconds, Stopping threads took: 0,0000173 seconds
2017-05-20T16:17:31.493+0200: 4,071: Total time for which application threads were stopped: 0,0000772 seconds, Stopping threads took: 0,0000238 seconds
2017-05-20T16:17:31.493+0200: 4,071: Total time for which application threads were stopped: 0,0001033 seconds, Stopping threads took: 0,0000718 seconds
2017-05-20T16:17:31.494+0200: 4,072: Total time for which application threads were stopped: 0,0000687 seconds, Stopping threads took: 0,0000135 seconds
2017-05-20T16:17:31.495+0200: 4,072: Total time for which application threads were stopped: 0,0000648 seconds, Stopping threads took: 0,0000190 seconds
2017-05-20T16:17:31.495+0200: 4,073: Total time for which application threads were stopped: 0,0000767 seconds, Stopping threads took: 0,0000267 seconds
2017-05-20T16:17:31.496+0200: 4,074: Total time for which application threads were stopped: 0,0000935 seconds, Stopping threads took: 0,0000310 seconds
2017-05-20T16:17:31.496+0200: 4,074: Total time for which application threads were stopped: 0,0000569 seconds, Stopping threads took: 0,0000122 seconds
2017-05-20T16:17:31.497+0200: 4,075: Total time for which application threads were stopped: 0,0000597 seconds, Stopping threads took: 0,0000142 seconds
2017-05-20T16:17:31.497+0200: 4,075: Total time for which application threads were stopped: 0,0000495 seconds, Stopping threads took: 0,0000089 seconds
2017-05-20T16:17:31.497+0200: 4,075: Total time for which application threads were stopped: 0,0000456 seconds, Stopping threads took: 0,0000100 seconds
2017-05-20T16:17:31.498+0200: 4,076: Total time for which application threads were stopped: 0,0000471 seconds, Stopping threads took: 0,0000094 seconds
2017-05-20T16:17:31.498+0200: 4,076: Total time for which application threads were stopped: 0,0000559 seconds, Stopping threads took: 0,0000096 seconds
2017-05-20T16:17:31.499+0200: 4,077: Total time for which application threads were stopped: 0,0000506 seconds, Stopping threads took: 0,0000140 seconds
2017-05-20T16:17:31.499+0200: 4,077: Total time for which application threads were stopped: 0,0001115 seconds, Stopping threads took: 0,0000086 seconds
2017-05-20T16:17:31.530+0200: 4,108: Total time for which application threads were stopped: 0,0019715 seconds, Stopping threads took: 0,0018760 seconds
2017-05-20T16:17:31.551+0200: 4,129: Total time for which application threads were stopped: 0,0000959 seconds, Stopping threads took: 0,0000313 seconds
2017-05-20T16:17:31.552+0200: 4,130: Total time for which application threads were stopped: 0,0003516 seconds, Stopping threads took: 0,0000079 seconds
2017-05-20T16:17:31.552+0200: 4,130: Total time for which application threads were stopped: 0,0000684 seconds, Stopping threads took: 0,0000258 seconds
2017-05-20T16:17:32.553+0200: 5,130: Total time for which application threads were stopped: 0,0001001 seconds, Stopping threads took: 0,0000173 seconds
2017-05-20T16:17:33.553+0200: 6,131: Total time for which application threads were stopped: 0,0000615 seconds, Stopping threads took: 0,0000163 seconds
2017-05-20T16:17:49.555+0200: 22,133: Total time for which application threads were stopped: 0,0000649 seconds, Stopping threads took: 0,0000169 seconds
2017-05-20T16:17:59.556+0200: 32,134: Total time for which application threads were stopped: 0,0000631 seconds, Stopping threads took: 0,0000158 seconds
2017-05-20T16:18:54.565+0200: 87,143: Total time for which application threads were stopped: 0,0001706 seconds, Stopping threads took: 0,0000701 seconds
2017-05-20T16:19:29.571+0200: 122,149: Total time for which application threads were stopped: 0,0000825 seconds, Stopping threads took: 0,0000331 seconds
2017-05-20T16:19:34.572+0200: 127,150: Total time for which application threads were stopped: 0,0005676 seconds, Stopping threads took: 0,0001429 seconds
{Heap before GC invocations=9 (full 1):
 par new generation   total 109248K, used 97300K [0x00000000e0000000, 0x00000000e8000000, 0x00000000e8000000)
  eden space 87424K, 100% used [0x00000000e0000000, 0x00000000e5560000, 0x00000000e5560000)
  from space 21824K,  45% used [0x00000000e6ab0000, 0x00000000e7455120, 0x00000000e8000000)
  to   space 21824K,   0% used [0x00000000e5560000, 0x00000000e5560000, 0x00000000e6ab0000)
 concurrent mark-sweep generation total 393216K, used 6050K [0x00000000e8000000, 0x0000000100000000, 0x0000000100000000)
 Metaspace       used 27989K, capacity 28542K, committed 28796K, reserved 1075200K
  class space    used 3210K, capacity 3384K, committed 3452K, reserved 1048576K
2017-05-20T16:20:23.106+0200: 175,684: [GC (Allocation Failure) 2017-05-20T16:20:23.106+0200: 175,684: [ParNew
Desired survivor size 20112992 bytes, new threshold 8 (max 8)
- age   1:   10706000 bytes,   10706000 total
- age   2:     328640 bytes,   11034640 total
- age   3:     198824 bytes,   11233464 total
- age   4:    1717016 bytes,   12950480 total
- age   5:      63408 bytes,   13013888 total
- age   6:        928 bytes,   13014816 total
- age   7:     109128 bytes,   13123944 total
- age   8:     180624 bytes,   13304568 total
: 97300K->15260K(109248K), 0,0176830 secs] 103351K->22142K(502464K), 0,0177887 secs] [Times: user=0,03 sys=0,02, real=0,01 secs] 
Heap after GC invocations=10 (full 1):
 par new generation   total 109248K, used 15260K [0x00000000e0000000, 0x00000000e8000000, 0x00000000e8000000)
  eden space 87424K,   0% used [0x00000000e0000000, 0x00000000e0000000, 0x00000000e5560000)
  from space 21824K,  69% used [0x00000000e5560000, 0x00000000e6447258, 0x00000000e6ab0000)
  to   space 21824K,   0% used [0x00000000e6ab0000, 0x00000000e6ab0000, 0x00000000e8000000)
 concurrent mark-sweep generation total 393216K, used 6881K [0x00000000e8000000, 0x0000000100000000, 0x0000000100000000)
 Metaspace       used 27989K, capacity 28542K, committed 28796K, reserved 1075200K
  class space    used 3210K, capacity 3384K, committed 3452K, reserved 1048576K
}
2017-05-20T16:20:23.124+0200: 175,702: Total time for which application threads were stopped: 0,0181862 seconds, Stopping threads took: 0,0002482 seconds
2017-05-20T16:20:28.125+0200: 180,703: Total time for which application threads were stopped: 0,0001036 seconds, Stopping threads took: 0,0000466 seconds
2017-05-20T16:21:59.134+0200: 271,712: Total time for which application threads were stopped: 0,0001020 seconds, Stopping threads took: 0,0000411 seconds
2017-05-20T16:22:00.135+0200: 272,713: Total time for which application threads were stopped: 0,0002631 seconds, Stopping threads took: 0,0001225 seconds
2017-05-20T16:22:05.135+0200: 277,713: Total time for which application threads were stopped: 0,0001137 seconds, Stopping threads took: 0,0000271 seconds
2017-05-20T16:27:28.173+0200: 600,751: Total time for which application threads were stopped: 0,0000988 seconds, Stopping threads took: 0,0000357 seconds
2017-05-20T16:40:53.273+0200: 1405,850: Total time for which application threads were stopped: 0,0001130 seconds, Stopping threads took: 0,0000394 seconds
2017-05-20T16:44:08.298+0200: 1600,876: Total time for which application threads were stopped: 0,0000889 seconds, Stopping threads took: 0,0000328 seconds
2017-05-20T16:55:48.378+0200: 2300,956: Total time for which application threads were stopped: 0,0001011 seconds, Stopping threads took: 0,0000378 seconds
2017-05-20T16:55:49.378+0200: 2301,956: Total time for which application threads were stopped: 0,0000656 seconds, Stopping threads took: 0,0000154 seconds
2017-05-20T17:13:54.501+0200: 3387,078: Total time for which application threads were stopped: 0,0001085 seconds, Stopping threads took: 0,0000400 seconds
2017-05-20T17:23:13.568+0200: 3946,146: Total time for which application threads were stopped: 0,0005345 seconds, Stopping threads took: 0,0001551 seconds
2017-05-20T17:23:29.570+0200: 3962,148: Total time for which application threads were stopped: 0,0000633 seconds, Stopping threads took: 0,0000148 seconds
2017-05-20T17:38:59.682+0200: 4892,260: Total time for which application threads were stopped: 0,0001296 seconds, Stopping threads took: 0,0000505 seconds
2017-05-20T17:40:24.694+0200: 4977,272: Total time for which application threads were stopped: 0,0001134 seconds, Stopping threads took: 0,0000439 seconds
2017-05-20T18:13:34.949+0200: 6967,526: Total time for which application threads were stopped: 0,0004501 seconds, Stopping threads took: 0,0001675 seconds
2017-05-20T18:18:58.987+0200: 7291,565: Total time for which application threads were stopped: 0,0000771 seconds, Stopping threads took: 0,0000292 seconds
2017-05-20T18:19:28.992+0200: 7321,570: Total time for which application threads were stopped: 0,0001626 seconds, Stopping threads took: 0,0000610 seconds
2017-05-20T18:20:29.002+0200: 7381,580: Total time for which application threads were stopped: 0,0000892 seconds, Stopping threads took: 0,0000345 seconds
2017-05-20T18:25:29.048+0200: 7681,626: Total time for which application threads were stopped: 0,0000768 seconds, Stopping threads took: 0,0000269 seconds
2017-05-20T19:29:59.465+0200: 11552,042: Total time for which application threads were stopped: 0,0001680 seconds, Stopping threads took: 0,0000613 seconds
2017-05-20T20:33:29.047+0200: 15361,624: Total time for which application threads were stopped: 0,0001712 seconds, Stopping threads took: 0,0000657 seconds
2017-05-20T22:42:29.190+0200: 23101,768: Total time for which application threads were stopped: 0,0000972 seconds, Stopping threads took: 0,0000386 seconds
2017-05-21T00:25:56.608+0200: 29309,186: Total time for which application threads were stopped: 0,0071678 seconds, Stopping threads took: 0,0070686 seconds
2017-05-21T00:25:56.609+0200: 29309,187: Total time for which application threads were stopped: 0,0000861 seconds, Stopping threads took: 0,0000243 seconds
2017-05-21T00:25:56.678+0200: 29309,256: Total time for which application threads were stopped: 0,0001426 seconds, Stopping threads took: 0,0000229 seconds
2017-05-21T00:25:56.685+0200: 29309,263: Total time for which application threads were stopped: 0,0001718 seconds, Stopping threads took: 0,0000294 seconds
Heap
 par new generation   total 109248K, used 35335K [0x00000000e0000000, 0x00000000e8000000, 0x00000000e8000000)
  eden space 87424K,  22% used [0x00000000e0000000, 0x00000000e139aa18, 0x00000000e5560000)
  from space 21824K,  69% used [0x00000000e5560000, 0x00000000e6447258, 0x00000000e6ab0000)
  to   space 21824K,   0% used [0x00000000e6ab0000, 0x00000000e6ab0000, 0x00000000e8000000)
 concurrent mark-sweep generation total 393216K, used 6881K [0x00000000e8000000, 0x0000000100000000, 0x0000000100000000)
 Metaspace       used 28151K, capacity 28646K, committed 28796K, reserved 1075200K
  class space    used 3225K, capacity 3418K, committed 3452K, reserved 1048576K
