OpenJDK 64-Bit Server VM (25.121-b13) for linux-amd64 JRE (1.8.0_121-8u121-b13-0ubuntu1.16.04.2-b13), built on Jan 23 2017 15:51:29 by "buildd" with gcc 5.4.0 20160609
Memory: 4k page, physical 7867800k(7505284k free), swap 8076284k(8076284k free)
CommandLine flags: -XX:CMSInitiatingOccupancyFraction=50 -XX:CMSMaxAbortablePrecleanTime=6000 -XX:+CMSParallelRemarkEnabled -XX:+CMSScavengeBeforeRemark -XX:ConcGCThreads=4 -XX:InitialHeapSize=536870912 -XX:MaxHeapSize=536870912 -XX:MaxTenuringThreshold=8 -XX:NewRatio=3 -XX:OldPLABSize=16 -XX:OnOutOfMemoryError=/opt/solr/bin/oom_solr.sh 8983 /var/solr/logs -XX:ParallelGCThreads=4 -XX:+ParallelRefProcEnabled -XX:PretenureSizeThreshold=67108864 -XX:+PrintGC -XX:+PrintGCApplicationStoppedTime -XX:+PrintGCDateStamps -XX:+PrintGCDetails -XX:+PrintGCTimeStamps -XX:+PrintHeapAtGC -XX:+PrintTenuringDistribution -XX:SurvivorRatio=4 -XX:TargetSurvivorRatio=90 -XX:ThreadStackSize=256 -XX:+UseCMSInitiatingOccupancyOnly -XX:+UseCompressedClassPointers -XX:+UseCompressedOops -XX:+UseConcMarkSweepGC -XX:+UseParNewGC 
2017-02-05T08:03:17.724+0100: 0,147: Total time for which application threads were stopped: 0,0000856 seconds, Stopping threads took: 0,0000192 seconds
2017-02-05T08:03:17.810+0100: 0,234: Total time for which application threads were stopped: 0,0001332 seconds, Stopping threads took: 0,0000210 seconds
2017-02-05T08:03:17.828+0100: 0,251: Total time for which application threads were stopped: 0,0000878 seconds, Stopping threads took: 0,0000092 seconds
2017-02-05T08:03:18.553+0100: 0,976: Total time for which application threads were stopped: 0,0001883 seconds, Stopping threads took: 0,0000113 seconds
2017-02-05T08:03:18.628+0100: 1,052: Total time for which application threads were stopped: 0,0001993 seconds, Stopping threads took: 0,0000228 seconds
2017-02-05T08:03:18.653+0100: 1,077: Total time for which application threads were stopped: 0,0002018 seconds, Stopping threads took: 0,0000242 seconds
2017-02-05T08:03:18.973+0100: 1,397: Total time for which application threads were stopped: 0,0001566 seconds, Stopping threads took: 0,0000116 seconds
2017-02-05T08:03:19.182+0100: 1,605: Total time for which application threads were stopped: 0,0001991 seconds, Stopping threads took: 0,0000161 seconds
2017-02-05T08:03:19.212+0100: 1,635: Total time for which application threads were stopped: 0,0002207 seconds, Stopping threads took: 0,0000482 seconds
2017-02-05T08:03:19.247+0100: 1,671: Total time for which application threads were stopped: 0,0002350 seconds, Stopping threads took: 0,0000243 seconds
2017-02-05T08:03:19.248+0100: 1,672: Total time for which application threads were stopped: 0,0001926 seconds, Stopping threads took: 0,0000149 seconds
2017-02-05T08:03:19.265+0100: 1,689: Total time for which application threads were stopped: 0,0001674 seconds, Stopping threads took: 0,0000111 seconds
2017-02-05T08:03:19.349+0100: 1,773: Total time for which application threads were stopped: 0,0002545 seconds, Stopping threads took: 0,0000239 seconds
2017-02-05T08:03:19.493+0100: 1,917: Total time for which application threads were stopped: 0,0002870 seconds, Stopping threads took: 0,0000370 seconds
{Heap before GC invocations=0 (full 0):
 par new generation   total 109248K, used 87424K [0x00000000e0000000, 0x00000000e8000000, 0x00000000e8000000)
  eden space 87424K, 100% used [0x00000000e0000000, 0x00000000e5560000, 0x00000000e5560000)
  from space 21824K,   0% used [0x00000000e5560000, 0x00000000e5560000, 0x00000000e6ab0000)
  to   space 21824K,   0% used [0x00000000e6ab0000, 0x00000000e6ab0000, 0x00000000e8000000)
 concurrent mark-sweep generation total 393216K, used 0K [0x00000000e8000000, 0x0000000100000000, 0x0000000100000000)
 Metaspace       used 18043K, capacity 18336K, committed 18688K, reserved 1064960K
  class space    used 2041K, capacity 2196K, committed 2304K, reserved 1048576K
2017-02-05T08:03:19.593+0100: 2,017: [GC (Allocation Failure) 2017-02-05T08:03:19.593+0100: 2,017: [ParNew
Desired survivor size 20112992 bytes, new threshold 8 (max 8)
- age   1:   12619456 bytes,   12619456 total
: 87424K->12445K(109248K), 0,0149398 secs] 87424K->12445K(502464K), 0,0150229 secs] [Times: user=0,04 sys=0,00, real=0,02 secs] 
Heap after GC invocations=1 (full 0):
 par new generation   total 109248K, used 12445K [0x00000000e0000000, 0x00000000e8000000, 0x00000000e8000000)
  eden space 87424K,   0% used [0x00000000e0000000, 0x00000000e0000000, 0x00000000e5560000)
  from space 21824K,  57% used [0x00000000e6ab0000, 0x00000000e76d7580, 0x00000000e8000000)
  to   space 21824K,   0% used [0x00000000e5560000, 0x00000000e5560000, 0x00000000e6ab0000)
 concurrent mark-sweep generation total 393216K, used 0K [0x00000000e8000000, 0x0000000100000000, 0x0000000100000000)
 Metaspace       used 18043K, capacity 18336K, committed 18688K, reserved 1064960K
  class space    used 2041K, capacity 2196K, committed 2304K, reserved 1048576K
}
2017-02-05T08:03:19.608+0100: 2,032: Total time for which application threads were stopped: 0,0153460 seconds, Stopping threads took: 0,0001531 seconds
2017-02-05T08:03:19.899+0100: 2,322: Total time for which application threads were stopped: 0,0003957 seconds, Stopping threads took: 0,0000480 seconds
{Heap before GC invocations=1 (full 0):
 par new generation   total 109248K, used 99869K [0x00000000e0000000, 0x00000000e8000000, 0x00000000e8000000)
  eden space 87424K, 100% used [0x00000000e0000000, 0x00000000e5560000, 0x00000000e5560000)
  from space 21824K,  57% used [0x00000000e6ab0000, 0x00000000e76d7580, 0x00000000e8000000)
  to   space 21824K,   0% used [0x00000000e5560000, 0x00000000e5560000, 0x00000000e6ab0000)
 concurrent mark-sweep generation total 393216K, used 0K [0x00000000e8000000, 0x0000000100000000, 0x0000000100000000)
 Metaspace       used 20048K, capacity 20352K, committed 20736K, reserved 1067008K
  class space    used 2294K, capacity 2464K, committed 2560K, reserved 1048576K
2017-02-05T08:03:19.942+0100: 2,366: [GC (Allocation Failure) 2017-02-05T08:03:19.942+0100: 2,366: [ParNew
Desired survivor size 20112992 bytes, new threshold 8 (max 8)
- age   1:    3776760 bytes,    3776760 total
- age   2:    6798800 bytes,   10575560 total
: 99869K->12033K(109248K), 0,0123163 secs] 99869K->12033K(502464K), 0,0123913 secs] [Times: user=0,04 sys=0,00, real=0,02 secs] 
Heap after GC invocations=2 (full 0):
 par new generation   total 109248K, used 12033K [0x00000000e0000000, 0x00000000e8000000, 0x00000000e8000000)
  eden space 87424K,   0% used [0x00000000e0000000, 0x00000000e0000000, 0x00000000e5560000)
  from space 21824K,  55% used [0x00000000e5560000, 0x00000000e6120580, 0x00000000e6ab0000)
  to   space 21824K,   0% used [0x00000000e6ab0000, 0x00000000e6ab0000, 0x00000000e8000000)
 concurrent mark-sweep generation total 393216K, used 0K [0x00000000e8000000, 0x0000000100000000, 0x0000000100000000)
 Metaspace       used 20048K, capacity 20352K, committed 20736K, reserved 1067008K
  class space    used 2294K, capacity 2464K, committed 2560K, reserved 1048576K
}
2017-02-05T08:03:19.955+0100: 2,379: Total time for which application threads were stopped: 0,0135683 seconds, Stopping threads took: 0,0010223 seconds
2017-02-05T08:03:19.964+0100: 2,388: Total time for which application threads were stopped: 0,0003411 seconds, Stopping threads took: 0,0000333 seconds
2017-02-05T08:03:20.001+0100: 2,425: Total time for which application threads were stopped: 0,0003796 seconds, Stopping threads took: 0,0000720 seconds
2017-02-05T08:03:20.128+0100: 2,552: Total time for which application threads were stopped: 0,0002065 seconds, Stopping threads took: 0,0000463 seconds
{Heap before GC invocations=2 (full 0):
 par new generation   total 109248K, used 99457K [0x00000000e0000000, 0x00000000e8000000, 0x00000000e8000000)
  eden space 87424K, 100% used [0x00000000e0000000, 0x00000000e5560000, 0x00000000e5560000)
  from space 21824K,  55% used [0x00000000e5560000, 0x00000000e6120580, 0x00000000e6ab0000)
  to   space 21824K,   0% used [0x00000000e6ab0000, 0x00000000e6ab0000, 0x00000000e8000000)
 concurrent mark-sweep generation total 393216K, used 0K [0x00000000e8000000, 0x0000000100000000, 0x0000000100000000)
 Metaspace       used 21105K, capacity 21402K, committed 21628K, reserved 1069056K
  class space    used 2430K, capacity 2583K, committed 2684K, reserved 1048576K
2017-02-05T08:03:20.161+0100: 2,585: [GC (Allocation Failure) 2017-02-05T08:03:20.161+0100: 2,585: [ParNew
Desired survivor size 20112992 bytes, new threshold 8 (max 8)
- age   1:    2540920 bytes,    2540920 total
- age   2:     866472 bytes,    3407392 total
- age   3:    6795112 bytes,   10202504 total
: 99457K->17064K(109248K), 0,0099120 secs] 99457K->17064K(502464K), 0,0099971 secs] [Times: user=0,04 sys=0,00, real=0,01 secs] 
Heap after GC invocations=3 (full 0):
 par new generation   total 109248K, used 17064K [0x00000000e0000000, 0x00000000e8000000, 0x00000000e8000000)
  eden space 87424K,   0% used [0x00000000e0000000, 0x00000000e0000000, 0x00000000e5560000)
  from space 21824K,  78% used [0x00000000e6ab0000, 0x00000000e7b5a2f8, 0x00000000e8000000)
  to   space 21824K,   0% used [0x00000000e5560000, 0x00000000e5560000, 0x00000000e6ab0000)
 concurrent mark-sweep generation total 393216K, used 0K [0x00000000e8000000, 0x0000000100000000, 0x0000000100000000)
 Metaspace       used 21105K, capacity 21402K, committed 21628K, reserved 1069056K
  class space    used 2430K, capacity 2583K, committed 2684K, reserved 1048576K
}
2017-02-05T08:03:20.171+0100: 2,595: Total time for which application threads were stopped: 0,0102040 seconds, Stopping threads took: 0,0000672 seconds
2017-02-05T08:03:20.181+0100: 2,604: [GC (CMS Initial Mark) [1 CMS-initial-mark: 0K(393216K)] 24646K(502464K), 0,0051561 secs] [Times: user=0,02 sys=0,00, real=0,00 secs] 
2017-02-05T08:03:20.186+0100: 2,610: Total time for which application threads were stopped: 0,0053224 seconds, Stopping threads took: 0,0000744 seconds
2017-02-05T08:03:20.186+0100: 2,610: [CMS-concurrent-mark-start]
2017-02-05T08:03:20.187+0100: 2,610: [CMS-concurrent-mark: 0,001/0,001 secs] [Times: user=0,00 sys=0,01, real=0,01 secs] 
2017-02-05T08:03:20.187+0100: 2,611: [CMS-concurrent-preclean-start]
2017-02-05T08:03:20.188+0100: 2,612: [CMS-concurrent-preclean: 0,001/0,001 secs] [Times: user=0,00 sys=0,00, real=0,00 secs] 
2017-02-05T08:03:20.188+0100: 2,612: [CMS-concurrent-abortable-preclean-start]
2017-02-05T08:03:20.204+0100: 2,627: Total time for which application threads were stopped: 0,0002147 seconds, Stopping threads took: 0,0001033 seconds
2017-02-05T08:03:20.268+0100: 2,692: Total time for which application threads were stopped: 0,0001426 seconds, Stopping threads took: 0,0000444 seconds
2017-02-05T08:03:20.302+0100: 2,726: Total time for which application threads were stopped: 0,0001212 seconds, Stopping threads took: 0,0000385 seconds
{Heap before GC invocations=3 (full 1):
 par new generation   total 109248K, used 104488K [0x00000000e0000000, 0x00000000e8000000, 0x00000000e8000000)
  eden space 87424K, 100% used [0x00000000e0000000, 0x00000000e5560000, 0x00000000e5560000)
  from space 21824K,  78% used [0x00000000e6ab0000, 0x00000000e7b5a2f8, 0x00000000e8000000)
  to   space 21824K,   0% used [0x00000000e5560000, 0x00000000e5560000, 0x00000000e6ab0000)
 concurrent mark-sweep generation total 393216K, used 0K [0x00000000e8000000, 0x0000000100000000, 0x0000000100000000)
 Metaspace       used 22138K, capacity 22482K, committed 22624K, reserved 1069056K
  class space    used 2553K, capacity 2721K, committed 2760K, reserved 1048576K
2017-02-05T08:03:20.341+0100: 2,765: [GC (Allocation Failure) 2017-02-05T08:03:20.342+0100: 2,765: [ParNew
Desired survivor size 20112992 bytes, new threshold 8 (max 8)
- age   1:    1771288 bytes,    1771288 total
- age   2:    1645168 bytes,    3416456 total
- age   3:     840808 bytes,    4257264 total
- age   4:    6795024 bytes,   11052288 total
: 104488K->13553K(109248K), 0,0133095 secs] 104488K->13553K(502464K), 0,0133831 secs] [Times: user=0,04 sys=0,00, real=0,02 secs] 
Heap after GC invocations=4 (full 1):
 par new generation   total 109248K, used 13553K [0x00000000e0000000, 0x00000000e8000000, 0x00000000e8000000)
  eden space 87424K,   0% used [0x00000000e0000000, 0x00000000e0000000, 0x00000000e5560000)
  from space 21824K,  62% used [0x00000000e5560000, 0x00000000e629c688, 0x00000000e6ab0000)
  to   space 21824K,   0% used [0x00000000e6ab0000, 0x00000000e6ab0000, 0x00000000e8000000)
 concurrent mark-sweep generation total 393216K, used 0K [0x00000000e8000000, 0x0000000100000000, 0x0000000100000000)
 Metaspace       used 22138K, capacity 22482K, committed 22624K, reserved 1069056K
  class space    used 2553K, capacity 2721K, committed 2760K, reserved 1048576K
}
2017-02-05T08:03:20.355+0100: 2,779: Total time for which application threads were stopped: 0,0135901 seconds, Stopping threads took: 0,0000492 seconds
2017-02-05T08:03:20.355+0100: 2,779: [CMS-concurrent-abortable-preclean: 0,113/0,167 secs] [Times: user=0,61 sys=0,00, real=0,17 secs] 
2017-02-05T08:03:20.358+0100: 2,782: [GC (CMS Final Remark) [YG occupancy: 14215 K (109248 K)]{Heap before GC invocations=4 (full 1):
 par new generation   total 109248K, used 14215K [0x00000000e0000000, 0x00000000e8000000, 0x00000000e8000000)
  eden space 87424K,   0% used [0x00000000e0000000, 0x00000000e00a5738, 0x00000000e5560000)
  from space 21824K,  62% used [0x00000000e5560000, 0x00000000e629c688, 0x00000000e6ab0000)
  to   space 21824K,   0% used [0x00000000e6ab0000, 0x00000000e6ab0000, 0x00000000e8000000)
 concurrent mark-sweep generation total 393216K, used 0K [0x00000000e8000000, 0x0000000100000000, 0x0000000100000000)
 Metaspace       used 22138K, capacity 22482K, committed 22624K, reserved 1069056K
  class space    used 2553K, capacity 2721K, committed 2760K, reserved 1048576K
2017-02-05T08:03:20.358+0100: 2,782: [GC (CMS Final Remark) 2017-02-05T08:03:20.358+0100: 2,782: [ParNew
Desired survivor size 20112992 bytes, new threshold 8 (max 8)
- age   1:      33664 bytes,      33664 total
- age   2:    1178672 bytes,    1212336 total
- age   3:    1645264 bytes,    2857600 total
- age   4:     840808 bytes,    3698408 total
- age   5:    6794808 bytes,   10493216 total
: 14215K->16321K(109248K), 0,0093282 secs] 14215K->16321K(502464K), 0,0093629 secs] [Times: user=0,03 sys=0,00, real=0,01 secs] 
Heap after GC invocations=5 (full 1):
 par new generation   total 109248K, used 16321K [0x00000000e0000000, 0x00000000e8000000, 0x00000000e8000000)
  eden space 87424K,   0% used [0x00000000e0000000, 0x00000000e0000000, 0x00000000e5560000)
  from space 21824K,  74% used [0x00000000e6ab0000, 0x00000000e7aa07e8, 0x00000000e8000000)
  to   space 21824K,   0% used [0x00000000e5560000, 0x00000000e5560000, 0x00000000e6ab0000)
 concurrent mark-sweep generation total 393216K, used 0K [0x00000000e8000000, 0x0000000100000000, 0x0000000100000000)
 Metaspace       used 22138K, capacity 22482K, committed 22624K, reserved 1069056K
  class space    used 2553K, capacity 2721K, committed 2760K, reserved 1048576K
}
2017-02-05T08:03:20.368+0100: 2,791: [Rescan (parallel) , 0,0034404 secs]2017-02-05T08:03:20.371+0100: 2,795: [weak refs processing, 0,0011924 secs]2017-02-05T08:03:20.372+0100: 2,796: [class unloading, 0,0028746 secs]2017-02-05T08:03:20.375+0100: 2,799: [scrub symbol table, 0,0027008 secs]2017-02-05T08:03:20.378+0100: 2,802: [scrub string table, 0,0003856 secs][1 CMS-remark: 0K(393216K)] 16321K(502464K), 0,0206059 secs] [Times: user=0,05 sys=0,00, real=0,02 secs] 
2017-02-05T08:03:20.379+0100: 2,803: Total time for which application threads were stopped: 0,0236257 seconds, Stopping threads took: 0,0029534 seconds
2017-02-05T08:03:20.379+0100: 2,803: [CMS-concurrent-sweep-start]
2017-02-05T08:03:20.379+0100: 2,803: [CMS-concurrent-sweep: 0,000/0,000 secs] [Times: user=0,00 sys=0,00, real=0,00 secs] 
2017-02-05T08:03:20.379+0100: 2,803: [CMS-concurrent-reset-start]
2017-02-05T08:03:20.382+0100: 2,805: [CMS-concurrent-reset: 0,002/0,002 secs] [Times: user=0,01 sys=0,00, real=0,00 secs] 
{Heap before GC invocations=5 (full 1):
 par new generation   total 109248K, used 103745K [0x00000000e0000000, 0x00000000e8000000, 0x00000000e8000000)
  eden space 87424K, 100% used [0x00000000e0000000, 0x00000000e5560000, 0x00000000e5560000)
  from space 21824K,  74% used [0x00000000e6ab0000, 0x00000000e7aa07e8, 0x00000000e8000000)
  to   space 21824K,   0% used [0x00000000e5560000, 0x00000000e5560000, 0x00000000e6ab0000)
 concurrent mark-sweep generation total 393216K, used 0K [0x00000000e8000000, 0x0000000100000000, 0x0000000100000000)
 Metaspace       used 22191K, capacity 22488K, committed 22624K, reserved 1069056K
  class space    used 2564K, capacity 2722K, committed 2760K, reserved 1048576K
2017-02-05T08:03:20.452+0100: 2,876: [GC (Allocation Failure) 2017-02-05T08:03:20.452+0100: 2,876: [ParNew
Desired survivor size 20112992 bytes, new threshold 8 (max 8)
- age   1:     729176 bytes,     729176 total
- age   2:        880 bytes,     730056 total
- age   3:     388960 bytes,    1119016 total
- age   4:    1645016 bytes,    2764032 total
- age   5:     840584 bytes,    3604616 total
- age   6:    6794800 bytes,   10399416 total
: 103745K->13457K(109248K), 0,0103730 secs] 103745K->13457K(502464K), 0,0104541 secs] [Times: user=0,04 sys=0,00, real=0,01 secs] 
Heap after GC invocations=6 (full 1):
 par new generation   total 109248K, used 13457K [0x00000000e0000000, 0x00000000e8000000, 0x00000000e8000000)
  eden space 87424K,   0% used [0x00000000e0000000, 0x00000000e0000000, 0x00000000e5560000)
  from space 21824K,  61% used [0x00000000e5560000, 0x00000000e6284428, 0x00000000e6ab0000)
  to   space 21824K,   0% used [0x00000000e6ab0000, 0x00000000e6ab0000, 0x00000000e8000000)
 concurrent mark-sweep generation total 393216K, used 0K [0x00000000e8000000, 0x0000000100000000, 0x0000000100000000)
 Metaspace       used 22191K, capacity 22488K, committed 22624K, reserved 1069056K
  class space    used 2564K, capacity 2722K, committed 2760K, reserved 1048576K
}
2017-02-05T08:03:20.462+0100: 2,886: Total time for which application threads were stopped: 0,0106781 seconds, Stopping threads took: 0,0000573 seconds
2017-02-05T08:03:20.510+0100: 2,934: Total time for which application threads were stopped: 0,0003572 seconds, Stopping threads took: 0,0000501 seconds
{Heap before GC invocations=6 (full 1):
 par new generation   total 109248K, used 100881K [0x00000000e0000000, 0x00000000e8000000, 0x00000000e8000000)
  eden space 87424K, 100% used [0x00000000e0000000, 0x00000000e5560000, 0x00000000e5560000)
  from space 21824K,  61% used [0x00000000e5560000, 0x00000000e6284428, 0x00000000e6ab0000)
  to   space 21824K,   0% used [0x00000000e6ab0000, 0x00000000e6ab0000, 0x00000000e8000000)
 concurrent mark-sweep generation total 393216K, used 0K [0x00000000e8000000, 0x0000000100000000, 0x0000000100000000)
 Metaspace       used 23559K, capacity 23956K, committed 24136K, reserved 1071104K
  class space    used 2726K, capacity 2888K, committed 2888K, reserved 1048576K
2017-02-05T08:03:20.673+0100: 3,097: [GC (Allocation Failure) 2017-02-05T08:03:20.673+0100: 3,097: [ParNew
Desired survivor size 20112992 bytes, new threshold 8 (max 8)
- age   1:    2253280 bytes,    2253280 total
- age   2:     113288 bytes,    2366568 total
- age   3:        880 bytes,    2367448 total
- age   4:     380152 bytes,    2747600 total
- age   5:     867160 bytes,    3614760 total
- age   6:     828248 bytes,    4443008 total
- age   7:    6791592 bytes,   11234600 total
: 100881K->12579K(109248K), 0,0145991 secs] 100881K->12579K(502464K), 0,0146727 secs] [Times: user=0,05 sys=0,00, real=0,02 secs] 
Heap after GC invocations=7 (full 1):
 par new generation   total 109248K, used 12579K [0x00000000e0000000, 0x00000000e8000000, 0x00000000e8000000)
  eden space 87424K,   0% used [0x00000000e0000000, 0x00000000e0000000, 0x00000000e5560000)
  from space 21824K,  57% used [0x00000000e6ab0000, 0x00000000e76f8ce0, 0x00000000e8000000)
  to   space 21824K,   0% used [0x00000000e5560000, 0x00000000e5560000, 0x00000000e6ab0000)
 concurrent mark-sweep generation total 393216K, used 0K [0x00000000e8000000, 0x0000000100000000, 0x0000000100000000)
 Metaspace       used 23559K, capacity 23956K, committed 24136K, reserved 1071104K
  class space    used 2726K, capacity 2888K, committed 2888K, reserved 1048576K
}
2017-02-05T08:03:20.688+0100: 3,112: Total time for which application threads were stopped: 0,0149760 seconds, Stopping threads took: 0,0000829 seconds
2017-02-05T08:03:20.779+0100: 3,202: Total time for which application threads were stopped: 0,0005616 seconds, Stopping threads took: 0,0000471 seconds
2017-02-05T08:03:20.800+0100: 3,224: Total time for which application threads were stopped: 0,0006071 seconds, Stopping threads took: 0,0001675 seconds
2017-02-05T08:03:21.206+0100: 3,630: Total time for which application threads were stopped: 0,0006284 seconds, Stopping threads took: 0,0000518 seconds
2017-02-05T08:03:21.224+0100: 3,648: Total time for which application threads were stopped: 0,0004558 seconds, Stopping threads took: 0,0000501 seconds
2017-02-05T08:03:21.274+0100: 3,698: Total time for which application threads were stopped: 0,0005983 seconds, Stopping threads took: 0,0000434 seconds
2017-02-05T08:03:21.625+0100: 4,049: Total time for which application threads were stopped: 0,0005381 seconds, Stopping threads took: 0,0000627 seconds
2017-02-05T08:03:49.628+0100: 32,052: Total time for which application threads were stopped: 0,0000700 seconds, Stopping threads took: 0,0000178 seconds
2017-02-05T08:05:44.640+0100: 147,064: Total time for which application threads were stopped: 0,0001358 seconds, Stopping threads took: 0,0000563 seconds
2017-02-05T08:05:49.640+0100: 152,064: Total time for which application threads were stopped: 0,0000608 seconds, Stopping threads took: 0,0000157 seconds
2017-02-05T08:06:23.644+0100: 186,068: Total time for which application threads were stopped: 0,0000995 seconds, Stopping threads took: 0,0000379 seconds
2017-02-05T08:07:43.652+0100: 266,076: Total time for which application threads were stopped: 0,0000876 seconds, Stopping threads took: 0,0000363 seconds
{Heap before GC invocations=7 (full 1):
 par new generation   total 109248K, used 100003K [0x00000000e0000000, 0x00000000e8000000, 0x00000000e8000000)
  eden space 87424K, 100% used [0x00000000e0000000, 0x00000000e5560000, 0x00000000e5560000)
  from space 21824K,  57% used [0x00000000e6ab0000, 0x00000000e76f8ce0, 0x00000000e8000000)
  to   space 21824K,   0% used [0x00000000e5560000, 0x00000000e5560000, 0x00000000e6ab0000)
 concurrent mark-sweep generation total 393216K, used 0K [0x00000000e8000000, 0x0000000100000000, 0x0000000100000000)
 Metaspace       used 29116K, capacity 29624K, committed 30024K, reserved 1075200K
  class space    used 3356K, capacity 3560K, committed 3656K, reserved 1048576K
2017-02-05T08:07:48.572+0100: 270,996: [GC (Allocation Failure) 2017-02-05T08:07:48.572+0100: 270,996: [ParNew
Desired survivor size 20112992 bytes, new threshold 8 (max 8)
- age   1:   10812576 bytes,   10812576 total
- age   2:    1025408 bytes,   11837984 total
- age   3:     112664 bytes,   11950648 total
- age   4:        880 bytes,   11951528 total
- age   5:     376952 bytes,   12328480 total
- age   6:     323848 bytes,   12652328 total
- age   7:     817848 bytes,   13470176 total
- age   8:    6689296 bytes,   20159472 total
: 100003K->21824K(109248K), 0,0175442 secs] 100003K->21824K(502464K), 0,0176943 secs] [Times: user=0,06 sys=0,00, real=0,02 secs] 
Heap after GC invocations=8 (full 1):
 par new generation   total 109248K, used 21824K [0x00000000e0000000, 0x00000000e8000000, 0x00000000e8000000)
  eden space 87424K,   0% used [0x00000000e0000000, 0x00000000e0000000, 0x00000000e5560000)
  from space 21824K, 100% used [0x00000000e5560000, 0x00000000e6ab0000, 0x00000000e6ab0000)
  to   space 21824K,   0% used [0x00000000e6ab0000, 0x00000000e6ab0000, 0x00000000e8000000)
 concurrent mark-sweep generation total 393216K, used 0K [0x00000000e8000000, 0x0000000100000000, 0x0000000100000000)
 Metaspace       used 29116K, capacity 29624K, committed 30024K, reserved 1075200K
  class space    used 3356K, capacity 3560K, committed 3656K, reserved 1048576K
}
2017-02-05T08:07:48.590+0100: 271,014: Total time for which application threads were stopped: 0,0179486 seconds, Stopping threads took: 0,0000349 seconds
2017-02-05T08:07:49.590+0100: 272,014: Total time for which application threads were stopped: 0,0000644 seconds, Stopping threads took: 0,0000164 seconds
2017-02-05T08:07:59.591+0100: 282,015: Total time for which application threads were stopped: 0,0000815 seconds, Stopping threads took: 0,0000324 seconds
2017-02-05T08:08:14.593+0100: 297,017: Total time for which application threads were stopped: 0,0000721 seconds, Stopping threads took: 0,0000186 seconds
2017-02-05T08:08:39.596+0100: 322,020: Total time for which application threads were stopped: 0,0000804 seconds, Stopping threads took: 0,0000316 seconds
2017-02-05T08:09:44.604+0100: 387,027: Total time for which application threads were stopped: 0,0001188 seconds, Stopping threads took: 0,0000492 seconds
2017-02-05T08:10:13.607+0100: 416,030: Total time for which application threads were stopped: 0,0000825 seconds, Stopping threads took: 0,0000322 seconds
2017-02-05T08:11:59.618+0100: 522,041: Total time for which application threads were stopped: 0,0000786 seconds, Stopping threads took: 0,0000304 seconds
2017-02-05T08:26:48.711+0100: 1411,135: Total time for which application threads were stopped: 0,0000867 seconds, Stopping threads took: 0,0000274 seconds
2017-02-05T08:31:48.745+0100: 1711,169: Total time for which application threads were stopped: 0,0000894 seconds, Stopping threads took: 0,0000336 seconds
2017-02-05T08:41:48.807+0100: 2311,231: Total time for which application threads were stopped: 0,0000761 seconds, Stopping threads took: 0,0000297 seconds
2017-02-05T08:41:49.808+0100: 2312,231: Total time for which application threads were stopped: 0,0000595 seconds, Stopping threads took: 0,0000140 seconds
2017-02-05T08:57:09.906+0100: 3232,329: Total time for which application threads were stopped: 0,0000747 seconds, Stopping threads took: 0,0000238 seconds
2017-02-05T09:07:48.969+0100: 3871,392: Total time for which application threads were stopped: 0,0001077 seconds, Stopping threads took: 0,0000412 seconds
2017-02-05T09:08:19.972+0100: 3902,396: Total time for which application threads were stopped: 0,0000729 seconds, Stopping threads took: 0,0000278 seconds
2017-02-05T09:09:13.978+0100: 3956,402: Total time for which application threads were stopped: 0,0000757 seconds, Stopping threads took: 0,0000295 seconds
2017-02-05T09:09:14.939+0100: 3957,362: Total time for which application threads were stopped: 0,0001465 seconds, Stopping threads took: 0,0000328 seconds
Heap
 par new generation   total 109248K, used 40895K [0x00000000e0000000, 0x00000000e8000000, 0x00000000e8000000)
  eden space 87424K,  21% used [0x00000000e0000000, 0x00000000e129ff60, 0x00000000e5560000)
  from space 21824K, 100% used [0x00000000e5560000, 0x00000000e6ab0000, 0x00000000e6ab0000)
  to   space 21824K,   0% used [0x00000000e6ab0000, 0x00000000e6ab0000, 0x00000000e8000000)
 concurrent mark-sweep generation total 393216K, used 0K [0x00000000e8000000, 0x0000000100000000, 0x0000000100000000)
 Metaspace       used 29224K, capacity 29700K, committed 30024K, reserved 1075200K
  class space    used 3369K, capacity 3562K, committed 3656K, reserved 1048576K
