OpenJDK 64-Bit Server VM (25.131-b11) for linux-amd64 JRE (1.8.0_131-8u131-b11-0ubuntu1.16.04.2-b11), built on May  6 2017 02:45:27 by "buildd" with gcc 5.4.0 20160609
Memory: 4k page, physical 7867740k(7395056k free), swap 8076284k(8076284k free)
CommandLine flags: -XX:CMSInitiatingOccupancyFraction=50 -XX:CMSMaxAbortablePrecleanTime=6000 -XX:+CMSParallelRemarkEnabled -XX:+CMSScavengeBeforeRemark -XX:ConcGCThreads=4 -XX:InitialHeapSize=536870912 -XX:MaxHeapSize=536870912 -XX:MaxTenuringThreshold=8 -XX:NewRatio=3 -XX:OldPLABSize=16 -XX:OnOutOfMemoryError=/opt/solr/bin/oom_solr.sh 8983 /var/solr/logs -XX:ParallelGCThreads=4 -XX:+ParallelRefProcEnabled -XX:PretenureSizeThreshold=67108864 -XX:+PrintGC -XX:+PrintGCApplicationStoppedTime -XX:+PrintGCDateStamps -XX:+PrintGCDetails -XX:+PrintGCTimeStamps -XX:+PrintHeapAtGC -XX:+PrintTenuringDistribution -XX:SurvivorRatio=4 -XX:TargetSurvivorRatio=90 -XX:ThreadStackSize=256 -XX:+UseCMSInitiatingOccupancyOnly -XX:+UseCompressedClassPointers -XX:+UseCompressedOops -XX:+UseConcMarkSweepGC -XX:+UseParNewGC 
2017-05-24T11:15:08.815+0200: 0,136: Total time for which application threads were stopped: 0,0000728 seconds, Stopping threads took: 0,0000095 seconds
2017-05-24T11:15:08.900+0200: 0,221: Total time for which application threads were stopped: 0,0001336 seconds, Stopping threads took: 0,0000185 seconds
2017-05-24T11:15:08.920+0200: 0,241: Total time for which application threads were stopped: 0,0001100 seconds, Stopping threads took: 0,0000332 seconds
2017-05-24T11:15:09.133+0200: 0,454: Total time for which application threads were stopped: 0,0001530 seconds, Stopping threads took: 0,0000252 seconds
2017-05-24T11:15:09.538+0200: 0,859: Total time for which application threads were stopped: 0,0002891 seconds, Stopping threads took: 0,0000214 seconds
2017-05-24T11:15:09.732+0200: 1,053: Total time for which application threads were stopped: 0,0001508 seconds, Stopping threads took: 0,0000213 seconds
2017-05-24T11:15:09.767+0200: 1,088: Total time for which application threads were stopped: 0,0002072 seconds, Stopping threads took: 0,0000295 seconds
2017-05-24T11:15:10.075+0200: 1,396: Total time for which application threads were stopped: 0,0008900 seconds, Stopping threads took: 0,0000225 seconds
2017-05-24T11:15:10.383+0200: 1,704: Total time for which application threads were stopped: 0,0003228 seconds, Stopping threads took: 0,0000289 seconds
2017-05-24T11:15:10.407+0200: 1,728: Total time for which application threads were stopped: 0,0001705 seconds, Stopping threads took: 0,0000209 seconds
2017-05-24T11:15:10.435+0200: 1,756: Total time for which application threads were stopped: 0,0002551 seconds, Stopping threads took: 0,0000239 seconds
2017-05-24T11:15:10.438+0200: 1,759: Total time for which application threads were stopped: 0,0009396 seconds, Stopping threads took: 0,0000471 seconds
2017-05-24T11:15:10.452+0200: 1,773: Total time for which application threads were stopped: 0,0002582 seconds, Stopping threads took: 0,0000251 seconds
2017-05-24T11:15:10.530+0200: 1,851: Total time for which application threads were stopped: 0,0002133 seconds, Stopping threads took: 0,0000213 seconds
2017-05-24T11:15:10.718+0200: 2,039: Total time for which application threads were stopped: 0,0002894 seconds, Stopping threads took: 0,0000196 seconds
{Heap before GC invocations=0 (full 0):
 par new generation   total 109248K, used 87424K [0x00000000e0000000, 0x00000000e8000000, 0x00000000e8000000)
  eden space 87424K, 100% used [0x00000000e0000000, 0x00000000e5560000, 0x00000000e5560000)
  from space 21824K,   0% used [0x00000000e5560000, 0x00000000e5560000, 0x00000000e6ab0000)
  to   space 21824K,   0% used [0x00000000e6ab0000, 0x00000000e6ab0000, 0x00000000e8000000)
 concurrent mark-sweep generation total 393216K, used 0K [0x00000000e8000000, 0x0000000100000000, 0x0000000100000000)
 Metaspace       used 18032K, capacity 18336K, committed 18688K, reserved 1064960K
  class space    used 2036K, capacity 2196K, committed 2304K, reserved 1048576K
2017-05-24T11:15:10.797+0200: 2,118: [GC (Allocation Failure) 2017-05-24T11:15:10.797+0200: 2,118: [ParNew
Desired survivor size 20112992 bytes, new threshold 8 (max 8)
- age   1:   12578984 bytes,   12578984 total
: 87424K->12393K(109248K), 0,0160889 secs] 87424K->12393K(502464K), 0,0161705 secs] [Times: user=0,03 sys=0,02, real=0,02 secs] 
Heap after GC invocations=1 (full 0):
 par new generation   total 109248K, used 12393K [0x00000000e0000000, 0x00000000e8000000, 0x00000000e8000000)
  eden space 87424K,   0% used [0x00000000e0000000, 0x00000000e0000000, 0x00000000e5560000)
  from space 21824K,  56% used [0x00000000e6ab0000, 0x00000000e76ca788, 0x00000000e8000000)
  to   space 21824K,   0% used [0x00000000e5560000, 0x00000000e5560000, 0x00000000e6ab0000)
 concurrent mark-sweep generation total 393216K, used 0K [0x00000000e8000000, 0x0000000100000000, 0x0000000100000000)
 Metaspace       used 18032K, capacity 18336K, committed 18688K, reserved 1064960K
  class space    used 2036K, capacity 2196K, committed 2304K, reserved 1048576K
}
2017-05-24T11:15:10.813+0200: 2,134: Total time for which application threads were stopped: 0,0163910 seconds, Stopping threads took: 0,0000365 seconds
2017-05-24T11:15:11.104+0200: 2,425: Total time for which application threads were stopped: 0,0003154 seconds, Stopping threads took: 0,0000257 seconds
2017-05-24T11:15:11.159+0200: 2,480: Total time for which application threads were stopped: 0,0004152 seconds, Stopping threads took: 0,0000796 seconds
{Heap before GC invocations=1 (full 0):
 par new generation   total 109248K, used 99817K [0x00000000e0000000, 0x00000000e8000000, 0x00000000e8000000)
  eden space 87424K, 100% used [0x00000000e0000000, 0x00000000e5560000, 0x00000000e5560000)
  from space 21824K,  56% used [0x00000000e6ab0000, 0x00000000e76ca788, 0x00000000e8000000)
  to   space 21824K,   0% used [0x00000000e5560000, 0x00000000e5560000, 0x00000000e6ab0000)
 concurrent mark-sweep generation total 393216K, used 0K [0x00000000e8000000, 0x0000000100000000, 0x0000000100000000)
 Metaspace       used 20046K, capacity 20362K, committed 20736K, reserved 1067008K
  class space    used 2297K, capacity 2469K, committed 2560K, reserved 1048576K
2017-05-24T11:15:11.161+0200: 2,482: [GC (Allocation Failure) 2017-05-24T11:15:11.161+0200: 2,482: [ParNew
Desired survivor size 20112992 bytes, new threshold 8 (max 8)
- age   1:    3682768 bytes,    3682768 total
- age   2:    6649136 bytes,   10331904 total
: 99817K->13681K(109248K), 0,0125360 secs] 99817K->13681K(502464K), 0,0126098 secs] [Times: user=0,04 sys=0,01, real=0,02 secs] 
Heap after GC invocations=2 (full 0):
 par new generation   total 109248K, used 13681K [0x00000000e0000000, 0x00000000e8000000, 0x00000000e8000000)
  eden space 87424K,   0% used [0x00000000e0000000, 0x00000000e0000000, 0x00000000e5560000)
  from space 21824K,  62% used [0x00000000e5560000, 0x00000000e62bc7c0, 0x00000000e6ab0000)
  to   space 21824K,   0% used [0x00000000e6ab0000, 0x00000000e6ab0000, 0x00000000e8000000)
 concurrent mark-sweep generation total 393216K, used 0K [0x00000000e8000000, 0x0000000100000000, 0x0000000100000000)
 Metaspace       used 20046K, capacity 20362K, committed 20736K, reserved 1067008K
  class space    used 2297K, capacity 2469K, committed 2560K, reserved 1048576K
}
2017-05-24T11:15:11.174+0200: 2,495: Total time for which application threads were stopped: 0,0127869 seconds, Stopping threads took: 0,0000323 seconds
2017-05-24T11:15:11.203+0200: 2,524: Total time for which application threads were stopped: 0,0010648 seconds, Stopping threads took: 0,0007630 seconds
2017-05-24T11:15:11.323+0200: 2,644: Total time for which application threads were stopped: 0,0001746 seconds, Stopping threads took: 0,0000595 seconds
{Heap before GC invocations=2 (full 0):
 par new generation   total 109248K, used 101090K [0x00000000e0000000, 0x00000000e8000000, 0x00000000e8000000)
  eden space 87424K,  99% used [0x00000000e0000000, 0x00000000e555c230, 0x00000000e5560000)
  from space 21824K,  62% used [0x00000000e5560000, 0x00000000e62bc7c0, 0x00000000e6ab0000)
  to   space 21824K,   0% used [0x00000000e6ab0000, 0x00000000e6ab0000, 0x00000000e8000000)
 concurrent mark-sweep generation total 393216K, used 0K [0x00000000e8000000, 0x0000000100000000, 0x0000000100000000)
 Metaspace       used 20981K, capacity 21284K, committed 21628K, reserved 1069056K
  class space    used 2419K, capacity 2588K, committed 2684K, reserved 1048576K
2017-05-24T11:15:11.356+0200: 2,677: [GC (Allocation Failure) 2017-05-24T11:15:11.356+0200: 2,677: [ParNew
Desired survivor size 20112992 bytes, new threshold 8 (max 8)
- age   1:    2009120 bytes,    2009120 total
- age   2:     865584 bytes,    2874704 total
- age   3:    6647840 bytes,    9522544 total
: 101090K->12910K(109248K), 0,0099688 secs] 101090K->12910K(502464K), 0,0100509 secs] [Times: user=0,03 sys=0,00, real=0,01 secs] 
Heap after GC invocations=3 (full 0):
 par new generation   total 109248K, used 12910K [0x00000000e0000000, 0x00000000e8000000, 0x00000000e8000000)
  eden space 87424K,   0% used [0x00000000e0000000, 0x00000000e0000000, 0x00000000e5560000)
  from space 21824K,  59% used [0x00000000e6ab0000, 0x00000000e774bad8, 0x00000000e8000000)
  to   space 21824K,   0% used [0x00000000e5560000, 0x00000000e5560000, 0x00000000e6ab0000)
 concurrent mark-sweep generation total 393216K, used 0K [0x00000000e8000000, 0x0000000100000000, 0x0000000100000000)
 Metaspace       used 20981K, capacity 21284K, committed 21628K, reserved 1069056K
  class space    used 2419K, capacity 2588K, committed 2684K, reserved 1048576K
}
2017-05-24T11:15:11.366+0200: 2,687: Total time for which application threads were stopped: 0,0102664 seconds, Stopping threads took: 0,0000663 seconds
2017-05-24T11:15:11.366+0200: 2,687: [GC (CMS Initial Mark) [1 CMS-initial-mark: 0K(393216K)] 14281K(502464K), 0,0054985 secs] [Times: user=0,00 sys=0,01, real=0,01 secs] 
2017-05-24T11:15:11.372+0200: 2,693: Total time for which application threads were stopped: 0,0057244 seconds, Stopping threads took: 0,0000373 seconds
2017-05-24T11:15:11.372+0200: 2,693: [CMS-concurrent-mark-start]
2017-05-24T11:15:11.373+0200: 2,694: [CMS-concurrent-mark: 0,001/0,001 secs] [Times: user=0,01 sys=0,00, real=0,00 secs] 
2017-05-24T11:15:11.373+0200: 2,694: [CMS-concurrent-preclean-start]
2017-05-24T11:15:11.374+0200: 2,695: [CMS-concurrent-preclean: 0,001/0,001 secs] [Times: user=0,00 sys=0,00, real=0,00 secs] 
2017-05-24T11:15:11.374+0200: 2,695: [CMS-concurrent-abortable-preclean-start]
2017-05-24T11:15:11.430+0200: 2,751: Total time for which application threads were stopped: 0,0001874 seconds, Stopping threads took: 0,0000835 seconds
{Heap before GC invocations=3 (full 1):
 par new generation   total 109248K, used 100334K [0x00000000e0000000, 0x00000000e8000000, 0x00000000e8000000)
  eden space 87424K, 100% used [0x00000000e0000000, 0x00000000e5560000, 0x00000000e5560000)
  from space 21824K,  59% used [0x00000000e6ab0000, 0x00000000e774bad8, 0x00000000e8000000)
  to   space 21824K,   0% used [0x00000000e5560000, 0x00000000e5560000, 0x00000000e6ab0000)
 concurrent mark-sweep generation total 393216K, used 0K [0x00000000e8000000, 0x0000000100000000, 0x0000000100000000)
 Metaspace       used 21270K, capacity 21630K, committed 21884K, reserved 1069056K
  class space    used 2447K, capacity 2604K, committed 2684K, reserved 1048576K
2017-05-24T11:15:11.507+0200: 2,828: [GC (Allocation Failure) 2017-05-24T11:15:11.507+0200: 2,828: [ParNew
Desired survivor size 20112992 bytes, new threshold 8 (max 8)
- age   1:     669680 bytes,     669680 total
- age   2:    1455736 bytes,    2125416 total
- age   3:     836112 bytes,    2961528 total
- age   4:    6647952 bytes,    9609480 total
: 100334K->11074K(109248K), 0,0099558 secs] 100334K->11074K(502464K), 0,0100364 secs] [Times: user=0,03 sys=0,00, real=0,01 secs] 
Heap after GC invocations=4 (full 1):
 par new generation   total 109248K, used 11074K [0x00000000e0000000, 0x00000000e8000000, 0x00000000e8000000)
  eden space 87424K,   0% used [0x00000000e0000000, 0x00000000e0000000, 0x00000000e5560000)
  from space 21824K,  50% used [0x00000000e5560000, 0x00000000e6030808, 0x00000000e6ab0000)
  to   space 21824K,   0% used [0x00000000e6ab0000, 0x00000000e6ab0000, 0x00000000e8000000)
 concurrent mark-sweep generation total 393216K, used 0K [0x00000000e8000000, 0x0000000100000000, 0x0000000100000000)
 Metaspace       used 21270K, capacity 21630K, committed 21884K, reserved 1069056K
  class space    used 2447K, capacity 2604K, committed 2684K, reserved 1048576K
}
2017-05-24T11:15:11.517+0200: 2,838: Total time for which application threads were stopped: 0,0103387 seconds, Stopping threads took: 0,0000939 seconds
2017-05-24T11:15:11.517+0200: 2,838: [CMS-concurrent-abortable-preclean: 0,057/0,143 secs] [Times: user=0,54 sys=0,00, real=0,14 secs] 
2017-05-24T11:15:11.517+0200: 2,838: [GC (CMS Final Remark) [YG occupancy: 11106 K (109248 K)]{Heap before GC invocations=4 (full 1):
 par new generation   total 109248K, used 11106K [0x00000000e0000000, 0x00000000e8000000, 0x00000000e8000000)
  eden space 87424K,   0% used [0x00000000e0000000, 0x00000000e0008010, 0x00000000e5560000)
  from space 21824K,  50% used [0x00000000e5560000, 0x00000000e6030808, 0x00000000e6ab0000)
  to   space 21824K,   0% used [0x00000000e6ab0000, 0x00000000e6ab0000, 0x00000000e8000000)
 concurrent mark-sweep generation total 393216K, used 0K [0x00000000e8000000, 0x0000000100000000, 0x0000000100000000)
 Metaspace       used 21270K, capacity 21630K, committed 21884K, reserved 1069056K
  class space    used 2447K, capacity 2604K, committed 2684K, reserved 1048576K
2017-05-24T11:15:11.517+0200: 2,838: [GC (CMS Final Remark) 2017-05-24T11:15:11.517+0200: 2,838: [ParNew
Desired survivor size 20112992 bytes, new threshold 8 (max 8)
- age   1:      32784 bytes,      32784 total
- age   2:     628944 bytes,     661728 total
- age   3:    1455672 bytes,    2117400 total
- age   4:     836112 bytes,    2953512 total
- age   5:    6648176 bytes,    9601688 total
: 11106K->14469K(109248K), 0,0097917 secs] 11106K->14469K(502464K), 0,0098267 secs] [Times: user=0,03 sys=0,00, real=0,01 secs] 
Heap after GC invocations=5 (full 1):
 par new generation   total 109248K, used 14469K [0x00000000e0000000, 0x00000000e8000000, 0x00000000e8000000)
  eden space 87424K,   0% used [0x00000000e0000000, 0x00000000e0000000, 0x00000000e5560000)
  from space 21824K,  66% used [0x00000000e6ab0000, 0x00000000e78d17b8, 0x00000000e8000000)
  to   space 21824K,   0% used [0x00000000e5560000, 0x00000000e5560000, 0x00000000e6ab0000)
 concurrent mark-sweep generation total 393216K, used 0K [0x00000000e8000000, 0x0000000100000000, 0x0000000100000000)
 Metaspace       used 21270K, capacity 21630K, committed 21884K, reserved 1069056K
  class space    used 2447K, capacity 2604K, committed 2684K, reserved 1048576K
}
2017-05-24T11:15:11.527+0200: 2,848: [Rescan (parallel) , 0,0031531 secs]2017-05-24T11:15:11.530+0200: 2,851: [weak refs processing, 0,0007436 secs]2017-05-24T11:15:11.531+0200: 2,852: [class unloading, 0,0028784 secs]2017-05-24T11:15:11.534+0200: 2,855: [scrub symbol table, 0,0032940 secs]2017-05-24T11:15:11.537+0200: 2,858: [scrub string table, 0,0003633 secs][1 CMS-remark: 0K(393216K)] 14469K(502464K), 0,0209010 secs] [Times: user=0,05 sys=0,00, real=0,02 secs] 
2017-05-24T11:15:11.538+0200: 2,859: Total time for which application threads were stopped: 0,0210333 seconds, Stopping threads took: 0,0000553 seconds
2017-05-24T11:15:11.542+0200: 2,863: [CMS-concurrent-sweep-start]
2017-05-24T11:15:11.542+0200: 2,863: [CMS-concurrent-sweep: 0,000/0,000 secs] [Times: user=0,00 sys=0,00, real=0,00 secs] 
2017-05-24T11:15:11.542+0200: 2,863: [CMS-concurrent-reset-start]
2017-05-24T11:15:11.545+0200: 2,866: [CMS-concurrent-reset: 0,002/0,002 secs] [Times: user=0,00 sys=0,00, real=0,00 secs] 
{Heap before GC invocations=5 (full 1):
 par new generation   total 109248K, used 101893K [0x00000000e0000000, 0x00000000e8000000, 0x00000000e8000000)
  eden space 87424K, 100% used [0x00000000e0000000, 0x00000000e5560000, 0x00000000e5560000)
  from space 21824K,  66% used [0x00000000e6ab0000, 0x00000000e78d17b8, 0x00000000e8000000)
  to   space 21824K,   0% used [0x00000000e5560000, 0x00000000e5560000, 0x00000000e6ab0000)
 concurrent mark-sweep generation total 393216K, used 0K [0x00000000e8000000, 0x0000000100000000, 0x0000000100000000)
 Metaspace       used 21406K, capacity 21802K, committed 21884K, reserved 1069056K
  class space    used 2467K, capacity 2638K, committed 2684K, reserved 1048576K
2017-05-24T11:15:11.626+0200: 2,947: [GC (Allocation Failure) 2017-05-24T11:15:11.626+0200: 2,947: [ParNew
Desired survivor size 20112992 bytes, new threshold 8 (max 8)
- age   1:     480472 bytes,     480472 total
- age   3:     182800 bytes,     663272 total
- age   4:    1455152 bytes,    2118424 total
- age   5:     834064 bytes,    2952488 total
- age   6:    6647992 bytes,    9600480 total
: 101893K->11027K(109248K), 0,0099966 secs] 101893K->11027K(502464K), 0,0100796 secs] [Times: user=0,04 sys=0,00, real=0,01 secs] 
Heap after GC invocations=6 (full 1):
 par new generation   total 109248K, used 11027K [0x00000000e0000000, 0x00000000e8000000, 0x00000000e8000000)
  eden space 87424K,   0% used [0x00000000e0000000, 0x00000000e0000000, 0x00000000e5560000)
  from space 21824K,  50% used [0x00000000e5560000, 0x00000000e6024fe0, 0x00000000e6ab0000)
  to   space 21824K,   0% used [0x00000000e6ab0000, 0x00000000e6ab0000, 0x00000000e8000000)
 concurrent mark-sweep generation total 393216K, used 0K [0x00000000e8000000, 0x0000000100000000, 0x0000000100000000)
 Metaspace       used 21406K, capacity 21802K, committed 21884K, reserved 1069056K
  class space    used 2467K, capacity 2638K, committed 2684K, reserved 1048576K
}
2017-05-24T11:15:11.636+0200: 2,957: Total time for which application threads were stopped: 0,0102865 seconds, Stopping threads took: 0,0000687 seconds
2017-05-24T11:15:11.674+0200: 2,995: Total time for which application threads were stopped: 0,0005378 seconds, Stopping threads took: 0,0000563 seconds
2017-05-24T11:15:11.944+0200: 3,265: Total time for which application threads were stopped: 0,0004786 seconds, Stopping threads took: 0,0000446 seconds
2017-05-24T11:15:11.961+0200: 3,282: Total time for which application threads were stopped: 0,0004648 seconds, Stopping threads took: 0,0000456 seconds
{Heap before GC invocations=6 (full 1):
 par new generation   total 109248K, used 98451K [0x00000000e0000000, 0x00000000e8000000, 0x00000000e8000000)
  eden space 87424K, 100% used [0x00000000e0000000, 0x00000000e5560000, 0x00000000e5560000)
  from space 21824K,  50% used [0x00000000e5560000, 0x00000000e6024fe0, 0x00000000e6ab0000)
  to   space 21824K,   0% used [0x00000000e6ab0000, 0x00000000e6ab0000, 0x00000000e8000000)
 concurrent mark-sweep generation total 393216K, used 0K [0x00000000e8000000, 0x0000000100000000, 0x0000000100000000)
 Metaspace       used 23766K, capacity 24234K, committed 24572K, reserved 1071104K
  class space    used 2791K, capacity 2980K, committed 3068K, reserved 1048576K
2017-05-24T11:15:12.104+0200: 3,425: [GC (Allocation Failure) 2017-05-24T11:15:12.104+0200: 3,425: [ParNew
Desired survivor size 20112992 bytes, new threshold 8 (max 8)
- age   1:    5112840 bytes,    5112840 total
- age   2:     111496 bytes,    5224336 total
- age   4:     181400 bytes,    5405736 total
- age   5:     285280 bytes,    5691016 total
- age   6:     807744 bytes,    6498760 total
- age   7:    6639592 bytes,   13138352 total
: 98451K->16268K(109248K), 0,0166790 secs] 98451K->16268K(502464K), 0,0167478 secs] [Times: user=0,05 sys=0,01, real=0,01 secs] 
Heap after GC invocations=7 (full 1):
 par new generation   total 109248K, used 16268K [0x00000000e0000000, 0x00000000e8000000, 0x00000000e8000000)
  eden space 87424K,   0% used [0x00000000e0000000, 0x00000000e0000000, 0x00000000e5560000)
  from space 21824K,  74% used [0x00000000e6ab0000, 0x00000000e7a93240, 0x00000000e8000000)
  to   space 21824K,   0% used [0x00000000e5560000, 0x00000000e5560000, 0x00000000e6ab0000)
 concurrent mark-sweep generation total 393216K, used 0K [0x00000000e8000000, 0x0000000100000000, 0x0000000100000000)
 Metaspace       used 23766K, capacity 24234K, committed 24572K, reserved 1071104K
  class space    used 2791K, capacity 2980K, committed 3068K, reserved 1048576K
}
2017-05-24T11:15:12.121+0200: 3,442: Total time for which application threads were stopped: 0,0170326 seconds, Stopping threads took: 0,0000675 seconds
{Heap before GC invocations=7 (full 1):
 par new generation   total 109248K, used 103692K [0x00000000e0000000, 0x00000000e8000000, 0x00000000e8000000)
  eden space 87424K, 100% used [0x00000000e0000000, 0x00000000e5560000, 0x00000000e5560000)
  from space 21824K,  74% used [0x00000000e6ab0000, 0x00000000e7a93240, 0x00000000e8000000)
  to   space 21824K,   0% used [0x00000000e5560000, 0x00000000e5560000, 0x00000000e6ab0000)
 concurrent mark-sweep generation total 393216K, used 0K [0x00000000e8000000, 0x0000000100000000, 0x0000000100000000)
 Metaspace       used 24266K, capacity 24752K, committed 24828K, reserved 1071104K
  class space    used 2846K, capacity 3045K, committed 3068K, reserved 1048576K
2017-05-24T11:15:12.210+0200: 3,531: [GC (Allocation Failure) 2017-05-24T11:15:12.210+0200: 3,531: [ParNew
Desired survivor size 20112992 bytes, new threshold 8 (max 8)
- age   1:    2003616 bytes,    2003616 total
- age   2:    1779072 bytes,    3782688 total
- age   3:      56840 bytes,    3839528 total
- age   5:      98784 bytes,    3938312 total
- age   6:     188248 bytes,    4126560 total
- age   7:     766328 bytes,    4892888 total
- age   8:    6105528 bytes,   10998416 total
: 103692K->17484K(109248K), 0,0112010 secs] 103692K->17484K(502464K), 0,0112722 secs] [Times: user=0,04 sys=0,00, real=0,01 secs] 
Heap after GC invocations=8 (full 1):
 par new generation   total 109248K, used 17484K [0x00000000e0000000, 0x00000000e8000000, 0x00000000e8000000)
  eden space 87424K,   0% used [0x00000000e0000000, 0x00000000e0000000, 0x00000000e5560000)
  from space 21824K,  80% used [0x00000000e5560000, 0x00000000e6673270, 0x00000000e6ab0000)
  to   space 21824K,   0% used [0x00000000e6ab0000, 0x00000000e6ab0000, 0x00000000e8000000)
 concurrent mark-sweep generation total 393216K, used 0K [0x00000000e8000000, 0x0000000100000000, 0x0000000100000000)
 Metaspace       used 24266K, capacity 24752K, committed 24828K, reserved 1071104K
  class space    used 2846K, capacity 3045K, committed 3068K, reserved 1048576K
}
2017-05-24T11:15:12.221+0200: 3,542: Total time for which application threads were stopped: 0,0150992 seconds, Stopping threads took: 0,0036778 seconds
{Heap before GC invocations=8 (full 1):
 par new generation   total 109248K, used 104908K [0x00000000e0000000, 0x00000000e8000000, 0x00000000e8000000)
  eden space 87424K, 100% used [0x00000000e0000000, 0x00000000e5560000, 0x00000000e5560000)
  from space 21824K,  80% used [0x00000000e5560000, 0x00000000e6673270, 0x00000000e6ab0000)
  to   space 21824K,   0% used [0x00000000e6ab0000, 0x00000000e6ab0000, 0x00000000e8000000)
 concurrent mark-sweep generation total 393216K, used 0K [0x00000000e8000000, 0x0000000100000000, 0x0000000100000000)
 Metaspace       used 24528K, capacity 24970K, committed 25084K, reserved 1071104K
  class space    used 2864K, capacity 3050K, committed 3068K, reserved 1048576K
2017-05-24T11:15:12.316+0200: 3,637: [GC (Allocation Failure) 2017-05-24T11:15:12.316+0200: 3,637: [ParNew
Desired survivor size 20112992 bytes, new threshold 8 (max 8)
- age   1:     936560 bytes,     936560 total
- age   2:     970728 bytes,    1907288 total
- age   3:    1752528 bytes,    3659816 total
- age   4:      56840 bytes,    3716656 total
- age   6:      98648 bytes,    3815304 total
- age   7:     185416 bytes,    4000720 total
- age   8:     765560 bytes,    4766280 total
: 104908K->8398K(109248K), 0,0294707 secs] 104908K->14443K(502464K), 0,0295712 secs] [Times: user=0,09 sys=0,00, real=0,03 secs] 
Heap after GC invocations=9 (full 1):
 par new generation   total 109248K, used 8398K [0x00000000e0000000, 0x00000000e8000000, 0x00000000e8000000)
  eden space 87424K,   0% used [0x00000000e0000000, 0x00000000e0000000, 0x00000000e5560000)
  from space 21824K,  38% used [0x00000000e6ab0000, 0x00000000e72e3b50, 0x00000000e8000000)
  to   space 21824K,   0% used [0x00000000e5560000, 0x00000000e5560000, 0x00000000e6ab0000)
 concurrent mark-sweep generation total 393216K, used 6044K [0x00000000e8000000, 0x0000000100000000, 0x0000000100000000)
 Metaspace       used 24528K, capacity 24970K, committed 25084K, reserved 1071104K
  class space    used 2864K, capacity 3050K, committed 3068K, reserved 1048576K
}
2017-05-24T11:15:12.345+0200: 3,666: Total time for which application threads were stopped: 0,0298207 seconds, Stopping threads took: 0,0000584 seconds
2017-05-24T11:15:12.657+0200: 3,978: Total time for which application threads were stopped: 0,0004352 seconds, Stopping threads took: 0,0000210 seconds
2017-05-24T11:15:12.715+0200: 4,036: Total time for which application threads were stopped: 0,0004368 seconds, Stopping threads took: 0,0000407 seconds
2017-05-24T11:15:12.733+0200: 4,054: Total time for which application threads were stopped: 0,0004496 seconds, Stopping threads took: 0,0001028 seconds
2017-05-24T11:15:12.735+0200: 4,056: Total time for which application threads were stopped: 0,0005738 seconds, Stopping threads took: 0,0000995 seconds
2017-05-24T11:15:12.739+0200: 4,060: Total time for which application threads were stopped: 0,0001489 seconds, Stopping threads took: 0,0000436 seconds
2017-05-24T11:15:12.741+0200: 4,062: Total time for which application threads were stopped: 0,0001756 seconds, Stopping threads took: 0,0000763 seconds
2017-05-24T11:15:12.742+0200: 4,063: Total time for which application threads were stopped: 0,0001291 seconds, Stopping threads took: 0,0000550 seconds
2017-05-24T11:15:12.745+0200: 4,066: Total time for which application threads were stopped: 0,0002613 seconds, Stopping threads took: 0,0001607 seconds
2017-05-24T11:15:12.747+0200: 4,068: Total time for which application threads were stopped: 0,0001238 seconds, Stopping threads took: 0,0000389 seconds
2017-05-24T11:15:12.750+0200: 4,071: Total time for which application threads were stopped: 0,0001252 seconds, Stopping threads took: 0,0000318 seconds
2017-05-24T11:15:12.751+0200: 4,072: Total time for which application threads were stopped: 0,0001006 seconds, Stopping threads took: 0,0000312 seconds
2017-05-24T11:15:12.752+0200: 4,073: Total time for which application threads were stopped: 0,0000665 seconds, Stopping threads took: 0,0000119 seconds
2017-05-24T11:15:12.780+0200: 4,101: Total time for which application threads were stopped: 0,0004249 seconds, Stopping threads took: 0,0000394 seconds
2017-05-24T11:15:12.790+0200: 4,111: Total time for which application threads were stopped: 0,0033892 seconds, Stopping threads took: 0,0033204 seconds
2017-05-24T11:15:12.792+0200: 4,113: Total time for which application threads were stopped: 0,0001461 seconds, Stopping threads took: 0,0000752 seconds
2017-05-24T11:15:12.794+0200: 4,115: Total time for which application threads were stopped: 0,0016081 seconds, Stopping threads took: 0,0015528 seconds
2017-05-24T11:15:12.798+0200: 4,119: Total time for which application threads were stopped: 0,0001041 seconds, Stopping threads took: 0,0000333 seconds
2017-05-24T11:15:12.806+0200: 4,127: Total time for which application threads were stopped: 0,0001116 seconds, Stopping threads took: 0,0000423 seconds
2017-05-24T11:15:12.807+0200: 4,128: Total time for which application threads were stopped: 0,0001034 seconds, Stopping threads took: 0,0000316 seconds
2017-05-24T11:15:12.807+0200: 4,128: Total time for which application threads were stopped: 0,0000795 seconds, Stopping threads took: 0,0000248 seconds
2017-05-24T11:15:12.809+0200: 4,130: Total time for which application threads were stopped: 0,0001169 seconds, Stopping threads took: 0,0000308 seconds
2017-05-24T11:15:12.809+0200: 4,130: Total time for which application threads were stopped: 0,0000862 seconds, Stopping threads took: 0,0000244 seconds
2017-05-24T11:15:12.809+0200: 4,130: Total time for which application threads were stopped: 0,0000715 seconds, Stopping threads took: 0,0000220 seconds
2017-05-24T11:15:12.809+0200: 4,130: Total time for which application threads were stopped: 0,0000719 seconds, Stopping threads took: 0,0000171 seconds
2017-05-24T11:15:12.809+0200: 4,130: Total time for which application threads were stopped: 0,0000691 seconds, Stopping threads took: 0,0000232 seconds
2017-05-24T11:15:12.810+0200: 4,131: Total time for which application threads were stopped: 0,0000664 seconds, Stopping threads took: 0,0000179 seconds
2017-05-24T11:15:12.810+0200: 4,131: Total time for which application threads were stopped: 0,0000569 seconds, Stopping threads took: 0,0000153 seconds
2017-05-24T11:15:12.810+0200: 4,131: Total time for which application threads were stopped: 0,0001489 seconds, Stopping threads took: 0,0000160 seconds
2017-05-24T11:15:12.811+0200: 4,132: Total time for which application threads were stopped: 0,0000690 seconds, Stopping threads took: 0,0000222 seconds
2017-05-24T11:15:12.811+0200: 4,132: Total time for which application threads were stopped: 0,0000644 seconds, Stopping threads took: 0,0000151 seconds
2017-05-24T11:15:12.811+0200: 4,132: Total time for which application threads were stopped: 0,0000633 seconds, Stopping threads took: 0,0000184 seconds
2017-05-24T11:15:12.811+0200: 4,132: Total time for which application threads were stopped: 0,0001299 seconds, Stopping threads took: 0,0000896 seconds
2017-05-24T11:15:12.811+0200: 4,132: Total time for which application threads were stopped: 0,0000593 seconds, Stopping threads took: 0,0000168 seconds
2017-05-24T11:15:12.811+0200: 4,132: Total time for which application threads were stopped: 0,0000647 seconds, Stopping threads took: 0,0000241 seconds
2017-05-24T11:15:12.812+0200: 4,133: Total time for which application threads were stopped: 0,0000608 seconds, Stopping threads took: 0,0000195 seconds
2017-05-24T11:15:12.812+0200: 4,133: Total time for which application threads were stopped: 0,0000654 seconds, Stopping threads took: 0,0000176 seconds
2017-05-24T11:15:12.814+0200: 4,135: Total time for which application threads were stopped: 0,0026748 seconds, Stopping threads took: 0,0026275 seconds
2017-05-24T11:15:12.814+0200: 4,136: Total time for which application threads were stopped: 0,0000638 seconds, Stopping threads took: 0,0000267 seconds
2017-05-24T11:15:12.815+0200: 4,136: Total time for which application threads were stopped: 0,0006518 seconds, Stopping threads took: 0,0005859 seconds
2017-05-24T11:15:12.816+0200: 4,137: Total time for which application threads were stopped: 0,0000726 seconds, Stopping threads took: 0,0000235 seconds
2017-05-24T11:15:12.816+0200: 4,137: Total time for which application threads were stopped: 0,0000637 seconds, Stopping threads took: 0,0000260 seconds
2017-05-24T11:15:12.816+0200: 4,137: Total time for which application threads were stopped: 0,0000512 seconds, Stopping threads took: 0,0000143 seconds
2017-05-24T11:15:12.816+0200: 4,137: Total time for which application threads were stopped: 0,0000571 seconds, Stopping threads took: 0,0000213 seconds
2017-05-24T11:15:12.816+0200: 4,137: Total time for which application threads were stopped: 0,0000583 seconds, Stopping threads took: 0,0000241 seconds
2017-05-24T11:15:12.816+0200: 4,137: Total time for which application threads were stopped: 0,0000518 seconds, Stopping threads took: 0,0000191 seconds
2017-05-24T11:15:12.816+0200: 4,137: Total time for which application threads were stopped: 0,0000417 seconds, Stopping threads took: 0,0000109 seconds
2017-05-24T11:15:12.816+0200: 4,137: Total time for which application threads were stopped: 0,0000493 seconds, Stopping threads took: 0,0000160 seconds
2017-05-24T11:15:12.816+0200: 4,138: Total time for which application threads were stopped: 0,0001274 seconds, Stopping threads took: 0,0000198 seconds
2017-05-24T11:15:12.823+0200: 4,144: Total time for which application threads were stopped: 0,0001427 seconds, Stopping threads took: 0,0000413 seconds
2017-05-24T11:15:12.825+0200: 4,146: Total time for which application threads were stopped: 0,0001462 seconds, Stopping threads took: 0,0000617 seconds
2017-05-24T11:15:12.829+0200: 4,150: Total time for which application threads were stopped: 0,0001114 seconds, Stopping threads took: 0,0000359 seconds
2017-05-24T11:15:12.856+0200: 4,177: Total time for which application threads were stopped: 0,0001669 seconds, Stopping threads took: 0,0000821 seconds
2017-05-24T11:15:12.893+0200: 4,215: Total time for which application threads were stopped: 0,0004803 seconds, Stopping threads took: 0,0000574 seconds
2017-05-24T11:15:12.899+0200: 4,220: Total time for which application threads were stopped: 0,0002188 seconds, Stopping threads took: 0,0001209 seconds
2017-05-24T11:15:13.899+0200: 5,220: Total time for which application threads were stopped: 0,0000892 seconds, Stopping threads took: 0,0000204 seconds
{Heap before GC invocations=9 (full 1):
 par new generation   total 109248K, used 95822K [0x00000000e0000000, 0x00000000e8000000, 0x00000000e8000000)
  eden space 87424K, 100% used [0x00000000e0000000, 0x00000000e5560000, 0x00000000e5560000)
  from space 21824K,  38% used [0x00000000e6ab0000, 0x00000000e72e3b50, 0x00000000e8000000)
  to   space 21824K,   0% used [0x00000000e5560000, 0x00000000e5560000, 0x00000000e6ab0000)
 concurrent mark-sweep generation total 393216K, used 6044K [0x00000000e8000000, 0x0000000100000000, 0x0000000100000000)
 Metaspace       used 28020K, capacity 28548K, committed 28796K, reserved 1075200K
  class space    used 3211K, capacity 3387K, committed 3452K, reserved 1048576K
2017-05-24T11:15:15.584+0200: 6,905: [GC (Allocation Failure) 2017-05-24T11:15:15.584+0200: 6,905: [ParNew
Desired survivor size 20112992 bytes, new threshold 8 (max 8)
- age   1:   11346384 bytes,   11346384 total
- age   2:     173768 bytes,   11520152 total
- age   3:     191056 bytes,   11711208 total
- age   4:    1746432 bytes,   13457640 total
- age   5:      54360 bytes,   13512000 total
- age   7:      98488 bytes,   13610488 total
- age   8:     184728 bytes,   13795216 total
: 95822K->15249K(109248K), 0,0449295 secs] 101867K->22126K(502464K), 0,0450272 secs] [Times: user=0,05 sys=0,00, real=0,04 secs] 
Heap after GC invocations=10 (full 1):
 par new generation   total 109248K, used 15249K [0x00000000e0000000, 0x00000000e8000000, 0x00000000e8000000)
  eden space 87424K,   0% used [0x00000000e0000000, 0x00000000e0000000, 0x00000000e5560000)
  from space 21824K,  69% used [0x00000000e5560000, 0x00000000e64444e0, 0x00000000e6ab0000)
  to   space 21824K,   0% used [0x00000000e6ab0000, 0x00000000e6ab0000, 0x00000000e8000000)
 concurrent mark-sweep generation total 393216K, used 6877K [0x00000000e8000000, 0x0000000100000000, 0x0000000100000000)
 Metaspace       used 28020K, capacity 28548K, committed 28796K, reserved 1075200K
  class space    used 3211K, capacity 3387K, committed 3452K, reserved 1048576K
}
2017-05-24T11:15:15.629+0200: 6,950: Total time for which application threads were stopped: 0,0452236 seconds, Stopping threads took: 0,0000205 seconds
2017-05-24T11:15:15.629+0200: 6,950: Total time for which application threads were stopped: 0,0001056 seconds, Stopping threads took: 0,0000430 seconds
2017-05-24T11:15:15.630+0200: 6,951: Total time for which application threads were stopped: 0,0000517 seconds, Stopping threads took: 0,0000140 seconds
2017-05-24T11:16:30.637+0200: 81,958: Total time for which application threads were stopped: 0,0000570 seconds, Stopping threads took: 0,0000179 seconds
2017-05-24T11:17:05.643+0200: 116,964: Total time for which application threads were stopped: 0,0000783 seconds, Stopping threads took: 0,0000323 seconds
2017-05-24T11:17:10.644+0200: 121,965: Total time for which application threads were stopped: 0,0003753 seconds, Stopping threads took: 0,0000896 seconds
2017-05-24T11:18:09.650+0200: 180,972: Total time for which application threads were stopped: 0,0000933 seconds, Stopping threads took: 0,0000400 seconds
2017-05-24T11:19:39.662+0200: 270,983: Total time for which application threads were stopped: 0,0000881 seconds, Stopping threads took: 0,0000304 seconds
2017-05-24T11:19:45.663+0200: 276,984: Total time for which application threads were stopped: 0,0001554 seconds, Stopping threads took: 0,0000365 seconds
2017-05-24T11:38:34.799+0200: 1406,120: Total time for which application threads were stopped: 0,0001632 seconds, Stopping threads took: 0,0000640 seconds
2017-05-24T11:43:29.836+0200: 1701,157: Total time for which application threads were stopped: 0,0000891 seconds, Stopping threads took: 0,0000339 seconds
2017-05-24T11:53:29.915+0200: 2301,236: Total time for which application threads were stopped: 0,0000889 seconds, Stopping threads took: 0,0000338 seconds
2017-05-24T11:53:30.916+0200: 2302,237: Total time for which application threads were stopped: 0,0001458 seconds, Stopping threads took: 0,0000331 seconds
2017-05-24T12:08:26.025+0200: 3197,346: Total time for which application threads were stopped: 0,0000814 seconds, Stopping threads took: 0,0000333 seconds
2017-05-24T12:19:40.129+0200: 3871,450: Total time for which application threads were stopped: 0,0002411 seconds, Stopping threads took: 0,0000709 seconds
2017-05-24T12:19:45.130+0200: 3876,451: Total time for which application threads were stopped: 0,0001117 seconds, Stopping threads took: 0,0000253 seconds
2017-05-24T12:23:46.712+0200: 4118,033: Total time for which application threads were stopped: 0,0005368 seconds, Stopping threads took: 0,0000136 seconds
2017-05-24T12:23:46.714+0200: 4118,035: Total time for which application threads were stopped: 0,0010047 seconds, Stopping threads took: 0,0000244 seconds
2017-05-24T12:23:46.729+0200: 4118,050: Total time for which application threads were stopped: 0,0067375 seconds, Stopping threads took: 0,0066626 seconds
2017-05-24T12:23:46.736+0200: 4118,057: Total time for which application threads were stopped: 0,0001184 seconds, Stopping threads took: 0,0000290 seconds
2017-05-24T12:23:46.739+0200: 4118,060: Total time for which application threads were stopped: 0,0008702 seconds, Stopping threads took: 0,0008046 seconds
2017-05-24T12:23:46.744+0200: 4118,065: Total time for which application threads were stopped: 0,0010902 seconds, Stopping threads took: 0,0007873 seconds
2017-05-24T12:23:46.746+0200: 4118,067: Total time for which application threads were stopped: 0,0000864 seconds, Stopping threads took: 0,0000122 seconds
2017-05-24T12:23:46.746+0200: 4118,067: Total time for which application threads were stopped: 0,0000448 seconds, Stopping threads took: 0,0000172 seconds
2017-05-24T12:23:46.746+0200: 4118,068: Total time for which application threads were stopped: 0,0000382 seconds, Stopping threads took: 0,0000123 seconds
2017-05-24T12:23:46.747+0200: 4118,068: Total time for which application threads were stopped: 0,0000362 seconds, Stopping threads took: 0,0000106 seconds
2017-05-24T12:23:46.747+0200: 4118,068: Total time for which application threads were stopped: 0,0000361 seconds, Stopping threads took: 0,0000111 seconds
2017-05-24T12:23:46.747+0200: 4118,068: Total time for which application threads were stopped: 0,0000355 seconds, Stopping threads took: 0,0000105 seconds
2017-05-24T12:23:46.748+0200: 4118,069: Total time for which application threads were stopped: 0,0000788 seconds, Stopping threads took: 0,0000277 seconds
2017-05-24T12:23:46.750+0200: 4118,071: Total time for which application threads were stopped: 0,0000657 seconds, Stopping threads took: 0,0000180 seconds
2017-05-24T12:23:46.759+0200: 4118,080: Total time for which application threads were stopped: 0,0008129 seconds, Stopping threads took: 0,0002225 seconds
2017-05-24T12:23:46.761+0200: 4118,082: Total time for which application threads were stopped: 0,0015001 seconds, Stopping threads took: 0,0014402 seconds
2017-05-24T12:23:46.761+0200: 4118,082: Total time for which application threads were stopped: 0,0000371 seconds, Stopping threads took: 0,0000065 seconds
2017-05-24T12:23:46.762+0200: 4118,083: Total time for which application threads were stopped: 0,0000965 seconds, Stopping threads took: 0,0000337 seconds
2017-05-24T12:23:46.763+0200: 4118,084: Total time for which application threads were stopped: 0,0001081 seconds, Stopping threads took: 0,0000538 seconds
2017-05-24T12:23:46.763+0200: 4118,084: Total time for which application threads were stopped: 0,0000615 seconds, Stopping threads took: 0,0000320 seconds
2017-05-24T12:23:46.764+0200: 4118,085: Total time for which application threads were stopped: 0,0013770 seconds, Stopping threads took: 0,0012897 seconds
2017-05-24T12:23:46.767+0200: 4118,088: Total time for which application threads were stopped: 0,0000978 seconds, Stopping threads took: 0,0000368 seconds
2017-05-24T12:23:46.767+0200: 4118,088: Total time for which application threads were stopped: 0,0000618 seconds, Stopping threads took: 0,0000236 seconds
2017-05-24T12:23:46.767+0200: 4118,088: Total time for which application threads were stopped: 0,0001031 seconds, Stopping threads took: 0,0000615 seconds
2017-05-24T12:23:46.767+0200: 4118,088: Total time for which application threads were stopped: 0,0000350 seconds, Stopping threads took: 0,0000063 seconds
2017-05-24T12:23:46.767+0200: 4118,088: Total time for which application threads were stopped: 0,0000630 seconds, Stopping threads took: 0,0000284 seconds
2017-05-24T12:23:46.767+0200: 4118,088: Total time for which application threads were stopped: 0,0000906 seconds, Stopping threads took: 0,0000584 seconds
2017-05-24T12:23:46.768+0200: 4118,089: Total time for which application threads were stopped: 0,0000639 seconds, Stopping threads took: 0,0000231 seconds
2017-05-24T12:23:46.769+0200: 4118,090: Total time for which application threads were stopped: 0,0000924 seconds, Stopping threads took: 0,0000439 seconds
2017-05-24T12:23:46.769+0200: 4118,090: Total time for which application threads were stopped: 0,0000570 seconds, Stopping threads took: 0,0000177 seconds
2017-05-24T12:23:46.770+0200: 4118,091: Total time for which application threads were stopped: 0,0000746 seconds, Stopping threads took: 0,0000349 seconds
2017-05-24T12:23:46.770+0200: 4118,091: Total time for which application threads were stopped: 0,0000582 seconds, Stopping threads took: 0,0000170 seconds
2017-05-24T12:23:46.770+0200: 4118,091: Total time for which application threads were stopped: 0,0000511 seconds, Stopping threads took: 0,0000196 seconds
2017-05-24T12:23:46.770+0200: 4118,091: Total time for which application threads were stopped: 0,0001508 seconds, Stopping threads took: 0,0000972 seconds
2017-05-24T12:23:46.771+0200: 4118,092: Total time for which application threads were stopped: 0,0000824 seconds, Stopping threads took: 0,0000223 seconds
2017-05-24T12:23:46.772+0200: 4118,093: Total time for which application threads were stopped: 0,0013009 seconds, Stopping threads took: 0,0011007 seconds
2017-05-24T12:23:46.779+0200: 4118,100: Total time for which application threads were stopped: 0,0001274 seconds, Stopping threads took: 0,0000326 seconds
2017-05-24T12:23:46.780+0200: 4118,101: Total time for which application threads were stopped: 0,0001954 seconds, Stopping threads took: 0,0000255 seconds
Heap
 par new generation   total 109248K, used 40389K [0x00000000e0000000, 0x00000000e8000000, 0x00000000e8000000)
  eden space 87424K,  28% used [0x00000000e0000000, 0x00000000e188d018, 0x00000000e5560000)
  from space 21824K,  69% used [0x00000000e5560000, 0x00000000e64444e0, 0x00000000e6ab0000)
  to   space 21824K,   0% used [0x00000000e6ab0000, 0x00000000e6ab0000, 0x00000000e8000000)
 concurrent mark-sweep generation total 393216K, used 6877K [0x00000000e8000000, 0x0000000100000000, 0x0000000100000000)
 Metaspace       used 28172K, capacity 28720K, committed 29052K, reserved 1075200K
  class space    used 3228K, capacity 3423K, committed 3452K, reserved 1048576K
