OpenJDK 64-Bit Server VM (25.111-b14) for linux-amd64 JRE (1.8.0_111-8u111-b14-2ubuntu0.16.04.2-b14), built on Oct 27 2016 18:10:19 by "buildd" with gcc 5.4.0 20160609
Memory: 4k page, physical 7867840k(7450800k free), swap 8076284k(8076284k free)
CommandLine flags: -XX:CMSInitiatingOccupancyFraction=50 -XX:CMSMaxAbortablePrecleanTime=6000 -XX:+CMSParallelRemarkEnabled -XX:+CMSScavengeBeforeRemark -XX:ConcGCThreads=4 -XX:InitialHeapSize=536870912 -XX:MaxHeapSize=536870912 -XX:MaxTenuringThreshold=8 -XX:NewRatio=3 -XX:OldPLABSize=16 -XX:OnOutOfMemoryError=/opt/solr/bin/oom_solr.sh 8983 /var/solr/logs -XX:ParallelGCThreads=4 -XX:+ParallelRefProcEnabled -XX:PretenureSizeThreshold=67108864 -XX:+PrintGC -XX:+PrintGCApplicationStoppedTime -XX:+PrintGCDateStamps -XX:+PrintGCDetails -XX:+PrintGCTimeStamps -XX:+PrintHeapAtGC -XX:+PrintTenuringDistribution -XX:SurvivorRatio=4 -XX:TargetSurvivorRatio=90 -XX:ThreadStackSize=256 -XX:+UseCMSInitiatingOccupancyOnly -XX:+UseCompressedClassPointers -XX:+UseCompressedOops -XX:+UseConcMarkSweepGC -XX:+UseParNewGC 
2016-12-13T08:52:17.766+0100: 0,119: Total time for which application threads were stopped: 0,0000862 seconds, Stopping threads took: 0,0000187 seconds
2016-12-13T08:52:17.841+0100: 0,194: Total time for which application threads were stopped: 0,0001320 seconds, Stopping threads took: 0,0000208 seconds
2016-12-13T08:52:17.862+0100: 0,214: Total time for which application threads were stopped: 0,0001054 seconds, Stopping threads took: 0,0000299 seconds
2016-12-13T08:52:18.413+0100: 0,766: Total time for which application threads were stopped: 0,0001588 seconds, Stopping threads took: 0,0000125 seconds
2016-12-13T08:52:18.496+0100: 0,848: Total time for which application threads were stopped: 0,0002105 seconds, Stopping threads took: 0,0000344 seconds
2016-12-13T08:52:18.552+0100: 0,904: Total time for which application threads were stopped: 0,0002011 seconds, Stopping threads took: 0,0000293 seconds
2016-12-13T08:52:18.879+0100: 1,231: Total time for which application threads were stopped: 0,0002143 seconds, Stopping threads took: 0,0000204 seconds
2016-12-13T08:52:19.090+0100: 1,442: Total time for which application threads were stopped: 0,0002159 seconds, Stopping threads took: 0,0000181 seconds
2016-12-13T08:52:19.112+0100: 1,464: Total time for which application threads were stopped: 0,0006546 seconds, Stopping threads took: 0,0000243 seconds
2016-12-13T08:52:19.115+0100: 1,468: Total time for which application threads were stopped: 0,0009894 seconds, Stopping threads took: 0,0001065 seconds
2016-12-13T08:52:19.129+0100: 1,482: Total time for which application threads were stopped: 0,0015404 seconds, Stopping threads took: 0,0003785 seconds
2016-12-13T08:52:19.228+0100: 1,581: Total time for which application threads were stopped: 0,0002466 seconds, Stopping threads took: 0,0000244 seconds
2016-12-13T08:52:19.422+0100: 1,775: Total time for which application threads were stopped: 0,0003075 seconds, Stopping threads took: 0,0001067 seconds
{Heap before GC invocations=0 (full 0):
 par new generation   total 109248K, used 87424K [0x00000000e0000000, 0x00000000e8000000, 0x00000000e8000000)
  eden space 87424K, 100% used [0x00000000e0000000, 0x00000000e5560000, 0x00000000e5560000)
  from space 21824K,   0% used [0x00000000e5560000, 0x00000000e5560000, 0x00000000e6ab0000)
  to   space 21824K,   0% used [0x00000000e6ab0000, 0x00000000e6ab0000, 0x00000000e8000000)
 concurrent mark-sweep generation total 393216K, used 0K [0x00000000e8000000, 0x0000000100000000, 0x0000000100000000)
 Metaspace       used 18087K, capacity 18366K, committed 18560K, reserved 1064960K
  class space    used 2055K, capacity 2162K, committed 2176K, reserved 1048576K
2016-12-13T08:52:19.556+0100: 1,908: [GC (Allocation Failure) 2016-12-13T08:52:19.556+0100: 1,908: [ParNew
Desired survivor size 20112992 bytes, new threshold 8 (max 8)
- age   1:   12327536 bytes,   12327536 total
: 87424K->12143K(109248K), 0,0161659 secs] 87424K->12143K(502464K), 0,0162455 secs] [Times: user=0,04 sys=0,01, real=0,01 secs] 
Heap after GC invocations=1 (full 0):
 par new generation   total 109248K, used 12143K [0x00000000e0000000, 0x00000000e8000000, 0x00000000e8000000)
  eden space 87424K,   0% used [0x00000000e0000000, 0x00000000e0000000, 0x00000000e5560000)
  from space 21824K,  55% used [0x00000000e6ab0000, 0x00000000e768be70, 0x00000000e8000000)
  to   space 21824K,   0% used [0x00000000e5560000, 0x00000000e5560000, 0x00000000e6ab0000)
 concurrent mark-sweep generation total 393216K, used 0K [0x00000000e8000000, 0x0000000100000000, 0x0000000100000000)
 Metaspace       used 18087K, capacity 18366K, committed 18560K, reserved 1064960K
  class space    used 2055K, capacity 2162K, committed 2176K, reserved 1048576K
}
2016-12-13T08:52:19.572+0100: 1,925: Total time for which application threads were stopped: 0,0164181 seconds, Stopping threads took: 0,0000180 seconds
2016-12-13T08:52:19.735+0100: 2,088: Total time for which application threads were stopped: 0,0002723 seconds, Stopping threads took: 0,0000241 seconds
2016-12-13T08:52:19.766+0100: 2,119: Total time for which application threads were stopped: 0,0004819 seconds, Stopping threads took: 0,0000286 seconds
2016-12-13T08:52:19.803+0100: 2,155: Total time for which application threads were stopped: 0,0003164 seconds, Stopping threads took: 0,0000292 seconds
{Heap before GC invocations=1 (full 0):
 par new generation   total 109248K, used 99567K [0x00000000e0000000, 0x00000000e8000000, 0x00000000e8000000)
  eden space 87424K, 100% used [0x00000000e0000000, 0x00000000e5560000, 0x00000000e5560000)
  from space 21824K,  55% used [0x00000000e6ab0000, 0x00000000e768be70, 0x00000000e8000000)
  to   space 21824K,   0% used [0x00000000e5560000, 0x00000000e5560000, 0x00000000e6ab0000)
 concurrent mark-sweep generation total 393216K, used 0K [0x00000000e8000000, 0x0000000100000000, 0x0000000100000000)
 Metaspace       used 20707K, capacity 21020K, committed 21248K, reserved 1069056K
  class space    used 2405K, capacity 2518K, committed 2560K, reserved 1048576K
2016-12-13T08:52:19.970+0100: 2,322: [GC (Allocation Failure) 2016-12-13T08:52:19.970+0100: 2,322: [ParNew
Desired survivor size 20112992 bytes, new threshold 8 (max 8)
- age   1:    2918344 bytes,    2918344 total
- age   2:    6100632 bytes,    9018976 total
: 99567K->13022K(109248K), 0,0143681 secs] 99567K->13022K(502464K), 0,0144948 secs] [Times: user=0,05 sys=0,00, real=0,02 secs] 
Heap after GC invocations=2 (full 0):
 par new generation   total 109248K, used 13022K [0x00000000e0000000, 0x00000000e8000000, 0x00000000e8000000)
  eden space 87424K,   0% used [0x00000000e0000000, 0x00000000e0000000, 0x00000000e5560000)
  from space 21824K,  59% used [0x00000000e5560000, 0x00000000e6217818, 0x00000000e6ab0000)
  to   space 21824K,   0% used [0x00000000e6ab0000, 0x00000000e6ab0000, 0x00000000e8000000)
 concurrent mark-sweep generation total 393216K, used 0K [0x00000000e8000000, 0x0000000100000000, 0x0000000100000000)
 Metaspace       used 20707K, capacity 21020K, committed 21248K, reserved 1069056K
  class space    used 2405K, capacity 2518K, committed 2560K, reserved 1048576K
}
2016-12-13T08:52:19.984+0100: 2,337: Total time for which application threads were stopped: 0,0147231 seconds, Stopping threads took: 0,0000339 seconds
2016-12-13T08:52:20.036+0100: 2,388: Total time for which application threads were stopped: 0,0000790 seconds, Stopping threads took: 0,0000199 seconds
2016-12-13T08:52:20.068+0100: 2,421: Total time for which application threads were stopped: 0,0002554 seconds, Stopping threads took: 0,0000133 seconds
2016-12-13T08:52:20.074+0100: 2,427: Total time for which application threads were stopped: 0,0000797 seconds, Stopping threads took: 0,0000174 seconds
2016-12-13T08:52:20.092+0100: 2,445: Total time for which application threads were stopped: 0,0000809 seconds, Stopping threads took: 0,0000212 seconds
2016-12-13T08:52:20.170+0100: 2,523: Total time for which application threads were stopped: 0,0001227 seconds, Stopping threads took: 0,0000198 seconds
2016-12-13T08:52:20.187+0100: 2,539: Total time for which application threads were stopped: 0,0000968 seconds, Stopping threads took: 0,0000285 seconds
2016-12-13T08:52:20.193+0100: 2,546: Total time for which application threads were stopped: 0,0002858 seconds, Stopping threads took: 0,0000208 seconds
2016-12-13T08:52:20.200+0100: 2,553: Total time for which application threads were stopped: 0,0002695 seconds, Stopping threads took: 0,0000119 seconds
2016-12-13T08:52:20.209+0100: 2,561: Total time for which application threads were stopped: 0,0000959 seconds, Stopping threads took: 0,0000238 seconds
2016-12-13T08:52:20.243+0100: 2,596: Total time for which application threads were stopped: 0,0000808 seconds, Stopping threads took: 0,0000296 seconds
2016-12-13T08:52:20.254+0100: 2,607: Total time for which application threads were stopped: 0,0000839 seconds, Stopping threads took: 0,0000293 seconds
2016-12-13T08:52:20.277+0100: 2,630: Total time for which application threads were stopped: 0,0000944 seconds, Stopping threads took: 0,0000280 seconds
2016-12-13T08:52:20.303+0100: 2,655: Total time for which application threads were stopped: 0,0000956 seconds, Stopping threads took: 0,0000230 seconds
2016-12-13T08:52:20.332+0100: 2,685: Total time for which application threads were stopped: 0,0001114 seconds, Stopping threads took: 0,0000260 seconds
2016-12-13T08:52:20.390+0100: 2,742: Total time for which application threads were stopped: 0,0001071 seconds, Stopping threads took: 0,0000250 seconds
2016-12-13T08:52:20.425+0100: 2,778: Total time for which application threads were stopped: 0,0001114 seconds, Stopping threads took: 0,0000236 seconds
{Heap before GC invocations=2 (full 0):
 par new generation   total 109248K, used 100446K [0x00000000e0000000, 0x00000000e8000000, 0x00000000e8000000)
  eden space 87424K, 100% used [0x00000000e0000000, 0x00000000e5560000, 0x00000000e5560000)
  from space 21824K,  59% used [0x00000000e5560000, 0x00000000e6217818, 0x00000000e6ab0000)
  to   space 21824K,   0% used [0x00000000e6ab0000, 0x00000000e6ab0000, 0x00000000e8000000)
 concurrent mark-sweep generation total 393216K, used 0K [0x00000000e8000000, 0x0000000100000000, 0x0000000100000000)
 Metaspace       used 24838K, capacity 25224K, committed 25536K, reserved 1071104K
  class space    used 2898K, capacity 3025K, committed 3092K, reserved 1048576K
2016-12-13T08:52:20.439+0100: 2,792: [GC (Allocation Failure) 2016-12-13T08:52:20.440+0100: 2,792: [ParNew
Desired survivor size 20112992 bytes, new threshold 8 (max 8)
- age   1:    6689792 bytes,    6689792 total
- age   2:     550800 bytes,    7240592 total
- age   3:    6082328 bytes,   13322920 total
: 100446K->15489K(109248K), 0,0169425 secs] 100446K->15489K(502464K), 0,0170280 secs] [Times: user=0,06 sys=0,00, real=0,02 secs] 
Heap after GC invocations=3 (full 0):
 par new generation   total 109248K, used 15489K [0x00000000e0000000, 0x00000000e8000000, 0x00000000e8000000)
  eden space 87424K,   0% used [0x00000000e0000000, 0x00000000e0000000, 0x00000000e5560000)
  from space 21824K,  70% used [0x00000000e6ab0000, 0x00000000e79d0520, 0x00000000e8000000)
  to   space 21824K,   0% used [0x00000000e5560000, 0x00000000e5560000, 0x00000000e6ab0000)
 concurrent mark-sweep generation total 393216K, used 0K [0x00000000e8000000, 0x0000000100000000, 0x0000000100000000)
 Metaspace       used 24838K, capacity 25224K, committed 25536K, reserved 1071104K
  class space    used 2898K, capacity 3025K, committed 3092K, reserved 1048576K
}
2016-12-13T08:52:20.457+0100: 2,809: Total time for which application threads were stopped: 0,0171834 seconds, Stopping threads took: 0,0000267 seconds
2016-12-13T08:52:20.457+0100: 2,810: [GC (CMS Initial Mark) [1 CMS-initial-mark: 0K(393216K)] 15489K(502464K), 0,0037439 secs] [Times: user=0,01 sys=0,00, real=0,00 secs] 
2016-12-13T08:52:20.461+0100: 2,813: Total time for which application threads were stopped: 0,0040924 seconds, Stopping threads took: 0,0002742 seconds
2016-12-13T08:52:20.461+0100: 2,813: [CMS-concurrent-mark-start]
2016-12-13T08:52:20.461+0100: 2,814: [CMS-concurrent-mark: 0,000/0,000 secs] [Times: user=0,00 sys=0,00, real=0,00 secs] 
2016-12-13T08:52:20.461+0100: 2,814: [CMS-concurrent-preclean-start]
2016-12-13T08:52:20.462+0100: 2,815: [CMS-concurrent-preclean: 0,001/0,001 secs] [Times: user=0,01 sys=0,00, real=0,01 secs] 
2016-12-13T08:52:20.463+0100: 2,815: [GC (CMS Final Remark) [YG occupancy: 16891 K (109248 K)]{Heap before GC invocations=3 (full 1):
 par new generation   total 109248K, used 16891K [0x00000000e0000000, 0x00000000e8000000, 0x00000000e8000000)
  eden space 87424K,   1% used [0x00000000e0000000, 0x00000000e015e818, 0x00000000e5560000)
  from space 21824K,  70% used [0x00000000e6ab0000, 0x00000000e79d0520, 0x00000000e8000000)
  to   space 21824K,   0% used [0x00000000e5560000, 0x00000000e5560000, 0x00000000e6ab0000)
 concurrent mark-sweep generation total 393216K, used 0K [0x00000000e8000000, 0x0000000100000000, 0x0000000100000000)
 Metaspace       used 24843K, capacity 25224K, committed 25536K, reserved 1071104K
  class space    used 2898K, capacity 3025K, committed 3092K, reserved 1048576K
2016-12-13T08:52:20.463+0100: 2,815: [GC (CMS Final Remark) 2016-12-13T08:52:20.463+0100: 2,815: [ParNew
Desired survivor size 20112992 bytes, new threshold 8 (max 8)
- age   1:      11192 bytes,      11192 total
- age   2:    3149304 bytes,    3160496 total
- age   3:     550800 bytes,    3711296 total
- age   4:    6082304 bytes,    9793600 total
: 16891K->16573K(109248K), 0,0116477 secs] 16891K->16573K(502464K), 0,0117048 secs] [Times: user=0,03 sys=0,00, real=0,01 secs] 
Heap after GC invocations=4 (full 1):
 par new generation   total 109248K, used 16573K [0x00000000e0000000, 0x00000000e8000000, 0x00000000e8000000)
  eden space 87424K,   0% used [0x00000000e0000000, 0x00000000e0000000, 0x00000000e5560000)
  from space 21824K,  75% used [0x00000000e5560000, 0x00000000e658f480, 0x00000000e6ab0000)
  to   space 21824K,   0% used [0x00000000e6ab0000, 0x00000000e6ab0000, 0x00000000e8000000)
 concurrent mark-sweep generation total 393216K, used 0K [0x00000000e8000000, 0x0000000100000000, 0x0000000100000000)
 Metaspace       used 24843K, capacity 25224K, committed 25536K, reserved 1071104K
  class space    used 2898K, capacity 3025K, committed 3092K, reserved 1048576K
}
2016-12-13T08:52:20.474+0100: 2,827: [Rescan (parallel) , 0,0055300 secs]2016-12-13T08:52:20.480+0100: 2,833: [weak refs processing, 0,0003799 secs]2016-12-13T08:52:20.480+0100: 2,833: [class unloading, 0,0031686 secs]2016-12-13T08:52:20.484+0100: 2,836: [scrub symbol table, 0,0033626 secs]2016-12-13T08:52:20.487+0100: 2,839: [scrub string table, 0,0004150 secs][1 CMS-remark: 0K(393216K)] 16573K(502464K), 0,0252675 secs] [Times: user=0,07 sys=0,00, real=0,02 secs] 
2016-12-13T08:52:20.488+0100: 2,840: Total time for which application threads were stopped: 0,0253859 seconds, Stopping threads took: 0,0000493 seconds
2016-12-13T08:52:20.488+0100: 2,841: [CMS-concurrent-sweep-start]
2016-12-13T08:52:20.488+0100: 2,841: [CMS-concurrent-sweep: 0,000/0,000 secs] [Times: user=0,00 sys=0,00, real=0,00 secs] 
2016-12-13T08:52:20.488+0100: 2,841: [CMS-concurrent-reset-start]
2016-12-13T08:52:20.489+0100: 2,842: [CMS-concurrent-reset: 0,001/0,001 secs] [Times: user=0,00 sys=0,00, real=0,00 secs] 
2016-12-13T08:52:20.532+0100: 2,885: Total time for which application threads were stopped: 0,0003990 seconds, Stopping threads took: 0,0000296 seconds
2016-12-13T08:52:21.533+0100: 3,885: Total time for which application threads were stopped: 0,0000792 seconds, Stopping threads took: 0,0000165 seconds
2016-12-13T08:52:21.693+0100: 4,046: Total time for which application threads were stopped: 0,0003041 seconds, Stopping threads took: 0,0000151 seconds
2016-12-13T08:52:48.959+0100: 32,049: Total time for which application threads were stopped: 0,0000539 seconds, Stopping threads took: 0,0000152 seconds
2016-12-13T08:54:58.973+0100: 162,063: Total time for which application threads were stopped: 0,0000713 seconds, Stopping threads took: 0,0000317 seconds
2016-12-13T08:55:03.974+0100: 167,064: Total time for which application threads were stopped: 0,0000654 seconds, Stopping threads took: 0,0000188 seconds
2016-12-13T08:56:13.982+0100: 237,071: Total time for which application threads were stopped: 0,0001733 seconds, Stopping threads took: 0,0000728 seconds
2016-12-13T08:57:03.988+0100: 287,078: Total time for which application threads were stopped: 0,0000813 seconds, Stopping threads took: 0,0000345 seconds
2016-12-13T08:57:22.990+0100: 306,080: Total time for which application threads were stopped: 0,0000854 seconds, Stopping threads took: 0,0000345 seconds
2016-12-13T08:57:38.992+0100: 322,082: Total time for which application threads were stopped: 0,0000689 seconds, Stopping threads took: 0,0000202 seconds
2016-12-13T08:57:47.993+0100: 331,083: Total time for which application threads were stopped: 0,0000594 seconds, Stopping threads took: 0,0000157 seconds
2016-12-13T09:02:54.030+0100: 637,119: Total time for which application threads were stopped: 0,0000716 seconds, Stopping threads took: 0,0000322 seconds
2016-12-13T09:02:59.030+0100: 642,120: Total time for which application threads were stopped: 0,0000776 seconds, Stopping threads took: 0,0000145 seconds
2016-12-13T09:15:58.126+0100: 1421,215: Total time for which application threads were stopped: 0,0000843 seconds, Stopping threads took: 0,0000352 seconds
2016-12-13T09:20:33.159+0100: 1696,248: Total time for which application threads were stopped: 0,0000882 seconds, Stopping threads took: 0,0000357 seconds
2016-12-13T09:30:58.227+0100: 2321,317: Total time for which application threads were stopped: 0,0002930 seconds, Stopping threads took: 0,0001251 seconds
2016-12-13T09:30:59.227+0100: 2322,317: Total time for which application threads were stopped: 0,0000546 seconds, Stopping threads took: 0,0000140 seconds
2016-12-13T09:31:39.232+0100: 2362,321: Total time for which application threads were stopped: 0,0000901 seconds, Stopping threads took: 0,0000399 seconds
2016-12-13T09:45:34.330+0100: 3197,420: Total time for which application threads were stopped: 0,0000774 seconds, Stopping threads took: 0,0000316 seconds
2016-12-13T09:56:33.404+0100: 3856,494: Total time for which application threads were stopped: 0,0000824 seconds, Stopping threads took: 0,0000324 seconds
2016-12-13T09:56:43.406+0100: 3866,495: Total time for which application threads were stopped: 0,0000628 seconds, Stopping threads took: 0,0000167 seconds
2016-12-13T09:59:18.423+0100: 4021,512: Total time for which application threads were stopped: 0,0000704 seconds, Stopping threads took: 0,0000307 seconds
2016-12-13T10:36:18.736+0100: 6241,825: Total time for which application threads were stopped: 0,0001579 seconds, Stopping threads took: 0,0000618 seconds
2016-12-13T10:36:58.743+0100: 6281,833: Total time for which application threads were stopped: 0,0001684 seconds, Stopping threads took: 0,0000652 seconds
2016-12-13T10:37:23.747+0100: 6306,837: Total time for which application threads were stopped: 0,0001442 seconds, Stopping threads took: 0,0000567 seconds
2016-12-13T10:57:18.907+0100: 7501,997: Total time for which application threads were stopped: 0,0000724 seconds, Stopping threads took: 0,0000321 seconds
2016-12-13T10:57:48.911+0100: 7532,001: Total time for which application threads were stopped: 0,0001218 seconds, Stopping threads took: 0,0000458 seconds
2016-12-13T11:00:18.927+0100: 7682,016: Total time for which application threads were stopped: 0,0000785 seconds, Stopping threads took: 0,0000352 seconds
2016-12-13T12:01:48.429+0100: 11371,519: Total time for which application threads were stopped: 0,0001165 seconds, Stopping threads took: 0,0000397 seconds
2016-12-13T12:04:48.448+0100: 11551,538: Total time for which application threads were stopped: 0,0003544 seconds, Stopping threads took: 0,0001615 seconds
2016-12-13T13:08:18.846+0100: 15361,936: Total time for which application threads were stopped: 0,0001183 seconds, Stopping threads took: 0,0000289 seconds
2016-12-13T13:08:48.849+0100: 15391,939: Total time for which application threads were stopped: 0,0000803 seconds, Stopping threads took: 0,0000319 seconds
2016-12-13T13:57:39.408+0100: 18322,498: Total time for which application threads were stopped: 0,0001522 seconds, Stopping threads took: 0,0000282 seconds
Heap
 par new generation   total 109248K, used 59935K [0x00000000e0000000, 0x00000000e8000000, 0x00000000e8000000)
  eden space 87424K,  49% used [0x00000000e0000000, 0x00000000e2a58ae0, 0x00000000e5560000)
  from space 21824K,  75% used [0x00000000e5560000, 0x00000000e658f480, 0x00000000e6ab0000)
  to   space 21824K,   0% used [0x00000000e6ab0000, 0x00000000e6ab0000, 0x00000000e8000000)
 concurrent mark-sweep generation total 393216K, used 0K [0x00000000e8000000, 0x0000000100000000, 0x0000000100000000)
 Metaspace       used 27208K, capacity 27662K, committed 27924K, reserved 1073152K
  class space    used 3162K, capacity 3320K, committed 3348K, reserved 1048576K
