OpenJDK 64-Bit Server VM (25.121-b13) for linux-amd64 JRE (1.8.0_121-8u121-b13-0ubuntu1.16.04.2-b13), built on Jan 23 2017 15:51:29 by "buildd" with gcc 5.4.0 20160609
Memory: 4k page, physical 7867800k(7439696k free), swap 8076284k(8076284k free)
CommandLine flags: -XX:CMSInitiatingOccupancyFraction=50 -XX:CMSMaxAbortablePrecleanTime=6000 -XX:+CMSParallelRemarkEnabled -XX:+CMSScavengeBeforeRemark -XX:ConcGCThreads=4 -XX:InitialHeapSize=536870912 -XX:MaxHeapSize=536870912 -XX:MaxTenuringThreshold=8 -XX:NewRatio=3 -XX:OldPLABSize=16 -XX:OnOutOfMemoryError=/opt/solr/bin/oom_solr.sh 8983 /var/solr/logs -XX:ParallelGCThreads=4 -XX:+ParallelRefProcEnabled -XX:PretenureSizeThreshold=67108864 -XX:+PrintGC -XX:+PrintGCApplicationStoppedTime -XX:+PrintGCDateStamps -XX:+PrintGCDetails -XX:+PrintGCTimeStamps -XX:+PrintHeapAtGC -XX:+PrintTenuringDistribution -XX:SurvivorRatio=4 -XX:TargetSurvivorRatio=90 -XX:ThreadStackSize=256 -XX:+UseCMSInitiatingOccupancyOnly -XX:+UseCompressedClassPointers -XX:+UseCompressedOops -XX:+UseConcMarkSweepGC -XX:+UseParNewGC 
2017-02-15T22:21:41.815+0100: 0,188: Total time for which application threads were stopped: 0,0000711 seconds, Stopping threads took: 0,0000089 seconds
2017-02-15T22:21:41.927+0100: 0,300: Total time for which application threads were stopped: 0,0001060 seconds, Stopping threads took: 0,0000120 seconds
2017-02-15T22:21:41.946+0100: 0,320: Total time for which application threads were stopped: 0,0000865 seconds, Stopping threads took: 0,0000140 seconds
2017-02-15T22:21:42.308+0100: 0,682: Total time for which application threads were stopped: 0,0001577 seconds, Stopping threads took: 0,0000209 seconds
2017-02-15T22:21:42.823+0100: 1,196: Total time for which application threads were stopped: 0,0001727 seconds, Stopping threads took: 0,0000268 seconds
2017-02-15T22:21:42.937+0100: 1,311: Total time for which application threads were stopped: 0,0001863 seconds, Stopping threads took: 0,0000304 seconds
2017-02-15T22:21:42.973+0100: 1,346: Total time for which application threads were stopped: 0,0002021 seconds, Stopping threads took: 0,0000364 seconds
2017-02-15T22:21:43.504+0100: 1,877: Total time for which application threads were stopped: 0,0002241 seconds, Stopping threads took: 0,0000178 seconds
2017-02-15T22:21:43.727+0100: 2,101: Total time for which application threads were stopped: 0,0002025 seconds, Stopping threads took: 0,0000135 seconds
2017-02-15T22:21:43.752+0100: 2,126: Total time for which application threads were stopped: 0,0001939 seconds, Stopping threads took: 0,0000195 seconds
2017-02-15T22:21:43.784+0100: 2,157: Total time for which application threads were stopped: 0,0002169 seconds, Stopping threads took: 0,0000213 seconds
2017-02-15T22:21:43.785+0100: 2,158: Total time for which application threads were stopped: 0,0001868 seconds, Stopping threads took: 0,0000163 seconds
2017-02-15T22:21:43.803+0100: 2,176: Total time for which application threads were stopped: 0,0002138 seconds, Stopping threads took: 0,0000151 seconds
2017-02-15T22:21:43.889+0100: 2,262: Total time for which application threads were stopped: 0,0002708 seconds, Stopping threads took: 0,0000373 seconds
2017-02-15T22:21:44.110+0100: 2,483: Total time for which application threads were stopped: 0,0003199 seconds, Stopping threads took: 0,0000146 seconds
{Heap before GC invocations=0 (full 0):
 par new generation   total 109248K, used 87424K [0x00000000e0000000, 0x00000000e8000000, 0x00000000e8000000)
  eden space 87424K, 100% used [0x00000000e0000000, 0x00000000e5560000, 0x00000000e5560000)
  from space 21824K,   0% used [0x00000000e5560000, 0x00000000e5560000, 0x00000000e6ab0000)
  to   space 21824K,   0% used [0x00000000e6ab0000, 0x00000000e6ab0000, 0x00000000e8000000)
 concurrent mark-sweep generation total 393216K, used 0K [0x00000000e8000000, 0x0000000100000000, 0x0000000100000000)
 Metaspace       used 18021K, capacity 18336K, committed 18688K, reserved 1064960K
  class space    used 2036K, capacity 2196K, committed 2304K, reserved 1048576K
2017-02-15T22:21:44.238+0100: 2,612: [GC (Allocation Failure) 2017-02-15T22:21:44.238+0100: 2,612: [ParNew
Desired survivor size 20112992 bytes, new threshold 8 (max 8)
- age   1:   12587024 bytes,   12587024 total
: 87424K->12414K(109248K), 0,0179451 secs] 87424K->12414K(502464K), 0,0180278 secs] [Times: user=0,05 sys=0,01, real=0,02 secs] 
Heap after GC invocations=1 (full 0):
 par new generation   total 109248K, used 12414K [0x00000000e0000000, 0x00000000e8000000, 0x00000000e8000000)
  eden space 87424K,   0% used [0x00000000e0000000, 0x00000000e0000000, 0x00000000e5560000)
  from space 21824K,  56% used [0x00000000e6ab0000, 0x00000000e76cf848, 0x00000000e8000000)
  to   space 21824K,   0% used [0x00000000e5560000, 0x00000000e5560000, 0x00000000e6ab0000)
 concurrent mark-sweep generation total 393216K, used 0K [0x00000000e8000000, 0x0000000100000000, 0x0000000100000000)
 Metaspace       used 18021K, capacity 18336K, committed 18688K, reserved 1064960K
  class space    used 2036K, capacity 2196K, committed 2304K, reserved 1048576K
}
2017-02-15T22:21:44.256+0100: 2,630: Total time for which application threads were stopped: 0,0208762 seconds, Stopping threads took: 0,0026560 seconds
2017-02-15T22:21:44.673+0100: 3,046: Total time for which application threads were stopped: 0,0003794 seconds, Stopping threads took: 0,0000346 seconds
{Heap before GC invocations=1 (full 0):
 par new generation   total 109248K, used 99838K [0x00000000e0000000, 0x00000000e8000000, 0x00000000e8000000)
  eden space 87424K, 100% used [0x00000000e0000000, 0x00000000e5560000, 0x00000000e5560000)
  from space 21824K,  56% used [0x00000000e6ab0000, 0x00000000e76cf848, 0x00000000e8000000)
  to   space 21824K,   0% used [0x00000000e5560000, 0x00000000e5560000, 0x00000000e6ab0000)
 concurrent mark-sweep generation total 393216K, used 0K [0x00000000e8000000, 0x0000000100000000, 0x0000000100000000)
 Metaspace       used 20021K, capacity 20346K, committed 20736K, reserved 1067008K
  class space    used 2291K, capacity 2463K, committed 2560K, reserved 1048576K
2017-02-15T22:21:44.738+0100: 3,111: [GC (Allocation Failure) 2017-02-15T22:21:44.738+0100: 3,111: [ParNew
Desired survivor size 20112992 bytes, new threshold 8 (max 8)
- age   1:    3806984 bytes,    3806984 total
- age   2:    6643608 bytes,   10450592 total
: 99838K->13799K(109248K), 0,0104798 secs] 99838K->13799K(502464K), 0,0105409 secs] [Times: user=0,03 sys=0,01, real=0,01 secs] 
Heap after GC invocations=2 (full 0):
 par new generation   total 109248K, used 13799K [0x00000000e0000000, 0x00000000e8000000, 0x00000000e8000000)
  eden space 87424K,   0% used [0x00000000e0000000, 0x00000000e0000000, 0x00000000e5560000)
  from space 21824K,  63% used [0x00000000e5560000, 0x00000000e62d9e80, 0x00000000e6ab0000)
  to   space 21824K,   0% used [0x00000000e6ab0000, 0x00000000e6ab0000, 0x00000000e8000000)
 concurrent mark-sweep generation total 393216K, used 0K [0x00000000e8000000, 0x0000000100000000, 0x0000000100000000)
 Metaspace       used 20021K, capacity 20346K, committed 20736K, reserved 1067008K
  class space    used 2291K, capacity 2463K, committed 2560K, reserved 1048576K
}
2017-02-15T22:21:44.748+0100: 3,122: Total time for which application threads were stopped: 0,0119434 seconds, Stopping threads took: 0,0012526 seconds
2017-02-15T22:21:44.760+0100: 3,133: Total time for which application threads were stopped: 0,0003594 seconds, Stopping threads took: 0,0000215 seconds
2017-02-15T22:21:44.799+0100: 3,173: Total time for which application threads were stopped: 0,0004114 seconds, Stopping threads took: 0,0000583 seconds
2017-02-15T22:21:44.961+0100: 3,335: Total time for which application threads were stopped: 0,0017710 seconds, Stopping threads took: 0,0016465 seconds
{Heap before GC invocations=2 (full 0):
 par new generation   total 109248K, used 101223K [0x00000000e0000000, 0x00000000e8000000, 0x00000000e8000000)
  eden space 87424K, 100% used [0x00000000e0000000, 0x00000000e5560000, 0x00000000e5560000)
  from space 21824K,  63% used [0x00000000e5560000, 0x00000000e62d9e80, 0x00000000e6ab0000)
  to   space 21824K,   0% used [0x00000000e6ab0000, 0x00000000e6ab0000, 0x00000000e8000000)
 concurrent mark-sweep generation total 393216K, used 0K [0x00000000e8000000, 0x0000000100000000, 0x0000000100000000)
 Metaspace       used 20983K, capacity 21332K, committed 21628K, reserved 1069056K
  class space    used 2415K, capacity 2582K, committed 2684K, reserved 1048576K
2017-02-15T22:21:45.027+0100: 3,400: [GC (Allocation Failure) 2017-02-15T22:21:45.027+0100: 3,400: [ParNew
Desired survivor size 20112992 bytes, new threshold 8 (max 8)
- age   1:    2274840 bytes,    2274840 total
- age   2:     865200 bytes,    3140040 total
- age   3:    6639440 bytes,    9779480 total
: 101223K->11596K(109248K), 0,0227957 secs] 101223K->11596K(502464K), 0,0228914 secs] [Times: user=0,06 sys=0,00, real=0,02 secs] 
Heap after GC invocations=3 (full 0):
 par new generation   total 109248K, used 11596K [0x00000000e0000000, 0x00000000e8000000, 0x00000000e8000000)
  eden space 87424K,   0% used [0x00000000e0000000, 0x00000000e0000000, 0x00000000e5560000)
  from space 21824K,  53% used [0x00000000e6ab0000, 0x00000000e76032c0, 0x00000000e8000000)
  to   space 21824K,   0% used [0x00000000e5560000, 0x00000000e5560000, 0x00000000e6ab0000)
 concurrent mark-sweep generation total 393216K, used 0K [0x00000000e8000000, 0x0000000100000000, 0x0000000100000000)
 Metaspace       used 20983K, capacity 21332K, committed 21628K, reserved 1069056K
  class space    used 2415K, capacity 2582K, committed 2684K, reserved 1048576K
}
2017-02-15T22:21:45.050+0100: 3,423: Total time for which application threads were stopped: 0,0231799 seconds, Stopping threads took: 0,0001035 seconds
2017-02-15T22:21:45.051+0100: 3,424: [GC (CMS Initial Mark) [1 CMS-initial-mark: 0K(393216K)] 11612K(502464K), 0,0052834 secs] [Times: user=0,01 sys=0,00, real=0,01 secs] 
2017-02-15T22:21:45.056+0100: 3,429: Total time for which application threads were stopped: 0,0054600 seconds, Stopping threads took: 0,0000569 seconds
2017-02-15T22:21:45.056+0100: 3,429: [CMS-concurrent-mark-start]
2017-02-15T22:21:45.064+0100: 3,437: [CMS-concurrent-mark: 0,008/0,008 secs] [Times: user=0,02 sys=0,00, real=0,01 secs] 
2017-02-15T22:21:45.064+0100: 3,437: [CMS-concurrent-preclean-start]
2017-02-15T22:21:45.065+0100: 3,438: [CMS-concurrent-preclean: 0,001/0,001 secs] [Times: user=0,01 sys=0,00, real=0,00 secs] 
2017-02-15T22:21:45.065+0100: 3,438: [CMS-concurrent-abortable-preclean-start]
2017-02-15T22:21:45.135+0100: 3,508: Total time for which application threads were stopped: 0,0001744 seconds, Stopping threads took: 0,0000460 seconds
{Heap before GC invocations=3 (full 1):
 par new generation   total 109248K, used 99020K [0x00000000e0000000, 0x00000000e8000000, 0x00000000e8000000)
  eden space 87424K, 100% used [0x00000000e0000000, 0x00000000e5560000, 0x00000000e5560000)
  from space 21824K,  53% used [0x00000000e6ab0000, 0x00000000e76032c0, 0x00000000e8000000)
  to   space 21824K,   0% used [0x00000000e5560000, 0x00000000e5560000, 0x00000000e6ab0000)
 concurrent mark-sweep generation total 393216K, used 0K [0x00000000e8000000, 0x0000000100000000, 0x0000000100000000)
 Metaspace       used 21234K, capacity 21602K, committed 21884K, reserved 1069056K
  class space    used 2443K, capacity 2596K, committed 2684K, reserved 1048576K
2017-02-15T22:21:45.192+0100: 3,565: [GC (Allocation Failure) 2017-02-15T22:21:45.192+0100: 3,565: [ParNew
Desired survivor size 20112992 bytes, new threshold 8 (max 8)
- age   1:     679320 bytes,     679320 total
- age   2:    1453032 bytes,    2132352 total
- age   3:     853280 bytes,    2985632 total
- age   4:    6639440 bytes,    9625072 total
: 99020K->15071K(109248K), 0,0196817 secs] 99020K->15071K(502464K), 0,0197524 secs] [Times: user=0,06 sys=0,00, real=0,02 secs] 
Heap after GC invocations=4 (full 1):
 par new generation   total 109248K, used 15071K [0x00000000e0000000, 0x00000000e8000000, 0x00000000e8000000)
  eden space 87424K,   0% used [0x00000000e0000000, 0x00000000e0000000, 0x00000000e5560000)
  from space 21824K,  69% used [0x00000000e5560000, 0x00000000e6417e30, 0x00000000e6ab0000)
  to   space 21824K,   0% used [0x00000000e6ab0000, 0x00000000e6ab0000, 0x00000000e8000000)
 concurrent mark-sweep generation total 393216K, used 0K [0x00000000e8000000, 0x0000000100000000, 0x0000000100000000)
 Metaspace       used 21234K, capacity 21602K, committed 21884K, reserved 1069056K
  class space    used 2443K, capacity 2596K, committed 2684K, reserved 1048576K
}
2017-02-15T22:21:45.212+0100: 3,585: Total time for which application threads were stopped: 0,0221618 seconds, Stopping threads took: 0,0022540 seconds
2017-02-15T22:21:45.212+0100: 3,585: [CMS-concurrent-abortable-preclean: 0,071/0,147 secs] [Times: user=0,42 sys=0,00, real=0,14 secs] 
2017-02-15T22:21:45.212+0100: 3,585: [GC (CMS Final Remark) [YG occupancy: 16415 K (109248 K)]{Heap before GC invocations=4 (full 1):
 par new generation   total 109248K, used 16415K [0x00000000e0000000, 0x00000000e8000000, 0x00000000e8000000)
  eden space 87424K,   1% used [0x00000000e0000000, 0x00000000e014fdf8, 0x00000000e5560000)
  from space 21824K,  69% used [0x00000000e5560000, 0x00000000e6417e30, 0x00000000e6ab0000)
  to   space 21824K,   0% used [0x00000000e6ab0000, 0x00000000e6ab0000, 0x00000000e8000000)
 concurrent mark-sweep generation total 393216K, used 0K [0x00000000e8000000, 0x0000000100000000, 0x0000000100000000)
 Metaspace       used 21234K, capacity 21602K, committed 21884K, reserved 1069056K
  class space    used 2443K, capacity 2596K, committed 2684K, reserved 1048576K
2017-02-15T22:21:45.212+0100: 3,585: [GC (CMS Final Remark) 2017-02-15T22:21:45.212+0100: 3,585: [ParNew
Desired survivor size 20112992 bytes, new threshold 8 (max 8)
- age   1:     215208 bytes,     215208 total
- age   2:     417336 bytes,     632544 total
- age   3:    1453032 bytes,    2085576 total
- age   4:     853280 bytes,    2938856 total
- age   5:    6639456 bytes,    9578312 total
: 16415K->11257K(109248K), 0,0156437 secs] 16415K->11257K(502464K), 0,0156769 secs] [Times: user=0,03 sys=0,00, real=0,02 secs] 
Heap after GC invocations=5 (full 1):
 par new generation   total 109248K, used 11257K [0x00000000e0000000, 0x00000000e8000000, 0x00000000e8000000)
  eden space 87424K,   0% used [0x00000000e0000000, 0x00000000e0000000, 0x00000000e5560000)
  from space 21824K,  51% used [0x00000000e6ab0000, 0x00000000e75ae560, 0x00000000e8000000)
  to   space 21824K,   0% used [0x00000000e5560000, 0x00000000e5560000, 0x00000000e6ab0000)
 concurrent mark-sweep generation total 393216K, used 0K [0x00000000e8000000, 0x0000000100000000, 0x0000000100000000)
 Metaspace       used 21234K, capacity 21602K, committed 21884K, reserved 1069056K
  class space    used 2443K, capacity 2596K, committed 2684K, reserved 1048576K
}
2017-02-15T22:21:45.228+0100: 3,601: [Rescan (parallel) , 0,0055627 secs]2017-02-15T22:21:45.233+0100: 3,607: [weak refs processing, 0,0021889 secs]2017-02-15T22:21:45.235+0100: 3,609: [class unloading, 0,0047485 secs]2017-02-15T22:21:45.240+0100: 3,614: [scrub symbol table, 0,0031688 secs]2017-02-15T22:21:45.243+0100: 3,617: [scrub string table, 0,0003866 secs][1 CMS-remark: 0K(393216K)] 11257K(502464K), 0,0324112 secs] [Times: user=0,07 sys=0,00, real=0,04 secs] 
2017-02-15T22:21:45.244+0100: 3,618: Total time for which application threads were stopped: 0,0325253 seconds, Stopping threads took: 0,0000394 seconds
2017-02-15T22:21:45.244+0100: 3,618: [CMS-concurrent-sweep-start]
2017-02-15T22:21:45.244+0100: 3,618: [CMS-concurrent-sweep: 0,000/0,000 secs] [Times: user=0,00 sys=0,00, real=0,00 secs] 
2017-02-15T22:21:45.244+0100: 3,618: [CMS-concurrent-reset-start]
2017-02-15T22:21:45.246+0100: 3,619: [CMS-concurrent-reset: 0,001/0,001 secs] [Times: user=0,00 sys=0,00, real=0,00 secs] 
{Heap before GC invocations=5 (full 1):
 par new generation   total 109248K, used 98681K [0x00000000e0000000, 0x00000000e8000000, 0x00000000e8000000)
  eden space 87424K, 100% used [0x00000000e0000000, 0x00000000e5560000, 0x00000000e5560000)
  from space 21824K,  51% used [0x00000000e6ab0000, 0x00000000e75ae560, 0x00000000e8000000)
  to   space 21824K,   0% used [0x00000000e5560000, 0x00000000e5560000, 0x00000000e6ab0000)
 concurrent mark-sweep generation total 393216K, used 0K [0x00000000e8000000, 0x0000000100000000, 0x0000000100000000)
 Metaspace       used 21414K, capacity 21774K, committed 21884K, reserved 1069056K
  class space    used 2469K, capacity 2630K, committed 2684K, reserved 1048576K
2017-02-15T22:21:45.379+0100: 3,752: [GC (Allocation Failure) 2017-02-15T22:21:45.379+0100: 3,752: [ParNew
Desired survivor size 20112992 bytes, new threshold 8 (max 8)
- age   1:     729328 bytes,     729328 total
- age   3:     182248 bytes,     911576 total
- age   4:    1452296 bytes,    2363872 total
- age   5:     851296 bytes,    3215168 total
- age   6:    6639504 bytes,    9854672 total
: 98681K->12211K(109248K), 0,0229930 secs] 98681K->12211K(502464K), 0,0230746 secs] [Times: user=0,04 sys=0,00, real=0,02 secs] 
Heap after GC invocations=6 (full 1):
 par new generation   total 109248K, used 12211K [0x00000000e0000000, 0x00000000e8000000, 0x00000000e8000000)
  eden space 87424K,   0% used [0x00000000e0000000, 0x00000000e0000000, 0x00000000e5560000)
  from space 21824K,  55% used [0x00000000e5560000, 0x00000000e614ce90, 0x00000000e6ab0000)
  to   space 21824K,   0% used [0x00000000e6ab0000, 0x00000000e6ab0000, 0x00000000e8000000)
 concurrent mark-sweep generation total 393216K, used 0K [0x00000000e8000000, 0x0000000100000000, 0x0000000100000000)
 Metaspace       used 21414K, capacity 21774K, committed 21884K, reserved 1069056K
  class space    used 2469K, capacity 2630K, committed 2684K, reserved 1048576K
}
2017-02-15T22:21:45.402+0100: 3,775: Total time for which application threads were stopped: 0,0277706 seconds, Stopping threads took: 0,0045178 seconds
2017-02-15T22:21:45.429+0100: 3,802: Total time for which application threads were stopped: 0,0012889 seconds, Stopping threads took: 0,0008730 seconds
2017-02-15T22:21:45.703+0100: 4,077: Total time for which application threads were stopped: 0,0085041 seconds, Stopping threads took: 0,0005161 seconds
2017-02-15T22:21:45.717+0100: 4,091: Total time for which application threads were stopped: 0,0106887 seconds, Stopping threads took: 0,0105079 seconds
2017-02-15T22:21:45.737+0100: 4,110: Total time for which application threads were stopped: 0,0040769 seconds, Stopping threads took: 0,0000582 seconds
2017-02-15T22:21:45.752+0100: 4,125: Total time for which application threads were stopped: 0,0005176 seconds, Stopping threads took: 0,0000249 seconds
2017-02-15T22:21:45.777+0100: 4,151: Total time for which application threads were stopped: 0,0108233 seconds, Stopping threads took: 0,0107068 seconds
2017-02-15T22:21:45.778+0100: 4,151: Total time for which application threads were stopped: 0,0000950 seconds, Stopping threads took: 0,0000160 seconds
2017-02-15T22:21:45.782+0100: 4,156: Total time for which application threads were stopped: 0,0001073 seconds, Stopping threads took: 0,0000239 seconds
2017-02-15T22:21:45.782+0100: 4,156: Total time for which application threads were stopped: 0,0000679 seconds, Stopping threads took: 0,0000110 seconds
2017-02-15T22:21:45.807+0100: 4,181: Total time for which application threads were stopped: 0,0004671 seconds, Stopping threads took: 0,0003749 seconds
2017-02-15T22:21:45.807+0100: 4,181: Total time for which application threads were stopped: 0,0000664 seconds, Stopping threads took: 0,0000128 seconds
2017-02-15T22:21:45.819+0100: 4,193: Total time for which application threads were stopped: 0,0004682 seconds, Stopping threads took: 0,0000563 seconds
2017-02-15T22:21:45.835+0100: 4,209: Total time for which application threads were stopped: 0,0003529 seconds, Stopping threads took: 0,0002458 seconds
2017-02-15T22:21:45.835+0100: 4,209: Total time for which application threads were stopped: 0,0000721 seconds, Stopping threads took: 0,0000348 seconds
2017-02-15T22:21:45.836+0100: 4,210: Total time for which application threads were stopped: 0,0000843 seconds, Stopping threads took: 0,0000244 seconds
2017-02-15T22:21:45.838+0100: 4,211: Total time for which application threads were stopped: 0,0000579 seconds, Stopping threads took: 0,0000161 seconds
2017-02-15T22:21:45.838+0100: 4,211: Total time for which application threads were stopped: 0,0000949 seconds, Stopping threads took: 0,0000310 seconds
2017-02-15T22:21:45.844+0100: 4,218: Total time for which application threads were stopped: 0,0000888 seconds, Stopping threads took: 0,0000163 seconds
2017-02-15T22:21:45.845+0100: 4,218: Total time for which application threads were stopped: 0,0000416 seconds, Stopping threads took: 0,0000083 seconds
2017-02-15T22:21:45.845+0100: 4,218: Total time for which application threads were stopped: 0,0000372 seconds, Stopping threads took: 0,0000127 seconds
2017-02-15T22:21:45.845+0100: 4,218: Total time for which application threads were stopped: 0,0000575 seconds, Stopping threads took: 0,0000158 seconds
2017-02-15T22:21:45.845+0100: 4,218: Total time for which application threads were stopped: 0,0000527 seconds, Stopping threads took: 0,0000168 seconds
2017-02-15T22:21:45.845+0100: 4,219: Total time for which application threads were stopped: 0,0000548 seconds, Stopping threads took: 0,0000167 seconds
2017-02-15T22:21:45.847+0100: 4,220: Total time for which application threads were stopped: 0,0001156 seconds, Stopping threads took: 0,0000333 seconds
2017-02-15T22:21:45.847+0100: 4,220: Total time for which application threads were stopped: 0,0000658 seconds, Stopping threads took: 0,0000099 seconds
2017-02-15T22:21:45.850+0100: 4,223: Total time for which application threads were stopped: 0,0028773 seconds, Stopping threads took: 0,0027929 seconds
2017-02-15T22:21:45.850+0100: 4,223: Total time for which application threads were stopped: 0,0000548 seconds, Stopping threads took: 0,0000184 seconds
2017-02-15T22:21:45.850+0100: 4,223: Total time for which application threads were stopped: 0,0000387 seconds, Stopping threads took: 0,0000100 seconds
2017-02-15T22:21:45.850+0100: 4,224: Total time for which application threads were stopped: 0,0000622 seconds, Stopping threads took: 0,0000190 seconds
2017-02-15T22:21:45.851+0100: 4,224: Total time for which application threads were stopped: 0,0000465 seconds, Stopping threads took: 0,0000099 seconds
2017-02-15T22:21:45.851+0100: 4,224: Total time for which application threads were stopped: 0,0001110 seconds, Stopping threads took: 0,0000123 seconds
2017-02-15T22:21:45.851+0100: 4,225: Total time for which application threads were stopped: 0,0000503 seconds, Stopping threads took: 0,0000149 seconds
2017-02-15T22:21:45.851+0100: 4,225: Total time for which application threads were stopped: 0,0000445 seconds, Stopping threads took: 0,0000183 seconds
2017-02-15T22:21:45.851+0100: 4,225: Total time for which application threads were stopped: 0,0001753 seconds, Stopping threads took: 0,0001426 seconds
2017-02-15T22:21:45.852+0100: 4,225: Total time for which application threads were stopped: 0,0000396 seconds, Stopping threads took: 0,0000087 seconds
2017-02-15T22:21:45.852+0100: 4,225: Total time for which application threads were stopped: 0,0000382 seconds, Stopping threads took: 0,0000083 seconds
2017-02-15T22:21:45.852+0100: 4,225: Total time for which application threads were stopped: 0,0000643 seconds, Stopping threads took: 0,0000211 seconds
2017-02-15T22:21:45.854+0100: 4,227: Total time for which application threads were stopped: 0,0018123 seconds, Stopping threads took: 0,0017613 seconds
2017-02-15T22:21:45.854+0100: 4,227: Total time for which application threads were stopped: 0,0000645 seconds, Stopping threads took: 0,0000157 seconds
2017-02-15T22:21:45.854+0100: 4,227: Total time for which application threads were stopped: 0,0000471 seconds, Stopping threads took: 0,0000048 seconds
2017-02-15T22:21:45.854+0100: 4,228: Total time for which application threads were stopped: 0,0000448 seconds, Stopping threads took: 0,0000051 seconds
2017-02-15T22:21:45.854+0100: 4,228: Total time for which application threads were stopped: 0,0000680 seconds, Stopping threads took: 0,0000283 seconds
2017-02-15T22:21:45.856+0100: 4,229: Total time for which application threads were stopped: 0,0000985 seconds, Stopping threads took: 0,0000205 seconds
2017-02-15T22:21:45.856+0100: 4,230: Total time for which application threads were stopped: 0,0000808 seconds, Stopping threads took: 0,0000197 seconds
2017-02-15T22:21:45.859+0100: 4,232: Total time for which application threads were stopped: 0,0002953 seconds, Stopping threads took: 0,0001946 seconds
2017-02-15T22:21:45.859+0100: 4,232: Total time for which application threads were stopped: 0,0000808 seconds, Stopping threads took: 0,0000205 seconds
2017-02-15T22:21:45.859+0100: 4,233: Total time for which application threads were stopped: 0,0000675 seconds, Stopping threads took: 0,0000171 seconds
2017-02-15T22:21:45.860+0100: 4,233: Total time for which application threads were stopped: 0,0000930 seconds, Stopping threads took: 0,0000163 seconds
2017-02-15T22:21:45.860+0100: 4,233: Total time for which application threads were stopped: 0,0000594 seconds, Stopping threads took: 0,0000185 seconds
2017-02-15T22:21:45.860+0100: 4,233: Total time for which application threads were stopped: 0,0000399 seconds, Stopping threads took: 0,0000163 seconds
2017-02-15T22:21:45.860+0100: 4,233: Total time for which application threads were stopped: 0,0000529 seconds, Stopping threads took: 0,0000198 seconds
2017-02-15T22:21:45.860+0100: 4,234: Total time for which application threads were stopped: 0,0000491 seconds, Stopping threads took: 0,0000081 seconds
2017-02-15T22:21:45.861+0100: 4,234: Total time for which application threads were stopped: 0,0001328 seconds, Stopping threads took: 0,0000203 seconds
2017-02-15T22:21:45.861+0100: 4,234: Total time for which application threads were stopped: 0,0000671 seconds, Stopping threads took: 0,0000126 seconds
2017-02-15T22:21:45.862+0100: 4,235: Total time for which application threads were stopped: 0,0000988 seconds, Stopping threads took: 0,0000396 seconds
2017-02-15T22:21:45.862+0100: 4,235: Total time for which application threads were stopped: 0,0000833 seconds, Stopping threads took: 0,0000196 seconds
2017-02-15T22:21:45.864+0100: 4,237: Total time for which application threads were stopped: 0,0014830 seconds, Stopping threads took: 0,0014144 seconds
2017-02-15T22:21:45.865+0100: 4,239: Total time for which application threads were stopped: 0,0009546 seconds, Stopping threads took: 0,0009043 seconds
2017-02-15T22:21:45.866+0100: 4,239: Total time for which application threads were stopped: 0,0001130 seconds, Stopping threads took: 0,0000106 seconds
2017-02-15T22:21:45.873+0100: 4,246: Total time for which application threads were stopped: 0,0000995 seconds, Stopping threads took: 0,0000379 seconds
2017-02-15T22:21:45.882+0100: 4,255: Total time for which application threads were stopped: 0,0000981 seconds, Stopping threads took: 0,0000303 seconds
2017-02-15T22:21:45.895+0100: 4,269: Total time for which application threads were stopped: 0,0001324 seconds, Stopping threads took: 0,0000592 seconds
2017-02-15T22:21:45.913+0100: 4,287: Total time for which application threads were stopped: 0,0029852 seconds, Stopping threads took: 0,0028022 seconds
2017-02-15T22:21:45.923+0100: 4,297: Total time for which application threads were stopped: 0,0033376 seconds, Stopping threads took: 0,0032118 seconds
2017-02-15T22:21:45.924+0100: 4,297: Total time for which application threads were stopped: 0,0001372 seconds, Stopping threads took: 0,0000433 seconds
2017-02-15T22:21:45.924+0100: 4,297: Total time for which application threads were stopped: 0,0000877 seconds, Stopping threads took: 0,0000114 seconds
2017-02-15T22:21:45.924+0100: 4,298: Total time for which application threads were stopped: 0,0000798 seconds, Stopping threads took: 0,0000130 seconds
2017-02-15T22:21:45.924+0100: 4,298: Total time for which application threads were stopped: 0,0000709 seconds, Stopping threads took: 0,0000065 seconds
2017-02-15T22:21:45.924+0100: 4,298: Total time for which application threads were stopped: 0,0000685 seconds, Stopping threads took: 0,0000062 seconds
2017-02-15T22:21:45.925+0100: 4,298: Total time for which application threads were stopped: 0,0000656 seconds, Stopping threads took: 0,0000059 seconds
2017-02-15T22:21:45.925+0100: 4,298: Total time for which application threads were stopped: 0,0000640 seconds, Stopping threads took: 0,0000055 seconds
2017-02-15T22:21:45.925+0100: 4,298: Total time for which application threads were stopped: 0,0000691 seconds, Stopping threads took: 0,0000074 seconds
2017-02-15T22:21:45.925+0100: 4,298: Total time for which application threads were stopped: 0,0000728 seconds, Stopping threads took: 0,0000073 seconds
2017-02-15T22:21:45.925+0100: 4,299: Total time for which application threads were stopped: 0,0000709 seconds, Stopping threads took: 0,0000067 seconds
2017-02-15T22:21:45.925+0100: 4,299: Total time for which application threads were stopped: 0,0003181 seconds, Stopping threads took: 0,0002429 seconds
2017-02-15T22:21:45.926+0100: 4,299: Total time for which application threads were stopped: 0,0000971 seconds, Stopping threads took: 0,0000266 seconds
2017-02-15T22:21:45.934+0100: 4,308: Total time for which application threads were stopped: 0,0001409 seconds, Stopping threads took: 0,0000436 seconds
2017-02-15T22:21:45.936+0100: 4,310: Total time for which application threads were stopped: 0,0001195 seconds, Stopping threads took: 0,0000296 seconds
2017-02-15T22:21:45.938+0100: 4,311: Total time for which application threads were stopped: 0,0001794 seconds, Stopping threads took: 0,0000867 seconds
2017-02-15T22:21:45.946+0100: 4,320: Total time for which application threads were stopped: 0,0070876 seconds, Stopping threads took: 0,0069765 seconds
2017-02-15T22:21:45.963+0100: 4,336: Total time for which application threads were stopped: 0,0001827 seconds, Stopping threads took: 0,0000686 seconds
2017-02-15T22:21:45.970+0100: 4,343: Total time for which application threads were stopped: 0,0005695 seconds, Stopping threads took: 0,0004838 seconds
2017-02-15T22:21:45.985+0100: 4,358: Total time for which application threads were stopped: 0,0028798 seconds, Stopping threads took: 0,0027160 seconds
{Heap before GC invocations=6 (full 1):
 par new generation   total 109248K, used 99635K [0x00000000e0000000, 0x00000000e8000000, 0x00000000e8000000)
  eden space 87424K, 100% used [0x00000000e0000000, 0x00000000e5560000, 0x00000000e5560000)
  from space 21824K,  55% used [0x00000000e5560000, 0x00000000e614ce90, 0x00000000e6ab0000)
  to   space 21824K,   0% used [0x00000000e6ab0000, 0x00000000e6ab0000, 0x00000000e8000000)
 concurrent mark-sweep generation total 393216K, used 0K [0x00000000e8000000, 0x0000000100000000, 0x0000000100000000)
 Metaspace       used 24161K, capacity 24660K, committed 24828K, reserved 1071104K
  class space    used 2843K, capacity 3037K, committed 3068K, reserved 1048576K
2017-02-15T22:21:46.071+0100: 4,444: [GC (Allocation Failure) 2017-02-15T22:21:46.071+0100: 4,445: [ParNew
Desired survivor size 20112992 bytes, new threshold 8 (max 8)
- age   1:    5234472 bytes,    5234472 total
- age   2:     137520 bytes,    5371992 total
- age   4:     181104 bytes,    5553096 total
- age   5:     282896 bytes,    5835992 total
- age   6:     827032 bytes,    6663024 total
- age   7:    6632304 bytes,   13295328 total
: 99635K->18506K(109248K), 0,0215175 secs] 99635K->18506K(502464K), 0,0215786 secs] [Times: user=0,05 sys=0,00, real=0,02 secs] 
Heap after GC invocations=7 (full 1):
 par new generation   total 109248K, used 18506K [0x00000000e0000000, 0x00000000e8000000, 0x00000000e8000000)
  eden space 87424K,   0% used [0x00000000e0000000, 0x00000000e0000000, 0x00000000e5560000)
  from space 21824K,  84% used [0x00000000e6ab0000, 0x00000000e7cc2840, 0x00000000e8000000)
  to   space 21824K,   0% used [0x00000000e5560000, 0x00000000e5560000, 0x00000000e6ab0000)
 concurrent mark-sweep generation total 393216K, used 0K [0x00000000e8000000, 0x0000000100000000, 0x0000000100000000)
 Metaspace       used 24161K, capacity 24660K, committed 24828K, reserved 1071104K
  class space    used 2843K, capacity 3037K, committed 3068K, reserved 1048576K
}
2017-02-15T22:21:46.093+0100: 4,466: Total time for which application threads were stopped: 0,0222956 seconds, Stopping threads took: 0,0005322 seconds
2017-02-15T22:21:46.103+0100: 4,476: Total time for which application threads were stopped: 0,0022687 seconds, Stopping threads took: 0,0021660 seconds
2017-02-15T22:21:46.192+0100: 4,565: Total time for which application threads were stopped: 0,0035296 seconds, Stopping threads took: 0,0026075 seconds
2017-02-15T22:21:46.265+0100: 4,638: Total time for which application threads were stopped: 0,0347152 seconds, Stopping threads took: 0,0346163 seconds
2017-02-15T22:21:46.331+0100: 4,705: Total time for which application threads were stopped: 0,0450087 seconds, Stopping threads took: 0,0448899 seconds
2017-02-15T22:21:46.442+0100: 4,816: Total time for which application threads were stopped: 0,0359680 seconds, Stopping threads took: 0,0358586 seconds
2017-02-15T22:21:46.461+0100: 4,834: Total time for which application threads were stopped: 0,0012001 seconds, Stopping threads took: 0,0000209 seconds
2017-02-15T22:21:46.472+0100: 4,846: Total time for which application threads were stopped: 0,0058103 seconds, Stopping threads took: 0,0056944 seconds
{Heap before GC invocations=7 (full 1):
 par new generation   total 109248K, used 105930K [0x00000000e0000000, 0x00000000e8000000, 0x00000000e8000000)
  eden space 87424K, 100% used [0x00000000e0000000, 0x00000000e5560000, 0x00000000e5560000)
  from space 21824K,  84% used [0x00000000e6ab0000, 0x00000000e7cc2840, 0x00000000e8000000)
  to   space 21824K,   0% used [0x00000000e5560000, 0x00000000e5560000, 0x00000000e6ab0000)
 concurrent mark-sweep generation total 393216K, used 0K [0x00000000e8000000, 0x0000000100000000, 0x0000000100000000)
 Metaspace       used 24855K, capacity 25290K, committed 25468K, reserved 1071104K
  class space    used 2902K, capacity 3073K, committed 3196K, reserved 1048576K
2017-02-15T22:21:46.571+0100: 4,944: [GC (Allocation Failure) 2017-02-15T22:21:46.571+0100: 4,944: [ParNew
Desired survivor size 20112992 bytes, new threshold 8 (max 8)
- age   1:    1076360 bytes,    1076360 total
- age   2:    1786136 bytes,    2862496 total
- age   3:      84576 bytes,    2947072 total
- age   5:     141288 bytes,    3088360 total
- age   6:     235352 bytes,    3323712 total
- age   7:     801064 bytes,    4124776 total
- age   8:    6365536 bytes,   10490312 total
: 105930K->14364K(109248K), 0,0854812 secs] 105930K->14364K(502464K), 0,0855727 secs] [Times: user=0,08 sys=0,00, real=0,09 secs] 
Heap after GC invocations=8 (full 1):
 par new generation   total 109248K, used 14364K [0x00000000e0000000, 0x00000000e8000000, 0x00000000e8000000)
  eden space 87424K,   0% used [0x00000000e0000000, 0x00000000e0000000, 0x00000000e5560000)
  from space 21824K,  65% used [0x00000000e5560000, 0x00000000e6367140, 0x00000000e6ab0000)
  to   space 21824K,   0% used [0x00000000e6ab0000, 0x00000000e6ab0000, 0x00000000e8000000)
 concurrent mark-sweep generation total 393216K, used 0K [0x00000000e8000000, 0x0000000100000000, 0x0000000100000000)
 Metaspace       used 24855K, capacity 25290K, committed 25468K, reserved 1071104K
  class space    used 2902K, capacity 3073K, committed 3196K, reserved 1048576K
}
2017-02-15T22:21:46.656+0100: 5,030: Total time for which application threads were stopped: 0,1027923 seconds, Stopping threads took: 0,0170124 seconds
2017-02-15T22:21:46.681+0100: 5,054: Total time for which application threads were stopped: 0,0023047 seconds, Stopping threads took: 0,0021793 seconds
2017-02-15T22:21:46.815+0100: 5,188: Total time for which application threads were stopped: 0,0038619 seconds, Stopping threads took: 0,0037197 seconds
2017-02-15T22:21:46.965+0100: 5,338: Total time for which application threads were stopped: 0,0005023 seconds, Stopping threads took: 0,0003074 seconds
2017-02-15T22:21:46.985+0100: 5,358: Total time for which application threads were stopped: 0,0020783 seconds, Stopping threads took: 0,0019621 seconds
2017-02-15T22:21:46.989+0100: 5,362: Total time for which application threads were stopped: 0,0001282 seconds, Stopping threads took: 0,0000315 seconds
2017-02-15T22:21:47.009+0100: 5,382: Total time for which application threads were stopped: 0,0001647 seconds, Stopping threads took: 0,0000324 seconds
2017-02-15T22:21:47.015+0100: 5,388: Total time for which application threads were stopped: 0,0001722 seconds, Stopping threads took: 0,0000738 seconds
2017-02-15T22:21:47.059+0100: 5,432: Total time for which application threads were stopped: 0,0010894 seconds, Stopping threads took: 0,0009619 seconds
2017-02-15T22:21:47.088+0100: 5,461: Total time for which application threads were stopped: 0,0061874 seconds, Stopping threads took: 0,0060718 seconds
2017-02-15T22:21:47.089+0100: 5,462: Total time for which application threads were stopped: 0,0005000 seconds, Stopping threads took: 0,0000174 seconds
2017-02-15T22:21:47.165+0100: 5,539: Total time for which application threads were stopped: 0,0002071 seconds, Stopping threads took: 0,0000746 seconds
2017-02-15T22:21:47.180+0100: 5,553: Total time for which application threads were stopped: 0,0004338 seconds, Stopping threads took: 0,0000446 seconds
2017-02-15T22:21:47.203+0100: 5,577: Total time for which application threads were stopped: 0,0004730 seconds, Stopping threads took: 0,0000385 seconds
2017-02-15T22:21:47.284+0100: 5,658: Total time for which application threads were stopped: 0,0004340 seconds, Stopping threads took: 0,0000452 seconds
2017-02-15T22:21:47.287+0100: 5,660: Total time for which application threads were stopped: 0,0001500 seconds, Stopping threads took: 0,0000483 seconds
2017-02-15T22:21:47.289+0100: 5,662: Total time for which application threads were stopped: 0,0018096 seconds, Stopping threads took: 0,0017038 seconds
2017-02-15T22:21:47.300+0100: 5,674: Total time for which application threads were stopped: 0,0003810 seconds, Stopping threads took: 0,0003111 seconds
2017-02-15T22:21:47.358+0100: 5,731: Total time for which application threads were stopped: 0,0001607 seconds, Stopping threads took: 0,0000406 seconds
2017-02-15T22:21:47.411+0100: 5,784: Total time for which application threads were stopped: 0,0351646 seconds, Stopping threads took: 0,0350423 seconds
2017-02-15T22:21:47.436+0100: 5,809: Total time for which application threads were stopped: 0,0072473 seconds, Stopping threads took: 0,0070982 seconds
2017-02-15T22:21:47.523+0100: 5,896: Total time for which application threads were stopped: 0,0078830 seconds, Stopping threads took: 0,0075513 seconds
2017-02-15T22:21:47.564+0100: 5,938: Total time for which application threads were stopped: 0,0015997 seconds, Stopping threads took: 0,0014925 seconds
2017-02-15T22:21:47.581+0100: 5,955: Total time for which application threads were stopped: 0,0003115 seconds, Stopping threads took: 0,0002107 seconds
2017-02-15T22:21:47.819+0100: 6,192: Total time for which application threads were stopped: 0,0001645 seconds, Stopping threads took: 0,0000641 seconds
2017-02-15T22:21:47.872+0100: 6,246: Total time for which application threads were stopped: 0,0008675 seconds, Stopping threads took: 0,0001629 seconds
2017-02-15T22:21:47.873+0100: 6,246: Total time for which application threads were stopped: 0,0001785 seconds, Stopping threads took: 0,0000127 seconds
2017-02-15T22:21:48.873+0100: 7,246: Total time for which application threads were stopped: 0,0001050 seconds, Stopping threads took: 0,0000280 seconds
2017-02-15T22:22:34.877+0100: 53,251: Total time for which application threads were stopped: 0,0001100 seconds, Stopping threads took: 0,0000428 seconds
2017-02-15T22:23:39.883+0100: 118,256: Total time for which application threads were stopped: 0,0000828 seconds, Stopping threads took: 0,0000317 seconds
2017-02-15T22:23:44.883+0100: 123,257: Total time for which application threads were stopped: 0,0000897 seconds, Stopping threads took: 0,0000230 seconds
2017-02-15T22:24:42.889+0100: 181,262: Total time for which application threads were stopped: 0,0003692 seconds, Stopping threads took: 0,0001462 seconds
2017-02-15T22:24:43.889+0100: 182,262: Total time for which application threads were stopped: 0,0000696 seconds, Stopping threads took: 0,0000171 seconds
2017-02-15T22:26:04.895+0100: 263,269: Total time for which application threads were stopped: 0,0001066 seconds, Stopping threads took: 0,0000386 seconds
2017-02-15T22:32:29.925+0100: 648,299: Total time for which application threads were stopped: 0,0003730 seconds, Stopping threads took: 0,0001657 seconds
2017-02-15T22:37:48.951+0100: 967,325: Total time for which application threads were stopped: 0,0003223 seconds, Stopping threads took: 0,0000845 seconds
2017-02-15T22:45:08.987+0100: 1407,361: Total time for which application threads were stopped: 0,0003862 seconds, Stopping threads took: 0,0001192 seconds
2017-02-15T22:50:03.008+0100: 1701,381: Total time for which application threads were stopped: 0,0001228 seconds, Stopping threads took: 0,0000380 seconds
{Heap before GC invocations=8 (full 1):
 par new generation   total 109248K, used 101788K [0x00000000e0000000, 0x00000000e8000000, 0x00000000e8000000)
  eden space 87424K, 100% used [0x00000000e0000000, 0x00000000e5560000, 0x00000000e5560000)
  from space 21824K,  65% used [0x00000000e5560000, 0x00000000e6367140, 0x00000000e6ab0000)
  to   space 21824K,   0% used [0x00000000e6ab0000, 0x00000000e6ab0000, 0x00000000e8000000)
 concurrent mark-sweep generation total 393216K, used 0K [0x00000000e8000000, 0x0000000100000000, 0x0000000100000000)
 Metaspace       used 28017K, capacity 28524K, committed 28796K, reserved 1075200K
  class space    used 3219K, capacity 3384K, committed 3452K, reserved 1048576K
2017-02-15T22:58:04.027+0100: 2182,401: [GC (Allocation Failure) 2017-02-15T22:58:04.027+0100: 2182,401: [ParNew
Desired survivor size 20112992 bytes, new threshold 8 (max 8)
- age   1:   12713608 bytes,   12713608 total
- age   2:     436544 bytes,   13150152 total
- age   3:    1758760 bytes,   14908912 total
- age   4:      82192 bytes,   14991104 total
- age   6:     140968 bytes,   15132072 total
- age   7:     232584 bytes,   15364656 total
- age   8:     798072 bytes,   16162728 total
: 101788K->17678K(109248K), 0,2130552 secs] 101788K->24366K(502464K), 0,2131328 secs] [Times: user=0,15 sys=0,00, real=0,21 secs] 
Heap after GC invocations=9 (full 1):
 par new generation   total 109248K, used 17678K [0x00000000e0000000, 0x00000000e8000000, 0x00000000e8000000)
  eden space 87424K,   0% used [0x00000000e0000000, 0x00000000e0000000, 0x00000000e5560000)
  from space 21824K,  81% used [0x00000000e6ab0000, 0x00000000e7bf38c8, 0x00000000e8000000)
  to   space 21824K,   0% used [0x00000000e5560000, 0x00000000e5560000, 0x00000000e6ab0000)
 concurrent mark-sweep generation total 393216K, used 6688K [0x00000000e8000000, 0x0000000100000000, 0x0000000100000000)
 Metaspace       used 28017K, capacity 28524K, committed 28796K, reserved 1075200K
  class space    used 3219K, capacity 3384K, committed 3452K, reserved 1048576K
}
2017-02-15T22:58:04.241+0100: 2182,614: Total time for which application threads were stopped: 0,2133296 seconds, Stopping threads took: 0,0000667 seconds
2017-02-15T22:58:04.247+0100: 2182,620: Total time for which application threads were stopped: 0,0000841 seconds, Stopping threads took: 0,0000255 seconds
2017-02-15T22:58:04.247+0100: 2182,620: Total time for which application threads were stopped: 0,0000424 seconds, Stopping threads took: 0,0000094 seconds
2017-02-15T22:58:04.247+0100: 2182,620: Total time for which application threads were stopped: 0,0000376 seconds, Stopping threads took: 0,0000080 seconds
2017-02-15T22:58:04.253+0100: 2182,626: Total time for which application threads were stopped: 0,0000989 seconds, Stopping threads took: 0,0000328 seconds
2017-02-15T22:58:04.254+0100: 2182,628: Total time for which application threads were stopped: 0,0000864 seconds, Stopping threads took: 0,0000141 seconds
2017-02-15T22:58:04.255+0100: 2182,628: Total time for which application threads were stopped: 0,0001048 seconds, Stopping threads took: 0,0000336 seconds
2017-02-15T22:58:04.257+0100: 2182,630: Total time for which application threads were stopped: 0,0001021 seconds, Stopping threads took: 0,0000172 seconds
2017-02-15T22:58:04.259+0100: 2182,632: Total time for which application threads were stopped: 0,0001089 seconds, Stopping threads took: 0,0000157 seconds
2017-02-15T22:58:04.259+0100: 2182,633: Total time for which application threads were stopped: 0,0000475 seconds, Stopping threads took: 0,0000055 seconds
2017-02-15T22:58:04.259+0100: 2182,633: Total time for which application threads were stopped: 0,0000446 seconds, Stopping threads took: 0,0000072 seconds
2017-02-15T22:58:04.260+0100: 2182,633: Total time for which application threads were stopped: 0,0000862 seconds, Stopping threads took: 0,0000220 seconds
2017-02-15T22:58:04.260+0100: 2182,633: Total time for which application threads were stopped: 0,0000916 seconds, Stopping threads took: 0,0000310 seconds
2017-02-15T22:58:04.260+0100: 2182,634: Total time for which application threads were stopped: 0,0000827 seconds, Stopping threads took: 0,0000229 seconds
2017-02-15T22:58:04.260+0100: 2182,634: Total time for which application threads were stopped: 0,0000428 seconds, Stopping threads took: 0,0000067 seconds
2017-02-15T22:58:04.260+0100: 2182,634: Total time for which application threads were stopped: 0,0000429 seconds, Stopping threads took: 0,0000072 seconds
2017-02-15T22:58:04.261+0100: 2182,634: Total time for which application threads were stopped: 0,0000417 seconds, Stopping threads took: 0,0000069 seconds
2017-02-15T22:58:04.261+0100: 2182,634: Total time for which application threads were stopped: 0,0000440 seconds, Stopping threads took: 0,0000078 seconds
2017-02-15T22:58:04.261+0100: 2182,634: Total time for which application threads were stopped: 0,0000413 seconds, Stopping threads took: 0,0000066 seconds
2017-02-15T22:58:04.261+0100: 2182,634: Total time for which application threads were stopped: 0,0000423 seconds, Stopping threads took: 0,0000067 seconds
2017-02-15T22:58:04.261+0100: 2182,634: Total time for which application threads were stopped: 0,0000412 seconds, Stopping threads took: 0,0000068 seconds
2017-02-15T22:58:04.261+0100: 2182,634: Total time for which application threads were stopped: 0,0000426 seconds, Stopping threads took: 0,0000068 seconds
2017-02-15T22:58:04.263+0100: 2182,636: Total time for which application threads were stopped: 0,0001040 seconds, Stopping threads took: 0,0000233 seconds
2017-02-15T22:58:04.265+0100: 2182,638: Total time for which application threads were stopped: 0,0021661 seconds, Stopping threads took: 0,0020864 seconds
2017-02-15T22:58:04.267+0100: 2182,641: Total time for which application threads were stopped: 0,0001762 seconds, Stopping threads took: 0,0000979 seconds
2017-02-15T22:58:04.267+0100: 2182,641: Total time for which application threads were stopped: 0,0000733 seconds, Stopping threads took: 0,0000290 seconds
2017-02-15T22:58:04.268+0100: 2182,641: Total time for which application threads were stopped: 0,0001016 seconds, Stopping threads took: 0,0000383 seconds
2017-02-15T22:58:04.268+0100: 2182,642: Total time for which application threads were stopped: 0,0000533 seconds, Stopping threads took: 0,0000094 seconds
2017-02-15T22:58:04.268+0100: 2182,642: Total time for which application threads were stopped: 0,0000629 seconds, Stopping threads took: 0,0000194 seconds
2017-02-15T22:58:04.271+0100: 2182,644: Total time for which application threads were stopped: 0,0008997 seconds, Stopping threads took: 0,0006093 seconds
2017-02-15T22:58:04.271+0100: 2182,644: Total time for which application threads were stopped: 0,0000571 seconds, Stopping threads took: 0,0000115 seconds
2017-02-15T22:58:04.273+0100: 2182,646: Total time for which application threads were stopped: 0,0000945 seconds, Stopping threads took: 0,0000188 seconds
2017-02-15T22:58:04.273+0100: 2182,646: Total time for which application threads were stopped: 0,0000466 seconds, Stopping threads took: 0,0000085 seconds
2017-02-15T22:58:04.275+0100: 2182,649: Total time for which application threads were stopped: 0,0005010 seconds, Stopping threads took: 0,0004227 seconds
2017-02-15T22:58:04.276+0100: 2182,650: Total time for which application threads were stopped: 0,0007733 seconds, Stopping threads took: 0,0006840 seconds
2017-02-15T22:58:04.276+0100: 2182,650: Total time for which application threads were stopped: 0,0000565 seconds, Stopping threads took: 0,0000114 seconds
2017-02-15T22:58:04.281+0100: 2182,654: Total time for which application threads were stopped: 0,0022420 seconds, Stopping threads took: 0,0021370 seconds
2017-02-15T22:58:04.281+0100: 2182,654: Total time for which application threads were stopped: 0,0000540 seconds, Stopping threads took: 0,0000110 seconds
2017-02-15T22:58:04.281+0100: 2182,655: Total time for which application threads were stopped: 0,0000556 seconds, Stopping threads took: 0,0000099 seconds
2017-02-15T22:58:04.285+0100: 2182,658: Total time for which application threads were stopped: 0,0001110 seconds, Stopping threads took: 0,0000249 seconds
2017-02-15T22:58:04.286+0100: 2182,660: Total time for which application threads were stopped: 0,0000967 seconds, Stopping threads took: 0,0000370 seconds
2017-02-15T22:58:04.287+0100: 2182,660: Total time for which application threads were stopped: 0,0007030 seconds, Stopping threads took: 0,0006355 seconds
2017-02-15T22:58:04.287+0100: 2182,661: Total time for which application threads were stopped: 0,0000376 seconds, Stopping threads took: 0,0000091 seconds
2017-02-15T22:58:04.287+0100: 2182,661: Total time for which application threads were stopped: 0,0000337 seconds, Stopping threads took: 0,0000089 seconds
2017-02-15T22:58:04.287+0100: 2182,661: Total time for which application threads were stopped: 0,0000285 seconds, Stopping threads took: 0,0000067 seconds
2017-02-15T22:58:04.287+0100: 2182,661: Total time for which application threads were stopped: 0,0000427 seconds, Stopping threads took: 0,0000144 seconds
2017-02-15T22:58:04.287+0100: 2182,661: Total time for which application threads were stopped: 0,0000448 seconds, Stopping threads took: 0,0000168 seconds
2017-02-15T22:58:04.288+0100: 2182,661: Total time for which application threads were stopped: 0,0000425 seconds, Stopping threads took: 0,0000165 seconds
2017-02-15T22:58:04.288+0100: 2182,661: Total time for which application threads were stopped: 0,0000352 seconds, Stopping threads took: 0,0000149 seconds
2017-02-15T22:58:04.288+0100: 2182,661: Total time for which application threads were stopped: 0,0000359 seconds, Stopping threads took: 0,0000141 seconds
2017-02-15T22:58:04.288+0100: 2182,661: Total time for which application threads were stopped: 0,0000325 seconds, Stopping threads took: 0,0000096 seconds
2017-02-15T22:58:04.288+0100: 2182,661: Total time for which application threads were stopped: 0,0000375 seconds, Stopping threads took: 0,0000088 seconds
2017-02-15T22:58:04.288+0100: 2182,662: Total time for which application threads were stopped: 0,0000378 seconds, Stopping threads took: 0,0000142 seconds
2017-02-15T22:58:04.288+0100: 2182,662: Total time for which application threads were stopped: 0,0001229 seconds, Stopping threads took: 0,0000163 seconds
2017-02-15T22:58:04.289+0100: 2182,663: Total time for which application threads were stopped: 0,0000797 seconds, Stopping threads took: 0,0000278 seconds
2017-02-15T22:58:04.289+0100: 2182,663: Total time for which application threads were stopped: 0,0000660 seconds, Stopping threads took: 0,0000356 seconds
2017-02-15T22:58:04.289+0100: 2182,663: Total time for which application threads were stopped: 0,0000500 seconds, Stopping threads took: 0,0000198 seconds
2017-02-15T22:58:04.289+0100: 2182,663: Total time for which application threads were stopped: 0,0000425 seconds, Stopping threads took: 0,0000149 seconds
2017-02-15T22:58:04.290+0100: 2182,663: Total time for which application threads were stopped: 0,0000518 seconds, Stopping threads took: 0,0000252 seconds
2017-02-15T22:58:04.290+0100: 2182,663: Total time for which application threads were stopped: 0,0000579 seconds, Stopping threads took: 0,0000128 seconds
2017-02-15T22:58:04.290+0100: 2182,664: Total time for which application threads were stopped: 0,0000552 seconds, Stopping threads took: 0,0000202 seconds
2017-02-15T22:58:04.290+0100: 2182,664: Total time for which application threads were stopped: 0,0000564 seconds, Stopping threads took: 0,0000259 seconds
2017-02-15T22:58:04.290+0100: 2182,664: Total time for which application threads were stopped: 0,0000527 seconds, Stopping threads took: 0,0000187 seconds
2017-02-15T22:58:04.291+0100: 2182,664: Total time for which application threads were stopped: 0,0000405 seconds, Stopping threads took: 0,0000164 seconds
2017-02-15T22:58:04.291+0100: 2182,664: Total time for which application threads were stopped: 0,0000600 seconds, Stopping threads took: 0,0000147 seconds
2017-02-15T22:58:04.295+0100: 2182,668: Total time for which application threads were stopped: 0,0001185 seconds, Stopping threads took: 0,0000225 seconds
2017-02-15T22:58:04.296+0100: 2182,669: Total time for which application threads were stopped: 0,0011057 seconds, Stopping threads took: 0,0010557 seconds
2017-02-15T22:58:04.296+0100: 2182,669: Total time for which application threads were stopped: 0,0000565 seconds, Stopping threads took: 0,0000243 seconds
2017-02-15T22:58:04.296+0100: 2182,669: Total time for which application threads were stopped: 0,0000467 seconds, Stopping threads took: 0,0000086 seconds
2017-02-15T22:58:04.296+0100: 2182,669: Total time for which application threads were stopped: 0,0000439 seconds, Stopping threads took: 0,0000072 seconds
2017-02-15T22:58:04.296+0100: 2182,669: Total time for which application threads were stopped: 0,0000359 seconds, Stopping threads took: 0,0000077 seconds
2017-02-15T22:58:04.296+0100: 2182,670: Total time for which application threads were stopped: 0,0000404 seconds, Stopping threads took: 0,0000073 seconds
2017-02-15T22:58:04.296+0100: 2182,670: Total time for which application threads were stopped: 0,0000432 seconds, Stopping threads took: 0,0000075 seconds
2017-02-15T22:58:04.297+0100: 2182,671: Total time for which application threads were stopped: 0,0000595 seconds, Stopping threads took: 0,0000113 seconds
2017-02-15T22:58:04.297+0100: 2182,671: Total time for which application threads were stopped: 0,0000278 seconds, Stopping threads took: 0,0000080 seconds
2017-02-15T22:58:04.297+0100: 2182,671: Total time for which application threads were stopped: 0,0000242 seconds, Stopping threads took: 0,0000060 seconds
2017-02-15T22:58:04.297+0100: 2182,671: Total time for which application threads were stopped: 0,0000229 seconds, Stopping threads took: 0,0000056 seconds
2017-02-15T22:58:04.298+0100: 2182,671: Total time for which application threads were stopped: 0,0000276 seconds, Stopping threads took: 0,0000071 seconds
2017-02-15T22:58:04.298+0100: 2182,671: Total time for which application threads were stopped: 0,0000330 seconds, Stopping threads took: 0,0000160 seconds
2017-02-15T22:58:04.298+0100: 2182,671: Total time for which application threads were stopped: 0,0000316 seconds, Stopping threads took: 0,0000147 seconds
2017-02-15T22:58:04.298+0100: 2182,672: Total time for which application threads were stopped: 0,0000744 seconds, Stopping threads took: 0,0000261 seconds
2017-02-15T22:58:04.298+0100: 2182,672: Total time for which application threads were stopped: 0,0000345 seconds, Stopping threads took: 0,0000139 seconds
2017-02-15T22:58:04.299+0100: 2182,672: Total time for which application threads were stopped: 0,0000347 seconds, Stopping threads took: 0,0000152 seconds
2017-02-15T22:58:04.300+0100: 2182,674: Total time for which application threads were stopped: 0,0001003 seconds, Stopping threads took: 0,0000322 seconds
Heap
 par new generation   total 109248K, used 24951K [0x00000000e0000000, 0x00000000e8000000, 0x00000000e8000000)
  eden space 87424K,   8% used [0x00000000e0000000, 0x00000000e071a448, 0x00000000e5560000)
  from space 21824K,  81% used [0x00000000e6ab0000, 0x00000000e7bf38c8, 0x00000000e8000000)
  to   space 21824K,   0% used [0x00000000e5560000, 0x00000000e5560000, 0x00000000e6ab0000)
 concurrent mark-sweep generation total 393216K, used 6688K [0x00000000e8000000, 0x0000000100000000, 0x0000000100000000)
 Metaspace       used 28085K, capacity 28626K, committed 28796K, reserved 1075200K
  class space    used 3227K, capacity 3417K, committed 3452K, reserved 1048576K
