OpenJDK 64-Bit Server VM (25.131-b11) for linux-amd64 JRE (1.8.0_131-8u131-b11-0ubuntu1.16.04.2-b11), built on May  6 2017 02:45:27 by "buildd" with gcc 5.4.0 20160609
Memory: 4k page, physical 7867740k(7476572k free), swap 8076284k(8076284k free)
CommandLine flags: -XX:CMSInitiatingOccupancyFraction=50 -XX:CMSMaxAbortablePrecleanTime=6000 -XX:+CMSParallelRemarkEnabled -XX:+CMSScavengeBeforeRemark -XX:ConcGCThreads=4 -XX:InitialHeapSize=536870912 -XX:MaxHeapSize=536870912 -XX:MaxTenuringThreshold=8 -XX:NewRatio=3 -XX:OldPLABSize=16 -XX:OnOutOfMemoryError=/opt/solr/bin/oom_solr.sh 8983 /var/solr/logs -XX:ParallelGCThreads=4 -XX:+ParallelRefProcEnabled -XX:PretenureSizeThreshold=67108864 -XX:+PrintGC -XX:+PrintGCApplicationStoppedTime -XX:+PrintGCDateStamps -XX:+PrintGCDetails -XX:+PrintGCTimeStamps -XX:+PrintHeapAtGC -XX:+PrintTenuringDistribution -XX:SurvivorRatio=4 -XX:TargetSurvivorRatio=90 -XX:ThreadStackSize=256 -XX:+UseCMSInitiatingOccupancyOnly -XX:+UseCompressedClassPointers -XX:+UseCompressedOops -XX:+UseConcMarkSweepGC -XX:+UseParNewGC 
2017-07-18T19:09:38.049+0200: 0,187: Total time for which application threads were stopped: 0,0000806 seconds, Stopping threads took: 0,0000165 seconds
2017-07-18T19:09:38.149+0200: 0,286: Total time for which application threads were stopped: 0,0001161 seconds, Stopping threads took: 0,0000164 seconds
2017-07-18T19:09:38.179+0200: 0,317: Total time for which application threads were stopped: 0,0000976 seconds, Stopping threads took: 0,0000172 seconds
2017-07-18T19:09:38.505+0200: 0,643: Total time for which application threads were stopped: 0,0001896 seconds, Stopping threads took: 0,0000351 seconds
2017-07-18T19:09:38.928+0200: 1,065: Total time for which application threads were stopped: 0,0001579 seconds, Stopping threads took: 0,0000157 seconds
2017-07-18T19:09:38.996+0200: 1,134: Total time for which application threads were stopped: 0,0002169 seconds, Stopping threads took: 0,0000234 seconds
2017-07-18T19:09:39.051+0200: 1,189: Total time for which application threads were stopped: 0,0001896 seconds, Stopping threads took: 0,0000225 seconds
2017-07-18T19:09:39.416+0200: 1,554: Total time for which application threads were stopped: 0,0001775 seconds, Stopping threads took: 0,0000139 seconds
2017-07-18T19:09:39.694+0200: 1,832: Total time for which application threads were stopped: 0,0002142 seconds, Stopping threads took: 0,0000336 seconds
2017-07-18T19:09:39.716+0200: 1,854: Total time for which application threads were stopped: 0,0002947 seconds, Stopping threads took: 0,0000395 seconds
2017-07-18T19:09:39.757+0200: 1,895: Total time for which application threads were stopped: 0,0001931 seconds, Stopping threads took: 0,0000279 seconds
2017-07-18T19:09:39.758+0200: 1,895: Total time for which application threads were stopped: 0,0001651 seconds, Stopping threads took: 0,0000283 seconds
2017-07-18T19:09:39.779+0200: 1,917: Total time for which application threads were stopped: 0,0001791 seconds, Stopping threads took: 0,0000165 seconds
2017-07-18T19:09:39.886+0200: 2,023: Total time for which application threads were stopped: 0,0002350 seconds, Stopping threads took: 0,0000294 seconds
2017-07-18T19:09:40.061+0200: 2,199: Total time for which application threads were stopped: 0,0003070 seconds, Stopping threads took: 0,0000422 seconds
{Heap before GC invocations=0 (full 0):
 par new generation   total 109248K, used 87424K [0x00000000e0000000, 0x00000000e8000000, 0x00000000e8000000)
  eden space 87424K, 100% used [0x00000000e0000000, 0x00000000e5560000, 0x00000000e5560000)
  from space 21824K,   0% used [0x00000000e5560000, 0x00000000e5560000, 0x00000000e6ab0000)
  to   space 21824K,   0% used [0x00000000e6ab0000, 0x00000000e6ab0000, 0x00000000e8000000)
 concurrent mark-sweep generation total 393216K, used 0K [0x00000000e8000000, 0x0000000100000000, 0x0000000100000000)
 Metaspace       used 18011K, capacity 18336K, committed 18688K, reserved 1064960K
  class space    used 2036K, capacity 2196K, committed 2304K, reserved 1048576K
2017-07-18T19:09:40.148+0200: 2,285: [GC (Allocation Failure) 2017-07-18T19:09:40.148+0200: 2,285: [ParNew
Desired survivor size 20112992 bytes, new threshold 8 (max 8)
- age   1:   12589928 bytes,   12589928 total
: 87424K->12415K(109248K), 0,0156024 secs] 87424K->12415K(502464K), 0,0156821 secs] [Times: user=0,05 sys=0,01, real=0,02 secs] 
Heap after GC invocations=1 (full 0):
 par new generation   total 109248K, used 12415K [0x00000000e0000000, 0x00000000e8000000, 0x00000000e8000000)
  eden space 87424K,   0% used [0x00000000e0000000, 0x00000000e0000000, 0x00000000e5560000)
  from space 21824K,  56% used [0x00000000e6ab0000, 0x00000000e76cfe48, 0x00000000e8000000)
  to   space 21824K,   0% used [0x00000000e5560000, 0x00000000e5560000, 0x00000000e6ab0000)
 concurrent mark-sweep generation total 393216K, used 0K [0x00000000e8000000, 0x0000000100000000, 0x0000000100000000)
 Metaspace       used 18011K, capacity 18336K, committed 18688K, reserved 1064960K
  class space    used 2036K, capacity 2196K, committed 2304K, reserved 1048576K
}
2017-07-18T19:09:40.163+0200: 2,301: Total time for which application threads were stopped: 0,0159175 seconds, Stopping threads took: 0,0000347 seconds
2017-07-18T19:09:40.535+0200: 2,673: Total time for which application threads were stopped: 0,0003358 seconds, Stopping threads took: 0,0000415 seconds
2017-07-18T19:09:40.578+0200: 2,716: Total time for which application threads were stopped: 0,0016133 seconds, Stopping threads took: 0,0012710 seconds
{Heap before GC invocations=1 (full 0):
 par new generation   total 109248K, used 99839K [0x00000000e0000000, 0x00000000e8000000, 0x00000000e8000000)
  eden space 87424K, 100% used [0x00000000e0000000, 0x00000000e5560000, 0x00000000e5560000)
  from space 21824K,  56% used [0x00000000e6ab0000, 0x00000000e76cfe48, 0x00000000e8000000)
  to   space 21824K,   0% used [0x00000000e5560000, 0x00000000e5560000, 0x00000000e6ab0000)
 concurrent mark-sweep generation total 393216K, used 0K [0x00000000e8000000, 0x0000000100000000, 0x0000000100000000)
 Metaspace       used 20059K, capacity 20436K, committed 20736K, reserved 1067008K
  class space    used 2298K, capacity 2472K, committed 2560K, reserved 1048576K
2017-07-18T19:09:40.586+0200: 2,723: [GC (Allocation Failure) 2017-07-18T19:09:40.586+0200: 2,723: [ParNew
Desired survivor size 20112992 bytes, new threshold 8 (max 8)
- age   1:    3660712 bytes,    3660712 total
- age   2:    6658400 bytes,   10319112 total
: 99839K->11782K(109248K), 0,0111047 secs] 99839K->11782K(502464K), 0,0111776 secs] [Times: user=0,03 sys=0,00, real=0,01 secs] 
Heap after GC invocations=2 (full 0):
 par new generation   total 109248K, used 11782K [0x00000000e0000000, 0x00000000e8000000, 0x00000000e8000000)
  eden space 87424K,   0% used [0x00000000e0000000, 0x00000000e0000000, 0x00000000e5560000)
  from space 21824K,  53% used [0x00000000e5560000, 0x00000000e60e1a00, 0x00000000e6ab0000)
  to   space 21824K,   0% used [0x00000000e6ab0000, 0x00000000e6ab0000, 0x00000000e8000000)
 concurrent mark-sweep generation total 393216K, used 0K [0x00000000e8000000, 0x0000000100000000, 0x0000000100000000)
 Metaspace       used 20059K, capacity 20436K, committed 20736K, reserved 1067008K
  class space    used 2298K, capacity 2472K, committed 2560K, reserved 1048576K
}
2017-07-18T19:09:40.597+0200: 2,735: Total time for which application threads were stopped: 0,0113613 seconds, Stopping threads took: 0,0000522 seconds
2017-07-18T19:09:40.638+0200: 2,776: Total time for which application threads were stopped: 0,0003611 seconds, Stopping threads took: 0,0000246 seconds
2017-07-18T19:09:40.750+0200: 2,887: Total time for which application threads were stopped: 0,0001650 seconds, Stopping threads took: 0,0000309 seconds
{Heap before GC invocations=2 (full 0):
 par new generation   total 109248K, used 99206K [0x00000000e0000000, 0x00000000e8000000, 0x00000000e8000000)
  eden space 87424K, 100% used [0x00000000e0000000, 0x00000000e5560000, 0x00000000e5560000)
  from space 21824K,  53% used [0x00000000e5560000, 0x00000000e60e1a00, 0x00000000e6ab0000)
  to   space 21824K,   0% used [0x00000000e6ab0000, 0x00000000e6ab0000, 0x00000000e8000000)
 concurrent mark-sweep generation total 393216K, used 0K [0x00000000e8000000, 0x0000000100000000, 0x0000000100000000)
 Metaspace       used 20968K, capacity 21294K, committed 21628K, reserved 1069056K
  class space    used 2418K, capacity 2591K, committed 2684K, reserved 1048576K
2017-07-18T19:09:40.784+0200: 2,921: [GC (Allocation Failure) 2017-07-18T19:09:40.784+0200: 2,921: [ParNew
Desired survivor size 20112992 bytes, new threshold 8 (max 8)
- age   1:    2091312 bytes,    2091312 total
- age   2:     852864 bytes,    2944176 total
- age   3:    6656120 bytes,    9600296 total
: 99206K->14282K(109248K), 0,0095697 secs] 99206K->14282K(502464K), 0,0096477 secs] [Times: user=0,03 sys=0,00, real=0,00 secs] 
Heap after GC invocations=3 (full 0):
 par new generation   total 109248K, used 14282K [0x00000000e0000000, 0x00000000e8000000, 0x00000000e8000000)
  eden space 87424K,   0% used [0x00000000e0000000, 0x00000000e0000000, 0x00000000e5560000)
  from space 21824K,  65% used [0x00000000e6ab0000, 0x00000000e78a2a20, 0x00000000e8000000)
  to   space 21824K,   0% used [0x00000000e5560000, 0x00000000e5560000, 0x00000000e6ab0000)
 concurrent mark-sweep generation total 393216K, used 0K [0x00000000e8000000, 0x0000000100000000, 0x0000000100000000)
 Metaspace       used 20968K, capacity 21294K, committed 21628K, reserved 1069056K
  class space    used 2418K, capacity 2591K, committed 2684K, reserved 1048576K
}
2017-07-18T19:09:40.793+0200: 2,931: Total time for which application threads were stopped: 0,0098571 seconds, Stopping threads took: 0,0000668 seconds
2017-07-18T19:09:40.796+0200: 2,933: [GC (CMS Initial Mark) [1 CMS-initial-mark: 0K(393216K)] 15733K(502464K), 0,0051782 secs] [Times: user=0,01 sys=0,00, real=0,00 secs] 
2017-07-18T19:09:40.801+0200: 2,939: Total time for which application threads were stopped: 0,0053494 seconds, Stopping threads took: 0,0000540 seconds
2017-07-18T19:09:40.801+0200: 2,939: [CMS-concurrent-mark-start]
2017-07-18T19:09:40.801+0200: 2,939: [CMS-concurrent-mark: 0,000/0,000 secs] [Times: user=0,00 sys=0,00, real=0,00 secs] 
2017-07-18T19:09:40.801+0200: 2,939: [CMS-concurrent-preclean-start]
2017-07-18T19:09:40.802+0200: 2,940: [CMS-concurrent-preclean: 0,001/0,001 secs] [Times: user=0,01 sys=0,00, real=0,01 secs] 
2017-07-18T19:09:40.802+0200: 2,940: [GC (CMS Final Remark) [YG occupancy: 15733 K (109248 K)]{Heap before GC invocations=3 (full 1):
 par new generation   total 109248K, used 15733K [0x00000000e0000000, 0x00000000e8000000, 0x00000000e8000000)
  eden space 87424K,   1% used [0x00000000e0000000, 0x00000000e016aa30, 0x00000000e5560000)
  from space 21824K,  65% used [0x00000000e6ab0000, 0x00000000e78a2a20, 0x00000000e8000000)
  to   space 21824K,   0% used [0x00000000e5560000, 0x00000000e5560000, 0x00000000e6ab0000)
 concurrent mark-sweep generation total 393216K, used 0K [0x00000000e8000000, 0x0000000100000000, 0x0000000100000000)
 Metaspace       used 20975K, capacity 21294K, committed 21628K, reserved 1069056K
  class space    used 2419K, capacity 2591K, committed 2684K, reserved 1048576K
2017-07-18T19:09:40.802+0200: 2,940: [GC (CMS Final Remark) 2017-07-18T19:09:40.802+0200: 2,940: [ParNew
Desired survivor size 20112992 bytes, new threshold 8 (max 8)
- age   1:      34952 bytes,      34952 total
- age   2:    1951936 bytes,    1986888 total
- age   3:     852864 bytes,    2839752 total
- age   4:    6656144 bytes,    9495896 total
: 15733K->10629K(109248K), 0,0088995 secs] 15733K->10629K(502464K), 0,0089413 secs] [Times: user=0,02 sys=0,00, real=0,00 secs] 
Heap after GC invocations=4 (full 1):
 par new generation   total 109248K, used 10629K [0x00000000e0000000, 0x00000000e8000000, 0x00000000e8000000)
  eden space 87424K,   0% used [0x00000000e0000000, 0x00000000e0000000, 0x00000000e5560000)
  from space 21824K,  48% used [0x00000000e5560000, 0x00000000e5fc15f8, 0x00000000e6ab0000)
  to   space 21824K,   0% used [0x00000000e6ab0000, 0x00000000e6ab0000, 0x00000000e8000000)
 concurrent mark-sweep generation total 393216K, used 0K [0x00000000e8000000, 0x0000000100000000, 0x0000000100000000)
 Metaspace       used 20975K, capacity 21294K, committed 21628K, reserved 1069056K
  class space    used 2419K, capacity 2591K, committed 2684K, reserved 1048576K
}
2017-07-18T19:09:40.811+0200: 2,949: [Rescan (parallel) , 0,0037069 secs]2017-07-18T19:09:40.815+0200: 2,953: [weak refs processing, 0,0008328 secs]2017-07-18T19:09:40.816+0200: 2,953: [class unloading, 0,0027331 secs]2017-07-18T19:09:40.819+0200: 2,956: [scrub symbol table, 0,0029392 secs]2017-07-18T19:09:40.821+0200: 2,959: [scrub string table, 0,0003880 secs][1 CMS-remark: 0K(393216K)] 10629K(502464K), 0,0201697 secs] [Times: user=0,04 sys=0,00, real=0,02 secs] 
2017-07-18T19:09:40.822+0200: 2,960: Total time for which application threads were stopped: 0,0202789 seconds, Stopping threads took: 0,0000367 seconds
2017-07-18T19:09:40.824+0200: 2,962: [CMS-concurrent-sweep-start]
2017-07-18T19:09:40.824+0200: 2,962: [CMS-concurrent-sweep: 0,000/0,000 secs] [Times: user=0,00 sys=0,00, real=0,00 secs] 
2017-07-18T19:09:40.824+0200: 2,962: [CMS-concurrent-reset-start]
2017-07-18T19:09:40.826+0200: 2,963: [CMS-concurrent-reset: 0,001/0,001 secs] [Times: user=0,00 sys=0,00, real=0,00 secs] 
{Heap before GC invocations=4 (full 1):
 par new generation   total 109248K, used 98053K [0x00000000e0000000, 0x00000000e8000000, 0x00000000e8000000)
  eden space 87424K, 100% used [0x00000000e0000000, 0x00000000e5560000, 0x00000000e5560000)
  from space 21824K,  48% used [0x00000000e5560000, 0x00000000e5fc15f8, 0x00000000e6ab0000)
  to   space 21824K,   0% used [0x00000000e6ab0000, 0x00000000e6ab0000, 0x00000000e8000000)
 concurrent mark-sweep generation total 393216K, used 0K [0x00000000e8000000, 0x0000000100000000, 0x0000000100000000)
 Metaspace       used 21231K, capacity 21634K, committed 21884K, reserved 1069056K
  class space    used 2448K, capacity 2606K, committed 2684K, reserved 1048576K
2017-07-18T19:09:40.940+0200: 3,078: [GC (Allocation Failure) 2017-07-18T19:09:40.940+0200: 3,078: [ParNew
Desired survivor size 20112992 bytes, new threshold 8 (max 8)
- age   1:     530200 bytes,     530200 total
- age   2:       1016 bytes,     531216 total
- age   3:    1458776 bytes,    1989992 total
- age   4:     821424 bytes,    2811416 total
- age   5:    6656320 bytes,    9467736 total
: 98053K->12203K(109248K), 0,0139615 secs] 98053K->12203K(502464K), 0,0140308 secs] [Times: user=0,05 sys=0,01, real=0,02 secs] 
Heap after GC invocations=5 (full 1):
 par new generation   total 109248K, used 12203K [0x00000000e0000000, 0x00000000e8000000, 0x00000000e8000000)
  eden space 87424K,   0% used [0x00000000e0000000, 0x00000000e0000000, 0x00000000e5560000)
  from space 21824K,  55% used [0x00000000e6ab0000, 0x00000000e769af70, 0x00000000e8000000)
  to   space 21824K,   0% used [0x00000000e5560000, 0x00000000e5560000, 0x00000000e6ab0000)
 concurrent mark-sweep generation total 393216K, used 0K [0x00000000e8000000, 0x0000000100000000, 0x0000000100000000)
 Metaspace       used 21231K, capacity 21634K, committed 21884K, reserved 1069056K
  class space    used 2448K, capacity 2606K, committed 2684K, reserved 1048576K
}
2017-07-18T19:09:40.954+0200: 3,092: Total time for which application threads were stopped: 0,0142354 seconds, Stopping threads took: 0,0000589 seconds
{Heap before GC invocations=5 (full 1):
 par new generation   total 109248K, used 99627K [0x00000000e0000000, 0x00000000e8000000, 0x00000000e8000000)
  eden space 87424K, 100% used [0x00000000e0000000, 0x00000000e5560000, 0x00000000e5560000)
  from space 21824K,  55% used [0x00000000e6ab0000, 0x00000000e769af70, 0x00000000e8000000)
  to   space 21824K,   0% used [0x00000000e5560000, 0x00000000e5560000, 0x00000000e6ab0000)
 concurrent mark-sweep generation total 393216K, used 0K [0x00000000e8000000, 0x0000000100000000, 0x0000000100000000)
 Metaspace       used 21416K, capacity 21812K, committed 21884K, reserved 1069056K
  class space    used 2469K, capacity 2641K, committed 2684K, reserved 1048576K
2017-07-18T19:09:41.049+0200: 3,187: [GC (Allocation Failure) 2017-07-18T19:09:41.049+0200: 3,187: [ParNew
Desired survivor size 20112992 bytes, new threshold 8 (max 8)
- age   1:     662672 bytes,     662672 total
- age   2:     186608 bytes,     849280 total
- age   3:        872 bytes,     850152 total
- age   4:    1458568 bytes,    2308720 total
- age   5:     819408 bytes,    3128128 total
- age   6:    6656264 bytes,    9784392 total
: 99627K->12377K(109248K), 0,0096124 secs] 99627K->12377K(502464K), 0,0096801 secs] [Times: user=0,04 sys=0,00, real=0,01 secs] 
Heap after GC invocations=6 (full 1):
 par new generation   total 109248K, used 12377K [0x00000000e0000000, 0x00000000e8000000, 0x00000000e8000000)
  eden space 87424K,   0% used [0x00000000e0000000, 0x00000000e0000000, 0x00000000e5560000)
  from space 21824K,  56% used [0x00000000e5560000, 0x00000000e61765d8, 0x00000000e6ab0000)
  to   space 21824K,   0% used [0x00000000e6ab0000, 0x00000000e6ab0000, 0x00000000e8000000)
 concurrent mark-sweep generation total 393216K, used 0K [0x00000000e8000000, 0x0000000100000000, 0x0000000100000000)
 Metaspace       used 21416K, capacity 21812K, committed 21884K, reserved 1069056K
  class space    used 2469K, capacity 2641K, committed 2684K, reserved 1048576K
}
2017-07-18T19:09:41.059+0200: 3,196: Total time for which application threads were stopped: 0,0099433 seconds, Stopping threads took: 0,0001204 seconds
2017-07-18T19:09:41.096+0200: 3,234: Total time for which application threads were stopped: 0,0002997 seconds, Stopping threads took: 0,0000138 seconds
2017-07-18T19:09:41.316+0200: 3,453: Total time for which application threads were stopped: 0,0004266 seconds, Stopping threads took: 0,0000392 seconds
2017-07-18T19:09:41.352+0200: 3,489: Total time for which application threads were stopped: 0,0004423 seconds, Stopping threads took: 0,0000405 seconds
2017-07-18T19:09:41.372+0200: 3,510: Total time for which application threads were stopped: 0,0004123 seconds, Stopping threads took: 0,0000444 seconds
{Heap before GC invocations=6 (full 1):
 par new generation   total 109248K, used 99801K [0x00000000e0000000, 0x00000000e8000000, 0x00000000e8000000)
  eden space 87424K, 100% used [0x00000000e0000000, 0x00000000e5560000, 0x00000000e5560000)
  from space 21824K,  56% used [0x00000000e5560000, 0x00000000e61765d8, 0x00000000e6ab0000)
  to   space 21824K,   0% used [0x00000000e6ab0000, 0x00000000e6ab0000, 0x00000000e8000000)
 concurrent mark-sweep generation total 393216K, used 0K [0x00000000e8000000, 0x0000000100000000, 0x0000000100000000)
 Metaspace       used 23983K, capacity 24474K, committed 24572K, reserved 1071104K
  class space    used 2834K, capacity 3016K, committed 3068K, reserved 1048576K
2017-07-18T19:09:41.544+0200: 3,681: [GC (Allocation Failure) 2017-07-18T19:09:41.544+0200: 3,681: [ParNew
Desired survivor size 20112992 bytes, new threshold 8 (max 8)
- age   1:    5382360 bytes,    5382360 total
- age   2:     123976 bytes,    5506336 total
- age   3:     185184 bytes,    5691520 total
- age   4:        848 bytes,    5692368 total
- age   5:     288680 bytes,    5981048 total
- age   6:     795112 bytes,    6776160 total
- age   7:    6647896 bytes,   13424056 total
: 99801K->17354K(109248K), 0,0269570 secs] 99801K->17354K(502464K), 0,0270367 secs] [Times: user=0,09 sys=0,00, real=0,02 secs] 
Heap after GC invocations=7 (full 1):
 par new generation   total 109248K, used 17354K [0x00000000e0000000, 0x00000000e8000000, 0x00000000e8000000)
  eden space 87424K,   0% used [0x00000000e0000000, 0x00000000e0000000, 0x00000000e5560000)
  from space 21824K,  79% used [0x00000000e6ab0000, 0x00000000e7ba2940, 0x00000000e8000000)
  to   space 21824K,   0% used [0x00000000e5560000, 0x00000000e5560000, 0x00000000e6ab0000)
 concurrent mark-sweep generation total 393216K, used 0K [0x00000000e8000000, 0x0000000100000000, 0x0000000100000000)
 Metaspace       used 23983K, capacity 24474K, committed 24572K, reserved 1071104K
  class space    used 2834K, capacity 3016K, committed 3068K, reserved 1048576K
}
2017-07-18T19:09:41.571+0200: 3,709: Total time for which application threads were stopped: 0,0273505 seconds, Stopping threads took: 0,0000619 seconds
{Heap before GC invocations=7 (full 1):
 par new generation   total 109248K, used 104778K [0x00000000e0000000, 0x00000000e8000000, 0x00000000e8000000)
  eden space 87424K, 100% used [0x00000000e0000000, 0x00000000e5560000, 0x00000000e5560000)
  from space 21824K,  79% used [0x00000000e6ab0000, 0x00000000e7ba2940, 0x00000000e8000000)
  to   space 21824K,   0% used [0x00000000e5560000, 0x00000000e5560000, 0x00000000e6ab0000)
 concurrent mark-sweep generation total 393216K, used 0K [0x00000000e8000000, 0x0000000100000000, 0x0000000100000000)
 Metaspace       used 24423K, capacity 24902K, committed 25084K, reserved 1071104K
  class space    used 2861K, capacity 3051K, committed 3068K, reserved 1048576K
2017-07-18T19:09:41.663+0200: 3,801: [GC (Allocation Failure) 2017-07-18T19:09:41.663+0200: 3,801: [ParNew
Desired survivor size 20112992 bytes, new threshold 8 (max 8)
- age   1:    1872608 bytes,    1872608 total
- age   2:    1829056 bytes,    3701664 total
- age   3:      65640 bytes,    3767304 total
- age   4:      96424 bytes,    3863728 total
- age   5:        848 bytes,    3864576 total
- age   6:     192984 bytes,    4057560 total
- age   7:     752864 bytes,    4810424 total
- age   8:    6113344 bytes,   10923768 total
: 104778K->12311K(109248K), 0,0436966 secs] 104778K->12311K(502464K), 0,0437799 secs] [Times: user=0,07 sys=0,00, real=0,04 secs] 
Heap after GC invocations=8 (full 1):
 par new generation   total 109248K, used 12311K [0x00000000e0000000, 0x00000000e8000000, 0x00000000e8000000)
  eden space 87424K,   0% used [0x00000000e0000000, 0x00000000e0000000, 0x00000000e5560000)
  from space 21824K,  56% used [0x00000000e5560000, 0x00000000e6165d00, 0x00000000e6ab0000)
  to   space 21824K,   0% used [0x00000000e6ab0000, 0x00000000e6ab0000, 0x00000000e8000000)
 concurrent mark-sweep generation total 393216K, used 0K [0x00000000e8000000, 0x0000000100000000, 0x0000000100000000)
 Metaspace       used 24423K, capacity 24902K, committed 25084K, reserved 1071104K
  class space    used 2861K, capacity 3051K, committed 3068K, reserved 1048576K
}
2017-07-18T19:09:41.707+0200: 3,845: Total time for which application threads were stopped: 0,0456765 seconds, Stopping threads took: 0,0016754 seconds
{Heap before GC invocations=8 (full 1):
 par new generation   total 109248K, used 99735K [0x00000000e0000000, 0x00000000e8000000, 0x00000000e8000000)
  eden space 87424K, 100% used [0x00000000e0000000, 0x00000000e5560000, 0x00000000e5560000)
  from space 21824K,  56% used [0x00000000e5560000, 0x00000000e6165d00, 0x00000000e6ab0000)
  to   space 21824K,   0% used [0x00000000e6ab0000, 0x00000000e6ab0000, 0x00000000e8000000)
 concurrent mark-sweep generation total 393216K, used 0K [0x00000000e8000000, 0x0000000100000000, 0x0000000100000000)
 Metaspace       used 24631K, capacity 25146K, committed 25468K, reserved 1071104K
  class space    used 2881K, capacity 3086K, committed 3196K, reserved 1048576K
2017-07-18T19:09:41.786+0200: 3,924: [GC (Allocation Failure) 2017-07-18T19:09:41.786+0200: 3,924: [ParNew
Desired survivor size 20112992 bytes, new threshold 8 (max 8)
- age   1:     524832 bytes,     524832 total
- age   2:     967000 bytes,    1491832 total
- age   3:    1815704 bytes,    3307536 total
- age   4:      65608 bytes,    3373144 total
- age   5:      96256 bytes,    3469400 total
- age   6:        848 bytes,    3470248 total
- age   7:     190184 bytes,    3660432 total
- age   8:     752096 bytes,    4412528 total
: 99735K->9539K(109248K), 0,0291613 secs] 99735K->15592K(502464K), 0,0292368 secs] [Times: user=0,10 sys=0,00, real=0,03 secs] 
Heap after GC invocations=9 (full 1):
 par new generation   total 109248K, used 9539K [0x00000000e0000000, 0x00000000e8000000, 0x00000000e8000000)
  eden space 87424K,   0% used [0x00000000e0000000, 0x00000000e0000000, 0x00000000e5560000)
  from space 21824K,  43% used [0x00000000e6ab0000, 0x00000000e7400ee0, 0x00000000e8000000)
  to   space 21824K,   0% used [0x00000000e5560000, 0x00000000e5560000, 0x00000000e6ab0000)
 concurrent mark-sweep generation total 393216K, used 6052K [0x00000000e8000000, 0x0000000100000000, 0x0000000100000000)
 Metaspace       used 24631K, capacity 25146K, committed 25468K, reserved 1071104K
  class space    used 2881K, capacity 3086K, committed 3196K, reserved 1048576K
}
2017-07-18T19:09:41.815+0200: 3,953: Total time for which application threads were stopped: 0,0295072 seconds, Stopping threads took: 0,0000748 seconds
2017-07-18T19:09:41.933+0200: 4,071: Total time for which application threads were stopped: 0,0010196 seconds, Stopping threads took: 0,0007262 seconds
2017-07-18T19:09:41.939+0200: 4,077: Total time for which application threads were stopped: 0,0001842 seconds, Stopping threads took: 0,0000773 seconds
2017-07-18T19:09:41.942+0200: 4,080: Total time for which application threads were stopped: 0,0001327 seconds, Stopping threads took: 0,0000497 seconds
2017-07-18T19:09:41.946+0200: 4,084: Total time for which application threads were stopped: 0,0001577 seconds, Stopping threads took: 0,0000605 seconds
2017-07-18T19:09:41.947+0200: 4,084: Total time for which application threads were stopped: 0,0001077 seconds, Stopping threads took: 0,0000378 seconds
2017-07-18T19:09:41.947+0200: 4,084: Total time for which application threads were stopped: 0,0000797 seconds, Stopping threads took: 0,0000200 seconds
2017-07-18T19:09:41.950+0200: 4,088: Total time for which application threads were stopped: 0,0030827 seconds, Stopping threads took: 0,0030247 seconds
2017-07-18T19:09:41.953+0200: 4,091: Total time for which application threads were stopped: 0,0027592 seconds, Stopping threads took: 0,0027117 seconds
2017-07-18T19:09:41.953+0200: 4,091: Total time for which application threads were stopped: 0,0001216 seconds, Stopping threads took: 0,0000636 seconds
2017-07-18T19:09:41.954+0200: 4,091: Total time for which application threads were stopped: 0,0002491 seconds, Stopping threads took: 0,0001892 seconds
2017-07-18T19:09:41.954+0200: 4,091: Total time for which application threads were stopped: 0,0000706 seconds, Stopping threads took: 0,0000240 seconds
2017-07-18T19:09:41.954+0200: 4,092: Total time for which application threads were stopped: 0,0003186 seconds, Stopping threads took: 0,0002847 seconds
2017-07-18T19:09:41.954+0200: 4,092: Total time for which application threads were stopped: 0,0000576 seconds, Stopping threads took: 0,0000257 seconds
2017-07-18T19:09:41.954+0200: 4,092: Total time for which application threads were stopped: 0,0000524 seconds, Stopping threads took: 0,0000222 seconds
2017-07-18T19:09:41.955+0200: 4,092: Total time for which application threads were stopped: 0,0000755 seconds, Stopping threads took: 0,0000249 seconds
2017-07-18T19:09:41.955+0200: 4,092: Total time for which application threads were stopped: 0,0000774 seconds, Stopping threads took: 0,0000333 seconds
2017-07-18T19:09:41.955+0200: 4,093: Total time for which application threads were stopped: 0,0000734 seconds, Stopping threads took: 0,0000305 seconds
2017-07-18T19:09:41.955+0200: 4,093: Total time for which application threads were stopped: 0,0000585 seconds, Stopping threads took: 0,0000245 seconds
2017-07-18T19:09:41.955+0200: 4,093: Total time for which application threads were stopped: 0,0000497 seconds, Stopping threads took: 0,0000204 seconds
2017-07-18T19:09:41.956+0200: 4,093: Total time for which application threads were stopped: 0,0001007 seconds, Stopping threads took: 0,0000324 seconds
2017-07-18T19:09:41.956+0200: 4,093: Total time for which application threads were stopped: 0,0001571 seconds, Stopping threads took: 0,0000312 seconds
2017-07-18T19:09:41.960+0200: 4,097: Total time for which application threads were stopped: 0,0001316 seconds, Stopping threads took: 0,0000598 seconds
2017-07-18T19:09:41.963+0200: 4,100: Total time for which application threads were stopped: 0,0001084 seconds, Stopping threads took: 0,0000414 seconds
2017-07-18T19:09:41.963+0200: 4,100: Total time for which application threads were stopped: 0,0000710 seconds, Stopping threads took: 0,0000226 seconds
2017-07-18T19:09:41.974+0200: 4,112: Total time for which application threads were stopped: 0,0040850 seconds, Stopping threads took: 0,0039707 seconds
2017-07-18T19:09:41.982+0200: 4,120: Total time for which application threads were stopped: 0,0001675 seconds, Stopping threads took: 0,0000679 seconds
2017-07-18T19:09:41.986+0200: 4,124: Total time for which application threads were stopped: 0,0002004 seconds, Stopping threads took: 0,0000982 seconds
2017-07-18T19:09:41.987+0200: 4,124: Total time for which application threads were stopped: 0,0001346 seconds, Stopping threads took: 0,0000419 seconds
2017-07-18T19:09:41.987+0200: 4,125: Total time for which application threads were stopped: 0,0001138 seconds, Stopping threads took: 0,0000504 seconds
2017-07-18T19:09:41.987+0200: 4,125: Total time for which application threads were stopped: 0,0000752 seconds, Stopping threads took: 0,0000154 seconds
2017-07-18T19:09:41.987+0200: 4,125: Total time for which application threads were stopped: 0,0000577 seconds, Stopping threads took: 0,0000138 seconds
2017-07-18T19:09:41.987+0200: 4,125: Total time for which application threads were stopped: 0,0000815 seconds, Stopping threads took: 0,0000237 seconds
2017-07-18T19:09:41.988+0200: 4,125: Total time for which application threads were stopped: 0,0000771 seconds, Stopping threads took: 0,0000310 seconds
2017-07-18T19:09:41.988+0200: 4,125: Total time for which application threads were stopped: 0,0000586 seconds, Stopping threads took: 0,0000201 seconds
2017-07-18T19:09:41.988+0200: 4,126: Total time for which application threads were stopped: 0,0000626 seconds, Stopping threads took: 0,0000241 seconds
2017-07-18T19:09:41.988+0200: 4,126: Total time for which application threads were stopped: 0,0000626 seconds, Stopping threads took: 0,0000229 seconds
2017-07-18T19:09:41.988+0200: 4,126: Total time for which application threads were stopped: 0,0000542 seconds, Stopping threads took: 0,0000201 seconds
2017-07-18T19:09:41.988+0200: 4,126: Total time for which application threads were stopped: 0,0000573 seconds, Stopping threads took: 0,0000173 seconds
2017-07-18T19:09:41.988+0200: 4,126: Total time for which application threads were stopped: 0,0000613 seconds, Stopping threads took: 0,0000212 seconds
2017-07-18T19:09:41.989+0200: 4,126: Total time for which application threads were stopped: 0,0000622 seconds, Stopping threads took: 0,0000214 seconds
2017-07-18T19:09:41.989+0200: 4,126: Total time for which application threads were stopped: 0,0000434 seconds, Stopping threads took: 0,0000077 seconds
2017-07-18T19:09:41.989+0200: 4,126: Total time for which application threads were stopped: 0,0001020 seconds, Stopping threads took: 0,0000073 seconds
2017-07-18T19:09:41.991+0200: 4,128: Total time for which application threads were stopped: 0,0001132 seconds, Stopping threads took: 0,0000410 seconds
2017-07-18T19:09:42.000+0200: 4,138: Total time for which application threads were stopped: 0,0001623 seconds, Stopping threads took: 0,0000616 seconds
2017-07-18T19:09:42.006+0200: 4,144: Total time for which application threads were stopped: 0,0051488 seconds, Stopping threads took: 0,0050748 seconds
2017-07-18T19:09:42.006+0200: 4,144: Total time for which application threads were stopped: 0,0000870 seconds, Stopping threads took: 0,0000337 seconds
2017-07-18T19:09:42.007+0200: 4,144: Total time for which application threads were stopped: 0,0000832 seconds, Stopping threads took: 0,0000312 seconds
2017-07-18T19:09:42.007+0200: 4,144: Total time for which application threads were stopped: 0,0000466 seconds, Stopping threads took: 0,0000083 seconds
2017-07-18T19:09:42.007+0200: 4,144: Total time for which application threads were stopped: 0,0000722 seconds, Stopping threads took: 0,0000075 seconds
2017-07-18T19:09:42.018+0200: 4,156: Total time for which application threads were stopped: 0,0001652 seconds, Stopping threads took: 0,0000534 seconds
2017-07-18T19:09:42.020+0200: 4,158: Total time for which application threads were stopped: 0,0001492 seconds, Stopping threads took: 0,0000494 seconds
2017-07-18T19:09:42.021+0200: 4,159: Total time for which application threads were stopped: 0,0012527 seconds, Stopping threads took: 0,0011437 seconds
2017-07-18T19:09:42.026+0200: 4,164: Total time for which application threads were stopped: 0,0032171 seconds, Stopping threads took: 0,0030830 seconds
2017-07-18T19:09:42.040+0200: 4,178: Total time for which application threads were stopped: 0,0001663 seconds, Stopping threads took: 0,0000444 seconds
2017-07-18T19:09:42.041+0200: 4,179: Total time for which application threads were stopped: 0,0001280 seconds, Stopping threads took: 0,0000528 seconds
2017-07-18T19:09:42.041+0200: 4,179: Total time for which application threads were stopped: 0,0000584 seconds, Stopping threads took: 0,0000186 seconds
2017-07-18T19:09:42.042+0200: 4,179: Total time for which application threads were stopped: 0,0001246 seconds, Stopping threads took: 0,0000926 seconds
2017-07-18T19:09:42.046+0200: 4,184: Total time for which application threads were stopped: 0,0001033 seconds, Stopping threads took: 0,0000252 seconds
2017-07-18T19:09:42.063+0200: 4,200: Total time for which application threads were stopped: 0,0001727 seconds, Stopping threads took: 0,0000519 seconds
2017-07-18T19:09:42.072+0200: 4,209: Total time for which application threads were stopped: 0,0007262 seconds, Stopping threads took: 0,0006271 seconds
2017-07-18T19:09:42.077+0200: 4,214: Total time for which application threads were stopped: 0,0002606 seconds, Stopping threads took: 0,0000534 seconds
2017-07-18T19:09:42.082+0200: 4,220: Total time for which application threads were stopped: 0,0001594 seconds, Stopping threads took: 0,0000632 seconds
2017-07-18T19:09:42.084+0200: 4,222: Total time for which application threads were stopped: 0,0001390 seconds, Stopping threads took: 0,0000571 seconds
2017-07-18T19:09:42.089+0200: 4,226: Total time for which application threads were stopped: 0,0001146 seconds, Stopping threads took: 0,0000516 seconds
2017-07-18T19:09:42.093+0200: 4,230: Total time for which application threads were stopped: 0,0001271 seconds, Stopping threads took: 0,0000573 seconds
2017-07-18T19:09:42.094+0200: 4,232: Total time for which application threads were stopped: 0,0010729 seconds, Stopping threads took: 0,0010109 seconds
2017-07-18T19:09:42.125+0200: 4,262: Total time for which application threads were stopped: 0,0004288 seconds, Stopping threads took: 0,0003532 seconds
2017-07-18T19:09:42.133+0200: 4,270: Total time for which application threads were stopped: 0,0001093 seconds, Stopping threads took: 0,0000336 seconds
2017-07-18T19:09:42.139+0200: 4,277: Total time for which application threads were stopped: 0,0001161 seconds, Stopping threads took: 0,0000555 seconds
2017-07-18T19:09:42.140+0200: 4,278: Total time for which application threads were stopped: 0,0003482 seconds, Stopping threads took: 0,0000150 seconds
2017-07-18T19:09:42.186+0200: 4,324: Total time for which application threads were stopped: 0,0005411 seconds, Stopping threads took: 0,0000461 seconds
2017-07-18T19:09:42.202+0200: 4,340: Total time for which application threads were stopped: 0,0005214 seconds, Stopping threads took: 0,0000351 seconds
2017-07-18T19:09:42.258+0200: 4,396: Total time for which application threads were stopped: 0,0004025 seconds, Stopping threads took: 0,0000323 seconds
2017-07-18T19:09:42.262+0200: 4,400: Total time for which application threads were stopped: 0,0021866 seconds, Stopping threads took: 0,0021211 seconds
2017-07-18T19:09:42.266+0200: 4,404: Total time for which application threads were stopped: 0,0001289 seconds, Stopping threads took: 0,0000490 seconds
2017-07-18T19:09:42.267+0200: 4,404: Total time for which application threads were stopped: 0,0001475 seconds, Stopping threads took: 0,0000705 seconds
2017-07-18T19:09:42.284+0200: 4,422: Total time for which application threads were stopped: 0,0001366 seconds, Stopping threads took: 0,0000431 seconds
2017-07-18T19:09:42.286+0200: 4,424: Total time for which application threads were stopped: 0,0001006 seconds, Stopping threads took: 0,0000355 seconds
2017-07-18T19:09:42.289+0200: 4,426: Total time for which application threads were stopped: 0,0010119 seconds, Stopping threads took: 0,0009380 seconds
2017-07-18T19:09:42.292+0200: 4,429: Total time for which application threads were stopped: 0,0001299 seconds, Stopping threads took: 0,0000467 seconds
2017-07-18T19:09:42.292+0200: 4,430: Total time for which application threads were stopped: 0,0003027 seconds, Stopping threads took: 0,0002360 seconds
2017-07-18T19:09:42.299+0200: 4,437: Total time for which application threads were stopped: 0,0001157 seconds, Stopping threads took: 0,0000457 seconds
2017-07-18T19:09:42.302+0200: 4,440: Total time for which application threads were stopped: 0,0001542 seconds, Stopping threads took: 0,0000655 seconds
2017-07-18T19:09:42.308+0200: 4,446: Total time for which application threads were stopped: 0,0001157 seconds, Stopping threads took: 0,0000412 seconds
2017-07-18T19:09:42.309+0200: 4,446: Total time for which application threads were stopped: 0,0001107 seconds, Stopping threads took: 0,0000443 seconds
2017-07-18T19:09:42.316+0200: 4,453: Total time for which application threads were stopped: 0,0001438 seconds, Stopping threads took: 0,0000428 seconds
2017-07-18T19:09:42.331+0200: 4,468: Total time for which application threads were stopped: 0,0002330 seconds, Stopping threads took: 0,0000696 seconds
2017-07-18T19:09:42.351+0200: 4,489: Total time for which application threads were stopped: 0,0001634 seconds, Stopping threads took: 0,0000531 seconds
2017-07-18T19:09:42.361+0200: 4,499: Total time for which application threads were stopped: 0,0001693 seconds, Stopping threads took: 0,0000591 seconds
2017-07-18T19:09:42.374+0200: 4,512: Total time for which application threads were stopped: 0,0031848 seconds, Stopping threads took: 0,0031077 seconds
2017-07-18T19:09:42.391+0200: 4,529: Total time for which application threads were stopped: 0,0004419 seconds, Stopping threads took: 0,0000398 seconds
2017-07-18T19:09:42.397+0200: 4,535: Total time for which application threads were stopped: 0,0002285 seconds, Stopping threads took: 0,0000983 seconds
2017-07-18T19:09:42.423+0200: 4,560: Total time for which application threads were stopped: 0,0068093 seconds, Stopping threads took: 0,0065871 seconds
{Heap before GC invocations=9 (full 1):
 par new generation   total 109248K, used 96963K [0x00000000e0000000, 0x00000000e8000000, 0x00000000e8000000)
  eden space 87424K, 100% used [0x00000000e0000000, 0x00000000e5560000, 0x00000000e5560000)
  from space 21824K,  43% used [0x00000000e6ab0000, 0x00000000e7400ee0, 0x00000000e8000000)
  to   space 21824K,   0% used [0x00000000e5560000, 0x00000000e5560000, 0x00000000e6ab0000)
 concurrent mark-sweep generation total 393216K, used 6052K [0x00000000e8000000, 0x0000000100000000, 0x0000000100000000)
 Metaspace       used 28024K, capacity 28572K, committed 28796K, reserved 1075200K
  class space    used 3215K, capacity 3393K, committed 3452K, reserved 1048576K
2017-07-18T19:09:48.942+0200: 11,080: [GC (Allocation Failure) 2017-07-18T19:09:48.942+0200: 11,080: [ParNew
Desired survivor size 20112992 bytes, new threshold 8 (max 8)
- age   1:   11170568 bytes,   11170568 total
- age   2:     167936 bytes,   11338504 total
- age   3:     187296 bytes,   11525800 total
- age   4:    1809496 bytes,   13335296 total
- age   5:      65608 bytes,   13400904 total
- age   6:      93552 bytes,   13494456 total
- age   7:        848 bytes,   13495304 total
- age   8:     189560 bytes,   13684864 total
: 96963K->14405K(109248K), 0,0406131 secs] 103016K->21277K(502464K), 0,0406816 secs] [Times: user=0,06 sys=0,00, real=0,04 secs] 
Heap after GC invocations=10 (full 1):
 par new generation   total 109248K, used 14405K [0x00000000e0000000, 0x00000000e8000000, 0x00000000e8000000)
  eden space 87424K,   0% used [0x00000000e0000000, 0x00000000e0000000, 0x00000000e5560000)
  from space 21824K,  66% used [0x00000000e5560000, 0x00000000e6371540, 0x00000000e6ab0000)
  to   space 21824K,   0% used [0x00000000e6ab0000, 0x00000000e6ab0000, 0x00000000e8000000)
 concurrent mark-sweep generation total 393216K, used 6872K [0x00000000e8000000, 0x0000000100000000, 0x0000000100000000)
 Metaspace       used 28024K, capacity 28572K, committed 28796K, reserved 1075200K
  class space    used 3215K, capacity 3393K, committed 3452K, reserved 1048576K
}
2017-07-18T19:09:48.983+0200: 11,120: Total time for which application threads were stopped: 0,0408275 seconds, Stopping threads took: 0,0000263 seconds
2017-07-18T19:09:48.985+0200: 11,123: Total time for which application threads were stopped: 0,0000946 seconds, Stopping threads took: 0,0000392 seconds
2017-07-18T19:09:48.985+0200: 11,123: Total time for which application threads were stopped: 0,0000473 seconds, Stopping threads took: 0,0000100 seconds
2017-07-18T19:11:35.000+0200: 117,137: Total time for which application threads were stopped: 0,0001019 seconds, Stopping threads took: 0,0000412 seconds
2017-07-18T19:11:40.000+0200: 122,138: Total time for which application threads were stopped: 0,0000645 seconds, Stopping threads took: 0,0000167 seconds
2017-07-18T19:16:43.548+0200: 425,686: Total time for which application threads were stopped: 0,0000848 seconds, Stopping threads took: 0,0000129 seconds
2017-07-18T19:16:43.554+0200: 425,692: Total time for which application threads were stopped: 0,0000803 seconds, Stopping threads took: 0,0000157 seconds
2017-07-18T19:16:43.556+0200: 425,694: Total time for which application threads were stopped: 0,0000913 seconds, Stopping threads took: 0,0000195 seconds
2017-07-18T19:16:43.559+0200: 425,696: Total time for which application threads were stopped: 0,0000979 seconds, Stopping threads took: 0,0000255 seconds
2017-07-18T19:16:43.562+0200: 425,699: Total time for which application threads were stopped: 0,0002069 seconds, Stopping threads took: 0,0001441 seconds
2017-07-18T19:16:43.562+0200: 425,700: Total time for which application threads were stopped: 0,0005465 seconds, Stopping threads took: 0,0004613 seconds
2017-07-18T19:16:43.564+0200: 425,701: Total time for which application threads were stopped: 0,0000997 seconds, Stopping threads took: 0,0000182 seconds
2017-07-18T19:16:43.566+0200: 425,703: Total time for which application threads were stopped: 0,0001144 seconds, Stopping threads took: 0,0000230 seconds
2017-07-18T19:16:43.566+0200: 425,704: Total time for which application threads were stopped: 0,0001078 seconds, Stopping threads took: 0,0000196 seconds
2017-07-18T19:16:43.567+0200: 425,705: Total time for which application threads were stopped: 0,0000869 seconds, Stopping threads took: 0,0000183 seconds
2017-07-18T19:16:43.568+0200: 425,706: Total time for which application threads were stopped: 0,0000998 seconds, Stopping threads took: 0,0000211 seconds
2017-07-18T19:16:43.569+0200: 425,706: Total time for which application threads were stopped: 0,0000839 seconds, Stopping threads took: 0,0000186 seconds
2017-07-18T19:16:43.569+0200: 425,706: Total time for which application threads were stopped: 0,0000474 seconds, Stopping threads took: 0,0000131 seconds
2017-07-18T19:16:43.569+0200: 425,706: Total time for which application threads were stopped: 0,0000477 seconds, Stopping threads took: 0,0000146 seconds
2017-07-18T19:16:43.569+0200: 425,707: Total time for which application threads were stopped: 0,0000477 seconds, Stopping threads took: 0,0000143 seconds
2017-07-18T19:16:43.569+0200: 425,707: Total time for which application threads were stopped: 0,0000432 seconds, Stopping threads took: 0,0000127 seconds
2017-07-18T19:16:43.569+0200: 425,707: Total time for which application threads were stopped: 0,0000428 seconds, Stopping threads took: 0,0000124 seconds
2017-07-18T19:16:43.573+0200: 425,710: Total time for which application threads were stopped: 0,0001391 seconds, Stopping threads took: 0,0000373 seconds
2017-07-18T19:16:43.582+0200: 425,720: Total time for which application threads were stopped: 0,0001018 seconds, Stopping threads took: 0,0000302 seconds
2017-07-18T19:16:43.595+0200: 425,732: Total time for which application threads were stopped: 0,0047032 seconds, Stopping threads took: 0,0046283 seconds
2017-07-18T19:16:43.595+0200: 425,732: Total time for which application threads were stopped: 0,0000527 seconds, Stopping threads took: 0,0000080 seconds
2017-07-18T19:16:43.595+0200: 425,732: Total time for which application threads were stopped: 0,0000396 seconds, Stopping threads took: 0,0000056 seconds
2017-07-18T19:16:43.595+0200: 425,733: Total time for which application threads were stopped: 0,0000428 seconds, Stopping threads took: 0,0000057 seconds
2017-07-18T19:16:43.595+0200: 425,733: Total time for which application threads were stopped: 0,0000380 seconds, Stopping threads took: 0,0000067 seconds
2017-07-18T19:16:43.595+0200: 425,733: Total time for which application threads were stopped: 0,0000377 seconds, Stopping threads took: 0,0000050 seconds
2017-07-18T19:16:43.595+0200: 425,733: Total time for which application threads were stopped: 0,0000375 seconds, Stopping threads took: 0,0000047 seconds
2017-07-18T19:16:43.595+0200: 425,733: Total time for which application threads were stopped: 0,0000398 seconds, Stopping threads took: 0,0000051 seconds
2017-07-18T19:16:43.595+0200: 425,733: Total time for which application threads were stopped: 0,0000385 seconds, Stopping threads took: 0,0000057 seconds
2017-07-18T19:16:43.595+0200: 425,733: Total time for which application threads were stopped: 0,0000374 seconds, Stopping threads took: 0,0000047 seconds
2017-07-18T19:16:43.599+0200: 425,736: Total time for which application threads were stopped: 0,0001026 seconds, Stopping threads took: 0,0000306 seconds
2017-07-18T19:16:43.599+0200: 425,737: Total time for which application threads were stopped: 0,0000739 seconds, Stopping threads took: 0,0000170 seconds
2017-07-18T19:16:43.599+0200: 425,737: Total time for which application threads were stopped: 0,0000521 seconds, Stopping threads took: 0,0000164 seconds
2017-07-18T19:16:43.599+0200: 425,737: Total time for which application threads were stopped: 0,0000361 seconds, Stopping threads took: 0,0000052 seconds
2017-07-18T19:16:43.599+0200: 425,737: Total time for which application threads were stopped: 0,0000349 seconds, Stopping threads took: 0,0000051 seconds
2017-07-18T19:16:43.604+0200: 425,742: Total time for which application threads were stopped: 0,0037583 seconds, Stopping threads took: 0,0036768 seconds
2017-07-18T19:16:43.604+0200: 425,742: Total time for which application threads were stopped: 0,0000478 seconds, Stopping threads took: 0,0000109 seconds
2017-07-18T19:16:43.605+0200: 425,742: Total time for which application threads were stopped: 0,0000379 seconds, Stopping threads took: 0,0000044 seconds
2017-07-18T19:16:43.605+0200: 425,742: Total time for which application threads were stopped: 0,0000358 seconds, Stopping threads took: 0,0000048 seconds
2017-07-18T19:16:43.605+0200: 425,742: Total time for which application threads were stopped: 0,0000382 seconds, Stopping threads took: 0,0000054 seconds
2017-07-18T19:16:43.605+0200: 425,742: Total time for which application threads were stopped: 0,0000359 seconds, Stopping threads took: 0,0000050 seconds
2017-07-18T19:16:43.605+0200: 425,742: Total time for which application threads were stopped: 0,0000376 seconds, Stopping threads took: 0,0000051 seconds
2017-07-18T19:16:43.605+0200: 425,742: Total time for which application threads were stopped: 0,0000361 seconds, Stopping threads took: 0,0000047 seconds
2017-07-18T19:16:43.605+0200: 425,743: Total time for which application threads were stopped: 0,0000360 seconds, Stopping threads took: 0,0000049 seconds
2017-07-18T19:16:43.606+0200: 425,743: Total time for which application threads were stopped: 0,0001136 seconds, Stopping threads took: 0,0000373 seconds
2017-07-18T19:16:43.609+0200: 425,746: Total time for which application threads were stopped: 0,0001038 seconds, Stopping threads took: 0,0000332 seconds
2017-07-18T19:16:43.616+0200: 425,754: Total time for which application threads were stopped: 0,0001145 seconds, Stopping threads took: 0,0000367 seconds
2017-07-18T19:16:43.618+0200: 425,756: Total time for which application threads were stopped: 0,0012666 seconds, Stopping threads took: 0,0011748 seconds
2017-07-18T19:16:43.619+0200: 425,756: Total time for which application threads were stopped: 0,0000576 seconds, Stopping threads took: 0,0000100 seconds
2017-07-18T19:16:43.619+0200: 425,756: Total time for which application threads were stopped: 0,0000609 seconds, Stopping threads took: 0,0000084 seconds
2017-07-18T19:16:43.619+0200: 425,757: Total time for which application threads were stopped: 0,0000913 seconds, Stopping threads took: 0,0000271 seconds
2017-07-18T19:16:43.619+0200: 425,757: Total time for which application threads were stopped: 0,0000798 seconds, Stopping threads took: 0,0000255 seconds
2017-07-18T19:16:43.620+0200: 425,758: Total time for which application threads were stopped: 0,0001056 seconds, Stopping threads took: 0,0000324 seconds
2017-07-18T19:16:43.622+0200: 425,759: Total time for which application threads were stopped: 0,0001017 seconds, Stopping threads took: 0,0000312 seconds
2017-07-18T19:16:43.622+0200: 425,760: Total time for which application threads were stopped: 0,0000550 seconds, Stopping threads took: 0,0000255 seconds
2017-07-18T19:16:43.622+0200: 425,760: Total time for which application threads were stopped: 0,0000687 seconds, Stopping threads took: 0,0000359 seconds
2017-07-18T19:16:43.622+0200: 425,760: Total time for which application threads were stopped: 0,0000566 seconds, Stopping threads took: 0,0000268 seconds
2017-07-18T19:16:43.623+0200: 425,760: Total time for which application threads were stopped: 0,0000393 seconds, Stopping threads took: 0,0000113 seconds
2017-07-18T19:16:43.623+0200: 425,761: Total time for which application threads were stopped: 0,0000494 seconds, Stopping threads took: 0,0000135 seconds
2017-07-18T19:16:43.623+0200: 425,761: Total time for which application threads were stopped: 0,0000369 seconds, Stopping threads took: 0,0000104 seconds
2017-07-18T19:16:43.624+0200: 425,761: Total time for which application threads were stopped: 0,0001252 seconds, Stopping threads took: 0,0000878 seconds
2017-07-18T19:16:43.624+0200: 425,761: Total time for which application threads were stopped: 0,0000700 seconds, Stopping threads took: 0,0000418 seconds
2017-07-18T19:16:43.624+0200: 425,762: Total time for which application threads were stopped: 0,0000620 seconds, Stopping threads took: 0,0000236 seconds
2017-07-18T19:16:43.624+0200: 425,762: Total time for which application threads were stopped: 0,0000358 seconds, Stopping threads took: 0,0000134 seconds
2017-07-18T19:16:43.626+0200: 425,763: Total time for which application threads were stopped: 0,0000794 seconds, Stopping threads took: 0,0000227 seconds
2017-07-18T19:16:43.626+0200: 425,764: Total time for which application threads were stopped: 0,0000495 seconds, Stopping threads took: 0,0000166 seconds
2017-07-18T19:16:43.626+0200: 425,764: Total time for which application threads were stopped: 0,0003055 seconds, Stopping threads took: 0,0000136 seconds
2017-07-18T19:16:43.627+0200: 425,764: Total time for which application threads were stopped: 0,0000636 seconds, Stopping threads took: 0,0000221 seconds
2017-07-18T19:16:43.627+0200: 425,764: Total time for which application threads were stopped: 0,0000402 seconds, Stopping threads took: 0,0000137 seconds
2017-07-18T19:16:43.627+0200: 425,765: Total time for which application threads were stopped: 0,0000275 seconds, Stopping threads took: 0,0000070 seconds
2017-07-18T19:16:43.628+0200: 425,766: Total time for which application threads were stopped: 0,0001237 seconds, Stopping threads took: 0,0000394 seconds
2017-07-18T19:16:43.630+0200: 425,767: Total time for which application threads were stopped: 0,0001086 seconds, Stopping threads took: 0,0000214 seconds
2017-07-18T19:16:43.630+0200: 425,767: Total time for which application threads were stopped: 0,0000423 seconds, Stopping threads took: 0,0000091 seconds
2017-07-18T19:16:43.630+0200: 425,767: Total time for which application threads were stopped: 0,0000354 seconds, Stopping threads took: 0,0000068 seconds
2017-07-18T19:16:43.631+0200: 425,768: Total time for which application threads were stopped: 0,0000926 seconds, Stopping threads took: 0,0000363 seconds
2017-07-18T19:16:43.631+0200: 425,768: Total time for which application threads were stopped: 0,0000720 seconds, Stopping threads took: 0,0000210 seconds
Heap
 par new generation   total 109248K, used 38668K [0x00000000e0000000, 0x00000000e8000000, 0x00000000e8000000)
  eden space 87424K,  27% used [0x00000000e0000000, 0x00000000e17b1c80, 0x00000000e5560000)
  from space 21824K,  66% used [0x00000000e5560000, 0x00000000e6371540, 0x00000000e6ab0000)
  to   space 21824K,   0% used [0x00000000e6ab0000, 0x00000000e6ab0000, 0x00000000e8000000)
 concurrent mark-sweep generation total 393216K, used 6872K [0x00000000e8000000, 0x0000000100000000, 0x0000000100000000)
 Metaspace       used 28146K, capacity 28740K, committed 29052K, reserved 1075200K
  class space    used 3229K, capacity 3427K, committed 3452K, reserved 1048576K
