OpenJDK 64-Bit Server VM (25.131-b11) for linux-amd64 JRE (1.8.0_131-8u131-b11-0ubuntu1.16.04.2-b11), built on May  6 2017 02:45:27 by "buildd" with gcc 5.4.0 20160609
Memory: 4k page, physical 7867740k(7348552k free), swap 8076284k(8076284k free)
CommandLine flags: -XX:CMSInitiatingOccupancyFraction=50 -XX:CMSMaxAbortablePrecleanTime=6000 -XX:+CMSParallelRemarkEnabled -XX:+CMSScavengeBeforeRemark -XX:ConcGCThreads=4 -XX:InitialHeapSize=536870912 -XX:MaxHeapSize=536870912 -XX:MaxTenuringThreshold=8 -XX:NewRatio=3 -XX:OldPLABSize=16 -XX:OnOutOfMemoryError=/opt/solr/bin/oom_solr.sh 8983 /var/solr/logs -XX:ParallelGCThreads=4 -XX:+ParallelRefProcEnabled -XX:PretenureSizeThreshold=67108864 -XX:+PrintGC -XX:+PrintGCApplicationStoppedTime -XX:+PrintGCDateStamps -XX:+PrintGCDetails -XX:+PrintGCTimeStamps -XX:+PrintHeapAtGC -XX:+PrintTenuringDistribution -XX:SurvivorRatio=4 -XX:TargetSurvivorRatio=90 -XX:ThreadStackSize=256 -XX:+UseCMSInitiatingOccupancyOnly -XX:+UseCompressedClassPointers -XX:+UseCompressedOops -XX:+UseConcMarkSweepGC -XX:+UseParNewGC 
2017-07-20T09:02:46.382+0200: 0,217: Total time for which application threads were stopped: 0,0000663 seconds, Stopping threads took: 0,0000094 seconds
2017-07-20T09:02:46.505+0200: 0,340: Total time for which application threads were stopped: 0,0001144 seconds, Stopping threads took: 0,0000276 seconds
2017-07-20T09:02:46.518+0200: 0,353: Total time for which application threads were stopped: 0,0000945 seconds, Stopping threads took: 0,0000228 seconds
2017-07-20T09:02:47.431+0200: 1,266: Total time for which application threads were stopped: 0,0001980 seconds, Stopping threads took: 0,0000228 seconds
2017-07-20T09:02:47.578+0200: 1,412: Total time for which application threads were stopped: 0,0001449 seconds, Stopping threads took: 0,0000206 seconds
2017-07-20T09:02:47.613+0200: 1,448: Total time for which application threads were stopped: 0,0001434 seconds, Stopping threads took: 0,0000171 seconds
2017-07-20T09:02:47.988+0200: 1,823: Total time for which application threads were stopped: 0,0001735 seconds, Stopping threads took: 0,0000135 seconds
2017-07-20T09:02:48.286+0200: 2,121: Total time for which application threads were stopped: 0,0002059 seconds, Stopping threads took: 0,0000131 seconds
2017-07-20T09:02:48.313+0200: 2,148: Total time for which application threads were stopped: 0,0001776 seconds, Stopping threads took: 0,0000154 seconds
2017-07-20T09:02:48.345+0200: 2,180: Total time for which application threads were stopped: 0,0002422 seconds, Stopping threads took: 0,0000333 seconds
2017-07-20T09:02:48.346+0200: 2,181: Total time for which application threads were stopped: 0,0002469 seconds, Stopping threads took: 0,0000537 seconds
2017-07-20T09:02:48.365+0200: 2,199: Total time for which application threads were stopped: 0,0002289 seconds, Stopping threads took: 0,0000263 seconds
2017-07-20T09:02:48.451+0200: 2,286: Total time for which application threads were stopped: 0,0002432 seconds, Stopping threads took: 0,0000222 seconds
2017-07-20T09:02:48.657+0200: 2,492: Total time for which application threads were stopped: 0,0004786 seconds, Stopping threads took: 0,0001866 seconds
{Heap before GC invocations=0 (full 0):
 par new generation   total 109248K, used 87424K [0x00000000e0000000, 0x00000000e8000000, 0x00000000e8000000)
  eden space 87424K, 100% used [0x00000000e0000000, 0x00000000e5560000, 0x00000000e5560000)
  from space 21824K,   0% used [0x00000000e5560000, 0x00000000e5560000, 0x00000000e6ab0000)
  to   space 21824K,   0% used [0x00000000e6ab0000, 0x00000000e6ab0000, 0x00000000e8000000)
 concurrent mark-sweep generation total 393216K, used 0K [0x00000000e8000000, 0x0000000100000000, 0x0000000100000000)
 Metaspace       used 18200K, capacity 18528K, committed 18688K, reserved 1064960K
  class space    used 2057K, capacity 2196K, committed 2304K, reserved 1048576K
2017-07-20T09:02:48.791+0200: 2,625: [GC (Allocation Failure) 2017-07-20T09:02:48.791+0200: 2,626: [ParNew
Desired survivor size 20112992 bytes, new threshold 8 (max 8)
- age   1:   12803464 bytes,   12803464 total
: 87424K->12626K(109248K), 0,0219461 secs] 87424K->12626K(502464K), 0,0220353 secs] [Times: user=0,06 sys=0,00, real=0,02 secs] 
Heap after GC invocations=1 (full 0):
 par new generation   total 109248K, used 12626K [0x00000000e0000000, 0x00000000e8000000, 0x00000000e8000000)
  eden space 87424K,   0% used [0x00000000e0000000, 0x00000000e0000000, 0x00000000e5560000)
  from space 21824K,  57% used [0x00000000e6ab0000, 0x00000000e7704828, 0x00000000e8000000)
  to   space 21824K,   0% used [0x00000000e5560000, 0x00000000e5560000, 0x00000000e6ab0000)
 concurrent mark-sweep generation total 393216K, used 0K [0x00000000e8000000, 0x0000000100000000, 0x0000000100000000)
 Metaspace       used 18200K, capacity 18528K, committed 18688K, reserved 1064960K
  class space    used 2057K, capacity 2196K, committed 2304K, reserved 1048576K
}
2017-07-20T09:02:48.813+0200: 2,648: Total time for which application threads were stopped: 0,0222528 seconds, Stopping threads took: 0,0000219 seconds
2017-07-20T09:02:49.184+0200: 3,018: Total time for which application threads were stopped: 0,0003861 seconds, Stopping threads took: 0,0000641 seconds
2017-07-20T09:02:49.240+0200: 3,075: Total time for which application threads were stopped: 0,0005531 seconds, Stopping threads took: 0,0002040 seconds
{Heap before GC invocations=1 (full 0):
 par new generation   total 109248K, used 100050K [0x00000000e0000000, 0x00000000e8000000, 0x00000000e8000000)
  eden space 87424K, 100% used [0x00000000e0000000, 0x00000000e5560000, 0x00000000e5560000)
  from space 21824K,  57% used [0x00000000e6ab0000, 0x00000000e7704828, 0x00000000e8000000)
  to   space 21824K,   0% used [0x00000000e5560000, 0x00000000e5560000, 0x00000000e6ab0000)
 concurrent mark-sweep generation total 393216K, used 0K [0x00000000e8000000, 0x0000000100000000, 0x0000000100000000)
 Metaspace       used 20041K, capacity 20346K, committed 20736K, reserved 1067008K
  class space    used 2293K, capacity 2463K, committed 2560K, reserved 1048576K
2017-07-20T09:02:49.243+0200: 3,078: [GC (Allocation Failure) 2017-07-20T09:02:49.243+0200: 3,078: [ParNew
Desired survivor size 20112992 bytes, new threshold 8 (max 8)
- age   1:    3321472 bytes,    3321472 total
- age   2:    6701824 bytes,   10023296 total
: 100050K->13925K(109248K), 0,0203730 secs] 100050K->13925K(502464K), 0,0204471 secs] [Times: user=0,05 sys=0,00, real=0,02 secs] 
Heap after GC invocations=2 (full 0):
 par new generation   total 109248K, used 13925K [0x00000000e0000000, 0x00000000e8000000, 0x00000000e8000000)
  eden space 87424K,   0% used [0x00000000e0000000, 0x00000000e0000000, 0x00000000e5560000)
  from space 21824K,  63% used [0x00000000e5560000, 0x00000000e62f95a0, 0x00000000e6ab0000)
  to   space 21824K,   0% used [0x00000000e6ab0000, 0x00000000e6ab0000, 0x00000000e8000000)
 concurrent mark-sweep generation total 393216K, used 0K [0x00000000e8000000, 0x0000000100000000, 0x0000000100000000)
 Metaspace       used 20041K, capacity 20346K, committed 20736K, reserved 1067008K
  class space    used 2293K, capacity 2463K, committed 2560K, reserved 1048576K
}
2017-07-20T09:02:49.264+0200: 3,099: Total time for which application threads were stopped: 0,0206655 seconds, Stopping threads took: 0,0000506 seconds
2017-07-20T09:02:49.291+0200: 3,126: Total time for which application threads were stopped: 0,0003591 seconds, Stopping threads took: 0,0000441 seconds
2017-07-20T09:02:49.467+0200: 3,302: Total time for which application threads were stopped: 0,0001866 seconds, Stopping threads took: 0,0000599 seconds
{Heap before GC invocations=2 (full 0):
 par new generation   total 109248K, used 101349K [0x00000000e0000000, 0x00000000e8000000, 0x00000000e8000000)
  eden space 87424K, 100% used [0x00000000e0000000, 0x00000000e5560000, 0x00000000e5560000)
  from space 21824K,  63% used [0x00000000e5560000, 0x00000000e62f95a0, 0x00000000e6ab0000)
  to   space 21824K,   0% used [0x00000000e6ab0000, 0x00000000e6ab0000, 0x00000000e8000000)
 concurrent mark-sweep generation total 393216K, used 0K [0x00000000e8000000, 0x0000000100000000, 0x0000000100000000)
 Metaspace       used 20965K, capacity 21338K, committed 21552K, reserved 1069056K
  class space    used 2422K, capacity 2583K, committed 2608K, reserved 1048576K
2017-07-20T09:02:49.498+0200: 3,332: [GC (Allocation Failure) 2017-07-20T09:02:49.498+0200: 3,332: [ParNew
Desired survivor size 20112992 bytes, new threshold 8 (max 8)
- age   1:    2158352 bytes,    2158352 total
- age   2:     827032 bytes,    2985384 total
- age   3:    6689296 bytes,    9674680 total
: 101349K->12734K(109248K), 0,0143692 secs] 101349K->12734K(502464K), 0,0144442 secs] [Times: user=0,04 sys=0,00, real=0,01 secs] 
Heap after GC invocations=3 (full 0):
 par new generation   total 109248K, used 12734K [0x00000000e0000000, 0x00000000e8000000, 0x00000000e8000000)
  eden space 87424K,   0% used [0x00000000e0000000, 0x00000000e0000000, 0x00000000e5560000)
  from space 21824K,  58% used [0x00000000e6ab0000, 0x00000000e771fbb8, 0x00000000e8000000)
  to   space 21824K,   0% used [0x00000000e5560000, 0x00000000e5560000, 0x00000000e6ab0000)
 concurrent mark-sweep generation total 393216K, used 0K [0x00000000e8000000, 0x0000000100000000, 0x0000000100000000)
 Metaspace       used 20965K, capacity 21338K, committed 21552K, reserved 1069056K
  class space    used 2422K, capacity 2583K, committed 2608K, reserved 1048576K
}
2017-07-20T09:02:49.512+0200: 3,347: Total time for which application threads were stopped: 0,0157220 seconds, Stopping threads took: 0,0011528 seconds
2017-07-20T09:02:49.514+0200: 3,348: [GC (CMS Initial Mark) [1 CMS-initial-mark: 0K(393216K)] 12766K(502464K), 0,0056054 secs] [Times: user=0,01 sys=0,00, real=0,00 secs] 
2017-07-20T09:02:49.519+0200: 3,354: Total time for which application threads were stopped: 0,0057840 seconds, Stopping threads took: 0,0000726 seconds
2017-07-20T09:02:49.519+0200: 3,354: [CMS-concurrent-mark-start]
2017-07-20T09:02:49.520+0200: 3,355: [CMS-concurrent-mark: 0,000/0,000 secs] [Times: user=0,00 sys=0,00, real=0,00 secs] 
2017-07-20T09:02:49.520+0200: 3,355: [CMS-concurrent-preclean-start]
2017-07-20T09:02:49.521+0200: 3,356: [CMS-concurrent-preclean: 0,001/0,001 secs] [Times: user=0,01 sys=0,00, real=0,00 secs] 
2017-07-20T09:02:49.521+0200: 3,356: [CMS-concurrent-abortable-preclean-start]
{Heap before GC invocations=3 (full 1):
 par new generation   total 109248K, used 100158K [0x00000000e0000000, 0x00000000e8000000, 0x00000000e8000000)
  eden space 87424K, 100% used [0x00000000e0000000, 0x00000000e5560000, 0x00000000e5560000)
  from space 21824K,  58% used [0x00000000e6ab0000, 0x00000000e771fbb8, 0x00000000e8000000)
  to   space 21824K,   0% used [0x00000000e5560000, 0x00000000e5560000, 0x00000000e6ab0000)
 concurrent mark-sweep generation total 393216K, used 0K [0x00000000e8000000, 0x0000000100000000, 0x0000000100000000)
 Metaspace       used 21209K, capacity 21550K, committed 21628K, reserved 1069056K
  class space    used 2445K, capacity 2598K, committed 2608K, reserved 1048576K
2017-07-20T09:02:49.648+0200: 3,483: [GC (Allocation Failure) 2017-07-20T09:02:49.648+0200: 3,483: [ParNew
Desired survivor size 20112992 bytes, new threshold 8 (max 8)
- age   1:     947728 bytes,     947728 total
- age   2:    1454968 bytes,    2402696 total
- age   3:     824840 bytes,    3227536 total
- age   4:    6689224 bytes,    9916760 total
: 100158K->12394K(109248K), 0,0187819 secs] 100158K->12394K(502464K), 0,0188431 secs] [Times: user=0,05 sys=0,00, real=0,02 secs] 
Heap after GC invocations=4 (full 1):
 par new generation   total 109248K, used 12394K [0x00000000e0000000, 0x00000000e8000000, 0x00000000e8000000)
  eden space 87424K,   0% used [0x00000000e0000000, 0x00000000e0000000, 0x00000000e5560000)
  from space 21824K,  56% used [0x00000000e5560000, 0x00000000e617ab60, 0x00000000e6ab0000)
  to   space 21824K,   0% used [0x00000000e6ab0000, 0x00000000e6ab0000, 0x00000000e8000000)
 concurrent mark-sweep generation total 393216K, used 0K [0x00000000e8000000, 0x0000000100000000, 0x0000000100000000)
 Metaspace       used 21209K, capacity 21550K, committed 21628K, reserved 1069056K
  class space    used 2445K, capacity 2598K, committed 2608K, reserved 1048576K
}
2017-07-20T09:02:49.667+0200: 3,502: Total time for which application threads were stopped: 0,0212711 seconds, Stopping threads took: 0,0022924 seconds
2017-07-20T09:02:49.668+0200: 3,502: [CMS-concurrent-abortable-preclean: 0,098/0,147 secs] [Times: user=0,51 sys=0,00, real=0,15 secs] 
2017-07-20T09:02:49.677+0200: 3,512: [GC (CMS Final Remark) [YG occupancy: 19096 K (109248 K)]{Heap before GC invocations=4 (full 1):
 par new generation   total 109248K, used 19096K [0x00000000e0000000, 0x00000000e8000000, 0x00000000e8000000)
  eden space 87424K,   7% used [0x00000000e0000000, 0x00000000e068b6a0, 0x00000000e5560000)
  from space 21824K,  56% used [0x00000000e5560000, 0x00000000e617ab60, 0x00000000e6ab0000)
  to   space 21824K,   0% used [0x00000000e6ab0000, 0x00000000e6ab0000, 0x00000000e8000000)
 concurrent mark-sweep generation total 393216K, used 0K [0x00000000e8000000, 0x0000000100000000, 0x0000000100000000)
 Metaspace       used 21216K, capacity 21550K, committed 21628K, reserved 1069056K
  class space    used 2445K, capacity 2598K, committed 2608K, reserved 1048576K
2017-07-20T09:02:49.678+0200: 3,512: [GC (CMS Final Remark) 2017-07-20T09:02:49.678+0200: 3,512: [ParNew
Desired survivor size 20112992 bytes, new threshold 8 (max 8)
- age   1:     545896 bytes,     545896 total
- age   2:     181416 bytes,     727312 total
- age   3:    1454760 bytes,    2182072 total
- age   4:     824824 bytes,    3006896 total
- age   5:    6689224 bytes,    9696120 total
: 19096K->12754K(109248K), 0,0167300 secs] 19096K->12754K(502464K), 0,0167812 secs] [Times: user=0,05 sys=0,00, real=0,02 secs] 
Heap after GC invocations=5 (full 1):
 par new generation   total 109248K, used 12754K [0x00000000e0000000, 0x00000000e8000000, 0x00000000e8000000)
  eden space 87424K,   0% used [0x00000000e0000000, 0x00000000e0000000, 0x00000000e5560000)
  from space 21824K,  58% used [0x00000000e6ab0000, 0x00000000e7724850, 0x00000000e8000000)
  to   space 21824K,   0% used [0x00000000e5560000, 0x00000000e5560000, 0x00000000e6ab0000)
 concurrent mark-sweep generation total 393216K, used 0K [0x00000000e8000000, 0x0000000100000000, 0x0000000100000000)
 Metaspace       used 21216K, capacity 21550K, committed 21628K, reserved 1069056K
  class space    used 2445K, capacity 2598K, committed 2608K, reserved 1048576K
}
2017-07-20T09:02:49.694+0200: 3,529: [Rescan (parallel) , 0,0075624 secs]2017-07-20T09:02:49.702+0200: 3,537: [weak refs processing, 0,0012437 secs]2017-07-20T09:02:49.703+0200: 3,538: [class unloading, 0,0037951 secs]2017-07-20T09:02:49.707+0200: 3,542: [scrub symbol table, 0,0046751 secs]2017-07-20T09:02:49.712+0200: 3,547: [scrub string table, 0,0004807 secs][1 CMS-remark: 0K(393216K)] 12754K(502464K), 0,0354614 secs] [Times: user=0,08 sys=0,00, real=0,03 secs] 
2017-07-20T09:02:49.713+0200: 3,548: Total time for which application threads were stopped: 0,0376937 seconds, Stopping threads took: 0,0021269 seconds
2017-07-20T09:02:49.713+0200: 3,548: [CMS-concurrent-sweep-start]
2017-07-20T09:02:49.713+0200: 3,548: [CMS-concurrent-sweep: 0,000/0,000 secs] [Times: user=0,00 sys=0,00, real=0,00 secs] 
2017-07-20T09:02:49.713+0200: 3,548: [CMS-concurrent-reset-start]
2017-07-20T09:02:49.715+0200: 3,550: [CMS-concurrent-reset: 0,002/0,002 secs] [Times: user=0,00 sys=0,01, real=0,01 secs] 
{Heap before GC invocations=5 (full 1):
 par new generation   total 109248K, used 100178K [0x00000000e0000000, 0x00000000e8000000, 0x00000000e8000000)
  eden space 87424K, 100% used [0x00000000e0000000, 0x00000000e5560000, 0x00000000e5560000)
  from space 21824K,  58% used [0x00000000e6ab0000, 0x00000000e7724850, 0x00000000e8000000)
  to   space 21824K,   0% used [0x00000000e5560000, 0x00000000e5560000, 0x00000000e6ab0000)
 concurrent mark-sweep generation total 393216K, used 0K [0x00000000e8000000, 0x0000000100000000, 0x0000000100000000)
 Metaspace       used 21421K, capacity 21786K, committed 22012K, reserved 1069056K
  class space    used 2472K, capacity 2632K, committed 2736K, reserved 1048576K
2017-07-20T09:02:49.834+0200: 3,669: [GC (Allocation Failure) 2017-07-20T09:02:49.834+0200: 3,669: [ParNew
Desired survivor size 20112992 bytes, new threshold 8 (max 8)
- age   1:     810864 bytes,     810864 total
- age   2:       5360 bytes,     816224 total
- age   3:     179504 bytes,     995728 total
- age   4:    1453344 bytes,    2449072 total
- age   5:     820856 bytes,    3269928 total
- age   6:    6689376 bytes,    9959304 total
: 100178K->12772K(109248K), 0,0187896 secs] 100178K->12772K(502464K), 0,0188740 secs] [Times: user=0,05 sys=0,00, real=0,01 secs] 
Heap after GC invocations=6 (full 1):
 par new generation   total 109248K, used 12772K [0x00000000e0000000, 0x00000000e8000000, 0x00000000e8000000)
  eden space 87424K,   0% used [0x00000000e0000000, 0x00000000e0000000, 0x00000000e5560000)
  from space 21824K,  58% used [0x00000000e5560000, 0x00000000e61d9080, 0x00000000e6ab0000)
  to   space 21824K,   0% used [0x00000000e6ab0000, 0x00000000e6ab0000, 0x00000000e8000000)
 concurrent mark-sweep generation total 393216K, used 0K [0x00000000e8000000, 0x0000000100000000, 0x0000000100000000)
 Metaspace       used 21421K, capacity 21786K, committed 22012K, reserved 1069056K
  class space    used 2472K, capacity 2632K, committed 2736K, reserved 1048576K
}
2017-07-20T09:02:49.853+0200: 3,688: Total time for which application threads were stopped: 0,0191105 seconds, Stopping threads took: 0,0000838 seconds
2017-07-20T09:02:49.881+0200: 3,716: Total time for which application threads were stopped: 0,0003900 seconds, Stopping threads took: 0,0000373 seconds
2017-07-20T09:02:50.239+0200: 4,074: Total time for which application threads were stopped: 0,0032598 seconds, Stopping threads took: 0,0028766 seconds
2017-07-20T09:02:50.319+0200: 4,154: Total time for which application threads were stopped: 0,0012559 seconds, Stopping threads took: 0,0011344 seconds
2017-07-20T09:02:50.354+0200: 4,189: Total time for which application threads were stopped: 0,0006855 seconds, Stopping threads took: 0,0005911 seconds
2017-07-20T09:02:50.362+0200: 4,197: Total time for which application threads were stopped: 0,0047348 seconds, Stopping threads took: 0,0046468 seconds
2017-07-20T09:02:50.363+0200: 4,197: Total time for which application threads were stopped: 0,0000760 seconds, Stopping threads took: 0,0000353 seconds
2017-07-20T09:02:50.363+0200: 4,198: Total time for which application threads were stopped: 0,0000573 seconds, Stopping threads took: 0,0000180 seconds
2017-07-20T09:02:50.363+0200: 4,198: Total time for which application threads were stopped: 0,0000482 seconds, Stopping threads took: 0,0000118 seconds
2017-07-20T09:02:50.363+0200: 4,198: Total time for which application threads were stopped: 0,0000354 seconds, Stopping threads took: 0,0000042 seconds
2017-07-20T09:02:50.363+0200: 4,198: Total time for which application threads were stopped: 0,0000405 seconds, Stopping threads took: 0,0000057 seconds
2017-07-20T09:02:50.363+0200: 4,198: Total time for which application threads were stopped: 0,0000682 seconds, Stopping threads took: 0,0000202 seconds
2017-07-20T09:02:50.363+0200: 4,198: Total time for which application threads were stopped: 0,0000361 seconds, Stopping threads took: 0,0000069 seconds
2017-07-20T09:02:50.363+0200: 4,198: Total time for which application threads were stopped: 0,0000335 seconds, Stopping threads took: 0,0000059 seconds
2017-07-20T09:02:50.364+0200: 4,198: Total time for which application threads were stopped: 0,0000789 seconds, Stopping threads took: 0,0000229 seconds
2017-07-20T09:02:50.364+0200: 4,199: Total time for which application threads were stopped: 0,0000445 seconds, Stopping threads took: 0,0000088 seconds
2017-07-20T09:02:50.364+0200: 4,199: Total time for which application threads were stopped: 0,0000381 seconds, Stopping threads took: 0,0000088 seconds
2017-07-20T09:02:50.364+0200: 4,199: Total time for which application threads were stopped: 0,0000654 seconds, Stopping threads took: 0,0000095 seconds
2017-07-20T09:02:50.364+0200: 4,199: Total time for which application threads were stopped: 0,0000535 seconds, Stopping threads took: 0,0000072 seconds
2017-07-20T09:02:50.364+0200: 4,199: Total time for which application threads were stopped: 0,0000510 seconds, Stopping threads took: 0,0000068 seconds
2017-07-20T09:02:50.365+0200: 4,199: Total time for which application threads were stopped: 0,0000662 seconds, Stopping threads took: 0,0000113 seconds
2017-07-20T09:02:50.365+0200: 4,200: Total time for which application threads were stopped: 0,0000560 seconds, Stopping threads took: 0,0000070 seconds
2017-07-20T09:02:50.365+0200: 4,200: Total time for which application threads were stopped: 0,0000574 seconds, Stopping threads took: 0,0000079 seconds
2017-07-20T09:02:50.365+0200: 4,200: Total time for which application threads were stopped: 0,0000538 seconds, Stopping threads took: 0,0000073 seconds
2017-07-20T09:02:50.365+0200: 4,200: Total time for which application threads were stopped: 0,0001225 seconds, Stopping threads took: 0,0000081 seconds
2017-07-20T09:02:50.375+0200: 4,210: Total time for which application threads were stopped: 0,0009194 seconds, Stopping threads took: 0,0008181 seconds
2017-07-20T09:02:50.375+0200: 4,210: Total time for which application threads were stopped: 0,0001272 seconds, Stopping threads took: 0,0000585 seconds
2017-07-20T09:02:50.375+0200: 4,210: Total time for which application threads were stopped: 0,0000549 seconds, Stopping threads took: 0,0000094 seconds
2017-07-20T09:02:50.375+0200: 4,210: Total time for which application threads were stopped: 0,0000656 seconds, Stopping threads took: 0,0000098 seconds
2017-07-20T09:02:50.375+0200: 4,210: Total time for which application threads were stopped: 0,0000426 seconds, Stopping threads took: 0,0000061 seconds
2017-07-20T09:02:50.375+0200: 4,210: Total time for which application threads were stopped: 0,0000524 seconds, Stopping threads took: 0,0000088 seconds
2017-07-20T09:02:50.376+0200: 4,210: Total time for which application threads were stopped: 0,0000419 seconds, Stopping threads took: 0,0000085 seconds
2017-07-20T09:02:50.378+0200: 4,212: Total time for which application threads were stopped: 0,0001451 seconds, Stopping threads took: 0,0000339 seconds
2017-07-20T09:02:50.378+0200: 4,213: Total time for which application threads were stopped: 0,0001078 seconds, Stopping threads took: 0,0000260 seconds
2017-07-20T09:02:50.378+0200: 4,213: Total time for which application threads were stopped: 0,0000643 seconds, Stopping threads took: 0,0000099 seconds
2017-07-20T09:02:50.378+0200: 4,213: Total time for which application threads were stopped: 0,0001536 seconds, Stopping threads took: 0,0000849 seconds
2017-07-20T09:02:50.378+0200: 4,213: Total time for which application threads were stopped: 0,0000783 seconds, Stopping threads took: 0,0000284 seconds
2017-07-20T09:02:50.379+0200: 4,214: Total time for which application threads were stopped: 0,0000542 seconds, Stopping threads took: 0,0000068 seconds
2017-07-20T09:02:50.379+0200: 4,214: Total time for which application threads were stopped: 0,0000724 seconds, Stopping threads took: 0,0000192 seconds
2017-07-20T09:02:50.379+0200: 4,214: Total time for which application threads were stopped: 0,0004585 seconds, Stopping threads took: 0,0003996 seconds
2017-07-20T09:02:50.391+0200: 4,226: Total time for which application threads were stopped: 0,0021472 seconds, Stopping threads took: 0,0019934 seconds
2017-07-20T09:02:50.391+0200: 4,226: Total time for which application threads were stopped: 0,0000780 seconds, Stopping threads took: 0,0000125 seconds
2017-07-20T09:02:50.391+0200: 4,226: Total time for which application threads were stopped: 0,0000570 seconds, Stopping threads took: 0,0000091 seconds
2017-07-20T09:02:50.396+0200: 4,231: Total time for which application threads were stopped: 0,0001593 seconds, Stopping threads took: 0,0000613 seconds
2017-07-20T09:02:50.402+0200: 4,236: Total time for which application threads were stopped: 0,0042820 seconds, Stopping threads took: 0,0041953 seconds
2017-07-20T09:02:50.403+0200: 4,238: Total time for which application threads were stopped: 0,0005010 seconds, Stopping threads took: 0,0000197 seconds
2017-07-20T09:02:50.405+0200: 4,239: Total time for which application threads were stopped: 0,0001348 seconds, Stopping threads took: 0,0000550 seconds
2017-07-20T09:02:50.408+0200: 4,243: Total time for which application threads were stopped: 0,0003129 seconds, Stopping threads took: 0,0001982 seconds
2017-07-20T09:02:50.408+0200: 4,243: Total time for which application threads were stopped: 0,0000847 seconds, Stopping threads took: 0,0000147 seconds
2017-07-20T09:02:50.409+0200: 4,244: Total time for which application threads were stopped: 0,0001890 seconds, Stopping threads took: 0,0000150 seconds
2017-07-20T09:02:50.422+0200: 4,257: Total time for which application threads were stopped: 0,0025503 seconds, Stopping threads took: 0,0024418 seconds
2017-07-20T09:02:50.423+0200: 4,257: Total time for which application threads were stopped: 0,0000900 seconds, Stopping threads took: 0,0000253 seconds
2017-07-20T09:02:50.431+0200: 4,266: Total time for which application threads were stopped: 0,0004744 seconds, Stopping threads took: 0,0000326 seconds
2017-07-20T09:02:50.466+0200: 4,300: Total time for which application threads were stopped: 0,0002495 seconds, Stopping threads took: 0,0001286 seconds
2017-07-20T09:02:50.466+0200: 4,301: Total time for which application threads were stopped: 0,0000652 seconds, Stopping threads took: 0,0000115 seconds
2017-07-20T09:02:50.478+0200: 4,313: Total time for which application threads were stopped: 0,0002336 seconds, Stopping threads took: 0,0001200 seconds
2017-07-20T09:02:50.480+0200: 4,315: Total time for which application threads were stopped: 0,0006956 seconds, Stopping threads took: 0,0005909 seconds
2017-07-20T09:02:50.500+0200: 4,335: Total time for which application threads were stopped: 0,0030108 seconds, Stopping threads took: 0,0029053 seconds
2017-07-20T09:02:50.519+0200: 4,354: Total time for which application threads were stopped: 0,0001095 seconds, Stopping threads took: 0,0000333 seconds
2017-07-20T09:02:50.521+0200: 4,356: Total time for which application threads were stopped: 0,0002778 seconds, Stopping threads took: 0,0001860 seconds
2017-07-20T09:02:50.535+0200: 4,370: Total time for which application threads were stopped: 0,0027308 seconds, Stopping threads took: 0,0019263 seconds
2017-07-20T09:02:50.551+0200: 4,386: Total time for which application threads were stopped: 0,0156282 seconds, Stopping threads took: 0,0155429 seconds
2017-07-20T09:02:50.573+0200: 4,407: Total time for which application threads were stopped: 0,0069592 seconds, Stopping threads took: 0,0067998 seconds
2017-07-20T09:02:50.635+0200: 4,469: Total time for which application threads were stopped: 0,0003763 seconds, Stopping threads took: 0,0002194 seconds
2017-07-20T09:02:50.637+0200: 4,472: Total time for which application threads were stopped: 0,0001596 seconds, Stopping threads took: 0,0000437 seconds
2017-07-20T09:02:50.661+0200: 4,496: Total time for which application threads were stopped: 0,0023842 seconds, Stopping threads took: 0,0022741 seconds
2017-07-20T09:02:50.681+0200: 4,516: Total time for which application threads were stopped: 0,0013201 seconds, Stopping threads took: 0,0011921 seconds
2017-07-20T09:02:50.690+0200: 4,524: Total time for which application threads were stopped: 0,0008461 seconds, Stopping threads took: 0,0007258 seconds
2017-07-20T09:02:50.709+0200: 4,544: Total time for which application threads were stopped: 0,0076630 seconds, Stopping threads took: 0,0059727 seconds
2017-07-20T09:02:50.730+0200: 4,564: Total time for which application threads were stopped: 0,0094254 seconds, Stopping threads took: 0,0093386 seconds
2017-07-20T09:02:50.730+0200: 4,565: Total time for which application threads were stopped: 0,0000852 seconds, Stopping threads took: 0,0000173 seconds
2017-07-20T09:02:50.757+0200: 4,592: Total time for which application threads were stopped: 0,0052377 seconds, Stopping threads took: 0,0051077 seconds
2017-07-20T09:02:50.794+0200: 4,629: Total time for which application threads were stopped: 0,0161912 seconds, Stopping threads took: 0,0160463 seconds
2017-07-20T09:02:50.801+0200: 4,636: Total time for which application threads were stopped: 0,0009891 seconds, Stopping threads took: 0,0000680 seconds
{Heap before GC invocations=6 (full 1):
 par new generation   total 109248K, used 100196K [0x00000000e0000000, 0x00000000e8000000, 0x00000000e8000000)
  eden space 87424K, 100% used [0x00000000e0000000, 0x00000000e5560000, 0x00000000e5560000)
  from space 21824K,  58% used [0x00000000e5560000, 0x00000000e61d9080, 0x00000000e6ab0000)
  to   space 21824K,   0% used [0x00000000e6ab0000, 0x00000000e6ab0000, 0x00000000e8000000)
 concurrent mark-sweep generation total 393216K, used 0K [0x00000000e8000000, 0x0000000100000000, 0x0000000100000000)
 Metaspace       used 23744K, capacity 24216K, committed 24496K, reserved 1071104K
  class space    used 2791K, capacity 2973K, committed 2992K, reserved 1048576K
2017-07-20T09:02:50.962+0200: 4,796: [GC (Allocation Failure) 2017-07-20T09:02:50.962+0200: 4,796: [ParNew
Desired survivor size 20112992 bytes, new threshold 8 (max 8)
- age   1:    5127672 bytes,    5127672 total
- age   2:     168984 bytes,    5296656 total
- age   3:       5328 bytes,    5301984 total
- age   4:     178784 bytes,    5480768 total
- age   5:     284448 bytes,    5765216 total
- age   6:     796616 bytes,    6561832 total
- age   7:    6680688 bytes,   13242520 total
: 100196K->16465K(109248K), 0,1924108 secs] 100196K->16465K(502464K), 0,1924810 secs] [Times: user=0,14 sys=0,00, real=0,19 secs] 
Heap after GC invocations=7 (full 1):
 par new generation   total 109248K, used 16465K [0x00000000e0000000, 0x00000000e8000000, 0x00000000e8000000)
  eden space 87424K,   0% used [0x00000000e0000000, 0x00000000e0000000, 0x00000000e5560000)
  from space 21824K,  75% used [0x00000000e6ab0000, 0x00000000e7ac44d8, 0x00000000e8000000)
  to   space 21824K,   0% used [0x00000000e5560000, 0x00000000e5560000, 0x00000000e6ab0000)
 concurrent mark-sweep generation total 393216K, used 0K [0x00000000e8000000, 0x0000000100000000, 0x0000000100000000)
 Metaspace       used 23744K, capacity 24216K, committed 24496K, reserved 1071104K
  class space    used 2791K, capacity 2973K, committed 2992K, reserved 1048576K
}
2017-07-20T09:02:51.154+0200: 4,989: Total time for which application threads were stopped: 0,1950814 seconds, Stopping threads took: 0,0023899 seconds
2017-07-20T09:02:51.198+0200: 5,033: Total time for which application threads were stopped: 0,0139179 seconds, Stopping threads took: 0,0138178 seconds
2017-07-20T09:02:51.205+0200: 5,040: Total time for which application threads were stopped: 0,0002254 seconds, Stopping threads took: 0,0000716 seconds
{Heap before GC invocations=7 (full 1):
 par new generation   total 109248K, used 103889K [0x00000000e0000000, 0x00000000e8000000, 0x00000000e8000000)
  eden space 87424K, 100% used [0x00000000e0000000, 0x00000000e5560000, 0x00000000e5560000)
  from space 21824K,  75% used [0x00000000e6ab0000, 0x00000000e7ac44d8, 0x00000000e8000000)
  to   space 21824K,   0% used [0x00000000e5560000, 0x00000000e5560000, 0x00000000e6ab0000)
 concurrent mark-sweep generation total 393216K, used 0K [0x00000000e8000000, 0x0000000100000000, 0x0000000100000000)
 Metaspace       used 24307K, capacity 24734K, committed 24880K, reserved 1071104K
  class space    used 2851K, capacity 3038K, committed 3120K, reserved 1048576K
2017-07-20T09:02:51.462+0200: 5,297: [GC (Allocation Failure) 2017-07-20T09:02:51.463+0200: 5,297: [ParNew
Desired survivor size 20112992 bytes, new threshold 8 (max 8)
- age   1:    1800640 bytes,    1800640 total
- age   2:    1745448 bytes,    3546088 total
- age   3:      84976 bytes,    3631064 total
- age   4:       1912 bytes,    3632976 total
- age   5:     104880 bytes,    3737856 total
- age   6:     184384 bytes,    3922240 total
- age   7:     754392 bytes,    4676632 total
- age   8:    6146176 bytes,   10822808 total
: 103889K->16448K(109248K), 0,0167587 secs] 103889K->16448K(502464K), 0,0168600 secs] [Times: user=0,05 sys=0,00, real=0,01 secs] 
Heap after GC invocations=8 (full 1):
 par new generation   total 109248K, used 16448K [0x00000000e0000000, 0x00000000e8000000, 0x00000000e8000000)
  eden space 87424K,   0% used [0x00000000e0000000, 0x00000000e0000000, 0x00000000e5560000)
  from space 21824K,  75% used [0x00000000e5560000, 0x00000000e6570220, 0x00000000e6ab0000)
  to   space 21824K,   0% used [0x00000000e6ab0000, 0x00000000e6ab0000, 0x00000000e8000000)
 concurrent mark-sweep generation total 393216K, used 0K [0x00000000e8000000, 0x0000000100000000, 0x0000000100000000)
 Metaspace       used 24307K, capacity 24734K, committed 24880K, reserved 1071104K
  class space    used 2851K, capacity 3038K, committed 3120K, reserved 1048576K
}
2017-07-20T09:02:51.479+0200: 5,314: Total time for which application threads were stopped: 0,0176399 seconds, Stopping threads took: 0,0005169 seconds
2017-07-20T09:02:51.484+0200: 5,319: Total time for which application threads were stopped: 0,0001659 seconds, Stopping threads took: 0,0000532 seconds
2017-07-20T09:02:51.484+0200: 5,319: Total time for which application threads were stopped: 0,0000885 seconds, Stopping threads took: 0,0000228 seconds
2017-07-20T09:02:51.484+0200: 5,319: Total time for which application threads were stopped: 0,0000893 seconds, Stopping threads took: 0,0000291 seconds
2017-07-20T09:02:51.526+0200: 5,360: Total time for which application threads were stopped: 0,0027978 seconds, Stopping threads took: 0,0026721 seconds
2017-07-20T09:02:51.579+0200: 5,413: Total time for which application threads were stopped: 0,0019467 seconds, Stopping threads took: 0,0018356 seconds
{Heap before GC invocations=8 (full 1):
 par new generation   total 109248K, used 103872K [0x00000000e0000000, 0x00000000e8000000, 0x00000000e8000000)
  eden space 87424K, 100% used [0x00000000e0000000, 0x00000000e5560000, 0x00000000e5560000)
  from space 21824K,  75% used [0x00000000e5560000, 0x00000000e6570220, 0x00000000e6ab0000)
  to   space 21824K,   0% used [0x00000000e6ab0000, 0x00000000e6ab0000, 0x00000000e8000000)
 concurrent mark-sweep generation total 393216K, used 0K [0x00000000e8000000, 0x0000000100000000, 0x0000000100000000)
 Metaspace       used 24730K, capacity 25176K, committed 25392K, reserved 1071104K
  class space    used 2889K, capacity 3075K, committed 3120K, reserved 1048576K
2017-07-20T09:02:51.617+0200: 5,452: [GC (Allocation Failure) 2017-07-20T09:02:51.617+0200: 5,452: [ParNew
Desired survivor size 20112992 bytes, new threshold 8 (max 8)
- age   1:    1086760 bytes,    1086760 total
- age   2:     992016 bytes,    2078776 total
- age   3:    1720888 bytes,    3799664 total
- age   4:      84944 bytes,    3884608 total
- age   5:       1912 bytes,    3886520 total
- age   6:     104744 bytes,    3991264 total
- age   7:     181552 bytes,    4172816 total
- age   8:     753624 bytes,    4926440 total
: 103872K->6729K(109248K), 0,0447855 secs] 103872K->13365K(502464K), 0,0448695 secs] [Times: user=0,10 sys=0,00, real=0,05 secs] 
Heap after GC invocations=9 (full 1):
 par new generation   total 109248K, used 6729K [0x00000000e0000000, 0x00000000e8000000, 0x00000000e8000000)
  eden space 87424K,   0% used [0x00000000e0000000, 0x00000000e0000000, 0x00000000e5560000)
  from space 21824K,  30% used [0x00000000e6ab0000, 0x00000000e7142670, 0x00000000e8000000)
  to   space 21824K,   0% used [0x00000000e5560000, 0x00000000e5560000, 0x00000000e6ab0000)
 concurrent mark-sweep generation total 393216K, used 6635K [0x00000000e8000000, 0x0000000100000000, 0x0000000100000000)
 Metaspace       used 24730K, capacity 25176K, committed 25392K, reserved 1071104K
  class space    used 2889K, capacity 3075K, committed 3120K, reserved 1048576K
}
2017-07-20T09:02:51.662+0200: 5,496: Total time for which application threads were stopped: 0,0452367 seconds, Stopping threads took: 0,0001721 seconds
2017-07-20T09:02:51.679+0200: 5,514: Total time for which application threads were stopped: 0,0001669 seconds, Stopping threads took: 0,0000551 seconds
2017-07-20T09:02:51.715+0200: 5,550: Total time for which application threads were stopped: 0,0001491 seconds, Stopping threads took: 0,0000348 seconds
2017-07-20T09:02:51.819+0200: 5,654: Total time for which application threads were stopped: 0,0004816 seconds, Stopping threads took: 0,0003736 seconds
2017-07-20T09:02:51.834+0200: 5,669: Total time for which application threads were stopped: 0,0027211 seconds, Stopping threads took: 0,0025974 seconds
2017-07-20T09:02:51.834+0200: 5,669: Total time for which application threads were stopped: 0,0000927 seconds, Stopping threads took: 0,0000153 seconds
2017-07-20T09:02:51.834+0200: 5,669: Total time for which application threads were stopped: 0,0000854 seconds, Stopping threads took: 0,0000122 seconds
2017-07-20T09:02:51.835+0200: 5,670: Total time for which application threads were stopped: 0,0000623 seconds, Stopping threads took: 0,0000073 seconds
2017-07-20T09:02:51.835+0200: 5,670: Total time for which application threads were stopped: 0,0000593 seconds, Stopping threads took: 0,0000062 seconds
2017-07-20T09:02:51.835+0200: 5,670: Total time for which application threads were stopped: 0,0000572 seconds, Stopping threads took: 0,0000062 seconds
2017-07-20T09:02:51.835+0200: 5,670: Total time for which application threads were stopped: 0,0000574 seconds, Stopping threads took: 0,0000083 seconds
2017-07-20T09:02:51.835+0200: 5,670: Total time for which application threads were stopped: 0,0000561 seconds, Stopping threads took: 0,0000077 seconds
2017-07-20T09:02:51.835+0200: 5,670: Total time for which application threads were stopped: 0,0000568 seconds, Stopping threads took: 0,0000072 seconds
2017-07-20T09:02:51.835+0200: 5,670: Total time for which application threads were stopped: 0,0000564 seconds, Stopping threads took: 0,0000075 seconds
2017-07-20T09:02:51.835+0200: 5,670: Total time for which application threads were stopped: 0,0000576 seconds, Stopping threads took: 0,0000090 seconds
2017-07-20T09:02:51.836+0200: 5,670: Total time for which application threads were stopped: 0,0000630 seconds, Stopping threads took: 0,0000082 seconds
2017-07-20T09:02:51.836+0200: 5,671: Total time for which application threads were stopped: 0,0000677 seconds, Stopping threads took: 0,0000106 seconds
2017-07-20T09:02:51.836+0200: 5,671: Total time for which application threads were stopped: 0,0000607 seconds, Stopping threads took: 0,0000089 seconds
2017-07-20T09:02:51.836+0200: 5,671: Total time for which application threads were stopped: 0,0000593 seconds, Stopping threads took: 0,0000076 seconds
2017-07-20T09:02:51.836+0200: 5,671: Total time for which application threads were stopped: 0,0000560 seconds, Stopping threads took: 0,0000068 seconds
2017-07-20T09:02:51.836+0200: 5,671: Total time for which application threads were stopped: 0,0001510 seconds, Stopping threads took: 0,0000081 seconds
2017-07-20T09:02:51.839+0200: 5,674: Total time for which application threads were stopped: 0,0001273 seconds, Stopping threads took: 0,0000204 seconds
2017-07-20T09:02:51.842+0200: 5,677: Total time for which application threads were stopped: 0,0019606 seconds, Stopping threads took: 0,0018602 seconds
2017-07-20T09:02:51.858+0200: 5,692: Total time for which application threads were stopped: 0,0039129 seconds, Stopping threads took: 0,0038041 seconds
2017-07-20T09:02:51.877+0200: 5,712: Total time for which application threads were stopped: 0,0001409 seconds, Stopping threads took: 0,0000169 seconds
2017-07-20T09:02:52.174+0200: 6,008: Total time for which application threads were stopped: 0,0004393 seconds, Stopping threads took: 0,0002923 seconds
2017-07-20T09:02:52.199+0200: 6,034: Total time for which application threads were stopped: 0,0018535 seconds, Stopping threads took: 0,0000418 seconds
2017-07-20T09:02:52.226+0200: 6,061: Total time for which application threads were stopped: 0,0006018 seconds, Stopping threads took: 0,0000613 seconds
2017-07-20T09:02:52.256+0200: 6,091: Total time for which application threads were stopped: 0,0001304 seconds, Stopping threads took: 0,0000295 seconds
2017-07-20T09:02:52.269+0200: 6,103: Total time for which application threads were stopped: 0,0073292 seconds, Stopping threads took: 0,0051697 seconds
2017-07-20T09:02:52.366+0200: 6,201: Total time for which application threads were stopped: 0,0001672 seconds, Stopping threads took: 0,0000398 seconds
2017-07-20T09:02:52.499+0200: 6,334: Total time for which application threads were stopped: 0,0107552 seconds, Stopping threads took: 0,0106403 seconds
2017-07-20T09:02:52.662+0200: 6,497: Total time for which application threads were stopped: 0,0004713 seconds, Stopping threads took: 0,0000366 seconds
2017-07-20T09:02:52.677+0200: 6,512: Total time for which application threads were stopped: 0,0003748 seconds, Stopping threads took: 0,0002859 seconds
2017-07-20T09:02:52.711+0200: 6,546: Total time for which application threads were stopped: 0,0004436 seconds, Stopping threads took: 0,0000326 seconds
2017-07-20T09:02:53.021+0200: 6,861: Total time for which application threads were stopped: 0,0073105 seconds, Stopping threads took: 0,0018394 seconds
2017-07-20T09:02:53.092+0200: 6,927: Total time for which application threads were stopped: 0,0192721 seconds, Stopping threads took: 0,0191421 seconds
2017-07-20T09:02:53.093+0200: 6,928: Total time for which application threads were stopped: 0,0001053 seconds, Stopping threads took: 0,0000126 seconds
2017-07-20T09:02:53.141+0200: 6,976: Total time for which application threads were stopped: 0,0003414 seconds, Stopping threads took: 0,0001270 seconds
2017-07-20T09:02:53.190+0200: 7,025: Total time for which application threads were stopped: 0,0001422 seconds, Stopping threads took: 0,0000238 seconds
2017-07-20T09:02:53.210+0200: 7,045: Total time for which application threads were stopped: 0,0109083 seconds, Stopping threads took: 0,0108001 seconds
2017-07-20T09:02:53.274+0200: 7,109: Total time for which application threads were stopped: 0,0042116 seconds, Stopping threads took: 0,0039032 seconds
2017-07-20T09:02:53.383+0200: 7,218: Total time for which application threads were stopped: 0,0003047 seconds, Stopping threads took: 0,0001456 seconds
2017-07-20T09:02:53.563+0200: 7,398: Total time for which application threads were stopped: 0,0008977 seconds, Stopping threads took: 0,0007760 seconds
2017-07-20T09:02:53.564+0200: 7,399: Total time for which application threads were stopped: 0,0001183 seconds, Stopping threads took: 0,0000213 seconds
2017-07-20T09:02:53.579+0200: 7,414: Total time for which application threads were stopped: 0,0004319 seconds, Stopping threads took: 0,0000398 seconds
2017-07-20T09:02:53.646+0200: 7,481: Total time for which application threads were stopped: 0,0001167 seconds, Stopping threads took: 0,0000369 seconds
2017-07-20T09:04:07.911+0200: 82,488: Total time for which application threads were stopped: 0,0000702 seconds, Stopping threads took: 0,0000213 seconds
2017-07-20T09:04:42.915+0200: 117,492: Total time for which application threads were stopped: 0,0000761 seconds, Stopping threads took: 0,0000279 seconds
2017-07-20T09:04:47.916+0200: 122,493: Total time for which application threads were stopped: 0,0000908 seconds, Stopping threads took: 0,0000164 seconds
{Heap before GC invocations=9 (full 1):
 par new generation   total 109248K, used 94153K [0x00000000e0000000, 0x00000000e8000000, 0x00000000e8000000)
  eden space 87424K, 100% used [0x00000000e0000000, 0x00000000e5560000, 0x00000000e5560000)
  from space 21824K,  30% used [0x00000000e6ab0000, 0x00000000e7142670, 0x00000000e8000000)
  to   space 21824K,   0% used [0x00000000e5560000, 0x00000000e5560000, 0x00000000e6ab0000)
 concurrent mark-sweep generation total 393216K, used 6635K [0x00000000e8000000, 0x0000000100000000, 0x0000000100000000)
 Metaspace       used 27950K, capacity 28470K, committed 28848K, reserved 1075200K
  class space    used 3207K, capacity 3380K, committed 3504K, reserved 1048576K
2017-07-20T09:05:41.724+0200: 176,301: [GC (Allocation Failure) 2017-07-20T09:05:41.724+0200: 176,301: [ParNew
Desired survivor size 20112992 bytes, new threshold 8 (max 8)
- age   1:   11007312 bytes,   11007312 total
- age   2:     216120 bytes,   11223432 total
- age   3:     211024 bytes,   11434456 total
- age   4:    1706528 bytes,   13140984 total
- age   5:      82528 bytes,   13223512 total
- age   6:       1912 bytes,   13225424 total
- age   7:     104552 bytes,   13329976 total
- age   8:     180960 bytes,   13510936 total
: 94153K->13988K(109248K), 0,0482900 secs] 100789K->21371K(502464K), 0,0483679 secs] [Times: user=0,09 sys=0,00, real=0,05 secs] 
Heap after GC invocations=10 (full 1):
 par new generation   total 109248K, used 13988K [0x00000000e0000000, 0x00000000e8000000, 0x00000000e8000000)
  eden space 87424K,   0% used [0x00000000e0000000, 0x00000000e0000000, 0x00000000e5560000)
  from space 21824K,  64% used [0x00000000e5560000, 0x00000000e6309288, 0x00000000e6ab0000)
  to   space 21824K,   0% used [0x00000000e6ab0000, 0x00000000e6ab0000, 0x00000000e8000000)
 concurrent mark-sweep generation total 393216K, used 7382K [0x00000000e8000000, 0x0000000100000000, 0x0000000100000000)
 Metaspace       used 27950K, capacity 28470K, committed 28848K, reserved 1075200K
  class space    used 3207K, capacity 3380K, committed 3504K, reserved 1048576K
}
2017-07-20T09:05:41.772+0200: 176,349: Total time for which application threads were stopped: 0,0485320 seconds, Stopping threads took: 0,0000420 seconds
2017-07-20T09:05:41.772+0200: 176,349: Total time for which application threads were stopped: 0,0000504 seconds, Stopping threads took: 0,0000180 seconds
2017-07-20T09:05:41.772+0200: 176,349: Total time for which application threads were stopped: 0,0000259 seconds, Stopping threads took: 0,0000074 seconds
2017-07-20T09:05:46.773+0200: 181,350: Total time for which application threads were stopped: 0,0000839 seconds, Stopping threads took: 0,0000207 seconds
2017-07-20T09:07:16.781+0200: 271,359: Total time for which application threads were stopped: 0,0000847 seconds, Stopping threads took: 0,0000352 seconds
2017-07-20T09:07:22.782+0200: 277,359: Total time for which application threads were stopped: 0,0001150 seconds, Stopping threads took: 0,0000456 seconds
2017-07-20T09:26:21.897+0200: 1416,474: Total time for which application threads were stopped: 0,0000743 seconds, Stopping threads took: 0,0000287 seconds
2017-07-20T09:29:56.919+0200: 1631,496: Total time for which application threads were stopped: 0,0000753 seconds, Stopping threads took: 0,0000293 seconds
2017-07-20T09:30:01.919+0200: 1636,496: Total time for which application threads were stopped: 0,0001322 seconds, Stopping threads took: 0,0000304 seconds
2017-07-20T09:30:16.921+0200: 1651,498: Total time for which application threads were stopped: 0,0000607 seconds, Stopping threads took: 0,0000149 seconds
2017-07-20T09:42:11.994+0200: 2366,572: Total time for which application threads were stopped: 0,0000850 seconds, Stopping threads took: 0,0000345 seconds
2017-07-20T09:42:12.995+0200: 2367,572: Total time for which application threads were stopped: 0,0000689 seconds, Stopping threads took: 0,0000176 seconds
2017-07-20T09:55:48.080+0200: 3182,657: Total time for which application threads were stopped: 0,0000846 seconds, Stopping threads took: 0,0000312 seconds
2017-07-20T10:02:18.124+0200: 3572,701: Total time for which application threads were stopped: 0,0000895 seconds, Stopping threads took: 0,0000398 seconds
2017-07-20T10:02:23.125+0200: 3577,702: Total time for which application threads were stopped: 0,0000898 seconds, Stopping threads took: 0,0000328 seconds
2017-07-20T10:09:17.173+0200: 3991,750: Total time for which application threads were stopped: 0,0001078 seconds, Stopping threads took: 0,0000376 seconds
2017-07-20T10:09:32.174+0200: 4006,751: Total time for which application threads were stopped: 0,0003579 seconds, Stopping threads took: 0,0000869 seconds
2017-07-20T10:25:18.280+0200: 4952,857: Total time for which application threads were stopped: 0,0000961 seconds, Stopping threads took: 0,0000396 seconds
2017-07-20T10:26:28.290+0200: 5022,867: Total time for which application threads were stopped: 0,0000853 seconds, Stopping threads took: 0,0000323 seconds
2017-07-20T11:03:23.531+0200: 7238,108: Total time for which application threads were stopped: 0,0000839 seconds, Stopping threads took: 0,0000341 seconds
2017-07-20T11:04:47.540+0200: 7322,117: Total time for which application threads were stopped: 0,0000768 seconds, Stopping threads took: 0,0000319 seconds
2017-07-20T11:10:47.576+0200: 7682,154: Total time for which application threads were stopped: 0,0000744 seconds, Stopping threads took: 0,0000291 seconds
2017-07-20T11:11:17.580+0200: 7712,157: Total time for which application threads were stopped: 0,0003439 seconds, Stopping threads took: 0,0001209 seconds
2017-07-20T13:18:48.338+0200: 15362,915: Total time for which application threads were stopped: 0,0002014 seconds, Stopping threads took: 0,0001387 seconds
2017-07-20T14:00:17.598+0200: 17852,175: Total time for which application threads were stopped: 0,0001612 seconds, Stopping threads took: 0,0000621 seconds
2017-07-20T14:20:47.804+0200: 19082,382: Total time for which application threads were stopped: 0,0000854 seconds, Stopping threads took: 0,0000352 seconds
2017-07-20T17:52:59.903+0200: 29806,204: Total time for which application threads were stopped: 0,0290304 seconds, Stopping threads took: 0,0289290 seconds
2017-07-20T17:52:59.904+0200: 29806,205: Total time for which application threads were stopped: 0,0001219 seconds, Stopping threads took: 0,0000283 seconds
2017-07-20T17:52:59.904+0200: 29806,205: Total time for which application threads were stopped: 0,0000902 seconds, Stopping threads took: 0,0000133 seconds
2017-07-20T17:52:59.915+0200: 29806,216: Total time for which application threads were stopped: 0,0001002 seconds, Stopping threads took: 0,0000171 seconds
2017-07-20T17:52:59.917+0200: 29806,219: Total time for which application threads were stopped: 0,0001137 seconds, Stopping threads took: 0,0000443 seconds
2017-07-20T17:52:59.919+0200: 29806,220: Total time for which application threads were stopped: 0,0001058 seconds, Stopping threads took: 0,0000268 seconds
2017-07-20T17:52:59.919+0200: 29806,220: Total time for which application threads were stopped: 0,0001117 seconds, Stopping threads took: 0,0000285 seconds
2017-07-20T17:52:59.921+0200: 29806,222: Total time for which application threads were stopped: 0,0004848 seconds, Stopping threads took: 0,0004051 seconds
2017-07-20T17:52:59.921+0200: 29806,222: Total time for which application threads were stopped: 0,0000704 seconds, Stopping threads took: 0,0000108 seconds
2017-07-20T17:52:59.921+0200: 29806,222: Total time for which application threads were stopped: 0,0000561 seconds, Stopping threads took: 0,0000078 seconds
2017-07-20T17:52:59.921+0200: 29806,222: Total time for which application threads were stopped: 0,0000552 seconds, Stopping threads took: 0,0000094 seconds
2017-07-20T17:52:59.921+0200: 29806,223: Total time for which application threads were stopped: 0,0000458 seconds, Stopping threads took: 0,0000075 seconds
2017-07-20T17:52:59.922+0200: 29806,223: Total time for which application threads were stopped: 0,0000462 seconds, Stopping threads took: 0,0000065 seconds
2017-07-20T17:52:59.922+0200: 29806,223: Total time for which application threads were stopped: 0,0000612 seconds, Stopping threads took: 0,0000098 seconds
2017-07-20T17:52:59.922+0200: 29806,223: Total time for which application threads were stopped: 0,0000494 seconds, Stopping threads took: 0,0000060 seconds
2017-07-20T17:52:59.922+0200: 29806,223: Total time for which application threads were stopped: 0,0000480 seconds, Stopping threads took: 0,0000085 seconds
2017-07-20T17:52:59.922+0200: 29806,223: Total time for which application threads were stopped: 0,0000568 seconds, Stopping threads took: 0,0000093 seconds
2017-07-20T17:52:59.922+0200: 29806,223: Total time for which application threads were stopped: 0,0000484 seconds, Stopping threads took: 0,0000065 seconds
2017-07-20T17:52:59.922+0200: 29806,223: Total time for which application threads were stopped: 0,0000554 seconds, Stopping threads took: 0,0000067 seconds
2017-07-20T17:52:59.923+0200: 29806,224: Total time for which application threads were stopped: 0,0000421 seconds, Stopping threads took: 0,0000064 seconds
2017-07-20T17:52:59.923+0200: 29806,224: Total time for which application threads were stopped: 0,0000440 seconds, Stopping threads took: 0,0000060 seconds
2017-07-20T17:52:59.923+0200: 29806,224: Total time for which application threads were stopped: 0,0000451 seconds, Stopping threads took: 0,0000059 seconds
2017-07-20T17:52:59.923+0200: 29806,224: Total time for which application threads were stopped: 0,0000841 seconds, Stopping threads took: 0,0000051 seconds
2017-07-20T17:52:59.923+0200: 29806,224: Total time for which application threads were stopped: 0,0000463 seconds, Stopping threads took: 0,0000076 seconds
2017-07-20T17:52:59.923+0200: 29806,224: Total time for which application threads were stopped: 0,0000428 seconds, Stopping threads took: 0,0000057 seconds
2017-07-20T17:52:59.923+0200: 29806,224: Total time for which application threads were stopped: 0,0000440 seconds, Stopping threads took: 0,0000057 seconds
2017-07-20T17:52:59.923+0200: 29806,224: Total time for which application threads were stopped: 0,0000598 seconds, Stopping threads took: 0,0000056 seconds
2017-07-20T17:52:59.923+0200: 29806,224: Total time for which application threads were stopped: 0,0000412 seconds, Stopping threads took: 0,0000059 seconds
2017-07-20T17:52:59.923+0200: 29806,224: Total time for which application threads were stopped: 0,0000378 seconds, Stopping threads took: 0,0000057 seconds
2017-07-20T17:52:59.923+0200: 29806,225: Total time for which application threads were stopped: 0,0000412 seconds, Stopping threads took: 0,0000062 seconds
2017-07-20T17:52:59.928+0200: 29806,229: Total time for which application threads were stopped: 0,0003485 seconds, Stopping threads took: 0,0002627 seconds
2017-07-20T17:52:59.928+0200: 29806,229: Total time for which application threads were stopped: 0,0000626 seconds, Stopping threads took: 0,0000098 seconds
2017-07-20T17:52:59.929+0200: 29806,230: Total time for which application threads were stopped: 0,0000491 seconds, Stopping threads took: 0,0000077 seconds
2017-07-20T17:52:59.929+0200: 29806,230: Total time for which application threads were stopped: 0,0000495 seconds, Stopping threads took: 0,0000059 seconds
2017-07-20T17:52:59.938+0200: 29806,239: Total time for which application threads were stopped: 0,0029648 seconds, Stopping threads took: 0,0028846 seconds
2017-07-20T17:52:59.938+0200: 29806,239: Total time for which application threads were stopped: 0,0000448 seconds, Stopping threads took: 0,0000095 seconds
2017-07-20T17:52:59.938+0200: 29806,239: Total time for which application threads were stopped: 0,0000331 seconds, Stopping threads took: 0,0000045 seconds
2017-07-20T17:52:59.938+0200: 29806,240: Total time for which application threads were stopped: 0,0000324 seconds, Stopping threads took: 0,0000043 seconds
2017-07-20T17:52:59.939+0200: 29806,240: Total time for which application threads were stopped: 0,0000321 seconds, Stopping threads took: 0,0000042 seconds
2017-07-20T17:52:59.977+0200: 29806,278: Total time for which application threads were stopped: 0,0001094 seconds, Stopping threads took: 0,0000345 seconds
2017-07-20T17:52:59.978+0200: 29806,279: Total time for which application threads were stopped: 0,0000847 seconds, Stopping threads took: 0,0000227 seconds
2017-07-20T17:52:59.979+0200: 29806,280: Total time for which application threads were stopped: 0,0000566 seconds, Stopping threads took: 0,0000136 seconds
2017-07-20T17:52:59.985+0200: 29806,286: Total time for which application threads were stopped: 0,0000936 seconds, Stopping threads took: 0,0000280 seconds
2017-07-20T17:52:59.985+0200: 29806,286: Total time for which application threads were stopped: 0,0000469 seconds, Stopping threads took: 0,0000129 seconds
2017-07-20T17:52:59.985+0200: 29806,287: Total time for which application threads were stopped: 0,0000400 seconds, Stopping threads took: 0,0000120 seconds
2017-07-20T17:52:59.986+0200: 29806,287: Total time for which application threads were stopped: 0,0000371 seconds, Stopping threads took: 0,0000104 seconds
2017-07-20T17:52:59.986+0200: 29806,287: Total time for which application threads were stopped: 0,0000364 seconds, Stopping threads took: 0,0000101 seconds
2017-07-20T17:52:59.986+0200: 29806,287: Total time for which application threads were stopped: 0,0000368 seconds, Stopping threads took: 0,0000102 seconds
2017-07-20T17:52:59.986+0200: 29806,287: Total time for which application threads were stopped: 0,0000364 seconds, Stopping threads took: 0,0000101 seconds
2017-07-20T17:52:59.986+0200: 29806,287: Total time for which application threads were stopped: 0,0000374 seconds, Stopping threads took: 0,0000106 seconds
2017-07-20T17:52:59.989+0200: 29806,290: Total time for which application threads were stopped: 0,0001170 seconds, Stopping threads took: 0,0000496 seconds
2017-07-20T17:52:59.989+0200: 29806,290: Total time for which application threads were stopped: 0,0000846 seconds, Stopping threads took: 0,0000261 seconds
2017-07-20T17:52:59.990+0200: 29806,291: Total time for which application threads were stopped: 0,0000696 seconds, Stopping threads took: 0,0000177 seconds
2017-07-20T17:52:59.990+0200: 29806,291: Total time for which application threads were stopped: 0,0000536 seconds, Stopping threads took: 0,0000139 seconds
2017-07-20T17:52:59.990+0200: 29806,291: Total time for which application threads were stopped: 0,0000492 seconds, Stopping threads took: 0,0000178 seconds
2017-07-20T17:52:59.991+0200: 29806,293: Total time for which application threads were stopped: 0,0000887 seconds, Stopping threads took: 0,0000256 seconds
2017-07-20T17:52:59.992+0200: 29806,293: Total time for which application threads were stopped: 0,0000497 seconds, Stopping threads took: 0,0000137 seconds
2017-07-20T17:52:59.992+0200: 29806,293: Total time for which application threads were stopped: 0,0000437 seconds, Stopping threads took: 0,0000135 seconds
2017-07-20T17:52:59.992+0200: 29806,293: Total time for which application threads were stopped: 0,0000565 seconds, Stopping threads took: 0,0000218 seconds
2017-07-20T17:52:59.992+0200: 29806,293: Total time for which application threads were stopped: 0,0000542 seconds, Stopping threads took: 0,0000177 seconds
2017-07-20T17:52:59.992+0200: 29806,293: Total time for which application threads were stopped: 0,0000524 seconds, Stopping threads took: 0,0000182 seconds
2017-07-20T17:52:59.993+0200: 29806,294: Total time for which application threads were stopped: 0,0000600 seconds, Stopping threads took: 0,0000178 seconds
2017-07-20T17:52:59.993+0200: 29806,294: Total time for which application threads were stopped: 0,0000781 seconds, Stopping threads took: 0,0000229 seconds
2017-07-20T17:52:59.993+0200: 29806,294: Total time for which application threads were stopped: 0,0000453 seconds, Stopping threads took: 0,0000127 seconds
2017-07-20T17:52:59.993+0200: 29806,294: Total time for which application threads were stopped: 0,0000451 seconds, Stopping threads took: 0,0000125 seconds
2017-07-20T17:52:59.994+0200: 29806,295: Total time for which application threads were stopped: 0,0000729 seconds, Stopping threads took: 0,0000205 seconds
2017-07-20T17:52:59.994+0200: 29806,295: Total time for which application threads were stopped: 0,0000662 seconds, Stopping threads took: 0,0000197 seconds
2017-07-20T17:52:59.995+0200: 29806,296: Total time for which application threads were stopped: 0,0000386 seconds, Stopping threads took: 0,0000060 seconds
2017-07-20T17:52:59.995+0200: 29806,296: Total time for which application threads were stopped: 0,0000484 seconds, Stopping threads took: 0,0000130 seconds
2017-07-20T17:52:59.995+0200: 29806,296: Total time for which application threads were stopped: 0,0001944 seconds, Stopping threads took: 0,0000205 seconds
2017-07-20T17:52:59.997+0200: 29806,298: Total time for which application threads were stopped: 0,0001274 seconds, Stopping threads took: 0,0000275 seconds
2017-07-20T17:53:00.000+0200: 29806,301: Total time for which application threads were stopped: 0,0001119 seconds, Stopping threads took: 0,0000259 seconds
2017-07-20T17:53:00.000+0200: 29806,301: Total time for which application threads were stopped: 0,0000866 seconds, Stopping threads took: 0,0000180 seconds
Heap
 par new generation   total 109248K, used 33101K [0x00000000e0000000, 0x00000000e8000000, 0x00000000e8000000)
  eden space 87424K,  21% used [0x00000000e0000000, 0x00000000e12aa530, 0x00000000e5560000)
  from space 21824K,  64% used [0x00000000e5560000, 0x00000000e6309288, 0x00000000e6ab0000)
  to   space 21824K,   0% used [0x00000000e6ab0000, 0x00000000e6ab0000, 0x00000000e8000000)
 concurrent mark-sweep generation total 393216K, used 7382K [0x00000000e8000000, 0x0000000100000000, 0x0000000100000000)
 Metaspace       used 28107K, capacity 28702K, committed 28848K, reserved 1075200K
  class space    used 3221K, capacity 3414K, committed 3504K, reserved 1048576K
