OpenJDK 64-Bit Server VM (25.121-b13) for linux-amd64 JRE (1.8.0_121-8u121-b13-0ubuntu1.16.04.2-b13), built on Jan 23 2017 15:51:29 by "buildd" with gcc 5.4.0 20160609
Memory: 4k page, physical 7867764k(7419660k free), swap 8076284k(8076284k free)
CommandLine flags: -XX:CMSInitiatingOccupancyFraction=50 -XX:CMSMaxAbortablePrecleanTime=6000 -XX:+CMSParallelRemarkEnabled -XX:+CMSScavengeBeforeRemark -XX:ConcGCThreads=4 -XX:InitialHeapSize=536870912 -XX:MaxHeapSize=536870912 -XX:MaxTenuringThreshold=8 -XX:NewRatio=3 -XX:OldPLABSize=16 -XX:OnOutOfMemoryError=/opt/solr/bin/oom_solr.sh 8983 /var/solr/logs -XX:ParallelGCThreads=4 -XX:+ParallelRefProcEnabled -XX:PretenureSizeThreshold=67108864 -XX:+PrintGC -XX:+PrintGCApplicationStoppedTime -XX:+PrintGCDateStamps -XX:+PrintGCDetails -XX:+PrintGCTimeStamps -XX:+PrintHeapAtGC -XX:+PrintTenuringDistribution -XX:SurvivorRatio=4 -XX:TargetSurvivorRatio=90 -XX:ThreadStackSize=256 -XX:+UseCMSInitiatingOccupancyOnly -XX:+UseCompressedClassPointers -XX:+UseCompressedOops -XX:+UseConcMarkSweepGC -XX:+UseParNewGC 
2017-04-10T11:35:32.161+0200: 0,442: Total time for which application threads were stopped: 0,0000843 seconds, Stopping threads took: 0,0000149 seconds
2017-04-10T11:35:32.269+0200: 0,549: Total time for which application threads were stopped: 0,0001166 seconds, Stopping threads took: 0,0000281 seconds
2017-04-10T11:35:32.286+0200: 0,567: Total time for which application threads were stopped: 0,0000839 seconds, Stopping threads took: 0,0000105 seconds
2017-04-10T11:35:32.702+0200: 0,982: Total time for which application threads were stopped: 0,0001521 seconds, Stopping threads took: 0,0000224 seconds
2017-04-10T11:35:33.135+0200: 1,415: Total time for which application threads were stopped: 0,0043813 seconds, Stopping threads took: 0,0041671 seconds
2017-04-10T11:35:33.217+0200: 1,498: Total time for which application threads were stopped: 0,0001427 seconds, Stopping threads took: 0,0000129 seconds
2017-04-10T11:35:33.239+0200: 1,520: Total time for which application threads were stopped: 0,0003432 seconds, Stopping threads took: 0,0000292 seconds
2017-04-10T11:35:33.566+0200: 1,847: Total time for which application threads were stopped: 0,0001761 seconds, Stopping threads took: 0,0000183 seconds
2017-04-10T11:35:33.804+0200: 2,085: Total time for which application threads were stopped: 0,0001834 seconds, Stopping threads took: 0,0000117 seconds
2017-04-10T11:35:33.824+0200: 2,104: Total time for which application threads were stopped: 0,0001899 seconds, Stopping threads took: 0,0000144 seconds
2017-04-10T11:35:33.857+0200: 2,138: Total time for which application threads were stopped: 0,0001999 seconds, Stopping threads took: 0,0000179 seconds
2017-04-10T11:35:33.859+0200: 2,139: Total time for which application threads were stopped: 0,0002302 seconds, Stopping threads took: 0,0000330 seconds
2017-04-10T11:35:33.872+0200: 2,153: Total time for which application threads were stopped: 0,0001665 seconds, Stopping threads took: 0,0000112 seconds
2017-04-10T11:35:33.937+0200: 2,217: Total time for which application threads were stopped: 0,0002348 seconds, Stopping threads took: 0,0000251 seconds
2017-04-10T11:35:34.104+0200: 2,384: Total time for which application threads were stopped: 0,0002507 seconds, Stopping threads took: 0,0000424 seconds
{Heap before GC invocations=0 (full 0):
 par new generation   total 109248K, used 87424K [0x00000000e0000000, 0x00000000e8000000, 0x00000000e8000000)
  eden space 87424K, 100% used [0x00000000e0000000, 0x00000000e5560000, 0x00000000e5560000)
  from space 21824K,   0% used [0x00000000e5560000, 0x00000000e5560000, 0x00000000e6ab0000)
  to   space 21824K,   0% used [0x00000000e6ab0000, 0x00000000e6ab0000, 0x00000000e8000000)
 concurrent mark-sweep generation total 393216K, used 0K [0x00000000e8000000, 0x0000000100000000, 0x0000000100000000)
 Metaspace       used 17987K, capacity 18336K, committed 18688K, reserved 1064960K
  class space    used 2035K, capacity 2196K, committed 2304K, reserved 1048576K
2017-04-10T11:35:34.181+0200: 2,461: [GC (Allocation Failure) 2017-04-10T11:35:34.181+0200: 2,461: [ParNew
Desired survivor size 20112992 bytes, new threshold 8 (max 8)
- age   1:   12590088 bytes,   12590088 total
: 87424K->12404K(109248K), 0,0162922 secs] 87424K->12404K(502464K), 0,0163805 secs] [Times: user=0,03 sys=0,02, real=0,01 secs] 
Heap after GC invocations=1 (full 0):
 par new generation   total 109248K, used 12404K [0x00000000e0000000, 0x00000000e8000000, 0x00000000e8000000)
  eden space 87424K,   0% used [0x00000000e0000000, 0x00000000e0000000, 0x00000000e5560000)
  from space 21824K,  56% used [0x00000000e6ab0000, 0x00000000e76cd2e0, 0x00000000e8000000)
  to   space 21824K,   0% used [0x00000000e5560000, 0x00000000e5560000, 0x00000000e6ab0000)
 concurrent mark-sweep generation total 393216K, used 0K [0x00000000e8000000, 0x0000000100000000, 0x0000000100000000)
 Metaspace       used 17987K, capacity 18336K, committed 18688K, reserved 1064960K
  class space    used 2035K, capacity 2196K, committed 2304K, reserved 1048576K
}
2017-04-10T11:35:34.197+0200: 2,478: Total time for which application threads were stopped: 0,0166937 seconds, Stopping threads took: 0,0000917 seconds
2017-04-10T11:35:34.492+0200: 2,773: Total time for which application threads were stopped: 0,0004395 seconds, Stopping threads took: 0,0000379 seconds
{Heap before GC invocations=1 (full 0):
 par new generation   total 109248K, used 99828K [0x00000000e0000000, 0x00000000e8000000, 0x00000000e8000000)
  eden space 87424K, 100% used [0x00000000e0000000, 0x00000000e5560000, 0x00000000e5560000)
  from space 21824K,  56% used [0x00000000e6ab0000, 0x00000000e76cd2e0, 0x00000000e8000000)
  to   space 21824K,   0% used [0x00000000e5560000, 0x00000000e5560000, 0x00000000e6ab0000)
 concurrent mark-sweep generation total 393216K, used 0K [0x00000000e8000000, 0x0000000100000000, 0x0000000100000000)
 Metaspace       used 20026K, capacity 20374K, committed 20736K, reserved 1067008K
  class space    used 2298K, capacity 2473K, committed 2560K, reserved 1048576K
2017-04-10T11:35:34.544+0200: 2,824: [GC (Allocation Failure) 2017-04-10T11:35:34.544+0200: 2,824: [ParNew
Desired survivor size 20112992 bytes, new threshold 8 (max 8)
- age   1:    3786776 bytes,    3786776 total
- age   2:    6660080 bytes,   10446856 total
: 99828K->11739K(109248K), 0,0151540 secs] 99828K->11739K(502464K), 0,0152235 secs] [Times: user=0,04 sys=0,01, real=0,02 secs] 
Heap after GC invocations=2 (full 0):
 par new generation   total 109248K, used 11739K [0x00000000e0000000, 0x00000000e8000000, 0x00000000e8000000)
  eden space 87424K,   0% used [0x00000000e0000000, 0x00000000e0000000, 0x00000000e5560000)
  from space 21824K,  53% used [0x00000000e5560000, 0x00000000e60d6c90, 0x00000000e6ab0000)
  to   space 21824K,   0% used [0x00000000e6ab0000, 0x00000000e6ab0000, 0x00000000e8000000)
 concurrent mark-sweep generation total 393216K, used 0K [0x00000000e8000000, 0x0000000100000000, 0x0000000100000000)
 Metaspace       used 20026K, capacity 20374K, committed 20736K, reserved 1067008K
  class space    used 2298K, capacity 2473K, committed 2560K, reserved 1048576K
}
2017-04-10T11:35:34.559+0200: 2,839: Total time for which application threads were stopped: 0,0156538 seconds, Stopping threads took: 0,0000519 seconds
2017-04-10T11:35:34.589+0200: 2,870: Total time for which application threads were stopped: 0,0014230 seconds, Stopping threads took: 0,0011518 seconds
2017-04-10T11:35:34.730+0200: 3,011: Total time for which application threads were stopped: 0,0002008 seconds, Stopping threads took: 0,0000740 seconds
{Heap before GC invocations=2 (full 0):
 par new generation   total 109248K, used 99163K [0x00000000e0000000, 0x00000000e8000000, 0x00000000e8000000)
  eden space 87424K, 100% used [0x00000000e0000000, 0x00000000e5560000, 0x00000000e5560000)
  from space 21824K,  53% used [0x00000000e5560000, 0x00000000e60d6c90, 0x00000000e6ab0000)
  to   space 21824K,   0% used [0x00000000e6ab0000, 0x00000000e6ab0000, 0x00000000e8000000)
 concurrent mark-sweep generation total 393216K, used 0K [0x00000000e8000000, 0x0000000100000000, 0x0000000100000000)
 Metaspace       used 20942K, capacity 21296K, committed 21552K, reserved 1069056K
  class space    used 2420K, capacity 2592K, committed 2608K, reserved 1048576K
2017-04-10T11:35:34.741+0200: 3,021: [GC (Allocation Failure) 2017-04-10T11:35:34.741+0200: 3,021: [ParNew
Desired survivor size 20112992 bytes, new threshold 8 (max 8)
- age   1:    2247456 bytes,    2247456 total
- age   2:     856832 bytes,    3104288 total
- age   3:    6656688 bytes,    9760976 total
: 99163K->16812K(109248K), 0,0099038 secs] 99163K->16812K(502464K), 0,0099893 secs] [Times: user=0,03 sys=0,00, real=0,00 secs] 
Heap after GC invocations=3 (full 0):
 par new generation   total 109248K, used 16812K [0x00000000e0000000, 0x00000000e8000000, 0x00000000e8000000)
  eden space 87424K,   0% used [0x00000000e0000000, 0x00000000e0000000, 0x00000000e5560000)
  from space 21824K,  77% used [0x00000000e6ab0000, 0x00000000e7b1b0c8, 0x00000000e8000000)
  to   space 21824K,   0% used [0x00000000e5560000, 0x00000000e5560000, 0x00000000e6ab0000)
 concurrent mark-sweep generation total 393216K, used 0K [0x00000000e8000000, 0x0000000100000000, 0x0000000100000000)
 Metaspace       used 20942K, capacity 21296K, committed 21552K, reserved 1069056K
  class space    used 2420K, capacity 2592K, committed 2608K, reserved 1048576K
}
2017-04-10T11:35:34.751+0200: 3,031: Total time for which application threads were stopped: 0,0102530 seconds, Stopping threads took: 0,0001015 seconds
2017-04-10T11:35:34.757+0200: 3,038: [GC (CMS Initial Mark) [1 CMS-initial-mark: 0K(393216K)] 20047K(502464K), 0,0039353 secs] [Times: user=0,01 sys=0,00, real=0,01 secs] 
2017-04-10T11:35:34.761+0200: 3,042: Total time for which application threads were stopped: 0,0041519 seconds, Stopping threads took: 0,0000935 seconds
2017-04-10T11:35:34.761+0200: 3,042: [CMS-concurrent-mark-start]
2017-04-10T11:35:34.762+0200: 3,043: [CMS-concurrent-mark: 0,000/0,000 secs] [Times: user=0,00 sys=0,01, real=0,00 secs] 
2017-04-10T11:35:34.762+0200: 3,043: [CMS-concurrent-preclean-start]
2017-04-10T11:35:34.763+0200: 3,044: [CMS-concurrent-preclean: 0,001/0,001 secs] [Times: user=0,00 sys=0,00, real=0,00 secs] 
2017-04-10T11:35:34.763+0200: 3,044: [CMS-concurrent-abortable-preclean-start]
2017-04-10T11:35:34.872+0200: 3,153: Total time for which application threads were stopped: 0,0001563 seconds, Stopping threads took: 0,0000483 seconds
2017-04-10T11:35:34.872+0200: 3,153: [CMS-concurrent-abortable-preclean: 0,069/0,109 secs] [Times: user=0,43 sys=0,00, real=0,11 secs] 
2017-04-10T11:35:34.875+0200: 3,155: Total time for which application threads were stopped: 0,0001277 seconds, Stopping threads took: 0,0000606 seconds
2017-04-10T11:35:34.875+0200: 3,156: [GC (CMS Final Remark) [YG occupancy: 97417 K (109248 K)]{Heap before GC invocations=3 (full 1):
 par new generation   total 109248K, used 97417K [0x00000000e0000000, 0x00000000e8000000, 0x00000000e8000000)
  eden space 87424K,  92% used [0x00000000e0000000, 0x00000000e4eb74a0, 0x00000000e5560000)
  from space 21824K,  77% used [0x00000000e6ab0000, 0x00000000e7b1b0c8, 0x00000000e8000000)
  to   space 21824K,   0% used [0x00000000e5560000, 0x00000000e5560000, 0x00000000e6ab0000)
 concurrent mark-sweep generation total 393216K, used 0K [0x00000000e8000000, 0x0000000100000000, 0x0000000100000000)
 Metaspace       used 21242K, capacity 21592K, committed 21756K, reserved 1069056K
  class space    used 2450K, capacity 2612K, committed 2736K, reserved 1048576K
2017-04-10T11:35:34.875+0200: 3,156: [GC (CMS Final Remark) 2017-04-10T11:35:34.875+0200: 3,156: [ParNew
Desired survivor size 20112992 bytes, new threshold 8 (max 8)
- age   1:    1625240 bytes,    1625240 total
- age   2:    1462736 bytes,    3087976 total
- age   3:     823424 bytes,    3911400 total
- age   4:    6656688 bytes,   10568088 total
: 97417K->11961K(109248K), 0,0119382 secs] 97417K->11961K(502464K), 0,0121010 secs] [Times: user=0,04 sys=0,00, real=0,01 secs] 
Heap after GC invocations=4 (full 1):
 par new generation   total 109248K, used 11961K [0x00000000e0000000, 0x00000000e8000000, 0x00000000e8000000)
  eden space 87424K,   0% used [0x00000000e0000000, 0x00000000e0000000, 0x00000000e5560000)
  from space 21824K,  54% used [0x00000000e5560000, 0x00000000e610e730, 0x00000000e6ab0000)
  to   space 21824K,   0% used [0x00000000e6ab0000, 0x00000000e6ab0000, 0x00000000e8000000)
 concurrent mark-sweep generation total 393216K, used 0K [0x00000000e8000000, 0x0000000100000000, 0x0000000100000000)
 Metaspace       used 21242K, capacity 21592K, committed 21756K, reserved 1069056K
  class space    used 2450K, capacity 2612K, committed 2736K, reserved 1048576K
}
2017-04-10T11:35:34.887+0200: 3,168: [Rescan (parallel) , 0,0043895 secs]2017-04-10T11:35:34.892+0200: 3,172: [weak refs processing, 0,0049941 secs]2017-04-10T11:35:34.897+0200: 3,177: [class unloading, 0,0029062 secs]2017-04-10T11:35:34.900+0200: 3,180: [scrub symbol table, 0,0036253 secs]2017-04-10T11:35:34.903+0200: 3,184: [scrub string table, 0,0003475 secs][1 CMS-remark: 0K(393216K)] 11961K(502464K), 0,0289984 secs] [Times: user=0,07 sys=0,00, real=0,03 secs] 
2017-04-10T11:35:34.904+0200: 3,185: Total time for which application threads were stopped: 0,0291003 seconds, Stopping threads took: 0,0000292 seconds
2017-04-10T11:35:34.904+0200: 3,185: [CMS-concurrent-sweep-start]
2017-04-10T11:35:34.904+0200: 3,185: [CMS-concurrent-sweep: 0,000/0,000 secs] [Times: user=0,00 sys=0,00, real=0,00 secs] 
2017-04-10T11:35:34.904+0200: 3,185: [CMS-concurrent-reset-start]
2017-04-10T11:35:34.912+0200: 3,193: [CMS-concurrent-reset: 0,008/0,008 secs] [Times: user=0,02 sys=0,00, real=0,01 secs] 
{Heap before GC invocations=4 (full 1):
 par new generation   total 109248K, used 99385K [0x00000000e0000000, 0x00000000e8000000, 0x00000000e8000000)
  eden space 87424K, 100% used [0x00000000e0000000, 0x00000000e5560000, 0x00000000e5560000)
  from space 21824K,  54% used [0x00000000e5560000, 0x00000000e610e730, 0x00000000e6ab0000)
  to   space 21824K,   0% used [0x00000000e6ab0000, 0x00000000e6ab0000, 0x00000000e8000000)
 concurrent mark-sweep generation total 393216K, used 0K [0x00000000e8000000, 0x0000000100000000, 0x0000000100000000)
 Metaspace       used 21365K, capacity 21752K, committed 22012K, reserved 1069056K
  class space    used 2470K, capacity 2644K, committed 2736K, reserved 1048576K
2017-04-10T11:35:35.001+0200: 3,282: [GC (Allocation Failure) 2017-04-10T11:35:35.001+0200: 3,282: [ParNew
Desired survivor size 20112992 bytes, new threshold 8 (max 8)
- age   1:     559392 bytes,     559392 total
- age   2:     176328 bytes,     735720 total
- age   3:    1462560 bytes,    2198280 total
- age   4:     821312 bytes,    3019592 total
- age   5:    6656672 bytes,    9676264 total
: 99385K->13404K(109248K), 0,0100950 secs] 99385K->13404K(502464K), 0,0101602 secs] [Times: user=0,04 sys=0,00, real=0,01 secs] 
Heap after GC invocations=5 (full 1):
 par new generation   total 109248K, used 13404K [0x00000000e0000000, 0x00000000e8000000, 0x00000000e8000000)
  eden space 87424K,   0% used [0x00000000e0000000, 0x00000000e0000000, 0x00000000e5560000)
  from space 21824K,  61% used [0x00000000e6ab0000, 0x00000000e77c7210, 0x00000000e8000000)
  to   space 21824K,   0% used [0x00000000e5560000, 0x00000000e5560000, 0x00000000e6ab0000)
 concurrent mark-sweep generation total 393216K, used 0K [0x00000000e8000000, 0x0000000100000000, 0x0000000100000000)
 Metaspace       used 21365K, capacity 21752K, committed 22012K, reserved 1069056K
  class space    used 2470K, capacity 2644K, committed 2736K, reserved 1048576K
}
2017-04-10T11:35:35.011+0200: 3,292: Total time for which application threads were stopped: 0,0105019 seconds, Stopping threads took: 0,0001499 seconds
2017-04-10T11:35:35.066+0200: 3,347: Total time for which application threads were stopped: 0,0003952 seconds, Stopping threads took: 0,0000466 seconds
2017-04-10T11:35:35.327+0200: 3,608: Total time for which application threads were stopped: 0,0004880 seconds, Stopping threads took: 0,0000368 seconds
2017-04-10T11:35:35.349+0200: 3,629: Total time for which application threads were stopped: 0,0004226 seconds, Stopping threads took: 0,0000345 seconds
{Heap before GC invocations=5 (full 1):
 par new generation   total 109248K, used 100828K [0x00000000e0000000, 0x00000000e8000000, 0x00000000e8000000)
  eden space 87424K, 100% used [0x00000000e0000000, 0x00000000e5560000, 0x00000000e5560000)
  from space 21824K,  61% used [0x00000000e6ab0000, 0x00000000e77c7210, 0x00000000e8000000)
  to   space 21824K,   0% used [0x00000000e5560000, 0x00000000e5560000, 0x00000000e6ab0000)
 concurrent mark-sweep generation total 393216K, used 0K [0x00000000e8000000, 0x0000000100000000, 0x0000000100000000)
 Metaspace       used 23920K, capacity 24420K, committed 24624K, reserved 1071104K
  class space    used 2827K, capacity 3020K, committed 3120K, reserved 1048576K
2017-04-10T11:35:35.506+0200: 3,787: [GC (Allocation Failure) 2017-04-10T11:35:35.507+0200: 3,787: [ParNew
Desired survivor size 20112992 bytes, new threshold 8 (max 8)
- age   1:    5472544 bytes,    5472544 total
- age   2:     115232 bytes,    5587776 total
- age   3:     175016 bytes,    5762792 total
- age   4:     284952 bytes,    6047744 total
- age   5:     797016 bytes,    6844760 total
- age   6:    6648256 bytes,   13493016 total
: 100828K->15888K(109248K), 0,0116534 secs] 100828K->15888K(502464K), 0,0117299 secs] [Times: user=0,04 sys=0,00, real=0,01 secs] 
Heap after GC invocations=6 (full 1):
 par new generation   total 109248K, used 15888K [0x00000000e0000000, 0x00000000e8000000, 0x00000000e8000000)
  eden space 87424K,   0% used [0x00000000e0000000, 0x00000000e0000000, 0x00000000e5560000)
  from space 21824K,  72% used [0x00000000e5560000, 0x00000000e64e4130, 0x00000000e6ab0000)
  to   space 21824K,   0% used [0x00000000e6ab0000, 0x00000000e6ab0000, 0x00000000e8000000)
 concurrent mark-sweep generation total 393216K, used 0K [0x00000000e8000000, 0x0000000100000000, 0x0000000100000000)
 Metaspace       used 23920K, capacity 24420K, committed 24624K, reserved 1071104K
  class space    used 2827K, capacity 3020K, committed 3120K, reserved 1048576K
}
2017-04-10T11:35:35.518+0200: 3,799: Total time for which application threads were stopped: 0,0120159 seconds, Stopping threads took: 0,0000817 seconds
{Heap before GC invocations=6 (full 1):
 par new generation   total 109248K, used 103312K [0x00000000e0000000, 0x00000000e8000000, 0x00000000e8000000)
  eden space 87424K, 100% used [0x00000000e0000000, 0x00000000e5560000, 0x00000000e5560000)
  from space 21824K,  72% used [0x00000000e5560000, 0x00000000e64e4130, 0x00000000e6ab0000)
  to   space 21824K,   0% used [0x00000000e6ab0000, 0x00000000e6ab0000, 0x00000000e8000000)
 concurrent mark-sweep generation total 393216K, used 0K [0x00000000e8000000, 0x0000000100000000, 0x0000000100000000)
 Metaspace       used 24691K, capacity 25194K, committed 25392K, reserved 1071104K
  class space    used 2894K, capacity 3085K, committed 3120K, reserved 1048576K
2017-04-10T11:35:35.650+0200: 3,931: [GC (Allocation Failure) 2017-04-10T11:35:35.650+0200: 3,931: [ParNew
Desired survivor size 20112992 bytes, new threshold 8 (max 8)
- age   1:    2430936 bytes,    2430936 total
- age   2:    1857136 bytes,    4288072 total
- age   3:      57528 bytes,    4345600 total
- age   4:     100448 bytes,    4446048 total
- age   5:     183648 bytes,    4629696 total
- age   6:     754016 bytes,    5383712 total
- age   7:    6113552 bytes,   11497264 total
: 103312K->19822K(109248K), 0,0202217 secs] 103312K->19822K(502464K), 0,0202984 secs] [Times: user=0,07 sys=0,00, real=0,02 secs] 
Heap after GC invocations=7 (full 1):
 par new generation   total 109248K, used 19822K [0x00000000e0000000, 0x00000000e8000000, 0x00000000e8000000)
  eden space 87424K,   0% used [0x00000000e0000000, 0x00000000e0000000, 0x00000000e5560000)
  from space 21824K,  90% used [0x00000000e6ab0000, 0x00000000e7e0b8c8, 0x00000000e8000000)
  to   space 21824K,   0% used [0x00000000e5560000, 0x00000000e5560000, 0x00000000e6ab0000)
 concurrent mark-sweep generation total 393216K, used 0K [0x00000000e8000000, 0x0000000100000000, 0x0000000100000000)
 Metaspace       used 24691K, capacity 25194K, committed 25392K, reserved 1071104K
  class space    used 2894K, capacity 3085K, committed 3120K, reserved 1048576K
}
2017-04-10T11:35:35.671+0200: 3,951: Total time for which application threads were stopped: 0,0205933 seconds, Stopping threads took: 0,0000791 seconds
{Heap before GC invocations=7 (full 1):
 par new generation   total 109248K, used 107246K [0x00000000e0000000, 0x00000000e8000000, 0x00000000e8000000)
  eden space 87424K, 100% used [0x00000000e0000000, 0x00000000e5560000, 0x00000000e5560000)
  from space 21824K,  90% used [0x00000000e6ab0000, 0x00000000e7e0b8c8, 0x00000000e8000000)
  to   space 21824K,   0% used [0x00000000e5560000, 0x00000000e5560000, 0x00000000e6ab0000)
 concurrent mark-sweep generation total 393216K, used 0K [0x00000000e8000000, 0x0000000100000000, 0x0000000100000000)
 Metaspace       used 24953K, capacity 25412K, committed 25648K, reserved 1071104K
  class space    used 2912K, capacity 3090K, committed 3120K, reserved 1048576K
2017-04-10T11:35:35.749+0200: 4,030: [GC (Allocation Failure) 2017-04-10T11:35:35.750+0200: 4,030: [ParNew
Desired survivor size 20112992 bytes, new threshold 8 (max 8)
- age   1:     636152 bytes,     636152 total
- age   2:    1082016 bytes,    1718168 total
- age   3:    1834256 bytes,    3552424 total
- age   4:      57528 bytes,    3609952 total
- age   5:      97832 bytes,    3707784 total
- age   6:     183120 bytes,    3890904 total
- age   7:     753216 bytes,    4644120 total
- age   8:    6113520 bytes,   10757640 total
: 107246K->12687K(109248K), 0,0103575 secs] 107246K->12687K(502464K), 0,0104318 secs] [Times: user=0,04 sys=0,00, real=0,02 secs] 
Heap after GC invocations=8 (full 1):
 par new generation   total 109248K, used 12687K [0x00000000e0000000, 0x00000000e8000000, 0x00000000e8000000)
  eden space 87424K,   0% used [0x00000000e0000000, 0x00000000e0000000, 0x00000000e5560000)
  from space 21824K,  58% used [0x00000000e5560000, 0x00000000e61c3c30, 0x00000000e6ab0000)
  to   space 21824K,   0% used [0x00000000e6ab0000, 0x00000000e6ab0000, 0x00000000e8000000)
 concurrent mark-sweep generation total 393216K, used 0K [0x00000000e8000000, 0x0000000100000000, 0x0000000100000000)
 Metaspace       used 24953K, capacity 25412K, committed 25648K, reserved 1071104K
  class space    used 2912K, capacity 3090K, committed 3120K, reserved 1048576K
}
2017-04-10T11:35:35.760+0200: 4,041: Total time for which application threads were stopped: 0,0106489 seconds, Stopping threads took: 0,0000717 seconds
2017-04-10T11:35:35.771+0200: 4,052: Total time for which application threads were stopped: 0,0022559 seconds, Stopping threads took: 0,0020017 seconds
2017-04-10T11:35:35.872+0200: 4,152: Total time for which application threads were stopped: 0,0003412 seconds, Stopping threads took: 0,0001987 seconds
2017-04-10T11:35:35.889+0200: 4,170: Total time for which application threads were stopped: 0,0001948 seconds, Stopping threads took: 0,0000551 seconds
2017-04-10T11:35:35.889+0200: 4,170: Total time for which application threads were stopped: 0,0001206 seconds, Stopping threads took: 0,0000205 seconds
2017-04-10T11:35:35.890+0200: 4,170: Total time for which application threads were stopped: 0,0000774 seconds, Stopping threads took: 0,0000185 seconds
2017-04-10T11:35:35.890+0200: 4,170: Total time for which application threads were stopped: 0,0000798 seconds, Stopping threads took: 0,0000183 seconds
2017-04-10T11:35:35.890+0200: 4,170: Total time for which application threads were stopped: 0,0000591 seconds, Stopping threads took: 0,0000206 seconds
2017-04-10T11:35:35.891+0200: 4,172: Total time for which application threads were stopped: 0,0011729 seconds, Stopping threads took: 0,0010371 seconds
2017-04-10T11:35:35.892+0200: 4,172: Total time for which application threads were stopped: 0,0001895 seconds, Stopping threads took: 0,0000362 seconds
2017-04-10T11:35:35.893+0200: 4,173: Total time for which application threads were stopped: 0,0001375 seconds, Stopping threads took: 0,0000365 seconds
2017-04-10T11:35:35.893+0200: 4,173: Total time for which application threads were stopped: 0,0000722 seconds, Stopping threads took: 0,0000172 seconds
2017-04-10T11:35:35.893+0200: 4,174: Total time for which application threads were stopped: 0,0000884 seconds, Stopping threads took: 0,0000197 seconds
2017-04-10T11:35:35.893+0200: 4,174: Total time for which application threads were stopped: 0,0000833 seconds, Stopping threads took: 0,0000187 seconds
2017-04-10T11:35:35.893+0200: 4,174: Total time for which application threads were stopped: 0,0000934 seconds, Stopping threads took: 0,0000259 seconds
2017-04-10T11:35:35.893+0200: 4,174: Total time for which application threads were stopped: 0,0000734 seconds, Stopping threads took: 0,0000192 seconds
2017-04-10T11:35:35.894+0200: 4,174: Total time for which application threads were stopped: 0,0000676 seconds, Stopping threads took: 0,0000172 seconds
2017-04-10T11:35:35.894+0200: 4,174: Total time for which application threads were stopped: 0,0000801 seconds, Stopping threads took: 0,0000186 seconds
2017-04-10T11:35:35.894+0200: 4,175: Total time for which application threads were stopped: 0,0000803 seconds, Stopping threads took: 0,0000202 seconds
2017-04-10T11:35:35.894+0200: 4,175: Total time for which application threads were stopped: 0,0000692 seconds, Stopping threads took: 0,0000167 seconds
2017-04-10T11:35:35.894+0200: 4,175: Total time for which application threads were stopped: 0,0000775 seconds, Stopping threads took: 0,0000198 seconds
2017-04-10T11:35:35.894+0200: 4,175: Total time for which application threads were stopped: 0,0000671 seconds, Stopping threads took: 0,0000157 seconds
2017-04-10T11:35:35.895+0200: 4,175: Total time for which application threads were stopped: 0,0000655 seconds, Stopping threads took: 0,0000161 seconds
2017-04-10T11:35:35.895+0200: 4,176: Total time for which application threads were stopped: 0,0001056 seconds, Stopping threads took: 0,0000296 seconds
2017-04-10T11:35:35.895+0200: 4,176: Total time for which application threads were stopped: 0,0000725 seconds, Stopping threads took: 0,0000166 seconds
2017-04-10T11:35:35.903+0200: 4,183: Total time for which application threads were stopped: 0,0001556 seconds, Stopping threads took: 0,0000382 seconds
2017-04-10T11:35:35.903+0200: 4,184: Total time for which application threads were stopped: 0,0001151 seconds, Stopping threads took: 0,0000255 seconds
2017-04-10T11:35:35.903+0200: 4,184: Total time for which application threads were stopped: 0,0000971 seconds, Stopping threads took: 0,0000250 seconds
2017-04-10T11:35:35.903+0200: 4,184: Total time for which application threads were stopped: 0,0000885 seconds, Stopping threads took: 0,0000217 seconds
2017-04-10T11:35:35.904+0200: 4,184: Total time for which application threads were stopped: 0,0000859 seconds, Stopping threads took: 0,0000214 seconds
2017-04-10T11:35:35.904+0200: 4,184: Total time for which application threads were stopped: 0,0001704 seconds, Stopping threads took: 0,0000184 seconds
2017-04-10T11:35:35.959+0200: 4,240: Total time for which application threads were stopped: 0,0001441 seconds, Stopping threads took: 0,0000379 seconds
2017-04-10T11:35:35.959+0200: 4,240: Total time for which application threads were stopped: 0,0000763 seconds, Stopping threads took: 0,0000249 seconds
2017-04-10T11:35:35.959+0200: 4,240: Total time for which application threads were stopped: 0,0002301 seconds, Stopping threads took: 0,0001732 seconds
2017-04-10T11:35:35.960+0200: 4,240: Total time for which application threads were stopped: 0,0000771 seconds, Stopping threads took: 0,0000320 seconds
2017-04-10T11:35:35.960+0200: 4,240: Total time for which application threads were stopped: 0,0000648 seconds, Stopping threads took: 0,0000224 seconds
2017-04-10T11:35:35.961+0200: 4,241: Total time for which application threads were stopped: 0,0001132 seconds, Stopping threads took: 0,0000309 seconds
2017-04-10T11:35:35.961+0200: 4,242: Total time for which application threads were stopped: 0,0000651 seconds, Stopping threads took: 0,0000244 seconds
2017-04-10T11:35:35.961+0200: 4,242: Total time for which application threads were stopped: 0,0000584 seconds, Stopping threads took: 0,0000186 seconds
2017-04-10T11:35:35.961+0200: 4,242: Total time for which application threads were stopped: 0,0000559 seconds, Stopping threads took: 0,0000189 seconds
2017-04-10T11:35:35.961+0200: 4,242: Total time for which application threads were stopped: 0,0000527 seconds, Stopping threads took: 0,0000190 seconds
2017-04-10T11:35:35.961+0200: 4,242: Total time for which application threads were stopped: 0,0000542 seconds, Stopping threads took: 0,0000181 seconds
2017-04-10T11:35:35.961+0200: 4,242: Total time for which application threads were stopped: 0,0000706 seconds, Stopping threads took: 0,0000222 seconds
2017-04-10T11:35:35.962+0200: 4,242: Total time for which application threads were stopped: 0,0000517 seconds, Stopping threads took: 0,0000177 seconds
2017-04-10T11:35:35.962+0200: 4,242: Total time for which application threads were stopped: 0,0000819 seconds, Stopping threads took: 0,0000332 seconds
2017-04-10T11:35:35.962+0200: 4,242: Total time for which application threads were stopped: 0,0000879 seconds, Stopping threads took: 0,0000506 seconds
2017-04-10T11:35:35.962+0200: 4,243: Total time for which application threads were stopped: 0,0000972 seconds, Stopping threads took: 0,0000337 seconds
2017-04-10T11:35:35.962+0200: 4,243: Total time for which application threads were stopped: 0,0000748 seconds, Stopping threads took: 0,0000182 seconds
2017-04-10T11:35:35.962+0200: 4,243: Total time for which application threads were stopped: 0,0001156 seconds, Stopping threads took: 0,0000679 seconds
2017-04-10T11:35:35.962+0200: 4,243: Total time for which application threads were stopped: 0,0000674 seconds, Stopping threads took: 0,0000178 seconds
2017-04-10T11:35:35.963+0200: 4,243: Total time for which application threads were stopped: 0,0001943 seconds, Stopping threads took: 0,0000176 seconds
2017-04-10T11:35:35.972+0200: 4,252: Total time for which application threads were stopped: 0,0061576 seconds, Stopping threads took: 0,0060621 seconds
2017-04-10T11:35:35.983+0200: 4,264: Total time for which application threads were stopped: 0,0007982 seconds, Stopping threads took: 0,0007058 seconds
2017-04-10T11:35:35.997+0200: 4,278: Total time for which application threads were stopped: 0,0025073 seconds, Stopping threads took: 0,0023638 seconds
2017-04-10T11:35:36.000+0200: 4,281: Total time for which application threads were stopped: 0,0009605 seconds, Stopping threads took: 0,0008836 seconds
2017-04-10T11:35:36.005+0200: 4,286: Total time for which application threads were stopped: 0,0001719 seconds, Stopping threads took: 0,0000368 seconds
2017-04-10T11:35:36.006+0200: 4,286: Total time for which application threads were stopped: 0,0000954 seconds, Stopping threads took: 0,0000125 seconds
2017-04-10T11:35:36.031+0200: 4,311: Total time for which application threads were stopped: 0,0018368 seconds, Stopping threads took: 0,0017098 seconds
2017-04-10T11:35:36.048+0200: 4,328: Total time for which application threads were stopped: 0,0004950 seconds, Stopping threads took: 0,0004177 seconds
2017-04-10T11:35:36.054+0200: 4,334: Total time for which application threads were stopped: 0,0001819 seconds, Stopping threads took: 0,0000908 seconds
2017-04-10T11:35:36.099+0200: 4,380: Total time for which application threads were stopped: 0,0004323 seconds, Stopping threads took: 0,0000295 seconds
2017-04-10T11:35:36.117+0200: 4,397: Total time for which application threads were stopped: 0,0004109 seconds, Stopping threads took: 0,0000250 seconds
2017-04-10T11:35:36.202+0200: 4,482: Total time for which application threads were stopped: 0,0001594 seconds, Stopping threads took: 0,0000355 seconds
2017-04-10T11:35:36.221+0200: 4,501: Total time for which application threads were stopped: 0,0005549 seconds, Stopping threads took: 0,0000393 seconds
2017-04-10T11:35:36.222+0200: 4,503: Total time for which application threads were stopped: 0,0001804 seconds, Stopping threads took: 0,0000647 seconds
2017-04-10T11:35:36.227+0200: 4,507: Total time for which application threads were stopped: 0,0043616 seconds, Stopping threads took: 0,0042450 seconds
2017-04-10T11:35:36.227+0200: 4,508: Total time for which application threads were stopped: 0,0001013 seconds, Stopping threads took: 0,0000309 seconds
2017-04-10T11:35:36.239+0200: 4,519: Total time for which application threads were stopped: 0,0001265 seconds, Stopping threads took: 0,0000475 seconds
2017-04-10T11:35:36.251+0200: 4,532: Total time for which application threads were stopped: 0,0001340 seconds, Stopping threads took: 0,0000250 seconds
2017-04-10T11:35:36.255+0200: 4,535: Total time for which application threads were stopped: 0,0003733 seconds, Stopping threads took: 0,0002558 seconds
2017-04-10T11:35:36.263+0200: 4,543: Total time for which application threads were stopped: 0,0059411 seconds, Stopping threads took: 0,0058358 seconds
2017-04-10T11:35:36.266+0200: 4,547: Total time for which application threads were stopped: 0,0002722 seconds, Stopping threads took: 0,0001148 seconds
2017-04-10T11:35:36.271+0200: 4,551: Total time for which application threads were stopped: 0,0017343 seconds, Stopping threads took: 0,0015962 seconds
2017-04-10T11:35:36.275+0200: 4,555: Total time for which application threads were stopped: 0,0001510 seconds, Stopping threads took: 0,0000615 seconds
2017-04-10T11:35:36.277+0200: 4,557: Total time for which application threads were stopped: 0,0002696 seconds, Stopping threads took: 0,0000600 seconds
2017-04-10T11:35:36.280+0200: 4,560: Total time for which application threads were stopped: 0,0000969 seconds, Stopping threads took: 0,0000194 seconds
2017-04-10T11:35:36.283+0200: 4,563: Total time for which application threads were stopped: 0,0001529 seconds, Stopping threads took: 0,0000376 seconds
2017-04-10T11:35:36.291+0200: 4,571: Total time for which application threads were stopped: 0,0023542 seconds, Stopping threads took: 0,0022370 seconds
2017-04-10T11:35:36.305+0200: 4,585: Total time for which application threads were stopped: 0,0004459 seconds, Stopping threads took: 0,0003319 seconds
2017-04-10T11:35:36.314+0200: 4,595: Total time for which application threads were stopped: 0,0005074 seconds, Stopping threads took: 0,0004163 seconds
2017-04-10T11:35:36.340+0200: 4,621: Total time for which application threads were stopped: 0,0001681 seconds, Stopping threads took: 0,0000455 seconds
2017-04-10T11:35:36.343+0200: 4,623: Total time for which application threads were stopped: 0,0000992 seconds, Stopping threads took: 0,0000200 seconds
2017-04-10T11:35:36.359+0200: 4,640: Total time for which application threads were stopped: 0,0004253 seconds, Stopping threads took: 0,0000323 seconds
2017-04-10T11:35:36.360+0200: 4,641: Total time for which application threads were stopped: 0,0002404 seconds, Stopping threads took: 0,0001786 seconds
2017-04-10T11:35:36.365+0200: 4,646: Total time for which application threads were stopped: 0,0001989 seconds, Stopping threads took: 0,0000718 seconds
2017-04-10T11:35:37.365+0200: 5,646: Total time for which application threads were stopped: 0,0000671 seconds, Stopping threads took: 0,0000169 seconds
2017-04-10T11:35:43.366+0200: 11,647: Total time for which application threads were stopped: 0,0000613 seconds, Stopping threads took: 0,0000160 seconds
2017-04-10T11:35:54.375+0200: 22,656: Total time for which application threads were stopped: 0,0000687 seconds, Stopping threads took: 0,0000168 seconds
2017-04-10T11:36:04.376+0200: 32,657: Total time for which application threads were stopped: 0,0002782 seconds, Stopping threads took: 0,0000816 seconds
{Heap before GC invocations=8 (full 1):
 par new generation   total 109248K, used 100111K [0x00000000e0000000, 0x00000000e8000000, 0x00000000e8000000)
  eden space 87424K, 100% used [0x00000000e0000000, 0x00000000e5560000, 0x00000000e5560000)
  from space 21824K,  58% used [0x00000000e5560000, 0x00000000e61c3c30, 0x00000000e6ab0000)
  to   space 21824K,   0% used [0x00000000e6ab0000, 0x00000000e6ab0000, 0x00000000e8000000)
 concurrent mark-sweep generation total 393216K, used 0K [0x00000000e8000000, 0x0000000100000000, 0x0000000100000000)
 Metaspace       used 28032K, capacity 28526K, committed 28848K, reserved 1075200K
  class space    used 3216K, capacity 3397K, committed 3504K, reserved 1048576K
2017-04-10T11:36:08.155+0200: 36,436: [GC (Allocation Failure) 2017-04-10T11:36:08.155+0200: 36,436: [ParNew
Desired survivor size 20112992 bytes, new threshold 8 (max 8)
- age   1:   11028064 bytes,   11028064 total
- age   2:     178784 bytes,   11206848 total
- age   3:     291136 bytes,   11497984 total
- age   4:    1828872 bytes,   13326856 total
- age   5:      57528 bytes,   13384384 total
- age   6:      97704 bytes,   13482088 total
- age   7:     183024 bytes,   13665112 total
- age   8:     751888 bytes,   14417000 total
: 100111K->18431K(109248K), 0,0681227 secs] 100111K->24936K(502464K), 0,0684783 secs] [Times: user=0,11 sys=0,00, real=0,07 secs] 
Heap after GC invocations=9 (full 1):
 par new generation   total 109248K, used 18431K [0x00000000e0000000, 0x00000000e8000000, 0x00000000e8000000)
  eden space 87424K,   0% used [0x00000000e0000000, 0x00000000e0000000, 0x00000000e5560000)
  from space 21824K,  84% used [0x00000000e6ab0000, 0x00000000e7cafdf8, 0x00000000e8000000)
  to   space 21824K,   0% used [0x00000000e5560000, 0x00000000e5560000, 0x00000000e6ab0000)
 concurrent mark-sweep generation total 393216K, used 6504K [0x00000000e8000000, 0x0000000100000000, 0x0000000100000000)
 Metaspace       used 28032K, capacity 28526K, committed 28848K, reserved 1075200K
  class space    used 3216K, capacity 3397K, committed 3504K, reserved 1048576K
}
2017-04-10T11:36:08.224+0200: 36,504: Total time for which application threads were stopped: 0,0689690 seconds, Stopping threads took: 0,0000422 seconds
2017-04-10T11:36:08.227+0200: 36,508: Total time for which application threads were stopped: 0,0003890 seconds, Stopping threads took: 0,0002392 seconds
2017-04-10T11:36:08.227+0200: 36,508: Total time for which application threads were stopped: 0,0000639 seconds, Stopping threads took: 0,0000195 seconds
2017-04-10T11:36:59.234+0200: 87,514: Total time for which application threads were stopped: 0,0003389 seconds, Stopping threads took: 0,0000893 seconds
2017-04-10T11:37:29.238+0200: 117,518: Total time for which application threads were stopped: 0,0001222 seconds, Stopping threads took: 0,0000525 seconds
2017-04-10T11:37:34.239+0200: 122,519: Total time for which application threads were stopped: 0,0000936 seconds, Stopping threads took: 0,0000234 seconds
2017-04-10T11:38:03.243+0200: 151,523: Total time for which application threads were stopped: 0,0000793 seconds, Stopping threads took: 0,0000348 seconds
2017-04-10T11:38:04.243+0200: 152,524: Total time for which application threads were stopped: 0,0000655 seconds, Stopping threads took: 0,0000168 seconds
2017-04-10T11:57:05.151+0200: 181,851: Total time for which application threads were stopped: 0,0001096 seconds, Stopping threads took: 0,0000582 seconds
2017-04-10T11:58:31.161+0200: 267,861: Total time for which application threads were stopped: 0,0001057 seconds, Stopping threads took: 0,0000355 seconds
2017-04-10T11:58:40.162+0200: 276,862: Total time for which application threads were stopped: 0,0000639 seconds, Stopping threads took: 0,0000156 seconds
2017-04-10T11:58:41.162+0200: 277,863: Total time for which application threads were stopped: 0,0000650 seconds, Stopping threads took: 0,0000157 seconds
2017-04-10T12:18:54.220+0200: 1412,293: Total time for which application threads were stopped: 0,0000892 seconds, Stopping threads took: 0,0000336 seconds
2017-04-10T12:21:31.083+0200: 1569,156: Total time for which application threads were stopped: 0,0241845 seconds, Stopping threads took: 0,0240972 seconds
2017-04-10T12:21:31.084+0200: 1569,156: Total time for which application threads were stopped: 0,0002767 seconds, Stopping threads took: 0,0002100 seconds
2017-04-10T12:21:31.085+0200: 1569,157: Total time for which application threads were stopped: 0,0000846 seconds, Stopping threads took: 0,0000131 seconds
2017-04-10T12:21:31.094+0200: 1569,167: Total time for which application threads were stopped: 0,0000853 seconds, Stopping threads took: 0,0000177 seconds
2017-04-10T12:21:31.100+0200: 1569,172: Total time for which application threads were stopped: 0,0001063 seconds, Stopping threads took: 0,0000169 seconds
2017-04-10T12:21:31.100+0200: 1569,172: Total time for which application threads were stopped: 0,0000619 seconds, Stopping threads took: 0,0000181 seconds
2017-04-10T12:21:31.101+0200: 1569,173: Total time for which application threads were stopped: 0,0000852 seconds, Stopping threads took: 0,0000270 seconds
2017-04-10T12:21:31.101+0200: 1569,174: Total time for which application threads were stopped: 0,0000966 seconds, Stopping threads took: 0,0000231 seconds
2017-04-10T12:21:31.101+0200: 1569,174: Total time for which application threads were stopped: 0,0000693 seconds, Stopping threads took: 0,0000167 seconds
2017-04-10T12:21:31.101+0200: 1569,174: Total time for which application threads were stopped: 0,0000637 seconds, Stopping threads took: 0,0000154 seconds
2017-04-10T12:21:31.102+0200: 1569,174: Total time for which application threads were stopped: 0,0000622 seconds, Stopping threads took: 0,0000159 seconds
2017-04-10T12:21:31.102+0200: 1569,174: Total time for which application threads were stopped: 0,0000597 seconds, Stopping threads took: 0,0000153 seconds
2017-04-10T12:21:31.102+0200: 1569,174: Total time for which application threads were stopped: 0,0000583 seconds, Stopping threads took: 0,0000167 seconds
2017-04-10T12:21:31.102+0200: 1569,174: Total time for which application threads were stopped: 0,0000526 seconds, Stopping threads took: 0,0000141 seconds
2017-04-10T12:21:31.102+0200: 1569,175: Total time for which application threads were stopped: 0,0000514 seconds, Stopping threads took: 0,0000132 seconds
2017-04-10T12:21:31.102+0200: 1569,175: Total time for which application threads were stopped: 0,0000484 seconds, Stopping threads took: 0,0000124 seconds
2017-04-10T12:21:31.102+0200: 1569,175: Total time for which application threads were stopped: 0,0000493 seconds, Stopping threads took: 0,0000131 seconds
2017-04-10T12:21:31.102+0200: 1569,175: Total time for which application threads were stopped: 0,0000551 seconds, Stopping threads took: 0,0000166 seconds
2017-04-10T12:21:31.103+0200: 1569,175: Total time for which application threads were stopped: 0,0000493 seconds, Stopping threads took: 0,0000125 seconds
2017-04-10T12:21:31.103+0200: 1569,175: Total time for which application threads were stopped: 0,0000488 seconds, Stopping threads took: 0,0000153 seconds
2017-04-10T12:21:31.104+0200: 1569,176: Total time for which application threads were stopped: 0,0000925 seconds, Stopping threads took: 0,0000261 seconds
2017-04-10T12:21:31.104+0200: 1569,177: Total time for which application threads were stopped: 0,0000600 seconds, Stopping threads took: 0,0000154 seconds
2017-04-10T12:21:31.104+0200: 1569,177: Total time for which application threads were stopped: 0,0000540 seconds, Stopping threads took: 0,0000164 seconds
2017-04-10T12:21:31.104+0200: 1569,177: Total time for which application threads were stopped: 0,0000505 seconds, Stopping threads took: 0,0000134 seconds
2017-04-10T12:21:31.104+0200: 1569,177: Total time for which application threads were stopped: 0,0000481 seconds, Stopping threads took: 0,0000140 seconds
2017-04-10T12:21:31.105+0200: 1569,177: Total time for which application threads were stopped: 0,0000448 seconds, Stopping threads took: 0,0000133 seconds
2017-04-10T12:21:31.131+0200: 1569,204: Total time for which application threads were stopped: 0,0000890 seconds, Stopping threads took: 0,0000249 seconds
2017-04-10T12:21:31.132+0200: 1569,205: Total time for which application threads were stopped: 0,0000730 seconds, Stopping threads took: 0,0000125 seconds
2017-04-10T12:21:31.132+0200: 1569,205: Total time for which application threads were stopped: 0,0000450 seconds, Stopping threads took: 0,0000148 seconds
2017-04-10T12:21:31.132+0200: 1569,205: Total time for which application threads were stopped: 0,0000366 seconds, Stopping threads took: 0,0000170 seconds
2017-04-10T12:21:31.132+0200: 1569,205: Total time for which application threads were stopped: 0,0000262 seconds, Stopping threads took: 0,0000071 seconds
2017-04-10T12:21:31.132+0200: 1569,205: Total time for which application threads were stopped: 0,0000346 seconds, Stopping threads took: 0,0000125 seconds
2017-04-10T12:21:31.133+0200: 1569,205: Total time for which application threads were stopped: 0,0000427 seconds, Stopping threads took: 0,0000205 seconds
2017-04-10T12:21:31.133+0200: 1569,205: Total time for which application threads were stopped: 0,0000315 seconds, Stopping threads took: 0,0000113 seconds
2017-04-10T12:21:31.133+0200: 1569,205: Total time for which application threads were stopped: 0,0000330 seconds, Stopping threads took: 0,0000116 seconds
2017-04-10T12:21:31.133+0200: 1569,205: Total time for which application threads were stopped: 0,0000340 seconds, Stopping threads took: 0,0000120 seconds
2017-04-10T12:21:31.134+0200: 1569,206: Total time for which application threads were stopped: 0,0001029 seconds, Stopping threads took: 0,0000372 seconds
2017-04-10T12:21:31.134+0200: 1569,207: Total time for which application threads were stopped: 0,0000585 seconds, Stopping threads took: 0,0000183 seconds
2017-04-10T12:21:31.134+0200: 1569,207: Total time for which application threads were stopped: 0,0000504 seconds, Stopping threads took: 0,0000154 seconds
2017-04-10T12:21:31.135+0200: 1569,208: Total time for which application threads were stopped: 0,0001347 seconds, Stopping threads took: 0,0000776 seconds
2017-04-10T12:21:31.138+0200: 1569,211: Total time for which application threads were stopped: 0,0022803 seconds, Stopping threads took: 0,0021964 seconds
2017-04-10T12:21:31.141+0200: 1569,213: Total time for which application threads were stopped: 0,0000967 seconds, Stopping threads took: 0,0000259 seconds
2017-04-10T12:21:31.141+0200: 1569,214: Total time for which application threads were stopped: 0,0000493 seconds, Stopping threads took: 0,0000133 seconds
2017-04-10T12:21:31.141+0200: 1569,214: Total time for which application threads were stopped: 0,0000440 seconds, Stopping threads took: 0,0000125 seconds
2017-04-10T12:21:31.149+0200: 1569,222: Total time for which application threads were stopped: 0,0001272 seconds, Stopping threads took: 0,0000420 seconds
2017-04-10T12:21:31.150+0200: 1569,222: Total time for which application threads were stopped: 0,0000922 seconds, Stopping threads took: 0,0000288 seconds
2017-04-10T12:21:31.152+0200: 1569,225: Total time for which application threads were stopped: 0,0001009 seconds, Stopping threads took: 0,0000280 seconds
2017-04-10T12:21:31.153+0200: 1569,225: Total time for which application threads were stopped: 0,0000532 seconds, Stopping threads took: 0,0000090 seconds
2017-04-10T12:21:31.153+0200: 1569,225: Total time for which application threads were stopped: 0,0000530 seconds, Stopping threads took: 0,0000157 seconds
2017-04-10T12:21:31.153+0200: 1569,225: Total time for which application threads were stopped: 0,0000522 seconds, Stopping threads took: 0,0000134 seconds
2017-04-10T12:21:31.153+0200: 1569,225: Total time for which application threads were stopped: 0,0000501 seconds, Stopping threads took: 0,0000146 seconds
2017-04-10T12:21:31.153+0200: 1569,225: Total time for which application threads were stopped: 0,0000510 seconds, Stopping threads took: 0,0000151 seconds
2017-04-10T12:21:31.153+0200: 1569,226: Total time for which application threads were stopped: 0,0000548 seconds, Stopping threads took: 0,0000162 seconds
2017-04-10T12:21:31.153+0200: 1569,226: Total time for which application threads were stopped: 0,0000454 seconds, Stopping threads took: 0,0000150 seconds
2017-04-10T12:21:31.153+0200: 1569,226: Total time for which application threads were stopped: 0,0000425 seconds, Stopping threads took: 0,0000121 seconds
2017-04-10T12:21:31.154+0200: 1569,226: Total time for which application threads were stopped: 0,0000485 seconds, Stopping threads took: 0,0000167 seconds
2017-04-10T12:21:31.154+0200: 1569,226: Total time for which application threads were stopped: 0,0000476 seconds, Stopping threads took: 0,0000145 seconds
2017-04-10T12:21:31.154+0200: 1569,226: Total time for which application threads were stopped: 0,0000457 seconds, Stopping threads took: 0,0000141 seconds
2017-04-10T12:21:31.154+0200: 1569,226: Total time for which application threads were stopped: 0,0000469 seconds, Stopping threads took: 0,0000151 seconds
2017-04-10T12:21:31.154+0200: 1569,226: Total time for which application threads were stopped: 0,0000438 seconds, Stopping threads took: 0,0000119 seconds
2017-04-10T12:21:31.154+0200: 1569,227: Total time for which application threads were stopped: 0,0001527 seconds, Stopping threads took: 0,0000120 seconds
2017-04-10T12:21:31.155+0200: 1569,227: Total time for which application threads were stopped: 0,0000661 seconds, Stopping threads took: 0,0000184 seconds
2017-04-10T12:21:31.155+0200: 1569,227: Total time for which application threads were stopped: 0,0000500 seconds, Stopping threads took: 0,0000156 seconds
2017-04-10T12:21:31.155+0200: 1569,228: Total time for which application threads were stopped: 0,0000474 seconds, Stopping threads took: 0,0000154 seconds
2017-04-10T12:21:31.155+0200: 1569,228: Total time for which application threads were stopped: 0,0000459 seconds, Stopping threads took: 0,0000146 seconds
2017-04-10T12:21:31.155+0200: 1569,228: Total time for which application threads were stopped: 0,0000458 seconds, Stopping threads took: 0,0000156 seconds
2017-04-10T12:21:31.155+0200: 1569,228: Total time for which application threads were stopped: 0,0000468 seconds, Stopping threads took: 0,0000140 seconds
2017-04-10T12:21:31.155+0200: 1569,228: Total time for which application threads were stopped: 0,0000449 seconds, Stopping threads took: 0,0000152 seconds
2017-04-10T12:21:31.156+0200: 1569,228: Total time for which application threads were stopped: 0,0000466 seconds, Stopping threads took: 0,0000142 seconds
2017-04-10T12:21:31.157+0200: 1569,229: Total time for which application threads were stopped: 0,0000808 seconds, Stopping threads took: 0,0000270 seconds
2017-04-10T12:21:31.157+0200: 1569,229: Total time for which application threads were stopped: 0,0000565 seconds, Stopping threads took: 0,0000164 seconds
2017-04-10T12:21:31.157+0200: 1569,229: Total time for which application threads were stopped: 0,0000522 seconds, Stopping threads took: 0,0000151 seconds
2017-04-10T12:21:31.167+0200: 1569,239: Total time for which application threads were stopped: 0,0001018 seconds, Stopping threads took: 0,0000254 seconds
2017-04-10T12:21:31.169+0200: 1569,241: Total time for which application threads were stopped: 0,0000653 seconds, Stopping threads took: 0,0000149 seconds
2017-04-10T12:21:31.169+0200: 1569,241: Total time for which application threads were stopped: 0,0000227 seconds, Stopping threads took: 0,0000043 seconds
2017-04-10T12:21:31.169+0200: 1569,241: Total time for which application threads were stopped: 0,0000215 seconds, Stopping threads took: 0,0000043 seconds
2017-04-10T12:21:31.170+0200: 1569,242: Total time for which application threads were stopped: 0,0000551 seconds, Stopping threads took: 0,0000144 seconds
2017-04-10T12:21:31.170+0200: 1569,243: Total time for which application threads were stopped: 0,0000432 seconds, Stopping threads took: 0,0000066 seconds
Heap
 par new generation   total 109248K, used 41829K [0x00000000e0000000, 0x00000000e8000000, 0x00000000e8000000)
  eden space 87424K,  26% used [0x00000000e0000000, 0x00000000e16d9768, 0x00000000e5560000)
  from space 21824K,  84% used [0x00000000e6ab0000, 0x00000000e7cafdf8, 0x00000000e8000000)
  to   space 21824K,   0% used [0x00000000e5560000, 0x00000000e5560000, 0x00000000e6ab0000)
 concurrent mark-sweep generation total 393216K, used 6504K [0x00000000e8000000, 0x0000000100000000, 0x0000000100000000)
 Metaspace       used 28162K, capacity 28726K, committed 29104K, reserved 1075200K
  class space    used 3230K, capacity 3399K, committed 3504K, reserved 1048576K
