OpenJDK 64-Bit Server VM (25.121-b13) for linux-amd64 JRE (1.8.0_121-8u121-b13-0ubuntu1.16.04.2-b13), built on Jan 23 2017 15:51:29 by "buildd" with gcc 5.4.0 20160609
Memory: 4k page, physical 7867764k(7425460k free), swap 8076284k(8076284k free)
CommandLine flags: -XX:CMSInitiatingOccupancyFraction=50 -XX:CMSMaxAbortablePrecleanTime=6000 -XX:+CMSParallelRemarkEnabled -XX:+CMSScavengeBeforeRemark -XX:ConcGCThreads=4 -XX:InitialHeapSize=536870912 -XX:MaxHeapSize=536870912 -XX:MaxTenuringThreshold=8 -XX:NewRatio=3 -XX:OldPLABSize=16 -XX:OnOutOfMemoryError=/opt/solr/bin/oom_solr.sh 8983 /var/solr/logs -XX:ParallelGCThreads=4 -XX:+ParallelRefProcEnabled -XX:PretenureSizeThreshold=67108864 -XX:+PrintGC -XX:+PrintGCApplicationStoppedTime -XX:+PrintGCDateStamps -XX:+PrintGCDetails -XX:+PrintGCTimeStamps -XX:+PrintHeapAtGC -XX:+PrintTenuringDistribution -XX:SurvivorRatio=4 -XX:TargetSurvivorRatio=90 -XX:ThreadStackSize=256 -XX:+UseCMSInitiatingOccupancyOnly -XX:+UseCompressedClassPointers -XX:+UseCompressedOops -XX:+UseConcMarkSweepGC -XX:+UseParNewGC 
2017-04-23T13:43:13.032+0200: 0,148: Total time for which application threads were stopped: 0,0000755 seconds, Stopping threads took: 0,0000097 seconds
2017-04-23T13:43:13.114+0200: 0,230: Total time for which application threads were stopped: 0,0003106 seconds, Stopping threads took: 0,0000222 seconds
2017-04-23T13:43:13.159+0200: 0,275: Total time for which application threads were stopped: 0,0000971 seconds, Stopping threads took: 0,0000180 seconds
2017-04-23T13:43:13.487+0200: 0,603: Total time for which application threads were stopped: 0,0001499 seconds, Stopping threads took: 0,0000134 seconds
2017-04-23T13:43:13.874+0200: 0,991: Total time for which application threads were stopped: 0,0001748 seconds, Stopping threads took: 0,0000152 seconds
2017-04-23T13:43:13.967+0200: 1,084: Total time for which application threads were stopped: 0,0001671 seconds, Stopping threads took: 0,0000152 seconds
2017-04-23T13:43:13.997+0200: 1,113: Total time for which application threads were stopped: 0,0001759 seconds, Stopping threads took: 0,0000205 seconds
2017-04-23T13:43:14.319+0200: 1,435: Total time for which application threads were stopped: 0,0001593 seconds, Stopping threads took: 0,0000115 seconds
2017-04-23T13:43:14.574+0200: 1,690: Total time for which application threads were stopped: 0,0001889 seconds, Stopping threads took: 0,0000123 seconds
2017-04-23T13:43:14.598+0200: 1,715: Total time for which application threads were stopped: 0,0001912 seconds, Stopping threads took: 0,0000149 seconds
2017-04-23T13:43:14.639+0200: 1,755: Total time for which application threads were stopped: 0,0002237 seconds, Stopping threads took: 0,0000298 seconds
2017-04-23T13:43:14.640+0200: 1,756: Total time for which application threads were stopped: 0,0001720 seconds, Stopping threads took: 0,0000228 seconds
2017-04-23T13:43:14.657+0200: 1,773: Total time for which application threads were stopped: 0,0001645 seconds, Stopping threads took: 0,0000149 seconds
2017-04-23T13:43:14.728+0200: 1,844: Total time for which application threads were stopped: 0,0002002 seconds, Stopping threads took: 0,0000157 seconds
2017-04-23T13:43:14.889+0200: 2,006: Total time for which application threads were stopped: 0,0002391 seconds, Stopping threads took: 0,0000304 seconds
{Heap before GC invocations=0 (full 0):
 par new generation   total 109248K, used 87424K [0x00000000e0000000, 0x00000000e8000000, 0x00000000e8000000)
  eden space 87424K, 100% used [0x00000000e0000000, 0x00000000e5560000, 0x00000000e5560000)
  from space 21824K,   0% used [0x00000000e5560000, 0x00000000e5560000, 0x00000000e6ab0000)
  to   space 21824K,   0% used [0x00000000e6ab0000, 0x00000000e6ab0000, 0x00000000e8000000)
 concurrent mark-sweep generation total 393216K, used 0K [0x00000000e8000000, 0x0000000100000000, 0x0000000100000000)
 Metaspace       used 18019K, capacity 18336K, committed 18688K, reserved 1064960K
  class space    used 2035K, capacity 2196K, committed 2304K, reserved 1048576K
2017-04-23T13:43:14.981+0200: 2,097: [GC (Allocation Failure) 2017-04-23T13:43:14.981+0200: 2,097: [ParNew
Desired survivor size 20112992 bytes, new threshold 8 (max 8)
- age   1:   12592128 bytes,   12592128 total
: 87424K->12404K(109248K), 0,0162483 secs] 87424K->12404K(502464K), 0,0163284 secs] [Times: user=0,04 sys=0,02, real=0,01 secs] 
Heap after GC invocations=1 (full 0):
 par new generation   total 109248K, used 12404K [0x00000000e0000000, 0x00000000e8000000, 0x00000000e8000000)
  eden space 87424K,   0% used [0x00000000e0000000, 0x00000000e0000000, 0x00000000e5560000)
  from space 21824K,  56% used [0x00000000e6ab0000, 0x00000000e76cd3e0, 0x00000000e8000000)
  to   space 21824K,   0% used [0x00000000e5560000, 0x00000000e5560000, 0x00000000e6ab0000)
 concurrent mark-sweep generation total 393216K, used 0K [0x00000000e8000000, 0x0000000100000000, 0x0000000100000000)
 Metaspace       used 18019K, capacity 18336K, committed 18688K, reserved 1064960K
  class space    used 2035K, capacity 2196K, committed 2304K, reserved 1048576K
}
2017-04-23T13:43:14.997+0200: 2,114: Total time for which application threads were stopped: 0,0170696 seconds, Stopping threads took: 0,0005568 seconds
2017-04-23T13:43:15.278+0200: 2,395: Total time for which application threads were stopped: 0,0003516 seconds, Stopping threads took: 0,0000462 seconds
{Heap before GC invocations=1 (full 0):
 par new generation   total 109248K, used 99828K [0x00000000e0000000, 0x00000000e8000000, 0x00000000e8000000)
  eden space 87424K, 100% used [0x00000000e0000000, 0x00000000e5560000, 0x00000000e5560000)
  from space 21824K,  56% used [0x00000000e6ab0000, 0x00000000e76cd3e0, 0x00000000e8000000)
  to   space 21824K,   0% used [0x00000000e5560000, 0x00000000e5560000, 0x00000000e6ab0000)
 concurrent mark-sweep generation total 393216K, used 0K [0x00000000e8000000, 0x0000000100000000, 0x0000000100000000)
 Metaspace       used 20055K, capacity 20420K, committed 20736K, reserved 1067008K
  class space    used 2292K, capacity 2466K, committed 2560K, reserved 1048576K
2017-04-23T13:43:15.326+0200: 2,443: [GC (Allocation Failure) 2017-04-23T13:43:15.326+0200: 2,443: [ParNew
Desired survivor size 20112992 bytes, new threshold 8 (max 8)
- age   1:    3645112 bytes,    3645112 total
- age   2:    6661936 bytes,   10307048 total
: 99828K->13699K(109248K), 0,0099024 secs] 99828K->13699K(502464K), 0,0099746 secs] [Times: user=0,04 sys=0,00, real=0,00 secs] 
Heap after GC invocations=2 (full 0):
 par new generation   total 109248K, used 13699K [0x00000000e0000000, 0x00000000e8000000, 0x00000000e8000000)
  eden space 87424K,   0% used [0x00000000e0000000, 0x00000000e0000000, 0x00000000e5560000)
  from space 21824K,  62% used [0x00000000e5560000, 0x00000000e62c0c38, 0x00000000e6ab0000)
  to   space 21824K,   0% used [0x00000000e6ab0000, 0x00000000e6ab0000, 0x00000000e8000000)
 concurrent mark-sweep generation total 393216K, used 0K [0x00000000e8000000, 0x0000000100000000, 0x0000000100000000)
 Metaspace       used 20055K, capacity 20420K, committed 20736K, reserved 1067008K
  class space    used 2292K, capacity 2466K, committed 2560K, reserved 1048576K
}
2017-04-23T13:43:15.336+0200: 2,453: Total time for which application threads were stopped: 0,0102024 seconds, Stopping threads took: 0,0000735 seconds
2017-04-23T13:43:15.342+0200: 2,458: Total time for which application threads were stopped: 0,0003263 seconds, Stopping threads took: 0,0000547 seconds
2017-04-23T13:43:15.376+0200: 2,493: Total time for which application threads were stopped: 0,0006672 seconds, Stopping threads took: 0,0003825 seconds
2017-04-23T13:43:15.519+0200: 2,635: Total time for which application threads were stopped: 0,0001985 seconds, Stopping threads took: 0,0000519 seconds
{Heap before GC invocations=2 (full 0):
 par new generation   total 109248K, used 101123K [0x00000000e0000000, 0x00000000e8000000, 0x00000000e8000000)
  eden space 87424K, 100% used [0x00000000e0000000, 0x00000000e5560000, 0x00000000e5560000)
  from space 21824K,  62% used [0x00000000e5560000, 0x00000000e62c0c38, 0x00000000e6ab0000)
  to   space 21824K,   0% used [0x00000000e6ab0000, 0x00000000e6ab0000, 0x00000000e8000000)
 concurrent mark-sweep generation total 393216K, used 0K [0x00000000e8000000, 0x0000000100000000, 0x0000000100000000)
 Metaspace       used 20984K, capacity 21342K, committed 21628K, reserved 1069056K
  class space    used 2415K, capacity 2585K, committed 2684K, reserved 1048576K
2017-04-23T13:43:15.554+0200: 2,671: [GC (Allocation Failure) 2017-04-23T13:43:15.554+0200: 2,671: [ParNew
Desired survivor size 20112992 bytes, new threshold 8 (max 8)
- age   1:    2112192 bytes,    2112192 total
- age   2:     853592 bytes,    2965784 total
- age   3:    6658384 bytes,    9624168 total
: 101123K->12896K(109248K), 0,0103595 secs] 101123K->12896K(502464K), 0,0104447 secs] [Times: user=0,04 sys=0,00, real=0,01 secs] 
Heap after GC invocations=3 (full 0):
 par new generation   total 109248K, used 12896K [0x00000000e0000000, 0x00000000e8000000, 0x00000000e8000000)
  eden space 87424K,   0% used [0x00000000e0000000, 0x00000000e0000000, 0x00000000e5560000)
  from space 21824K,  59% used [0x00000000e6ab0000, 0x00000000e7748010, 0x00000000e8000000)
  to   space 21824K,   0% used [0x00000000e5560000, 0x00000000e5560000, 0x00000000e6ab0000)
 concurrent mark-sweep generation total 393216K, used 0K [0x00000000e8000000, 0x0000000100000000, 0x0000000100000000)
 Metaspace       used 20984K, capacity 21342K, committed 21628K, reserved 1069056K
  class space    used 2415K, capacity 2585K, committed 2684K, reserved 1048576K
}
2017-04-23T13:43:15.565+0200: 2,681: Total time for which application threads were stopped: 0,0106625 seconds, Stopping threads took: 0,0000419 seconds
2017-04-23T13:43:15.565+0200: 2,681: [GC (CMS Initial Mark) [1 CMS-initial-mark: 0K(393216K)] 12928K(502464K), 0,0035181 secs] [Times: user=0,01 sys=0,00, real=0,01 secs] 
2017-04-23T13:43:15.568+0200: 2,685: Total time for which application threads were stopped: 0,0036564 seconds, Stopping threads took: 0,0000387 seconds
2017-04-23T13:43:15.568+0200: 2,685: [CMS-concurrent-mark-start]
2017-04-23T13:43:15.570+0200: 2,686: [CMS-concurrent-mark: 0,001/0,001 secs] [Times: user=0,01 sys=0,00, real=0,00 secs] 
2017-04-23T13:43:15.570+0200: 2,686: [CMS-concurrent-preclean-start]
2017-04-23T13:43:15.571+0200: 2,687: [CMS-concurrent-preclean: 0,001/0,001 secs] [Times: user=0,00 sys=0,00, real=0,00 secs] 
2017-04-23T13:43:15.571+0200: 2,688: [GC (CMS Final Remark) [YG occupancy: 14379 K (109248 K)]{Heap before GC invocations=3 (full 1):
 par new generation   total 109248K, used 14379K [0x00000000e0000000, 0x00000000e8000000, 0x00000000e8000000)
  eden space 87424K,   1% used [0x00000000e0000000, 0x00000000e0172d90, 0x00000000e5560000)
  from space 21824K,  59% used [0x00000000e6ab0000, 0x00000000e7748010, 0x00000000e8000000)
  to   space 21824K,   0% used [0x00000000e5560000, 0x00000000e5560000, 0x00000000e6ab0000)
 concurrent mark-sweep generation total 393216K, used 0K [0x00000000e8000000, 0x0000000100000000, 0x0000000100000000)
 Metaspace       used 20984K, capacity 21342K, committed 21628K, reserved 1069056K
  class space    used 2415K, capacity 2585K, committed 2684K, reserved 1048576K
2017-04-23T13:43:15.571+0200: 2,688: [GC (CMS Final Remark) 2017-04-23T13:43:15.571+0200: 2,688: [ParNew
Desired survivor size 20112992 bytes, new threshold 8 (max 8)
- age   1:     149120 bytes,     149120 total
- age   2:    1457272 bytes,    1606392 total
- age   3:     824360 bytes,    2430752 total
- age   4:    6658240 bytes,    9088992 total
: 14379K->11153K(109248K), 0,0118466 secs] 14379K->11153K(502464K), 0,0118899 secs] [Times: user=0,04 sys=0,00, real=0,01 secs] 
Heap after GC invocations=4 (full 1):
 par new generation   total 109248K, used 11153K [0x00000000e0000000, 0x00000000e8000000, 0x00000000e8000000)
  eden space 87424K,   0% used [0x00000000e0000000, 0x00000000e0000000, 0x00000000e5560000)
  from space 21824K,  51% used [0x00000000e5560000, 0x00000000e60447d0, 0x00000000e6ab0000)
  to   space 21824K,   0% used [0x00000000e6ab0000, 0x00000000e6ab0000, 0x00000000e8000000)
 concurrent mark-sweep generation total 393216K, used 0K [0x00000000e8000000, 0x0000000100000000, 0x0000000100000000)
 Metaspace       used 20984K, capacity 21342K, committed 21628K, reserved 1069056K
  class space    used 2415K, capacity 2585K, committed 2684K, reserved 1048576K
}
2017-04-23T13:43:15.583+0200: 2,700: [Rescan (parallel) , 0,0041972 secs]2017-04-23T13:43:15.588+0200: 2,704: [weak refs processing, 0,0024778 secs]2017-04-23T13:43:15.590+0200: 2,706: [class unloading, 0,0029959 secs]2017-04-23T13:43:15.593+0200: 2,709: [scrub symbol table, 0,0038418 secs]2017-04-23T13:43:15.597+0200: 2,713: [scrub string table, 0,0003705 secs][1 CMS-remark: 0K(393216K)] 11153K(502464K), 0,0264436 secs] [Times: user=0,09 sys=0,00, real=0,02 secs] 
2017-04-23T13:43:15.598+0200: 2,714: Total time for which application threads were stopped: 0,0266173 seconds, Stopping threads took: 0,0000675 seconds
2017-04-23T13:43:15.598+0200: 2,714: [CMS-concurrent-sweep-start]
2017-04-23T13:43:15.598+0200: 2,714: [CMS-concurrent-sweep: 0,000/0,000 secs] [Times: user=0,00 sys=0,00, real=0,00 secs] 
2017-04-23T13:43:15.598+0200: 2,714: [CMS-concurrent-reset-start]
2017-04-23T13:43:15.600+0200: 2,716: [CMS-concurrent-reset: 0,002/0,002 secs] [Times: user=0,00 sys=0,01, real=0,01 secs] 
{Heap before GC invocations=4 (full 1):
 par new generation   total 109248K, used 98577K [0x00000000e0000000, 0x00000000e8000000, 0x00000000e8000000)
  eden space 87424K, 100% used [0x00000000e0000000, 0x00000000e5560000, 0x00000000e5560000)
  from space 21824K,  51% used [0x00000000e5560000, 0x00000000e60447d0, 0x00000000e6ab0000)
  to   space 21824K,   0% used [0x00000000e6ab0000, 0x00000000e6ab0000, 0x00000000e8000000)
 concurrent mark-sweep generation total 393216K, used 0K [0x00000000e8000000, 0x0000000100000000, 0x0000000100000000)
 Metaspace       used 21231K, capacity 21636K, committed 21884K, reserved 1069056K
  class space    used 2446K, capacity 2603K, committed 2684K, reserved 1048576K
2017-04-23T13:43:15.704+0200: 2,820: [GC (Allocation Failure) 2017-04-23T13:43:15.704+0200: 2,820: [ParNew
Desired survivor size 20112992 bytes, new threshold 8 (max 8)
- age   1:    1025296 bytes,    1025296 total
- age   2:        320 bytes,    1025616 total
- age   3:    1453832 bytes,    2479448 total
- age   4:     822152 bytes,    3301600 total
- age   5:    6658520 bytes,    9960120 total
: 98577K->15792K(109248K), 0,0106635 secs] 98577K->15792K(502464K), 0,0107314 secs] [Times: user=0,03 sys=0,00, real=0,01 secs] 
Heap after GC invocations=5 (full 1):
 par new generation   total 109248K, used 15792K [0x00000000e0000000, 0x00000000e8000000, 0x00000000e8000000)
  eden space 87424K,   0% used [0x00000000e0000000, 0x00000000e0000000, 0x00000000e5560000)
  from space 21824K,  72% used [0x00000000e6ab0000, 0x00000000e7a1c2c0, 0x00000000e8000000)
  to   space 21824K,   0% used [0x00000000e5560000, 0x00000000e5560000, 0x00000000e6ab0000)
 concurrent mark-sweep generation total 393216K, used 0K [0x00000000e8000000, 0x0000000100000000, 0x0000000100000000)
 Metaspace       used 21231K, capacity 21636K, committed 21884K, reserved 1069056K
  class space    used 2446K, capacity 2603K, committed 2684K, reserved 1048576K
}
2017-04-23T13:43:15.715+0200: 2,831: Total time for which application threads were stopped: 0,0120786 seconds, Stopping threads took: 0,0011758 seconds
{Heap before GC invocations=5 (full 1):
 par new generation   total 109248K, used 103216K [0x00000000e0000000, 0x00000000e8000000, 0x00000000e8000000)
  eden space 87424K, 100% used [0x00000000e0000000, 0x00000000e5560000, 0x00000000e5560000)
  from space 21824K,  72% used [0x00000000e6ab0000, 0x00000000e7a1c2c0, 0x00000000e8000000)
  to   space 21824K,   0% used [0x00000000e5560000, 0x00000000e5560000, 0x00000000e6ab0000)
 concurrent mark-sweep generation total 393216K, used 0K [0x00000000e8000000, 0x0000000100000000, 0x0000000100000000)
 Metaspace       used 21387K, capacity 21802K, committed 21884K, reserved 1069056K
  class space    used 2465K, capacity 2636K, committed 2684K, reserved 1048576K
2017-04-23T13:43:15.798+0200: 2,915: [GC (Allocation Failure) 2017-04-23T13:43:15.798+0200: 2,915: [ParNew
Desired survivor size 20112992 bytes, new threshold 8 (max 8)
- age   1:    1234560 bytes,    1234560 total
- age   2:     192368 bytes,    1426928 total
- age   3:        176 bytes,    1427104 total
- age   4:    1448144 bytes,    2875248 total
- age   5:     818232 bytes,    3693480 total
- age   6:    6658296 bytes,   10351776 total
: 103216K->12115K(109248K), 0,0104299 secs] 103216K->12115K(502464K), 0,0104992 secs] [Times: user=0,03 sys=0,00, real=0,01 secs] 
Heap after GC invocations=6 (full 1):
 par new generation   total 109248K, used 12115K [0x00000000e0000000, 0x00000000e8000000, 0x00000000e8000000)
  eden space 87424K,   0% used [0x00000000e0000000, 0x00000000e0000000, 0x00000000e5560000)
  from space 21824K,  55% used [0x00000000e5560000, 0x00000000e6134e90, 0x00000000e6ab0000)
  to   space 21824K,   0% used [0x00000000e6ab0000, 0x00000000e6ab0000, 0x00000000e8000000)
 concurrent mark-sweep generation total 393216K, used 0K [0x00000000e8000000, 0x0000000100000000, 0x0000000100000000)
 Metaspace       used 21387K, capacity 21802K, committed 21884K, reserved 1069056K
  class space    used 2465K, capacity 2636K, committed 2684K, reserved 1048576K
}
2017-04-23T13:43:15.809+0200: 2,925: Total time for which application threads were stopped: 0,0107588 seconds, Stopping threads took: 0,0000793 seconds
2017-04-23T13:43:15.845+0200: 2,962: Total time for which application threads were stopped: 0,0004418 seconds, Stopping threads took: 0,0000173 seconds
2017-04-23T13:43:16.015+0200: 3,131: Total time for which application threads were stopped: 0,0010501 seconds, Stopping threads took: 0,0005685 seconds
2017-04-23T13:43:16.041+0200: 3,157: Total time for which application threads were stopped: 0,0003920 seconds, Stopping threads took: 0,0000332 seconds
{Heap before GC invocations=6 (full 1):
 par new generation   total 109248K, used 99539K [0x00000000e0000000, 0x00000000e8000000, 0x00000000e8000000)
  eden space 87424K, 100% used [0x00000000e0000000, 0x00000000e5560000, 0x00000000e5560000)
  from space 21824K,  55% used [0x00000000e5560000, 0x00000000e6134e90, 0x00000000e6ab0000)
  to   space 21824K,   0% used [0x00000000e6ab0000, 0x00000000e6ab0000, 0x00000000e8000000)
 concurrent mark-sweep generation total 393216K, used 0K [0x00000000e8000000, 0x0000000100000000, 0x0000000100000000)
 Metaspace       used 24142K, capacity 24626K, committed 24828K, reserved 1071104K
  class space    used 2840K, capacity 3044K, committed 3068K, reserved 1048576K
2017-04-23T13:43:16.211+0200: 3,328: [GC (Allocation Failure) 2017-04-23T13:43:16.211+0200: 3,328: [ParNew
Desired survivor size 20112992 bytes, new threshold 8 (max 8)
- age   1:    5562120 bytes,    5562120 total
- age   2:     112024 bytes,    5674144 total
- age   3:     190992 bytes,    5865136 total
- age   4:        152 bytes,    5865288 total
- age   5:     278240 bytes,    6143528 total
- age   6:     793880 bytes,    6937408 total
- age   7:    6650144 bytes,   13587552 total
: 99539K->17366K(109248K), 0,0119665 secs] 99539K->17366K(502464K), 0,0120351 secs] [Times: user=0,04 sys=0,00, real=0,01 secs] 
Heap after GC invocations=7 (full 1):
 par new generation   total 109248K, used 17366K [0x00000000e0000000, 0x00000000e8000000, 0x00000000e8000000)
  eden space 87424K,   0% used [0x00000000e0000000, 0x00000000e0000000, 0x00000000e5560000)
  from space 21824K,  79% used [0x00000000e6ab0000, 0x00000000e7ba5a40, 0x00000000e8000000)
  to   space 21824K,   0% used [0x00000000e5560000, 0x00000000e5560000, 0x00000000e6ab0000)
 concurrent mark-sweep generation total 393216K, used 0K [0x00000000e8000000, 0x0000000100000000, 0x0000000100000000)
 Metaspace       used 24142K, capacity 24626K, committed 24828K, reserved 1071104K
  class space    used 2840K, capacity 3044K, committed 3068K, reserved 1048576K
}
2017-04-23T13:43:16.224+0200: 3,340: Total time for which application threads were stopped: 0,0123069 seconds, Stopping threads took: 0,0000765 seconds
{Heap before GC invocations=7 (full 1):
 par new generation   total 109248K, used 104790K [0x00000000e0000000, 0x00000000e8000000, 0x00000000e8000000)
  eden space 87424K, 100% used [0x00000000e0000000, 0x00000000e5560000, 0x00000000e5560000)
  from space 21824K,  79% used [0x00000000e6ab0000, 0x00000000e7ba5a40, 0x00000000e8000000)
  to   space 21824K,   0% used [0x00000000e5560000, 0x00000000e5560000, 0x00000000e6ab0000)
 concurrent mark-sweep generation total 393216K, used 0K [0x00000000e8000000, 0x0000000100000000, 0x0000000100000000)
 Metaspace       used 24519K, capacity 25016K, committed 25084K, reserved 1071104K
  class space    used 2869K, capacity 3045K, committed 3068K, reserved 1048576K
2017-04-23T13:43:16.319+0200: 3,435: [GC (Allocation Failure) 2017-04-23T13:43:16.319+0200: 3,435: [ParNew
Desired survivor size 20112992 bytes, new threshold 8 (max 8)
- age   1:    1675816 bytes,    1675816 total
- age   2:    1802296 bytes,    3478112 total
- age   3:      60584 bytes,    3538696 total
- age   4:     107296 bytes,    3645992 total
- age   5:        120 bytes,    3646112 total
- age   6:     186808 bytes,    3832920 total
- age   7:     742776 bytes,    4575696 total
- age   8:    6117016 bytes,   10692712 total
: 104790K->14293K(109248K), 0,0184408 secs] 104790K->14293K(502464K), 0,0185093 secs] [Times: user=0,06 sys=0,00, real=0,01 secs] 
Heap after GC invocations=8 (full 1):
 par new generation   total 109248K, used 14293K [0x00000000e0000000, 0x00000000e8000000, 0x00000000e8000000)
  eden space 87424K,   0% used [0x00000000e0000000, 0x00000000e0000000, 0x00000000e5560000)
  from space 21824K,  65% used [0x00000000e5560000, 0x00000000e63555c0, 0x00000000e6ab0000)
  to   space 21824K,   0% used [0x00000000e6ab0000, 0x00000000e6ab0000, 0x00000000e8000000)
 concurrent mark-sweep generation total 393216K, used 0K [0x00000000e8000000, 0x0000000100000000, 0x0000000100000000)
 Metaspace       used 24519K, capacity 25016K, committed 25084K, reserved 1071104K
  class space    used 2869K, capacity 3045K, committed 3068K, reserved 1048576K
}
2017-04-23T13:43:16.337+0200: 3,454: Total time for which application threads were stopped: 0,0187535 seconds, Stopping threads took: 0,0000738 seconds
{Heap before GC invocations=8 (full 1):
 par new generation   total 109248K, used 101717K [0x00000000e0000000, 0x00000000e8000000, 0x00000000e8000000)
  eden space 87424K, 100% used [0x00000000e0000000, 0x00000000e5560000, 0x00000000e5560000)
  from space 21824K,  65% used [0x00000000e5560000, 0x00000000e63555c0, 0x00000000e6ab0000)
  to   space 21824K,   0% used [0x00000000e6ab0000, 0x00000000e6ab0000, 0x00000000e8000000)
 concurrent mark-sweep generation total 393216K, used 0K [0x00000000e8000000, 0x0000000100000000, 0x0000000100000000)
 Metaspace       used 24809K, capacity 25266K, committed 25468K, reserved 1071104K
  class space    used 2898K, capacity 3082K, committed 3196K, reserved 1048576K
2017-04-23T13:43:16.417+0200: 3,533: [GC (Allocation Failure) 2017-04-23T13:43:16.417+0200: 3,533: [ParNew
Desired survivor size 20112992 bytes, new threshold 8 (max 8)
- age   1:     614368 bytes,     614368 total
- age   2:    1018504 bytes,    1632872 total
- age   3:    1780168 bytes,    3413040 total
- age   4:      60584 bytes,    3473624 total
- age   5:     107192 bytes,    3580816 total
- age   6:        120 bytes,    3580936 total
- age   7:     186808 bytes,    3767744 total
- age   8:     742776 bytes,    4510520 total
: 101717K->7128K(109248K), 0,0318190 secs] 101717K->13184K(502464K), 0,0319009 secs] [Times: user=0,10 sys=0,01, real=0,04 secs] 
Heap after GC invocations=9 (full 1):
 par new generation   total 109248K, used 7128K [0x00000000e0000000, 0x00000000e8000000, 0x00000000e8000000)
  eden space 87424K,   0% used [0x00000000e0000000, 0x00000000e0000000, 0x00000000e5560000)
  from space 21824K,  32% used [0x00000000e6ab0000, 0x00000000e71a6058, 0x00000000e8000000)
  to   space 21824K,   0% used [0x00000000e5560000, 0x00000000e5560000, 0x00000000e6ab0000)
 concurrent mark-sweep generation total 393216K, used 6056K [0x00000000e8000000, 0x0000000100000000, 0x0000000100000000)
 Metaspace       used 24809K, capacity 25266K, committed 25468K, reserved 1071104K
  class space    used 2898K, capacity 3082K, committed 3196K, reserved 1048576K
}
2017-04-23T13:43:16.449+0200: 3,565: Total time for which application threads were stopped: 0,0321314 seconds, Stopping threads took: 0,0000570 seconds
2017-04-23T13:43:16.859+0200: 3,976: Total time for which application threads were stopped: 0,0006711 seconds, Stopping threads took: 0,0000393 seconds
2017-04-23T13:43:16.878+0200: 3,994: Total time for which application threads were stopped: 0,0005209 seconds, Stopping threads took: 0,0000284 seconds
2017-04-23T13:43:16.935+0200: 4,052: Total time for which application threads were stopped: 0,0006805 seconds, Stopping threads took: 0,0002799 seconds
2017-04-23T13:43:16.987+0200: 4,103: Total time for which application threads were stopped: 0,0008223 seconds, Stopping threads took: 0,0002254 seconds
2017-04-23T13:43:16.999+0200: 4,116: Total time for which application threads were stopped: 0,0003778 seconds, Stopping threads took: 0,0002565 seconds
2017-04-23T13:43:17.000+0200: 4,116: Total time for which application threads were stopped: 0,0002102 seconds, Stopping threads took: 0,0001219 seconds
2017-04-23T13:43:17.004+0200: 4,120: Total time for which application threads were stopped: 0,0001235 seconds, Stopping threads took: 0,0000418 seconds
2017-04-23T13:43:17.013+0200: 4,130: Total time for which application threads were stopped: 0,0001163 seconds, Stopping threads took: 0,0000378 seconds
2017-04-23T13:43:17.020+0200: 4,136: Total time for which application threads were stopped: 0,0061485 seconds, Stopping threads took: 0,0060374 seconds
2017-04-23T13:43:17.021+0200: 4,138: Total time for which application threads were stopped: 0,0005735 seconds, Stopping threads took: 0,0004911 seconds
2017-04-23T13:43:17.028+0200: 4,144: Total time for which application threads were stopped: 0,0002137 seconds, Stopping threads took: 0,0000915 seconds
2017-04-23T13:43:17.028+0200: 4,144: Total time for which application threads were stopped: 0,0000727 seconds, Stopping threads took: 0,0000165 seconds
2017-04-23T13:43:17.028+0200: 4,145: Total time for which application threads were stopped: 0,0003091 seconds, Stopping threads took: 0,0002503 seconds
2017-04-23T13:43:17.028+0200: 4,145: Total time for which application threads were stopped: 0,0000758 seconds, Stopping threads took: 0,0000110 seconds
2017-04-23T13:43:17.029+0200: 4,145: Total time for which application threads were stopped: 0,0002166 seconds, Stopping threads took: 0,0001280 seconds
2017-04-23T13:43:17.029+0200: 4,145: Total time for which application threads were stopped: 0,0001246 seconds, Stopping threads took: 0,0000387 seconds
2017-04-23T13:43:17.029+0200: 4,145: Total time for which application threads were stopped: 0,0000773 seconds, Stopping threads took: 0,0000111 seconds
2017-04-23T13:43:17.029+0200: 4,146: Total time for which application threads were stopped: 0,0002011 seconds, Stopping threads took: 0,0001437 seconds
2017-04-23T13:43:17.030+0200: 4,147: Total time for which application threads were stopped: 0,0008326 seconds, Stopping threads took: 0,0007489 seconds
2017-04-23T13:43:17.031+0200: 4,148: Total time for which application threads were stopped: 0,0001909 seconds, Stopping threads took: 0,0000843 seconds
2017-04-23T13:43:17.036+0200: 4,152: Total time for which application threads were stopped: 0,0011962 seconds, Stopping threads took: 0,0010785 seconds
2017-04-23T13:43:17.036+0200: 4,152: Total time for which application threads were stopped: 0,0001049 seconds, Stopping threads took: 0,0000387 seconds
2017-04-23T13:43:17.036+0200: 4,152: Total time for which application threads were stopped: 0,0000961 seconds, Stopping threads took: 0,0000313 seconds
2017-04-23T13:43:17.036+0200: 4,153: Total time for which application threads were stopped: 0,0000855 seconds, Stopping threads took: 0,0000292 seconds
2017-04-23T13:43:17.036+0200: 4,153: Total time for which application threads were stopped: 0,0000783 seconds, Stopping threads took: 0,0000239 seconds
2017-04-23T13:43:17.037+0200: 4,154: Total time for which application threads were stopped: 0,0006293 seconds, Stopping threads took: 0,0004120 seconds
2017-04-23T13:43:17.053+0200: 4,169: Total time for which application threads were stopped: 0,0012451 seconds, Stopping threads took: 0,0011339 seconds
2017-04-23T13:43:17.054+0200: 4,170: Total time for which application threads were stopped: 0,0001277 seconds, Stopping threads took: 0,0000308 seconds
2017-04-23T13:43:17.054+0200: 4,171: Total time for which application threads were stopped: 0,0006316 seconds, Stopping threads took: 0,0005393 seconds
2017-04-23T13:43:17.056+0200: 4,172: Total time for which application threads were stopped: 0,0001333 seconds, Stopping threads took: 0,0000412 seconds
2017-04-23T13:43:17.056+0200: 4,172: Total time for which application threads were stopped: 0,0000784 seconds, Stopping threads took: 0,0000107 seconds
2017-04-23T13:43:17.056+0200: 4,172: Total time for which application threads were stopped: 0,0000953 seconds, Stopping threads took: 0,0000254 seconds
2017-04-23T13:43:17.056+0200: 4,172: Total time for which application threads were stopped: 0,0000871 seconds, Stopping threads took: 0,0000239 seconds
2017-04-23T13:43:17.056+0200: 4,173: Total time for which application threads were stopped: 0,0000862 seconds, Stopping threads took: 0,0000323 seconds
2017-04-23T13:43:17.057+0200: 4,174: Total time for which application threads were stopped: 0,0001214 seconds, Stopping threads took: 0,0000418 seconds
2017-04-23T13:43:17.057+0200: 4,174: Total time for which application threads were stopped: 0,0000594 seconds, Stopping threads took: 0,0000102 seconds
2017-04-23T13:43:17.058+0200: 4,174: Total time for which application threads were stopped: 0,0000624 seconds, Stopping threads took: 0,0000112 seconds
2017-04-23T13:43:17.058+0200: 4,175: Total time for which application threads were stopped: 0,0001607 seconds, Stopping threads took: 0,0000764 seconds
2017-04-23T13:43:17.067+0200: 4,183: Total time for which application threads were stopped: 0,0048167 seconds, Stopping threads took: 0,0046965 seconds
2017-04-23T13:43:17.067+0200: 4,184: Total time for which application threads were stopped: 0,0000846 seconds, Stopping threads took: 0,0000288 seconds
2017-04-23T13:43:17.068+0200: 4,184: Total time for which application threads were stopped: 0,0005426 seconds, Stopping threads took: 0,0004858 seconds
2017-04-23T13:43:17.068+0200: 4,185: Total time for which application threads were stopped: 0,0000996 seconds, Stopping threads took: 0,0000173 seconds
2017-04-23T13:43:17.070+0200: 4,187: Total time for which application threads were stopped: 0,0001430 seconds, Stopping threads took: 0,0000437 seconds
2017-04-23T13:43:17.070+0200: 4,187: Total time for which application threads were stopped: 0,0000660 seconds, Stopping threads took: 0,0000092 seconds
2017-04-23T13:43:17.071+0200: 4,187: Total time for which application threads were stopped: 0,0000667 seconds, Stopping threads took: 0,0000112 seconds
2017-04-23T13:43:17.071+0200: 4,187: Total time for which application threads were stopped: 0,0000541 seconds, Stopping threads took: 0,0000089 seconds
2017-04-23T13:43:17.071+0200: 4,187: Total time for which application threads were stopped: 0,0000614 seconds, Stopping threads took: 0,0000093 seconds
2017-04-23T13:43:17.071+0200: 4,187: Total time for which application threads were stopped: 0,0000565 seconds, Stopping threads took: 0,0000085 seconds
2017-04-23T13:43:17.071+0200: 4,188: Total time for which application threads were stopped: 0,0001959 seconds, Stopping threads took: 0,0000094 seconds
2017-04-23T13:43:17.140+0200: 4,256: Total time for which application threads were stopped: 0,0037493 seconds, Stopping threads took: 0,0035831 seconds
2017-04-23T13:43:17.141+0200: 4,258: Total time for which application threads were stopped: 0,0001222 seconds, Stopping threads took: 0,0000314 seconds
2017-04-23T13:43:17.218+0200: 4,334: Total time for which application threads were stopped: 0,0006029 seconds, Stopping threads took: 0,0000421 seconds
2017-04-23T13:43:18.218+0200: 5,334: Total time for which application threads were stopped: 0,0000966 seconds, Stopping threads took: 0,0000249 seconds
2017-04-23T13:44:35.227+0200: 82,344: Total time for which application threads were stopped: 0,0001938 seconds, Stopping threads took: 0,0001086 seconds
2017-04-23T13:45:10.231+0200: 117,348: Total time for which application threads were stopped: 0,0000804 seconds, Stopping threads took: 0,0000341 seconds
2017-04-23T13:45:15.232+0200: 122,348: Total time for which application threads were stopped: 0,0000732 seconds, Stopping threads took: 0,0000174 seconds
{Heap before GC invocations=9 (full 1):
 par new generation   total 109248K, used 94552K [0x00000000e0000000, 0x00000000e8000000, 0x00000000e8000000)
  eden space 87424K, 100% used [0x00000000e0000000, 0x00000000e5560000, 0x00000000e5560000)
  from space 21824K,  32% used [0x00000000e6ab0000, 0x00000000e71a6058, 0x00000000e8000000)
  to   space 21824K,   0% used [0x00000000e5560000, 0x00000000e5560000, 0x00000000e6ab0000)
 concurrent mark-sweep generation total 393216K, used 6056K [0x00000000e8000000, 0x0000000100000000, 0x0000000100000000)
 Metaspace       used 27977K, capacity 28498K, committed 28796K, reserved 1075200K
  class space    used 3211K, capacity 3388K, committed 3452K, reserved 1048576K
2017-04-23T13:46:08.902+0200: 176,018: [GC (Allocation Failure) 2017-04-23T13:46:08.902+0200: 176,018: [ParNew
Desired survivor size 20112992 bytes, new threshold 8 (max 8)
- age   1:   10910120 bytes,   10910120 total
- age   2:     190896 bytes,   11101016 total
- age   3:     228232 bytes,   11329248 total
- age   4:    1773880 bytes,   13103128 total
- age   5:      58168 bytes,   13161296 total
- age   6:     106968 bytes,   13268264 total
- age   7:        120 bytes,   13268384 total
- age   8:     186248 bytes,   13454632 total
: 94552K->14434K(109248K), 0,0222714 secs] 100608K->21300K(502464K), 0,0223734 secs] [Times: user=0,06 sys=0,01, real=0,02 secs] 
Heap after GC invocations=10 (full 1):
 par new generation   total 109248K, used 14434K [0x00000000e0000000, 0x00000000e8000000, 0x00000000e8000000)
  eden space 87424K,   0% used [0x00000000e0000000, 0x00000000e0000000, 0x00000000e5560000)
  from space 21824K,  66% used [0x00000000e5560000, 0x00000000e6378990, 0x00000000e6ab0000)
  to   space 21824K,   0% used [0x00000000e6ab0000, 0x00000000e6ab0000, 0x00000000e8000000)
 concurrent mark-sweep generation total 393216K, used 6866K [0x00000000e8000000, 0x0000000100000000, 0x0000000100000000)
 Metaspace       used 27977K, capacity 28498K, committed 28796K, reserved 1075200K
  class space    used 3211K, capacity 3388K, committed 3452K, reserved 1048576K
}
2017-04-23T13:46:08.924+0200: 176,041: Total time for which application threads were stopped: 0,0225739 seconds, Stopping threads took: 0,0000591 seconds
2017-04-23T13:46:08.925+0200: 176,041: Total time for which application threads were stopped: 0,0000845 seconds, Stopping threads took: 0,0000343 seconds
2017-04-23T13:46:08.929+0200: 176,046: Total time for which application threads were stopped: 0,0000783 seconds, Stopping threads took: 0,0000367 seconds
2017-04-23T13:46:13.930+0200: 181,046: Total time for which application threads were stopped: 0,0000625 seconds, Stopping threads took: 0,0000151 seconds
2017-04-23T13:47:39.939+0200: 267,055: Total time for which application threads were stopped: 0,0000807 seconds, Stopping threads took: 0,0000321 seconds
2017-04-23T13:47:49.940+0200: 277,056: Total time for which application threads were stopped: 0,0000674 seconds, Stopping threads took: 0,0000166 seconds
2017-04-23T13:47:59.941+0200: 287,057: Total time for which application threads were stopped: 0,0000703 seconds, Stopping threads took: 0,0000170 seconds
2017-04-23T13:48:03.941+0200: 291,058: Total time for which application threads were stopped: 0,0001843 seconds, Stopping threads took: 0,0000655 seconds
2017-04-23T13:49:32.204+0200: 379,320: Total time for which application threads were stopped: 0,0083449 seconds, Stopping threads took: 0,0082545 seconds
2017-04-23T13:49:32.204+0200: 379,320: Total time for which application threads were stopped: 0,0000762 seconds, Stopping threads took: 0,0000189 seconds
2017-04-23T13:49:32.248+0200: 379,364: Total time for which application threads were stopped: 0,0000927 seconds, Stopping threads took: 0,0000217 seconds
2017-04-23T13:49:32.254+0200: 379,371: Total time for which application threads were stopped: 0,0040768 seconds, Stopping threads took: 0,0040100 seconds
2017-04-23T13:49:32.271+0200: 379,388: Total time for which application threads were stopped: 0,0000883 seconds, Stopping threads took: 0,0000207 seconds
2017-04-23T13:49:32.272+0200: 379,389: Total time for which application threads were stopped: 0,0002834 seconds, Stopping threads took: 0,0000157 seconds
2017-04-23T13:49:32.273+0200: 379,389: Total time for which application threads were stopped: 0,0000575 seconds, Stopping threads took: 0,0000181 seconds
2017-04-23T13:49:32.273+0200: 379,389: Total time for which application threads were stopped: 0,0000342 seconds, Stopping threads took: 0,0000047 seconds
2017-04-23T13:49:32.273+0200: 379,389: Total time for which application threads were stopped: 0,0000322 seconds, Stopping threads took: 0,0000043 seconds
2017-04-23T13:49:32.277+0200: 379,393: Total time for which application threads were stopped: 0,0000959 seconds, Stopping threads took: 0,0000316 seconds
2017-04-23T13:49:32.277+0200: 379,393: Total time for which application threads were stopped: 0,0000479 seconds, Stopping threads took: 0,0000128 seconds
2017-04-23T13:49:32.277+0200: 379,394: Total time for which application threads were stopped: 0,0000492 seconds, Stopping threads took: 0,0000125 seconds
2017-04-23T13:49:32.277+0200: 379,394: Total time for which application threads were stopped: 0,0000346 seconds, Stopping threads took: 0,0000046 seconds
2017-04-23T13:49:32.277+0200: 379,394: Total time for which application threads were stopped: 0,0000343 seconds, Stopping threads took: 0,0000049 seconds
2017-04-23T13:49:32.278+0200: 379,394: Total time for which application threads were stopped: 0,0000526 seconds, Stopping threads took: 0,0000150 seconds
2017-04-23T13:49:32.280+0200: 379,396: Total time for which application threads were stopped: 0,0001035 seconds, Stopping threads took: 0,0000402 seconds
2017-04-23T13:49:32.280+0200: 379,397: Total time for which application threads were stopped: 0,0000877 seconds, Stopping threads took: 0,0000239 seconds
2017-04-23T13:49:32.280+0200: 379,397: Total time for which application threads were stopped: 0,0000358 seconds, Stopping threads took: 0,0000050 seconds
2017-04-23T13:49:32.281+0200: 379,397: Total time for which application threads were stopped: 0,0000524 seconds, Stopping threads took: 0,0000164 seconds
2017-04-23T13:49:32.281+0200: 379,397: Total time for which application threads were stopped: 0,0000408 seconds, Stopping threads took: 0,0000106 seconds
2017-04-23T13:49:32.281+0200: 379,397: Total time for which application threads were stopped: 0,0000336 seconds, Stopping threads took: 0,0000048 seconds
2017-04-23T13:49:32.281+0200: 379,397: Total time for which application threads were stopped: 0,0000468 seconds, Stopping threads took: 0,0000177 seconds
2017-04-23T13:49:32.282+0200: 379,398: Total time for which application threads were stopped: 0,0000972 seconds, Stopping threads took: 0,0000337 seconds
2017-04-23T13:49:32.282+0200: 379,398: Total time for which application threads were stopped: 0,0000371 seconds, Stopping threads took: 0,0000067 seconds
2017-04-23T13:49:32.282+0200: 379,398: Total time for which application threads were stopped: 0,0000361 seconds, Stopping threads took: 0,0000051 seconds
2017-04-23T13:49:32.282+0200: 379,399: Total time for which application threads were stopped: 0,0000788 seconds, Stopping threads took: 0,0000246 seconds
2017-04-23T13:49:32.284+0200: 379,400: Total time for which application threads were stopped: 0,0000908 seconds, Stopping threads took: 0,0000256 seconds
2017-04-23T13:49:32.284+0200: 379,400: Total time for which application threads were stopped: 0,0000590 seconds, Stopping threads took: 0,0000183 seconds
2017-04-23T13:49:32.285+0200: 379,402: Total time for which application threads were stopped: 0,0002012 seconds, Stopping threads took: 0,0000256 seconds
2017-04-23T13:49:32.287+0200: 379,403: Total time for which application threads were stopped: 0,0000626 seconds, Stopping threads took: 0,0000134 seconds
2017-04-23T13:49:32.291+0200: 379,407: Total time for which application threads were stopped: 0,0001165 seconds, Stopping threads took: 0,0000256 seconds
Heap
 par new generation   total 109248K, used 33634K [0x00000000e0000000, 0x00000000e8000000, 0x00000000e8000000)
  eden space 87424K,  21% used [0x00000000e0000000, 0x00000000e12c0188, 0x00000000e5560000)
  from space 21824K,  66% used [0x00000000e5560000, 0x00000000e6378990, 0x00000000e6ab0000)
  to   space 21824K,   0% used [0x00000000e6ab0000, 0x00000000e6ab0000, 0x00000000e8000000)
 concurrent mark-sweep generation total 393216K, used 6866K [0x00000000e8000000, 0x0000000100000000, 0x0000000100000000)
 Metaspace       used 28079K, capacity 28570K, committed 28796K, reserved 1075200K
  class space    used 3224K, capacity 3390K, committed 3452K, reserved 1048576K
