OpenJDK 64-Bit Server VM (25.131-b11) for linux-amd64 JRE (1.8.0_131-8u131-b11-0ubuntu1.16.04.2-b11), built on May  6 2017 02:45:27 by "buildd" with gcc 5.4.0 20160609
Memory: 4k page, physical 7867740k(7394128k free), swap 8076284k(8076284k free)
CommandLine flags: -XX:CMSInitiatingOccupancyFraction=50 -XX:CMSMaxAbortablePrecleanTime=6000 -XX:+CMSParallelRemarkEnabled -XX:+CMSScavengeBeforeRemark -XX:ConcGCThreads=4 -XX:InitialHeapSize=536870912 -XX:MaxHeapSize=536870912 -XX:MaxTenuringThreshold=8 -XX:NewRatio=3 -XX:OldPLABSize=16 -XX:OnOutOfMemoryError=/opt/solr/bin/oom_solr.sh 8983 /var/solr/logs -XX:ParallelGCThreads=4 -XX:+ParallelRefProcEnabled -XX:PretenureSizeThreshold=67108864 -XX:+PrintGC -XX:+PrintGCApplicationStoppedTime -XX:+PrintGCDateStamps -XX:+PrintGCDetails -XX:+PrintGCTimeStamps -XX:+PrintHeapAtGC -XX:+PrintTenuringDistribution -XX:SurvivorRatio=4 -XX:TargetSurvivorRatio=90 -XX:ThreadStackSize=256 -XX:+UseCMSInitiatingOccupancyOnly -XX:+UseCompressedClassPointers -XX:+UseCompressedOops -XX:+UseConcMarkSweepGC -XX:+UseParNewGC 
2017-05-28T12:31:53.924+0200: 0,140: Total time for which application threads were stopped: 0,0000663 seconds, Stopping threads took: 0,0000141 seconds
2017-05-28T12:31:54.004+0200: 0,220: Total time for which application threads were stopped: 0,0001127 seconds, Stopping threads took: 0,0000214 seconds
2017-05-28T12:31:54.019+0200: 0,236: Total time for which application threads were stopped: 0,0000915 seconds, Stopping threads took: 0,0000090 seconds
2017-05-28T12:31:54.289+0200: 0,505: Total time for which application threads were stopped: 0,0001814 seconds, Stopping threads took: 0,0000191 seconds
2017-05-28T12:31:54.694+0200: 0,910: Total time for which application threads were stopped: 0,0001762 seconds, Stopping threads took: 0,0000230 seconds
2017-05-28T12:31:54.829+0200: 1,045: Total time for which application threads were stopped: 0,0002177 seconds, Stopping threads took: 0,0000289 seconds
2017-05-28T12:31:54.927+0200: 1,144: Total time for which application threads were stopped: 0,0003159 seconds, Stopping threads took: 0,0000415 seconds
2017-05-28T12:31:55.296+0200: 1,512: Total time for which application threads were stopped: 0,0001961 seconds, Stopping threads took: 0,0000139 seconds
2017-05-28T12:31:55.651+0200: 1,867: Total time for which application threads were stopped: 0,0016204 seconds, Stopping threads took: 0,0002182 seconds
2017-05-28T12:31:55.705+0200: 1,922: Total time for which application threads were stopped: 0,0008524 seconds, Stopping threads took: 0,0000695 seconds
2017-05-28T12:31:55.806+0200: 2,022: Total time for which application threads were stopped: 0,0012172 seconds, Stopping threads took: 0,0001898 seconds
2017-05-28T12:31:55.811+0200: 2,027: Total time for which application threads were stopped: 0,0017886 seconds, Stopping threads took: 0,0001511 seconds
2017-05-28T12:31:55.860+0200: 2,076: Total time for which application threads were stopped: 0,0011502 seconds, Stopping threads took: 0,0001225 seconds
2017-05-28T12:31:56.186+0200: 2,402: Total time for which application threads were stopped: 0,0015860 seconds, Stopping threads took: 0,0001416 seconds
2017-05-28T12:31:56.383+0200: 2,599: Total time for which application threads were stopped: 0,0003512 seconds, Stopping threads took: 0,0000804 seconds
{Heap before GC invocations=0 (full 0):
 par new generation   total 109248K, used 87424K [0x00000000e0000000, 0x00000000e8000000, 0x00000000e8000000)
  eden space 87424K, 100% used [0x00000000e0000000, 0x00000000e5560000, 0x00000000e5560000)
  from space 21824K,   0% used [0x00000000e5560000, 0x00000000e5560000, 0x00000000e6ab0000)
  to   space 21824K,   0% used [0x00000000e6ab0000, 0x00000000e6ab0000, 0x00000000e8000000)
 concurrent mark-sweep generation total 393216K, used 0K [0x00000000e8000000, 0x0000000100000000, 0x0000000100000000)
 Metaspace       used 18013K, capacity 18336K, committed 18688K, reserved 1064960K
  class space    used 2036K, capacity 2196K, committed 2304K, reserved 1048576K
2017-05-28T12:31:56.454+0200: 2,671: [GC (Allocation Failure) 2017-05-28T12:31:56.454+0200: 2,671: [ParNew
Desired survivor size 20112992 bytes, new threshold 8 (max 8)
- age   1:   12366600 bytes,   12366600 total
: 87424K->12185K(109248K), 0,0189399 secs] 87424K->12185K(502464K), 0,0190173 secs] [Times: user=0,05 sys=0,01, real=0,01 secs] 
Heap after GC invocations=1 (full 0):
 par new generation   total 109248K, used 12185K [0x00000000e0000000, 0x00000000e8000000, 0x00000000e8000000)
  eden space 87424K,   0% used [0x00000000e0000000, 0x00000000e0000000, 0x00000000e5560000)
  from space 21824K,  55% used [0x00000000e6ab0000, 0x00000000e7696550, 0x00000000e8000000)
  to   space 21824K,   0% used [0x00000000e5560000, 0x00000000e5560000, 0x00000000e6ab0000)
 concurrent mark-sweep generation total 393216K, used 0K [0x00000000e8000000, 0x0000000100000000, 0x0000000100000000)
 Metaspace       used 18013K, capacity 18336K, committed 18688K, reserved 1064960K
  class space    used 2036K, capacity 2196K, committed 2304K, reserved 1048576K
}
2017-05-28T12:31:56.473+0200: 2,690: Total time for which application threads were stopped: 0,0202399 seconds, Stopping threads took: 0,0010393 seconds
2017-05-28T12:31:56.837+0200: 3,053: Total time for which application threads were stopped: 0,0002844 seconds, Stopping threads took: 0,0000233 seconds
{Heap before GC invocations=1 (full 0):
 par new generation   total 109248K, used 99609K [0x00000000e0000000, 0x00000000e8000000, 0x00000000e8000000)
  eden space 87424K, 100% used [0x00000000e0000000, 0x00000000e5560000, 0x00000000e5560000)
  from space 21824K,  55% used [0x00000000e6ab0000, 0x00000000e7696550, 0x00000000e8000000)
  to   space 21824K,   0% used [0x00000000e5560000, 0x00000000e5560000, 0x00000000e6ab0000)
 concurrent mark-sweep generation total 393216K, used 0K [0x00000000e8000000, 0x0000000100000000, 0x0000000100000000)
 Metaspace       used 20065K, capacity 20384K, committed 20736K, reserved 1067008K
  class space    used 2299K, capacity 2478K, committed 2560K, reserved 1048576K
2017-05-28T12:31:56.876+0200: 3,092: [GC (Allocation Failure) 2017-05-28T12:31:56.876+0200: 3,092: [ParNew
Desired survivor size 20112992 bytes, new threshold 8 (max 8)
- age   1:    3637104 bytes,    3637104 total
- age   2:    6633824 bytes,   10270928 total
: 99609K->15574K(109248K), 0,0185469 secs] 99609K->15574K(502464K), 0,0186203 secs] [Times: user=0,06 sys=0,00, real=0,02 secs] 
Heap after GC invocations=2 (full 0):
 par new generation   total 109248K, used 15574K [0x00000000e0000000, 0x00000000e8000000, 0x00000000e8000000)
  eden space 87424K,   0% used [0x00000000e0000000, 0x00000000e0000000, 0x00000000e5560000)
  from space 21824K,  71% used [0x00000000e5560000, 0x00000000e6495bc0, 0x00000000e6ab0000)
  to   space 21824K,   0% used [0x00000000e6ab0000, 0x00000000e6ab0000, 0x00000000e8000000)
 concurrent mark-sweep generation total 393216K, used 0K [0x00000000e8000000, 0x0000000100000000, 0x0000000100000000)
 Metaspace       used 20065K, capacity 20384K, committed 20736K, reserved 1067008K
  class space    used 2299K, capacity 2478K, committed 2560K, reserved 1048576K
}
2017-05-28T12:31:56.895+0200: 3,111: Total time for which application threads were stopped: 0,0188417 seconds, Stopping threads took: 0,0000733 seconds
2017-05-28T12:31:56.901+0200: 3,117: Total time for which application threads were stopped: 0,0003594 seconds, Stopping threads took: 0,0000694 seconds
2017-05-28T12:31:56.940+0200: 3,156: Total time for which application threads were stopped: 0,0003423 seconds, Stopping threads took: 0,0000525 seconds
2017-05-28T12:31:57.064+0200: 3,280: Total time for which application threads were stopped: 0,0001747 seconds, Stopping threads took: 0,0000449 seconds
{Heap before GC invocations=2 (full 0):
 par new generation   total 109248K, used 102998K [0x00000000e0000000, 0x00000000e8000000, 0x00000000e8000000)
  eden space 87424K, 100% used [0x00000000e0000000, 0x00000000e5560000, 0x00000000e5560000)
  from space 21824K,  71% used [0x00000000e5560000, 0x00000000e6495bc0, 0x00000000e6ab0000)
  to   space 21824K,   0% used [0x00000000e6ab0000, 0x00000000e6ab0000, 0x00000000e8000000)
 concurrent mark-sweep generation total 393216K, used 0K [0x00000000e8000000, 0x0000000100000000, 0x0000000100000000)
 Metaspace       used 20979K, capacity 21312K, committed 21552K, reserved 1069056K
  class space    used 2424K, capacity 2598K, committed 2608K, reserved 1048576K
2017-05-28T12:31:57.103+0200: 3,320: [GC (Allocation Failure) 2017-05-28T12:31:57.103+0200: 3,320: [ParNew
Desired survivor size 20112992 bytes, new threshold 8 (max 8)
- age   1:    2142232 bytes,    2142232 total
- age   2:     886920 bytes,    3029152 total
- age   3:    6630520 bytes,    9659672 total
: 102998K->12249K(109248K), 0,0115160 secs] 102998K->12249K(502464K), 0,0116053 secs] [Times: user=0,04 sys=0,00, real=0,01 secs] 
Heap after GC invocations=3 (full 0):
 par new generation   total 109248K, used 12249K [0x00000000e0000000, 0x00000000e8000000, 0x00000000e8000000)
  eden space 87424K,   0% used [0x00000000e0000000, 0x00000000e0000000, 0x00000000e5560000)
  from space 21824K,  56% used [0x00000000e6ab0000, 0x00000000e76a6678, 0x00000000e8000000)
  to   space 21824K,   0% used [0x00000000e5560000, 0x00000000e5560000, 0x00000000e6ab0000)
 concurrent mark-sweep generation total 393216K, used 0K [0x00000000e8000000, 0x0000000100000000, 0x0000000100000000)
 Metaspace       used 20979K, capacity 21312K, committed 21552K, reserved 1069056K
  class space    used 2424K, capacity 2598K, committed 2608K, reserved 1048576K
}
2017-05-28T12:31:57.115+0200: 3,331: Total time for which application threads were stopped: 0,0118221 seconds, Stopping threads took: 0,0000474 seconds
2017-05-28T12:31:57.121+0200: 3,338: [GC (CMS Initial Mark) [1 CMS-initial-mark: 0K(393216K)] 12963K(502464K), 0,0055804 secs] [Times: user=0,02 sys=0,00, real=0,01 secs] 
2017-05-28T12:31:57.127+0200: 3,343: Total time for which application threads were stopped: 0,0057886 seconds, Stopping threads took: 0,0000773 seconds
2017-05-28T12:31:57.127+0200: 3,343: [CMS-concurrent-mark-start]
2017-05-28T12:31:57.130+0200: 3,346: [CMS-concurrent-mark: 0,003/0,003 secs] [Times: user=0,01 sys=0,00, real=0,00 secs] 
2017-05-28T12:31:57.130+0200: 3,346: [CMS-concurrent-preclean-start]
2017-05-28T12:31:57.131+0200: 3,347: [CMS-concurrent-preclean: 0,001/0,001 secs] [Times: user=0,01 sys=0,00, real=0,00 secs] 
2017-05-28T12:31:57.131+0200: 3,347: [CMS-concurrent-abortable-preclean-start]
2017-05-28T12:31:57.230+0200: 3,446: Total time for which application threads were stopped: 0,0001304 seconds, Stopping threads took: 0,0000405 seconds
2017-05-28T12:31:57.230+0200: 3,446: [CMS-concurrent-abortable-preclean: 0,092/0,099 secs] [Times: user=0,37 sys=0,01, real=0,10 secs] 
2017-05-28T12:31:57.230+0200: 3,446: [GC (CMS Final Remark) [YG occupancy: 77179 K (109248 K)]{Heap before GC invocations=3 (full 1):
 par new generation   total 109248K, used 77179K [0x00000000e0000000, 0x00000000e8000000, 0x00000000e8000000)
  eden space 87424K,  74% used [0x00000000e0000000, 0x00000000e3f68898, 0x00000000e5560000)
  from space 21824K,  56% used [0x00000000e6ab0000, 0x00000000e76a6678, 0x00000000e8000000)
  to   space 21824K,   0% used [0x00000000e5560000, 0x00000000e5560000, 0x00000000e6ab0000)
 concurrent mark-sweep generation total 393216K, used 0K [0x00000000e8000000, 0x0000000100000000, 0x0000000100000000)
 Metaspace       used 21213K, capacity 21576K, committed 21756K, reserved 1069056K
  class space    used 2446K, capacity 2610K, committed 2736K, reserved 1048576K
2017-05-28T12:31:57.230+0200: 3,446: [GC (CMS Final Remark) 2017-05-28T12:31:57.230+0200: 3,446: [ParNew
Desired survivor size 20112992 bytes, new threshold 8 (max 8)
- age   1:    1337112 bytes,    1337112 total
- age   2:    1450312 bytes,    2787424 total
- age   3:     855528 bytes,    3642952 total
- age   4:    6630216 bytes,   10273168 total
: 77179K->12789K(109248K), 0,0129246 secs] 77179K->12789K(502464K), 0,0129708 secs] [Times: user=0,05 sys=0,00, real=0,02 secs] 
Heap after GC invocations=4 (full 1):
 par new generation   total 109248K, used 12789K [0x00000000e0000000, 0x00000000e8000000, 0x00000000e8000000)
  eden space 87424K,   0% used [0x00000000e0000000, 0x00000000e0000000, 0x00000000e5560000)
  from space 21824K,  58% used [0x00000000e5560000, 0x00000000e61dd7f8, 0x00000000e6ab0000)
  to   space 21824K,   0% used [0x00000000e6ab0000, 0x00000000e6ab0000, 0x00000000e8000000)
 concurrent mark-sweep generation total 393216K, used 0K [0x00000000e8000000, 0x0000000100000000, 0x0000000100000000)
 Metaspace       used 21213K, capacity 21576K, committed 21756K, reserved 1069056K
  class space    used 2446K, capacity 2610K, committed 2736K, reserved 1048576K
}
2017-05-28T12:31:57.243+0200: 3,459: [Rescan (parallel) , 0,0038919 secs]2017-05-28T12:31:57.247+0200: 3,463: [weak refs processing, 0,0013401 secs]2017-05-28T12:31:57.248+0200: 3,464: [class unloading, 0,0028729 secs]2017-05-28T12:31:57.251+0200: 3,467: [scrub symbol table, 0,0025961 secs]2017-05-28T12:31:57.254+0200: 3,470: [scrub string table, 0,0003795 secs][1 CMS-remark: 0K(393216K)] 12789K(502464K), 0,0246919 secs] [Times: user=0,07 sys=0,00, real=0,03 secs] 
2017-05-28T12:31:57.255+0200: 3,471: Total time for which application threads were stopped: 0,0247699 seconds, Stopping threads took: 0,0000201 seconds
2017-05-28T12:31:57.255+0200: 3,471: [CMS-concurrent-sweep-start]
2017-05-28T12:31:57.255+0200: 3,471: [CMS-concurrent-sweep: 0,000/0,000 secs] [Times: user=0,00 sys=0,00, real=0,00 secs] 
2017-05-28T12:31:57.255+0200: 3,471: [CMS-concurrent-reset-start]
2017-05-28T12:31:57.257+0200: 3,473: [CMS-concurrent-reset: 0,002/0,002 secs] [Times: user=0,01 sys=0,00, real=0,00 secs] 
2017-05-28T12:31:57.257+0200: 3,473: Total time for which application threads were stopped: 0,0001142 seconds, Stopping threads took: 0,0000543 seconds
{Heap before GC invocations=4 (full 1):
 par new generation   total 109248K, used 100213K [0x00000000e0000000, 0x00000000e8000000, 0x00000000e8000000)
  eden space 87424K, 100% used [0x00000000e0000000, 0x00000000e5560000, 0x00000000e5560000)
  from space 21824K,  58% used [0x00000000e5560000, 0x00000000e61dd7f8, 0x00000000e6ab0000)
  to   space 21824K,   0% used [0x00000000e6ab0000, 0x00000000e6ab0000, 0x00000000e8000000)
 concurrent mark-sweep generation total 393216K, used 0K [0x00000000e8000000, 0x0000000100000000, 0x0000000100000000)
 Metaspace       used 21362K, capacity 21704K, committed 22012K, reserved 1069056K
  class space    used 2471K, capacity 2650K, committed 2736K, reserved 1048576K
2017-05-28T12:31:57.345+0200: 3,561: [GC (Allocation Failure) 2017-05-28T12:31:57.345+0200: 3,561: [ParNew
Desired survivor size 20112992 bytes, new threshold 8 (max 8)
- age   1:    1086712 bytes,    1086712 total
- age   2:     120832 bytes,    1207544 total
- age   3:    1450104 bytes,    2657648 total
- age   4:     853480 bytes,    3511128 total
- age   5:    6630296 bytes,   10141424 total
: 100213K->15202K(109248K), 0,0095674 secs] 100213K->15202K(502464K), 0,0096278 secs] [Times: user=0,03 sys=0,00, real=0,01 secs] 
Heap after GC invocations=5 (full 1):
 par new generation   total 109248K, used 15202K [0x00000000e0000000, 0x00000000e8000000, 0x00000000e8000000)
  eden space 87424K,   0% used [0x00000000e0000000, 0x00000000e0000000, 0x00000000e5560000)
  from space 21824K,  69% used [0x00000000e6ab0000, 0x00000000e7988938, 0x00000000e8000000)
  to   space 21824K,   0% used [0x00000000e5560000, 0x00000000e5560000, 0x00000000e6ab0000)
 concurrent mark-sweep generation total 393216K, used 0K [0x00000000e8000000, 0x0000000100000000, 0x0000000100000000)
 Metaspace       used 21362K, capacity 21704K, committed 22012K, reserved 1069056K
  class space    used 2471K, capacity 2650K, committed 2736K, reserved 1048576K
}
2017-05-28T12:31:57.355+0200: 3,571: Total time for which application threads were stopped: 0,0099219 seconds, Stopping threads took: 0,0001434 seconds
2017-05-28T12:31:57.398+0200: 3,615: Total time for which application threads were stopped: 0,0003623 seconds, Stopping threads took: 0,0000247 seconds
2017-05-28T12:31:57.694+0200: 3,910: Total time for which application threads were stopped: 0,0005523 seconds, Stopping threads took: 0,0000750 seconds
2017-05-28T12:31:57.710+0200: 3,926: Total time for which application threads were stopped: 0,0004428 seconds, Stopping threads took: 0,0000408 seconds
2017-05-28T12:31:57.842+0200: 4,058: Total time for which application threads were stopped: 0,0011072 seconds, Stopping threads took: 0,0005913 seconds
{Heap before GC invocations=5 (full 1):
 par new generation   total 109248K, used 102626K [0x00000000e0000000, 0x00000000e8000000, 0x00000000e8000000)
  eden space 87424K, 100% used [0x00000000e0000000, 0x00000000e5560000, 0x00000000e5560000)
  from space 21824K,  69% used [0x00000000e6ab0000, 0x00000000e7988938, 0x00000000e8000000)
  to   space 21824K,   0% used [0x00000000e5560000, 0x00000000e5560000, 0x00000000e6ab0000)
 concurrent mark-sweep generation total 393216K, used 0K [0x00000000e8000000, 0x0000000100000000, 0x0000000100000000)
 Metaspace       used 23923K, capacity 24372K, committed 24624K, reserved 1071104K
  class space    used 2827K, capacity 3026K, committed 3120K, reserved 1048576K
2017-05-28T12:31:57.867+0200: 4,083: [GC (Allocation Failure) 2017-05-28T12:31:57.867+0200: 4,083: [ParNew
Desired survivor size 20112992 bytes, new threshold 8 (max 8)
- age   1:    5447016 bytes,    5447016 total
- age   2:     132904 bytes,    5579920 total
- age   3:     119632 bytes,    5699552 total
- age   4:     280176 bytes,    5979728 total
- age   5:     827232 bytes,    6806960 total
- age   6:    6622136 bytes,   13429096 total
: 102626K->13942K(109248K), 0,0125538 secs] 102626K->13942K(502464K), 0,0126387 secs] [Times: user=0,05 sys=0,00, real=0,01 secs] 
Heap after GC invocations=6 (full 1):
 par new generation   total 109248K, used 13942K [0x00000000e0000000, 0x00000000e8000000, 0x00000000e8000000)
  eden space 87424K,   0% used [0x00000000e0000000, 0x00000000e0000000, 0x00000000e5560000)
  from space 21824K,  63% used [0x00000000e5560000, 0x00000000e62fdbe0, 0x00000000e6ab0000)
  to   space 21824K,   0% used [0x00000000e6ab0000, 0x00000000e6ab0000, 0x00000000e8000000)
 concurrent mark-sweep generation total 393216K, used 0K [0x00000000e8000000, 0x0000000100000000, 0x0000000100000000)
 Metaspace       used 23923K, capacity 24372K, committed 24624K, reserved 1071104K
  class space    used 2827K, capacity 3026K, committed 3120K, reserved 1048576K
}
2017-05-28T12:31:57.880+0200: 4,096: Total time for which application threads were stopped: 0,0128561 seconds, Stopping threads took: 0,0000704 seconds
{Heap before GC invocations=6 (full 1):
 par new generation   total 109248K, used 101366K [0x00000000e0000000, 0x00000000e8000000, 0x00000000e8000000)
  eden space 87424K, 100% used [0x00000000e0000000, 0x00000000e5560000, 0x00000000e5560000)
  from space 21824K,  63% used [0x00000000e5560000, 0x00000000e62fdbe0, 0x00000000e6ab0000)
  to   space 21824K,   0% used [0x00000000e6ab0000, 0x00000000e6ab0000, 0x00000000e8000000)
 concurrent mark-sweep generation total 393216K, used 0K [0x00000000e8000000, 0x0000000100000000, 0x0000000100000000)
 Metaspace       used 24421K, capacity 24916K, committed 25136K, reserved 1071104K
  class space    used 2867K, capacity 3058K, committed 3120K, reserved 1048576K
2017-05-28T12:31:57.965+0200: 4,181: [GC (Allocation Failure) 2017-05-28T12:31:57.965+0200: 4,181: [ParNew
Desired survivor size 20112992 bytes, new threshold 8 (max 8)
- age   1:    1592888 bytes,    1592888 total
- age   2:    1799144 bytes,    3392032 total
- age   3:      77672 bytes,    3469704 total
- age   4:      65088 bytes,    3534792 total
- age   5:     183608 bytes,    3718400 total
- age   6:     785032 bytes,    4503432 total
- age   7:    6088992 bytes,   10592424 total
: 101366K->16496K(109248K), 0,0139710 secs] 101366K->16496K(502464K), 0,0140501 secs] [Times: user=0,04 sys=0,00, real=0,01 secs] 
Heap after GC invocations=7 (full 1):
 par new generation   total 109248K, used 16496K [0x00000000e0000000, 0x00000000e8000000, 0x00000000e8000000)
  eden space 87424K,   0% used [0x00000000e0000000, 0x00000000e0000000, 0x00000000e5560000)
  from space 21824K,  75% used [0x00000000e6ab0000, 0x00000000e7acc250, 0x00000000e8000000)
  to   space 21824K,   0% used [0x00000000e5560000, 0x00000000e5560000, 0x00000000e6ab0000)
 concurrent mark-sweep generation total 393216K, used 0K [0x00000000e8000000, 0x0000000100000000, 0x0000000100000000)
 Metaspace       used 24421K, capacity 24916K, committed 25136K, reserved 1071104K
  class space    used 2867K, capacity 3058K, committed 3120K, reserved 1048576K
}
2017-05-28T12:31:57.979+0200: 4,195: Total time for which application threads were stopped: 0,0143280 seconds, Stopping threads took: 0,0000726 seconds
2017-05-28T12:31:58.028+0200: 4,244: Total time for which application threads were stopped: 0,0080967 seconds, Stopping threads took: 0,0079473 seconds
2017-05-28T12:31:58.087+0200: 4,303: Total time for which application threads were stopped: 0,0039142 seconds, Stopping threads took: 0,0037585 seconds
2017-05-28T12:31:58.123+0200: 4,339: Total time for which application threads were stopped: 0,0001606 seconds, Stopping threads took: 0,0000644 seconds
{Heap before GC invocations=7 (full 1):
 par new generation   total 109248K, used 109248K [0x00000000e0000000, 0x00000000e8000000, 0x00000000e8000000)
  eden space 87424K, 100% used [0x00000000e0000000, 0x00000000e5560000, 0x00000000e5560000)
  from space 21824K, 100% used [0x00000000e6ab0000, 0x00000000e8000000, 0x00000000e8000000)
  to   space 21824K,   0% used [0x00000000e5560000, 0x00000000e5560000, 0x00000000e6ab0000)
 concurrent mark-sweep generation total 393216K, used 3553K [0x00000000e8000000, 0x0000000100000000, 0x0000000100000000)
 Metaspace       used 24691K, capacity 25172K, committed 25392K, reserved 1071104K
  class space    used 2893K, capacity 3096K, committed 3120K, reserved 1048576K
2017-05-28T12:31:58.146+0200: 4,363: [GC (GCLocker Initiated GC) 2017-05-28T12:31:58.146+0200: 4,363: [ParNew
Desired survivor size 20112992 bytes, new threshold 8 (max 8)
- age   1:     696104 bytes,     696104 total
- age   2:     978816 bytes,    1674920 total
- age   3:    1776824 bytes,    3451744 total
- age   4:      77536 bytes,    3529280 total
- age   5:      64952 bytes,    3594232 total
- age   6:     180752 bytes,    3774984 total
- age   7:     784264 bytes,    4559248 total
- age   8:    6088952 bytes,   10648200 total
: 109248K->13338K(109248K), 0,0324968 secs] 112801K->16891K(502464K), 0,0325791 secs] [Times: user=0,07 sys=0,00, real=0,03 secs] 
Heap after GC invocations=8 (full 1):
 par new generation   total 109248K, used 13338K [0x00000000e0000000, 0x00000000e8000000, 0x00000000e8000000)
  eden space 87424K,   0% used [0x00000000e0000000, 0x00000000e0000000, 0x00000000e5560000)
  from space 21824K,  61% used [0x00000000e5560000, 0x00000000e6266ab0, 0x00000000e6ab0000)
  to   space 21824K,   0% used [0x00000000e6ab0000, 0x00000000e6ab0000, 0x00000000e8000000)
 concurrent mark-sweep generation total 393216K, used 3553K [0x00000000e8000000, 0x0000000100000000, 0x0000000100000000)
 Metaspace       used 24691K, capacity 25172K, committed 25392K, reserved 1071104K
  class space    used 2893K, capacity 3096K, committed 3120K, reserved 1048576K
}
2017-05-28T12:31:58.179+0200: 4,395: Total time for which application threads were stopped: 0,0367545 seconds, Stopping threads took: 0,0039978 seconds
2017-05-28T12:31:58.313+0200: 4,530: Total time for which application threads were stopped: 0,0002027 seconds, Stopping threads took: 0,0000621 seconds
2017-05-28T12:31:58.342+0200: 4,559: Total time for which application threads were stopped: 0,0026544 seconds, Stopping threads took: 0,0025488 seconds
2017-05-28T12:31:58.343+0200: 4,559: Total time for which application threads were stopped: 0,0001576 seconds, Stopping threads took: 0,0000688 seconds
2017-05-28T12:31:58.347+0200: 4,563: Total time for which application threads were stopped: 0,0004084 seconds, Stopping threads took: 0,0002980 seconds
2017-05-28T12:31:58.353+0200: 4,569: Total time for which application threads were stopped: 0,0004413 seconds, Stopping threads took: 0,0003228 seconds
2017-05-28T12:31:58.353+0200: 4,569: Total time for which application threads were stopped: 0,0001001 seconds, Stopping threads took: 0,0000197 seconds
2017-05-28T12:31:58.353+0200: 4,569: Total time for which application threads were stopped: 0,0000728 seconds, Stopping threads took: 0,0000116 seconds
2017-05-28T12:31:58.353+0200: 4,569: Total time for which application threads were stopped: 0,0001098 seconds, Stopping threads took: 0,0000307 seconds
2017-05-28T12:31:58.353+0200: 4,570: Total time for which application threads were stopped: 0,0000774 seconds, Stopping threads took: 0,0000263 seconds
2017-05-28T12:31:58.354+0200: 4,570: Total time for which application threads were stopped: 0,0005359 seconds, Stopping threads took: 0,0004728 seconds
2017-05-28T12:31:58.354+0200: 4,570: Total time for which application threads were stopped: 0,0000776 seconds, Stopping threads took: 0,0000239 seconds
2017-05-28T12:31:58.354+0200: 4,570: Total time for which application threads were stopped: 0,0000965 seconds, Stopping threads took: 0,0000201 seconds
2017-05-28T12:31:58.354+0200: 4,571: Total time for which application threads were stopped: 0,0000713 seconds, Stopping threads took: 0,0000305 seconds
2017-05-28T12:31:58.354+0200: 4,571: Total time for which application threads were stopped: 0,0000534 seconds, Stopping threads took: 0,0000100 seconds
2017-05-28T12:31:58.355+0200: 4,571: Total time for which application threads were stopped: 0,0000688 seconds, Stopping threads took: 0,0000367 seconds
2017-05-28T12:31:58.355+0200: 4,571: Total time for which application threads were stopped: 0,0000572 seconds, Stopping threads took: 0,0000256 seconds
2017-05-28T12:31:58.355+0200: 4,571: Total time for which application threads were stopped: 0,0000619 seconds, Stopping threads took: 0,0000228 seconds
2017-05-28T12:31:58.355+0200: 4,571: Total time for which application threads were stopped: 0,0000482 seconds, Stopping threads took: 0,0000193 seconds
2017-05-28T12:31:58.355+0200: 4,571: Total time for which application threads were stopped: 0,0000675 seconds, Stopping threads took: 0,0000171 seconds
2017-05-28T12:31:58.355+0200: 4,571: Total time for which application threads were stopped: 0,0000907 seconds, Stopping threads took: 0,0000227 seconds
2017-05-28T12:31:58.356+0200: 4,572: Total time for which application threads were stopped: 0,0005826 seconds, Stopping threads took: 0,0004829 seconds
2017-05-28T12:31:58.356+0200: 4,572: Total time for which application threads were stopped: 0,0000935 seconds, Stopping threads took: 0,0000253 seconds
2017-05-28T12:31:58.356+0200: 4,573: Total time for which application threads were stopped: 0,0000717 seconds, Stopping threads took: 0,0000383 seconds
2017-05-28T12:31:58.357+0200: 4,573: Total time for which application threads were stopped: 0,0000630 seconds, Stopping threads took: 0,0000195 seconds
2017-05-28T12:31:58.370+0200: 4,587: Total time for which application threads were stopped: 0,0041629 seconds, Stopping threads took: 0,0040518 seconds
2017-05-28T12:31:58.371+0200: 4,587: Total time for which application threads were stopped: 0,0001285 seconds, Stopping threads took: 0,0000369 seconds
2017-05-28T12:31:58.372+0200: 4,588: Total time for which application threads were stopped: 0,0002013 seconds, Stopping threads took: 0,0000659 seconds
2017-05-28T12:31:58.372+0200: 4,588: Total time for which application threads were stopped: 0,0002551 seconds, Stopping threads took: 0,0001855 seconds
2017-05-28T12:31:58.372+0200: 4,589: Total time for which application threads were stopped: 0,0001149 seconds, Stopping threads took: 0,0000348 seconds
2017-05-28T12:31:58.372+0200: 4,589: Total time for which application threads were stopped: 0,0001001 seconds, Stopping threads took: 0,0000288 seconds
2017-05-28T12:31:58.373+0200: 4,589: Total time for which application threads were stopped: 0,0000756 seconds, Stopping threads took: 0,0000109 seconds
2017-05-28T12:31:58.373+0200: 4,589: Total time for which application threads were stopped: 0,0000849 seconds, Stopping threads took: 0,0000271 seconds
2017-05-28T12:31:58.373+0200: 4,589: Total time for which application threads were stopped: 0,0005186 seconds, Stopping threads took: 0,0003788 seconds
2017-05-28T12:31:58.374+0200: 4,590: Total time for which application threads were stopped: 0,0000915 seconds, Stopping threads took: 0,0000169 seconds
2017-05-28T12:31:58.374+0200: 4,590: Total time for which application threads were stopped: 0,0000702 seconds, Stopping threads took: 0,0000112 seconds
2017-05-28T12:31:58.375+0200: 4,591: Total time for which application threads were stopped: 0,0000961 seconds, Stopping threads took: 0,0000189 seconds
2017-05-28T12:31:58.375+0200: 4,591: Total time for which application threads were stopped: 0,0000744 seconds, Stopping threads took: 0,0000131 seconds
2017-05-28T12:31:58.375+0200: 4,592: Total time for which application threads were stopped: 0,0000825 seconds, Stopping threads took: 0,0000145 seconds
2017-05-28T12:31:58.376+0200: 4,592: Total time for which application threads were stopped: 0,0000859 seconds, Stopping threads took: 0,0000179 seconds
2017-05-28T12:31:58.386+0200: 4,603: Total time for which application threads were stopped: 0,0016500 seconds, Stopping threads took: 0,0015588 seconds
2017-05-28T12:31:58.387+0200: 4,603: Total time for which application threads were stopped: 0,0003150 seconds, Stopping threads took: 0,0002488 seconds
2017-05-28T12:31:58.391+0200: 4,607: Total time for which application threads were stopped: 0,0002466 seconds, Stopping threads took: 0,0000836 seconds
2017-05-28T12:31:58.400+0200: 4,617: Total time for which application threads were stopped: 0,0001639 seconds, Stopping threads took: 0,0000721 seconds
2017-05-28T12:31:58.406+0200: 4,623: Total time for which application threads were stopped: 0,0040689 seconds, Stopping threads took: 0,0039808 seconds
2017-05-28T12:31:58.406+0200: 4,623: Total time for which application threads were stopped: 0,0001149 seconds, Stopping threads took: 0,0000616 seconds
2017-05-28T12:31:58.407+0200: 4,623: Total time for which application threads were stopped: 0,0000858 seconds, Stopping threads took: 0,0000323 seconds
2017-05-28T12:31:58.414+0200: 4,630: Total time for which application threads were stopped: 0,0001758 seconds, Stopping threads took: 0,0000249 seconds
2017-05-28T12:31:58.419+0200: 4,635: Total time for which application threads were stopped: 0,0006277 seconds, Stopping threads took: 0,0005245 seconds
2017-05-28T12:31:58.420+0200: 4,636: Total time for which application threads were stopped: 0,0004509 seconds, Stopping threads took: 0,0003610 seconds
2017-05-28T12:31:58.420+0200: 4,637: Total time for which application threads were stopped: 0,0001540 seconds, Stopping threads took: 0,0000576 seconds
2017-05-28T12:31:58.430+0200: 4,646: Total time for which application threads were stopped: 0,0001342 seconds, Stopping threads took: 0,0000388 seconds
2017-05-28T12:31:58.434+0200: 4,650: Total time for which application threads were stopped: 0,0001307 seconds, Stopping threads took: 0,0000420 seconds
2017-05-28T12:31:58.437+0200: 4,653: Total time for which application threads were stopped: 0,0001148 seconds, Stopping threads took: 0,0000387 seconds
2017-05-28T12:31:58.446+0200: 4,663: Total time for which application threads were stopped: 0,0053162 seconds, Stopping threads took: 0,0052371 seconds
2017-05-28T12:31:58.447+0200: 4,663: Total time for which application threads were stopped: 0,0001032 seconds, Stopping threads took: 0,0000370 seconds
2017-05-28T12:31:58.448+0200: 4,664: Total time for which application threads were stopped: 0,0001142 seconds, Stopping threads took: 0,0000425 seconds
2017-05-28T12:31:58.450+0200: 4,666: Total time for which application threads were stopped: 0,0012439 seconds, Stopping threads took: 0,0011539 seconds
2017-05-28T12:31:58.450+0200: 4,666: Total time for which application threads were stopped: 0,0000849 seconds, Stopping threads took: 0,0000278 seconds
2017-05-28T12:31:58.450+0200: 4,666: Total time for which application threads were stopped: 0,0000562 seconds, Stopping threads took: 0,0000240 seconds
2017-05-28T12:31:58.450+0200: 4,666: Total time for which application threads were stopped: 0,0000603 seconds, Stopping threads took: 0,0000120 seconds
2017-05-28T12:31:58.451+0200: 4,667: Total time for which application threads were stopped: 0,0000696 seconds, Stopping threads took: 0,0000181 seconds
2017-05-28T12:31:58.452+0200: 4,669: Total time for which application threads were stopped: 0,0000926 seconds, Stopping threads took: 0,0000208 seconds
2017-05-28T12:31:58.455+0200: 4,671: Total time for which application threads were stopped: 0,0001147 seconds, Stopping threads took: 0,0000318 seconds
2017-05-28T12:31:58.457+0200: 4,673: Total time for which application threads were stopped: 0,0000892 seconds, Stopping threads took: 0,0000164 seconds
2017-05-28T12:31:58.457+0200: 4,674: Total time for which application threads were stopped: 0,0001089 seconds, Stopping threads took: 0,0000308 seconds
2017-05-28T12:31:58.458+0200: 4,674: Total time for which application threads were stopped: 0,0000639 seconds, Stopping threads took: 0,0000262 seconds
2017-05-28T12:31:58.458+0200: 4,674: Total time for which application threads were stopped: 0,0000926 seconds, Stopping threads took: 0,0000171 seconds
2017-05-28T12:31:58.460+0200: 4,676: Total time for which application threads were stopped: 0,0001588 seconds, Stopping threads took: 0,0000131 seconds
2017-05-28T12:31:58.499+0200: 4,715: Total time for which application threads were stopped: 0,0004937 seconds, Stopping threads took: 0,0000228 seconds
2017-05-28T12:31:58.514+0200: 4,731: Total time for which application threads were stopped: 0,0004509 seconds, Stopping threads took: 0,0000207 seconds
2017-05-28T12:31:58.548+0200: 4,764: Total time for which application threads were stopped: 0,0002440 seconds, Stopping threads took: 0,0001030 seconds
2017-05-28T12:31:58.550+0200: 4,766: Total time for which application threads were stopped: 0,0001372 seconds, Stopping threads took: 0,0000585 seconds
2017-05-28T12:31:58.561+0200: 4,778: Total time for which application threads were stopped: 0,0003833 seconds, Stopping threads took: 0,0000231 seconds
2017-05-28T12:31:58.563+0200: 4,779: Total time for which application threads were stopped: 0,0001279 seconds, Stopping threads took: 0,0000465 seconds
2017-05-28T12:31:58.563+0200: 4,779: Total time for which application threads were stopped: 0,0000801 seconds, Stopping threads took: 0,0000232 seconds
2017-05-28T12:31:58.563+0200: 4,779: Total time for which application threads were stopped: 0,0000957 seconds, Stopping threads took: 0,0000296 seconds
2017-05-28T12:31:58.567+0200: 4,783: Total time for which application threads were stopped: 0,0001065 seconds, Stopping threads took: 0,0000386 seconds
2017-05-28T12:31:58.582+0200: 4,799: Total time for which application threads were stopped: 0,0024634 seconds, Stopping threads took: 0,0023847 seconds
2017-05-28T12:31:58.584+0200: 4,800: Total time for which application threads were stopped: 0,0001322 seconds, Stopping threads took: 0,0000381 seconds
2017-05-28T12:31:58.584+0200: 4,800: Total time for which application threads were stopped: 0,0000598 seconds, Stopping threads took: 0,0000154 seconds
2017-05-28T12:31:58.584+0200: 4,800: Total time for which application threads were stopped: 0,0000844 seconds, Stopping threads took: 0,0000226 seconds
2017-05-28T12:31:58.585+0200: 4,801: Total time for which application threads were stopped: 0,0001189 seconds, Stopping threads took: 0,0000362 seconds
2017-05-28T12:31:58.585+0200: 4,801: Total time for which application threads were stopped: 0,0000651 seconds, Stopping threads took: 0,0000115 seconds
2017-05-28T12:31:58.585+0200: 4,801: Total time for which application threads were stopped: 0,0000624 seconds, Stopping threads took: 0,0000155 seconds
2017-05-28T12:31:58.585+0200: 4,801: Total time for which application threads were stopped: 0,0000591 seconds, Stopping threads took: 0,0000169 seconds
2017-05-28T12:31:58.587+0200: 4,804: Total time for which application threads were stopped: 0,0001456 seconds, Stopping threads took: 0,0000510 seconds
2017-05-28T12:31:58.588+0200: 4,805: Total time for which application threads were stopped: 0,0001213 seconds, Stopping threads took: 0,0000372 seconds
2017-05-28T12:31:58.590+0200: 4,807: Total time for which application threads were stopped: 0,0018413 seconds, Stopping threads took: 0,0017868 seconds
2017-05-28T12:31:58.591+0200: 4,807: Total time for which application threads were stopped: 0,0000884 seconds, Stopping threads took: 0,0000390 seconds
2017-05-28T12:31:58.591+0200: 4,807: Total time for which application threads were stopped: 0,0000751 seconds, Stopping threads took: 0,0000254 seconds
2017-05-28T12:31:58.594+0200: 4,811: Total time for which application threads were stopped: 0,0001858 seconds, Stopping threads took: 0,0001065 seconds
2017-05-28T12:31:58.595+0200: 4,811: Total time for which application threads were stopped: 0,0001072 seconds, Stopping threads took: 0,0000453 seconds
2017-05-28T12:31:58.595+0200: 4,812: Total time for which application threads were stopped: 0,0000723 seconds, Stopping threads took: 0,0000271 seconds
2017-05-28T12:31:58.599+0200: 4,815: Total time for which application threads were stopped: 0,0005522 seconds, Stopping threads took: 0,0003625 seconds
2017-05-28T12:31:58.611+0200: 4,827: Total time for which application threads were stopped: 0,0001734 seconds, Stopping threads took: 0,0000772 seconds
2017-05-28T12:31:58.630+0200: 4,846: Total time for which application threads were stopped: 0,0001938 seconds, Stopping threads took: 0,0001122 seconds
2017-05-28T12:31:58.645+0200: 4,861: Total time for which application threads were stopped: 0,0001863 seconds, Stopping threads took: 0,0000678 seconds
2017-05-28T12:31:58.674+0200: 4,890: Total time for which application threads were stopped: 0,0001491 seconds, Stopping threads took: 0,0000533 seconds
{Heap before GC invocations=8 (full 1):
 par new generation   total 109248K, used 100745K [0x00000000e0000000, 0x00000000e8000000, 0x00000000e8000000)
  eden space 87424K,  99% used [0x00000000e0000000, 0x00000000e555bc88, 0x00000000e5560000)
  from space 21824K,  61% used [0x00000000e5560000, 0x00000000e6266ab0, 0x00000000e6ab0000)
  to   space 21824K,   0% used [0x00000000e6ab0000, 0x00000000e6ab0000, 0x00000000e8000000)
 concurrent mark-sweep generation total 393216K, used 3553K [0x00000000e8000000, 0x0000000100000000, 0x0000000100000000)
 Metaspace       used 27711K, capacity 28252K, committed 28464K, reserved 1075200K
  class space    used 3177K, capacity 3372K, committed 3376K, reserved 1048576K
2017-05-28T12:31:58.677+0200: 4,893: [GC (Allocation Failure) 2017-05-28T12:31:58.677+0200: 4,893: [ParNew
Desired survivor size 20112992 bytes, new threshold 8 (max 8)
- age   1:    8609640 bytes,    8609640 total
- age   2:     458856 bytes,    9068496 total
- age   3:     436896 bytes,    9505392 total
- age   4:    1767760 bytes,   11273152 total
- age   5:      77472 bytes,   11350624 total
- age   6:      64904 bytes,   11415528 total
- age   7:     180144 bytes,   11595672 total
- age   8:     782248 bytes,   12377920 total
: 100745K->15982K(109248K), 0,0456806 secs] 104298K->25983K(502464K), 0,0457316 secs] [Times: user=0,15 sys=0,01, real=0,05 secs] 
Heap after GC invocations=9 (full 1):
 par new generation   total 109248K, used 15982K [0x00000000e0000000, 0x00000000e8000000, 0x00000000e8000000)
  eden space 87424K,   0% used [0x00000000e0000000, 0x00000000e0000000, 0x00000000e5560000)
  from space 21824K,  73% used [0x00000000e6ab0000, 0x00000000e7a4b9e8, 0x00000000e8000000)
  to   space 21824K,   0% used [0x00000000e5560000, 0x00000000e5560000, 0x00000000e6ab0000)
 concurrent mark-sweep generation total 393216K, used 10001K [0x00000000e8000000, 0x0000000100000000, 0x0000000100000000)
 Metaspace       used 27711K, capacity 28252K, committed 28464K, reserved 1075200K
  class space    used 3177K, capacity 3372K, committed 3376K, reserved 1048576K
}
2017-05-28T12:31:58.723+0200: 4,939: Total time for which application threads were stopped: 0,0459544 seconds, Stopping threads took: 0,0000407 seconds
2017-05-28T12:31:58.727+0200: 4,943: Total time for which application threads were stopped: 0,0001314 seconds, Stopping threads took: 0,0000626 seconds
2017-05-28T12:31:58.727+0200: 4,943: Total time for which application threads were stopped: 0,0000784 seconds, Stopping threads took: 0,0000377 seconds
2017-05-28T12:31:58.737+0200: 4,953: Total time for which application threads were stopped: 0,0005659 seconds, Stopping threads took: 0,0000577 seconds
2017-05-28T12:31:58.742+0200: 4,959: Total time for which application threads were stopped: 0,0001934 seconds, Stopping threads took: 0,0000863 seconds
2017-05-28T12:31:59.743+0200: 5,959: Total time for which application threads were stopped: 0,0000814 seconds, Stopping threads took: 0,0000172 seconds
2017-05-28T12:33:51.246+0200: 117,974: Total time for which application threads were stopped: 0,0000850 seconds, Stopping threads took: 0,0000326 seconds
2017-05-28T12:33:56.248+0200: 122,975: Total time for which application threads were stopped: 0,0008500 seconds, Stopping threads took: 0,0002953 seconds
2017-05-28T12:52:26.379+0200: 1233,106: Total time for which application threads were stopped: 0,0000865 seconds, Stopping threads took: 0,0000347 seconds
2017-05-28T12:55:19.400+0200: 1406,127: Total time for which application threads were stopped: 0,0000901 seconds, Stopping threads took: 0,0000297 seconds
2017-05-28T13:00:09.434+0200: 1696,161: Total time for which application threads were stopped: 0,0000980 seconds, Stopping threads took: 0,0000376 seconds
2017-05-28T13:10:16.497+0200: 2303,224: Total time for which application threads were stopped: 0,0000945 seconds, Stopping threads took: 0,0000372 seconds
2017-05-28T13:10:19.498+0200: 2306,225: Total time for which application threads were stopped: 0,0003189 seconds, Stopping threads took: 0,0000717 seconds
2017-05-28T13:25:11.606+0200: 3198,334: Total time for which application threads were stopped: 0,0000820 seconds, Stopping threads took: 0,0000291 seconds
2017-05-28T13:36:09.686+0200: 3856,413: Total time for which application threads were stopped: 0,0000947 seconds, Stopping threads took: 0,0000300 seconds
2017-05-28T13:36:19.687+0200: 3866,414: Total time for which application threads were stopped: 0,0000754 seconds, Stopping threads took: 0,0000148 seconds
2017-05-28T13:37:44.697+0200: 3951,425: Total time for which application threads were stopped: 0,0001062 seconds, Stopping threads took: 0,0000412 seconds
2017-05-28T13:38:25.702+0200: 3992,430: Total time for which application threads were stopped: 0,0000809 seconds, Stopping threads took: 0,0000293 seconds
2017-05-28T13:51:51.806+0200: 4798,533: Total time for which application threads were stopped: 0,0000838 seconds, Stopping threads took: 0,0000317 seconds
2017-05-28T14:12:44.099+0200: 6050,827: Total time for which application threads were stopped: 0,0001490 seconds, Stopping threads took: 0,0000299 seconds
2017-05-28T14:12:44.104+0200: 6050,832: Total time for which application threads were stopped: 0,0001174 seconds, Stopping threads took: 0,0000149 seconds
2017-05-28T14:12:44.109+0200: 6050,836: Total time for which application threads were stopped: 0,0024957 seconds, Stopping threads took: 0,0023678 seconds
2017-05-28T14:12:44.112+0200: 6050,840: Total time for which application threads were stopped: 0,0017048 seconds, Stopping threads took: 0,0016086 seconds
2017-05-28T14:12:44.115+0200: 6050,842: Total time for which application threads were stopped: 0,0001043 seconds, Stopping threads took: 0,0000215 seconds
2017-05-28T14:12:44.121+0200: 6050,848: Total time for which application threads were stopped: 0,0018383 seconds, Stopping threads took: 0,0017147 seconds
2017-05-28T14:12:44.122+0200: 6050,849: Total time for which application threads were stopped: 0,0011036 seconds, Stopping threads took: 0,0009949 seconds
2017-05-28T14:12:44.123+0200: 6050,851: Total time for which application threads were stopped: 0,0001353 seconds, Stopping threads took: 0,0000311 seconds
2017-05-28T14:12:44.124+0200: 6050,851: Total time for which application threads were stopped: 0,0000822 seconds, Stopping threads took: 0,0000134 seconds
2017-05-28T14:12:44.125+0200: 6050,852: Total time for which application threads were stopped: 0,0001128 seconds, Stopping threads took: 0,0000277 seconds
2017-05-28T14:12:44.126+0200: 6050,854: Total time for which application threads were stopped: 0,0001077 seconds, Stopping threads took: 0,0000219 seconds
2017-05-28T14:12:44.127+0200: 6050,854: Total time for which application threads were stopped: 0,0000769 seconds, Stopping threads took: 0,0000200 seconds
2017-05-28T14:12:44.127+0200: 6050,854: Total time for which application threads were stopped: 0,0000658 seconds, Stopping threads took: 0,0000105 seconds
2017-05-28T14:12:44.128+0200: 6050,855: Total time for which application threads were stopped: 0,0000796 seconds, Stopping threads took: 0,0000150 seconds
2017-05-28T14:12:44.129+0200: 6050,856: Total time for which application threads were stopped: 0,0001202 seconds, Stopping threads took: 0,0000285 seconds
2017-05-28T14:12:44.130+0200: 6050,857: Total time for which application threads were stopped: 0,0001064 seconds, Stopping threads took: 0,0000242 seconds
2017-05-28T14:12:44.131+0200: 6050,859: Total time for which application threads were stopped: 0,0001523 seconds, Stopping threads took: 0,0000540 seconds
2017-05-28T14:12:44.136+0200: 6050,863: Total time for which application threads were stopped: 0,0001101 seconds, Stopping threads took: 0,0000208 seconds
2017-05-28T14:12:44.153+0200: 6050,880: Total time for which application threads were stopped: 0,0099745 seconds, Stopping threads took: 0,0098794 seconds
2017-05-28T14:12:44.155+0200: 6050,883: Total time for which application threads were stopped: 0,0001567 seconds, Stopping threads took: 0,0000315 seconds
2017-05-28T14:12:44.155+0200: 6050,883: Total time for which application threads were stopped: 0,0000839 seconds, Stopping threads took: 0,0000131 seconds
2017-05-28T14:12:44.156+0200: 6050,883: Total time for which application threads were stopped: 0,0000700 seconds, Stopping threads took: 0,0000106 seconds
2017-05-28T14:12:44.157+0200: 6050,885: Total time for which application threads were stopped: 0,0000974 seconds, Stopping threads took: 0,0000226 seconds
2017-05-28T14:12:44.157+0200: 6050,885: Total time for which application threads were stopped: 0,0000627 seconds, Stopping threads took: 0,0000087 seconds
2017-05-28T14:12:44.157+0200: 6050,885: Total time for which application threads were stopped: 0,0000574 seconds, Stopping threads took: 0,0000074 seconds
2017-05-28T14:12:44.158+0200: 6050,885: Total time for which application threads were stopped: 0,0000551 seconds, Stopping threads took: 0,0000090 seconds
2017-05-28T14:12:44.158+0200: 6050,885: Total time for which application threads were stopped: 0,0000474 seconds, Stopping threads took: 0,0000067 seconds
2017-05-28T14:12:44.158+0200: 6050,885: Total time for which application threads were stopped: 0,0000548 seconds, Stopping threads took: 0,0000073 seconds
2017-05-28T14:12:44.158+0200: 6050,885: Total time for which application threads were stopped: 0,0000467 seconds, Stopping threads took: 0,0000057 seconds
2017-05-28T14:12:44.158+0200: 6050,885: Total time for which application threads were stopped: 0,0000465 seconds, Stopping threads took: 0,0000057 seconds
2017-05-28T14:12:44.158+0200: 6050,885: Total time for which application threads were stopped: 0,0000442 seconds, Stopping threads took: 0,0000066 seconds
2017-05-28T14:12:44.158+0200: 6050,886: Total time for which application threads were stopped: 0,0000386 seconds, Stopping threads took: 0,0000053 seconds
2017-05-28T14:12:44.158+0200: 6050,886: Total time for which application threads were stopped: 0,0000396 seconds, Stopping threads took: 0,0000053 seconds
2017-05-28T14:12:44.158+0200: 6050,886: Total time for which application threads were stopped: 0,0000392 seconds, Stopping threads took: 0,0000052 seconds
2017-05-28T14:12:44.169+0200: 6050,896: Total time for which application threads were stopped: 0,0024995 seconds, Stopping threads took: 0,0023945 seconds
2017-05-28T14:12:44.169+0200: 6050,896: Total time for which application threads were stopped: 0,0000716 seconds, Stopping threads took: 0,0000123 seconds
2017-05-28T14:12:44.172+0200: 6050,899: Total time for which application threads were stopped: 0,0001399 seconds, Stopping threads took: 0,0000399 seconds
2017-05-28T14:12:44.172+0200: 6050,899: Total time for which application threads were stopped: 0,0000662 seconds, Stopping threads took: 0,0000096 seconds
2017-05-28T14:12:44.172+0200: 6050,899: Total time for which application threads were stopped: 0,0000507 seconds, Stopping threads took: 0,0000076 seconds
2017-05-28T14:12:44.173+0200: 6050,901: Total time for which application threads were stopped: 0,0000893 seconds, Stopping threads took: 0,0000191 seconds
2017-05-28T14:12:44.174+0200: 6050,901: Total time for which application threads were stopped: 0,0000922 seconds, Stopping threads took: 0,0000462 seconds
2017-05-28T14:12:44.175+0200: 6050,903: Total time for which application threads were stopped: 0,0001722 seconds, Stopping threads took: 0,0001010 seconds
2017-05-28T14:12:44.175+0200: 6050,903: Total time for which application threads were stopped: 0,0000444 seconds, Stopping threads took: 0,0000059 seconds
2017-05-28T14:12:44.176+0200: 6050,904: Total time for which application threads were stopped: 0,0000766 seconds, Stopping threads took: 0,0000128 seconds
2017-05-28T14:12:44.177+0200: 6050,904: Total time for which application threads were stopped: 0,0000419 seconds, Stopping threads took: 0,0000068 seconds
2017-05-28T14:12:44.177+0200: 6050,904: Total time for which application threads were stopped: 0,0000366 seconds, Stopping threads took: 0,0000050 seconds
2017-05-28T14:12:44.177+0200: 6050,904: Total time for which application threads were stopped: 0,0000446 seconds, Stopping threads took: 0,0000068 seconds
2017-05-28T14:12:44.177+0200: 6050,904: Total time for which application threads were stopped: 0,0000387 seconds, Stopping threads took: 0,0000051 seconds
2017-05-28T14:12:44.177+0200: 6050,904: Total time for which application threads were stopped: 0,0000385 seconds, Stopping threads took: 0,0000053 seconds
2017-05-28T14:12:44.177+0200: 6050,904: Total time for which application threads were stopped: 0,0000433 seconds, Stopping threads took: 0,0000066 seconds
2017-05-28T14:12:44.177+0200: 6050,905: Total time for which application threads were stopped: 0,0000350 seconds, Stopping threads took: 0,0000046 seconds
2017-05-28T14:12:44.177+0200: 6050,905: Total time for which application threads were stopped: 0,0000335 seconds, Stopping threads took: 0,0000044 seconds
2017-05-28T14:12:44.178+0200: 6050,905: Total time for which application threads were stopped: 0,0000582 seconds, Stopping threads took: 0,0000160 seconds
2017-05-28T14:12:44.178+0200: 6050,905: Total time for which application threads were stopped: 0,0000384 seconds, Stopping threads took: 0,0000048 seconds
2017-05-28T14:12:44.178+0200: 6050,905: Total time for which application threads were stopped: 0,0000353 seconds, Stopping threads took: 0,0000051 seconds
2017-05-28T14:12:44.179+0200: 6050,906: Total time for which application threads were stopped: 0,0002252 seconds, Stopping threads took: 0,0001488 seconds
2017-05-28T14:12:44.179+0200: 6050,906: Total time for which application threads were stopped: 0,0000529 seconds, Stopping threads took: 0,0000128 seconds
2017-05-28T14:12:44.179+0200: 6050,906: Total time for which application threads were stopped: 0,0000362 seconds, Stopping threads took: 0,0000056 seconds
2017-05-28T14:12:44.179+0200: 6050,906: Total time for which application threads were stopped: 0,0002188 seconds, Stopping threads took: 0,0000050 seconds
2017-05-28T14:12:44.183+0200: 6050,911: Total time for which application threads were stopped: 0,0007754 seconds, Stopping threads took: 0,0006769 seconds
2017-05-28T14:12:44.184+0200: 6050,911: Total time for which application threads were stopped: 0,0000991 seconds, Stopping threads took: 0,0000401 seconds
2017-05-28T14:12:44.184+0200: 6050,912: Total time for which application threads were stopped: 0,0000858 seconds, Stopping threads took: 0,0000164 seconds
Heap
 par new generation   total 109248K, used 45474K [0x00000000e0000000, 0x00000000e8000000, 0x00000000e8000000)
  eden space 87424K,  33% used [0x00000000e0000000, 0x00000000e1ccd008, 0x00000000e5560000)
  from space 21824K,  73% used [0x00000000e6ab0000, 0x00000000e7a4b9e8, 0x00000000e8000000)
  to   space 21824K,   0% used [0x00000000e5560000, 0x00000000e5560000, 0x00000000e6ab0000)
 concurrent mark-sweep generation total 393216K, used 10001K [0x00000000e8000000, 0x0000000100000000, 0x0000000100000000)
 Metaspace       used 28148K, capacity 28712K, committed 29104K, reserved 1075200K
  class space    used 3234K, capacity 3438K, committed 3504K, reserved 1048576K
