OpenJDK 64-Bit Server VM (25.131-b11) for linux-amd64 JRE (1.8.0_131-8u131-b11-0ubuntu1.16.04.2-b11), built on May  6 2017 02:45:27 by "buildd" with gcc 5.4.0 20160609
Memory: 4k page, physical 7867740k(7402392k free), swap 8076284k(8076284k free)
CommandLine flags: -XX:CMSInitiatingOccupancyFraction=50 -XX:CMSMaxAbortablePrecleanTime=6000 -XX:+CMSParallelRemarkEnabled -XX:+CMSScavengeBeforeRemark -XX:ConcGCThreads=4 -XX:InitialHeapSize=536870912 -XX:MaxHeapSize=536870912 -XX:MaxTenuringThreshold=8 -XX:NewRatio=3 -XX:OldPLABSize=16 -XX:OnOutOfMemoryError=/opt/solr/bin/oom_solr.sh 8983 /var/solr/logs -XX:ParallelGCThreads=4 -XX:+ParallelRefProcEnabled -XX:PretenureSizeThreshold=67108864 -XX:+PrintGC -XX:+PrintGCApplicationStoppedTime -XX:+PrintGCDateStamps -XX:+PrintGCDetails -XX:+PrintGCTimeStamps -XX:+PrintHeapAtGC -XX:+PrintTenuringDistribution -XX:SurvivorRatio=4 -XX:TargetSurvivorRatio=90 -XX:ThreadStackSize=256 -XX:+UseCMSInitiatingOccupancyOnly -XX:+UseCompressedClassPointers -XX:+UseCompressedOops -XX:+UseConcMarkSweepGC -XX:+UseParNewGC 
2017-06-10T12:55:35.788+0200: 0,132: Total time for which application threads were stopped: 0,0000747 seconds, Stopping threads took: 0,0000117 seconds
2017-06-10T12:55:35.874+0200: 0,217: Total time for which application threads were stopped: 0,0001538 seconds, Stopping threads took: 0,0000480 seconds
2017-06-10T12:55:35.889+0200: 0,232: Total time for which application threads were stopped: 0,0001176 seconds, Stopping threads took: 0,0000144 seconds
2017-06-10T12:55:36.129+0200: 0,472: Total time for which application threads were stopped: 0,0001270 seconds, Stopping threads took: 0,0000194 seconds
2017-06-10T12:55:36.490+0200: 0,833: Total time for which application threads were stopped: 0,0001692 seconds, Stopping threads took: 0,0000156 seconds
2017-06-10T12:55:36.623+0200: 0,966: Total time for which application threads were stopped: 0,0001838 seconds, Stopping threads took: 0,0000244 seconds
2017-06-10T12:55:36.674+0200: 1,017: Total time for which application threads were stopped: 0,0001835 seconds, Stopping threads took: 0,0000358 seconds
2017-06-10T12:55:37.000+0200: 1,343: Total time for which application threads were stopped: 0,0001631 seconds, Stopping threads took: 0,0000169 seconds
2017-06-10T12:55:37.217+0200: 1,560: Total time for which application threads were stopped: 0,0002010 seconds, Stopping threads took: 0,0000261 seconds
2017-06-10T12:55:37.234+0200: 1,578: Total time for which application threads were stopped: 0,0002117 seconds, Stopping threads took: 0,0000257 seconds
2017-06-10T12:55:37.274+0200: 1,617: Total time for which application threads were stopped: 0,0016753 seconds, Stopping threads took: 0,0009691 seconds
2017-06-10T12:55:37.276+0200: 1,619: Total time for which application threads were stopped: 0,0002016 seconds, Stopping threads took: 0,0000347 seconds
2017-06-10T12:55:37.290+0200: 1,633: Total time for which application threads were stopped: 0,0002314 seconds, Stopping threads took: 0,0000198 seconds
2017-06-10T12:55:37.383+0200: 1,726: Total time for which application threads were stopped: 0,0002073 seconds, Stopping threads took: 0,0000208 seconds
2017-06-10T12:55:37.550+0200: 1,893: Total time for which application threads were stopped: 0,0003061 seconds, Stopping threads took: 0,0000943 seconds
{Heap before GC invocations=0 (full 0):
 par new generation   total 109248K, used 87424K [0x00000000e0000000, 0x00000000e8000000, 0x00000000e8000000)
  eden space 87424K, 100% used [0x00000000e0000000, 0x00000000e5560000, 0x00000000e5560000)
  from space 21824K,   0% used [0x00000000e5560000, 0x00000000e5560000, 0x00000000e6ab0000)
  to   space 21824K,   0% used [0x00000000e6ab0000, 0x00000000e6ab0000, 0x00000000e8000000)
 concurrent mark-sweep generation total 393216K, used 0K [0x00000000e8000000, 0x0000000100000000, 0x0000000100000000)
 Metaspace       used 18002K, capacity 18336K, committed 18688K, reserved 1064960K
  class space    used 2036K, capacity 2196K, committed 2304K, reserved 1048576K
2017-06-10T12:55:37.615+0200: 1,958: [GC (Allocation Failure) 2017-06-10T12:55:37.615+0200: 1,958: [ParNew
Desired survivor size 20112992 bytes, new threshold 8 (max 8)
- age   1:   12146960 bytes,   12146960 total
: 87424K->11975K(109248K), 0,0160576 secs] 87424K->11975K(502464K), 0,0161583 secs] [Times: user=0,05 sys=0,00, real=0,01 secs] 
Heap after GC invocations=1 (full 0):
 par new generation   total 109248K, used 11975K [0x00000000e0000000, 0x00000000e8000000, 0x00000000e8000000)
  eden space 87424K,   0% used [0x00000000e0000000, 0x00000000e0000000, 0x00000000e5560000)
  from space 21824K,  54% used [0x00000000e6ab0000, 0x00000000e7661db0, 0x00000000e8000000)
  to   space 21824K,   0% used [0x00000000e5560000, 0x00000000e5560000, 0x00000000e6ab0000)
 concurrent mark-sweep generation total 393216K, used 0K [0x00000000e8000000, 0x0000000100000000, 0x0000000100000000)
 Metaspace       used 18002K, capacity 18336K, committed 18688K, reserved 1064960K
  class space    used 2036K, capacity 2196K, committed 2304K, reserved 1048576K
}
2017-06-10T12:55:37.631+0200: 1,974: Total time for which application threads were stopped: 0,0164155 seconds, Stopping threads took: 0,0000282 seconds
2017-06-10T12:55:37.946+0200: 2,290: Total time for which application threads were stopped: 0,0004594 seconds, Stopping threads took: 0,0001214 seconds
2017-06-10T12:55:37.984+0200: 2,327: Total time for which application threads were stopped: 0,0003372 seconds, Stopping threads took: 0,0000695 seconds
{Heap before GC invocations=1 (full 0):
 par new generation   total 109248K, used 99399K [0x00000000e0000000, 0x00000000e8000000, 0x00000000e8000000)
  eden space 87424K, 100% used [0x00000000e0000000, 0x00000000e5560000, 0x00000000e5560000)
  from space 21824K,  54% used [0x00000000e6ab0000, 0x00000000e7661db0, 0x00000000e8000000)
  to   space 21824K,   0% used [0x00000000e5560000, 0x00000000e5560000, 0x00000000e6ab0000)
 concurrent mark-sweep generation total 393216K, used 0K [0x00000000e8000000, 0x0000000100000000, 0x0000000100000000)
 Metaspace       used 20052K, capacity 20354K, committed 20736K, reserved 1067008K
  class space    used 2295K, capacity 2465K, committed 2560K, reserved 1048576K
2017-06-10T12:55:37.986+0200: 2,329: [GC (Allocation Failure) 2017-06-10T12:55:37.986+0200: 2,329: [ParNew
Desired survivor size 20112992 bytes, new threshold 8 (max 8)
- age   1:    3981704 bytes,    3981704 total
- age   2:    6523960 bytes,   10505664 total
: 99399K->11542K(109248K), 0,0115090 secs] 99399K->11542K(502464K), 0,0115834 secs] [Times: user=0,03 sys=0,00, real=0,01 secs] 
Heap after GC invocations=2 (full 0):
 par new generation   total 109248K, used 11542K [0x00000000e0000000, 0x00000000e8000000, 0x00000000e8000000)
  eden space 87424K,   0% used [0x00000000e0000000, 0x00000000e0000000, 0x00000000e5560000)
  from space 21824K,  52% used [0x00000000e5560000, 0x00000000e60a5940, 0x00000000e6ab0000)
  to   space 21824K,   0% used [0x00000000e6ab0000, 0x00000000e6ab0000, 0x00000000e8000000)
 concurrent mark-sweep generation total 393216K, used 0K [0x00000000e8000000, 0x0000000100000000, 0x0000000100000000)
 Metaspace       used 20052K, capacity 20354K, committed 20736K, reserved 1067008K
  class space    used 2295K, capacity 2465K, committed 2560K, reserved 1048576K
}
2017-06-10T12:55:37.998+0200: 2,341: Total time for which application threads were stopped: 0,0117465 seconds, Stopping threads took: 0,0000265 seconds
2017-06-10T12:55:38.041+0200: 2,384: Total time for which application threads were stopped: 0,0003545 seconds, Stopping threads took: 0,0000245 seconds
2017-06-10T12:55:38.163+0200: 2,506: Total time for which application threads were stopped: 0,0001363 seconds, Stopping threads took: 0,0000213 seconds
{Heap before GC invocations=2 (full 0):
 par new generation   total 109248K, used 98966K [0x00000000e0000000, 0x00000000e8000000, 0x00000000e8000000)
  eden space 87424K, 100% used [0x00000000e0000000, 0x00000000e5560000, 0x00000000e5560000)
  from space 21824K,  52% used [0x00000000e5560000, 0x00000000e60a5940, 0x00000000e6ab0000)
  to   space 21824K,   0% used [0x00000000e6ab0000, 0x00000000e6ab0000, 0x00000000e8000000)
 concurrent mark-sweep generation total 393216K, used 0K [0x00000000e8000000, 0x0000000100000000, 0x0000000100000000)
 Metaspace       used 20972K, capacity 21276K, committed 21628K, reserved 1069056K
  class space    used 2415K, capacity 2584K, committed 2684K, reserved 1048576K
2017-06-10T12:55:38.203+0200: 2,546: [GC (Allocation Failure) 2017-06-10T12:55:38.203+0200: 2,546: [ParNew
Desired survivor size 20112992 bytes, new threshold 8 (max 8)
- age   1:    2299712 bytes,    2299712 total
- age   2:     974032 bytes,    3273744 total
- age   3:    6521560 bytes,    9795304 total
: 98966K->14427K(109248K), 0,0167330 secs] 98966K->14427K(502464K), 0,0168158 secs] [Times: user=0,06 sys=0,00, real=0,02 secs] 
Heap after GC invocations=3 (full 0):
 par new generation   total 109248K, used 14427K [0x00000000e0000000, 0x00000000e8000000, 0x00000000e8000000)
  eden space 87424K,   0% used [0x00000000e0000000, 0x00000000e0000000, 0x00000000e5560000)
  from space 21824K,  66% used [0x00000000e6ab0000, 0x00000000e78c6c60, 0x00000000e8000000)
  to   space 21824K,   0% used [0x00000000e5560000, 0x00000000e5560000, 0x00000000e6ab0000)
 concurrent mark-sweep generation total 393216K, used 0K [0x00000000e8000000, 0x0000000100000000, 0x0000000100000000)
 Metaspace       used 20972K, capacity 21276K, committed 21628K, reserved 1069056K
  class space    used 2415K, capacity 2584K, committed 2684K, reserved 1048576K
}
2017-06-10T12:55:38.220+0200: 2,563: Total time for which application threads were stopped: 0,0170505 seconds, Stopping threads took: 0,0000906 seconds
2017-06-10T12:55:38.229+0200: 2,572: [GC (CMS Initial Mark) [1 CMS-initial-mark: 0K(393216K)] 20214K(502464K), 0,0046940 secs] [Times: user=0,02 sys=0,00, real=0,00 secs] 
2017-06-10T12:55:38.233+0200: 2,577: Total time for which application threads were stopped: 0,0079275 seconds, Stopping threads took: 0,0030854 seconds
2017-06-10T12:55:38.233+0200: 2,577: [CMS-concurrent-mark-start]
2017-06-10T12:55:38.234+0200: 2,577: [CMS-concurrent-mark: 0,001/0,001 secs] [Times: user=0,00 sys=0,00, real=0,00 secs] 
2017-06-10T12:55:38.234+0200: 2,577: [CMS-concurrent-preclean-start]
2017-06-10T12:55:38.235+0200: 2,578: [CMS-concurrent-preclean: 0,001/0,001 secs] [Times: user=0,00 sys=0,00, real=0,00 secs] 
2017-06-10T12:55:38.235+0200: 2,578: [CMS-concurrent-abortable-preclean-start]
2017-06-10T12:55:38.291+0200: 2,634: Total time for which application threads were stopped: 0,0001716 seconds, Stopping threads took: 0,0000552 seconds
{Heap before GC invocations=3 (full 1):
 par new generation   total 109248K, used 101839K [0x00000000e0000000, 0x00000000e8000000, 0x00000000e8000000)
  eden space 87424K,  99% used [0x00000000e0000000, 0x00000000e555cfc0, 0x00000000e5560000)
  from space 21824K,  66% used [0x00000000e6ab0000, 0x00000000e78c6c60, 0x00000000e8000000)
  to   space 21824K,   0% used [0x00000000e5560000, 0x00000000e5560000, 0x00000000e6ab0000)
 concurrent mark-sweep generation total 393216K, used 0K [0x00000000e8000000, 0x0000000100000000, 0x0000000100000000)
 Metaspace       used 21228K, capacity 21604K, committed 21884K, reserved 1069056K
  class space    used 2443K, capacity 2598K, committed 2684K, reserved 1048576K
2017-06-10T12:55:38.325+0200: 2,668: [GC (Allocation Failure) 2017-06-10T12:55:38.325+0200: 2,668: [ParNew
Desired survivor size 20112992 bytes, new threshold 8 (max 8)
- age   1:    1401472 bytes,    1401472 total
- age   2:    1469792 bytes,    2871264 total
- age   3:     942624 bytes,    3813888 total
- age   4:    6521456 bytes,   10335344 total
: 101839K->11989K(109248K), 0,0165592 secs] 101839K->11989K(502464K), 0,0166219 secs] [Times: user=0,06 sys=0,00, real=0,02 secs] 
Heap after GC invocations=4 (full 1):
 par new generation   total 109248K, used 11989K [0x00000000e0000000, 0x00000000e8000000, 0x00000000e8000000)
  eden space 87424K,   0% used [0x00000000e0000000, 0x00000000e0000000, 0x00000000e5560000)
  from space 21824K,  54% used [0x00000000e5560000, 0x00000000e6115760, 0x00000000e6ab0000)
  to   space 21824K,   0% used [0x00000000e6ab0000, 0x00000000e6ab0000, 0x00000000e8000000)
 concurrent mark-sweep generation total 393216K, used 0K [0x00000000e8000000, 0x0000000100000000, 0x0000000100000000)
 Metaspace       used 21228K, capacity 21604K, committed 21884K, reserved 1069056K
  class space    used 2443K, capacity 2598K, committed 2684K, reserved 1048576K
}
2017-06-10T12:55:38.342+0200: 2,685: Total time for which application threads were stopped: 0,0175660 seconds, Stopping threads took: 0,0008175 seconds
2017-06-10T12:55:38.342+0200: 2,685: [CMS-concurrent-abortable-preclean: 0,057/0,107 secs] [Times: user=0,39 sys=0,00, real=0,10 secs] 
2017-06-10T12:55:38.365+0200: 2,709: [GC (CMS Final Remark) [YG occupancy: 30893 K (109248 K)]{Heap before GC invocations=4 (full 1):
 par new generation   total 109248K, used 30893K [0x00000000e0000000, 0x00000000e8000000, 0x00000000e8000000)
  eden space 87424K,  21% used [0x00000000e0000000, 0x00000000e1275e38, 0x00000000e5560000)
  from space 21824K,  54% used [0x00000000e5560000, 0x00000000e6115760, 0x00000000e6ab0000)
  to   space 21824K,   0% used [0x00000000e6ab0000, 0x00000000e6ab0000, 0x00000000e8000000)
 concurrent mark-sweep generation total 393216K, used 0K [0x00000000e8000000, 0x0000000100000000, 0x0000000100000000)
 Metaspace       used 21250K, capacity 21604K, committed 21884K, reserved 1069056K
  class space    used 2447K, capacity 2598K, committed 2684K, reserved 1048576K
2017-06-10T12:55:38.366+0200: 2,709: [GC (CMS Final Remark) 2017-06-10T12:55:38.366+0200: 2,709: [ParNew
Desired survivor size 20112992 bytes, new threshold 8 (max 8)
- age   1:     380496 bytes,     380496 total
- age   2:     301800 bytes,     682296 total
- age   3:    1469632 bytes,    2151928 total
- age   4:     938720 bytes,    3090648 total
- age   5:    6521608 bytes,    9612256 total
: 30893K->13153K(109248K), 0,0088299 secs] 30893K->13153K(502464K), 0,0088724 secs] [Times: user=0,03 sys=0,00, real=0,01 secs] 
Heap after GC invocations=5 (full 1):
 par new generation   total 109248K, used 13153K [0x00000000e0000000, 0x00000000e8000000, 0x00000000e8000000)
  eden space 87424K,   0% used [0x00000000e0000000, 0x00000000e0000000, 0x00000000e5560000)
  from space 21824K,  60% used [0x00000000e6ab0000, 0x00000000e7788510, 0x00000000e8000000)
  to   space 21824K,   0% used [0x00000000e5560000, 0x00000000e5560000, 0x00000000e6ab0000)
 concurrent mark-sweep generation total 393216K, used 0K [0x00000000e8000000, 0x0000000100000000, 0x0000000100000000)
 Metaspace       used 21250K, capacity 21604K, committed 21884K, reserved 1069056K
  class space    used 2447K, capacity 2598K, committed 2684K, reserved 1048576K
}
2017-06-10T12:55:38.374+0200: 2,718: [Rescan (parallel) , 0,0032353 secs]2017-06-10T12:55:38.378+0200: 2,721: [weak refs processing, 0,0007332 secs]2017-06-10T12:55:38.378+0200: 2,722: [class unloading, 0,0028056 secs]2017-06-10T12:55:38.381+0200: 2,724: [scrub symbol table, 0,0026523 secs]2017-06-10T12:55:38.384+0200: 2,727: [scrub string table, 0,0004006 secs][1 CMS-remark: 0K(393216K)] 13153K(502464K), 0,0194104 secs] [Times: user=0,05 sys=0,00, real=0,01 secs] 
2017-06-10T12:55:38.385+0200: 2,728: Total time for which application threads were stopped: 0,0233277 seconds, Stopping threads took: 0,0038272 seconds
2017-06-10T12:55:38.385+0200: 2,728: [CMS-concurrent-sweep-start]
2017-06-10T12:55:38.385+0200: 2,728: [CMS-concurrent-sweep: 0,000/0,000 secs] [Times: user=0,00 sys=0,00, real=0,00 secs] 
2017-06-10T12:55:38.385+0200: 2,728: [CMS-concurrent-reset-start]
2017-06-10T12:55:38.387+0200: 2,730: [CMS-concurrent-reset: 0,002/0,002 secs] [Times: user=0,01 sys=0,00, real=0,01 secs] 
2017-06-10T12:55:38.493+0200: 2,837: Total time for which application threads were stopped: 0,0003747 seconds, Stopping threads took: 0,0000261 seconds
{Heap before GC invocations=5 (full 1):
 par new generation   total 109248K, used 100577K [0x00000000e0000000, 0x00000000e8000000, 0x00000000e8000000)
  eden space 87424K, 100% used [0x00000000e0000000, 0x00000000e5560000, 0x00000000e5560000)
  from space 21824K,  60% used [0x00000000e6ab0000, 0x00000000e7788510, 0x00000000e8000000)
  to   space 21824K,   0% used [0x00000000e5560000, 0x00000000e5560000, 0x00000000e6ab0000)
 concurrent mark-sweep generation total 393216K, used 0K [0x00000000e8000000, 0x0000000100000000, 0x0000000100000000)
 Metaspace       used 22151K, capacity 22514K, committed 22780K, reserved 1069056K
  class space    used 2568K, capacity 2729K, committed 2812K, reserved 1048576K
2017-06-10T12:55:38.554+0200: 2,897: [GC (Allocation Failure) 2017-06-10T12:55:38.554+0200: 2,897: [ParNew
Desired survivor size 20112992 bytes, new threshold 8 (max 8)
- age   1:    1256464 bytes,    1256464 total
- age   2:      33776 bytes,    1290240 total
- age   3:     179304 bytes,    1469544 total
- age   4:     302272 bytes,    1771816 total
- age   5:     938608 bytes,    2710424 total
- age   6:    6521568 bytes,    9231992 total
: 100577K->12852K(109248K), 0,0091476 secs] 100577K->12852K(502464K), 0,0092086 secs] [Times: user=0,03 sys=0,01, real=0,00 secs] 
Heap after GC invocations=6 (full 1):
 par new generation   total 109248K, used 12852K [0x00000000e0000000, 0x00000000e8000000, 0x00000000e8000000)
  eden space 87424K,   0% used [0x00000000e0000000, 0x00000000e0000000, 0x00000000e5560000)
  from space 21824K,  58% used [0x00000000e5560000, 0x00000000e61ed288, 0x00000000e6ab0000)
  to   space 21824K,   0% used [0x00000000e6ab0000, 0x00000000e6ab0000, 0x00000000e8000000)
 concurrent mark-sweep generation total 393216K, used 0K [0x00000000e8000000, 0x0000000100000000, 0x0000000100000000)
 Metaspace       used 22151K, capacity 22514K, committed 22780K, reserved 1069056K
  class space    used 2568K, capacity 2729K, committed 2812K, reserved 1048576K
}
2017-06-10T12:55:38.563+0200: 2,906: Total time for which application threads were stopped: 0,0093500 seconds, Stopping threads took: 0,0000158 seconds
2017-06-10T12:55:38.732+0200: 3,075: Total time for which application threads were stopped: 0,0004065 seconds, Stopping threads took: 0,0000321 seconds
2017-06-10T12:55:38.752+0200: 3,095: Total time for which application threads were stopped: 0,0004159 seconds, Stopping threads took: 0,0000380 seconds
{Heap before GC invocations=6 (full 1):
 par new generation   total 109248K, used 100276K [0x00000000e0000000, 0x00000000e8000000, 0x00000000e8000000)
  eden space 87424K, 100% used [0x00000000e0000000, 0x00000000e5560000, 0x00000000e5560000)
  from space 21824K,  58% used [0x00000000e5560000, 0x00000000e61ed288, 0x00000000e6ab0000)
  to   space 21824K,   0% used [0x00000000e6ab0000, 0x00000000e6ab0000, 0x00000000e8000000)
 concurrent mark-sweep generation total 393216K, used 0K [0x00000000e8000000, 0x0000000100000000, 0x0000000100000000)
 Metaspace       used 24145K, capacity 24590K, committed 24828K, reserved 1071104K
  class space    used 2838K, capacity 3037K, committed 3068K, reserved 1048576K
2017-06-10T12:55:38.924+0200: 3,267: [GC (Allocation Failure) 2017-06-10T12:55:38.924+0200: 3,267: [ParNew
Desired survivor size 20112992 bytes, new threshold 8 (max 8)
- age   1:    4853568 bytes,    4853568 total
- age   2:     351680 bytes,    5205248 total
- age   3:      33712 bytes,    5238960 total
- age   4:     178808 bytes,    5417768 total
- age   5:     299792 bytes,    5717560 total
- age   6:     914376 bytes,    6631936 total
- age   7:    6513360 bytes,   13145296 total
: 100276K->15628K(109248K), 0,0117626 secs] 100276K->15628K(502464K), 0,0118266 secs] [Times: user=0,04 sys=0,00, real=0,02 secs] 
Heap after GC invocations=7 (full 1):
 par new generation   total 109248K, used 15628K [0x00000000e0000000, 0x00000000e8000000, 0x00000000e8000000)
  eden space 87424K,   0% used [0x00000000e0000000, 0x00000000e0000000, 0x00000000e5560000)
  from space 21824K,  71% used [0x00000000e6ab0000, 0x00000000e79f3360, 0x00000000e8000000)
  to   space 21824K,   0% used [0x00000000e5560000, 0x00000000e5560000, 0x00000000e6ab0000)
 concurrent mark-sweep generation total 393216K, used 0K [0x00000000e8000000, 0x0000000100000000, 0x0000000100000000)
 Metaspace       used 24145K, capacity 24590K, committed 24828K, reserved 1071104K
  class space    used 2838K, capacity 3037K, committed 3068K, reserved 1048576K
}
2017-06-10T12:55:38.936+0200: 3,279: Total time for which application threads were stopped: 0,0120552 seconds, Stopping threads took: 0,0000467 seconds
{Heap before GC invocations=7 (full 1):
 par new generation   total 109248K, used 103052K [0x00000000e0000000, 0x00000000e8000000, 0x00000000e8000000)
  eden space 87424K, 100% used [0x00000000e0000000, 0x00000000e5560000, 0x00000000e5560000)
  from space 21824K,  71% used [0x00000000e6ab0000, 0x00000000e79f3360, 0x00000000e8000000)
  to   space 21824K,   0% used [0x00000000e5560000, 0x00000000e5560000, 0x00000000e6ab0000)
 concurrent mark-sweep generation total 393216K, used 0K [0x00000000e8000000, 0x0000000100000000, 0x0000000100000000)
 Metaspace       used 24766K, capacity 25210K, committed 25468K, reserved 1071104K
  class space    used 2894K, capacity 3071K, committed 3196K, reserved 1048576K
2017-06-10T12:55:39.042+0200: 3,385: [GC (Allocation Failure) 2017-06-10T12:55:39.042+0200: 3,385: [ParNew
Desired survivor size 20112992 bytes, new threshold 8 (max 8)
- age   1:    2172856 bytes,    2172856 total
- age   2:    1702352 bytes,    3875208 total
- age   3:     183192 bytes,    4058400 total
- age   4:      20440 bytes,    4078840 total
- age   5:     100104 bytes,    4178944 total
- age   6:     188136 bytes,    4367080 total
- age   7:     774216 bytes,    5141296 total
- age   8:    6087528 bytes,   11228824 total
: 103052K->16244K(109248K), 0,0167509 secs] 103052K->16244K(502464K), 0,0168334 secs] [Times: user=0,03 sys=0,00, real=0,02 secs] 
Heap after GC invocations=8 (full 1):
 par new generation   total 109248K, used 16244K [0x00000000e0000000, 0x00000000e8000000, 0x00000000e8000000)
  eden space 87424K,   0% used [0x00000000e0000000, 0x00000000e0000000, 0x00000000e5560000)
  from space 21824K,  74% used [0x00000000e5560000, 0x00000000e653d3d0, 0x00000000e6ab0000)
  to   space 21824K,   0% used [0x00000000e6ab0000, 0x00000000e6ab0000, 0x00000000e8000000)
 concurrent mark-sweep generation total 393216K, used 0K [0x00000000e8000000, 0x0000000100000000, 0x0000000100000000)
 Metaspace       used 24766K, capacity 25210K, committed 25468K, reserved 1071104K
  class space    used 2894K, capacity 3071K, committed 3196K, reserved 1048576K
}
2017-06-10T12:55:39.058+0200: 3,402: Total time for which application threads were stopped: 0,0175881 seconds, Stopping threads took: 0,0005679 seconds
{Heap before GC invocations=8 (full 1):
 par new generation   total 109248K, used 103668K [0x00000000e0000000, 0x00000000e8000000, 0x00000000e8000000)
  eden space 87424K, 100% used [0x00000000e0000000, 0x00000000e5560000, 0x00000000e5560000)
  from space 21824K,  74% used [0x00000000e5560000, 0x00000000e653d3d0, 0x00000000e6ab0000)
  to   space 21824K,   0% used [0x00000000e6ab0000, 0x00000000e6ab0000, 0x00000000e8000000)
 concurrent mark-sweep generation total 393216K, used 0K [0x00000000e8000000, 0x0000000100000000, 0x0000000100000000)
 Metaspace       used 24989K, capacity 25428K, committed 25724K, reserved 1071104K
  class space    used 2907K, capacity 3076K, committed 3196K, reserved 1048576K
2017-06-10T12:55:39.155+0200: 3,498: [GC (Allocation Failure) 2017-06-10T12:55:39.155+0200: 3,498: [ParNew
Desired survivor size 20112992 bytes, new threshold 8 (max 8)
- age   1:     661240 bytes,     661240 total
- age   2:     679728 bytes,    1340968 total
- age   3:    1680024 bytes,    3020992 total
- age   4:     183136 bytes,    3204128 total
- age   5:      18024 bytes,    3222152 total
- age   6:      99904 bytes,    3322056 total
- age   7:     187976 bytes,    3510032 total
- age   8:     773448 bytes,    4283480 total
: 103668K->6819K(109248K), 0,0273644 secs] 103668K->12847K(502464K), 0,0274305 secs] [Times: user=0,09 sys=0,00, real=0,02 secs] 
Heap after GC invocations=9 (full 1):
 par new generation   total 109248K, used 6819K [0x00000000e0000000, 0x00000000e8000000, 0x00000000e8000000)
  eden space 87424K,   0% used [0x00000000e0000000, 0x00000000e0000000, 0x00000000e5560000)
  from space 21824K,  31% used [0x00000000e6ab0000, 0x00000000e7158e80, 0x00000000e8000000)
  to   space 21824K,   0% used [0x00000000e5560000, 0x00000000e5560000, 0x00000000e6ab0000)
 concurrent mark-sweep generation total 393216K, used 6027K [0x00000000e8000000, 0x0000000100000000, 0x0000000100000000)
 Metaspace       used 24989K, capacity 25428K, committed 25724K, reserved 1071104K
  class space    used 2907K, capacity 3076K, committed 3196K, reserved 1048576K
}
2017-06-10T12:55:39.182+0200: 3,525: Total time for which application threads were stopped: 0,0276572 seconds, Stopping threads took: 0,0000551 seconds
2017-06-10T12:55:39.409+0200: 3,752: Total time for which application threads were stopped: 0,0005706 seconds, Stopping threads took: 0,0000250 seconds
2017-06-10T12:55:39.474+0200: 3,817: Total time for which application threads were stopped: 0,0005269 seconds, Stopping threads took: 0,0000243 seconds
2017-06-10T12:55:39.490+0200: 3,833: Total time for which application threads were stopped: 0,0005974 seconds, Stopping threads took: 0,0000242 seconds
2017-06-10T12:55:39.564+0200: 3,907: Total time for which application threads were stopped: 0,0006157 seconds, Stopping threads took: 0,0000358 seconds
2017-06-10T12:55:39.696+0200: 4,039: Total time for which application threads were stopped: 0,0006841 seconds, Stopping threads took: 0,0000224 seconds
2017-06-10T12:55:39.710+0200: 4,053: Total time for which application threads were stopped: 0,0003509 seconds, Stopping threads took: 0,0000444 seconds
2017-06-10T12:55:39.718+0200: 4,061: Total time for which application threads were stopped: 0,0001326 seconds, Stopping threads took: 0,0000407 seconds
2017-06-10T12:55:39.721+0200: 4,064: Total time for which application threads were stopped: 0,0000945 seconds, Stopping threads took: 0,0000231 seconds
2017-06-10T12:55:39.722+0200: 4,065: Total time for which application threads were stopped: 0,0001032 seconds, Stopping threads took: 0,0000346 seconds
2017-06-10T12:55:39.728+0200: 4,071: Total time for which application threads were stopped: 0,0001382 seconds, Stopping threads took: 0,0000532 seconds
2017-06-10T12:55:39.730+0200: 4,073: Total time for which application threads were stopped: 0,0001643 seconds, Stopping threads took: 0,0000605 seconds
2017-06-10T12:55:40.730+0200: 5,073: Total time for which application threads were stopped: 0,0000916 seconds, Stopping threads took: 0,0000189 seconds
2017-06-10T12:55:56.732+0200: 21,075: Total time for which application threads were stopped: 0,0000618 seconds, Stopping threads took: 0,0000157 seconds
2017-06-10T12:56:16.734+0200: 41,077: Total time for which application threads were stopped: 0,0000796 seconds, Stopping threads took: 0,0000330 seconds
2017-06-10T12:56:41.736+0200: 66,080: Total time for which application threads were stopped: 0,0000648 seconds, Stopping threads took: 0,0000161 seconds
2017-06-10T12:56:56.738+0200: 81,081: Total time for which application threads were stopped: 0,0003512 seconds, Stopping threads took: 0,0000920 seconds
2017-06-10T12:57:01.739+0200: 86,082: Total time for which application threads were stopped: 0,0000845 seconds, Stopping threads took: 0,0000167 seconds
2017-06-10T12:57:37.743+0200: 122,086: Total time for which application threads were stopped: 0,0001061 seconds, Stopping threads took: 0,0000429 seconds
2017-06-10T13:19:01.869+0200: 1406,212: Total time for which application threads were stopped: 0,0000783 seconds, Stopping threads took: 0,0000301 seconds
2017-06-10T13:23:46.893+0200: 1691,237: Total time for which application threads were stopped: 0,0000806 seconds, Stopping threads took: 0,0000306 seconds
2017-06-10T13:33:56.948+0200: 2301,291: Total time for which application threads were stopped: 0,0000850 seconds, Stopping threads took: 0,0000329 seconds
2017-06-10T13:33:57.949+0200: 2302,292: Total time for which application threads were stopped: 0,0008636 seconds, Stopping threads took: 0,0004853 seconds
2017-06-10T13:39:31.115+0200: 2635,458: Total time for which application threads were stopped: 0,0076834 seconds, Stopping threads took: 0,0075527 seconds
2017-06-10T13:39:31.155+0200: 2635,498: Total time for which application threads were stopped: 0,0001296 seconds, Stopping threads took: 0,0000419 seconds
2017-06-10T13:39:31.156+0200: 2635,499: Total time for which application threads were stopped: 0,0001146 seconds, Stopping threads took: 0,0000287 seconds
Heap
 par new generation   total 109248K, used 94199K [0x00000000e0000000, 0x00000000e8000000, 0x00000000e8000000)
  eden space 87424K,  99% used [0x00000000e0000000, 0x00000000e5554e00, 0x00000000e5560000)
  from space 21824K,  31% used [0x00000000e6ab0000, 0x00000000e7158e80, 0x00000000e8000000)
  to   space 21824K,   0% used [0x00000000e5560000, 0x00000000e5560000, 0x00000000e6ab0000)
 concurrent mark-sweep generation total 393216K, used 6027K [0x00000000e8000000, 0x0000000100000000, 0x0000000100000000)
 Metaspace       used 28126K, capacity 28642K, committed 28796K, reserved 1075200K
  class space    used 3223K, capacity 3417K, committed 3452K, reserved 1048576K
