OpenJDK 64-Bit Server VM (25.121-b13) for linux-amd64 JRE (1.8.0_121-8u121-b13-0ubuntu1.16.04.2-b13), built on Jan 23 2017 15:51:29 by "buildd" with gcc 5.4.0 20160609
Memory: 4k page, physical 7867764k(7371648k free), swap 8076284k(8076284k free)
CommandLine flags: -XX:CMSInitiatingOccupancyFraction=50 -XX:CMSMaxAbortablePrecleanTime=6000 -XX:+CMSParallelRemarkEnabled -XX:+CMSScavengeBeforeRemark -XX:ConcGCThreads=4 -XX:InitialHeapSize=536870912 -XX:MaxHeapSize=536870912 -XX:MaxTenuringThreshold=8 -XX:NewRatio=3 -XX:OldPLABSize=16 -XX:OnOutOfMemoryError=/opt/solr/bin/oom_solr.sh 8983 /var/solr/logs -XX:ParallelGCThreads=4 -XX:+ParallelRefProcEnabled -XX:PretenureSizeThreshold=67108864 -XX:+PrintGC -XX:+PrintGCApplicationStoppedTime -XX:+PrintGCDateStamps -XX:+PrintGCDetails -XX:+PrintGCTimeStamps -XX:+PrintHeapAtGC -XX:+PrintTenuringDistribution -XX:SurvivorRatio=4 -XX:TargetSurvivorRatio=90 -XX:ThreadStackSize=256 -XX:+UseCMSInitiatingOccupancyOnly -XX:+UseCompressedClassPointers -XX:+UseCompressedOops -XX:+UseConcMarkSweepGC -XX:+UseParNewGC 
2017-04-22T08:40:41.432+0200: 0,194: Total time for which application threads were stopped: 0,0001207 seconds, Stopping threads took: 0,0000292 seconds
2017-04-22T08:40:41.620+0200: 0,382: Total time for which application threads were stopped: 0,0001089 seconds, Stopping threads took: 0,0000116 seconds
2017-04-22T08:40:41.729+0200: 0,491: Total time for which application threads were stopped: 0,0000923 seconds, Stopping threads took: 0,0000114 seconds
2017-04-22T08:40:42.725+0200: 1,487: Total time for which application threads were stopped: 0,0001994 seconds, Stopping threads took: 0,0000345 seconds
2017-04-22T08:40:42.798+0200: 1,559: Total time for which application threads were stopped: 0,0001639 seconds, Stopping threads took: 0,0000328 seconds
2017-04-22T08:40:42.826+0200: 1,587: Total time for which application threads were stopped: 0,0006513 seconds, Stopping threads took: 0,0000721 seconds
2017-04-22T08:40:43.168+0200: 1,929: Total time for which application threads were stopped: 0,0002047 seconds, Stopping threads took: 0,0000191 seconds
2017-04-22T08:40:43.417+0200: 2,179: Total time for which application threads were stopped: 0,0002070 seconds, Stopping threads took: 0,0000138 seconds
2017-04-22T08:40:43.440+0200: 2,201: Total time for which application threads were stopped: 0,0001822 seconds, Stopping threads took: 0,0000206 seconds
2017-04-22T08:40:43.475+0200: 2,237: Total time for which application threads were stopped: 0,0001854 seconds, Stopping threads took: 0,0000128 seconds
2017-04-22T08:40:43.476+0200: 2,238: Total time for which application threads were stopped: 0,0001605 seconds, Stopping threads took: 0,0000097 seconds
2017-04-22T08:40:43.495+0200: 2,256: Total time for which application threads were stopped: 0,0001742 seconds, Stopping threads took: 0,0000135 seconds
2017-04-22T08:40:43.582+0200: 2,343: Total time for which application threads were stopped: 0,0002350 seconds, Stopping threads took: 0,0000180 seconds
2017-04-22T08:40:43.776+0200: 2,537: Total time for which application threads were stopped: 0,0002640 seconds, Stopping threads took: 0,0000316 seconds
{Heap before GC invocations=0 (full 0):
 par new generation   total 109248K, used 87424K [0x00000000e0000000, 0x00000000e8000000, 0x00000000e8000000)
  eden space 87424K, 100% used [0x00000000e0000000, 0x00000000e5560000, 0x00000000e5560000)
  from space 21824K,   0% used [0x00000000e5560000, 0x00000000e5560000, 0x00000000e6ab0000)
  to   space 21824K,   0% used [0x00000000e6ab0000, 0x00000000e6ab0000, 0x00000000e8000000)
 concurrent mark-sweep generation total 393216K, used 0K [0x00000000e8000000, 0x0000000100000000, 0x0000000100000000)
 Metaspace       used 17819K, capacity 18176K, committed 18304K, reserved 1064960K
  class space    used 2024K, capacity 2164K, committed 2176K, reserved 1048576K
2017-04-22T08:40:43.849+0200: 2,611: [GC (Allocation Failure) 2017-04-22T08:40:43.850+0200: 2,611: [ParNew
Desired survivor size 20112992 bytes, new threshold 8 (max 8)
- age   1:   11661792 bytes,   11661792 total
: 87424K->11503K(109248K), 0,0269492 secs] 87424K->11503K(502464K), 0,0270404 secs] [Times: user=0,05 sys=0,01, real=0,02 secs] 
Heap after GC invocations=1 (full 0):
 par new generation   total 109248K, used 11503K [0x00000000e0000000, 0x00000000e8000000, 0x00000000e8000000)
  eden space 87424K,   0% used [0x00000000e0000000, 0x00000000e0000000, 0x00000000e5560000)
  from space 21824K,  52% used [0x00000000e6ab0000, 0x00000000e75ebe28, 0x00000000e8000000)
  to   space 21824K,   0% used [0x00000000e5560000, 0x00000000e5560000, 0x00000000e6ab0000)
 concurrent mark-sweep generation total 393216K, used 0K [0x00000000e8000000, 0x0000000100000000, 0x0000000100000000)
 Metaspace       used 17819K, capacity 18176K, committed 18304K, reserved 1064960K
  class space    used 2024K, capacity 2164K, committed 2176K, reserved 1048576K
}
2017-04-22T08:40:43.877+0200: 2,638: Total time for which application threads were stopped: 0,0296012 seconds, Stopping threads took: 0,0024037 seconds
2017-04-22T08:40:44.299+0200: 3,061: Total time for which application threads were stopped: 0,0004534 seconds, Stopping threads took: 0,0000787 seconds
{Heap before GC invocations=1 (full 0):
 par new generation   total 109248K, used 98927K [0x00000000e0000000, 0x00000000e8000000, 0x00000000e8000000)
  eden space 87424K, 100% used [0x00000000e0000000, 0x00000000e5560000, 0x00000000e5560000)
  from space 21824K,  52% used [0x00000000e6ab0000, 0x00000000e75ebe28, 0x00000000e8000000)
  to   space 21824K,   0% used [0x00000000e5560000, 0x00000000e5560000, 0x00000000e6ab0000)
 concurrent mark-sweep generation total 393216K, used 0K [0x00000000e8000000, 0x0000000100000000, 0x0000000100000000)
 Metaspace       used 20018K, capacity 20346K, committed 20736K, reserved 1067008K
  class space    used 2292K, capacity 2463K, committed 2560K, reserved 1048576K
2017-04-22T08:40:44.362+0200: 3,124: [GC (Allocation Failure) 2017-04-22T08:40:44.363+0200: 3,124: [ParNew
Desired survivor size 20112992 bytes, new threshold 8 (max 8)
- age   1:    4109424 bytes,    4109424 total
- age   2:    6187776 bytes,   10297200 total
: 98927K->12958K(109248K), 0,0223670 secs] 98927K->12958K(502464K), 0,0224621 secs] [Times: user=0,04 sys=0,01, real=0,02 secs] 
Heap after GC invocations=2 (full 0):
 par new generation   total 109248K, used 12958K [0x00000000e0000000, 0x00000000e8000000, 0x00000000e8000000)
  eden space 87424K,   0% used [0x00000000e0000000, 0x00000000e0000000, 0x00000000e5560000)
  from space 21824K,  59% used [0x00000000e5560000, 0x00000000e6207ac8, 0x00000000e6ab0000)
  to   space 21824K,   0% used [0x00000000e6ab0000, 0x00000000e6ab0000, 0x00000000e8000000)
 concurrent mark-sweep generation total 393216K, used 0K [0x00000000e8000000, 0x0000000100000000, 0x0000000100000000)
 Metaspace       used 20018K, capacity 20346K, committed 20736K, reserved 1067008K
  class space    used 2292K, capacity 2463K, committed 2560K, reserved 1048576K
}
2017-04-22T08:40:44.385+0200: 3,147: Total time for which application threads were stopped: 0,0226962 seconds, Stopping threads took: 0,0000245 seconds
2017-04-22T08:40:44.402+0200: 3,164: Total time for which application threads were stopped: 0,0004294 seconds, Stopping threads took: 0,0000724 seconds
2017-04-22T08:40:44.439+0200: 3,200: Total time for which application threads were stopped: 0,0009022 seconds, Stopping threads took: 0,0006034 seconds
2017-04-22T08:40:44.633+0200: 3,395: Total time for which application threads were stopped: 0,0001705 seconds, Stopping threads took: 0,0000249 seconds
{Heap before GC invocations=2 (full 0):
 par new generation   total 109248K, used 100382K [0x00000000e0000000, 0x00000000e8000000, 0x00000000e8000000)
  eden space 87424K, 100% used [0x00000000e0000000, 0x00000000e5560000, 0x00000000e5560000)
  from space 21824K,  59% used [0x00000000e5560000, 0x00000000e6207ac8, 0x00000000e6ab0000)
  to   space 21824K,   0% used [0x00000000e6ab0000, 0x00000000e6ab0000, 0x00000000e8000000)
 concurrent mark-sweep generation total 393216K, used 0K [0x00000000e8000000, 0x0000000100000000, 0x0000000100000000)
 Metaspace       used 20968K, capacity 21268K, committed 21628K, reserved 1069056K
  class space    used 2414K, capacity 2582K, committed 2684K, reserved 1048576K
2017-04-22T08:40:44.672+0200: 3,433: [GC (Allocation Failure) 2017-04-22T08:40:44.672+0200: 3,433: [ParNew
Desired survivor size 20112992 bytes, new threshold 8 (max 8)
- age   1:    2191288 bytes,    2191288 total
- age   2:    1293392 bytes,    3484680 total
- age   3:    6185760 bytes,    9670440 total
: 100382K->12649K(109248K), 0,0413647 secs] 100382K->12649K(502464K), 0,0414569 secs] [Times: user=0,10 sys=0,00, real=0,04 secs] 
Heap after GC invocations=3 (full 0):
 par new generation   total 109248K, used 12649K [0x00000000e0000000, 0x00000000e8000000, 0x00000000e8000000)
  eden space 87424K,   0% used [0x00000000e0000000, 0x00000000e0000000, 0x00000000e5560000)
  from space 21824K,  57% used [0x00000000e6ab0000, 0x00000000e770a7b0, 0x00000000e8000000)
  to   space 21824K,   0% used [0x00000000e5560000, 0x00000000e5560000, 0x00000000e6ab0000)
 concurrent mark-sweep generation total 393216K, used 0K [0x00000000e8000000, 0x0000000100000000, 0x0000000100000000)
 Metaspace       used 20968K, capacity 21268K, committed 21628K, reserved 1069056K
  class space    used 2414K, capacity 2582K, committed 2684K, reserved 1048576K
}
2017-04-22T08:40:44.713+0200: 3,475: Total time for which application threads were stopped: 0,0418007 seconds, Stopping threads took: 0,0001762 seconds
2017-04-22T08:40:44.717+0200: 3,479: [GC (CMS Initial Mark) [1 CMS-initial-mark: 0K(393216K)] 14120K(502464K), 0,0045390 secs] [Times: user=0,01 sys=0,00, real=0,01 secs] 
2017-04-22T08:40:44.722+0200: 3,483: Total time for which application threads were stopped: 0,0047029 seconds, Stopping threads took: 0,0000577 seconds
2017-04-22T08:40:44.722+0200: 3,483: [CMS-concurrent-mark-start]
2017-04-22T08:40:44.722+0200: 3,484: [CMS-concurrent-mark: 0,000/0,000 secs] [Times: user=0,00 sys=0,00, real=0,00 secs] 
2017-04-22T08:40:44.722+0200: 3,484: [CMS-concurrent-preclean-start]
2017-04-22T08:40:44.723+0200: 3,485: [CMS-concurrent-preclean: 0,001/0,001 secs] [Times: user=0,01 sys=0,00, real=0,00 secs] 
2017-04-22T08:40:44.723+0200: 3,485: [CMS-concurrent-abortable-preclean-start]
2017-04-22T08:40:44.826+0200: 3,588: Total time for which application threads were stopped: 0,0001552 seconds, Stopping threads took: 0,0000258 seconds
{Heap before GC invocations=3 (full 1):
 par new generation   total 109248K, used 100073K [0x00000000e0000000, 0x00000000e8000000, 0x00000000e8000000)
  eden space 87424K, 100% used [0x00000000e0000000, 0x00000000e5560000, 0x00000000e5560000)
  from space 21824K,  57% used [0x00000000e6ab0000, 0x00000000e770a7b0, 0x00000000e8000000)
  to   space 21824K,   0% used [0x00000000e5560000, 0x00000000e5560000, 0x00000000e6ab0000)
 concurrent mark-sweep generation total 393216K, used 0K [0x00000000e8000000, 0x0000000100000000, 0x0000000100000000)
 Metaspace       used 21242K, capacity 21605K, committed 21884K, reserved 1069056K
  class space    used 2443K, capacity 2597K, committed 2684K, reserved 1048576K
2017-04-22T08:40:44.924+0200: 3,685: [GC (Allocation Failure) 2017-04-22T08:40:44.924+0200: 3,685: [ParNew
Desired survivor size 20112992 bytes, new threshold 8 (max 8)
- age   1:     985256 bytes,     985256 total
- age   2:    1477544 bytes,    2462800 total
- age   3:    1260536 bytes,    3723336 total
- age   4:    6185736 bytes,    9909072 total
: 100073K->11130K(109248K), 0,0226288 secs] 100073K->11130K(502464K), 0,0227069 secs] [Times: user=0,04 sys=0,00, real=0,03 secs] 
Heap after GC invocations=4 (full 1):
 par new generation   total 109248K, used 11130K [0x00000000e0000000, 0x00000000e8000000, 0x00000000e8000000)
  eden space 87424K,   0% used [0x00000000e0000000, 0x00000000e0000000, 0x00000000e5560000)
  from space 21824K,  51% used [0x00000000e5560000, 0x00000000e603eab8, 0x00000000e6ab0000)
  to   space 21824K,   0% used [0x00000000e6ab0000, 0x00000000e6ab0000, 0x00000000e8000000)
 concurrent mark-sweep generation total 393216K, used 0K [0x00000000e8000000, 0x0000000100000000, 0x0000000100000000)
 Metaspace       used 21242K, capacity 21605K, committed 21884K, reserved 1069056K
  class space    used 2443K, capacity 2597K, committed 2684K, reserved 1048576K
}
2017-04-22T08:40:44.947+0200: 3,708: Total time for which application threads were stopped: 0,0270791 seconds, Stopping threads took: 0,0042102 seconds
2017-04-22T08:40:44.947+0200: 3,708: [CMS-concurrent-abortable-preclean: 0,104/0,223 secs] [Times: user=0,50 sys=0,00, real=0,23 secs] 
2017-04-22T08:40:44.952+0200: 3,714: [GC (CMS Final Remark) [YG occupancy: 18691 K (109248 K)]{Heap before GC invocations=4 (full 1):
 par new generation   total 109248K, used 18691K [0x00000000e0000000, 0x00000000e8000000, 0x00000000e8000000)
  eden space 87424K,   8% used [0x00000000e0000000, 0x00000000e0762288, 0x00000000e5560000)
  from space 21824K,  51% used [0x00000000e5560000, 0x00000000e603eab8, 0x00000000e6ab0000)
  to   space 21824K,   0% used [0x00000000e6ab0000, 0x00000000e6ab0000, 0x00000000e8000000)
 concurrent mark-sweep generation total 393216K, used 0K [0x00000000e8000000, 0x0000000100000000, 0x0000000100000000)
 Metaspace       used 21250K, capacity 21605K, committed 21884K, reserved 1069056K
  class space    used 2444K, capacity 2597K, committed 2684K, reserved 1048576K
2017-04-22T08:40:44.952+0200: 3,714: [GC (CMS Final Remark) 2017-04-22T08:40:44.952+0200: 3,714: [ParNew
Desired survivor size 20112992 bytes, new threshold 8 (max 8)
- age   1:    1158488 bytes,    1158488 total
- age   2:     179432 bytes,    1337920 total
- age   3:    1477544 bytes,    2815464 total
- age   4:    1260536 bytes,    4076000 total
- age   5:    6185760 bytes,   10261760 total
: 18691K->14865K(109248K), 0,0196335 secs] 18691K->14865K(502464K), 0,0196816 secs] [Times: user=0,06 sys=0,00, real=0,02 secs] 
Heap after GC invocations=5 (full 1):
 par new generation   total 109248K, used 14865K [0x00000000e0000000, 0x00000000e8000000, 0x00000000e8000000)
  eden space 87424K,   0% used [0x00000000e0000000, 0x00000000e0000000, 0x00000000e5560000)
  from space 21824K,  68% used [0x00000000e6ab0000, 0x00000000e79344a0, 0x00000000e8000000)
  to   space 21824K,   0% used [0x00000000e5560000, 0x00000000e5560000, 0x00000000e6ab0000)
 concurrent mark-sweep generation total 393216K, used 0K [0x00000000e8000000, 0x0000000100000000, 0x0000000100000000)
 Metaspace       used 21250K, capacity 21605K, committed 21884K, reserved 1069056K
  class space    used 2444K, capacity 2597K, committed 2684K, reserved 1048576K
}
2017-04-22T08:40:44.972+0200: 3,733: [Rescan (parallel) , 0,0065335 secs]2017-04-22T08:40:44.978+0200: 3,740: [weak refs processing, 0,0095608 secs]2017-04-22T08:40:44.988+0200: 3,750: [class unloading, 0,0030148 secs]2017-04-22T08:40:44.991+0200: 3,753: [scrub symbol table, 0,0029492 secs]2017-04-22T08:40:44.994+0200: 3,756: [scrub string table, 0,0006272 secs][1 CMS-remark: 0K(393216K)] 14865K(502464K), 0,0432019 secs] [Times: user=0,10 sys=0,00, real=0,04 secs] 
2017-04-22T08:40:44.995+0200: 3,757: Total time for which application threads were stopped: 0,0436040 seconds, Stopping threads took: 0,0002986 seconds
2017-04-22T08:40:45.002+0200: 3,764: [CMS-concurrent-sweep-start]
2017-04-22T08:40:45.002+0200: 3,764: [CMS-concurrent-sweep: 0,000/0,000 secs] [Times: user=0,00 sys=0,00, real=0,00 secs] 
2017-04-22T08:40:45.002+0200: 3,764: [CMS-concurrent-reset-start]
2017-04-22T08:40:45.005+0200: 3,766: [CMS-concurrent-reset: 0,002/0,002 secs] [Times: user=0,00 sys=0,00, real=0,00 secs] 
{Heap before GC invocations=5 (full 1):
 par new generation   total 109248K, used 102289K [0x00000000e0000000, 0x00000000e8000000, 0x00000000e8000000)
  eden space 87424K, 100% used [0x00000000e0000000, 0x00000000e5560000, 0x00000000e5560000)
  from space 21824K,  68% used [0x00000000e6ab0000, 0x00000000e79344a0, 0x00000000e8000000)
  to   space 21824K,   0% used [0x00000000e5560000, 0x00000000e5560000, 0x00000000e6ab0000)
 concurrent mark-sweep generation total 393216K, used 0K [0x00000000e8000000, 0x0000000100000000, 0x0000000100000000)
 Metaspace       used 21398K, capacity 21777K, committed 21884K, reserved 1069056K
  class space    used 2464K, capacity 2631K, committed 2684K, reserved 1048576K
2017-04-22T08:40:45.117+0200: 3,878: [GC (Allocation Failure) 2017-04-22T08:40:45.117+0200: 3,878: [ParNew
Desired survivor size 20112992 bytes, new threshold 8 (max 8)
- age   1:     288880 bytes,     288880 total
- age   2:      12832 bytes,     301712 total
- age   3:     178120 bytes,     479832 total
- age   4:    1477216 bytes,    1957048 total
- age   5:    1256552 bytes,    3213600 total
- age   6:    6193944 bytes,    9407544 total
: 102289K->11763K(109248K), 0,0153702 secs] 102289K->11763K(502464K), 0,0154374 secs] [Times: user=0,04 sys=0,00, real=0,02 secs] 
Heap after GC invocations=6 (full 1):
 par new generation   total 109248K, used 11763K [0x00000000e0000000, 0x00000000e8000000, 0x00000000e8000000)
  eden space 87424K,   0% used [0x00000000e0000000, 0x00000000e0000000, 0x00000000e5560000)
  from space 21824K,  53% used [0x00000000e5560000, 0x00000000e60dcc80, 0x00000000e6ab0000)
  to   space 21824K,   0% used [0x00000000e6ab0000, 0x00000000e6ab0000, 0x00000000e8000000)
 concurrent mark-sweep generation total 393216K, used 0K [0x00000000e8000000, 0x0000000100000000, 0x0000000100000000)
 Metaspace       used 21398K, capacity 21777K, committed 21884K, reserved 1069056K
  class space    used 2464K, capacity 2631K, committed 2684K, reserved 1048576K
}
2017-04-22T08:40:45.132+0200: 3,894: Total time for which application threads were stopped: 0,0160348 seconds, Stopping threads took: 0,0004639 seconds
2017-04-22T08:40:45.171+0200: 3,933: Total time for which application threads were stopped: 0,0003852 seconds, Stopping threads took: 0,0000421 seconds
2017-04-22T08:40:45.298+0200: 4,059: Total time for which application threads were stopped: 0,0036591 seconds, Stopping threads took: 0,0033473 seconds
2017-04-22T08:40:45.319+0200: 4,080: Total time for which application threads were stopped: 0,0009746 seconds, Stopping threads took: 0,0008784 seconds
2017-04-22T08:40:45.328+0200: 4,090: Total time for which application threads were stopped: 0,0017137 seconds, Stopping threads took: 0,0016465 seconds
2017-04-22T08:40:45.399+0200: 4,161: Total time for which application threads were stopped: 0,0004373 seconds, Stopping threads took: 0,0002751 seconds
2017-04-22T08:40:45.411+0200: 4,172: Total time for which application threads were stopped: 0,0006422 seconds, Stopping threads took: 0,0005287 seconds
2017-04-22T08:40:45.424+0200: 4,186: Total time for which application threads were stopped: 0,0004429 seconds, Stopping threads took: 0,0000244 seconds
2017-04-22T08:40:45.464+0200: 4,225: Total time for which application threads were stopped: 0,0001468 seconds, Stopping threads took: 0,0000331 seconds
2017-04-22T08:40:45.464+0200: 4,226: Total time for which application threads were stopped: 0,0000789 seconds, Stopping threads took: 0,0000118 seconds
2017-04-22T08:40:45.467+0200: 4,228: Total time for which application threads were stopped: 0,0007544 seconds, Stopping threads took: 0,0006612 seconds
2017-04-22T08:40:45.467+0200: 4,229: Total time for which application threads were stopped: 0,0004069 seconds, Stopping threads took: 0,0003437 seconds
2017-04-22T08:40:45.467+0200: 4,229: Total time for which application threads were stopped: 0,0000584 seconds, Stopping threads took: 0,0000102 seconds
2017-04-22T08:40:45.467+0200: 4,229: Total time for which application threads were stopped: 0,0000477 seconds, Stopping threads took: 0,0000075 seconds
2017-04-22T08:40:45.467+0200: 4,229: Total time for which application threads were stopped: 0,0000409 seconds, Stopping threads took: 0,0000071 seconds
2017-04-22T08:40:45.468+0200: 4,229: Total time for which application threads were stopped: 0,0000648 seconds, Stopping threads took: 0,0000138 seconds
2017-04-22T08:40:45.468+0200: 4,229: Total time for which application threads were stopped: 0,0000589 seconds, Stopping threads took: 0,0000125 seconds
2017-04-22T08:40:45.468+0200: 4,230: Total time for which application threads were stopped: 0,0003112 seconds, Stopping threads took: 0,0002599 seconds
2017-04-22T08:40:45.468+0200: 4,230: Total time for which application threads were stopped: 0,0000860 seconds, Stopping threads took: 0,0000268 seconds
2017-04-22T08:40:45.470+0200: 4,232: Total time for which application threads were stopped: 0,0020454 seconds, Stopping threads took: 0,0019390 seconds
2017-04-22T08:40:45.471+0200: 4,233: Total time for which application threads were stopped: 0,0001282 seconds, Stopping threads took: 0,0000225 seconds
2017-04-22T08:40:45.471+0200: 4,233: Total time for which application threads were stopped: 0,0001039 seconds, Stopping threads took: 0,0000180 seconds
2017-04-22T08:40:45.471+0200: 4,233: Total time for which application threads were stopped: 0,0002043 seconds, Stopping threads took: 0,0000155 seconds
2017-04-22T08:40:45.473+0200: 4,235: Total time for which application threads were stopped: 0,0001236 seconds, Stopping threads took: 0,0000251 seconds
2017-04-22T08:40:45.475+0200: 4,236: Total time for which application threads were stopped: 0,0001822 seconds, Stopping threads took: 0,0000944 seconds
2017-04-22T08:40:45.481+0200: 4,243: Total time for which application threads were stopped: 0,0000945 seconds, Stopping threads took: 0,0000221 seconds
2017-04-22T08:40:45.481+0200: 4,243: Total time for which application threads were stopped: 0,0000585 seconds, Stopping threads took: 0,0000110 seconds
2017-04-22T08:40:45.482+0200: 4,243: Total time for which application threads were stopped: 0,0000686 seconds, Stopping threads took: 0,0000147 seconds
2017-04-22T08:40:45.482+0200: 4,243: Total time for which application threads were stopped: 0,0000439 seconds, Stopping threads took: 0,0000087 seconds
2017-04-22T08:40:45.482+0200: 4,243: Total time for which application threads were stopped: 0,0000968 seconds, Stopping threads took: 0,0000413 seconds
2017-04-22T08:40:45.482+0200: 4,244: Total time for which application threads were stopped: 0,0001415 seconds, Stopping threads took: 0,0000885 seconds
2017-04-22T08:40:45.485+0200: 4,246: Total time for which application threads were stopped: 0,0021747 seconds, Stopping threads took: 0,0020413 seconds
2017-04-22T08:40:45.485+0200: 4,246: Total time for which application threads were stopped: 0,0000849 seconds, Stopping threads took: 0,0000420 seconds
2017-04-22T08:40:45.485+0200: 4,247: Total time for which application threads were stopped: 0,0000629 seconds, Stopping threads took: 0,0000122 seconds
2017-04-22T08:40:45.485+0200: 4,247: Total time for which application threads were stopped: 0,0000459 seconds, Stopping threads took: 0,0000081 seconds
2017-04-22T08:40:45.485+0200: 4,247: Total time for which application threads were stopped: 0,0000451 seconds, Stopping threads took: 0,0000087 seconds
2017-04-22T08:40:45.485+0200: 4,247: Total time for which application threads were stopped: 0,0000430 seconds, Stopping threads took: 0,0000080 seconds
2017-04-22T08:40:45.485+0200: 4,247: Total time for which application threads were stopped: 0,0000493 seconds, Stopping threads took: 0,0000082 seconds
2017-04-22T08:40:45.485+0200: 4,247: Total time for which application threads were stopped: 0,0000484 seconds, Stopping threads took: 0,0000109 seconds
2017-04-22T08:40:45.486+0200: 4,247: Total time for which application threads were stopped: 0,0000748 seconds, Stopping threads took: 0,0000345 seconds
2017-04-22T08:40:45.486+0200: 4,247: Total time for which application threads were stopped: 0,0000531 seconds, Stopping threads took: 0,0000228 seconds
2017-04-22T08:40:45.487+0200: 4,248: Total time for which application threads were stopped: 0,0007950 seconds, Stopping threads took: 0,0007258 seconds
2017-04-22T08:40:45.487+0200: 4,248: Total time for which application threads were stopped: 0,0000662 seconds, Stopping threads took: 0,0000236 seconds
2017-04-22T08:40:45.487+0200: 4,248: Total time for which application threads were stopped: 0,0000796 seconds, Stopping threads took: 0,0000251 seconds
2017-04-22T08:40:45.492+0200: 4,254: Total time for which application threads were stopped: 0,0050165 seconds, Stopping threads took: 0,0049496 seconds
2017-04-22T08:40:45.498+0200: 4,259: Total time for which application threads were stopped: 0,0005217 seconds, Stopping threads took: 0,0000217 seconds
2017-04-22T08:40:45.498+0200: 4,260: Total time for which application threads were stopped: 0,0002407 seconds, Stopping threads took: 0,0001767 seconds
2017-04-22T08:40:45.502+0200: 4,264: Total time for which application threads were stopped: 0,0038111 seconds, Stopping threads took: 0,0037152 seconds
2017-04-22T08:40:45.503+0200: 4,264: Total time for which application threads were stopped: 0,0000988 seconds, Stopping threads took: 0,0000321 seconds
2017-04-22T08:40:45.503+0200: 4,264: Total time for which application threads were stopped: 0,0000992 seconds, Stopping threads took: 0,0000328 seconds
2017-04-22T08:40:45.503+0200: 4,264: Total time for which application threads were stopped: 0,0000845 seconds, Stopping threads took: 0,0000247 seconds
2017-04-22T08:40:45.503+0200: 4,265: Total time for which application threads were stopped: 0,0000837 seconds, Stopping threads took: 0,0000266 seconds
2017-04-22T08:40:45.503+0200: 4,265: Total time for which application threads were stopped: 0,0001807 seconds, Stopping threads took: 0,0000194 seconds
2017-04-22T08:40:45.504+0200: 4,265: Total time for which application threads were stopped: 0,0001009 seconds, Stopping threads took: 0,0000344 seconds
2017-04-22T08:40:45.504+0200: 4,266: Total time for which application threads were stopped: 0,0000715 seconds, Stopping threads took: 0,0000210 seconds
2017-04-22T08:40:45.504+0200: 4,266: Total time for which application threads were stopped: 0,0001006 seconds, Stopping threads took: 0,0000533 seconds
2017-04-22T08:40:45.506+0200: 4,268: Total time for which application threads were stopped: 0,0003618 seconds, Stopping threads took: 0,0002634 seconds
2017-04-22T08:40:45.506+0200: 4,268: Total time for which application threads were stopped: 0,0001423 seconds, Stopping threads took: 0,0000197 seconds
2017-04-22T08:40:45.523+0200: 4,284: Total time for which application threads were stopped: 0,0004918 seconds, Stopping threads took: 0,0001697 seconds
2017-04-22T08:40:45.525+0200: 4,286: Total time for which application threads were stopped: 0,0006241 seconds, Stopping threads took: 0,0004279 seconds
2017-04-22T08:40:45.527+0200: 4,288: Total time for which application threads were stopped: 0,0004102 seconds, Stopping threads took: 0,0000203 seconds
2017-04-22T08:40:45.547+0200: 4,309: Total time for which application threads were stopped: 0,0001601 seconds, Stopping threads took: 0,0000574 seconds
2017-04-22T08:40:45.549+0200: 4,310: Total time for which application threads were stopped: 0,0001668 seconds, Stopping threads took: 0,0000749 seconds
2017-04-22T08:40:45.550+0200: 4,312: Total time for which application threads were stopped: 0,0001226 seconds, Stopping threads took: 0,0000522 seconds
2017-04-22T08:40:45.554+0200: 4,316: Total time for which application threads were stopped: 0,0001383 seconds, Stopping threads took: 0,0000260 seconds
2017-04-22T08:40:45.557+0200: 4,318: Total time for which application threads were stopped: 0,0001008 seconds, Stopping threads took: 0,0000331 seconds
2017-04-22T08:40:45.557+0200: 4,318: Total time for which application threads were stopped: 0,0001194 seconds, Stopping threads took: 0,0000219 seconds
2017-04-22T08:40:45.560+0200: 4,322: Total time for which application threads were stopped: 0,0001214 seconds, Stopping threads took: 0,0000271 seconds
2017-04-22T08:40:45.560+0200: 4,322: Total time for which application threads were stopped: 0,0000573 seconds, Stopping threads took: 0,0000126 seconds
2017-04-22T08:40:45.563+0200: 4,325: Total time for which application threads were stopped: 0,0012984 seconds, Stopping threads took: 0,0012129 seconds
2017-04-22T08:40:45.565+0200: 4,326: Total time for which application threads were stopped: 0,0011634 seconds, Stopping threads took: 0,0010824 seconds
2017-04-22T08:40:45.565+0200: 4,326: Total time for which application threads were stopped: 0,0000676 seconds, Stopping threads took: 0,0000153 seconds
2017-04-22T08:40:45.566+0200: 4,327: Total time for which application threads were stopped: 0,0000717 seconds, Stopping threads took: 0,0000166 seconds
2017-04-22T08:40:45.567+0200: 4,329: Total time for which application threads were stopped: 0,0010926 seconds, Stopping threads took: 0,0010095 seconds
2017-04-22T08:40:45.570+0200: 4,332: Total time for which application threads were stopped: 0,0032849 seconds, Stopping threads took: 0,0032225 seconds
2017-04-22T08:40:45.571+0200: 4,333: Total time for which application threads were stopped: 0,0001072 seconds, Stopping threads took: 0,0000551 seconds
2017-04-22T08:40:45.580+0200: 4,342: Total time for which application threads were stopped: 0,0001458 seconds, Stopping threads took: 0,0000370 seconds
2017-04-22T08:40:45.592+0200: 4,353: Total time for which application threads were stopped: 0,0054068 seconds, Stopping threads took: 0,0053027 seconds
2017-04-22T08:40:45.598+0200: 4,360: Total time for which application threads were stopped: 0,0001659 seconds, Stopping threads took: 0,0000681 seconds
2017-04-22T08:40:45.601+0200: 4,363: Total time for which application threads were stopped: 0,0005320 seconds, Stopping threads took: 0,0004586 seconds
2017-04-22T08:40:45.644+0200: 4,406: Total time for which application threads were stopped: 0,0017227 seconds, Stopping threads took: 0,0015744 seconds
2017-04-22T08:40:45.647+0200: 4,408: Total time for which application threads were stopped: 0,0001584 seconds, Stopping threads took: 0,0000626 seconds
2017-04-22T08:40:45.688+0200: 4,449: Total time for which application threads were stopped: 0,0009682 seconds, Stopping threads took: 0,0008614 seconds
2017-04-22T08:40:45.699+0200: 4,461: Total time for which application threads were stopped: 0,0018474 seconds, Stopping threads took: 0,0017573 seconds
2017-04-22T08:40:45.717+0200: 4,478: Total time for which application threads were stopped: 0,0003595 seconds, Stopping threads took: 0,0000821 seconds
{Heap before GC invocations=6 (full 1):
 par new generation   total 109248K, used 99187K [0x00000000e0000000, 0x00000000e8000000, 0x00000000e8000000)
  eden space 87424K, 100% used [0x00000000e0000000, 0x00000000e5560000, 0x00000000e5560000)
  from space 21824K,  53% used [0x00000000e5560000, 0x00000000e60dcc80, 0x00000000e6ab0000)
  to   space 21824K,   0% used [0x00000000e6ab0000, 0x00000000e6ab0000, 0x00000000e8000000)
 concurrent mark-sweep generation total 393216K, used 0K [0x00000000e8000000, 0x0000000100000000, 0x0000000100000000)
 Metaspace       used 23833K, capacity 24271K, committed 24572K, reserved 1071104K
  class space    used 2803K, capacity 2972K, committed 3068K, reserved 1048576K
2017-04-22T08:40:45.756+0200: 4,517: [GC (Allocation Failure) 2017-04-22T08:40:45.756+0200: 4,517: [ParNew
Desired survivor size 20112992 bytes, new threshold 8 (max 8)
- age   1:    5211800 bytes,    5211800 total
- age   2:     140208 bytes,    5352008 total
- age   3:      12776 bytes,    5364784 total
- age   4:     176648 bytes,    5541432 total
- age   5:     307536 bytes,    5848968 total
- age   6:    1232136 bytes,    7081104 total
- age   7:    6177936 bytes,   13259040 total
: 99187K->16709K(109248K), 0,0176524 secs] 99187K->16709K(502464K), 0,0177228 secs] [Times: user=0,05 sys=0,00, real=0,02 secs] 
Heap after GC invocations=7 (full 1):
 par new generation   total 109248K, used 16709K [0x00000000e0000000, 0x00000000e8000000, 0x00000000e8000000)
  eden space 87424K,   0% used [0x00000000e0000000, 0x00000000e0000000, 0x00000000e5560000)
  from space 21824K,  76% used [0x00000000e6ab0000, 0x00000000e7b01580, 0x00000000e8000000)
  to   space 21824K,   0% used [0x00000000e5560000, 0x00000000e5560000, 0x00000000e6ab0000)
 concurrent mark-sweep generation total 393216K, used 0K [0x00000000e8000000, 0x0000000100000000, 0x0000000100000000)
 Metaspace       used 23833K, capacity 24271K, committed 24572K, reserved 1071104K
  class space    used 2803K, capacity 2972K, committed 3068K, reserved 1048576K
}
2017-04-22T08:40:45.774+0200: 4,535: Total time for which application threads were stopped: 0,0204801 seconds, Stopping threads took: 0,0026024 seconds
2017-04-22T08:40:45.782+0200: 4,544: Total time for which application threads were stopped: 0,0030207 seconds, Stopping threads took: 0,0029075 seconds
2017-04-22T08:40:45.783+0200: 4,544: Total time for which application threads were stopped: 0,0000813 seconds, Stopping threads took: 0,0000253 seconds
{Heap before GC invocations=7 (full 1):
 par new generation   total 109248K, used 104133K [0x00000000e0000000, 0x00000000e8000000, 0x00000000e8000000)
  eden space 87424K, 100% used [0x00000000e0000000, 0x00000000e5560000, 0x00000000e5560000)
  from space 21824K,  76% used [0x00000000e6ab0000, 0x00000000e7b01580, 0x00000000e8000000)
  to   space 21824K,   0% used [0x00000000e5560000, 0x00000000e5560000, 0x00000000e6ab0000)
 concurrent mark-sweep generation total 393216K, used 0K [0x00000000e8000000, 0x0000000100000000, 0x0000000100000000)
 Metaspace       used 24161K, capacity 24597K, committed 24828K, reserved 1071104K
  class space    used 2838K, capacity 3037K, committed 3068K, reserved 1048576K
2017-04-22T08:40:45.876+0200: 4,638: [GC (Allocation Failure) 2017-04-22T08:40:45.876+0200: 4,638: [ParNew
Desired survivor size 20112992 bytes, new threshold 8 (max 8)
- age   1:    1901816 bytes,    1901816 total
- age   2:    1776808 bytes,    3678624 total
- age   3:      62192 bytes,    3740816 total
- age   4:       4048 bytes,    3744864 total
- age   5:      99536 bytes,    3844400 total
- age   6:     187552 bytes,    4031952 total
- age   7:     917416 bytes,    4949368 total
- age   8:    5941584 bytes,   10890952 total
: 104133K->15624K(109248K), 0,0198701 secs] 104133K->15624K(502464K), 0,0199527 secs] [Times: user=0,05 sys=0,00, real=0,02 secs] 
Heap after GC invocations=8 (full 1):
 par new generation   total 109248K, used 15624K [0x00000000e0000000, 0x00000000e8000000, 0x00000000e8000000)
  eden space 87424K,   0% used [0x00000000e0000000, 0x00000000e0000000, 0x00000000e5560000)
  from space 21824K,  71% used [0x00000000e5560000, 0x00000000e64a21b0, 0x00000000e6ab0000)
  to   space 21824K,   0% used [0x00000000e6ab0000, 0x00000000e6ab0000, 0x00000000e8000000)
 concurrent mark-sweep generation total 393216K, used 0K [0x00000000e8000000, 0x0000000100000000, 0x0000000100000000)
 Metaspace       used 24161K, capacity 24597K, committed 24828K, reserved 1071104K
  class space    used 2838K, capacity 3037K, committed 3068K, reserved 1048576K
}
2017-04-22T08:40:45.896+0200: 4,658: Total time for which application threads were stopped: 0,0266988 seconds, Stopping threads took: 0,0065696 seconds
2017-04-22T08:40:45.907+0200: 4,668: Total time for which application threads were stopped: 0,0001656 seconds, Stopping threads took: 0,0000454 seconds
2017-04-22T08:40:45.907+0200: 4,668: Total time for which application threads were stopped: 0,0000709 seconds, Stopping threads took: 0,0000088 seconds
{Heap before GC invocations=8 (full 1):
 par new generation   total 109248K, used 103048K [0x00000000e0000000, 0x00000000e8000000, 0x00000000e8000000)
  eden space 87424K, 100% used [0x00000000e0000000, 0x00000000e5560000, 0x00000000e5560000)
  from space 21824K,  71% used [0x00000000e5560000, 0x00000000e64a21b0, 0x00000000e6ab0000)
  to   space 21824K,   0% used [0x00000000e6ab0000, 0x00000000e6ab0000, 0x00000000e8000000)
 concurrent mark-sweep generation total 393216K, used 0K [0x00000000e8000000, 0x0000000100000000, 0x0000000100000000)
 Metaspace       used 24357K, capacity 24815K, committed 25084K, reserved 1071104K
  class space    used 2856K, capacity 3042K, committed 3068K, reserved 1048576K
2017-04-22T08:40:46.022+0200: 4,783: [GC (Allocation Failure) 2017-04-22T08:40:46.022+0200: 4,783: [ParNew
Desired survivor size 20112992 bytes, new threshold 8 (max 8)
- age   1:     852800 bytes,     852800 total
- age   2:     579296 bytes,    1432096 total
- age   3:    1755728 bytes,    3187824 total
- age   4:      62192 bytes,    3250016 total
- age   5:       4048 bytes,    3254064 total
- age   6:      99432 bytes,    3353496 total
- age   7:     187552 bytes,    3541048 total
- age   8:     917416 bytes,    4458464 total
: 103048K->8586K(109248K), 0,0504941 secs] 103048K->14966K(502464K), 0,0506254 secs] [Times: user=0,09 sys=0,01, real=0,05 secs] 
Heap after GC invocations=9 (full 1):
 par new generation   total 109248K, used 8586K [0x00000000e0000000, 0x00000000e8000000, 0x00000000e8000000)
  eden space 87424K,   0% used [0x00000000e0000000, 0x00000000e0000000, 0x00000000e5560000)
  from space 21824K,  39% used [0x00000000e6ab0000, 0x00000000e7312aa0, 0x00000000e8000000)
  to   space 21824K,   0% used [0x00000000e5560000, 0x00000000e5560000, 0x00000000e6ab0000)
 concurrent mark-sweep generation total 393216K, used 6379K [0x00000000e8000000, 0x0000000100000000, 0x0000000100000000)
 Metaspace       used 24357K, capacity 24815K, committed 25084K, reserved 1071104K
  class space    used 2856K, capacity 3042K, committed 3068K, reserved 1048576K
}
2017-04-22T08:40:46.072+0200: 4,834: Total time for which application threads were stopped: 0,0580216 seconds, Stopping threads took: 0,0071987 seconds
2017-04-22T08:40:46.102+0200: 4,864: Total time for which application threads were stopped: 0,0041833 seconds, Stopping threads took: 0,0040422 seconds
2017-04-22T08:40:46.108+0200: 4,870: Total time for which application threads were stopped: 0,0008544 seconds, Stopping threads took: 0,0007061 seconds
2017-04-22T08:40:46.171+0200: 4,933: Total time for which application threads were stopped: 0,0002065 seconds, Stopping threads took: 0,0000841 seconds
2017-04-22T08:40:46.172+0200: 4,934: Total time for which application threads were stopped: 0,0001371 seconds, Stopping threads took: 0,0000424 seconds
2017-04-22T08:40:46.195+0200: 4,957: Total time for which application threads were stopped: 0,0001933 seconds, Stopping threads took: 0,0000919 seconds
2017-04-22T08:40:46.200+0200: 4,962: Total time for which application threads were stopped: 0,0001421 seconds, Stopping threads took: 0,0000459 seconds
2017-04-22T08:40:46.234+0200: 4,996: Total time for which application threads were stopped: 0,0001683 seconds, Stopping threads took: 0,0000485 seconds
2017-04-22T08:40:46.235+0200: 4,996: Total time for which application threads were stopped: 0,0001151 seconds, Stopping threads took: 0,0000441 seconds
2017-04-22T08:40:46.446+0200: 5,208: Total time for which application threads were stopped: 0,0001900 seconds, Stopping threads took: 0,0001013 seconds
2017-04-22T08:40:46.450+0200: 5,211: Total time for which application threads were stopped: 0,0001853 seconds, Stopping threads took: 0,0000654 seconds
2017-04-22T08:40:46.465+0200: 5,227: Total time for which application threads were stopped: 0,0064917 seconds, Stopping threads took: 0,0063239 seconds
2017-04-22T08:40:46.479+0200: 5,241: Total time for which application threads were stopped: 0,0002413 seconds, Stopping threads took: 0,0001013 seconds
2017-04-22T08:40:46.480+0200: 5,242: Total time for which application threads were stopped: 0,0003721 seconds, Stopping threads took: 0,0002595 seconds
2017-04-22T08:40:46.505+0200: 5,266: Total time for which application threads were stopped: 0,0001972 seconds, Stopping threads took: 0,0000990 seconds
2017-04-22T08:40:46.529+0200: 5,291: Total time for which application threads were stopped: 0,0001229 seconds, Stopping threads took: 0,0000397 seconds
2017-04-22T08:40:46.589+0200: 5,351: Total time for which application threads were stopped: 0,0001720 seconds, Stopping threads took: 0,0000260 seconds
2017-04-22T08:40:46.598+0200: 5,359: Total time for which application threads were stopped: 0,0004723 seconds, Stopping threads took: 0,0000575 seconds
2017-04-22T08:40:46.615+0200: 5,377: Total time for which application threads were stopped: 0,0004611 seconds, Stopping threads took: 0,0000381 seconds
2017-04-22T08:40:46.695+0200: 5,457: Total time for which application threads were stopped: 0,0011037 seconds, Stopping threads took: 0,0000383 seconds
2017-04-22T08:40:46.700+0200: 5,461: Total time for which application threads were stopped: 0,0001054 seconds, Stopping threads took: 0,0000354 seconds
2017-04-22T08:40:46.706+0200: 5,467: Total time for which application threads were stopped: 0,0001427 seconds, Stopping threads took: 0,0000438 seconds
2017-04-22T08:40:46.706+0200: 5,468: Total time for which application threads were stopped: 0,0000992 seconds, Stopping threads took: 0,0000257 seconds
2017-04-22T08:40:46.731+0200: 5,492: Total time for which application threads were stopped: 0,0001465 seconds, Stopping threads took: 0,0000441 seconds
2017-04-22T08:40:46.739+0200: 5,500: Total time for which application threads were stopped: 0,0002284 seconds, Stopping threads took: 0,0001310 seconds
2017-04-22T08:40:46.757+0200: 5,518: Total time for which application threads were stopped: 0,0004349 seconds, Stopping threads took: 0,0001494 seconds
2017-04-22T08:40:46.810+0200: 5,572: Total time for which application threads were stopped: 0,0004135 seconds, Stopping threads took: 0,0002518 seconds
2017-04-22T08:40:46.825+0200: 5,586: Total time for which application threads were stopped: 0,0001832 seconds, Stopping threads took: 0,0000620 seconds
2017-04-22T08:40:46.881+0200: 5,643: Total time for which application threads were stopped: 0,0005739 seconds, Stopping threads took: 0,0000434 seconds
2017-04-22T08:40:46.884+0200: 5,646: Total time for which application threads were stopped: 0,0001753 seconds, Stopping threads took: 0,0000934 seconds
2017-04-22T08:40:46.893+0200: 5,654: Total time for which application threads were stopped: 0,0005761 seconds, Stopping threads took: 0,0004592 seconds
2017-04-22T08:40:46.939+0200: 5,701: Total time for which application threads were stopped: 0,0001429 seconds, Stopping threads took: 0,0000503 seconds
2017-04-22T08:42:38.159+0200: 117,711: Total time for which application threads were stopped: 0,0001101 seconds, Stopping threads took: 0,0000419 seconds
2017-04-22T08:42:43.159+0200: 122,712: Total time for which application threads were stopped: 0,0003924 seconds, Stopping threads took: 0,0000891 seconds
{Heap before GC invocations=9 (full 1):
 par new generation   total 109248K, used 96010K [0x00000000e0000000, 0x00000000e8000000, 0x00000000e8000000)
  eden space 87424K, 100% used [0x00000000e0000000, 0x00000000e5560000, 0x00000000e5560000)
  from space 21824K,  39% used [0x00000000e6ab0000, 0x00000000e7312aa0, 0x00000000e8000000)
  to   space 21824K,   0% used [0x00000000e5560000, 0x00000000e5560000, 0x00000000e6ab0000)
 concurrent mark-sweep generation total 393216K, used 6379K [0x00000000e8000000, 0x0000000100000000, 0x0000000100000000)
 Metaspace       used 27925K, capacity 28457K, committed 28796K, reserved 1075200K
  class space    used 3207K, capacity 3379K, committed 3452K, reserved 1048576K
2017-04-22T08:43:36.954+0200: 176,506: [GC (Allocation Failure) 2017-04-22T08:43:36.954+0200: 176,506: [ParNew
Desired survivor size 20112992 bytes, new threshold 8 (max 8)
- age   1:   11015968 bytes,   11015968 total
- age   2:     553648 bytes,   11569616 total
- age   3:     179688 bytes,   11749304 total
- age   4:    1739552 bytes,   13488856 total
- age   5:      59712 bytes,   13548568 total
- age   6:       4048 bytes,   13552616 total
- age   7:      99080 bytes,   13651696 total
- age   8:     184128 bytes,   13835824 total
: 96010K->15049K(109248K), 0,0165452 secs] 102390K->22335K(502464K), 0,0166053 secs] [Times: user=0,04 sys=0,00, real=0,02 secs] 
Heap after GC invocations=10 (full 1):
 par new generation   total 109248K, used 15049K [0x00000000e0000000, 0x00000000e8000000, 0x00000000e8000000)
  eden space 87424K,   0% used [0x00000000e0000000, 0x00000000e0000000, 0x00000000e5560000)
  from space 21824K,  68% used [0x00000000e5560000, 0x00000000e6412480, 0x00000000e6ab0000)
  to   space 21824K,   0% used [0x00000000e6ab0000, 0x00000000e6ab0000, 0x00000000e8000000)
 concurrent mark-sweep generation total 393216K, used 7286K [0x00000000e8000000, 0x0000000100000000, 0x0000000100000000)
 Metaspace       used 27925K, capacity 28457K, committed 28796K, reserved 1075200K
  class space    used 3207K, capacity 3379K, committed 3452K, reserved 1048576K
}
2017-04-22T08:43:36.971+0200: 176,523: Total time for which application threads were stopped: 0,0167985 seconds, Stopping threads took: 0,0000656 seconds
2017-04-22T08:43:36.973+0200: 176,526: Total time for which application threads were stopped: 0,0006220 seconds, Stopping threads took: 0,0003711 seconds
2017-04-22T08:43:36.974+0200: 176,526: Total time for which application threads were stopped: 0,0002276 seconds, Stopping threads took: 0,0000802 seconds
2017-04-22T08:43:41.974+0200: 181,527: Total time for which application threads were stopped: 0,0000633 seconds, Stopping threads took: 0,0000154 seconds
2017-04-22T09:04:12.108+0200: 1411,660: Total time for which application threads were stopped: 0,0000913 seconds, Stopping threads took: 0,0000350 seconds
2017-04-22T09:09:02.142+0200: 1701,695: Total time for which application threads were stopped: 0,0001077 seconds, Stopping threads took: 0,0000332 seconds
2017-04-22T09:12:43.167+0200: 1922,720: Total time for which application threads were stopped: 0,0000825 seconds, Stopping threads took: 0,0000325 seconds
2017-04-22T09:15:38.187+0200: 2097,739: Total time for which application threads were stopped: 0,0000906 seconds, Stopping threads took: 0,0000321 seconds
2017-04-22T09:19:02.213+0200: 2301,765: Total time for which application threads were stopped: 0,0000927 seconds, Stopping threads took: 0,0000354 seconds
2017-04-22T09:19:03.213+0200: 2302,765: Total time for which application threads were stopped: 0,0000653 seconds, Stopping threads took: 0,0000139 seconds
2017-04-22T09:20:13.222+0200: 2372,774: Total time for which application threads were stopped: 0,0000875 seconds, Stopping threads took: 0,0000329 seconds
2017-04-22T09:33:53.316+0200: 3192,868: Total time for which application threads were stopped: 0,0000866 seconds, Stopping threads took: 0,0000306 seconds
2017-04-22T09:33:58.316+0200: 3197,869: Total time for which application threads were stopped: 0,0000780 seconds, Stopping threads took: 0,0000173 seconds
2017-04-22T09:42:27.364+0200: 3706,916: Total time for which application threads were stopped: 0,0003716 seconds, Stopping threads took: 0,0001083 seconds
2017-04-22T09:44:27.377+0200: 3826,929: Total time for which application threads were stopped: 0,0001667 seconds, Stopping threads took: 0,0000338 seconds
2017-04-22T09:44:37.378+0200: 3836,930: Total time for which application threads were stopped: 0,0001362 seconds, Stopping threads took: 0,0000635 seconds
2017-04-22T09:59:13.470+0200: 4713,023: Total time for which application threads were stopped: 0,0000765 seconds, Stopping threads took: 0,0000288 seconds
2017-04-22T09:59:18.471+0200: 4718,023: Total time for which application threads were stopped: 0,0000668 seconds, Stopping threads took: 0,0000139 seconds
2017-04-22T10:25:03.633+0200: 6263,186: Total time for which application threads were stopped: 0,0000931 seconds, Stopping threads took: 0,0000339 seconds
2017-04-22T10:42:42.754+0200: 7322,307: Total time for which application threads were stopped: 0,0003800 seconds, Stopping threads took: 0,0001428 seconds
2017-04-22T10:48:42.790+0200: 7682,342: Total time for which application threads were stopped: 0,0002046 seconds, Stopping threads took: 0,0000877 seconds
2017-04-22T10:49:12.792+0200: 7712,345: Total time for which application threads were stopped: 0,0000893 seconds, Stopping threads took: 0,0000326 seconds
2017-04-22T11:52:43.229+0200: 11522,781: Total time for which application threads were stopped: 0,0000813 seconds, Stopping threads took: 0,0000304 seconds
2017-04-22T12:58:42.743+0200: 15482,296: Total time for which application threads were stopped: 0,0000898 seconds, Stopping threads took: 0,0000356 seconds
2017-04-22T13:58:43.146+0200: 19082,699: Total time for which application threads were stopped: 0,0000895 seconds, Stopping threads took: 0,0000304 seconds
2017-04-22T14:25:57.377+0200: 20716,929: Total time for which application threads were stopped: 0,0084545 seconds, Stopping threads took: 0,0083664 seconds
2017-04-22T14:25:57.378+0200: 20716,930: Total time for which application threads were stopped: 0,0001028 seconds, Stopping threads took: 0,0000284 seconds
2017-04-22T14:25:57.385+0200: 20716,937: Total time for which application threads were stopped: 0,0000843 seconds, Stopping threads took: 0,0000244 seconds
2017-04-22T14:25:57.385+0200: 20716,938: Total time for which application threads were stopped: 0,0000878 seconds, Stopping threads took: 0,0000191 seconds
2017-04-22T14:25:57.385+0200: 20716,938: Total time for which application threads were stopped: 0,0000517 seconds, Stopping threads took: 0,0000132 seconds
2017-04-22T14:25:57.386+0200: 20716,938: Total time for which application threads were stopped: 0,0000662 seconds, Stopping threads took: 0,0000195 seconds
2017-04-22T14:25:57.386+0200: 20716,938: Total time for which application threads were stopped: 0,0000533 seconds, Stopping threads took: 0,0000132 seconds
2017-04-22T14:25:57.386+0200: 20716,939: Total time for which application threads were stopped: 0,0000619 seconds, Stopping threads took: 0,0000169 seconds
2017-04-22T14:25:57.386+0200: 20716,939: Total time for which application threads were stopped: 0,0000469 seconds, Stopping threads took: 0,0000129 seconds
2017-04-22T14:25:57.386+0200: 20716,939: Total time for which application threads were stopped: 0,0000479 seconds, Stopping threads took: 0,0000133 seconds
2017-04-22T14:25:57.386+0200: 20716,939: Total time for which application threads were stopped: 0,0000418 seconds, Stopping threads took: 0,0000109 seconds
2017-04-22T14:25:57.387+0200: 20716,939: Total time for which application threads were stopped: 0,0000480 seconds, Stopping threads took: 0,0000143 seconds
2017-04-22T14:25:57.387+0200: 20716,939: Total time for which application threads were stopped: 0,0000436 seconds, Stopping threads took: 0,0000114 seconds
2017-04-22T14:25:57.387+0200: 20716,939: Total time for which application threads were stopped: 0,0000439 seconds, Stopping threads took: 0,0000121 seconds
2017-04-22T14:25:57.387+0200: 20716,939: Total time for which application threads were stopped: 0,0000412 seconds, Stopping threads took: 0,0000113 seconds
2017-04-22T14:25:57.387+0200: 20716,939: Total time for which application threads were stopped: 0,0000440 seconds, Stopping threads took: 0,0000125 seconds
2017-04-22T14:25:57.387+0200: 20716,939: Total time for which application threads were stopped: 0,0000417 seconds, Stopping threads took: 0,0000107 seconds
2017-04-22T14:25:57.387+0200: 20716,940: Total time for which application threads were stopped: 0,0000501 seconds, Stopping threads took: 0,0000127 seconds
2017-04-22T14:25:57.387+0200: 20716,940: Total time for which application threads were stopped: 0,0000413 seconds, Stopping threads took: 0,0000119 seconds
2017-04-22T14:25:57.388+0200: 20716,941: Total time for which application threads were stopped: 0,0010325 seconds, Stopping threads took: 0,0000052 seconds
2017-04-22T14:25:57.388+0200: 20716,941: Total time for which application threads were stopped: 0,0000613 seconds, Stopping threads took: 0,0000109 seconds
2017-04-22T14:25:57.390+0200: 20716,942: Total time for which application threads were stopped: 0,0000940 seconds, Stopping threads took: 0,0000131 seconds
2017-04-22T14:25:57.390+0200: 20716,942: Total time for which application threads were stopped: 0,0000473 seconds, Stopping threads took: 0,0000064 seconds
2017-04-22T14:25:57.390+0200: 20716,942: Total time for which application threads were stopped: 0,0000672 seconds, Stopping threads took: 0,0000054 seconds
2017-04-22T14:25:57.390+0200: 20716,942: Total time for which application threads were stopped: 0,0000396 seconds, Stopping threads took: 0,0000062 seconds
2017-04-22T14:25:57.402+0200: 20716,954: Total time for which application threads were stopped: 0,0001372 seconds, Stopping threads took: 0,0000614 seconds
2017-04-22T14:25:57.402+0200: 20716,955: Total time for which application threads were stopped: 0,0000947 seconds, Stopping threads took: 0,0000362 seconds
2017-04-22T14:25:57.402+0200: 20716,955: Total time for which application threads were stopped: 0,0000854 seconds, Stopping threads took: 0,0000340 seconds
2017-04-22T14:25:57.402+0200: 20716,955: Total time for which application threads were stopped: 0,0000781 seconds, Stopping threads took: 0,0000266 seconds
2017-04-22T14:25:57.402+0200: 20716,955: Total time for which application threads were stopped: 0,0000801 seconds, Stopping threads took: 0,0000285 seconds
2017-04-22T14:25:57.403+0200: 20716,956: Total time for which application threads were stopped: 0,0000944 seconds, Stopping threads took: 0,0000343 seconds
2017-04-22T14:25:57.403+0200: 20716,956: Total time for which application threads were stopped: 0,0000554 seconds, Stopping threads took: 0,0000206 seconds
2017-04-22T14:25:57.403+0200: 20716,956: Total time for which application threads were stopped: 0,0000458 seconds, Stopping threads took: 0,0000155 seconds
2017-04-22T14:25:57.403+0200: 20716,956: Total time for which application threads were stopped: 0,0000459 seconds, Stopping threads took: 0,0000148 seconds
2017-04-22T14:25:57.403+0200: 20716,956: Total time for which application threads were stopped: 0,0000645 seconds, Stopping threads took: 0,0000325 seconds
2017-04-22T14:25:57.403+0200: 20716,956: Total time for which application threads were stopped: 0,0000525 seconds, Stopping threads took: 0,0000219 seconds
2017-04-22T14:25:57.404+0200: 20716,956: Total time for which application threads were stopped: 0,0000484 seconds, Stopping threads took: 0,0000180 seconds
2017-04-22T14:25:57.404+0200: 20716,956: Total time for which application threads were stopped: 0,0000591 seconds, Stopping threads took: 0,0000190 seconds
2017-04-22T14:25:57.404+0200: 20716,956: Total time for which application threads were stopped: 0,0000478 seconds, Stopping threads took: 0,0000176 seconds
2017-04-22T14:25:57.404+0200: 20716,956: Total time for which application threads were stopped: 0,0000483 seconds, Stopping threads took: 0,0000162 seconds
2017-04-22T14:25:57.405+0200: 20716,957: Total time for which application threads were stopped: 0,0002067 seconds, Stopping threads took: 0,0000979 seconds
2017-04-22T14:25:57.405+0200: 20716,957: Total time for which application threads were stopped: 0,0001049 seconds, Stopping threads took: 0,0000613 seconds
2017-04-22T14:25:57.405+0200: 20716,957: Total time for which application threads were stopped: 0,0000993 seconds, Stopping threads took: 0,0000550 seconds
2017-04-22T14:25:57.409+0200: 20716,962: Total time for which application threads were stopped: 0,0002783 seconds, Stopping threads took: 0,0002138 seconds
2017-04-22T14:25:57.409+0200: 20716,962: Total time for which application threads were stopped: 0,0000537 seconds, Stopping threads took: 0,0000167 seconds
2017-04-22T14:25:57.410+0200: 20716,962: Total time for which application threads were stopped: 0,0000607 seconds, Stopping threads took: 0,0000243 seconds
2017-04-22T14:25:57.410+0200: 20716,962: Total time for which application threads were stopped: 0,0001016 seconds, Stopping threads took: 0,0000588 seconds
2017-04-22T14:25:57.411+0200: 20716,963: Total time for which application threads were stopped: 0,0004106 seconds, Stopping threads took: 0,0003359 seconds
2017-04-22T14:25:57.411+0200: 20716,963: Total time for which application threads were stopped: 0,0000961 seconds, Stopping threads took: 0,0000544 seconds
2017-04-22T14:25:57.418+0200: 20716,971: Total time for which application threads were stopped: 0,0002992 seconds, Stopping threads took: 0,0002082 seconds
2017-04-22T14:25:57.421+0200: 20716,974: Total time for which application threads were stopped: 0,0001195 seconds, Stopping threads took: 0,0000416 seconds
2017-04-22T14:25:57.421+0200: 20716,974: Total time for which application threads were stopped: 0,0000715 seconds, Stopping threads took: 0,0000219 seconds
2017-04-22T14:25:57.422+0200: 20716,974: Total time for which application threads were stopped: 0,0000616 seconds, Stopping threads took: 0,0000194 seconds
2017-04-22T14:25:57.422+0200: 20716,975: Total time for which application threads were stopped: 0,0000996 seconds, Stopping threads took: 0,0000319 seconds
2017-04-22T14:25:57.423+0200: 20716,975: Total time for which application threads were stopped: 0,0000480 seconds, Stopping threads took: 0,0000141 seconds
2017-04-22T14:25:57.423+0200: 20716,975: Total time for which application threads were stopped: 0,0000446 seconds, Stopping threads took: 0,0000125 seconds
2017-04-22T14:25:57.424+0200: 20716,977: Total time for which application threads were stopped: 0,0001123 seconds, Stopping threads took: 0,0000346 seconds
2017-04-22T14:25:57.424+0200: 20716,977: Total time for which application threads were stopped: 0,0000560 seconds, Stopping threads took: 0,0000157 seconds
2017-04-22T14:25:57.425+0200: 20716,977: Total time for which application threads were stopped: 0,0000489 seconds, Stopping threads took: 0,0000142 seconds
2017-04-22T14:25:57.425+0200: 20716,977: Total time for which application threads were stopped: 0,0000348 seconds, Stopping threads took: 0,0000049 seconds
2017-04-22T14:25:57.425+0200: 20716,977: Total time for which application threads were stopped: 0,0000431 seconds, Stopping threads took: 0,0000119 seconds
2017-04-22T14:25:57.425+0200: 20716,977: Total time for which application threads were stopped: 0,0000438 seconds, Stopping threads took: 0,0000124 seconds
2017-04-22T14:25:57.427+0200: 20716,979: Total time for which application threads were stopped: 0,0001583 seconds, Stopping threads took: 0,0000508 seconds
2017-04-22T14:25:57.428+0200: 20716,980: Total time for which application threads were stopped: 0,0000942 seconds, Stopping threads took: 0,0000284 seconds
2017-04-22T14:25:57.428+0200: 20716,981: Total time for which application threads were stopped: 0,0001832 seconds, Stopping threads took: 0,0000237 seconds
2017-04-22T14:25:57.430+0200: 20716,982: Total time for which application threads were stopped: 0,0000901 seconds, Stopping threads took: 0,0000270 seconds
2017-04-22T14:25:57.430+0200: 20716,983: Total time for which application threads were stopped: 0,0000773 seconds, Stopping threads took: 0,0000177 seconds
Heap
 par new generation   total 109248K, used 36116K [0x00000000e0000000, 0x00000000e8000000, 0x00000000e8000000)
  eden space 87424K,  24% used [0x00000000e0000000, 0x00000000e1492f48, 0x00000000e5560000)
  from space 21824K,  68% used [0x00000000e5560000, 0x00000000e6412480, 0x00000000e6ab0000)
  to   space 21824K,   0% used [0x00000000e6ab0000, 0x00000000e6ab0000, 0x00000000e8000000)
 concurrent mark-sweep generation total 393216K, used 7286K [0x00000000e8000000, 0x0000000100000000, 0x0000000100000000)
 Metaspace       used 28088K, capacity 28625K, committed 28796K, reserved 1075200K
  class space    used 3222K, capacity 3413K, committed 3452K, reserved 1048576K
