OpenJDK 64-Bit Server VM (25.131-b11) for linux-amd64 JRE (1.8.0_131-8u131-b11-0ubuntu1.16.04.2-b11), built on May  6 2017 02:45:27 by "buildd" with gcc 5.4.0 20160609
Memory: 4k page, physical 7867740k(7405464k free), swap 8076284k(8076284k free)
CommandLine flags: -XX:CMSInitiatingOccupancyFraction=50 -XX:CMSMaxAbortablePrecleanTime=6000 -XX:+CMSParallelRemarkEnabled -XX:+CMSScavengeBeforeRemark -XX:ConcGCThreads=4 -XX:InitialHeapSize=536870912 -XX:MaxHeapSize=536870912 -XX:MaxTenuringThreshold=8 -XX:NewRatio=3 -XX:OldPLABSize=16 -XX:OnOutOfMemoryError=/opt/solr/bin/oom_solr.sh 8983 /var/solr/logs -XX:ParallelGCThreads=4 -XX:+ParallelRefProcEnabled -XX:PretenureSizeThreshold=67108864 -XX:+PrintGC -XX:+PrintGCApplicationStoppedTime -XX:+PrintGCDateStamps -XX:+PrintGCDetails -XX:+PrintGCTimeStamps -XX:+PrintHeapAtGC -XX:+PrintTenuringDistribution -XX:SurvivorRatio=4 -XX:TargetSurvivorRatio=90 -XX:ThreadStackSize=256 -XX:+UseCMSInitiatingOccupancyOnly -XX:+UseCompressedClassPointers -XX:+UseCompressedOops -XX:+UseConcMarkSweepGC -XX:+UseParNewGC 
2017-05-20T04:12:03.486+0200: 0,120: Total time for which application threads were stopped: 0,0000695 seconds, Stopping threads took: 0,0000134 seconds
2017-05-20T04:12:03.581+0200: 0,215: Total time for which application threads were stopped: 0,0001266 seconds, Stopping threads took: 0,0000270 seconds
2017-05-20T04:12:03.597+0200: 0,231: Total time for which application threads were stopped: 0,0001062 seconds, Stopping threads took: 0,0000320 seconds
2017-05-20T04:12:03.834+0200: 0,468: Total time for which application threads were stopped: 0,0001131 seconds, Stopping threads took: 0,0000133 seconds
2017-05-20T04:12:04.223+0200: 0,858: Total time for which application threads were stopped: 0,0002056 seconds, Stopping threads took: 0,0000260 seconds
2017-05-20T04:12:04.398+0200: 1,033: Total time for which application threads were stopped: 0,0001830 seconds, Stopping threads took: 0,0000174 seconds
2017-05-20T04:12:04.464+0200: 1,098: Total time for which application threads were stopped: 0,0001649 seconds, Stopping threads took: 0,0000198 seconds
2017-05-20T04:12:04.837+0200: 1,471: Total time for which application threads were stopped: 0,0001736 seconds, Stopping threads took: 0,0000209 seconds
2017-05-20T04:12:05.098+0200: 1,732: Total time for which application threads were stopped: 0,0009335 seconds, Stopping threads took: 0,0001055 seconds
2017-05-20T04:12:05.122+0200: 1,756: Total time for which application threads were stopped: 0,0001788 seconds, Stopping threads took: 0,0000171 seconds
2017-05-20T04:12:05.155+0200: 1,789: Total time for which application threads were stopped: 0,0002564 seconds, Stopping threads took: 0,0000512 seconds
2017-05-20T04:12:05.156+0200: 1,790: Total time for which application threads were stopped: 0,0001712 seconds, Stopping threads took: 0,0000248 seconds
2017-05-20T04:12:05.171+0200: 1,805: Total time for which application threads were stopped: 0,0002113 seconds, Stopping threads took: 0,0000187 seconds
2017-05-20T04:12:05.237+0200: 1,871: Total time for which application threads were stopped: 0,0002312 seconds, Stopping threads took: 0,0000212 seconds
2017-05-20T04:12:05.394+0200: 2,028: Total time for which application threads were stopped: 0,0003111 seconds, Stopping threads took: 0,0000764 seconds
{Heap before GC invocations=0 (full 0):
 par new generation   total 109248K, used 87424K [0x00000000e0000000, 0x00000000e8000000, 0x00000000e8000000)
  eden space 87424K, 100% used [0x00000000e0000000, 0x00000000e5560000, 0x00000000e5560000)
  from space 21824K,   0% used [0x00000000e5560000, 0x00000000e5560000, 0x00000000e6ab0000)
  to   space 21824K,   0% used [0x00000000e6ab0000, 0x00000000e6ab0000, 0x00000000e8000000)
 concurrent mark-sweep generation total 393216K, used 0K [0x00000000e8000000, 0x0000000100000000, 0x0000000100000000)
 Metaspace       used 18194K, capacity 18464K, committed 18688K, reserved 1064960K
  class space    used 2058K, capacity 2196K, committed 2304K, reserved 1048576K
2017-05-20T04:12:05.503+0200: 2,137: [GC (Allocation Failure) 2017-05-20T04:12:05.503+0200: 2,137: [ParNew
Desired survivor size 20112992 bytes, new threshold 8 (max 8)
- age   1:   12817808 bytes,   12817808 total
: 87424K->12629K(109248K), 0,0159574 secs] 87424K->12629K(502464K), 0,0160532 secs] [Times: user=0,05 sys=0,01, real=0,01 secs] 
Heap after GC invocations=1 (full 0):
 par new generation   total 109248K, used 12629K [0x00000000e0000000, 0x00000000e8000000, 0x00000000e8000000)
  eden space 87424K,   0% used [0x00000000e0000000, 0x00000000e0000000, 0x00000000e5560000)
  from space 21824K,  57% used [0x00000000e6ab0000, 0x00000000e7705450, 0x00000000e8000000)
  to   space 21824K,   0% used [0x00000000e5560000, 0x00000000e5560000, 0x00000000e6ab0000)
 concurrent mark-sweep generation total 393216K, used 0K [0x00000000e8000000, 0x0000000100000000, 0x0000000100000000)
 Metaspace       used 18194K, capacity 18464K, committed 18688K, reserved 1064960K
  class space    used 2058K, capacity 2196K, committed 2304K, reserved 1048576K
}
2017-05-20T04:12:05.519+0200: 2,153: Total time for which application threads were stopped: 0,0162851 seconds, Stopping threads took: 0,0000237 seconds
2017-05-20T04:12:05.818+0200: 2,452: Total time for which application threads were stopped: 0,0004020 seconds, Stopping threads took: 0,0000512 seconds
2017-05-20T04:12:05.853+0200: 2,487: Total time for which application threads were stopped: 0,0017520 seconds, Stopping threads took: 0,0014803 seconds
{Heap before GC invocations=1 (full 0):
 par new generation   total 109248K, used 100053K [0x00000000e0000000, 0x00000000e8000000, 0x00000000e8000000)
  eden space 87424K, 100% used [0x00000000e0000000, 0x00000000e5560000, 0x00000000e5560000)
  from space 21824K,  57% used [0x00000000e6ab0000, 0x00000000e7705450, 0x00000000e8000000)
  to   space 21824K,   0% used [0x00000000e5560000, 0x00000000e5560000, 0x00000000e6ab0000)
 concurrent mark-sweep generation total 393216K, used 0K [0x00000000e8000000, 0x0000000100000000, 0x0000000100000000)
 Metaspace       used 20021K, capacity 20364K, committed 20736K, reserved 1067008K
  class space    used 2296K, capacity 2468K, committed 2560K, reserved 1048576K
2017-05-20T04:12:05.857+0200: 2,491: [GC (Allocation Failure) 2017-05-20T04:12:05.857+0200: 2,491: [ParNew
Desired survivor size 20112992 bytes, new threshold 8 (max 8)
- age   1:    3477728 bytes,    3477728 total
- age   2:    6694208 bytes,   10171936 total
: 100053K->15904K(109248K), 0,0100108 secs] 100053K->15904K(502464K), 0,0100743 secs] [Times: user=0,03 sys=0,00, real=0,01 secs] 
Heap after GC invocations=2 (full 0):
 par new generation   total 109248K, used 15904K [0x00000000e0000000, 0x00000000e8000000, 0x00000000e8000000)
  eden space 87424K,   0% used [0x00000000e0000000, 0x00000000e0000000, 0x00000000e5560000)
  from space 21824K,  72% used [0x00000000e5560000, 0x00000000e64e8300, 0x00000000e6ab0000)
  to   space 21824K,   0% used [0x00000000e6ab0000, 0x00000000e6ab0000, 0x00000000e8000000)
 concurrent mark-sweep generation total 393216K, used 0K [0x00000000e8000000, 0x0000000100000000, 0x0000000100000000)
 Metaspace       used 20021K, capacity 20364K, committed 20736K, reserved 1067008K
  class space    used 2296K, capacity 2468K, committed 2560K, reserved 1048576K
}
2017-05-20T04:12:05.867+0200: 2,501: Total time for which application threads were stopped: 0,0127718 seconds, Stopping threads took: 0,0025743 seconds
2017-05-20T04:12:05.894+0200: 2,528: Total time for which application threads were stopped: 0,0012368 seconds, Stopping threads took: 0,0008874 seconds
2017-05-20T04:12:06.068+0200: 2,702: Total time for which application threads were stopped: 0,0002054 seconds, Stopping threads took: 0,0000310 seconds
{Heap before GC invocations=2 (full 0):
 par new generation   total 109248K, used 103328K [0x00000000e0000000, 0x00000000e8000000, 0x00000000e8000000)
  eden space 87424K, 100% used [0x00000000e0000000, 0x00000000e5560000, 0x00000000e5560000)
  from space 21824K,  72% used [0x00000000e5560000, 0x00000000e64e8300, 0x00000000e6ab0000)
  to   space 21824K,   0% used [0x00000000e6ab0000, 0x00000000e6ab0000, 0x00000000e8000000)
 concurrent mark-sweep generation total 393216K, used 0K [0x00000000e8000000, 0x0000000100000000, 0x0000000100000000)
 Metaspace       used 20941K, capacity 21286K, committed 21552K, reserved 1069056K
  class space    used 2417K, capacity 2587K, committed 2608K, reserved 1048576K
2017-05-20T04:12:06.087+0200: 2,721: [GC (Allocation Failure) 2017-05-20T04:12:06.087+0200: 2,721: [ParNew
Desired survivor size 20112992 bytes, new threshold 8 (max 8)
- age   1:    1929792 bytes,    1929792 total
- age   2:     832464 bytes,    2762256 total
- age   3:    6687800 bytes,    9450056 total
: 103328K->12295K(109248K), 0,0106909 secs] 103328K->12295K(502464K), 0,0107685 secs] [Times: user=0,04 sys=0,00, real=0,01 secs] 
Heap after GC invocations=3 (full 0):
 par new generation   total 109248K, used 12295K [0x00000000e0000000, 0x00000000e8000000, 0x00000000e8000000)
  eden space 87424K,   0% used [0x00000000e0000000, 0x00000000e0000000, 0x00000000e5560000)
  from space 21824K,  56% used [0x00000000e6ab0000, 0x00000000e76b1fc0, 0x00000000e8000000)
  to   space 21824K,   0% used [0x00000000e5560000, 0x00000000e5560000, 0x00000000e6ab0000)
 concurrent mark-sweep generation total 393216K, used 0K [0x00000000e8000000, 0x0000000100000000, 0x0000000100000000)
 Metaspace       used 20941K, capacity 21286K, committed 21552K, reserved 1069056K
  class space    used 2417K, capacity 2587K, committed 2608K, reserved 1048576K
}
2017-05-20T04:12:06.098+0200: 2,732: Total time for which application threads were stopped: 0,0109563 seconds, Stopping threads took: 0,0000577 seconds
2017-05-20T04:12:06.106+0200: 2,740: [GC (CMS Initial Mark) [1 CMS-initial-mark: 0K(393216K)] 16606K(502464K), 0,0041138 secs] [Times: user=0,01 sys=0,00, real=0,00 secs] 
2017-05-20T04:12:06.110+0200: 2,744: Total time for which application threads were stopped: 0,0042885 seconds, Stopping threads took: 0,0000727 seconds
2017-05-20T04:12:06.110+0200: 2,744: [CMS-concurrent-mark-start]
2017-05-20T04:12:06.111+0200: 2,745: [CMS-concurrent-mark: 0,001/0,001 secs] [Times: user=0,01 sys=0,00, real=0,00 secs] 
2017-05-20T04:12:06.111+0200: 2,745: [CMS-concurrent-preclean-start]
2017-05-20T04:12:06.112+0200: 2,746: [CMS-concurrent-preclean: 0,001/0,001 secs] [Times: user=0,00 sys=0,00, real=0,00 secs] 
2017-05-20T04:12:06.112+0200: 2,746: [CMS-concurrent-abortable-preclean-start]
{Heap before GC invocations=3 (full 1):
 par new generation   total 109248K, used 99719K [0x00000000e0000000, 0x00000000e8000000, 0x00000000e8000000)
  eden space 87424K, 100% used [0x00000000e0000000, 0x00000000e5560000, 0x00000000e5560000)
  from space 21824K,  56% used [0x00000000e6ab0000, 0x00000000e76b1fc0, 0x00000000e8000000)
  to   space 21824K,   0% used [0x00000000e5560000, 0x00000000e5560000, 0x00000000e6ab0000)
 concurrent mark-sweep generation total 393216K, used 0K [0x00000000e8000000, 0x0000000100000000, 0x0000000100000000)
 Metaspace       used 21231K, capacity 21562K, committed 21628K, reserved 1069056K
  class space    used 2445K, capacity 2602K, committed 2608K, reserved 1048576K
2017-05-20T04:12:06.239+0200: 2,873: [GC (Allocation Failure) 2017-05-20T04:12:06.239+0200: 2,873: [ParNew
Desired survivor size 20112992 bytes, new threshold 8 (max 8)
- age   1:     965104 bytes,     965104 total
- age   2:    1448704 bytes,    2413808 total
- age   3:     810920 bytes,    3224728 total
- age   4:    6687840 bytes,    9912568 total
: 99719K->11446K(109248K), 0,0110857 secs] 99719K->11446K(502464K), 0,0111538 secs] [Times: user=0,04 sys=0,00, real=0,01 secs] 
Heap after GC invocations=4 (full 1):
 par new generation   total 109248K, used 11446K [0x00000000e0000000, 0x00000000e8000000, 0x00000000e8000000)
  eden space 87424K,   0% used [0x00000000e0000000, 0x00000000e0000000, 0x00000000e5560000)
  from space 21824K,  52% used [0x00000000e5560000, 0x00000000e608d900, 0x00000000e6ab0000)
  to   space 21824K,   0% used [0x00000000e6ab0000, 0x00000000e6ab0000, 0x00000000e8000000)
 concurrent mark-sweep generation total 393216K, used 0K [0x00000000e8000000, 0x0000000100000000, 0x0000000100000000)
 Metaspace       used 21231K, capacity 21562K, committed 21628K, reserved 1069056K
  class space    used 2445K, capacity 2602K, committed 2608K, reserved 1048576K
}
2017-05-20T04:12:06.250+0200: 2,885: Total time for which application threads were stopped: 0,0114138 seconds, Stopping threads took: 0,0001115 seconds
2017-05-20T04:12:06.250+0200: 2,885: [CMS-concurrent-abortable-preclean: 0,083/0,139 secs] [Times: user=0,51 sys=0,00, real=0,14 secs] 
2017-05-20T04:12:06.254+0200: 2,888: [GC (CMS Final Remark) [YG occupancy: 12134 K (109248 K)]{Heap before GC invocations=4 (full 1):
 par new generation   total 109248K, used 12134K [0x00000000e0000000, 0x00000000e8000000, 0x00000000e8000000)
  eden space 87424K,   0% used [0x00000000e0000000, 0x00000000e00ac2d8, 0x00000000e5560000)
  from space 21824K,  52% used [0x00000000e5560000, 0x00000000e608d900, 0x00000000e6ab0000)
  to   space 21824K,   0% used [0x00000000e6ab0000, 0x00000000e6ab0000, 0x00000000e8000000)
 concurrent mark-sweep generation total 393216K, used 0K [0x00000000e8000000, 0x0000000100000000, 0x0000000100000000)
 Metaspace       used 21231K, capacity 21562K, committed 21628K, reserved 1069056K
  class space    used 2445K, capacity 2602K, committed 2608K, reserved 1048576K
2017-05-20T04:12:06.254+0200: 2,888: [GC (CMS Final Remark) 2017-05-20T04:12:06.254+0200: 2,888: [ParNew
Desired survivor size 20112992 bytes, new threshold 8 (max 8)
- age   1:     134576 bytes,     134576 total
- age   2:     811600 bytes,     946176 total
- age   3:    1448640 bytes,    2394816 total
- age   4:     810800 bytes,    3205616 total
- age   5:    6688656 bytes,    9894272 total
: 12134K->16809K(109248K), 0,0094265 secs] 12134K->16809K(502464K), 0,0094652 secs] [Times: user=0,02 sys=0,01, real=0,01 secs] 
Heap after GC invocations=5 (full 1):
 par new generation   total 109248K, used 16809K [0x00000000e0000000, 0x00000000e8000000, 0x00000000e8000000)
  eden space 87424K,   0% used [0x00000000e0000000, 0x00000000e0000000, 0x00000000e5560000)
  from space 21824K,  77% used [0x00000000e6ab0000, 0x00000000e7b1a500, 0x00000000e8000000)
  to   space 21824K,   0% used [0x00000000e5560000, 0x00000000e5560000, 0x00000000e6ab0000)
 concurrent mark-sweep generation total 393216K, used 0K [0x00000000e8000000, 0x0000000100000000, 0x0000000100000000)
 Metaspace       used 21231K, capacity 21562K, committed 21628K, reserved 1069056K
  class space    used 2445K, capacity 2602K, committed 2608K, reserved 1048576K
}
2017-05-20T04:12:06.264+0200: 2,898: [Rescan (parallel) , 0,0035434 secs]2017-05-20T04:12:06.267+0200: 2,902: [weak refs processing, 0,0013492 secs]2017-05-20T04:12:06.269+0200: 2,903: [class unloading, 0,0027925 secs]2017-05-20T04:12:06.272+0200: 2,906: [scrub symbol table, 0,0025604 secs]2017-05-20T04:12:06.274+0200: 2,908: [scrub string table, 0,0003741 secs][1 CMS-remark: 0K(393216K)] 16809K(502464K), 0,0207440 secs] [Times: user=0,04 sys=0,01, real=0,02 secs] 
2017-05-20T04:12:06.275+0200: 2,909: Total time for which application threads were stopped: 0,0244862 seconds, Stopping threads took: 0,0036709 seconds
2017-05-20T04:12:06.275+0200: 2,909: [CMS-concurrent-sweep-start]
2017-05-20T04:12:06.275+0200: 2,909: [CMS-concurrent-sweep: 0,000/0,000 secs] [Times: user=0,00 sys=0,00, real=0,00 secs] 
2017-05-20T04:12:06.275+0200: 2,909: [CMS-concurrent-reset-start]
2017-05-20T04:12:06.277+0200: 2,911: [CMS-concurrent-reset: 0,002/0,002 secs] [Times: user=0,01 sys=0,00, real=0,00 secs] 
{Heap before GC invocations=5 (full 1):
 par new generation   total 109248K, used 104233K [0x00000000e0000000, 0x00000000e8000000, 0x00000000e8000000)
  eden space 87424K, 100% used [0x00000000e0000000, 0x00000000e5560000, 0x00000000e5560000)
  from space 21824K,  77% used [0x00000000e6ab0000, 0x00000000e7b1a500, 0x00000000e8000000)
  to   space 21824K,   0% used [0x00000000e5560000, 0x00000000e5560000, 0x00000000e6ab0000)
 concurrent mark-sweep generation total 393216K, used 0K [0x00000000e8000000, 0x0000000100000000, 0x0000000100000000)
 Metaspace       used 21379K, capacity 21804K, committed 22012K, reserved 1069056K
  class space    used 2466K, capacity 2637K, committed 2736K, reserved 1048576K
2017-05-20T04:12:06.356+0200: 2,990: [GC (Allocation Failure) 2017-05-20T04:12:06.356+0200: 2,990: [ParNew
Desired survivor size 20112992 bytes, new threshold 8 (max 8)
- age   1:     477336 bytes,     477336 total
- age   3:     184080 bytes,     661416 total
- age   4:    1447640 bytes,    2109056 total
- age   5:     808688 bytes,    2917744 total
- age   6:    6687976 bytes,    9605720 total
: 104233K->12420K(109248K), 0,0094076 secs] 104233K->12420K(502464K), 0,0095023 secs] [Times: user=0,03 sys=0,00, real=0,01 secs] 
Heap after GC invocations=6 (full 1):
 par new generation   total 109248K, used 12420K [0x00000000e0000000, 0x00000000e8000000, 0x00000000e8000000)
  eden space 87424K,   0% used [0x00000000e0000000, 0x00000000e0000000, 0x00000000e5560000)
  from space 21824K,  56% used [0x00000000e5560000, 0x00000000e61811d8, 0x00000000e6ab0000)
  to   space 21824K,   0% used [0x00000000e6ab0000, 0x00000000e6ab0000, 0x00000000e8000000)
 concurrent mark-sweep generation total 393216K, used 0K [0x00000000e8000000, 0x0000000100000000, 0x0000000100000000)
 Metaspace       used 21379K, capacity 21804K, committed 22012K, reserved 1069056K
  class space    used 2466K, capacity 2637K, committed 2736K, reserved 1048576K
}
2017-05-20T04:12:06.366+0200: 3,000: Total time for which application threads were stopped: 0,0097263 seconds, Stopping threads took: 0,0000791 seconds
2017-05-20T04:12:06.399+0200: 3,033: Total time for which application threads were stopped: 0,0003944 seconds, Stopping threads took: 0,0000483 seconds
2017-05-20T04:12:06.655+0200: 3,289: Total time for which application threads were stopped: 0,0001729 seconds, Stopping threads took: 0,0000518 seconds
2017-05-20T04:12:06.673+0200: 3,307: Total time for which application threads were stopped: 0,0003956 seconds, Stopping threads took: 0,0000461 seconds
2017-05-20T04:12:06.689+0200: 3,323: Total time for which application threads were stopped: 0,0003718 seconds, Stopping threads took: 0,0000369 seconds
{Heap before GC invocations=6 (full 1):
 par new generation   total 109248K, used 99844K [0x00000000e0000000, 0x00000000e8000000, 0x00000000e8000000)
  eden space 87424K, 100% used [0x00000000e0000000, 0x00000000e5560000, 0x00000000e5560000)
  from space 21824K,  56% used [0x00000000e5560000, 0x00000000e61811d8, 0x00000000e6ab0000)
  to   space 21824K,   0% used [0x00000000e6ab0000, 0x00000000e6ab0000, 0x00000000e8000000)
 concurrent mark-sweep generation total 393216K, used 0K [0x00000000e8000000, 0x0000000100000000, 0x0000000100000000)
 Metaspace       used 23906K, capacity 24336K, committed 24624K, reserved 1071104K
  class space    used 2817K, capacity 3011K, committed 3120K, reserved 1048576K
2017-05-20T04:12:06.822+0200: 3,456: [GC (Allocation Failure) 2017-05-20T04:12:06.822+0200: 3,456: [ParNew
Desired survivor size 20112992 bytes, new threshold 8 (max 8)
- age   1:    5148512 bytes,    5148512 total
- age   2:     140488 bytes,    5289000 total
- age   4:     182944 bytes,    5471944 total
- age   5:     278064 bytes,    5750008 total
- age   6:     784536 bytes,    6534544 total
- age   7:    6679408 bytes,   13213952 total
: 99844K->16263K(109248K), 0,0140541 secs] 99844K->16263K(502464K), 0,0141417 secs] [Times: user=0,05 sys=0,01, real=0,02 secs] 
Heap after GC invocations=7 (full 1):
 par new generation   total 109248K, used 16263K [0x00000000e0000000, 0x00000000e8000000, 0x00000000e8000000)
  eden space 87424K,   0% used [0x00000000e0000000, 0x00000000e0000000, 0x00000000e5560000)
  from space 21824K,  74% used [0x00000000e6ab0000, 0x00000000e7a91ef0, 0x00000000e8000000)
  to   space 21824K,   0% used [0x00000000e5560000, 0x00000000e5560000, 0x00000000e6ab0000)
 concurrent mark-sweep generation total 393216K, used 0K [0x00000000e8000000, 0x0000000100000000, 0x0000000100000000)
 Metaspace       used 23906K, capacity 24336K, committed 24624K, reserved 1071104K
  class space    used 2817K, capacity 3011K, committed 3120K, reserved 1048576K
}
2017-05-20T04:12:06.836+0200: 3,471: Total time for which application threads were stopped: 0,0143758 seconds, Stopping threads took: 0,0000300 seconds
{Heap before GC invocations=7 (full 1):
 par new generation   total 109248K, used 103687K [0x00000000e0000000, 0x00000000e8000000, 0x00000000e8000000)
  eden space 87424K, 100% used [0x00000000e0000000, 0x00000000e5560000, 0x00000000e5560000)
  from space 21824K,  74% used [0x00000000e6ab0000, 0x00000000e7a91ef0, 0x00000000e8000000)
  to   space 21824K,   0% used [0x00000000e5560000, 0x00000000e5560000, 0x00000000e6ab0000)
 concurrent mark-sweep generation total 393216K, used 0K [0x00000000e8000000, 0x0000000100000000, 0x0000000100000000)
 Metaspace       used 24400K, capacity 24902K, committed 25136K, reserved 1071104K
  class space    used 2858K, capacity 3047K, committed 3120K, reserved 1048576K
2017-05-20T04:12:06.936+0200: 3,570: [GC (Allocation Failure) 2017-05-20T04:12:06.936+0200: 3,570: [ParNew
Desired survivor size 20112992 bytes, new threshold 8 (max 8)
- age   1:    1789864 bytes,    1789864 total
- age   2:    1788248 bytes,    3578112 total
- age   3:      70024 bytes,    3648136 total
- age   5:     102920 bytes,    3751056 total
- age   6:     189480 bytes,    3940536 total
- age   7:     734016 bytes,    4674552 total
- age   8:    6146336 bytes,   10820888 total
: 103687K->18969K(109248K), 0,0150592 secs] 103687K->18969K(502464K), 0,0151351 secs] [Times: user=0,06 sys=0,00, real=0,01 secs] 
Heap after GC invocations=8 (full 1):
 par new generation   total 109248K, used 18969K [0x00000000e0000000, 0x00000000e8000000, 0x00000000e8000000)
  eden space 87424K,   0% used [0x00000000e0000000, 0x00000000e0000000, 0x00000000e5560000)
  from space 21824K,  86% used [0x00000000e5560000, 0x00000000e67e6758, 0x00000000e6ab0000)
  to   space 21824K,   0% used [0x00000000e6ab0000, 0x00000000e6ab0000, 0x00000000e8000000)
 concurrent mark-sweep generation total 393216K, used 0K [0x00000000e8000000, 0x0000000100000000, 0x0000000100000000)
 Metaspace       used 24400K, capacity 24902K, committed 25136K, reserved 1071104K
  class space    used 2858K, capacity 3047K, committed 3120K, reserved 1048576K
}
2017-05-20T04:12:06.951+0200: 3,585: Total time for which application threads were stopped: 0,0153626 seconds, Stopping threads took: 0,0000523 seconds
2017-05-20T04:12:07.047+0200: 3,681: Total time for which application threads were stopped: 0,0001811 seconds, Stopping threads took: 0,0001038 seconds
{Heap before GC invocations=8 (full 1):
 par new generation   total 109248K, used 106425K [0x00000000e0000000, 0x00000000e8000000, 0x00000000e8000000)
  eden space 87424K, 100% used [0x00000000e0000000, 0x00000000e5560000, 0x00000000e5560000)
  from space 21824K,  87% used [0x00000000e5560000, 0x00000000e67ee768, 0x00000000e6ab0000)
  to   space 21824K,   0% used [0x00000000e6ab0000, 0x00000000e6ab0000, 0x00000000e8000000)
 concurrent mark-sweep generation total 393216K, used 0K [0x00000000e8000000, 0x0000000100000000, 0x0000000100000000)
 Metaspace       used 24659K, capacity 25136K, committed 25392K, reserved 1071104K
  class space    used 2879K, capacity 3081K, committed 3120K, reserved 1048576K
2017-05-20T04:12:07.048+0200: 3,682: [GC (Allocation Failure) 2017-05-20T04:12:07.048+0200: 3,682: [ParNew
Desired survivor size 20112992 bytes, new threshold 8 (max 8)
- age   1:     732512 bytes,     732512 total
- age   2:     605576 bytes,    1338088 total
- age   3:    1763712 bytes,    3101800 total
- age   4:      69992 bytes,    3171792 total
- age   6:     102856 bytes,    3274648 total
- age   7:     186624 bytes,    3461272 total
- age   8:     733248 bytes,    4194520 total
: 106425K->6689K(109248K), 0,0355373 secs] 106425K->12775K(502464K), 0,0356003 secs] [Times: user=0,09 sys=0,01, real=0,04 secs] 
Heap after GC invocations=9 (full 1):
 par new generation   total 109248K, used 6689K [0x00000000e0000000, 0x00000000e8000000, 0x00000000e8000000)
  eden space 87424K,   0% used [0x00000000e0000000, 0x00000000e0000000, 0x00000000e5560000)
  from space 21824K,  30% used [0x00000000e6ab0000, 0x00000000e71386e8, 0x00000000e8000000)
  to   space 21824K,   0% used [0x00000000e5560000, 0x00000000e5560000, 0x00000000e6ab0000)
 concurrent mark-sweep generation total 393216K, used 6085K [0x00000000e8000000, 0x0000000100000000, 0x0000000100000000)
 Metaspace       used 24659K, capacity 25136K, committed 25392K, reserved 1071104K
  class space    used 2879K, capacity 3081K, committed 3120K, reserved 1048576K
}
2017-05-20T04:12:07.084+0200: 3,718: Total time for which application threads were stopped: 0,0357817 seconds, Stopping threads took: 0,0000543 seconds
{Heap before GC invocations=9 (full 1):
 par new generation   total 109248K, used 17335K [0x00000000e0000000, 0x00000000e8000000, 0x00000000e8000000)
  eden space 87424K,  12% used [0x00000000e0000000, 0x00000000e0a65808, 0x00000000e5560000)
  from space 21824K,  30% used [0x00000000e6ab0000, 0x00000000e71386e8, 0x00000000e8000000)
  to   space 21824K,   0% used [0x00000000e5560000, 0x00000000e5560000, 0x00000000e6ab0000)
 concurrent mark-sweep generation total 393216K, used 6085K [0x00000000e8000000, 0x0000000100000000, 0x0000000100000000)
 Metaspace       used 24664K, capacity 25136K, committed 25392K, reserved 1071104K
  class space    used 2879K, capacity 3081K, committed 3120K, reserved 1048576K
2017-05-20T04:12:07.099+0200: 3,733: [GC (GCLocker Initiated GC) 2017-05-20T04:12:07.099+0200: 3,733: [ParNew
Desired survivor size 20112992 bytes, new threshold 8 (max 8)
- age   1:     538664 bytes,     538664 total
- age   2:     648056 bytes,    1186720 total
- age   3:     605576 bytes,    1792296 total
- age   4:    1763952 bytes,    3556248 total
- age   5:      69992 bytes,    3626240 total
- age   7:     102856 bytes,    3729096 total
- age   8:     186624 bytes,    3915720 total
: 17335K->5314K(109248K), 0,0079095 secs] 23421K->12128K(502464K), 0,0079800 secs] [Times: user=0,02 sys=0,00, real=0,01 secs] 
Heap after GC invocations=10 (full 1):
 par new generation   total 109248K, used 5314K [0x00000000e0000000, 0x00000000e8000000, 0x00000000e8000000)
  eden space 87424K,   0% used [0x00000000e0000000, 0x00000000e0000000, 0x00000000e5560000)
  from space 21824K,  24% used [0x00000000e5560000, 0x00000000e5a90a00, 0x00000000e6ab0000)
  to   space 21824K,   0% used [0x00000000e6ab0000, 0x00000000e6ab0000, 0x00000000e8000000)
 concurrent mark-sweep generation total 393216K, used 6814K [0x00000000e8000000, 0x0000000100000000, 0x0000000100000000)
 Metaspace       used 24664K, capacity 25136K, committed 25392K, reserved 1071104K
  class space    used 2879K, capacity 3081K, committed 3120K, reserved 1048576K
}
2017-05-20T04:12:07.107+0200: 3,741: Total time for which application threads were stopped: 0,0085710 seconds, Stopping threads took: 0,0004643 seconds
2017-05-20T04:12:07.297+0200: 3,932: Total time for which application threads were stopped: 0,0004487 seconds, Stopping threads took: 0,0000533 seconds
2017-05-20T04:12:07.376+0200: 4,010: Total time for which application threads were stopped: 0,0005051 seconds, Stopping threads took: 0,0000405 seconds
2017-05-20T04:12:07.397+0200: 4,032: Total time for which application threads were stopped: 0,0005090 seconds, Stopping threads took: 0,0000301 seconds
2017-05-20T04:12:07.422+0200: 4,057: Total time for which application threads were stopped: 0,0048500 seconds, Stopping threads took: 0,0045658 seconds
2017-05-20T04:12:07.468+0200: 4,102: Total time for which application threads were stopped: 0,0005693 seconds, Stopping threads took: 0,0000412 seconds
2017-05-20T04:12:07.469+0200: 4,103: Total time for which application threads were stopped: 0,0001022 seconds, Stopping threads took: 0,0000410 seconds
2017-05-20T04:12:07.470+0200: 4,104: Total time for which application threads were stopped: 0,0001133 seconds, Stopping threads took: 0,0000404 seconds
2017-05-20T04:12:07.470+0200: 4,104: Total time for which application threads were stopped: 0,0001425 seconds, Stopping threads took: 0,0000293 seconds
2017-05-20T04:12:07.470+0200: 4,105: Total time for which application threads were stopped: 0,0000850 seconds, Stopping threads took: 0,0000268 seconds
2017-05-20T04:12:07.471+0200: 4,106: Total time for which application threads were stopped: 0,0001194 seconds, Stopping threads took: 0,0000507 seconds
2017-05-20T04:12:07.480+0200: 4,114: Total time for which application threads were stopped: 0,0001082 seconds, Stopping threads took: 0,0000355 seconds
2017-05-20T04:12:07.482+0200: 4,116: Total time for which application threads were stopped: 0,0018796 seconds, Stopping threads took: 0,0018073 seconds
2017-05-20T04:12:07.490+0200: 4,124: Total time for which application threads were stopped: 0,0001421 seconds, Stopping threads took: 0,0000514 seconds
2017-05-20T04:12:07.491+0200: 4,125: Total time for which application threads were stopped: 0,0000972 seconds, Stopping threads took: 0,0000402 seconds
2017-05-20T04:12:07.492+0200: 4,126: Total time for which application threads were stopped: 0,0000969 seconds, Stopping threads took: 0,0000362 seconds
2017-05-20T04:12:07.492+0200: 4,126: Total time for which application threads were stopped: 0,0001083 seconds, Stopping threads took: 0,0000307 seconds
2017-05-20T04:12:07.494+0200: 4,128: Total time for which application threads were stopped: 0,0001194 seconds, Stopping threads took: 0,0000325 seconds
2017-05-20T04:12:07.494+0200: 4,128: Total time for which application threads were stopped: 0,0000856 seconds, Stopping threads took: 0,0000240 seconds
2017-05-20T04:12:07.494+0200: 4,128: Total time for which application threads were stopped: 0,0001072 seconds, Stopping threads took: 0,0000252 seconds
2017-05-20T04:12:07.494+0200: 4,128: Total time for which application threads were stopped: 0,0000707 seconds, Stopping threads took: 0,0000201 seconds
2017-05-20T04:12:07.494+0200: 4,129: Total time for which application threads were stopped: 0,0000590 seconds, Stopping threads took: 0,0000199 seconds
2017-05-20T04:12:07.495+0200: 4,129: Total time for which application threads were stopped: 0,0000676 seconds, Stopping threads took: 0,0000216 seconds
2017-05-20T04:12:07.495+0200: 4,129: Total time for which application threads were stopped: 0,0000682 seconds, Stopping threads took: 0,0000175 seconds
2017-05-20T04:12:07.495+0200: 4,129: Total time for which application threads were stopped: 0,0000546 seconds, Stopping threads took: 0,0000168 seconds
2017-05-20T04:12:07.495+0200: 4,129: Total time for which application threads were stopped: 0,0000540 seconds, Stopping threads took: 0,0000182 seconds
2017-05-20T04:12:07.495+0200: 4,129: Total time for which application threads were stopped: 0,0000527 seconds, Stopping threads took: 0,0000190 seconds
2017-05-20T04:12:07.495+0200: 4,130: Total time for which application threads were stopped: 0,0000603 seconds, Stopping threads took: 0,0000185 seconds
2017-05-20T04:12:07.496+0200: 4,130: Total time for which application threads were stopped: 0,0001277 seconds, Stopping threads took: 0,0000151 seconds
2017-05-20T04:12:07.499+0200: 4,133: Total time for which application threads were stopped: 0,0002352 seconds, Stopping threads took: 0,0001488 seconds
2017-05-20T04:12:07.499+0200: 4,133: Total time for which application threads were stopped: 0,0000776 seconds, Stopping threads took: 0,0000246 seconds
2017-05-20T04:12:07.499+0200: 4,133: Total time for which application threads were stopped: 0,0002026 seconds, Stopping threads took: 0,0001605 seconds
2017-05-20T04:12:07.499+0200: 4,133: Total time for which application threads were stopped: 0,0000683 seconds, Stopping threads took: 0,0000166 seconds
2017-05-20T04:12:07.499+0200: 4,133: Total time for which application threads were stopped: 0,0000729 seconds, Stopping threads took: 0,0000327 seconds
2017-05-20T04:12:07.500+0200: 4,134: Total time for which application threads were stopped: 0,0000677 seconds, Stopping threads took: 0,0000193 seconds
2017-05-20T04:12:07.500+0200: 4,134: Total time for which application threads were stopped: 0,0000477 seconds, Stopping threads took: 0,0000090 seconds
2017-05-20T04:12:07.503+0200: 4,137: Total time for which application threads were stopped: 0,0001884 seconds, Stopping threads took: 0,0001108 seconds
2017-05-20T04:12:07.503+0200: 4,137: Total time for which application threads were stopped: 0,0001101 seconds, Stopping threads took: 0,0000611 seconds
2017-05-20T04:12:07.511+0200: 4,146: Total time for which application threads were stopped: 0,0001094 seconds, Stopping threads took: 0,0000271 seconds
2017-05-20T04:12:07.512+0200: 4,146: Total time for which application threads were stopped: 0,0000861 seconds, Stopping threads took: 0,0000239 seconds
2017-05-20T04:12:07.512+0200: 4,146: Total time for which application threads were stopped: 0,0000506 seconds, Stopping threads took: 0,0000093 seconds
2017-05-20T04:12:07.512+0200: 4,146: Total time for which application threads were stopped: 0,0000622 seconds, Stopping threads took: 0,0000124 seconds
2017-05-20T04:12:07.512+0200: 4,146: Total time for which application threads were stopped: 0,0000494 seconds, Stopping threads took: 0,0000096 seconds
2017-05-20T04:12:07.512+0200: 4,146: Total time for which application threads were stopped: 0,0000503 seconds, Stopping threads took: 0,0000093 seconds
2017-05-20T04:12:07.512+0200: 4,147: Total time for which application threads were stopped: 0,0000959 seconds, Stopping threads took: 0,0000390 seconds
2017-05-20T04:12:07.512+0200: 4,147: Total time for which application threads were stopped: 0,0000561 seconds, Stopping threads took: 0,0000182 seconds
2017-05-20T04:12:07.513+0200: 4,147: Total time for which application threads were stopped: 0,0000533 seconds, Stopping threads took: 0,0000202 seconds
2017-05-20T04:12:07.513+0200: 4,147: Total time for which application threads were stopped: 0,0000418 seconds, Stopping threads took: 0,0000168 seconds
2017-05-20T04:12:07.513+0200: 4,147: Total time for which application threads were stopped: 0,0001154 seconds, Stopping threads took: 0,0000149 seconds
2017-05-20T04:12:07.516+0200: 4,150: Total time for which application threads were stopped: 0,0001223 seconds, Stopping threads took: 0,0000341 seconds
2017-05-20T04:12:07.516+0200: 4,150: Total time for which application threads were stopped: 0,0001188 seconds, Stopping threads took: 0,0000262 seconds
2017-05-20T04:12:07.517+0200: 4,151: Total time for which application threads were stopped: 0,0001042 seconds, Stopping threads took: 0,0000412 seconds
2017-05-20T04:12:07.549+0200: 4,183: Total time for which application threads were stopped: 0,0001692 seconds, Stopping threads took: 0,0000827 seconds
2017-05-20T04:12:07.556+0200: 4,190: Total time for which application threads were stopped: 0,0001200 seconds, Stopping threads took: 0,0000447 seconds
2017-05-20T04:12:07.597+0200: 4,232: Total time for which application threads were stopped: 0,0001221 seconds, Stopping threads took: 0,0000452 seconds
2017-05-20T04:12:07.598+0200: 4,232: Total time for which application threads were stopped: 0,0003786 seconds, Stopping threads took: 0,0000279 seconds
2017-05-20T04:12:07.599+0200: 4,233: Total time for which application threads were stopped: 0,0000680 seconds, Stopping threads took: 0,0000186 seconds
2017-05-20T04:12:07.603+0200: 4,237: Total time for which application threads were stopped: 0,0001021 seconds, Stopping threads took: 0,0000294 seconds
2017-05-20T04:12:08.603+0200: 5,238: Total time for which application threads were stopped: 0,0000957 seconds, Stopping threads took: 0,0000174 seconds
2017-05-20T04:12:09.604+0200: 6,238: Total time for which application threads were stopped: 0,0000645 seconds, Stopping threads took: 0,0000181 seconds
2017-05-20T04:12:25.605+0200: 22,239: Total time for which application threads were stopped: 0,0001752 seconds, Stopping threads took: 0,0000393 seconds
2017-05-20T04:12:35.608+0200: 32,242: Total time for which application threads were stopped: 0,0000668 seconds, Stopping threads took: 0,0000167 seconds
2017-05-20T04:13:30.618+0200: 87,252: Total time for which application threads were stopped: 0,0000612 seconds, Stopping threads took: 0,0000184 seconds
2017-05-20T04:14:05.622+0200: 122,257: Total time for which application threads were stopped: 0,0001421 seconds, Stopping threads took: 0,0000609 seconds
2017-05-20T04:16:40.643+0200: 277,277: Total time for which application threads were stopped: 0,0000888 seconds, Stopping threads took: 0,0000354 seconds
2017-05-20T04:35:29.770+0200: 1406,404: Total time for which application threads were stopped: 0,0000808 seconds, Stopping threads took: 0,0000306 seconds
2017-05-20T04:39:09.793+0200: 1626,427: Total time for which application threads were stopped: 0,0000775 seconds, Stopping threads took: 0,0000317 seconds
2017-05-20T04:39:14.794+0200: 1631,429: Total time for which application threads were stopped: 0,0008012 seconds, Stopping threads took: 0,0001851 seconds
2017-05-20T04:50:24.861+0200: 2301,496: Total time for which application threads were stopped: 0,0003947 seconds, Stopping threads took: 0,0001292 seconds
2017-05-20T04:50:25.862+0200: 2302,496: Total time for which application threads were stopped: 0,0000849 seconds, Stopping threads took: 0,0000188 seconds
2017-05-20T04:52:04.872+0200: 2401,506: Total time for which application threads were stopped: 0,0000838 seconds, Stopping threads took: 0,0000298 seconds
2017-05-20T05:05:20.954+0200: 3197,588: Total time for which application threads were stopped: 0,0000739 seconds, Stopping threads took: 0,0000286 seconds
2017-05-20T05:17:40.027+0200: 3936,661: Total time for which application threads were stopped: 0,0000851 seconds, Stopping threads took: 0,0000332 seconds
{Heap before GC invocations=10 (full 1):
 par new generation   total 109248K, used 92738K [0x00000000e0000000, 0x00000000e8000000, 0x00000000e8000000)
  eden space 87424K, 100% used [0x00000000e0000000, 0x00000000e5560000, 0x00000000e5560000)
  from space 21824K,  24% used [0x00000000e5560000, 0x00000000e5a90a00, 0x00000000e6ab0000)
  to   space 21824K,   0% used [0x00000000e6ab0000, 0x00000000e6ab0000, 0x00000000e8000000)
 concurrent mark-sweep generation total 393216K, used 6814K [0x00000000e8000000, 0x0000000100000000, 0x0000000100000000)
 Metaspace       used 28091K, capacity 28556K, committed 28848K, reserved 1075200K
  class space    used 3217K, capacity 3387K, committed 3504K, reserved 1048576K
2017-05-20T05:22:13.017+0200: 4209,651: [GC (Allocation Failure) 2017-05-20T05:22:13.017+0200: 4209,651: [ParNew
Desired survivor size 20112992 bytes, new threshold 8 (max 8)
- age   1:   10831040 bytes,   10831040 total
- age   2:      50096 bytes,   10881136 total
- age   3:     443008 bytes,   11324144 total
- age   4:     215120 bytes,   11539264 total
- age   5:    1758216 bytes,   13297480 total
- age   6:      69960 bytes,   13367440 total
- age   8:     100152 bytes,   13467592 total
: 92738K->14136K(109248K), 0,0635059 secs] 99552K->21156K(502464K), 0,0635801 secs] [Times: user=0,05 sys=0,00, real=0,06 secs] 
Heap after GC invocations=11 (full 1):
 par new generation   total 109248K, used 14136K [0x00000000e0000000, 0x00000000e8000000, 0x00000000e8000000)
  eden space 87424K,   0% used [0x00000000e0000000, 0x00000000e0000000, 0x00000000e5560000)
  from space 21824K,  64% used [0x00000000e6ab0000, 0x00000000e787e188, 0x00000000e8000000)
  to   space 21824K,   0% used [0x00000000e5560000, 0x00000000e5560000, 0x00000000e6ab0000)
 concurrent mark-sweep generation total 393216K, used 7019K [0x00000000e8000000, 0x0000000100000000, 0x0000000100000000)
 Metaspace       used 28091K, capacity 28556K, committed 28848K, reserved 1075200K
  class space    used 3217K, capacity 3387K, committed 3504K, reserved 1048576K
}
2017-05-20T05:22:13.081+0200: 4209,715: Total time for which application threads were stopped: 0,0638167 seconds, Stopping threads took: 0,0000305 seconds
2017-05-20T05:22:13.086+0200: 4209,721: Total time for which application threads were stopped: 0,0036105 seconds, Stopping threads took: 0,0035257 seconds
2017-05-20T05:22:13.089+0200: 4209,723: Total time for which application threads were stopped: 0,0025987 seconds, Stopping threads took: 0,0025320 seconds
2017-05-20T05:22:13.102+0200: 4209,736: Total time for which application threads were stopped: 0,0000932 seconds, Stopping threads took: 0,0000221 seconds
2017-05-20T05:22:13.112+0200: 4209,747: Total time for which application threads were stopped: 0,0009622 seconds, Stopping threads took: 0,0008921 seconds
2017-05-20T05:22:13.112+0200: 4209,747: Total time for which application threads were stopped: 0,0000526 seconds, Stopping threads took: 0,0000196 seconds
2017-05-20T05:22:13.114+0200: 4209,748: Total time for which application threads were stopped: 0,0001903 seconds, Stopping threads took: 0,0001265 seconds
2017-05-20T05:22:13.115+0200: 4209,749: Total time for which application threads were stopped: 0,0001163 seconds, Stopping threads took: 0,0000659 seconds
2017-05-20T05:22:13.115+0200: 4209,749: Total time for which application threads were stopped: 0,0000445 seconds, Stopping threads took: 0,0000184 seconds
2017-05-20T05:22:13.115+0200: 4209,749: Total time for which application threads were stopped: 0,0000411 seconds, Stopping threads took: 0,0000154 seconds
2017-05-20T05:22:13.115+0200: 4209,749: Total time for which application threads were stopped: 0,0000355 seconds, Stopping threads took: 0,0000138 seconds
2017-05-20T05:22:13.115+0200: 4209,749: Total time for which application threads were stopped: 0,0000403 seconds, Stopping threads took: 0,0000161 seconds
2017-05-20T05:22:13.118+0200: 4209,753: Total time for which application threads were stopped: 0,0029129 seconds, Stopping threads took: 0,0028586 seconds
2017-05-20T05:22:13.118+0200: 4209,753: Total time for which application threads were stopped: 0,0000441 seconds, Stopping threads took: 0,0000210 seconds
2017-05-20T05:22:13.119+0200: 4209,753: Total time for which application threads were stopped: 0,0002693 seconds, Stopping threads took: 0,0002415 seconds
2017-05-20T05:22:13.123+0200: 4209,757: Total time for which application threads were stopped: 0,0002101 seconds, Stopping threads took: 0,0001513 seconds
2017-05-20T05:22:13.125+0200: 4209,759: Total time for which application threads were stopped: 0,0000853 seconds, Stopping threads took: 0,0000255 seconds
2017-05-20T05:22:13.125+0200: 4209,759: Total time for which application threads were stopped: 0,0000516 seconds, Stopping threads took: 0,0000126 seconds
2017-05-20T05:22:13.125+0200: 4209,759: Total time for which application threads were stopped: 0,0000229 seconds, Stopping threads took: 0,0000045 seconds
2017-05-20T05:22:13.125+0200: 4209,760: Total time for which application threads were stopped: 0,0000696 seconds, Stopping threads took: 0,0000249 seconds
2017-05-20T05:22:13.126+0200: 4209,760: Total time for which application threads were stopped: 0,0000488 seconds, Stopping threads took: 0,0000153 seconds
2017-05-20T05:22:13.126+0200: 4209,760: Total time for which application threads were stopped: 0,0000436 seconds, Stopping threads took: 0,0000140 seconds
2017-05-20T05:22:13.126+0200: 4209,760: Total time for which application threads were stopped: 0,0000489 seconds, Stopping threads took: 0,0000223 seconds
2017-05-20T05:22:13.128+0200: 4209,762: Total time for which application threads were stopped: 0,0000910 seconds, Stopping threads took: 0,0000334 seconds
2017-05-20T05:22:13.129+0200: 4209,763: Total time for which application threads were stopped: 0,0008791 seconds, Stopping threads took: 0,0008415 seconds
2017-05-20T05:22:13.129+0200: 4209,763: Total time for which application threads were stopped: 0,0000466 seconds, Stopping threads took: 0,0000135 seconds
2017-05-20T05:22:13.129+0200: 4209,763: Total time for which application threads were stopped: 0,0000415 seconds, Stopping threads took: 0,0000121 seconds
2017-05-20T05:22:13.129+0200: 4209,763: Total time for which application threads were stopped: 0,0000256 seconds, Stopping threads took: 0,0000078 seconds
2017-05-20T05:22:13.130+0200: 4209,764: Total time for which application threads were stopped: 0,0000547 seconds, Stopping threads took: 0,0000158 seconds
2017-05-20T05:22:13.130+0200: 4209,764: Total time for which application threads were stopped: 0,0001145 seconds, Stopping threads took: 0,0000183 seconds
2017-05-20T05:22:13.131+0200: 4209,765: Total time for which application threads were stopped: 0,0000978 seconds, Stopping threads took: 0,0000343 seconds
2017-05-20T05:22:13.135+0200: 4209,770: Total time for which application threads were stopped: 0,0000819 seconds, Stopping threads took: 0,0000276 seconds
2017-05-20T05:22:13.143+0200: 4209,777: Total time for which application threads were stopped: 0,0001049 seconds, Stopping threads took: 0,0000310 seconds
Heap
 par new generation   total 109248K, used 19349K [0x00000000e0000000, 0x00000000e8000000, 0x00000000e8000000)
  eden space 87424K,   5% used [0x00000000e0000000, 0x00000000e0517578, 0x00000000e5560000)
  from space 21824K,  64% used [0x00000000e6ab0000, 0x00000000e787e188, 0x00000000e8000000)
  to   space 21824K,   0% used [0x00000000e5560000, 0x00000000e5560000, 0x00000000e6ab0000)
 concurrent mark-sweep generation total 393216K, used 7019K [0x00000000e8000000, 0x0000000100000000, 0x0000000100000000)
 Metaspace       used 28160K, capacity 28728K, committed 29104K, reserved 1075200K
  class space    used 3226K, capacity 3421K, committed 3504K, reserved 1048576K
