OpenJDK 64-Bit Server VM (25.111-b14) for linux-amd64 JRE (1.8.0_111-8u111-b14-2ubuntu0.16.04.2-b14), built on Oct 27 2016 18:10:19 by "buildd" with gcc 5.4.0 20160609
Memory: 4k page, physical 7867848k(7387772k free), swap 8076284k(8076284k free)
CommandLine flags: -XX:CMSInitiatingOccupancyFraction=50 -XX:CMSMaxAbortablePrecleanTime=6000 -XX:+CMSParallelRemarkEnabled -XX:+CMSScavengeBeforeRemark -XX:ConcGCThreads=4 -XX:InitialHeapSize=536870912 -XX:MaxHeapSize=536870912 -XX:MaxTenuringThreshold=8 -XX:NewRatio=3 -XX:OldPLABSize=16 -XX:OnOutOfMemoryError=/opt/solr/bin/oom_solr.sh 8983 /var/solr/logs -XX:ParallelGCThreads=4 -XX:+ParallelRefProcEnabled -XX:PretenureSizeThreshold=67108864 -XX:+PrintGC -XX:+PrintGCApplicationStoppedTime -XX:+PrintGCDateStamps -XX:+PrintGCDetails -XX:+PrintGCTimeStamps -XX:+PrintHeapAtGC -XX:+PrintTenuringDistribution -XX:SurvivorRatio=4 -XX:TargetSurvivorRatio=90 -XX:ThreadStackSize=256 -XX:+UseCMSInitiatingOccupancyOnly -XX:+UseCompressedClassPointers -XX:+UseCompressedOops -XX:+UseConcMarkSweepGC -XX:+UseParNewGC 
2016-11-29T10:29:03.892+0100: 0,164: Total time for which application threads were stopped: 0,0006074 seconds, Stopping threads took: 0,0000209 seconds
2016-11-29T10:29:04.027+0100: 0,299: Total time for which application threads were stopped: 0,0001158 seconds, Stopping threads took: 0,0000158 seconds
2016-11-29T10:29:04.042+0100: 0,314: Total time for which application threads were stopped: 0,0000716 seconds, Stopping threads took: 0,0000117 seconds
2016-11-29T10:29:04.242+0100: 0,514: Total time for which application threads were stopped: 0,0001814 seconds, Stopping threads took: 0,0000161 seconds
2016-11-29T10:29:04.710+0100: 0,982: Total time for which application threads were stopped: 0,0001233 seconds, Stopping threads took: 0,0000142 seconds
2016-11-29T10:29:04.766+0100: 1,038: Total time for which application threads were stopped: 0,0001646 seconds, Stopping threads took: 0,0000180 seconds
2016-11-29T10:29:04.783+0100: 1,055: Total time for which application threads were stopped: 0,0001613 seconds, Stopping threads took: 0,0000228 seconds
2016-11-29T10:29:05.048+0100: 1,320: Total time for which application threads were stopped: 0,0002465 seconds, Stopping threads took: 0,0000707 seconds
2016-11-29T10:29:05.264+0100: 1,536: Total time for which application threads were stopped: 0,0002978 seconds, Stopping threads took: 0,0000180 seconds
2016-11-29T10:29:05.291+0100: 1,563: Total time for which application threads were stopped: 0,0001882 seconds, Stopping threads took: 0,0000264 seconds
2016-11-29T10:29:05.292+0100: 1,563: Total time for which application threads were stopped: 0,0001331 seconds, Stopping threads took: 0,0000291 seconds
2016-11-29T10:29:05.306+0100: 1,577: Total time for which application threads were stopped: 0,0001872 seconds, Stopping threads took: 0,0000191 seconds
2016-11-29T10:29:05.405+0100: 1,677: Total time for which application threads were stopped: 0,0002633 seconds, Stopping threads took: 0,0000203 seconds
2016-11-29T10:29:05.599+0100: 1,871: Total time for which application threads were stopped: 0,0003496 seconds, Stopping threads took: 0,0001230 seconds
{Heap before GC invocations=0 (full 0):
 par new generation   total 109248K, used 87424K [0x00000000e0000000, 0x00000000e8000000, 0x00000000e8000000)
  eden space 87424K, 100% used [0x00000000e0000000, 0x00000000e5560000, 0x00000000e5560000)
  from space 21824K,   0% used [0x00000000e5560000, 0x00000000e5560000, 0x00000000e6ab0000)
  to   space 21824K,   0% used [0x00000000e6ab0000, 0x00000000e6ab0000, 0x00000000e8000000)
 concurrent mark-sweep generation total 393216K, used 0K [0x00000000e8000000, 0x0000000100000000, 0x0000000100000000)
 Metaspace       used 18357K, capacity 18650K, committed 18944K, reserved 1067008K
  class space    used 2089K, capacity 2194K, committed 2304K, reserved 1048576K
2016-11-29T10:29:05.752+0100: 2,024: [GC (Allocation Failure) 2016-11-29T10:29:05.752+0100: 2,024: [ParNew
Desired survivor size 20112992 bytes, new threshold 8 (max 8)
- age   1:   12570704 bytes,   12570704 total
: 87424K->12402K(109248K), 0,0157451 secs] 87424K->12402K(502464K), 0,0158339 secs] [Times: user=0,03 sys=0,03, real=0,02 secs] 
Heap after GC invocations=1 (full 0):
 par new generation   total 109248K, used 12402K [0x00000000e0000000, 0x00000000e8000000, 0x00000000e8000000)
  eden space 87424K,   0% used [0x00000000e0000000, 0x00000000e0000000, 0x00000000e5560000)
  from space 21824K,  56% used [0x00000000e6ab0000, 0x00000000e76ccb98, 0x00000000e8000000)
  to   space 21824K,   0% used [0x00000000e5560000, 0x00000000e5560000, 0x00000000e6ab0000)
 concurrent mark-sweep generation total 393216K, used 0K [0x00000000e8000000, 0x0000000100000000, 0x0000000100000000)
 Metaspace       used 18357K, capacity 18650K, committed 18944K, reserved 1067008K
  class space    used 2089K, capacity 2194K, committed 2304K, reserved 1048576K
}
2016-11-29T10:29:05.768+0100: 2,040: Total time for which application threads were stopped: 0,0160083 seconds, Stopping threads took: 0,0000255 seconds
2016-11-29T10:29:05.928+0100: 2,200: Total time for which application threads were stopped: 0,0003112 seconds, Stopping threads took: 0,0000358 seconds
2016-11-29T10:29:05.959+0100: 2,231: Total time for which application threads were stopped: 0,0003738 seconds, Stopping threads took: 0,0000420 seconds
2016-11-29T10:29:05.987+0100: 2,259: Total time for which application threads were stopped: 0,0003784 seconds, Stopping threads took: 0,0000562 seconds
{Heap before GC invocations=1 (full 0):
 par new generation   total 109248K, used 99826K [0x00000000e0000000, 0x00000000e8000000, 0x00000000e8000000)
  eden space 87424K, 100% used [0x00000000e0000000, 0x00000000e5560000, 0x00000000e5560000)
  from space 21824K,  56% used [0x00000000e6ab0000, 0x00000000e76ccb98, 0x00000000e8000000)
  to   space 21824K,   0% used [0x00000000e5560000, 0x00000000e5560000, 0x00000000e6ab0000)
 concurrent mark-sweep generation total 393216K, used 0K [0x00000000e8000000, 0x0000000100000000, 0x0000000100000000)
 Metaspace       used 20711K, capacity 21016K, committed 21248K, reserved 1069056K
  class space    used 2403K, capacity 2518K, committed 2560K, reserved 1048576K
2016-11-29T10:29:06.158+0100: 2,429: [GC (Allocation Failure) 2016-11-29T10:29:06.158+0100: 2,429: [ParNew
Desired survivor size 20112992 bytes, new threshold 8 (max 8)
- age   1:    3137224 bytes,    3137224 total
- age   2:    6137400 bytes,    9274624 total
: 99826K->13217K(109248K), 0,0208066 secs] 99826K->13217K(502464K), 0,0208732 secs] [Times: user=0,07 sys=0,00, real=0,02 secs] 
Heap after GC invocations=2 (full 0):
 par new generation   total 109248K, used 13217K [0x00000000e0000000, 0x00000000e8000000, 0x00000000e8000000)
  eden space 87424K,   0% used [0x00000000e0000000, 0x00000000e0000000, 0x00000000e5560000)
  from space 21824K,  60% used [0x00000000e5560000, 0x00000000e6248738, 0x00000000e6ab0000)
  to   space 21824K,   0% used [0x00000000e6ab0000, 0x00000000e6ab0000, 0x00000000e8000000)
 concurrent mark-sweep generation total 393216K, used 0K [0x00000000e8000000, 0x0000000100000000, 0x0000000100000000)
 Metaspace       used 20711K, capacity 21016K, committed 21248K, reserved 1069056K
  class space    used 2403K, capacity 2518K, committed 2560K, reserved 1048576K
}
2016-11-29T10:29:06.178+0100: 2,450: Total time for which application threads were stopped: 0,0210892 seconds, Stopping threads took: 0,0000292 seconds
2016-11-29T10:29:06.232+0100: 2,504: Total time for which application threads were stopped: 0,0000794 seconds, Stopping threads took: 0,0000219 seconds
2016-11-29T10:29:06.264+0100: 2,536: Total time for which application threads were stopped: 0,0000830 seconds, Stopping threads took: 0,0000175 seconds
2016-11-29T10:29:06.265+0100: 2,537: Total time for which application threads were stopped: 0,0002453 seconds, Stopping threads took: 0,0000106 seconds
2016-11-29T10:29:06.288+0100: 2,560: Total time for which application threads were stopped: 0,0000687 seconds, Stopping threads took: 0,0000123 seconds
2016-11-29T10:29:06.371+0100: 2,643: Total time for which application threads were stopped: 0,0001225 seconds, Stopping threads took: 0,0000242 seconds
2016-11-29T10:29:06.389+0100: 2,661: Total time for which application threads were stopped: 0,0000792 seconds, Stopping threads took: 0,0000228 seconds
2016-11-29T10:29:06.397+0100: 2,669: Total time for which application threads were stopped: 0,0002857 seconds, Stopping threads took: 0,0000234 seconds
2016-11-29T10:29:06.405+0100: 2,677: Total time for which application threads were stopped: 0,0002794 seconds, Stopping threads took: 0,0000126 seconds
2016-11-29T10:29:06.413+0100: 2,685: Total time for which application threads were stopped: 0,0000744 seconds, Stopping threads took: 0,0000183 seconds
2016-11-29T10:29:06.437+0100: 2,709: Total time for which application threads were stopped: 0,0000966 seconds, Stopping threads took: 0,0000314 seconds
2016-11-29T10:29:06.454+0100: 2,726: Total time for which application threads were stopped: 0,0000820 seconds, Stopping threads took: 0,0000178 seconds
2016-11-29T10:29:06.476+0100: 2,748: Total time for which application threads were stopped: 0,0000805 seconds, Stopping threads took: 0,0000149 seconds
2016-11-29T10:29:06.496+0100: 2,768: Total time for which application threads were stopped: 0,0000867 seconds, Stopping threads took: 0,0000181 seconds
2016-11-29T10:29:06.532+0100: 2,804: Total time for which application threads were stopped: 0,0001438 seconds, Stopping threads took: 0,0000270 seconds
2016-11-29T10:29:06.583+0100: 2,855: Total time for which application threads were stopped: 0,0001240 seconds, Stopping threads took: 0,0000281 seconds
2016-11-29T10:29:06.613+0100: 2,885: Total time for which application threads were stopped: 0,0001451 seconds, Stopping threads took: 0,0000254 seconds
{Heap before GC invocations=2 (full 0):
 par new generation   total 109248K, used 100641K [0x00000000e0000000, 0x00000000e8000000, 0x00000000e8000000)
  eden space 87424K, 100% used [0x00000000e0000000, 0x00000000e5560000, 0x00000000e5560000)
  from space 21824K,  60% used [0x00000000e5560000, 0x00000000e6248738, 0x00000000e6ab0000)
  to   space 21824K,   0% used [0x00000000e6ab0000, 0x00000000e6ab0000, 0x00000000e8000000)
 concurrent mark-sweep generation total 393216K, used 0K [0x00000000e8000000, 0x0000000100000000, 0x0000000100000000)
 Metaspace       used 24839K, capacity 25217K, committed 25536K, reserved 1071104K
  class space    used 2896K, capacity 3025K, committed 3144K, reserved 1048576K
2016-11-29T10:29:06.641+0100: 2,913: [GC (Allocation Failure) 2016-11-29T10:29:06.641+0100: 2,913: [ParNew
Desired survivor size 20112992 bytes, new threshold 8 (max 8)
- age   1:    6693152 bytes,    6693152 total
- age   2:     518528 bytes,    7211680 total
- age   3:    6128528 bytes,   13340208 total
: 100641K->14533K(109248K), 0,0115893 secs] 100641K->14533K(502464K), 0,0116761 secs] [Times: user=0,05 sys=0,00, real=0,01 secs] 
Heap after GC invocations=3 (full 0):
 par new generation   total 109248K, used 14533K [0x00000000e0000000, 0x00000000e8000000, 0x00000000e8000000)
  eden space 87424K,   0% used [0x00000000e0000000, 0x00000000e0000000, 0x00000000e5560000)
  from space 21824K,  66% used [0x00000000e6ab0000, 0x00000000e78e1440, 0x00000000e8000000)
  to   space 21824K,   0% used [0x00000000e5560000, 0x00000000e5560000, 0x00000000e6ab0000)
 concurrent mark-sweep generation total 393216K, used 0K [0x00000000e8000000, 0x0000000100000000, 0x0000000100000000)
 Metaspace       used 24839K, capacity 25217K, committed 25536K, reserved 1071104K
  class space    used 2896K, capacity 3025K, committed 3144K, reserved 1048576K
}
2016-11-29T10:29:06.653+0100: 2,925: Total time for which application threads were stopped: 0,0118485 seconds, Stopping threads took: 0,0000468 seconds
2016-11-29T10:29:06.653+0100: 2,925: [GC (CMS Initial Mark) [1 CMS-initial-mark: 0K(393216K)] 14539K(502464K), 0,0035712 secs] [Times: user=0,01 sys=0,00, real=0,01 secs] 
2016-11-29T10:29:06.657+0100: 2,929: Total time for which application threads were stopped: 0,0036888 seconds, Stopping threads took: 0,0000354 seconds
2016-11-29T10:29:06.657+0100: 2,929: [CMS-concurrent-mark-start]
2016-11-29T10:29:06.657+0100: 2,929: [CMS-concurrent-mark: 0,001/0,001 secs] [Times: user=0,01 sys=0,00, real=0,00 secs] 
2016-11-29T10:29:06.657+0100: 2,929: [CMS-concurrent-preclean-start]
2016-11-29T10:29:06.659+0100: 2,931: [CMS-concurrent-preclean: 0,001/0,001 secs] [Times: user=0,00 sys=0,00, real=0,00 secs] 
2016-11-29T10:29:06.659+0100: 2,931: [GC (CMS Final Remark) [YG occupancy: 16302 K (109248 K)]{Heap before GC invocations=3 (full 1):
 par new generation   total 109248K, used 16302K [0x00000000e0000000, 0x00000000e8000000, 0x00000000e8000000)
  eden space 87424K,   2% used [0x00000000e0000000, 0x00000000e01ba4a0, 0x00000000e5560000)
  from space 21824K,  66% used [0x00000000e6ab0000, 0x00000000e78e1440, 0x00000000e8000000)
  to   space 21824K,   0% used [0x00000000e5560000, 0x00000000e5560000, 0x00000000e6ab0000)
 concurrent mark-sweep generation total 393216K, used 0K [0x00000000e8000000, 0x0000000100000000, 0x0000000100000000)
 Metaspace       used 24855K, capacity 25217K, committed 25536K, reserved 1071104K
  class space    used 2896K, capacity 3025K, committed 3144K, reserved 1048576K
2016-11-29T10:29:06.659+0100: 2,931: [GC (CMS Final Remark) 2016-11-29T10:29:06.659+0100: 2,931: [ParNew
Desired survivor size 20112992 bytes, new threshold 8 (max 8)
- age   1:        256 bytes,        256 total
- age   2:    3158352 bytes,    3158608 total
- age   3:     506328 bytes,    3664936 total
- age   4:    6128528 bytes,    9793464 total
: 16302K->16637K(109248K), 0,0133521 secs] 16302K->16637K(502464K), 0,0133857 secs] [Times: user=0,04 sys=0,00, real=0,01 secs] 
Heap after GC invocations=4 (full 1):
 par new generation   total 109248K, used 16637K [0x00000000e0000000, 0x00000000e8000000, 0x00000000e8000000)
  eden space 87424K,   0% used [0x00000000e0000000, 0x00000000e0000000, 0x00000000e5560000)
  from space 21824K,  76% used [0x00000000e5560000, 0x00000000e659f740, 0x00000000e6ab0000)
  to   space 21824K,   0% used [0x00000000e6ab0000, 0x00000000e6ab0000, 0x00000000e8000000)
 concurrent mark-sweep generation total 393216K, used 0K [0x00000000e8000000, 0x0000000100000000, 0x0000000100000000)
 Metaspace       used 24855K, capacity 25217K, committed 25536K, reserved 1071104K
  class space    used 2896K, capacity 3025K, committed 3144K, reserved 1048576K
}
2016-11-29T10:29:06.672+0100: 2,944: [Rescan (parallel) , 0,0037591 secs]2016-11-29T10:29:06.676+0100: 2,948: [weak refs processing, 0,0011071 secs]2016-11-29T10:29:06.677+0100: 2,949: [class unloading, 0,0032221 secs]2016-11-29T10:29:06.681+0100: 2,953: [scrub symbol table, 0,0032733 secs]2016-11-29T10:29:06.684+0100: 2,956: [scrub string table, 0,0003726 secs][1 CMS-remark: 0K(393216K)] 16637K(502464K), 0,0258231 secs] [Times: user=0,07 sys=0,00, real=0,03 secs] 
2016-11-29T10:29:06.685+0100: 2,957: Total time for which application threads were stopped: 0,0259598 seconds, Stopping threads took: 0,0000663 seconds
2016-11-29T10:29:06.685+0100: 2,957: [CMS-concurrent-sweep-start]
2016-11-29T10:29:06.685+0100: 2,957: [CMS-concurrent-sweep: 0,000/0,000 secs] [Times: user=0,00 sys=0,00, real=0,00 secs] 
2016-11-29T10:29:06.685+0100: 2,957: [CMS-concurrent-reset-start]
2016-11-29T10:29:06.687+0100: 2,959: [CMS-concurrent-reset: 0,002/0,002 secs] [Times: user=0,01 sys=0,00, real=0,00 secs] 
2016-11-29T10:29:06.732+0100: 3,004: Total time for which application threads were stopped: 0,0003510 seconds, Stopping threads took: 0,0000302 seconds
2016-11-29T10:29:07.732+0100: 4,004: Total time for which application threads were stopped: 0,0000856 seconds, Stopping threads took: 0,0000171 seconds
2016-11-29T10:29:07.784+0100: 4,056: Total time for which application threads were stopped: 0,0002692 seconds, Stopping threads took: 0,0000153 seconds
2016-11-29T10:31:50.815+0100: 167,087: Total time for which application threads were stopped: 0,0000726 seconds, Stopping threads took: 0,0000327 seconds
2016-11-29T10:33:00.826+0100: 237,098: Total time for which application threads were stopped: 0,0001114 seconds, Stopping threads took: 0,0000486 seconds
2016-11-29T10:33:50.833+0100: 287,105: Total time for which application threads were stopped: 0,0000736 seconds, Stopping threads took: 0,0000324 seconds
2016-11-29T10:37:05.861+0100: 482,133: Total time for which application threads were stopped: 0,0000692 seconds, Stopping threads took: 0,0000297 seconds
2016-11-29T10:52:44.983+0100: 1421,255: Total time for which application threads were stopped: 0,0000683 seconds, Stopping threads took: 0,0000241 seconds
2016-11-29T10:55:46.011+0100: 1602,283: Total time for which application threads were stopped: 0,0001673 seconds, Stopping threads took: 0,0000670 seconds
2016-11-29T10:57:00.024+0100: 1676,296: Total time for which application threads were stopped: 0,0001536 seconds, Stopping threads took: 0,0000592 seconds
2016-11-29T11:03:00.075+0100: 2036,347: Total time for which application threads were stopped: 0,0001115 seconds, Stopping threads took: 0,0000477 seconds
2016-11-29T11:04:10.087+0100: 2106,359: Total time for which application threads were stopped: 0,0002015 seconds, Stopping threads took: 0,0000564 seconds
2016-11-29T11:07:46.114+0100: 2322,386: Total time for which application threads were stopped: 0,0000752 seconds, Stopping threads took: 0,0000332 seconds
2016-11-29T11:07:50.115+0100: 2326,387: Total time for which application threads were stopped: 0,0000552 seconds, Stopping threads took: 0,0000139 seconds
2016-11-29T11:10:16.131+0100: 2472,403: Total time for which application threads were stopped: 0,0000710 seconds, Stopping threads took: 0,0000302 seconds
2016-11-29T11:31:24.583+0100: 3144,467: Total time for which application threads were stopped: 0,0000653 seconds, Stopping threads took: 0,0000150 seconds
2016-11-29T11:31:24.586+0100: 3144,470: Total time for which application threads were stopped: 0,0000868 seconds, Stopping threads took: 0,0000389 seconds
2016-11-29T11:31:24.640+0100: 3144,523: Total time for which application threads were stopped: 0,0000786 seconds, Stopping threads took: 0,0000125 seconds
2016-11-29T11:31:24.640+0100: 3144,523: Total time for which application threads were stopped: 0,0000423 seconds, Stopping threads took: 0,0000163 seconds
2016-11-29T11:31:24.697+0100: 3144,580: Total time for which application threads were stopped: 0,0000788 seconds, Stopping threads took: 0,0000171 seconds
2016-11-29T11:31:24.699+0100: 3144,582: Total time for which application threads were stopped: 0,0000845 seconds, Stopping threads took: 0,0000210 seconds
2016-11-29T11:31:25.489+0100: 3145,373: Total time for which application threads were stopped: 0,0001512 seconds, Stopping threads took: 0,0000473 seconds
2016-11-29T11:31:26.489+0100: 3146,373: Total time for which application threads were stopped: 0,0000989 seconds, Stopping threads took: 0,0000229 seconds
2016-11-29T11:31:27.489+0100: 3147,373: Total time for which application threads were stopped: 0,0000848 seconds, Stopping threads took: 0,0000178 seconds
2016-11-29T11:31:28.490+0100: 3148,373: Total time for which application threads were stopped: 0,0000974 seconds, Stopping threads took: 0,0000181 seconds
2016-11-29T11:31:29.490+0100: 3149,373: Total time for which application threads were stopped: 0,0001135 seconds, Stopping threads took: 0,0000253 seconds
2016-11-29T11:31:30.490+0100: 3150,373: Total time for which application threads were stopped: 0,0000867 seconds, Stopping threads took: 0,0000223 seconds
2016-11-29T11:31:31.490+0100: 3151,374: Total time for which application threads were stopped: 0,0002023 seconds, Stopping threads took: 0,0000442 seconds
2016-11-29T11:31:31.611+0100: 3151,495: Total time for which application threads were stopped: 0,0001204 seconds, Stopping threads took: 0,0000278 seconds
2016-11-29T11:31:31.612+0100: 3151,495: Total time for which application threads were stopped: 0,0001350 seconds, Stopping threads took: 0,0000851 seconds
2016-11-29T11:31:31.639+0100: 3151,523: Total time for which application threads were stopped: 0,0001048 seconds, Stopping threads took: 0,0000285 seconds
2016-11-29T11:31:31.641+0100: 3151,524: Total time for which application threads were stopped: 0,0000947 seconds, Stopping threads took: 0,0000298 seconds
2016-11-29T11:31:32.641+0100: 3152,524: Total time for which application threads were stopped: 0,0001137 seconds, Stopping threads took: 0,0000171 seconds
2016-11-29T11:31:33.538+0100: 3153,422: Total time for which application threads were stopped: 0,0001164 seconds, Stopping threads took: 0,0000231 seconds
2016-11-29T11:31:34.539+0100: 3154,422: Total time for which application threads were stopped: 0,0006315 seconds, Stopping threads took: 0,0001374 seconds
2016-11-29T11:31:35.540+0100: 3155,423: Total time for which application threads were stopped: 0,0004843 seconds, Stopping threads took: 0,0002429 seconds
2016-11-29T11:31:36.540+0100: 3156,423: Total time for which application threads were stopped: 0,0000716 seconds, Stopping threads took: 0,0000151 seconds
2016-11-29T11:31:37.540+0100: 3157,423: Total time for which application threads were stopped: 0,0000859 seconds, Stopping threads took: 0,0000186 seconds
2016-11-29T11:31:38.540+0100: 3158,424: Total time for which application threads were stopped: 0,0000989 seconds, Stopping threads took: 0,0000281 seconds
{Heap before GC invocations=4 (full 1):
 par new generation   total 109248K, used 104061K [0x00000000e0000000, 0x00000000e8000000, 0x00000000e8000000)
  eden space 87424K, 100% used [0x00000000e0000000, 0x00000000e5560000, 0x00000000e5560000)
  from space 21824K,  76% used [0x00000000e5560000, 0x00000000e659f740, 0x00000000e6ab0000)
  to   space 21824K,   0% used [0x00000000e6ab0000, 0x00000000e6ab0000, 0x00000000e8000000)
 concurrent mark-sweep generation total 393216K, used 0K [0x00000000e8000000, 0x0000000100000000, 0x0000000100000000)
 Metaspace       used 29545K, capacity 30043K, committed 30152K, reserved 1075200K
  class space    used 3340K, capacity 3515K, committed 3528K, reserved 1048576K
2016-11-29T11:31:38.961+0100: 3158,845: [GC (Allocation Failure) 2016-11-29T11:31:38.961+0100: 3158,845: [ParNew
Desired survivor size 20112992 bytes, new threshold 8 (max 8)
- age   1:    6418792 bytes,    6418792 total
- age   2:        240 bytes,    6419032 total
- age   3:    3141840 bytes,    9560872 total
- age   4:     503808 bytes,   10064680 total
- age   5:    6073072 bytes,   16137752 total
: 104061K->17667K(109248K), 0,0356811 secs] 104061K->17667K(502464K), 0,0358282 secs] [Times: user=0,06 sys=0,00, real=0,04 secs] 
Heap after GC invocations=5 (full 1):
 par new generation   total 109248K, used 17667K [0x00000000e0000000, 0x00000000e8000000, 0x00000000e8000000)
  eden space 87424K,   0% used [0x00000000e0000000, 0x00000000e0000000, 0x00000000e5560000)
  from space 21824K,  80% used [0x00000000e6ab0000, 0x00000000e7bf0f50, 0x00000000e8000000)
  to   space 21824K,   0% used [0x00000000e5560000, 0x00000000e5560000, 0x00000000e6ab0000)
 concurrent mark-sweep generation total 393216K, used 0K [0x00000000e8000000, 0x0000000100000000, 0x0000000100000000)
 Metaspace       used 29545K, capacity 30043K, committed 30152K, reserved 1075200K
  class space    used 3340K, capacity 3515K, committed 3528K, reserved 1048576K
}
2016-11-29T11:31:38.997+0100: 3158,880: Total time for which application threads were stopped: 0,0360394 seconds, Stopping threads took: 0,0000180 seconds
2016-11-29T11:31:39.997+0100: 3159,881: Total time for which application threads were stopped: 0,0000712 seconds, Stopping threads took: 0,0000152 seconds
2016-11-29T11:31:40.997+0100: 3160,881: Total time for which application threads were stopped: 0,0001570 seconds, Stopping threads took: 0,0000576 seconds
2016-11-29T11:31:41.998+0100: 3161,881: Total time for which application threads were stopped: 0,0000727 seconds, Stopping threads took: 0,0000170 seconds
2016-11-29T11:31:42.998+0100: 3162,881: Total time for which application threads were stopped: 0,0000968 seconds, Stopping threads took: 0,0000294 seconds
2016-11-29T11:31:43.998+0100: 3163,881: Total time for which application threads were stopped: 0,0000665 seconds, Stopping threads took: 0,0000173 seconds
2016-11-29T11:31:45.998+0100: 3165,882: Total time for which application threads were stopped: 0,0000760 seconds, Stopping threads took: 0,0000148 seconds
2016-11-29T11:31:46.998+0100: 3166,882: Total time for which application threads were stopped: 0,0000789 seconds, Stopping threads took: 0,0000185 seconds
2016-11-29T11:31:47.998+0100: 3167,882: Total time for which application threads were stopped: 0,0001024 seconds, Stopping threads took: 0,0000256 seconds
2016-11-29T11:31:48.999+0100: 3168,882: Total time for which application threads were stopped: 0,0000674 seconds, Stopping threads took: 0,0000135 seconds
2016-11-29T11:31:49.999+0100: 3169,882: Total time for which application threads were stopped: 0,0001267 seconds, Stopping threads took: 0,0000270 seconds
2016-11-29T11:31:50.999+0100: 3170,883: Total time for which application threads were stopped: 0,0001723 seconds, Stopping threads took: 0,0000733 seconds
2016-11-29T11:31:53.000+0100: 3172,883: Total time for which application threads were stopped: 0,0001820 seconds, Stopping threads took: 0,0000593 seconds
2016-11-29T11:31:55.000+0100: 3174,883: Total time for which application threads were stopped: 0,0000830 seconds, Stopping threads took: 0,0000198 seconds
2016-11-29T11:31:56.000+0100: 3175,884: Total time for which application threads were stopped: 0,0000625 seconds, Stopping threads took: 0,0000162 seconds
2016-11-29T11:31:57.000+0100: 3176,884: Total time for which application threads were stopped: 0,0000728 seconds, Stopping threads took: 0,0000165 seconds
2016-11-29T11:31:58.000+0100: 3177,884: Total time for which application threads were stopped: 0,0000863 seconds, Stopping threads took: 0,0000213 seconds
2016-11-29T11:31:59.001+0100: 3178,884: Total time for which application threads were stopped: 0,0000792 seconds, Stopping threads took: 0,0000177 seconds
{Heap before GC invocations=5 (full 1):
 par new generation   total 109248K, used 105091K [0x00000000e0000000, 0x00000000e8000000, 0x00000000e8000000)
  eden space 87424K, 100% used [0x00000000e0000000, 0x00000000e5560000, 0x00000000e5560000)
  from space 21824K,  80% used [0x00000000e6ab0000, 0x00000000e7bf0f50, 0x00000000e8000000)
  to   space 21824K,   0% used [0x00000000e5560000, 0x00000000e5560000, 0x00000000e6ab0000)
 concurrent mark-sweep generation total 393216K, used 0K [0x00000000e8000000, 0x0000000100000000, 0x0000000100000000)
 Metaspace       used 29670K, capacity 30235K, committed 30408K, reserved 1077248K
  class space    used 3340K, capacity 3515K, committed 3528K, reserved 1048576K
2016-11-29T11:32:01.542+0100: 3181,425: [GC (Allocation Failure) 2016-11-29T11:32:01.542+0100: 3181,425: [ParNew
Desired survivor size 20112992 bytes, new threshold 8 (max 8)
- age   1:      85112 bytes,      85112 total
- age   2:    3374800 bytes,    3459912 total
- age   3:        240 bytes,    3460152 total
- age   4:    3081576 bytes,    6541728 total
- age   5:     472184 bytes,    7013912 total
- age   6:    5601952 bytes,   12615864 total
: 105091K->19393K(109248K), 0,0138453 secs] 105091K->19393K(502464K), 0,0140287 secs] [Times: user=0,05 sys=0,00, real=0,02 secs] 
Heap after GC invocations=6 (full 1):
 par new generation   total 109248K, used 19393K [0x00000000e0000000, 0x00000000e8000000, 0x00000000e8000000)
  eden space 87424K,   0% used [0x00000000e0000000, 0x00000000e0000000, 0x00000000e5560000)
  from space 21824K,  88% used [0x00000000e5560000, 0x00000000e68507d0, 0x00000000e6ab0000)
  to   space 21824K,   0% used [0x00000000e6ab0000, 0x00000000e6ab0000, 0x00000000e8000000)
 concurrent mark-sweep generation total 393216K, used 0K [0x00000000e8000000, 0x0000000100000000, 0x0000000100000000)
 Metaspace       used 29670K, capacity 30235K, committed 30408K, reserved 1077248K
  class space    used 3340K, capacity 3515K, committed 3528K, reserved 1048576K
}
2016-11-29T11:32:01.556+0100: 3181,439: Total time for which application threads were stopped: 0,0143990 seconds, Stopping threads took: 0,0000170 seconds
2016-11-29T11:32:02.556+0100: 3182,440: Total time for which application threads were stopped: 0,0000682 seconds, Stopping threads took: 0,0000140 seconds
2016-11-29T11:32:03.556+0100: 3183,440: Total time for which application threads were stopped: 0,0000877 seconds, Stopping threads took: 0,0000279 seconds
2016-11-29T11:32:04.556+0100: 3184,440: Total time for which application threads were stopped: 0,0000674 seconds, Stopping threads took: 0,0000152 seconds
2016-11-29T11:32:05.557+0100: 3185,440: Total time for which application threads were stopped: 0,0000651 seconds, Stopping threads took: 0,0000134 seconds
2016-11-29T11:32:06.557+0100: 3186,440: Total time for which application threads were stopped: 0,0000675 seconds, Stopping threads took: 0,0000180 seconds
2016-11-29T11:32:07.557+0100: 3187,440: Total time for which application threads were stopped: 0,0001432 seconds, Stopping threads took: 0,0000592 seconds
2016-11-29T11:32:08.557+0100: 3188,441: Total time for which application threads were stopped: 0,0000779 seconds, Stopping threads took: 0,0000169 seconds
2016-11-29T11:32:09.557+0100: 3189,441: Total time for which application threads were stopped: 0,0001620 seconds, Stopping threads took: 0,0000506 seconds
2016-11-29T11:32:11.558+0100: 3191,442: Total time for which application threads were stopped: 0,0008130 seconds, Stopping threads took: 0,0001259 seconds
2016-11-29T11:32:12.559+0100: 3192,442: Total time for which application threads were stopped: 0,0000667 seconds, Stopping threads took: 0,0000154 seconds
2016-11-29T11:32:15.559+0100: 3195,443: Total time for which application threads were stopped: 0,0000622 seconds, Stopping threads took: 0,0000155 seconds
2016-11-29T11:32:16.258+0100: 3196,141: Total time for which application threads were stopped: 0,0001081 seconds, Stopping threads took: 0,0000280 seconds
2016-11-29T11:32:17.258+0100: 3197,141: Total time for which application threads were stopped: 0,0001419 seconds, Stopping threads took: 0,0000350 seconds
2016-11-29T11:32:22.259+0100: 3202,142: Total time for which application threads were stopped: 0,0000903 seconds, Stopping threads took: 0,0000339 seconds
2016-11-29T11:33:11.586+0100: 3251,469: Total time for which application threads were stopped: 0,0000993 seconds, Stopping threads took: 0,0000364 seconds
2016-11-29T11:33:56.259+0100: 3296,142: Total time for which application threads were stopped: 0,0001982 seconds, Stopping threads took: 0,0000772 seconds
2016-11-29T11:33:57.259+0100: 3297,143: Total time for which application threads were stopped: 0,0001002 seconds, Stopping threads took: 0,0000242 seconds
2016-11-29T11:37:22.803+0100: 3502,686: Total time for which application threads were stopped: 0,0001039 seconds, Stopping threads took: 0,0000375 seconds
2016-11-29T11:37:22.803+0100: 3502,687: Total time for which application threads were stopped: 0,0000474 seconds, Stopping threads took: 0,0000082 seconds
2016-11-29T11:37:22.848+0100: 3502,731: Total time for which application threads were stopped: 0,0000989 seconds, Stopping threads took: 0,0000434 seconds
2016-11-29T11:37:22.848+0100: 3502,732: Total time for which application threads were stopped: 0,0000643 seconds, Stopping threads took: 0,0000100 seconds
2016-11-29T11:37:23.581+0100: 3503,465: Total time for which application threads were stopped: 0,0000678 seconds, Stopping threads took: 0,0000165 seconds
2016-11-29T11:37:24.582+0100: 3504,465: Total time for which application threads were stopped: 0,0001126 seconds, Stopping threads took: 0,0000275 seconds
2016-11-29T11:42:31.620+0100: 3811,504: Total time for which application threads were stopped: 0,0000918 seconds, Stopping threads took: 0,0000361 seconds
2016-11-29T12:00:32.190+0100: 4891,641: Total time for which application threads were stopped: 0,0000791 seconds, Stopping threads took: 0,0000259 seconds
2016-11-29T12:14:18.292+0100: 5717,743: Total time for which application threads were stopped: 0,0000910 seconds, Stopping threads took: 0,0000311 seconds
2016-11-29T12:41:02.514+0100: 7321,964: Total time for which application threads were stopped: 0,0002044 seconds, Stopping threads took: 0,0000615 seconds
2016-11-29T12:44:02.544+0100: 7501,995: Total time for which application threads were stopped: 0,0000911 seconds, Stopping threads took: 0,0000347 seconds
2016-11-29T12:47:32.581+0100: 7712,032: Total time for which application threads were stopped: 0,0001928 seconds, Stopping threads took: 0,0000736 seconds
2016-11-29T14:51:32.667+0100: 15152,117: Total time for which application threads were stopped: 0,0000943 seconds, Stopping threads took: 0,0000282 seconds
2016-11-29T15:01:28.526+0100: 15747,976: Total time for which application threads were stopped: 0,0006732 seconds, Stopping threads took: 0,0001468 seconds
2016-11-29T15:01:28.545+0100: 15747,996: Total time for which application threads were stopped: 0,0001250 seconds, Stopping threads took: 0,0000462 seconds
2016-11-29T15:01:28.554+0100: 15748,005: Total time for which application threads were stopped: 0,0001492 seconds, Stopping threads took: 0,0000262 seconds
2016-11-29T15:01:28.596+0100: 15748,047: Total time for which application threads were stopped: 0,0001434 seconds, Stopping threads took: 0,0000312 seconds
2016-11-29T15:01:28.605+0100: 15748,056: Total time for which application threads were stopped: 0,0001356 seconds, Stopping threads took: 0,0000284 seconds
2016-11-29T15:01:28.611+0100: 15748,061: Total time for which application threads were stopped: 0,0001196 seconds, Stopping threads took: 0,0000538 seconds
2016-11-29T15:01:28.611+0100: 15748,061: Total time for which application threads were stopped: 0,0000757 seconds, Stopping threads took: 0,0000306 seconds
Heap
 par new generation   total 109248K, used 89799K [0x00000000e0000000, 0x00000000e8000000, 0x00000000e8000000)
  eden space 87424K,  80% used [0x00000000e0000000, 0x00000000e44c17d0, 0x00000000e5560000)
  from space 21824K,  88% used [0x00000000e5560000, 0x00000000e68507d0, 0x00000000e6ab0000)
  to   space 21824K,   0% used [0x00000000e6ab0000, 0x00000000e6ab0000, 0x00000000e8000000)
 concurrent mark-sweep generation total 393216K, used 0K [0x00000000e8000000, 0x0000000100000000, 0x0000000100000000)
 Metaspace       used 29822K, capacity 30339K, committed 30792K, reserved 1077248K
  class space    used 3357K, capacity 3549K, committed 3656K, reserved 1048576K
