OpenJDK 64-Bit Server VM (25.131-b11) for linux-amd64 JRE (1.8.0_131-8u131-b11-0ubuntu1.16.04.2-b11), built on May  6 2017 02:45:27 by "buildd" with gcc 5.4.0 20160609
Memory: 4k page, physical 7867740k(7405652k free), swap 8076284k(8076284k free)
CommandLine flags: -XX:CMSInitiatingOccupancyFraction=50 -XX:CMSMaxAbortablePrecleanTime=6000 -XX:+CMSParallelRemarkEnabled -XX:+CMSScavengeBeforeRemark -XX:ConcGCThreads=4 -XX:InitialHeapSize=536870912 -XX:MaxHeapSize=536870912 -XX:MaxTenuringThreshold=8 -XX:NewRatio=3 -XX:OldPLABSize=16 -XX:OnOutOfMemoryError=/opt/solr/bin/oom_solr.sh 8983 /var/solr/logs -XX:ParallelGCThreads=4 -XX:+ParallelRefProcEnabled -XX:PretenureSizeThreshold=67108864 -XX:+PrintGC -XX:+PrintGCApplicationStoppedTime -XX:+PrintGCDateStamps -XX:+PrintGCDetails -XX:+PrintGCTimeStamps -XX:+PrintHeapAtGC -XX:+PrintTenuringDistribution -XX:SurvivorRatio=4 -XX:TargetSurvivorRatio=90 -XX:ThreadStackSize=256 -XX:+UseCMSInitiatingOccupancyOnly -XX:+UseCompressedClassPointers -XX:+UseCompressedOops -XX:+UseConcMarkSweepGC -XX:+UseParNewGC 
2017-05-20T03:35:30.800+0200: 0,128: Total time for which application threads were stopped: 0,0000752 seconds, Stopping threads took: 0,0000164 seconds
2017-05-20T03:35:30.884+0200: 0,212: Total time for which application threads were stopped: 0,0001146 seconds, Stopping threads took: 0,0000161 seconds
2017-05-20T03:35:30.896+0200: 0,224: Total time for which application threads were stopped: 0,0000999 seconds, Stopping threads took: 0,0000284 seconds
2017-05-20T03:35:31.153+0200: 0,481: Total time for which application threads were stopped: 0,0001279 seconds, Stopping threads took: 0,0000132 seconds
2017-05-20T03:35:31.632+0200: 0,960: Total time for which application threads were stopped: 0,0001517 seconds, Stopping threads took: 0,0000134 seconds
2017-05-20T03:35:31.786+0200: 1,115: Total time for which application threads were stopped: 0,0001722 seconds, Stopping threads took: 0,0000163 seconds
2017-05-20T03:35:31.824+0200: 1,152: Total time for which application threads were stopped: 0,0001849 seconds, Stopping threads took: 0,0000319 seconds
2017-05-20T03:35:32.183+0200: 1,512: Total time for which application threads were stopped: 0,0002297 seconds, Stopping threads took: 0,0000220 seconds
2017-05-20T03:35:32.420+0200: 1,748: Total time for which application threads were stopped: 0,0002479 seconds, Stopping threads took: 0,0000427 seconds
2017-05-20T03:35:32.443+0200: 1,772: Total time for which application threads were stopped: 0,0004750 seconds, Stopping threads took: 0,0000198 seconds
2017-05-20T03:35:32.480+0200: 1,808: Total time for which application threads were stopped: 0,0002462 seconds, Stopping threads took: 0,0000282 seconds
2017-05-20T03:35:32.481+0200: 1,810: Total time for which application threads were stopped: 0,0001998 seconds, Stopping threads took: 0,0000196 seconds
2017-05-20T03:35:32.498+0200: 1,827: Total time for which application threads were stopped: 0,0001861 seconds, Stopping threads took: 0,0000153 seconds
2017-05-20T03:35:32.579+0200: 1,908: Total time for which application threads were stopped: 0,0002370 seconds, Stopping threads took: 0,0000276 seconds
2017-05-20T03:35:32.739+0200: 2,068: Total time for which application threads were stopped: 0,0002889 seconds, Stopping threads took: 0,0000723 seconds
{Heap before GC invocations=0 (full 0):
 par new generation   total 109248K, used 87424K [0x00000000e0000000, 0x00000000e8000000, 0x00000000e8000000)
  eden space 87424K, 100% used [0x00000000e0000000, 0x00000000e5560000, 0x00000000e5560000)
  from space 21824K,   0% used [0x00000000e5560000, 0x00000000e5560000, 0x00000000e6ab0000)
  to   space 21824K,   0% used [0x00000000e6ab0000, 0x00000000e6ab0000, 0x00000000e8000000)
 concurrent mark-sweep generation total 393216K, used 0K [0x00000000e8000000, 0x0000000100000000, 0x0000000100000000)
 Metaspace       used 18051K, capacity 18400K, committed 18688K, reserved 1064960K
  class space    used 2046K, capacity 2196K, committed 2304K, reserved 1048576K
2017-05-20T03:35:32.836+0200: 2,165: [GC (Allocation Failure) 2017-05-20T03:35:32.836+0200: 2,165: [ParNew
Desired survivor size 20112992 bytes, new threshold 8 (max 8)
- age   1:   12482824 bytes,   12482824 total
: 87424K->12297K(109248K), 0,0163916 secs] 87424K->12297K(502464K), 0,0164660 secs] [Times: user=0,04 sys=0,03, real=0,01 secs] 
Heap after GC invocations=1 (full 0):
 par new generation   total 109248K, used 12297K [0x00000000e0000000, 0x00000000e8000000, 0x00000000e8000000)
  eden space 87424K,   0% used [0x00000000e0000000, 0x00000000e0000000, 0x00000000e5560000)
  from space 21824K,  56% used [0x00000000e6ab0000, 0x00000000e76b26f8, 0x00000000e8000000)
  to   space 21824K,   0% used [0x00000000e5560000, 0x00000000e5560000, 0x00000000e6ab0000)
 concurrent mark-sweep generation total 393216K, used 0K [0x00000000e8000000, 0x0000000100000000, 0x0000000100000000)
 Metaspace       used 18051K, capacity 18400K, committed 18688K, reserved 1064960K
  class space    used 2046K, capacity 2196K, committed 2304K, reserved 1048576K
}
2017-05-20T03:35:32.853+0200: 2,182: Total time for which application threads were stopped: 0,0180576 seconds, Stopping threads took: 0,0014104 seconds
2017-05-20T03:35:33.167+0200: 2,496: Total time for which application threads were stopped: 0,0003005 seconds, Stopping threads took: 0,0000429 seconds
2017-05-20T03:35:33.202+0200: 2,530: Total time for which application threads were stopped: 0,0003881 seconds, Stopping threads took: 0,0000612 seconds
{Heap before GC invocations=1 (full 0):
 par new generation   total 109248K, used 99721K [0x00000000e0000000, 0x00000000e8000000, 0x00000000e8000000)
  eden space 87424K, 100% used [0x00000000e0000000, 0x00000000e5560000, 0x00000000e5560000)
  from space 21824K,  56% used [0x00000000e6ab0000, 0x00000000e76b26f8, 0x00000000e8000000)
  to   space 21824K,   0% used [0x00000000e5560000, 0x00000000e5560000, 0x00000000e6ab0000)
 concurrent mark-sweep generation total 393216K, used 0K [0x00000000e8000000, 0x0000000100000000, 0x0000000100000000)
 Metaspace       used 20066K, capacity 20382K, committed 20736K, reserved 1067008K
  class space    used 2301K, capacity 2477K, committed 2560K, reserved 1048576K
2017-05-20T03:35:33.203+0200: 2,531: [GC (Allocation Failure) 2017-05-20T03:35:33.203+0200: 2,531: [ParNew
Desired survivor size 20112992 bytes, new threshold 8 (max 8)
- age   1:    3544056 bytes,    3544056 total
- age   2:    6647320 bytes,   10191376 total
: 99721K->13671K(109248K), 0,0098430 secs] 99721K->13671K(502464K), 0,0099194 secs] [Times: user=0,03 sys=0,00, real=0,00 secs] 
Heap after GC invocations=2 (full 0):
 par new generation   total 109248K, used 13671K [0x00000000e0000000, 0x00000000e8000000, 0x00000000e8000000)
  eden space 87424K,   0% used [0x00000000e0000000, 0x00000000e0000000, 0x00000000e5560000)
  from space 21824K,  62% used [0x00000000e5560000, 0x00000000e62b9ed8, 0x00000000e6ab0000)
  to   space 21824K,   0% used [0x00000000e6ab0000, 0x00000000e6ab0000, 0x00000000e8000000)
 concurrent mark-sweep generation total 393216K, used 0K [0x00000000e8000000, 0x0000000100000000, 0x0000000100000000)
 Metaspace       used 20066K, capacity 20382K, committed 20736K, reserved 1067008K
  class space    used 2301K, capacity 2477K, committed 2560K, reserved 1048576K
}
2017-05-20T03:35:33.213+0200: 2,541: Total time for which application threads were stopped: 0,0101160 seconds, Stopping threads took: 0,0000467 seconds
2017-05-20T03:35:33.269+0200: 2,598: Total time for which application threads were stopped: 0,0003997 seconds, Stopping threads took: 0,0000586 seconds
2017-05-20T03:35:33.378+0200: 2,707: Total time for which application threads were stopped: 0,0008576 seconds, Stopping threads took: 0,0006889 seconds
{Heap before GC invocations=2 (full 0):
 par new generation   total 109248K, used 101095K [0x00000000e0000000, 0x00000000e8000000, 0x00000000e8000000)
  eden space 87424K, 100% used [0x00000000e0000000, 0x00000000e5560000, 0x00000000e5560000)
  from space 21824K,  62% used [0x00000000e5560000, 0x00000000e62b9ed8, 0x00000000e6ab0000)
  to   space 21824K,   0% used [0x00000000e6ab0000, 0x00000000e6ab0000, 0x00000000e8000000)
 concurrent mark-sweep generation total 393216K, used 0K [0x00000000e8000000, 0x0000000100000000, 0x0000000100000000)
 Metaspace       used 20972K, capacity 21310K, committed 21552K, reserved 1069056K
  class space    used 2422K, capacity 2597K, committed 2608K, reserved 1048576K
2017-05-20T03:35:33.424+0200: 2,753: [GC (Allocation Failure) 2017-05-20T03:35:33.424+0200: 2,753: [ParNew
Desired survivor size 20112992 bytes, new threshold 8 (max 8)
- age   1:    2092632 bytes,    2092632 total
- age   2:     874576 bytes,    2967208 total
- age   3:    6643288 bytes,    9610496 total
: 101095K->11370K(109248K), 0,0092803 secs] 101095K->11370K(502464K), 0,0093520 secs] [Times: user=0,03 sys=0,00, real=0,00 secs] 
Heap after GC invocations=3 (full 0):
 par new generation   total 109248K, used 11370K [0x00000000e0000000, 0x00000000e8000000, 0x00000000e8000000)
  eden space 87424K,   0% used [0x00000000e0000000, 0x00000000e0000000, 0x00000000e5560000)
  from space 21824K,  52% used [0x00000000e6ab0000, 0x00000000e75ca8c0, 0x00000000e8000000)
  to   space 21824K,   0% used [0x00000000e5560000, 0x00000000e5560000, 0x00000000e6ab0000)
 concurrent mark-sweep generation total 393216K, used 0K [0x00000000e8000000, 0x0000000100000000, 0x0000000100000000)
 Metaspace       used 20972K, capacity 21310K, committed 21552K, reserved 1069056K
  class space    used 2422K, capacity 2597K, committed 2608K, reserved 1048576K
}
2017-05-20T03:35:33.433+0200: 2,762: Total time for which application threads were stopped: 0,0128041 seconds, Stopping threads took: 0,0033210 seconds
2017-05-20T03:35:33.434+0200: 2,763: [GC (CMS Initial Mark) [1 CMS-initial-mark: 0K(393216K)] 12778K(502464K), 0,0032027 secs] [Times: user=0,02 sys=0,00, real=0,00 secs] 
2017-05-20T03:35:33.437+0200: 2,766: Total time for which application threads were stopped: 0,0033355 seconds, Stopping threads took: 0,0000464 seconds
2017-05-20T03:35:33.437+0200: 2,766: [CMS-concurrent-mark-start]
2017-05-20T03:35:33.438+0200: 2,766: [CMS-concurrent-mark: 0,001/0,001 secs] [Times: user=0,00 sys=0,00, real=0,00 secs] 
2017-05-20T03:35:33.438+0200: 2,766: [CMS-concurrent-preclean-start]
2017-05-20T03:35:33.439+0200: 2,768: [CMS-concurrent-preclean: 0,001/0,001 secs] [Times: user=0,00 sys=0,00, real=0,00 secs] 
2017-05-20T03:35:33.439+0200: 2,768: [CMS-concurrent-abortable-preclean-start]
2017-05-20T03:35:33.534+0200: 2,863: Total time for which application threads were stopped: 0,0009311 seconds, Stopping threads took: 0,0008413 seconds
2017-05-20T03:35:33.534+0200: 2,863: [CMS-concurrent-abortable-preclean: 0,072/0,095 secs] [Times: user=0,36 sys=0,00, real=0,10 secs] 
2017-05-20T03:35:33.534+0200: 2,863: [GC (CMS Final Remark) [YG occupancy: 73155 K (109248 K)]{Heap before GC invocations=3 (full 1):
 par new generation   total 109248K, used 73155K [0x00000000e0000000, 0x00000000e8000000, 0x00000000e8000000)
  eden space 87424K,  70% used [0x00000000e0000000, 0x00000000e3c565b8, 0x00000000e5560000)
  from space 21824K,  52% used [0x00000000e6ab0000, 0x00000000e75ca8c0, 0x00000000e8000000)
  to   space 21824K,   0% used [0x00000000e5560000, 0x00000000e5560000, 0x00000000e6ab0000)
 concurrent mark-sweep generation total 393216K, used 0K [0x00000000e8000000, 0x0000000100000000, 0x0000000100000000)
 Metaspace       used 21210K, capacity 21566K, committed 21756K, reserved 1069056K
  class space    used 2447K, capacity 2609K, committed 2736K, reserved 1048576K
2017-05-20T03:35:33.534+0200: 2,863: [GC (CMS Final Remark) 2017-05-20T03:35:33.534+0200: 2,863: [ParNew
Desired survivor size 20112992 bytes, new threshold 8 (max 8)
- age   1:    1504872 bytes,    1504872 total
- age   2:    1448072 bytes,    2952944 total
- age   3:     845152 bytes,    3798096 total
- age   4:    6643168 bytes,   10441264 total
: 73155K->12690K(109248K), 0,0148404 secs] 73155K->12690K(502464K), 0,0148914 secs] [Times: user=0,05 sys=0,00, real=0,01 secs] 
Heap after GC invocations=4 (full 1):
 par new generation   total 109248K, used 12690K [0x00000000e0000000, 0x00000000e8000000, 0x00000000e8000000)
  eden space 87424K,   0% used [0x00000000e0000000, 0x00000000e0000000, 0x00000000e5560000)
  from space 21824K,  58% used [0x00000000e5560000, 0x00000000e61c4890, 0x00000000e6ab0000)
  to   space 21824K,   0% used [0x00000000e6ab0000, 0x00000000e6ab0000, 0x00000000e8000000)
 concurrent mark-sweep generation total 393216K, used 0K [0x00000000e8000000, 0x0000000100000000, 0x0000000100000000)
 Metaspace       used 21210K, capacity 21566K, committed 21756K, reserved 1069056K
  class space    used 2447K, capacity 2609K, committed 2736K, reserved 1048576K
}
2017-05-20T03:35:33.549+0200: 2,878: [Rescan (parallel) , 0,0054975 secs]2017-05-20T03:35:33.555+0200: 2,883: [weak refs processing, 0,0016498 secs]2017-05-20T03:35:33.556+0200: 2,885: [class unloading, 0,0031797 secs]2017-05-20T03:35:33.560+0200: 2,888: [scrub symbol table, 0,0025762 secs]2017-05-20T03:35:33.562+0200: 2,891: [scrub string table, 0,0003628 secs][1 CMS-remark: 0K(393216K)] 12690K(502464K), 0,0288436 secs] [Times: user=0,10 sys=0,00, real=0,03 secs] 
2017-05-20T03:35:33.563+0200: 2,892: Total time for which application threads were stopped: 0,0289776 seconds, Stopping threads took: 0,0000487 seconds
2017-05-20T03:35:33.563+0200: 2,892: [CMS-concurrent-sweep-start]
2017-05-20T03:35:33.563+0200: 2,892: [CMS-concurrent-sweep: 0,000/0,000 secs] [Times: user=0,00 sys=0,00, real=0,00 secs] 
2017-05-20T03:35:33.563+0200: 2,892: [CMS-concurrent-reset-start]
2017-05-20T03:35:33.565+0200: 2,894: [CMS-concurrent-reset: 0,002/0,002 secs] [Times: user=0,01 sys=0,00, real=0,00 secs] 
{Heap before GC invocations=4 (full 1):
 par new generation   total 109248K, used 100114K [0x00000000e0000000, 0x00000000e8000000, 0x00000000e8000000)
  eden space 87424K, 100% used [0x00000000e0000000, 0x00000000e5560000, 0x00000000e5560000)
  from space 21824K,  58% used [0x00000000e5560000, 0x00000000e61c4890, 0x00000000e6ab0000)
  to   space 21824K,   0% used [0x00000000e6ab0000, 0x00000000e6ab0000, 0x00000000e8000000)
 concurrent mark-sweep generation total 393216K, used 0K [0x00000000e8000000, 0x0000000100000000, 0x0000000100000000)
 Metaspace       used 21342K, capacity 21746K, committed 22012K, reserved 1069056K
  class space    used 2467K, capacity 2644K, committed 2736K, reserved 1048576K
2017-05-20T03:35:33.646+0200: 2,974: [GC (Allocation Failure) 2017-05-20T03:35:33.646+0200: 2,974: [ParNew
Desired survivor size 20112992 bytes, new threshold 8 (max 8)
- age   1:     649584 bytes,     649584 total
- age   2:     119856 bytes,     769440 total
- age   3:    1447912 bytes,    2217352 total
- age   4:     841216 bytes,    3058568 total
- age   5:    6643488 bytes,    9702056 total
: 100114K->14643K(109248K), 0,0097720 secs] 100114K->14643K(502464K), 0,0098367 secs] [Times: user=0,03 sys=0,00, real=0,01 secs] 
Heap after GC invocations=5 (full 1):
 par new generation   total 109248K, used 14643K [0x00000000e0000000, 0x00000000e8000000, 0x00000000e8000000)
  eden space 87424K,   0% used [0x00000000e0000000, 0x00000000e0000000, 0x00000000e5560000)
  from space 21824K,  67% used [0x00000000e6ab0000, 0x00000000e78fce70, 0x00000000e8000000)
  to   space 21824K,   0% used [0x00000000e5560000, 0x00000000e5560000, 0x00000000e6ab0000)
 concurrent mark-sweep generation total 393216K, used 0K [0x00000000e8000000, 0x0000000100000000, 0x0000000100000000)
 Metaspace       used 21342K, capacity 21746K, committed 22012K, reserved 1069056K
  class space    used 2467K, capacity 2644K, committed 2736K, reserved 1048576K
}
2017-05-20T03:35:33.655+0200: 2,984: Total time for which application threads were stopped: 0,0100568 seconds, Stopping threads took: 0,0000845 seconds
2017-05-20T03:35:33.712+0200: 3,041: Total time for which application threads were stopped: 0,0003838 seconds, Stopping threads took: 0,0000247 seconds
2017-05-20T03:35:33.984+0200: 3,312: Total time for which application threads were stopped: 0,0004656 seconds, Stopping threads took: 0,0000223 seconds
2017-05-20T03:35:33.997+0200: 3,326: Total time for which application threads were stopped: 0,0003362 seconds, Stopping threads took: 0,0000204 seconds
{Heap before GC invocations=5 (full 1):
 par new generation   total 109248K, used 102067K [0x00000000e0000000, 0x00000000e8000000, 0x00000000e8000000)
  eden space 87424K, 100% used [0x00000000e0000000, 0x00000000e5560000, 0x00000000e5560000)
  from space 21824K,  67% used [0x00000000e6ab0000, 0x00000000e78fce70, 0x00000000e8000000)
  to   space 21824K,   0% used [0x00000000e5560000, 0x00000000e5560000, 0x00000000e6ab0000)
 concurrent mark-sweep generation total 393216K, used 0K [0x00000000e8000000, 0x0000000100000000, 0x0000000100000000)
 Metaspace       used 23905K, capacity 24352K, committed 24624K, reserved 1071104K
  class space    used 2819K, capacity 3021K, committed 3120K, reserved 1048576K
2017-05-20T03:35:34.139+0200: 3,468: [GC (Allocation Failure) 2017-05-20T03:35:34.139+0200: 3,468: [ParNew
Desired survivor size 20112992 bytes, new threshold 8 (max 8)
- age   1:    5421848 bytes,    5421848 total
- age   2:     130784 bytes,    5552632 total
- age   3:     118672 bytes,    5671304 total
- age   4:     277992 bytes,    5949296 total
- age   5:     815400 bytes,    6764696 total
- age   6:    6635160 bytes,   13399856 total
: 102067K->15629K(109248K), 0,0184602 secs] 102067K->15629K(502464K), 0,0185619 secs] [Times: user=0,06 sys=0,00, real=0,02 secs] 
Heap after GC invocations=6 (full 1):
 par new generation   total 109248K, used 15629K [0x00000000e0000000, 0x00000000e8000000, 0x00000000e8000000)
  eden space 87424K,   0% used [0x00000000e0000000, 0x00000000e0000000, 0x00000000e5560000)
  from space 21824K,  71% used [0x00000000e5560000, 0x00000000e64a3708, 0x00000000e6ab0000)
  to   space 21824K,   0% used [0x00000000e6ab0000, 0x00000000e6ab0000, 0x00000000e8000000)
 concurrent mark-sweep generation total 393216K, used 0K [0x00000000e8000000, 0x0000000100000000, 0x0000000100000000)
 Metaspace       used 23905K, capacity 24352K, committed 24624K, reserved 1071104K
  class space    used 2819K, capacity 3021K, committed 3120K, reserved 1048576K
}
2017-05-20T03:35:34.158+0200: 3,487: Total time for which application threads were stopped: 0,0188915 seconds, Stopping threads took: 0,0000619 seconds
{Heap before GC invocations=6 (full 1):
 par new generation   total 109248K, used 103053K [0x00000000e0000000, 0x00000000e8000000, 0x00000000e8000000)
  eden space 87424K, 100% used [0x00000000e0000000, 0x00000000e5560000, 0x00000000e5560000)
  from space 21824K,  71% used [0x00000000e5560000, 0x00000000e64a3708, 0x00000000e6ab0000)
  to   space 21824K,   0% used [0x00000000e6ab0000, 0x00000000e6ab0000, 0x00000000e8000000)
 concurrent mark-sweep generation total 393216K, used 0K [0x00000000e8000000, 0x0000000100000000, 0x0000000100000000)
 Metaspace       used 24457K, capacity 24902K, committed 25136K, reserved 1071104K
  class space    used 2866K, capacity 3054K, committed 3120K, reserved 1048576K
2017-05-20T03:35:34.274+0200: 3,603: [GC (Allocation Failure) 2017-05-20T03:35:34.274+0200: 3,603: [ParNew
Desired survivor size 20112992 bytes, new threshold 8 (max 8)
- age   1:    1721880 bytes,    1721880 total
- age   2:    1793920 bytes,    3515800 total
- age   3:      68928 bytes,    3584728 total
- age   4:      71264 bytes,    3655992 total
- age   5:     179864 bytes,    3835856 total
- age   6:     760976 bytes,    4596832 total
- age   7:    6115008 bytes,   10711840 total
: 103053K->13710K(109248K), 0,0150121 secs] 103053K->13710K(502464K), 0,0150956 secs] [Times: user=0,05 sys=0,01, real=0,01 secs] 
Heap after GC invocations=7 (full 1):
 par new generation   total 109248K, used 13710K [0x00000000e0000000, 0x00000000e8000000, 0x00000000e8000000)
  eden space 87424K,   0% used [0x00000000e0000000, 0x00000000e0000000, 0x00000000e5560000)
  from space 21824K,  62% used [0x00000000e6ab0000, 0x00000000e7813800, 0x00000000e8000000)
  to   space 21824K,   0% used [0x00000000e5560000, 0x00000000e5560000, 0x00000000e6ab0000)
 concurrent mark-sweep generation total 393216K, used 0K [0x00000000e8000000, 0x0000000100000000, 0x0000000100000000)
 Metaspace       used 24457K, capacity 24902K, committed 25136K, reserved 1071104K
  class space    used 2866K, capacity 3054K, committed 3120K, reserved 1048576K
}
2017-05-20T03:35:34.289+0200: 3,618: Total time for which application threads were stopped: 0,0153615 seconds, Stopping threads took: 0,0000563 seconds
{Heap before GC invocations=7 (full 1):
 par new generation   total 109248K, used 101134K [0x00000000e0000000, 0x00000000e8000000, 0x00000000e8000000)
  eden space 87424K, 100% used [0x00000000e0000000, 0x00000000e5560000, 0x00000000e5560000)
  from space 21824K,  62% used [0x00000000e6ab0000, 0x00000000e7813800, 0x00000000e8000000)
  to   space 21824K,   0% used [0x00000000e5560000, 0x00000000e5560000, 0x00000000e6ab0000)
 concurrent mark-sweep generation total 393216K, used 0K [0x00000000e8000000, 0x0000000100000000, 0x0000000100000000)
 Metaspace       used 24755K, capacity 25216K, committed 25392K, reserved 1071104K
  class space    used 2897K, capacity 3091K, committed 3120K, reserved 1048576K
2017-05-20T03:35:34.400+0200: 3,728: [GC (Allocation Failure) 2017-05-20T03:35:34.400+0200: 3,729: [ParNew
Desired survivor size 20112992 bytes, new threshold 8 (max 8)
- age   1:    1278616 bytes,    1278616 total
- age   2:     813768 bytes,    2092384 total
- age   3:    1771600 bytes,    3863984 total
- age   4:      68824 bytes,    3932808 total
- age   5:      71168 bytes,    4003976 total
- age   6:     177120 bytes,    4181096 total
- age   7:     760208 bytes,    4941304 total
- age   8:    6114992 bytes,   11056296 total
: 101134K->14995K(109248K), 0,0203976 secs] 101134K->14995K(502464K), 0,0204669 secs] [Times: user=0,05 sys=0,00, real=0,02 secs] 
Heap after GC invocations=8 (full 1):
 par new generation   total 109248K, used 14995K [0x00000000e0000000, 0x00000000e8000000, 0x00000000e8000000)
  eden space 87424K,   0% used [0x00000000e0000000, 0x00000000e0000000, 0x00000000e5560000)
  from space 21824K,  68% used [0x00000000e5560000, 0x00000000e6404da0, 0x00000000e6ab0000)
  to   space 21824K,   0% used [0x00000000e6ab0000, 0x00000000e6ab0000, 0x00000000e8000000)
 concurrent mark-sweep generation total 393216K, used 0K [0x00000000e8000000, 0x0000000100000000, 0x0000000100000000)
 Metaspace       used 24755K, capacity 25216K, committed 25392K, reserved 1071104K
  class space    used 2897K, capacity 3091K, committed 3120K, reserved 1048576K
}
2017-05-20T03:35:34.420+0200: 3,749: Total time for which application threads were stopped: 0,0310854 seconds, Stopping threads took: 0,0104715 seconds
2017-05-20T03:35:34.593+0200: 3,921: Total time for which application threads were stopped: 0,0005007 seconds, Stopping threads took: 0,0000358 seconds
2017-05-20T03:35:34.690+0200: 4,019: Total time for which application threads were stopped: 0,0004799 seconds, Stopping threads took: 0,0000317 seconds
2017-05-20T03:35:34.706+0200: 4,034: Total time for which application threads were stopped: 0,0004455 seconds, Stopping threads took: 0,0000328 seconds
{Heap before GC invocations=8 (full 1):
 par new generation   total 109248K, used 102419K [0x00000000e0000000, 0x00000000e8000000, 0x00000000e8000000)
  eden space 87424K, 100% used [0x00000000e0000000, 0x00000000e5560000, 0x00000000e5560000)
  from space 21824K,  68% used [0x00000000e5560000, 0x00000000e6404da0, 0x00000000e6ab0000)
  to   space 21824K,   0% used [0x00000000e6ab0000, 0x00000000e6ab0000, 0x00000000e8000000)
 concurrent mark-sweep generation total 393216K, used 0K [0x00000000e8000000, 0x0000000100000000, 0x0000000100000000)
 Metaspace       used 26450K, capacity 26980K, committed 27056K, reserved 1073152K
  class space    used 3035K, capacity 3233K, committed 3248K, reserved 1048576K
2017-05-20T03:35:34.714+0200: 4,042: [GC (Allocation Failure) 2017-05-20T03:35:34.714+0200: 4,042: [ParNew
Desired survivor size 20112992 bytes, new threshold 8 (max 8)
- age   1:    6973536 bytes,    6973536 total
- age   2:     199696 bytes,    7173232 total
- age   3:     212800 bytes,    7386032 total
- age   4:    1767488 bytes,    9153520 total
- age   5:      66344 bytes,    9219864 total
- age   6:      71136 bytes,    9291000 total
- age   7:     176632 bytes,    9467632 total
- age   8:     758976 bytes,   10226608 total
: 102419K->14287K(109248K), 0,0344777 secs] 102419K->20337K(502464K), 0,0345581 secs] [Times: user=0,11 sys=0,00, real=0,04 secs] 
Heap after GC invocations=9 (full 1):
 par new generation   total 109248K, used 14287K [0x00000000e0000000, 0x00000000e8000000, 0x00000000e8000000)
  eden space 87424K,   0% used [0x00000000e0000000, 0x00000000e0000000, 0x00000000e5560000)
  from space 21824K,  65% used [0x00000000e6ab0000, 0x00000000e78a3d10, 0x00000000e8000000)
  to   space 21824K,   0% used [0x00000000e5560000, 0x00000000e5560000, 0x00000000e6ab0000)
 concurrent mark-sweep generation total 393216K, used 6049K [0x00000000e8000000, 0x0000000100000000, 0x0000000100000000)
 Metaspace       used 26450K, capacity 26980K, committed 27056K, reserved 1073152K
  class space    used 3035K, capacity 3233K, committed 3248K, reserved 1048576K
}
2017-05-20T03:35:34.748+0200: 4,077: Total time for which application threads were stopped: 0,0349672 seconds, Stopping threads took: 0,0000339 seconds
2017-05-20T03:35:34.754+0200: 4,083: Total time for which application threads were stopped: 0,0005998 seconds, Stopping threads took: 0,0005028 seconds
2017-05-20T03:35:34.813+0200: 4,142: Total time for which application threads were stopped: 0,0005172 seconds, Stopping threads took: 0,0000416 seconds
2017-05-20T03:35:34.821+0200: 4,150: Total time for which application threads were stopped: 0,0001418 seconds, Stopping threads took: 0,0000490 seconds
2017-05-20T03:35:34.824+0200: 4,153: Total time for which application threads were stopped: 0,0003078 seconds, Stopping threads took: 0,0002152 seconds
2017-05-20T03:35:34.826+0200: 4,155: Total time for which application threads were stopped: 0,0013236 seconds, Stopping threads took: 0,0012474 seconds
2017-05-20T03:35:34.833+0200: 4,162: Total time for which application threads were stopped: 0,0001374 seconds, Stopping threads took: 0,0000419 seconds
2017-05-20T03:35:34.834+0200: 4,162: Total time for which application threads were stopped: 0,0001120 seconds, Stopping threads took: 0,0000160 seconds
2017-05-20T03:35:34.834+0200: 4,163: Total time for which application threads were stopped: 0,0001056 seconds, Stopping threads took: 0,0000259 seconds
2017-05-20T03:35:34.836+0200: 4,165: Total time for which application threads were stopped: 0,0001326 seconds, Stopping threads took: 0,0000371 seconds
2017-05-20T03:35:34.836+0200: 4,165: Total time for which application threads were stopped: 0,0000787 seconds, Stopping threads took: 0,0000205 seconds
2017-05-20T03:35:34.836+0200: 4,165: Total time for which application threads were stopped: 0,0000767 seconds, Stopping threads took: 0,0000173 seconds
2017-05-20T03:35:34.836+0200: 4,165: Total time for which application threads were stopped: 0,0000683 seconds, Stopping threads took: 0,0000156 seconds
2017-05-20T03:35:34.836+0200: 4,165: Total time for which application threads were stopped: 0,0000677 seconds, Stopping threads took: 0,0000163 seconds
2017-05-20T03:35:34.837+0200: 4,165: Total time for which application threads were stopped: 0,0000748 seconds, Stopping threads took: 0,0000182 seconds
2017-05-20T03:35:34.837+0200: 4,166: Total time for which application threads were stopped: 0,0000717 seconds, Stopping threads took: 0,0000177 seconds
2017-05-20T03:35:34.837+0200: 4,166: Total time for which application threads were stopped: 0,0000686 seconds, Stopping threads took: 0,0000189 seconds
2017-05-20T03:35:34.837+0200: 4,166: Total time for which application threads were stopped: 0,0000964 seconds, Stopping threads took: 0,0000359 seconds
2017-05-20T03:35:34.837+0200: 4,166: Total time for which application threads were stopped: 0,0000655 seconds, Stopping threads took: 0,0000194 seconds
2017-05-20T03:35:34.837+0200: 4,166: Total time for which application threads were stopped: 0,0000887 seconds, Stopping threads took: 0,0000215 seconds
2017-05-20T03:35:34.838+0200: 4,166: Total time for which application threads were stopped: 0,0000739 seconds, Stopping threads took: 0,0000162 seconds
2017-05-20T03:35:34.838+0200: 4,167: Total time for which application threads were stopped: 0,0000745 seconds, Stopping threads took: 0,0000185 seconds
2017-05-20T03:35:34.838+0200: 4,167: Total time for which application threads were stopped: 0,0000611 seconds, Stopping threads took: 0,0000171 seconds
2017-05-20T03:35:34.838+0200: 4,167: Total time for which application threads were stopped: 0,0002148 seconds, Stopping threads took: 0,0000173 seconds
2017-05-20T03:35:34.839+0200: 4,167: Total time for which application threads were stopped: 0,0000862 seconds, Stopping threads took: 0,0000275 seconds
2017-05-20T03:35:34.839+0200: 4,168: Total time for which application threads were stopped: 0,0000837 seconds, Stopping threads took: 0,0000183 seconds
2017-05-20T03:35:34.839+0200: 4,168: Total time for which application threads were stopped: 0,0000792 seconds, Stopping threads took: 0,0000178 seconds
2017-05-20T03:35:34.839+0200: 4,168: Total time for which application threads were stopped: 0,0000836 seconds, Stopping threads took: 0,0000191 seconds
2017-05-20T03:35:34.839+0200: 4,168: Total time for which application threads were stopped: 0,0000694 seconds, Stopping threads took: 0,0000189 seconds
2017-05-20T03:35:34.839+0200: 4,168: Total time for which application threads were stopped: 0,0000857 seconds, Stopping threads took: 0,0000215 seconds
2017-05-20T03:35:34.840+0200: 4,168: Total time for which application threads were stopped: 0,0000685 seconds, Stopping threads took: 0,0000158 seconds
2017-05-20T03:35:34.840+0200: 4,168: Total time for which application threads were stopped: 0,0000649 seconds, Stopping threads took: 0,0000151 seconds
2017-05-20T03:35:34.840+0200: 4,169: Total time for which application threads were stopped: 0,0000603 seconds, Stopping threads took: 0,0000167 seconds
2017-05-20T03:35:34.840+0200: 4,169: Total time for which application threads were stopped: 0,0000679 seconds, Stopping threads took: 0,0000160 seconds
2017-05-20T03:35:34.840+0200: 4,169: Total time for which application threads were stopped: 0,0000783 seconds, Stopping threads took: 0,0000183 seconds
2017-05-20T03:35:34.842+0200: 4,170: Total time for which application threads were stopped: 0,0015198 seconds, Stopping threads took: 0,0014408 seconds
2017-05-20T03:35:34.842+0200: 4,171: Total time for which application threads were stopped: 0,0000824 seconds, Stopping threads took: 0,0000207 seconds
2017-05-20T03:35:34.842+0200: 4,171: Total time for which application threads were stopped: 0,0000796 seconds, Stopping threads took: 0,0000167 seconds
2017-05-20T03:35:34.842+0200: 4,171: Total time for which application threads were stopped: 0,0000765 seconds, Stopping threads took: 0,0000192 seconds
2017-05-20T03:35:34.842+0200: 4,171: Total time for which application threads were stopped: 0,0000823 seconds, Stopping threads took: 0,0000203 seconds
2017-05-20T03:35:34.843+0200: 4,171: Total time for which application threads were stopped: 0,0000723 seconds, Stopping threads took: 0,0000169 seconds
2017-05-20T03:35:34.843+0200: 4,172: Total time for which application threads were stopped: 0,0000742 seconds, Stopping threads took: 0,0000163 seconds
2017-05-20T03:35:34.843+0200: 4,172: Total time for which application threads were stopped: 0,0000724 seconds, Stopping threads took: 0,0000221 seconds
2017-05-20T03:35:34.843+0200: 4,172: Total time for which application threads were stopped: 0,0001693 seconds, Stopping threads took: 0,0000165 seconds
2017-05-20T03:35:34.848+0200: 4,177: Total time for which application threads were stopped: 0,0001419 seconds, Stopping threads took: 0,0000359 seconds
2017-05-20T03:35:34.880+0200: 4,209: Total time for which application threads were stopped: 0,0140639 seconds, Stopping threads took: 0,0139559 seconds
2017-05-20T03:35:34.889+0200: 4,218: Total time for which application threads were stopped: 0,0001392 seconds, Stopping threads took: 0,0000373 seconds
2017-05-20T03:35:34.968+0200: 4,297: Total time for which application threads were stopped: 0,0062078 seconds, Stopping threads took: 0,0060797 seconds
2017-05-20T03:35:35.011+0200: 4,339: Total time for which application threads were stopped: 0,0005660 seconds, Stopping threads took: 0,0000441 seconds
2017-05-20T03:35:35.011+0200: 4,340: Total time for which application threads were stopped: 0,0001815 seconds, Stopping threads took: 0,0000566 seconds
2017-05-20T03:35:36.011+0200: 5,340: Total time for which application threads were stopped: 0,0001154 seconds, Stopping threads took: 0,0000295 seconds
2017-05-20T03:35:37.011+0200: 6,340: Total time for which application threads were stopped: 0,0000774 seconds, Stopping threads took: 0,0000204 seconds
2017-05-20T03:35:38.011+0200: 7,340: Total time for which application threads were stopped: 0,0000791 seconds, Stopping threads took: 0,0000178 seconds
2017-05-20T03:35:52.013+0200: 21,342: Total time for which application threads were stopped: 0,0000721 seconds, Stopping threads took: 0,0000193 seconds
2017-05-20T03:36:03.014+0200: 32,343: Total time for which application threads were stopped: 0,0004460 seconds, Stopping threads took: 0,0003735 seconds
2017-05-20T03:36:53.020+0200: 82,349: Total time for which application threads were stopped: 0,0000620 seconds, Stopping threads took: 0,0000164 seconds
2017-05-20T03:37:28.024+0200: 117,353: Total time for which application threads were stopped: 0,0001062 seconds, Stopping threads took: 0,0000394 seconds
2017-05-20T03:37:33.025+0200: 122,353: Total time for which application threads were stopped: 0,0000644 seconds, Stopping threads took: 0,0000152 seconds
2017-05-20T03:40:08.041+0200: 277,369: Total time for which application threads were stopped: 0,0001006 seconds, Stopping threads took: 0,0000507 seconds
2017-05-20T03:55:43.846+0200: 1213,174: Total time for which application threads were stopped: 0,0635739 seconds, Stopping threads took: 0,0634963 seconds
2017-05-20T03:55:43.868+0200: 1213,197: Total time for which application threads were stopped: 0,0001105 seconds, Stopping threads took: 0,0000277 seconds
2017-05-20T03:55:43.868+0200: 1213,197: Total time for which application threads were stopped: 0,0000827 seconds, Stopping threads took: 0,0000253 seconds
2017-05-20T03:55:43.869+0200: 1213,198: Total time for which application threads were stopped: 0,0000922 seconds, Stopping threads took: 0,0000179 seconds
2017-05-20T03:55:43.869+0200: 1213,198: Total time for which application threads were stopped: 0,0000393 seconds, Stopping threads took: 0,0000054 seconds
2017-05-20T03:55:43.869+0200: 1213,198: Total time for which application threads were stopped: 0,0000363 seconds, Stopping threads took: 0,0000050 seconds
2017-05-20T03:55:43.870+0200: 1213,198: Total time for which application threads were stopped: 0,0000356 seconds, Stopping threads took: 0,0000051 seconds
2017-05-20T03:55:43.870+0200: 1213,198: Total time for which application threads were stopped: 0,0000611 seconds, Stopping threads took: 0,0000046 seconds
2017-05-20T03:55:43.870+0200: 1213,198: Total time for which application threads were stopped: 0,0000356 seconds, Stopping threads took: 0,0000051 seconds
2017-05-20T03:55:43.892+0200: 1213,220: Total time for which application threads were stopped: 0,0019238 seconds, Stopping threads took: 0,0018389 seconds
2017-05-20T03:55:43.897+0200: 1213,226: Total time for which application threads were stopped: 0,0039712 seconds, Stopping threads took: 0,0039001 seconds
2017-05-20T03:55:43.899+0200: 1213,228: Total time for which application threads were stopped: 0,0000756 seconds, Stopping threads took: 0,0000153 seconds
2017-05-20T03:55:43.906+0200: 1213,235: Total time for which application threads were stopped: 0,0000923 seconds, Stopping threads took: 0,0000166 seconds
2017-05-20T03:55:43.906+0200: 1213,235: Total time for which application threads were stopped: 0,0000427 seconds, Stopping threads took: 0,0000060 seconds
2017-05-20T03:55:43.908+0200: 1213,237: Total time for which application threads were stopped: 0,0000947 seconds, Stopping threads took: 0,0000274 seconds
2017-05-20T03:55:43.911+0200: 1213,240: Total time for which application threads were stopped: 0,0000879 seconds, Stopping threads took: 0,0000267 seconds
2017-05-20T03:55:43.911+0200: 1213,240: Total time for which application threads were stopped: 0,0000366 seconds, Stopping threads took: 0,0000047 seconds
2017-05-20T03:55:43.911+0200: 1213,240: Total time for which application threads were stopped: 0,0000360 seconds, Stopping threads took: 0,0000047 seconds
2017-05-20T03:55:43.915+0200: 1213,244: Total time for which application threads were stopped: 0,0000984 seconds, Stopping threads took: 0,0000158 seconds
2017-05-20T03:55:43.918+0200: 1213,247: Total time for which application threads were stopped: 0,0018855 seconds, Stopping threads took: 0,0017888 seconds
2017-05-20T03:55:43.921+0200: 1213,250: Total time for which application threads were stopped: 0,0001073 seconds, Stopping threads took: 0,0000312 seconds
2017-05-20T03:55:43.922+0200: 1213,250: Total time for which application threads were stopped: 0,0000496 seconds, Stopping threads took: 0,0000149 seconds
2017-05-20T03:55:43.923+0200: 1213,252: Total time for which application threads were stopped: 0,0000824 seconds, Stopping threads took: 0,0000133 seconds
2017-05-20T03:55:43.926+0200: 1213,255: Total time for which application threads were stopped: 0,0001202 seconds, Stopping threads took: 0,0000401 seconds
2017-05-20T03:55:43.928+0200: 1213,257: Total time for which application threads were stopped: 0,0000767 seconds, Stopping threads took: 0,0000272 seconds
2017-05-20T03:55:43.928+0200: 1213,257: Total time for which application threads were stopped: 0,0000573 seconds, Stopping threads took: 0,0000268 seconds
2017-05-20T03:55:43.928+0200: 1213,257: Total time for which application threads were stopped: 0,0000269 seconds, Stopping threads took: 0,0000082 seconds
2017-05-20T03:55:43.928+0200: 1213,257: Total time for which application threads were stopped: 0,0000358 seconds, Stopping threads took: 0,0000143 seconds
2017-05-20T03:55:43.928+0200: 1213,257: Total time for which application threads were stopped: 0,0000294 seconds, Stopping threads took: 0,0000079 seconds
2017-05-20T03:55:43.929+0200: 1213,257: Total time for which application threads were stopped: 0,0001064 seconds, Stopping threads took: 0,0000044 seconds
2017-05-20T03:55:43.929+0200: 1213,258: Total time for which application threads were stopped: 0,0000531 seconds, Stopping threads took: 0,0000201 seconds
2017-05-20T03:55:43.930+0200: 1213,259: Total time for which application threads were stopped: 0,0001975 seconds, Stopping threads took: 0,0001003 seconds
2017-05-20T03:55:43.932+0200: 1213,261: Total time for which application threads were stopped: 0,0000826 seconds, Stopping threads took: 0,0000202 seconds
2017-05-20T03:55:43.935+0200: 1213,264: Total time for which application threads were stopped: 0,0023491 seconds, Stopping threads took: 0,0022678 seconds
Heap
 par new generation   total 109248K, used 59051K [0x00000000e0000000, 0x00000000e8000000, 0x00000000e8000000)
  eden space 87424K,  51% used [0x00000000e0000000, 0x00000000e2bb7290, 0x00000000e5560000)
  from space 21824K,  65% used [0x00000000e6ab0000, 0x00000000e78a3d10, 0x00000000e8000000)
  to   space 21824K,   0% used [0x00000000e5560000, 0x00000000e5560000, 0x00000000e6ab0000)
 concurrent mark-sweep generation total 393216K, used 6049K [0x00000000e8000000, 0x0000000100000000, 0x0000000100000000)
 Metaspace       used 28120K, capacity 28678K, committed 28848K, reserved 1075200K
  class space    used 3230K, capacity 3430K, committed 3504K, reserved 1048576K
