OpenJDK 64-Bit Server VM (25.121-b13) for linux-amd64 JRE (1.8.0_121-8u121-b13-0ubuntu1.16.04.2-b13), built on Jan 23 2017 15:51:29 by "buildd" with gcc 5.4.0 20160609
Memory: 4k page, physical 7867760k(7445684k free), swap 8076284k(8076284k free)
CommandLine flags: -XX:CMSInitiatingOccupancyFraction=50 -XX:CMSMaxAbortablePrecleanTime=6000 -XX:+CMSParallelRemarkEnabled -XX:+CMSScavengeBeforeRemark -XX:ConcGCThreads=4 -XX:InitialHeapSize=536870912 -XX:MaxHeapSize=536870912 -XX:MaxTenuringThreshold=8 -XX:NewRatio=3 -XX:OldPLABSize=16 -XX:OnOutOfMemoryError=/opt/solr/bin/oom_solr.sh 8983 /var/solr/logs -XX:ParallelGCThreads=4 -XX:+ParallelRefProcEnabled -XX:PretenureSizeThreshold=67108864 -XX:+PrintGC -XX:+PrintGCApplicationStoppedTime -XX:+PrintGCDateStamps -XX:+PrintGCDetails -XX:+PrintGCTimeStamps -XX:+PrintHeapAtGC -XX:+PrintTenuringDistribution -XX:SurvivorRatio=4 -XX:TargetSurvivorRatio=90 -XX:ThreadStackSize=256 -XX:+UseCMSInitiatingOccupancyOnly -XX:+UseCompressedClassPointers -XX:+UseCompressedOops -XX:+UseConcMarkSweepGC -XX:+UseParNewGC 
2017-03-29T10:25:28.816+0200: 0,153: Total time for which application threads were stopped: 0,0000751 seconds, Stopping threads took: 0,0000129 seconds
2017-03-29T10:25:28.897+0200: 0,234: Total time for which application threads were stopped: 0,0001820 seconds, Stopping threads took: 0,0000161 seconds
2017-03-29T10:25:28.912+0200: 0,248: Total time for which application threads were stopped: 0,0001086 seconds, Stopping threads took: 0,0000270 seconds
2017-03-29T10:25:29.130+0200: 0,467: Total time for which application threads were stopped: 0,0001188 seconds, Stopping threads took: 0,0000150 seconds
2017-03-29T10:25:29.489+0200: 0,826: Total time for which application threads were stopped: 0,0001615 seconds, Stopping threads took: 0,0000122 seconds
2017-03-29T10:25:29.558+0200: 0,895: Total time for which application threads were stopped: 0,0002019 seconds, Stopping threads took: 0,0000188 seconds
2017-03-29T10:25:29.581+0200: 0,918: Total time for which application threads were stopped: 0,0001770 seconds, Stopping threads took: 0,0000187 seconds
2017-03-29T10:25:29.948+0200: 1,285: Total time for which application threads were stopped: 0,0002079 seconds, Stopping threads took: 0,0000200 seconds
2017-03-29T10:25:30.260+0200: 1,597: Total time for which application threads were stopped: 0,0001890 seconds, Stopping threads took: 0,0000215 seconds
2017-03-29T10:25:30.287+0200: 1,624: Total time for which application threads were stopped: 0,0002003 seconds, Stopping threads took: 0,0000306 seconds
2017-03-29T10:25:30.319+0200: 1,656: Total time for which application threads were stopped: 0,0003289 seconds, Stopping threads took: 0,0000474 seconds
2017-03-29T10:25:30.321+0200: 1,658: Total time for which application threads were stopped: 0,0001747 seconds, Stopping threads took: 0,0000175 seconds
2017-03-29T10:25:30.338+0200: 1,675: Total time for which application threads were stopped: 0,0001785 seconds, Stopping threads took: 0,0000175 seconds
2017-03-29T10:25:30.438+0200: 1,775: Total time for which application threads were stopped: 0,0002283 seconds, Stopping threads took: 0,0000188 seconds
2017-03-29T10:25:30.614+0200: 1,951: Total time for which application threads were stopped: 0,0002805 seconds, Stopping threads took: 0,0000636 seconds
{Heap before GC invocations=0 (full 0):
 par new generation   total 109248K, used 87424K [0x00000000e0000000, 0x00000000e8000000, 0x00000000e8000000)
  eden space 87424K, 100% used [0x00000000e0000000, 0x00000000e5560000, 0x00000000e5560000)
  from space 21824K,   0% used [0x00000000e5560000, 0x00000000e5560000, 0x00000000e6ab0000)
  to   space 21824K,   0% used [0x00000000e6ab0000, 0x00000000e6ab0000, 0x00000000e8000000)
 concurrent mark-sweep generation total 393216K, used 0K [0x00000000e8000000, 0x0000000100000000, 0x0000000100000000)
 Metaspace       used 17784K, capacity 18112K, committed 18304K, reserved 1064960K
  class space    used 2024K, capacity 2164K, committed 2176K, reserved 1048576K
2017-03-29T10:25:30.646+0200: 1,983: [GC (Allocation Failure) 2017-03-29T10:25:30.646+0200: 1,983: [ParNew
Desired survivor size 20112992 bytes, new threshold 8 (max 8)
- age   1:   11555648 bytes,   11555648 total
: 87424K->11397K(109248K), 0,0144334 secs] 87424K->11397K(502464K), 0,0145169 secs] [Times: user=0,04 sys=0,00, real=0,02 secs] 
Heap after GC invocations=1 (full 0):
 par new generation   total 109248K, used 11397K [0x00000000e0000000, 0x00000000e8000000, 0x00000000e8000000)
  eden space 87424K,   0% used [0x00000000e0000000, 0x00000000e0000000, 0x00000000e5560000)
  from space 21824K,  52% used [0x00000000e6ab0000, 0x00000000e75d1410, 0x00000000e8000000)
  to   space 21824K,   0% used [0x00000000e5560000, 0x00000000e5560000, 0x00000000e6ab0000)
 concurrent mark-sweep generation total 393216K, used 0K [0x00000000e8000000, 0x0000000100000000, 0x0000000100000000)
 Metaspace       used 17784K, capacity 18112K, committed 18304K, reserved 1064960K
  class space    used 2024K, capacity 2164K, committed 2176K, reserved 1048576K
}
2017-03-29T10:25:30.660+0200: 1,997: Total time for which application threads were stopped: 0,0152548 seconds, Stopping threads took: 0,0005939 seconds
2017-03-29T10:25:31.008+0200: 2,344: Total time for which application threads were stopped: 0,0003600 seconds, Stopping threads took: 0,0000448 seconds
{Heap before GC invocations=1 (full 0):
 par new generation   total 109248K, used 98821K [0x00000000e0000000, 0x00000000e8000000, 0x00000000e8000000)
  eden space 87424K, 100% used [0x00000000e0000000, 0x00000000e5560000, 0x00000000e5560000)
  from space 21824K,  52% used [0x00000000e6ab0000, 0x00000000e75d1410, 0x00000000e8000000)
  to   space 21824K,   0% used [0x00000000e5560000, 0x00000000e5560000, 0x00000000e6ab0000)
 concurrent mark-sweep generation total 393216K, used 0K [0x00000000e8000000, 0x0000000100000000, 0x0000000100000000)
 Metaspace       used 20023K, capacity 20366K, committed 20736K, reserved 1067008K
  class space    used 2295K, capacity 2471K, committed 2560K, reserved 1048576K
2017-03-29T10:25:31.054+0200: 2,391: [GC (Allocation Failure) 2017-03-29T10:25:31.054+0200: 2,391: [ParNew
Desired survivor size 20112992 bytes, new threshold 8 (max 8)
- age   1:    4153568 bytes,    4153568 total
- age   2:    6123120 bytes,   10276688 total
: 98821K->10907K(109248K), 0,0176299 secs] 98821K->10907K(502464K), 0,0176981 secs] [Times: user=0,06 sys=0,00, real=0,02 secs] 
Heap after GC invocations=2 (full 0):
 par new generation   total 109248K, used 10907K [0x00000000e0000000, 0x00000000e8000000, 0x00000000e8000000)
  eden space 87424K,   0% used [0x00000000e0000000, 0x00000000e0000000, 0x00000000e5560000)
  from space 21824K,  49% used [0x00000000e5560000, 0x00000000e6006eb0, 0x00000000e6ab0000)
  to   space 21824K,   0% used [0x00000000e6ab0000, 0x00000000e6ab0000, 0x00000000e8000000)
 concurrent mark-sweep generation total 393216K, used 0K [0x00000000e8000000, 0x0000000100000000, 0x0000000100000000)
 Metaspace       used 20023K, capacity 20366K, committed 20736K, reserved 1067008K
  class space    used 2295K, capacity 2471K, committed 2560K, reserved 1048576K
}
2017-03-29T10:25:31.072+0200: 2,408: Total time for which application threads were stopped: 0,0178598 seconds, Stopping threads took: 0,0000218 seconds
2017-03-29T10:25:31.082+0200: 2,418: Total time for which application threads were stopped: 0,0003322 seconds, Stopping threads took: 0,0000556 seconds
2017-03-29T10:25:31.134+0200: 2,471: Total time for which application threads were stopped: 0,0040810 seconds, Stopping threads took: 0,0037129 seconds
2017-03-29T10:25:31.276+0200: 2,613: Total time for which application threads were stopped: 0,0001781 seconds, Stopping threads took: 0,0000243 seconds
{Heap before GC invocations=2 (full 0):
 par new generation   total 109248K, used 98331K [0x00000000e0000000, 0x00000000e8000000, 0x00000000e8000000)
  eden space 87424K, 100% used [0x00000000e0000000, 0x00000000e5560000, 0x00000000e5560000)
  from space 21824K,  49% used [0x00000000e5560000, 0x00000000e6006eb0, 0x00000000e6ab0000)
  to   space 21824K,   0% used [0x00000000e6ab0000, 0x00000000e6ab0000, 0x00000000e8000000)
 concurrent mark-sweep generation total 393216K, used 0K [0x00000000e8000000, 0x0000000100000000, 0x0000000100000000)
 Metaspace       used 20954K, capacity 21288K, committed 21552K, reserved 1069056K
  class space    used 2420K, capacity 2590K, committed 2608K, reserved 1048576K
2017-03-29T10:25:31.303+0200: 2,640: [GC (Allocation Failure) 2017-03-29T10:25:31.303+0200: 2,640: [ParNew
Desired survivor size 20112992 bytes, new threshold 8 (max 8)
- age   1:    1995488 bytes,    1995488 total
- age   2:    1373832 bytes,    3369320 total
- age   3:    6121408 bytes,    9490728 total
: 98331K->11681K(109248K), 0,0092587 secs] 98331K->11681K(502464K), 0,0093286 secs] [Times: user=0,03 sys=0,00, real=0,01 secs] 
Heap after GC invocations=3 (full 0):
 par new generation   total 109248K, used 11681K [0x00000000e0000000, 0x00000000e8000000, 0x00000000e8000000)
  eden space 87424K,   0% used [0x00000000e0000000, 0x00000000e0000000, 0x00000000e5560000)
  from space 21824K,  53% used [0x00000000e6ab0000, 0x00000000e7618438, 0x00000000e8000000)
  to   space 21824K,   0% used [0x00000000e5560000, 0x00000000e5560000, 0x00000000e6ab0000)
 concurrent mark-sweep generation total 393216K, used 0K [0x00000000e8000000, 0x0000000100000000, 0x0000000100000000)
 Metaspace       used 20954K, capacity 21288K, committed 21552K, reserved 1069056K
  class space    used 2420K, capacity 2590K, committed 2608K, reserved 1048576K
}
2017-03-29T10:25:31.312+0200: 2,649: Total time for which application threads were stopped: 0,0104170 seconds, Stopping threads took: 0,0009533 seconds
2017-03-29T10:25:31.312+0200: 2,649: [GC (CMS Initial Mark) [1 CMS-initial-mark: 0K(393216K)] 11697K(502464K), 0,0051155 secs] [Times: user=0,01 sys=0,00, real=0,00 secs] 
2017-03-29T10:25:31.318+0200: 2,654: Total time for which application threads were stopped: 0,0052456 seconds, Stopping threads took: 0,0000248 seconds
2017-03-29T10:25:31.318+0200: 2,654: [CMS-concurrent-mark-start]
2017-03-29T10:25:31.318+0200: 2,655: [CMS-concurrent-mark: 0,001/0,001 secs] [Times: user=0,00 sys=0,00, real=0,01 secs] 
2017-03-29T10:25:31.318+0200: 2,655: [CMS-concurrent-preclean-start]
2017-03-29T10:25:31.319+0200: 2,656: [CMS-concurrent-preclean: 0,001/0,001 secs] [Times: user=0,00 sys=0,00, real=0,00 secs] 
2017-03-29T10:25:31.320+0200: 2,657: [GC (CMS Final Remark) [YG occupancy: 13201 K (109248 K)]{Heap before GC invocations=3 (full 1):
 par new generation   total 109248K, used 13201K [0x00000000e0000000, 0x00000000e8000000, 0x00000000e8000000)
  eden space 87424K,   1% used [0x00000000e0000000, 0x00000000e017c000, 0x00000000e5560000)
  from space 21824K,  53% used [0x00000000e6ab0000, 0x00000000e7618438, 0x00000000e8000000)
  to   space 21824K,   0% used [0x00000000e5560000, 0x00000000e5560000, 0x00000000e6ab0000)
 concurrent mark-sweep generation total 393216K, used 0K [0x00000000e8000000, 0x0000000100000000, 0x0000000100000000)
 Metaspace       used 20954K, capacity 21288K, committed 21552K, reserved 1069056K
  class space    used 2420K, capacity 2590K, committed 2608K, reserved 1048576K
2017-03-29T10:25:31.320+0200: 2,657: [GC (CMS Final Remark) 2017-03-29T10:25:31.320+0200: 2,657: [ParNew
Desired survivor size 20112992 bytes, new threshold 8 (max 8)
- age   1:     145216 bytes,     145216 total
- age   2:    1506496 bytes,    1651712 total
- age   3:    1343120 bytes,    2994832 total
- age   4:    6121416 bytes,    9116248 total
: 13201K->13931K(109248K), 0,0089703 secs] 13201K->13931K(502464K), 0,0090096 secs] [Times: user=0,03 sys=0,00, real=0,00 secs] 
Heap after GC invocations=4 (full 1):
 par new generation   total 109248K, used 13931K [0x00000000e0000000, 0x00000000e8000000, 0x00000000e8000000)
  eden space 87424K,   0% used [0x00000000e0000000, 0x00000000e0000000, 0x00000000e5560000)
  from space 21824K,  63% used [0x00000000e5560000, 0x00000000e62fac70, 0x00000000e6ab0000)
  to   space 21824K,   0% used [0x00000000e6ab0000, 0x00000000e6ab0000, 0x00000000e8000000)
 concurrent mark-sweep generation total 393216K, used 0K [0x00000000e8000000, 0x0000000100000000, 0x0000000100000000)
 Metaspace       used 20954K, capacity 21288K, committed 21552K, reserved 1069056K
  class space    used 2420K, capacity 2590K, committed 2608K, reserved 1048576K
}
2017-03-29T10:25:31.329+0200: 2,666: [Rescan (parallel) , 0,0035306 secs]2017-03-29T10:25:31.332+0200: 2,669: [weak refs processing, 0,0009297 secs]2017-03-29T10:25:31.333+0200: 2,670: [class unloading, 0,0027269 secs]2017-03-29T10:25:31.336+0200: 2,673: [scrub symbol table, 0,0024863 secs]2017-03-29T10:25:31.339+0200: 2,675: [scrub string table, 0,0003499 secs][1 CMS-remark: 0K(393216K)] 13931K(502464K), 0,0196747 secs] [Times: user=0,05 sys=0,00, real=0,02 secs] 
2017-03-29T10:25:31.339+0200: 2,676: Total time for which application threads were stopped: 0,0198977 seconds, Stopping threads took: 0,0001566 seconds
2017-03-29T10:25:31.339+0200: 2,676: [CMS-concurrent-sweep-start]
2017-03-29T10:25:31.340+0200: 2,676: [CMS-concurrent-sweep: 0,000/0,000 secs] [Times: user=0,00 sys=0,00, real=0,00 secs] 
2017-03-29T10:25:31.342+0200: 2,679: [CMS-concurrent-reset-start]
2017-03-29T10:25:31.347+0200: 2,684: [CMS-concurrent-reset: 0,005/0,005 secs] [Times: user=0,02 sys=0,00, real=0,00 secs] 
{Heap before GC invocations=4 (full 1):
 par new generation   total 109248K, used 101355K [0x00000000e0000000, 0x00000000e8000000, 0x00000000e8000000)
  eden space 87424K, 100% used [0x00000000e0000000, 0x00000000e5560000, 0x00000000e5560000)
  from space 21824K,  63% used [0x00000000e5560000, 0x00000000e62fac70, 0x00000000e6ab0000)
  to   space 21824K,   0% used [0x00000000e6ab0000, 0x00000000e6ab0000, 0x00000000e8000000)
 concurrent mark-sweep generation total 393216K, used 0K [0x00000000e8000000, 0x0000000100000000, 0x0000000100000000)
 Metaspace       used 21186K, capacity 21564K, committed 21808K, reserved 1069056K
  class space    used 2447K, capacity 2605K, committed 2608K, reserved 1048576K
2017-03-29T10:25:31.451+0200: 2,788: [GC (Allocation Failure) 2017-03-29T10:25:31.451+0200: 2,788: [ParNew
Desired survivor size 20112992 bytes, new threshold 8 (max 8)
- age   1:    1502736 bytes,    1502736 total
- age   2:        400 bytes,    1503136 total
- age   3:    1478288 bytes,    2981424 total
- age   4:    1339040 bytes,    4320464 total
- age   5:    6121544 bytes,   10442008 total
: 101355K->12505K(109248K), 0,0100656 secs] 101355K->12505K(502464K), 0,0101440 secs] [Times: user=0,04 sys=0,00, real=0,01 secs] 
Heap after GC invocations=5 (full 1):
 par new generation   total 109248K, used 12505K [0x00000000e0000000, 0x00000000e8000000, 0x00000000e8000000)
  eden space 87424K,   0% used [0x00000000e0000000, 0x00000000e0000000, 0x00000000e5560000)
  from space 21824K,  57% used [0x00000000e6ab0000, 0x00000000e76e6628, 0x00000000e8000000)
  to   space 21824K,   0% used [0x00000000e5560000, 0x00000000e5560000, 0x00000000e6ab0000)
 concurrent mark-sweep generation total 393216K, used 0K [0x00000000e8000000, 0x0000000100000000, 0x0000000100000000)
 Metaspace       used 21186K, capacity 21564K, committed 21808K, reserved 1069056K
  class space    used 2447K, capacity 2605K, committed 2608K, reserved 1048576K
}
2017-03-29T10:25:31.461+0200: 2,798: Total time for which application threads were stopped: 0,0103944 seconds, Stopping threads took: 0,0001203 seconds
{Heap before GC invocations=5 (full 1):
 par new generation   total 109248K, used 99929K [0x00000000e0000000, 0x00000000e8000000, 0x00000000e8000000)
  eden space 87424K, 100% used [0x00000000e0000000, 0x00000000e5560000, 0x00000000e5560000)
  from space 21824K,  57% used [0x00000000e6ab0000, 0x00000000e76e6628, 0x00000000e8000000)
  to   space 21824K,   0% used [0x00000000e5560000, 0x00000000e5560000, 0x00000000e6ab0000)
 concurrent mark-sweep generation total 393216K, used 0K [0x00000000e8000000, 0x0000000100000000, 0x0000000100000000)
 Metaspace       used 21350K, capacity 21730K, committed 21936K, reserved 1069056K
  class space    used 2467K, capacity 2638K, committed 2736K, reserved 1048576K
2017-03-29T10:25:31.566+0200: 2,903: [GC (Allocation Failure) 2017-03-29T10:25:31.566+0200: 2,903: [ParNew
Desired survivor size 20112992 bytes, new threshold 8 (max 8)
- age   1:    1421960 bytes,    1421960 total
- age   2:     177776 bytes,    1599736 total
- age   3:        400 bytes,    1600136 total
- age   4:    1478144 bytes,    3078280 total
- age   5:    1338928 bytes,    4417208 total
- age   6:    6121472 bytes,   10538680 total
: 99929K->17569K(109248K), 0,0101504 secs] 99929K->17569K(502464K), 0,0102141 secs] [Times: user=0,04 sys=0,01, real=0,01 secs] 
Heap after GC invocations=6 (full 1):
 par new generation   total 109248K, used 17569K [0x00000000e0000000, 0x00000000e8000000, 0x00000000e8000000)
  eden space 87424K,   0% used [0x00000000e0000000, 0x00000000e0000000, 0x00000000e5560000)
  from space 21824K,  80% used [0x00000000e5560000, 0x00000000e6688580, 0x00000000e6ab0000)
  to   space 21824K,   0% used [0x00000000e6ab0000, 0x00000000e6ab0000, 0x00000000e8000000)
 concurrent mark-sweep generation total 393216K, used 0K [0x00000000e8000000, 0x0000000100000000, 0x0000000100000000)
 Metaspace       used 21350K, capacity 21730K, committed 21936K, reserved 1069056K
  class space    used 2467K, capacity 2638K, committed 2736K, reserved 1048576K
}
2017-03-29T10:25:31.576+0200: 2,913: Total time for which application threads were stopped: 0,0126808 seconds, Stopping threads took: 0,0023244 seconds
2017-03-29T10:25:31.616+0200: 2,953: Total time for which application threads were stopped: 0,0004314 seconds, Stopping threads took: 0,0000419 seconds
2017-03-29T10:25:31.843+0200: 3,180: Total time for which application threads were stopped: 0,0004480 seconds, Stopping threads took: 0,0000238 seconds
2017-03-29T10:25:31.858+0200: 3,195: Total time for which application threads were stopped: 0,0003875 seconds, Stopping threads took: 0,0000343 seconds
{Heap before GC invocations=6 (full 1):
 par new generation   total 109248K, used 104993K [0x00000000e0000000, 0x00000000e8000000, 0x00000000e8000000)
  eden space 87424K, 100% used [0x00000000e0000000, 0x00000000e5560000, 0x00000000e5560000)
  from space 21824K,  80% used [0x00000000e5560000, 0x00000000e6688580, 0x00000000e6ab0000)
  to   space 21824K,   0% used [0x00000000e6ab0000, 0x00000000e6ab0000, 0x00000000e8000000)
 concurrent mark-sweep generation total 393216K, used 0K [0x00000000e8000000, 0x0000000100000000, 0x0000000100000000)
 Metaspace       used 23503K, capacity 23988K, committed 24240K, reserved 1071104K
  class space    used 2729K, capacity 2919K, committed 2992K, reserved 1048576K
2017-03-29T10:25:31.998+0200: 3,335: [GC (Allocation Failure) 2017-03-29T10:25:31.998+0200: 3,335: [ParNew
Desired survivor size 20112992 bytes, new threshold 8 (max 8)
- age   1:    4997368 bytes,    4997368 total
- age   2:     110680 bytes,    5108048 total
- age   3:     176424 bytes,    5284472 total
- age   4:        376 bytes,    5284848 total
- age   5:     300688 bytes,    5585536 total
- age   6:    1317800 bytes,    6903336 total
- age   7:    6114824 bytes,   13018160 total
: 104993K->14307K(109248K), 0,0110472 secs] 104993K->14307K(502464K), 0,0111158 secs] [Times: user=0,04 sys=0,00, real=0,00 secs] 
Heap after GC invocations=7 (full 1):
 par new generation   total 109248K, used 14307K [0x00000000e0000000, 0x00000000e8000000, 0x00000000e8000000)
  eden space 87424K,   0% used [0x00000000e0000000, 0x00000000e0000000, 0x00000000e5560000)
  from space 21824K,  65% used [0x00000000e6ab0000, 0x00000000e78a8cc0, 0x00000000e8000000)
  to   space 21824K,   0% used [0x00000000e5560000, 0x00000000e5560000, 0x00000000e6ab0000)
 concurrent mark-sweep generation total 393216K, used 0K [0x00000000e8000000, 0x0000000100000000, 0x0000000100000000)
 Metaspace       used 23503K, capacity 23988K, committed 24240K, reserved 1071104K
  class space    used 2729K, capacity 2919K, committed 2992K, reserved 1048576K
}
2017-03-29T10:25:32.009+0200: 3,346: Total time for which application threads were stopped: 0,0113697 seconds, Stopping threads took: 0,0000746 seconds
2017-03-29T10:25:32.126+0200: 3,463: Total time for which application threads were stopped: 0,0021529 seconds, Stopping threads took: 0,0020343 seconds
{Heap before GC invocations=7 (full 1):
 par new generation   total 109248K, used 109247K [0x00000000e0000000, 0x00000000e8000000, 0x00000000e8000000)
  eden space 87424K, 100% used [0x00000000e0000000, 0x00000000e5560000, 0x00000000e5560000)
  from space 21824K,  99% used [0x00000000e6ab0000, 0x00000000e7fffff8, 0x00000000e8000000)
  to   space 21824K,   0% used [0x00000000e5560000, 0x00000000e5560000, 0x00000000e6ab0000)
 concurrent mark-sweep generation total 393216K, used 17K [0x00000000e8000000, 0x0000000100000000, 0x0000000100000000)
 Metaspace       used 24111K, capacity 24538K, committed 24880K, reserved 1071104K
  class space    used 2841K, capacity 3016K, committed 3120K, reserved 1048576K
2017-03-29T10:25:32.137+0200: 3,473: [GC (GCLocker Initiated GC) 2017-03-29T10:25:32.137+0200: 3,473: [ParNew
Desired survivor size 20112992 bytes, new threshold 8 (max 8)
- age   1:    2155688 bytes,    2155688 total
- age   2:    1776368 bytes,    3932056 total
- age   3:      52064 bytes,    3984120 total
- age   4:     103176 bytes,    4087296 total
- age   6:     190944 bytes,    4278240 total
- age   7:     957928 bytes,    5236168 total
- age   8:    5902664 bytes,   11138832 total
: 109247K->13406K(109248K), 0,0119078 secs] 109265K->13424K(502464K), 0,0119985 secs] [Times: user=0,04 sys=0,00, real=0,01 secs] 
Heap after GC invocations=8 (full 1):
 par new generation   total 109248K, used 13406K [0x00000000e0000000, 0x00000000e8000000, 0x00000000e8000000)
  eden space 87424K,   0% used [0x00000000e0000000, 0x00000000e0000000, 0x00000000e5560000)
  from space 21824K,  61% used [0x00000000e5560000, 0x00000000e6277b80, 0x00000000e6ab0000)
  to   space 21824K,   0% used [0x00000000e6ab0000, 0x00000000e6ab0000, 0x00000000e8000000)
 concurrent mark-sweep generation total 393216K, used 17K [0x00000000e8000000, 0x0000000100000000, 0x0000000100000000)
 Metaspace       used 24111K, capacity 24538K, committed 24880K, reserved 1071104K
  class space    used 2841K, capacity 3016K, committed 3120K, reserved 1048576K
}
2017-03-29T10:25:32.149+0200: 3,485: Total time for which application threads were stopped: 0,0122147 seconds, Stopping threads took: 0,0000648 seconds
{Heap before GC invocations=8 (full 1):
 par new generation   total 109248K, used 100830K [0x00000000e0000000, 0x00000000e8000000, 0x00000000e8000000)
  eden space 87424K, 100% used [0x00000000e0000000, 0x00000000e5560000, 0x00000000e5560000)
  from space 21824K,  61% used [0x00000000e5560000, 0x00000000e6277b80, 0x00000000e6ab0000)
  to   space 21824K,   0% used [0x00000000e6ab0000, 0x00000000e6ab0000, 0x00000000e8000000)
 concurrent mark-sweep generation total 393216K, used 17K [0x00000000e8000000, 0x0000000100000000, 0x0000000100000000)
 Metaspace       used 24840K, capacity 25268K, committed 25392K, reserved 1071104K
  class space    used 2902K, capacity 3085K, committed 3120K, reserved 1048576K
2017-03-29T10:25:32.283+0200: 3,619: [GC (Allocation Failure) 2017-03-29T10:25:32.283+0200: 3,619: [ParNew
Desired survivor size 20112992 bytes, new threshold 8 (max 8)
- age   1:    1241416 bytes,    1241416 total
- age   2:     668544 bytes,    1909960 total
- age   3:    1753928 bytes,    3663888 total
- age   4:      52064 bytes,    3715952 total
- age   5:     103008 bytes,    3818960 total
- age   7:     188144 bytes,    4007104 total
- age   8:     957064 bytes,    4964168 total
: 100830K->10839K(109248K), 0,0566518 secs] 100848K->16703K(502464K), 0,0567311 secs] [Times: user=0,12 sys=0,00, real=0,06 secs] 
Heap after GC invocations=9 (full 1):
 par new generation   total 109248K, used 10839K [0x00000000e0000000, 0x00000000e8000000, 0x00000000e8000000)
  eden space 87424K,   0% used [0x00000000e0000000, 0x00000000e0000000, 0x00000000e5560000)
  from space 21824K,  49% used [0x00000000e6ab0000, 0x00000000e7545ec0, 0x00000000e8000000)
  to   space 21824K,   0% used [0x00000000e5560000, 0x00000000e5560000, 0x00000000e6ab0000)
 concurrent mark-sweep generation total 393216K, used 5863K [0x00000000e8000000, 0x0000000100000000, 0x0000000100000000)
 Metaspace       used 24840K, capacity 25268K, committed 25392K, reserved 1071104K
  class space    used 2902K, capacity 3085K, committed 3120K, reserved 1048576K
}
2017-03-29T10:25:32.339+0200: 3,676: Total time for which application threads were stopped: 0,0569622 seconds, Stopping threads took: 0,0000423 seconds
2017-03-29T10:25:32.517+0200: 3,854: Total time for which application threads were stopped: 0,0004799 seconds, Stopping threads took: 0,0000197 seconds
2017-03-29T10:25:32.567+0200: 3,903: Total time for which application threads were stopped: 0,0004431 seconds, Stopping threads took: 0,0000258 seconds
2017-03-29T10:25:32.579+0200: 3,916: Total time for which application threads were stopped: 0,0004405 seconds, Stopping threads took: 0,0000226 seconds
2017-03-29T10:25:32.639+0200: 3,976: Total time for which application threads were stopped: 0,0006042 seconds, Stopping threads took: 0,0001345 seconds
2017-03-29T10:25:32.725+0200: 4,062: Total time for which application threads were stopped: 0,0074220 seconds, Stopping threads took: 0,0069669 seconds
2017-03-29T10:25:32.756+0200: 4,093: Total time for which application threads were stopped: 0,0001578 seconds, Stopping threads took: 0,0000596 seconds
2017-03-29T10:25:32.758+0200: 4,095: Total time for which application threads were stopped: 0,0005291 seconds, Stopping threads took: 0,0004312 seconds
2017-03-29T10:25:32.778+0200: 4,115: Total time for which application threads were stopped: 0,0001665 seconds, Stopping threads took: 0,0000601 seconds
2017-03-29T10:25:32.779+0200: 4,116: Total time for which application threads were stopped: 0,0001216 seconds, Stopping threads took: 0,0000227 seconds
2017-03-29T10:25:32.780+0200: 4,116: Total time for which application threads were stopped: 0,0000856 seconds, Stopping threads took: 0,0000322 seconds
2017-03-29T10:25:32.780+0200: 4,117: Total time for which application threads were stopped: 0,0000873 seconds, Stopping threads took: 0,0000275 seconds
2017-03-29T10:25:32.780+0200: 4,117: Total time for which application threads were stopped: 0,0003909 seconds, Stopping threads took: 0,0000118 seconds
2017-03-29T10:25:32.781+0200: 4,118: Total time for which application threads were stopped: 0,0000723 seconds, Stopping threads took: 0,0000161 seconds
2017-03-29T10:25:32.781+0200: 4,118: Total time for which application threads were stopped: 0,0000639 seconds, Stopping threads took: 0,0000128 seconds
2017-03-29T10:25:32.782+0200: 4,119: Total time for which application threads were stopped: 0,0000947 seconds, Stopping threads took: 0,0000215 seconds
2017-03-29T10:25:32.784+0200: 4,120: Total time for which application threads were stopped: 0,0000943 seconds, Stopping threads took: 0,0000180 seconds
2017-03-29T10:25:32.785+0200: 4,121: Total time for which application threads were stopped: 0,0001181 seconds, Stopping threads took: 0,0000500 seconds
2017-03-29T10:25:32.785+0200: 4,122: Total time for which application threads were stopped: 0,0001006 seconds, Stopping threads took: 0,0000350 seconds
2017-03-29T10:25:32.786+0200: 4,122: Total time for which application threads were stopped: 0,0000719 seconds, Stopping threads took: 0,0000218 seconds
2017-03-29T10:25:32.786+0200: 4,123: Total time for which application threads were stopped: 0,0000968 seconds, Stopping threads took: 0,0000389 seconds
2017-03-29T10:25:32.790+0200: 4,127: Total time for which application threads were stopped: 0,0001023 seconds, Stopping threads took: 0,0000233 seconds
2017-03-29T10:25:32.791+0200: 4,127: Total time for which application threads were stopped: 0,0000964 seconds, Stopping threads took: 0,0000382 seconds
2017-03-29T10:25:32.797+0200: 4,134: Total time for which application threads were stopped: 0,0001173 seconds, Stopping threads took: 0,0000328 seconds
2017-03-29T10:25:32.799+0200: 4,136: Total time for which application threads were stopped: 0,0001213 seconds, Stopping threads took: 0,0000439 seconds
2017-03-29T10:25:32.800+0200: 4,137: Total time for which application threads were stopped: 0,0001595 seconds, Stopping threads took: 0,0000835 seconds
2017-03-29T10:25:32.800+0200: 4,137: Total time for which application threads were stopped: 0,0001475 seconds, Stopping threads took: 0,0001006 seconds
2017-03-29T10:25:32.802+0200: 4,139: Total time for which application threads were stopped: 0,0001309 seconds, Stopping threads took: 0,0000449 seconds
2017-03-29T10:25:32.803+0200: 4,140: Total time for which application threads were stopped: 0,0001018 seconds, Stopping threads took: 0,0000352 seconds
2017-03-29T10:25:32.807+0200: 4,144: Total time for which application threads were stopped: 0,0001669 seconds, Stopping threads took: 0,0000401 seconds
2017-03-29T10:25:33.807+0200: 5,144: Total time for which application threads were stopped: 0,0000777 seconds, Stopping threads took: 0,0000156 seconds
2017-03-29T10:25:34.807+0200: 6,144: Total time for which application threads were stopped: 0,0000620 seconds, Stopping threads took: 0,0000168 seconds
2017-03-29T10:25:50.809+0200: 22,146: Total time for which application threads were stopped: 0,0000956 seconds, Stopping threads took: 0,0000221 seconds
2017-03-29T10:26:00.264+0200: 32,147: Total time for which application threads were stopped: 0,0000633 seconds, Stopping threads took: 0,0000165 seconds
2017-03-29T10:26:55.270+0200: 87,153: Total time for which application threads were stopped: 0,0000803 seconds, Stopping threads took: 0,0000196 seconds
2017-03-29T10:27:25.274+0200: 117,157: Total time for which application threads were stopped: 0,0004093 seconds, Stopping threads took: 0,0001551 seconds
2017-03-29T10:27:30.275+0200: 122,158: Total time for which application threads were stopped: 0,0000905 seconds, Stopping threads took: 0,0000263 seconds
2017-03-29T10:28:29.283+0200: 181,166: Total time for which application threads were stopped: 0,0000931 seconds, Stopping threads took: 0,0000385 seconds
2017-03-29T10:29:59.298+0200: 271,181: Total time for which application threads were stopped: 0,0000933 seconds, Stopping threads took: 0,0000369 seconds
2017-03-29T10:30:05.299+0200: 277,182: Total time for which application threads were stopped: 0,0001674 seconds, Stopping threads took: 0,0000596 seconds
2017-03-29T10:48:59.490+0200: 1411,373: Total time for which application threads were stopped: 0,0001642 seconds, Stopping threads took: 0,0000610 seconds
2017-03-29T10:53:14.530+0200: 1666,413: Total time for which application threads were stopped: 0,0001146 seconds, Stopping threads took: 0,0000395 seconds
2017-03-29T11:03:55.605+0200: 2307,489: Total time for which application threads were stopped: 0,0001053 seconds, Stopping threads took: 0,0000414 seconds
2017-03-29T11:03:59.606+0200: 2311,489: Total time for which application threads were stopped: 0,0000633 seconds, Stopping threads took: 0,0000145 seconds
2017-03-29T11:15:29.678+0200: 3001,562: Total time for which application threads were stopped: 0,0000937 seconds, Stopping threads took: 0,0000342 seconds
2017-03-29T11:23:30.726+0200: 3482,609: Total time for which application threads were stopped: 0,0003881 seconds, Stopping threads took: 0,0001753 seconds
2017-03-29T11:27:54.751+0200: 3746,634: Total time for which application threads were stopped: 0,0004402 seconds, Stopping threads took: 0,0001742 seconds
2017-03-29T11:29:14.758+0200: 3826,642: Total time for which application threads were stopped: 0,0001021 seconds, Stopping threads took: 0,0000358 seconds
2017-03-29T11:29:29.760+0200: 3841,643: Total time for which application threads were stopped: 0,0001015 seconds, Stopping threads took: 0,0000258 seconds
2017-03-29T11:31:59.772+0200: 3991,655: Total time for which application threads were stopped: 0,0000885 seconds, Stopping threads took: 0,0000333 seconds
2017-03-29T11:47:20.859+0200: 4912,742: Total time for which application threads were stopped: 0,0000978 seconds, Stopping threads took: 0,0000374 seconds
2017-03-29T11:47:35.861+0200: 4927,744: Total time for which application threads were stopped: 0,0006097 seconds, Stopping threads took: 0,0001993 seconds
2017-03-29T12:21:56.069+0200: 6987,952: Total time for which application threads were stopped: 0,0003692 seconds, Stopping threads took: 0,0002041 seconds
2017-03-29T12:22:30.073+0200: 7021,956: Total time for which application threads were stopped: 0,0001007 seconds, Stopping threads took: 0,0000341 seconds
2017-03-29T12:26:30.099+0200: 7261,982: Total time for which application threads were stopped: 0,0000980 seconds, Stopping threads took: 0,0000374 seconds
2017-03-29T12:27:30.105+0200: 7321,988: Total time for which application threads were stopped: 0,0000943 seconds, Stopping threads took: 0,0000287 seconds
2017-03-29T12:33:30.146+0200: 7682,030: Total time for which application threads were stopped: 0,0000786 seconds, Stopping threads took: 0,0000307 seconds
2017-03-29T13:37:59.552+0200: 11551,435: Total time for which application threads were stopped: 0,0000843 seconds, Stopping threads took: 0,0000316 seconds
{Heap before GC invocations=9 (full 1):
 par new generation   total 109248K, used 98263K [0x00000000e0000000, 0x00000000e8000000, 0x00000000e8000000)
  eden space 87424K, 100% used [0x00000000e0000000, 0x00000000e5560000, 0x00000000e5560000)
  from space 21824K,  49% used [0x00000000e6ab0000, 0x00000000e7545ec0, 0x00000000e8000000)
  to   space 21824K,   0% used [0x00000000e5560000, 0x00000000e5560000, 0x00000000e6ab0000)
 concurrent mark-sweep generation total 393216K, used 5863K [0x00000000e8000000, 0x0000000100000000, 0x0000000100000000)
 Metaspace       used 28054K, capacity 28572K, committed 28848K, reserved 1075200K
  class space    used 3216K, capacity 3393K, committed 3504K, reserved 1048576K
2017-03-29T13:53:54.433+0200: 12506,316: [GC (Allocation Failure) 2017-03-29T13:53:54.433+0200: 12506,316: [ParNew
Desired survivor size 20112992 bytes, new threshold 8 (max 8)
- age   1:   10852336 bytes,   10852336 total
- age   2:     549536 bytes,   11401872 total
- age   3:     254816 bytes,   11656688 total
- age   4:    1748928 bytes,   13405616 total
- age   5:      52064 bytes,   13457680 total
- age   6:     100336 bytes,   13558016 total
- age   8:     187520 bytes,   13745536 total
: 98263K->15746K(109248K), 0,1300904 secs] 104127K->22669K(502464K), 0,1301822 secs] [Times: user=0,06 sys=0,00, real=0,12 secs] 
Heap after GC invocations=10 (full 1):
 par new generation   total 109248K, used 15746K [0x00000000e0000000, 0x00000000e8000000, 0x00000000e8000000)
  eden space 87424K,   0% used [0x00000000e0000000, 0x00000000e0000000, 0x00000000e5560000)
  from space 21824K,  72% used [0x00000000e5560000, 0x00000000e64c0b30, 0x00000000e6ab0000)
  to   space 21824K,   0% used [0x00000000e6ab0000, 0x00000000e6ab0000, 0x00000000e8000000)
 concurrent mark-sweep generation total 393216K, used 6922K [0x00000000e8000000, 0x0000000100000000, 0x0000000100000000)
 Metaspace       used 28054K, capacity 28572K, committed 28848K, reserved 1075200K
  class space    used 3216K, capacity 3393K, committed 3504K, reserved 1048576K
}
2017-03-29T13:53:54.563+0200: 12506,446: Total time for which application threads were stopped: 0,1305817 seconds, Stopping threads took: 0,0000212 seconds
2017-03-29T13:53:54.603+0200: 12506,486: Total time for which application threads were stopped: 0,0099529 seconds, Stopping threads took: 0,0098553 seconds
2017-03-29T13:53:54.606+0200: 12506,489: Total time for which application threads were stopped: 0,0001071 seconds, Stopping threads took: 0,0000175 seconds
2017-03-29T13:53:54.614+0200: 12506,498: Total time for which application threads were stopped: 0,0003437 seconds, Stopping threads took: 0,0002374 seconds
2017-03-29T13:53:54.620+0200: 12506,503: Total time for which application threads were stopped: 0,0001418 seconds, Stopping threads took: 0,0000424 seconds
Heap
 par new generation   total 109248K, used 27866K [0x00000000e0000000, 0x00000000e8000000, 0x00000000e8000000)
  eden space 87424K,  13% used [0x00000000e0000000, 0x00000000e0bd5d50, 0x00000000e5560000)
  from space 21824K,  72% used [0x00000000e5560000, 0x00000000e64c0b30, 0x00000000e6ab0000)
  to   space 21824K,   0% used [0x00000000e6ab0000, 0x00000000e6ab0000, 0x00000000e8000000)
 concurrent mark-sweep generation total 393216K, used 6922K [0x00000000e8000000, 0x0000000100000000, 0x0000000100000000)
 Metaspace       used 28144K, capacity 28678K, committed 28848K, reserved 1075200K
  class space    used 3231K, capacity 3428K, committed 3504K, reserved 1048576K
