OpenJDK 64-Bit Server VM (25.111-b14) for linux-amd64 JRE (1.8.0_111-8u111-b14-2ubuntu0.16.04.2-b14), built on Oct 27 2016 18:10:19 by "buildd" with gcc 5.4.0 20160609
Memory: 4k page, physical 7867804k(7527700k free), swap 8076284k(8076284k free)
CommandLine flags: -XX:CMSInitiatingOccupancyFraction=50 -XX:CMSMaxAbortablePrecleanTime=6000 -XX:+CMSParallelRemarkEnabled -XX:+CMSScavengeBeforeRemark -XX:ConcGCThreads=4 -XX:InitialHeapSize=536870912 -XX:MaxHeapSize=536870912 -XX:MaxTenuringThreshold=8 -XX:NewRatio=3 -XX:OldPLABSize=16 -XX:OnOutOfMemoryError=/opt/solr/bin/oom_solr.sh 8983 /var/solr/logs -XX:ParallelGCThreads=4 -XX:+ParallelRefProcEnabled -XX:PretenureSizeThreshold=67108864 -XX:+PrintGC -XX:+PrintGCApplicationStoppedTime -XX:+PrintGCDateStamps -XX:+PrintGCDetails -XX:+PrintGCTimeStamps -XX:+PrintHeapAtGC -XX:+PrintTenuringDistribution -XX:SurvivorRatio=4 -XX:TargetSurvivorRatio=90 -XX:ThreadStackSize=256 -XX:+UseCMSInitiatingOccupancyOnly -XX:+UseCompressedClassPointers -XX:+UseCompressedOops -XX:+UseConcMarkSweepGC -XX:+UseParNewGC 
2016-12-23T12:21:03.655+0100: 0,121: Total time for which application threads were stopped: 0,0000714 seconds, Stopping threads took: 0,0000104 seconds
2016-12-23T12:21:03.729+0100: 0,194: Total time for which application threads were stopped: 0,0000978 seconds, Stopping threads took: 0,0000145 seconds
2016-12-23T12:21:03.744+0100: 0,209: Total time for which application threads were stopped: 0,0000996 seconds, Stopping threads took: 0,0000095 seconds
2016-12-23T12:21:03.979+0100: 0,444: Total time for which application threads were stopped: 0,0001164 seconds, Stopping threads took: 0,0000143 seconds
2016-12-23T12:21:04.455+0100: 0,920: Total time for which application threads were stopped: 0,0001943 seconds, Stopping threads took: 0,0000260 seconds
2016-12-23T12:21:04.602+0100: 1,067: Total time for which application threads were stopped: 0,0002630 seconds, Stopping threads took: 0,0000694 seconds
2016-12-23T12:21:04.619+0100: 1,084: Total time for which application threads were stopped: 0,0002111 seconds, Stopping threads took: 0,0000352 seconds
2016-12-23T12:21:04.985+0100: 1,450: Total time for which application threads were stopped: 0,0001616 seconds, Stopping threads took: 0,0000118 seconds
2016-12-23T12:21:05.197+0100: 1,663: Total time for which application threads were stopped: 0,0002150 seconds, Stopping threads took: 0,0000248 seconds
2016-12-23T12:21:05.231+0100: 1,696: Total time for which application threads were stopped: 0,0028777 seconds, Stopping threads took: 0,0020287 seconds
2016-12-23T12:21:05.233+0100: 1,698: Total time for which application threads were stopped: 0,0004143 seconds, Stopping threads took: 0,0000837 seconds
2016-12-23T12:21:05.248+0100: 1,713: Total time for which application threads were stopped: 0,0001894 seconds, Stopping threads took: 0,0000235 seconds
2016-12-23T12:21:05.343+0100: 1,809: Total time for which application threads were stopped: 0,0002389 seconds, Stopping threads took: 0,0000196 seconds
2016-12-23T12:21:05.484+0100: 1,950: Total time for which application threads were stopped: 0,0003946 seconds, Stopping threads took: 0,0001964 seconds
{Heap before GC invocations=0 (full 0):
 par new generation   total 109248K, used 87424K [0x00000000e0000000, 0x00000000e8000000, 0x00000000e8000000)
  eden space 87424K, 100% used [0x00000000e0000000, 0x00000000e5560000, 0x00000000e5560000)
  from space 21824K,   0% used [0x00000000e5560000, 0x00000000e5560000, 0x00000000e6ab0000)
  to   space 21824K,   0% used [0x00000000e6ab0000, 0x00000000e6ab0000, 0x00000000e8000000)
 concurrent mark-sweep generation total 393216K, used 0K [0x00000000e8000000, 0x0000000100000000, 0x0000000100000000)
 Metaspace       used 18116K, capacity 18430K, committed 18560K, reserved 1064960K
  class space    used 2053K, capacity 2162K, committed 2176K, reserved 1048576K
2016-12-23T12:21:05.586+0100: 2,052: [GC (Allocation Failure) 2016-12-23T12:21:05.586+0100: 2,052: [ParNew
Desired survivor size 20112992 bytes, new threshold 8 (max 8)
- age   1:   12322768 bytes,   12322768 total
: 87424K->12151K(109248K), 0,0157964 secs] 87424K->12151K(502464K), 0,0158848 secs] [Times: user=0,04 sys=0,02, real=0,02 secs] 
Heap after GC invocations=1 (full 0):
 par new generation   total 109248K, used 12151K [0x00000000e0000000, 0x00000000e8000000, 0x00000000e8000000)
  eden space 87424K,   0% used [0x00000000e0000000, 0x00000000e0000000, 0x00000000e5560000)
  from space 21824K,  55% used [0x00000000e6ab0000, 0x00000000e768dd88, 0x00000000e8000000)
  to   space 21824K,   0% used [0x00000000e5560000, 0x00000000e5560000, 0x00000000e6ab0000)
 concurrent mark-sweep generation total 393216K, used 0K [0x00000000e8000000, 0x0000000100000000, 0x0000000100000000)
 Metaspace       used 18116K, capacity 18430K, committed 18560K, reserved 1064960K
  class space    used 2053K, capacity 2162K, committed 2176K, reserved 1048576K
}
2016-12-23T12:21:05.602+0100: 2,068: Total time for which application threads were stopped: 0,0160597 seconds, Stopping threads took: 0,0000203 seconds
2016-12-23T12:21:05.778+0100: 2,244: Total time for which application threads were stopped: 0,0003720 seconds, Stopping threads took: 0,0000601 seconds
2016-12-23T12:21:05.807+0100: 2,273: Total time for which application threads were stopped: 0,0003459 seconds, Stopping threads took: 0,0000255 seconds
2016-12-23T12:21:05.835+0100: 2,301: Total time for which application threads were stopped: 0,0003432 seconds, Stopping threads took: 0,0000252 seconds
{Heap before GC invocations=1 (full 0):
 par new generation   total 109248K, used 99575K [0x00000000e0000000, 0x00000000e8000000, 0x00000000e8000000)
  eden space 87424K, 100% used [0x00000000e0000000, 0x00000000e5560000, 0x00000000e5560000)
  from space 21824K,  55% used [0x00000000e6ab0000, 0x00000000e768dd88, 0x00000000e8000000)
  to   space 21824K,   0% used [0x00000000e5560000, 0x00000000e5560000, 0x00000000e6ab0000)
 concurrent mark-sweep generation total 393216K, used 0K [0x00000000e8000000, 0x0000000100000000, 0x0000000100000000)
 Metaspace       used 20749K, capacity 21084K, committed 21248K, reserved 1069056K
  class space    used 2403K, capacity 2518K, committed 2560K, reserved 1048576K
2016-12-23T12:21:06.008+0100: 2,474: [GC (Allocation Failure) 2016-12-23T12:21:06.009+0100: 2,474: [ParNew
Desired survivor size 20112992 bytes, new threshold 8 (max 8)
- age   1:    2915136 bytes,    2915136 total
- age   2:    6101528 bytes,    9016664 total
: 99575K->11283K(109248K), 0,0101605 secs] 99575K->11283K(502464K), 0,0102354 secs] [Times: user=0,04 sys=0,00, real=0,00 secs] 
Heap after GC invocations=2 (full 0):
 par new generation   total 109248K, used 11283K [0x00000000e0000000, 0x00000000e8000000, 0x00000000e8000000)
  eden space 87424K,   0% used [0x00000000e0000000, 0x00000000e0000000, 0x00000000e5560000)
  from space 21824K,  51% used [0x00000000e5560000, 0x00000000e6064ea0, 0x00000000e6ab0000)
  to   space 21824K,   0% used [0x00000000e6ab0000, 0x00000000e6ab0000, 0x00000000e8000000)
 concurrent mark-sweep generation total 393216K, used 0K [0x00000000e8000000, 0x0000000100000000, 0x0000000100000000)
 Metaspace       used 20749K, capacity 21084K, committed 21248K, reserved 1069056K
  class space    used 2403K, capacity 2518K, committed 2560K, reserved 1048576K
}
2016-12-23T12:21:06.019+0100: 2,484: Total time for which application threads were stopped: 0,0104172 seconds, Stopping threads took: 0,0000203 seconds
2016-12-23T12:21:06.078+0100: 2,544: Total time for which application threads were stopped: 0,0000812 seconds, Stopping threads took: 0,0000225 seconds
2016-12-23T12:21:06.114+0100: 2,580: Total time for which application threads were stopped: 0,0000900 seconds, Stopping threads took: 0,0000210 seconds
2016-12-23T12:21:06.115+0100: 2,580: Total time for which application threads were stopped: 0,0002673 seconds, Stopping threads took: 0,0000365 seconds
2016-12-23T12:21:06.140+0100: 2,606: Total time for which application threads were stopped: 0,0000864 seconds, Stopping threads took: 0,0000272 seconds
2016-12-23T12:21:06.214+0100: 2,680: Total time for which application threads were stopped: 0,0001024 seconds, Stopping threads took: 0,0000186 seconds
2016-12-23T12:21:06.233+0100: 2,699: Total time for which application threads were stopped: 0,0000944 seconds, Stopping threads took: 0,0000250 seconds
2016-12-23T12:21:06.240+0100: 2,706: Total time for which application threads were stopped: 0,0002845 seconds, Stopping threads took: 0,0000235 seconds
2016-12-23T12:21:06.248+0100: 2,714: Total time for which application threads were stopped: 0,0002808 seconds, Stopping threads took: 0,0000206 seconds
2016-12-23T12:21:06.266+0100: 2,731: Total time for which application threads were stopped: 0,0000807 seconds, Stopping threads took: 0,0000197 seconds
2016-12-23T12:21:06.292+0100: 2,757: Total time for which application threads were stopped: 0,0002123 seconds, Stopping threads took: 0,0001144 seconds
2016-12-23T12:21:06.309+0100: 2,775: Total time for which application threads were stopped: 0,0000800 seconds, Stopping threads took: 0,0000176 seconds
2016-12-23T12:21:06.325+0100: 2,790: Total time for which application threads were stopped: 0,0000839 seconds, Stopping threads took: 0,0000225 seconds
2016-12-23T12:21:06.352+0100: 2,817: Total time for which application threads were stopped: 0,0000747 seconds, Stopping threads took: 0,0000130 seconds
2016-12-23T12:21:06.376+0100: 2,842: Total time for which application threads were stopped: 0,0001360 seconds, Stopping threads took: 0,0000427 seconds
2016-12-23T12:21:06.431+0100: 2,897: Total time for which application threads were stopped: 0,0001097 seconds, Stopping threads took: 0,0000315 seconds
2016-12-23T12:21:06.460+0100: 2,926: Total time for which application threads were stopped: 0,0001081 seconds, Stopping threads took: 0,0000248 seconds
{Heap before GC invocations=2 (full 0):
 par new generation   total 109248K, used 98707K [0x00000000e0000000, 0x00000000e8000000, 0x00000000e8000000)
  eden space 87424K, 100% used [0x00000000e0000000, 0x00000000e5560000, 0x00000000e5560000)
  from space 21824K,  51% used [0x00000000e5560000, 0x00000000e6064ea0, 0x00000000e6ab0000)
  to   space 21824K,   0% used [0x00000000e6ab0000, 0x00000000e6ab0000, 0x00000000e8000000)
 concurrent mark-sweep generation total 393216K, used 0K [0x00000000e8000000, 0x0000000100000000, 0x0000000100000000)
 Metaspace       used 24870K, capacity 25220K, committed 25536K, reserved 1071104K
  class space    used 2896K, capacity 3024K, committed 3064K, reserved 1048576K
2016-12-23T12:21:06.470+0100: 2,935: [GC (Allocation Failure) 2016-12-23T12:21:06.470+0100: 2,935: [ParNew
Desired survivor size 20112992 bytes, new threshold 8 (max 8)
- age   1:    6695368 bytes,    6695368 total
- age   2:     547592 bytes,    7242960 total
- age   3:    6084472 bytes,   13327432 total
: 98707K->16969K(109248K), 0,0118828 secs] 98707K->16969K(502464K), 0,0119665 secs] [Times: user=0,04 sys=0,00, real=0,01 secs] 
Heap after GC invocations=3 (full 0):
 par new generation   total 109248K, used 16969K [0x00000000e0000000, 0x00000000e8000000, 0x00000000e8000000)
  eden space 87424K,   0% used [0x00000000e0000000, 0x00000000e0000000, 0x00000000e5560000)
  from space 21824K,  77% used [0x00000000e6ab0000, 0x00000000e7b424c0, 0x00000000e8000000)
  to   space 21824K,   0% used [0x00000000e5560000, 0x00000000e5560000, 0x00000000e6ab0000)
 concurrent mark-sweep generation total 393216K, used 0K [0x00000000e8000000, 0x0000000100000000, 0x0000000100000000)
 Metaspace       used 24870K, capacity 25220K, committed 25536K, reserved 1071104K
  class space    used 2896K, capacity 3024K, committed 3064K, reserved 1048576K
}
2016-12-23T12:21:06.482+0100: 2,947: Total time for which application threads were stopped: 0,0121190 seconds, Stopping threads took: 0,0000215 seconds
2016-12-23T12:21:06.482+0100: 2,947: [GC (CMS Initial Mark) [1 CMS-initial-mark: 0K(393216K)] 16969K(502464K), 0,0033187 secs] [Times: user=0,01 sys=0,00, real=0,00 secs] 
2016-12-23T12:21:06.485+0100: 2,951: Total time for which application threads were stopped: 0,0034359 seconds, Stopping threads took: 0,0000335 seconds
2016-12-23T12:21:06.485+0100: 2,951: [CMS-concurrent-mark-start]
2016-12-23T12:21:06.486+0100: 2,952: [CMS-concurrent-mark: 0,001/0,001 secs] [Times: user=0,01 sys=0,00, real=0,00 secs] 
2016-12-23T12:21:06.486+0100: 2,952: [CMS-concurrent-preclean-start]
2016-12-23T12:21:06.487+0100: 2,953: [CMS-concurrent-preclean: 0,001/0,001 secs] [Times: user=0,00 sys=0,00, real=0,01 secs] 
2016-12-23T12:21:06.488+0100: 2,953: [GC (CMS Final Remark) [YG occupancy: 18368 K (109248 K)]{Heap before GC invocations=3 (full 1):
 par new generation   total 109248K, used 18368K [0x00000000e0000000, 0x00000000e8000000, 0x00000000e8000000)
  eden space 87424K,   1% used [0x00000000e0000000, 0x00000000e015dbf0, 0x00000000e5560000)
  from space 21824K,  77% used [0x00000000e6ab0000, 0x00000000e7b424c0, 0x00000000e8000000)
  to   space 21824K,   0% used [0x00000000e5560000, 0x00000000e5560000, 0x00000000e6ab0000)
 concurrent mark-sweep generation total 393216K, used 0K [0x00000000e8000000, 0x0000000100000000, 0x0000000100000000)
 Metaspace       used 24899K, capacity 25316K, committed 25536K, reserved 1071104K
  class space    used 2899K, capacity 3056K, committed 3064K, reserved 1048576K
2016-12-23T12:21:06.488+0100: 2,953: [GC (CMS Final Remark) 2016-12-23T12:21:06.488+0100: 2,953: [ParNew
Desired survivor size 20112992 bytes, new threshold 8 (max 8)
- age   1:      29904 bytes,      29904 total
- age   2:    3148536 bytes,    3178440 total
- age   3:     547592 bytes,    3726032 total
- age   4:    6084648 bytes,    9810680 total
: 18368K->12253K(109248K), 0,0097341 secs] 18368K->12253K(502464K), 0,0097704 secs] [Times: user=0,04 sys=0,00, real=0,00 secs] 
Heap after GC invocations=4 (full 1):
 par new generation   total 109248K, used 12253K [0x00000000e0000000, 0x00000000e8000000, 0x00000000e8000000)
  eden space 87424K,   0% used [0x00000000e0000000, 0x00000000e0000000, 0x00000000e5560000)
  from space 21824K,  56% used [0x00000000e5560000, 0x00000000e61574b0, 0x00000000e6ab0000)
  to   space 21824K,   0% used [0x00000000e6ab0000, 0x00000000e6ab0000, 0x00000000e8000000)
 concurrent mark-sweep generation total 393216K, used 0K [0x00000000e8000000, 0x0000000100000000, 0x0000000100000000)
 Metaspace       used 24899K, capacity 25316K, committed 25536K, reserved 1071104K
  class space    used 2899K, capacity 3056K, committed 3064K, reserved 1048576K
}
2016-12-23T12:21:06.497+0100: 2,963: [Rescan (parallel) , 0,0038606 secs]2016-12-23T12:21:06.501+0100: 2,967: [weak refs processing, 0,0005818 secs]2016-12-23T12:21:06.502+0100: 2,968: [class unloading, 0,0031460 secs]2016-12-23T12:21:06.505+0100: 2,971: [scrub symbol table, 0,0033096 secs]2016-12-23T12:21:06.508+0100: 2,974: [scrub string table, 0,0003603 secs][1 CMS-remark: 0K(393216K)] 12253K(502464K), 0,0217343 secs] [Times: user=0,07 sys=0,00, real=0,02 secs] 
2016-12-23T12:21:06.509+0100: 2,975: Total time for which application threads were stopped: 0,0218379 seconds, Stopping threads took: 0,0000417 seconds
2016-12-23T12:21:06.509+0100: 2,975: [CMS-concurrent-sweep-start]
2016-12-23T12:21:06.509+0100: 2,975: [CMS-concurrent-sweep: 0,000/0,000 secs] [Times: user=0,00 sys=0,00, real=0,00 secs] 
2016-12-23T12:21:06.509+0100: 2,975: [CMS-concurrent-reset-start]
2016-12-23T12:21:06.511+0100: 2,976: [CMS-concurrent-reset: 0,001/0,001 secs] [Times: user=0,00 sys=0,00, real=0,00 secs] 
2016-12-23T12:21:06.561+0100: 3,026: Total time for which application threads were stopped: 0,0003159 seconds, Stopping threads took: 0,0000202 seconds
2016-12-23T12:21:06.575+0100: 3,040: Total time for which application threads were stopped: 0,0003413 seconds, Stopping threads took: 0,0000230 seconds
2016-12-23T12:21:07.575+0100: 4,040: Total time for which application threads were stopped: 0,0000939 seconds, Stopping threads took: 0,0000197 seconds
2016-12-23T12:21:07.582+0100: 4,047: Total time for which application threads were stopped: 0,0002753 seconds, Stopping threads took: 0,0000160 seconds
2016-12-23T12:21:35.586+0100: 32,051: Total time for which application threads were stopped: 0,0000612 seconds, Stopping threads took: 0,0000161 seconds
2016-12-23T12:23:50.608+0100: 167,073: Total time for which application threads were stopped: 0,0001453 seconds, Stopping threads took: 0,0000641 seconds
2016-12-23T12:24:04.609+0100: 181,075: Total time for which application threads were stopped: 0,0000644 seconds, Stopping threads took: 0,0000180 seconds
2016-12-23T12:24:45.614+0100: 222,080: Total time for which application threads were stopped: 0,0000912 seconds, Stopping threads took: 0,0000400 seconds
2016-12-23T12:25:29.619+0100: 266,085: Total time for which application threads were stopped: 0,0000886 seconds, Stopping threads took: 0,0000384 seconds
2016-12-23T12:25:34.620+0100: 271,086: Total time for which application threads were stopped: 0,0003954 seconds, Stopping threads took: 0,0001330 seconds
2016-12-23T12:25:44.621+0100: 281,087: Total time for which application threads were stopped: 0,0001123 seconds, Stopping threads took: 0,0000472 seconds
2016-12-23T12:25:45.622+0100: 282,087: Total time for which application threads were stopped: 0,0003877 seconds, Stopping threads took: 0,0001172 seconds
2016-12-23T12:25:50.622+0100: 287,088: Total time for which application threads were stopped: 0,0000760 seconds, Stopping threads took: 0,0000210 seconds
2016-12-23T12:26:25.626+0100: 322,092: Total time for which application threads were stopped: 0,0000923 seconds, Stopping threads took: 0,0000400 seconds
2016-12-23T12:28:54.644+0100: 471,109: Total time for which application threads were stopped: 0,0000874 seconds, Stopping threads took: 0,0000301 seconds
2016-12-23T12:44:44.755+0100: 1421,220: Total time for which application threads were stopped: 0,0000751 seconds, Stopping threads took: 0,0000324 seconds
2016-12-23T12:48:30.779+0100: 1647,245: Total time for which application threads were stopped: 0,0000817 seconds, Stopping threads took: 0,0000336 seconds
2016-12-23T12:49:14.785+0100: 1691,250: Total time for which application threads were stopped: 0,0001921 seconds, Stopping threads took: 0,0001322 seconds
2016-12-23T13:00:04.859+0100: 2341,325: Total time for which application threads were stopped: 0,0000786 seconds, Stopping threads took: 0,0000325 seconds
2016-12-23T13:00:05.860+0100: 2342,325: Total time for which application threads were stopped: 0,0000554 seconds, Stopping threads took: 0,0000147 seconds
2016-12-23T13:18:55.985+0100: 3472,451: Total time for which application threads were stopped: 0,0000900 seconds, Stopping threads took: 0,0000344 seconds
2016-12-23T13:28:05.041+0100: 4021,506: Total time for which application threads were stopped: 0,0000905 seconds, Stopping threads took: 0,0000384 seconds
2016-12-23T13:28:55.045+0100: 4071,511: Total time for which application threads were stopped: 0,0000736 seconds, Stopping threads took: 0,0000326 seconds
2016-12-23T13:30:25.055+0100: 4161,520: Total time for which application threads were stopped: 0,0001197 seconds, Stopping threads took: 0,0000468 seconds
2016-12-23T14:11:41.330+0100: 6637,795: Total time for which application threads were stopped: 0,0000778 seconds, Stopping threads took: 0,0000325 seconds
2016-12-23T14:12:46.338+0100: 6702,804: Total time for which application threads were stopped: 0,0000776 seconds, Stopping threads took: 0,0000294 seconds
2016-12-23T14:19:26.382+0100: 7102,848: Total time for which application threads were stopped: 0,0000694 seconds, Stopping threads took: 0,0000286 seconds
2016-12-23T14:26:05.426+0100: 7501,891: Total time for which application threads were stopped: 0,0000672 seconds, Stopping threads took: 0,0000277 seconds
2016-12-23T14:26:35.429+0100: 7531,895: Total time for which application threads were stopped: 0,0000714 seconds, Stopping threads took: 0,0000305 seconds
2016-12-23T14:29:05.447+0100: 7681,913: Total time for which application threads were stopped: 0,0001432 seconds, Stopping threads took: 0,0000440 seconds
2016-12-23T15:30:35.904+0100: 11372,370: Total time for which application threads were stopped: 0,0001757 seconds, Stopping threads took: 0,0000571 seconds
2016-12-23T15:33:35.936+0100: 11552,402: Total time for which application threads were stopped: 0,0001528 seconds, Stopping threads took: 0,0000592 seconds
2016-12-23T16:37:05.377+0100: 15361,842: Total time for which application threads were stopped: 0,0000921 seconds, Stopping threads took: 0,0000310 seconds
2016-12-23T16:48:03.518+0100: 16019,983: Total time for which application threads were stopped: 0,0001413 seconds, Stopping threads took: 0,0000378 seconds
Heap
 par new generation   total 109248K, used 55813K [0x00000000e0000000, 0x00000000e8000000, 0x00000000e8000000)
  eden space 87424K,  49% used [0x00000000e0000000, 0x00000000e2a8a1e0, 0x00000000e5560000)
  from space 21824K,  56% used [0x00000000e5560000, 0x00000000e61574b0, 0x00000000e6ab0000)
  to   space 21824K,   0% used [0x00000000e6ab0000, 0x00000000e6ab0000, 0x00000000e8000000)
 concurrent mark-sweep generation total 393216K, used 0K [0x00000000e8000000, 0x0000000100000000, 0x0000000100000000)
 Metaspace       used 27280K, capacity 27724K, committed 27840K, reserved 1073152K
  class space    used 3166K, capacity 3320K, committed 3320K, reserved 1048576K
