OpenJDK 64-Bit Server VM (25.111-b14) for linux-amd64 JRE (1.8.0_111-8u111-b14-2ubuntu0.16.04.2-b14), built on Oct 27 2016 18:10:19 by "buildd" with gcc 5.4.0 20160609
Memory: 4k page, physical 7867804k(7525732k free), swap 8076284k(8076284k free)
CommandLine flags: -XX:CMSInitiatingOccupancyFraction=50 -XX:CMSMaxAbortablePrecleanTime=6000 -XX:+CMSParallelRemarkEnabled -XX:+CMSScavengeBeforeRemark -XX:ConcGCThreads=4 -XX:InitialHeapSize=536870912 -XX:MaxHeapSize=536870912 -XX:MaxTenuringThreshold=8 -XX:NewRatio=3 -XX:OldPLABSize=16 -XX:OnOutOfMemoryError=/opt/solr/bin/oom_solr.sh 8983 /var/solr/logs -XX:ParallelGCThreads=4 -XX:+ParallelRefProcEnabled -XX:PretenureSizeThreshold=67108864 -XX:+PrintGC -XX:+PrintGCApplicationStoppedTime -XX:+PrintGCDateStamps -XX:+PrintGCDetails -XX:+PrintGCTimeStamps -XX:+PrintHeapAtGC -XX:+PrintTenuringDistribution -XX:SurvivorRatio=4 -XX:TargetSurvivorRatio=90 -XX:ThreadStackSize=256 -XX:+UseCMSInitiatingOccupancyOnly -XX:+UseCompressedClassPointers -XX:+UseCompressedOops -XX:+UseConcMarkSweepGC -XX:+UseParNewGC 
2016-12-23T08:15:01.461+0100: 0,132: Total time for which application threads were stopped: 0,0000669 seconds, Stopping threads took: 0,0000090 seconds
2016-12-23T08:15:01.549+0100: 0,219: Total time for which application threads were stopped: 0,0000955 seconds, Stopping threads took: 0,0000172 seconds
2016-12-23T08:15:01.564+0100: 0,235: Total time for which application threads were stopped: 0,0027734 seconds, Stopping threads took: 0,0026885 seconds
2016-12-23T08:15:01.754+0100: 0,424: Total time for which application threads were stopped: 0,0001214 seconds, Stopping threads took: 0,0000161 seconds
2016-12-23T08:15:02.278+0100: 0,948: Total time for which application threads were stopped: 0,0001899 seconds, Stopping threads took: 0,0000175 seconds
2016-12-23T08:15:02.369+0100: 1,039: Total time for which application threads were stopped: 0,0001649 seconds, Stopping threads took: 0,0000304 seconds
2016-12-23T08:15:02.402+0100: 1,072: Total time for which application threads were stopped: 0,0001713 seconds, Stopping threads took: 0,0000395 seconds
2016-12-23T08:15:02.737+0100: 1,408: Total time for which application threads were stopped: 0,0001785 seconds, Stopping threads took: 0,0000182 seconds
2016-12-23T08:15:02.956+0100: 1,627: Total time for which application threads were stopped: 0,0002864 seconds, Stopping threads took: 0,0000245 seconds
2016-12-23T08:15:02.982+0100: 1,652: Total time for which application threads were stopped: 0,0001941 seconds, Stopping threads took: 0,0000302 seconds
2016-12-23T08:15:02.983+0100: 1,653: Total time for which application threads were stopped: 0,0001696 seconds, Stopping threads took: 0,0000150 seconds
2016-12-23T08:15:02.997+0100: 1,667: Total time for which application threads were stopped: 0,0001683 seconds, Stopping threads took: 0,0000252 seconds
2016-12-23T08:15:03.086+0100: 1,757: Total time for which application threads were stopped: 0,0002348 seconds, Stopping threads took: 0,0000209 seconds
2016-12-23T08:15:03.227+0100: 1,898: Total time for which application threads were stopped: 0,0002316 seconds, Stopping threads took: 0,0000328 seconds
{Heap before GC invocations=0 (full 0):
 par new generation   total 109248K, used 87424K [0x00000000e0000000, 0x00000000e8000000, 0x00000000e8000000)
  eden space 87424K, 100% used [0x00000000e0000000, 0x00000000e5560000, 0x00000000e5560000)
  from space 21824K,   0% used [0x00000000e5560000, 0x00000000e5560000, 0x00000000e6ab0000)
  to   space 21824K,   0% used [0x00000000e6ab0000, 0x00000000e6ab0000, 0x00000000e8000000)
 concurrent mark-sweep generation total 393216K, used 0K [0x00000000e8000000, 0x0000000100000000, 0x0000000100000000)
 Metaspace       used 18356K, capacity 18682K, committed 18944K, reserved 1067008K
  class space    used 2090K, capacity 2226K, committed 2304K, reserved 1048576K
2016-12-23T08:15:03.355+0100: 2,026: [GC (Allocation Failure) 2016-12-23T08:15:03.355+0100: 2,026: [ParNew
Desired survivor size 20112992 bytes, new threshold 8 (max 8)
- age   1:   12578248 bytes,   12578248 total
: 87424K->12400K(109248K), 0,0173396 secs] 87424K->12400K(502464K), 0,0174285 secs] [Times: user=0,04 sys=0,02, real=0,01 secs] 
Heap after GC invocations=1 (full 0):
 par new generation   total 109248K, used 12400K [0x00000000e0000000, 0x00000000e8000000, 0x00000000e8000000)
  eden space 87424K,   0% used [0x00000000e0000000, 0x00000000e0000000, 0x00000000e5560000)
  from space 21824K,  56% used [0x00000000e6ab0000, 0x00000000e76cc3a8, 0x00000000e8000000)
  to   space 21824K,   0% used [0x00000000e5560000, 0x00000000e5560000, 0x00000000e6ab0000)
 concurrent mark-sweep generation total 393216K, used 0K [0x00000000e8000000, 0x0000000100000000, 0x0000000100000000)
 Metaspace       used 18356K, capacity 18682K, committed 18944K, reserved 1067008K
  class space    used 2090K, capacity 2226K, committed 2304K, reserved 1048576K
}
2016-12-23T08:15:03.373+0100: 2,043: Total time for which application threads were stopped: 0,0176201 seconds, Stopping threads took: 0,0000201 seconds
2016-12-23T08:15:03.537+0100: 2,208: Total time for which application threads were stopped: 0,0003624 seconds, Stopping threads took: 0,0000469 seconds
2016-12-23T08:15:03.569+0100: 2,240: Total time for which application threads were stopped: 0,0004035 seconds, Stopping threads took: 0,0000429 seconds
2016-12-23T08:15:03.599+0100: 2,270: Total time for which application threads were stopped: 0,0003566 seconds, Stopping threads took: 0,0000377 seconds
{Heap before GC invocations=1 (full 0):
 par new generation   total 109248K, used 99824K [0x00000000e0000000, 0x00000000e8000000, 0x00000000e8000000)
  eden space 87424K, 100% used [0x00000000e0000000, 0x00000000e5560000, 0x00000000e5560000)
  from space 21824K,  56% used [0x00000000e6ab0000, 0x00000000e76cc3a8, 0x00000000e8000000)
  to   space 21824K,   0% used [0x00000000e5560000, 0x00000000e5560000, 0x00000000e6ab0000)
 concurrent mark-sweep generation total 393216K, used 0K [0x00000000e8000000, 0x0000000100000000, 0x0000000100000000)
 Metaspace       used 20718K, capacity 21016K, committed 21248K, reserved 1069056K
  class space    used 2403K, capacity 2518K, committed 2560K, reserved 1048576K
2016-12-23T08:15:03.763+0100: 2,434: [GC (Allocation Failure) 2016-12-23T08:15:03.763+0100: 2,434: [ParNew
Desired survivor size 20112992 bytes, new threshold 8 (max 8)
- age   1:    2662608 bytes,    2662608 total
- age   2:    6139312 bytes,    8801920 total
: 99824K->13276K(109248K), 0,0164448 secs] 99824K->13276K(502464K), 0,0165215 secs] [Times: user=0,05 sys=0,00, real=0,02 secs] 
Heap after GC invocations=2 (full 0):
 par new generation   total 109248K, used 13276K [0x00000000e0000000, 0x00000000e8000000, 0x00000000e8000000)
  eden space 87424K,   0% used [0x00000000e0000000, 0x00000000e0000000, 0x00000000e5560000)
  from space 21824K,  60% used [0x00000000e5560000, 0x00000000e6257228, 0x00000000e6ab0000)
  to   space 21824K,   0% used [0x00000000e6ab0000, 0x00000000e6ab0000, 0x00000000e8000000)
 concurrent mark-sweep generation total 393216K, used 0K [0x00000000e8000000, 0x0000000100000000, 0x0000000100000000)
 Metaspace       used 20718K, capacity 21016K, committed 21248K, reserved 1069056K
  class space    used 2403K, capacity 2518K, committed 2560K, reserved 1048576K
}
2016-12-23T08:15:03.779+0100: 2,450: Total time for which application threads were stopped: 0,0167921 seconds, Stopping threads took: 0,0000768 seconds
2016-12-23T08:15:03.832+0100: 2,503: Total time for which application threads were stopped: 0,0000771 seconds, Stopping threads took: 0,0000155 seconds
2016-12-23T08:15:03.863+0100: 2,534: Total time for which application threads were stopped: 0,0000802 seconds, Stopping threads took: 0,0000129 seconds
2016-12-23T08:15:03.864+0100: 2,535: Total time for which application threads were stopped: 0,0002482 seconds, Stopping threads took: 0,0000227 seconds
2016-12-23T08:15:03.888+0100: 2,559: Total time for which application threads were stopped: 0,0000706 seconds, Stopping threads took: 0,0000130 seconds
2016-12-23T08:15:03.965+0100: 2,636: Total time for which application threads were stopped: 0,0001014 seconds, Stopping threads took: 0,0000183 seconds
2016-12-23T08:15:03.983+0100: 2,653: Total time for which application threads were stopped: 0,0001025 seconds, Stopping threads took: 0,0000331 seconds
2016-12-23T08:15:03.991+0100: 2,662: Total time for which application threads were stopped: 0,0003003 seconds, Stopping threads took: 0,0000255 seconds
2016-12-23T08:15:04.001+0100: 2,672: Total time for which application threads were stopped: 0,0002823 seconds, Stopping threads took: 0,0000184 seconds
2016-12-23T08:15:04.017+0100: 2,688: Total time for which application threads were stopped: 0,0000958 seconds, Stopping threads took: 0,0000235 seconds
2016-12-23T08:15:04.043+0100: 2,714: Total time for which application threads were stopped: 0,0001138 seconds, Stopping threads took: 0,0000368 seconds
2016-12-23T08:15:04.060+0100: 2,731: Total time for which application threads were stopped: 0,0000735 seconds, Stopping threads took: 0,0000166 seconds
2016-12-23T08:15:04.075+0100: 2,746: Total time for which application threads were stopped: 0,0000897 seconds, Stopping threads took: 0,0000211 seconds
2016-12-23T08:15:04.100+0100: 2,771: Total time for which application threads were stopped: 0,0000661 seconds, Stopping threads took: 0,0000124 seconds
2016-12-23T08:15:04.135+0100: 2,805: Total time for which application threads were stopped: 0,0001281 seconds, Stopping threads took: 0,0000254 seconds
2016-12-23T08:15:04.187+0100: 2,858: Total time for which application threads were stopped: 0,0001044 seconds, Stopping threads took: 0,0000271 seconds
2016-12-23T08:15:04.214+0100: 2,885: Total time for which application threads were stopped: 0,0000928 seconds, Stopping threads took: 0,0000199 seconds
{Heap before GC invocations=2 (full 0):
 par new generation   total 109248K, used 100700K [0x00000000e0000000, 0x00000000e8000000, 0x00000000e8000000)
  eden space 87424K, 100% used [0x00000000e0000000, 0x00000000e5560000, 0x00000000e5560000)
  from space 21824K,  60% used [0x00000000e5560000, 0x00000000e6257228, 0x00000000e6ab0000)
  to   space 21824K,   0% used [0x00000000e6ab0000, 0x00000000e6ab0000, 0x00000000e8000000)
 concurrent mark-sweep generation total 393216K, used 0K [0x00000000e8000000, 0x0000000100000000, 0x0000000100000000)
 Metaspace       used 24846K, capacity 25216K, committed 25536K, reserved 1071104K
  class space    used 2895K, capacity 3024K, committed 3064K, reserved 1048576K
2016-12-23T08:15:04.223+0100: 2,894: [GC (Allocation Failure) 2016-12-23T08:15:04.223+0100: 2,894: [ParNew
Desired survivor size 20112992 bytes, new threshold 8 (max 8)
- age   1:    6688120 bytes,    6688120 total
- age   2:     512888 bytes,    7201008 total
- age   3:    6131464 bytes,   13332472 total
: 100700K->15170K(109248K), 0,0120013 secs] 100700K->15170K(502464K), 0,0120874 secs] [Times: user=0,04 sys=0,00, real=0,02 secs] 
Heap after GC invocations=3 (full 0):
 par new generation   total 109248K, used 15170K [0x00000000e0000000, 0x00000000e8000000, 0x00000000e8000000)
  eden space 87424K,   0% used [0x00000000e0000000, 0x00000000e0000000, 0x00000000e5560000)
  from space 21824K,  69% used [0x00000000e6ab0000, 0x00000000e7980a80, 0x00000000e8000000)
  to   space 21824K,   0% used [0x00000000e5560000, 0x00000000e5560000, 0x00000000e6ab0000)
 concurrent mark-sweep generation total 393216K, used 0K [0x00000000e8000000, 0x0000000100000000, 0x0000000100000000)
 Metaspace       used 24846K, capacity 25216K, committed 25536K, reserved 1071104K
  class space    used 2895K, capacity 3024K, committed 3064K, reserved 1048576K
}
2016-12-23T08:15:04.235+0100: 2,906: Total time for which application threads were stopped: 0,0122633 seconds, Stopping threads took: 0,0000349 seconds
2016-12-23T08:15:04.235+0100: 2,906: [GC (CMS Initial Mark) [1 CMS-initial-mark: 0K(393216K)] 15171K(502464K), 0,0029874 secs] [Times: user=0,01 sys=0,00, real=0,00 secs] 
2016-12-23T08:15:04.239+0100: 2,909: Total time for which application threads were stopped: 0,0032224 seconds, Stopping threads took: 0,0001575 seconds
2016-12-23T08:15:04.239+0100: 2,909: [CMS-concurrent-mark-start]
2016-12-23T08:15:04.239+0100: 2,910: [CMS-concurrent-mark: 0,001/0,001 secs] [Times: user=0,00 sys=0,00, real=0,00 secs] 
2016-12-23T08:15:04.239+0100: 2,910: [CMS-concurrent-preclean-start]
2016-12-23T08:15:04.241+0100: 2,911: [CMS-concurrent-preclean: 0,001/0,001 secs] [Times: user=0,00 sys=0,00, real=0,00 secs] 
2016-12-23T08:15:04.241+0100: 2,911: [GC (CMS Final Remark) [YG occupancy: 16569 K (109248 K)]{Heap before GC invocations=3 (full 1):
 par new generation   total 109248K, used 16569K [0x00000000e0000000, 0x00000000e8000000, 0x00000000e8000000)
  eden space 87424K,   1% used [0x00000000e0000000, 0x00000000e015dca8, 0x00000000e5560000)
  from space 21824K,  69% used [0x00000000e6ab0000, 0x00000000e7980a80, 0x00000000e8000000)
  to   space 21824K,   0% used [0x00000000e5560000, 0x00000000e5560000, 0x00000000e6ab0000)
 concurrent mark-sweep generation total 393216K, used 0K [0x00000000e8000000, 0x0000000100000000, 0x0000000100000000)
 Metaspace       used 24848K, capacity 25216K, committed 25536K, reserved 1071104K
  class space    used 2896K, capacity 3024K, committed 3064K, reserved 1048576K
2016-12-23T08:15:04.241+0100: 2,911: [GC (CMS Final Remark) 2016-12-23T08:15:04.241+0100: 2,911: [ParNew
Desired survivor size 20112992 bytes, new threshold 8 (max 8)
- age   1:       1984 bytes,       1984 total
- age   2:    3148944 bytes,    3150928 total
- age   3:     512888 bytes,    3663816 total
- age   4:    6129984 bytes,    9793800 total
: 16569K->16164K(109248K), 0,0133035 secs] 16569K->16164K(502464K), 0,0133482 secs] [Times: user=0,05 sys=0,00, real=0,01 secs] 
Heap after GC invocations=4 (full 1):
 par new generation   total 109248K, used 16164K [0x00000000e0000000, 0x00000000e8000000, 0x00000000e8000000)
  eden space 87424K,   0% used [0x00000000e0000000, 0x00000000e0000000, 0x00000000e5560000)
  from space 21824K,  74% used [0x00000000e5560000, 0x00000000e6529240, 0x00000000e6ab0000)
  to   space 21824K,   0% used [0x00000000e6ab0000, 0x00000000e6ab0000, 0x00000000e8000000)
 concurrent mark-sweep generation total 393216K, used 0K [0x00000000e8000000, 0x0000000100000000, 0x0000000100000000)
 Metaspace       used 24848K, capacity 25216K, committed 25536K, reserved 1071104K
  class space    used 2896K, capacity 3024K, committed 3064K, reserved 1048576K
}
2016-12-23T08:15:04.254+0100: 2,925: [Rescan (parallel) , 0,0039040 secs]2016-12-23T08:15:04.258+0100: 2,929: [weak refs processing, 0,0024044 secs]2016-12-23T08:15:04.261+0100: 2,931: [class unloading, 0,0031713 secs]2016-12-23T08:15:04.264+0100: 2,934: [scrub symbol table, 0,0032930 secs]2016-12-23T08:15:04.267+0100: 2,938: [scrub string table, 0,0004075 secs][1 CMS-remark: 0K(393216K)] 16164K(502464K), 0,0272455 secs] [Times: user=0,08 sys=0,00, real=0,03 secs] 
2016-12-23T08:15:04.268+0100: 2,939: Total time for which application threads were stopped: 0,0273781 seconds, Stopping threads took: 0,0000538 seconds
2016-12-23T08:15:04.268+0100: 2,939: [CMS-concurrent-sweep-start]
2016-12-23T08:15:04.268+0100: 2,939: [CMS-concurrent-sweep: 0,000/0,000 secs] [Times: user=0,00 sys=0,00, real=0,00 secs] 
2016-12-23T08:15:04.268+0100: 2,939: [CMS-concurrent-reset-start]
2016-12-23T08:15:04.270+0100: 2,941: [CMS-concurrent-reset: 0,002/0,002 secs] [Times: user=0,00 sys=0,00, real=0,00 secs] 
2016-12-23T08:15:04.330+0100: 3,001: Total time for which application threads were stopped: 0,0004313 seconds, Stopping threads took: 0,0000266 seconds
2016-12-23T08:15:04.345+0100: 3,016: Total time for which application threads were stopped: 0,0003757 seconds, Stopping threads took: 0,0000234 seconds
2016-12-23T08:15:05.345+0100: 4,016: Total time for which application threads were stopped: 0,0000841 seconds, Stopping threads took: 0,0000158 seconds
2016-12-23T08:15:05.379+0100: 4,050: Total time for which application threads were stopped: 0,0002688 seconds, Stopping threads took: 0,0000155 seconds
2016-12-23T08:15:33.383+0100: 32,054: Total time for which application threads were stopped: 0,0000681 seconds, Stopping threads took: 0,0000304 seconds
2016-12-23T08:17:43.400+0100: 162,071: Total time for which application threads were stopped: 0,0001519 seconds, Stopping threads took: 0,0000658 seconds
2016-12-23T08:17:48.401+0100: 167,072: Total time for which application threads were stopped: 0,0001533 seconds, Stopping threads took: 0,0000630 seconds
2016-12-23T08:18:02.403+0100: 181,074: Total time for which application threads were stopped: 0,0000607 seconds, Stopping threads took: 0,0000157 seconds
2016-12-23T08:18:43.408+0100: 222,078: Total time for which application threads were stopped: 0,0001236 seconds, Stopping threads took: 0,0000450 seconds
2016-12-23T08:18:53.409+0100: 232,079: Total time for which application threads were stopped: 0,0003128 seconds, Stopping threads took: 0,0000780 seconds
2016-12-23T08:19:17.412+0100: 256,082: Total time for which application threads were stopped: 0,0000721 seconds, Stopping threads took: 0,0000296 seconds
2016-12-23T08:19:32.414+0100: 271,085: Total time for which application threads were stopped: 0,0003335 seconds, Stopping threads took: 0,0000642 seconds
2016-12-23T08:19:37.415+0100: 276,085: Total time for which application threads were stopped: 0,0000983 seconds, Stopping threads took: 0,0000214 seconds
2016-12-23T08:19:43.416+0100: 282,086: Total time for which application threads were stopped: 0,0001094 seconds, Stopping threads took: 0,0000284 seconds
2016-12-23T08:19:48.417+0100: 287,087: Total time for which application threads were stopped: 0,0001227 seconds, Stopping threads took: 0,0000513 seconds
2016-12-23T08:20:02.419+0100: 301,090: Total time for which application threads were stopped: 0,0004905 seconds, Stopping threads took: 0,0001027 seconds
2016-12-23T08:20:23.422+0100: 322,093: Total time for which application threads were stopped: 0,0001467 seconds, Stopping threads took: 0,0000728 seconds
2016-12-23T08:21:52.433+0100: 411,104: Total time for which application threads were stopped: 0,0001823 seconds, Stopping threads took: 0,0000660 seconds
2016-12-23T08:38:42.543+0100: 1421,214: Total time for which application threads were stopped: 0,0000715 seconds, Stopping threads took: 0,0000302 seconds
2016-12-23T08:42:27.568+0100: 1646,238: Total time for which application threads were stopped: 0,0000786 seconds, Stopping threads took: 0,0000314 seconds
2016-12-23T08:43:13.572+0100: 1692,243: Total time for which application threads were stopped: 0,0000967 seconds, Stopping threads took: 0,0000385 seconds
2016-12-23T08:54:07.642+0100: 2346,312: Total time for which application threads were stopped: 0,0001335 seconds, Stopping threads took: 0,0000652 seconds
2016-12-23T08:54:08.642+0100: 2347,313: Total time for which application threads were stopped: 0,0001003 seconds, Stopping threads took: 0,0000312 seconds
2016-12-23T09:13:18.767+0100: 3497,438: Total time for which application threads were stopped: 0,0000703 seconds, Stopping threads took: 0,0000299 seconds
2016-12-23T09:21:02.843+0100: 3961,514: Total time for which application threads were stopped: 0,0000685 seconds, Stopping threads took: 0,0000275 seconds
2016-12-23T09:21:12.845+0100: 3971,515: Total time for which application threads were stopped: 0,0001449 seconds, Stopping threads took: 0,0000550 seconds
2016-12-23T09:22:02.853+0100: 4021,524: Total time for which application threads were stopped: 0,0001022 seconds, Stopping threads took: 0,0000497 seconds
2016-12-23T10:11:04.296+0100: 6962,967: Total time for which application threads were stopped: 0,0000710 seconds, Stopping threads took: 0,0000306 seconds
2016-12-23T10:12:39.308+0100: 7057,979: Total time for which application threads were stopped: 0,0000706 seconds, Stopping threads took: 0,0000303 seconds
2016-12-23T10:20:03.360+0100: 7502,031: Total time for which application threads were stopped: 0,0000817 seconds, Stopping threads took: 0,0000336 seconds
2016-12-23T10:20:33.364+0100: 7532,034: Total time for which application threads were stopped: 0,0001497 seconds, Stopping threads took: 0,0000588 seconds
2016-12-23T10:23:03.383+0100: 7682,054: Total time for which application threads were stopped: 0,0000663 seconds, Stopping threads took: 0,0000264 seconds
2016-12-23T10:23:33.387+0100: 7712,057: Total time for which application threads were stopped: 0,0001079 seconds, Stopping threads took: 0,0000445 seconds
2016-12-23T10:25:58.404+0100: 7857,075: Total time for which application threads were stopped: 0,0003169 seconds, Stopping threads took: 0,0001560 seconds
2016-12-23T10:34:18.464+0100: 8357,134: Total time for which application threads were stopped: 0,0000675 seconds, Stopping threads took: 0,0000267 seconds
2016-12-23T11:59:58.489+0100: 13497,160: Total time for which application threads were stopped: 0,0001762 seconds, Stopping threads took: 0,0000230 seconds
Heap
 par new generation   total 109248K, used 61845K [0x00000000e0000000, 0x00000000e8000000, 0x00000000e8000000)
  eden space 87424K,  52% used [0x00000000e0000000, 0x00000000e2c9c1d8, 0x00000000e5560000)
  from space 21824K,  74% used [0x00000000e5560000, 0x00000000e6529240, 0x00000000e6ab0000)
  to   space 21824K,   0% used [0x00000000e6ab0000, 0x00000000e6ab0000, 0x00000000e8000000)
 concurrent mark-sweep generation total 393216K, used 0K [0x00000000e8000000, 0x0000000100000000, 0x0000000100000000)
 Metaspace       used 27251K, capacity 27724K, committed 27840K, reserved 1073152K
  class space    used 3166K, capacity 3320K, committed 3320K, reserved 1048576K
