OpenJDK 64-Bit Server VM (25.111-b14) for linux-amd64 JRE (1.8.0_111-8u111-b14-2ubuntu0.16.04.2-b14), built on Oct 27 2016 18:10:19 by "buildd" with gcc 5.4.0 20160609
Memory: 4k page, physical 7867804k(7452912k free), swap 8076284k(8076284k free)
CommandLine flags: -XX:CMSInitiatingOccupancyFraction=50 -XX:CMSMaxAbortablePrecleanTime=6000 -XX:+CMSParallelRemarkEnabled -XX:+CMSScavengeBeforeRemark -XX:ConcGCThreads=4 -XX:InitialHeapSize=536870912 -XX:MaxHeapSize=536870912 -XX:MaxTenuringThreshold=8 -XX:NewRatio=3 -XX:OldPLABSize=16 -XX:OnOutOfMemoryError=/opt/solr/bin/oom_solr.sh 8983 /var/solr/logs -XX:ParallelGCThreads=4 -XX:+ParallelRefProcEnabled -XX:PretenureSizeThreshold=67108864 -XX:+PrintGC -XX:+PrintGCApplicationStoppedTime -XX:+PrintGCDateStamps -XX:+PrintGCDetails -XX:+PrintGCTimeStamps -XX:+PrintHeapAtGC -XX:+PrintTenuringDistribution -XX:SurvivorRatio=4 -XX:TargetSurvivorRatio=90 -XX:ThreadStackSize=256 -XX:+UseCMSInitiatingOccupancyOnly -XX:+UseCompressedClassPointers -XX:+UseCompressedOops -XX:+UseConcMarkSweepGC -XX:+UseParNewGC 
2017-01-04T22:11:16.965+0100: 0,164: Total time for which application threads were stopped: 0,0000810 seconds, Stopping threads took: 0,0000096 seconds
2017-01-04T22:11:17.073+0100: 0,272: Total time for which application threads were stopped: 0,0001152 seconds, Stopping threads took: 0,0000212 seconds
2017-01-04T22:11:17.087+0100: 0,286: Total time for which application threads were stopped: 0,0000975 seconds, Stopping threads took: 0,0000143 seconds
2017-01-04T22:11:17.939+0100: 1,139: Total time for which application threads were stopped: 0,0007752 seconds, Stopping threads took: 0,0001280 seconds
2017-01-04T22:11:18.022+0100: 1,222: Total time for which application threads were stopped: 0,0001977 seconds, Stopping threads took: 0,0000342 seconds
2017-01-04T22:11:18.051+0100: 1,251: Total time for which application threads were stopped: 0,0001853 seconds, Stopping threads took: 0,0000225 seconds
2017-01-04T22:11:18.373+0100: 1,573: Total time for which application threads were stopped: 0,0002397 seconds, Stopping threads took: 0,0000403 seconds
2017-01-04T22:11:18.662+0100: 1,862: Total time for which application threads were stopped: 0,0002063 seconds, Stopping threads took: 0,0000173 seconds
2017-01-04T22:11:18.684+0100: 1,884: Total time for which application threads were stopped: 0,0001675 seconds, Stopping threads took: 0,0000134 seconds
2017-01-04T22:11:18.685+0100: 1,884: Total time for which application threads were stopped: 0,0001150 seconds, Stopping threads took: 0,0000086 seconds
2017-01-04T22:11:18.697+0100: 1,897: Total time for which application threads were stopped: 0,0001700 seconds, Stopping threads took: 0,0000126 seconds
2017-01-04T22:11:18.781+0100: 1,981: Total time for which application threads were stopped: 0,0001935 seconds, Stopping threads took: 0,0000194 seconds
2017-01-04T22:11:18.974+0100: 2,174: Total time for which application threads were stopped: 0,0002474 seconds, Stopping threads took: 0,0000474 seconds
{Heap before GC invocations=0 (full 0):
 par new generation   total 109248K, used 87424K [0x00000000e0000000, 0x00000000e8000000, 0x00000000e8000000)
  eden space 87424K, 100% used [0x00000000e0000000, 0x00000000e5560000, 0x00000000e5560000)
  from space 21824K,   0% used [0x00000000e5560000, 0x00000000e5560000, 0x00000000e6ab0000)
  to   space 21824K,   0% used [0x00000000e6ab0000, 0x00000000e6ab0000, 0x00000000e8000000)
 concurrent mark-sweep generation total 393216K, used 0K [0x00000000e8000000, 0x0000000100000000, 0x0000000100000000)
 Metaspace       used 18362K, capacity 18686K, committed 18944K, reserved 1067008K
  class space    used 2091K, capacity 2226K, committed 2304K, reserved 1048576K
2017-01-04T22:11:19.132+0100: 2,332: [GC (Allocation Failure) 2017-01-04T22:11:19.132+0100: 2,332: [ParNew
Desired survivor size 20112992 bytes, new threshold 8 (max 8)
- age   1:   12579240 bytes,   12579240 total
: 87424K->12402K(109248K), 0,0215501 secs] 87424K->12402K(502464K), 0,0216377 secs] [Times: user=0,06 sys=0,00, real=0,02 secs] 
Heap after GC invocations=1 (full 0):
 par new generation   total 109248K, used 12402K [0x00000000e0000000, 0x00000000e8000000, 0x00000000e8000000)
  eden space 87424K,   0% used [0x00000000e0000000, 0x00000000e0000000, 0x00000000e5560000)
  from space 21824K,  56% used [0x00000000e6ab0000, 0x00000000e76cc960, 0x00000000e8000000)
  to   space 21824K,   0% used [0x00000000e5560000, 0x00000000e5560000, 0x00000000e6ab0000)
 concurrent mark-sweep generation total 393216K, used 0K [0x00000000e8000000, 0x0000000100000000, 0x0000000100000000)
 Metaspace       used 18362K, capacity 18686K, committed 18944K, reserved 1067008K
  class space    used 2091K, capacity 2226K, committed 2304K, reserved 1048576K
}
2017-01-04T22:11:19.153+0100: 2,353: Total time for which application threads were stopped: 0,0218252 seconds, Stopping threads took: 0,0000241 seconds
2017-01-04T22:11:19.327+0100: 2,526: Total time for which application threads were stopped: 0,0058973 seconds, Stopping threads took: 0,0056664 seconds
2017-01-04T22:11:19.386+0100: 2,586: Total time for which application threads were stopped: 0,0003754 seconds, Stopping threads took: 0,0000373 seconds
2017-01-04T22:11:19.427+0100: 2,626: Total time for which application threads were stopped: 0,0004044 seconds, Stopping threads took: 0,0000392 seconds
{Heap before GC invocations=1 (full 0):
 par new generation   total 109248K, used 99826K [0x00000000e0000000, 0x00000000e8000000, 0x00000000e8000000)
  eden space 87424K, 100% used [0x00000000e0000000, 0x00000000e5560000, 0x00000000e5560000)
  from space 21824K,  56% used [0x00000000e6ab0000, 0x00000000e76cc960, 0x00000000e8000000)
  to   space 21824K,   0% used [0x00000000e5560000, 0x00000000e5560000, 0x00000000e6ab0000)
 concurrent mark-sweep generation total 393216K, used 0K [0x00000000e8000000, 0x0000000100000000, 0x0000000100000000)
 Metaspace       used 20699K, capacity 21020K, committed 21248K, reserved 1069056K
  class space    used 2404K, capacity 2518K, committed 2560K, reserved 1048576K
2017-01-04T22:11:19.639+0100: 2,838: [GC (Allocation Failure) 2017-01-04T22:11:19.639+0100: 2,839: [ParNew
Desired survivor size 20112992 bytes, new threshold 8 (max 8)
- age   1:    2661424 bytes,    2661424 total
- age   2:    6140832 bytes,    8802256 total
: 99826K->11401K(109248K), 0,0319419 secs] 99826K->11401K(502464K), 0,0320398 secs] [Times: user=0,07 sys=0,01, real=0,03 secs] 
Heap after GC invocations=2 (full 0):
 par new generation   total 109248K, used 11401K [0x00000000e0000000, 0x00000000e8000000, 0x00000000e8000000)
  eden space 87424K,   0% used [0x00000000e0000000, 0x00000000e0000000, 0x00000000e5560000)
  from space 21824K,  52% used [0x00000000e5560000, 0x00000000e60827e0, 0x00000000e6ab0000)
  to   space 21824K,   0% used [0x00000000e6ab0000, 0x00000000e6ab0000, 0x00000000e8000000)
 concurrent mark-sweep generation total 393216K, used 0K [0x00000000e8000000, 0x0000000100000000, 0x0000000100000000)
 Metaspace       used 20699K, capacity 21020K, committed 21248K, reserved 1069056K
  class space    used 2404K, capacity 2518K, committed 2560K, reserved 1048576K
}
2017-01-04T22:11:19.671+0100: 2,871: Total time for which application threads were stopped: 0,0323028 seconds, Stopping threads took: 0,0000386 seconds
2017-01-04T22:11:19.737+0100: 2,937: Total time for which application threads were stopped: 0,0000843 seconds, Stopping threads took: 0,0000156 seconds
2017-01-04T22:11:19.778+0100: 2,978: Total time for which application threads were stopped: 0,0003190 seconds, Stopping threads took: 0,0000268 seconds
2017-01-04T22:11:19.783+0100: 2,982: Total time for which application threads were stopped: 0,0001007 seconds, Stopping threads took: 0,0000334 seconds
2017-01-04T22:11:19.811+0100: 3,011: Total time for which application threads were stopped: 0,0001213 seconds, Stopping threads took: 0,0000380 seconds
2017-01-04T22:11:19.905+0100: 3,105: Total time for which application threads were stopped: 0,0001161 seconds, Stopping threads took: 0,0000243 seconds
2017-01-04T22:11:19.926+0100: 3,126: Total time for which application threads were stopped: 0,0001216 seconds, Stopping threads took: 0,0000342 seconds
2017-01-04T22:11:19.935+0100: 3,135: Total time for which application threads were stopped: 0,0003514 seconds, Stopping threads took: 0,0000334 seconds
2017-01-04T22:11:19.947+0100: 3,147: Total time for which application threads were stopped: 0,0003272 seconds, Stopping threads took: 0,0000168 seconds
2017-01-04T22:11:19.955+0100: 3,155: Total time for which application threads were stopped: 0,0001066 seconds, Stopping threads took: 0,0000419 seconds
2017-01-04T22:11:19.991+0100: 3,190: Total time for which application threads were stopped: 0,0001006 seconds, Stopping threads took: 0,0000360 seconds
2017-01-04T22:11:20.004+0100: 3,204: Total time for which application threads were stopped: 0,0000903 seconds, Stopping threads took: 0,0000200 seconds
2017-01-04T22:11:20.033+0100: 3,232: Total time for which application threads were stopped: 0,0000829 seconds, Stopping threads took: 0,0000163 seconds
2017-01-04T22:11:20.064+0100: 3,264: Total time for which application threads were stopped: 0,0000878 seconds, Stopping threads took: 0,0000203 seconds
2017-01-04T22:11:20.094+0100: 3,294: Total time for which application threads were stopped: 0,0001145 seconds, Stopping threads took: 0,0000250 seconds
2017-01-04T22:11:20.158+0100: 3,358: Total time for which application threads were stopped: 0,0001046 seconds, Stopping threads took: 0,0000372 seconds
2017-01-04T22:11:20.193+0100: 3,393: Total time for which application threads were stopped: 0,0001029 seconds, Stopping threads took: 0,0000216 seconds
{Heap before GC invocations=2 (full 0):
 par new generation   total 109248K, used 98825K [0x00000000e0000000, 0x00000000e8000000, 0x00000000e8000000)
  eden space 87424K, 100% used [0x00000000e0000000, 0x00000000e5560000, 0x00000000e5560000)
  from space 21824K,  52% used [0x00000000e5560000, 0x00000000e60827e0, 0x00000000e6ab0000)
  to   space 21824K,   0% used [0x00000000e6ab0000, 0x00000000e6ab0000, 0x00000000e8000000)
 concurrent mark-sweep generation total 393216K, used 0K [0x00000000e8000000, 0x0000000100000000, 0x0000000100000000)
 Metaspace       used 24844K, capacity 25288K, committed 25536K, reserved 1071104K
  class space    used 2897K, capacity 3025K, committed 3092K, reserved 1048576K
2017-01-04T22:11:20.215+0100: 3,415: [GC (Allocation Failure) 2017-01-04T22:11:20.215+0100: 3,415: [ParNew
Desired survivor size 20112992 bytes, new threshold 8 (max 8)
- age   1:    6697088 bytes,    6697088 total
- age   2:     511224 bytes,    7208312 total
- age   3:    6122272 bytes,   13330584 total
: 98825K->15369K(109248K), 0,0269466 secs] 98825K->15369K(502464K), 0,0270211 secs] [Times: user=0,07 sys=0,00, real=0,02 secs] 
Heap after GC invocations=3 (full 0):
 par new generation   total 109248K, used 15369K [0x00000000e0000000, 0x00000000e8000000, 0x00000000e8000000)
  eden space 87424K,   0% used [0x00000000e0000000, 0x00000000e0000000, 0x00000000e5560000)
  from space 21824K,  70% used [0x00000000e6ab0000, 0x00000000e79b26a0, 0x00000000e8000000)
  to   space 21824K,   0% used [0x00000000e5560000, 0x00000000e5560000, 0x00000000e6ab0000)
 concurrent mark-sweep generation total 393216K, used 0K [0x00000000e8000000, 0x0000000100000000, 0x0000000100000000)
 Metaspace       used 24844K, capacity 25288K, committed 25536K, reserved 1071104K
  class space    used 2897K, capacity 3025K, committed 3092K, reserved 1048576K
}
2017-01-04T22:11:20.242+0100: 3,442: Total time for which application threads were stopped: 0,0271655 seconds, Stopping threads took: 0,0000198 seconds
2017-01-04T22:11:20.242+0100: 3,442: [GC (CMS Initial Mark) [1 CMS-initial-mark: 0K(393216K)] 15370K(502464K), 0,0037511 secs] [Times: user=0,02 sys=0,00, real=0,01 secs] 
2017-01-04T22:11:20.246+0100: 3,446: Total time for which application threads were stopped: 0,0038592 seconds, Stopping threads took: 0,0000250 seconds
2017-01-04T22:11:20.246+0100: 3,446: [CMS-concurrent-mark-start]
2017-01-04T22:11:20.246+0100: 3,446: [CMS-concurrent-mark: 0,000/0,000 secs] [Times: user=0,00 sys=0,00, real=0,00 secs] 
2017-01-04T22:11:20.246+0100: 3,446: [CMS-concurrent-preclean-start]
2017-01-04T22:11:20.247+0100: 3,447: [CMS-concurrent-preclean: 0,001/0,001 secs] [Times: user=0,00 sys=0,00, real=0,00 secs] 
2017-01-04T22:11:20.252+0100: 3,451: [GC (CMS Final Remark) [YG occupancy: 16771 K (109248 K)]{Heap before GC invocations=3 (full 1):
 par new generation   total 109248K, used 16771K [0x00000000e0000000, 0x00000000e8000000, 0x00000000e8000000)
  eden space 87424K,   1% used [0x00000000e0000000, 0x00000000e015e580, 0x00000000e5560000)
  from space 21824K,  70% used [0x00000000e6ab0000, 0x00000000e79b26a0, 0x00000000e8000000)
  to   space 21824K,   0% used [0x00000000e5560000, 0x00000000e5560000, 0x00000000e6ab0000)
 concurrent mark-sweep generation total 393216K, used 0K [0x00000000e8000000, 0x0000000100000000, 0x0000000100000000)
 Metaspace       used 24849K, capacity 25288K, committed 25536K, reserved 1071104K
  class space    used 2897K, capacity 3025K, committed 3092K, reserved 1048576K
2017-01-04T22:11:20.252+0100: 3,451: [GC (CMS Final Remark) 2017-01-04T22:11:20.252+0100: 3,452: [ParNew
Desired survivor size 20112992 bytes, new threshold 8 (max 8)
- age   1:      18752 bytes,      18752 total
- age   2:    3156040 bytes,    3174792 total
- age   3:     511224 bytes,    3686016 total
- age   4:    6120728 bytes,    9806744 total
: 16771K->16566K(109248K), 0,0203921 secs] 16771K->16566K(502464K), 0,0204299 secs] [Times: user=0,05 sys=0,00, real=0,02 secs] 
Heap after GC invocations=4 (full 1):
 par new generation   total 109248K, used 16566K [0x00000000e0000000, 0x00000000e8000000, 0x00000000e8000000)
  eden space 87424K,   0% used [0x00000000e0000000, 0x00000000e0000000, 0x00000000e5560000)
  from space 21824K,  75% used [0x00000000e5560000, 0x00000000e658da40, 0x00000000e6ab0000)
  to   space 21824K,   0% used [0x00000000e6ab0000, 0x00000000e6ab0000, 0x00000000e8000000)
 concurrent mark-sweep generation total 393216K, used 0K [0x00000000e8000000, 0x0000000100000000, 0x0000000100000000)
 Metaspace       used 24849K, capacity 25288K, committed 25536K, reserved 1071104K
  class space    used 2897K, capacity 3025K, committed 3092K, reserved 1048576K
}
2017-01-04T22:11:20.272+0100: 3,472: [Rescan (parallel) , 0,0050804 secs]2017-01-04T22:11:20.277+0100: 3,477: [weak refs processing, 0,0015894 secs]2017-01-04T22:11:20.279+0100: 3,479: [class unloading, 0,0041989 secs]2017-01-04T22:11:20.283+0100: 3,483: [scrub symbol table, 0,0045556 secs]2017-01-04T22:11:20.288+0100: 3,487: [scrub string table, 0,0004677 secs][1 CMS-remark: 0K(393216K)] 16566K(502464K), 0,0372553 secs] [Times: user=0,08 sys=0,00, real=0,04 secs] 
2017-01-04T22:11:20.289+0100: 3,489: Total time for which application threads were stopped: 0,0373950 seconds, Stopping threads took: 0,0000590 seconds
2017-01-04T22:11:20.290+0100: 3,490: [CMS-concurrent-sweep-start]
2017-01-04T22:11:20.290+0100: 3,490: [CMS-concurrent-sweep: 0,000/0,000 secs] [Times: user=0,00 sys=0,00, real=0,00 secs] 
2017-01-04T22:11:20.290+0100: 3,490: [CMS-concurrent-reset-start]
2017-01-04T22:11:20.292+0100: 3,491: [CMS-concurrent-reset: 0,001/0,001 secs] [Times: user=0,00 sys=0,01, real=0,00 secs] 
2017-01-04T22:11:20.864+0100: 4,064: Total time for which application threads were stopped: 0,0004040 seconds, Stopping threads took: 0,0000291 seconds
2017-01-04T22:11:48.868+0100: 32,067: Total time for which application threads were stopped: 0,0002734 seconds, Stopping threads took: 0,0000871 seconds
2017-01-04T22:13:58.883+0100: 162,083: Total time for which application threads were stopped: 0,0000725 seconds, Stopping threads took: 0,0000281 seconds
2017-01-04T22:14:03.884+0100: 167,084: Total time for which application threads were stopped: 0,0000649 seconds, Stopping threads took: 0,0000149 seconds
2017-01-04T22:14:23.887+0100: 187,086: Total time for which application threads were stopped: 0,0005079 seconds, Stopping threads took: 0,0001610 seconds
2017-01-04T22:14:58.890+0100: 222,090: Total time for which application threads were stopped: 0,0003562 seconds, Stopping threads took: 0,0001475 seconds
2017-01-04T22:15:53.894+0100: 277,094: Total time for which application threads were stopped: 0,0000815 seconds, Stopping threads took: 0,0000326 seconds
2017-01-04T22:16:03.895+0100: 287,095: Total time for which application threads were stopped: 0,0000727 seconds, Stopping threads took: 0,0000255 seconds
2017-01-04T22:16:38.898+0100: 322,098: Total time for which application threads were stopped: 0,0004591 seconds, Stopping threads took: 0,0001642 seconds
2017-01-04T22:18:08.906+0100: 412,106: Total time for which application threads were stopped: 0,0000930 seconds, Stopping threads took: 0,0000436 seconds
2017-01-04T22:18:43.909+0100: 447,109: Total time for which application threads were stopped: 0,0000876 seconds, Stopping threads took: 0,0000294 seconds
2017-01-04T22:18:53.910+0100: 457,110: Total time for which application threads were stopped: 0,0003381 seconds, Stopping threads took: 0,0000851 seconds
2017-01-04T22:19:18.913+0100: 482,113: Total time for which application threads were stopped: 0,0005061 seconds, Stopping threads took: 0,0002098 seconds
2017-01-04T22:22:03.928+0100: 647,128: Total time for which application threads were stopped: 0,0000751 seconds, Stopping threads took: 0,0000309 seconds
2017-01-04T22:27:23.958+0100: 967,157: Total time for which application threads were stopped: 0,0003538 seconds, Stopping threads took: 0,0001842 seconds
2017-01-04T22:35:03.016+0100: 1426,216: Total time for which application threads were stopped: 0,0000829 seconds, Stopping threads took: 0,0000367 seconds
2017-01-04T22:38:44.041+0100: 1647,241: Total time for which application threads were stopped: 0,0000757 seconds, Stopping threads took: 0,0000322 seconds
2017-01-04T22:39:28.047+0100: 1691,247: Total time for which application threads were stopped: 0,0000824 seconds, Stopping threads took: 0,0000335 seconds
2017-01-04T22:49:58.126+0100: 2321,326: Total time for which application threads were stopped: 0,0000833 seconds, Stopping threads took: 0,0000351 seconds
2017-01-04T22:49:59.126+0100: 2322,326: Total time for which application threads were stopped: 0,0000578 seconds, Stopping threads took: 0,0000149 seconds
2017-01-04T23:04:34.219+0100: 3197,419: Total time for which application threads were stopped: 0,0000750 seconds, Stopping threads took: 0,0000317 seconds
2017-01-04T23:15:28.287+0100: 3851,487: Total time for which application threads were stopped: 0,0000789 seconds, Stopping threads took: 0,0000309 seconds
2017-01-04T23:15:38.288+0100: 3861,488: Total time for which application threads were stopped: 0,0000789 seconds, Stopping threads took: 0,0000302 seconds
2017-01-04T23:18:19.305+0100: 4022,505: Total time for which application threads were stopped: 0,0000810 seconds, Stopping threads took: 0,0000338 seconds
2017-01-04T23:55:14.530+0100: 6237,730: Total time for which application threads were stopped: 0,0000950 seconds, Stopping threads took: 0,0000331 seconds
2017-01-04T23:56:24.538+0100: 6307,738: Total time for which application threads were stopped: 0,0000709 seconds, Stopping threads took: 0,0000283 seconds
2017-01-05T00:16:18.680+0100: 7501,879: Total time for which application threads were stopped: 0,0000805 seconds, Stopping threads took: 0,0000316 seconds
2017-01-05T00:16:48.684+0100: 7531,883: Total time for which application threads were stopped: 0,0000716 seconds, Stopping threads took: 0,0000283 seconds
2017-01-05T00:19:18.699+0100: 7681,898: Total time for which application threads were stopped: 0,0000730 seconds, Stopping threads took: 0,0000293 seconds
2017-01-05T00:24:48.686+0100: 8011,886: Total time for which application threads were stopped: 0,0001582 seconds, Stopping threads took: 0,0000305 seconds
Heap
 par new generation   total 109248K, used 62391K [0x00000000e0000000, 0x00000000e8000000, 0x00000000e8000000)
  eden space 87424K,  52% used [0x00000000e0000000, 0x00000000e2cc0338, 0x00000000e5560000)
  from space 21824K,  75% used [0x00000000e5560000, 0x00000000e658da40, 0x00000000e6ab0000)
  to   space 21824K,   0% used [0x00000000e6ab0000, 0x00000000e6ab0000, 0x00000000e8000000)
 concurrent mark-sweep generation total 393216K, used 0K [0x00000000e8000000, 0x0000000100000000, 0x0000000100000000)
 Metaspace       used 27235K, capacity 27668K, committed 27924K, reserved 1073152K
  class space    used 3167K, capacity 3321K, committed 3348K, reserved 1048576K
