OpenJDK 64-Bit Server VM (25.111-b14) for linux-amd64 JRE (1.8.0_111-8u111-b14-2ubuntu0.16.04.2-b14), built on Oct 27 2016 18:10:19 by "buildd" with gcc 5.4.0 20160609
Memory: 4k page, physical 7867804k(7513788k free), swap 8076284k(8076284k free)
CommandLine flags: -XX:CMSInitiatingOccupancyFraction=50 -XX:CMSMaxAbortablePrecleanTime=6000 -XX:+CMSParallelRemarkEnabled -XX:+CMSScavengeBeforeRemark -XX:ConcGCThreads=4 -XX:InitialHeapSize=536870912 -XX:MaxHeapSize=536870912 -XX:MaxTenuringThreshold=8 -XX:NewRatio=3 -XX:OldPLABSize=16 -XX:OnOutOfMemoryError=/opt/solr/bin/oom_solr.sh 8983 /var/solr/logs -XX:ParallelGCThreads=4 -XX:+ParallelRefProcEnabled -XX:PretenureSizeThreshold=67108864 -XX:+PrintGC -XX:+PrintGCApplicationStoppedTime -XX:+PrintGCDateStamps -XX:+PrintGCDetails -XX:+PrintGCTimeStamps -XX:+PrintHeapAtGC -XX:+PrintTenuringDistribution -XX:SurvivorRatio=4 -XX:TargetSurvivorRatio=90 -XX:ThreadStackSize=256 -XX:+UseCMSInitiatingOccupancyOnly -XX:+UseCompressedClassPointers -XX:+UseCompressedOops -XX:+UseConcMarkSweepGC -XX:+UseParNewGC 
2017-01-05T12:20:00.705+0100: 0,136: Total time for which application threads were stopped: 0,0001073 seconds, Stopping threads took: 0,0000193 seconds
2017-01-05T12:20:00.780+0100: 0,212: Total time for which application threads were stopped: 0,0000907 seconds, Stopping threads took: 0,0000133 seconds
2017-01-05T12:20:00.800+0100: 0,231: Total time for which application threads were stopped: 0,0001193 seconds, Stopping threads took: 0,0000175 seconds
2017-01-05T12:20:01.008+0100: 0,440: Total time for which application threads were stopped: 0,0001091 seconds, Stopping threads took: 0,0000091 seconds
2017-01-05T12:20:01.405+0100: 0,837: Total time for which application threads were stopped: 0,0001312 seconds, Stopping threads took: 0,0000150 seconds
2017-01-05T12:20:01.546+0100: 0,977: Total time for which application threads were stopped: 0,0002125 seconds, Stopping threads took: 0,0000285 seconds
2017-01-05T12:20:01.563+0100: 0,995: Total time for which application threads were stopped: 0,0001714 seconds, Stopping threads took: 0,0000249 seconds
2017-01-05T12:20:01.956+0100: 1,388: Total time for which application threads were stopped: 0,0001748 seconds, Stopping threads took: 0,0000126 seconds
2017-01-05T12:20:02.174+0100: 1,606: Total time for which application threads were stopped: 0,0001991 seconds, Stopping threads took: 0,0000230 seconds
2017-01-05T12:20:02.197+0100: 1,629: Total time for which application threads were stopped: 0,0002087 seconds, Stopping threads took: 0,0000145 seconds
2017-01-05T12:20:02.198+0100: 1,630: Total time for which application threads were stopped: 0,0006892 seconds, Stopping threads took: 0,0000271 seconds
2017-01-05T12:20:02.212+0100: 1,644: Total time for which application threads were stopped: 0,0001697 seconds, Stopping threads took: 0,0000161 seconds
2017-01-05T12:20:02.314+0100: 1,745: Total time for which application threads were stopped: 0,0002262 seconds, Stopping threads took: 0,0000238 seconds
2017-01-05T12:20:02.459+0100: 1,891: Total time for which application threads were stopped: 0,0003072 seconds, Stopping threads took: 0,0000924 seconds
{Heap before GC invocations=0 (full 0):
 par new generation   total 109248K, used 87424K [0x00000000e0000000, 0x00000000e8000000, 0x00000000e8000000)
  eden space 87424K, 100% used [0x00000000e0000000, 0x00000000e5560000, 0x00000000e5560000)
  from space 21824K,   0% used [0x00000000e5560000, 0x00000000e5560000, 0x00000000e6ab0000)
  to   space 21824K,   0% used [0x00000000e6ab0000, 0x00000000e6ab0000, 0x00000000e8000000)
 concurrent mark-sweep generation total 393216K, used 0K [0x00000000e8000000, 0x0000000100000000, 0x0000000100000000)
 Metaspace       used 18092K, capacity 18366K, committed 18560K, reserved 1064960K
  class space    used 2054K, capacity 2162K, committed 2176K, reserved 1048576K
2017-01-05T12:20:02.581+0100: 2,013: [GC (Allocation Failure) 2017-01-05T12:20:02.581+0100: 2,013: [ParNew
Desired survivor size 20112992 bytes, new threshold 8 (max 8)
- age   1:   12323240 bytes,   12323240 total
: 87424K->12150K(109248K), 0,0171655 secs] 87424K->12150K(502464K), 0,0172546 secs] [Times: user=0,02 sys=0,03, real=0,02 secs] 
Heap after GC invocations=1 (full 0):
 par new generation   total 109248K, used 12150K [0x00000000e0000000, 0x00000000e8000000, 0x00000000e8000000)
  eden space 87424K,   0% used [0x00000000e0000000, 0x00000000e0000000, 0x00000000e5560000)
  from space 21824K,  55% used [0x00000000e6ab0000, 0x00000000e768d858, 0x00000000e8000000)
  to   space 21824K,   0% used [0x00000000e5560000, 0x00000000e5560000, 0x00000000e6ab0000)
 concurrent mark-sweep generation total 393216K, used 0K [0x00000000e8000000, 0x0000000100000000, 0x0000000100000000)
 Metaspace       used 18092K, capacity 18366K, committed 18560K, reserved 1064960K
  class space    used 2054K, capacity 2162K, committed 2176K, reserved 1048576K
}
2017-01-05T12:20:02.598+0100: 2,030: Total time for which application threads were stopped: 0,0174332 seconds, Stopping threads took: 0,0000209 seconds
2017-01-05T12:20:02.766+0100: 2,198: Total time for which application threads were stopped: 0,0003163 seconds, Stopping threads took: 0,0000270 seconds
2017-01-05T12:20:02.799+0100: 2,230: Total time for which application threads were stopped: 0,0004309 seconds, Stopping threads took: 0,0000404 seconds
2017-01-05T12:20:02.832+0100: 2,263: Total time for which application threads were stopped: 0,0002968 seconds, Stopping threads took: 0,0000240 seconds
{Heap before GC invocations=1 (full 0):
 par new generation   total 109248K, used 99574K [0x00000000e0000000, 0x00000000e8000000, 0x00000000e8000000)
  eden space 87424K, 100% used [0x00000000e0000000, 0x00000000e5560000, 0x00000000e5560000)
  from space 21824K,  55% used [0x00000000e6ab0000, 0x00000000e768d858, 0x00000000e8000000)
  to   space 21824K,   0% used [0x00000000e5560000, 0x00000000e5560000, 0x00000000e6ab0000)
 concurrent mark-sweep generation total 393216K, used 0K [0x00000000e8000000, 0x0000000100000000, 0x0000000100000000)
 Metaspace       used 20712K, capacity 21020K, committed 21248K, reserved 1069056K
  class space    used 2404K, capacity 2518K, committed 2560K, reserved 1048576K
2017-01-05T12:20:02.997+0100: 2,429: [GC (Allocation Failure) 2017-01-05T12:20:02.998+0100: 2,429: [ParNew
Desired survivor size 20112992 bytes, new threshold 8 (max 8)
- age   1:    2899560 bytes,    2899560 total
- age   2:    6101976 bytes,    9001536 total
: 99574K->13083K(109248K), 0,0154339 secs] 99574K->13083K(502464K), 0,0155162 secs] [Times: user=0,04 sys=0,02, real=0,01 secs] 
Heap after GC invocations=2 (full 0):
 par new generation   total 109248K, used 13083K [0x00000000e0000000, 0x00000000e8000000, 0x00000000e8000000)
  eden space 87424K,   0% used [0x00000000e0000000, 0x00000000e0000000, 0x00000000e5560000)
  from space 21824K,  59% used [0x00000000e5560000, 0x00000000e6226e30, 0x00000000e6ab0000)
  to   space 21824K,   0% used [0x00000000e6ab0000, 0x00000000e6ab0000, 0x00000000e8000000)
 concurrent mark-sweep generation total 393216K, used 0K [0x00000000e8000000, 0x0000000100000000, 0x0000000100000000)
 Metaspace       used 20712K, capacity 21020K, committed 21248K, reserved 1069056K
  class space    used 2404K, capacity 2518K, committed 2560K, reserved 1048576K
}
2017-01-05T12:20:03.013+0100: 2,445: Total time for which application threads were stopped: 0,0157753 seconds, Stopping threads took: 0,0000581 seconds
2017-01-05T12:20:03.071+0100: 2,502: Total time for which application threads were stopped: 0,0000893 seconds, Stopping threads took: 0,0000148 seconds
2017-01-05T12:20:03.103+0100: 2,534: Total time for which application threads were stopped: 0,0000817 seconds, Stopping threads took: 0,0000136 seconds
2017-01-05T12:20:03.103+0100: 2,535: Total time for which application threads were stopped: 0,0002556 seconds, Stopping threads took: 0,0000178 seconds
2017-01-05T12:20:03.128+0100: 2,559: Total time for which application threads were stopped: 0,0000843 seconds, Stopping threads took: 0,0000130 seconds
2017-01-05T12:20:03.207+0100: 2,639: Total time for which application threads were stopped: 0,0001645 seconds, Stopping threads took: 0,0000256 seconds
2017-01-05T12:20:03.226+0100: 2,658: Total time for which application threads were stopped: 0,0001039 seconds, Stopping threads took: 0,0000310 seconds
2017-01-05T12:20:03.235+0100: 2,666: Total time for which application threads were stopped: 0,0004297 seconds, Stopping threads took: 0,0000248 seconds
2017-01-05T12:20:03.243+0100: 2,674: Total time for which application threads were stopped: 0,0002669 seconds, Stopping threads took: 0,0000218 seconds
2017-01-05T12:20:03.252+0100: 2,684: Total time for which application threads were stopped: 0,0000921 seconds, Stopping threads took: 0,0000285 seconds
2017-01-05T12:20:03.279+0100: 2,711: Total time for which application threads were stopped: 0,0001055 seconds, Stopping threads took: 0,0000292 seconds
2017-01-05T12:20:03.295+0100: 2,727: Total time for which application threads were stopped: 0,0000912 seconds, Stopping threads took: 0,0000310 seconds
2017-01-05T12:20:03.312+0100: 2,744: Total time for which application threads were stopped: 0,0001034 seconds, Stopping threads took: 0,0000194 seconds
2017-01-05T12:20:03.333+0100: 2,765: Total time for which application threads were stopped: 0,0000910 seconds, Stopping threads took: 0,0000228 seconds
2017-01-05T12:20:03.368+0100: 2,800: Total time for which application threads were stopped: 0,0001329 seconds, Stopping threads took: 0,0000236 seconds
2017-01-05T12:20:03.426+0100: 2,857: Total time for which application threads were stopped: 0,0001041 seconds, Stopping threads took: 0,0000295 seconds
2017-01-05T12:20:03.455+0100: 2,887: Total time for which application threads were stopped: 0,0001163 seconds, Stopping threads took: 0,0000258 seconds
{Heap before GC invocations=2 (full 0):
 par new generation   total 109248K, used 100507K [0x00000000e0000000, 0x00000000e8000000, 0x00000000e8000000)
  eden space 87424K, 100% used [0x00000000e0000000, 0x00000000e5560000, 0x00000000e5560000)
  from space 21824K,  59% used [0x00000000e5560000, 0x00000000e6226e30, 0x00000000e6ab0000)
  to   space 21824K,   0% used [0x00000000e6ab0000, 0x00000000e6ab0000, 0x00000000e8000000)
 concurrent mark-sweep generation total 393216K, used 0K [0x00000000e8000000, 0x0000000100000000, 0x0000000100000000)
 Metaspace       used 24858K, capacity 25221K, committed 25536K, reserved 1071104K
  class space    used 2897K, capacity 3025K, committed 3092K, reserved 1048576K
2017-01-05T12:20:03.473+0100: 2,904: [GC (Allocation Failure) 2017-01-05T12:20:03.473+0100: 2,904: [ParNew
Desired survivor size 20112992 bytes, new threshold 8 (max 8)
- age   1:    6699136 bytes,    6699136 total
- age   2:     548448 bytes,    7247584 total
- age   3:    6083808 bytes,   13331392 total
: 100507K->15496K(109248K), 0,0161876 secs] 100507K->15496K(502464K), 0,0162693 secs] [Times: user=0,06 sys=0,00, real=0,02 secs] 
Heap after GC invocations=3 (full 0):
 par new generation   total 109248K, used 15496K [0x00000000e0000000, 0x00000000e8000000, 0x00000000e8000000)
  eden space 87424K,   0% used [0x00000000e0000000, 0x00000000e0000000, 0x00000000e5560000)
  from space 21824K,  71% used [0x00000000e6ab0000, 0x00000000e79d22c0, 0x00000000e8000000)
  to   space 21824K,   0% used [0x00000000e5560000, 0x00000000e5560000, 0x00000000e6ab0000)
 concurrent mark-sweep generation total 393216K, used 0K [0x00000000e8000000, 0x0000000100000000, 0x0000000100000000)
 Metaspace       used 24858K, capacity 25221K, committed 25536K, reserved 1071104K
  class space    used 2897K, capacity 3025K, committed 3092K, reserved 1048576K
}
2017-01-05T12:20:03.489+0100: 2,921: Total time for which application threads were stopped: 0,0164175 seconds, Stopping threads took: 0,0000231 seconds
2017-01-05T12:20:03.489+0100: 2,921: [GC (CMS Initial Mark) [1 CMS-initial-mark: 0K(393216K)] 16899K(502464K), 0,0031366 secs] [Times: user=0,01 sys=0,00, real=0,00 secs] 
2017-01-05T12:20:03.492+0100: 2,924: Total time for which application threads were stopped: 0,0032475 seconds, Stopping threads took: 0,0000281 seconds
2017-01-05T12:20:03.492+0100: 2,924: [CMS-concurrent-mark-start]
2017-01-05T12:20:03.496+0100: 2,928: [CMS-concurrent-mark: 0,004/0,004 secs] [Times: user=0,01 sys=0,00, real=0,01 secs] 
2017-01-05T12:20:03.496+0100: 2,928: [CMS-concurrent-preclean-start]
2017-01-05T12:20:03.497+0100: 2,929: [CMS-concurrent-preclean: 0,001/0,001 secs] [Times: user=0,00 sys=0,00, real=0,00 secs] 
2017-01-05T12:20:03.498+0100: 2,929: [GC (CMS Final Remark) [YG occupancy: 16899 K (109248 K)]{Heap before GC invocations=3 (full 1):
 par new generation   total 109248K, used 16899K [0x00000000e0000000, 0x00000000e8000000, 0x00000000e8000000)
  eden space 87424K,   1% used [0x00000000e0000000, 0x00000000e015e948, 0x00000000e5560000)
  from space 21824K,  71% used [0x00000000e6ab0000, 0x00000000e79d22c0, 0x00000000e8000000)
  to   space 21824K,   0% used [0x00000000e5560000, 0x00000000e5560000, 0x00000000e6ab0000)
 concurrent mark-sweep generation total 393216K, used 0K [0x00000000e8000000, 0x0000000100000000, 0x0000000100000000)
 Metaspace       used 24931K, capacity 25317K, committed 25536K, reserved 1071104K
  class space    used 2905K, capacity 3057K, committed 3092K, reserved 1048576K
2017-01-05T12:20:03.498+0100: 2,929: [GC (CMS Final Remark) 2017-01-05T12:20:03.498+0100: 2,929: [ParNew
Desired survivor size 20112992 bytes, new threshold 8 (max 8)
- age   1:      75040 bytes,      75040 total
- age   2:    3152280 bytes,    3227320 total
- age   3:     548400 bytes,    3775720 total
- age   4:    6083760 bytes,    9859480 total
: 16899K->19347K(109248K), 0,0136566 secs] 16899K->19347K(502464K), 0,0136980 secs] [Times: user=0,04 sys=0,00, real=0,01 secs] 
Heap after GC invocations=4 (full 1):
 par new generation   total 109248K, used 19347K [0x00000000e0000000, 0x00000000e8000000, 0x00000000e8000000)
  eden space 87424K,   0% used [0x00000000e0000000, 0x00000000e0000000, 0x00000000e5560000)
  from space 21824K,  88% used [0x00000000e5560000, 0x00000000e6844cf0, 0x00000000e6ab0000)
  to   space 21824K,   0% used [0x00000000e6ab0000, 0x00000000e6ab0000, 0x00000000e8000000)
 concurrent mark-sweep generation total 393216K, used 0K [0x00000000e8000000, 0x0000000100000000, 0x0000000100000000)
 Metaspace       used 24931K, capacity 25317K, committed 25536K, reserved 1071104K
  class space    used 2905K, capacity 3057K, committed 3092K, reserved 1048576K
}
2017-01-05T12:20:03.511+0100: 2,943: [Rescan (parallel) , 0,0040910 secs]2017-01-05T12:20:03.515+0100: 2,947: [weak refs processing, 0,0004850 secs]2017-01-05T12:20:03.516+0100: 2,948: [class unloading, 0,0031327 secs]2017-01-05T12:20:03.519+0100: 2,951: [scrub symbol table, 0,0033829 secs]2017-01-05T12:20:03.522+0100: 2,954: [scrub string table, 0,0004136 secs][1 CMS-remark: 0K(393216K)] 19347K(502464K), 0,0259375 secs] [Times: user=0,06 sys=0,00, real=0,03 secs] 
2017-01-05T12:20:03.523+0100: 2,955: Total time for which application threads were stopped: 0,0260428 seconds, Stopping threads took: 0,0000380 seconds
2017-01-05T12:20:03.524+0100: 2,955: [CMS-concurrent-sweep-start]
2017-01-05T12:20:03.524+0100: 2,955: [CMS-concurrent-sweep: 0,000/0,000 secs] [Times: user=0,00 sys=0,00, real=0,00 secs] 
2017-01-05T12:20:03.524+0100: 2,955: [CMS-concurrent-reset-start]
2017-01-05T12:20:03.525+0100: 2,957: [CMS-concurrent-reset: 0,002/0,002 secs] [Times: user=0,01 sys=0,00, real=0,00 secs] 
2017-01-05T12:20:03.565+0100: 2,997: Total time for which application threads were stopped: 0,0003451 seconds, Stopping threads took: 0,0000195 seconds
2017-01-05T12:20:04.566+0100: 3,997: Total time for which application threads were stopped: 0,0000880 seconds, Stopping threads took: 0,0000166 seconds
2017-01-05T12:20:04.630+0100: 4,062: Total time for which application threads were stopped: 0,0002908 seconds, Stopping threads took: 0,0000159 seconds
2017-01-05T12:20:32.635+0100: 32,067: Total time for which application threads were stopped: 0,0000644 seconds, Stopping threads took: 0,0000161 seconds
2017-01-05T12:22:42.652+0100: 162,084: Total time for which application threads were stopped: 0,0000961 seconds, Stopping threads took: 0,0000529 seconds
2017-01-05T12:22:47.652+0100: 167,084: Total time for which application threads were stopped: 0,0000810 seconds, Stopping threads took: 0,0000328 seconds
2017-01-05T12:23:42.659+0100: 222,091: Total time for which application threads were stopped: 0,0001061 seconds, Stopping threads took: 0,0000404 seconds
2017-01-05T12:24:47.666+0100: 287,098: Total time for which application threads were stopped: 0,0001040 seconds, Stopping threads took: 0,0000546 seconds
2017-01-05T12:25:22.670+0100: 322,101: Total time for which application threads were stopped: 0,0000774 seconds, Stopping threads took: 0,0000333 seconds
2017-01-05T12:28:51.692+0100: 531,124: Total time for which application threads were stopped: 0,0000801 seconds, Stopping threads took: 0,0000292 seconds
2017-01-05T12:30:42.704+0100: 642,136: Total time for which application threads were stopped: 0,0000750 seconds, Stopping threads took: 0,0000306 seconds
2017-01-05T12:30:47.704+0100: 647,136: Total time for which application threads were stopped: 0,0000791 seconds, Stopping threads took: 0,0000307 seconds
2017-01-05T12:31:21.708+0100: 681,140: Total time for which application threads were stopped: 0,0000754 seconds, Stopping threads took: 0,0000305 seconds
2017-01-05T12:36:07.738+0100: 967,170: Total time for which application threads were stopped: 0,0000928 seconds, Stopping threads took: 0,0000333 seconds
2017-01-05T12:43:41.784+0100: 1421,216: Total time for which application threads were stopped: 0,0000754 seconds, Stopping threads took: 0,0000277 seconds
2017-01-05T12:47:27.806+0100: 1647,238: Total time for which application threads were stopped: 0,0000740 seconds, Stopping threads took: 0,0000307 seconds
2017-01-05T12:48:31.813+0100: 1711,245: Total time for which application threads were stopped: 0,0000734 seconds, Stopping threads took: 0,0000288 seconds
2017-01-05T12:58:41.886+0100: 2321,317: Total time for which application threads were stopped: 0,0000741 seconds, Stopping threads took: 0,0000299 seconds
2017-01-05T12:58:42.886+0100: 2322,318: Total time for which application threads were stopped: 0,0000572 seconds, Stopping threads took: 0,0000144 seconds
2017-01-05T13:13:17.982+0100: 3197,414: Total time for which application threads were stopped: 0,0003511 seconds, Stopping threads took: 0,0001400 seconds
2017-01-05T13:24:27.051+0100: 3866,483: Total time for which application threads were stopped: 0,0000864 seconds, Stopping threads took: 0,0000347 seconds
2017-01-05T13:24:37.052+0100: 3876,484: Total time for which application threads were stopped: 0,0000581 seconds, Stopping threads took: 0,0000144 seconds
2017-01-05T13:27:02.070+0100: 4021,501: Total time for which application threads were stopped: 0,0004652 seconds, Stopping threads took: 0,0002159 seconds
2017-01-05T14:06:18.312+0100: 6377,744: Total time for which application threads were stopped: 0,0002352 seconds, Stopping threads took: 0,0001445 seconds
2017-01-05T14:07:08.317+0100: 6427,749: Total time for which application threads were stopped: 0,0003938 seconds, Stopping threads took: 0,0001499 seconds
2017-01-05T14:10:53.341+0100: 6652,773: Total time for which application threads were stopped: 0,0000747 seconds, Stopping threads took: 0,0000298 seconds
2017-01-05T14:25:02.430+0100: 7501,861: Total time for which application threads were s