OpenJDK 64-Bit Server VM (25.121-b13) for linux-amd64 JRE (1.8.0_121-8u121-b13-0ubuntu1.16.04.2-b13), built on Jan 23 2017 15:51:29 by "buildd" with gcc 5.4.0 20160609
Memory: 4k page, physical 7867764k(7429720k free), swap 8076284k(8076284k free)
CommandLine flags: -XX:CMSInitiatingOccupancyFraction=50 -XX:CMSMaxAbortablePrecleanTime=6000 -XX:+CMSParallelRemarkEnabled -XX:+CMSScavengeBeforeRemark -XX:ConcGCThreads=4 -XX:InitialHeapSize=536870912 -XX:MaxHeapSize=536870912 -XX:MaxTenuringThreshold=8 -XX:NewRatio=3 -XX:OldPLABSize=16 -XX:OnOutOfMemoryError=/opt/solr/bin/oom_solr.sh 8983 /var/solr/logs -XX:ParallelGCThreads=4 -XX:+ParallelRefProcEnabled -XX:PretenureSizeThreshold=67108864 -XX:+PrintGC -XX:+PrintGCApplicationStoppedTime -XX:+PrintGCDateStamps -XX:+PrintGCDetails -XX:+PrintGCTimeStamps -XX:+PrintHeapAtGC -XX:+PrintTenuringDistribution -XX:SurvivorRatio=4 -XX:TargetSurvivorRatio=90 -XX:ThreadStackSize=256 -XX:+UseCMSInitiatingOccupancyOnly -XX:+UseCompressedClassPointers -XX:+UseCompressedOops -XX:+UseConcMarkSweepGC -XX:+UseParNewGC 
2017-04-19T07:30:37.468+0200: 0,184: Total time for which application threads were stopped: 0,0001356 seconds, Stopping threads took: 0,0000349 seconds
2017-04-19T07:30:37.573+0200: 0,289: Total time for which application threads were stopped: 0,0001107 seconds, Stopping threads took: 0,0000115 seconds
2017-04-19T07:30:37.663+0200: 0,380: Total time for which application threads were stopped: 0,0000830 seconds, Stopping threads took: 0,0000136 seconds
2017-04-19T07:30:38.459+0200: 1,176: Total time for which application threads were stopped: 0,0001934 seconds, Stopping threads took: 0,0000246 seconds
2017-04-19T07:30:38.546+0200: 1,262: Total time for which application threads were stopped: 0,0002042 seconds, Stopping threads took: 0,0000195 seconds
2017-04-19T07:30:38.584+0200: 1,301: Total time for which application threads were stopped: 0,0002118 seconds, Stopping threads took: 0,0000376 seconds
2017-04-19T07:30:38.895+0200: 1,612: Total time for which application threads were stopped: 0,0002663 seconds, Stopping threads took: 0,0000291 seconds
2017-04-19T07:30:39.129+0200: 1,845: Total time for which application threads were stopped: 0,0001950 seconds, Stopping threads took: 0,0000124 seconds
2017-04-19T07:30:39.148+0200: 1,865: Total time for which application threads were stopped: 0,0001795 seconds, Stopping threads took: 0,0000194 seconds
2017-04-19T07:30:39.175+0200: 1,892: Total time for which application threads were stopped: 0,0002225 seconds, Stopping threads took: 0,0000261 seconds
2017-04-19T07:30:39.176+0200: 1,893: Total time for which application threads were stopped: 0,0002056 seconds, Stopping threads took: 0,0000314 seconds
2017-04-19T07:30:39.189+0200: 1,906: Total time for which application threads were stopped: 0,0001685 seconds, Stopping threads took: 0,0000203 seconds
2017-04-19T07:30:39.268+0200: 1,985: Total time for which application threads were stopped: 0,0002276 seconds, Stopping threads took: 0,0000271 seconds
2017-04-19T07:30:39.449+0200: 2,166: Total time for which application threads were stopped: 0,0002798 seconds, Stopping threads took: 0,0000388 seconds
{Heap before GC invocations=0 (full 0):
 par new generation   total 109248K, used 87424K [0x00000000e0000000, 0x00000000e8000000, 0x00000000e8000000)
  eden space 87424K, 100% used [0x00000000e0000000, 0x00000000e5560000, 0x00000000e5560000)
  from space 21824K,   0% used [0x00000000e5560000, 0x00000000e5560000, 0x00000000e6ab0000)
  to   space 21824K,   0% used [0x00000000e6ab0000, 0x00000000e6ab0000, 0x00000000e8000000)
 concurrent mark-sweep generation total 393216K, used 0K [0x00000000e8000000, 0x0000000100000000, 0x0000000100000000)
 Metaspace       used 18013K, capacity 18336K, committed 18688K, reserved 1064960K
  class space    used 2037K, capacity 2196K, committed 2304K, reserved 1048576K
2017-04-19T07:30:39.538+0200: 2,254: [GC (Allocation Failure) 2017-04-19T07:30:39.538+0200: 2,254: [ParNew
Desired survivor size 20112992 bytes, new threshold 8 (max 8)
- age   1:   12569112 bytes,   12569112 total
: 87424K->12379K(109248K), 0,0153683 secs] 87424K->12379K(502464K), 0,0154529 secs] [Times: user=0,04 sys=0,00, real=0,01 secs] 
Heap after GC invocations=1 (full 0):
 par new generation   total 109248K, used 12379K [0x00000000e0000000, 0x00000000e8000000, 0x00000000e8000000)
  eden space 87424K,   0% used [0x00000000e0000000, 0x00000000e0000000, 0x00000000e5560000)
  from space 21824K,  56% used [0x00000000e6ab0000, 0x00000000e76c6fc8, 0x00000000e8000000)
  to   space 21824K,   0% used [0x00000000e5560000, 0x00000000e5560000, 0x00000000e6ab0000)
 concurrent mark-sweep generation total 393216K, used 0K [0x00000000e8000000, 0x0000000100000000, 0x0000000100000000)
 Metaspace       used 18013K, capacity 18336K, committed 18688K, reserved 1064960K
  class space    used 2037K, capacity 2196K, committed 2304K, reserved 1048576K
}
2017-04-19T07:30:39.553+0200: 2,270: Total time for which application threads were stopped: 0,0157949 seconds, Stopping threads took: 0,0001648 seconds
2017-04-19T07:30:39.827+0200: 2,543: Total time for which application threads were stopped: 0,0003438 seconds, Stopping threads took: 0,0000205 seconds
{Heap before GC invocations=1 (full 0):
 par new generation   total 109248K, used 99793K [0x00000000e0000000, 0x00000000e8000000, 0x00000000e8000000)
  eden space 87424K,  99% used [0x00000000e0000000, 0x00000000e555d800, 0x00000000e5560000)
  from space 21824K,  56% used [0x00000000e6ab0000, 0x00000000e76c6fc8, 0x00000000e8000000)
  to   space 21824K,   0% used [0x00000000e5560000, 0x00000000e5560000, 0x00000000e6ab0000)
 concurrent mark-sweep generation total 393216K, used 0K [0x00000000e8000000, 0x0000000100000000, 0x0000000100000000)
 Metaspace       used 20046K, capacity 20370K, committed 20736K, reserved 1067008K
  class space    used 2296K, capacity 2471K, committed 2560K, reserved 1048576K
2017-04-19T07:30:39.879+0200: 2,596: [GC (Allocation Failure) 2017-04-19T07:30:39.879+0200: 2,596: [ParNew
Desired survivor size 20112992 bytes, new threshold 8 (max 8)
- age   1:    3631344 bytes,    3631344 total
- age   2:    6661424 bytes,   10292768 total
: 99793K->11696K(109248K), 0,0118744 secs] 99793K->11696K(502464K), 0,0119417 secs] [Times: user=0,04 sys=0,00, real=0,01 secs] 
Heap after GC invocations=2 (full 0):
 par new generation   total 109248K, used 11696K [0x00000000e0000000, 0x00000000e8000000, 0x00000000e8000000)
  eden space 87424K,   0% used [0x00000000e0000000, 0x00000000e0000000, 0x00000000e5560000)
  from space 21824K,  53% used [0x00000000e5560000, 0x00000000e60cc3d0, 0x00000000e6ab0000)
  to   space 21824K,   0% used [0x00000000e6ab0000, 0x00000000e6ab0000, 0x00000000e8000000)
 concurrent mark-sweep generation total 393216K, used 0K [0x00000000e8000000, 0x0000000100000000, 0x0000000100000000)
 Metaspace       used 20046K, capacity 20370K, committed 20736K, reserved 1067008K
  class space    used 2296K, capacity 2471K, committed 2560K, reserved 1048576K
}
2017-04-19T07:30:39.891+0200: 2,608: Total time for which application threads were stopped: 0,0121529 seconds, Stopping threads took: 0,0000660 seconds
2017-04-19T07:30:39.901+0200: 2,617: Total time for which application threads were stopped: 0,0003237 seconds, Stopping threads took: 0,0000248 seconds
2017-04-19T07:30:39.955+0200: 2,671: Total time for which application threads were stopped: 0,0003211 seconds, Stopping threads took: 0,0000415 seconds
2017-04-19T07:30:40.096+0200: 2,813: Total time for which application threads were stopped: 0,0001494 seconds, Stopping threads took: 0,0000288 seconds
{Heap before GC invocations=2 (full 0):
 par new generation   total 109248K, used 99120K [0x00000000e0000000, 0x00000000e8000000, 0x00000000e8000000)
  eden space 87424K, 100% used [0x00000000e0000000, 0x00000000e5560000, 0x00000000e5560000)
  from space 21824K,  53% used [0x00000000e5560000, 0x00000000e60cc3d0, 0x00000000e6ab0000)
  to   space 21824K,   0% used [0x00000000e6ab0000, 0x00000000e6ab0000, 0x00000000e8000000)
 concurrent mark-sweep generation total 393216K, used 0K [0x00000000e8000000, 0x0000000100000000, 0x0000000100000000)
 Metaspace       used 21015K, capacity 21362K, committed 21628K, reserved 1069056K
  class space    used 2425K, capacity 2591K, committed 2684K, reserved 1048576K
2017-04-19T07:30:40.146+0200: 2,862: [GC (Allocation Failure) 2017-04-19T07:30:40.146+0200: 2,862: [ParNew
Desired survivor size 20112992 bytes, new threshold 8 (max 8)
- age   1:    2260528 bytes,    2260528 total
- age   2:     880128 bytes,    3140656 total
- age   3:    6644824 bytes,    9785480 total
: 99120K->14232K(109248K), 0,0148768 secs] 99120K->14232K(502464K), 0,0149615 secs] [Times: user=0,06 sys=0,00, real=0,02 secs] 
Heap after GC invocations=3 (full 0):
 par new generation   total 109248K, used 14232K [0x00000000e0000000, 0x00000000e8000000, 0x00000000e8000000)
  eden space 87424K,   0% used [0x00000000e0000000, 0x00000000e0000000, 0x00000000e5560000)
  from space 21824K,  65% used [0x00000000e6ab0000, 0x00000000e7896090, 0x00000000e8000000)
  to   space 21824K,   0% used [0x00000000e5560000, 0x00000000e5560000, 0x00000000e6ab0000)
 concurrent mark-sweep generation total 393216K, used 0K [0x00000000e8000000, 0x0000000100000000, 0x0000000100000000)
 Metaspace       used 21015K, capacity 21362K, committed 21628K, reserved 1069056K
  class space    used 2425K, capacity 2591K, committed 2684K, reserved 1048576K
}
2017-04-19T07:30:40.161+0200: 2,877: Total time for which application threads were stopped: 0,0187200 seconds, Stopping threads took: 0,0035832 seconds
2017-04-19T07:30:40.161+0200: 2,878: [GC (CMS Initial Mark) [1 CMS-initial-mark: 0K(393216K)] 14900K(502464K), 0,0037473 secs] [Times: user=0,01 sys=0,00, real=0,00 secs] 
2017-04-19T07:30:40.165+0200: 2,881: Total time for which application threads were stopped: 0,0038872 seconds, Stopping threads took: 0,0000414 seconds
2017-04-19T07:30:40.165+0200: 2,881: [CMS-concurrent-mark-start]
2017-04-19T07:30:40.165+0200: 2,882: [CMS-concurrent-mark: 0,000/0,000 secs] [Times: user=0,00 sys=0,00, real=0,00 secs] 
2017-04-19T07:30:40.165+0200: 2,882: [CMS-concurrent-preclean-start]
2017-04-19T07:30:40.167+0200: 2,883: [CMS-concurrent-preclean: 0,001/0,001 secs] [Times: user=0,01 sys=0,00, real=0,00 secs] 
2017-04-19T07:30:40.167+0200: 2,883: [GC (CMS Final Remark) [YG occupancy: 14900 K (109248 K)]{Heap before GC invocations=3 (full 1):
 par new generation   total 109248K, used 14900K [0x00000000e0000000, 0x00000000e8000000, 0x00000000e8000000)
  eden space 87424K,   0% used [0x00000000e0000000, 0x00000000e00a6fe8, 0x00000000e5560000)
  from space 21824K,  65% used [0x00000000e6ab0000, 0x00000000e7896090, 0x00000000e8000000)
  to   space 21824K,   0% used [0x00000000e5560000, 0x00000000e5560000, 0x00000000e6ab0000)
 concurrent mark-sweep generation total 393216K, used 0K [0x00000000e8000000, 0x0000000100000000, 0x0000000100000000)
 Metaspace       used 21015K, capacity 21362K, committed 21628K, reserved 1069056K
  class space    used 2425K, capacity 2591K, committed 2684K, reserved 1048576K
2017-04-19T07:30:40.167+0200: 2,883: [GC (CMS Final Remark) 2017-04-19T07:30:40.167+0200: 2,883: [ParNew
Desired survivor size 20112992 bytes, new threshold 8 (max 8)
- age   1:       1504 bytes,       1504 total
- age   2:    2260072 bytes,    2261576 total
- age   3:     880104 bytes,    3141680 total
- age   4:    6643504 bytes,    9785184 total
: 14900K->13398K(109248K), 0,0200059 secs] 14900K->13398K(502464K), 0,0200518 secs] [Times: user=0,07 sys=0,00, real=0,02 secs] 
Heap after GC invocations=4 (full 1):
 par new generation   total 109248K, used 13398K [0x00000000e0000000, 0x00000000e8000000, 0x00000000e8000000)
  eden space 87424K,   0% used [0x00000000e0000000, 0x00000000e0000000, 0x00000000e5560000)
  from space 21824K,  61% used [0x00000000e5560000, 0x00000000e6275998, 0x00000000e6ab0000)
  to   space 21824K,   0% used [0x00000000e6ab0000, 0x00000000e6ab0000, 0x00000000e8000000)
 concurrent mark-sweep generation total 393216K, used 0K [0x00000000e8000000, 0x0000000100000000, 0x0000000100000000)
 Metaspace       used 21015K, capacity 21362K, committed 21628K, reserved 1069056K
  class space    used 2425K, capacity 2591K, committed 2684K, reserved 1048576K
}
2017-04-19T07:30:40.187+0200: 2,903: [Rescan (parallel) , 0,0038795 secs]2017-04-19T07:30:40.191+0200: 2,907: [weak refs processing, 0,0009739 secs]2017-04-19T07:30:40.192+0200: 2,908: [class unloading, 0,0027703 secs]2017-04-19T07:30:40.194+0200: 2,911: [scrub symbol table, 0,0027574 secs]2017-04-19T07:30:40.197+0200: 2,914: [scrub string table, 0,0003650 secs][1 CMS-remark: 0K(393216K)] 13398K(502464K), 0,0314230 secs] [Times: user=0,09 sys=0,00, real=0,04 secs] 
2017-04-19T07:30:40.198+0200: 2,915: Total time for which application threads were stopped: 0,0315409 seconds, Stopping threads took: 0,0000253 seconds
2017-04-19T07:30:40.198+0200: 2,915: [CMS-concurrent-sweep-start]
2017-04-19T07:30:40.198+0200: 2,915: [CMS-concurrent-sweep: 0,000/0,000 secs] [Times: user=0,00 sys=0,00, real=0,00 secs] 
2017-04-19T07:30:40.198+0200: 2,915: [CMS-concurrent-reset-start]
2017-04-19T07:30:40.201+0200: 2,917: [CMS-concurrent-reset: 0,003/0,003 secs] [Times: user=0,02 sys=0,00, real=0,00 secs] 
{Heap before GC invocations=4 (full 1):
 par new generation   total 109248K, used 100822K [0x00000000e0000000, 0x00000000e8000000, 0x00000000e8000000)
  eden space 87424K, 100% used [0x00000000e0000000, 0x00000000e5560000, 0x00000000e5560000)
  from space 21824K,  61% used [0x00000000e5560000, 0x00000000e6275998, 0x00000000e6ab0000)
  to   space 21824K,   0% used [0x00000000e6ab0000, 0x00000000e6ab0000, 0x00000000e8000000)
 concurrent mark-sweep generation total 393216K, used 0K [0x00000000e8000000, 0x0000000100000000, 0x0000000100000000)
 Metaspace       used 21218K, capacity 21574K, committed 21884K, reserved 1069056K
  class space    used 2449K, capacity 2606K, committed 2684K, reserved 1048576K
2017-04-19T07:30:40.281+0200: 2,998: [GC (Allocation Failure) 2017-04-19T07:30:40.281+0200: 2,998: [ParNew
Desired survivor size 20112992 bytes, new threshold 8 (max 8)
- age   1:    1481792 bytes,    1481792 total
- age   3:    1447776 bytes,    2929568 total
- age   4:     846792 bytes,    3776360 total
- age   5:    6643520 bytes,   10419880 total
: 100822K->12680K(109248K), 0,0098722 secs] 100822K->12680K(502464K), 0,0099339 secs] [Times: user=0,03 sys=0,00, real=0,01 secs] 
Heap after GC invocations=5 (full 1):
 par new generation   total 109248K, used 12680K [0x00000000e0000000, 0x00000000e8000000, 0x00000000e8000000)
  eden space 87424K,   0% used [0x00000000e0000000, 0x00000000e0000000, 0x00000000e5560000)
  from space 21824K,  58% used [0x00000000e6ab0000, 0x00000000e77120f0, 0x00000000e8000000)
  to   space 21824K,   0% used [0x00000000e5560000, 0x00000000e5560000, 0x00000000e6ab0000)
 concurrent mark-sweep generation total 393216K, used 0K [0x00000000e8000000, 0x0000000100000000, 0x0000000100000000)
 Metaspace       used 21218K, capacity 21574K, committed 21884K, reserved 1069056K
  class space    used 2449K, capacity 2606K, committed 2684K, reserved 1048576K
}
2017-04-19T07:30:40.291+0200: 3,008: Total time for which application threads were stopped: 0,0104268 seconds, Stopping threads took: 0,0003577 seconds
{Heap before GC invocations=5 (full 1):
 par new generation   total 109248K, used 100104K [0x00000000e0000000, 0x00000000e8000000, 0x00000000e8000000)
  eden space 87424K, 100% used [0x00000000e0000000, 0x00000000e5560000, 0x00000000e5560000)
  from space 21824K,  58% used [0x00000000e6ab0000, 0x00000000e77120f0, 0x00000000e8000000)
  to   space 21824K,   0% used [0x00000000e5560000, 0x00000000e5560000, 0x00000000e6ab0000)
 concurrent mark-sweep generation total 393216K, used 0K [0x00000000e8000000, 0x0000000100000000, 0x0000000100000000)
 Metaspace       used 21413K, capacity 21816K, committed 21884K, reserved 1069056K
  class space    used 2470K, capacity 2641K, committed 2684K, reserved 1048576K
2017-04-19T07:30:40.381+0200: 3,097: [GC (Allocation Failure) 2017-04-19T07:30:40.381+0200: 3,097: [ParNew
Desired survivor size 20112992 bytes, new threshold 8 (max 8)
- age   1:     618000 bytes,     618000 total
- age   2:     180344 bytes,     798344 total
- age   4:    1447216 bytes,    2245560 total
- age   5:     844776 bytes,    3090336 total
- age   6:    6643320 bytes,    9733656 total
: 100104K->15574K(109248K), 0,0143228 secs] 100104K->15574K(502464K), 0,0144045 secs] [Times: user=0,05 sys=0,01, real=0,01 secs] 
Heap after GC invocations=6 (full 1):
 par new generation   total 109248K, used 15574K [0x00000000e0000000, 0x00000000e8000000, 0x00000000e8000000)
  eden space 87424K,   0% used [0x00000000e0000000, 0x00000000e0000000, 0x00000000e5560000)
  from space 21824K,  71% used [0x00000000e5560000, 0x00000000e6495998, 0x00000000e6ab0000)
  to   space 21824K,   0% used [0x00000000e6ab0000, 0x00000000e6ab0000, 0x00000000e8000000)
 concurrent mark-sweep generation total 393216K, used 0K [0x00000000e8000000, 0x0000000100000000, 0x0000000100000000)
 Metaspace       used 21413K, capacity 21816K, committed 21884K, reserved 1069056K
  class space    used 2470K, capacity 2641K, committed 2684K, reserved 1048576K
}
2017-04-19T07:30:40.395+0200: 3,111: Total time for which application threads were stopped: 0,0146532 seconds, Stopping threads took: 0,0000850 seconds
2017-04-19T07:30:40.432+0200: 3,149: Total time for which application threads were stopped: 0,0003747 seconds, Stopping threads took: 0,0000421 seconds
2017-04-19T07:30:40.591+0200: 3,308: Total time for which application threads were stopped: 0,0004894 seconds, Stopping threads took: 0,0000770 seconds
2017-04-19T07:30:40.605+0200: 3,322: Total time for which application threads were stopped: 0,0004210 seconds, Stopping threads took: 0,0000420 seconds
{Heap before GC invocations=6 (full 1):
 par new generation   total 109248K, used 102998K [0x00000000e0000000, 0x00000000e8000000, 0x00000000e8000000)
  eden space 87424K, 100% used [0x00000000e0000000, 0x00000000e5560000, 0x00000000e5560000)
  from space 21824K,  71% used [0x00000000e5560000, 0x00000000e6495998, 0x00000000e6ab0000)
  to   space 21824K,   0% used [0x00000000e6ab0000, 0x00000000e6ab0000, 0x00000000e8000000)
 concurrent mark-sweep generation total 393216K, used 0K [0x00000000e8000000, 0x0000000100000000, 0x0000000100000000)
 Metaspace       used 24153K, capacity 24634K, committed 24828K, reserved 1071104K
  class space    used 2844K, capacity 3048K, committed 3068K, reserved 1048576K
2017-04-19T07:30:40.778+0200: 3,495: [GC (Allocation Failure) 2017-04-19T07:30:40.778+0200: 3,495: [ParNew
Desired survivor size 20112992 bytes, new threshold 8 (max 8)
- age   1:    5418648 bytes,    5418648 total
- age   2:     135624 bytes,    5554272 total
- age   3:     179160 bytes,    5733432 total
- age   5:     277640 bytes,    6011072 total
- age   6:     820512 bytes,    6831584 total
- age   7:    6635328 bytes,   13466912 total
: 102998K->14954K(109248K), 0,0141603 secs] 102998K->14954K(502464K), 0,0142585 secs] [Times: user=0,05 sys=0,00, real=0,01 secs] 
Heap after GC invocations=7 (full 1):
 par new generation   total 109248K, used 14954K [0x00000000e0000000, 0x00000000e8000000, 0x00000000e8000000)
  eden space 87424K,   0% used [0x00000000e0000000, 0x00000000e0000000, 0x00000000e5560000)
  from space 21824K,  68% used [0x00000000e6ab0000, 0x00000000e794a8a8, 0x00000000e8000000)
  to   space 21824K,   0% used [0x00000000e5560000, 0x00000000e5560000, 0x00000000e6ab0000)
 concurrent mark-sweep generation total 393216K, used 0K [0x00000000e8000000, 0x0000000100000000, 0x0000000100000000)
 Metaspace       used 24153K, capacity 24634K, committed 24828K, reserved 1071104K
  class space    used 2844K, capacity 3048K, committed 3068K, reserved 1048576K
}
2017-04-19T07:30:40.793+0200: 3,509: Total time for which application threads were stopped: 0,0195612 seconds, Stopping threads took: 0,0050907 seconds
{Heap before GC invocations=7 (full 1):
 par new generation   total 109248K, used 102378K [0x00000000e0000000, 0x00000000e8000000, 0x00000000e8000000)
  eden space 87424K, 100% used [0x00000000e0000000, 0x00000000e5560000, 0x00000000e5560000)
  from space 21824K,  68% used [0x00000000e6ab0000, 0x00000000e794a8a8, 0x00000000e8000000)
  to   space 21824K,   0% used [0x00000000e5560000, 0x00000000e5560000, 0x00000000e6ab0000)
 concurrent mark-sweep generation total 393216K, used 0K [0x00000000e8000000, 0x0000000100000000, 0x0000000100000000)
 Metaspace       used 24422K, capacity 24896K, committed 25084K, reserved 1071104K
  class space    used 2864K, capacity 3049K, committed 3068K, reserved 1048576K
2017-04-19T07:30:40.874+0200: 3,590: [GC (Allocation Failure) 2017-04-19T07:30:40.874+0200: 3,590: [ParNew
Desired survivor size 20112992 bytes, new threshold 8 (max 8)
- age   1:    1498688 bytes,    1498688 total
- age   2:    1788528 bytes,    3287216 total
- age   3:      63912 bytes,    3351128 total
- age   4:      97096 bytes,    3448224 total
- age   6:     189984 bytes,    3638208 total
- age   7:     770176 bytes,    4408384 total
- age   8:    6102184 bytes,   10510568 total
: 102378K->16520K(109248K), 0,0122561 secs] 102378K->16520K(502464K), 0,0123407 secs] [Times: user=0,03 sys=0,00, real=0,01 secs] 
Heap after GC invocations=8 (full 1):
 par new generation   total 109248K, used 16520K [0x00000000e0000000, 0x00000000e8000000, 0x00000000e8000000)
  eden space 87424K,   0% used [0x00000000e0000000, 0x00000000e0000000, 0x00000000e5560000)
  from space 21824K,  75% used [0x00000000e5560000, 0x00000000e6582250, 0x00000000e6ab0000)
  to   space 21824K,   0% used [0x00000000e6ab0000, 0x00000000e6ab0000, 0x00000000e8000000)
 concurrent mark-sweep generation total 393216K, used 0K [0x00000000e8000000, 0x0000000100000000, 0x0000000100000000)
 Metaspace       used 24422K, capacity 24896K, committed 25084K, reserved 1071104K
  class space    used 2864K, capacity 3049K, committed 3068K, reserved 1048576K
}
2017-04-19T07:30:40.886+0200: 3,602: Total time for which application threads were stopped: 0,0126674 seconds, Stopping threads took: 0,0000962 seconds
{Heap before GC invocations=8 (full 1):
 par new generation   total 109248K, used 103944K [0x00000000e0000000, 0x00000000e8000000, 0x00000000e8000000)
  eden space 87424K, 100% used [0x00000000e0000000, 0x00000000e5560000, 0x00000000e5560000)
  from space 21824K,  75% used [0x00000000e5560000, 0x00000000e6582250, 0x00000000e6ab0000)
  to   space 21824K,   0% used [0x00000000e6ab0000, 0x00000000e6ab0000, 0x00000000e8000000)
 concurrent mark-sweep generation total 393216K, used 0K [0x00000000e8000000, 0x0000000100000000, 0x0000000100000000)
 Metaspace       used 24696K, capacity 25146K, committed 25468K, reserved 1071104K
  class space    used 2892K, capacity 3086K, committed 3196K, reserved 1048576K
2017-04-19T07:30:41.008+0200: 3,724: [GC (Allocation Failure) 2017-04-19T07:30:41.008+0200: 3,725: [ParNew
Desired survivor size 20112992 bytes, new threshold 8 (max 8)
- age   1:     791976 bytes,     791976 total
- age   2:     973992 bytes,    1765968 total
- age   3:    1766184 bytes,    3532152 total
- age   4:      63880 bytes,    3596032 total
- age   5:      96960 bytes,    3692992 total
- age   7:     187152 bytes,    3880144 total
- age   8:     769408 bytes,    4649552 total
: 103944K->6649K(109248K), 0,0529675 secs] 103944K->12691K(502464K), 0,0530354 secs] [Times: user=0,12 sys=0,01, real=0,06 secs] 
Heap after GC invocations=9 (full 1):
 par new generation   total 109248K, used 6649K [0x00000000e0000000, 0x00000000e8000000, 0x00000000e8000000)
  eden space 87424K,   0% used [0x00000000e0000000, 0x00000000e0000000, 0x00000000e5560000)
  from space 21824K,  30% used [0x00000000e6ab0000, 0x00000000e712e558, 0x00000000e8000000)
  to   space 21824K,   0% used [0x00000000e5560000, 0x00000000e5560000, 0x00000000e6ab0000)
 concurrent mark-sweep generation total 393216K, used 6041K [0x00000000e8000000, 0x0000000100000000, 0x0000000100000000)
 Metaspace       used 24696K, capacity 25146K, committed 25468K, reserved 1071104K
  class space    used 2892K, capacity 3086K, committed 3196K, reserved 1048576K
}
2017-04-19T07:30:41.061+0200: 3,778: Total time for which application threads were stopped: 0,0614132 seconds, Stopping threads took: 0,0082060 seconds
2017-04-19T07:30:41.339+0200: 4,055: Total time for which application threads were stopped: 0,0003839 seconds, Stopping threads took: 0,0000764 seconds
2017-04-19T07:30:41.342+0200: 4,059: Total time for which application threads were stopped: 0,0005366 seconds, Stopping threads took: 0,0004625 seconds
2017-04-19T07:30:41.344+0200: 4,060: Total time for which application threads were stopped: 0,0001268 seconds, Stopping threads took: 0,0000387 seconds
2017-04-19T07:30:41.345+0200: 4,062: Total time for which application threads were stopped: 0,0001410 seconds, Stopping threads took: 0,0000472 seconds
2017-04-19T07:30:41.347+0200: 4,063: Total time for which application threads were stopped: 0,0001109 seconds, Stopping threads took: 0,0000373 seconds
2017-04-19T07:30:41.357+0200: 4,073: Total time for which application threads were stopped: 0,0001667 seconds, Stopping threads took: 0,0000650 seconds
2017-04-19T07:30:41.358+0200: 4,075: Total time for which application threads were stopped: 0,0001300 seconds, Stopping threads took: 0,0000351 seconds
2017-04-19T07:30:41.362+0200: 4,079: Total time for which application threads were stopped: 0,0005696 seconds, Stopping threads took: 0,0000493 seconds
2017-04-19T07:30:41.364+0200: 4,081: Total time for which application threads were stopped: 0,0001174 seconds, Stopping threads took: 0,0000245 seconds
2017-04-19T07:30:41.366+0200: 4,083: Total time for which application threads were stopped: 0,0001564 seconds, Stopping threads took: 0,0000503 seconds
2017-04-19T07:30:41.372+0200: 4,089: Total time for which application threads were stopped: 0,0001498 seconds, Stopping threads took: 0,0000470 seconds
2017-04-19T07:30:41.377+0200: 4,094: Total time for which application threads were stopped: 0,0001382 seconds, Stopping threads took: 0,0000357 seconds
2017-04-19T07:30:41.378+0200: 4,094: Total time for which application threads were stopped: 0,0004530 seconds, Stopping threads took: 0,0000157 seconds
2017-04-19T07:30:41.388+0200: 4,104: Total time for which application threads were stopped: 0,0001488 seconds, Stopping threads took: 0,0000244 seconds
2017-04-19T07:30:41.393+0200: 4,109: Total time for which application threads were stopped: 0,0001181 seconds, Stopping threads took: 0,0000466 seconds
2017-04-19T07:30:41.394+0200: 4,110: Total time for which application threads were stopped: 0,0001217 seconds, Stopping threads took: 0,0000325 seconds
2017-04-19T07:30:41.432+0200: 4,148: Total time for which application threads were stopped: 0,0004456 seconds, Stopping threads took: 0,0000808 seconds
2017-04-19T07:30:41.435+0200: 4,151: Total time for which application threads were stopped: 0,0001771 seconds, Stopping threads took: 0,0000855 seconds
2017-04-19T07:30:41.438+0200: 4,155: Total time for which application threads were stopped: 0,0001300 seconds, Stopping threads took: 0,0000404 seconds
2017-04-19T07:30:41.442+0200: 4,159: Total time for which application threads were stopped: 0,0001263 seconds, Stopping threads took: 0,0000467 seconds
2017-04-19T07:30:41.444+0200: 4,160: Total time for which application threads were stopped: 0,0000747 seconds, Stopping threads took: 0,0000226 seconds
2017-04-19T07:30:41.447+0200: 4,164: Total time for which application threads were stopped: 0,0000946 seconds, Stopping threads took: 0,0000291 seconds
2017-04-19T07:30:41.453+0200: 4,170: Total time for which application threads were stopped: 0,0001101 seconds, Stopping threads took: 0,0000361 seconds
2017-04-19T07:30:41.454+0200: 4,170: Total time for which application threads were stopped: 0,0000967 seconds, Stopping threads took: 0,0000302 seconds
2017-04-19T07:30:41.454+0200: 4,171: Total time for which application threads were stopped: 0,0000806 seconds, Stopping threads took: 0,0000259 seconds
2017-04-19T07:30:41.455+0200: 4,171: Total time for which application threads were stopped: 0,0000934 seconds, Stopping threads took: 0,0000290 seconds
2017-04-19T07:30:41.458+0200: 4,174: Total time for which application threads were stopped: 0,0019274 seconds, Stopping threads took: 0,0017728 seconds
2017-04-19T07:30:41.458+0200: 4,175: Total time for which application threads were stopped: 0,0000799 seconds, Stopping threads took: 0,0000224 seconds
2017-04-19T07:30:41.466+0200: 4,183: Total time for which application threads were stopped: 0,0001949 seconds, Stopping threads took: 0,0000782 seconds
2017-04-19T07:30:41.466+0200: 4,183: Total time for which application threads were stopped: 0,0000892 seconds, Stopping threads took: 0,0000208 seconds
2017-04-19T07:30:41.466+0200: 4,183: Total time for which application threads were stopped: 0,0000754 seconds, Stopping threads took: 0,0000192 seconds
2017-04-19T07:30:41.467+0200: 4,183: Total time for which application threads were stopped: 0,0001731 seconds, Stopping threads took: 0,0000963 seconds
2017-04-19T07:30:41.467+0200: 4,183: Total time for which application threads were stopped: 0,0000892 seconds, Stopping threads took: 0,0000386 seconds
2017-04-19T07:30:41.467+0200: 4,184: Total time for which application threads were stopped: 0,0000985 seconds, Stopping threads took: 0,0000454 seconds
2017-04-19T07:30:41.467+0200: 4,184: Total time for which application threads were stopped: 0,0001775 seconds, Stopping threads took: 0,0001252 seconds
2017-04-19T07:30:41.467+0200: 4,184: Total time for which application threads were stopped: 0,0000784 seconds, Stopping threads took: 0,0000185 seconds
2017-04-19T07:30:41.468+0200: 4,184: Total time for which application threads were stopped: 0,0001056 seconds, Stopping threads took: 0,0000254 seconds
2017-04-19T07:30:41.468+0200: 4,185: Total time for which application threads were stopped: 0,0001254 seconds, Stopping threads took: 0,0000711 seconds
2017-04-19T07:30:41.468+0200: 4,185: Total time for which application threads were stopped: 0,0000973 seconds, Stopping threads took: 0,0000299 seconds
2017-04-19T07:30:41.468+0200: 4,185: Total time for which application threads were stopped: 0,0000790 seconds, Stopping threads took: 0,0000193 seconds
2017-04-19T07:30:41.468+0200: 4,185: Total time for which application threads were stopped: 0,0000889 seconds, Stopping threads took: 0,0000312 seconds
2017-04-19T07:30:41.469+0200: 4,185: Total time for which application threads were stopped: 0,0001054 seconds, Stopping threads took: 0,0000237 seconds
2017-04-19T07:30:41.469+0200: 4,185: Total time for which application threads were stopped: 0,0000933 seconds, Stopping threads took: 0,0000241 seconds
2017-04-19T07:30:41.469+0200: 4,186: Total time for which application threads were stopped: 0,0001546 seconds, Stopping threads took: 0,0000821 seconds
2017-04-19T07:30:41.469+0200: 4,186: Total time for which application threads were stopped: 0,0000748 seconds, Stopping threads took: 0,0000208 seconds
2017-04-19T07:30:41.470+0200: 4,186: Total time for which application threads were stopped: 0,0001933 seconds, Stopping threads took: 0,0001441 seconds
2017-04-19T07:30:41.470+0200: 4,187: Total time for which application threads were stopped: 0,0002267 seconds, Stopping threads took: 0,0000527 seconds
2017-04-19T07:30:41.472+0200: 4,189: Total time for which application threads were stopped: 0,0001407 seconds, Stopping threads took: 0,0000439 seconds
2017-04-19T07:30:41.486+0200: 4,203: Total time for which application threads were stopped: 0,0005008 seconds, Stopping threads took: 0,0003410 seconds
2017-04-19T07:30:41.487+0200: 4,204: Total time for which application threads were stopped: 0,0004270 seconds, Stopping threads took: 0,0003159 seconds
2017-04-19T07:30:41.515+0200: 4,232: Total time for which application threads were stopped: 0,0002274 seconds, Stopping threads took: 0,0000691 seconds
2017-04-19T07:30:41.517+0200: 4,234: Total time for which application threads were stopped: 0,0001417 seconds, Stopping threads took: 0,0000618 seconds
2017-04-19T07:30:41.559+0200: 4,276: Total time for which application threads were stopped: 0,0001568 seconds, Stopping threads took: 0,0000584 seconds
2017-04-19T07:30:41.560+0200: 4,276: Total time for which application threads were stopped: 0,0001139 seconds, Stopping threads took: 0,0000467 seconds
2017-04-19T07:30:42.560+0200: 5,277: Total time for which application threads were stopped: 0,0000662 seconds, Stopping threads took: 0,0000155 seconds
2017-04-19T07:31:58.998+0200: 82,285: Total time for which application threads were stopped: 0,0001452 seconds, Stopping threads took: 0,0000401 seconds
2017-04-19T07:32:34.002+0200: 117,289: Total time for which application threads were stopped: 0,0001169 seconds, Stopping threads took: 0,0000499 seconds
2017-04-19T07:32:39.002+0200: 122,290: Total time for which application threads were stopped: 0,0000595 seconds, Stopping threads took: 0,0000166 seconds
{Heap before GC invocations=9 (full 1):
 par new generation   total 109248K, used 94073K [0x00000000e0000000, 0x00000000e8000000, 0x00000000e8000000)
  eden space 87424K, 100% used [0x00000000e0000000, 0x00000000e5560000, 0x00000000e5560000)
  from space 21824K,  30% used [0x00000000e6ab0000, 0x00000000e712e558, 0x00000000e8000000)
  to   space 21824K,   0% used [0x00000000e5560000, 0x00000000e5560000, 0x00000000e6ab0000)
 concurrent mark-sweep generation total 393216K, used 6041K [0x00000000e8000000, 0x0000000100000000, 0x0000000100000000)
 Metaspace       used 27968K, capacity 28510K, committed 28796K, reserved 1075200K
  class space    used 3215K, capacity 3394K, committed 3452K, reserved 1048576K
2017-04-19T07:33:27.915+0200: 171,202: [GC (Allocation Failure) 2017-04-19T07:33:27.915+0200: 171,202: [ParNew
Desired survivor size 20112992 bytes, new threshold 8 (max 8)
- age   1:   11017304 bytes,   11017304 total
- age   2:     205928 bytes,   11223232 total
- age   3:     194448 bytes,   11417680 total
- age   4:    1760280 bytes,   13177960 total
- age   5:      63880 bytes,   13241840 total
- age   6:      94320 bytes,   13336160 total
- age   8:     186408 bytes,   13522568 total
: 94073K->14562K(109248K), 0,0155778 secs] 100115K->21442K(502464K), 0,0156743 secs] [Times: user=0,05 sys=0,00, real=0,02 secs] 
Heap after GC invocations=10 (full 1):
 par new generation   total 109248K, used 14562K [0x00000000e0000000, 0x00000000e8000000, 0x00000000e8000000)
  eden space 87424K,   0% used [0x00000000e0000000, 0x00000000e0000000, 0x00000000e5560000)
  from space 21824K,  66% used [0x00000000e5560000, 0x00000000e63989a0, 0x00000000e6ab0000)
  to   space 21824K,   0% used [0x00000000e6ab0000, 0x00000000e6ab0000, 0x00000000e8000000)
 concurrent mark-sweep generation total 393216K, used 6880K [0x00000000e8000000, 0x0000000100000000, 0x0000000100000000)
 Metaspace       used 27968K, capacity 28510K, committed 28796K, reserved 1075200K
  class space    used 3215K, capacity 3394K, committed 3452K, reserved 1048576K
}
2017-04-19T07:33:27.930+0200: 171,218: Total time for which application threads were stopped: 0,0158711 seconds, Stopping threads took: 0,0000630 seconds
2017-04-19T07:33:27.931+0200: 171,218: Total time for which application threads were stopped: 0,0000518 seconds, Stopping threads took: 0,0000167 seconds
2017-04-19T07:33:27.931+0200: 171,219: Total time for which application threads were stopped: 0,0000626 seconds, Stopping threads took: 0,0000263 seconds
2017-04-19T07:33:37.932+0200: 181,220: Total time for which application threads were stopped: 0,0000660 seconds, Stopping threads took: 0,0000163 seconds
2017-04-19T07:35:07.943+0200: 271,231: Total time for which application threads were stopped: 0,0005643 seconds, Stopping threads took: 0,0002120 seconds
2017-04-19T07:35:13.944+0200: 277,232: Total time for which application threads were stopped: 0,0000924 seconds, Stopping threads took: 0,0000397 seconds
2017-04-19T07:54:03.072+0200: 1406,359: Total time for which application threads were stopped: 0,0000758 seconds, Stopping threads took: 0,0000307 seconds
2017-04-19T07:59:28.112+0200: 1731,399: Total time for which application threads were stopped: 0,0000967 seconds, Stopping threads took: 0,0000358 seconds
2017-04-19T08:09:23.179+0200: 2326,466: Total time for which application threads were stopped: 0,0000741 seconds, Stopping threads took: 0,0000291 seconds
2017-04-19T08:09:24.179+0200: 2327,467: Total time for which application threads were stopped: 0,0000741 seconds, Stopping threads took: 0,0000282 seconds
2017-04-19T08:12:39.200+0200: 2522,487: Total time for which application threads were stopped: 0,0004001 seconds, Stopping threads took: 0,0001710 seconds
2017-04-19T09:49:40.216+0200: 3001,676: Total time for which application threads were stopped: 0,0000865 seconds, Stopping threads took: 0,0000378 seconds
2017-04-19T10:01:46.323+0200: 3727,782: Total time for which application threads were stopped: 0,0002298 seconds, Stopping threads took: 0,0000591 seconds
2017-04-19T10:03:35.341+0200: 3836,800: Total time for which application threads were stopped: 0,0001615 seconds, Stopping threads took: 0,0000600 seconds
2017-04-19T10:03:40.342+0200: 3841,801: Total time for which application threads were stopped: 0,0000862 seconds, Stopping threads took: 0,0000331 seconds
2017-04-19T10:22:51.514+0200: 4992,973: Total time for which application threads were stopped: 0,0004505 seconds, Stopping threads took: 0,0002114 seconds
2017-04-19T10:23:21.518+0200: 5022,977: Total time for which application threads were stopped: 0,0000869 seconds, Stopping threads took: 0,0000385 seconds
2017-04-19T10:44:31.220+0200: 6292,679: Total time for which application threads were stopped: 0,0004997 seconds, Stopping threads took: 0,0000218 seconds
2017-04-19T10:44:31.251+0200: 6292,710: Total time for which application threads were stopped: 0,0001413 seconds, Stopping threads took: 0,0000404 seconds
2017-04-19T10:44:31.252+0200: 6292,711: Total time for which application threads were stopped: 0,0000812 seconds, Stopping threads took: 0,0000112 seconds
2017-04-19T10:44:31.252+0200: 6292,711: Total time for which application threads were stopped: 0,0000428 seconds, Stopping threads took: 0,0000116 seconds
2017-04-19T10:44:31.252+0200: 6292,711: Total time for which application threads were stopped: 0,0000348 seconds, Stopping threads took: 0,0000061 seconds
2017-04-19T10:44:31.252+0200: 6292,711: Total time for which application threads were stopped: 0,0000362 seconds, Stopping threads took: 0,0000066 seconds
2017-04-19T10:44:31.252+0200: 6292,711: Total time for which application threads were stopped: 0,0000335 seconds, Stopping threads took: 0,0000081 seconds
2017-04-19T10:44:31.252+0200: 6292,711: Total time for which application threads were stopped: 0,0000315 seconds, Stopping threads took: 0,0000060 seconds
2017-04-19T10:44:31.252+0200: 6292,711: Total time for which application threads were stopped: 0,0000319 seconds, Stopping threads took: 0,0000059 seconds
2017-04-19T10:44:31.252+0200: 6292,711: Total time for which application threads were stopped: 0,0000414 seconds, Stopping threads took: 0,0000062 seconds
2017-04-19T10:44:31.278+0200: 6292,737: Total time for which application threads were stopped: 0,0001626 seconds, Stopping threads took: 0,0000619 seconds
2017-04-19T10:44:32.278+0200: 6293,737: Total time for which application threads were stopped: 0,0001550 seconds, Stopping threads took: 0,0000331 seconds
2017-04-19T10:44:40.664+0200: 6302,123: Total time for which application threads were stopped: 0,0000616 seconds, Stopping threads took: 0,0000133 seconds
2017-04-19T10:44:40.680+0200: 6302,139: Total time for which application threads were stopped: 0,0001260 seconds, Stopping threads took: 0,0000422 seconds
2017-04-19T10:44:40.687+0200: 6302,146: Total time for which application threads were stopped: 0,0004240 seconds, Stopping threads took: 0,0001353 seconds
2017-04-19T10:44:40.690+0200: 6302,149: Total time for which application threads were stopped: 0,0001831 seconds, Stopping threads took: 0,0000546 seconds
2017-04-19T10:44:40.690+0200: 6302,149: Total time for which application threads were stopped: 0,0001008 seconds, Stopping threads took: 0,0000296 seconds
2017-04-19T10:44:40.690+0200: 6302,149: Total time for which application threads were stopped: 0,0000899 seconds, Stopping threads took: 0,0000192 seconds
2017-04-19T10:44:40.690+0200: 6302,149: Total time for which application threads were stopped: 0,0000715 seconds, Stopping threads took: 0,0000144 seconds
2017-04-19T10:44:40.691+0200: 6302,150: Total time for which application threads were stopped: 0,0003922 seconds, Stopping threads took: 0,0000162 seconds
2017-04-19T10:44:40.780+0200: 6302,239: Total time for which application threads were stopped: 0,0005269 seconds, Stopping threads took: 0,0004446 seconds
2017-04-19T10:44:40.875+0200: 6302,334: Total time for which application threads were stopped: 0,0001064 seconds, Stopping threads took: 0,0000241 seconds
2017-04-19T10:44:40.876+0200: 6302,335: Total time for which application threads were stopped: 0,0001417 seconds, Stopping threads took: 0,0000491 seconds
2017-04-19T10:47:15.895+0200: 6457,355: Total time for which application threads were stopped: 0,0000831 seconds, Stopping threads took: 0,0000358 seconds
2017-04-19T10:47:41.151+0200: 6482,610: Total time for which application threads were stopped: 0,0000872 seconds, Stopping threads took: 0,0000269 seconds
2017-04-19T10:47:42.151+0200: 6483,610: Total time for which application threads were stopped: 0,0000731 seconds, Stopping threads took: 0,0000166 seconds
2017-04-19T10:47:58.153+0200: 6499,612: Total time for which application threads were stopped: 0,0002216 seconds, Stopping threads took: 0,0000481 seconds
2017-04-19T10:50:31.170+0200: 6652,630: Total time for which application threads were stopped: 0,0001028 seconds, Stopping threads took: 0,0000201 seconds
2017-04-19T10:52:10.183+0200: 6751,642: Total time for which application threads were stopped: 0,0001037 seconds, Stopping threads took: 0,0000381 seconds
2017-04-19T11:01:10.266+0200: 7291,725: Total time for which application threads were stopped: 0,0003740 seconds, Stopping threads took: 0,0001480 seconds
2017-04-19T11:02:50.924+0200: 7392,383: Total time for which application threads were stopped: 0,0006061 seconds, Stopping threads took: 0,0003086 seconds
2017-04-19T11:02:50.930+0200: 7392,389: Total time for which application threads were stopped: 0,0001317 seconds, Stopping threads took: 0,0000651 seconds
2017-04-19T11:07:10.961+0200: 7652,420: Total time for which application threads were stopped: 0,0000855 seconds, Stopping threads took: 0,0000335 seconds
2017-04-19T11:07:40.965+0200: 7682,424: Total time for which application threads were stopped: 0,0001217 seconds, Stopping threads took: 0,0000468 seconds
2017-04-19T11:08:10.969+0200: 7712,428: Total time for which application threads were stopped: 0,0001080 seconds, Stopping threads took: 0,0000400 seconds
2017-04-19T15:28:10.228+0200: 22937,655: Total time for which application threads were stopped: 0,0007855 seconds, Stopping threads took: 0,0000363 seconds
2017-04-19T15:28:10.229+0200: 22937,656: Total time for which application threads were stopped: 0,0003829 seconds, Stopping threads took: 0,0000217 seconds
2017-04-19T15:28:10.232+0200: 22937,659: Total time for which application threads were stopped: 0,0001042 seconds, Stopping threads took: 0,0000411 seconds
2017-04-19T15:28:10.235+0200: 22937,661: Total time for which application threads were stopped: 0,0000948 seconds, Stopping threads took: 0,0000392 seconds
2017-04-19T15:28:10.236+0200: 22937,663: Total time for which application threads were stopped: 0,0000809 seconds, Stopping threads took: 0,0000171 seconds
2017-04-19T15:28:10.236+0200: 22937,663: Total time for which application threads were stopped: 0,0000505 seconds, Stopping threads took: 0,0000076 seconds
2017-04-19T15:28:10.236+0200: 22937,663: Total time for which application threads were stopped: 0,0000490 seconds, Stopping threads took: 0,0000072 seconds
2017-04-19T15:28:10.237+0200: 22937,664: Total time for which application threads were stopped: 0,0000893 seconds, Stopping threads took: 0,0000096 seconds
2017-04-19T15:28:10.239+0200: 22937,666: Total time for which application threads were stopped: 0,0002090 seconds, Stopping threads took: 0,0001092 seconds
2017-04-19T15:28:10.246+0200: 22937,673: Total time for which application threads were stopped: 0,0023377 seconds, Stopping threads took: 0,0022249 seconds
2017-04-19T15:28:10.246+0200: 22937,673: Total time for which application threads were stopped: 0,0000958 seconds, Stopping threads took: 0,0000416 seconds
2017-04-19T15:28:10.247+0200: 22937,674: Total time for which application threads were stopped: 0,0000688 seconds, Stopping threads took: 0,0000109 seconds
2017-04-19T15:28:10.247+0200: 22937,674: Total time for which application threads were stopped: 0,0001050 seconds, Stopping threads took: 0,0000551 seconds
2017-04-19T15:28:10.255+0200: 22937,682: Total time for which application threads were stopped: 0,0000782 seconds, Stopping threads took: 0,0000154 seconds
2017-04-19T15:28:10.255+0200: 22937,682: Total time for which application threads were stopped: 0,0000298 seconds, Stopping threads took: 0,0000078 seconds
2017-04-19T15:28:10.255+0200: 22937,682: Total time for which application threads were stopped: 0,0002771 seconds, Stopping threads took: 0,0002371 seconds
2017-04-19T15:28:10.257+0200: 22937,684: Total time for which application threads were stopped: 0,0009923 seconds, Stopping threads took: 0,0007615 seconds
2017-04-19T15:28:10.262+0200: 22937,689: Total time for which application threads were stopped: 0,0002699 seconds, Stopping threads took: 0,0000511 seconds
2017-04-19T15:28:10.263+0200: 22937,690: Total time for which application threads were stopped: 0,0000703 seconds, Stopping threads took: 0,0000299 seconds
2017-04-19T15:28:10.263+0200: 22937,690: Total time for which application threads were stopped: 0,0001060 seconds, Stopping threads took: 0,0000418 seconds
2017-04-19T15:28:10.265+0200: 22937,692: Total time for which application threads were stopped: 0,0015142 seconds, Stopping threads took: 0,0014563 seconds
2017-04-19T15:28:10.265+0200: 22937,692: Total time for which application threads were stopped: 0,0000550 seconds, Stopping threads took: 0,0000244 seconds
2017-04-19T15:28:10.265+0200: 22937,692: Total time for which application threads were stopped: 0,0000509 seconds, Stopping threads took: 0,0000253 seconds
2017-04-19T15:28:10.265+0200: 22937,692: Total time for which application threads were stopped: 0,0000462 seconds, Stopping threads took: 0,0000227 seconds
2017-04-19T15:28:10.265+0200: 22937,692: Total time for which application threads were stopped: 0,0000424 seconds, Stopping threads took: 0,0000229 seconds
2017-04-19T15:28:10.266+0200: 22937,692: Total time for which application threads were stopped: 0,0000361 seconds, Stopping threads took: 0,0000158 seconds
2017-04-19T15:28:10.268+0200: 22937,695: Total time for which application threads were stopped: 0,0001418 seconds, Stopping threads took: 0,0000913 seconds
2017-04-19T15:28:10.268+0200: 22937,695: Total time for which application threads were stopped: 0,0000770 seconds, Stopping threads took: 0,0000485 seconds
2017-04-19T15:28:10.269+0200: 22937,696: Total time for which application threads were stopped: 0,0000704 seconds, Stopping threads took: 0,0000205 seconds
2017-04-19T15:28:10.269+0200: 22937,696: Total time for which application threads were stopped: 0,0000412 seconds, Stopping threads took: 0,0000197 seconds
2017-04-19T15:28:10.269+0200: 22937,696: Total time for which application threads were stopped: 0,0000287 seconds, Stopping threads took: 0,0000072 seconds
2017-04-19T15:28:10.270+0200: 22937,696: Total time for which application threads were stopped: 0,0000363 seconds, Stopping threads took: 0,0000152 seconds
2017-04-19T15:28:10.270+0200: 22937,696: Total time for which application threads were stopped: 0,0000369 seconds, Stopping threads took: 0,0000169 seconds
2017-04-19T15:28:10.270+0200: 22937,697: Total time for which application threads were stopped: 0,0000265 seconds, Stopping threads took: 0,0000063 seconds
2017-04-19T15:28:10.270+0200: 22937,697: Total time for which application threads were stopped: 0,0000220 seconds, Stopping threads took: 0,0000051 seconds
2017-04-19T15:28:10.270+0200: 22937,697: Total time for which application threads were stopped: 0,0000319 seconds, Stopping threads took: 0,0000099 seconds
2017-04-19T15:28:10.272+0200: 22937,698: Total time for which application threads were stopped: 0,0015447 seconds, Stopping threads took: 0,0014010 seconds
2017-04-19T15:28:10.275+0200: 22937,702: Total time for which application threads were stopped: 0,0004263 seconds, Stopping threads took: 0,0003153 seconds
2017-04-19T15:28:10.277+0200: 22937,704: Total time for which application threads were stopped: 0,0001279 seconds, Stopping threads took: 0,0000502 seconds
Heap
 par new generation   total 109248K, used 44171K [0x00000000e0000000, 0x00000000e8000000, 0x00000000e8000000)
  eden space 87424K,  33% used [0x00000000e0000000, 0x00000000e1cea5d0, 0x00000000e5560000)
  from space 21824K,  66% used [0x00000000e5560000, 0x00000000e63989a0, 0x00000000e6ab0000)
  to   space 21824K,   0% used [0x00000000e6ab0000, 0x00000000e6ab0000, 0x00000000e8000000)
 concurrent mark-sweep generation total 393216K, used 6880K [0x00000000e8000000, 0x0000000100000000, 0x0000000100000000)
 Metaspace       used 29653K, capacity 30260K, committed 30588K, reserved 1077248K
  class space    used 3430K, capacity 3656K, committed 3708K, reserved 1048576K
