OpenJDK 64-Bit Server VM (25.121-b13) for linux-amd64 JRE (1.8.0_121-8u121-b13-0ubuntu1.16.04.2-b13), built on Jan 23 2017 15:51:29 by "buildd" with gcc 5.4.0 20160609
Memory: 4k page, physical 7867764k(7508072k free), swap 8076284k(8076284k free)
CommandLine flags: -XX:CMSInitiatingOccupancyFraction=50 -XX:CMSMaxAbortablePrecleanTime=6000 -XX:+CMSParallelRemarkEnabled -XX:+CMSScavengeBeforeRemark -XX:ConcGCThreads=4 -XX:InitialHeapSize=536870912 -XX:MaxHeapSize=536870912 -XX:MaxTenuringThreshold=8 -XX:NewRatio=3 -XX:OldPLABSize=16 -XX:OnOutOfMemoryError=/opt/solr/bin/oom_solr.sh 8983 /var/solr/logs -XX:ParallelGCThreads=4 -XX:+ParallelRefProcEnabled -XX:PretenureSizeThreshold=67108864 -XX:+PrintGC -XX:+PrintGCApplicationStoppedTime -XX:+PrintGCDateStamps -XX:+PrintGCDetails -XX:+PrintGCTimeStamps -XX:+PrintHeapAtGC -XX:+PrintTenuringDistribution -XX:SurvivorRatio=4 -XX:TargetSurvivorRatio=90 -XX:ThreadStackSize=256 -XX:+UseCMSInitiatingOccupancyOnly -XX:+UseCompressedClassPointers -XX:+UseCompressedOops -XX:+UseConcMarkSweepGC -XX:+UseParNewGC 
2017-04-03T21:26:22.551+0200: 0,126: Total time for which application threads were stopped: 0,0000779 seconds, Stopping threads took: 0,0000104 seconds
2017-04-03T21:26:22.628+0200: 0,203: Total time for which application threads were stopped: 0,0001160 seconds, Stopping threads took: 0,0000115 seconds
2017-04-03T21:26:22.656+0200: 0,231: Total time for which application threads were stopped: 0,0001317 seconds, Stopping threads took: 0,0000290 seconds
2017-04-03T21:26:22.883+0200: 0,458: Total time for which application threads were stopped: 0,0001532 seconds, Stopping threads took: 0,0000125 seconds
2017-04-03T21:26:23.404+0200: 0,980: Total time for which application threads were stopped: 0,0024075 seconds, Stopping threads took: 0,0000178 seconds
2017-04-03T21:26:23.492+0200: 1,067: Total time for which application threads were stopped: 0,0001590 seconds, Stopping threads took: 0,0000200 seconds
2017-04-03T21:26:23.515+0200: 1,090: Total time for which application threads were stopped: 0,0001871 seconds, Stopping threads took: 0,0000336 seconds
2017-04-03T21:26:23.819+0200: 1,394: Total time for which application threads were stopped: 0,0002292 seconds, Stopping threads took: 0,0000310 seconds
2017-04-03T21:26:24.035+0200: 1,611: Total time for which application threads were stopped: 0,0002938 seconds, Stopping threads took: 0,0000225 seconds
2017-04-03T21:26:24.074+0200: 1,649: Total time for which application threads were stopped: 0,0001811 seconds, Stopping threads took: 0,0000137 seconds
2017-04-03T21:26:24.106+0200: 1,681: Total time for which application threads were stopped: 0,0002363 seconds, Stopping threads took: 0,0000326 seconds
2017-04-03T21:26:24.107+0200: 1,683: Total time for which application threads were stopped: 0,0002241 seconds, Stopping threads took: 0,0000353 seconds
2017-04-03T21:26:24.137+0200: 1,712: Total time for which application threads were stopped: 0,0001967 seconds, Stopping threads took: 0,0000234 seconds
2017-04-03T21:26:24.228+0200: 1,803: Total time for which application threads were stopped: 0,0002097 seconds, Stopping threads took: 0,0000300 seconds
2017-04-03T21:26:24.389+0200: 1,964: Total time for which application threads were stopped: 0,0002651 seconds, Stopping threads took: 0,0000428 seconds
{Heap before GC invocations=0 (full 0):
 par new generation   total 109248K, used 87424K [0x00000000e0000000, 0x00000000e8000000, 0x00000000e8000000)
  eden space 87424K, 100% used [0x00000000e0000000, 0x00000000e5560000, 0x00000000e5560000)
  from space 21824K,   0% used [0x00000000e5560000, 0x00000000e5560000, 0x00000000e6ab0000)
  to   space 21824K,   0% used [0x00000000e6ab0000, 0x00000000e6ab0000, 0x00000000e8000000)
 concurrent mark-sweep generation total 393216K, used 0K [0x00000000e8000000, 0x0000000100000000, 0x0000000100000000)
 Metaspace       used 17996K, capacity 18336K, committed 18688K, reserved 1064960K
  class space    used 2036K, capacity 2196K, committed 2304K, reserved 1048576K
2017-04-03T21:26:24.486+0200: 2,062: [GC (Allocation Failure) 2017-04-03T21:26:24.487+0200: 2,062: [ParNew
Desired survivor size 20112992 bytes, new threshold 8 (max 8)
- age   1:   12611528 bytes,   12611528 total
: 87424K->12434K(109248K), 0,0157120 secs] 87424K->12434K(502464K), 0,0157943 secs] [Times: user=0,02 sys=0,02, real=0,02 secs] 
Heap after GC invocations=1 (full 0):
 par new generation   total 109248K, used 12434K [0x00000000e0000000, 0x00000000e8000000, 0x00000000e8000000)
  eden space 87424K,   0% used [0x00000000e0000000, 0x00000000e0000000, 0x00000000e5560000)
  from space 21824K,  56% used [0x00000000e6ab0000, 0x00000000e76d4838, 0x00000000e8000000)
  to   space 21824K,   0% used [0x00000000e5560000, 0x00000000e5560000, 0x00000000e6ab0000)
 concurrent mark-sweep generation total 393216K, used 0K [0x00000000e8000000, 0x0000000100000000, 0x0000000100000000)
 Metaspace       used 17996K, capacity 18336K, committed 18688K, reserved 1064960K
  class space    used 2036K, capacity 2196K, committed 2304K, reserved 1048576K
}
2017-04-03T21:26:24.502+0200: 2,077: Total time for which application threads were stopped: 0,0160644 seconds, Stopping threads took: 0,0000413 seconds
2017-04-03T21:26:24.794+0200: 2,370: Total time for which application threads were stopped: 0,0004587 seconds, Stopping threads took: 0,0000398 seconds
{Heap before GC invocations=1 (full 0):
 par new generation   total 109248K, used 99858K [0x00000000e0000000, 0x00000000e8000000, 0x00000000e8000000)
  eden space 87424K, 100% used [0x00000000e0000000, 0x00000000e5560000, 0x00000000e5560000)
  from space 21824K,  56% used [0x00000000e6ab0000, 0x00000000e76d4838, 0x00000000e8000000)
  to   space 21824K,   0% used [0x00000000e5560000, 0x00000000e5560000, 0x00000000e6ab0000)
 concurrent mark-sweep generation total 393216K, used 0K [0x00000000e8000000, 0x0000000100000000, 0x0000000100000000)
 Metaspace       used 20023K, capacity 20368K, committed 20736K, reserved 1067008K
  class space    used 2295K, capacity 2472K, committed 2560K, reserved 1048576K
2017-04-03T21:26:24.844+0200: 2,419: [GC (Allocation Failure) 2017-04-03T21:26:24.844+0200: 2,419: [ParNew
Desired survivor size 20112992 bytes, new threshold 8 (max 8)
- age   1:    3819168 bytes,    3819168 total
- age   2:    6675496 bytes,   10494664 total
: 99858K->15707K(109248K), 0,0175775 secs] 99858K->15707K(502464K), 0,0176533 secs] [Times: user=0,07 sys=0,00, real=0,02 secs] 
Heap after GC invocations=2 (full 0):
 par new generation   total 109248K, used 15707K [0x00000000e0000000, 0x00000000e8000000, 0x00000000e8000000)
  eden space 87424K,   0% used [0x00000000e0000000, 0x00000000e0000000, 0x00000000e5560000)
  from space 21824K,  71% used [0x00000000e5560000, 0x00000000e64b6ec0, 0x00000000e6ab0000)
  to   space 21824K,   0% used [0x00000000e6ab0000, 0x00000000e6ab0000, 0x00000000e8000000)
 concurrent mark-sweep generation total 393216K, used 0K [0x00000000e8000000, 0x0000000100000000, 0x0000000100000000)
 Metaspace       used 20023K, capacity 20368K, committed 20736K, reserved 1067008K
  class space    used 2295K, capacity 2472K, committed 2560K, reserved 1048576K
}
2017-04-03T21:26:24.862+0200: 2,437: Total time for which application threads were stopped: 0,0178996 seconds, Stopping threads took: 0,0000704 seconds
2017-04-03T21:26:24.865+0200: 2,441: Total time for which application threads were stopped: 0,0003638 seconds, Stopping threads took: 0,0000532 seconds
2017-04-03T21:26:24.897+0200: 2,472: Total time for which application threads were stopped: 0,0003380 seconds, Stopping threads took: 0,0000416 seconds
2017-04-03T21:26:25.043+0200: 2,618: Total time for which application threads were stopped: 0,0001850 seconds, Stopping threads took: 0,0000555 seconds
{Heap before GC invocations=2 (full 0):
 par new generation   total 109248K, used 103131K [0x00000000e0000000, 0x00000000e8000000, 0x00000000e8000000)
  eden space 87424K, 100% used [0x00000000e0000000, 0x00000000e5560000, 0x00000000e5560000)
  from space 21824K,  71% used [0x00000000e5560000, 0x00000000e64b6ec0, 0x00000000e6ab0000)
  to   space 21824K,   0% used [0x00000000e6ab0000, 0x00000000e6ab0000, 0x00000000e8000000)
 concurrent mark-sweep generation total 393216K, used 0K [0x00000000e8000000, 0x0000000100000000, 0x0000000100000000)
 Metaspace       used 20937K, capacity 21290K, committed 21628K, reserved 1069056K
  class space    used 2419K, capacity 2591K, committed 2684K, reserved 1048576K
2017-04-03T21:26:25.070+0200: 2,645: [GC (Allocation Failure) 2017-04-03T21:26:25.070+0200: 2,645: [ParNew
Desired survivor size 20112992 bytes, new threshold 8 (max 8)
- age   1:    2083520 bytes,    2083520 total
- age   2:     854568 bytes,    2938088 total
- age   3:    6658000 bytes,    9596088 total
: 103131K->11314K(109248K), 0,0117243 secs] 103131K->11314K(502464K), 0,0118079 secs] [Times: user=0,04 sys=0,00, real=0,02 secs] 
Heap after GC invocations=3 (full 0):
 par new generation   total 109248K, used 11314K [0x00000000e0000000, 0x00000000e8000000, 0x00000000e8000000)
  eden space 87424K,   0% used [0x00000000e0000000, 0x00000000e0000000, 0x00000000e5560000)
  from space 21824K,  51% used [0x00000000e6ab0000, 0x00000000e75bc840, 0x00000000e8000000)
  to   space 21824K,   0% used [0x00000000e5560000, 0x00000000e5560000, 0x00000000e6ab0000)
 concurrent mark-sweep generation total 393216K, used 0K [0x00000000e8000000, 0x0000000100000000, 0x0000000100000000)
 Metaspace       used 20937K, capacity 21290K, committed 21628K, reserved 1069056K
  class space    used 2419K, capacity 2591K, committed 2684K, reserved 1048576K
}
2017-04-03T21:26:25.082+0200: 2,657: Total time for which application threads were stopped: 0,0120113 seconds, Stopping threads took: 0,0000412 seconds
2017-04-03T21:26:25.082+0200: 2,657: [GC (CMS Initial Mark) [1 CMS-initial-mark: 0K(393216K)] 12697K(502464K), 0,0056984 secs] [Times: user=0,02 sys=0,00, real=0,00 secs] 
2017-04-03T21:26:25.088+0200: 2,663: Total time for which application threads were stopped: 0,0058784 seconds, Stopping threads took: 0,0000794 seconds
2017-04-03T21:26:25.088+0200: 2,663: [CMS-concurrent-mark-start]
2017-04-03T21:26:25.088+0200: 2,664: [CMS-concurrent-mark: 0,000/0,000 secs] [Times: user=0,00 sys=0,00, real=0,00 secs] 
2017-04-03T21:26:25.088+0200: 2,664: [CMS-concurrent-preclean-start]
2017-04-03T21:26:25.090+0200: 2,665: [CMS-concurrent-preclean: 0,001/0,001 secs] [Times: user=0,00 sys=0,00, real=0,00 secs] 
2017-04-03T21:26:25.090+0200: 2,665: [CMS-concurrent-abortable-preclean-start]
2017-04-03T21:26:25.167+0200: 2,742: Total time for which application threads were stopped: 0,0001281 seconds, Stopping threads took: 0,0000242 seconds
{Heap before GC invocations=3 (full 1):
 par new generation   total 109248K, used 98738K [0x00000000e0000000, 0x00000000e8000000, 0x00000000e8000000)
  eden space 87424K, 100% used [0x00000000e0000000, 0x00000000e5560000, 0x00000000e5560000)
  from space 21824K,  51% used [0x00000000e6ab0000, 0x00000000e75bc840, 0x00000000e8000000)
  to   space 21824K,   0% used [0x00000000e5560000, 0x00000000e5560000, 0x00000000e6ab0000)
 concurrent mark-sweep generation total 393216K, used 0K [0x00000000e8000000, 0x0000000100000000, 0x0000000100000000)
 Metaspace       used 21238K, capacity 21578K, committed 21884K, reserved 1069056K
  class space    used 2450K, capacity 2608K, committed 2684K, reserved 1048576K
2017-04-03T21:26:25.201+0200: 2,776: [GC (Allocation Failure) 2017-04-03T21:26:25.201+0200: 2,776: [ParNew
Desired survivor size 20112992 bytes, new threshold 8 (max 8)
- age   1:    1036888 bytes,    1036888 total
- age   2:    1466656 bytes,    2503544 total
- age   3:     852392 bytes,    3355936 total
- age   4:    6657792 bytes,   10013728 total
: 98738K->14278K(109248K), 0,0098640 secs] 98738K->14278K(502464K), 0,0099290 secs] [Times: user=0,03 sys=0,01, real=0,01 secs] 
Heap after GC invocations=4 (full 1):
 par new generation   total 109248K, used 14278K [0x00000000e0000000, 0x00000000e8000000, 0x00000000e8000000)
  eden space 87424K,   0% used [0x00000000e0000000, 0x00000000e0000000, 0x00000000e5560000)
  from space 21824K,  65% used [0x00000000e5560000, 0x00000000e6351ba0, 0x00000000e6ab0000)
  to   space 21824K,   0% used [0x00000000e6ab0000, 0x00000000e6ab0000, 0x00000000e8000000)
 concurrent mark-sweep generation total 393216K, used 0K [0x00000000e8000000, 0x0000000100000000, 0x0000000100000000)
 Metaspace       used 21238K, capacity 21578K, committed 21884K, reserved 1069056K
  class space    used 2450K, capacity 2608K, committed 2684K, reserved 1048576K
}
2017-04-03T21:26:25.211+0200: 2,786: Total time for which application threads were stopped: 0,0122614 seconds, Stopping threads took: 0,0021674 seconds
2017-04-03T21:26:25.211+0200: 2,786: [CMS-concurrent-abortable-preclean: 0,079/0,121 secs] [Times: user=0,43 sys=0,01, real=0,13 secs] 
2017-04-03T21:26:25.211+0200: 2,786: [GC (CMS Final Remark) [YG occupancy: 14959 K (109248 K)]{Heap before GC invocations=4 (full 1):
 par new generation   total 109248K, used 14959K [0x00000000e0000000, 0x00000000e8000000, 0x00000000e8000000)
  eden space 87424K,   0% used [0x00000000e0000000, 0x00000000e00aa3d8, 0x00000000e5560000)
  from space 21824K,  65% used [0x00000000e5560000, 0x00000000e6351ba0, 0x00000000e6ab0000)
  to   space 21824K,   0% used [0x00000000e6ab0000, 0x00000000e6ab0000, 0x00000000e8000000)
 concurrent mark-sweep generation total 393216K, used 0K [0x00000000e8000000, 0x0000000100000000, 0x0000000100000000)
 Metaspace       used 21238K, capacity 21578K, committed 21884K, reserved 1069056K
  class space    used 2450K, capacity 2608K, committed 2684K, reserved 1048576K
2017-04-03T21:26:25.211+0200: 2,786: [GC (CMS Final Remark) 2017-04-03T21:26:25.211+0200: 2,786: [ParNew
Desired survivor size 20112992 bytes, new threshold 8 (max 8)
- age   1:      41200 bytes,      41200 total
- age   2:    1032664 bytes,    1073864 total
- age   3:    1466656 bytes,    2540520 total
- age   4:     852392 bytes,    3392912 total
- age   5:    6657600 bytes,   10050512 total
: 14959K->11413K(109248K), 0,0090606 secs] 14959K->11413K(502464K), 0,0090962 secs] [Times: user=0,04 sys=0,00, real=0,01 secs] 
Heap after GC invocations=5 (full 1):
 par new generation   total 109248K, used 11413K [0x00000000e0000000, 0x00000000e8000000, 0x00000000e8000000)
  eden space 87424K,   0% used [0x00000000e0000000, 0x00000000e0000000, 0x00000000e5560000)
  from space 21824K,  52% used [0x00000000e6ab0000, 0x00000000e75d56c0, 0x00000000e8000000)
  to   space 21824K,   0% used [0x00000000e5560000, 0x00000000e5560000, 0x00000000e6ab0000)
 concurrent mark-sweep generation total 393216K, used 0K [0x00000000e8000000, 0x0000000100000000, 0x0000000100000000)
 Metaspace       used 21238K, capacity 21578K, committed 21884K, reserved 1069056K
  class space    used 2450K, capacity 2608K, committed 2684K, reserved 1048576K
}
2017-04-03T21:26:25.220+0200: 2,795: [Rescan (parallel) , 0,0036373 secs]2017-04-03T21:26:25.224+0200: 2,799: [weak refs processing, 0,0011023 secs]2017-04-03T21:26:25.225+0200: 2,800: [class unloading, 0,0028280 secs]2017-04-03T21:26:25.228+0200: 2,803: [scrub symbol table, 0,0027634 secs]2017-04-03T21:26:25.230+0200: 2,806: [scrub string table, 0,0003658 secs][1 CMS-remark: 0K(393216K)] 11413K(502464K), 0,0204139 secs] [Times: user=0,06 sys=0,00, real=0,02 secs] 
2017-04-03T21:26:25.231+0200: 2,806: Total time for which application threads were stopped: 0,0205434 seconds, Stopping threads took: 0,0000535 seconds
2017-04-03T21:26:25.231+0200: 2,807: [CMS-concurrent-sweep-start]
2017-04-03T21:26:25.231+0200: 2,807: [CMS-concurrent-sweep: 0,000/0,000 secs] [Times: user=0,00 sys=0,00, real=0,00 secs] 
2017-04-03T21:26:25.231+0200: 2,807: [CMS-concurrent-reset-start]
2017-04-03T21:26:25.233+0200: 2,808: [CMS-concurrent-reset: 0,001/0,001 secs] [Times: user=0,01 sys=0,00, real=0,00 secs] 
{Heap before GC invocations=5 (full 1):
 par new generation   total 109248K, used 98837K [0x00000000e0000000, 0x00000000e8000000, 0x00000000e8000000)
  eden space 87424K, 100% used [0x00000000e0000000, 0x00000000e5560000, 0x00000000e5560000)
  from space 21824K,  52% used [0x00000000e6ab0000, 0x00000000e75d56c0, 0x00000000e8000000)
  to   space 21824K,   0% used [0x00000000e5560000, 0x00000000e5560000, 0x00000000e6ab0000)
 concurrent mark-sweep generation total 393216K, used 0K [0x00000000e8000000, 0x0000000100000000, 0x0000000100000000)
 Metaspace       used 21365K, capacity 21750K, committed 21884K, reserved 1069056K
  class space    used 2471K, capacity 2642K, committed 2684K, reserved 1048576K
2017-04-03T21:26:25.334+0200: 2,909: [GC (Allocation Failure) 2017-04-03T21:26:25.334+0200: 2,910: [ParNew
Desired survivor size 20112992 bytes, new threshold 8 (max 8)
- age   1:     567464 bytes,     567464 total
- age   3:     186256 bytes,     753720 total
- age   4:    1466280 bytes,    2220000 total
- age   5:     850344 bytes,    3070344 total
- age   6:    6657408 bytes,    9727752 total
: 98837K->13181K(109248K), 0,0106980 secs] 98837K->13181K(502464K), 0,0107648 secs] [Times: user=0,03 sys=0,00, real=0,01 secs] 
Heap after GC invocations=6 (full 1):
 par new generation   total 109248K, used 13181K [0x00000000e0000000, 0x00000000e8000000, 0x00000000e8000000)
  eden space 87424K,   0% used [0x00000000e0000000, 0x00000000e0000000, 0x00000000e5560000)
  from space 21824K,  60% used [0x00000000e5560000, 0x00000000e623f6e0, 0x00000000e6ab0000)
  to   space 21824K,   0% used [0x00000000e6ab0000, 0x00000000e6ab0000, 0x00000000e8000000)
 concurrent mark-sweep generation total 393216K, used 0K [0x00000000e8000000, 0x0000000100000000, 0x0000000100000000)
 Metaspace       used 21365K, capacity 21750K, committed 21884K, reserved 1069056K
  class space    used 2471K, capacity 2642K, committed 2684K, reserved 1048576K
}
2017-04-03T21:26:25.345+0200: 2,920: Total time for which application threads were stopped: 0,0117415 seconds, Stopping threads took: 0,0008370 seconds
2017-04-03T21:26:25.375+0200: 2,950: Total time for which application threads were stopped: 0,0003160 seconds, Stopping threads took: 0,0000278 seconds
2017-04-03T21:26:25.571+0200: 3,146: Total time for which application threads were stopped: 0,0004710 seconds, Stopping threads took: 0,0000251 seconds
2017-04-03T21:26:25.592+0200: 3,167: Total time for which application threads were stopped: 0,0004748 seconds, Stopping threads took: 0,0000382 seconds
{Heap before GC invocations=6 (full 1):
 par new generation   total 109248K, used 100605K [0x00000000e0000000, 0x00000000e8000000, 0x00000000e8000000)
  eden space 87424K, 100% used [0x00000000e0000000, 0x00000000e5560000, 0x00000000e5560000)
  from space 21824K,  60% used [0x00000000e5560000, 0x00000000e623f6e0, 0x00000000e6ab0000)
  to   space 21824K,   0% used [0x00000000e6ab0000, 0x00000000e6ab0000, 0x00000000e8000000)
 concurrent mark-sweep generation total 393216K, used 0K [0x00000000e8000000, 0x0000000100000000, 0x0000000100000000)
 Metaspace       used 23842K, capacity 24344K, committed 24572K, reserved 1071104K
  class space    used 2814K, capacity 3017K, committed 3068K, reserved 1048576K
2017-04-03T21:26:25.768+0200: 3,343: [GC (Allocation Failure) 2017-04-03T21:26:25.768+0200: 3,343: [ParNew
Desired survivor size 20112992 bytes, new threshold 8 (max 8)
- age   1:    5508288 bytes,    5508288 total
- age   2:     124888 bytes,    5633176 total
- age   4:     184896 bytes,    5818072 total
- age   5:     288752 bytes,    6106824 total
- age   6:     826080 bytes,    6932904 total
- age   7:    6649256 bytes,   13582160 total
: 100605K->17278K(109248K), 0,0169845 secs] 100605K->17278K(502464K), 0,0170681 secs] [Times: user=0,05 sys=0,00, real=0,02 secs] 
Heap after GC invocations=7 (full 1):
 par new generation   total 109248K, used 17278K [0x00000000e0000000, 0x00000000e8000000, 0x00000000e8000000)
  eden space 87424K,   0% used [0x00000000e0000000, 0x00000000e0000000, 0x00000000e5560000)
  from space 21824K,  79% used [0x00000000e6ab0000, 0x00000000e7b8f820, 0x00000000e8000000)
  to   space 21824K,   0% used [0x00000000e5560000, 0x00000000e5560000, 0x00000000e6ab0000)
 concurrent mark-sweep generation total 393216K, used 0K [0x00000000e8000000, 0x0000000100000000, 0x0000000100000000)
 Metaspace       used 23842K, capacity 24344K, committed 24572K, reserved 1071104K
  class space    used 2814K, capacity 3017K, committed 3068K, reserved 1048576K
}
2017-04-03T21:26:25.785+0200: 3,360: Total time for which application threads were stopped: 0,0177239 seconds, Stopping threads took: 0,0004058 seconds
{Heap before GC invocations=7 (full 1):
 par new generation   total 109248K, used 104702K [0x00000000e0000000, 0x00000000e8000000, 0x00000000e8000000)
  eden space 87424K, 100% used [0x00000000e0000000, 0x00000000e5560000, 0x00000000e5560000)
  from space 21824K,  79% used [0x00000000e6ab0000, 0x00000000e7b8f820, 0x00000000e8000000)
  to   space 21824K,   0% used [0x00000000e5560000, 0x00000000e5560000, 0x00000000e6ab0000)
 concurrent mark-sweep generation total 393216K, used 0K [0x00000000e8000000, 0x0000000100000000, 0x0000000100000000)
 Metaspace       used 24527K, capacity 24990K, committed 25212K, reserved 1071104K
  class space    used 2876K, capacity 3082K, committed 3196K, reserved 1048576K
2017-04-03T21:26:25.905+0200: 3,481: [GC (Allocation Failure) 2017-04-03T21:26:25.905+0200: 3,481: [ParNew
Desired survivor size 20112992 bytes, new threshold 8 (max 8)
- age   1:    2026992 bytes,    2026992 total
- age   2:    1820272 bytes,    3847264 total
- age   3:      67968 bytes,    3915232 total
- age   5:     106472 bytes,    4021704 total
- age   6:     184016 bytes,    4205720 total
- age   7:     782352 bytes,    4988072 total
- age   8:    6115856 bytes,   11103928 total
: 104702K->14430K(109248K), 0,0134347 secs] 104702K->14430K(502464K), 0,0135032 secs] [Times: user=0,04 sys=0,00, real=0,02 secs] 
Heap after GC invocations=8 (full 1):
 par new generation   total 109248K, used 14430K [0x00000000e0000000, 0x00000000e8000000, 0x00000000e8000000)
  eden space 87424K,   0% used [0x00000000e0000000, 0x00000000e0000000, 0x00000000e5560000)
  from space 21824K,  66% used [0x00000000e5560000, 0x00000000e6377bc0, 0x00000000e6ab0000)
  to   space 21824K,   0% used [0x00000000e6ab0000, 0x00000000e6ab0000, 0x00000000e8000000)
 concurrent mark-sweep generation total 393216K, used 0K [0x00000000e8000000, 0x0000000100000000, 0x0000000100000000)
 Metaspace       used 24527K, capacity 24990K, committed 25212K, reserved 1071104K
  class space    used 2876K, capacity 3082K, committed 3196K, reserved 1048576K
}
2017-04-03T21:26:25.919+0200: 3,494: Total time for which application threads were stopped: 0,0136927 seconds, Stopping threads took: 0,0000454 seconds
{Heap before GC invocations=8 (full 1):
 par new generation   total 109248K, used 101854K [0x00000000e0000000, 0x00000000e8000000, 0x00000000e8000000)
  eden space 87424K, 100% used [0x00000000e0000000, 0x00000000e5560000, 0x00000000e5560000)
  from space 21824K,  66% used [0x00000000e5560000, 0x00000000e6377bc0, 0x00000000e6ab0000)
  to   space 21824K,   0% used [0x00000000e6ab0000, 0x00000000e6ab0000, 0x00000000e8000000)
 concurrent mark-sweep generation total 393216K, used 0K [0x00000000e8000000, 0x0000000100000000, 0x0000000100000000)
 Metaspace       used 24802K, capacity 25272K, committed 25468K, reserved 1071104K
  class space    used 2903K, capacity 3087K, committed 3196K, reserved 1048576K
2017-04-03T21:26:26.026+0200: 3,601: [GC (Allocation Failure) 2017-04-03T21:26:26.026+0200: 3,601: [ParNew
Desired survivor size 20112992 bytes, new threshold 8 (max 8)
- age   1:    1052552 bytes,    1052552 total
- age   2:    1055728 bytes,    2108280 total
- age   3:    1797560 bytes,    3905840 total
- age   4:      67968 bytes,    3973808 total
- age   6:     106368 bytes,    4080176 total
- age   7:     184016 bytes,    4264192 total
- age   8:     782352 bytes,    5046544 total
: 101854K->7087K(109248K), 0,0408097 secs] 101854K->13142K(502464K), 0,0408736 secs] [Times: user=0,10 sys=0,00, real=0,04 secs] 
Heap after GC invocations=9 (full 1):
 par new generation   total 109248K, used 7087K [0x00000000e0000000, 0x00000000e8000000, 0x00000000e8000000)
  eden space 87424K,   0% used [0x00000000e0000000, 0x00000000e0000000, 0x00000000e5560000)
  from space 21824K,  32% used [0x00000000e6ab0000, 0x00000000e719bd10, 0x00000000e8000000)
  to   space 21824K,   0% used [0x00000000e5560000, 0x00000000e5560000, 0x00000000e6ab0000)
 concurrent mark-sweep generation total 393216K, used 6055K [0x00000000e8000000, 0x0000000100000000, 0x0000000100000000)
 Metaspace       used 24802K, capacity 25272K, committed 25468K, reserved 1071104K
  class space    used 2903K, capacity 3087K, committed 3196K, reserved 1048576K
}
2017-04-03T21:26:26.067+0200: 3,642: Total time for which application threads were stopped: 0,0410988 seconds, Stopping threads took: 0,0000806 seconds
2017-04-03T21:26:26.356+0200: 3,931: Total time for which application threads were stopped: 0,0004598 seconds, Stopping threads took: 0,0000305 seconds
2017-04-03T21:26:26.371+0200: 3,946: Total time for which application threads were stopped: 0,0004160 seconds, Stopping threads took: 0,0000167 seconds
2017-04-03T21:26:26.426+0200: 4,001: Total time for which application threads were stopped: 0,0003827 seconds, Stopping threads took: 0,0000210 seconds
2017-04-03T21:26:26.472+0200: 4,048: Total time for which application threads were stopped: 0,0003792 seconds, Stopping threads took: 0,0000400 seconds
2017-04-03T21:26:26.473+0200: 4,048: Total time for which application threads were stopped: 0,0001132 seconds, Stopping threads took: 0,0000264 seconds
2017-04-03T21:26:26.473+0200: 4,048: Total time for which application threads were stopped: 0,0001115 seconds, Stopping threads took: 0,0000319 seconds
2017-04-03T21:26:26.474+0200: 4,049: Total time for which application threads were stopped: 0,0001031 seconds, Stopping threads took: 0,0000389 seconds
2017-04-03T21:26:26.475+0200: 4,050: Total time for which application threads were stopped: 0,0000933 seconds, Stopping threads took: 0,0000284 seconds
2017-04-03T21:26:26.476+0200: 4,051: Total time for which application threads were stopped: 0,0001376 seconds, Stopping threads took: 0,0000369 seconds
2017-04-03T21:26:26.477+0200: 4,052: Total time for which application threads were stopped: 0,0001369 seconds, Stopping threads took: 0,0000243 seconds
2017-04-03T21:26:26.478+0200: 4,053: Total time for which application threads were stopped: 0,0001162 seconds, Stopping threads took: 0,0000294 seconds
2017-04-03T21:26:26.479+0200: 4,054: Total time for which application threads were stopped: 0,0000746 seconds, Stopping threads took: 0,0000228 seconds
2017-04-03T21:26:26.480+0200: 4,055: Total time for which application threads were stopped: 0,0001430 seconds, Stopping threads took: 0,0000395 seconds
2017-04-03T21:26:26.480+0200: 4,055: Total time for which application threads were stopped: 0,0001228 seconds, Stopping threads took: 0,0000435 seconds
2017-04-03T21:26:26.481+0200: 4,056: Total time for which application threads were stopped: 0,0001189 seconds, Stopping threads took: 0,0000435 seconds
2017-04-03T21:26:26.481+0200: 4,056: Total time for which application threads were stopped: 0,0000945 seconds, Stopping threads took: 0,0000269 seconds
2017-04-03T21:26:26.482+0200: 4,057: Total time for which application threads were stopped: 0,0001114 seconds, Stopping threads took: 0,0000285 seconds
2017-04-03T21:26:26.482+0200: 4,057: Total time for which application threads were stopped: 0,0001534 seconds, Stopping threads took: 0,0000810 seconds
2017-04-03T21:26:26.483+0200: 4,058: Total time for which application threads were stopped: 0,0000941 seconds, Stopping threads took: 0,0000342 seconds
2017-04-03T21:26:26.483+0200: 4,058: Total time for which application threads were stopped: 0,0001016 seconds, Stopping threads took: 0,0000393 seconds
2017-04-03T21:26:26.484+0200: 4,060: Total time for which application threads were stopped: 0,0001046 seconds, Stopping threads took: 0,0000330 seconds
2017-04-03T21:26:26.486+0200: 4,061: Total time for which application threads were stopped: 0,0001335 seconds, Stopping threads took: 0,0000470 seconds
2017-04-03T21:26:26.502+0200: 4,077: Total time for which application threads were stopped: 0,0001723 seconds, Stopping threads took: 0,0000706 seconds
2017-04-03T21:26:26.503+0200: 4,078: Total time for which application threads were stopped: 0,0001629 seconds, Stopping threads took: 0,0000237 seconds
2017-04-03T21:26:26.517+0200: 4,092: Total time for which application threads were stopped: 0,0001863 seconds, Stopping threads took: 0,0000636 seconds
2017-04-03T21:26:26.527+0200: 4,102: Total time for which application threads were stopped: 0,0005751 seconds, Stopping threads took: 0,0004836 seconds
2017-04-03T21:26:26.530+0200: 4,105: Total time for which application threads were stopped: 0,0002134 seconds, Stopping threads took: 0,0001019 seconds
2017-04-03T21:26:26.543+0200: 4,118: Total time for which application threads were stopped: 0,0000975 seconds, Stopping threads took: 0,0000231 seconds
2017-04-03T21:26:26.543+0200: 4,118: Total time for which application threads were stopped: 0,0001144 seconds, Stopping threads took: 0,0000325 seconds
2017-04-03T21:26:26.543+0200: 4,118: Total time for which application threads were stopped: 0,0001117 seconds, Stopping threads took: 0,0000328 seconds
2017-04-03T21:26:26.544+0200: 4,119: Total time for which application threads were stopped: 0,0004459 seconds, Stopping threads took: 0,0000144 seconds
2017-04-03T21:26:26.545+0200: 4,120: Total time for which application threads were stopped: 0,0001379 seconds, Stopping threads took: 0,0000387 seconds
2017-04-03T21:26:26.545+0200: 4,120: Total time for which application threads were stopped: 0,0001171 seconds, Stopping threads took: 0,0000348 seconds
2017-04-03T21:26:26.547+0200: 4,122: Total time for which application threads were stopped: 0,0001236 seconds, Stopping threads took: 0,0000258 seconds
2017-04-03T21:26:26.549+0200: 4,124: Total time for which application threads were stopped: 0,0001252 seconds, Stopping threads took: 0,0000448 seconds
2017-04-03T21:26:26.550+0200: 4,126: Total time for which application threads were stopped: 0,0001508 seconds, Stopping threads took: 0,0000515 seconds
2017-04-03T21:26:26.551+0200: 4,126: Total time for which application threads were stopped: 0,0001045 seconds, Stopping threads took: 0,0000275 seconds
2017-04-03T21:26:26.552+0200: 4,127: Total time for which application threads were stopped: 0,0001440 seconds, Stopping threads took: 0,0000359 seconds
2017-04-03T21:26:26.553+0200: 4,128: Total time for which application threads were stopped: 0,0001332 seconds, Stopping threads took: 0,0000369 seconds
2017-04-03T21:26:26.554+0200: 4,129: Total time for which application threads were stopped: 0,0001335 seconds, Stopping threads took: 0,0000394 seconds
2017-04-03T21:26:26.556+0200: 4,131: Total time for which application threads were stopped: 0,0002740 seconds, Stopping threads took: 0,0001642 seconds
2017-04-03T21:26:26.557+0200: 4,132: Total time for which application threads were stopped: 0,0001281 seconds, Stopping threads took: 0,0000432 seconds
2017-04-03T21:26:26.558+0200: 4,133: Total time for which application threads were stopped: 0,0001139 seconds, Stopping threads took: 0,0000376 seconds
2017-04-03T21:26:26.567+0200: 4,142: Total time for which application threads were stopped: 0,0001513 seconds, Stopping threads took: 0,0000389 seconds
2017-04-03T21:26:27.567+0200: 5,142: Total time for which application threads were stopped: 0,0001107 seconds, Stopping threads took: 0,0000228 seconds
2017-04-03T21:26:29.567+0200: 7,142: Total time for which application threads were stopped: 0,0000756 seconds, Stopping threads took: 0,0000180 seconds
2017-04-03T21:26:33.568+0200: 11,143: Total time for which application threads were stopped: 0,0000862 seconds, Stopping threads took: 0,0000188 seconds
2017-04-03T21:26:44.570+0200: 22,145: Total time for which application threads were stopped: 0,0000652 seconds, Stopping threads took: 0,0000163 seconds
2017-04-03T21:26:54.571+0200: 32,146: Total time for which application threads were stopped: 0,0001252 seconds, Stopping threads took: 0,0000201 seconds
2017-04-03T21:27:44.578+0200: 82,153: Total time for which application threads were stopped: 0,0001049 seconds, Stopping threads took: 0,0000214 seconds
2017-04-03T21:27:53.581+0200: 91,156: Total time for which application threads were stopped: 0,0005388 seconds, Stopping threads took: 0,0001327 seconds
2017-04-03T21:28:19.583+0200: 117,159: Total time for which application threads were stopped: 0,0002015 seconds, Stopping threads took: 0,0000698 seconds
2017-04-03T21:28:24.584+0200: 122,159: Total time for which application threads were stopped: 0,0000720 seconds, Stopping threads took: 0,0000162 seconds
2017-04-03T21:29:23.592+0200: 181,167: Total time for which application threads were stopped: 0,0000940 seconds, Stopping threads took: 0,0000387 seconds
{Heap before GC invocations=9 (full 1):
 par new generation   total 109248K, used 94511K [0x00000000e0000000, 0x00000000e8000000, 0x00000000e8000000)
  eden space 87424K, 100% used [0x00000000e0000000, 0x00000000e5560000, 0x00000000e5560000)
  from space 21824K,  32% used [0x00000000e6ab0000, 0x00000000e719bd10, 0x00000000e8000000)
  to   space 21824K,   0% used [0x00000000e5560000, 0x00000000e5560000, 0x00000000e6ab0000)
 concurrent mark-sweep generation total 393216K, used 6055K [0x00000000e8000000, 0x0000000100000000, 0x0000000100000000)
 Metaspace       used 28014K, capacity 28524K, committed 28796K, reserved 1075200K
  class space    used 3218K, capacity 3397K, committed 3452K, reserved 1048576K
2017-04-03T21:30:53.447+0200: 271,022: [GC (Allocation Failure) 2017-04-03T21:30:53.447+0200: 271,022: [ParNew
Desired survivor size 20112992 bytes, new threshold 8 (max 8)
- age   1:   11147504 bytes,   11147504 total
- age   2:     184000 bytes,   11331504 total
- age   3:     264488 bytes,   11595992 total
- age   4:    1792752 bytes,   13388744 total
- age   5:      67968 bytes,   13456712 total
- age   7:     106240 bytes,   13562952 total
- age   8:     183584 bytes,   13746536 total
: 94511K->14933K(109248K), 0,0141525 secs] 100566K->21849K(502464K), 0,0142267 secs] [Times: user=0,04 sys=0,00, real=0,02 secs] 
Heap after GC invocations=10 (full 1):
 par new generation   total 109248K, used 14933K [0x00000000e0000000, 0x00000000e8000000, 0x00000000e8000000)
  eden space 87424K,   0% used [0x00000000e0000000, 0x00000000e0000000, 0x00000000e5560000)
  from space 21824K,  68% used [0x00000000e5560000, 0x00000000e63f57a0, 0x00000000e6ab0000)
  to   space 21824K,   0% used [0x00000000e6ab0000, 0x00000000e6ab0000, 0x00000000e8000000)
 concurrent mark-sweep generation total 393216K, used 6915K [0x00000000e8000000, 0x0000000100000000, 0x0000000100000000)
 Metaspace       used 28014K, capacity 28524K, committed 28796K, reserved 1075200K
  class space    used 3218K, capacity 3397K, committed 3452K, reserved 1048576K
}
2017-04-03T21:30:53.462+0200: 271,037: Total time for which application threads were stopped: 0,0144101 seconds, Stopping threads took: 0,0000568 seconds
2017-04-03T21:30:58.462+0200: 276,037: Total time for which application threads were stopped: 0,0000639 seconds, Stopping threads took: 0,0000153 seconds
2017-04-03T21:30:59.462+0200: 277,037: Total time for which application threads were stopped: 0,0000666 seconds, Stopping threads took: 0,0000150 seconds
2017-04-03T21:49:48.577+0200: 1406,153: Total time for which application threads were stopped: 0,0003707 seconds, Stopping threads took: 0,0001508 seconds
2017-04-03T21:54:18.610+0200: 1676,185: Total time for which application threads were stopped: 0,0002120 seconds, Stopping threads took: 0,0000726 seconds
2017-04-03T22:04:48.684+0200: 2306,260: Total time for which application threads were stopped: 0,0001443 seconds, Stopping threads took: 0,0000562 seconds
2017-04-03T22:04:49.685+0200: 2307,260: Total time for which application threads were stopped: 0,0000635 seconds, Stopping threads took: 0,0000152 seconds
2017-04-03T22:19:49.812+0200: 3207,388: Total time for which application threads were stopped: 0,0000925 seconds, Stopping threads took: 0,0000346 seconds
2017-04-03T22:32:53.906+0200: 3991,481: Total time for which application threads were stopped: 0,0000910 seconds, Stopping threads took: 0,0000335 seconds
2017-04-03T22:44:59.993+0200: 4717,568: Total time for which application threads were stopped: 0,0001150 seconds, Stopping threads took: 0,0000404 seconds
2017-04-03T22:45:19.995+0200: 4737,570: Total time for which application threads were stopped: 0,0004074 seconds, Stopping threads took: 0,0001507 seconds
2017-04-03T23:10:50.171+0200: 6267,746: Total time for which application threads were stopped: 0,0000943 seconds, Stopping threads took: 0,0000330 seconds
2017-04-03T23:21:54.246+0200: 6931,821: Total time for which application threads were stopped: 0,0001060 seconds, Stopping threads took: 0,0000368 seconds
2017-04-03T23:28:24.286+0200: 7321,862: Total time for which application threads were stopped: 0,0001300 seconds, Stopping threads took: 0,0000384 seconds
2017-04-03T23:34:24.324+0200: 7681,899: Total time for which application threads were stopped: 0,0000798 seconds, Stopping threads took: 0,0000308 seconds
2017-04-03T23:34:54.327+0200: 7711,902: Total time for which application threads were stopped: 0,0001282 seconds, Stopping threads took: 0,0000506 seconds
2017-04-03T23:47:00.401+0200: 8437,976: Total time for which application threads were stopped: 0,0001241 seconds, Stopping threads took: 0,0000460 seconds
2017-04-03T23:47:00.419+0200: 8437,994: Total time for which application threads were stopped: 0,0037443 seconds, Stopping threads took: 0,0036650 seconds
2017-04-03T23:47:00.422+0200: 8437,997: Total time for which application threads were stopped: 0,0000997 seconds, Stopping threads took: 0,0000331 seconds
2017-04-03T23:47:00.432+0200: 8438,007: Total time for which application threads were stopped: 0,0000778 seconds, Stopping threads took: 0,0000211 seconds
2017-04-03T23:47:00.434+0200: 8438,010: Total time for which application threads were stopped: 0,0001365 seconds, Stopping threads took: 0,0000235 seconds
2017-04-03T23:47:00.448+0200: 8438,023: Total time for which application threads were stopped: 0,0001317 seconds, Stopping threads took: 0,0000301 seconds
2017-04-03T23:47:00.455+0200: 8438,030: Total time for which application threads were stopped: 0,0000846 seconds, Stopping threads took: 0,0000171 seconds
2017-04-03T23:47:00.457+0200: 8438,032: Total time for which application threads were stopped: 0,0001262 seconds, Stopping threads took: 0,0000303 seconds
Heap
 par new generation   total 109248K, used 36715K [0x00000000e0000000, 0x00000000e8000000, 0x00000000e8000000)
  eden space 87424K,  24% used [0x00000000e0000000, 0x00000000e15454e0, 0x00000000e5560000)
  from space 21824K,  68% used [0x00000000e5560000, 0x00000000e63f57a0, 0x00000000e6ab0000)
  to   space 21824K,   0% used [0x00000000e6ab0000, 0x00000000e6ab0000, 0x00000000e8000000)
 concurrent mark-sweep generation total 393216K, used 6915K [0x00000000e8000000, 0x0000000100000000, 0x0000000100000000)
 Metaspace       used 28150K, capacity 28692K, committed 28796K, reserved 1075200K
  class space    used 3232K, capacity 3431K, committed 3452K, reserved 1048576K
