OpenJDK 64-Bit Server VM (25.121-b13) for linux-amd64 JRE (1.8.0_121-8u121-b13-0ubuntu1.16.04.2-b13), built on Jan 23 2017 15:51:29 by "buildd" with gcc 5.4.0 20160609
Memory: 4k page, physical 7867764k(7534800k free), swap 8076284k(8076284k free)
CommandLine flags: -XX:CMSInitiatingOccupancyFraction=50 -XX:CMSMaxAbortablePrecleanTime=6000 -XX:+CMSParallelRemarkEnabled -XX:+CMSScavengeBeforeRemark -XX:ConcGCThreads=4 -XX:InitialHeapSize=536870912 -XX:MaxHeapSize=536870912 -XX:MaxTenuringThreshold=8 -XX:NewRatio=3 -XX:OldPLABSize=16 -XX:OnOutOfMemoryError=/opt/solr/bin/oom_solr.sh 8983 /var/solr/logs -XX:ParallelGCThreads=4 -XX:+ParallelRefProcEnabled -XX:PretenureSizeThreshold=67108864 -XX:+PrintGC -XX:+PrintGCApplicationStoppedTime -XX:+PrintGCDateStamps -XX:+PrintGCDetails -XX:+PrintGCTimeStamps -XX:+PrintHeapAtGC -XX:+PrintTenuringDistribution -XX:SurvivorRatio=4 -XX:TargetSurvivorRatio=90 -XX:ThreadStackSize=256 -XX:+UseCMSInitiatingOccupancyOnly -XX:+UseCompressedClassPointers -XX:+UseCompressedOops -XX:+UseConcMarkSweepGC -XX:+UseParNewGC 
2017-04-06T16:06:44.843+0200: 0,165: Total time for which application threads were stopped: 0,0000673 seconds, Stopping threads took: 0,0000090 seconds
2017-04-06T16:06:44.982+0200: 0,304: Total time for which application threads were stopped: 0,0001353 seconds, Stopping threads took: 0,0000146 seconds
2017-04-06T16:06:45.009+0200: 0,331: Total time for which application threads were stopped: 0,0002113 seconds, Stopping threads took: 0,0001288 seconds
2017-04-06T16:06:45.296+0200: 0,618: Total time for which application threads were stopped: 0,0001555 seconds, Stopping threads took: 0,0000193 seconds
2017-04-06T16:06:45.469+0200: 0,791: Total time for which application threads were stopped: 0,0001367 seconds, Stopping threads took: 0,0000172 seconds
2017-04-06T16:06:45.731+0200: 1,053: Total time for which application threads were stopped: 0,0001231 seconds, Stopping threads took: 0,0000103 seconds
2017-04-06T16:06:45.816+0200: 1,138: Total time for which application threads were stopped: 0,0001971 seconds, Stopping threads took: 0,0000267 seconds
2017-04-06T16:06:45.887+0200: 1,209: Total time for which application threads were stopped: 0,0001920 seconds, Stopping threads took: 0,0000321 seconds
2017-04-06T16:06:46.211+0200: 1,533: Total time for which application threads were stopped: 0,0002150 seconds, Stopping threads took: 0,0000126 seconds
2017-04-06T16:06:46.485+0200: 1,807: Total time for which application threads were stopped: 0,0003371 seconds, Stopping threads took: 0,0000237 seconds
2017-04-06T16:06:46.515+0200: 1,837: Total time for which application threads were stopped: 0,0002007 seconds, Stopping threads took: 0,0000158 seconds
2017-04-06T16:06:46.552+0200: 1,874: Total time for which application threads were stopped: 0,0003080 seconds, Stopping threads took: 0,0000271 seconds
2017-04-06T16:06:46.554+0200: 1,876: Total time for which application threads were stopped: 0,0003271 seconds, Stopping threads took: 0,0000429 seconds
2017-04-06T16:06:46.575+0200: 1,897: Total time for which application threads were stopped: 0,0001857 seconds, Stopping threads took: 0,0000157 seconds
2017-04-06T16:06:46.658+0200: 1,980: Total time for which application threads were stopped: 0,0002468 seconds, Stopping threads took: 0,0000214 seconds
2017-04-06T16:06:46.834+0200: 2,156: Total time for which application threads were stopped: 0,0008929 seconds, Stopping threads took: 0,0006480 seconds
{Heap before GC invocations=0 (full 0):
 par new generation   total 109248K, used 87424K [0x00000000e0000000, 0x00000000e8000000, 0x00000000e8000000)
  eden space 87424K, 100% used [0x00000000e0000000, 0x00000000e5560000, 0x00000000e5560000)
  from space 21824K,   0% used [0x00000000e5560000, 0x00000000e5560000, 0x00000000e6ab0000)
  to   space 21824K,   0% used [0x00000000e6ab0000, 0x00000000e6ab0000, 0x00000000e8000000)
 concurrent mark-sweep generation total 393216K, used 0K [0x00000000e8000000, 0x0000000100000000, 0x0000000100000000)
 Metaspace       used 18015K, capacity 18336K, committed 18688K, reserved 1064960K
  class space    used 2036K, capacity 2196K, committed 2304K, reserved 1048576K
2017-04-06T16:06:46.926+0200: 2,248: [GC (Allocation Failure) 2017-04-06T16:06:46.926+0200: 2,248: [ParNew
Desired survivor size 20112992 bytes, new threshold 8 (max 8)
- age   1:   12582008 bytes,   12582008 total
: 87424K->12398K(109248K), 0,0165794 secs] 87424K->12398K(502464K), 0,0166410 secs] [Times: user=0,03 sys=0,02, real=0,01 secs] 
Heap after GC invocations=1 (full 0):
 par new generation   total 109248K, used 12398K [0x00000000e0000000, 0x00000000e8000000, 0x00000000e8000000)
  eden space 87424K,   0% used [0x00000000e0000000, 0x00000000e0000000, 0x00000000e5560000)
  from space 21824K,  56% used [0x00000000e6ab0000, 0x00000000e76cbb90, 0x00000000e8000000)
  to   space 21824K,   0% used [0x00000000e5560000, 0x00000000e5560000, 0x00000000e6ab0000)
 concurrent mark-sweep generation total 393216K, used 0K [0x00000000e8000000, 0x0000000100000000, 0x0000000100000000)
 Metaspace       used 18015K, capacity 18336K, committed 18688K, reserved 1064960K
  class space    used 2036K, capacity 2196K, committed 2304K, reserved 1048576K
}
2017-04-06T16:06:46.943+0200: 2,265: Total time for which application threads were stopped: 0,0170898 seconds, Stopping threads took: 0,0002071 seconds
2017-04-06T16:06:47.293+0200: 2,615: Total time for which application threads were stopped: 0,0003892 seconds, Stopping threads took: 0,0001086 seconds
{Heap before GC invocations=1 (full 0):
 par new generation   total 109248K, used 99822K [0x00000000e0000000, 0x00000000e8000000, 0x00000000e8000000)
  eden space 87424K, 100% used [0x00000000e0000000, 0x00000000e5560000, 0x00000000e5560000)
  from space 21824K,  56% used [0x00000000e6ab0000, 0x00000000e76cbb90, 0x00000000e8000000)
  to   space 21824K,   0% used [0x00000000e5560000, 0x00000000e5560000, 0x00000000e6ab0000)
 concurrent mark-sweep generation total 393216K, used 0K [0x00000000e8000000, 0x0000000100000000, 0x0000000100000000)
 Metaspace       used 20070K, capacity 20424K, committed 20736K, reserved 1067008K
  class space    used 2294K, capacity 2468K, committed 2560K, reserved 1048576K
2017-04-06T16:06:47.344+0200: 2,666: [GC (Allocation Failure) 2017-04-06T16:06:47.344+0200: 2,666: [ParNew
Desired survivor size 20112992 bytes, new threshold 8 (max 8)
- age   1:    3693752 bytes,    3693752 total
- age   2:    6650248 bytes,   10344000 total
: 99822K->13676K(109248K), 0,0178917 secs] 99822K->13676K(502464K), 0,0179678 secs] [Times: user=0,06 sys=0,00, real=0,02 secs] 
Heap after GC invocations=2 (full 0):
 par new generation   total 109248K, used 13676K [0x00000000e0000000, 0x00000000e8000000, 0x00000000e8000000)
  eden space 87424K,   0% used [0x00000000e0000000, 0x00000000e0000000, 0x00000000e5560000)
  from space 21824K,  62% used [0x00000000e5560000, 0x00000000e62bb288, 0x00000000e6ab0000)
  to   space 21824K,   0% used [0x00000000e6ab0000, 0x00000000e6ab0000, 0x00000000e8000000)
 concurrent mark-sweep generation total 393216K, used 0K [0x00000000e8000000, 0x0000000100000000, 0x0000000100000000)
 Metaspace       used 20070K, capacity 20424K, committed 20736K, reserved 1067008K
  class space    used 2294K, capacity 2468K, committed 2560K, reserved 1048576K
}
2017-04-06T16:06:47.362+0200: 2,684: Total time for which application threads were stopped: 0,0188436 seconds, Stopping threads took: 0,0007114 seconds
2017-04-06T16:06:47.366+0200: 2,688: Total time for which application threads were stopped: 0,0005932 seconds, Stopping threads took: 0,0001998 seconds
2017-04-06T16:06:47.410+0200: 2,732: Total time for which application threads were stopped: 0,0004032 seconds, Stopping threads took: 0,0000453 seconds
2017-04-06T16:06:47.529+0200: 2,851: Total time for which application threads were stopped: 0,0001904 seconds, Stopping threads took: 0,0000838 seconds
{Heap before GC invocations=2 (full 0):
 par new generation   total 109248K, used 101071K [0x00000000e0000000, 0x00000000e8000000, 0x00000000e8000000)
  eden space 87424K,  99% used [0x00000000e0000000, 0x00000000e5558ae8, 0x00000000e5560000)
  from space 21824K,  62% used [0x00000000e5560000, 0x00000000e62bb288, 0x00000000e6ab0000)
  to   space 21824K,   0% used [0x00000000e6ab0000, 0x00000000e6ab0000, 0x00000000e8000000)
 concurrent mark-sweep generation total 393216K, used 0K [0x00000000e8000000, 0x0000000100000000, 0x0000000100000000)
 Metaspace       used 21002K, capacity 21346K, committed 21628K, reserved 1069056K
  class space    used 2419K, capacity 2587K, committed 2684K, reserved 1048576K
2017-04-06T16:06:47.566+0200: 2,888: [GC (Allocation Failure) 2017-04-06T16:06:47.566+0200: 2,888: [ParNew
Desired survivor size 20112992 bytes, new threshold 8 (max 8)
- age   1:    2250400 bytes,    2250400 total
- age   2:     879440 bytes,    3129840 total
- age   3:    6646672 bytes,    9776512 total
: 101071K->11483K(109248K), 0,0096358 secs] 101071K->11483K(502464K), 0,0097144 secs] [Times: user=0,03 sys=0,01, real=0,01 secs] 
Heap after GC invocations=3 (full 0):
 par new generation   total 109248K, used 11483K [0x00000000e0000000, 0x00000000e8000000, 0x00000000e8000000)
  eden space 87424K,   0% used [0x00000000e0000000, 0x00000000e0000000, 0x00000000e5560000)
  from space 21824K,  52% used [0x00000000e6ab0000, 0x00000000e75e6f00, 0x00000000e8000000)
  to   space 21824K,   0% used [0x00000000e5560000, 0x00000000e5560000, 0x00000000e6ab0000)
 concurrent mark-sweep generation total 393216K, used 0K [0x00000000e8000000, 0x0000000100000000, 0x0000000100000000)
 Metaspace       used 21002K, capacity 21346K, committed 21628K, reserved 1069056K
  class space    used 2419K, capacity 2587K, committed 2684K, reserved 1048576K
}
2017-04-06T16:06:47.576+0200: 2,898: Total time for which application threads were stopped: 0,0100593 seconds, Stopping threads took: 0,0001998 seconds
2017-04-06T16:06:47.582+0200: 2,904: [GC (CMS Initial Mark) [1 CMS-initial-mark: 0K(393216K)] 15144K(502464K), 0,0039285 secs] [Times: user=0,02 sys=0,00, real=0,00 secs] 
2017-04-06T16:06:47.586+0200: 2,908: Total time for which application threads were stopped: 0,0041004 seconds, Stopping threads took: 0,0000707 seconds
2017-04-06T16:06:47.586+0200: 2,908: [CMS-concurrent-mark-start]
2017-04-06T16:06:47.586+0200: 2,908: [CMS-concurrent-mark: 0,000/0,000 secs] [Times: user=0,00 sys=0,00, real=0,01 secs] 
2017-04-06T16:06:47.586+0200: 2,908: [CMS-concurrent-preclean-start]
2017-04-06T16:06:47.587+0200: 2,909: [CMS-concurrent-preclean: 0,001/0,001 secs] [Times: user=0,00 sys=0,01, real=0,00 secs] 
2017-04-06T16:06:47.587+0200: 2,909: [CMS-concurrent-abortable-preclean-start]
2017-04-06T16:06:47.651+0200: 2,973: Total time for which application threads were stopped: 0,0001371 seconds, Stopping threads took: 0,0000415 seconds
{Heap before GC invocations=3 (full 1):
 par new generation   total 109248K, used 98907K [0x00000000e0000000, 0x00000000e8000000, 0x00000000e8000000)
  eden space 87424K, 100% used [0x00000000e0000000, 0x00000000e5560000, 0x00000000e5560000)
  from space 21824K,  52% used [0x00000000e6ab0000, 0x00000000e75e6f00, 0x00000000e8000000)
  to   space 21824K,   0% used [0x00000000e5560000, 0x00000000e5560000, 0x00000000e6ab0000)
 concurrent mark-sweep generation total 393216K, used 0K [0x00000000e8000000, 0x0000000100000000, 0x0000000100000000)
 Metaspace       used 21271K, capacity 21639K, committed 21884K, reserved 1069056K
  class space    used 2448K, capacity 2605K, committed 2684K, reserved 1048576K
2017-04-06T16:06:47.691+0200: 3,013: [GC (Allocation Failure) 2017-04-06T16:06:47.691+0200: 3,013: [ParNew
Desired survivor size 20112992 bytes, new threshold 8 (max 8)
- age   1:    1230472 bytes,    1230472 total
- age   2:    1452520 bytes,    2682992 total
- age   3:     855840 bytes,    3538832 total
- age   4:    6646720 bytes,   10185552 total
: 98907K->15042K(109248K), 0,0104259 secs] 98907K->15042K(502464K), 0,0104984 secs] [Times: user=0,04 sys=0,00, real=0,01 secs] 
Heap after GC invocations=4 (full 1):
 par new generation   total 109248K, used 15042K [0x00000000e0000000, 0x00000000e8000000, 0x00000000e8000000)
  eden space 87424K,   0% used [0x00000000e0000000, 0x00000000e0000000, 0x00000000e5560000)
  from space 21824K,  68% used [0x00000000e5560000, 0x00000000e6410b58, 0x00000000e6ab0000)
  to   space 21824K,   0% used [0x00000000e6ab0000, 0x00000000e6ab0000, 0x00000000e8000000)
 concurrent mark-sweep generation total 393216K, used 0K [0x00000000e8000000, 0x0000000100000000, 0x0000000100000000)
 Metaspace       used 21271K, capacity 21639K, committed 21884K, reserved 1069056K
  class space    used 2448K, capacity 2605K, committed 2684K, reserved 1048576K
}
2017-04-06T16:06:47.702+0200: 3,024: Total time for which application threads were stopped: 0,0107405 seconds, Stopping threads took: 0,0001007 seconds
2017-04-06T16:06:47.702+0200: 3,024: [CMS-concurrent-abortable-preclean: 0,065/0,115 secs] [Times: user=0,42 sys=0,02, real=0,11 secs] 
2017-04-06T16:06:47.703+0200: 3,025: [GC (CMS Final Remark) [YG occupancy: 17049 K (109248 K)]{Heap before GC invocations=4 (full 1):
 par new generation   total 109248K, used 17049K [0x00000000e0000000, 0x00000000e8000000, 0x00000000e8000000)
  eden space 87424K,   2% used [0x00000000e0000000, 0x00000000e01f5b60, 0x00000000e5560000)
  from space 21824K,  68% used [0x00000000e5560000, 0x00000000e6410b58, 0x00000000e6ab0000)
  to   space 21824K,   0% used [0x00000000e6ab0000, 0x00000000e6ab0000, 0x00000000e8000000)
 concurrent mark-sweep generation total 393216K, used 0K [0x00000000e8000000, 0x0000000100000000, 0x0000000100000000)
 Metaspace       used 21272K, capacity 21639K, committed 21884K, reserved 1069056K
  class space    used 2448K, capacity 2605K, committed 2684K, reserved 1048576K
2017-04-06T16:06:47.703+0200: 3,025: [GC (CMS Final Remark) 2017-04-06T16:06:47.703+0200: 3,025: [ParNew
Desired survivor size 20112992 bytes, new threshold 8 (max 8)
- age   1:     352656 bytes,     352656 total
- age   2:     569608 bytes,     922264 total
- age   3:    1452520 bytes,    2374784 total
- age   4:     855840 bytes,    3230624 total
- age   5:    6646632 bytes,    9877256 total
: 17049K->12747K(109248K), 0,0131341 secs] 17049K->12747K(502464K), 0,0131862 secs] [Times: user=0,05 sys=0,00, real=0,01 secs] 
Heap after GC invocations=5 (full 1):
 par new generation   total 109248K, used 12747K [0x00000000e0000000, 0x00000000e8000000, 0x00000000e8000000)
  eden space 87424K,   0% used [0x00000000e0000000, 0x00000000e0000000, 0x00000000e5560000)
  from space 21824K,  58% used [0x00000000e6ab0000, 0x00000000e7722fe0, 0x00000000e8000000)
  to   space 21824K,   0% used [0x00000000e5560000, 0x00000000e5560000, 0x00000000e6ab0000)
 concurrent mark-sweep generation total 393216K, used 0K [0x00000000e8000000, 0x0000000100000000, 0x0000000100000000)
 Metaspace       used 21272K, capacity 21639K, committed 21884K, reserved 1069056K
  class space    used 2448K, capacity 2605K, committed 2684K, reserved 1048576K
}
2017-04-06T16:06:47.716+0200: 3,038: [Rescan (parallel) , 0,0035395 secs]2017-04-06T16:06:47.720+0200: 3,042: [weak refs processing, 0,0006325 secs]2017-04-06T16:06:47.720+0200: 3,042: [class unloading, 0,0028791 secs]2017-04-06T16:06:47.723+0200: 3,045: [scrub symbol table, 0,0025586 secs]2017-04-06T16:06:47.726+0200: 3,048: [scrub string table, 0,0004153 secs][1 CMS-remark: 0K(393216K)] 12747K(502464K), 0,0239935 secs] [Times: user=0,07 sys=0,00, real=0,03 secs] 
2017-04-06T16:06:47.727+0200: 3,049: Total time for which application threads were stopped: 0,0241891 seconds, Stopping threads took: 0,0000840 seconds
2017-04-06T16:06:47.727+0200: 3,049: [CMS-concurrent-sweep-start]
2017-04-06T16:06:47.727+0200: 3,049: [CMS-concurrent-sweep: 0,000/0,000 secs] [Times: user=0,00 sys=0,00, real=0,00 secs] 
2017-04-06T16:06:47.727+0200: 3,049: [CMS-concurrent-reset-start]
2017-04-06T16:06:47.730+0200: 3,052: [CMS-concurrent-reset: 0,003/0,003 secs] [Times: user=0,00 sys=0,00, real=0,00 secs] 
{Heap before GC invocations=5 (full 1):
 par new generation   total 109248K, used 100171K [0x00000000e0000000, 0x00000000e8000000, 0x00000000e8000000)
  eden space 87424K, 100% used [0x00000000e0000000, 0x00000000e5560000, 0x00000000e5560000)
  from space 21824K,  58% used [0x00000000e6ab0000, 0x00000000e7722fe0, 0x00000000e8000000)
  to   space 21824K,   0% used [0x00000000e5560000, 0x00000000e5560000, 0x00000000e6ab0000)
 concurrent mark-sweep generation total 393216K, used 0K [0x00000000e8000000, 0x0000000100000000, 0x0000000100000000)
 Metaspace       used 21432K, capacity 21811K, committed 21884K, reserved 1069056K
  class space    used 2471K, capacity 2639K, committed 2684K, reserved 1048576K
2017-04-06T16:06:47.827+0200: 3,149: [GC (Allocation Failure) 2017-04-06T16:06:47.827+0200: 3,149: [ParNew
Desired survivor size 20112992 bytes, new threshold 8 (max 8)
- age   1:     674816 bytes,     674816 total
- age   2:        760 bytes,     675576 total
- age   3:     189400 bytes,     864976 total
- age   4:    1452144 bytes,    2317120 total
- age   5:     853824 bytes,    3170944 total
- age   6:    6646496 bytes,    9817440 total
: 100171K->13134K(109248K), 0,0107595 secs] 100171K->13134K(502464K), 0,0108262 secs] [Times: user=0,03 sys=0,00, real=0,00 secs] 
Heap after GC invocations=6 (full 1):
 par new generation   total 109248K, used 13134K [0x00000000e0000000, 0x00000000e8000000, 0x00000000e8000000)
  eden space 87424K,   0% used [0x00000000e0000000, 0x00000000e0000000, 0x00000000e5560000)
  from space 21824K,  60% used [0x00000000e5560000, 0x00000000e6233858, 0x00000000e6ab0000)
  to   space 21824K,   0% used [0x00000000e6ab0000, 0x00000000e6ab0000, 0x00000000e8000000)
 concurrent mark-sweep generation total 393216K, used 0K [0x00000000e8000000, 0x0000000100000000, 0x0000000100000000)
 Metaspace       used 21432K, capacity 21811K, committed 21884K, reserved 1069056K
  class space    used 2471K, capacity 2639K, committed 2684K, reserved 1048576K
}
2017-04-06T16:06:47.838+0200: 3,160: Total time for which application threads were stopped: 0,0111169 seconds, Stopping threads took: 0,0001408 seconds
2017-04-06T16:06:47.866+0200: 3,188: Total time for which application threads were stopped: 0,0003068 seconds, Stopping threads took: 0,0000203 seconds
2017-04-06T16:06:48.083+0200: 3,405: Total time for which application threads were stopped: 0,0004732 seconds, Stopping threads took: 0,0000241 seconds
2017-04-06T16:06:48.100+0200: 3,422: Total time for which application threads were stopped: 0,0003538 seconds, Stopping threads took: 0,0000209 seconds
{Heap before GC invocations=6 (full 1):
 par new generation   total 109248K, used 100558K [0x00000000e0000000, 0x00000000e8000000, 0x00000000e8000000)
  eden space 87424K, 100% used [0x00000000e0000000, 0x00000000e5560000, 0x00000000e5560000)
  from space 21824K,  60% used [0x00000000e5560000, 0x00000000e6233858, 0x00000000e6ab0000)
  to   space 21824K,   0% used [0x00000000e6ab0000, 0x00000000e6ab0000, 0x00000000e8000000)
 concurrent mark-sweep generation total 393216K, used 0K [0x00000000e8000000, 0x0000000100000000, 0x0000000100000000)
 Metaspace       used 23837K, capacity 24243K, committed 24572K, reserved 1071104K
  class space    used 2800K, capacity 2981K, committed 3068K, reserved 1048576K
2017-04-06T16:06:48.266+0200: 3,588: [GC (Allocation Failure) 2017-04-06T16:06:48.266+0200: 3,588: [ParNew
Desired survivor size 20112992 bytes, new threshold 8 (max 8)
- age   1:    5247024 bytes,    5247024 total
- age   2:     124000 bytes,    5371024 total
- age   3:        736 bytes,    5371760 total
- age   4:     188048 bytes,    5559808 total
- age   5:     274608 bytes,    5834416 total
- age   6:     829472 bytes,    6663888 total
- age   7:    6638256 bytes,   13302144 total
: 100558K->15565K(109248K), 0,0223263 secs] 100558K->15565K(502464K), 0,0224009 secs] [Times: user=0,09 sys=0,00, real=0,02 secs] 
Heap after GC invocations=7 (full 1):
 par new generation   total 109248K, used 15565K [0x00000000e0000000, 0x00000000e8000000, 0x00000000e8000000)
  eden space 87424K,   0% used [0x00000000e0000000, 0x00000000e0000000, 0x00000000e5560000)
  from space 21824K,  71% used [0x00000000e6ab0000, 0x00000000e79e3440, 0x00000000e8000000)
  to   space 21824K,   0% used [0x00000000e5560000, 0x00000000e5560000, 0x00000000e6ab0000)
 concurrent mark-sweep generation total 393216K, used 0K [0x00000000e8000000, 0x0000000100000000, 0x0000000100000000)
 Metaspace       used 23837K, capacity 24243K, committed 24572K, reserved 1071104K
  class space    used 2800K, capacity 2981K, committed 3068K, reserved 1048576K
}
2017-04-06T16:06:48.289+0200: 3,611: Total time for which application threads were stopped: 0,0249851 seconds, Stopping threads took: 0,0024091 seconds
{Heap before GC invocations=7 (full 1):
 par new generation   total 109248K, used 102989K [0x00000000e0000000, 0x00000000e8000000, 0x00000000e8000000)
  eden space 87424K, 100% used [0x00000000e0000000, 0x00000000e5560000, 0x00000000e5560000)
  from space 21824K,  71% used [0x00000000e6ab0000, 0x00000000e79e3440, 0x00000000e8000000)
  to   space 21824K,   0% used [0x00000000e5560000, 0x00000000e5560000, 0x00000000e6ab0000)
 concurrent mark-sweep generation total 393216K, used 0K [0x00000000e8000000, 0x0000000100000000, 0x0000000100000000)
 Metaspace       used 24303K, capacity 24819K, committed 25084K, reserved 1071104K
  class space    used 2850K, capacity 3045K, committed 3068K, reserved 1048576K
2017-04-06T16:06:48.395+0200: 3,717: [GC (Allocation Failure) 2017-04-06T16:06:48.395+0200: 3,717: [ParNew
Desired survivor size 20112992 bytes, new threshold 8 (max 8)
- age   1:    1815080 bytes,    1815080 total
- age   2:    1806488 bytes,    3621568 total
- age   3:      62408 bytes,    3683976 total
- age   5:     106456 bytes,    3790432 total
- age   6:     184000 bytes,    3974432 total
- age   7:     779136 bytes,    4753568 total
- age   8:    6105336 bytes,   10858904 total
: 102989K->19145K(109248K), 0,0224668 secs] 102989K->19145K(502464K), 0,0225614 secs] [Times: user=0,06 sys=0,00, real=0,02 secs] 
Heap after GC invocations=8 (full 1):
 par new generation   total 109248K, used 19145K [0x00000000e0000000, 0x00000000e8000000, 0x00000000e8000000)
  eden space 87424K,   0% used [0x00000000e0000000, 0x00000000e0000000, 0x00000000e5560000)
  from space 21824K,  87% used [0x00000000e5560000, 0x00000000e68124e0, 0x00000000e6ab0000)
  to   space 21824K,   0% used [0x00000000e6ab0000, 0x00000000e6ab0000, 0x00000000e8000000)
 concurrent mark-sweep generation total 393216K, used 0K [0x00000000e8000000, 0x0000000100000000, 0x0000000100000000)
 Metaspace       used 24303K, capacity 24819K, committed 25084K, reserved 1071104K
  class space    used 2850K, capacity 3045K, committed 3068K, reserved 1048576K
}
2017-04-06T16:06:48.418+0200: 3,740: Total time for which application threads were stopped: 0,0237340 seconds, Stopping threads took: 0,0009537 seconds
{Heap before GC invocations=8 (full 1):
 par new generation   total 109248K, used 106569K [0x00000000e0000000, 0x00000000e8000000, 0x00000000e8000000)
  eden space 87424K, 100% used [0x00000000e0000000, 0x00000000e5560000, 0x00000000e5560000)
  from space 21824K,  87% used [0x00000000e5560000, 0x00000000e68124e0, 0x00000000e6ab0000)
  to   space 21824K,   0% used [0x00000000e6ab0000, 0x00000000e6ab0000, 0x00000000e8000000)
 concurrent mark-sweep generation total 393216K, used 0K [0x00000000e8000000, 0x0000000100000000, 0x0000000100000000)
 Metaspace       used 24517K, capacity 24979K, committed 25084K, reserved 1071104K
  class space    used 2868K, capacity 3051K, committed 3068K, reserved 1048576K
2017-04-06T16:06:48.510+0200: 3,832: [GC (Allocation Failure) 2017-04-06T16:06:48.510+0200: 3,832: [ParNew
Desired survivor size 20112992 bytes, new threshold 8 (max 8)
- age   1:     547864 bytes,     547864 total
- age   2:    1003360 bytes,    1551224 total
- age   3:    1784224 bytes,    3335448 total
- age   4:      62376 bytes,    3397824 total
- age   6:     106184 bytes,    3504008 total
- age   7:     181200 bytes,    3685208 total
- age   8:     778336 bytes,    4463544 total
: 106569K->7085K(109248K), 0,0324028 secs] 106569K->13129K(502464K), 0,0324735 secs] [Times: user=0,10 sys=0,00, real=0,03 secs] 
Heap after GC invocations=9 (full 1):
 par new generation   total 109248K, used 7085K [0x00000000e0000000, 0x00000000e8000000, 0x00000000e8000000)
  eden space 87424K,   0% used [0x00000000e0000000, 0x00000000e0000000, 0x00000000e5560000)
  from space 21824K,  32% used [0x00000000e6ab0000, 0x00000000e719b410, 0x00000000e8000000)
  to   space 21824K,   0% used [0x00000000e5560000, 0x00000000e5560000, 0x00000000e6ab0000)
 concurrent mark-sweep generation total 393216K, used 6044K [0x00000000e8000000, 0x0000000100000000, 0x0000000100000000)
 Metaspace       used 24517K, capacity 24979K, committed 25084K, reserved 1071104K
  class space    used 2868K, capacity 3051K, committed 3068K, reserved 1048576K
}
2017-04-06T16:06:48.542+0200: 3,864: Total time for which application threads were stopped: 0,0327155 seconds, Stopping threads took: 0,0000630 seconds
2017-04-06T16:06:48.732+0200: 4,054: Total time for which application threads were stopped: 0,0004832 seconds, Stopping threads took: 0,0000325 seconds
2017-04-06T16:06:48.749+0200: 4,071: Total time for which application threads were stopped: 0,0001683 seconds, Stopping threads took: 0,0000471 seconds
2017-04-06T16:06:48.750+0200: 4,072: Total time for which application threads were stopped: 0,0001024 seconds, Stopping threads took: 0,0000233 seconds
2017-04-06T16:06:48.755+0200: 4,077: Total time for which application threads were stopped: 0,0007886 seconds, Stopping threads took: 0,0006303 seconds
2017-04-06T16:06:48.755+0200: 4,077: Total time for which application threads were stopped: 0,0001304 seconds, Stopping threads took: 0,0000299 seconds
2017-04-06T16:06:48.755+0200: 4,077: Total time for which application threads were stopped: 0,0001073 seconds, Stopping threads took: 0,0000259 seconds
2017-04-06T16:06:48.757+0200: 4,079: Total time for which application threads were stopped: 0,0001379 seconds, Stopping threads took: 0,0000463 seconds
2017-04-06T16:06:48.759+0200: 4,081: Total time for which application threads were stopped: 0,0001133 seconds, Stopping threads took: 0,0000327 seconds
2017-04-06T16:06:48.766+0200: 4,088: Total time for which application threads were stopped: 0,0040141 seconds, Stopping threads took: 0,0039381 seconds
2017-04-06T16:06:48.767+0200: 4,089: Total time for which application threads were stopped: 0,0000914 seconds, Stopping threads took: 0,0000155 seconds
2017-04-06T16:06:48.767+0200: 4,089: Total time for which application threads were stopped: 0,0000853 seconds, Stopping threads took: 0,0000196 seconds
2017-04-06T16:06:48.767+0200: 4,089: Total time for which application threads were stopped: 0,0003415 seconds, Stopping threads took: 0,0002731 seconds
2017-04-06T16:06:48.767+0200: 4,089: Total time for which application threads were stopped: 0,0000782 seconds, Stopping threads took: 0,0000119 seconds
2017-04-06T16:06:48.768+0200: 4,090: Total time for which application threads were stopped: 0,0000799 seconds, Stopping threads took: 0,0000248 seconds
2017-04-06T16:06:48.768+0200: 4,090: Total time for which application threads were stopped: 0,0000735 seconds, Stopping threads took: 0,0000247 seconds
2017-04-06T16:06:48.768+0200: 4,090: Total time for which application threads were stopped: 0,0000574 seconds, Stopping threads took: 0,0000096 seconds
2017-04-06T16:06:48.768+0200: 4,090: Total time for which application threads were stopped: 0,0000826 seconds, Stopping threads took: 0,0000288 seconds
2017-04-06T16:06:48.768+0200: 4,090: Total time for which application threads were stopped: 0,0000505 seconds, Stopping threads took: 0,0000110 seconds
2017-04-06T16:06:48.769+0200: 4,091: Total time for which application threads were stopped: 0,0000609 seconds, Stopping threads took: 0,0000176 seconds
2017-04-06T16:06:48.769+0200: 4,091: Total time for which application threads were stopped: 0,0000708 seconds, Stopping threads took: 0,0000245 seconds
2017-04-06T16:06:48.769+0200: 4,091: Total time for which application threads were stopped: 0,0001200 seconds, Stopping threads took: 0,0000140 seconds
2017-04-06T16:06:48.789+0200: 4,111: Total time for which application threads were stopped: 0,0001331 seconds, Stopping threads took: 0,0000454 seconds
2017-04-06T16:06:48.790+0200: 4,112: Total time for which application threads were stopped: 0,0015252 seconds, Stopping threads took: 0,0014693 seconds
2017-04-06T16:06:48.790+0200: 4,112: Total time for which application threads were stopped: 0,0000776 seconds, Stopping threads took: 0,0000226 seconds
2017-04-06T16:06:48.791+0200: 4,113: Total time for which application threads were stopped: 0,0000706 seconds, Stopping threads took: 0,0000205 seconds
2017-04-06T16:06:48.791+0200: 4,113: Total time for which application threads were stopped: 0,0000725 seconds, Stopping threads took: 0,0000087 seconds
2017-04-06T16:06:48.792+0200: 4,114: Total time for which application threads were stopped: 0,0000948 seconds, Stopping threads took: 0,0000227 seconds
2017-04-06T16:06:48.792+0200: 4,114: Total time for which application threads were stopped: 0,0000696 seconds, Stopping threads took: 0,0000152 seconds
2017-04-06T16:06:48.792+0200: 4,114: Total time for which application threads were stopped: 0,0000505 seconds, Stopping threads took: 0,0000114 seconds
2017-04-06T16:06:48.792+0200: 4,114: Total time for which application threads were stopped: 0,0000681 seconds, Stopping threads took: 0,0000098 seconds
2017-04-06T16:06:48.792+0200: 4,114: Total time for which application threads were stopped: 0,0000534 seconds, Stopping threads took: 0,0000188 seconds
2017-04-06T16:06:48.792+0200: 4,114: Total time for which application threads were stopped: 0,0000584 seconds, Stopping threads took: 0,0000104 seconds
2017-04-06T16:06:48.792+0200: 4,114: Total time for which application threads were stopped: 0,0000453 seconds, Stopping threads took: 0,0000082 seconds
2017-04-06T16:06:48.792+0200: 4,114: Total time for which application threads were stopped: 0,0000593 seconds, Stopping threads took: 0,0000180 seconds
2017-04-06T16:06:48.792+0200: 4,114: Total time for which application threads were stopped: 0,0000454 seconds, Stopping threads took: 0,0000104 seconds
2017-04-06T16:06:48.793+0200: 4,115: Total time for which application threads were stopped: 0,0000568 seconds, Stopping threads took: 0,0000084 seconds
2017-04-06T16:06:48.793+0200: 4,115: Total time for which application threads were stopped: 0,0000599 seconds, Stopping threads took: 0,0000197 seconds
2017-04-06T16:06:48.793+0200: 4,115: Total time for which application threads were stopped: 0,0000421 seconds, Stopping threads took: 0,0000100 seconds
2017-04-06T16:06:48.793+0200: 4,115: Total time for which application threads were stopped: 0,0000791 seconds, Stopping threads took: 0,0000289 seconds
2017-04-06T16:06:48.793+0200: 4,115: Total time for which application threads were stopped: 0,0000487 seconds, Stopping threads took: 0,0000087 seconds
2017-04-06T16:06:48.793+0200: 4,115: Total time for which application threads were stopped: 0,0001268 seconds, Stopping threads took: 0,0000158 seconds
2017-04-06T16:06:48.798+0200: 4,120: Total time for which application threads were stopped: 0,0007845 seconds, Stopping threads took: 0,0006530 seconds
2017-04-06T16:06:48.819+0200: 4,141: Total time for which application threads were stopped: 0,0006515 seconds, Stopping threads took: 0,0005337 seconds
2017-04-06T16:06:48.820+0200: 4,142: Total time for which application threads were stopped: 0,0001020 seconds, Stopping threads took: 0,0000210 seconds
2017-04-06T16:06:48.830+0200: 4,152: Total time for which application threads were stopped: 0,0001669 seconds, Stopping threads took: 0,0000445 seconds
2017-04-06T16:06:48.831+0200: 4,153: Total time for which application threads were stopped: 0,0001240 seconds, Stopping threads took: 0,0000348 seconds
2017-04-06T16:06:48.860+0200: 4,182: Total time for which application threads were stopped: 0,0004892 seconds, Stopping threads took: 0,0003551 seconds
2017-04-06T16:06:48.882+0200: 4,204: Total time for which application threads were stopped: 0,0001462 seconds, Stopping threads took: 0,0000472 seconds
2017-04-06T16:06:48.953+0200: 4,275: Total time for which application threads were stopped: 0,0005321 seconds, Stopping threads took: 0,0000429 seconds
2017-04-06T16:06:48.972+0200: 4,294: Total time for which application threads were stopped: 0,0004236 seconds, Stopping threads took: 0,0000463 seconds
2017-04-06T16:06:49.030+0200: 4,352: Total time for which application threads were stopped: 0,0004762 seconds, Stopping threads took: 0,0000478 seconds
2017-04-06T16:06:49.038+0200: 4,360: Total time for which application threads were stopped: 0,0016200 seconds, Stopping threads took: 0,0015165 seconds
2017-04-06T16:06:49.056+0200: 4,378: Total time for which application threads were stopped: 0,0001375 seconds, Stopping threads took: 0,0000421 seconds
2017-04-06T16:06:49.056+0200: 4,379: Total time for which application threads were stopped: 0,0002037 seconds, Stopping threads took: 0,0001337 seconds
2017-04-06T16:06:49.070+0200: 4,392: Total time for which application threads were stopped: 0,0035044 seconds, Stopping threads took: 0,0034048 seconds
2017-04-06T16:06:49.073+0200: 4,395: Total time for which application threads were stopped: 0,0001495 seconds, Stopping threads took: 0,0000557 seconds
2017-04-06T16:06:49.074+0200: 4,396: Total time for which application threads were stopped: 0,0001264 seconds, Stopping threads took: 0,0000366 seconds
2017-04-06T16:06:49.081+0200: 4,403: Total time for which application threads were stopped: 0,0001194 seconds, Stopping threads took: 0,0000477 seconds
2017-04-06T16:06:49.087+0200: 4,409: Total time for which application threads were stopped: 0,0002226 seconds, Stopping threads took: 0,0001413 seconds
2017-04-06T16:06:49.090+0200: 4,412: Total time for which application threads were stopped: 0,0009723 seconds, Stopping threads took: 0,0008764 seconds
2017-04-06T16:06:49.095+0200: 4,417: Total time for which application threads were stopped: 0,0001043 seconds, Stopping threads took: 0,0000222 seconds
2017-04-06T16:06:49.095+0200: 4,418: Total time for which application threads were stopped: 0,0001198 seconds, Stopping threads took: 0,0000332 seconds
2017-04-06T16:06:49.105+0200: 4,427: Total time for which application threads were stopped: 0,0002013 seconds, Stopping threads took: 0,0000980 seconds
2017-04-06T16:06:49.115+0200: 4,437: Total time for which application threads were stopped: 0,0002808 seconds, Stopping threads took: 0,0001824 seconds
2017-04-06T16:06:49.118+0200: 4,440: Total time for which application threads were stopped: 0,0001475 seconds, Stopping threads took: 0,0000662 seconds
2017-04-06T16:06:49.138+0200: 4,460: Total time for which application threads were stopped: 0,0041507 seconds, Stopping threads took: 0,0040608 seconds
2017-04-06T16:06:49.148+0200: 4,470: Total time for which application threads were stopped: 0,0001481 seconds, Stopping threads took: 0,0000415 seconds
2017-04-06T16:06:49.149+0200: 4,471: Total time for which application threads were stopped: 0,0001168 seconds, Stopping threads took: 0,0000325 seconds
2017-04-06T16:06:49.151+0200: 4,473: Total time for which application threads were stopped: 0,0002353 seconds, Stopping threads took: 0,0001577 seconds
2017-04-06T16:06:49.162+0200: 4,484: Total time for which application threads were stopped: 0,0001244 seconds, Stopping threads took: 0,0000295 seconds
2017-04-06T16:06:49.163+0200: 4,485: Total time for which application threads were stopped: 0,0003646 seconds, Stopping threads took: 0,0000267 seconds
2017-04-06T16:06:49.168+0200: 4,490: Total time for which application threads were stopped: 0,0002663 seconds, Stopping threads took: 0,0001868 seconds
2017-04-06T16:06:50.168+0200: 5,490: Total time for which application threads were stopped: 0,0000779 seconds, Stopping threads took: 0,0000190 seconds
2017-04-06T16:06:52.168+0200: 7,491: Total time for which application threads were stopped: 0,0000846 seconds, Stopping threads took: 0,0000202 seconds
2017-04-06T16:08:42.180+0200: 117,502: Total time for which application threads were stopped: 0,0001033 seconds, Stopping threads took: 0,0000395 seconds
2017-04-06T16:08:47.180+0200: 122,502: Total time for which application threads were stopped: 0,0001239 seconds, Stopping threads took: 0,0000179 seconds
{Heap before GC invocations=9 (full 1):
 par new generation   total 109248K, used 94509K [0x00000000e0000000, 0x00000000e8000000, 0x00000000e8000000)
  eden space 87424K, 100% used [0x00000000e0000000, 0x00000000e5560000, 0x00000000e5560000)
  from space 21824K,  32% used [0x00000000e6ab0000, 0x00000000e719b410, 0x00000000e8000000)
  to   space 21824K,   0% used [0x00000000e5560000, 0x00000000e5560000, 0x00000000e6ab0000)
 concurrent mark-sweep generation total 393216K, used 6044K [0x00000000e8000000, 0x0000000100000000, 0x0000000100000000)
 Metaspace       used 28073K, capacity 28561K, committed 28796K, reserved 1075200K
  class space    used 3215K, capacity 3388K, committed 3452K, reserved 1048576K
2017-04-06T16:09:40.762+0200: 176,084: [GC (Allocation Failure) 2017-04-06T16:09:40.762+0200: 176,084: [ParNew
Desired survivor size 20112992 bytes, new threshold 8 (max 8)
- age   1:   11495752 bytes,   11495752 total
- age   2:     192608 bytes,   11688360 total
- age   3:     217472 bytes,   11905832 total
- age   4:    1778760 bytes,   13684592 total
- age   5:      59864 bytes,   13744456 total
- age   7:     105992 bytes,   13850448 total
- age   8:     180672 bytes,   14031120 total
: 94509K->14608K(109248K), 0,0146734 secs] 100553K->21502K(502464K), 0,0147740 secs] [Times: user=0,04 sys=0,00, real=0,01 secs] 
Heap after GC invocations=10 (full 1):
 par new generation   total 109248K, used 14608K [0x00000000e0000000, 0x00000000e8000000, 0x00000000e8000000)
  eden space 87424K,   0% used [0x00000000e0000000, 0x00000000e0000000, 0x00000000e5560000)
  from space 21824K,  66% used [0x00000000e5560000, 0x00000000e63a4200, 0x00000000e6ab0000)
  to   space 21824K,   0% used [0x00000000e6ab0000, 0x00000000e6ab0000, 0x00000000e8000000)
 concurrent mark-sweep generation total 393216K, used 6893K [0x00000000e8000000, 0x0000000100000000, 0x0000000100000000)
 Metaspace       used 28073K, capacity 28561K, committed 28796K, reserved 1075200K
  class space    used 3215K, capacity 3388K, committed 3452K, reserved 1048576K
}
2017-04-06T16:09:40.777+0200: 176,099: Total time for which application threads were stopped: 0,0150279 seconds, Stopping threads took: 0,0000816 seconds
2017-04-06T16:09:40.778+0200: 176,100: Total time for which application threads were stopped: 0,0000912 seconds, Stopping threads took: 0,0000288 seconds
2017-04-06T16:09:40.778+0200: 176,100: Total time for which application threads were stopped: 0,0000625 seconds, Stopping threads took: 0,0000267 seconds
2017-04-06T16:09:45.779+0200: 181,101: Total time for which application threads were stopped: 0,0000696 seconds, Stopping threads took: 0,0000163 seconds
2017-04-06T16:09:46.779+0200: 182,101: Total time for which application threads were stopped: 0,0000654 seconds, Stopping threads took: 0,0000156 seconds
2017-04-06T16:17:31.829+0200: 647,151: Total time for which application threads were stopped: 0,0001247 seconds, Stopping threads took: 0,0000463 seconds
2017-04-06T16:22:51.866+0200: 967,188: Total time for which application threads were stopped: 0,0000894 seconds, Stopping threads took: 0,0000331 seconds
2017-04-06T16:30:10.914+0200: 1406,236: Total time for which application threads were stopped: 0,0000758 seconds, Stopping threads took: 0,0000275 seconds
2017-04-06T16:34:55.948+0200: 1691,270: Total time for which application threads were stopped: 0,0000937 seconds, Stopping threads took: 0,0000371 seconds
2017-04-06T16:45:02.033+0200: 2297,355: Total time for which application threads were stopped: 0,0000916 seconds, Stopping threads took: 0,0000356 seconds
2017-04-06T16:45:06.033+0200: 2301,355: Total time for which application threads were stopped: 0,0000928 seconds, Stopping threads took: 0,0000363 seconds
2017-04-06T16:45:07.034+0200: 2302,356: Total time for which application threads were stopped: 0,0000745 seconds, Stopping threads took: 0,0000169 seconds
2017-04-06T17:00:02.170+0200: 3197,492: Total time for which application threads were stopped: 0,0001093 seconds, Stopping threads took: 0,0000429 seconds
2017-04-06T17:00:47.177+0200: 3242,499: Total time for which application threads were stopped: 0,0001675 seconds, Stopping threads took: 0,0000578 seconds
2017-04-06T17:10:56.259+0200: 3851,581: Total time for which application threads were stopped: 0,0001027 seconds, Stopping threads took: 0,0000350 seconds
2017-04-06T17:11:01.260+0200: 3856,582: Total time for which application threads were stopped: 0,0000768 seconds, Stopping threads took: 0,0000167 seconds
2017-04-06T17:20:42.333+0200: 4437,655: Total time for which application threads were stopped: 0,0000995 seconds, Stopping threads took: 0,0000394 seconds
2017-04-06T17:24:42.362+0200: 4677,684: Total time for which application threads were stopped: 0,0000893 seconds, Stopping threads took: 0,0000331 seconds
2017-04-06T17:56:37.590+0200: 6592,912: Total time for which application threads were stopped: 0,0000918 seconds, Stopping threads took: 0,0000355 seconds
2017-04-06T18:08:46.679+0200: 7322,001: Total time for which application threads were stopped: 0,0001701 seconds, Stopping threads took: 0,0000650 seconds
2017-04-06T18:14:46.716+0200: 7682,038: Total time for which application threads were stopped: 0,0000830 seconds, Stopping threads took: 0,0000306 seconds
2017-04-06T19:19:17.263+0200: 11552,585: Total time for which application threads were stopped: 0,0001772 seconds, Stopping threads took: 0,0000601 seconds
2017-04-06T20:22:46.849+0200: 15362,171: Total time for which application threads were stopped: 0,0002068 seconds, Stopping threads took: 0,0000746 seconds
2017-04-06T20:34:46.963+0200: 16082,285: Total time for which application threads were stopped: 0,0001842 seconds, Stopping threads took: 0,0000686 seconds
2017-04-06T23:07:46.995+0200: 25262,317: Total time for which application threads were stopped: 0,0000958 seconds, Stopping threads took: 0,0000286 seconds
2017-04-07T00:04:45.370+0200: 28672,267: Total time for which application threads were stopped: 0,0048453 seconds, Stopping threads took: 0,0047324 seconds
2017-04-07T00:04:45.370+0200: 28672,267: Total time for which application threads were stopped: 0,0000739 seconds, Stopping threads took: 0,0000224 seconds
2017-04-07T00:04:45.374+0200: 28672,271: Total time for which application threads were stopped: 0,0001140 seconds, Stopping threads took: 0,0000315 seconds
2017-04-07T00:04:45.375+0200: 28672,272: Total time for which application threads were stopped: 0,0001783 seconds, Stopping threads took: 0,0000355 seconds
2017-04-07T00:04:45.376+0200: 28672,273: Total time for which application threads were stopped: 0,0001034 seconds, Stopping threads took: 0,0000232 seconds
2017-04-07T00:04:45.377+0200: 28672,274: Total time for which application threads were stopped: 0,0000797 seconds, Stopping threads took: 0,0000176 seconds
2017-04-07T00:04:45.377+0200: 28672,274: Total time for which application threads were stopped: 0,0000454 seconds, Stopping threads took: 0,0000113 seconds
2017-04-07T00:04:45.377+0200: 28672,274: Total time for which application threads were stopped: 0,0000509 seconds, Stopping threads took: 0,0000157 seconds
2017-04-07T00:04:45.383+0200: 28672,280: Total time for which application threads were stopped: 0,0000954 seconds, Stopping threads took: 0,0000187 seconds
2017-04-07T00:04:45.386+0200: 28672,283: Total time for which application threads were stopped: 0,0000987 seconds, Stopping threads took: 0,0000174 seconds
2017-04-07T00:04:45.386+0200: 28672,283: Total time for which application threads were stopped: 0,0000573 seconds, Stopping threads took: 0,0000174 seconds
2017-04-07T00:04:45.386+0200: 28672,283: Total time for which application threads were stopped: 0,0000503 seconds, Stopping threads took: 0,0000132 seconds
2017-04-07T00:04:45.386+0200: 28672,283: Total time for which application threads were stopped: 0,0000568 seconds, Stopping threads took: 0,0000141 seconds
2017-04-07T00:04:45.386+0200: 28672,283: Total time for which application threads were stopped: 0,0000476 seconds, Stopping threads took: 0,0000140 seconds
2017-04-07T00:04:45.386+0200: 28672,283: Total time for which application threads were stopped: 0,0000470 seconds, Stopping threads took: 0,0000144 seconds
2017-04-07T00:04:45.386+0200: 28672,284: Total time for which application threads were stopped: 0,0000465 seconds, Stopping threads took: 0,0000127 seconds
2017-04-07T00:04:45.387+0200: 28672,284: Total time for which application threads were stopped: 0,0000440 seconds, Stopping threads took: 0,0000120 seconds
2017-04-07T00:04:45.387+0200: 28672,284: Total time for which application threads were stopped: 0,0000437 seconds, Stopping threads took: 0,0000117 seconds
2017-04-07T00:04:45.387+0200: 28672,284: Total time for which application threads were stopped: 0,0000458 seconds, Stopping threads took: 0,0000121 seconds
2017-04-07T00:04:45.387+0200: 28672,284: Total time for which application threads were stopped: 0,0000447 seconds, Stopping threads took: 0,0000110 seconds
2017-04-07T00:04:45.387+0200: 28672,284: Total time for which application threads were stopped: 0,0000468 seconds, Stopping threads took: 0,0000122 seconds
2017-04-07T00:04:45.387+0200: 28672,284: Total time for which application threads were stopped: 0,0000474 seconds, Stopping threads took: 0,0000149 seconds
2017-04-07T00:04:45.387+0200: 28672,284: Total time for which application threads were stopped: 0,0000378 seconds, Stopping threads took: 0,0000046 seconds
2017-04-07T00:04:45.387+0200: 28672,284: Total time for which application threads were stopped: 0,0003832 seconds, Stopping threads took: 0,0000123 seconds
2017-04-07T00:04:45.402+0200: 28672,299: Total time for which application threads were stopped: 0,0001578 seconds, Stopping threads took: 0,0000726 seconds
2017-04-07T00:04:45.402+0200: 28672,299: Total time for which application threads were stopped: 0,0000573 seconds, Stopping threads took: 0,0000152 seconds
2017-04-07T00:04:45.402+0200: 28672,299: Total time for which application threads were stopped: 0,0000494 seconds, Stopping threads took: 0,0000156 seconds
2017-04-07T00:04:45.402+0200: 28672,299: Total time for which application threads were stopped: 0,0000456 seconds, Stopping threads took: 0,0000137 seconds
2017-04-07T00:04:45.402+0200: 28672,299: Total time for which application threads were stopped: 0,0000422 seconds, Stopping threads took: 0,0000116 seconds
2017-04-07T00:04:45.402+0200: 28672,299: Total time for which application threads were stopped: 0,0000432 seconds, Stopping threads took: 0,0000117 seconds
2017-04-07T00:04:45.402+0200: 28672,299: Total time for which application threads were stopped: 0,0000437 seconds, Stopping threads took: 0,0000116 seconds
2017-04-07T00:04:45.402+0200: 28672,299: Total time for which application threads were stopped: 0,0000433 seconds, Stopping threads took: 0,0000112 seconds
2017-04-07T00:04:45.402+0200: 28672,299: Total time for which application threads were stopped: 0,0000455 seconds, Stopping threads took: 0,0000118 seconds
2017-04-07T00:04:45.402+0200: 28672,299: Total time for which application threads were stopped: 0,0000436 seconds, Stopping threads took: 0,0000118 seconds
2017-04-07T00:04:45.416+0200: 28672,313: Total time for which application threads were stopped: 0,0001364 seconds, Stopping threads took: 0,0000408 seconds
2017-04-07T00:04:45.416+0200: 28672,313: Total time for which application threads were stopped: 0,0000778 seconds, Stopping threads took: 0,0000195 seconds
2017-04-07T00:04:45.416+0200: 28672,313: Total time for which application threads were stopped: 0,0000853 seconds, Stopping threads took: 0,0000186 seconds
2017-04-07T00:04:45.416+0200: 28672,313: Total time for which application threads were stopped: 0,0000643 seconds, Stopping threads took: 0,0000153 seconds
2017-04-07T00:04:45.416+0200: 28672,313: Total time for which application threads were stopped: 0,0000563 seconds, Stopping threads took: 0,0000138 seconds
2017-04-07T00:04:45.416+0200: 28672,314: Total time for which application threads were stopped: 0,0000609 seconds, Stopping threads took: 0,0000185 seconds
2017-04-07T00:04:45.420+0200: 28672,317: Total time for which application threads were stopped: 0,0001080 seconds, Stopping threads took: 0,0000332 seconds
2017-04-07T00:04:45.421+0200: 28672,318: Total time for which application threads were stopped: 0,0001075 seconds, Stopping threads took: 0,0000330 seconds
2017-04-07T00:04:45.422+0200: 28672,319: Total time for which application threads were stopped: 0,0001137 seconds, Stopping threads took: 0,0000272 seconds
2017-04-07T00:04:45.422+0200: 28672,319: Total time for which application threads were stopped: 0,0000807 seconds, Stopping threads took: 0,0000213 seconds
2017-04-07T00:04:45.423+0200: 28672,320: Total time for which application threads were stopped: 0,0000630 seconds, Stopping threads took: 0,0000164 seconds
2017-04-07T00:04:45.423+0200: 28672,320: Total time for which application threads were stopped: 0,0000749 seconds, Stopping threads took: 0,0000257 seconds
2017-04-07T00:04:45.424+0200: 28672,321: Total time for which application threads were stopped: 0,0001041 seconds, Stopping threads took: 0,0000353 seconds
2017-04-07T00:04:45.424+0200: 28672,322: Total time for which application threads were stopped: 0,0000582 seconds, Stopping threads took: 0,0000147 seconds
2017-04-07T00:04:45.431+0200: 28672,328: Total time for which application threads were stopped: 0,0000927 seconds, Stopping threads took: 0,0000172 seconds
2017-04-07T00:04:45.431+0200: 28672,328: Total time for which application threads were stopped: 0,0000542 seconds, Stopping threads took: 0,0000142 seconds
2017-04-07T00:04:45.432+0200: 28672,329: Total time for which application threads were stopped: 0,0000721 seconds, Stopping threads took: 0,0000214 seconds
2017-04-07T00:04:45.432+0200: 28672,329: Total time for which application threads were stopped: 0,0000399 seconds, Stopping threads took: 0,0000061 seconds
2017-04-07T00:04:45.432+0200: 28672,329: Total time for which application threads were stopped: 0,0000423 seconds, Stopping threads took: 0,0000114 seconds
2017-04-07T00:04:45.432+0200: 28672,329: Total time for which application threads were stopped: 0,0000419 seconds, Stopping threads took: 0,0000118 seconds
2017-04-07T00:04:45.432+0200: 28672,329: Total time for which application threads were stopped: 0,0000449 seconds, Stopping threads took: 0,0000139 seconds
2017-04-07T00:04:45.432+0200: 28672,330: Total time for which application threads were stopped: 0,0000570 seconds, Stopping threads took: 0,0000172 seconds
2017-04-07T00:04:45.433+0200: 28672,330: Total time for which application threads were stopped: 0,0000440 seconds, Stopping threads took: 0,0000125 seconds
2017-04-07T00:04:45.433+0200: 28672,330: Total time for which application threads were stopped: 0,0001862 seconds, Stopping threads took: 0,0000174 seconds
2017-04-07T00:04:45.439+0200: 28672,336: Total time for which application threads were stopped: 0,0001048 seconds, Stopping threads took: 0,0000221 seconds
2017-04-07T00:04:45.440+0200: 28672,337: Total time for which application threads were stopped: 0,0001085 seconds, Stopping threads took: 0,0000276 seconds
2017-04-07T00:04:45.442+0200: 28672,339: Total time for which application threads were stopped: 0,0001055 seconds, Stopping threads took: 0,0000329 seconds
2017-04-07T00:04:45.442+0200: 28672,339: Total time for which application threads were stopped: 0,0000721 seconds, Stopping threads took: 0,0000206 seconds
2017-04-07T00:04:45.443+0200: 28672,340: Total time for which application threads were stopped: 0,0001384 seconds, Stopping threads took: 0,0000550 seconds
2017-04-07T00:04:45.452+0200: 28672,349: Total time for which application threads were stopped: 0,0002423 seconds, Stopping threads took: 0,0000300 seconds
2017-04-07T00:04:45.454+0200: 28672,351: Total time for which application threads were stopped: 0,0001432 seconds, Stopping threads took: 0,0000483 seconds
2017-04-07T00:04:45.458+0200: 28672,355: Total time for which application threads were stopped: 0,0003483 seconds, Stopping threads took: 0,0000295 seconds
2017-04-07T00:04:45.459+0200: 28672,356: Total time for which application threads were stopped: 0,0001245 seconds, Stopping threads took: 0,0000265 seconds
Heap
 par new generation   total 109248K, used 35719K [0x00000000e0000000, 0x00000000e8000000, 0x00000000e8000000)
  eden space 87424K,  24% used [0x00000000e0000000, 0x00000000e149dd68, 0x00000000e5560000)
  from space 21824K,  66% used [0x00000000e5560000, 0x00000000e63a4200, 0x00000000e6ab0000)
  to   space 21824K,   0% used [0x00000000e6ab0000, 0x00000000e6ab0000, 0x00000000e8000000)
 concurrent mark-sweep generation total 393216K, used 6893K [0x00000000e8000000, 0x0000000100000000, 0x0000000100000000)
 Metaspace       used 28236K, capacity 28857K, committed 29052K, reserved 1075200K
  class space    used 3229K, capacity 3422K, committed 3452K, reserved 1048576K
