OpenJDK 64-Bit Server VM (25.111-b14) for linux-amd64 JRE (1.8.0_111-8u111-b14-2ubuntu0.16.04.2-b14), built on Oct 27 2016 18:10:19 by "buildd" with gcc 5.4.0 20160609
Memory: 4k page, physical 7867804k(7513472k free), swap 8076284k(8076284k free)
CommandLine flags: -XX:CMSInitiatingOccupancyFraction=50 -XX:CMSMaxAbortablePrecleanTime=6000 -XX:+CMSParallelRemarkEnabled -XX:+CMSScavengeBeforeRemark -XX:ConcGCThreads=4 -XX:InitialHeapSize=536870912 -XX:MaxHeapSize=536870912 -XX:MaxTenuringThreshold=8 -XX:NewRatio=3 -XX:OldPLABSize=16 -XX:OnOutOfMemoryError=/opt/solr/bin/oom_solr.sh 8983 /var/solr/logs -XX:ParallelGCThreads=4 -XX:+ParallelRefProcEnabled -XX:PretenureSizeThreshold=67108864 -XX:+PrintGC -XX:+PrintGCApplicationStoppedTime -XX:+PrintGCDateStamps -XX:+PrintGCDetails -XX:+PrintGCTimeStamps -XX:+PrintHeapAtGC -XX:+PrintTenuringDistribution -XX:SurvivorRatio=4 -XX:TargetSurvivorRatio=90 -XX:ThreadStackSize=256 -XX:+UseCMSInitiatingOccupancyOnly -XX:+UseCompressedClassPointers -XX:+UseCompressedOops -XX:+UseConcMarkSweepGC -XX:+UseParNewGC 
2017-01-12T01:27:34.742+0100: 0,138: Total time for which application threads were stopped: 0,0000687 seconds, Stopping threads took: 0,0000131 seconds
2017-01-12T01:27:34.872+0100: 0,269: Total time for which application threads were stopped: 0,0001135 seconds, Stopping threads took: 0,0000158 seconds
2017-01-12T01:27:34.890+0100: 0,286: Total time for which application threads were stopped: 0,0000896 seconds, Stopping threads took: 0,0000193 seconds
2017-01-12T01:27:35.083+0100: 0,479: Total time for which application threads were stopped: 0,0001615 seconds, Stopping threads took: 0,0000165 seconds
2017-01-12T01:27:35.534+0100: 0,930: Total time for which application threads were stopped: 0,0001561 seconds, Stopping threads took: 0,0000257 seconds
2017-01-12T01:27:35.642+0100: 1,038: Total time for which application threads were stopped: 0,0002214 seconds, Stopping threads took: 0,0000354 seconds
2017-01-12T01:27:35.680+0100: 1,076: Total time for which application threads were stopped: 0,0006654 seconds, Stopping threads took: 0,0000236 seconds
2017-01-12T01:27:36.046+0100: 1,442: Total time for which application threads were stopped: 0,0002384 seconds, Stopping threads took: 0,0000278 seconds
2017-01-12T01:27:36.272+0100: 1,669: Total time for which application threads were stopped: 0,0002188 seconds, Stopping threads took: 0,0000124 seconds
2017-01-12T01:27:36.295+0100: 1,691: Total time for which application threads were stopped: 0,0002224 seconds, Stopping threads took: 0,0000280 seconds
2017-01-12T01:27:36.296+0100: 1,692: Total time for which application threads were stopped: 0,0001479 seconds, Stopping threads took: 0,0000187 seconds
2017-01-12T01:27:36.312+0100: 1,708: Total time for which application threads were stopped: 0,0001653 seconds, Stopping threads took: 0,0000204 seconds
2017-01-12T01:27:36.394+0100: 1,790: Total time for which application threads were stopped: 0,0002322 seconds, Stopping threads took: 0,0000190 seconds
2017-01-12T01:27:36.543+0100: 1,939: Total time for which application threads were stopped: 0,0003311 seconds, Stopping threads took: 0,0001158 seconds
{Heap before GC invocations=0 (full 0):
 par new generation   total 109248K, used 87424K [0x00000000e0000000, 0x00000000e8000000, 0x00000000e8000000)
  eden space 87424K, 100% used [0x00000000e0000000, 0x00000000e5560000, 0x00000000e5560000)
  from space 21824K,   0% used [0x00000000e5560000, 0x00000000e5560000, 0x00000000e6ab0000)
  to   space 21824K,   0% used [0x00000000e6ab0000, 0x00000000e6ab0000, 0x00000000e8000000)
 concurrent mark-sweep generation total 393216K, used 0K [0x00000000e8000000, 0x0000000100000000, 0x0000000100000000)
 Metaspace       used 18342K, capacity 18686K, committed 18944K, reserved 1067008K
  class space    used 2090K, capacity 2226K, committed 2304K, reserved 1048576K
2017-01-12T01:27:36.682+0100: 2,078: [GC (Allocation Failure) 2017-01-12T01:27:36.682+0100: 2,078: [ParNew
Desired survivor size 20112992 bytes, new threshold 8 (max 8)
- age   1:   12577584 bytes,   12577584 total
: 87424K->12395K(109248K), 0,0173665 secs] 87424K->12395K(502464K), 0,0174621 secs] [Times: user=0,05 sys=0,02, real=0,02 secs] 
Heap after GC invocations=1 (full 0):
 par new generation   total 109248K, used 12395K [0x00000000e0000000, 0x00000000e8000000, 0x00000000e8000000)
  eden space 87424K,   0% used [0x00000000e0000000, 0x00000000e0000000, 0x00000000e5560000)
  from space 21824K,  56% used [0x00000000e6ab0000, 0x00000000e76caea8, 0x00000000e8000000)
  to   space 21824K,   0% used [0x00000000e5560000, 0x00000000e5560000, 0x00000000e6ab0000)
 concurrent mark-sweep generation total 393216K, used 0K [0x00000000e8000000, 0x0000000100000000, 0x0000000100000000)
 Metaspace       used 18342K, capacity 18686K, committed 18944K, reserved 1067008K
  class space    used 2090K, capacity 2226K, committed 2304K, reserved 1048576K
}
2017-01-12T01:27:36.699+0100: 2,096: Total time for which application threads were stopped: 0,0176412 seconds, Stopping threads took: 0,0000213 seconds
2017-01-12T01:27:36.857+0100: 2,253: Total time for which application threads were stopped: 0,0003248 seconds, Stopping threads took: 0,0000231 seconds
2017-01-12T01:27:36.884+0100: 2,280: Total time for which application threads were stopped: 0,0003057 seconds, Stopping threads took: 0,0000242 seconds
2017-01-12T01:27:36.907+0100: 2,303: Total time for which application threads were stopped: 0,0003467 seconds, Stopping threads took: 0,0000275 seconds
{Heap before GC invocations=1 (full 0):
 par new generation   total 109248K, used 99819K [0x00000000e0000000, 0x00000000e8000000, 0x00000000e8000000)
  eden space 87424K, 100% used [0x00000000e0000000, 0x00000000e5560000, 0x00000000e5560000)
  from space 21824K,  56% used [0x00000000e6ab0000, 0x00000000e76caea8, 0x00000000e8000000)
  to   space 21824K,   0% used [0x00000000e5560000, 0x00000000e5560000, 0x00000000e6ab0000)
 concurrent mark-sweep generation total 393216K, used 0K [0x00000000e8000000, 0x0000000100000000, 0x0000000100000000)
 Metaspace       used 20711K, capacity 21020K, committed 21248K, reserved 1069056K
  class space    used 2403K, capacity 2518K, committed 2560K, reserved 1048576K
2017-01-12T01:27:37.061+0100: 2,457: [GC (Allocation Failure) 2017-01-12T01:27:37.061+0100: 2,457: [ParNew
Desired survivor size 20112992 bytes, new threshold 8 (max 8)
- age   1:    2695016 bytes,    2695016 total
- age   2:    6138328 bytes,    8833344 total
: 99819K->13298K(109248K), 0,0157531 secs] 99819K->13298K(502464K), 0,0158281 secs] [Times: user=0,06 sys=0,00, real=0,02 secs] 
Heap after GC invocations=2 (full 0):
 par new generation   total 109248K, used 13298K [0x00000000e0000000, 0x00000000e8000000, 0x00000000e8000000)
  eden space 87424K,   0% used [0x00000000e0000000, 0x00000000e0000000, 0x00000000e5560000)
  from space 21824K,  60% used [0x00000000e5560000, 0x00000000e625c9e0, 0x00000000e6ab0000)
  to   space 21824K,   0% used [0x00000000e6ab0000, 0x00000000e6ab0000, 0x00000000e8000000)
 concurrent mark-sweep generation total 393216K, used 0K [0x00000000e8000000, 0x0000000100000000, 0x0000000100000000)
 Metaspace       used 20711K, capacity 21020K, committed 21248K, reserved 1069056K
  class space    used 2403K, capacity 2518K, committed 2560K, reserved 1048576K
}
2017-01-12T01:27:37.077+0100: 2,473: Total time for which application threads were stopped: 0,0170304 seconds, Stopping threads took: 0,0009983 seconds
2017-01-12T01:27:37.132+0100: 2,528: Total time for which application threads were stopped: 0,0000851 seconds, Stopping threads took: 0,0000188 seconds
2017-01-12T01:27:37.163+0100: 2,559: Total time for which application threads were stopped: 0,0002559 seconds, Stopping threads took: 0,0000127 seconds
2017-01-12T01:27:37.168+0100: 2,564: Total time for which application threads were stopped: 0,0001215 seconds, Stopping threads took: 0,0000563 seconds
2017-01-12T01:27:37.192+0100: 2,589: Total time for which application threads were stopped: 0,0000779 seconds, Stopping threads took: 0,0000153 seconds
2017-01-12T01:27:37.268+0100: 2,664: Total time for which application threads were stopped: 0,0001520 seconds, Stopping threads took: 0,0000279 seconds
2017-01-12T01:27:37.286+0100: 2,683: Total time for which application threads were stopped: 0,0000926 seconds, Stopping threads took: 0,0000228 seconds
2017-01-12T01:27:37.295+0100: 2,691: Total time for which application threads were stopped: 0,0002840 seconds, Stopping threads took: 0,0000135 seconds
2017-01-12T01:27:37.305+0100: 2,702: Total time for which application threads were stopped: 0,0002903 seconds, Stopping threads took: 0,0000223 seconds
2017-01-12T01:27:37.320+0100: 2,717: Total time for which application threads were stopped: 0,0001023 seconds, Stopping threads took: 0,0000204 seconds
2017-01-12T01:27:37.348+0100: 2,744: Total time for which application threads were stopped: 0,0000916 seconds, Stopping threads took: 0,0000182 seconds
2017-01-12T01:27:37.366+0100: 2,762: Total time for which application threads were stopped: 0,0000778 seconds, Stopping threads took: 0,0000225 seconds
2017-01-12T01:27:37.381+0100: 2,777: Total time for which application threads were stopped: 0,0000805 seconds, Stopping threads took: 0,0000185 seconds
2017-01-12T01:27:37.407+0100: 2,803: Total time for which application threads were stopped: 0,0000790 seconds, Stopping threads took: 0,0000125 seconds
2017-01-12T01:27:37.438+0100: 2,834: Total time for which application threads were stopped: 0,0001502 seconds, Stopping threads took: 0,0000603 seconds
2017-01-12T01:27:37.483+0100: 2,879: Total time for which application threads were stopped: 0,0000957 seconds, Stopping threads took: 0,0000264 seconds
2017-01-12T01:27:37.509+0100: 2,905: Total time for which application threads were stopped: 0,0001057 seconds, Stopping threads took: 0,0000258 seconds
{Heap before GC invocations=2 (full 0):
 par new generation   total 109248K, used 100722K [0x00000000e0000000, 0x00000000e8000000, 0x00000000e8000000)
  eden space 87424K, 100% used [0x00000000e0000000, 0x00000000e5560000, 0x00000000e5560000)
  from space 21824K,  60% used [0x00000000e5560000, 0x00000000e625c9e0, 0x00000000e6ab0000)
  to   space 21824K,   0% used [0x00000000e6ab0000, 0x00000000e6ab0000, 0x00000000e8000000)
 concurrent mark-sweep generation total 393216K, used 0K [0x00000000e8000000, 0x0000000100000000, 0x0000000100000000)
 Metaspace       used 24841K, capacity 25223K, committed 25536K, reserved 1071104K
  class space    used 2896K, capacity 3024K, committed 3064K, reserved 1048576K
2017-01-12T01:27:37.518+0100: 2,915: [GC (Allocation Failure) 2017-01-12T01:27:37.518+0100: 2,915: [ParNew
Desired survivor size 20112992 bytes, new threshold 8 (max 8)
- age   1:    6697032 bytes,    6697032 total
- age   2:     512296 bytes,    7209328 total
- age   3:    6119656 bytes,   13328984 total
: 100722K->16225K(109248K), 0,0119040 secs] 100722K->16225K(502464K), 0,0119889 secs] [Times: user=0,03 sys=0,02, real=0,02 secs] 
Heap after GC invocations=3 (full 0):
 par new generation   total 109248K, used 16225K [0x00000000e0000000, 0x00000000e8000000, 0x00000000e8000000)
  eden space 87424K,   0% used [0x00000000e0000000, 0x00000000e0000000, 0x00000000e5560000)
  from space 21824K,  74% used [0x00000000e6ab0000, 0x00000000e7a88580, 0x00000000e8000000)
  to   space 21824K,   0% used [0x00000000e5560000, 0x00000000e5560000, 0x00000000e6ab0000)
 concurrent mark-sweep generation total 393216K, used 0K [0x00000000e8000000, 0x0000000100000000, 0x0000000100000000)
 Metaspace       used 24841K, capacity 25223K, committed 25536K, reserved 1071104K
  class space    used 2896K, capacity 3024K, committed 3064K, reserved 1048576K
}
2017-01-12T01:27:37.530+0100: 2,927: Total time for which application threads were stopped: 0,0121436 seconds, Stopping threads took: 0,0000235 seconds
2017-01-12T01:27:37.531+0100: 2,927: [GC (CMS Initial Mark) [1 CMS-initial-mark: 0K(393216K)] 16225K(502464K), 0,0029234 secs] [Times: user=0,01 sys=0,00, real=0,00 secs] 
2017-01-12T01:27:37.534+0100: 2,930: Total time for which application threads were stopped: 0,0030337 seconds, Stopping threads took: 0,0000398 seconds
2017-01-12T01:27:37.534+0100: 2,930: [CMS-concurrent-mark-start]
2017-01-12T01:27:37.534+0100: 2,930: [CMS-concurrent-mark: 0,000/0,000 secs] [Times: user=0,00 sys=0,00, real=0,00 secs] 
2017-01-12T01:27:37.534+0100: 2,930: [CMS-concurrent-preclean-start]
2017-01-12T01:27:37.535+0100: 2,931: [CMS-concurrent-preclean: 0,001/0,001 secs] [Times: user=0,00 sys=0,00, real=0,00 secs] 
2017-01-12T01:27:37.535+0100: 2,931: [GC (CMS Final Remark) [YG occupancy: 17615 K (109248 K)]{Heap before GC invocations=3 (full 1):
 par new generation   total 109248K, used 17615K [0x00000000e0000000, 0x00000000e8000000, 0x00000000e8000000)
  eden space 87424K,   1% used [0x00000000e0000000, 0x00000000e015b788, 0x00000000e5560000)
  from space 21824K,  74% used [0x00000000e6ab0000, 0x00000000e7a88580, 0x00000000e8000000)
  to   space 21824K,   0% used [0x00000000e5560000, 0x00000000e5560000, 0x00000000e6ab0000)
 concurrent mark-sweep generation total 393216K, used 0K [0x00000000e8000000, 0x0000000100000000, 0x0000000100000000)
 Metaspace       used 24841K, capacity 25223K, committed 25536K, reserved 1071104K
  class space    used 2896K, capacity 3024K, committed 3064K, reserved 1048576K
2017-01-12T01:27:37.535+0100: 2,932: [GC (CMS Final Remark) 2017-01-12T01:27:37.535+0100: 2,932: [ParNew
Desired survivor size 20112992 bytes, new threshold 8 (max 8)
- age   1:         64 bytes,         64 total
- age   2:    3150888 bytes,    3150952 total
- age   3:     512296 bytes,    3663248 total
- age   4:    6119744 bytes,    9782992 total
: 17615K->13470K(109248K), 0,0097998 secs] 17615K->13470K(502464K), 0,0098444 secs] [Times: user=0,04 sys=0,00, real=0,01 secs] 
Heap after GC invocations=4 (full 1):
 par new generation   total 109248K, used 13470K [0x00000000e0000000, 0x00000000e8000000, 0x00000000e8000000)
  eden space 87424K,   0% used [0x00000000e0000000, 0x00000000e0000000, 0x00000000e5560000)
  from space 21824K,  61% used [0x00000000e5560000, 0x00000000e6287aa8, 0x00000000e6ab0000)
  to   space 21824K,   0% used [0x00000000e6ab0000, 0x00000000e6ab0000, 0x00000000e8000000)
 concurrent mark-sweep generation total 393216K, used 0K [0x00000000e8000000, 0x0000000100000000, 0x0000000100000000)
 Metaspace       used 24841K, capacity 25223K, committed 25536K, reserved 1071104K
  class space    used 2896K, capacity 3024K, committed 3064K, reserved 1048576K
}
2017-01-12T01:27:37.545+0100: 2,941: [Rescan (parallel) , 0,0039920 secs]2017-01-12T01:27:37.549+0100: 2,945: [weak refs processing, 0,0006570 secs]2017-01-12T01:27:37.550+0100: 2,946: [class unloading, 0,0031407 secs]2017-01-12T01:27:37.553+0100: 2,949: [scrub symbol table, 0,0046417 secs]2017-01-12T01:27:37.558+0100: 2,954: [scrub string table, 0,0004251 secs][1 CMS-remark: 0K(393216K)] 13470K(502464K), 0,0233758 secs] [Times: user=0,06 sys=0,00, real=0,02 secs] 
2017-01-12T01:27:37.559+0100: 2,955: Total time for which application threads were stopped: 0,0234801 seconds, Stopping threads took: 0,0000226 seconds
2017-01-12T01:27:37.559+0100: 2,955: [CMS-concurrent-sweep-start]
2017-01-12T01:27:37.559+0100: 2,955: [CMS-concurrent-sweep: 0,000/0,000 secs] [Times: user=0,00 sys=0,00, real=0,00 secs] 
2017-01-12T01:27:37.559+0100: 2,955: [CMS-concurrent-reset-start]
2017-01-12T01:27:37.561+0100: 2,957: [CMS-concurrent-reset: 0,002/0,002 secs] [Times: user=0,01 sys=0,00, real=0,00 secs] 
2017-01-12T01:27:37.628+0100: 3,024: Total time for which application threads were stopped: 0,0003937 seconds, Stopping threads took: 0,0000285 seconds
2017-01-12T01:27:37.645+0100: 3,041: Total time for which application threads were stopped: 0,0003984 seconds, Stopping threads took: 0,0000477 seconds
2017-01-12T01:27:38.645+0100: 4,041: Total time for which application threads were stopped: 0,0000858 seconds, Stopping threads took: 0,0000185 seconds
2017-01-12T01:27:38.659+0100: 4,055: Total time for which application threads were stopped: 0,0002769 seconds, Stopping threads took: 0,0000150 seconds
2017-01-12T01:30:16.676+0100: 162,072: Total time for which application threads were stopped: 0,0000745 seconds, Stopping threads took: 0,0000317 seconds
2017-01-12T01:30:21.677+0100: 167,073: Total time for which application threads were stopped: 0,0000996 seconds, Stopping threads took: 0,0000255 seconds
2017-01-12T01:31:16.683+0100: 222,079: Total time for which application threads were stopped: 0,0000712 seconds, Stopping threads took: 0,0000299 seconds
2017-01-12T01:32:21.690+0100: 287,086: Total time for which application threads were stopped: 0,0000802 seconds, Stopping threads took: 0,0000327 seconds
2017-01-12T01:32:56.693+0100: 322,089: Total time for which application threads were stopped: 0,0000840 seconds, Stopping threads took: 0,0000372 seconds
2017-01-12T01:35:06.707+0100: 452,103: Total time for which application threads were stopped: 0,0000707 seconds, Stopping threads took: 0,0000306 seconds
2017-01-12T01:36:16.716+0100: 522,112: Total time for which application threads were stopped: 0,0000789 seconds, Stopping threads took: 0,0000347 seconds
2017-01-12T01:37:56.726+0100: 622,122: Total time for which application threads were stopped: 0,0000989 seconds, Stopping threads took: 0,0000313 seconds
2017-01-12T01:38:21.728+0100: 647,124: Total time for which application threads were stopped: 0,0000727 seconds, Stopping threads took: 0,0000324 seconds
2017-01-12T01:42:10.754+0100: 876,150: Total time for which application threads were stopped: 0,0000891 seconds, Stopping threads took: 0,0000391 seconds
2017-01-12T01:43:36.768+0100: 962,164: Total time for which application threads were stopped: 0,0001527 seconds, Stopping threads took: 0,0000507 seconds
2017-01-12T01:43:41.769+0100: 967,165: Total time for which application threads were stopped: 0,0001717 seconds, Stopping threads took: 0,0000674 seconds
2017-01-12T01:51:15.829+0100: 1421,225: Total time for which application threads were stopped: 0,0000705 seconds, Stopping threads took: 0,0000301 seconds
2017-01-12T01:55:01.852+0100: 1647,249: Total time for which application threads were stopped: 0,0001083 seconds, Stopping threads took: 0,0000536 seconds
2017-01-12T01:56:20.860+0100: 1726,256: Total time for which application threads were stopped: 0,0000688 seconds, Stopping threads took: 0,0000257 seconds
2017-01-12T02:06:15.919+0100: 2321,315: Total time for which application threads were stopped: 0,0000830 seconds, Stopping threads took: 0,0000357 seconds
2017-01-12T02:06:16.919+0100: 2322,315: Total time for which application threads were stopped: 0,0000551 seconds, Stopping threads took: 0,0000143 seconds
2017-01-12T02:11:32.211+0100: 2637,607: Total time for which application threads were stopped: 0,0001583 seconds, Stopping threads took: 0,0000259 seconds
Heap
 par new generation   total 109248K, used 59043K [0x00000000e0000000, 0x00000000e8000000, 0x00000000e8000000)
  eden space 87424K,  52% used [0x00000000e0000000, 0x00000000e2c81438, 0x00000000e5560000)
  from space 21824K,  61% used [0x00000000e5560000, 0x00000000e6287aa8, 0x00000000e6ab0000)
  to   space 21824K,   0% used [0x00000000e6ab0000, 0x00000000e6ab0000, 0x00000000e8000000)
 concurrent mark-sweep generation total 393216K, used 0K [0x00000000e8000000, 0x0000000100000000, 0x0000000100000000)
 Metaspace       used 27209K, capacity 27667K, committed 27840K, reserved 1073152K
  class space    used 3166K, capacity 3320K, committed 3320K, reserved 1048576K
