OpenJDK 64-Bit Server VM (25.111-b14) for linux-amd64 JRE (1.8.0_111-8u111-b14-2ubuntu0.16.04.2-b14), built on Oct 27 2016 18:10:19 by "buildd" with gcc 5.4.0 20160609
Memory: 4k page, physical 7867876k(7439944k free), swap 8076284k(8076284k free)
CommandLine flags: -XX:CMSInitiatingOccupancyFraction=50 -XX:CMSMaxAbortablePrecleanTime=6000 -XX:+CMSParallelRemarkEnabled -XX:+CMSScavengeBeforeRemark -XX:ConcGCThreads=4 -XX:InitialHeapSize=536870912 -XX:MaxHeapSize=536870912 -XX:MaxTenuringThreshold=8 -XX:NewRatio=3 -XX:OldPLABSize=16 -XX:OnOutOfMemoryError=/opt/solr/bin/oom_solr.sh 8983 /var/solr/logs -XX:ParallelGCThreads=4 -XX:+ParallelRefProcEnabled -XX:PretenureSizeThreshold=67108864 -XX:+PrintGC -XX:+PrintGCApplicationStoppedTime -XX:+PrintGCDateStamps -XX:+PrintGCDetails -XX:+PrintGCTimeStamps -XX:+PrintHeapAtGC -XX:+PrintTenuringDistribution -XX:SurvivorRatio=4 -XX:TargetSurvivorRatio=90 -XX:ThreadStackSize=256 -XX:+UseCMSInitiatingOccupancyOnly -XX:+UseCompressedClassPointers -XX:+UseCompressedOops -XX:+UseConcMarkSweepGC -XX:+UseParNewGC 
2016-11-09T17:35:11.651+0100: 0,112: Total time for which application threads were stopped: 0,0000621 seconds, Stopping threads took: 0,0000097 seconds
2016-11-09T17:35:11.736+0100: 0,197: Total time for which application threads were stopped: 0,0001316 seconds, Stopping threads took: 0,0000220 seconds
2016-11-09T17:35:11.749+0100: 0,210: Total time for which application threads were stopped: 0,0000863 seconds, Stopping threads took: 0,0000128 seconds
2016-11-09T17:35:11.951+0100: 0,412: Total time for which application threads were stopped: 0,0001081 seconds, Stopping threads took: 0,0000124 seconds
2016-11-09T17:35:12.309+0100: 0,770: Total time for which application threads were stopped: 0,0001529 seconds, Stopping threads took: 0,0000127 seconds
2016-11-09T17:35:12.391+0100: 0,852: Total time for which application threads were stopped: 0,0002102 seconds, Stopping threads took: 0,0000339 seconds
2016-11-09T17:35:12.408+0100: 0,869: Total time for which application threads were stopped: 0,0001743 seconds, Stopping threads took: 0,0000294 seconds
2016-11-09T17:35:12.647+0100: 1,108: Total time for which application threads were stopped: 0,0026476 seconds, Stopping threads took: 0,0024601 seconds
2016-11-09T17:35:12.907+0100: 1,368: Total time for which application threads were stopped: 0,0002261 seconds, Stopping threads took: 0,0000151 seconds
2016-11-09T17:35:12.932+0100: 1,393: Total time for which application threads were stopped: 0,0003755 seconds, Stopping threads took: 0,0000546 seconds
2016-11-09T17:35:12.934+0100: 1,395: Total time for which application threads were stopped: 0,0005419 seconds, Stopping threads took: 0,0000447 seconds
2016-11-09T17:35:12.948+0100: 1,409: Total time for which application threads were stopped: 0,0001836 seconds, Stopping threads took: 0,0000230 seconds
2016-11-09T17:35:13.059+0100: 1,520: Total time for which application threads were stopped: 0,0002238 seconds, Stopping threads took: 0,0000192 seconds
2016-11-09T17:35:13.262+0100: 1,723: Total time for which application threads were stopped: 0,0003520 seconds, Stopping threads took: 0,0000905 seconds
2016-11-09T17:35:13.441+0100: 1,902: Total time for which application threads were stopped: 0,0001732 seconds, Stopping threads took: 0,0000367 seconds
{Heap before GC invocations=0 (full 0):
 par new generation   total 109248K, used 87568K [0x00000000e0000000, 0x00000000e8000000, 0x00000000e8000000)
  eden space 87424K, 100% used [0x00000000e0000000, 0x00000000e5560000, 0x00000000e5560000)
  from space 21824K,   0% used [0x00000000e5560000, 0x00000000e55841a0, 0x00000000e6ab0000)
  to   space 21824K,   0% used [0x00000000e6ab0000, 0x00000000e6ab0000, 0x00000000e8000000)
 concurrent mark-sweep generation total 393216K, used 0K [0x00000000e8000000, 0x0000000100000000, 0x0000000100000000)
 Metaspace       used 18027K, capacity 18366K, committed 18560K, reserved 1064960K
  class space    used 2044K, capacity 2162K, committed 2176K, reserved 1048576K
2016-11-09T17:35:13.442+0100: 1,903: [GC (GCLocker Initiated GC) 2016-11-09T17:35:13.442+0100: 1,903: [ParNew
Desired survivor size 20112992 bytes, new threshold 8 (max 8)
- age   1:   13005296 bytes,   13005296 total
: 87568K->12829K(109248K), 0,0219702 secs] 87568K->12829K(502464K), 0,0220575 secs] [Times: user=0,05 sys=0,03, real=0,02 secs] 
Heap after GC invocations=1 (full 0):
 par new generation   total 109248K, used 12829K [0x00000000e0000000, 0x00000000e8000000, 0x00000000e8000000)
  eden space 87424K,   0% used [0x00000000e0000000, 0x00000000e0000000, 0x00000000e5560000)
  from space 21824K,  58% used [0x00000000e6ab0000, 0x00000000e7737600, 0x00000000e8000000)
  to   space 21824K,   0% used [0x00000000e5560000, 0x00000000e5560000, 0x00000000e6ab0000)
 concurrent mark-sweep generation total 393216K, used 0K [0x00000000e8000000, 0x0000000100000000, 0x0000000100000000)
 Metaspace       used 18027K, capacity 18366K, committed 18560K, reserved 1064960K
  class space    used 2044K, capacity 2162K, committed 2176K, reserved 1048576K
}
2016-11-09T17:35:13.464+0100: 1,925: Total time for which application threads were stopped: 0,0222030 seconds, Stopping threads took: 0,0000309 seconds
2016-11-09T17:35:13.690+0100: 2,151: Total time for which application threads were stopped: 0,0013409 seconds, Stopping threads took: 0,0010645 seconds
2016-11-09T17:35:13.726+0100: 2,187: Total time for which application threads were stopped: 0,0004224 seconds, Stopping threads took: 0,0000876 seconds
2016-11-09T17:35:13.750+0100: 2,211: Total time for which application threads were stopped: 0,0003527 seconds, Stopping threads took: 0,0000716 seconds
{Heap before GC invocations=1 (full 0):
 par new generation   total 109248K, used 100253K [0x00000000e0000000, 0x00000000e8000000, 0x00000000e8000000)
  eden space 87424K, 100% used [0x00000000e0000000, 0x00000000e5560000, 0x00000000e5560000)
  from space 21824K,  58% used [0x00000000e6ab0000, 0x00000000e7737600, 0x00000000e8000000)
  to   space 21824K,   0% used [0x00000000e5560000, 0x00000000e5560000, 0x00000000e6ab0000)
 concurrent mark-sweep generation total 393216K, used 0K [0x00000000e8000000, 0x0000000100000000, 0x0000000100000000)
 Metaspace       used 20389K, capacity 20716K, committed 20992K, reserved 1067008K
  class space    used 2356K, capacity 2483K, committed 2560K, reserved 1048576K
2016-11-09T17:35:13.841+0100: 2,302: [GC (Allocation Failure) 2016-11-09T17:35:13.841+0100: 2,302: [ParNew
Desired survivor size 20112992 bytes, new threshold 8 (max 8)
- age   1:    3762208 bytes,    3762208 total
- age   2:    6483128 bytes,   10245336 total
: 100253K->15707K(109248K), 0,0101211 secs] 100253K->15707K(502464K), 0,0101957 secs] [Times: user=0,03 sys=0,00, real=0,01 secs] 
Heap after GC invocations=2 (full 0):
 par new generation   total 109248K, used 15707K [0x00000000e0000000, 0x00000000e8000000, 0x00000000e8000000)
  eden space 87424K,   0% used [0x00000000e0000000, 0x00000000e0000000, 0x00000000e5560000)
  from space 21824K,  71% used [0x00000000e5560000, 0x00000000e64b6e00, 0x00000000e6ab0000)
  to   space 21824K,   0% used [0x00000000e6ab0000, 0x00000000e6ab0000, 0x00000000e8000000)
 concurrent mark-sweep generation total 393216K, used 0K [0x00000000e8000000, 0x0000000100000000, 0x0000000100000000)
 Metaspace       used 20389K, capacity 20716K, committed 20992K, reserved 1067008K
  class space    used 2356K, capacity 2483K, committed 2560K, reserved 1048576K
}
2016-11-09T17:35:13.852+0100: 2,313: Total time for which application threads were stopped: 0,0104095 seconds, Stopping threads took: 0,0000637 seconds
2016-11-09T17:35:13.967+0100: 2,428: Total time for which application threads were stopped: 0,0001829 seconds, Stopping threads took: 0,0000733 seconds
{Heap before GC invocations=2 (full 0):
 par new generation   total 109248K, used 103131K [0x00000000e0000000, 0x00000000e8000000, 0x00000000e8000000)
  eden space 87424K, 100% used [0x00000000e0000000, 0x00000000e5560000, 0x00000000e5560000)
  from space 21824K,  71% used [0x00000000e5560000, 0x00000000e64b6e00, 0x00000000e6ab0000)
  to   space 21824K,   0% used [0x00000000e6ab0000, 0x00000000e6ab0000, 0x00000000e8000000)
 concurrent mark-sweep generation total 393216K, used 0K [0x00000000e8000000, 0x0000000100000000, 0x0000000100000000)
 Metaspace       used 20869K, capacity 21206K, committed 21504K, reserved 1069056K
  class space    used 2410K, capacity 2528K, committed 2560K, reserved 1048576K
2016-11-09T17:35:13.992+0100: 2,453: [GC (Allocation Failure) 2016-11-09T17:35:13.992+0100: 2,453: [ParNew
Desired survivor size 20112992 bytes, new threshold 8 (max 8)
- age   1:    1109896 bytes,    1109896 total
- age   2:    1412320 bytes,    2522216 total
- age   3:    6442944 bytes,    8965160 total
: 103131K->10045K(109248K), 0,0082000 secs] 103131K->10045K(502464K), 0,0082738 secs] [Times: user=0,03 sys=0,00, real=0,01 secs] 
Heap after GC invocations=3 (full 0):
 par new generation   total 109248K, used 10045K [0x00000000e0000000, 0x00000000e8000000, 0x00000000e8000000)
  eden space 87424K,   0% used [0x00000000e0000000, 0x00000000e0000000, 0x00000000e5560000)
  from space 21824K,  46% used [0x00000000e6ab0000, 0x00000000e747f678, 0x00000000e8000000)
  to   space 21824K,   0% used [0x00000000e5560000, 0x00000000e5560000, 0x00000000e6ab0000)
 concurrent mark-sweep generation total 393216K, used 0K [0x00000000e8000000, 0x0000000100000000, 0x0000000100000000)
 Metaspace       used 20869K, capacity 21206K, committed 21504K, reserved 1069056K
  class space    used 2410K, capacity 2528K, committed 2560K, reserved 1048576K
}
2016-11-09T17:35:14.000+0100: 2,461: Total time for which application threads were stopped: 0,0084443 seconds, Stopping threads took: 0,0000421 seconds
2016-11-09T17:35:14.000+0100: 2,461: [GC (CMS Initial Mark) [1 CMS-initial-mark: 0K(393216K)] 10922K(502464K), 0,0024252 secs] [Times: user=0,01 sys=0,00, real=0,00 secs] 
2016-11-09T17:35:14.003+0100: 2,464: Total time for which application threads were stopped: 0,0025457 seconds, Stopping threads took: 0,0000392 seconds
2016-11-09T17:35:14.003+0100: 2,464: [CMS-concurrent-mark-start]
2016-11-09T17:35:14.003+0100: 2,464: [CMS-concurrent-mark: 0,000/0,000 secs] [Times: user=0,00 sys=0,00, real=0,00 secs] 
2016-11-09T17:35:14.003+0100: 2,464: [CMS-concurrent-preclean-start]
2016-11-09T17:35:14.004+0100: 2,465: [CMS-concurrent-preclean: 0,001/0,001 secs] [Times: user=0,00 sys=0,00, real=0,00 secs] 
2016-11-09T17:35:14.004+0100: 2,465: [GC (CMS Final Remark) [YG occupancy: 11807 K (109248 K)]{Heap before GC invocations=3 (full 1):
 par new generation   total 109248K, used 11807K [0x00000000e0000000, 0x00000000e8000000, 0x00000000e8000000)
  eden space 87424K,   2% used [0x00000000e0000000, 0x00000000e01b8750, 0x00000000e5560000)
  from space 21824K,  46% used [0x00000000e6ab0000, 0x00000000e747f678, 0x00000000e8000000)
  to   space 21824K,   0% used [0x00000000e5560000, 0x00000000e5560000, 0x00000000e6ab0000)
 concurrent mark-sweep generation total 393216K, used 0K [0x00000000e8000000, 0x0000000100000000, 0x0000000100000000)
 Metaspace       used 20875K, capacity 21206K, committed 21504K, reserved 1069056K
  class space    used 2411K, capacity 2528K, committed 2560K, reserved 1048576K
2016-11-09T17:35:14.004+0100: 2,465: [GC (CMS Final Remark) 2016-11-09T17:35:14.004+0100: 2,465: [ParNew
Desired survivor size 20112992 bytes, new threshold 8 (max 8)
- age   1:     241240 bytes,     241240 total
- age   2:     670512 bytes,     911752 total
- age   3:    1412320 bytes,    2324072 total
- age   4:    6442888 bytes,    8766960 total
: 11807K->13443K(109248K), 0,0082163 secs] 11807K->13443K(502464K), 0,0082550 secs] [Times: user=0,03 sys=0,00, real=0,01 secs] 
Heap after GC invocations=4 (full 1):
 par new generation   total 109248K, used 13443K [0x00000000e0000000, 0x00000000e8000000, 0x00000000e8000000)
  eden space 87424K,   0% used [0x00000000e0000000, 0x00000000e0000000, 0x00000000e5560000)
  from space 21824K,  61% used [0x00000000e5560000, 0x00000000e6280fc0, 0x00000000e6ab0000)
  to   space 21824K,   0% used [0x00000000e6ab0000, 0x00000000e6ab0000, 0x00000000e8000000)
 concurrent mark-sweep generation total 393216K, used 0K [0x00000000e8000000, 0x0000000100000000, 0x0000000100000000)
 Metaspace       used 20875K, capacity 21206K, committed 21504K, reserved 1069056K
  class space    used 2411K, capacity 2528K, committed 2560K, reserved 1048576K
}
2016-11-09T17:35:14.012+0100: 2,473: [Rescan (parallel) , 0,0030804 secs]2016-11-09T17:35:14.016+0100: 2,477: [weak refs processing, 0,0008477 secs]2016-11-09T17:35:14.016+0100: 2,477: [class unloading, 0,0026872 secs]2016-11-09T17:35:14.019+0100: 2,480: [scrub symbol table, 0,0024927 secs]2016-11-09T17:35:14.022+0100: 2,483: [scrub string table, 0,0004009 secs][1 CMS-remark: 0K(393216K)] 13443K(502464K), 0,0184092 secs] [Times: user=0,05 sys=0,00, real=0,02 secs] 
2016-11-09T17:35:14.023+0100: 2,484: Total time for which application threads were stopped: 0,0185711 seconds, Stopping threads took: 0,0000862 seconds
2016-11-09T17:35:14.023+0100: 2,484: [CMS-concurrent-sweep-start]
2016-11-09T17:35:14.023+0100: 2,484: [CMS-concurrent-sweep: 0,000/0,000 secs] [Times: user=0,00 sys=0,00, real=0,00 secs] 
2016-11-09T17:35:14.023+0100: 2,484: [CMS-concurrent-reset-start]
2016-11-09T17:35:14.025+0100: 2,486: [CMS-concurrent-reset: 0,002/0,002 secs] [Times: user=0,01 sys=0,00, real=0,00 secs] 
2016-11-09T17:35:14.118+0100: 2,579: Total time for which application threads were stopped: 0,0003228 seconds, Stopping threads took: 0,0000374 seconds
2016-11-09T17:35:14.246+0100: 2,707: Total time for which application threads were stopped: 0,0004365 seconds, Stopping threads took: 0,0000283 seconds
2016-11-09T17:35:14.263+0100: 2,724: Total time for which application threads were stopped: 0,0003671 seconds, Stopping threads took: 0,0000234 seconds
{Heap before GC invocations=4 (full 1):
 par new generation   total 109248K, used 100867K [0x00000000e0000000, 0x00000000e8000000, 0x00000000e8000000)
  eden space 87424K, 100% used [0x00000000e0000000, 0x00000000e5560000, 0x00000000e5560000)
  from space 21824K,  61% used [0x00000000e5560000, 0x00000000e6280fc0, 0x00000000e6ab0000)
  to   space 21824K,   0% used [0x00000000e6ab0000, 0x00000000e6ab0000, 0x00000000e8000000)
 concurrent mark-sweep generation total 393216K, used 0K [0x00000000e8000000, 0x0000000100000000, 0x0000000100000000)
 Metaspace       used 22876K, capacity 23312K, committed 23552K, reserved 1071104K
  class space    used 2654K, capacity 2805K, committed 2816K, reserved 1048576K
2016-11-09T17:35:14.309+0100: 2,770: [GC (Allocation Failure) 2016-11-09T17:35:14.309+0100: 2,770: [ParNew
Desired survivor size 20112992 bytes, new threshold 8 (max 8)
- age   1:    2580840 bytes,    2580840 total
- age   2:       1152 bytes,    2581992 total
- age   3:     181576 bytes,    2763568 total
- age   4:     620896 bytes,    3384464 total
- age   5:    6437608 bytes,    9822072 total
: 100867K->11167K(109248K), 0,0087054 secs] 100867K->11167K(502464K), 0,0087716 secs] [Times: user=0,04 sys=0,00, real=0,01 secs] 
Heap after GC invocations=5 (full 1):
 par new generation   total 109248K, used 11167K [0x00000000e0000000, 0x00000000e8000000, 0x00000000e8000000)
  eden space 87424K,   0% used [0x00000000e0000000, 0x00000000e0000000, 0x00000000e5560000)
  from space 21824K,  51% used [0x00000000e6ab0000, 0x00000000e7597da0, 0x00000000e8000000)
  to   space 21824K,   0% used [0x00000000e5560000, 0x00000000e5560000, 0x00000000e6ab0000)
 concurrent mark-sweep generation total 393216K, used 0K [0x00000000e8000000, 0x0000000100000000, 0x0000000100000000)
 Metaspace       used 22876K, capacity 23312K, committed 23552K, reserved 1071104K
  class space    used 2654K, capacity 2805K, committed 2816K, reserved 1048576K
}
2016-11-09T17:35:14.318+0100: 2,779: Total time for which application threads were stopped: 0,0089704 seconds, Stopping threads took: 0,0000279 seconds
2016-11-09T17:35:14.574+0100: 3,035: Total time for which application threads were stopped: 0,0003086 seconds, Stopping threads took: 0,0000172 seconds
2016-11-09T17:35:15.575+0100: 4,036: Total time for which application threads were stopped: 0,0001041 seconds, Stopping threads took: 0,0000194 seconds
2016-11-09T17:35:15.594+0100: 4,054: Total time for which application threads were stopped: 0,0002801 seconds, Stopping threads took: 0,0000150 seconds
2016-11-09T17:35:43.598+0100: 32,059: Total time for which application threads were stopped: 0,0000598 seconds, Stopping threads took: 0,0000158 seconds
2016-11-09T17:36:22.603+0100: 71,064: Total time for which application threads were stopped: 0,0000782 seconds, Stopping threads took: 0,0000336 seconds
2016-11-09T17:36:32.604+0100: 81,065: Total time for which application threads were stopped: 0,0001367 seconds, Stopping threads took: 0,0000321 seconds
2016-11-09T17:36:37.605+0100: 86,066: Total time for which application threads were stopped: 0,0001374 seconds, Stopping threads took: 0,0000322 seconds
2016-11-09T17:36:57.609+0100: 106,070: Total time for which application threads were stopped: 0,0000709 seconds, Stopping threads took: 0,0000261 seconds
2016-11-09T17:37:02.614+0100: 111,075: Total time for which application threads were stopped: 0,0000655 seconds, Stopping threads took: 0,0000175 seconds
2016-11-09T17:37:42.619+0100: 151,080: Total time for which application threads were stopped: 0,0001168 seconds, Stopping threads took: 0,0000388 seconds
2016-11-09T17:37:43.619+0100: 152,080: Total time for which application threads were stopped: 0,0000793 seconds, Stopping threads took: 0,0000185 seconds
2016-11-09T17:37:48.620+0100: 157,081: Total time for which application threads were stopped: 0,0000707 seconds, Stopping threads took: 0,0000182 seconds
2016-11-09T17:38:48.629+0100: 217,090: Total time for which application threads were stopped: 0,0001887 seconds, Stopping threads took: 0,0000768 seconds
2016-11-09T17:39:58.639+0100: 287,100: Total time for which application threads were stopped: 0,0001553 seconds, Stopping threads took: 0,0000639 seconds
2016-11-09T21:43:21.141+0100: 1250,230: Total time for which application threads were stopped: 0,0001194 seconds, Stopping threads took: 0,0000332 seconds
Heap
 par new generation   total 109248K, used 88658K [0x00000000e0000000, 0x00000000e8000000, 0x00000000e8000000)
  eden space 87424K,  88% used [0x00000000e0000000, 0x00000000e4baca60, 0x00000000e5560000)
  from space 21824K,  51% used [0x00000000e6ab0000, 0x00000000e7597da0, 0x00000000e8000000)
  to   space 21824K,   0% used [0x00000000e5560000, 0x00000000e5560000, 0x00000000e6ab0000)
 concurrent mark-sweep generation total 393216K, used 0K [0x00000000e8000000, 0x0000000100000000, 0x0000000100000000)
 Metaspace       used 27391K, capacity 27846K, committed 28032K, reserved 1073152K
  class space    used 3176K, capacity 3330K, committed 3456K, reserved 1048576K
