OpenJDK 64-Bit Server VM (25.111-b14) for linux-amd64 JRE (1.8.0_111-8u111-b14-2ubuntu0.16.04.2-b14), built on Oct 27 2016 18:10:19 by "buildd" with gcc 5.4.0 20160609
Memory: 4k page, physical 7867848k(7461320k free), swap 8076284k(8076284k free)
CommandLine flags: -XX:CMSInitiatingOccupancyFraction=50 -XX:CMSMaxAbortablePrecleanTime=6000 -XX:+CMSParallelRemarkEnabled -XX:+CMSScavengeBeforeRemark -XX:ConcGCThreads=4 -XX:InitialHeapSize=536870912 -XX:MaxHeapSize=536870912 -XX:MaxTenuringThreshold=8 -XX:NewRatio=3 -XX:OldPLABSize=16 -XX:OnOutOfMemoryError=/opt/solr/bin/oom_solr.sh 8983 /var/solr/logs -XX:ParallelGCThreads=4 -XX:+ParallelRefProcEnabled -XX:PretenureSizeThreshold=67108864 -XX:+PrintGC -XX:+PrintGCApplicationStoppedTime -XX:+PrintGCDateStamps -XX:+PrintGCDetails -XX:+PrintGCTimeStamps -XX:+PrintHeapAtGC -XX:+PrintTenuringDistribution -XX:SurvivorRatio=4 -XX:TargetSurvivorRatio=90 -XX:ThreadStackSize=256 -XX:+UseCMSInitiatingOccupancyOnly -XX:+UseCompressedClassPointers -XX:+UseCompressedOops -XX:+UseConcMarkSweepGC -XX:+UseParNewGC 
2016-11-15T21:25:27.835+0100: 0,106: Total time for which application threads were stopped: 0,0000674 seconds, Stopping threads took: 0,0000131 seconds
2016-11-15T21:25:27.899+0100: 0,170: Total time for which application threads were stopped: 0,0001001 seconds, Stopping threads took: 0,0000173 seconds
2016-11-15T21:25:27.908+0100: 0,179: Total time for which application threads were stopped: 0,0000795 seconds, Stopping threads took: 0,0000246 seconds
2016-11-15T21:25:28.028+0100: 0,299: Total time for which application threads were stopped: 0,0001318 seconds, Stopping threads took: 0,0000101 seconds
2016-11-15T21:25:28.188+0100: 0,459: Total time for which application threads were stopped: 0,0001076 seconds, Stopping threads took: 0,0000094 seconds
2016-11-15T21:25:28.227+0100: 0,498: Total time for which application threads were stopped: 0,0001461 seconds, Stopping threads took: 0,0000288 seconds
2016-11-15T21:25:28.240+0100: 0,510: Total time for which application threads were stopped: 0,0001932 seconds, Stopping threads took: 0,0000218 seconds
2016-11-15T21:25:28.410+0100: 0,681: Total time for which application threads were stopped: 0,0001966 seconds, Stopping threads took: 0,0000272 seconds
2016-11-15T21:25:28.571+0100: 0,842: Total time for which application threads were stopped: 0,0002265 seconds, Stopping threads took: 0,0000158 seconds
2016-11-15T21:25:28.589+0100: 0,860: Total time for which application threads were stopped: 0,0001722 seconds, Stopping threads took: 0,0000144 seconds
2016-11-15T21:25:28.590+0100: 0,861: Total time for which application threads were stopped: 0,0001025 seconds, Stopping threads took: 0,0000175 seconds
2016-11-15T21:25:28.602+0100: 0,872: Total time for which application threads were stopped: 0,0001679 seconds, Stopping threads took: 0,0000124 seconds
2016-11-15T21:25:28.709+0100: 0,979: Total time for which application threads were stopped: 0,0002309 seconds, Stopping threads took: 0,0000185 seconds
2016-11-15T21:25:28.871+0100: 1,141: Total time for which application threads were stopped: 0,0002996 seconds, Stopping threads took: 0,0001067 seconds
{Heap before GC invocations=0 (full 0):
 par new generation   total 109248K, used 87424K [0x00000000e0000000, 0x00000000e8000000, 0x00000000e8000000)
  eden space 87424K, 100% used [0x00000000e0000000, 0x00000000e5560000, 0x00000000e5560000)
  from space 21824K,   0% used [0x00000000e5560000, 0x00000000e5560000, 0x00000000e6ab0000)
  to   space 21824K,   0% used [0x00000000e6ab0000, 0x00000000e6ab0000, 0x00000000e8000000)
 concurrent mark-sweep generation total 393216K, used 0K [0x00000000e8000000, 0x0000000100000000, 0x0000000100000000)
 Metaspace       used 17962K, capacity 18238K, committed 18304K, reserved 1064960K
  class space    used 2044K, capacity 2162K, committed 2176K, reserved 1048576K
2016-11-15T21:25:28.981+0100: 1,252: [GC (Allocation Failure) 2016-11-15T21:25:28.981+0100: 1,252: [ParNew
Desired survivor size 20112992 bytes, new threshold 8 (max 8)
- age   1:   12037520 bytes,   12037520 total
: 87424K->11866K(109248K), 0,0157072 secs] 87424K->11866K(502464K), 0,0157991 secs] [Times: user=0,06 sys=0,00, real=0,02 secs] 
Heap after GC invocations=1 (full 0):
 par new generation   total 109248K, used 11866K [0x00000000e0000000, 0x00000000e8000000, 0x00000000e8000000)
  eden space 87424K,   0% used [0x00000000e0000000, 0x00000000e0000000, 0x00000000e5560000)
  from space 21824K,  54% used [0x00000000e6ab0000, 0x00000000e7646a38, 0x00000000e8000000)
  to   space 21824K,   0% used [0x00000000e5560000, 0x00000000e5560000, 0x00000000e6ab0000)
 concurrent mark-sweep generation total 393216K, used 0K [0x00000000e8000000, 0x0000000100000000, 0x0000000100000000)
 Metaspace       used 17962K, capacity 18238K, committed 18304K, reserved 1064960K
  class space    used 2044K, capacity 2162K, committed 2176K, reserved 1048576K
}
2016-11-15T21:25:28.997+0100: 1,268: Total time for which application threads were stopped: 0,0159769 seconds, Stopping threads took: 0,0000177 seconds
2016-11-15T21:25:29.211+0100: 1,482: Total time for which application threads were stopped: 0,0003449 seconds, Stopping threads took: 0,0000323 seconds
2016-11-15T21:25:29.251+0100: 1,522: Total time for which application threads were stopped: 0,0020591 seconds, Stopping threads took: 0,0018042 seconds
2016-11-15T21:25:29.281+0100: 1,551: Total time for which application threads were stopped: 0,0003394 seconds, Stopping threads took: 0,0000408 seconds
{Heap before GC invocations=1 (full 0):
 par new generation   total 109248K, used 99290K [0x00000000e0000000, 0x00000000e8000000, 0x00000000e8000000)
  eden space 87424K, 100% used [0x00000000e0000000, 0x00000000e5560000, 0x00000000e5560000)
  from space 21824K,  54% used [0x00000000e6ab0000, 0x00000000e7646a38, 0x00000000e8000000)
  to   space 21824K,   0% used [0x00000000e5560000, 0x00000000e5560000, 0x00000000e6ab0000)
 concurrent mark-sweep generation total 393216K, used 0K [0x00000000e8000000, 0x0000000100000000, 0x0000000100000000)
 Metaspace       used 20715K, capacity 21016K, committed 21248K, reserved 1069056K
  class space    used 2403K, capacity 2518K, committed 2560K, reserved 1048576K
2016-11-15T21:25:29.486+0100: 1,757: [GC (Allocation Failure) 2016-11-15T21:25:29.486+0100: 1,757: [ParNew
Desired survivor size 20112992 bytes, new threshold 8 (max 8)
- age   1:    3672232 bytes,    3672232 total
- age   2:    6068720 bytes,    9740952 total
: 99290K->14752K(109248K), 0,0201729 secs] 99290K->14752K(502464K), 0,0202516 secs] [Times: user=0,05 sys=0,00, real=0,02 secs] 
Heap after GC invocations=2 (full 0):
 par new generation   total 109248K, used 14752K [0x00000000e0000000, 0x00000000e8000000, 0x00000000e8000000)
  eden space 87424K,   0% used [0x00000000e0000000, 0x00000000e0000000, 0x00000000e5560000)
  from space 21824K,  67% used [0x00000000e5560000, 0x00000000e63c8380, 0x00000000e6ab0000)
  to   space 21824K,   0% used [0x00000000e6ab0000, 0x00000000e6ab0000, 0x00000000e8000000)
 concurrent mark-sweep generation total 393216K, used 0K [0x00000000e8000000, 0x0000000100000000, 0x0000000100000000)
 Metaspace       used 20715K, capacity 21016K, committed 21248K, reserved 1069056K
  class space    used 2403K, capacity 2518K, committed 2560K, reserved 1048576K
}
2016-11-15T21:25:29.506+0100: 1,777: Total time for which application threads were stopped: 0,0213642 seconds, Stopping threads took: 0,0002176 seconds
2016-11-15T21:25:29.573+0100: 1,843: Total time for which application threads were stopped: 0,0000873 seconds, Stopping threads took: 0,0000159 seconds
2016-11-15T21:25:29.627+0100: 1,898: Total time for which application threads were stopped: 0,0000840 seconds, Stopping threads took: 0,0000148 seconds
2016-11-15T21:25:29.628+0100: 1,898: Total time for which application threads were stopped: 0,0002455 seconds, Stopping threads took: 0,0000102 seconds
2016-11-15T21:25:29.660+0100: 1,930: Total time for which application threads were stopped: 0,0000743 seconds, Stopping threads took: 0,0000160 seconds
2016-11-15T21:25:29.750+0100: 2,020: Total time for which application threads were stopped: 0,0001941 seconds, Stopping threads took: 0,0000678 seconds
2016-11-15T21:25:29.803+0100: 2,073: Total time for which application threads were stopped: 0,0001159 seconds, Stopping threads took: 0,0000255 seconds
2016-11-15T21:25:29.815+0100: 2,086: Total time for which application threads were stopped: 0,0003325 seconds, Stopping threads took: 0,0000183 seconds
2016-11-15T21:25:29.821+0100: 2,092: Total time for which application threads were stopped: 0,0000754 seconds, Stopping threads took: 0,0000162 seconds
2016-11-15T21:25:29.823+0100: 2,094: Total time for which application threads were stopped: 0,0003203 seconds, Stopping threads took: 0,0000217 seconds
2016-11-15T21:25:29.923+0100: 2,194: Total time for which application threads were stopped: 0,0001022 seconds, Stopping threads took: 0,0000183 seconds
2016-11-15T21:25:30.015+0100: 2,285: Total time for which application threads were stopped: 0,0000888 seconds, Stopping threads took: 0,0000175 seconds
2016-11-15T21:25:30.071+0100: 2,342: Total time for which application threads were stopped: 0,0001202 seconds, Stopping threads took: 0,0000298 seconds
2016-11-15T21:25:30.114+0100: 2,385: Total time for which application threads were stopped: 0,0001023 seconds, Stopping threads took: 0,0000177 seconds
2016-11-15T21:25:30.152+0100: 2,423: Total time for which application threads were stopped: 0,0001363 seconds, Stopping threads took: 0,0000312 seconds
2016-11-15T21:25:30.279+0100: 2,549: Total time for which application threads were stopped: 0,0001150 seconds, Stopping threads took: 0,0000382 seconds
2016-11-15T21:25:30.299+0100: 2,570: Total time for which application threads were stopped: 0,0001313 seconds, Stopping threads took: 0,0000234 seconds
{Heap before GC invocations=2 (full 0):
 par new generation   total 109248K, used 102176K [0x00000000e0000000, 0x00000000e8000000, 0x00000000e8000000)
  eden space 87424K, 100% used [0x00000000e0000000, 0x00000000e5560000, 0x00000000e5560000)
  from space 21824K,  67% used [0x00000000e5560000, 0x00000000e63c8380, 0x00000000e6ab0000)
  to   space 21824K,   0% used [0x00000000e6ab0000, 0x00000000e6ab0000, 0x00000000e8000000)
 concurrent mark-sweep generation total 393216K, used 0K [0x00000000e8000000, 0x0000000100000000, 0x0000000100000000)
 Metaspace       used 24847K, capacity 25220K, committed 25536K, reserved 1071104K
  class space    used 2894K, capacity 3024K, committed 3144K, reserved 1048576K
2016-11-15T21:25:30.314+0100: 2,584: [GC (Allocation Failure) 2016-11-15T21:25:30.314+0100: 2,584: [ParNew
Desired survivor size 20112992 bytes, new threshold 8 (max 8)
- age   1:    4849560 bytes,    4849560 total
- age   2:     584264 bytes,    5433824 total
- age   3:    6042200 bytes,   11476024 total
: 102176K->13722K(109248K), 0,0145512 secs] 102176K->13722K(502464K), 0,0146401 secs] [Times: user=0,03 sys=0,01, real=0,01 secs] 
Heap after GC invocations=3 (full 0):
 par new generation   total 109248K, used 13722K [0x00000000e0000000, 0x00000000e8000000, 0x00000000e8000000)
  eden space 87424K,   0% used [0x00000000e0000000, 0x00000000e0000000, 0x00000000e5560000)
  from space 21824K,  62% used [0x00000000e6ab0000, 0x00000000e7816940, 0x00000000e8000000)
  to   space 21824K,   0% used [0x00000000e5560000, 0x00000000e5560000, 0x00000000e6ab0000)
 concurrent mark-sweep generation total 393216K, used 0K [0x00000000e8000000, 0x0000000100000000, 0x0000000100000000)
 Metaspace       used 24847K, capacity 25220K, committed 25536K, reserved 1071104K
  class space    used 2894K, capacity 3024K, committed 3144K, reserved 1048576K
}
2016-11-15T21:25:30.328+0100: 2,599: Total time for which application threads were stopped: 0,0148237 seconds, Stopping threads took: 0,0000388 seconds
2016-11-15T21:25:30.333+0100: 2,603: [GC (CMS Initial Mark) [1 CMS-initial-mark: 0K(393216K)] 15352K(502464K), 0,0033406 secs] [Times: user=0,01 sys=0,00, real=0,00 secs] 
2016-11-15T21:25:30.336+0100: 2,607: Total time for which application threads were stopped: 0,0034870 seconds, Stopping threads took: 0,0000614 seconds
2016-11-15T21:25:30.336+0100: 2,607: [CMS-concurrent-mark-start]
2016-11-15T21:25:30.340+0100: 2,610: [CMS-concurrent-mark: 0,003/0,003 secs] [Times: user=0,01 sys=0,00, real=0,00 secs] 
2016-11-15T21:25:30.340+0100: 2,610: [CMS-concurrent-preclean-start]
2016-11-15T21:25:30.341+0100: 2,611: [CMS-concurrent-preclean: 0,001/0,001 secs] [Times: user=0,00 sys=0,00, real=0,00 secs] 
2016-11-15T21:25:30.341+0100: 2,611: [CMS-concurrent-abortable-preclean-start]
2016-11-15T21:25:30.367+0100: 2,637: Total time for which application threads were stopped: 0,0001061 seconds, Stopping threads took: 0,0000227 seconds
2016-11-15T21:25:30.471+0100: 2,742: Total time for which application threads were stopped: 0,0000960 seconds, Stopping threads took: 0,0000198 seconds
2016-11-15T21:25:30.476+0100: 2,747: Total time for which application threads were stopped: 0,0003716 seconds, Stopping threads took: 0,0000217 seconds
2016-11-15T21:25:30.535+0100: 2,806: Total time for which application threads were stopped: 0,0001418 seconds, Stopping threads took: 0,0000339 seconds
2016-11-15T21:25:30.567+0100: 2,838: Total time for which application threads were stopped: 0,0001375 seconds, Stopping threads took: 0,0000284 seconds
2016-11-15T21:25:30.611+0100: 2,882: Total time for which application threads were stopped: 0,0001217 seconds, Stopping threads took: 0,0000279 seconds
2016-11-15T21:25:30.648+0100: 2,918: Total time for which application threads were stopped: 0,0000937 seconds, Stopping threads took: 0,0000224 seconds
2016-11-15T21:25:31.648+0100: 3,918: Total time for which application threads were stopped: 0,0000634 seconds, Stopping threads took: 0,0000148 seconds
2016-11-15T21:25:31.777+0100: 4,048: Total time for which application threads were stopped: 0,0002963 seconds, Stopping threads took: 0,0000183 seconds
 CMS: abort preclean due to time 2016-11-15T21:25:36.398+0100: 8,668: [CMS-concurrent-abortable-preclean: 1,895/6,057 secs] [Times: user=3,04 sys=0,03, real=6,06 secs] 
2016-11-15T21:25:36.398+0100: 8,668: [GC (CMS Final Remark) [YG occupancy: 36981 K (109248 K)]{Heap before GC invocations=3 (full 1):
 par new generation   total 109248K, used 36981K [0x00000000e0000000, 0x00000000e8000000, 0x00000000e8000000)
  eden space 87424K,  26% used [0x00000000e0000000, 0x00000000e16b6e98, 0x00000000e5560000)
  from space 21824K,  62% used [0x00000000e6ab0000, 0x00000000e7816940, 0x00000000e8000000)
  to   space 21824K,   0% used [0x00000000e5560000, 0x00000000e5560000, 0x00000000e6ab0000)
 concurrent mark-sweep generation total 393216K, used 0K [0x00000000e8000000, 0x0000000100000000, 0x0000000100000000)
 Metaspace       used 27093K, capacity 27492K, committed 27604K, reserved 1073152K
  class space    used 3144K, capacity 3286K, committed 3296K, reserved 1048576K
2016-11-15T21:25:36.398+0100: 8,668: [GC (CMS Final Remark) 2016-11-15T21:25:36.398+0100: 8,668: [ParNew
Desired survivor size 20112992 bytes, new threshold 8 (max 8)
- age   1:    6338432 bytes,    6338432 total
- age   2:    1308464 bytes,    7646896 total
- age   3:     583480 bytes,    8230376 total
- age   4:    6006712 bytes,   14237088 total
: 36981K->18987K(109248K), 0,0120876 secs] 36981K->18987K(502464K), 0,0121304 secs] [Times: user=0,04 sys=0,00, real=0,01 secs] 
Heap after GC invocations=4 (full 1):
 par new generation   total 109248K, used 18987K [0x00000000e0000000, 0x00000000e8000000, 0x00000000e8000000)
  eden space 87424K,   0% used [0x00000000e0000000, 0x00000000e0000000, 0x00000000e5560000)
  from space 21824K,  87% used [0x00000000e5560000, 0x00000000e67eafd8, 0x00000000e6ab0000)
  to   space 21824K,   0% used [0x00000000e6ab0000, 0x00000000e6ab0000, 0x00000000e8000000)
 concurrent mark-sweep generation total 393216K, used 0K [0x00000000e8000000, 0x0000000100000000, 0x0000000100000000)
 Metaspace       used 27093K, capacity 27492K, committed 27604K, reserved 1073152K
  class space    used 3144K, capacity 3286K, committed 3296K, reserved 1048576K
}
2016-11-15T21:25:36.410+0100: 8,680: [Rescan (parallel) , 0,0039853 secs]2016-11-15T21:25:36.414+0100: 8,684: [weak refs processing, 0,0011347 secs]2016-11-15T21:25:36.415+0100: 8,686: [class unloading, 0,0031880 secs]2016-11-15T21:25:36.418+0100: 8,689: [scrub symbol table, 0,0035192 secs]2016-11-15T21:25:36.422+0100: 8,692: [scrub string table, 0,0004096 secs][1 CMS-remark: 0K(393216K)] 18987K(502464K), 0,0251501 secs] [Times: user=0,06 sys=0,00, real=0,02 secs] 
2016-11-15T21:25:36.423+0100: 8,693: Total time for which application threads were stopped: 0,0252304 seconds, Stopping threads took: 0,0000139 seconds
2016-11-15T21:25:36.423+0100: 8,693: [CMS-concurrent-sweep-start]
2016-11-15T21:25:36.423+0100: 8,694: [CMS-concurrent-sweep: 0,000/0,000 secs] [Times: user=0,00 sys=0,00, real=0,00 secs] 
2016-11-15T21:25:36.423+0100: 8,694: [CMS-concurrent-reset-start]
2016-11-15T21:25:36.425+0100: 8,695: [CMS-concurrent-reset: 0,002/0,002 secs] [Times: user=0,00 sys=0,00, real=0,01 secs] 
2016-11-15T21:25:37.423+0100: 9,694: Total time for which application threads were stopped: 0,0000650 seconds, Stopping threads took: 0,0000182 seconds
2016-11-15T21:25:48.425+0100: 20,695: Total time for which application threads were stopped: 0,0000571 seconds, Stopping threads took: 0,0000159 seconds
2016-11-15T21:25:57.660+0100: 30,697: Total time for which application threads were stopped: 0,0000576 seconds, Stopping threads took: 0,0000172 seconds
2016-11-15T21:26:02.661+0100: 35,697: Total time for which application threads were stopped: 0,0000710 seconds, Stopping threads took: 0,0000309 seconds
2016-11-15T21:26:12.662+0100: 45,699: Total time for which application threads were stopped: 0,0000563 seconds, Stopping threads took: 0,0000153 seconds
2016-11-15T21:26:18.663+0100: 51,700: Total time for which application threads were stopped: 0,0003319 seconds, Stopping threads took: 0,0000807 seconds
2016-11-15T21:26:52.667+0100: 85,704: Total time for which application threads were stopped: 0,0003840 seconds, Stopping threads took: 0,0002563 seconds
2016-11-15T21:28:08.676+0100: 161,712: Total time for which application threads were stopped: 0,0000707 seconds, Stopping threads took: 0,0000302 seconds
2016-11-15T21:28:13.676+0100: 166,713: Total time for which application threads were stopped: 0,0000826 seconds, Stopping threads took: 0,0000358 seconds
2016-11-15T21:29:23.684+0100: 236,721: Total time for which application threads were stopped: 0,0000840 seconds, Stopping threads took: 0,0000393 seconds
2016-11-15T21:30:13.690+0100: 286,726: Total time for which application threads were stopped: 0,0005206 seconds, Stopping threads took: 0,0001892 seconds
2016-11-15T21:49:07.823+0100: 1420,860: Total time for which application threads were stopped: 0,0000820 seconds, Stopping threads took: 0,0000338 seconds
2016-11-15T21:53:47.856+0100: 1700,893: Total time for which application threads were stopped: 0,0000847 seconds, Stopping threads took: 0,0000343 seconds
2016-11-15T22:04:28.932+0100: 2341,968: Total time for which application threads were stopped: 0,0000802 seconds, Stopping threads took: 0,0000331 seconds
2016-11-15T22:04:32.932+0100: 2345,969: Total time for which application threads were stopped: 0,0000560 seconds, Stopping threads took: 0,0000142 seconds
2016-11-15T22:07:38.956+0100: 2531,993: Total time for which application threads were stopped: 0,0003600 seconds, Stopping threads took: 0,0001292 seconds
2016-11-15T22:20:49.050+0100: 3322,087: Total time for which application threads were stopped: 0,0000796 seconds, Stopping threads took: 0,0000333 seconds
2016-11-15T22:29:48.115+0100: 3861,152: Total time for which application threads were stopped: 0,0000904 seconds, Stopping threads took: 0,0000368 seconds
2016-11-15T22:29:58.117+0100: 3871,153: Total time for which application threads were stopped: 0,0000895 seconds, Stopping threads took: 0,0000351 seconds
2016-11-15T22:31:13.128+0100: 3946,165: Total time for which application threads were stopped: 0,0000741 seconds, Stopping threads took: 0,0000322 seconds
2016-11-15T22:32:28.135+0100: 4021,172: Total time for which application threads were stopped: 0,0000836 seconds, Stopping threads took: 0,0000364 seconds
2016-11-15T23:16:58.453+0100: 6691,490: Total time for which application threads were stopped: 0,0004798 seconds, Stopping threads took: 0,0001708 seconds
2016-11-15T23:17:03.453+0100: 6696,490: Total time for which application threads were stopped: 0,0000584 seconds, Stopping threads took: 0,0000145 seconds
2016-11-15T23:20:58.477+0100: 6931,514: Total time for which application threads were stopped: 0,0003657 seconds, Stopping threads took: 0,0001368 seconds
2016-11-15T23:22:18.486+0100: 7011,523: Total time for which application threads were stopped: 0,0001712 seconds, Stopping threads took: 0,0000686 seconds
2016-11-15T23:30:28.541+0100: 7501,578: Total time for which application threads were stopped: 0,0000913 seconds, Stopping threads took: 0,0000319 seconds
2016-11-15T23:30:58.545+0100: 7531,581: Total time for which application threads were stopped: 0,0003207 seconds, Stopping threads took: 0,0001448 seconds
2016-11-15T23:33:28.563+0100: 7681,600: Total time for which application threads were stopped: 0,0000863 seconds, Stopping threads took: 0,0000348 seconds
2016-11-16T00:07:24.553+0100: 9717,589: Total time for which application threads were stopped: 0,0001532 seconds, Stopping threads took: 0,0000276 seconds
Heap
 par new generation   total 109248K, used 45375K [0x00000000e0000000, 0x00000000e8000000, 0x00000000e8000000)
  eden space 87424K,  30% used [0x00000000e0000000, 0x00000000e19c4c80, 0x00000000e5560000)
  from space 21824K,  87% used [0x00000000e5560000, 0x00000000e67eafd8, 0x00000000e6ab0000)
  to   space 21824K,   0% used [0x00000000e6ab0000, 0x00000000e6ab0000, 0x00000000e8000000)
 concurrent mark-sweep generation total 393216K, used 0K [0x00000000e8000000, 0x0000000100000000, 0x0000000100000000)
 Metaspace       used 27226K, capacity 27722K, committed 27940K, reserved 1073152K
  class space    used 3161K, capacity 3319K, committed 3424K, reserved 1048576K
