OpenJDK 64-Bit Server VM (25.131-b11) for linux-amd64 JRE (1.8.0_131-8u131-b11-2ubuntu1.16.04.3-b11), built on Jul 28 2017 01:23:32 by "buildd" with gcc 5.4.0 20160609
Memory: 4k page, physical 7867732k(7392108k free), swap 8076284k(8076284k free)
CommandLine flags: -XX:CMSInitiatingOccupancyFraction=50 -XX:CMSMaxAbortablePrecleanTime=6000 -XX:+CMSParallelRemarkEnabled -XX:+CMSScavengeBeforeRemark -XX:ConcGCThreads=4 -XX:InitialHeapSize=536870912 -XX:MaxHeapSize=536870912 -XX:MaxTenuringThreshold=8 -XX:NewRatio=3 -XX:OldPLABSize=16 -XX:OnOutOfMemoryError=/opt/solr/bin/oom_solr.sh 8983 /var/solr/logs -XX:ParallelGCThreads=4 -XX:+ParallelRefProcEnabled -XX:PretenureSizeThreshold=67108864 -XX:+PrintGC -XX:+PrintGCApplicationStoppedTime -XX:+PrintGCDateStamps -XX:+PrintGCDetails -XX:+PrintGCTimeStamps -XX:+PrintHeapAtGC -XX:+PrintTenuringDistribution -XX:SurvivorRatio=4 -XX:TargetSurvivorRatio=90 -XX:ThreadStackSize=256 -XX:+UseCMSInitiatingOccupancyOnly -XX:+UseCompressedClassPointers -XX:+UseCompressedOops -XX:+UseConcMarkSweepGC -XX:+UseParNewGC 
2017-08-27T10:13:58.396+0200: 0,172: Total time for which application threads were stopped: 0,0000658 seconds, Stopping threads took: 0,0000100 seconds
2017-08-27T10:13:58.480+0200: 0,256: Total time for which application threads were stopped: 0,0001098 seconds, Stopping threads took: 0,0000155 seconds
2017-08-27T10:13:58.495+0200: 0,271: Total time for which application threads were stopped: 0,0000797 seconds, Stopping threads took: 0,0000118 seconds
2017-08-27T10:13:58.713+0200: 0,489: Total time for which application threads were stopped: 0,0001728 seconds, Stopping threads took: 0,0000189 seconds
2017-08-27T10:13:59.157+0200: 0,932: Total time for which application threads were stopped: 0,0001783 seconds, Stopping threads took: 0,0000133 seconds
2017-08-27T10:13:59.265+0200: 1,041: Total time for which application threads were stopped: 0,0003726 seconds, Stopping threads took: 0,0000158 seconds
2017-08-27T10:13:59.371+0200: 1,146: Total time for which application threads were stopped: 0,0002938 seconds, Stopping threads took: 0,0000673 seconds
2017-08-27T10:13:59.655+0200: 1,431: Total time for which application threads were stopped: 0,0001991 seconds, Stopping threads took: 0,0000157 seconds
2017-08-27T10:13:59.876+0200: 1,651: Total time for which application threads were stopped: 0,0002417 seconds, Stopping threads took: 0,0000251 seconds
2017-08-27T10:13:59.898+0200: 1,674: Total time for which application threads were stopped: 0,0002116 seconds, Stopping threads took: 0,0000226 seconds
2017-08-27T10:13:59.934+0200: 1,710: Total time for which application threads were stopped: 0,0010203 seconds, Stopping threads took: 0,0000846 seconds
2017-08-27T10:13:59.935+0200: 1,711: Total time for which application threads were stopped: 0,0002086 seconds, Stopping threads took: 0,0000304 seconds
2017-08-27T10:13:59.957+0200: 1,732: Total time for which application threads were stopped: 0,0002012 seconds, Stopping threads took: 0,0000176 seconds
2017-08-27T10:14:00.042+0200: 1,818: Total time for which application threads were stopped: 0,0002179 seconds, Stopping threads took: 0,0000182 seconds
2017-08-27T10:14:00.199+0200: 1,975: Total time for which application threads were stopped: 0,0002886 seconds, Stopping threads took: 0,0000426 seconds
{Heap before GC invocations=0 (full 0):
 par new generation   total 109248K, used 87424K [0x00000000e0000000, 0x00000000e8000000, 0x00000000e8000000)
  eden space 87424K, 100% used [0x00000000e0000000, 0x00000000e5560000, 0x00000000e5560000)
  from space 21824K,   0% used [0x00000000e5560000, 0x00000000e5560000, 0x00000000e6ab0000)
  to   space 21824K,   0% used [0x00000000e6ab0000, 0x00000000e6ab0000, 0x00000000e8000000)
 concurrent mark-sweep generation total 393216K, used 0K [0x00000000e8000000, 0x0000000100000000, 0x0000000100000000)
 Metaspace       used 18109K, capacity 18464K, committed 18688K, reserved 1064960K
  class space    used 2045K, capacity 2196K, committed 2304K, reserved 1048576K
2017-08-27T10:14:00.294+0200: 2,069: [GC (Allocation Failure) 2017-08-27T10:14:00.294+0200: 2,069: [ParNew
Desired survivor size 20112992 bytes, new threshold 8 (max 8)
- age   1:   12677384 bytes,   12677384 total
: 87424K->12501K(109248K), 0,0242062 secs] 87424K->12501K(502464K), 0,0242976 secs] [Times: user=0,05 sys=0,02, real=0,03 secs] 
Heap after GC invocations=1 (full 0):
 par new generation   total 109248K, used 12501K [0x00000000e0000000, 0x00000000e8000000, 0x00000000e8000000)
  eden space 87424K,   0% used [0x00000000e0000000, 0x00000000e0000000, 0x00000000e5560000)
  from space 21824K,  57% used [0x00000000e6ab0000, 0x00000000e76e5438, 0x00000000e8000000)
  to   space 21824K,   0% used [0x00000000e5560000, 0x00000000e5560000, 0x00000000e6ab0000)
 concurrent mark-sweep generation total 393216K, used 0K [0x00000000e8000000, 0x0000000100000000, 0x0000000100000000)
 Metaspace       used 18109K, capacity 18464K, committed 18688K, reserved 1064960K
  class space    used 2045K, capacity 2196K, committed 2304K, reserved 1048576K
}
2017-08-27T10:14:00.318+0200: 2,094: Total time for which application threads were stopped: 0,0247252 seconds, Stopping threads took: 0,0001859 seconds
2017-08-27T10:14:00.623+0200: 2,398: Total time for which application threads were stopped: 0,0003423 seconds, Stopping threads took: 0,0000613 seconds
2017-08-27T10:14:00.659+0200: 2,435: Total time for which application threads were stopped: 0,0003700 seconds, Stopping threads took: 0,0000569 seconds
{Heap before GC invocations=1 (full 0):
 par new generation   total 109248K, used 99925K [0x00000000e0000000, 0x00000000e8000000, 0x00000000e8000000)
  eden space 87424K, 100% used [0x00000000e0000000, 0x00000000e5560000, 0x00000000e5560000)
  from space 21824K,  57% used [0x00000000e6ab0000, 0x00000000e76e5438, 0x00000000e8000000)
  to   space 21824K,   0% used [0x00000000e5560000, 0x00000000e5560000, 0x00000000e6ab0000)
 concurrent mark-sweep generation total 393216K, used 0K [0x00000000e8000000, 0x0000000100000000, 0x0000000100000000)
 Metaspace       used 20108K, capacity 20436K, committed 20736K, reserved 1067008K
  class space    used 2298K, capacity 2472K, committed 2560K, reserved 1048576K
2017-08-27T10:14:00.668+0200: 2,443: [GC (Allocation Failure) 2017-08-27T10:14:00.668+0200: 2,444: [ParNew
Desired survivor size 20112992 bytes, new threshold 8 (max 8)
- age   1:    3734072 bytes,    3734072 total
- age   2:    6688224 bytes,   10422296 total
: 99925K->15838K(109248K), 0,0149083 secs] 99925K->15838K(502464K), 0,0149909 secs] [Times: user=0,05 sys=0,00, real=0,01 secs] 
Heap after GC invocations=2 (full 0):
 par new generation   total 109248K, used 15838K [0x00000000e0000000, 0x00000000e8000000, 0x00000000e8000000)
  eden space 87424K,   0% used [0x00000000e0000000, 0x00000000e0000000, 0x00000000e5560000)
  from space 21824K,  72% used [0x00000000e5560000, 0x00000000e64d7880, 0x00000000e6ab0000)
  to   space 21824K,   0% used [0x00000000e6ab0000, 0x00000000e6ab0000, 0x00000000e8000000)
 concurrent mark-sweep generation total 393216K, used 0K [0x00000000e8000000, 0x0000000100000000, 0x0000000100000000)
 Metaspace       used 20108K, capacity 20436K, committed 20736K, reserved 1067008K
  class space    used 2298K, capacity 2472K, committed 2560K, reserved 1048576K
}
2017-08-27T10:14:00.683+0200: 2,459: Total time for which application threads were stopped: 0,0152229 seconds, Stopping threads took: 0,0000648 seconds
2017-08-27T10:14:00.721+0200: 2,497: Total time for which application threads were stopped: 0,0018516 seconds, Stopping threads took: 0,0015816 seconds
2017-08-27T10:14:00.866+0200: 2,641: Total time for which application threads were stopped: 0,0001518 seconds, Stopping threads took: 0,0000362 seconds
{Heap before GC invocations=2 (full 0):
 par new generation   total 109248K, used 103262K [0x00000000e0000000, 0x00000000e8000000, 0x00000000e8000000)
  eden space 87424K, 100% used [0x00000000e0000000, 0x00000000e5560000, 0x00000000e5560000)
  from space 21824K,  72% used [0x00000000e5560000, 0x00000000e64d7880, 0x00000000e6ab0000)
  to   space 21824K,   0% used [0x00000000e6ab0000, 0x00000000e6ab0000, 0x00000000e8000000)
 concurrent mark-sweep generation total 393216K, used 0K [0x00000000e8000000, 0x0000000100000000, 0x0000000100000000)
 Metaspace       used 21020K, capacity 21364K, committed 21628K, reserved 1069056K
  class space    used 2420K, capacity 2592K, committed 2684K, reserved 1048576K
2017-08-27T10:14:00.901+0200: 2,676: [GC (Allocation Failure) 2017-08-27T10:14:00.901+0200: 2,676: [ParNew
Desired survivor size 20112992 bytes, new threshold 8 (max 8)
- age   1:    2262744 bytes,    2262744 total
- age   2:     860904 bytes,    3123648 total
- age   3:    6684592 bytes,    9808240 total
: 103262K->11310K(109248K), 0,0092917 secs] 103262K->11310K(502464K), 0,0093589 secs] [Times: user=0,04 sys=0,00, real=0,01 secs] 
Heap after GC invocations=3 (full 0):
 par new generation   total 109248K, used 11310K [0x00000000e0000000, 0x00000000e8000000, 0x00000000e8000000)
  eden space 87424K,   0% used [0x00000000e0000000, 0x00000000e0000000, 0x00000000e5560000)
  from space 21824K,  51% used [0x00000000e6ab0000, 0x00000000e75bbad0, 0x00000000e8000000)
  to   space 21824K,   0% used [0x00000000e5560000, 0x00000000e5560000, 0x00000000e6ab0000)
 concurrent mark-sweep generation total 393216K, used 0K [0x00000000e8000000, 0x0000000100000000, 0x0000000100000000)
 Metaspace       used 21020K, capacity 21364K, committed 21628K, reserved 1069056K
  class space    used 2420K, capacity 2592K, committed 2684K, reserved 1048576K
}
2017-08-27T10:14:00.910+0200: 2,686: Total time for which application threads were stopped: 0,0122154 seconds, Stopping threads took: 0,0027371 seconds
2017-08-27T10:14:00.910+0200: 2,686: [GC (CMS Initial Mark) [1 CMS-initial-mark: 0K(393216K)] 12040K(502464K), 0,0026253 secs] [Times: user=0,01 sys=0,00, real=0,00 secs] 
2017-08-27T10:14:00.913+0200: 2,689: Total time for which application threads were stopped: 0,0027469 seconds, Stopping threads took: 0,0000543 seconds
2017-08-27T10:14:00.913+0200: 2,689: [CMS-concurrent-mark-start]
2017-08-27T10:14:00.913+0200: 2,689: [CMS-concurrent-mark: 0,000/0,000 secs] [Times: user=0,00 sys=0,00, real=0,00 secs] 
2017-08-27T10:14:00.913+0200: 2,689: [CMS-concurrent-preclean-start]
2017-08-27T10:14:00.915+0200: 2,690: [CMS-concurrent-preclean: 0,001/0,001 secs] [Times: user=0,01 sys=0,00, real=0,00 secs] 
2017-08-27T10:14:00.915+0200: 2,690: [GC (CMS Final Remark) [YG occupancy: 12040 K (109248 K)]{Heap before GC invocations=3 (full 1):
 par new generation   total 109248K, used 12040K [0x00000000e0000000, 0x00000000e8000000, 0x00000000e8000000)
  eden space 87424K,   0% used [0x00000000e0000000, 0x00000000e00b6650, 0x00000000e5560000)
  from space 21824K,  51% used [0x00000000e6ab0000, 0x00000000e75bbad0, 0x00000000e8000000)
  to   space 21824K,   0% used [0x00000000e5560000, 0x00000000e5560000, 0x00000000e6ab0000)
 concurrent mark-sweep generation total 393216K, used 0K [0x00000000e8000000, 0x0000000100000000, 0x0000000100000000)
 Metaspace       used 21022K, capacity 21364K, committed 21628K, reserved 1069056K
  class space    used 2420K, capacity 2592K, committed 2684K, reserved 1048576K
2017-08-27T10:14:00.915+0200: 2,691: [GC (CMS Final Remark) 2017-08-27T10:14:00.915+0200: 2,691: [ParNew
Desired survivor size 20112992 bytes, new threshold 8 (max 8)
- age   1:      49184 bytes,      49184 total
- age   2:    1704656 bytes,    1753840 total
- age   3:     831672 bytes,    2585512 total
- age   4:    6684384 bytes,    9269896 total
: 12040K->14550K(109248K), 0,0139290 secs] 12040K->14550K(502464K), 0,0139782 secs] [Times: user=0,04 sys=0,01, real=0,02 secs] 
Heap after GC invocations=4 (full 1):
 par new generation   total 109248K, used 14550K [0x00000000e0000000, 0x00000000e8000000, 0x00000000e8000000)
  eden space 87424K,   0% used [0x00000000e0000000, 0x00000000e0000000, 0x00000000e5560000)
  from space 21824K,  66% used [0x00000000e5560000, 0x00000000e6395b08, 0x00000000e6ab0000)
  to   space 21824K,   0% used [0x00000000e6ab0000, 0x00000000e6ab0000, 0x00000000e8000000)
 concurrent mark-sweep generation total 393216K, used 0K [0x00000000e8000000, 0x0000000100000000, 0x0000000100000000)
 Metaspace       used 21022K, capacity 21364K, committed 21628K, reserved 1069056K
  class space    used 2420K, capacity 2592K, committed 2684K, reserved 1048576K
}
2017-08-27T10:14:00.929+0200: 2,705: [Rescan (parallel) , 0,0055013 secs]2017-08-27T10:14:00.934+0200: 2,710: [weak refs processing, 0,0014745 secs]2017-08-27T10:14:00.936+0200: 2,712: [class unloading, 0,0029417 secs]2017-08-27T10:14:00.939+0200: 2,715: [scrub symbol table, 0,0037290 secs]2017-08-27T10:14:00.943+0200: 2,718: [scrub string table, 0,0004549 secs][1 CMS-remark: 0K(393216K)] 14550K(502464K), 0,0287378 secs] [Times: user=0,08 sys=0,01, real=0,03 secs] 
2017-08-27T10:14:00.944+0200: 2,719: Total time for which application threads were stopped: 0,0288515 seconds, Stopping threads took: 0,0000282 seconds
2017-08-27T10:14:00.944+0200: 2,719: [CMS-concurrent-sweep-start]
2017-08-27T10:14:00.944+0200: 2,719: [CMS-concurrent-sweep: 0,000/0,000 secs] [Times: user=0,00 sys=0,00, real=0,00 secs] 
2017-08-27T10:14:00.944+0200: 2,719: [CMS-concurrent-reset-start]
2017-08-27T10:14:00.946+0200: 2,722: [CMS-concurrent-reset: 0,003/0,003 secs] [Times: user=0,00 sys=0,00, real=0,01 secs] 
{Heap before GC invocations=4 (full 1):
 par new generation   total 109248K, used 101974K [0x00000000e0000000, 0x00000000e8000000, 0x00000000e8000000)
  eden space 87424K, 100% used [0x00000000e0000000, 0x00000000e5560000, 0x00000000e5560000)
  from space 21824K,  66% used [0x00000000e5560000, 0x00000000e6395b08, 0x00000000e6ab0000)
  to   space 21824K,   0% used [0x00000000e6ab0000, 0x00000000e6ab0000, 0x00000000e8000000)
 concurrent mark-sweep generation total 393216K, used 0K [0x00000000e8000000, 0x0000000100000000, 0x0000000100000000)
 Metaspace       used 21276K, capacity 21658K, committed 21884K, reserved 1069056K
  class space    used 2451K, capacity 2610K, committed 2684K, reserved 1048576K
2017-08-27T10:14:01.035+0200: 2,811: [GC (Allocation Failure) 2017-08-27T10:14:01.035+0200: 2,811: [ParNew
Desired survivor size 20112992 bytes, new threshold 8 (max 8)
- age   1:    1375272 bytes,    1375272 total
- age   3:    1454272 bytes,    2829544 total
- age   4:     831400 bytes,    3660944 total
- age   5:    6684480 bytes,   10345424 total
: 101974K->13025K(109248K), 0,0106946 secs] 101974K->13025K(502464K), 0,0107750 secs] [Times: user=0,04 sys=0,00, real=0,02 secs] 
Heap after GC invocations=5 (full 1):
 par new generation   total 109248K, used 13025K [0x00000000e0000000, 0x00000000e8000000, 0x00000000e8000000)
  eden space 87424K,   0% used [0x00000000e0000000, 0x00000000e0000000, 0x00000000e5560000)
  from space 21824K,  59% used [0x00000000e6ab0000, 0x00000000e7768620, 0x00000000e8000000)
  to   space 21824K,   0% used [0x00000000e5560000, 0x00000000e5560000, 0x00000000e6ab0000)
 concurrent mark-sweep generation total 393216K, used 0K [0x00000000e8000000, 0x0000000100000000, 0x0000000100000000)
 Metaspace       used 21276K, capacity 21658K, committed 21884K, reserved 1069056K
  class space    used 2451K, capacity 2610K, committed 2684K, reserved 1048576K
}
2017-08-27T10:14:01.046+0200: 2,822: Total time for which application threads were stopped: 0,0111765 seconds, Stopping threads took: 0,0002323 seconds
{Heap before GC invocations=5 (full 1):
 par new generation   total 109248K, used 100449K [0x00000000e0000000, 0x00000000e8000000, 0x00000000e8000000)
  eden space 87424K, 100% used [0x00000000e0000000, 0x00000000e5560000, 0x00000000e5560000)
  from space 21824K,  59% used [0x00000000e6ab0000, 0x00000000e7768620, 0x00000000e8000000)
  to   space 21824K,   0% used [0x00000000e5560000, 0x00000000e5560000, 0x00000000e6ab0000)
 concurrent mark-sweep generation total 393216K, used 0K [0x00000000e8000000, 0x0000000100000000, 0x0000000100000000)
 Metaspace       used 21425K, capacity 21830K, committed 21884K, reserved 1069056K
  class space    used 2470K, capacity 2644K, committed 2684K, reserved 1048576K
2017-08-27T10:14:01.141+0200: 2,916: [GC (Allocation Failure) 2017-08-27T10:14:01.141+0200: 2,916: [ParNew
Desired survivor size 20112992 bytes, new threshold 8 (max 8)
- age   1:    1070160 bytes,    1070160 total
- age   2:     182128 bytes,    1252288 total
- age   4:    1453976 bytes,    2706264 total
- age   5:     827480 bytes,    3533744 total
- age   6:    6684440 bytes,   10218184 total
: 100449K->15159K(109248K), 0,0115493 secs] 100449K->15159K(502464K), 0,0116295 secs] [Times: user=0,04 sys=0,00, real=0,01 secs] 
Heap after GC invocations=6 (full 1):
 par new generation   total 109248K, used 15159K [0x00000000e0000000, 0x00000000e8000000, 0x00000000e8000000)
  eden space 87424K,   0% used [0x00000000e0000000, 0x00000000e0000000, 0x00000000e5560000)
  from space 21824K,  69% used [0x00000000e5560000, 0x00000000e642de60, 0x00000000e6ab0000)
  to   space 21824K,   0% used [0x00000000e6ab0000, 0x00000000e6ab0000, 0x00000000e8000000)
 concurrent mark-sweep generation total 393216K, used 0K [0x00000000e8000000, 0x0000000100000000, 0x0000000100000000)
 Metaspace       used 21425K, capacity 21830K, committed 21884K, reserved 1069056K
  class space    used 2470K, capacity 2644K, committed 2684K, reserved 1048576K
}
2017-08-27T10:14:01.152+0200: 2,928: Total time for which application threads were stopped: 0,0132533 seconds, Stopping threads took: 0,0014920 seconds
2017-08-27T10:14:01.183+0200: 2,959: Total time for which application threads were stopped: 0,0002907 seconds, Stopping threads took: 0,0000168 seconds
2017-08-27T10:14:01.427+0200: 3,203: Total time for which application threads were stopped: 0,0004261 seconds, Stopping threads took: 0,0000249 seconds
2017-08-27T10:14:01.444+0200: 3,220: Total time for which application threads were stopped: 0,0004566 seconds, Stopping threads took: 0,0000399 seconds
2017-08-27T10:14:01.476+0200: 3,252: Total time for which application threads were stopped: 0,0003793 seconds, Stopping threads took: 0,0000243 seconds
{Heap before GC invocations=6 (full 1):
 par new generation   total 109248K, used 102583K [0x00000000e0000000, 0x00000000e8000000, 0x00000000e8000000)
  eden space 87424K, 100% used [0x00000000e0000000, 0x00000000e5560000, 0x00000000e5560000)
  from space 21824K,  69% used [0x00000000e5560000, 0x00000000e642de60, 0x00000000e6ab0000)
  to   space 21824K,   0% used [0x00000000e6ab0000, 0x00000000e6ab0000, 0x00000000e8000000)
 concurrent mark-sweep generation total 393216K, used 0K [0x00000000e8000000, 0x0000000100000000, 0x0000000100000000)
 Metaspace       used 24237K, capacity 24714K, committed 24828K, reserved 1071104K
  class space    used 2844K, capacity 3050K, committed 3068K, reserved 1048576K
2017-08-27T10:14:01.605+0200: 3,380: [GC (Allocation Failure) 2017-08-27T10:14:01.605+0200: 3,380: [ParNew
Desired survivor size 20112992 bytes, new threshold 8 (max 8)
- age   1:    5502280 bytes,    5502280 total
- age   2:     118368 bytes,    5620648 total
- age   3:     180704 bytes,    5801352 total
- age   5:     284104 bytes,    6085456 total
- age   6:     803120 bytes,    6888576 total
- age   7:    6676208 bytes,   13564784 total
: 102583K->15146K(109248K), 0,0134284 secs] 102583K->15146K(502464K), 0,0134999 secs] [Times: user=0,04 sys=0,00, real=0,01 secs] 
Heap after GC invocations=7 (full 1):
 par new generation   total 109248K, used 15146K [0x00000000e0000000, 0x00000000e8000000, 0x00000000e8000000)
  eden space 87424K,   0% used [0x00000000e0000000, 0x00000000e0000000, 0x00000000e5560000)
  from space 21824K,  69% used [0x00000000e6ab0000, 0x00000000e797a810, 0x00000000e8000000)
  to   space 21824K,   0% used [0x00000000e5560000, 0x00000000e5560000, 0x00000000e6ab0000)
 concurrent mark-sweep generation total 393216K, used 0K [0x00000000e8000000, 0x0000000100000000, 0x0000000100000000)
 Metaspace       used 24237K, capacity 24714K, committed 24828K, reserved 1071104K
  class space    used 2844K, capacity 3050K, committed 3068K, reserved 1048576K
}
2017-08-27T10:14:01.618+0200: 3,394: Total time for which application threads were stopped: 0,0182093 seconds, Stopping threads took: 0,0045214 seconds
{Heap before GC invocations=7 (full 1):
 par new generation   total 109248K, used 102570K [0x00000000e0000000, 0x00000000e8000000, 0x00000000e8000000)
  eden space 87424K, 100% used [0x00000000e0000000, 0x00000000e5560000, 0x00000000e5560000)
  from space 21824K,  69% used [0x00000000e6ab0000, 0x00000000e797a810, 0x00000000e8000000)
  to   space 21824K,   0% used [0x00000000e5560000, 0x00000000e5560000, 0x00000000e6ab0000)
 concurrent mark-sweep generation total 393216K, used 0K [0x00000000e8000000, 0x0000000100000000, 0x0000000100000000)
 Metaspace       used 24517K, capacity 24976K, committed 25084K, reserved 1071104K
  class space    used 2864K, capacity 3051K, committed 3068K, reserved 1048576K
2017-08-27T10:14:01.712+0200: 3,488: [GC (Allocation Failure) 2017-08-27T10:14:01.712+0200: 3,488: [ParNew
Desired survivor size 20112992 bytes, new threshold 8 (max 8)
- age   1:    1492168 bytes,    1492168 total
- age   2:    1845248 bytes,    3337416 total
- age   3:      62384 bytes,    3399800 total
- age   4:      97632 bytes,    3497432 total
- age   6:     197016 bytes,    3694448 total
- age   7:     751656 bytes,    4446104 total
- age   8:    6144792 bytes,   10590896 total
: 102570K->16650K(109248K), 0,0110787 secs] 102570K->16650K(502464K), 0,0111624 secs] [Times: user=0,04 sys=0,00, real=0,01 secs] 
Heap after GC invocations=8 (full 1):
 par new generation   total 109248K, used 16650K [0x00000000e0000000, 0x00000000e8000000, 0x00000000e8000000)
  eden space 87424K,   0% used [0x00000000e0000000, 0x00000000e0000000, 0x00000000e5560000)
  from space 21824K,  76% used [0x00000000e5560000, 0x00000000e65a2980, 0x00000000e6ab0000)
  to   space 21824K,   0% used [0x00000000e6ab0000, 0x00000000e6ab0000, 0x00000000e8000000)
 concurrent mark-sweep generation total 393216K, used 0K [0x00000000e8000000, 0x0000000100000000, 0x0000000100000000)
 Metaspace       used 24517K, capacity 24976K, committed 25084K, reserved 1071104K
  class space    used 2864K, capacity 3051K, committed 3068K, reserved 1048576K
}
2017-08-27T10:14:01.724+0200: 3,499: Total time for which application threads were stopped: 0,0114024 seconds, Stopping threads took: 0,0000638 seconds
{Heap before GC invocations=8 (full 1):
 par new generation   total 109248K, used 104074K [0x00000000e0000000, 0x00000000e8000000, 0x00000000e8000000)
  eden space 87424K, 100% used [0x00000000e0000000, 0x00000000e5560000, 0x00000000e5560000)
  from space 21824K,  76% used [0x00000000e5560000, 0x00000000e65a2980, 0x00000000e6ab0000)
  to   space 21824K,   0% used [0x00000000e6ab0000, 0x00000000e6ab0000, 0x00000000e8000000)
 concurrent mark-sweep generation total 393216K, used 0K [0x00000000e8000000, 0x0000000100000000, 0x0000000100000000)
 Metaspace       used 24725K, capacity 25226K, committed 25468K, reserved 1071104K
  class space    used 2886K, capacity 3088K, committed 3196K, reserved 1048576K
2017-08-27T10:14:01.803+0200: 3,579: [GC (Allocation Failure) 2017-08-27T10:14:01.803+0200: 3,579: [ParNew
Desired survivor size 20112992 bytes, new threshold 8 (max 8)
- age   1:     636832 bytes,     636832 total
- age   2:     968480 bytes,    1605312 total
- age   3:    1813456 bytes,    3418768 total
- age   4:      62360 bytes,    3481128 total
- age   5:      97464 bytes,    3578592 total
- age   7:     193976 bytes,    3772568 total
- age   8:     750816 bytes,    4523384 total
: 104074K->6700K(109248K), 0,0280884 secs] 104074K->12781K(502464K), 0,0281620 secs] [Times: user=0,10 sys=0,00, real=0,03 secs] 
Heap after GC invocations=9 (full 1):
 par new generation   total 109248K, used 6700K [0x00000000e0000000, 0x00000000e8000000, 0x00000000e8000000)
  eden space 87424K,   0% used [0x00000000e0000000, 0x00000000e0000000, 0x00000000e5560000)
  from space 21824K,  30% used [0x00000000e6ab0000, 0x00000000e713b028, 0x00000000e8000000)
  to   space 21824K,   0% used [0x00000000e5560000, 0x00000000e5560000, 0x00000000e6ab0000)
 concurrent mark-sweep generation total 393216K, used 6081K [0x00000000e8000000, 0x0000000100000000, 0x0000000100000000)
 Metaspace       used 24725K, capacity 25226K, committed 25468K, reserved 1071104K
  class space    used 2886K, capacity 3088K, committed 3196K, reserved 1048576K
}
2017-08-27T10:14:01.831+0200: 3,607: Total time for which application threads were stopped: 0,0283796 seconds, Stopping threads took: 0,0000654 seconds
2017-08-27T10:14:02.141+0200: 3,916: Total time for which application threads were stopped: 0,0007014 seconds, Stopping threads took: 0,0000580 seconds
2017-08-27T10:14:02.156+0200: 3,931: Total time for which application threads were stopped: 0,0003840 seconds, Stopping threads took: 0,0000136 seconds
2017-08-27T10:14:02.214+0200: 3,989: Total time for which application threads were stopped: 0,0004025 seconds, Stopping threads took: 0,0000370 seconds
2017-08-27T10:14:02.279+0200: 4,055: Total time for which application threads were stopped: 0,0009029 seconds, Stopping threads took: 0,0005230 seconds
2017-08-27T10:14:02.283+0200: 4,059: Total time for which application threads were stopped: 0,0001333 seconds, Stopping threads took: 0,0000246 seconds
2017-08-27T10:14:02.316+0200: 4,091: Total time for which application threads were stopped: 0,0004928 seconds, Stopping threads took: 0,0000765 seconds
2017-08-27T10:14:02.318+0200: 4,094: Total time for which application threads were stopped: 0,0001504 seconds, Stopping threads took: 0,0000570 seconds
2017-08-27T10:14:02.325+0200: 4,100: Total time for which application threads were stopped: 0,0040038 seconds, Stopping threads took: 0,0039339 seconds
2017-08-27T10:14:02.327+0200: 4,103: Total time for which application threads were stopped: 0,0013814 seconds, Stopping threads took: 0,0012848 seconds
2017-08-27T10:14:02.330+0200: 4,105: Total time for which application threads were stopped: 0,0010947 seconds, Stopping threads took: 0,0009844 seconds
2017-08-27T10:14:02.330+0200: 4,106: Total time for which application threads were stopped: 0,0001021 seconds, Stopping threads took: 0,0000363 seconds
2017-08-27T10:14:02.331+0200: 4,107: Total time for which application threads were stopped: 0,0000919 seconds, Stopping threads took: 0,0000214 seconds
2017-08-27T10:14:02.332+0200: 4,108: Total time for which application threads were stopped: 0,0001180 seconds, Stopping threads took: 0,0000444 seconds
2017-08-27T10:14:02.335+0200: 4,110: Total time for which application threads were stopped: 0,0002330 seconds, Stopping threads took: 0,0001272 seconds
2017-08-27T10:14:02.336+0200: 4,111: Total time for which application threads were stopped: 0,0001456 seconds, Stopping threads took: 0,0000404 seconds
2017-08-27T10:14:02.336+0200: 4,112: Total time for which application threads were stopped: 0,0001088 seconds, Stopping threads took: 0,0000332 seconds
2017-08-27T10:14:02.345+0200: 4,120: Total time for which application threads were stopped: 0,0003085 seconds, Stopping threads took: 0,0002126 seconds
2017-08-27T10:14:02.348+0200: 4,124: Total time for which application threads were stopped: 0,0001304 seconds, Stopping threads took: 0,0000393 seconds
2017-08-27T10:14:02.349+0200: 4,125: Total time for which application threads were stopped: 0,0001163 seconds, Stopping threads took: 0,0000213 seconds
2017-08-27T10:14:02.358+0200: 4,134: Total time for which application threads were stopped: 0,0001600 seconds, Stopping threads took: 0,0000275 seconds
2017-08-27T10:14:02.360+0200: 4,136: Total time for which application threads were stopped: 0,0001578 seconds, Stopping threads took: 0,0000586 seconds
2017-08-27T10:14:04.360+0200: 6,136: Total time for which application threads were stopped: 0,0000755 seconds, Stopping threads took: 0,0000175 seconds
{Heap before GC invocations=9 (full 1):
 par new generation   total 109248K, used 94124K [0x00000000e0000000, 0x00000000e8000000, 0x00000000e8000000)
  eden space 87424K, 100% used [0x00000000e0000000, 0x00000000e5560000, 0x00000000e5560000)
  from space 21824K,  30% used [0x00000000e6ab0000, 0x00000000e713b028, 0x00000000e8000000)
  to   space 21824K,   0% used [0x00000000e5560000, 0x00000000e5560000, 0x00000000e6ab0000)
 concurrent mark-sweep generation total 393216K, used 6081K [0x00000000e8000000, 0x0000000100000000, 0x0000000100000000)
 Metaspace       used 28073K, capacity 28588K, committed 28796K, reserved 1075200K
  class space    used 3215K, capacity 3395K, committed 3452K, reserved 1048576K
2017-08-27T10:14:09.167+0200: 10,942: [GC (Allocation Failure) 2017-08-27T10:14:09.167+0200: 10,942: [ParNew
Desired survivor size 20112992 bytes, new threshold 8 (max 8)
- age   1:   11113952 bytes,   11113952 total
- age   2:     179472 bytes,   11293424 total
- age   3:     188752 bytes,   11482176 total
- age   4:    1807008 bytes,   13289184 total
- age   5:      59976 bytes,   13349160 total
- age   6:      97272 bytes,   13446432 total
- age   8:     193352 bytes,   13639784 total
: 94124K->14298K(109248K), 0,0797876 secs] 100205K->21206K(502464K), 0,0798786 secs] [Times: user=0,09 sys=0,00, real=0,08 secs] 
Heap after GC invocations=10 (full 1):
 par new generation   total 109248K, used 14298K [0x00000000e0000000, 0x00000000e8000000, 0x00000000e8000000)
  eden space 87424K,   0% used [0x00000000e0000000, 0x00000000e0000000, 0x00000000e5560000)
  from space 21824K,  65% used [0x00000000e5560000, 0x00000000e6356ab8, 0x00000000e6ab0000)
  to   space 21824K,   0% used [0x00000000e6ab0000, 0x00000000e6ab0000, 0x00000000e8000000)
 concurrent mark-sweep generation total 393216K, used 6908K [0x00000000e8000000, 0x0000000100000000, 0x0000000100000000)
 Metaspace       used 28073K, capacity 28588K, committed 28796K, reserved 1075200K
  class space    used 3215K, capacity 3395K, committed 3452K, reserved 1048576K
}
2017-08-27T10:14:09.247+0200: 11,022: Total time for which application threads were stopped: 0,0800354 seconds, Stopping threads took: 0,0000159 seconds
2017-08-27T10:14:20.249+0200: 22,025: Total time for which application threads were stopped: 0,0005337 seconds, Stopping threads took: 0,0001018 seconds
2017-08-27T10:14:30.250+0200: 32,026: Total time for which application threads were stopped: 0,0000697 seconds, Stopping threads took: 0,0000193 seconds
2017-08-27T10:16:03.144+0200: 82,369: Total time for which application threads were stopped: 0,0000902 seconds, Stopping threads took: 0,0000370 seconds
2017-08-27T10:16:38.150+0200: 117,375: Total time for which application threads were stopped: 0,0001034 seconds, Stopping threads took: 0,0000397 seconds
2017-08-27T10:16:43.150+0200: 122,376: Total time for which application threads were stopped: 0,0000668 seconds, Stopping threads took: 0,0000160 seconds
2017-08-27T10:17:42.885+0200: 181,383: Total time for which application threads were stopped: 0,0000881 seconds, Stopping threads took: 0,0000279 seconds
2017-08-27T10:19:17.896+0200: 276,394: Total time for which application threads were stopped: 0,0001554 seconds, Stopping threads took: 0,0000545 seconds
2017-08-27T10:19:18.896+0200: 277,394: Total time for which application threads were stopped: 0,0000673 seconds, Stopping threads took: 0,0000155 seconds
2017-08-27T10:33:43.601+0200: 1142,099: Total time for which application threads were stopped: 0,0076856 seconds, Stopping threads took: 0,0075791 seconds
2017-08-27T10:33:43.697+0200: 1142,195: Total time for which application threads were stopped: 0,0001463 seconds, Stopping threads took: 0,0000309 seconds
2017-08-27T10:33:43.763+0200: 1142,260: Total time for which application threads were stopped: 0,0089342 seconds, Stopping threads took: 0,0087032 seconds
2017-08-27T10:33:43.790+0200: 1142,287: Total time for which application threads were stopped: 0,0001450 seconds, Stopping threads took: 0,0000304 seconds
Heap
 par new generation   total 109248K, used 39876K [0x00000000e0000000, 0x00000000e8000000, 0x00000000e8000000)
  eden space 87424K,  29% used [0x00000000e0000000, 0x00000000e18fa7f8, 0x00000000e5560000)
  from space 21824K,  65% used [0x00000000e5560000, 0x00000000e6356ab8, 0x00000000e6ab0000)
  to   space 21824K,   0% used [0x00000000e6ab0000, 0x00000000e6ab0000, 0x00000000e8000000)
 concurrent mark-sweep generation total 393216K, used 6908K [0x00000000e8000000, 0x0000000100000000, 0x0000000100000000)
 Metaspace       used 28196K, capacity 28760K, committed 29052K, reserved 1075200K
  class space    used 3229K, capacity 3429K, committed 3452K, reserved 1048576K
