OpenJDK 64-Bit Server VM (25.121-b13) for linux-amd64 JRE (1.8.0_121-8u121-b13-0ubuntu1.16.04.2-b13), built on Jan 23 2017 15:51:29 by "buildd" with gcc 5.4.0 20160609
Memory: 4k page, physical 7867760k(7502908k free), swap 8076284k(8076284k free)
CommandLine flags: -XX:CMSInitiatingOccupancyFraction=50 -XX:CMSMaxAbortablePrecleanTime=6000 -XX:+CMSParallelRemarkEnabled -XX:+CMSScavengeBeforeRemark -XX:ConcGCThreads=4 -XX:InitialHeapSize=536870912 -XX:MaxHeapSize=536870912 -XX:MaxTenuringThreshold=8 -XX:NewRatio=3 -XX:OldPLABSize=16 -XX:OnOutOfMemoryError=/opt/solr/bin/oom_solr.sh 8983 /var/solr/logs -XX:ParallelGCThreads=4 -XX:+ParallelRefProcEnabled -XX:PretenureSizeThreshold=67108864 -XX:+PrintGC -XX:+PrintGCApplicationStoppedTime -XX:+PrintGCDateStamps -XX:+PrintGCDetails -XX:+PrintGCTimeStamps -XX:+PrintHeapAtGC -XX:+PrintTenuringDistribution -XX:SurvivorRatio=4 -XX:TargetSurvivorRatio=90 -XX:ThreadStackSize=256 -XX:+UseCMSInitiatingOccupancyOnly -XX:+UseCompressedClassPointers -XX:+UseCompressedOops -XX:+UseConcMarkSweepGC -XX:+UseParNewGC 
2017-02-24T23:10:52.759+0100: 0,136: Total time for which application threads were stopped: 0,0001063 seconds, Stopping threads took: 0,0000147 seconds
2017-02-24T23:10:52.848+0100: 0,224: Total time for which application threads were stopped: 0,0001110 seconds, Stopping threads took: 0,0000134 seconds
2017-02-24T23:10:52.868+0100: 0,245: Total time for which application threads were stopped: 0,0001020 seconds, Stopping threads took: 0,0000115 seconds
2017-02-24T23:10:53.134+0100: 0,510: Total time for which application threads were stopped: 0,0001983 seconds, Stopping threads took: 0,0000418 seconds
2017-02-24T23:10:53.528+0100: 0,905: Total time for which application threads were stopped: 0,0001260 seconds, Stopping threads took: 0,0000175 seconds
2017-02-24T23:10:53.631+0100: 1,008: Total time for which application threads were stopped: 0,0009168 seconds, Stopping threads took: 0,0002856 seconds
2017-02-24T23:10:53.653+0100: 1,030: Total time for which application threads were stopped: 0,0001425 seconds, Stopping threads took: 0,0000212 seconds
2017-02-24T23:10:53.947+0100: 1,323: Total time for which application threads were stopped: 0,0001845 seconds, Stopping threads took: 0,0000191 seconds
2017-02-24T23:10:54.154+0100: 1,531: Total time for which application threads were stopped: 0,0002110 seconds, Stopping threads took: 0,0000213 seconds
2017-02-24T23:10:54.182+0100: 1,559: Total time for which application threads were stopped: 0,0001863 seconds, Stopping threads took: 0,0000189 seconds
2017-02-24T23:10:54.212+0100: 1,589: Total time for which application threads were stopped: 0,0009927 seconds, Stopping threads took: 0,0002404 seconds
2017-02-24T23:10:54.214+0100: 1,591: Total time for which application threads were stopped: 0,0004432 seconds, Stopping threads took: 0,0000800 seconds
2017-02-24T23:10:54.232+0100: 1,609: Total time for which application threads were stopped: 0,0001652 seconds, Stopping threads took: 0,0000119 seconds
2017-02-24T23:10:54.350+0100: 1,727: Total time for which application threads were stopped: 0,0002623 seconds, Stopping threads took: 0,0000271 seconds
2017-02-24T23:10:54.508+0100: 1,884: Total time for which application threads were stopped: 0,0002561 seconds, Stopping threads took: 0,0000507 seconds
{Heap before GC invocations=0 (full 0):
 par new generation   total 109248K, used 87424K [0x00000000e0000000, 0x00000000e8000000, 0x00000000e8000000)
  eden space 87424K, 100% used [0x00000000e0000000, 0x00000000e5560000, 0x00000000e5560000)
  from space 21824K,   0% used [0x00000000e5560000, 0x00000000e5560000, 0x00000000e6ab0000)
  to   space 21824K,   0% used [0x00000000e6ab0000, 0x00000000e6ab0000, 0x00000000e8000000)
 concurrent mark-sweep generation total 393216K, used 0K [0x00000000e8000000, 0x0000000100000000, 0x0000000100000000)
 Metaspace       used 18055K, capacity 18336K, committed 18688K, reserved 1064960K
  class space    used 2043K, capacity 2196K, committed 2304K, reserved 1048576K
2017-02-24T23:10:54.597+0100: 1,974: [GC (Allocation Failure) 2017-02-24T23:10:54.597+0100: 1,974: [ParNew
Desired survivor size 20112992 bytes, new threshold 8 (max 8)
- age   1:   12631880 bytes,   12631880 total
: 87424K->12459K(109248K), 0,0158680 secs] 87424K->12459K(502464K), 0,0159830 secs] [Times: user=0,04 sys=0,02, real=0,02 secs] 
Heap after GC invocations=1 (full 0):
 par new generation   total 109248K, used 12459K [0x00000000e0000000, 0x00000000e8000000, 0x00000000e8000000)
  eden space 87424K,   0% used [0x00000000e0000000, 0x00000000e0000000, 0x00000000e5560000)
  from space 21824K,  57% used [0x00000000e6ab0000, 0x00000000e76dafa0, 0x00000000e8000000)
  to   space 21824K,   0% used [0x00000000e5560000, 0x00000000e5560000, 0x00000000e6ab0000)
 concurrent mark-sweep generation total 393216K, used 0K [0x00000000e8000000, 0x0000000100000000, 0x0000000100000000)
 Metaspace       used 18055K, capacity 18336K, committed 18688K, reserved 1064960K
  class space    used 2043K, capacity 2196K, committed 2304K, reserved 1048576K
}
2017-02-24T23:10:54.613+0100: 1,990: Total time for which application threads were stopped: 0,0165371 seconds, Stopping threads took: 0,0003350 seconds
2017-02-24T23:10:54.907+0100: 2,283: Total time for which application threads were stopped: 0,0002689 seconds, Stopping threads took: 0,0000344 seconds
2017-02-24T23:10:54.954+0100: 2,331: Total time for which application threads were stopped: 0,0003828 seconds, Stopping threads took: 0,0000651 seconds
{Heap before GC invocations=1 (full 0):
 par new generation   total 109248K, used 99883K [0x00000000e0000000, 0x00000000e8000000, 0x00000000e8000000)
  eden space 87424K, 100% used [0x00000000e0000000, 0x00000000e5560000, 0x00000000e5560000)
  from space 21824K,  57% used [0x00000000e6ab0000, 0x00000000e76dafa0, 0x00000000e8000000)
  to   space 21824K,   0% used [0x00000000e5560000, 0x00000000e5560000, 0x00000000e6ab0000)
 concurrent mark-sweep generation total 393216K, used 0K [0x00000000e8000000, 0x0000000100000000, 0x0000000100000000)
 Metaspace       used 20037K, capacity 20364K, committed 20736K, reserved 1067008K
  class space    used 2296K, capacity 2468K, committed 2560K, reserved 1048576K
2017-02-24T23:10:54.964+0100: 2,340: [GC (Allocation Failure) 2017-02-24T23:10:54.964+0100: 2,340: [ParNew
Desired survivor size 20112992 bytes, new threshold 8 (max 8)
- age   1:    3656472 bytes,    3656472 total
- age   2:    6666592 bytes,   10323064 total
: 99883K->15863K(109248K), 0,0155877 secs] 99883K->15863K(502464K), 0,0156635 secs] [Times: user=0,05 sys=0,00, real=0,02 secs] 
Heap after GC invocations=2 (full 0):
 par new generation   total 109248K, used 15863K [0x00000000e0000000, 0x00000000e8000000, 0x00000000e8000000)
  eden space 87424K,   0% used [0x00000000e0000000, 0x00000000e0000000, 0x00000000e5560000)
  from space 21824K,  72% used [0x00000000e5560000, 0x00000000e64dde40, 0x00000000e6ab0000)
  to   space 21824K,   0% used [0x00000000e6ab0000, 0x00000000e6ab0000, 0x00000000e8000000)
 concurrent mark-sweep generation total 393216K, used 0K [0x00000000e8000000, 0x0000000100000000, 0x0000000100000000)
 Metaspace       used 20037K, capacity 20364K, committed 20736K, reserved 1067008K
  class space    used 2296K, capacity 2468K, committed 2560K, reserved 1048576K
}
2017-02-24T23:10:54.979+0100: 2,356: Total time for which application threads were stopped: 0,0159114 seconds, Stopping threads took: 0,0000964 seconds
2017-02-24T23:10:55.010+0100: 2,387: Total time for which application threads were stopped: 0,0003470 seconds, Stopping threads took: 0,0000558 seconds
2017-02-24T23:10:55.144+0100: 2,521: Total time for which application threads were stopped: 0,0001745 seconds, Stopping threads took: 0,0000542 seconds
{Heap before GC invocations=2 (full 0):
 par new generation   total 109248K, used 103287K [0x00000000e0000000, 0x00000000e8000000, 0x00000000e8000000)
  eden space 87424K, 100% used [0x00000000e0000000, 0x00000000e5560000, 0x00000000e5560000)
  from space 21824K,  72% used [0x00000000e5560000, 0x00000000e64dde40, 0x00000000e6ab0000)
  to   space 21824K,   0% used [0x00000000e6ab0000, 0x00000000e6ab0000, 0x00000000e8000000)
 concurrent mark-sweep generation total 393216K, used 0K [0x00000000e8000000, 0x0000000100000000, 0x0000000100000000)
 Metaspace       used 20944K, capacity 21286K, committed 21552K, reserved 1069056K
  class space    used 2417K, capacity 2587K, committed 2608K, reserved 1048576K
2017-02-24T23:10:55.163+0100: 2,539: [GC (Allocation Failure) 2017-02-24T23:10:55.163+0100: 2,539: [ParNew
Desired survivor size 20112992 bytes, new threshold 8 (max 8)
- age   1:    2208496 bytes,    2208496 total
- age   2:     853248 bytes,    3061744 total
- age   3:    6665384 bytes,    9727128 total
: 103287K->13509K(109248K), 0,0108309 secs] 103287K->13509K(502464K), 0,0109252 secs] [Times: user=0,04 sys=0,00, real=0,01 secs] 
Heap after GC invocations=3 (full 0):
 par new generation   total 109248K, used 13509K [0x00000000e0000000, 0x00000000e8000000, 0x00000000e8000000)
  eden space 87424K,   0% used [0x00000000e0000000, 0x00000000e0000000, 0x00000000e5560000)
  from space 21824K,  61% used [0x00000000e6ab0000, 0x00000000e77e1640, 0x00000000e8000000)
  to   space 21824K,   0% used [0x00000000e5560000, 0x00000000e5560000, 0x00000000e6ab0000)
 concurrent mark-sweep generation total 393216K, used 0K [0x00000000e8000000, 0x0000000100000000, 0x0000000100000000)
 Metaspace       used 20944K, capacity 21286K, committed 21552K, reserved 1069056K
  class space    used 2417K, capacity 2587K, committed 2608K, reserved 1048576K
}
2017-02-24T23:10:55.174+0100: 2,550: Total time for which application threads were stopped: 0,0110837 seconds, Stopping threads took: 0,0000281 seconds
2017-02-24T23:10:55.174+0100: 2,550: [GC (CMS Initial Mark) [1 CMS-initial-mark: 0K(393216K)] 13525K(502464K), 0,0026855 secs] [Times: user=0,01 sys=0,00, real=0,00 secs] 
2017-02-24T23:10:55.177+0100: 2,553: Total time for which application threads were stopped: 0,0028409 seconds, Stopping threads took: 0,0000776 seconds
2017-02-24T23:10:55.177+0100: 2,553: [CMS-concurrent-mark-start]
2017-02-24T23:10:55.178+0100: 2,554: [CMS-concurrent-mark: 0,001/0,001 secs] [Times: user=0,00 sys=0,00, real=0,01 secs] 
2017-02-24T23:10:55.178+0100: 2,554: [CMS-concurrent-preclean-start]
2017-02-24T23:10:55.179+0100: 2,555: [CMS-concurrent-preclean: 0,001/0,001 secs] [Times: user=0,01 sys=0,00, real=0,00 secs] 
2017-02-24T23:10:55.179+0100: 2,555: [GC (CMS Final Remark) [YG occupancy: 15046 K (109248 K)]{Heap before GC invocations=3 (full 1):
 par new generation   total 109248K, used 15046K [0x00000000e0000000, 0x00000000e8000000, 0x00000000e8000000)
  eden space 87424K,   1% used [0x00000000e0000000, 0x00000000e01802f0, 0x00000000e5560000)
  from space 21824K,  61% used [0x00000000e6ab0000, 0x00000000e77e1640, 0x00000000e8000000)
  to   space 21824K,   0% used [0x00000000e5560000, 0x00000000e5560000, 0x00000000e6ab0000)
 concurrent mark-sweep generation total 393216K, used 0K [0x00000000e8000000, 0x0000000100000000, 0x0000000100000000)
 Metaspace       used 20944K, capacity 21286K, committed 21552K, reserved 1069056K
  class space    used 2417K, capacity 2587K, committed 2608K, reserved 1048576K
2017-02-24T23:10:55.179+0100: 2,555: [GC (CMS Final Remark) 2017-02-24T23:10:55.179+0100: 2,555: [ParNew
Desired survivor size 20112992 bytes, new threshold 8 (max 8)
- age   1:        696 bytes,        696 total
- age   2:    1686488 bytes,    1687184 total
- age   3:     824016 bytes,    2511200 total
- age   4:    6665408 bytes,    9176608 total
: 15046K->12891K(109248K), 0,0095969 secs] 15046K->12891K(502464K), 0,0096397 secs] [Times: user=0,03 sys=0,00, real=0,00 secs] 
Heap after GC invocations=4 (full 1):
 par new generation   total 109248K, used 12891K [0x00000000e0000000, 0x00000000e8000000, 0x00000000e8000000)
  eden space 87424K,   0% used [0x00000000e0000000, 0x00000000e0000000, 0x00000000e5560000)
  from space 21824K,  59% used [0x00000000e5560000, 0x00000000e61f6fa8, 0x00000000e6ab0000)
  to   space 21824K,   0% used [0x00000000e6ab0000, 0x00000000e6ab0000, 0x00000000e8000000)
 concurrent mark-sweep generation total 393216K, used 0K [0x00000000e8000000, 0x0000000100000000, 0x0000000100000000)
 Metaspace       used 20944K, capacity 21286K, committed 21552K, reserved 1069056K
  class space    used 2417K, capacity 2587K, committed 2608K, reserved 1048576K
}
2017-02-24T23:10:55.189+0100: 2,565: [Rescan (parallel) , 0,0035602 secs]2017-02-24T23:10:55.192+0100: 2,569: [weak refs processing, 0,0014008 secs]2017-02-24T23:10:55.194+0100: 2,570: [class unloading, 0,0027395 secs]2017-02-24T23:10:55.196+0100: 2,573: [scrub symbol table, 0,0025749 secs]2017-02-24T23:10:55.199+0100: 2,575: [scrub string table, 0,0004019 secs][1 CMS-remark: 0K(393216K)] 12891K(502464K), 0,0209486 secs] [Times: user=0,05 sys=0,00, real=0,02 secs] 
2017-02-24T23:10:55.200+0100: 2,576: Total time for which application threads were stopped: 0,0210879 seconds, Stopping threads took: 0,0000460 seconds
2017-02-24T23:10:55.201+0100: 2,577: [CMS-concurrent-sweep-start]
2017-02-24T23:10:55.201+0100: 2,577: [CMS-concurrent-sweep: 0,000/0,000 secs] [Times: user=0,00 sys=0,00, real=0,00 secs] 
2017-02-24T23:10:55.201+0100: 2,577: [CMS-concurrent-reset-start]
2017-02-24T23:10:55.203+0100: 2,579: [CMS-concurrent-reset: 0,002/0,002 secs] [Times: user=0,01 sys=0,00, real=0,00 secs] 
{Heap before GC invocations=4 (full 1):
 par new generation   total 109248K, used 100315K [0x00000000e0000000, 0x00000000e8000000, 0x00000000e8000000)
  eden space 87424K, 100% used [0x00000000e0000000, 0x00000000e5560000, 0x00000000e5560000)
  from space 21824K,  59% used [0x00000000e5560000, 0x00000000e61f6fa8, 0x00000000e6ab0000)
  to   space 21824K,   0% used [0x00000000e6ab0000, 0x00000000e6ab0000, 0x00000000e8000000)
 concurrent mark-sweep generation total 393216K, used 0K [0x00000000e8000000, 0x0000000100000000, 0x0000000100000000)
 Metaspace       used 21195K, capacity 21568K, committed 21808K, reserved 1069056K
  class space    used 2448K, capacity 2603K, committed 2608K, reserved 1048576K
2017-02-24T23:10:55.303+0100: 2,679: [GC (Allocation Failure) 2017-02-24T23:10:55.303+0100: 2,680: [ParNew
Desired survivor size 20112992 bytes, new threshold 8 (max 8)
- age   1:    1205616 bytes,    1205616 total
- age   2:        272 bytes,    1205888 total
- age   3:    1443488 bytes,    2649376 total
- age   4:     821808 bytes,    3471184 total
- age   5:    6665664 bytes,   10136848 total
: 100315K->12464K(109248K), 0,0101957 secs] 100315K->12464K(502464K), 0,0102587 secs] [Times: user=0,04 sys=0,00, real=0,01 secs] 
Heap after GC invocations=5 (full 1):
 par new generation   total 109248K, used 12464K [0x00000000e0000000, 0x00000000e8000000, 0x00000000e8000000)
  eden space 87424K,   0% used [0x00000000e0000000, 0x00000000e0000000, 0x00000000e5560000)
  from space 21824K,  57% used [0x00000000e6ab0000, 0x00000000e76dc1d8, 0x00000000e8000000)
  to   space 21824K,   0% used [0x00000000e5560000, 0x00000000e5560000, 0x00000000e6ab0000)
 concurrent mark-sweep generation total 393216K, used 0K [0x00000000e8000000, 0x0000000100000000, 0x0000000100000000)
 Metaspace       used 21195K, capacity 21568K, committed 21808K, reserved 1069056K
  class space    used 2448K, capacity 2603K, committed 2608K, reserved 1048576K
}
2017-02-24T23:10:55.313+0100: 2,690: Total time for which application threads were stopped: 0,0113143 seconds, Stopping threads took: 0,0009260 seconds
{Heap before GC invocations=5 (full 1):
 par new generation   total 109248K, used 99888K [0x00000000e0000000, 0x00000000e8000000, 0x00000000e8000000)
  eden space 87424K, 100% used [0x00000000e0000000, 0x00000000e5560000, 0x00000000e5560000)
  from space 21824K,  57% used [0x00000000e6ab0000, 0x00000000e76dc1d8, 0x00000000e8000000)
  to   space 21824K,   0% used [0x00000000e5560000, 0x00000000e5560000, 0x00000000e6ab0000)
 concurrent mark-sweep generation total 393216K, used 0K [0x00000000e8000000, 0x0000000100000000, 0x0000000100000000)
 Metaspace       used 21404K, capacity 21740K, committed 21936K, reserved 1069056K
  class space    used 2472K, capacity 2637K, committed 2736K, reserved 1048576K
2017-02-24T23:10:55.405+0100: 2,781: [GC (Allocation Failure) 2017-02-24T23:10:55.405+0100: 2,782: [ParNew
Desired survivor size 20112992 bytes, new threshold 8 (max 8)
- age   1:     793944 bytes,     793944 total
- age   2:     186216 bytes,     980160 total
- age   3:        248 bytes,     980408 total
- age   4:    1442632 bytes,    2423040 total
- age   5:     817728 bytes,    3240768 total
- age   6:    6665504 bytes,    9906272 total
: 99888K->14975K(109248K), 0,0099130 secs] 99888K->14975K(502464K), 0,0099788 secs] [Times: user=0,04 sys=0,00, real=0,01 secs] 
Heap after GC invocations=6 (full 1):
 par new generation   total 109248K, used 14975K [0x00000000e0000000, 0x00000000e8000000, 0x00000000e8000000)
  eden space 87424K,   0% used [0x00000000e0000000, 0x00000000e0000000, 0x00000000e5560000)
  from space 21824K,  68% used [0x00000000e5560000, 0x00000000e63ffdd8, 0x00000000e6ab0000)
  to   space 21824K,   0% used [0x00000000e6ab0000, 0x00000000e6ab0000, 0x00000000e8000000)
 concurrent mark-sweep generation total 393216K, used 0K [0x00000000e8000000, 0x0000000100000000, 0x0000000100000000)
 Metaspace       used 21404K, capacity 21740K, committed 21936K, reserved 1069056K
  class space    used 2472K, capacity 2637K, committed 2736K, reserved 1048576K
}
2017-02-24T23:10:55.415+0100: 2,792: Total time for which application threads were stopped: 0,0107917 seconds, Stopping threads took: 0,0006730 seconds
2017-02-24T23:10:55.454+0100: 2,830: Total time for which application threads were stopped: 0,0003006 seconds, Stopping threads took: 0,0000193 seconds
2017-02-24T23:10:55.638+0100: 3,014: Total time for which application threads were stopped: 0,0004696 seconds, Stopping threads took: 0,0000380 seconds
2017-02-24T23:10:55.653+0100: 3,029: Total time for which application threads were stopped: 0,0004067 seconds, Stopping threads took: 0,0000475 seconds
{Heap before GC invocations=6 (full 1):
 par new generation   total 109248K, used 102399K [0x00000000e0000000, 0x00000000e8000000, 0x00000000e8000000)
  eden space 87424K, 100% used [0x00000000e0000000, 0x00000000e5560000, 0x00000000e5560000)
  from space 21824K,  68% used [0x00000000e5560000, 0x00000000e63ffdd8, 0x00000000e6ab0000)
  to   space 21824K,   0% used [0x00000000e6ab0000, 0x00000000e6ab0000, 0x00000000e8000000)
 concurrent mark-sweep generation total 393216K, used 0K [0x00000000e8000000, 0x0000000100000000, 0x0000000100000000)
 Metaspace       used 24469K, capacity 24948K, committed 25136K, reserved 1071104K
  class space    used 2872K, capacity 3045K, committed 3120K, reserved 1048576K
2017-02-24T23:10:55.862+0100: 3,239: [GC (Allocation Failure) 2017-02-24T23:10:55.862+0100: 3,239: [ParNew
Desired survivor size 20112992 bytes, new threshold 8 (max 8)
- age   1:    5188224 bytes,    5188224 total
- age   2:     135160 bytes,    5323384 total
- age   3:     184968 bytes,    5508352 total
- age   4:        248 bytes,    5508600 total
- age   5:     270216 bytes,    5778816 total
- age   6:     792664 bytes,    6571480 total
- age   7:    6657856 bytes,   13229336 total
: 102399K->15952K(109248K), 0,0214889 secs] 102399K->15952K(502464K), 0,0215669 secs] [Times: user=0,05 sys=0,00, real=0,02 secs] 
Heap after GC invocations=7 (full 1):
 par new generation   total 109248K, used 15952K [0x00000000e0000000, 0x00000000e8000000, 0x00000000e8000000)
  eden space 87424K,   0% used [0x00000000e0000000, 0x00000000e0000000, 0x00000000e5560000)
  from space 21824K,  73% used [0x00000000e6ab0000, 0x00000000e7a441d0, 0x00000000e8000000)
  to   space 21824K,   0% used [0x00000000e5560000, 0x00000000e5560000, 0x00000000e6ab0000)
 concurrent mark-sweep generation total 393216K, used 0K [0x00000000e8000000, 0x0000000100000000, 0x0000000100000000)
 Metaspace       used 24469K, capacity 24948K, committed 25136K, reserved 1071104K
  class space    used 2872K, capacity 3045K, committed 3120K, reserved 1048576K
}
2017-02-24T23:10:55.884+0100: 3,261: Total time for which application threads were stopped: 0,0219802 seconds, Stopping threads took: 0,0001672 seconds
{Heap before GC invocations=7 (full 1):
 par new generation   total 109248K, used 103376K [0x00000000e0000000, 0x00000000e8000000, 0x00000000e8000000)
  eden space 87424K, 100% used [0x00000000e0000000, 0x00000000e5560000, 0x00000000e5560000)
  from space 21824K,  73% used [0x00000000e6ab0000, 0x00000000e7a441d0, 0x00000000e8000000)
  to   space 21824K,   0% used [0x00000000e5560000, 0x00000000e5560000, 0x00000000e6ab0000)
 concurrent mark-sweep generation total 393216K, used 0K [0x00000000e8000000, 0x0000000100000000, 0x0000000100000000)
 Metaspace       used 24957K, capacity 25456K, committed 25648K, reserved 1071104K
  class space    used 2912K, capacity 3082K, committed 3120K, reserved 1048576K
2017-02-24T23:10:56.023+0100: 3,399: [GC (Allocation Failure) 2017-02-24T23:10:56.023+0100: 3,399: [ParNew
Desired survivor size 20112992 bytes, new threshold 8 (max 8)
- age   1:    1144440 bytes,    1144440 total
- age   2:    2011416 bytes,    3155856 total
- age   3:      87080 bytes,    3242936 total
- age   4:     141352 bytes,    3384288 total
- age   5:        216 bytes,    3384504 total
- age   6:     225728 bytes,    3610232 total
- age   7:     765864 bytes,    4376096 total
- age   8:    6390120 bytes,   10766216 total
: 103376K->16243K(109248K), 0,0128773 secs] 103376K->16243K(502464K), 0,0129595 secs] [Times: user=0,04 sys=0,00, real=0,01 secs] 
Heap after GC invocations=8 (full 1):
 par new generation   total 109248K, used 16243K [0x00000000e0000000, 0x00000000e8000000, 0x00000000e8000000)
  eden space 87424K,   0% used [0x00000000e0000000, 0x00000000e0000000, 0x00000000e5560000)
  from space 21824K,  74% used [0x00000000e5560000, 0x00000000e653cd70, 0x00000000e6ab0000)
  to   space 21824K,   0% used [0x00000000e6ab0000, 0x00000000e6ab0000, 0x00000000e8000000)
 concurrent mark-sweep generation total 393216K, used 0K [0x00000000e8000000, 0x0000000100000000, 0x0000000100000000)
 Metaspace       used 24957K, capacity 25456K, committed 25648K, reserved 1071104K
  class space    used 2912K, capacity 3082K, committed 3120K, reserved 1048576K
}
2017-02-24T23:10:56.036+0100: 3,412: Total time for which application threads were stopped: 0,0131931 seconds, Stopping threads took: 0,0000516 seconds
2017-02-24T23:10:56.278+0100: 3,654: Total time for which application threads were stopped: 0,0054460 seconds, Stopping threads took: 0,0050467 seconds
2017-02-24T23:10:56.294+0100: 3,671: Total time for which application threads were stopped: 0,0004595 seconds, Stopping threads took: 0,0000500 seconds
2017-02-24T23:10:56.362+0100: 3,739: Total time for which application threads were stopped: 0,0004797 seconds, Stopping threads took: 0,0000491 seconds
2017-02-24T23:10:56.670+0100: 4,047: Total time for which application threads were stopped: 0,0003923 seconds, Stopping threads took: 0,0000180 seconds
2017-02-24T23:11:24.673+0100: 32,049: Total time for which application threads were stopped: 0,0000655 seconds, Stopping threads took: 0,0000165 seconds
2017-02-24T23:12:49.681+0100: 117,058: Total time for which application threads were stopped: 0,0000973 seconds, Stopping threads took: 0,0000375 seconds
2017-02-24T23:12:59.683+0100: 127,059: Total time for which application threads were stopped: 0,0000888 seconds, Stopping threads took: 0,0000344 seconds
2017-02-24T23:13:58.689+0100: 186,065: Total time for which application threads were stopped: 0,0000822 seconds, Stopping threads took: 0,0000328 seconds
2017-02-24T23:15:14.698+0100: 262,075: Total time for which application threads were stopped: 0,0003998 seconds, Stopping threads took: 0,0001576 seconds
2017-02-24T23:15:28.700+0100: 276,077: Total time for which application threads were stopped: 0,0000852 seconds, Stopping threads took: 0,0000336 seconds
2017-02-24T23:21:39.741+0100: 647,118: Total time for which application threads were stopped: 0,0002506 seconds, Stopping threads took: 0,0000522 seconds
2017-02-24T23:26:59.774+0100: 967,151: Total time for which application threads were stopped: 0,0000862 seconds, Stopping threads took: 0,0000278 seconds
2017-02-24T23:32:24.808+0100: 1292,184: Total time for which application threads were stopped: 0,0000948 seconds, Stopping threads took: 0,0000376 seconds
2017-02-24T23:34:18.820+0100: 1406,196: Total time for which application threads were stopped: 0,0000806 seconds, Stopping threads took: 0,0000281 seconds
2017-02-24T23:34:23.820+0100: 1411,197: Total time for which application threads were stopped: 0,0000715 seconds, Stopping threads took: 0,0000152 seconds
2017-02-24T23:37:34.841+0100: 1602,218: Total time for which application threads were stopped: 0,0003213 seconds, Stopping threads took: 0,0001929 seconds
2017-02-24T23:38:58.850+0100: 1686,226: Total time for which application threads were stopped: 0,0001090 seconds, Stopping threads took: 0,0000343 seconds
2017-02-24T23:49:18.912+0100: 2306,288: Total time for which application threads were stopped: 0,0000929 seconds, Stopping threads took: 0,0000314 seconds
2017-02-24T23:49:43.914+0100: 2331,291: Total time for which application threads were stopped: 0,0000852 seconds, Stopping threads took: 0,0000320 seconds
2017-02-24T23:49:44.914+0100: 2332,291: Total time for which application threads were stopped: 0,0003053 seconds, Stopping threads took: 0,0000608 seconds
2017-02-24T23:49:48.915+0100: 2336,291: Total time for which application threads were stopped: 0,0000744 seconds, Stopping threads took: 0,0000150 seconds
2017-02-24T23:50:28.919+0100: 2376,296: Total time for which application threads were stopped: 0,0001026 seconds, Stopping threads took: 0,0000301 seconds
2017-02-24T23:53:24.936+0100: 2552,312: Total time for which application threads were stopped: 0,0000927 seconds, Stopping threads took: 0,0000341 seconds
2017-02-25T00:00:53.982+0100: 3001,358: Total time for which application threads were stopped: 0,0000789 seconds, Stopping threads took: 0,0000276 seconds
2017-02-25T00:04:24.003+0100: 3211,379: Total time for which application threads were stopped: 0,0001223 seconds, Stopping threads took: 0,0000317 seconds
2017-02-25T00:08:10.025+0100: 3437,402: Total time for which application threads were stopped: 0,0001051 seconds, Stopping threads took: 0,0000336 seconds
2017-02-25T00:10:35.041+0100: 3582,417: Total time for which application threads were stopped: 0,0005700 seconds, Stopping threads took: 0,0001971 seconds
2017-02-25T00:15:34.079+0100: 3881,456: Total time for which application threads were stopped: 0,0000936 seconds, Stopping threads took: 0,0000349 seconds
2017-02-25T00:15:49.081+0100: 3896,458: Total time for which application threads were stopped: 0,0001216 seconds, Stopping threads took: 0,0000278 seconds
2017-02-25T00:24:29.748+0100: 4417,125: Total time for which application threads were stopped: 0,0001673 seconds, Stopping threads took: 0,0000477 seconds
2017-02-25T00:24:29.767+0100: 4417,144: Total time for which application threads were stopped: 0,0001169 seconds, Stopping threads took: 0,0000285 seconds
2017-02-25T00:24:29.777+0100: 4417,153: Total time for which application threads were stopped: 0,0001452 seconds, Stopping threads took: 0,0000295 seconds
Heap
 par new generation   total 109248K, used 102375K [0x00000000e0000000, 0x00000000e8000000, 0x00000000e8000000)
  eden space 87424K,  98% used [0x00000000e0000000, 0x00000000e541d058, 0x00000000e5560000)
  from space 21824K,  74% used [0x00000000e5560000, 0x00000000e653cd70, 0x00000000e6ab0000)
  to   space 21824K,   0% used [0x00000000e6ab0000, 0x00000000e6ab0000, 0x00000000e8000000)
 concurrent mark-sweep generation total 393216K, used 0K [0x00000000e8000000, 0x0000000100000000, 0x0000000100000000)
 Metaspace       used 28155K, capacity 28770K, committed 28848K, reserved 1075200K
  class space    used 3234K, capacity 3431K, committed 3504K, reserved 1048576K
