OpenJDK 64-Bit Server VM (25.131-b11) for linux-amd64 JRE (1.8.0_131-8u131-b11-0ubuntu1.16.04.2-b11), built on May  6 2017 02:45:27 by "buildd" with gcc 5.4.0 20160609
Memory: 4k page, physical 7867740k(7400628k free), swap 8076284k(8076284k free)
CommandLine flags: -XX:CMSInitiatingOccupancyFraction=50 -XX:CMSMaxAbortablePrecleanTime=6000 -XX:+CMSParallelRemarkEnabled -XX:+CMSScavengeBeforeRemark -XX:ConcGCThreads=4 -XX:InitialHeapSize=536870912 -XX:MaxHeapSize=536870912 -XX:MaxTenuringThreshold=8 -XX:NewRatio=3 -XX:OldPLABSize=16 -XX:OnOutOfMemoryError=/opt/solr/bin/oom_solr.sh 8983 /var/solr/logs -XX:ParallelGCThreads=4 -XX:+ParallelRefProcEnabled -XX:PretenureSizeThreshold=67108864 -XX:+PrintGC -XX:+PrintGCApplicationStoppedTime -XX:+PrintGCDateStamps -XX:+PrintGCDetails -XX:+PrintGCTimeStamps -XX:+PrintHeapAtGC -XX:+PrintTenuringDistribution -XX:SurvivorRatio=4 -XX:TargetSurvivorRatio=90 -XX:ThreadStackSize=256 -XX:+UseCMSInitiatingOccupancyOnly -XX:+UseCompressedClassPointers -XX:+UseCompressedOops -XX:+UseConcMarkSweepGC -XX:+UseParNewGC 
2017-06-01T13:17:46.382+0200: 0,144: Total time for which application threads were stopped: 0,0000618 seconds, Stopping threads took: 0,0000093 seconds
2017-06-01T13:17:46.463+0200: 0,224: Total time for which application threads were stopped: 0,0001372 seconds, Stopping threads took: 0,0000266 seconds
2017-06-01T13:17:46.480+0200: 0,241: Total time for which application threads were stopped: 0,0001063 seconds, Stopping threads took: 0,0000151 seconds
2017-06-01T13:17:46.685+0200: 0,446: Total time for which application threads were stopped: 0,0001197 seconds, Stopping threads took: 0,0000174 seconds
2017-06-01T13:17:47.189+0200: 0,950: Total time for which application threads were stopped: 0,0001608 seconds, Stopping threads took: 0,0000128 seconds
2017-06-01T13:17:47.320+0200: 1,081: Total time for which application threads were stopped: 0,0002438 seconds, Stopping threads took: 0,0000198 seconds
2017-06-01T13:17:47.375+0200: 1,136: Total time for which application threads were stopped: 0,0001723 seconds, Stopping threads took: 0,0000169 seconds
2017-06-01T13:17:47.741+0200: 1,502: Total time for which application threads were stopped: 0,0013182 seconds, Stopping threads took: 0,0001608 seconds
2017-06-01T13:17:47.974+0200: 1,735: Total time for which application threads were stopped: 0,0002366 seconds, Stopping threads took: 0,0000133 seconds
2017-06-01T13:17:47.996+0200: 1,757: Total time for which application threads were stopped: 0,0001889 seconds, Stopping threads took: 0,0000264 seconds
2017-06-01T13:17:48.022+0200: 1,783: Total time for which application threads were stopped: 0,0002191 seconds, Stopping threads took: 0,0000193 seconds
2017-06-01T13:17:48.023+0200: 1,784: Total time for which application threads were stopped: 0,0001624 seconds, Stopping threads took: 0,0000103 seconds
2017-06-01T13:17:48.033+0200: 1,794: Total time for which application threads were stopped: 0,0002131 seconds, Stopping threads took: 0,0000216 seconds
2017-06-01T13:17:48.112+0200: 1,873: Total time for which application threads were stopped: 0,0002513 seconds, Stopping threads took: 0,0000239 seconds
2017-06-01T13:17:48.266+0200: 2,028: Total time for which application threads were stopped: 0,0003550 seconds, Stopping threads took: 0,0001215 seconds
{Heap before GC invocations=0 (full 0):
 par new generation   total 109248K, used 87424K [0x00000000e0000000, 0x00000000e8000000, 0x00000000e8000000)
  eden space 87424K, 100% used [0x00000000e0000000, 0x00000000e5560000, 0x00000000e5560000)
  from space 21824K,   0% used [0x00000000e5560000, 0x00000000e5560000, 0x00000000e6ab0000)
  to   space 21824K,   0% used [0x00000000e6ab0000, 0x00000000e6ab0000, 0x00000000e8000000)
 concurrent mark-sweep generation total 393216K, used 0K [0x00000000e8000000, 0x0000000100000000, 0x0000000100000000)
 Metaspace       used 18017K, capacity 18336K, committed 18688K, reserved 1064960K
  class space    used 2035K, capacity 2196K, committed 2304K, reserved 1048576K
2017-06-01T13:17:48.345+0200: 2,107: [GC (Allocation Failure) 2017-06-01T13:17:48.345+0200: 2,107: [ParNew
Desired survivor size 20112992 bytes, new threshold 8 (max 8)
- age   1:   12557384 bytes,   12557384 total
: 87424K->12374K(109248K), 0,0157287 secs] 87424K->12374K(502464K), 0,0158103 secs] [Times: user=0,03 sys=0,03, real=0,02 secs] 
Heap after GC invocations=1 (full 0):
 par new generation   total 109248K, used 12374K [0x00000000e0000000, 0x00000000e8000000, 0x00000000e8000000)
  eden space 87424K,   0% used [0x00000000e0000000, 0x00000000e0000000, 0x00000000e5560000)
  from space 21824K,  56% used [0x00000000e6ab0000, 0x00000000e76c5a68, 0x00000000e8000000)
  to   space 21824K,   0% used [0x00000000e5560000, 0x00000000e5560000, 0x00000000e6ab0000)
 concurrent mark-sweep generation total 393216K, used 0K [0x00000000e8000000, 0x0000000100000000, 0x0000000100000000)
 Metaspace       used 18017K, capacity 18336K, committed 18688K, reserved 1064960K
  class space    used 2035K, capacity 2196K, committed 2304K, reserved 1048576K
}
2017-06-01T13:17:48.361+0200: 2,122: Total time for which application threads were stopped: 0,0167693 seconds, Stopping threads took: 0,0007797 seconds
2017-06-01T13:17:48.674+0200: 2,435: Total time for which application threads were stopped: 0,0003960 seconds, Stopping threads took: 0,0000819 seconds
{Heap before GC invocations=1 (full 0):
 par new generation   total 109248K, used 99798K [0x00000000e0000000, 0x00000000e8000000, 0x00000000e8000000)
  eden space 87424K,  99% used [0x00000000e0000000, 0x00000000e555fe88, 0x00000000e5560000)
  from space 21824K,  56% used [0x00000000e6ab0000, 0x00000000e76c5a68, 0x00000000e8000000)
  to   space 21824K,   0% used [0x00000000e5560000, 0x00000000e5560000, 0x00000000e6ab0000)
 concurrent mark-sweep generation total 393216K, used 0K [0x00000000e8000000, 0x0000000100000000, 0x0000000100000000)
 Metaspace       used 20035K, capacity 20356K, committed 20736K, reserved 1067008K
  class space    used 2292K, capacity 2466K, committed 2560K, reserved 1048576K
2017-06-01T13:17:48.714+0200: 2,475: [GC (Allocation Failure) 2017-06-01T13:17:48.714+0200: 2,475: [ParNew
Desired survivor size 20112992 bytes, new threshold 8 (max 8)
- age   1:    3758696 bytes,    3758696 total
- age   2:    6646984 bytes,   10405680 total
: 99798K->13720K(109248K), 0,0103515 secs] 99798K->13720K(502464K), 0,0104224 secs] [Times: user=0,03 sys=0,00, real=0,01 secs] 
Heap after GC invocations=2 (full 0):
 par new generation   total 109248K, used 13720K [0x00000000e0000000, 0x00000000e8000000, 0x00000000e8000000)
  eden space 87424K,   0% used [0x00000000e0000000, 0x00000000e0000000, 0x00000000e5560000)
  from space 21824K,  62% used [0x00000000e5560000, 0x00000000e62c6000, 0x00000000e6ab0000)
  to   space 21824K,   0% used [0x00000000e6ab0000, 0x00000000e6ab0000, 0x00000000e8000000)
 concurrent mark-sweep generation total 393216K, used 0K [0x00000000e8000000, 0x0000000100000000, 0x0000000100000000)
 Metaspace       used 20035K, capacity 20356K, committed 20736K, reserved 1067008K
  class space    used 2292K, capacity 2466K, committed 2560K, reserved 1048576K
}
2017-06-01T13:17:48.725+0200: 2,486: Total time for which application threads were stopped: 0,0139010 seconds, Stopping threads took: 0,0033114 seconds
2017-06-01T13:17:48.730+0200: 2,491: Total time for which application threads were stopped: 0,0004378 seconds, Stopping threads took: 0,0000556 seconds
2017-06-01T13:17:48.770+0200: 2,531: Total time for which application threads were stopped: 0,0047816 seconds, Stopping threads took: 0,0044909 seconds
2017-06-01T13:17:48.905+0200: 2,666: Total time for which application threads were stopped: 0,0001770 seconds, Stopping threads took: 0,0000488 seconds
{Heap before GC invocations=2 (full 0):
 par new generation   total 109248K, used 101144K [0x00000000e0000000, 0x00000000e8000000, 0x00000000e8000000)
  eden space 87424K, 100% used [0x00000000e0000000, 0x00000000e5560000, 0x00000000e5560000)
  from space 21824K,  62% used [0x00000000e5560000, 0x00000000e62c6000, 0x00000000e6ab0000)
  to   space 21824K,   0% used [0x00000000e6ab0000, 0x00000000e6ab0000, 0x00000000e8000000)
 concurrent mark-sweep generation total 393216K, used 0K [0x00000000e8000000, 0x0000000100000000, 0x0000000100000000)
 Metaspace       used 20959K, capacity 21278K, committed 21628K, reserved 1069056K
  class space    used 2415K, capacity 2585K, committed 2684K, reserved 1048576K
2017-06-01T13:17:48.951+0200: 2,712: [GC (Allocation Failure) 2017-06-01T13:17:48.951+0200: 2,712: [ParNew
Desired survivor size 20112992 bytes, new threshold 8 (max 8)
- age   1:    2183768 bytes,    2183768 total
- age   2:     864800 bytes,    3048568 total
- age   3:    6644912 bytes,    9693480 total
: 101144K->11541K(109248K), 0,0260886 secs] 101144K->11541K(502464K), 0,0261775 secs] [Times: user=0,07 sys=0,00, real=0,02 secs] 
Heap after GC invocations=3 (full 0):
 par new generation   total 109248K, used 11541K [0x00000000e0000000, 0x00000000e8000000, 0x00000000e8000000)
  eden space 87424K,   0% used [0x00000000e0000000, 0x00000000e0000000, 0x00000000e5560000)
  from space 21824K,  52% used [0x00000000e6ab0000, 0x00000000e75f5540, 0x00000000e8000000)
  to   space 21824K,   0% used [0x00000000e5560000, 0x00000000e5560000, 0x00000000e6ab0000)
 concurrent mark-sweep generation total 393216K, used 0K [0x00000000e8000000, 0x0000000100000000, 0x0000000100000000)
 Metaspace       used 20959K, capacity 21278K, committed 21628K, reserved 1069056K
  class space    used 2415K, capacity 2585K, committed 2684K, reserved 1048576K
}
2017-06-01T13:17:48.977+0200: 2,738: Total time for which application threads were stopped: 0,0264164 seconds, Stopping threads took: 0,0000560 seconds
2017-06-01T13:17:48.982+0200: 2,743: [GC (CMS Initial Mark) [1 CMS-initial-mark: 0K(393216K)] 15931K(502464K), 0,0071216 secs] [Times: user=0,02 sys=0,00, real=0,00 secs] 
2017-06-01T13:17:48.989+0200: 2,750: Total time for which application threads were stopped: 0,0081580 seconds, Stopping threads took: 0,0009138 seconds
2017-06-01T13:17:48.989+0200: 2,750: [CMS-concurrent-mark-start]
2017-06-01T13:17:48.990+0200: 2,751: [CMS-concurrent-mark: 0,001/0,001 secs] [Times: user=0,00 sys=0,00, real=0,00 secs] 
2017-06-01T13:17:48.990+0200: 2,751: [CMS-concurrent-preclean-start]
2017-06-01T13:17:48.991+0200: 2,752: [CMS-concurrent-preclean: 0,001/0,001 secs] [Times: user=0,01 sys=0,00, real=0,01 secs] 
2017-06-01T13:17:48.991+0200: 2,752: [CMS-concurrent-abortable-preclean-start]
2017-06-01T13:17:49.054+0200: 2,815: Total time for which application threads were stopped: 0,0001414 seconds, Stopping threads took: 0,0000289 seconds
{Heap before GC invocations=3 (full 1):
 par new generation   total 109248K, used 98965K [0x00000000e0000000, 0x00000000e8000000, 0x00000000e8000000)
  eden space 87424K, 100% used [0x00000000e0000000, 0x00000000e5560000, 0x00000000e5560000)
  from space 21824K,  52% used [0x00000000e6ab0000, 0x00000000e75f5540, 0x00000000e8000000)
  to   space 21824K,   0% used [0x00000000e5560000, 0x00000000e5560000, 0x00000000e6ab0000)
 concurrent mark-sweep generation total 393216K, used 0K [0x00000000e8000000, 0x0000000100000000, 0x0000000100000000)
 Metaspace       used 21243K, capacity 21618K, committed 21884K, reserved 1069056K
  class space    used 2444K, capacity 2600K, committed 2684K, reserved 1048576K
2017-06-01T13:17:49.099+0200: 2,860: [GC (Allocation Failure) 2017-06-01T13:17:49.099+0200: 2,861: [ParNew
Desired survivor size 20112992 bytes, new threshold 8 (max 8)
- age   1:    1280312 bytes,    1280312 total
- age   2:    1456848 bytes,    2737160 total
- age   3:     831456 bytes,    3568616 total
- age   4:    6644912 bytes,   10213528 total
: 98965K->14949K(109248K), 0,0117270 secs] 98965K->14949K(502464K), 0,0117939 secs] [Times: user=0,04 sys=0,00, real=0,01 secs] 
Heap after GC invocations=4 (full 1):
 par new generation   total 109248K, used 14949K [0x00000000e0000000, 0x00000000e8000000, 0x00000000e8000000)
  eden space 87424K,   0% used [0x00000000e0000000, 0x00000000e0000000, 0x00000000e5560000)
  from space 21824K,  68% used [0x00000000e5560000, 0x00000000e63f94a0, 0x00000000e6ab0000)
  to   space 21824K,   0% used [0x00000000e6ab0000, 0x00000000e6ab0000, 0x00000000e8000000)
 concurrent mark-sweep generation total 393216K, used 0K [0x00000000e8000000, 0x0000000100000000, 0x0000000100000000)
 Metaspace       used 21243K, capacity 21618K, committed 21884K, reserved 1069056K
  class space    used 2444K, capacity 2600K, committed 2684K, reserved 1048576K
}
2017-06-01T13:17:49.111+0200: 2,872: Total time for which application threads were stopped: 0,0120059 seconds, Stopping threads took: 0,0000553 seconds
2017-06-01T13:17:49.111+0200: 2,872: [CMS-concurrent-abortable-preclean: 0,064/0,120 secs] [Times: user=0,45 sys=0,01, real=0,12 secs] 
2017-06-01T13:17:49.111+0200: 2,873: [GC (CMS Final Remark) [YG occupancy: 15660 K (109248 K)]{Heap before GC invocations=4 (full 1):
 par new generation   total 109248K, used 15660K [0x00000000e0000000, 0x00000000e8000000, 0x00000000e8000000)
  eden space 87424K,   0% used [0x00000000e0000000, 0x00000000e00b1c48, 0x00000000e5560000)
  from space 21824K,  68% used [0x00000000e5560000, 0x00000000e63f94a0, 0x00000000e6ab0000)
  to   space 21824K,   0% used [0x00000000e6ab0000, 0x00000000e6ab0000, 0x00000000e8000000)
 concurrent mark-sweep generation total 393216K, used 0K [0x00000000e8000000, 0x0000000100000000, 0x0000000100000000)
 Metaspace       used 21243K, capacity 21618K, committed 21884K, reserved 1069056K
  class space    used 2444K, capacity 2600K, committed 2684K, reserved 1048576K
2017-06-01T13:17:49.111+0200: 2,873: [GC (CMS Final Remark) 2017-06-01T13:17:49.111+0200: 2,873: [ParNew
Desired survivor size 20112992 bytes, new threshold 8 (max 8)
- age   1:      59648 bytes,      59648 total
- age   2:    1039584 bytes,    1099232 total
- age   3:    1456848 bytes,    2556080 total
- age   4:     831456 bytes,    3387536 total
- age   5:    6644968 bytes,   10032504 total
: 15660K->13220K(109248K), 0,0103881 secs] 15660K->13220K(502464K), 0,0104224 secs] [Times: user=0,03 sys=0,00, real=0,01 secs] 
Heap after GC invocations=5 (full 1):
 par new generation   total 109248K, used 13220K [0x00000000e0000000, 0x00000000e8000000, 0x00000000e8000000)
  eden space 87424K,   0% used [0x00000000e0000000, 0x00000000e0000000, 0x00000000e5560000)
  from space 21824K,  60% used [0x00000000e6ab0000, 0x00000000e7799328, 0x00000000e8000000)
  to   space 21824K,   0% used [0x00000000e5560000, 0x00000000e5560000, 0x00000000e6ab0000)
 concurrent mark-sweep generation total 393216K, used 0K [0x00000000e8000000, 0x0000000100000000, 0x0000000100000000)
 Metaspace       used 21243K, capacity 21618K, committed 21884K, reserved 1069056K
  class space    used 2444K, capacity 2600K, committed 2684K, reserved 1048576K
}
2017-06-01T13:17:49.122+0200: 2,883: [Rescan (parallel) , 0,0035302 secs]2017-06-01T13:17:49.125+0200: 2,887: [weak refs processing, 0,0005400 secs]2017-06-01T13:17:49.126+0200: 2,887: [class unloading, 0,0028440 secs]2017-06-01T13:17:49.129+0200: 2,890: [scrub symbol table, 0,0025587 secs]2017-06-01T13:17:49.131+0200: 2,893: [scrub string table, 0,0004098 secs][1 CMS-remark: 0K(393216K)] 13220K(502464K), 0,0210010 secs] [Times: user=0,05 sys=0,01, real=0,02 secs] 
2017-06-01T13:17:49.132+0200: 2,894: Total time for which application threads were stopped: 0,0211168 seconds, Stopping threads took: 0,0000354 seconds
2017-06-01T13:17:49.138+0200: 2,899: [CMS-concurrent-sweep-start]
2017-06-01T13:17:49.138+0200: 2,899: [CMS-concurrent-sweep: 0,000/0,000 secs] [Times: user=0,00 sys=0,00, real=0,00 secs] 
2017-06-01T13:17:49.138+0200: 2,899: [CMS-concurrent-reset-start]
2017-06-01T13:17:49.141+0200: 2,902: [CMS-concurrent-reset: 0,002/0,002 secs] [Times: user=0,01 sys=0,00, real=0,00 secs] 
{Heap before GC invocations=5 (full 1):
 par new generation   total 109248K, used 100644K [0x00000000e0000000, 0x00000000e8000000, 0x00000000e8000000)
  eden space 87424K, 100% used [0x00000000e0000000, 0x00000000e5560000, 0x00000000e5560000)
  from space 21824K,  60% used [0x00000000e6ab0000, 0x00000000e7799328, 0x00000000e8000000)
  to   space 21824K,   0% used [0x00000000e5560000, 0x00000000e5560000, 0x00000000e6ab0000)
 concurrent mark-sweep generation total 393216K, used 0K [0x00000000e8000000, 0x0000000100000000, 0x0000000100000000)
 Metaspace       used 21362K, capacity 21790K, committed 21884K, reserved 1069056K
  class space    used 2463K, capacity 2634K, committed 2684K, reserved 1048576K
2017-06-01T13:17:49.220+0200: 2,981: [GC (Allocation Failure) 2017-06-01T13:17:49.220+0200: 2,981: [ParNew
Desired survivor size 20112992 bytes, new threshold 8 (max 8)
- age   1:    1086464 bytes,    1086464 total
- age   3:     183536 bytes,    1270000 total
- age   4:    1456768 bytes,    2726768 total
- age   5:     831344 bytes,    3558112 total
- age   6:    6645000 bytes,   10203112 total
: 100644K->12857K(109248K), 0,0130832 secs] 100644K->12857K(502464K), 0,0131715 secs] [Times: user=0,04 sys=0,00, real=0,01 secs] 
Heap after GC invocations=6 (full 1):
 par new generation   total 109248K, used 12857K [0x00000000e0000000, 0x00000000e8000000, 0x00000000e8000000)
  eden space 87424K,   0% used [0x00000000e0000000, 0x00000000e0000000, 0x00000000e5560000)
  from space 21824K,  58% used [0x00000000e5560000, 0x00000000e61ee5b0, 0x00000000e6ab0000)
  to   space 21824K,   0% used [0x00000000e6ab0000, 0x00000000e6ab0000, 0x00000000e8000000)
 concurrent mark-sweep generation total 393216K, used 0K [0x00000000e8000000, 0x0000000100000000, 0x0000000100000000)
 Metaspace       used 21362K, capacity 21790K, committed 21884K, reserved 1069056K
  class space    used 2463K, capacity 2634K, committed 2684K, reserved 1048576K
}
2017-06-01T13:17:49.233+0200: 2,994: Total time for which application threads were stopped: 0,0134606 seconds, Stopping threads took: 0,0001020 seconds
2017-06-01T13:17:49.273+0200: 3,034: Total time for which application threads were stopped: 0,0004012 seconds, Stopping threads took: 0,0000270 seconds
2017-06-01T13:17:49.588+0200: 3,350: Total time for which application threads were stopped: 0,0005390 seconds, Stopping threads took: 0,0000428 seconds
2017-06-01T13:17:49.606+0200: 3,367: Total time for which application threads were stopped: 0,0004388 seconds, Stopping threads took: 0,0000502 seconds
2017-06-01T13:17:49.810+0200: 3,571: Total time for which application threads were stopped: 0,0005151 seconds, Stopping threads took: 0,0003347 seconds
{Heap before GC invocations=6 (full 1):
 par new generation   total 109248K, used 100283K [0x00000000e0000000, 0x00000000e8000000, 0x00000000e8000000)
  eden space 87424K, 100% used [0x00000000e0000000, 0x00000000e5560000, 0x00000000e5560000)
  from space 21824K,  58% used [0x00000000e5560000, 0x00000000e61eedc0, 0x00000000e6ab0000)
  to   space 21824K,   0% used [0x00000000e6ab0000, 0x00000000e6ab0000, 0x00000000e8000000)
 concurrent mark-sweep generation total 393216K, used 0K [0x00000000e8000000, 0x0000000100000000, 0x0000000100000000)
 Metaspace       used 23586K, capacity 24064K, committed 24316K, reserved 1071104K
  class space    used 2747K, capacity 2945K, committed 3068K, reserved 1048576K
2017-06-01T13:17:49.814+0200: 3,575: [GC (Allocation Failure) 2017-06-01T13:17:49.814+0200: 3,575: [ParNew
Desired survivor size 20112992 bytes, new threshold 8 (max 8)
- age   1:    4913232 bytes,    4913232 total
- age   2:     112392 bytes,    5025624 total
- age   4:     182104 bytes,    5207728 total
- age   5:     286928 bytes,    5494656 total
- age   6:     807048 bytes,    6301704 total
- age   7:    6636720 bytes,   12938424 total
: 100283K->17517K(109248K), 0,0715143 secs] 100283K->17517K(502464K), 0,0715919 secs] [Times: user=0,06 sys=0,00, real=0,07 secs] 
Heap after GC invocations=7 (full 1):
 par new generation   total 109248K, used 17517K [0x00000000e0000000, 0x00000000e8000000, 0x00000000e8000000)
  eden space 87424K,   0% used [0x00000000e0000000, 0x00000000e0000000, 0x00000000e5560000)
  from space 21824K,  80% used [0x00000000e6ab0000, 0x00000000e7bcb540, 0x00000000e8000000)
  to   space 21824K,   0% used [0x00000000e5560000, 0x00000000e5560000, 0x00000000e6ab0000)
 concurrent mark-sweep generation total 393216K, used 0K [0x00000000e8000000, 0x0000000100000000, 0x0000000100000000)
 Metaspace       used 23586K, capacity 24064K, committed 24316K, reserved 1071104K
  class space    used 2747K, capacity 2945K, committed 3068K, reserved 1048576K
}
2017-06-01T13:17:49.886+0200: 3,647: Total time for which application threads were stopped: 0,0717941 seconds, Stopping threads took: 0,0000222 seconds
{Heap before GC invocations=7 (full 1):
 par new generation   total 109248K, used 18840K [0x00000000e0000000, 0x00000000e8000000, 0x00000000e8000000)
  eden space 87424K,   1% used [0x00000000e0000000, 0x00000000e014aac8, 0x00000000e5560000)
  from space 21824K,  80% used [0x00000000e6ab0000, 0x00000000e7bcb540, 0x00000000e8000000)
  to   space 21824K,   0% used [0x00000000e5560000, 0x00000000e5560000, 0x00000000e6ab0000)
 concurrent mark-sweep generation total 393216K, used 0K [0x00000000e8000000, 0x0000000100000000, 0x0000000100000000)
 Metaspace       used 23586K, capacity 24064K, committed 24316K, reserved 1071104K
  class space    used 2747K, capacity 2945K, committed 3068K, reserved 1048576K
2017-06-01T13:17:49.888+0200: 3,649: [GC (GCLocker Initiated GC) 2017-06-01T13:17:49.888+0200: 3,649: [ParNew
Desired survivor size 20112992 bytes, new threshold 8 (max 8)
- age   1:     102024 bytes,     102024 total
- age   2:    4332080 bytes,    4434104 total
- age   3:     112392 bytes,    4546496 total
- age   5:     182104 bytes,    4728600 total
- age   6:     286928 bytes,    5015528 total
- age   7:     807048 bytes,    5822576 total
- age   8:    6635200 bytes,   12457776 total
: 18840K->15587K(109248K), 0,0882978 secs] 18840K->15587K(502464K), 0,0883982 secs] [Times: user=0,05 sys=0,00, real=0,09 secs] 
Heap after GC invocations=8 (full 1):
 par new generation   total 109248K, used 15587K [0x00000000e0000000, 0x00000000e8000000, 0x00000000e8000000)
  eden space 87424K,   0% used [0x00000000e0000000, 0x00000000e0000000, 0x00000000e5560000)
  from space 21824K,  71% used [0x00000000e5560000, 0x00000000e6498e98, 0x00000000e6ab0000)
  to   space 21824K,   0% used [0x00000000e6ab0000, 0x00000000e6ab0000, 0x00000000e8000000)
 concurrent mark-sweep generation total 393216K, used 0K [0x00000000e8000000, 0x0000000100000000, 0x0000000100000000)
 Metaspace       used 23586K, capacity 24064K, committed 24316K, reserved 1071104K
  class space    used 2747K, capacity 2945K, committed 3068K, reserved 1048576K
}
2017-06-01T13:17:49.976+0200: 3,737: Total time for which application threads were stopped: 0,0890512 seconds, Stopping threads took: 0,0004382 seconds
{Heap before GC invocations=8 (full 1):
 par new generation   total 109248K, used 103011K [0x00000000e0000000, 0x00000000e8000000, 0x00000000e8000000)
  eden space 87424K, 100% used [0x00000000e0000000, 0x00000000e5560000, 0x00000000e5560000)
  from space 21824K,  71% used [0x00000000e5560000, 0x00000000e6498e98, 0x00000000e6ab0000)
  to   space 21824K,   0% used [0x00000000e6ab0000, 0x00000000e6ab0000, 0x00000000e8000000)
 concurrent mark-sweep generation total 393216K, used 0K [0x00000000e8000000, 0x0000000100000000, 0x0000000100000000)
 Metaspace       used 24337K, capacity 24806K, committed 25084K, reserved 1071104K
  class space    used 2852K, capacity 3042K, committed 3068K, reserved 1048576K
2017-06-01T13:17:50.302+0200: 4,063: [GC (Allocation Failure) 2017-06-01T13:17:50.302+0200: 4,063: [ParNew
Desired survivor size 20112992 bytes, new threshold 8 (max 8)
- age   1:    2386928 bytes,    2386928 total
- age   3:    1732744 bytes,    4119672 total
- age   4:      63160 bytes,    4182832 total
- age   6:      98032 bytes,    4280864 total
- age   7:     189696 bytes,    4470560 total
- age   8:     765632 bytes,    5236192 total
: 103011K->10856K(109248K), 0,0646609 secs] 103011K->16896K(502464K), 0,0647467 secs] [Times: user=0,11 sys=0,00, real=0,06 secs] 
Heap after GC invocations=9 (full 1):
 par new generation   total 109248K, used 10856K [0x00000000e0000000, 0x00000000e8000000, 0x00000000e8000000)
  eden space 87424K,   0% used [0x00000000e0000000, 0x00000000e0000000, 0x00000000e5560000)
  from space 21824K,  49% used [0x00000000e6ab0000, 0x00000000e754a160, 0x00000000e8000000)
  to   space 21824K,   0% used [0x00000000e5560000, 0x00000000e5560000, 0x00000000e6ab0000)
 concurrent mark-sweep generation total 393216K, used 6040K [0x00000000e8000000, 0x0000000100000000, 0x0000000100000000)
 Metaspace       used 24337K, capacity 24806K, committed 25084K, reserved 1071104K
  class space    used 2852K, capacity 3042K, committed 3068K, reserved 1048576K
}
2017-06-01T13:17:50.367+0200: 4,128: Total time for which application threads were stopped: 0,0724142 seconds, Stopping threads took: 0,0069814 seconds
2017-06-01T13:17:50.500+0200: 4,261: Total time for which application threads were stopped: 0,0002755 seconds, Stopping threads took: 0,0001779 seconds
2017-06-01T13:17:50.503+0200: 4,264: Total time for which application threads were stopped: 0,0001792 seconds, Stopping threads took: 0,0001060 seconds
{Heap before GC invocations=9 (full 1):
 par new generation   total 109248K, used 98280K [0x00000000e0000000, 0x00000000e8000000, 0x00000000e8000000)
  eden space 87424K, 100% used [0x00000000e0000000, 0x00000000e5560000, 0x00000000e5560000)
  from space 21824K,  49% used [0x00000000e6ab0000, 0x00000000e754a160, 0x00000000e8000000)
  to   space 21824K,   0% used [0x00000000e5560000, 0x00000000e5560000, 0x00000000e6ab0000)
 concurrent mark-sweep generation total 393216K, used 6040K [0x00000000e8000000, 0x0000000100000000, 0x0000000100000000)
 Metaspace       used 24676K, capacity 25120K, committed 25468K, reserved 1071104K
  class space    used 2883K, capacity 3079K, committed 3196K, reserved 1048576K
2017-06-01T13:17:50.510+0200: 4,271: [GC (Allocation Failure) 2017-06-01T13:17:50.510+0200: 4,271: [ParNew
Desired survivor size 20112992 bytes, new threshold 8 (max 8)
- age   1:    1119344 bytes,    1119344 total
- age   2:     633352 bytes,    1752696 total
- age   4:    1708800 bytes,    3461496 total
- age   5:      63160 bytes,    3524656 total
- age   7:      97832 bytes,    3622488 total
- age   8:     186928 bytes,    3809416 total
: 98280K->5509K(109248K), 0,0075728 secs] 104320K->12393K(502464K), 0,0076516 secs] [Times: user=0,03 sys=0,00, real=0,00 secs] 
Heap after GC invocations=10 (full 1):
 par new generation   total 109248K, used 5509K [0x00000000e0000000, 0x00000000e8000000, 0x00000000e8000000)
  eden space 87424K,   0% used [0x00000000e0000000, 0x00000000e0000000, 0x00000000e5560000)
  from space 21824K,  25% used [0x00000000e5560000, 0x00000000e5ac1510, 0x00000000e6ab0000)
  to   space 21824K,   0% used [0x00000000e6ab0000, 0x00000000e6ab0000, 0x00000000e8000000)
 concurrent mark-sweep generation total 393216K, used 6884K [0x00000000e8000000, 0x0000000100000000, 0x0000000100000000)
 Metaspace       used 24676K, capacity 25120K, committed 25468K, reserved 1071104K
  class space    used 2883K, capacity 3079K, committed 3196K, reserved 1048576K
}
2017-06-01T13:17:50.518+0200: 4,279: Total time for which application threads were stopped: 0,0078294 seconds, Stopping threads took: 0,0000251 seconds
2017-06-01T13:17:50.590+0200: 4,351: Total time for which application threads were stopped: 0,0028726 seconds, Stopping threads took: 0,0027500 seconds
2017-06-01T13:17:50.590+0200: 4,352: Total time for which application threads were stopped: 0,0001054 seconds, Stopping threads took: 0,0000349 seconds
2017-06-01T13:17:50.591+0200: 4,352: Total time for which application threads were stopped: 0,0000921 seconds, Stopping threads took: 0,0000291 seconds
2017-06-01T13:17:50.591+0200: 4,353: Total time for which application threads were stopped: 0,0007792 seconds, Stopping threads took: 0,0007128 seconds
2017-06-01T13:17:50.592+0200: 4,353: Total time for which application threads were stopped: 0,0000959 seconds, Stopping threads took: 0,0000160 seconds
2017-06-01T13:17:50.592+0200: 4,353: Total time for which application threads were stopped: 0,0001373 seconds, Stopping threads took: 0,0000208 seconds
2017-06-01T13:17:50.595+0200: 4,356: Total time for which application threads were stopped: 0,0001592 seconds, Stopping threads took: 0,0000526 seconds
2017-06-01T13:17:50.595+0200: 4,356: Total time for which application threads were stopped: 0,0000925 seconds, Stopping threads took: 0,0000141 seconds
2017-06-01T13:17:50.595+0200: 4,356: Total time for which application threads were stopped: 0,0001052 seconds, Stopping threads took: 0,0000324 seconds
2017-06-01T13:17:50.596+0200: 4,357: Total time for which application threads were stopped: 0,0000880 seconds, Stopping threads took: 0,0000147 seconds
2017-06-01T13:17:50.596+0200: 4,357: Total time for which application threads were stopped: 0,0000792 seconds, Stopping threads took: 0,0000208 seconds
2017-06-01T13:17:50.600+0200: 4,361: Total time for which application threads were stopped: 0,0003796 seconds, Stopping threads took: 0,0003103 seconds
2017-06-01T13:17:50.600+0200: 4,361: Total time for which application threads were stopped: 0,0000656 seconds, Stopping threads took: 0,0000283 seconds
2017-06-01T13:17:50.600+0200: 4,361: Total time for which application threads were stopped: 0,0000714 seconds, Stopping threads took: 0,0000286 seconds
2017-06-01T13:17:50.602+0200: 4,363: Total time for which application threads were stopped: 0,0017634 seconds, Stopping threads took: 0,0016811 seconds
2017-06-01T13:17:50.611+0200: 4,372: Total time for which application threads were stopped: 0,0010835 seconds, Stopping threads took: 0,0009731 seconds
2017-06-01T13:17:50.615+0200: 4,376: Total time for which application threads were stopped: 0,0001549 seconds, Stopping threads took: 0,0000605 seconds
2017-06-01T13:17:50.618+0200: 4,379: Total time for which application threads were stopped: 0,0001500 seconds, Stopping threads took: 0,0000637 seconds
2017-06-01T13:17:50.621+0200: 4,382: Total time for which application threads were stopped: 0,0015437 seconds, Stopping threads took: 0,0014491 seconds
2017-06-01T13:17:50.621+0200: 4,382: Total time for which application threads were stopped: 0,0000743 seconds, Stopping threads took: 0,0000129 seconds
2017-06-01T13:17:50.621+0200: 4,382: Total time for which application threads were stopped: 0,0001206 seconds, Stopping threads took: 0,0000300 seconds
2017-06-01T13:17:50.630+0200: 4,391: Total time for which application threads were stopped: 0,0001883 seconds, Stopping threads took: 0,0000598 seconds
2017-06-01T13:17:50.647+0200: 4,409: Total time for which application threads were stopped: 0,0001673 seconds, Stopping threads took: 0,0000685 seconds
2017-06-01T13:17:50.650+0200: 4,411: Total time for which application threads were stopped: 0,0001512 seconds, Stopping threads took: 0,0000580 seconds
2017-06-01T13:17:50.653+0200: 4,414: Total time for which application threads were stopped: 0,0001918 seconds, Stopping threads took: 0,0000330 seconds
2017-06-01T13:17:50.657+0200: 4,418: Total time for which application threads were stopped: 0,0001524 seconds, Stopping threads took: 0,0000603 seconds
2017-06-01T13:17:50.659+0200: 4,420: Total time for which application threads were stopped: 0,0001163 seconds, Stopping threads took: 0,0000241 seconds
2017-06-01T13:17:50.659+0200: 4,420: Total time for which application threads were stopped: 0,0001037 seconds, Stopping threads took: 0,0000250 seconds
2017-06-01T13:17:50.659+0200: 4,420: Total time for which application threads were stopped: 0,0001011 seconds, Stopping threads took: 0,0000241 seconds
2017-06-01T13:17:50.659+0200: 4,420: Total time for which application threads were stopped: 0,0000909 seconds, Stopping threads took: 0,0000194 seconds
2017-06-01T13:17:50.659+0200: 4,420: Total time for which application threads were stopped: 0,0000850 seconds, Stopping threads took: 0,0000207 seconds
2017-06-01T13:17:50.659+0200: 4,421: Total time for which application threads were stopped: 0,0000805 seconds, Stopping threads took: 0,0000193 seconds
2017-06-01T13:17:50.660+0200: 4,421: Total time for which application threads were stopped: 0,0000742 seconds, Stopping threads took: 0,0000197 seconds
2017-06-01T13:17:50.660+0200: 4,421: Total time for which application threads were stopped: 0,0001006 seconds, Stopping threads took: 0,0000283 seconds
2017-06-01T13:17:50.660+0200: 4,421: Total time for which application threads were stopped: 0,0001131 seconds, Stopping threads took: 0,0000278 seconds
2017-06-01T13:17:50.661+0200: 4,422: Total time for which application threads were stopped: 0,0001286 seconds, Stopping threads took: 0,0000315 seconds
2017-06-01T13:17:50.661+0200: 4,422: Total time for which application threads were stopped: 0,0000819 seconds, Stopping threads took: 0,0000207 seconds
2017-06-01T13:17:50.661+0200: 4,422: Total time for which application threads were stopped: 0,0000700 seconds, Stopping threads took: 0,0000164 seconds
2017-06-01T13:17:50.661+0200: 4,422: Total time for which application threads were stopped: 0,0000987 seconds, Stopping threads took: 0,0000253 seconds
2017-06-01T13:17:50.662+0200: 4,423: Total time for which application threads were stopped: 0,0007419 seconds, Stopping threads took: 0,0006384 seconds
2017-06-01T13:17:50.662+0200: 4,424: Total time for which application threads were stopped: 0,0000938 seconds, Stopping threads took: 0,0000257 seconds
2017-06-01T13:17:50.662+0200: 4,424: Total time for which application threads were stopped: 0,0000873 seconds, Stopping threads took: 0,0000240 seconds
2017-06-01T13:17:50.663+0200: 4,424: Total time for which application threads were stopped: 0,0000744 seconds, Stopping threads took: 0,0000187 seconds
2017-06-01T13:17:50.663+0200: 4,424: Total time for which application threads were stopped: 0,0001139 seconds, Stopping threads took: 0,0000307 seconds
2017-06-01T13:17:50.663+0200: 4,424: Total time for which application threads were stopped: 0,0000826 seconds, Stopping threads took: 0,0000208 seconds
2017-06-01T13:17:50.664+0200: 4,425: Total time for which application threads were stopped: 0,0002328 seconds, Stopping threads took: 0,0000328 seconds
2017-06-01T13:17:50.668+0200: 4,429: Total time for which application threads were stopped: 0,0001918 seconds, Stopping threads took: 0,0000747 seconds
2017-06-01T13:17:50.669+0200: 4,430: Total time for which application threads were stopped: 0,0001564 seconds, Stopping threads took: 0,0000491 seconds
2017-06-01T13:17:50.670+0200: 4,431: Total time for which application threads were stopped: 0,0002469 seconds, Stopping threads took: 0,0001272 seconds
2017-06-01T13:17:50.670+0200: 4,431: Total time for which application threads were stopped: 0,0002355 seconds, Stopping threads took: 0,0001570 seconds
2017-06-01T13:17:50.671+0200: 4,432: Total time for which application threads were stopped: 0,0000947 seconds, Stopping threads took: 0,0000265 seconds
2017-06-01T13:17:50.679+0200: 4,440: Total time for which application threads were stopped: 0,0001253 seconds, Stopping threads took: 0,0000378 seconds
2017-06-01T13:17:50.680+0200: 4,441: Total time for which application threads were stopped: 0,0001319 seconds, Stopping threads took: 0,0000304 seconds
2017-06-01T13:17:50.686+0200: 4,448: Total time for which application threads were stopped: 0,0001297 seconds, Stopping threads took: 0,0000332 seconds
2017-06-01T13:17:50.687+0200: 4,448: Total time for which application threads were stopped: 0,0000767 seconds, Stopping threads took: 0,0000190 seconds
2017-06-01T13:17:50.687+0200: 4,448: Total time for which application threads were stopped: 0,0000791 seconds, Stopping threads took: 0,0000191 seconds
2017-06-01T13:17:50.687+0200: 4,448: Total time for which application threads were stopped: 0,0000716 seconds, Stopping threads took: 0,0000154 seconds
2017-06-01T13:17:50.687+0200: 4,448: Total time for which application threads were stopped: 0,0000680 seconds, Stopping threads took: 0,0000154 seconds
2017-06-01T13:17:50.687+0200: 4,448: Total time for which application threads were stopped: 0,0000868 seconds, Stopping threads took: 0,0000195 seconds
2017-06-01T13:17:50.688+0200: 4,449: Total time for which application threads were stopped: 0,0001007 seconds, Stopping threads took: 0,0000203 seconds
2017-06-01T13:17:50.693+0200: 4,454: Total time for which application threads were stopped: 0,0002796 seconds, Stopping threads took: 0,0000394 seconds
2017-06-01T13:17:50.698+0200: 4,459: Total time for which application threads were stopped: 0,0024070 seconds, Stopping threads took: 0,0022981 seconds
2017-06-01T13:17:50.702+0200: 4,463: Total time for which application threads were stopped: 0,0001164 seconds, Stopping threads took: 0,0000425 seconds
2017-06-01T13:17:50.702+0200: 4,463: Total time for which application threads were stopped: 0,0000784 seconds, Stopping threads took: 0,0000212 seconds
2017-06-01T13:17:50.702+0200: 4,464: Total time for which application threads were stopped: 0,0000638 seconds, Stopping threads took: 0,0000183 seconds
2017-06-01T13:17:50.703+0200: 4,464: Total time for which application threads were stopped: 0,0000570 seconds, Stopping threads took: 0,0000230 seconds
2017-06-01T13:17:50.710+0200: 4,471: Total time for which application threads were stopped: 0,0018289 seconds, Stopping threads took: 0,0017576 seconds
2017-06-01T13:17:50.710+0200: 4,471: Total time for which application threads were stopped: 0,0000732 seconds, Stopping threads took: 0,0000283 seconds
2017-06-01T13:17:50.710+0200: 4,471: Total time for which application threads were stopped: 0,0000768 seconds, Stopping threads took: 0,0000111 seconds
2017-06-01T13:17:50.710+0200: 4,471: Total time for which application threads were stopped: 0,0000792 seconds, Stopping threads took: 0,0000199 seconds
2017-06-01T13:17:50.710+0200: 4,472: Total time for which application threads were stopped: 0,0001121 seconds, Stopping threads took: 0,0000491 seconds
2017-06-01T13:17:50.724+0200: 4,485: Total time for which application threads were stopped: 0,0001413 seconds, Stopping threads took: 0,0000609 seconds
2017-06-01T13:17:50.726+0200: 4,487: Total time for which application threads were stopped: 0,0001748 seconds, Stopping threads took: 0,0001007 seconds
2017-06-01T13:17:50.727+0200: 4,488: Total time for which application threads were stopped: 0,0001131 seconds, Stopping threads took: 0,0000479 seconds
2017-06-01T13:17:50.727+0200: 4,488: Total time for which application threads were stopped: 0,0000897 seconds, Stopping threads took: 0,0000475 seconds
2017-06-01T13:17:50.728+0200: 4,489: Total time for which application threads were stopped: 0,0001623 seconds, Stopping threads took: 0,0000601 seconds
2017-06-01T13:17:50.729+0200: 4,490: Total time for which application threads were stopped: 0,0001026 seconds, Stopping threads took: 0,0000312 seconds
2017-06-01T13:17:50.729+0200: 4,490: Total time for which application threads were stopped: 0,0000969 seconds, Stopping threads took: 0,0000333 seconds
2017-06-01T13:17:50.730+0200: 4,491: Total time for which application threads were stopped: 0,0001220 seconds, Stopping threads took: 0,0000320 seconds
2017-06-01T13:17:50.731+0200: 4,492: Total time for which application threads were stopped: 0,0001432 seconds, Stopping threads took: 0,0000747 seconds
2017-06-01T13:17:50.733+0200: 4,494: Total time for which application threads were stopped: 0,0001901 seconds, Stopping threads took: 0,0000399 seconds
2017-06-01T13:17:50.770+0200: 4,531: Total time for which application threads were stopped: 0,0001689 seconds, Stopping threads took: 0,0000539 seconds
2017-06-01T13:17:50.783+0200: 4,544: Total time for which application threads were stopped: 0,0006088 seconds, Stopping threads took: 0,0004475 seconds
2017-06-01T13:17:50.786+0200: 4,547: Total time for which application threads were stopped: 0,0005942 seconds, Stopping threads took: 0,0004616 seconds
2017-06-01T13:17:50.787+0200: 4,548: Total time for which application threads were stopped: 0,0002933 seconds, Stopping threads took: 0,0001741 seconds
2017-06-01T13:17:50.814+0200: 4,575: Total time for which application threads were stopped: 0,0001700 seconds, Stopping threads took: 0,0000670 seconds
2017-06-01T13:17:50.835+0200: 4,596: Total time for which application threads were stopped: 0,0001284 seconds, Stopping threads took: 0,0000541 seconds
2017-06-01T13:17:50.899+0200: 4,660: Total time for which application threads were stopped: 0,0005910 seconds, Stopping threads took: 0,0000671 seconds
2017-06-01T13:17:50.947+0200: 4,708: Total time for which application threads were stopped: 0,0004823 seconds, Stopping threads took: 0,0000182 seconds
2017-06-01T13:17:51.274+0200: 5,035: Total time for which application threads were stopped: 0,0006269 seconds, Stopping threads took: 0,0000438 seconds
2017-06-01T13:17:51.314+0200: 5,075: Total time for which application threads were stopped: 0,0075589 seconds, Stopping threads took: 0,0073573 seconds
2017-06-01T13:17:51.318+0200: 5,080: Total time for which application threads were stopped: 0,0036481 seconds, Stopping threads took: 0,0035269 seconds
2017-06-01T13:17:51.343+0200: 5,104: Total time for which application threads were stopped: 0,0002005 seconds, Stopping threads took: 0,0000569 seconds
2017-06-01T13:17:51.454+0200: 5,215: Total time for which application threads were stopped: 0,0001639 seconds, Stopping threads took: 0,0000368 seconds
2017-06-01T13:17:51.534+0200: 5,295: Total time for which application threads were stopped: 0,0001833 seconds, Stopping threads took: 0,0000501 seconds
2017-06-01T13:17:51.566+0200: 5,327: Total time for which application threads were stopped: 0,0001929 seconds, Stopping threads took: 0,0000325 seconds
2017-06-01T13:17:51.644+0200: 5,406: Total time for which application threads were stopped: 0,0143783 seconds, Stopping threads took: 0,0142522 seconds
2017-06-01T13:17:51.770+0200: 5,531: Total time for which application threads were stopped: 0,0028971 seconds, Stopping threads took: 0,0027426 seconds
2017-06-01T13:17:51.797+0200: 5,558: Total time for which application threads were stopped: 0,0006619 seconds, Stopping threads took: 0,0005722 seconds
2017-06-01T13:17:51.809+0200: 5,570: Total time for which application threads were stopped: 0,0004966 seconds, Stopping threads took: 0,0000383 seconds
2017-06-01T13:17:52.810+0200: 6,571: Total time for which application threads were stopped: 0,0001143 seconds, Stopping threads took: 0,0000289 seconds
{Heap before GC invocations=10 (full 1):
 par new generation   total 109248K, used 92933K [0x00000000e0000000, 0x00000000e8000000, 0x00000000e8000000)
  eden space 87424K, 100% used [0x00000000e0000000, 0x00000000e5560000, 0x00000000e5560000)
  from space 21824K,  25% used [0x00000000e5560000, 0x00000000e5ac1510, 0x00000000e6ab0000)
  to   space 21824K,   0% used [0x00000000e6ab0000, 0x00000000e6ab0000, 0x00000000e8000000)
 concurrent mark-sweep generation total 393216K, used 6884K [0x00000000e8000000, 0x0000000100000000, 0x0000000100000000)
 Metaspace       used 28023K, capacity 28544K, committed 28796K, reserved 1075200K
  class space    used 3210K, capacity 3385K, committed 3452K, reserved 1048576K
2017-06-01T13:17:57.201+0200: 10,962: [GC (Allocation Failure) 2017-06-01T13:17:57.201+0200: 10,962: [ParNew
Desired survivor size 20112992 bytes, new threshold 8 (max 8)
- age   1:   10845296 bytes,   10845296 total
- age   2:     476760 bytes,   11322056 total
- age   3:     242696 bytes,   11564752 total
- age   5:    1703272 bytes,   13268024 total
- age   6:      63160 bytes,   13331184 total
- age   8:      95096 bytes,   13426280 total
: 92933K->14382K(109248K), 0,0182914 secs] 99817K->21453K(502464K), 0,0183408 secs] [Times: user=0,05 sys=0,00, real=0,02 secs] 
Heap after GC invocations=11 (full 1):
 par new generation   total 109248K, used 14382K [0x00000000e0000000, 0x00000000e8000000, 0x00000000e8000000)
  eden space 87424K,   0% used [0x00000000e0000000, 0x00000000e0000000, 0x00000000e5560000)
  from space 21824K,  65% used [0x00000000e6ab0000, 0x00000000e78bb9f0, 0x00000000e8000000)
  to   space 21824K,   0% used [0x00000000e5560000, 0x00000000e5560000, 0x00000000e6ab0000)
 concurrent mark-sweep generation total 393216K, used 7071K [0x00000000e8000000, 0x0000000100000000, 0x0000000100000000)
 Metaspace       used 28023K, capacity 28544K, committed 28796K, reserved 1075200K
  class space    used 3210K, capacity 3385K, committed 3452K, reserved 1048576K
}
2017-06-01T13:17:57.220+0200: 10,981: Total time for which application threads were stopped: 0,0185087 seconds, Stopping threads took: 0,0000278 seconds
2017-06-01T13:17:57.220+0200: 10,981: Total time for which application threads were stopped: 0,0000557 seconds, Stopping threads took: 0,0000172 seconds
2017-06-01T13:17:57.221+0200: 10,982: Total time for which application threads were stopped: 0,0000344 seconds, Stopping threads took: 0,0000106 seconds
2017-06-01T13:19:43.233+0200: 116,995: Total time for which application threads were stopped: 0,0005813 seconds, Stopping threads took: 0,0002450 seconds
2017-06-01T13:19:48.234+0200: 121,995: Total time for which application threads were stopped: 0,0001012 seconds, Stopping threads took: 0,0000199 seconds
2017-06-01T13:20:52.241+0200: 186,002: Total time for which application threads were stopped: 0,0001635 seconds, Stopping threads took: 0,0000691 seconds
2017-06-01T13:22:22.252+0200: 276,013: Total time for which application threads were stopped: 0,0000800 seconds, Stopping threads took: 0,0000303 seconds
2017-06-01T13:23:32.124+0200: 345,885: Total time for which application threads were stopped: 0,0016431 seconds, Stopping threads took: 0,0002362 seconds
2017-06-01T13:23:32.164+0200: 345,925: Total time for which application threads were stopped: 0,0001166 seconds, Stopping threads took: 0,0000422 seconds
2017-06-01T13:23:32.180+0200: 345,942: Total time for which application threads were stopped: 0,0001419 seconds, Stopping threads took: 0,0000668 seconds
2017-06-01T13:23:32.181+0200: 345,942: Total time for which application threads were stopped: 0,0000541 seconds, Stopping threads took: 0,0000280 seconds
2017-06-01T13:23:32.265+0200: 346,026: Total time for which application threads were stopped: 0,0000946 seconds, Stopping threads took: 0,0000211 seconds
2017-06-01T13:23:32.891+0200: 346,652: Total time for which application threads were stopped: 0,0001640 seconds, Stopping threads took: 0,0000344 seconds
2017-06-01T13:23:32.891+0200: 346,652: Total time for which application threads were stopped: 0,0000543 seconds, Stopping threads took: 0,0000160 seconds
2017-06-01T13:23:32.891+0200: 346,652: Total time for which application threads were stopped: 0,0000559 seconds, Stopping threads took: 0,0000173 seconds
2017-06-01T13:23:32.892+0200: 346,653: Total time for which application threads were stopped: 0,0001193 seconds, Stopping threads took: 0,0000459 seconds
2017-06-01T13:23:32.899+0200: 346,660: Total time for which application threads were stopped: 0,0001058 seconds, Stopping threads took: 0,0000162 seconds
2017-06-01T13:23:33.899+0200: 347,661: Total time for which application threads were stopped: 0,0001250 seconds, Stopping threads took: 0,0000200 seconds
2017-06-01T13:23:47.901+0200: 361,662: Total time for which application threads were stopped: 0,0000656 seconds, Stopping threads took: 0,0000157 seconds
2017-06-01T13:25:18.912+0200: 452,674: Total time for which application threads were stopped: 0,0001634 seconds, Stopping threads took: 0,0000594 seconds
2017-06-01T13:25:23.913+0200: 457,674: Total time for which application threads were stopped: 0,0000610 seconds, Stopping threads took: 0,0000136 seconds
2017-06-01T13:26:07.918+0200: 501,679: Total time for which application threads were stopped: 0,0001560 seconds, Stopping threads took: 0,0000273 seconds
2017-06-01T13:26:08.918+0200: 502,679: Total time for which application threads were stopped: 0,0002100 seconds, Stopping threads took: 0,0000275 seconds
2017-06-01T13:27:23.932+0200: 577,693: Total time for which application threads were stopped: 0,0001620 seconds, Stopping threads took: 0,0000385 seconds
2017-06-01T13:27:24.932+0200: 578,693: Total time for which application threads were stopped: 0,0001009 seconds, Stopping threads took: 0,0000338 seconds
2017-06-01T13:27:28.933+0200: 582,694: Total time for which application threads were stopped: 0,0000703 seconds, Stopping threads took: 0,0000150 seconds
2017-06-01T13:28:08.937+0200: 622,698: Total time for which application threads were stopped: 0,0000843 seconds, Stopping threads took: 0,0000314 seconds
2017-06-01T13:28:13.938+0200: 627,699: Total time for which application threads were stopped: 0,0000836 seconds, Stopping threads took: 0,0000195 seconds
2017-06-01T13:28:18.939+0200: 632,700: Total time for which application threads were stopped: 0,0005330 seconds, Stopping threads took: 0,0001747 seconds
2017-06-01T13:28:23.940+0200: 637,701: Total time for which application threads were stopped: 0,0000704 seconds, Stopping threads took: 0,0000155 seconds
2017-06-01T13:28:28.940+0200: 642,701: Total time for which application threads were stopped: 0,0002039 seconds, Stopping threads took: 0,0000321 seconds
{Heap before GC invocations=11 (full 1):
 par new generation   total 109248K, used 101806K [0x00000000e0000000, 0x00000000e8000000, 0x00000000e8000000)
  eden space 87424K, 100% used [0x00000000e0000000, 0x00000000e5560000, 0x00000000e5560000)
  from space 21824K,  65% used [0x00000000e6ab0000, 0x00000000e78bb9f0, 0x00000000e8000000)
  to   space 21824K,   0% used [0x00000000e5560000, 0x00000000e5560000, 0x00000000e6ab0000)
 concurrent mark-sweep generation total 393216K, used 7071K [0x00000000e8000000, 0x0000000100000000, 0x0000000100000000)
 Metaspace       used 30440K, capacity 31062K, committed 31356K, reserved 1077248K
  class space    used 3407K, capacity 3645K, committed 3708K, reserved 1048576K
2017-06-01T13:30:17.943+0200: 751,704: [GC (Allocation Failure) 2017-06-01T13:30:17.943+0200: 751,704: [ParNew
Desired survivor size 20112992 bytes, new threshold 8 (max 8)
- age   1:    1914488 bytes,    1914488 total
- age   2:    7565224 bytes,    9479712 total
- age   3:     423168 bytes,    9902880 total
- age   4:     168208 bytes,   10071088 total
- age   6:    1433552 bytes,   11504640 total
- age   7:      62968 bytes,   11567608 total
: 101806K->14625K(109248K), 0,0239259 secs] 108877K->21792K(502464K), 0,0240257 secs] [Times: user=0,07 sys=0,00, real=0,02 secs] 
Heap after GC invocations=12 (full 1):
 par new generation   total 109248K, used 14625K [0x00000000e0000000, 0x00000000e8000000, 0x00000000e8000000)
  eden space 87424K,   0% used [0x00000000e0000000, 0x00000000e0000000, 0x00000000e5560000)
  from space 21824K,  67% used [0x00000000e5560000, 0x00000000e63a87e0, 0x00000000e6ab0000)
  to   space 21824K,   0% used [0x00000000e6ab0000, 0x00000000e6ab0000, 0x00000000e8000000)
 concurrent mark-sweep generation total 393216K, used 7166K [0x00000000e8000000, 0x0000000100000000, 0x0000000100000000)
 Metaspace       used 30440K, capacity 31062K, committed 31356K, reserved 1077248K
  class space    used 3407K, capacity 3645K, committed 3708K, reserved 1048576K
}
2017-06-01T13:30:17.967+0200: 751,728: Total time for which application threads were stopped: 0,0242636 seconds, Stopping threads took: 0,0000215 seconds
2017-06-01T13:31:57.979+0200: 851,740: Total time for which application threads were stopped: 0,0001172 seconds, Stopping threads took: 0,0000306 seconds
2017-06-01T13:31:58.979+0200: 852,740: Total time for which application threads were stopped: 0,0001118 seconds, Stopping threads took: 0,0000210 seconds
2017-06-01T13:31:59.039+0200: 852,800: Total time for which application threads were stopped: 0,0005418 seconds, Stopping threads took: 0,0000137 seconds
2017-06-01T13:31:59.044+0200: 852,805: Total time for which application threads were stopped: 0,0005606 seconds, Stopping threads took: 0,0004882 seconds
2017-06-01T13:31:59.051+0200: 852,812: Total time for which application threads were stopped: 0,0004739 seconds, Stopping threads took: 0,0000901 seconds
2017-06-01T13:31:59.052+0200: 852,813: Total time for which application threads were stopped: 0,0003149 seconds, Stopping threads took: 0,0002499 seconds
2017-06-01T13:31:59.052+0200: 852,813: Total time for which application threads were stopped: 0,0000898 seconds, Stopping threads took: 0,0000299 seconds
2017-06-01T13:31:59.052+0200: 852,814: Total time for which application threads were stopped: 0,0001129 seconds, Stopping threads took: 0,0000256 seconds
2017-06-01T13:31:59.053+0200: 852,814: Total time for which application threads were stopped: 0,0000996 seconds, Stopping threads took: 0,0000286 seconds
2017-06-01T13:31:59.053+0200: 852,814: Total time for which application threads were stopped: 0,0001456 seconds, Stopping threads took: 0,0000432 seconds
2017-06-01T13:31:59.054+0200: 852,815: Total time for which application threads were stopped: 0,0001383 seconds, Stopping threads took: 0,0000367 seconds
2017-06-01T13:31:59.054+0200: 852,815: Total time for which application threads were stopped: 0,0001030 seconds, Stopping threads took: 0,0000366 seconds
2017-06-01T13:31:59.054+0200: 852,815: Total time for which application threads were stopped: 0,0000921 seconds, Stopping threads took: 0,0000342 seconds
2017-06-01T13:31:59.060+0200: 852,821: Total time for which application threads were stopped: 0,0058101 seconds, Stopping threads took: 0,0057532 seconds
2017-06-01T13:31:59.060+0200: 852,821: Total time for which application threads were stopped: 0,0000391 seconds, Stopping threads took: 0,0000103 seconds
2017-06-01T13:31:59.060+0200: 852,821: Total time for which application threads were stopped: 0,0000350 seconds, Stopping threads took: 0,0000056 seconds
2017-06-01T13:31:59.060+0200: 852,821: Total time for which application threads were stopped: 0,0000327 seconds, Stopping threads took: 0,0000041 seconds
2017-06-01T13:31:59.060+0200: 852,821: Total time for which application threads were stopped: 0,0000326 seconds, Stopping threads took: 0,0000046 seconds
2017-06-01T13:31:59.060+0200: 852,821: Total time for which application threads were stopped: 0,0000461 seconds, Stopping threads took: 0,0000154 seconds
2017-06-01T13:31:59.060+0200: 852,821: Total time for which application threads were stopped: 0,0000402 seconds, Stopping threads took: 0,0000120 seconds
2017-06-01T13:31:59.060+0200: 852,821: Total time for which application threads were stopped: 0,0000345 seconds, Stopping threads took: 0,0000052 seconds
2017-06-01T13:31:59.060+0200: 852,821: Total time for which application threads were stopped: 0,0000578 seconds, Stopping threads took: 0,0000207 seconds
2017-06-01T13:31:59.060+0200: 852,822: Total time for which application threads were stopped: 0,0000437 seconds, Stopping threads took: 0,0000095 seconds
2017-06-01T13:31:59.061+0200: 852,822: Total time for which application threads were stopped: 0,0000563 seconds, Stopping threads took: 0,0000159 seconds
2017-06-01T13:31:59.061+0200: 852,822: Total time for which application threads were stopped: 0,0000895 seconds, Stopping threads took: 0,0000180 seconds
2017-06-01T13:31:59.061+0200: 852,822: Total time for which application threads were stopped: 0,0000933 seconds, Stopping threads took: 0,0000322 seconds
2017-06-01T13:31:59.061+0200: 852,822: Total time for which application threads were stopped: 0,0000855 seconds, Stopping threads took: 0,0000179 seconds
2017-06-01T13:31:59.064+0200: 852,826: Total time for which application threads were stopped: 0,0001130 seconds, Stopping threads took: 0,0000415 seconds
2017-06-01T13:31:59.066+0200: 852,827: Total time for which application threads were stopped: 0,0001057 seconds, Stopping threads took: 0,0000326 seconds
2017-06-01T13:31:59.066+0200: 852,827: Total time for which application threads were stopped: 0,0000926 seconds, Stopping threads took: 0,0000537 seconds
2017-06-01T13:31:59.066+0200: 852,827: Total time for which application threads were stopped: 0,0000545 seconds, Stopping threads took: 0,0000235 seconds
2017-06-01T13:31:59.070+0200: 852,831: Total time for which application threads were stopped: 0,0001203 seconds, Stopping threads took: 0,0000418 seconds
2017-06-01T13:31:59.070+0200: 852,832: Total time for which application threads were stopped: 0,0000837 seconds, Stopping threads took: 0,0000435 seconds
2017-06-01T13:31:59.071+0200: 852,832: Total time for which application threads were stopped: 0,0001095 seconds, Stopping threads took: 0,0000667 seconds
2017-06-01T13:31:59.074+0200: 852,835: Total time for which application threads were stopped: 0,0000921 seconds, Stopping threads took: 0,0000267 seconds
2017-06-01T13:31:59.074+0200: 852,836: Total time for which application threads were stopped: 0,0000579 seconds, Stopping threads took: 0,0000143 seconds
2017-06-01T13:31:59.074+0200: 852,836: Total time for which application threads were stopped: 0,0000484 seconds, Stopping threads took: 0,0000179 seconds
2017-06-01T13:31:59.075+0200: 852,836: Total time for which application threads were stopped: 0,0000342 seconds, Stopping threads took: 0,0000084 seconds
2017-06-01T13:31:59.076+0200: 852,837: Total time for which application threads were stopped: 0,0002202 seconds, Stopping threads took: 0,0000956 seconds
2017-06-01T13:31:59.076+0200: 852,838: Total time for which application threads were stopped: 0,0000558 seconds, Stopping threads took: 0,0000125 seconds
2017-06-01T13:31:59.077+0200: 852,838: Total time for which application threads were stopped: 0,0000641 seconds, Stopping threads took: 0,0000303 seconds
2017-06-01T13:31:59.082+0200: 852,843: Total time for which application threads were stopped: 0,0001304 seconds, Stopping threads took: 0,0000493 seconds
2017-06-01T13:31:59.082+0200: 852,843: Total time for which application threads were stopped: 0,0000689 seconds, Stopping threads took: 0,0000165 seconds
2017-06-01T13:31:59.086+0200: 852,847: Total time for which application threads were stopped: 0,0015039 seconds, Stopping threads took: 0,0014383 seconds
2017-06-01T13:31:59.086+0200: 852,847: Total time for which application threads were stopped: 0,0000597 seconds, Stopping threads took: 0,0000282 seconds
2017-06-01T13:31:59.086+0200: 852,847: Total time for which application threads were stopped: 0,0000413 seconds, Stopping threads took: 0,0000180 seconds
2017-06-01T13:31:59.086+0200: 852,848: Total time for which application threads were stopped: 0,0000424 seconds, Stopping threads took: 0,0000204 seconds
2017-06-01T13:31:59.086+0200: 852,848: Total time for which application threads were stopped: 0,0000409 seconds, Stopping threads took: 0,0000189 seconds
2017-06-01T13:31:59.087+0200: 852,848: Total time for which application threads were stopped: 0,0000408 seconds, Stopping threads took: 0,0000200 seconds
2017-06-01T13:31:59.087+0200: 852,848: Total time for which application threads were stopped: 0,0000410 seconds, Stopping threads took: 0,0000197 seconds
2017-06-01T13:31:59.087+0200: 852,848: Total time for which application threads were stopped: 0,0000421 seconds, Stopping threads took: 0,0000209 seconds
2017-06-01T13:31:59.087+0200: 852,848: Total time for which application threads were stopped: 0,0000369 seconds, Stopping threads took: 0,0000148 seconds
2017-06-01T13:31:59.089+0200: 852,850: Total time for which application threads were stopped: 0,0021274 seconds, Stopping threads took: 0,0020882 seconds
2017-06-01T13:31:59.089+0200: 852,850: Total time for which application threads were stopped: 0,0000457 seconds, Stopping threads took: 0,0000144 seconds
2017-06-01T13:31:59.089+0200: 852,850: Total time for which application threads were stopped: 0,0000388 seconds, Stopping threads took: 0,0000141 seconds
2017-06-01T13:31:59.089+0200: 852,850: Total time for which application threads were stopped: 0,0000452 seconds, Stopping threads took: 0,0000225 seconds
2017-06-01T13:31:59.089+0200: 852,851: Total time for which application threads were stopped: 0,0000377 seconds, Stopping threads took: 0,0000150 seconds
2017-06-01T13:31:59.090+0200: 852,851: Total time for which application threads were stopped: 0,0000832 seconds, Stopping threads took: 0,0000572 seconds
2017-06-01T13:31:59.090+0200: 852,851: Total time for which application threads were stopped: 0,0001002 seconds, Stopping threads took: 0,0000762 seconds
2017-06-01T13:31:59.090+0200: 852,851: Total time for which application threads were stopped: 0,0000587 seconds, Stopping threads took: 0,0000361 seconds
2017-06-01T13:31:59.090+0200: 852,851: Total time for which application threads were stopped: 0,0000508 seconds, Stopping threads took: 0,0000153 seconds
2017-06-01T13:31:59.090+0200: 852,851: Total time for which application threads were stopped: 0,0002757 seconds, Stopping threads took: 0,0000201 seconds
2017-06-01T13:31:59.095+0200: 852,856: Total time for which application threads were stopped: 0,0005544 seconds, Stopping threads took: 0,0004456 seconds
2017-06-01T13:31:59.096+0200: 852,857: Total time for which application threads were stopped: 0,0000976 seconds, Stopping threads took: 0,0000264 seconds
2017-06-01T13:31:59.096+0200: 852,857: Total time for which application threads were stopped: 0,0000728 seconds, Stopping threads took: 0,0000160 seconds
Heap
 par new generation   total 109248K, used 51485K [0x00000000e0000000, 0x00000000e8000000, 0x00000000e8000000)
  eden space 87424K,  42% used [0x00000000e0000000, 0x00000000e23fecc0, 0x00000000e5560000)
  from space 21824K,  67% used [0x00000000e5560000, 0x00000000e63a87e0, 0x00000000e6ab0000)
  to   space 21824K,   0% used [0x00000000e6ab0000, 0x00000000e6ab0000, 0x00000000e8000000)
 concurrent mark-sweep generation total 393216K, used 7166K [0x00000000e8000000, 0x0000000100000000, 0x0000000100000000)
 Metaspace       used 30582K, capacity 31202K, committed 31612K, reserved 1077248K
  class space    used 3422K, capacity 3649K, committed 3708K, reserved 1048576K
