OpenJDK 64-Bit Server VM (25.121-b13) for linux-amd64 JRE (1.8.0_121-8u121-b13-0ubuntu1.16.04.2-b13), built on Jan 23 2017 15:51:29 by "buildd" with gcc 5.4.0 20160609
Memory: 4k page, physical 7867764k(7409148k free), swap 8076284k(8076284k free)
CommandLine flags: -XX:CMSInitiatingOccupancyFraction=50 -XX:CMSMaxAbortablePrecleanTime=6000 -XX:+CMSParallelRemarkEnabled -XX:+CMSScavengeBeforeRemark -XX:ConcGCThreads=4 -XX:InitialHeapSize=536870912 -XX:MaxHeapSize=536870912 -XX:MaxTenuringThreshold=8 -XX:NewRatio=3 -XX:OldPLABSize=16 -XX:OnOutOfMemoryError=/opt/solr/bin/oom_solr.sh 8983 /var/solr/logs -XX:ParallelGCThreads=4 -XX:+ParallelRefProcEnabled -XX:PretenureSizeThreshold=67108864 -XX:+PrintGC -XX:+PrintGCApplicationStoppedTime -XX:+PrintGCDateStamps -XX:+PrintGCDetails -XX:+PrintGCTimeStamps -XX:+PrintHeapAtGC -XX:+PrintTenuringDistribution -XX:SurvivorRatio=4 -XX:TargetSurvivorRatio=90 -XX:ThreadStackSize=256 -XX:+UseCMSInitiatingOccupancyOnly -XX:+UseCompressedClassPointers -XX:+UseCompressedOops -XX:+UseConcMarkSweepGC -XX:+UseParNewGC 
2017-04-27T08:05:08.846+0200: 0,340: Total time for which application threads were stopped: 0,0000777 seconds, Stopping threads took: 0,0000102 seconds
2017-04-27T08:05:08.976+0200: 0,470: Total time for which application threads were stopped: 0,0000935 seconds, Stopping threads took: 0,0000105 seconds
2017-04-27T08:05:09.052+0200: 0,546: Total time for which application threads were stopped: 0,0000941 seconds, Stopping threads took: 0,0000250 seconds
2017-04-27T08:05:09.442+0200: 0,936: Total time for which application threads were stopped: 0,0001558 seconds, Stopping threads took: 0,0000286 seconds
2017-04-27T08:05:09.718+0200: 1,212: Total time for which application threads were stopped: 0,0001739 seconds, Stopping threads took: 0,0000476 seconds
2017-04-27T08:05:09.807+0200: 1,301: Total time for which application threads were stopped: 0,0002038 seconds, Stopping threads took: 0,0000238 seconds
2017-04-27T08:05:09.833+0200: 1,327: Total time for which application threads were stopped: 0,0006748 seconds, Stopping threads took: 0,0000745 seconds
2017-04-27T08:05:10.122+0200: 1,616: Total time for which application threads were stopped: 0,0001954 seconds, Stopping threads took: 0,0000246 seconds
2017-04-27T08:05:10.392+0200: 1,885: Total time for which application threads were stopped: 0,0001935 seconds, Stopping threads took: 0,0000119 seconds
2017-04-27T08:05:10.417+0200: 1,911: Total time for which application threads were stopped: 0,0001710 seconds, Stopping threads took: 0,0000211 seconds
2017-04-27T08:05:10.444+0200: 1,938: Total time for which application threads were stopped: 0,0002533 seconds, Stopping threads took: 0,0000346 seconds
2017-04-27T08:05:10.445+0200: 1,939: Total time for which application threads were stopped: 0,0002039 seconds, Stopping threads took: 0,0000250 seconds
2017-04-27T08:05:10.516+0200: 2,010: Total time for which application threads were stopped: 0,0001951 seconds, Stopping threads took: 0,0000153 seconds
2017-04-27T08:05:10.683+0200: 2,177: Total time for which application threads were stopped: 0,0002231 seconds, Stopping threads took: 0,0000178 seconds
2017-04-27T08:05:10.857+0200: 2,351: Total time for which application threads were stopped: 0,0002819 seconds, Stopping threads took: 0,0000415 seconds
{Heap before GC invocations=0 (full 0):
 par new generation   total 109248K, used 87424K [0x00000000e0000000, 0x00000000e8000000, 0x00000000e8000000)
  eden space 87424K, 100% used [0x00000000e0000000, 0x00000000e5560000, 0x00000000e5560000)
  from space 21824K,   0% used [0x00000000e5560000, 0x00000000e5560000, 0x00000000e6ab0000)
  to   space 21824K,   0% used [0x00000000e6ab0000, 0x00000000e6ab0000, 0x00000000e8000000)
 concurrent mark-sweep generation total 393216K, used 0K [0x00000000e8000000, 0x0000000100000000, 0x0000000100000000)
 Metaspace       used 18054K, capacity 18336K, committed 18688K, reserved 1064960K
  class space    used 2041K, capacity 2196K, committed 2304K, reserved 1048576K
2017-04-27T08:05:10.950+0200: 2,444: [GC (Allocation Failure) 2017-04-27T08:05:10.950+0200: 2,444: [ParNew
Desired survivor size 20112992 bytes, new threshold 8 (max 8)
- age   1:   12612312 bytes,   12612312 total
: 87424K->12430K(109248K), 0,0166157 secs] 87424K->12430K(502464K), 0,0166988 secs] [Times: user=0,04 sys=0,01, real=0,02 secs] 
Heap after GC invocations=1 (full 0):
 par new generation   total 109248K, used 12430K [0x00000000e0000000, 0x00000000e8000000, 0x00000000e8000000)
  eden space 87424K,   0% used [0x00000000e0000000, 0x00000000e0000000, 0x00000000e5560000)
  from space 21824K,  56% used [0x00000000e6ab0000, 0x00000000e76d3990, 0x00000000e8000000)
  to   space 21824K,   0% used [0x00000000e5560000, 0x00000000e5560000, 0x00000000e6ab0000)
 concurrent mark-sweep generation total 393216K, used 0K [0x00000000e8000000, 0x0000000100000000, 0x0000000100000000)
 Metaspace       used 18054K, capacity 18336K, committed 18688K, reserved 1064960K
  class space    used 2041K, capacity 2196K, committed 2304K, reserved 1048576K
}
2017-04-27T08:05:10.966+0200: 2,460: Total time for which application threads were stopped: 0,0169366 seconds, Stopping threads took: 0,0000441 seconds
2017-04-27T08:05:11.242+0200: 2,736: Total time for which application threads were stopped: 0,0003535 seconds, Stopping threads took: 0,0000668 seconds
{Heap before GC invocations=1 (full 0):
 par new generation   total 109248K, used 99854K [0x00000000e0000000, 0x00000000e8000000, 0x00000000e8000000)
  eden space 87424K, 100% used [0x00000000e0000000, 0x00000000e5560000, 0x00000000e5560000)
  from space 21824K,  56% used [0x00000000e6ab0000, 0x00000000e76d3990, 0x00000000e8000000)
  to   space 21824K,   0% used [0x00000000e5560000, 0x00000000e5560000, 0x00000000e6ab0000)
 concurrent mark-sweep generation total 393216K, used 0K [0x00000000e8000000, 0x0000000100000000, 0x0000000100000000)
 Metaspace       used 20020K, capacity 20348K, committed 20736K, reserved 1067008K
  class space    used 2291K, capacity 2464K, committed 2560K, reserved 1048576K
2017-04-27T08:05:11.276+0200: 2,770: [GC (Allocation Failure) 2017-04-27T08:05:11.276+0200: 2,770: [ParNew
Desired survivor size 20112992 bytes, new threshold 8 (max 8)
- age   1:    3648880 bytes,    3648880 total
- age   2:    6665888 bytes,   10314768 total
: 99854K->13703K(109248K), 0,0120871 secs] 99854K->13703K(502464K), 0,0121579 secs] [Times: user=0,03 sys=0,00, real=0,01 secs] 
Heap after GC invocations=2 (full 0):
 par new generation   total 109248K, used 13703K [0x00000000e0000000, 0x00000000e8000000, 0x00000000e8000000)
  eden space 87424K,   0% used [0x00000000e0000000, 0x00000000e0000000, 0x00000000e5560000)
  from space 21824K,  62% used [0x00000000e5560000, 0x00000000e62c1ca0, 0x00000000e6ab0000)
  to   space 21824K,   0% used [0x00000000e6ab0000, 0x00000000e6ab0000, 0x00000000e8000000)
 concurrent mark-sweep generation total 393216K, used 0K [0x00000000e8000000, 0x0000000100000000, 0x0000000100000000)
 Metaspace       used 20020K, capacity 20348K, committed 20736K, reserved 1067008K
  class space    used 2291K, capacity 2464K, committed 2560K, reserved 1048576K
}
2017-04-27T08:05:11.288+0200: 2,782: Total time for which application threads were stopped: 0,0123621 seconds, Stopping threads took: 0,0000752 seconds
2017-04-27T08:05:11.292+0200: 2,786: Total time for which application threads were stopped: 0,0003072 seconds, Stopping threads took: 0,0000393 seconds
2017-04-27T08:05:11.316+0200: 2,810: Total time for which application threads were stopped: 0,0007057 seconds, Stopping threads took: 0,0003936 seconds
2017-04-27T08:05:11.454+0200: 2,948: Total time for which application threads were stopped: 0,0001949 seconds, Stopping threads took: 0,0000394 seconds
{Heap before GC invocations=2 (full 0):
 par new generation   total 109248K, used 101127K [0x00000000e0000000, 0x00000000e8000000, 0x00000000e8000000)
  eden space 87424K, 100% used [0x00000000e0000000, 0x00000000e5560000, 0x00000000e5560000)
  from space 21824K,  62% used [0x00000000e5560000, 0x00000000e62c1ca0, 0x00000000e6ab0000)
  to   space 21824K,   0% used [0x00000000e6ab0000, 0x00000000e6ab0000, 0x00000000e8000000)
 concurrent mark-sweep generation total 393216K, used 0K [0x00000000e8000000, 0x0000000100000000, 0x0000000100000000)
 Metaspace       used 20949K, capacity 21270K, committed 21552K, reserved 1069056K
  class space    used 2415K, capacity 2583K, committed 2608K, reserved 1048576K
2017-04-27T08:05:11.472+0200: 2,966: [GC (Allocation Failure) 2017-04-27T08:05:11.472+0200: 2,966: [ParNew
Desired survivor size 20112992 bytes, new threshold 8 (max 8)
- age   1:    2134584 bytes,    2134584 total
- age   2:     848888 bytes,    2983472 total
- age   3:    6662048 bytes,    9645520 total
: 101127K->12903K(109248K), 0,0237263 secs] 101127K->12903K(502464K), 0,0238091 secs] [Times: user=0,08 sys=0,00, real=0,03 secs] 
Heap after GC invocations=3 (full 0):
 par new generation   total 109248K, used 12903K [0x00000000e0000000, 0x00000000e8000000, 0x00000000e8000000)
  eden space 87424K,   0% used [0x00000000e0000000, 0x00000000e0000000, 0x00000000e5560000)
  from space 21824K,  59% used [0x00000000e6ab0000, 0x00000000e7749eb8, 0x00000000e8000000)
  to   space 21824K,   0% used [0x00000000e5560000, 0x00000000e5560000, 0x00000000e6ab0000)
 concurrent mark-sweep generation total 393216K, used 0K [0x00000000e8000000, 0x0000000100000000, 0x0000000100000000)
 Metaspace       used 20949K, capacity 21270K, committed 21552K, reserved 1069056K
  class space    used 2415K, capacity 2583K, committed 2608K, reserved 1048576K
}
2017-04-27T08:05:11.495+0200: 2,989: Total time for which application threads were stopped: 0,0240116 seconds, Stopping threads took: 0,0000691 seconds
2017-04-27T08:05:11.503+0200: 2,997: [GC (CMS Initial Mark) [1 CMS-initial-mark: 0K(393216K)] 22301K(502464K), 0,0056402 secs] [Times: user=0,02 sys=0,00, real=0,01 secs] 
2017-04-27T08:05:11.508+0200: 3,002: Total time for which application threads were stopped: 0,0058194 seconds, Stopping threads took: 0,0000763 seconds
2017-04-27T08:05:11.508+0200: 3,002: [CMS-concurrent-mark-start]
2017-04-27T08:05:11.509+0200: 3,003: [CMS-concurrent-mark: 0,001/0,001 secs] [Times: user=0,00 sys=0,00, real=0,00 secs] 
2017-04-27T08:05:11.509+0200: 3,003: [CMS-concurrent-preclean-start]
2017-04-27T08:05:11.510+0200: 3,004: [CMS-concurrent-preclean: 0,001/0,001 secs] [Times: user=0,00 sys=0,00, real=0,00 secs] 
2017-04-27T08:05:11.510+0200: 3,004: [CMS-concurrent-abortable-preclean-start]
{Heap before GC invocations=3 (full 1):
 par new generation   total 109248K, used 100327K [0x00000000e0000000, 0x00000000e8000000, 0x00000000e8000000)
  eden space 87424K, 100% used [0x00000000e0000000, 0x00000000e5560000, 0x00000000e5560000)
  from space 21824K,  59% used [0x00000000e6ab0000, 0x00000000e7749eb8, 0x00000000e8000000)
  to   space 21824K,   0% used [0x00000000e5560000, 0x00000000e5560000, 0x00000000e6ab0000)
 concurrent mark-sweep generation total 393216K, used 0K [0x00000000e8000000, 0x0000000100000000, 0x0000000100000000)
 Metaspace       used 21225K, capacity 21540K, committed 21628K, reserved 1069056K
  class space    used 2445K, capacity 2597K, committed 2608K, reserved 1048576K
2017-04-27T08:05:11.606+0200: 3,100: [GC (Allocation Failure) 2017-04-27T08:05:11.606+0200: 3,100: [ParNew
Desired survivor size 20112992 bytes, new threshold 8 (max 8)
- age   1:    1315192 bytes,    1315192 total
- age   2:    1449576 bytes,    2764768 total
- age   3:     829112 bytes,    3593880 total
- age   4:    6662128 bytes,   10256008 total
: 100327K->12415K(109248K), 0,0137674 secs] 100327K->12415K(502464K), 0,0138251 secs] [Times: user=0,04 sys=0,00, real=0,01 secs] 
Heap after GC invocations=4 (full 1):
 par new generation   total 109248K, used 12415K [0x00000000e0000000, 0x00000000e8000000, 0x00000000e8000000)
  eden space 87424K,   0% used [0x00000000e0000000, 0x00000000e0000000, 0x00000000e5560000)
  from space 21824K,  56% used [0x00000000e5560000, 0x00000000e617fc50, 0x00000000e6ab0000)
  to   space 21824K,   0% used [0x00000000e6ab0000, 0x00000000e6ab0000, 0x00000000e8000000)
 concurrent mark-sweep generation total 393216K, used 0K [0x00000000e8000000, 0x0000000100000000, 0x0000000100000000)
 Metaspace       used 21225K, capacity 21540K, committed 21628K, reserved 1069056K
  class space    used 2445K, capacity 2597K, committed 2608K, reserved 1048576K
}
2017-04-27T08:05:11.620+0200: 3,114: Total time for which application threads were stopped: 0,0142765 seconds, Stopping threads took: 0,0003130 seconds
2017-04-27T08:05:11.658+0200: 3,152: Total time for which application threads were stopped: 0,0036275 seconds, Stopping threads took: 0,0035236 seconds
{Heap before GC invocations=4 (full 1):
 par new generation   total 109248K, used 99839K [0x00000000e0000000, 0x00000000e8000000, 0x00000000e8000000)
  eden space 87424K, 100% used [0x00000000e0000000, 0x00000000e5560000, 0x00000000e5560000)
  from space 21824K,  56% used [0x00000000e5560000, 0x00000000e617fc50, 0x00000000e6ab0000)
  to   space 21824K,   0% used [0x00000000e6ab0000, 0x00000000e6ab0000, 0x00000000e8000000)
 concurrent mark-sweep generation total 393216K, used 0K [0x00000000e8000000, 0x0000000100000000, 0x0000000100000000)
 Metaspace       used 21419K, capacity 21788K, committed 21960K, reserved 1069056K
  class space    used 2465K, capacity 2633K, committed 2736K, reserved 1048576K
2017-04-27T08:05:11.718+0200: 3,212: [GC (Allocation Failure) 2017-04-27T08:05:11.718+0200: 3,212: [ParNew
Desired survivor size 20112992 bytes, new threshold 8 (max 8)
- age   1:    1030896 bytes,    1030896 total
- age   2:     179352 bytes,    1210248 total
- age   3:    1448896 bytes,    2659144 total
- age   4:     827144 bytes,    3486288 total
- age   5:    6662032 bytes,   10148320 total
: 99839K->15318K(109248K), 0,0099724 secs] 99839K->15318K(502464K), 0,0100463 secs] [Times: user=0,04 sys=0,00, real=0,01 secs] 
Heap after GC invocations=5 (full 1):
 par new generation   total 109248K, used 15318K [0x00000000e0000000, 0x00000000e8000000, 0x00000000e8000000)
  eden space 87424K,   0% used [0x00000000e0000000, 0x00000000e0000000, 0x00000000e5560000)
  from space 21824K,  70% used [0x00000000e6ab0000, 0x00000000e79a5850, 0x00000000e8000000)
  to   space 21824K,   0% used [0x00000000e5560000, 0x00000000e5560000, 0x00000000e6ab0000)
 concurrent mark-sweep generation total 393216K, used 0K [0x00000000e8000000, 0x0000000100000000, 0x0000000100000000)
 Metaspace       used 21419K, capacity 21788K, committed 21960K, reserved 1069056K
  class space    used 2465K, capacity 2633K, committed 2736K, reserved 1048576K
}
2017-04-27T08:05:11.728+0200: 3,222: Total time for which application threads were stopped: 0,0130148 seconds, Stopping threads took: 0,0028386 seconds
2017-04-27T08:05:11.728+0200: 3,222: [CMS-concurrent-abortable-preclean: 0,174/0,219 secs] [Times: user=0,80 sys=0,02, real=0,22 secs] 
2017-04-27T08:05:11.729+0200: 3,223: [GC (CMS Final Remark) [YG occupancy: 16616 K (109248 K)]{Heap before GC invocations=5 (full 1):
 par new generation   total 109248K, used 16616K [0x00000000e0000000, 0x00000000e8000000, 0x00000000e8000000)
  eden space 87424K,   1% used [0x00000000e0000000, 0x00000000e01448e0, 0x00000000e5560000)
  from space 21824K,  70% used [0x00000000e6ab0000, 0x00000000e79a5850, 0x00000000e8000000)
  to   space 21824K,   0% used [0x00000000e5560000, 0x00000000e5560000, 0x00000000e6ab0000)
 concurrent mark-sweep generation total 393216K, used 0K [0x00000000e8000000, 0x0000000100000000, 0x0000000100000000)
 Metaspace       used 21421K, capacity 21788K, committed 21960K, reserved 1069056K
  class space    used 2465K, capacity 2633K, committed 2736K, reserved 1048576K
2017-04-27T08:05:11.729+0200: 3,223: [GC (CMS Final Remark) 2017-04-27T08:05:11.729+0200: 3,223: [ParNew
Desired survivor size 20112992 bytes, new threshold 8 (max 8)
- age   1:     117136 bytes,     117136 total
- age   2:     898992 bytes,    1016128 total
- age   3:     179352 bytes,    1195480 total
- age   4:    1448968 bytes,    2644448 total
- age   5:     827144 bytes,    3471592 total
- age   6:    6662176 bytes,   10133768 total
: 16616K->12831K(109248K), 0,0092093 secs] 16616K->12831K(502464K), 0,0092447 secs] [Times: user=0,03 sys=0,00, real=0,01 secs] 
Heap after GC invocations=6 (full 1):
 par new generation   total 109248K, used 12831K [0x00000000e0000000, 0x00000000e8000000, 0x00000000e8000000)
  eden space 87424K,   0% used [0x00000000e0000000, 0x00000000e0000000, 0x00000000e5560000)
  from space 21824K,  58% used [0x00000000e5560000, 0x00000000e61e7cf8, 0x00000000e6ab0000)
  to   space 21824K,   0% used [0x00000000e6ab0000, 0x00000000e6ab0000, 0x00000000e8000000)
 concurrent mark-sweep generation total 393216K, used 0K [0x00000000e8000000, 0x0000000100000000, 0x0000000100000000)
 Metaspace       used 21421K, capacity 21788K, committed 21960K, reserved 1069056K
  class space    used 2465K, capacity 2633K, committed 2736K, reserved 1048576K
}
2017-04-27T08:05:11.738+0200: 3,232: [Rescan (parallel) , 0,0036943 secs]2017-04-27T08:05:11.742+0200: 3,236: [weak refs processing, 0,0012689 secs]2017-04-27T08:05:11.743+0200: 3,237: [class unloading, 0,0028203 secs]2017-04-27T08:05:11.746+0200: 3,240: [scrub symbol table, 0,0025760 secs]2017-04-27T08:05:11.749+0200: 3,243: [scrub string table, 0,0003650 secs][1 CMS-remark: 0K(393216K)] 12831K(502464K), 0,0206386 secs] [Times: user=0,05 sys=0,00, real=0,02 secs] 
2017-04-27T08:05:11.750+0200: 3,244: Total time for which application threads were stopped: 0,0210182 seconds, Stopping threads took: 0,0003077 seconds
2017-04-27T08:05:11.750+0200: 3,244: [CMS-concurrent-sweep-start]
2017-04-27T08:05:11.750+0200: 3,244: [CMS-concurrent-sweep: 0,000/0,000 secs] [Times: user=0,00 sys=0,00, real=0,00 secs] 
2017-04-27T08:05:11.750+0200: 3,244: [CMS-concurrent-reset-start]
2017-04-27T08:05:11.752+0200: 3,246: [CMS-concurrent-reset: 0,002/0,002 secs] [Times: user=0,01 sys=0,00, real=0,00 secs] 
2017-04-27T08:05:11.777+0200: 3,271: Total time for which application threads were stopped: 0,0003296 seconds, Stopping threads took: 0,0000384 seconds
2017-04-27T08:05:12.005+0200: 3,499: Total time for which application threads were stopped: 0,0005173 seconds, Stopping threads took: 0,0000449 seconds
2017-04-27T08:05:12.021+0200: 3,515: Total time for which application threads were stopped: 0,0003862 seconds, Stopping threads took: 0,0000223 seconds
2017-04-27T08:05:12.231+0200: 3,725: Total time for which application threads were stopped: 0,0002006 seconds, Stopping threads took: 0,0000370 seconds
{Heap before GC invocations=6 (full 1):
 par new generation   total 109248K, used 104506K [0x00000000e0000000, 0x00000000e8000000, 0x00000000e8000000)
  eden space 87424K, 100% used [0x00000000e0000000, 0x00000000e5560000, 0x00000000e5560000)
  from space 21824K,  78% used [0x00000000e5560000, 0x00000000e660eab0, 0x00000000e6ab0000)
  to   space 21824K,   0% used [0x00000000e6ab0000, 0x00000000e6ab0000, 0x00000000e8000000)
 concurrent mark-sweep generation total 393216K, used 0K [0x00000000e8000000, 0x0000000100000000, 0x0000000100000000)
 Metaspace       used 23780K, capacity 24220K, committed 24496K, reserved 1071104K
  class space    used 2799K, capacity 2975K, committed 2992K, reserved 1048576K
2017-04-27T08:05:12.242+0200: 3,736: [GC (GCLocker Initiated GC) 2017-04-27T08:05:12.242+0200: 3,736: [ParNew
Desired survivor size 20112992 bytes, new threshold 8 (max 8)
- age   1:    5165480 bytes,    5165480 total
- age   2:         96 bytes,    5165576 total
- age   3:     129000 bytes,    5294576 total
- age   4:     178208 bytes,    5472784 total
- age   5:     279264 bytes,    5752048 total
- age   6:     798952 bytes,    6551000 total
- age   7:    6653976 bytes,   13204976 total
: 104506K->13413K(109248K), 0,0176551 secs] 104506K->13413K(502464K), 0,0177269 secs] [Times: user=0,06 sys=0,00, real=0,02 secs] 
Heap after GC invocations=7 (full 1):
 par new generation   total 109248K, used 13413K [0x00000000e0000000, 0x00000000e8000000, 0x00000000e8000000)
  eden space 87424K,   0% used [0x00000000e0000000, 0x00000000e0000000, 0x00000000e5560000)
  from space 21824K,  61% used [0x00000000e6ab0000, 0x00000000e77c9480, 0x00000000e8000000)
  to   space 21824K,   0% used [0x00000000e5560000, 0x00000000e5560000, 0x00000000e6ab0000)
 concurrent mark-sweep generation total 393216K, used 0K [0x00000000e8000000, 0x0000000100000000, 0x0000000100000000)
 Metaspace       used 23780K, capacity 24220K, committed 24496K, reserved 1071104K
  class space    used 2799K, capacity 2975K, committed 2992K, reserved 1048576K
}
2017-04-27T08:05:12.260+0200: 3,754: Total time for which application threads were stopped: 0,0179133 seconds, Stopping threads took: 0,0000349 seconds
{Heap before GC invocations=7 (full 1):
 par new generation   total 109248K, used 100837K [0x00000000e0000000, 0x00000000e8000000, 0x00000000e8000000)
  eden space 87424K, 100% used [0x00000000e0000000, 0x00000000e5560000, 0x00000000e5560000)
  from space 21824K,  61% used [0x00000000e6ab0000, 0x00000000e77c9480, 0x00000000e8000000)
  to   space 21824K,   0% used [0x00000000e5560000, 0x00000000e5560000, 0x00000000e6ab0000)
 concurrent mark-sweep generation total 393216K, used 0K [0x00000000e8000000, 0x0000000100000000, 0x0000000100000000)
 Metaspace       used 24383K, capacity 24802K, committed 25136K, reserved 1071104K
  class space    used 2856K, capacity 3040K, committed 3120K, reserved 1048576K
2017-04-27T08:05:12.358+0200: 3,852: [GC (Allocation Failure) 2017-04-27T08:05:12.359+0200: 3,852: [ParNew
Desired survivor size 20112992 bytes, new threshold 8 (max 8)
- age   1:    2083840 bytes,    2083840 total
- age   2:    1805208 bytes,    3889048 total
- age   3:         96 bytes,    3889144 total
- age   4:      58624 bytes,    3947768 total
- age   5:      97464 bytes,    4045232 total
- age   6:     183704 bytes,    4228936 total
- age   7:     756752 bytes,    4985688 total
- age   8:    6120976 bytes,   11106664 total
: 100837K->16336K(109248K), 0,0149661 secs] 100837K->16336K(502464K), 0,0150566 secs] [Times: user=0,05 sys=0,00, real=0,01 secs] 
Heap after GC invocations=8 (full 1):
 par new generation   total 109248K, used 16336K [0x00000000e0000000, 0x00000000e8000000, 0x00000000e8000000)
  eden space 87424K,   0% used [0x00000000e0000000, 0x00000000e0000000, 0x00000000e5560000)
  from space 21824K,  74% used [0x00000000e5560000, 0x00000000e6554170, 0x00000000e6ab0000)
  to   space 21824K,   0% used [0x00000000e6ab0000, 0x00000000e6ab0000, 0x00000000e8000000)
 concurrent mark-sweep generation total 393216K, used 0K [0x00000000e8000000, 0x0000000100000000, 0x0000000100000000)
 Metaspace       used 24383K, capacity 24802K, committed 25136K, reserved 1071104K
  class space    used 2856K, capacity 3040K, committed 3120K, reserved 1048576K
}
2017-04-27T08:05:12.374+0200: 3,868: Total time for which application threads were stopped: 0,0157626 seconds, Stopping threads took: 0,0004946 seconds
{Heap before GC invocations=8 (full 1):
 par new generation   total 109248K, used 103760K [0x00000000e0000000, 0x00000000e8000000, 0x00000000e8000000)
  eden space 87424K, 100% used [0x00000000e0000000, 0x00000000e5560000, 0x00000000e5560000)
  from space 21824K,  74% used [0x00000000e5560000, 0x00000000e6554170, 0x00000000e6ab0000)
  to   space 21824K,   0% used [0x00000000e6ab0000, 0x00000000e6ab0000, 0x00000000e8000000)
 concurrent mark-sweep generation total 393216K, used 0K [0x00000000e8000000, 0x0000000100000000, 0x0000000100000000)
 Metaspace       used 24667K, capacity 25116K, committed 25392K, reserved 1071104K
  class space    used 2883K, capacity 3077K, committed 3120K, reserved 1048576K
2017-04-27T08:05:12.465+0200: 3,959: [GC (Allocation Failure) 2017-04-27T08:05:12.465+0200: 3,959: [ParNew
Desired survivor size 20112992 bytes, new threshold 8 (max 8)
- age   1:     610728 bytes,     610728 total
- age   2:     986480 bytes,    1597208 total
- age   3:    1779376 bytes,    3376584 total
- age   4:         96 bytes,    3376680 total
- age   5:      58592 bytes,    3435272 total
- age   6:      97296 bytes,    3532568 total
- age   7:     180904 bytes,    3713472 total
- age   8:     755984 bytes,    4469456 total
: 103760K->6792K(109248K), 0,0305348 secs] 103760K->12852K(502464K), 0,0306138 secs] [Times: user=0,11 sys=0,00, real=0,04 secs] 
Heap after GC invocations=9 (full 1):
 par new generation   total 109248K, used 6792K [0x00000000e0000000, 0x00000000e8000000, 0x00000000e8000000)
  eden space 87424K,   0% used [0x00000000e0000000, 0x00000000e0000000, 0x00000000e5560000)
  from space 21824K,  31% used [0x00000000e6ab0000, 0x00000000e7152368, 0x00000000e8000000)
  to   space 21824K,   0% used [0x00000000e5560000, 0x00000000e5560000, 0x00000000e6ab0000)
 concurrent mark-sweep generation total 393216K, used 6060K [0x00000000e8000000, 0x0000000100000000, 0x0000000100000000)
 Metaspace       used 24667K, capacity 25116K, committed 25392K, reserved 1071104K
  class space    used 2883K, capacity 3077K, committed 3120K, reserved 1048576K
}
2017-04-27T08:05:12.496+0200: 3,990: Total time for which application threads were stopped: 0,0309011 seconds, Stopping threads took: 0,0000783 seconds
2017-04-27T08:05:12.557+0200: 4,051: Total time for which application threads were stopped: 0,0004337 seconds, Stopping threads took: 0,0000829 seconds
2017-04-27T08:05:12.622+0200: 4,116: Total time for which application threads were stopped: 0,0001679 seconds, Stopping threads took: 0,0000523 seconds
2017-04-27T08:05:12.626+0200: 4,120: Total time for which application threads were stopped: 0,0001911 seconds, Stopping threads took: 0,0000673 seconds
2017-04-27T08:05:12.626+0200: 4,120: Total time for which application threads were stopped: 0,0001250 seconds, Stopping threads took: 0,0000359 seconds
2017-04-27T08:05:12.627+0200: 4,121: Total time for which application threads were stopped: 0,0001081 seconds, Stopping threads took: 0,0000294 seconds
2017-04-27T08:05:12.627+0200: 4,121: Total time for which application threads were stopped: 0,0000768 seconds, Stopping threads took: 0,0000217 seconds
2017-04-27T08:05:12.627+0200: 4,121: Total time for which application threads were stopped: 0,0000901 seconds, Stopping threads took: 0,0000334 seconds
2017-04-27T08:05:12.627+0200: 4,121: Total time for which application threads were stopped: 0,0000652 seconds, Stopping threads took: 0,0000220 seconds
2017-04-27T08:05:12.628+0200: 4,121: Total time for which application threads were stopped: 0,0000945 seconds, Stopping threads took: 0,0000248 seconds
2017-04-27T08:05:12.628+0200: 4,122: Total time for which application threads were stopped: 0,0000696 seconds, Stopping threads took: 0,0000185 seconds
2017-04-27T08:05:12.630+0200: 4,124: Total time for which application threads were stopped: 0,0025775 seconds, Stopping threads took: 0,0024841 seconds
2017-04-27T08:05:12.631+0200: 4,125: Total time for which application threads were stopped: 0,0001088 seconds, Stopping threads took: 0,0000296 seconds
2017-04-27T08:05:12.631+0200: 4,125: Total time for which application threads were stopped: 0,0000994 seconds, Stopping threads took: 0,0000386 seconds
2017-04-27T08:05:12.631+0200: 4,125: Total time for which application threads were stopped: 0,0000691 seconds, Stopping threads took: 0,0000120 seconds
2017-04-27T08:05:12.634+0200: 4,128: Total time for which application threads were stopped: 0,0031476 seconds, Stopping threads took: 0,0030935 seconds
2017-04-27T08:05:12.639+0200: 4,133: Total time for which application threads were stopped: 0,0001425 seconds, Stopping threads took: 0,0000481 seconds
2017-04-27T08:05:12.639+0200: 4,133: Total time for which application threads were stopped: 0,0000965 seconds, Stopping threads took: 0,0000270 seconds
2017-04-27T08:05:12.639+0200: 4,133: Total time for which application threads were stopped: 0,0001384 seconds, Stopping threads took: 0,0000638 seconds
2017-04-27T08:05:12.640+0200: 4,133: Total time for which application threads were stopped: 0,0000918 seconds, Stopping threads took: 0,0000270 seconds
2017-04-27T08:05:12.640+0200: 4,134: Total time for which application threads were stopped: 0,0000745 seconds, Stopping threads took: 0,0000207 seconds
2017-04-27T08:05:12.640+0200: 4,134: Total time for which application threads were stopped: 0,0000923 seconds, Stopping threads took: 0,0000304 seconds
2017-04-27T08:05:12.640+0200: 4,134: Total time for which application threads were stopped: 0,0001596 seconds, Stopping threads took: 0,0000202 seconds
2017-04-27T08:05:12.641+0200: 4,135: Total time for which application threads were stopped: 0,0001315 seconds, Stopping threads took: 0,0000357 seconds
2017-04-27T08:05:12.642+0200: 4,136: Total time for which application threads were stopped: 0,0000989 seconds, Stopping threads took: 0,0000324 seconds
2017-04-27T08:05:12.643+0200: 4,137: Total time for which application threads were stopped: 0,0002354 seconds, Stopping threads took: 0,0001472 seconds
2017-04-27T08:05:12.645+0200: 4,139: Total time for which application threads were stopped: 0,0001648 seconds, Stopping threads took: 0,0000356 seconds
2017-04-27T08:05:12.645+0200: 4,139: Total time for which application threads were stopped: 0,0000768 seconds, Stopping threads took: 0,0000180 seconds
2017-04-27T08:05:12.645+0200: 4,139: Total time for which application threads were stopped: 0,0000764 seconds, Stopping threads took: 0,0000236 seconds
2017-04-27T08:05:12.645+0200: 4,139: Total time for which application threads were stopped: 0,0000655 seconds, Stopping threads took: 0,0000163 seconds
2017-04-27T08:05:12.645+0200: 4,139: Total time for which application threads were stopped: 0,0000651 seconds, Stopping threads took: 0,0000213 seconds
2017-04-27T08:05:12.645+0200: 4,139: Total time for which application threads were stopped: 0,0000694 seconds, Stopping threads took: 0,0000195 seconds
2017-04-27T08:05:12.645+0200: 4,139: Total time for which application threads were stopped: 0,0000618 seconds, Stopping threads took: 0,0000094 seconds
2017-04-27T08:05:12.646+0200: 4,140: Total time for which application threads were stopped: 0,0000857 seconds, Stopping threads took: 0,0000243 seconds
2017-04-27T08:05:12.646+0200: 4,140: Total time for which application threads were stopped: 0,0000676 seconds, Stopping threads took: 0,0000169 seconds
2017-04-27T08:05:12.646+0200: 4,140: Total time for which application threads were stopped: 0,0000736 seconds, Stopping threads took: 0,0000182 seconds
2017-04-27T08:05:12.646+0200: 4,140: Total time for which application threads were stopped: 0,0000708 seconds, Stopping threads took: 0,0000202 seconds
2017-04-27T08:05:12.646+0200: 4,140: Total time for which application threads were stopped: 0,0000969 seconds, Stopping threads took: 0,0000165 seconds
2017-04-27T08:05:12.647+0200: 4,141: Total time for which application threads were stopped: 0,0000915 seconds, Stopping threads took: 0,0000220 seconds
2017-04-27T08:05:12.647+0200: 4,141: Total time for which application threads were stopped: 0,0002882 seconds, Stopping threads took: 0,0002065 seconds
2017-04-27T08:05:12.648+0200: 4,142: Total time for which application threads were stopped: 0,0004256 seconds, Stopping threads took: 0,0000366 seconds
2017-04-27T08:05:12.648+0200: 4,142: Total time for which application threads were stopped: 0,0000896 seconds, Stopping threads took: 0,0000194 seconds
2017-04-27T08:05:12.649+0200: 4,142: Total time for which application threads were stopped: 0,0000897 seconds, Stopping threads took: 0,0000321 seconds
2017-04-27T08:05:12.649+0200: 4,143: Total time for which application threads were stopped: 0,0000716 seconds, Stopping threads took: 0,0000196 seconds
2017-04-27T08:05:12.649+0200: 4,143: Total time for which application threads were stopped: 0,0000554 seconds, Stopping threads took: 0,0000192 seconds
2017-04-27T08:05:12.649+0200: 4,143: Total time for which application threads were stopped: 0,0000896 seconds, Stopping threads took: 0,0000234 seconds
2017-04-27T08:05:12.649+0200: 4,143: Total time for which application threads were stopped: 0,0000639 seconds, Stopping threads took: 0,0000166 seconds
2017-04-27T08:05:12.649+0200: 4,143: Total time for which application threads were stopped: 0,0000559 seconds, Stopping threads took: 0,0000161 seconds
2017-04-27T08:05:12.650+0200: 4,143: Total time for which application threads were stopped: 0,0001861 seconds, Stopping threads took: 0,0000195 seconds
2017-04-27T08:05:12.652+0200: 4,146: Total time for which application threads were stopped: 0,0005492 seconds, Stopping threads took: 0,0004063 seconds
2017-04-27T08:05:12.658+0200: 4,152: Total time for which application threads were stopped: 0,0054825 seconds, Stopping threads took: 0,0053601 seconds
2017-04-27T08:05:12.660+0200: 4,154: Total time for which application threads were stopped: 0,0002093 seconds, Stopping threads took: 0,0001243 seconds
2017-04-27T08:05:12.661+0200: 4,155: Total time for which application threads were stopped: 0,0001120 seconds, Stopping threads took: 0,0000218 seconds
2017-04-27T08:05:12.661+0200: 4,155: Total time for which application threads were stopped: 0,0000675 seconds, Stopping threads took: 0,0000101 seconds
2017-04-27T08:05:12.662+0200: 4,156: Total time for which application threads were stopped: 0,0000923 seconds, Stopping threads took: 0,0000144 seconds
2017-04-27T08:05:12.662+0200: 4,156: Total time for which application threads were stopped: 0,0000611 seconds, Stopping threads took: 0,0000091 seconds
2017-04-27T08:05:12.663+0200: 4,157: Total time for which application threads were stopped: 0,0000966 seconds, Stopping threads took: 0,0000244 seconds
2017-04-27T08:05:12.676+0200: 4,170: Total time for which application threads were stopped: 0,0001177 seconds, Stopping threads took: 0,0000303 seconds
2017-04-27T08:05:12.676+0200: 4,170: Total time for which application threads were stopped: 0,0000896 seconds, Stopping threads took: 0,0000235 seconds
2017-04-27T08:05:12.676+0200: 4,170: Total time for which application threads were stopped: 0,0000623 seconds, Stopping threads took: 0,0000168 seconds
2017-04-27T08:05:12.676+0200: 4,170: Total time for which application threads were stopped: 0,0000542 seconds, Stopping threads took: 0,0000128 seconds
2017-04-27T08:05:12.678+0200: 4,172: Total time for which application threads were stopped: 0,0001012 seconds, Stopping threads took: 0,0000361 seconds
2017-04-27T08:05:12.679+0200: 4,173: Total time for which application threads were stopped: 0,0001553 seconds, Stopping threads took: 0,0000344 seconds
2017-04-27T08:05:12.690+0200: 4,183: Total time for which application threads were stopped: 0,0001287 seconds, Stopping threads took: 0,0000401 seconds
2017-04-27T08:05:12.700+0200: 4,193: Total time for which application threads were stopped: 0,0003236 seconds, Stopping threads took: 0,0002375 seconds
2017-04-27T08:05:12.700+0200: 4,194: Total time for which application threads were stopped: 0,0001503 seconds, Stopping threads took: 0,0000907 seconds
2017-04-27T08:05:12.712+0200: 4,206: Total time for which application threads were stopped: 0,0013679 seconds, Stopping threads took: 0,0012741 seconds
2017-04-27T08:05:12.715+0200: 4,209: Total time for which application threads were stopped: 0,0008883 seconds, Stopping threads took: 0,0007723 seconds
2017-04-27T08:05:12.717+0200: 4,211: Total time for which application threads were stopped: 0,0001718 seconds, Stopping threads took: 0,0000568 seconds
2017-04-27T08:05:12.721+0200: 4,215: Total time for which application threads were stopped: 0,0001438 seconds, Stopping threads took: 0,0000408 seconds
2017-04-27T08:05:12.762+0200: 4,256: Total time for which application threads were stopped: 0,0071655 seconds, Stopping threads took: 0,0070548 seconds
2017-04-27T08:05:12.774+0200: 4,268: Total time for which application threads were stopped: 0,0040423 seconds, Stopping threads took: 0,0039140 seconds
2017-04-27T08:05:12.783+0200: 4,277: Total time for which application threads were stopped: 0,0001582 seconds, Stopping threads took: 0,0000631 seconds
2017-04-27T08:05:12.839+0200: 4,333: Total time for which application threads were stopped: 0,0005238 seconds, Stopping threads took: 0,0000446 seconds
2017-04-27T08:05:12.856+0200: 4,350: Total time for which application threads were stopped: 0,0005689 seconds, Stopping threads took: 0,0000433 seconds
2017-04-27T08:05:12.915+0200: 4,409: Total time for which application threads were stopped: 0,0005608 seconds, Stopping threads took: 0,0000871 seconds
2017-04-27T08:05:12.923+0200: 4,417: Total time for which application threads were stopped: 0,0001882 seconds, Stopping threads took: 0,0000835 seconds
2017-04-27T08:05:12.923+0200: 4,417: Total time for which application threads were stopped: 0,0001249 seconds, Stopping threads took: 0,0000337 seconds
2017-04-27T08:05:12.932+0200: 4,426: Total time for which application threads were stopped: 0,0001335 seconds, Stopping threads took: 0,0000353 seconds
2017-04-27T08:05:12.946+0200: 4,440: Total time for which application threads were stopped: 0,0001232 seconds, Stopping threads took: 0,0000409 seconds
2017-04-27T08:05:12.953+0200: 4,447: Total time for which application threads were stopped: 0,0001702 seconds, Stopping threads took: 0,0000476 seconds
2017-04-27T08:05:12.956+0200: 4,450: Total time for which application threads were stopped: 0,0001614 seconds, Stopping threads took: 0,0000557 seconds
2017-04-27T08:05:12.959+0200: 4,453: Total time for which application threads were stopped: 0,0001300 seconds, Stopping threads took: 0,0000437 seconds
2017-04-27T08:05:12.962+0200: 4,456: Total time for which application threads were stopped: 0,0001335 seconds, Stopping threads took: 0,0000413 seconds
2017-04-27T08:05:12.970+0200: 4,464: Total time for which application threads were stopped: 0,0015157 seconds, Stopping threads took: 0,0013915 seconds
2017-04-27T08:05:12.971+0200: 4,465: Total time for which application threads were stopped: 0,0001509 seconds, Stopping threads took: 0,0000397 seconds
2017-04-27T08:05:12.972+0200: 4,466: Total time for which application threads were stopped: 0,0002048 seconds, Stopping threads took: 0,0001178 seconds
2017-04-27T08:05:12.980+0200: 4,474: Total time for which application threads were stopped: 0,0001769 seconds, Stopping threads took: 0,0000442 seconds
2017-04-27T08:05:12.987+0200: 4,481: Total time for which application threads were stopped: 0,0001312 seconds, Stopping threads took: 0,0000368 seconds
2017-04-27T08:05:13.002+0200: 4,496: Total time for which application threads were stopped: 0,0030232 seconds, Stopping threads took: 0,0028732 seconds
2017-04-27T08:05:13.014+0200: 4,508: Total time for which application threads were stopped: 0,0001561 seconds, Stopping threads took: 0,0000331 seconds
2017-04-27T08:05:13.022+0200: 4,516: Total time for which application threads were stopped: 0,0001679 seconds, Stopping threads took: 0,0000768 seconds
2017-04-27T08:05:13.037+0200: 4,531: Total time for which application threads were stopped: 0,0008667 seconds, Stopping threads took: 0,0007525 seconds
2017-04-27T08:05:13.040+0200: 4,534: Total time for which application threads were stopped: 0,0001193 seconds, Stopping threads took: 0,0000414 seconds
2017-04-27T08:05:13.043+0200: 4,537: Total time for which application threads were stopped: 0,0010100 seconds, Stopping threads took: 0,0009482 seconds
2017-04-27T08:05:13.059+0200: 4,553: Total time for which application threads were stopped: 0,0001232 seconds, Stopping threads took: 0,0000306 seconds
2017-04-27T08:05:13.059+0200: 4,553: Total time for which application threads were stopped: 0,0003958 seconds, Stopping threads took: 0,0000224 seconds
2017-04-27T08:05:13.060+0200: 4,554: Total time for which application threads were stopped: 0,0000993 seconds, Stopping threads took: 0,0000247 seconds
2017-04-27T08:05:14.062+0200: 5,556: Total time for which application threads were stopped: 0,0000791 seconds, Stopping threads took: 0,0000193 seconds
2017-04-27T08:05:16.063+0200: 7,557: Total time for which application threads were stopped: 0,0000798 seconds, Stopping threads took: 0,0000179 seconds
2017-04-27T08:05:40.433+0200: 32,562: Total time for which application threads were stopped: 0,0000635 seconds, Stopping threads took: 0,0000162 seconds
2017-04-27T08:07:05.443+0200: 117,571: Total time for which application threads were stopped: 0,0000822 seconds, Stopping threads took: 0,0000362 seconds
2017-04-27T08:07:10.443+0200: 122,572: Total time for which application threads were stopped: 0,0000908 seconds, Stopping threads took: 0,0000214 seconds
{Heap before GC invocations=9 (full 1):
 par new generation   total 109248K, used 94216K [0x00000000e0000000, 0x00000000e8000000, 0x00000000e8000000)
  eden space 87424K, 100% used [0x00000000e0000000, 0x00000000e5560000, 0x00000000e5560000)
  from space 21824K,  31% used [0x00000000e6ab0000, 0x00000000e7152368, 0x00000000e8000000)
  to   space 21824K,   0% used [0x00000000e5560000, 0x00000000e5560000, 0x00000000e6ab0000)
 concurrent mark-sweep generation total 393216K, used 6060K [0x00000000e8000000, 0x0000000100000000, 0x0000000100000000)
 Metaspace       used 27999K, capacity 28538K, committed 28848K, reserved 1075200K
  class space    used 3207K, capacity 3382K, committed 3504K, reserved 1048576K
2017-04-27T08:08:04.109+0200: 176,238: [GC (Allocation Failure) 2017-04-27T08:08:04.109+0200: 176,238: [ParNew
Desired survivor size 20112992 bytes, new threshold 8 (max 8)
- age   1:   11048584 bytes,   11048584 total
- age   2:     207416 bytes,   11256000 total
- age   3:     206688 bytes,   11462688 total
- age   4:    1771248 bytes,   13233936 total
- age   5:         96 bytes,   13234032 total
- age   6:      58592 bytes,   13292624 total
- age   7:      97072 bytes,   13389696 total
- age   8:     180312 bytes,   13570008 total
: 94216K->14452K(109248K), 0,0237569 secs] 100276K->21335K(502464K), 0,0238508 secs] [Times: user=0,09 sys=0,00, real=0,03 secs] 
Heap after GC invocations=10 (full 1):
 par new generation   total 109248K, used 14452K [0x00000000e0000000, 0x00000000e8000000, 0x00000000e8000000)
  eden space 87424K,   0% used [0x00000000e0000000, 0x00000000e0000000, 0x00000000e5560000)
  from space 21824K,  66% used [0x00000000e5560000, 0x00000000e637d190, 0x00000000e6ab0000)
  to   space 21824K,   0% used [0x00000000e6ab0000, 0x00000000e6ab0000, 0x00000000e8000000)
 concurrent mark-sweep generation total 393216K, used 6883K [0x00000000e8000000, 0x0000000100000000, 0x0000000100000000)
 Metaspace       used 27999K, capacity 28538K, committed 28848K, reserved 1075200K
  class space    used 3207K, capacity 3382K, committed 3504K, reserved 1048576K
}
2017-04-27T08:08:04.133+0200: 176,262: Total time for which application threads were stopped: 0,0243166 seconds, Stopping threads took: 0,0001954 seconds
2017-04-27T08:08:04.135+0200: 176,264: Total time for which application threads were stopped: 0,0000671 seconds, Stopping threads took: 0,0000221 seconds
2017-04-27T08:08:04.136+0200: 176,264: Total time for which application threads were stopped: 0,0000533 seconds, Stopping threads took: 0,0000167 seconds
2017-04-27T08:10:19.152+0200: 311,281: Total time for which application threads were stopped: 0,0001653 seconds, Stopping threads took: 0,0000662 seconds
2017-04-27T08:28:34.284+0200: 1406,412: Total time for which application threads were stopped: 0,0001751 seconds, Stopping threads took: 0,0000568 seconds
2017-04-27T08:33:39.314+0200: 1711,443: Total time for which application threads were stopped: 0,0000905 seconds, Stopping threads took: 0,0000339 seconds
2017-04-27T08:41:40.366+0200: 2192,494: Total time for which application threads were stopped: 0,0000856 seconds, Stopping threads took: 0,0000346 seconds
2017-04-27T08:43:29.378+0200: 2301,506: Total time for which application threads were stopped: 0,0001009 seconds, Stopping threads took: 0,0000361 seconds
2017-04-27T08:43:30.378+0200: 2302,507: Total time for which application threads were stopped: 0,0005299 seconds, Stopping threads took: 0,0001100 seconds
2017-04-27T08:58:25.481+0200: 3197,609: Total time for which application threads were stopped: 0,0000800 seconds, Stopping threads took: 0,0000305 seconds
2017-04-27T09:09:04.555+0200: 3836,683: Total time for which application threads were stopped: 0,0000782 seconds, Stopping threads took: 0,0000300 seconds
2017-04-27T09:09:09.555+0200: 3841,684: Total time for which application threads were stopped: 0,0001267 seconds, Stopping threads took: 0,0000356 seconds
2017-04-27T09:10:39.566+0200: 3931,695: Total time for which application threads were stopped: 0,0000873 seconds, Stopping threads took: 0,0000331 seconds
2017-04-27T09:23:50.658+0200: 4722,787: Total time for which application threads were stopped: 0,0000818 seconds, Stopping threads took: 0,0000306 seconds
2017-04-27T09:23:55.659+0200: 4727,788: Total time for which application threads were stopped: 0,0003353 seconds, Stopping threads took: 0,0001515 seconds
2017-04-27T09:49:53.403+0200: 6285,531: Total time for which application threads were stopped: 0,0000826 seconds, Stopping threads took: 0,0000131 seconds
2017-04-27T09:49:53.414+0200: 6285,543: Total time for which application threads were stopped: 0,0105159 seconds, Stopping threads took: 0,0104388 seconds
2017-04-27T09:49:53.416+0200: 6285,545: Total time for which application threads were stopped: 0,0005228 seconds, Stopping threads took: 0,0004473 seconds
2017-04-27T09:49:53.417+0200: 6285,545: Total time for which application threads were stopped: 0,0000774 seconds, Stopping threads took: 0,0000128 seconds
2017-04-27T09:49:53.417+0200: 6285,545: Total time for which application threads were stopped: 0,0000441 seconds, Stopping threads took: 0,0000056 seconds
2017-04-27T09:49:53.417+0200: 6285,546: Total time for which application threads were stopped: 0,0000491 seconds, Stopping threads took: 0,0000078 seconds
2017-04-27T09:49:53.417+0200: 6285,546: Total time for which application threads were stopped: 0,0000412 seconds, Stopping threads took: 0,0000063 seconds
2017-04-27T09:49:53.417+0200: 6285,546: Total time for which application threads were stopped: 0,0000407 seconds, Stopping threads took: 0,0000057 seconds
2017-04-27T09:49:53.417+0200: 6285,546: Total time for which application threads were stopped: 0,0000438 seconds, Stopping threads took: 0,0000045 seconds
2017-04-27T09:49:53.417+0200: 6285,546: Total time for which application threads were stopped: 0,0000341 seconds, Stopping threads took: 0,0000050 seconds
2017-04-27T09:49:53.418+0200: 6285,546: Total time for which application threads were stopped: 0,0000354 seconds, Stopping threads took: 0,0000047 seconds
2017-04-27T09:49:53.418+0200: 6285,546: Total time for which application threads were stopped: 0,0000343 seconds, Stopping threads took: 0,0000049 seconds
2017-04-27T09:49:53.418+0200: 6285,546: Total time for which application threads were stopped: 0,0000383 seconds, Stopping threads took: 0,0000056 seconds
2017-04-27T09:49:53.418+0200: 6285,546: Total time for which application threads were stopped: 0,0000358 seconds, Stopping threads took: 0,0000050 seconds
2017-04-27T09:49:53.418+0200: 6285,546: Total time for which application threads were stopped: 0,0000376 seconds, Stopping threads took: 0,0000079 seconds
2017-04-27T09:49:53.418+0200: 6285,546: Total time for which application threads were stopped: 0,0000349 seconds, Stopping threads took: 0,0000050 seconds
2017-04-27T09:49:53.418+0200: 6285,547: Total time for which application threads were stopped: 0,0000622 seconds, Stopping threads took: 0,0000101 seconds
2017-04-27T09:49:53.419+0200: 6285,547: Total time for which application threads were stopped: 0,0000383 seconds, Stopping threads took: 0,0000051 seconds
2017-04-27T09:49:53.419+0200: 6285,547: Total time for which application threads were stopped: 0,0000347 seconds, Stopping threads took: 0,0000048 seconds
2017-04-27T09:49:53.437+0200: 6285,566: Total time for which application threads were stopped: 0,0004569 seconds, Stopping threads took: 0,0003785 seconds
2017-04-27T09:49:53.437+0200: 6285,566: Total time for which application threads were stopped: 0,0000478 seconds, Stopping threads took: 0,0000066 seconds
2017-04-27T09:49:53.437+0200: 6285,566: Total time for which application threads were stopped: 0,0000458 seconds, Stopping threads took: 0,0000059 seconds
2017-04-27T09:49:53.439+0200: 6285,567: Total time for which application threads were stopped: 0,0003059 seconds, Stopping threads took: 0,0000169 seconds
2017-04-27T09:49:53.439+0200: 6285,567: Total time for which application threads were stopped: 0,0000928 seconds, Stopping threads took: 0,0000372 seconds
2017-04-27T09:49:53.439+0200: 6285,567: Total time for which application threads were stopped: 0,0000438 seconds, Stopping threads took: 0,0000106 seconds
2017-04-27T09:49:53.439+0200: 6285,567: Total time for which application threads were stopped: 0,0000547 seconds, Stopping threads took: 0,0000223 seconds
2017-04-27T09:49:53.439+0200: 6285,568: Total time for which application threads were stopped: 0,0000525 seconds, Stopping threads took: 0,0000193 seconds
2017-04-27T09:49:53.439+0200: 6285,568: Total time for which application threads were stopped: 0,0000519 seconds, Stopping threads took: 0,0000172 seconds
2017-04-27T09:49:53.439+0200: 6285,568: Total time for which application threads were stopped: 0,0000397 seconds, Stopping threads took: 0,0000089 seconds
2017-04-27T09:49:53.439+0200: 6285,568: Total time for which application threads were stopped: 0,0000485 seconds, Stopping threads took: 0,0000063 seconds
2017-04-27T09:49:53.439+0200: 6285,568: Total time for which application threads were stopped: 0,0000601 seconds, Stopping threads took: 0,0000216 seconds
2017-04-27T09:49:53.439+0200: 6285,568: Total time for which application threads were stopped: 0,0000706 seconds, Stopping threads took: 0,0000331 seconds
2017-04-27T09:49:53.440+0200: 6285,569: Total time for which application threads were stopped: 0,0004764 seconds, Stopping threads took: 0,0004001 seconds
2017-04-27T09:49:53.441+0200: 6285,569: Total time for which application threads were stopped: 0,0000957 seconds, Stopping threads took: 0,0000309 seconds
2017-04-27T09:49:53.442+0200: 6285,571: Total time for which application threads were stopped: 0,0000990 seconds, Stopping threads took: 0,0000334 seconds
2017-04-27T09:49:53.443+0200: 6285,571: Total time for which application threads were stopped: 0,0001833 seconds, Stopping threads took: 0,0001252 seconds
2017-04-27T09:49:53.443+0200: 6285,571: Total time for which application threads were stopped: 0,0000775 seconds, Stopping threads took: 0,0000349 seconds
2017-04-27T09:49:53.443+0200: 6285,571: Total time for which application threads were stopped: 0,0000630 seconds, Stopping threads took: 0,0000210 seconds
2017-04-27T09:49:53.443+0200: 6285,571: Total time for which application threads were stopped: 0,0000587 seconds, Stopping threads took: 0,0000189 seconds
2017-04-27T09:49:53.443+0200: 6285,572: Total time for which application threads were stopped: 0,0000587 seconds, Stopping threads took: 0,0000228 seconds
2017-04-27T09:49:53.443+0200: 6285,572: Total time for which application threads were stopped: 0,0000945 seconds, Stopping threads took: 0,0000554 seconds
2017-04-27T09:49:53.443+0200: 6285,572: Total time for which application threads were stopped: 0,0000537 seconds, Stopping threads took: 0,0000199 seconds
2017-04-27T09:49:53.443+0200: 6285,572: Total time for which application threads were stopped: 0,0000657 seconds, Stopping threads took: 0,0000308 seconds
2017-04-27T09:49:53.443+0200: 6285,572: Total time for which application threads were stopped: 0,0000417 seconds, Stopping threads took: 0,0000078 seconds
2017-04-27T09:49:53.443+0200: 6285,572: Total time for which application threads were stopped: 0,0000542 seconds, Stopping threads took: 0,0000204 seconds
2017-04-27T09:49:53.444+0200: 6285,572: Total time for which application threads were stopped: 0,0000403 seconds, Stopping threads took: 0,0000074 seconds
2017-04-27T09:49:53.445+0200: 6285,574: Total time for which application threads were stopped: 0,0002996 seconds, Stopping threads took: 0,0002338 seconds
2017-04-27T09:49:53.445+0200: 6285,574: Total time for which application threads were stopped: 0,0000744 seconds, Stopping threads took: 0,0000295 seconds
2017-04-27T09:49:53.445+0200: 6285,574: Total time for which application threads were stopped: 0,0000496 seconds, Stopping threads took: 0,0000091 seconds
2017-04-27T09:49:53.445+0200: 6285,574: Total time for which application threads were stopped: 0,0000825 seconds, Stopping threads took: 0,0000429 seconds
2017-04-27T09:49:53.446+0200: 6285,574: Total time for which application threads were stopped: 0,0000503 seconds, Stopping threads took: 0,0000120 seconds
2017-04-27T09:49:53.447+0200: 6285,575: Total time for which application threads were stopped: 0,0001156 seconds, Stopping threads took: 0,0000449 seconds
2017-04-27T09:49:53.447+0200: 6285,576: Total time for which application threads were stopped: 0,0000710 seconds, Stopping threads took: 0,0000244 seconds
2017-04-27T09:49:53.447+0200: 6285,576: Total time for which application threads were stopped: 0,0000681 seconds, Stopping threads took: 0,0000201 seconds
2017-04-27T09:49:53.448+0200: 6285,576: Total time for which application threads were stopped: 0,0000848 seconds, Stopping threads took: 0,0000273 seconds
2017-04-27T09:49:53.449+0200: 6285,577: Total time for which application threads were stopped: 0,0001029 seconds, Stopping threads took: 0,0000381 seconds
2017-04-27T09:49:53.449+0200: 6285,577: Total time for which application threads were stopped: 0,0000646 seconds, Stopping threads took: 0,0000214 seconds
2017-04-27T09:49:53.449+0200: 6285,577: Total time for which application threads were stopped: 0,0000615 seconds, Stopping threads took: 0,0000188 seconds
2017-04-27T09:49:53.449+0200: 6285,577: Total time for which application threads were stopped: 0,0000632 seconds, Stopping threads took: 0,0000248 seconds
2017-04-27T09:49:53.450+0200: 6285,578: Total time for which application threads were stopped: 0,0001020 seconds, Stopping threads took: 0,0000296 seconds
2017-04-27T09:49:53.450+0200: 6285,579: Total time for which application threads were stopped: 0,0000878 seconds, Stopping threads took: 0,0000348 seconds
2017-04-27T09:49:53.450+0200: 6285,579: Total time for which application threads were stopped: 0,0002080 seconds, Stopping threads took: 0,0001568 seconds
2017-04-27T09:49:53.451+0200: 6285,579: Total time for which application threads were stopped: 0,0000899 seconds, Stopping threads took: 0,0000306 seconds
2017-04-27T09:49:53.451+0200: 6285,579: Total time for which application threads were stopped: 0,0000660 seconds, Stopping threads took: 0,0000237 seconds
2017-04-27T09:49:53.451+0200: 6285,580: Total time for which application threads were stopped: 0,0000658 seconds, Stopping threads took: 0,0000240 seconds
2017-04-27T09:49:53.452+0200: 6285,580: Total time for which application threads were stopped: 0,0001569 seconds, Stopping threads took: 0,0000648 seconds
2017-04-27T09:49:53.453+0200: 6285,582: Total time for which application threads were stopped: 0,0012576 seconds, Stopping threads took: 0,0011823 seconds
2017-04-27T09:49:53.454+0200: 6285,582: Total time for which application threads were stopped: 0,0000552 seconds, Stopping threads took: 0,0000087 seconds
2017-04-27T09:49:53.454+0200: 6285,583: Total time for which application threads were stopped: 0,0000915 seconds, Stopping threads took: 0,0000286 seconds
2017-04-27T09:49:53.454+0200: 6285,583: Total time for which application threads were stopped: 0,0000653 seconds, Stopping threads took: 0,0000184 seconds
2017-04-27T09:49:53.455+0200: 6285,583: Total time for which application threads were stopped: 0,0000694 seconds, Stopping threads took: 0,0000229 seconds
2017-04-27T09:49:53.455+0200: 6285,583: Total time for which application threads were stopped: 0,0000573 seconds, Stopping threads took: 0,0000201 seconds
2017-04-27T09:49:53.455+0200: 6285,583: Total time for which application threads were stopped: 0,0000545 seconds, Stopping threads took: 0,0000151 seconds
2017-04-27T09:49:53.455+0200: 6285,583: Total time for which application threads were stopped: 0,0001602 seconds, Stopping threads took: 0,0001201 seconds
2017-04-27T09:49:53.455+0200: 6285,584: Total time for which application threads were stopped: 0,0000453 seconds, Stopping threads took: 0,0000087 seconds
2017-04-27T09:49:53.455+0200: 6285,584: Total time for which application threads were stopped: 0,0000662 seconds, Stopping threads took: 0,0000278 seconds
2017-04-27T09:49:53.455+0200: 6285,584: Total time for which application threads were stopped: 0,0000884 seconds, Stopping threads took: 0,0000479 seconds
2017-04-27T09:49:53.455+0200: 6285,584: Total time for which application threads were stopped: 0,0000518 seconds, Stopping threads took: 0,0000159 seconds
2017-04-27T09:49:53.455+0200: 6285,584: Total time for which application threads were stopped: 0,0000513 seconds, Stopping threads took: 0,0000163 seconds
2017-04-27T09:49:53.455+0200: 6285,584: Total time for which application threads were stopped: 0,0000519 seconds, Stopping threads took: 0,0000200 seconds
2017-04-27T09:49:53.456+0200: 6285,584: Total time for which application threads were stopped: 0,0000484 seconds, Stopping threads took: 0,0000168 seconds
2017-04-27T09:49:53.456+0200: 6285,584: Total time for which application threads were stopped: 0,0000502 seconds, Stopping threads took: 0,0000165 seconds
2017-04-27T09:49:53.457+0200: 6285,585: Total time for which application threads were stopped: 0,0001187 seconds, Stopping threads took: 0,0000320 seconds
2017-04-27T09:49:53.468+0200: 6285,597: Total time for which application threads were stopped: 0,0001304 seconds, Stopping threads took: 0,0000352 seconds
2017-04-27T09:49:53.468+0200: 6285,597: Total time for which application threads were stopped: 0,0000671 seconds, Stopping threads took: 0,0000251 seconds
2017-04-27T09:49:53.468+0200: 6285,597: Total time for which application threads were stopped: 0,0000630 seconds, Stopping threads took: 0,0000223 seconds
2017-04-27T09:49:53.469+0200: 6285,597: Total time for which application threads were stopped: 0,0001102 seconds, Stopping threads took: 0,0000191 seconds
2017-04-27T09:49:53.469+0200: 6285,598: Total time for which application threads were stopped: 0,0000737 seconds, Stopping threads took: 0,0000180 seconds
2017-04-27T09:49:53.470+0200: 6285,598: Total time for which application threads were stopped: 0,0000554 seconds, Stopping threads took: 0,0000107 seconds
2017-04-27T09:49:53.470+0200: 6285,598: Total time for which application threads were stopped: 0,0001683 seconds, Stopping threads took: 0,0000088 seconds
2017-04-27T09:49:53.473+0200: 6285,601: Total time for which application threads were stopped: 0,0001002 seconds, Stopping threads took: 0,0000184 seconds
2017-04-27T09:49:53.474+0200: 6285,602: Total time for which application threads were stopped: 0,0000904 seconds, Stopping threads took: 0,0000181 seconds
2017-04-27T09:49:53.474+0200: 6285,602: Total time for which application threads were stopped: 0,0000695 seconds, Stopping threads took: 0,0000146 seconds
2017-04-27T09:49:53.476+0200: 6285,605: Total time for which application threads were stopped: 0,0000854 seconds, Stopping threads took: 0,0000235 seconds
2017-04-27T09:49:53.476+0200: 6285,605: Total time for which application threads were stopped: 0,0000629 seconds, Stopping threads took: 0,0000056 seconds
Heap
 par new generation   total 109248K, used 32793K [0x00000000e0000000, 0x00000000e8000000, 0x00000000e8000000)
  eden space 87424K,  20% used [0x00000000e0000000, 0x00000000e11e94c0, 0x00000000e5560000)
  from space 21824K,  66% used [0x00000000e5560000, 0x00000000e637d190, 0x00000000e6ab0000)
  to   space 21824K,   0% used [0x00000000e6ab0000, 0x00000000e6ab0000, 0x00000000e8000000)
 concurrent mark-sweep generation total 393216K, used 6883K [0x00000000e8000000, 0x0000000100000000, 0x0000000100000000)
 Metaspace       used 28120K, capacity 28674K, committed 29104K, reserved 1075200K
  class space    used 3221K, capacity 3384K, committed 3504K, reserved 1048576K
