OpenJDK 64-Bit Server VM (25.131-b11) for linux-amd64 JRE (1.8.0_131-8u131-b11-0ubuntu1.16.04.2-b11), built on May  6 2017 02:45:27 by "buildd" with gcc 5.4.0 20160609
Memory: 4k page, physical 7867740k(7385660k free), swap 8076284k(8076284k free)
CommandLine flags: -XX:CMSInitiatingOccupancyFraction=50 -XX:CMSMaxAbortablePrecleanTime=6000 -XX:+CMSParallelRemarkEnabled -XX:+CMSScavengeBeforeRemark -XX:ConcGCThreads=4 -XX:InitialHeapSize=536870912 -XX:MaxHeapSize=536870912 -XX:MaxTenuringThreshold=8 -XX:NewRatio=3 -XX:OldPLABSize=16 -XX:OnOutOfMemoryError=/opt/solr/bin/oom_solr.sh 8983 /var/solr/logs -XX:ParallelGCThreads=4 -XX:+ParallelRefProcEnabled -XX:PretenureSizeThreshold=67108864 -XX:+PrintGC -XX:+PrintGCApplicationStoppedTime -XX:+PrintGCDateStamps -XX:+PrintGCDetails -XX:+PrintGCTimeStamps -XX:+PrintHeapAtGC -XX:+PrintTenuringDistribution -XX:SurvivorRatio=4 -XX:TargetSurvivorRatio=90 -XX:ThreadStackSize=256 -XX:+UseCMSInitiatingOccupancyOnly -XX:+UseCompressedClassPointers -XX:+UseCompressedOops -XX:+UseConcMarkSweepGC -XX:+UseParNewGC 
2017-05-23T17:56:29.903+0200: 0,149: Total time for which application threads were stopped: 0,0000814 seconds, Stopping threads took: 0,0000188 seconds
2017-05-23T17:56:29.997+0200: 0,243: Total time for which application threads were stopped: 0,0001159 seconds, Stopping threads took: 0,0000187 seconds
2017-05-23T17:56:30.011+0200: 0,256: Total time for which application threads were stopped: 0,0000752 seconds, Stopping threads took: 0,0000120 seconds
2017-05-23T17:56:30.198+0200: 0,444: Total time for which application threads were stopped: 0,0001634 seconds, Stopping threads took: 0,0000173 seconds
2017-05-23T17:56:30.631+0200: 0,877: Total time for which application threads were stopped: 0,0001891 seconds, Stopping threads took: 0,0000283 seconds
2017-05-23T17:56:30.781+0200: 1,027: Total time for which application threads were stopped: 0,0002121 seconds, Stopping threads took: 0,0000321 seconds
2017-05-23T17:56:30.803+0200: 1,049: Total time for which application threads were stopped: 0,0002232 seconds, Stopping threads took: 0,0000347 seconds
2017-05-23T17:56:31.187+0200: 1,433: Total time for which application threads were stopped: 0,0001512 seconds, Stopping threads took: 0,0000139 seconds
2017-05-23T17:56:31.409+0200: 1,654: Total time for which application threads were stopped: 0,0002108 seconds, Stopping threads took: 0,0000197 seconds
2017-05-23T17:56:31.436+0200: 1,681: Total time for which application threads were stopped: 0,0001600 seconds, Stopping threads took: 0,0000133 seconds
2017-05-23T17:56:31.471+0200: 1,717: Total time for which application threads were stopped: 0,0001982 seconds, Stopping threads took: 0,0000189 seconds
2017-05-23T17:56:31.472+0200: 1,718: Total time for which application threads were stopped: 0,0001747 seconds, Stopping threads took: 0,0000168 seconds
2017-05-23T17:56:31.491+0200: 1,736: Total time for which application threads were stopped: 0,0001759 seconds, Stopping threads took: 0,0000161 seconds
2017-05-23T17:56:31.574+0200: 1,819: Total time for which application threads were stopped: 0,0002122 seconds, Stopping threads took: 0,0000331 seconds
2017-05-23T17:56:31.740+0200: 1,986: Total time for which application threads were stopped: 0,0002544 seconds, Stopping threads took: 0,0000264 seconds
{Heap before GC invocations=0 (full 0):
 par new generation   total 109248K, used 87424K [0x00000000e0000000, 0x00000000e8000000, 0x00000000e8000000)
  eden space 87424K, 100% used [0x00000000e0000000, 0x00000000e5560000, 0x00000000e5560000)
  from space 21824K,   0% used [0x00000000e5560000, 0x00000000e5560000, 0x00000000e6ab0000)
  to   space 21824K,   0% used [0x00000000e6ab0000, 0x00000000e6ab0000, 0x00000000e8000000)
 concurrent mark-sweep generation total 393216K, used 0K [0x00000000e8000000, 0x0000000100000000, 0x0000000100000000)
 Metaspace       used 18061K, capacity 18400K, committed 18688K, reserved 1064960K
  class space    used 2040K, capacity 2196K, committed 2304K, reserved 1048576K
2017-05-23T17:56:31.832+0200: 2,078: [GC (Allocation Failure) 2017-05-23T17:56:31.833+0200: 2,078: [ParNew
Desired survivor size 20112992 bytes, new threshold 8 (max 8)
- age   1:   12616896 bytes,   12616896 total
: 87424K->12431K(109248K), 0,0154850 secs] 87424K->12431K(502464K), 0,0155606 secs] [Times: user=0,05 sys=0,00, real=0,02 secs] 
Heap after GC invocations=1 (full 0):
 par new generation   total 109248K, used 12431K [0x00000000e0000000, 0x00000000e8000000, 0x00000000e8000000)
  eden space 87424K,   0% used [0x00000000e0000000, 0x00000000e0000000, 0x00000000e5560000)
  from space 21824K,  56% used [0x00000000e6ab0000, 0x00000000e76d3f20, 0x00000000e8000000)
  to   space 21824K,   0% used [0x00000000e5560000, 0x00000000e5560000, 0x00000000e6ab0000)
 concurrent mark-sweep generation total 393216K, used 0K [0x00000000e8000000, 0x0000000100000000, 0x0000000100000000)
 Metaspace       used 18061K, capacity 18400K, committed 18688K, reserved 1064960K
  class space    used 2040K, capacity 2196K, committed 2304K, reserved 1048576K
}
2017-05-23T17:56:31.848+0200: 2,094: Total time for which application threads were stopped: 0,0157863 seconds, Stopping threads took: 0,0000461 seconds
2017-05-23T17:56:32.140+0200: 2,386: Total time for which application threads were stopped: 0,0003228 seconds, Stopping threads took: 0,0000497 seconds
2017-05-23T17:56:32.185+0200: 2,431: Total time for which application threads were stopped: 0,0003578 seconds, Stopping threads took: 0,0000781 seconds
{Heap before GC invocations=1 (full 0):
 par new generation   total 109248K, used 99855K [0x00000000e0000000, 0x00000000e8000000, 0x00000000e8000000)
  eden space 87424K, 100% used [0x00000000e0000000, 0x00000000e5560000, 0x00000000e5560000)
  from space 21824K,  56% used [0x00000000e6ab0000, 0x00000000e76d3f20, 0x00000000e8000000)
  to   space 21824K,   0% used [0x00000000e5560000, 0x00000000e5560000, 0x00000000e6ab0000)
 concurrent mark-sweep generation total 393216K, used 0K [0x00000000e8000000, 0x0000000100000000, 0x0000000100000000)
 Metaspace       used 20077K, capacity 20416K, committed 20736K, reserved 1067008K
  class space    used 2295K, capacity 2466K, committed 2560K, reserved 1048576K
2017-05-23T17:56:32.192+0200: 2,438: [GC (Allocation Failure) 2017-05-23T17:56:32.192+0200: 2,438: [ParNew
Desired survivor size 20112992 bytes, new threshold 8 (max 8)
- age   1:    3677600 bytes,    3677600 total
- age   2:    6668952 bytes,   10346552 total
: 99855K->15738K(109248K), 0,0106083 secs] 99855K->15738K(502464K), 0,0106876 secs] [Times: user=0,04 sys=0,00, real=0,02 secs] 
Heap after GC invocations=2 (full 0):
 par new generation   total 109248K, used 15738K [0x00000000e0000000, 0x00000000e8000000, 0x00000000e8000000)
  eden space 87424K,   0% used [0x00000000e0000000, 0x00000000e0000000, 0x00000000e5560000)
  from space 21824K,  72% used [0x00000000e5560000, 0x00000000e64bebc0, 0x00000000e6ab0000)
  to   space 21824K,   0% used [0x00000000e6ab0000, 0x00000000e6ab0000, 0x00000000e8000000)
 concurrent mark-sweep generation total 393216K, used 0K [0x00000000e8000000, 0x0000000100000000, 0x0000000100000000)
 Metaspace       used 20077K, capacity 20416K, committed 20736K, reserved 1067008K
  class space    used 2295K, capacity 2466K, committed 2560K, reserved 1048576K
}
2017-05-23T17:56:32.203+0200: 2,448: Total time for which application threads were stopped: 0,0108644 seconds, Stopping threads took: 0,0000274 seconds
2017-05-23T17:56:32.241+0200: 2,486: Total time for which application threads were stopped: 0,0003483 seconds, Stopping threads took: 0,0000689 seconds
2017-05-23T17:56:32.367+0200: 2,613: Total time for which application threads were stopped: 0,0001704 seconds, Stopping threads took: 0,0000397 seconds
{Heap before GC invocations=2 (full 0):
 par new generation   total 109248K, used 103162K [0x00000000e0000000, 0x00000000e8000000, 0x00000000e8000000)
  eden space 87424K, 100% used [0x00000000e0000000, 0x00000000e5560000, 0x00000000e5560000)
  from space 21824K,  72% used [0x00000000e5560000, 0x00000000e64bebc0, 0x00000000e6ab0000)
  to   space 21824K,   0% used [0x00000000e6ab0000, 0x00000000e6ab0000, 0x00000000e8000000)
 concurrent mark-sweep generation total 393216K, used 0K [0x00000000e8000000, 0x0000000100000000, 0x0000000100000000)
 Metaspace       used 20988K, capacity 21274K, committed 21628K, reserved 1069056K
  class space    used 2417K, capacity 2585K, committed 2684K, reserved 1048576K
2017-05-23T17:56:32.415+0200: 2,661: [GC (Allocation Failure) 2017-05-23T17:56:32.415+0200: 2,661: [ParNew
Desired survivor size 20112992 bytes, new threshold 8 (max 8)
- age   1:    2181536 bytes,    2181536 total
- age   2:     852760 bytes,    3034296 total
- age   3:    6665088 bytes,    9699384 total
: 103162K->11233K(109248K), 0,0119296 secs] 103162K->11233K(502464K), 0,0120088 secs] [Times: user=0,05 sys=0,00, real=0,01 secs] 
Heap after GC invocations=3 (full 0):
 par new generation   total 109248K, used 11233K [0x00000000e0000000, 0x00000000e8000000, 0x00000000e8000000)
  eden space 87424K,   0% used [0x00000000e0000000, 0x00000000e0000000, 0x00000000e5560000)
  from space 21824K,  51% used [0x00000000e6ab0000, 0x00000000e75a85c0, 0x00000000e8000000)
  to   space 21824K,   0% used [0x00000000e5560000, 0x00000000e5560000, 0x00000000e6ab0000)
 concurrent mark-sweep generation total 393216K, used 0K [0x00000000e8000000, 0x0000000100000000, 0x0000000100000000)
 Metaspace       used 20988K, capacity 21274K, committed 21628K, reserved 1069056K
  class space    used 2417K, capacity 2585K, committed 2684K, reserved 1048576K
}
2017-05-23T17:56:32.427+0200: 2,673: Total time for which application threads were stopped: 0,0141539 seconds, Stopping threads took: 0,0019822 seconds
2017-05-23T17:56:32.428+0200: 2,674: [GC (CMS Initial Mark) [1 CMS-initial-mark: 0K(393216K)] 12682K(502464K), 0,0075859 secs] [Times: user=0,01 sys=0,00, real=0,01 secs] 
2017-05-23T17:56:32.436+0200: 2,682: Total time for which application threads were stopped: 0,0077116 seconds, Stopping threads took: 0,0000194 seconds
2017-05-23T17:56:32.436+0200: 2,682: [CMS-concurrent-mark-start]
2017-05-23T17:56:32.437+0200: 2,683: [CMS-concurrent-mark: 0,001/0,001 secs] [Times: user=0,00 sys=0,00, real=0,00 secs] 
2017-05-23T17:56:32.437+0200: 2,683: [CMS-concurrent-preclean-start]
2017-05-23T17:56:32.438+0200: 2,684: [CMS-concurrent-preclean: 0,001/0,001 secs] [Times: user=0,00 sys=0,00, real=0,00 secs] 
2017-05-23T17:56:32.438+0200: 2,684: [CMS-concurrent-abortable-preclean-start]
2017-05-23T17:56:32.494+0200: 2,740: Total time for which application threads were stopped: 0,0033394 seconds, Stopping threads took: 0,0032513 seconds
{Heap before GC invocations=3 (full 1):
 par new generation   total 109248K, used 98657K [0x00000000e0000000, 0x00000000e8000000, 0x00000000e8000000)
  eden space 87424K, 100% used [0x00000000e0000000, 0x00000000e5560000, 0x00000000e5560000)
  from space 21824K,  51% used [0x00000000e6ab0000, 0x00000000e75a85c0, 0x00000000e8000000)
  to   space 21824K,   0% used [0x00000000e5560000, 0x00000000e5560000, 0x00000000e6ab0000)
 concurrent mark-sweep generation total 393216K, used 0K [0x00000000e8000000, 0x0000000100000000, 0x0000000100000000)
 Metaspace       used 21265K, capacity 21620K, committed 21884K, reserved 1069056K
  class space    used 2446K, capacity 2601K, committed 2684K, reserved 1048576K
2017-05-23T17:56:32.553+0200: 2,798: [GC (Allocation Failure) 2017-05-23T17:56:32.553+0200: 2,798: [ParNew
Desired survivor size 20112992 bytes, new threshold 8 (max 8)
- age   1:    1331608 bytes,    1331608 total
- age   2:    1448568 bytes,    2780176 total
- age   3:     829192 bytes,    3609368 total
- age   4:    6665272 bytes,   10274640 total
: 98657K->14397K(109248K), 0,0118647 secs] 98657K->14397K(502464K), 0,0119394 secs] [Times: user=0,04 sys=0,00, real=0,02 secs] 
Heap after GC invocations=4 (full 1):
 par new generation   total 109248K, used 14397K [0x00000000e0000000, 0x00000000e8000000, 0x00000000e8000000)
  eden space 87424K,   0% used [0x00000000e0000000, 0x00000000e0000000, 0x00000000e5560000)
  from space 21824K,  65% used [0x00000000e5560000, 0x00000000e636f7d8, 0x00000000e6ab0000)
  to   space 21824K,   0% used [0x00000000e6ab0000, 0x00000000e6ab0000, 0x00000000e8000000)
 concurrent mark-sweep generation total 393216K, used 0K [0x00000000e8000000, 0x0000000100000000, 0x0000000100000000)
 Metaspace       used 21265K, capacity 21620K, committed 21884K, reserved 1069056K
  class space    used 2446K, capacity 2601K, committed 2684K, reserved 1048576K
}
2017-05-23T17:56:32.565+0200: 2,810: Total time for which application threads were stopped: 0,0121535 seconds, Stopping threads took: 0,0000468 seconds
2017-05-23T17:56:32.565+0200: 2,810: [CMS-concurrent-abortable-preclean: 0,057/0,126 secs] [Times: user=0,44 sys=0,02, real=0,13 secs] 
2017-05-23T17:56:32.566+0200: 2,812: [GC (CMS Final Remark) [YG occupancy: 16369 K (109248 K)]{Heap before GC invocations=4 (full 1):
 par new generation   total 109248K, used 16369K [0x00000000e0000000, 0x00000000e8000000, 0x00000000e8000000)
  eden space 87424K,   2% used [0x00000000e0000000, 0x00000000e01ecc88, 0x00000000e5560000)
  from space 21824K,  65% used [0x00000000e5560000, 0x00000000e636f7d8, 0x00000000e6ab0000)
  to   space 21824K,   0% used [0x00000000e6ab0000, 0x00000000e6ab0000, 0x00000000e8000000)
 concurrent mark-sweep generation total 393216K, used 0K [0x00000000e8000000, 0x0000000100000000, 0x0000000100000000)
 Metaspace       used 21265K, capacity 21620K, committed 21884K, reserved 1069056K
  class space    used 2446K, capacity 2601K, committed 2684K, reserved 1048576K
2017-05-23T17:56:32.566+0200: 2,812: [GC (CMS Final Remark) 2017-05-23T17:56:32.566+0200: 2,812: [ParNew
Desired survivor size 20112992 bytes, new threshold 8 (max 8)
- age   1:     197848 bytes,     197848 total
- age   2:     843536 bytes,    1041384 total
- age   3:    1448504 bytes,    2489888 total
- age   4:     829192 bytes,    3319080 total
- age   5:    6665344 bytes,    9984424 total
: 16369K->13093K(109248K), 0,0112533 secs] 16369K->13093K(502464K), 0,0112942 secs] [Times: user=0,04 sys=0,00, real=0,01 secs] 
Heap after GC invocations=5 (full 1):
 par new generation   total 109248K, used 13093K [0x00000000e0000000, 0x00000000e8000000, 0x00000000e8000000)
  eden space 87424K,   0% used [0x00000000e0000000, 0x00000000e0000000, 0x00000000e5560000)
  from space 21824K,  59% used [0x00000000e6ab0000, 0x00000000e77796f0, 0x00000000e8000000)
  to   space 21824K,   0% used [0x00000000e5560000, 0x00000000e5560000, 0x00000000e6ab0000)
 concurrent mark-sweep generation total 393216K, used 0K [0x00000000e8000000, 0x0000000100000000, 0x0000000100000000)
 Metaspace       used 21265K, capacity 21620K, committed 21884K, reserved 1069056K
  class space    used 2446K, capacity 2601K, committed 2684K, reserved 1048576K
}
2017-05-23T17:56:32.578+0200: 2,823: [Rescan (parallel) , 0,0037866 secs]2017-05-23T17:56:32.582+0200: 2,827: [weak refs processing, 0,0004986 secs]2017-05-23T17:56:32.582+0200: 2,828: [class unloading, 0,0028463 secs]2017-05-23T17:56:32.585+0200: 2,831: [scrub symbol table, 0,0026426 secs]2017-05-23T17:56:32.588+0200: 2,833: [scrub string table, 0,0003818 secs][1 CMS-remark: 0K(393216K)] 13093K(502464K), 0,0221255 secs] [Times: user=0,06 sys=0,00, real=0,02 secs] 
2017-05-23T17:56:32.589+0200: 2,834: Total time for which application threads were stopped: 0,0222815 seconds, Stopping threads took: 0,0000634 seconds
2017-05-23T17:56:32.589+0200: 2,834: [CMS-concurrent-sweep-start]
2017-05-23T17:56:32.589+0200: 2,834: [CMS-concurrent-sweep: 0,000/0,000 secs] [Times: user=0,00 sys=0,00, real=0,00 secs] 
2017-05-23T17:56:32.589+0200: 2,834: [CMS-concurrent-reset-start]
2017-05-23T17:56:32.591+0200: 2,836: [CMS-concurrent-reset: 0,002/0,002 secs] [Times: user=0,01 sys=0,00, real=0,00 secs] 
{Heap before GC invocations=5 (full 1):
 par new generation   total 109248K, used 100517K [0x00000000e0000000, 0x00000000e8000000, 0x00000000e8000000)
  eden space 87424K, 100% used [0x00000000e0000000, 0x00000000e5560000, 0x00000000e5560000)
  from space 21824K,  59% used [0x00000000e6ab0000, 0x00000000e77796f0, 0x00000000e8000000)
  to   space 21824K,   0% used [0x00000000e5560000, 0x00000000e5560000, 0x00000000e6ab0000)
 concurrent mark-sweep generation total 393216K, used 0K [0x00000000e8000000, 0x0000000100000000, 0x0000000100000000)
 Metaspace       used 21414K, capacity 21798K, committed 21884K, reserved 1069056K
  class space    used 2467K, capacity 2636K, committed 2684K, reserved 1048576K
2017-05-23T17:56:32.662+0200: 2,908: [GC (Allocation Failure) 2017-05-23T17:56:32.662+0200: 2,908: [ParNew
Desired survivor size 20112992 bytes, new threshold 8 (max 8)
- age   1:    1079376 bytes,    1079376 total
- age   2:       1688 bytes,    1081064 total
- age   3:     190296 bytes,    1271360 total
- age   4:    1447752 bytes,    2719112 total
- age   5:     827144 bytes,    3546256 total
- age   6:    6665808 bytes,   10212064 total
: 100517K->11500K(109248K), 0,0116434 secs] 100517K->11500K(502464K), 0,0117172 secs] [Times: user=0,03 sys=0,00, real=0,00 secs] 
Heap after GC invocations=6 (full 1):
 par new generation   total 109248K, used 11500K [0x00000000e0000000, 0x00000000e8000000, 0x00000000e8000000)
  eden space 87424K,   0% used [0x00000000e0000000, 0x00000000e0000000, 0x00000000e5560000)
  from space 21824K,  52% used [0x00000000e5560000, 0x00000000e609b068, 0x00000000e6ab0000)
  to   space 21824K,   0% used [0x00000000e6ab0000, 0x00000000e6ab0000, 0x00000000e8000000)
 concurrent mark-sweep generation total 393216K, used 0K [0x00000000e8000000, 0x0000000100000000, 0x0000000100000000)
 Metaspace       used 21414K, capacity 21798K, committed 21884K, reserved 1069056K
  class space    used 2467K, capacity 2636K, committed 2684K, reserved 1048576K
}
2017-05-23T17:56:32.674+0200: 2,920: Total time for which application threads were stopped: 0,0123736 seconds, Stopping threads took: 0,0005213 seconds
2017-05-23T17:56:32.709+0200: 2,954: Total time for which application threads were stopped: 0,0002988 seconds, Stopping threads took: 0,0000191 seconds
2017-05-23T17:56:32.985+0200: 3,231: Total time for which application threads were stopped: 0,0004123 seconds, Stopping threads took: 0,0000380 seconds
2017-05-23T17:56:32.997+0200: 3,242: Total time for which application threads were stopped: 0,0003676 seconds, Stopping threads took: 0,0000291 seconds
{Heap before GC invocations=6 (full 1):
 par new generation   total 109248K, used 98924K [0x00000000e0000000, 0x00000000e8000000, 0x00000000e8000000)
  eden space 87424K, 100% used [0x00000000e0000000, 0x00000000e5560000, 0x00000000e5560000)
  from space 21824K,  52% used [0x00000000e5560000, 0x00000000e609b068, 0x00000000e6ab0000)
  to   space 21824K,   0% used [0x00000000e6ab0000, 0x00000000e6ab0000, 0x00000000e8000000)
 concurrent mark-sweep generation total 393216K, used 0K [0x00000000e8000000, 0x0000000100000000, 0x0000000100000000)
 Metaspace       used 23776K, capacity 24228K, committed 24572K, reserved 1071104K
  class space    used 2794K, capacity 2977K, committed 3068K, reserved 1048576K
2017-05-23T17:56:33.175+0200: 3,421: [GC (Allocation Failure) 2017-05-23T17:56:33.175+0200: 3,421: [ParNew
Desired survivor size 20112992 bytes, new threshold 8 (max 8)
- age   1:    4895432 bytes,    4895432 total
- age   2:     126160 bytes,    5021592 total
- age   3:       1688 bytes,    5023280 total
- age   4:     189136 bytes,    5212416 total
- age   5:     278256 bytes,    5490672 total
- age   6:     802824 bytes,    6293496 total
- age   7:    6657008 bytes,   12950504 total
: 98924K->17513K(109248K), 0,0136102 secs] 98924K->17513K(502464K), 0,0136861 secs] [Times: user=0,05 sys=0,00, real=0,01 secs] 
Heap after GC invocations=7 (full 1):
 par new generation   total 109248K, used 17513K [0x00000000e0000000, 0x00000000e8000000, 0x00000000e8000000)
  eden space 87424K,   0% used [0x00000000e0000000, 0x00000000e0000000, 0x00000000e5560000)
  from space 21824K,  80% used [0x00000000e6ab0000, 0x00000000e7bca680, 0x00000000e8000000)
  to   space 21824K,   0% used [0x00000000e5560000, 0x00000000e5560000, 0x00000000e6ab0000)
 concurrent mark-sweep generation total 393216K, used 0K [0x00000000e8000000, 0x0000000100000000, 0x0000000100000000)
 Metaspace       used 23776K, capacity 24228K, committed 24572K, reserved 1071104K
  class space    used 2794K, capacity 2977K, committed 3068K, reserved 1048576K
}
2017-05-23T17:56:33.189+0200: 3,435: Total time for which application threads were stopped: 0,0139809 seconds, Stopping threads took: 0,0000563 seconds
{Heap before GC invocations=7 (full 1):
 par new generation   total 109248K, used 104931K [0x00000000e0000000, 0x00000000e8000000, 0x00000000e8000000)
  eden space 87424K,  99% used [0x00000000e0000000, 0x00000000e555e870, 0x00000000e5560000)
  from space 21824K,  80% used [0x00000000e6ab0000, 0x00000000e7bca680, 0x00000000e8000000)
  to   space 21824K,   0% used [0x00000000e5560000, 0x00000000e5560000, 0x00000000e6ab0000)
 concurrent mark-sweep generation total 393216K, used 0K [0x00000000e8000000, 0x0000000100000000, 0x0000000100000000)
 Metaspace       used 24227K, capacity 24746K, committed 24828K, reserved 1071104K
  class space    used 2842K, capacity 3042K, committed 3068K, reserved 1048576K
2017-05-23T17:56:33.333+0200: 3,578: [GC (Allocation Failure) 2017-05-23T17:56:33.333+0200: 3,578: [ParNew
Desired survivor size 20112992 bytes, new threshold 8 (max 8)
- age   1:    1859400 bytes,    1859400 total
- age   2:    1789160 bytes,    3648560 total
- age   3:      76016 bytes,    3724576 total
- age   4:       1688 bytes,    3726264 total
- age   5:     102240 bytes,    3828504 total
- age   6:     183160 bytes,    4011664 total
- age   7:     759424 bytes,    4771088 total
- age   8:    6124376 bytes,   10895464 total
: 104931K->13863K(109248K), 0,0397801 secs] 104931K->13863K(502464K), 0,0398563 secs] [Times: user=0,09 sys=0,00, real=0,04 secs] 
Heap after GC invocations=8 (full 1):
 par new generation   total 109248K, used 13863K [0x00000000e0000000, 0x00000000e8000000, 0x00000000e8000000)
  eden space 87424K,   0% used [0x00000000e0000000, 0x00000000e0000000, 0x00000000e5560000)
  from space 21824K,  63% used [0x00000000e5560000, 0x00000000e62e9e40, 0x00000000e6ab0000)
  to   space 21824K,   0% used [0x00000000e6ab0000, 0x00000000e6ab0000, 0x00000000e8000000)
 concurrent mark-sweep generation total 393216K, used 0K [0x00000000e8000000, 0x0000000100000000, 0x0000000100000000)
 Metaspace       used 24227K, capacity 24746K, committed 24828K, reserved 1071104K
  class space    used 2842K, capacity 3042K, committed 3068K, reserved 1048576K
}
2017-05-23T17:56:33.372+0200: 3,618: Total time for which application threads were stopped: 0,0400688 seconds, Stopping threads took: 0,0000522 seconds
{Heap before GC invocations=8 (full 1):
 par new generation   total 109248K, used 101287K [0x00000000e0000000, 0x00000000e8000000, 0x00000000e8000000)
  eden space 87424K, 100% used [0x00000000e0000000, 0x00000000e5560000, 0x00000000e5560000)
  from space 21824K,  63% used [0x00000000e5560000, 0x00000000e62e9e40, 0x00000000e6ab0000)
  to   space 21824K,   0% used [0x00000000e6ab0000, 0x00000000e6ab0000, 0x00000000e8000000)
 concurrent mark-sweep generation total 393216K, used 0K [0x00000000e8000000, 0x0000000100000000, 0x0000000100000000)
 Metaspace       used 24709K, capacity 25188K, committed 25468K, reserved 1071104K
  class space    used 2887K, capacity 3079K, committed 3196K, reserved 1048576K
2017-05-23T17:56:33.484+0200: 3,730: [GC (Allocation Failure) 2017-05-23T17:56:33.484+0200: 3,730: [ParNew
Desired survivor size 20112992 bytes, new threshold 8 (max 8)
- age   1:    1042096 bytes,    1042096 total
- age   2:     585336 bytes,    1627432 total
- age   3:    1733120 bytes,    3360552 total
- age   4:      75984 bytes,    3436536 total
- age   5:       1688 bytes,    3438224 total
- age   6:     102072 bytes,    3540296 total
- age   7:     180616 bytes,    3720912 total
- age   8:     758656 bytes,    4479568 total
: 101287K->7138K(109248K), 0,0766528 secs] 101287K->13201K(502464K), 0,0767393 secs] [Times: user=0,12 sys=0,00, real=0,07 secs] 
Heap after GC invocations=9 (full 1):
 par new generation   total 109248K, used 7138K [0x00000000e0000000, 0x00000000e8000000, 0x00000000e8000000)
  eden space 87424K,   0% used [0x00000000e0000000, 0x00000000e0000000, 0x00000000e5560000)
  from space 21824K,  32% used [0x00000000e6ab0000, 0x00000000e71a8ab0, 0x00000000e8000000)
  to   space 21824K,   0% used [0x00000000e5560000, 0x00000000e5560000, 0x00000000e6ab0000)
 concurrent mark-sweep generation total 393216K, used 6062K [0x00000000e8000000, 0x0000000100000000, 0x0000000100000000)
 Metaspace       used 24709K, capacity 25188K, committed 25468K, reserved 1071104K
  class space    used 2887K, capacity 3079K, committed 3196K, reserved 1048576K
}
2017-05-23T17:56:33.561+0200: 3,806: Total time for which application threads were stopped: 0,0774929 seconds, Stopping threads took: 0,0005037 seconds
2017-05-23T17:56:33.815+0200: 4,061: Total time for which application threads were stopped: 0,0015205 seconds, Stopping threads took: 0,0000214 seconds
2017-05-23T17:56:33.856+0200: 4,102: Total time for which application threads were stopped: 0,0103161 seconds, Stopping threads took: 0,0101860 seconds
2017-05-23T17:56:33.857+0200: 4,103: Total time for which application threads were stopped: 0,0002254 seconds, Stopping threads took: 0,0001306 seconds
2017-05-23T17:56:33.860+0200: 4,106: Total time for which application threads were stopped: 0,0001803 seconds, Stopping threads took: 0,0000638 seconds
2017-05-23T17:56:33.861+0200: 4,106: Total time for which application threads were stopped: 0,0001436 seconds, Stopping threads took: 0,0000581 seconds
2017-05-23T17:56:33.861+0200: 4,106: Total time for which application threads were stopped: 0,0000960 seconds, Stopping threads took: 0,0000174 seconds
2017-05-23T17:56:33.862+0200: 4,107: Total time for which application threads were stopped: 0,0001272 seconds, Stopping threads took: 0,0000258 seconds
2017-05-23T17:56:33.862+0200: 4,108: Total time for which application threads were stopped: 0,0000867 seconds, Stopping threads took: 0,0000195 seconds
2017-05-23T17:56:33.862+0200: 4,108: Total time for which application threads were stopped: 0,0000728 seconds, Stopping threads took: 0,0000147 seconds
2017-05-23T17:56:33.862+0200: 4,108: Total time for which application threads were stopped: 0,0001181 seconds, Stopping threads took: 0,0000147 seconds
2017-05-23T17:56:33.862+0200: 4,108: Total time for which application threads were stopped: 0,0000728 seconds, Stopping threads took: 0,0000152 seconds
2017-05-23T17:56:33.863+0200: 4,108: Total time for which application threads were stopped: 0,0000724 seconds, Stopping threads took: 0,0000150 seconds
2017-05-23T17:56:33.863+0200: 4,108: Total time for which application threads were stopped: 0,0000816 seconds, Stopping threads took: 0,0000141 seconds
2017-05-23T17:56:33.863+0200: 4,108: Total time for which application threads were stopped: 0,0000724 seconds, Stopping threads took: 0,0000174 seconds
2017-05-23T17:56:33.863+0200: 4,109: Total time for which application threads were stopped: 0,0000679 seconds, Stopping threads took: 0,0000149 seconds
2017-05-23T17:56:33.863+0200: 4,109: Total time for which application threads were stopped: 0,0001146 seconds, Stopping threads took: 0,0000177 seconds
2017-05-23T17:56:33.863+0200: 4,109: Total time for which application threads were stopped: 0,0000935 seconds, Stopping threads took: 0,0000248 seconds
2017-05-23T17:56:33.864+0200: 4,109: Total time for which application threads were stopped: 0,0001098 seconds, Stopping threads took: 0,0000167 seconds
2017-05-23T17:56:33.864+0200: 4,110: Total time for which application threads were stopped: 0,0001175 seconds, Stopping threads took: 0,0000186 seconds
2017-05-23T17:56:33.864+0200: 4,110: Total time for which application threads were stopped: 0,0000693 seconds, Stopping threads took: 0,0000143 seconds
2017-05-23T17:56:33.864+0200: 4,110: Total time for which application threads were stopped: 0,0001636 seconds, Stopping threads took: 0,0000134 seconds
2017-05-23T17:56:33.883+0200: 4,129: Total time for which application threads were stopped: 0,0001482 seconds, Stopping threads took: 0,0000320 seconds
2017-05-23T17:56:33.893+0200: 4,139: Total time for which application threads were stopped: 0,0001584 seconds, Stopping threads took: 0,0000379 seconds
2017-05-23T17:56:33.894+0200: 4,139: Total time for which application threads were stopped: 0,0000876 seconds, Stopping threads took: 0,0000198 seconds
2017-05-23T17:56:33.894+0200: 4,140: Total time for which application threads were stopped: 0,0001357 seconds, Stopping threads took: 0,0000241 seconds
2017-05-23T17:56:33.895+0200: 4,141: Total time for which application threads were stopped: 0,0001225 seconds, Stopping threads took: 0,0000265 seconds
2017-05-23T17:56:33.895+0200: 4,141: Total time for which application threads were stopped: 0,0000749 seconds, Stopping threads took: 0,0000161 seconds
2017-05-23T17:56:33.902+0200: 4,148: Total time for which application threads were stopped: 0,0001933 seconds, Stopping threads took: 0,0000337 seconds
2017-05-23T17:56:33.902+0200: 4,148: Total time for which application threads were stopped: 0,0001062 seconds, Stopping threads took: 0,0000194 seconds
2017-05-23T17:56:33.940+0200: 4,186: Total time for which application threads were stopped: 0,0094359 seconds, Stopping threads took: 0,0092810 seconds
2017-05-23T17:56:33.940+0200: 4,186: Total time for which application threads were stopped: 0,0000810 seconds, Stopping threads took: 0,0000098 seconds
2017-05-23T17:56:33.940+0200: 4,186: Total time for which application threads were stopped: 0,0000815 seconds, Stopping threads took: 0,0000075 seconds
2017-05-23T17:56:33.941+0200: 4,186: Total time for which application threads were stopped: 0,0000785 seconds, Stopping threads took: 0,0000118 seconds
2017-05-23T17:56:33.953+0200: 4,199: Total time for which application threads were stopped: 0,0001429 seconds, Stopping threads took: 0,0000446 seconds
2017-05-23T17:56:33.956+0200: 4,202: Total time for which application threads were stopped: 0,0001245 seconds, Stopping threads took: 0,0000247 seconds
2017-05-23T17:56:33.968+0200: 4,214: Total time for which application threads were stopped: 0,0005340 seconds, Stopping threads took: 0,0004199 seconds
2017-05-23T17:56:34.012+0200: 4,258: Total time for which application threads were stopped: 0,0001413 seconds, Stopping threads took: 0,0000312 seconds
2017-05-23T17:56:34.043+0200: 4,288: Total time for which application threads were stopped: 0,0001395 seconds, Stopping threads took: 0,0000356 seconds
2017-05-23T17:56:34.058+0200: 4,303: Total time for which application threads were stopped: 0,0005372 seconds, Stopping threads took: 0,0004520 seconds
2017-05-23T17:56:34.058+0200: 4,304: Total time for which application threads were stopped: 0,0000835 seconds, Stopping threads took: 0,0000209 seconds
2017-05-23T17:56:34.067+0200: 4,313: Total time for which application threads were stopped: 0,0002267 seconds, Stopping threads took: 0,0001314 seconds
2017-05-23T17:56:34.068+0200: 4,313: Total time for which application threads were stopped: 0,0001096 seconds, Stopping threads took: 0,0000254 seconds
2017-05-23T17:56:34.208+0200: 4,454: Total time for which application threads were stopped: 0,0064804 seconds, Stopping threads took: 0,0060231 seconds
2017-05-23T17:56:34.246+0200: 4,492: Total time for which application threads were stopped: 0,0005167 seconds, Stopping threads took: 0,0000387 seconds
2017-05-23T17:56:34.371+0200: 4,616: Total time for which application threads were stopped: 0,0007755 seconds, Stopping threads took: 0,0000606 seconds
2017-05-23T17:56:34.408+0200: 4,653: Total time for which application threads were stopped: 0,0001680 seconds, Stopping threads took: 0,0000509 seconds
2017-05-23T17:56:34.411+0200: 4,656: Total time for which application threads were stopped: 0,0001214 seconds, Stopping threads took: 0,0000467 seconds
2017-05-23T17:56:34.419+0200: 4,664: Total time for which application threads were stopped: 0,0001421 seconds, Stopping threads took: 0,0000464 seconds
2017-05-23T17:56:34.419+0200: 4,664: Total time for which application threads were stopped: 0,0001043 seconds, Stopping threads took: 0,0000232 seconds
2017-05-23T17:56:34.419+0200: 4,665: Total time for which application threads were stopped: 0,0000810 seconds, Stopping threads took: 0,0000200 seconds
2017-05-23T17:56:34.419+0200: 4,665: Total time for which application threads were stopped: 0,0000745 seconds, Stopping threads took: 0,0000180 seconds
2017-05-23T17:56:34.419+0200: 4,665: Total time for which application threads were stopped: 0,0001674 seconds, Stopping threads took: 0,0000203 seconds
2017-05-23T17:56:34.426+0200: 4,671: Total time for which application threads were stopped: 0,0000894 seconds, Stopping threads took: 0,0000253 seconds
2017-05-23T17:56:34.427+0200: 4,673: Total time for which application threads were stopped: 0,0001144 seconds, Stopping threads took: 0,0000428 seconds
2017-05-23T17:56:34.431+0200: 4,676: Total time for which application threads were stopped: 0,0001180 seconds, Stopping threads took: 0,0000396 seconds
2017-05-23T17:56:34.431+0200: 4,677: Total time for which application threads were stopped: 0,0001048 seconds, Stopping threads took: 0,0000465 seconds
2017-05-23T17:56:34.437+0200: 4,683: Total time for which application threads were stopped: 0,0000954 seconds, Stopping threads took: 0,0000208 seconds
2017-05-23T17:56:34.442+0200: 4,687: Total time for which application threads were stopped: 0,0000973 seconds, Stopping threads took: 0,0000261 seconds
2017-05-23T17:56:34.449+0200: 4,695: Total time for which application threads were stopped: 0,0002893 seconds, Stopping threads took: 0,0002146 seconds
2017-05-23T17:56:34.467+0200: 4,712: Total time for which application threads were stopped: 0,0001322 seconds, Stopping threads took: 0,0000716 seconds
2017-05-23T17:56:34.475+0200: 4,721: Total time for which application threads were stopped: 0,0001523 seconds, Stopping threads took: 0,0000570 seconds
2017-05-23T17:56:34.507+0200: 4,753: Total time for which application threads were stopped: 0,0001616 seconds, Stopping threads took: 0,0000367 seconds
2017-05-23T17:56:34.508+0200: 4,754: Total time for which application threads were stopped: 0,0004631 seconds, Stopping threads took: 0,0000141 seconds
2017-05-23T17:56:34.510+0200: 4,756: Total time for which application threads were stopped: 0,0019889 seconds, Stopping threads took: 0,0018871 seconds
2017-05-23T17:56:34.515+0200: 4,760: Total time for which application threads were stopped: 0,0001770 seconds, Stopping threads took: 0,0000773 seconds
2017-05-23T17:56:35.516+0200: 5,762: Total time for which application threads were stopped: 0,0001118 seconds, Stopping threads took: 0,0000400 seconds
2017-05-23T17:57:52.525+0200: 82,771: Total time for which application threads were stopped: 0,0000621 seconds, Stopping threads took: 0,0000186 seconds
2017-05-23T17:58:27.529+0200: 117,775: Total time for which application threads were stopped: 0,0000760 seconds, Stopping threads took: 0,0000334 seconds
2017-05-23T17:58:32.530+0200: 122,775: Total time for which application threads were stopped: 0,0000687 seconds, Stopping threads took: 0,0000192 seconds
{Heap before GC invocations=9 (full 1):
 par new generation   total 109248K, used 94562K [0x00000000e0000000, 0x00000000e8000000, 0x00000000e8000000)
  eden space 87424K, 100% used [0x00000000e0000000, 0x00000000e5560000, 0x00000000e5560000)
  from space 21824K,  32% used [0x00000000e6ab0000, 0x00000000e71a8ab0, 0x00000000e8000000)
  to   space 21824K,   0% used [0x00000000e5560000, 0x00000000e5560000, 0x00000000e6ab0000)
 concurrent mark-sweep generation total 393216K, used 6062K [0x00000000e8000000, 0x0000000100000000, 0x0000000100000000)
 Metaspace       used 28021K, capacity 28546K, committed 28796K, reserved 1075200K
  class space    used 3209K, capacity 3384K, committed 3452K, reserved 1048576K
2017-05-23T17:59:20.685+0200: 170,931: [GC (Allocation Failure) 2017-05-23T17:59:20.685+0200: 170,931: [ParNew
Desired survivor size 20112992 bytes, new threshold 8 (max 8)
- age   1:   11042080 bytes,   11042080 total
- age   2:     259248 bytes,   11301328 total
- age   3:     194784 bytes,   11496112 total
- age   4:    1726888 bytes,   13223000 total
- age   5:      73536 bytes,   13296536 total
- age   6:       1688 bytes,   13298224 total
- age   7:     101848 bytes,   13400072 total
- age   8:     179768 bytes,   13579840 total
: 94562K->14782K(109248K), 0,0182638 secs] 100625K->21671K(502464K), 0,0183586 secs] [Times: user=0,05 sys=0,00, real=0,02 secs] 
Heap after GC invocations=10 (full 1):
 par new generation   total 109248K, used 14782K [0x00000000e0000000, 0x00000000e8000000, 0x00000000e8000000)
  eden space 87424K,   0% used [0x00000000e0000000, 0x00000000e0000000, 0x00000000e5560000)
  from space 21824K,  67% used [0x00000000e5560000, 0x00000000e63cfa50, 0x00000000e6ab0000)
  to   space 21824K,   0% used [0x00000000e6ab0000, 0x00000000e6ab0000, 0x00000000e8000000)
 concurrent mark-sweep generation total 393216K, used 6888K [0x00000000e8000000, 0x0000000100000000, 0x0000000100000000)
 Metaspace       used 28021K, capacity 28546K, committed 28796K, reserved 1075200K
  class space    used 3209K, capacity 3384K, committed 3452K, reserved 1048576K
}
2017-05-23T17:59:20.703+0200: 170,949: Total time for which application threads were stopped: 0,0185235 seconds, Stopping threads took: 0,0000349 seconds
2017-05-23T17:59:20.705+0200: 170,950: Total time for which application threads were stopped: 0,0003939 seconds, Stopping threads took: 0,0001377 seconds
2017-05-23T17:59:20.708+0200: 170,954: Total time for which application threads were stopped: 0,0000847 seconds, Stopping threads took: 0,0000250 seconds
2017-05-23T17:59:30.710+0200: 180,955: Total time for which application threads were stopped: 0,0000612 seconds, Stopping threads took: 0,0000158 seconds
2017-05-23T18:01:00.720+0200: 270,966: Total time for which application threads were stopped: 0,0001756 seconds, Stopping threads took: 0,0001060 seconds
2017-05-23T18:01:06.721+0200: 276,966: Total time for which application threads were stopped: 0,0000872 seconds, Stopping threads took: 0,0000377 seconds
2017-05-23T18:01:16.722+0200: 286,968: Total time for which application threads were stopped: 0,0002400 seconds, Stopping threads took: 0,0000773 seconds
2017-05-23T18:07:01.761+0200: 632,007: Total time for which application threads were stopped: 0,0001235 seconds, Stopping threads took: 0,0000454 seconds
2017-05-23T18:19:55.847+0200: 1406,093: Total time for which application threads were stopped: 0,0000909 seconds, Stopping threads took: 0,0000308 seconds
2017-05-23T18:25:30.882+0200: 1741,128: Total time for which application threads were stopped: 0,0000857 seconds, Stopping threads took: 0,0000300 seconds
2017-05-23T18:34:51.949+0200: 2302,194: Total time for which application threads were stopped: 0,0000826 seconds, Stopping threads took: 0,0000348 seconds
2017-05-23T18:34:55.950+0200: 2306,195: Total time for which application threads were stopped: 0,0000599 seconds, Stopping threads took: 0,0000152 seconds
2017-05-23T18:53:12.073+0200: 3402,318: Total time for which application threads were stopped: 0,0005039 seconds, Stopping threads took: 0,0001835 seconds
2017-05-23T19:00:56.122+0200: 3866,367: Total time for which application threads were stopped: 0,0000762 seconds, Stopping threads took: 0,0000314 seconds
2017-05-23T19:01:01.122+0200: 3871,368: Total time for which application threads were stopped: 0,0000744 seconds, Stopping threads took: 0,0000281 seconds
2017-05-23T19:20:07.250+0200: 5017,496: Total time for which application threads were stopped: 0,0001010 seconds, Stopping threads took: 0,0000389 seconds
2017-05-23T19:20:22.252+0200: 5032,498: Total time for which application threads were stopped: 0,0000579 seconds, Stopping threads took: 0,0000144 seconds
2017-05-23T19:35:32.397+0200: 5942,643: Total time for which application threads were stopped: 0,0343549 seconds, Stopping threads took: 0,0342539 seconds
2017-05-23T19:35:32.406+0200: 5942,652: Total time for which application threads were stopped: 0,0037085 seconds, Stopping threads took: 0,0036427 seconds
2017-05-23T19:35:32.407+0200: 5942,652: Total time for which application threads were stopped: 0,0000558 seconds, Stopping threads took: 0,0000197 seconds
2017-05-23T19:35:32.408+0200: 5942,654: Total time for which application threads were stopped: 0,0000885 seconds, Stopping threads took: 0,0000290 seconds
2017-05-23T19:35:32.409+0200: 5942,654: Total time for which application threads were stopped: 0,0000522 seconds, Stopping threads took: 0,0000154 seconds
2017-05-23T19:35:32.414+0200: 5942,660: Total time for which application threads were stopped: 0,0037924 seconds, Stopping threads took: 0,0037193 seconds
2017-05-23T19:35:32.418+0200: 5942,664: Total time for which application threads were stopped: 0,0038336 seconds, Stopping threads took: 0,0037487 seconds
2017-05-23T19:35:32.423+0200: 5942,669: Total time for which application threads were stopped: 0,0039566 seconds, Stopping threads took: 0,0038324 seconds
2017-05-23T19:35:32.425+0200: 5942,670: Total time for which application threads were stopped: 0,0001002 seconds, Stopping threads took: 0,0000264 seconds
2017-05-23T19:35:32.425+0200: 5942,670: Total time for which application threads were stopped: 0,0000613 seconds, Stopping threads took: 0,0000178 seconds
2017-05-23T19:35:32.425+0200: 5942,671: Total time for which application threads were stopped: 0,0000486 seconds, Stopping threads took: 0,0000134 seconds
2017-05-23T19:35:32.425+0200: 5942,671: Total time for which application threads were stopped: 0,0000454 seconds, Stopping threads took: 0,0000135 seconds
2017-05-23T19:35:32.425+0200: 5942,671: Total time for which application threads were stopped: 0,0000434 seconds, Stopping threads took: 0,0000125 seconds
2017-05-23T19:35:32.425+0200: 5942,671: Total time for which application threads were stopped: 0,0000476 seconds, Stopping threads took: 0,0000137 seconds
2017-05-23T19:35:32.426+0200: 5942,672: Total time for which application threads were stopped: 0,0000936 seconds, Stopping threads took: 0,0000222 seconds
2017-05-23T19:35:32.426+0200: 5942,672: Total time for which application threads were stopped: 0,0000458 seconds, Stopping threads took: 0,0000105 seconds
2017-05-23T19:35:32.427+0200: 5942,672: Total time for which application threads were stopped: 0,0000575 seconds, Stopping threads took: 0,0000179 seconds
2017-05-23T19:35:32.427+0200: 5942,672: Total time for which application threads were stopped: 0,0000613 seconds, Stopping threads took: 0,0000245 seconds
2017-05-23T19:35:32.427+0200: 5942,672: Total time for which application threads were stopped: 0,0000485 seconds, Stopping threads took: 0,0000160 seconds
2017-05-23T19:35:32.427+0200: 5942,673: Total time for which application threads were stopped: 0,0000498 seconds, Stopping threads took: 0,0000152 seconds
2017-05-23T19:35:32.427+0200: 5942,673: Total time for which application threads were stopped: 0,0000382 seconds, Stopping threads took: 0,0000057 seconds
2017-05-23T19:35:32.430+0200: 5942,676: Total time for which application threads were stopped: 0,0032754 seconds, Stopping threads took: 0,0031927 seconds
2017-05-23T19:35:32.430+0200: 5942,676: Total time for which application threads were stopped: 0,0000673 seconds, Stopping threads took: 0,0000225 seconds
2017-05-23T19:35:32.433+0200: 5942,679: Total time for which application threads were stopped: 0,0012690 seconds, Stopping threads took: 0,0011738 seconds
2017-05-23T19:35:32.435+0200: 5942,681: Total time for which application threads were stopped: 0,0000848 seconds, Stopping threads took: 0,0000135 seconds
2017-05-23T19:35:32.435+0200: 5942,681: Total time for which application threads were stopped: 0,0000370 seconds, Stopping threads took: 0,0000049 seconds
2017-05-23T19:35:32.441+0200: 5942,687: Total time for which application threads were stopped: 0,0001310 seconds, Stopping threads took: 0,0000576 seconds
2017-05-23T19:35:32.450+0200: 5942,696: Total time for which application threads were stopped: 0,0005548 seconds, Stopping threads took: 0,0000266 seconds
2017-05-23T19:35:32.451+0200: 5942,696: Total time for which application threads were stopped: 0,0000703 seconds, Stopping threads took: 0,0000250 seconds
2017-05-23T19:35:32.451+0200: 5942,696: Total time for which application threads were stopped: 0,0000428 seconds, Stopping threads took: 0,0000124 seconds
2017-05-23T19:35:32.451+0200: 5942,697: Total time for which application threads were stopped: 0,0000408 seconds, Stopping threads took: 0,0000114 seconds
2017-05-23T19:35:32.451+0200: 5942,697: Total time for which application threads were stopped: 0,0000405 seconds, Stopping threads took: 0,0000119 seconds
2017-05-23T19:35:32.451+0200: 5942,697: Total time for which application threads were stopped: 0,0000436 seconds, Stopping threads took: 0,0000120 seconds
2017-05-23T19:35:32.451+0200: 5942,697: Total time for which application threads were stopped: 0,0000414 seconds, Stopping threads took: 0,0000118 seconds
2017-05-23T19:35:32.451+0200: 5942,697: Total time for which application threads were stopped: 0,0000431 seconds, Stopping threads took: 0,0000124 seconds
2017-05-23T19:35:32.451+0200: 5942,697: Total time for which application threads were stopped: 0,0000428 seconds, Stopping threads took: 0,0000117 seconds
2017-05-23T19:35:32.452+0200: 5942,697: Total time for which application threads were stopped: 0,0001007 seconds, Stopping threads took: 0,0000401 seconds
2017-05-23T19:35:32.453+0200: 5942,699: Total time for which application threads were stopped: 0,0000638 seconds, Stopping threads took: 0,0000104 seconds
2017-05-23T19:35:32.453+0200: 5942,699: Total time for which application threads were stopped: 0,0000478 seconds, Stopping threads took: 0,0000126 seconds
2017-05-23T19:35:32.453+0200: 5942,699: Total time for which application threads were stopped: 0,0000437 seconds, Stopping threads took: 0,0000133 seconds
2017-05-23T19:35:32.453+0200: 5942,699: Total time for which application threads were stopped: 0,0000413 seconds, Stopping threads took: 0,0000112 seconds
2017-05-23T19:35:32.454+0200: 5942,700: Total time for which application threads were stopped: 0,0000998 seconds, Stopping threads took: 0,0000183 seconds
2017-05-23T19:35:32.457+0200: 5942,703: Total time for which application threads were stopped: 0,0000744 seconds, Stopping threads took: 0,0000234 seconds
2017-05-23T19:35:32.460+0200: 5942,706: Total time for which application threads were stopped: 0,0000861 seconds, Stopping threads took: 0,0000204 seconds
2017-05-23T19:35:32.461+0200: 5942,707: Total time for which application threads were stopped: 0,0001044 seconds, Stopping threads took: 0,0000534 seconds
2017-05-23T19:35:32.461+0200: 5942,707: Total time for which application threads were stopped: 0,0000615 seconds, Stopping threads took: 0,0000264 seconds
2017-05-23T19:35:32.462+0200: 5942,707: Total time for which application threads were stopped: 0,0000555 seconds, Stopping threads took: 0,0000200 seconds
2017-05-23T19:35:32.462+0200: 5942,707: Total time for which application threads were stopped: 0,0000448 seconds, Stopping threads took: 0,0000176 seconds
2017-05-23T19:35:32.462+0200: 5942,708: Total time for which application threads were stopped: 0,0000456 seconds, Stopping threads took: 0,0000221 seconds
2017-05-23T19:35:32.462+0200: 5942,708: Total time for which application threads were stopped: 0,0000368 seconds, Stopping threads took: 0,0000170 seconds
2017-05-23T19:35:32.462+0200: 5942,708: Total time for which application threads were stopped: 0,0000346 seconds, Stopping threads took: 0,0000129 seconds
2017-05-23T19:35:32.462+0200: 5942,708: Total time for which application threads were stopped: 0,0002622 seconds, Stopping threads took: 0,0002407 seconds
2017-05-23T19:35:32.464+0200: 5942,709: Total time for which application threads were stopped: 0,0013750 seconds, Stopping threads took: 0,0013439 seconds
2017-05-23T19:35:32.464+0200: 5942,710: Total time for which application threads were stopped: 0,0000284 seconds, Stopping threads took: 0,0000091 seconds
2017-05-23T19:35:32.465+0200: 5942,711: Total time for which application threads were stopped: 0,0001182 seconds, Stopping threads took: 0,0000496 seconds
2017-05-23T19:35:32.465+0200: 5942,711: Total time for which application threads were stopped: 0,0000439 seconds, Stopping threads took: 0,0000203 seconds
2017-05-23T19:35:32.465+0200: 5942,711: Total time for which application threads were stopped: 0,0000420 seconds, Stopping threads took: 0,0000208 seconds
2017-05-23T19:35:32.466+0200: 5942,711: Total time for which application threads were stopped: 0,0002508 seconds, Stopping threads took: 0,0001840 seconds
2017-05-23T19:35:32.466+0200: 5942,712: Total time for which application threads were stopped: 0,0000578 seconds, Stopping threads took: 0,0000249 seconds
2017-05-23T19:35:32.466+0200: 5942,712: Total time for which application threads were stopped: 0,0000427 seconds, Stopping threads took: 0,0000180 seconds
2017-05-23T19:35:32.466+0200: 5942,712: Total time for which application threads were stopped: 0,0000513 seconds, Stopping threads took: 0,0000191 seconds
2017-05-23T19:35:32.467+0200: 5942,712: Total time for which application threads were stopped: 0,0003210 seconds, Stopping threads took: 0,0002992 seconds
2017-05-23T19:35:32.467+0200: 5942,713: Total time for which application threads were stopped: 0,0001222 seconds, Stopping threads took: 0,0000155 seconds
2017-05-23T19:35:32.468+0200: 5942,713: Total time for which application threads were stopped: 0,0000719 seconds, Stopping threads took: 0,0000322 seconds
2017-05-23T19:35:32.468+0200: 5942,714: Total time for which application threads were stopped: 0,0000498 seconds, Stopping threads took: 0,0000171 seconds
2017-05-23T19:35:32.468+0200: 5942,714: Total time for which application threads were stopped: 0,0000521 seconds, Stopping threads took: 0,0000205 seconds
2017-05-23T19:35:32.469+0200: 5942,714: Total time for which application threads were stopped: 0,0000401 seconds, Stopping threads took: 0,0000154 seconds
2017-05-23T19:35:32.470+0200: 5942,715: Total time for which application threads were stopped: 0,0004068 seconds, Stopping threads took: 0,0003283 seconds
2017-05-23T19:35:32.472+0200: 5942,717: Total time for which application threads were stopped: 0,0000746 seconds, Stopping threads took: 0,0000148 seconds
Heap
 par new generation   total 109248K, used 37725K [0x00000000e0000000, 0x00000000e8000000, 0x00000000e8000000)
  eden space 87424K,  26% used [0x00000000e0000000, 0x00000000e1667ca0, 0x00000000e5560000)
  from space 21824K,  67% used [0x00000000e5560000, 0x00000000e63cfa50, 0x00000000e6ab0000)
  to   space 21824K,   0% used [0x00000000e6ab0000, 0x00000000e6ab0000, 0x00000000e8000000)
 concurrent mark-sweep generation total 393216K, used 6888K [0x00000000e8000000, 0x0000000100000000, 0x0000000100000000)
 Metaspace       used 28144K, capacity 28714K, committed 28796K, reserved 1075200K
  class space    used 3223K, capacity 3418K, committed 3452K, reserved 1048576K
