OpenJDK 64-Bit Server VM (25.121-b13) for linux-amd64 JRE (1.8.0_121-8u121-b13-0ubuntu1.16.04.2-b13), built on Jan 23 2017 15:51:29 by "buildd" with gcc 5.4.0 20160609
Memory: 4k page, physical 7867764k(7500460k free), swap 8076284k(8076284k free)
CommandLine flags: -XX:CMSInitiatingOccupancyFraction=50 -XX:CMSMaxAbortablePrecleanTime=6000 -XX:+CMSParallelRemarkEnabled -XX:+CMSScavengeBeforeRemark -XX:ConcGCThreads=4 -XX:InitialHeapSize=536870912 -XX:MaxHeapSize=536870912 -XX:MaxTenuringThreshold=8 -XX:NewRatio=3 -XX:OldPLABSize=16 -XX:OnOutOfMemoryError=/opt/solr/bin/oom_solr.sh 8983 /var/solr/logs -XX:ParallelGCThreads=4 -XX:+ParallelRefProcEnabled -XX:PretenureSizeThreshold=67108864 -XX:+PrintGC -XX:+PrintGCApplicationStoppedTime -XX:+PrintGCDateStamps -XX:+PrintGCDetails -XX:+PrintGCTimeStamps -XX:+PrintHeapAtGC -XX:+PrintTenuringDistribution -XX:SurvivorRatio=4 -XX:TargetSurvivorRatio=90 -XX:ThreadStackSize=256 -XX:+UseCMSInitiatingOccupancyOnly -XX:+UseCompressedClassPointers -XX:+UseCompressedOops -XX:+UseConcMarkSweepGC -XX:+UseParNewGC 
2017-04-03T00:57:08.779+0200: 0,128: Total time for which application threads were stopped: 0,0000767 seconds, Stopping threads took: 0,0000251 seconds
2017-04-03T00:57:08.859+0200: 0,208: Total time for which application threads were stopped: 0,0001268 seconds, Stopping threads took: 0,0000275 seconds
2017-04-03T00:57:08.871+0200: 0,220: Total time for which application threads were stopped: 0,0000821 seconds, Stopping threads took: 0,0000089 seconds
2017-04-03T00:57:09.126+0200: 0,475: Total time for which application threads were stopped: 0,0001106 seconds, Stopping threads took: 0,0000120 seconds
2017-04-03T00:57:09.592+0200: 0,941: Total time for which application threads were stopped: 0,0001520 seconds, Stopping threads took: 0,0000239 seconds
2017-04-03T00:57:09.784+0200: 1,133: Total time for which application threads were stopped: 0,0001870 seconds, Stopping threads took: 0,0000268 seconds
2017-04-03T00:57:09.811+0200: 1,160: Total time for which application threads were stopped: 0,0002316 seconds, Stopping threads took: 0,0000444 seconds
2017-04-03T00:57:10.151+0200: 1,500: Total time for which application threads were stopped: 0,0001512 seconds, Stopping threads took: 0,0000125 seconds
2017-04-03T00:57:10.381+0200: 1,731: Total time for which application threads were stopped: 0,0002405 seconds, Stopping threads took: 0,0000199 seconds
2017-04-03T00:57:10.405+0200: 1,755: Total time for which application threads were stopped: 0,0002139 seconds, Stopping threads took: 0,0000236 seconds
2017-04-03T00:57:10.442+0200: 1,791: Total time for which application threads were stopped: 0,0002109 seconds, Stopping threads took: 0,0000220 seconds
2017-04-03T00:57:10.443+0200: 1,792: Total time for which application threads were stopped: 0,0001895 seconds, Stopping threads took: 0,0000189 seconds
2017-04-03T00:57:10.461+0200: 1,811: Total time for which application threads were stopped: 0,0002502 seconds, Stopping threads took: 0,0000234 seconds
2017-04-03T00:57:10.536+0200: 1,885: Total time for which application threads were stopped: 0,0003849 seconds, Stopping threads took: 0,0001635 seconds
2017-04-03T00:57:10.686+0200: 2,035: Total time for which application threads were stopped: 0,0003263 seconds, Stopping threads took: 0,0001029 seconds
{Heap before GC invocations=0 (full 0):
 par new generation   total 109248K, used 87424K [0x00000000e0000000, 0x00000000e8000000, 0x00000000e8000000)
  eden space 87424K, 100% used [0x00000000e0000000, 0x00000000e5560000, 0x00000000e5560000)
  from space 21824K,   0% used [0x00000000e5560000, 0x00000000e5560000, 0x00000000e6ab0000)
  to   space 21824K,   0% used [0x00000000e6ab0000, 0x00000000e6ab0000, 0x00000000e8000000)
 concurrent mark-sweep generation total 393216K, used 0K [0x00000000e8000000, 0x0000000100000000, 0x0000000100000000)
 Metaspace       used 17971K, capacity 18336K, committed 18688K, reserved 1064960K
  class space    used 2036K, capacity 2196K, committed 2304K, reserved 1048576K
2017-04-03T00:57:10.775+0200: 2,124: [GC (Allocation Failure) 2017-04-03T00:57:10.775+0200: 2,124: [ParNew
Desired survivor size 20112992 bytes, new threshold 8 (max 8)
- age   1:   12209152 bytes,   12209152 total
: 87424K->12025K(109248K), 0,0158008 secs] 87424K->12025K(502464K), 0,0158823 secs] [Times: user=0,03 sys=0,03, real=0,02 secs] 
Heap after GC invocations=1 (full 0):
 par new generation   total 109248K, used 12025K [0x00000000e0000000, 0x00000000e8000000, 0x00000000e8000000)
  eden space 87424K,   0% used [0x00000000e0000000, 0x00000000e0000000, 0x00000000e5560000)
  from space 21824K,  55% used [0x00000000e6ab0000, 0x00000000e766e750, 0x00000000e8000000)
  to   space 21824K,   0% used [0x00000000e5560000, 0x00000000e5560000, 0x00000000e6ab0000)
 concurrent mark-sweep generation total 393216K, used 0K [0x00000000e8000000, 0x0000000100000000, 0x0000000100000000)
 Metaspace       used 17971K, capacity 18336K, committed 18688K, reserved 1064960K
  class space    used 2036K, capacity 2196K, committed 2304K, reserved 1048576K
}
2017-04-03T00:57:10.791+0200: 2,140: Total time for which application threads were stopped: 0,0161229 seconds, Stopping threads took: 0,0000660 seconds
2017-04-03T00:57:11.092+0200: 2,442: Total time for which application threads were stopped: 0,0003663 seconds, Stopping threads took: 0,0000461 seconds
{Heap before GC invocations=1 (full 0):
 par new generation   total 109248K, used 99449K [0x00000000e0000000, 0x00000000e8000000, 0x00000000e8000000)
  eden space 87424K, 100% used [0x00000000e0000000, 0x00000000e5560000, 0x00000000e5560000)
  from space 21824K,  55% used [0x00000000e6ab0000, 0x00000000e766e750, 0x00000000e8000000)
  to   space 21824K,   0% used [0x00000000e5560000, 0x00000000e5560000, 0x00000000e6ab0000)
 concurrent mark-sweep generation total 393216K, used 0K [0x00000000e8000000, 0x0000000100000000, 0x0000000100000000)
 Metaspace       used 19998K, capacity 20364K, committed 20736K, reserved 1067008K
  class space    used 2295K, capacity 2470K, committed 2560K, reserved 1048576K
2017-04-03T00:57:11.130+0200: 2,479: [GC (Allocation Failure) 2017-04-03T00:57:11.130+0200: 2,479: [ParNew
Desired survivor size 20112992 bytes, new threshold 8 (max 8)
- age   1:    3777632 bytes,    3777632 total
- age   2:    6584248 bytes,   10361880 total
: 99449K->13571K(109248K), 0,0131475 secs] 99449K->13571K(502464K), 0,0132230 secs] [Times: user=0,04 sys=0,01, real=0,02 secs] 
Heap after GC invocations=2 (full 0):
 par new generation   total 109248K, used 13571K [0x00000000e0000000, 0x00000000e8000000, 0x00000000e8000000)
  eden space 87424K,   0% used [0x00000000e0000000, 0x00000000e0000000, 0x00000000e5560000)
  from space 21824K,  62% used [0x00000000e5560000, 0x00000000e62a0cc8, 0x00000000e6ab0000)
  to   space 21824K,   0% used [0x00000000e6ab0000, 0x00000000e6ab0000, 0x00000000e8000000)
 concurrent mark-sweep generation total 393216K, used 0K [0x00000000e8000000, 0x0000000100000000, 0x0000000100000000)
 Metaspace       used 19998K, capacity 20364K, committed 20736K, reserved 1067008K
  class space    used 2295K, capacity 2470K, committed 2560K, reserved 1048576K
}
2017-04-03T00:57:11.143+0200: 2,493: Total time for which application threads were stopped: 0,0134644 seconds, Stopping threads took: 0,0000805 seconds
2017-04-03T00:57:11.151+0200: 2,500: Total time for which application threads were stopped: 0,0015109 seconds, Stopping threads took: 0,0012549 seconds
2017-04-03T00:57:11.184+0200: 2,533: Total time for which application threads were stopped: 0,0003337 seconds, Stopping threads took: 0,0000464 seconds
2017-04-03T00:57:11.337+0200: 2,686: Total time for which application threads were stopped: 0,0002794 seconds, Stopping threads took: 0,0001130 seconds
{Heap before GC invocations=2 (full 0):
 par new generation   total 109248K, used 100995K [0x00000000e0000000, 0x00000000e8000000, 0x00000000e8000000)
  eden space 87424K, 100% used [0x00000000e0000000, 0x00000000e5560000, 0x00000000e5560000)
  from space 21824K,  62% used [0x00000000e5560000, 0x00000000e62a0cc8, 0x00000000e6ab0000)
  to   space 21824K,   0% used [0x00000000e6ab0000, 0x00000000e6ab0000, 0x00000000e8000000)
 concurrent mark-sweep generation total 393216K, used 0K [0x00000000e8000000, 0x0000000100000000, 0x0000000100000000)
 Metaspace       used 20926K, capacity 21295K, committed 21552K, reserved 1069056K
  class space    used 2418K, capacity 2591K, committed 2608K, reserved 1048576K
2017-04-03T00:57:11.341+0200: 2,691: [GC (Allocation Failure) 2017-04-03T00:57:11.342+0200: 2,691: [ParNew
Desired survivor size 20112992 bytes, new threshold 8 (max 8)
- age   1:    2132688 bytes,    2132688 total
- age   2:     925976 bytes,    3058664 total
- age   3:    6580544 bytes,    9639208 total
: 100995K->12899K(109248K), 0,0109483 secs] 100995K->12899K(502464K), 0,0110495 secs] [Times: user=0,04 sys=0,00, real=0,01 secs] 
Heap after GC invocations=3 (full 0):
 par new generation   total 109248K, used 12899K [0x00000000e0000000, 0x00000000e8000000, 0x00000000e8000000)
  eden space 87424K,   0% used [0x00000000e0000000, 0x00000000e0000000, 0x00000000e5560000)
  from space 21824K,  59% used [0x00000000e6ab0000, 0x00000000e7748f40, 0x00000000e8000000)
  to   space 21824K,   0% used [0x00000000e5560000, 0x00000000e5560000, 0x00000000e6ab0000)
 concurrent mark-sweep generation total 393216K, used 0K [0x00000000e8000000, 0x0000000100000000, 0x0000000100000000)
 Metaspace       used 20926K, capacity 21295K, committed 21552K, reserved 1069056K
  class space    used 2418K, capacity 2591K, committed 2608K, reserved 1048576K
}
2017-04-03T00:57:11.353+0200: 2,702: Total time for which application threads were stopped: 0,0112723 seconds, Stopping threads took: 0,0000582 seconds
2017-04-03T00:57:11.353+0200: 2,702: [GC (CMS Initial Mark) [1 CMS-initial-mark: 0K(393216K)] 12915K(502464K), 0,0028470 secs] [Times: user=0,01 sys=0,00, real=0,00 secs] 
2017-04-03T00:57:11.356+0200: 2,705: Total time for which application threads were stopped: 0,0029815 seconds, Stopping threads took: 0,0000376 seconds
2017-04-03T00:57:11.356+0200: 2,705: [CMS-concurrent-mark-start]
2017-04-03T00:57:11.356+0200: 2,705: [CMS-concurrent-mark: 0,001/0,001 secs] [Times: user=0,00 sys=0,00, real=0,00 secs] 
2017-04-03T00:57:11.356+0200: 2,705: [CMS-concurrent-preclean-start]
2017-04-03T00:57:11.357+0200: 2,706: [CMS-concurrent-preclean: 0,001/0,001 secs] [Times: user=0,00 sys=0,00, real=0,00 secs] 
2017-04-03T00:57:11.357+0200: 2,707: [GC (CMS Final Remark) [YG occupancy: 14333 K (109248 K)]{Heap before GC invocations=3 (full 1):
 par new generation   total 109248K, used 14333K [0x00000000e0000000, 0x00000000e8000000, 0x00000000e8000000)
  eden space 87424K,   1% used [0x00000000e0000000, 0x00000000e0166560, 0x00000000e5560000)
  from space 21824K,  59% used [0x00000000e6ab0000, 0x00000000e7748f40, 0x00000000e8000000)
  to   space 21824K,   0% used [0x00000000e5560000, 0x00000000e5560000, 0x00000000e6ab0000)
 concurrent mark-sweep generation total 393216K, used 0K [0x00000000e8000000, 0x0000000100000000, 0x0000000100000000)
 Metaspace       used 20930K, capacity 21295K, committed 21552K, reserved 1069056K
  class space    used 2420K, capacity 2591K, committed 2608K, reserved 1048576K
2017-04-03T00:57:11.357+0200: 2,707: [GC (CMS Final Remark) 2017-04-03T00:57:11.357+0200: 2,707: [ParNew
Desired survivor size 20112992 bytes, new threshold 8 (max 8)
- age   1:      64248 bytes,      64248 total
- age   2:    1983736 bytes,    2047984 total
- age   3:     924008 bytes,    2971992 total
- age   4:    6580352 bytes,    9552344 total
: 14333K->11167K(109248K), 0,0088192 secs] 14333K->11167K(502464K), 0,0088655 secs] [Times: user=0,03 sys=0,00, real=0,01 secs] 
Heap after GC invocations=4 (full 1):
 par new generation   total 109248K, used 11167K [0x00000000e0000000, 0x00000000e8000000, 0x00000000e8000000)
  eden space 87424K,   0% used [0x00000000e0000000, 0x00000000e0000000, 0x00000000e5560000)
  from space 21824K,  51% used [0x00000000e5560000, 0x00000000e6047cb0, 0x00000000e6ab0000)
  to   space 21824K,   0% used [0x00000000e6ab0000, 0x00000000e6ab0000, 0x00000000e8000000)
 concurrent mark-sweep generation total 393216K, used 0K [0x00000000e8000000, 0x0000000100000000, 0x0000000100000000)
 Metaspace       used 20930K, capacity 21295K, committed 21552K, reserved 1069056K
  class space    used 2420K, capacity 2591K, committed 2608K, reserved 1048576K
}
2017-04-03T00:57:11.366+0200: 2,715: [Rescan (parallel) , 0,0032881 secs]2017-04-03T00:57:11.370+0200: 2,719: [weak refs processing, 0,0005187 secs]2017-04-03T00:57:11.370+0200: 2,719: [class unloading, 0,0027717 secs]2017-04-03T00:57:11.373+0200: 2,722: [scrub symbol table, 0,0030013 secs]2017-04-03T00:57:11.376+0200: 2,725: [scrub string table, 0,0003993 secs][1 CMS-remark: 0K(393216K)] 11167K(502464K), 0,0194416 secs] [Times: user=0,05 sys=0,00, real=0,02 secs] 
2017-04-03T00:57:11.377+0200: 2,726: Total time for which application threads were stopped: 0,0195691 seconds, Stopping threads took: 0,0000518 seconds
2017-04-03T00:57:11.382+0200: 2,731: [CMS-concurrent-sweep-start]
2017-04-03T00:57:11.382+0200: 2,731: [CMS-concurrent-sweep: 0,000/0,000 secs] [Times: user=0,00 sys=0,00, real=0,00 secs] 
2017-04-03T00:57:11.382+0200: 2,731: [CMS-concurrent-reset-start]
2017-04-03T00:57:11.385+0200: 2,734: [CMS-concurrent-reset: 0,003/0,003 secs] [Times: user=0,02 sys=0,00, real=0,00 secs] 
{Heap before GC invocations=4 (full 1):
 par new generation   total 109248K, used 98591K [0x00000000e0000000, 0x00000000e8000000, 0x00000000e8000000)
  eden space 87424K, 100% used [0x00000000e0000000, 0x00000000e5560000, 0x00000000e5560000)
  from space 21824K,  51% used [0x00000000e5560000, 0x00000000e6047cb0, 0x00000000e6ab0000)
  to   space 21824K,   0% used [0x00000000e6ab0000, 0x00000000e6ab0000, 0x00000000e8000000)
 concurrent mark-sweep generation total 393216K, used 0K [0x00000000e8000000, 0x0000000100000000, 0x0000000100000000)
 Metaspace       used 21183K, capacity 21571K, committed 21808K, reserved 1069056K
  class space    used 2448K, capacity 2606K, committed 2608K, reserved 1048576K
2017-04-03T00:57:11.498+0200: 2,848: [GC (Allocation Failure) 2017-04-03T00:57:11.498+0200: 2,848: [ParNew
Desired survivor size 20112992 bytes, new threshold 8 (max 8)
- age   1:     872912 bytes,     872912 total
- age   2:       5096 bytes,     878008 total
- age   3:    1464168 bytes,    2342176 total
- age   4:     904280 bytes,    3246456 total
- age   5:    6580456 bytes,    9826912 total
: 98591K->16474K(109248K), 0,0092683 secs] 98591K->16474K(502464K), 0,0093294 secs] [Times: user=0,03 sys=0,00, real=0,00 secs] 
Heap after GC invocations=5 (full 1):
 par new generation   total 109248K, used 16474K [0x00000000e0000000, 0x00000000e8000000, 0x00000000e8000000)
  eden space 87424K,   0% used [0x00000000e0000000, 0x00000000e0000000, 0x00000000e5560000)
  from space 21824K,  75% used [0x00000000e6ab0000, 0x00000000e7ac6900, 0x00000000e8000000)
  to   space 21824K,   0% used [0x00000000e5560000, 0x00000000e5560000, 0x00000000e6ab0000)
 concurrent mark-sweep generation total 393216K, used 0K [0x00000000e8000000, 0x0000000100000000, 0x0000000100000000)
 Metaspace       used 21183K, capacity 21571K, committed 21808K, reserved 1069056K
  class space    used 2448K, capacity 2606K, committed 2608K, reserved 1048576K
}
2017-04-03T00:57:11.508+0200: 2,857: Total time for which application threads were stopped: 0,0134537 seconds, Stopping threads took: 0,0039933 seconds
{Heap before GC invocations=5 (full 1):
 par new generation   total 109248K, used 103898K [0x00000000e0000000, 0x00000000e8000000, 0x00000000e8000000)
  eden space 87424K, 100% used [0x00000000e0000000, 0x00000000e5560000, 0x00000000e5560000)
  from space 21824K,  75% used [0x00000000e6ab0000, 0x00000000e7ac6900, 0x00000000e8000000)
  to   space 21824K,   0% used [0x00000000e5560000, 0x00000000e5560000, 0x00000000e6ab0000)
 concurrent mark-sweep generation total 393216K, used 0K [0x00000000e8000000, 0x0000000100000000, 0x0000000100000000)
 Metaspace       used 21343K, capacity 21737K, committed 21936K, reserved 1069056K
  class space    used 2469K, capacity 2639K, committed 2736K, reserved 1048576K
2017-04-03T00:57:11.605+0200: 2,954: [GC (Allocation Failure) 2017-04-03T00:57:11.605+0200: 2,954: [ParNew
Desired survivor size 20112992 bytes, new threshold 8 (max 8)
- age   1:     628760 bytes,     628760 total
- age   2:     179992 bytes,     808752 total
- age   3:       5096 bytes,     813848 total
- age   4:    1464256 bytes,    2278104 total
- age   5:     902328 bytes,    3180432 total
- age   6:    6580608 bytes,    9761040 total
: 103898K->11145K(109248K), 0,0094412 secs] 103898K->11145K(502464K), 0,0095071 secs] [Times: user=0,03 sys=0,00, real=0,01 secs] 
Heap after GC invocations=6 (full 1):
 par new generation   total 109248K, used 11145K [0x00000000e0000000, 0x00000000e8000000, 0x00000000e8000000)
  eden space 87424K,   0% used [0x00000000e0000000, 0x00000000e0000000, 0x00000000e5560000)
  from space 21824K,  51% used [0x00000000e5560000, 0x00000000e60427c0, 0x00000000e6ab0000)
  to   space 21824K,   0% used [0x00000000e6ab0000, 0x00000000e6ab0000, 0x00000000e8000000)
 concurrent mark-sweep generation total 393216K, used 0K [0x00000000e8000000, 0x0000000100000000, 0x0000000100000000)
 Metaspace       used 21343K, capacity 21737K, committed 21936K, reserved 1069056K
  class space    used 2469K, capacity 2639K, committed 2736K, reserved 1048576K
}
2017-04-03T00:57:11.614+0200: 2,964: Total time for which application threads were stopped: 0,0097711 seconds, Stopping threads took: 0,0001075 seconds
2017-04-03T00:57:11.650+0200: 2,999: Total time for which application threads were stopped: 0,0003049 seconds, Stopping threads took: 0,0000202 seconds
2017-04-03T00:57:11.840+0200: 3,190: Total time for which application threads were stopped: 0,0004971 seconds, Stopping threads took: 0,0000235 seconds
2017-04-03T00:57:11.854+0200: 3,203: Total time for which application threads were stopped: 0,0004300 seconds, Stopping threads took: 0,0000493 seconds
2017-04-03T00:57:12.024+0200: 3,373: Total time for which application threads were stopped: 0,0001976 seconds, Stopping threads took: 0,0000381 seconds
{Heap before GC invocations=6 (full 1):
 par new generation   total 109248K, used 98601K [0x00000000e0000000, 0x00000000e8000000, 0x00000000e8000000)
  eden space 87424K, 100% used [0x00000000e0000000, 0x00000000e5560000, 0x00000000e5560000)
  from space 21824K,  51% used [0x00000000e5560000, 0x00000000e604a7d0, 0x00000000e6ab0000)
  to   space 21824K,   0% used [0x00000000e6ab0000, 0x00000000e6ab0000, 0x00000000e8000000)
 concurrent mark-sweep generation total 393216K, used 0K [0x00000000e8000000, 0x0000000100000000, 0x0000000100000000)
 Metaspace       used 23744K, capacity 24241K, committed 24496K, reserved 1071104K
  class space    used 2797K, capacity 2983K, committed 2992K, reserved 1048576K
2017-04-03T00:57:12.026+0200: 3,376: [GC (Allocation Failure) 2017-04-03T00:57:12.026+0200: 3,376: [ParNew
Desired survivor size 20112992 bytes, new threshold 8 (max 8)
- age   1:    5180472 bytes,    5180472 total
- age   2:     113712 bytes,    5294184 total
- age   3:     178576 bytes,    5472760 total
- age   4:       5072 bytes,    5477832 total
- age   5:     286416 bytes,    5764248 total
- age   6:     876104 bytes,    6640352 total
- age   7:    6572208 bytes,   13212560 total
: 98601K->16526K(109248K), 0,0127955 secs] 98601K->16526K(502464K), 0,0128733 secs] [Times: user=0,05 sys=0,00, real=0,02 secs] 
Heap after GC invocations=7 (full 1):
 par new generation   total 109248K, used 16526K [0x00000000e0000000, 0x00000000e8000000, 0x00000000e8000000)
  eden space 87424K,   0% used [0x00000000e0000000, 0x00000000e0000000, 0x00000000e5560000)
  from space 21824K,  75% used [0x00000000e6ab0000, 0x00000000e7ad3b40, 0x00000000e8000000)
  to   space 21824K,   0% used [0x00000000e5560000, 0x00000000e5560000, 0x00000000e6ab0000)
 concurrent mark-sweep generation total 393216K, used 0K [0x00000000e8000000, 0x0000000100000000, 0x0000000100000000)
 Metaspace       used 23744K, capacity 24241K, committed 24496K, reserved 1071104K
  class space    used 2797K, capacity 2983K, committed 2992K, reserved 1048576K
}
2017-04-03T00:57:12.039+0200: 3,389: Total time for which application threads were stopped: 0,0130595 seconds, Stopping threads took: 0,0000271 seconds
{Heap before GC invocations=7 (full 1):
 par new generation   total 109248K, used 19416K [0x00000000e0000000, 0x00000000e8000000, 0x00000000e8000000)
  eden space 87424K,   3% used [0x00000000e0000000, 0x00000000e02d24f8, 0x00000000e5560000)
  from space 21824K,  75% used [0x00000000e6ab0000, 0x00000000e7ad3b40, 0x00000000e8000000)
  to   space 21824K,   0% used [0x00000000e5560000, 0x00000000e5560000, 0x00000000e6ab0000)
 concurrent mark-sweep generation total 393216K, used 0K [0x00000000e8000000, 0x0000000100000000, 0x0000000100000000)
 Metaspace       used 23745K, capacity 24241K, committed 24496K, reserved 1071104K
  class space    used 2797K, capacity 2983K, committed 2992K, reserved 1048576K
2017-04-03T00:57:12.047+0200: 3,396: [GC (GCLocker Initiated GC) 2017-04-03T00:57:12.047+0200: 3,396: [ParNew
Desired survivor size 20112992 bytes, new threshold 8 (max 8)
- age   1:     292120 bytes,     292120 total
- age   2:    1845248 bytes,    2137368 total
- age   3:      67488 bytes,    2204856 total
- age   4:      91584 bytes,    2296440 total
- age   5:       5040 bytes,    2301480 total
- age   6:     191840 bytes,    2493320 total
- age   7:     830872 bytes,    3324192 total
- age   8:    6039736 bytes,    9363928 total
: 19416K->14678K(109248K), 0,0159528 secs] 19416K->14678K(502464K), 0,0160442 secs] [Times: user=0,06 sys=0,00, real=0,02 secs] 
Heap after GC invocations=8 (full 1):
 par new generation   total 109248K, used 14678K [0x00000000e0000000, 0x00000000e8000000, 0x00000000e8000000)
  eden space 87424K,   0% used [0x00000000e0000000, 0x00000000e0000000, 0x00000000e5560000)
  from space 21824K,  67% used [0x00000000e5560000, 0x00000000e63b5a38, 0x00000000e6ab0000)
  to   space 21824K,   0% used [0x00000000e6ab0000, 0x00000000e6ab0000, 0x00000000e8000000)
 concurrent mark-sweep generation total 393216K, used 0K [0x00000000e8000000, 0x0000000100000000, 0x0000000100000000)
 Metaspace       used 23745K, capacity 24241K, committed 24496K, reserved 1071104K
  class space    used 2797K, capacity 2983K, committed 2992K, reserved 1048576K
}
2017-04-03T00:57:12.063+0200: 3,412: Total time for which application threads were stopped: 0,0162967 seconds, Stopping threads took: 0,0000830 seconds
{Heap before GC invocations=8 (full 1):
 par new generation   total 109248K, used 102102K [0x00000000e0000000, 0x00000000e8000000, 0x00000000e8000000)
  eden space 87424K, 100% used [0x00000000e0000000, 0x00000000e5560000, 0x00000000e5560000)
  from space 21824K,  67% used [0x00000000e5560000, 0x00000000e63b5a38, 0x00000000e6ab0000)
  to   space 21824K,   0% used [0x00000000e6ab0000, 0x00000000e6ab0000, 0x00000000e8000000)
 concurrent mark-sweep generation total 393216K, used 0K [0x00000000e8000000, 0x0000000100000000, 0x0000000100000000)
 Metaspace       used 24406K, capacity 24829K, committed 25136K, reserved 1071104K
  class space    used 2864K, capacity 3049K, committed 3120K, reserved 1048576K
2017-04-03T00:57:12.185+0200: 3,534: [GC (Allocation Failure) 2017-04-03T00:57:12.185+0200: 3,534: [ParNew
Desired survivor size 20112992 bytes, new threshold 8 (max 8)
- age   1:    2305704 bytes,    2305704 total
- age   2:        528 bytes,    2306232 total
- age   3:    1801016 bytes,    4107248 total
- age   4:      67488 bytes,    4174736 total
- age   5:      91480 bytes,    4266216 total
- age   6:       5040 bytes,    4271256 total
- age   7:     191840 bytes,    4463096 total
- age   8:     830872 bytes,    5293968 total
: 102102K->6527K(109248K), 0,0293499 secs] 102102K->12507K(502464K), 0,0294273 secs] [Times: user=0,09 sys=0,00, real=0,03 secs] 
Heap after GC invocations=9 (full 1):
 par new generation   total 109248K, used 6527K [0x00000000e0000000, 0x00000000e8000000, 0x00000000e8000000)
  eden space 87424K,   0% used [0x00000000e0000000, 0x00000000e0000000, 0x00000000e5560000)
  from space 21824K,  29% used [0x00000000e6ab0000, 0x00000000e710fce8, 0x00000000e8000000)
  to   space 21824K,   0% used [0x00000000e5560000, 0x00000000e5560000, 0x00000000e6ab0000)
 concurrent mark-sweep generation total 393216K, used 5980K [0x00000000e8000000, 0x0000000100000000, 0x0000000100000000)
 Metaspace       used 24406K, capacity 24829K, committed 25136K, reserved 1071104K
  class space    used 2864K, capacity 3049K, committed 3120K, reserved 1048576K
}
2017-04-03T00:57:12.214+0200: 3,563: Total time for which application threads were stopped: 0,0305231 seconds, Stopping threads took: 0,0008929 seconds
{Heap before GC invocations=9 (full 1):
 par new generation   total 109248K, used 93951K [0x00000000e0000000, 0x00000000e8000000, 0x00000000e8000000)
  eden space 87424K, 100% used [0x00000000e0000000, 0x00000000e5560000, 0x00000000e5560000)
  from space 21824K,  29% used [0x00000000e6ab0000, 0x00000000e710fce8, 0x00000000e8000000)
  to   space 21824K,   0% used [0x00000000e5560000, 0x00000000e5560000, 0x00000000e6ab0000)
 concurrent mark-sweep generation total 393216K, used 5980K [0x00000000e8000000, 0x0000000100000000, 0x0000000100000000)
 Metaspace       used 24746K, capacity 25207K, committed 25392K, reserved 1071104K
  class space    used 2897K, capacity 3086K, committed 3120K, reserved 1048576K
2017-04-03T00:57:12.298+0200: 3,647: [GC (Allocation Failure) 2017-04-03T00:57:12.298+0200: 3,647: [ParNew
Desired survivor size 20112992 bytes, new threshold 8 (max 8)
- age   1:     842168 bytes,     842168 total
- age   2:    1012224 bytes,    1854392 total
- age   3:        528 bytes,    1854920 total
- age   4:    1798800 bytes,    3653720 total
- age   5:      67488 bytes,    3721208 total
- age   6:      91280 bytes,    3812488 total
- age   7:       5040 bytes,    3817528 total
- age   8:     189072 bytes,    4006600 total
: 93951K->6478K(109248K), 0,0072904 secs] 99931K->13282K(502464K), 0,0073645 secs] [Times: user=0,03 sys=0,00, real=0,01 secs] 
Heap after GC invocations=10 (full 1):
 par new generation   total 109248K, used 6478K [0x00000000e0000000, 0x00000000e8000000, 0x00000000e8000000)
  eden space 87424K,   0% used [0x00000000e0000000, 0x00000000e0000000, 0x00000000e5560000)
  from space 21824K,  29% used [0x00000000e5560000, 0x00000000e5bb3a60, 0x00000000e6ab0000)
  to   space 21824K,   0% used [0x00000000e6ab0000, 0x00000000e6ab0000, 0x00000000e8000000)
 concurrent mark-sweep generation total 393216K, used 6804K [0x00000000e8000000, 0x0000000100000000, 0x0000000100000000)
 Metaspace       used 24746K, capacity 25207K, committed 25392K, reserved 1071104K
  class space    used 2897K, capacity 3086K, committed 3120K, reserved 1048576K
}
2017-04-03T00:57:12.305+0200: 3,654: Total time for which application threads were stopped: 0,0080195 seconds, Stopping threads took: 0,0005082 seconds
2017-04-03T00:57:12.634+0200: 3,983: Total time for which application threads were stopped: 0,0004122 seconds, Stopping threads took: 0,0000216 seconds
2017-04-03T00:57:12.645+0200: 3,995: Total time for which application threads were stopped: 0,0003446 seconds, Stopping threads took: 0,0000134 seconds
2017-04-03T00:57:12.686+0200: 4,035: Total time for which application threads were stopped: 0,0004077 seconds, Stopping threads took: 0,0000414 seconds
2017-04-03T00:57:12.708+0200: 4,057: Total time for which application threads were stopped: 0,0003264 seconds, Stopping threads took: 0,0000385 seconds
2017-04-03T00:57:12.708+0200: 4,058: Total time for which application threads were stopped: 0,0000768 seconds, Stopping threads took: 0,0000225 seconds
2017-04-03T00:57:12.709+0200: 4,058: Total time for which application threads were stopped: 0,0001095 seconds, Stopping threads took: 0,0000383 seconds
2017-04-03T00:57:12.716+0200: 4,065: Total time for which application threads were stopped: 0,0001223 seconds, Stopping threads took: 0,0000404 seconds
2017-04-03T00:57:12.716+0200: 4,065: Total time for which application threads were stopped: 0,0000531 seconds, Stopping threads took: 0,0000130 seconds
2017-04-03T00:57:12.716+0200: 4,065: Total time for which application threads were stopped: 0,0000777 seconds, Stopping threads took: 0,0000207 seconds
2017-04-03T00:57:12.716+0200: 4,065: Total time for which application threads were stopped: 0,0000447 seconds, Stopping threads took: 0,0000100 seconds
2017-04-03T00:57:12.716+0200: 4,065: Total time for which application threads were stopped: 0,0000684 seconds, Stopping threads took: 0,0000252 seconds
2017-04-03T00:57:12.716+0200: 4,066: Total time for which application threads were stopped: 0,0000571 seconds, Stopping threads took: 0,0000231 seconds
2017-04-03T00:57:12.716+0200: 4,066: Total time for which application threads were stopped: 0,0000520 seconds, Stopping threads took: 0,0000115 seconds
2017-04-03T00:57:12.716+0200: 4,066: Total time for which application threads were stopped: 0,0000651 seconds, Stopping threads took: 0,0000293 seconds
2017-04-03T00:57:12.717+0200: 4,066: Total time for which application threads were stopped: 0,0000421 seconds, Stopping threads took: 0,0000090 seconds
2017-04-03T00:57:12.717+0200: 4,066: Total time for which application threads were stopped: 0,0000400 seconds, Stopping threads took: 0,0000076 seconds
2017-04-03T00:57:12.717+0200: 4,066: Total time for which application threads were stopped: 0,0000461 seconds, Stopping threads took: 0,0000141 seconds
2017-04-03T00:57:12.717+0200: 4,066: Total time for which application threads were stopped: 0,0000401 seconds, Stopping threads took: 0,0000094 seconds
2017-04-03T00:57:12.717+0200: 4,066: Total time for which application threads were stopped: 0,0000433 seconds, Stopping threads took: 0,0000103 seconds
2017-04-03T00:57:12.717+0200: 4,066: Total time for which application threads were stopped: 0,0000466 seconds, Stopping threads took: 0,0000137 seconds
2017-04-03T00:57:12.717+0200: 4,066: Total time for which application threads were stopped: 0,0000451 seconds, Stopping threads took: 0,0000145 seconds
2017-04-03T00:57:12.717+0200: 4,066: Total time for which application threads were stopped: 0,0000644 seconds, Stopping threads took: 0,0000316 seconds
2017-04-03T00:57:12.717+0200: 4,067: Total time for which application threads were stopped: 0,0000492 seconds, Stopping threads took: 0,0000147 seconds
2017-04-03T00:57:12.722+0200: 4,072: Total time for which application threads were stopped: 0,0044527 seconds, Stopping threads took: 0,0042997 seconds
2017-04-03T00:57:12.723+0200: 4,072: Total time for which application threads were stopped: 0,0001196 seconds, Stopping threads took: 0,0000594 seconds
2017-04-03T00:57:12.723+0200: 4,072: Total time for which application threads were stopped: 0,0000573 seconds, Stopping threads took: 0,0000220 seconds
2017-04-03T00:57:12.728+0200: 4,077: Total time for which application threads were stopped: 0,0002550 seconds, Stopping threads took: 0,0001733 seconds
2017-04-03T00:57:12.729+0200: 4,078: Total time for which application threads were stopped: 0,0001068 seconds, Stopping threads took: 0,0000345 seconds
2017-04-03T00:57:12.729+0200: 4,078: Total time for which application threads were stopped: 0,0000914 seconds, Stopping threads took: 0,0000330 seconds
2017-04-03T00:57:12.730+0200: 4,079: Total time for which application threads were stopped: 0,0001096 seconds, Stopping threads took: 0,0000355 seconds
2017-04-03T00:57:12.731+0200: 4,080: Total time for which application threads were stopped: 0,0001180 seconds, Stopping threads took: 0,0000580 seconds
2017-04-03T00:57:12.734+0200: 4,083: Total time for which application threads were stopped: 0,0001281 seconds, Stopping threads took: 0,0000368 seconds
2017-04-03T00:57:12.738+0200: 4,087: Total time for which application threads were stopped: 0,0031507 seconds, Stopping threads took: 0,0030685 seconds
2017-04-03T00:57:12.740+0200: 4,089: Total time for which application threads were stopped: 0,0001577 seconds, Stopping threads took: 0,0000761 seconds
2017-04-03T00:57:12.749+0200: 4,098: Total time for which application threads were stopped: 0,0001685 seconds, Stopping threads took: 0,0000572 seconds
2017-04-03T00:57:12.750+0200: 4,099: Total time for which application threads were stopped: 0,0001425 seconds, Stopping threads took: 0,0000453 seconds
2017-04-03T00:57:12.754+0200: 4,104: Total time for which application threads were stopped: 0,0034758 seconds, Stopping threads took: 0,0034038 seconds
2017-04-03T00:57:12.755+0200: 4,104: Total time for which application threads were stopped: 0,0000677 seconds, Stopping threads took: 0,0000150 seconds
2017-04-03T00:57:12.756+0200: 4,105: Total time for which application threads were stopped: 0,0001349 seconds, Stopping threads took: 0,0000320 seconds
2017-04-03T00:57:12.783+0200: 4,132: Total time for which application threads were stopped: 0,0004391 seconds, Stopping threads took: 0,0002276 seconds
2017-04-03T00:57:12.807+0200: 4,156: Total time for which application threads were stopped: 0,0021391 seconds, Stopping threads took: 0,0020342 seconds
2017-04-03T00:57:12.814+0200: 4,164: Total time for which application threads were stopped: 0,0009751 seconds, Stopping threads took: 0,0007415 seconds
2017-04-03T00:57:12.821+0200: 4,170: Total time for which application threads were stopped: 0,0001589 seconds, Stopping threads took: 0,0000667 seconds
2017-04-03T00:57:12.822+0200: 4,172: Total time for which application threads were stopped: 0,0001943 seconds, Stopping threads took: 0,0000408 seconds
2017-04-03T00:57:12.834+0200: 4,184: Total time for which application threads were stopped: 0,0003903 seconds, Stopping threads took: 0,0000557 seconds
2017-04-03T00:57:12.836+0200: 4,185: Total time for which application threads were stopped: 0,0001609 seconds, Stopping threads took: 0,0000632 seconds
2017-04-03T00:57:12.837+0200: 4,186: Total time for which application threads were stopped: 0,0005008 seconds, Stopping threads took: 0,0000213 seconds
2017-04-03T00:57:12.837+0200: 4,187: Total time for which application threads were stopped: 0,0001043 seconds, Stopping threads took: 0,0000288 seconds
2017-04-03T00:57:13.838+0200: 5,187: Total time for which application threads were stopped: 0,0001038 seconds, Stopping threads took: 0,0000170 seconds
2017-04-03T00:57:14.838+0200: 6,187: Total time for which application threads were stopped: 0,0000690 seconds, Stopping threads took: 0,0000160 seconds
{Heap before GC invocations=10 (full 1):
 par new generation   total 109248K, used 93902K [0x00000000e0000000, 0x00000000e8000000, 0x00000000e8000000)
  eden space 87424K, 100% used [0x00000000e0000000, 0x00000000e5560000, 0x00000000e5560000)
  from space 21824K,  29% used [0x00000000e5560000, 0x00000000e5bb3a60, 0x00000000e6ab0000)
  to   space 21824K,   0% used [0x00000000e6ab0000, 0x00000000e6ab0000, 0x00000000e8000000)
 concurrent mark-sweep generation total 393216K, used 6804K [0x00000000e8000000, 0x0000000100000000, 0x0000000100000000)
 Metaspace       used 28000K, capacity 28517K, committed 28848K, reserved 1075200K
  class space    used 3216K, capacity 3395K, committed 3504K, reserved 1048576K
2017-04-03T00:57:19.620+0200: 10,969: [GC (Allocation Failure) 2017-04-03T00:57:19.620+0200: 10,969: [ParNew
Desired survivor size 20112992 bytes, new threshold 8 (max 8)
- age   1:   11301568 bytes,   11301568 total
- age   2:     205352 bytes,   11506920 total
- age   3:     225464 bytes,   11732384 total
- age   4:        528 bytes,   11732912 total
- age   5:    1792744 bytes,   13525656 total
- age   6:      67488 bytes,   13593144 total
- age   7:      91088 bytes,   13684232 total
- age   8:       2592 bytes,   13686824 total
: 93902K->14370K(109248K), 0,0207132 secs] 100706K->21379K(502464K), 0,0207751 secs] [Times: user=0,06 sys=0,00, real=0,02 secs] 
Heap after GC invocations=11 (full 1):
 par new generation   total 109248K, used 14370K [0x00000000e0000000, 0x00000000e8000000, 0x00000000e8000000)
  eden space 87424K,   0% used [0x00000000e0000000, 0x00000000e0000000, 0x00000000e5560000)
  from space 21824K,  65% used [0x00000000e6ab0000, 0x00000000e78b8828, 0x00000000e8000000)
  to   space 21824K,   0% used [0x00000000e5560000, 0x00000000e5560000, 0x00000000e6ab0000)
 concurrent mark-sweep generation total 393216K, used 7009K [0x00000000e8000000, 0x0000000100000000, 0x0000000100000000)
 Metaspace       used 28000K, capacity 28517K, committed 28848K, reserved 1075200K
  class space    used 3216K, capacity 3395K, committed 3504K, reserved 1048576K
}
2017-04-03T00:57:19.641+0200: 10,990: Total time for which application threads were stopped: 0,0209321 seconds, Stopping threads took: 0,0000180 seconds
2017-04-03T00:57:30.642+0200: 21,992: Total time for which application threads were stopped: 0,0000734 seconds, Stopping threads took: 0,0000188 seconds
2017-04-03T00:57:40.643+0200: 31,993: Total time for which application threads were stopped: 0,0000637 seconds, Stopping threads took: 0,0000169 seconds
2017-04-03T00:59:10.653+0200: 122,002: Total time for which application threads were stopped: 0,0001857 seconds, Stopping threads took: 0,0000828 seconds
2017-04-03T00:59:40.657+0200: 152,007: Total time for which application threads were stopped: 0,0001926 seconds, Stopping threads took: 0,0000727 seconds
2017-04-03T00:59:59.660+0200: 171,009: Total time for which application threads were stopped: 0,0001533 seconds, Stopping threads took: 0,0000573 seconds
2017-04-03T01:00:14.663+0200: 186,012: Total time for which application threads were stopped: 0,0001838 seconds, Stopping threads took: 0,0000665 seconds
2017-04-03T01:01:44.676+0200: 276,025: Total time for which application threads were stopped: 0,0001587 seconds, Stopping threads took: 0,0000376 seconds
2017-04-03T01:09:41.053+0200: 752,402: Total time for which application threads were stopped: 0,0354949 seconds, Stopping threads took: 0,0353931 seconds
2017-04-03T01:09:41.057+0200: 752,406: Total time for which application threads were stopped: 0,0001138 seconds, Stopping threads took: 0,0000369 seconds
2017-04-03T01:09:41.107+0200: 752,456: Total time for which application threads were stopped: 0,0001498 seconds, Stopping threads took: 0,0000667 seconds
2017-04-03T01:09:41.112+0200: 752,461: Total time for which application threads were stopped: 0,0001286 seconds, Stopping threads took: 0,0000167 seconds
2017-04-03T01:09:41.114+0200: 752,463: Total time for which application threads were stopped: 0,0000791 seconds, Stopping threads took: 0,0000217 seconds
2017-04-03T01:09:41.115+0200: 752,464: Total time for which application threads were stopped: 0,0000872 seconds, Stopping threads took: 0,0000165 seconds
Heap
 par new generation   total 109248K, used 39390K [0x00000000e0000000, 0x00000000e8000000, 0x00000000e8000000)
  eden space 87424K,  28% used [0x00000000e0000000, 0x00000000e186f1b8, 0x00000000e5560000)
  from space 21824K,  65% used [0x00000000e6ab0000, 0x00000000e78b8828, 0x00000000e8000000)
  to   space 21824K,   0% used [0x00000000e5560000, 0x00000000e5560000, 0x00000000e6ab0000)
 concurrent mark-sweep generation total 393216K, used 7009K [0x00000000e8000000, 0x0000000100000000, 0x0000000100000000)
 Metaspace       used 28129K, capacity 28685K, committed 28848K, reserved 1075200K
  class space    used 3231K, capacity 3429K, committed 3504K, reserved 1048576K
