OpenJDK 64-Bit Server VM (25.121-b13) for linux-amd64 JRE (1.8.0_121-8u121-b13-0ubuntu1.16.04.2-b13), built on Jan 23 2017 15:51:29 by "buildd" with gcc 5.4.0 20160609
Memory: 4k page, physical 7867764k(7421700k free), swap 8076284k(8076284k free)
CommandLine flags: -XX:CMSInitiatingOccupancyFraction=50 -XX:CMSMaxAbortablePrecleanTime=6000 -XX:+CMSParallelRemarkEnabled -XX:+CMSScavengeBeforeRemark -XX:ConcGCThreads=4 -XX:InitialHeapSize=536870912 -XX:MaxHeapSize=536870912 -XX:MaxTenuringThreshold=8 -XX:NewRatio=3 -XX:OldPLABSize=16 -XX:OnOutOfMemoryError=/opt/solr/bin/oom_solr.sh 8983 /var/solr/logs -XX:ParallelGCThreads=4 -XX:+ParallelRefProcEnabled -XX:PretenureSizeThreshold=67108864 -XX:+PrintGC -XX:+PrintGCApplicationStoppedTime -XX:+PrintGCDateStamps -XX:+PrintGCDetails -XX:+PrintGCTimeStamps -XX:+PrintHeapAtGC -XX:+PrintTenuringDistribution -XX:SurvivorRatio=4 -XX:TargetSurvivorRatio=90 -XX:ThreadStackSize=256 -XX:+UseCMSInitiatingOccupancyOnly -XX:+UseCompressedClassPointers -XX:+UseCompressedOops -XX:+UseConcMarkSweepGC -XX:+UseParNewGC 
2017-04-12T08:37:55.029+0200: 0,171: Total time for which application threads were stopped: 0,0000645 seconds, Stopping threads took: 0,0000095 seconds
2017-04-12T08:37:55.122+0200: 0,263: Total time for which application threads were stopped: 0,0001143 seconds, Stopping threads took: 0,0000200 seconds
2017-04-12T08:37:55.141+0200: 0,282: Total time for which application threads were stopped: 0,0000870 seconds, Stopping threads took: 0,0000194 seconds
2017-04-12T08:37:55.510+0200: 0,651: Total time for which application threads were stopped: 0,0001449 seconds, Stopping threads took: 0,0000159 seconds
2017-04-12T08:37:55.985+0200: 1,126: Total time for which application threads were stopped: 0,0007636 seconds, Stopping threads took: 0,0000850 seconds
2017-04-12T08:37:56.092+0200: 1,234: Total time for which application threads were stopped: 0,0014938 seconds, Stopping threads took: 0,0000188 seconds
2017-04-12T08:37:56.127+0200: 1,269: Total time for which application threads were stopped: 0,0001705 seconds, Stopping threads took: 0,0000352 seconds
2017-04-12T08:37:56.446+0200: 1,587: Total time for which application threads were stopped: 0,0001911 seconds, Stopping threads took: 0,0000287 seconds
2017-04-12T08:37:56.699+0200: 1,841: Total time for which application threads were stopped: 0,0001897 seconds, Stopping threads took: 0,0000129 seconds
2017-04-12T08:37:56.718+0200: 1,860: Total time for which application threads were stopped: 0,0001658 seconds, Stopping threads took: 0,0000145 seconds
2017-04-12T08:37:56.745+0200: 1,886: Total time for which application threads were stopped: 0,0001802 seconds, Stopping threads took: 0,0000122 seconds
2017-04-12T08:37:56.746+0200: 1,887: Total time for which application threads were stopped: 0,0001526 seconds, Stopping threads took: 0,0000152 seconds
2017-04-12T08:37:56.761+0200: 1,902: Total time for which application threads were stopped: 0,0001861 seconds, Stopping threads took: 0,0000232 seconds
2017-04-12T08:37:56.826+0200: 1,968: Total time for which application threads were stopped: 0,0002357 seconds, Stopping threads took: 0,0000213 seconds
2017-04-12T08:37:56.996+0200: 2,137: Total time for which application threads were stopped: 0,0002275 seconds, Stopping threads took: 0,0000199 seconds
{Heap before GC invocations=0 (full 0):
 par new generation   total 109248K, used 87424K [0x00000000e0000000, 0x00000000e8000000, 0x00000000e8000000)
  eden space 87424K, 100% used [0x00000000e0000000, 0x00000000e5560000, 0x00000000e5560000)
  from space 21824K,   0% used [0x00000000e5560000, 0x00000000e5560000, 0x00000000e6ab0000)
  to   space 21824K,   0% used [0x00000000e6ab0000, 0x00000000e6ab0000, 0x00000000e8000000)
 concurrent mark-sweep generation total 393216K, used 0K [0x00000000e8000000, 0x0000000100000000, 0x0000000100000000)
 Metaspace       used 18009K, capacity 18336K, committed 18688K, reserved 1064960K
  class space    used 2035K, capacity 2196K, committed 2304K, reserved 1048576K
2017-04-12T08:37:57.077+0200: 2,218: [GC (Allocation Failure) 2017-04-12T08:37:57.077+0200: 2,218: [ParNew
Desired survivor size 20112992 bytes, new threshold 8 (max 8)
- age   1:   12375736 bytes,   12375736 total
: 87424K->12202K(109248K), 0,0157443 secs] 87424K->12202K(502464K), 0,0158169 secs] [Times: user=0,06 sys=0,00, real=0,02 secs] 
Heap after GC invocations=1 (full 0):
 par new generation   total 109248K, used 12202K [0x00000000e0000000, 0x00000000e8000000, 0x00000000e8000000)
  eden space 87424K,   0% used [0x00000000e0000000, 0x00000000e0000000, 0x00000000e5560000)
  from space 21824K,  55% used [0x00000000e6ab0000, 0x00000000e769ab40, 0x00000000e8000000)
  to   space 21824K,   0% used [0x00000000e5560000, 0x00000000e5560000, 0x00000000e6ab0000)
 concurrent mark-sweep generation total 393216K, used 0K [0x00000000e8000000, 0x0000000100000000, 0x0000000100000000)
 Metaspace       used 18009K, capacity 18336K, committed 18688K, reserved 1064960K
  class space    used 2035K, capacity 2196K, committed 2304K, reserved 1048576K
}
2017-04-12T08:37:57.092+0200: 2,234: Total time for which application threads were stopped: 0,0160843 seconds, Stopping threads took: 0,0000859 seconds
2017-04-12T08:37:57.405+0200: 2,546: Total time for which application threads were stopped: 0,0003648 seconds, Stopping threads took: 0,0000796 seconds
{Heap before GC invocations=1 (full 0):
 par new generation   total 109248K, used 99626K [0x00000000e0000000, 0x00000000e8000000, 0x00000000e8000000)
  eden space 87424K, 100% used [0x00000000e0000000, 0x00000000e5560000, 0x00000000e5560000)
  from space 21824K,  55% used [0x00000000e6ab0000, 0x00000000e769ab40, 0x00000000e8000000)
  to   space 21824K,   0% used [0x00000000e5560000, 0x00000000e5560000, 0x00000000e6ab0000)
 concurrent mark-sweep generation total 393216K, used 0K [0x00000000e8000000, 0x0000000100000000, 0x0000000100000000)
 Metaspace       used 20061K, capacity 20438K, committed 20736K, reserved 1067008K
  class space    used 2296K, capacity 2473K, committed 2560K, reserved 1048576K
2017-04-12T08:37:57.456+0200: 2,597: [GC (Allocation Failure) 2017-04-12T08:37:57.456+0200: 2,597: [ParNew
Desired survivor size 20112992 bytes, new threshold 8 (max 8)
- age   1:    3789720 bytes,    3789720 total
- age   2:    6618168 bytes,   10407888 total
: 99626K->15666K(109248K), 0,0116580 secs] 99626K->15666K(502464K), 0,0117239 secs] [Times: user=0,04 sys=0,01, real=0,02 secs] 
Heap after GC invocations=2 (full 0):
 par new generation   total 109248K, used 15666K [0x00000000e0000000, 0x00000000e8000000, 0x00000000e8000000)
  eden space 87424K,   0% used [0x00000000e0000000, 0x00000000e0000000, 0x00000000e5560000)
  from space 21824K,  71% used [0x00000000e5560000, 0x00000000e64aca80, 0x00000000e6ab0000)
  to   space 21824K,   0% used [0x00000000e6ab0000, 0x00000000e6ab0000, 0x00000000e8000000)
 concurrent mark-sweep generation total 393216K, used 0K [0x00000000e8000000, 0x0000000100000000, 0x0000000100000000)
 Metaspace       used 20061K, capacity 20438K, committed 20736K, reserved 1067008K
  class space    used 2296K, capacity 2473K, committed 2560K, reserved 1048576K
}
2017-04-12T08:37:57.467+0200: 2,609: Total time for which application threads were stopped: 0,0119573 seconds, Stopping threads took: 0,0000746 seconds
2017-04-12T08:37:57.474+0200: 2,615: Total time for which application threads were stopped: 0,0003189 seconds, Stopping threads took: 0,0000230 seconds
2017-04-12T08:37:57.512+0200: 2,654: Total time for which application threads were stopped: 0,0003865 seconds, Stopping threads took: 0,0000515 seconds
2017-04-12T08:37:57.657+0200: 2,799: Total time for which application threads were stopped: 0,0001373 seconds, Stopping threads took: 0,0000271 seconds
{Heap before GC invocations=2 (full 0):
 par new generation   total 109248K, used 103090K [0x00000000e0000000, 0x00000000e8000000, 0x00000000e8000000)
  eden space 87424K, 100% used [0x00000000e0000000, 0x00000000e5560000, 0x00000000e5560000)
  from space 21824K,  71% used [0x00000000e5560000, 0x00000000e64aca80, 0x00000000e6ab0000)
  to   space 21824K,   0% used [0x00000000e6ab0000, 0x00000000e6ab0000, 0x00000000e8000000)
 concurrent mark-sweep generation total 393216K, used 0K [0x00000000e8000000, 0x0000000100000000, 0x0000000100000000)
 Metaspace       used 21016K, capacity 21360K, committed 21628K, reserved 1069056K
  class space    used 2420K, capacity 2592K, committed 2684K, reserved 1048576K
2017-04-12T08:37:57.704+0200: 2,845: [GC (Allocation Failure) 2017-04-12T08:37:57.704+0200: 2,845: [ParNew
Desired survivor size 20112992 bytes, new threshold 8 (max 8)
- age   1:    2076696 bytes,    2076696 total
- age   2:     890656 bytes,    2967352 total
- age   3:    6614536 bytes,    9581888 total
: 103090K->11248K(109248K), 0,0154767 secs] 103090K->11248K(502464K), 0,0155730 secs] [Times: user=0,05 sys=0,00, real=0,02 secs] 
Heap after GC invocations=3 (full 0):
 par new generation   total 109248K, used 11248K [0x00000000e0000000, 0x00000000e8000000, 0x00000000e8000000)
  eden space 87424K,   0% used [0x00000000e0000000, 0x00000000e0000000, 0x00000000e5560000)
  from space 21824K,  51% used [0x00000000e6ab0000, 0x00000000e75ac0d0, 0x00000000e8000000)
  to   space 21824K,   0% used [0x00000000e5560000, 0x00000000e5560000, 0x00000000e6ab0000)
 concurrent mark-sweep generation total 393216K, used 0K [0x00000000e8000000, 0x0000000100000000, 0x0000000100000000)
 Metaspace       used 21016K, capacity 21360K, committed 21628K, reserved 1069056K
  class space    used 2420K, capacity 2592K, committed 2684K, reserved 1048576K
}
2017-04-12T08:37:57.719+0200: 2,861: Total time for which application threads were stopped: 0,0158190 seconds, Stopping threads took: 0,0000888 seconds
2017-04-12T08:37:57.719+0200: 2,861: [GC (CMS Initial Mark) [1 CMS-initial-mark: 0K(393216K)] 11958K(502464K), 0,0053124 secs] [Times: user=0,02 sys=0,00, real=0,00 secs] 
2017-04-12T08:37:57.725+0200: 2,866: Total time for which application threads were stopped: 0,0054787 seconds, Stopping threads took: 0,0000613 seconds
2017-04-12T08:37:57.725+0200: 2,866: [CMS-concurrent-mark-start]
2017-04-12T08:37:57.726+0200: 2,867: [CMS-concurrent-mark: 0,001/0,001 secs] [Times: user=0,00 sys=0,00, real=0,00 secs] 
2017-04-12T08:37:57.726+0200: 2,867: [CMS-concurrent-preclean-start]
2017-04-12T08:37:57.727+0200: 2,868: [CMS-concurrent-preclean: 0,001/0,001 secs] [Times: user=0,00 sys=0,00, real=0,01 secs] 
2017-04-12T08:37:57.727+0200: 2,868: [CMS-concurrent-abortable-preclean-start]
2017-04-12T08:37:57.788+0200: 2,929: Total time for which application threads were stopped: 0,0001518 seconds, Stopping threads took: 0,0000445 seconds
{Heap before GC invocations=3 (full 1):
 par new generation   total 109248K, used 98672K [0x00000000e0000000, 0x00000000e8000000, 0x00000000e8000000)
  eden space 87424K, 100% used [0x00000000e0000000, 0x00000000e5560000, 0x00000000e5560000)
  from space 21824K,  51% used [0x00000000e6ab0000, 0x00000000e75ac0d0, 0x00000000e8000000)
  to   space 21824K,   0% used [0x00000000e5560000, 0x00000000e5560000, 0x00000000e6ab0000)
 concurrent mark-sweep generation total 393216K, used 0K [0x00000000e8000000, 0x0000000100000000, 0x0000000100000000)
 Metaspace       used 21266K, capacity 21631K, committed 21884K, reserved 1069056K
  class space    used 2450K, capacity 2607K, committed 2684K, reserved 1048576K
2017-04-12T08:37:57.821+0200: 2,962: [GC (Allocation Failure) 2017-04-12T08:37:57.821+0200: 2,962: [ParNew
Desired survivor size 20112992 bytes, new threshold 8 (max 8)
- age   1:     640408 bytes,     640408 total
- age   2:    1469576 bytes,    2109984 total
- age   3:     857344 bytes,    2967328 total
- age   4:    6614536 bytes,    9581864 total
: 98672K->14249K(109248K), 0,0101016 secs] 98672K->14249K(502464K), 0,0101718 secs] [Times: user=0,04 sys=0,00, real=0,01 secs] 
Heap after GC invocations=4 (full 1):
 par new generation   total 109248K, used 14249K [0x00000000e0000000, 0x00000000e8000000, 0x00000000e8000000)
  eden space 87424K,   0% used [0x00000000e0000000, 0x00000000e0000000, 0x00000000e5560000)
  from space 21824K,  65% used [0x00000000e5560000, 0x00000000e634a778, 0x00000000e6ab0000)
  to   space 21824K,   0% used [0x00000000e6ab0000, 0x00000000e6ab0000, 0x00000000e8000000)
 concurrent mark-sweep generation total 393216K, used 0K [0x00000000e8000000, 0x0000000100000000, 0x0000000100000000)
 Metaspace       used 21266K, capacity 21631K, committed 21884K, reserved 1069056K
  class space    used 2450K, capacity 2607K, committed 2684K, reserved 1048576K
}
2017-04-12T08:37:57.831+0200: 2,973: Total time for which application threads were stopped: 0,0103790 seconds, Stopping threads took: 0,0000746 seconds
2017-04-12T08:37:57.831+0200: 2,973: [CMS-concurrent-abortable-preclean: 0,062/0,104 secs] [Times: user=0,40 sys=0,01, real=0,10 secs] 
2017-04-12T08:37:57.833+0200: 2,974: [GC (CMS Final Remark) [YG occupancy: 15622 K (109248 K)]{Heap before GC invocations=4 (full 1):
 par new generation   total 109248K, used 15622K [0x00000000e0000000, 0x00000000e8000000, 0x00000000e8000000)
  eden space 87424K,   1% used [0x00000000e0000000, 0x00000000e0157210, 0x00000000e5560000)
  from space 21824K,  65% used [0x00000000e5560000, 0x00000000e634a778, 0x00000000e6ab0000)
  to   space 21824K,   0% used [0x00000000e6ab0000, 0x00000000e6ab0000, 0x00000000e8000000)
 concurrent mark-sweep generation total 393216K, used 0K [0x00000000e8000000, 0x0000000100000000, 0x0000000100000000)
 Metaspace       used 21266K, capacity 21631K, committed 21884K, reserved 1069056K
  class space    used 2450K, capacity 2607K, committed 2684K, reserved 1048576K
2017-04-12T08:37:57.833+0200: 2,974: [GC (CMS Final Remark) 2017-04-12T08:37:57.833+0200: 2,974: [ParNew
Desired survivor size 20112992 bytes, new threshold 8 (max 8)
- age   1:     167592 bytes,     167592 total
- age   2:     591192 bytes,     758784 total
- age   3:    1469576 bytes,    2228360 total
- age   4:     857344 bytes,    3085704 total
- age   5:    6614656 bytes,    9700360 total
: 15622K->13125K(109248K), 0,0092611 secs] 15622K->13125K(502464K), 0,0093106 secs] [Times: user=0,03 sys=0,00, real=0,01 secs] 
Heap after GC invocations=5 (full 1):
 par new generation   total 109248K, used 13125K [0x00000000e0000000, 0x00000000e8000000, 0x00000000e8000000)
  eden space 87424K,   0% used [0x00000000e0000000, 0x00000000e0000000, 0x00000000e5560000)
  from space 21824K,  60% used [0x00000000e6ab0000, 0x00000000e7781400, 0x00000000e8000000)
  to   space 21824K,   0% used [0x00000000e5560000, 0x00000000e5560000, 0x00000000e6ab0000)
 concurrent mark-sweep generation total 393216K, used 0K [0x00000000e8000000, 0x0000000100000000, 0x0000000100000000)
 Metaspace       used 21266K, capacity 21631K, committed 21884K, reserved 1069056K
  class space    used 2450K, capacity 2607K, committed 2684K, reserved 1048576K
}
2017-04-12T08:37:57.842+0200: 2,983: [Rescan (parallel) , 0,0046890 secs]2017-04-12T08:37:57.847+0200: 2,988: [weak refs processing, 0,0018364 secs]2017-04-12T08:37:57.848+0200: 2,990: [class unloading, 0,0029832 secs]2017-04-12T08:37:57.851+0200: 2,993: [scrub symbol table, 0,0030233 secs]2017-04-12T08:37:57.854+0200: 2,996: [scrub string table, 0,0003858 secs][1 CMS-remark: 0K(393216K)] 13125K(502464K), 0,0229035 secs] [Times: user=0,06 sys=0,00, real=0,02 secs] 
2017-04-12T08:37:57.855+0200: 2,997: Total time for which application threads were stopped: 0,0230260 seconds, Stopping threads took: 0,0000538 seconds
2017-04-12T08:37:57.856+0200: 2,997: [CMS-concurrent-sweep-start]
2017-04-12T08:37:57.856+0200: 2,997: [CMS-concurrent-sweep: 0,000/0,000 secs] [Times: user=0,00 sys=0,00, real=0,00 secs] 
2017-04-12T08:37:57.856+0200: 2,997: [CMS-concurrent-reset-start]
2017-04-12T08:37:57.857+0200: 2,999: [CMS-concurrent-reset: 0,002/0,002 secs] [Times: user=0,00 sys=0,00, real=0,00 secs] 
{Heap before GC invocations=5 (full 1):
 par new generation   total 109248K, used 100549K [0x00000000e0000000, 0x00000000e8000000, 0x00000000e8000000)
  eden space 87424K, 100% used [0x00000000e0000000, 0x00000000e5560000, 0x00000000e5560000)
  from space 21824K,  60% used [0x00000000e6ab0000, 0x00000000e7781400, 0x00000000e8000000)
  to   space 21824K,   0% used [0x00000000e5560000, 0x00000000e5560000, 0x00000000e6ab0000)
 concurrent mark-sweep generation total 393216K, used 0K [0x00000000e8000000, 0x0000000100000000, 0x0000000100000000)
 Metaspace       used 21401K, capacity 21803K, committed 21884K, reserved 1069056K
  class space    used 2469K, capacity 2641K, committed 2684K, reserved 1048576K
2017-04-12T08:37:57.938+0200: 3,080: [GC (Allocation Failure) 2017-04-12T08:37:57.938+0200: 3,080: [ParNew
Desired survivor size 20112992 bytes, new threshold 8 (max 8)
- age   1:     608552 bytes,     608552 total
- age   3:     186856 bytes,     795408 total
- age   4:    1469264 bytes,    2264672 total
- age   5:     855328 bytes,    3120000 total
- age   6:    6614736 bytes,    9734736 total
: 100549K->12776K(109248K), 0,0106222 secs] 100549K->12776K(502464K), 0,0107115 secs] [Times: user=0,03 sys=0,01, real=0,02 secs] 
Heap after GC invocations=6 (full 1):
 par new generation   total 109248K, used 12776K [0x00000000e0000000, 0x00000000e8000000, 0x00000000e8000000)
  eden space 87424K,   0% used [0x00000000e0000000, 0x00000000e0000000, 0x00000000e5560000)
  from space 21824K,  58% used [0x00000000e5560000, 0x00000000e61da308, 0x00000000e6ab0000)
  to   space 21824K,   0% used [0x00000000e6ab0000, 0x00000000e6ab0000, 0x00000000e8000000)
 concurrent mark-sweep generation total 393216K, used 0K [0x00000000e8000000, 0x0000000100000000, 0x0000000100000000)
 Metaspace       used 21401K, capacity 21803K, committed 21884K, reserved 1069056K
  class space    used 2469K, capacity 2641K, committed 2684K, reserved 1048576K
}
2017-04-12T08:37:57.949+0200: 3,091: Total time for which application threads were stopped: 0,0109456 seconds, Stopping threads took: 0,0000499 seconds
2017-04-12T08:37:57.982+0200: 3,124: Total time for which application threads were stopped: 0,0003842 seconds, Stopping threads took: 0,0000382 seconds
2017-04-12T08:37:58.150+0200: 3,291: Total time for which application threads were stopped: 0,0004362 seconds, Stopping threads took: 0,0000641 seconds
2017-04-12T08:37:58.165+0200: 3,307: Total time for which application threads were stopped: 0,0004265 seconds, Stopping threads took: 0,0000683 seconds
{Heap before GC invocations=6 (full 1):
 par new generation   total 109248K, used 100200K [0x00000000e0000000, 0x00000000e8000000, 0x00000000e8000000)
  eden space 87424K, 100% used [0x00000000e0000000, 0x00000000e5560000, 0x00000000e5560000)
  from space 21824K,  58% used [0x00000000e5560000, 0x00000000e61da308, 0x00000000e6ab0000)
  to   space 21824K,   0% used [0x00000000e6ab0000, 0x00000000e6ab0000, 0x00000000e8000000)
 concurrent mark-sweep generation total 393216K, used 0K [0x00000000e8000000, 0x0000000100000000, 0x0000000100000000)
 Metaspace       used 23684K, capacity 24141K, committed 24316K, reserved 1071104K
  class space    used 2773K, capacity 2952K, committed 3068K, reserved 1048576K
2017-04-12T08:37:58.309+0200: 3,451: [GC (Allocation Failure) 2017-04-12T08:37:58.309+0200: 3,451: [ParNew
Desired survivor size 20112992 bytes, new threshold 8 (max 8)
- age   1:    5054784 bytes,    5054784 total
- age   2:     113216 bytes,    5168000 total
- age   4:     185416 bytes,    5353416 total
- age   5:     291752 bytes,    5645168 total
- age   6:     831000 bytes,    6476168 total
- age   7:    6606352 bytes,   13082520 total
: 100200K->15360K(109248K), 0,0136380 secs] 100200K->15360K(502464K), 0,0137052 secs] [Times: user=0,05 sys=0,00, real=0,01 secs] 
Heap after GC invocations=7 (full 1):
 par new generation   total 109248K, used 15360K [0x00000000e0000000, 0x00000000e8000000, 0x00000000e8000000)
  eden space 87424K,   0% used [0x00000000e0000000, 0x00000000e0000000, 0x00000000e5560000)
  from space 21824K,  70% used [0x00000000e6ab0000, 0x00000000e79b03b0, 0x00000000e8000000)
  to   space 21824K,   0% used [0x00000000e5560000, 0x00000000e5560000, 0x00000000e6ab0000)
 concurrent mark-sweep generation total 393216K, used 0K [0x00000000e8000000, 0x0000000100000000, 0x0000000100000000)
 Metaspace       used 23684K, capacity 24141K, committed 24316K, reserved 1071104K
  class space    used 2773K, capacity 2952K, committed 3068K, reserved 1048576K
}
2017-04-12T08:37:58.323+0200: 3,465: Total time for which application threads were stopped: 0,0140000 seconds, Stopping threads took: 0,0000844 seconds
{Heap before GC invocations=7 (full 1):
 par new generation   total 109248K, used 102784K [0x00000000e0000000, 0x00000000e8000000, 0x00000000e8000000)
  eden space 87424K, 100% used [0x00000000e0000000, 0x00000000e5560000, 0x00000000e5560000)
  from space 21824K,  70% used [0x00000000e6ab0000, 0x00000000e79b03b0, 0x00000000e8000000)
  to   space 21824K,   0% used [0x00000000e5560000, 0x00000000e5560000, 0x00000000e6ab0000)
 concurrent mark-sweep generation total 393216K, used 0K [0x00000000e8000000, 0x0000000100000000, 0x0000000100000000)
 Metaspace       used 24305K, capacity 24819K, committed 25084K, reserved 1071104K
  class space    used 2850K, capacity 3049K, committed 3068K, reserved 1048576K
2017-04-12T08:37:58.439+0200: 3,580: [GC (Allocation Failure) 2017-04-12T08:37:58.439+0200: 3,580: [ParNew
Desired survivor size 20112992 bytes, new threshold 8 (max 8)
- age   1:    1971616 bytes,    1971616 total
- age   2:    1810880 bytes,    3782496 total
- age   3:      48288 bytes,    3830784 total
- age   5:     110912 bytes,    3941696 total
- age   6:     183976 bytes,    4125672 total
- age   7:     783824 bytes,    4909496 total
- age   8:    6086360 bytes,   10995856 total
: 102784K->16145K(109248K), 0,0154034 secs] 102784K->16145K(502464K), 0,0154893 secs] [Times: user=0,05 sys=0,00, real=0,01 secs] 
Heap after GC invocations=8 (full 1):
 par new generation   total 109248K, used 16145K [0x00000000e0000000, 0x00000000e8000000, 0x00000000e8000000)
  eden space 87424K,   0% used [0x00000000e0000000, 0x00000000e0000000, 0x00000000e5560000)
  from space 21824K,  73% used [0x00000000e5560000, 0x00000000e65244d0, 0x00000000e6ab0000)
  to   space 21824K,   0% used [0x00000000e6ab0000, 0x00000000e6ab0000, 0x00000000e8000000)
 concurrent mark-sweep generation total 393216K, used 0K [0x00000000e8000000, 0x0000000100000000, 0x0000000100000000)
 Metaspace       used 24305K, capacity 24819K, committed 25084K, reserved 1071104K
  class space    used 2850K, capacity 3049K, committed 3068K, reserved 1048576K
}
2017-04-12T08:37:58.454+0200: 3,596: Total time for which application threads were stopped: 0,0159148 seconds, Stopping threads took: 0,0002293 seconds
{Heap before GC invocations=8 (full 1):
 par new generation   total 109248K, used 103569K [0x00000000e0000000, 0x00000000e8000000, 0x00000000e8000000)
  eden space 87424K, 100% used [0x00000000e0000000, 0x00000000e5560000, 0x00000000e5560000)
  from space 21824K,  73% used [0x00000000e5560000, 0x00000000e65244d0, 0x00000000e6ab0000)
  to   space 21824K,   0% used [0x00000000e6ab0000, 0x00000000e6ab0000, 0x00000000e8000000)
 concurrent mark-sweep generation total 393216K, used 0K [0x00000000e8000000, 0x0000000100000000, 0x0000000100000000)
 Metaspace       used 24598K, capacity 25037K, committed 25084K, reserved 1071104K
  class space    used 2874K, capacity 3054K, committed 3068K, reserved 1048576K
2017-04-12T08:37:58.571+0200: 3,712: [GC (Allocation Failure) 2017-04-12T08:37:58.571+0200: 3,712: [ParNew
Desired survivor size 20112992 bytes, new threshold 8 (max 8)
- age   1:     816920 bytes,     816920 total
- age   2:     613488 bytes,    1430408 total
- age   3:    1788584 bytes,    3218992 total
- age   4:      48288 bytes,    3267280 total
- age   6:     110712 bytes,    3377992 total
- age   7:     181208 bytes,    3559200 total
- age   8:     783024 bytes,    4342224 total
: 103569K->6719K(109248K), 0,0479192 secs] 103569K->12745K(502464K), 0,0479946 secs] [Times: user=0,10 sys=0,00, real=0,05 secs] 
Heap after GC invocations=9 (full 1):
 par new generation   total 109248K, used 6719K [0x00000000e0000000, 0x00000000e8000000, 0x00000000e8000000)
  eden space 87424K,   0% used [0x00000000e0000000, 0x00000000e0000000, 0x00000000e5560000)
  from space 21824K,  30% used [0x00000000e6ab0000, 0x00000000e713fce0, 0x00000000e8000000)
  to   space 21824K,   0% used [0x00000000e5560000, 0x00000000e5560000, 0x00000000e6ab0000)
 concurrent mark-sweep generation total 393216K, used 6025K [0x00000000e8000000, 0x0000000100000000, 0x0000000100000000)
 Metaspace       used 24598K, capacity 25037K, committed 25084K, reserved 1071104K
  class space    used 2874K, capacity 3054K, committed 3068K, reserved 1048576K
}
2017-04-12T08:37:58.619+0200: 3,760: Total time for which application threads were stopped: 0,0494811 seconds, Stopping threads took: 0,0013037 seconds
2017-04-12T08:37:58.904+0200: 4,046: Total time for which application threads were stopped: 0,0004558 seconds, Stopping threads took: 0,0000241 seconds
2017-04-12T08:37:58.914+0200: 4,056: Total time for which application threads were stopped: 0,0005592 seconds, Stopping threads took: 0,0000438 seconds
2017-04-12T08:37:58.921+0200: 4,062: Total time for which application threads were stopped: 0,0001484 seconds, Stopping threads took: 0,0000632 seconds
2017-04-12T08:37:58.923+0200: 4,065: Total time for which application threads were stopped: 0,0004639 seconds, Stopping threads took: 0,0000442 seconds
2017-04-12T08:37:59.000+0200: 4,141: Total time for which application threads were stopped: 0,0001717 seconds, Stopping threads took: 0,0000415 seconds
2017-04-12T08:37:59.001+0200: 4,143: Total time for which application threads were stopped: 0,0001387 seconds, Stopping threads took: 0,0000369 seconds
2017-04-12T08:37:59.002+0200: 4,143: Total time for which application threads were stopped: 0,0001125 seconds, Stopping threads took: 0,0000271 seconds
2017-04-12T08:37:59.004+0200: 4,146: Total time for which application threads were stopped: 0,0001242 seconds, Stopping threads took: 0,0000404 seconds
2017-04-12T08:37:59.010+0200: 4,151: Total time for which application threads were stopped: 0,0001127 seconds, Stopping threads took: 0,0000303 seconds
2017-04-12T08:37:59.011+0200: 4,153: Total time for which application threads were stopped: 0,0001245 seconds, Stopping threads took: 0,0000416 seconds
2017-04-12T08:37:59.017+0200: 4,159: Total time for which application threads were stopped: 0,0000969 seconds, Stopping threads took: 0,0000217 seconds
2017-04-12T08:37:59.018+0200: 4,160: Total time for which application threads were stopped: 0,0003849 seconds, Stopping threads took: 0,0000154 seconds
2017-04-12T08:37:59.021+0200: 4,163: Total time for which application threads were stopped: 0,0002185 seconds, Stopping threads took: 0,0001243 seconds
2017-04-12T08:37:59.022+0200: 4,163: Total time for which application threads were stopped: 0,0001466 seconds, Stopping threads took: 0,0000470 seconds
2017-04-12T08:37:59.022+0200: 4,163: Total time for which application threads were stopped: 0,0001187 seconds, Stopping threads took: 0,0000308 seconds
2017-04-12T08:37:59.023+0200: 4,164: Total time for which application threads were stopped: 0,0001266 seconds, Stopping threads took: 0,0000486 seconds
2017-04-12T08:37:59.031+0200: 4,172: Total time for which application threads were stopped: 0,0001312 seconds, Stopping threads took: 0,0000405 seconds
2017-04-12T08:37:59.038+0200: 4,180: Total time for which application threads were stopped: 0,0001365 seconds, Stopping threads took: 0,0000382 seconds
2017-04-12T08:37:59.039+0200: 4,180: Total time for which application threads were stopped: 0,0001199 seconds, Stopping threads took: 0,0000301 seconds
2017-04-12T08:37:59.039+0200: 4,181: Total time for which application threads were stopped: 0,0001306 seconds, Stopping threads took: 0,0000320 seconds
2017-04-12T08:37:59.040+0200: 4,182: Total time for which application threads were stopped: 0,0001348 seconds, Stopping threads took: 0,0000497 seconds
2017-04-12T08:37:59.043+0200: 4,184: Total time for which application threads were stopped: 0,0001851 seconds, Stopping threads took: 0,0000555 seconds
2017-04-12T08:37:59.047+0200: 4,188: Total time for which application threads were stopped: 0,0037513 seconds, Stopping threads took: 0,0036758 seconds
2017-04-12T08:37:59.047+0200: 4,188: Total time for which application threads were stopped: 0,0001130 seconds, Stopping threads took: 0,0000359 seconds
2017-04-12T08:37:59.047+0200: 4,189: Total time for which application threads were stopped: 0,0000637 seconds, Stopping threads took: 0,0000129 seconds
2017-04-12T08:37:59.047+0200: 4,189: Total time for which application threads were stopped: 0,0001702 seconds, Stopping threads took: 0,0000245 seconds
2017-04-12T08:37:59.048+0200: 4,189: Total time for which application threads were stopped: 0,0001191 seconds, Stopping threads took: 0,0000359 seconds
2017-04-12T08:37:59.048+0200: 4,190: Total time for which application threads were stopped: 0,0001004 seconds, Stopping threads took: 0,0000348 seconds
2017-04-12T08:37:59.048+0200: 4,190: Total time for which application threads were stopped: 0,0000820 seconds, Stopping threads took: 0,0000239 seconds
2017-04-12T08:37:59.048+0200: 4,190: Total time for which application threads were stopped: 0,0000771 seconds, Stopping threads took: 0,0000169 seconds
2017-04-12T08:37:59.049+0200: 4,190: Total time for which application threads were stopped: 0,0000793 seconds, Stopping threads took: 0,0000184 seconds
2017-04-12T08:37:59.051+0200: 4,192: Total time for which application threads were stopped: 0,0001894 seconds, Stopping threads took: 0,0000407 seconds
2017-04-12T08:37:59.051+0200: 4,193: Total time for which application threads were stopped: 0,0000954 seconds, Stopping threads took: 0,0000229 seconds
2017-04-12T08:37:59.051+0200: 4,193: Total time for which application threads were stopped: 0,0000874 seconds, Stopping threads took: 0,0000246 seconds
2017-04-12T08:37:59.051+0200: 4,193: Total time for which application threads were stopped: 0,0001135 seconds, Stopping threads took: 0,0000367 seconds
2017-04-12T08:37:59.052+0200: 4,193: Total time for which application threads were stopped: 0,0000907 seconds, Stopping threads took: 0,0000174 seconds
2017-04-12T08:37:59.052+0200: 4,193: Total time for which application threads were stopped: 0,0000825 seconds, Stopping threads took: 0,0000220 seconds
2017-04-12T08:37:59.052+0200: 4,194: Total time for which application threads were stopped: 0,0000806 seconds, Stopping threads took: 0,0000179 seconds
2017-04-12T08:37:59.052+0200: 4,194: Total time for which application threads were stopped: 0,0000813 seconds, Stopping threads took: 0,0000190 seconds
2017-04-12T08:37:59.052+0200: 4,194: Total time for which application threads were stopped: 0,0000737 seconds, Stopping threads took: 0,0000169 seconds
2017-04-12T08:37:59.054+0200: 4,196: Total time for which application threads were stopped: 0,0020419 seconds, Stopping threads took: 0,0019481 seconds
2017-04-12T08:37:59.055+0200: 4,196: Total time for which application threads were stopped: 0,0001262 seconds, Stopping threads took: 0,0000321 seconds
2017-04-12T08:37:59.055+0200: 4,196: Total time for which application threads were stopped: 0,0000981 seconds, Stopping threads took: 0,0000319 seconds
2017-04-12T08:37:59.055+0200: 4,197: Total time for which application threads were stopped: 0,0000911 seconds, Stopping threads took: 0,0000260 seconds
2017-04-12T08:37:59.055+0200: 4,197: Total time for which application threads were stopped: 0,0000809 seconds, Stopping threads took: 0,0000200 seconds
2017-04-12T08:37:59.056+0200: 4,197: Total time for which application threads were stopped: 0,0001756 seconds, Stopping threads took: 0,0000160 seconds
2017-04-12T08:37:59.061+0200: 4,203: Total time for which application threads were stopped: 0,0001222 seconds, Stopping threads took: 0,0000388 seconds
2017-04-12T08:37:59.067+0200: 4,208: Total time for which application threads were stopped: 0,0028535 seconds, Stopping threads took: 0,0027100 seconds
2017-04-12T08:37:59.075+0200: 4,216: Total time for which application threads were stopped: 0,0001502 seconds, Stopping threads took: 0,0000512 seconds
2017-04-12T08:37:59.112+0200: 4,253: Total time for which application threads were stopped: 0,0012804 seconds, Stopping threads took: 0,0011840 seconds
2017-04-12T08:37:59.114+0200: 4,256: Total time for which application threads were stopped: 0,0001198 seconds, Stopping threads took: 0,0000497 seconds
2017-04-12T08:37:59.152+0200: 4,293: Total time for which application threads were stopped: 0,0009174 seconds, Stopping threads took: 0,0005192 seconds
2017-04-12T08:37:59.152+0200: 4,293: Total time for which application threads were stopped: 0,0001051 seconds, Stopping threads took: 0,0000535 seconds
2017-04-12T08:37:59.152+0200: 4,294: Total time for which application threads were stopped: 0,0000869 seconds, Stopping threads took: 0,0000282 seconds
2017-04-12T08:37:59.159+0200: 4,300: Total time for which application threads were stopped: 0,0016299 seconds, Stopping threads took: 0,0015396 seconds
{Heap before GC invocations=9 (full 1):
 par new generation   total 109248K, used 94143K [0x00000000e0000000, 0x00000000e8000000, 0x00000000e8000000)
  eden space 87424K, 100% used [0x00000000e0000000, 0x00000000e5560000, 0x00000000e5560000)
  from space 21824K,  30% used [0x00000000e6ab0000, 0x00000000e713fce0, 0x00000000e8000000)
  to   space 21824K,   0% used [0x00000000e5560000, 0x00000000e5560000, 0x00000000e6ab0000)
 concurrent mark-sweep generation total 393216K, used 6025K [0x00000000e8000000, 0x0000000100000000, 0x0000000100000000)
 Metaspace       used 27890K, capacity 28441K, committed 28540K, reserved 1075200K
  class space    used 3199K, capacity 3394K, committed 3452K, reserved 1048576K
2017-04-12T08:37:59.169+0200: 4,310: [GC (Allocation Failure) 2017-04-12T08:37:59.169+0200: 4,311: [ParNew
Desired survivor size 20112992 bytes, new threshold 8 (max 8)
- age   1:   11059264 bytes,   11059264 total
- age   2:     510192 bytes,   11569456 total
- age   3:     223864 bytes,   11793320 total
- age   4:    1782400 bytes,   13575720 total
- age   5:      48288 bytes,   13624008 total
- age   7:     107976 bytes,   13731984 total
- age   8:     180648 bytes,   13912632 total
: 94143K->14707K(109248K), 0,0178601 secs] 100169K->21587K(502464K), 0,0179378 secs] [Times: user=0,07 sys=0,00, real=0,02 secs] 
Heap after GC invocations=10 (full 1):
 par new generation   total 109248K, used 14707K [0x00000000e0000000, 0x00000000e8000000, 0x00000000e8000000)
  eden space 87424K,   0% used [0x00000000e0000000, 0x00000000e0000000, 0x00000000e5560000)
  from space 21824K,  67% used [0x00000000e5560000, 0x00000000e63bcf90, 0x00000000e6ab0000)
  to   space 21824K,   0% used [0x00000000e6ab0000, 0x00000000e6ab0000, 0x00000000e8000000)
 concurrent mark-sweep generation total 393216K, used 6879K [0x00000000e8000000, 0x0000000100000000, 0x0000000100000000)
 Metaspace       used 27890K, capacity 28441K, committed 28540K, reserved 1075200K
  class space    used 3199K, capacity 3394K, committed 3452K, reserved 1048576K
}
2017-04-12T08:37:59.187+0200: 4,328: Total time for which application threads were stopped: 0,0180953 seconds, Stopping threads took: 0,0000210 seconds
2017-04-12T08:37:59.188+0200: 4,329: Total time for which application threads were stopped: 0,0001028 seconds, Stopping threads took: 0,0000474 seconds
2017-04-12T08:37:59.188+0200: 4,330: Total time for which application threads were stopped: 0,0000499 seconds, Stopping threads took: 0,0000234 seconds
2017-04-12T08:38:00.188+0200: 5,330: Total time for which application threads were stopped: 0,0000919 seconds, Stopping threads took: 0,0000238 seconds
2017-04-12T08:39:17.200+0200: 82,341: Total time for which application threads were stopped: 0,0000812 seconds, Stopping threads took: 0,0000328 seconds
2017-04-12T08:39:52.203+0200: 117,345: Total time for which application threads were stopped: 0,0002276 seconds, Stopping threads took: 0,0001092 seconds
2017-04-12T08:39:57.204+0200: 122,345: Total time for which application threads were stopped: 0,0001673 seconds, Stopping threads took: 0,0000177 seconds
2017-04-12T08:40:56.210+0200: 181,352: Total time for which application threads were stopped: 0,0000963 seconds, Stopping threads took: 0,0000396 seconds
2017-04-12T08:42:16.219+0200: 261,361: Total time for which application threads were stopped: 0,0000902 seconds, Stopping threads took: 0,0000354 seconds
2017-04-12T08:42:32.221+0200: 277,362: Total time for which application threads were stopped: 0,0000713 seconds, Stopping threads took: 0,0000162 seconds
2017-04-12T08:42:42.222+0200: 287,364: Total time for which application threads were stopped: 0,0000791 seconds, Stopping threads took: 0,0000305 seconds
2017-04-12T08:45:57.244+0200: 482,385: Total time for which application threads were stopped: 0,0000873 seconds, Stopping threads took: 0,0000352 seconds
2017-04-12T08:50:44.002+0200: 769,144: Total time for which application threads were stopped: 0,0003059 seconds, Stopping threads took: 0,0001986 seconds
2017-04-12T08:50:44.002+0200: 769,144: Total time for which application threads were stopped: 0,0000556 seconds, Stopping threads took: 0,0000105 seconds
2017-04-12T08:50:44.023+0200: 769,164: Total time for which application threads were stopped: 0,0015368 seconds, Stopping threads took: 0,0014612 seconds
2017-04-12T08:50:44.031+0200: 769,172: Total time for which application threads were stopped: 0,0002600 seconds, Stopping threads took: 0,0001926 seconds
2017-04-12T08:50:44.031+0200: 769,173: Total time for which application threads were stopped: 0,0000777 seconds, Stopping threads took: 0,0000133 seconds
2017-04-12T08:50:44.033+0200: 769,175: Total time for which application threads were stopped: 0,0001161 seconds, Stopping threads took: 0,0000462 seconds
2017-04-12T08:50:44.034+0200: 769,175: Total time for which application threads were stopped: 0,0001062 seconds, Stopping threads took: 0,0000356 seconds
2017-04-12T08:50:44.034+0200: 769,175: Total time for which application threads were stopped: 0,0000473 seconds, Stopping threads took: 0,0000149 seconds
2017-04-12T08:50:44.034+0200: 769,176: Total time for which application threads were stopped: 0,0000474 seconds, Stopping threads took: 0,0000148 seconds
2017-04-12T08:50:44.034+0200: 769,176: Total time for which application threads were stopped: 0,0000412 seconds, Stopping threads took: 0,0000136 seconds
2017-04-12T08:50:44.034+0200: 769,176: Total time for which application threads were stopped: 0,0000775 seconds, Stopping threads took: 0,0000124 seconds
2017-04-12T08:50:44.034+0200: 769,176: Total time for which application threads were stopped: 0,0000420 seconds, Stopping threads took: 0,0000120 seconds
2017-04-12T08:50:44.034+0200: 769,176: Total time for which application threads were stopped: 0,0000433 seconds, Stopping threads took: 0,0000122 seconds
2017-04-12T08:50:44.034+0200: 769,176: Total time for which application threads were stopped: 0,0000437 seconds, Stopping threads took: 0,0000122 seconds
2017-04-12T08:50:44.043+0200: 769,185: Total time for which application threads were stopped: 0,0001424 seconds, Stopping threads took: 0,0000616 seconds
2017-04-12T08:50:44.044+0200: 769,185: Total time for which application threads were stopped: 0,0000620 seconds, Stopping threads took: 0,0000215 seconds
2017-04-12T08:50:44.044+0200: 769,185: Total time for which application threads were stopped: 0,0000516 seconds, Stopping threads took: 0,0000181 seconds
2017-04-12T08:50:44.047+0200: 769,189: Total time for which application threads were stopped: 0,0005255 seconds, Stopping threads took: 0,0000173 seconds
2017-04-12T08:50:44.048+0200: 769,190: Total time for which application threads were stopped: 0,0004372 seconds, Stopping threads took: 0,0003632 seconds
2017-04-12T08:50:44.048+0200: 769,190: Total time for which application threads were stopped: 0,0000746 seconds, Stopping threads took: 0,0000361 seconds
2017-04-12T08:50:44.049+0200: 769,191: Total time for which application threads were stopped: 0,0000720 seconds, Stopping threads took: 0,0000141 seconds
2017-04-12T08:50:44.049+0200: 769,191: Total time for which application threads were stopped: 0,0000498 seconds, Stopping threads took: 0,0000160 seconds
2017-04-12T08:50:44.049+0200: 769,191: Total time for which application threads were stopped: 0,0000490 seconds, Stopping threads took: 0,0000165 seconds
2017-04-12T08:50:44.049+0200: 769,191: Total time for which application threads were stopped: 0,0000454 seconds, Stopping threads took: 0,0000144 seconds
2017-04-12T08:50:44.050+0200: 769,191: Total time for which application threads were stopped: 0,0000437 seconds, Stopping threads took: 0,0000136 seconds
2017-04-12T08:50:44.050+0200: 769,191: Total time for which application threads were stopped: 0,0000425 seconds, Stopping threads took: 0,0000080 seconds
2017-04-12T08:50:44.050+0200: 769,191: Total time for which application threads were stopped: 0,0000485 seconds, Stopping threads took: 0,0000165 seconds
2017-04-12T08:50:44.050+0200: 769,191: Total time for which application threads were stopped: 0,0000466 seconds, Stopping threads took: 0,0000156 seconds
2017-04-12T08:50:44.050+0200: 769,192: Total time for which application threads were stopped: 0,0000368 seconds, Stopping threads took: 0,0000089 seconds
2017-04-12T08:50:44.053+0200: 769,194: Total time for which application threads were stopped: 0,0025437 seconds, Stopping threads took: 0,0023475 seconds
2017-04-12T08:50:44.053+0200: 769,195: Total time for which application threads were stopped: 0,0000729 seconds, Stopping threads took: 0,0000177 seconds
2017-04-12T08:50:44.055+0200: 769,196: Total time for which application threads were stopped: 0,0001447 seconds, Stopping threads took: 0,0000321 seconds
2017-04-12T08:50:44.058+0200: 769,200: Total time for which application threads were stopped: 0,0000835 seconds, Stopping threads took: 0,0000192 seconds
2017-04-12T08:50:44.059+0200: 769,201: Total time for which application threads were stopped: 0,0000947 seconds, Stopping threads took: 0,0000114 seconds
Heap
 par new generation   total 109248K, used 41536K [0x00000000e0000000, 0x00000000e8000000, 0x00000000e8000000)
  eden space 87424K,  30% used [0x00000000e0000000, 0x00000000e1a332f0, 0x00000000e5560000)
  from space 21824K,  67% used [0x00000000e5560000, 0x00000000e63bcf90, 0x00000000e6ab0000)
  to   space 21824K,   0% used [0x00000000e6ab0000, 0x00000000e6ab0000, 0x00000000e8000000)
 concurrent mark-sweep generation total 393216K, used 6879K [0x00000000e8000000, 0x0000000100000000, 0x0000000100000000)
 Metaspace       used 28136K, capacity 28673K, committed 28796K, reserved 1075200K
  class space    used 3230K, capacity 3428K, committed 3452K, reserved 1048576K
