OpenJDK 64-Bit Server VM (25.131-b11) for linux-amd64 JRE (1.8.0_131-8u131-b11-0ubuntu1.16.04.2-b11), built on May  6 2017 02:45:27 by "buildd" with gcc 5.4.0 20160609
Memory: 4k page, physical 7867740k(7415304k free), swap 8076284k(8076284k free)
CommandLine flags: -XX:CMSInitiatingOccupancyFraction=50 -XX:CMSMaxAbortablePrecleanTime=6000 -XX:+CMSParallelRemarkEnabled -XX:+CMSScavengeBeforeRemark -XX:ConcGCThreads=4 -XX:InitialHeapSize=536870912 -XX:MaxHeapSize=536870912 -XX:MaxTenuringThreshold=8 -XX:NewRatio=3 -XX:OldPLABSize=16 -XX:OnOutOfMemoryError=/opt/solr/bin/oom_solr.sh 8983 /var/solr/logs -XX:ParallelGCThreads=4 -XX:+ParallelRefProcEnabled -XX:PretenureSizeThreshold=67108864 -XX:+PrintGC -XX:+PrintGCApplicationStoppedTime -XX:+PrintGCDateStamps -XX:+PrintGCDetails -XX:+PrintGCTimeStamps -XX:+PrintHeapAtGC -XX:+PrintTenuringDistribution -XX:SurvivorRatio=4 -XX:TargetSurvivorRatio=90 -XX:ThreadStackSize=256 -XX:+UseCMSInitiatingOccupancyOnly -XX:+UseCompressedClassPointers -XX:+UseCompressedOops -XX:+UseConcMarkSweepGC -XX:+UseParNewGC 
2017-06-24T06:02:15.776+0200: 0,172: Total time for which application threads were stopped: 0,0000769 seconds, Stopping threads took: 0,0000136 seconds
2017-06-24T06:02:15.866+0200: 0,263: Total time for which application threads were stopped: 0,0001168 seconds, Stopping threads took: 0,0000178 seconds
2017-06-24T06:02:15.881+0200: 0,278: Total time for which application threads were stopped: 0,0001269 seconds, Stopping threads took: 0,0000588 seconds
2017-06-24T06:02:16.075+0200: 0,472: Total time for which application threads were stopped: 0,0025051 seconds, Stopping threads took: 0,0014329 seconds
2017-06-24T06:02:16.567+0200: 0,963: Total time for which application threads were stopped: 0,0003270 seconds, Stopping threads took: 0,0000348 seconds
2017-06-24T06:02:16.750+0200: 1,146: Total time for which application threads were stopped: 0,0002083 seconds, Stopping threads took: 0,0000145 seconds
2017-06-24T06:02:16.804+0200: 1,200: Total time for which application threads were stopped: 0,0002293 seconds, Stopping threads took: 0,0000314 seconds
2017-06-24T06:02:17.178+0200: 1,575: Total time for which application threads were stopped: 0,0001641 seconds, Stopping threads took: 0,0000206 seconds
2017-06-24T06:02:17.411+0200: 1,808: Total time for which application threads were stopped: 0,0002432 seconds, Stopping threads took: 0,0000348 seconds
2017-06-24T06:02:17.427+0200: 1,824: Total time for which application threads were stopped: 0,0001830 seconds, Stopping threads took: 0,0000303 seconds
2017-06-24T06:02:17.460+0200: 1,857: Total time for which application threads were stopped: 0,0002260 seconds, Stopping threads took: 0,0000212 seconds
2017-06-24T06:02:17.462+0200: 1,858: Total time for which application threads were stopped: 0,0001764 seconds, Stopping threads took: 0,0000183 seconds
2017-06-24T06:02:17.475+0200: 1,871: Total time for which application threads were stopped: 0,0001752 seconds, Stopping threads took: 0,0000157 seconds
2017-06-24T06:02:17.542+0200: 1,939: Total time for which application threads were stopped: 0,0002590 seconds, Stopping threads took: 0,0000252 seconds
2017-06-24T06:02:17.706+0200: 2,103: Total time for which application threads were stopped: 0,0002894 seconds, Stopping threads took: 0,0000568 seconds
{Heap before GC invocations=0 (full 0):
 par new generation   total 109248K, used 87424K [0x00000000e0000000, 0x00000000e8000000, 0x00000000e8000000)
  eden space 87424K, 100% used [0x00000000e0000000, 0x00000000e5560000, 0x00000000e5560000)
  from space 21824K,   0% used [0x00000000e5560000, 0x00000000e5560000, 0x00000000e6ab0000)
  to   space 21824K,   0% used [0x00000000e6ab0000, 0x00000000e6ab0000, 0x00000000e8000000)
 concurrent mark-sweep generation total 393216K, used 0K [0x00000000e8000000, 0x0000000100000000, 0x0000000100000000)
 Metaspace       used 17995K, capacity 18336K, committed 18688K, reserved 1064960K
  class space    used 2036K, capacity 2196K, committed 2304K, reserved 1048576K
2017-06-24T06:02:17.774+0200: 2,170: [GC (Allocation Failure) 2017-06-24T06:02:17.774+0200: 2,170: [ParNew
Desired survivor size 20112992 bytes, new threshold 8 (max 8)
- age   1:   12352400 bytes,   12352400 total
: 87424K->12169K(109248K), 0,0191490 secs] 87424K->12169K(502464K), 0,0192265 secs] [Times: user=0,06 sys=0,00, real=0,02 secs] 
Heap after GC invocations=1 (full 0):
 par new generation   total 109248K, used 12169K [0x00000000e0000000, 0x00000000e8000000, 0x00000000e8000000)
  eden space 87424K,   0% used [0x00000000e0000000, 0x00000000e0000000, 0x00000000e5560000)
  from space 21824K,  55% used [0x00000000e6ab0000, 0x00000000e76926d8, 0x00000000e8000000)
  to   space 21824K,   0% used [0x00000000e5560000, 0x00000000e5560000, 0x00000000e6ab0000)
 concurrent mark-sweep generation total 393216K, used 0K [0x00000000e8000000, 0x0000000100000000, 0x0000000100000000)
 Metaspace       used 17995K, capacity 18336K, committed 18688K, reserved 1064960K
  class space    used 2036K, capacity 2196K, committed 2304K, reserved 1048576K
}
2017-06-24T06:02:17.793+0200: 2,190: Total time for which application threads were stopped: 0,0195826 seconds, Stopping threads took: 0,0001785 seconds
2017-06-24T06:02:18.109+0200: 2,506: Total time for which application threads were stopped: 0,0004124 seconds, Stopping threads took: 0,0000498 seconds
2017-06-24T06:02:18.147+0200: 2,544: Total time for which application threads were stopped: 0,0003562 seconds, Stopping threads took: 0,0000707 seconds
{Heap before GC invocations=1 (full 0):
 par new generation   total 109248K, used 99593K [0x00000000e0000000, 0x00000000e8000000, 0x00000000e8000000)
  eden space 87424K, 100% used [0x00000000e0000000, 0x00000000e5560000, 0x00000000e5560000)
  from space 21824K,  55% used [0x00000000e6ab0000, 0x00000000e76926d8, 0x00000000e8000000)
  to   space 21824K,   0% used [0x00000000e5560000, 0x00000000e5560000, 0x00000000e6ab0000)
 concurrent mark-sweep generation total 393216K, used 0K [0x00000000e8000000, 0x0000000100000000, 0x0000000100000000)
 Metaspace       used 20039K, capacity 20358K, committed 20736K, reserved 1067008K
  class space    used 2296K, capacity 2467K, committed 2560K, reserved 1048576K
2017-06-24T06:02:18.153+0200: 2,549: [GC (Allocation Failure) 2017-06-24T06:02:18.153+0200: 2,549: [ParNew
Desired survivor size 20112992 bytes, new threshold 8 (max 8)
- age   1:    3784624 bytes,    3784624 total
- age   2:    6569112 bytes,   10353736 total
: 99593K->15449K(109248K), 0,0123389 secs] 99593K->15449K(502464K), 0,0124265 secs] [Times: user=0,04 sys=0,00, real=0,01 secs] 
Heap after GC invocations=2 (full 0):
 par new generation   total 109248K, used 15449K [0x00000000e0000000, 0x00000000e8000000, 0x00000000e8000000)
  eden space 87424K,   0% used [0x00000000e0000000, 0x00000000e0000000, 0x00000000e5560000)
  from space 21824K,  70% used [0x00000000e5560000, 0x00000000e6476480, 0x00000000e6ab0000)
  to   space 21824K,   0% used [0x00000000e6ab0000, 0x00000000e6ab0000, 0x00000000e8000000)
 concurrent mark-sweep generation total 393216K, used 0K [0x00000000e8000000, 0x0000000100000000, 0x0000000100000000)
 Metaspace       used 20039K, capacity 20358K, committed 20736K, reserved 1067008K
  class space    used 2296K, capacity 2467K, committed 2560K, reserved 1048576K
}
2017-06-24T06:02:18.165+0200: 2,562: Total time for which application threads were stopped: 0,0126307 seconds, Stopping threads took: 0,0000641 seconds
2017-06-24T06:02:18.222+0200: 2,618: Total time for which application threads were stopped: 0,0003971 seconds, Stopping threads took: 0,0000614 seconds
2017-06-24T06:02:18.344+0200: 2,740: Total time for which application threads were stopped: 0,0001723 seconds, Stopping threads took: 0,0000389 seconds
{Heap before GC invocations=2 (full 0):
 par new generation   total 109248K, used 102869K [0x00000000e0000000, 0x00000000e8000000, 0x00000000e8000000)
  eden space 87424K,  99% used [0x00000000e0000000, 0x00000000e555f200, 0x00000000e5560000)
  from space 21824K,  70% used [0x00000000e5560000, 0x00000000e6476480, 0x00000000e6ab0000)
  to   space 21824K,   0% used [0x00000000e6ab0000, 0x00000000e6ab0000, 0x00000000e8000000)
 concurrent mark-sweep generation total 393216K, used 0K [0x00000000e8000000, 0x0000000100000000, 0x0000000100000000)
 Metaspace       used 20963K, capacity 21286K, committed 21628K, reserved 1069056K
  class space    used 2416K, capacity 2587K, committed 2684K, reserved 1048576K
2017-06-24T06:02:18.379+0200: 2,775: [GC (Allocation Failure) 2017-06-24T06:02:18.379+0200: 2,775: [ParNew
Desired survivor size 20112992 bytes, new threshold 8 (max 8)
- age   1:    2173864 bytes,    2173864 total
- age   2:     948232 bytes,    3122096 total
- age   3:    6567128 bytes,    9689224 total
: 102869K->11147K(109248K), 0,0110489 secs] 102869K->11147K(502464K), 0,0111413 secs] [Times: user=0,04 sys=0,00, real=0,01 secs] 
Heap after GC invocations=3 (full 0):
 par new generation   total 109248K, used 11147K [0x00000000e0000000, 0x00000000e8000000, 0x00000000e8000000)
  eden space 87424K,   0% used [0x00000000e0000000, 0x00000000e0000000, 0x00000000e5560000)
  from space 21824K,  51% used [0x00000000e6ab0000, 0x00000000e7592d10, 0x00000000e8000000)
  to   space 21824K,   0% used [0x00000000e5560000, 0x00000000e5560000, 0x00000000e6ab0000)
 concurrent mark-sweep generation total 393216K, used 0K [0x00000000e8000000, 0x0000000100000000, 0x0000000100000000)
 Metaspace       used 20963K, capacity 21286K, committed 21628K, reserved 1069056K
  class space    used 2416K, capacity 2587K, committed 2684K, reserved 1048576K
}
2017-06-24T06:02:18.390+0200: 2,787: Total time for which application threads were stopped: 0,0113529 seconds, Stopping threads took: 0,0000466 seconds
2017-06-24T06:02:18.394+0200: 2,791: [GC (CMS Initial Mark) [1 CMS-initial-mark: 0K(393216K)] 13261K(502464K), 0,0047867 secs] [Times: user=0,01 sys=0,00, real=0,01 secs] 
2017-06-24T06:02:18.399+0200: 2,796: Total time for which application threads were stopped: 0,0050410 seconds, Stopping threads took: 0,0001536 seconds
2017-06-24T06:02:18.399+0200: 2,796: [CMS-concurrent-mark-start]
2017-06-24T06:02:18.400+0200: 2,796: [CMS-concurrent-mark: 0,001/0,001 secs] [Times: user=0,00 sys=0,00, real=0,00 secs] 
2017-06-24T06:02:18.400+0200: 2,796: [CMS-concurrent-preclean-start]
2017-06-24T06:02:18.401+0200: 2,798: [CMS-concurrent-preclean: 0,001/0,001 secs] [Times: user=0,01 sys=0,00, real=0,00 secs] 
2017-06-24T06:02:18.401+0200: 2,798: [CMS-concurrent-abortable-preclean-start]
2017-06-24T06:02:18.496+0200: 2,892: Total time for which application threads were stopped: 0,0002158 seconds, Stopping threads took: 0,0001227 seconds
2017-06-24T06:02:18.496+0200: 2,892: [CMS-concurrent-abortable-preclean: 0,095/0,095 secs] [Times: user=0,36 sys=0,00, real=0,09 secs] 
2017-06-24T06:02:18.498+0200: 2,895: [GC (CMS Final Remark) [YG occupancy: 82283 K (109248 K)]{Heap before GC invocations=3 (full 1):
 par new generation   total 109248K, used 82283K [0x00000000e0000000, 0x00000000e8000000, 0x00000000e8000000)
  eden space 87424K,  81% used [0x00000000e0000000, 0x00000000e4578208, 0x00000000e5560000)
  from space 21824K,  51% used [0x00000000e6ab0000, 0x00000000e7592d10, 0x00000000e8000000)
  to   space 21824K,   0% used [0x00000000e5560000, 0x00000000e5560000, 0x00000000e6ab0000)
 concurrent mark-sweep generation total 393216K, used 0K [0x00000000e8000000, 0x0000000100000000, 0x0000000100000000)
 Metaspace       used 21213K, capacity 21549K, committed 21884K, reserved 1069056K
  class space    used 2443K, capacity 2601K, committed 2684K, reserved 1048576K
2017-06-24T06:02:18.498+0200: 2,895: [GC (CMS Final Remark) 2017-06-24T06:02:18.498+0200: 2,895: [ParNew
Desired survivor size 20112992 bytes, new threshold 8 (max 8)
- age   1:    1095824 bytes,    1095824 total
- age   2:    1456848 bytes,    2552672 total
- age   3:     914888 bytes,    3467560 total
- age   4:    6567040 bytes,   10034600 total
: 82283K->14369K(109248K), 0,0187350 secs] 82283K->14369K(502464K), 0,0187834 secs] [Times: user=0,07 sys=0,00, real=0,01 secs] 
Heap after GC invocations=4 (full 1):
 par new generation   total 109248K, used 14369K [0x00000000e0000000, 0x00000000e8000000, 0x00000000e8000000)
  eden space 87424K,   0% used [0x00000000e0000000, 0x00000000e0000000, 0x00000000e5560000)
  from space 21824K,  65% used [0x00000000e5560000, 0x00000000e63686f8, 0x00000000e6ab0000)
  to   space 21824K,   0% used [0x00000000e6ab0000, 0x00000000e6ab0000, 0x00000000e8000000)
 concurrent mark-sweep generation total 393216K, used 0K [0x00000000e8000000, 0x0000000100000000, 0x0000000100000000)
 Metaspace       used 21213K, capacity 21549K, committed 21884K, reserved 1069056K
  class space    used 2443K, capacity 2601K, committed 2684K, reserved 1048576K
}
2017-06-24T06:02:18.517+0200: 2,913: [Rescan (parallel) , 0,0070928 secs]2017-06-24T06:02:18.524+0200: 2,921: [weak refs processing, 0,0005788 secs]2017-06-24T06:02:18.524+0200: 2,921: [class unloading, 0,0028150 secs]2017-06-24T06:02:18.527+0200: 2,924: [scrub symbol table, 0,0025283 secs]2017-06-24T06:02:18.530+0200: 2,927: [scrub string table, 0,0003658 secs][1 CMS-remark: 0K(393216K)] 14369K(502464K), 0,0328092 secs] [Times: user=0,10 sys=0,00, real=0,03 secs] 
2017-06-24T06:02:18.531+0200: 2,927: Total time for which application threads were stopped: 0,0348860 seconds, Stopping threads took: 0,0019902 seconds
2017-06-24T06:02:18.531+0200: 2,927: [CMS-concurrent-sweep-start]
2017-06-24T06:02:18.531+0200: 2,927: [CMS-concurrent-sweep: 0,000/0,000 secs] [Times: user=0,00 sys=0,00, real=0,00 secs] 
2017-06-24T06:02:18.531+0200: 2,927: [CMS-concurrent-reset-start]
2017-06-24T06:02:18.532+0200: 2,929: [CMS-concurrent-reset: 0,001/0,001 secs] [Times: user=0,00 sys=0,00, real=0,00 secs] 
{Heap before GC invocations=4 (full 1):
 par new generation   total 109248K, used 101793K [0x00000000e0000000, 0x00000000e8000000, 0x00000000e8000000)
  eden space 87424K, 100% used [0x00000000e0000000, 0x00000000e5560000, 0x00000000e5560000)
  from space 21824K,  65% used [0x00000000e5560000, 0x00000000e63686f8, 0x00000000e6ab0000)
  to   space 21824K,   0% used [0x00000000e6ab0000, 0x00000000e6ab0000, 0x00000000e8000000)
 concurrent mark-sweep generation total 393216K, used 0K [0x00000000e8000000, 0x0000000100000000, 0x0000000100000000)
 Metaspace       used 21333K, capacity 21645K, committed 21884K, reserved 1069056K
  class space    used 2463K, capacity 2633K, committed 2684K, reserved 1048576K
2017-06-24T06:02:18.628+0200: 3,025: [GC (Allocation Failure) 2017-06-24T06:02:18.628+0200: 3,025: [ParNew
Desired survivor size 20112992 bytes, new threshold 8 (max 8)
- age   1:     712712 bytes,     712712 total
- age   2:     150952 bytes,     863664 total
- age   3:    1451360 bytes,    2315024 total
- age   4:     912888 bytes,    3227912 total
- age   5:    6567064 bytes,    9794976 total
: 101793K->12887K(109248K), 0,0099814 secs] 101793K->12887K(502464K), 0,0100437 secs] [Times: user=0,03 sys=0,00, real=0,01 secs] 
Heap after GC invocations=5 (full 1):
 par new generation   total 109248K, used 12887K [0x00000000e0000000, 0x00000000e8000000, 0x00000000e8000000)
  eden space 87424K,   0% used [0x00000000e0000000, 0x00000000e0000000, 0x00000000e5560000)
  from space 21824K,  59% used [0x00000000e6ab0000, 0x00000000e7745c58, 0x00000000e8000000)
  to   space 21824K,   0% used [0x00000000e5560000, 0x00000000e5560000, 0x00000000e6ab0000)
 concurrent mark-sweep generation total 393216K, used 0K [0x00000000e8000000, 0x0000000100000000, 0x0000000100000000)
 Metaspace       used 21333K, capacity 21645K, committed 21884K, reserved 1069056K
  class space    used 2463K, capacity 2633K, committed 2684K, reserved 1048576K
}
2017-06-24T06:02:18.638+0200: 3,035: Total time for which application threads were stopped: 0,0102562 seconds, Stopping threads took: 0,0000772 seconds
2017-06-24T06:02:18.681+0200: 3,078: Total time for which application threads were stopped: 0,0002980 seconds, Stopping threads took: 0,0000169 seconds
2017-06-24T06:02:18.942+0200: 3,338: Total time for which application threads were stopped: 0,0005617 seconds, Stopping threads took: 0,0000525 seconds
2017-06-24T06:02:18.962+0200: 3,359: Total time for which application threads were stopped: 0,0028500 seconds, Stopping threads took: 0,0024744 seconds
2017-06-24T06:02:18.998+0200: 3,395: Total time for which application threads were stopped: 0,0004463 seconds, Stopping threads took: 0,0000224 seconds
{Heap before GC invocations=5 (full 1):
 par new generation   total 109248K, used 100311K [0x00000000e0000000, 0x00000000e8000000, 0x00000000e8000000)
  eden space 87424K, 100% used [0x00000000e0000000, 0x00000000e5560000, 0x00000000e5560000)
  from space 21824K,  59% used [0x00000000e6ab0000, 0x00000000e7745c58, 0x00000000e8000000)
  to   space 21824K,   0% used [0x00000000e5560000, 0x00000000e5560000, 0x00000000e6ab0000)
 concurrent mark-sweep generation total 393216K, used 0K [0x00000000e8000000, 0x0000000100000000, 0x0000000100000000)
 Metaspace       used 24217K, capacity 24667K, committed 24828K, reserved 1071104K
  class space    used 2844K, capacity 3042K, committed 3068K, reserved 1048576K
2017-06-24T06:02:19.112+0200: 3,508: [GC (Allocation Failure) 2017-06-24T06:02:19.112+0200: 3,508: [ParNew
Desired survivor size 20112992 bytes, new threshold 8 (max 8)
- age   1:    5722104 bytes,    5722104 total
- age   2:     110704 bytes,    5832808 total
- age   3:     149704 bytes,    5982512 total
- age   4:     281472 bytes,    6263984 total
- age   5:     888488 bytes,    7152472 total
- age   6:    6558648 bytes,   13711120 total
: 100311K->15056K(109248K), 0,0123971 secs] 100311K->15056K(502464K), 0,0124782 secs] [Times: user=0,04 sys=0,00, real=0,01 secs] 
Heap after GC invocations=6 (full 1):
 par new generation   total 109248K, used 15056K [0x00000000e0000000, 0x00000000e8000000, 0x00000000e8000000)
  eden space 87424K,   0% used [0x00000000e0000000, 0x00000000e0000000, 0x00000000e5560000)
  from space 21824K,  68% used [0x00000000e5560000, 0x00000000e6414340, 0x00000000e6ab0000)
  to   space 21824K,   0% used [0x00000000e6ab0000, 0x00000000e6ab0000, 0x00000000e8000000)
 concurrent mark-sweep generation total 393216K, used 0K [0x00000000e8000000, 0x0000000100000000, 0x0000000100000000)
 Metaspace       used 24217K, capacity 24667K, committed 24828K, reserved 1071104K
  class space    used 2844K, capacity 3042K, committed 3068K, reserved 1048576K
}
2017-06-24T06:02:19.124+0200: 3,521: Total time for which application threads were stopped: 0,0131742 seconds, Stopping threads took: 0,0005245 seconds
{Heap before GC invocations=6 (full 1):
 par new generation   total 109248K, used 102480K [0x00000000e0000000, 0x00000000e8000000, 0x00000000e8000000)
  eden space 87424K, 100% used [0x00000000e0000000, 0x00000000e5560000, 0x00000000e5560000)
  from space 21824K,  68% used [0x00000000e5560000, 0x00000000e6414340, 0x00000000e6ab0000)
  to   space 21824K,   0% used [0x00000000e6ab0000, 0x00000000e6ab0000, 0x00000000e8000000)
 concurrent mark-sweep generation total 393216K, used 0K [0x00000000e8000000, 0x0000000100000000, 0x0000000100000000)
 Metaspace       used 24448K, capacity 24929K, committed 25084K, reserved 1071104K
  class space    used 2860K, capacity 3043K, committed 3068K, reserved 1048576K
2017-06-24T06:02:19.217+0200: 3,613: [GC (Allocation Failure) 2017-06-24T06:02:19.217+0200: 3,613: [ParNew
Desired survivor size 20112992 bytes, new threshold 8 (max 8)
- age   1:    1144392 bytes,    1144392 total
- age   2:    1821936 bytes,    2966328 total
- age   3:      58912 bytes,    3025240 total
- age   4:      85216 bytes,    3110456 total
- age   5:     181232 bytes,    3291688 total
- age   6:     784704 bytes,    4076392 total
- age   7:    6087024 bytes,   10163416 total
: 102480K->19769K(109248K), 0,0127410 secs] 102480K->19769K(502464K), 0,0128191 secs] [Times: user=0,05 sys=0,00, real=0,02 secs] 
Heap after GC invocations=7 (full 1):
 par new generation   total 109248K, used 19769K [0x00000000e0000000, 0x00000000e8000000, 0x00000000e8000000)
  eden space 87424K,   0% used [0x00000000e0000000, 0x00000000e0000000, 0x00000000e5560000)
  from space 21824K,  90% used [0x00000000e6ab0000, 0x00000000e7dfe7a8, 0x00000000e8000000)
  to   space 21824K,   0% used [0x00000000e5560000, 0x00000000e5560000, 0x00000000e6ab0000)
 concurrent mark-sweep generation total 393216K, used 0K [0x00000000e8000000, 0x0000000100000000, 0x0000000100000000)
 Metaspace       used 24448K, capacity 24929K, committed 25084K, reserved 1071104K
  class space    used 2860K, capacity 3043K, committed 3068K, reserved 1048576K
}
2017-06-24T06:02:19.230+0200: 3,626: Total time for which application threads were stopped: 0,0130750 seconds, Stopping threads took: 0,0000570 seconds
{Heap before GC invocations=7 (full 1):
 par new generation   total 109248K, used 107193K [0x00000000e0000000, 0x00000000e8000000, 0x00000000e8000000)
  eden space 87424K, 100% used [0x00000000e0000000, 0x00000000e5560000, 0x00000000e5560000)
  from space 21824K,  90% used [0x00000000e6ab0000, 0x00000000e7dfe7a8, 0x00000000e8000000)
  to   space 21824K,   0% used [0x00000000e5560000, 0x00000000e5560000, 0x00000000e6ab0000)
 concurrent mark-sweep generation total 393216K, used 0K [0x00000000e8000000, 0x0000000100000000, 0x0000000100000000)
 Metaspace       used 24993K, capacity 25435K, committed 25724K, reserved 1071104K
  class space    used 2907K, capacity 3080K, committed 3196K, reserved 1048576K
2017-06-24T06:02:19.339+0200: 3,736: [GC (Allocation Failure) 2017-06-24T06:02:19.339+0200: 3,736: [ParNew
Desired survivor size 20112992 bytes, new threshold 8 (max 8)
- age   1:    1818664 bytes,    1818664 total
- age   2:     570344 bytes,    2389008 total
- age   3:    1798752 bytes,    4187760 total
- age   4:      56464 bytes,    4244224 total
- age   5:      85016 bytes,    4329240 total
- age   6:     180832 bytes,    4510072 total
- age   7:     783872 bytes,    5293944 total
- age   8:    6086976 bytes,   11380920 total
: 107193K->14055K(109248K), 0,0131953 secs] 107193K->14055K(502464K), 0,0132838 secs] [Times: user=0,05 sys=0,00, real=0,01 secs] 
Heap after GC invocations=8 (full 1):
 par new generation   total 109248K, used 14055K [0x00000000e0000000, 0x00000000e8000000, 0x00000000e8000000)
  eden space 87424K,   0% used [0x00000000e0000000, 0x00000000e0000000, 0x00000000e5560000)
  from space 21824K,  64% used [0x00000000e5560000, 0x00000000e6319f00, 0x00000000e6ab0000)
  to   space 21824K,   0% used [0x00000000e6ab0000, 0x00000000e6ab0000, 0x00000000e8000000)
 concurrent mark-sweep generation total 393216K, used 0K [0x00000000e8000000, 0x0000000100000000, 0x0000000100000000)
 Metaspace       used 24993K, capacity 25435K, committed 25724K, reserved 1071104K
  class space    used 2907K, capacity 3080K, committed 3196K, reserved 1048576K
}
2017-06-24T06:02:19.352+0200: 3,749: Total time for which application threads were stopped: 0,0135491 seconds, Stopping threads took: 0,0000785 seconds
2017-06-24T06:02:19.619+0200: 4,016: Total time for which application threads were stopped: 0,0004360 seconds, Stopping threads took: 0,0000192 seconds
2017-06-24T06:02:19.632+0200: 4,029: Total time for which application threads were stopped: 0,0005642 seconds, Stopping threads took: 0,0000341 seconds
2017-06-24T06:02:19.676+0200: 4,073: Total time for which application threads were stopped: 0,0003623 seconds, Stopping threads took: 0,0000649 seconds
2017-06-24T06:02:19.689+0200: 4,086: Total time for which application threads were stopped: 0,0005076 seconds, Stopping threads took: 0,0000930 seconds
2017-06-24T06:02:19.694+0200: 4,090: Total time for which application threads were stopped: 0,0001173 seconds, Stopping threads took: 0,0000287 seconds
2017-06-24T06:02:19.694+0200: 4,091: Total time for which application threads were stopped: 0,0002412 seconds, Stopping threads took: 0,0001408 seconds
2017-06-24T06:02:19.704+0200: 4,101: Total time for which application threads were stopped: 0,0001265 seconds, Stopping threads took: 0,0000387 seconds
2017-06-24T06:02:19.712+0200: 4,108: Total time for which application threads were stopped: 0,0001260 seconds, Stopping threads took: 0,0000505 seconds
2017-06-24T06:02:19.712+0200: 4,109: Total time for which application threads were stopped: 0,0000709 seconds, Stopping threads took: 0,0000156 seconds
2017-06-24T06:02:19.712+0200: 4,109: Total time for which application threads were stopped: 0,0000587 seconds, Stopping threads took: 0,0000158 seconds
2017-06-24T06:02:19.713+0200: 4,109: Total time for which application threads were stopped: 0,0000584 seconds, Stopping threads took: 0,0000152 seconds
2017-06-24T06:02:19.714+0200: 4,110: Total time for which application threads were stopped: 0,0000970 seconds, Stopping threads took: 0,0000204 seconds
2017-06-24T06:02:19.714+0200: 4,111: Total time for which application threads were stopped: 0,0000815 seconds, Stopping threads took: 0,0000166 seconds
2017-06-24T06:02:19.714+0200: 4,111: Total time for which application threads were stopped: 0,0000689 seconds, Stopping threads took: 0,0000132 seconds
2017-06-24T06:02:19.714+0200: 4,111: Total time for which application threads were stopped: 0,0000591 seconds, Stopping threads took: 0,0000197 seconds
2017-06-24T06:02:19.715+0200: 4,111: Total time for which application threads were stopped: 0,0000428 seconds, Stopping threads took: 0,0000087 seconds
2017-06-24T06:02:19.715+0200: 4,112: Total time for which application threads were stopped: 0,0000732 seconds, Stopping threads took: 0,0000182 seconds
2017-06-24T06:02:19.715+0200: 4,112: Total time for which application threads were stopped: 0,0000575 seconds, Stopping threads took: 0,0000204 seconds
2017-06-24T06:02:19.715+0200: 4,112: Total time for which application threads were stopped: 0,0000684 seconds, Stopping threads took: 0,0000203 seconds
2017-06-24T06:02:19.715+0200: 4,112: Total time for which application threads were stopped: 0,0001339 seconds, Stopping threads took: 0,0000781 seconds
2017-06-24T06:02:19.717+0200: 4,114: Total time for which application threads were stopped: 0,0000906 seconds, Stopping threads took: 0,0000239 seconds
2017-06-24T06:02:19.717+0200: 4,114: Total time for which application threads were stopped: 0,0000610 seconds, Stopping threads took: 0,0000142 seconds
2017-06-24T06:02:19.717+0200: 4,114: Total time for which application threads were stopped: 0,0000643 seconds, Stopping threads took: 0,0000211 seconds
2017-06-24T06:02:19.717+0200: 4,114: Total time for which application threads were stopped: 0,0000451 seconds, Stopping threads took: 0,0000093 seconds
2017-06-24T06:02:19.717+0200: 4,114: Total time for which application threads were stopped: 0,0000416 seconds, Stopping threads took: 0,0000100 seconds
2017-06-24T06:02:19.717+0200: 4,114: Total time for which application threads were stopped: 0,0001042 seconds, Stopping threads took: 0,0000081 seconds
2017-06-24T06:02:19.719+0200: 4,115: Total time for which application threads were stopped: 0,0001149 seconds, Stopping threads took: 0,0000449 seconds
2017-06-24T06:02:19.719+0200: 4,116: Total time for which application threads were stopped: 0,0003421 seconds, Stopping threads took: 0,0003002 seconds
2017-06-24T06:02:19.719+0200: 4,116: Total time for which application threads were stopped: 0,0004074 seconds, Stopping threads took: 0,0003709 seconds
2017-06-24T06:02:19.720+0200: 4,116: Total time for which application threads were stopped: 0,0000548 seconds, Stopping threads took: 0,0000243 seconds
2017-06-24T06:02:19.720+0200: 4,116: Total time for which application threads were stopped: 0,0000459 seconds, Stopping threads took: 0,0000187 seconds
2017-06-24T06:02:19.722+0200: 4,119: Total time for which application threads were stopped: 0,0020896 seconds, Stopping threads took: 0,0020269 seconds
2017-06-24T06:02:19.722+0200: 4,119: Total time for which application threads were stopped: 0,0000480 seconds, Stopping threads took: 0,0000125 seconds
2017-06-24T06:02:19.722+0200: 4,119: Total time for which application threads were stopped: 0,0000721 seconds, Stopping threads took: 0,0000277 seconds
2017-06-24T06:02:19.722+0200: 4,119: Total time for which application threads were stopped: 0,0000592 seconds, Stopping threads took: 0,0000104 seconds
2017-06-24T06:02:19.722+0200: 4,119: Total time for which application threads were stopped: 0,0000686 seconds, Stopping threads took: 0,0000187 seconds
2017-06-24T06:02:19.723+0200: 4,119: Total time for which application threads were stopped: 0,0001809 seconds, Stopping threads took: 0,0001261 seconds
2017-06-24T06:02:19.723+0200: 4,120: Total time for which application threads were stopped: 0,0000823 seconds, Stopping threads took: 0,0000518 seconds
2017-06-24T06:02:19.723+0200: 4,120: Total time for which application threads were stopped: 0,0000795 seconds, Stopping threads took: 0,0000509 seconds
2017-06-24T06:02:19.723+0200: 4,120: Total time for which application threads were stopped: 0,0001297 seconds, Stopping threads took: 0,0001016 seconds
2017-06-24T06:02:19.723+0200: 4,120: Total time for which application threads were stopped: 0,0000456 seconds, Stopping threads took: 0,0000144 seconds
2017-06-24T06:02:19.724+0200: 4,120: Total time for which application threads were stopped: 0,0000813 seconds, Stopping threads took: 0,0000409 seconds
2017-06-24T06:02:19.724+0200: 4,120: Total time for which application threads were stopped: 0,0000792 seconds, Stopping threads took: 0,0000516 seconds
2017-06-24T06:02:19.724+0200: 4,120: Total time for which application threads were stopped: 0,0000425 seconds, Stopping threads took: 0,0000070 seconds
2017-06-24T06:02:19.725+0200: 4,121: Total time for which application threads were stopped: 0,0000844 seconds, Stopping threads took: 0,0000334 seconds
2017-06-24T06:02:19.725+0200: 4,122: Total time for which application threads were stopped: 0,0000628 seconds, Stopping threads took: 0,0000180 seconds
2017-06-24T06:02:19.725+0200: 4,122: Total time for which application threads were stopped: 0,0001280 seconds, Stopping threads took: 0,0000165 seconds
2017-06-24T06:02:19.727+0200: 4,124: Total time for which application threads were stopped: 0,0001038 seconds, Stopping threads took: 0,0000350 seconds
{Heap before GC invocations=8 (full 1):
 par new generation   total 109248K, used 101479K [0x00000000e0000000, 0x00000000e8000000, 0x00000000e8000000)
  eden space 87424K, 100% used [0x00000000e0000000, 0x00000000e5560000, 0x00000000e5560000)
  from space 21824K,  64% used [0x00000000e5560000, 0x00000000e6319f00, 0x00000000e6ab0000)
  to   space 21824K,   0% used [0x00000000e6ab0000, 0x00000000e6ab0000, 0x00000000e8000000)
 concurrent mark-sweep generation total 393216K, used 0K [0x00000000e8000000, 0x0000000100000000, 0x0000000100000000)
 Metaspace       used 26983K, capacity 27537K, committed 27644K, reserved 1073152K
  class space    used 3098K, capacity 3289K, committed 3324K, reserved 1048576K
2017-06-24T06:02:19.729+0200: 4,126: [GC (Allocation Failure) 2017-06-24T06:02:19.729+0200: 4,126: [ParNew
Desired survivor size 20112992 bytes, new threshold 8 (max 8)
- age   1:    7491808 bytes,    7491808 total
- age   2:     306080 bytes,    7797888 total
- age   3:     176568 bytes,    7974456 total
- age   4:    1795384 bytes,    9769840 total
- age   5:      56464 bytes,    9826304 total
- age   6:      85016 bytes,    9911320 total
- age   7:     180800 bytes,   10092120 total
- age   8:     783056 bytes,   10875176 total
: 101479K->14260K(109248K), 0,0302585 secs] 101479K->20830K(502464K), 0,0303162 secs] [Times: user=0,11 sys=0,00, real=0,03 secs] 
Heap after GC invocations=9 (full 1):
 par new generation   total 109248K, used 14260K [0x00000000e0000000, 0x00000000e8000000, 0x00000000e8000000)
  eden space 87424K,   0% used [0x00000000e0000000, 0x00000000e0000000, 0x00000000e5560000)
  from space 21824K,  65% used [0x00000000e6ab0000, 0x00000000e789d1a0, 0x00000000e8000000)
  to   space 21824K,   0% used [0x00000000e5560000, 0x00000000e5560000, 0x00000000e6ab0000)
 concurrent mark-sweep generation total 393216K, used 6570K [0x00000000e8000000, 0x0000000100000000, 0x0000000100000000)
 Metaspace       used 26983K, capacity 27537K, committed 27644K, reserved 1073152K
  class space    used 3098K, capacity 3289K, committed 3324K, reserved 1048576K
}
2017-06-24T06:02:19.760+0200: 4,156: Total time for which application threads were stopped: 0,0305240 seconds, Stopping threads took: 0,0000407 seconds
2017-06-24T06:02:19.761+0200: 4,157: Total time for which application threads were stopped: 0,0001116 seconds, Stopping threads took: 0,0000453 seconds
2017-06-24T06:02:19.762+0200: 4,159: Total time for which application threads were stopped: 0,0001193 seconds, Stopping threads took: 0,0000516 seconds
2017-06-24T06:02:19.762+0200: 4,159: Total time for which application threads were stopped: 0,0000564 seconds, Stopping threads took: 0,0000115 seconds
2017-06-24T06:02:19.799+0200: 4,196: Total time for which application threads were stopped: 0,0001715 seconds, Stopping threads took: 0,0000601 seconds
2017-06-24T06:02:19.818+0200: 4,215: Total time for which application threads were stopped: 0,0001587 seconds, Stopping threads took: 0,0000708 seconds
2017-06-24T06:02:19.819+0200: 4,216: Total time for which application threads were stopped: 0,0003990 seconds, Stopping threads took: 0,0000109 seconds
2017-06-24T06:02:19.823+0200: 4,219: Total time for which application threads were stopped: 0,0001475 seconds, Stopping threads took: 0,0000671 seconds
2017-06-24T06:02:20.823+0200: 5,220: Total time for which application threads were stopped: 0,0000665 seconds, Stopping threads took: 0,0000165 seconds
2017-06-24T06:02:21.823+0200: 6,220: Total time for which application threads were stopped: 0,0000581 seconds, Stopping threads took: 0,0000150 seconds
2017-06-24T06:02:36.825+0200: 21,222: Total time for which application threads were stopped: 0,0000702 seconds, Stopping threads took: 0,0000153 seconds
2017-06-24T06:02:44.176+0200: 32,223: Total time for which application threads were stopped: 0,0000675 seconds, Stopping threads took: 0,0000158 seconds
2017-06-24T06:04:09.189+0200: 117,235: Total time for which application threads were stopped: 0,0000837 seconds, Stopping threads took: 0,0000385 seconds
2017-06-24T06:04:14.189+0200: 122,236: Total time for which application threads were stopped: 0,0000692 seconds, Stopping threads took: 0,0000178 seconds
2017-06-24T06:11:48.567+0200: 576,614: Total time for which application threads were stopped: 0,0000966 seconds, Stopping threads took: 0,0000297 seconds
2017-06-24T06:11:48.574+0200: 576,621: Total time for which application threads were stopped: 0,0001082 seconds, Stopping threads took: 0,0000413 seconds
2017-06-24T06:11:48.575+0200: 576,622: Total time for which application threads were stopped: 0,0003883 seconds, Stopping threads took: 0,0003559 seconds
2017-06-24T06:11:48.629+0200: 576,676: Total time for which application threads were stopped: 0,0044350 seconds, Stopping threads took: 0,0043413 seconds
2017-06-24T06:11:48.665+0200: 576,712: Total time for which application threads were stopped: 0,0037719 seconds, Stopping threads took: 0,0036862 seconds
2017-06-24T06:11:48.668+0200: 576,715: Total time for which application threads were stopped: 0,0001165 seconds, Stopping threads took: 0,0000435 seconds
2017-06-24T06:11:48.669+0200: 576,716: Total time for which application threads were stopped: 0,0000963 seconds, Stopping threads took: 0,0000280 seconds
2017-06-24T06:11:48.675+0200: 576,722: Total time for which application threads were stopped: 0,0001116 seconds, Stopping threads took: 0,0000364 seconds
2017-06-24T06:11:48.675+0200: 576,722: Total time for which application threads were stopped: 0,0001164 seconds, Stopping threads took: 0,0000181 seconds
2017-06-24T06:11:48.679+0200: 576,725: Total time for which application threads were stopped: 0,0001037 seconds, Stopping threads took: 0,0000352 seconds
2017-06-24T06:11:48.679+0200: 576,726: Total time for which application threads were stopped: 0,0000768 seconds, Stopping threads took: 0,0000382 seconds
2017-06-24T06:11:48.690+0200: 576,737: Total time for which application threads were stopped: 0,0106142 seconds, Stopping threads took: 0,0105369 seconds
2017-06-24T06:11:48.690+0200: 576,737: Total time for which application threads were stopped: 0,0000592 seconds, Stopping threads took: 0,0000120 seconds
2017-06-24T06:11:48.692+0200: 576,739: Total time for which application threads were stopped: 0,0001101 seconds, Stopping threads took: 0,0000301 seconds
2017-06-24T06:11:48.695+0200: 576,742: Total time for which application threads were stopped: 0,0002438 seconds, Stopping threads took: 0,0000330 seconds
2017-06-24T06:11:48.695+0200: 576,742: Total time for which application threads were stopped: 0,0000665 seconds, Stopping threads took: 0,0000093 seconds
2017-06-24T06:11:48.695+0200: 576,742: Total time for which application threads were stopped: 0,0000382 seconds, Stopping threads took: 0,0000056 seconds
2017-06-24T06:11:48.696+0200: 576,743: Total time for which application threads were stopped: 0,0000793 seconds, Stopping threads took: 0,0000158 seconds
2017-06-24T06:11:48.696+0200: 576,743: Total time for which application threads were stopped: 0,0000390 seconds, Stopping threads took: 0,0000063 seconds
2017-06-24T06:11:48.696+0200: 576,743: Total time for which application threads were stopped: 0,0000450 seconds, Stopping threads took: 0,0000071 seconds
2017-06-24T06:11:48.696+0200: 576,743: Total time for which application threads were stopped: 0,0000325 seconds, Stopping threads took: 0,0000045 seconds
2017-06-24T06:11:48.696+0200: 576,743: Total time for which application threads were stopped: 0,0000314 seconds, Stopping threads took: 0,0000050 seconds
2017-06-24T06:11:48.698+0200: 576,745: Total time for which application threads were stopped: 0,0000932 seconds, Stopping threads took: 0,0000267 seconds
2017-06-24T06:11:48.698+0200: 576,745: Total time for which application threads were stopped: 0,0000393 seconds, Stopping threads took: 0,0000056 seconds
2017-06-24T06:11:48.698+0200: 576,745: Total time for which application threads were stopped: 0,0000336 seconds, Stopping threads took: 0,0000051 seconds
2017-06-24T06:11:48.698+0200: 576,745: Total time for which application threads were stopped: 0,0002015 seconds, Stopping threads took: 0,0000080 seconds
2017-06-24T06:11:48.699+0200: 576,745: Total time for which application threads were stopped: 0,0000500 seconds, Stopping threads took: 0,0000081 seconds
2017-06-24T06:11:48.699+0200: 576,746: Total time for which application threads were stopped: 0,0001069 seconds, Stopping threads took: 0,0000160 seconds
Heap
 par new generation   total 109248K, used 50868K [0x00000000e0000000, 0x00000000e8000000, 0x00000000e8000000)
  eden space 87424K,  41% used [0x00000000e0000000, 0x00000000e23c0188, 0x00000000e5560000)
  from space 21824K,  65% used [0x00000000e6ab0000, 0x00000000e789d1a0, 0x00000000e8000000)
  to   space 21824K,   0% used [0x00000000e5560000, 0x00000000e5560000, 0x00000000e6ab0000)
 concurrent mark-sweep generation total 393216K, used 6570K [0x00000000e8000000, 0x0000000100000000, 0x0000000100000000)
 Metaspace       used 28129K, capacity 28671K, committed 29052K, reserved 1075200K
  class space    used 3224K, capacity 3388K, committed 3452K, reserved 1048576K
