OpenJDK 64-Bit Server VM (25.121-b13) for linux-amd64 JRE (1.8.0_121-8u121-b13-0ubuntu1.16.04.2-b13), built on Jan 23 2017 15:51:29 by "buildd" with gcc 5.4.0 20160609
Memory: 4k page, physical 7867760k(7498520k free), swap 8076284k(8076284k free)
CommandLine flags: -XX:CMSInitiatingOccupancyFraction=50 -XX:CMSMaxAbortablePrecleanTime=6000 -XX:+CMSParallelRemarkEnabled -XX:+CMSScavengeBeforeRemark -XX:ConcGCThreads=4 -XX:InitialHeapSize=536870912 -XX:MaxHeapSize=536870912 -XX:MaxTenuringThreshold=8 -XX:NewRatio=3 -XX:OldPLABSize=16 -XX:OnOutOfMemoryError=/opt/solr/bin/oom_solr.sh 8983 /var/solr/logs -XX:ParallelGCThreads=4 -XX:+ParallelRefProcEnabled -XX:PretenureSizeThreshold=67108864 -XX:+PrintGC -XX:+PrintGCApplicationStoppedTime -XX:+PrintGCDateStamps -XX:+PrintGCDetails -XX:+PrintGCTimeStamps -XX:+PrintHeapAtGC -XX:+PrintTenuringDistribution -XX:SurvivorRatio=4 -XX:TargetSurvivorRatio=90 -XX:ThreadStackSize=256 -XX:+UseCMSInitiatingOccupancyOnly -XX:+UseCompressedClassPointers -XX:+UseCompressedOops -XX:+UseConcMarkSweepGC -XX:+UseParNewGC 
2017-02-25T23:22:10.486+0100: 0,151: Total time for which application threads were stopped: 0,0000924 seconds, Stopping threads took: 0,0000126 seconds
2017-02-25T23:22:10.582+0100: 0,248: Total time for which application threads were stopped: 0,0001129 seconds, Stopping threads took: 0,0000177 seconds
2017-02-25T23:22:10.599+0100: 0,264: Total time for which application threads were stopped: 0,0000718 seconds, Stopping threads took: 0,0000095 seconds
2017-02-25T23:22:10.800+0100: 0,465: Total time for which application threads were stopped: 0,0001485 seconds, Stopping threads took: 0,0000250 seconds
2017-02-25T23:22:11.222+0100: 0,887: Total time for which application threads were stopped: 0,0001593 seconds, Stopping threads took: 0,0000150 seconds
2017-02-25T23:22:11.317+0100: 0,982: Total time for which application threads were stopped: 0,0002983 seconds, Stopping threads took: 0,0001164 seconds
2017-02-25T23:22:11.336+0100: 1,001: Total time for which application threads were stopped: 0,0002162 seconds, Stopping threads took: 0,0000392 seconds
2017-02-25T23:22:11.648+0100: 1,313: Total time for which application threads were stopped: 0,0001660 seconds, Stopping threads took: 0,0000128 seconds
2017-02-25T23:22:11.868+0100: 1,533: Total time for which application threads were stopped: 0,0001834 seconds, Stopping threads took: 0,0000145 seconds
2017-02-25T23:22:11.897+0100: 1,563: Total time for which application threads were stopped: 0,0006519 seconds, Stopping threads took: 0,0000206 seconds
2017-02-25T23:22:11.932+0100: 1,597: Total time for which application threads were stopped: 0,0007886 seconds, Stopping threads took: 0,0003188 seconds
2017-02-25T23:22:11.933+0100: 1,599: Total time for which application threads were stopped: 0,0003955 seconds, Stopping threads took: 0,0000339 seconds
2017-02-25T23:22:11.949+0100: 1,614: Total time for which application threads were stopped: 0,0001724 seconds, Stopping threads took: 0,0000183 seconds
2017-02-25T23:22:12.059+0100: 1,725: Total time for which application threads were stopped: 0,0002490 seconds, Stopping threads took: 0,0000323 seconds
2017-02-25T23:22:12.216+0100: 1,881: Total time for which application threads were stopped: 0,0002886 seconds, Stopping threads took: 0,0000670 seconds
{Heap before GC invocations=0 (full 0):
 par new generation   total 109248K, used 87424K [0x00000000e0000000, 0x00000000e8000000, 0x00000000e8000000)
  eden space 87424K, 100% used [0x00000000e0000000, 0x00000000e5560000, 0x00000000e5560000)
  from space 21824K,   0% used [0x00000000e5560000, 0x00000000e5560000, 0x00000000e6ab0000)
  to   space 21824K,   0% used [0x00000000e6ab0000, 0x00000000e6ab0000, 0x00000000e8000000)
 concurrent mark-sweep generation total 393216K, used 0K [0x00000000e8000000, 0x0000000100000000, 0x0000000100000000)
 Metaspace       used 18043K, capacity 18336K, committed 18688K, reserved 1064960K
  class space    used 2039K, capacity 2196K, committed 2304K, reserved 1048576K
2017-02-25T23:22:12.312+0100: 1,977: [GC (Allocation Failure) 2017-02-25T23:22:12.312+0100: 1,977: [ParNew
Desired survivor size 20112992 bytes, new threshold 8 (max 8)
- age   1:   12613568 bytes,   12613568 total
: 87424K->12444K(109248K), 0,0168749 secs] 87424K->12444K(502464K), 0,0169509 secs] [Times: user=0,04 sys=0,02, real=0,01 secs] 
Heap after GC invocations=1 (full 0):
 par new generation   total 109248K, used 12444K [0x00000000e0000000, 0x00000000e8000000, 0x00000000e8000000)
  eden space 87424K,   0% used [0x00000000e0000000, 0x00000000e0000000, 0x00000000e5560000)
  from space 21824K,  57% used [0x00000000e6ab0000, 0x00000000e76d7278, 0x00000000e8000000)
  to   space 21824K,   0% used [0x00000000e5560000, 0x00000000e5560000, 0x00000000e6ab0000)
 concurrent mark-sweep generation total 393216K, used 0K [0x00000000e8000000, 0x0000000100000000, 0x0000000100000000)
 Metaspace       used 18043K, capacity 18336K, committed 18688K, reserved 1064960K
  class space    used 2039K, capacity 2196K, committed 2304K, reserved 1048576K
}
2017-02-25T23:22:12.329+0100: 1,994: Total time for which application threads were stopped: 0,0172088 seconds, Stopping threads took: 0,0000494 seconds
2017-02-25T23:22:12.607+0100: 2,273: Total time for which application threads were stopped: 0,0003446 seconds, Stopping threads took: 0,0000454 seconds
2017-02-25T23:22:12.643+0100: 2,308: Total time for which application threads were stopped: 0,0003688 seconds, Stopping threads took: 0,0000514 seconds
{Heap before GC invocations=1 (full 0):
 par new generation   total 109248K, used 99868K [0x00000000e0000000, 0x00000000e8000000, 0x00000000e8000000)
  eden space 87424K, 100% used [0x00000000e0000000, 0x00000000e5560000, 0x00000000e5560000)
  from space 21824K,  57% used [0x00000000e6ab0000, 0x00000000e76d7278, 0x00000000e8000000)
  to   space 21824K,   0% used [0x00000000e5560000, 0x00000000e5560000, 0x00000000e6ab0000)
 concurrent mark-sweep generation total 393216K, used 0K [0x00000000e8000000, 0x0000000100000000, 0x0000000100000000)
 Metaspace       used 20047K, capacity 20362K, committed 20736K, reserved 1067008K
  class space    used 2295K, capacity 2467K, committed 2560K, reserved 1048576K
2017-02-25T23:22:12.657+0100: 2,322: [GC (Allocation Failure) 2017-02-25T23:22:12.657+0100: 2,322: [ParNew
Desired survivor size 20112992 bytes, new threshold 8 (max 8)
- age   1:    3729792 bytes,    3729792 total
- age   2:    6664016 bytes,   10393808 total
: 99868K->13806K(109248K), 0,0134872 secs] 99868K->13806K(502464K), 0,0135686 secs] [Times: user=0,05 sys=0,00, real=0,02 secs] 
Heap after GC invocations=2 (full 0):
 par new generation   total 109248K, used 13806K [0x00000000e0000000, 0x00000000e8000000, 0x00000000e8000000)
  eden space 87424K,   0% used [0x00000000e0000000, 0x00000000e0000000, 0x00000000e5560000)
  from space 21824K,  63% used [0x00000000e5560000, 0x00000000e62db9a0, 0x00000000e6ab0000)
  to   space 21824K,   0% used [0x00000000e6ab0000, 0x00000000e6ab0000, 0x00000000e8000000)
 concurrent mark-sweep generation total 393216K, used 0K [0x00000000e8000000, 0x0000000100000000, 0x0000000100000000)
 Metaspace       used 20047K, capacity 20362K, committed 20736K, reserved 1067008K
  class space    used 2295K, capacity 2467K, committed 2560K, reserved 1048576K
}
2017-02-25T23:22:12.671+0100: 2,336: Total time for which application threads were stopped: 0,0159266 seconds, Stopping threads took: 0,0021961 seconds
2017-02-25T23:22:12.716+0100: 2,381: Total time for which application threads were stopped: 0,0004640 seconds, Stopping threads took: 0,0000774 seconds
2017-02-25T23:22:12.827+0100: 2,492: Total time for which application threads were stopped: 0,0002042 seconds, Stopping threads took: 0,0000539 seconds
{Heap before GC invocations=2 (full 0):
 par new generation   total 109248K, used 101230K [0x00000000e0000000, 0x00000000e8000000, 0x00000000e8000000)
  eden space 87424K, 100% used [0x00000000e0000000, 0x00000000e5560000, 0x00000000e5560000)
  from space 21824K,  63% used [0x00000000e5560000, 0x00000000e62db9a0, 0x00000000e6ab0000)
  to   space 21824K,   0% used [0x00000000e6ab0000, 0x00000000e6ab0000, 0x00000000e8000000)
 concurrent mark-sweep generation total 393216K, used 0K [0x00000000e8000000, 0x0000000100000000, 0x0000000100000000)
 Metaspace       used 20967K, capacity 21284K, committed 21628K, reserved 1069056K
  class space    used 2417K, capacity 2586K, committed 2684K, reserved 1048576K
2017-02-25T23:22:12.872+0100: 2,537: [GC (Allocation Failure) 2017-02-25T23:22:12.872+0100: 2,537: [ParNew
Desired survivor size 20112992 bytes, new threshold 8 (max 8)
- age   1:    1935920 bytes,    1935920 total
- age   2:     845264 bytes,    2781184 total
- age   3:    6659208 bytes,    9440392 total
: 101230K->11557K(109248K), 0,0118397 secs] 101230K->11557K(502464K), 0,0119371 secs] [Times: user=0,04 sys=0,00, real=0,01 secs] 
Heap after GC invocations=3 (full 0):
 par new generation   total 109248K, used 11557K [0x00000000e0000000, 0x00000000e8000000, 0x00000000e8000000)
  eden space 87424K,   0% used [0x00000000e0000000, 0x00000000e0000000, 0x00000000e5560000)
  from space 21824K,  52% used [0x00000000e6ab0000, 0x00000000e75f9580, 0x00000000e8000000)
  to   space 21824K,   0% used [0x00000000e5560000, 0x00000000e5560000, 0x00000000e6ab0000)
 concurrent mark-sweep generation total 393216K, used 0K [0x00000000e8000000, 0x0000000100000000, 0x0000000100000000)
 Metaspace       used 20967K, capacity 21284K, committed 21628K, reserved 1069056K
  class space    used 2417K, capacity 2586K, committed 2684K, reserved 1048576K
}
2017-02-25T23:22:12.884+0100: 2,549: Total time for which application threads were stopped: 0,0121849 seconds, Stopping threads took: 0,0000489 seconds
2017-02-25T23:22:12.884+0100: 2,549: [GC (CMS Initial Mark) [1 CMS-initial-mark: 0K(393216K)] 11565K(502464K), 0,0031409 secs] [Times: user=0,00 sys=0,00, real=0,00 secs] 
2017-02-25T23:22:12.887+0100: 2,552: Total time for which application threads were stopped: 0,0032794 seconds, Stopping threads took: 0,0000455 seconds
2017-02-25T23:22:12.887+0100: 2,552: [CMS-concurrent-mark-start]
2017-02-25T23:22:12.888+0100: 2,553: [CMS-concurrent-mark: 0,001/0,001 secs] [Times: user=0,01 sys=0,00, real=0,00 secs] 
2017-02-25T23:22:12.888+0100: 2,553: [CMS-concurrent-preclean-start]
2017-02-25T23:22:12.889+0100: 2,554: [CMS-concurrent-preclean: 0,001/0,001 secs] [Times: user=0,00 sys=0,00, real=0,00 secs] 
2017-02-25T23:22:12.889+0100: 2,555: [GC (CMS Final Remark) [YG occupancy: 13797 K (109248 K)]{Heap before GC invocations=3 (full 1):
 par new generation   total 109248K, used 13797K [0x00000000e0000000, 0x00000000e8000000, 0x00000000e8000000)
  eden space 87424K,   2% used [0x00000000e0000000, 0x00000000e0230020, 0x00000000e5560000)
  from space 21824K,  52% used [0x00000000e6ab0000, 0x00000000e75f9580, 0x00000000e8000000)
  to   space 21824K,   0% used [0x00000000e5560000, 0x00000000e5560000, 0x00000000e6ab0000)
 concurrent mark-sweep generation total 393216K, used 0K [0x00000000e8000000, 0x0000000100000000, 0x0000000100000000)
 Metaspace       used 20972K, capacity 21284K, committed 21628K, reserved 1069056K
  class space    used 2417K, capacity 2586K, committed 2684K, reserved 1048576K
2017-02-25T23:22:12.889+0100: 2,555: [GC (CMS Final Remark) 2017-02-25T23:22:12.889+0100: 2,555: [ParNew
Desired survivor size 20112992 bytes, new threshold 8 (max 8)
- age   1:      39272 bytes,      39272 total
- age   2:    1463776 bytes,    1503048 total
- age   3:     816032 bytes,    2319080 total
- age   4:    6659232 bytes,    8978312 total
: 13797K->14628K(109248K), 0,0100066 secs] 13797K->14628K(502464K), 0,0100659 secs] [Times: user=0,03 sys=0,00, real=0,01 secs] 
Heap after GC invocations=4 (full 1):
 par new generation   total 109248K, used 14628K [0x00000000e0000000, 0x00000000e8000000, 0x00000000e8000000)
  eden space 87424K,   0% used [0x00000000e0000000, 0x00000000e0000000, 0x00000000e5560000)
  from space 21824K,  67% used [0x00000000e5560000, 0x00000000e63a90c8, 0x00000000e6ab0000)
  to   space 21824K,   0% used [0x00000000e6ab0000, 0x00000000e6ab0000, 0x00000000e8000000)
 concurrent mark-sweep generation total 393216K, used 0K [0x00000000e8000000, 0x0000000100000000, 0x0000000100000000)
 Metaspace       used 20972K, capacity 21284K, committed 21628K, reserved 1069056K
  class space    used 2417K, capacity 2586K, committed 2684K, reserved 1048576K
}
2017-02-25T23:22:12.899+0100: 2,565: [Rescan (parallel) , 0,0032241 secs]2017-02-25T23:22:12.903+0100: 2,568: [weak refs processing, 0,0004644 secs]2017-02-25T23:22:12.903+0100: 2,569: [class unloading, 0,0028246 secs]2017-02-25T23:22:12.906+0100: 2,571: [scrub symbol table, 0,0025064 secs]2017-02-25T23:22:12.909+0100: 2,574: [scrub string table, 0,0003649 secs][1 CMS-remark: 0K(393216K)] 14628K(502464K), 0,0201036 secs] [Times: user=0,05 sys=0,00, real=0,02 secs] 
2017-02-25T23:22:12.909+0100: 2,575: Total time for which application threads were stopped: 0,0203137 seconds, Stopping threads took: 0,0000803 seconds
2017-02-25T23:22:12.910+0100: 2,575: [CMS-concurrent-sweep-start]
2017-02-25T23:22:12.910+0100: 2,575: [CMS-concurrent-sweep: 0,000/0,000 secs] [Times: user=0,00 sys=0,00, real=0,00 secs] 
2017-02-25T23:22:12.910+0100: 2,575: [CMS-concurrent-reset-start]
2017-02-25T23:22:12.911+0100: 2,576: [CMS-concurrent-reset: 0,002/0,002 secs] [Times: user=0,00 sys=0,00, real=0,01 secs] 
{Heap before GC invocations=4 (full 1):
 par new generation   total 109248K, used 102052K [0x00000000e0000000, 0x00000000e8000000, 0x00000000e8000000)
  eden space 87424K, 100% used [0x00000000e0000000, 0x00000000e5560000, 0x00000000e5560000)
  from space 21824K,  67% used [0x00000000e5560000, 0x00000000e63a90c8, 0x00000000e6ab0000)
  to   space 21824K,   0% used [0x00000000e6ab0000, 0x00000000e6ab0000, 0x00000000e8000000)
 concurrent mark-sweep generation total 393216K, used 0K [0x00000000e8000000, 0x0000000100000000, 0x0000000100000000)
 Metaspace       used 21208K, capacity 21566K, committed 21884K, reserved 1069056K
  class space    used 2447K, capacity 2602K, committed 2684K, reserved 1048576K
2017-02-25T23:22:13.029+0100: 2,694: [GC (Allocation Failure) 2017-02-25T23:22:13.029+0100: 2,694: [ParNew
Desired survivor size 20112992 bytes, new threshold 8 (max 8)
- age   1:    1021592 bytes,    1021592 total
- age   2:        400 bytes,    1021992 total
- age   3:    1460064 bytes,    2482056 total
- age   4:     813856 bytes,    3295912 total
- age   5:    6659416 bytes,    9955328 total
: 102052K->11774K(109248K), 0,0127475 secs] 102052K->11774K(502464K), 0,0128187 secs] [Times: user=0,04 sys=0,00, real=0,01 secs] 
Heap after GC invocations=5 (full 1):
 par new generation   total 109248K, used 11774K [0x00000000e0000000, 0x00000000e8000000, 0x00000000e8000000)
  eden space 87424K,   0% used [0x00000000e0000000, 0x00000000e0000000, 0x00000000e5560000)
  from space 21824K,  53% used [0x00000000e6ab0000, 0x00000000e762fa90, 0x00000000e8000000)
  to   space 21824K,   0% used [0x00000000e5560000, 0x00000000e5560000, 0x00000000e6ab0000)
 concurrent mark-sweep generation total 393216K, used 0K [0x00000000e8000000, 0x0000000100000000, 0x0000000100000000)
 Metaspace       used 21208K, capacity 21566K, committed 21884K, reserved 1069056K
  class space    used 2447K, capacity 2602K, committed 2684K, reserved 1048576K
}
2017-02-25T23:22:13.042+0100: 2,707: Total time for which application threads were stopped: 0,0140796 seconds, Stopping threads took: 0,0011045 seconds
{Heap before GC invocations=5 (full 1):
 par new generation   total 109248K, used 99198K [0x00000000e0000000, 0x00000000e8000000, 0x00000000e8000000)
  eden space 87424K, 100% used [0x00000000e0000000, 0x00000000e5560000, 0x00000000e5560000)
  from space 21824K,  53% used [0x00000000e6ab0000, 0x00000000e762fa90, 0x00000000e8000000)
  to   space 21824K,   0% used [0x00000000e5560000, 0x00000000e5560000, 0x00000000e6ab0000)
 concurrent mark-sweep generation total 393216K, used 0K [0x00000000e8000000, 0x0000000100000000, 0x0000000100000000)
 Metaspace       used 21365K, capacity 21808K, committed 21884K, reserved 1069056K
  class space    used 2467K, capacity 2637K, committed 2684K, reserved 1048576K
2017-02-25T23:22:13.124+0100: 2,789: [GC (Allocation Failure) 2017-02-25T23:22:13.124+0100: 2,789: [ParNew
Desired survivor size 20112992 bytes, new threshold 8 (max 8)
- age   1:    1745128 bytes,    1745128 total
- age   2:     186272 bytes,    1931400 total
- age   3:        400 bytes,    1931800 total
- age   4:    1454400 bytes,    3386200 total
- age   5:     811808 bytes,    4198008 total
- age   6:    6659360 bytes,   10857368 total
: 99198K->14633K(109248K), 0,0105253 secs] 99198K->14633K(502464K), 0,0105927 secs] [Times: user=0,04 sys=0,01, real=0,01 secs] 
Heap after GC invocations=6 (full 1):
 par new generation   total 109248K, used 14633K [0x00000000e0000000, 0x00000000e8000000, 0x00000000e8000000)
  eden space 87424K,   0% used [0x00000000e0000000, 0x00000000e0000000, 0x00000000e5560000)
  from space 21824K,  67% used [0x00000000e5560000, 0x00000000e63aa440, 0x00000000e6ab0000)
  to   space 21824K,   0% used [0x00000000e6ab0000, 0x00000000e6ab0000, 0x00000000e8000000)
 concurrent mark-sweep generation total 393216K, used 0K [0x00000000e8000000, 0x0000000100000000, 0x0000000100000000)
 Metaspace       used 21365K, capacity 21808K, committed 21884K, reserved 1069056K
  class space    used 2467K, capacity 2637K, committed 2684K, reserved 1048576K
}
2017-02-25T23:22:13.135+0100: 2,800: Total time for which application threads were stopped: 0,0122778 seconds, Stopping threads took: 0,0015467 seconds
2017-02-25T23:22:13.172+0100: 2,837: Total time for which application threads were stopped: 0,0003531 seconds, Stopping threads took: 0,0000296 seconds
2017-02-25T23:22:13.356+0100: 3,021: Total time for which application threads were stopped: 0,0005187 seconds, Stopping threads took: 0,0000270 seconds
2017-02-25T23:22:13.374+0100: 3,040: Total time for which application threads were stopped: 0,0004454 seconds, Stopping threads took: 0,0000368 seconds
{Heap before GC invocations=6 (full 1):
 par new generation   total 109248K, used 102057K [0x00000000e0000000, 0x00000000e8000000, 0x00000000e8000000)
  eden space 87424K, 100% used [0x00000000e0000000, 0x00000000e5560000, 0x00000000e5560000)
  from space 21824K,  67% used [0x00000000e5560000, 0x00000000e63aa440, 0x00000000e6ab0000)
  to   space 21824K,   0% used [0x00000000e6ab0000, 0x00000000e6ab0000, 0x00000000e8000000)
 concurrent mark-sweep generation total 393216K, used 0K [0x00000000e8000000, 0x0000000100000000, 0x0000000100000000)
 Metaspace       used 24295K, capacity 24760K, committed 24828K, reserved 1071104K
  class space    used 2857K, capacity 3045K, committed 3068K, reserved 1048576K
2017-02-25T23:22:13.545+0100: 3,210: [GC (Allocation Failure) 2017-02-25T23:22:13.545+0100: 3,210: [ParNew
Desired survivor size 20112992 bytes, new threshold 8 (max 8)
- age   1:    5201672 bytes,    5201672 total
- age   2:     106536 bytes,    5308208 total
- age   3:     184880 bytes,    5493088 total
- age   4:        376 bytes,    5493464 total
- age   5:     284160 bytes,    5777624 total
- age   6:     785576 bytes,    6563200 total
- age   7:    6651736 bytes,   13214936 total
: 102057K->16682K(109248K), 0,0155795 secs] 102057K->16682K(502464K), 0,0156617 secs] [Times: user=0,05 sys=0,00, real=0,01 secs] 
Heap after GC invocations=7 (full 1):
 par new generation   total 109248K, used 16682K [0x00000000e0000000, 0x00000000e8000000, 0x00000000e8000000)
  eden space 87424K,   0% used [0x00000000e0000000, 0x00000000e0000000, 0x00000000e5560000)
  from space 21824K,  76% used [0x00000000e6ab0000, 0x00000000e7afab28, 0x00000000e8000000)
  to   space 21824K,   0% used [0x00000000e5560000, 0x00000000e5560000, 0x00000000e6ab0000)
 concurrent mark-sweep generation total 393216K, used 0K [0x00000000e8000000, 0x0000000100000000, 0x0000000100000000)
 Metaspace       used 24295K, capacity 24760K, committed 24828K, reserved 1071104K
  class space    used 2857K, capacity 3045K, committed 3068K, reserved 1048576K
}
2017-02-25T23:22:13.560+0100: 3,226: Total time for which application threads were stopped: 0,0210765 seconds, Stopping threads took: 0,0051565 seconds
{Heap before GC invocations=7 (full 1):
 par new generation   total 109248K, used 104106K [0x00000000e0000000, 0x00000000e8000000, 0x00000000e8000000)
  eden space 87424K, 100% used [0x00000000e0000000, 0x00000000e5560000, 0x00000000e5560000)
  from space 21824K,  76% used [0x00000000e6ab0000, 0x00000000e7afab28, 0x00000000e8000000)
  to   space 21824K,   0% used [0x00000000e5560000, 0x00000000e5560000, 0x00000000e6ab0000)
 concurrent mark-sweep generation total 393216K, used 0K [0x00000000e8000000, 0x0000000100000000, 0x0000000100000000)
 Metaspace       used 24931K, capacity 25390K, committed 25724K, reserved 1071104K
  class space    used 2909K, capacity 3081K, committed 3196K, reserved 1048576K
2017-02-25T23:22:13.703+0100: 3,368: [GC (Allocation Failure) 2017-02-25T23:22:13.703+0100: 3,368: [ParNew
Desired survivor size 20112992 bytes, new threshold 8 (max 8)
- age   1:    1111888 bytes,    1111888 total
- age   2:    2201552 bytes,    3313440 total
- age   3:      76024 bytes,    3389464 total
- age   4:     142168 bytes,    3531632 total
- age   5:        376 bytes,    3532008 total
- age   6:     227840 bytes,    3759848 total
- age   7:     766144 bytes,    4525992 total
- age   8:    6385128 bytes,   10911120 total
: 104106K->14301K(109248K), 0,0104717 secs] 104106K->14301K(502464K), 0,0105530 secs] [Times: user=0,04 sys=0,00, real=0,01 secs] 
Heap after GC invocations=8 (full 1):
 par new generation   total 109248K, used 14301K [0x00000000e0000000, 0x00000000e8000000, 0x00000000e8000000)
  eden space 87424K,   0% used [0x00000000e0000000, 0x00000000e0000000, 0x00000000e5560000)
  from space 21824K,  65% used [0x00000000e5560000, 0x00000000e6357490, 0x00000000e6ab0000)
  to   space 21824K,   0% used [0x00000000e6ab0000, 0x00000000e6ab0000, 0x00000000e8000000)
 concurrent mark-sweep generation total 393216K, used 0K [0x00000000e8000000, 0x0000000100000000, 0x0000000100000000)
 Metaspace       used 24931K, capacity 25390K, committed 25724K, reserved 1071104K
  class space    used 2909K, capacity 3081K, committed 3196K, reserved 1048576K
}
2017-02-25T23:22:13.713+0100: 3,379: Total time for which application threads were stopped: 0,0108088 seconds, Stopping threads took: 0,0000687 seconds
2017-02-25T23:22:13.898+0100: 3,563: Total time for which application threads were stopped: 0,0003743 seconds, Stopping threads took: 0,0000206 seconds
2017-02-25T23:22:13.953+0100: 3,619: Total time for which application threads were stopped: 0,0004942 seconds, Stopping threads took: 0,0000270 seconds
2017-02-25T23:22:13.979+0100: 3,644: Total time for which application threads were stopped: 0,0016463 seconds, Stopping threads took: 0,0011684 seconds
2017-02-25T23:22:14.076+0100: 3,741: Total time for which application threads were stopped: 0,0004681 seconds, Stopping threads took: 0,0000471 seconds
2017-02-25T23:22:14.222+0100: 3,887: Total time for which application threads were stopped: 0,0004837 seconds, Stopping threads took: 0,0000415 seconds
2017-02-25T23:22:14.389+0100: 4,054: Total time for which application threads were stopped: 0,0005073 seconds, Stopping threads took: 0,0000235 seconds
2017-02-25T23:22:42.391+0100: 32,057: Total time for which application threads were stopped: 0,0000846 seconds, Stopping threads took: 0,0000186 seconds
2017-02-25T23:24:07.400+0100: 117,065: Total time for which application threads were stopped: 0,0001388 seconds, Stopping threads took: 0,0000470 seconds
2017-02-25T23:24:12.401+0100: 122,066: Total time for which application threads were stopped: 0,0000810 seconds, Stopping threads took: 0,0000194 seconds
2017-02-25T23:25:16.408+0100: 186,073: Total time for which application threads were stopped: 0,0003054 seconds, Stopping threads took: 0,0000771 seconds
2017-02-25T23:26:32.417+0100: 262,083: Total time for which application threads were stopped: 0,0000963 seconds, Stopping threads took: 0,0000369 seconds
2017-02-25T23:26:46.420+0100: 276,085: Total time for which application threads were stopped: 0,0001333 seconds, Stopping threads took: 0,0000311 seconds
2017-02-25T23:27:32.425+0100: 322,091: Total time for which application threads were stopped: 0,0001350 seconds, Stopping threads took: 0,0000530 seconds
2017-02-25T23:27:51.428+0100: 341,093: Total time for which application threads were stopped: 0,0000688 seconds, Stopping threads took: 0,0000147 seconds
2017-02-25T23:30:52.451+0100: 522,116: Total time for which application threads were stopped: 0,0000877 seconds, Stopping threads took: 0,0000312 seconds
2017-02-25T23:32:32.462+0100: 622,127: Total time for which application threads were stopped: 0,0000796 seconds, Stopping threads took: 0,0000296 seconds
2017-02-25T23:32:47.463+0100: 637,129: Total time for which application threads were stopped: 0,0000847 seconds, Stopping threads took: 0,0000173 seconds
2017-02-25T23:32:52.464+0100: 642,130: Total time for which application threads were stopped: 0,0000731 seconds, Stopping threads took: 0,0000139 seconds
2017-02-25T23:32:57.465+0100: 647,130: Total time for which application threads were stopped: 0,0000789 seconds, Stopping threads took: 0,0000269 seconds
2017-02-25T23:45:41.547+0100: 1411,212: Total time for which application threads were stopped: 0,0001179 seconds, Stopping threads took: 0,0000373 seconds
2017-02-25T23:55:56.620+0100: 2026,285: Total time for which application threads were stopped: 0,0000938 seconds, Stopping threads took: 0,0000364 seconds
2017-02-26T00:01:22.658+0100: 2352,324: Total time for which application threads were stopped: 0,0001025 seconds, Stopping threads took: 0,0000311 seconds
2017-02-26T00:01:26.659+0100: 2356,324: Total time for which application threads were stopped: 0,0000991 seconds, Stopping threads took: 0,0000214 seconds
2017-02-26T00:23:07.808+0100: 3657,473: Total time for which application threads were stopped: 0,0004807 seconds, Stopping threads took: 0,0001943 seconds
2017-02-26T00:25:56.827+0100: 3826,492: Total time for which application threads were stopped: 0,0000851 seconds, Stopping threads took: 0,0000313 seconds
2017-02-26T00:26:06.828+0100: 3836,493: Total time for which application threads were stopped: 0,0000640 seconds, Stopping threads took: 0,0000141 seconds
2017-02-26T00:28:41.845+0100: 3991,511: Total time for which application threads were stopped: 0,0001571 seconds, Stopping threads took: 0,0000599 seconds
2017-02-26T00:53:08.008+0100: 5457,673: Total time for which application threads were stopped: 0,0000818 seconds, Stopping threads took: 0,0000316 seconds
2017-02-26T00:53:58.014+0100: 5507,679: Total time for which application threads were stopped: 0,0001065 seconds, Stopping threads took: 0,0000413 seconds
2017-02-26T01:17:48.181+0100: 6937,846: Total time for which application threads were stopped: 0,0001422 seconds, Stopping threads took: 0,0000538 seconds
2017-02-26T01:22:42.215+0100: 7231,880: Total time for which application threads were stopped: 0,0003046 seconds, Stopping threads took: 0,0001040 seconds
2017-02-26T01:23:12.218+0100: 7261,883: Total time for which application threads were stopped: 0,0001018 seconds, Stopping threads took: 0,0000488 seconds
2017-02-26T01:30:12.267+0100: 7681,933: Total time for which application threads were stopped: 0,0004234 seconds, Stopping threads took: 0,0001735 seconds
2017-02-26T02:04:26.525+0100: 9736,190: Total time for which application threads were stopped: 0,0157885 seconds, Stopping threads took: 0,0156791 seconds
2017-02-26T02:04:26.560+0100: 9736,225: Total time for which application threads were stopped: 0,0016404 seconds, Stopping threads took: 0,0015043 seconds
2017-02-26T02:04:26.566+0100: 9736,232: Total time for which application threads were stopped: 0,0001315 seconds, Stopping threads took: 0,0000358 seconds
2017-02-26T02:04:26.573+0100: 9736,238: Total time for which application threads were stopped: 0,0001537 seconds, Stopping threads took: 0,0000643 seconds
Heap
 par new generation   total 109248K, used 99736K [0x00000000e0000000, 0x00000000e8000000, 0x00000000e8000000)
  eden space 87424K,  97% used [0x00000000e0000000, 0x00000000e536ece8, 0x00000000e5560000)
  from space 21824K,  65% used [0x00000000e5560000, 0x00000000e6357490, 0x00000000e6ab0000)
  to   space 21824K,   0% used [0x00000000e6ab0000, 0x00000000e6ab0000, 0x00000000e8000000)
 concurrent mark-sweep generation total 393216K, used 0K [0x00000000e8000000, 0x0000000100000000, 0x0000000100000000)
 Metaspace       used 28169K, capacity 28750K, committed 29052K, reserved 1075200K
  class space    used 3233K, capacity 3427K, committed 3452K, reserved 1048576K
