OpenJDK 64-Bit Server VM (25.121-b13) for linux-amd64 JRE (1.8.0_121-8u121-b13-0ubuntu1.16.04.2-b13), built on Jan 23 2017 15:51:29 by "buildd" with gcc 5.4.0 20160609
Memory: 4k page, physical 7867800k(7509200k free), swap 8076284k(8076284k free)
CommandLine flags: -XX:CMSInitiatingOccupancyFraction=50 -XX:CMSMaxAbortablePrecleanTime=6000 -XX:+CMSParallelRemarkEnabled -XX:+CMSScavengeBeforeRemark -XX:ConcGCThreads=4 -XX:InitialHeapSize=536870912 -XX:MaxHeapSize=536870912 -XX:MaxTenuringThreshold=8 -XX:NewRatio=3 -XX:OldPLABSize=16 -XX:OnOutOfMemoryError=/opt/solr/bin/oom_solr.sh 8983 /var/solr/logs -XX:ParallelGCThreads=4 -XX:+ParallelRefProcEnabled -XX:PretenureSizeThreshold=67108864 -XX:+PrintGC -XX:+PrintGCApplicationStoppedTime -XX:+PrintGCDateStamps -XX:+PrintGCDetails -XX:+PrintGCTimeStamps -XX:+PrintHeapAtGC -XX:+PrintTenuringDistribution -XX:SurvivorRatio=4 -XX:TargetSurvivorRatio=90 -XX:ThreadStackSize=256 -XX:+UseCMSInitiatingOccupancyOnly -XX:+UseCompressedClassPointers -XX:+UseCompressedOops -XX:+UseConcMarkSweepGC -XX:+UseParNewGC 
2017-02-03T06:00:59.699+0100: 0,138: Total time for which application threads were stopped: 0,0000726 seconds, Stopping threads took: 0,0000106 seconds
2017-02-03T06:00:59.787+0100: 0,226: Total time for which application threads were stopped: 0,0001094 seconds, Stopping threads took: 0,0000114 seconds
2017-02-03T06:00:59.800+0100: 0,239: Total time for which application threads were stopped: 0,0000763 seconds, Stopping threads took: 0,0000137 seconds
2017-02-03T06:01:00.129+0100: 0,568: Total time for which application threads were stopped: 0,0001424 seconds, Stopping threads took: 0,0000116 seconds
2017-02-03T06:01:00.498+0100: 0,937: Total time for which application threads were stopped: 0,0001532 seconds, Stopping threads took: 0,0000130 seconds
2017-02-03T06:01:00.615+0100: 1,054: Total time for which application threads were stopped: 0,0002972 seconds, Stopping threads took: 0,0000704 seconds
2017-02-03T06:01:00.673+0100: 1,112: Total time for which application threads were stopped: 0,0005885 seconds, Stopping threads took: 0,0000346 seconds
2017-02-03T06:01:00.971+0100: 1,410: Total time for which application threads were stopped: 0,0001537 seconds, Stopping threads took: 0,0000171 seconds
2017-02-03T06:01:01.191+0100: 1,630: Total time for which application threads were stopped: 0,0002291 seconds, Stopping threads took: 0,0000201 seconds
2017-02-03T06:01:01.224+0100: 1,663: Total time for which application threads were stopped: 0,0001951 seconds, Stopping threads took: 0,0000213 seconds
2017-02-03T06:01:01.264+0100: 1,703: Total time for which application threads were stopped: 0,0002322 seconds, Stopping threads took: 0,0000222 seconds
2017-02-03T06:01:01.267+0100: 1,706: Total time for which application threads were stopped: 0,0009411 seconds, Stopping threads took: 0,0000767 seconds
2017-02-03T06:01:01.279+0100: 1,718: Total time for which application threads were stopped: 0,0001977 seconds, Stopping threads took: 0,0000201 seconds
2017-02-03T06:01:01.343+0100: 1,782: Total time for which application threads were stopped: 0,0002038 seconds, Stopping threads took: 0,0000172 seconds
2017-02-03T06:01:01.499+0100: 1,938: Total time for which application threads were stopped: 0,0002687 seconds, Stopping threads took: 0,0000411 seconds
{Heap before GC invocations=0 (full 0):
 par new generation   total 109248K, used 87424K [0x00000000e0000000, 0x00000000e8000000, 0x00000000e8000000)
  eden space 87424K, 100% used [0x00000000e0000000, 0x00000000e5560000, 0x00000000e5560000)
  from space 21824K,   0% used [0x00000000e5560000, 0x00000000e5560000, 0x00000000e6ab0000)
  to   space 21824K,   0% used [0x00000000e6ab0000, 0x00000000e6ab0000, 0x00000000e8000000)
 concurrent mark-sweep generation total 393216K, used 0K [0x00000000e8000000, 0x0000000100000000, 0x0000000100000000)
 Metaspace       used 18038K, capacity 18336K, committed 18688K, reserved 1064960K
  class space    used 2038K, capacity 2196K, committed 2304K, reserved 1048576K
2017-02-03T06:01:01.600+0100: 2,039: [GC (Allocation Failure) 2017-02-03T06:01:01.600+0100: 2,039: [ParNew
Desired survivor size 20112992 bytes, new threshold 8 (max 8)
- age   1:   12797848 bytes,   12797848 total
: 87424K->12626K(109248K), 0,0170444 secs] 87424K->12626K(502464K), 0,0171212 secs] [Times: user=0,03 sys=0,02, real=0,01 secs] 
Heap after GC invocations=1 (full 0):
 par new generation   total 109248K, used 12626K [0x00000000e0000000, 0x00000000e8000000, 0x00000000e8000000)
  eden space 87424K,   0% used [0x00000000e0000000, 0x00000000e0000000, 0x00000000e5560000)
  from space 21824K,  57% used [0x00000000e6ab0000, 0x00000000e77048d0, 0x00000000e8000000)
  to   space 21824K,   0% used [0x00000000e5560000, 0x00000000e5560000, 0x00000000e6ab0000)
 concurrent mark-sweep generation total 393216K, used 0K [0x00000000e8000000, 0x0000000100000000, 0x0000000100000000)
 Metaspace       used 18038K, capacity 18336K, committed 18688K, reserved 1064960K
  class space    used 2038K, capacity 2196K, committed 2304K, reserved 1048576K
}
2017-02-03T06:01:01.617+0100: 2,056: Total time for which application threads were stopped: 0,0173394 seconds, Stopping threads took: 0,0000337 seconds
2017-02-03T06:01:01.914+0100: 2,353: Total time for which application threads were stopped: 0,0004596 seconds, Stopping threads took: 0,0002130 seconds
2017-02-03T06:01:01.950+0100: 2,389: Total time for which application threads were stopped: 0,0004172 seconds, Stopping threads took: 0,0000751 seconds
{Heap before GC invocations=1 (full 0):
 par new generation   total 109248K, used 100050K [0x00000000e0000000, 0x00000000e8000000, 0x00000000e8000000)
  eden space 87424K, 100% used [0x00000000e0000000, 0x00000000e5560000, 0x00000000e5560000)
  from space 21824K,  57% used [0x00000000e6ab0000, 0x00000000e77048d0, 0x00000000e8000000)
  to   space 21824K,   0% used [0x00000000e5560000, 0x00000000e5560000, 0x00000000e6ab0000)
 concurrent mark-sweep generation total 393216K, used 0K [0x00000000e8000000, 0x0000000100000000, 0x0000000100000000)
 Metaspace       used 20090K, capacity 20438K, committed 20736K, reserved 1067008K
  class space    used 2302K, capacity 2475K, committed 2560K, reserved 1048576K
2017-02-03T06:01:01.954+0100: 2,393: [GC (Allocation Failure) 2017-02-03T06:01:01.954+0100: 2,393: [ParNew
Desired survivor size 20112992 bytes, new threshold 8 (max 8)
- age   1:    3627808 bytes,    3627808 total
- age   2:    6843008 bytes,   10470816 total
: 100050K->15951K(109248K), 0,0106201 secs] 100050K->15951K(502464K), 0,0106939 secs] [Times: user=0,04 sys=0,00, real=0,01 secs] 
Heap after GC invocations=2 (full 0):
 par new generation   total 109248K, used 15951K [0x00000000e0000000, 0x00000000e8000000, 0x00000000e8000000)
  eden space 87424K,   0% used [0x00000000e0000000, 0x00000000e0000000, 0x00000000e5560000)
  from space 21824K,  73% used [0x00000000e5560000, 0x00000000e64f3e00, 0x00000000e6ab0000)
  to   space 21824K,   0% used [0x00000000e6ab0000, 0x00000000e6ab0000, 0x00000000e8000000)
 concurrent mark-sweep generation total 393216K, used 0K [0x00000000e8000000, 0x0000000100000000, 0x0000000100000000)
 Metaspace       used 20090K, capacity 20438K, committed 20736K, reserved 1067008K
  class space    used 2302K, capacity 2475K, committed 2560K, reserved 1048576K
}
2017-02-03T06:01:01.965+0100: 2,404: Total time for which application threads were stopped: 0,0124841 seconds, Stopping threads took: 0,0016484 seconds
2017-02-03T06:01:02.000+0100: 2,439: Total time for which application threads were stopped: 0,0003439 seconds, Stopping threads took: 0,0000742 seconds
2017-02-03T06:01:02.105+0100: 2,544: Total time for which application threads were stopped: 0,0002436 seconds, Stopping threads took: 0,0000904 seconds
{Heap before GC invocations=2 (full 0):
 par new generation   total 109248K, used 103375K [0x00000000e0000000, 0x00000000e8000000, 0x00000000e8000000)
  eden space 87424K, 100% used [0x00000000e0000000, 0x00000000e5560000, 0x00000000e5560000)
  from space 21824K,  73% used [0x00000000e5560000, 0x00000000e64f3e00, 0x00000000e6ab0000)
  to   space 21824K,   0% used [0x00000000e6ab0000, 0x00000000e6ab0000, 0x00000000e8000000)
 concurrent mark-sweep generation total 393216K, used 0K [0x00000000e8000000, 0x0000000100000000, 0x0000000100000000)
 Metaspace       used 21141K, capacity 21494K, committed 21628K, reserved 1069056K
  class space    used 2436K, capacity 2595K, committed 2608K, reserved 1048576K
2017-02-03T06:01:02.186+0100: 2,625: [GC (Allocation Failure) 2017-02-03T06:01:02.186+0100: 2,625: [ParNew
Desired survivor size 20112992 bytes, new threshold 8 (max 8)
- age   1:    2544784 bytes,    2544784 total
- age   2:     840472 bytes,    3385256 total
- age   3:    6826200 bytes,   10211456 total
: 103375K->12513K(109248K), 0,0113662 secs] 103375K->12513K(502464K), 0,0114416 secs] [Times: user=0,04 sys=0,00, real=0,00 secs] 
Heap after GC invocations=3 (full 0):
 par new generation   total 109248K, used 12513K [0x00000000e0000000, 0x00000000e8000000, 0x00000000e8000000)
  eden space 87424K,   0% used [0x00000000e0000000, 0x00000000e0000000, 0x00000000e5560000)
  from space 21824K,  57% used [0x00000000e6ab0000, 0x00000000e76e84c0, 0x00000000e8000000)
  to   space 21824K,   0% used [0x00000000e5560000, 0x00000000e5560000, 0x00000000e6ab0000)
 concurrent mark-sweep generation total 393216K, used 0K [0x00000000e8000000, 0x0000000100000000, 0x0000000100000000)
 Metaspace       used 21141K, capacity 21494K, committed 21628K, reserved 1069056K
  class space    used 2436K, capacity 2595K, committed 2608K, reserved 1048576K
}
2017-02-03T06:01:02.198+0100: 2,637: Total time for which application threads were stopped: 0,0131850 seconds, Stopping threads took: 0,0016029 seconds
2017-02-03T06:01:02.203+0100: 2,642: [GC (CMS Initial Mark) [1 CMS-initial-mark: 0K(393216K)] 17616K(502464K), 0,0047907 secs] [Times: user=0,02 sys=0,00, real=0,01 secs] 
2017-02-03T06:01:02.208+0100: 2,647: Total time for which application threads were stopped: 0,0050678 seconds, Stopping threads took: 0,0001915 seconds
2017-02-03T06:01:02.208+0100: 2,647: [CMS-concurrent-mark-start]
2017-02-03T06:01:02.208+0100: 2,647: [CMS-concurrent-mark: 0,000/0,000 secs] [Times: user=0,00 sys=0,00, real=0,00 secs] 
2017-02-03T06:01:02.208+0100: 2,647: [CMS-concurrent-preclean-start]
2017-02-03T06:01:02.209+0100: 2,648: [CMS-concurrent-preclean: 0,001/0,001 secs] [Times: user=0,01 sys=0,00, real=0,00 secs] 
2017-02-03T06:01:02.209+0100: 2,648: [CMS-concurrent-abortable-preclean-start]
2017-02-03T06:01:02.225+0100: 2,664: Total time for which application threads were stopped: 0,0001187 seconds, Stopping threads took: 0,0000256 seconds
2017-02-03T06:01:02.282+0100: 2,721: Total time for which application threads were stopped: 0,0006190 seconds, Stopping threads took: 0,0005278 seconds
2017-02-03T06:01:02.347+0100: 2,786: Total time for which application threads were stopped: 0,0001574 seconds, Stopping threads took: 0,0000589 seconds
2017-02-03T06:01:02.347+0100: 2,786: [CMS-concurrent-abortable-preclean: 0,082/0,138 secs] [Times: user=0,49 sys=0,00, real=0,14 secs] 
2017-02-03T06:01:02.347+0100: 2,786: [GC (CMS Final Remark) [YG occupancy: 87687 K (109248 K)]{Heap before GC invocations=3 (full 1):
 par new generation   total 109248K, used 87687K [0x00000000e0000000, 0x00000000e8000000, 0x00000000e8000000)
  eden space 87424K,  85% used [0x00000000e0000000, 0x00000000e4969808, 0x00000000e5560000)
  from space 21824K,  57% used [0x00000000e6ab0000, 0x00000000e76e84c0, 0x00000000e8000000)
  to   space 21824K,   0% used [0x00000000e5560000, 0x00000000e5560000, 0x00000000e6ab0000)
 concurrent mark-sweep generation total 393216K, used 0K [0x00000000e8000000, 0x0000000100000000, 0x0000000100000000)
 Metaspace       used 21870K, capacity 22254K, committed 22548K, reserved 1069056K
  class space    used 2515K, capacity 2669K, committed 2736K, reserved 1048576K
2017-02-03T06:01:02.347+0100: 2,786: [GC (CMS Final Remark) 2017-02-03T06:01:02.347+0100: 2,786: [ParNew
Desired survivor size 20112992 bytes, new threshold 8 (max 8)
- age   1:    1680192 bytes,    1680192 total
- age   2:    1644664 bytes,    3324856 total
- age   3:     807032 bytes,    4131888 total
- age   4:    6826296 bytes,   10958184 total
: 87687K->17233K(109248K), 0,0105541 secs] 87687K->17233K(502464K), 0,0106053 secs] [Times: user=0,04 sys=0,00, real=0,00 secs] 
Heap after GC invocations=4 (full 1):
 par new generation   total 109248K, used 17233K [0x00000000e0000000, 0x00000000e8000000, 0x00000000e8000000)
  eden space 87424K,   0% used [0x00000000e0000000, 0x00000000e0000000, 0x00000000e5560000)
  from space 21824K,  78% used [0x00000000e5560000, 0x00000000e6634580, 0x00000000e6ab0000)
  to   space 21824K,   0% used [0x00000000e6ab0000, 0x00000000e6ab0000, 0x00000000e8000000)
 concurrent mark-sweep generation total 393216K, used 0K [0x00000000e8000000, 0x0000000100000000, 0x0000000100000000)
 Metaspace       used 21870K, capacity 22254K, committed 22548K, reserved 1069056K
  class space    used 2515K, capacity 2669K, committed 2736K, reserved 1048576K
}
2017-02-03T06:01:02.358+0100: 2,797: [Rescan (parallel) , 0,0036686 secs]2017-02-03T06:01:02.362+0100: 2,801: [weak refs processing, 0,0007428 secs]2017-02-03T06:01:02.362+0100: 2,802: [class unloading, 0,0029531 secs]2017-02-03T06:01:02.365+0100: 2,805: [scrub symbol table, 0,0027900 secs]2017-02-03T06:01:02.368+0100: 2,807: [scrub string table, 0,0003707 secs][1 CMS-remark: 0K(393216K)] 17233K(502464K), 0,0217813 secs] [Times: user=0,05 sys=0,01, real=0,02 secs] 
2017-02-03T06:01:02.369+0100: 2,808: Total time for which application threads were stopped: 0,0219335 seconds, Stopping threads took: 0,0000715 seconds
2017-02-03T06:01:02.369+0100: 2,808: [CMS-concurrent-sweep-start]
2017-02-03T06:01:02.369+0100: 2,808: [CMS-concurrent-sweep: 0,000/0,000 secs] [Times: user=0,00 sys=0,00, real=0,00 secs] 
2017-02-03T06:01:02.369+0100: 2,809: [CMS-concurrent-reset-start]
2017-02-03T06:01:02.371+0100: 2,810: [CMS-concurrent-reset: 0,002/0,002 secs] [Times: user=0,00 sys=0,00, real=0,00 secs] 
{Heap before GC invocations=4 (full 1):
 par new generation   total 109248K, used 104657K [0x00000000e0000000, 0x00000000e8000000, 0x00000000e8000000)
  eden space 87424K, 100% used [0x00000000e0000000, 0x00000000e5560000, 0x00000000e5560000)
  from space 21824K,  78% used [0x00000000e5560000, 0x00000000e6634580, 0x00000000e6ab0000)
  to   space 21824K,   0% used [0x00000000e6ab0000, 0x00000000e6ab0000, 0x00000000e8000000)
 concurrent mark-sweep generation total 393216K, used 0K [0x00000000e8000000, 0x0000000100000000, 0x0000000100000000)
 Metaspace       used 22220K, capacity 22580K, committed 22804K, reserved 1069056K
  class space    used 2571K, capacity 2734K, committed 2736K, reserved 1048576K
2017-02-03T06:01:02.446+0100: 2,885: [GC (Allocation Failure) 2017-02-03T06:01:02.446+0100: 2,885: [ParNew
Desired survivor size 20112992 bytes, new threshold 8 (max 8)
- age   1:    1256448 bytes,    1256448 total
- age   2:     359248 bytes,    1615696 total
- age   3:    1643592 bytes,    3259288 total
- age   4:     806856 bytes,    4066144 total
- age   5:    6825992 bytes,   10892136 total
: 104657K->13280K(109248K), 0,0105536 secs] 104657K->13280K(502464K), 0,0106181 secs] [Times: user=0,03 sys=0,00, real=0,00 secs] 
Heap after GC invocations=5 (full 1):
 par new generation   total 109248K, used 13280K [0x00000000e0000000, 0x00000000e8000000, 0x00000000e8000000)
  eden space 87424K,   0% used [0x00000000e0000000, 0x00000000e0000000, 0x00000000e5560000)
  from space 21824K,  60% used [0x00000000e6ab0000, 0x00000000e77a8378, 0x00000000e8000000)
  to   space 21824K,   0% used [0x00000000e5560000, 0x00000000e5560000, 0x00000000e6ab0000)
 concurrent mark-sweep generation total 393216K, used 0K [0x00000000e8000000, 0x0000000100000000, 0x0000000100000000)
 Metaspace       used 22220K, capacity 22580K, committed 22804K, reserved 1069056K
  class space    used 2571K, capacity 2734K, committed 2736K, reserved 1048576K
}
2017-02-03T06:01:02.457+0100: 2,896: Total time for which application threads were stopped: 0,0115278 seconds, Stopping threads took: 0,0007697 seconds
2017-02-03T06:01:02.494+0100: 2,934: Total time for which application threads were stopped: 0,0003887 seconds, Stopping threads took: 0,0000497 seconds
{Heap before GC invocations=5 (full 1):
 par new generation   total 109248K, used 100704K [0x00000000e0000000, 0x00000000e8000000, 0x00000000e8000000)
  eden space 87424K, 100% used [0x00000000e0000000, 0x00000000e5560000, 0x00000000e5560000)
  from space 21824K,  60% used [0x00000000e6ab0000, 0x00000000e77a8378, 0x00000000e8000000)
  to   space 21824K,   0% used [0x00000000e5560000, 0x00000000e5560000, 0x00000000e6ab0000)
 concurrent mark-sweep generation total 393216K, used 0K [0x00000000e8000000, 0x0000000100000000, 0x0000000100000000)
 Metaspace       used 23153K, capacity 23554K, committed 23984K, reserved 1071104K
  class space    used 2697K, capacity 2865K, committed 2992K, reserved 1048576K
2017-02-03T06:01:02.599+0100: 3,038: [GC (Allocation Failure) 2017-02-03T06:01:02.599+0100: 3,038: [ParNew
Desired survivor size 20112992 bytes, new threshold 8 (max 8)
- age   1:    1436272 bytes,    1436272 total
- age   2:     151792 bytes,    1588064 total
- age   3:     355976 bytes,    1944040 total
- age   4:     867056 bytes,    2811096 total
- age   5:     794472 bytes,    3605568 total
- age   6:    6823072 bytes,   10428640 total
: 100704K->16073K(109248K), 0,0103173 secs] 100704K->16073K(502464K), 0,0103895 secs] [Times: user=0,03 sys=0,00, real=0,01 secs] 
Heap after GC invocations=6 (full 1):
 par new generation   total 109248K, used 16073K [0x00000000e0000000, 0x00000000e8000000, 0x00000000e8000000)
  eden space 87424K,   0% used [0x00000000e0000000, 0x00000000e0000000, 0x00000000e5560000)
  from space 21824K,  73% used [0x00000000e5560000, 0x00000000e6512738, 0x00000000e6ab0000)
  to   space 21824K,   0% used [0x00000000e6ab0000, 0x00000000e6ab0000, 0x00000000e8000000)
 concurrent mark-sweep generation total 393216K, used 0K [0x00000000e8000000, 0x0000000100000000, 0x0000000100000000)
 Metaspace       used 23153K, capacity 23554K, committed 23984K, reserved 1071104K
  class space    used 2697K, capacity 2865K, committed 2992K, reserved 1048576K
}
2017-02-03T06:01:02.609+0100: 3,048: Total time for which application threads were stopped: 0,0106052 seconds, Stopping threads took: 0,0000603 seconds
2017-02-03T06:01:02.755+0100: 3,194: Total time for which application threads were stopped: 0,0019469 seconds, Stopping threads took: 0,0015703 seconds
2017-02-03T06:01:02.770+0100: 3,209: Total time for which application threads were stopped: 0,0003823 seconds, Stopping threads took: 0,0000411 seconds
2017-02-03T06:01:03.168+0100: 3,607: Total time for which application threads were stopped: 0,0005189 seconds, Stopping threads took: 0,0000242 seconds
2017-02-03T06:01:03.184+0100: 3,623: Total time for which application threads were stopped: 0,0004452 seconds, Stopping threads took: 0,0000427 seconds
2017-02-03T06:01:03.223+0100: 3,662: Total time for which application threads were stopped: 0,0004637 seconds, Stopping threads took: 0,0000392 seconds
2017-02-03T06:01:03.611+0100: 4,050: Total time for which application threads were stopped: 0,0005880 seconds, Stopping threads took: 0,0000305 seconds
{Heap before GC invocations=6 (full 1):
 par new generation   total 109248K, used 103497K [0x00000000e0000000, 0x00000000e8000000, 0x00000000e8000000)
  eden space 87424K, 100% used [0x00000000e0000000, 0x00000000e5560000, 0x00000000e5560000)
  from space 21824K,  73% used [0x00000000e5560000, 0x00000000e6512738, 0x00000000e6ab0000)
  to   space 21824K,   0% used [0x00000000e6ab0000, 0x00000000e6ab0000, 0x00000000e8000000)
 concurrent mark-sweep generation total 393216K, used 0K [0x00000000e8000000, 0x0000000100000000, 0x0000000100000000)
 Metaspace       used 29093K, capacity 29652K, committed 30000K, reserved 1075200K
  class space    used 3362K, capacity 3572K, committed 3632K, reserved 1048576K
2017-02-03T06:01:10.519+0100: 10,958: [GC (Allocation Failure) 2017-02-03T06:01:10.519+0100: 10,958: [ParNew
Desired survivor size 20112992 bytes, new threshold 7 (max 8)
- age   1:   11598232 bytes,   11598232 total
- age   2:     479952 bytes,   12078184 total
- age   3:     150520 bytes,   12228704 total
- age   4:     345816 bytes,   12574520 total
- age   5:     322864 bytes,   12897384 total
- age   6:     782040 bytes,   13679424 total
- age   7:    6721520 bytes,   20400944 total
: 103497K->21824K(109248K), 0,0174608 secs] 103497K->21824K(502464K), 0,0175539 secs] [Times: user=0,05 sys=0,01, real=0,01 secs] 
Heap after GC invocations=7 (full 1):
 par new generation   total 109248K, used 21824K [0x00000000e0000000, 0x00000000e8000000, 0x00000000e8000000)
  eden space 87424K,   0% used [0x00000000e0000000, 0x00000000e0000000, 0x00000000e5560000)
  from space 21824K, 100% used [0x00000000e6ab0000, 0x00000000e8000000, 0x00000000e8000000)
  to   space 21824K,   0% used [0x00000000e5560000, 0x00000000e5560000, 0x00000000e6ab0000)
 concurrent mark-sweep generation total 393216K, used 0K [0x00000000e8000000, 0x0000000100000000, 0x0000000100000000)
 Metaspace       used 29093K, capacity 29652K, committed 30000K, reserved 1075200K
  class space    used 3362K, capacity 3572K, committed 3632K, reserved 1048576K
}
2017-02-03T06:01:10.537+0100: 10,976: Total time for which application threads were stopped: 0,0176977 seconds, Stopping threads took: 0,0000259 seconds
2017-02-03T06:01:11.537+0100: 11,976: Total time for which application threads were stopped: 0,0000603 seconds, Stopping threads took: 0,0000163 seconds
2017-02-03T06:03:21.552+0100: 141,991: Total time for which application threads were stopped: 0,0000894 seconds, Stopping threads took: 0,0000321 seconds
2017-02-03T06:13:30.491+0100: 750,930: Total time for which application threads were stopped: 0,0001807 seconds, Stopping threads took: 0,0000640 seconds
Heap
 par new generation   total 109248K, used 47177K [0x00000000e0000000, 0x00000000e8000000, 0x00000000e8000000)
  eden space 87424K,  29% used [0x00000000e0000000, 0x00000000e18c2748, 0x00000000e5560000)
  from space 21824K, 100% used [0x00000000e6ab0000, 0x00000000e8000000, 0x00000000e8000000)
  to   space 21824K,   0% used [0x00000000e5560000, 0x00000000e5560000, 0x00000000e6ab0000)
 concurrent mark-sweep generation total 393216K, used 0K [0x00000000e8000000, 0x0000000100000000, 0x0000000100000000)
 Metaspace       used 29214K, capacity 29728K, committed 30000K, reserved 1075200K
  class space    used 3375K, capacity 3574K, committed 3632K, reserved 1048576K
