OpenJDK 64-Bit Server VM (25.111-b14) for linux-amd64 JRE (1.8.0_111-8u111-b14-2ubuntu0.16.04.2-b14), built on Oct 27 2016 18:10:19 by "buildd" with gcc 5.4.0 20160609
Memory: 4k page, physical 7867840k(7453036k free), swap 8076284k(8076284k free)
CommandLine flags: -XX:CMSInitiatingOccupancyFraction=50 -XX:CMSMaxAbortablePrecleanTime=6000 -XX:+CMSParallelRemarkEnabled -XX:+CMSScavengeBeforeRemark -XX:ConcGCThreads=4 -XX:InitialHeapSize=536870912 -XX:MaxHeapSize=536870912 -XX:MaxTenuringThreshold=8 -XX:NewRatio=3 -XX:OldPLABSize=16 -XX:OnOutOfMemoryError=/opt/solr/bin/oom_solr.sh 8983 /var/solr/logs -XX:ParallelGCThreads=4 -XX:+ParallelRefProcEnabled -XX:PretenureSizeThreshold=67108864 -XX:+PrintGC -XX:+PrintGCApplicationStoppedTime -XX:+PrintGCDateStamps -XX:+PrintGCDetails -XX:+PrintGCTimeStamps -XX:+PrintHeapAtGC -XX:+PrintTenuringDistribution -XX:SurvivorRatio=4 -XX:TargetSurvivorRatio=90 -XX:ThreadStackSize=256 -XX:+UseCMSInitiatingOccupancyOnly -XX:+UseCompressedClassPointers -XX:+UseCompressedOops -XX:+UseConcMarkSweepGC -XX:+UseParNewGC 
2016-12-02T22:50:56.731+0100: 0,117: Total time for which application threads were stopped: 0,0000966 seconds, Stopping threads took: 0,0000148 seconds
2016-12-02T22:50:56.831+0100: 0,216: Total time for which application threads were stopped: 0,0001128 seconds, Stopping threads took: 0,0000142 seconds
2016-12-02T22:50:56.843+0100: 0,228: Total time for which application threads were stopped: 0,0000763 seconds, Stopping threads took: 0,0000139 seconds
2016-12-02T22:50:57.077+0100: 0,462: Total time for which application threads were stopped: 0,0001026 seconds, Stopping threads took: 0,0000085 seconds
2016-12-02T22:50:57.118+0100: 0,504: Total time for which application threads were stopped: 0,0001273 seconds, Stopping threads took: 0,0000266 seconds
2016-12-02T22:50:57.529+0100: 0,915: Total time for which application threads were stopped: 0,0001506 seconds, Stopping threads took: 0,0000231 seconds
2016-12-02T22:50:57.622+0100: 1,007: Total time for which application threads were stopped: 0,0002023 seconds, Stopping threads took: 0,0000348 seconds
2016-12-02T22:50:57.643+0100: 1,028: Total time for which application threads were stopped: 0,0004092 seconds, Stopping threads took: 0,0001634 seconds
2016-12-02T22:50:57.936+0100: 1,321: Total time for which application threads were stopped: 0,0001552 seconds, Stopping threads took: 0,0000144 seconds
2016-12-02T22:50:58.154+0100: 1,539: Total time for which application threads were stopped: 0,0001945 seconds, Stopping threads took: 0,0000139 seconds
2016-12-02T22:50:58.177+0100: 1,562: Total time for which application threads were stopped: 0,0003098 seconds, Stopping threads took: 0,0000164 seconds
2016-12-02T22:50:58.179+0100: 1,564: Total time for which application threads were stopped: 0,0007430 seconds, Stopping threads took: 0,0000473 seconds
2016-12-02T22:50:58.194+0100: 1,580: Total time for which application threads were stopped: 0,0002049 seconds, Stopping threads took: 0,0000230 seconds
2016-12-02T22:50:58.299+0100: 1,684: Total time for which application threads were stopped: 0,0002326 seconds, Stopping threads took: 0,0000194 seconds
2016-12-02T22:50:58.465+0100: 1,850: Total time for which application threads were stopped: 0,0002816 seconds, Stopping threads took: 0,0000694 seconds
{Heap before GC invocations=0 (full 0):
 par new generation   total 109248K, used 87424K [0x00000000e0000000, 0x00000000e8000000, 0x00000000e8000000)
  eden space 87424K, 100% used [0x00000000e0000000, 0x00000000e5560000, 0x00000000e5560000)
  from space 21824K,   0% used [0x00000000e5560000, 0x00000000e5560000, 0x00000000e6ab0000)
  to   space 21824K,   0% used [0x00000000e6ab0000, 0x00000000e6ab0000, 0x00000000e8000000)
 concurrent mark-sweep generation total 393216K, used 0K [0x00000000e8000000, 0x0000000100000000, 0x0000000100000000)
 Metaspace       used 18096K, capacity 18366K, committed 18560K, reserved 1064960K
  class space    used 2054K, capacity 2162K, committed 2176K, reserved 1048576K
2016-12-02T22:50:58.582+0100: 1,967: [GC (Allocation Failure) 2016-12-02T22:50:58.582+0100: 1,967: [ParNew
Desired survivor size 20112992 bytes, new threshold 8 (max 8)
- age   1:   12329776 bytes,   12329776 total
: 87424K->12141K(109248K), 0,0160634 secs] 87424K->12141K(502464K), 0,0161429 secs] [Times: user=0,03 sys=0,02, real=0,02 secs] 
Heap after GC invocations=1 (full 0):
 par new generation   total 109248K, used 12141K [0x00000000e0000000, 0x00000000e8000000, 0x00000000e8000000)
  eden space 87424K,   0% used [0x00000000e0000000, 0x00000000e0000000, 0x00000000e5560000)
  from space 21824K,  55% used [0x00000000e6ab0000, 0x00000000e768b7e8, 0x00000000e8000000)
  to   space 21824K,   0% used [0x00000000e5560000, 0x00000000e5560000, 0x00000000e6ab0000)
 concurrent mark-sweep generation total 393216K, used 0K [0x00000000e8000000, 0x0000000100000000, 0x0000000100000000)
 Metaspace       used 18096K, capacity 18366K, committed 18560K, reserved 1064960K
  class space    used 2054K, capacity 2162K, committed 2176K, reserved 1048576K
}
2016-12-02T22:50:58.598+0100: 1,983: Total time for which application threads were stopped: 0,0163218 seconds, Stopping threads took: 0,0000161 seconds
2016-12-02T22:50:58.761+0100: 2,146: Total time for which application threads were stopped: 0,0003822 seconds, Stopping threads took: 0,0000225 seconds
2016-12-02T22:50:58.788+0100: 2,173: Total time for which application threads were stopped: 0,0003764 seconds, Stopping threads took: 0,0000244 seconds
2016-12-02T22:50:58.807+0100: 2,193: Total time for which application threads were stopped: 0,0002592 seconds, Stopping threads took: 0,0000251 seconds
{Heap before GC invocations=1 (full 0):
 par new generation   total 109248K, used 99565K [0x00000000e0000000, 0x00000000e8000000, 0x00000000e8000000)
  eden space 87424K, 100% used [0x00000000e0000000, 0x00000000e5560000, 0x00000000e5560000)
  from space 21824K,  55% used [0x00000000e6ab0000, 0x00000000e768b7e8, 0x00000000e8000000)
  to   space 21824K,   0% used [0x00000000e5560000, 0x00000000e5560000, 0x00000000e6ab0000)
 concurrent mark-sweep generation total 393216K, used 0K [0x00000000e8000000, 0x0000000100000000, 0x0000000100000000)
 Metaspace       used 20727K, capacity 21020K, committed 21248K, reserved 1069056K
  class space    used 2404K, capacity 2518K, committed 2560K, reserved 1048576K
2016-12-02T22:50:58.978+0100: 2,364: [GC (Allocation Failure) 2016-12-02T22:50:58.978+0100: 2,364: [ParNew
Desired survivor size 20112992 bytes, new threshold 8 (max 8)
- age   1:    2901000 bytes,    2901000 total
- age   2:    6102400 bytes,    9003400 total
: 99565K->13097K(109248K), 0,0118239 secs] 99565K->13097K(502464K), 0,0118941 secs] [Times: user=0,04 sys=0,01, real=0,01 secs] 
Heap after GC invocations=2 (full 0):
 par new generation   total 109248K, used 13097K [0x00000000e0000000, 0x00000000e8000000, 0x00000000e8000000)
  eden space 87424K,   0% used [0x00000000e0000000, 0x00000000e0000000, 0x00000000e5560000)
  from space 21824K,  60% used [0x00000000e5560000, 0x00000000e622a550, 0x00000000e6ab0000)
  to   space 21824K,   0% used [0x00000000e6ab0000, 0x00000000e6ab0000, 0x00000000e8000000)
 concurrent mark-sweep generation total 393216K, used 0K [0x00000000e8000000, 0x0000000100000000, 0x0000000100000000)
 Metaspace       used 20727K, capacity 21020K, committed 21248K, reserved 1069056K
  class space    used 2404K, capacity 2518K, committed 2560K, reserved 1048576K
}
2016-12-02T22:50:58.990+0100: 2,376: Total time for which application threads were stopped: 0,0121024 seconds, Stopping threads took: 0,0000274 seconds
2016-12-02T22:50:59.038+0100: 2,423: Total time for which application threads were stopped: 0,0000874 seconds, Stopping threads took: 0,0000248 seconds
2016-12-02T22:50:59.070+0100: 2,455: Total time for which application threads were stopped: 0,0000899 seconds, Stopping threads took: 0,0000268 seconds
2016-12-02T22:50:59.071+0100: 2,456: Total time for which application threads were stopped: 0,0002717 seconds, Stopping threads took: 0,0000114 seconds
2016-12-02T22:50:59.097+0100: 2,483: Total time for which application threads were stopped: 0,0000790 seconds, Stopping threads took: 0,0000172 seconds
2016-12-02T22:50:59.175+0100: 2,560: Total time for which application threads were stopped: 0,0003951 seconds, Stopping threads took: 0,0002773 seconds
2016-12-02T22:50:59.192+0100: 2,577: Total time for which application threads were stopped: 0,0000831 seconds, Stopping threads took: 0,0000218 seconds
2016-12-02T22:50:59.200+0100: 2,586: Total time for which application threads were stopped: 0,0003302 seconds, Stopping threads took: 0,0000284 seconds
2016-12-02T22:50:59.205+0100: 2,591: Total time for which application threads were stopped: 0,0000675 seconds, Stopping threads took: 0,0000131 seconds
2016-12-02T22:50:59.208+0100: 2,593: Total time for which application threads were stopped: 0,0002672 seconds, Stopping threads took: 0,0000200 seconds
2016-12-02T22:50:59.251+0100: 2,636: Total time for which application threads were stopped: 0,0000915 seconds, Stopping threads took: 0,0000157 seconds
2016-12-02T22:50:59.267+0100: 2,652: Total time for which application threads were stopped: 0,0001964 seconds, Stopping threads took: 0,0000199 seconds
2016-12-02T22:50:59.285+0100: 2,670: Total time for which application threads were stopped: 0,0000666 seconds, Stopping threads took: 0,0000152 seconds
2016-12-02T22:50:59.302+0100: 2,687: Total time for which application threads were stopped: 0,0000836 seconds, Stopping threads took: 0,0000196 seconds
2016-12-02T22:50:59.325+0100: 2,710: Total time for which application threads were stopped: 0,0000919 seconds, Stopping threads took: 0,0000225 seconds
2016-12-02T22:50:59.385+0100: 2,771: Total time for which application threads were stopped: 0,0001706 seconds, Stopping threads took: 0,0000803 seconds
2016-12-02T22:50:59.411+0100: 2,797: Total time for which application threads were stopped: 0,0001097 seconds, Stopping threads took: 0,0000310 seconds
{Heap before GC invocations=2 (full 0):
 par new generation   total 109248K, used 100521K [0x00000000e0000000, 0x00000000e8000000, 0x00000000e8000000)
  eden space 87424K, 100% used [0x00000000e0000000, 0x00000000e5560000, 0x00000000e5560000)
  from space 21824K,  60% used [0x00000000e5560000, 0x00000000e622a550, 0x00000000e6ab0000)
  to   space 21824K,   0% used [0x00000000e6ab0000, 0x00000000e6ab0000, 0x00000000e8000000)
 concurrent mark-sweep generation total 393216K, used 0K [0x00000000e8000000, 0x0000000100000000, 0x0000000100000000)
 Metaspace       used 24887K, capacity 25284K, committed 25536K, reserved 1071104K
  class space    used 2897K, capacity 3024K, committed 3144K, reserved 1048576K
2016-12-02T22:50:59.439+0100: 2,824: [GC (Allocation Failure) 2016-12-02T22:50:59.439+0100: 2,824: [ParNew
Desired survivor size 20112992 bytes, new threshold 8 (max 8)
- age   1:    6720720 bytes,    6720720 total
- age   2:     549888 bytes,    7270608 total
- age   3:    6083944 bytes,   13354552 total
: 100521K->14212K(109248K), 0,0148018 secs] 100521K->14212K(502464K), 0,0148924 secs] [Times: user=0,06 sys=0,00, real=0,01 secs] 
Heap after GC invocations=3 (full 0):
 par new generation   total 109248K, used 14212K [0x00000000e0000000, 0x00000000e8000000, 0x00000000e8000000)
  eden space 87424K,   0% used [0x00000000e0000000, 0x00000000e0000000, 0x00000000e5560000)
  from space 21824K,  65% used [0x00000000e6ab0000, 0x00000000e7891000, 0x00000000e8000000)
  to   space 21824K,   0% used [0x00000000e5560000, 0x00000000e5560000, 0x00000000e6ab0000)
 concurrent mark-sweep generation total 393216K, used 0K [0x00000000e8000000, 0x0000000100000000, 0x0000000100000000)
 Metaspace       used 24887K, capacity 25284K, committed 25536K, reserved 1071104K
  class space    used 2897K, capacity 3024K, committed 3144K, reserved 1048576K
}
2016-12-02T22:50:59.454+0100: 2,839: Total time for which application threads were stopped: 0,0150487 seconds, Stopping threads took: 0,0000216 seconds
2016-12-02T22:50:59.454+0100: 2,839: [GC (CMS Initial Mark) [1 CMS-initial-mark: 0K(393216K)] 14227K(502464K), 0,0040341 secs] [Times: user=0,02 sys=0,00, real=0,01 secs] 
2016-12-02T22:50:59.458+0100: 2,843: Total time for which application threads were stopped: 0,0041484 seconds, Stopping threads took: 0,0000241 seconds
2016-12-02T22:50:59.458+0100: 2,843: [CMS-concurrent-mark-start]
2016-12-02T22:50:59.459+0100: 2,844: [CMS-concurrent-mark: 0,000/0,000 secs] [Times: user=0,00 sys=0,00, real=0,00 secs] 
2016-12-02T22:50:59.459+0100: 2,844: [CMS-concurrent-preclean-start]
2016-12-02T22:50:59.460+0100: 2,845: [CMS-concurrent-preclean: 0,001/0,001 secs] [Times: user=0,00 sys=0,00, real=0,00 secs] 
2016-12-02T22:50:59.460+0100: 2,845: [GC (CMS Final Remark) [YG occupancy: 15628 K (109248 K)]{Heap before GC invocations=3 (full 1):
 par new generation   total 109248K, used 15628K [0x00000000e0000000, 0x00000000e8000000, 0x00000000e8000000)
  eden space 87424K,   1% used [0x00000000e0000000, 0x00000000e0162240, 0x00000000e5560000)
  from space 21824K,  65% used [0x00000000e6ab0000, 0x00000000e7891000, 0x00000000e8000000)
  to   space 21824K,   0% used [0x00000000e5560000, 0x00000000e5560000, 0x00000000e6ab0000)
 concurrent mark-sweep generation total 393216K, used 0K [0x00000000e8000000, 0x0000000100000000, 0x0000000100000000)
 Metaspace       used 24915K, capacity 25316K, committed 25536K, reserved 1071104K
  class space    used 2900K, capacity 3056K, committed 3144K, reserved 1048576K
2016-12-02T22:50:59.460+0100: 2,845: [GC (CMS Final Remark) 2016-12-02T22:50:59.460+0100: 2,845: [ParNew
Desired survivor size 20112992 bytes, new threshold 8 (max 8)
- age   1:      13336 bytes,      13336 total
- age   2:    3166280 bytes,    3179616 total
- age   3:     549888 bytes,    3729504 total
- age   4:    6083656 bytes,    9813160 total
: 15628K->16609K(109248K), 0,0101074 secs] 15628K->16609K(502464K), 0,0101478 secs] [Times: user=0,04 sys=0,00, real=0,01 secs] 
Heap after GC invocations=4 (full 1):
 par new generation   total 109248K, used 16609K [0x00000000e0000000, 0x00000000e8000000, 0x00000000e8000000)
  eden space 87424K,   0% used [0x00000000e0000000, 0x00000000e0000000, 0x00000000e5560000)
  from space 21824K,  76% used [0x00000000e5560000, 0x00000000e65985a0, 0x00000000e6ab0000)
  to   space 21824K,   0% used [0x00000000e6ab0000, 0x00000000e6ab0000, 0x00000000e8000000)
 concurrent mark-sweep generation total 393216K, used 0K [0x00000000e8000000, 0x0000000100000000, 0x0000000100000000)
 Metaspace       used 24915K, capacity 25316K, committed 25536K, reserved 1071104K
  class space    used 2900K, capacity 3056K, committed 3144K, reserved 1048576K
}
2016-12-02T22:50:59.470+0100: 2,856: [Rescan (parallel) , 0,0039192 secs]2016-12-02T22:50:59.474+0100: 2,860: [weak refs processing, 0,0003991 secs]2016-12-02T22:50:59.475+0100: 2,860: [class unloading, 0,0031829 secs]2016-12-02T22:50:59.478+0100: 2,863: [scrub symbol table, 0,0039084 secs]2016-12-02T22:50:59.482+0100: 2,867: [scrub string table, 0,0003801 secs][1 CMS-remark: 0K(393216K)] 16609K(502464K), 0,0226247 secs] [Times: user=0,06 sys=0,00, real=0,03 secs] 
2016-12-02T22:50:59.483+0100: 2,868: Total time for which application threads were stopped: 0,0227741 seconds, Stopping threads took: 0,0000822 seconds
2016-12-02T22:50:59.483+0100: 2,868: [CMS-concurrent-sweep-start]
2016-12-02T22:50:59.483+0100: 2,868: [CMS-concurrent-sweep: 0,000/0,000 secs] [Times: user=0,00 sys=0,00, real=0,00 secs] 
2016-12-02T22:50:59.483+0100: 2,868: [CMS-concurrent-reset-start]
2016-12-02T22:50:59.485+0100: 2,870: [CMS-concurrent-reset: 0,002/0,002 secs] [Times: user=0,00 sys=0,00, real=0,00 secs] 
2016-12-02T22:50:59.527+0100: 2,912: Total time for which application threads were stopped: 0,0003857 seconds, Stopping threads took: 0,0000198 seconds
2016-12-02T22:51:00.527+0100: 3,913: Total time for which application threads were stopped: 0,0000848 seconds, Stopping threads took: 0,0000167 seconds
2016-12-02T22:51:00.662+0100: 4,047: Total time for which application threads were stopped: 0,0002334 seconds, Stopping threads took: 0,0000154 seconds
2016-12-02T22:51:27.984+0100: 32,050: Total time for which application threads were stopped: 0,0000616 seconds, Stopping threads took: 0,0000168 seconds
2016-12-02T22:52:06.988+0100: 71,054: Total time for which application threads were stopped: 0,0000791 seconds, Stopping threads took: 0,0000343 seconds
2016-12-02T22:52:11.988+0100: 76,054: Total time for which application threads were stopped: 0,0000642 seconds, Stopping threads took: 0,0000176 seconds
2016-12-02T22:52:16.989+0100: 81,055: Total time for which application threads were stopped: 0,0000674 seconds, Stopping threads took: 0,0000171 seconds
2016-12-02T22:53:21.999+0100: 146,065: Total time for which application threads were stopped: 0,0003912 seconds, Stopping threads took: 0,0001651 seconds
2016-12-02T22:53:38.002+0100: 162,067: Total time for which application threads were stopped: 0,0000856 seconds, Stopping threads took: 0,0000314 seconds
2016-12-02T22:53:43.002+0100: 167,068: Total time for which application threads were stopped: 0,0000717 seconds, Stopping threads took: 0,0000176 seconds
2016-12-02T22:53:57.005+0100: 181,071: Total time for which application threads were stopped: 0,0001538 seconds, Stopping threads took: 0,0000625 seconds
2016-12-02T22:54:53.014+0100: 237,080: Total time for which application threads were stopped: 0,0001724 seconds, Stopping threads took: 0,0000722 seconds
2016-12-02T22:55:32.020+0100: 276,086: Total time for which application threads were stopped: 0,0001983 seconds, Stopping threads took: 0,0000735 seconds
2016-12-02T22:55:43.022+0100: 287,088: Total time for which application threads were stopped: 0,0001254 seconds, Stopping threads took: 0,0000317 seconds
2016-12-02T23:14:37.175+0100: 1421,241: Total time for which application threads were stopped: 0,0000744 seconds, Stopping threads took: 0,0000310 seconds
2016-12-02T23:19:37.213+0100: 1721,279: Total time for which application threads were stopped: 0,0000736 seconds, Stopping threads took: 0,0000302 seconds
2016-12-02T23:29:37.283+0100: 2321,349: Total time for which application threads were stopped: 0,0001499 seconds, Stopping threads took: 0,0000576 seconds
2016-12-02T23:29:38.283+0100: 2322,349: Total time for which application threads were stopped: 0,0000579 seconds, Stopping threads took: 0,0000142 seconds
2016-12-02T23:32:08.302+0100: 2472,368: Total time for which application threads were stopped: 0,0002229 seconds, Stopping threads took: 0,0001204 seconds
2016-12-02T23:44:13.380+0100: 3197,446: Total time for which application threads were stopped: 0,0000821 seconds, Stopping threads took: 0,0000335 seconds
2016-12-02T23:55:02.454+0100: 3846,520: Total time for which application threads were stopped: 0,0000803 seconds, Stopping threads took: 0,0000318 seconds
2016-12-02T23:57:57.473+0100: 4021,539: Total time for which application threads were stopped: 0,0000743 seconds, Stopping threads took: 0,0000321 seconds
2016-12-03T00:35:28.693+0100: 6272,759: Total time for which application threads were stopped: 0,0000920 seconds, Stopping threads took: 0,0000382 seconds
2016-12-03T00:35:33.693+0100: 6277,759: Total time for which application threads were stopped: 0,0000648 seconds, Stopping threads took: 0,0000143 seconds
2016-12-03T00:37:08.703+0100: 6372,769: Total time for which application threads were stopped: 0,0001267 seconds, Stopping threads took: 0,0000521 seconds
2016-12-03T00:53:27.784+0100: 7351,850: Total time for which application threads were stopped: 0,0000824 seconds, Stopping threads took: 0,0000327 seconds
2016-12-03T00:55:57.797+0100: 7501,863: Total time for which application threads were stopped: 0,0005009 seconds, Stopping threads took: 0,0001615 seconds
2016-12-03T00:56:27.800+0100: 7531,866: Total time for which application threads were stopped: 0,0000948 seconds, Stopping threads took: 0,0000352 seconds
2016-12-03T00:58:57.812+0100: 7681,878: Total time for which application threads were stopped: 0,0000749 seconds, Stopping threads took: 0,0000288 seconds
2016-12-03T00:59:27.815+0100: 7711,881: Total time for which application threads were stopped: 0,0001226 seconds, Stopping threads took: 0,0000709 seconds
2016-12-03T02:50:53.560+0100: 14397,626: Total time for which application threads were stopped: 0,0000880 seconds, Stopping threads took: 0,0000365 seconds
2016-12-03T03:13:46.156+0100: 15481,793: Total time for which application threads were stopped: 0,0000738 seconds, Stopping threads took: 0,0000309 seconds
2016-12-03T03:46:18.410+0100: 17433,409: Total time for which application threads were stopped: 0,0001281 seconds, Stopping threads took: 0,0000246 seconds
Heap
 par new generation   total 109248K, used 60168K [0x00000000e0000000, 0x00000000e8000000, 0x00000000e8000000)
  eden space 87424K,  49% used [0x00000000e0000000, 0x00000000e2a89ac0, 0x00000000e5560000)
  from space 21824K,  76% used [0x00000000e5560000, 0x00000000e65985a0, 0x00000000e6ab0000)
  to   space 21824K,   0% used [0x00000000e6ab0000, 0x00000000e6ab0000, 0x00000000e8000000)
 concurrent mark-sweep generation total 393216K, used 0K [0x00000000e8000000, 0x0000000100000000, 0x0000000100000000)
 Metaspace       used 27245K, capacity 27722K, committed 27972K, reserved 1073152K
  class space    used 3161K, capacity 3319K, committed 3400K, reserved 1048576K
