OpenJDK 64-Bit Server VM (25.131-b11) for linux-amd64 JRE (1.8.0_131-8u131-b11-2ubuntu1.16.04.3-b11), built on Jul 28 2017 01:23:32 by "buildd" with gcc 5.4.0 20160609
Memory: 4k page, physical 7867732k(7387612k free), swap 8076284k(8076284k free)
CommandLine flags: -XX:CMSInitiatingOccupancyFraction=50 -XX:CMSMaxAbortablePrecleanTime=6000 -XX:+CMSParallelRemarkEnabled -XX:+CMSScavengeBeforeRemark -XX:ConcGCThreads=4 -XX:InitialHeapSize=536870912 -XX:MaxHeapSize=536870912 -XX:MaxTenuringThreshold=8 -XX:NewRatio=3 -XX:OldPLABSize=16 -XX:OnOutOfMemoryError=/opt/solr/bin/oom_solr.sh 8983 /var/solr/logs -XX:ParallelGCThreads=4 -XX:+ParallelRefProcEnabled -XX:PretenureSizeThreshold=67108864 -XX:+PrintGC -XX:+PrintGCApplicationStoppedTime -XX:+PrintGCDateStamps -XX:+PrintGCDetails -XX:+PrintGCTimeStamps -XX:+PrintHeapAtGC -XX:+PrintTenuringDistribution -XX:SurvivorRatio=4 -XX:TargetSurvivorRatio=90 -XX:ThreadStackSize=256 -XX:+UseCMSInitiatingOccupancyOnly -XX:+UseCompressedClassPointers -XX:+UseCompressedOops -XX:+UseConcMarkSweepGC -XX:+UseParNewGC 
2017-08-28T00:58:58.055+0200: 0,153: Total time for which application threads were stopped: 0,0000696 seconds, Stopping threads took: 0,0000097 seconds
2017-08-28T00:58:58.153+0200: 0,251: Total time for which application threads were stopped: 0,0001129 seconds, Stopping threads took: 0,0000241 seconds
2017-08-28T00:58:58.168+0200: 0,267: Total time for which application threads were stopped: 0,0000753 seconds, Stopping threads took: 0,0000089 seconds
2017-08-28T00:58:58.375+0200: 0,473: Total time for which application threads were stopped: 0,0001250 seconds, Stopping threads took: 0,0000131 seconds
2017-08-28T00:58:58.968+0200: 1,066: Total time for which application threads were stopped: 0,0001608 seconds, Stopping threads took: 0,0000211 seconds
2017-08-28T00:58:59.051+0200: 1,149: Total time for which application threads were stopped: 0,0001386 seconds, Stopping threads took: 0,0000124 seconds
2017-08-28T00:58:59.067+0200: 1,165: Total time for which application threads were stopped: 0,0001582 seconds, Stopping threads took: 0,0000203 seconds
2017-08-28T00:58:59.340+0200: 1,439: Total time for which application threads were stopped: 0,0002488 seconds, Stopping threads took: 0,0000305 seconds
2017-08-28T00:58:59.554+0200: 1,653: Total time for which application threads were stopped: 0,0002024 seconds, Stopping threads took: 0,0000218 seconds
2017-08-28T00:58:59.582+0200: 1,681: Total time for which application threads were stopped: 0,0002008 seconds, Stopping threads took: 0,0000366 seconds
2017-08-28T00:58:59.617+0200: 1,715: Total time for which application threads were stopped: 0,0002251 seconds, Stopping threads took: 0,0000318 seconds
2017-08-28T00:58:59.618+0200: 1,717: Total time for which application threads were stopped: 0,0002231 seconds, Stopping threads took: 0,0000227 seconds
2017-08-28T00:58:59.639+0200: 1,737: Total time for which application threads were stopped: 0,0002074 seconds, Stopping threads took: 0,0000185 seconds
2017-08-28T00:58:59.738+0200: 1,836: Total time for which application threads were stopped: 0,0002367 seconds, Stopping threads took: 0,0000191 seconds
2017-08-28T00:58:59.939+0200: 2,037: Total time for which application threads were stopped: 0,0002356 seconds, Stopping threads took: 0,0000280 seconds
{Heap before GC invocations=0 (full 0):
 par new generation   total 109248K, used 87424K [0x00000000e0000000, 0x00000000e8000000, 0x00000000e8000000)
  eden space 87424K, 100% used [0x00000000e0000000, 0x00000000e5560000, 0x00000000e5560000)
  from space 21824K,   0% used [0x00000000e5560000, 0x00000000e5560000, 0x00000000e6ab0000)
  to   space 21824K,   0% used [0x00000000e6ab0000, 0x00000000e6ab0000, 0x00000000e8000000)
 concurrent mark-sweep generation total 393216K, used 0K [0x00000000e8000000, 0x0000000100000000, 0x0000000100000000)
 Metaspace       used 18240K, capacity 18528K, committed 18688K, reserved 1064960K
  class space    used 2059K, capacity 2196K, committed 2304K, reserved 1048576K
2017-08-28T00:59:00.059+0200: 2,157: [GC (Allocation Failure) 2017-08-28T00:59:00.059+0200: 2,158: [ParNew
Desired survivor size 20112992 bytes, new threshold 8 (max 8)
- age   1:   12823656 bytes,   12823656 total
: 87424K->12647K(109248K), 0,0158626 secs] 87424K->12647K(502464K), 0,0159524 secs] [Times: user=0,04 sys=0,01, real=0,01 secs] 
Heap after GC invocations=1 (full 0):
 par new generation   total 109248K, used 12647K [0x00000000e0000000, 0x00000000e8000000, 0x00000000e8000000)
  eden space 87424K,   0% used [0x00000000e0000000, 0x00000000e0000000, 0x00000000e5560000)
  from space 21824K,  57% used [0x00000000e6ab0000, 0x00000000e7709ef8, 0x00000000e8000000)
  to   space 21824K,   0% used [0x00000000e5560000, 0x00000000e5560000, 0x00000000e6ab0000)
 concurrent mark-sweep generation total 393216K, used 0K [0x00000000e8000000, 0x0000000100000000, 0x0000000100000000)
 Metaspace       used 18240K, capacity 18528K, committed 18688K, reserved 1064960K
  class space    used 2059K, capacity 2196K, committed 2304K, reserved 1048576K
}
2017-08-28T00:59:00.075+0200: 2,173: Total time for which application threads were stopped: 0,0161831 seconds, Stopping threads took: 0,0000225 seconds
2017-08-28T00:59:00.366+0200: 2,464: Total time for which application threads were stopped: 0,0004008 seconds, Stopping threads took: 0,0000945 seconds
2017-08-28T00:59:00.411+0200: 2,509: Total time for which application threads were stopped: 0,0004710 seconds, Stopping threads took: 0,0000725 seconds
{Heap before GC invocations=1 (full 0):
 par new generation   total 109248K, used 100071K [0x00000000e0000000, 0x00000000e8000000, 0x00000000e8000000)
  eden space 87424K, 100% used [0x00000000e0000000, 0x00000000e5560000, 0x00000000e5560000)
  from space 21824K,  57% used [0x00000000e6ab0000, 0x00000000e7709ef8, 0x00000000e8000000)
  to   space 21824K,   0% used [0x00000000e5560000, 0x00000000e5560000, 0x00000000e6ab0000)
 concurrent mark-sweep generation total 393216K, used 0K [0x00000000e8000000, 0x0000000100000000, 0x0000000100000000)
 Metaspace       used 20087K, capacity 20432K, committed 20736K, reserved 1067008K
  class space    used 2297K, capacity 2470K, committed 2560K, reserved 1048576K
2017-08-28T00:59:00.418+0200: 2,516: [GC (Allocation Failure) 2017-08-28T00:59:00.418+0200: 2,516: [ParNew
Desired survivor size 20112992 bytes, new threshold 8 (max 8)
- age   1:    3421216 bytes,    3421216 total
- age   2:    6703480 bytes,   10124696 total
: 100071K->13977K(109248K), 0,0142734 secs] 100071K->13977K(502464K), 0,0143467 secs] [Times: user=0,05 sys=0,00, real=0,01 secs] 
Heap after GC invocations=2 (full 0):
 par new generation   total 109248K, used 13977K [0x00000000e0000000, 0x00000000e8000000, 0x00000000e8000000)
  eden space 87424K,   0% used [0x00000000e0000000, 0x00000000e0000000, 0x00000000e5560000)
  from space 21824K,  64% used [0x00000000e5560000, 0x00000000e63065e0, 0x00000000e6ab0000)
  to   space 21824K,   0% used [0x00000000e6ab0000, 0x00000000e6ab0000, 0x00000000e8000000)
 concurrent mark-sweep generation total 393216K, used 0K [0x00000000e8000000, 0x0000000100000000, 0x0000000100000000)
 Metaspace       used 20087K, capacity 20432K, committed 20736K, reserved 1067008K
  class space    used 2297K, capacity 2470K, committed 2560K, reserved 1048576K
}
2017-08-28T00:59:00.432+0200: 2,531: Total time for which application threads were stopped: 0,0145453 seconds, Stopping threads took: 0,0000596 seconds
2017-08-28T00:59:00.466+0200: 2,564: Total time for which application threads were stopped: 0,0003528 seconds, Stopping threads took: 0,0000568 seconds
2017-08-28T00:59:00.589+0200: 2,688: Total time for which application threads were stopped: 0,0001719 seconds, Stopping threads took: 0,0000260 seconds
{Heap before GC invocations=2 (full 0):
 par new generation   total 109248K, used 101401K [0x00000000e0000000, 0x00000000e8000000, 0x00000000e8000000)
  eden space 87424K, 100% used [0x00000000e0000000, 0x00000000e5560000, 0x00000000e5560000)
  from space 21824K,  64% used [0x00000000e5560000, 0x00000000e63065e0, 0x00000000e6ab0000)
  to   space 21824K,   0% used [0x00000000e6ab0000, 0x00000000e6ab0000, 0x00000000e8000000)
 concurrent mark-sweep generation total 393216K, used 0K [0x00000000e8000000, 0x0000000100000000, 0x0000000100000000)
 Metaspace       used 20977K, capacity 21290K, committed 21628K, reserved 1069056K
  class space    used 2417K, capacity 2589K, committed 2684K, reserved 1048576K
2017-08-28T00:59:00.635+0200: 2,733: [GC (Allocation Failure) 2017-08-28T00:59:00.635+0200: 2,733: [ParNew
Desired survivor size 20112992 bytes, new threshold 8 (max 8)
- age   1:    2131448 bytes,    2131448 total
- age   2:     847672 bytes,    2979120 total
- age   3:    6699648 bytes,    9678768 total
: 101401K->12835K(109248K), 0,0131017 secs] 101401K->12835K(502464K), 0,0131836 secs] [Times: user=0,04 sys=0,00, real=0,02 secs] 
Heap after GC invocations=3 (full 0):
 par new generation   total 109248K, used 12835K [0x00000000e0000000, 0x00000000e8000000, 0x00000000e8000000)
  eden space 87424K,   0% used [0x00000000e0000000, 0x00000000e0000000, 0x00000000e5560000)
  from space 21824K,  58% used [0x00000000e6ab0000, 0x00000000e7738c80, 0x00000000e8000000)
  to   space 21824K,   0% used [0x00000000e5560000, 0x00000000e5560000, 0x00000000e6ab0000)
 concurrent mark-sweep generation total 393216K, used 0K [0x00000000e8000000, 0x0000000100000000, 0x0000000100000000)
 Metaspace       used 20977K, capacity 21290K, committed 21628K, reserved 1069056K
  class space    used 2417K, capacity 2589K, committed 2684K, reserved 1048576K
}
2017-08-28T00:59:00.648+0200: 2,746: Total time for which application threads were stopped: 0,0134434 seconds, Stopping threads took: 0,0000777 seconds
2017-08-28T00:59:00.648+0200: 2,746: [GC (CMS Initial Mark) [1 CMS-initial-mark: 0K(393216K)] 12851K(502464K), 0,0033891 secs] [Times: user=0,02 sys=0,00, real=0,00 secs] 
2017-08-28T00:59:00.651+0200: 2,749: Total time for which application threads were stopped: 0,0035173 seconds, Stopping threads took: 0,0000372 seconds
2017-08-28T00:59:00.651+0200: 2,749: [CMS-concurrent-mark-start]
2017-08-28T00:59:00.652+0200: 2,750: [CMS-concurrent-mark: 0,001/0,001 secs] [Times: user=0,00 sys=0,00, real=0,00 secs] 
2017-08-28T00:59:00.652+0200: 2,750: [CMS-concurrent-preclean-start]
2017-08-28T00:59:00.653+0200: 2,752: [CMS-concurrent-preclean: 0,001/0,001 secs] [Times: user=0,00 sys=0,00, real=0,00 secs] 
2017-08-28T00:59:00.653+0200: 2,752: [CMS-concurrent-abortable-preclean-start]
2017-08-28T00:59:00.694+0200: 2,793: Total time for which application threads were stopped: 0,0002009 seconds, Stopping threads took: 0,0001266 seconds
{Heap before GC invocations=3 (full 1):
 par new generation   total 109248K, used 100259K [0x00000000e0000000, 0x00000000e8000000, 0x00000000e8000000)
  eden space 87424K, 100% used [0x00000000e0000000, 0x00000000e5560000, 0x00000000e5560000)
  from space 21824K,  58% used [0x00000000e6ab0000, 0x00000000e7738c80, 0x00000000e8000000)
  to   space 21824K,   0% used [0x00000000e5560000, 0x00000000e5560000, 0x00000000e6ab0000)
 concurrent mark-sweep generation total 393216K, used 0K [0x00000000e8000000, 0x0000000100000000, 0x0000000100000000)
 Metaspace       used 21279K, capacity 21630K, committed 21884K, reserved 1069056K
  class space    used 2449K, capacity 2604K, committed 2684K, reserved 1048576K
2017-08-28T00:59:00.763+0200: 2,861: [GC (Allocation Failure) 2017-08-28T00:59:00.763+0200: 2,861: [ParNew
Desired survivor size 20112992 bytes, new threshold 8 (max 8)
- age   1:     759000 bytes,     759000 total
- age   2:    1453032 bytes,    2212032 total
- age   3:     812344 bytes,    3024376 total
- age   4:    6699536 bytes,    9723912 total
: 100259K->12426K(109248K), 0,0106625 secs] 100259K->12426K(502464K), 0,0107299 secs] [Times: user=0,04 sys=0,00, real=0,01 secs] 
Heap after GC invocations=4 (full 1):
 par new generation   total 109248K, used 12426K [0x00000000e0000000, 0x00000000e8000000, 0x00000000e8000000)
  eden space 87424K,   0% used [0x00000000e0000000, 0x00000000e0000000, 0x00000000e5560000)
  from space 21824K,  56% used [0x00000000e5560000, 0x00000000e61829a0, 0x00000000e6ab0000)
  to   space 21824K,   0% used [0x00000000e6ab0000, 0x00000000e6ab0000, 0x00000000e8000000)
 concurrent mark-sweep generation total 393216K, used 0K [0x00000000e8000000, 0x0000000100000000, 0x0000000100000000)
 Metaspace       used 21279K, capacity 21630K, committed 21884K, reserved 1069056K
  class space    used 2449K, capacity 2604K, committed 2684K, reserved 1048576K
}
2017-08-28T00:59:00.774+0200: 2,872: Total time for which application threads were stopped: 0,0109864 seconds, Stopping threads took: 0,0001227 seconds
{Heap before GC invocations=4 (full 1):
 par new generation   total 109248K, used 99850K [0x00000000e0000000, 0x00000000e8000000, 0x00000000e8000000)
  eden space 87424K, 100% used [0x00000000e0000000, 0x00000000e5560000, 0x00000000e5560000)
  from space 21824K,  56% used [0x00000000e5560000, 0x00000000e61829a0, 0x00000000e6ab0000)
  to   space 21824K,   0% used [0x00000000e6ab0000, 0x00000000e6ab0000, 0x00000000e8000000)
 concurrent mark-sweep generation total 393216K, used 0K [0x00000000e8000000, 0x0000000100000000, 0x0000000100000000)
 Metaspace       used 21487K, capacity 21866K, committed 21960K, reserved 1069056K
  class space    used 2472K, capacity 2638K, committed 2684K, reserved 1048576K
2017-08-28T00:59:00.856+0200: 2,954: [GC (Allocation Failure) 2017-08-28T00:59:00.856+0200: 2,955: [ParNew
Desired survivor size 20112992 bytes, new threshold 8 (max 8)
- age   1:     647336 bytes,     647336 total
- age   2:     196192 bytes,     843528 total
- age   3:    1447120 bytes,    2290648 total
- age   4:     812280 bytes,    3102928 total
- age   5:    6699624 bytes,    9802552 total
: 99850K->12009K(109248K), 0,0104732 secs] 99850K->12009K(502464K), 0,0105533 secs] [Times: user=0,03 sys=0,00, real=0,01 secs] 
Heap after GC invocations=5 (full 1):
 par new generation   total 109248K, used 12009K [0x00000000e0000000, 0x00000000e8000000, 0x00000000e8000000)
  eden space 87424K,   0% used [0x00000000e0000000, 0x00000000e0000000, 0x00000000e5560000)
  from space 21824K,  55% used [0x00000000e6ab0000, 0x00000000e766a490, 0x00000000e8000000)
  to   space 21824K,   0% used [0x00000000e5560000, 0x00000000e5560000, 0x00000000e6ab0000)
 concurrent mark-sweep generation total 393216K, used 0K [0x00000000e8000000, 0x0000000100000000, 0x0000000100000000)
 Metaspace       used 21487K, capacity 21866K, committed 21960K, reserved 1069056K
  class space    used 2472K, capacity 2638K, committed 2684K, reserved 1048576K
}
2017-08-28T00:59:00.867+0200: 2,965: Total time for which application threads were stopped: 0,0107817 seconds, Stopping threads took: 0,0000650 seconds
2017-08-28T00:59:00.867+0200: 2,965: [CMS-concurrent-abortable-preclean: 0,109/0,213 secs] [Times: user=0,80 sys=0,01, real=0,22 secs] 
2017-08-28T00:59:00.871+0200: 2,970: [GC (CMS Final Remark) [YG occupancy: 13979 K (109248 K)]{Heap before GC invocations=5 (full 1):
 par new generation   total 109248K, used 13979K [0x00000000e0000000, 0x00000000e8000000, 0x00000000e8000000)
  eden space 87424K,   2% used [0x00000000e0000000, 0x00000000e01ec810, 0x00000000e5560000)
  from space 21824K,  55% used [0x00000000e6ab0000, 0x00000000e766a490, 0x00000000e8000000)
  to   space 21824K,   0% used [0x00000000e5560000, 0x00000000e5560000, 0x00000000e6ab0000)
 concurrent mark-sweep generation total 393216K, used 0K [0x00000000e8000000, 0x0000000100000000, 0x0000000100000000)
 Metaspace       used 21491K, capacity 21866K, committed 21960K, reserved 1069056K
  class space    used 2473K, capacity 2638K, committed 2684K, reserved 1048576K
2017-08-28T00:59:00.872+0200: 2,970: [GC (CMS Final Remark) 2017-08-28T00:59:00.872+0200: 2,970: [ParNew
Desired survivor size 20112992 bytes, new threshold 8 (max 8)
- age   1:     381424 bytes,     381424 total
- age   2:     299344 bytes,     680768 total
- age   3:     196192 bytes,     876960 total
- age   4:    1447280 bytes,    2324240 total
- age   5:     812280 bytes,    3136520 total
- age   6:    6699520 bytes,    9836040 total
: 13979K->16760K(109248K), 0,0116191 secs] 13979K->16760K(502464K), 0,0116618 secs] [Times: user=0,04 sys=0,00, real=0,01 secs] 
Heap after GC invocations=6 (full 1):
 par new generation   total 109248K, used 16760K [0x00000000e0000000, 0x00000000e8000000, 0x00000000e8000000)
  eden space 87424K,   0% used [0x00000000e0000000, 0x00000000e0000000, 0x00000000e5560000)
  from space 21824K,  76% used [0x00000000e5560000, 0x00000000e65be3c0, 0x00000000e6ab0000)
  to   space 21824K,   0% used [0x00000000e6ab0000, 0x00000000e6ab0000, 0x00000000e8000000)
 concurrent mark-sweep generation total 393216K, used 0K [0x00000000e8000000, 0x0000000100000000, 0x0000000100000000)
 Metaspace       used 21491K, capacity 21866K, committed 21960K, reserved 1069056K
  class space    used 2473K, capacity 2638K, committed 2684K, reserved 1048576K
}
2017-08-28T00:59:00.883+0200: 2,981: [Rescan (parallel) , 0,0034338 secs]2017-08-28T00:59:00.887+0200: 2,985: [weak refs processing, 0,0014023 secs]2017-08-28T00:59:00.888+0200: 2,986: [class unloading, 0,0029203 secs]2017-08-28T00:59:00.891+0200: 2,989: [scrub symbol table, 0,0026498 secs]2017-08-28T00:59:00.894+0200: 2,992: [scrub string table, 0,0003952 secs][1 CMS-remark: 0K(393216K)] 16760K(502464K), 0,0231744 secs] [Times: user=0,07 sys=0,00, real=0,02 secs] 
2017-08-28T00:59:00.895+0200: 2,993: Total time for which application threads were stopped: 0,0248018 seconds, Stopping threads took: 0,0015401 seconds
2017-08-28T00:59:00.908+0200: 3,006: [CMS-concurrent-sweep-start]
2017-08-28T00:59:00.908+0200: 3,006: [CMS-concurrent-sweep: 0,000/0,000 secs] [Times: user=0,00 sys=0,00, real=0,00 secs] 
2017-08-28T00:59:00.908+0200: 3,006: [CMS-concurrent-reset-start]
2017-08-28T00:59:00.910+0200: 3,008: [CMS-concurrent-reset: 0,002/0,002 secs] [Times: user=0,01 sys=0,00, real=0,00 secs] 
2017-08-28T00:59:00.923+0200: 3,021: Total time for which application threads were stopped: 0,0003025 seconds, Stopping threads took: 0,0000208 seconds
2017-08-28T00:59:01.162+0200: 3,260: Total time for which application threads were stopped: 0,0004592 seconds, Stopping threads took: 0,0000237 seconds
2017-08-28T00:59:01.177+0200: 3,275: Total time for which application threads were stopped: 0,0003636 seconds, Stopping threads took: 0,0000200 seconds
{Heap before GC invocations=6 (full 1):
 par new generation   total 109248K, used 104184K [0x00000000e0000000, 0x00000000e8000000, 0x00000000e8000000)
  eden space 87424K, 100% used [0x00000000e0000000, 0x00000000e5560000, 0x00000000e5560000)
  from space 21824K,  76% used [0x00000000e5560000, 0x00000000e65be3c0, 0x00000000e6ab0000)
  to   space 21824K,   0% used [0x00000000e6ab0000, 0x00000000e6ab0000, 0x00000000e8000000)
 concurrent mark-sweep generation total 393216K, used 0K [0x00000000e8000000, 0x0000000100000000, 0x0000000100000000)
 Metaspace       used 23973K, capacity 24460K, committed 24572K, reserved 1071104K
  class space    used 2824K, capacity 3013K, committed 3068K, reserved 1048576K
2017-08-28T00:59:01.342+0200: 3,441: [GC (Allocation Failure) 2017-08-28T00:59:01.342+0200: 3,441: [ParNew
Desired survivor size 20112992 bytes, new threshold 8 (max 8)
- age   1:    5065152 bytes,    5065152 total
- age   2:        752 bytes,    5065904 total
- age   3:     134400 bytes,    5200304 total
- age   4:     195048 bytes,    5395352 total
- age   5:     277872 bytes,    5673224 total
- age   6:     788064 bytes,    6461288 total
- age   7:    6691104 bytes,   13152392 total
: 104184K->14613K(109248K), 0,0156310 secs] 104184K->14613K(502464K), 0,0157118 secs] [Times: user=0,06 sys=0,00, real=0,02 secs] 
Heap after GC invocations=7 (full 1):
 par new generation   total 109248K, used 14613K [0x00000000e0000000, 0x00000000e8000000, 0x00000000e8000000)
  eden space 87424K,   0% used [0x00000000e0000000, 0x00000000e0000000, 0x00000000e5560000)
  from space 21824K,  66% used [0x00000000e6ab0000, 0x00000000e78f55b0, 0x00000000e8000000)
  to   space 21824K,   0% used [0x00000000e5560000, 0x00000000e5560000, 0x00000000e6ab0000)
 concurrent mark-sweep generation total 393216K, used 0K [0x00000000e8000000, 0x0000000100000000, 0x0000000100000000)
 Metaspace       used 23973K, capacity 24460K, committed 24572K, reserved 1071104K
  class space    used 2824K, capacity 3013K, committed 3068K, reserved 1048576K
}
2017-08-28T00:59:01.358+0200: 3,456: Total time for which application threads were stopped: 0,0160223 seconds, Stopping threads took: 0,0000660 seconds
{Heap before GC invocations=7 (full 1):
 par new generation   total 109248K, used 102037K [0x00000000e0000000, 0x00000000e8000000, 0x00000000e8000000)
  eden space 87424K, 100% used [0x00000000e0000000, 0x00000000e5560000, 0x00000000e5560000)
  from space 21824K,  66% used [0x00000000e6ab0000, 0x00000000e78f55b0, 0x00000000e8000000)
  to   space 21824K,   0% used [0x00000000e5560000, 0x00000000e5560000, 0x00000000e6ab0000)
 concurrent mark-sweep generation total 393216K, used 0K [0x00000000e8000000, 0x0000000100000000, 0x0000000100000000)
 Metaspace       used 24436K, capacity 24876K, committed 25084K, reserved 1071104K
  class space    used 2859K, capacity 3045K, committed 3068K, reserved 1048576K
2017-08-28T00:59:01.469+0200: 3,567: [GC (Allocation Failure) 2017-08-28T00:59:01.469+0200: 3,567: [ParNew
Desired survivor size 20112992 bytes, new threshold 8 (max 8)
- age   1:    1557488 bytes,    1557488 total
- age   2:    1793256 bytes,    3350744 total
- age   3:        752 bytes,    3351496 total
- age   4:      73240 bytes,    3424736 total
- age   5:     119192 bytes,    3543928 total
- age   6:     179232 bytes,    3723160 total
- age   7:     746624 bytes,    4469784 total
- age   8:    6158016 bytes,   10627800 total
: 102037K->13446K(109248K), 0,0141826 secs] 102037K->13446K(502464K), 0,0142745 secs] [Times: user=0,04 sys=0,00, real=0,01 secs] 
Heap after GC invocations=8 (full 1):
 par new generation   total 109248K, used 13446K [0x00000000e0000000, 0x00000000e8000000, 0x00000000e8000000)
  eden space 87424K,   0% used [0x00000000e0000000, 0x00000000e0000000, 0x00000000e5560000)
  from space 21824K,  61% used [0x00000000e5560000, 0x00000000e6281a18, 0x00000000e6ab0000)
  to   space 21824K,   0% used [0x00000000e6ab0000, 0x00000000e6ab0000, 0x00000000e8000000)
 concurrent mark-sweep generation total 393216K, used 0K [0x00000000e8000000, 0x0000000100000000, 0x0000000100000000)
 Metaspace       used 24436K, capacity 24876K, committed 25084K, reserved 1071104K
  class space    used 2859K, capacity 3045K, committed 3068K, reserved 1048576K
}
2017-08-28T00:59:01.483+0200: 3,581: Total time for which application threads were stopped: 0,0175766 seconds, Stopping threads took: 0,0031001 seconds
{Heap before GC invocations=8 (full 1):
 par new generation   total 109248K, used 100870K [0x00000000e0000000, 0x00000000e8000000, 0x00000000e8000000)
  eden space 87424K, 100% used [0x00000000e0000000, 0x00000000e5560000, 0x00000000e5560000)
  from space 21824K,  61% used [0x00000000e5560000, 0x00000000e6281a18, 0x00000000e6ab0000)
  to   space 21824K,   0% used [0x00000000e6ab0000, 0x00000000e6ab0000, 0x00000000e8000000)
 concurrent mark-sweep generation total 393216K, used 0K [0x00000000e8000000, 0x0000000100000000, 0x0000000100000000)
 Metaspace       used 25037K, capacity 25516K, committed 25724K, reserved 1071104K
  class space    used 2909K, capacity 3083K, committed 3196K, reserved 1048576K
2017-08-28T00:59:01.599+0200: 3,698: [GC (Allocation Failure) 2017-08-28T00:59:01.599+0200: 3,698: [ParNew
Desired survivor size 20112992 bytes, new threshold 8 (max 8)
- age   1:    1343664 bytes,    1343664 total
- age   2:     960968 bytes,    2304632 total
- age   3:    1770224 bytes,    4074856 total
- age   4:        752 bytes,    4075608 total
- age   5:      73176 bytes,    4148784 total
- age   6:     116312 bytes,    4265096 total
- age   7:     175872 bytes,    4440968 total
- age   8:     745152 bytes,    5186120 total
: 100870K->8226K(109248K), 0,0321030 secs] 100870K->14321K(502464K), 0,0321708 secs] [Times: user=0,09 sys=0,01, real=0,03 secs] 
Heap after GC invocations=9 (full 1):
 par new generation   total 109248K, used 8226K [0x00000000e0000000, 0x00000000e8000000, 0x00000000e8000000)
  eden space 87424K,   0% used [0x00000000e0000000, 0x00000000e0000000, 0x00000000e5560000)
  from space 21824K,  37% used [0x00000000e6ab0000, 0x00000000e72b8a90, 0x00000000e8000000)
  to   space 21824K,   0% used [0x00000000e5560000, 0x00000000e5560000, 0x00000000e6ab0000)
 concurrent mark-sweep generation total 393216K, used 6094K [0x00000000e8000000, 0x0000000100000000, 0x0000000100000000)
 Metaspace       used 25037K, capacity 25516K, committed 25724K, reserved 1071104K
  class space    used 2909K, capacity 3083K, committed 3196K, reserved 1048576K
}
2017-08-28T00:59:01.632+0200: 3,730: Total time for which application threads were stopped: 0,0323791 seconds, Stopping threads took: 0,0000512 seconds
2017-08-28T00:59:01.766+0200: 3,865: Total time for which application threads were stopped: 0,0004459 seconds, Stopping threads took: 0,0000232 seconds
2017-08-28T00:59:01.885+0200: 3,983: Total time for which application threads were stopped: 0,0004698 seconds, Stopping threads took: 0,0000243 seconds
2017-08-28T00:59:01.898+0200: 3,997: Total time for which application threads were stopped: 0,0004653 seconds, Stopping threads took: 0,0000229 seconds
2017-08-28T00:59:01.948+0200: 4,046: Total time for which application threads were stopped: 0,0004400 seconds, Stopping threads took: 0,0000324 seconds
2017-08-28T00:59:01.956+0200: 4,054: Total time for which application threads were stopped: 0,0007705 seconds, Stopping threads took: 0,0002461 seconds
2017-08-28T00:59:01.964+0200: 4,062: Total time for which application threads were stopped: 0,0001813 seconds, Stopping threads took: 0,0000396 seconds
2017-08-28T00:59:01.976+0200: 4,074: Total time for which application threads were stopped: 0,0040912 seconds, Stopping threads took: 0,0039990 seconds
2017-08-28T00:59:01.977+0200: 4,075: Total time for which application threads were stopped: 0,0001218 seconds, Stopping threads took: 0,0000350 seconds
2017-08-28T00:59:01.978+0200: 4,076: Total time for which application threads were stopped: 0,0001332 seconds, Stopping threads took: 0,0000358 seconds
2017-08-28T00:59:01.979+0200: 4,077: Total time for which application threads were stopped: 0,0001300 seconds, Stopping threads took: 0,0000417 seconds
2017-08-28T00:59:01.979+0200: 4,078: Total time for which application threads were stopped: 0,0000873 seconds, Stopping threads took: 0,0000270 seconds
2017-08-28T00:59:01.980+0200: 4,078: Total time for which application threads were stopped: 0,0000805 seconds, Stopping threads took: 0,0000237 seconds
2017-08-28T00:59:01.980+0200: 4,078: Total time for which application threads were stopped: 0,0000674 seconds, Stopping threads took: 0,0000208 seconds
2017-08-28T00:59:01.980+0200: 4,078: Total time for which application threads were stopped: 0,0000797 seconds, Stopping threads took: 0,0000184 seconds
2017-08-28T00:59:01.980+0200: 4,078: Total time for which application threads were stopped: 0,0000856 seconds, Stopping threads took: 0,0000255 seconds
2017-08-28T00:59:01.980+0200: 4,079: Total time for which application threads were stopped: 0,0000617 seconds, Stopping threads took: 0,0000165 seconds
2017-08-28T00:59:01.981+0200: 4,079: Total time for which application threads were stopped: 0,0000909 seconds, Stopping threads took: 0,0000216 seconds
2017-08-28T00:59:01.981+0200: 4,079: Total time for which application threads were stopped: 0,0000829 seconds, Stopping threads took: 0,0000196 seconds
2017-08-28T00:59:01.981+0200: 4,079: Total time for which application threads were stopped: 0,0000652 seconds, Stopping threads took: 0,0000166 seconds
2017-08-28T00:59:01.981+0200: 4,079: Total time for which application threads were stopped: 0,0000930 seconds, Stopping threads took: 0,0000212 seconds
2017-08-28T00:59:01.981+0200: 4,079: Total time for which application threads were stopped: 0,0000803 seconds, Stopping threads took: 0,0000173 seconds
2017-08-28T00:59:01.981+0200: 4,080: Total time for which application threads were stopped: 0,0000762 seconds, Stopping threads took: 0,0000173 seconds
2017-08-28T00:59:01.982+0200: 4,080: Total time for which application threads were stopped: 0,0000741 seconds, Stopping threads took: 0,0000197 seconds
2017-08-28T00:59:01.982+0200: 4,080: Total time for which application threads were stopped: 0,0000778 seconds, Stopping threads took: 0,0000177 seconds
2017-08-28T00:59:01.982+0200: 4,080: Total time for which application threads were stopped: 0,0001901 seconds, Stopping threads took: 0,0000237 seconds
2017-08-28T00:59:01.983+0200: 4,081: Total time for which application threads were stopped: 0,0001236 seconds, Stopping threads took: 0,0000404 seconds
2017-08-28T00:59:01.983+0200: 4,081: Total time for which application threads were stopped: 0,0000842 seconds, Stopping threads took: 0,0000169 seconds
2017-08-28T00:59:01.983+0200: 4,081: Total time for which application threads were stopped: 0,0000808 seconds, Stopping threads took: 0,0000192 seconds
2017-08-28T00:59:01.983+0200: 4,081: Total time for which application threads were stopped: 0,0000784 seconds, Stopping threads took: 0,0000329 seconds
2017-08-28T00:59:01.983+0200: 4,081: Total time for which application threads were stopped: 0,0000796 seconds, Stopping threads took: 0,0000190 seconds
2017-08-28T00:59:01.984+0200: 4,082: Total time for which application threads were stopped: 0,0000714 seconds, Stopping threads took: 0,0000201 seconds
2017-08-28T00:59:01.984+0200: 4,082: Total time for which application threads were stopped: 0,0000796 seconds, Stopping threads took: 0,0000169 seconds
2017-08-28T00:59:01.984+0200: 4,082: Total time for which application threads were stopped: 0,0000936 seconds, Stopping threads took: 0,0000230 seconds
2017-08-28T00:59:01.984+0200: 4,082: Total time for which application threads were stopped: 0,0000887 seconds, Stopping threads took: 0,0000167 seconds
2017-08-28T00:59:01.984+0200: 4,082: Total time for which application threads were stopped: 0,0001101 seconds, Stopping threads took: 0,0000195 seconds
2017-08-28T00:59:01.984+0200: 4,083: Total time for which application threads were stopped: 0,0000935 seconds, Stopping threads took: 0,0000227 seconds
2017-08-28T00:59:01.985+0200: 4,083: Total time for which application threads were stopped: 0,0000769 seconds, Stopping threads took: 0,0000204 seconds
2017-08-28T00:59:01.985+0200: 4,083: Total time for which application threads were stopped: 0,0000707 seconds, Stopping threads took: 0,0000192 seconds
2017-08-28T00:59:01.985+0200: 4,083: Total time for which application threads were stopped: 0,0000779 seconds, Stopping threads took: 0,0000169 seconds
2017-08-28T00:59:01.985+0200: 4,083: Total time for which application threads were stopped: 0,0000760 seconds, Stopping threads took: 0,0000167 seconds
2017-08-28T00:59:01.985+0200: 4,083: Total time for which application threads were stopped: 0,0000938 seconds, Stopping threads took: 0,0000281 seconds
2017-08-28T00:59:01.985+0200: 4,084: Total time for which application threads were stopped: 0,0000854 seconds, Stopping threads took: 0,0000202 seconds
2017-08-28T00:59:01.986+0200: 4,084: Total time for which application threads were stopped: 0,0000907 seconds, Stopping threads took: 0,0000203 seconds
2017-08-28T00:59:01.986+0200: 4,084: Total time for which application threads were stopped: 0,0000760 seconds, Stopping threads took: 0,0000169 seconds
2017-08-28T00:59:01.986+0200: 4,084: Total time for which application threads were stopped: 0,0002138 seconds, Stopping threads took: 0,0000336 seconds
2017-08-28T00:59:01.992+0200: 4,090: Total time for which application threads were stopped: 0,0026947 seconds, Stopping threads took: 0,0026146 seconds
2017-08-28T00:59:02.001+0200: 4,099: Total time for which application threads were stopped: 0,0001915 seconds, Stopping threads took: 0,0000621 seconds
2017-08-28T00:59:02.003+0200: 4,101: Total time for which application threads were stopped: 0,0001206 seconds, Stopping threads took: 0,0000455 seconds
2017-08-28T00:59:02.047+0200: 4,145: Total time for which application threads were stopped: 0,0022620 seconds, Stopping threads took: 0,0021364 seconds
2017-08-28T00:59:02.052+0200: 4,150: Total time for which application threads were stopped: 0,0001386 seconds, Stopping threads took: 0,0000641 seconds
2017-08-28T00:59:02.069+0200: 4,167: Total time for which application threads were stopped: 0,0001424 seconds, Stopping threads took: 0,0000687 seconds
2017-08-28T00:59:02.070+0200: 4,168: Total time for which application threads were stopped: 0,0003962 seconds, Stopping threads took: 0,0000574 seconds
2017-08-28T00:59:03.070+0200: 5,168: Total time for which application threads were stopped: 0,0001039 seconds, Stopping threads took: 0,0000200 seconds
2017-08-28T00:59:04.070+0200: 6,168: Total time for which application threads were stopped: 0,0000649 seconds, Stopping threads took: 0,0000153 seconds
2017-08-28T00:59:20.072+0200: 22,170: Total time for which application threads were stopped: 0,0000656 seconds, Stopping threads took: 0,0000161 seconds
2017-08-28T00:59:30.074+0200: 32,172: Total time for which application threads were stopped: 0,0000662 seconds, Stopping threads took: 0,0000156 seconds
2017-08-28T01:00:54.085+0200: 116,183: Total time for which application threads were stopped: 0,0000854 seconds, Stopping threads took: 0,0000339 seconds
2017-08-28T01:00:55.085+0200: 117,183: Total time for which application threads were stopped: 0,0000757 seconds, Stopping threads took: 0,0000152 seconds
2017-08-28T01:01:00.086+0200: 122,184: Total time for which application threads were stopped: 0,0004898 seconds, Stopping threads took: 0,0001270 seconds
{Heap before GC invocations=9 (full 1):
 par new generation   total 109248K, used 95650K [0x00000000e0000000, 0x00000000e8000000, 0x00000000e8000000)
  eden space 87424K, 100% used [0x00000000e0000000, 0x00000000e5560000, 0x00000000e5560000)
  from space 21824K,  37% used [0x00000000e6ab0000, 0x00000000e72b8a90, 0x00000000e8000000)
  to   space 21824K,   0% used [0x00000000e5560000, 0x00000000e5560000, 0x00000000e6ab0000)
 concurrent mark-sweep generation total 393216K, used 6094K [0x00000000e8000000, 0x0000000100000000, 0x0000000100000000)
 Metaspace       used 28052K, capacity 28566K, committed 28796K, reserved 1075200K
  class space    used 3214K, capacity 3390K, committed 3452K, reserved 1048576K
2017-08-28T01:01:53.983+0200: 176,082: [GC (Allocation Failure) 2017-08-28T01:01:53.984+0200: 176,082: [ParNew
Desired survivor size 20112992 bytes, new threshold 8 (max 8)
- age   1:   10672472 bytes,   10672472 total
- age   2:     314280 bytes,   10986752 total
- age   3:     181592 bytes,   11168344 total
- age   4:    1765728 bytes,   12934072 total
- age   5:        752 bytes,   12934824 total
- age   6:      73176 bytes,   13008000 total
- age   7:     116184 bytes,   13124184 total
- age   8:     175776 bytes,   13299960 total
: 95650K->15061K(109248K), 0,0156194 secs] 101745K->21973K(502464K), 0,0156886 secs] [Times: user=0,04 sys=0,00, real=0,02 secs] 
Heap after GC invocations=10 (full 1):
 par new generation   total 109248K, used 15061K [0x00000000e0000000, 0x00000000e8000000, 0x00000000e8000000)
  eden space 87424K,   0% used [0x00000000e0000000, 0x00000000e0000000, 0x00000000e5560000)
  from space 21824K,  69% used [0x00000000e5560000, 0x00000000e6415728, 0x00000000e6ab0000)
  to   space 21824K,   0% used [0x00000000e6ab0000, 0x00000000e6ab0000, 0x00000000e8000000)
 concurrent mark-sweep generation total 393216K, used 6912K [0x00000000e8000000, 0x0000000100000000, 0x0000000100000000)
 Metaspace       used 28052K, capacity 28566K, committed 28796K, reserved 1075200K
  class space    used 3214K, capacity 3390K, committed 3452K, reserved 1048576K
}
2017-08-28T01:01:53.999+0200: 176,097: Total time for which application threads were stopped: 0,0158850 seconds, Stopping threads took: 0,0000729 seconds
2017-08-28T01:01:54.000+0200: 176,098: Total time for which application threads were stopped: 0,0000779 seconds, Stopping threads took: 0,0000263 seconds
2017-08-28T01:01:54.001+0200: 176,099: Total time for which application threads were stopped: 0,0000480 seconds, Stopping threads took: 0,0000198 seconds
2017-08-28T01:22:24.143+0200: 1406,241: Total time for which application threads were stopped: 0,0001016 seconds, Stopping threads took: 0,0000398 seconds
2017-08-28T01:26:09.171+0200: 1631,269: Total time for which application threads were stopped: 0,0001377 seconds, Stopping threads took: 0,0000477 seconds
2017-08-28T01:26:14.171+0200: 1636,269: Total time for which application threads were stopped: 0,0000972 seconds, Stopping threads took: 0,0000195 seconds
2017-08-28T01:37:19.248+0200: 2301,346: Total time for which application threads were stopped: 0,0002150 seconds, Stopping threads took: 0,0000603 seconds
2017-08-28T01:37:20.248+0200: 2302,347: Total time for which application threads were stopped: 0,0000665 seconds, Stopping threads took: 0,0000137 seconds
2017-08-28T01:52:15.362+0200: 3197,460: Total time for which application threads were stopped: 0,0000826 seconds, Stopping threads took: 0,0000315 seconds
2017-08-28T01:56:47.940+0200: 3470,038: Total time for which application threads were stopped: 0,0001028 seconds, Stopping threads took: 0,0000203 seconds
2017-08-28T01:56:47.986+0200: 3470,084: Total time for which application threads were stopped: 0,0001012 seconds, Stopping threads took: 0,0000253 seconds
2017-08-28T01:56:47.990+0200: 3470,088: Total time for which application threads were stopped: 0,0000887 seconds, Stopping threads took: 0,0000288 seconds
2017-08-28T01:56:48.009+0200: 3470,107: Total time for which application threads were stopped: 0,0000908 seconds, Stopping threads took: 0,0000255 seconds
2017-08-28T01:56:48.013+0200: 3470,111: Total time for which application threads were stopped: 0,0001307 seconds, Stopping threads took: 0,0000281 seconds
2017-08-28T01:56:48.020+0200: 3470,119: Total time for which application threads were stopped: 0,0000852 seconds, Stopping threads took: 0,0000224 seconds
2017-08-28T01:56:48.021+0200: 3470,119: Total time for which application threads were stopped: 0,0000935 seconds, Stopping threads took: 0,0000193 seconds
Heap
 par new generation   total 109248K, used 34277K [0x00000000e0000000, 0x00000000e8000000, 0x00000000e8000000)
  eden space 87424K,  21% used [0x00000000e0000000, 0x00000000e12c3ee0, 0x00000000e5560000)
  from space 21824K,  69% used [0x00000000e5560000, 0x00000000e6415728, 0x00000000e6ab0000)
  to   space 21824K,   0% used [0x00000000e6ab0000, 0x00000000e6ab0000, 0x00000000e8000000)
 concurrent mark-sweep generation total 393216K, used 6912K [0x00000000e8000000, 0x0000000100000000, 0x0000000100000000)
 Metaspace       used 28171K, capacity 28734K, committed 29052K, reserved 1075200K
  class space    used 3228K, capacity 3424K, committed 3452K, reserved 1048576K
