OpenJDK 64-Bit Server VM (25.121-b13) for linux-amd64 JRE (1.8.0_121-8u121-b13-0ubuntu1.16.04.2-b13), built on Jan 23 2017 15:51:29 by "buildd" with gcc 5.4.0 20160609
Memory: 4k page, physical 7867764k(7448576k free), swap 8076284k(8076284k free)
CommandLine flags: -XX:CMSInitiatingOccupancyFraction=50 -XX:CMSMaxAbortablePrecleanTime=6000 -XX:+CMSParallelRemarkEnabled -XX:+CMSScavengeBeforeRemark -XX:ConcGCThreads=4 -XX:InitialHeapSize=536870912 -XX:MaxHeapSize=536870912 -XX:MaxTenuringThreshold=8 -XX:NewRatio=3 -XX:OldPLABSize=16 -XX:OnOutOfMemoryError=/opt/solr/bin/oom_solr.sh 8983 /var/solr/logs -XX:ParallelGCThreads=4 -XX:+ParallelRefProcEnabled -XX:PretenureSizeThreshold=67108864 -XX:+PrintGC -XX:+PrintGCApplicationStoppedTime -XX:+PrintGCDateStamps -XX:+PrintGCDetails -XX:+PrintGCTimeStamps -XX:+PrintHeapAtGC -XX:+PrintTenuringDistribution -XX:SurvivorRatio=4 -XX:TargetSurvivorRatio=90 -XX:ThreadStackSize=256 -XX:+UseCMSInitiatingOccupancyOnly -XX:+UseCompressedClassPointers -XX:+UseCompressedOops -XX:+UseConcMarkSweepGC -XX:+UseParNewGC 
2017-05-12T11:24:56.784+0200: 0,123: Total time for which application threads were stopped: 0,0000689 seconds, Stopping threads took: 0,0000124 seconds
2017-05-12T11:24:56.870+0200: 0,209: Total time for which application threads were stopped: 0,0001004 seconds, Stopping threads took: 0,0000140 seconds
2017-05-12T11:24:56.883+0200: 0,221: Total time for which application threads were stopped: 0,0000730 seconds, Stopping threads took: 0,0000117 seconds
2017-05-12T11:24:57.145+0200: 0,484: Total time for which application threads were stopped: 0,0001026 seconds, Stopping threads took: 0,0000097 seconds
2017-05-12T11:24:57.581+0200: 0,920: Total time for which application threads were stopped: 0,0001655 seconds, Stopping threads took: 0,0000219 seconds
2017-05-12T11:24:57.707+0200: 1,046: Total time for which application threads were stopped: 0,0001807 seconds, Stopping threads took: 0,0000274 seconds
2017-05-12T11:24:57.774+0200: 1,113: Total time for which application threads were stopped: 0,0002783 seconds, Stopping threads took: 0,0000414 seconds
2017-05-12T11:24:58.043+0200: 1,382: Total time for which application threads were stopped: 0,0001762 seconds, Stopping threads took: 0,0000130 seconds
2017-05-12T11:24:58.271+0200: 1,610: Total time for which application threads were stopped: 0,0004324 seconds, Stopping threads took: 0,0001095 seconds
2017-05-12T11:24:58.301+0200: 1,640: Total time for which application threads were stopped: 0,0001863 seconds, Stopping threads took: 0,0000310 seconds
2017-05-12T11:24:58.336+0200: 1,675: Total time for which application threads were stopped: 0,0002151 seconds, Stopping threads took: 0,0000190 seconds
2017-05-12T11:24:58.337+0200: 1,676: Total time for which application threads were stopped: 0,0001836 seconds, Stopping threads took: 0,0000147 seconds
2017-05-12T11:24:58.349+0200: 1,688: Total time for which application threads were stopped: 0,0002012 seconds, Stopping threads took: 0,0000281 seconds
2017-05-12T11:24:58.457+0200: 1,795: Total time for which application threads were stopped: 0,0001921 seconds, Stopping threads took: 0,0000158 seconds
2017-05-12T11:24:58.664+0200: 2,003: Total time for which application threads were stopped: 0,0002524 seconds, Stopping threads took: 0,0000252 seconds
{Heap before GC invocations=0 (full 0):
 par new generation   total 109248K, used 87424K [0x00000000e0000000, 0x00000000e8000000, 0x00000000e8000000)
  eden space 87424K, 100% used [0x00000000e0000000, 0x00000000e5560000, 0x00000000e5560000)
  from space 21824K,   0% used [0x00000000e5560000, 0x00000000e5560000, 0x00000000e6ab0000)
  to   space 21824K,   0% used [0x00000000e6ab0000, 0x00000000e6ab0000, 0x00000000e8000000)
 concurrent mark-sweep generation total 393216K, used 0K [0x00000000e8000000, 0x0000000100000000, 0x0000000100000000)
 Metaspace       used 17993K, capacity 18336K, committed 18688K, reserved 1064960K
  class space    used 2035K, capacity 2196K, committed 2304K, reserved 1048576K
2017-05-12T11:24:58.743+0200: 2,081: [GC (Allocation Failure) 2017-05-12T11:24:58.743+0200: 2,081: [ParNew
Desired survivor size 20112992 bytes, new threshold 8 (max 8)
- age   1:   12589104 bytes,   12589104 total
: 87424K->12414K(109248K), 0,0157685 secs] 87424K->12414K(502464K), 0,0158460 secs] [Times: user=0,04 sys=0,02, real=0,02 secs] 
Heap after GC invocations=1 (full 0):
 par new generation   total 109248K, used 12414K [0x00000000e0000000, 0x00000000e8000000, 0x00000000e8000000)
  eden space 87424K,   0% used [0x00000000e0000000, 0x00000000e0000000, 0x00000000e5560000)
  from space 21824K,  56% used [0x00000000e6ab0000, 0x00000000e76cfbf0, 0x00000000e8000000)
  to   space 21824K,   0% used [0x00000000e5560000, 0x00000000e5560000, 0x00000000e6ab0000)
 concurrent mark-sweep generation total 393216K, used 0K [0x00000000e8000000, 0x0000000100000000, 0x0000000100000000)
 Metaspace       used 17993K, capacity 18336K, committed 18688K, reserved 1064960K
  class space    used 2035K, capacity 2196K, committed 2304K, reserved 1048576K
}
2017-05-12T11:24:58.759+0200: 2,097: Total time for which application threads were stopped: 0,0160797 seconds, Stopping threads took: 0,0000411 seconds
2017-05-12T11:24:59.063+0200: 2,402: Total time for which application threads were stopped: 0,0006327 seconds, Stopping threads took: 0,0003146 seconds
{Heap before GC invocations=1 (full 0):
 par new generation   total 109248K, used 99838K [0x00000000e0000000, 0x00000000e8000000, 0x00000000e8000000)
  eden space 87424K, 100% used [0x00000000e0000000, 0x00000000e5560000, 0x00000000e5560000)
  from space 21824K,  56% used [0x00000000e6ab0000, 0x00000000e76cfbf0, 0x00000000e8000000)
  to   space 21824K,   0% used [0x00000000e5560000, 0x00000000e5560000, 0x00000000e6ab0000)
 concurrent mark-sweep generation total 393216K, used 0K [0x00000000e8000000, 0x0000000100000000, 0x0000000100000000)
 Metaspace       used 20039K, capacity 20352K, committed 20736K, reserved 1067008K
  class space    used 2291K, capacity 2464K, committed 2560K, reserved 1048576K
2017-05-12T11:24:59.115+0200: 2,454: [GC (Allocation Failure) 2017-05-12T11:24:59.115+0200: 2,454: [ParNew
Desired survivor size 20112992 bytes, new threshold 8 (max 8)
- age   1:    3692216 bytes,    3692216 total
- age   2:    6659248 bytes,   10351464 total
: 99838K->11746K(109248K), 0,0107654 secs] 99838K->11746K(502464K), 0,0108351 secs] [Times: user=0,04 sys=0,00, real=0,01 secs] 
Heap after GC invocations=2 (full 0):
 par new generation   total 109248K, used 11746K [0x00000000e0000000, 0x00000000e8000000, 0x00000000e8000000)
  eden space 87424K,   0% used [0x00000000e0000000, 0x00000000e0000000, 0x00000000e5560000)
  from space 21824K,  53% used [0x00000000e5560000, 0x00000000e60d8a30, 0x00000000e6ab0000)
  to   space 21824K,   0% used [0x00000000e6ab0000, 0x00000000e6ab0000, 0x00000000e8000000)
 concurrent mark-sweep generation total 393216K, used 0K [0x00000000e8000000, 0x0000000100000000, 0x0000000100000000)
 Metaspace       used 20039K, capacity 20352K, committed 20736K, reserved 1067008K
  class space    used 2291K, capacity 2464K, committed 2560K, reserved 1048576K
}
2017-05-12T11:24:59.126+0200: 2,465: Total time for which application threads were stopped: 0,0111326 seconds, Stopping threads took: 0,0001422 seconds
2017-05-12T11:24:59.130+0200: 2,469: Total time for which application threads were stopped: 0,0019664 seconds, Stopping threads took: 0,0017094 seconds
2017-05-12T11:24:59.182+0200: 2,521: Total time for which application threads were stopped: 0,0004380 seconds, Stopping threads took: 0,0000563 seconds
2017-05-12T11:24:59.296+0200: 2,635: Total time for which application threads were stopped: 0,0002087 seconds, Stopping threads took: 0,0000505 seconds
{Heap before GC invocations=2 (full 0):
 par new generation   total 109248K, used 99170K [0x00000000e0000000, 0x00000000e8000000, 0x00000000e8000000)
  eden space 87424K, 100% used [0x00000000e0000000, 0x00000000e5560000, 0x00000000e5560000)
  from space 21824K,  53% used [0x00000000e5560000, 0x00000000e60d8a30, 0x00000000e6ab0000)
  to   space 21824K,   0% used [0x00000000e6ab0000, 0x00000000e6ab0000, 0x00000000e8000000)
 concurrent mark-sweep generation total 393216K, used 0K [0x00000000e8000000, 0x0000000100000000, 0x0000000100000000)
 Metaspace       used 20959K, capacity 21280K, committed 21628K, reserved 1069056K
  class space    used 2416K, capacity 2584K, committed 2684K, reserved 1048576K
2017-05-12T11:24:59.342+0200: 2,681: [GC (Allocation Failure) 2017-05-12T11:24:59.342+0200: 2,681: [ParNew
Desired survivor size 20112992 bytes, new threshold 8 (max 8)
- age   1:    2246336 bytes,    2246336 total
- age   2:     856600 bytes,    3102936 total
- age   3:    6656936 bytes,    9759872 total
: 99170K->11924K(109248K), 0,0171887 secs] 99170K->11924K(502464K), 0,0172637 secs] [Times: user=0,06 sys=0,00, real=0,02 secs] 
Heap after GC invocations=3 (full 0):
 par new generation   total 109248K, used 11924K [0x00000000e0000000, 0x00000000e8000000, 0x00000000e8000000)
  eden space 87424K,   0% used [0x00000000e0000000, 0x00000000e0000000, 0x00000000e5560000)
  from space 21824K,  54% used [0x00000000e6ab0000, 0x00000000e7655090, 0x00000000e8000000)
  to   space 21824K,   0% used [0x00000000e5560000, 0x00000000e5560000, 0x00000000e6ab0000)
 concurrent mark-sweep generation total 393216K, used 0K [0x00000000e8000000, 0x0000000100000000, 0x0000000100000000)
 Metaspace       used 20959K, capacity 21280K, committed 21628K, reserved 1069056K
  class space    used 2416K, capacity 2584K, committed 2684K, reserved 1048576K
}
2017-05-12T11:24:59.359+0200: 2,698: Total time for which application threads were stopped: 0,0181597 seconds, Stopping threads took: 0,0007543 seconds
2017-05-12T11:24:59.360+0200: 2,698: [GC (CMS Initial Mark) [1 CMS-initial-mark: 0K(393216K)] 13328K(502464K), 0,0043750 secs] [Times: user=0,01 sys=0,00, real=0,00 secs] 
2017-05-12T11:24:59.364+0200: 2,703: Total time for which application threads were stopped: 0,0045171 seconds, Stopping threads took: 0,0000557 seconds
2017-05-12T11:24:59.364+0200: 2,703: [CMS-concurrent-mark-start]
2017-05-12T11:24:59.365+0200: 2,703: [CMS-concurrent-mark: 0,000/0,000 secs] [Times: user=0,00 sys=0,00, real=0,00 secs] 
2017-05-12T11:24:59.365+0200: 2,703: [CMS-concurrent-preclean-start]
2017-05-12T11:24:59.366+0200: 2,704: [CMS-concurrent-preclean: 0,001/0,001 secs] [Times: user=0,01 sys=0,00, real=0,00 secs] 
2017-05-12T11:24:59.366+0200: 2,704: [CMS-concurrent-abortable-preclean-start]
2017-05-12T11:24:59.419+0200: 2,757: Total time for which application threads were stopped: 0,0001343 seconds, Stopping threads took: 0,0000539 seconds
{Heap before GC invocations=3 (full 1):
 par new generation   total 109248K, used 99330K [0x00000000e0000000, 0x00000000e8000000, 0x00000000e8000000)
  eden space 87424K,  99% used [0x00000000e0000000, 0x00000000e555bb08, 0x00000000e5560000)
  from space 21824K,  54% used [0x00000000e6ab0000, 0x00000000e7655090, 0x00000000e8000000)
  to   space 21824K,   0% used [0x00000000e5560000, 0x00000000e5560000, 0x00000000e6ab0000)
 concurrent mark-sweep generation total 393216K, used 0K [0x00000000e8000000, 0x0000000100000000, 0x0000000100000000)
 Metaspace       used 21245K, capacity 21580K, committed 21884K, reserved 1069056K
  class space    used 2446K, capacity 2603K, committed 2684K, reserved 1048576K
2017-05-12T11:24:59.470+0200: 2,808: [GC (Allocation Failure) 2017-05-12T11:24:59.470+0200: 2,809: [ParNew
Desired survivor size 20112992 bytes, new threshold 8 (max 8)
- age   1:    1086552 bytes,    1086552 total
- age   2:    1450832 bytes,    2537384 total
- age   3:     835016 bytes,    3372400 total
- age   4:    6657312 bytes,   10029712 total
: 99330K->16683K(109248K), 0,0116604 secs] 99330K->16683K(502464K), 0,0117377 secs] [Times: user=0,04 sys=0,00, real=0,01 secs] 
Heap after GC invocations=4 (full 1):
 par new generation   total 109248K, used 16683K [0x00000000e0000000, 0x00000000e8000000, 0x00000000e8000000)
  eden space 87424K,   0% used [0x00000000e0000000, 0x00000000e0000000, 0x00000000e5560000)
  from space 21824K,  76% used [0x00000000e5560000, 0x00000000e65aac18, 0x00000000e6ab0000)
  to   space 21824K,   0% used [0x00000000e6ab0000, 0x00000000e6ab0000, 0x00000000e8000000)
 concurrent mark-sweep generation total 393216K, used 0K [0x00000000e8000000, 0x0000000100000000, 0x0000000100000000)
 Metaspace       used 21245K, capacity 21580K, committed 21884K, reserved 1069056K
  class space    used 2446K, capacity 2603K, committed 2684K, reserved 1048576K
}
2017-05-12T11:24:59.482+0200: 2,820: Total time for which application threads were stopped: 0,0119942 seconds, Stopping threads took: 0,0000983 seconds
2017-05-12T11:24:59.482+0200: 2,820: [CMS-concurrent-abortable-preclean: 0,054/0,116 secs] [Times: user=0,45 sys=0,00, real=0,12 secs] 
2017-05-12T11:24:59.482+0200: 2,821: [GC (CMS Final Remark) [YG occupancy: 18034 K (109248 K)]{Heap before GC invocations=4 (full 1):
 par new generation   total 109248K, used 18034K [0x00000000e0000000, 0x00000000e8000000, 0x00000000e8000000)
  eden space 87424K,   1% used [0x00000000e0000000, 0x00000000e0151ca0, 0x00000000e5560000)
  from space 21824K,  76% used [0x00000000e5560000, 0x00000000e65aac18, 0x00000000e6ab0000)
  to   space 21824K,   0% used [0x00000000e6ab0000, 0x00000000e6ab0000, 0x00000000e8000000)
 concurrent mark-sweep generation total 393216K, used 0K [0x00000000e8000000, 0x0000000100000000, 0x0000000100000000)
 Metaspace       used 21245K, capacity 21580K, committed 21884K, reserved 1069056K
  class space    used 2446K, capacity 2603K, committed 2684K, reserved 1048576K
2017-05-12T11:24:59.482+0200: 2,821: [GC (CMS Final Remark) 2017-05-12T11:24:59.482+0200: 2,821: [ParNew
Desired survivor size 20112992 bytes, new threshold 8 (max 8)
- age   1:      52616 bytes,      52616 total
- age   2:     934944 bytes,     987560 total
- age   3:    1450832 bytes,    2438392 total
- age   4:     835072 bytes,    3273464 total
- age   5:    6656984 bytes,    9930448 total
: 18034K->12079K(109248K), 0,0092405 secs] 18034K->12079K(502464K), 0,0092789 secs] [Times: user=0,03 sys=0,00, real=0,01 secs] 
Heap after GC invocations=5 (full 1):
 par new generation   total 109248K, used 12079K [0x00000000e0000000, 0x00000000e8000000, 0x00000000e8000000)
  eden space 87424K,   0% used [0x00000000e0000000, 0x00000000e0000000, 0x00000000e5560000)
  from space 21824K,  55% used [0x00000000e6ab0000, 0x00000000e767be70, 0x00000000e8000000)
  to   space 21824K,   0% used [0x00000000e5560000, 0x00000000e5560000, 0x00000000e6ab0000)
 concurrent mark-sweep generation total 393216K, used 0K [0x00000000e8000000, 0x0000000100000000, 0x0000000100000000)
 Metaspace       used 21245K, capacity 21580K, committed 21884K, reserved 1069056K
  class space    used 2446K, capacity 2603K, committed 2684K, reserved 1048576K
}
2017-05-12T11:24:59.492+0200: 2,830: [Rescan (parallel) , 0,0034221 secs]2017-05-12T11:24:59.495+0200: 2,834: [weak refs processing, 0,0007198 secs]2017-05-12T11:24:59.496+0200: 2,835: [class unloading, 0,0028397 secs]2017-05-12T11:24:59.499+0200: 2,837: [scrub symbol table, 0,0025267 secs]2017-05-12T11:24:59.501+0200: 2,840: [scrub string table, 0,0003978 secs][1 CMS-remark: 0K(393216K)] 12079K(502464K), 0,0198720 secs] [Times: user=0,05 sys=0,00, real=0,02 secs] 
2017-05-12T11:24:59.502+0200: 2,841: Total time for which application threads were stopped: 0,0199991 seconds, Stopping threads took: 0,0000404 seconds
2017-05-12T11:24:59.502+0200: 2,841: [CMS-concurrent-sweep-start]
2017-05-12T11:24:59.502+0200: 2,841: [CMS-concurrent-sweep: 0,000/0,000 secs] [Times: user=0,00 sys=0,00, real=0,00 secs] 
2017-05-12T11:24:59.503+0200: 2,841: [CMS-concurrent-reset-start]
2017-05-12T11:24:59.505+0200: 2,844: [CMS-concurrent-reset: 0,002/0,002 secs] [Times: user=0,01 sys=0,00, real=0,00 secs] 
{Heap before GC invocations=5 (full 1):
 par new generation   total 109248K, used 99503K [0x00000000e0000000, 0x00000000e8000000, 0x00000000e8000000)
  eden space 87424K, 100% used [0x00000000e0000000, 0x00000000e5560000, 0x00000000e5560000)
  from space 21824K,  55% used [0x00000000e6ab0000, 0x00000000e767be70, 0x00000000e8000000)
  to   space 21824K,   0% used [0x00000000e5560000, 0x00000000e5560000, 0x00000000e6ab0000)
 concurrent mark-sweep generation total 393216K, used 0K [0x00000000e8000000, 0x0000000100000000, 0x0000000100000000)
 Metaspace       used 21399K, capacity 21816K, committed 21884K, reserved 1069056K
  class space    used 2467K, capacity 2637K, committed 2684K, reserved 1048576K
2017-05-12T11:24:59.586+0200: 2,925: [GC (Allocation Failure) 2017-05-12T11:24:59.586+0200: 2,925: [ParNew
Desired survivor size 20112992 bytes, new threshold 8 (max 8)
- age   1:     772408 bytes,     772408 total
- age   2:        264 bytes,     772672 total
- age   3:     185128 bytes,     957800 total
- age   4:    1450384 bytes,    2408184 total
- age   5:     832920 bytes,    3241104 total
- age   6:    6656944 bytes,    9898048 total
: 99503K->14841K(109248K), 0,0099102 secs] 99503K->14841K(502464K), 0,0099881 secs] [Times: user=0,03 sys=0,00, real=0,01 secs] 
Heap after GC invocations=6 (full 1):
 par new generation   total 109248K, used 14841K [0x00000000e0000000, 0x00000000e8000000, 0x00000000e8000000)
  eden space 87424K,   0% used [0x00000000e0000000, 0x00000000e0000000, 0x00000000e5560000)
  from space 21824K,  68% used [0x00000000e5560000, 0x00000000e63de7e0, 0x00000000e6ab0000)
  to   space 21824K,   0% used [0x00000000e6ab0000, 0x00000000e6ab0000, 0x00000000e8000000)
 concurrent mark-sweep generation total 393216K, used 0K [0x00000000e8000000, 0x0000000100000000, 0x0000000100000000)
 Metaspace       used 21399K, capacity 21816K, committed 21884K, reserved 1069056K
  class space    used 2467K, capacity 2637K, committed 2684K, reserved 1048576K
}
2017-05-12T11:24:59.596+0200: 2,935: Total time for which application threads were stopped: 0,0101961 seconds, Stopping threads took: 0,0000627 seconds
2017-05-12T11:24:59.622+0200: 2,961: Total time for which application threads were stopped: 0,0012831 seconds, Stopping threads took: 0,0009670 seconds
2017-05-12T11:24:59.884+0200: 3,223: Total time for which application threads were stopped: 0,0009876 seconds, Stopping threads took: 0,0005309 seconds
2017-05-12T11:24:59.901+0200: 3,239: Total time for which application threads were stopped: 0,0004577 seconds, Stopping threads took: 0,0000602 seconds
{Heap before GC invocations=6 (full 1):
 par new generation   total 109248K, used 102235K [0x00000000e0000000, 0x00000000e8000000, 0x00000000e8000000)
  eden space 87424K,  99% used [0x00000000e0000000, 0x00000000e55586c0, 0x00000000e5560000)
  from space 21824K,  68% used [0x00000000e5560000, 0x00000000e63de7e0, 0x00000000e6ab0000)
  to   space 21824K,   0% used [0x00000000e6ab0000, 0x00000000e6ab0000, 0x00000000e8000000)
 concurrent mark-sweep generation total 393216K, used 0K [0x00000000e8000000, 0x0000000100000000, 0x0000000100000000)
 Metaspace       used 24217K, capacity 24694K, committed 24828K, reserved 1071104K
  class space    used 2844K, capacity 3042K, committed 3068K, reserved 1048576K
2017-05-12T11:25:00.050+0200: 3,388: [GC (Allocation Failure) 2017-05-12T11:25:00.050+0200: 3,388: [ParNew
Desired survivor size 20112992 bytes, new threshold 8 (max 8)
- age   1:    5657768 bytes,    5657768 total
- age   2:     131448 bytes,    5789216 total
- age   3:        264 bytes,    5789480 total
- age   4:     184016 bytes,    5973496 total
- age   5:     280656 bytes,    6254152 total
- age   6:     806648 bytes,    7060800 total
- age   7:    6649728 bytes,   13710528 total
: 102235K->15878K(109248K), 0,0118135 secs] 102235K->15878K(502464K), 0,0118813 secs] [Times: user=0,05 sys=0,00, real=0,01 secs] 
Heap after GC invocations=7 (full 1):
 par new generation   total 109248K, used 15878K [0x00000000e0000000, 0x00000000e8000000, 0x00000000e8000000)
  eden space 87424K,   0% used [0x00000000e0000000, 0x00000000e0000000, 0x00000000e5560000)
  from space 21824K,  72% used [0x00000000e6ab0000, 0x00000000e7a31a10, 0x00000000e8000000)
  to   space 21824K,   0% used [0x00000000e5560000, 0x00000000e5560000, 0x00000000e6ab0000)
 concurrent mark-sweep generation total 393216K, used 0K [0x00000000e8000000, 0x0000000100000000, 0x0000000100000000)
 Metaspace       used 24217K, capacity 24694K, committed 24828K, reserved 1071104K
  class space    used 2844K, capacity 3042K, committed 3068K, reserved 1048576K
}
2017-05-12T11:25:00.062+0200: 3,400: Total time for which application threads were stopped: 0,0121701 seconds, Stopping threads took: 0,0001116 seconds
{Heap before GC invocations=7 (full 1):
 par new generation   total 109248K, used 103302K [0x00000000e0000000, 0x00000000e8000000, 0x00000000e8000000)
  eden space 87424K, 100% used [0x00000000e0000000, 0x00000000e5560000, 0x00000000e5560000)
  from space 21824K,  72% used [0x00000000e6ab0000, 0x00000000e7a31a10, 0x00000000e8000000)
  to   space 21824K,   0% used [0x00000000e5560000, 0x00000000e5560000, 0x00000000e6ab0000)
 concurrent mark-sweep generation total 393216K, used 0K [0x00000000e8000000, 0x0000000100000000, 0x0000000100000000)
 Metaspace       used 24494K, capacity 24972K, committed 25084K, reserved 1071104K
  class space    used 2869K, capacity 3046K, committed 3068K, reserved 1048576K
2017-05-12T11:25:00.157+0200: 3,496: [GC (Allocation Failure) 2017-05-12T11:25:00.157+0200: 3,496: [ParNew
Desired survivor size 20112992 bytes, new threshold 8 (max 8)
- age   1:    1088784 bytes,    1088784 total
- age   2:    1818480 bytes,    2907264 total
- age   3:      62064 bytes,    2969328 total
- age   5:     105344 bytes,    3074672 total
- age   6:     182472 bytes,    3257144 total
- age   7:     762056 bytes,    4019200 total
- age   8:    6113864 bytes,   10133064 total
: 103302K->13968K(109248K), 0,0139828 secs] 103302K->13968K(502464K), 0,0140686 secs] [Times: user=0,05 sys=0,00, real=0,02 secs] 
Heap after GC invocations=8 (full 1):
 par new generation   total 109248K, used 13968K [0x00000000e0000000, 0x00000000e8000000, 0x00000000e8000000)
  eden space 87424K,   0% used [0x00000000e0000000, 0x00000000e0000000, 0x00000000e5560000)
  from space 21824K,  64% used [0x00000000e5560000, 0x00000000e63042b0, 0x00000000e6ab0000)
  to   space 21824K,   0% used [0x00000000e6ab0000, 0x00000000e6ab0000, 0x00000000e8000000)
 concurrent mark-sweep generation total 393216K, used 0K [0x00000000e8000000, 0x0000000100000000, 0x0000000100000000)
 Metaspace       used 24494K, capacity 24972K, committed 25084K, reserved 1071104K
  class space    used 2869K, capacity 3046K, committed 3068K, reserved 1048576K
}
2017-05-12T11:25:00.171+0200: 3,510: Total time for which application threads were stopped: 0,0146356 seconds, Stopping threads took: 0,0003499 seconds
{Heap before GC invocations=8 (full 1):
 par new generation   total 109248K, used 101392K [0x00000000e0000000, 0x00000000e8000000, 0x00000000e8000000)
  eden space 87424K, 100% used [0x00000000e0000000, 0x00000000e5560000, 0x00000000e5560000)
  from space 21824K,  64% used [0x00000000e5560000, 0x00000000e63042b0, 0x00000000e6ab0000)
  to   space 21824K,   0% used [0x00000000e6ab0000, 0x00000000e6ab0000, 0x00000000e8000000)
 concurrent mark-sweep generation total 393216K, used 0K [0x00000000e8000000, 0x0000000100000000, 0x0000000100000000)
 Metaspace       used 24938K, capacity 25398K, committed 25724K, reserved 1071104K
  class space    used 2906K, capacity 3080K, committed 3196K, reserved 1048576K
2017-05-12T11:25:00.285+0200: 3,624: [GC (Allocation Failure) 2017-05-12T11:25:00.285+0200: 3,624: [ParNew
Desired survivor size 20112992 bytes, new threshold 8 (max 8)
- age   1:    1392024 bytes,    1392024 total
- age   2:     451216 bytes,    1843240 total
- age   3:    1795328 bytes,    3638568 total
- age   4:      62064 bytes,    3700632 total
- age   6:     102768 bytes,    3803400 total
- age   7:     181976 bytes,    3985376 total
- age   8:     761320 bytes,    4746696 total
: 101392K->8130K(109248K), 0,0545393 secs] 101392K->14183K(502464K), 0,0546098 secs] [Times: user=0,12 sys=0,00, real=0,06 secs] 
Heap after GC invocations=9 (full 1):
 par new generation   total 109248K, used 8130K [0x00000000e0000000, 0x00000000e8000000, 0x00000000e8000000)
  eden space 87424K,   0% used [0x00000000e0000000, 0x00000000e0000000, 0x00000000e5560000)
  from space 21824K,  37% used [0x00000000e6ab0000, 0x00000000e72a0af8, 0x00000000e8000000)
  to   space 21824K,   0% used [0x00000000e5560000, 0x00000000e5560000, 0x00000000e6ab0000)
 concurrent mark-sweep generation total 393216K, used 6053K [0x00000000e8000000, 0x0000000100000000, 0x0000000100000000)
 Metaspace       used 24938K, capacity 25398K, committed 25724K, reserved 1071104K
  class space    used 2906K, capacity 3080K, committed 3196K, reserved 1048576K
}
2017-05-12T11:25:00.340+0200: 3,678: Total time for which application threads were stopped: 0,0575541 seconds, Stopping threads took: 0,0025068 seconds
2017-05-12T11:25:00.494+0200: 3,833: Total time for which application threads were stopped: 0,0004497 seconds, Stopping threads took: 0,0000243 seconds
2017-05-12T11:25:00.580+0200: 3,918: Total time for which application threads were stopped: 0,0004296 seconds, Stopping threads took: 0,0000224 seconds
2017-05-12T11:25:00.596+0200: 3,934: Total time for which application threads were stopped: 0,0005160 seconds, Stopping threads took: 0,0000521 seconds
2017-05-12T11:25:00.664+0200: 4,003: Total time for which application threads were stopped: 0,0004588 seconds, Stopping threads took: 0,0000450 seconds
2017-05-12T11:25:00.710+0200: 4,048: Total time for which application threads were stopped: 0,0006447 seconds, Stopping threads took: 0,0001249 seconds
2017-05-12T11:25:00.722+0200: 4,061: Total time for which application threads were stopped: 0,0038424 seconds, Stopping threads took: 0,0037523 seconds
2017-05-12T11:25:00.723+0200: 4,062: Total time for which application threads were stopped: 0,0003949 seconds, Stopping threads took: 0,0003145 seconds
2017-05-12T11:25:00.724+0200: 4,063: Total time for which application threads were stopped: 0,0001551 seconds, Stopping threads took: 0,0000586 seconds
2017-05-12T11:25:00.724+0200: 4,063: Total time for which application threads were stopped: 0,0001024 seconds, Stopping threads took: 0,0000255 seconds
2017-05-12T11:25:00.725+0200: 4,064: Total time for which application threads were stopped: 0,0000980 seconds, Stopping threads took: 0,0000281 seconds
2017-05-12T11:25:00.726+0200: 4,065: Total time for which application threads were stopped: 0,0012261 seconds, Stopping threads took: 0,0011194 seconds
2017-05-12T11:25:00.726+0200: 4,065: Total time for which application threads were stopped: 0,0000835 seconds, Stopping threads took: 0,0000258 seconds
2017-05-12T11:25:00.727+0200: 4,065: Total time for which application threads were stopped: 0,0000674 seconds, Stopping threads took: 0,0000213 seconds
2017-05-12T11:25:00.727+0200: 4,065: Total time for which application threads were stopped: 0,0000693 seconds, Stopping threads took: 0,0000204 seconds
2017-05-12T11:25:00.727+0200: 4,065: Total time for which application threads were stopped: 0,0000593 seconds, Stopping threads took: 0,0000157 seconds
2017-05-12T11:25:00.727+0200: 4,066: Total time for which application threads were stopped: 0,0000644 seconds, Stopping threads took: 0,0000173 seconds
2017-05-12T11:25:00.727+0200: 4,066: Total time for which application threads were stopped: 0,0000607 seconds, Stopping threads took: 0,0000155 seconds
2017-05-12T11:25:00.730+0200: 4,069: Total time for which application threads were stopped: 0,0001358 seconds, Stopping threads took: 0,0000277 seconds
2017-05-12T11:25:00.731+0200: 4,070: Total time for which application threads were stopped: 0,0002731 seconds, Stopping threads took: 0,0002064 seconds
2017-05-12T11:25:00.731+0200: 4,070: Total time for which application threads were stopped: 0,0000802 seconds, Stopping threads took: 0,0000242 seconds
2017-05-12T11:25:00.736+0200: 4,075: Total time for which application threads were stopped: 0,0001640 seconds, Stopping threads took: 0,0000540 seconds
2017-05-12T11:25:00.739+0200: 4,077: Total time for which application threads were stopped: 0,0001253 seconds, Stopping threads took: 0,0000350 seconds
2017-05-12T11:25:00.750+0200: 4,089: Total time for which application threads were stopped: 0,0001306 seconds, Stopping threads took: 0,0000223 seconds
2017-05-12T11:25:00.771+0200: 4,110: Total time for which application threads were stopped: 0,0058905 seconds, Stopping threads took: 0,0057841 seconds
2017-05-12T11:25:00.795+0200: 4,134: Total time for which application threads were stopped: 0,0001596 seconds, Stopping threads took: 0,0000471 seconds
2017-05-12T11:25:00.814+0200: 4,153: Total time for which application threads were stopped: 0,0021918 seconds, Stopping threads took: 0,0020882 seconds
2017-05-12T11:25:00.817+0200: 4,156: Total time for which application threads were stopped: 0,0002457 seconds, Stopping threads took: 0,0000475 seconds
2017-05-12T11:25:00.853+0200: 4,192: Total time for which application threads were stopped: 0,0004471 seconds, Stopping threads took: 0,0000398 seconds
2017-05-12T11:25:00.854+0200: 4,193: Total time for which application threads were stopped: 0,0001462 seconds, Stopping threads took: 0,0000455 seconds
2017-05-12T11:25:00.856+0200: 4,195: Total time for which application threads were stopped: 0,0001203 seconds, Stopping threads took: 0,0000414 seconds
2017-05-12T11:25:00.857+0200: 4,196: Total time for which application threads were stopped: 0,0001114 seconds, Stopping threads took: 0,0000201 seconds
2017-05-12T11:25:00.859+0200: 4,198: Total time for which application threads were stopped: 0,0001444 seconds, Stopping threads took: 0,0000489 seconds
2017-05-12T11:25:00.866+0200: 4,205: Total time for which application threads were stopped: 0,0061960 seconds, Stopping threads took: 0,0061032 seconds
2017-05-12T11:25:00.867+0200: 4,205: Total time for which application threads were stopped: 0,0004714 seconds, Stopping threads took: 0,0004046 seconds
2017-05-12T11:25:00.867+0200: 4,206: Total time for which application threads were stopped: 0,0001349 seconds, Stopping threads took: 0,0000527 seconds
2017-05-12T11:25:00.874+0200: 4,213: Total time for which application threads were stopped: 0,0001364 seconds, Stopping threads took: 0,0000251 seconds
2017-05-12T11:25:00.878+0200: 4,217: Total time for which application threads were stopped: 0,0001174 seconds, Stopping threads took: 0,0000295 seconds
2017-05-12T11:25:00.888+0200: 4,226: Total time for which application threads were stopped: 0,0001378 seconds, Stopping threads took: 0,0000558 seconds
2017-05-12T11:25:00.890+0200: 4,229: Total time for which application threads were stopped: 0,0008969 seconds, Stopping threads took: 0,0007921 seconds
2017-05-12T11:25:03.891+0200: 7,229: Total time for which application threads were stopped: 0,0001382 seconds, Stopping threads took: 0,0000407 seconds
2017-05-12T11:25:07.891+0200: 11,230: Total time for which application threads were stopped: 0,0000819 seconds, Stopping threads took: 0,0000213 seconds
2017-05-12T11:25:17.892+0200: 21,231: Total time for which application threads were stopped: 0,0000612 seconds, Stopping threads took: 0,0000145 seconds
2017-05-12T11:25:28.482+0200: 32,232: Total time for which application threads were stopped: 0,0000629 seconds, Stopping threads took: 0,0000161 seconds
2017-05-12T11:25:37.483+0200: 41,233: Total time for which application threads were stopped: 0,0001007 seconds, Stopping threads took: 0,0000345 seconds
2017-05-12T11:26:53.492+0200: 117,242: Total time for which application threads were stopped: 0,0000764 seconds, Stopping threads took: 0,0000302 seconds
2017-05-12T11:26:58.493+0200: 122,243: Total time for which application threads were stopped: 0,0000665 seconds, Stopping threads took: 0,0000165 seconds
{Heap before GC invocations=9 (full 1):
 par new generation   total 109248K, used 95554K [0x00000000e0000000, 0x00000000e8000000, 0x00000000e8000000)
  eden space 87424K, 100% used [0x00000000e0000000, 0x00000000e5560000, 0x00000000e5560000)
  from space 21824K,  37% used [0x00000000e6ab0000, 0x00000000e72a0af8, 0x00000000e8000000)
  to   space 21824K,   0% used [0x00000000e5560000, 0x00000000e5560000, 0x00000000e6ab0000)
 concurrent mark-sweep generation total 393216K, used 6053K [0x00000000e8000000, 0x0000000100000000, 0x0000000100000000)
 Metaspace       used 27985K, capacity 28504K, committed 28796K, reserved 1075200K
  class space    used 3211K, capacity 3387K, committed 3452K, reserved 1048576K
2017-05-12T11:27:52.196+0200: 175,946: [GC (Allocation Failure) 2017-05-12T11:27:52.196+0200: 175,946: [ParNew
Desired survivor size 20112992 bytes, new threshold 8 (max 8)
- age   1:   10654648 bytes,   10654648 total
- age   2:     308752 bytes,   10963400 total
- age   3:     239424 bytes,   11202824 total
- age   4:    1790712 bytes,   12993536 total
- age   5:      62064 bytes,   13055600 total
- age   7:     102640 bytes,   13158240 total
- age   8:     181880 bytes,   13340120 total
: 95554K->14268K(109248K), 0,0128550 secs] 101607K->21160K(502464K), 0,0129175 secs] [Times: user=0,05 sys=0,00, real=0,01 secs] 
Heap after GC invocations=10 (full 1):
 par new generation   total 109248K, used 14268K [0x00000000e0000000, 0x00000000e8000000, 0x00000000e8000000)
  eden space 87424K,   0% used [0x00000000e0000000, 0x00000000e0000000, 0x00000000e5560000)
  from space 21824K,  65% used [0x00000000e5560000, 0x00000000e634f120, 0x00000000e6ab0000)
  to   space 21824K,   0% used [0x00000000e6ab0000, 0x00000000e6ab0000, 0x00000000e8000000)
 concurrent mark-sweep generation total 393216K, used 6892K [0x00000000e8000000, 0x0000000100000000, 0x0000000100000000)
 Metaspace       used 27985K, capacity 28504K, committed 28796K, reserved 1075200K
  class space    used 3211K, capacity 3387K, committed 3452K, reserved 1048576K
}
2017-05-12T11:27:52.209+0200: 175,959: Total time for which application threads were stopped: 0,0131339 seconds, Stopping threads took: 0,0000637 seconds
2017-05-12T11:48:27.357+0200: 1411,107: Total time for which application threads were stopped: 0,0000797 seconds, Stopping threads took: 0,0000315 seconds
2017-05-12T11:52:32.381+0200: 1656,131: Total time for which application threads were stopped: 0,0006295 seconds, Stopping threads took: 0,0001708 seconds
2017-05-12T12:02:58.443+0200: 2282,193: Total time for which application threads were stopped: 0,0000810 seconds, Stopping threads took: 0,0000310 seconds
2017-05-12T12:03:17.445+0200: 2301,195: Total time for which application threads were stopped: 0,0006132 seconds, Stopping threads took: 0,0001835 seconds
2017-05-12T12:03:18.446+0200: 2302,196: Total time for which application threads were stopped: 0,0003194 seconds, Stopping threads took: 0,0000907 seconds
2017-05-12T12:05:13.459+0200: 2417,209: Total time for which application threads were stopped: 0,0001332 seconds, Stopping threads took: 0,0000384 seconds
2017-05-12T12:18:13.540+0200: 3197,290: Total time for which application threads were stopped: 0,0000795 seconds, Stopping threads took: 0,0000315 seconds
2017-05-12T12:32:12.630+0200: 4036,380: Total time for which application threads were stopped: 0,0000821 seconds, Stopping threads took: 0,0000304 seconds
2017-05-12T12:33:22.637+0200: 4106,387: Total time for which application threads were stopped: 0,0000986 seconds, Stopping threads took: 0,0000390 seconds
2017-05-12T12:43:33.698+0200: 4717,448: Total time for which application threads were stopped: 0,0003112 seconds, Stopping threads took: 0,0001017 seconds
2017-05-12T12:47:03.075+0200: 4926,826: Total time for which application threads were stopped: 0,0003514 seconds, Stopping threads took: 0,0002601 seconds
2017-05-12T12:47:03.122+0200: 4926,872: Total time for which application threads were stopped: 0,0001180 seconds, Stopping threads took: 0,0000369 seconds
2017-05-12T12:47:03.130+0200: 4926,882: Total time for which application threads were stopped: 0,0018909 seconds, Stopping threads took: 0,0000295 seconds
2017-05-12T12:47:03.200+0200: 4926,950: Total time for which application threads were stopped: 0,0001191 seconds, Stopping threads took: 0,0000286 seconds
2017-05-12T12:47:03.201+0200: 4926,951: Total time for which application threads were stopped: 0,0001164 seconds, Stopping threads took: 0,0000301 seconds
2017-05-12T12:47:03.201+0200: 4926,951: Total time for which application threads were stopped: 0,0000794 seconds, Stopping threads took: 0,0000247 seconds
2017-05-12T12:47:03.202+0200: 4926,952: Total time for which application threads were stopped: 0,0001037 seconds, Stopping threads took: 0,0000234 seconds
Heap
 par new generation   total 109248K, used 34505K [0x00000000e0000000, 0x00000000e8000000, 0x00000000e8000000)
  eden space 87424K,  23% used [0x00000000e0000000, 0x00000000e13c3518, 0x00000000e5560000)
  from space 21824K,  65% used [0x00000000e5560000, 0x00000000e634f120, 0x00000000e6ab0000)
  to   space 21824K,   0% used [0x00000000e6ab0000, 0x00000000e6ab0000, 0x00000000e8000000)
 concurrent mark-sweep generation total 393216K, used 6892K [0x00000000e8000000, 0x0000000100000000, 0x0000000100000000)
 Metaspace       used 28106K, capacity 28608K, committed 28796K, reserved 1075200K
  class space    used 3225K, capacity 3421K, committed 3452K, reserved 1048576K
