OpenJDK 64-Bit Server VM (25.131-b11) for linux-amd64 JRE (1.8.0_131-8u131-b11-0ubuntu1.16.04.2-b11), built on May  6 2017 02:45:27 by "buildd" with gcc 5.4.0 20160609
Memory: 4k page, physical 7867740k(7410776k free), swap 8076284k(8076284k free)
CommandLine flags: -XX:CMSInitiatingOccupancyFraction=50 -XX:CMSMaxAbortablePrecleanTime=6000 -XX:+CMSParallelRemarkEnabled -XX:+CMSScavengeBeforeRemark -XX:ConcGCThreads=4 -XX:InitialHeapSize=536870912 -XX:MaxHeapSize=536870912 -XX:MaxTenuringThreshold=8 -XX:NewRatio=3 -XX:OldPLABSize=16 -XX:OnOutOfMemoryError=/opt/solr/bin/oom_solr.sh 8983 /var/solr/logs -XX:ParallelGCThreads=4 -XX:+ParallelRefProcEnabled -XX:PretenureSizeThreshold=67108864 -XX:+PrintGC -XX:+PrintGCApplicationStoppedTime -XX:+PrintGCDateStamps -XX:+PrintGCDetails -XX:+PrintGCTimeStamps -XX:+PrintHeapAtGC -XX:+PrintTenuringDistribution -XX:SurvivorRatio=4 -XX:TargetSurvivorRatio=90 -XX:ThreadStackSize=256 -XX:+UseCMSInitiatingOccupancyOnly -XX:+UseCompressedClassPointers -XX:+UseCompressedOops -XX:+UseConcMarkSweepGC -XX:+UseParNewGC 
2017-06-08T14:04:15.583+0200: 0,144: Total time for which application threads were stopped: 0,0000947 seconds, Stopping threads took: 0,0000231 seconds
2017-06-08T14:04:15.656+0200: 0,218: Total time for which application threads were stopped: 0,0001098 seconds, Stopping threads took: 0,0000183 seconds
2017-06-08T14:04:15.669+0200: 0,230: Total time for which application threads were stopped: 0,0000849 seconds, Stopping threads took: 0,0000243 seconds
2017-06-08T14:04:15.880+0200: 0,441: Total time for which application threads were stopped: 0,0001334 seconds, Stopping threads took: 0,0000113 seconds
2017-06-08T14:04:15.958+0200: 0,519: Total time for which application threads were stopped: 0,0000913 seconds, Stopping threads took: 0,0000128 seconds
2017-06-08T14:04:16.257+0200: 0,819: Total time for which application threads were stopped: 0,0001782 seconds, Stopping threads took: 0,0000231 seconds
2017-06-08T14:04:16.431+0200: 0,993: Total time for which application threads were stopped: 0,0001972 seconds, Stopping threads took: 0,0000191 seconds
2017-06-08T14:04:16.525+0200: 1,086: Total time for which application threads were stopped: 0,0001818 seconds, Stopping threads took: 0,0000270 seconds
2017-06-08T14:04:16.778+0200: 1,340: Total time for which application threads were stopped: 0,0001978 seconds, Stopping threads took: 0,0000216 seconds
2017-06-08T14:04:17.004+0200: 1,565: Total time for which application threads were stopped: 0,0002836 seconds, Stopping threads took: 0,0000898 seconds
2017-06-08T14:04:17.032+0200: 1,594: Total time for which application threads were stopped: 0,0004976 seconds, Stopping threads took: 0,0001291 seconds
2017-06-08T14:04:17.069+0200: 1,630: Total time for which application threads were stopped: 0,0001802 seconds, Stopping threads took: 0,0000159 seconds
2017-06-08T14:04:17.070+0200: 1,631: Total time for which application threads were stopped: 0,0001671 seconds, Stopping threads took: 0,0000199 seconds
2017-06-08T14:04:17.088+0200: 1,650: Total time for which application threads were stopped: 0,0001850 seconds, Stopping threads took: 0,0000183 seconds
2017-06-08T14:04:17.177+0200: 1,739: Total time for which application threads were stopped: 0,0002567 seconds, Stopping threads took: 0,0000197 seconds
2017-06-08T14:04:17.364+0200: 1,926: Total time for which application threads were stopped: 0,0004233 seconds, Stopping threads took: 0,0001773 seconds
{Heap before GC invocations=0 (full 0):
 par new generation   total 109248K, used 87424K [0x00000000e0000000, 0x00000000e8000000, 0x00000000e8000000)
  eden space 87424K, 100% used [0x00000000e0000000, 0x00000000e5560000, 0x00000000e5560000)
  from space 21824K,   0% used [0x00000000e5560000, 0x00000000e5560000, 0x00000000e6ab0000)
  to   space 21824K,   0% used [0x00000000e6ab0000, 0x00000000e6ab0000, 0x00000000e8000000)
 concurrent mark-sweep generation total 393216K, used 0K [0x00000000e8000000, 0x0000000100000000, 0x0000000100000000)
 Metaspace       used 18051K, capacity 18336K, committed 18688K, reserved 1064960K
  class space    used 2044K, capacity 2196K, committed 2304K, reserved 1048576K
2017-06-08T14:04:17.439+0200: 2,001: [GC (Allocation Failure) 2017-06-08T14:04:17.439+0200: 2,001: [ParNew
Desired survivor size 20112992 bytes, new threshold 8 (max 8)
- age   1:   12480928 bytes,   12480928 total
: 87424K->12306K(109248K), 0,0161311 secs] 87424K->12306K(502464K), 0,0161854 secs] [Times: user=0,05 sys=0,00, real=0,01 secs] 
Heap after GC invocations=1 (full 0):
 par new generation   total 109248K, used 12306K [0x00000000e0000000, 0x00000000e8000000, 0x00000000e8000000)
  eden space 87424K,   0% used [0x00000000e0000000, 0x00000000e0000000, 0x00000000e5560000)
  from space 21824K,  56% used [0x00000000e6ab0000, 0x00000000e76b4b58, 0x00000000e8000000)
  to   space 21824K,   0% used [0x00000000e5560000, 0x00000000e5560000, 0x00000000e6ab0000)
 concurrent mark-sweep generation total 393216K, used 0K [0x00000000e8000000, 0x0000000100000000, 0x0000000100000000)
 Metaspace       used 18051K, capacity 18336K, committed 18688K, reserved 1064960K
  class space    used 2044K, capacity 2196K, committed 2304K, reserved 1048576K
}
2017-06-08T14:04:17.455+0200: 2,017: Total time for which application threads were stopped: 0,0164145 seconds, Stopping threads took: 0,0000537 seconds
2017-06-08T14:04:17.775+0200: 2,336: Total time for which application threads were stopped: 0,0009880 seconds, Stopping threads took: 0,0006084 seconds
2017-06-08T14:04:17.826+0200: 2,388: Total time for which application threads were stopped: 0,0016455 seconds, Stopping threads took: 0,0013787 seconds
{Heap before GC invocations=1 (full 0):
 par new generation   total 109248K, used 99730K [0x00000000e0000000, 0x00000000e8000000, 0x00000000e8000000)
  eden space 87424K, 100% used [0x00000000e0000000, 0x00000000e5560000, 0x00000000e5560000)
  from space 21824K,  56% used [0x00000000e6ab0000, 0x00000000e76b4b58, 0x00000000e8000000)
  to   space 21824K,   0% used [0x00000000e5560000, 0x00000000e5560000, 0x00000000e6ab0000)
 concurrent mark-sweep generation total 393216K, used 0K [0x00000000e8000000, 0x0000000100000000, 0x0000000100000000)
 Metaspace       used 20062K, capacity 20364K, committed 20736K, reserved 1067008K
  class space    used 2298K, capacity 2470K, committed 2560K, reserved 1048576K
2017-06-08T14:04:17.827+0200: 2,388: [GC (Allocation Failure) 2017-06-08T14:04:17.827+0200: 2,388: [ParNew
Desired survivor size 20112992 bytes, new threshold 8 (max 8)
- age   1:    3692000 bytes,    3692000 total
- age   2:    6642080 bytes,   10334080 total
: 99730K->13735K(109248K), 0,0169933 secs] 99730K->13735K(502464K), 0,0170567 secs] [Times: user=0,05 sys=0,00, real=0,01 secs] 
Heap after GC invocations=2 (full 0):
 par new generation   total 109248K, used 13735K [0x00000000e0000000, 0x00000000e8000000, 0x00000000e8000000)
  eden space 87424K,   0% used [0x00000000e0000000, 0x00000000e0000000, 0x00000000e5560000)
  from space 21824K,  62% used [0x00000000e5560000, 0x00000000e62c9d78, 0x00000000e6ab0000)
  to   space 21824K,   0% used [0x00000000e6ab0000, 0x00000000e6ab0000, 0x00000000e8000000)
 concurrent mark-sweep generation total 393216K, used 0K [0x00000000e8000000, 0x0000000100000000, 0x0000000100000000)
 Metaspace       used 20062K, capacity 20364K, committed 20736K, reserved 1067008K
  class space    used 2298K, capacity 2470K, committed 2560K, reserved 1048576K
}
2017-06-08T14:04:17.844+0200: 2,405: Total time for which application threads were stopped: 0,0172351 seconds, Stopping threads took: 0,0000641 seconds
2017-06-08T14:04:17.884+0200: 2,446: Total time for which application threads were stopped: 0,0003280 seconds, Stopping threads took: 0,0000419 seconds
2017-06-08T14:04:18.006+0200: 2,567: Total time for which application threads were stopped: 0,0001776 seconds, Stopping threads took: 0,0000361 seconds
{Heap before GC invocations=2 (full 0):
 par new generation   total 109248K, used 101159K [0x00000000e0000000, 0x00000000e8000000, 0x00000000e8000000)
  eden space 87424K, 100% used [0x00000000e0000000, 0x00000000e5560000, 0x00000000e5560000)
  from space 21824K,  62% used [0x00000000e5560000, 0x00000000e62c9d78, 0x00000000e6ab0000)
  to   space 21824K,   0% used [0x00000000e6ab0000, 0x00000000e6ab0000, 0x00000000e8000000)
 concurrent mark-sweep generation total 393216K, used 0K [0x00000000e8000000, 0x0000000100000000, 0x0000000100000000)
 Metaspace       used 20987K, capacity 21286K, committed 21628K, reserved 1069056K
  class space    used 2419K, capacity 2589K, committed 2684K, reserved 1048576K
2017-06-08T14:04:18.048+0200: 2,610: [GC (Allocation Failure) 2017-06-08T14:04:18.048+0200: 2,610: [ParNew
Desired survivor size 20112992 bytes, new threshold 8 (max 8)
- age   1:    2129264 bytes,    2129264 total
- age   2:     869240 bytes,    2998504 total
- age   3:    6636768 bytes,    9635272 total
: 101159K->11493K(109248K), 0,0139976 secs] 101159K->11493K(502464K), 0,0140949 secs] [Times: user=0,05 sys=0,00, real=0,01 secs] 
Heap after GC invocations=3 (full 0):
 par new generation   total 109248K, used 11493K [0x00000000e0000000, 0x00000000e8000000, 0x00000000e8000000)
  eden space 87424K,   0% used [0x00000000e0000000, 0x00000000e0000000, 0x00000000e5560000)
  from space 21824K,  52% used [0x00000000e6ab0000, 0x00000000e75e9540, 0x00000000e8000000)
  to   space 21824K,   0% used [0x00000000e5560000, 0x00000000e5560000, 0x00000000e6ab0000)
 concurrent mark-sweep generation total 393216K, used 0K [0x00000000e8000000, 0x0000000100000000, 0x0000000100000000)
 Metaspace       used 20987K, capacity 21286K, committed 21628K, reserved 1069056K
  class space    used 2419K, capacity 2589K, committed 2684K, reserved 1048576K
}
2017-06-08T14:04:18.062+0200: 2,624: Total time for which application threads were stopped: 0,0143182 seconds, Stopping threads took: 0,0000722 seconds
2017-06-08T14:04:18.083+0200: 2,645: [GC (CMS Initial Mark) [1 CMS-initial-mark: 0K(393216K)] 22074K(502464K), 0,0073643 secs] [Times: user=0,02 sys=0,00, real=0,01 secs] 
2017-06-08T14:04:18.090+0200: 2,652: Total time for which application threads were stopped: 0,0075463 seconds, Stopping threads took: 0,0000771 seconds
2017-06-08T14:04:18.090+0200: 2,652: [CMS-concurrent-mark-start]
2017-06-08T14:04:18.091+0200: 2,653: [CMS-concurrent-mark: 0,001/0,001 secs] [Times: user=0,00 sys=0,00, real=0,00 secs] 
2017-06-08T14:04:18.091+0200: 2,653: [CMS-concurrent-preclean-start]
2017-06-08T14:04:18.092+0200: 2,654: [CMS-concurrent-preclean: 0,001/0,001 secs] [Times: user=0,01 sys=0,00, real=0,00 secs] 
2017-06-08T14:04:18.092+0200: 2,654: [CMS-concurrent-abortable-preclean-start]
2017-06-08T14:04:18.133+0200: 2,695: Total time for which application threads were stopped: 0,0002032 seconds, Stopping threads took: 0,0001207 seconds
{Heap before GC invocations=3 (full 1):
 par new generation   total 109248K, used 98917K [0x00000000e0000000, 0x00000000e8000000, 0x00000000e8000000)
  eden space 87424K, 100% used [0x00000000e0000000, 0x00000000e5560000, 0x00000000e5560000)
  from space 21824K,  52% used [0x00000000e6ab0000, 0x00000000e75e9540, 0x00000000e8000000)
  to   space 21824K,   0% used [0x00000000e5560000, 0x00000000e5560000, 0x00000000e6ab0000)
 concurrent mark-sweep generation total 393216K, used 0K [0x00000000e8000000, 0x0000000100000000, 0x0000000100000000)
 Metaspace       used 21251K, capacity 21620K, committed 21884K, reserved 1069056K
  class space    used 2446K, capacity 2603K, committed 2684K, reserved 1048576K
2017-06-08T14:04:18.182+0200: 2,743: [GC (Allocation Failure) 2017-06-08T14:04:18.182+0200: 2,744: [ParNew
Desired survivor size 20112992 bytes, new threshold 8 (max 8)
- age   1:    1438032 bytes,    1438032 total
- age   2:    1461736 bytes,    2899768 total
- age   3:     843768 bytes,    3743536 total
- age   4:    6636768 bytes,   10380304 total
: 98917K->14864K(109248K), 0,0108013 secs] 98917K->14864K(502464K), 0,0108677 secs] [Times: user=0,04 sys=0,00, real=0,01 secs] 
Heap after GC invocations=4 (full 1):
 par new generation   total 109248K, used 14864K [0x00000000e0000000, 0x00000000e8000000, 0x00000000e8000000)
  eden space 87424K,   0% used [0x00000000e0000000, 0x00000000e0000000, 0x00000000e5560000)
  from space 21824K,  68% used [0x00000000e5560000, 0x00000000e63e4008, 0x00000000e6ab0000)
  to   space 21824K,   0% used [0x00000000e6ab0000, 0x00000000e6ab0000, 0x00000000e8000000)
 concurrent mark-sweep generation total 393216K, used 0K [0x00000000e8000000, 0x0000000100000000, 0x0000000100000000)
 Metaspace       used 21251K, capacity 21620K, committed 21884K, reserved 1069056K
  class space    used 2446K, capacity 2603K, committed 2684K, reserved 1048576K
}
2017-06-08T14:04:18.193+0200: 2,754: Total time for which application threads were stopped: 0,0126073 seconds, Stopping threads took: 0,0015787 seconds
{Heap before GC invocations=4 (full 1):
 par new generation   total 109248K, used 102288K [0x00000000e0000000, 0x00000000e8000000, 0x00000000e8000000)
  eden space 87424K, 100% used [0x00000000e0000000, 0x00000000e5560000, 0x00000000e5560000)
  from space 21824K,  68% used [0x00000000e5560000, 0x00000000e63e4008, 0x00000000e6ab0000)
  to   space 21824K,   0% used [0x00000000e6ab0000, 0x00000000e6ab0000, 0x00000000e8000000)
 concurrent mark-sweep generation total 393216K, used 0K [0x00000000e8000000, 0x0000000100000000, 0x0000000100000000)
 Metaspace       used 21424K, capacity 21792K, committed 21884K, reserved 1069056K
  class space    used 2467K, capacity 2637K, committed 2684K, reserved 1048576K
2017-06-08T14:04:18.289+0200: 2,851: [GC (Allocation Failure) 2017-06-08T14:04:18.289+0200: 2,851: [ParNew
Desired survivor size 20112992 bytes, new threshold 8 (max 8)
- age   1:     580592 bytes,     580592 total
- age   2:     189104 bytes,     769696 total
- age   3:    1461488 bytes,    2231184 total
- age   4:     843656 bytes,    3074840 total
- age   5:    6636792 bytes,    9711632 total
: 102288K->11849K(109248K), 0,0096849 secs] 102288K->11849K(502464K), 0,0097604 secs] [Times: user=0,04 sys=0,00, real=0,01 secs] 
Heap after GC invocations=5 (full 1):
 par new generation   total 109248K, used 11849K [0x00000000e0000000, 0x00000000e8000000, 0x00000000e8000000)
  eden space 87424K,   0% used [0x00000000e0000000, 0x00000000e0000000, 0x00000000e5560000)
  from space 21824K,  54% used [0x00000000e6ab0000, 0x00000000e7642680, 0x00000000e8000000)
  to   space 21824K,   0% used [0x00000000e5560000, 0x00000000e5560000, 0x00000000e6ab0000)
 concurrent mark-sweep generation total 393216K, used 0K [0x00000000e8000000, 0x0000000100000000, 0x0000000100000000)
 Metaspace       used 21424K, capacity 21792K, committed 21884K, reserved 1069056K
  class space    used 2467K, capacity 2637K, committed 2684K, reserved 1048576K
}
2017-06-08T14:04:18.299+0200: 2,860: Total time for which application threads were stopped: 0,0100119 seconds, Stopping threads took: 0,0001165 seconds
2017-06-08T14:04:18.299+0200: 2,860: [CMS-concurrent-abortable-preclean: 0,154/0,206 secs] [Times: user=0,78 sys=0,00, real=0,21 secs] 
2017-06-08T14:04:18.314+0200: 2,875: [GC (CMS Final Remark) [YG occupancy: 19461 K (109248 K)]{Heap before GC invocations=5 (full 1):
 par new generation   total 109248K, used 19461K [0x00000000e0000000, 0x00000000e8000000, 0x00000000e8000000)
  eden space 87424K,   8% used [0x00000000e0000000, 0x00000000e076efb0, 0x00000000e5560000)
  from space 21824K,  54% used [0x00000000e6ab0000, 0x00000000e7642680, 0x00000000e8000000)
  to   space 21824K,   0% used [0x00000000e5560000, 0x00000000e5560000, 0x00000000e6ab0000)
 concurrent mark-sweep generation total 393216K, used 0K [0x00000000e8000000, 0x0000000100000000, 0x0000000100000000)
 Metaspace       used 21499K, capacity 21856K, committed 21960K, reserved 1069056K
  class space    used 2478K, capacity 2637K, committed 2684K, reserved 1048576K
2017-06-08T14:04:18.314+0200: 2,875: [GC (CMS Final Remark) 2017-06-08T14:04:18.314+0200: 2,875: [ParNew
Desired survivor size 20112992 bytes, new threshold 8 (max 8)
- age   1:      98016 bytes,      98016 total
- age   2:     271568 bytes,     369584 total
- age   3:     188912 bytes,     558496 total
- age   4:    1460816 bytes,    2019312 total
- age   5:     843624 bytes,    2862936 total
- age   6:    6636720 bytes,    9499656 total
: 19461K->15039K(109248K), 0,0089973 secs] 19461K->15039K(502464K), 0,0090486 secs] [Times: user=0,03 sys=0,00, real=0,01 secs] 
Heap after GC invocations=6 (full 1):
 par new generation   total 109248K, used 15039K [0x00000000e0000000, 0x00000000e8000000, 0x00000000e8000000)
  eden space 87424K,   0% used [0x00000000e0000000, 0x00000000e0000000, 0x00000000e5560000)
  from space 21824K,  68% used [0x00000000e5560000, 0x00000000e640ff88, 0x00000000e6ab0000)
  to   space 21824K,   0% used [0x00000000e6ab0000, 0x00000000e6ab0000, 0x00000000e8000000)
 concurrent mark-sweep generation total 393216K, used 0K [0x00000000e8000000, 0x0000000100000000, 0x0000000100000000)
 Metaspace       used 21499K, capacity 21856K, committed 21960K, reserved 1069056K
  class space    used 2478K, capacity 2637K, committed 2684K, reserved 1048576K
}
2017-06-08T14:04:18.323+0200: 2,885: [Rescan (parallel) , 0,0032623 secs]2017-06-08T14:04:18.326+0200: 2,888: [weak refs processing, 0,0004758 secs]2017-06-08T14:04:18.327+0200: 2,888: [class unloading, 0,0028157 secs]2017-06-08T14:04:18.330+0200: 2,891: [scrub symbol table, 0,0025859 secs]2017-06-08T14:04:18.332+0200: 2,894: [scrub string table, 0,0003668 secs][1 CMS-remark: 0K(393216K)] 15039K(502464K), 0,0192240 secs] [Times: user=0,05 sys=0,00, real=0,02 secs] 
2017-06-08T14:04:18.333+0200: 2,895: Total time for which application threads were stopped: 0,0231746 seconds, Stopping threads took: 0,0038647 seconds
2017-06-08T14:04:18.333+0200: 2,895: [CMS-concurrent-sweep-start]
2017-06-08T14:04:18.333+0200: 2,895: [CMS-concurrent-sweep: 0,000/0,000 secs] [Times: user=0,00 sys=0,00, real=0,00 secs] 
2017-06-08T14:04:18.333+0200: 2,895: [CMS-concurrent-reset-start]
2017-06-08T14:04:18.335+0200: 2,897: [CMS-concurrent-reset: 0,002/0,002 secs] [Times: user=0,00 sys=0,00, real=0,00 secs] 
2017-06-08T14:04:18.352+0200: 2,913: Total time for which application threads were stopped: 0,0004123 seconds, Stopping threads took: 0,0000642 seconds
2017-06-08T14:04:18.613+0200: 3,175: Total time for which application threads were stopped: 0,0004205 seconds, Stopping threads took: 0,0000202 seconds
2017-06-08T14:04:18.630+0200: 3,191: Total time for which application threads were stopped: 0,0004518 seconds, Stopping threads took: 0,0000512 seconds
{Heap before GC invocations=6 (full 1):
 par new generation   total 109248K, used 102463K [0x00000000e0000000, 0x00000000e8000000, 0x00000000e8000000)
  eden space 87424K, 100% used [0x00000000e0000000, 0x00000000e5560000, 0x00000000e5560000)
  from space 21824K,  68% used [0x00000000e5560000, 0x00000000e640ff88, 0x00000000e6ab0000)
  to   space 21824K,   0% used [0x00000000e6ab0000, 0x00000000e6ab0000, 0x00000000e8000000)
 concurrent mark-sweep generation total 393216K, used 0K [0x00000000e8000000, 0x0000000100000000, 0x0000000100000000)
 Metaspace       used 24016K, capacity 24446K, committed 24572K, reserved 1071104K
  class space    used 2833K, capacity 3010K, committed 3068K, reserved 1048576K
2017-06-08T14:04:18.815+0200: 3,376: [GC (Allocation Failure) 2017-06-08T14:04:18.815+0200: 3,376: [ParNew
Desired survivor size 20112992 bytes, new threshold 8 (max 8)
- age   1:    5450512 bytes,    5450512 total
- age   2:      26976 bytes,    5477488 total
- age   3:     122152 bytes,    5599640 total
- age   4:     187704 bytes,    5787344 total
- age   5:     291704 bytes,    6079048 total
- age   6:     819360 bytes,    6898408 total
- age   7:    6628456 bytes,   13526864 total
: 102463K->14520K(109248K), 0,0177643 secs] 102463K->14520K(502464K), 0,0178305 secs] [Times: user=0,06 sys=0,00, real=0,02 secs] 
Heap after GC invocations=7 (full 1):
 par new generation   total 109248K, used 14520K [0x00000000e0000000, 0x00000000e8000000, 0x00000000e8000000)
  eden space 87424K,   0% used [0x00000000e0000000, 0x00000000e0000000, 0x00000000e5560000)
  from space 21824K,  66% used [0x00000000e6ab0000, 0x00000000e78de190, 0x00000000e8000000)
  to   space 21824K,   0% used [0x00000000e5560000, 0x00000000e5560000, 0x00000000e6ab0000)
 concurrent mark-sweep generation total 393216K, used 0K [0x00000000e8000000, 0x0000000100000000, 0x0000000100000000)
 Metaspace       used 24016K, capacity 24446K, committed 24572K, reserved 1071104K
  class space    used 2833K, capacity 3010K, committed 3068K, reserved 1048576K
}
2017-06-08T14:04:18.832+0200: 3,394: Total time for which application threads were stopped: 0,0185276 seconds, Stopping threads took: 0,0005124 seconds
{Heap before GC invocations=7 (full 1):
 par new generation   total 109248K, used 101944K [0x00000000e0000000, 0x00000000e8000000, 0x00000000e8000000)
  eden space 87424K, 100% used [0x00000000e0000000, 0x00000000e5560000, 0x00000000e5560000)
  from space 21824K,  66% used [0x00000000e6ab0000, 0x00000000e78de190, 0x00000000e8000000)
  to   space 21824K,   0% used [0x00000000e5560000, 0x00000000e5560000, 0x00000000e6ab0000)
 concurrent mark-sweep generation total 393216K, used 0K [0x00000000e8000000, 0x0000000100000000, 0x0000000100000000)
 Metaspace       used 24740K, capacity 25172K, committed 25468K, reserved 1071104K
  class space    used 2892K, capacity 3078K, committed 3196K, reserved 1048576K
2017-06-08T14:04:18.933+0200: 3,494: [GC (Allocation Failure) 2017-06-08T14:04:18.933+0200: 3,494: [ParNew
Desired survivor size 20112992 bytes, new threshold 8 (max 8)
- age   1:    1932912 bytes,    1932912 total
- age   2:    1805672 bytes,    3738584 total
- age   3:      14904 bytes,    3753488 total
- age   4:      52112 bytes,    3805600 total
- age   5:     107400 bytes,    3913000 total
- age   6:     200128 bytes,    4113128 total
- age   7:     768232 bytes,    4881360 total
- age   8:    6095616 bytes,   10976976 total
: 101944K->16536K(109248K), 0,0158791 secs] 101944K->16536K(502464K), 0,0159589 secs] [Times: user=0,04 sys=0,00, real=0,02 secs] 
Heap after GC invocations=8 (full 1):
 par new generation   total 109248K, used 16536K [0x00000000e0000000, 0x00000000e8000000, 0x00000000e8000000)
  eden space 87424K,   0% used [0x00000000e0000000, 0x00000000e0000000, 0x00000000e5560000)
  from space 21824K,  75% used [0x00000000e5560000, 0x00000000e6586210, 0x00000000e6ab0000)
  to   space 21824K,   0% used [0x00000000e6ab0000, 0x00000000e6ab0000, 0x00000000e8000000)
 concurrent mark-sweep generation total 393216K, used 0K [0x00000000e8000000, 0x0000000100000000, 0x0000000100000000)
 Metaspace       used 24740K, capacity 25172K, committed 25468K, reserved 1071104K
  class space    used 2892K, capacity 3078K, committed 3196K, reserved 1048576K
}
2017-06-08T14:04:18.949+0200: 3,510: Total time for which application threads were stopped: 0,0162396 seconds, Stopping threads took: 0,0000832 seconds
{Heap before GC invocations=8 (full 1):
 par new generation   total 109248K, used 103960K [0x00000000e0000000, 0x00000000e8000000, 0x00000000e8000000)
  eden space 87424K, 100% used [0x00000000e0000000, 0x00000000e5560000, 0x00000000e5560000)
  from space 21824K,  75% used [0x00000000e5560000, 0x00000000e6586210, 0x00000000e6ab0000)
  to   space 21824K,   0% used [0x00000000e6ab0000, 0x00000000e6ab0000, 0x00000000e8000000)
 concurrent mark-sweep generation total 393216K, used 0K [0x00000000e8000000, 0x0000000100000000, 0x0000000100000000)
 Metaspace       used 25005K, capacity 25438K, committed 25724K, reserved 1071104K
  class space    used 2907K, capacity 3080K, committed 3196K, reserved 1048576K
2017-06-08T14:04:19.050+0200: 3,611: [GC (Allocation Failure) 2017-06-08T14:04:19.050+0200: 3,611: [ParNew
Desired survivor size 20112992 bytes, new threshold 8 (max 8)
- age   1:     981160 bytes,     981160 total
- age   2:     685952 bytes,    1667112 total
- age   3:    1782792 bytes,    3449904 total
- age   4:      14848 bytes,    3464752 total
- age   5:      52112 bytes,    3516864 total
- age   6:     104888 bytes,    3621752 total
- age   7:     199552 bytes,    3821304 total
- age   8:     767432 bytes,    4588736 total
: 103960K->8153K(109248K), 0,0282866 secs] 103960K->14189K(502464K), 0,0283687 secs] [Times: user=0,10 sys=0,00, real=0,03 secs] 
Heap after GC invocations=9 (full 1):
 par new generation   total 109248K, used 8153K [0x00000000e0000000, 0x00000000e8000000, 0x00000000e8000000)
  eden space 87424K,   0% used [0x00000000e0000000, 0x00000000e0000000, 0x00000000e5560000)
  from space 21824K,  37% used [0x00000000e6ab0000, 0x00000000e72a6770, 0x00000000e8000000)
  to   space 21824K,   0% used [0x00000000e5560000, 0x00000000e5560000, 0x00000000e6ab0000)
 concurrent mark-sweep generation total 393216K, used 6035K [0x00000000e8000000, 0x0000000100000000, 0x0000000100000000)
 Metaspace       used 25005K, capacity 25438K, committed 25724K, reserved 1071104K
  class space    used 2907K, capacity 3080K, committed 3196K, reserved 1048576K
}
2017-06-08T14:04:19.078+0200: 3,640: Total time for which application threads were stopped: 0,0285834 seconds, Stopping threads took: 0,0000538 seconds
2017-06-08T14:04:19.374+0200: 3,935: Total time for which application threads were stopped: 0,0006256 seconds, Stopping threads took: 0,0000473 seconds
2017-06-08T14:04:19.389+0200: 3,951: Total time for which application threads were stopped: 0,0004842 seconds, Stopping threads took: 0,0000325 seconds
2017-06-08T14:04:19.452+0200: 4,014: Total time for which application threads were stopped: 0,0004360 seconds, Stopping threads took: 0,0000199 seconds
2017-06-08T14:04:19.503+0200: 4,064: Total time for which application threads were stopped: 0,0005533 seconds, Stopping threads took: 0,0000274 seconds
2017-06-08T14:04:19.504+0200: 4,065: Total time for which application threads were stopped: 0,0001397 seconds, Stopping threads took: 0,0000435 seconds
2017-06-08T14:04:19.504+0200: 4,066: Total time for which application threads were stopped: 0,0001231 seconds, Stopping threads took: 0,0000340 seconds
2017-06-08T14:04:19.505+0200: 4,067: Total time for which application threads were stopped: 0,0001749 seconds, Stopping threads took: 0,0000622 seconds
2017-06-08T14:04:19.506+0200: 4,067: Total time for which application threads were stopped: 0,0000946 seconds, Stopping threads took: 0,0000270 seconds
2017-06-08T14:04:19.507+0200: 4,069: Total time for which application threads were stopped: 0,0001143 seconds, Stopping threads took: 0,0000325 seconds
2017-06-08T14:04:19.508+0200: 4,069: Total time for which application threads were stopped: 0,0001014 seconds, Stopping threads took: 0,0000273 seconds
2017-06-08T14:04:19.509+0200: 4,071: Total time for which application threads were stopped: 0,0001122 seconds, Stopping threads took: 0,0000310 seconds
2017-06-08T14:04:19.509+0200: 4,071: Total time for which application threads were stopped: 0,0001028 seconds, Stopping threads took: 0,0000276 seconds
2017-06-08T14:04:19.510+0200: 4,072: Total time for which application threads were stopped: 0,0001076 seconds, Stopping threads took: 0,0000295 seconds
2017-06-08T14:04:19.511+0200: 4,073: Total time for which application threads were stopped: 0,0001070 seconds, Stopping threads took: 0,0000279 seconds
2017-06-08T14:04:19.511+0200: 4,073: Total time for which application threads were stopped: 0,0000795 seconds, Stopping threads took: 0,0000236 seconds
2017-06-08T14:04:19.512+0200: 4,073: Total time for which application threads were stopped: 0,0000711 seconds, Stopping threads took: 0,0000179 seconds
2017-06-08T14:04:19.514+0200: 4,075: Total time for which application threads were stopped: 0,0020322 seconds, Stopping threads took: 0,0019386 seconds
2017-06-08T14:04:19.514+0200: 4,076: Total time for which application threads were stopped: 0,0001170 seconds, Stopping threads took: 0,0000322 seconds
2017-06-08T14:04:19.515+0200: 4,077: Total time for which application threads were stopped: 0,0000802 seconds, Stopping threads took: 0,0000257 seconds
2017-06-08T14:04:19.515+0200: 4,077: Total time for which application threads were stopped: 0,0001155 seconds, Stopping threads took: 0,0000524 seconds
2017-06-08T14:04:19.516+0200: 4,077: Total time for which application threads were stopped: 0,0001164 seconds, Stopping threads took: 0,0000325 seconds
2017-06-08T14:04:19.516+0200: 4,078: Total time for which application threads were stopped: 0,0001005 seconds, Stopping threads took: 0,0000284 seconds
2017-06-08T14:04:19.517+0200: 4,079: Total time for which application threads were stopped: 0,0001178 seconds, Stopping threads took: 0,0000327 seconds
2017-06-08T14:04:19.522+0200: 4,083: Total time for which application threads were stopped: 0,0011254 seconds, Stopping threads took: 0,0010510 seconds
2017-06-08T14:04:19.524+0200: 4,086: Total time for which application threads were stopped: 0,0002371 seconds, Stopping threads took: 0,0000604 seconds
2017-06-08T14:04:19.534+0200: 4,096: Total time for which application threads were stopped: 0,0004936 seconds, Stopping threads took: 0,0003567 seconds
2017-06-08T14:04:19.541+0200: 4,102: Total time for which application threads were stopped: 0,0047135 seconds, Stopping threads took: 0,0045975 seconds
2017-06-08T14:04:19.544+0200: 4,106: Total time for which application threads were stopped: 0,0001158 seconds, Stopping threads took: 0,0000412 seconds
2017-06-08T14:04:19.548+0200: 4,109: Total time for which application threads were stopped: 0,0001112 seconds, Stopping threads took: 0,0000347 seconds
2017-06-08T14:04:19.549+0200: 4,111: Total time for which application threads were stopped: 0,0012699 seconds, Stopping threads took: 0,0012076 seconds
2017-06-08T14:04:19.586+0200: 4,147: Total time for which application threads were stopped: 0,0041064 seconds, Stopping threads took: 0,0039969 seconds
2017-06-08T14:04:19.599+0200: 4,161: Total time for which application threads were stopped: 0,0004738 seconds, Stopping threads took: 0,0000559 seconds
2017-06-08T14:04:19.599+0200: 4,161: Total time for which application threads were stopped: 0,0000949 seconds, Stopping threads took: 0,0000203 seconds
2017-06-08T14:04:19.605+0200: 4,167: Total time for which application threads were stopped: 0,0001257 seconds, Stopping threads took: 0,0000431 seconds
2017-06-08T14:04:19.606+0200: 4,168: Total time for which application threads were stopped: 0,0000985 seconds, Stopping threads took: 0,0000270 seconds
2017-06-08T14:04:19.607+0200: 4,168: Total time for which application threads were stopped: 0,0000842 seconds, Stopping threads took: 0,0000314 seconds
2017-06-08T14:04:19.608+0200: 4,169: Total time for which application threads were stopped: 0,0000863 seconds, Stopping threads took: 0,0000254 seconds
2017-06-08T14:04:19.609+0200: 4,171: Total time for which application threads were stopped: 0,0000975 seconds, Stopping threads took: 0,0000235 seconds
2017-06-08T14:04:19.610+0200: 4,171: Total time for which application threads were stopped: 0,0000617 seconds, Stopping threads took: 0,0000143 seconds
2017-06-08T14:04:19.623+0200: 4,184: Total time for which application threads were stopped: 0,0002093 seconds, Stopping threads took: 0,0000969 seconds
2017-06-08T14:04:19.623+0200: 4,185: Total time for which application threads were stopped: 0,0000793 seconds, Stopping threads took: 0,0000244 seconds
2017-06-08T14:04:19.624+0200: 4,185: Total time for which application threads were stopped: 0,0000824 seconds, Stopping threads took: 0,0000159 seconds
2017-06-08T14:04:19.633+0200: 4,194: Total time for which application threads were stopped: 0,0000976 seconds, Stopping threads took: 0,0000237 seconds
2017-06-08T14:04:19.635+0200: 4,197: Total time for which application threads were stopped: 0,0001690 seconds, Stopping threads took: 0,0001047 seconds
2017-06-08T14:04:20.635+0200: 5,197: Total time for which application threads were stopped: 0,0000624 seconds, Stopping threads took: 0,0000166 seconds
2017-06-08T14:06:12.652+0200: 117,214: Total time for which application threads were stopped: 0,0000893 seconds, Stopping threads took: 0,0000302 seconds
2017-06-08T14:06:17.652+0200: 122,214: Total time for which application threads were stopped: 0,0000674 seconds, Stopping threads took: 0,0000155 seconds
2017-06-08T14:06:21.653+0200: 126,215: Total time for which application threads were stopped: 0,0000810 seconds, Stopping threads took: 0,0000319 seconds
{Heap before GC invocations=9 (full 1):
 par new generation   total 109248K, used 95577K [0x00000000e0000000, 0x00000000e8000000, 0x00000000e8000000)
  eden space 87424K, 100% used [0x00000000e0000000, 0x00000000e5560000, 0x00000000e5560000)
  from space 21824K,  37% used [0x00000000e6ab0000, 0x00000000e72a6770, 0x00000000e8000000)
  to   space 21824K,   0% used [0x00000000e5560000, 0x00000000e5560000, 0x00000000e6ab0000)
 concurrent mark-sweep generation total 393216K, used 6035K [0x00000000e8000000, 0x0000000100000000, 0x0000000100000000)
 Metaspace       used 28028K, capacity 28542K, committed 28796K, reserved 1075200K
  class space    used 3211K, capacity 3386K, committed 3452K, reserved 1048576K
2017-06-08T14:07:11.294+0200: 175,855: [GC (Allocation Failure) 2017-06-08T14:07:11.294+0200: 175,855: [ParNew
Desired survivor size 20112992 bytes, new threshold 8 (max 8)
- age   1:   10285080 bytes,   10285080 total
- age   2:     598072 bytes,   10883152 total
- age   3:     290976 bytes,   11174128 total
- age   4:    1778072 bytes,   12952200 total
- age   5:      14816 bytes,   12967016 total
- age   6:      52112 bytes,   13019128 total
- age   7:     104760 bytes,   13123888 total
- age   8:     199456 bytes,   13323344 total
: 95577K->14719K(109248K), 0,0122374 secs] 101613K->21599K(502464K), 0,0122942 secs] [Times: user=0,04 sys=0,00, real=0,02 secs] 
Heap after GC invocations=10 (full 1):
 par new generation   total 109248K, used 14719K [0x00000000e0000000, 0x00000000e8000000, 0x00000000e8000000)
  eden space 87424K,   0% used [0x00000000e0000000, 0x00000000e0000000, 0x00000000e5560000)
  from space 21824K,  67% used [0x00000000e5560000, 0x00000000e63bfe70, 0x00000000e6ab0000)
  to   space 21824K,   0% used [0x00000000e6ab0000, 0x00000000e6ab0000, 0x00000000e8000000)
 concurrent mark-sweep generation total 393216K, used 6880K [0x00000000e8000000, 0x0000000100000000, 0x0000000100000000)
 Metaspace       used 28028K, capacity 28542K, committed 28796K, reserved 1075200K
  class space    used 3211K, capacity 3386K, committed 3452K, reserved 1048576K
}
2017-06-08T14:07:11.306+0200: 175,868: Total time for which application threads were stopped: 0,0124974 seconds, Stopping threads took: 0,0000412 seconds
2017-06-08T14:07:16.307+0200: 180,868: Total time for which application threads were stopped: 0,0000657 seconds, Stopping threads took: 0,0000190 seconds
2017-06-08T14:08:51.316+0200: 275,877: Total time for which application threads were stopped: 0,0000898 seconds, Stopping threads took: 0,0000388 seconds
2017-06-08T14:16:19.107+0200: 723,669: Total time for which application threads were stopped: 0,0434065 seconds, Stopping threads took: 0,0432956 seconds
2017-06-08T14:16:19.115+0200: 723,677: Total time for which application threads were stopped: 0,0000999 seconds, Stopping threads took: 0,0000367 seconds
2017-06-08T14:16:19.155+0200: 723,716: Total time for which application threads were stopped: 0,0001010 seconds, Stopping threads took: 0,0000205 seconds
2017-06-08T14:16:19.174+0200: 723,735: Total time for which application threads were stopped: 0,0032287 seconds, Stopping threads took: 0,0031372 seconds
2017-06-08T14:16:19.178+0200: 723,739: Total time for which application threads were stopped: 0,0029333 seconds, Stopping threads took: 0,0027978 seconds
2017-06-08T14:16:19.182+0200: 723,744: Total time for which application threads were stopped: 0,0000714 seconds, Stopping threads took: 0,0000173 seconds
2017-06-08T14:16:19.183+0200: 723,745: Total time for which application threads were stopped: 0,0001011 seconds, Stopping threads took: 0,0000158 seconds
Heap
 par new generation   total 109248K, used 33041K [0x00000000e0000000, 0x00000000e8000000, 0x00000000e8000000)
  eden space 87424K,  20% used [0x00000000e0000000, 0x00000000e11e4690, 0x00000000e5560000)
  from space 21824K,  67% used [0x00000000e5560000, 0x00000000e63bfe70, 0x00000000e6ab0000)
  to   space 21824K,   0% used [0x00000000e6ab0000, 0x00000000e6ab0000, 0x00000000e8000000)
 concurrent mark-sweep generation total 393216K, used 6880K [0x00000000e8000000, 0x0000000100000000, 0x0000000100000000)
 Metaspace       used 28139K, capacity 28710K, committed 29052K, reserved 1075200K
  class space    used 3225K, capacity 3420K, committed 3452K, reserved 1048576K
