OpenJDK 64-Bit Server VM (25.131-b11) for linux-amd64 JRE (1.8.0_131-8u131-b11-0ubuntu1.16.04.2-b11), built on May  6 2017 02:45:27 by "buildd" with gcc 5.4.0 20160609
Memory: 4k page, physical 7867740k(7391420k free), swap 8076284k(8076284k free)
CommandLine flags: -XX:CMSInitiatingOccupancyFraction=50 -XX:CMSMaxAbortablePrecleanTime=6000 -XX:+CMSParallelRemarkEnabled -XX:+CMSScavengeBeforeRemark -XX:ConcGCThreads=4 -XX:InitialHeapSize=536870912 -XX:MaxHeapSize=536870912 -XX:MaxTenuringThreshold=8 -XX:NewRatio=3 -XX:OldPLABSize=16 -XX:OnOutOfMemoryError=/opt/solr/bin/oom_solr.sh 8983 /var/solr/logs -XX:ParallelGCThreads=4 -XX:+ParallelRefProcEnabled -XX:PretenureSizeThreshold=67108864 -XX:+PrintGC -XX:+PrintGCApplicationStoppedTime -XX:+PrintGCDateStamps -XX:+PrintGCDetails -XX:+PrintGCTimeStamps -XX:+PrintHeapAtGC -XX:+PrintTenuringDistribution -XX:SurvivorRatio=4 -XX:TargetSurvivorRatio=90 -XX:ThreadStackSize=256 -XX:+UseCMSInitiatingOccupancyOnly -XX:+UseCompressedClassPointers -XX:+UseCompressedOops -XX:+UseConcMarkSweepGC -XX:+UseParNewGC 
2017-05-28T01:57:35.565+0200: 0,133: Total time for which application threads were stopped: 0,0000763 seconds, Stopping threads took: 0,0000116 seconds
2017-05-28T01:57:35.641+0200: 0,209: Total time for which application threads were stopped: 0,0001455 seconds, Stopping threads took: 0,0000336 seconds
2017-05-28T01:57:35.659+0200: 0,227: Total time for which application threads were stopped: 0,0001033 seconds, Stopping threads took: 0,0000105 seconds
2017-05-28T01:57:35.896+0200: 0,464: Total time for which application threads were stopped: 0,0001088 seconds, Stopping threads took: 0,0000121 seconds
2017-05-28T01:57:36.427+0200: 0,994: Total time for which application threads were stopped: 0,0001569 seconds, Stopping threads took: 0,0000215 seconds
2017-05-28T01:57:36.625+0200: 1,193: Total time for which application threads were stopped: 0,0002039 seconds, Stopping threads took: 0,0000301 seconds
2017-05-28T01:57:36.696+0200: 1,263: Total time for which application threads were stopped: 0,0002174 seconds, Stopping threads took: 0,0000408 seconds
2017-05-28T01:57:36.966+0200: 1,534: Total time for which application threads were stopped: 0,0001985 seconds, Stopping threads took: 0,0000154 seconds
2017-05-28T01:57:37.214+0200: 1,781: Total time for which application threads were stopped: 0,0002037 seconds, Stopping threads took: 0,0000161 seconds
2017-05-28T01:57:37.236+0200: 1,804: Total time for which application threads were stopped: 0,0002153 seconds, Stopping threads took: 0,0000255 seconds
2017-05-28T01:57:37.279+0200: 1,847: Total time for which application threads were stopped: 0,0003112 seconds, Stopping threads took: 0,0000215 seconds
2017-05-28T01:57:37.280+0200: 1,848: Total time for which application threads were stopped: 0,0002048 seconds, Stopping threads took: 0,0000184 seconds
2017-05-28T01:57:37.299+0200: 1,866: Total time for which application threads were stopped: 0,0001683 seconds, Stopping threads took: 0,0000183 seconds
2017-05-28T01:57:37.400+0200: 1,967: Total time for which application threads were stopped: 0,0002488 seconds, Stopping threads took: 0,0000216 seconds
2017-05-28T01:57:37.601+0200: 2,169: Total time for which application threads were stopped: 0,0002424 seconds, Stopping threads took: 0,0000339 seconds
{Heap before GC invocations=0 (full 0):
 par new generation   total 109248K, used 87424K [0x00000000e0000000, 0x00000000e8000000, 0x00000000e8000000)
  eden space 87424K, 100% used [0x00000000e0000000, 0x00000000e5560000, 0x00000000e5560000)
  from space 21824K,   0% used [0x00000000e5560000, 0x00000000e5560000, 0x00000000e6ab0000)
  to   space 21824K,   0% used [0x00000000e6ab0000, 0x00000000e6ab0000, 0x00000000e8000000)
 concurrent mark-sweep generation total 393216K, used 0K [0x00000000e8000000, 0x0000000100000000, 0x0000000100000000)
 Metaspace       used 18045K, capacity 18336K, committed 18688K, reserved 1064960K
  class space    used 2040K, capacity 2196K, committed 2304K, reserved 1048576K
2017-05-28T01:57:37.689+0200: 2,257: [GC (Allocation Failure) 2017-05-28T01:57:37.689+0200: 2,257: [ParNew
Desired survivor size 20112992 bytes, new threshold 8 (max 8)
- age   1:   12611096 bytes,   12611096 total
: 87424K->12428K(109248K), 0,0160548 secs] 87424K->12428K(502464K), 0,0161396 secs] [Times: user=0,05 sys=0,02, real=0,02 secs] 
Heap after GC invocations=1 (full 0):
 par new generation   total 109248K, used 12428K [0x00000000e0000000, 0x00000000e8000000, 0x00000000e8000000)
  eden space 87424K,   0% used [0x00000000e0000000, 0x00000000e0000000, 0x00000000e5560000)
  from space 21824K,  56% used [0x00000000e6ab0000, 0x00000000e76d3260, 0x00000000e8000000)
  to   space 21824K,   0% used [0x00000000e5560000, 0x00000000e5560000, 0x00000000e6ab0000)
 concurrent mark-sweep generation total 393216K, used 0K [0x00000000e8000000, 0x0000000100000000, 0x0000000100000000)
 Metaspace       used 18045K, capacity 18336K, committed 18688K, reserved 1064960K
  class space    used 2040K, capacity 2196K, committed 2304K, reserved 1048576K
}
2017-05-28T01:57:37.705+0200: 2,273: Total time for which application threads were stopped: 0,0163663 seconds, Stopping threads took: 0,0000575 seconds
2017-05-28T01:57:38.001+0200: 2,569: Total time for which application threads were stopped: 0,0003355 seconds, Stopping threads took: 0,0000447 seconds
{Heap before GC invocations=1 (full 0):
 par new generation   total 109248K, used 99852K [0x00000000e0000000, 0x00000000e8000000, 0x00000000e8000000)
  eden space 87424K, 100% used [0x00000000e0000000, 0x00000000e5560000, 0x00000000e5560000)
  from space 21824K,  56% used [0x00000000e6ab0000, 0x00000000e76d3260, 0x00000000e8000000)
  to   space 21824K,   0% used [0x00000000e5560000, 0x00000000e5560000, 0x00000000e6ab0000)
 concurrent mark-sweep generation total 393216K, used 0K [0x00000000e8000000, 0x0000000100000000, 0x0000000100000000)
 Metaspace       used 20048K, capacity 20370K, committed 20736K, reserved 1067008K
  class space    used 2297K, capacity 2471K, committed 2560K, reserved 1048576K
2017-05-28T01:57:38.039+0200: 2,606: [GC (Allocation Failure) 2017-05-28T01:57:38.039+0200: 2,606: [ParNew
Desired survivor size 20112992 bytes, new threshold 8 (max 8)
- age   1:    3486984 bytes,    3486984 total
- age   2:    6667504 bytes,   10154488 total
: 99852K->13774K(109248K), 0,0185955 secs] 99852K->13774K(502464K), 0,0186643 secs] [Times: user=0,05 sys=0,01, real=0,02 secs] 
Heap after GC invocations=2 (full 0):
 par new generation   total 109248K, used 13774K [0x00000000e0000000, 0x00000000e8000000, 0x00000000e8000000)
  eden space 87424K,   0% used [0x00000000e0000000, 0x00000000e0000000, 0x00000000e5560000)
  from space 21824K,  63% used [0x00000000e5560000, 0x00000000e62d3890, 0x00000000e6ab0000)
  to   space 21824K,   0% used [0x00000000e6ab0000, 0x00000000e6ab0000, 0x00000000e8000000)
 concurrent mark-sweep generation total 393216K, used 0K [0x00000000e8000000, 0x0000000100000000, 0x0000000100000000)
 Metaspace       used 20048K, capacity 20370K, committed 20736K, reserved 1067008K
  class space    used 2297K, capacity 2471K, committed 2560K, reserved 1048576K
}
2017-05-28T01:57:38.057+0200: 2,625: Total time for which application threads were stopped: 0,0197067 seconds, Stopping threads took: 0,0008925 seconds
2017-05-28T01:57:38.061+0200: 2,629: Total time for which application threads were stopped: 0,0034787 seconds, Stopping threads took: 0,0032374 seconds
2017-05-28T01:57:38.110+0200: 2,677: Total time for which application threads were stopped: 0,0060761 seconds, Stopping threads took: 0,0057267 seconds
2017-05-28T01:57:38.245+0200: 2,813: Total time for which application threads were stopped: 0,0001816 seconds, Stopping threads took: 0,0000420 seconds
{Heap before GC invocations=2 (full 0):
 par new generation   total 109248K, used 101198K [0x00000000e0000000, 0x00000000e8000000, 0x00000000e8000000)
  eden space 87424K, 100% used [0x00000000e0000000, 0x00000000e5560000, 0x00000000e5560000)
  from space 21824K,  63% used [0x00000000e5560000, 0x00000000e62d3890, 0x00000000e6ab0000)
  to   space 21824K,   0% used [0x00000000e6ab0000, 0x00000000e6ab0000, 0x00000000e8000000)
 concurrent mark-sweep generation total 393216K, used 0K [0x00000000e8000000, 0x0000000100000000, 0x0000000100000000)
 Metaspace       used 20989K, capacity 21356K, committed 21628K, reserved 1069056K
  class space    used 2418K, capacity 2590K, committed 2684K, reserved 1048576K
2017-05-28T01:57:38.287+0200: 2,854: [GC (Allocation Failure) 2017-05-28T01:57:38.287+0200: 2,854: [ParNew
Desired survivor size 20112992 bytes, new threshold 8 (max 8)
- age   1:    2092704 bytes,    2092704 total
- age   2:     852616 bytes,    2945320 total
- age   3:    6663696 bytes,    9609016 total
: 101198K->11372K(109248K), 0,0097083 secs] 101198K->11372K(502464K), 0,0097913 secs] [Times: user=0,04 sys=0,00, real=0,01 secs] 
Heap after GC invocations=3 (full 0):
 par new generation   total 109248K, used 11372K [0x00000000e0000000, 0x00000000e8000000, 0x00000000e8000000)
  eden space 87424K,   0% used [0x00000000e0000000, 0x00000000e0000000, 0x00000000e5560000)
  from space 21824K,  52% used [0x00000000e6ab0000, 0x00000000e75cb300, 0x00000000e8000000)
  to   space 21824K,   0% used [0x00000000e5560000, 0x00000000e5560000, 0x00000000e6ab0000)
 concurrent mark-sweep generation total 393216K, used 0K [0x00000000e8000000, 0x0000000100000000, 0x0000000100000000)
 Metaspace       used 20989K, capacity 21356K, committed 21628K, reserved 1069056K
  class space    used 2418K, capacity 2590K, committed 2684K, reserved 1048576K
}
2017-05-28T01:57:38.296+0200: 2,864: Total time for which application threads were stopped: 0,0122623 seconds, Stopping threads took: 0,0023053 seconds
2017-05-28T01:57:38.297+0200: 2,864: [GC (CMS Initial Mark) [1 CMS-initial-mark: 0K(393216K)] 12089K(502464K), 0,0035731 secs] [Times: user=0,01 sys=0,00, real=0,00 secs] 
2017-05-28T01:57:38.300+0200: 2,868: Total time for which application threads were stopped: 0,0037296 seconds, Stopping threads took: 0,0000503 seconds
2017-05-28T01:57:38.300+0200: 2,868: [CMS-concurrent-mark-start]
2017-05-28T01:57:38.301+0200: 2,869: [CMS-concurrent-mark: 0,001/0,001 secs] [Times: user=0,00 sys=0,00, real=0,00 secs] 
2017-05-28T01:57:38.301+0200: 2,869: [CMS-concurrent-preclean-start]
2017-05-28T01:57:38.302+0200: 2,870: [CMS-concurrent-preclean: 0,001/0,001 secs] [Times: user=0,01 sys=0,00, real=0,00 secs] 
2017-05-28T01:57:38.302+0200: 2,870: [CMS-concurrent-abortable-preclean-start]
2017-05-28T01:57:38.374+0200: 2,942: Total time for which application threads were stopped: 0,0021098 seconds, Stopping threads took: 0,0019857 seconds
{Heap before GC invocations=3 (full 1):
 par new generation   total 109248K, used 98796K [0x00000000e0000000, 0x00000000e8000000, 0x00000000e8000000)
  eden space 87424K, 100% used [0x00000000e0000000, 0x00000000e5560000, 0x00000000e5560000)
  from space 21824K,  52% used [0x00000000e6ab0000, 0x00000000e75cb300, 0x00000000e8000000)
  to   space 21824K,   0% used [0x00000000e5560000, 0x00000000e5560000, 0x00000000e6ab0000)
 concurrent mark-sweep generation total 393216K, used 0K [0x00000000e8000000, 0x0000000100000000, 0x0000000100000000)
 Metaspace       used 21267K, capacity 21624K, committed 21884K, reserved 1069056K
  class space    used 2447K, capacity 2604K, committed 2684K, reserved 1048576K
2017-05-28T01:57:38.419+0200: 2,987: [GC (Allocation Failure) 2017-05-28T01:57:38.419+0200: 2,987: [ParNew
Desired survivor size 20112992 bytes, new threshold 8 (max 8)
- age   1:     525424 bytes,     525424 total
- age   2:    1455688 bytes,    1981112 total
- age   3:     817400 bytes,    2798512 total
- age   4:    6663528 bytes,    9462040 total
: 98796K->14803K(109248K), 0,0142833 secs] 98796K->14803K(502464K), 0,0143455 secs] [Times: user=0,05 sys=0,00, real=0,02 secs] 
Heap after GC invocations=4 (full 1):
 par new generation   total 109248K, used 14803K [0x00000000e0000000, 0x00000000e8000000, 0x00000000e8000000)
  eden space 87424K,   0% used [0x00000000e0000000, 0x00000000e0000000, 0x00000000e5560000)
  from space 21824K,  67% used [0x00000000e5560000, 0x00000000e63d4f30, 0x00000000e6ab0000)
  to   space 21824K,   0% used [0x00000000e6ab0000, 0x00000000e6ab0000, 0x00000000e8000000)
 concurrent mark-sweep generation total 393216K, used 0K [0x00000000e8000000, 0x0000000100000000, 0x0000000100000000)
 Metaspace       used 21267K, capacity 21624K, committed 21884K, reserved 1069056K
  class space    used 2447K, capacity 2604K, committed 2684K, reserved 1048576K
}
2017-05-28T01:57:38.433+0200: 3,001: Total time for which application threads were stopped: 0,0145527 seconds, Stopping threads took: 0,0000755 seconds
2017-05-28T01:57:38.433+0200: 3,001: [CMS-concurrent-abortable-preclean: 0,071/0,131 secs] [Times: user=0,48 sys=0,01, real=0,14 secs] 
2017-05-28T01:57:38.439+0200: 3,006: [GC (CMS Final Remark) [YG occupancy: 20525 K (109248 K)]{Heap before GC invocations=4 (full 1):
 par new generation   total 109248K, used 20525K [0x00000000e0000000, 0x00000000e8000000, 0x00000000e8000000)
  eden space 87424K,   6% used [0x00000000e0000000, 0x00000000e0596718, 0x00000000e5560000)
  from space 21824K,  67% used [0x00000000e5560000, 0x00000000e63d4f30, 0x00000000e6ab0000)
  to   space 21824K,   0% used [0x00000000e6ab0000, 0x00000000e6ab0000, 0x00000000e8000000)
 concurrent mark-sweep generation total 393216K, used 0K [0x00000000e8000000, 0x0000000100000000, 0x0000000100000000)
 Metaspace       used 21267K, capacity 21624K, committed 21884K, reserved 1069056K
  class space    used 2447K, capacity 2604K, committed 2684K, reserved 1048576K
2017-05-28T01:57:38.439+0200: 3,006: [GC (CMS Final Remark) 2017-05-28T01:57:38.439+0200: 3,006: [ParNew
Desired survivor size 20112992 bytes, new threshold 8 (max 8)
- age   1:     973600 bytes,     973600 total
- age   2:     196440 bytes,    1170040 total
- age   3:    1450480 bytes,    2620520 total
- age   4:     817400 bytes,    3437920 total
- age   5:    6663632 bytes,   10101552 total
: 20525K->12168K(109248K), 0,0097601 secs] 20525K->12168K(502464K), 0,0098051 secs] [Times: user=0,04 sys=0,00, real=0,01 secs] 
Heap after GC invocations=5 (full 1):
 par new generation   total 109248K, used 12168K [0x00000000e0000000, 0x00000000e8000000, 0x00000000e8000000)
  eden space 87424K,   0% used [0x00000000e0000000, 0x00000000e0000000, 0x00000000e5560000)
  from space 21824K,  55% used [0x00000000e6ab0000, 0x00000000e76921f8, 0x00000000e8000000)
  to   space 21824K,   0% used [0x00000000e5560000, 0x00000000e5560000, 0x00000000e6ab0000)
 concurrent mark-sweep generation total 393216K, used 0K [0x00000000e8000000, 0x0000000100000000, 0x0000000100000000)
 Metaspace       used 21267K, capacity 21624K, committed 21884K, reserved 1069056K
  class space    used 2447K, capacity 2604K, committed 2684K, reserved 1048576K
}
2017-05-28T01:57:38.448+0200: 3,016: [Rescan (parallel) , 0,0047735 secs]2017-05-28T01:57:38.453+0200: 3,021: [weak refs processing, 0,0013441 secs]2017-05-28T01:57:38.455+0200: 3,022: [class unloading, 0,0029126 secs]2017-05-28T01:57:38.458+0200: 3,025: [scrub symbol table, 0,0029143 secs]2017-05-28T01:57:38.460+0200: 3,028: [scrub string table, 0,0003650 secs][1 CMS-remark: 0K(393216K)] 12168K(502464K), 0,0227775 secs] [Times: user=0,07 sys=0,00, real=0,02 secs] 
2017-05-28T01:57:38.461+0200: 3,029: Total time for which application threads were stopped: 0,0229026 seconds, Stopping threads took: 0,0000473 seconds
2017-05-28T01:57:38.461+0200: 3,029: [CMS-concurrent-sweep-start]
2017-05-28T01:57:38.462+0200: 3,029: [CMS-concurrent-sweep: 0,000/0,000 secs] [Times: user=0,00 sys=0,00, real=0,00 secs] 
2017-05-28T01:57:38.462+0200: 3,029: [CMS-concurrent-reset-start]
2017-05-28T01:57:38.464+0200: 3,032: [CMS-concurrent-reset: 0,002/0,002 secs] [Times: user=0,00 sys=0,01, real=0,01 secs] 
{Heap before GC invocations=5 (full 1):
 par new generation   total 109248K, used 99592K [0x00000000e0000000, 0x00000000e8000000, 0x00000000e8000000)
  eden space 87424K, 100% used [0x00000000e0000000, 0x00000000e5560000, 0x00000000e5560000)
  from space 21824K,  55% used [0x00000000e6ab0000, 0x00000000e76921f8, 0x00000000e8000000)
  to   space 21824K,   0% used [0x00000000e5560000, 0x00000000e5560000, 0x00000000e6ab0000)
 concurrent mark-sweep generation total 393216K, used 0K [0x00000000e8000000, 0x0000000100000000, 0x0000000100000000)
 Metaspace       used 21433K, capacity 21802K, committed 21884K, reserved 1069056K
  class space    used 2469K, capacity 2639K, committed 2684K, reserved 1048576K
2017-05-28T01:57:38.550+0200: 3,117: [GC (Allocation Failure) 2017-05-28T01:57:38.550+0200: 3,117: [ParNew
Desired survivor size 20112992 bytes, new threshold 8 (max 8)
- age   1:     968840 bytes,     968840 total
- age   2:       3904 bytes,     972744 total
- age   3:     192152 bytes,    1164896 total
- age   4:    1449592 bytes,    2614488 total
- age   5:     817288 bytes,    3431776 total
- age   6:    6663592 bytes,   10095368 total
: 99592K->14883K(109248K), 0,0095932 secs] 99592K->14883K(502464K), 0,0096638 secs] [Times: user=0,03 sys=0,00, real=0,01 secs] 
Heap after GC invocations=6 (full 1):
 par new generation   total 109248K, used 14883K [0x00000000e0000000, 0x00000000e8000000, 0x00000000e8000000)
  eden space 87424K,   0% used [0x00000000e0000000, 0x00000000e0000000, 0x00000000e5560000)
  from space 21824K,  68% used [0x00000000e5560000, 0x00000000e63e8d08, 0x00000000e6ab0000)
  to   space 21824K,   0% used [0x00000000e6ab0000, 0x00000000e6ab0000, 0x00000000e8000000)
 concurrent mark-sweep generation total 393216K, used 0K [0x00000000e8000000, 0x0000000100000000, 0x0000000100000000)
 Metaspace       used 21433K, capacity 21802K, committed 21884K, reserved 1069056K
  class space    used 2469K, capacity 2639K, committed 2684K, reserved 1048576K
}
2017-05-28T01:57:38.559+0200: 3,127: Total time for which application threads were stopped: 0,0105174 seconds, Stopping threads took: 0,0007017 seconds
2017-05-28T01:57:38.585+0200: 3,152: Total time for which application threads were stopped: 0,0003322 seconds, Stopping threads took: 0,0000253 seconds
2017-05-28T01:57:38.825+0200: 3,393: Total time for which application threads were stopped: 0,0005568 seconds, Stopping threads took: 0,0000511 seconds
2017-05-28T01:57:38.842+0200: 3,410: Total time for which application threads were stopped: 0,0004551 seconds, Stopping threads took: 0,0000504 seconds
{Heap before GC invocations=6 (full 1):
 par new generation   total 109248K, used 102307K [0x00000000e0000000, 0x00000000e8000000, 0x00000000e8000000)
  eden space 87424K, 100% used [0x00000000e0000000, 0x00000000e5560000, 0x00000000e5560000)
  from space 21824K,  68% used [0x00000000e5560000, 0x00000000e63e8d08, 0x00000000e6ab0000)
  to   space 21824K,   0% used [0x00000000e6ab0000, 0x00000000e6ab0000, 0x00000000e8000000)
 concurrent mark-sweep generation total 393216K, used 0K [0x00000000e8000000, 0x0000000100000000, 0x0000000100000000)
 Metaspace       used 24008K, capacity 24460K, committed 24572K, reserved 1071104K
  class space    used 2833K, capacity 3014K, committed 3068K, reserved 1048576K
2017-05-28T01:57:39.038+0200: 3,606: [GC (Allocation Failure) 2017-05-28T01:57:39.038+0200: 3,606: [ParNew
Desired survivor size 20112992 bytes, new threshold 8 (max 8)
- age   1:    5478168 bytes,    5478168 total
- age   2:     138480 bytes,    5616648 total
- age   3:       3904 bytes,    5620552 total
- age   4:     191280 bytes,    5811832 total
- age   5:     280376 bytes,    6092208 total
- age   6:     792992 bytes,    6885200 total
- age   7:    6655264 bytes,   13540464 total
: 102307K->14920K(109248K), 0,0351169 secs] 102307K->14920K(502464K), 0,0352006 secs] [Times: user=0,10 sys=0,00, real=0,04 secs] 
Heap after GC invocations=7 (full 1):
 par new generation   total 109248K, used 14920K [0x00000000e0000000, 0x00000000e8000000, 0x00000000e8000000)
  eden space 87424K,   0% used [0x00000000e0000000, 0x00000000e0000000, 0x00000000e5560000)
  from space 21824K,  68% used [0x00000000e6ab0000, 0x00000000e79420f8, 0x00000000e8000000)
  to   space 21824K,   0% used [0x00000000e5560000, 0x00000000e5560000, 0x00000000e6ab0000)
 concurrent mark-sweep generation total 393216K, used 0K [0x00000000e8000000, 0x0000000100000000, 0x0000000100000000)
 Metaspace       used 24008K, capacity 24460K, committed 24572K, reserved 1071104K
  class space    used 2833K, capacity 3014K, committed 3068K, reserved 1048576K
}
2017-05-28T01:57:39.074+0200: 3,641: Total time for which application threads were stopped: 0,0417469 seconds, Stopping threads took: 0,0062396 seconds
{Heap before GC invocations=7 (full 1):
 par new generation   total 109248K, used 102344K [0x00000000e0000000, 0x00000000e8000000, 0x00000000e8000000)
  eden space 87424K, 100% used [0x00000000e0000000, 0x00000000e5560000, 0x00000000e5560000)
  from space 21824K,  68% used [0x00000000e6ab0000, 0x00000000e79420f8, 0x00000000e8000000)
  to   space 21824K,   0% used [0x00000000e5560000, 0x00000000e5560000, 0x00000000e6ab0000)
 concurrent mark-sweep generation total 393216K, used 0K [0x00000000e8000000, 0x0000000100000000, 0x0000000100000000)
 Metaspace       used 24573K, capacity 25042K, committed 25212K, reserved 1071104K
  class space    used 2873K, capacity 3079K, committed 3196K, reserved 1048576K
2017-05-28T01:57:39.205+0200: 3,773: [GC (Allocation Failure) 2017-05-28T01:57:39.205+0200: 3,773: [ParNew
Desired survivor size 20112992 bytes, new threshold 8 (max 8)
- age   1:    1797968 bytes,    1797968 total
- age   2:    1828032 bytes,    3626000 total
- age   3:      58256 bytes,    3684256 total
- age   4:       1840 bytes,    3686096 total
- age   5:     106400 bytes,    3792496 total
- age   6:     180952 bytes,    3973448 total
- age   7:     750760 bytes,    4724208 total
- age   8:    6122264 bytes,   10846472 total
: 102344K->19363K(109248K), 0,0106107 secs] 102344K->19363K(502464K), 0,0106918 secs] [Times: user=0,04 sys=0,00, real=0,01 secs] 
Heap after GC invocations=8 (full 1):
 par new generation   total 109248K, used 19363K [0x00000000e0000000, 0x00000000e8000000, 0x00000000e8000000)
  eden space 87424K,   0% used [0x00000000e0000000, 0x00000000e0000000, 0x00000000e5560000)
  from space 21824K,  88% used [0x00000000e5560000, 0x00000000e6848f00, 0x00000000e6ab0000)
  to   space 21824K,   0% used [0x00000000e6ab0000, 0x00000000e6ab0000, 0x00000000e8000000)
 concurrent mark-sweep generation total 393216K, used 0K [0x00000000e8000000, 0x0000000100000000, 0x0000000100000000)
 Metaspace       used 24573K, capacity 25042K, committed 25212K, reserved 1071104K
  class space    used 2873K, capacity 3079K, committed 3196K, reserved 1048576K
}
2017-05-28T01:57:39.216+0200: 3,783: Total time for which application threads were stopped: 0,0171893 seconds, Stopping threads took: 0,0063007 seconds
{Heap before GC invocations=8 (full 1):
 par new generation   total 109248K, used 106787K [0x00000000e0000000, 0x00000000e8000000, 0x00000000e8000000)
  eden space 87424K, 100% used [0x00000000e0000000, 0x00000000e5560000, 0x00000000e5560000)
  from space 21824K,  88% used [0x00000000e5560000, 0x00000000e6848f00, 0x00000000e6ab0000)
  to   space 21824K,   0% used [0x00000000e6ab0000, 0x00000000e6ab0000, 0x00000000e8000000)
 concurrent mark-sweep generation total 393216K, used 0K [0x00000000e8000000, 0x0000000100000000, 0x0000000100000000)
 Metaspace       used 25040K, capacity 25516K, committed 25724K, reserved 1071104K
  class space    used 2910K, capacity 3084K, committed 3196K, reserved 1048576K
2017-05-28T01:57:39.333+0200: 3,901: [GC (Allocation Failure) 2017-05-28T01:57:39.333+0200: 3,901: [ParNew
Desired survivor size 20112992 bytes, new threshold 8 (max 8)
- age   1:     774952 bytes,     774952 total
- age   2:    1034120 bytes,    1809072 total
- age   3:    1794552 bytes,    3603624 total
- age   4:      58256 bytes,    3661880 total
- age   5:       1840 bytes,    3663720 total
- age   6:     103720 bytes,    3767440 total
- age   7:     180456 bytes,    3947896 total
- age   8:     750024 bytes,    4697920 total
: 106787K->5940K(109248K), 0,0347202 secs] 106787K->12001K(502464K), 0,0347920 secs] [Times: user=0,09 sys=0,00, real=0,03 secs] 
Heap after GC invocations=9 (full 1):
 par new generation   total 109248K, used 5940K [0x00000000e0000000, 0x00000000e8000000, 0x00000000e8000000)
  eden space 87424K,   0% used [0x00000000e0000000, 0x00000000e0000000, 0x00000000e5560000)
  from space 21824K,  27% used [0x00000000e6ab0000, 0x00000000e707d168, 0x00000000e8000000)
  to   space 21824K,   0% used [0x00000000e5560000, 0x00000000e5560000, 0x00000000e6ab0000)
 concurrent mark-sweep generation total 393216K, used 6061K [0x00000000e8000000, 0x0000000100000000, 0x0000000100000000)
 Metaspace       used 25040K, capacity 25516K, committed 25724K, reserved 1071104K
  class space    used 2910K, capacity 3084K, committed 3196K, reserved 1048576K
}
2017-05-28T01:57:39.368+0200: 3,935: Total time for which application threads were stopped: 0,0350415 seconds, Stopping threads took: 0,0000671 seconds
2017-05-28T01:57:39.487+0200: 4,054: Total time for which application threads were stopped: 0,0037977 seconds, Stopping threads took: 0,0034885 seconds
2017-05-28T01:57:39.518+0200: 4,086: Total time for which application threads were stopped: 0,0019965 seconds, Stopping threads took: 0,0019193 seconds
2017-05-28T01:57:39.546+0200: 4,114: Total time for which application threads were stopped: 0,0033702 seconds, Stopping threads took: 0,0032660 seconds
2017-05-28T01:57:39.547+0200: 4,115: Total time for which application threads were stopped: 0,0002311 seconds, Stopping threads took: 0,0001625 seconds
2017-05-28T01:57:39.549+0200: 4,117: Total time for which application threads were stopped: 0,0012886 seconds, Stopping threads took: 0,0012314 seconds
2017-05-28T01:57:39.550+0200: 4,118: Total time for which application threads were stopped: 0,0001809 seconds, Stopping threads took: 0,0001247 seconds
2017-05-28T01:57:39.556+0200: 4,124: Total time for which application threads were stopped: 0,0028432 seconds, Stopping threads took: 0,0027517 seconds
2017-05-28T01:57:39.574+0200: 4,142: Total time for which application threads were stopped: 0,0001252 seconds, Stopping threads took: 0,0000366 seconds
2017-05-28T01:57:39.579+0200: 4,147: Total time for which application threads were stopped: 0,0003695 seconds, Stopping threads took: 0,0000213 seconds
2017-05-28T01:57:39.581+0200: 4,148: Total time for which application threads were stopped: 0,0000947 seconds, Stopping threads took: 0,0000248 seconds
2017-05-28T01:57:39.583+0200: 4,150: Total time for which application threads were stopped: 0,0000920 seconds, Stopping threads took: 0,0000241 seconds
2017-05-28T01:57:39.590+0200: 4,158: Total time for which application threads were stopped: 0,0002997 seconds, Stopping threads took: 0,0002004 seconds
2017-05-28T01:57:39.593+0200: 4,161: Total time for which application threads were stopped: 0,0001165 seconds, Stopping threads took: 0,0000336 seconds
2017-05-28T01:57:39.594+0200: 4,162: Total time for which application threads were stopped: 0,0004288 seconds, Stopping threads took: 0,0000907 seconds
2017-05-28T01:57:39.597+0200: 4,165: Total time for which application threads were stopped: 0,0001232 seconds, Stopping threads took: 0,0000384 seconds
2017-05-28T01:57:39.599+0200: 4,166: Total time for which application threads were stopped: 0,0000933 seconds, Stopping threads took: 0,0000182 seconds
2017-05-28T01:57:39.601+0200: 4,168: Total time for which application threads were stopped: 0,0000846 seconds, Stopping threads took: 0,0000146 seconds
2017-05-28T01:57:39.602+0200: 4,170: Total time for which application threads were stopped: 0,0001847 seconds, Stopping threads took: 0,0000918 seconds
2017-05-28T01:57:39.604+0200: 4,172: Total time for which application threads were stopped: 0,0000999 seconds, Stopping threads took: 0,0000277 seconds
2017-05-28T01:57:39.605+0200: 4,173: Total time for which application threads were stopped: 0,0000931 seconds, Stopping threads took: 0,0000271 seconds
2017-05-28T01:57:39.606+0200: 4,174: Total time for which application threads were stopped: 0,0001274 seconds, Stopping threads took: 0,0000623 seconds
2017-05-28T01:57:39.631+0200: 4,199: Total time for which application threads were stopped: 0,0001510 seconds, Stopping threads took: 0,0000354 seconds
2017-05-28T01:57:39.632+0200: 4,200: Total time for which application threads were stopped: 0,0001062 seconds, Stopping threads took: 0,0000411 seconds
2017-05-28T01:57:39.633+0200: 4,201: Total time for which application threads were stopped: 0,0001137 seconds, Stopping threads took: 0,0000366 seconds
2017-05-28T01:57:39.637+0200: 4,205: Total time for which application threads were stopped: 0,0001228 seconds, Stopping threads took: 0,0000415 seconds
2017-05-28T01:57:39.638+0200: 4,205: Total time for which application threads were stopped: 0,0003481 seconds, Stopping threads took: 0,0000166 seconds
2017-05-28T01:57:39.638+0200: 4,206: Total time for which application threads were stopped: 0,0002214 seconds, Stopping threads took: 0,0000936 seconds
2017-05-28T01:57:39.643+0200: 4,210: Total time for which application threads were stopped: 0,0001176 seconds, Stopping threads took: 0,0000395 seconds
2017-05-28T01:57:39.647+0200: 4,214: Total time for which application threads were stopped: 0,0001650 seconds, Stopping threads took: 0,0000507 seconds
2017-05-28T01:57:39.652+0200: 4,219: Total time for which application threads were stopped: 0,0001359 seconds, Stopping threads took: 0,0000377 seconds
2017-05-28T01:57:39.659+0200: 4,226: Total time for which application threads were stopped: 0,0000983 seconds, Stopping threads took: 0,0000250 seconds
2017-05-28T01:57:39.659+0200: 4,227: Total time for which application threads were stopped: 0,0000839 seconds, Stopping threads took: 0,0000225 seconds
2017-05-28T01:57:39.660+0200: 4,227: Total time for which application threads were stopped: 0,0000858 seconds, Stopping threads took: 0,0000322 seconds
2017-05-28T01:57:39.660+0200: 4,228: Total time for which application threads were stopped: 0,0000655 seconds, Stopping threads took: 0,0000164 seconds
2017-05-28T01:57:39.661+0200: 4,229: Total time for which application threads were stopped: 0,0001219 seconds, Stopping threads took: 0,0000395 seconds
2017-05-28T01:57:39.664+0200: 4,232: Total time for which application threads were stopped: 0,0000949 seconds, Stopping threads took: 0,0000262 seconds
2017-05-28T01:57:39.664+0200: 4,232: Total time for which application threads were stopped: 0,0000526 seconds, Stopping threads took: 0,0000120 seconds
2017-05-28T01:57:39.665+0200: 4,232: Total time for which application threads were stopped: 0,0000483 seconds, Stopping threads took: 0,0000090 seconds
2017-05-28T01:57:39.665+0200: 4,232: Total time for which application threads were stopped: 0,0000436 seconds, Stopping threads took: 0,0000083 seconds
2017-05-28T01:57:39.665+0200: 4,233: Total time for which application threads were stopped: 0,0000490 seconds, Stopping threads took: 0,0000107 seconds
2017-05-28T01:57:39.665+0200: 4,233: Total time for which application threads were stopped: 0,0000431 seconds, Stopping threads took: 0,0000111 seconds
2017-05-28T01:57:39.665+0200: 4,233: Total time for which application threads were stopped: 0,0000441 seconds, Stopping threads took: 0,0000104 seconds
2017-05-28T01:57:39.665+0200: 4,233: Total time for which application threads were stopped: 0,0000432 seconds, Stopping threads took: 0,0000103 seconds
2017-05-28T01:57:39.665+0200: 4,233: Total time for which application threads were stopped: 0,0000411 seconds, Stopping threads took: 0,0000086 seconds
2017-05-28T01:57:39.665+0200: 4,233: Total time for which application threads were stopped: 0,0000556 seconds, Stopping threads took: 0,0000191 seconds
2017-05-28T01:57:39.665+0200: 4,233: Total time for which application threads were stopped: 0,0000379 seconds, Stopping threads took: 0,0000081 seconds
2017-05-28T01:57:39.665+0200: 4,233: Total time for which application threads were stopped: 0,0000337 seconds, Stopping threads took: 0,0000091 seconds
2017-05-28T01:57:39.666+0200: 4,233: Total time for which application threads were stopped: 0,0000457 seconds, Stopping threads took: 0,0000162 seconds
2017-05-28T01:57:39.666+0200: 4,233: Total time for which application threads were stopped: 0,0001367 seconds, Stopping threads took: 0,0000151 seconds
2017-05-28T01:57:39.670+0200: 4,238: Total time for which application threads were stopped: 0,0001136 seconds, Stopping threads took: 0,0000466 seconds
2017-05-28T01:57:39.672+0200: 4,240: Total time for which application threads were stopped: 0,0001242 seconds, Stopping threads took: 0,0000560 seconds
2017-05-28T01:57:39.676+0200: 4,244: Total time for which application threads were stopped: 0,0000980 seconds, Stopping threads took: 0,0000315 seconds
2017-05-28T01:57:39.686+0200: 4,254: Total time for which application threads were stopped: 0,0001451 seconds, Stopping threads took: 0,0000613 seconds
2017-05-28T01:57:39.710+0200: 4,278: Total time for which application threads were stopped: 0,0014748 seconds, Stopping threads took: 0,0013766 seconds
2017-05-28T01:57:39.738+0200: 4,306: Total time for which application threads were stopped: 0,0028352 seconds, Stopping threads took: 0,0027674 seconds
2017-05-28T01:57:39.745+0200: 4,313: Total time for which application threads were stopped: 0,0001369 seconds, Stopping threads took: 0,0000371 seconds
2017-05-28T01:57:39.746+0200: 4,314: Total time for which application threads were stopped: 0,0004123 seconds, Stopping threads took: 0,0000164 seconds
2017-05-28T01:57:39.748+0200: 4,315: Total time for which application threads were stopped: 0,0001966 seconds, Stopping threads took: 0,0001303 seconds
2017-05-28T01:57:39.751+0200: 4,319: Total time for which application threads were stopped: 0,0001478 seconds, Stopping threads took: 0,0000760 seconds
2017-05-28T01:57:39.775+0200: 4,343: Total time for which application threads were stopped: 0,0000861 seconds, Stopping threads took: 0,0000303 seconds
2017-05-28T01:57:39.775+0200: 4,343: Total time for which application threads were stopped: 0,0000622 seconds, Stopping threads took: 0,0000309 seconds
2017-05-28T01:57:39.775+0200: 4,343: Total time for which application threads were stopped: 0,0000533 seconds, Stopping threads took: 0,0000280 seconds
2017-05-28T01:57:41.775+0200: 6,343: Total time for which application threads were stopped: 0,0000672 seconds, Stopping threads took: 0,0000192 seconds
2017-05-28T01:57:57.777+0200: 22,345: Total time for which application threads were stopped: 0,0000716 seconds, Stopping threads took: 0,0000186 seconds
2017-05-28T01:58:07.344+0200: 32,346: Total time for which application threads were stopped: 0,0000662 seconds, Stopping threads took: 0,0000163 seconds
2017-05-28T01:59:42.354+0200: 127,357: Total time for which application threads were stopped: 0,0000741 seconds, Stopping threads took: 0,0000314 seconds
2017-05-28T01:59:47.355+0200: 132,358: Total time for which application threads were stopped: 0,0000589 seconds, Stopping threads took: 0,0000156 seconds
{Heap before GC invocations=9 (full 1):
 par new generation   total 109248K, used 93364K [0x00000000e0000000, 0x00000000e8000000, 0x00000000e8000000)
  eden space 87424K, 100% used [0x00000000e0000000, 0x00000000e5560000, 0x00000000e5560000)
  from space 21824K,  27% used [0x00000000e6ab0000, 0x00000000e707d168, 0x00000000e8000000)
  to   space 21824K,   0% used [0x00000000e5560000, 0x00000000e5560000, 0x00000000e6ab0000)
 concurrent mark-sweep generation total 393216K, used 6061K [0x00000000e8000000, 0x0000000100000000, 0x0000000100000000)
 Metaspace       used 28037K, capacity 28568K, committed 28796K, reserved 1075200K
  class space    used 3215K, capacity 3392K, committed 3452K, reserved 1048576K
2017-05-28T02:00:31.034+0200: 176,036: [GC (Allocation Failure) 2017-05-28T02:00:31.034+0200: 176,036: [ParNew
Desired survivor size 20112992 bytes, new threshold 8 (max 8)
- age   1:   10670072 bytes,   10670072 total
- age   2:     257056 bytes,   10927128 total
- age   3:     231080 bytes,   11158208 total
- age   4:    1790016 bytes,   12948224 total
- age   5:      58256 bytes,   13006480 total
- age   6:       1840 bytes,   13008320 total
- age   7:     103592 bytes,   13111912 total
- age   8:     180360 bytes,   13292272 total
: 93364K->14066K(109248K), 0,0187127 secs] 99425K->20945K(502464K), 0,0187825 secs] [Times: user=0,08 sys=0,00, real=0,02 secs] 
Heap after GC invocations=10 (full 1):
 par new generation   total 109248K, used 14066K [0x00000000e0000000, 0x00000000e8000000, 0x00000000e8000000)
  eden space 87424K,   0% used [0x00000000e0000000, 0x00000000e0000000, 0x00000000e5560000)
  from space 21824K,  64% used [0x00000000e5560000, 0x00000000e631c820, 0x00000000e6ab0000)
  to   space 21824K,   0% used [0x00000000e6ab0000, 0x00000000e6ab0000, 0x00000000e8000000)
 concurrent mark-sweep generation total 393216K, used 6879K [0x00000000e8000000, 0x0000000100000000, 0x0000000100000000)
 Metaspace       used 28037K, capacity 28568K, committed 28796K, reserved 1075200K
  class space    used 3215K, capacity 3392K, committed 3452K, reserved 1048576K
}
2017-05-28T02:00:31.052+0200: 176,055: Total time for which application threads were stopped: 0,0189199 seconds, Stopping threads took: 0,0000282 seconds
2017-05-28T02:00:31.053+0200: 176,055: Total time for which application threads were stopped: 0,0000590 seconds, Stopping threads took: 0,0000216 seconds
2017-05-28T02:00:31.053+0200: 176,056: Total time for which application threads were stopped: 0,0000476 seconds, Stopping threads took: 0,0000269 seconds
2017-05-28T02:00:36.054+0200: 181,056: Total time for which application threads were stopped: 0,0000585 seconds, Stopping threads took: 0,0000151 seconds
2017-05-28T02:01:56.063+0200: 261,066: Total time for which application threads were stopped: 0,0005085 seconds, Stopping threads took: 0,0002057 seconds
2017-05-28T02:02:06.064+0200: 271,067: Total time for which application threads were stopped: 0,0000629 seconds, Stopping threads took: 0,0000167 seconds
2017-05-28T02:02:22.067+0200: 287,070: Total time for which application threads were stopped: 0,0002006 seconds, Stopping threads took: 0,0000636 seconds
2017-05-28T02:16:56.095+0200: 1161,098: Total time for which application threads were stopped: 0,0001197 seconds, Stopping threads took: 0,0000343 seconds
2017-05-28T02:16:56.095+0200: 1161,098: Total time for which application threads were stopped: 0,0001549 seconds, Stopping threads took: 0,0000118 seconds
2017-05-28T02:16:56.119+0200: 1161,122: Total time for which application threads were stopped: 0,0001309 seconds, Stopping threads took: 0,0000312 seconds
2017-05-28T02:16:56.124+0200: 1161,127: Total time for which application threads were stopped: 0,0035330 seconds, Stopping threads took: 0,0034379 seconds
2017-05-28T02:16:56.128+0200: 1161,130: Total time for which application threads were stopped: 0,0009946 seconds, Stopping threads took: 0,0009064 seconds
2017-05-28T02:16:56.139+0200: 1161,142: Total time for which application threads were stopped: 0,0001084 seconds, Stopping threads took: 0,0000242 seconds
2017-05-28T02:16:56.151+0200: 1161,154: Total time for which application threads were stopped: 0,0001046 seconds, Stopping threads took: 0,0000239 seconds
2017-05-28T02:16:56.156+0200: 1161,158: Total time for which application threads were stopped: 0,0001007 seconds, Stopping threads took: 0,0000209 seconds
2017-05-28T02:16:56.157+0200: 1161,159: Total time for which application threads were stopped: 0,0000767 seconds, Stopping threads took: 0,0000137 seconds
2017-05-28T02:16:56.160+0200: 1161,163: Total time for which application threads were stopped: 0,0000895 seconds, Stopping threads took: 0,0000199 seconds
2017-05-28T02:16:56.161+0200: 1161,164: Total time for which application threads were stopped: 0,0002444 seconds, Stopping threads took: 0,0000203 seconds
2017-05-28T02:16:56.162+0200: 1161,165: Total time for which application threads were stopped: 0,0007464 seconds, Stopping threads took: 0,0006769 seconds
2017-05-28T02:16:56.162+0200: 1161,165: Total time for which application threads were stopped: 0,0000654 seconds, Stopping threads took: 0,0000215 seconds
2017-05-28T02:16:56.166+0200: 1161,169: Total time for which application threads were stopped: 0,0000809 seconds, Stopping threads took: 0,0000169 seconds
2017-05-28T02:16:56.167+0200: 1161,169: Total time for which application threads were stopped: 0,0000507 seconds, Stopping threads took: 0,0000147 seconds
2017-05-28T02:16:56.167+0200: 1161,169: Total time for which application threads were stopped: 0,0000488 seconds, Stopping threads took: 0,0000139 seconds
2017-05-28T02:16:56.169+0200: 1161,172: Total time for which application threads were stopped: 0,0017204 seconds, Stopping threads took: 0,0016354 seconds
2017-05-28T02:16:56.172+0200: 1161,174: Total time for which application threads were stopped: 0,0001033 seconds, Stopping threads took: 0,0000344 seconds
2017-05-28T02:16:56.172+0200: 1161,175: Total time for which application threads were stopped: 0,0006791 seconds, Stopping threads took: 0,0006061 seconds
2017-05-28T02:16:56.188+0200: 1161,191: Total time for which application threads were stopped: 0,0084647 seconds, Stopping threads took: 0,0083809 seconds
2017-05-28T02:16:56.190+0200: 1161,192: Total time for which application threads were stopped: 0,0001340 seconds, Stopping threads took: 0,0000675 seconds
2017-05-28T02:16:56.190+0200: 1161,192: Total time for which application threads were stopped: 0,0000565 seconds, Stopping threads took: 0,0000103 seconds
2017-05-28T02:16:56.190+0200: 1161,192: Total time for which application threads were stopped: 0,0000489 seconds, Stopping threads took: 0,0000084 seconds
2017-05-28T02:16:56.190+0200: 1161,192: Total time for which application threads were stopped: 0,0000416 seconds, Stopping threads took: 0,0000060 seconds
2017-05-28T02:16:56.190+0200: 1161,193: Total time for which application threads were stopped: 0,0000441 seconds, Stopping threads took: 0,0000059 seconds
2017-05-28T02:16:56.191+0200: 1161,194: Total time for which application threads were stopped: 0,0003270 seconds, Stopping threads took: 0,0002616 seconds
2017-05-28T02:16:56.196+0200: 1161,199: Total time for which application threads were stopped: 0,0000910 seconds, Stopping threads took: 0,0000178 seconds
2017-05-28T02:16:56.196+0200: 1161,199: Total time for which application threads were stopped: 0,0000438 seconds, Stopping threads took: 0,0000060 seconds
2017-05-28T02:16:56.196+0200: 1161,199: Total time for which application threads were stopped: 0,0000367 seconds, Stopping threads took: 0,0000063 seconds
2017-05-28T02:16:56.196+0200: 1161,199: Total time for which application threads were stopped: 0,0000363 seconds, Stopping threads took: 0,0000047 seconds
2017-05-28T02:16:56.197+0200: 1161,199: Total time for which application threads were stopped: 0,0000404 seconds, Stopping threads took: 0,0000059 seconds
2017-05-28T02:16:56.197+0200: 1161,199: Total time for which application threads were stopped: 0,0000376 seconds, Stopping threads took: 0,0000051 seconds
2017-05-28T02:16:56.197+0200: 1161,199: Total time for which application threads were stopped: 0,0000394 seconds, Stopping threads took: 0,0000054 seconds
2017-05-28T02:16:56.197+0200: 1161,199: Total time for which application threads were stopped: 0,0000357 seconds, Stopping threads took: 0,0000044 seconds
2017-05-28T02:16:56.197+0200: 1161,200: Total time for which application threads were stopped: 0,0000340 seconds, Stopping threads took: 0,0000044 seconds
2017-05-28T02:16:56.197+0200: 1161,200: Total time for which application threads were stopped: 0,0000333 seconds, Stopping threads took: 0,0000044 seconds
2017-05-28T02:16:56.198+0200: 1161,201: Total time for which application threads were stopped: 0,0001159 seconds, Stopping threads took: 0,0000343 seconds
2017-05-28T02:16:56.199+0200: 1161,201: Total time for which application threads were stopped: 0,0000582 seconds, Stopping threads took: 0,0000211 seconds
2017-05-28T02:16:56.208+0200: 1161,211: Total time for which application threads were stopped: 0,0030642 seconds, Stopping threads took: 0,0029902 seconds
2017-05-28T02:16:56.210+0200: 1161,213: Total time for which application threads were stopped: 0,0000922 seconds, Stopping threads took: 0,0000319 seconds
2017-05-28T02:16:56.211+0200: 1161,214: Total time for which application threads were stopped: 0,0000933 seconds, Stopping threads took: 0,0000321 seconds
2017-05-28T02:16:56.212+0200: 1161,215: Total time for which application threads were stopped: 0,0000870 seconds, Stopping threads took: 0,0000257 seconds
2017-05-28T02:16:56.212+0200: 1161,215: Total time for which application threads were stopped: 0,0000597 seconds, Stopping threads took: 0,0000185 seconds
2017-05-28T02:16:56.212+0200: 1161,215: Total time for which application threads were stopped: 0,0000520 seconds, Stopping threads took: 0,0000157 seconds
2017-05-28T02:16:56.213+0200: 1161,215: Total time for which application threads were stopped: 0,0000470 seconds, Stopping threads took: 0,0000152 seconds
2017-05-28T02:16:56.213+0200: 1161,215: Total time for which application threads were stopped: 0,0000493 seconds, Stopping threads took: 0,0000169 seconds
2017-05-28T02:16:56.213+0200: 1161,216: Total time for which application threads were stopped: 0,0000633 seconds, Stopping threads took: 0,0000190 seconds
2017-05-28T02:16:56.213+0200: 1161,216: Total time for which application threads were stopped: 0,0000470 seconds, Stopping threads took: 0,0000146 seconds
2017-05-28T02:16:56.215+0200: 1161,217: Total time for which application threads were stopped: 0,0000893 seconds, Stopping threads took: 0,0000269 seconds
2017-05-28T02:16:56.217+0200: 1161,219: Total time for which application threads were stopped: 0,0012143 seconds, Stopping threads took: 0,0011363 seconds
2017-05-28T02:16:56.219+0200: 1161,221: Total time for which application threads were stopped: 0,0000933 seconds, Stopping threads took: 0,0000165 seconds
2017-05-28T02:16:56.219+0200: 1161,222: Total time for which application threads were stopped: 0,0000470 seconds, Stopping threads took: 0,0000126 seconds
2017-05-28T02:16:56.219+0200: 1161,222: Total time for which application threads were stopped: 0,0000429 seconds, Stopping threads took: 0,0000118 seconds
2017-05-28T02:16:56.219+0200: 1161,222: Total time for which application threads were stopped: 0,0000550 seconds, Stopping threads took: 0,0000153 seconds
2017-05-28T02:16:56.220+0200: 1161,223: Total time for which application threads were stopped: 0,0000776 seconds, Stopping threads took: 0,0000237 seconds
2017-05-28T02:16:56.220+0200: 1161,223: Total time for which application threads were stopped: 0,0000563 seconds, Stopping threads took: 0,0000206 seconds
2017-05-28T02:16:56.221+0200: 1161,223: Total time for which application threads were stopped: 0,0001687 seconds, Stopping threads took: 0,0000208 seconds
2017-05-28T02:16:56.221+0200: 1161,224: Total time for which application threads were stopped: 0,0000859 seconds, Stopping threads took: 0,0000295 seconds
2017-05-28T02:16:56.222+0200: 1161,224: Total time for which application threads were stopped: 0,0000505 seconds, Stopping threads took: 0,0000147 seconds
2017-05-28T02:16:56.222+0200: 1161,224: Total time for which application threads were stopped: 0,0000434 seconds, Stopping threads took: 0,0000134 seconds
2017-05-28T02:16:56.222+0200: 1161,225: Total time for which application threads were stopped: 0,0000443 seconds, Stopping threads took: 0,0000138 seconds
2017-05-28T02:16:56.222+0200: 1161,225: Total time for which application threads were stopped: 0,0000428 seconds, Stopping threads took: 0,0000133 seconds
2017-05-28T02:16:56.222+0200: 1161,225: Total time for which application threads were stopped: 0,0000429 seconds, Stopping threads took: 0,0000134 seconds
2017-05-28T02:16:56.222+0200: 1161,225: Total time for which application threads were stopped: 0,0000432 seconds, Stopping threads took: 0,0000141 seconds
2017-05-28T02:16:56.222+0200: 1161,225: Total time for which application threads were stopped: 0,0000421 seconds, Stopping threads took: 0,0000132 seconds
2017-05-28T02:16:56.222+0200: 1161,225: Total time for which application threads were stopped: 0,0000420 seconds, Stopping threads took: 0,0000129 seconds
2017-05-28T02:16:56.223+0200: 1161,225: Total time for which application threads were stopped: 0,0001580 seconds, Stopping threads took: 0,0000135 seconds
2017-05-28T02:16:56.224+0200: 1161,227: Total time for which application threads were stopped: 0,0001357 seconds, Stopping threads took: 0,0000283 seconds
2017-05-28T02:16:56.225+0200: 1161,228: Total time for which application threads were stopped: 0,0001148 seconds, Stopping threads took: 0,0000215 seconds
Heap
 par new generation   total 109248K, used 33179K [0x00000000e0000000, 0x00000000e8000000, 0x00000000e8000000)
  eden space 87424K,  21% used [0x00000000e0000000, 0x00000000e12aa4b0, 0x00000000e5560000)
  from space 21824K,  64% used [0x00000000e5560000, 0x00000000e631c820, 0x00000000e6ab0000)
  to   space 21824K,   0% used [0x00000000e6ab0000, 0x00000000e6ab0000, 0x00000000e8000000)
 concurrent mark-sweep generation total 393216K, used 6879K [0x00000000e8000000, 0x0000000100000000, 0x0000000100000000)
 Metaspace       used 28153K, capacity 28736K, committed 29052K, reserved 1075200K
  class space    used 3229K, capacity 3426K, committed 3452K, reserved 1048576K
