OpenJDK 64-Bit Server VM (25.121-b13) for linux-amd64 JRE (1.8.0_121-8u121-b13-0ubuntu1.16.04.2-b13), built on Jan 23 2017 15:51:29 by "buildd" with gcc 5.4.0 20160609
Memory: 4k page, physical 7867800k(7499524k free), swap 8076284k(8076284k free)
CommandLine flags: -XX:CMSInitiatingOccupancyFraction=50 -XX:CMSMaxAbortablePrecleanTime=6000 -XX:+CMSParallelRemarkEnabled -XX:+CMSScavengeBeforeRemark -XX:ConcGCThreads=4 -XX:InitialHeapSize=536870912 -XX:MaxHeapSize=536870912 -XX:MaxTenuringThreshold=8 -XX:NewRatio=3 -XX:OldPLABSize=16 -XX:OnOutOfMemoryError=/opt/solr/bin/oom_solr.sh 8983 /var/solr/logs -XX:ParallelGCThreads=4 -XX:+ParallelRefProcEnabled -XX:PretenureSizeThreshold=67108864 -XX:+PrintGC -XX:+PrintGCApplicationStoppedTime -XX:+PrintGCDateStamps -XX:+PrintGCDetails -XX:+PrintGCTimeStamps -XX:+PrintHeapAtGC -XX:+PrintTenuringDistribution -XX:SurvivorRatio=4 -XX:TargetSurvivorRatio=90 -XX:ThreadStackSize=256 -XX:+UseCMSInitiatingOccupancyOnly -XX:+UseCompressedClassPointers -XX:+UseCompressedOops -XX:+UseConcMarkSweepGC -XX:+UseParNewGC 
2017-02-02T23:09:05.768+0100: 0,141: Total time for which application threads were stopped: 0,0000732 seconds, Stopping threads took: 0,0000124 seconds
2017-02-02T23:09:05.859+0100: 0,231: Total time for which application threads were stopped: 0,0001078 seconds, Stopping threads took: 0,0000115 seconds
2017-02-02T23:09:05.878+0100: 0,251: Total time for which application threads were stopped: 0,0038312 seconds, Stopping threads took: 0,0037279 seconds
2017-02-02T23:09:06.503+0100: 0,876: Total time for which application threads were stopped: 0,0003204 seconds, Stopping threads took: 0,0000149 seconds
2017-02-02T23:09:06.588+0100: 0,960: Total time for which application threads were stopped: 0,0001842 seconds, Stopping threads took: 0,0000257 seconds
2017-02-02T23:09:06.631+0100: 1,003: Total time for which application threads were stopped: 0,0001497 seconds, Stopping threads took: 0,0000252 seconds
2017-02-02T23:09:06.915+0100: 1,288: Total time for which application threads were stopped: 0,0001786 seconds, Stopping threads took: 0,0000149 seconds
2017-02-02T23:09:07.119+0100: 1,492: Total time for which application threads were stopped: 0,0002696 seconds, Stopping threads took: 0,0000715 seconds
2017-02-02T23:09:07.148+0100: 1,521: Total time for which application threads were stopped: 0,0002682 seconds, Stopping threads took: 0,0001066 seconds
2017-02-02T23:09:07.182+0100: 1,554: Total time for which application threads were stopped: 0,0002239 seconds, Stopping threads took: 0,0000208 seconds
2017-02-02T23:09:07.183+0100: 1,555: Total time for which application threads were stopped: 0,0002293 seconds, Stopping threads took: 0,0000184 seconds
2017-02-02T23:09:07.201+0100: 1,573: Total time for which application threads were stopped: 0,0001655 seconds, Stopping threads took: 0,0000206 seconds
2017-02-02T23:09:07.302+0100: 1,675: Total time for which application threads were stopped: 0,0002849 seconds, Stopping threads took: 0,0000509 seconds
2017-02-02T23:09:07.467+0100: 1,840: Total time for which application threads were stopped: 0,0002926 seconds, Stopping threads took: 0,0000694 seconds
{Heap before GC invocations=0 (full 0):
 par new generation   total 109248K, used 87424K [0x00000000e0000000, 0x00000000e8000000, 0x00000000e8000000)
  eden space 87424K, 100% used [0x00000000e0000000, 0x00000000e5560000, 0x00000000e5560000)
  from space 21824K,   0% used [0x00000000e5560000, 0x00000000e5560000, 0x00000000e6ab0000)
  to   space 21824K,   0% used [0x00000000e6ab0000, 0x00000000e6ab0000, 0x00000000e8000000)
 concurrent mark-sweep generation total 393216K, used 0K [0x00000000e8000000, 0x0000000100000000, 0x0000000100000000)
 Metaspace       used 17818K, capacity 18176K, committed 18304K, reserved 1064960K
  class space    used 2022K, capacity 2164K, committed 2176K, reserved 1048576K
2017-02-02T23:09:07.514+0100: 1,887: [GC (Allocation Failure) 2017-02-02T23:09:07.514+0100: 1,887: [ParNew
Desired survivor size 20112992 bytes, new threshold 8 (max 8)
- age   1:   11838136 bytes,   11838136 total
: 87424K->11671K(109248K), 0,0166162 secs] 87424K->11671K(502464K), 0,0167136 secs] [Times: user=0,05 sys=0,02, real=0,02 secs] 
Heap after GC invocations=1 (full 0):
 par new generation   total 109248K, used 11671K [0x00000000e0000000, 0x00000000e8000000, 0x00000000e8000000)
  eden space 87424K,   0% used [0x00000000e0000000, 0x00000000e0000000, 0x00000000e5560000)
  from space 21824K,  53% used [0x00000000e6ab0000, 0x00000000e7615db8, 0x00000000e8000000)
  to   space 21824K,   0% used [0x00000000e5560000, 0x00000000e5560000, 0x00000000e6ab0000)
 concurrent mark-sweep generation total 393216K, used 0K [0x00000000e8000000, 0x0000000100000000, 0x0000000100000000)
 Metaspace       used 17818K, capacity 18176K, committed 18304K, reserved 1064960K
  class space    used 2022K, capacity 2164K, committed 2176K, reserved 1048576K
}
2017-02-02T23:09:07.531+0100: 1,904: Total time for which application threads were stopped: 0,0193033 seconds, Stopping threads took: 0,0024522 seconds
2017-02-02T23:09:07.843+0100: 2,216: Total time for which application threads were stopped: 0,0003551 seconds, Stopping threads took: 0,0000419 seconds
{Heap before GC invocations=1 (full 0):
 par new generation   total 109248K, used 99095K [0x00000000e0000000, 0x00000000e8000000, 0x00000000e8000000)
  eden space 87424K, 100% used [0x00000000e0000000, 0x00000000e5560000, 0x00000000e5560000)
  from space 21824K,  53% used [0x00000000e6ab0000, 0x00000000e7615db8, 0x00000000e8000000)
  to   space 21824K,   0% used [0x00000000e5560000, 0x00000000e5560000, 0x00000000e6ab0000)
 concurrent mark-sweep generation total 393216K, used 0K [0x00000000e8000000, 0x0000000100000000, 0x0000000100000000)
 Metaspace       used 20034K, capacity 20432K, committed 20736K, reserved 1067008K
  class space    used 2297K, capacity 2470K, committed 2560K, reserved 1048576K
2017-02-02T23:09:07.883+0100: 2,255: [GC (Allocation Failure) 2017-02-02T23:09:07.883+0100: 2,255: [ParNew
Desired survivor size 20112992 bytes, new threshold 8 (max 8)
- age   1:    4251184 bytes,    4251184 total
- age   2:    6362552 bytes,   10613736 total
: 99095K->13162K(109248K), 0,0169682 secs] 99095K->13162K(502464K), 0,0170422 secs] [Times: user=0,06 sys=0,00, real=0,02 secs] 
Heap after GC invocations=2 (full 0):
 par new generation   total 109248K, used 13162K [0x00000000e0000000, 0x00000000e8000000, 0x00000000e8000000)
  eden space 87424K,   0% used [0x00000000e0000000, 0x00000000e0000000, 0x00000000e5560000)
  from space 21824K,  60% used [0x00000000e5560000, 0x00000000e623a8f8, 0x00000000e6ab0000)
  to   space 21824K,   0% used [0x00000000e6ab0000, 0x00000000e6ab0000, 0x00000000e8000000)
 concurrent mark-sweep generation total 393216K, used 0K [0x00000000e8000000, 0x0000000100000000, 0x0000000100000000)
 Metaspace       used 20034K, capacity 20432K, committed 20736K, reserved 1067008K
  class space    used 2297K, capacity 2470K, committed 2560K, reserved 1048576K
}
2017-02-02T23:09:07.900+0100: 2,272: Total time for which application threads were stopped: 0,0173081 seconds, Stopping threads took: 0,0000981 seconds
2017-02-02T23:09:07.914+0100: 2,287: Total time for which application threads were stopped: 0,0041986 seconds, Stopping threads took: 0,0039172 seconds
2017-02-02T23:09:07.947+0100: 2,319: Total time for which application threads were stopped: 0,0006898 seconds, Stopping threads took: 0,0003315 seconds
2017-02-02T23:09:08.070+0100: 2,443: Total time for which application threads were stopped: 0,0015992 seconds, Stopping threads took: 0,0014799 seconds
2017-02-02T23:09:08.105+0100: 2,477: Total time for which application threads were stopped: 0,0001911 seconds, Stopping threads took: 0,0000967 seconds
{Heap before GC invocations=2 (full 0):
 par new generation   total 109248K, used 100586K [0x00000000e0000000, 0x00000000e8000000, 0x00000000e8000000)
  eden space 87424K, 100% used [0x00000000e0000000, 0x00000000e5560000, 0x00000000e5560000)
  from space 21824K,  60% used [0x00000000e5560000, 0x00000000e623a8f8, 0x00000000e6ab0000)
  to   space 21824K,   0% used [0x00000000e6ab0000, 0x00000000e6ab0000, 0x00000000e8000000)
 concurrent mark-sweep generation total 393216K, used 0K [0x00000000e8000000, 0x0000000100000000, 0x0000000100000000)
 Metaspace       used 21095K, capacity 21482K, committed 21884K, reserved 1069056K
  class space    used 2432K, capacity 2589K, committed 2684K, reserved 1048576K
2017-02-02T23:09:08.111+0100: 2,483: [GC (Allocation Failure) 2017-02-02T23:09:08.111+0100: 2,483: [ParNew
Desired survivor size 20112992 bytes, new threshold 8 (max 8)
- age   1:    2543752 bytes,    2543752 total
- age   2:    1275672 bytes,    3819424 total
- age   3:    6363424 bytes,   10182848 total
: 100586K->14481K(109248K), 0,0186003 secs] 100586K->14481K(502464K), 0,0186818 secs] [Times: user=0,07 sys=0,00, real=0,01 secs] 
Heap after GC invocations=3 (full 0):
 par new generation   total 109248K, used 14481K [0x00000000e0000000, 0x00000000e8000000, 0x00000000e8000000)
  eden space 87424K,   0% used [0x00000000e0000000, 0x00000000e0000000, 0x00000000e5560000)
  from space 21824K,  66% used [0x00000000e6ab0000, 0x00000000e78d4460, 0x00000000e8000000)
  to   space 21824K,   0% used [0x00000000e5560000, 0x00000000e5560000, 0x00000000e6ab0000)
 concurrent mark-sweep generation total 393216K, used 0K [0x00000000e8000000, 0x0000000100000000, 0x0000000100000000)
 Metaspace       used 21095K, capacity 21482K, committed 21884K, reserved 1069056K
  class space    used 2432K, capacity 2589K, committed 2684K, reserved 1048576K
}
2017-02-02T23:09:08.130+0100: 2,502: Total time for which application threads were stopped: 0,0189017 seconds, Stopping threads took: 0,0000826 seconds
2017-02-02T23:09:08.135+0100: 2,508: [GC (CMS Initial Mark) [1 CMS-initial-mark: 0K(393216K)] 22479K(502464K), 0,0057556 secs] [Times: user=0,02 sys=0,00, real=0,01 secs] 
2017-02-02T23:09:08.141+0100: 2,513: Total time for which application threads were stopped: 0,0060129 seconds, Stopping threads took: 0,0001338 seconds
2017-02-02T23:09:08.141+0100: 2,513: [CMS-concurrent-mark-start]
2017-02-02T23:09:08.142+0100: 2,514: [CMS-concurrent-mark: 0,001/0,001 secs] [Times: user=0,00 sys=0,00, real=0,00 secs] 
2017-02-02T23:09:08.142+0100: 2,514: [CMS-concurrent-preclean-start]
2017-02-02T23:09:08.142+0100: 2,515: [CMS-concurrent-preclean: 0,001/0,001 secs] [Times: user=0,00 sys=0,00, real=0,00 secs] 
2017-02-02T23:09:08.142+0100: 2,515: [CMS-concurrent-abortable-preclean-start]
2017-02-02T23:09:08.240+0100: 2,613: Total time for which application threads were stopped: 0,0001384 seconds, Stopping threads took: 0,0000432 seconds
2017-02-02T23:09:08.263+0100: 2,635: Total time for which application threads were stopped: 0,0001617 seconds, Stopping threads took: 0,0000835 seconds
2017-02-02T23:09:08.265+0100: 2,638: Total time for which application threads were stopped: 0,0000830 seconds, Stopping threads took: 0,0000235 seconds
2017-02-02T23:09:08.265+0100: 2,638: [CMS-concurrent-abortable-preclean: 0,110/0,123 secs] [Times: user=0,47 sys=0,00, real=0,12 secs] 
2017-02-02T23:09:08.265+0100: 2,638: [GC (CMS Final Remark) [YG occupancy: 75971 K (109248 K)]{Heap before GC invocations=3 (full 1):
 par new generation   total 109248K, used 75971K [0x00000000e0000000, 0x00000000e8000000, 0x00000000e8000000)
  eden space 87424K,  70% used [0x00000000e0000000, 0x00000000e3c0caa0, 0x00000000e5560000)
  from space 21824K,  66% used [0x00000000e6ab0000, 0x00000000e78d4460, 0x00000000e8000000)
  to   space 21824K,   0% used [0x00000000e5560000, 0x00000000e5560000, 0x00000000e6ab0000)
 concurrent mark-sweep generation total 393216K, used 0K [0x00000000e8000000, 0x0000000100000000, 0x0000000100000000)
 Metaspace       used 21922K, capacity 22322K, committed 22624K, reserved 1069056K
  class space    used 2521K, capacity 2692K, committed 2760K, reserved 1048576K
2017-02-02T23:09:08.266+0100: 2,638: [GC (CMS Final Remark) 2017-02-02T23:09:08.266+0100: 2,638: [ParNew
Desired survivor size 20112992 bytes, new threshold 8 (max 8)
- age   1:    1376384 bytes,    1376384 total
- age   2:    1665088 bytes,    3041472 total
- age   3:    1244568 bytes,    4286040 total
- age   4:    6361672 bytes,   10647712 total
: 75971K->13818K(109248K), 0,0156740 secs] 75971K->13818K(502464K), 0,0157321 secs] [Times: user=0,05 sys=0,00, real=0,02 secs] 
Heap after GC invocations=4 (full 1):
 par new generation   total 109248K, used 13818K [0x00000000e0000000, 0x00000000e8000000, 0x00000000e8000000)
  eden space 87424K,   0% used [0x00000000e0000000, 0x00000000e0000000, 0x00000000e5560000)
  from space 21824K,  63% used [0x00000000e5560000, 0x00000000e62deb30, 0x00000000e6ab0000)
  to   space 21824K,   0% used [0x00000000e6ab0000, 0x00000000e6ab0000, 0x00000000e8000000)
 concurrent mark-sweep generation total 393216K, used 0K [0x00000000e8000000, 0x0000000100000000, 0x0000000100000000)
 Metaspace       used 21922K, capacity 22322K, committed 22624K, reserved 1069056K
  class space    used 2521K, capacity 2692K, committed 2760K, reserved 1048576K
}
2017-02-02T23:09:08.281+0100: 2,654: [Rescan (parallel) , 0,0036210 secs]2017-02-02T23:09:08.285+0100: 2,657: [weak refs processing, 0,0009445 secs]2017-02-02T23:09:08.286+0100: 2,658: [class unloading, 0,0028208 secs]2017-02-02T23:09:08.289+0100: 2,661: [scrub symbol table, 0,0026590 secs]2017-02-02T23:09:08.291+0100: 2,664: [scrub string table, 0,0003721 secs][1 CMS-remark: 0K(393216K)] 13818K(502464K), 0,0267801 secs] [Times: user=0,07 sys=0,00, real=0,03 secs] 
2017-02-02T23:09:08.292+0100: 2,665: Total time for which application threads were stopped: 0,0269060 seconds, Stopping threads took: 0,0000496 seconds
2017-02-02T23:09:08.293+0100: 2,665: [CMS-concurrent-sweep-start]
2017-02-02T23:09:08.293+0100: 2,665: [CMS-concurrent-sweep: 0,000/0,000 secs] [Times: user=0,00 sys=0,00, real=0,00 secs] 
2017-02-02T23:09:08.293+0100: 2,666: [CMS-concurrent-reset-start]
2017-02-02T23:09:08.295+0100: 2,668: [CMS-concurrent-reset: 0,002/0,002 secs] [Times: user=0,01 sys=0,01, real=0,00 secs] 
{Heap before GC invocations=4 (full 1):
 par new generation   total 109248K, used 101242K [0x00000000e0000000, 0x00000000e8000000, 0x00000000e8000000)
  eden space 87424K, 100% used [0x00000000e0000000, 0x00000000e5560000, 0x00000000e5560000)
  from space 21824K,  63% used [0x00000000e5560000, 0x00000000e62deb30, 0x00000000e6ab0000)
  to   space 21824K,   0% used [0x00000000e6ab0000, 0x00000000e6ab0000, 0x00000000e8000000)
 concurrent mark-sweep generation total 393216K, used 0K [0x00000000e8000000, 0x0000000100000000, 0x0000000100000000)
 Metaspace       used 22155K, capacity 22510K, committed 22624K, reserved 1069056K
  class space    used 2564K, capacity 2729K, committed 2760K, reserved 1048576K
2017-02-02T23:09:08.382+0100: 2,754: [GC (Allocation Failure) 2017-02-02T23:09:08.382+0100: 2,754: [ParNew
Desired survivor size 20112992 bytes, new threshold 8 (max 8)
- age   1:    1115976 bytes,    1115976 total
- age   2:     326384 bytes,    1442360 total
- age   3:    1665040 bytes,    3107400 total
- age   4:    1242408 bytes,    4349808 total
- age   5:    6361768 bytes,   10711576 total
: 101242K->13586K(109248K), 0,0103584 secs] 101242K->13586K(502464K), 0,0104196 secs] [Times: user=0,04 sys=0,00, real=0,01 secs] 
Heap after GC invocations=5 (full 1):
 par new generation   total 109248K, used 13586K [0x00000000e0000000, 0x00000000e8000000, 0x00000000e8000000)
  eden space 87424K,   0% used [0x00000000e0000000, 0x00000000e0000000, 0x00000000e5560000)
  from space 21824K,  62% used [0x00000000e6ab0000, 0x00000000e77f4a90, 0x00000000e8000000)
  to   space 21824K,   0% used [0x00000000e5560000, 0x00000000e5560000, 0x00000000e6ab0000)
 concurrent mark-sweep generation total 393216K, used 0K [0x00000000e8000000, 0x0000000100000000, 0x0000000100000000)
 Metaspace       used 22155K, capacity 22510K, committed 22624K, reserved 1069056K
  class space    used 2564K, capacity 2729K, committed 2760K, reserved 1048576K
}
2017-02-02T23:09:08.392+0100: 2,764: Total time for which application threads were stopped: 0,0121814 seconds, Stopping threads took: 0,0016275 seconds
2017-02-02T23:09:08.449+0100: 2,822: Total time for which application threads were stopped: 0,0004190 seconds, Stopping threads took: 0,0000411 seconds
{Heap before GC invocations=5 (full 1):
 par new generation   total 109248K, used 101010K [0x00000000e0000000, 0x00000000e8000000, 0x00000000e8000000)
  eden space 87424K, 100% used [0x00000000e0000000, 0x00000000e5560000, 0x00000000e5560000)
  from space 21824K,  62% used [0x00000000e6ab0000, 0x00000000e77f4a90, 0x00000000e8000000)
  to   space 21824K,   0% used [0x00000000e5560000, 0x00000000e5560000, 0x00000000e6ab0000)
 concurrent mark-sweep generation total 393216K, used 0K [0x00000000e8000000, 0x0000000100000000, 0x0000000100000000)
 Metaspace       used 23085K, capacity 23478K, committed 23624K, reserved 1071104K
  class space    used 2691K, capacity 2859K, committed 2888K, reserved 1048576K
2017-02-02T23:09:08.518+0100: 2,891: [GC (Allocation Failure) 2017-02-02T23:09:08.518+0100: 2,891: [ParNew
Desired survivor size 20112992 bytes, new threshold 8 (max 8)
- age   1:    1237000 bytes,    1237000 total
- age   2:     132744 bytes,    1369744 total
- age   3:     316800 bytes,    1686544 total
- age   4:     887880 bytes,    2574424 total
- age   5:    1229992 bytes,    3804416 total
- age   6:    6358296 bytes,   10162712 total
: 101010K->11882K(109248K), 0,0098588 secs] 101010K->11882K(502464K), 0,0099297 secs] [Times: user=0,04 sys=0,00, real=0,00 secs] 
Heap after GC invocations=6 (full 1):
 par new generation   total 109248K, used 11882K [0x00000000e0000000, 0x00000000e8000000, 0x00000000e8000000)
  eden space 87424K,   0% used [0x00000000e0000000, 0x00000000e0000000, 0x00000000e5560000)
  from space 21824K,  54% used [0x00000000e5560000, 0x00000000e60faab0, 0x00000000e6ab0000)
  to   space 21824K,   0% used [0x00000000e6ab0000, 0x00000000e6ab0000, 0x00000000e8000000)
 concurrent mark-sweep generation total 393216K, used 0K [0x00000000e8000000, 0x0000000100000000, 0x0000000100000000)
 Metaspace       used 23085K, capacity 23478K, committed 23624K, reserved 1071104K
  class space    used 2691K, capacity 2859K, committed 2888K, reserved 1048576K
}
2017-02-02T23:09:08.528+0100: 2,901: Total time for which application threads were stopped: 0,0101825 seconds, Stopping threads took: 0,0001004 seconds
2017-02-02T23:09:08.690+0100: 3,063: Total time for which application threads were stopped: 0,0004702 seconds, Stopping threads took: 0,0000331 seconds
2017-02-02T23:09:08.712+0100: 3,084: Total time for which application threads were stopped: 0,0004388 seconds, Stopping threads took: 0,0000545 seconds
{Heap before GC invocations=6 (full 1):
 par new generation   total 109248K, used 99306K [0x00000000e0000000, 0x00000000e8000000, 0x00000000e8000000)
  eden space 87424K, 100% used [0x00000000e0000000, 0x00000000e5560000, 0x00000000e5560000)
  from space 21824K,  54% used [0x00000000e5560000, 0x00000000e60faab0, 0x00000000e6ab0000)
  to   space 21824K,   0% used [0x00000000e6ab0000, 0x00000000e6ab0000, 0x00000000e8000000)
 concurrent mark-sweep generation total 393216K, used 0K [0x00000000e8000000, 0x0000000100000000, 0x0000000100000000)
 Metaspace       used 26776K, capacity 27276K, committed 27336K, reserved 1073152K
  class space    used 3103K, capacity 3272K, committed 3272K, reserved 1048576K
2017-02-02T23:09:09.073+0100: 3,445: [GC (Allocation Failure) 2017-02-02T23:09:09.073+0100: 3,445: [ParNew
Desired survivor size 20112992 bytes, new threshold 8 (max 8)
- age   1:    6289320 bytes,    6289320 total
- age   2:     342976 bytes,    6632296 total
- age   3:     129144 bytes,    6761440 total
- age   4:     309200 bytes,    7070640 total
- age   5:     343704 bytes,    7414344 total
- age   6:    1219112 bytes,    8633456 total
- age   7:    6352160 bytes,   14985616 total
: 99306K->17527K(109248K), 0,0205079 secs] 99306K->17527K(502464K), 0,0205961 secs] [Times: user=0,07 sys=0,00, real=0,02 secs] 
Heap after GC invocations=7 (full 1):
 par new generation   total 109248K, used 17527K [0x00000000e0000000, 0x00000000e8000000, 0x00000000e8000000)
  eden space 87424K,   0% used [0x00000000e0000000, 0x00000000e0000000, 0x00000000e5560000)
  from space 21824K,  80% used [0x00000000e6ab0000, 0x00000000e7bcdd00, 0x00000000e8000000)
  to   space 21824K,   0% used [0x00000000e5560000, 0x00000000e5560000, 0x00000000e6ab0000)
 concurrent mark-sweep generation total 393216K, used 0K [0x00000000e8000000, 0x0000000100000000, 0x0000000100000000)
 Metaspace       used 26776K, capacity 27276K, committed 27336K, reserved 1073152K
  class space    used 3103K, capacity 3272K, committed 3272K, reserved 1048576K
}
2017-02-02T23:09:09.094+0100: 3,466: Total time for which application threads were stopped: 0,0208842 seconds, Stopping threads took: 0,0000448 seconds
2017-02-02T23:09:09.125+0100: 3,498: Total time for which application threads were stopped: 0,0004767 seconds, Stopping threads took: 0,0000354 seconds
2017-02-02T23:09:09.165+0100: 3,537: Total time for which application threads were stopped: 0,0004259 seconds, Stopping threads took: 0,0000356 seconds
2017-02-02T23:09:09.179+0100: 3,551: Total time for which application threads were stopped: 0,0003383 seconds, Stopping threads took: 0,0000214 seconds
2017-02-02T23:09:09.208+0100: 3,580: Total time for which application threads were stopped: 0,0003733 seconds, Stopping threads took: 0,0000208 seconds
2017-02-02T23:09:09.680+0100: 4,053: Total time for which application threads were stopped: 0,0004308 seconds, Stopping threads took: 0,0000275 seconds
2017-02-02T23:09:37.683+0100: 32,056: Total time for which application threads were stopped: 0,0000602 seconds, Stopping threads took: 0,0000165 seconds
2017-02-02T23:11:27.695+0100: 142,067: Total time for which application threads were stopped: 0,0000947 seconds, Stopping threads took: 0,0000456 seconds
2017-02-02T23:11:32.696+0100: 147,068: Total time for which application threads were stopped: 0,0000684 seconds, Stopping threads took: 0,0000171 seconds
2017-02-02T23:32:41.839+0100: 1416,212: Total time for which application threads were stopped: 0,0000874 seconds, Stopping threads took: 0,0000369 seconds
2017-02-02T23:37:26.873+0100: 1701,246: Total time for which application threads were stopped: 0,0000859 seconds, Stopping threads took: 0,0000327 seconds
2017-02-02T23:41:48.047+0100: 1962,419: Total time for which application threads were stopped: 0,0047739 seconds, Stopping threads took: 0,0046235 seconds
Heap
 par new generation   total 109248K, used 60719K [0x00000000e0000000, 0x00000000e8000000, 0x00000000e8000000)
  eden space 87424K,  49% used [0x00000000e0000000, 0x00000000e2a2e2f8, 0x00000000e5560000)
  from space 21824K,  80% used [0x00000000e6ab0000, 0x00000000e7bcdd00, 0x00000000e8000000)
  to   space 21824K,   0% used [0x00000000e5560000, 0x00000000e5560000, 0x00000000e6ab0000)
 concurrent mark-sweep generation total 393216K, used 0K [0x00000000e8000000, 0x0000000100000000, 0x0000000100000000)
 Metaspace       used 29179K, capacity 29716K, committed 30024K, reserved 1075200K
  class space    used 3371K, capacity 3568K, committed 3656K, reserved 1048576K
