OpenJDK 64-Bit Server VM (25.111-b14) for linux-amd64 JRE (1.8.0_111-8u111-b14-2ubuntu0.16.04.2-b14), built on Oct 27 2016 18:10:19 by "buildd" with gcc 5.4.0 20160609
Memory: 4k page, physical 7867876k(7404524k free), swap 8076284k(8076284k free)
CommandLine flags: -XX:CMSInitiatingOccupancyFraction=50 -XX:CMSMaxAbortablePrecleanTime=6000 -XX:+CMSParallelRemarkEnabled -XX:+CMSScavengeBeforeRemark -XX:ConcGCThreads=4 -XX:InitialHeapSize=536870912 -XX:MaxHeapSize=536870912 -XX:MaxTenuringThreshold=8 -XX:NewRatio=3 -XX:OldPLABSize=16 -XX:OnOutOfMemoryError=/opt/solr/bin/oom_solr.sh 8983 /var/solr/logs -XX:ParallelGCThreads=4 -XX:+ParallelRefProcEnabled -XX:PretenureSizeThreshold=67108864 -XX:+PrintGC -XX:+PrintGCApplicationStoppedTime -XX:+PrintGCDateStamps -XX:+PrintGCDetails -XX:+PrintGCTimeStamps -XX:+PrintHeapAtGC -XX:+PrintTenuringDistribution -XX:SurvivorRatio=4 -XX:TargetSurvivorRatio=90 -XX:ThreadStackSize=256 -XX:+UseCMSInitiatingOccupancyOnly -XX:+UseCompressedClassPointers -XX:+UseCompressedOops -XX:+UseConcMarkSweepGC -XX:+UseParNewGC 
2016-11-14T21:06:32.866+0100: 0,131: Total time for which application threads were stopped: 0,0000602 seconds, Stopping threads took: 0,0000100 seconds
2016-11-14T21:06:32.947+0100: 0,212: Total time for which application threads were stopped: 0,0001203 seconds, Stopping threads took: 0,0000165 seconds
2016-11-14T21:06:32.961+0100: 0,226: Total time for which application threads were stopped: 0,0000750 seconds, Stopping threads took: 0,0000102 seconds
2016-11-14T21:06:33.130+0100: 0,395: Total time for which application threads were stopped: 0,0001392 seconds, Stopping threads took: 0,0000166 seconds
2016-11-14T21:06:33.319+0100: 0,585: Total time for which application threads were stopped: 0,0001425 seconds, Stopping threads took: 0,0000122 seconds
2016-11-14T21:06:33.377+0100: 0,642: Total time for which application threads were stopped: 0,0001409 seconds, Stopping threads took: 0,0000126 seconds
2016-11-14T21:06:33.394+0100: 0,659: Total time for which application threads were stopped: 0,0001842 seconds, Stopping threads took: 0,0000194 seconds
2016-11-14T21:06:33.602+0100: 0,867: Total time for which application threads were stopped: 0,0001773 seconds, Stopping threads took: 0,0000289 seconds
2016-11-14T21:06:33.842+0100: 1,107: Total time for which application threads were stopped: 0,0002470 seconds, Stopping threads took: 0,0000154 seconds
2016-11-14T21:06:33.864+0100: 1,129: Total time for which application threads were stopped: 0,0001730 seconds, Stopping threads took: 0,0000140 seconds
2016-11-14T21:06:33.865+0100: 1,130: Total time for which application threads were stopped: 0,0001065 seconds, Stopping threads took: 0,0000090 seconds
2016-11-14T21:06:33.879+0100: 1,144: Total time for which application threads were stopped: 0,0001798 seconds, Stopping threads took: 0,0000139 seconds
2016-11-14T21:06:33.968+0100: 1,233: Total time for which application threads were stopped: 0,0002382 seconds, Stopping threads took: 0,0000316 seconds
2016-11-14T21:06:34.189+0100: 1,454: Total time for which application threads were stopped: 0,0002283 seconds, Stopping threads took: 0,0000273 seconds
{Heap before GC invocations=0 (full 0):
 par new generation   total 109248K, used 87424K [0x00000000e0000000, 0x00000000e8000000, 0x00000000e8000000)
  eden space 87424K, 100% used [0x00000000e0000000, 0x00000000e5560000, 0x00000000e5560000)
  from space 21824K,   0% used [0x00000000e5560000, 0x00000000e5560000, 0x00000000e6ab0000)
  to   space 21824K,   0% used [0x00000000e6ab0000, 0x00000000e6ab0000, 0x00000000e8000000)
 concurrent mark-sweep generation total 393216K, used 0K [0x00000000e8000000, 0x0000000100000000, 0x0000000100000000)
 Metaspace       used 18073K, capacity 18366K, committed 18560K, reserved 1064960K
  class space    used 2053K, capacity 2162K, committed 2176K, reserved 1048576K
2016-11-14T21:06:34.371+0100: 1,636: [GC (Allocation Failure) 2016-11-14T21:06:34.371+0100: 1,636: [ParNew
Desired survivor size 20112992 bytes, new threshold 8 (max 8)
- age   1:   12334664 bytes,   12334664 total
: 87424K->12175K(109248K), 0,0243583 secs] 87424K->12175K(502464K), 0,0244474 secs] [Times: user=0,03 sys=0,01, real=0,03 secs] 
Heap after GC invocations=1 (full 0):
 par new generation   total 109248K, used 12175K [0x00000000e0000000, 0x00000000e8000000, 0x00000000e8000000)
  eden space 87424K,   0% used [0x00000000e0000000, 0x00000000e0000000, 0x00000000e5560000)
  from space 21824K,  55% used [0x00000000e6ab0000, 0x00000000e7693ee0, 0x00000000e8000000)
  to   space 21824K,   0% used [0x00000000e5560000, 0x00000000e5560000, 0x00000000e6ab0000)
 concurrent mark-sweep generation total 393216K, used 0K [0x00000000e8000000, 0x0000000100000000, 0x0000000100000000)
 Metaspace       used 18073K, capacity 18366K, committed 18560K, reserved 1064960K
  class space    used 2053K, capacity 2162K, committed 2176K, reserved 1048576K
}
2016-11-14T21:06:34.395+0100: 1,660: Total time for which application threads were stopped: 0,0246764 seconds, Stopping threads took: 0,0000223 seconds
2016-11-14T21:06:34.752+0100: 2,017: Total time for which application threads were stopped: 0,0002560 seconds, Stopping threads took: 0,0000241 seconds
2016-11-14T21:06:34.797+0100: 2,062: Total time for which application threads were stopped: 0,0003423 seconds, Stopping threads took: 0,0000380 seconds
2016-11-14T21:06:34.846+0100: 2,111: Total time for which application threads were stopped: 0,0003386 seconds, Stopping threads took: 0,0000393 seconds
{Heap before GC invocations=1 (full 0):
 par new generation   total 109248K, used 99599K [0x00000000e0000000, 0x00000000e8000000, 0x00000000e8000000)
  eden space 87424K, 100% used [0x00000000e0000000, 0x00000000e5560000, 0x00000000e5560000)
  from space 21824K,  55% used [0x00000000e6ab0000, 0x00000000e7693ee0, 0x00000000e8000000)
  to   space 21824K,   0% used [0x00000000e5560000, 0x00000000e5560000, 0x00000000e6ab0000)
 concurrent mark-sweep generation total 393216K, used 0K [0x00000000e8000000, 0x0000000100000000, 0x0000000100000000)
 Metaspace       used 20744K, capacity 21084K, committed 21248K, reserved 1069056K
  class space    used 2404K, capacity 2518K, committed 2560K, reserved 1048576K
2016-11-14T21:06:35.535+0100: 2,800: [GC (Allocation Failure) 2016-11-14T21:06:35.535+0100: 2,800: [ParNew
Desired survivor size 20112992 bytes, new threshold 8 (max 8)
- age   1:    2898216 bytes,    2898216 total
- age   2:    6102904 bytes,    9001120 total
: 99599K->13195K(109248K), 0,0215520 secs] 99599K->13195K(502464K), 0,0216215 secs] [Times: user=0,06 sys=0,00, real=0,02 secs] 
Heap after GC invocations=2 (full 0):
 par new generation   total 109248K, used 13195K [0x00000000e0000000, 0x00000000e8000000, 0x00000000e8000000)
  eden space 87424K,   0% used [0x00000000e0000000, 0x00000000e0000000, 0x00000000e5560000)
  from space 21824K,  60% used [0x00000000e5560000, 0x00000000e6242fb8, 0x00000000e6ab0000)
  to   space 21824K,   0% used [0x00000000e6ab0000, 0x00000000e6ab0000, 0x00000000e8000000)
 concurrent mark-sweep generation total 393216K, used 0K [0x00000000e8000000, 0x0000000100000000, 0x0000000100000000)
 Metaspace       used 20744K, capacity 21084K, committed 21248K, reserved 1069056K
  class space    used 2404K, capacity 2518K, committed 2560K, reserved 1048576K
}
2016-11-14T21:06:35.557+0100: 2,822: Total time for which application threads were stopped: 0,0218580 seconds, Stopping threads took: 0,0000344 seconds
2016-11-14T21:06:35.620+0100: 2,885: Total time for which application threads were stopped: 0,0000947 seconds, Stopping threads took: 0,0000175 seconds
2016-11-14T21:06:35.658+0100: 2,923: Total time for which application threads were stopped: 0,0002717 seconds, Stopping threads took: 0,0000184 seconds
2016-11-14T21:06:35.663+0100: 2,928: Total time for which application threads were stopped: 0,0001231 seconds, Stopping threads took: 0,0000224 seconds
2016-11-14T21:06:35.663+0100: 2,928: Total time for which application threads were stopped: 0,0000655 seconds, Stopping threads took: 0,0000284 seconds
2016-11-14T21:06:35.690+0100: 2,955: Total time for which application threads were stopped: 0,0000866 seconds, Stopping threads took: 0,0000168 seconds
2016-11-14T21:06:35.856+0100: 3,121: Total time for which application threads were stopped: 0,0010795 seconds, Stopping threads took: 0,0003825 seconds
2016-11-14T21:06:35.916+0100: 3,181: Total time for which application threads were stopped: 0,0000895 seconds, Stopping threads took: 0,0000245 seconds
2016-11-14T21:06:35.933+0100: 3,198: Total time for which application threads were stopped: 0,0012250 seconds, Stopping threads took: 0,0001223 seconds
2016-11-14T21:06:35.956+0100: 3,221: Total time for which application threads were stopped: 0,0004027 seconds, Stopping threads took: 0,0000220 seconds
2016-11-14T21:06:35.978+0100: 3,243: Total time for which application threads were stopped: 0,0001216 seconds, Stopping threads took: 0,0000434 seconds
2016-11-14T21:06:36.060+0100: 3,325: Total time for which application threads were stopped: 0,0001096 seconds, Stopping threads took: 0,0000219 seconds
2016-11-14T21:06:36.085+0100: 3,350: Total time for which application threads were stopped: 0,0001112 seconds, Stopping threads took: 0,0000243 seconds
2016-11-14T21:06:36.122+0100: 3,387: Total time for which application threads were stopped: 0,0003346 seconds, Stopping threads took: 0,0000260 seconds
2016-11-14T21:06:36.176+0100: 3,441: Total time for which application threads were stopped: 0,0001549 seconds, Stopping threads took: 0,0000302 seconds
2016-11-14T21:06:36.229+0100: 3,494: Total time for which application threads were stopped: 0,0001262 seconds, Stopping threads took: 0,0000316 seconds
2016-11-14T21:06:36.333+0100: 3,598: Total time for which application threads were stopped: 0,0001180 seconds, Stopping threads took: 0,0000238 seconds
2016-11-14T21:06:36.411+0100: 3,677: Total time for which application threads were stopped: 0,0030468 seconds, Stopping threads took: 0,0025294 seconds
{Heap before GC invocations=2 (full 0):
 par new generation   total 109248K, used 100619K [0x00000000e0000000, 0x00000000e8000000, 0x00000000e8000000)
  eden space 87424K,  99% used [0x00000000e0000000, 0x00000000e555fff0, 0x00000000e5560000)
  from space 21824K,  60% used [0x00000000e5560000, 0x00000000e6242fb8, 0x00000000e6ab0000)
  to   space 21824K,   0% used [0x00000000e6ab0000, 0x00000000e6ab0000, 0x00000000e8000000)
 concurrent mark-sweep generation total 393216K, used 0K [0x00000000e8000000, 0x0000000100000000, 0x0000000100000000)
 Metaspace       used 24791K, capacity 25224K, committed 25536K, reserved 1071104K
  class space    used 2894K, capacity 3025K, committed 3092K, reserved 1048576K
2016-11-14T21:06:36.445+0100: 3,710: [GC (Allocation Failure) 2016-11-14T21:06:36.445+0100: 3,710: [ParNew
Desired survivor size 20112992 bytes, new threshold 8 (max 8)
- age   1:    6786112 bytes,    6786112 total
- age   2:     547728 bytes,    7333840 total
- age   3:    6086016 bytes,   13419856 total
: 100619K->15309K(109248K), 0,0596221 secs] 100619K->15309K(502464K), 0,0596883 secs] [Times: user=0,08 sys=0,01, real=0,06 secs] 
Heap after GC invocations=3 (full 0):
 par new generation   total 109248K, used 15309K [0x00000000e0000000, 0x00000000e8000000, 0x00000000e8000000)
  eden space 87424K,   0% used [0x00000000e0000000, 0x00000000e0000000, 0x00000000e5560000)
  from space 21824K,  70% used [0x00000000e6ab0000, 0x00000000e79a37d8, 0x00000000e8000000)
  to   space 21824K,   0% used [0x00000000e5560000, 0x00000000e5560000, 0x00000000e6ab0000)
 concurrent mark-sweep generation total 393216K, used 0K [0x00000000e8000000, 0x0000000100000000, 0x0000000100000000)
 Metaspace       used 24791K, capacity 25224K, committed 25536K, reserved 1071104K
  class space    used 2894K, capacity 3025K, committed 3092K, reserved 1048576K
}
2016-11-14T21:06:36.505+0100: 3,770: Total time for which application threads were stopped: 0,0599138 seconds, Stopping threads took: 0,0000371 seconds
2016-11-14T21:06:36.519+0100: 3,784: [GC (CMS Initial Mark) [1 CMS-initial-mark: 0K(393216K)] 16730K(502464K), 0,0163589 secs] [Times: user=0,01 sys=0,00, real=0,02 secs] 
2016-11-14T21:06:36.536+0100: 3,801: Total time for which application threads were stopped: 0,0170436 seconds, Stopping threads took: 0,0001313 seconds
2016-11-14T21:06:36.536+0100: 3,801: [CMS-concurrent-mark-start]
2016-11-14T21:06:36.539+0100: 3,804: [CMS-concurrent-mark: 0,003/0,003 secs] [Times: user=0,01 sys=0,00, real=0,00 secs] 
2016-11-14T21:06:36.539+0100: 3,804: [CMS-concurrent-preclean-start]
2016-11-14T21:06:36.541+0100: 3,806: [CMS-concurrent-preclean: 0,002/0,002 secs] [Times: user=0,00 sys=0,00, real=0,00 secs] 
2016-11-14T21:06:36.541+0100: 3,807: [GC (CMS Final Remark) [YG occupancy: 16730 K (109248 K)]{Heap before GC invocations=3 (full 1):
 par new generation   total 109248K, used 16730K [0x00000000e0000000, 0x00000000e8000000, 0x00000000e8000000)
  eden space 87424K,   1% used [0x00000000e0000000, 0x00000000e01630d0, 0x00000000e5560000)
  from space 21824K,  70% used [0x00000000e6ab0000, 0x00000000e79a37d8, 0x00000000e8000000)
  to   space 21824K,   0% used [0x00000000e5560000, 0x00000000e5560000, 0x00000000e6ab0000)
 concurrent mark-sweep generation total 393216K, used 0K [0x00000000e8000000, 0x0000000100000000, 0x0000000100000000)
 Metaspace       used 24808K, capacity 25224K, committed 25536K, reserved 1071104K
  class space    used 2896K, capacity 3025K, committed 3092K, reserved 1048576K
2016-11-14T21:06:36.541+0100: 3,807: [GC (CMS Final Remark) 2016-11-14T21:06:36.542+0100: 3,807: [ParNew
Desired survivor size 20112992 bytes, new threshold 8 (max 8)
- age   1:      42528 bytes,      42528 total
- age   2:    3265984 bytes,    3308512 total
- age   3:     547728 bytes,    3856240 total
- age   4:    6086080 bytes,    9942320 total
: 16730K->16274K(109248K), 0,0281146 secs] 16730K->16274K(502464K), 0,0281605 secs] [Times: user=0,06 sys=0,00, real=0,03 secs] 
Heap after GC invocations=4 (full 1):
 par new generation   total 109248K, used 16274K [0x00000000e0000000, 0x00000000e8000000, 0x00000000e8000000)
  eden space 87424K,   0% used [0x00000000e0000000, 0x00000000e0000000, 0x00000000e5560000)
  from space 21824K,  74% used [0x00000000e5560000, 0x00000000e6544a20, 0x00000000e6ab0000)
  to   space 21824K,   0% used [0x00000000e6ab0000, 0x00000000e6ab0000, 0x00000000e8000000)
 concurrent mark-sweep generation total 393216K, used 0K [0x00000000e8000000, 0x0000000100000000, 0x0000000100000000)
 Metaspace       used 24808K, capacity 25224K, committed 25536K, reserved 1071104K
  class space    used 2896K, capacity 3025K, committed 3092K, reserved 1048576K
}
2016-11-14T21:06:36.570+0100: 3,835: [Rescan (parallel) , 0,0072805 secs]2016-11-14T21:06:36.577+0100: 3,842: [weak refs processing, 0,0032846 secs]2016-11-14T21:06:36.580+0100: 3,845: [class unloading, 0,0051831 secs]2016-11-14T21:06:36.586+0100: 3,851: [scrub symbol table, 0,0068029 secs]2016-11-14T21:06:36.592+0100: 3,857: [scrub string table, 0,0004350 secs][1 CMS-remark: 0K(393216K)] 16274K(502464K), 0,0521442 secs] [Times: user=0,08 sys=0,00, real=0,05 secs] 
2016-11-14T21:06:36.594+0100: 3,859: Total time for which application threads were stopped: 0,0522638 seconds, Stopping threads took: 0,0000192 seconds
2016-11-14T21:06:36.596+0100: 3,861: [CMS-concurrent-sweep-start]
2016-11-14T21:06:36.596+0100: 3,861: [CMS-concurrent-sweep: 0,000/0,000 secs] [Times: user=0,00 sys=0,00, real=0,00 secs] 
2016-11-14T21:06:36.596+0100: 3,861: [CMS-concurrent-reset-start]
2016-11-14T21:06:36.599+0100: 3,864: [CMS-concurrent-reset: 0,003/0,003 secs] [Times: user=0,00 sys=0,01, real=0,00 secs] 
2016-11-14T21:06:36.667+0100: 3,932: Total time for which application threads were stopped: 0,0004220 seconds, Stopping threads took: 0,0000257 seconds
2016-11-14T21:06:36.681+0100: 3,946: Total time for which application threads were stopped: 0,0003816 seconds, Stopping threads took: 0,0000185 seconds
2016-11-14T21:06:36.793+0100: 4,058: Total time for which application threads were stopped: 0,0005392 seconds, Stopping threads took: 0,0000480 seconds
2016-11-14T21:06:36.814+0100: 4,079: Total time for which application threads were stopped: 0,0001222 seconds, Stopping threads took: 0,0000488 seconds
2016-11-14T21:06:37.814+0100: 5,079: Total time for which application threads were stopped: 0,0000900 seconds, Stopping threads took: 0,0000193 seconds
2016-11-14T21:07:03.029+0100: 31,082: Total time for which application threads were stopped: 0,0003287 seconds, Stopping threads took: 0,0001052 seconds
2016-11-14T21:07:33.032+0100: 61,085: Total time for which application threads were stopped: 0,0001568 seconds, Stopping threads took: 0,0000634 seconds
2016-11-14T21:07:48.034+0100: 76,087: Total time for which application threads were stopped: 0,0000806 seconds, Stopping threads took: 0,0000220 seconds
2016-11-14T21:07:58.035+0100: 86,088: Total time for which application threads were stopped: 0,0000719 seconds, Stopping threads took: 0,0000193 seconds
2016-11-14T21:08:03.035+0100: 91,088: Total time for which application threads were stopped: 0,0000757 seconds, Stopping threads took: 0,0000238 seconds
2016-11-14T21:09:08.042+0100: 156,095: Total time for which application threads were stopped: 0,0000854 seconds, Stopping threads took: 0,0000291 seconds
2016-11-14T21:09:14.042+0100: 162,095: Total time for which application threads were stopped: 0,0000637 seconds, Stopping threads took: 0,0000186 seconds
2016-11-14T21:09:19.043+0100: 167,096: Total time for which application threads were stopped: 0,0000608 seconds, Stopping threads took: 0,0000159 seconds
2016-11-14T21:10:09.049+0100: 217,102: Total time for which application threads were stopped: 0,0000894 seconds, Stopping threads took: 0,0000381 seconds
2016-11-14T21:11:19.056+0100: 287,109: Total time for which application threads were stopped: 0,0000776 seconds, Stopping threads took: 0,0000326 seconds
2016-11-14T21:27:04.160+0100: 1232,213: Total time for which application threads were stopped: 0,0000794 seconds, Stopping threads took: 0,0000303 seconds
2016-11-14T21:30:18.184+0100: 1426,237: Total time for which application threads were stopped: 0,0002072 seconds, Stopping threads took: 0,0000931 seconds
2016-11-14T21:34:53.214+0100: 1701,267: Total time for which application threads were stopped: 0,0000786 seconds, Stopping threads took: 0,0000332 seconds
2016-11-14T21:45:14.266+0100: 2322,319: Total time for which application threads were stopped: 0,0000775 seconds, Stopping threads took: 0,0000315 seconds
2016-11-14T21:45:18.266+0100: 2326,319: Total time for which application threads were stopped: 0,0002821 seconds, Stopping threads took: 0,0000793 seconds
2016-11-14T21:59:48.344+0100: 3196,397: Total time for which application threads were stopped: 0,0001560 seconds, Stopping threads took: 0,0000487 seconds
2016-11-14T22:10:53.407+0100: 3861,460: Total time for which application threads were stopped: 0,0005090 seconds, Stopping threads took: 0,0002288 seconds
2016-11-14T22:11:08.408+0100: 3876,461: Total time for which application threads were stopped: 0,0001007 seconds, Stopping threads took: 0,0000398 seconds
2016-11-14T22:13:33.424+0100: 4021,477: Total time for which application threads were stopped: 0,0003656 seconds, Stopping threads took: 0,0001910 seconds
2016-11-14T22:52:03.693+0100: 6331,746: Total time for which application threads were stopped: 0,0000735 seconds, Stopping threads took: 0,0000301 seconds
2016-11-14T22:52:33.698+0100: 6361,751: Total time for which application threads were stopped: 0,0001659 seconds, Stopping threads took: 0,0000644 seconds
2016-11-14T22:54:33.713+0100: 6481,766: Total time for which application threads were stopped: 0,0001289 seconds, Stopping threads took: 0,0000507 seconds
2016-11-14T23:10:03.834+0100: 7411,887: Total time for which application threads were stopped: 0,0000739 seconds, Stopping threads took: 0,0000312 seconds
2016-11-14T23:11:03.841+0100: 7471,894: Total time for which application threads were stopped: 0,0001087 seconds, Stopping threads took: 0,0000374 seconds
2016-11-14T23:11:33.844+0100: 7501,897: Total time for which application threads were stopped: 0,0000848 seconds, Stopping threads took: 0,0000301 seconds
2016-11-14T23:12:03.848+0100: 7531,901: Total time for which application threads were stopped: 0,0004873 seconds, Stopping threads took: 0,0002046 seconds
2016-11-14T23:14:33.863+0100: 7681,916: Total time for which application threads were stopped: 0,0000729 seconds, Stopping threads took: 0,0000287 seconds
2016-11-14T23:15:03.866+0100: 7711,919: Total time for which application threads were stopped: 0,0000956 seconds, Stopping threads took: 0,0000386 seconds
2016-11-15T00:03:20.920+0100: 10608,973: Total time for which application threads were stopped: 0,0000934 seconds, Stopping threads took: 0,0000168 seconds
2016-11-15T00:03:20.930+0100: 10608,983: Total time for which application threads were stopped: 0,0001206 seconds, Stopping threads took: 0,0000548 seconds
2016-11-15T00:03:20.933+0100: 10608,986: Total time for which application threads were stopped: 0,0001165 seconds, Stopping threads took: 0,0000267 seconds
Heap
 par new generation   total 109248K, used 61322K [0x00000000e0000000, 0x00000000e8000000, 0x00000000e8000000)
  eden space 87424K,  51% used [0x00000000e0000000, 0x00000000e2bfe1b0, 0x00000000e5560000)
  from space 21824K,  74% used [0x00000000e5560000, 0x00000000e6544a20, 0x00000000e6ab0000)
  to   space 21824K,   0% used [0x00000000e6ab0000, 0x00000000e6ab0000, 0x00000000e8000000)
 concurrent mark-sweep generation total 393216K, used 0K [0x00000000e8000000, 0x0000000100000000, 0x0000000100000000)
 Metaspace       used 27237K, capacity 27664K, committed 27924K, reserved 1073152K
  class space    used 3167K, capacity 3321K, committed 3348K, reserved 1048576K
