OpenJDK 64-Bit Server VM (25.111-b14) for linux-amd64 JRE (1.8.0_111-8u111-b14-2ubuntu0.16.04.2-b14), built on Oct 27 2016 18:10:19 by "buildd" with gcc 5.4.0 20160609
Memory: 4k page, physical 7867804k(7515276k free), swap 8076284k(8076284k free)
CommandLine flags: -XX:CMSInitiatingOccupancyFraction=50 -XX:CMSMaxAbortablePrecleanTime=6000 -XX:+CMSParallelRemarkEnabled -XX:+CMSScavengeBeforeRemark -XX:ConcGCThreads=4 -XX:InitialHeapSize=536870912 -XX:MaxHeapSize=536870912 -XX:MaxTenuringThreshold=8 -XX:NewRatio=3 -XX:OldPLABSize=16 -XX:OnOutOfMemoryError=/opt/solr/bin/oom_solr.sh 8983 /var/solr/logs -XX:ParallelGCThreads=4 -XX:+ParallelRefProcEnabled -XX:PretenureSizeThreshold=67108864 -XX:+PrintGC -XX:+PrintGCApplicationStoppedTime -XX:+PrintGCDateStamps -XX:+PrintGCDetails -XX:+PrintGCTimeStamps -XX:+PrintHeapAtGC -XX:+PrintTenuringDistribution -XX:SurvivorRatio=4 -XX:TargetSurvivorRatio=90 -XX:ThreadStackSize=256 -XX:+UseCMSInitiatingOccupancyOnly -XX:+UseCompressedClassPointers -XX:+UseCompressedOops -XX:+UseConcMarkSweepGC -XX:+UseParNewGC 
2017-01-11T10:14:25.825+0100: 0,129: Total time for which application threads were stopped: 0,0000609 seconds, Stopping threads took: 0,0000097 seconds
2017-01-11T10:14:25.920+0100: 0,225: Total time for which application threads were stopped: 0,0001173 seconds, Stopping threads took: 0,0000146 seconds
2017-01-11T10:14:25.934+0100: 0,238: Total time for which application threads were stopped: 0,0001403 seconds, Stopping threads took: 0,0000577 seconds
2017-01-11T10:14:26.155+0100: 0,459: Total time for which application threads were stopped: 0,0001355 seconds, Stopping threads took: 0,0000137 seconds
2017-01-11T10:14:26.600+0100: 0,905: Total time for which application threads were stopped: 0,0001716 seconds, Stopping threads took: 0,0000150 seconds
2017-01-11T10:14:26.735+0100: 1,040: Total time for which application threads were stopped: 0,0002157 seconds, Stopping threads took: 0,0000351 seconds
2017-01-11T10:14:26.810+0100: 1,114: Total time for which application threads were stopped: 0,0002252 seconds, Stopping threads took: 0,0000290 seconds
2017-01-11T10:14:27.116+0100: 1,421: Total time for which application threads were stopped: 0,0002837 seconds, Stopping threads took: 0,0000290 seconds
2017-01-11T10:14:27.317+0100: 1,621: Total time for which application threads were stopped: 0,0001925 seconds, Stopping threads took: 0,0000108 seconds
2017-01-11T10:14:27.339+0100: 1,643: Total time for which application threads were stopped: 0,0002352 seconds, Stopping threads took: 0,0000148 seconds
2017-01-11T10:14:27.340+0100: 1,644: Total time for which application threads were stopped: 0,0001322 seconds, Stopping threads took: 0,0000082 seconds
2017-01-11T10:14:27.351+0100: 1,656: Total time for which application threads were stopped: 0,0001555 seconds, Stopping threads took: 0,0000133 seconds
2017-01-11T10:14:27.442+0100: 1,746: Total time for which application threads were stopped: 0,0003504 seconds, Stopping threads took: 0,0000368 seconds
2017-01-11T10:14:27.595+0100: 1,899: Total time for which application threads were stopped: 0,0004947 seconds, Stopping threads took: 0,0002739 seconds
{Heap before GC invocations=0 (full 0):
 par new generation   total 109248K, used 87424K [0x00000000e0000000, 0x00000000e8000000, 0x00000000e8000000)
  eden space 87424K, 100% used [0x00000000e0000000, 0x00000000e5560000, 0x00000000e5560000)
  from space 21824K,   0% used [0x00000000e5560000, 0x00000000e5560000, 0x00000000e6ab0000)
  to   space 21824K,   0% used [0x00000000e6ab0000, 0x00000000e6ab0000, 0x00000000e8000000)
 concurrent mark-sweep generation total 393216K, used 0K [0x00000000e8000000, 0x0000000100000000, 0x0000000100000000)
 Metaspace       used 18340K, capacity 18686K, committed 18944K, reserved 1067008K
  class space    used 2090K, capacity 2226K, committed 2304K, reserved 1048576K
2017-01-11T10:14:27.738+0100: 2,043: [GC (Allocation Failure) 2017-01-11T10:14:27.738+0100: 2,043: [ParNew
Desired survivor size 20112992 bytes, new threshold 8 (max 8)
- age   1:   12576608 bytes,   12576608 total
: 87424K->12407K(109248K), 0,0173257 secs] 87424K->12407K(502464K), 0,0174223 secs] [Times: user=0,05 sys=0,00, real=0,01 secs] 
Heap after GC invocations=1 (full 0):
 par new generation   total 109248K, used 12407K [0x00000000e0000000, 0x00000000e8000000, 0x00000000e8000000)
  eden space 87424K,   0% used [0x00000000e0000000, 0x00000000e0000000, 0x00000000e5560000)
  from space 21824K,  56% used [0x00000000e6ab0000, 0x00000000e76cdfe8, 0x00000000e8000000)
  to   space 21824K,   0% used [0x00000000e5560000, 0x00000000e5560000, 0x00000000e6ab0000)
 concurrent mark-sweep generation total 393216K, used 0K [0x00000000e8000000, 0x0000000100000000, 0x0000000100000000)
 Metaspace       used 18340K, capacity 18686K, committed 18944K, reserved 1067008K
  class space    used 2090K, capacity 2226K, committed 2304K, reserved 1048576K
}
2017-01-11T10:14:27.756+0100: 2,060: Total time for which application threads were stopped: 0,0176339 seconds, Stopping threads took: 0,0000248 seconds
2017-01-11T10:14:27.913+0100: 2,217: Total time for which application threads were stopped: 0,0002951 seconds, Stopping threads took: 0,0000242 seconds
2017-01-11T10:14:27.943+0100: 2,248: Total time for which application threads were stopped: 0,0003169 seconds, Stopping threads took: 0,0000259 seconds
2017-01-11T10:14:27.970+0100: 2,274: Total time for which application threads were stopped: 0,0003135 seconds, Stopping threads took: 0,0000255 seconds
{Heap before GC invocations=1 (full 0):
 par new generation   total 109248K, used 99831K [0x00000000e0000000, 0x00000000e8000000, 0x00000000e8000000)
  eden space 87424K, 100% used [0x00000000e0000000, 0x00000000e5560000, 0x00000000e5560000)
  from space 21824K,  56% used [0x00000000e6ab0000, 0x00000000e76cdfe8, 0x00000000e8000000)
  to   space 21824K,   0% used [0x00000000e5560000, 0x00000000e5560000, 0x00000000e6ab0000)
 concurrent mark-sweep generation total 393216K, used 0K [0x00000000e8000000, 0x0000000100000000, 0x0000000100000000)
 Metaspace       used 20717K, capacity 21020K, committed 21248K, reserved 1069056K
  class space    used 2403K, capacity 2518K, committed 2560K, reserved 1048576K
2017-01-11T10:14:28.137+0100: 2,442: [GC (Allocation Failure) 2017-01-11T10:14:28.137+0100: 2,442: [ParNew
Desired survivor size 20112992 bytes, new threshold 8 (max 8)
- age   1:    2815824 bytes,    2815824 total
- age   2:    6138328 bytes,    8954152 total
: 99831K->11426K(109248K), 0,0097473 secs] 99831K->11426K(502464K), 0,0098274 secs] [Times: user=0,02 sys=0,00, real=0,02 secs] 
Heap after GC invocations=2 (full 0):
 par new generation   total 109248K, used 11426K [0x00000000e0000000, 0x00000000e8000000, 0x00000000e8000000)
  eden space 87424K,   0% used [0x00000000e0000000, 0x00000000e0000000, 0x00000000e5560000)
  from space 21824K,  52% used [0x00000000e5560000, 0x00000000e6088ae0, 0x00000000e6ab0000)
  to   space 21824K,   0% used [0x00000000e6ab0000, 0x00000000e6ab0000, 0x00000000e8000000)
 concurrent mark-sweep generation total 393216K, used 0K [0x00000000e8000000, 0x0000000100000000, 0x0000000100000000)
 Metaspace       used 20717K, capacity 21020K, committed 21248K, reserved 1069056K
  class space    used 2403K, capacity 2518K, committed 2560K, reserved 1048576K
}
2017-01-11T10:14:28.147+0100: 2,452: Total time for which application threads were stopped: 0,0100503 seconds, Stopping threads took: 0,0000282 seconds
2017-01-11T10:14:28.197+0100: 2,501: Total time for which application threads were stopped: 0,0000719 seconds, Stopping threads took: 0,0000126 seconds
2017-01-11T10:14:28.233+0100: 2,537: Total time for which application threads were stopped: 0,0002562 seconds, Stopping threads took: 0,0000143 seconds
2017-01-11T10:14:28.237+0100: 2,542: Total time for which application threads were stopped: 0,0001665 seconds, Stopping threads took: 0,0000920 seconds
2017-01-11T10:14:28.257+0100: 2,562: Total time for which application threads were stopped: 0,0000891 seconds, Stopping threads took: 0,0000130 seconds
2017-01-11T10:14:28.344+0100: 2,649: Total time for which application threads were stopped: 0,0001240 seconds, Stopping threads took: 0,0000215 seconds
2017-01-11T10:14:28.363+0100: 2,667: Total time for which application threads were stopped: 0,0001021 seconds, Stopping threads took: 0,0000195 seconds
2017-01-11T10:14:28.370+0100: 2,674: Total time for which application threads were stopped: 0,0003181 seconds, Stopping threads took: 0,0000287 seconds
2017-01-11T10:14:28.377+0100: 2,681: Total time for which application threads were stopped: 0,0002832 seconds, Stopping threads took: 0,0000212 seconds
2017-01-11T10:14:28.391+0100: 2,695: Total time for which application threads were stopped: 0,0001008 seconds, Stopping threads took: 0,0000207 seconds
2017-01-11T10:14:28.419+0100: 2,724: Total time for which application threads were stopped: 0,0000909 seconds, Stopping threads took: 0,0000227 seconds
2017-01-11T10:14:28.436+0100: 2,741: Total time for which application threads were stopped: 0,0000786 seconds, Stopping threads took: 0,0000214 seconds
2017-01-11T10:14:28.450+0100: 2,754: Total time for which application threads were stopped: 0,0000805 seconds, Stopping threads took: 0,0000218 seconds
2017-01-11T10:14:28.475+0100: 2,780: Total time for which application threads were stopped: 0,0000727 seconds, Stopping threads took: 0,0000125 seconds
2017-01-11T10:14:28.504+0100: 2,808: Total time for which application threads were stopped: 0,0001321 seconds, Stopping threads took: 0,0000298 seconds
2017-01-11T10:14:28.558+0100: 2,863: Total time for which application threads were stopped: 0,0001001 seconds, Stopping threads took: 0,0000318 seconds
2017-01-11T10:14:28.586+0100: 2,890: Total time for which application threads were stopped: 0,0001065 seconds, Stopping threads took: 0,0000281 seconds
{Heap before GC invocations=2 (full 0):
 par new generation   total 109248K, used 98850K [0x00000000e0000000, 0x00000000e8000000, 0x00000000e8000000)
  eden space 87424K, 100% used [0x00000000e0000000, 0x00000000e5560000, 0x00000000e5560000)
  from space 21824K,  52% used [0x00000000e5560000, 0x00000000e6088ae0, 0x00000000e6ab0000)
  to   space 21824K,   0% used [0x00000000e6ab0000, 0x00000000e6ab0000, 0x00000000e8000000)
 concurrent mark-sweep generation total 393216K, used 0K [0x00000000e8000000, 0x0000000100000000, 0x0000000100000000)
 Metaspace       used 25135K, capacity 25511K, committed 25612K, reserved 1073152K
  class space    used 2923K, capacity 3056K, committed 3064K, reserved 1048576K
2017-01-11T10:14:28.618+0100: 2,922: [GC (Allocation Failure) 2017-01-11T10:14:28.618+0100: 2,922: [ParNew
Desired survivor size 20112992 bytes, new threshold 8 (max 8)
- age   1:    6943104 bytes,    6943104 total
- age   2:     513616 bytes,    7456720 total
- age   3:    6121240 bytes,   13577960 total
: 98850K->15549K(109248K), 0,0121514 secs] 98850K->15549K(502464K), 0,0122437 secs] [Times: user=0,04 sys=0,00, real=0,02 secs] 
Heap after GC invocations=3 (full 0):
 par new generation   total 109248K, used 15549K [0x00000000e0000000, 0x00000000e8000000, 0x00000000e8000000)
  eden space 87424K,   0% used [0x00000000e0000000, 0x00000000e0000000, 0x00000000e5560000)
  from space 21824K,  71% used [0x00000000e6ab0000, 0x00000000e79df760, 0x00000000e8000000)
  to   space 21824K,   0% used [0x00000000e5560000, 0x00000000e5560000, 0x00000000e6ab0000)
 concurrent mark-sweep generation total 393216K, used 0K [0x00000000e8000000, 0x0000000100000000, 0x0000000100000000)
 Metaspace       used 25135K, capacity 25511K, committed 25612K, reserved 1073152K
  class space    used 2923K, capacity 3056K, committed 3064K, reserved 1048576K
}
2017-01-11T10:14:28.630+0100: 2,935: Total time for which application threads were stopped: 0,0124088 seconds, Stopping threads took: 0,0000249 seconds
2017-01-11T10:14:28.632+0100: 2,936: [GC (CMS Initial Mark) [1 CMS-initial-mark: 0K(393216K)] 16962K(502464K), 0,0044643 secs] [Times: user=0,01 sys=0,00, real=0,00 secs] 
2017-01-11T10:14:28.637+0100: 2,941: Total time for which application threads were stopped: 0,0045894 seconds, Stopping threads took: 0,0000443 seconds
2017-01-11T10:14:28.637+0100: 2,941: [CMS-concurrent-mark-start]
2017-01-11T10:14:28.637+0100: 2,941: [CMS-concurrent-mark: 0,000/0,000 secs] [Times: user=0,00 sys=0,00, real=0,00 secs] 
2017-01-11T10:14:28.637+0100: 2,941: [CMS-concurrent-preclean-start]
2017-01-11T10:14:28.638+0100: 2,942: [CMS-concurrent-preclean: 0,001/0,001 secs] [Times: user=0,00 sys=0,00, real=0,00 secs] 
2017-01-11T10:14:28.638+0100: 2,942: [GC (CMS Final Remark) [YG occupancy: 16962 K (109248 K)]{Heap before GC invocations=3 (full 1):
 par new generation   total 109248K, used 16962K [0x00000000e0000000, 0x00000000e8000000, 0x00000000e8000000)
  eden space 87424K,   1% used [0x00000000e0000000, 0x00000000e0161490, 0x00000000e5560000)
  from space 21824K,  71% used [0x00000000e6ab0000, 0x00000000e79df760, 0x00000000e8000000)
  to   space 21824K,   0% used [0x00000000e5560000, 0x00000000e5560000, 0x00000000e6ab0000)
 concurrent mark-sweep generation total 393216K, used 0K [0x00000000e8000000, 0x0000000100000000, 0x0000000100000000)
 Metaspace       used 25155K, capacity 25517K, committed 25612K, reserved 1073152K
  class space    used 2925K, capacity 3057K, committed 3064K, reserved 1048576K
2017-01-11T10:14:28.638+0100: 2,942: [GC (CMS Final Remark) 2017-01-11T10:14:28.638+0100: 2,942: [ParNew
Desired survivor size 20112992 bytes, new threshold 8 (max 8)
- age   1:      12304 bytes,      12304 total
- age   2:    3177104 bytes,    3189408 total
- age   3:     513544 bytes,    3702952 total
- age   4:    6120472 bytes,    9823424 total
: 16962K->14049K(109248K), 0,0098382 secs] 16962K->14049K(502464K), 0,0098876 secs] [Times: user=0,03 sys=0,01, real=0,02 secs] 
Heap after GC invocations=4 (full 1):
 par new generation   total 109248K, used 14049K [0x00000000e0000000, 0x00000000e8000000, 0x00000000e8000000)
  eden space 87424K,   0% used [0x00000000e0000000, 0x00000000e0000000, 0x00000000e5560000)
  from space 21824K,  64% used [0x00000000e5560000, 0x00000000e6318648, 0x00000000e6ab0000)
  to   space 21824K,   0% used [0x00000000e6ab0000, 0x00000000e6ab0000, 0x00000000e8000000)
 concurrent mark-sweep generation total 393216K, used 0K [0x00000000e8000000, 0x0000000100000000, 0x0000000100000000)
 Metaspace       used 25155K, capacity 25517K, committed 25612K, reserved 1073152K
  class space    used 2925K, capacity 3057K, committed 3064K, reserved 1048576K
}
2017-01-11T10:14:28.648+0100: 2,952: [Rescan (parallel) , 0,0038146 secs]2017-01-11T10:14:28.651+0100: 2,956: [weak refs processing, 0,0010935 secs]2017-01-11T10:14:28.653+0100: 2,957: [class unloading, 0,0032108 secs]2017-01-11T10:14:28.656+0100: 2,960: [scrub symbol table, 0,0040902 secs]2017-01-11T10:14:28.660+0100: 2,964: [scrub string table, 0,0004220 secs][1 CMS-remark: 0K(393216K)] 14049K(502464K), 0,0232564 secs] [Times: user=0,06 sys=0,01, real=0,03 secs] 
2017-01-11T10:14:28.661+0100: 2,965: Total time for which application threads were stopped: 0,0233490 seconds, Stopping threads took: 0,0000271 seconds
2017-01-11T10:14:28.661+0100: 2,965: [CMS-concurrent-sweep-start]
2017-01-11T10:14:28.661+0100: 2,965: [CMS-concurrent-sweep: 0,000/0,000 secs] [Times: user=0,00 sys=0,00, real=0,00 secs] 
2017-01-11T10:14:28.661+0100: 2,965: [CMS-concurrent-reset-start]
2017-01-11T10:14:28.663+0100: 2,967: [CMS-concurrent-reset: 0,002/0,002 secs] [Times: user=0,00 sys=0,00, real=0,00 secs] 
2017-01-11T10:14:28.697+0100: 3,002: Total time for which application threads were stopped: 0,0004425 seconds, Stopping threads took: 0,0000467 seconds
2017-01-11T10:14:28.713+0100: 3,017: Total time for which application threads were stopped: 0,0003578 seconds, Stopping threads took: 0,0000250 seconds
2017-01-11T10:14:29.713+0100: 4,018: Total time for which application threads were stopped: 0,0000895 seconds, Stopping threads took: 0,0000158 seconds
2017-01-11T10:14:29.750+0100: 4,055: Total time for which application threads were stopped: 0,0003131 seconds, Stopping threads took: 0,0000174 seconds
2017-01-11T10:14:57.753+0100: 32,058: Total time for which application threads were stopped: 0,0000711 seconds, Stopping threads took: 0,0000323 seconds
2017-01-11T10:17:07.125+0100: 162,073: Total time for which application threads were stopped: 0,0001145 seconds, Stopping threads took: 0,0000458 seconds
2017-01-11T10:17:12.126+0100: 167,074: Total time for which application threads were stopped: 0,0000691 seconds, Stopping threads took: 0,0000289 seconds
2017-01-11T10:17:26.128+0100: 181,076: Total time for which application threads were stopped: 0,0001322 seconds, Stopping threads took: 0,0000346 seconds
2017-01-11T10:18:07.134+0100: 222,082: Total time for which application threads were stopped: 0,0000752 seconds, Stopping threads took: 0,0000314 seconds
2017-01-11T10:18:46.139+0100: 261,087: Total time for which application threads were stopped: 0,0000959 seconds, Stopping threads took: 0,0000426 seconds
2017-01-11T10:18:51.140+0100: 266,088: Total time for which application threads were stopped: 0,0001581 seconds, Stopping threads took: 0,0000410 seconds
2017-01-11T10:18:56.141+0100: 271,089: Total time for which application threads were stopped: 0,0000610 seconds, Stopping threads took: 0,0000153 seconds
2017-01-11T10:19:12.143+0100: 287,091: Total time for which application threads were stopped: 0,0000963 seconds, Stopping threads took: 0,0000416 seconds
2017-01-11T10:19:47.146+0100: 322,095: Total time for which application threads were stopped: 0,0000839 seconds, Stopping threads took: 0,0000297 seconds
2017-01-11T10:25:12.183+0100: 647,131: Total time for which application threads were stopped: 0,0000895 seconds, Stopping threads took: 0,0000357 seconds
2017-01-11T10:30:32.228+0100: 967,176: Total time for which application threads were stopped: 0,0000722 seconds, Stopping threads took: 0,0000302 seconds
2017-01-11T10:32:48.929+0100: 1103,877: Total time for which application threads were stopped: 0,0001658 seconds, Stopping threads took: 0,0000334 seconds
Heap
 par new generation   total 109248K, used 57988K [0x00000000e0000000, 0x00000000e8000000, 0x00000000e8000000)
  eden space 87424K,  50% used [0x00000000e0000000, 0x00000000e2ae8a90, 0x00000000e5560000)
  from space 21824K,  64% used [0x00000000e5560000, 0x00000000e6318648, 0x00000000e6ab0000)
  to   space 21824K,   0% used [0x00000000e6ab0000, 0x00000000e6ab0000, 0x00000000e8000000)
 concurrent mark-sweep generation total 393216K, used 0K [0x00000000e8000000, 0x0000000100000000, 0x0000000100000000)
 Metaspace       used 27248K, capacity 27731K, committed 27840K, reserved 1073152K
  class space    used 3167K, capacity 3320K, committed 3320K, reserved 1048576K
