OpenJDK 64-Bit Server VM (25.111-b14) for linux-amd64 JRE (1.8.0_111-8u111-b14-2ubuntu0.16.04.2-b14), built on Oct 27 2016 18:10:19 by "buildd" with gcc 5.4.0 20160609
Memory: 4k page, physical 7867876k(7459148k free), swap 8076284k(8076284k free)
CommandLine flags: -XX:CMSInitiatingOccupancyFraction=50 -XX:CMSMaxAbortablePrecleanTime=6000 -XX:+CMSParallelRemarkEnabled -XX:+CMSScavengeBeforeRemark -XX:ConcGCThreads=4 -XX:InitialHeapSize=536870912 -XX:MaxHeapSize=536870912 -XX:MaxTenuringThreshold=8 -XX:NewRatio=3 -XX:OldPLABSize=16 -XX:OnOutOfMemoryError=/opt/solr/bin/oom_solr.sh 8983 /var/solr/logs -XX:ParallelGCThreads=4 -XX:+ParallelRefProcEnabled -XX:PretenureSizeThreshold=67108864 -XX:+PrintGC -XX:+PrintGCApplicationStoppedTime -XX:+PrintGCDateStamps -XX:+PrintGCDetails -XX:+PrintGCTimeStamps -XX:+PrintHeapAtGC -XX:+PrintTenuringDistribution -XX:SurvivorRatio=4 -XX:TargetSurvivorRatio=90 -XX:ThreadStackSize=256 -XX:+UseCMSInitiatingOccupancyOnly -XX:+UseCompressedClassPointers -XX:+UseCompressedOops -XX:+UseConcMarkSweepGC -XX:+UseParNewGC 
2016-11-06T17:14:57.630+0100: 0,110: Total time for which application threads were stopped: 0,0000715 seconds, Stopping threads took: 0,0000137 seconds
2016-11-06T17:14:57.704+0100: 0,185: Total time for which application threads were stopped: 0,0001163 seconds, Stopping threads took: 0,0000170 seconds
2016-11-06T17:14:57.714+0100: 0,194: Total time for which application threads were stopped: 0,0000764 seconds, Stopping threads took: 0,0000181 seconds
2016-11-06T17:14:57.858+0100: 0,338: Total time for which application threads were stopped: 0,0001418 seconds, Stopping threads took: 0,0000217 seconds
2016-11-06T17:14:58.018+0100: 0,498: Total time for which application threads were stopped: 0,0001172 seconds, Stopping threads took: 0,0000171 seconds
2016-11-06T17:14:58.066+0100: 0,546: Total time for which application threads were stopped: 0,0001976 seconds, Stopping threads took: 0,0000220 seconds
2016-11-06T17:14:58.085+0100: 0,565: Total time for which application threads were stopped: 0,0001567 seconds, Stopping threads took: 0,0000157 seconds
2016-11-06T17:14:58.316+0100: 0,796: Total time for which application threads were stopped: 0,0001635 seconds, Stopping threads took: 0,0000193 seconds
2016-11-06T17:14:58.719+0100: 1,199: Total time for which application threads were stopped: 0,0002664 seconds, Stopping threads took: 0,0000296 seconds
2016-11-06T17:14:58.746+0100: 1,226: Total time for which application threads were stopped: 0,0001826 seconds, Stopping threads took: 0,0000150 seconds
2016-11-06T17:14:58.747+0100: 1,227: Total time for which application threads were stopped: 0,0001428 seconds, Stopping threads took: 0,0000123 seconds
2016-11-06T17:14:58.762+0100: 1,242: Total time for which application threads were stopped: 0,0001694 seconds, Stopping threads took: 0,0000127 seconds
2016-11-06T17:14:58.852+0100: 1,332: Total time for which application threads were stopped: 0,0013669 seconds, Stopping threads took: 0,0011317 seconds
2016-11-06T17:14:59.073+0100: 1,553: Total time for which application threads were stopped: 0,0002684 seconds, Stopping threads took: 0,0000606 seconds
2016-11-06T17:14:59.271+0100: 1,752: Total time for which application threads were stopped: 0,0005443 seconds, Stopping threads took: 0,0001239 seconds
{Heap before GC invocations=0 (full 0):
 par new generation   total 109248K, used 87551K [0x00000000e0000000, 0x00000000e8000000, 0x00000000e8000000)
  eden space 87424K, 100% used [0x00000000e0000000, 0x00000000e5560000, 0x00000000e5560000)
  from space 21824K,   0% used [0x00000000e5560000, 0x00000000e557fc10, 0x00000000e6ab0000)
  to   space 21824K,   0% used [0x00000000e6ab0000, 0x00000000e6ab0000, 0x00000000e8000000)
 concurrent mark-sweep generation total 393216K, used 0K [0x00000000e8000000, 0x0000000100000000, 0x0000000100000000)
 Metaspace       used 18007K, capacity 18302K, committed 18560K, reserved 1064960K
  class space    used 2044K, capacity 2162K, committed 2176K, reserved 1048576K
2016-11-06T17:14:59.272+0100: 1,752: [GC (GCLocker Initiated GC) 2016-11-06T17:14:59.272+0100: 1,752: [ParNew
Desired survivor size 20112992 bytes, new threshold 8 (max 8)
- age   1:   12965256 bytes,   12965256 total
: 87551K->12781K(109248K), 0,0259169 secs] 87551K->12781K(502464K), 0,0261234 secs] [Times: user=0,04 sys=0,04, real=0,03 secs] 
Heap after GC invocations=1 (full 0):
 par new generation   total 109248K, used 12781K [0x00000000e0000000, 0x00000000e8000000, 0x00000000e8000000)
  eden space 87424K,   0% used [0x00000000e0000000, 0x00000000e0000000, 0x00000000e5560000)
  from space 21824K,  58% used [0x00000000e6ab0000, 0x00000000e772b4a8, 0x00000000e8000000)
  to   space 21824K,   0% used [0x00000000e5560000, 0x00000000e5560000, 0x00000000e6ab0000)
 concurrent mark-sweep generation total 393216K, used 0K [0x00000000e8000000, 0x0000000100000000, 0x0000000100000000)
 Metaspace       used 18007K, capacity 18302K, committed 18560K, reserved 1064960K
  class space    used 2044K, capacity 2162K, committed 2176K, reserved 1048576K
}
2016-11-06T17:14:59.298+0100: 1,778: Total time for which application threads were stopped: 0,0265161 seconds, Stopping threads took: 0,0000857 seconds
2016-11-06T17:14:59.575+0100: 2,055: Total time for which application threads were stopped: 0,0003500 seconds, Stopping threads took: 0,0000234 seconds
2016-11-06T17:14:59.626+0100: 2,106: Total time for which application threads were stopped: 0,0009393 seconds, Stopping threads took: 0,0006837 seconds
2016-11-06T17:14:59.681+0100: 2,161: Total time for which application threads were stopped: 0,0015610 seconds, Stopping threads took: 0,0000373 seconds
{Heap before GC invocations=1 (full 0):
 par new generation   total 109248K, used 100205K [0x00000000e0000000, 0x00000000e8000000, 0x00000000e8000000)
  eden space 87424K, 100% used [0x00000000e0000000, 0x00000000e5560000, 0x00000000e5560000)
  from space 21824K,  58% used [0x00000000e6ab0000, 0x00000000e772b4a8, 0x00000000e8000000)
  to   space 21824K,   0% used [0x00000000e5560000, 0x00000000e5560000, 0x00000000e6ab0000)
 concurrent mark-sweep generation total 393216K, used 0K [0x00000000e8000000, 0x0000000100000000, 0x0000000100000000)
 Metaspace       used 20419K, capacity 20734K, committed 20992K, reserved 1067008K
  class space    used 2363K, capacity 2490K, committed 2560K, reserved 1048576K
2016-11-06T17:14:59.806+0100: 2,286: [GC (Allocation Failure) 2016-11-06T17:14:59.806+0100: 2,286: [ParNew
Desired survivor size 20112992 bytes, new threshold 8 (max 8)
- age   1:    3682776 bytes,    3682776 total
- age   2:    6479968 bytes,   10162744 total
: 100205K->15630K(109248K), 0,0159571 secs] 100205K->15630K(502464K), 0,0160348 secs] [Times: user=0,06 sys=0,00, real=0,01 secs] 
Heap after GC invocations=2 (full 0):
 par new generation   total 109248K, used 15630K [0x00000000e0000000, 0x00000000e8000000, 0x00000000e8000000)
  eden space 87424K,   0% used [0x00000000e0000000, 0x00000000e0000000, 0x00000000e5560000)
  from space 21824K,  71% used [0x00000000e5560000, 0x00000000e64a3a00, 0x00000000e6ab0000)
  to   space 21824K,   0% used [0x00000000e6ab0000, 0x00000000e6ab0000, 0x00000000e8000000)
 concurrent mark-sweep generation total 393216K, used 0K [0x00000000e8000000, 0x0000000100000000, 0x0000000100000000)
 Metaspace       used 20419K, capacity 20734K, committed 20992K, reserved 1067008K
  class space    used 2363K, capacity 2490K, committed 2560K, reserved 1048576K
}
2016-11-06T17:14:59.822+0100: 2,302: Total time for which application threads were stopped: 0,0173370 seconds, Stopping threads took: 0,0011022 seconds
2016-11-06T17:14:59.954+0100: 2,434: Total time for which application threads were stopped: 0,0001600 seconds, Stopping threads took: 0,0000505 seconds
{Heap before GC invocations=2 (full 0):
 par new generation   total 109248K, used 103054K [0x00000000e0000000, 0x00000000e8000000, 0x00000000e8000000)
  eden space 87424K, 100% used [0x00000000e0000000, 0x00000000e5560000, 0x00000000e5560000)
  from space 21824K,  71% used [0x00000000e5560000, 0x00000000e64a3a00, 0x00000000e6ab0000)
  to   space 21824K,   0% used [0x00000000e6ab0000, 0x00000000e6ab0000, 0x00000000e8000000)
 concurrent mark-sweep generation total 393216K, used 0K [0x00000000e8000000, 0x0000000100000000, 0x0000000100000000)
 Metaspace       used 20866K, capacity 21218K, committed 21504K, reserved 1069056K
  class space    used 2415K, capacity 2534K, committed 2560K, reserved 1048576K
2016-11-06T17:14:59.963+0100: 2,443: [GC (Allocation Failure) 2016-11-06T17:14:59.963+0100: 2,443: [ParNew
Desired survivor size 20112992 bytes, new threshold 8 (max 8)
- age   1:     571976 bytes,     571976 total
- age   2:    1417552 bytes,    1989528 total
- age   3:    6439504 bytes,    8429032 total
: 103054K->9978K(109248K), 0,0135359 secs] 103054K->9978K(502464K), 0,0136109 secs] [Times: user=0,03 sys=0,00, real=0,01 secs] 
Heap after GC invocations=3 (full 0):
 par new generation   total 109248K, used 9978K [0x00000000e0000000, 0x00000000e8000000, 0x00000000e8000000)
  eden space 87424K,   0% used [0x00000000e0000000, 0x00000000e0000000, 0x00000000e5560000)
  from space 21824K,  45% used [0x00000000e6ab0000, 0x00000000e746ea70, 0x00000000e8000000)
  to   space 21824K,   0% used [0x00000000e5560000, 0x00000000e5560000, 0x00000000e6ab0000)
 concurrent mark-sweep generation total 393216K, used 0K [0x00000000e8000000, 0x0000000100000000, 0x0000000100000000)
 Metaspace       used 20866K, capacity 21218K, committed 21504K, reserved 1069056K
  class space    used 2415K, capacity 2534K, committed 2560K, reserved 1048576K
}
2016-11-06T17:14:59.976+0100: 2,457: Total time for which application threads were stopped: 0,0143907 seconds, Stopping threads took: 0,0006448 seconds
2016-11-06T17:14:59.979+0100: 2,459: [GC (CMS Initial Mark) [1 CMS-initial-mark: 0K(393216K)] 10010K(502464K), 0,0024125 secs] [Times: user=0,00 sys=0,00, real=0,00 secs] 
2016-11-06T17:14:59.981+0100: 2,461: Total time for which application threads were stopped: 0,0046413 seconds, Stopping threads took: 0,0021648 seconds
2016-11-06T17:14:59.981+0100: 2,461: [CMS-concurrent-mark-start]
2016-11-06T17:14:59.982+0100: 2,462: [CMS-concurrent-mark: 0,000/0,000 secs] [Times: user=0,00 sys=0,00, real=0,00 secs] 
2016-11-06T17:14:59.982+0100: 2,462: [CMS-concurrent-preclean-start]
2016-11-06T17:14:59.983+0100: 2,463: [CMS-concurrent-preclean: 0,001/0,001 secs] [Times: user=0,00 sys=0,00, real=0,00 secs] 
2016-11-06T17:14:59.983+0100: 2,463: [GC (CMS Final Remark) [YG occupancy: 11777 K (109248 K)]{Heap before GC invocations=3 (full 1):
 par new generation   total 109248K, used 11777K [0x00000000e0000000, 0x00000000e8000000, 0x00000000e8000000)
  eden space 87424K,   2% used [0x00000000e0000000, 0x00000000e01c1ba8, 0x00000000e5560000)
  from space 21824K,  45% used [0x00000000e6ab0000, 0x00000000e746ea70, 0x00000000e8000000)
  to   space 21824K,   0% used [0x00000000e5560000, 0x00000000e5560000, 0x00000000e6ab0000)
 concurrent mark-sweep generation total 393216K, used 0K [0x00000000e8000000, 0x0000000100000000, 0x0000000100000000)
 Metaspace       used 20866K, capacity 21218K, committed 21504K, reserved 1069056K
  class space    used 2415K, capacity 2534K, committed 2560K, reserved 1048576K
2016-11-06T17:14:59.983+0100: 2,463: [GC (CMS Final Remark) 2016-11-06T17:14:59.983+0100: 2,463: [ParNew
Desired survivor size 20112992 bytes, new threshold 8 (max 8)
- age   1:     630952 bytes,     630952 total
- age   2:     477032 bytes,    1107984 total
- age   3:    1417120 bytes,    2525104 total
- age   4:    6439760 bytes,    8964864 total
: 11777K->14564K(109248K), 0,0084194 secs] 11777K->14564K(502464K), 0,0084588 secs] [Times: user=0,04 sys=0,00, real=0,00 secs] 
Heap after GC invocations=4 (full 1):
 par new generation   total 109248K, used 14564K [0x00000000e0000000, 0x00000000e8000000, 0x00000000e8000000)
  eden space 87424K,   0% used [0x00000000e0000000, 0x00000000e0000000, 0x00000000e5560000)
  from space 21824K,  66% used [0x00000000e5560000, 0x00000000e6399000, 0x00000000e6ab0000)
  to   space 21824K,   0% used [0x00000000e6ab0000, 0x00000000e6ab0000, 0x00000000e8000000)
 concurrent mark-sweep generation total 393216K, used 0K [0x00000000e8000000, 0x0000000100000000, 0x0000000100000000)
 Metaspace       used 20866K, capacity 21218K, committed 21504K, reserved 1069056K
  class space    used 2415K, capacity 2534K, committed 2560K, reserved 1048576K
}
2016-11-06T17:14:59.991+0100: 2,471: [Rescan (parallel) , 0,0030491 secs]2016-11-06T17:14:59.994+0100: 2,474: [weak refs processing, 0,0008642 secs]2016-11-06T17:14:59.995+0100: 2,475: [class unloading, 0,0026831 secs]2016-11-06T17:14:59.998+0100: 2,478: [scrub symbol table, 0,0036451 secs]2016-11-06T17:15:00.002+0100: 2,482: [scrub string table, 0,0003501 secs][1 CMS-remark: 0K(393216K)] 14564K(502464K), 0,0197225 secs] [Times: user=0,05 sys=0,01, real=0,01 secs] 
2016-11-06T17:15:00.003+0100: 2,483: Total time for which application threads were stopped: 0,0198403 seconds, Stopping threads took: 0,0000456 seconds
2016-11-06T17:15:00.003+0100: 2,483: [CMS-concurrent-sweep-start]
2016-11-06T17:15:00.003+0100: 2,483: [CMS-concurrent-sweep: 0,000/0,000 secs] [Times: user=0,00 sys=0,00, real=0,00 secs] 
2016-11-06T17:15:00.003+0100: 2,483: [CMS-concurrent-reset-start]
2016-11-06T17:15:00.005+0100: 2,485: [CMS-concurrent-reset: 0,002/0,002 secs] [Times: user=0,01 sys=0,00, real=0,00 secs] 
2016-11-06T17:15:00.100+0100: 2,581: Total time for which application threads were stopped: 0,0003364 seconds, Stopping threads took: 0,0000221 seconds
2016-11-06T17:15:00.215+0100: 2,695: Total time for which application threads were stopped: 0,0004816 seconds, Stopping threads took: 0,0000459 seconds
2016-11-06T17:15:00.234+0100: 2,714: Total time for which application threads were stopped: 0,0004281 seconds, Stopping threads took: 0,0000474 seconds
{Heap before GC invocations=4 (full 1):
 par new generation   total 109248K, used 101988K [0x00000000e0000000, 0x00000000e8000000, 0x00000000e8000000)
  eden space 87424K, 100% used [0x00000000e0000000, 0x00000000e5560000, 0x00000000e5560000)
  from space 21824K,  66% used [0x00000000e5560000, 0x00000000e6399000, 0x00000000e6ab0000)
  to   space 21824K,   0% used [0x00000000e6ab0000, 0x00000000e6ab0000, 0x00000000e8000000)
 concurrent mark-sweep generation total 393216K, used 0K [0x00000000e8000000, 0x0000000100000000, 0x0000000100000000)
 Metaspace       used 23172K, capacity 23580K, committed 23680K, reserved 1071104K
  class space    used 2736K, capacity 2875K, committed 2944K, reserved 1048576K
2016-11-06T17:15:00.312+0100: 2,792: [GC (Allocation Failure) 2016-11-06T17:15:00.312+0100: 2,792: [ParNew
Desired survivor size 20112992 bytes, new threshold 8 (max 8)
- age   1:    3101320 bytes,    3101320 total
- age   3:     182088 bytes,    3283408 total
- age   4:     622384 bytes,    3905792 total
- age   5:    6434040 bytes,   10339832 total
: 101988K->11025K(109248K), 0,0089030 secs] 101988K->11025K(502464K), 0,0089608 secs] [Times: user=0,03 sys=0,00, real=0,01 secs] 
Heap after GC invocations=5 (full 1):
 par new generation   total 109248K, used 11025K [0x00000000e0000000, 0x00000000e8000000, 0x00000000e8000000)
  eden space 87424K,   0% used [0x00000000e0000000, 0x00000000e0000000, 0x00000000e5560000)
  from space 21824K,  50% used [0x00000000e6ab0000, 0x00000000e7574408, 0x00000000e8000000)
  to   space 21824K,   0% used [0x00000000e5560000, 0x00000000e5560000, 0x00000000e6ab0000)
 concurrent mark-sweep generation total 393216K, used 0K [0x00000000e8000000, 0x0000000100000000, 0x0000000100000000)
 Metaspace       used 23172K, capacity 23580K, committed 23680K, reserved 1071104K
  class space    used 2736K, capacity 2875K, committed 2944K, reserved 1048576K
}
2016-11-06T17:15:00.321+0100: 2,801: Total time for which application threads were stopped: 0,0091750 seconds, Stopping threads took: 0,0000677 seconds
2016-11-06T17:15:01.321+0100: 3,801: Total time for which application threads were stopped: 0,0001132 seconds, Stopping threads took: 0,0000172 seconds
2016-11-06T17:15:01.569+0100: 4,049: Total time for which application threads were stopped: 0,0002745 seconds, Stopping threads took: 0,0000178 seconds
2016-11-06T17:15:28.572+0100: 31,052: Total time for which application threads were stopped: 0,0000844 seconds, Stopping threads took: 0,0000366 seconds
2016-11-06T17:15:53.574+0100: 56,054: Total time for which application threads were stopped: 0,0000770 seconds, Stopping threads took: 0,0000301 seconds
2016-11-06T17:16:08.577+0100: 71,057: Total time for which application threads were stopped: 0,0000647 seconds, Stopping threads took: 0,0000165 seconds
2016-11-06T17:16:13.578+0100: 76,058: Total time for which application threads were stopped: 0,0001490 seconds, Stopping threads took: 0,0000320 seconds
2016-11-06T17:16:18.579+0100: 81,059: Total time for which application threads were stopped: 0,0002043 seconds, Stopping threads took: 0,0000605 seconds
2016-11-06T17:16:23.580+0100: 86,060: Total time for which application threads were stopped: 0,0001466 seconds, Stopping threads took: 0,0000371 seconds
2016-11-06T17:16:28.581+0100: 91,061: Total time for which application threads were stopped: 0,0001257 seconds, Stopping threads took: 0,0000323 seconds
2016-11-06T17:17:08.587+0100: 131,067: Total time for which application threads were stopped: 0,0001888 seconds, Stopping threads took: 0,0000657 seconds
2016-11-06T17:17:29.591+0100: 152,071: Total time for which application threads were stopped: 0,0000986 seconds, Stopping threads took: 0,0000391 seconds
2016-11-06T17:17:34.592+0100: 157,072: Total time for which application threads were stopped: 0,0001290 seconds, Stopping threads took: 0,0000333 seconds
2016-11-06T17:18:39.602+0100: 222,083: Total time for which application threads were stopped: 0,0001583 seconds, Stopping threads took: 0,0000604 seconds
2016-11-06T17:19:44.613+0100: 287,093: Total time for which application threads were stopped: 0,0001656 seconds, Stopping threads took: 0,0000645 seconds
2016-11-06T18:21:40.198+0100: 1415,621: Total time for which application threads were stopped: 0,0000745 seconds, Stopping threads took: 0,0000295 seconds
2016-11-06T18:26:05.235+0100: 1680,659: Total time for which application threads were stopped: 0,0001299 seconds, Stopping threads took: 0,0000515 seconds
2016-11-06T18:36:41.306+0100: 2316,729: Total time for which application threads were stopped: 0,0001332 seconds, Stopping threads took: 0,0000548 seconds
2016-11-06T18:36:45.307+0100: 2320,730: Total time for which application threads were stopped: 0,0002674 seconds, Stopping threads took: 0,0000669 seconds
2016-11-06T18:51:21.401+0100: 3196,825: Total time for which application threads were stopped: 0,0003342 seconds, Stopping threads took: 0,0001312 seconds
2016-11-06T19:02:45.476+0100: 3880,899: Total time for which application threads were stopped: 0,0001588 seconds, Stopping threads took: 0,0000341 seconds
2016-11-06T19:05:05.492+0100: 4020,916: Total time for which application threads were stopped: 0,0003825 seconds, Stopping threads took: 0,0001611 seconds
2016-11-06T19:39:46.717+0100: 6102,141: Total time for which application threads were stopped: 0,0002306 seconds, Stopping threads took: 0,0000864 seconds
2016-11-06T19:43:36.743+0100: 6332,166: Total time for which application threads were stopped: 0,0000914 seconds, Stopping threads took: 0,0000356 seconds
2016-11-06T20:01:35.859+0100: 7411,282: Total time for which application threads were stopped: 0,0000758 seconds, Stopping threads took: 0,0000308 seconds
2016-11-06T20:02:05.863+0100: 7441,286: Total time for which application threads were stopped: 0,0003701 seconds, Stopping threads took: 0,0001570 seconds
2016-11-06T20:03:05.870+0100: 7501,293: Total time for which application threads were stopped: 0,0003740 seconds, Stopping threads took: 0,0001331 seconds
2016-11-06T20:06:05.890+0100: 7681,313: Total time for which application threads were stopped: 0,0000946 seconds, Stopping threads took: 0,0000304 seconds
2016-11-06T20:06:35.893+0100: 7711,317: Total time for which application threads were stopped: 0,0001268 seconds, Stopping threads took: 0,0000800 seconds
2016-11-06T22:14:05.719+0100: 15361,143: Total time for which application threads were stopped: 0,0005170 seconds, Stopping threads took: 0,0001974 seconds
2016-11-06T22:14:36.723+0100: 15392,147: Total time for which application threads were stopped: 0,0000924 seconds, Stopping threads took: 0,0000329 seconds
2016-11-06T22:15:35.729+0100: 15451,152: Total time for which application threads were stopped: 0,0001206 seconds, Stopping threads took: 0,0000365 seconds
2016-11-06T23:23:04.209+0100: 19499,633: Total time for which application threads were stopped: 0,0480475 seconds, Stopping threads took: 0,0479323 seconds
2016-11-06T23:23:04.248+0100: 19499,671: Total time for which application threads were stopped: 0,0001771 seconds, Stopping threads took: 0,0000359 seconds
Heap
 par new generation   total 109248K, used 84174K [0x00000000e0000000, 0x00000000e8000000, 0x00000000e8000000)
  eden space 87424K,  83% used [0x00000000e0000000, 0x00000000e476f600, 0x00000000e5560000)
  from space 21824K,  50% used [0x00000000e6ab0000, 0x00000000e7574408, 0x00000000e8000000)
  to   space 21824K,   0% used [0x00000000e5560000, 0x00000000e5560000, 0x00000000e6ab0000)
 concurrent mark-sweep generation total 393216K, used 0K [0x00000000e8000000, 0x0000000100000000, 0x0000000100000000)
 Metaspace       used 27302K, capacity 27730K, committed 28032K, reserved 1073152K
  class space    used 3169K, capacity 3336K, committed 3456K, reserved 1048576K
