OpenJDK 64-Bit Server VM (25.121-b13) for linux-amd64 JRE (1.8.0_121-8u121-b13-0ubuntu1.16.04.2-b13), built on Jan 23 2017 15:51:29 by "buildd" with gcc 5.4.0 20160609
Memory: 4k page, physical 7867800k(7507484k free), swap 8076284k(8076284k free)
CommandLine flags: -XX:CMSInitiatingOccupancyFraction=50 -XX:CMSMaxAbortablePrecleanTime=6000 -XX:+CMSParallelRemarkEnabled -XX:+CMSScavengeBeforeRemark -XX:ConcGCThreads=4 -XX:InitialHeapSize=536870912 -XX:MaxHeapSize=536870912 -XX:MaxTenuringThreshold=8 -XX:NewRatio=3 -XX:OldPLABSize=16 -XX:OnOutOfMemoryError=/opt/solr/bin/oom_solr.sh 8983 /var/solr/logs -XX:ParallelGCThreads=4 -XX:+ParallelRefProcEnabled -XX:PretenureSizeThreshold=67108864 -XX:+PrintGC -XX:+PrintGCApplicationStoppedTime -XX:+PrintGCDateStamps -XX:+PrintGCDetails -XX:+PrintGCTimeStamps -XX:+PrintHeapAtGC -XX:+PrintTenuringDistribution -XX:SurvivorRatio=4 -XX:TargetSurvivorRatio=90 -XX:ThreadStackSize=256 -XX:+UseCMSInitiatingOccupancyOnly -XX:+UseCompressedClassPointers -XX:+UseCompressedOops -XX:+UseConcMarkSweepGC -XX:+UseParNewGC 
2017-02-10T13:55:45.728+0100: 0,150: Total time for which application threads were stopped: 0,0000808 seconds, Stopping threads took: 0,0000163 seconds
2017-02-10T13:55:45.810+0100: 0,231: Total time for which application threads were stopped: 0,0001404 seconds, Stopping threads took: 0,0000295 seconds
2017-02-10T13:55:45.829+0100: 0,251: Total time for which application threads were stopped: 0,0001011 seconds, Stopping threads took: 0,0000135 seconds
2017-02-10T13:55:46.156+0100: 0,578: Total time for which application threads were stopped: 0,0001683 seconds, Stopping threads took: 0,0000300 seconds
2017-02-10T13:55:46.571+0100: 0,993: Total time for which application threads were stopped: 0,0001244 seconds, Stopping threads took: 0,0000107 seconds
2017-02-10T13:55:46.685+0100: 1,107: Total time for which application threads were stopped: 0,0001877 seconds, Stopping threads took: 0,0000256 seconds
2017-02-10T13:55:46.785+0100: 1,207: Total time for which application threads were stopped: 0,0002988 seconds, Stopping threads took: 0,0000781 seconds
2017-02-10T13:55:47.057+0100: 1,479: Total time for which application threads were stopped: 0,0001838 seconds, Stopping threads took: 0,0000165 seconds
2017-02-10T13:55:47.288+0100: 1,709: Total time for which application threads were stopped: 0,0002120 seconds, Stopping threads took: 0,0000174 seconds
2017-02-10T13:55:47.308+0100: 1,730: Total time for which application threads were stopped: 0,0001812 seconds, Stopping threads took: 0,0000146 seconds
2017-02-10T13:55:47.333+0100: 1,755: Total time for which application threads were stopped: 0,0002182 seconds, Stopping threads took: 0,0000259 seconds
2017-02-10T13:55:47.334+0100: 1,756: Total time for which application threads were stopped: 0,0001707 seconds, Stopping threads took: 0,0000174 seconds
2017-02-10T13:55:47.346+0100: 1,768: Total time for which application threads were stopped: 0,0002046 seconds, Stopping threads took: 0,0000227 seconds
2017-02-10T13:55:47.427+0100: 1,848: Total time for which application threads were stopped: 0,0003045 seconds, Stopping threads took: 0,0000265 seconds
2017-02-10T13:55:47.591+0100: 2,013: Total time for which application threads were stopped: 0,0004810 seconds, Stopping threads took: 0,0002605 seconds
{Heap before GC invocations=0 (full 0):
 par new generation   total 109248K, used 87424K [0x00000000e0000000, 0x00000000e8000000, 0x00000000e8000000)
  eden space 87424K, 100% used [0x00000000e0000000, 0x00000000e5560000, 0x00000000e5560000)
  from space 21824K,   0% used [0x00000000e5560000, 0x00000000e5560000, 0x00000000e6ab0000)
  to   space 21824K,   0% used [0x00000000e6ab0000, 0x00000000e6ab0000, 0x00000000e8000000)
 concurrent mark-sweep generation total 393216K, used 0K [0x00000000e8000000, 0x0000000100000000, 0x0000000100000000)
 Metaspace       used 17859K, capacity 18176K, committed 18304K, reserved 1064960K
  class space    used 2024K, capacity 2164K, committed 2176K, reserved 1048576K
2017-02-10T13:55:47.640+0100: 2,062: [GC (Allocation Failure) 2017-02-10T13:55:47.640+0100: 2,062: [ParNew
Desired survivor size 20112992 bytes, new threshold 8 (max 8)
- age   1:   11752376 bytes,   11752376 total
: 87424K->11596K(109248K), 0,0155282 secs] 87424K->11596K(502464K), 0,0156106 secs] [Times: user=0,01 sys=0,05, real=0,01 secs] 
Heap after GC invocations=1 (full 0):
 par new generation   total 109248K, used 11596K [0x00000000e0000000, 0x00000000e8000000, 0x00000000e8000000)
  eden space 87424K,   0% used [0x00000000e0000000, 0x00000000e0000000, 0x00000000e5560000)
  from space 21824K,  53% used [0x00000000e6ab0000, 0x00000000e76030d0, 0x00000000e8000000)
  to   space 21824K,   0% used [0x00000000e5560000, 0x00000000e5560000, 0x00000000e6ab0000)
 concurrent mark-sweep generation total 393216K, used 0K [0x00000000e8000000, 0x0000000100000000, 0x0000000100000000)
 Metaspace       used 17859K, capacity 18176K, committed 18304K, reserved 1064960K
  class space    used 2024K, capacity 2164K, committed 2176K, reserved 1048576K
}
2017-02-10T13:55:47.656+0100: 2,078: Total time for which application threads were stopped: 0,0158142 seconds, Stopping threads took: 0,0000627 seconds
2017-02-10T13:55:48.028+0100: 2,449: Total time for which application threads were stopped: 0,0004765 seconds, Stopping threads took: 0,0000722 seconds
{Heap before GC invocations=1 (full 0):
 par new generation   total 109248K, used 99020K [0x00000000e0000000, 0x00000000e8000000, 0x00000000e8000000)
  eden space 87424K, 100% used [0x00000000e0000000, 0x00000000e5560000, 0x00000000e5560000)
  from space 21824K,  53% used [0x00000000e6ab0000, 0x00000000e76030d0, 0x00000000e8000000)
  to   space 21824K,   0% used [0x00000000e5560000, 0x00000000e5560000, 0x00000000e6ab0000)
 concurrent mark-sweep generation total 393216K, used 0K [0x00000000e8000000, 0x0000000100000000, 0x0000000100000000)
 Metaspace       used 20048K, capacity 20362K, committed 20736K, reserved 1067008K
  class space    used 2294K, capacity 2469K, committed 2560K, reserved 1048576K
2017-02-10T13:55:48.057+0100: 2,478: [GC (Allocation Failure) 2017-02-10T13:55:48.057+0100: 2,478: [ParNew
Desired survivor size 20112992 bytes, new threshold 8 (max 8)
- age   1:    4101824 bytes,    4101824 total
- age   2:    6328184 bytes,   10430008 total
: 99020K->13147K(109248K), 0,0125172 secs] 99020K->13147K(502464K), 0,0125798 secs] [Times: user=0,04 sys=0,00, real=0,01 secs] 
Heap after GC invocations=2 (full 0):
 par new generation   total 109248K, used 13147K [0x00000000e0000000, 0x00000000e8000000, 0x00000000e8000000)
  eden space 87424K,   0% used [0x00000000e0000000, 0x00000000e0000000, 0x00000000e5560000)
  from space 21824K,  60% used [0x00000000e5560000, 0x00000000e6236cd0, 0x00000000e6ab0000)
  to   space 21824K,   0% used [0x00000000e6ab0000, 0x00000000e6ab0000, 0x00000000e8000000)
 concurrent mark-sweep generation total 393216K, used 0K [0x00000000e8000000, 0x0000000100000000, 0x0000000100000000)
 Metaspace       used 20048K, capacity 20362K, committed 20736K, reserved 1067008K
  class space    used 2294K, capacity 2469K, committed 2560K, reserved 1048576K
}
2017-02-10T13:55:48.069+0100: 2,491: Total time for which application threads were stopped: 0,0132100 seconds, Stopping threads took: 0,0004940 seconds
2017-02-10T13:55:48.083+0100: 2,504: Total time for which application threads were stopped: 0,0029528 seconds, Stopping threads took: 0,0027041 seconds
2017-02-10T13:55:48.114+0100: 2,535: Total time for which application threads were stopped: 0,0003845 seconds, Stopping threads took: 0,0000461 seconds
2017-02-10T13:55:48.258+0100: 2,680: Total time for which application threads were stopped: 0,0012834 seconds, Stopping threads took: 0,0011635 seconds
{Heap before GC invocations=2 (full 0):
 par new generation   total 109248K, used 100571K [0x00000000e0000000, 0x00000000e8000000, 0x00000000e8000000)
  eden space 87424K, 100% used [0x00000000e0000000, 0x00000000e5560000, 0x00000000e5560000)
  from space 21824K,  60% used [0x00000000e5560000, 0x00000000e6236cd0, 0x00000000e6ab0000)
  to   space 21824K,   0% used [0x00000000e6ab0000, 0x00000000e6ab0000, 0x00000000e8000000)
 concurrent mark-sweep generation total 393216K, used 0K [0x00000000e8000000, 0x0000000100000000, 0x0000000100000000)
 Metaspace       used 20975K, capacity 21290K, committed 21628K, reserved 1069056K
  class space    used 2418K, capacity 2589K, committed 2684K, reserved 1048576K
2017-02-10T13:55:48.286+0100: 2,708: [GC (Allocation Failure) 2017-02-10T13:55:48.286+0100: 2,708: [ParNew
Desired survivor size 20112992 bytes, new threshold 8 (max 8)
- age   1:    2370432 bytes,    2370432 total
- age   2:    1146424 bytes,    3516856 total
- age   3:    6326200 bytes,    9843056 total
: 100571K->12819K(109248K), 0,0161802 secs] 100571K->12819K(502464K), 0,0162632 secs] [Times: user=0,05 sys=0,00, real=0,02 secs] 
Heap after GC invocations=3 (full 0):
 par new generation   total 109248K, used 12819K [0x00000000e0000000, 0x00000000e8000000, 0x00000000e8000000)
  eden space 87424K,   0% used [0x00000000e0000000, 0x00000000e0000000, 0x00000000e5560000)
  from space 21824K,  58% used [0x00000000e6ab0000, 0x00000000e7734fc0, 0x00000000e8000000)
  to   space 21824K,   0% used [0x00000000e5560000, 0x00000000e5560000, 0x00000000e6ab0000)
 concurrent mark-sweep generation total 393216K, used 0K [0x00000000e8000000, 0x0000000100000000, 0x0000000100000000)
 Metaspace       used 20975K, capacity 21290K, committed 21628K, reserved 1069056K
  class space    used 2418K, capacity 2589K, committed 2684K, reserved 1048576K
}
2017-02-10T13:55:48.303+0100: 2,724: Total time for which application threads were stopped: 0,0166537 seconds, Stopping threads took: 0,0002287 seconds
2017-02-10T13:55:48.305+0100: 2,727: [GC (CMS Initial Mark) [1 CMS-initial-mark: 0K(393216K)] 14242K(502464K), 0,0033257 secs] [Times: user=0,01 sys=0,00, real=0,00 secs] 
2017-02-10T13:55:48.309+0100: 2,730: Total time for which application threads were stopped: 0,0034926 seconds, Stopping threads took: 0,0000770 seconds
2017-02-10T13:55:48.309+0100: 2,730: [CMS-concurrent-mark-start]
2017-02-10T13:55:48.314+0100: 2,736: [CMS-concurrent-mark: 0,006/0,006 secs] [Times: user=0,03 sys=0,00, real=0,01 secs] 
2017-02-10T13:55:48.314+0100: 2,736: [CMS-concurrent-preclean-start]
2017-02-10T13:55:48.316+0100: 2,738: [CMS-concurrent-preclean: 0,002/0,002 secs] [Times: user=0,00 sys=0,00, real=0,00 secs] 
2017-02-10T13:55:48.316+0100: 2,738: [CMS-concurrent-abortable-preclean-start]
2017-02-10T13:55:48.397+0100: 2,819: Total time for which application threads were stopped: 0,0001505 seconds, Stopping threads took: 0,0000407 seconds
2017-02-10T13:55:48.406+0100: 2,828: [CMS-concurrent-abortable-preclean: 0,081/0,090 secs] [Times: user=0,35 sys=0,00, real=0,09 secs] 
2017-02-10T13:55:48.414+0100: 2,836: [GC (CMS Final Remark) [YG occupancy: 84298 K (109248 K)]{Heap before GC invocations=3 (full 1):
 par new generation   total 109248K, used 84298K [0x00000000e0000000, 0x00000000e8000000, 0x00000000e8000000)
  eden space 87424K,  81% used [0x00000000e0000000, 0x00000000e45cd840, 0x00000000e5560000)
  from space 21824K,  58% used [0x00000000e6ab0000, 0x00000000e7734fc0, 0x00000000e8000000)
  to   space 21824K,   0% used [0x00000000e5560000, 0x00000000e5560000, 0x00000000e6ab0000)
 concurrent mark-sweep generation total 393216K, used 0K [0x00000000e8000000, 0x0000000100000000, 0x0000000100000000)
 Metaspace       used 21215K, capacity 21598K, committed 21884K, reserved 1069056K
  class space    used 2442K, capacity 2599K, committed 2684K, reserved 1048576K
2017-02-10T13:55:48.414+0100: 2,836: [GC (CMS Final Remark) 2017-02-10T13:55:48.414+0100: 2,836: [ParNew
Desired survivor size 20112992 bytes, new threshold 8 (max 8)
- age   1:    1254968 bytes,    1254968 total
- age   2:    1476632 bytes,    2731600 total
- age   3:    1113544 bytes,    3845144 total
- age   4:    6326376 bytes,   10171520 total
: 84298K->11315K(109248K), 0,0097624 secs] 84298K->11315K(502464K), 0,0098055 secs] [Times: user=0,03 sys=0,01, real=0,01 secs] 
Heap after GC invocations=4 (full 1):
 par new generation   total 109248K, used 11315K [0x00000000e0000000, 0x00000000e8000000, 0x00000000e8000000)
  eden space 87424K,   0% used [0x00000000e0000000, 0x00000000e0000000, 0x00000000e5560000)
  from space 21824K,  51% used [0x00000000e5560000, 0x00000000e606cd90, 0x00000000e6ab0000)
  to   space 21824K,   0% used [0x00000000e6ab0000, 0x00000000e6ab0000, 0x00000000e8000000)
 concurrent mark-sweep generation total 393216K, used 0K [0x00000000e8000000, 0x0000000100000000, 0x0000000100000000)
 Metaspace       used 21215K, capacity 21598K, committed 21884K, reserved 1069056K
  class space    used 2442K, capacity 2599K, committed 2684K, reserved 1048576K
}
2017-02-10T13:55:48.424+0100: 2,846: [Rescan (parallel) , 0,0035969 secs]2017-02-10T13:55:48.428+0100: 2,849: [weak refs processing, 0,0005130 secs]2017-02-10T13:55:48.428+0100: 2,850: [class unloading, 0,0028619 secs]2017-02-10T13:55:48.431+0100: 2,853: [scrub symbol table, 0,0025719 secs]2017-02-10T13:55:48.434+0100: 2,855: [scrub string table, 0,0003995 secs][1 CMS-remark: 0K(393216K)] 11315K(502464K), 0,0204351 secs] [Times: user=0,05 sys=0,01, real=0,02 secs] 
2017-02-10T13:55:48.435+0100: 2,856: Total time for which application threads were stopped: 0,0206211 seconds, Stopping threads took: 0,0000969 seconds
2017-02-10T13:55:48.435+0100: 2,856: [CMS-concurrent-sweep-start]
2017-02-10T13:55:48.435+0100: 2,856: [CMS-concurrent-sweep: 0,000/0,000 secs] [Times: user=0,00 sys=0,00, real=0,00 secs] 
2017-02-10T13:55:48.435+0100: 2,856: [CMS-concurrent-reset-start]
2017-02-10T13:55:48.437+0100: 2,859: [CMS-concurrent-reset: 0,002/0,002 secs] [Times: user=0,02 sys=0,00, real=0,00 secs] 
{Heap before GC invocations=4 (full 1):
 par new generation   total 109248K, used 98739K [0x00000000e0000000, 0x00000000e8000000, 0x00000000e8000000)
  eden space 87424K, 100% used [0x00000000e0000000, 0x00000000e5560000, 0x00000000e5560000)
  from space 21824K,  51% used [0x00000000e5560000, 0x00000000e606cd90, 0x00000000e6ab0000)
  to   space 21824K,   0% used [0x00000000e6ab0000, 0x00000000e6ab0000, 0x00000000e8000000)
 concurrent mark-sweep generation total 393216K, used 0K [0x00000000e8000000, 0x0000000100000000, 0x0000000100000000)
 Metaspace       used 21356K, capacity 21790K, committed 21884K, reserved 1069056K
  class space    used 2466K, capacity 2636K, committed 2684K, reserved 1048576K
2017-02-10T13:55:48.516+0100: 2,938: [GC (Allocation Failure) 2017-02-10T13:55:48.516+0100: 2,938: [ParNew
Desired survivor size 20112992 bytes, new threshold 8 (max 8)
- age   1:    1144528 bytes,    1144528 total
- age   2:     130816 bytes,    1275344 total
- age   3:    1476504 bytes,    2751848 total
- age   4:    1113400 bytes,    3865248 total
- age   5:    6326336 bytes,   10191584 total
: 98739K->17413K(109248K), 0,0098924 secs] 98739K->17413K(502464K), 0,0099611 secs] [Times: user=0,03 sys=0,00, real=0,01 secs] 
Heap after GC invocations=5 (full 1):
 par new generation   total 109248K, used 17413K [0x00000000e0000000, 0x00000000e8000000, 0x00000000e8000000)
  eden space 87424K,   0% used [0x00000000e0000000, 0x00000000e0000000, 0x00000000e5560000)
  from space 21824K,  79% used [0x00000000e6ab0000, 0x00000000e7bb1700, 0x00000000e8000000)
  to   space 21824K,   0% used [0x00000000e5560000, 0x00000000e5560000, 0x00000000e6ab0000)
 concurrent mark-sweep generation total 393216K, used 0K [0x00000000e8000000, 0x0000000100000000, 0x0000000100000000)
 Metaspace       used 21356K, capacity 21790K, committed 21884K, reserved 1069056K
  class space    used 2466K, capacity 2636K, committed 2684K, reserved 1048576K
}
2017-02-10T13:55:48.526+0100: 2,948: Total time for which application threads were stopped: 0,0106946 seconds, Stopping threads took: 0,0005685 seconds
2017-02-10T13:55:48.576+0100: 2,997: Total time for which application threads were stopped: 0,0003563 seconds, Stopping threads took: 0,0000216 seconds
2017-02-10T13:55:48.760+0100: 3,182: Total time for which application threads were stopped: 0,0004159 seconds, Stopping threads took: 0,0000478 seconds
2017-02-10T13:55:48.782+0100: 3,203: Total time for which application threads were stopped: 0,0003786 seconds, Stopping threads took: 0,0000237 seconds
{Heap before GC invocations=5 (full 1):
 par new generation   total 109248K, used 104837K [0x00000000e0000000, 0x00000000e8000000, 0x00000000e8000000)
  eden space 87424K, 100% used [0x00000000e0000000, 0x00000000e5560000, 0x00000000e5560000)
  from space 21824K,  79% used [0x00000000e6ab0000, 0x00000000e7bb1700, 0x00000000e8000000)
  to   space 21824K,   0% used [0x00000000e5560000, 0x00000000e5560000, 0x00000000e6ab0000)
 concurrent mark-sweep generation total 393216K, used 0K [0x00000000e8000000, 0x0000000100000000, 0x0000000100000000)
 Metaspace       used 24831K, capacity 25302K, committed 25468K, reserved 1071104K
  class space    used 2900K, capacity 3078K, committed 3196K, reserved 1048576K
2017-02-10T13:55:48.992+0100: 3,414: [GC (Allocation Failure) 2017-02-10T13:55:48.992+0100: 3,414: [ParNew
Desired survivor size 20112992 bytes, new threshold 8 (max 8)
- age   1:    4922480 bytes,    4922480 total
- age   2:     125704 bytes,    5048184 total
- age   3:     126872 bytes,    5175056 total
- age   4:     304112 bytes,    5479168 total
- age   5:    1091016 bytes,    6570184 total
- age   6:    6320160 bytes,   12890344 total
: 104837K->15160K(109248K), 0,0176984 secs] 104837K->15160K(502464K), 0,0177909 secs] [Times: user=0,04 sys=0,00, real=0,01 secs] 
Heap after GC invocations=6 (full 1):
 par new generation   total 109248K, used 15160K [0x00000000e0000000, 0x00000000e8000000, 0x00000000e8000000)
  eden space 87424K,   0% used [0x00000000e0000000, 0x00000000e0000000, 0x00000000e5560000)
  from space 21824K,  69% used [0x00000000e5560000, 0x00000000e642e2f8, 0x00000000e6ab0000)
  to   space 21824K,   0% used [0x00000000e6ab0000, 0x00000000e6ab0000, 0x00000000e8000000)
 concurrent mark-sweep generation total 393216K, used 0K [0x00000000e8000000, 0x0000000100000000, 0x0000000100000000)
 Metaspace       used 24831K, capacity 25302K, committed 25468K, reserved 1071104K
  class space    used 2900K, capacity 3078K, committed 3196K, reserved 1048576K
}
2017-02-10T13:55:49.010+0100: 3,432: Total time for which application threads were stopped: 0,0181161 seconds, Stopping threads took: 0,0000755 seconds
2017-02-10T13:55:49.222+0100: 3,643: Total time for which application threads were stopped: 0,0004822 seconds, Stopping threads took: 0,0000503 seconds
2017-02-10T13:55:49.239+0100: 3,660: Total time for which application threads were stopped: 0,0005104 seconds, Stopping threads took: 0,0000331 seconds
2017-02-10T13:55:49.300+0100: 3,721: Total time for which application threads were stopped: 0,0006665 seconds, Stopping threads took: 0,0001783 seconds
2017-02-10T13:55:49.626+0100: 4,048: Total time for which application threads were stopped: 0,0004948 seconds, Stopping threads took: 0,0000311 seconds
2017-02-10T13:56:17.631+0100: 32,052: Total time for which application threads were stopped: 0,0000840 seconds, Stopping threads took: 0,0000325 seconds
2017-02-10T13:57:17.645+0100: 92,066: Total time for which application threads were stopped: 0,0000843 seconds, Stopping threads took: 0,0000335 seconds
2017-02-10T13:57:52.650+0100: 127,071: Total time for which application threads were stopped: 0,0000844 seconds, Stopping threads took: 0,0000330 seconds
2017-02-10T13:58:02.651+0100: 137,073: Total time for which application threads were stopped: 0,0001248 seconds, Stopping threads took: 0,0000284 seconds
2017-02-10T13:58:46.658+0100: 181,079: Total time for which application threads were stopped: 0,0000866 seconds, Stopping threads took: 0,0000332 seconds
2017-02-10T14:00:07.669+0100: 262,091: Total time for which application threads were stopped: 0,0000857 seconds, Stopping threads took: 0,0000320 seconds
2017-02-10T14:00:21.672+0100: 276,093: Total time for which application threads were stopped: 0,0000783 seconds, Stopping threads took: 0,0000160 seconds
2017-02-10T14:20:04.935+0100: 1411,743: Total time for which application threads were stopped: 0,0000862 seconds, Stopping threads took: 0,0000332 seconds
2017-02-10T14:29:54.090+0100: 1691,159: Total time for which application threads were stopped: 0,0000980 seconds, Stopping threads took: 0,0000346 seconds
2017-02-10T14:36:30.328+0100: 2087,397: Total time for which application threads were stopped: 0,0001520 seconds, Stopping threads took: 0,0000401 seconds
2017-02-10T14:36:30.329+0100: 2087,397: Total time for which application threads were stopped: 0,0000658 seconds, Stopping threads took: 0,0000133 seconds
2017-02-10T14:36:30.331+0100: 2087,399: Total time for which application threads were stopped: 0,0007254 seconds, Stopping threads took: 0,0001297 seconds
2017-02-10T14:36:30.331+0100: 2087,400: Total time for which application threads were stopped: 0,0004912 seconds, Stopping threads took: 0,0001342 seconds
2017-02-10T14:36:30.332+0100: 2087,400: Total time for which application threads were stopped: 0,0000556 seconds, Stopping threads took: 0,0000140 seconds
2017-02-10T14:36:30.332+0100: 2087,400: Total time for which application threads were stopped: 0,0000492 seconds, Stopping threads took: 0,0000101 seconds
2017-02-10T14:36:30.339+0100: 2087,408: Total time for which application threads were stopped: 0,0000862 seconds, Stopping threads took: 0,0000254 seconds
2017-02-10T14:36:30.340+0100: 2087,408: Total time for which application threads were stopped: 0,0000459 seconds, Stopping threads took: 0,0000178 seconds
2017-02-10T14:36:30.340+0100: 2087,408: Total time for which application threads were stopped: 0,0000861 seconds, Stopping threads took: 0,0000104 seconds
2017-02-10T14:36:30.345+0100: 2087,413: Total time for which application threads were stopped: 0,0001352 seconds, Stopping threads took: 0,0000218 seconds
2017-02-10T14:36:30.349+0100: 2087,418: Total time for which application threads were stopped: 0,0002257 seconds, Stopping threads took: 0,0000254 seconds
2017-02-10T14:36:30.350+0100: 2087,419: Total time for which application threads were stopped: 0,0001353 seconds, Stopping threads took: 0,0000213 seconds
2017-02-10T14:36:30.359+0100: 2087,428: Total time for which application threads were stopped: 0,0002039 seconds, Stopping threads took: 0,0000534 seconds
2017-02-10T14:36:30.367+0100: 2087,435: Total time for which application threads were stopped: 0,0001237 seconds, Stopping threads took: 0,0000186 seconds
2017-02-10T14:36:30.371+0100: 2087,439: Total time for which application threads were stopped: 0,0003860 seconds, Stopping threads took: 0,0000208 seconds
2017-02-10T14:36:30.375+0100: 2087,444: Total time for which application threads were stopped: 0,0001080 seconds, Stopping threads took: 0,0000382 seconds
2017-02-10T14:36:30.376+0100: 2087,444: Total time for which application threads were stopped: 0,0001108 seconds, Stopping threads took: 0,0000480 seconds
2017-02-10T14:36:30.377+0100: 2087,446: Total time for which application threads were stopped: 0,0006867 seconds, Stopping threads took: 0,0005796 seconds
2017-02-10T14:36:30.380+0100: 2087,448: Total time for which application threads were stopped: 0,0006265 seconds, Stopping threads took: 0,0001135 seconds
2017-02-10T14:36:30.380+0100: 2087,449: Total time for which application threads were stopped: 0,0001896 seconds, Stopping threads took: 0,0000194 seconds
2017-02-10T14:36:30.388+0100: 2087,457: Total time for which application threads were stopped: 0,0002071 seconds, Stopping threads took: 0,0001083 seconds
2017-02-10T14:36:30.389+0100: 2087,458: Total time for which application threads were stopped: 0,0000996 seconds, Stopping threads took: 0,0000340 seconds
2017-02-10T14:36:30.401+0100: 2087,470: Total time for which application threads were stopped: 0,0001304 seconds, Stopping threads took: 0,0000202 seconds
2017-02-10T14:36:30.427+0100: 2087,496: Total time for which application threads were stopped: 0,0001925 seconds, Stopping threads took: 0,0000213 seconds
2017-02-10T14:36:31.217+0100: 2088,285: Total time for which application threads were stopped: 0,0004560 seconds, Stopping threads took: 0,0000384 seconds
2017-02-10T14:36:31.218+0100: 2088,286: Total time for which application threads were stopped: 0,0005166 seconds, Stopping threads took: 0,0000284 seconds
2017-02-10T14:36:31.223+0100: 2088,291: Total time for which application threads were stopped: 0,0001792 seconds, Stopping threads took: 0,0000589 seconds
2017-02-10T14:36:31.224+0100: 2088,293: Total time for which application threads were stopped: 0,0011395 seconds, Stopping threads took: 0,0010277 seconds
2017-02-10T14:36:31.231+0100: 2088,299: Total time for which application threads were stopped: 0,0002005 seconds, Stopping threads took: 0,0000555 seconds
2017-02-10T14:36:31.239+0100: 2088,307: Total time for which application threads were stopped: 0,0057892 seconds, Stopping threads took: 0,0056728 seconds
2017-02-10T14:36:31.240+0100: 2088,309: Total time for which application threads were stopped: 0,0008313 seconds, Stopping threads took: 0,0007128 seconds
2017-02-10T14:36:31.240+0100: 2088,309: Total time for which application threads were stopped: 0,0000963 seconds, Stopping threads took: 0,0000112 seconds
2017-02-10T14:36:31.241+0100: 2088,310: Total time for which application threads were stopped: 0,0001101 seconds, Stopping threads took: 0,0000150 seconds
2017-02-10T14:36:31.254+0100: 2088,323: Total time for which application threads were stopped: 0,0069564 seconds, Stopping threads took: 0,0067932 seconds
2017-02-10T14:36:31.274+0100: 2088,343: Total time for which application threads were stopped: 0,0001266 seconds, Stopping threads took: 0,0000322 seconds
2017-02-10T14:36:31.275+0100: 2088,343: Total time for which application threads were stopped: 0,0000654 seconds, Stopping threads took: 0,0000155 seconds
2017-02-10T14:36:31.275+0100: 2088,343: Total time for which application threads were stopped: 0,0000632 seconds, Stopping threads took: 0,0000196 seconds
2017-02-10T14:36:31.275+0100: 2088,343: Total time for which application threads were stopped: 0,0000566 seconds, Stopping threads took: 0,0000187 seconds
2017-02-10T14:36:31.275+0100: 2088,343: Total time for which application threads were stopped: 0,0000629 seconds, Stopping threads took: 0,0000287 seconds
2017-02-10T14:36:31.275+0100: 2088,344: Total time for which application threads were stopped: 0,0000595 seconds, Stopping threads took: 0,0000145 seconds
2017-02-10T14:36:31.276+0100: 2088,344: Total time for which application threads were stopped: 0,0000848 seconds, Stopping threads took: 0,0000252 seconds
2017-02-10T14:36:31.276+0100: 2088,345: Total time for which application threads were stopped: 0,0000558 seconds, Stopping threads took: 0,0000169 seconds
2017-02-10T14:36:31.276+0100: 2088,345: Total time for which application threads were stopped: 0,0000489 seconds, Stopping threads took: 0,0000129 seconds
2017-02-10T14:36:31.276+0100: 2088,345: Total time for which application threads were stopped: 0,0000471 seconds, Stopping threads took: 0,0000146 seconds
2017-02-10T14:36:31.276+0100: 2088,345: Total time for which application threads were stopped: 0,0000492 seconds, Stopping threads took: 0,0000162 seconds
2017-02-10T14:36:31.276+0100: 2088,345: Total time for which application threads were stopped: 0,0000383 seconds, Stopping threads took: 0,0000108 seconds
2017-02-10T14:36:31.276+0100: 2088,345: Total time for which application threads were stopped: 0,0000533 seconds, Stopping threads took: 0,0000100 seconds
2017-02-10T14:36:31.277+0100: 2088,345: Total time for which application threads were stopped: 0,0000484 seconds, Stopping threads took: 0,0000125 seconds
2017-02-10T14:36:31.278+0100: 2088,346: Total time for which application threads were stopped: 0,0001190 seconds, Stopping threads took: 0,0000256 seconds
2017-02-10T14:36:31.278+0100: 2088,346: Total time for which application threads were stopped: 0,0000672 seconds, Stopping threads took: 0,0000210 seconds
2017-02-10T14:36:31.282+0100: 2088,350: Total time for which application threads were stopped: 0,0001143 seconds, Stopping threads took: 0,0000384 seconds
2017-02-10T14:36:31.282+0100: 2088,350: Total time for which application threads were stopped: 0,0000604 seconds, Stopping threads took: 0,0000174 seconds
2017-02-10T14:36:31.285+0100: 2088,353: Total time for which application threads were stopped: 0,0001378 seconds, Stopping threads took: 0,0000366 seconds
2017-02-10T14:36:31.288+0100: 2088,357: Total time for which application threads were stopped: 0,0003001 seconds, Stopping threads took: 0,0002054 seconds
2017-02-10T14:36:36.763+0100: 2093,831: Total time for which application threads were stopped: 0,0001169 seconds, Stopping threads took: 0,0000206 seconds
2017-02-10T14:36:36.763+0100: 2093,831: Total time for which application threads were stopped: 0,0000591 seconds, Stopping threads took: 0,0000083 seconds
2017-02-10T14:36:36.822+0100: 2093,890: Total time for which application threads were stopped: 0,0023149 seconds, Stopping threads took: 0,0022084 seconds
2017-02-10T14:36:36.822+0100: 2093,891: Total time for which application threads were stopped: 0,0002025 seconds, Stopping threads took: 0,0001100 seconds
2017-02-10T14:36:36.823+0100: 2093,892: Total time for which application threads were stopped: 0,0002436 seconds, Stopping threads took: 0,0001122 seconds
2017-02-10T14:36:36.824+0100: 2093,892: Total time for which application threads were stopped: 0,0001214 seconds, Stopping threads took: 0,0000384 seconds
2017-02-10T14:36:36.824+0100: 2093,892: Total time for which application threads were stopped: 0,0000646 seconds, Stopping threads took: 0,0000136 seconds
2017-02-10T14:36:36.824+0100: 2093,892: Total time for which application threads were stopped: 0,0000738 seconds, Stopping threads took: 0,0000244 seconds
2017-02-10T14:36:36.825+0100: 2093,893: Total time for which application threads were stopped: 0,0001023 seconds, Stopping threads took: 0,0000324 seconds
2017-02-10T14:36:36.825+0100: 2093,893: Total time for which application threads were stopped: 0,0000535 seconds, Stopping threads took: 0,0000186 seconds
2017-02-10T14:36:36.825+0100: 2093,893: Total time for which application threads were stopped: 0,0000530 seconds, Stopping threads took: 0,0000227 seconds
2017-02-10T14:36:36.825+0100: 2093,893: Total time for which application threads were stopped: 0,0000428 seconds, Stopping threads took: 0,0000146 seconds
2017-02-10T14:36:36.828+0100: 2093,896: Total time for which application threads were stopped: 0,0001453 seconds, Stopping threads took: 0,0000436 seconds
2017-02-10T14:36:36.828+0100: 2093,896: Total time for which application threads were stopped: 0,0000734 seconds, Stopping threads took: 0,0000159 seconds
2017-02-10T14:36:36.835+0100: 2093,904: Total time for which application threads were stopped: 0,0002679 seconds, Stopping threads took: 0,0001567 seconds
2017-02-10T14:36:36.839+0100: 2093,908: Total time for which application threads were stopped: 0,0019166 seconds, Stopping threads took: 0,0017755 seconds
2017-02-10T14:36:36.851+0100: 2093,920: Total time for which application threads were stopped: 0,0001567 seconds, Stopping threads took: 0,0000276 seconds
2017-02-10T14:36:36.851+0100: 2093,920: Total time for which application threads were stopped: 0,0001051 seconds, Stopping threads took: 0,0000318 seconds
2017-02-10T14:36:36.859+0100: 2093,928: Total time for which application threads were stopped: 0,0001552 seconds, Stopping threads took: 0,0000315 seconds
2017-02-10T14:36:36.859+0100: 2093,928: Total time for which application threads were stopped: 0,0000625 seconds, Stopping threads took: 0,0000108 seconds
2017-02-10T14:36:36.866+0100: 2093,935: Total time for which application threads were stopped: 0,0001589 seconds, Stopping threads took: 0,0000450 seconds
2017-02-10T14:36:36.868+0100: 2093,937: Total time for which application threads were stopped: 0,0001472 seconds, Stopping threads took: 0,0000508 seconds
2017-02-10T14:36:36.871+0100: 2093,939: Total time for which application threads were stopped: 0,0001225 seconds, Stopping threads took: 0,0000247 seconds
2017-02-10T14:36:37.871+0100: 2094,940: Total time for which application threads were stopped: 0,0000701 seconds, Stopping threads took: 0,0000156 seconds
2017-02-10T14:36:39.871+0100: 2096,940: Total time for which application threads were stopped: 0,0001115 seconds, Stopping threads took: 0,0000205 seconds
2017-02-10T14:36:40.025+0100: 2097,093: Total time for which application threads were stopped: 0,0001338 seconds, Stopping threads took: 0,0000221 seconds
2017-02-10T14:36:40.025+0100: 2097,093: Total time for which application threads were stopped: 0,0000760 seconds, Stopping threads took: 0,0000136 seconds
2017-02-10T14:36:40.026+0100: 2097,095: Total time for which application threads were stopped: 0,0001406 seconds, Stopping threads took: 0,0000303 seconds
2017-02-10T14:36:40.026+0100: 2097,095: Total time for which application threads were stopped: 0,0001126 seconds, Stopping threads took: 0,0000292 seconds
2017-02-10T14:36:41.027+0100: 2098,095: Total time for which application threads were stopped: 0,0000725 seconds, Stopping threads took: 0,0000153 seconds
2017-02-10T14:36:42.027+0100: 2099,096: Total time for which application threads were stopped: 0,0003116 seconds, Stopping threads took: 0,0000609 seconds
2017-02-10T14:36:58.977+0100: 2116,046: Total time for which application threads were stopped: 0,0001691 seconds, Stopping threads took: 0,0000684 seconds
2017-02-10T14:36:59.977+0100: 2117,046: Total time for which application threads were stopped: 0,0000805 seconds, Stopping threads took: 0,0000155 seconds
2017-02-10T14:37:30.981+0100: 2148,050: Total time for which application threads were stopped: 0,0001049 seconds, Stopping threads took: 0,0000181 seconds
2017-02-10T14:37:40.025+0100: 2157,094: Total time for which application threads were stopped: 0,0001579 seconds, Stopping threads took: 0,0000302 seconds
2017-02-10T14:37:40.027+0100: 2157,096: Total time for which application threads were stopped: 0,0001604 seconds, Stopping threads took: 0,0000325 seconds
2017-02-10T14:55:01.090+0100: 3197,223: Total time for which application threads were stopped: 0,0001786 seconds, Stopping threads took: 0,0000848 seconds
2017-02-10T15:05:26.166+0100: 3822,298: Total time for which application threads were stopped: 0,0000849 seconds, Stopping threads took: 0,0000306 seconds
2017-02-10T15:05:37.167+0100: 3833,299: Total time for which application threads were stopped: 0,0000960 seconds, Stopping threads took: 0,0000325 seconds
2017-02-10T15:12:53.674+0100: 4269,806: Total time for which application threads were stopped: 0,0063522 seconds, Stopping threads took: 0,0000257 seconds
{Heap before GC invocations=6 (full 1):
 par new generation   total 109248K, used 102584K [0x00000000e0000000, 0x00000000e8000000, 0x00000000e8000000)
  eden space 87424K, 100% used [0x00000000e0000000, 0x00000000e5560000, 0x00000000e5560000)
  from space 21824K,  69% used [0x00000000e5560000, 0x00000000e642e2f8, 0x00000000e6ab0000)
  to   space 21824K,   0% used [0x00000000e6ab0000, 0x00000000e6ab0000, 0x00000000e8000000)
 concurrent mark-sweep generation total 393216K, used 0K [0x00000000e8000000, 0x0000000100000000, 0x0000000100000000)
 Metaspace       used 29805K, capacity 30434K, committed 30588K, reserved 1077248K
  class space    used 3443K, capacity 3632K, committed 3708K, reserved 1048576K
2017-02-10T15:12:53.723+0100: 4269,855: [GC (Allocation Failure) 2017-02-10T15:12:53.723+0100: 4269,855: [ParNew
Desired survivor size 20112992 bytes, new threshold 7 (max 8)
- age   1:   12757280 bytes,   12757280 total
- age   2:    1850184 bytes,   14607464 total
- age   3:     119968 bytes,   14727432 total
- age   4:     121792 bytes,   14849224 total
- age   5:     295384 bytes,   15144608 total
- age   6:    1087688 bytes,   16232296 total
- age   7:    6052136 bytes,   22284432 total
: 102584K->21824K(109248K), 0,0853881 secs] 102584K->22984K(502464K), 0,0854675 secs] [Times: user=0,09 sys=0,01, real=0,09 secs] 
Heap after GC invocations=7 (full 1):
 par new generation   total 109248K, used 21824K [0x00000000e0000000, 0x00000000e8000000, 0x00000000e8000000)
  eden space 87424K,   0% used [0x00000000e0000000, 0x00000000e0000000, 0x00000000e5560000)
  from space 21824K, 100% used [0x00000000e6ab0000, 0x00000000e8000000, 0x00000000e8000000)
  to   space 21824K,   0% used [0x00000000e5560000, 0x00000000e5560000, 0x00000000e6ab0000)
 concurrent mark-sweep generation total 393216K, used 1160K [0x00000000e8000000, 0x0000000100000000, 0x0000000100000000)
 Metaspace       used 29805K, capacity 30434K, committed 30588K, reserved 1077248K
  class space    used 3443K, capacity 3632K, committed 3708K, reserved 1048576K
}
2017-02-10T15:12:53.808+0100: 4269,941: Total time for which application threads were stopped: 0,1100780 seconds, Stopping threads took: 0,0244371 seconds
2017-02-10T15:12:53.827+0100: 4269,959: Total time for which application threads were stopped: 0,0010420 seconds, Stopping threads took: 0,0009240 seconds
2017-02-10T15:12:53.830+0100: 4269,962: Total time for which application threads were stopped: 0,0001299 seconds, Stopping threads took: 0,0000256 seconds
2017-02-10T15:12:53.830+0100: 4269,963: Total time for which application threads were stopped: 0,0001397 seconds, Stopping threads took: 0,0000311 seconds
2017-02-10T15:12:53.839+0100: 4269,971: Total time for which application threads were stopped: 0,0004415 seconds, Stopping threads took: 0,0003712 seconds
2017-02-10T15:12:53.840+0100: 4269,972: Total time for which application threads were stopped: 0,0000858 seconds, Stopping threads took: 0,0000158 seconds
Heap
 par new generation   total 109248K, used 27792K [0x00000000e0000000, 0x00000000e8000000, 0x00000000e8000000)
  eden space 87424K,   6% used [0x00000000e0000000, 0x00000000e05d4028, 0x00000000e5560000)
  from space 21824K, 100% used [0x00000000e6ab0000, 0x00000000e8000000, 0x00000000e8000000)
  to   space 21824K,   0% used [0x00000000e5560000, 0x00000000e5560000, 0x00000000e6ab0000)
 concurrent mark-sweep generation total 393216K, used 1160K [0x00000000e8000000, 0x0000000100000000, 0x0000000100000000)
 Metaspace       used 29885K, capacity 30532K, committed 30844K, reserved 1077248K
  class space    used 3453K, capacity 3665K, committed 3708K, reserved 1048576K
