OpenJDK 64-Bit Server VM (25.131-b11) for linux-amd64 JRE (1.8.0_131-8u131-b11-0ubuntu1.16.04.2-b11), built on May  6 2017 02:45:27 by "buildd" with gcc 5.4.0 20160609
Memory: 4k page, physical 7867740k(7405132k free), swap 8076284k(8076284k free)
CommandLine flags: -XX:CMSInitiatingOccupancyFraction=50 -XX:CMSMaxAbortablePrecleanTime=6000 -XX:+CMSParallelRemarkEnabled -XX:+CMSScavengeBeforeRemark -XX:ConcGCThreads=4 -XX:InitialHeapSize=536870912 -XX:MaxHeapSize=536870912 -XX:MaxTenuringThreshold=8 -XX:NewRatio=3 -XX:OldPLABSize=16 -XX:OnOutOfMemoryError=/opt/solr/bin/oom_solr.sh 8983 /var/solr/logs -XX:ParallelGCThreads=4 -XX:+ParallelRefProcEnabled -XX:PretenureSizeThreshold=67108864 -XX:+PrintGC -XX:+PrintGCApplicationStoppedTime -XX:+PrintGCDateStamps -XX:+PrintGCDetails -XX:+PrintGCTimeStamps -XX:+PrintHeapAtGC -XX:+PrintTenuringDistribution -XX:SurvivorRatio=4 -XX:TargetSurvivorRatio=90 -XX:ThreadStackSize=256 -XX:+UseCMSInitiatingOccupancyOnly -XX:+UseCompressedClassPointers -XX:+UseCompressedOops -XX:+UseConcMarkSweepGC -XX:+UseParNewGC 
2017-06-03T17:47:59.183+0200: 0,131: Total time for which application threads were stopped: 0,0000761 seconds, Stopping threads took: 0,0000111 seconds
2017-06-03T17:47:59.264+0200: 0,212: Total time for which application threads were stopped: 0,0002375 seconds, Stopping threads took: 0,0000104 seconds
2017-06-03T17:47:59.279+0200: 0,227: Total time for which application threads were stopped: 0,0000816 seconds, Stopping threads took: 0,0000102 seconds
2017-06-03T17:47:59.524+0200: 0,473: Total time for which application threads were stopped: 0,0001502 seconds, Stopping threads took: 0,0000155 seconds
2017-06-03T17:47:59.943+0200: 0,892: Total time for which application threads were stopped: 0,0001761 seconds, Stopping threads took: 0,0000223 seconds
2017-06-03T17:48:00.105+0200: 1,054: Total time for which application threads were stopped: 0,0001866 seconds, Stopping threads took: 0,0000287 seconds
2017-06-03T17:48:00.140+0200: 1,089: Total time for which application threads were stopped: 0,0004841 seconds, Stopping threads took: 0,0000409 seconds
2017-06-03T17:48:00.441+0200: 1,389: Total time for which application threads were stopped: 0,0002445 seconds, Stopping threads took: 0,0000438 seconds
2017-06-03T17:48:00.675+0200: 1,624: Total time for which application threads were stopped: 0,0001893 seconds, Stopping threads took: 0,0000110 seconds
2017-06-03T17:48:00.696+0200: 1,645: Total time for which application threads were stopped: 0,0002060 seconds, Stopping threads took: 0,0000236 seconds
2017-06-03T17:48:00.731+0200: 1,679: Total time for which application threads were stopped: 0,0002134 seconds, Stopping threads took: 0,0000313 seconds
2017-06-03T17:48:00.733+0200: 1,681: Total time for which application threads were stopped: 0,0003802 seconds, Stopping threads took: 0,0000323 seconds
2017-06-03T17:48:00.751+0200: 1,699: Total time for which application threads were stopped: 0,0002579 seconds, Stopping threads took: 0,0000196 seconds
2017-06-03T17:48:00.852+0200: 1,800: Total time for which application threads were stopped: 0,0001961 seconds, Stopping threads took: 0,0000169 seconds
2017-06-03T17:48:01.009+0200: 1,958: Total time for which application threads were stopped: 0,0002782 seconds, Stopping threads took: 0,0000441 seconds
{Heap before GC invocations=0 (full 0):
 par new generation   total 109248K, used 87424K [0x00000000e0000000, 0x00000000e8000000, 0x00000000e8000000)
  eden space 87424K, 100% used [0x00000000e0000000, 0x00000000e5560000, 0x00000000e5560000)
  from space 21824K,   0% used [0x00000000e5560000, 0x00000000e5560000, 0x00000000e6ab0000)
  to   space 21824K,   0% used [0x00000000e6ab0000, 0x00000000e6ab0000, 0x00000000e8000000)
 concurrent mark-sweep generation total 393216K, used 0K [0x00000000e8000000, 0x0000000100000000, 0x0000000100000000)
 Metaspace       used 18227K, capacity 18528K, committed 18688K, reserved 1064960K
  class space    used 2061K, capacity 2196K, committed 2304K, reserved 1048576K
2017-06-03T17:48:01.112+0200: 2,061: [GC (Allocation Failure) 2017-06-03T17:48:01.113+0200: 2,061: [ParNew
Desired survivor size 20112992 bytes, new threshold 8 (max 8)
- age   1:   12850616 bytes,   12850616 total
: 87424K->12672K(109248K), 0,0157482 secs] 87424K->12672K(502464K), 0,0158196 secs] [Times: user=0,03 sys=0,03, real=0,02 secs] 
Heap after GC invocations=1 (full 0):
 par new generation   total 109248K, used 12672K [0x00000000e0000000, 0x00000000e8000000, 0x00000000e8000000)
  eden space 87424K,   0% used [0x00000000e0000000, 0x00000000e0000000, 0x00000000e5560000)
  from space 21824K,  58% used [0x00000000e6ab0000, 0x00000000e7710240, 0x00000000e8000000)
  to   space 21824K,   0% used [0x00000000e5560000, 0x00000000e5560000, 0x00000000e6ab0000)
 concurrent mark-sweep generation total 393216K, used 0K [0x00000000e8000000, 0x0000000100000000, 0x0000000100000000)
 Metaspace       used 18227K, capacity 18528K, committed 18688K, reserved 1064960K
  class space    used 2061K, capacity 2196K, committed 2304K, reserved 1048576K
}
2017-06-03T17:48:01.128+0200: 2,077: Total time for which application threads were stopped: 0,0160545 seconds, Stopping threads took: 0,0000283 seconds
2017-06-03T17:48:01.416+0200: 2,364: Total time for which application threads were stopped: 0,0003401 seconds, Stopping threads took: 0,0000852 seconds
{Heap before GC invocations=1 (full 0):
 par new generation   total 109248K, used 100096K [0x00000000e0000000, 0x00000000e8000000, 0x00000000e8000000)
  eden space 87424K, 100% used [0x00000000e0000000, 0x00000000e5560000, 0x00000000e5560000)
  from space 21824K,  58% used [0x00000000e6ab0000, 0x00000000e7710240, 0x00000000e8000000)
  to   space 21824K,   0% used [0x00000000e5560000, 0x00000000e5560000, 0x00000000e6ab0000)
 concurrent mark-sweep generation total 393216K, used 0K [0x00000000e8000000, 0x0000000100000000, 0x0000000100000000)
 Metaspace       used 20060K, capacity 20374K, committed 20736K, reserved 1067008K
  class space    used 2297K, capacity 2475K, committed 2560K, reserved 1048576K
2017-06-03T17:48:01.458+0200: 2,407: [GC (Allocation Failure) 2017-06-03T17:48:01.458+0200: 2,407: [ParNew
Desired survivor size 20112992 bytes, new threshold 8 (max 8)
- age   1:    3316680 bytes,    3316680 total
- age   2:    6697736 bytes,   10014416 total
: 100096K->13882K(109248K), 0,0101396 secs] 100096K->13882K(502464K), 0,0102144 secs] [Times: user=0,03 sys=0,00, real=0,01 secs] 
Heap after GC invocations=2 (full 0):
 par new generation   total 109248K, used 13882K [0x00000000e0000000, 0x00000000e8000000, 0x00000000e8000000)
  eden space 87424K,   0% used [0x00000000e0000000, 0x00000000e0000000, 0x00000000e5560000)
  from space 21824K,  63% used [0x00000000e5560000, 0x00000000e62ee978, 0x00000000e6ab0000)
  to   space 21824K,   0% used [0x00000000e6ab0000, 0x00000000e6ab0000, 0x00000000e8000000)
 concurrent mark-sweep generation total 393216K, used 0K [0x00000000e8000000, 0x0000000100000000, 0x0000000100000000)
 Metaspace       used 20060K, capacity 20374K, committed 20736K, reserved 1067008K
  class space    used 2297K, capacity 2475K, committed 2560K, reserved 1048576K
}
2017-06-03T17:48:01.469+0200: 2,417: Total time for which application threads were stopped: 0,0104519 seconds, Stopping threads took: 0,0000765 seconds
2017-06-03T17:48:01.475+0200: 2,423: Total time for which application threads were stopped: 0,0002873 seconds, Stopping threads took: 0,0000430 seconds
2017-06-03T17:48:01.504+0200: 2,452: Total time for which application threads were stopped: 0,0004093 seconds, Stopping threads took: 0,0001299 seconds
2017-06-03T17:48:01.628+0200: 2,576: Total time for which application threads were stopped: 0,0002236 seconds, Stopping threads took: 0,0000750 seconds
{Heap before GC invocations=2 (full 0):
 par new generation   total 109248K, used 101306K [0x00000000e0000000, 0x00000000e8000000, 0x00000000e8000000)
  eden space 87424K, 100% used [0x00000000e0000000, 0x00000000e5560000, 0x00000000e5560000)
  from space 21824K,  63% used [0x00000000e5560000, 0x00000000e62ee978, 0x00000000e6ab0000)
  to   space 21824K,   0% used [0x00000000e6ab0000, 0x00000000e6ab0000, 0x00000000e8000000)
 concurrent mark-sweep generation total 393216K, used 0K [0x00000000e8000000, 0x0000000100000000, 0x0000000100000000)
 Metaspace       used 20978K, capacity 21360K, committed 21552K, reserved 1069056K
  class space    used 2426K, capacity 2594K, committed 2608K, reserved 1048576K
2017-06-03T17:48:01.652+0200: 2,601: [GC (Allocation Failure) 2017-06-03T17:48:01.652+0200: 2,601: [ParNew
Desired survivor size 20112992 bytes, new threshold 8 (max 8)
- age   1:    2296952 bytes,    2296952 total
- age   2:     824464 bytes,    3121416 total
- age   3:    6693896 bytes,    9815312 total
: 101306K->12713K(109248K), 0,0094643 secs] 101306K->12713K(502464K), 0,0095512 secs] [Times: user=0,02 sys=0,00, real=0,01 secs] 
Heap after GC invocations=3 (full 0):
 par new generation   total 109248K, used 12713K [0x00000000e0000000, 0x00000000e8000000, 0x00000000e8000000)
  eden space 87424K,   0% used [0x00000000e0000000, 0x00000000e0000000, 0x00000000e5560000)
  from space 21824K,  58% used [0x00000000e6ab0000, 0x00000000e771a758, 0x00000000e8000000)
  to   space 21824K,   0% used [0x00000000e5560000, 0x00000000e5560000, 0x00000000e6ab0000)
 concurrent mark-sweep generation total 393216K, used 0K [0x00000000e8000000, 0x0000000100000000, 0x0000000100000000)
 Metaspace       used 20978K, capacity 21360K, committed 21552K, reserved 1069056K
  class space    used 2426K, capacity 2594K, committed 2608K, reserved 1048576K
}
2017-06-03T17:48:01.662+0200: 2,610: Total time for which application threads were stopped: 0,0097831 seconds, Stopping threads took: 0,0000679 seconds
2017-06-03T17:48:01.662+0200: 2,611: [GC (CMS Initial Mark) [1 CMS-initial-mark: 0K(393216K)] 14177K(502464K), 0,0028950 secs] [Times: user=0,00 sys=0,00, real=0,00 secs] 
2017-06-03T17:48:01.665+0200: 2,614: Total time for which application threads were stopped: 0,0030243 seconds, Stopping threads took: 0,0000541 seconds
2017-06-03T17:48:01.665+0200: 2,614: [CMS-concurrent-mark-start]
2017-06-03T17:48:01.666+0200: 2,614: [CMS-concurrent-mark: 0,000/0,000 secs] [Times: user=0,01 sys=0,00, real=0,01 secs] 
2017-06-03T17:48:01.666+0200: 2,614: [CMS-concurrent-preclean-start]
2017-06-03T17:48:01.667+0200: 2,615: [CMS-concurrent-preclean: 0,001/0,001 secs] [Times: user=0,00 sys=0,00, real=0,00 secs] 
2017-06-03T17:48:01.667+0200: 2,615: [CMS-concurrent-abortable-preclean-start]
2017-06-03T17:48:01.766+0200: 2,715: Total time for which application threads were stopped: 0,0042390 seconds, Stopping threads took: 0,0041298 seconds
2017-06-03T17:48:01.766+0200: 2,715: [CMS-concurrent-abortable-preclean: 0,090/0,099 secs] [Times: user=0,35 sys=0,01, real=0,10 secs] 
2017-06-03T17:48:01.766+0200: 2,715: [GC (CMS Final Remark) [YG occupancy: 80905 K (109248 K)]{Heap before GC invocations=3 (full 1):
 par new generation   total 109248K, used 80905K [0x00000000e0000000, 0x00000000e8000000, 0x00000000e8000000)
  eden space 87424K,  78% used [0x00000000e0000000, 0x00000000e42980a0, 0x00000000e5560000)
  from space 21824K,  58% used [0x00000000e6ab0000, 0x00000000e771a758, 0x00000000e8000000)
  to   space 21824K,   0% used [0x00000000e5560000, 0x00000000e5560000, 0x00000000e6ab0000)
 concurrent mark-sweep generation total 393216K, used 0K [0x00000000e8000000, 0x0000000100000000, 0x0000000100000000)
 Metaspace       used 21214K, capacity 21568K, committed 21756K, reserved 1069056K
  class space    used 2446K, capacity 2609K, committed 2736K, reserved 1048576K
2017-06-03T17:48:01.766+0200: 2,715: [GC (CMS Final Remark) 2017-06-03T17:48:01.766+0200: 2,715: [ParNew
Desired survivor size 20112992 bytes, new threshold 8 (max 8)
- age   1:    1196888 bytes,    1196888 total
- age   2:    1453128 bytes,    2650016 total
- age   3:     793120 bytes,    3443136 total
- age   4:    6694168 bytes,   10137304 total
: 80905K->11266K(109248K), 0,0102483 secs] 80905K->11266K(502464K), 0,0102929 secs] [Times: user=0,04 sys=0,00, real=0,00 secs] 
Heap after GC invocations=4 (full 1):
 par new generation   total 109248K, used 11266K [0x00000000e0000000, 0x00000000e8000000, 0x00000000e8000000)
  eden space 87424K,   0% used [0x00000000e0000000, 0x00000000e0000000, 0x00000000e5560000)
  from space 21824K,  51% used [0x00000000e5560000, 0x00000000e6060820, 0x00000000e6ab0000)
  to   space 21824K,   0% used [0x00000000e6ab0000, 0x00000000e6ab0000, 0x00000000e8000000)
 concurrent mark-sweep generation total 393216K, used 0K [0x00000000e8000000, 0x0000000100000000, 0x0000000100000000)
 Metaspace       used 21214K, capacity 21568K, committed 21756K, reserved 1069056K
  class space    used 2446K, capacity 2609K, committed 2736K, reserved 1048576K
}
2017-06-03T17:48:01.777+0200: 2,725: [Rescan (parallel) , 0,0032566 secs]2017-06-03T17:48:01.780+0200: 2,728: [weak refs processing, 0,0011921 secs]2017-06-03T17:48:01.781+0200: 2,730: [class unloading, 0,0027840 secs]2017-06-03T17:48:01.784+0200: 2,732: [scrub symbol table, 0,0026301 secs]2017-06-03T17:48:01.787+0200: 2,735: [scrub string table, 0,0003510 secs][1 CMS-remark: 0K(393216K)] 11266K(502464K), 0,0211291 secs] [Times: user=0,06 sys=0,00, real=0,02 secs] 
2017-06-03T17:48:01.788+0200: 2,736: Total time for which application threads were stopped: 0,0213030 seconds, Stopping threads took: 0,0000953 seconds
2017-06-03T17:48:01.788+0200: 2,736: [CMS-concurrent-sweep-start]
2017-06-03T17:48:01.788+0200: 2,736: [CMS-concurrent-sweep: 0,000/0,000 secs] [Times: user=0,00 sys=0,00, real=0,00 secs] 
2017-06-03T17:48:01.788+0200: 2,736: [CMS-concurrent-reset-start]
2017-06-03T17:48:01.790+0200: 2,739: [CMS-concurrent-reset: 0,003/0,003 secs] [Times: user=0,00 sys=0,00, real=0,00 secs] 
{Heap before GC invocations=4 (full 1):
 par new generation   total 109248K, used 98690K [0x00000000e0000000, 0x00000000e8000000, 0x00000000e8000000)
  eden space 87424K, 100% used [0x00000000e0000000, 0x00000000e5560000, 0x00000000e5560000)
  from space 21824K,  51% used [0x00000000e5560000, 0x00000000e6060820, 0x00000000e6ab0000)
  to   space 21824K,   0% used [0x00000000e6ab0000, 0x00000000e6ab0000, 0x00000000e8000000)
 concurrent mark-sweep generation total 393216K, used 0K [0x00000000e8000000, 0x0000000100000000, 0x0000000100000000)
 Metaspace       used 21323K, capacity 21668K, committed 22012K, reserved 1069056K
  class space    used 2464K, capacity 2641K, committed 2736K, reserved 1048576K
2017-06-03T17:48:01.886+0200: 2,834: [GC (Allocation Failure) 2017-06-03T17:48:01.886+0200: 2,835: [ParNew
Desired survivor size 20112992 bytes, new threshold 8 (max 8)
- age   1:    1103144 bytes,    1103144 total
- age   2:     137696 bytes,    1240840 total
- age   3:    1452792 bytes,    2693632 total
- age   4:     789200 bytes,    3482832 total
- age   5:    6694128 bytes,   10176960 total
: 98690K->15183K(109248K), 0,0112220 secs] 98690K->15183K(502464K), 0,0112948 secs] [Times: user=0,04 sys=0,00, real=0,00 secs] 
Heap after GC invocations=5 (full 1):
 par new generation   total 109248K, used 15183K [0x00000000e0000000, 0x00000000e8000000, 0x00000000e8000000)
  eden space 87424K,   0% used [0x00000000e0000000, 0x00000000e0000000, 0x00000000e5560000)
  from space 21824K,  69% used [0x00000000e6ab0000, 0x00000000e7983ed8, 0x00000000e8000000)
  to   space 21824K,   0% used [0x00000000e5560000, 0x00000000e5560000, 0x00000000e6ab0000)
 concurrent mark-sweep generation total 393216K, used 0K [0x00000000e8000000, 0x0000000100000000, 0x0000000100000000)
 Metaspace       used 21323K, capacity 21668K, committed 22012K, reserved 1069056K
  class space    used 2464K, capacity 2641K, committed 2736K, reserved 1048576K
}
2017-06-03T17:48:01.897+0200: 2,846: Total time for which application threads were stopped: 0,0115637 seconds, Stopping threads took: 0,0000983 seconds
2017-06-03T17:48:01.946+0200: 2,894: Total time for which application threads were stopped: 0,0003312 seconds, Stopping threads took: 0,0000407 seconds
2017-06-03T17:48:02.171+0200: 3,120: Total time for which application threads were stopped: 0,0004897 seconds, Stopping threads took: 0,0000400 seconds
2017-06-03T17:48:02.186+0200: 3,135: Total time for which application threads were stopped: 0,0003542 seconds, Stopping threads took: 0,0000256 seconds
{Heap before GC invocations=5 (full 1):
 par new generation   total 109248K, used 102607K [0x00000000e0000000, 0x00000000e8000000, 0x00000000e8000000)
  eden space 87424K, 100% used [0x00000000e0000000, 0x00000000e5560000, 0x00000000e5560000)
  from space 21824K,  69% used [0x00000000e6ab0000, 0x00000000e7983ed8, 0x00000000e8000000)
  to   space 21824K,   0% used [0x00000000e5560000, 0x00000000e5560000, 0x00000000e6ab0000)
 concurrent mark-sweep generation total 393216K, used 0K [0x00000000e8000000, 0x0000000100000000, 0x0000000100000000)
 Metaspace       used 23755K, capacity 24242K, committed 24496K, reserved 1071104K
  class space    used 2795K, capacity 2986K, committed 2992K, reserved 1048576K
2017-06-03T17:48:02.342+0200: 3,291: [GC (Allocation Failure) 2017-06-03T17:48:02.342+0200: 3,291: [ParNew
Desired survivor size 20112992 bytes, new threshold 8 (max 8)
- age   1:    5258776 bytes,    5258776 total
- age   2:     110416 bytes,    5369192 total
- age   3:     136496 bytes,    5505688 total
- age   4:     282816 bytes,    5788504 total
- age   5:     764984 bytes,    6553488 total
- age   6:    6685472 bytes,   13238960 total
: 102607K->15124K(109248K), 0,0198537 secs] 102607K->15124K(502464K), 0,0199451 secs] [Times: user=0,08 sys=0,00, real=0,02 secs] 
Heap after GC invocations=6 (full 1):
 par new generation   total 109248K, used 15124K [0x00000000e0000000, 0x00000000e8000000, 0x00000000e8000000)
  eden space 87424K,   0% used [0x00000000e0000000, 0x00000000e0000000, 0x00000000e5560000)
  from space 21824K,  69% used [0x00000000e5560000, 0x00000000e6425188, 0x00000000e6ab0000)
  to   space 21824K,   0% used [0x00000000e6ab0000, 0x00000000e6ab0000, 0x00000000e8000000)
 concurrent mark-sweep generation total 393216K, used 0K [0x00000000e8000000, 0x0000000100000000, 0x0000000100000000)
 Metaspace       used 23755K, capacity 24242K, committed 24496K, reserved 1071104K
  class space    used 2795K, capacity 2986K, committed 2992K, reserved 1048576K
}
2017-06-03T17:48:02.362+0200: 3,311: Total time for which application threads were stopped: 0,0213905 seconds, Stopping threads took: 0,0011776 seconds
{Heap before GC invocations=6 (full 1):
 par new generation   total 109248K, used 102548K [0x00000000e0000000, 0x00000000e8000000, 0x00000000e8000000)
  eden space 87424K, 100% used [0x00000000e0000000, 0x00000000e5560000, 0x00000000e5560000)
  from space 21824K,  69% used [0x00000000e5560000, 0x00000000e6425188, 0x00000000e6ab0000)
  to   space 21824K,   0% used [0x00000000e6ab0000, 0x00000000e6ab0000, 0x00000000e8000000)
 concurrent mark-sweep generation total 393216K, used 0K [0x00000000e8000000, 0x0000000100000000, 0x0000000100000000)
 Metaspace       used 24500K, capacity 24946K, committed 25136K, reserved 1071104K
  class space    used 2869K, capacity 3050K, committed 3120K, reserved 1048576K
2017-06-03T17:48:02.492+0200: 3,440: [GC (Allocation Failure) 2017-06-03T17:48:02.492+0200: 3,440: [ParNew
Desired survivor size 20112992 bytes, new threshold 8 (max 8)
- age   1:    1835016 bytes,    1835016 total
- age   2:    1772592 bytes,    3607608 total
- age   3:      60736 bytes,    3668344 total
- age   4:      76272 bytes,    3744616 total
- age   5:     181992 bytes,    3926608 total
- age   6:     721992 bytes,    4648600 total
- age   7:    6152040 bytes,   10800640 total
: 102548K->16289K(109248K), 0,0114634 secs] 102548K->16289K(502464K), 0,0115379 secs] [Times: user=0,04 sys=0,00, real=0,01 secs] 
Heap after GC invocations=7 (full 1):
 par new generation   total 109248K, used 16289K [0x00000000e0000000, 0x00000000e8000000, 0x00000000e8000000)
  eden space 87424K,   0% used [0x00000000e0000000, 0x00000000e0000000, 0x00000000e5560000)
  from space 21824K,  74% used [0x00000000e6ab0000, 0x00000000e7a98770, 0x00000000e8000000)
  to   space 21824K,   0% used [0x00000000e5560000, 0x00000000e5560000, 0x00000000e6ab0000)
 concurrent mark-sweep generation total 393216K, used 0K [0x00000000e8000000, 0x0000000100000000, 0x0000000100000000)
 Metaspace       used 24500K, capacity 24946K, committed 25136K, reserved 1071104K
  class space    used 2869K, capacity 3050K, committed 3120K, reserved 1048576K
}
2017-06-03T17:48:02.503+0200: 3,452: Total time for which application threads were stopped: 0,0118467 seconds, Stopping threads took: 0,0000787 seconds
{Heap before GC invocations=7 (full 1):
 par new generation   total 109248K, used 103713K [0x00000000e0000000, 0x00000000e8000000, 0x00000000e8000000)
  eden space 87424K, 100% used [0x00000000e0000000, 0x00000000e5560000, 0x00000000e5560000)
  from space 21824K,  74% used [0x00000000e6ab0000, 0x00000000e7a98770, 0x00000000e8000000)
  to   space 21824K,   0% used [0x00000000e5560000, 0x00000000e5560000, 0x00000000e6ab0000)
 concurrent mark-sweep generation total 393216K, used 0K [0x00000000e8000000, 0x0000000100000000, 0x0000000100000000)
 Metaspace       used 24989K, capacity 25458K, committed 25648K, reserved 1071104K
  class space    used 2911K, capacity 3088K, committed 3120K, reserved 1048576K
2017-06-03T17:48:02.602+0200: 3,550: [GC (Allocation Failure) 2017-06-03T17:48:02.602+0200: 3,550: [ParNew
Desired survivor size 20112992 bytes, new threshold 8 (max 8)
- age   1:    1095728 bytes,    1095728 total
- age   2:    1048816 bytes,    2144544 total
- age   3:    1745208 bytes,    3889752 total
- age   4:      58256 bytes,    3948008 total
- age   5:      76032 bytes,    4024040 total
- age   6:     181528 bytes,    4205568 total
- age   7:     721192 bytes,    4926760 total
- age   8:    6151896 bytes,   11078656 total
: 103713K->13379K(109248K), 0,0100625 secs] 103713K->13379K(502464K), 0,0101271 secs] [Times: user=0,04 sys=0,00, real=0,01 secs] 
Heap after GC invocations=8 (full 1):
 par new generation   total 109248K, used 13379K [0x00000000e0000000, 0x00000000e8000000, 0x00000000e8000000)
  eden space 87424K,   0% used [0x00000000e0000000, 0x00000000e0000000, 0x00000000e5560000)
  from space 21824K,  61% used [0x00000000e5560000, 0x00000000e6270e20, 0x00000000e6ab0000)
  to   space 21824K,   0% used [0x00000000e6ab0000, 0x00000000e6ab0000, 0x00000000e8000000)
 concurrent mark-sweep generation total 393216K, used 0K [0x00000000e8000000, 0x0000000100000000, 0x0000000100000000)
 Metaspace       used 24989K, capacity 25458K, committed 25648K, reserved 1071104K
  class space    used 2911K, capacity 3088K, committed 3120K, reserved 1048576K
}
2017-06-03T17:48:02.612+0200: 3,560: Total time for which application threads were stopped: 0,0123518 seconds, Stopping threads took: 0,0020896 seconds
2017-06-03T17:48:02.855+0200: 3,804: Total time for which application threads were stopped: 0,0005481 seconds, Stopping threads took: 0,0000457 seconds
2017-06-03T17:48:02.875+0200: 3,824: Total time for which application threads were stopped: 0,0004090 seconds, Stopping threads took: 0,0000211 seconds
2017-06-03T17:48:02.929+0200: 3,877: Total time for which application threads were stopped: 0,0005710 seconds, Stopping threads took: 0,0000620 seconds
{Heap before GC invocations=8 (full 1):
 par new generation   total 109248K, used 100803K [0x00000000e0000000, 0x00000000e8000000, 0x00000000e8000000)
  eden space 87424K, 100% used [0x00000000e0000000, 0x00000000e5560000, 0x00000000e5560000)
  from space 21824K,  61% used [0x00000000e5560000, 0x00000000e6270e20, 0x00000000e6ab0000)
  to   space 21824K,   0% used [0x00000000e6ab0000, 0x00000000e6ab0000, 0x00000000e8000000)
 concurrent mark-sweep generation total 393216K, used 0K [0x00000000e8000000, 0x0000000100000000, 0x0000000100000000)
 Metaspace       used 27181K, capacity 27758K, committed 27952K, reserved 1073152K
  class space    used 3121K, capacity 3298K, committed 3376K, reserved 1048576K
2017-06-03T17:48:02.984+0200: 3,932: [GC (Allocation Failure) 2017-06-03T17:48:02.984+0200: 3,933: [ParNew
Desired survivor size 20112992 bytes, new threshold 8 (max 8)
- age   1:    7728136 bytes,    7728136 total
- age   2:     261392 bytes,    7989528 total
- age   3:     266464 bytes,    8255992 total
- age   4:    1741872 bytes,    9997864 total
- age   5:      58256 bytes,   10056120 total
- age   6:      76032 bytes,   10132152 total
- age   7:     181496 bytes,   10313648 total
- age   8:     720744 bytes,   11034392 total
: 100803K->14178K(109248K), 0,0453837 secs] 100803K->20265K(502464K), 0,0454909 secs] [Times: user=0,15 sys=0,00, real=0,05 secs] 
Heap after GC invocations=9 (full 1):
 par new generation   total 109248K, used 14178K [0x00000000e0000000, 0x00000000e8000000, 0x00000000e8000000)
  eden space 87424K,   0% used [0x00000000e0000000, 0x00000000e0000000, 0x00000000e5560000)
  from space 21824K,  64% used [0x00000000e6ab0000, 0x00000000e7888950, 0x00000000e8000000)
  to   space 21824K,   0% used [0x00000000e5560000, 0x00000000e5560000, 0x00000000e6ab0000)
 concurrent mark-sweep generation total 393216K, used 6087K [0x00000000e8000000, 0x0000000100000000, 0x0000000100000000)
 Metaspace       used 27181K, capacity 27758K, committed 27952K, reserved 1073152K
  class space    used 3121K, capacity 3298K, committed 3376K, reserved 1048576K
}
2017-06-03T17:48:03.030+0200: 3,978: Total time for which application threads were stopped: 0,0456989 seconds, Stopping threads took: 0,0000392 seconds
2017-06-03T17:48:03.096+0200: 4,045: Total time for which application threads were stopped: 0,0008769 seconds, Stopping threads took: 0,0000285 seconds
2017-06-03T17:48:03.097+0200: 4,045: Total time for which application threads were stopped: 0,0001272 seconds, Stopping threads took: 0,0000361 seconds
2017-06-03T17:48:03.097+0200: 4,046: Total time for which application threads were stopped: 0,0001214 seconds, Stopping threads took: 0,0000405 seconds
2017-06-03T17:48:03.102+0200: 4,050: Total time for which application threads were stopped: 0,0029306 seconds, Stopping threads took: 0,0028212 seconds
2017-06-03T17:48:03.104+0200: 4,052: Total time for which application threads were stopped: 0,0001213 seconds, Stopping threads took: 0,0000396 seconds
2017-06-03T17:48:03.110+0200: 4,058: Total time for which application threads were stopped: 0,0047165 seconds, Stopping threads took: 0,0046187 seconds
2017-06-03T17:48:03.110+0200: 4,059: Total time for which application threads were stopped: 0,0000853 seconds, Stopping threads took: 0,0000316 seconds
2017-06-03T17:48:03.110+0200: 4,059: Total time for which application threads were stopped: 0,0000630 seconds, Stopping threads took: 0,0000115 seconds
2017-06-03T17:48:03.110+0200: 4,059: Total time for which application threads were stopped: 0,0000740 seconds, Stopping threads took: 0,0000203 seconds
2017-06-03T17:48:03.111+0200: 4,059: Total time for which application threads were stopped: 0,0000774 seconds, Stopping threads took: 0,0000215 seconds
2017-06-03T17:48:03.111+0200: 4,060: Total time for which application threads were stopped: 0,0001148 seconds, Stopping threads took: 0,0000308 seconds
2017-06-03T17:48:03.112+0200: 4,061: Total time for which application threads were stopped: 0,0001117 seconds, Stopping threads took: 0,0000279 seconds
2017-06-03T17:48:03.114+0200: 4,062: Total time for which application threads were stopped: 0,0005814 seconds, Stopping threads took: 0,0005064 seconds
2017-06-03T17:48:03.118+0200: 4,066: Total time for which application threads were stopped: 0,0003793 seconds, Stopping threads took: 0,0002719 seconds
2017-06-03T17:48:03.118+0200: 4,067: Total time for which application threads were stopped: 0,0001049 seconds, Stopping threads took: 0,0000288 seconds
2017-06-03T17:48:03.119+0200: 4,067: Total time for which application threads were stopped: 0,0000961 seconds, Stopping threads took: 0,0000289 seconds
2017-06-03T17:48:03.120+0200: 4,069: Total time for which application threads were stopped: 0,0001631 seconds, Stopping threads took: 0,0000498 seconds
2017-06-03T17:48:03.121+0200: 4,069: Total time for which application threads were stopped: 0,0001198 seconds, Stopping threads took: 0,0000308 seconds
2017-06-03T17:48:03.129+0200: 4,078: Total time for which application threads were stopped: 0,0001209 seconds, Stopping threads took: 0,0000268 seconds
2017-06-03T17:48:04.129+0200: 5,078: Total time for which application threads were stopped: 0,0000823 seconds, Stopping threads took: 0,0000174 seconds
2017-06-03T17:48:05.130+0200: 6,078: Total time for which application threads were stopped: 0,0000565 seconds, Stopping threads took: 0,0000148 seconds
2017-06-03T17:48:20.131+0200: 21,080: Total time for which application threads were stopped: 0,0000614 seconds, Stopping threads took: 0,0000164 seconds
2017-06-03T17:48:31.133+0200: 32,081: Total time for which application threads were stopped: 0,0000637 seconds, Stopping threads took: 0,0000169 seconds
2017-06-03T17:49:56.142+0200: 117,090: Total time for which application threads were stopped: 0,0000727 seconds, Stopping threads took: 0,0000298 seconds
2017-06-03T17:50:01.143+0200: 122,091: Total time for which application threads were stopped: 0,0004064 seconds, Stopping threads took: 0,0001100 seconds
2017-06-03T17:56:11.031+0200: 491,979: Total time for which application threads were stopped: 0,0041635 seconds, Stopping threads took: 0,0040497 seconds
2017-06-03T17:56:11.056+0200: 492,004: Total time for which application threads were stopped: 0,0001185 seconds, Stopping threads took: 0,0000220 seconds
Heap
 par new generation   total 109248K, used 50207K [0x00000000e0000000, 0x00000000e8000000, 0x00000000e8000000)
  eden space 87424K,  41% used [0x00000000e0000000, 0x00000000e232f488, 0x00000000e5560000)
  from space 21824K,  64% used [0x00000000e6ab0000, 0x00000000e7888950, 0x00000000e8000000)
  to   space 21824K,   0% used [0x00000000e5560000, 0x00000000e5560000, 0x00000000e6ab0000)
 concurrent mark-sweep generation total 393216K, used 6087K [0x00000000e8000000, 0x0000000100000000, 0x0000000100000000)
 Metaspace       used 28120K, capacity 28640K, committed 28848K, reserved 1075200K
  class space    used 3228K, capacity 3397K, committed 3504K, reserved 1048576K
