OpenJDK 64-Bit Server VM (25.121-b13) for linux-amd64 JRE (1.8.0_121-8u121-b13-0ubuntu1.16.04.2-b13), built on Jan 23 2017 15:51:29 by "buildd" with gcc 5.4.0 20160609
Memory: 4k page, physical 7867764k(7422796k free), swap 8076284k(8076284k free)
CommandLine flags: -XX:CMSInitiatingOccupancyFraction=50 -XX:CMSMaxAbortablePrecleanTime=6000 -XX:+CMSParallelRemarkEnabled -XX:+CMSScavengeBeforeRemark -XX:ConcGCThreads=4 -XX:InitialHeapSize=536870912 -XX:MaxHeapSize=536870912 -XX:MaxTenuringThreshold=8 -XX:NewRatio=3 -XX:OldPLABSize=16 -XX:OnOutOfMemoryError=/opt/solr/bin/oom_solr.sh 8983 /var/solr/logs -XX:ParallelGCThreads=4 -XX:+ParallelRefProcEnabled -XX:PretenureSizeThreshold=67108864 -XX:+PrintGC -XX:+PrintGCApplicationStoppedTime -XX:+PrintGCDateStamps -XX:+PrintGCDetails -XX:+PrintGCTimeStamps -XX:+PrintHeapAtGC -XX:+PrintTenuringDistribution -XX:SurvivorRatio=4 -XX:TargetSurvivorRatio=90 -XX:ThreadStackSize=256 -XX:+UseCMSInitiatingOccupancyOnly -XX:+UseCompressedClassPointers -XX:+UseCompressedOops -XX:+UseConcMarkSweepGC -XX:+UseParNewGC 
2017-05-02T07:00:10.196+0200: 0,179: Total time for which application threads were stopped: 0,0000843 seconds, Stopping threads took: 0,0000212 seconds
2017-05-02T07:00:10.325+0200: 0,308: Total time for which application threads were stopped: 0,0000958 seconds, Stopping threads took: 0,0000100 seconds
2017-05-02T07:00:10.413+0200: 0,395: Total time for which application threads were stopped: 0,0000933 seconds, Stopping threads took: 0,0000101 seconds
2017-05-02T07:00:10.846+0200: 0,829: Total time for which application threads were stopped: 0,0001640 seconds, Stopping threads took: 0,0000167 seconds
2017-05-02T07:00:11.210+0200: 1,193: Total time for which application threads were stopped: 0,0001450 seconds, Stopping threads took: 0,0000133 seconds
2017-05-02T07:00:11.294+0200: 1,277: Total time for which application threads were stopped: 0,0002222 seconds, Stopping threads took: 0,0000217 seconds
2017-05-02T07:00:11.332+0200: 1,315: Total time for which application threads were stopped: 0,0002430 seconds, Stopping threads took: 0,0000453 seconds
2017-05-02T07:00:11.661+0200: 1,644: Total time for which application threads were stopped: 0,0006742 seconds, Stopping threads took: 0,0000227 seconds
2017-05-02T07:00:11.891+0200: 1,873: Total time for which application threads were stopped: 0,0001952 seconds, Stopping threads took: 0,0000148 seconds
2017-05-02T07:00:11.910+0200: 1,893: Total time for which application threads were stopped: 0,0002466 seconds, Stopping threads took: 0,0000252 seconds
2017-05-02T07:00:11.936+0200: 1,919: Total time for which application threads were stopped: 0,0002072 seconds, Stopping threads took: 0,0000255 seconds
2017-05-02T07:00:11.937+0200: 1,920: Total time for which application threads were stopped: 0,0001979 seconds, Stopping threads took: 0,0000229 seconds
2017-05-02T07:00:11.954+0200: 1,937: Total time for which application threads were stopped: 0,0001824 seconds, Stopping threads took: 0,0000151 seconds
2017-05-02T07:00:12.028+0200: 2,011: Total time for which application threads were stopped: 0,0002375 seconds, Stopping threads took: 0,0000268 seconds
2017-05-02T07:00:12.204+0200: 2,187: Total time for which application threads were stopped: 0,0002500 seconds, Stopping threads took: 0,0000316 seconds
{Heap before GC invocations=0 (full 0):
 par new generation   total 109248K, used 87424K [0x00000000e0000000, 0x00000000e8000000, 0x00000000e8000000)
  eden space 87424K, 100% used [0x00000000e0000000, 0x00000000e5560000, 0x00000000e5560000)
  from space 21824K,   0% used [0x00000000e5560000, 0x00000000e5560000, 0x00000000e6ab0000)
  to   space 21824K,   0% used [0x00000000e6ab0000, 0x00000000e6ab0000, 0x00000000e8000000)
 concurrent mark-sweep generation total 393216K, used 0K [0x00000000e8000000, 0x0000000100000000, 0x0000000100000000)
 Metaspace       used 17881K, capacity 18240K, committed 18304K, reserved 1064960K
  class space    used 2024K, capacity 2164K, committed 2176K, reserved 1048576K
2017-05-02T07:00:12.264+0200: 2,247: [GC (Allocation Failure) 2017-05-02T07:00:12.264+0200: 2,247: [ParNew
Desired survivor size 20112992 bytes, new threshold 8 (max 8)
- age   1:   11863088 bytes,   11863088 total
: 87424K->11683K(109248K), 0,0157088 secs] 87424K->11683K(502464K), 0,0157936 secs] [Times: user=0,03 sys=0,03, real=0,02 secs] 
Heap after GC invocations=1 (full 0):
 par new generation   total 109248K, used 11683K [0x00000000e0000000, 0x00000000e8000000, 0x00000000e8000000)
  eden space 87424K,   0% used [0x00000000e0000000, 0x00000000e0000000, 0x00000000e5560000)
  from space 21824K,  53% used [0x00000000e6ab0000, 0x00000000e7618c48, 0x00000000e8000000)
  to   space 21824K,   0% used [0x00000000e5560000, 0x00000000e5560000, 0x00000000e6ab0000)
 concurrent mark-sweep generation total 393216K, used 0K [0x00000000e8000000, 0x0000000100000000, 0x0000000100000000)
 Metaspace       used 17881K, capacity 18240K, committed 18304K, reserved 1064960K
  class space    used 2024K, capacity 2164K, committed 2176K, reserved 1048576K
}
2017-05-02T07:00:12.280+0200: 2,263: Total time for which application threads were stopped: 0,0160125 seconds, Stopping threads took: 0,0000672 seconds
2017-05-02T07:00:12.639+0200: 2,622: Total time for which application threads were stopped: 0,0003106 seconds, Stopping threads took: 0,0000342 seconds
{Heap before GC invocations=1 (full 0):
 par new generation   total 109248K, used 99107K [0x00000000e0000000, 0x00000000e8000000, 0x00000000e8000000)
  eden space 87424K, 100% used [0x00000000e0000000, 0x00000000e5560000, 0x00000000e5560000)
  from space 21824K,  53% used [0x00000000e6ab0000, 0x00000000e7618c48, 0x00000000e8000000)
  to   space 21824K,   0% used [0x00000000e5560000, 0x00000000e5560000, 0x00000000e6ab0000)
 concurrent mark-sweep generation total 393216K, used 0K [0x00000000e8000000, 0x0000000100000000, 0x0000000100000000)
 Metaspace       used 20047K, capacity 20386K, committed 20736K, reserved 1067008K
  class space    used 2299K, capacity 2479K, committed 2560K, reserved 1048576K
2017-05-02T07:00:12.666+0200: 2,649: [GC (Allocation Failure) 2017-05-02T07:00:12.666+0200: 2,649: [ParNew
Desired survivor size 20112992 bytes, new threshold 8 (max 8)
- age   1:    3830952 bytes,    3830952 total
- age   2:    6445536 bytes,   10276488 total
: 99107K->13282K(109248K), 0,0148353 secs] 99107K->13282K(502464K), 0,0149018 secs] [Times: user=0,04 sys=0,00, real=0,01 secs] 
Heap after GC invocations=2 (full 0):
 par new generation   total 109248K, used 13282K [0x00000000e0000000, 0x00000000e8000000, 0x00000000e8000000)
  eden space 87424K,   0% used [0x00000000e0000000, 0x00000000e0000000, 0x00000000e5560000)
  from space 21824K,  60% used [0x00000000e5560000, 0x00000000e62588e8, 0x00000000e6ab0000)
  to   space 21824K,   0% used [0x00000000e6ab0000, 0x00000000e6ab0000, 0x00000000e8000000)
 concurrent mark-sweep generation total 393216K, used 0K [0x00000000e8000000, 0x0000000100000000, 0x0000000100000000)
 Metaspace       used 20047K, capacity 20386K, committed 20736K, reserved 1067008K
  class space    used 2299K, capacity 2479K, committed 2560K, reserved 1048576K
}
2017-05-02T07:00:12.681+0200: 2,664: Total time for which application threads were stopped: 0,0196396 seconds, Stopping threads took: 0,0045807 seconds
2017-05-02T07:00:12.691+0200: 2,673: Total time for which application threads were stopped: 0,0006170 seconds, Stopping threads took: 0,0003414 seconds
2017-05-02T07:00:12.742+0200: 2,724: Total time for which application threads were stopped: 0,0003674 seconds, Stopping threads took: 0,0000546 seconds
2017-05-02T07:00:12.874+0200: 2,857: Total time for which application threads were stopped: 0,0036122 seconds, Stopping threads took: 0,0034412 seconds
{Heap before GC invocations=2 (full 0):
 par new generation   total 109248K, used 100706K [0x00000000e0000000, 0x00000000e8000000, 0x00000000e8000000)
  eden space 87424K, 100% used [0x00000000e0000000, 0x00000000e5560000, 0x00000000e5560000)
  from space 21824K,  60% used [0x00000000e5560000, 0x00000000e62588e8, 0x00000000e6ab0000)
  to   space 21824K,   0% used [0x00000000e6ab0000, 0x00000000e6ab0000, 0x00000000e8000000)
 concurrent mark-sweep generation total 393216K, used 0K [0x00000000e8000000, 0x0000000100000000, 0x0000000100000000)
 Metaspace       used 21001K, capacity 21378K, committed 21552K, reserved 1069056K
  class space    used 2422K, capacity 2599K, committed 2608K, reserved 1048576K
2017-05-02T07:00:12.907+0200: 2,890: [GC (Allocation Failure) 2017-05-02T07:00:12.907+0200: 2,890: [ParNew
Desired survivor size 20112992 bytes, new threshold 8 (max 8)
- age   1:    2164704 bytes,    2164704 total
- age   2:    1042008 bytes,    3206712 total
- age   3:    6443552 bytes,    9650264 total
: 100706K->11321K(109248K), 0,0101246 secs] 100706K->11321K(502464K), 0,0102105 secs] [Times: user=0,03 sys=0,00, real=0,00 secs] 
Heap after GC invocations=3 (full 0):
 par new generation   total 109248K, used 11321K [0x00000000e0000000, 0x00000000e8000000, 0x00000000e8000000)
  eden space 87424K,   0% used [0x00000000e0000000, 0x00000000e0000000, 0x00000000e5560000)
  from space 21824K,  51% used [0x00000000e6ab0000, 0x00000000e75be640, 0x00000000e8000000)
  to   space 21824K,   0% used [0x00000000e5560000, 0x00000000e5560000, 0x00000000e6ab0000)
 concurrent mark-sweep generation total 393216K, used 0K [0x00000000e8000000, 0x0000000100000000, 0x0000000100000000)
 Metaspace       used 21001K, capacity 21378K, committed 21552K, reserved 1069056K
  class space    used 2422K, capacity 2599K, committed 2608K, reserved 1048576K
}
2017-05-02T07:00:12.917+0200: 2,900: Total time for which application threads were stopped: 0,0104317 seconds, Stopping threads took: 0,0000769 seconds
2017-05-02T07:00:12.918+0200: 2,900: [GC (CMS Initial Mark) [1 CMS-initial-mark: 0K(393216K)] 11353K(502464K), 0,0035689 secs] [Times: user=0,02 sys=0,00, real=0,01 secs] 
2017-05-02T07:00:12.921+0200: 2,904: Total time for which application threads were stopped: 0,0037266 seconds, Stopping threads took: 0,0000535 seconds
2017-05-02T07:00:12.921+0200: 2,904: [CMS-concurrent-mark-start]
2017-05-02T07:00:12.922+0200: 2,904: [CMS-concurrent-mark: 0,000/0,000 secs] [Times: user=0,00 sys=0,00, real=0,00 secs] 
2017-05-02T07:00:12.922+0200: 2,904: [CMS-concurrent-preclean-start]
2017-05-02T07:00:12.923+0200: 2,906: [CMS-concurrent-preclean: 0,001/0,001 secs] [Times: user=0,00 sys=0,00, real=0,00 secs] 
2017-05-02T07:00:12.923+0200: 2,906: [CMS-concurrent-abortable-preclean-start]
2017-05-02T07:00:13.014+0200: 2,996: Total time for which application threads were stopped: 0,0000984 seconds, Stopping threads took: 0,0000237 seconds
{Heap before GC invocations=3 (full 1):
 par new generation   total 109248K, used 98745K [0x00000000e0000000, 0x00000000e8000000, 0x00000000e8000000)
  eden space 87424K, 100% used [0x00000000e0000000, 0x00000000e5560000, 0x00000000e5560000)
  from space 21824K,  51% used [0x00000000e6ab0000, 0x00000000e75be640, 0x00000000e8000000)
  to   space 21824K,   0% used [0x00000000e5560000, 0x00000000e5560000, 0x00000000e6ab0000)
 concurrent mark-sweep generation total 393216K, used 0K [0x00000000e8000000, 0x0000000100000000, 0x0000000100000000)
 Metaspace       used 21277K, capacity 21666K, committed 21960K, reserved 1069056K
  class space    used 2453K, capacity 2616K, committed 2736K, reserved 1048576K
2017-05-02T07:00:13.041+0200: 3,024: [GC (Allocation Failure) 2017-05-02T07:00:13.041+0200: 3,024: [ParNew
Desired survivor size 20112992 bytes, new threshold 8 (max 8)
- age   1:    1096376 bytes,    1096376 total
- age   2:    1482328 bytes,    2578704 total
- age   3:    1007216 bytes,    3585920 total
- age   4:    6443552 bytes,   10029472 total
: 98745K->12724K(109248K), 0,0100637 secs] 98745K->12724K(502464K), 0,0101285 secs] [Times: user=0,03 sys=0,00, real=0,01 secs] 
Heap after GC invocations=4 (full 1):
 par new generation   total 109248K, used 12724K [0x00000000e0000000, 0x00000000e8000000, 0x00000000e8000000)
  eden space 87424K,   0% used [0x00000000e0000000, 0x00000000e0000000, 0x00000000e5560000)
  from space 21824K,  58% used [0x00000000e5560000, 0x00000000e61cd3b0, 0x00000000e6ab0000)
  to   space 21824K,   0% used [0x00000000e6ab0000, 0x00000000e6ab0000, 0x00000000e8000000)
 concurrent mark-sweep generation total 393216K, used 0K [0x00000000e8000000, 0x0000000100000000, 0x0000000100000000)
 Metaspace       used 21277K, capacity 21666K, committed 21960K, reserved 1069056K
  class space    used 2453K, capacity 2616K, committed 2736K, reserved 1048576K
}
2017-05-02T07:00:13.051+0200: 3,034: Total time for which application threads were stopped: 0,0103732 seconds, Stopping threads took: 0,0000880 seconds
2017-05-02T07:00:13.051+0200: 3,034: [CMS-concurrent-abortable-preclean: 0,091/0,128 secs] [Times: user=0,49 sys=0,00, real=0,13 secs] 
2017-05-02T07:00:13.054+0200: 3,037: [GC (CMS Final Remark) [YG occupancy: 14065 K (109248 K)]{Heap before GC invocations=4 (full 1):
 par new generation   total 109248K, used 14065K [0x00000000e0000000, 0x00000000e8000000, 0x00000000e8000000)
  eden space 87424K,   1% used [0x00000000e0000000, 0x00000000e014f170, 0x00000000e5560000)
  from space 21824K,  58% used [0x00000000e5560000, 0x00000000e61cd3b0, 0x00000000e6ab0000)
  to   space 21824K,   0% used [0x00000000e6ab0000, 0x00000000e6ab0000, 0x00000000e8000000)
 concurrent mark-sweep generation total 393216K, used 0K [0x00000000e8000000, 0x0000000100000000, 0x0000000100000000)
 Metaspace       used 21277K, capacity 21666K, committed 21960K, reserved 1069056K
  class space    used 2453K, capacity 2616K, committed 2736K, reserved 1048576K
2017-05-02T07:00:13.054+0200: 3,037: [GC (CMS Final Remark) 2017-05-02T07:00:13.054+0200: 3,037: [ParNew
Desired survivor size 20112992 bytes, new threshold 8 (max 8)
- age   1:     117008 bytes,     117008 total
- age   2:    1036048 bytes,    1153056 total
- age   3:    1482328 bytes,    2635384 total
- age   4:    1007216 bytes,    3642600 total
- age   5:    6443816 bytes,   10086416 total
: 14065K->13035K(109248K), 0,0092954 secs] 14065K->13035K(502464K), 0,0093326 secs] [Times: user=0,03 sys=0,00, real=0,01 secs] 
Heap after GC invocations=5 (full 1):
 par new generation   total 109248K, used 13035K [0x00000000e0000000, 0x00000000e8000000, 0x00000000e8000000)
  eden space 87424K,   0% used [0x00000000e0000000, 0x00000000e0000000, 0x00000000e5560000)
  from space 21824K,  59% used [0x00000000e6ab0000, 0x00000000e776af78, 0x00000000e8000000)
  to   space 21824K,   0% used [0x00000000e5560000, 0x00000000e5560000, 0x00000000e6ab0000)
 concurrent mark-sweep generation total 393216K, used 0K [0x00000000e8000000, 0x0000000100000000, 0x0000000100000000)
 Metaspace       used 21277K, capacity 21666K, committed 21960K, reserved 1069056K
  class space    used 2453K, capacity 2616K, committed 2736K, reserved 1048576K
}
2017-05-02T07:00:13.064+0200: 3,046: [Rescan (parallel) , 0,0035178 secs]2017-05-02T07:00:13.067+0200: 3,050: [weak refs processing, 0,0005144 secs]2017-05-02T07:00:13.068+0200: 3,050: [class unloading, 0,0028261 secs]2017-05-02T07:00:13.071+0200: 3,053: [scrub symbol table, 0,0026002 secs]2017-05-02T07:00:13.073+0200: 3,056: [scrub string table, 0,0004092 secs][1 CMS-remark: 0K(393216K)] 13035K(502464K), 0,0198938 secs] [Times: user=0,05 sys=0,00, real=0,02 secs] 
2017-05-02T07:00:13.074+0200: 3,057: Total time for which application threads were stopped: 0,0228184 seconds, Stopping threads took: 0,0028318 seconds
2017-05-02T07:00:13.074+0200: 3,057: [CMS-concurrent-sweep-start]
2017-05-02T07:00:13.075+0200: 3,057: [CMS-concurrent-sweep: 0,000/0,000 secs] [Times: user=0,00 sys=0,00, real=0,00 secs] 
2017-05-02T07:00:13.075+0200: 3,057: [CMS-concurrent-reset-start]
2017-05-02T07:00:13.077+0200: 3,059: [CMS-concurrent-reset: 0,002/0,002 secs] [Times: user=0,01 sys=0,01, real=0,00 secs] 
{Heap before GC invocations=5 (full 1):
 par new generation   total 109248K, used 100459K [0x00000000e0000000, 0x00000000e8000000, 0x00000000e8000000)
  eden space 87424K, 100% used [0x00000000e0000000, 0x00000000e5560000, 0x00000000e5560000)
  from space 21824K,  59% used [0x00000000e6ab0000, 0x00000000e776af78, 0x00000000e8000000)
  to   space 21824K,   0% used [0x00000000e5560000, 0x00000000e5560000, 0x00000000e6ab0000)
 concurrent mark-sweep generation total 393216K, used 0K [0x00000000e8000000, 0x0000000100000000, 0x0000000100000000)
 Metaspace       used 21391K, capacity 21832K, committed 21960K, reserved 1069056K
  class space    used 2471K, capacity 2649K, committed 2736K, reserved 1048576K
2017-05-02T07:00:13.156+0200: 3,139: [GC (Allocation Failure) 2017-05-02T07:00:13.156+0200: 3,139: [ParNew
Desired survivor size 20112992 bytes, new threshold 8 (max 8)
- age   1:    1057896 bytes,    1057896 total
- age   3:     184512 bytes,    1242408 total
- age   4:    1482224 bytes,    2724632 total
- age   5:    1007104 bytes,    3731736 total
- age   6:    6444984 bytes,   10176720 total
: 100459K->11569K(109248K), 0,0092817 secs] 100459K->11569K(502464K), 0,0093612 secs] [Times: user=0,04 sys=0,00, real=0,01 secs] 
Heap after GC invocations=6 (full 1):
 par new generation   total 109248K, used 11569K [0x00000000e0000000, 0x00000000e8000000, 0x00000000e8000000)
  eden space 87424K,   0% used [0x00000000e0000000, 0x00000000e0000000, 0x00000000e5560000)
  from space 21824K,  53% used [0x00000000e5560000, 0x00000000e60ac6d8, 0x00000000e6ab0000)
  to   space 21824K,   0% used [0x00000000e6ab0000, 0x00000000e6ab0000, 0x00000000e8000000)
 concurrent mark-sweep generation total 393216K, used 0K [0x00000000e8000000, 0x0000000100000000, 0x0000000100000000)
 Metaspace       used 21391K, capacity 21832K, committed 21960K, reserved 1069056K
  class space    used 2471K, capacity 2649K, committed 2736K, reserved 1048576K
}
2017-05-02T07:00:13.165+0200: 3,148: Total time for which application threads were stopped: 0,0096045 seconds, Stopping threads took: 0,0000697 seconds
2017-05-02T07:00:13.215+0200: 3,198: Total time for which application threads were stopped: 0,0004786 seconds, Stopping threads took: 0,0000230 seconds
2017-05-02T07:00:13.459+0200: 3,441: Total time for which application threads were stopped: 0,0004385 seconds, Stopping threads took: 0,0000411 seconds
2017-05-02T07:00:13.473+0200: 3,455: Total time for which application threads were stopped: 0,0004103 seconds, Stopping threads took: 0,0000588 seconds
{Heap before GC invocations=6 (full 1):
 par new generation   total 109248K, used 98984K [0x00000000e0000000, 0x00000000e8000000, 0x00000000e8000000)
  eden space 87424K,  99% used [0x00000000e0000000, 0x00000000e555daa0, 0x00000000e5560000)
  from space 21824K,  53% used [0x00000000e5560000, 0x00000000e60ac6d8, 0x00000000e6ab0000)
  to   space 21824K,   0% used [0x00000000e6ab0000, 0x00000000e6ab0000, 0x00000000e8000000)
 concurrent mark-sweep generation total 393216K, used 0K [0x00000000e8000000, 0x0000000100000000, 0x0000000100000000)
 Metaspace       used 23815K, capacity 24332K, committed 24496K, reserved 1071104K
  class space    used 2799K, capacity 2991K, committed 2992K, reserved 1048576K
2017-05-02T07:00:13.630+0200: 3,612: [GC (Allocation Failure) 2017-05-02T07:00:13.630+0200: 3,612: [ParNew
Desired survivor size 20112992 bytes, new threshold 8 (max 8)
- age   1:    5068736 bytes,    5068736 total
- age   2:     106144 bytes,    5174880 total
- age   4:     182984 bytes,    5357864 total
- age   5:     312568 bytes,    5670432 total
- age   6:     982744 bytes,    6653176 total
- age   7:    6435328 bytes,   13088504 total
: 98984K->17476K(109248K), 0,0119193 secs] 98984K->17476K(502464K), 0,0119875 secs] [Times: user=0,04 sys=0,00, real=0,01 secs] 
Heap after GC invocations=7 (full 1):
 par new generation   total 109248K, used 17476K [0x00000000e0000000, 0x00000000e8000000, 0x00000000e8000000)
  eden space 87424K,   0% used [0x00000000e0000000, 0x00000000e0000000, 0x00000000e5560000)
  from space 21824K,  80% used [0x00000000e6ab0000, 0x00000000e7bc1140, 0x00000000e8000000)
  to   space 21824K,   0% used [0x00000000e5560000, 0x00000000e5560000, 0x00000000e6ab0000)
 concurrent mark-sweep generation total 393216K, used 0K [0x00000000e8000000, 0x0000000100000000, 0x0000000100000000)
 Metaspace       used 23815K, capacity 24332K, committed 24496K, reserved 1071104K
  class space    used 2799K, capacity 2991K, committed 2992K, reserved 1048576K
}
2017-05-02T07:00:13.642+0200: 3,624: Total time for which application threads were stopped: 0,0122946 seconds, Stopping threads took: 0,0000753 seconds
{Heap before GC invocations=7 (full 1):
 par new generation   total 109248K, used 104900K [0x00000000e0000000, 0x00000000e8000000, 0x00000000e8000000)
  eden space 87424K, 100% used [0x00000000e0000000, 0x00000000e5560000, 0x00000000e5560000)
  from space 21824K,  80% used [0x00000000e6ab0000, 0x00000000e7bc1140, 0x00000000e8000000)
  to   space 21824K,   0% used [0x00000000e5560000, 0x00000000e5560000, 0x00000000e6ab0000)
 concurrent mark-sweep generation total 393216K, used 0K [0x00000000e8000000, 0x0000000100000000, 0x0000000100000000)
 Metaspace       used 24629K, capacity 25074K, committed 25136K, reserved 1071104K
  class space    used 2883K, capacity 3088K, committed 3120K, reserved 1048576K
2017-05-02T07:00:13.751+0200: 3,734: [GC (Allocation Failure) 2017-05-02T07:00:13.751+0200: 3,734: [ParNew
Desired survivor size 20112992 bytes, new threshold 8 (max 8)
- age   1:    2198600 bytes,    2198600 total
- age   2:    1786240 bytes,    3984840 total
- age   3:      40880 bytes,    4025720 total
- age   5:     108448 bytes,    4134168 total
- age   6:     189656 bytes,    4323824 total
- age   7:     847904 bytes,    5171728 total
- age   8:    6016824 bytes,   11188552 total
: 104900K->13955K(109248K), 0,0439399 secs] 104900K->13955K(502464K), 0,0440263 secs] [Times: user=0,11 sys=0,00, real=0,04 secs] 
Heap after GC invocations=8 (full 1):
 par new generation   total 109248K, used 13955K [0x00000000e0000000, 0x00000000e8000000, 0x00000000e8000000)
  eden space 87424K,   0% used [0x00000000e0000000, 0x00000000e0000000, 0x00000000e5560000)
  from space 21824K,  63% used [0x00000000e5560000, 0x00000000e6300d80, 0x00000000e6ab0000)
  to   space 21824K,   0% used [0x00000000e6ab0000, 0x00000000e6ab0000, 0x00000000e8000000)
 concurrent mark-sweep generation total 393216K, used 0K [0x00000000e8000000, 0x0000000100000000, 0x0000000100000000)
 Metaspace       used 24629K, capacity 25074K, committed 25136K, reserved 1071104K
  class space    used 2883K, capacity 3088K, committed 3120K, reserved 1048576K
}
2017-05-02T07:00:13.795+0200: 3,778: Total time for which application threads were stopped: 0,0443227 seconds, Stopping threads took: 0,0000867 seconds
{Heap before GC invocations=8 (full 1):
 par new generation   total 109248K, used 101379K [0x00000000e0000000, 0x00000000e8000000, 0x00000000e8000000)
  eden space 87424K, 100% used [0x00000000e0000000, 0x00000000e5560000, 0x00000000e5560000)
  from space 21824K,  63% used [0x00000000e5560000, 0x00000000e6300d80, 0x00000000e6ab0000)
  to   space 21824K,   0% used [0x00000000e6ab0000, 0x00000000e6ab0000, 0x00000000e8000000)
 concurrent mark-sweep generation total 393216K, used 0K [0x00000000e8000000, 0x0000000100000000, 0x0000000100000000)
 Metaspace       used 24869K, capacity 25292K, committed 25392K, reserved 1071104K
  class space    used 2905K, capacity 3093K, committed 3120K, reserved 1048576K
2017-05-02T07:00:13.878+0200: 3,861: [GC (Allocation Failure) 2017-05-02T07:00:13.878+0200: 3,861: [ParNew
Desired survivor size 20112992 bytes, new threshold 8 (max 8)
- age   1:     587544 bytes,     587544 total
- age   2:    1084688 bytes,    1672232 total
- age   3:    1759160 bytes,    3431392 total
- age   4:      40880 bytes,    3472272 total
- age   6:     108344 bytes,    3580616 total
- age   7:     189320 bytes,    3769936 total
- age   8:     847880 bytes,    4617816 total
: 101379K->9939K(109248K), 0,0371822 secs] 101379K->15897K(502464K), 0,0372506 secs] [Times: user=0,13 sys=0,00, real=0,04 secs] 
Heap after GC invocations=9 (full 1):
 par new generation   total 109248K, used 9939K [0x00000000e0000000, 0x00000000e8000000, 0x00000000e8000000)
  eden space 87424K,   0% used [0x00000000e0000000, 0x00000000e0000000, 0x00000000e5560000)
  from space 21824K,  45% used [0x00000000e6ab0000, 0x00000000e7464ca0, 0x00000000e8000000)
  to   space 21824K,   0% used [0x00000000e5560000, 0x00000000e5560000, 0x00000000e6ab0000)
 concurrent mark-sweep generation total 393216K, used 5958K [0x00000000e8000000, 0x0000000100000000, 0x0000000100000000)
 Metaspace       used 24869K, capacity 25292K, committed 25392K, reserved 1071104K
  class space    used 2905K, capacity 3093K, committed 3120K, reserved 1048576K
}
2017-05-02T07:00:13.916+0200: 3,898: Total time for which application threads were stopped: 0,0375221 seconds, Stopping threads took: 0,0000707 seconds
2017-05-02T07:00:14.091+0200: 4,073: Total time for which application threads were stopped: 0,0178599 seconds, Stopping threads took: 0,0174587 seconds
2017-05-02T07:00:14.126+0200: 4,108: Total time for which application threads were stopped: 0,0001434 seconds, Stopping threads took: 0,0000287 seconds
2017-05-02T07:00:14.129+0200: 4,111: Total time for which application threads were stopped: 0,0001282 seconds, Stopping threads took: 0,0000526 seconds
2017-05-02T07:00:14.136+0200: 4,119: Total time for which application threads were stopped: 0,0001447 seconds, Stopping threads took: 0,0000422 seconds
2017-05-02T07:00:14.163+0200: 4,146: Total time for which application threads were stopped: 0,0001579 seconds, Stopping threads took: 0,0000406 seconds
2017-05-02T07:00:14.164+0200: 4,146: Total time for which application threads were stopped: 0,0001218 seconds, Stopping threads took: 0,0000290 seconds
2017-05-02T07:00:14.165+0200: 4,148: Total time for which application threads were stopped: 0,0001329 seconds, Stopping threads took: 0,0000349 seconds
2017-05-02T07:00:14.166+0200: 4,148: Total time for which application threads were stopped: 0,0000928 seconds, Stopping threads took: 0,0000289 seconds
2017-05-02T07:00:14.166+0200: 4,149: Total time for which application threads were stopped: 0,0002475 seconds, Stopping threads took: 0,0001677 seconds
2017-05-02T07:00:14.166+0200: 4,149: Total time for which application threads were stopped: 0,0001084 seconds, Stopping threads took: 0,0000233 seconds
2017-05-02T07:00:14.167+0200: 4,150: Total time for which application threads were stopped: 0,0001100 seconds, Stopping threads took: 0,0000165 seconds
2017-05-02T07:00:14.170+0200: 4,152: Total time for which application threads were stopped: 0,0001002 seconds, Stopping threads took: 0,0000188 seconds
2017-05-02T07:00:14.178+0200: 4,161: Total time for which application threads were stopped: 0,0003031 seconds, Stopping threads took: 0,0001849 seconds
2017-05-02T07:00:14.181+0200: 4,164: Total time for which application threads were stopped: 0,0001447 seconds, Stopping threads took: 0,0000278 seconds
2017-05-02T07:00:14.182+0200: 4,164: Total time for which application threads were stopped: 0,0001363 seconds, Stopping threads took: 0,0000348 seconds
2017-05-02T07:00:14.182+0200: 4,165: Total time for which application threads were stopped: 0,0000882 seconds, Stopping threads took: 0,0000251 seconds
2017-05-02T07:00:14.246+0200: 4,229: Total time for which application threads were stopped: 0,0004164 seconds, Stopping threads took: 0,0000255 seconds
2017-05-02T07:00:14.248+0200: 4,230: Total time for which application threads were stopped: 0,0001053 seconds, Stopping threads took: 0,0000317 seconds
2017-05-02T07:00:14.249+0200: 4,232: Total time for which application threads were stopped: 0,0001012 seconds, Stopping threads took: 0,0000306 seconds
2017-05-02T07:00:14.255+0200: 4,238: Total time for which application threads were stopped: 0,0002406 seconds, Stopping threads took: 0,0001269 seconds
2017-05-02T07:00:14.255+0200: 4,238: Total time for which application threads were stopped: 0,0000749 seconds, Stopping threads took: 0,0000364 seconds
2017-05-02T07:00:14.258+0200: 4,241: Total time for which application threads were stopped: 0,0001804 seconds, Stopping threads took: 0,0000869 seconds
2017-05-02T07:00:14.259+0200: 4,242: Total time for which application threads were stopped: 0,0004907 seconds, Stopping threads took: 0,0000156 seconds
2017-05-02T07:00:14.264+0200: 4,246: Total time for which application threads were stopped: 0,0001742 seconds, Stopping threads took: 0,0000652 seconds
2017-05-02T07:00:14.268+0200: 4,250: Total time for which application threads were stopped: 0,0001614 seconds, Stopping threads took: 0,0000438 seconds
2017-05-02T07:00:14.328+0200: 4,311: Total time for which application threads were stopped: 0,0005695 seconds, Stopping threads took: 0,0000366 seconds
2017-05-02T07:00:14.364+0200: 4,346: Total time for which application threads were stopped: 0,0001816 seconds, Stopping threads took: 0,0000421 seconds
2017-05-02T07:00:14.364+0200: 4,347: Total time for which application threads were stopped: 0,0001089 seconds, Stopping threads took: 0,0000241 seconds
2017-05-02T07:00:14.373+0200: 4,356: Total time for which application threads were stopped: 0,0002679 seconds, Stopping threads took: 0,0000443 seconds
2017-05-02T07:00:14.375+0200: 4,358: Total time for which application threads were stopped: 0,0001749 seconds, Stopping threads took: 0,0000523 seconds
2017-05-02T07:00:14.376+0200: 4,359: Total time for which application threads were stopped: 0,0001715 seconds, Stopping threads took: 0,0000624 seconds
2017-05-02T07:00:14.382+0200: 4,365: Total time for which application threads were stopped: 0,0026091 seconds, Stopping threads took: 0,0024626 seconds
2017-05-02T07:00:14.387+0200: 4,369: Total time for which application threads were stopped: 0,0001684 seconds, Stopping threads took: 0,0000395 seconds
2017-05-02T07:00:14.395+0200: 4,377: Total time for which application threads were stopped: 0,0001463 seconds, Stopping threads took: 0,0000526 seconds
2017-05-02T07:00:14.395+0200: 4,377: Total time for which application threads were stopped: 0,0000868 seconds, Stopping threads took: 0,0000155 seconds
2017-05-02T07:00:14.395+0200: 4,378: Total time for which application threads were stopped: 0,0000583 seconds, Stopping threads took: 0,0000148 seconds
2017-05-02T07:00:14.395+0200: 4,378: Total time for which application threads were stopped: 0,0000805 seconds, Stopping threads took: 0,0000171 seconds
2017-05-02T07:00:14.395+0200: 4,378: Total time for which application threads were stopped: 0,0000643 seconds, Stopping threads took: 0,0000101 seconds
2017-05-02T07:00:14.396+0200: 4,378: Total time for which application threads were stopped: 0,0000585 seconds, Stopping threads took: 0,0000124 seconds
2017-05-02T07:00:14.396+0200: 4,378: Total time for which application threads were stopped: 0,0000576 seconds, Stopping threads took: 0,0000097 seconds
2017-05-02T07:00:14.396+0200: 4,378: Total time for which application threads were stopped: 0,0000551 seconds, Stopping threads took: 0,0000092 seconds
2017-05-02T07:00:14.396+0200: 4,379: Total time for which application threads were stopped: 0,0000601 seconds, Stopping threads took: 0,0000110 seconds
2017-05-02T07:00:14.396+0200: 4,379: Total time for which application threads were stopped: 0,0000524 seconds, Stopping threads took: 0,0000115 seconds
2017-05-02T07:00:14.396+0200: 4,379: Total time for which application threads were stopped: 0,0000537 seconds, Stopping threads took: 0,0000095 seconds
2017-05-02T07:00:14.396+0200: 4,379: Total time for which application threads were stopped: 0,0000521 seconds, Stopping threads took: 0,0000085 seconds
2017-05-02T07:00:14.397+0200: 4,379: Total time for which application threads were stopped: 0,0000436 seconds, Stopping threads took: 0,0000083 seconds
2017-05-02T07:00:14.397+0200: 4,379: Total time for which application threads were stopped: 0,0000613 seconds, Stopping threads took: 0,0000117 seconds
2017-05-02T07:00:14.397+0200: 4,380: Total time for which application threads were stopped: 0,0000517 seconds, Stopping threads took: 0,0000089 seconds
2017-05-02T07:00:14.397+0200: 4,380: Total time for which application threads were stopped: 0,0002112 seconds, Stopping threads took: 0,0000140 seconds
2017-05-02T07:00:14.401+0200: 4,384: Total time for which application threads were stopped: 0,0009856 seconds, Stopping threads took: 0,0008908 seconds
2017-05-02T07:00:14.410+0200: 4,393: Total time for which application threads were stopped: 0,0003354 seconds, Stopping threads took: 0,0001288 seconds
2017-05-02T07:00:14.416+0200: 4,398: Total time for which application threads were stopped: 0,0001514 seconds, Stopping threads took: 0,0000379 seconds
2017-05-02T07:00:14.439+0200: 4,421: Total time for which application threads were stopped: 0,0002831 seconds, Stopping threads took: 0,0001588 seconds
2017-05-02T07:00:14.473+0200: 4,456: Total time for which application threads were stopped: 0,0015929 seconds, Stopping threads took: 0,0014753 seconds
2017-05-02T07:00:14.475+0200: 4,457: Total time for which application threads were stopped: 0,0002128 seconds, Stopping threads took: 0,0001176 seconds
2017-05-02T07:00:14.589+0200: 4,571: Total time for which application threads were stopped: 0,0005497 seconds, Stopping threads took: 0,0000407 seconds
2017-05-02T07:00:14.673+0200: 4,656: Total time for which application threads were stopped: 0,0001248 seconds, Stopping threads took: 0,0000459 seconds
2017-05-02T07:00:14.673+0200: 4,656: Total time for which application threads were stopped: 0,0000582 seconds, Stopping threads took: 0,0000195 seconds
{Heap before GC invocations=9 (full 1):
 par new generation   total 109248K, used 97363K [0x00000000e0000000, 0x00000000e8000000, 0x00000000e8000000)
  eden space 87424K, 100% used [0x00000000e0000000, 0x00000000e5560000, 0x00000000e5560000)
  from space 21824K,  45% used [0x00000000e6ab0000, 0x00000000e7464ca0, 0x00000000e8000000)
  to   space 21824K,   0% used [0x00000000e5560000, 0x00000000e5560000, 0x00000000e6ab0000)
 concurrent mark-sweep generation total 393216K, used 5958K [0x00000000e8000000, 0x0000000100000000, 0x0000000100000000)
 Metaspace       used 28009K, capacity 28524K, committed 28848K, reserved 1075200K
  class space    used 3217K, capacity 3399K, committed 3504K, reserved 1048576K
2017-05-02T07:00:45.381+0200: 36,211: [GC (Allocation Failure) 2017-05-02T07:00:45.381+0200: 36,211: [ParNew
Desired survivor size 20112992 bytes, new threshold 8 (max 8)
- age   1:   10896520 bytes,   10896520 total
- age   2:     176800 bytes,   11073320 total
- age   3:     300632 bytes,   11373952 total
- age   4:    1754296 bytes,   13128248 total
- age   5:      40880 bytes,   13169128 total
- age   7:     108216 bytes,   13277344 total
- age   8:     189224 bytes,   13466568 total
: 97363K->14920K(109248K), 0,0126588 secs] 103321K->21807K(502464K), 0,0127461 secs] [Times: user=0,04 sys=0,01, real=0,01 secs] 
Heap after GC invocations=10 (full 1):
 par new generation   total 109248K, used 14920K [0x00000000e0000000, 0x00000000e8000000, 0x00000000e8000000)
  eden space 87424K,   0% used [0x00000000e0000000, 0x00000000e0000000, 0x00000000e5560000)
  from space 21824K,  68% used [0x00000000e5560000, 0x00000000e63f2348, 0x00000000e6ab0000)
  to   space 21824K,   0% used [0x00000000e6ab0000, 0x00000000e6ab0000, 0x00000000e8000000)
 concurrent mark-sweep generation total 393216K, used 6886K [0x00000000e8000000, 0x0000000100000000, 0x0000000100000000)
 Metaspace       used 28009K, capacity 28524K, committed 28848K, reserved 1075200K
  class space    used 3217K, capacity 3399K, committed 3504K, reserved 1048576K
}
2017-05-02T07:00:45.393+0200: 36,224: Total time for which application threads were stopped: 0,0129245 seconds, Stopping threads took: 0,0000312 seconds
2017-05-02T07:00:45.394+0200: 36,224: Total time for which application threads were stopped: 0,0000677 seconds, Stopping threads took: 0,0000298 seconds
2017-05-02T07:00:45.394+0200: 36,224: Total time for which application threads were stopped: 0,0000401 seconds, Stopping threads took: 0,0000156 seconds
2017-05-02T07:02:06.404+0200: 117,234: Total time for which application threads were stopped: 0,0000891 seconds, Stopping threads took: 0,0000353 seconds
2017-05-02T07:02:11.405+0200: 122,235: Total time for which application threads were stopped: 0,0000710 seconds, Stopping threads took: 0,0000182 seconds
2017-05-02T07:19:07.617+0200: 1138,447: Total time for which application threads were stopped: 0,0001118 seconds, Stopping threads took: 0,0000259 seconds
2017-05-02T07:19:07.707+0200: 1138,538: Total time for which application threads were stopped: 0,0890458 seconds, Stopping threads took: 0,0889537 seconds
2017-05-02T07:19:07.709+0200: 1138,539: Total time for which application threads were stopped: 0,0005576 seconds, Stopping threads took: 0,0004826 seconds
2017-05-02T07:19:07.709+0200: 1138,540: Total time for which application threads were stopped: 0,0000824 seconds, Stopping threads took: 0,0000204 seconds
2017-05-02T07:19:07.715+0200: 1138,545: Total time for which application threads were stopped: 0,0042121 seconds, Stopping threads took: 0,0041275 seconds
2017-05-02T07:19:07.716+0200: 1138,546: Total time for which application threads were stopped: 0,0000748 seconds, Stopping threads took: 0,0000149 seconds
2017-05-02T07:19:07.717+0200: 1138,547: Total time for which application threads were stopped: 0,0000978 seconds, Stopping threads took: 0,0000162 seconds
2017-05-02T07:19:07.717+0200: 1138,547: Total time for which application threads were stopped: 0,0000831 seconds, Stopping threads took: 0,0000127 seconds
2017-05-02T07:19:07.718+0200: 1138,548: Total time for which application threads were stopped: 0,0000813 seconds, Stopping threads took: 0,0000159 seconds
2017-05-02T07:19:07.718+0200: 1138,548: Total time for which application threads were stopped: 0,0000706 seconds, Stopping threads took: 0,0000112 seconds
2017-05-02T07:19:07.718+0200: 1138,548: Total time for which application threads were stopped: 0,0000758 seconds, Stopping threads took: 0,0000217 seconds
2017-05-02T07:19:07.718+0200: 1138,549: Total time for which application threads were stopped: 0,0000659 seconds, Stopping threads took: 0,0000234 seconds
2017-05-02T07:19:07.718+0200: 1138,549: Total time for which application threads were stopped: 0,0000565 seconds, Stopping threads took: 0,0000183 seconds
2017-05-02T07:19:07.718+0200: 1138,549: Total time for which application threads were stopped: 0,0000471 seconds, Stopping threads took: 0,0000096 seconds
2017-05-02T07:19:07.719+0200: 1138,549: Total time for which application threads were stopped: 0,0000470 seconds, Stopping threads took: 0,0000068 seconds
2017-05-02T07:19:07.719+0200: 1138,549: Total time for which application threads were stopped: 0,0000526 seconds, Stopping threads took: 0,0000133 seconds
2017-05-02T07:19:07.719+0200: 1138,549: Total time for which application threads were stopped: 0,0000467 seconds, Stopping threads took: 0,0000059 seconds
2017-05-02T07:19:07.719+0200: 1138,549: Total time for which application threads were stopped: 0,0000392 seconds, Stopping threads took: 0,0000055 seconds
2017-05-02T07:19:07.719+0200: 1138,549: Total time for which application threads were stopped: 0,0000424 seconds, Stopping threads took: 0,0000054 seconds
2017-05-02T07:19:07.719+0200: 1138,549: Total time for which application threads were stopped: 0,0000432 seconds, Stopping threads took: 0,0000054 seconds
2017-05-02T07:19:07.719+0200: 1138,549: Total time for which application threads were stopped: 0,0000420 seconds, Stopping threads took: 0,0000078 seconds
2017-05-02T07:19:07.720+0200: 1138,551: Total time for which application threads were stopped: 0,0001112 seconds, Stopping threads took: 0,0000338 seconds
2017-05-02T07:19:07.724+0200: 1138,554: Total time for which application threads were stopped: 0,0001799 seconds, Stopping threads took: 0,0001182 seconds
2017-05-02T07:19:07.725+0200: 1138,555: Total time for which application threads were stopped: 0,0006867 seconds, Stopping threads took: 0,0006151 seconds
2017-05-02T07:19:07.730+0200: 1138,560: Total time for which application threads were stopped: 0,0000982 seconds, Stopping threads took: 0,0000433 seconds
2017-05-02T07:19:07.730+0200: 1138,560: Total time for which application threads were stopped: 0,0000541 seconds, Stopping threads took: 0,0000270 seconds
2017-05-02T07:19:07.730+0200: 1138,560: Total time for which application threads were stopped: 0,0000463 seconds, Stopping threads took: 0,0000234 seconds
2017-05-02T07:19:07.730+0200: 1138,561: Total time for which application threads were stopped: 0,0000375 seconds, Stopping threads took: 0,0000152 seconds
2017-05-02T07:19:07.732+0200: 1138,563: Total time for which application threads were stopped: 0,0001047 seconds, Stopping threads took: 0,0000509 seconds
2017-05-02T07:19:07.737+0200: 1138,567: Total time for which application threads were stopped: 0,0001036 seconds, Stopping threads took: 0,0000366 seconds
2017-05-02T07:19:07.737+0200: 1138,567: Total time for which application threads were stopped: 0,0000483 seconds, Stopping threads took: 0,0000117 seconds
2017-05-02T07:19:07.737+0200: 1138,567: Total time for which application threads were stopped: 0,0000611 seconds, Stopping threads took: 0,0000229 seconds
2017-05-02T07:19:07.737+0200: 1138,567: Total time for which application threads were stopped: 0,0000445 seconds, Stopping threads took: 0,0000151 seconds
2017-05-02T07:19:07.737+0200: 1138,567: Total time for which application threads were stopped: 0,0000454 seconds, Stopping threads took: 0,0000152 seconds
2017-05-02T07:19:07.737+0200: 1138,567: Total time for which application threads were stopped: 0,0000386 seconds, Stopping threads took: 0,0000111 seconds
2017-05-02T07:19:07.737+0200: 1138,567: Total time for which application threads were stopped: 0,0000463 seconds, Stopping threads took: 0,0000155 seconds
2017-05-02T07:19:07.737+0200: 1138,567: Total time for which application threads were stopped: 0,0000333 seconds, Stopping threads took: 0,0000076 seconds
2017-05-02T07:19:07.737+0200: 1138,567: Total time for which application threads were stopped: 0,0000365 seconds, Stopping threads took: 0,0000117 seconds
2017-05-02T07:19:07.738+0200: 1138,568: Total time for which application threads were stopped: 0,0000593 seconds, Stopping threads took: 0,0000209 seconds
2017-05-02T07:19:07.738+0200: 1138,568: Total time for which application threads were stopped: 0,0000389 seconds, Stopping threads took: 0,0000123 seconds
2017-05-02T07:19:07.738+0200: 1138,568: Total time for which application threads were stopped: 0,0000343 seconds, Stopping threads took: 0,0000105 seconds
2017-05-02T07:19:07.738+0200: 1138,568: Total time for which application threads were stopped: 0,0000382 seconds, Stopping threads took: 0,0000160 seconds
2017-05-02T07:19:07.738+0200: 1138,568: Total time for which application threads were stopped: 0,0000336 seconds, Stopping threads took: 0,0000120 seconds
2017-05-02T07:19:07.739+0200: 1138,569: Total time for which application threads were stopped: 0,0001202 seconds, Stopping threads took: 0,0000593 seconds
2017-05-02T07:19:07.741+0200: 1138,571: Total time for which application threads were stopped: 0,0001453 seconds, Stopping threads took: 0,0000204 seconds
2017-05-02T07:19:07.745+0200: 1138,575: Total time for which application threads were stopped: 0,0000764 seconds, Stopping threads took: 0,0000164 seconds
2017-05-02T07:19:07.746+0200: 1138,576: Total time for which application threads were stopped: 0,0000996 seconds, Stopping threads took: 0,0000398 seconds
2017-05-02T07:19:07.748+0200: 1138,578: Total time for which application threads were stopped: 0,0000715 seconds, Stopping threads took: 0,0000168 seconds
2017-05-02T07:19:07.748+0200: 1138,578: Total time for which application threads were stopped: 0,0000684 seconds, Stopping threads took: 0,0000276 seconds
2017-05-02T07:19:07.748+0200: 1138,578: Total time for which application threads were stopped: 0,0000507 seconds, Stopping threads took: 0,0000219 seconds
2017-05-02T07:19:07.748+0200: 1138,578: Total time for which application threads were stopped: 0,0000396 seconds, Stopping threads took: 0,0000140 seconds
2017-05-02T07:19:07.748+0200: 1138,579: Total time for which application threads were stopped: 0,0000352 seconds, Stopping threads took: 0,0000090 seconds
2017-05-02T07:19:07.749+0200: 1138,579: Total time for which application threads were stopped: 0,0003396 seconds, Stopping threads took: 0,0002929 seconds
2017-05-02T07:19:07.749+0200: 1138,579: Total time for which application threads were stopped: 0,0000657 seconds, Stopping threads took: 0,0000272 seconds
2017-05-02T07:19:07.749+0200: 1138,579: Total time for which application threads were stopped: 0,0000549 seconds, Stopping threads took: 0,0000229 seconds
2017-05-02T07:19:07.751+0200: 1138,581: Total time for which application threads were stopped: 0,0001191 seconds, Stopping threads took: 0,0000595 seconds
2017-05-02T07:19:07.751+0200: 1138,582: Total time for which application threads were stopped: 0,0004383 seconds, Stopping threads took: 0,0003956 seconds
2017-05-02T07:19:07.751+0200: 1138,582: Total time for which application threads were stopped: 0,0000420 seconds, Stopping threads took: 0,0000138 seconds
2017-05-02T07:19:07.751+0200: 1138,582: Total time for which application threads were stopped: 0,0000416 seconds, Stopping threads took: 0,0000116 seconds
2017-05-02T07:19:07.751+0200: 1138,582: Total time for which application threads were stopped: 0,0000281 seconds, Stopping threads took: 0,0000055 seconds
2017-05-02T07:19:07.752+0200: 1138,582: Total time for which application threads were stopped: 0,0000530 seconds, Stopping threads took: 0,0000211 seconds
2017-05-02T07:19:07.752+0200: 1138,582: Total time for which application threads were stopped: 0,0001063 seconds, Stopping threads took: 0,0000065 seconds
2017-05-02T07:19:07.754+0200: 1138,584: Total time for which application threads were stopped: 0,0000812 seconds, Stopping threads took: 0,0000179 seconds
2017-05-02T07:19:07.754+0200: 1138,584: Total time for which application threads were stopped: 0,0000511 seconds, Stopping threads took: 0,0000193 seconds
2017-05-02T07:19:07.754+0200: 1138,584: Total time for which application threads were stopped: 0,0000495 seconds, Stopping threads took: 0,0000190 seconds
2017-05-02T07:19:07.754+0200: 1138,584: Total time for which application threads were stopped: 0,0000399 seconds, Stopping threads took: 0,0000129 seconds
2017-05-02T07:19:07.754+0200: 1138,584: Total time for which application threads were stopped: 0,0000400 seconds, Stopping threads took: 0,0000120 seconds
2017-05-02T07:19:07.755+0200: 1138,585: Total time for which application threads were stopped: 0,0005169 seconds, Stopping threads took: 0,0000286 seconds
2017-05-02T07:19:07.760+0200: 1138,590: Total time for which application threads were stopped: 0,0006181 seconds, Stopping threads took: 0,0005406 seconds
2017-05-02T07:19:07.760+0200: 1138,591: Total time for which application threads were stopped: 0,0000838 seconds, Stopping threads took: 0,0000456 seconds
2017-05-02T07:19:07.762+0200: 1138,592: Total time for which application threads were stopped: 0,0001243 seconds, Stopping threads took: 0,0000423 seconds
2017-05-02T07:19:07.763+0200: 1138,593: Total time for which application threads were stopped: 0,0009725 seconds, Stopping threads took: 0,0008909 seconds
2017-05-02T07:19:07.763+0200: 1138,593: Total time for which application threads were stopped: 0,0000614 seconds, Stopping threads took: 0,0000124 seconds
2017-05-02T07:19:07.764+0200: 1138,594: Total time for which application threads were stopped: 0,0008675 seconds, Stopping threads took: 0,0007139 seconds
2017-05-02T07:19:07.766+0200: 1138,596: Total time for which application threads were stopped: 0,0004231 seconds, Stopping threads took: 0,0003326 seconds
Heap
 par new generation   total 109248K, used 37871K [0x00000000e0000000, 0x00000000e8000000, 0x00000000e8000000)
  eden space 87424K,  26% used [0x00000000e0000000, 0x00000000e1669930, 0x00000000e5560000)
  from space 21824K,  68% used [0x00000000e5560000, 0x00000000e63f2348, 0x00000000e6ab0000)
  to   space 21824K,   0% used [0x00000000e6ab0000, 0x00000000e6ab0000, 0x00000000e8000000)
 concurrent mark-sweep generation total 393216K, used 6886K [0x00000000e8000000, 0x0000000100000000, 0x0000000100000000)
 Metaspace       used 28140K, capacity 28756K, committed 29104K, reserved 1075200K
  class space    used 3231K, capacity 3433K, committed 3504K, reserved 1048576K
