OpenJDK 64-Bit Server VM (25.91-b14) for linux-amd64 JRE (1.8.0_91-8u91-b14-3ubuntu1~16.04.1-b14), built on Jul 21 2016 04:13:34 by "buildd" with gcc 5.3.1 20160413
Memory: 4k page, physical 7867876k(7560776k free), swap 8076284k(8076284k free)
CommandLine flags: -XX:CMSInitiatingOccupancyFraction=50 -XX:CMSMaxAbortablePrecleanTime=6000 -XX:+CMSParallelRemarkEnabled -XX:+CMSScavengeBeforeRemark -XX:ConcGCThreads=4 -XX:InitialHeapSize=536870912 -XX:MaxHeapSize=536870912 -XX:MaxTenuringThreshold=8 -XX:NewRatio=3 -XX:OldPLABSize=16 -XX:OnOutOfMemoryError=/opt/solr/bin/oom_solr.sh 8983 /var/solr/logs -XX:ParallelGCThreads=4 -XX:+ParallelRefProcEnabled -XX:PretenureSizeThreshold=67108864 -XX:+PrintGC -XX:+PrintGCApplicationStoppedTime -XX:+PrintGCDateStamps -XX:+PrintGCDetails -XX:+PrintGCTimeStamps -XX:+PrintHeapAtGC -XX:+PrintTenuringDistribution -XX:SurvivorRatio=4 -XX:TargetSurvivorRatio=90 -XX:ThreadStackSize=256 -XX:+UseCMSInitiatingOccupancyOnly -XX:+UseCompressedClassPointers -XX:+UseCompressedOops -XX:+UseConcMarkSweepGC -XX:+UseParNewGC 
2016-11-04T17:27:33.019+0100: 0,109: Total time for which application threads were stopped: 0,0000694 seconds, Stopping threads took: 0,0000128 seconds
2016-11-04T17:27:33.089+0100: 0,179: Total time for which application threads were stopped: 0,0022401 seconds, Stopping threads took: 0,0000156 seconds
2016-11-04T17:27:33.118+0100: 0,208: Total time for which application threads were stopped: 0,0000907 seconds, Stopping threads took: 0,0000104 seconds
2016-11-04T17:27:33.247+0100: 0,337: Total time for which application threads were stopped: 0,0001364 seconds, Stopping threads took: 0,0000166 seconds
2016-11-04T17:27:33.411+0100: 0,501: Total time for which application threads were stopped: 0,0001130 seconds, Stopping threads took: 0,0000121 seconds
2016-11-04T17:27:33.457+0100: 0,547: Total time for which application threads were stopped: 0,0001509 seconds, Stopping threads took: 0,0000241 seconds
2016-11-04T17:27:33.472+0100: 0,562: Total time for which application threads were stopped: 0,0001451 seconds, Stopping threads took: 0,0000197 seconds
2016-11-04T17:27:33.665+0100: 0,755: Total time for which application threads were stopped: 0,0002328 seconds, Stopping threads took: 0,0000286 seconds
2016-11-04T17:27:33.844+0100: 0,934: Total time for which application threads were stopped: 0,0001804 seconds, Stopping threads took: 0,0000147 seconds
2016-11-04T17:27:33.910+0100: 1,000: Total time for which application threads were stopped: 0,0001799 seconds, Stopping threads took: 0,0000133 seconds
2016-11-04T17:27:33.910+0100: 1,000: Total time for which application threads were stopped: 0,0001410 seconds, Stopping threads took: 0,0000094 seconds
2016-11-04T17:27:33.920+0100: 1,010: Total time for which application threads were stopped: 0,0001747 seconds, Stopping threads took: 0,0000304 seconds
2016-11-04T17:27:34.009+0100: 1,099: Total time for which application threads were stopped: 0,0001960 seconds, Stopping threads took: 0,0000162 seconds
2016-11-04T17:27:34.136+0100: 1,226: Total time for which application threads were stopped: 0,0004287 seconds, Stopping threads took: 0,0002036 seconds
{Heap before GC invocations=0 (full 0):
 par new generation   total 109248K, used 87424K [0x00000000e0000000, 0x00000000e8000000, 0x00000000e8000000)
  eden space 87424K, 100% used [0x00000000e0000000, 0x00000000e5560000, 0x00000000e5560000)
  from space 21824K,   0% used [0x00000000e5560000, 0x00000000e5560000, 0x00000000e6ab0000)
  to   space 21824K,   0% used [0x00000000e6ab0000, 0x00000000e6ab0000, 0x00000000e8000000)
 concurrent mark-sweep generation total 393216K, used 0K [0x00000000e8000000, 0x0000000100000000, 0x0000000100000000)
 Metaspace       used 17708K, capacity 18022K, committed 18304K, reserved 1064960K
  class space    used 2002K, capacity 2132K, committed 2176K, reserved 1048576K
2016-11-04T17:27:34.250+0100: 1,340: [GC (Allocation Failure) 2016-11-04T17:27:34.250+0100: 1,340: [ParNew
Desired survivor size 20112992 bytes, new threshold 8 (max 8)
- age   1:   11935824 bytes,   11935824 total
: 87424K->11772K(109248K), 0,0183970 secs] 87424K->11772K(502464K), 0,0184839 secs] [Times: user=0,04 sys=0,02, real=0,02 secs] 
Heap after GC invocations=1 (full 0):
 par new generation   total 109248K, used 11772K [0x00000000e0000000, 0x00000000e8000000, 0x00000000e8000000)
  eden space 87424K,   0% used [0x00000000e0000000, 0x00000000e0000000, 0x00000000e5560000)
  from space 21824K,  53% used [0x00000000e6ab0000, 0x00000000e762f3c0, 0x00000000e8000000)
  to   space 21824K,   0% used [0x00000000e5560000, 0x00000000e5560000, 0x00000000e6ab0000)
 concurrent mark-sweep generation total 393216K, used 0K [0x00000000e8000000, 0x0000000100000000, 0x0000000100000000)
 Metaspace       used 17708K, capacity 18022K, committed 18304K, reserved 1064960K
  class space    used 2002K, capacity 2132K, committed 2176K, reserved 1048576K
}
2016-11-04T17:27:34.269+0100: 1,359: Total time for which application threads were stopped: 0,0188160 seconds, Stopping threads took: 0,0000969 seconds
2016-11-04T17:27:34.870+0100: 1,960: Total time for which application threads were stopped: 0,0053260 seconds, Stopping threads took: 0,0049891 seconds
2016-11-04T17:27:34.954+0100: 2,044: Total time for which application threads were stopped: 0,0021600 seconds, Stopping threads took: 0,0000515 seconds
2016-11-04T17:27:35.046+0100: 2,136: Total time for which application threads were stopped: 0,0008157 seconds, Stopping threads took: 0,0005312 seconds
{Heap before GC invocations=1 (full 0):
 par new generation   total 109248K, used 99196K [0x00000000e0000000, 0x00000000e8000000, 0x00000000e8000000)
  eden space 87424K, 100% used [0x00000000e0000000, 0x00000000e5560000, 0x00000000e5560000)
  from space 21824K,  53% used [0x00000000e6ab0000, 0x00000000e762f3c0, 0x00000000e8000000)
  to   space 21824K,   0% used [0x00000000e5560000, 0x00000000e5560000, 0x00000000e6ab0000)
 concurrent mark-sweep generation total 393216K, used 0K [0x00000000e8000000, 0x0000000100000000, 0x0000000100000000)
 Metaspace       used 20373K, capacity 20666K, committed 20992K, reserved 1067008K
  class space    used 2351K, capacity 2486K, committed 2560K, reserved 1048576K
2016-11-04T17:27:35.184+0100: 2,274: [GC (Allocation Failure) 2016-11-04T17:27:35.184+0100: 2,274: [ParNew
Desired survivor size 20112992 bytes, new threshold 8 (max 8)
- age   1:    4219088 bytes,    4219088 total
- age   2:    6225040 bytes,   10444128 total
: 99196K->13021K(109248K), 0,0460262 secs] 99196K->13021K(502464K), 0,0461019 secs] [Times: user=0,05 sys=0,00, real=0,05 secs] 
Heap after GC invocations=2 (full 0):
 par new generation   total 109248K, used 13021K [0x00000000e0000000, 0x00000000e8000000, 0x00000000e8000000)
  eden space 87424K,   0% used [0x00000000e0000000, 0x00000000e0000000, 0x00000000e5560000)
  from space 21824K,  59% used [0x00000000e5560000, 0x00000000e6217460, 0x00000000e6ab0000)
  to   space 21824K,   0% used [0x00000000e6ab0000, 0x00000000e6ab0000, 0x00000000e8000000)
 concurrent mark-sweep generation total 393216K, used 0K [0x00000000e8000000, 0x0000000100000000, 0x0000000100000000)
 Metaspace       used 20373K, capacity 20666K, committed 20992K, reserved 1067008K
  class space    used 2351K, capacity 2486K, committed 2560K, reserved 1048576K
}
2016-11-04T17:27:35.230+0100: 2,320: Total time for which application threads were stopped: 0,0463531 seconds, Stopping threads took: 0,0000541 seconds
{Heap before GC invocations=2 (full 0):
 par new generation   total 109248K, used 100445K [0x00000000e0000000, 0x00000000e8000000, 0x00000000e8000000)
  eden space 87424K, 100% used [0x00000000e0000000, 0x00000000e5560000, 0x00000000e5560000)
  from space 21824K,  59% used [0x00000000e5560000, 0x00000000e6217460, 0x00000000e6ab0000)
  to   space 21824K,   0% used [0x00000000e6ab0000, 0x00000000e6ab0000, 0x00000000e8000000)
 concurrent mark-sweep generation total 393216K, used 0K [0x00000000e8000000, 0x0000000100000000, 0x0000000100000000)
 Metaspace       used 20860K, capacity 21202K, committed 21296K, reserved 1069056K
  class space    used 2407K, capacity 2528K, committed 2560K, reserved 1048576K
2016-11-04T17:27:35.531+0100: 2,621: [GC (Allocation Failure) 2016-11-04T17:27:35.531+0100: 2,621: [ParNew
Desired survivor size 20112992 bytes, new threshold 8 (max 8)
- age   1:     585672 bytes,     585672 total
- age   2:    1627448 bytes,    2213120 total
- age   3:    6222032 bytes,    8435152 total
: 100445K->11886K(109248K), 0,0126675 secs] 100445K->11886K(502464K), 0,0127703 secs] [Times: user=0,04 sys=0,00, real=0,01 secs] 
Heap after GC invocations=3 (full 0):
 par new generation   total 109248K, used 11886K [0x00000000e0000000, 0x00000000e8000000, 0x00000000e8000000)
  eden space 87424K,   0% used [0x00000000e0000000, 0x00000000e0000000, 0x00000000e5560000)
  from space 21824K,  54% used [0x00000000e6ab0000, 0x00000000e764ba18, 0x00000000e8000000)
  to   space 21824K,   0% used [0x00000000e5560000, 0x00000000e5560000, 0x00000000e6ab0000)
 concurrent mark-sweep generation total 393216K, used 0K [0x00000000e8000000, 0x0000000100000000, 0x0000000100000000)
 Metaspace       used 20860K, capacity 21202K, committed 21296K, reserved 1069056K
  class space    used 2407K, capacity 2528K, committed 2560K, reserved 1048576K
}
2016-11-04T17:27:35.544+0100: 2,634: Total time for which application threads were stopped: 0,0130673 seconds, Stopping threads took: 0,0001461 seconds
2016-11-04T17:27:35.598+0100: 2,688: Total time for which application threads were stopped: 0,0001266 seconds, Stopping threads took: 0,0000482 seconds
2016-11-04T17:27:35.690+0100: 2,780: Total time for which application threads were stopped: 0,0006266 seconds, Stopping threads took: 0,0001382 seconds
2016-11-04T17:27:35.703+0100: 2,793: Total time for which application threads were stopped: 0,0003071 seconds, Stopping threads took: 0,0000221 seconds
2016-11-04T17:27:35.724+0100: 2,814: Total time for which application threads were stopped: 0,0000835 seconds, Stopping threads took: 0,0000195 seconds
2016-11-04T17:27:35.742+0100: 2,832: Total time for which application threads were stopped: 0,0001367 seconds, Stopping threads took: 0,0000606 seconds
2016-11-04T17:27:35.811+0100: 2,901: Total time for which application threads were stopped: 0,0002173 seconds, Stopping threads took: 0,0000886 seconds
2016-11-04T17:27:35.824+0100: 2,914: Total time for which application threads were stopped: 0,0001176 seconds, Stopping threads took: 0,0000382 seconds
2016-11-04T17:27:35.827+0100: 2,917: Total time for which application threads were stopped: 0,0003152 seconds, Stopping threads took: 0,0000209 seconds
2016-11-04T17:27:35.840+0100: 2,930: Total time for which application threads were stopped: 0,0003425 seconds, Stopping threads took: 0,0000239 seconds
{Heap before GC invocations=3 (full 0):
 par new generation   total 109248K, used 99310K [0x00000000e0000000, 0x00000000e8000000, 0x00000000e8000000)
  eden space 87424K, 100% used [0x00000000e0000000, 0x00000000e5560000, 0x00000000e5560000)
  from space 21824K,  54% used [0x00000000e6ab0000, 0x00000000e764ba18, 0x00000000e8000000)
  to   space 21824K,   0% used [0x00000000e5560000, 0x00000000e5560000, 0x00000000e6ab0000)
 concurrent mark-sweep generation total 393216K, used 0K [0x00000000e8000000, 0x0000000100000000, 0x0000000100000000)
 Metaspace       used 22726K, capacity 23114K, committed 23288K, reserved 1069056K
  class space    used 2626K, capacity 2740K, committed 2840K, reserved 1048576K
2016-11-04T17:27:35.868+0100: 2,958: [GC (Allocation Failure) 2016-11-04T17:27:35.868+0100: 2,958: [ParNew
Desired survivor size 20112992 bytes, new threshold 8 (max 8)
- age   1:    2450744 bytes,    2450744 total
- age   2:     178664 bytes,    2629408 total
- age   3:     816312 bytes,    3445720 total
- age   4:    6217856 bytes,    9663576 total
: 99310K->12298K(109248K), 0,0104837 secs] 99310K->12298K(502464K), 0,0105516 secs] [Times: user=0,04 sys=0,00, real=0,01 secs] 
Heap after GC invocations=4 (full 0):
 par new generation   total 109248K, used 12298K [0x00000000e0000000, 0x00000000e8000000, 0x00000000e8000000)
  eden space 87424K,   0% used [0x00000000e0000000, 0x00000000e0000000, 0x00000000e5560000)
  from space 21824K,  56% used [0x00000000e5560000, 0x00000000e6162bb0, 0x00000000e6ab0000)
  to   space 21824K,   0% used [0x00000000e6ab0000, 0x00000000e6ab0000, 0x00000000e8000000)
 concurrent mark-sweep generation total 393216K, used 0K [0x00000000e8000000, 0x0000000100000000, 0x0000000100000000)
 Metaspace       used 22726K, capacity 23114K, committed 23288K, reserved 1069056K
  class space    used 2626K, capacity 2740K, committed 2840K, reserved 1048576K
}
2016-11-04T17:27:35.878+0100: 2,968: Total time for which application threads were stopped: 0,0107392 seconds, Stopping threads took: 0,0000229 seconds
2016-11-04T17:27:35.878+0100: 2,968: [GC (CMS Initial Mark) [1 CMS-initial-mark: 0K(393216K)] 13185K(502464K), 0,0050608 secs] [Times: user=0,02 sys=0,00, real=0,00 secs] 
2016-11-04T17:27:35.883+0100: 2,973: Total time for which application threads were stopped: 0,0051766 seconds, Stopping threads took: 0,0000353 seconds
2016-11-04T17:27:35.883+0100: 2,973: [CMS-concurrent-mark-start]
2016-11-04T17:27:35.884+0100: 2,974: [CMS-concurrent-mark: 0,000/0,000 secs] [Times: user=0,00 sys=0,00, real=0,00 secs] 
2016-11-04T17:27:35.884+0100: 2,974: [CMS-concurrent-preclean-start]
2016-11-04T17:27:35.885+0100: 2,975: [CMS-concurrent-preclean: 0,001/0,001 secs] [Times: user=0,00 sys=0,00, real=0,00 secs] 
2016-11-04T17:27:35.886+0100: 2,976: [GC (CMS Final Remark) [YG occupancy: 13185 K (109248 K)]{Heap before GC invocations=4 (full 1):
 par new generation   total 109248K, used 13185K [0x00000000e0000000, 0x00000000e8000000, 0x00000000e8000000)
  eden space 87424K,   1% used [0x00000000e0000000, 0x00000000e00dd908, 0x00000000e5560000)
  from space 21824K,  56% used [0x00000000e5560000, 0x00000000e6162bb0, 0x00000000e6ab0000)
  to   space 21824K,   0% used [0x00000000e6ab0000, 0x00000000e6ab0000, 0x00000000e8000000)
 concurrent mark-sweep generation total 393216K, used 0K [0x00000000e8000000, 0x0000000100000000, 0x0000000100000000)
 Metaspace       used 22729K, capacity 23146K, committed 23288K, reserved 1069056K
  class space    used 2627K, capacity 2772K, committed 2840K, reserved 1048576K
2016-11-04T17:27:35.886+0100: 2,976: [GC (CMS Final Remark) 2016-11-04T17:27:35.886+0100: 2,976: [ParNew
Desired survivor size 20112992 bytes, new threshold 8 (max 8)
- age   1:       3792 bytes,       3792 total
- age   2:    1146088 bytes,    1149880 total
- age   3:     178664 bytes,    1328544 total
- age   4:     816312 bytes,    2144856 total
- age   5:    6217840 bytes,    8362696 total
: 13185K->9810K(109248K), 0,0130285 secs] 13185K->9810K(502464K), 0,0130740 secs] [Times: user=0,05 sys=0,00, real=0,02 secs] 
Heap after GC invocations=5 (full 1):
 par new generation   total 109248K, used 9810K [0x00000000e0000000, 0x00000000e8000000, 0x00000000e8000000)
  eden space 87424K,   0% used [0x00000000e0000000, 0x00000000e0000000, 0x00000000e5560000)
  from space 21824K,  44% used [0x00000000e6ab0000, 0x00000000e7444b80, 0x00000000e8000000)
  to   space 21824K,   0% used [0x00000000e5560000, 0x00000000e5560000, 0x00000000e6ab0000)
 concurrent mark-sweep generation total 393216K, used 0K [0x00000000e8000000, 0x0000000100000000, 0x0000000100000000)
 Metaspace       used 22729K, capacity 23146K, committed 23288K, reserved 1069056K
  class space    used 2627K, capacity 2772K, committed 2840K, reserved 1048576K
}
2016-11-04T17:27:35.899+0100: 2,989: [Rescan (parallel) , 0,0039693 secs]2016-11-04T17:27:35.903+0100: 2,993: [weak refs processing, 0,0020697 secs]2016-11-04T17:27:35.905+0100: 2,995: [class unloading, 0,0032858 secs]2016-11-04T17:27:35.908+0100: 2,998: [scrub symbol table, 0,0040324 secs]2016-11-04T17:27:35.912+0100: 3,002: [scrub string table, 0,0003713 secs][1 CMS-remark: 0K(393216K)] 9810K(502464K), 0,0275508 secs] [Times: user=0,08 sys=0,01, real=0,03 secs] 
2016-11-04T17:27:35.913+0100: 3,003: Total time for which application threads were stopped: 0,0280801 seconds, Stopping threads took: 0,0004539 seconds
2016-11-04T17:27:35.913+0100: 3,003: [CMS-concurrent-sweep-start]
2016-11-04T17:27:35.913+0100: 3,003: [CMS-concurrent-sweep: 0,000/0,000 secs] [Times: user=0,00 sys=0,00, real=0,00 secs] 
2016-11-04T17:27:35.913+0100: 3,003: [CMS-concurrent-reset-start]
2016-11-04T17:27:35.915+0100: 3,005: [CMS-concurrent-reset: 0,002/0,002 secs] [Times: user=0,01 sys=0,00, real=0,01 secs] 
2016-11-04T17:27:36.194+0100: 3,284: Total time for which application threads were stopped: 0,0004431 seconds, Stopping threads took: 0,0000314 seconds
2016-11-04T17:27:36.963+0100: 4,053: Total time for which application threads were stopped: 0,0003083 seconds, Stopping threads took: 0,0000188 seconds
2016-11-04T17:28:03.966+0100: 31,056: Total time for which application threads were stopped: 0,0000640 seconds, Stopping threads took: 0,0000160 seconds
2016-11-04T17:30:02.518+0100: 149,608: Total time for which application threads were stopped: 0,0000992 seconds, Stopping threads took: 0,0000270 seconds
Heap
 par new generation   total 109248K, used 75199K [0x00000000e0000000, 0x00000000e8000000, 0x00000000e8000000)
  eden space 87424K,  74% used [0x00000000e0000000, 0x00000000e3fdb3e0, 0x00000000e5560000)
  from space 21824K,  44% used [0x00000000e6ab0000, 0x00000000e7444b80, 0x00000000e8000000)
  to   space 21824K,   0% used [0x00000000e5560000, 0x00000000e5560000, 0x00000000e6ab0000)
 concurrent mark-sweep generation total 393216K, used 0K [0x00000000e8000000, 0x0000000100000000, 0x0000000100000000)
 Metaspace       used 27254K, capacity 27688K, committed 27896K, reserved 1073152K
  class space    used 3163K, capacity 3299K, committed 3352K, reserved 1048576K
