OpenJDK 64-Bit Server VM (25.111-b14) for linux-amd64 JRE (1.8.0_111-8u111-b14-2ubuntu0.16.04.2-b14), built on Oct 27 2016 18:10:19 by "buildd" with gcc 5.4.0 20160609
Memory: 4k page, physical 7867876k(7463668k free), swap 8076284k(8076284k free)
CommandLine flags: -XX:CMSInitiatingOccupancyFraction=50 -XX:CMSMaxAbortablePrecleanTime=6000 -XX:+CMSParallelRemarkEnabled -XX:+CMSScavengeBeforeRemark -XX:ConcGCThreads=4 -XX:InitialHeapSize=536870912 -XX:MaxHeapSize=536870912 -XX:MaxTenuringThreshold=8 -XX:NewRatio=3 -XX:OldPLABSize=16 -XX:OnOutOfMemoryError=/opt/solr/bin/oom_solr.sh 8983 /var/solr/logs -XX:ParallelGCThreads=4 -XX:+ParallelRefProcEnabled -XX:PretenureSizeThreshold=67108864 -XX:+PrintGC -XX:+PrintGCApplicationStoppedTime -XX:+PrintGCDateStamps -XX:+PrintGCDetails -XX:+PrintGCTimeStamps -XX:+PrintHeapAtGC -XX:+PrintTenuringDistribution -XX:SurvivorRatio=4 -XX:TargetSurvivorRatio=90 -XX:ThreadStackSize=256 -XX:+UseCMSInitiatingOccupancyOnly -XX:+UseCompressedClassPointers -XX:+UseCompressedOops -XX:+UseConcMarkSweepGC -XX:+UseParNewGC 
2016-11-08T17:42:58.704+0100: 0,123: Total time for which application threads were stopped: 0,0000692 seconds, Stopping threads took: 0,0000135 seconds
2016-11-08T17:42:58.776+0100: 0,194: Total time for which application threads were stopped: 0,0001393 seconds, Stopping threads took: 0,0000117 seconds
2016-11-08T17:42:58.787+0100: 0,206: Total time for which application threads were stopped: 0,0000737 seconds, Stopping threads took: 0,0000127 seconds
2016-11-08T17:42:58.932+0100: 0,351: Total time for which application threads were stopped: 0,0001832 seconds, Stopping threads took: 0,0000255 seconds
2016-11-08T17:42:59.192+0100: 0,610: Total time for which application threads were stopped: 0,0001922 seconds, Stopping threads took: 0,0000149 seconds
2016-11-08T17:42:59.395+0100: 0,813: Total time for which application threads were stopped: 0,0002094 seconds, Stopping threads took: 0,0000298 seconds
2016-11-08T17:42:59.454+0100: 0,872: Total time for which application threads were stopped: 0,0020392 seconds, Stopping threads took: 0,0013428 seconds
2016-11-08T17:42:59.720+0100: 1,139: Total time for which application threads were stopped: 0,0001687 seconds, Stopping threads took: 0,0000171 seconds
2016-11-08T17:42:59.868+0100: 1,287: Total time for which application threads were stopped: 0,0001968 seconds, Stopping threads took: 0,0000119 seconds
2016-11-08T17:42:59.887+0100: 1,305: Total time for which application threads were stopped: 0,0001871 seconds, Stopping threads took: 0,0000234 seconds
2016-11-08T17:42:59.889+0100: 1,307: Total time for which application threads were stopped: 0,0010269 seconds, Stopping threads took: 0,0000681 seconds
2016-11-08T17:42:59.910+0100: 1,329: Total time for which application threads were stopped: 0,0002092 seconds, Stopping threads took: 0,0000146 seconds
2016-11-08T17:43:00.041+0100: 1,459: Total time for which application threads were stopped: 0,0001980 seconds, Stopping threads took: 0,0000178 seconds
2016-11-08T17:43:00.253+0100: 1,671: Total time for which application threads were stopped: 0,0002863 seconds, Stopping threads took: 0,0000672 seconds
{Heap before GC invocations=0 (full 0):
 par new generation   total 109248K, used 87424K [0x00000000e0000000, 0x00000000e8000000, 0x00000000e8000000)
  eden space 87424K, 100% used [0x00000000e0000000, 0x00000000e5560000, 0x00000000e5560000)
  from space 21824K,   0% used [0x00000000e5560000, 0x00000000e5560000, 0x00000000e6ab0000)
  to   space 21824K,   0% used [0x00000000e6ab0000, 0x00000000e6ab0000, 0x00000000e8000000)
 concurrent mark-sweep generation total 393216K, used 0K [0x00000000e8000000, 0x0000000100000000, 0x0000000100000000)
 Metaspace       used 17916K, capacity 18206K, committed 18304K, reserved 1064960K
  class space    used 2031K, capacity 2130K, committed 2176K, reserved 1048576K
2016-11-08T17:43:00.385+0100: 1,804: [GC (Allocation Failure) 2016-11-08T17:43:00.385+0100: 1,804: [ParNew
Desired survivor size 20112992 bytes, new threshold 8 (max 8)
- age   1:   12220376 bytes,   12220376 total
: 87424K->12038K(109248K), 0,0158237 secs] 87424K->12038K(502464K), 0,0159157 secs] [Times: user=0,03 sys=0,01, real=0,01 secs] 
Heap after GC invocations=1 (full 0):
 par new generation   total 109248K, used 12038K [0x00000000e0000000, 0x00000000e8000000, 0x00000000e8000000)
  eden space 87424K,   0% used [0x00000000e0000000, 0x00000000e0000000, 0x00000000e5560000)
  from space 21824K,  55% used [0x00000000e6ab0000, 0x00000000e7671ac0, 0x00000000e8000000)
  to   space 21824K,   0% used [0x00000000e5560000, 0x00000000e5560000, 0x00000000e6ab0000)
 concurrent mark-sweep generation total 393216K, used 0K [0x00000000e8000000, 0x0000000100000000, 0x0000000100000000)
 Metaspace       used 17916K, capacity 18206K, committed 18304K, reserved 1064960K
  class space    used 2031K, capacity 2130K, committed 2176K, reserved 1048576K
}
2016-11-08T17:43:00.401+0100: 1,820: Total time for which application threads were stopped: 0,0160982 seconds, Stopping threads took: 0,0000256 seconds
2016-11-08T17:43:00.633+0100: 2,051: Total time for which application threads were stopped: 0,0002628 seconds, Stopping threads took: 0,0000206 seconds
2016-11-08T17:43:00.664+0100: 2,082: Total time for which application threads were stopped: 0,0003592 seconds, Stopping threads took: 0,0000767 seconds
2016-11-08T17:43:00.697+0100: 2,115: Total time for which application threads were stopped: 0,0003362 seconds, Stopping threads took: 0,0000544 seconds
{Heap before GC invocations=1 (full 0):
 par new generation   total 109248K, used 99462K [0x00000000e0000000, 0x00000000e8000000, 0x00000000e8000000)
  eden space 87424K, 100% used [0x00000000e0000000, 0x00000000e5560000, 0x00000000e5560000)
  from space 21824K,  55% used [0x00000000e6ab0000, 0x00000000e7671ac0, 0x00000000e8000000)
  to   space 21824K,   0% used [0x00000000e5560000, 0x00000000e5560000, 0x00000000e6ab0000)
 concurrent mark-sweep generation total 393216K, used 0K [0x00000000e8000000, 0x0000000100000000, 0x0000000100000000)
 Metaspace       used 20362K, capacity 20672K, committed 20992K, reserved 1067008K
  class space    used 2358K, capacity 2491K, committed 2560K, reserved 1048576K
2016-11-08T17:43:00.787+0100: 2,206: [GC (Allocation Failure) 2016-11-08T17:43:00.787+0100: 2,206: [ParNew
Desired survivor size 20112992 bytes, new threshold 8 (max 8)
- age   1:    4188696 bytes,    4188696 total
- age   2:    6274432 bytes,   10463128 total
: 99462K->15038K(109248K), 0,0122031 secs] 99462K->15038K(502464K), 0,0122656 secs] [Times: user=0,03 sys=0,01, real=0,01 secs] 
Heap after GC invocations=2 (full 0):
 par new generation   total 109248K, used 15038K [0x00000000e0000000, 0x00000000e8000000, 0x00000000e8000000)
  eden space 87424K,   0% used [0x00000000e0000000, 0x00000000e0000000, 0x00000000e5560000)
  from space 21824K,  68% used [0x00000000e5560000, 0x00000000e640f880, 0x00000000e6ab0000)
  to   space 21824K,   0% used [0x00000000e6ab0000, 0x00000000e6ab0000, 0x00000000e8000000)
 concurrent mark-sweep generation total 393216K, used 0K [0x00000000e8000000, 0x0000000100000000, 0x0000000100000000)
 Metaspace       used 20362K, capacity 20672K, committed 20992K, reserved 1067008K
  class space    used 2358K, capacity 2491K, committed 2560K, reserved 1048576K
}
2016-11-08T17:43:00.800+0100: 2,218: Total time for which application threads were stopped: 0,0125189 seconds, Stopping threads took: 0,0001069 seconds
2016-11-08T17:43:00.942+0100: 2,361: Total time for which application threads were stopped: 0,0001486 seconds, Stopping threads took: 0,0000704 seconds
{Heap before GC invocations=2 (full 0):
 par new generation   total 109248K, used 102462K [0x00000000e0000000, 0x00000000e8000000, 0x00000000e8000000)
  eden space 87424K, 100% used [0x00000000e0000000, 0x00000000e5560000, 0x00000000e5560000)
  from space 21824K,  68% used [0x00000000e5560000, 0x00000000e640f880, 0x00000000e6ab0000)
  to   space 21824K,   0% used [0x00000000e6ab0000, 0x00000000e6ab0000, 0x00000000e8000000)
 concurrent mark-sweep generation total 393216K, used 0K [0x00000000e8000000, 0x0000000100000000, 0x0000000100000000)
 Metaspace       used 20849K, capacity 21226K, committed 21504K, reserved 1069056K
  class space    used 2415K, capacity 2536K, committed 2560K, reserved 1048576K
2016-11-08T17:43:00.946+0100: 2,364: [GC (Allocation Failure) 2016-11-08T17:43:00.946+0100: 2,364: [ParNew
Desired survivor size 20112992 bytes, new threshold 8 (max 8)
- age   1:     811592 bytes,     811592 total
- age   2:    1595008 bytes,    2406600 total
- age   3:    6271280 bytes,    8677880 total
: 102462K->11422K(109248K), 0,0142197 secs] 102462K->11422K(502464K), 0,0142914 secs] [Times: user=0,04 sys=0,00, real=0,01 secs] 
Heap after GC invocations=3 (full 0):
 par new generation   total 109248K, used 11422K [0x00000000e0000000, 0x00000000e8000000, 0x00000000e8000000)
  eden space 87424K,   0% used [0x00000000e0000000, 0x00000000e0000000, 0x00000000e5560000)
  from space 21824K,  52% used [0x00000000e6ab0000, 0x00000000e75d7a40, 0x00000000e8000000)
  to   space 21824K,   0% used [0x00000000e5560000, 0x00000000e5560000, 0x00000000e6ab0000)
 concurrent mark-sweep generation total 393216K, used 0K [0x00000000e8000000, 0x0000000100000000, 0x0000000100000000)
 Metaspace       used 20849K, capacity 21226K, committed 21504K, reserved 1069056K
  class space    used 2415K, capacity 2536K, committed 2560K, reserved 1048576K
}
2016-11-08T17:43:00.960+0100: 2,378: Total time for which application threads were stopped: 0,0144684 seconds, Stopping threads took: 0,0000611 seconds
2016-11-08T17:43:00.960+0100: 2,379: [GC (CMS Initial Mark) [1 CMS-initial-mark: 0K(393216K)] 12317K(502464K), 0,0030447 secs] [Times: user=0,01 sys=0,00, real=0,00 secs] 
2016-11-08T17:43:00.963+0100: 2,382: Total time for which application threads were stopped: 0,0031622 seconds, Stopping threads took: 0,0000389 seconds
2016-11-08T17:43:00.963+0100: 2,382: [CMS-concurrent-mark-start]
2016-11-08T17:43:00.964+0100: 2,382: [CMS-concurrent-mark: 0,001/0,001 secs] [Times: user=0,00 sys=0,00, real=0,01 secs] 
2016-11-08T17:43:00.964+0100: 2,382: [CMS-concurrent-preclean-start]
2016-11-08T17:43:00.965+0100: 2,383: [CMS-concurrent-preclean: 0,001/0,001 secs] [Times: user=0,01 sys=0,00, real=0,00 secs] 
2016-11-08T17:43:00.965+0100: 2,383: [GC (CMS Final Remark) [YG occupancy: 13196 K (109248 K)]{Heap before GC invocations=3 (full 1):
 par new generation   total 109248K, used 13196K [0x00000000e0000000, 0x00000000e8000000, 0x00000000e8000000)
  eden space 87424K,   2% used [0x00000000e0000000, 0x00000000e01bb8c8, 0x00000000e5560000)
  from space 21824K,  52% used [0x00000000e6ab0000, 0x00000000e75d7a40, 0x00000000e8000000)
  to   space 21824K,   0% used [0x00000000e5560000, 0x00000000e5560000, 0x00000000e6ab0000)
 concurrent mark-sweep generation total 393216K, used 0K [0x00000000e8000000, 0x0000000100000000, 0x0000000100000000)
 Metaspace       used 20852K, capacity 21232K, committed 21504K, reserved 1069056K
  class space    used 2415K, capacity 2537K, committed 2560K, reserved 1048576K
2016-11-08T17:43:00.965+0100: 2,383: [GC (CMS Final Remark) 2016-11-08T17:43:00.965+0100: 2,383: [ParNew
Desired survivor size 20112992 bytes, new threshold 8 (max 8)
- age   1:     654128 bytes,     654128 total
- age   2:     507736 bytes,    1161864 total
- age   3:    1575592 bytes,    2737456 total
- age   4:    6271376 bytes,    9008832 total
: 13196K->11514K(109248K), 0,0088830 secs] 13196K->11514K(502464K), 0,0089215 secs] [Times: user=0,02 sys=0,00, real=0,00 secs] 
Heap after GC invocations=4 (full 1):
 par new generation   total 109248K, used 11514K [0x00000000e0000000, 0x00000000e8000000, 0x00000000e8000000)
  eden space 87424K,   0% used [0x00000000e0000000, 0x00000000e0000000, 0x00000000e5560000)
  from space 21824K,  52% used [0x00000000e5560000, 0x00000000e609e8e0, 0x00000000e6ab0000)
  to   space 21824K,   0% used [0x00000000e6ab0000, 0x00000000e6ab0000, 0x00000000e8000000)
 concurrent mark-sweep generation total 393216K, used 0K [0x00000000e8000000, 0x0000000100000000, 0x0000000100000000)
 Metaspace       used 20852K, capacity 21232K, committed 21504K, reserved 1069056K
  class space    used 2415K, capacity 2537K, committed 2560K, reserved 1048576K
}
2016-11-08T17:43:00.974+0100: 2,392: [Rescan (parallel) , 0,0028907 secs]2016-11-08T17:43:00.977+0100: 2,395: [weak refs processing, 0,0008548 secs]2016-11-08T17:43:00.978+0100: 2,396: [class unloading, 0,0026728 secs]2016-11-08T17:43:00.980+0100: 2,399: [scrub symbol table, 0,0034035 secs]2016-11-08T17:43:00.984+0100: 2,402: [scrub string table, 0,0003544 secs][1 CMS-remark: 0K(393216K)] 11514K(502464K), 0,0197085 secs] [Times: user=0,04 sys=0,00, real=0,02 secs] 
2016-11-08T17:43:00.985+0100: 2,403: Total time for which application threads were stopped: 0,0198218 seconds, Stopping threads took: 0,0000526 seconds
2016-11-08T17:43:00.985+0100: 2,403: [CMS-concurrent-sweep-start]
2016-11-08T17:43:00.985+0100: 2,403: [CMS-concurrent-sweep: 0,000/0,000 secs] [Times: user=0,00 sys=0,00, real=0,00 secs] 
2016-11-08T17:43:00.985+0100: 2,403: [CMS-concurrent-reset-start]
2016-11-08T17:43:00.987+0100: 2,405: [CMS-concurrent-reset: 0,002/0,002 secs] [Times: user=0,01 sys=0,00, real=0,00 secs] 
2016-11-08T17:43:01.082+0100: 2,501: Total time for which application threads were stopped: 0,0003044 seconds, Stopping threads took: 0,0000207 seconds
2016-11-08T17:43:01.208+0100: 2,627: Total time for which application threads were stopped: 0,0003923 seconds, Stopping threads took: 0,0000216 seconds
2016-11-08T17:43:01.227+0100: 2,645: Total time for which application threads were stopped: 0,0003866 seconds, Stopping threads took: 0,0000446 seconds
{Heap before GC invocations=4 (full 1):
 par new generation   total 109248K, used 98938K [0x00000000e0000000, 0x00000000e8000000, 0x00000000e8000000)
  eden space 87424K, 100% used [0x00000000e0000000, 0x00000000e5560000, 0x00000000e5560000)
  from space 21824K,  52% used [0x00000000e5560000, 0x00000000e609e8e0, 0x00000000e6ab0000)
  to   space 21824K,   0% used [0x00000000e6ab0000, 0x00000000e6ab0000, 0x00000000e8000000)
 concurrent mark-sweep generation total 393216K, used 0K [0x00000000e8000000, 0x0000000100000000, 0x0000000100000000)
 Metaspace       used 22761K, capacity 23144K, committed 23296K, reserved 1069056K
  class space    used 2642K, capacity 2813K, committed 2816K, reserved 1048576K
2016-11-08T17:43:01.258+0100: 2,676: [GC (Allocation Failure) 2016-11-08T17:43:01.258+0100: 2,676: [ParNew
Desired survivor size 20112992 bytes, new threshold 8 (max 8)
- age   1:    2523512 bytes,    2523512 total
- age   2:       1408 bytes,    2524920 total
- age   3:     183248 bytes,    2708168 total
- age   4:     785856 bytes,    3494024 total
- age   5:    6267160 bytes,    9761184 total
: 98938K->12238K(109248K), 0,0173504 secs] 98938K->12238K(502464K), 0,0174147 secs] [Times: user=0,06 sys=0,00, real=0,01 secs] 
Heap after GC invocations=5 (full 1):
 par new generation   total 109248K, used 12238K [0x00000000e0000000, 0x00000000e8000000, 0x00000000e8000000)
  eden space 87424K,   0% used [0x00000000e0000000, 0x00000000e0000000, 0x00000000e5560000)
  from space 21824K,  56% used [0x00000000e6ab0000, 0x00000000e76a3ad0, 0x00000000e8000000)
  to   space 21824K,   0% used [0x00000000e5560000, 0x00000000e5560000, 0x00000000e6ab0000)
 concurrent mark-sweep generation total 393216K, used 0K [0x00000000e8000000, 0x0000000100000000, 0x0000000100000000)
 Metaspace       used 22761K, capacity 23144K, committed 23296K, reserved 1069056K
  class space    used 2642K, capacity 2813K, committed 2816K, reserved 1048576K
}
2016-11-08T17:43:01.275+0100: 2,694: Total time for which application threads were stopped: 0,0175832 seconds, Stopping threads took: 0,0000254 seconds
2016-11-08T17:43:01.549+0100: 2,968: Total time for which application threads were stopped: 0,0003736 seconds, Stopping threads took: 0,0000227 seconds
2016-11-08T17:43:02.550+0100: 3,968: Total time for which application threads were stopped: 0,0000852 seconds, Stopping threads took: 0,0000162 seconds
2016-11-08T17:43:02.633+0100: 4,052: Total time for which application threads were stopped: 0,0003140 seconds, Stopping threads took: 0,0000148 seconds
2016-11-08T17:43:30.637+0100: 32,056: Total time for which application threads were stopped: 0,0000832 seconds, Stopping threads took: 0,0000375 seconds
2016-11-08T17:44:09.645+0100: 71,063: Total time for which application threads were stopped: 0,0000605 seconds, Stopping threads took: 0,0000169 seconds
2016-11-08T17:44:14.645+0100: 76,064: Total time for which application threads were stopped: 0,0000664 seconds, Stopping threads took: 0,0000176 seconds
2016-11-08T17:44:19.646+0100: 81,065: Total time for which application threads were stopped: 0,0002898 seconds, Stopping threads took: 0,0000801 seconds
2016-11-08T17:44:24.647+0100: 86,066: Total time for which application threads were stopped: 0,0001114 seconds, Stopping threads took: 0,0000438 seconds
2016-11-08T17:44:44.649+0100: 106,068: Total time for which application threads were stopped: 0,0000603 seconds, Stopping threads took: 0,0000147 seconds
2016-11-08T17:44:49.650+0100: 111,068: Total time for which application threads were stopped: 0,0000685 seconds, Stopping threads took: 0,0000181 seconds
2016-11-08T17:45:29.655+0100: 151,073: Total time for which application threads were stopped: 0,0000814 seconds, Stopping threads took: 0,0000367 seconds
2016-11-08T17:45:35.656+0100: 157,074: Total time for which application threads were stopped: 0,0000733 seconds, Stopping threads took: 0,0000151 seconds
2016-11-08T17:45:59.659+0100: 181,077: Total time for which application threads were stopped: 0,0001248 seconds, Stopping threads took: 0,0000489 seconds
2016-11-08T17:46:25.023+0100: 206,442: Total time for which application threads were stopped: 0,0001604 seconds, Stopping threads took: 0,0000494 seconds
Heap
 par new generation   total 109248K, used 78152K [0x00000000e0000000, 0x00000000e8000000, 0x00000000e8000000)
  eden space 87424K,  75% used [0x00000000e0000000, 0x00000000e405e8a8, 0x00000000e5560000)
  from space 21824K,  56% used [0x00000000e6ab0000, 0x00000000e76a3ad0, 0x00000000e8000000)
  to   space 21824K,   0% used [0x00000000e5560000, 0x00000000e5560000, 0x00000000e6ab0000)
 concurrent mark-sweep generation total 393216K, used 0K [0x00000000e8000000, 0x0000000100000000, 0x0000000100000000)
 Metaspace       used 27402K, capacity 27878K, committed 28032K, reserved 1073152K
  class space    used 3183K, capacity 3340K, committed 3456K, reserved 1048576K
