OpenJDK 64-Bit Server VM (25.91-b14) for linux-amd64 JRE (1.8.0_91-8u91-b14-3ubuntu1~16.04.1-b14), built on Jul 21 2016 04:13:34 by "buildd" with gcc 5.3.1 20160413
Memory: 4k page, physical 7867876k(7549796k free), swap 8076284k(8076284k free)
CommandLine flags: -XX:CMSInitiatingOccupancyFraction=50 -XX:CMSMaxAbortablePrecleanTime=6000 -XX:+CMSParallelRemarkEnabled -XX:+CMSScavengeBeforeRemark -XX:ConcGCThreads=4 -XX:InitialHeapSize=536870912 -XX:MaxHeapSize=536870912 -XX:MaxTenuringThreshold=8 -XX:NewRatio=3 -XX:OldPLABSize=16 -XX:OnOutOfMemoryError=/opt/solr/bin/oom_solr.sh 8983 /var/solr/logs -XX:ParallelGCThreads=4 -XX:+ParallelRefProcEnabled -XX:PretenureSizeThreshold=67108864 -XX:+PrintGC -XX:+PrintGCApplicationStoppedTime -XX:+PrintGCDateStamps -XX:+PrintGCDetails -XX:+PrintGCTimeStamps -XX:+PrintHeapAtGC -XX:+PrintTenuringDistribution -XX:SurvivorRatio=4 -XX:TargetSurvivorRatio=90 -XX:ThreadStackSize=256 -XX:+UseCMSInitiatingOccupancyOnly -XX:+UseCompressedClassPointers -XX:+UseCompressedOops -XX:+UseConcMarkSweepGC -XX:+UseParNewGC 
2016-11-04T20:03:51.677+0100: 0,136: Total time for which application threads were stopped: 0,0000895 seconds, Stopping threads took: 0,0000142 seconds
2016-11-04T20:03:51.755+0100: 0,214: Total time for which application threads were stopped: 0,0001027 seconds, Stopping threads took: 0,0000174 seconds
2016-11-04T20:03:51.769+0100: 0,228: Total time for which application threads were stopped: 0,0000798 seconds, Stopping threads took: 0,0000238 seconds
2016-11-04T20:03:52.145+0100: 0,604: Total time for which application threads were stopped: 0,0001470 seconds, Stopping threads took: 0,0000167 seconds
2016-11-04T20:03:52.206+0100: 0,665: Total time for which application threads were stopped: 0,0001858 seconds, Stopping threads took: 0,0000302 seconds
2016-11-04T20:03:52.319+0100: 0,778: Total time for which application threads were stopped: 0,0002048 seconds, Stopping threads took: 0,0000267 seconds
2016-11-04T20:03:52.676+0100: 1,135: Total time for which application threads were stopped: 0,0002025 seconds, Stopping threads took: 0,0000257 seconds
2016-11-04T20:03:52.748+0100: 1,207: Total time for which application threads were stopped: 0,0002002 seconds, Stopping threads took: 0,0000173 seconds
2016-11-04T20:03:52.916+0100: 1,375: Total time for which application threads were stopped: 0,0002500 seconds, Stopping threads took: 0,0000227 seconds
2016-11-04T20:03:53.006+0100: 1,465: Total time for which application threads were stopped: 0,0002620 seconds, Stopping threads took: 0,0000757 seconds
2016-11-04T20:03:53.007+0100: 1,466: Total time for which application threads were stopped: 0,0001485 seconds, Stopping threads took: 0,0000090 seconds
2016-11-04T20:03:53.017+0100: 1,476: Total time for which application threads were stopped: 0,0002379 seconds, Stopping threads took: 0,0000322 seconds
2016-11-04T20:03:53.127+0100: 1,586: Total time for which application threads were stopped: 0,0002156 seconds, Stopping threads took: 0,0000228 seconds
2016-11-04T20:03:53.253+0100: 1,712: Total time for which application threads were stopped: 0,0004575 seconds, Stopping threads took: 0,0001340 seconds
{Heap before GC invocations=0 (full 0):
 par new generation   total 109248K, used 87424K [0x00000000e0000000, 0x00000000e8000000, 0x00000000e8000000)
  eden space 87424K, 100% used [0x00000000e0000000, 0x00000000e5560000, 0x00000000e5560000)
  from space 21824K,   0% used [0x00000000e5560000, 0x00000000e5560000, 0x00000000e6ab0000)
  to   space 21824K,   0% used [0x00000000e6ab0000, 0x00000000e6ab0000, 0x00000000e8000000)
 concurrent mark-sweep generation total 393216K, used 0K [0x00000000e8000000, 0x0000000100000000, 0x0000000100000000)
 Metaspace       used 17678K, capacity 18022K, committed 18304K, reserved 1064960K
  class space    used 2002K, capacity 2132K, committed 2176K, reserved 1048576K
2016-11-04T20:03:53.349+0100: 1,808: [GC (Allocation Failure) 2016-11-04T20:03:53.349+0100: 1,808: [ParNew
Desired survivor size 20112992 bytes, new threshold 8 (max 8)
- age   1:   11932472 bytes,   11932472 total
: 87424K->11760K(109248K), 0,0227244 secs] 87424K->11760K(502464K), 0,0227986 secs] [Times: user=0,05 sys=0,02, real=0,02 secs] 
Heap after GC invocations=1 (full 0):
 par new generation   total 109248K, used 11760K [0x00000000e0000000, 0x00000000e8000000, 0x00000000e8000000)
  eden space 87424K,   0% used [0x00000000e0000000, 0x00000000e0000000, 0x00000000e5560000)
  from space 21824K,  53% used [0x00000000e6ab0000, 0x00000000e762c1f0, 0x00000000e8000000)
  to   space 21824K,   0% used [0x00000000e5560000, 0x00000000e5560000, 0x00000000e6ab0000)
 concurrent mark-sweep generation total 393216K, used 0K [0x00000000e8000000, 0x0000000100000000, 0x0000000100000000)
 Metaspace       used 17678K, capacity 18022K, committed 18304K, reserved 1064960K
  class space    used 2002K, capacity 2132K, committed 2176K, reserved 1048576K
}
2016-11-04T20:03:53.372+0100: 1,831: Total time for which application threads were stopped: 0,0230018 seconds, Stopping threads took: 0,0000379 seconds
2016-11-04T20:03:53.687+0100: 2,146: Total time for which application threads were stopped: 0,0004340 seconds, Stopping threads took: 0,0000271 seconds
2016-11-04T20:03:53.721+0100: 2,180: Total time for which application threads were stopped: 0,0004627 seconds, Stopping threads took: 0,0001779 seconds
2016-11-04T20:03:53.750+0100: 2,209: Total time for which application threads were stopped: 0,0002918 seconds, Stopping threads took: 0,0000284 seconds
{Heap before GC invocations=1 (full 0):
 par new generation   total 109248K, used 99184K [0x00000000e0000000, 0x00000000e8000000, 0x00000000e8000000)
  eden space 87424K, 100% used [0x00000000e0000000, 0x00000000e5560000, 0x00000000e5560000)
  from space 21824K,  53% used [0x00000000e6ab0000, 0x00000000e762c1f0, 0x00000000e8000000)
  to   space 21824K,   0% used [0x00000000e5560000, 0x00000000e5560000, 0x00000000e6ab0000)
 concurrent mark-sweep generation total 393216K, used 0K [0x00000000e8000000, 0x0000000100000000, 0x0000000100000000)
 Metaspace       used 20409K, capacity 20742K, committed 20992K, reserved 1067008K
  class space    used 2354K, capacity 2492K, committed 2560K, reserved 1048576K
2016-11-04T20:03:53.830+0100: 2,289: [GC (Allocation Failure) 2016-11-04T20:03:53.830+0100: 2,289: [ParNew
Desired survivor size 20112992 bytes, new threshold 8 (max 8)
- age   1:    4280224 bytes,    4280224 total
- age   2:    6224128 bytes,   10504352 total
: 99184K->14856K(109248K), 0,0145131 secs] 99184K->14856K(502464K), 0,0145828 secs] [Times: user=0,05 sys=0,00, real=0,02 secs] 
Heap after GC invocations=2 (full 0):
 par new generation   total 109248K, used 14856K [0x00000000e0000000, 0x00000000e8000000, 0x00000000e8000000)
  eden space 87424K,   0% used [0x00000000e0000000, 0x00000000e0000000, 0x00000000e5560000)
  from space 21824K,  68% used [0x00000000e5560000, 0x00000000e63e2200, 0x00000000e6ab0000)
  to   space 21824K,   0% used [0x00000000e6ab0000, 0x00000000e6ab0000, 0x00000000e8000000)
 concurrent mark-sweep generation total 393216K, used 0K [0x00000000e8000000, 0x0000000100000000, 0x0000000100000000)
 Metaspace       used 20409K, capacity 20742K, committed 20992K, reserved 1067008K
  class space    used 2354K, capacity 2492K, committed 2560K, reserved 1048576K
}
2016-11-04T20:03:53.844+0100: 2,303: Total time for which application threads were stopped: 0,0148388 seconds, Stopping threads took: 0,0000884 seconds
{Heap before GC invocations=2 (full 0):
 par new generation   total 109248K, used 102280K [0x00000000e0000000, 0x00000000e8000000, 0x00000000e8000000)
  eden space 87424K, 100% used [0x00000000e0000000, 0x00000000e5560000, 0x00000000e5560000)
  from space 21824K,  68% used [0x00000000e5560000, 0x00000000e63e2200, 0x00000000e6ab0000)
  to   space 21824K,   0% used [0x00000000e6ab0000, 0x00000000e6ab0000, 0x00000000e8000000)
 concurrent mark-sweep generation total 393216K, used 0K [0x00000000e8000000, 0x0000000100000000, 0x0000000100000000)
 Metaspace       used 20880K, capacity 21244K, committed 21296K, reserved 1069056K
  class space    used 2412K, capacity 2539K, committed 2560K, reserved 1048576K
2016-11-04T20:03:53.973+0100: 2,432: [GC (Allocation Failure) 2016-11-04T20:03:53.973+0100: 2,433: [ParNew
Desired survivor size 20112992 bytes, new threshold 8 (max 8)
- age   1:     821680 bytes,     821680 total
- age   2:    1626784 bytes,    2448464 total
- age   3:    6222680 bytes,    8671144 total
: 102280K->12833K(109248K), 0,0119919 secs] 102280K->12833K(502464K), 0,0120577 secs] [Times: user=0,04 sys=0,00, real=0,02 secs] 
Heap after GC invocations=3 (full 0):
 par new generation   total 109248K, used 12833K [0x00000000e0000000, 0x00000000e8000000, 0x00000000e8000000)
  eden space 87424K,   0% used [0x00000000e0000000, 0x00000000e0000000, 0x00000000e5560000)
  from space 21824K,  58% used [0x00000000e6ab0000, 0x00000000e7738698, 0x00000000e8000000)
  to   space 21824K,   0% used [0x00000000e5560000, 0x00000000e5560000, 0x00000000e6ab0000)
 concurrent mark-sweep generation total 393216K, used 0K [0x00000000e8000000, 0x0000000100000000, 0x0000000100000000)
 Metaspace       used 20880K, capacity 21244K, committed 21296K, reserved 1069056K
  class space    used 2412K, capacity 2539K, committed 2560K, reserved 1048576K
}
2016-11-04T20:03:53.986+0100: 2,445: Total time for which application threads were stopped: 0,0122744 seconds, Stopping threads took: 0,0000790 seconds
2016-11-04T20:03:54.021+0100: 2,480: Total time for which application threads were stopped: 0,0001326 seconds, Stopping threads took: 0,0000521 seconds
2016-11-04T20:03:54.073+0100: 2,532: Total time for which application threads were stopped: 0,0001353 seconds, Stopping threads took: 0,0000351 seconds
2016-11-04T20:03:54.080+0100: 2,539: Total time for which application threads were stopped: 0,0002783 seconds, Stopping threads took: 0,0000169 seconds
2016-11-04T20:03:54.095+0100: 2,554: Total time for which application threads were stopped: 0,0001243 seconds, Stopping threads took: 0,0000167 seconds
2016-11-04T20:03:54.119+0100: 2,578: Total time for which application threads were stopped: 0,0004906 seconds, Stopping threads took: 0,0004135 seconds
2016-11-04T20:03:54.186+0100: 2,645: Total time for which application threads were stopped: 0,0001603 seconds, Stopping threads took: 0,0000588 seconds
2016-11-04T20:03:54.207+0100: 2,666: Total time for which application threads were stopped: 0,0003659 seconds, Stopping threads took: 0,0000371 seconds
2016-11-04T20:03:54.212+0100: 2,671: Total time for which application threads were stopped: 0,0001289 seconds, Stopping threads took: 0,0000567 seconds
2016-11-04T20:03:54.221+0100: 2,680: Total time for which application threads were stopped: 0,0003418 seconds, Stopping threads took: 0,0000213 seconds
{Heap before GC invocations=3 (full 0):
 par new generation   total 109248K, used 100257K [0x00000000e0000000, 0x00000000e8000000, 0x00000000e8000000)
  eden space 87424K, 100% used [0x00000000e0000000, 0x00000000e5560000, 0x00000000e5560000)
  from space 21824K,  58% used [0x00000000e6ab0000, 0x00000000e7738698, 0x00000000e8000000)
  to   space 21824K,   0% used [0x00000000e5560000, 0x00000000e5560000, 0x00000000e6ab0000)
 concurrent mark-sweep generation total 393216K, used 0K [0x00000000e8000000, 0x0000000100000000, 0x0000000100000000)
 Metaspace       used 22671K, capacity 23020K, committed 23212K, reserved 1069056K
  class space    used 2623K, capacity 2749K, committed 2788K, reserved 1048576K
2016-11-04T20:03:54.231+0100: 2,690: [GC (Allocation Failure) 2016-11-04T20:03:54.231+0100: 2,690: [ParNew
Desired survivor size 20112992 bytes, new threshold 8 (max 8)
- age   1:    2386392 bytes,    2386392 total
- age   2:     184912 bytes,    2571304 total
- age   3:     817552 bytes,    3388856 total
- age   4:    6218904 bytes,    9607760 total
: 100257K->10628K(109248K), 0,0091395 secs] 100257K->10628K(502464K), 0,0091995 secs] [Times: user=0,03 sys=0,00, real=0,01 secs] 
Heap after GC invocations=4 (full 0):
 par new generation   total 109248K, used 10628K [0x00000000e0000000, 0x00000000e8000000, 0x00000000e8000000)
  eden space 87424K,   0% used [0x00000000e0000000, 0x00000000e0000000, 0x00000000e5560000)
  from space 21824K,  48% used [0x00000000e5560000, 0x00000000e5fc12e0, 0x00000000e6ab0000)
  to   space 21824K,   0% used [0x00000000e6ab0000, 0x00000000e6ab0000, 0x00000000e8000000)
 concurrent mark-sweep generation total 393216K, used 0K [0x00000000e8000000, 0x0000000100000000, 0x0000000100000000)
 Metaspace       used 22671K, capacity 23020K, committed 23212K, reserved 1069056K
  class space    used 2623K, capacity 2749K, committed 2788K, reserved 1048576K
}
2016-11-04T20:03:54.240+0100: 2,699: Total time for which application threads were stopped: 0,0093391 seconds, Stopping threads took: 0,0000240 seconds
2016-11-04T20:03:54.240+0100: 2,699: [GC (CMS Initial Mark) [1 CMS-initial-mark: 0K(393216K)] 10628K(502464K), 0,0027825 secs] [Times: user=0,00 sys=0,00, real=0,00 secs] 
2016-11-04T20:03:54.243+0100: 2,702: Total time for which application threads were stopped: 0,0028827 seconds, Stopping threads took: 0,0000260 seconds
2016-11-04T20:03:54.243+0100: 2,702: [CMS-concurrent-mark-start]
2016-11-04T20:03:54.243+0100: 2,703: [CMS-concurrent-mark: 0,000/0,000 secs] [Times: user=0,00 sys=0,00, real=0,00 secs] 
2016-11-04T20:03:54.243+0100: 2,703: [CMS-concurrent-preclean-start]
2016-11-04T20:03:54.244+0100: 2,703: [CMS-concurrent-preclean: 0,001/0,001 secs] [Times: user=0,01 sys=0,00, real=0,00 secs] 
2016-11-04T20:03:54.244+0100: 2,704: [GC (CMS Final Remark) [YG occupancy: 11506 K (109248 K)]{Heap before GC invocations=4 (full 1):
 par new generation   total 109248K, used 11506K [0x00000000e0000000, 0x00000000e8000000, 0x00000000e8000000)
  eden space 87424K,   1% used [0x00000000e0000000, 0x00000000e00db588, 0x00000000e5560000)
  from space 21824K,  48% used [0x00000000e5560000, 0x00000000e5fc12e0, 0x00000000e6ab0000)
  to   space 21824K,   0% used [0x00000000e6ab0000, 0x00000000e6ab0000, 0x00000000e8000000)
 concurrent mark-sweep generation total 393216K, used 0K [0x00000000e8000000, 0x0000000100000000, 0x0000000100000000)
 Metaspace       used 22673K, capacity 23022K, committed 23212K, reserved 1069056K
  class space    used 2624K, capacity 2750K, committed 2788K, reserved 1048576K
2016-11-04T20:03:54.245+0100: 2,704: [GC (CMS Final Remark) 2016-11-04T20:03:54.245+0100: 2,704: [ParNew
Desired survivor size 20112992 bytes, new threshold 8 (max 8)
- age   1:       2872 bytes,       2872 total
- age   2:    1124272 bytes,    1127144 total
- age   3:     184944 bytes,    1312088 total
- age   4:     817552 bytes,    2129640 total
- age   5:    6217720 bytes,    8347360 total
: 11506K->13864K(109248K), 0,0105265 secs] 11506K->13864K(502464K), 0,0105620 secs] [Times: user=0,04 sys=0,00, real=0,01 secs] 
Heap after GC invocations=5 (full 1):
 par new generation   total 109248K, used 13864K [0x00000000e0000000, 0x00000000e8000000, 0x00000000e8000000)
  eden space 87424K,   0% used [0x00000000e0000000, 0x00000000e0000000, 0x00000000e5560000)
  from space 21824K,  63% used [0x00000000e6ab0000, 0x00000000e783a260, 0x00000000e8000000)
  to   space 21824K,   0% used [0x00000000e5560000, 0x00000000e5560000, 0x00000000e6ab0000)
 concurrent mark-sweep generation total 393216K, used 0K [0x00000000e8000000, 0x0000000100000000, 0x0000000100000000)
 Metaspace       used 22673K, capacity 23022K, committed 23212K, reserved 1069056K
  class space    used 2624K, capacity 2750K, committed 2788K, reserved 1048576K
}
2016-11-04T20:03:54.255+0100: 2,714: [Rescan (parallel) , 0,0028419 secs]2016-11-04T20:03:54.258+0100: 2,717: [weak refs processing, 0,0006196 secs]2016-11-04T20:03:54.259+0100: 2,718: [class unloading, 0,0029990 secs]2016-11-04T20:03:54.262+0100: 2,721: [scrub symbol table, 0,0031688 secs]2016-11-04T20:03:54.265+0100: 2,724: [scrub string table, 0,0003622 secs][1 CMS-remark: 0K(393216K)] 13864K(502464K), 0,0212464 secs] [Times: user=0,06 sys=0,00, real=0,02 secs] 
2016-11-04T20:03:54.266+0100: 2,725: Total time for which application threads were stopped: 0,0213545 seconds, Stopping threads took: 0,0000360 seconds
2016-11-04T20:03:54.266+0100: 2,725: [CMS-concurrent-sweep-start]
2016-11-04T20:03:54.266+0100: 2,725: [CMS-concurrent-sweep: 0,000/0,000 secs] [Times: user=0,00 sys=0,00, real=0,00 secs] 
2016-11-04T20:03:54.266+0100: 2,725: [CMS-concurrent-reset-start]
2016-11-04T20:03:54.268+0100: 2,727: [CMS-concurrent-reset: 0,002/0,002 secs] [Times: user=0,00 sys=0,01, real=0,00 secs] 
2016-11-04T20:03:54.286+0100: 2,745: Total time for which application threads were stopped: 0,0003628 seconds, Stopping threads took: 0,0000242 seconds
2016-11-04T20:03:54.600+0100: 3,059: Total time for which application threads were stopped: 0,0004153 seconds, Stopping threads took: 0,0000239 seconds
2016-11-04T20:03:55.600+0100: 4,059: Total time for which application threads were stopped: 0,0000971 seconds, Stopping threads took: 0,0000191 seconds
2016-11-04T20:03:55.603+0100: 4,062: Total time for which application threads were stopped: 0,0002633 seconds, Stopping threads took: 0,0000156 seconds
2016-11-04T20:04:23.612+0100: 32,071: Total time for which application threads were stopped: 0,0000676 seconds, Stopping threads took: 0,0000186 seconds
2016-11-04T20:06:28.643+0100: 157,102: Total time for which application threads were stopped: 0,0001611 seconds, Stopping threads took: 0,0000633 seconds
2016-11-04T20:06:52.647+0100: 181,106: Total time for which application threads were stopped: 0,0001277 seconds, Stopping threads took: 0,0000315 seconds
2016-11-04T20:07:33.654+0100: 222,113: Total time for which application threads were stopped: 0,0001589 seconds, Stopping threads took: 0,0000622 seconds
2016-11-04T20:08:22.663+0100: 271,122: Total time for which application threads were stopped: 0,0001657 seconds, Stopping threads took: 0,0000643 seconds
2016-11-04T20:08:38.665+0100: 287,125: Total time for which application threads were stopped: 0,0001648 seconds, Stopping threads took: 0,0000638 seconds
2016-11-04T20:27:27.854+0100: 1416,313: Total time for which application threads were stopped: 0,0000852 seconds, Stopping threads took: 0,0000321 seconds
2016-11-04T20:29:42.877+0100: 1551,336: Total time for which application threads were stopped: 0,0001604 seconds, Stopping threads took: 0,0000620 seconds
2016-11-04T20:42:29.005+0100: 2317,464: Total time for which application threads were stopped: 0,0001559 seconds, Stopping threads took: 0,0000569 seconds
2016-11-04T20:42:33.006+0100: 2321,465: Total time for which application threads were stopped: 0,0001248 seconds, Stopping threads took: 0,0000288 seconds
2016-11-04T20:50:23.084+0100: 2791,544: Total time for which application threads were stopped: 0,0001544 seconds, Stopping threads took: 0,0000558 seconds
2016-11-04T20:52:28.106+0100: 2916,565: Total time for which application threads were stopped: 0,0001576 seconds, Stopping threads took: 0,0000564 seconds
2016-11-04T20:54:53.130+0100: 3061,589: Total time for which application threads were stopped: 0,0001554 seconds, Stopping threads took: 0,0000559 seconds
2016-11-04T20:57:04.152+0100: 3192,611: Total time for which application threads were stopped: 0,0000845 seconds, Stopping threads took: 0,0000318 seconds
2016-11-04T20:57:09.153+0100: 3197,613: Total time for which application threads were stopped: 0,0001507 seconds, Stopping threads took: 0,0000506 seconds
2016-11-04T20:59:53.182+0100: 3361,641: Total time for which application threads were stopped: 0,0001597 seconds, Stopping threads took: 0,0000564 seconds
2016-11-04T21:06:18.247+0100: 3746,706: Total time for which application threads were stopped: 0,0001684 seconds, Stopping threads took: 0,0000634 seconds
2016-11-04T21:06:23.248+0100: 3751,707: Total time for which application threads were stopped: 0,0001269 seconds, Stopping threads took: 0,0000290 seconds
2016-11-04T21:07:13.256+0100: 3801,715: Total time for which application threads were stopped: 0,0001557 seconds, Stopping threads took: 0,0000526 seconds
2016-11-04T21:07:18.257+0100: 3806,716: Total time for which application threads were stopped: 0,0001263 seconds, Stopping threads took: 0,0000293 seconds
2016-11-04T21:10:53.293+0100: 4021,753: Total time for which application threads were stopped: 0,0000860 seconds, Stopping threads took: 0,0000349 seconds
2016-11-04T21:40:13.587+0100: 5782,046: Total time for which application threads were stopped: 0,0001499 seconds, Stopping threads took: 0,0000561 seconds
2016-11-04T21:40:28.589+0100: 5797,048: Total time for which application threads were stopped: 0,0001235 seconds, Stopping threads took: 0,0000289 seconds
2016-11-04T21:48:53.674+0100: 6302,133: Total time for which application threads were stopped: 0,0001659 seconds, Stopping threads took: 0,0000627 seconds
2016-11-04T22:07:52.864+0100: 7441,323: Total time for which application threads were stopped: 0,0001605 seconds, Stopping threads took: 0,0000642 seconds
2016-11-04T22:08:52.875+0100: 7501,334: Total time for which application threads were stopped: 0,0000803 seconds, Stopping threads took: 0,0000312 seconds
2016-11-04T22:11:52.905+0100: 7681,364: Total time for which application threads were stopped: 0,0001524 seconds, Stopping threads took: 0,0000571 seconds
2016-11-04T23:16:23.555+0100: 11552,014: Total time for which application threads were stopped: 0,0000898 seconds, Stopping threads took: 0,0000365 seconds
2016-11-05T00:19:53.089+0100: 15361,548: Total time for which application threads were stopped: 0,0000811 seconds, Stopping threads took: 0,0000298 seconds
2016-11-05T00:20:53.095+0100: 15421,554: Total time for which application threads were stopped: 0,0000845 seconds, Stopping threads took: 0,0000328 seconds
2016-11-05T00:35:37.860+0100: 16306,319: Total time for which application threads were stopped: 0,0001350 seconds, Stopping threads took: 0,0000237 seconds
Heap
 par new generation   total 109248K, used 91421K [0x00000000e0000000, 0x00000000e8000000, 0x00000000e8000000)
  eden space 87424K,  88% used [0x00000000e0000000, 0x00000000e4bbd378, 0x00000000e5560000)
  from space 21824K,  63% used [0x00000000e6ab0000, 0x00000000e783a260, 0x00000000e8000000)
  to   space 21824K,   0% used [0x00000000e5560000, 0x00000000e5560000, 0x00000000e6ab0000)
 concurrent mark-sweep generation total 393216K, used 0K [0x00000000e8000000, 0x0000000100000000, 0x0000000100000000)
 Metaspace       used 27324K, capacity 27730K, committed 27948K, reserved 1073152K
  class space    used 3168K, capacity 3310K, committed 3428K, reserved 1048576K
