OpenJDK 64-Bit Server VM (25.131-b11) for linux-amd64 JRE (1.8.0_131-8u131-b11-0ubuntu1.16.04.2-b11), built on May  6 2017 02:45:27 by "buildd" with gcc 5.4.0 20160609
Memory: 4k page, physical 7867740k(7482444k free), swap 8076284k(8076284k free)
CommandLine flags: -XX:CMSInitiatingOccupancyFraction=50 -XX:CMSMaxAbortablePrecleanTime=6000 -XX:+CMSParallelRemarkEnabled -XX:+CMSScavengeBeforeRemark -XX:ConcGCThreads=4 -XX:InitialHeapSize=536870912 -XX:MaxHeapSize=536870912 -XX:MaxTenuringThreshold=8 -XX:NewRatio=3 -XX:OldPLABSize=16 -XX:OnOutOfMemoryError=/opt/solr/bin/oom_solr.sh 8983 /var/solr/logs -XX:ParallelGCThreads=4 -XX:+ParallelRefProcEnabled -XX:PretenureSizeThreshold=67108864 -XX:+PrintGC -XX:+PrintGCApplicationStoppedTime -XX:+PrintGCDateStamps -XX:+PrintGCDetails -XX:+PrintGCTimeStamps -XX:+PrintHeapAtGC -XX:+PrintTenuringDistribution -XX:SurvivorRatio=4 -XX:TargetSurvivorRatio=90 -XX:ThreadStackSize=256 -XX:+UseCMSInitiatingOccupancyOnly -XX:+UseCompressedClassPointers -XX:+UseCompressedOops -XX:+UseConcMarkSweepGC -XX:+UseParNewGC 
2017-07-01T23:39:40.994+0200: 0,176: Total time for which application threads were stopped: 0,0000754 seconds, Stopping threads took: 0,0000123 seconds
2017-07-01T23:39:41.095+0200: 0,277: Total time for which application threads were stopped: 0,0001160 seconds, Stopping threads took: 0,0000159 seconds
2017-07-01T23:39:41.112+0200: 0,294: Total time for which application threads were stopped: 0,0000844 seconds, Stopping threads took: 0,0000195 seconds
2017-07-01T23:39:41.771+0200: 0,954: Total time for which application threads were stopped: 0,0001949 seconds, Stopping threads took: 0,0000136 seconds
2017-07-01T23:39:41.889+0200: 1,071: Total time for which application threads were stopped: 0,0001891 seconds, Stopping threads took: 0,0000240 seconds
2017-07-01T23:39:41.938+0200: 1,120: Total time for which application threads were stopped: 0,0001828 seconds, Stopping threads took: 0,0000262 seconds
2017-07-01T23:39:42.330+0200: 1,513: Total time for which application threads were stopped: 0,0002813 seconds, Stopping threads took: 0,0000405 seconds
2017-07-01T23:39:42.712+0200: 1,894: Total time for which application threads were stopped: 0,0002018 seconds, Stopping threads took: 0,0000132 seconds
2017-07-01T23:39:42.739+0200: 1,921: Total time for which application threads were stopped: 0,0001951 seconds, Stopping threads took: 0,0000160 seconds
2017-07-01T23:39:42.790+0200: 1,972: Total time for which application threads were stopped: 0,0002667 seconds, Stopping threads took: 0,0000206 seconds
2017-07-01T23:39:42.793+0200: 1,975: Total time for which application threads were stopped: 0,0002339 seconds, Stopping threads took: 0,0000259 seconds
2017-07-01T23:39:42.835+0200: 2,017: Total time for which application threads were stopped: 0,0028934 seconds, Stopping threads took: 0,0001575 seconds
2017-07-01T23:39:43.229+0200: 2,411: Total time for which application threads were stopped: 0,0003933 seconds, Stopping threads took: 0,0000293 seconds
2017-07-01T23:39:43.699+0200: 2,881: Total time for which application threads were stopped: 0,0003821 seconds, Stopping threads took: 0,0001323 seconds
{Heap before GC invocations=0 (full 0):
 par new generation   total 109248K, used 87424K [0x00000000e0000000, 0x00000000e8000000, 0x00000000e8000000)
  eden space 87424K, 100% used [0x00000000e0000000, 0x00000000e5560000, 0x00000000e5560000)
  from space 21824K,   0% used [0x00000000e5560000, 0x00000000e5560000, 0x00000000e6ab0000)
  to   space 21824K,   0% used [0x00000000e6ab0000, 0x00000000e6ab0000, 0x00000000e8000000)
 concurrent mark-sweep generation total 393216K, used 0K [0x00000000e8000000, 0x0000000100000000, 0x0000000100000000)
 Metaspace       used 18009K, capacity 18336K, committed 18688K, reserved 1064960K
  class space    used 2036K, capacity 2196K, committed 2304K, reserved 1048576K
2017-07-01T23:39:43.779+0200: 2,961: [GC (Allocation Failure) 2017-07-01T23:39:43.779+0200: 2,961: [ParNew
Desired survivor size 20112992 bytes, new threshold 8 (max 8)
- age   1:   12522640 bytes,   12522640 total
: 87424K->12343K(109248K), 0,0173657 secs] 87424K->12343K(502464K), 0,0174523 secs] [Times: user=0,04 sys=0,02, real=0,01 secs] 
Heap after GC invocations=1 (full 0):
 par new generation   total 109248K, used 12343K [0x00000000e0000000, 0x00000000e8000000, 0x00000000e8000000)
  eden space 87424K,   0% used [0x00000000e0000000, 0x00000000e0000000, 0x00000000e5560000)
  from space 21824K,  56% used [0x00000000e6ab0000, 0x00000000e76bddc0, 0x00000000e8000000)
  to   space 21824K,   0% used [0x00000000e5560000, 0x00000000e5560000, 0x00000000e6ab0000)
 concurrent mark-sweep generation total 393216K, used 0K [0x00000000e8000000, 0x0000000100000000, 0x0000000100000000)
 Metaspace       used 18009K, capacity 18336K, committed 18688K, reserved 1064960K
  class space    used 2036K, capacity 2196K, committed 2304K, reserved 1048576K
}
2017-07-01T23:39:43.796+0200: 2,978: Total time for which application threads were stopped: 0,0177122 seconds, Stopping threads took: 0,0000901 seconds
2017-07-01T23:39:44.181+0200: 3,363: Total time for which application threads were stopped: 0,0002968 seconds, Stopping threads took: 0,0000443 seconds
2017-07-01T23:39:44.210+0200: 3,392: Total time for which application threads were stopped: 0,0004260 seconds, Stopping threads took: 0,0001527 seconds
{Heap before GC invocations=1 (full 0):
 par new generation   total 109248K, used 99767K [0x00000000e0000000, 0x00000000e8000000, 0x00000000e8000000)
  eden space 87424K, 100% used [0x00000000e0000000, 0x00000000e5560000, 0x00000000e5560000)
  from space 21824K,  56% used [0x00000000e6ab0000, 0x00000000e76bddc0, 0x00000000e8000000)
  to   space 21824K,   0% used [0x00000000e5560000, 0x00000000e5560000, 0x00000000e6ab0000)
 concurrent mark-sweep generation total 393216K, used 0K [0x00000000e8000000, 0x0000000100000000, 0x0000000100000000)
 Metaspace       used 20032K, capacity 20372K, committed 20736K, reserved 1067008K
  class space    used 2298K, capacity 2472K, committed 2560K, reserved 1048576K
2017-07-01T23:39:44.211+0200: 3,393: [GC (Allocation Failure) 2017-07-01T23:39:44.211+0200: 3,393: [ParNew
Desired survivor size 20112992 bytes, new threshold 8 (max 8)
- age   1:    3714968 bytes,    3714968 total
- age   2:    6642160 bytes,   10357128 total
: 99767K->13588K(109248K), 0,0132097 secs] 99767K->13588K(502464K), 0,0132798 secs] [Times: user=0,03 sys=0,00, real=0,01 secs] 
Heap after GC invocations=2 (full 0):
 par new generation   total 109248K, used 13588K [0x00000000e0000000, 0x00000000e8000000, 0x00000000e8000000)
  eden space 87424K,   0% used [0x00000000e0000000, 0x00000000e0000000, 0x00000000e5560000)
  from space 21824K,  62% used [0x00000000e5560000, 0x00000000e62a5300, 0x00000000e6ab0000)
  to   space 21824K,   0% used [0x00000000e6ab0000, 0x00000000e6ab0000, 0x00000000e8000000)
 concurrent mark-sweep generation total 393216K, used 0K [0x00000000e8000000, 0x0000000100000000, 0x0000000100000000)
 Metaspace       used 20032K, capacity 20372K, committed 20736K, reserved 1067008K
  class space    used 2298K, capacity 2472K, committed 2560K, reserved 1048576K
}
2017-07-01T23:39:44.224+0200: 3,407: Total time for which application threads were stopped: 0,0134989 seconds, Stopping threads took: 0,0000897 seconds
2017-07-01T23:39:44.278+0200: 3,460: Total time for which application threads were stopped: 0,0004953 seconds, Stopping threads took: 0,0000595 seconds
2017-07-01T23:39:44.414+0200: 3,596: Total time for which application threads were stopped: 0,0007676 seconds, Stopping threads took: 0,0006481 seconds
{Heap before GC invocations=2 (full 0):
 par new generation   total 109248K, used 101012K [0x00000000e0000000, 0x00000000e8000000, 0x00000000e8000000)
  eden space 87424K, 100% used [0x00000000e0000000, 0x00000000e5560000, 0x00000000e5560000)
  from space 21824K,  62% used [0x00000000e5560000, 0x00000000e62a5300, 0x00000000e6ab0000)
  to   space 21824K,   0% used [0x00000000e6ab0000, 0x00000000e6ab0000, 0x00000000e8000000)
 concurrent mark-sweep generation total 393216K, used 0K [0x00000000e8000000, 0x0000000100000000, 0x0000000100000000)
 Metaspace       used 20961K, capacity 21294K, committed 21628K, reserved 1069056K
  class space    used 2418K, capacity 2591K, committed 2684K, reserved 1048576K
2017-07-01T23:39:44.445+0200: 3,628: [GC (Allocation Failure) 2017-07-01T23:39:44.445+0200: 3,628: [ParNew
Desired survivor size 20112992 bytes, new threshold 8 (max 8)
- age   1:    2189000 bytes,    2189000 total
- age   2:     868360 bytes,    3057360 total
- age   3:    6641184 bytes,    9698544 total
: 101012K->11468K(109248K), 0,0134525 secs] 101012K->11468K(502464K), 0,0135587 secs] [Times: user=0,04 sys=0,00, real=0,02 secs] 
Heap after GC invocations=3 (full 0):
 par new generation   total 109248K, used 11468K [0x00000000e0000000, 0x00000000e8000000, 0x00000000e8000000)
  eden space 87424K,   0% used [0x00000000e0000000, 0x00000000e0000000, 0x00000000e5560000)
  from space 21824K,  52% used [0x00000000e6ab0000, 0x00000000e75e3000, 0x00000000e8000000)
  to   space 21824K,   0% used [0x00000000e5560000, 0x00000000e5560000, 0x00000000e6ab0000)
 concurrent mark-sweep generation total 393216K, used 0K [0x00000000e8000000, 0x0000000100000000, 0x0000000100000000)
 Metaspace       used 20961K, capacity 21294K, committed 21628K, reserved 1069056K
  class space    used 2418K, capacity 2591K, committed 2684K, reserved 1048576K
}
2017-07-01T23:39:44.459+0200: 3,641: Total time for which application threads were stopped: 0,0138664 seconds, Stopping threads took: 0,0001032 seconds
2017-07-01T23:39:44.468+0200: 3,650: [GC (CMS Initial Mark) [1 CMS-initial-mark: 0K(393216K)] 15403K(502464K), 0,0045667 secs] [Times: user=0,02 sys=0,00, real=0,00 secs] 
2017-07-01T23:39:44.473+0200: 3,655: Total time for which application threads were stopped: 0,0047353 seconds, Stopping threads took: 0,0000640 seconds
2017-07-01T23:39:44.473+0200: 3,655: [CMS-concurrent-mark-start]
2017-07-01T23:39:44.473+0200: 3,656: [CMS-concurrent-mark: 0,000/0,000 secs] [Times: user=0,00 sys=0,00, real=0,00 secs] 
2017-07-01T23:39:44.473+0200: 3,656: [CMS-concurrent-preclean-start]
2017-07-01T23:39:44.475+0200: 3,657: [CMS-concurrent-preclean: 0,001/0,001 secs] [Times: user=0,00 sys=0,00, real=0,00 secs] 
2017-07-01T23:39:44.475+0200: 3,657: [CMS-concurrent-abortable-preclean-start]
2017-07-01T23:39:44.544+0200: 3,727: Total time for which application threads were stopped: 0,0001853 seconds, Stopping threads took: 0,0000739 seconds
{Heap before GC invocations=3 (full 1):
 par new generation   total 109248K, used 98892K [0x00000000e0000000, 0x00000000e8000000, 0x00000000e8000000)
  eden space 87424K, 100% used [0x00000000e0000000, 0x00000000e5560000, 0x00000000e5560000)
  from space 21824K,  52% used [0x00000000e6ab0000, 0x00000000e75e3000, 0x00000000e8000000)
  to   space 21824K,   0% used [0x00000000e5560000, 0x00000000e5560000, 0x00000000e6ab0000)
 concurrent mark-sweep generation total 393216K, used 0K [0x00000000e8000000, 0x0000000100000000, 0x0000000100000000)
 Metaspace       used 21231K, capacity 21564K, committed 21884K, reserved 1069056K
  class space    used 2446K, capacity 2605K, committed 2684K, reserved 1048576K
2017-07-01T23:39:44.597+0200: 3,779: [GC (Allocation Failure) 2017-07-01T23:39:44.597+0200: 3,779: [ParNew
Desired survivor size 20112992 bytes, new threshold 8 (max 8)
- age   1:     978952 bytes,     978952 total
- age   2:    1458384 bytes,    2437336 total
- age   3:     834968 bytes,    3272304 total
- age   4:    6641160 bytes,    9913464 total
: 98892K->14939K(109248K), 0,0106762 secs] 98892K->14939K(502464K), 0,0107462 secs] [Times: user=0,03 sys=0,00, real=0,02 secs] 
Heap after GC invocations=4 (full 1):
 par new generation   total 109248K, used 14939K [0x00000000e0000000, 0x00000000e8000000, 0x00000000e8000000)
  eden space 87424K,   0% used [0x00000000e0000000, 0x00000000e0000000, 0x00000000e5560000)
  from space 21824K,  68% used [0x00000000e5560000, 0x00000000e63f6d40, 0x00000000e6ab0000)
  to   space 21824K,   0% used [0x00000000e6ab0000, 0x00000000e6ab0000, 0x00000000e8000000)
 concurrent mark-sweep generation total 393216K, used 0K [0x00000000e8000000, 0x0000000100000000, 0x0000000100000000)
 Metaspace       used 21231K, capacity 21564K, committed 21884K, reserved 1069056K
  class space    used 2446K, capacity 2605K, committed 2684K, reserved 1048576K
}
2017-07-01T23:39:44.608+0200: 3,790: Total time for which application threads were stopped: 0,0109709 seconds, Stopping threads took: 0,0000506 seconds
2017-07-01T23:39:44.608+0200: 3,790: [CMS-concurrent-abortable-preclean: 0,092/0,133 secs] [Times: user=0,49 sys=0,01, real=0,14 secs] 
2017-07-01T23:39:44.608+0200: 3,790: [GC (CMS Final Remark) [YG occupancy: 16281 K (109248 K)]{Heap before GC invocations=4 (full 1):
 par new generation   total 109248K, used 16281K [0x00000000e0000000, 0x00000000e8000000, 0x00000000e8000000)
  eden space 87424K,   1% used [0x00000000e0000000, 0x00000000e014f8b0, 0x00000000e5560000)
  from space 21824K,  68% used [0x00000000e5560000, 0x00000000e63f6d40, 0x00000000e6ab0000)
  to   space 21824K,   0% used [0x00000000e6ab0000, 0x00000000e6ab0000, 0x00000000e8000000)
 concurrent mark-sweep generation total 393216K, used 0K [0x00000000e8000000, 0x0000000100000000, 0x0000000100000000)
 Metaspace       used 21231K, capacity 21564K, committed 21884K, reserved 1069056K
  class space    used 2446K, capacity 2605K, committed 2684K, reserved 1048576K
2017-07-01T23:39:44.608+0200: 3,790: [GC (CMS Final Remark) 2017-07-01T23:39:44.608+0200: 3,790: [ParNew
Desired survivor size 20112992 bytes, new threshold 8 (max 8)
- age   1:     116128 bytes,     116128 total
- age   2:     818208 bytes,     934336 total
- age   3:    1458448 bytes,    2392784 total
- age   4:     834968 bytes,    3227752 total
- age   5:    6641424 bytes,    9869176 total
: 16281K->12524K(109248K), 0,0095031 secs] 16281K->12524K(502464K), 0,0095453 secs] [Times: user=0,04 sys=0,00, real=0,00 secs] 
Heap after GC invocations=5 (full 1):
 par new generation   total 109248K, used 12524K [0x00000000e0000000, 0x00000000e8000000, 0x00000000e8000000)
  eden space 87424K,   0% used [0x00000000e0000000, 0x00000000e0000000, 0x00000000e5560000)
  from space 21824K,  57% used [0x00000000e6ab0000, 0x00000000e76eb2d0, 0x00000000e8000000)
  to   space 21824K,   0% used [0x00000000e5560000, 0x00000000e5560000, 0x00000000e6ab0000)
 concurrent mark-sweep generation total 393216K, used 0K [0x00000000e8000000, 0x0000000100000000, 0x0000000100000000)
 Metaspace       used 21231K, capacity 21564K, committed 21884K, reserved 1069056K
  class space    used 2446K, capacity 2605K, committed 2684K, reserved 1048576K
}
2017-07-01T23:39:44.618+0200: 3,800: [Rescan (parallel) , 0,0033728 secs]2017-07-01T23:39:44.621+0200: 3,803: [weak refs processing, 0,0004259 secs]2017-07-01T23:39:44.621+0200: 3,804: [class unloading, 0,0029684 secs]2017-07-01T23:39:44.624+0200: 3,807: [scrub symbol table, 0,0026923 secs]2017-07-01T23:39:44.627+0200: 3,809: [scrub string table, 0,0003791 secs][1 CMS-remark: 0K(393216K)] 12524K(502464K), 0,0200420 secs] [Times: user=0,06 sys=0,00, real=0,02 secs] 
2017-07-01T23:39:44.628+0200: 3,810: Total time for which application threads were stopped: 0,0201645 seconds, Stopping threads took: 0,0000442 seconds
2017-07-01T23:39:44.628+0200: 3,810: [CMS-concurrent-sweep-start]
2017-07-01T23:39:44.628+0200: 3,810: [CMS-concurrent-sweep: 0,000/0,000 secs] [Times: user=0,00 sys=0,00, real=0,00 secs] 
2017-07-01T23:39:44.628+0200: 3,810: [CMS-concurrent-reset-start]
2017-07-01T23:39:44.630+0200: 3,813: [CMS-concurrent-reset: 0,002/0,002 secs] [Times: user=0,01 sys=0,00, real=0,00 secs] 
{Heap before GC invocations=5 (full 1):
 par new generation   total 109248K, used 99948K [0x00000000e0000000, 0x00000000e8000000, 0x00000000e8000000)
  eden space 87424K, 100% used [0x00000000e0000000, 0x00000000e5560000, 0x00000000e5560000)
  from space 21824K,  57% used [0x00000000e6ab0000, 0x00000000e76eb2d0, 0x00000000e8000000)
  to   space 21824K,   0% used [0x00000000e5560000, 0x00000000e5560000, 0x00000000e6ab0000)
 concurrent mark-sweep generation total 393216K, used 0K [0x00000000e8000000, 0x0000000100000000, 0x0000000100000000)
 Metaspace       used 21369K, capacity 21800K, committed 21884K, reserved 1069056K
  class space    used 2467K, capacity 2639K, committed 2684K, reserved 1048576K
2017-07-01T23:39:44.742+0200: 3,924: [GC (Allocation Failure) 2017-07-01T23:39:44.742+0200: 3,924: [ParNew
Desired survivor size 20112992 bytes, new threshold 8 (max 8)
- age   1:    1768016 bytes,    1768016 total
- age   2:         32 bytes,    1768048 total
- age   3:     184464 bytes,    1952512 total
- age   4:    1458160 bytes,    3410672 total
- age   5:     832920 bytes,    4243592 total
- age   6:    6641016 bytes,   10884608 total
: 99948K->13069K(109248K), 0,0190464 secs] 99948K->13069K(502464K), 0,0191330 secs] [Times: user=0,05 sys=0,00, real=0,02 secs] 
Heap after GC invocations=6 (full 1):
 par new generation   total 109248K, used 13069K [0x00000000e0000000, 0x00000000e8000000, 0x00000000e8000000)
  eden space 87424K,   0% used [0x00000000e0000000, 0x00000000e0000000, 0x00000000e5560000)
  from space 21824K,  59% used [0x00000000e5560000, 0x00000000e62236e0, 0x00000000e6ab0000)
  to   space 21824K,   0% used [0x00000000e6ab0000, 0x00000000e6ab0000, 0x00000000e8000000)
 concurrent mark-sweep generation total 393216K, used 0K [0x00000000e8000000, 0x0000000100000000, 0x0000000100000000)
 Metaspace       used 21369K, capacity 21800K, committed 21884K, reserved 1069056K
  class space    used 2467K, capacity 2639K, committed 2684K, reserved 1048576K
}
2017-07-01T23:39:44.761+0200: 3,943: Total time for which application threads were stopped: 0,0193972 seconds, Stopping threads took: 0,0000637 seconds
2017-07-01T23:39:44.801+0200: 3,983: Total time for which application threads were stopped: 0,0003289 seconds, Stopping threads took: 0,0000247 seconds
2017-07-01T23:39:44.885+0200: 4,068: Total time for which application threads were stopped: 0,0015543 seconds, Stopping threads took: 0,0012334 seconds
2017-07-01T23:39:44.961+0200: 4,144: Total time for which application threads were stopped: 0,0013089 seconds, Stopping threads took: 0,0012085 seconds
2017-07-01T23:39:44.962+0200: 4,144: Total time for which application threads were stopped: 0,0000803 seconds, Stopping threads took: 0,0000271 seconds
2017-07-01T23:39:45.025+0200: 4,208: Total time for which application threads were stopped: 0,0002081 seconds, Stopping threads took: 0,0000971 seconds
2017-07-01T23:39:45.060+0200: 4,242: Total time for which application threads were stopped: 0,0001470 seconds, Stopping threads took: 0,0000452 seconds
2017-07-01T23:39:45.061+0200: 4,243: Total time for which application threads were stopped: 0,0001087 seconds, Stopping threads took: 0,0000301 seconds
2017-07-01T23:39:45.061+0200: 4,243: Total time for which application threads were stopped: 0,0000883 seconds, Stopping threads took: 0,0000203 seconds
2017-07-01T23:39:45.061+0200: 4,243: Total time for which application threads were stopped: 0,0000650 seconds, Stopping threads took: 0,0000262 seconds
2017-07-01T23:39:45.061+0200: 4,243: Total time for which application threads were stopped: 0,0000886 seconds, Stopping threads took: 0,0000352 seconds
2017-07-01T23:39:45.061+0200: 4,243: Total time for which application threads were stopped: 0,0000695 seconds, Stopping threads took: 0,0000267 seconds
2017-07-01T23:39:45.061+0200: 4,244: Total time for which application threads were stopped: 0,0000865 seconds, Stopping threads took: 0,0000389 seconds
2017-07-01T23:39:45.062+0200: 4,244: Total time for which application threads were stopped: 0,0001163 seconds, Stopping threads took: 0,0000522 seconds
2017-07-01T23:39:45.062+0200: 4,244: Total time for which application threads were stopped: 0,0000497 seconds, Stopping threads took: 0,0000089 seconds
2017-07-01T23:39:45.062+0200: 4,244: Total time for which application threads were stopped: 0,0000440 seconds, Stopping threads took: 0,0000130 seconds
2017-07-01T23:39:45.062+0200: 4,244: Total time for which application threads were stopped: 0,0000416 seconds, Stopping threads took: 0,0000126 seconds
2017-07-01T23:39:45.062+0200: 4,244: Total time for which application threads were stopped: 0,0000507 seconds, Stopping threads took: 0,0000098 seconds
2017-07-01T23:39:45.062+0200: 4,245: Total time for which application threads were stopped: 0,0000408 seconds, Stopping threads took: 0,0000076 seconds
2017-07-01T23:39:45.062+0200: 4,245: Total time for which application threads were stopped: 0,0000372 seconds, Stopping threads took: 0,0000080 seconds
2017-07-01T23:39:45.063+0200: 4,245: Total time for which application threads were stopped: 0,0000450 seconds, Stopping threads took: 0,0000081 seconds
2017-07-01T23:39:45.063+0200: 4,245: Total time for which application threads were stopped: 0,0000486 seconds, Stopping threads took: 0,0000092 seconds
2017-07-01T23:39:45.063+0200: 4,245: Total time for which application threads were stopped: 0,0001259 seconds, Stopping threads took: 0,0000103 seconds
2017-07-01T23:39:45.064+0200: 4,246: Total time for which application threads were stopped: 0,0000851 seconds, Stopping threads took: 0,0000237 seconds
2017-07-01T23:39:45.070+0200: 4,252: Total time for which application threads were stopped: 0,0001403 seconds, Stopping threads took: 0,0000493 seconds
2017-07-01T23:39:45.072+0200: 4,255: Total time for which application threads were stopped: 0,0001157 seconds, Stopping threads took: 0,0000360 seconds
2017-07-01T23:39:45.076+0200: 4,258: Total time for which application threads were stopped: 0,0001134 seconds, Stopping threads took: 0,0000334 seconds
2017-07-01T23:39:45.078+0200: 4,260: Total time for which application threads were stopped: 0,0015214 seconds, Stopping threads took: 0,0014512 seconds
2017-07-01T23:39:45.078+0200: 4,261: Total time for which application threads were stopped: 0,0000851 seconds, Stopping threads took: 0,0000189 seconds
2017-07-01T23:39:45.079+0200: 4,261: Total time for which application threads were stopped: 0,0000623 seconds, Stopping threads took: 0,0000166 seconds
2017-07-01T23:39:45.080+0200: 4,263: Total time for which application threads were stopped: 0,0001110 seconds, Stopping threads took: 0,0000219 seconds
2017-07-01T23:39:45.081+0200: 4,263: Total time for which application threads were stopped: 0,0000840 seconds, Stopping threads took: 0,0000375 seconds
2017-07-01T23:39:45.081+0200: 4,263: Total time for which application threads were stopped: 0,0001763 seconds, Stopping threads took: 0,0001345 seconds
2017-07-01T23:39:45.081+0200: 4,263: Total time for which application threads were stopped: 0,0000465 seconds, Stopping threads took: 0,0000197 seconds
2017-07-01T23:39:45.081+0200: 4,263: Total time for which application threads were stopped: 0,0001041 seconds, Stopping threads took: 0,0000704 seconds
2017-07-01T23:39:45.081+0200: 4,263: Total time for which application threads were stopped: 0,0000431 seconds, Stopping threads took: 0,0000164 seconds
2017-07-01T23:39:45.082+0200: 4,264: Total time for which application threads were stopped: 0,0001159 seconds, Stopping threads took: 0,0000298 seconds
2017-07-01T23:39:45.082+0200: 4,264: Total time for which application threads were stopped: 0,0000612 seconds, Stopping threads took: 0,0000194 seconds
2017-07-01T23:39:45.083+0200: 4,266: Total time for which application threads were stopped: 0,0016044 seconds, Stopping threads took: 0,0015404 seconds
2017-07-01T23:39:45.084+0200: 4,266: Total time for which application threads were stopped: 0,0000688 seconds, Stopping threads took: 0,0000318 seconds
2017-07-01T23:39:45.084+0200: 4,266: Total time for which application threads were stopped: 0,0000585 seconds, Stopping threads took: 0,0000274 seconds
2017-07-01T23:39:45.084+0200: 4,267: Total time for which application threads were stopped: 0,0000827 seconds, Stopping threads took: 0,0000332 seconds
2017-07-01T23:39:45.084+0200: 4,267: Total time for which application threads were stopped: 0,0000565 seconds, Stopping threads took: 0,0000181 seconds
2017-07-01T23:39:45.085+0200: 4,267: Total time for which application threads were stopped: 0,0000873 seconds, Stopping threads took: 0,0000345 seconds
2017-07-01T23:39:45.085+0200: 4,267: Total time for which application threads were stopped: 0,0000506 seconds, Stopping threads took: 0,0000162 seconds
2017-07-01T23:39:45.086+0200: 4,268: Total time for which application threads were stopped: 0,0004032 seconds, Stopping threads took: 0,0000330 seconds
2017-07-01T23:39:45.086+0200: 4,268: Total time for which application threads were stopped: 0,0000839 seconds, Stopping threads took: 0,0000270 seconds
2017-07-01T23:39:45.086+0200: 4,268: Total time for which application threads were stopped: 0,0000500 seconds, Stopping threads took: 0,0000215 seconds
2017-07-01T23:39:45.086+0200: 4,269: Total time for which application threads were stopped: 0,0000444 seconds, Stopping threads took: 0,0000111 seconds
2017-07-01T23:39:45.086+0200: 4,269: Total time for which application threads were stopped: 0,0000901 seconds, Stopping threads took: 0,0000591 seconds
2017-07-01T23:39:45.087+0200: 4,269: Total time for which application threads were stopped: 0,0001050 seconds, Stopping threads took: 0,0000793 seconds
2017-07-01T23:39:45.087+0200: 4,269: Total time for which application threads were stopped: 0,0000364 seconds, Stopping threads took: 0,0000142 seconds
2017-07-01T23:39:45.087+0200: 4,269: Total time for which application threads were stopped: 0,0000390 seconds, Stopping threads took: 0,0000167 seconds
2017-07-01T23:39:45.087+0200: 4,269: Total time for which application threads were stopped: 0,0000372 seconds, Stopping threads took: 0,0000149 seconds
2017-07-01T23:39:45.087+0200: 4,269: Total time for which application threads were stopped: 0,0001412 seconds, Stopping threads took: 0,0000293 seconds
2017-07-01T23:39:45.090+0200: 4,272: Total time for which application threads were stopped: 0,0001422 seconds, Stopping threads took: 0,0000498 seconds
2017-07-01T23:39:45.090+0200: 4,272: Total time for which application threads were stopped: 0,0000580 seconds, Stopping threads took: 0,0000097 seconds
2017-07-01T23:39:45.090+0200: 4,272: Total time for which application threads were stopped: 0,0000598 seconds, Stopping threads took: 0,0000263 seconds
2017-07-01T23:39:45.094+0200: 4,276: Total time for which application threads were stopped: 0,0002102 seconds, Stopping threads took: 0,0001149 seconds
2017-07-01T23:39:45.094+0200: 4,277: Total time for which application threads were stopped: 0,0001653 seconds, Stopping threads took: 0,0001219 seconds
2017-07-01T23:39:45.099+0200: 4,281: Total time for which application threads were stopped: 0,0003929 seconds, Stopping threads took: 0,0000200 seconds
2017-07-01T23:39:45.108+0200: 4,290: Total time for which application threads were stopped: 0,0001539 seconds, Stopping threads took: 0,0000522 seconds
2017-07-01T23:39:45.112+0200: 4,294: Total time for which application threads were stopped: 0,0000977 seconds, Stopping threads took: 0,0000420 seconds
2017-07-01T23:39:45.112+0200: 4,294: Total time for which application threads were stopped: 0,0001062 seconds, Stopping threads took: 0,0000130 seconds
2017-07-01T23:39:45.113+0200: 4,295: Total time for which application threads were stopped: 0,0001040 seconds, Stopping threads took: 0,0000385 seconds
2017-07-01T23:39:45.114+0200: 4,296: Total time for which application threads were stopped: 0,0005570 seconds, Stopping threads took: 0,0005134 seconds
2017-07-01T23:39:45.116+0200: 4,298: Total time for which application threads were stopped: 0,0001215 seconds, Stopping threads took: 0,0000502 seconds
2017-07-01T23:39:45.116+0200: 4,298: Total time for which application threads were stopped: 0,0000603 seconds, Stopping threads took: 0,0000148 seconds
2017-07-01T23:39:45.116+0200: 4,298: Total time for which application threads were stopped: 0,0000538 seconds, Stopping threads took: 0,0000087 seconds
2017-07-01T23:39:45.116+0200: 4,298: Total time for which application threads were stopped: 0,0000592 seconds, Stopping threads took: 0,0000193 seconds
2017-07-01T23:39:45.116+0200: 4,298: Total time for which application threads were stopped: 0,0000569 seconds, Stopping threads took: 0,0000233 seconds
2017-07-01T23:39:45.117+0200: 4,299: Total time for which application threads were stopped: 0,0000907 seconds, Stopping threads took: 0,0000319 seconds
2017-07-01T23:39:45.118+0200: 4,300: Total time for which application threads were stopped: 0,0000743 seconds, Stopping threads took: 0,0000242 seconds
2017-07-01T23:39:45.118+0200: 4,300: Total time for which application threads were stopped: 0,0000750 seconds, Stopping threads took: 0,0000378 seconds
2017-07-01T23:39:45.118+0200: 4,300: Total time for which application threads were stopped: 0,0000962 seconds, Stopping threads took: 0,0000259 seconds
2017-07-01T23:39:45.119+0200: 4,301: Total time for which application threads were stopped: 0,0001408 seconds, Stopping threads took: 0,0000948 seconds
2017-07-01T23:39:45.119+0200: 4,301: Total time for which application threads were stopped: 0,0000708 seconds, Stopping threads took: 0,0000149 seconds
2017-07-01T23:39:45.119+0200: 4,301: Total time for which application threads were stopped: 0,0000682 seconds, Stopping threads took: 0,0000233 seconds
2017-07-01T23:39:45.119+0200: 4,302: Total time for which application threads were stopped: 0,0000816 seconds, Stopping threads took: 0,0000331 seconds
2017-07-01T23:39:45.120+0200: 4,302: Total time for which application threads were stopped: 0,0000897 seconds, Stopping threads took: 0,0000408 seconds
2017-07-01T23:39:45.135+0200: 4,317: Total time for which application threads were stopped: 0,0003761 seconds, Stopping threads took: 0,0000263 seconds
2017-07-01T23:39:45.136+0200: 4,318: Total time for which application threads were stopped: 0,0001107 seconds, Stopping threads took: 0,0000387 seconds
2017-07-01T23:39:45.137+0200: 4,319: Total time for which application threads were stopped: 0,0000755 seconds, Stopping threads took: 0,0000251 seconds
2017-07-01T23:39:45.137+0200: 4,319: Total time for which application threads were stopped: 0,0000654 seconds, Stopping threads took: 0,0000234 seconds
2017-07-01T23:39:45.138+0200: 4,320: Total time for which application threads were stopped: 0,0001326 seconds, Stopping threads took: 0,0000567 seconds
2017-07-01T23:39:45.138+0200: 4,320: Total time for which application threads were stopped: 0,0000676 seconds, Stopping threads took: 0,0000251 seconds
2017-07-01T23:39:45.143+0200: 4,325: Total time for which application threads were stopped: 0,0001286 seconds, Stopping threads took: 0,0000496 seconds
2017-07-01T23:39:45.145+0200: 4,327: Total time for which application threads were stopped: 0,0000949 seconds, Stopping threads took: 0,0000369 seconds
2017-07-01T23:39:45.147+0200: 4,330: Total time for which application threads were stopped: 0,0001236 seconds, Stopping threads took: 0,0000542 seconds
2017-07-01T23:39:45.186+0200: 4,368: Total time for which application threads were stopped: 0,0001864 seconds, Stopping threads took: 0,0000519 seconds
2017-07-01T23:39:45.186+0200: 4,368: Total time for which application threads were stopped: 0,0000918 seconds, Stopping threads took: 0,0000350 seconds
2017-07-01T23:39:45.206+0200: 4,388: Total time for which application threads were stopped: 0,0028745 seconds, Stopping threads took: 0,0026361 seconds
{Heap before GC invocations=6 (full 1):
 par new generation   total 109248K, used 100493K [0x00000000e0000000, 0x00000000e8000000, 0x00000000e8000000)
  eden space 87424K, 100% used [0x00000000e0000000, 0x00000000e5560000, 0x00000000e5560000)
  from space 21824K,  59% used [0x00000000e5560000, 0x00000000e62236e0, 0x00000000e6ab0000)
  to   space 21824K,   0% used [0x00000000e6ab0000, 0x00000000e6ab0000, 0x00000000e8000000)
 concurrent mark-sweep generation total 393216K, used 0K [0x00000000e8000000, 0x0000000100000000, 0x0000000100000000)
 Metaspace       used 23679K, capacity 24166K, committed 24316K, reserved 1071104K
  class space    used 2780K, capacity 2980K, committed 3068K, reserved 1048576K
2017-07-01T23:39:45.246+0200: 4,428: [GC (Allocation Failure) 2017-07-01T23:39:45.246+0200: 4,428: [ParNew
Desired survivor size 20112992 bytes, new threshold 8 (max 8)
- age   1:    5102056 bytes,    5102056 total
- age   2:     110184 bytes,    5212240 total
- age   3:         32 bytes,    5212272 total
- age   4:     183096 bytes,    5395368 total
- age   5:     288440 bytes,    5683808 total
- age   6:     808728 bytes,    6492536 total
- age   7:    6634880 bytes,   13127416 total
: 100493K->18320K(109248K), 0,0162707 secs] 100493K->18320K(502464K), 0,0163721 secs] [Times: user=0,05 sys=0,01, real=0,01 secs] 
Heap after GC invocations=7 (full 1):
 par new generation   total 109248K, used 18320K [0x00000000e0000000, 0x00000000e8000000, 0x00000000e8000000)
  eden space 87424K,   0% used [0x00000000e0000000, 0x00000000e0000000, 0x00000000e5560000)
  from space 21824K,  83% used [0x00000000e6ab0000, 0x00000000e7c941c0, 0x00000000e8000000)
  to   space 21824K,   0% used [0x00000000e5560000, 0x00000000e5560000, 0x00000000e6ab0000)
 concurrent mark-sweep generation total 393216K, used 0K [0x00000000e8000000, 0x0000000100000000, 0x0000000100000000)
 Metaspace       used 23679K, capacity 24166K, committed 24316K, reserved 1071104K
  class space    used 2780K, capacity 2980K, committed 3068K, reserved 1048576K
}
2017-07-01T23:39:45.262+0200: 4,444: Total time for which application threads were stopped: 0,0169334 seconds, Stopping threads took: 0,0003784 seconds
2017-07-01T23:39:45.271+0200: 4,453: Total time for which application threads were stopped: 0,0001843 seconds, Stopping threads took: 0,0001059 seconds
2017-07-01T23:39:45.271+0200: 4,453: Total time for which application threads were stopped: 0,0000939 seconds, Stopping threads took: 0,0000241 seconds
{Heap before GC invocations=7 (full 1):
 par new generation   total 109248K, used 105744K [0x00000000e0000000, 0x00000000e8000000, 0x00000000e8000000)
  eden space 87424K, 100% used [0x00000000e0000000, 0x00000000e5560000, 0x00000000e5560000)
  from space 21824K,  83% used [0x00000000e6ab0000, 0x00000000e7c941c0, 0x00000000e8000000)
  to   space 21824K,   0% used [0x00000000e5560000, 0x00000000e5560000, 0x00000000e6ab0000)
 concurrent mark-sweep generation total 393216K, used 0K [0x00000000e8000000, 0x0000000100000000, 0x0000000100000000)
 Metaspace       used 24248K, capacity 24684K, committed 24828K, reserved 1071104K
  class space    used 2847K, capacity 3045K, committed 3068K, reserved 1048576K
2017-07-01T23:39:45.374+0200: 4,556: [GC (Allocation Failure) 2017-07-01T23:39:45.374+0200: 4,556: [ParNew
Desired survivor size 20112992 bytes, new threshold 8 (max 8)
- age   1:    2454144 bytes,    2454144 total
- age   2:    1770040 bytes,    4224184 total
- age   3:      50496 bytes,    4274680 total
- age   5:     101480 bytes,    4376160 total
- age   6:     183024 bytes,    4559184 total
- age   7:     775232 bytes,    5334416 total
- age   8:    6098568 bytes,   11432984 total
: 105744K->15966K(109248K), 0,0152595 secs] 105744K->15966K(502464K), 0,0153344 secs] [Times: user=0,04 sys=0,00, real=0,02 secs] 
Heap after GC invocations=8 (full 1):
 par new generation   total 109248K, used 15966K [0x00000000e0000000, 0x00000000e8000000, 0x00000000e8000000)
  eden space 87424K,   0% used [0x00000000e0000000, 0x00000000e0000000, 0x00000000e5560000)
  from space 21824K,  73% used [0x00000000e5560000, 0x00000000e64f7b18, 0x00000000e6ab0000)
  to   space 21824K,   0% used [0x00000000e6ab0000, 0x00000000e6ab0000, 0x00000000e8000000)
 concurrent mark-sweep generation total 393216K, used 0K [0x00000000e8000000, 0x0000000100000000, 0x0000000100000000)
 Metaspace       used 24248K, capacity 24684K, committed 24828K, reserved 1071104K
  class space    used 2847K, capacity 3045K, committed 3068K, reserved 1048576K
}
2017-07-01T23:39:45.389+0200: 4,571: Total time for which application threads were stopped: 0,0160228 seconds, Stopping threads took: 0,0005102 seconds
2017-07-01T23:39:45.390+0200: 4,572: Total time for which application threads were stopped: 0,0001148 seconds, Stopping threads took: 0,0000355 seconds
2017-07-01T23:39:45.390+0200: 4,572: Total time for which application threads were stopped: 0,0000816 seconds, Stopping threads took: 0,0000285 seconds
2017-07-01T23:39:45.390+0200: 4,572: Total time for which application threads were stopped: 0,0000828 seconds, Stopping threads took: 0,0000249 seconds
{Heap before GC invocations=8 (full 1):
 par new generation   total 109248K, used 103390K [0x00000000e0000000, 0x00000000e8000000, 0x00000000e8000000)
  eden space 87424K, 100% used [0x00000000e0000000, 0x00000000e5560000, 0x00000000e5560000)
  from space 21824K,  73% used [0x00000000e5560000, 0x00000000e64f7b18, 0x00000000e6ab0000)
  to   space 21824K,   0% used [0x00000000e6ab0000, 0x00000000e6ab0000, 0x00000000e8000000)
 concurrent mark-sweep generation total 393216K, used 0K [0x00000000e8000000, 0x0000000100000000, 0x0000000100000000)
 Metaspace       used 24482K, capacity 24972K, committed 25084K, reserved 1071104K
  class space    used 2867K, capacity 3051K, committed 3068K, reserved 1048576K
2017-07-01T23:39:45.486+0200: 4,668: [GC (Allocation Failure) 2017-07-01T23:39:45.486+0200: 4,668: [ParNew
Desired survivor size 20112992 bytes, new threshold 8 (max 8)
- age   1:    1113632 bytes,    1113632 total
- age   2:     983736 bytes,    2097368 total
- age   3:    1740048 bytes,    3837416 total
- age   4:      50496 bytes,    3887912 total
- age   6:     101312 bytes,    3989224 total
- age   7:     180224 bytes,    4169448 total
- age   8:     774464 bytes,    4943912 total
: 103390K->8941K(109248K), 0,0511219 secs] 103390K->15497K(502464K), 0,0512274 secs] [Times: user=0,13 sys=0,00, real=0,05 secs] 
Heap after GC invocations=9 (full 1):
 par new generation   total 109248K, used 8941K [0x00000000e0000000, 0x00000000e8000000, 0x00000000e8000000)
  eden space 87424K,   0% used [0x00000000e0000000, 0x00000000e0000000, 0x00000000e5560000)
  from space 21824K,  40% used [0x00000000e6ab0000, 0x00000000e736b5d0, 0x00000000e8000000)
  to   space 21824K,   0% used [0x00000000e5560000, 0x00000000e5560000, 0x00000000e6ab0000)
 concurrent mark-sweep generation total 393216K, used 6555K [0x00000000e8000000, 0x0000000100000000, 0x0000000100000000)
 Metaspace       used 24482K, capacity 24972K, committed 25084K, reserved 1071104K
  class space    used 2867K, capacity 3051K, committed 3068K, reserved 1048576K
}
2017-07-01T23:39:45.537+0200: 4,719: Total time for which application threads were stopped: 0,0514963 seconds, Stopping threads took: 0,0000847 seconds
2017-07-01T23:39:45.594+0200: 4,776: Total time for which application threads were stopped: 0,0018813 seconds, Stopping threads took: 0,0017742 seconds
2017-07-01T23:39:45.594+0200: 4,776: Total time for which application threads were stopped: 0,0000662 seconds, Stopping threads took: 0,0000202 seconds
2017-07-01T23:39:45.678+0200: 4,861: Total time for which application threads were stopped: 0,0002812 seconds, Stopping threads took: 0,0001513 seconds
2017-07-01T23:39:45.698+0200: 4,880: Total time for which application threads were stopped: 0,0041572 seconds, Stopping threads took: 0,0040511 seconds
2017-07-01T23:39:45.709+0200: 4,891: Total time for which application threads were stopped: 0,0010478 seconds, Stopping threads took: 0,0009601 seconds
2017-07-01T23:39:45.713+0200: 4,895: Total time for which application threads were stopped: 0,0027855 seconds, Stopping threads took: 0,0027280 seconds
2017-07-01T23:39:45.714+0200: 4,896: Total time for which application threads were stopped: 0,0001078 seconds, Stopping threads took: 0,0000346 seconds
2017-07-01T23:39:45.806+0200: 4,988: Total time for which application threads were stopped: 0,0011689 seconds, Stopping threads took: 0,0010368 seconds
2017-07-01T23:39:45.806+0200: 4,989: Total time for which application threads were stopped: 0,0001076 seconds, Stopping threads took: 0,0000385 seconds
2017-07-01T23:39:45.811+0200: 4,993: Total time for which application threads were stopped: 0,0001533 seconds, Stopping threads took: 0,0000453 seconds
2017-07-01T23:39:45.811+0200: 4,994: Total time for which application threads were stopped: 0,0001550 seconds, Stopping threads took: 0,0000521 seconds
2017-07-01T23:39:45.812+0200: 4,994: Total time for which application threads were stopped: 0,0001269 seconds, Stopping threads took: 0,0000339 seconds
2017-07-01T23:39:45.845+0200: 5,027: Total time for which application threads were stopped: 0,0001359 seconds, Stopping threads took: 0,0000464 seconds
2017-07-01T23:39:45.863+0200: 5,046: Total time for which application threads were stopped: 0,0001384 seconds, Stopping threads took: 0,0000706 seconds
2017-07-01T23:39:45.909+0200: 5,092: Total time for which application threads were stopped: 0,0016302 seconds, Stopping threads took: 0,0012711 seconds
2017-07-01T23:39:45.915+0200: 5,097: Total time for which application threads were stopped: 0,0001416 seconds, Stopping threads took: 0,0000735 seconds
2017-07-01T23:39:45.924+0200: 5,107: Total time for which application threads were stopped: 0,0004004 seconds, Stopping threads took: 0,0000218 seconds
2017-07-01T23:39:45.987+0200: 5,170: Total time for which application threads were stopped: 0,0003601 seconds, Stopping threads took: 0,0000244 seconds
2017-07-01T23:39:45.989+0200: 5,171: Total time for which application threads were stopped: 0,0001190 seconds, Stopping threads took: 0,0000441 seconds
2017-07-01T23:39:45.989+0200: 5,171: Total time for which application threads were stopped: 0,0000749 seconds, Stopping threads took: 0,0000243 seconds
2017-07-01T23:39:46.000+0200: 5,183: Total time for which application threads were stopped: 0,0001270 seconds, Stopping threads took: 0,0000575 seconds
2017-07-01T23:39:46.012+0200: 5,194: Total time for which application threads were stopped: 0,0001600 seconds, Stopping threads took: 0,0000681 seconds
2017-07-01T23:39:46.018+0200: 5,200: Total time for which application threads were stopped: 0,0002021 seconds, Stopping threads took: 0,0000464 seconds
2017-07-01T23:39:46.029+0200: 5,211: Total time for which application threads were stopped: 0,0001897 seconds, Stopping threads took: 0,0001106 seconds
2017-07-01T23:39:46.058+0200: 5,240: Total time for which application threads were stopped: 0,0044769 seconds, Stopping threads took: 0,0043622 seconds
2017-07-01T23:39:46.071+0200: 5,254: Total time for which application threads were stopped: 0,0007486 seconds, Stopping threads took: 0,0006385 seconds
2017-07-01T23:39:46.099+0200: 5,281: Total time for which application threads were stopped: 0,0011700 seconds, Stopping threads took: 0,0006275 seconds
2017-07-01T23:39:46.100+0200: 5,283: Total time for which application threads were stopped: 0,0010773 seconds, Stopping threads took: 0,0009836 seconds
2017-07-01T23:39:46.125+0200: 5,307: Total time for which application threads were stopped: 0,0005526 seconds, Stopping threads took: 0,0000471 seconds
2017-07-01T23:39:46.164+0200: 5,346: Total time for which application threads were stopped: 0,0001919 seconds, Stopping threads took: 0,0000421 seconds
{Heap before GC invocations=9 (full 1):
 par new generation   total 109248K, used 96365K [0x00000000e0000000, 0x00000000e8000000, 0x00000000e8000000)
  eden space 87424K, 100% used [0x00000000e0000000, 0x00000000e5560000, 0x00000000e5560000)
  from space 21824K,  40% used [0x00000000e6ab0000, 0x00000000e736b5d0, 0x00000000e8000000)
  to   space 21824K,   0% used [0x00000000e5560000, 0x00000000e5560000, 0x00000000e6ab0000)
 concurrent mark-sweep generation total 393216K, used 6555K [0x00000000e8000000, 0x0000000100000000, 0x0000000100000000)
 Metaspace       used 28009K, capacity 28502K, committed 28796K, reserved 1075200K
  class space    used 3213K, capacity 3390K, committed 3452K, reserved 1048576K
2017-07-01T23:39:48.371+0200: 7,553: [GC (Allocation Failure) 2017-07-01T23:39:48.371+0200: 7,553: [ParNew
Desired survivor size 20112992 bytes, new threshold 8 (max 8)
- age   1:   11330872 bytes,   11330872 total
- age   2:     185448 bytes,   11516320 total
- age   3:     204088 bytes,   11720408 total
- age   4:    1729224 bytes,   13449632 total
- age   5:      50496 bytes,   13500128 total
- age   7:      98640 bytes,   13598768 total
- age   8:     179600 bytes,   13778368 total
: 96365K->14537K(109248K), 0,0132133 secs] 102921K->21860K(502464K), 0,0132877 secs] [Times: user=0,04 sys=0,00, real=0,01 secs] 
Heap after GC invocations=10 (full 1):
 par new generation   total 109248K, used 14537K [0x00000000e0000000, 0x00000000e8000000, 0x00000000e8000000)
  eden space 87424K,   0% used [0x00000000e0000000, 0x00000000e0000000, 0x00000000e5560000)
  from space 21824K,  66% used [0x00000000e5560000, 0x00000000e63925a0, 0x00000000e6ab0000)
  to   space 21824K,   0% used [0x00000000e6ab0000, 0x00000000e6ab0000, 0x00000000e8000000)
 concurrent mark-sweep generation total 393216K, used 7323K [0x00000000e8000000, 0x0000000100000000, 0x0000000100000000)
 Metaspace       used 28009K, capacity 28502K, committed 28796K, reserved 1075200K
  class space    used 3213K, capacity 3390K, committed 3452K, reserved 1048576K
}
2017-07-01T23:39:48.384+0200: 7,566: Total time for which application threads were stopped: 0,0134210 seconds, Stopping threads took: 0,0000140 seconds
2017-07-01T23:39:48.385+0200: 7,567: Total time for which application threads were stopped: 0,0000675 seconds, Stopping threads took: 0,0000282 seconds
2017-07-01T23:39:48.385+0200: 7,567: Total time for which application threads were stopped: 0,0000460 seconds, Stopping threads took: 0,0000269 seconds
2017-07-01T23:41:03.396+0200: 82,578: Total time for which application threads were stopped: 0,0000829 seconds, Stopping threads took: 0,0000221 seconds
2017-07-01T23:41:38.402+0200: 117,584: Total time for which application threads were stopped: 0,0000886 seconds, Stopping threads took: 0,0000365 seconds
2017-07-01T23:41:42.402+0200: 121,584: Total time for which application threads were stopped: 0,0000769 seconds, Stopping threads took: 0,0000173 seconds
2017-07-01T23:42:42.412+0200: 181,594: Total time for which application threads were stopped: 0,0001493 seconds, Stopping threads took: 0,0000583 seconds
2017-07-01T23:44:11.643+0200: 271,609: Total time for which application threads were stopped: 0,0004024 seconds, Stopping threads took: 0,0002451 seconds
2017-07-01T23:44:12.643+0200: 272,609: Total time for which application threads were stopped: 0,0000857 seconds, Stopping threads took: 0,0000184 seconds
2017-07-01T23:44:17.644+0200: 277,610: Total time for which application threads were stopped: 0,0000883 seconds, Stopping threads took: 0,0000372 seconds
2017-07-02T00:03:06.780+0200: 1406,746: Total time for which application threads were stopped: 0,0000868 seconds, Stopping threads took: 0,0000274 seconds
2017-07-02T00:08:16.813+0200: 1716,779: Total time for which application threads were stopped: 0,0000910 seconds, Stopping threads took: 0,0000361 seconds
2017-07-02T00:18:01.875+0200: 2301,842: Total time for which application threads were stopped: 0,0000936 seconds, Stopping threads took: 0,0000397 seconds
2017-07-02T00:18:02.876+0200: 2302,842: Total time for which application threads were stopped: 0,0000624 seconds, Stopping threads took: 0,0000144 seconds
2017-07-02T00:32:57.976+0200: 3197,942: Total time for which application threads were stopped: 0,0003756 seconds, Stopping threads took: 0,0001596 seconds
2017-07-02T00:45:57.060+0200: 3977,026: Total time for which application threads were stopped: 0,0000894 seconds, Stopping threads took: 0,0000357 seconds
2017-07-02T00:46:02.061+0200: 3982,027: Total time for which application threads were stopped: 0,0000990 seconds, Stopping threads took: 0,0000357 seconds
2017-07-02T00:58:28.146+0200: 4728,112: Total time for which application threads were stopped: 0,0000760 seconds, Stopping threads took: 0,0000292 seconds
2017-07-02T00:58:33.147+0200: 4733,113: Total time for which application threads were stopped: 0,0001293 seconds, Stopping threads took: 0,0000299 seconds
2017-07-02T01:24:03.334+0200: 6263,300: Total time for which application threads were stopped: 0,0000745 seconds, Stopping threads took: 0,0000278 seconds
2017-07-02T01:41:42.460+0200: 7322,426: Total time for which application threads were stopped: 0,0005002 seconds, Stopping threads took: 0,0001374 seconds
2017-07-02T01:47:42.504+0200: 7682,470: Total time for which application threads were stopped: 0,0000835 seconds, Stopping threads took: 0,0000312 seconds
2017-07-02T01:48:12.507+0200: 7712,473: Total time for which application threads were stopped: 0,0000783 seconds, Stopping threads took: 0,0000296 seconds
2017-07-02T02:09:45.295+0200: 9005,261: Total time for which application threads were stopped: 0,0172786 seconds, Stopping threads took: 0,0171839 seconds
2017-07-02T02:09:45.297+0200: 9005,263: Total time for which application threads were stopped: 0,0001112 seconds, Stopping threads took: 0,0000394 seconds
2017-07-02T02:09:45.297+0200: 9005,263: Total time for which application threads were stopped: 0,0000483 seconds, Stopping threads took: 0,0000090 seconds
2017-07-02T02:09:45.298+0200: 9005,264: Total time for which application threads were stopped: 0,0001054 seconds, Stopping threads took: 0,0000323 seconds
2017-07-02T02:09:45.298+0200: 9005,264: Total time for which application threads were stopped: 0,0001077 seconds, Stopping threads took: 0,0000283 seconds
2017-07-02T02:09:45.299+0200: 9005,265: Total time for which application threads were stopped: 0,0000754 seconds, Stopping threads took: 0,0000180 seconds
2017-07-02T02:09:45.299+0200: 9005,265: Total time for which application threads were stopped: 0,0000929 seconds, Stopping threads took: 0,0000211 seconds
2017-07-02T02:09:45.299+0200: 9005,266: Total time for which application threads were stopped: 0,0000909 seconds, Stopping threads took: 0,0000209 seconds
2017-07-02T02:09:45.299+0200: 9005,266: Total time for which application threads were stopped: 0,0000610 seconds, Stopping threads took: 0,0000158 seconds
2017-07-02T02:09:45.301+0200: 9005,267: Total time for which application threads were stopped: 0,0001011 seconds, Stopping threads took: 0,0000326 seconds
2017-07-02T02:09:45.301+0200: 9005,267: Total time for which application threads were stopped: 0,0000650 seconds, Stopping threads took: 0,0000163 seconds
2017-07-02T02:09:45.301+0200: 9005,267: Total time for which application threads were stopped: 0,0000513 seconds, Stopping threads took: 0,0000132 seconds
2017-07-02T02:09:45.301+0200: 9005,267: Total time for which application threads were stopped: 0,0000533 seconds, Stopping threads took: 0,0000145 seconds
2017-07-02T02:09:45.301+0200: 9005,268: Total time for which application threads were stopped: 0,0000523 seconds, Stopping threads took: 0,0000144 seconds
2017-07-02T02:09:45.301+0200: 9005,268: Total time for which application threads were stopped: 0,0000520 seconds, Stopping threads took: 0,0000138 seconds
2017-07-02T02:09:45.302+0200: 9005,268: Total time for which application threads were stopped: 0,0000376 seconds, Stopping threads took: 0,0000074 seconds
2017-07-02T02:09:45.302+0200: 9005,268: Total time for which application threads were stopped: 0,0000541 seconds, Stopping threads took: 0,0000176 seconds
2017-07-02T02:09:45.302+0200: 9005,268: Total time for which application threads were stopped: 0,0000405 seconds, Stopping threads took: 0,0000116 seconds
2017-07-02T02:09:45.302+0200: 9005,268: Total time for which application threads were stopped: 0,0000455 seconds, Stopping threads took: 0,0000141 seconds
2017-07-02T02:09:45.302+0200: 9005,268: Total time for which application threads were stopped: 0,0000415 seconds, Stopping threads took: 0,0000118 seconds
2017-07-02T02:09:45.302+0200: 9005,268: Total time for which application threads were stopped: 0,0000404 seconds, Stopping threads took: 0,0000114 seconds
2017-07-02T02:09:45.302+0200: 9005,268: Total time for which application threads were stopped: 0,0000370 seconds, Stopping threads took: 0,0000053 seconds
2017-07-02T02:09:45.302+0200: 9005,268: Total time for which application threads were stopped: 0,0000435 seconds, Stopping threads took: 0,0000123 seconds
2017-07-02T02:09:45.302+0200: 9005,268: Total time for which application threads were stopped: 0,0000453 seconds, Stopping threads took: 0,0000123 seconds
2017-07-02T02:09:45.302+0200: 9005,269: Total time for which application threads were stopped: 0,0000465 seconds, Stopping threads took: 0,0000150 seconds
2017-07-02T02:09:45.302+0200: 9005,269: Total time for which application threads were stopped: 0,0000438 seconds, Stopping threads took: 0,0000125 seconds
2017-07-02T02:09:45.303+0200: 9005,269: Total time for which application threads were stopped: 0,0000436 seconds, Stopping threads took: 0,0000126 seconds
2017-07-02T02:09:45.321+0200: 9005,287: Total time for which application threads were stopped: 0,0136217 seconds, Stopping threads took: 0,0135432 seconds
2017-07-02T02:09:45.321+0200: 9005,288: Total time for which application threads were stopped: 0,0000563 seconds, Stopping threads took: 0,0000097 seconds
2017-07-02T02:09:45.321+0200: 9005,288: Total time for which application threads were stopped: 0,0000447 seconds, Stopping threads took: 0,0000062 seconds
2017-07-02T02:09:45.321+0200: 9005,288: Total time for which application threads were stopped: 0,0000500 seconds, Stopping threads took: 0,0000076 seconds
2017-07-02T02:09:45.322+0200: 9005,288: Total time for which application threads were stopped: 0,0000416 seconds, Stopping threads took: 0,0000055 seconds
2017-07-02T02:09:45.322+0200: 9005,288: Total time for which application threads were stopped: 0,0000391 seconds, Stopping threads took: 0,0000051 seconds
2017-07-02T02:09:45.322+0200: 9005,288: Total time for which application threads were stopped: 0,0000394 seconds, Stopping threads took: 0,0000056 seconds
2017-07-02T02:09:45.322+0200: 9005,288: Total time for which application threads were stopped: 0,0000431 seconds, Stopping threads took: 0,0000065 seconds
2017-07-02T02:09:45.322+0200: 9005,288: Total time for which application threads were stopped: 0,0000401 seconds, Stopping threads took: 0,0000053 seconds
2017-07-02T02:09:45.322+0200: 9005,288: Total time for which application threads were stopped: 0,0000429 seconds, Stopping threads took: 0,0000071 seconds
2017-07-02T02:09:45.323+0200: 9005,290: Total time for which application threads were stopped: 0,0001011 seconds, Stopping threads took: 0,0000198 seconds
2017-07-02T02:09:45.323+0200: 9005,290: Total time for which application threads were stopped: 0,0000440 seconds, Stopping threads took: 0,0000069 seconds
2017-07-02T02:09:45.324+0200: 9005,290: Total time for which application threads were stopped: 0,0000497 seconds, Stopping threads took: 0,0000073 seconds
2017-07-02T02:09:45.331+0200: 9005,297: Total time for which application threads were stopped: 0,0001260 seconds, Stopping threads took: 0,0000423 seconds
2017-07-02T02:09:45.331+0200: 9005,297: Total time for which application threads were stopped: 0,0000673 seconds, Stopping threads took: 0,0000185 seconds
2017-07-02T02:09:45.331+0200: 9005,297: Total time for which application threads were stopped: 0,0000543 seconds, Stopping threads took: 0,0000158 seconds
2017-07-02T02:09:45.331+0200: 9005,298: Total time for which application threads were stopped: 0,0000537 seconds, Stopping threads took: 0,0000140 seconds
2017-07-02T02:09:45.331+0200: 9005,298: Total time for which application threads were stopped: 0,0000507 seconds, Stopping threads took: 0,0000138 seconds
2017-07-02T02:09:45.341+0200: 9005,307: Total time for which application threads were stopped: 0,0005443 seconds, Stopping threads took: 0,0004540 seconds
2017-07-02T02:09:45.346+0200: 9005,312: Total time for which application threads were stopped: 0,0036789 seconds, Stopping threads took: 0,0035948 seconds
2017-07-02T02:09:45.346+0200: 9005,313: Total time for which application threads were stopped: 0,0000827 seconds, Stopping threads took: 0,0000418 seconds
2017-07-02T02:09:45.347+0200: 9005,313: Total time for which application threads were stopped: 0,0000521 seconds, Stopping threads took: 0,0000199 seconds
2017-07-02T02:09:45.347+0200: 9005,313: Total time for which application threads were stopped: 0,0000510 seconds, Stopping threads took: 0,0000172 seconds
2017-07-02T02:09:45.347+0200: 9005,314: Total time for which application threads were stopped: 0,0000865 seconds, Stopping threads took: 0,0000401 seconds
2017-07-02T02:09:45.347+0200: 9005,314: Total time for which application threads were stopped: 0,0000491 seconds, Stopping threads took: 0,0000182 seconds
2017-07-02T02:09:45.349+0200: 9005,315: Total time for which application threads were stopped: 0,0000864 seconds, Stopping threads took: 0,0000331 seconds
2017-07-02T02:09:45.349+0200: 9005,315: Total time for which application threads were stopped: 0,0000383 seconds, Stopping threads took: 0,0000145 seconds
2017-07-02T02:09:45.349+0200: 9005,315: Total time for which application threads were stopped: 0,0000435 seconds, Stopping threads took: 0,0000185 seconds
2017-07-02T02:09:45.349+0200: 9005,316: Total time for which application threads were stopped: 0,0000383 seconds, Stopping threads took: 0,0000168 seconds
2017-07-02T02:09:45.350+0200: 9005,316: Total time for which application threads were stopped: 0,0000793 seconds, Stopping threads took: 0,0000274 seconds
2017-07-02T02:09:45.350+0200: 9005,316: Total time for which application threads were stopped: 0,0000471 seconds, Stopping threads took: 0,0000111 seconds
2017-07-02T02:09:45.350+0200: 9005,317: Total time for which application threads were stopped: 0,0000463 seconds, Stopping threads took: 0,0000145 seconds
2017-07-02T02:09:45.351+0200: 9005,317: Total time for which application threads were stopped: 0,0000385 seconds, Stopping threads took: 0,0000098 seconds
2017-07-02T02:09:45.351+0200: 9005,317: Total time for which application threads were stopped: 0,0000250 seconds, Stopping threads took: 0,0000061 seconds
2017-07-02T02:09:45.351+0200: 9005,317: Total time for which application threads were stopped: 0,0000231 seconds, Stopping threads took: 0,0000054 seconds
2017-07-02T02:09:45.351+0200: 9005,317: Total time for which application threads were stopped: 0,0000564 seconds, Stopping threads took: 0,0000261 seconds
2017-07-02T02:09:45.351+0200: 9005,317: Total time for which application threads were stopped: 0,0001195 seconds, Stopping threads took: 0,0000170 seconds
2017-07-02T02:09:45.354+0200: 9005,320: Total time for which application threads were stopped: 0,0001403 seconds, Stopping threads took: 0,0000242 seconds
2017-07-02T02:09:45.354+0200: 9005,320: Total time for which application threads were stopped: 0,0000681 seconds, Stopping threads took: 0,0000192 seconds
2017-07-02T02:09:45.354+0200: 9005,321: Total time for which application threads were stopped: 0,0001008 seconds, Stopping threads took: 0,0000397 seconds
Heap
 par new generation   total 109248K, used 39765K [0x00000000e0000000, 0x00000000e8000000, 0x00000000e8000000)
  eden space 87424K,  28% used [0x00000000e0000000, 0x00000000e18a3068, 0x00000000e5560000)
  from space 21824K,  66% used [0x00000000e5560000, 0x00000000e63925a0, 0x00000000e6ab0000)
  to   space 21824K,   0% used [0x00000000e6ab0000, 0x00000000e6ab0000, 0x00000000e8000000)
 concurrent mark-sweep generation total 393216K, used 7323K [0x00000000e8000000, 0x0000000100000000, 0x0000000100000000)
 Metaspace       used 28162K, capacity 28734K, committed 29052K, reserved 1075200K
  class space    used 3227K, capacity 3424K, committed 3452K, reserved 1048576K
