OpenJDK 64-Bit Server VM (25.121-b13) for linux-amd64 JRE (1.8.0_121-8u121-b13-0ubuntu1.16.04.2-b13), built on Jan 23 2017 15:51:29 by "buildd" with gcc 5.4.0 20160609
Memory: 4k page, physical 7867764k(7438620k free), swap 8076284k(8076284k free)
CommandLine flags: -XX:CMSInitiatingOccupancyFraction=50 -XX:CMSMaxAbortablePrecleanTime=6000 -XX:+CMSParallelRemarkEnabled -XX:+CMSScavengeBeforeRemark -XX:ConcGCThreads=4 -XX:InitialHeapSize=536870912 -XX:MaxHeapSize=536870912 -XX:MaxTenuringThreshold=8 -XX:NewRatio=3 -XX:OldPLABSize=16 -XX:OnOutOfMemoryError=/opt/solr/bin/oom_solr.sh 8983 /var/solr/logs -XX:ParallelGCThreads=4 -XX:+ParallelRefProcEnabled -XX:PretenureSizeThreshold=67108864 -XX:+PrintGC -XX:+PrintGCApplicationStoppedTime -XX:+PrintGCDateStamps -XX:+PrintGCDetails -XX:+PrintGCTimeStamps -XX:+PrintHeapAtGC -XX:+PrintTenuringDistribution -XX:SurvivorRatio=4 -XX:TargetSurvivorRatio=90 -XX:ThreadStackSize=256 -XX:+UseCMSInitiatingOccupancyOnly -XX:+UseCompressedClassPointers -XX:+UseCompressedOops -XX:+UseConcMarkSweepGC -XX:+UseParNewGC 
2017-05-09T09:34:34.985+0200: 0,155: Total time for which application threads were stopped: 0,0000808 seconds, Stopping threads took: 0,0000233 seconds
2017-05-09T09:34:35.088+0200: 0,258: Total time for which application threads were stopped: 0,0001367 seconds, Stopping threads took: 0,0000196 seconds
2017-05-09T09:34:35.122+0200: 0,292: Total time for which application threads were stopped: 0,0001105 seconds, Stopping threads took: 0,0000208 seconds
2017-05-09T09:34:35.433+0200: 0,604: Total time for which application threads were stopped: 0,0001734 seconds, Stopping threads took: 0,0000252 seconds
2017-05-09T09:34:35.924+0200: 1,094: Total time for which application threads were stopped: 0,0001638 seconds, Stopping threads took: 0,0000227 seconds
2017-05-09T09:34:36.001+0200: 1,171: Total time for which application threads were stopped: 0,0001416 seconds, Stopping threads took: 0,0000186 seconds
2017-05-09T09:34:36.026+0200: 1,197: Total time for which application threads were stopped: 0,0001839 seconds, Stopping threads took: 0,0000213 seconds
2017-05-09T09:34:36.279+0200: 1,449: Total time for which application threads were stopped: 0,0001997 seconds, Stopping threads took: 0,0000267 seconds
2017-05-09T09:34:36.528+0200: 1,699: Total time for which application threads were stopped: 0,0001978 seconds, Stopping threads took: 0,0000116 seconds
2017-05-09T09:34:36.559+0200: 1,729: Total time for which application threads were stopped: 0,0001651 seconds, Stopping threads took: 0,0000145 seconds
2017-05-09T09:34:36.599+0200: 1,769: Total time for which application threads were stopped: 0,0002720 seconds, Stopping threads took: 0,0000225 seconds
2017-05-09T09:34:36.603+0200: 1,774: Total time for which application threads were stopped: 0,0002020 seconds, Stopping threads took: 0,0000239 seconds
2017-05-09T09:34:36.624+0200: 1,794: Total time for which application threads were stopped: 0,0001752 seconds, Stopping threads took: 0,0000246 seconds
2017-05-09T09:34:36.714+0200: 1,885: Total time for which application threads were stopped: 0,0002458 seconds, Stopping threads took: 0,0000207 seconds
2017-05-09T09:34:36.884+0200: 2,055: Total time for which application threads were stopped: 0,0002972 seconds, Stopping threads took: 0,0000792 seconds
{Heap before GC invocations=0 (full 0):
 par new generation   total 109248K, used 87424K [0x00000000e0000000, 0x00000000e8000000, 0x00000000e8000000)
  eden space 87424K, 100% used [0x00000000e0000000, 0x00000000e5560000, 0x00000000e5560000)
  from space 21824K,   0% used [0x00000000e5560000, 0x00000000e5560000, 0x00000000e6ab0000)
  to   space 21824K,   0% used [0x00000000e6ab0000, 0x00000000e6ab0000, 0x00000000e8000000)
 concurrent mark-sweep generation total 393216K, used 0K [0x00000000e8000000, 0x0000000100000000, 0x0000000100000000)
 Metaspace       used 17993K, capacity 18336K, committed 18688K, reserved 1064960K
  class space    used 2035K, capacity 2196K, committed 2304K, reserved 1048576K
2017-05-09T09:34:36.959+0200: 2,130: [GC (Allocation Failure) 2017-05-09T09:34:36.959+0200: 2,130: [ParNew
Desired survivor size 20112992 bytes, new threshold 8 (max 8)
- age   1:   12366512 bytes,   12366512 total
: 87424K->12186K(109248K), 0,0165368 secs] 87424K->12186K(502464K), 0,0166236 secs] [Times: user=0,05 sys=0,00, real=0,02 secs] 
Heap after GC invocations=1 (full 0):
 par new generation   total 109248K, used 12186K [0x00000000e0000000, 0x00000000e8000000, 0x00000000e8000000)
  eden space 87424K,   0% used [0x00000000e0000000, 0x00000000e0000000, 0x00000000e5560000)
  from space 21824K,  55% used [0x00000000e6ab0000, 0x00000000e7696a98, 0x00000000e8000000)
  to   space 21824K,   0% used [0x00000000e5560000, 0x00000000e5560000, 0x00000000e6ab0000)
 concurrent mark-sweep generation total 393216K, used 0K [0x00000000e8000000, 0x0000000100000000, 0x0000000100000000)
 Metaspace       used 17993K, capacity 18336K, committed 18688K, reserved 1064960K
  class space    used 2035K, capacity 2196K, committed 2304K, reserved 1048576K
}
2017-05-09T09:34:36.976+0200: 2,146: Total time for which application threads were stopped: 0,0168500 seconds, Stopping threads took: 0,0000493 seconds
2017-05-09T09:34:37.283+0200: 2,453: Total time for which application threads were stopped: 0,0003486 seconds, Stopping threads took: 0,0000623 seconds
{Heap before GC invocations=1 (full 0):
 par new generation   total 109248K, used 99610K [0x00000000e0000000, 0x00000000e8000000, 0x00000000e8000000)
  eden space 87424K, 100% used [0x00000000e0000000, 0x00000000e5560000, 0x00000000e5560000)
  from space 21824K,  55% used [0x00000000e6ab0000, 0x00000000e7696a98, 0x00000000e8000000)
  to   space 21824K,   0% used [0x00000000e5560000, 0x00000000e5560000, 0x00000000e6ab0000)
 concurrent mark-sweep generation total 393216K, used 0K [0x00000000e8000000, 0x0000000100000000, 0x0000000100000000)
 Metaspace       used 20046K, capacity 20368K, committed 20736K, reserved 1067008K
  class space    used 2295K, capacity 2472K, committed 2560K, reserved 1048576K
2017-05-09T09:34:37.330+0200: 2,501: [GC (Allocation Failure) 2017-05-09T09:34:37.330+0200: 2,501: [ParNew
Desired survivor size 20112992 bytes, new threshold 8 (max 8)
- age   1:    3501024 bytes,    3501024 total
- age   2:    6609944 bytes,   10110968 total
: 99610K->11667K(109248K), 0,0116486 secs] 99610K->11667K(502464K), 0,0117164 secs] [Times: user=0,03 sys=0,00, real=0,01 secs] 
Heap after GC invocations=2 (full 0):
 par new generation   total 109248K, used 11667K [0x00000000e0000000, 0x00000000e8000000, 0x00000000e8000000)
  eden space 87424K,   0% used [0x00000000e0000000, 0x00000000e0000000, 0x00000000e5560000)
  from space 21824K,  53% used [0x00000000e5560000, 0x00000000e60c4c60, 0x00000000e6ab0000)
  to   space 21824K,   0% used [0x00000000e6ab0000, 0x00000000e6ab0000, 0x00000000e8000000)
 concurrent mark-sweep generation total 393216K, used 0K [0x00000000e8000000, 0x0000000100000000, 0x0000000100000000)
 Metaspace       used 20046K, capacity 20368K, committed 20736K, reserved 1067008K
  class space    used 2295K, capacity 2472K, committed 2560K, reserved 1048576K
}
2017-05-09T09:34:37.342+0200: 2,512: Total time for which application threads were stopped: 0,0125577 seconds, Stopping threads took: 0,0007007 seconds
2017-05-09T09:34:37.346+0200: 2,517: Total time for which application threads were stopped: 0,0006722 seconds, Stopping threads took: 0,0003986 seconds
2017-05-09T09:34:37.403+0200: 2,573: Total time for which application threads were stopped: 0,0003538 seconds, Stopping threads took: 0,0000478 seconds
2017-05-09T09:34:37.526+0200: 2,697: Total time for which application threads were stopped: 0,0023567 seconds, Stopping threads took: 0,0022518 seconds
{Heap before GC invocations=2 (full 0):
 par new generation   total 109248K, used 99091K [0x00000000e0000000, 0x00000000e8000000, 0x00000000e8000000)
  eden space 87424K, 100% used [0x00000000e0000000, 0x00000000e5560000, 0x00000000e5560000)
  from space 21824K,  53% used [0x00000000e5560000, 0x00000000e60c4c60, 0x00000000e6ab0000)
  to   space 21824K,   0% used [0x00000000e6ab0000, 0x00000000e6ab0000, 0x00000000e8000000)
 concurrent mark-sweep generation total 393216K, used 0K [0x00000000e8000000, 0x0000000100000000, 0x0000000100000000)
 Metaspace       used 20997K, capacity 21354K, committed 21628K, reserved 1069056K
  class space    used 2418K, capacity 2591K, committed 2684K, reserved 1048576K
2017-05-09T09:34:37.564+0200: 2,735: [GC (Allocation Failure) 2017-05-09T09:34:37.564+0200: 2,735: [ParNew
Desired survivor size 20112992 bytes, new threshold 8 (max 8)
- age   1:    1980840 bytes,    1980840 total
- age   2:     905904 bytes,    2886744 total
- age   3:    6606464 bytes,    9493208 total
: 99091K->11687K(109248K), 0,0120819 secs] 99091K->11687K(502464K), 0,0121689 secs] [Times: user=0,04 sys=0,00, real=0,01 secs] 
Heap after GC invocations=3 (full 0):
 par new generation   total 109248K, used 11687K [0x00000000e0000000, 0x00000000e8000000, 0x00000000e8000000)
  eden space 87424K,   0% used [0x00000000e0000000, 0x00000000e0000000, 0x00000000e5560000)
  from space 21824K,  53% used [0x00000000e6ab0000, 0x00000000e7619e28, 0x00000000e8000000)
  to   space 21824K,   0% used [0x00000000e5560000, 0x00000000e5560000, 0x00000000e6ab0000)
 concurrent mark-sweep generation total 393216K, used 0K [0x00000000e8000000, 0x0000000100000000, 0x0000000100000000)
 Metaspace       used 20997K, capacity 21354K, committed 21628K, reserved 1069056K
  class space    used 2418K, capacity 2591K, committed 2684K, reserved 1048576K
}
2017-05-09T09:34:37.576+0200: 2,747: Total time for which application threads were stopped: 0,0123507 seconds, Stopping threads took: 0,0000427 seconds
2017-05-09T09:34:37.576+0200: 2,747: [GC (CMS Initial Mark) [1 CMS-initial-mark: 0K(393216K)] 12403K(502464K), 0,0055494 secs] [Times: user=0,02 sys=0,00, real=0,01 secs] 
2017-05-09T09:34:37.582+0200: 2,753: Total time for which application threads were stopped: 0,0056846 seconds, Stopping threads took: 0,0000466 seconds
2017-05-09T09:34:37.582+0200: 2,753: [CMS-concurrent-mark-start]
2017-05-09T09:34:37.583+0200: 2,753: [CMS-concurrent-mark: 0,001/0,001 secs] [Times: user=0,00 sys=0,00, real=0,00 secs] 
2017-05-09T09:34:37.583+0200: 2,753: [CMS-concurrent-preclean-start]
2017-05-09T09:34:37.584+0200: 2,755: [CMS-concurrent-preclean: 0,001/0,001 secs] [Times: user=0,01 sys=0,00, real=0,00 secs] 
2017-05-09T09:34:37.584+0200: 2,755: [CMS-concurrent-abortable-preclean-start]
2017-05-09T09:34:37.640+0200: 2,811: Total time for which application threads were stopped: 0,0001977 seconds, Stopping threads took: 0,0000738 seconds
{Heap before GC invocations=3 (full 1):
 par new generation   total 109248K, used 99111K [0x00000000e0000000, 0x00000000e8000000, 0x00000000e8000000)
  eden space 87424K, 100% used [0x00000000e0000000, 0x00000000e5560000, 0x00000000e5560000)
  from space 21824K,  53% used [0x00000000e6ab0000, 0x00000000e7619e28, 0x00000000e8000000)
  to   space 21824K,   0% used [0x00000000e5560000, 0x00000000e5560000, 0x00000000e6ab0000)
 concurrent mark-sweep generation total 393216K, used 0K [0x00000000e8000000, 0x0000000100000000, 0x0000000100000000)
 Metaspace       used 21262K, capacity 21621K, committed 21884K, reserved 1069056K
  class space    used 2447K, capacity 2605K, committed 2684K, reserved 1048576K
2017-05-09T09:34:37.685+0200: 2,856: [GC (Allocation Failure) 2017-05-09T09:34:37.685+0200: 2,856: [ParNew
Desired survivor size 20112992 bytes, new threshold 8 (max 8)
- age   1:     897104 bytes,     897104 total
- age   2:    1449968 bytes,    2347072 total
- age   3:     882208 bytes,    3229280 total
- age   4:    6606568 bytes,    9835848 total
: 99111K->16258K(109248K), 0,0093003 secs] 99111K->16258K(502464K), 0,0093602 secs] [Times: user=0,03 sys=0,01, real=0,01 secs] 
Heap after GC invocations=4 (full 1):
 par new generation   total 109248K, used 16258K [0x00000000e0000000, 0x00000000e8000000, 0x00000000e8000000)
  eden space 87424K,   0% used [0x00000000e0000000, 0x00000000e0000000, 0x00000000e5560000)
  from space 21824K,  74% used [0x00000000e5560000, 0x00000000e6540980, 0x00000000e6ab0000)
  to   space 21824K,   0% used [0x00000000e6ab0000, 0x00000000e6ab0000, 0x00000000e8000000)
 concurrent mark-sweep generation total 393216K, used 0K [0x00000000e8000000, 0x0000000100000000, 0x0000000100000000)
 Metaspace       used 21262K, capacity 21621K, committed 21884K, reserved 1069056K
  class space    used 2447K, capacity 2605K, committed 2684K, reserved 1048576K
}
2017-05-09T09:34:37.695+0200: 2,865: Total time for which application threads were stopped: 0,0157994 seconds, Stopping threads took: 0,0062939 seconds
2017-05-09T09:34:37.695+0200: 2,865: [CMS-concurrent-abortable-preclean: 0,057/0,110 secs] [Times: user=0,40 sys=0,02, real=0,11 secs] 
2017-05-09T09:34:37.699+0200: 2,869: [GC (CMS Final Remark) [YG occupancy: 21093 K (109248 K)]{Heap before GC invocations=4 (full 1):
 par new generation   total 109248K, used 21093K [0x00000000e0000000, 0x00000000e8000000, 0x00000000e8000000)
  eden space 87424K,   5% used [0x00000000e0000000, 0x00000000e04b8ca0, 0x00000000e5560000)
  from space 21824K,  74% used [0x00000000e5560000, 0x00000000e6540980, 0x00000000e6ab0000)
  to   space 21824K,   0% used [0x00000000e6ab0000, 0x00000000e6ab0000, 0x00000000e8000000)
 concurrent mark-sweep generation total 393216K, used 0K [0x00000000e8000000, 0x0000000100000000, 0x0000000100000000)
 Metaspace       used 21269K, capacity 21621K, committed 21884K, reserved 1069056K
  class space    used 2448K, capacity 2605K, committed 2684K, reserved 1048576K
2017-05-09T09:34:37.699+0200: 2,869: [GC (CMS Final Remark) 2017-05-09T09:34:37.699+0200: 2,869: [ParNew
Desired survivor size 20112992 bytes, new threshold 8 (max 8)
- age   1:     453672 bytes,     453672 total
- age   2:     477584 bytes,     931256 total
- age   3:    1449968 bytes,    2381224 total
- age   4:     882176 bytes,    3263400 total
- age   5:    6606392 bytes,    9869792 total
: 21093K->11809K(109248K), 0,0091846 secs] 21093K->11809K(502464K), 0,0092363 secs] [Times: user=0,04 sys=0,00, real=0,01 secs] 
Heap after GC invocations=5 (full 1):
 par new generation   total 109248K, used 11809K [0x00000000e0000000, 0x00000000e8000000, 0x00000000e8000000)
  eden space 87424K,   0% used [0x00000000e0000000, 0x00000000e0000000, 0x00000000e5560000)
  from space 21824K,  54% used [0x00000000e6ab0000, 0x00000000e7638710, 0x00000000e8000000)
  to   space 21824K,   0% used [0x00000000e5560000, 0x00000000e5560000, 0x00000000e6ab0000)
 concurrent mark-sweep generation total 393216K, used 0K [0x00000000e8000000, 0x0000000100000000, 0x0000000100000000)
 Metaspace       used 21269K, capacity 21621K, committed 21884K, reserved 1069056K
  class space    used 2448K, capacity 2605K, committed 2684K, reserved 1048576K
}
2017-05-09T09:34:37.708+0200: 2,878: [Rescan (parallel) , 0,0033874 secs]2017-05-09T09:34:37.711+0200: 2,882: [weak refs processing, 0,0009917 secs]2017-05-09T09:34:37.712+0200: 2,883: [class unloading, 0,0029075 secs]2017-05-09T09:34:37.715+0200: 2,886: [scrub symbol table, 0,0026736 secs]2017-05-09T09:34:37.718+0200: 2,888: [scrub string table, 0,0004001 secs][1 CMS-remark: 0K(393216K)] 11809K(502464K), 0,0202908 secs] [Times: user=0,05 sys=0,00, real=0,02 secs] 
2017-05-09T09:34:37.719+0200: 2,889: Total time for which application threads were stopped: 0,0205475 seconds, Stopping threads took: 0,0001772 seconds
2017-05-09T09:34:37.729+0200: 2,899: [CMS-concurrent-sweep-start]
2017-05-09T09:34:37.729+0200: 2,899: [CMS-concurrent-sweep: 0,000/0,000 secs] [Times: user=0,00 sys=0,00, real=0,00 secs] 
2017-05-09T09:34:37.729+0200: 2,899: [CMS-concurrent-reset-start]
2017-05-09T09:34:37.731+0200: 2,902: [CMS-concurrent-reset: 0,002/0,002 secs] [Times: user=0,01 sys=0,00, real=0,00 secs] 
{Heap before GC invocations=5 (full 1):
 par new generation   total 109248K, used 99233K [0x00000000e0000000, 0x00000000e8000000, 0x00000000e8000000)
  eden space 87424K, 100% used [0x00000000e0000000, 0x00000000e5560000, 0x00000000e5560000)
  from space 21824K,  54% used [0x00000000e6ab0000, 0x00000000e7638710, 0x00000000e8000000)
  to   space 21824K,   0% used [0x00000000e5560000, 0x00000000e5560000, 0x00000000e6ab0000)
 concurrent mark-sweep generation total 393216K, used 0K [0x00000000e8000000, 0x0000000100000000, 0x0000000100000000)
 Metaspace       used 21398K, capacity 21793K, committed 21884K, reserved 1069056K
  class space    used 2466K, capacity 2639K, committed 2684K, reserved 1048576K
2017-05-09T09:34:37.821+0200: 2,991: [GC (Allocation Failure) 2017-05-09T09:34:37.821+0200: 2,991: [ParNew
Desired survivor size 20112992 bytes, new threshold 8 (max 8)
- age   1:     884688 bytes,     884688 total
- age   2:       7744 bytes,     892432 total
- age   3:     182712 bytes,    1075144 total
- age   4:    1449800 bytes,    2524944 total
- age   5:     880128 bytes,    3405072 total
- age   6:    6606488 bytes,   10011560 total
: 99233K->12614K(109248K), 0,0106972 secs] 99233K->12614K(502464K), 0,0107788 secs] [Times: user=0,04 sys=0,00, real=0,01 secs] 
Heap after GC invocations=6 (full 1):
 par new generation   total 109248K, used 12614K [0x00000000e0000000, 0x00000000e8000000, 0x00000000e8000000)
  eden space 87424K,   0% used [0x00000000e0000000, 0x00000000e0000000, 0x00000000e5560000)
  from space 21824K,  57% used [0x00000000e5560000, 0x00000000e61b1b40, 0x00000000e6ab0000)
  to   space 21824K,   0% used [0x00000000e6ab0000, 0x00000000e6ab0000, 0x00000000e8000000)
 concurrent mark-sweep generation total 393216K, used 0K [0x00000000e8000000, 0x0000000100000000, 0x0000000100000000)
 Metaspace       used 21398K, capacity 21793K, committed 21884K, reserved 1069056K
  class space    used 2466K, capacity 2639K, committed 2684K, reserved 1048576K
}
2017-05-09T09:34:37.832+0200: 3,002: Total time for which application threads were stopped: 0,0111142 seconds, Stopping threads took: 0,0001735 seconds
2017-05-09T09:34:37.870+0200: 3,040: Total time for which application threads were stopped: 0,0003321 seconds, Stopping threads took: 0,0000365 seconds
2017-05-09T09:34:38.161+0200: 3,331: Total time for which application threads were stopped: 0,0004634 seconds, Stopping threads took: 0,0000424 seconds
2017-05-09T09:34:38.174+0200: 3,345: Total time for which application threads were stopped: 0,0003750 seconds, Stopping threads took: 0,0000403 seconds
{Heap before GC invocations=6 (full 1):
 par new generation   total 109248K, used 100038K [0x00000000e0000000, 0x00000000e8000000, 0x00000000e8000000)
  eden space 87424K, 100% used [0x00000000e0000000, 0x00000000e5560000, 0x00000000e5560000)
  from space 21824K,  57% used [0x00000000e5560000, 0x00000000e61b1b40, 0x00000000e6ab0000)
  to   space 21824K,   0% used [0x00000000e6ab0000, 0x00000000e6ab0000, 0x00000000e8000000)
 concurrent mark-sweep generation total 393216K, used 0K [0x00000000e8000000, 0x0000000100000000, 0x0000000100000000)
 Metaspace       used 24224K, capacity 24737K, committed 24828K, reserved 1071104K
  class space    used 2844K, capacity 3045K, committed 3068K, reserved 1048576K
2017-05-09T09:34:38.349+0200: 3,520: [GC (Allocation Failure) 2017-05-09T09:34:38.349+0200: 3,520: [ParNew
Desired survivor size 20112992 bytes, new threshold 8 (max 8)
- age   1:    5690624 bytes,    5690624 total
- age   2:     121768 bytes,    5812392 total
- age   3:       7720 bytes,    5820112 total
- age   4:     181232 bytes,    6001344 total
- age   5:     280072 bytes,    6281416 total
- age   6:     855712 bytes,    7137128 total
- age   7:    6598240 bytes,   13735368 total
: 100038K->15864K(109248K), 0,0141180 secs] 100038K->15864K(502464K), 0,0141962 secs] [Times: user=0,04 sys=0,00, real=0,02 secs] 
Heap after GC invocations=7 (full 1):
 par new generation   total 109248K, used 15864K [0x00000000e0000000, 0x00000000e8000000, 0x00000000e8000000)
  eden space 87424K,   0% used [0x00000000e0000000, 0x00000000e0000000, 0x00000000e5560000)
  from space 21824K,  72% used [0x00000000e6ab0000, 0x00000000e7a2e098, 0x00000000e8000000)
  to   space 21824K,   0% used [0x00000000e5560000, 0x00000000e5560000, 0x00000000e6ab0000)
 concurrent mark-sweep generation total 393216K, used 0K [0x00000000e8000000, 0x0000000100000000, 0x0000000100000000)
 Metaspace       used 24224K, capacity 24737K, committed 24828K, reserved 1071104K
  class space    used 2844K, capacity 3045K, committed 3068K, reserved 1048576K
}
2017-05-09T09:34:38.364+0200: 3,534: Total time for which application threads were stopped: 0,0147851 seconds, Stopping threads took: 0,0003109 seconds
{Heap before GC invocations=7 (full 1):
 par new generation   total 109248K, used 103288K [0x00000000e0000000, 0x00000000e8000000, 0x00000000e8000000)
  eden space 87424K, 100% used [0x00000000e0000000, 0x00000000e5560000, 0x00000000e5560000)
  from space 21824K,  72% used [0x00000000e6ab0000, 0x00000000e7a2e098, 0x00000000e8000000)
  to   space 21824K,   0% used [0x00000000e5560000, 0x00000000e5560000, 0x00000000e6ab0000)
 concurrent mark-sweep generation total 393216K, used 0K [0x00000000e8000000, 0x0000000100000000, 0x0000000100000000)
 Metaspace       used 24546K, capacity 25031K, committed 25212K, reserved 1071104K
  class space    used 2872K, capacity 3078K, committed 3196K, reserved 1048576K
2017-05-09T09:34:38.514+0200: 3,684: [GC (Allocation Failure) 2017-05-09T09:34:38.514+0200: 3,685: [ParNew
Desired survivor size 20112992 bytes, new threshold 8 (max 8)
- age   1:    1759416 bytes,    1759416 total
- age   2:    1828992 bytes,    3588408 total
- age   3:      51376 bytes,    3639784 total
- age   4:       4216 bytes,    3644000 total
- age   5:     107624 bytes,    3751624 total
- age   6:     189112 bytes,    3940736 total
- age   7:     782784 bytes,    4723520 total
- age   8:    6088688 bytes,   10812208 total
: 103288K->17253K(109248K), 0,0367089 secs] 103288K->17253K(502464K), 0,0368031 secs] [Times: user=0,10 sys=0,00, real=0,03 secs] 
Heap after GC invocations=8 (full 1):
 par new generation   total 109248K, used 17253K [0x00000000e0000000, 0x00000000e8000000, 0x00000000e8000000)
  eden space 87424K,   0% used [0x00000000e0000000, 0x00000000e0000000, 0x00000000e5560000)
  from space 21824K,  79% used [0x00000000e5560000, 0x00000000e6639580, 0x00000000e6ab0000)
  to   space 21824K,   0% used [0x00000000e6ab0000, 0x00000000e6ab0000, 0x00000000e8000000)
 concurrent mark-sweep generation total 393216K, used 0K [0x00000000e8000000, 0x0000000100000000, 0x0000000100000000)
 Metaspace       used 24546K, capacity 25031K, committed 25212K, reserved 1071104K
  class space    used 2872K, capacity 3078K, committed 3196K, reserved 1048576K
}
2017-05-09T09:34:38.551+0200: 3,721: Total time for which application threads were stopped: 0,0370651 seconds, Stopping threads took: 0,0000269 seconds
{Heap before GC invocations=8 (full 1):
 par new generation   total 109248K, used 104677K [0x00000000e0000000, 0x00000000e8000000, 0x00000000e8000000)
  eden space 87424K, 100% used [0x00000000e0000000, 0x00000000e5560000, 0x00000000e5560000)
  from space 21824K,  79% used [0x00000000e5560000, 0x00000000e6639580, 0x00000000e6ab0000)
  to   space 21824K,   0% used [0x00000000e6ab0000, 0x00000000e6ab0000, 0x00000000e8000000)
 concurrent mark-sweep generation total 393216K, used 0K [0x00000000e8000000, 0x0000000100000000, 0x0000000100000000)
 Metaspace       used 24976K, capacity 25441K, committed 25724K, reserved 1071104K
  class space    used 2907K, capacity 3083K, committed 3196K, reserved 1048576K
2017-05-09T09:34:38.658+0200: 3,829: [GC (Allocation Failure) 2017-05-09T09:34:38.658+0200: 3,829: [ParNew
Desired survivor size 20112992 bytes, new threshold 8 (max 8)
- age   1:     858832 bytes,     858832 total
- age   2:    1028096 bytes,    1886928 total
- age   3:    1805744 bytes,    3692672 total
- age   4:      48904 bytes,    3741576 total
- age   5:       4216 bytes,    3745792 total
- age   6:     107368 bytes,    3853160 total
- age   7:     188432 bytes,    4041592 total
- age   8:     781960 bytes,    4823552 total
: 104677K->6893K(109248K), 0,0281479 secs] 104677K->12919K(502464K), 0,0282172 secs] [Times: user=0,09 sys=0,00, real=0,03 secs] 
Heap after GC invocations=9 (full 1):
 par new generation   total 109248K, used 6893K [0x00000000e0000000, 0x00000000e8000000, 0x00000000e8000000)
  eden space 87424K,   0% used [0x00000000e0000000, 0x00000000e0000000, 0x00000000e5560000)
  from space 21824K,  31% used [0x00000000e6ab0000, 0x00000000e716b430, 0x00000000e8000000)
  to   space 21824K,   0% used [0x00000000e5560000, 0x00000000e5560000, 0x00000000e6ab0000)
 concurrent mark-sweep generation total 393216K, used 6026K [0x00000000e8000000, 0x0000000100000000, 0x0000000100000000)
 Metaspace       used 24976K, capacity 25441K, committed 25724K, reserved 1071104K
  class space    used 2907K, capacity 3083K, committed 3196K, reserved 1048576K
}
2017-05-09T09:34:38.686+0200: 3,857: Total time for which application threads were stopped: 0,0284713 seconds, Stopping threads took: 0,0000874 seconds
2017-05-09T09:34:38.882+0200: 4,053: Total time for which application threads were stopped: 0,0026562 seconds, Stopping threads took: 0,0023363 seconds
2017-05-09T09:34:38.905+0200: 4,075: Total time for which application threads were stopped: 0,0001565 seconds, Stopping threads took: 0,0000425 seconds
2017-05-09T09:34:38.906+0200: 4,077: Total time for which application threads were stopped: 0,0008361 seconds, Stopping threads took: 0,0007491 seconds
2017-05-09T09:34:38.938+0200: 4,108: Total time for which application threads were stopped: 0,0001821 seconds, Stopping threads took: 0,0000433 seconds
2017-05-09T09:34:38.939+0200: 4,109: Total time for which application threads were stopped: 0,0001090 seconds, Stopping threads took: 0,0000349 seconds
2017-05-09T09:34:38.942+0200: 4,113: Total time for which application threads were stopped: 0,0004955 seconds, Stopping threads took: 0,0000355 seconds
2017-05-09T09:34:38.957+0200: 4,128: Total time for which application threads were stopped: 0,0001818 seconds, Stopping threads took: 0,0000438 seconds
2017-05-09T09:34:38.958+0200: 4,128: Total time for which application threads were stopped: 0,0001442 seconds, Stopping threads took: 0,0000717 seconds
2017-05-09T09:34:38.963+0200: 4,134: Total time for which application threads were stopped: 0,0004637 seconds, Stopping threads took: 0,0000460 seconds
2017-05-09T09:34:38.964+0200: 4,134: Total time for which application threads were stopped: 0,0001626 seconds, Stopping threads took: 0,0000749 seconds
2017-05-09T09:34:38.970+0200: 4,141: Total time for which application threads were stopped: 0,0001354 seconds, Stopping threads took: 0,0000278 seconds
2017-05-09T09:34:38.973+0200: 4,143: Total time for which application threads were stopped: 0,0001400 seconds, Stopping threads took: 0,0000233 seconds
2017-05-09T09:34:38.975+0200: 4,145: Total time for which application threads were stopped: 0,0001762 seconds, Stopping threads took: 0,0000729 seconds
2017-05-09T09:34:38.977+0200: 4,148: Total time for which application threads were stopped: 0,0001364 seconds, Stopping threads took: 0,0000424 seconds
2017-05-09T09:34:38.978+0200: 4,148: Total time for which application threads were stopped: 0,0000912 seconds, Stopping threads took: 0,0000169 seconds
2017-05-09T09:34:38.978+0200: 4,149: Total time for which application threads were stopped: 0,0000920 seconds, Stopping threads took: 0,0000163 seconds
2017-05-09T09:34:39.019+0200: 4,190: Total time for which application threads were stopped: 0,0005595 seconds, Stopping threads took: 0,0001584 seconds
2017-05-09T09:34:39.020+0200: 4,191: Total time for which application threads were stopped: 0,0000916 seconds, Stopping threads took: 0,0000216 seconds
2017-05-09T09:34:39.021+0200: 4,191: Total time for which application threads were stopped: 0,0000845 seconds, Stopping threads took: 0,0000222 seconds
2017-05-09T09:34:39.022+0200: 4,193: Total time for which application threads were stopped: 0,0011039 seconds, Stopping threads took: 0,0010542 seconds
2017-05-09T09:34:39.022+0200: 4,193: Total time for which application threads were stopped: 0,0000831 seconds, Stopping threads took: 0,0000246 seconds
2017-05-09T09:34:39.022+0200: 4,193: Total time for which application threads were stopped: 0,0000452 seconds, Stopping threads took: 0,0000098 seconds
2017-05-09T09:34:39.023+0200: 4,194: Total time for which application threads were stopped: 0,0000669 seconds, Stopping threads took: 0,0000239 seconds
2017-05-09T09:34:39.030+0200: 4,200: Total time for which application threads were stopped: 0,0000778 seconds, Stopping threads took: 0,0000256 seconds
2017-05-09T09:34:39.030+0200: 4,200: Total time for which application threads were stopped: 0,0000834 seconds, Stopping threads took: 0,0000240 seconds
2017-05-09T09:34:39.035+0200: 4,206: Total time for which application threads were stopped: 0,0001106 seconds, Stopping threads took: 0,0000367 seconds
2017-05-09T09:34:39.036+0200: 4,207: Total time for which application threads were stopped: 0,0000777 seconds, Stopping threads took: 0,0000244 seconds
2017-05-09T09:34:39.037+0200: 4,207: Total time for which application threads were stopped: 0,0001595 seconds, Stopping threads took: 0,0000219 seconds
2017-05-09T09:34:39.037+0200: 4,208: Total time for which application threads were stopped: 0,0000816 seconds, Stopping threads took: 0,0000223 seconds
2017-05-09T09:34:39.042+0200: 4,213: Total time for which application threads were stopped: 0,0038267 seconds, Stopping threads took: 0,0037466 seconds
2017-05-09T09:34:39.042+0200: 4,213: Total time for which application threads were stopped: 0,0000843 seconds, Stopping threads took: 0,0000239 seconds
2017-05-09T09:34:39.043+0200: 4,213: Total time for which application threads were stopped: 0,0000756 seconds, Stopping threads took: 0,0000181 seconds
2017-05-09T09:34:39.043+0200: 4,213: Total time for which application threads were stopped: 0,0000648 seconds, Stopping threads took: 0,0000174 seconds
2017-05-09T09:34:39.043+0200: 4,213: Total time for which application threads were stopped: 0,0000600 seconds, Stopping threads took: 0,0000140 seconds
2017-05-09T09:34:39.043+0200: 4,214: Total time for which application threads were stopped: 0,0000714 seconds, Stopping threads took: 0,0000195 seconds
2017-05-09T09:34:39.043+0200: 4,214: Total time for which application threads were stopped: 0,0000598 seconds, Stopping threads took: 0,0000146 seconds
2017-05-09T09:34:39.043+0200: 4,214: Total time for which application threads were stopped: 0,0000622 seconds, Stopping threads took: 0,0000159 seconds
2017-05-09T09:34:39.044+0200: 4,214: Total time for which application threads were stopped: 0,0000568 seconds, Stopping threads took: 0,0000179 seconds
2017-05-09T09:34:39.044+0200: 4,214: Total time for which application threads were stopped: 0,0000550 seconds, Stopping threads took: 0,0000137 seconds
2017-05-09T09:34:39.044+0200: 4,214: Total time for which application threads were stopped: 0,0000674 seconds, Stopping threads took: 0,0000188 seconds
2017-05-09T09:34:39.044+0200: 4,215: Total time for which application threads were stopped: 0,0000616 seconds, Stopping threads took: 0,0000141 seconds
2017-05-09T09:34:39.044+0200: 4,215: Total time for which application threads were stopped: 0,0000930 seconds, Stopping threads took: 0,0000426 seconds
2017-05-09T09:34:39.044+0200: 4,215: Total time for which application threads were stopped: 0,0000509 seconds, Stopping threads took: 0,0000153 seconds
2017-05-09T09:34:39.044+0200: 4,215: Total time for which application threads were stopped: 0,0000526 seconds, Stopping threads took: 0,0000149 seconds
2017-05-09T09:34:39.045+0200: 4,215: Total time for which application threads were stopped: 0,0000638 seconds, Stopping threads took: 0,0000177 seconds
2017-05-09T09:34:39.045+0200: 4,215: Total time for which application threads were stopped: 0,0000620 seconds, Stopping threads took: 0,0000187 seconds
2017-05-09T09:34:39.046+0200: 4,217: Total time for which application threads were stopped: 0,0010349 seconds, Stopping threads took: 0,0009778 seconds
2017-05-09T09:34:39.046+0200: 4,217: Total time for which application threads were stopped: 0,0001834 seconds, Stopping threads took: 0,0000776 seconds
2017-05-09T09:34:39.054+0200: 4,225: Total time for which application threads were stopped: 0,0011759 seconds, Stopping threads took: 0,0010511 seconds
2017-05-09T09:34:39.062+0200: 4,233: Total time for which application threads were stopped: 0,0050461 seconds, Stopping threads took: 0,0049775 seconds
2017-05-09T09:34:39.071+0200: 4,241: Total time for which application threads were stopped: 0,0001452 seconds, Stopping threads took: 0,0000369 seconds
2017-05-09T09:34:39.088+0200: 4,259: Total time for which application threads were stopped: 0,0001442 seconds, Stopping threads took: 0,0000659 seconds
2017-05-09T09:34:39.104+0200: 4,274: Total time for which application threads were stopped: 0,0003497 seconds, Stopping threads took: 0,0002726 seconds
2017-05-09T09:34:39.116+0200: 4,287: Total time for which application threads were stopped: 0,0001395 seconds, Stopping threads took: 0,0000610 seconds
2017-05-09T09:34:39.131+0200: 4,302: Total time for which application threads were stopped: 0,0001335 seconds, Stopping threads took: 0,0000535 seconds
2017-05-09T09:34:39.132+0200: 4,302: Total time for which application threads were stopped: 0,0003794 seconds, Stopping threads took: 0,0000145 seconds
2017-05-09T09:34:39.132+0200: 4,303: Total time for which application threads were stopped: 0,0000753 seconds, Stopping threads took: 0,0000283 seconds
2017-05-09T09:34:39.136+0200: 4,306: Total time for which application threads were stopped: 0,0001013 seconds, Stopping threads took: 0,0000281 seconds
2017-05-09T09:34:40.136+0200: 5,306: Total time for which application threads were stopped: 0,0000664 seconds, Stopping threads took: 0,0000175 seconds
2017-05-09T09:36:31.557+0200: 117,321: Total time for which application threads were stopped: 0,0002410 seconds, Stopping threads took: 0,0000762 seconds
2017-05-09T09:36:36.558+0200: 122,321: Total time for which application threads were stopped: 0,0000644 seconds, Stopping threads took: 0,0000160 seconds
2017-05-09T09:37:35.568+0200: 181,331: Total time for which application threads were stopped: 0,0001876 seconds, Stopping threads took: 0,0000777 seconds
{Heap before GC invocations=9 (full 1):
 par new generation   total 109248K, used 94317K [0x00000000e0000000, 0x00000000e8000000, 0x00000000e8000000)
  eden space 87424K, 100% used [0x00000000e0000000, 0x00000000e5560000, 0x00000000e5560000)
  from space 21824K,  31% used [0x00000000e6ab0000, 0x00000000e716b430, 0x00000000e8000000)
  to   space 21824K,   0% used [0x00000000e5560000, 0x00000000e5560000, 0x00000000e6ab0000)
 concurrent mark-sweep generation total 393216K, used 6026K [0x00000000e8000000, 0x0000000100000000, 0x0000000100000000)
 Metaspace       used 28045K, capacity 28543K, committed 28796K, reserved 1075200K
  class space    used 3213K, capacity 3388K, committed 3452K, reserved 1048576K
2017-05-09T09:39:05.362+0200: 271,125: [GC (Allocation Failure) 2017-05-09T09:39:05.362+0200: 271,125: [ParNew
Desired survivor size 20112992 bytes, new threshold 8 (max 8)
- age   1:   10818880 bytes,   10818880 total
- age   2:     222528 bytes,   11041408 total
- age   3:     225152 bytes,   11266560 total
- age   4:    1800888 bytes,   13067448 total
- age   5:      48904 bytes,   13116352 total
- age   6:       4216 bytes,   13120568 total
- age   7:     107240 bytes,   13227808 total
- age   8:     188336 bytes,   13416144 total
: 94317K->15798K(109248K), 0,0196681 secs] 100343K->22678K(502464K), 0,0197888 secs] [Times: user=0,05 sys=0,00, real=0,02 secs] 
Heap after GC invocations=10 (full 1):
 par new generation   total 109248K, used 15798K [0x00000000e0000000, 0x00000000e8000000, 0x00000000e8000000)
  eden space 87424K,   0% used [0x00000000e0000000, 0x00000000e0000000, 0x00000000e5560000)
  from space 21824K,  72% used [0x00000000e5560000, 0x00000000e64cda30, 0x00000000e6ab0000)
  to   space 21824K,   0% used [0x00000000e6ab0000, 0x00000000e6ab0000, 0x00000000e8000000)
 concurrent mark-sweep generation total 393216K, used 6880K [0x00000000e8000000, 0x0000000100000000, 0x0000000100000000)
 Metaspace       used 28045K, capacity 28543K, committed 28796K, reserved 1075200K
  class space    used 3213K, capacity 3388K, committed 3452K, reserved 1048576K
}
2017-05-09T09:39:05.382+0200: 271,145: Total time for which application threads were stopped: 0,0200615 seconds, Stopping threads took: 0,0000457 seconds
2017-05-09T09:39:05.383+0200: 271,146: Total time for which application threads were stopped: 0,0001660 seconds, Stopping threads took: 0,0000620 seconds
2017-05-09T09:39:05.384+0200: 271,147: Total time for which application threads were stopped: 0,0000728 seconds, Stopping threads took: 0,0000164 seconds
2017-05-09T09:39:10.384+0200: 276,147: Total time for which application threads were stopped: 0,0001037 seconds, Stopping threads took: 0,0000396 seconds
2017-05-09T09:58:00.542+0200: 1406,305: Total time for which application threads were stopped: 0,0000791 seconds, Stopping threads took: 0,0000307 seconds
2017-05-09T10:01:10.570+0200: 1596,333: Total time for which application threads were stopped: 0,0000987 seconds, Stopping threads took: 0,0000315 seconds
2017-05-09T10:12:51.673+0200: 2297,436: Total time for which application threads were stopped: 0,0001874 seconds, Stopping threads took: 0,0000708 seconds
2017-05-09T10:12:55.674+0200: 2301,437: Total time for which application threads were stopped: 0,0001475 seconds, Stopping threads took: 0,0000349 seconds
2017-05-09T10:14:01.684+0200: 2367,447: Total time for which application threads were stopped: 0,0001668 seconds, Stopping threads took: 0,0000636 seconds
2017-05-09T10:27:51.815+0200: 3197,578: Total time for which application threads were stopped: 0,0001686 seconds, Stopping threads took: 0,0000632 seconds
2017-05-09T10:48:44.153+0200: 3992,095: Total time for which application threads were stopped: 0,0000919 seconds, Stopping threads took: 0,0000297 seconds
2017-05-09T10:48:59.155+0200: 4007,097: Total time for which application threads were stopped: 0,0000835 seconds, Stopping threads took: 0,0000308 seconds
2017-05-09T11:01:09.250+0200: 4737,191: Total time for which application threads were stopped: 0,0001625 seconds, Stopping threads took: 0,0000610 seconds
2017-05-09T11:01:19.251+0200: 4747,193: Total time for which application threads were stopped: 0,0000699 seconds, Stopping threads took: 0,0000170 seconds
2017-05-09T11:31:09.527+0200: 6537,468: Total time for which application threads were stopped: 0,0000806 seconds, Stopping threads took: 0,0000332 seconds
2017-05-09T11:44:13.634+0200: 7321,575: Total time for which application threads were stopped: 0,0000922 seconds, Stopping threads took: 0,0000361 seconds
2017-05-09T11:45:13.641+0200: 7381,583: Total time for which application threads were stopped: 0,0000799 seconds, Stopping threads took: 0,0000305 seconds
2017-05-09T11:50:13.683+0200: 7681,625: Total time for which application threads were stopped: 0,0001206 seconds, Stopping threads took: 0,0000627 seconds
2017-05-09T11:50:43.687+0200: 7711,629: Total time for which application threads were stopped: 0,0000930 seconds, Stopping threads took: 0,0000364 seconds
2017-05-09T14:23:03.172+0200: 13894,066: Total time for which application threads were stopped: 0,0001455 seconds, Stopping threads took: 0,0000549 seconds
2017-05-09T14:47:31.367+0200: 15362,261: Total time for which application threads were stopped: 0,0000795 seconds, Stopping threads took: 0,0000324 seconds
2017-05-09T15:01:31.480+0200: 16202,374: Total time for which application threads were stopped: 0,0000942 seconds, Stopping threads took: 0,0000371 seconds
2017-05-09T17:55:55.814+0200: 24059,556: Total time for which application threads were stopped: 0,0280203 seconds, Stopping threads took: 0,0279319 seconds
2017-05-09T17:55:55.817+0200: 24059,558: Total time for which application threads were stopped: 0,0000880 seconds, Stopping threads took: 0,0000177 seconds
2017-05-09T17:55:55.817+0200: 24059,558: Total time for which application threads were stopped: 0,0000428 seconds, Stopping threads took: 0,0000068 seconds
2017-05-09T17:55:55.817+0200: 24059,558: Total time for which application threads were stopped: 0,0000416 seconds, Stopping threads took: 0,0000057 seconds
2017-05-09T17:55:55.817+0200: 24059,558: Total time for which application threads were stopped: 0,0000371 seconds, Stopping threads took: 0,0000054 seconds
2017-05-09T17:55:55.819+0200: 24059,560: Total time for which application threads were stopped: 0,0000905 seconds, Stopping threads took: 0,0000170 seconds
2017-05-09T17:55:55.822+0200: 24059,564: Total time for which application threads were stopped: 0,0000910 seconds, Stopping threads took: 0,0000245 seconds
2017-05-09T17:55:55.823+0200: 24059,564: Total time for which application threads were stopped: 0,0000496 seconds, Stopping threads took: 0,0000125 seconds
2017-05-09T17:55:55.823+0200: 24059,564: Total time for which application threads were stopped: 0,0000482 seconds, Stopping threads took: 0,0000150 seconds
2017-05-09T17:55:55.823+0200: 24059,564: Total time for which application threads were stopped: 0,0000455 seconds, Stopping threads took: 0,0000124 seconds
2017-05-09T17:55:55.862+0200: 24059,604: Total time for which application threads were stopped: 0,0001168 seconds, Stopping threads took: 0,0000288 seconds
2017-05-09T17:55:55.862+0200: 24059,604: Total time for which application threads were stopped: 0,0000536 seconds, Stopping threads took: 0,0000147 seconds
2017-05-09T17:55:55.862+0200: 24059,604: Total time for which application threads were stopped: 0,0000483 seconds, Stopping threads took: 0,0000145 seconds
2017-05-09T17:55:55.863+0200: 24059,604: Total time for which application threads were stopped: 0,0000412 seconds, Stopping threads took: 0,0000115 seconds
2017-05-09T17:55:55.863+0200: 24059,604: Total time for which application threads were stopped: 0,0000456 seconds, Stopping threads took: 0,0000121 seconds
2017-05-09T17:55:55.863+0200: 24059,604: Total time for which application threads were stopped: 0,0000421 seconds, Stopping threads took: 0,0000119 seconds
2017-05-09T17:55:55.863+0200: 24059,604: Total time for which application threads were stopped: 0,0000432 seconds, Stopping threads took: 0,0000124 seconds
2017-05-09T17:55:55.869+0200: 24059,610: Total time for which application threads were stopped: 0,0000893 seconds, Stopping threads took: 0,0000235 seconds
2017-05-09T17:55:55.869+0200: 24059,610: Total time for which application threads were stopped: 0,0000488 seconds, Stopping threads took: 0,0000129 seconds
2017-05-09T17:55:55.870+0200: 24059,611: Total time for which application threads were stopped: 0,0000816 seconds, Stopping threads took: 0,0000275 seconds
2017-05-09T17:55:55.871+0200: 24059,613: Total time for which application threads were stopped: 0,0000866 seconds, Stopping threads took: 0,0000225 seconds
2017-05-09T17:55:55.872+0200: 24059,613: Total time for which application threads were stopped: 0,0000471 seconds, Stopping threads took: 0,0000123 seconds
2017-05-09T17:55:55.887+0200: 24059,628: Total time for which application threads were stopped: 0,0001010 seconds, Stopping threads took: 0,0000184 seconds
2017-05-09T17:55:55.887+0200: 24059,628: Total time for which application threads were stopped: 0,0000692 seconds, Stopping threads took: 0,0000177 seconds
2017-05-09T17:55:55.891+0200: 24059,632: Total time for which application threads were stopped: 0,0034739 seconds, Stopping threads took: 0,0034081 seconds
2017-05-09T17:55:55.891+0200: 24059,633: Total time for which application threads were stopped: 0,0001118 seconds, Stopping threads took: 0,0000331 seconds
2017-05-09T17:55:55.893+0200: 24059,634: Total time for which application threads were stopped: 0,0001221 seconds, Stopping threads took: 0,0000278 seconds
2017-05-09T17:55:55.893+0200: 24059,635: Total time for which application threads were stopped: 0,0000665 seconds, Stopping threads took: 0,0000106 seconds
2017-05-09T17:55:55.895+0200: 24059,637: Total time for which application threads were stopped: 0,0018650 seconds, Stopping threads took: 0,0017702 seconds
2017-05-09T17:55:55.897+0200: 24059,638: Total time for which application threads were stopped: 0,0001003 seconds, Stopping threads took: 0,0000234 seconds
2017-05-09T17:55:55.897+0200: 24059,639: Total time for which application threads were stopped: 0,0000496 seconds, Stopping threads took: 0,0000139 seconds
2017-05-09T17:55:55.897+0200: 24059,639: Total time for which application threads were stopped: 0,0000441 seconds, Stopping threads took: 0,0000124 seconds
2017-05-09T17:55:55.900+0200: 24059,641: Total time for which application threads were stopped: 0,0001083 seconds, Stopping threads took: 0,0000370 seconds
2017-05-09T17:55:55.903+0200: 24059,644: Total time for which application threads were stopped: 0,0015380 seconds, Stopping threads took: 0,0000267 seconds
2017-05-09T17:55:55.903+0200: 24059,644: Total time for which application threads were stopped: 0,0000632 seconds, Stopping threads took: 0,0000094 seconds
2017-05-09T17:55:55.903+0200: 24059,644: Total time for which application threads were stopped: 0,0000445 seconds, Stopping threads took: 0,0000141 seconds
2017-05-09T17:55:55.903+0200: 24059,644: Total time for which application threads were stopped: 0,0000447 seconds, Stopping threads took: 0,0000149 seconds
2017-05-09T17:55:55.905+0200: 24059,646: Total time for which application threads were stopped: 0,0001106 seconds, Stopping threads took: 0,0000358 seconds
2017-05-09T17:55:55.905+0200: 24059,646: Total time for which application threads were stopped: 0,0000667 seconds, Stopping threads took: 0,0000213 seconds
2017-05-09T17:55:55.905+0200: 24059,647: Total time for which application threads were stopped: 0,0000796 seconds, Stopping threads took: 0,0000228 seconds
2017-05-09T17:55:55.906+0200: 24059,647: Total time for which application threads were stopped: 0,0000601 seconds, Stopping threads took: 0,0000205 seconds
2017-05-09T17:55:55.906+0200: 24059,647: Total time for which application threads were stopped: 0,0001657 seconds, Stopping threads took: 0,0000054 seconds
2017-05-09T17:55:55.907+0200: 24059,648: Total time for which application threads were stopped: 0,0000941 seconds, Stopping threads took: 0,0000299 seconds
2017-05-09T17:55:55.909+0200: 24059,650: Total time for which application threads were stopped: 0,0001363 seconds, Stopping threads took: 0,0000313 seconds
2017-05-09T17:55:55.912+0200: 24059,653: Total time for which application threads were stopped: 0,0001079 seconds, Stopping threads took: 0,0000281 seconds
2017-05-09T17:55:55.913+0200: 24059,654: Total time for which application threads were stopped: 0,0001354 seconds, Stopping threads took: 0,0000244 seconds
Heap
 par new generation   total 109248K, used 34034K [0x00000000e0000000, 0x00000000e8000000, 0x00000000e8000000)
  eden space 87424K,  20% used [0x00000000e0000000, 0x00000000e11cee48, 0x00000000e5560000)
  from space 21824K,  72% used [0x00000000e5560000, 0x00000000e64cda30, 0x00000000e6ab0000)
  to   space 21824K,   0% used [0x00000000e6ab0000, 0x00000000e6ab0000, 0x00000000e8000000)
 concurrent mark-sweep generation total 393216K, used 6880K [0x00000000e8000000, 0x0000000100000000, 0x0000000100000000)
 Metaspace       used 28199K, capacity 28775K, committed 29052K, reserved 1075200K
  class space    used 3227K, capacity 3422K, committed 3452K, reserved 1048576K
