OpenJDK 64-Bit Server VM (25.131-b11) for linux-amd64 JRE (1.8.0_131-8u131-b11-0ubuntu1.16.04.2-b11), built on May  6 2017 02:45:27 by "buildd" with gcc 5.4.0 20160609
Memory: 4k page, physical 7867740k(7408072k free), swap 8076284k(8076284k free)
CommandLine flags: -XX:CMSInitiatingOccupancyFraction=50 -XX:CMSMaxAbortablePrecleanTime=6000 -XX:+CMSParallelRemarkEnabled -XX:+CMSScavengeBeforeRemark -XX:ConcGCThreads=4 -XX:InitialHeapSize=536870912 -XX:MaxHeapSize=536870912 -XX:MaxTenuringThreshold=8 -XX:NewRatio=3 -XX:OldPLABSize=16 -XX:OnOutOfMemoryError=/opt/solr/bin/oom_solr.sh 8983 /var/solr/logs -XX:ParallelGCThreads=4 -XX:+ParallelRefProcEnabled -XX:PretenureSizeThreshold=67108864 -XX:+PrintGC -XX:+PrintGCApplicationStoppedTime -XX:+PrintGCDateStamps -XX:+PrintGCDetails -XX:+PrintGCTimeStamps -XX:+PrintHeapAtGC -XX:+PrintTenuringDistribution -XX:SurvivorRatio=4 -XX:TargetSurvivorRatio=90 -XX:ThreadStackSize=256 -XX:+UseCMSInitiatingOccupancyOnly -XX:+UseCompressedClassPointers -XX:+UseCompressedOops -XX:+UseConcMarkSweepGC -XX:+UseParNewGC 
2017-06-08T19:48:29.819+0200: 0,131: Total time for which application threads were stopped: 0,0000884 seconds, Stopping threads took: 0,0000118 seconds
2017-06-08T19:48:29.900+0200: 0,213: Total time for which application threads were stopped: 0,0000952 seconds, Stopping threads took: 0,0000141 seconds
2017-06-08T19:48:29.914+0200: 0,226: Total time for which application threads were stopped: 0,0000715 seconds, Stopping threads took: 0,0000084 seconds
2017-06-08T19:48:30.159+0200: 0,472: Total time for which application threads were stopped: 0,0001346 seconds, Stopping threads took: 0,0000094 seconds
2017-06-08T19:48:30.605+0200: 0,917: Total time for which application threads were stopped: 0,0001592 seconds, Stopping threads took: 0,0000197 seconds
2017-06-08T19:48:30.798+0200: 1,110: Total time for which application threads were stopped: 0,0002025 seconds, Stopping threads took: 0,0000280 seconds
2017-06-08T19:48:30.838+0200: 1,151: Total time for which application threads were stopped: 0,0003149 seconds, Stopping threads took: 0,0000420 seconds
2017-06-08T19:48:31.221+0200: 1,533: Total time for which application threads were stopped: 0,0001716 seconds, Stopping threads took: 0,0000201 seconds
2017-06-08T19:48:31.425+0200: 1,738: Total time for which application threads were stopped: 0,0002014 seconds, Stopping threads took: 0,0000213 seconds
2017-06-08T19:48:31.450+0200: 1,763: Total time for which application threads were stopped: 0,0002104 seconds, Stopping threads took: 0,0000198 seconds
2017-06-08T19:48:31.484+0200: 1,797: Total time for which application threads were stopped: 0,0002189 seconds, Stopping threads took: 0,0000230 seconds
2017-06-08T19:48:31.488+0200: 1,801: Total time for which application threads were stopped: 0,0016186 seconds, Stopping threads took: 0,0000835 seconds
2017-06-08T19:48:31.510+0200: 1,823: Total time for which application threads were stopped: 0,0012767 seconds, Stopping threads took: 0,0000954 seconds
2017-06-08T19:48:31.579+0200: 1,892: Total time for which application threads were stopped: 0,0002581 seconds, Stopping threads took: 0,0000235 seconds
2017-06-08T19:48:31.741+0200: 2,053: Total time for which application threads were stopped: 0,0003898 seconds, Stopping threads took: 0,0001699 seconds
{Heap before GC invocations=0 (full 0):
 par new generation   total 109248K, used 87424K [0x00000000e0000000, 0x00000000e8000000, 0x00000000e8000000)
  eden space 87424K, 100% used [0x00000000e0000000, 0x00000000e5560000, 0x00000000e5560000)
  from space 21824K,   0% used [0x00000000e5560000, 0x00000000e5560000, 0x00000000e6ab0000)
  to   space 21824K,   0% used [0x00000000e6ab0000, 0x00000000e6ab0000, 0x00000000e8000000)
 concurrent mark-sweep generation total 393216K, used 0K [0x00000000e8000000, 0x0000000100000000, 0x0000000100000000)
 Metaspace       used 18020K, capacity 18336K, committed 18688K, reserved 1064960K
  class space    used 2036K, capacity 2196K, committed 2304K, reserved 1048576K
2017-06-08T19:48:31.833+0200: 2,146: [GC (Allocation Failure) 2017-06-08T19:48:31.833+0200: 2,146: [ParNew
Desired survivor size 20112992 bytes, new threshold 8 (max 8)
- age   1:   12596632 bytes,   12596632 total
: 87424K->12412K(109248K), 0,0165583 secs] 87424K->12412K(502464K), 0,0166684 secs] [Times: user=0,02 sys=0,03, real=0,02 secs] 
Heap after GC invocations=1 (full 0):
 par new generation   total 109248K, used 12412K [0x00000000e0000000, 0x00000000e8000000, 0x00000000e8000000)
  eden space 87424K,   0% used [0x00000000e0000000, 0x00000000e0000000, 0x00000000e5560000)
  from space 21824K,  56% used [0x00000000e6ab0000, 0x00000000e76cf098, 0x00000000e8000000)
  to   space 21824K,   0% used [0x00000000e5560000, 0x00000000e5560000, 0x00000000e6ab0000)
 concurrent mark-sweep generation total 393216K, used 0K [0x00000000e8000000, 0x0000000100000000, 0x0000000100000000)
 Metaspace       used 18020K, capacity 18336K, committed 18688K, reserved 1064960K
  class space    used 2036K, capacity 2196K, committed 2304K, reserved 1048576K
}
2017-06-08T19:48:31.850+0200: 2,162: Total time for which application threads were stopped: 0,0169504 seconds, Stopping threads took: 0,0000388 seconds
2017-06-08T19:48:32.158+0200: 2,471: Total time for which application threads were stopped: 0,0003009 seconds, Stopping threads took: 0,0000207 seconds
{Heap before GC invocations=1 (full 0):
 par new generation   total 109248K, used 99836K [0x00000000e0000000, 0x00000000e8000000, 0x00000000e8000000)
  eden space 87424K, 100% used [0x00000000e0000000, 0x00000000e5560000, 0x00000000e5560000)
  from space 21824K,  56% used [0x00000000e6ab0000, 0x00000000e76cf098, 0x00000000e8000000)
  to   space 21824K,   0% used [0x00000000e5560000, 0x00000000e5560000, 0x00000000e6ab0000)
 concurrent mark-sweep generation total 393216K, used 0K [0x00000000e8000000, 0x0000000100000000, 0x0000000100000000)
 Metaspace       used 20043K, capacity 20356K, committed 20736K, reserved 1067008K
  class space    used 2295K, capacity 2468K, committed 2560K, reserved 1048576K
2017-06-08T19:48:32.208+0200: 2,521: [GC (Allocation Failure) 2017-06-08T19:48:32.208+0200: 2,521: [ParNew
Desired survivor size 20112992 bytes, new threshold 8 (max 8)
- age   1:    3661632 bytes,    3661632 total
- age   2:    6665944 bytes,   10327576 total
: 99836K->15730K(109248K), 0,0098318 secs] 99836K->15730K(502464K), 0,0099056 secs] [Times: user=0,04 sys=0,00, real=0,01 secs] 
Heap after GC invocations=2 (full 0):
 par new generation   total 109248K, used 15730K [0x00000000e0000000, 0x00000000e8000000, 0x00000000e8000000)
  eden space 87424K,   0% used [0x00000000e0000000, 0x00000000e0000000, 0x00000000e5560000)
  from space 21824K,  72% used [0x00000000e5560000, 0x00000000e64bca00, 0x00000000e6ab0000)
  to   space 21824K,   0% used [0x00000000e6ab0000, 0x00000000e6ab0000, 0x00000000e8000000)
 concurrent mark-sweep generation total 393216K, used 0K [0x00000000e8000000, 0x0000000100000000, 0x0000000100000000)
 Metaspace       used 20043K, capacity 20356K, committed 20736K, reserved 1067008K
  class space    used 2295K, capacity 2468K, committed 2560K, reserved 1048576K
}
2017-06-08T19:48:32.218+0200: 2,531: Total time for which application threads were stopped: 0,0101859 seconds, Stopping threads took: 0,0001053 seconds
2017-06-08T19:48:32.226+0200: 2,538: Total time for which application threads were stopped: 0,0002988 seconds, Stopping threads took: 0,0000270 seconds
2017-06-08T19:48:32.258+0200: 2,571: Total time for which application threads were stopped: 0,0003206 seconds, Stopping threads took: 0,0000368 seconds
2017-06-08T19:48:32.376+0200: 2,688: Total time for which application threads were stopped: 0,0002094 seconds, Stopping threads took: 0,0000498 seconds
{Heap before GC invocations=2 (full 0):
 par new generation   total 109248K, used 103154K [0x00000000e0000000, 0x00000000e8000000, 0x00000000e8000000)
  eden space 87424K, 100% used [0x00000000e0000000, 0x00000000e5560000, 0x00000000e5560000)
  from space 21824K,  72% used [0x00000000e5560000, 0x00000000e64bca00, 0x00000000e6ab0000)
  to   space 21824K,   0% used [0x00000000e6ab0000, 0x00000000e6ab0000, 0x00000000e8000000)
 concurrent mark-sweep generation total 393216K, used 0K [0x00000000e8000000, 0x0000000100000000, 0x0000000100000000)
 Metaspace       used 20982K, capacity 21278K, committed 21628K, reserved 1069056K
  class space    used 2416K, capacity 2587K, committed 2684K, reserved 1048576K
2017-06-08T19:48:32.425+0200: 2,737: [GC (Allocation Failure) 2017-06-08T19:48:32.425+0200: 2,737: [ParNew
Desired survivor size 20112992 bytes, new threshold 8 (max 8)
- age   1:    2055112 bytes,    2055112 total
- age   2:     863392 bytes,    2918504 total
- age   3:    6661504 bytes,    9580008 total
: 103154K->11219K(109248K), 0,0177450 secs] 103154K->11219K(502464K), 0,0178331 secs] [Times: user=0,06 sys=0,00, real=0,02 secs] 
Heap after GC invocations=3 (full 0):
 par new generation   total 109248K, used 11219K [0x00000000e0000000, 0x00000000e8000000, 0x00000000e8000000)
  eden space 87424K,   0% used [0x00000000e0000000, 0x00000000e0000000, 0x00000000e5560000)
  from space 21824K,  51% used [0x00000000e6ab0000, 0x00000000e75a4ce0, 0x00000000e8000000)
  to   space 21824K,   0% used [0x00000000e5560000, 0x00000000e5560000, 0x00000000e6ab0000)
 concurrent mark-sweep generation total 393216K, used 0K [0x00000000e8000000, 0x0000000100000000, 0x0000000100000000)
 Metaspace       used 20982K, capacity 21278K, committed 21628K, reserved 1069056K
  class space    used 2416K, capacity 2587K, committed 2684K, reserved 1048576K
}
2017-06-08T19:48:32.443+0200: 2,755: Total time for which application threads were stopped: 0,0180575 seconds, Stopping threads took: 0,0000571 seconds
2017-06-08T19:48:32.447+0200: 2,759: [GC (CMS Initial Mark) [1 CMS-initial-mark: 0K(393216K)] 14779K(502464K), 0,0047190 secs] [Times: user=0,01 sys=0,00, real=0,00 secs] 
2017-06-08T19:48:32.451+0200: 2,764: Total time for which application threads were stopped: 0,0048677 seconds, Stopping threads took: 0,0000258 seconds
2017-06-08T19:48:32.451+0200: 2,764: [CMS-concurrent-mark-start]
2017-06-08T19:48:32.452+0200: 2,764: [CMS-concurrent-mark: 0,000/0,000 secs] [Times: user=0,00 sys=0,00, real=0,00 secs] 
2017-06-08T19:48:32.452+0200: 2,764: [CMS-concurrent-preclean-start]
2017-06-08T19:48:32.453+0200: 2,766: [CMS-concurrent-preclean: 0,001/0,001 secs] [Times: user=0,01 sys=0,00, real=0,00 secs] 
2017-06-08T19:48:32.453+0200: 2,766: [CMS-concurrent-abortable-preclean-start]
2017-06-08T19:48:32.512+0200: 2,825: Total time for which application threads were stopped: 0,0020269 seconds, Stopping threads took: 0,0019404 seconds
{Heap before GC invocations=3 (full 1):
 par new generation   total 109248K, used 98643K [0x00000000e0000000, 0x00000000e8000000, 0x00000000e8000000)
  eden space 87424K, 100% used [0x00000000e0000000, 0x00000000e5560000, 0x00000000e5560000)
  from space 21824K,  51% used [0x00000000e6ab0000, 0x00000000e75a4ce0, 0x00000000e8000000)
  to   space 21824K,   0% used [0x00000000e5560000, 0x00000000e5560000, 0x00000000e6ab0000)
 concurrent mark-sweep generation total 393216K, used 0K [0x00000000e8000000, 0x0000000100000000, 0x0000000100000000)
 Metaspace       used 21270K, capacity 21615K, committed 21884K, reserved 1069056K
  class space    used 2446K, capacity 2602K, committed 2684K, reserved 1048576K
2017-06-08T19:48:32.560+0200: 2,872: [GC (Allocation Failure) 2017-06-08T19:48:32.560+0200: 2,872: [ParNew
Desired survivor size 20112992 bytes, new threshold 8 (max 8)
- age   1:    1040440 bytes,    1040440 total
- age   2:    1439576 bytes,    2480016 total
- age   3:     830088 bytes,    3310104 total
- age   4:    6661600 bytes,    9971704 total
: 98643K->14241K(109248K), 0,0101183 secs] 98643K->14241K(502464K), 0,0101924 secs] [Times: user=0,04 sys=0,00, real=0,01 secs] 
Heap after GC invocations=4 (full 1):
 par new generation   total 109248K, used 14241K [0x00000000e0000000, 0x00000000e8000000, 0x00000000e8000000)
  eden space 87424K,   0% used [0x00000000e0000000, 0x00000000e0000000, 0x00000000e5560000)
  from space 21824K,  65% used [0x00000000e5560000, 0x00000000e63487c0, 0x00000000e6ab0000)
  to   space 21824K,   0% used [0x00000000e6ab0000, 0x00000000e6ab0000, 0x00000000e8000000)
 concurrent mark-sweep generation total 393216K, used 0K [0x00000000e8000000, 0x0000000100000000, 0x0000000100000000)
 Metaspace       used 21270K, capacity 21615K, committed 21884K, reserved 1069056K
  class space    used 2446K, capacity 2602K, committed 2684K, reserved 1048576K
}
2017-06-08T19:48:32.570+0200: 2,883: Total time for which application threads were stopped: 0,0112300 seconds, Stopping threads took: 0,0008770 seconds
2017-06-08T19:48:32.570+0200: 2,883: [CMS-concurrent-abortable-preclean: 0,058/0,117 secs] [Times: user=0,45 sys=0,00, real=0,12 secs] 
2017-06-08T19:48:32.575+0200: 2,887: [GC (CMS Final Remark) [YG occupancy: 18990 K (109248 K)]{Heap before GC invocations=4 (full 1):
 par new generation   total 109248K, used 18990K [0x00000000e0000000, 0x00000000e8000000, 0x00000000e8000000)
  eden space 87424K,   5% used [0x00000000e0000000, 0x00000000e04a3358, 0x00000000e5560000)
  from space 21824K,  65% used [0x00000000e5560000, 0x00000000e63487c0, 0x00000000e6ab0000)
  to   space 21824K,   0% used [0x00000000e6ab0000, 0x00000000e6ab0000, 0x00000000e8000000)
 concurrent mark-sweep generation total 393216K, used 0K [0x00000000e8000000, 0x0000000100000000, 0x0000000100000000)
 Metaspace       used 21275K, capacity 21615K, committed 21884K, reserved 1069056K
  class space    used 2447K, capacity 2602K, committed 2684K, reserved 1048576K
2017-06-08T19:48:32.575+0200: 2,887: [GC (CMS Final Remark) 2017-06-08T19:48:32.575+0200: 2,887: [ParNew
Desired survivor size 20112992 bytes, new threshold 8 (max 8)
- age   1:     163880 bytes,     163880 total
- age   2:     346816 bytes,     510696 total
- age   3:    1439432 bytes,    1950128 total
- age   4:     830056 bytes,    2780184 total
- age   5:    6661440 bytes,    9441624 total
: 18990K->11372K(109248K), 0,0095530 secs] 18990K->11372K(502464K), 0,0095926 secs] [Times: user=0,03 sys=0,00, real=0,01 secs] 
Heap after GC invocations=5 (full 1):
 par new generation   total 109248K, used 11372K [0x00000000e0000000, 0x00000000e8000000, 0x00000000e8000000)
  eden space 87424K,   0% used [0x00000000e0000000, 0x00000000e0000000, 0x00000000e5560000)
  from space 21824K,  52% used [0x00000000e6ab0000, 0x00000000e75cb1c0, 0x00000000e8000000)
  to   space 21824K,   0% used [0x00000000e5560000, 0x00000000e5560000, 0x00000000e6ab0000)
 concurrent mark-sweep generation total 393216K, used 0K [0x00000000e8000000, 0x0000000100000000, 0x0000000100000000)
 Metaspace       used 21275K, capacity 21615K, committed 21884K, reserved 1069056K
  class space    used 2447K, capacity 2602K, committed 2684K, reserved 1048576K
}
2017-06-08T19:48:32.584+0200: 2,897: [Rescan (parallel) , 0,0036056 secs]2017-06-08T19:48:32.588+0200: 2,900: [weak refs processing, 0,0012306 secs]2017-06-08T19:48:32.589+0200: 2,902: [class unloading, 0,0028536 secs]2017-06-08T19:48:32.592+0200: 2,905: [scrub symbol table, 0,0025359 secs]2017-06-08T19:48:32.595+0200: 2,907: [scrub string table, 0,0004012 secs][1 CMS-remark: 0K(393216K)] 11372K(502464K), 0,0209243 secs] [Times: user=0,05 sys=0,00, real=0,02 secs] 
2017-06-08T19:48:32.596+0200: 2,908: Total time for which application threads were stopped: 0,0210699 seconds, Stopping threads took: 0,0000611 seconds
2017-06-08T19:48:32.596+0200: 2,908: [CMS-concurrent-sweep-start]
2017-06-08T19:48:32.596+0200: 2,908: [CMS-concurrent-sweep: 0,000/0,000 secs] [Times: user=0,00 sys=0,00, real=0,00 secs] 
2017-06-08T19:48:32.596+0200: 2,908: [CMS-concurrent-reset-start]
2017-06-08T19:48:32.598+0200: 2,910: [CMS-concurrent-reset: 0,002/0,002 secs] [Times: user=0,01 sys=0,00, real=0,00 secs] 
{Heap before GC invocations=5 (full 1):
 par new generation   total 109248K, used 98796K [0x00000000e0000000, 0x00000000e8000000, 0x00000000e8000000)
  eden space 87424K, 100% used [0x00000000e0000000, 0x00000000e5560000, 0x00000000e5560000)
  from space 21824K,  52% used [0x00000000e6ab0000, 0x00000000e75cb1c0, 0x00000000e8000000)
  to   space 21824K,   0% used [0x00000000e5560000, 0x00000000e5560000, 0x00000000e6ab0000)
 concurrent mark-sweep generation total 393216K, used 0K [0x00000000e8000000, 0x0000000100000000, 0x0000000100000000)
 Metaspace       used 21455K, capacity 21787K, committed 21884K, reserved 1069056K
  class space    used 2471K, capacity 2636K, committed 2684K, reserved 1048576K
2017-06-08T19:48:32.687+0200: 2,999: [GC (Allocation Failure) 2017-06-08T19:48:32.687+0200: 2,999: [ParNew
Desired survivor size 20112992 bytes, new threshold 8 (max 8)
- age   1:     741024 bytes,     741024 total
- age   2:       6296 bytes,     747320 total
- age   3:     191832 bytes,     939152 total
- age   4:    1438192 bytes,    2377344 total
- age   5:     828072 bytes,    3205416 total
- age   6:    6661440 bytes,    9866856 total
: 98796K->14589K(109248K), 0,0104986 secs] 98796K->14589K(502464K), 0,0105852 secs] [Times: user=0,04 sys=0,00, real=0,01 secs] 
Heap after GC invocations=6 (full 1):
 par new generation   total 109248K, used 14589K [0x00000000e0000000, 0x00000000e8000000, 0x00000000e8000000)
  eden space 87424K,   0% used [0x00000000e0000000, 0x00000000e0000000, 0x00000000e5560000)
  from space 21824K,  66% used [0x00000000e5560000, 0x00000000e639f540, 0x00000000e6ab0000)
  to   space 21824K,   0% used [0x00000000e6ab0000, 0x00000000e6ab0000, 0x00000000e8000000)
 concurrent mark-sweep generation total 393216K, used 0K [0x00000000e8000000, 0x0000000100000000, 0x0000000100000000)
 Metaspace       used 21455K, capacity 21787K, committed 21884K, reserved 1069056K
  class space    used 2471K, capacity 2636K, committed 2684K, reserved 1048576K
}
2017-06-08T19:48:32.697+0200: 3,010: Total time for which application threads were stopped: 0,0108706 seconds, Stopping threads took: 0,0001213 seconds
2017-06-08T19:48:32.723+0200: 3,036: Total time for which application threads were stopped: 0,0003362 seconds, Stopping threads took: 0,0000192 seconds
2017-06-08T19:48:32.988+0200: 3,300: Total time for which application threads were stopped: 0,0004342 seconds, Stopping threads took: 0,0000241 seconds
2017-06-08T19:48:33.005+0200: 3,318: Total time for which application threads were stopped: 0,0004774 seconds, Stopping threads took: 0,0000574 seconds
{Heap before GC invocations=6 (full 1):
 par new generation   total 109248K, used 101993K [0x00000000e0000000, 0x00000000e8000000, 0x00000000e8000000)
  eden space 87424K,  99% used [0x00000000e0000000, 0x00000000e555af58, 0x00000000e5560000)
  from space 21824K,  66% used [0x00000000e5560000, 0x00000000e639f540, 0x00000000e6ab0000)
  to   space 21824K,   0% used [0x00000000e6ab0000, 0x00000000e6ab0000, 0x00000000e8000000)
 concurrent mark-sweep generation total 393216K, used 0K [0x00000000e8000000, 0x0000000100000000, 0x0000000100000000)
 Metaspace       used 23827K, capacity 24281K, committed 24572K, reserved 1071104K
  class space    used 2800K, capacity 2977K, committed 3068K, reserved 1048576K
2017-06-08T19:48:33.161+0200: 3,474: [GC (Allocation Failure) 2017-06-08T19:48:33.161+0200: 3,474: [ParNew
Desired survivor size 20112992 bytes, new threshold 8 (max 8)
- age   1:    4971472 bytes,    4971472 total
- age   2:     148888 bytes,    5120360 total
- age   3:       6296 bytes,    5126656 total
- age   4:     190880 bytes,    5317536 total
- age   5:     269288 bytes,    5586824 total
- age   6:     803752 bytes,    6390576 total
- age   7:    6653216 bytes,   13043792 total
: 101993K->14602K(109248K), 0,0165003 secs] 101993K->14602K(502464K), 0,0165758 secs] [Times: user=0,06 sys=0,00, real=0,02 secs] 
Heap after GC invocations=7 (full 1):
 par new generation   total 109248K, used 14602K [0x00000000e0000000, 0x00000000e8000000, 0x00000000e8000000)
  eden space 87424K,   0% used [0x00000000e0000000, 0x00000000e0000000, 0x00000000e5560000)
  from space 21824K,  66% used [0x00000000e6ab0000, 0x00000000e78f29d0, 0x00000000e8000000)
  to   space 21824K,   0% used [0x00000000e5560000, 0x00000000e5560000, 0x00000000e6ab0000)
 concurrent mark-sweep generation total 393216K, used 0K [0x00000000e8000000, 0x0000000100000000, 0x0000000100000000)
 Metaspace       used 23827K, capacity 24281K, committed 24572K, reserved 1071104K
  class space    used 2800K, capacity 2977K, committed 3068K, reserved 1048576K
}
2017-06-08T19:48:33.178+0200: 3,490: Total time for which application threads were stopped: 0,0169160 seconds, Stopping threads took: 0,0000695 seconds
{Heap before GC invocations=7 (full 1):
 par new generation   total 109248K, used 102026K [0x00000000e0000000, 0x00000000e8000000, 0x00000000e8000000)
  eden space 87424K, 100% used [0x00000000e0000000, 0x00000000e5560000, 0x00000000e5560000)
  from space 21824K,  66% used [0x00000000e6ab0000, 0x00000000e78f29d0, 0x00000000e8000000)
  to   space 21824K,   0% used [0x00000000e5560000, 0x00000000e5560000, 0x00000000e6ab0000)
 concurrent mark-sweep generation total 393216K, used 0K [0x00000000e8000000, 0x0000000100000000, 0x0000000100000000)
 Metaspace       used 24353K, capacity 24799K, committed 25084K, reserved 1071104K
  class space    used 2852K, capacity 3042K, committed 3068K, reserved 1048576K
2017-06-08T19:48:33.271+0200: 3,583: [GC (Allocation Failure) 2017-06-08T19:48:33.271+0200: 3,583: [ParNew
Desired survivor size 20112992 bytes, new threshold 8 (max 8)
- age   1:    1748152 bytes,    1748152 total
- age   2:    1759680 bytes,    3507832 total
- age   3:      82136 bytes,    3589968 total
- age   4:       6296 bytes,    3596264 total
- age   5:     106840 bytes,    3703104 total
- age   6:     180128 bytes,    3883232 total
- age   7:     753416 bytes,    4636648 total
- age   8:    6120208 bytes,   10756856 total
: 102026K->13346K(109248K), 0,0132268 secs] 102026K->13346K(502464K), 0,0133094 secs] [Times: user=0,04 sys=0,00, real=0,02 secs] 
Heap after GC invocations=8 (full 1):
 par new generation   total 109248K, used 13346K [0x00000000e0000000, 0x00000000e8000000, 0x00000000e8000000)
  eden space 87424K,   0% used [0x00000000e0000000, 0x00000000e0000000, 0x00000000e5560000)
  from space 21824K,  61% used [0x00000000e5560000, 0x00000000e6268810, 0x00000000e6ab0000)
  to   space 21824K,   0% used [0x00000000e6ab0000, 0x00000000e6ab0000, 0x00000000e8000000)
 concurrent mark-sweep generation total 393216K, used 0K [0x00000000e8000000, 0x0000000100000000, 0x0000000100000000)
 Metaspace       used 24353K, capacity 24799K, committed 25084K, reserved 1071104K
  class space    used 2852K, capacity 3042K, committed 3068K, reserved 1048576K
}
2017-06-08T19:48:33.284+0200: 3,596: Total time for which application threads were stopped: 0,0146508 seconds, Stopping threads took: 0,0011401 seconds
{Heap before GC invocations=8 (full 1):
 par new generation   total 109248K, used 100770K [0x00000000e0000000, 0x00000000e8000000, 0x00000000e8000000)
  eden space 87424K, 100% used [0x00000000e0000000, 0x00000000e5560000, 0x00000000e5560000)
  from space 21824K,  61% used [0x00000000e5560000, 0x00000000e6268810, 0x00000000e6ab0000)
  to   space 21824K,   0% used [0x00000000e6ab0000, 0x00000000e6ab0000, 0x00000000e8000000)
 concurrent mark-sweep generation total 393216K, used 0K [0x00000000e8000000, 0x0000000100000000, 0x0000000100000000)
 Metaspace       used 24802K, capacity 25305K, committed 25468K, reserved 1071104K
  class space    used 2892K, capacity 3079K, committed 3196K, reserved 1048576K
2017-06-08T19:48:33.370+0200: 3,682: [GC (Allocation Failure) 2017-06-08T19:48:33.370+0200: 3,683: [ParNew
Desired survivor size 20112992 bytes, new threshold 8 (max 8)
- age   1:     944448 bytes,     944448 total
- age   2:     988616 bytes,    1933064 total
- age   3:    1737232 bytes,    3670296 total
- age   4:      82072 bytes,    3752368 total
- age   5:       6296 bytes,    3758664 total
- age   6:     104032 bytes,    3862696 total
- age   7:     177232 bytes,    4039928 total
- age   8:     751912 bytes,    4791840 total
: 100770K->10547K(109248K), 0,0369526 secs] 100770K->16606K(502464K), 0,0370267 secs] [Times: user=0,12 sys=0,00, real=0,04 secs] 
Heap after GC invocations=9 (full 1):
 par new generation   total 109248K, used 10547K [0x00000000e0000000, 0x00000000e8000000, 0x00000000e8000000)
  eden space 87424K,   0% used [0x00000000e0000000, 0x00000000e0000000, 0x00000000e5560000)
  from space 21824K,  48% used [0x00000000e6ab0000, 0x00000000e74fcf00, 0x00000000e8000000)
  to   space 21824K,   0% used [0x00000000e5560000, 0x00000000e5560000, 0x00000000e6ab0000)
 concurrent mark-sweep generation total 393216K, used 6058K [0x00000000e8000000, 0x0000000100000000, 0x0000000100000000)
 Metaspace       used 24802K, capacity 25305K, committed 25468K, reserved 1071104K
  class space    used 2892K, capacity 3079K, committed 3196K, reserved 1048576K
}
2017-06-08T19:48:33.407+0200: 3,720: Total time for which application threads were stopped: 0,0372734 seconds, Stopping threads took: 0,0000600 seconds
2017-06-08T19:48:33.695+0200: 4,007: Total time for which application threads were stopped: 0,0020148 seconds, Stopping threads took: 0,0014766 seconds
2017-06-08T19:48:33.712+0200: 4,025: Total time for which application threads were stopped: 0,0004779 seconds, Stopping threads took: 0,0000315 seconds
2017-06-08T19:48:33.744+0200: 4,056: Total time for which application threads were stopped: 0,0004467 seconds, Stopping threads took: 0,0000816 seconds
2017-06-08T19:48:33.757+0200: 4,069: Total time for which application threads were stopped: 0,0001198 seconds, Stopping threads took: 0,0000390 seconds
2017-06-08T19:48:33.758+0200: 4,070: Total time for which application threads were stopped: 0,0004008 seconds, Stopping threads took: 0,0000202 seconds
2017-06-08T19:48:33.760+0200: 4,073: Total time for which application threads were stopped: 0,0001305 seconds, Stopping threads took: 0,0000423 seconds
2017-06-08T19:48:33.761+0200: 4,073: Total time for which application threads were stopped: 0,0003668 seconds, Stopping threads took: 0,0002982 seconds
2017-06-08T19:48:33.761+0200: 4,073: Total time for which application threads were stopped: 0,0000674 seconds, Stopping threads took: 0,0000115 seconds
2017-06-08T19:48:33.762+0200: 4,074: Total time for which application threads were stopped: 0,0001508 seconds, Stopping threads took: 0,0000973 seconds
2017-06-08T19:48:33.769+0200: 4,082: Total time for which application threads were stopped: 0,0000998 seconds, Stopping threads took: 0,0000285 seconds
2017-06-08T19:48:33.774+0200: 4,087: Total time for which application threads were stopped: 0,0001413 seconds, Stopping threads took: 0,0000565 seconds
2017-06-08T19:48:33.778+0200: 4,091: Total time for which application threads were stopped: 0,0001331 seconds, Stopping threads took: 0,0000375 seconds
2017-06-08T19:48:33.779+0200: 4,091: Total time for which application threads were stopped: 0,0001421 seconds, Stopping threads took: 0,0000377 seconds
2017-06-08T19:48:33.780+0200: 4,092: Total time for which application threads were stopped: 0,0001274 seconds, Stopping threads took: 0,0000588 seconds
2017-06-08T19:48:33.780+0200: 4,093: Total time for which application threads were stopped: 0,0001055 seconds, Stopping threads took: 0,0000497 seconds
2017-06-08T19:48:33.781+0200: 4,094: Total time for which application threads were stopped: 0,0001110 seconds, Stopping threads took: 0,0000286 seconds
2017-06-08T19:48:33.781+0200: 4,094: Total time for which application threads were stopped: 0,0000745 seconds, Stopping threads took: 0,0000186 seconds
2017-06-08T19:48:33.781+0200: 4,094: Total time for which application threads were stopped: 0,0000708 seconds, Stopping threads took: 0,0000184 seconds
2017-06-08T19:48:33.782+0200: 4,094: Total time for which application threads were stopped: 0,0000610 seconds, Stopping threads took: 0,0000156 seconds
2017-06-08T19:48:33.782+0200: 4,094: Total time for which application threads were stopped: 0,0000656 seconds, Stopping threads took: 0,0000155 seconds
2017-06-08T19:48:33.782+0200: 4,094: Total time for which application threads were stopped: 0,0000682 seconds, Stopping threads took: 0,0000178 seconds
2017-06-08T19:48:33.782+0200: 4,095: Total time for which application threads were stopped: 0,0000580 seconds, Stopping threads took: 0,0000163 seconds
2017-06-08T19:48:33.782+0200: 4,095: Total time for which application threads were stopped: 0,0000548 seconds, Stopping threads took: 0,0000183 seconds
2017-06-08T19:48:33.782+0200: 4,095: Total time for which application threads were stopped: 0,0000826 seconds, Stopping threads took: 0,0000374 seconds
2017-06-08T19:48:33.782+0200: 4,095: Total time for which application threads were stopped: 0,0000555 seconds, Stopping threads took: 0,0000165 seconds
2017-06-08T19:48:33.783+0200: 4,095: Total time for which application threads were stopped: 0,0000664 seconds, Stopping threads took: 0,0000191 seconds
2017-06-08T19:48:33.783+0200: 4,095: Total time for which application threads were stopped: 0,0001360 seconds, Stopping threads took: 0,0000204 seconds
2017-06-08T19:48:33.784+0200: 4,096: Total time for which application threads were stopped: 0,0000924 seconds, Stopping threads took: 0,0000295 seconds
2017-06-08T19:48:33.784+0200: 4,096: Total time for which application threads were stopped: 0,0000691 seconds, Stopping threads took: 0,0000123 seconds
2017-06-08T19:48:33.784+0200: 4,096: Total time for which application threads were stopped: 0,0000543 seconds, Stopping threads took: 0,0000151 seconds
2017-06-08T19:48:33.784+0200: 4,096: Total time for which application threads were stopped: 0,0000469 seconds, Stopping threads took: 0,0000140 seconds
2017-06-08T19:48:33.784+0200: 4,097: Total time for which application threads were stopped: 0,0000452 seconds, Stopping threads took: 0,0000147 seconds
2017-06-08T19:48:33.784+0200: 4,097: Total time for which application threads were stopped: 0,0000651 seconds, Stopping threads took: 0,0000227 seconds
2017-06-08T19:48:33.784+0200: 4,097: Total time for which application threads were stopped: 0,0000573 seconds, Stopping threads took: 0,0000221 seconds
2017-06-08T19:48:33.784+0200: 4,097: Total time for which application threads were stopped: 0,0000532 seconds, Stopping threads took: 0,0000189 seconds
2017-06-08T19:48:33.785+0200: 4,097: Total time for which application threads were stopped: 0,0000497 seconds, Stopping threads took: 0,0000168 seconds
2017-06-08T19:48:33.785+0200: 4,097: Total time for which application threads were stopped: 0,0000483 seconds, Stopping threads took: 0,0000152 seconds
2017-06-08T19:48:33.785+0200: 4,097: Total time for which application threads were stopped: 0,0000535 seconds, Stopping threads took: 0,0000161 seconds
2017-06-08T19:48:33.785+0200: 4,097: Total time for which application threads were stopped: 0,0000502 seconds, Stopping threads took: 0,0000191 seconds
2017-06-08T19:48:33.785+0200: 4,097: Total time for which application threads were stopped: 0,0000454 seconds, Stopping threads took: 0,0000141 seconds
2017-06-08T19:48:33.785+0200: 4,098: Total time for which application threads were stopped: 0,0000475 seconds, Stopping threads took: 0,0000168 seconds
2017-06-08T19:48:33.785+0200: 4,098: Total time for which application threads were stopped: 0,0000443 seconds, Stopping threads took: 0,0000142 seconds
2017-06-08T19:48:33.785+0200: 4,098: Total time for which application threads were stopped: 0,0000493 seconds, Stopping threads took: 0,0000149 seconds
2017-06-08T19:48:33.785+0200: 4,098: Total time for which application threads were stopped: 0,0000555 seconds, Stopping threads took: 0,0000161 seconds
2017-06-08T19:48:33.785+0200: 4,098: Total time for which application threads were stopped: 0,0000451 seconds, Stopping threads took: 0,0000102 seconds
2017-06-08T19:48:33.787+0200: 4,099: Total time for which application threads were stopped: 0,0002785 seconds, Stopping threads took: 0,0001962 seconds
2017-06-08T19:48:33.787+0200: 4,099: Total time for which application threads were stopped: 0,0001886 seconds, Stopping threads took: 0,0000191 seconds
2017-06-08T19:48:33.790+0200: 4,102: Total time for which application threads were stopped: 0,0001179 seconds, Stopping threads took: 0,0000386 seconds
2017-06-08T19:48:33.800+0200: 4,113: Total time for which application threads were stopped: 0,0002152 seconds, Stopping threads took: 0,0000704 seconds
2017-06-08T19:48:33.802+0200: 4,114: Total time for which application threads were stopped: 0,0001137 seconds, Stopping threads took: 0,0000333 seconds
2017-06-08T19:48:33.819+0200: 4,132: Total time for which application threads were stopped: 0,0001010 seconds, Stopping threads took: 0,0000207 seconds
2017-06-08T19:48:33.840+0200: 4,152: Total time for which application threads were stopped: 0,0001934 seconds, Stopping threads took: 0,0000533 seconds
2017-06-08T19:48:33.853+0200: 4,165: Total time for which application threads were stopped: 0,0001563 seconds, Stopping threads took: 0,0000656 seconds
2017-06-08T19:48:33.882+0200: 4,195: Total time for which application threads were stopped: 0,0001785 seconds, Stopping threads took: 0,0000414 seconds
2017-06-08T19:48:33.883+0200: 4,196: Total time for which application threads were stopped: 0,0006105 seconds, Stopping threads took: 0,0000276 seconds
2017-06-08T19:48:33.884+0200: 4,196: Total time for which application threads were stopped: 0,0001188 seconds, Stopping threads took: 0,0000368 seconds
2017-06-08T19:48:33.889+0200: 4,202: Total time for which application threads were stopped: 0,0001572 seconds, Stopping threads took: 0,0000458 seconds
2017-06-08T19:48:34.890+0200: 5,202: Total time for which application threads were stopped: 0,0000768 seconds, Stopping threads took: 0,0000197 seconds
2017-06-08T19:48:50.891+0200: 21,204: Total time for which application threads were stopped: 0,0000713 seconds, Stopping threads took: 0,0000193 seconds
2017-06-08T19:49:56.901+0200: 87,213: Total time for which application threads were stopped: 0,0001849 seconds, Stopping threads took: 0,0000421 seconds
2017-06-08T19:50:31.907+0200: 122,219: Total time for which application threads were stopped: 0,0001336 seconds, Stopping threads took: 0,0000551 seconds
{Heap before GC invocations=9 (full 1):
 par new generation   total 109248K, used 97971K [0x00000000e0000000, 0x00000000e8000000, 0x00000000e8000000)
  eden space 87424K, 100% used [0x00000000e0000000, 0x00000000e5560000, 0x00000000e5560000)
  from space 21824K,  48% used [0x00000000e6ab0000, 0x00000000e74fcf00, 0x00000000e8000000)
  to   space 21824K,   0% used [0x00000000e5560000, 0x00000000e5560000, 0x00000000e6ab0000)
 concurrent mark-sweep generation total 393216K, used 6058K [0x00000000e8000000, 0x0000000100000000, 0x0000000100000000)
 Metaspace       used 28042K, capacity 28545K, committed 28796K, reserved 1075200K
  class space    used 3211K, capacity 3387K, committed 3452K, reserved 1048576K
2017-06-08T19:51:25.658+0200: 175,971: [GC (Allocation Failure) 2017-06-08T19:51:25.658+0200: 175,971: [ParNew
Desired survivor size 20112992 bytes, new threshold 8 (max 8)
- age   1:   10991768 bytes,   10991768 total
- age   2:     227408 bytes,   11219176 total
- age   3:     200560 bytes,   11419736 total
- age   4:    1731600 bytes,   13151336 total
- age   5:      82072 bytes,   13233408 total
- age   6:       6296 bytes,   13239704 total
- age   7:     103904 bytes,   13343608 total
- age   8:     176800 bytes,   13520408 total
: 97971K->14696K(109248K), 0,0249346 secs] 104030K->21575K(502464K), 0,0251059 secs] [Times: user=0,10 sys=0,00, real=0,03 secs] 
Heap after GC invocations=10 (full 1):
 par new generation   total 109248K, used 14696K [0x00000000e0000000, 0x00000000e8000000, 0x00000000e8000000)
  eden space 87424K,   0% used [0x00000000e0000000, 0x00000000e0000000, 0x00000000e5560000)
  from space 21824K,  67% used [0x00000000e5560000, 0x00000000e63ba2b8, 0x00000000e6ab0000)
  to   space 21824K,   0% used [0x00000000e6ab0000, 0x00000000e6ab0000, 0x00000000e8000000)
 concurrent mark-sweep generation total 393216K, used 6879K [0x00000000e8000000, 0x0000000100000000, 0x0000000100000000)
 Metaspace       used 28042K, capacity 28545K, committed 28796K, reserved 1075200K
  class space    used 3211K, capacity 3387K, committed 3452K, reserved 1048576K
}
2017-06-08T19:51:25.683+0200: 175,996: Total time for which application threads were stopped: 0,0254219 seconds, Stopping threads took: 0,0000994 seconds
2017-06-08T19:51:25.684+0200: 175,996: Total time for which application threads were stopped: 0,0000912 seconds, Stopping threads took: 0,0000455 seconds
2017-06-08T19:51:25.684+0200: 175,997: Total time for which application threads were stopped: 0,0000755 seconds, Stopping threads took: 0,0000406 seconds
2017-06-08T19:51:35.686+0200: 185,999: Total time for which application threads were stopped: 0,0001013 seconds, Stopping threads took: 0,0000346 seconds
2017-06-08T19:53:05.697+0200: 276,009: Total time for which application threads were stopped: 0,0000813 seconds, Stopping threads took: 0,0000322 seconds
2017-06-08T19:53:06.697+0200: 277,010: Total time for which application threads were stopped: 0,0000641 seconds, Stopping threads took: 0,0000156 seconds
2017-06-08T20:11:55.814+0200: 1406,126: Total time for which application threads were stopped: 0,0001383 seconds, Stopping threads took: 0,0000538 seconds
2017-06-08T20:16:25.839+0200: 1676,151: Total time for which application threads were stopped: 0,0000907 seconds, Stopping threads took: 0,0000355 seconds
2017-06-08T20:26:50.902+0200: 2301,215: Total time for which application threads were stopped: 0,0001030 seconds, Stopping threads took: 0,0000393 seconds
2017-06-08T20:26:51.902+0200: 2302,215: Total time for which application threads were stopped: 0,0000872 seconds, Stopping threads took: 0,0000190 seconds
2017-06-08T20:41:46.993+0200: 3197,306: Total time for which application threads were stopped: 0,0007310 seconds, Stopping threads took: 0,0004452 seconds
2017-06-08T20:53:21.098+0200: 3891,411: Total time for which application threads were stopped: 0,0001697 seconds, Stopping threads took: 0,0000657 seconds
2017-06-08T21:07:52.235+0200: 4762,548: Total time for which application threads were stopped: 0,0001829 seconds, Stopping threads took: 0,0000719 seconds
2017-06-08T21:08:12.238+0200: 4782,551: Total time for which application threads were stopped: 0,0001850 seconds, Stopping threads took: 0,0000628 seconds
2017-06-08T21:47:22.598+0200: 7132,910: Total time for which application threads were stopped: 0,0001632 seconds, Stopping threads took: 0,0000618 seconds
2017-06-08T21:50:31.626+0200: 7321,939: Total time for which application threads were stopped: 0,0000782 seconds, Stopping threads took: 0,0000310 seconds
2017-06-08T21:56:31.681+0200: 7681,993: Total time for which application threads were stopped: 0,0001171 seconds, Stopping threads took: 0,0000435 seconds
2017-06-08T21:57:01.685+0200: 7711,997: Total time for which application threads were stopped: 0,0000794 seconds, Stopping threads took: 0,0000312 seconds
2017-06-08T23:00:02.255+0200: 11492,568: Total time for which application threads were stopped: 0,0000857 seconds, Stopping threads took: 0,0000319 seconds
2017-06-08T23:00:32.260+0200: 11522,573: Total time for which application threads were stopped: 0,0001682 seconds, Stopping threads took: 0,0000586 seconds
2017-06-09T00:13:00.252+0200: 15361,748: Total time for which application threads were stopped: 0,0001019 seconds, Stopping threads took: 0,0000320 seconds
2017-06-09T01:23:21.991+0200: 19582,864: Total time for which application threads were stopped: 0,0220688 seconds, Stopping threads took: 0,0219861 seconds
2017-06-09T01:23:21.993+0200: 19582,866: Total time for which application threads were stopped: 0,0000874 seconds, Stopping threads took: 0,0000183 seconds
2017-06-09T01:23:22.015+0200: 19582,888: Total time for which application threads were stopped: 0,0010584 seconds, Stopping threads took: 0,0009780 seconds
2017-06-09T01:23:22.018+0200: 19582,891: Total time for which application threads were stopped: 0,0026510 seconds, Stopping threads took: 0,0000091 seconds
2017-06-09T01:23:22.018+0200: 19582,891: Total time for which application threads were stopped: 0,0000840 seconds, Stopping threads took: 0,0000137 seconds
2017-06-09T01:23:22.023+0200: 19582,896: Total time for which application threads were stopped: 0,0002767 seconds, Stopping threads took: 0,0002109 seconds
2017-06-09T01:23:22.023+0200: 19582,896: Total time for which application threads were stopped: 0,0000612 seconds, Stopping threads took: 0,0000119 seconds
2017-06-09T01:23:22.024+0200: 19582,897: Total time for which application threads were stopped: 0,0000662 seconds, Stopping threads took: 0,0000107 seconds
2017-06-09T01:23:22.026+0200: 19582,898: Total time for which application threads were stopped: 0,0011003 seconds, Stopping threads took: 0,0010219 seconds
2017-06-09T01:23:22.027+0200: 19582,899: Total time for which application threads were stopped: 0,0000962 seconds, Stopping threads took: 0,0000237 seconds
2017-06-09T01:23:22.027+0200: 19582,900: Total time for which application threads were stopped: 0,0000707 seconds, Stopping threads took: 0,0000244 seconds
2017-06-09T01:23:22.027+0200: 19582,900: Total time for which application threads were stopped: 0,0000767 seconds, Stopping threads took: 0,0000277 seconds
2017-06-09T01:23:22.028+0200: 19582,901: Total time for which application threads were stopped: 0,0001012 seconds, Stopping threads took: 0,0000239 seconds
2017-06-09T01:23:22.028+0200: 19582,901: Total time for which application threads were stopped: 0,0000684 seconds, Stopping threads took: 0,0000204 seconds
2017-06-09T01:23:22.029+0200: 19582,902: Total time for which application threads were stopped: 0,0000646 seconds, Stopping threads took: 0,0000137 seconds
2017-06-09T01:23:22.029+0200: 19582,902: Total time for which application threads were stopped: 0,0000657 seconds, Stopping threads took: 0,0000198 seconds
2017-06-09T01:23:22.029+0200: 19582,902: Total time for which application threads were stopped: 0,0000579 seconds, Stopping threads took: 0,0000201 seconds
2017-06-09T01:23:22.029+0200: 19582,902: Total time for which application threads were stopped: 0,0000502 seconds, Stopping threads took: 0,0000097 seconds
2017-06-09T01:23:22.030+0200: 19582,903: Total time for which application threads were stopped: 0,0001198 seconds, Stopping threads took: 0,0000260 seconds
2017-06-09T01:23:22.031+0200: 19582,903: Total time for which application threads were stopped: 0,0000691 seconds, Stopping threads took: 0,0000192 seconds
2017-06-09T01:23:22.031+0200: 19582,904: Total time for which application threads were stopped: 0,0001553 seconds, Stopping threads took: 0,0000098 seconds
2017-06-09T01:23:22.031+0200: 19582,904: Total time for which application threads were stopped: 0,0000737 seconds, Stopping threads took: 0,0000182 seconds
2017-06-09T01:23:22.032+0200: 19582,905: Total time for which application threads were stopped: 0,0001420 seconds, Stopping threads took: 0,0000409 seconds
Heap
 par new generation   total 109248K, used 35498K [0x00000000e0000000, 0x00000000e8000000, 0x00000000e8000000)
  eden space 87424K,  23% used [0x00000000e0000000, 0x00000000e1450858, 0x00000000e5560000)
  from space 21824K,  67% used [0x00000000e5560000, 0x00000000e63ba2b8, 0x00000000e6ab0000)
  to   space 21824K,   0% used [0x00000000e6ab0000, 0x00000000e6ab0000, 0x00000000e8000000)
 concurrent mark-sweep generation total 393216K, used 6879K [0x00000000e8000000, 0x0000000100000000, 0x0000000100000000)
 Metaspace       used 28205K, capacity 28777K, committed 29052K, reserved 1075200K
  class space    used 3225K, capacity 3421K, committed 3452K, reserved 1048576K
