OpenJDK 64-Bit Server VM (25.131-b11) for linux-amd64 JRE (1.8.0_131-8u131-b11-0ubuntu1.16.04.2-b11), built on May  6 2017 02:45:27 by "buildd" with gcc 5.4.0 20160609
Memory: 4k page, physical 7867740k(7395416k free), swap 8076284k(8076284k free)
CommandLine flags: -XX:CMSInitiatingOccupancyFraction=50 -XX:CMSMaxAbortablePrecleanTime=6000 -XX:+CMSParallelRemarkEnabled -XX:+CMSScavengeBeforeRemark -XX:ConcGCThreads=4 -XX:InitialHeapSize=536870912 -XX:MaxHeapSize=536870912 -XX:MaxTenuringThreshold=8 -XX:NewRatio=3 -XX:OldPLABSize=16 -XX:OnOutOfMemoryError=/opt/solr/bin/oom_solr.sh 8983 /var/solr/logs -XX:ParallelGCThreads=4 -XX:+ParallelRefProcEnabled -XX:PretenureSizeThreshold=67108864 -XX:+PrintGC -XX:+PrintGCApplicationStoppedTime -XX:+PrintGCDateStamps -XX:+PrintGCDetails -XX:+PrintGCTimeStamps -XX:+PrintHeapAtGC -XX:+PrintTenuringDistribution -XX:SurvivorRatio=4 -XX:TargetSurvivorRatio=90 -XX:ThreadStackSize=256 -XX:+UseCMSInitiatingOccupancyOnly -XX:+UseCompressedClassPointers -XX:+UseCompressedOops -XX:+UseConcMarkSweepGC -XX:+UseParNewGC 
2017-05-27T23:24:01.025+0200: 0,143: Total time for which application threads were stopped: 0,0000638 seconds, Stopping threads took: 0,0000099 seconds
2017-05-27T23:24:01.100+0200: 0,218: Total time for which application threads were stopped: 0,0001124 seconds, Stopping threads took: 0,0000160 seconds
2017-05-27T23:24:01.118+0200: 0,236: Total time for which application threads were stopped: 0,0001458 seconds, Stopping threads took: 0,0000279 seconds
2017-05-27T23:24:01.326+0200: 0,444: Total time for which application threads were stopped: 0,0017794 seconds, Stopping threads took: 0,0015068 seconds
2017-05-27T23:24:01.809+0200: 0,926: Total time for which application threads were stopped: 0,0001649 seconds, Stopping threads took: 0,0000115 seconds
2017-05-27T23:24:01.989+0200: 1,107: Total time for which application threads were stopped: 0,0001780 seconds, Stopping threads took: 0,0000157 seconds
2017-05-27T23:24:02.042+0200: 1,160: Total time for which application threads were stopped: 0,0004459 seconds, Stopping threads took: 0,0000583 seconds
2017-05-27T23:24:02.408+0200: 1,526: Total time for which application threads were stopped: 0,0002057 seconds, Stopping threads took: 0,0000293 seconds
2017-05-27T23:24:02.648+0200: 1,766: Total time for which application threads were stopped: 0,0010724 seconds, Stopping threads took: 0,0002021 seconds
2017-05-27T23:24:02.670+0200: 1,788: Total time for which application threads were stopped: 0,0002338 seconds, Stopping threads took: 0,0000644 seconds
2017-05-27T23:24:02.695+0200: 1,813: Total time for which application threads were stopped: 0,0001897 seconds, Stopping threads took: 0,0000236 seconds
2017-05-27T23:24:02.696+0200: 1,814: Total time for which application threads were stopped: 0,0001992 seconds, Stopping threads took: 0,0000200 seconds
2017-05-27T23:24:02.708+0200: 1,826: Total time for which application threads were stopped: 0,0002178 seconds, Stopping threads took: 0,0000243 seconds
2017-05-27T23:24:02.791+0200: 1,909: Total time for which application threads were stopped: 0,0002125 seconds, Stopping threads took: 0,0000218 seconds
2017-05-27T23:24:02.960+0200: 2,077: Total time for which application threads were stopped: 0,0002525 seconds, Stopping threads took: 0,0000373 seconds
{Heap before GC invocations=0 (full 0):
 par new generation   total 109248K, used 87424K [0x00000000e0000000, 0x00000000e8000000, 0x00000000e8000000)
  eden space 87424K, 100% used [0x00000000e0000000, 0x00000000e5560000, 0x00000000e5560000)
  from space 21824K,   0% used [0x00000000e5560000, 0x00000000e5560000, 0x00000000e6ab0000)
  to   space 21824K,   0% used [0x00000000e6ab0000, 0x00000000e6ab0000, 0x00000000e8000000)
 concurrent mark-sweep generation total 393216K, used 0K [0x00000000e8000000, 0x0000000100000000, 0x0000000100000000)
 Metaspace       used 18023K, capacity 18336K, committed 18688K, reserved 1064960K
  class space    used 2037K, capacity 2196K, committed 2304K, reserved 1048576K
2017-05-27T23:24:03.056+0200: 2,173: [GC (Allocation Failure) 2017-05-27T23:24:03.056+0200: 2,173: [ParNew
Desired survivor size 20112992 bytes, new threshold 8 (max 8)
- age   1:   12571688 bytes,   12571688 total
: 87424K->12392K(109248K), 0,0161503 secs] 87424K->12392K(502464K), 0,0162309 secs] [Times: user=0,05 sys=0,01, real=0,02 secs] 
Heap after GC invocations=1 (full 0):
 par new generation   total 109248K, used 12392K [0x00000000e0000000, 0x00000000e8000000, 0x00000000e8000000)
  eden space 87424K,   0% used [0x00000000e0000000, 0x00000000e0000000, 0x00000000e5560000)
  from space 21824K,  56% used [0x00000000e6ab0000, 0x00000000e76ca0c0, 0x00000000e8000000)
  to   space 21824K,   0% used [0x00000000e5560000, 0x00000000e5560000, 0x00000000e6ab0000)
 concurrent mark-sweep generation total 393216K, used 0K [0x00000000e8000000, 0x0000000100000000, 0x0000000100000000)
 Metaspace       used 18023K, capacity 18336K, committed 18688K, reserved 1064960K
  class space    used 2037K, capacity 2196K, committed 2304K, reserved 1048576K
}
2017-05-27T23:24:03.072+0200: 2,189: Total time for which application threads were stopped: 0,0164725 seconds, Stopping threads took: 0,0000478 seconds
2017-05-27T23:24:03.371+0200: 2,489: Total time for which application threads were stopped: 0,0003695 seconds, Stopping threads took: 0,0000781 seconds
2017-05-27T23:24:03.411+0200: 2,529: Total time for which application threads were stopped: 0,0004095 seconds, Stopping threads took: 0,0001030 seconds
{Heap before GC invocations=1 (full 0):
 par new generation   total 109248K, used 99816K [0x00000000e0000000, 0x00000000e8000000, 0x00000000e8000000)
  eden space 87424K, 100% used [0x00000000e0000000, 0x00000000e5560000, 0x00000000e5560000)
  from space 21824K,  56% used [0x00000000e6ab0000, 0x00000000e76ca0c0, 0x00000000e8000000)
  to   space 21824K,   0% used [0x00000000e5560000, 0x00000000e5560000, 0x00000000e6ab0000)
 concurrent mark-sweep generation total 393216K, used 0K [0x00000000e8000000, 0x0000000100000000, 0x0000000100000000)
 Metaspace       used 20066K, capacity 20432K, committed 20736K, reserved 1067008K
  class space    used 2297K, capacity 2470K, committed 2560K, reserved 1048576K
2017-05-27T23:24:03.417+0200: 2,534: [GC (Allocation Failure) 2017-05-27T23:24:03.417+0200: 2,534: [ParNew
Desired survivor size 20112992 bytes, new threshold 8 (max 8)
- age   1:    3782536 bytes,    3782536 total
- age   2:    6664608 bytes,   10447144 total
: 99816K->13700K(109248K), 0,0123522 secs] 99816K->13700K(502464K), 0,0124149 secs] [Times: user=0,04 sys=0,00, real=0,01 secs] 
Heap after GC invocations=2 (full 0):
 par new generation   total 109248K, used 13700K [0x00000000e0000000, 0x00000000e8000000, 0x00000000e8000000)
  eden space 87424K,   0% used [0x00000000e0000000, 0x00000000e0000000, 0x00000000e5560000)
  from space 21824K,  62% used [0x00000000e5560000, 0x00000000e62c1140, 0x00000000e6ab0000)
  to   space 21824K,   0% used [0x00000000e6ab0000, 0x00000000e6ab0000, 0x00000000e8000000)
 concurrent mark-sweep generation total 393216K, used 0K [0x00000000e8000000, 0x0000000100000000, 0x0000000100000000)
 Metaspace       used 20066K, capacity 20432K, committed 20736K, reserved 1067008K
  class space    used 2297K, capacity 2470K, committed 2560K, reserved 1048576K
}
2017-05-27T23:24:03.429+0200: 2,547: Total time for which application threads were stopped: 0,0126172 seconds, Stopping threads took: 0,0000678 seconds
2017-05-27T23:24:03.465+0200: 2,582: Total time for which application threads were stopped: 0,0004152 seconds, Stopping threads took: 0,0000633 seconds
2017-05-27T23:24:03.602+0200: 2,720: Total time for which application threads were stopped: 0,0022316 seconds, Stopping threads took: 0,0021042 seconds
{Heap before GC invocations=2 (full 0):
 par new generation   total 109248K, used 101124K [0x00000000e0000000, 0x00000000e8000000, 0x00000000e8000000)
  eden space 87424K, 100% used [0x00000000e0000000, 0x00000000e5560000, 0x00000000e5560000)
  from space 21824K,  62% used [0x00000000e5560000, 0x00000000e62c1140, 0x00000000e6ab0000)
  to   space 21824K,   0% used [0x00000000e6ab0000, 0x00000000e6ab0000, 0x00000000e8000000)
 concurrent mark-sweep generation total 393216K, used 0K [0x00000000e8000000, 0x0000000100000000, 0x0000000100000000)
 Metaspace       used 21004K, capacity 21360K, committed 21628K, reserved 1069056K
  class space    used 2419K, capacity 2590K, committed 2684K, reserved 1048576K
2017-05-27T23:24:03.638+0200: 2,755: [GC (Allocation Failure) 2017-05-27T23:24:03.638+0200: 2,755: [ParNew
Desired survivor size 20112992 bytes, new threshold 8 (max 8)
- age   1:    2131464 bytes,    2131464 total
- age   2:     859904 bytes,    2991368 total
- age   3:    6646664 bytes,    9638032 total
: 101124K->11565K(109248K), 0,0090329 secs] 101124K->11565K(502464K), 0,0091022 secs] [Times: user=0,03 sys=0,01, real=0,01 secs] 
Heap after GC invocations=3 (full 0):
 par new generation   total 109248K, used 11565K [0x00000000e0000000, 0x00000000e8000000, 0x00000000e8000000)
  eden space 87424K,   0% used [0x00000000e0000000, 0x00000000e0000000, 0x00000000e5560000)
  from space 21824K,  52% used [0x00000000e6ab0000, 0x00000000e75fb780, 0x00000000e8000000)
  to   space 21824K,   0% used [0x00000000e5560000, 0x00000000e5560000, 0x00000000e6ab0000)
 concurrent mark-sweep generation total 393216K, used 0K [0x00000000e8000000, 0x0000000100000000, 0x0000000100000000)
 Metaspace       used 21004K, capacity 21360K, committed 21628K, reserved 1069056K
  class space    used 2419K, capacity 2590K, committed 2684K, reserved 1048576K
}
2017-05-27T23:24:03.647+0200: 2,764: Total time for which application threads were stopped: 0,0133542 seconds, Stopping threads took: 0,0041160 seconds
2017-05-27T23:24:03.647+0200: 2,765: [GC (CMS Initial Mark) [1 CMS-initial-mark: 0K(393216K)] 13000K(502464K), 0,0033893 secs] [Times: user=0,01 sys=0,00, real=0,01 secs] 
2017-05-27T23:24:03.650+0200: 2,768: Total time for which application threads were stopped: 0,0035059 seconds, Stopping threads took: 0,0000311 seconds
2017-05-27T23:24:03.650+0200: 2,768: [CMS-concurrent-mark-start]
2017-05-27T23:24:03.651+0200: 2,768: [CMS-concurrent-mark: 0,000/0,000 secs] [Times: user=0,00 sys=0,00, real=0,00 secs] 
2017-05-27T23:24:03.651+0200: 2,768: [CMS-concurrent-preclean-start]
2017-05-27T23:24:03.651+0200: 2,769: [CMS-concurrent-preclean: 0,001/0,001 secs] [Times: user=0,00 sys=0,00, real=0,00 secs] 
2017-05-27T23:24:03.652+0200: 2,770: [GC (CMS Final Remark) [YG occupancy: 13681 K (109248 K)]{Heap before GC invocations=3 (full 1):
 par new generation   total 109248K, used 13681K [0x00000000e0000000, 0x00000000e8000000, 0x00000000e8000000)
  eden space 87424K,   2% used [0x00000000e0000000, 0x00000000e0210d40, 0x00000000e5560000)
  from space 21824K,  52% used [0x00000000e6ab0000, 0x00000000e75fb780, 0x00000000e8000000)
  to   space 21824K,   0% used [0x00000000e5560000, 0x00000000e5560000, 0x00000000e6ab0000)
 concurrent mark-sweep generation total 393216K, used 0K [0x00000000e8000000, 0x0000000100000000, 0x0000000100000000)
 Metaspace       used 21004K, capacity 21360K, committed 21628K, reserved 1069056K
  class space    used 2419K, capacity 2590K, committed 2684K, reserved 1048576K
2017-05-27T23:24:03.652+0200: 2,770: [GC (CMS Final Remark) 2017-05-27T23:24:03.652+0200: 2,770: [ParNew
Desired survivor size 20112992 bytes, new threshold 8 (max 8)
- age   1:      49256 bytes,      49256 total
- age   2:    2098680 bytes,    2147936 total
- age   3:     859904 bytes,    3007840 total
- age   4:    6646456 bytes,    9654296 total
- age   5:         72 bytes,    9654368 total
: 13681K->14883K(109248K), 0,0098608 secs] 13681K->14883K(502464K), 0,0098972 secs] [Times: user=0,04 sys=0,00, real=0,01 secs] 
Heap after GC invocations=4 (full 1):
 par new generation   total 109248K, used 14883K [0x00000000e0000000, 0x00000000e8000000, 0x00000000e8000000)
  eden space 87424K,   0% used [0x00000000e0000000, 0x00000000e0000000, 0x00000000e5560000)
  from space 21824K,  68% used [0x00000000e5560000, 0x00000000e63e8cd0, 0x00000000e6ab0000)
  to   space 21824K,   0% used [0x00000000e6ab0000, 0x00000000e6ab0000, 0x00000000e8000000)
 concurrent mark-sweep generation total 393216K, used 0K [0x00000000e8000000, 0x0000000100000000, 0x0000000100000000)
 Metaspace       used 21004K, capacity 21360K, committed 21628K, reserved 1069056K
  class space    used 2419K, capacity 2590K, committed 2684K, reserved 1048576K
}
2017-05-27T23:24:03.662+0200: 2,780: [Rescan (parallel) , 0,0034447 secs]2017-05-27T23:24:03.665+0200: 2,783: [weak refs processing, 0,0013932 secs]2017-05-27T23:24:03.667+0200: 2,785: [class unloading, 0,0027385 secs]2017-05-27T23:24:03.670+0200: 2,787: [scrub symbol table, 0,0025380 secs]2017-05-27T23:24:03.672+0200: 2,790: [scrub string table, 0,0003613 secs][1 CMS-remark: 0K(393216K)] 14883K(502464K), 0,0210110 secs] [Times: user=0,06 sys=0,00, real=0,02 secs] 
2017-05-27T23:24:03.673+0200: 2,791: Total time for which application threads were stopped: 0,0215405 seconds, Stopping threads took: 0,0004409 seconds
2017-05-27T23:24:03.673+0200: 2,791: [CMS-concurrent-sweep-start]
2017-05-27T23:24:03.673+0200: 2,791: [CMS-concurrent-sweep: 0,000/0,000 secs] [Times: user=0,00 sys=0,00, real=0,00 secs] 
2017-05-27T23:24:03.674+0200: 2,791: [CMS-concurrent-reset-start]
2017-05-27T23:24:03.679+0200: 2,797: [CMS-concurrent-reset: 0,006/0,006 secs] [Times: user=0,02 sys=0,00, real=0,01 secs] 
{Heap before GC invocations=4 (full 1):
 par new generation   total 109248K, used 102307K [0x00000000e0000000, 0x00000000e8000000, 0x00000000e8000000)
  eden space 87424K, 100% used [0x00000000e0000000, 0x00000000e5560000, 0x00000000e5560000)
  from space 21824K,  68% used [0x00000000e5560000, 0x00000000e63e8cd0, 0x00000000e6ab0000)
  to   space 21824K,   0% used [0x00000000e6ab0000, 0x00000000e6ab0000, 0x00000000e8000000)
 concurrent mark-sweep generation total 393216K, used 0K [0x00000000e8000000, 0x0000000100000000, 0x0000000100000000)
 Metaspace       used 21225K, capacity 21636K, committed 21884K, reserved 1069056K
  class space    used 2448K, capacity 2605K, committed 2684K, reserved 1048576K
2017-05-27T23:24:03.768+0200: 2,886: [GC (Allocation Failure) 2017-05-27T23:24:03.768+0200: 2,886: [ParNew
Desired survivor size 20112992 bytes, new threshold 8 (max 8)
- age   1:    1293120 bytes,    1293120 total
- age   3:    1463400 bytes,    2756520 total
- age   4:     828496 bytes,    3585016 total
- age   5:    6646328 bytes,   10231344 total
- age   6:         72 bytes,   10231416 total
: 102307K->11207K(109248K), 0,0116555 secs] 102307K->11207K(502464K), 0,0117252 secs] [Times: user=0,04 sys=0,00, real=0,02 secs] 
Heap after GC invocations=5 (full 1):
 par new generation   total 109248K, used 11207K [0x00000000e0000000, 0x00000000e8000000, 0x00000000e8000000)
  eden space 87424K,   0% used [0x00000000e0000000, 0x00000000e0000000, 0x00000000e5560000)
  from space 21824K,  51% used [0x00000000e6ab0000, 0x00000000e75a1f90, 0x00000000e8000000)
  to   space 21824K,   0% used [0x00000000e5560000, 0x00000000e5560000, 0x00000000e6ab0000)
 concurrent mark-sweep generation total 393216K, used 0K [0x00000000e8000000, 0x0000000100000000, 0x0000000100000000)
 Metaspace       used 21225K, capacity 21636K, committed 21884K, reserved 1069056K
  class space    used 2448K, capacity 2605K, committed 2684K, reserved 1048576K
}
2017-05-27T23:24:03.780+0200: 2,897: Total time for which application threads were stopped: 0,0119716 seconds, Stopping threads took: 0,0001058 seconds
{Heap before GC invocations=5 (full 1):
 par new generation   total 109248K, used 98631K [0x00000000e0000000, 0x00000000e8000000, 0x00000000e8000000)
  eden space 87424K, 100% used [0x00000000e0000000, 0x00000000e5560000, 0x00000000e5560000)
  from space 21824K,  51% used [0x00000000e6ab0000, 0x00000000e75a1f90, 0x00000000e8000000)
  to   space 21824K,   0% used [0x00000000e5560000, 0x00000000e5560000, 0x00000000e6ab0000)
 concurrent mark-sweep generation total 393216K, used 0K [0x00000000e8000000, 0x0000000100000000, 0x0000000100000000)
 Metaspace       used 21387K, capacity 21802K, committed 21884K, reserved 1069056K
  class space    used 2467K, capacity 2638K, committed 2684K, reserved 1048576K
2017-05-27T23:24:03.874+0200: 2,992: [GC (Allocation Failure) 2017-05-27T23:24:03.874+0200: 2,992: [ParNew
Desired survivor size 20112992 bytes, new threshold 8 (max 8)
- age   1:     904832 bytes,     904832 total
- age   2:     178792 bytes,    1083624 total
- age   4:    1463008 bytes,    2546632 total
- age   5:     828384 bytes,    3375016 total
- age   6:    6646368 bytes,   10021384 total
- age   7:         72 bytes,   10021456 total
: 98631K->12921K(109248K), 0,0163025 secs] 98631K->12921K(502464K), 0,0163744 secs] [Times: user=0,05 sys=0,01, real=0,02 secs] 
Heap after GC invocations=6 (full 1):
 par new generation   total 109248K, used 12921K [0x00000000e0000000, 0x00000000e8000000, 0x00000000e8000000)
  eden space 87424K,   0% used [0x00000000e0000000, 0x00000000e0000000, 0x00000000e5560000)
  from space 21824K,  59% used [0x00000000e5560000, 0x00000000e61fe730, 0x00000000e6ab0000)
  to   space 21824K,   0% used [0x00000000e6ab0000, 0x00000000e6ab0000, 0x00000000e8000000)
 concurrent mark-sweep generation total 393216K, used 0K [0x00000000e8000000, 0x0000000100000000, 0x0000000100000000)
 Metaspace       used 21387K, capacity 21802K, committed 21884K, reserved 1069056K
  class space    used 2467K, capacity 2638K, committed 2684K, reserved 1048576K
}
2017-05-27T23:24:03.891+0200: 3,008: Total time for which application threads were stopped: 0,0196697 seconds, Stopping threads took: 0,0031414 seconds
2017-05-27T23:24:03.932+0200: 3,050: Total time for which application threads were stopped: 0,0003104 seconds, Stopping threads took: 0,0000381 seconds
2017-05-27T23:24:04.181+0200: 3,299: Total time for which application threads were stopped: 0,0004795 seconds, Stopping threads took: 0,0000734 seconds
2017-05-27T23:24:04.197+0200: 3,315: Total time for which application threads were stopped: 0,0003942 seconds, Stopping threads took: 0,0000468 seconds
{Heap before GC invocations=6 (full 1):
 par new generation   total 109248K, used 100345K [0x00000000e0000000, 0x00000000e8000000, 0x00000000e8000000)
  eden space 87424K, 100% used [0x00000000e0000000, 0x00000000e5560000, 0x00000000e5560000)
  from space 21824K,  59% used [0x00000000e5560000, 0x00000000e61fe730, 0x00000000e6ab0000)
  to   space 21824K,   0% used [0x00000000e6ab0000, 0x00000000e6ab0000, 0x00000000e8000000)
 concurrent mark-sweep generation total 393216K, used 0K [0x00000000e8000000, 0x0000000100000000, 0x0000000100000000)
 Metaspace       used 23977K, capacity 24472K, committed 24572K, reserved 1071104K
  class space    used 2829K, capacity 3015K, committed 3068K, reserved 1048576K
2017-05-27T23:24:04.370+0200: 3,488: [GC (Allocation Failure) 2017-05-27T23:24:04.370+0200: 3,488: [ParNew
Desired survivor size 20112992 bytes, new threshold 8 (max 8)
- age   1:    5525048 bytes,    5525048 total
- age   2:     111016 bytes,    5636064 total
- age   3:     177328 bytes,    5813392 total
- age   5:     293128 bytes,    6106520 total
- age   6:     802144 bytes,    6908664 total
- age   7:    6638208 bytes,   13546872 total
- age   8:         72 bytes,   13546944 total
: 100345K->16014K(109248K), 0,0120904 secs] 100345K->16014K(502464K), 0,0121550 secs] [Times: user=0,04 sys=0,00, real=0,01 secs] 
Heap after GC invocations=7 (full 1):
 par new generation   total 109248K, used 16014K [0x00000000e0000000, 0x00000000e8000000, 0x00000000e8000000)
  eden space 87424K,   0% used [0x00000000e0000000, 0x00000000e0000000, 0x00000000e5560000)
  from space 21824K,  73% used [0x00000000e6ab0000, 0x00000000e7a53b88, 0x00000000e8000000)
  to   space 21824K,   0% used [0x00000000e5560000, 0x00000000e5560000, 0x00000000e6ab0000)
 concurrent mark-sweep generation total 393216K, used 0K [0x00000000e8000000, 0x0000000100000000, 0x0000000100000000)
 Metaspace       used 23977K, capacity 24472K, committed 24572K, reserved 1071104K
  class space    used 2829K, capacity 3015K, committed 3068K, reserved 1048576K
}
2017-05-27T23:24:04.383+0200: 3,500: Total time for which application threads were stopped: 0,0139408 seconds, Stopping threads took: 0,0015882 seconds
{Heap before GC invocations=7 (full 1):
 par new generation   total 109248K, used 103438K [0x00000000e0000000, 0x00000000e8000000, 0x00000000e8000000)
  eden space 87424K, 100% used [0x00000000e0000000, 0x00000000e5560000, 0x00000000e5560000)
  from space 21824K,  73% used [0x00000000e6ab0000, 0x00000000e7a53b88, 0x00000000e8000000)
  to   space 21824K,   0% used [0x00000000e5560000, 0x00000000e5560000, 0x00000000e6ab0000)
 concurrent mark-sweep generation total 393216K, used 0K [0x00000000e8000000, 0x0000000100000000, 0x0000000100000000)
 Metaspace       used 24559K, capacity 25054K, committed 25212K, reserved 1071104K
  class space    used 2875K, capacity 3080K, committed 3196K, reserved 1048576K
2017-05-27T23:24:04.496+0200: 3,613: [GC (Allocation Failure) 2017-05-27T23:24:04.496+0200: 3,613: [ParNew
Desired survivor size 20112992 bytes, new threshold 8 (max 8)
- age   1:    2109384 bytes,    2109384 total
- age   2:    1804616 bytes,    3914000 total
- age   3:      59416 bytes,    3973416 total
- age   4:      90640 bytes,    4064056 total
- age   6:     186008 bytes,    4250064 total
- age   7:     768048 bytes,    5018112 total
- age   8:    6104976 bytes,   11123088 total
: 103438K->19827K(109248K), 0,0302133 secs] 103438K->19829K(502464K), 0,0303043 secs] [Times: user=0,07 sys=0,00, real=0,03 secs] 
Heap after GC invocations=8 (full 1):
 par new generation   total 109248K, used 19827K [0x00000000e0000000, 0x00000000e8000000, 0x00000000e8000000)
  eden space 87424K,   0% used [0x00000000e0000000, 0x00000000e0000000, 0x00000000e5560000)
  from space 21824K,  90% used [0x00000000e5560000, 0x00000000e68bcd58, 0x00000000e6ab0000)
  to   space 21824K,   0% used [0x00000000e6ab0000, 0x00000000e6ab0000, 0x00000000e8000000)
 concurrent mark-sweep generation total 393216K, used 2K [0x00000000e8000000, 0x0000000100000000, 0x0000000100000000)
 Metaspace       used 24559K, capacity 25054K, committed 25212K, reserved 1071104K
  class space    used 2875K, capacity 3080K, committed 3196K, reserved 1048576K
}
2017-05-27T23:24:04.526+0200: 3,644: Total time for which application threads were stopped: 0,0334825 seconds, Stopping threads took: 0,0029658 seconds
{Heap before GC invocations=8 (full 1):
 par new generation   total 109248K, used 107251K [0x00000000e0000000, 0x00000000e8000000, 0x00000000e8000000)
  eden space 87424K, 100% used [0x00000000e0000000, 0x00000000e5560000, 0x00000000e5560000)
  from space 21824K,  90% used [0x00000000e5560000, 0x00000000e68bcd58, 0x00000000e6ab0000)
  to   space 21824K,   0% used [0x00000000e6ab0000, 0x00000000e6ab0000, 0x00000000e8000000)
 concurrent mark-sweep generation total 393216K, used 2K [0x00000000e8000000, 0x0000000100000000, 0x0000000100000000)
 Metaspace       used 24993K, capacity 25400K, committed 25724K, reserved 1071104K
  class space    used 2910K, capacity 3085K, committed 3196K, reserved 1048576K
2017-05-27T23:24:04.632+0200: 3,750: [GC (Allocation Failure) 2017-05-27T23:24:04.632+0200: 3,750: [ParNew
Desired survivor size 20112992 bytes, new threshold 8 (max 8)
- age   1:     759416 bytes,     759416 total
- age   2:    1031176 bytes,    1790592 total
- age   3:    1781712 bytes,    3572304 total
- age   4:      59416 bytes,    3631720 total
- age   5:      87896 bytes,    3719616 total
- age   7:     185672 bytes,    3905288 total
- age   8:     767312 bytes,    4672600 total
: 107251K->7303K(109248K), 0,0394716 secs] 107253K->13346K(502464K), 0,0395478 secs] [Times: user=0,12 sys=0,00, real=0,04 secs] 
Heap after GC invocations=9 (full 1):
 par new generation   total 109248K, used 7303K [0x00000000e0000000, 0x00000000e8000000, 0x00000000e8000000)
  eden space 87424K,   0% used [0x00000000e0000000, 0x00000000e0000000, 0x00000000e5560000)
  from space 21824K,  33% used [0x00000000e6ab0000, 0x00000000e71d1ef0, 0x00000000e8000000)
  to   space 21824K,   0% used [0x00000000e5560000, 0x00000000e5560000, 0x00000000e6ab0000)
 concurrent mark-sweep generation total 393216K, used 6042K [0x00000000e8000000, 0x0000000100000000, 0x0000000100000000)
 Metaspace       used 24993K, capacity 25400K, committed 25724K, reserved 1071104K
  class space    used 2910K, capacity 3085K, committed 3196K, reserved 1048576K
}
2017-05-27T23:24:04.671+0200: 3,789: Total time for which application threads were stopped: 0,0399929 seconds, Stopping threads took: 0,0002807 seconds
2017-05-27T23:24:04.804+0200: 3,922: Total time for which application threads were stopped: 0,0004493 seconds, Stopping threads took: 0,0000414 seconds
2017-05-27T23:24:04.909+0200: 4,027: Total time for which application threads were stopped: 0,0004441 seconds, Stopping threads took: 0,0000562 seconds
2017-05-27T23:24:04.926+0200: 4,043: Total time for which application threads were stopped: 0,0004313 seconds, Stopping threads took: 0,0000509 seconds
2017-05-27T23:24:04.941+0200: 4,059: Total time for which application threads were stopped: 0,0005784 seconds, Stopping threads took: 0,0000455 seconds
2017-05-27T23:24:04.972+0200: 4,089: Total time for which application threads were stopped: 0,0001414 seconds, Stopping threads took: 0,0000507 seconds
2017-05-27T23:24:04.973+0200: 4,090: Total time for which application threads were stopped: 0,0001046 seconds, Stopping threads took: 0,0000362 seconds
2017-05-27T23:24:04.974+0200: 4,092: Total time for which application threads were stopped: 0,0001068 seconds, Stopping threads took: 0,0000408 seconds
2017-05-27T23:24:04.975+0200: 4,092: Total time for which application threads were stopped: 0,0000746 seconds, Stopping threads took: 0,0000159 seconds
2017-05-27T23:24:04.978+0200: 4,095: Total time for which application threads were stopped: 0,0001722 seconds, Stopping threads took: 0,0001016 seconds
2017-05-27T23:24:04.978+0200: 4,096: Total time for which application threads were stopped: 0,0003453 seconds, Stopping threads took: 0,0000153 seconds
2017-05-27T23:24:04.979+0200: 4,097: Total time for which application threads were stopped: 0,0000840 seconds, Stopping threads took: 0,0000209 seconds
2017-05-27T23:24:04.980+0200: 4,098: Total time for which application threads were stopped: 0,0001184 seconds, Stopping threads took: 0,0000514 seconds
2017-05-27T23:24:04.980+0200: 4,098: Total time for which application threads were stopped: 0,0000854 seconds, Stopping threads took: 0,0000371 seconds
2017-05-27T23:24:04.980+0200: 4,098: Total time for which application threads were stopped: 0,0000761 seconds, Stopping threads took: 0,0000249 seconds
2017-05-27T23:24:04.981+0200: 4,099: Total time for which application threads were stopped: 0,0001054 seconds, Stopping threads took: 0,0000395 seconds
2017-05-27T23:24:04.991+0200: 4,109: Total time for which application threads were stopped: 0,0001251 seconds, Stopping threads took: 0,0000407 seconds
2017-05-27T23:24:04.999+0200: 4,116: Total time for which application threads were stopped: 0,0001386 seconds, Stopping threads took: 0,0000413 seconds
2017-05-27T23:24:04.999+0200: 4,117: Total time for which application threads were stopped: 0,0001050 seconds, Stopping threads took: 0,0000287 seconds
2017-05-27T23:24:05.000+0200: 4,118: Total time for which application threads were stopped: 0,0000969 seconds, Stopping threads took: 0,0000260 seconds
2017-05-27T23:24:05.000+0200: 4,118: Total time for which application threads were stopped: 0,0001086 seconds, Stopping threads took: 0,0000280 seconds
2017-05-27T23:24:05.002+0200: 4,120: Total time for which application threads were stopped: 0,0001277 seconds, Stopping threads took: 0,0000373 seconds
2017-05-27T23:24:05.002+0200: 4,120: Total time for which application threads were stopped: 0,0000889 seconds, Stopping threads took: 0,0000288 seconds
2017-05-27T23:24:05.003+0200: 4,120: Total time for which application threads were stopped: 0,0000713 seconds, Stopping threads took: 0,0000217 seconds
2017-05-27T23:24:05.003+0200: 4,120: Total time for which application threads were stopped: 0,0000745 seconds, Stopping threads took: 0,0000344 seconds
2017-05-27T23:24:05.003+0200: 4,121: Total time for which application threads were stopped: 0,0000531 seconds, Stopping threads took: 0,0000191 seconds
2017-05-27T23:24:05.003+0200: 4,121: Total time for which application threads were stopped: 0,0000680 seconds, Stopping threads took: 0,0000195 seconds
2017-05-27T23:24:05.003+0200: 4,121: Total time for which application threads were stopped: 0,0001327 seconds, Stopping threads took: 0,0000161 seconds
2017-05-27T23:24:05.004+0200: 4,121: Total time for which application threads were stopped: 0,0000866 seconds, Stopping threads took: 0,0000355 seconds
2017-05-27T23:24:05.004+0200: 4,122: Total time for which application threads were stopped: 0,0000637 seconds, Stopping threads took: 0,0000189 seconds
2017-05-27T23:24:05.004+0200: 4,122: Total time for which application threads were stopped: 0,0000700 seconds, Stopping threads took: 0,0000194 seconds
2017-05-27T23:24:05.004+0200: 4,122: Total time for which application threads were stopped: 0,0000634 seconds, Stopping threads took: 0,0000156 seconds
2017-05-27T23:24:05.004+0200: 4,122: Total time for which application threads were stopped: 0,0000529 seconds, Stopping threads took: 0,0000156 seconds
2017-05-27T23:24:05.005+0200: 4,122: Total time for which application threads were stopped: 0,0000814 seconds, Stopping threads took: 0,0000240 seconds
2017-05-27T23:24:05.005+0200: 4,122: Total time for which application threads were stopped: 0,0000561 seconds, Stopping threads took: 0,0000162 seconds
2017-05-27T23:24:05.005+0200: 4,122: Total time for which application threads were stopped: 0,0001127 seconds, Stopping threads took: 0,0000403 seconds
2017-05-27T23:24:05.005+0200: 4,123: Total time for which application threads were stopped: 0,0000716 seconds, Stopping threads took: 0,0000311 seconds
2017-05-27T23:24:05.005+0200: 4,123: Total time for which application threads were stopped: 0,0000723 seconds, Stopping threads took: 0,0000284 seconds
2017-05-27T23:24:05.005+0200: 4,123: Total time for which application threads were stopped: 0,0000982 seconds, Stopping threads took: 0,0000416 seconds
2017-05-27T23:24:05.005+0200: 4,123: Total time for which application threads were stopped: 0,0000574 seconds, Stopping threads took: 0,0000168 seconds
2017-05-27T23:24:05.006+0200: 4,123: Total time for which application threads were stopped: 0,0000587 seconds, Stopping threads took: 0,0000180 seconds
2017-05-27T23:24:05.006+0200: 4,123: Total time for which application threads were stopped: 0,0000509 seconds, Stopping threads took: 0,0000099 seconds
2017-05-27T23:24:05.006+0200: 4,123: Total time for which application threads were stopped: 0,0000493 seconds, Stopping threads took: 0,0000160 seconds
2017-05-27T23:24:05.006+0200: 4,124: Total time for which application threads were stopped: 0,0000475 seconds, Stopping threads took: 0,0000100 seconds
2017-05-27T23:24:05.006+0200: 4,124: Total time for which application threads were stopped: 0,0000617 seconds, Stopping threads took: 0,0000178 seconds
2017-05-27T23:24:05.006+0200: 4,124: Total time for which application threads were stopped: 0,0000500 seconds, Stopping threads took: 0,0000092 seconds
2017-05-27T23:24:05.006+0200: 4,124: Total time for which application threads were stopped: 0,0000424 seconds, Stopping threads took: 0,0000083 seconds
2017-05-27T23:24:05.010+0200: 4,128: Total time for which application threads were stopped: 0,0038480 seconds, Stopping threads took: 0,0037142 seconds
2017-05-27T23:24:05.015+0200: 4,132: Total time for which application threads were stopped: 0,0001257 seconds, Stopping threads took: 0,0000486 seconds
2017-05-27T23:24:05.018+0200: 4,135: Total time for which application threads were stopped: 0,0001533 seconds, Stopping threads took: 0,0000463 seconds
2017-05-27T23:24:05.024+0200: 4,142: Total time for which application threads were stopped: 0,0001168 seconds, Stopping threads took: 0,0000372 seconds
2017-05-27T23:24:05.034+0200: 4,152: Total time for which application threads were stopped: 0,0000999 seconds, Stopping threads took: 0,0000230 seconds
2017-05-27T23:24:05.052+0200: 4,170: Total time for which application threads were stopped: 0,0004904 seconds, Stopping threads took: 0,0004051 seconds
2017-05-27T23:24:05.056+0200: 4,173: Total time for which application threads were stopped: 0,0001379 seconds, Stopping threads took: 0,0000675 seconds
2017-05-27T23:24:05.082+0200: 4,200: Total time for which application threads were stopped: 0,0001819 seconds, Stopping threads took: 0,0000716 seconds
2017-05-27T23:24:05.083+0200: 4,200: Total time for which application threads were stopped: 0,0004123 seconds, Stopping threads took: 0,0000173 seconds
2017-05-27T23:24:05.083+0200: 4,201: Total time for which application threads were stopped: 0,0001070 seconds, Stopping threads took: 0,0000390 seconds
2017-05-27T23:24:05.088+0200: 4,206: Total time for which application threads were stopped: 0,0001249 seconds, Stopping threads took: 0,0000451 seconds
2017-05-27T23:24:06.088+0200: 5,206: Total time for which application threads were stopped: 0,0000649 seconds, Stopping threads took: 0,0000173 seconds
2017-05-27T23:24:07.088+0200: 6,206: Total time for which application threads were stopped: 0,0000535 seconds, Stopping threads took: 0,0000139 seconds
2017-05-27T23:24:22.090+0200: 21,207: Total time for which application threads were stopped: 0,0000626 seconds, Stopping threads took: 0,0000161 seconds
2017-05-27T23:24:33.091+0200: 32,208: Total time for which application threads were stopped: 0,0000608 seconds, Stopping threads took: 0,0000161 seconds
2017-05-27T23:25:23.096+0200: 82,213: Total time for which application threads were stopped: 0,0000610 seconds, Stopping threads took: 0,0000177 seconds
2017-05-27T23:25:58.100+0200: 117,218: Total time for which application threads were stopped: 0,0002108 seconds, Stopping threads took: 0,0000508 seconds
2017-05-27T23:26:03.101+0200: 122,218: Total time for which application threads were stopped: 0,0000600 seconds, Stopping threads took: 0,0000150 seconds
{Heap before GC invocations=9 (full 1):
 par new generation   total 109248K, used 94727K [0x00000000e0000000, 0x00000000e8000000, 0x00000000e8000000)
  eden space 87424K, 100% used [0x00000000e0000000, 0x00000000e5560000, 0x00000000e5560000)
  from space 21824K,  33% used [0x00000000e6ab0000, 0x00000000e71d1ef0, 0x00000000e8000000)
  to   space 21824K,   0% used [0x00000000e5560000, 0x00000000e5560000, 0x00000000e6ab0000)
 concurrent mark-sweep generation total 393216K, used 6042K [0x00000000e8000000, 0x0000000100000000, 0x0000000100000000)
 Metaspace       used 28043K, capacity 28574K, committed 28796K, reserved 1075200K
  class space    used 3214K, capacity 3392K, committed 3452K, reserved 1048576K
2017-05-27T23:26:51.882+0200: 170,999: [GC (Allocation Failure) 2017-05-27T23:26:51.882+0200: 170,999: [ParNew
Desired survivor size 20112992 bytes, new threshold 8 (max 8)
- age   1:   10688456 bytes,   10688456 total
- age   2:     265800 bytes,   10954256 total
- age   3:     247408 bytes,   11201664 total
- age   4:    1776904 bytes,   12978568 total
- age   5:      59416 bytes,   13037984 total
- age   6:      87768 bytes,   13125752 total
- age   8:     185448 bytes,   13311200 total
: 94727K->14555K(109248K), 0,0186685 secs] 100770K->21439K(502464K), 0,0187432 secs] [Times: user=0,05 sys=0,00, real=0,02 secs] 
Heap after GC invocations=10 (full 1):
 par new generation   total 109248K, used 14555K [0x00000000e0000000, 0x00000000e8000000, 0x00000000e8000000)
  eden space 87424K,   0% used [0x00000000e0000000, 0x00000000e0000000, 0x00000000e5560000)
  from space 21824K,  66% used [0x00000000e5560000, 0x00000000e6396eb8, 0x00000000e6ab0000)
  to   space 21824K,   0% used [0x00000000e6ab0000, 0x00000000e6ab0000, 0x00000000e8000000)
 concurrent mark-sweep generation total 393216K, used 6883K [0x00000000e8000000, 0x0000000100000000, 0x0000000100000000)
 Metaspace       used 28043K, capacity 28574K, committed 28796K, reserved 1075200K
  class space    used 3214K, capacity 3392K, committed 3452K, reserved 1048576K
}
2017-05-27T23:26:51.900+0200: 171,018: Total time for which application threads were stopped: 0,0189381 seconds, Stopping threads took: 0,0000797 seconds
2017-05-27T23:26:51.901+0200: 171,018: Total time for which application threads were stopped: 0,0000568 seconds, Stopping threads took: 0,0000239 seconds
2017-05-27T23:26:51.902+0200: 171,019: Total time for which application threads were stopped: 0,0000432 seconds, Stopping threads took: 0,0000144 seconds
2017-05-27T23:27:01.903+0200: 181,020: Total time for which application threads were stopped: 0,0000728 seconds, Stopping threads took: 0,0000211 seconds
2017-05-27T23:28:27.913+0200: 267,031: Total time for which application threads were stopped: 0,0000887 seconds, Stopping threads took: 0,0000377 seconds
2017-05-27T23:28:31.914+0200: 271,032: Total time for which application threads were stopped: 0,0000966 seconds, Stopping threads took: 0,0000327 seconds
2017-05-27T23:28:32.914+0200: 272,032: Total time for which application threads were stopped: 0,0003660 seconds, Stopping threads took: 0,0001614 seconds
2017-05-27T23:28:37.915+0200: 277,033: Total time for which application threads were stopped: 0,0000617 seconds, Stopping threads took: 0,0000160 seconds
2017-05-27T23:28:41.916+0200: 281,033: Total time for which application threads were stopped: 0,0000780 seconds, Stopping threads took: 0,0000201 seconds
2017-05-27T23:47:27.047+0200: 1406,164: Total time for which application threads were stopped: 0,0001295 seconds, Stopping threads took: 0,0000438 seconds
2017-05-27T23:52:57.086+0200: 1736,204: Total time for which application threads were stopped: 0,0000947 seconds, Stopping threads took: 0,0000364 seconds
2017-05-27T23:55:38.774+0200: 1897,892: Total time for which application threads were stopped: 0,0000861 seconds, Stopping threads took: 0,0000299 seconds
2017-05-27T23:55:38.776+0200: 1897,894: Total time for which application threads were stopped: 0,0000913 seconds, Stopping threads took: 0,0000381 seconds
2017-05-27T23:55:38.786+0200: 1897,904: Total time for which application threads were stopped: 0,0081318 seconds, Stopping threads took: 0,0000434 seconds
2017-05-27T23:55:38.884+0200: 1898,002: Total time for which application threads were stopped: 0,0464765 seconds, Stopping threads took: 0,0463929 seconds
2017-05-27T23:55:38.902+0200: 1898,019: Total time for which application threads were stopped: 0,0032378 seconds, Stopping threads took: 0,0031570 seconds
2017-05-27T23:55:38.903+0200: 1898,020: Total time for which application threads were stopped: 0,0005102 seconds, Stopping threads took: 0,0004284 seconds
2017-05-27T23:55:38.904+0200: 1898,022: Total time for which application threads were stopped: 0,0001076 seconds, Stopping threads took: 0,0000288 seconds
2017-05-27T23:55:38.905+0200: 1898,023: Total time for which application threads were stopped: 0,0000884 seconds, Stopping threads took: 0,0000182 seconds
2017-05-27T23:55:38.905+0200: 1898,023: Total time for which application threads were stopped: 0,0000535 seconds, Stopping threads took: 0,0000147 seconds
2017-05-27T23:55:38.910+0200: 1898,028: Total time for which application threads were stopped: 0,0000984 seconds, Stopping threads took: 0,0000199 seconds
2017-05-27T23:55:38.910+0200: 1898,028: Total time for which application threads were stopped: 0,0000475 seconds, Stopping threads took: 0,0000128 seconds
2017-05-27T23:55:38.911+0200: 1898,028: Total time for which application threads were stopped: 0,0000400 seconds, Stopping threads took: 0,0000075 seconds
2017-05-27T23:55:38.912+0200: 1898,030: Total time for which application threads were stopped: 0,0000988 seconds, Stopping threads took: 0,0000326 seconds
2017-05-27T23:55:38.935+0200: 1898,053: Total time for which application threads were stopped: 0,0048225 seconds, Stopping threads took: 0,0047432 seconds
2017-05-27T23:55:38.935+0200: 1898,053: Total time for which application threads were stopped: 0,0000451 seconds, Stopping threads took: 0,0000097 seconds
2017-05-27T23:55:38.936+0200: 1898,053: Total time for which application threads were stopped: 0,0000347 seconds, Stopping threads took: 0,0000054 seconds
2017-05-27T23:55:38.946+0200: 1898,064: Total time for which application threads were stopped: 0,0014418 seconds, Stopping threads took: 0,0013491 seconds
2017-05-27T23:55:38.948+0200: 1898,066: Total time for which application threads were stopped: 0,0012152 seconds, Stopping threads took: 0,0011299 seconds
2017-05-27T23:55:38.948+0200: 1898,066: Total time for which application threads were stopped: 0,0000479 seconds, Stopping threads took: 0,0000116 seconds
2017-05-27T23:55:38.949+0200: 1898,067: Total time for which application threads were stopped: 0,0000688 seconds, Stopping threads took: 0,0000119 seconds
2017-05-27T23:55:38.949+0200: 1898,067: Total time for which application threads were stopped: 0,0000433 seconds, Stopping threads took: 0,0000085 seconds
2017-05-27T23:55:38.949+0200: 1898,067: Total time for which application threads were stopped: 0,0002832 seconds, Stopping threads took: 0,0000048 seconds
2017-05-27T23:55:38.950+0200: 1898,067: Total time for which application threads were stopped: 0,0000557 seconds, Stopping threads took: 0,0000089 seconds
2017-05-27T23:55:38.950+0200: 1898,067: Total time for which application threads were stopped: 0,0000366 seconds, Stopping threads took: 0,0000076 seconds
2017-05-27T23:55:38.950+0200: 1898,067: Total time for which application threads were stopped: 0,0000340 seconds, Stopping threads took: 0,0000046 seconds
2017-05-27T23:55:38.950+0200: 1898,068: Total time for which application threads were stopped: 0,0000376 seconds, Stopping threads took: 0,0000059 seconds
2017-05-27T23:55:38.954+0200: 1898,072: Total time for which application threads were stopped: 0,0031314 seconds, Stopping threads took: 0,0030163 seconds
2017-05-27T23:55:38.956+0200: 1898,073: Total time for which application threads were stopped: 0,0000867 seconds, Stopping threads took: 0,0000312 seconds
2017-05-27T23:55:38.956+0200: 1898,073: Total time for which application threads were stopped: 0,0000587 seconds, Stopping threads took: 0,0000252 seconds
2017-05-27T23:55:38.956+0200: 1898,074: Total time for which application threads were stopped: 0,0000484 seconds, Stopping threads took: 0,0000230 seconds
2017-05-27T23:55:38.956+0200: 1898,074: Total time for which application threads were stopped: 0,0000292 seconds, Stopping threads took: 0,0000084 seconds
2017-05-27T23:55:38.956+0200: 1898,074: Total time for which application threads were stopped: 0,0000254 seconds, Stopping threads took: 0,0000071 seconds
2017-05-27T23:55:38.956+0200: 1898,074: Total time for which application threads were stopped: 0,0000270 seconds, Stopping threads took: 0,0000092 seconds
2017-05-27T23:55:38.956+0200: 1898,074: Total time for which application threads were stopped: 0,0000393 seconds, Stopping threads took: 0,0000189 seconds
2017-05-27T23:55:38.956+0200: 1898,074: Total time for which application threads were stopped: 0,0001006 seconds, Stopping threads took: 0,0000150 seconds
2017-05-27T23:55:38.957+0200: 1898,075: Total time for which application threads were stopped: 0,0000623 seconds, Stopping threads took: 0,0000251 seconds
2017-05-27T23:55:38.958+0200: 1898,075: Total time for which application threads were stopped: 0,0001071 seconds, Stopping threads took: 0,0000135 seconds
Heap
 par new generation   total 109248K, used 37227K [0x00000000e0000000, 0x00000000e8000000, 0x00000000e8000000)
  eden space 87424K,  25% used [0x00000000e0000000, 0x00000000e1623f70, 0x00000000e5560000)
  from space 21824K,  66% used [0x00000000e5560000, 0x00000000e6396eb8, 0x00000000e6ab0000)
  to   space 21824K,   0% used [0x00000000e6ab0000, 0x00000000e6ab0000, 0x00000000e8000000)
 concurrent mark-sweep generation total 393216K, used 6883K [0x00000000e8000000, 0x0000000100000000, 0x0000000100000000)
 Metaspace       used 28159K, capacity 28742K, committed 28796K, reserved 1075200K
  class space    used 3228K, capacity 3426K, committed 3452K, reserved 1048576K
