OpenJDK 64-Bit Server VM (25.111-b14) for linux-amd64 JRE (1.8.0_111-8u111-b14-2ubuntu0.16.04.2-b14), built on Oct 27 2016 18:10:19 by "buildd" with gcc 5.4.0 20160609
Memory: 4k page, physical 7867804k(7454876k free), swap 8076284k(8076284k free)
CommandLine flags: -XX:CMSInitiatingOccupancyFraction=50 -XX:CMSMaxAbortablePrecleanTime=6000 -XX:+CMSParallelRemarkEnabled -XX:+CMSScavengeBeforeRemark -XX:ConcGCThreads=4 -XX:InitialHeapSize=536870912 -XX:MaxHeapSize=536870912 -XX:MaxTenuringThreshold=8 -XX:NewRatio=3 -XX:OldPLABSize=16 -XX:OnOutOfMemoryError=/opt/solr/bin/oom_solr.sh 8983 /var/solr/logs -XX:ParallelGCThreads=4 -XX:+ParallelRefProcEnabled -XX:PretenureSizeThreshold=67108864 -XX:+PrintGC -XX:+PrintGCApplicationStoppedTime -XX:+PrintGCDateStamps -XX:+PrintGCDetails -XX:+PrintGCTimeStamps -XX:+PrintHeapAtGC -XX:+PrintTenuringDistribution -XX:SurvivorRatio=4 -XX:TargetSurvivorRatio=90 -XX:ThreadStackSize=256 -XX:+UseCMSInitiatingOccupancyOnly -XX:+UseCompressedClassPointers -XX:+UseCompressedOops -XX:+UseConcMarkSweepGC -XX:+UseParNewGC 
2016-12-26T01:22:34.796+0100: 0,157: Total time for which application threads were stopped: 0,0000957 seconds, Stopping threads took: 0,0000186 seconds
2016-12-26T01:22:34.929+0100: 0,290: Total time for which application threads were stopped: 0,0001038 seconds, Stopping threads took: 0,0000143 seconds
2016-12-26T01:22:34.944+0100: 0,304: Total time for which application threads were stopped: 0,0001141 seconds, Stopping threads took: 0,0000198 seconds
2016-12-26T01:22:35.235+0100: 0,596: Total time for which application threads were stopped: 0,0001698 seconds, Stopping threads took: 0,0000294 seconds
2016-12-26T01:22:35.746+0100: 1,107: Total time for which application threads were stopped: 0,0001668 seconds, Stopping threads took: 0,0000136 seconds
2016-12-26T01:22:35.861+0100: 1,222: Total time for which application threads were stopped: 0,0002131 seconds, Stopping threads took: 0,0000260 seconds
2016-12-26T01:22:35.933+0100: 1,293: Total time for which application threads were stopped: 0,0007925 seconds, Stopping threads took: 0,0000388 seconds
2016-12-26T01:22:36.383+0100: 1,744: Total time for which application threads were stopped: 0,0081362 seconds, Stopping threads took: 0,0079316 seconds
2016-12-26T01:22:36.648+0100: 2,009: Total time for which application threads were stopped: 0,0002020 seconds, Stopping threads took: 0,0000160 seconds
2016-12-26T01:22:36.670+0100: 2,031: Total time for which application threads were stopped: 0,0001676 seconds, Stopping threads took: 0,0000134 seconds
2016-12-26T01:22:36.671+0100: 2,032: Total time for which application threads were stopped: 0,0001216 seconds, Stopping threads took: 0,0000096 seconds
2016-12-26T01:22:36.684+0100: 2,045: Total time for which application threads were stopped: 0,0001536 seconds, Stopping threads took: 0,0000119 seconds
2016-12-26T01:22:36.770+0100: 2,131: Total time for which application threads were stopped: 0,0002328 seconds, Stopping threads took: 0,0000178 seconds
2016-12-26T01:22:36.951+0100: 2,311: Total time for which application threads were stopped: 0,0002779 seconds, Stopping threads took: 0,0000298 seconds
{Heap before GC invocations=0 (full 0):
 par new generation   total 109248K, used 87424K [0x00000000e0000000, 0x00000000e8000000, 0x00000000e8000000)
  eden space 87424K, 100% used [0x00000000e0000000, 0x00000000e5560000, 0x00000000e5560000)
  from space 21824K,   0% used [0x00000000e5560000, 0x00000000e5560000, 0x00000000e6ab0000)
  to   space 21824K,   0% used [0x00000000e6ab0000, 0x00000000e6ab0000, 0x00000000e8000000)
 concurrent mark-sweep generation total 393216K, used 0K [0x00000000e8000000, 0x0000000100000000, 0x0000000100000000)
 Metaspace       used 18071K, capacity 18366K, committed 18560K, reserved 1064960K
  class space    used 2052K, capacity 2162K, committed 2176K, reserved 1048576K
2016-12-26T01:22:37.085+0100: 2,446: [GC (Allocation Failure) 2016-12-26T01:22:37.085+0100: 2,446: [ParNew
Desired survivor size 20112992 bytes, new threshold 8 (max 8)
- age   1:   12310208 bytes,   12310208 total
: 87424K->12129K(109248K), 0,0187105 secs] 87424K->12129K(502464K), 0,0187943 secs] [Times: user=0,03 sys=0,02, real=0,02 secs] 
Heap after GC invocations=1 (full 0):
 par new generation   total 109248K, used 12129K [0x00000000e0000000, 0x00000000e8000000, 0x00000000e8000000)
  eden space 87424K,   0% used [0x00000000e0000000, 0x00000000e0000000, 0x00000000e5560000)
  from space 21824K,  55% used [0x00000000e6ab0000, 0x00000000e7688788, 0x00000000e8000000)
  to   space 21824K,   0% used [0x00000000e5560000, 0x00000000e5560000, 0x00000000e6ab0000)
 concurrent mark-sweep generation total 393216K, used 0K [0x00000000e8000000, 0x0000000100000000, 0x0000000100000000)
 Metaspace       used 18071K, capacity 18366K, committed 18560K, reserved 1064960K
  class space    used 2052K, capacity 2162K, committed 2176K, reserved 1048576K
}
2016-12-26T01:22:37.104+0100: 2,465: Total time for which application threads were stopped: 0,0189761 seconds, Stopping threads took: 0,0000176 seconds
2016-12-26T01:22:37.310+0100: 2,671: Total time for which application threads were stopped: 0,0003217 seconds, Stopping threads took: 0,0000356 seconds
2016-12-26T01:22:37.355+0100: 2,716: Total time for which application threads were stopped: 0,0003277 seconds, Stopping threads took: 0,0000421 seconds
2016-12-26T01:22:37.387+0100: 2,748: Total time for which application threads were stopped: 0,0003845 seconds, Stopping threads took: 0,0000657 seconds
{Heap before GC invocations=1 (full 0):
 par new generation   total 109248K, used 99553K [0x00000000e0000000, 0x00000000e8000000, 0x00000000e8000000)
  eden space 87424K, 100% used [0x00000000e0000000, 0x00000000e5560000, 0x00000000e5560000)
  from space 21824K,  55% used [0x00000000e6ab0000, 0x00000000e7688788, 0x00000000e8000000)
  to   space 21824K,   0% used [0x00000000e5560000, 0x00000000e5560000, 0x00000000e6ab0000)
 concurrent mark-sweep generation total 393216K, used 0K [0x00000000e8000000, 0x0000000100000000, 0x0000000100000000)
 Metaspace       used 20668K, capacity 21020K, committed 21248K, reserved 1069056K
  class space    used 2402K, capacity 2518K, committed 2560K, reserved 1048576K
2016-12-26T01:22:37.595+0100: 2,956: [GC (Allocation Failure) 2016-12-26T01:22:37.595+0100: 2,956: [ParNew
Desired survivor size 20112992 bytes, new threshold 8 (max 8)
- age   1:    3396944 bytes,    3396944 total
- age   2:    6102288 bytes,    9499232 total
: 99553K->13040K(109248K), 0,0210730 secs] 99553K->13040K(502464K), 0,0211678 secs] [Times: user=0,06 sys=0,00, real=0,02 secs] 
Heap after GC invocations=2 (full 0):
 par new generation   total 109248K, used 13040K [0x00000000e0000000, 0x00000000e8000000, 0x00000000e8000000)
  eden space 87424K,   0% used [0x00000000e0000000, 0x00000000e0000000, 0x00000000e5560000)
  from space 21824K,  59% used [0x00000000e5560000, 0x00000000e621c2b0, 0x00000000e6ab0000)
  to   space 21824K,   0% used [0x00000000e6ab0000, 0x00000000e6ab0000, 0x00000000e8000000)
 concurrent mark-sweep generation total 393216K, used 0K [0x00000000e8000000, 0x0000000100000000, 0x0000000100000000)
 Metaspace       used 20668K, capacity 21020K, committed 21248K, reserved 1069056K
  class space    used 2402K, capacity 2518K, committed 2560K, reserved 1048576K
}
2016-12-26T01:22:37.616+0100: 2,977: Total time for which application threads were stopped: 0,0214340 seconds, Stopping threads took: 0,0000245 seconds
2016-12-26T01:22:37.693+0100: 3,054: Total time for which application threads were stopped: 0,0000881 seconds, Stopping threads took: 0,0000148 seconds
2016-12-26T01:22:37.731+0100: 3,092: Total time for which application threads were stopped: 0,0003063 seconds, Stopping threads took: 0,0000237 seconds
2016-12-26T01:22:37.739+0100: 3,100: Total time for which application threads were stopped: 0,0001074 seconds, Stopping threads took: 0,0000197 seconds
2016-12-26T01:22:37.775+0100: 3,136: Total time for which application threads were stopped: 0,0001027 seconds, Stopping threads took: 0,0000366 seconds
2016-12-26T01:22:37.859+0100: 3,220: Total time for which application threads were stopped: 0,0011835 seconds, Stopping threads took: 0,0010325 seconds
2016-12-26T01:22:37.891+0100: 3,252: Total time for which application threads were stopped: 0,0001352 seconds, Stopping threads took: 0,0000367 seconds
2016-12-26T01:22:37.900+0100: 3,261: Total time for which application threads were stopped: 0,0003735 seconds, Stopping threads took: 0,0000779 seconds
2016-12-26T01:22:37.912+0100: 3,272: Total time for which application threads were stopped: 0,0004019 seconds, Stopping threads took: 0,0000223 seconds
2016-12-26T01:22:37.933+0100: 3,294: Total time for which application threads were stopped: 0,0000816 seconds, Stopping threads took: 0,0000168 seconds
2016-12-26T01:22:37.975+0100: 3,336: Total time for which application threads were stopped: 0,0001226 seconds, Stopping threads took: 0,0000311 seconds
2016-12-26T01:22:37.994+0100: 3,355: Total time for which application threads were stopped: 0,0000750 seconds, Stopping threads took: 0,0000185 seconds
2016-12-26T01:22:38.008+0100: 3,368: Total time for which application threads were stopped: 0,0001050 seconds, Stopping threads took: 0,0000261 seconds
2016-12-26T01:22:38.037+0100: 3,398: Total time for which application threads were stopped: 0,0000942 seconds, Stopping threads took: 0,0000150 seconds
2016-12-26T01:22:38.066+0100: 3,427: Total time for which application threads were stopped: 0,0001143 seconds, Stopping threads took: 0,0000248 seconds
2016-12-26T01:22:38.141+0100: 3,501: Total time for which application threads were stopped: 0,0001003 seconds, Stopping threads took: 0,0000310 seconds
{Heap before GC invocations=2 (full 0):
 par new generation   total 109248K, used 100464K [0x00000000e0000000, 0x00000000e8000000, 0x00000000e8000000)
  eden space 87424K, 100% used [0x00000000e0000000, 0x00000000e5560000, 0x00000000e5560000)
  from space 21824K,  59% used [0x00000000e5560000, 0x00000000e621c2b0, 0x00000000e6ab0000)
  to   space 21824K,   0% used [0x00000000e6ab0000, 0x00000000e6ab0000, 0x00000000e8000000)
 concurrent mark-sweep generation total 393216K, used 0K [0x00000000e8000000, 0x0000000100000000, 0x0000000100000000)
 Metaspace       used 24800K, capacity 25159K, committed 25280K, reserved 1071104K
  class space    used 2895K, capacity 3024K, committed 3040K, reserved 1048576K
2016-12-26T01:22:38.184+0100: 3,544: [GC (Allocation Failure) 2016-12-26T01:22:38.184+0100: 3,544: [ParNew
Desired survivor size 20112992 bytes, new threshold 8 (max 8)
- age   1:    6693728 bytes,    6693728 total
- age   2:     557688 bytes,    7251416 total
- age   3:    6084672 bytes,   13336088 total
: 100464K->16024K(109248K), 0,0200501 secs] 100464K->16024K(502464K), 0,0201348 secs] [Times: user=0,05 sys=0,01, real=0,02 secs] 
Heap after GC invocations=3 (full 0):
 par new generation   total 109248K, used 16024K [0x00000000e0000000, 0x00000000e8000000, 0x00000000e8000000)
  eden space 87424K,   0% used [0x00000000e0000000, 0x00000000e0000000, 0x00000000e5560000)
  from space 21824K,  73% used [0x00000000e6ab0000, 0x00000000e7a56080, 0x00000000e8000000)
  to   space 21824K,   0% used [0x00000000e5560000, 0x00000000e5560000, 0x00000000e6ab0000)
 concurrent mark-sweep generation total 393216K, used 0K [0x00000000e8000000, 0x0000000100000000, 0x0000000100000000)
 Metaspace       used 24800K, capacity 25159K, committed 25280K, reserved 1071104K
  class space    used 2895K, capacity 3024K, committed 3040K, reserved 1048576K
}
2016-12-26T01:22:38.204+0100: 3,565: Total time for which application threads were stopped: 0,0203344 seconds, Stopping threads took: 0,0000429 seconds
2016-12-26T01:22:38.207+0100: 3,568: [GC (CMS Initial Mark) [1 CMS-initial-mark: 0K(393216K)] 17425K(502464K), 0,0051556 secs] [Times: user=0,01 sys=0,01, real=0,00 secs] 
2016-12-26T01:22:38.213+0100: 3,573: Total time for which application threads were stopped: 0,0053790 seconds, Stopping threads took: 0,0001187 seconds
2016-12-26T01:22:38.213+0100: 3,573: [CMS-concurrent-mark-start]
2016-12-26T01:22:38.213+0100: 3,574: [CMS-concurrent-mark: 0,000/0,000 secs] [Times: user=0,00 sys=0,00, real=0,00 secs] 
2016-12-26T01:22:38.213+0100: 3,574: [CMS-concurrent-preclean-start]
2016-12-26T01:22:38.214+0100: 3,575: [CMS-concurrent-preclean: 0,001/0,001 secs] [Times: user=0,00 sys=0,00, real=0,00 secs] 
2016-12-26T01:22:38.214+0100: 3,575: [GC (CMS Final Remark) [YG occupancy: 17425 K (109248 K)]{Heap before GC invocations=3 (full 1):
 par new generation   total 109248K, used 17425K [0x00000000e0000000, 0x00000000e8000000, 0x00000000e8000000)
  eden space 87424K,   1% used [0x00000000e0000000, 0x00000000e015e3a0, 0x00000000e5560000)
  from space 21824K,  73% used [0x00000000e6ab0000, 0x00000000e7a56080, 0x00000000e8000000)
  to   space 21824K,   0% used [0x00000000e5560000, 0x00000000e5560000, 0x00000000e6ab0000)
 concurrent mark-sweep generation total 393216K, used 0K [0x00000000e8000000, 0x0000000100000000, 0x0000000100000000)
 Metaspace       used 24802K, capacity 25159K, committed 25280K, reserved 1071104K
  class space    used 2896K, capacity 3024K, committed 3040K, reserved 1048576K
2016-12-26T01:22:38.214+0100: 3,575: [GC (CMS Final Remark) 2016-12-26T01:22:38.215+0100: 3,575: [ParNew
Desired survivor size 20112992 bytes, new threshold 8 (max 8)
- age   1:       3312 bytes,       3312 total
- age   2:    3155056 bytes,    3158368 total
- age   3:     545488 bytes,    3703856 total
- age   4:    6083360 bytes,    9787216 total
: 17425K->16654K(109248K), 0,0146546 secs] 17425K->16654K(502464K), 0,0147019 secs] [Times: user=0,04 sys=0,00, real=0,02 secs] 
Heap after GC invocations=4 (full 1):
 par new generation   total 109248K, used 16654K [0x00000000e0000000, 0x00000000e8000000, 0x00000000e8000000)
  eden space 87424K,   0% used [0x00000000e0000000, 0x00000000e0000000, 0x00000000e5560000)
  from space 21824K,  76% used [0x00000000e5560000, 0x00000000e65a3a00, 0x00000000e6ab0000)
  to   space 21824K,   0% used [0x00000000e6ab0000, 0x00000000e6ab0000, 0x00000000e8000000)
 concurrent mark-sweep generation total 393216K, used 0K [0x00000000e8000000, 0x0000000100000000, 0x0000000100000000)
 Metaspace       used 24802K, capacity 25159K, committed 25280K, reserved 1071104K
  class space    used 2896K, capacity 3024K, committed 3040K, reserved 1048576K
}
2016-12-26T01:22:38.229+0100: 3,590: [Rescan (parallel) , 0,0042786 secs]2016-12-26T01:22:38.234+0100: 3,594: [weak refs processing, 0,0014776 secs]2016-12-26T01:22:38.235+0100: 3,596: [class unloading, 0,0032247 secs]2016-12-26T01:22:38.238+0100: 3,599: [scrub symbol table, 0,0039236 secs]2016-12-26T01:22:38.242+0100: 3,603: [scrub string table, 0,0004071 secs][1 CMS-remark: 0K(393216K)] 16654K(502464K), 0,0287617 secs] [Times: user=0,06 sys=0,00, real=0,03 secs] 
2016-12-26T01:22:38.243+0100: 3,604: Total time for which application threads were stopped: 0,0288647 seconds, Stopping threads took: 0,0000244 seconds
2016-12-26T01:22:38.244+0100: 3,605: [CMS-concurrent-sweep-start]
2016-12-26T01:22:38.244+0100: 3,605: [CMS-concurrent-sweep: 0,000/0,000 secs] [Times: user=0,00 sys=0,00, real=0,00 secs] 
2016-12-26T01:22:38.244+0100: 3,605: [CMS-concurrent-reset-start]
2016-12-26T01:22:38.246+0100: 3,606: [CMS-concurrent-reset: 0,002/0,002 secs] [Times: user=0,00 sys=0,00, real=0,00 secs] 
2016-12-26T01:22:38.324+0100: 3,685: Total time for which application threads were stopped: 0,0003675 seconds, Stopping threads took: 0,0000245 seconds
2016-12-26T01:22:38.716+0100: 4,076: Total time for which application threads were stopped: 0,0004870 seconds, Stopping threads took: 0,0000199 seconds
2016-12-26T01:23:06.719+0100: 32,080: Total time for which application threads were stopped: 0,0000540 seconds, Stopping threads took: 0,0000156 seconds
2016-12-26T01:25:17.741+0100: 163,102: Total time for which application threads were stopped: 0,0001471 seconds, Stopping threads took: 0,0000595 seconds
2016-12-26T01:25:22.743+0100: 168,103: Total time for which application threads were stopped: 0,0001202 seconds, Stopping threads took: 0,0000329 seconds
2016-12-26T01:25:36.746+0100: 182,106: Total time for which application threads were stopped: 0,0000712 seconds, Stopping threads took: 0,0000204 seconds
2016-12-26T01:26:17.754+0100: 223,114: Total time for which application threads were stopped: 0,0000691 seconds, Stopping threads took: 0,0000294 seconds
2016-12-26T01:27:06.763+0100: 272,124: Total time for which application threads were stopped: 0,0000868 seconds, Stopping threads took: 0,0000372 seconds
2016-12-26T01:27:22.766+0100: 288,127: Total time for which application threads were stopped: 0,0001561 seconds, Stopping threads took: 0,0000647 seconds
2016-12-26T01:27:57.773+0100: 323,134: Total time for which application threads were stopped: 0,0001503 seconds, Stopping threads took: 0,0000597 seconds
2016-12-26T01:30:37.802+0100: 483,162: Total time for which application threads were stopped: 0,0000785 seconds, Stopping threads took: 0,0000325 seconds
2016-12-26T01:31:17.809+0100: 523,169: Total time for which application threads were stopped: 0,0001454 seconds, Stopping threads took: 0,0000559 seconds
2016-12-26T01:32:57.336+0100: 623,182: Total time for which application threads were stopped: 0,0000893 seconds, Stopping threads took: 0,0000341 seconds
2016-12-26T01:46:25.426+0100: 1431,272: Total time for which application threads were stopped: 0,0001748 seconds, Stopping threads took: 0,0000612 seconds
2016-12-26T01:50:30.458+0100: 1676,304: Total time for which application threads were stopped: 0,0000726 seconds, Stopping threads took: 0,0000311 seconds
2016-12-26T01:51:31.465+0100: 1737,311: Total time for which application threads were stopped: 0,0000793 seconds, Stopping threads took: 0,0000326 seconds
2016-12-26T01:55:46.496+0100: 1992,342: Total time for which application threads were stopped: 0,0000712 seconds, Stopping threads took: 0,0000307 seconds
2016-12-26T02:02:00.540+0100: 2366,386: Total time for which application threads were stopped: 0,0005036 seconds, Stopping threads took: 0,0002268 seconds
2016-12-26T02:02:01.541+0100: 2367,387: Total time for which application threads were stopped: 0,0004746 seconds, Stopping threads took: 0,0001256 seconds
2016-12-26T02:07:47.585+0100: 2713,431: Total time for which application threads were stopped: 0,0001610 seconds, Stopping threads took: 0,0000863 seconds
2016-12-26T02:07:47.590+0100: 2713,435: Total time for which application threads were stopped: 0,0001183 seconds, Stopping threads took: 0,0000297 seconds
Heap
 par new generation   total 109248K, used 61403K [0x00000000e0000000, 0x00000000e8000000, 0x00000000e8000000)
  eden space 87424K,  51% used [0x00000000e0000000, 0x00000000e2bb3518, 0x00000000e5560000)
  from space 21824K,  76% used [0x00000000e5560000, 0x00000000e65a3a00, 0x00000000e6ab0000)
  to   space 21824K,   0% used [0x00000000e6ab0000, 0x00000000e6ab0000, 0x00000000e8000000)
 concurrent mark-sweep generation total 393216K, used 0K [0x00000000e8000000, 0x0000000100000000, 0x0000000100000000)
 Metaspace       used 27175K, capacity 27667K, committed 27968K, reserved 1073152K
  class space    used 3167K, capacity 3320K, committed 3424K, reserved 1048576K
