OpenJDK 64-Bit Server VM (25.121-b13) for linux-amd64 JRE (1.8.0_121-8u121-b13-0ubuntu1.16.04.2-b13), built on Jan 23 2017 15:51:29 by "buildd" with gcc 5.4.0 20160609
Memory: 4k page, physical 7867760k(7440628k free), swap 8076284k(8076284k free)
CommandLine flags: -XX:CMSInitiatingOccupancyFraction=50 -XX:CMSMaxAbortablePrecleanTime=6000 -XX:+CMSParallelRemarkEnabled -XX:+CMSScavengeBeforeRemark -XX:ConcGCThreads=4 -XX:InitialHeapSize=536870912 -XX:MaxHeapSize=536870912 -XX:MaxTenuringThreshold=8 -XX:NewRatio=3 -XX:OldPLABSize=16 -XX:OnOutOfMemoryError=/opt/solr/bin/oom_solr.sh 8983 /var/solr/logs -XX:ParallelGCThreads=4 -XX:+ParallelRefProcEnabled -XX:PretenureSizeThreshold=67108864 -XX:+PrintGC -XX:+PrintGCApplicationStoppedTime -XX:+PrintGCDateStamps -XX:+PrintGCDetails -XX:+PrintGCTimeStamps -XX:+PrintHeapAtGC -XX:+PrintTenuringDistribution -XX:SurvivorRatio=4 -XX:TargetSurvivorRatio=90 -XX:ThreadStackSize=256 -XX:+UseCMSInitiatingOccupancyOnly -XX:+UseCompressedClassPointers -XX:+UseCompressedOops -XX:+UseConcMarkSweepGC -XX:+UseParNewGC 
2017-03-21T10:54:27.945+0100: 0,152: Total time for which application threads were stopped: 0,0001991 seconds, Stopping threads took: 0,0000137 seconds
2017-03-21T10:54:28.029+0100: 0,236: Total time for which application threads were stopped: 0,0001121 seconds, Stopping threads took: 0,0000150 seconds
2017-03-21T10:54:28.050+0100: 0,257: Total time for which application threads were stopped: 0,0001358 seconds, Stopping threads took: 0,0000325 seconds
2017-03-21T10:54:28.274+0100: 0,481: Total time for which application threads were stopped: 0,0001218 seconds, Stopping threads took: 0,0000110 seconds
2017-03-21T10:54:28.653+0100: 0,860: Total time for which application threads were stopped: 0,0001601 seconds, Stopping threads took: 0,0000222 seconds
2017-03-21T10:54:28.754+0100: 0,961: Total time for which application threads were stopped: 0,0001996 seconds, Stopping threads took: 0,0000335 seconds
2017-03-21T10:54:28.789+0100: 0,996: Total time for which application threads were stopped: 0,0001464 seconds, Stopping threads took: 0,0000181 seconds
2017-03-21T10:54:29.192+0100: 1,399: Total time for which application threads were stopped: 0,0001785 seconds, Stopping threads took: 0,0000215 seconds
2017-03-21T10:54:29.463+0100: 1,670: Total time for which application threads were stopped: 0,0003428 seconds, Stopping threads took: 0,0000208 seconds
2017-03-21T10:54:29.492+0100: 1,699: Total time for which application threads were stopped: 0,0002043 seconds, Stopping threads took: 0,0000371 seconds
2017-03-21T10:54:29.527+0100: 1,734: Total time for which application threads were stopped: 0,0002050 seconds, Stopping threads took: 0,0000308 seconds
2017-03-21T10:54:29.529+0100: 1,736: Total time for which application threads were stopped: 0,0002790 seconds, Stopping threads took: 0,0000182 seconds
2017-03-21T10:54:29.544+0100: 1,751: Total time for which application threads were stopped: 0,0002259 seconds, Stopping threads took: 0,0000187 seconds
2017-03-21T10:54:29.642+0100: 1,849: Total time for which application threads were stopped: 0,0002385 seconds, Stopping threads took: 0,0000207 seconds
2017-03-21T10:54:29.802+0100: 2,009: Total time for which application threads were stopped: 0,0002707 seconds, Stopping threads took: 0,0000374 seconds
{Heap before GC invocations=0 (full 0):
 par new generation   total 109248K, used 87424K [0x00000000e0000000, 0x00000000e8000000, 0x00000000e8000000)
  eden space 87424K, 100% used [0x00000000e0000000, 0x00000000e5560000, 0x00000000e5560000)
  from space 21824K,   0% used [0x00000000e5560000, 0x00000000e5560000, 0x00000000e6ab0000)
  to   space 21824K,   0% used [0x00000000e6ab0000, 0x00000000e6ab0000, 0x00000000e8000000)
 concurrent mark-sweep generation total 393216K, used 0K [0x00000000e8000000, 0x0000000100000000, 0x0000000100000000)
 Metaspace       used 17799K, capacity 18112K, committed 18304K, reserved 1064960K
  class space    used 2024K, capacity 2164K, committed 2176K, reserved 1048576K
2017-03-21T10:54:29.845+0100: 2,052: [GC (Allocation Failure) 2017-03-21T10:54:29.845+0100: 2,052: [ParNew
Desired survivor size 20112992 bytes, new threshold 8 (max 8)
- age   1:   11654208 bytes,   11654208 total
: 87424K->11499K(109248K), 0,0153091 secs] 87424K->11499K(502464K), 0,0153943 secs] [Times: user=0,03 sys=0,02, real=0,02 secs] 
Heap after GC invocations=1 (full 0):
 par new generation   total 109248K, used 11499K [0x00000000e0000000, 0x00000000e8000000, 0x00000000e8000000)
  eden space 87424K,   0% used [0x00000000e0000000, 0x00000000e0000000, 0x00000000e5560000)
  from space 21824K,  52% used [0x00000000e6ab0000, 0x00000000e75eaff8, 0x00000000e8000000)
  to   space 21824K,   0% used [0x00000000e5560000, 0x00000000e5560000, 0x00000000e6ab0000)
 concurrent mark-sweep generation total 393216K, used 0K [0x00000000e8000000, 0x0000000100000000, 0x0000000100000000)
 Metaspace       used 17799K, capacity 18112K, committed 18304K, reserved 1064960K
  class space    used 2024K, capacity 2164K, committed 2176K, reserved 1048576K
}
2017-03-21T10:54:29.861+0100: 2,068: Total time for which application threads were stopped: 0,0156072 seconds, Stopping threads took: 0,0000673 seconds
2017-03-21T10:54:30.202+0100: 2,408: Total time for which application threads were stopped: 0,0003446 seconds, Stopping threads took: 0,0000586 seconds
{Heap before GC invocations=1 (full 0):
 par new generation   total 109248K, used 98923K [0x00000000e0000000, 0x00000000e8000000, 0x00000000e8000000)
  eden space 87424K, 100% used [0x00000000e0000000, 0x00000000e5560000, 0x00000000e5560000)
  from space 21824K,  52% used [0x00000000e6ab0000, 0x00000000e75eaff8, 0x00000000e8000000)
  to   space 21824K,   0% used [0x00000000e5560000, 0x00000000e5560000, 0x00000000e6ab0000)
 concurrent mark-sweep generation total 393216K, used 0K [0x00000000e8000000, 0x0000000100000000, 0x0000000100000000)
 Metaspace       used 19995K, capacity 20358K, committed 20736K, reserved 1067008K
  class space    used 2293K, capacity 2467K, committed 2560K, reserved 1048576K
2017-03-21T10:54:30.231+0100: 2,438: [GC (Allocation Failure) 2017-03-21T10:54:30.231+0100: 2,438: [ParNew
Desired survivor size 20112992 bytes, new threshold 8 (max 8)
- age   1:    4035304 bytes,    4035304 total
- age   2:    6219704 bytes,   10255008 total
: 98923K->12853K(109248K), 0,0103499 secs] 98923K->12853K(502464K), 0,0104289 secs] [Times: user=0,04 sys=0,00, real=0,01 secs] 
Heap after GC invocations=2 (full 0):
 par new generation   total 109248K, used 12853K [0x00000000e0000000, 0x00000000e8000000, 0x00000000e8000000)
  eden space 87424K,   0% used [0x00000000e0000000, 0x00000000e0000000, 0x00000000e5560000)
  from space 21824K,  58% used [0x00000000e5560000, 0x00000000e61ed7a8, 0x00000000e6ab0000)
  to   space 21824K,   0% used [0x00000000e6ab0000, 0x00000000e6ab0000, 0x00000000e8000000)
 concurrent mark-sweep generation total 393216K, used 0K [0x00000000e8000000, 0x0000000100000000, 0x0000000100000000)
 Metaspace       used 19995K, capacity 20358K, committed 20736K, reserved 1067008K
  class space    used 2293K, capacity 2467K, committed 2560K, reserved 1048576K
}
2017-03-21T10:54:30.242+0100: 2,449: Total time for which application threads were stopped: 0,0107010 seconds, Stopping threads took: 0,0001226 seconds
2017-03-21T10:54:30.252+0100: 2,459: Total time for which application threads were stopped: 0,0003705 seconds, Stopping threads took: 0,0000440 seconds
2017-03-21T10:54:30.298+0100: 2,505: Total time for which application threads were stopped: 0,0002967 seconds, Stopping threads took: 0,0000240 seconds
2017-03-21T10:54:30.453+0100: 2,659: Total time for which application threads were stopped: 0,0002278 seconds, Stopping threads took: 0,0000792 seconds
{Heap before GC invocations=2 (full 0):
 par new generation   total 109248K, used 100277K [0x00000000e0000000, 0x00000000e8000000, 0x00000000e8000000)
  eden space 87424K, 100% used [0x00000000e0000000, 0x00000000e5560000, 0x00000000e5560000)
  from space 21824K,  58% used [0x00000000e5560000, 0x00000000e61ed7a8, 0x00000000e6ab0000)
  to   space 21824K,   0% used [0x00000000e6ab0000, 0x00000000e6ab0000, 0x00000000e8000000)
 concurrent mark-sweep generation total 393216K, used 0K [0x00000000e8000000, 0x0000000100000000, 0x0000000100000000)
 Metaspace       used 20943K, capacity 21280K, committed 21552K, reserved 1069056K
  class space    used 2417K, capacity 2586K, committed 2608K, reserved 1048576K
2017-03-21T10:54:30.475+0100: 2,682: [GC (Allocation Failure) 2017-03-21T10:54:30.476+0100: 2,682: [ParNew
Desired survivor size 20112992 bytes, new threshold 8 (max 8)
- age   1:    2213568 bytes,    2213568 total
- age   2:    1270272 bytes,    3483840 total
- age   3:    6217728 bytes,    9701568 total
: 100277K->14020K(109248K), 0,0098549 secs] 100277K->14020K(502464K), 0,0099433 secs] [Times: user=0,03 sys=0,00, real=0,01 secs] 
Heap after GC invocations=3 (full 0):
 par new generation   total 109248K, used 14020K [0x00000000e0000000, 0x00000000e8000000, 0x00000000e8000000)
  eden space 87424K,   0% used [0x00000000e0000000, 0x00000000e0000000, 0x00000000e5560000)
  from space 21824K,  64% used [0x00000000e6ab0000, 0x00000000e7861350, 0x00000000e8000000)
  to   space 21824K,   0% used [0x00000000e5560000, 0x00000000e5560000, 0x00000000e6ab0000)
 concurrent mark-sweep generation total 393216K, used 0K [0x00000000e8000000, 0x0000000100000000, 0x0000000100000000)
 Metaspace       used 20943K, capacity 21280K, committed 21552K, reserved 1069056K
  class space    used 2417K, capacity 2586K, committed 2608K, reserved 1048576K
}
2017-03-21T10:54:30.485+0100: 2,692: Total time for which application threads were stopped: 0,0101716 seconds, Stopping threads took: 0,0000899 seconds
2017-03-21T10:54:30.486+0100: 2,693: [GC (CMS Initial Mark) [1 CMS-initial-mark: 0K(393216K)] 14746K(502464K), 0,0040794 secs] [Times: user=0,01 sys=0,00, real=0,01 secs] 
2017-03-21T10:54:30.490+0100: 2,697: Total time for which application threads were stopped: 0,0042369 seconds, Stopping threads took: 0,0000537 seconds
2017-03-21T10:54:30.502+0100: 2,709: [CMS-concurrent-mark-start]
2017-03-21T10:54:30.503+0100: 2,710: [CMS-concurrent-mark: 0,001/0,001 secs] [Times: user=0,01 sys=0,00, real=0,00 secs] 
2017-03-21T10:54:30.503+0100: 2,710: [CMS-concurrent-preclean-start]
2017-03-21T10:54:30.504+0100: 2,711: [CMS-concurrent-preclean: 0,001/0,001 secs] [Times: user=0,00 sys=0,00, real=0,00 secs] 
2017-03-21T10:54:30.504+0100: 2,711: [CMS-concurrent-abortable-preclean-start]
{Heap before GC invocations=3 (full 1):
 par new generation   total 109248K, used 101436K [0x00000000e0000000, 0x00000000e8000000, 0x00000000e8000000)
  eden space 87424K,  99% used [0x00000000e0000000, 0x00000000e555dd48, 0x00000000e5560000)
  from space 21824K,  64% used [0x00000000e6ab0000, 0x00000000e7861350, 0x00000000e8000000)
  to   space 21824K,   0% used [0x00000000e5560000, 0x00000000e5560000, 0x00000000e6ab0000)
 concurrent mark-sweep generation total 393216K, used 0K [0x00000000e8000000, 0x0000000100000000, 0x0000000100000000)
 Metaspace       used 21214K, capacity 21556K, committed 21628K, reserved 1069056K
  class space    used 2444K, capacity 2601K, committed 2608K, reserved 1048576K
2017-03-21T10:54:30.607+0100: 2,814: [GC (Allocation Failure) 2017-03-21T10:54:30.607+0100: 2,814: [ParNew
Desired survivor size 20112992 bytes, new threshold 8 (max 8)
- age   1:    1081456 bytes,    1081456 total
- age   2:    1473584 bytes,    2555040 total
- age   3:    1237416 bytes,    3792456 total
- age   4:    6217928 bytes,   10010384 total
: 101436K->11779K(109248K), 0,0108673 secs] 101436K->11779K(502464K), 0,0109346 secs] [Times: user=0,04 sys=0,00, real=0,00 secs] 
Heap after GC invocations=4 (full 1):
 par new generation   total 109248K, used 11779K [0x00000000e0000000, 0x00000000e8000000, 0x00000000e8000000)
  eden space 87424K,   0% used [0x00000000e0000000, 0x00000000e0000000, 0x00000000e5560000)
  from space 21824K,  53% used [0x00000000e5560000, 0x00000000e60e0d00, 0x00000000e6ab0000)
  to   space 21824K,   0% used [0x00000000e6ab0000, 0x00000000e6ab0000, 0x00000000e8000000)
 concurrent mark-sweep generation total 393216K, used 0K [0x00000000e8000000, 0x0000000100000000, 0x0000000100000000)
 Metaspace       used 21214K, capacity 21556K, committed 21628K, reserved 1069056K
  class space    used 2444K, capacity 2601K, committed 2608K, reserved 1048576K
}
2017-03-21T10:54:30.618+0100: 2,825: Total time for which application threads were stopped: 0,0111445 seconds, Stopping threads took: 0,0000659 seconds
2017-03-21T10:54:30.667+0100: 2,874: Total time for which application threads were stopped: 0,0001624 seconds, Stopping threads took: 0,0000769 seconds
{Heap before GC invocations=4 (full 1):
 par new generation   total 109248K, used 99203K [0x00000000e0000000, 0x00000000e8000000, 0x00000000e8000000)
  eden space 87424K, 100% used [0x00000000e0000000, 0x00000000e5560000, 0x00000000e5560000)
  from space 21824K,  53% used [0x00000000e5560000, 0x00000000e60e0d00, 0x00000000e6ab0000)
  to   space 21824K,   0% used [0x00000000e6ab0000, 0x00000000e6ab0000, 0x00000000e8000000)
 concurrent mark-sweep generation total 393216K, used 0K [0x00000000e8000000, 0x0000000100000000, 0x0000000100000000)
 Metaspace       used 21387K, capacity 21786K, committed 21960K, reserved 1069056K
  class space    used 2466K, capacity 2634K, committed 2736K, reserved 1048576K
2017-03-21T10:54:30.733+0100: 2,940: [GC (Allocation Failure) 2017-03-21T10:54:30.733+0100: 2,940: [ParNew
Desired survivor size 20112992 bytes, new threshold 8 (max 8)
- age   1:     715248 bytes,     715248 total
- age   2:     170144 bytes,     885392 total
- age   3:    1473224 bytes,    2358616 total
- age   4:    1233504 bytes,    3592120 total
- age   5:    6217896 bytes,    9810016 total
: 99203K->15407K(109248K), 0,0102234 secs] 99203K->15407K(502464K), 0,0102988 secs] [Times: user=0,04 sys=0,00, real=0,01 secs] 
Heap after GC invocations=5 (full 1):
 par new generation   total 109248K, used 15407K [0x00000000e0000000, 0x00000000e8000000, 0x00000000e8000000)
  eden space 87424K,   0% used [0x00000000e0000000, 0x00000000e0000000, 0x00000000e5560000)
  from space 21824K,  70% used [0x00000000e6ab0000, 0x00000000e79bbce0, 0x00000000e8000000)
  to   space 21824K,   0% used [0x00000000e5560000, 0x00000000e5560000, 0x00000000e6ab0000)
 concurrent mark-sweep generation total 393216K, used 0K [0x00000000e8000000, 0x0000000100000000, 0x0000000100000000)
 Metaspace       used 21387K, capacity 21786K, committed 21960K, reserved 1069056K
  class space    used 2466K, capacity 2634K, committed 2736K, reserved 1048576K
}
2017-03-21T10:54:30.744+0100: 2,950: Total time for which application threads were stopped: 0,0104701 seconds, Stopping threads took: 0,0000282 seconds
2017-03-21T10:54:30.782+0100: 2,989: Total time for which application threads were stopped: 0,0001204 seconds, Stopping threads took: 0,0000238 seconds
2017-03-21T10:54:30.782+0100: 2,989: [CMS-concurrent-abortable-preclean: 0,171/0,278 secs] [Times: user=1,04 sys=0,01, real=0,28 secs] 
2017-03-21T10:54:30.783+0100: 2,990: [GC (CMS Final Remark) [YG occupancy: 36756 K (109248 K)]{Heap before GC invocations=5 (full 1):
 par new generation   total 109248K, used 36756K [0x00000000e0000000, 0x00000000e8000000, 0x00000000e8000000)
  eden space 87424K,  24% used [0x00000000e0000000, 0x00000000e14d9678, 0x00000000e5560000)
  from space 21824K,  70% used [0x00000000e6ab0000, 0x00000000e79bbce0, 0x00000000e8000000)
  to   space 21824K,   0% used [0x00000000e5560000, 0x00000000e5560000, 0x00000000e6ab0000)
 concurrent mark-sweep generation total 393216K, used 0K [0x00000000e8000000, 0x0000000100000000, 0x0000000100000000)
 Metaspace       used 21519K, capacity 21920K, committed 22216K, reserved 1069056K
  class space    used 2484K, capacity 2635K, committed 2736K, reserved 1048576K
2017-03-21T10:54:30.783+0100: 2,990: [GC (CMS Final Remark) 2017-03-21T10:54:30.783+0100: 2,990: [ParNew
Desired survivor size 20112992 bytes, new threshold 8 (max 8)
- age   1:     205704 bytes,     205704 total
- age   2:     118864 bytes,     324568 total
- age   3:     169328 bytes,     493896 total
- age   4:     307192 bytes,     801088 total
- age   5:    1233400 bytes,    2034488 total
- age   6:    6218424 bytes,    8252912 total
: 36756K->10340K(109248K), 0,0129006 secs] 36756K->10340K(502464K), 0,0129566 secs] [Times: user=0,04 sys=0,00, real=0,01 secs] 
Heap after GC invocations=6 (full 1):
 par new generation   total 109248K, used 10340K [0x00000000e0000000, 0x00000000e8000000, 0x00000000e8000000)
  eden space 87424K,   0% used [0x00000000e0000000, 0x00000000e0000000, 0x00000000e5560000)
  from space 21824K,  47% used [0x00000000e5560000, 0x00000000e5f793b8, 0x00000000e6ab0000)
  to   space 21824K,   0% used [0x00000000e6ab0000, 0x00000000e6ab0000, 0x00000000e8000000)
 concurrent mark-sweep generation total 393216K, used 0K [0x00000000e8000000, 0x0000000100000000, 0x0000000100000000)
 Metaspace       used 21519K, capacity 21920K, committed 22216K, reserved 1069056K
  class space    used 2484K, capacity 2635K, committed 2736K, reserved 1048576K
}
2017-03-21T10:54:30.796+0100: 3,003: [Rescan (parallel) , 0,0030552 secs]2017-03-21T10:54:30.799+0100: 3,006: [weak refs processing, 0,0009480 secs]2017-03-21T10:54:30.800+0100: 3,007: [class unloading, 0,0031351 secs]2017-03-21T10:54:30.803+0100: 3,010: [scrub symbol table, 0,0026748 secs]2017-03-21T10:54:30.806+0100: 3,012: [scrub string table, 0,0003829 secs][1 CMS-remark: 0K(393216K)] 10340K(502464K), 0,0238774 secs] [Times: user=0,07 sys=0,00, real=0,03 secs] 
2017-03-21T10:54:30.807+0100: 3,013: Total time for which application threads were stopped: 0,0239891 seconds, Stopping threads took: 0,0000459 seconds
2017-03-21T10:54:30.807+0100: 3,014: [CMS-concurrent-sweep-start]
2017-03-21T10:54:30.807+0100: 3,014: [CMS-concurrent-sweep: 0,000/0,000 secs] [Times: user=0,00 sys=0,00, real=0,00 secs] 
2017-03-21T10:54:30.807+0100: 3,014: [CMS-concurrent-reset-start]
2017-03-21T10:54:30.808+0100: 3,015: [CMS-concurrent-reset: 0,002/0,002 secs] [Times: user=0,00 sys=0,00, real=0,00 secs] 
2017-03-21T10:54:30.820+0100: 3,027: Total time for which application threads were stopped: 0,0003214 seconds, Stopping threads took: 0,0000216 seconds
2017-03-21T10:54:31.035+0100: 3,242: Total time for which application threads were stopped: 0,0004924 seconds, Stopping threads took: 0,0000636 seconds
2017-03-21T10:54:31.056+0100: 3,263: Total time for which application threads were stopped: 0,0005139 seconds, Stopping threads took: 0,0000250 seconds
{Heap before GC invocations=6 (full 1):
 par new generation   total 109248K, used 97764K [0x00000000e0000000, 0x00000000e8000000, 0x00000000e8000000)
  eden space 87424K, 100% used [0x00000000e0000000, 0x00000000e5560000, 0x00000000e5560000)
  from space 21824K,  47% used [0x00000000e5560000, 0x00000000e5f793b8, 0x00000000e6ab0000)
  to   space 21824K,   0% used [0x00000000e6ab0000, 0x00000000e6ab0000, 0x00000000e8000000)
 concurrent mark-sweep generation total 393216K, used 0K [0x00000000e8000000, 0x0000000100000000, 0x0000000100000000)
 Metaspace       used 24138K, capacity 24608K, committed 24880K, reserved 1071104K
  class space    used 2841K, capacity 3041K, committed 3120K, reserved 1048576K
2017-03-21T10:54:31.232+0100: 3,439: [GC (Allocation Failure) 2017-03-21T10:54:31.233+0100: 3,439: [ParNew
Desired survivor size 20112992 bytes, new threshold 8 (max 8)
- age   1:    5474328 bytes,    5474328 total
- age   2:     110096 bytes,    5584424 total
- age   3:     118704 bytes,    5703128 total
- age   4:     168712 bytes,    5871840 total
- age   5:     303752 bytes,    6175592 total
- age   6:    1209016 bytes,    7384608 total
- age   7:    6209488 bytes,   13594096 total
: 97764K->16184K(109248K), 0,0202955 secs] 97764K->16184K(502464K), 0,0203730 secs] [Times: user=0,08 sys=0,00, real=0,02 secs] 
Heap after GC invocations=7 (full 1):
 par new generation   total 109248K, used 16184K [0x00000000e0000000, 0x00000000e8000000, 0x00000000e8000000)
  eden space 87424K,   0% used [0x00000000e0000000, 0x00000000e0000000, 0x00000000e5560000)
  from space 21824K,  74% used [0x00000000e6ab0000, 0x00000000e7a7e148, 0x00000000e8000000)
  to   space 21824K,   0% used [0x00000000e5560000, 0x00000000e5560000, 0x00000000e6ab0000)
 concurrent mark-sweep generation total 393216K, used 0K [0x00000000e8000000, 0x0000000100000000, 0x0000000100000000)
 Metaspace       used 24138K, capacity 24608K, committed 24880K, reserved 1071104K
  class space    used 2841K, capacity 3041K, committed 3120K, reserved 1048576K
}
2017-03-21T10:54:31.253+0100: 3,460: Total time for which application threads were stopped: 0,0209238 seconds, Stopping threads took: 0,0003688 seconds
2017-03-21T10:54:31.375+0100: 3,581: Total time for which application threads were stopped: 0,0024277 seconds, Stopping threads took: 0,0023186 seconds
{Heap before GC invocations=7 (full 1):
 par new generation   total 109248K, used 103640K [0x00000000e0000000, 0x00000000e8000000, 0x00000000e8000000)
  eden space 87424K, 100% used [0x00000000e0000000, 0x00000000e5560000, 0x00000000e5560000)
  from space 21824K,  74% used [0x00000000e6ab0000, 0x00000000e7a86158, 0x00000000e8000000)
  to   space 21824K,   0% used [0x00000000e5560000, 0x00000000e5560000, 0x00000000e6ab0000)
 concurrent mark-sweep generation total 393216K, used 0K [0x00000000e8000000, 0x0000000100000000, 0x0000000100000000)
 Metaspace       used 24720K, capacity 25168K, committed 25392K, reserved 1071104K
  class space    used 2892K, capacity 3076K, committed 3120K, reserved 1048576K
2017-03-21T10:54:31.375+0100: 3,582: [GC (GCLocker Initiated GC) 2017-03-21T10:54:31.375+0100: 3,582: [ParNew
Desired survivor size 20112992 bytes, new threshold 8 (max 8)
- age   1:    1622568 bytes,    1622568 total
- age   2:    1754520 bytes,    3377088 total
- age   3:      55680 bytes,    3432768 total
- age   4:      57064 bytes,    3489832 total
- age   5:      94728 bytes,    3584560 total
- age   6:     204088 bytes,    3788648 total
- age   7:     938712 bytes,    4727360 total
- age   8:    5904368 bytes,   10631728 total
: 103640K->17632K(109248K), 0,0287998 secs] 103640K->17632K(502464K), 0,0288905 secs] [Times: user=0,05 sys=0,00, real=0,03 secs] 
Heap after GC invocations=8 (full 1):
 par new generation   total 109248K, used 17632K [0x00000000e0000000, 0x00000000e8000000, 0x00000000e8000000)
  eden space 87424K,   0% used [0x00000000e0000000, 0x00000000e0000000, 0x00000000e5560000)
  from space 21824K,  80% used [0x00000000e5560000, 0x00000000e6698170, 0x00000000e6ab0000)
  to   space 21824K,   0% used [0x00000000e6ab0000, 0x00000000e6ab0000, 0x00000000e8000000)
 concurrent mark-sweep generation total 393216K, used 0K [0x00000000e8000000, 0x0000000100000000, 0x0000000100000000)
 Metaspace       used 24720K, capacity 25168K, committed 25392K, reserved 1071104K
  class space    used 2892K, capacity 3076K, committed 3120K, reserved 1048576K
}
2017-03-21T10:54:31.404+0100: 3,611: Total time for which application threads were stopped: 0,0292911 seconds, Stopping threads took: 0,0002544 seconds
{Heap before GC invocations=8 (full 1):
 par new generation   total 109248K, used 105056K [0x00000000e0000000, 0x00000000e8000000, 0x00000000e8000000)
  eden space 87424K, 100% used [0x00000000e0000000, 0x00000000e5560000, 0x00000000e5560000)
  from space 21824K,  80% used [0x00000000e5560000, 0x00000000e6698170, 0x00000000e6ab0000)
  to   space 21824K,   0% used [0x00000000e6ab0000, 0x00000000e6ab0000, 0x00000000e8000000)
 concurrent mark-sweep generation total 393216K, used 0K [0x00000000e8000000, 0x0000000100000000, 0x0000000100000000)
 Metaspace       used 24958K, capacity 25376K, committed 25648K, reserved 1071104K
  class space    used 2908K, capacity 3079K, committed 3120K, reserved 1048576K
2017-03-21T10:54:31.511+0100: 3,718: [GC (Allocation Failure) 2017-03-21T10:54:31.511+0100: 3,718: [ParNew
Desired survivor size 20112992 bytes, new threshold 8 (max 8)
- age   1:     952128 bytes,     952128 total
- age   2:     662000 bytes,    1614128 total
- age   3:    1731632 bytes,    3345760 total
- age   4:      55624 bytes,    3401384 total
- age   5:      54616 bytes,    3456000 total
- age   6:      94560 bytes,    3550560 total
- age   7:     203656 bytes,    3754216 total
- age   8:     937912 bytes,    4692128 total
: 105056K->8301K(109248K), 0,0351517 secs] 105056K->14149K(502464K), 0,0352262 secs] [Times: user=0,10 sys=0,00, real=0,03 secs] 
Heap after GC invocations=9 (full 1):
 par new generation   total 109248K, used 8301K [0x00000000e0000000, 0x00000000e8000000, 0x00000000e8000000)
  eden space 87424K,   0% used [0x00000000e0000000, 0x00000000e0000000, 0x00000000e5560000)
  from space 21824K,  38% used [0x00000000e6ab0000, 0x00000000e72cb610, 0x00000000e8000000)
  to   space 21824K,   0% used [0x00000000e5560000, 0x00000000e5560000, 0x00000000e6ab0000)
 concurrent mark-sweep generation total 393216K, used 5848K [0x00000000e8000000, 0x0000000100000000, 0x0000000100000000)
 Metaspace       used 24958K, capacity 25376K, committed 25648K, reserved 1071104K
  class space    used 2908K, capacity 3079K, committed 3120K, reserved 1048576K
}
2017-03-21T10:54:31.546+0100: 3,753: Total time for which application threads were stopped: 0,0394675 seconds, Stopping threads took: 0,0040845 seconds
2017-03-21T10:54:31.753+0100: 3,960: Total time for which application threads were stopped: 0,0005504 seconds, Stopping threads took: 0,0000383 seconds
2017-03-21T10:54:31.770+0100: 3,977: Total time for which application threads were stopped: 0,0004067 seconds, Stopping threads took: 0,0000207 seconds
2017-03-21T10:54:31.824+0100: 4,031: Total time for which application threads were stopped: 0,0004617 seconds, Stopping threads took: 0,0000242 seconds
2017-03-21T10:54:31.855+0100: 4,062: Total time for which application threads were stopped: 0,0033657 seconds, Stopping threads took: 0,0029947 seconds
2017-03-21T10:54:31.855+0100: 4,062: Total time for which application threads were stopped: 0,0000867 seconds, Stopping threads took: 0,0000151 seconds
2017-03-21T10:54:31.856+0100: 4,062: Total time for which application threads were stopped: 0,0000668 seconds, Stopping threads took: 0,0000131 seconds
2017-03-21T10:54:31.856+0100: 4,063: Total time for which application threads were stopped: 0,0000565 seconds, Stopping threads took: 0,0000114 seconds
2017-03-21T10:54:31.856+0100: 4,063: Total time for which application threads were stopped: 0,0000526 seconds, Stopping threads took: 0,0000088 seconds
2017-03-21T10:54:31.856+0100: 4,063: Total time for which application threads were stopped: 0,0000553 seconds, Stopping threads took: 0,0000136 seconds
2017-03-21T10:54:31.856+0100: 4,063: Total time for which application threads were stopped: 0,0001028 seconds, Stopping threads took: 0,0000613 seconds
2017-03-21T10:54:31.856+0100: 4,063: Total time for which application threads were stopped: 0,0000497 seconds, Stopping threads took: 0,0000085 seconds
2017-03-21T10:54:31.856+0100: 4,063: Total time for which application threads were stopped: 0,0000526 seconds, Stopping threads took: 0,0000124 seconds
2017-03-21T10:54:31.856+0100: 4,063: Total time for which application threads were stopped: 0,0000426 seconds, Stopping threads took: 0,0000071 seconds
2017-03-21T10:54:31.856+0100: 4,063: Total time for which application threads were stopped: 0,0000434 seconds, Stopping threads took: 0,0000070 seconds
2017-03-21T10:54:31.857+0100: 4,064: Total time for which application threads were stopped: 0,0000530 seconds, Stopping threads took: 0,0000184 seconds
2017-03-21T10:54:31.857+0100: 4,064: Total time for which application threads were stopped: 0,0000432 seconds, Stopping threads took: 0,0000077 seconds
2017-03-21T10:54:31.857+0100: 4,064: Total time for which application threads were stopped: 0,0000528 seconds, Stopping threads took: 0,0000167 seconds
2017-03-21T10:54:31.857+0100: 4,064: Total time for which application threads were stopped: 0,0000482 seconds, Stopping threads took: 0,0000117 seconds
2017-03-21T10:54:31.857+0100: 4,064: Total time for which application threads were stopped: 0,0000436 seconds, Stopping threads took: 0,0000109 seconds
2017-03-21T10:54:31.857+0100: 4,064: Total time for which application threads were stopped: 0,0000457 seconds, Stopping threads took: 0,0000091 seconds
2017-03-21T10:54:31.857+0100: 4,064: Total time for which application threads were stopped: 0,0000554 seconds, Stopping threads took: 0,0000175 seconds
2017-03-21T10:54:31.857+0100: 4,064: Total time for which application threads were stopped: 0,0000578 seconds, Stopping threads took: 0,0000201 seconds
2017-03-21T10:54:31.858+0100: 4,064: Total time for which application threads were stopped: 0,0000519 seconds, Stopping threads took: 0,0000167 seconds
2017-03-21T10:54:31.858+0100: 4,065: Total time for which application threads were stopped: 0,0001240 seconds, Stopping threads took: 0,0000090 seconds
2017-03-21T10:54:31.859+0100: 4,066: Total time for which application threads were stopped: 0,0002971 seconds, Stopping threads took: 0,0002627 seconds
2017-03-21T10:54:31.859+0100: 4,066: Total time for which application threads were stopped: 0,0000497 seconds, Stopping threads took: 0,0000104 seconds
2017-03-21T10:54:31.859+0100: 4,066: Total time for which application threads were stopped: 0,0000582 seconds, Stopping threads took: 0,0000100 seconds
2017-03-21T10:54:31.860+0100: 4,067: Total time for which application threads were stopped: 0,0000950 seconds, Stopping threads took: 0,0000294 seconds
2017-03-21T10:54:31.861+0100: 4,068: Total time for which application threads were stopped: 0,0000824 seconds, Stopping threads took: 0,0000375 seconds
2017-03-21T10:54:31.861+0100: 4,068: Total time for which application threads were stopped: 0,0000625 seconds, Stopping threads took: 0,0000181 seconds
2017-03-21T10:54:31.862+0100: 4,069: Total time for which application threads were stopped: 0,0000868 seconds, Stopping threads took: 0,0000230 seconds
2017-03-21T10:54:31.864+0100: 4,070: Total time for which application threads were stopped: 0,0001036 seconds, Stopping threads took: 0,0000282 seconds
2017-03-21T10:54:31.865+0100: 4,071: Total time for which application threads were stopped: 0,0008820 seconds, Stopping threads took: 0,0008191 seconds
2017-03-21T10:54:31.865+0100: 4,072: Total time for which application threads were stopped: 0,0000725 seconds, Stopping threads took: 0,0000145 seconds
2017-03-21T10:54:31.865+0100: 4,072: Total time for which application threads were stopped: 0,0000636 seconds, Stopping threads took: 0,0000211 seconds
2017-03-21T10:54:31.865+0100: 4,072: Total time for which application threads were stopped: 0,0000472 seconds, Stopping threads took: 0,0000161 seconds
2017-03-21T10:54:31.865+0100: 4,072: Total time for which application threads were stopped: 0,0000521 seconds, Stopping threads took: 0,0000173 seconds
2017-03-21T10:54:31.865+0100: 4,072: Total time for which application threads were stopped: 0,0000636 seconds, Stopping threads took: 0,0000271 seconds
2017-03-21T10:54:31.866+0100: 4,073: Total time for which application threads were stopped: 0,0000743 seconds, Stopping threads took: 0,0000224 seconds
2017-03-21T10:54:31.866+0100: 4,073: Total time for which application threads were stopped: 0,0000614 seconds, Stopping threads took: 0,0000216 seconds
2017-03-21T10:54:31.866+0100: 4,073: Total time for which application threads were stopped: 0,0000398 seconds, Stopping threads took: 0,0000097 seconds
2017-03-21T10:54:31.866+0100: 4,073: Total time for which application threads were stopped: 0,0000473 seconds, Stopping threads took: 0,0000164 seconds
2017-03-21T10:54:31.866+0100: 4,073: Total time for which application threads were stopped: 0,0000418 seconds, Stopping threads took: 0,0000088 seconds
2017-03-21T10:54:31.867+0100: 4,073: Total time for which application threads were stopped: 0,0002264 seconds, Stopping threads took: 0,0001711 seconds
2017-03-21T10:54:31.867+0100: 4,074: Total time for which application threads were stopped: 0,0001927 seconds, Stopping threads took: 0,0000813 seconds
2017-03-21T10:54:31.915+0100: 4,122: Total time for which application threads were stopped: 0,0002066 seconds, Stopping threads took: 0,0000622 seconds
2017-03-21T10:54:31.937+0100: 4,144: Total time for which application threads were stopped: 0,0005450 seconds, Stopping threads took: 0,0000882 seconds
2017-03-21T10:54:31.937+0100: 4,144: Total time for which application threads were stopped: 0,0001223 seconds, Stopping threads took: 0,0000410 seconds
2017-03-21T10:54:31.938+0100: 4,145: Total time for which application threads were stopped: 0,0001515 seconds, Stopping threads took: 0,0000440 seconds
2017-03-21T10:54:32.938+0100: 5,145: Total time for which application threads were stopped: 0,0000761 seconds, Stopping threads took: 0,0000170 seconds
2017-03-21T10:54:33.938+0100: 6,145: Total time for which application threads were stopped: 0,0000634 seconds, Stopping threads took: 0,0000162 seconds
2017-03-21T10:54:43.943+0100: 16,149: Total time for which application threads were stopped: 0,0000650 seconds, Stopping threads took: 0,0000161 seconds
2017-03-21T10:54:48.943+0100: 21,150: Total time for which application threads were stopped: 0,0000820 seconds, Stopping threads took: 0,0000150 seconds
2017-03-21T10:54:53.944+0100: 26,151: Total time for which application threads were stopped: 0,0000911 seconds, Stopping threads took: 0,0000350 seconds
2017-03-21T10:54:59.945+0100: 32,152: Total time for which application threads were stopped: 0,0000712 seconds, Stopping threads took: 0,0000180 seconds
2017-03-21T10:56:29.955+0100: 122,162: Total time for which application threads were stopped: 0,0000884 seconds, Stopping threads took: 0,0000397 seconds
2017-03-21T10:56:34.956+0100: 127,163: Total time for which application threads were stopped: 0,0000779 seconds, Stopping threads took: 0,0000222 seconds
2017-03-21T10:57:28.961+0100: 181,168: Total time for which application threads were stopped: 0,0001605 seconds, Stopping threads took: 0,0000520 seconds
2017-03-21T10:58:58.975+0100: 271,182: Total time for which application threads were stopped: 0,0001552 seconds, Stopping threads took: 0,0000581 seconds
2017-03-21T11:18:09.128+0100: 1421,335: Total time for which application threads were stopped: 0,0001663 seconds, Stopping threads took: 0,0000602 seconds
2017-03-21T11:22:59.175+0100: 1711,381: Total time for which application threads were stopped: 0,0001161 seconds, Stopping threads took: 0,0000586 seconds
2017-03-21T11:34:05.281+0100: 2377,488: Total time for which application threads were stopped: 0,0000812 seconds, Stopping threads took: 0,0000302 seconds
2017-03-21T11:34:09.282+0100: 2381,488: Total time for which application threads were stopped: 0,0000830 seconds, Stopping threads took: 0,0000196 seconds
2017-03-21T11:58:09.472+0100: 3821,679: Total time for which application threads were stopped: 0,0000819 seconds, Stopping threads took: 0,0000309 seconds
2017-03-21T11:58:24.474+0100: 3836,681: Total time for which application threads were stopped: 0,0000864 seconds, Stopping threads took: 0,0000352 seconds
2017-03-21T12:00:35.490+0100: 3967,697: Total time for which application threads were stopped: 0,0001489 seconds, Stopping threads took: 0,0000592 seconds
2017-03-21T12:00:59.493+0100: 3991,700: Total time for which application threads were stopped: 0,0001128 seconds, Stopping threads took: 0,0000513 seconds
2017-03-21T13:33:41.195+0100: 5103,017: Total time for which application threads were stopped: 0,0000898 seconds, Stopping threads took: 0,0000353 seconds
2017-03-21T13:34:06.198+0100: 5128,020: Total time for which application threads were stopped: 0,0001558 seconds, Stopping threads took: 0,0000662 seconds
2017-03-21T14:08:10.461+0100: 7172,284: Total time for which application threads were stopped: 0,0005066 seconds, Stopping threads took: 0,0001934 seconds
2017-03-21T14:10:40.479+0100: 7322,301: Total time for which application threads were stopped: 0,0000920 seconds, Stopping threads took: 0,0000360 seconds
2017-03-21T14:10:45.479+0100: 7327,301: Total time for which application threads were stopped: 0,0000913 seconds, Stopping threads took: 0,0000251 seconds
2017-03-21T14:11:25.484+0100: 7367,306: Total time for which application threads were stopped: 0,0000915 seconds, Stopping threads took: 0,0000337 seconds
2017-03-21T14:11:40.485+0100: 7382,308: Total time for which application threads were stopped: 0,0000717 seconds, Stopping threads took: 0,0000153 seconds
2017-03-21T14:16:40.522+0100: 7682,344: Total time for which application threads were stopped: 0,0000840 seconds, Stopping threads took: 0,0000323 seconds
2017-03-21T14:18:55.537+0100: 7817,359: Total time for which application threads were stopped: 0,0000837 seconds, Stopping threads took: 0,0000369 seconds
2017-03-21T15:47:31.857+0100: 11551,970: Total time for which application threads were stopped: 0,0000960 seconds, Stopping threads took: 0,0000308 seconds
2017-03-21T16:51:02.314+0100: 15362,427: Total time for which application threads were stopped: 0,0000903 seconds, Stopping threads took: 0,0000435 seconds
2017-03-21T18:31:20.235+0100: 16791,829: Total time for which application threads were stopped: 0,0001383 seconds, Stopping threads took: 0,0000503 seconds
2017-03-21T18:31:20.245+0100: 16791,839: Total time for which application threads were stopped: 0,0023706 seconds, Stopping threads took: 0,0022802 seconds
2017-03-21T18:31:20.271+0100: 16791,866: Total time for which application threads were stopped: 0,0001177 seconds, Stopping threads took: 0,0000304 seconds
2017-03-21T18:31:20.328+0100: 16791,922: Total time for which application threads were stopped: 0,0000965 seconds, Stopping threads took: 0,0000191 seconds
2017-03-21T18:31:20.331+0100: 16791,925: Total time for which application threads were stopped: 0,0001697 seconds, Stopping threads took: 0,0000369 seconds
Heap
 par new generation   total 109248K, used 89701K [0x00000000e0000000, 0x00000000e8000000, 0x00000000e8000000)
  eden space 87424K,  93% used [0x00000000e0000000, 0x00000000e4f7e120, 0x00000000e5560000)
  from space 21824K,  38% used [0x00000000e6ab0000, 0x00000000e72cb610, 0x00000000e8000000)
  to   space 21824K,   0% used [0x00000000e5560000, 0x00000000e5560000, 0x00000000e6ab0000)
 concurrent mark-sweep generation total 393216K, used 5848K [0x00000000e8000000, 0x0000000100000000, 0x0000000100000000)
 Metaspace       used 28116K, capacity 28590K, committed 28848K, reserved 1075200K
  class space    used 3227K, capacity 3420K, committed 3504K, reserved 1048576K
