OpenJDK 64-Bit Server VM (25.111-b14) for linux-amd64 JRE (1.8.0_111-8u111-b14-2ubuntu0.16.04.2-b14), built on Oct 27 2016 18:10:19 by "buildd" with gcc 5.4.0 20160609
Memory: 4k page, physical 7867800k(7500068k free), swap 8076284k(8076284k free)
CommandLine flags: -XX:CMSInitiatingOccupancyFraction=50 -XX:CMSMaxAbortablePrecleanTime=6000 -XX:+CMSParallelRemarkEnabled -XX:+CMSScavengeBeforeRemark -XX:ConcGCThreads=4 -XX:InitialHeapSize=536870912 -XX:MaxHeapSize=536870912 -XX:MaxTenuringThreshold=8 -XX:NewRatio=3 -XX:OldPLABSize=16 -XX:OnOutOfMemoryError=/opt/solr/bin/oom_solr.sh 8983 /var/solr/logs -XX:ParallelGCThreads=4 -XX:+ParallelRefProcEnabled -XX:PretenureSizeThreshold=67108864 -XX:+PrintGC -XX:+PrintGCApplicationStoppedTime -XX:+PrintGCDateStamps -XX:+PrintGCDetails -XX:+PrintGCTimeStamps -XX:+PrintHeapAtGC -XX:+PrintTenuringDistribution -XX:SurvivorRatio=4 -XX:TargetSurvivorRatio=90 -XX:ThreadStackSize=256 -XX:+UseCMSInitiatingOccupancyOnly -XX:+UseCompressedClassPointers -XX:+UseCompressedOops -XX:+UseConcMarkSweepGC -XX:+UseParNewGC 
2017-01-31T23:07:40.678+0100: 0,131: Total time for which application threads were stopped: 0,0000710 seconds, Stopping threads took: 0,0000108 seconds
2017-01-31T23:07:40.748+0100: 0,202: Total time for which application threads were stopped: 0,0001131 seconds, Stopping threads took: 0,0000146 seconds
2017-01-31T23:07:40.766+0100: 0,220: Total time for which application threads were stopped: 0,0000803 seconds, Stopping threads took: 0,0000100 seconds
2017-01-31T23:07:41.727+0100: 1,180: Total time for which application threads were stopped: 0,0002535 seconds, Stopping threads took: 0,0000228 seconds
2017-01-31T23:07:41.811+0100: 1,265: Total time for which application threads were stopped: 0,0002140 seconds, Stopping threads took: 0,0000227 seconds
2017-01-31T23:07:41.849+0100: 1,302: Total time for which application threads were stopped: 0,0001666 seconds, Stopping threads took: 0,0000209 seconds
2017-01-31T23:07:42.179+0100: 1,632: Total time for which application threads were stopped: 0,0002339 seconds, Stopping threads took: 0,0000329 seconds
2017-01-31T23:07:42.380+0100: 1,833: Total time for which application threads were stopped: 0,0002678 seconds, Stopping threads took: 0,0000231 seconds
2017-01-31T23:07:42.405+0100: 1,859: Total time for which application threads were stopped: 0,0001690 seconds, Stopping threads took: 0,0000167 seconds
2017-01-31T23:07:42.406+0100: 1,860: Total time for which application threads were stopped: 0,0001005 seconds, Stopping threads took: 0,0000129 seconds
2017-01-31T23:07:42.419+0100: 1,872: Total time for which application threads were stopped: 0,0001550 seconds, Stopping threads took: 0,0000149 seconds
2017-01-31T23:07:42.507+0100: 1,960: Total time for which application threads were stopped: 0,0002258 seconds, Stopping threads took: 0,0000399 seconds
2017-01-31T23:07:42.673+0100: 2,126: Total time for which application threads were stopped: 0,0002470 seconds, Stopping threads took: 0,0000476 seconds
2017-01-31T23:07:42.802+0100: 2,256: Total time for which application threads were stopped: 0,0001206 seconds, Stopping threads took: 0,0000442 seconds
{Heap before GC invocations=0 (full 0):
 par new generation   total 109248K, used 87428K [0x00000000e0000000, 0x00000000e8000000, 0x00000000e8000000)
  eden space 87424K, 100% used [0x00000000e0000000, 0x00000000e5560000, 0x00000000e5560000)
  from space 21824K,   0% used [0x00000000e5560000, 0x00000000e55612e8, 0x00000000e6ab0000)
  to   space 21824K,   0% used [0x00000000e6ab0000, 0x00000000e6ab0000, 0x00000000e8000000)
 concurrent mark-sweep generation total 393216K, used 0K [0x00000000e8000000, 0x0000000100000000, 0x0000000100000000)
 Metaspace       used 18012K, capacity 18302K, committed 18560K, reserved 1064960K
  class space    used 2046K, capacity 2162K, committed 2176K, reserved 1048576K
2017-01-31T23:07:42.804+0100: 2,257: [GC (Allocation Failure) 2017-01-31T23:07:42.804+0100: 2,257: [ParNew
Desired survivor size 20112992 bytes, new threshold 8 (max 8)
- age   1:   12990176 bytes,   12990176 total
: 87428K->12814K(109248K), 0,0152814 secs] 87428K->12814K(502464K), 0,0153636 secs] [Times: user=0,03 sys=0,03, real=0,01 secs] 
Heap after GC invocations=1 (full 0):
 par new generation   total 109248K, used 12814K [0x00000000e0000000, 0x00000000e8000000, 0x00000000e8000000)
  eden space 87424K,   0% used [0x00000000e0000000, 0x00000000e0000000, 0x00000000e5560000)
  from space 21824K,  58% used [0x00000000e6ab0000, 0x00000000e7733950, 0x00000000e8000000)
  to   space 21824K,   0% used [0x00000000e5560000, 0x00000000e5560000, 0x00000000e6ab0000)
 concurrent mark-sweep generation total 393216K, used 0K [0x00000000e8000000, 0x0000000100000000, 0x0000000100000000)
 Metaspace       used 18012K, capacity 18302K, committed 18560K, reserved 1064960K
  class space    used 2046K, capacity 2162K, committed 2176K, reserved 1048576K
}
2017-01-31T23:07:42.819+0100: 2,273: Total time for which application threads were stopped: 0,0168028 seconds, Stopping threads took: 0,0013273 seconds
{Heap before GC invocations=1 (full 0):
 par new generation   total 109248K, used 13756K [0x00000000e0000000, 0x00000000e8000000, 0x00000000e8000000)
  eden space 87424K,   1% used [0x00000000e0000000, 0x00000000e00eb730, 0x00000000e5560000)
  from space 21824K,  58% used [0x00000000e6ab0000, 0x00000000e7733950, 0x00000000e8000000)
  to   space 21824K,   0% used [0x00000000e5560000, 0x00000000e5560000, 0x00000000e6ab0000)
 concurrent mark-sweep generation total 393216K, used 0K [0x00000000e8000000, 0x0000000100000000, 0x0000000100000000)
 Metaspace       used 18020K, capacity 18302K, committed 18560K, reserved 1064960K
  class space    used 2046K, capacity 2162K, committed 2176K, reserved 1048576K
2017-01-31T23:07:42.826+0100: 2,280: [GC (GCLocker Initiated GC) 2017-01-31T23:07:42.826+0100: 2,280: [ParNew
Desired survivor size 20112992 bytes, new threshold 8 (max 8)
- age   1:       1080 bytes,       1080 total
- age   2:   10360992 bytes,   10362072 total
: 13756K->14068K(109248K), 0,0096814 secs] 13756K->14068K(502464K), 0,0097464 secs] [Times: user=0,03 sys=0,00, real=0,01 secs] 
Heap after GC invocations=2 (full 0):
 par new generation   total 109248K, used 14068K [0x00000000e0000000, 0x00000000e8000000, 0x00000000e8000000)
  eden space 87424K,   0% used [0x00000000e0000000, 0x00000000e0000000, 0x00000000e5560000)
  from space 21824K,  64% used [0x00000000e5560000, 0x00000000e631d368, 0x00000000e6ab0000)
  to   space 21824K,   0% used [0x00000000e6ab0000, 0x00000000e6ab0000, 0x00000000e8000000)
 concurrent mark-sweep generation total 393216K, used 0K [0x00000000e8000000, 0x0000000100000000, 0x0000000100000000)
 Metaspace       used 18020K, capacity 18302K, committed 18560K, reserved 1064960K
  class space    used 2046K, capacity 2162K, committed 2176K, reserved 1048576K
}
2017-01-31T23:07:42.836+0100: 2,290: Total time for which application threads were stopped: 0,0098927 seconds, Stopping threads took: 0,0000368 seconds
2017-01-31T23:07:43.013+0100: 2,466: Total time for which application threads were stopped: 0,0003745 seconds, Stopping threads took: 0,0000406 seconds
2017-01-31T23:07:43.052+0100: 2,506: Total time for which application threads were stopped: 0,0011817 seconds, Stopping threads took: 0,0009313 seconds
2017-01-31T23:07:43.082+0100: 2,535: Total time for which application threads were stopped: 0,0004136 seconds, Stopping threads took: 0,0000571 seconds
{Heap before GC invocations=2 (full 0):
 par new generation   total 109248K, used 101492K [0x00000000e0000000, 0x00000000e8000000, 0x00000000e8000000)
  eden space 87424K, 100% used [0x00000000e0000000, 0x00000000e5560000, 0x00000000e5560000)
  from space 21824K,  64% used [0x00000000e5560000, 0x00000000e631d368, 0x00000000e6ab0000)
  to   space 21824K,   0% used [0x00000000e6ab0000, 0x00000000e6ab0000, 0x00000000e8000000)
 concurrent mark-sweep generation total 393216K, used 0K [0x00000000e8000000, 0x0000000100000000, 0x0000000100000000)
 Metaspace       used 20528K, capacity 20782K, committed 20992K, reserved 1067008K
  class space    used 2373K, capacity 2484K, committed 2560K, reserved 1048576K
2017-01-31T23:07:43.194+0100: 2,648: [GC (Allocation Failure) 2017-01-31T23:07:43.194+0100: 2,648: [ParNew
Desired survivor size 20112992 bytes, new threshold 8 (max 8)
- age   1:    3817848 bytes,    3817848 total
- age   3:    6663008 bytes,   10480856 total
: 101492K->13059K(109248K), 0,0177890 secs] 101492K->13059K(502464K), 0,0178576 secs] [Times: user=0,06 sys=0,00, real=0,02 secs] 
Heap after GC invocations=3 (full 0):
 par new generation   total 109248K, used 13059K [0x00000000e0000000, 0x00000000e8000000, 0x00000000e8000000)
  eden space 87424K,   0% used [0x00000000e0000000, 0x00000000e0000000, 0x00000000e5560000)
  from space 21824K,  59% used [0x00000000e6ab0000, 0x00000000e7770ff0, 0x00000000e8000000)
  to   space 21824K,   0% used [0x00000000e5560000, 0x00000000e5560000, 0x00000000e6ab0000)
 concurrent mark-sweep generation total 393216K, used 0K [0x00000000e8000000, 0x0000000100000000, 0x0000000100000000)
 Metaspace       used 20528K, capacity 20782K, committed 20992K, reserved 1067008K
  class space    used 2373K, capacity 2484K, committed 2560K, reserved 1048576K
}
2017-01-31T23:07:43.212+0100: 2,666: Total time for which application threads were stopped: 0,0180804 seconds, Stopping threads took: 0,0000625 seconds
2017-01-31T23:07:43.265+0100: 2,719: Total time for which application threads were stopped: 0,0001310 seconds, Stopping threads took: 0,0000312 seconds
2017-01-31T23:07:43.314+0100: 2,767: Total time for which application threads were stopped: 0,0010047 seconds, Stopping threads took: 0,0009014 seconds
2017-01-31T23:07:43.335+0100: 2,788: Total time for which application threads were stopped: 0,0002319 seconds, Stopping threads took: 0,0001348 seconds
{Heap before GC invocations=3 (full 0):
 par new generation   total 109248K, used 100483K [0x00000000e0000000, 0x00000000e8000000, 0x00000000e8000000)
  eden space 87424K, 100% used [0x00000000e0000000, 0x00000000e5560000, 0x00000000e5560000)
  from space 21824K,  59% used [0x00000000e6ab0000, 0x00000000e7770ff0, 0x00000000e8000000)
  to   space 21824K,   0% used [0x00000000e5560000, 0x00000000e5560000, 0x00000000e6ab0000)
 concurrent mark-sweep generation total 393216K, used 0K [0x00000000e8000000, 0x0000000100000000, 0x0000000100000000)
 Metaspace       used 21777K, capacity 22154K, committed 22216K, reserved 1069056K
  class space    used 2525K, capacity 2681K, committed 2684K, reserved 1048576K
2017-01-31T23:07:43.375+0100: 2,829: [GC (Allocation Failure) 2017-01-31T23:07:43.375+0100: 2,829: [ParNew
Desired survivor size 20112992 bytes, new threshold 8 (max 8)
- age   1:    1597272 bytes,    1597272 total
- age   2:    1589944 bytes,    3187216 total
- age   4:    6642952 bytes,    9830168 total
: 100483K->13691K(109248K), 0,0110011 secs] 100483K->13691K(502464K), 0,0110961 secs] [Times: user=0,03 sys=0,00, real=0,01 secs] 
Heap after GC invocations=4 (full 0):
 par new generation   total 109248K, used 13691K [0x00000000e0000000, 0x00000000e8000000, 0x00000000e8000000)
  eden space 87424K,   0% used [0x00000000e0000000, 0x00000000e0000000, 0x00000000e5560000)
  from space 21824K,  62% used [0x00000000e5560000, 0x00000000e62bed00, 0x00000000e6ab0000)
  to   space 21824K,   0% used [0x00000000e6ab0000, 0x00000000e6ab0000, 0x00000000e8000000)
 concurrent mark-sweep generation total 393216K, used 0K [0x00000000e8000000, 0x0000000100000000, 0x0000000100000000)
 Metaspace       used 21777K, capacity 22154K, committed 22216K, reserved 1069056K
  class space    used 2525K, capacity 2681K, committed 2684K, reserved 1048576K
}
2017-01-31T23:07:43.386+0100: 2,840: Total time for which application threads were stopped: 0,0113161 seconds, Stopping threads took: 0,0000684 seconds
2017-01-31T23:07:43.387+0100: 2,840: [GC (CMS Initial Mark) [1 CMS-initial-mark: 0K(393216K)] 15470K(502464K), 0,0026689 secs] [Times: user=0,01 sys=0,00, real=0,00 secs] 
2017-01-31T23:07:43.390+0100: 2,843: Total time for which application threads were stopped: 0,0027965 seconds, Stopping threads took: 0,0000544 seconds
2017-01-31T23:07:43.390+0100: 2,843: [CMS-concurrent-mark-start]
2017-01-31T23:07:43.390+0100: 2,844: [CMS-concurrent-mark: 0,000/0,000 secs] [Times: user=0,00 sys=0,00, real=0,00 secs] 
2017-01-31T23:07:43.390+0100: 2,844: [CMS-concurrent-preclean-start]
2017-01-31T23:07:43.391+0100: 2,845: [CMS-concurrent-preclean: 0,001/0,001 secs] [Times: user=0,00 sys=0,00, real=0,00 secs] 
2017-01-31T23:07:43.391+0100: 2,845: [CMS-concurrent-abortable-preclean-start]
2017-01-31T23:07:43.447+0100: 2,900: Total time for which application threads were stopped: 0,0001375 seconds, Stopping threads took: 0,0000437 seconds
2017-01-31T23:07:43.509+0100: 2,962: Total time for which application threads were stopped: 0,0003636 seconds, Stopping threads took: 0,0000619 seconds
2017-01-31T23:07:43.509+0100: 2,963: [CMS-concurrent-abortable-preclean: 0,056/0,118 secs] [Times: user=0,44 sys=0,01, real=0,12 secs] 
2017-01-31T23:07:43.509+0100: 2,963: [GC (CMS Final Remark) [YG occupancy: 95298 K (109248 K)]{Heap before GC invocations=4 (full 1):
 par new generation   total 109248K, used 95298K [0x00000000e0000000, 0x00000000e8000000, 0x00000000e8000000)
  eden space 87424K,  93% used [0x00000000e0000000, 0x00000000e4fb1ee8, 0x00000000e5560000)
  from space 21824K,  62% used [0x00000000e5560000, 0x00000000e62bed00, 0x00000000e6ab0000)
  to   space 21824K,   0% used [0x00000000e6ab0000, 0x00000000e6ab0000, 0x00000000e8000000)
 concurrent mark-sweep generation total 393216K, used 0K [0x00000000e8000000, 0x0000000100000000, 0x0000000100000000)
 Metaspace       used 22143K, capacity 22518K, committed 22624K, reserved 1069056K
  class space    used 2572K, capacity 2715K, committed 2760K, reserved 1048576K
2017-01-31T23:07:43.509+0100: 2,963: [GC (CMS Final Remark) 2017-01-31T23:07:43.509+0100: 2,963: [ParNew
Desired survivor size 20112992 bytes, new threshold 8 (max 8)
- age   1:     868664 bytes,     868664 total
- age   2:     383984 bytes,    1252648 total
- age   3:    1200680 bytes,    2453328 total
- age   5:    6642880 bytes,    9096208 total
: 95298K->13234K(109248K), 0,0093687 secs] 95298K->13234K(502464K), 0,0094143 secs] [Times: user=0,04 sys=0,00, real=0,01 secs] 
Heap after GC invocations=5 (full 1):
 par new generation   total 109248K, used 13234K [0x00000000e0000000, 0x00000000e8000000, 0x00000000e8000000)
  eden space 87424K,   0% used [0x00000000e0000000, 0x00000000e0000000, 0x00000000e5560000)
  from space 21824K,  60% used [0x00000000e6ab0000, 0x00000000e779c808, 0x00000000e8000000)
  to   space 21824K,   0% used [0x00000000e5560000, 0x00000000e5560000, 0x00000000e6ab0000)
 concurrent mark-sweep generation total 393216K, used 0K [0x00000000e8000000, 0x0000000100000000, 0x0000000100000000)
 Metaspace       used 22143K, capacity 22518K, committed 22624K, reserved 1069056K
  class space    used 2572K, capacity 2715K, committed 2760K, reserved 1048576K
}
2017-01-31T23:07:43.519+0100: 2,972: [Rescan (parallel) , 0,0029880 secs]2017-01-31T23:07:43.522+0100: 2,975: [weak refs processing, 0,0005949 secs]2017-01-31T23:07:43.522+0100: 2,976: [class unloading, 0,0028607 secs]2017-01-31T23:07:43.525+0100: 2,979: [scrub symbol table, 0,0027823 secs]2017-01-31T23:07:43.528+0100: 2,981: [scrub string table, 0,0003978 secs][1 CMS-remark: 0K(393216K)] 13234K(502464K), 0,0196944 secs] [Times: user=0,05 sys=0,00, real=0,02 secs] 
2017-01-31T23:07:43.529+0100: 2,982: Total time for which application threads were stopped: 0,0197948 seconds, Stopping threads took: 0,0000314 seconds
2017-01-31T23:07:43.529+0100: 2,982: [CMS-concurrent-sweep-start]
2017-01-31T23:07:43.529+0100: 2,982: [CMS-concurrent-sweep: 0,000/0,000 secs] [Times: user=0,00 sys=0,00, real=0,00 secs] 
2017-01-31T23:07:43.529+0100: 2,982: [CMS-concurrent-reset-start]
2017-01-31T23:07:43.530+0100: 2,984: [CMS-concurrent-reset: 0,001/0,001 secs] [Times: user=0,00 sys=0,01, real=0,00 secs] 
2017-01-31T23:07:43.757+0100: 3,210: Total time for which application threads were stopped: 0,0006148 seconds, Stopping threads took: 0,0000560 seconds
2017-01-31T23:07:43.771+0100: 3,224: Total time for which application threads were stopped: 0,0003872 seconds, Stopping threads took: 0,0000439 seconds
{Heap before GC invocations=5 (full 1):
 par new generation   total 109248K, used 100658K [0x00000000e0000000, 0x00000000e8000000, 0x00000000e8000000)
  eden space 87424K, 100% used [0x00000000e0000000, 0x00000000e5560000, 0x00000000e5560000)
  from space 21824K,  60% used [0x00000000e6ab0000, 0x00000000e779c808, 0x00000000e8000000)
  to   space 21824K,   0% used [0x00000000e5560000, 0x00000000e5560000, 0x00000000e6ab0000)
 concurrent mark-sweep generation total 393216K, used 0K [0x00000000e8000000, 0x0000000100000000, 0x0000000100000000)
 Metaspace       used 25474K, capacity 25848K, committed 26184K, reserved 1073152K
  class space    used 2993K, capacity 3122K, committed 3144K, reserved 1048576K
2017-01-31T23:07:43.927+0100: 3,380: [GC (Allocation Failure) 2017-01-31T23:07:43.927+0100: 3,380: [ParNew
Desired survivor size 20112992 bytes, new threshold 8 (max 8)
- age   1:    4486160 bytes,    4486160 total
- age   2:     154856 bytes,    4641016 total
- age   3:     375312 bytes,    5016328 total
- age   4:     637640 bytes,    5653968 total
- age   6:    6637056 bytes,   12291024 total
: 100658K->13204K(109248K), 0,0104308 secs] 100658K->13204K(502464K), 0,0105006 secs] [Times: user=0,04 sys=0,00, real=0,01 secs] 
Heap after GC invocations=6 (full 1):
 par new generation   total 109248K, used 13204K [0x00000000e0000000, 0x00000000e8000000, 0x00000000e8000000)
  eden space 87424K,   0% used [0x00000000e0000000, 0x00000000e0000000, 0x00000000e5560000)
  from space 21824K,  60% used [0x00000000e5560000, 0x00000000e6245188, 0x00000000e6ab0000)
  to   space 21824K,   0% used [0x00000000e6ab0000, 0x00000000e6ab0000, 0x00000000e8000000)
 concurrent mark-sweep generation total 393216K, used 0K [0x00000000e8000000, 0x0000000100000000, 0x0000000100000000)
 Metaspace       used 25474K, capacity 25848K, committed 26184K, reserved 1073152K
  class space    used 2993K, capacity 3122K, committed 3144K, reserved 1048576K
}
2017-01-31T23:07:43.937+0100: 3,391: Total time for which application threads were stopped: 0,0106707 seconds, Stopping threads took: 0,0000134 seconds
2017-01-31T23:07:44.074+0100: 3,528: Total time for which application threads were stopped: 0,0005047 seconds, Stopping threads took: 0,0000313 seconds
2017-01-31T23:07:44.112+0100: 3,565: Total time for which application threads were stopped: 0,0003366 seconds, Stopping threads took: 0,0000191 seconds
2017-01-31T23:07:44.158+0100: 3,612: Total time for which application threads were stopped: 0,0003780 seconds, Stopping threads took: 0,0000236 seconds
2017-01-31T23:07:44.601+0100: 4,054: Total time for which application threads were stopped: 0,0003788 seconds, Stopping threads took: 0,0000292 seconds
2017-01-31T23:10:12.616+0100: 152,070: Total time for which application threads were stopped: 0,0001758 seconds, Stopping threads took: 0,0000715 seconds
2017-01-31T23:10:17.617+0100: 157,070: Total time for which application threads were stopped: 0,0000764 seconds, Stopping threads took: 0,0000315 seconds
2017-01-31T23:10:42.621+0100: 182,074: Total time for which application threads were stopped: 0,0001273 seconds, Stopping threads took: 0,0000319 seconds
2017-01-31T23:12:17.633+0100: 277,087: Total time for which application threads were stopped: 0,0001112 seconds, Stopping threads took: 0,0000446 seconds
2017-01-31T23:24:42.712+0100: 1022,165: Total time for which application threads were stopped: 0,0000748 seconds, Stopping threads took: 0,0000304 seconds
2017-01-31T23:25:12.715+0100: 1052,169: Total time for which application threads were stopped: 0,0000860 seconds, Stopping threads took: 0,0000348 seconds
2017-01-31T23:31:22.756+0100: 1422,209: Total time for which application threads were stopped: 0,0000796 seconds, Stopping threads took: 0,0000317 seconds
2017-01-31T23:35:51.786+0100: 1691,239: Total time for which application threads were stopped: 0,0000876 seconds, Stopping threads took: 0,0000339 seconds
2017-01-31T23:46:17.862+0100: 2317,316: Total time for which application threads were stopped: 0,0000832 seconds, Stopping threads took: 0,0000319 seconds
2017-01-31T23:46:21.863+0100: 2321,316: Total time for which application threads were stopped: 0,0000790 seconds, Stopping threads took: 0,0000173 seconds
2017-01-31T23:48:11.874+0100: 2431,328: Total time for which application threads were stopped: 0,0000732 seconds, Stopping threads took: 0,0000277 seconds
2017-01-31T23:48:31.876+0100: 2451,330: Total time for which application threads were stopped: 0,0000649 seconds, Stopping threads took: 0,0000149 seconds
2017-02-01T00:00:52.962+0100: 3192,415: Total time for which application threads were stopped: 0,0009070 seconds, Stopping threads took: 0,0002089 seconds
2017-02-01T00:00:57.963+0100: 3197,416: Total time for which application threads were stopped: 0,0000617 seconds, Stopping threads took: 0,0000137 seconds
2017-02-01T00:09:43.017+0100: 3722,470: Total time for which application threads were stopped: 0,0001069 seconds, Stopping threads took: 0,0000407 seconds
2017-02-01T00:10:13.020+0100: 3752,473: Total time for which application threads were stopped: 0,0001894 seconds, Stopping threads took: 0,0000862 seconds
2017-02-01T00:12:12.031+0100: 3871,484: Total time for which application threads were stopped: 0,0000909 seconds, Stopping threads took: 0,0000327 seconds
2017-02-01T00:14:43.046+0100: 4022,500: Total time for which application threads were stopped: 0,0002634 seconds, Stopping threads took: 0,0001441 seconds
2017-02-01T00:42:13.231+0100: 5672,684: Total time for which application threads were stopped: 0,0000813 seconds, Stopping threads took: 0,0000340 seconds
2017-02-01T00:52:38.294+0100: 6297,748: Total time for which application threads were stopped: 0,0000944 seconds, Stopping threads took: 0,0000388 seconds
2017-02-01T00:55:21.121+0100: 6460,574: Total time for which application threads were stopped: 0,0001242 seconds, Stopping threads took: 0,0000255 seconds
Heap
 par new generation   total 109248K, used 82979K [0x00000000e0000000, 0x00000000e8000000, 0x00000000e8000000)
  eden space 87424K,  79% used [0x00000000e0000000, 0x00000000e4423cb8, 0x00000000e5560000)
  from space 21824K,  60% used [0x00000000e5560000, 0x00000000e6245188, 0x00000000e6ab0000)
  to   space 21824K,   0% used [0x00000000e6ab0000, 0x00000000e6ab0000, 0x00000000e8000000)
 concurrent mark-sweep generation total 393216K, used 0K [0x00000000e8000000, 0x0000000100000000, 0x0000000100000000)
 Metaspace       used 28797K, capacity 29262K, committed 29640K, reserved 1075200K
  class space    used 3338K, capacity 3487K, committed 3528K, reserved 1048576K
