OpenJDK 64-Bit Server VM (25.131-b11) for linux-amd64 JRE (1.8.0_131-8u131-b11-0ubuntu1.16.04.2-b11), built on May  6 2017 02:45:27 by "buildd" with gcc 5.4.0 20160609
Memory: 4k page, physical 7867740k(7408948k free), swap 8076284k(8076284k free)
CommandLine flags: -XX:CMSInitiatingOccupancyFraction=50 -XX:CMSMaxAbortablePrecleanTime=6000 -XX:+CMSParallelRemarkEnabled -XX:+CMSScavengeBeforeRemark -XX:ConcGCThreads=4 -XX:InitialHeapSize=536870912 -XX:MaxHeapSize=536870912 -XX:MaxTenuringThreshold=8 -XX:NewRatio=3 -XX:OldPLABSize=16 -XX:OnOutOfMemoryError=/opt/solr/bin/oom_solr.sh 8983 /var/solr/logs -XX:ParallelGCThreads=4 -XX:+ParallelRefProcEnabled -XX:PretenureSizeThreshold=67108864 -XX:+PrintGC -XX:+PrintGCApplicationStoppedTime -XX:+PrintGCDateStamps -XX:+PrintGCDetails -XX:+PrintGCTimeStamps -XX:+PrintHeapAtGC -XX:+PrintTenuringDistribution -XX:SurvivorRatio=4 -XX:TargetSurvivorRatio=90 -XX:ThreadStackSize=256 -XX:+UseCMSInitiatingOccupancyOnly -XX:+UseCompressedClassPointers -XX:+UseCompressedOops -XX:+UseConcMarkSweepGC -XX:+UseParNewGC 
2017-07-13T09:59:16.066+0200: 0,289: Total time for which application threads were stopped: 0,0000879 seconds, Stopping threads took: 0,0000210 seconds
2017-07-13T09:59:16.345+0200: 0,567: Total time for which application threads were stopped: 0,0001147 seconds, Stopping threads took: 0,0000124 seconds
2017-07-13T09:59:16.449+0200: 0,671: Total time for which application threads were stopped: 0,0001532 seconds, Stopping threads took: 0,0000119 seconds
2017-07-13T09:59:16.888+0200: 1,110: Total time for which application threads were stopped: 0,0001427 seconds, Stopping threads took: 0,0000143 seconds
2017-07-13T09:59:17.271+0200: 1,493: Total time for which application threads were stopped: 0,0008559 seconds, Stopping threads took: 0,0001040 seconds
2017-07-13T09:59:17.375+0200: 1,597: Total time for which application threads were stopped: 0,0001848 seconds, Stopping threads took: 0,0000241 seconds
2017-07-13T09:59:17.422+0200: 1,645: Total time for which application threads were stopped: 0,0022894 seconds, Stopping threads took: 0,0000698 seconds
2017-07-13T09:59:17.723+0200: 1,946: Total time for which application threads were stopped: 0,0001817 seconds, Stopping threads took: 0,0000256 seconds
2017-07-13T09:59:17.938+0200: 2,161: Total time for which application threads were stopped: 0,0002044 seconds, Stopping threads took: 0,0000241 seconds
2017-07-13T09:59:17.960+0200: 2,183: Total time for which application threads were stopped: 0,0001651 seconds, Stopping threads took: 0,0000116 seconds
2017-07-13T09:59:17.990+0200: 2,213: Total time for which application threads were stopped: 0,0001964 seconds, Stopping threads took: 0,0000190 seconds
2017-07-13T09:59:17.992+0200: 2,214: Total time for which application threads were stopped: 0,0003190 seconds, Stopping threads took: 0,0000162 seconds
2017-07-13T09:59:18.007+0200: 2,230: Total time for which application threads were stopped: 0,0001804 seconds, Stopping threads took: 0,0000165 seconds
2017-07-13T09:59:18.086+0200: 2,308: Total time for which application threads were stopped: 0,0002525 seconds, Stopping threads took: 0,0000228 seconds
2017-07-13T09:59:18.258+0200: 2,481: Total time for which application threads were stopped: 0,0002624 seconds, Stopping threads took: 0,0000360 seconds
{Heap before GC invocations=0 (full 0):
 par new generation   total 109248K, used 87424K [0x00000000e0000000, 0x00000000e8000000, 0x00000000e8000000)
  eden space 87424K, 100% used [0x00000000e0000000, 0x00000000e5560000, 0x00000000e5560000)
  from space 21824K,   0% used [0x00000000e5560000, 0x00000000e5560000, 0x00000000e6ab0000)
  to   space 21824K,   0% used [0x00000000e6ab0000, 0x00000000e6ab0000, 0x00000000e8000000)
 concurrent mark-sweep generation total 393216K, used 0K [0x00000000e8000000, 0x0000000100000000, 0x0000000100000000)
 Metaspace       used 17850K, capacity 18176K, committed 18304K, reserved 1064960K
  class space    used 2024K, capacity 2164K, committed 2176K, reserved 1048576K
2017-07-13T09:59:18.302+0200: 2,525: [GC (Allocation Failure) 2017-07-13T09:59:18.302+0200: 2,525: [ParNew
Desired survivor size 20112992 bytes, new threshold 8 (max 8)
- age   1:   11649208 bytes,   11649208 total
: 87424K->11483K(109248K), 0,0147144 secs] 87424K->11483K(502464K), 0,0147977 secs] [Times: user=0,04 sys=0,02, real=0,01 secs] 
Heap after GC invocations=1 (full 0):
 par new generation   total 109248K, used 11483K [0x00000000e0000000, 0x00000000e8000000, 0x00000000e8000000)
  eden space 87424K,   0% used [0x00000000e0000000, 0x00000000e0000000, 0x00000000e5560000)
  from space 21824K,  52% used [0x00000000e6ab0000, 0x00000000e75e6d68, 0x00000000e8000000)
  to   space 21824K,   0% used [0x00000000e5560000, 0x00000000e5560000, 0x00000000e6ab0000)
 concurrent mark-sweep generation total 393216K, used 0K [0x00000000e8000000, 0x0000000100000000, 0x0000000100000000)
 Metaspace       used 17850K, capacity 18176K, committed 18304K, reserved 1064960K
  class space    used 2024K, capacity 2164K, committed 2176K, reserved 1048576K
}
2017-07-13T09:59:18.317+0200: 2,540: Total time for which application threads were stopped: 0,0174386 seconds, Stopping threads took: 0,0024895 seconds
2017-07-13T09:59:18.727+0200: 2,950: Total time for which application threads were stopped: 0,0002738 seconds, Stopping threads took: 0,0000164 seconds
{Heap before GC invocations=1 (full 0):
 par new generation   total 109248K, used 98907K [0x00000000e0000000, 0x00000000e8000000, 0x00000000e8000000)
  eden space 87424K, 100% used [0x00000000e0000000, 0x00000000e5560000, 0x00000000e5560000)
  from space 21824K,  52% used [0x00000000e6ab0000, 0x00000000e75e6d68, 0x00000000e8000000)
  to   space 21824K,   0% used [0x00000000e5560000, 0x00000000e5560000, 0x00000000e6ab0000)
 concurrent mark-sweep generation total 393216K, used 0K [0x00000000e8000000, 0x0000000100000000, 0x0000000100000000)
 Metaspace       used 20046K, capacity 20368K, committed 20736K, reserved 1067008K
  class space    used 2295K, capacity 2470K, committed 2560K, reserved 1048576K
2017-07-13T09:59:18.762+0200: 2,984: [GC (Allocation Failure) 2017-07-13T09:59:18.762+0200: 2,984: [ParNew
Desired survivor size 20112992 bytes, new threshold 8 (max 8)
- age   1:    4104760 bytes,    4104760 total
- age   2:    6214704 bytes,   10319464 total
: 98907K->14617K(109248K), 0,0100240 secs] 98907K->14617K(502464K), 0,0100956 secs] [Times: user=0,03 sys=0,01, real=0,01 secs] 
Heap after GC invocations=2 (full 0):
 par new generation   total 109248K, used 14617K [0x00000000e0000000, 0x00000000e8000000, 0x00000000e8000000)
  eden space 87424K,   0% used [0x00000000e0000000, 0x00000000e0000000, 0x00000000e5560000)
  from space 21824K,  66% used [0x00000000e5560000, 0x00000000e63a6700, 0x00000000e6ab0000)
  to   space 21824K,   0% used [0x00000000e6ab0000, 0x00000000e6ab0000, 0x00000000e8000000)
 concurrent mark-sweep generation total 393216K, used 0K [0x00000000e8000000, 0x0000000100000000, 0x0000000100000000)
 Metaspace       used 20046K, capacity 20368K, committed 20736K, reserved 1067008K
  class space    used 2295K, capacity 2470K, committed 2560K, reserved 1048576K
}
2017-07-13T09:59:18.772+0200: 2,994: Total time for which application threads were stopped: 0,0103410 seconds, Stopping threads took: 0,0001000 seconds
2017-07-13T09:59:18.777+0200: 3,000: Total time for which application threads were stopped: 0,0003894 seconds, Stopping threads took: 0,0000609 seconds
2017-07-13T09:59:18.826+0200: 3,049: Total time for which application threads were stopped: 0,0003917 seconds, Stopping threads took: 0,0000622 seconds
2017-07-13T09:59:18.972+0200: 3,195: Total time for which application threads were stopped: 0,0025259 seconds, Stopping threads took: 0,0023558 seconds
{Heap before GC invocations=2 (full 0):
 par new generation   total 109248K, used 102041K [0x00000000e0000000, 0x00000000e8000000, 0x00000000e8000000)
  eden space 87424K, 100% used [0x00000000e0000000, 0x00000000e5560000, 0x00000000e5560000)
  from space 21824K,  66% used [0x00000000e5560000, 0x00000000e63a6700, 0x00000000e6ab0000)
  to   space 21824K,   0% used [0x00000000e6ab0000, 0x00000000e6ab0000, 0x00000000e8000000)
 concurrent mark-sweep generation total 393216K, used 0K [0x00000000e8000000, 0x0000000100000000, 0x0000000100000000)
 Metaspace       used 21006K, capacity 21354K, committed 21628K, reserved 1069056K
  class space    used 2417K, capacity 2589K, committed 2684K, reserved 1048576K
2017-07-13T09:59:19.005+0200: 3,227: [GC (Allocation Failure) 2017-07-13T09:59:19.005+0200: 3,227: [ParNew
Desired survivor size 20112992 bytes, new threshold 8 (max 8)
- age   1:    2336792 bytes,    2336792 total
- age   2:    1287808 bytes,    3624600 total
- age   3:    6212624 bytes,    9837224 total
: 102041K->12614K(109248K), 0,0116681 secs] 102041K->12614K(502464K), 0,0117456 secs] [Times: user=0,04 sys=0,00, real=0,01 secs] 
Heap after GC invocations=3 (full 0):
 par new generation   total 109248K, used 12614K [0x00000000e0000000, 0x00000000e8000000, 0x00000000e8000000)
  eden space 87424K,   0% used [0x00000000e0000000, 0x00000000e0000000, 0x00000000e5560000)
  from space 21824K,  57% used [0x00000000e6ab0000, 0x00000000e7701840, 0x00000000e8000000)
  to   space 21824K,   0% used [0x00000000e5560000, 0x00000000e5560000, 0x00000000e6ab0000)
 concurrent mark-sweep generation total 393216K, used 0K [0x00000000e8000000, 0x0000000100000000, 0x0000000100000000)
 Metaspace       used 21006K, capacity 21354K, committed 21628K, reserved 1069056K
  class space    used 2417K, capacity 2589K, committed 2684K, reserved 1048576K
}
2017-07-13T09:59:19.017+0200: 3,239: Total time for which application threads were stopped: 0,0119408 seconds, Stopping threads took: 0,0000451 seconds
2017-07-13T09:59:19.017+0200: 3,239: [GC (CMS Initial Mark) [1 CMS-initial-mark: 0K(393216K)] 13310K(502464K), 0,0036419 secs] [Times: user=0,01 sys=0,00, real=0,00 secs] 
2017-07-13T09:59:19.020+0200: 3,243: Total time for which application threads were stopped: 0,0038248 seconds, Stopping threads took: 0,0000882 seconds
2017-07-13T09:59:19.020+0200: 3,243: [CMS-concurrent-mark-start]
2017-07-13T09:59:19.021+0200: 3,244: [CMS-concurrent-mark: 0,001/0,001 secs] [Times: user=0,01 sys=0,00, real=0,00 secs] 
2017-07-13T09:59:19.021+0200: 3,244: [CMS-concurrent-preclean-start]
2017-07-13T09:59:19.023+0200: 3,245: [CMS-concurrent-preclean: 0,001/0,001 secs] [Times: user=0,00 sys=0,00, real=0,01 secs] 
2017-07-13T09:59:19.023+0200: 3,245: [CMS-concurrent-abortable-preclean-start]
2017-07-13T09:59:19.085+0200: 3,307: Total time for which application threads were stopped: 0,0001397 seconds, Stopping threads took: 0,0000457 seconds
{Heap before GC invocations=3 (full 1):
 par new generation   total 109248K, used 100038K [0x00000000e0000000, 0x00000000e8000000, 0x00000000e8000000)
  eden space 87424K, 100% used [0x00000000e0000000, 0x00000000e5560000, 0x00000000e5560000)
  from space 21824K,  57% used [0x00000000e6ab0000, 0x00000000e7701840, 0x00000000e8000000)
  to   space 21824K,   0% used [0x00000000e5560000, 0x00000000e5560000, 0x00000000e6ab0000)
 concurrent mark-sweep generation total 393216K, used 0K [0x00000000e8000000, 0x0000000100000000, 0x0000000100000000)
 Metaspace       used 21265K, capacity 21636K, committed 21884K, reserved 1069056K
  class space    used 2446K, capacity 2605K, committed 2684K, reserved 1048576K
2017-07-13T09:59:19.135+0200: 3,358: [GC (Allocation Failure) 2017-07-13T09:59:19.135+0200: 3,358: [ParNew
Desired survivor size 20112992 bytes, new threshold 8 (max 8)
- age   1:     631136 bytes,     631136 total
- age   2:    1465992 bytes,    2097128 total
- age   3:    1252952 bytes,    3350080 total
- age   4:    6212848 bytes,    9562928 total
: 100038K->12510K(109248K), 0,0106844 secs] 100038K->12510K(502464K), 0,0107530 secs] [Times: user=0,04 sys=0,00, real=0,01 secs] 
Heap after GC invocations=4 (full 1):
 par new generation   total 109248K, used 12510K [0x00000000e0000000, 0x00000000e8000000, 0x00000000e8000000)
  eden space 87424K,   0% used [0x00000000e0000000, 0x00000000e0000000, 0x00000000e5560000)
  from space 21824K,  57% used [0x00000000e5560000, 0x00000000e6197850, 0x00000000e6ab0000)
  to   space 21824K,   0% used [0x00000000e6ab0000, 0x00000000e6ab0000, 0x00000000e8000000)
 concurrent mark-sweep generation total 393216K, used 0K [0x00000000e8000000, 0x0000000100000000, 0x0000000100000000)
 Metaspace       used 21265K, capacity 21636K, committed 21884K, reserved 1069056K
  class space    used 2446K, capacity 2605K, committed 2684K, reserved 1048576K
}
2017-07-13T09:59:19.146+0200: 3,368: Total time for which application threads were stopped: 0,0109739 seconds, Stopping threads took: 0,0000787 seconds
2017-07-13T09:59:19.146+0200: 3,369: [CMS-concurrent-abortable-preclean: 0,063/0,123 secs] [Times: user=0,47 sys=0,00, real=0,12 secs] 
2017-07-13T09:59:19.146+0200: 3,369: [GC (CMS Final Remark) [YG occupancy: 12542 K (109248 K)]{Heap before GC invocations=4 (full 1):
 par new generation   total 109248K, used 12542K [0x00000000e0000000, 0x00000000e8000000, 0x00000000e8000000)
  eden space 87424K,   0% used [0x00000000e0000000, 0x00000000e0008010, 0x00000000e5560000)
  from space 21824K,  57% used [0x00000000e5560000, 0x00000000e6197850, 0x00000000e6ab0000)
  to   space 21824K,   0% used [0x00000000e6ab0000, 0x00000000e6ab0000, 0x00000000e8000000)
 concurrent mark-sweep generation total 393216K, used 0K [0x00000000e8000000, 0x0000000100000000, 0x0000000100000000)
 Metaspace       used 21265K, capacity 21636K, committed 21884K, reserved 1069056K
  class space    used 2446K, capacity 2605K, committed 2684K, reserved 1048576K
2017-07-13T09:59:19.146+0200: 3,369: [GC (CMS Final Remark) 2017-07-13T09:59:19.146+0200: 3,369: [ParNew
Desired survivor size 20112992 bytes, new threshold 8 (max 8)
- age   1:      32784 bytes,      32784 total
- age   2:     479816 bytes,     512600 total
- age   3:    1465888 bytes,    1978488 total
- age   4:    1252952 bytes,    3231440 total
- age   5:    6212600 bytes,    9444040 total
: 12542K->13070K(109248K), 0,0092614 secs] 12542K->13070K(502464K), 0,0092971 secs] [Times: user=0,02 sys=0,01, real=0,01 secs] 
Heap after GC invocations=5 (full 1):
 par new generation   total 109248K, used 13070K [0x00000000e0000000, 0x00000000e8000000, 0x00000000e8000000)
  eden space 87424K,   0% used [0x00000000e0000000, 0x00000000e0000000, 0x00000000e5560000)
  from space 21824K,  59% used [0x00000000e6ab0000, 0x00000000e77739f8, 0x00000000e8000000)
  to   space 21824K,   0% used [0x00000000e5560000, 0x00000000e5560000, 0x00000000e6ab0000)
 concurrent mark-sweep generation total 393216K, used 0K [0x00000000e8000000, 0x0000000100000000, 0x0000000100000000)
 Metaspace       used 21265K, capacity 21636K, committed 21884K, reserved 1069056K
  class space    used 2446K, capacity 2605K, committed 2684K, reserved 1048576K
}
2017-07-13T09:59:19.156+0200: 3,378: [Rescan (parallel) , 0,0033426 secs]2017-07-13T09:59:19.159+0200: 3,382: [weak refs processing, 0,0011443 secs]2017-07-13T09:59:19.160+0200: 3,383: [class unloading, 0,0031664 secs]2017-07-13T09:59:19.163+0200: 3,386: [scrub symbol table, 0,0032775 secs]2017-07-13T09:59:19.167+0200: 3,389: [scrub string table, 0,0003628 secs][1 CMS-remark: 0K(393216K)] 13070K(502464K), 0,0212189 secs] [Times: user=0,04 sys=0,01, real=0,02 secs] 
2017-07-13T09:59:19.167+0200: 3,390: Total time for which application threads were stopped: 0,0214552 seconds, Stopping threads took: 0,0001506 seconds
2017-07-13T09:59:19.168+0200: 3,390: [CMS-concurrent-sweep-start]
2017-07-13T09:59:19.168+0200: 3,390: [CMS-concurrent-sweep: 0,000/0,000 secs] [Times: user=0,00 sys=0,00, real=0,00 secs] 
2017-07-13T09:59:19.168+0200: 3,390: [CMS-concurrent-reset-start]
2017-07-13T09:59:19.177+0200: 3,399: [CMS-concurrent-reset: 0,009/0,009 secs] [Times: user=0,04 sys=0,00, real=0,01 secs] 
{Heap before GC invocations=5 (full 1):
 par new generation   total 109248K, used 100494K [0x00000000e0000000, 0x00000000e8000000, 0x00000000e8000000)
  eden space 87424K, 100% used [0x00000000e0000000, 0x00000000e5560000, 0x00000000e5560000)
  from space 21824K,  59% used [0x00000000e6ab0000, 0x00000000e77739f8, 0x00000000e8000000)
  to   space 21824K,   0% used [0x00000000e5560000, 0x00000000e5560000, 0x00000000e6ab0000)
 concurrent mark-sweep generation total 393216K, used 0K [0x00000000e8000000, 0x0000000100000000, 0x0000000100000000)
 Metaspace       used 21398K, capacity 21796K, committed 21884K, reserved 1069056K
  class space    used 2465K, capacity 2637K, committed 2684K, reserved 1048576K
2017-07-13T09:59:19.253+0200: 3,476: [GC (Allocation Failure) 2017-07-13T09:59:19.253+0200: 3,476: [ParNew
Desired survivor size 20112992 bytes, new threshold 8 (max 8)
- age   1:    1109904 bytes,    1109904 total
- age   3:     183424 bytes,    1293328 total
- age   4:    1465792 bytes,    2759120 total
- age   5:    1250936 bytes,    4010056 total
- age   6:    6212688 bytes,   10222744 total
: 100494K->11616K(109248K), 0,0114457 secs] 100494K->11616K(502464K), 0,0115224 secs] [Times: user=0,04 sys=0,00, real=0,02 secs] 
Heap after GC invocations=6 (full 1):
 par new generation   total 109248K, used 11616K [0x00000000e0000000, 0x00000000e8000000, 0x00000000e8000000)
  eden space 87424K,   0% used [0x00000000e0000000, 0x00000000e0000000, 0x00000000e5560000)
  from space 21824K,  53% used [0x00000000e5560000, 0x00000000e60b8330, 0x00000000e6ab0000)
  to   space 21824K,   0% used [0x00000000e6ab0000, 0x00000000e6ab0000, 0x00000000e8000000)
 concurrent mark-sweep generation total 393216K, used 0K [0x00000000e8000000, 0x0000000100000000, 0x0000000100000000)
 Metaspace       used 21398K, capacity 21796K, committed 21884K, reserved 1069056K
  class space    used 2465K, capacity 2637K, committed 2684K, reserved 1048576K
}
2017-07-13T09:59:19.265+0200: 3,488: Total time for which application threads were stopped: 0,0117529 seconds, Stopping threads took: 0,0000601 seconds
2017-07-13T09:59:19.303+0200: 3,526: Total time for which application threads were stopped: 0,0003093 seconds, Stopping threads took: 0,0000264 seconds
2017-07-13T09:59:19.535+0200: 3,758: Total time for which application threads were stopped: 0,0005413 seconds, Stopping threads took: 0,0000354 seconds
2017-07-13T09:59:19.551+0200: 3,774: Total time for which application threads were stopped: 0,0003964 seconds, Stopping threads took: 0,0000415 seconds
{Heap before GC invocations=6 (full 1):
 par new generation   total 109248K, used 99040K [0x00000000e0000000, 0x00000000e8000000, 0x00000000e8000000)
  eden space 87424K, 100% used [0x00000000e0000000, 0x00000000e5560000, 0x00000000e5560000)
  from space 21824K,  53% used [0x00000000e5560000, 0x00000000e60b8330, 0x00000000e6ab0000)
  to   space 21824K,   0% used [0x00000000e6ab0000, 0x00000000e6ab0000, 0x00000000e8000000)
 concurrent mark-sweep generation total 393216K, used 0K [0x00000000e8000000, 0x0000000100000000, 0x0000000100000000)
 Metaspace       used 23612K, capacity 24088K, committed 24316K, reserved 1071104K
  class space    used 2748K, capacity 2951K, committed 3068K, reserved 1048576K
2017-07-13T09:59:19.692+0200: 3,915: [GC (Allocation Failure) 2017-07-13T09:59:19.692+0200: 3,915: [ParNew
Desired survivor size 20112992 bytes, new threshold 8 (max 8)
- age   1:    4843720 bytes,    4843720 total
- age   2:     110848 bytes,    4954568 total
- age   4:     181928 bytes,    5136496 total
- age   5:     296032 bytes,    5432528 total
- age   6:    1226576 bytes,    6659104 total
- age   7:    6204464 bytes,   12863568 total
: 99040K->15135K(109248K), 0,0127053 secs] 99040K->15135K(502464K), 0,0127743 secs] [Times: user=0,05 sys=0,00, real=0,02 secs] 
Heap after GC invocations=7 (full 1):
 par new generation   total 109248K, used 15135K [0x00000000e0000000, 0x00000000e8000000, 0x00000000e8000000)
  eden space 87424K,   0% used [0x00000000e0000000, 0x00000000e0000000, 0x00000000e5560000)
  from space 21824K,  69% used [0x00000000e6ab0000, 0x00000000e7977f00, 0x00000000e8000000)
  to   space 21824K,   0% used [0x00000000e5560000, 0x00000000e5560000, 0x00000000e6ab0000)
 concurrent mark-sweep generation total 393216K, used 0K [0x00000000e8000000, 0x0000000100000000, 0x0000000100000000)
 Metaspace       used 23612K, capacity 24088K, committed 24316K, reserved 1071104K
  class space    used 2748K, capacity 2951K, committed 3068K, reserved 1048576K
}
2017-07-13T09:59:19.705+0200: 3,928: Total time for which application threads were stopped: 0,0130526 seconds, Stopping threads took: 0,0000687 seconds
2017-07-13T09:59:19.879+0200: 4,102: Total time for which application threads were stopped: 0,0146815 seconds, Stopping threads took: 0,0115317 seconds
{Heap before GC invocations=7 (full 1):
 par new generation   total 109248K, used 102559K [0x00000000e0000000, 0x00000000e8000000, 0x00000000e8000000)
  eden space 87424K, 100% used [0x00000000e0000000, 0x00000000e5560000, 0x00000000e5560000)
  from space 21824K,  69% used [0x00000000e6ab0000, 0x00000000e7977f00, 0x00000000e8000000)
  to   space 21824K,   0% used [0x00000000e5560000, 0x00000000e5560000, 0x00000000e6ab0000)
 concurrent mark-sweep generation total 393216K, used 0K [0x00000000e8000000, 0x0000000100000000, 0x0000000100000000)
 Metaspace       used 24520K, capacity 25016K, committed 25084K, reserved 1071104K
  class space    used 2869K, capacity 3047K, committed 3068K, reserved 1048576K
2017-07-13T09:59:19.933+0200: 4,155: [GC (Allocation Failure) 2017-07-13T09:59:19.933+0200: 4,155: [ParNew
Desired survivor size 20112992 bytes, new threshold 8 (max 8)
- age   1:    2533416 bytes,    2533416 total
- age   2:    1733136 bytes,    4266552 total
- age   3:      52960 bytes,    4319512 total
- age   5:     104448 bytes,    4423960 total
- age   6:     180136 bytes,    4604096 total
- age   7:     982040 bytes,    5586136 total
- age   8:    5890960 bytes,   11477096 total
: 102559K->17375K(109248K), 0,0287748 secs] 102559K->17375K(502464K), 0,0288554 secs] [Times: user=0,06 sys=0,00, real=0,03 secs] 
Heap after GC invocations=8 (full 1):
 par new generation   total 109248K, used 17375K [0x00000000e0000000, 0x00000000e8000000, 0x00000000e8000000)
  eden space 87424K,   0% used [0x00000000e0000000, 0x00000000e0000000, 0x00000000e5560000)
  from space 21824K,  79% used [0x00000000e5560000, 0x00000000e6657eb0, 0x00000000e6ab0000)
  to   space 21824K,   0% used [0x00000000e6ab0000, 0x00000000e6ab0000, 0x00000000e8000000)
 concurrent mark-sweep generation total 393216K, used 0K [0x00000000e8000000, 0x0000000100000000, 0x0000000100000000)
 Metaspace       used 24520K, capacity 25016K, committed 25084K, reserved 1071104K
  class space    used 2869K, capacity 3047K, committed 3068K, reserved 1048576K
}
2017-07-13T09:59:19.962+0200: 4,184: Total time for which application threads were stopped: 0,0291418 seconds, Stopping threads took: 0,0000695 seconds
2017-07-13T09:59:20.028+0200: 4,250: Total time for which application threads were stopped: 0,0001797 seconds, Stopping threads took: 0,0000750 seconds
{Heap before GC invocations=8 (full 1):
 par new generation   total 109248K, used 104799K [0x00000000e0000000, 0x00000000e8000000, 0x00000000e8000000)
  eden space 87424K, 100% used [0x00000000e0000000, 0x00000000e5560000, 0x00000000e5560000)
  from space 21824K,  79% used [0x00000000e5560000, 0x00000000e6657eb0, 0x00000000e6ab0000)
  to   space 21824K,   0% used [0x00000000e6ab0000, 0x00000000e6ab0000, 0x00000000e8000000)
 concurrent mark-sweep generation total 393216K, used 0K [0x00000000e8000000, 0x0000000100000000, 0x0000000100000000)
 Metaspace       used 24981K, capacity 25464K, committed 25724K, reserved 1071104K
  class space    used 2908K, capacity 3085K, committed 3196K, reserved 1048576K
2017-07-13T09:59:20.092+0200: 4,315: [GC (Allocation Failure) 2017-07-13T09:59:20.092+0200: 4,315: [ParNew
Desired survivor size 20112992 bytes, new threshold 8 (max 8)
- age   1:     959824 bytes,     959824 total
- age   2:     697304 bytes,    1657128 total
- age   3:    1732280 bytes,    3389408 total
- age   4:      50480 bytes,    3439888 total
- age   6:     104144 bytes,    3544032 total
- age   7:     179672 bytes,    3723704 total
- age   8:     981240 bytes,    4704944 total
: 104799K->7122K(109248K), 0,0305803 secs] 104799K->13498K(502464K), 0,0306631 secs] [Times: user=0,10 sys=0,00, real=0,04 secs] 
Heap after GC invocations=9 (full 1):
 par new generation   total 109248K, used 7122K [0x00000000e0000000, 0x00000000e8000000, 0x00000000e8000000)
  eden space 87424K,   0% used [0x00000000e0000000, 0x00000000e0000000, 0x00000000e5560000)
  from space 21824K,  32% used [0x00000000e6ab0000, 0x00000000e71a49d8, 0x00000000e8000000)
  to   space 21824K,   0% used [0x00000000e5560000, 0x00000000e5560000, 0x00000000e6ab0000)
 concurrent mark-sweep generation total 393216K, used 6375K [0x00000000e8000000, 0x0000000100000000, 0x0000000100000000)
 Metaspace       used 24981K, capacity 25464K, committed 25724K, reserved 1071104K
  class space    used 2908K, capacity 3085K, committed 3196K, reserved 1048576K
}
2017-07-13T09:59:20.123+0200: 4,346: Total time for which application threads were stopped: 0,0314669 seconds, Stopping threads took: 0,0006076 seconds
2017-07-13T09:59:20.233+0200: 4,456: Total time for which application threads were stopped: 0,0003634 seconds, Stopping threads took: 0,0002113 seconds
2017-07-13T09:59:20.242+0200: 4,465: Total time for which application threads were stopped: 0,0030921 seconds, Stopping threads took: 0,0029925 seconds
2017-07-13T09:59:20.292+0200: 4,514: Total time for which application threads were stopped: 0,0003673 seconds, Stopping threads took: 0,0002544 seconds
2017-07-13T09:59:20.317+0200: 4,539: Total time for which application threads were stopped: 0,0061751 seconds, Stopping threads took: 0,0060353 seconds
2017-07-13T09:59:20.335+0200: 4,558: Total time for which application threads were stopped: 0,0007466 seconds, Stopping threads took: 0,0006230 seconds
2017-07-13T09:59:20.335+0200: 4,558: Total time for which application threads were stopped: 0,0001069 seconds, Stopping threads took: 0,0000254 seconds
2017-07-13T09:59:20.337+0200: 4,559: Total time for which application threads were stopped: 0,0014234 seconds, Stopping threads took: 0,0013048 seconds
2017-07-13T09:59:20.339+0200: 4,561: Total time for which application threads were stopped: 0,0004022 seconds, Stopping threads took: 0,0002996 seconds
2017-07-13T09:59:20.339+0200: 4,562: Total time for which application threads were stopped: 0,0001182 seconds, Stopping threads took: 0,0000383 seconds
2017-07-13T09:59:20.340+0200: 4,562: Total time for which application threads were stopped: 0,0001200 seconds, Stopping threads took: 0,0000516 seconds
2017-07-13T09:59:20.347+0200: 4,569: Total time for which application threads were stopped: 0,0001426 seconds, Stopping threads took: 0,0000394 seconds
2017-07-13T09:59:20.347+0200: 4,570: Total time for which application threads were stopped: 0,0001060 seconds, Stopping threads took: 0,0000242 seconds
2017-07-13T09:59:20.348+0200: 4,571: Total time for which application threads were stopped: 0,0001991 seconds, Stopping threads took: 0,0001125 seconds
2017-07-13T09:59:20.348+0200: 4,571: Total time for which application threads were stopped: 0,0001017 seconds, Stopping threads took: 0,0000509 seconds
2017-07-13T09:59:20.348+0200: 4,571: Total time for which application threads were stopped: 0,0000636 seconds, Stopping threads took: 0,0000210 seconds
2017-07-13T09:59:20.348+0200: 4,571: Total time for which application threads were stopped: 0,0000668 seconds, Stopping threads took: 0,0000120 seconds
2017-07-13T09:59:20.349+0200: 4,572: Total time for which application threads were stopped: 0,0001520 seconds, Stopping threads took: 0,0000745 seconds
2017-07-13T09:59:20.350+0200: 4,572: Total time for which application threads were stopped: 0,0002136 seconds, Stopping threads took: 0,0001013 seconds
2017-07-13T09:59:20.354+0200: 4,577: Total time for which application threads were stopped: 0,0001325 seconds, Stopping threads took: 0,0000325 seconds
2017-07-13T09:59:20.354+0200: 4,577: Total time for which application threads were stopped: 0,0000708 seconds, Stopping threads took: 0,0000199 seconds
2017-07-13T09:59:20.355+0200: 4,577: Total time for which application threads were stopped: 0,0000917 seconds, Stopping threads took: 0,0000211 seconds
2017-07-13T09:59:20.355+0200: 4,577: Total time for which application threads were stopped: 0,0000678 seconds, Stopping threads took: 0,0000182 seconds
2017-07-13T09:59:20.355+0200: 4,577: Total time for which application threads were stopped: 0,0000496 seconds, Stopping threads took: 0,0000175 seconds
2017-07-13T09:59:20.355+0200: 4,578: Total time for which application threads were stopped: 0,0000859 seconds, Stopping threads took: 0,0000245 seconds
2017-07-13T09:59:20.360+0200: 4,583: Total time for which application threads were stopped: 0,0014556 seconds, Stopping threads took: 0,0013463 seconds
2017-07-13T09:59:20.362+0200: 4,585: Total time for which application threads were stopped: 0,0006259 seconds, Stopping threads took: 0,0005205 seconds
2017-07-13T09:59:20.362+0200: 4,585: Total time for which application threads were stopped: 0,0000803 seconds, Stopping threads took: 0,0000253 seconds
2017-07-13T09:59:20.363+0200: 4,585: Total time for which application threads were stopped: 0,0001086 seconds, Stopping threads took: 0,0000179 seconds
2017-07-13T09:59:20.363+0200: 4,586: Total time for which application threads were stopped: 0,0000876 seconds, Stopping threads took: 0,0000240 seconds
2017-07-13T09:59:20.363+0200: 4,586: Total time for which application threads were stopped: 0,0001205 seconds, Stopping threads took: 0,0000147 seconds
2017-07-13T09:59:20.363+0200: 4,586: Total time for which application threads were stopped: 0,0000921 seconds, Stopping threads took: 0,0000169 seconds
2017-07-13T09:59:20.363+0200: 4,586: Total time for which application threads were stopped: 0,0001236 seconds, Stopping threads took: 0,0000541 seconds
2017-07-13T09:59:20.364+0200: 4,587: Total time for which application threads were stopped: 0,0006099 seconds, Stopping threads took: 0,0003725 seconds
2017-07-13T09:59:20.365+0200: 4,587: Total time for which application threads were stopped: 0,0001427 seconds, Stopping threads took: 0,0000313 seconds
2017-07-13T09:59:20.365+0200: 4,588: Total time for which application threads were stopped: 0,0000614 seconds, Stopping threads took: 0,0000102 seconds
2017-07-13T09:59:20.365+0200: 4,588: Total time for which application threads were stopped: 0,0001977 seconds, Stopping threads took: 0,0001157 seconds
2017-07-13T09:59:20.366+0200: 4,588: Total time for which application threads were stopped: 0,0000815 seconds, Stopping threads took: 0,0000131 seconds
2017-07-13T09:59:20.366+0200: 4,589: Total time for which application threads were stopped: 0,0001113 seconds, Stopping threads took: 0,0000368 seconds
2017-07-13T09:59:20.366+0200: 4,589: Total time for which application threads were stopped: 0,0001031 seconds, Stopping threads took: 0,0000366 seconds
2017-07-13T09:59:20.367+0200: 4,589: Total time for which application threads were stopped: 0,0000566 seconds, Stopping threads took: 0,0000134 seconds
2017-07-13T09:59:20.367+0200: 4,589: Total time for which application threads were stopped: 0,0000646 seconds, Stopping threads took: 0,0000122 seconds
2017-07-13T09:59:20.372+0200: 4,595: Total time for which application threads were stopped: 0,0002420 seconds, Stopping threads took: 0,0001509 seconds
2017-07-13T09:59:20.374+0200: 4,596: Total time for which application threads were stopped: 0,0002776 seconds, Stopping threads took: 0,0001818 seconds
2017-07-13T09:59:20.378+0200: 4,601: Total time for which application threads were stopped: 0,0002637 seconds, Stopping threads took: 0,0001393 seconds
2017-07-13T09:59:20.382+0200: 4,605: Total time for which application threads were stopped: 0,0002428 seconds, Stopping threads took: 0,0001291 seconds
2017-07-13T09:59:20.382+0200: 4,605: Total time for which application threads were stopped: 0,0000999 seconds, Stopping threads took: 0,0000275 seconds
2017-07-13T09:59:20.383+0200: 4,606: Total time for which application threads were stopped: 0,0005593 seconds, Stopping threads took: 0,0004565 seconds
2017-07-13T09:59:20.402+0200: 4,624: Total time for which application threads were stopped: 0,0003341 seconds, Stopping threads took: 0,0002422 seconds
2017-07-13T09:59:20.407+0200: 4,630: Total time for which application threads were stopped: 0,0006485 seconds, Stopping threads took: 0,0005251 seconds
2017-07-13T09:59:20.413+0200: 4,635: Total time for which application threads were stopped: 0,0006479 seconds, Stopping threads took: 0,0000198 seconds
2017-07-13T09:59:20.415+0200: 4,637: Total time for which application threads were stopped: 0,0001409 seconds, Stopping threads took: 0,0000665 seconds
2017-07-13T09:59:20.419+0200: 4,641: Total time for which application threads were stopped: 0,0001461 seconds, Stopping threads took: 0,0000462 seconds
2017-07-13T09:59:20.425+0200: 4,648: Total time for which application threads were stopped: 0,0031779 seconds, Stopping threads took: 0,0030918 seconds
2017-07-13T09:59:20.432+0200: 4,654: Total time for which application threads were stopped: 0,0001157 seconds, Stopping threads took: 0,0000390 seconds
2017-07-13T09:59:20.436+0200: 4,659: Total time for which application threads were stopped: 0,0009970 seconds, Stopping threads took: 0,0008729 seconds
2017-07-13T09:59:20.524+0200: 4,747: Total time for which application threads were stopped: 0,0030813 seconds, Stopping threads took: 0,0029313 seconds
2017-07-13T09:59:20.624+0200: 4,847: Total time for which application threads were stopped: 0,0005750 seconds, Stopping threads took: 0,0000414 seconds
2017-07-13T09:59:20.638+0200: 4,861: Total time for which application threads were stopped: 0,0036515 seconds, Stopping threads took: 0,0008139 seconds
2017-07-13T09:59:20.668+0200: 4,890: Total time for which application threads were stopped: 0,0005271 seconds, Stopping threads took: 0,0000450 seconds
2017-07-13T09:59:20.720+0200: 4,943: Total time for which application threads were stopped: 0,0169180 seconds, Stopping threads took: 0,0167463 seconds
2017-07-13T09:59:20.750+0200: 4,972: Total time for which application threads were stopped: 0,0001896 seconds, Stopping threads took: 0,0000465 seconds
2017-07-13T09:59:20.751+0200: 4,973: Total time for which application threads were stopped: 0,0001486 seconds, Stopping threads took: 0,0000398 seconds
2017-07-13T09:59:20.752+0200: 4,975: Total time for which application threads were stopped: 0,0001395 seconds, Stopping threads took: 0,0000372 seconds
2017-07-13T09:59:20.859+0200: 5,082: Total time for which application threads were stopped: 0,0009406 seconds, Stopping threads took: 0,0006960 seconds
2017-07-13T09:59:20.873+0200: 5,096: Total time for which application threads were stopped: 0,0001489 seconds, Stopping threads took: 0,0000393 seconds
2017-07-13T09:59:20.875+0200: 5,097: Total time for which application threads were stopped: 0,0005243 seconds, Stopping threads took: 0,0000288 seconds
2017-07-13T09:59:20.884+0200: 5,106: Total time for which application threads were stopped: 0,0033524 seconds, Stopping threads took: 0,0032382 seconds
2017-07-13T09:59:20.890+0200: 5,113: Total time for which application threads were stopped: 0,0039458 seconds, Stopping threads took: 0,0038372 seconds
2017-07-13T09:59:20.913+0200: 5,136: Total time for which application threads were stopped: 0,0001485 seconds, Stopping threads took: 0,0000334 seconds
2017-07-13T09:59:20.922+0200: 5,145: Total time for which application threads were stopped: 0,0001440 seconds, Stopping threads took: 0,0000332 seconds
2017-07-13T09:59:20.923+0200: 5,146: Total time for which application threads were stopped: 0,0001194 seconds, Stopping threads took: 0,0000337 seconds
2017-07-13T09:59:20.924+0200: 5,146: Total time for which application threads were stopped: 0,0001126 seconds, Stopping threads took: 0,0000298 seconds
2017-07-13T09:59:20.924+0200: 5,147: Total time for which application threads were stopped: 0,0001027 seconds, Stopping threads took: 0,0000260 seconds
2017-07-13T09:59:20.926+0200: 5,148: Total time for which application threads were stopped: 0,0001612 seconds, Stopping threads took: 0,0000544 seconds
2017-07-13T09:59:20.928+0200: 5,150: Total time for which application threads were stopped: 0,0001159 seconds, Stopping threads took: 0,0000210 seconds
2017-07-13T09:59:20.928+0200: 5,150: Total time for which application threads were stopped: 0,0001111 seconds, Stopping threads took: 0,0000216 seconds
2017-07-13T09:59:20.928+0200: 5,151: Total time for which application threads were stopped: 0,0000891 seconds, Stopping threads took: 0,0000274 seconds
2017-07-13T09:59:20.928+0200: 5,151: Total time for which application threads were stopped: 0,0001623 seconds, Stopping threads took: 0,0000215 seconds
2017-07-13T09:59:20.929+0200: 5,152: Total time for which application threads were stopped: 0,0000941 seconds, Stopping threads took: 0,0000229 seconds
2017-07-13T09:59:20.929+0200: 5,152: Total time for which application threads were stopped: 0,0000473 seconds, Stopping threads took: 0,0000091 seconds
2017-07-13T09:59:20.929+0200: 5,152: Total time for which application threads were stopped: 0,0000576 seconds, Stopping threads took: 0,0000169 seconds
2017-07-13T09:59:20.930+0200: 5,152: Total time for which application threads were stopped: 0,0000674 seconds, Stopping threads took: 0,0000139 seconds
2017-07-13T09:59:20.930+0200: 5,153: Total time for which application threads were stopped: 0,0000511 seconds, Stopping threads took: 0,0000093 seconds
2017-07-13T09:59:20.930+0200: 5,153: Total time for which application threads were stopped: 0,0000723 seconds, Stopping threads took: 0,0000357 seconds
2017-07-13T09:59:20.930+0200: 5,153: Total time for which application threads were stopped: 0,0000457 seconds, Stopping threads took: 0,0000100 seconds
2017-07-13T09:59:20.933+0200: 5,156: Total time for which application threads were stopped: 0,0001026 seconds, Stopping threads took: 0,0000269 seconds
2017-07-13T09:59:20.935+0200: 5,157: Total time for which application threads were stopped: 0,0002497 seconds, Stopping threads took: 0,0001865 seconds
2017-07-13T09:59:20.935+0200: 5,157: Total time for which application threads were stopped: 0,0000705 seconds, Stopping threads took: 0,0000358 seconds
2017-07-13T09:59:20.935+0200: 5,158: Total time for which application threads were stopped: 0,0001026 seconds, Stopping threads took: 0,0000254 seconds
2017-07-13T09:59:20.935+0200: 5,158: Total time for which application threads were stopped: 0,0000951 seconds, Stopping threads took: 0,0000303 seconds
2017-07-13T09:59:20.946+0200: 5,169: Total time for which application threads were stopped: 0,0001597 seconds, Stopping threads took: 0,0000347 seconds
2017-07-13T09:59:20.947+0200: 5,170: Total time for which application threads were stopped: 0,0001164 seconds, Stopping threads took: 0,0000370 seconds
2017-07-13T09:59:20.948+0200: 5,170: Total time for which application threads were stopped: 0,0002973 seconds, Stopping threads took: 0,0002198 seconds
2017-07-13T09:59:20.948+0200: 5,171: Total time for which application threads were stopped: 0,0001514 seconds, Stopping threads took: 0,0000430 seconds
2017-07-13T09:59:20.949+0200: 5,172: Total time for which application threads were stopped: 0,0001250 seconds, Stopping threads took: 0,0000373 seconds
2017-07-13T09:59:20.950+0200: 5,173: Total time for which application threads were stopped: 0,0003769 seconds, Stopping threads took: 0,0002870 seconds
2017-07-13T09:59:20.951+0200: 5,173: Total time for which application threads were stopped: 0,0002921 seconds, Stopping threads took: 0,0002049 seconds
2017-07-13T09:59:20.951+0200: 5,174: Total time for which application threads were stopped: 0,0002898 seconds, Stopping threads took: 0,0001960 seconds
2017-07-13T09:59:20.952+0200: 5,174: Total time for which application threads were stopped: 0,0000944 seconds, Stopping threads took: 0,0000236 seconds
2017-07-13T09:59:20.958+0200: 5,181: Total time for which application threads were stopped: 0,0031126 seconds, Stopping threads took: 0,0029138 seconds
2017-07-13T09:59:20.983+0200: 5,206: Total time for which application threads were stopped: 0,0001778 seconds, Stopping threads took: 0,0000595 seconds
2017-07-13T09:59:20.997+0200: 5,220: Total time for which application threads were stopped: 0,0001847 seconds, Stopping threads took: 0,0000638 seconds
2017-07-13T09:59:21.069+0200: 5,292: Total time for which application threads were stopped: 0,0017722 seconds, Stopping threads took: 0,0016455 seconds
2017-07-13T09:59:21.072+0200: 5,295: Total time for which application threads were stopped: 0,0004683 seconds, Stopping threads took: 0,0000478 seconds
2017-07-13T09:59:22.072+0200: 6,295: Total time for which application threads were stopped: 0,0001153 seconds, Stopping threads took: 0,0000241 seconds
2017-07-13T09:59:23.073+0200: 7,295: Total time for which application threads were stopped: 0,0000882 seconds, Stopping threads took: 0,0000207 seconds
2017-07-13T09:59:39.074+0200: 23,297: Total time for which application threads were stopped: 0,0000641 seconds, Stopping threads took: 0,0000152 seconds
2017-07-13T09:59:48.075+0200: 32,298: Total time for which application threads were stopped: 0,0004695 seconds, Stopping threads took: 0,0001219 seconds
2017-07-13T10:01:14.085+0200: 118,308: Total time for which application threads were stopped: 0,0000878 seconds, Stopping threads took: 0,0000348 seconds
2017-07-13T10:01:19.086+0200: 123,308: Total time for which application threads were stopped: 0,0000661 seconds, Stopping threads took: 0,0000157 seconds
2017-07-13T10:02:18.093+0200: 182,315: Total time for which application threads were stopped: 0,0001290 seconds, Stopping threads took: 0,0000502 seconds
{Heap before GC invocations=9 (full 1):
 par new generation   total 109248K, used 94546K [0x00000000e0000000, 0x00000000e8000000, 0x00000000e8000000)
  eden space 87424K, 100% used [0x00000000e0000000, 0x00000000e5560000, 0x00000000e5560000)
  from space 21824K,  32% used [0x00000000e6ab0000, 0x00000000e71a49d8, 0x00000000e8000000)
  to   space 21824K,   0% used [0x00000000e5560000, 0x00000000e5560000, 0x00000000e6ab0000)
 concurrent mark-sweep generation total 393216K, used 6375K [0x00000000e8000000, 0x0000000100000000, 0x0000000100000000)
 Metaspace       used 28029K, capacity 28560K, committed 28796K, reserved 1075200K
  class space    used 3212K, capacity 3389K, committed 3452K, reserved 1048576K
2017-07-13T10:03:42.296+0200: 266,518: [GC (Allocation Failure) 2017-07-13T10:03:42.296+0200: 266,518: [ParNew
Desired survivor size 20112992 bytes, new threshold 8 (max 8)
- age   1:   10740736 bytes,   10740736 total
- age   2:     262136 bytes,   11002872 total
- age   3:     303160 bytes,   11306032 total
- age   4:    1727528 bytes,   13033560 total
- age   5:      50480 bytes,   13084040 total
- age   7:     104016 bytes,   13188056 total
- age   8:     179576 bytes,   13367632 total
: 94546K->14011K(109248K), 0,0135846 secs] 100922K->21357K(502464K), 0,0136768 secs] [Times: user=0,04 sys=0,01, real=0,01 secs] 
Heap after GC invocations=10 (full 1):
 par new generation   total 109248K, used 14011K [0x00000000e0000000, 0x00000000e8000000, 0x00000000e8000000)
  eden space 87424K,   0% used [0x00000000e0000000, 0x00000000e0000000, 0x00000000e5560000)
  from space 21824K,  64% used [0x00000000e5560000, 0x00000000e630ecf0, 0x00000000e6ab0000)
  to   space 21824K,   0% used [0x00000000e6ab0000, 0x00000000e6ab0000, 0x00000000e8000000)
 concurrent mark-sweep generation total 393216K, used 7346K [0x00000000e8000000, 0x0000000100000000, 0x0000000100000000)
 Metaspace       used 28029K, capacity 28560K, committed 28796K, reserved 1075200K
  class space    used 3212K, capacity 3389K, committed 3452K, reserved 1048576K
}
2017-07-13T10:03:42.309+0200: 266,532: Total time for which application threads were stopped: 0,0138430 seconds, Stopping threads took: 0,0000288 seconds
2017-07-13T10:03:42.310+0200: 266,533: Total time for which application threads were stopped: 0,0001304 seconds, Stopping threads took: 0,0000350 seconds
2017-07-13T10:03:42.313+0200: 266,535: Total time for which application threads were stopped: 0,0015622 seconds, Stopping threads took: 0,0014655 seconds
2017-07-13T10:03:43.313+0200: 267,536: Total time for which application threads were stopped: 0,0001165 seconds, Stopping threads took: 0,0000227 seconds
2017-07-13T10:03:47.313+0200: 271,536: Total time for which application threads were stopped: 0,0000827 seconds, Stopping threads took: 0,0000299 seconds
2017-07-13T10:03:48.314+0200: 272,536: Total time for which application threads were stopped: 0,0000672 seconds, Stopping threads took: 0,0000164 seconds
2017-07-13T10:04:38.319+0200: 322,541: Total time for which application threads were stopped: 0,0001282 seconds, Stopping threads took: 0,0000400 seconds
2017-07-13T10:22:47.426+0200: 1411,648: Total time for which application threads were stopped: 0,0001038 seconds, Stopping threads took: 0,0000317 seconds
2017-07-13T10:26:52.450+0200: 1656,672: Total time for which application threads were stopped: 0,0000790 seconds, Stopping threads took: 0,0000276 seconds
2017-07-13T10:38:28.521+0200: 2352,744: Total time for which application threads were stopped: 0,0000785 seconds, Stopping threads took: 0,0000283 seconds
2017-07-13T10:38:32.521+0200: 2356,744: Total time for which application threads were stopped: 0,0000714 seconds, Stopping threads took: 0,0000170 seconds
2017-07-13T10:58:33.644+0200: 3557,867: Total time for which application threads were stopped: 0,0001095 seconds, Stopping threads took: 0,0000446 seconds
2017-07-13T11:03:47.676+0200: 3871,899: Total time for which application threads were stopped: 0,0001120 seconds, Stopping threads took: 0,0000456 seconds
2017-07-13T11:03:52.677+0200: 3876,900: Total time for which application threads were stopped: 0,0002800 seconds, Stopping threads took: 0,0000889 seconds
2017-07-13T11:05:18.685+0200: 3962,908: Total time for which application threads were stopped: 0,0001126 seconds, Stopping threads took: 0,0000432 seconds
2017-07-13T11:19:03.769+0200: 4787,992: Total time for which application threads were stopped: 0,0000975 seconds, Stopping threads took: 0,0000323 seconds
2017-07-13T11:22:38.793+0200: 5003,016: Total time for which application threads were stopped: 0,0001644 seconds, Stopping threads took: 0,0000616 seconds
2017-07-13T11:55:54.020+0200: 6998,243: Total time for which application threads were stopped: 0,0001257 seconds, Stopping threads took: 0,0000491 seconds
2017-07-13T12:00:18.050+0200: 7262,272: Total time for which application threads were stopped: 0,0001129 seconds, Stopping threads took: 0,0000432 seconds
2017-07-13T12:01:18.057+0200: 7322,279: Total time for which application threads were stopped: 0,0000803 seconds, Stopping threads took: 0,0000311 seconds
2017-07-13T12:07:18.095+0200: 7682,318: Total time for which application threads were stopped: 0,0001604 seconds, Stopping threads took: 0,0000502 seconds
2017-07-13T12:08:30.436+0200: 7754,659: Total time for which application threads were stopped: 0,0059290 seconds, Stopping threads took: 0,0058207 seconds
2017-07-13T12:08:30.437+0200: 7754,659: Total time for which application threads were stopped: 0,0000879 seconds, Stopping threads took: 0,0000229 seconds
2017-07-13T12:08:30.443+0200: 7754,665: Total time for which application threads were stopped: 0,0000885 seconds, Stopping threads took: 0,0000169 seconds
2017-07-13T12:08:30.444+0200: 7754,666: Total time for which application threads were stopped: 0,0000913 seconds, Stopping threads took: 0,0000283 seconds
2017-07-13T12:08:30.444+0200: 7754,666: Total time for which application threads were stopped: 0,0000535 seconds, Stopping threads took: 0,0000097 seconds
2017-07-13T12:08:30.444+0200: 7754,667: Total time for which application threads were stopped: 0,0000574 seconds, Stopping threads took: 0,0000083 seconds
2017-07-13T12:08:30.444+0200: 7754,667: Total time for which application threads were stopped: 0,0000567 seconds, Stopping threads took: 0,0000072 seconds
2017-07-13T12:08:30.444+0200: 7754,667: Total time for which application threads were stopped: 0,0000523 seconds, Stopping threads took: 0,0000065 seconds
2017-07-13T12:08:30.448+0200: 7754,671: Total time for which application threads were stopped: 0,0039800 seconds, Stopping threads took: 0,0000063 seconds
2017-07-13T12:08:30.448+0200: 7754,671: Total time for which application threads were stopped: 0,0001020 seconds, Stopping threads took: 0,0000183 seconds
2017-07-13T12:08:30.448+0200: 7754,671: Total time for which application threads were stopped: 0,0000759 seconds, Stopping threads took: 0,0000107 seconds
2017-07-13T12:08:30.449+0200: 7754,671: Total time for which application threads were stopped: 0,0000582 seconds, Stopping threads took: 0,0000072 seconds
2017-07-13T12:08:30.449+0200: 7754,671: Total time for which application threads were stopped: 0,0000596 seconds, Stopping threads took: 0,0000090 seconds
2017-07-13T12:08:30.449+0200: 7754,671: Total time for which application threads were stopped: 0,0000529 seconds, Stopping threads took: 0,0000074 seconds
2017-07-13T12:08:30.449+0200: 7754,672: Total time for which application threads were stopped: 0,0000470 seconds, Stopping threads took: 0,0000065 seconds
2017-07-13T12:08:30.449+0200: 7754,672: Total time for which application threads were stopped: 0,0000467 seconds, Stopping threads took: 0,0000060 seconds
2017-07-13T12:08:30.454+0200: 7754,677: Total time for which application threads were stopped: 0,0050874 seconds, Stopping threads took: 0,0000075 seconds
2017-07-13T12:08:30.454+0200: 7754,677: Total time for which application threads were stopped: 0,0000943 seconds, Stopping threads took: 0,0000131 seconds
2017-07-13T12:08:30.454+0200: 7754,677: Total time for which application threads were stopped: 0,0000703 seconds, Stopping threads took: 0,0000119 seconds
2017-07-13T12:08:30.488+0200: 7754,711: Total time for which application threads were stopped: 0,0135119 seconds, Stopping threads took: 0,0134196 seconds
2017-07-13T12:08:30.489+0200: 7754,712: Total time for which application threads were stopped: 0,0001032 seconds, Stopping threads took: 0,0000139 seconds
2017-07-13T12:08:30.490+0200: 7754,712: Total time for which application threads were stopped: 0,0000603 seconds, Stopping threads took: 0,0000088 seconds
2017-07-13T12:08:30.490+0200: 7754,713: Total time for which application threads were stopped: 0,0000631 seconds, Stopping threads took: 0,0000086 seconds
2017-07-13T12:08:30.490+0200: 7754,713: Total time for which application threads were stopped: 0,0000609 seconds, Stopping threads took: 0,0000078 seconds
2017-07-13T12:08:30.490+0200: 7754,713: Total time for which application threads were stopped: 0,0000502 seconds, Stopping threads took: 0,0000059 seconds
2017-07-13T12:08:30.490+0200: 7754,713: Total time for which application threads were stopped: 0,0000513 seconds, Stopping threads took: 0,0000064 seconds
2017-07-13T12:08:30.490+0200: 7754,713: Total time for which application threads were stopped: 0,0000489 seconds, Stopping threads took: 0,0000058 seconds
2017-07-13T12:08:30.490+0200: 7754,713: Total time for which application threads were stopped: 0,0000479 seconds, Stopping threads took: 0,0000056 seconds
2017-07-13T12:08:30.491+0200: 7754,713: Total time for which application threads were stopped: 0,0000480 seconds, Stopping threads took: 0,0000063 seconds
2017-07-13T12:08:30.491+0200: 7754,713: Total time for which application threads were stopped: 0,0000479 seconds, Stopping threads took: 0,0000057 seconds
2017-07-13T12:08:30.491+0200: 7754,713: Total time for which application threads were stopped: 0,0000431 seconds, Stopping threads took: 0,0000052 seconds
2017-07-13T12:08:30.491+0200: 7754,713: Total time for which application threads were stopped: 0,0000410 seconds, Stopping threads took: 0,0000058 seconds
2017-07-13T12:08:30.491+0200: 7754,713: Total time for which application threads were stopped: 0,0000384 seconds, Stopping threads took: 0,0000053 seconds
2017-07-13T12:08:30.491+0200: 7754,714: Total time for which application threads were stopped: 0,0000389 seconds, Stopping threads took: 0,0000050 seconds
2017-07-13T12:08:30.491+0200: 7754,714: Total time for which application threads were stopped: 0,0000405 seconds, Stopping threads took: 0,0000051 seconds
2017-07-13T12:08:30.511+0200: 7754,734: Total time for which application threads were stopped: 0,0001587 seconds, Stopping threads took: 0,0000721 seconds
2017-07-13T12:08:30.511+0200: 7754,734: Total time for which application threads were stopped: 0,0000522 seconds, Stopping threads took: 0,0000082 seconds
2017-07-13T12:08:30.512+0200: 7754,734: Total time for which application threads were stopped: 0,0000391 seconds, Stopping threads took: 0,0000051 seconds
2017-07-13T12:08:30.512+0200: 7754,734: Total time for which application threads were stopped: 0,0000360 seconds, Stopping threads took: 0,0000043 seconds
2017-07-13T12:08:30.512+0200: 7754,734: Total time for which application threads were stopped: 0,0000368 seconds, Stopping threads took: 0,0000047 seconds
2017-07-13T12:08:30.512+0200: 7754,734: Total time for which application threads were stopped: 0,0000365 seconds, Stopping threads took: 0,0000047 seconds
2017-07-13T12:08:30.512+0200: 7754,734: Total time for which application threads were stopped: 0,0000367 seconds, Stopping threads took: 0,0000048 seconds
2017-07-13T12:08:30.512+0200: 7754,734: Total time for which application threads were stopped: 0,0000367 seconds, Stopping threads took: 0,0000047 seconds
2017-07-13T12:08:30.512+0200: 7754,735: Total time for which application threads were stopped: 0,0000365 seconds, Stopping threads took: 0,0000047 seconds
2017-07-13T12:08:30.512+0200: 7754,735: Total time for which application threads were stopped: 0,0000365 seconds, Stopping threads took: 0,0000047 seconds
2017-07-13T12:08:30.516+0200: 7754,739: Total time for which application threads were stopped: 0,0001008 seconds, Stopping threads took: 0,0000377 seconds
2017-07-13T12:08:30.517+0200: 7754,739: Total time for which application threads were stopped: 0,0000813 seconds, Stopping threads took: 0,0000342 seconds
2017-07-13T12:08:30.530+0200: 7754,752: Total time for which application threads were stopped: 0,0076175 seconds, Stopping threads took: 0,0075434 seconds
2017-07-13T12:08:30.530+0200: 7754,753: Total time for which application threads were stopped: 0,0000494 seconds, Stopping threads took: 0,0000107 seconds
2017-07-13T12:08:30.530+0200: 7754,753: Total time for which application threads were stopped: 0,0000457 seconds, Stopping threads took: 0,0000054 seconds
2017-07-13T12:08:30.535+0200: 7754,757: Total time for which application threads were stopped: 0,0001112 seconds, Stopping threads took: 0,0000274 seconds
2017-07-13T12:08:30.535+0200: 7754,757: Total time for which application threads were stopped: 0,0000438 seconds, Stopping threads took: 0,0000063 seconds
2017-07-13T12:08:30.539+0200: 7754,761: Total time for which application threads were stopped: 0,0038773 seconds, Stopping threads took: 0,0037813 seconds
2017-07-13T12:08:30.540+0200: 7754,762: Total time for which application threads were stopped: 0,0000790 seconds, Stopping threads took: 0,0000245 seconds
2017-07-13T12:08:30.541+0200: 7754,764: Total time for which application threads were stopped: 0,0000884 seconds, Stopping threads took: 0,0000273 seconds
2017-07-13T12:08:30.541+0200: 7754,764: Total time for which application threads were stopped: 0,0000428 seconds, Stopping threads took: 0,0000115 seconds
2017-07-13T12:08:30.541+0200: 7754,764: Total time for which application threads were stopped: 0,0000390 seconds, Stopping threads took: 0,0000106 seconds
2017-07-13T12:08:30.541+0200: 7754,764: Total time for which application threads were stopped: 0,0000311 seconds, Stopping threads took: 0,0000040 seconds
2017-07-13T12:08:30.541+0200: 7754,764: Total time for which application threads were stopped: 0,0000424 seconds, Stopping threads took: 0,0000123 seconds
2017-07-13T12:08:30.541+0200: 7754,764: Total time for which application threads were stopped: 0,0000413 seconds, Stopping threads took: 0,0000122 seconds
2017-07-13T12:08:30.541+0200: 7754,764: Total time for which application threads were stopped: 0,0000475 seconds, Stopping threads took: 0,0000118 seconds
2017-07-13T12:08:30.542+0200: 7754,764: Total time for which application threads were stopped: 0,0000448 seconds, Stopping threads took: 0,0000128 seconds
2017-07-13T12:08:30.542+0200: 7754,764: Total time for which application threads were stopped: 0,0000615 seconds, Stopping threads took: 0,0000193 seconds
2017-07-13T12:08:30.542+0200: 7754,765: Total time for which application threads were stopped: 0,0000411 seconds, Stopping threads took: 0,0000071 seconds
2017-07-13T12:08:30.542+0200: 7754,765: Total time for which application threads were stopped: 0,0000361 seconds, Stopping threads took: 0,0000066 seconds
2017-07-13T12:08:30.542+0200: 7754,765: Total time for which application threads were stopped: 0,0000774 seconds, Stopping threads took: 0,0000239 seconds
2017-07-13T12:08:30.543+0200: 7754,766: Total time for which application threads were stopped: 0,0001050 seconds, Stopping threads took: 0,0000273 seconds
2017-07-13T12:08:30.545+0200: 7754,767: Total time for which application threads were stopped: 0,0006091 seconds, Stopping threads took: 0,0005507 seconds
2017-07-13T12:08:30.545+0200: 7754,768: Total time for which application threads were stopped: 0,0000521 seconds, Stopping threads took: 0,0000250 seconds
2017-07-13T12:08:30.545+0200: 7754,768: Total time for which application threads were stopped: 0,0000538 seconds, Stopping threads took: 0,0000210 seconds
2017-07-13T12:08:30.548+0200: 7754,771: Total time for which application threads were stopped: 0,0000879 seconds, Stopping threads took: 0,0000311 seconds
2017-07-13T12:08:30.548+0200: 7754,771: Total time for which application threads were stopped: 0,0001206 seconds, Stopping threads took: 0,0000171 seconds
2017-07-13T12:08:30.549+0200: 7754,772: Total time for which application threads were stopped: 0,0001013 seconds, Stopping threads took: 0,0000303 seconds
2017-07-13T12:08:30.551+0200: 7754,774: Total time for which application threads were stopped: 0,0000822 seconds, Stopping threads took: 0,0000162 seconds
2017-07-13T12:08:30.553+0200: 7754,775: Total time for which application threads were stopped: 0,0001447 seconds, Stopping threads took: 0,0000333 seconds
Heap
 par new generation   total 109248K, used 35399K [0x00000000e0000000, 0x00000000e8000000, 0x00000000e8000000)
  eden space 87424K,  24% used [0x00000000e0000000, 0x00000000e14e2f28, 0x00000000e5560000)
  from space 21824K,  64% used [0x00000000e5560000, 0x00000000e630ecf0, 0x00000000e6ab0000)
  to   space 21824K,   0% used [0x00000000e6ab0000, 0x00000000e6ab0000, 0x00000000e8000000)
 concurrent mark-sweep generation total 393216K, used 7346K [0x00000000e8000000, 0x0000000100000000, 0x0000000100000000)
 Metaspace       used 28161K, capacity 28664K, committed 28796K, reserved 1075200K
  class space    used 3226K, capacity 3423K, committed 3452K, reserved 1048576K
