OpenJDK 64-Bit Server VM (25.131-b11) for linux-amd64 JRE (1.8.0_131-8u131-b11-0ubuntu1.16.04.2-b11), built on May  6 2017 02:45:27 by "buildd" with gcc 5.4.0 20160609
Memory: 4k page, physical 7867740k(7384916k free), swap 8076284k(8076284k free)
CommandLine flags: -XX:CMSInitiatingOccupancyFraction=50 -XX:CMSMaxAbortablePrecleanTime=6000 -XX:+CMSParallelRemarkEnabled -XX:+CMSScavengeBeforeRemark -XX:ConcGCThreads=4 -XX:InitialHeapSize=536870912 -XX:MaxHeapSize=536870912 -XX:MaxTenuringThreshold=8 -XX:NewRatio=3 -XX:OldPLABSize=16 -XX:OnOutOfMemoryError=/opt/solr/bin/oom_solr.sh 8983 /var/solr/logs -XX:ParallelGCThreads=4 -XX:+ParallelRefProcEnabled -XX:PretenureSizeThreshold=67108864 -XX:+PrintGC -XX:+PrintGCApplicationStoppedTime -XX:+PrintGCDateStamps -XX:+PrintGCDetails -XX:+PrintGCTimeStamps -XX:+PrintHeapAtGC -XX:+PrintTenuringDistribution -XX:SurvivorRatio=4 -XX:TargetSurvivorRatio=90 -XX:ThreadStackSize=256 -XX:+UseCMSInitiatingOccupancyOnly -XX:+UseCompressedClassPointers -XX:+UseCompressedOops -XX:+UseConcMarkSweepGC -XX:+UseParNewGC 
2017-05-23T09:32:20.994+0200: 0,132: Total time for which application threads were stopped: 0,0000840 seconds, Stopping threads took: 0,0000301 seconds
2017-05-23T09:32:21.073+0200: 0,211: Total time for which application threads were stopped: 0,0001163 seconds, Stopping threads took: 0,0000111 seconds
2017-05-23T09:32:21.088+0200: 0,225: Total time for which application threads were stopped: 0,0001153 seconds, Stopping threads took: 0,0000249 seconds
2017-05-23T09:32:21.330+0200: 0,468: Total time for which application threads were stopped: 0,0001140 seconds, Stopping threads took: 0,0000131 seconds
2017-05-23T09:32:21.749+0200: 0,887: Total time for which application threads were stopped: 0,0001801 seconds, Stopping threads took: 0,0000152 seconds
2017-05-23T09:32:21.943+0200: 1,081: Total time for which application threads were stopped: 0,0002300 seconds, Stopping threads took: 0,0000346 seconds
2017-05-23T09:32:21.970+0200: 1,107: Total time for which application threads were stopped: 0,0001985 seconds, Stopping threads took: 0,0000242 seconds
2017-05-23T09:32:22.328+0200: 1,466: Total time for which application threads were stopped: 0,0002163 seconds, Stopping threads took: 0,0000217 seconds
2017-05-23T09:32:22.564+0200: 1,702: Total time for which application threads were stopped: 0,0002396 seconds, Stopping threads took: 0,0000170 seconds
2017-05-23T09:32:22.592+0200: 1,729: Total time for which application threads were stopped: 0,0001742 seconds, Stopping threads took: 0,0000307 seconds
2017-05-23T09:32:22.627+0200: 1,764: Total time for which application threads were stopped: 0,0002274 seconds, Stopping threads took: 0,0000248 seconds
2017-05-23T09:32:22.628+0200: 1,765: Total time for which application threads were stopped: 0,0001961 seconds, Stopping threads took: 0,0000194 seconds
2017-05-23T09:32:22.641+0200: 1,779: Total time for which application threads were stopped: 0,0001783 seconds, Stopping threads took: 0,0000130 seconds
2017-05-23T09:32:22.707+0200: 1,845: Total time for which application threads were stopped: 0,0002436 seconds, Stopping threads took: 0,0000217 seconds
2017-05-23T09:32:22.876+0200: 2,014: Total time for which application threads were stopped: 0,0003526 seconds, Stopping threads took: 0,0001484 seconds
{Heap before GC invocations=0 (full 0):
 par new generation   total 109248K, used 87424K [0x00000000e0000000, 0x00000000e8000000, 0x00000000e8000000)
  eden space 87424K, 100% used [0x00000000e0000000, 0x00000000e5560000, 0x00000000e5560000)
  from space 21824K,   0% used [0x00000000e5560000, 0x00000000e5560000, 0x00000000e6ab0000)
  to   space 21824K,   0% used [0x00000000e6ab0000, 0x00000000e6ab0000, 0x00000000e8000000)
 concurrent mark-sweep generation total 393216K, used 0K [0x00000000e8000000, 0x0000000100000000, 0x0000000100000000)
 Metaspace       used 18027K, capacity 18336K, committed 18688K, reserved 1064960K
  class space    used 2036K, capacity 2196K, committed 2304K, reserved 1048576K
2017-05-23T09:32:22.967+0200: 2,104: [GC (Allocation Failure) 2017-05-23T09:32:22.967+0200: 2,104: [ParNew
Desired survivor size 20112992 bytes, new threshold 8 (max 8)
- age   1:   12584304 bytes,   12584304 total
: 87424K->12409K(109248K), 0,0158660 secs] 87424K->12409K(502464K), 0,0159538 secs] [Times: user=0,06 sys=0,00, real=0,01 secs] 
Heap after GC invocations=1 (full 0):
 par new generation   total 109248K, used 12409K [0x00000000e0000000, 0x00000000e8000000, 0x00000000e8000000)
  eden space 87424K,   0% used [0x00000000e0000000, 0x00000000e0000000, 0x00000000e5560000)
  from space 21824K,  56% used [0x00000000e6ab0000, 0x00000000e76ce568, 0x00000000e8000000)
  to   space 21824K,   0% used [0x00000000e5560000, 0x00000000e5560000, 0x00000000e6ab0000)
 concurrent mark-sweep generation total 393216K, used 0K [0x00000000e8000000, 0x0000000100000000, 0x0000000100000000)
 Metaspace       used 18027K, capacity 18336K, committed 18688K, reserved 1064960K
  class space    used 2036K, capacity 2196K, committed 2304K, reserved 1048576K
}
2017-05-23T09:32:22.983+0200: 2,120: Total time for which application threads were stopped: 0,0162108 seconds, Stopping threads took: 0,0000454 seconds
2017-05-23T09:32:23.274+0200: 2,411: Total time for which application threads were stopped: 0,0004535 seconds, Stopping threads took: 0,0001403 seconds
{Heap before GC invocations=1 (full 0):
 par new generation   total 109248K, used 99833K [0x00000000e0000000, 0x00000000e8000000, 0x00000000e8000000)
  eden space 87424K, 100% used [0x00000000e0000000, 0x00000000e5560000, 0x00000000e5560000)
  from space 21824K,  56% used [0x00000000e6ab0000, 0x00000000e76ce568, 0x00000000e8000000)
  to   space 21824K,   0% used [0x00000000e5560000, 0x00000000e5560000, 0x00000000e6ab0000)
 concurrent mark-sweep generation total 393216K, used 0K [0x00000000e8000000, 0x0000000100000000, 0x0000000100000000)
 Metaspace       used 20040K, capacity 20372K, committed 20736K, reserved 1067008K
  class space    used 2296K, capacity 2472K, committed 2560K, reserved 1048576K
2017-05-23T09:32:23.313+0200: 2,451: [GC (Allocation Failure) 2017-05-23T09:32:23.313+0200: 2,451: [ParNew
Desired survivor size 20112992 bytes, new threshold 8 (max 8)
- age   1:    3448176 bytes,    3448176 total
- age   2:    6653752 bytes,   10101928 total
: 99833K->13705K(109248K), 0,0111585 secs] 99833K->13705K(502464K), 0,0112314 secs] [Times: user=0,04 sys=0,00, real=0,01 secs] 
Heap after GC invocations=2 (full 0):
 par new generation   total 109248K, used 13705K [0x00000000e0000000, 0x00000000e8000000, 0x00000000e8000000)
  eden space 87424K,   0% used [0x00000000e0000000, 0x00000000e0000000, 0x00000000e5560000)
  from space 21824K,  62% used [0x00000000e5560000, 0x00000000e62c2758, 0x00000000e6ab0000)
  to   space 21824K,   0% used [0x00000000e6ab0000, 0x00000000e6ab0000, 0x00000000e8000000)
 concurrent mark-sweep generation total 393216K, used 0K [0x00000000e8000000, 0x0000000100000000, 0x0000000100000000)
 Metaspace       used 20040K, capacity 20372K, committed 20736K, reserved 1067008K
  class space    used 2296K, capacity 2472K, committed 2560K, reserved 1048576K
}
2017-05-23T09:32:23.325+0200: 2,462: Total time for which application threads were stopped: 0,0114818 seconds, Stopping threads took: 0,0000729 seconds
2017-05-23T09:32:23.331+0200: 2,469: Total time for which application threads were stopped: 0,0004080 seconds, Stopping threads took: 0,0000682 seconds
2017-05-23T09:32:23.371+0200: 2,509: Total time for which application threads were stopped: 0,0005122 seconds, Stopping threads took: 0,0001836 seconds
2017-05-23T09:32:23.495+0200: 2,633: Total time for which application threads were stopped: 0,0002030 seconds, Stopping threads took: 0,0000607 seconds
2017-05-23T09:32:23.532+0200: 2,670: Total time for which application threads were stopped: 0,0001575 seconds, Stopping threads took: 0,0000491 seconds
{Heap before GC invocations=2 (full 0):
 par new generation   total 109248K, used 101145K [0x00000000e0000000, 0x00000000e8000000, 0x00000000e8000000)
  eden space 87424K, 100% used [0x00000000e0000000, 0x00000000e5560000, 0x00000000e5560000)
  from space 21824K,  62% used [0x00000000e5560000, 0x00000000e62c6768, 0x00000000e6ab0000)
  to   space 21824K,   0% used [0x00000000e6ab0000, 0x00000000e6ab0000, 0x00000000e8000000)
 concurrent mark-sweep generation total 393216K, used 0K [0x00000000e8000000, 0x0000000100000000, 0x0000000100000000)
 Metaspace       used 20972K, capacity 21294K, committed 21628K, reserved 1069056K
  class space    used 2418K, capacity 2591K, committed 2684K, reserved 1048576K
2017-05-23T09:32:23.533+0200: 2,671: [GC (Allocation Failure) 2017-05-23T09:32:23.533+0200: 2,671: [ParNew
Desired survivor size 20112992 bytes, new threshold 8 (max 8)
- age   1:    2115416 bytes,    2115416 total
- age   2:     849800 bytes,    2965216 total
- age   3:    6650504 bytes,    9615720 total
: 101145K->11314K(109248K), 0,0124272 secs] 101145K->11314K(502464K), 0,0125213 secs] [Times: user=0,05 sys=0,00, real=0,01 secs] 
Heap after GC invocations=3 (full 0):
 par new generation   total 109248K, used 11314K [0x00000000e0000000, 0x00000000e8000000, 0x00000000e8000000)
  eden space 87424K,   0% used [0x00000000e0000000, 0x00000000e0000000, 0x00000000e5560000)
  from space 21824K,  51% used [0x00000000e6ab0000, 0x00000000e75bc9c0, 0x00000000e8000000)
  to   space 21824K,   0% used [0x00000000e5560000, 0x00000000e5560000, 0x00000000e6ab0000)
 concurrent mark-sweep generation total 393216K, used 0K [0x00000000e8000000, 0x0000000100000000, 0x0000000100000000)
 Metaspace       used 20972K, capacity 21294K, committed 21628K, reserved 1069056K
  class space    used 2418K, capacity 2591K, committed 2684K, reserved 1048576K
}
2017-05-23T09:32:23.546+0200: 2,683: Total time for which application threads were stopped: 0,0127413 seconds, Stopping threads took: 0,0000257 seconds
2017-05-23T09:32:23.554+0200: 2,692: [GC (CMS Initial Mark) [1 CMS-initial-mark: 0K(393216K)] 14180K(502464K), 0,0045028 secs] [Times: user=0,01 sys=0,01, real=0,00 secs] 
2017-05-23T09:32:23.559+0200: 2,697: Total time for which application threads were stopped: 0,0090577 seconds, Stopping threads took: 0,0044272 seconds
2017-05-23T09:32:23.559+0200: 2,697: [CMS-concurrent-mark-start]
2017-05-23T09:32:23.559+0200: 2,697: [CMS-concurrent-mark: 0,001/0,001 secs] [Times: user=0,00 sys=0,00, real=0,00 secs] 
2017-05-23T09:32:23.559+0200: 2,697: [CMS-concurrent-preclean-start]
2017-05-23T09:32:23.561+0200: 2,698: [CMS-concurrent-preclean: 0,001/0,001 secs] [Times: user=0,00 sys=0,00, real=0,00 secs] 
2017-05-23T09:32:23.561+0200: 2,698: [CMS-concurrent-abortable-preclean-start]
{Heap before GC invocations=3 (full 1):
 par new generation   total 109248K, used 16290K [0x00000000e0000000, 0x00000000e8000000, 0x00000000e8000000)
  eden space 87424K,   5% used [0x00000000e0000000, 0x00000000e04dbfe8, 0x00000000e5560000)
  from space 21824K,  51% used [0x00000000e6ab0000, 0x00000000e75bc9c0, 0x00000000e8000000)
  to   space 21824K,   0% used [0x00000000e5560000, 0x00000000e5560000, 0x00000000e6ab0000)
 concurrent mark-sweep generation total 393216K, used 0K [0x00000000e8000000, 0x0000000100000000, 0x0000000100000000)
 Metaspace       used 20972K, capacity 21294K, committed 21628K, reserved 1069056K
  class space    used 2418K, capacity 2591K, committed 2684K, reserved 1048576K
2017-05-23T09:32:23.562+0200: 2,700: [GC (GCLocker Initiated GC) 2017-05-23T09:32:23.562+0200: 2,700: [ParNew
Desired survivor size 20112992 bytes, new threshold 8 (max 8)
- age   1:       4280 bytes,       4280 total
- age   2:    1479616 bytes,    1483896 total
- age   3:     820520 bytes,    2304416 total
- age   4:    6649552 bytes,    8953968 total
: 16290K->14798K(109248K), 0,0178376 secs] 16290K->14798K(502464K), 0,0179025 secs] [Times: user=0,06 sys=0,00, real=0,02 secs] 
Heap after GC invocations=4 (full 1):
 par new generation   total 109248K, used 14798K [0x00000000e0000000, 0x00000000e8000000, 0x00000000e8000000)
  eden space 87424K,   0% used [0x00000000e0000000, 0x00000000e0000000, 0x00000000e5560000)
  from space 21824K,  67% used [0x00000000e5560000, 0x00000000e63d3988, 0x00000000e6ab0000)
  to   space 21824K,   0% used [0x00000000e6ab0000, 0x00000000e6ab0000, 0x00000000e8000000)
 concurrent mark-sweep generation total 393216K, used 0K [0x00000000e8000000, 0x0000000100000000, 0x0000000100000000)
 Metaspace       used 20972K, capacity 21294K, committed 21628K, reserved 1069056K
  class space    used 2418K, capacity 2591K, committed 2684K, reserved 1048576K
}
2017-05-23T09:32:23.580+0200: 2,718: Total time for which application threads were stopped: 0,0180645 seconds, Stopping threads took: 0,0000288 seconds
2017-05-23T09:32:23.631+0200: 2,769: Total time for which application threads were stopped: 0,0002035 seconds, Stopping threads took: 0,0000958 seconds
{Heap before GC invocations=4 (full 1):
 par new generation   total 109248K, used 102222K [0x00000000e0000000, 0x00000000e8000000, 0x00000000e8000000)
  eden space 87424K, 100% used [0x00000000e0000000, 0x00000000e5560000, 0x00000000e5560000)
  from space 21824K,  67% used [0x00000000e5560000, 0x00000000e63d3988, 0x00000000e6ab0000)
  to   space 21824K,   0% used [0x00000000e6ab0000, 0x00000000e6ab0000, 0x00000000e8000000)
 concurrent mark-sweep generation total 393216K, used 0K [0x00000000e8000000, 0x0000000100000000, 0x0000000100000000)
 Metaspace       used 21258K, capacity 21634K, committed 21884K, reserved 1069056K
  class space    used 2448K, capacity 2606K, committed 2684K, reserved 1048576K
2017-05-23T09:32:23.694+0200: 2,831: [GC (Allocation Failure) 2017-05-23T09:32:23.694+0200: 2,831: [ParNew
Desired survivor size 20112992 bytes, new threshold 8 (max 8)
- age   1:     769176 bytes,     769176 total
- age   2:       2208 bytes,     771384 total
- age   3:    1472824 bytes,    2244208 total
- age   4:     818344 bytes,    3062552 total
- age   5:    6649600 bytes,    9712152 total
: 102222K->11825K(109248K), 0,0097847 secs] 102222K->11825K(502464K), 0,0098708 secs] [Times: user=0,04 sys=0,00, real=0,01 secs] 
Heap after GC invocations=5 (full 1):
 par new generation   total 109248K, used 11825K [0x00000000e0000000, 0x00000000e8000000, 0x00000000e8000000)
  eden space 87424K,   0% used [0x00000000e0000000, 0x00000000e0000000, 0x00000000e5560000)
  from space 21824K,  54% used [0x00000000e6ab0000, 0x00000000e763c4b0, 0x00000000e8000000)
  to   space 21824K,   0% used [0x00000000e5560000, 0x00000000e5560000, 0x00000000e6ab0000)
 concurrent mark-sweep generation total 393216K, used 0K [0x00000000e8000000, 0x0000000100000000, 0x0000000100000000)
 Metaspace       used 21258K, capacity 21634K, committed 21884K, reserved 1069056K
  class space    used 2448K, capacity 2606K, committed 2684K, reserved 1048576K
}
2017-05-23T09:32:23.703+0200: 2,841: Total time for which application threads were stopped: 0,0113019 seconds, Stopping threads took: 0,0012769 seconds
2017-05-23T09:32:23.805+0200: 2,943: [CMS-concurrent-abortable-preclean: 0,066/0,244 secs] [Times: user=0,90 sys=0,02, real=0,24 secs] 
2017-05-23T09:32:23.805+0200: 2,943: [GC (CMS Final Remark) [YG occupancy: 98993 K (109248 K)]{Heap before GC invocations=5 (full 1):
 par new generation   total 109248K, used 98993K [0x00000000e0000000, 0x00000000e8000000, 0x00000000e8000000)
  eden space 87424K,  99% used [0x00000000e0000000, 0x00000000e55202c0, 0x00000000e5560000)
  from space 21824K,  54% used [0x00000000e6ab0000, 0x00000000e763c4b0, 0x00000000e8000000)
  to   space 21824K,   0% used [0x00000000e5560000, 0x00000000e5560000, 0x00000000e6ab0000)
 concurrent mark-sweep generation total 393216K, used 0K [0x00000000e8000000, 0x0000000100000000, 0x0000000100000000)
 Metaspace       used 21456K, capacity 21806K, committed 21884K, reserved 1069056K
  class space    used 2470K, capacity 2640K, committed 2684K, reserved 1048576K
2017-05-23T09:32:23.805+0200: 2,943: [GC (CMS Final Remark) 2017-05-23T09:32:23.805+0200: 2,943: [ParNew
Desired survivor size 20112992 bytes, new threshold 8 (max 8)
- age   1:     945728 bytes,     945728 total
- age   2:     188544 bytes,    1134272 total
- age   3:       1920 bytes,    1136192 total
- age   4:    1466928 bytes,    2603120 total
- age   5:     816264 bytes,    3419384 total
- age   6:    6650568 bytes,   10069952 total
: 98993K->14329K(109248K), 0,0101647 secs] 98993K->14329K(502464K), 0,0102274 secs] [Times: user=0,04 sys=0,00, real=0,02 secs] 
Heap after GC invocations=6 (full 1):
 par new generation   total 109248K, used 14329K [0x00000000e0000000, 0x00000000e8000000, 0x00000000e8000000)
  eden space 87424K,   0% used [0x00000000e0000000, 0x00000000e0000000, 0x00000000e5560000)
  from space 21824K,  65% used [0x00000000e5560000, 0x00000000e635e6a0, 0x00000000e6ab0000)
  to   space 21824K,   0% used [0x00000000e6ab0000, 0x00000000e6ab0000, 0x00000000e8000000)
 concurrent mark-sweep generation total 393216K, used 0K [0x00000000e8000000, 0x0000000100000000, 0x0000000100000000)
 Metaspace       used 21456K, capacity 21806K, committed 21884K, reserved 1069056K
  class space    used 2470K, capacity 2640K, committed 2684K, reserved 1048576K
}
2017-05-23T09:32:23.815+0200: 2,953: [Rescan (parallel) , 0,0053237 secs]2017-05-23T09:32:23.821+0200: 2,958: [weak refs processing, 0,0019007 secs]2017-05-23T09:32:23.823+0200: 2,960: [class unloading, 0,0029835 secs]2017-05-23T09:32:23.826+0200: 2,963: [scrub symbol table, 0,0027952 secs]2017-05-23T09:32:23.828+0200: 2,966: [scrub string table, 0,0003961 secs][1 CMS-remark: 0K(393216K)] 14329K(502464K), 0,0243490 secs] [Times: user=0,07 sys=0,00, real=0,03 secs] 
2017-05-23T09:32:23.829+0200: 2,967: Total time for which application threads were stopped: 0,0245557 seconds, Stopping threads took: 0,0000986 seconds
2017-05-23T09:32:23.829+0200: 2,967: [CMS-concurrent-sweep-start]
2017-05-23T09:32:23.829+0200: 2,967: [CMS-concurrent-sweep: 0,000/0,000 secs] [Times: user=0,00 sys=0,00, real=0,00 secs] 
2017-05-23T09:32:23.829+0200: 2,967: [CMS-concurrent-reset-start]
2017-05-23T09:32:23.832+0200: 2,970: [CMS-concurrent-reset: 0,002/0,002 secs] [Times: user=0,01 sys=0,00, real=0,00 secs] 
2017-05-23T09:32:23.868+0200: 3,006: Total time for which application threads were stopped: 0,0003391 seconds, Stopping threads took: 0,0000401 seconds
2017-05-23T09:32:24.127+0200: 3,265: Total time for which application threads were stopped: 0,0005372 seconds, Stopping threads took: 0,0000586 seconds
2017-05-23T09:32:24.144+0200: 3,282: Total time for which application threads were stopped: 0,0004292 seconds, Stopping threads took: 0,0000519 seconds
{Heap before GC invocations=6 (full 1):
 par new generation   total 109248K, used 101753K [0x00000000e0000000, 0x00000000e8000000, 0x00000000e8000000)
  eden space 87424K, 100% used [0x00000000e0000000, 0x00000000e5560000, 0x00000000e5560000)
  from space 21824K,  65% used [0x00000000e5560000, 0x00000000e635e6a0, 0x00000000e6ab0000)
  to   space 21824K,   0% used [0x00000000e6ab0000, 0x00000000e6ab0000, 0x00000000e8000000)
 concurrent mark-sweep generation total 393216K, used 0K [0x00000000e8000000, 0x0000000100000000, 0x0000000100000000)
 Metaspace       used 23951K, capacity 24398K, committed 24572K, reserved 1071104K
  class space    used 2826K, capacity 3014K, committed 3068K, reserved 1048576K
2017-05-23T09:32:24.297+0200: 3,435: [GC (Allocation Failure) 2017-05-23T09:32:24.297+0200: 3,435: [ParNew
Desired survivor size 20112992 bytes, new threshold 8 (max 8)
- age   1:    5387464 bytes,    5387464 total
- age   2:     127600 bytes,    5515064 total
- age   3:     187432 bytes,    5702496 total
- age   4:       1824 bytes,    5704320 total
- age   5:     297448 bytes,    6001768 total
- age   6:     791912 bytes,    6793680 total
- age   7:    6641536 bytes,   13435216 total
: 101753K->15769K(109248K), 0,0114004 secs] 101753K->15769K(502464K), 0,0114588 secs] [Times: user=0,04 sys=0,00, real=0,01 secs] 
Heap after GC invocations=7 (full 1):
 par new generation   total 109248K, used 15769K [0x00000000e0000000, 0x00000000e8000000, 0x00000000e8000000)
  eden space 87424K,   0% used [0x00000000e0000000, 0x00000000e0000000, 0x00000000e5560000)
  from space 21824K,  72% used [0x00000000e6ab0000, 0x00000000e7a166d0, 0x00000000e8000000)
  to   space 21824K,   0% used [0x00000000e5560000, 0x00000000e5560000, 0x00000000e6ab0000)
 concurrent mark-sweep generation total 393216K, used 0K [0x00000000e8000000, 0x0000000100000000, 0x0000000100000000)
 Metaspace       used 23951K, capacity 24398K, committed 24572K, reserved 1071104K
  class space    used 2826K, capacity 3014K, committed 3068K, reserved 1048576K
}
2017-05-23T09:32:24.309+0200: 3,446: Total time for which application threads were stopped: 0,0116905 seconds, Stopping threads took: 0,0000574 seconds
{Heap before GC invocations=7 (full 1):
 par new generation   total 109248K, used 103193K [0x00000000e0000000, 0x00000000e8000000, 0x00000000e8000000)
  eden space 87424K, 100% used [0x00000000e0000000, 0x00000000e5560000, 0x00000000e5560000)
  from space 21824K,  72% used [0x00000000e6ab0000, 0x00000000e7a166d0, 0x00000000e8000000)
  to   space 21824K,   0% used [0x00000000e5560000, 0x00000000e5560000, 0x00000000e6ab0000)
 concurrent mark-sweep generation total 393216K, used 0K [0x00000000e8000000, 0x0000000100000000, 0x0000000100000000)
 Metaspace       used 24343K, capacity 24820K, committed 25084K, reserved 1071104K
  class space    used 2855K, capacity 3047K, committed 3068K, reserved 1048576K
2017-05-23T09:32:24.392+0200: 3,530: [GC (Allocation Failure) 2017-05-23T09:32:24.392+0200: 3,530: [ParNew
Desired survivor size 20112992 bytes, new threshold 8 (max 8)
- age   1:    1955496 bytes,    1955496 total
- age   2:    1809616 bytes,    3765112 total
- age   3:      60816 bytes,    3825928 total
- age   4:     101632 bytes,    3927560 total
- age   5:       1416 bytes,    3928976 total
- age   6:     186000 bytes,    4114976 total
- age   7:     765040 bytes,    4880016 total
- age   8:    6108848 bytes,   10988864 total
: 103193K->16910K(109248K), 0,0152647 secs] 103193K->16910K(502464K), 0,0153392 secs] [Times: user=0,05 sys=0,00, real=0,02 secs] 
Heap after GC invocations=8 (full 1):
 par new generation   total 109248K, used 16910K [0x00000000e0000000, 0x00000000e8000000, 0x00000000e8000000)
  eden space 87424K,   0% used [0x00000000e0000000, 0x00000000e0000000, 0x00000000e5560000)
  from space 21824K,  77% used [0x00000000e5560000, 0x00000000e65e3b10, 0x00000000e6ab0000)
  to   space 21824K,   0% used [0x00000000e6ab0000, 0x00000000e6ab0000, 0x00000000e8000000)
 concurrent mark-sweep generation total 393216K, used 0K [0x00000000e8000000, 0x0000000100000000, 0x0000000100000000)
 Metaspace       used 24343K, capacity 24820K, committed 25084K, reserved 1071104K
  class space    used 2855K, capacity 3047K, committed 3068K, reserved 1048576K
}
2017-05-23T09:32:24.407+0200: 3,545: Total time for which application threads were stopped: 0,0177190 seconds, Stopping threads took: 0,0022046 seconds
{Heap before GC invocations=8 (full 1):
 par new generation   total 109248K, used 104334K [0x00000000e0000000, 0x00000000e8000000, 0x00000000e8000000)
  eden space 87424K, 100% used [0x00000000e0000000, 0x00000000e5560000, 0x00000000e5560000)
  from space 21824K,  77% used [0x00000000e5560000, 0x00000000e65e3b10, 0x00000000e6ab0000)
  to   space 21824K,   0% used [0x00000000e6ab0000, 0x00000000e6ab0000, 0x00000000e8000000)
 concurrent mark-sweep generation total 393216K, used 0K [0x00000000e8000000, 0x0000000100000000, 0x0000000100000000)
 Metaspace       used 24511K, capacity 24974K, committed 25084K, reserved 1071104K
  class space    used 2869K, capacity 3052K, committed 3068K, reserved 1048576K
2017-05-23T09:32:24.474+0200: 3,612: [GC (Allocation Failure) 2017-05-23T09:32:24.474+0200: 3,612: [ParNew
Desired survivor size 20112992 bytes, new threshold 8 (max 8)
- age   1:     722528 bytes,     722528 total
- age   2:     956576 bytes,    1679104 total
- age   3:    1787352 bytes,    3466456 total
- age   4:      60784 bytes,    3527240 total
- age   5:     101464 bytes,    3628704 total
- age   6:       1416 bytes,    3630120 total
- age   7:     183200 bytes,    3813320 total
- age   8:     764272 bytes,    4577592 total
: 104334K->6876K(109248K), 0,0793450 secs] 104334K->12924K(502464K), 0,0794117 secs] [Times: user=0,17 sys=0,01, real=0,07 secs] 
Heap after GC invocations=9 (full 1):
 par new generation   total 109248K, used 6876K [0x00000000e0000000, 0x00000000e8000000, 0x00000000e8000000)
  eden space 87424K,   0% used [0x00000000e0000000, 0x00000000e0000000, 0x00000000e5560000)
  from space 21824K,  31% used [0x00000000e6ab0000, 0x00000000e7167268, 0x00000000e8000000)
  to   space 21824K,   0% used [0x00000000e5560000, 0x00000000e5560000, 0x00000000e6ab0000)
 concurrent mark-sweep generation total 393216K, used 6047K [0x00000000e8000000, 0x0000000100000000, 0x0000000100000000)
 Metaspace       used 24511K, capacity 24974K, committed 25084K, reserved 1071104K
  class space    used 2869K, capacity 3052K, committed 3068K, reserved 1048576K
}
2017-05-23T09:32:24.554+0200: 3,692: Total time for which application threads were stopped: 0,0808839 seconds, Stopping threads took: 0,0013204 seconds
2017-05-23T09:32:24.911+0200: 4,048: Total time for which application threads were stopped: 0,0009528 seconds, Stopping threads took: 0,0000246 seconds
2017-05-23T09:32:24.912+0200: 4,050: Total time for which application threads were stopped: 0,0001323 seconds, Stopping threads took: 0,0000368 seconds
2017-05-23T09:32:24.918+0200: 4,056: Total time for which application threads were stopped: 0,0039657 seconds, Stopping threads took: 0,0038475 seconds
2017-05-23T09:32:24.926+0200: 4,064: Total time for which application threads were stopped: 0,0006680 seconds, Stopping threads took: 0,0005794 seconds
2017-05-23T09:32:24.931+0200: 4,068: Total time for which application threads were stopped: 0,0001212 seconds, Stopping threads took: 0,0000227 seconds
2017-05-23T09:32:24.931+0200: 4,069: Total time for which application threads were stopped: 0,0004199 seconds, Stopping threads took: 0,0000222 seconds
2017-05-23T09:32:24.933+0200: 4,071: Total time for which application threads were stopped: 0,0002000 seconds, Stopping threads took: 0,0001227 seconds
2017-05-23T09:32:24.936+0200: 4,074: Total time for which application threads were stopped: 0,0001860 seconds, Stopping threads took: 0,0000802 seconds
2017-05-23T09:32:24.937+0200: 4,074: Total time for which application threads were stopped: 0,0001150 seconds, Stopping threads took: 0,0000275 seconds
2017-05-23T09:32:24.940+0200: 4,077: Total time for which application threads were stopped: 0,0001340 seconds, Stopping threads took: 0,0000337 seconds
2017-05-23T09:32:24.942+0200: 4,080: Total time for which application threads were stopped: 0,0010325 seconds, Stopping threads took: 0,0009262 seconds
2017-05-23T09:32:24.946+0200: 4,084: Total time for which application threads were stopped: 0,0001292 seconds, Stopping threads took: 0,0000410 seconds
2017-05-23T09:32:24.947+0200: 4,084: Total time for which application threads were stopped: 0,0001014 seconds, Stopping threads took: 0,0000296 seconds
2017-05-23T09:32:24.975+0200: 4,113: Total time for which application threads were stopped: 0,0001811 seconds, Stopping threads took: 0,0000554 seconds
2017-05-23T09:32:24.976+0200: 4,113: Total time for which application threads were stopped: 0,0000864 seconds, Stopping threads took: 0,0000226 seconds
2017-05-23T09:32:24.978+0200: 4,115: Total time for which application threads were stopped: 0,0000982 seconds, Stopping threads took: 0,0000235 seconds
2017-05-23T09:32:24.979+0200: 4,116: Total time for which application threads were stopped: 0,0000876 seconds, Stopping threads took: 0,0000208 seconds
2017-05-23T09:32:24.980+0200: 4,118: Total time for which application threads were stopped: 0,0001516 seconds, Stopping threads took: 0,0000767 seconds
2017-05-23T09:32:24.980+0200: 4,118: Total time for which application threads were stopped: 0,0000688 seconds, Stopping threads took: 0,0000161 seconds
2017-05-23T09:32:24.983+0200: 4,121: Total time for which application threads were stopped: 0,0001481 seconds, Stopping threads took: 0,0000675 seconds
2017-05-23T09:32:24.984+0200: 4,122: Total time for which application threads were stopped: 0,0001091 seconds, Stopping threads took: 0,0000509 seconds
2017-05-23T09:32:24.984+0200: 4,122: Total time for which application threads were stopped: 0,0001411 seconds, Stopping threads took: 0,0000252 seconds
2017-05-23T09:32:24.987+0200: 4,125: Total time for which application threads were stopped: 0,0001015 seconds, Stopping threads took: 0,0000250 seconds
2017-05-23T09:32:24.990+0200: 4,128: Total time for which application threads were stopped: 0,0001147 seconds, Stopping threads took: 0,0000294 seconds
2017-05-23T09:32:24.991+0200: 4,129: Total time for which application threads were stopped: 0,0001774 seconds, Stopping threads took: 0,0000292 seconds
2017-05-23T09:32:24.993+0200: 4,130: Total time for which application threads were stopped: 0,0000952 seconds, Stopping threads took: 0,0000222 seconds
2017-05-23T09:32:24.993+0200: 4,131: Total time for which application threads were stopped: 0,0000850 seconds, Stopping threads took: 0,0000184 seconds
2017-05-23T09:32:24.997+0200: 4,135: Total time for which application threads were stopped: 0,0001115 seconds, Stopping threads took: 0,0000400 seconds
2017-05-23T09:32:24.998+0200: 4,136: Total time for which application threads were stopped: 0,0003510 seconds, Stopping threads took: 0,0000155 seconds
2017-05-23T09:32:24.999+0200: 4,136: Total time for which application threads were stopped: 0,0000769 seconds, Stopping threads took: 0,0000196 seconds
2017-05-23T09:32:24.999+0200: 4,137: Total time for which application threads were stopped: 0,0001092 seconds, Stopping threads took: 0,0000450 seconds
2017-05-23T09:32:24.999+0200: 4,137: Total time for which application threads were stopped: 0,0000645 seconds, Stopping threads took: 0,0000155 seconds
2017-05-23T09:32:25.000+0200: 4,137: Total time for which application threads were stopped: 0,0000617 seconds, Stopping threads took: 0,0000121 seconds
2017-05-23T09:32:25.000+0200: 4,138: Total time for which application threads were stopped: 0,0000673 seconds, Stopping threads took: 0,0000146 seconds
2017-05-23T09:32:25.009+0200: 4,147: Total time for which application threads were stopped: 0,0001160 seconds, Stopping threads took: 0,0000390 seconds
2017-05-23T09:32:25.014+0200: 4,152: Total time for which application threads were stopped: 0,0046324 seconds, Stopping threads took: 0,0045325 seconds
2017-05-23T09:32:25.023+0200: 4,160: Total time for which application threads were stopped: 0,0001515 seconds, Stopping threads took: 0,0000396 seconds
2017-05-23T09:32:25.023+0200: 4,161: Total time for which application threads were stopped: 0,0001271 seconds, Stopping threads took: 0,0000339 seconds
2017-05-23T09:32:25.024+0200: 4,162: Total time for which application threads were stopped: 0,0001005 seconds, Stopping threads took: 0,0000364 seconds
2017-05-23T09:32:25.024+0200: 4,162: Total time for which application threads were stopped: 0,0000878 seconds, Stopping threads took: 0,0000179 seconds
2017-05-23T09:32:25.026+0200: 4,164: Total time for which application threads were stopped: 0,0001685 seconds, Stopping threads took: 0,0000405 seconds
2017-05-23T09:32:25.026+0200: 4,164: Total time for which application threads were stopped: 0,0001008 seconds, Stopping threads took: 0,0000193 seconds
2017-05-23T09:32:25.026+0200: 4,164: Total time for which application threads were stopped: 0,0000877 seconds, Stopping threads took: 0,0000123 seconds
2017-05-23T09:32:25.030+0200: 4,168: Total time for which application threads were stopped: 0,0037855 seconds, Stopping threads took: 0,0036766 seconds
2017-05-23T09:32:25.034+0200: 4,172: Total time for which application threads were stopped: 0,0002352 seconds, Stopping threads took: 0,0001481 seconds
2017-05-23T09:32:25.035+0200: 4,173: Total time for which application threads were stopped: 0,0002175 seconds, Stopping threads took: 0,0000353 seconds
2017-05-23T09:32:25.039+0200: 4,177: Total time for which application threads were stopped: 0,0001585 seconds, Stopping threads took: 0,0000601 seconds
2017-05-23T09:32:25.041+0200: 4,179: Total time for which application threads were stopped: 0,0001490 seconds, Stopping threads took: 0,0000446 seconds
2017-05-23T09:32:25.046+0200: 4,183: Total time for which application threads were stopped: 0,0001817 seconds, Stopping threads took: 0,0000657 seconds
2017-05-23T09:32:25.098+0200: 4,236: Total time for which application threads were stopped: 0,0001838 seconds, Stopping threads took: 0,0000815 seconds
2017-05-23T09:32:25.115+0200: 4,253: Total time for which application threads were stopped: 0,0001732 seconds, Stopping threads took: 0,0000747 seconds
2017-05-23T09:32:25.138+0200: 4,276: Total time for which application threads were stopped: 0,0026148 seconds, Stopping threads took: 0,0024993 seconds
2017-05-23T09:32:25.139+0200: 4,277: Total time for which application threads were stopped: 0,0005206 seconds, Stopping threads took: 0,0000346 seconds
2017-05-23T09:32:25.146+0200: 4,284: Total time for which application threads were stopped: 0,0017090 seconds, Stopping threads took: 0,0016094 seconds
2017-05-23T09:32:26.146+0200: 5,284: Total time for which application threads were stopped: 0,0000654 seconds, Stopping threads took: 0,0000163 seconds
{Heap before GC invocations=9 (full 1):
 par new generation   total 109248K, used 94300K [0x00000000e0000000, 0x00000000e8000000, 0x00000000e8000000)
  eden space 87424K, 100% used [0x00000000e0000000, 0x00000000e5560000, 0x00000000e5560000)
  from space 21824K,  31% used [0x00000000e6ab0000, 0x00000000e7167268, 0x00000000e8000000)
  to   space 21824K,   0% used [0x00000000e5560000, 0x00000000e5560000, 0x00000000e6ab0000)
 concurrent mark-sweep generation total 393216K, used 6047K [0x00000000e8000000, 0x0000000100000000, 0x0000000100000000)
 Metaspace       used 28035K, capacity 28570K, committed 28796K, reserved 1075200K
  class space    used 3214K, capacity 3392K, committed 3452K, reserved 1048576K
2017-05-23T09:32:26.765+0200: 5,903: [GC (Allocation Failure) 2017-05-23T09:32:26.765+0200: 5,903: [ParNew
Desired survivor size 20112992 bytes, new threshold 8 (max 8)
- age   1:   11263256 bytes,   11263256 total
- age   2:     170104 bytes,   11433360 total
- age   3:     168432 bytes,   11601792 total
- age   4:    1781040 bytes,   13382832 total
- age   5:      58336 bytes,   13441168 total
- age   6:     101240 bytes,   13542408 total
- age   7:       1416 bytes,   13543824 total
- age   8:     182576 bytes,   13726400 total
: 94300K->15152K(109248K), 0,0134055 secs] 100348K->22033K(502464K), 0,0134826 secs] [Times: user=0,05 sys=0,00, real=0,02 secs] 
Heap after GC invocations=10 (full 1):
 par new generation   total 109248K, used 15152K [0x00000000e0000000, 0x00000000e8000000, 0x00000000e8000000)
  eden space 87424K,   0% used [0x00000000e0000000, 0x00000000e0000000, 0x00000000e5560000)
  from space 21824K,  69% used [0x00000000e5560000, 0x00000000e642c1b0, 0x00000000e6ab0000)
  to   space 21824K,   0% used [0x00000000e6ab0000, 0x00000000e6ab0000, 0x00000000e8000000)
 concurrent mark-sweep generation total 393216K, used 6881K [0x00000000e8000000, 0x0000000100000000, 0x0000000100000000)
 Metaspace       used 28035K, capacity 28570K, committed 28796K, reserved 1075200K
  class space    used 3214K, capacity 3392K, committed 3452K, reserved 1048576K
}
2017-05-23T09:32:26.779+0200: 5,916: Total time for which application threads were stopped: 0,0136208 seconds, Stopping threads took: 0,0000188 seconds
2017-05-23T09:32:26.779+0200: 5,917: Total time for which application threads were stopped: 0,0000620 seconds, Stopping threads took: 0,0000170 seconds
2017-05-23T09:32:26.779+0200: 5,917: Total time for which application threads were stopped: 0,0000401 seconds, Stopping threads took: 0,0000174 seconds
2017-05-23T09:34:17.794+0200: 116,932: Total time for which application threads were stopped: 0,0001408 seconds, Stopping threads took: 0,0000718 seconds
2017-05-23T09:34:22.794+0200: 121,932: Total time for which application threads were stopped: 0,0000805 seconds, Stopping threads took: 0,0000203 seconds
2017-05-23T10:05:49.109+0200: 1406,094: Total time for which application threads were stopped: 0,0000943 seconds, Stopping threads took: 0,0000327 seconds
2017-05-23T10:10:44.153+0200: 1701,137: Total time for which application threads were stopped: 0,0001733 seconds, Stopping threads took: 0,0000643 seconds
2017-05-23T10:20:45.163+0200: 2301,211: Total time for which application threads were stopped: 0,0000889 seconds, Stopping threads took: 0,0000331 seconds
2017-05-23T10:20:46.164+0200: 2302,211: Total time for which application threads were stopped: 0,0004615 seconds, Stopping threads took: 0,0001167 seconds
2017-05-23T10:35:41.269+0200: 3197,317: Total time for which application threads were stopped: 0,0002052 seconds, Stopping threads took: 0,0000660 seconds
2017-05-23T10:44:56.339+0200: 3752,386: Total time for which application threads were stopped: 0,0000944 seconds, Stopping threads took: 0,0000377 seconds
2017-05-23T10:47:05.355+0200: 3881,402: Total time for which application threads were stopped: 0,0004744 seconds, Stopping threads took: 0,0001523 seconds
2017-05-23T11:00:51.463+0200: 4707,511: Total time for which application threads were stopped: 0,0001391 seconds, Stopping threads took: 0,0000542 seconds
2017-05-23T11:26:46.677+0200: 6262,724: Total time for which application threads were stopped: 0,0000802 seconds, Stopping threads took: 0,0000306 seconds
2017-05-23T11:44:25.814+0200: 7321,861: Total time for which application threads were stopped: 0,0000867 seconds, Stopping threads took: 0,0000313 seconds
2017-05-23T11:50:25.863+0200: 7681,910: Total time for which application threads were stopped: 0,0003795 seconds, Stopping threads took: 0,0001386 seconds
2017-05-23T11:56:48.146+0200: 8064,193: Total time for which application threads were stopped: 0,0004113 seconds, Stopping threads took: 0,0000163 seconds
2017-05-23T11:56:48.147+0200: 8064,194: Total time for which application threads were stopped: 0,0003595 seconds, Stopping threads took: 0,0000113 seconds
2017-05-23T11:56:48.147+0200: 8064,194: Total time for which application threads were stopped: 0,0000462 seconds, Stopping threads took: 0,0000134 seconds
2017-05-23T11:56:48.157+0200: 8064,204: Total time for which application threads were stopped: 0,0001733 seconds, Stopping threads took: 0,0000452 seconds
2017-05-23T11:56:48.164+0200: 8064,211: Total time for which application threads were stopped: 0,0000963 seconds, Stopping threads took: 0,0000270 seconds
2017-05-23T11:56:48.164+0200: 8064,211: Total time for which application threads were stopped: 0,0000492 seconds, Stopping threads took: 0,0000129 seconds
2017-05-23T11:56:48.164+0200: 8064,211: Total time for which application threads were stopped: 0,0000479 seconds, Stopping threads took: 0,0000124 seconds
2017-05-23T11:56:48.169+0200: 8064,216: Total time for which application threads were stopped: 0,0005714 seconds, Stopping threads took: 0,0004883 seconds
2017-05-23T11:56:48.169+0200: 8064,216: Total time for which application threads were stopped: 0,0000843 seconds, Stopping threads took: 0,0000274 seconds
2017-05-23T11:56:48.169+0200: 8064,216: Total time for which application threads were stopped: 0,0000683 seconds, Stopping threads took: 0,0000260 seconds
2017-05-23T11:56:48.180+0200: 8064,227: Total time for which application threads were stopped: 0,0052400 seconds, Stopping threads took: 0,0051655 seconds
2017-05-23T11:56:48.181+0200: 8064,228: Total time for which application threads were stopped: 0,0000825 seconds, Stopping threads took: 0,0000267 seconds
2017-05-23T11:56:48.181+0200: 8064,228: Total time for which application threads were stopped: 0,0000658 seconds, Stopping threads took: 0,0000086 seconds
2017-05-23T11:56:48.181+0200: 8064,228: Total time for which application threads were stopped: 0,0000459 seconds, Stopping threads took: 0,0000139 seconds
2017-05-23T11:56:48.181+0200: 8064,228: Total time for which application threads were stopped: 0,0000420 seconds, Stopping threads took: 0,0000109 seconds
2017-05-23T11:56:48.183+0200: 8064,231: Total time for which application threads were stopped: 0,0001669 seconds, Stopping threads took: 0,0000288 seconds
2017-05-23T11:56:48.187+0200: 8064,234: Total time for which application threads were stopped: 0,0000986 seconds, Stopping threads took: 0,0000268 seconds
2017-05-23T11:56:48.187+0200: 8064,235: Total time for which application threads were stopped: 0,0000888 seconds, Stopping threads took: 0,0000296 seconds
2017-05-23T11:56:48.190+0200: 8064,237: Total time for which application threads were stopped: 0,0025771 seconds, Stopping threads took: 0,0023748 seconds
2017-05-23T11:56:48.190+0200: 8064,237: Total time for which application threads were stopped: 0,0000838 seconds, Stopping threads took: 0,0000342 seconds
2017-05-23T11:56:48.196+0200: 8064,244: Total time for which application threads were stopped: 0,0003517 seconds, Stopping threads took: 0,0001731 seconds
2017-05-23T11:56:48.198+0200: 8064,245: Total time for which application threads were stopped: 0,0001046 seconds, Stopping threads took: 0,0000249 seconds
2017-05-23T11:56:48.199+0200: 8064,246: Total time for which application threads were stopped: 0,0007945 seconds, Stopping threads took: 0,0007477 seconds
2017-05-23T11:56:48.199+0200: 8064,247: Total time for which application threads were stopped: 0,0000701 seconds, Stopping threads took: 0,0000266 seconds
2017-05-23T11:56:48.199+0200: 8064,247: Total time for which application threads were stopped: 0,0000543 seconds, Stopping threads took: 0,0000178 seconds
2017-05-23T11:56:48.200+0200: 8064,247: Total time for which application threads were stopped: 0,0000492 seconds, Stopping threads took: 0,0000201 seconds
2017-05-23T11:56:48.200+0200: 8064,247: Total time for which application threads were stopped: 0,0006036 seconds, Stopping threads took: 0,0005313 seconds
2017-05-23T11:56:48.201+0200: 8064,248: Total time for which application threads were stopped: 0,0002489 seconds, Stopping threads took: 0,0000646 seconds
2017-05-23T11:56:48.201+0200: 8064,248: Total time for which application threads were stopped: 0,0001112 seconds, Stopping threads took: 0,0000302 seconds
2017-05-23T11:56:48.201+0200: 8064,248: Total time for which application threads were stopped: 0,0001064 seconds, Stopping threads took: 0,0000350 seconds
2017-05-23T11:56:48.203+0200: 8064,251: Total time for which application threads were stopped: 0,0001203 seconds, Stopping threads took: 0,0000528 seconds
2017-05-23T11:56:48.204+0200: 8064,251: Total time for which application threads were stopped: 0,0000814 seconds, Stopping threads took: 0,0000260 seconds
2017-05-23T11:56:48.204+0200: 8064,251: Total time for which application threads were stopped: 0,0000572 seconds, Stopping threads took: 0,0000147 seconds
2017-05-23T11:56:48.204+0200: 8064,251: Total time for which application threads were stopped: 0,0000844 seconds, Stopping threads took: 0,0000318 seconds
2017-05-23T11:56:48.204+0200: 8064,252: Total time for which application threads were stopped: 0,0000658 seconds, Stopping threads took: 0,0000206 seconds
2017-05-23T11:56:48.204+0200: 8064,252: Total time for which application threads were stopped: 0,0002296 seconds, Stopping threads took: 0,0000670 seconds
2017-05-23T11:56:48.205+0200: 8064,252: Total time for which application threads were stopped: 0,0000909 seconds, Stopping threads took: 0,0000348 seconds
2017-05-23T11:56:48.206+0200: 8064,253: Total time for which application threads were stopped: 0,0001125 seconds, Stopping threads took: 0,0000433 seconds
2017-05-23T11:56:48.208+0200: 8064,255: Total time for which application threads were stopped: 0,0000710 seconds, Stopping threads took: 0,0000243 seconds
2017-05-23T11:56:48.208+0200: 8064,256: Total time for which application threads were stopped: 0,0000959 seconds, Stopping threads took: 0,0000171 seconds
Heap
 par new generation   total 109248K, used 41182K [0x00000000e0000000, 0x00000000e8000000, 0x00000000e8000000)
  eden space 87424K,  29% used [0x00000000e0000000, 0x00000000e196b888, 0x00000000e5560000)
  from space 21824K,  69% used [0x00000000e5560000, 0x00000000e642c1b0, 0x00000000e6ab0000)
  to   space 21824K,   0% used [0x00000000e6ab0000, 0x00000000e6ab0000, 0x00000000e8000000)
 concurrent mark-sweep generation total 393216K, used 6881K [0x00000000e8000000, 0x0000000100000000, 0x0000000100000000)
 Metaspace       used 28212K, capacity 28746K, committed 29052K, reserved 1075200K
  class space    used 3233K, capacity 3428K, committed 3452K, reserved 1048576K
