OpenJDK 64-Bit Server VM (25.131-b11) for linux-amd64 JRE (1.8.0_131-8u131-b11-2ubuntu1.16.04.3-b11), built on Jul 28 2017 01:23:32 by "buildd" with gcc 5.4.0 20160609
Memory: 4k page, physical 7867732k(7388076k free), swap 8076284k(8076284k free)
CommandLine flags: -XX:CMSInitiatingOccupancyFraction=50 -XX:CMSMaxAbortablePrecleanTime=6000 -XX:+CMSParallelRemarkEnabled -XX:+CMSScavengeBeforeRemark -XX:ConcGCThreads=4 -XX:InitialHeapSize=536870912 -XX:MaxHeapSize=536870912 -XX:MaxTenuringThreshold=8 -XX:NewRatio=3 -XX:OldPLABSize=16 -XX:OnOutOfMemoryError=/opt/solr/bin/oom_solr.sh 8983 /var/solr/logs -XX:ParallelGCThreads=4 -XX:+ParallelRefProcEnabled -XX:PretenureSizeThreshold=67108864 -XX:+PrintGC -XX:+PrintGCApplicationStoppedTime -XX:+PrintGCDateStamps -XX:+PrintGCDetails -XX:+PrintGCTimeStamps -XX:+PrintHeapAtGC -XX:+PrintTenuringDistribution -XX:SurvivorRatio=4 -XX:TargetSurvivorRatio=90 -XX:ThreadStackSize=256 -XX:+UseCMSInitiatingOccupancyOnly -XX:+UseCompressedClassPointers -XX:+UseCompressedOops -XX:+UseConcMarkSweepGC -XX:+UseParNewGC 
2017-08-30T22:39:54.885+0200: 0,133: Total time for which application threads were stopped: 0,0000718 seconds, Stopping threads took: 0,0000128 seconds
2017-08-30T22:39:54.964+0200: 0,211: Total time for which application threads were stopped: 0,0000944 seconds, Stopping threads took: 0,0000148 seconds
2017-08-30T22:39:54.982+0200: 0,229: Total time for which application threads were stopped: 0,0000883 seconds, Stopping threads took: 0,0000146 seconds
2017-08-30T22:39:55.249+0200: 0,496: Total time for which application threads were stopped: 0,0001095 seconds, Stopping threads took: 0,0000189 seconds
2017-08-30T22:39:55.603+0200: 0,850: Total time for which application threads were stopped: 0,0001507 seconds, Stopping threads took: 0,0000125 seconds
2017-08-30T22:39:55.749+0200: 0,996: Total time for which application threads were stopped: 0,0002040 seconds, Stopping threads took: 0,0000283 seconds
2017-08-30T22:39:55.779+0200: 1,026: Total time for which application threads were stopped: 0,0002266 seconds, Stopping threads took: 0,0000292 seconds
2017-08-30T22:39:56.110+0200: 1,357: Total time for which application threads were stopped: 0,0002124 seconds, Stopping threads took: 0,0000222 seconds
2017-08-30T22:39:56.325+0200: 1,572: Total time for which application threads were stopped: 0,0001968 seconds, Stopping threads took: 0,0000229 seconds
2017-08-30T22:39:56.346+0200: 1,593: Total time for which application threads were stopped: 0,0001693 seconds, Stopping threads took: 0,0000224 seconds
2017-08-30T22:39:56.378+0200: 1,625: Total time for which application threads were stopped: 0,0002152 seconds, Stopping threads took: 0,0000191 seconds
2017-08-30T22:39:56.379+0200: 1,626: Total time for which application threads were stopped: 0,0001997 seconds, Stopping threads took: 0,0000148 seconds
2017-08-30T22:39:56.400+0200: 1,647: Total time for which application threads were stopped: 0,0013493 seconds, Stopping threads took: 0,0001540 seconds
2017-08-30T22:39:56.509+0200: 1,756: Total time for which application threads were stopped: 0,0004573 seconds, Stopping threads took: 0,0001155 seconds
2017-08-30T22:39:56.669+0200: 1,916: Total time for which application threads were stopped: 0,0003417 seconds, Stopping threads took: 0,0001264 seconds
{Heap before GC invocations=0 (full 0):
 par new generation   total 109248K, used 87424K [0x00000000e0000000, 0x00000000e8000000, 0x00000000e8000000)
  eden space 87424K, 100% used [0x00000000e0000000, 0x00000000e5560000, 0x00000000e5560000)
  from space 21824K,   0% used [0x00000000e5560000, 0x00000000e5560000, 0x00000000e6ab0000)
  to   space 21824K,   0% used [0x00000000e6ab0000, 0x00000000e6ab0000, 0x00000000e8000000)
 concurrent mark-sweep generation total 393216K, used 0K [0x00000000e8000000, 0x0000000100000000, 0x0000000100000000)
 Metaspace       used 18071K, capacity 18400K, committed 18688K, reserved 1064960K
  class space    used 2041K, capacity 2196K, committed 2304K, reserved 1048576K
2017-08-30T22:39:56.763+0200: 2,010: [GC (Allocation Failure) 2017-08-30T22:39:56.763+0200: 2,010: [ParNew
Desired survivor size 20112992 bytes, new threshold 8 (max 8)
- age   1:   12549656 bytes,   12549656 total
: 87424K->12363K(109248K), 0,0154809 secs] 87424K->12363K(502464K), 0,0155623 secs] [Times: user=0,05 sys=0,01, real=0,01 secs] 
Heap after GC invocations=1 (full 0):
 par new generation   total 109248K, used 12363K [0x00000000e0000000, 0x00000000e8000000, 0x00000000e8000000)
  eden space 87424K,   0% used [0x00000000e0000000, 0x00000000e0000000, 0x00000000e5560000)
  from space 21824K,  56% used [0x00000000e6ab0000, 0x00000000e76c2e88, 0x00000000e8000000)
  to   space 21824K,   0% used [0x00000000e5560000, 0x00000000e5560000, 0x00000000e6ab0000)
 concurrent mark-sweep generation total 393216K, used 0K [0x00000000e8000000, 0x0000000100000000, 0x0000000100000000)
 Metaspace       used 18071K, capacity 18400K, committed 18688K, reserved 1064960K
  class space    used 2041K, capacity 2196K, committed 2304K, reserved 1048576K
}
2017-08-30T22:39:56.779+0200: 2,026: Total time for which application threads were stopped: 0,0158082 seconds, Stopping threads took: 0,0000471 seconds
2017-08-30T22:39:57.087+0200: 2,334: Total time for which application threads were stopped: 0,0003400 seconds, Stopping threads took: 0,0000409 seconds
{Heap before GC invocations=1 (full 0):
 par new generation   total 109248K, used 99787K [0x00000000e0000000, 0x00000000e8000000, 0x00000000e8000000)
  eden space 87424K, 100% used [0x00000000e0000000, 0x00000000e5560000, 0x00000000e5560000)
  from space 21824K,  56% used [0x00000000e6ab0000, 0x00000000e76c2e88, 0x00000000e8000000)
  to   space 21824K,   0% used [0x00000000e5560000, 0x00000000e5560000, 0x00000000e6ab0000)
 concurrent mark-sweep generation total 393216K, used 0K [0x00000000e8000000, 0x0000000100000000, 0x0000000100000000)
 Metaspace       used 20074K, capacity 20428K, committed 20736K, reserved 1067008K
  class space    used 2294K, capacity 2468K, committed 2560K, reserved 1048576K
2017-08-30T22:39:57.132+0200: 2,379: [GC (Allocation Failure) 2017-08-30T22:39:57.132+0200: 2,379: [ParNew
Desired survivor size 20112992 bytes, new threshold 8 (max 8)
- age   1:    3771648 bytes,    3771648 total
- age   2:    6665184 bytes,   10436832 total
: 99787K->15701K(109248K), 0,0099439 secs] 99787K->15701K(502464K), 0,0100114 secs] [Times: user=0,03 sys=0,01, real=0,02 secs] 
Heap after GC invocations=2 (full 0):
 par new generation   total 109248K, used 15701K [0x00000000e0000000, 0x00000000e8000000, 0x00000000e8000000)
  eden space 87424K,   0% used [0x00000000e0000000, 0x00000000e0000000, 0x00000000e5560000)
  from space 21824K,  71% used [0x00000000e5560000, 0x00000000e64b5640, 0x00000000e6ab0000)
  to   space 21824K,   0% used [0x00000000e6ab0000, 0x00000000e6ab0000, 0x00000000e8000000)
 concurrent mark-sweep generation total 393216K, used 0K [0x00000000e8000000, 0x0000000100000000, 0x0000000100000000)
 Metaspace       used 20074K, capacity 20428K, committed 20736K, reserved 1067008K
  class space    used 2294K, capacity 2468K, committed 2560K, reserved 1048576K
}
2017-08-30T22:39:57.142+0200: 2,389: Total time for which application threads were stopped: 0,0107760 seconds, Stopping threads took: 0,0006239 seconds
2017-08-30T22:39:57.152+0200: 2,399: Total time for which application threads were stopped: 0,0033764 seconds, Stopping threads took: 0,0031339 seconds
2017-08-30T22:39:57.182+0200: 2,429: Total time for which application threads were stopped: 0,0003821 seconds, Stopping threads took: 0,0000509 seconds
2017-08-30T22:39:57.291+0200: 2,538: Total time for which application threads were stopped: 0,0001687 seconds, Stopping threads took: 0,0000237 seconds
{Heap before GC invocations=2 (full 0):
 par new generation   total 109248K, used 103125K [0x00000000e0000000, 0x00000000e8000000, 0x00000000e8000000)
  eden space 87424K, 100% used [0x00000000e0000000, 0x00000000e5560000, 0x00000000e5560000)
  from space 21824K,  71% used [0x00000000e5560000, 0x00000000e64b5640, 0x00000000e6ab0000)
  to   space 21824K,   0% used [0x00000000e6ab0000, 0x00000000e6ab0000, 0x00000000e8000000)
 concurrent mark-sweep generation total 393216K, used 0K [0x00000000e8000000, 0x0000000100000000, 0x0000000100000000)
 Metaspace       used 20984K, capacity 21350K, committed 21628K, reserved 1069056K
  class space    used 2416K, capacity 2587K, committed 2684K, reserved 1048576K
2017-08-30T22:39:57.338+0200: 2,585: [GC (Allocation Failure) 2017-08-30T22:39:57.338+0200: 2,585: [ParNew
Desired survivor size 20112992 bytes, new threshold 8 (max 8)
- age   1:    2325384 bytes,    2325384 total
- age   2:     874512 bytes,    3199896 total
- age   3:    6661456 bytes,    9861352 total
: 103125K->11276K(109248K), 0,0141920 secs] 103125K->11276K(502464K), 0,0142686 secs] [Times: user=0,03 sys=0,01, real=0,01 secs] 
Heap after GC invocations=3 (full 0):
 par new generation   total 109248K, used 11276K [0x00000000e0000000, 0x00000000e8000000, 0x00000000e8000000)
  eden space 87424K,   0% used [0x00000000e0000000, 0x00000000e0000000, 0x00000000e5560000)
  from space 21824K,  51% used [0x00000000e6ab0000, 0x00000000e75b3380, 0x00000000e8000000)
  to   space 21824K,   0% used [0x00000000e5560000, 0x00000000e5560000, 0x00000000e6ab0000)
 concurrent mark-sweep generation total 393216K, used 0K [0x00000000e8000000, 0x0000000100000000, 0x0000000100000000)
 Metaspace       used 20984K, capacity 21350K, committed 21628K, reserved 1069056K
  class space    used 2416K, capacity 2587K, committed 2684K, reserved 1048576K
}
2017-08-30T22:39:57.352+0200: 2,599: Total time for which application threads were stopped: 0,0144899 seconds, Stopping threads took: 0,0000938 seconds
2017-08-30T22:39:57.354+0200: 2,601: [GC (CMS Initial Mark) [1 CMS-initial-mark: 0K(393216K)] 15528K(502464K), 0,0055722 secs] [Times: user=0,02 sys=0,00, real=0,00 secs] 
2017-08-30T22:39:57.360+0200: 2,607: Total time for which application threads were stopped: 0,0057436 seconds, Stopping threads took: 0,0000489 seconds
2017-08-30T22:39:57.360+0200: 2,607: [CMS-concurrent-mark-start]
2017-08-30T22:39:57.360+0200: 2,607: [CMS-concurrent-mark: 0,000/0,000 secs] [Times: user=0,00 sys=0,00, real=0,00 secs] 
2017-08-30T22:39:57.360+0200: 2,607: [CMS-concurrent-preclean-start]
2017-08-30T22:39:57.362+0200: 2,609: [CMS-concurrent-preclean: 0,001/0,001 secs] [Times: user=0,00 sys=0,00, real=0,01 secs] 
2017-08-30T22:39:57.362+0200: 2,609: [CMS-concurrent-abortable-preclean-start]
2017-08-30T22:39:57.437+0200: 2,684: Total time for which application threads were stopped: 0,0001679 seconds, Stopping threads took: 0,0000517 seconds
2017-08-30T22:39:57.437+0200: 2,684: [CMS-concurrent-abortable-preclean: 0,074/0,076 secs] [Times: user=0,30 sys=0,00, real=0,07 secs] 
2017-08-30T22:39:57.438+0200: 2,685: [GC (CMS Final Remark) [YG occupancy: 62803 K (109248 K)]{Heap before GC invocations=3 (full 1):
 par new generation   total 109248K, used 62803K [0x00000000e0000000, 0x00000000e8000000, 0x00000000e8000000)
  eden space 87424K,  58% used [0x00000000e0000000, 0x00000000e3251940, 0x00000000e5560000)
  from space 21824K,  51% used [0x00000000e6ab0000, 0x00000000e75b3380, 0x00000000e8000000)
  to   space 21824K,   0% used [0x00000000e5560000, 0x00000000e5560000, 0x00000000e6ab0000)
 concurrent mark-sweep generation total 393216K, used 0K [0x00000000e8000000, 0x0000000100000000, 0x0000000100000000)
 Metaspace       used 21197K, capacity 21573K, committed 21884K, reserved 1069056K
  class space    used 2437K, capacity 2593K, committed 2684K, reserved 1048576K
2017-08-30T22:39:57.438+0200: 2,685: [GC (CMS Final Remark) 2017-08-30T22:39:57.438+0200: 2,685: [ParNew
Desired survivor size 20112992 bytes, new threshold 8 (max 8)
- age   1:    1613456 bytes,    1613456 total
- age   2:    1456920 bytes,    3070376 total
- age   3:     845136 bytes,    3915512 total
- age   4:    6661456 bytes,   10576968 total
: 62803K->16700K(109248K), 0,0206052 secs] 62803K->16700K(502464K), 0,0206516 secs] [Times: user=0,05 sys=0,00, real=0,02 secs] 
Heap after GC invocations=4 (full 1):
 par new generation   total 109248K, used 16700K [0x00000000e0000000, 0x00000000e8000000, 0x00000000e8000000)
  eden space 87424K,   0% used [0x00000000e0000000, 0x00000000e0000000, 0x00000000e5560000)
  from space 21824K,  76% used [0x00000000e5560000, 0x00000000e65af300, 0x00000000e6ab0000)
  to   space 21824K,   0% used [0x00000000e6ab0000, 0x00000000e6ab0000, 0x00000000e8000000)
 concurrent mark-sweep generation total 393216K, used 0K [0x00000000e8000000, 0x0000000100000000, 0x0000000100000000)
 Metaspace       used 21197K, capacity 21573K, committed 21884K, reserved 1069056K
  class space    used 2437K, capacity 2593K, committed 2684K, reserved 1048576K
}
2017-08-30T22:39:57.458+0200: 2,705: [Rescan (parallel) , 0,0045983 secs]2017-08-30T22:39:57.463+0200: 2,710: [weak refs processing, 0,0007408 secs]2017-08-30T22:39:57.464+0200: 2,711: [class unloading, 0,0028061 secs]2017-08-30T22:39:57.466+0200: 2,714: [scrub symbol table, 0,0026286 secs]2017-08-30T22:39:57.469+0200: 2,716: [scrub string table, 0,0003696 secs][1 CMS-remark: 0K(393216K)] 16700K(502464K), 0,0324553 secs] [Times: user=0,07 sys=0,00, real=0,03 secs] 
2017-08-30T22:39:57.470+0200: 2,717: Total time for which application threads were stopped: 0,0325763 seconds, Stopping threads took: 0,0000495 seconds
2017-08-30T22:39:57.470+0200: 2,717: [CMS-concurrent-sweep-start]
2017-08-30T22:39:57.470+0200: 2,717: [CMS-concurrent-sweep: 0,000/0,000 secs] [Times: user=0,00 sys=0,00, real=0,00 secs] 
2017-08-30T22:39:57.470+0200: 2,717: [CMS-concurrent-reset-start]
2017-08-30T22:39:57.472+0200: 2,719: [CMS-concurrent-reset: 0,002/0,002 secs] [Times: user=0,01 sys=0,00, real=0,00 secs] 
{Heap before GC invocations=4 (full 1):
 par new generation   total 109248K, used 104124K [0x00000000e0000000, 0x00000000e8000000, 0x00000000e8000000)
  eden space 87424K, 100% used [0x00000000e0000000, 0x00000000e5560000, 0x00000000e5560000)
  from space 21824K,  76% used [0x00000000e5560000, 0x00000000e65af300, 0x00000000e6ab0000)
  to   space 21824K,   0% used [0x00000000e6ab0000, 0x00000000e6ab0000, 0x00000000e8000000)
 concurrent mark-sweep generation total 393216K, used 0K [0x00000000e8000000, 0x0000000100000000, 0x0000000100000000)
 Metaspace       used 21330K, capacity 21729K, committed 21884K, reserved 1069056K
  class space    used 2458K, capacity 2636K, committed 2684K, reserved 1048576K
2017-08-30T22:39:57.559+0200: 2,806: [GC (Allocation Failure) 2017-08-30T22:39:57.559+0200: 2,806: [ParNew
Desired survivor size 20112992 bytes, new threshold 8 (max 8)
- age   1:     947184 bytes,     947184 total
- age   2:      84040 bytes,    1031224 total
- age   3:    1456856 bytes,    2488080 total
- age   4:     843056 bytes,    3331136 total
- age   5:    6661512 bytes,    9992648 total
: 104124K->11674K(109248K), 0,0099312 secs] 104124K->11674K(502464K), 0,0099944 secs] [Times: user=0,03 sys=0,00, real=0,01 secs] 
Heap after GC invocations=5 (full 1):
 par new generation   total 109248K, used 11674K [0x00000000e0000000, 0x00000000e8000000, 0x00000000e8000000)
  eden space 87424K,   0% used [0x00000000e0000000, 0x00000000e0000000, 0x00000000e5560000)
  from space 21824K,  53% used [0x00000000e6ab0000, 0x00000000e7616a70, 0x00000000e8000000)
  to   space 21824K,   0% used [0x00000000e5560000, 0x00000000e5560000, 0x00000000e6ab0000)
 concurrent mark-sweep generation total 393216K, used 0K [0x00000000e8000000, 0x0000000100000000, 0x0000000100000000)
 Metaspace       used 21330K, capacity 21729K, committed 21884K, reserved 1069056K
  class space    used 2458K, capacity 2636K, committed 2684K, reserved 1048576K
}
2017-08-30T22:39:57.569+0200: 2,816: Total time for which application threads were stopped: 0,0102287 seconds, Stopping threads took: 0,0001001 seconds
2017-08-30T22:39:57.631+0200: 2,878: Total time for which application threads were stopped: 0,0003281 seconds, Stopping threads took: 0,0000155 seconds
2017-08-30T22:39:57.831+0200: 3,078: Total time for which application threads were stopped: 0,0004408 seconds, Stopping threads took: 0,0000384 seconds
2017-08-30T22:39:57.861+0200: 3,108: Total time for which application threads were stopped: 0,0004082 seconds, Stopping threads took: 0,0000431 seconds
2017-08-30T22:39:57.873+0200: 3,120: Total time for which application threads were stopped: 0,0003969 seconds, Stopping threads took: 0,0000424 seconds
2017-08-30T22:39:57.982+0200: 3,229: Total time for which application threads were stopped: 0,0002290 seconds, Stopping threads took: 0,0000455 seconds
{Heap before GC invocations=5 (full 1):
 par new generation   total 109248K, used 99099K [0x00000000e0000000, 0x00000000e8000000, 0x00000000e8000000)
  eden space 87424K, 100% used [0x00000000e0000000, 0x00000000e5560000, 0x00000000e5560000)
  from space 21824K,  53% used [0x00000000e6ab0000, 0x00000000e7616cc0, 0x00000000e8000000)
  to   space 21824K,   0% used [0x00000000e5560000, 0x00000000e5560000, 0x00000000e6ab0000)
 concurrent mark-sweep generation total 393216K, used 0K [0x00000000e8000000, 0x0000000100000000, 0x0000000100000000)
 Metaspace       used 23558K, capacity 23981K, committed 24188K, reserved 1071104K
  class space    used 2730K, capacity 2916K, committed 2940K, reserved 1048576K
2017-08-30T22:39:57.982+0200: 3,229: [GC (GCLocker Initiated GC) 2017-08-30T22:39:57.982+0200: 3,229: [ParNew
Desired survivor size 20112992 bytes, new threshold 8 (max 8)
- age   1:    4666552 bytes,    4666552 total
- age   2:     154096 bytes,    4820648 total
- age   3:      82848 bytes,    4903496 total
- age   4:     286896 bytes,    5190392 total
- age   5:     828752 bytes,    6019144 total
- age   6:    6653392 bytes,   12672536 total
: 99099K->14850K(109248K), 0,0153164 secs] 99099K->14850K(502464K), 0,0153831 secs] [Times: user=0,05 sys=0,00, real=0,01 secs] 
Heap after GC invocations=6 (full 1):
 par new generation   total 109248K, used 14850K [0x00000000e0000000, 0x00000000e8000000, 0x00000000e8000000)
  eden space 87424K,   0% used [0x00000000e0000000, 0x00000000e0000000, 0x00000000e5560000)
  from space 21824K,  68% used [0x00000000e5560000, 0x00000000e63e0bc0, 0x00000000e6ab0000)
  to   space 21824K,   0% used [0x00000000e6ab0000, 0x00000000e6ab0000, 0x00000000e8000000)
 concurrent mark-sweep generation total 393216K, used 0K [0x00000000e8000000, 0x0000000100000000, 0x0000000100000000)
 Metaspace       used 23558K, capacity 23981K, committed 24188K, reserved 1071104K
  class space    used 2730K, capacity 2916K, committed 2940K, reserved 1048576K
}
2017-08-30T22:39:57.998+0200: 3,245: Total time for which application threads were stopped: 0,0155352 seconds, Stopping threads took: 0,0000220 seconds
{Heap before GC invocations=6 (full 1):
 par new generation   total 109248K, used 102274K [0x00000000e0000000, 0x00000000e8000000, 0x00000000e8000000)
  eden space 87424K, 100% used [0x00000000e0000000, 0x00000000e5560000, 0x00000000e5560000)
  from space 21824K,  68% used [0x00000000e5560000, 0x00000000e63e0bc0, 0x00000000e6ab0000)
  to   space 21824K,   0% used [0x00000000e6ab0000, 0x00000000e6ab0000, 0x00000000e8000000)
 concurrent mark-sweep generation total 393216K, used 0K [0x00000000e8000000, 0x0000000100000000, 0x0000000100000000)
 Metaspace       used 24213K, capacity 24685K, committed 24828K, reserved 1071104K
  class space    used 2841K, capacity 3044K, committed 3068K, reserved 1048576K
2017-08-30T22:39:58.108+0200: 3,355: [GC (Allocation Failure) 2017-08-30T22:39:58.108+0200: 3,355: [ParNew
Desired survivor size 20112992 bytes, new threshold 8 (max 8)
- age   1:    2052408 bytes,    2052408 total
- age   2:    1548984 bytes,    3601392 total
- age   3:      84728 bytes,    3686120 total
- age   4:      47712 bytes,    3733832 total
- age   5:     183216 bytes,    3917048 total
- age   6:     781384 bytes,    4698432 total
- age   7:    6120520 bytes,   10818952 total
: 102274K->19955K(109248K), 0,0109479 secs] 102274K->19955K(502464K), 0,0110101 secs] [Times: user=0,03 sys=0,00, real=0,01 secs] 
Heap after GC invocations=7 (full 1):
 par new generation   total 109248K, used 19955K [0x00000000e0000000, 0x00000000e8000000, 0x00000000e8000000)
  eden space 87424K,   0% used [0x00000000e0000000, 0x00000000e0000000, 0x00000000e5560000)
  from space 21824K,  91% used [0x00000000e6ab0000, 0x00000000e7e2ce18, 0x00000000e8000000)
  to   space 21824K,   0% used [0x00000000e5560000, 0x00000000e5560000, 0x00000000e6ab0000)
 concurrent mark-sweep generation total 393216K, used 0K [0x00000000e8000000, 0x0000000100000000, 0x0000000100000000)
 Metaspace       used 24213K, capacity 24685K, committed 24828K, reserved 1071104K
  class space    used 2841K, capacity 3044K, committed 3068K, reserved 1048576K
}
2017-08-30T22:39:58.119+0200: 3,366: Total time for which application threads were stopped: 0,0112822 seconds, Stopping threads took: 0,0001142 seconds
{Heap before GC invocations=7 (full 1):
 par new generation   total 109248K, used 107379K [0x00000000e0000000, 0x00000000e8000000, 0x00000000e8000000)
  eden space 87424K, 100% used [0x00000000e0000000, 0x00000000e5560000, 0x00000000e5560000)
  from space 21824K,  91% used [0x00000000e6ab0000, 0x00000000e7e2ce18, 0x00000000e8000000)
  to   space 21824K,   0% used [0x00000000e5560000, 0x00000000e5560000, 0x00000000e6ab0000)
 concurrent mark-sweep generation total 393216K, used 0K [0x00000000e8000000, 0x0000000100000000, 0x0000000100000000)
 Metaspace       used 24480K, capacity 24973K, committed 25084K, reserved 1071104K
  class space    used 2863K, capacity 3050K, committed 3068K, reserved 1048576K
2017-08-30T22:39:58.183+0200: 3,430: [GC (Allocation Failure) 2017-08-30T22:39:58.183+0200: 3,431: [ParNew
Desired survivor size 20112992 bytes, new threshold 8 (max 8)
- age   1:    1068024 bytes,    1068024 total
- age   2:    1033160 bytes,    2101184 total
- age   3:    1532400 bytes,    3633584 total
- age   4:      84624 bytes,    3718208 total
- age   5:      47608 bytes,    3765816 total
- age   6:     183216 bytes,    3949032 total
- age   7:     781384 bytes,    4730416 total
- age   8:    6120152 bytes,   10850568 total
: 107379K->13287K(109248K), 0,0127280 secs] 107379K->13287K(502464K), 0,0128300 secs] [Times: user=0,04 sys=0,00, real=0,01 secs] 
Heap after GC invocations=8 (full 1):
 par new generation   total 109248K, used 13287K [0x00000000e0000000, 0x00000000e8000000, 0x00000000e8000000)
  eden space 87424K,   0% used [0x00000000e0000000, 0x00000000e0000000, 0x00000000e5560000)
  from space 21824K,  60% used [0x00000000e5560000, 0x00000000e6259d98, 0x00000000e6ab0000)
  to   space 21824K,   0% used [0x00000000e6ab0000, 0x00000000e6ab0000, 0x00000000e8000000)
 concurrent mark-sweep generation total 393216K, used 0K [0x00000000e8000000, 0x0000000100000000, 0x0000000100000000)
 Metaspace       used 24480K, capacity 24973K, committed 25084K, reserved 1071104K
  class space    used 2863K, capacity 3050K, committed 3068K, reserved 1048576K
}
2017-08-30T22:39:58.196+0200: 3,443: Total time for which application threads were stopped: 0,0133021 seconds, Stopping threads took: 0,0002979 seconds
{Heap before GC invocations=8 (full 1):
 par new generation   total 109248K, used 100711K [0x00000000e0000000, 0x00000000e8000000, 0x00000000e8000000)
  eden space 87424K, 100% used [0x00000000e0000000, 0x00000000e5560000, 0x00000000e5560000)
  from space 21824K,  60% used [0x00000000e5560000, 0x00000000e6259d98, 0x00000000e6ab0000)
  to   space 21824K,   0% used [0x00000000e6ab0000, 0x00000000e6ab0000, 0x00000000e8000000)
 concurrent mark-sweep generation total 393216K, used 0K [0x00000000e8000000, 0x0000000100000000, 0x0000000100000000)
 Metaspace       used 25087K, capacity 25523K, committed 25724K, reserved 1071104K
  class space    used 2910K, capacity 3083K, committed 3196K, reserved 1048576K
2017-08-30T22:39:58.418+0200: 3,665: [GC (Allocation Failure) 2017-08-30T22:39:58.418+0200: 3,665: [ParNew
Desired survivor size 20112992 bytes, new threshold 8 (max 8)
- age   1:    1858736 bytes,    1858736 total
- age   2:     146536 bytes,    2005272 total
- age   3:     419896 bytes,    2425168 total
- age   4:    1532280 bytes,    3957448 total
- age   5:      82080 bytes,    4039528 total
- age   6:      47480 bytes,    4087008 total
- age   7:     180016 bytes,    4267024 total
- age   8:     779816 bytes,    5046840 total
: 100711K->9155K(109248K), 0,0273612 secs] 100711K->15213K(502464K), 0,0274392 secs] [Times: user=0,09 sys=0,00, real=0,03 secs] 
Heap after GC invocations=9 (full 1):
 par new generation   total 109248K, used 9155K [0x00000000e0000000, 0x00000000e8000000, 0x00000000e8000000)
  eden space 87424K,   0% used [0x00000000e0000000, 0x00000000e0000000, 0x00000000e5560000)
  from space 21824K,  41% used [0x00000000e6ab0000, 0x00000000e73a0ca0, 0x00000000e8000000)
  to   space 21824K,   0% used [0x00000000e5560000, 0x00000000e5560000, 0x00000000e6ab0000)
 concurrent mark-sweep generation total 393216K, used 6057K [0x00000000e8000000, 0x0000000100000000, 0x0000000100000000)
 Metaspace       used 25087K, capacity 25523K, committed 25724K, reserved 1071104K
  class space    used 2910K, capacity 3083K, committed 3196K, reserved 1048576K
}
2017-08-30T22:39:58.445+0200: 3,692: Total time for which application threads were stopped: 0,0276438 seconds, Stopping threads took: 0,0000454 seconds
2017-08-30T22:39:58.595+0200: 3,842: Total time for which application threads were stopped: 0,0005213 seconds, Stopping threads took: 0,0000264 seconds
2017-08-30T22:39:58.608+0200: 3,855: Total time for which application threads were stopped: 0,0004172 seconds, Stopping threads took: 0,0000216 seconds
2017-08-30T22:39:58.658+0200: 3,905: Total time for which application threads were stopped: 0,0004433 seconds, Stopping threads took: 0,0000372 seconds
2017-08-30T22:39:58.756+0200: 4,003: Total time for which application threads were stopped: 0,0004309 seconds, Stopping threads took: 0,0000241 seconds
2017-08-30T22:39:58.802+0200: 4,049: Total time for which application threads were stopped: 0,0005043 seconds, Stopping threads took: 0,0000271 seconds
2017-08-30T22:40:26.270+0200: 32,057: Total time for which application threads were stopped: 0,0000781 seconds, Stopping threads took: 0,0000209 seconds
2017-08-30T22:41:51.281+0200: 117,067: Total time for which application threads were stopped: 0,0003048 seconds, Stopping threads took: 0,0002106 seconds
2017-08-30T22:41:56.281+0200: 122,068: Total time for which application threads were stopped: 0,0001000 seconds, Stopping threads took: 0,0000308 seconds
2017-08-30T22:42:55.288+0200: 181,074: Total time for which application threads were stopped: 0,0001037 seconds, Stopping threads took: 0,0000399 seconds
2017-08-30T22:44:21.298+0200: 267,084: Total time for which application threads were stopped: 0,0001466 seconds, Stopping threads took: 0,0000545 seconds
2017-08-30T22:44:25.298+0200: 271,085: Total time for which application threads were stopped: 0,0000736 seconds, Stopping threads took: 0,0000186 seconds
2017-08-30T22:44:30.299+0200: 276,086: Total time for which application threads were stopped: 0,0000841 seconds, Stopping threads took: 0,0000309 seconds
2017-08-30T22:44:31.299+0200: 277,086: Total time for which application threads were stopped: 0,0000689 seconds, Stopping threads took: 0,0000160 seconds
2017-08-30T22:44:41.301+0200: 287,087: Total time for which application threads were stopped: 0,0000761 seconds, Stopping threads took: 0,0000190 seconds
2017-08-30T22:45:05.303+0200: 311,090: Total time for which application threads were stopped: 0,0000829 seconds, Stopping threads took: 0,0000302 seconds
2017-08-30T22:45:16.305+0200: 322,091: Total time for which application threads were stopped: 0,0000833 seconds, Stopping threads took: 0,0000193 seconds
2017-08-30T22:46:50.315+0200: 416,101: Total time for which application threads were stopped: 0,0000851 seconds, Stopping threads took: 0,0000295 seconds
2017-08-30T22:47:10.317+0200: 436,104: Total time for which application threads were stopped: 0,0000915 seconds, Stopping threads took: 0,0000327 seconds
2017-08-30T23:03:20.416+0200: 1406,202: Total time for which application threads were stopped: 0,0001123 seconds, Stopping threads took: 0,0000344 seconds
2017-08-30T23:08:25.447+0200: 1711,233: Total time for which application threads were stopped: 0,0000900 seconds, Stopping threads took: 0,0000327 seconds
2017-08-30T23:18:15.506+0200: 2301,293: Total time for which application threads were stopped: 0,0001237 seconds, Stopping threads took: 0,0000422 seconds
2017-08-30T23:18:16.506+0200: 2302,293: Total time for which application threads were stopped: 0,0001050 seconds, Stopping threads took: 0,0000156 seconds
2017-08-30T23:33:11.595+0200: 3197,382: Total time for which application threads were stopped: 0,0001077 seconds, Stopping threads took: 0,0000349 seconds
2017-08-30T23:45:20.668+0200: 3926,455: Total time for which application threads were stopped: 0,0000805 seconds, Stopping threads took: 0,0000296 seconds
2017-08-30T23:45:25.669+0200: 3931,455: Total time for which application threads were stopped: 0,0000778 seconds, Stopping threads took: 0,0000176 seconds
2017-08-30T23:58:11.746+0200: 4697,532: Total time for which application threads were stopped: 0,0001003 seconds, Stopping threads took: 0,0000406 seconds
2017-08-30T23:58:16.746+0200: 4702,533: Total time for which application threads were stopped: 0,0000837 seconds, Stopping threads took: 0,0000176 seconds
2017-08-31T00:24:16.907+0200: 6262,694: Total time for which application threads were stopped: 0,0000799 seconds, Stopping threads took: 0,0000321 seconds
2017-08-31T00:41:56.024+0200: 7321,810: Total time for which application threads were stopped: 0,0000841 seconds, Stopping threads took: 0,0000314 seconds
2017-08-31T00:42:56.033+0200: 7381,820: Total time for which application threads were stopped: 0,0000825 seconds, Stopping threads took: 0,0000320 seconds
2017-08-31T00:47:56.078+0200: 7681,864: Total time for which application threads were stopped: 0,0000816 seconds, Stopping threads took: 0,0000301 seconds
2017-08-31T01:02:07.278+0200: 8533,065: Total time for which application threads were stopped: 0,0125497 seconds, Stopping threads took: 0,0123910 seconds
2017-08-31T01:02:07.351+0200: 8533,137: Total time for which application threads were stopped: 0,0001344 seconds, Stopping threads took: 0,0000302 seconds
Heap
 par new generation   total 109248K, used 76649K [0x00000000e0000000, 0x00000000e8000000, 0x00000000e8000000)
  eden space 87424K,  77% used [0x00000000e0000000, 0x00000000e41e9910, 0x00000000e5560000)
  from space 21824K,  41% used [0x00000000e6ab0000, 0x00000000e73a0ca0, 0x00000000e8000000)
  to   space 21824K,   0% used [0x00000000e5560000, 0x00000000e5560000, 0x00000000e6ab0000)
 concurrent mark-sweep generation total 393216K, used 6057K [0x00000000e8000000, 0x0000000100000000, 0x0000000100000000)
 Metaspace       used 28159K, capacity 28725K, committed 29052K, reserved 1075200K
  class space    used 3226K, capacity 3422K, committed 3452K, reserved 1048576K
