OpenJDK 64-Bit Server VM (25.121-b13) for linux-amd64 JRE (1.8.0_121-8u121-b13-0ubuntu1.16.04.2-b13), built on Jan 23 2017 15:51:29 by "buildd" with gcc 5.4.0 20160609
Memory: 4k page, physical 7867764k(7424068k free), swap 8076284k(8076284k free)
CommandLine flags: -XX:CMSInitiatingOccupancyFraction=50 -XX:CMSMaxAbortablePrecleanTime=6000 -XX:+CMSParallelRemarkEnabled -XX:+CMSScavengeBeforeRemark -XX:ConcGCThreads=4 -XX:InitialHeapSize=536870912 -XX:MaxHeapSize=536870912 -XX:MaxTenuringThreshold=8 -XX:NewRatio=3 -XX:OldPLABSize=16 -XX:OnOutOfMemoryError=/opt/solr/bin/oom_solr.sh 8983 /var/solr/logs -XX:ParallelGCThreads=4 -XX:+ParallelRefProcEnabled -XX:PretenureSizeThreshold=67108864 -XX:+PrintGC -XX:+PrintGCApplicationStoppedTime -XX:+PrintGCDateStamps -XX:+PrintGCDetails -XX:+PrintGCTimeStamps -XX:+PrintHeapAtGC -XX:+PrintTenuringDistribution -XX:SurvivorRatio=4 -XX:TargetSurvivorRatio=90 -XX:ThreadStackSize=256 -XX:+UseCMSInitiatingOccupancyOnly -XX:+UseCompressedClassPointers -XX:+UseCompressedOops -XX:+UseConcMarkSweepGC -XX:+UseParNewGC 
2017-04-28T00:42:02.199+0200: 0,133: Total time for which application threads were stopped: 0,0000690 seconds, Stopping threads took: 0,0000128 seconds
2017-04-28T00:42:02.261+0200: 0,196: Total time for which application threads were stopped: 0,0001109 seconds, Stopping threads took: 0,0000226 seconds
2017-04-28T00:42:02.277+0200: 0,212: Total time for which application threads were stopped: 0,0000895 seconds, Stopping threads took: 0,0000146 seconds
2017-04-28T00:42:02.487+0200: 0,422: Total time for which application threads were stopped: 0,0001362 seconds, Stopping threads took: 0,0000151 seconds
2017-04-28T00:42:02.653+0200: 0,587: Total time for which application threads were stopped: 0,0001481 seconds, Stopping threads took: 0,0000116 seconds
2017-04-28T00:42:02.711+0200: 0,646: Total time for which application threads were stopped: 0,0001817 seconds, Stopping threads took: 0,0000137 seconds
2017-04-28T00:42:02.731+0200: 0,666: Total time for which application threads were stopped: 0,0002037 seconds, Stopping threads took: 0,0000295 seconds
2017-04-28T00:42:03.087+0200: 1,022: Total time for which application threads were stopped: 0,0001709 seconds, Stopping threads took: 0,0000133 seconds
2017-04-28T00:42:03.664+0200: 1,599: Total time for which application threads were stopped: 0,0001894 seconds, Stopping threads took: 0,0000155 seconds
2017-04-28T00:42:03.690+0200: 1,625: Total time for which application threads were stopped: 0,0001909 seconds, Stopping threads took: 0,0000189 seconds
2017-04-28T00:42:03.729+0200: 1,663: Total time for which application threads were stopped: 0,0007143 seconds, Stopping threads took: 0,0004919 seconds
2017-04-28T00:42:03.731+0200: 1,665: Total time for which application threads were stopped: 0,0002132 seconds, Stopping threads took: 0,0000273 seconds
2017-04-28T00:42:03.754+0200: 1,689: Total time for which application threads were stopped: 0,0002274 seconds, Stopping threads took: 0,0000268 seconds
2017-04-28T00:42:03.854+0200: 1,788: Total time for which application threads were stopped: 0,0002493 seconds, Stopping threads took: 0,0000343 seconds
2017-04-28T00:42:04.098+0200: 2,033: Total time for which application threads were stopped: 0,0005960 seconds, Stopping threads took: 0,0000340 seconds
{Heap before GC invocations=0 (full 0):
 par new generation   total 109248K, used 87424K [0x00000000e0000000, 0x00000000e8000000, 0x00000000e8000000)
  eden space 87424K, 100% used [0x00000000e0000000, 0x00000000e5560000, 0x00000000e5560000)
  from space 21824K,   0% used [0x00000000e5560000, 0x00000000e5560000, 0x00000000e6ab0000)
  to   space 21824K,   0% used [0x00000000e6ab0000, 0x00000000e6ab0000, 0x00000000e8000000)
 concurrent mark-sweep generation total 393216K, used 0K [0x00000000e8000000, 0x0000000100000000, 0x0000000100000000)
 Metaspace       used 17836K, capacity 18176K, committed 18304K, reserved 1064960K
  class space    used 2024K, capacity 2164K, committed 2176K, reserved 1048576K
2017-04-28T00:42:04.164+0200: 2,098: [GC (Allocation Failure) 2017-04-28T00:42:04.164+0200: 2,098: [ParNew
Desired survivor size 20112992 bytes, new threshold 8 (max 8)
- age   1:   11615696 bytes,   11615696 total
: 87424K->11457K(109248K), 0,0236034 secs] 87424K->11457K(502464K), 0,0236928 secs] [Times: user=0,04 sys=0,03, real=0,03 secs] 
Heap after GC invocations=1 (full 0):
 par new generation   total 109248K, used 11457K [0x00000000e0000000, 0x00000000e8000000, 0x00000000e8000000)
  eden space 87424K,   0% used [0x00000000e0000000, 0x00000000e0000000, 0x00000000e5560000)
  from space 21824K,  52% used [0x00000000e6ab0000, 0x00000000e75e0790, 0x00000000e8000000)
  to   space 21824K,   0% used [0x00000000e5560000, 0x00000000e5560000, 0x00000000e6ab0000)
 concurrent mark-sweep generation total 393216K, used 0K [0x00000000e8000000, 0x0000000100000000, 0x0000000100000000)
 Metaspace       used 17836K, capacity 18176K, committed 18304K, reserved 1064960K
  class space    used 2024K, capacity 2164K, committed 2176K, reserved 1048576K
}
2017-04-28T00:42:04.187+0200: 2,122: Total time for which application threads were stopped: 0,0279867 seconds, Stopping threads took: 0,0040879 seconds
2017-04-28T00:42:04.605+0200: 2,539: Total time for which application threads were stopped: 0,0003483 seconds, Stopping threads took: 0,0000466 seconds
{Heap before GC invocations=1 (full 0):
 par new generation   total 109248K, used 98881K [0x00000000e0000000, 0x00000000e8000000, 0x00000000e8000000)
  eden space 87424K, 100% used [0x00000000e0000000, 0x00000000e5560000, 0x00000000e5560000)
  from space 21824K,  52% used [0x00000000e6ab0000, 0x00000000e75e0790, 0x00000000e8000000)
  to   space 21824K,   0% used [0x00000000e5560000, 0x00000000e5560000, 0x00000000e6ab0000)
 concurrent mark-sweep generation total 393216K, used 0K [0x00000000e8000000, 0x0000000100000000, 0x0000000100000000)
 Metaspace       used 20037K, capacity 20356K, committed 20736K, reserved 1067008K
  class space    used 2292K, capacity 2466K, committed 2560K, reserved 1048576K
2017-04-28T00:42:04.640+0200: 2,575: [GC (Allocation Failure) 2017-04-28T00:42:04.640+0200: 2,575: [ParNew
Desired survivor size 20112992 bytes, new threshold 8 (max 8)
- age   1:    4189768 bytes,    4189768 total
- age   2:    6176808 bytes,   10366576 total
: 98881K->14682K(109248K), 0,0156750 secs] 98881K->14682K(502464K), 0,0157460 secs] [Times: user=0,05 sys=0,01, real=0,01 secs] 
Heap after GC invocations=2 (full 0):
 par new generation   total 109248K, used 14682K [0x00000000e0000000, 0x00000000e8000000, 0x00000000e8000000)
  eden space 87424K,   0% used [0x00000000e0000000, 0x00000000e0000000, 0x00000000e5560000)
  from space 21824K,  67% used [0x00000000e5560000, 0x00000000e63b6bc0, 0x00000000e6ab0000)
  to   space 21824K,   0% used [0x00000000e6ab0000, 0x00000000e6ab0000, 0x00000000e8000000)
 concurrent mark-sweep generation total 393216K, used 0K [0x00000000e8000000, 0x0000000100000000, 0x0000000100000000)
 Metaspace       used 20037K, capacity 20356K, committed 20736K, reserved 1067008K
  class space    used 2292K, capacity 2466K, committed 2560K, reserved 1048576K
}
2017-04-28T00:42:04.656+0200: 2,591: Total time for which application threads were stopped: 0,0159484 seconds, Stopping threads took: 0,0000757 seconds
2017-04-28T00:42:04.671+0200: 2,605: Total time for which application threads were stopped: 0,0004590 seconds, Stopping threads took: 0,0000860 seconds
2017-04-28T00:42:04.709+0200: 2,644: Total time for which application threads were stopped: 0,0003577 seconds, Stopping threads took: 0,0000693 seconds
2017-04-28T00:42:04.833+0200: 2,768: Total time for which application threads were stopped: 0,0001521 seconds, Stopping threads took: 0,0000337 seconds
{Heap before GC invocations=2 (full 0):
 par new generation   total 109248K, used 102106K [0x00000000e0000000, 0x00000000e8000000, 0x00000000e8000000)
  eden space 87424K, 100% used [0x00000000e0000000, 0x00000000e5560000, 0x00000000e5560000)
  from space 21824K,  67% used [0x00000000e5560000, 0x00000000e63b6bc0, 0x00000000e6ab0000)
  to   space 21824K,   0% used [0x00000000e6ab0000, 0x00000000e6ab0000, 0x00000000e8000000)
 concurrent mark-sweep generation total 393216K, used 0K [0x00000000e8000000, 0x0000000100000000, 0x0000000100000000)
 Metaspace       used 20980K, capacity 21342K, committed 21628K, reserved 1069056K
  class space    used 2413K, capacity 2585K, committed 2684K, reserved 1048576K
2017-04-28T00:42:04.862+0200: 2,797: [GC (Allocation Failure) 2017-04-28T00:42:04.862+0200: 2,797: [ParNew
Desired survivor size 20112992 bytes, new threshold 8 (max 8)
- age   1:    2152456 bytes,    2152456 total
- age   2:    1308416 bytes,    3460872 total
- age   3:    6174416 bytes,    9635288 total
: 102106K->11263K(109248K), 0,0111909 secs] 102106K->11263K(502464K), 0,0112838 secs] [Times: user=0,04 sys=0,00, real=0,01 secs] 
Heap after GC invocations=3 (full 0):
 par new generation   total 109248K, used 11263K [0x00000000e0000000, 0x00000000e8000000, 0x00000000e8000000)
  eden space 87424K,   0% used [0x00000000e0000000, 0x00000000e0000000, 0x00000000e5560000)
  from space 21824K,  51% used [0x00000000e6ab0000, 0x00000000e75afc40, 0x00000000e8000000)
  to   space 21824K,   0% used [0x00000000e5560000, 0x00000000e5560000, 0x00000000e6ab0000)
 concurrent mark-sweep generation total 393216K, used 0K [0x00000000e8000000, 0x0000000100000000, 0x0000000100000000)
 Metaspace       used 20980K, capacity 21342K, committed 21628K, reserved 1069056K
  class space    used 2413K, capacity 2585K, committed 2684K, reserved 1048576K
}
2017-04-28T00:42:04.874+0200: 2,808: Total time for which application threads were stopped: 0,0115015 seconds, Stopping threads took: 0,0000563 seconds
2017-04-28T00:42:04.874+0200: 2,808: [GC (CMS Initial Mark) [1 CMS-initial-mark: 0K(393216K)] 11295K(502464K), 0,0050937 secs] [Times: user=0,01 sys=0,00, real=0,01 secs] 
2017-04-28T00:42:04.879+0200: 2,813: Total time for which application threads were stopped: 0,0052711 seconds, Stopping threads took: 0,0000593 seconds
2017-04-28T00:42:04.879+0200: 2,813: [CMS-concurrent-mark-start]
2017-04-28T00:42:04.879+0200: 2,814: [CMS-concurrent-mark: 0,000/0,000 secs] [Times: user=0,01 sys=0,00, real=0,00 secs] 
2017-04-28T00:42:04.879+0200: 2,814: [CMS-concurrent-preclean-start]
2017-04-28T00:42:04.880+0200: 2,815: [CMS-concurrent-preclean: 0,001/0,001 secs] [Times: user=0,00 sys=0,00, real=0,00 secs] 
2017-04-28T00:42:04.881+0200: 2,815: [GC (CMS Final Remark) [YG occupancy: 13464 K (109248 K)]{Heap before GC invocations=3 (full 1):
 par new generation   total 109248K, used 13464K [0x00000000e0000000, 0x00000000e8000000, 0x00000000e8000000)
  eden space 87424K,   2% used [0x00000000e0000000, 0x00000000e0226568, 0x00000000e5560000)
  from space 21824K,  51% used [0x00000000e6ab0000, 0x00000000e75afc40, 0x00000000e8000000)
  to   space 21824K,   0% used [0x00000000e5560000, 0x00000000e5560000, 0x00000000e6ab0000)
 concurrent mark-sweep generation total 393216K, used 0K [0x00000000e8000000, 0x0000000100000000, 0x0000000100000000)
 Metaspace       used 20984K, capacity 21342K, committed 21628K, reserved 1069056K
  class space    used 2415K, capacity 2585K, committed 2684K, reserved 1048576K
2017-04-28T00:42:04.881+0200: 2,815: [GC (CMS Final Remark) 2017-04-28T00:42:04.881+0200: 2,815: [ParNew
Desired survivor size 20112992 bytes, new threshold 8 (max 8)
- age   1:     322440 bytes,     322440 total
- age   2:    2112488 bytes,    2434928 total
- age   3:    1308416 bytes,    3743344 total
- age   4:    6174576 bytes,    9917920 total
: 13464K->16929K(109248K), 0,0092454 secs] 13464K->16929K(502464K), 0,0092878 secs] [Times: user=0,03 sys=0,00, real=0,01 secs] 
Heap after GC invocations=4 (full 1):
 par new generation   total 109248K, used 16929K [0x00000000e0000000, 0x00000000e8000000, 0x00000000e8000000)
  eden space 87424K,   0% used [0x00000000e0000000, 0x00000000e0000000, 0x00000000e5560000)
  from space 21824K,  77% used [0x00000000e5560000, 0x00000000e65e8780, 0x00000000e6ab0000)
  to   space 21824K,   0% used [0x00000000e6ab0000, 0x00000000e6ab0000, 0x00000000e8000000)
 concurrent mark-sweep generation total 393216K, used 0K [0x00000000e8000000, 0x0000000100000000, 0x0000000100000000)
 Metaspace       used 20984K, capacity 21342K, committed 21628K, reserved 1069056K
  class space    used 2415K, capacity 2585K, committed 2684K, reserved 1048576K
}
2017-04-28T00:42:04.890+0200: 2,825: [Rescan (parallel) , 0,0030908 secs]2017-04-28T00:42:04.893+0200: 2,828: [weak refs processing, 0,0066653 secs]2017-04-28T00:42:04.900+0200: 2,834: [class unloading, 0,0028401 secs]2017-04-28T00:42:04.903+0200: 2,837: [scrub symbol table, 0,0037797 secs]2017-04-28T00:42:04.907+0200: 2,841: [scrub string table, 0,0003933 secs][1 CMS-remark: 0K(393216K)] 16929K(502464K), 0,0267107 secs] [Times: user=0,06 sys=0,01, real=0,03 secs] 
2017-04-28T00:42:04.907+0200: 2,842: Total time for which application threads were stopped: 0,0268467 seconds, Stopping threads took: 0,0000619 seconds
2017-04-28T00:42:04.908+0200: 2,842: [CMS-concurrent-sweep-start]
2017-04-28T00:42:04.908+0200: 2,842: [CMS-concurrent-sweep: 0,000/0,000 secs] [Times: user=0,00 sys=0,00, real=0,00 secs] 
2017-04-28T00:42:04.908+0200: 2,842: [CMS-concurrent-reset-start]
2017-04-28T00:42:04.910+0200: 2,844: [CMS-concurrent-reset: 0,002/0,002 secs] [Times: user=0,01 sys=0,00, real=0,00 secs] 
{Heap before GC invocations=4 (full 1):
 par new generation   total 109248K, used 104353K [0x00000000e0000000, 0x00000000e8000000, 0x00000000e8000000)
  eden space 87424K, 100% used [0x00000000e0000000, 0x00000000e5560000, 0x00000000e5560000)
  from space 21824K,  77% used [0x00000000e5560000, 0x00000000e65e8780, 0x00000000e6ab0000)
  to   space 21824K,   0% used [0x00000000e6ab0000, 0x00000000e6ab0000, 0x00000000e8000000)
 concurrent mark-sweep generation total 393216K, used 0K [0x00000000e8000000, 0x0000000100000000, 0x0000000100000000)
 Metaspace       used 21243K, capacity 21618K, committed 21884K, reserved 1069056K
  class space    used 2446K, capacity 2600K, committed 2684K, reserved 1048576K
2017-04-28T00:42:05.014+0200: 2,948: [GC (Allocation Failure) 2017-04-28T00:42:05.014+0200: 2,948: [ParNew
Desired survivor size 20112992 bytes, new threshold 8 (max 8)
- age   1:    1309984 bytes,    1309984 total
- age   2:       1912 bytes,    1311896 total
- age   3:    1477000 bytes,    2788896 total
- age   4:    1283240 bytes,    4072136 total
- age   5:    6174608 bytes,   10246744 total
: 104353K->12478K(109248K), 0,0099800 secs] 104353K->12478K(502464K), 0,0100680 secs] [Times: user=0,03 sys=0,00, real=0,01 secs] 
Heap after GC invocations=5 (full 1):
 par new generation   total 109248K, used 12478K [0x00000000e0000000, 0x00000000e8000000, 0x00000000e8000000)
  eden space 87424K,   0% used [0x00000000e0000000, 0x00000000e0000000, 0x00000000e5560000)
  from space 21824K,  57% used [0x00000000e6ab0000, 0x00000000e76df930, 0x00000000e8000000)
  to   space 21824K,   0% used [0x00000000e5560000, 0x00000000e5560000, 0x00000000e6ab0000)
 concurrent mark-sweep generation total 393216K, used 0K [0x00000000e8000000, 0x0000000100000000, 0x0000000100000000)
 Metaspace       used 21243K, capacity 21618K, committed 21884K, reserved 1069056K
  class space    used 2446K, capacity 2600K, committed 2684K, reserved 1048576K
}
2017-04-28T00:42:05.024+0200: 2,959: Total time for which application threads were stopped: 0,0102982 seconds, Stopping threads took: 0,0000629 seconds
{Heap before GC invocations=5 (full 1):
 par new generation   total 109248K, used 99902K [0x00000000e0000000, 0x00000000e8000000, 0x00000000e8000000)
  eden space 87424K, 100% used [0x00000000e0000000, 0x00000000e5560000, 0x00000000e5560000)
  from space 21824K,  57% used [0x00000000e6ab0000, 0x00000000e76df930, 0x00000000e8000000)
  to   space 21824K,   0% used [0x00000000e5560000, 0x00000000e5560000, 0x00000000e6ab0000)
 concurrent mark-sweep generation total 393216K, used 0K [0x00000000e8000000, 0x0000000100000000, 0x0000000100000000)
 Metaspace       used 21443K, capacity 21784K, committed 21884K, reserved 1069056K
  class space    used 2469K, capacity 2633K, committed 2684K, reserved 1048576K
2017-04-28T00:42:05.103+0200: 3,038: [GC (Allocation Failure) 2017-04-28T00:42:05.103+0200: 3,038: [ParNew
Desired survivor size 20112992 bytes, new threshold 8 (max 8)
- age   1:    1057576 bytes,    1057576 total
- age   2:     182336 bytes,    1239912 total
- age   3:       1912 bytes,    1241824 total
- age   4:    1476288 bytes,    2718112 total
- age   5:    1281288 bytes,    3999400 total
- age   6:    6174392 bytes,   10173792 total
: 99902K->15118K(109248K), 0,0107063 secs] 99902K->15118K(502464K), 0,0107781 secs] [Times: user=0,04 sys=0,01, real=0,01 secs] 
Heap after GC invocations=6 (full 1):
 par new generation   total 109248K, used 15118K [0x00000000e0000000, 0x00000000e8000000, 0x00000000e8000000)
  eden space 87424K,   0% used [0x00000000e0000000, 0x00000000e0000000, 0x00000000e5560000)
  from space 21824K,  69% used [0x00000000e5560000, 0x00000000e6423a18, 0x00000000e6ab0000)
  to   space 21824K,   0% used [0x00000000e6ab0000, 0x00000000e6ab0000, 0x00000000e8000000)
 concurrent mark-sweep generation total 393216K, used 0K [0x00000000e8000000, 0x0000000100000000, 0x0000000100000000)
 Metaspace       used 21443K, capacity 21784K, committed 21884K, reserved 1069056K
  class space    used 2469K, capacity 2633K, committed 2684K, reserved 1048576K
}
2017-04-28T00:42:05.114+0200: 3,048: Total time for which application threads were stopped: 0,0110282 seconds, Stopping threads took: 0,0000962 seconds
2017-04-28T00:42:05.136+0200: 3,070: Total time for which application threads were stopped: 0,0003426 seconds, Stopping threads took: 0,0000687 seconds
2017-04-28T00:42:05.389+0200: 3,323: Total time for which application threads were stopped: 0,0005018 seconds, Stopping threads took: 0,0000252 seconds
2017-04-28T00:42:05.403+0200: 3,338: Total time for which application threads were stopped: 0,0004893 seconds, Stopping threads took: 0,0000814 seconds
{Heap before GC invocations=6 (full 1):
 par new generation   total 109248K, used 102542K [0x00000000e0000000, 0x00000000e8000000, 0x00000000e8000000)
  eden space 87424K, 100% used [0x00000000e0000000, 0x00000000e5560000, 0x00000000e5560000)
  from space 21824K,  69% used [0x00000000e5560000, 0x00000000e6423a18, 0x00000000e6ab0000)
  to   space 21824K,   0% used [0x00000000e6ab0000, 0x00000000e6ab0000, 0x00000000e8000000)
 concurrent mark-sweep generation total 393216K, used 0K [0x00000000e8000000, 0x0000000100000000, 0x0000000100000000)
 Metaspace       used 23923K, capacity 24382K, committed 24572K, reserved 1071104K
  class space    used 2810K, capacity 3008K, committed 3068K, reserved 1048576K
2017-04-28T00:42:05.542+0200: 3,476: [GC (Allocation Failure) 2017-04-28T00:42:05.542+0200: 3,476: [ParNew
Desired survivor size 20112992 bytes, new threshold 8 (max 8)
- age   1:    5138760 bytes,    5138760 total
- age   2:     138000 bytes,    5276760 total
- age   3:     181064 bytes,    5457824 total
- age   4:       1912 bytes,    5459736 total
- age   5:     307112 bytes,    5766848 total
- age   6:    1256896 bytes,    7023744 total
- age   7:    6166376 bytes,   13190120 total
: 102542K->16252K(109248K), 0,0120802 secs] 102542K->16252K(502464K), 0,0121675 secs] [Times: user=0,05 sys=0,00, real=0,01 secs] 
Heap after GC invocations=7 (full 1):
 par new generation   total 109248K, used 16252K [0x00000000e0000000, 0x00000000e8000000, 0x00000000e8000000)
  eden space 87424K,   0% used [0x00000000e0000000, 0x00000000e0000000, 0x00000000e5560000)
  from space 21824K,  74% used [0x00000000e6ab0000, 0x00000000e7a8f2c0, 0x00000000e8000000)
  to   space 21824K,   0% used [0x00000000e5560000, 0x00000000e5560000, 0x00000000e6ab0000)
 concurrent mark-sweep generation total 393216K, used 0K [0x00000000e8000000, 0x0000000100000000, 0x0000000100000000)
 Metaspace       used 23923K, capacity 24382K, committed 24572K, reserved 1071104K
  class space    used 2810K, capacity 3008K, committed 3068K, reserved 1048576K
}
2017-04-28T00:42:05.554+0200: 3,489: Total time for which application threads were stopped: 0,0124479 seconds, Stopping threads took: 0,0000687 seconds
{Heap before GC invocations=7 (full 1):
 par new generation   total 109248K, used 103676K [0x00000000e0000000, 0x00000000e8000000, 0x00000000e8000000)
  eden space 87424K, 100% used [0x00000000e0000000, 0x00000000e5560000, 0x00000000e5560000)
  from space 21824K,  74% used [0x00000000e6ab0000, 0x00000000e7a8f2c0, 0x00000000e8000000)
  to   space 21824K,   0% used [0x00000000e5560000, 0x00000000e5560000, 0x00000000e6ab0000)
 concurrent mark-sweep generation total 393216K, used 0K [0x00000000e8000000, 0x0000000100000000, 0x0000000100000000)
 Metaspace       used 24496K, capacity 24932K, committed 25084K, reserved 1071104K
  class space    used 2859K, capacity 3041K, committed 3068K, reserved 1048576K
2017-04-28T00:42:05.651+0200: 3,586: [GC (Allocation Failure) 2017-04-28T00:42:05.651+0200: 3,586: [ParNew
Desired survivor size 20112992 bytes, new threshold 8 (max 8)
- age   1:    2037512 bytes,    2037512 total
- age   2:    1771296 bytes,    3808808 total
- age   3:      63944 bytes,    3872752 total
- age   4:     101088 bytes,    3973840 total
- age   5:       1536 bytes,    3975376 total
- age   6:     185800 bytes,    4161176 total
- age   7:     930888 bytes,    5092064 total
- age   8:    5939512 bytes,   11031576 total
: 103676K->16232K(109248K), 0,0302505 secs] 103676K->16232K(502464K), 0,0303395 secs] [Times: user=0,07 sys=0,00, real=0,03 secs] 
Heap after GC invocations=8 (full 1):
 par new generation   total 109248K, used 16232K [0x00000000e0000000, 0x00000000e8000000, 0x00000000e8000000)
  eden space 87424K,   0% used [0x00000000e0000000, 0x00000000e0000000, 0x00000000e5560000)
  from space 21824K,  74% used [0x00000000e5560000, 0x00000000e653a0d0, 0x00000000e6ab0000)
  to   space 21824K,   0% used [0x00000000e6ab0000, 0x00000000e6ab0000, 0x00000000e8000000)
 concurrent mark-sweep generation total 393216K, used 0K [0x00000000e8000000, 0x0000000100000000, 0x0000000100000000)
 Metaspace       used 24496K, capacity 24932K, committed 25084K, reserved 1071104K
  class space    used 2859K, capacity 3041K, committed 3068K, reserved 1048576K
}
2017-04-28T00:42:05.682+0200: 3,616: Total time for which application threads were stopped: 0,0307202 seconds, Stopping threads took: 0,0001709 seconds
{Heap before GC invocations=8 (full 1):
 par new generation   total 109248K, used 103656K [0x00000000e0000000, 0x00000000e8000000, 0x00000000e8000000)
  eden space 87424K, 100% used [0x00000000e0000000, 0x00000000e5560000, 0x00000000e5560000)
  from space 21824K,  74% used [0x00000000e5560000, 0x00000000e653a0d0, 0x00000000e6ab0000)
  to   space 21824K,   0% used [0x00000000e6ab0000, 0x00000000e6ab0000, 0x00000000e8000000)
 concurrent mark-sweep generation total 393216K, used 0K [0x00000000e8000000, 0x0000000100000000, 0x0000000100000000)
 Metaspace       used 24930K, capacity 25374K, committed 25724K, reserved 1071104K
  class space    used 2899K, capacity 3078K, committed 3196K, reserved 1048576K
2017-04-28T00:42:05.778+0200: 3,713: [GC (Allocation Failure) 2017-04-28T00:42:05.778+0200: 3,713: [ParNew
Desired survivor size 20112992 bytes, new threshold 8 (max 8)
- age   1:     789496 bytes,     789496 total
- age   2:    1023080 bytes,    1812576 total
- age   3:    1748640 bytes,    3561216 total
- age   4:      63944 bytes,    3625160 total
- age   5:     100984 bytes,    3726144 total
- age   6:       1536 bytes,    3727680 total
- age   7:     185464 bytes,    3913144 total
- age   8:     930888 bytes,    4844032 total
: 103656K->6748K(109248K), 0,0292695 secs] 103656K->12630K(502464K), 0,0293422 secs] [Times: user=0,10 sys=0,00, real=0,03 secs] 
Heap after GC invocations=9 (full 1):
 par new generation   total 109248K, used 6748K [0x00000000e0000000, 0x00000000e8000000, 0x00000000e8000000)
  eden space 87424K,   0% used [0x00000000e0000000, 0x00000000e0000000, 0x00000000e5560000)
  from space 21824K,  30% used [0x00000000e6ab0000, 0x00000000e71470f8, 0x00000000e8000000)
  to   space 21824K,   0% used [0x00000000e5560000, 0x00000000e5560000, 0x00000000e6ab0000)
 concurrent mark-sweep generation total 393216K, used 5882K [0x00000000e8000000, 0x0000000100000000, 0x0000000100000000)
 Metaspace       used 24930K, capacity 25374K, committed 25724K, reserved 1071104K
  class space    used 2899K, capacity 3078K, committed 3196K, reserved 1048576K
}
2017-04-28T00:42:05.808+0200: 3,742: Total time for which application threads were stopped: 0,0329728 seconds, Stopping threads took: 0,0034581 seconds
2017-04-28T00:42:06.002+0200: 3,937: Total time for which application threads were stopped: 0,0005310 seconds, Stopping threads took: 0,0000357 seconds
2017-04-28T00:42:06.041+0200: 3,975: Total time for which application threads were stopped: 0,0004094 seconds, Stopping threads took: 0,0000355 seconds
2017-04-28T00:42:06.055+0200: 3,989: Total time for which application threads were stopped: 0,0003766 seconds, Stopping threads took: 0,0000228 seconds
2017-04-28T00:42:06.100+0200: 4,034: Total time for which application threads were stopped: 0,0003893 seconds, Stopping threads took: 0,0000245 seconds
2017-04-28T00:42:06.117+0200: 4,051: Total time for which application threads were stopped: 0,0004548 seconds, Stopping threads took: 0,0000656 seconds
2017-04-28T00:42:06.120+0200: 4,054: Total time for which application threads were stopped: 0,0001435 seconds, Stopping threads took: 0,0000383 seconds
2017-04-28T00:42:06.120+0200: 4,055: Total time for which application threads were stopped: 0,0001096 seconds, Stopping threads took: 0,0000311 seconds
2017-04-28T00:42:06.121+0200: 4,055: Total time for which application threads were stopped: 0,0001006 seconds, Stopping threads took: 0,0000297 seconds
2017-04-28T00:42:06.121+0200: 4,056: Total time for which application threads were stopped: 0,0000731 seconds, Stopping threads took: 0,0000170 seconds
2017-04-28T00:42:06.123+0200: 4,057: Total time for which application threads were stopped: 0,0001122 seconds, Stopping threads took: 0,0000216 seconds
2017-04-28T00:42:06.123+0200: 4,057: Total time for which application threads were stopped: 0,0000778 seconds, Stopping threads took: 0,0000185 seconds
2017-04-28T00:42:06.123+0200: 4,058: Total time for which application threads were stopped: 0,0000717 seconds, Stopping threads took: 0,0000137 seconds
2017-04-28T00:42:06.123+0200: 4,058: Total time for which application threads were stopped: 0,0000782 seconds, Stopping threads took: 0,0000265 seconds
2017-04-28T00:42:06.123+0200: 4,058: Total time for which application threads were stopped: 0,0000528 seconds, Stopping threads took: 0,0000097 seconds
2017-04-28T00:42:06.124+0200: 4,058: Total time for which application threads were stopped: 0,0000604 seconds, Stopping threads took: 0,0000138 seconds
2017-04-28T00:42:06.124+0200: 4,058: Total time for which application threads were stopped: 0,0000638 seconds, Stopping threads took: 0,0000183 seconds
2017-04-28T00:42:06.124+0200: 4,058: Total time for which application threads were stopped: 0,0000531 seconds, Stopping threads took: 0,0000102 seconds
2017-04-28T00:42:06.124+0200: 4,058: Total time for which application threads were stopped: 0,0000548 seconds, Stopping threads took: 0,0000124 seconds
2017-04-28T00:42:06.124+0200: 4,058: Total time for which application threads were stopped: 0,0000462 seconds, Stopping threads took: 0,0000161 seconds
2017-04-28T00:42:06.124+0200: 4,059: Total time for which application threads were stopped: 0,0000671 seconds, Stopping threads took: 0,0000202 seconds
2017-04-28T00:42:06.124+0200: 4,059: Total time for which application threads were stopped: 0,0000544 seconds, Stopping threads took: 0,0000157 seconds
2017-04-28T00:42:06.124+0200: 4,059: Total time for which application threads were stopped: 0,0000517 seconds, Stopping threads took: 0,0000145 seconds
2017-04-28T00:42:06.125+0200: 4,059: Total time for which application threads were stopped: 0,0000552 seconds, Stopping threads took: 0,0000161 seconds
2017-04-28T00:42:06.125+0200: 4,059: Total time for which application threads were stopped: 0,0000494 seconds, Stopping threads took: 0,0000186 seconds
2017-04-28T00:42:06.125+0200: 4,059: Total time for which application threads were stopped: 0,0001099 seconds, Stopping threads took: 0,0000077 seconds
2017-04-28T00:42:06.125+0200: 4,060: Total time for which application threads were stopped: 0,0000607 seconds, Stopping threads took: 0,0000163 seconds
2017-04-28T00:42:06.125+0200: 4,060: Total time for which application threads were stopped: 0,0000418 seconds, Stopping threads took: 0,0000066 seconds
2017-04-28T00:42:06.125+0200: 4,060: Total time for which application threads were stopped: 0,0000376 seconds, Stopping threads took: 0,0000075 seconds
2017-04-28T00:42:06.125+0200: 4,060: Total time for which application threads were stopped: 0,0000358 seconds, Stopping threads took: 0,0000065 seconds
2017-04-28T00:42:06.126+0200: 4,060: Total time for which application threads were stopped: 0,0000446 seconds, Stopping threads took: 0,0000136 seconds
2017-04-28T00:42:06.126+0200: 4,060: Total time for which application threads were stopped: 0,0000502 seconds, Stopping threads took: 0,0000149 seconds
2017-04-28T00:42:06.126+0200: 4,060: Total time for which application threads were stopped: 0,0000362 seconds, Stopping threads took: 0,0000068 seconds
2017-04-28T00:42:06.126+0200: 4,060: Total time for which application threads were stopped: 0,0000391 seconds, Stopping threads took: 0,0000103 seconds
2017-04-28T00:42:06.126+0200: 4,060: Total time for which application threads were stopped: 0,0000377 seconds, Stopping threads took: 0,0000066 seconds
2017-04-28T00:42:06.126+0200: 4,060: Total time for which application threads were stopped: 0,0000369 seconds, Stopping threads took: 0,0000063 seconds
2017-04-28T00:42:06.126+0200: 4,061: Total time for which application threads were stopped: 0,0000842 seconds, Stopping threads took: 0,0000336 seconds
2017-04-28T00:42:06.126+0200: 4,061: Total time for which application threads were stopped: 0,0000823 seconds, Stopping threads took: 0,0000177 seconds
2017-04-28T00:42:06.130+0200: 4,065: Total time for which application threads were stopped: 0,0000975 seconds, Stopping threads took: 0,0000188 seconds
2017-04-28T00:42:06.130+0200: 4,065: Total time for which application threads were stopped: 0,0002148 seconds, Stopping threads took: 0,0001660 seconds
2017-04-28T00:42:06.131+0200: 4,065: Total time for which application threads were stopped: 0,0001483 seconds, Stopping threads took: 0,0001141 seconds
2017-04-28T00:42:06.131+0200: 4,065: Total time for which application threads were stopped: 0,0000875 seconds, Stopping threads took: 0,0000315 seconds
2017-04-28T00:42:06.131+0200: 4,066: Total time for which application threads were stopped: 0,0000630 seconds, Stopping threads took: 0,0000183 seconds
2017-04-28T00:42:06.131+0200: 4,066: Total time for which application threads were stopped: 0,0000639 seconds, Stopping threads took: 0,0000179 seconds
2017-04-28T00:42:06.131+0200: 4,066: Total time for which application threads were stopped: 0,0000823 seconds, Stopping threads took: 0,0000181 seconds
2017-04-28T00:42:06.132+0200: 4,066: Total time for which application threads were stopped: 0,0001490 seconds, Stopping threads took: 0,0000165 seconds
2017-04-28T00:42:06.133+0200: 4,067: Total time for which application threads were stopped: 0,0001290 seconds, Stopping threads took: 0,0000264 seconds
2017-04-28T00:42:06.133+0200: 4,068: Total time for which application threads were stopped: 0,0001165 seconds, Stopping threads took: 0,0000389 seconds
2017-04-28T00:42:06.138+0200: 4,072: Total time for which application threads were stopped: 0,0000984 seconds, Stopping threads took: 0,0000190 seconds
2017-04-28T00:42:06.167+0200: 4,101: Total time for which application threads were stopped: 0,0001858 seconds, Stopping threads took: 0,0000459 seconds
2017-04-28T00:42:06.193+0200: 4,127: Total time for which application threads were stopped: 0,0001696 seconds, Stopping threads took: 0,0000715 seconds
2017-04-28T00:42:06.194+0200: 4,128: Total time for which application threads were stopped: 0,0004041 seconds, Stopping threads took: 0,0000203 seconds
2017-04-28T00:42:06.198+0200: 4,133: Total time for which application threads were stopped: 0,0001186 seconds, Stopping threads took: 0,0000445 seconds
2017-04-28T00:42:07.198+0200: 5,133: Total time for which application threads were stopped: 0,0000798 seconds, Stopping threads took: 0,0000182 seconds
2017-04-28T00:42:33.201+0200: 31,135: Total time for which application threads were stopped: 0,0001697 seconds, Stopping threads took: 0,0000442 seconds
2017-04-28T00:44:03.504+0200: 122,145: Total time for which application threads were stopped: 0,0000813 seconds, Stopping threads took: 0,0000322 seconds
2017-04-28T00:44:08.505+0200: 127,146: Total time for which application threads were stopped: 0,0000820 seconds, Stopping threads took: 0,0000305 seconds
2017-04-28T00:45:02.510+0200: 181,152: Total time for which application threads were stopped: 0,0001792 seconds, Stopping threads took: 0,0000702 seconds
{Heap before GC invocations=9 (full 1):
 par new generation   total 109248K, used 94172K [0x00000000e0000000, 0x00000000e8000000, 0x00000000e8000000)
  eden space 87424K, 100% used [0x00000000e0000000, 0x00000000e5560000, 0x00000000e5560000)
  from space 21824K,  30% used [0x00000000e6ab0000, 0x00000000e71470f8, 0x00000000e8000000)
  to   space 21824K,   0% used [0x00000000e5560000, 0x00000000e5560000, 0x00000000e6ab0000)
 concurrent mark-sweep generation total 393216K, used 5882K [0x00000000e8000000, 0x0000000100000000, 0x0000000100000000)
 Metaspace       used 28063K, capacity 28618K, committed 28796K, reserved 1075200K
  class space    used 3210K, capacity 3386K, committed 3452K, reserved 1048576K
2017-04-28T00:46:31.963+0200: 270,605: [GC (Allocation Failure) 2017-04-28T00:46:31.964+0200: 270,605: [ParNew
Desired survivor size 20112992 bytes, new threshold 8 (max 8)
- age   1:   10833536 bytes,   10833536 total
- age   2:     227352 bytes,   11060888 total
- age   3:     243400 bytes,   11304288 total
- age   4:    1743936 bytes,   13048224 total
- age   5:      63944 bytes,   13112168 total
- age   6:      98344 bytes,   13210512 total
- age   7:       1536 bytes,   13212048 total
- age   8:     185208 bytes,   13397256 total
: 94172K->14670K(109248K), 0,0199326 secs] 100054K->21571K(502464K), 0,0200075 secs] [Times: user=0,05 sys=0,01, real=0,02 secs] 
Heap after GC invocations=10 (full 1):
 par new generation   total 109248K, used 14670K [0x00000000e0000000, 0x00000000e8000000, 0x00000000e8000000)
  eden space 87424K,   0% used [0x00000000e0000000, 0x00000000e0000000, 0x00000000e5560000)
  from space 21824K,  67% used [0x00000000e5560000, 0x00000000e63b3990, 0x00000000e6ab0000)
  to   space 21824K,   0% used [0x00000000e6ab0000, 0x00000000e6ab0000, 0x00000000e8000000)
 concurrent mark-sweep generation total 393216K, used 6901K [0x00000000e8000000, 0x0000000100000000, 0x0000000100000000)
 Metaspace       used 28063K, capacity 28618K, committed 28796K, reserved 1075200K
  class space    used 3210K, capacity 3386K, committed 3452K, reserved 1048576K
}
2017-04-28T00:46:31.984+0200: 270,625: Total time for which application threads were stopped: 0,0201825 seconds, Stopping threads took: 0,0000337 seconds
2017-04-28T00:46:36.984+0200: 275,626: Total time for which application threads were stopped: 0,0002130 seconds, Stopping threads took: 0,0000954 seconds
2017-04-28T01:05:32.126+0200: 1410,767: Total time for which application threads were stopped: 0,0000841 seconds, Stopping threads took: 0,0000341 seconds
2017-04-28T01:10:12.161+0200: 1690,802: Total time for which application threads were stopped: 0,0000879 seconds, Stopping threads took: 0,0000342 seconds
2017-04-28T01:20:24.251+0200: 2302,892: Total time for which application threads were stopped: 0,0000833 seconds, Stopping threads took: 0,0000318 seconds
2017-04-28T01:20:27.251+0200: 2305,893: Total time for which application threads were stopped: 0,0000967 seconds, Stopping threads took: 0,0000378 seconds
2017-04-28T01:23:03.277+0200: 2461,918: Total time for which application threads were stopped: 0,0002389 seconds, Stopping threads took: 0,0001222 seconds
2017-04-28T01:23:33.282+0200: 2491,923: Total time for which application threads were stopped: 0,0001717 seconds, Stopping threads took: 0,0000636 seconds
2017-04-28T01:35:18.392+0200: 3197,033: Total time for which application threads were stopped: 0,0000852 seconds, Stopping threads took: 0,0000332 seconds
2017-04-28T01:40:02.438+0200: 3481,079: Total time for which application threads were stopped: 0,0000889 seconds, Stopping threads took: 0,0000326 seconds
2017-04-28T01:43:47.476+0200: 3706,117: Total time for which application threads were stopped: 0,0001672 seconds, Stopping threads took: 0,0000564 seconds
2017-04-28T01:44:27.482+0200: 3746,124: Total time for which application threads were stopped: 0,0001034 seconds, Stopping threads took: 0,0000383 seconds
2017-04-28T01:45:32.490+0200: 3811,132: Total time for which application threads were stopped: 0,0001164 seconds, Stopping threads took: 0,0000370 seconds
2017-04-28T01:45:37.491+0200: 3816,132: Total time for which application threads were stopped: 0,0000706 seconds, Stopping threads took: 0,0000154 seconds
2017-04-28T01:58:04.184+0200: 4562,825: Total time for which application threads were stopped: 0,0043993 seconds, Stopping threads took: 0,0042877 seconds
2017-04-28T01:58:04.201+0200: 4562,842: Total time for which application threads were stopped: 0,0000797 seconds, Stopping threads took: 0,0000137 seconds
2017-04-28T01:58:04.209+0200: 4562,850: Total time for which application threads were stopped: 0,0061299 seconds, Stopping threads took: 0,0060143 seconds
2017-04-28T01:58:04.211+0200: 4562,852: Total time for which application threads were stopped: 0,0001113 seconds, Stopping threads took: 0,0000401 seconds
2017-04-28T01:58:04.222+0200: 4562,863: Total time for which application threads were stopped: 0,0001442 seconds, Stopping threads took: 0,0000311 seconds
2017-04-28T01:58:04.222+0200: 4562,864: Total time for which application threads were stopped: 0,0001266 seconds, Stopping threads took: 0,0000282 seconds
Heap
 par new generation   total 109248K, used 36452K [0x00000000e0000000, 0x00000000e8000000, 0x00000000e8000000)
  eden space 87424K,  24% used [0x00000000e0000000, 0x00000000e1545970, 0x00000000e5560000)
  from space 21824K,  67% used [0x00000000e5560000, 0x00000000e63b3990, 0x00000000e6ab0000)
  to   space 21824K,   0% used [0x00000000e6ab0000, 0x00000000e6ab0000, 0x00000000e8000000)
 concurrent mark-sweep generation total 393216K, used 6901K [0x00000000e8000000, 0x0000000100000000, 0x0000000100000000)
 Metaspace       used 28173K, capacity 28690K, committed 29052K, reserved 1075200K
  class space    used 3224K, capacity 3388K, committed 3452K, reserved 1048576K
