OpenJDK 64-Bit Server VM (25.121-b13) for linux-amd64 JRE (1.8.0_121-8u121-b13-0ubuntu1.16.04.2-b13), built on Jan 23 2017 15:51:29 by "buildd" with gcc 5.4.0 20160609
Memory: 4k page, physical 7867764k(7441520k free), swap 8076284k(8076284k free)
CommandLine flags: -XX:CMSInitiatingOccupancyFraction=50 -XX:CMSMaxAbortablePrecleanTime=6000 -XX:+CMSParallelRemarkEnabled -XX:+CMSScavengeBeforeRemark -XX:ConcGCThreads=4 -XX:InitialHeapSize=536870912 -XX:MaxHeapSize=536870912 -XX:MaxTenuringThreshold=8 -XX:NewRatio=3 -XX:OldPLABSize=16 -XX:OnOutOfMemoryError=/opt/solr/bin/oom_solr.sh 8983 /var/solr/logs -XX:ParallelGCThreads=4 -XX:+ParallelRefProcEnabled -XX:PretenureSizeThreshold=67108864 -XX:+PrintGC -XX:+PrintGCApplicationStoppedTime -XX:+PrintGCDateStamps -XX:+PrintGCDetails -XX:+PrintGCTimeStamps -XX:+PrintHeapAtGC -XX:+PrintTenuringDistribution -XX:SurvivorRatio=4 -XX:TargetSurvivorRatio=90 -XX:ThreadStackSize=256 -XX:+UseCMSInitiatingOccupancyOnly -XX:+UseCompressedClassPointers -XX:+UseCompressedOops -XX:+UseConcMarkSweepGC -XX:+UseParNewGC 
2017-05-05T19:07:49.643+0200: 0,162: Total time for which application threads were stopped: 0,0000686 seconds, Stopping threads took: 0,0000106 seconds
2017-05-05T19:07:49.730+0200: 0,249: Total time for which application threads were stopped: 0,0011978 seconds, Stopping threads took: 0,0010667 seconds
2017-05-05T19:07:49.753+0200: 0,271: Total time for which application threads were stopped: 0,0000908 seconds, Stopping threads took: 0,0000152 seconds
2017-05-05T19:07:50.170+0200: 0,689: Total time for which application threads were stopped: 0,0002005 seconds, Stopping threads took: 0,0000315 seconds
2017-05-05T19:07:50.608+0200: 1,127: Total time for which application threads were stopped: 0,0001271 seconds, Stopping threads took: 0,0000151 seconds
2017-05-05T19:07:50.713+0200: 1,231: Total time for which application threads were stopped: 0,0001400 seconds, Stopping threads took: 0,0000172 seconds
2017-05-05T19:07:50.755+0200: 1,273: Total time for which application threads were stopped: 0,0013066 seconds, Stopping threads took: 0,0003004 seconds
2017-05-05T19:07:51.085+0200: 1,603: Total time for which application threads were stopped: 0,0001831 seconds, Stopping threads took: 0,0000214 seconds
2017-05-05T19:07:51.322+0200: 1,840: Total time for which application threads were stopped: 0,0002016 seconds, Stopping threads took: 0,0000161 seconds
2017-05-05T19:07:51.341+0200: 1,859: Total time for which application threads were stopped: 0,0002112 seconds, Stopping threads took: 0,0000274 seconds
2017-05-05T19:07:51.369+0200: 1,887: Total time for which application threads were stopped: 0,0002289 seconds, Stopping threads took: 0,0000303 seconds
2017-05-05T19:07:51.370+0200: 1,888: Total time for which application threads were stopped: 0,0002225 seconds, Stopping threads took: 0,0000260 seconds
2017-05-05T19:07:51.384+0200: 1,903: Total time for which application threads were stopped: 0,0001712 seconds, Stopping threads took: 0,0000248 seconds
2017-05-05T19:07:51.459+0200: 1,977: Total time for which application threads were stopped: 0,0002197 seconds, Stopping threads took: 0,0000231 seconds
2017-05-05T19:07:51.646+0200: 2,165: Total time for which application threads were stopped: 0,0002388 seconds, Stopping threads took: 0,0000317 seconds
{Heap before GC invocations=0 (full 0):
 par new generation   total 109248K, used 87424K [0x00000000e0000000, 0x00000000e8000000, 0x00000000e8000000)
  eden space 87424K, 100% used [0x00000000e0000000, 0x00000000e5560000, 0x00000000e5560000)
  from space 21824K,   0% used [0x00000000e5560000, 0x00000000e5560000, 0x00000000e6ab0000)
  to   space 21824K,   0% used [0x00000000e6ab0000, 0x00000000e6ab0000, 0x00000000e8000000)
 concurrent mark-sweep generation total 393216K, used 0K [0x00000000e8000000, 0x0000000100000000, 0x0000000100000000)
 Metaspace       used 17824K, capacity 18176K, committed 18304K, reserved 1064960K
  class space    used 2021K, capacity 2164K, committed 2176K, reserved 1048576K
2017-05-05T19:07:51.694+0200: 2,212: [GC (Allocation Failure) 2017-05-05T19:07:51.694+0200: 2,213: [ParNew
Desired survivor size 20112992 bytes, new threshold 8 (max 8)
- age   1:   11729160 bytes,   11729160 total
: 87424K->11566K(109248K), 0,0146731 secs] 87424K->11566K(502464K), 0,0147530 secs] [Times: user=0,04 sys=0,02, real=0,01 secs] 
Heap after GC invocations=1 (full 0):
 par new generation   total 109248K, used 11566K [0x00000000e0000000, 0x00000000e8000000, 0x00000000e8000000)
  eden space 87424K,   0% used [0x00000000e0000000, 0x00000000e0000000, 0x00000000e5560000)
  from space 21824K,  52% used [0x00000000e6ab0000, 0x00000000e75fb928, 0x00000000e8000000)
  to   space 21824K,   0% used [0x00000000e5560000, 0x00000000e5560000, 0x00000000e6ab0000)
 concurrent mark-sweep generation total 393216K, used 0K [0x00000000e8000000, 0x0000000100000000, 0x0000000100000000)
 Metaspace       used 17824K, capacity 18176K, committed 18304K, reserved 1064960K
  class space    used 2021K, capacity 2164K, committed 2176K, reserved 1048576K
}
2017-05-05T19:07:51.709+0200: 2,227: Total time for which application threads were stopped: 0,0149834 seconds, Stopping threads took: 0,0000648 seconds
2017-05-05T19:07:52.050+0200: 2,569: Total time for which application threads were stopped: 0,0003199 seconds, Stopping threads took: 0,0000229 seconds
{Heap before GC invocations=1 (full 0):
 par new generation   total 109248K, used 98990K [0x00000000e0000000, 0x00000000e8000000, 0x00000000e8000000)
  eden space 87424K, 100% used [0x00000000e0000000, 0x00000000e5560000, 0x00000000e5560000)
  from space 21824K,  52% used [0x00000000e6ab0000, 0x00000000e75fb928, 0x00000000e8000000)
  to   space 21824K,   0% used [0x00000000e5560000, 0x00000000e5560000, 0x00000000e6ab0000)
 concurrent mark-sweep generation total 393216K, used 0K [0x00000000e8000000, 0x0000000100000000, 0x0000000100000000)
 Metaspace       used 20008K, capacity 20350K, committed 20736K, reserved 1067008K
  class space    used 2292K, capacity 2465K, committed 2560K, reserved 1048576K
2017-05-05T19:07:52.084+0200: 2,602: [GC (Allocation Failure) 2017-05-05T19:07:52.084+0200: 2,602: [ParNew
Desired survivor size 20112992 bytes, new threshold 8 (max 8)
- age   1:    4293616 bytes,    4293616 total
- age   2:    6260088 bytes,   10553704 total
: 98990K->14911K(109248K), 0,0226699 secs] 98990K->14911K(502464K), 0,0227484 secs] [Times: user=0,07 sys=0,00, real=0,02 secs] 
Heap after GC invocations=2 (full 0):
 par new generation   total 109248K, used 14911K [0x00000000e0000000, 0x00000000e8000000, 0x00000000e8000000)
  eden space 87424K,   0% used [0x00000000e0000000, 0x00000000e0000000, 0x00000000e5560000)
  from space 21824K,  68% used [0x00000000e5560000, 0x00000000e63eff40, 0x00000000e6ab0000)
  to   space 21824K,   0% used [0x00000000e6ab0000, 0x00000000e6ab0000, 0x00000000e8000000)
 concurrent mark-sweep generation total 393216K, used 0K [0x00000000e8000000, 0x0000000100000000, 0x0000000100000000)
 Metaspace       used 20008K, capacity 20350K, committed 20736K, reserved 1067008K
  class space    used 2292K, capacity 2465K, committed 2560K, reserved 1048576K
}
2017-05-05T19:07:52.106+0200: 2,625: Total time for which application threads were stopped: 0,0229764 seconds, Stopping threads took: 0,0000701 seconds
2017-05-05T19:07:52.122+0200: 2,641: Total time for which application threads were stopped: 0,0009271 seconds, Stopping threads took: 0,0006217 seconds
2017-05-05T19:07:52.172+0200: 2,691: Total time for which application threads were stopped: 0,0003083 seconds, Stopping threads took: 0,0000266 seconds
2017-05-05T19:07:52.315+0200: 2,834: Total time for which application threads were stopped: 0,0002000 seconds, Stopping threads took: 0,0000300 seconds
{Heap before GC invocations=2 (full 0):
 par new generation   total 109248K, used 102335K [0x00000000e0000000, 0x00000000e8000000, 0x00000000e8000000)
  eden space 87424K, 100% used [0x00000000e0000000, 0x00000000e5560000, 0x00000000e5560000)
  from space 21824K,  68% used [0x00000000e5560000, 0x00000000e63eff40, 0x00000000e6ab0000)
  to   space 21824K,   0% used [0x00000000e6ab0000, 0x00000000e6ab0000, 0x00000000e8000000)
 concurrent mark-sweep generation total 393216K, used 0K [0x00000000e8000000, 0x0000000100000000, 0x0000000100000000)
 Metaspace       used 20950K, capacity 21272K, committed 21628K, reserved 1069056K
  class space    used 2414K, capacity 2584K, committed 2684K, reserved 1048576K
2017-05-05T19:07:52.350+0200: 2,869: [GC (Allocation Failure) 2017-05-05T19:07:52.350+0200: 2,869: [ParNew
Desired survivor size 20112992 bytes, new threshold 8 (max 8)
- age   1:    2181552 bytes,    2181552 total
- age   2:    1194320 bytes,    3375872 total
- age   3:    6258048 bytes,    9633920 total
: 102335K->11457K(109248K), 0,0114404 secs] 102335K->11457K(502464K), 0,0115330 secs] [Times: user=0,04 sys=0,00, real=0,00 secs] 
Heap after GC invocations=3 (full 0):
 par new generation   total 109248K, used 11457K [0x00000000e0000000, 0x00000000e8000000, 0x00000000e8000000)
  eden space 87424K,   0% used [0x00000000e0000000, 0x00000000e0000000, 0x00000000e5560000)
  from space 21824K,  52% used [0x00000000e6ab0000, 0x00000000e75e06c0, 0x00000000e8000000)
  to   space 21824K,   0% used [0x00000000e5560000, 0x00000000e5560000, 0x00000000e6ab0000)
 concurrent mark-sweep generation total 393216K, used 0K [0x00000000e8000000, 0x0000000100000000, 0x0000000100000000)
 Metaspace       used 20950K, capacity 21272K, committed 21628K, reserved 1069056K
  class space    used 2414K, capacity 2584K, committed 2684K, reserved 1048576K
}
2017-05-05T19:07:52.362+0200: 2,880: Total time for which application threads were stopped: 0,0117166 seconds, Stopping threads took: 0,0000267 seconds
2017-05-05T19:07:52.362+0200: 2,880: [GC (CMS Initial Mark) [1 CMS-initial-mark: 0K(393216K)] 11489K(502464K), 0,0035346 secs] [Times: user=0,02 sys=0,00, real=0,01 secs] 
2017-05-05T19:07:52.365+0200: 2,884: Total time for which application threads were stopped: 0,0036459 seconds, Stopping threads took: 0,0000317 seconds
2017-05-05T19:07:52.366+0200: 2,884: [CMS-concurrent-mark-start]
2017-05-05T19:07:52.366+0200: 2,884: [CMS-concurrent-mark: 0,000/0,000 secs] [Times: user=0,00 sys=0,00, real=0,00 secs] 
2017-05-05T19:07:52.366+0200: 2,884: [CMS-concurrent-preclean-start]
2017-05-05T19:07:52.367+0200: 2,886: [CMS-concurrent-preclean: 0,001/0,001 secs] [Times: user=0,00 sys=0,00, real=0,00 secs] 
2017-05-05T19:07:52.367+0200: 2,886: [GC (CMS Final Remark) [YG occupancy: 12864 K (109248 K)]{Heap before GC invocations=3 (full 1):
 par new generation   total 109248K, used 12864K [0x00000000e0000000, 0x00000000e8000000, 0x00000000e8000000)
  eden space 87424K,   1% used [0x00000000e0000000, 0x00000000e015fc30, 0x00000000e5560000)
  from space 21824K,  52% used [0x00000000e6ab0000, 0x00000000e75e06c0, 0x00000000e8000000)
  to   space 21824K,   0% used [0x00000000e5560000, 0x00000000e5560000, 0x00000000e6ab0000)
 concurrent mark-sweep generation total 393216K, used 0K [0x00000000e8000000, 0x0000000100000000, 0x0000000100000000)
 Metaspace       used 20950K, capacity 21272K, committed 21628K, reserved 1069056K
  class space    used 2414K, capacity 2584K, committed 2684K, reserved 1048576K
2017-05-05T19:07:52.367+0200: 2,886: [GC (CMS Final Remark) 2017-05-05T19:07:52.367+0200: 2,886: [ParNew
Desired survivor size 20112992 bytes, new threshold 8 (max 8)
- age   1:     189808 bytes,     189808 total
- age   2:    2059888 bytes,    2249696 total
- age   3:    1194320 bytes,    3444016 total
- age   4:    6258048 bytes,    9702064 total
: 12864K->12732K(109248K), 0,0119588 secs] 12864K->12732K(502464K), 0,0119941 secs] [Times: user=0,05 sys=0,00, real=0,01 secs] 
Heap after GC invocations=4 (full 1):
 par new generation   total 109248K, used 12732K [0x00000000e0000000, 0x00000000e8000000, 0x00000000e8000000)
  eden space 87424K,   0% used [0x00000000e0000000, 0x00000000e0000000, 0x00000000e5560000)
  from space 21824K,  58% used [0x00000000e5560000, 0x00000000e61cf210, 0x00000000e6ab0000)
  to   space 21824K,   0% used [0x00000000e6ab0000, 0x00000000e6ab0000, 0x00000000e8000000)
 concurrent mark-sweep generation total 393216K, used 0K [0x00000000e8000000, 0x0000000100000000, 0x0000000100000000)
 Metaspace       used 20950K, capacity 21272K, committed 21628K, reserved 1069056K
  class space    used 2414K, capacity 2584K, committed 2684K, reserved 1048576K
}
2017-05-05T19:07:52.379+0200: 2,898: [Rescan (parallel) , 0,0042613 secs]2017-05-05T19:07:52.384+0200: 2,902: [weak refs processing, 0,0021603 secs]2017-05-05T19:07:52.386+0200: 2,904: [class unloading, 0,0029346 secs]2017-05-05T19:07:52.389+0200: 2,907: [scrub symbol table, 0,0032677 secs]2017-05-05T19:07:52.392+0200: 2,910: [scrub string table, 0,0003753 secs][1 CMS-remark: 0K(393216K)] 12732K(502464K), 0,0256079 secs] [Times: user=0,09 sys=0,00, real=0,03 secs] 
2017-05-05T19:07:52.393+0200: 2,911: Total time for which application threads were stopped: 0,0257470 seconds, Stopping threads took: 0,0000539 seconds
2017-05-05T19:07:52.393+0200: 2,912: [CMS-concurrent-sweep-start]
2017-05-05T19:07:52.393+0200: 2,912: [CMS-concurrent-sweep: 0,000/0,000 secs] [Times: user=0,00 sys=0,00, real=0,00 secs] 
2017-05-05T19:07:52.393+0200: 2,912: [CMS-concurrent-reset-start]
2017-05-05T19:07:52.401+0200: 2,919: [CMS-concurrent-reset: 0,007/0,007 secs] [Times: user=0,02 sys=0,00, real=0,00 secs] 
{Heap before GC invocations=4 (full 1):
 par new generation   total 109248K, used 100156K [0x00000000e0000000, 0x00000000e8000000, 0x00000000e8000000)
  eden space 87424K, 100% used [0x00000000e0000000, 0x00000000e5560000, 0x00000000e5560000)
  from space 21824K,  58% used [0x00000000e5560000, 0x00000000e61cf210, 0x00000000e6ab0000)
  to   space 21824K,   0% used [0x00000000e6ab0000, 0x00000000e6ab0000, 0x00000000e8000000)
 concurrent mark-sweep generation total 393216K, used 0K [0x00000000e8000000, 0x0000000100000000, 0x0000000100000000)
 Metaspace       used 21191K, capacity 21550K, committed 21884K, reserved 1069056K
  class space    used 2445K, capacity 2600K, committed 2684K, reserved 1048576K
2017-05-05T19:07:52.486+0200: 3,004: [GC (Allocation Failure) 2017-05-05T19:07:52.486+0200: 3,004: [ParNew
Desired survivor size 20112992 bytes, new threshold 8 (max 8)
- age   1:    1270200 bytes,    1270200 total
- age   2:        400 bytes,    1270600 total
- age   3:    1505864 bytes,    2776464 total
- age   4:    1161384 bytes,    3937848 total
- age   5:    6258048 bytes,   10195896 total
: 100156K->12768K(109248K), 0,0127178 secs] 100156K->12768K(502464K), 0,0127934 secs] [Times: user=0,05 sys=0,00, real=0,01 secs] 
Heap after GC invocations=5 (full 1):
 par new generation   total 109248K, used 12768K [0x00000000e0000000, 0x00000000e8000000, 0x00000000e8000000)
  eden space 87424K,   0% used [0x00000000e0000000, 0x00000000e0000000, 0x00000000e5560000)
  from space 21824K,  58% used [0x00000000e6ab0000, 0x00000000e77283d8, 0x00000000e8000000)
  to   space 21824K,   0% used [0x00000000e5560000, 0x00000000e5560000, 0x00000000e6ab0000)
 concurrent mark-sweep generation total 393216K, used 0K [0x00000000e8000000, 0x0000000100000000, 0x0000000100000000)
 Metaspace       used 21191K, capacity 21550K, committed 21884K, reserved 1069056K
  class space    used 2445K, capacity 2600K, committed 2684K, reserved 1048576K
}
2017-05-05T19:07:52.499+0200: 3,017: Total time for which application threads were stopped: 0,0130546 seconds, Stopping threads took: 0,0000767 seconds
{Heap before GC invocations=5 (full 1):
 par new generation   total 109248K, used 100192K [0x00000000e0000000, 0x00000000e8000000, 0x00000000e8000000)
  eden space 87424K, 100% used [0x00000000e0000000, 0x00000000e5560000, 0x00000000e5560000)
  from space 21824K,  58% used [0x00000000e6ab0000, 0x00000000e77283d8, 0x00000000e8000000)
  to   space 21824K,   0% used [0x00000000e5560000, 0x00000000e5560000, 0x00000000e6ab0000)
 concurrent mark-sweep generation total 393216K, used 0K [0x00000000e8000000, 0x0000000100000000, 0x0000000100000000)
 Metaspace       used 21334K, capacity 21720K, committed 21884K, reserved 1069056K
  class space    used 2463K, capacity 2633K, committed 2684K, reserved 1048576K
2017-05-05T19:07:52.578+0200: 3,097: [GC (Allocation Failure) 2017-05-05T19:07:52.578+0200: 3,097: [ParNew
Desired survivor size 20112992 bytes, new threshold 8 (max 8)
- age   1:     920872 bytes,     920872 total
- age   2:     174952 bytes,    1095824 total
- age   3:        400 bytes,    1096224 total
- age   4:    1505608 bytes,    2601832 total
- age   5:    1159416 bytes,    3761248 total
- age   6:    6258048 bytes,   10019296 total
: 100192K->15551K(109248K), 0,0106114 secs] 100192K->15551K(502464K), 0,0106752 secs] [Times: user=0,04 sys=0,00, real=0,01 secs] 
Heap after GC invocations=6 (full 1):
 par new generation   total 109248K, used 15551K [0x00000000e0000000, 0x00000000e8000000, 0x00000000e8000000)
  eden space 87424K,   0% used [0x00000000e0000000, 0x00000000e0000000, 0x00000000e5560000)
  from space 21824K,  71% used [0x00000000e5560000, 0x00000000e648fd48, 0x00000000e6ab0000)
  to   space 21824K,   0% used [0x00000000e6ab0000, 0x00000000e6ab0000, 0x00000000e8000000)
 concurrent mark-sweep generation total 393216K, used 0K [0x00000000e8000000, 0x0000000100000000, 0x0000000100000000)
 Metaspace       used 21334K, capacity 21720K, committed 21884K, reserved 1069056K
  class space    used 2463K, capacity 2633K, committed 2684K, reserved 1048576K
}
2017-05-05T19:07:52.589+0200: 3,107: Total time for which application threads were stopped: 0,0149461 seconds, Stopping threads took: 0,0041223 seconds
2017-05-05T19:07:52.619+0200: 3,138: Total time for which application threads were stopped: 0,0004183 seconds, Stopping threads took: 0,0000343 seconds
2017-05-05T19:07:52.872+0200: 3,390: Total time for which application threads were stopped: 0,0004716 seconds, Stopping threads took: 0,0000640 seconds
2017-05-05T19:07:52.887+0200: 3,405: Total time for which application threads were stopped: 0,0004661 seconds, Stopping threads took: 0,0000648 seconds
{Heap before GC invocations=6 (full 1):
 par new generation   total 109248K, used 102968K [0x00000000e0000000, 0x00000000e8000000, 0x00000000e8000000)
  eden space 87424K,  99% used [0x00000000e0000000, 0x00000000e555e678, 0x00000000e5560000)
  from space 21824K,  71% used [0x00000000e5560000, 0x00000000e648fd48, 0x00000000e6ab0000)
  to   space 21824K,   0% used [0x00000000e6ab0000, 0x00000000e6ab0000, 0x00000000e8000000)
 concurrent mark-sweep generation total 393216K, used 0K [0x00000000e8000000, 0x0000000100000000, 0x0000000100000000)
 Metaspace       used 23728K, capacity 24222K, committed 24572K, reserved 1071104K
  class space    used 2792K, capacity 2976K, committed 3068K, reserved 1048576K
2017-05-05T19:07:53.038+0200: 3,557: [GC (Allocation Failure) 2017-05-05T19:07:53.038+0200: 3,557: [ParNew
Desired survivor size 20112992 bytes, new threshold 8 (max 8)
- age   1:    5095152 bytes,    5095152 total
- age   2:     121240 bytes,    5216392 total
- age   3:     173288 bytes,    5389680 total
- age   4:        376 bytes,    5390056 total
- age   5:     335920 bytes,    5725976 total
- age   6:    1132968 bytes,    6858944 total
- age   7:    6249824 bytes,   13108768 total
: 102968K->16337K(109248K), 0,0117264 secs] 102968K->16337K(502464K), 0,0118117 secs] [Times: user=0,04 sys=0,00, real=0,02 secs] 
Heap after GC invocations=7 (full 1):
 par new generation   total 109248K, used 16337K [0x00000000e0000000, 0x00000000e8000000, 0x00000000e8000000)
  eden space 87424K,   0% used [0x00000000e0000000, 0x00000000e0000000, 0x00000000e5560000)
  from space 21824K,  74% used [0x00000000e6ab0000, 0x00000000e7aa4410, 0x00000000e8000000)
  to   space 21824K,   0% used [0x00000000e5560000, 0x00000000e5560000, 0x00000000e6ab0000)
 concurrent mark-sweep generation total 393216K, used 0K [0x00000000e8000000, 0x0000000100000000, 0x0000000100000000)
 Metaspace       used 23728K, capacity 24222K, committed 24572K, reserved 1071104K
  class space    used 2792K, capacity 2976K, committed 3068K, reserved 1048576K
}
2017-05-05T19:07:53.050+0200: 3,569: Total time for which application threads were stopped: 0,0154362 seconds, Stopping threads took: 0,0034196 seconds
{Heap before GC invocations=7 (full 1):
 par new generation   total 109248K, used 103761K [0x00000000e0000000, 0x00000000e8000000, 0x00000000e8000000)
  eden space 87424K, 100% used [0x00000000e0000000, 0x00000000e5560000, 0x00000000e5560000)
  from space 21824K,  74% used [0x00000000e6ab0000, 0x00000000e7aa4410, 0x00000000e8000000)
  to   space 21824K,   0% used [0x00000000e5560000, 0x00000000e5560000, 0x00000000e6ab0000)
 concurrent mark-sweep generation total 393216K, used 0K [0x00000000e8000000, 0x0000000100000000, 0x0000000100000000)
 Metaspace       used 24539K, capacity 25028K, committed 25212K, reserved 1071104K
  class space    used 2875K, capacity 3073K, committed 3196K, reserved 1048576K
2017-05-05T19:07:53.204+0200: 3,722: [GC (Allocation Failure) 2017-05-05T19:07:53.204+0200: 3,722: [ParNew
Desired survivor size 20112992 bytes, new threshold 8 (max 8)
- age   1:    2108640 bytes,    2108640 total
- age   2:    1767464 bytes,    3876104 total
- age   3:      56152 bytes,    3932256 total
- age   4:      92720 bytes,    4024976 total
- age   5:        376 bytes,    4025352 total
- age   6:     200584 bytes,    4225936 total
- age   7:     915344 bytes,    5141280 total
- age   8:    5928216 bytes,   11069496 total
: 103761K->18844K(109248K), 0,0203260 secs] 103761K->18844K(502464K), 0,0204072 secs] [Times: user=0,05 sys=0,00, real=0,02 secs] 
Heap after GC invocations=8 (full 1):
 par new generation   total 109248K, used 18844K [0x00000000e0000000, 0x00000000e8000000, 0x00000000e8000000)
  eden space 87424K,   0% used [0x00000000e0000000, 0x00000000e0000000, 0x00000000e5560000)
  from space 21824K,  86% used [0x00000000e5560000, 0x00000000e67c70e0, 0x00000000e6ab0000)
  to   space 21824K,   0% used [0x00000000e6ab0000, 0x00000000e6ab0000, 0x00000000e8000000)
 concurrent mark-sweep generation total 393216K, used 0K [0x00000000e8000000, 0x0000000100000000, 0x0000000100000000)
 Metaspace       used 24539K, capacity 25028K, committed 25212K, reserved 1071104K
  class space    used 2875K, capacity 3073K, committed 3196K, reserved 1048576K
}
2017-05-05T19:07:53.224+0200: 3,742: Total time for which application threads were stopped: 0,0219806 seconds, Stopping threads took: 0,0013709 seconds
{Heap before GC invocations=8 (full 1):
 par new generation   total 109248K, used 106268K [0x00000000e0000000, 0x00000000e8000000, 0x00000000e8000000)
  eden space 87424K, 100% used [0x00000000e0000000, 0x00000000e5560000, 0x00000000e5560000)
  from space 21824K,  86% used [0x00000000e5560000, 0x00000000e67c70e0, 0x00000000e6ab0000)
  to   space 21824K,   0% used [0x00000000e6ab0000, 0x00000000e6ab0000, 0x00000000e8000000)
 concurrent mark-sweep generation total 393216K, used 0K [0x00000000e8000000, 0x0000000100000000, 0x0000000100000000)
 Metaspace       used 24854K, capacity 25310K, committed 25468K, reserved 1071104K
  class space    used 2899K, capacity 3078K, committed 3196K, reserved 1048576K
2017-05-05T19:07:53.318+0200: 3,837: [GC (Allocation Failure) 2017-05-05T19:07:53.318+0200: 3,837: [ParNew
Desired survivor size 20112992 bytes, new threshold 8 (max 8)
- age   1:    1243336 bytes,    1243336 total
- age   2:    1102672 bytes,    2346008 total
- age   3:    1744832 bytes,    4090840 total
- age   4:      56152 bytes,    4146992 total
- age   5:      92616 bytes,    4239608 total
- age   6:        376 bytes,    4239984 total
- age   7:     200248 bytes,    4440232 total
- age   8:     915344 bytes,    5355576 total
: 106268K->6743K(109248K), 0,0263495 secs] 106268K->12614K(502464K), 0,0264327 secs] [Times: user=0,08 sys=0,01, real=0,03 secs] 
Heap after GC invocations=9 (full 1):
 par new generation   total 109248K, used 6743K [0x00000000e0000000, 0x00000000e8000000, 0x00000000e8000000)
  eden space 87424K,   0% used [0x00000000e0000000, 0x00000000e0000000, 0x00000000e5560000)
  from space 21824K,  30% used [0x00000000e6ab0000, 0x00000000e7145ca8, 0x00000000e8000000)
  to   space 21824K,   0% used [0x00000000e5560000, 0x00000000e5560000, 0x00000000e6ab0000)
 concurrent mark-sweep generation total 393216K, used 5871K [0x00000000e8000000, 0x0000000100000000, 0x0000000100000000)
 Metaspace       used 24854K, capacity 25310K, committed 25468K, reserved 1071104K
  class space    used 2899K, capacity 3078K, committed 3196K, reserved 1048576K
}
2017-05-05T19:07:53.345+0200: 3,863: Total time for which application threads were stopped: 0,0290747 seconds, Stopping threads took: 0,0024626 seconds
2017-05-05T19:07:53.546+0200: 4,064: Total time for which application threads were stopped: 0,0012196 seconds, Stopping threads took: 0,0007065 seconds
2017-05-05T19:07:53.553+0200: 4,071: Total time for which application threads were stopped: 0,0004672 seconds, Stopping threads took: 0,0000679 seconds
2017-05-05T19:07:53.561+0200: 4,080: Total time for which application threads were stopped: 0,0002136 seconds, Stopping threads took: 0,0001326 seconds
2017-05-05T19:07:53.567+0200: 4,085: Total time for which application threads were stopped: 0,0001368 seconds, Stopping threads took: 0,0000514 seconds
2017-05-05T19:07:53.595+0200: 4,113: Total time for which application threads were stopped: 0,0001357 seconds, Stopping threads took: 0,0000388 seconds
2017-05-05T19:07:53.596+0200: 4,114: Total time for which application threads were stopped: 0,0001115 seconds, Stopping threads took: 0,0000283 seconds
2017-05-05T19:07:53.605+0200: 4,123: Total time for which application threads were stopped: 0,0001526 seconds, Stopping threads took: 0,0000558 seconds
2017-05-05T19:07:53.607+0200: 4,125: Total time for which application threads were stopped: 0,0001511 seconds, Stopping threads took: 0,0000519 seconds
2017-05-05T19:07:53.610+0200: 4,128: Total time for which application threads were stopped: 0,0026576 seconds, Stopping threads took: 0,0025994 seconds
2017-05-05T19:07:53.612+0200: 4,131: Total time for which application threads were stopped: 0,0001221 seconds, Stopping threads took: 0,0000312 seconds
2017-05-05T19:07:53.616+0200: 4,135: Total time for which application threads were stopped: 0,0004615 seconds, Stopping threads took: 0,0000418 seconds
2017-05-05T19:07:53.632+0200: 4,151: Total time for which application threads were stopped: 0,0001832 seconds, Stopping threads took: 0,0000554 seconds
2017-05-05T19:07:53.633+0200: 4,152: Total time for which application threads were stopped: 0,0003993 seconds, Stopping threads took: 0,0000184 seconds
2017-05-05T19:07:53.639+0200: 4,157: Total time for which application threads were stopped: 0,0001265 seconds, Stopping threads took: 0,0000384 seconds
2017-05-05T19:07:53.643+0200: 4,162: Total time for which application threads were stopped: 0,0002098 seconds, Stopping threads took: 0,0000809 seconds
2017-05-05T19:07:53.645+0200: 4,163: Total time for which application threads were stopped: 0,0002855 seconds, Stopping threads took: 0,0001723 seconds
2017-05-05T19:07:53.648+0200: 4,167: Total time for which application threads were stopped: 0,0001337 seconds, Stopping threads took: 0,0000315 seconds
2017-05-05T19:07:53.649+0200: 4,168: Total time for which application threads were stopped: 0,0001374 seconds, Stopping threads took: 0,0000490 seconds
2017-05-05T19:07:53.650+0200: 4,169: Total time for which application threads were stopped: 0,0001194 seconds, Stopping threads took: 0,0000365 seconds
2017-05-05T19:07:53.690+0200: 4,209: Total time for which application threads were stopped: 0,0017187 seconds, Stopping threads took: 0,0016052 seconds
2017-05-05T19:07:53.691+0200: 4,209: Total time for which application threads were stopped: 0,0001312 seconds, Stopping threads took: 0,0000354 seconds
2017-05-05T19:07:53.693+0200: 4,211: Total time for which application threads were stopped: 0,0001504 seconds, Stopping threads took: 0,0000682 seconds
2017-05-05T19:07:53.693+0200: 4,211: Total time for which application threads were stopped: 0,0000834 seconds, Stopping threads took: 0,0000179 seconds
2017-05-05T19:07:53.693+0200: 4,212: Total time for which application threads were stopped: 0,0000773 seconds, Stopping threads took: 0,0000148 seconds
2017-05-05T19:07:53.696+0200: 4,214: Total time for which application threads were stopped: 0,0001190 seconds, Stopping threads took: 0,0000250 seconds
2017-05-05T19:07:53.697+0200: 4,216: Total time for which application threads were stopped: 0,0002636 seconds, Stopping threads took: 0,0000973 seconds
2017-05-05T19:07:53.699+0200: 4,218: Total time for which application threads were stopped: 0,0001321 seconds, Stopping threads took: 0,0000425 seconds
2017-05-05T19:07:53.705+0200: 4,223: Total time for which application threads were stopped: 0,0001634 seconds, Stopping threads took: 0,0000345 seconds
2017-05-05T19:07:53.718+0200: 4,237: Total time for which application threads were stopped: 0,0007206 seconds, Stopping threads took: 0,0003119 seconds
2017-05-05T19:07:53.721+0200: 4,239: Total time for which application threads were stopped: 0,0001260 seconds, Stopping threads took: 0,0000495 seconds
2017-05-05T19:07:53.721+0200: 4,240: Total time for which application threads were stopped: 0,0001735 seconds, Stopping threads took: 0,0001334 seconds
2017-05-05T19:07:53.721+0200: 4,240: Total time for which application threads were stopped: 0,0000774 seconds, Stopping threads took: 0,0000334 seconds
2017-05-05T19:07:53.727+0200: 4,245: Total time for which application threads were stopped: 0,0001072 seconds, Stopping threads took: 0,0000357 seconds
2017-05-05T19:07:53.732+0200: 4,250: Total time for which application threads were stopped: 0,0001149 seconds, Stopping threads took: 0,0000388 seconds
2017-05-05T19:07:53.732+0200: 4,251: Total time for which application threads were stopped: 0,0001066 seconds, Stopping threads took: 0,0000249 seconds
2017-05-05T19:07:53.740+0200: 4,259: Total time for which application threads were stopped: 0,0001193 seconds, Stopping threads took: 0,0000239 seconds
2017-05-05T19:07:53.741+0200: 4,259: Total time for which application threads were stopped: 0,0001046 seconds, Stopping threads took: 0,0000200 seconds
2017-05-05T19:07:53.742+0200: 4,261: Total time for which application threads were stopped: 0,0001314 seconds, Stopping threads took: 0,0000514 seconds
2017-05-05T19:07:53.744+0200: 4,262: Total time for which application threads were stopped: 0,0001410 seconds, Stopping threads took: 0,0000451 seconds
2017-05-05T19:07:53.744+0200: 4,262: Total time for which application threads were stopped: 0,0000952 seconds, Stopping threads took: 0,0000303 seconds
2017-05-05T19:07:53.744+0200: 4,263: Total time for which application threads were stopped: 0,0000889 seconds, Stopping threads took: 0,0000238 seconds
2017-05-05T19:07:53.744+0200: 4,263: Total time for which application threads were stopped: 0,0000780 seconds, Stopping threads took: 0,0000268 seconds
2017-05-05T19:07:53.744+0200: 4,263: Total time for which application threads were stopped: 0,0000653 seconds, Stopping threads took: 0,0000170 seconds
2017-05-05T19:07:53.745+0200: 4,263: Total time for which application threads were stopped: 0,0000872 seconds, Stopping threads took: 0,0000265 seconds
2017-05-05T19:07:53.746+0200: 4,265: Total time for which application threads were stopped: 0,0012292 seconds, Stopping threads took: 0,0011627 seconds
2017-05-05T19:07:53.751+0200: 4,270: Total time for which application threads were stopped: 0,0001708 seconds, Stopping threads took: 0,0000441 seconds
2017-05-05T19:07:53.752+0200: 4,270: Total time for which application threads were stopped: 0,0001129 seconds, Stopping threads took: 0,0000242 seconds
2017-05-05T19:07:53.752+0200: 4,270: Total time for which application threads were stopped: 0,0002076 seconds, Stopping threads took: 0,0001301 seconds
2017-05-05T19:07:53.753+0200: 4,271: Total time for which application threads were stopped: 0,0002623 seconds, Stopping threads took: 0,0001011 seconds
2017-05-05T19:07:53.754+0200: 4,273: Total time for which application threads were stopped: 0,0002724 seconds, Stopping threads took: 0,0001609 seconds
2017-05-05T19:07:53.762+0200: 4,280: Total time for which application threads were stopped: 0,0002701 seconds, Stopping threads took: 0,0000458 seconds
2017-05-05T19:07:53.765+0200: 4,283: Total time for which application threads were stopped: 0,0001494 seconds, Stopping threads took: 0,0000502 seconds
2017-05-05T19:07:53.766+0200: 4,285: Total time for which application threads were stopped: 0,0007218 seconds, Stopping threads took: 0,0006287 seconds
2017-05-05T19:07:53.767+0200: 4,285: Total time for which application threads were stopped: 0,0001282 seconds, Stopping threads took: 0,0000384 seconds
2017-05-05T19:07:53.784+0200: 4,302: Total time for which application threads were stopped: 0,0001467 seconds, Stopping threads took: 0,0000262 seconds
2017-05-05T19:07:53.804+0200: 4,323: Total time for which application threads were stopped: 0,0001186 seconds, Stopping threads took: 0,0000349 seconds
2017-05-05T19:07:53.808+0200: 4,326: Total time for which application threads were stopped: 0,0001065 seconds, Stopping threads took: 0,0000415 seconds
2017-05-05T19:07:53.830+0200: 4,349: Total time for which application threads were stopped: 0,0001568 seconds, Stopping threads took: 0,0000465 seconds
2017-05-05T19:07:53.831+0200: 4,350: Total time for which application threads were stopped: 0,0003848 seconds, Stopping threads took: 0,0000135 seconds
2017-05-05T19:07:53.832+0200: 4,350: Total time for which application threads were stopped: 0,0000789 seconds, Stopping threads took: 0,0000182 seconds
2017-05-05T19:07:53.836+0200: 4,354: Total time for which application threads were stopped: 0,0001404 seconds, Stopping threads took: 0,0000515 seconds
2017-05-05T19:07:54.836+0200: 5,355: Total time for which application threads were stopped: 0,0000628 seconds, Stopping threads took: 0,0000154 seconds
2017-05-05T19:07:55.838+0200: 6,357: Total time for which application threads were stopped: 0,0000911 seconds, Stopping threads took: 0,0000198 seconds
2017-05-05T19:08:11.843+0200: 22,361: Total time for which application threads were stopped: 0,0000971 seconds, Stopping threads took: 0,0000197 seconds
2017-05-05T19:08:21.084+0200: 32,362: Total time for which application threads were stopped: 0,0004084 seconds, Stopping threads took: 0,0001097 seconds
{Heap before GC invocations=9 (full 1):
 par new generation   total 109248K, used 94167K [0x00000000e0000000, 0x00000000e8000000, 0x00000000e8000000)
  eden space 87424K, 100% used [0x00000000e0000000, 0x00000000e5560000, 0x00000000e5560000)
  from space 21824K,  30% used [0x00000000e6ab0000, 0x00000000e7145ca8, 0x00000000e8000000)
  to   space 21824K,   0% used [0x00000000e5560000, 0x00000000e5560000, 0x00000000e6ab0000)
 concurrent mark-sweep generation total 393216K, used 5871K [0x00000000e8000000, 0x0000000100000000, 0x0000000100000000)
 Metaspace       used 28002K, capacity 28484K, committed 28796K, reserved 1075200K
  class space    used 3210K, capacity 3385K, committed 3452K, reserved 1048576K
2017-05-05T19:08:24.860+0200: 36,138: [GC (Allocation Failure) 2017-05-05T19:08:24.860+0200: 36,138: [ParNew
Desired survivor size 20112992 bytes, new threshold 8 (max 8)
- age   1:   10837040 bytes,   10837040 total
- age   2:     185552 bytes,   11022592 total
- age   3:     300144 bytes,   11322736 total
- age   4:    1737320 bytes,   13060056 total
- age   5:      56088 bytes,   13116144 total
- age   6:      92456 bytes,   13208600 total
- age   7:        376 bytes,   13208976 total
- age   8:     199992 bytes,   13408968 total
: 94167K->14844K(109248K), 0,0237212 secs] 100038K->21718K(502464K), 0,0240416 secs] [Times: user=0,06 sys=0,00, real=0,03 secs] 
Heap after GC invocations=10 (full 1):
 par new generation   total 109248K, used 14844K [0x00000000e0000000, 0x00000000e8000000, 0x00000000e8000000)
  eden space 87424K,   0% used [0x00000000e0000000, 0x00000000e0000000, 0x00000000e5560000)
  from space 21824K,  68% used [0x00000000e5560000, 0x00000000e63df0b8, 0x00000000e6ab0000)
  to   space 21824K,   0% used [0x00000000e6ab0000, 0x00000000e6ab0000, 0x00000000e8000000)
 concurrent mark-sweep generation total 393216K, used 6874K [0x00000000e8000000, 0x0000000100000000, 0x0000000100000000)
 Metaspace       used 28002K, capacity 28484K, committed 28796K, reserved 1075200K
  class space    used 3210K, capacity 3385K, committed 3452K, reserved 1048576K
}
2017-05-05T19:08:24.884+0200: 36,162: Total time for which application threads were stopped: 0,0247026 seconds, Stopping threads took: 0,0002022 seconds
2017-05-05T19:08:24.884+0200: 36,162: Total time for which application threads were stopped: 0,0000801 seconds, Stopping threads took: 0,0000388 seconds
2017-05-05T19:08:24.884+0200: 36,163: Total time for which application threads were stopped: 0,0000538 seconds, Stopping threads took: 0,0000253 seconds
2017-05-05T19:09:10.889+0200: 82,168: Total time for which application threads were stopped: 0,0000675 seconds, Stopping threads took: 0,0000183 seconds
2017-05-05T19:09:45.894+0200: 117,173: Total time for which application threads were stopped: 0,0000813 seconds, Stopping threads took: 0,0000322 seconds
2017-05-05T19:09:50.895+0200: 122,173: Total time for which application threads were stopped: 0,0000675 seconds, Stopping threads took: 0,0000168 seconds
2017-05-05T19:11:24.907+0200: 216,185: Total time for which application threads were stopped: 0,0000972 seconds, Stopping threads took: 0,0000351 seconds
2017-05-05T19:12:25.913+0200: 277,192: Total time for which application threads were stopped: 0,0000863 seconds, Stopping threads took: 0,0000338 seconds
2017-05-05T19:31:20.033+0200: 1411,312: Total time for which application threads were stopped: 0,0003170 seconds, Stopping threads took: 0,0001042 seconds
2017-05-05T19:36:00.065+0200: 1691,343: Total time for which application threads were stopped: 0,0001752 seconds, Stopping threads took: 0,0000612 seconds
2017-05-05T19:46:10.129+0200: 2301,408: Total time for which application threads were stopped: 0,0001038 seconds, Stopping threads took: 0,0000334 seconds
2017-05-05T19:46:11.130+0200: 2302,408: Total time for which application threads were stopped: 0,0001407 seconds, Stopping threads took: 0,0000315 seconds
2017-05-05T19:47:51.140+0200: 2402,418: Total time for which application threads were stopped: 0,0000938 seconds, Stopping threads took: 0,0000356 seconds
2017-05-05T20:16:29.228+0200: 3348,753: Total time for which application threads were stopped: 0,0001017 seconds, Stopping threads took: 0,0000440 seconds
2017-05-05T20:16:49.235+0200: 3368,760: Total time for which application threads were stopped: 0,0362735 seconds, Stopping threads took: 0,0361865 seconds
2017-05-05T20:16:49.242+0200: 3368,768: Total time for which application threads were stopped: 0,0000854 seconds, Stopping threads took: 0,0000138 seconds
2017-05-05T20:16:49.243+0200: 3368,768: Total time for which application threads were stopped: 0,0000413 seconds, Stopping threads took: 0,0000051 seconds
2017-05-05T20:16:49.243+0200: 3368,768: Total time for which application threads were stopped: 0,0000362 seconds, Stopping threads took: 0,0000044 seconds
2017-05-05T20:16:49.243+0200: 3368,768: Total time for which application threads were stopped: 0,0000355 seconds, Stopping threads took: 0,0000053 seconds
2017-05-05T20:16:49.243+0200: 3368,768: Total time for which application threads were stopped: 0,0000359 seconds, Stopping threads took: 0,0000046 seconds
2017-05-05T20:16:49.250+0200: 3368,776: Total time for which application threads were stopped: 0,0000939 seconds, Stopping threads took: 0,0000133 seconds
2017-05-05T20:16:49.262+0200: 3368,788: Total time for which application threads were stopped: 0,0089844 seconds, Stopping threads took: 0,0088875 seconds
2017-05-05T20:16:49.264+0200: 3368,789: Total time for which application threads were stopped: 0,0000865 seconds, Stopping threads took: 0,0000152 seconds
2017-05-05T20:16:49.268+0200: 3368,793: Total time for which application threads were stopped: 0,0000780 seconds, Stopping threads took: 0,0000136 seconds
2017-05-05T20:16:49.269+0200: 3368,794: Total time for which application threads were stopped: 0,0001536 seconds, Stopping threads took: 0,0001045 seconds
2017-05-05T20:16:49.269+0200: 3368,794: Total time for which application threads were stopped: 0,0000598 seconds, Stopping threads took: 0,0000074 seconds
2017-05-05T20:16:49.270+0200: 3368,795: Total time for which application threads were stopped: 0,0010069 seconds, Stopping threads took: 0,0009248 seconds
2017-05-05T20:16:49.272+0200: 3368,797: Total time for which application threads were stopped: 0,0015913 seconds, Stopping threads took: 0,0014863 seconds
2017-05-05T20:16:49.273+0200: 3368,798: Total time for which application threads were stopped: 0,0000883 seconds, Stopping threads took: 0,0000162 seconds
2017-05-05T20:16:49.274+0200: 3368,799: Total time for which application threads were stopped: 0,0000932 seconds, Stopping threads took: 0,0000173 seconds
2017-05-05T20:16:49.274+0200: 3368,799: Total time for which application threads were stopped: 0,0000465 seconds, Stopping threads took: 0,0000056 seconds
2017-05-05T20:16:49.278+0200: 3368,803: Total time for which application threads were stopped: 0,0001114 seconds, Stopping threads took: 0,0000217 seconds
2017-05-05T20:16:49.278+0200: 3368,804: Total time for which application threads were stopped: 0,0000447 seconds, Stopping threads took: 0,0000057 seconds
2017-05-05T20:16:49.278+0200: 3368,804: Total time for which application threads were stopped: 0,0000352 seconds, Stopping threads took: 0,0000048 seconds
2017-05-05T20:16:49.278+0200: 3368,804: Total time for which application threads were stopped: 0,0000376 seconds, Stopping threads took: 0,0000050 seconds
2017-05-05T20:16:49.278+0200: 3368,804: Total time for which application threads were stopped: 0,0000349 seconds, Stopping threads took: 0,0000042 seconds
2017-05-05T20:16:49.279+0200: 3368,804: Total time for which application threads were stopped: 0,0000378 seconds, Stopping threads took: 0,0000048 seconds
2017-05-05T20:16:49.287+0200: 3368,813: Total time for which application threads were stopped: 0,0062410 seconds, Stopping threads took: 0,0061508 seconds
2017-05-05T20:16:49.287+0200: 3368,813: Total time for which application threads were stopped: 0,0000555 seconds, Stopping threads took: 0,0000139 seconds
2017-05-05T20:16:49.288+0200: 3368,813: Total time for which application threads were stopped: 0,0000419 seconds, Stopping threads took: 0,0000057 seconds
2017-05-05T20:16:49.288+0200: 3368,813: Total time for which application threads were stopped: 0,0000408 seconds, Stopping threads took: 0,0000053 seconds
2017-05-05T20:16:49.288+0200: 3368,813: Total time for which application threads were stopped: 0,0000363 seconds, Stopping threads took: 0,0000048 seconds
2017-05-05T20:16:49.289+0200: 3368,814: Total time for which application threads were stopped: 0,0000963 seconds, Stopping threads took: 0,0000151 seconds
2017-05-05T20:16:49.290+0200: 3368,815: Total time for which application threads were stopped: 0,0001235 seconds, Stopping threads took: 0,0000335 seconds
2017-05-05T20:16:49.290+0200: 3368,816: Total time for which application threads were stopped: 0,0000468 seconds, Stopping threads took: 0,0000054 seconds
2017-05-05T20:16:49.290+0200: 3368,816: Total time for which application threads were stopped: 0,0000379 seconds, Stopping threads took: 0,0000042 seconds
2017-05-05T20:16:49.290+0200: 3368,816: Total time for which application threads were stopped: 0,0000364 seconds, Stopping threads took: 0,0000050 seconds
2017-05-05T20:16:49.294+0200: 3368,820: Total time for which application threads were stopped: 0,0015713 seconds, Stopping threads took: 0,0014681 seconds
2017-05-05T20:16:49.294+0200: 3368,820: Total time for which application threads were stopped: 0,0000500 seconds, Stopping threads took: 0,0000111 seconds
2017-05-05T20:16:49.301+0200: 3368,826: Total time for which application threads were stopped: 0,0001194 seconds, Stopping threads took: 0,0000625 seconds
2017-05-05T20:16:49.301+0200: 3368,826: Total time for which application threads were stopped: 0,0000474 seconds, Stopping threads took: 0,0000155 seconds
2017-05-05T20:16:49.301+0200: 3368,827: Total time for which application threads were stopped: 0,0000673 seconds, Stopping threads took: 0,0000239 seconds
2017-05-05T20:16:49.303+0200: 3368,828: Total time for which application threads were stopped: 0,0000903 seconds, Stopping threads took: 0,0000356 seconds
2017-05-05T20:16:49.303+0200: 3368,828: Total time for which application threads were stopped: 0,0000394 seconds, Stopping threads took: 0,0000153 seconds
2017-05-05T20:16:49.303+0200: 3368,828: Total time for which application threads were stopped: 0,0000438 seconds, Stopping threads took: 0,0000058 seconds
2017-05-05T20:16:49.303+0200: 3368,829: Total time for which application threads were stopped: 0,0000282 seconds, Stopping threads took: 0,0000077 seconds
2017-05-05T20:16:49.304+0200: 3368,829: Total time for which application threads were stopped: 0,0000519 seconds, Stopping threads took: 0,0000152 seconds
2017-05-05T20:16:49.304+0200: 3368,829: Total time for which application threads were stopped: 0,0000306 seconds, Stopping threads took: 0,0000075 seconds
2017-05-05T20:16:49.304+0200: 3368,829: Total time for which application threads were stopped: 0,0000290 seconds, Stopping threads took: 0,0000076 seconds
2017-05-05T20:16:49.305+0200: 3368,830: Total time for which application threads were stopped: 0,0000725 seconds, Stopping threads took: 0,0000194 seconds
2017-05-05T20:16:49.305+0200: 3368,830: Total time for which application threads were stopped: 0,0000633 seconds, Stopping threads took: 0,0000363 seconds
2017-05-05T20:16:49.305+0200: 3368,830: Total time for which application threads were stopped: 0,0000317 seconds, Stopping threads took: 0,0000077 seconds
2017-05-05T20:16:49.305+0200: 3368,830: Total time for which application threads were stopped: 0,0000476 seconds, Stopping threads took: 0,0000099 seconds
2017-05-05T20:16:49.305+0200: 3368,831: Total time for which application threads were stopped: 0,0000637 seconds, Stopping threads took: 0,0000374 seconds
2017-05-05T20:16:49.305+0200: 3368,831: Total time for which application threads were stopped: 0,0001219 seconds, Stopping threads took: 0,0000119 seconds
2017-05-05T20:16:49.306+0200: 3368,831: Total time for which application threads were stopped: 0,0000671 seconds, Stopping threads took: 0,0000262 seconds
2017-05-05T20:16:49.306+0200: 3368,831: Total time for which application threads were stopped: 0,0000414 seconds, Stopping threads took: 0,0000057 seconds
2017-05-05T20:16:49.308+0200: 3368,833: Total time for which application threads were stopped: 0,0001111 seconds, Stopping threads took: 0,0000361 seconds
2017-05-05T20:16:49.310+0200: 3368,835: Total time for which application threads were stopped: 0,0001045 seconds, Stopping threads took: 0,0000404 seconds
2017-05-05T20:16:49.310+0200: 3368,836: Total time for which application threads were stopped: 0,0000815 seconds, Stopping threads took: 0,0000113 seconds
Heap
 par new generation   total 109248K, used 36237K [0x00000000e0000000, 0x00000000e8000000, 0x00000000e8000000)
  eden space 87424K,  24% used [0x00000000e0000000, 0x00000000e14e4478, 0x00000000e5560000)
  from space 21824K,  68% used [0x00000000e5560000, 0x00000000e63df0b8, 0x00000000e6ab0000)
  to   space 21824K,   0% used [0x00000000e6ab0000, 0x00000000e6ab0000, 0x00000000e8000000)
 concurrent mark-sweep generation total 393216K, used 6874K [0x00000000e8000000, 0x0000000100000000, 0x0000000100000000)
 Metaspace       used 28133K, capacity 28716K, committed 29052K, reserved 1075200K
  class space    used 3224K, capacity 3419K, committed 3452K, reserved 1048576K
