OpenJDK 64-Bit Server VM (25.111-b14) for linux-amd64 JRE (1.8.0_111-8u111-b14-2ubuntu0.16.04.2-b14), built on Oct 27 2016 18:10:19 by "buildd" with gcc 5.4.0 20160609
Memory: 4k page, physical 7867840k(7463932k free), swap 8076284k(8076284k free)
CommandLine flags: -XX:CMSInitiatingOccupancyFraction=50 -XX:CMSMaxAbortablePrecleanTime=6000 -XX:+CMSParallelRemarkEnabled -XX:+CMSScavengeBeforeRemark -XX:ConcGCThreads=4 -XX:InitialHeapSize=536870912 -XX:MaxHeapSize=536870912 -XX:MaxTenuringThreshold=8 -XX:NewRatio=3 -XX:OldPLABSize=16 -XX:OnOutOfMemoryError=/opt/solr/bin/oom_solr.sh 8983 /var/solr/logs -XX:ParallelGCThreads=4 -XX:+ParallelRefProcEnabled -XX:PretenureSizeThreshold=67108864 -XX:+PrintGC -XX:+PrintGCApplicationStoppedTime -XX:+PrintGCDateStamps -XX:+PrintGCDetails -XX:+PrintGCTimeStamps -XX:+PrintHeapAtGC -XX:+PrintTenuringDistribution -XX:SurvivorRatio=4 -XX:TargetSurvivorRatio=90 -XX:ThreadStackSize=256 -XX:+UseCMSInitiatingOccupancyOnly -XX:+UseCompressedClassPointers -XX:+UseCompressedOops -XX:+UseConcMarkSweepGC -XX:+UseParNewGC 
2016-12-14T21:30:28.224+0100: 0,124: Total time for which application threads were stopped: 0,0000840 seconds, Stopping threads took: 0,0000173 seconds
2016-12-14T21:30:28.285+0100: 0,185: Total time for which application threads were stopped: 0,0001206 seconds, Stopping threads took: 0,0000210 seconds
2016-12-14T21:30:28.296+0100: 0,196: Total time for which application threads were stopped: 0,0000963 seconds, Stopping threads took: 0,0000332 seconds
2016-12-14T21:30:28.427+0100: 0,327: Total time for which application threads were stopped: 0,0002488 seconds, Stopping threads took: 0,0000202 seconds
2016-12-14T21:30:28.575+0100: 0,475: Total time for which application threads were stopped: 0,0001430 seconds, Stopping threads took: 0,0000319 seconds
2016-12-14T21:30:28.615+0100: 0,515: Total time for which application threads were stopped: 0,0001798 seconds, Stopping threads took: 0,0000219 seconds
2016-12-14T21:30:28.629+0100: 0,529: Total time for which application threads were stopped: 0,0001631 seconds, Stopping threads took: 0,0000183 seconds
2016-12-14T21:30:28.807+0100: 0,707: Total time for which application threads were stopped: 0,0002387 seconds, Stopping threads took: 0,0000178 seconds
2016-12-14T21:30:29.021+0100: 0,921: Total time for which application threads were stopped: 0,0002242 seconds, Stopping threads took: 0,0000151 seconds
2016-12-14T21:30:29.044+0100: 0,944: Total time for which application threads were stopped: 0,0001773 seconds, Stopping threads took: 0,0000161 seconds
2016-12-14T21:30:29.045+0100: 0,945: Total time for which application threads were stopped: 0,0001262 seconds, Stopping threads took: 0,0000083 seconds
2016-12-14T21:30:29.055+0100: 0,955: Total time for which application threads were stopped: 0,0001831 seconds, Stopping threads took: 0,0000235 seconds
2016-12-14T21:30:29.122+0100: 1,022: Total time for which application threads were stopped: 0,0002361 seconds, Stopping threads took: 0,0000213 seconds
2016-12-14T21:30:29.306+0100: 1,206: Total time for which application threads were stopped: 0,0048876 seconds, Stopping threads took: 0,0045837 seconds
{Heap before GC invocations=0 (full 0):
 par new generation   total 109248K, used 87424K [0x00000000e0000000, 0x00000000e8000000, 0x00000000e8000000)
  eden space 87424K, 100% used [0x00000000e0000000, 0x00000000e5560000, 0x00000000e5560000)
  from space 21824K,   0% used [0x00000000e5560000, 0x00000000e5560000, 0x00000000e6ab0000)
  to   space 21824K,   0% used [0x00000000e6ab0000, 0x00000000e6ab0000, 0x00000000e8000000)
 concurrent mark-sweep generation total 393216K, used 0K [0x00000000e8000000, 0x0000000100000000, 0x0000000100000000)
 Metaspace       used 18127K, capacity 18430K, committed 18560K, reserved 1064960K
  class space    used 2054K, capacity 2162K, committed 2176K, reserved 1048576K
2016-12-14T21:30:29.719+0100: 1,619: [GC (Allocation Failure) 2016-12-14T21:30:29.719+0100: 1,619: [ParNew
Desired survivor size 20112992 bytes, new threshold 8 (max 8)
- age   1:   12322072 bytes,   12322072 total
: 87424K->12141K(109248K), 0,0851475 secs] 87424K->12141K(502464K), 0,0852456 secs] [Times: user=0,04 sys=0,01, real=0,08 secs] 
Heap after GC invocations=1 (full 0):
 par new generation   total 109248K, used 12141K [0x00000000e0000000, 0x00000000e8000000, 0x00000000e8000000)
  eden space 87424K,   0% used [0x00000000e0000000, 0x00000000e0000000, 0x00000000e5560000)
  from space 21824K,  55% used [0x00000000e6ab0000, 0x00000000e768b708, 0x00000000e8000000)
  to   space 21824K,   0% used [0x00000000e5560000, 0x00000000e5560000, 0x00000000e6ab0000)
 concurrent mark-sweep generation total 393216K, used 0K [0x00000000e8000000, 0x0000000100000000, 0x0000000100000000)
 Metaspace       used 18127K, capacity 18430K, committed 18560K, reserved 1064960K
  class space    used 2054K, capacity 2162K, committed 2176K, reserved 1048576K
}
2016-12-14T21:30:29.805+0100: 1,705: Total time for which application threads were stopped: 0,0854772 seconds, Stopping threads took: 0,0000188 seconds
2016-12-14T21:30:30.247+0100: 2,147: Total time for which application threads were stopped: 0,0003131 seconds, Stopping threads took: 0,0000435 seconds
2016-12-14T21:30:30.292+0100: 2,192: Total time for which application threads were stopped: 0,0036351 seconds, Stopping threads took: 0,0022164 seconds
2016-12-14T21:30:30.352+0100: 2,252: Total time for which application threads were stopped: 0,0003348 seconds, Stopping threads took: 0,0000349 seconds
{Heap before GC invocations=1 (full 0):
 par new generation   total 109248K, used 99565K [0x00000000e0000000, 0x00000000e8000000, 0x00000000e8000000)
  eden space 87424K, 100% used [0x00000000e0000000, 0x00000000e5560000, 0x00000000e5560000)
  from space 21824K,  55% used [0x00000000e6ab0000, 0x00000000e768b708, 0x00000000e8000000)
  to   space 21824K,   0% used [0x00000000e5560000, 0x00000000e5560000, 0x00000000e6ab0000)
 concurrent mark-sweep generation total 393216K, used 0K [0x00000000e8000000, 0x0000000100000000, 0x0000000100000000)
 Metaspace       used 20730K, capacity 21084K, committed 21248K, reserved 1069056K
  class space    used 2404K, capacity 2518K, committed 2560K, reserved 1048576K
2016-12-14T21:30:30.608+0100: 2,508: [GC (Allocation Failure) 2016-12-14T21:30:30.608+0100: 2,508: [ParNew
Desired survivor size 20112992 bytes, new threshold 8 (max 8)
- age   1:    2898328 bytes,    2898328 total
- age   2:    6101160 bytes,    8999488 total
: 99565K->13110K(109248K), 0,0172199 secs] 99565K->13110K(502464K), 0,0172881 secs] [Times: user=0,06 sys=0,00, real=0,01 secs] 
Heap after GC invocations=2 (full 0):
 par new generation   total 109248K, used 13110K [0x00000000e0000000, 0x00000000e8000000, 0x00000000e8000000)
  eden space 87424K,   0% used [0x00000000e0000000, 0x00000000e0000000, 0x00000000e5560000)
  from space 21824K,  60% used [0x00000000e5560000, 0x00000000e622d8f0, 0x00000000e6ab0000)
  to   space 21824K,   0% used [0x00000000e6ab0000, 0x00000000e6ab0000, 0x00000000e8000000)
 concurrent mark-sweep generation total 393216K, used 0K [0x00000000e8000000, 0x0000000100000000, 0x0000000100000000)
 Metaspace       used 20730K, capacity 21084K, committed 21248K, reserved 1069056K
  class space    used 2404K, capacity 2518K, committed 2560K, reserved 1048576K
}
2016-12-14T21:30:30.625+0100: 2,526: Total time for which application threads were stopped: 0,0175124 seconds, Stopping threads took: 0,0000616 seconds
2016-12-14T21:30:30.696+0100: 2,596: Total time for which application threads were stopped: 0,0003359 seconds, Stopping threads took: 0,0000702 seconds
2016-12-14T21:30:30.736+0100: 2,636: Total time for which application threads were stopped: 0,0002911 seconds, Stopping threads took: 0,0000268 seconds
2016-12-14T21:30:30.737+0100: 2,637: Total time for which application threads were stopped: 0,0000691 seconds, Stopping threads took: 0,0000175 seconds
2016-12-14T21:30:30.766+0100: 2,666: Total time for which application threads were stopped: 0,0000698 seconds, Stopping threads took: 0,0000134 seconds
2016-12-14T21:30:30.842+0100: 2,742: Total time for which application threads were stopped: 0,0001168 seconds, Stopping threads took: 0,0000188 seconds
2016-12-14T21:30:30.858+0100: 2,758: Total time for which application threads were stopped: 0,0000727 seconds, Stopping threads took: 0,0000194 seconds
2016-12-14T21:30:30.865+0100: 2,765: Total time for which application threads were stopped: 0,0002821 seconds, Stopping threads took: 0,0000181 seconds
2016-12-14T21:30:30.872+0100: 2,772: Total time for which application threads were stopped: 0,0003290 seconds, Stopping threads took: 0,0000664 seconds
2016-12-14T21:30:30.878+0100: 2,778: Total time for which application threads were stopped: 0,0001091 seconds, Stopping threads took: 0,0000475 seconds
2016-12-14T21:30:30.905+0100: 2,805: Total time for which application threads were stopped: 0,0002388 seconds, Stopping threads took: 0,0001607 seconds
2016-12-14T21:30:30.920+0100: 2,821: Total time for which application threads were stopped: 0,0000763 seconds, Stopping threads took: 0,0000207 seconds
2016-12-14T21:30:30.942+0100: 2,842: Total time for which application threads were stopped: 0,0000836 seconds, Stopping threads took: 0,0000195 seconds
2016-12-14T21:30:30.961+0100: 2,861: Total time for which application threads were stopped: 0,0000718 seconds, Stopping threads took: 0,0000126 seconds
2016-12-14T21:30:30.994+0100: 2,894: Total time for which application threads were stopped: 0,0002734 seconds, Stopping threads took: 0,0001937 seconds
2016-12-14T21:30:31.039+0100: 2,939: Total time for which application threads were stopped: 0,0000971 seconds, Stopping threads took: 0,0000298 seconds
2016-12-14T21:30:31.069+0100: 2,969: Total time for which application threads were stopped: 0,0001133 seconds, Stopping threads took: 0,0000261 seconds
{Heap before GC invocations=2 (full 0):
 par new generation   total 109248K, used 100534K [0x00000000e0000000, 0x00000000e8000000, 0x00000000e8000000)
  eden space 87424K, 100% used [0x00000000e0000000, 0x00000000e5560000, 0x00000000e5560000)
  from space 21824K,  60% used [0x00000000e5560000, 0x00000000e622d8f0, 0x00000000e6ab0000)
  to   space 21824K,   0% used [0x00000000e6ab0000, 0x00000000e6ab0000, 0x00000000e8000000)
 concurrent mark-sweep generation total 393216K, used 0K [0x00000000e8000000, 0x0000000100000000, 0x0000000100000000)
 Metaspace       used 24855K, capacity 25221K, committed 25536K, reserved 1071104K
  class space    used 2897K, capacity 3025K, committed 3092K, reserved 1048576K
2016-12-14T21:30:31.082+0100: 2,982: [GC (Allocation Failure) 2016-12-14T21:30:31.082+0100: 2,982: [ParNew
Desired survivor size 20112992 bytes, new threshold 8 (max 8)
- age   1:    6698152 bytes,    6698152 total
- age   2:     547232 bytes,    7245384 total
- age   3:    6083992 bytes,   13329376 total
: 100534K->15505K(109248K), 0,0127874 secs] 100534K->15505K(502464K), 0,0128596 secs] [Times: user=0,04 sys=0,00, real=0,02 secs] 
Heap after GC invocations=3 (full 0):
 par new generation   total 109248K, used 15505K [0x00000000e0000000, 0x00000000e8000000, 0x00000000e8000000)
  eden space 87424K,   0% used [0x00000000e0000000, 0x00000000e0000000, 0x00000000e5560000)
  from space 21824K,  71% used [0x00000000e6ab0000, 0x00000000e79d4780, 0x00000000e8000000)
  to   space 21824K,   0% used [0x00000000e5560000, 0x00000000e5560000, 0x00000000e6ab0000)
 concurrent mark-sweep generation total 393216K, used 0K [0x00000000e8000000, 0x0000000100000000, 0x0000000100000000)
 Metaspace       used 24855K, capacity 25221K, committed 25536K, reserved 1071104K
  class space    used 2897K, capacity 3025K, committed 3092K, reserved 1048576K
}
2016-12-14T21:30:31.095+0100: 2,995: Total time for which application threads were stopped: 0,0131379 seconds, Stopping threads took: 0,0001611 seconds
2016-12-14T21:30:31.095+0100: 2,995: [GC (CMS Initial Mark) [1 CMS-initial-mark: 0K(393216K)] 15505K(502464K), 0,0037561 secs] [Times: user=0,01 sys=0,00, real=0,00 secs] 
2016-12-14T21:30:31.099+0100: 2,999: Total time for which application threads were stopped: 0,0038670 seconds, Stopping threads took: 0,0000310 seconds
2016-12-14T21:30:31.099+0100: 2,999: [CMS-concurrent-mark-start]
2016-12-14T21:30:31.099+0100: 2,999: [CMS-concurrent-mark: 0,000/0,000 secs] [Times: user=0,00 sys=0,00, real=0,00 secs] 
2016-12-14T21:30:31.099+0100: 2,999: [CMS-concurrent-preclean-start]
2016-12-14T21:30:31.101+0100: 3,001: [CMS-concurrent-preclean: 0,001/0,001 secs] [Times: user=0,00 sys=0,00, real=0,00 secs] 
2016-12-14T21:30:31.101+0100: 3,001: [GC (CMS Final Remark) [YG occupancy: 16907 K (109248 K)]2016-12-14T21:30:31.101+0100: 3,001: [Rescan (parallel) , 0,0034018 secs]2016-12-14T21:30:31.104+0100: 3,004: [weak refs processing, 0,0005730 secs]2016-12-14T21:30:31.105+0100: 3,005: [class unloading, 0,0031367 secs]2016-12-14T21:30:31.108+0100: 3,008: [scrub symbol table, 0,0032631 secs]2016-12-14T21:30:31.111+0100: 3,011: [scrub string table, 0,0003821 secs][1 CMS-remark: 0K(393216K)] 16907K(502464K), 0,0114133 secs] [Times: user=0,02 sys=0,00, real=0,01 secs] 
2016-12-14T21:30:31.112+0100: 3,012: Total time for which application threads were stopped: 0,0115602 seconds, Stopping threads took: 0,0000809 seconds
2016-12-14T21:30:31.112+0100: 3,012: [CMS-concurrent-sweep-start]
2016-12-14T21:30:31.112+0100: 3,012: [CMS-concurrent-sweep: 0,000/0,000 secs] [Times: user=0,00 sys=0,00, real=0,00 secs] 
2016-12-14T21:30:31.112+0100: 3,012: [CMS-concurrent-reset-start]
{Heap before GC invocations=3 (full 1):
 par new generation   total 109248K, used 16907K [0x00000000e0000000, 0x00000000e8000000, 0x00000000e8000000)
  eden space 87424K,   1% used [0x00000000e0000000, 0x00000000e015e820, 0x00000000e5560000)
  from space 21824K,  71% used [0x00000000e6ab0000, 0x00000000e79d4780, 0x00000000e8000000)
  to   space 21824K,   0% used [0x00000000e5560000, 0x00000000e5560000, 0x00000000e6ab0000)
 concurrent mark-sweep generation total 393216K, used 0K [0x00000000e8000000, 0x0000000100000000, 0x0000000100000000)
 Metaspace       used 24855K, capacity 25221K, committed 25536K, reserved 1071104K
  class space    used 2897K, capacity 3025K, committed 3092K, reserved 1048576K
2016-12-14T21:30:31.114+0100: 3,014: [GC (GCLocker Initiated GC) 2016-12-14T21:30:31.114+0100: 3,014: [ParNew
Desired survivor size 20112992 bytes, new threshold 8 (max 8)
- age   1:      24600 bytes,      24600 total
- age   2:    3150976 bytes,    3175576 total
- age   3:     547160 bytes,    3722736 total
- age   4:    6083024 bytes,    9805760 total
: 16907K->13816K(109248K), 0,0130401 secs] 16907K->13816K(502464K), 0,0130977 secs] [Times: user=0,05 sys=0,00, real=0,02 secs] 
Heap after GC invocations=4 (full 1):
 par new generation   total 109248K, used 13816K [0x00000000e0000000, 0x00000000e8000000, 0x00000000e8000000)
  eden space 87424K,   0% used [0x00000000e0000000, 0x00000000e0000000, 0x00000000e5560000)
  from space 21824K,  63% used [0x00000000e5560000, 0x00000000e62de2b8, 0x00000000e6ab0000)
  to   space 21824K,   0% used [0x00000000e6ab0000, 0x00000000e6ab0000, 0x00000000e8000000)
 concurrent mark-sweep generation total 393216K, used 0K [0x00000000e8000000, 0x0000000100000000, 0x0000000100000000)
 Metaspace       used 24855K, capacity 25221K, committed 25536K, reserved 1071104K
  class space    used 2897K, capacity 3025K, committed 3092K, reserved 1048576K
}
2016-12-14T21:30:31.127+0100: 3,027: Total time for which application threads were stopped: 0,0132597 seconds, Stopping threads took: 0,0000311 seconds
2016-12-14T21:30:31.127+0100: 3,027: [CMS-concurrent-reset: 0,002/0,015 secs] [Times: user=0,05 sys=0,00, real=0,02 secs] 
2016-12-14T21:30:31.177+0100: 3,078: Total time for which application threads were stopped: 0,0003222 seconds, Stopping threads took: 0,0000242 seconds
2016-12-14T21:30:32.155+0100: 4,055: Total time for which application threads were stopped: 0,0002986 seconds, Stopping threads took: 0,0000167 seconds
2016-12-14T21:30:59.157+0100: 31,057: Total time for which application threads were stopped: 0,0000543 seconds, Stopping threads took: 0,0000155 seconds
2016-12-14T21:33:08.429+0100: 161,075: Total time for which application threads were stopped: 0,0000784 seconds, Stopping threads took: 0,0000367 seconds
2016-12-14T21:33:13.430+0100: 166,076: Total time for which application threads were stopped: 0,0000553 seconds, Stopping threads took: 0,0000155 seconds
2016-12-14T21:33:28.433+0100: 181,079: Total time for which application threads were stopped: 0,0000834 seconds, Stopping threads took: 0,0000422 seconds
2016-12-14T21:33:33.434+0100: 186,080: Total time for which application threads were stopped: 0,0000866 seconds, Stopping threads took: 0,0000254 seconds
2016-12-14T21:34:23.439+0100: 236,085: Total time for which application threads were stopped: 0,0000718 seconds, Stopping threads took: 0,0000310 seconds
2016-12-14T21:34:48.442+0100: 261,088: Total time for which application threads were stopped: 0,0000683 seconds, Stopping threads took: 0,0000197 seconds
2016-12-14T21:34:53.443+0100: 266,089: Total time for which application threads were stopped: 0,0001506 seconds, Stopping threads took: 0,0000601 seconds
2016-12-14T21:34:58.443+0100: 271,089: Total time for which application threads were stopped: 0,0000634 seconds, Stopping threads took: 0,0000177 seconds
2016-12-14T21:35:13.445+0100: 286,091: Total time for which application threads were stopped: 0,0001258 seconds, Stopping threads took: 0,0000543 seconds
2016-12-14T21:35:23.446+0100: 296,092: Total time for which application threads were stopped: 0,0000714 seconds, Stopping threads took: 0,0000290 seconds
2016-12-14T21:41:13.491+0100: 646,137: Total time for which application threads were stopped: 0,0000844 seconds, Stopping threads took: 0,0000310 seconds
2016-12-14T21:46:33.530+0100: 966,176: Total time for which application threads were stopped: 0,0000706 seconds, Stopping threads took: 0,0000295 seconds
2016-12-14T21:54:08.586+0100: 1421,232: Total time for which application threads were stopped: 0,0000638 seconds, Stopping threads took: 0,0000258 seconds
2016-12-14T21:58:33.616+0100: 1686,262: Total time for which application threads were stopped: 0,0001018 seconds, Stopping threads took: 0,0000359 seconds
2016-12-14T22:09:23.684+0100: 2336,330: Total time for which application threads were stopped: 0,0000761 seconds, Stopping threads took: 0,0000299 seconds
2016-12-14T22:09:28.685+0100: 2341,331: Total time for which application threads were stopped: 0,0001177 seconds, Stopping threads took: 0,0000286 seconds
2016-12-14T22:12:33.711+0100: 2526,357: Total time for which application threads were stopped: 0,0001725 seconds, Stopping threads took: 0,0000882 seconds
2016-12-14T22:27:43.808+0100: 3436,454: Total time for which application threads were stopped: 0,0000746 seconds, Stopping threads took: 0,0000306 seconds
2016-12-14T22:34:53.850+0100: 3866,496: Total time for which application threads were stopped: 0,0000755 seconds, Stopping threads took: 0,0000335 seconds
2016-12-14T22:34:58.851+0100: 3871,497: Total time for which application threads were stopped: 0,0000766 seconds, Stopping threads took: 0,0000325 seconds
2016-12-14T22:37:28.865+0100: 4021,511: Total time for which application threads were stopped: 0,0000708 seconds, Stopping threads took: 0,0000295 seconds
2016-12-14T23:21:19.145+0100: 6651,791: Total time for which application threads were stopped: 0,0000994 seconds, Stopping threads took: 0,0000401 seconds
2016-12-14T23:22:09.151+0100: 6701,797: Total time for which application threads were stopped: 0,0007253 seconds, Stopping threads took: 0,0003339 seconds
2016-12-14T23:28:44.193+0100: 7096,839: Total time for which application threads were stopped: 0,0000802 seconds, Stopping threads took: 0,0000352 seconds
2016-12-14T23:35:28.239+0100: 7500,884: Total time for which application threads were stopped: 0,0000710 seconds, Stopping threads took: 0,0000300 seconds
2016-12-14T23:35:58.242+0100: 7530,888: Total time for which application threads were stopped: 0,0003815 seconds, Stopping threads took: 0,0001579 seconds
2016-12-14T23:37:28.254+0100: 7620,900: Total time for which application threads were stopped: 0,0000863 seconds, Stopping threads took: 0,0000289 seconds
2016-12-14T23:38:28.260+0100: 7680,906: Total time for which application threads were stopped: 0,0003383 seconds, Stopping threads took: 0,0001404 seconds
2016-12-14T23:38:58.264+0100: 7710,910: Total time for which application threads were stopped: 0,0000813 seconds, Stopping threads took: 0,0000374 seconds
2016-12-15T00:12:55.419+0100: 9748,065: Total time for which application threads were stopped: 0,0001472 seconds, Stopping threads took: 0,0000263 seconds
Heap
 par new generation   total 109248K, used 57383K [0x00000000e0000000, 0x00000000e8000000, 0x00000000e8000000)
  eden space 87424K,  49% used [0x00000000e0000000, 0x00000000e2a8bae0, 0x00000000e5560000)
  from space 21824K,  63% used [0x00000000e5560000, 0x00000000e62de2b8, 0x00000000e6ab0000)
  to   space 21824K,   0% used [0x00000000e6ab0000, 0x00000000e6ab0000, 0x00000000e8000000)
 concurrent mark-sweep generation total 393216K, used 0K [0x00000000e8000000, 0x0000000100000000, 0x0000000100000000)
 Metaspace       used 27189K, capacity 27659K, committed 27924K, reserved 1073152K
  class space    used 3160K, capacity 3320K, committed 3348K, reserved 1048576K
