OpenJDK 64-Bit Server VM (25.111-b14) for linux-amd64 JRE (1.8.0_111-8u111-b14-2ubuntu0.16.04.2-b14), built on Oct 27 2016 18:10:19 by "buildd" with gcc 5.4.0 20160609
Memory: 4k page, physical 7867848k(7462792k free), swap 8076284k(8076284k free)
CommandLine flags: -XX:CMSInitiatingOccupancyFraction=50 -XX:CMSMaxAbortablePrecleanTime=6000 -XX:+CMSParallelRemarkEnabled -XX:+CMSScavengeBeforeRemark -XX:ConcGCThreads=4 -XX:InitialHeapSize=536870912 -XX:MaxHeapSize=536870912 -XX:MaxTenuringThreshold=8 -XX:NewRatio=3 -XX:OldPLABSize=16 -XX:OnOutOfMemoryError=/opt/solr/bin/oom_solr.sh 8983 /var/solr/logs -XX:ParallelGCThreads=4 -XX:+ParallelRefProcEnabled -XX:PretenureSizeThreshold=67108864 -XX:+PrintGC -XX:+PrintGCApplicationStoppedTime -XX:+PrintGCDateStamps -XX:+PrintGCDetails -XX:+PrintGCTimeStamps -XX:+PrintHeapAtGC -XX:+PrintTenuringDistribution -XX:SurvivorRatio=4 -XX:TargetSurvivorRatio=90 -XX:ThreadStackSize=256 -XX:+UseCMSInitiatingOccupancyOnly -XX:+UseCompressedClassPointers -XX:+UseCompressedOops -XX:+UseConcMarkSweepGC -XX:+UseParNewGC 
2016-11-17T19:36:32.940+0100: 0,120: Total time for which application threads were stopped: 0,0000713 seconds, Stopping threads took: 0,0000123 seconds
2016-11-17T19:36:33.040+0100: 0,221: Total time for which application threads were stopped: 0,0001341 seconds, Stopping threads took: 0,0000156 seconds
2016-11-17T19:36:33.053+0100: 0,233: Total time for which application threads were stopped: 0,0000987 seconds, Stopping threads took: 0,0000140 seconds
2016-11-17T19:36:33.293+0100: 0,473: Total time for which application threads were stopped: 0,0001244 seconds, Stopping threads took: 0,0000162 seconds
2016-11-17T19:36:33.687+0100: 0,867: Total time for which application threads were stopped: 0,0001691 seconds, Stopping threads took: 0,0000263 seconds
2016-11-17T19:36:33.777+0100: 0,957: Total time for which application threads were stopped: 0,0002220 seconds, Stopping threads took: 0,0000363 seconds
2016-11-17T19:36:33.850+0100: 1,030: Total time for which application threads were stopped: 0,0002613 seconds, Stopping threads took: 0,0000496 seconds
2016-11-17T19:36:34.109+0100: 1,289: Total time for which application threads were stopped: 0,0009747 seconds, Stopping threads took: 0,0000251 seconds
2016-11-17T19:36:34.352+0100: 1,533: Total time for which application threads were stopped: 0,0002255 seconds, Stopping threads took: 0,0000163 seconds
2016-11-17T19:36:34.381+0100: 1,561: Total time for which application threads were stopped: 0,0002114 seconds, Stopping threads took: 0,0000436 seconds
2016-11-17T19:36:34.382+0100: 1,562: Total time for which application threads were stopped: 0,0001677 seconds, Stopping threads took: 0,0000142 seconds
2016-11-17T19:36:34.399+0100: 1,579: Total time for which application threads were stopped: 0,0002032 seconds, Stopping threads took: 0,0000419 seconds
2016-11-17T19:36:34.517+0100: 1,697: Total time for which application threads were stopped: 0,0002182 seconds, Stopping threads took: 0,0000258 seconds
2016-11-17T19:36:34.746+0100: 1,927: Total time for which application threads were stopped: 0,0006037 seconds, Stopping threads took: 0,0001270 seconds
{Heap before GC invocations=0 (full 0):
 par new generation   total 109248K, used 87424K [0x00000000e0000000, 0x00000000e8000000, 0x00000000e8000000)
  eden space 87424K, 100% used [0x00000000e0000000, 0x00000000e5560000, 0x00000000e5560000)
  from space 21824K,   0% used [0x00000000e5560000, 0x00000000e5560000, 0x00000000e6ab0000)
  to   space 21824K,   0% used [0x00000000e6ab0000, 0x00000000e6ab0000, 0x00000000e8000000)
 concurrent mark-sweep generation total 393216K, used 0K [0x00000000e8000000, 0x0000000100000000, 0x0000000100000000)
 Metaspace       used 18084K, capacity 18366K, committed 18560K, reserved 1064960K
  class space    used 2054K, capacity 2162K, committed 2176K, reserved 1048576K
2016-11-17T19:36:34.894+0100: 2,075: [GC (Allocation Failure) 2016-11-17T19:36:34.894+0100: 2,075: [ParNew
Desired survivor size 20112992 bytes, new threshold 8 (max 8)
- age   1:   12328424 bytes,   12328424 total
: 87424K->12145K(109248K), 0,0164136 secs] 87424K->12145K(502464K), 0,0165021 secs] [Times: user=0,04 sys=0,02, real=0,01 secs] 
Heap after GC invocations=1 (full 0):
 par new generation   total 109248K, used 12145K [0x00000000e0000000, 0x00000000e8000000, 0x00000000e8000000)
  eden space 87424K,   0% used [0x00000000e0000000, 0x00000000e0000000, 0x00000000e5560000)
  from space 21824K,  55% used [0x00000000e6ab0000, 0x00000000e768c618, 0x00000000e8000000)
  to   space 21824K,   0% used [0x00000000e5560000, 0x00000000e5560000, 0x00000000e6ab0000)
 concurrent mark-sweep generation total 393216K, used 0K [0x00000000e8000000, 0x0000000100000000, 0x0000000100000000)
 Metaspace       used 18084K, capacity 18366K, committed 18560K, reserved 1064960K
  class space    used 2054K, capacity 2162K, committed 2176K, reserved 1048576K
}
2016-11-17T19:36:34.911+0100: 2,091: Total time for which application threads were stopped: 0,0166672 seconds, Stopping threads took: 0,0000173 seconds
2016-11-17T19:36:35.087+0100: 2,267: Total time for which application threads were stopped: 0,0002684 seconds, Stopping threads took: 0,0000217 seconds
2016-11-17T19:36:35.121+0100: 2,301: Total time for which application threads were stopped: 0,0003618 seconds, Stopping threads took: 0,0000398 seconds
2016-11-17T19:36:35.149+0100: 2,329: Total time for which application threads were stopped: 0,0002852 seconds, Stopping threads took: 0,0000396 seconds
{Heap before GC invocations=1 (full 0):
 par new generation   total 109248K, used 99569K [0x00000000e0000000, 0x00000000e8000000, 0x00000000e8000000)
  eden space 87424K, 100% used [0x00000000e0000000, 0x00000000e5560000, 0x00000000e5560000)
  from space 21824K,  55% used [0x00000000e6ab0000, 0x00000000e768c618, 0x00000000e8000000)
  to   space 21824K,   0% used [0x00000000e5560000, 0x00000000e5560000, 0x00000000e6ab0000)
 concurrent mark-sweep generation total 393216K, used 0K [0x00000000e8000000, 0x0000000100000000, 0x0000000100000000)
 Metaspace       used 20701K, capacity 21020K, committed 21248K, reserved 1069056K
  class space    used 2404K, capacity 2518K, committed 2560K, reserved 1048576K
2016-11-17T19:36:35.318+0100: 2,498: [GC (Allocation Failure) 2016-11-17T19:36:35.318+0100: 2,498: [ParNew
Desired survivor size 20112992 bytes, new threshold 8 (max 8)
- age   1:    2899448 bytes,    2899448 total
- age   2:    6102112 bytes,    9001560 total
: 99569K->13163K(109248K), 0,0179972 secs] 99569K->13163K(502464K), 0,0180863 secs] [Times: user=0,06 sys=0,01, real=0,02 secs] 
Heap after GC invocations=2 (full 0):
 par new generation   total 109248K, used 13163K [0x00000000e0000000, 0x00000000e8000000, 0x00000000e8000000)
  eden space 87424K,   0% used [0x00000000e0000000, 0x00000000e0000000, 0x00000000e5560000)
  from space 21824K,  60% used [0x00000000e5560000, 0x00000000e623aff8, 0x00000000e6ab0000)
  to   space 21824K,   0% used [0x00000000e6ab0000, 0x00000000e6ab0000, 0x00000000e8000000)
 concurrent mark-sweep generation total 393216K, used 0K [0x00000000e8000000, 0x0000000100000000, 0x0000000100000000)
 Metaspace       used 20701K, capacity 21020K, committed 21248K, reserved 1069056K
  class space    used 2404K, capacity 2518K, committed 2560K, reserved 1048576K
}
2016-11-17T19:36:35.336+0100: 2,516: Total time for which application threads were stopped: 0,0182741 seconds, Stopping threads took: 0,0000266 seconds
2016-11-17T19:36:35.392+0100: 2,572: Total time for which application threads were stopped: 0,0000751 seconds, Stopping threads took: 0,0000141 seconds
2016-11-17T19:36:35.425+0100: 2,605: Total time for which application threads were stopped: 0,0002743 seconds, Stopping threads took: 0,0000177 seconds
2016-11-17T19:36:35.431+0100: 2,611: Total time for which application threads were stopped: 0,0001461 seconds, Stopping threads took: 0,0000285 seconds
2016-11-17T19:36:35.453+0100: 2,633: Total time for which application threads were stopped: 0,0000733 seconds, Stopping threads took: 0,0000181 seconds
2016-11-17T19:36:35.532+0100: 2,712: Total time for which application threads were stopped: 0,0001464 seconds, Stopping threads took: 0,0000446 seconds
2016-11-17T19:36:35.549+0100: 2,729: Total time for which application threads were stopped: 0,0000998 seconds, Stopping threads took: 0,0000314 seconds
2016-11-17T19:36:35.557+0100: 2,737: Total time for which application threads were stopped: 0,0002915 seconds, Stopping threads took: 0,0000241 seconds
2016-11-17T19:36:35.565+0100: 2,746: Total time for which application threads were stopped: 0,0002670 seconds, Stopping threads took: 0,0000143 seconds
2016-11-17T19:36:35.567+0100: 2,748: Total time for which application threads were stopped: 0,0001025 seconds, Stopping threads took: 0,0000381 seconds
2016-11-17T19:36:35.609+0100: 2,789: Total time for which application threads were stopped: 0,0000689 seconds, Stopping threads took: 0,0000124 seconds
2016-11-17T19:36:35.622+0100: 2,802: Total time for which application threads were stopped: 0,0000907 seconds, Stopping threads took: 0,0000245 seconds
2016-11-17T19:36:35.646+0100: 2,826: Total time for which application threads were stopped: 0,0000737 seconds, Stopping threads took: 0,0000128 seconds
2016-11-17T19:36:35.665+0100: 2,845: Total time for which application threads were stopped: 0,0000775 seconds, Stopping threads took: 0,0000165 seconds
2016-11-17T19:36:35.699+0100: 2,879: Total time for which application threads were stopped: 0,0001466 seconds, Stopping threads took: 0,0000461 seconds
2016-11-17T19:36:35.760+0100: 2,940: Total time for which application threads were stopped: 0,0000953 seconds, Stopping threads took: 0,0000224 seconds
2016-11-17T19:36:35.792+0100: 2,972: Total time for which application threads were stopped: 0,0001309 seconds, Stopping threads took: 0,0000307 seconds
{Heap before GC invocations=2 (full 0):
 par new generation   total 109248K, used 100587K [0x00000000e0000000, 0x00000000e8000000, 0x00000000e8000000)
  eden space 87424K, 100% used [0x00000000e0000000, 0x00000000e5560000, 0x00000000e5560000)
  from space 21824K,  60% used [0x00000000e5560000, 0x00000000e623aff8, 0x00000000e6ab0000)
  to   space 21824K,   0% used [0x00000000e6ab0000, 0x00000000e6ab0000, 0x00000000e8000000)
 concurrent mark-sweep generation total 393216K, used 0K [0x00000000e8000000, 0x0000000100000000, 0x0000000100000000)
 Metaspace       used 24846K, capacity 25223K, committed 25536K, reserved 1071104K
  class space    used 2896K, capacity 3024K, committed 3092K, reserved 1048576K
2016-11-17T19:36:35.808+0100: 2,988: [GC (Allocation Failure) 2016-11-17T19:36:35.808+0100: 2,988: [ParNew
Desired survivor size 20112992 bytes, new threshold 8 (max 8)
- age   1:    6687288 bytes,    6687288 total
- age   2:     548336 bytes,    7235624 total
- age   3:    6085448 bytes,   13321072 total
: 100587K->16825K(109248K), 0,0157883 secs] 100587K->16825K(502464K), 0,0158728 secs] [Times: user=0,06 sys=0,01, real=0,02 secs] 
Heap after GC invocations=3 (full 0):
 par new generation   total 109248K, used 16825K [0x00000000e0000000, 0x00000000e8000000, 0x00000000e8000000)
  eden space 87424K,   0% used [0x00000000e0000000, 0x00000000e0000000, 0x00000000e5560000)
  from space 21824K,  77% used [0x00000000e6ab0000, 0x00000000e7b1e568, 0x00000000e8000000)
  to   space 21824K,   0% used [0x00000000e5560000, 0x00000000e5560000, 0x00000000e6ab0000)
 concurrent mark-sweep generation total 393216K, used 0K [0x00000000e8000000, 0x0000000100000000, 0x0000000100000000)
 Metaspace       used 24846K, capacity 25223K, committed 25536K, reserved 1071104K
  class space    used 2896K, capacity 3024K, committed 3092K, reserved 1048576K
}
2016-11-17T19:36:35.824+0100: 3,004: Total time for which application threads were stopped: 0,0160468 seconds, Stopping threads took: 0,0000270 seconds
2016-11-17T19:36:35.824+0100: 3,005: [GC (CMS Initial Mark) [1 CMS-initial-mark: 0K(393216K)] 16825K(502464K), 0,0041268 secs] [Times: user=0,01 sys=0,00, real=0,00 secs] 
2016-11-17T19:36:35.829+0100: 3,009: Total time for which application threads were stopped: 0,0047229 seconds, Stopping threads took: 0,0005082 seconds
2016-11-17T19:36:35.829+0100: 3,009: [CMS-concurrent-mark-start]
2016-11-17T19:36:35.829+0100: 3,009: [CMS-concurrent-mark: 0,000/0,000 secs] [Times: user=0,00 sys=0,00, real=0,00 secs] 
2016-11-17T19:36:35.829+0100: 3,009: [CMS-concurrent-preclean-start]
2016-11-17T19:36:35.830+0100: 3,010: [CMS-concurrent-preclean: 0,001/0,001 secs] [Times: user=0,01 sys=0,00, real=0,00 secs] 
2016-11-17T19:36:35.830+0100: 3,010: [GC (CMS Final Remark) [YG occupancy: 18228 K (109248 K)]{Heap before GC invocations=3 (full 1):
 par new generation   total 109248K, used 18228K [0x00000000e0000000, 0x00000000e8000000, 0x00000000e8000000)
  eden space 87424K,   1% used [0x00000000e0000000, 0x00000000e015edd8, 0x00000000e5560000)
  from space 21824K,  77% used [0x00000000e6ab0000, 0x00000000e7b1e568, 0x00000000e8000000)
  to   space 21824K,   0% used [0x00000000e5560000, 0x00000000e5560000, 0x00000000e6ab0000)
 concurrent mark-sweep generation total 393216K, used 0K [0x00000000e8000000, 0x0000000100000000, 0x0000000100000000)
 Metaspace       used 24848K, capacity 25223K, committed 25536K, reserved 1071104K
  class space    used 2896K, capacity 3024K, committed 3092K, reserved 1048576K
2016-11-17T19:36:35.830+0100: 3,010: [GC (CMS Final Remark) 2016-11-17T19:36:35.830+0100: 3,011: [ParNew
Desired survivor size 20112992 bytes, new threshold 8 (max 8)
- age   1:        464 bytes,        464 total
- age   2:    3148216 bytes,    3148680 total
- age   3:     548376 bytes,    3697056 total
- age   4:    6084280 bytes,    9781336 total
: 18228K->12601K(109248K), 0,0115591 secs] 18228K->12601K(502464K), 0,0116016 secs] [Times: user=0,04 sys=0,00, real=0,01 secs] 
Heap after GC invocations=4 (full 1):
 par new generation   total 109248K, used 12601K [0x00000000e0000000, 0x00000000e8000000, 0x00000000e8000000)
  eden space 87424K,   0% used [0x00000000e0000000, 0x00000000e0000000, 0x00000000e5560000)
  from space 21824K,  57% used [0x00000000e5560000, 0x00000000e61ae410, 0x00000000e6ab0000)
  to   space 21824K,   0% used [0x00000000e6ab0000, 0x00000000e6ab0000, 0x00000000e8000000)
 concurrent mark-sweep generation total 393216K, used 0K [0x00000000e8000000, 0x0000000100000000, 0x0000000100000000)
 Metaspace       used 24848K, capacity 25223K, committed 25536K, reserved 1071104K
  class space    used 2896K, capacity 3024K, committed 3092K, reserved 1048576K
}
2016-11-17T19:36:35.842+0100: 3,022: [Rescan (parallel) , 0,0033389 secs]2016-11-17T19:36:35.845+0100: 3,025: [weak refs processing, 0,0005909 secs]2016-11-17T19:36:35.846+0100: 3,026: [class unloading, 0,0032217 secs]2016-11-17T19:36:35.849+0100: 3,029: [scrub symbol table, 0,0034074 secs]2016-11-17T19:36:35.853+0100: 3,033: [scrub string table, 0,0003879 secs][1 CMS-remark: 0K(393216K)] 12601K(502464K), 0,0232668 secs] [Times: user=0,06 sys=0,00, real=0,03 secs] 
2016-11-17T19:36:35.854+0100: 3,034: Total time for which application threads were stopped: 0,0236434 seconds, Stopping threads took: 0,0003125 seconds
2016-11-17T19:36:35.854+0100: 3,034: [CMS-concurrent-sweep-start]
2016-11-17T19:36:35.854+0100: 3,034: [CMS-concurrent-sweep: 0,000/0,000 secs] [Times: user=0,00 sys=0,00, real=0,00 secs] 
2016-11-17T19:36:35.854+0100: 3,034: [CMS-concurrent-reset-start]
2016-11-17T19:36:35.855+0100: 3,035: [CMS-concurrent-reset: 0,001/0,001 secs] [Times: user=0,01 sys=0,00, real=0,00 secs] 
2016-11-17T19:36:35.898+0100: 3,079: Total time for which application threads were stopped: 0,0005592 seconds, Stopping threads took: 0,0000297 seconds
2016-11-17T19:36:36.870+0100: 4,050: Total time for which application threads were stopped: 0,0003464 seconds, Stopping threads took: 0,0000190 seconds
2016-11-17T19:37:04.417+0100: 32,054: Total time for which application threads were stopped: 0,0000582 seconds, Stopping threads took: 0,0000186 seconds
2016-11-17T19:39:14.436+0100: 162,073: Total time for which application threads were stopped: 0,0001825 seconds, Stopping threads took: 0,0001212 seconds
2016-11-17T19:39:19.437+0100: 167,074: Total time for which application threads were stopped: 0,0000737 seconds, Stopping threads took: 0,0000233 seconds
2016-11-17T19:39:33.439+0100: 181,076: Total time for which application threads were stopped: 0,0000668 seconds, Stopping threads took: 0,0000190 seconds
2016-11-17T19:39:38.439+0100: 186,077: Total time for which application threads were stopped: 0,0002666 seconds, Stopping threads took: 0,0001229 seconds
2016-11-17T19:40:29.446+0100: 237,083: Total time for which application threads were stopped: 0,0000750 seconds, Stopping threads took: 0,0000326 seconds
2016-11-17T19:40:58.449+0100: 266,086: Total time for which application threads were stopped: 0,0001920 seconds, Stopping threads took: 0,0000809 seconds
2016-11-17T19:41:03.450+0100: 271,087: Total time for which application threads were stopped: 0,0000734 seconds, Stopping threads took: 0,0000177 seconds
2016-11-17T19:41:14.451+0100: 282,088: Total time for which application threads were stopped: 0,0003970 seconds, Stopping threads took: 0,0001598 seconds
2016-11-17T19:41:19.452+0100: 287,089: Total time for which application threads were stopped: 0,0000599 seconds, Stopping threads took: 0,0000160 seconds
2016-11-17T19:41:54.456+0100: 322,093: Total time for which application threads were stopped: 0,0000845 seconds, Stopping threads took: 0,0000356 seconds
2016-11-17T20:00:13.590+0100: 1421,227: Total time for which application threads were stopped: 0,0000888 seconds, Stopping threads took: 0,0000338 seconds
2016-11-17T20:02:32.868+0100: 1560,505: Total time for which application threads were stopped: 0,0001602 seconds, Stopping threads took: 0,0000330 seconds
Heap
 par new generation   total 109248K, used 56172K [0x00000000e0000000, 0x00000000e8000000, 0x00000000e8000000)
  eden space 87424K,  49% used [0x00000000e0000000, 0x00000000e2a8cf80, 0x00000000e5560000)
  from space 21824K,  57% used [0x00000000e5560000, 0x00000000e61ae410, 0x00000000e6ab0000)
  to   space 21824K,   0% used [0x00000000e6ab0000, 0x00000000e6ab0000, 0x00000000e8000000)
 concurrent mark-sweep generation total 393216K, used 0K [0x00000000e8000000, 0x0000000100000000, 0x0000000100000000)
 Metaspace       used 27171K, capacity 27597K, committed 27924K, reserved 1073152K
  class space    used 3160K, capacity 3319K, committed 3348K, reserved 1048576K
