OpenJDK 64-Bit Server VM (25.121-b13) for linux-amd64 JRE (1.8.0_121-8u121-b13-0ubuntu1.16.04.2-b13), built on Jan 23 2017 15:51:29 by "buildd" with gcc 5.4.0 20160609
Memory: 4k page, physical 7867764k(7417616k free), swap 8076284k(8076284k free)
CommandLine flags: -XX:CMSInitiatingOccupancyFraction=50 -XX:CMSMaxAbortablePrecleanTime=6000 -XX:+CMSParallelRemarkEnabled -XX:+CMSScavengeBeforeRemark -XX:ConcGCThreads=4 -XX:InitialHeapSize=536870912 -XX:MaxHeapSize=536870912 -XX:MaxTenuringThreshold=8 -XX:NewRatio=3 -XX:OldPLABSize=16 -XX:OnOutOfMemoryError=/opt/solr/bin/oom_solr.sh 8983 /var/solr/logs -XX:ParallelGCThreads=4 -XX:+ParallelRefProcEnabled -XX:PretenureSizeThreshold=67108864 -XX:+PrintGC -XX:+PrintGCApplicationStoppedTime -XX:+PrintGCDateStamps -XX:+PrintGCDetails -XX:+PrintGCTimeStamps -XX:+PrintHeapAtGC -XX:+PrintTenuringDistribution -XX:SurvivorRatio=4 -XX:TargetSurvivorRatio=90 -XX:ThreadStackSize=256 -XX:+UseCMSInitiatingOccupancyOnly -XX:+UseCompressedClassPointers -XX:+UseCompressedOops -XX:+UseConcMarkSweepGC -XX:+UseParNewGC 
2017-05-03T12:27:30.810+0200: 0,156: Total time for which application threads were stopped: 0,0000706 seconds, Stopping threads took: 0,0000145 seconds
2017-05-03T12:27:30.898+0200: 0,244: Total time for which application threads were stopped: 0,0001510 seconds, Stopping threads took: 0,0000152 seconds
2017-05-03T12:27:30.923+0200: 0,268: Total time for which application threads were stopped: 0,0001060 seconds, Stopping threads took: 0,0000107 seconds
2017-05-03T12:27:31.271+0200: 0,616: Total time for which application threads were stopped: 0,0001594 seconds, Stopping threads took: 0,0000143 seconds
2017-05-03T12:27:31.672+0200: 1,017: Total time for which application threads were stopped: 0,0001265 seconds, Stopping threads took: 0,0000098 seconds
2017-05-03T12:27:31.795+0200: 1,140: Total time for which application threads were stopped: 0,0006475 seconds, Stopping threads took: 0,0001387 seconds
2017-05-03T12:27:31.824+0200: 1,169: Total time for which application threads were stopped: 0,0001954 seconds, Stopping threads took: 0,0000329 seconds
2017-05-03T12:27:32.138+0200: 1,484: Total time for which application threads were stopped: 0,0001923 seconds, Stopping threads took: 0,0000227 seconds
2017-05-03T12:27:32.408+0200: 1,753: Total time for which application threads were stopped: 0,0002772 seconds, Stopping threads took: 0,0000164 seconds
2017-05-03T12:27:32.440+0200: 1,786: Total time for which application threads were stopped: 0,0009082 seconds, Stopping threads took: 0,0001600 seconds
2017-05-03T12:27:32.480+0200: 1,826: Total time for which application threads were stopped: 0,0001996 seconds, Stopping threads took: 0,0000200 seconds
2017-05-03T12:27:32.482+0200: 1,827: Total time for which application threads were stopped: 0,0002145 seconds, Stopping threads took: 0,0000249 seconds
2017-05-03T12:27:32.501+0200: 1,846: Total time for which application threads were stopped: 0,0001816 seconds, Stopping threads took: 0,0000198 seconds
2017-05-03T12:27:32.569+0200: 1,914: Total time for which application threads were stopped: 0,0002548 seconds, Stopping threads took: 0,0000270 seconds
2017-05-03T12:27:32.735+0200: 2,080: Total time for which application threads were stopped: 0,0003902 seconds, Stopping threads took: 0,0001577 seconds
{Heap before GC invocations=0 (full 0):
 par new generation   total 109248K, used 87424K [0x00000000e0000000, 0x00000000e8000000, 0x00000000e8000000)
  eden space 87424K, 100% used [0x00000000e0000000, 0x00000000e5560000, 0x00000000e5560000)
  from space 21824K,   0% used [0x00000000e5560000, 0x00000000e5560000, 0x00000000e6ab0000)
  to   space 21824K,   0% used [0x00000000e6ab0000, 0x00000000e6ab0000, 0x00000000e8000000)
 concurrent mark-sweep generation total 393216K, used 0K [0x00000000e8000000, 0x0000000100000000, 0x0000000100000000)
 Metaspace       used 17892K, capacity 18240K, committed 18304K, reserved 1064960K
  class space    used 2027K, capacity 2164K, committed 2176K, reserved 1048576K
2017-05-03T12:27:32.783+0200: 2,128: [GC (Allocation Failure) 2017-05-03T12:27:32.783+0200: 2,128: [ParNew
Desired survivor size 20112992 bytes, new threshold 8 (max 8)
- age   1:   11804944 bytes,   11804944 total
: 87424K->11643K(109248K), 0,0168867 secs] 87424K->11643K(502464K), 0,0169912 secs] [Times: user=0,06 sys=0,00, real=0,01 secs] 
Heap after GC invocations=1 (full 0):
 par new generation   total 109248K, used 11643K [0x00000000e0000000, 0x00000000e8000000, 0x00000000e8000000)
  eden space 87424K,   0% used [0x00000000e0000000, 0x00000000e0000000, 0x00000000e5560000)
  from space 21824K,  53% used [0x00000000e6ab0000, 0x00000000e760ecf8, 0x00000000e8000000)
  to   space 21824K,   0% used [0x00000000e5560000, 0x00000000e5560000, 0x00000000e6ab0000)
 concurrent mark-sweep generation total 393216K, used 0K [0x00000000e8000000, 0x0000000100000000, 0x0000000100000000)
 Metaspace       used 17892K, capacity 18240K, committed 18304K, reserved 1064960K
  class space    used 2027K, capacity 2164K, committed 2176K, reserved 1048576K
}
2017-05-03T12:27:32.800+0200: 2,145: Total time for which application threads were stopped: 0,0172253 seconds, Stopping threads took: 0,0000542 seconds
2017-05-03T12:27:33.139+0200: 2,485: Total time for which application threads were stopped: 0,0003094 seconds, Stopping threads took: 0,0000215 seconds
{Heap before GC invocations=1 (full 0):
 par new generation   total 109248K, used 99067K [0x00000000e0000000, 0x00000000e8000000, 0x00000000e8000000)
  eden space 87424K, 100% used [0x00000000e0000000, 0x00000000e5560000, 0x00000000e5560000)
  from space 21824K,  53% used [0x00000000e6ab0000, 0x00000000e760ecf8, 0x00000000e8000000)
  to   space 21824K,   0% used [0x00000000e5560000, 0x00000000e5560000, 0x00000000e6ab0000)
 concurrent mark-sweep generation total 393216K, used 0K [0x00000000e8000000, 0x0000000100000000, 0x0000000100000000)
 Metaspace       used 20047K, capacity 20350K, committed 20736K, reserved 1067008K
  class space    used 2292K, capacity 2465K, committed 2560K, reserved 1048576K
2017-05-03T12:27:33.169+0200: 2,514: [GC (Allocation Failure) 2017-05-03T12:27:33.169+0200: 2,514: [ParNew
Desired survivor size 20112992 bytes, new threshold 8 (max 8)
- age   1:    3917800 bytes,    3917800 total
- age   2:    6336496 bytes,   10254296 total
: 99067K->14985K(109248K), 0,0101227 secs] 99067K->14985K(502464K), 0,0101992 secs] [Times: user=0,03 sys=0,01, real=0,01 secs] 
Heap after GC invocations=2 (full 0):
 par new generation   total 109248K, used 14985K [0x00000000e0000000, 0x00000000e8000000, 0x00000000e8000000)
  eden space 87424K,   0% used [0x00000000e0000000, 0x00000000e0000000, 0x00000000e5560000)
  from space 21824K,  68% used [0x00000000e5560000, 0x00000000e64026c0, 0x00000000e6ab0000)
  to   space 21824K,   0% used [0x00000000e6ab0000, 0x00000000e6ab0000, 0x00000000e8000000)
 concurrent mark-sweep generation total 393216K, used 0K [0x00000000e8000000, 0x0000000100000000, 0x0000000100000000)
 Metaspace       used 20047K, capacity 20350K, committed 20736K, reserved 1067008K
  class space    used 2292K, capacity 2465K, committed 2560K, reserved 1048576K
}
2017-05-03T12:27:33.179+0200: 2,524: Total time for which application threads were stopped: 0,0110905 seconds, Stopping threads took: 0,0007347 seconds
2017-05-03T12:27:33.189+0200: 2,535: Total time for which application threads were stopped: 0,0003353 seconds, Stopping threads took: 0,0000718 seconds
2017-05-03T12:27:33.218+0200: 2,563: Total time for which application threads were stopped: 0,0004389 seconds, Stopping threads took: 0,0000545 seconds
2017-05-03T12:27:33.342+0200: 2,688: Total time for which application threads were stopped: 0,0002235 seconds, Stopping threads took: 0,0000715 seconds
{Heap before GC invocations=2 (full 0):
 par new generation   total 109248K, used 102409K [0x00000000e0000000, 0x00000000e8000000, 0x00000000e8000000)
  eden space 87424K, 100% used [0x00000000e0000000, 0x00000000e5560000, 0x00000000e5560000)
  from space 21824K,  68% used [0x00000000e5560000, 0x00000000e64026c0, 0x00000000e6ab0000)
  to   space 21824K,   0% used [0x00000000e6ab0000, 0x00000000e6ab0000, 0x00000000e8000000)
 concurrent mark-sweep generation total 393216K, used 0K [0x00000000e8000000, 0x0000000100000000, 0x0000000100000000)
 Metaspace       used 20959K, capacity 21272K, committed 21628K, reserved 1069056K
  class space    used 2415K, capacity 2584K, committed 2684K, reserved 1048576K
2017-05-03T12:27:33.381+0200: 2,727: [GC (Allocation Failure) 2017-05-03T12:27:33.381+0200: 2,727: [ParNew
Desired survivor size 20112992 bytes, new threshold 8 (max 8)
- age   1:    2237584 bytes,    2237584 total
- age   2:    1163336 bytes,    3400920 total
- age   3:    6334608 bytes,    9735528 total
: 102409K->12663K(109248K), 0,0103417 secs] 102409K->12663K(502464K), 0,0104284 secs] [Times: user=0,04 sys=0,00, real=0,02 secs] 
Heap after GC invocations=3 (full 0):
 par new generation   total 109248K, used 12663K [0x00000000e0000000, 0x00000000e8000000, 0x00000000e8000000)
  eden space 87424K,   0% used [0x00000000e0000000, 0x00000000e0000000, 0x00000000e5560000)
  from space 21824K,  58% used [0x00000000e6ab0000, 0x00000000e770dfa8, 0x00000000e8000000)
  to   space 21824K,   0% used [0x00000000e5560000, 0x00000000e5560000, 0x00000000e6ab0000)
 concurrent mark-sweep generation total 393216K, used 0K [0x00000000e8000000, 0x0000000100000000, 0x0000000100000000)
 Metaspace       used 20959K, capacity 21272K, committed 21628K, reserved 1069056K
  class space    used 2415K, capacity 2584K, committed 2684K, reserved 1048576K
}
2017-05-03T12:27:33.392+0200: 2,737: Total time for which application threads were stopped: 0,0110749 seconds, Stopping threads took: 0,0005173 seconds
2017-05-03T12:27:33.407+0200: 2,752: [GC (CMS Initial Mark) [1 CMS-initial-mark: 0K(393216K)] 19605K(502464K), 0,0037113 secs] [Times: user=0,01 sys=0,00, real=0,01 secs] 
2017-05-03T12:27:33.410+0200: 2,756: Total time for which application threads were stopped: 0,0039315 seconds, Stopping threads took: 0,0000740 seconds
2017-05-03T12:27:33.410+0200: 2,756: [CMS-concurrent-mark-start]
2017-05-03T12:27:33.411+0200: 2,756: [CMS-concurrent-mark: 0,001/0,001 secs] [Times: user=0,00 sys=0,00, real=0,00 secs] 
2017-05-03T12:27:33.411+0200: 2,757: [CMS-concurrent-preclean-start]
2017-05-03T12:27:33.412+0200: 2,758: [CMS-concurrent-preclean: 0,001/0,001 secs] [Times: user=0,01 sys=0,00, real=0,00 secs] 
2017-05-03T12:27:33.412+0200: 2,758: [CMS-concurrent-abortable-preclean-start]
2017-05-03T12:27:33.491+0200: 2,836: Total time for which application threads were stopped: 0,0002112 seconds, Stopping threads took: 0,0001154 seconds
{Heap before GC invocations=3 (full 1):
 par new generation   total 109248K, used 100087K [0x00000000e0000000, 0x00000000e8000000, 0x00000000e8000000)
  eden space 87424K, 100% used [0x00000000e0000000, 0x00000000e5560000, 0x00000000e5560000)
  from space 21824K,  58% used [0x00000000e6ab0000, 0x00000000e770dfa8, 0x00000000e8000000)
  to   space 21824K,   0% used [0x00000000e5560000, 0x00000000e5560000, 0x00000000e6ab0000)
 concurrent mark-sweep generation total 393216K, used 0K [0x00000000e8000000, 0x0000000100000000, 0x0000000100000000)
 Metaspace       used 21247K, capacity 21618K, committed 21884K, reserved 1069056K
  class space    used 2444K, capacity 2600K, committed 2684K, reserved 1048576K
2017-05-03T12:27:33.540+0200: 2,886: [GC (Allocation Failure) 2017-05-03T12:27:33.540+0200: 2,886: [ParNew
Desired survivor size 20112992 bytes, new threshold 8 (max 8)
- age   1:     891488 bytes,     891488 total
- age   2:    1462560 bytes,    2354048 total
- age   3:    1140224 bytes,    3494272 total
- age   4:    6334528 bytes,    9828800 total
: 100087K->11187K(109248K), 0,0094049 secs] 100087K->11187K(502464K), 0,0094673 secs] [Times: user=0,04 sys=0,00, real=0,01 secs] 
Heap after GC invocations=4 (full 1):
 par new generation   total 109248K, used 11187K [0x00000000e0000000, 0x00000000e8000000, 0x00000000e8000000)
  eden space 87424K,   0% used [0x00000000e0000000, 0x00000000e0000000, 0x00000000e5560000)
  from space 21824K,  51% used [0x00000000e5560000, 0x00000000e604ce40, 0x00000000e6ab0000)
  to   space 21824K,   0% used [0x00000000e6ab0000, 0x00000000e6ab0000, 0x00000000e8000000)
 concurrent mark-sweep generation total 393216K, used 0K [0x00000000e8000000, 0x0000000100000000, 0x0000000100000000)
 Metaspace       used 21247K, capacity 21618K, committed 21884K, reserved 1069056K
  class space    used 2444K, capacity 2600K, committed 2684K, reserved 1048576K
}
2017-05-03T12:27:33.550+0200: 2,895: Total time for which application threads were stopped: 0,0096957 seconds, Stopping threads took: 0,0000948 seconds
2017-05-03T12:27:33.550+0200: 2,895: [CMS-concurrent-abortable-preclean: 0,079/0,137 secs] [Times: user=0,53 sys=0,00, real=0,13 secs] 
2017-05-03T12:27:33.550+0200: 2,895: [GC (CMS Final Remark) [YG occupancy: 12556 K (109248 K)]{Heap before GC invocations=4 (full 1):
 par new generation   total 109248K, used 12556K [0x00000000e0000000, 0x00000000e8000000, 0x00000000e8000000)
  eden space 87424K,   1% used [0x00000000e0000000, 0x00000000e0156340, 0x00000000e5560000)
  from space 21824K,  51% used [0x00000000e5560000, 0x00000000e604ce40, 0x00000000e6ab0000)
  to   space 21824K,   0% used [0x00000000e6ab0000, 0x00000000e6ab0000, 0x00000000e8000000)
 concurrent mark-sweep generation total 393216K, used 0K [0x00000000e8000000, 0x0000000100000000, 0x0000000100000000)
 Metaspace       used 21247K, capacity 21618K, committed 21884K, reserved 1069056K
  class space    used 2444K, capacity 2600K, committed 2684K, reserved 1048576K
2017-05-03T12:27:33.550+0200: 2,895: [GC (CMS Final Remark) 2017-05-03T12:27:33.550+0200: 2,895: [ParNew
Desired survivor size 20112992 bytes, new threshold 8 (max 8)
- age   1:     139176 bytes,     139176 total
- age   2:     707352 bytes,     846528 total
- age   3:    1462560 bytes,    2309088 total
- age   4:    1140224 bytes,    3449312 total
- age   5:    6334384 bytes,    9783696 total
: 12556K->16883K(109248K), 0,0088636 secs] 12556K->16883K(502464K), 0,0089065 secs] [Times: user=0,03 sys=0,00, real=0,01 secs] 
Heap after GC invocations=5 (full 1):
 par new generation   total 109248K, used 16883K [0x00000000e0000000, 0x00000000e8000000, 0x00000000e8000000)
  eden space 87424K,   0% used [0x00000000e0000000, 0x00000000e0000000, 0x00000000e5560000)
  from space 21824K,  77% used [0x00000000e6ab0000, 0x00000000e7b2ce40, 0x00000000e8000000)
  to   space 21824K,   0% used [0x00000000e5560000, 0x00000000e5560000, 0x00000000e6ab0000)
 concurrent mark-sweep generation total 393216K, used 0K [0x00000000e8000000, 0x0000000100000000, 0x0000000100000000)
 Metaspace       used 21247K, capacity 21618K, committed 21884K, reserved 1069056K
  class space    used 2444K, capacity 2600K, committed 2684K, reserved 1048576K
}
2017-05-03T12:27:33.559+0200: 2,904: [Rescan (parallel) , 0,0031786 secs]2017-05-03T12:27:33.562+0200: 2,908: [weak refs processing, 0,0010195 secs]2017-05-03T12:27:33.563+0200: 2,909: [class unloading, 0,0027917 secs]2017-05-03T12:27:33.566+0200: 2,911: [scrub symbol table, 0,0024911 secs]2017-05-03T12:27:33.569+0200: 2,914: [scrub string table, 0,0003640 secs][1 CMS-remark: 0K(393216K)] 16883K(502464K), 0,0193846 secs] [Times: user=0,06 sys=0,00, real=0,02 secs] 
2017-05-03T12:27:33.569+0200: 2,915: Total time for which application threads were stopped: 0,0195298 seconds, Stopping threads took: 0,0000649 seconds
2017-05-03T12:27:33.569+0200: 2,915: [CMS-concurrent-sweep-start]
2017-05-03T12:27:33.570+0200: 2,915: [CMS-concurrent-sweep: 0,000/0,000 secs] [Times: user=0,00 sys=0,00, real=0,00 secs] 
2017-05-03T12:27:33.570+0200: 2,915: [CMS-concurrent-reset-start]
2017-05-03T12:27:33.571+0200: 2,917: [CMS-concurrent-reset: 0,002/0,002 secs] [Times: user=0,00 sys=0,01, real=0,01 secs] 
{Heap before GC invocations=5 (full 1):
 par new generation   total 109248K, used 104307K [0x00000000e0000000, 0x00000000e8000000, 0x00000000e8000000)
  eden space 87424K, 100% used [0x00000000e0000000, 0x00000000e5560000, 0x00000000e5560000)
  from space 21824K,  77% used [0x00000000e6ab0000, 0x00000000e7b2ce40, 0x00000000e8000000)
  to   space 21824K,   0% used [0x00000000e5560000, 0x00000000e5560000, 0x00000000e6ab0000)
 concurrent mark-sweep generation total 393216K, used 0K [0x00000000e8000000, 0x0000000100000000, 0x0000000100000000)
 Metaspace       used 21373K, capacity 21790K, committed 21884K, reserved 1069056K
  class space    used 2464K, capacity 2634K, committed 2684K, reserved 1048576K
2017-05-03T12:27:33.655+0200: 3,000: [GC (Allocation Failure) 2017-05-03T12:27:33.655+0200: 3,000: [ParNew
Desired survivor size 20112992 bytes, new threshold 8 (max 8)
- age   1:     595464 bytes,     595464 total
- age   3:     181872 bytes,     777336 total
- age   4:    1462328 bytes,    2239664 total
- age   5:    1136336 bytes,    3376000 total
- age   6:    6334560 bytes,    9710560 total
: 104307K->10122K(109248K), 0,0097617 secs] 104307K->10122K(502464K), 0,0098253 secs] [Times: user=0,03 sys=0,00, real=0,01 secs] 
Heap after GC invocations=6 (full 1):
 par new generation   total 109248K, used 10122K [0x00000000e0000000, 0x00000000e8000000, 0x00000000e8000000)
  eden space 87424K,   0% used [0x00000000e0000000, 0x00000000e0000000, 0x00000000e5560000)
  from space 21824K,  46% used [0x00000000e5560000, 0x00000000e5f42b48, 0x00000000e6ab0000)
  to   space 21824K,   0% used [0x00000000e6ab0000, 0x00000000e6ab0000, 0x00000000e8000000)
 concurrent mark-sweep generation total 393216K, used 0K [0x00000000e8000000, 0x0000000100000000, 0x0000000100000000)
 Metaspace       used 21373K, capacity 21790K, committed 21884K, reserved 1069056K
  class space    used 2464K, capacity 2634K, committed 2684K, reserved 1048576K
}
2017-05-03T12:27:33.664+0200: 3,010: Total time for which application threads were stopped: 0,0102363 seconds, Stopping threads took: 0,0002712 seconds
2017-05-03T12:27:33.702+0200: 3,047: Total time for which application threads were stopped: 0,0003130 seconds, Stopping threads took: 0,0000216 seconds
2017-05-03T12:27:33.962+0200: 3,307: Total time for which application threads were stopped: 0,0004540 seconds, Stopping threads took: 0,0000257 seconds
2017-05-03T12:27:33.976+0200: 3,321: Total time for which application threads were stopped: 0,0004147 seconds, Stopping threads took: 0,0000362 seconds
{Heap before GC invocations=6 (full 1):
 par new generation   total 109248K, used 97539K [0x00000000e0000000, 0x00000000e8000000, 0x00000000e8000000)
  eden space 87424K,  99% used [0x00000000e0000000, 0x00000000e555e1b8, 0x00000000e5560000)
  from space 21824K,  46% used [0x00000000e5560000, 0x00000000e5f42b48, 0x00000000e6ab0000)
  to   space 21824K,   0% used [0x00000000e6ab0000, 0x00000000e6ab0000, 0x00000000e8000000)
 concurrent mark-sweep generation total 393216K, used 0K [0x00000000e8000000, 0x0000000100000000, 0x0000000100000000)
 Metaspace       used 23864K, capacity 24288K, committed 24572K, reserved 1071104K
  class space    used 2805K, capacity 2977K, committed 3068K, reserved 1048576K
2017-05-03T12:27:34.151+0200: 3,497: [GC (Allocation Failure) 2017-05-03T12:27:34.151+0200: 3,497: [ParNew
Desired survivor size 20112992 bytes, new threshold 8 (max 8)
- age   1:    5051792 bytes,    5051792 total
- age   2:     117520 bytes,    5169312 total
- age   4:     180376 bytes,    5349688 total
- age   5:     292648 bytes,    5642336 total
- age   6:    1111920 bytes,    6754256 total
- age   7:    6326216 bytes,   13080472 total
: 97539K->16473K(109248K), 0,0217783 secs] 97539K->16473K(502464K), 0,0218598 secs] [Times: user=0,07 sys=0,00, real=0,02 secs] 
Heap after GC invocations=7 (full 1):
 par new generation   total 109248K, used 16473K [0x00000000e0000000, 0x00000000e8000000, 0x00000000e8000000)
  eden space 87424K,   0% used [0x00000000e0000000, 0x00000000e0000000, 0x00000000e5560000)
  from space 21824K,  75% used [0x00000000e6ab0000, 0x00000000e7ac66c0, 0x00000000e8000000)
  to   space 21824K,   0% used [0x00000000e5560000, 0x00000000e5560000, 0x00000000e6ab0000)
 concurrent mark-sweep generation total 393216K, used 0K [0x00000000e8000000, 0x0000000100000000, 0x0000000100000000)
 Metaspace       used 23864K, capacity 24288K, committed 24572K, reserved 1071104K
  class space    used 2805K, capacity 2977K, committed 3068K, reserved 1048576K
}
2017-05-03T12:27:34.173+0200: 3,518: Total time for which application threads were stopped: 0,0221587 seconds, Stopping threads took: 0,0000536 seconds
{Heap before GC invocations=7 (full 1):
 par new generation   total 109248K, used 103897K [0x00000000e0000000, 0x00000000e8000000, 0x00000000e8000000)
  eden space 87424K, 100% used [0x00000000e0000000, 0x00000000e5560000, 0x00000000e5560000)
  from space 21824K,  75% used [0x00000000e6ab0000, 0x00000000e7ac66c0, 0x00000000e8000000)
  to   space 21824K,   0% used [0x00000000e5560000, 0x00000000e5560000, 0x00000000e6ab0000)
 concurrent mark-sweep generation total 393216K, used 0K [0x00000000e8000000, 0x0000000100000000, 0x0000000100000000)
 Metaspace       used 24530K, capacity 24998K, committed 25084K, reserved 1071104K
  class space    used 2868K, capacity 3042K, committed 3068K, reserved 1048576K
2017-05-03T12:27:34.273+0200: 3,618: [GC (Allocation Failure) 2017-05-03T12:27:34.273+0200: 3,618: [ParNew
Desired survivor size 20112992 bytes, new threshold 8 (max 8)
- age   1:    1841592 bytes,    1841592 total
- age   2:    1771448 bytes,    3613040 total
- age   3:      64768 bytes,    3677808 total
- age   5:      98624 bytes,    3776432 total
- age   6:     184544 bytes,    3960976 total
- age   7:     889384 bytes,    4850360 total
- age   8:    5981312 bytes,   10831672 total
: 103897K->13698K(109248K), 0,0124468 secs] 103897K->13698K(502464K), 0,0125202 secs] [Times: user=0,03 sys=0,00, real=0,01 secs] 
Heap after GC invocations=8 (full 1):
 par new generation   total 109248K, used 13698K [0x00000000e0000000, 0x00000000e8000000, 0x00000000e8000000)
  eden space 87424K,   0% used [0x00000000e0000000, 0x00000000e0000000, 0x00000000e5560000)
  from space 21824K,  62% used [0x00000000e5560000, 0x00000000e62c0b80, 0x00000000e6ab0000)
  to   space 21824K,   0% used [0x00000000e6ab0000, 0x00000000e6ab0000, 0x00000000e8000000)
 concurrent mark-sweep generation total 393216K, used 0K [0x00000000e8000000, 0x0000000100000000, 0x0000000100000000)
 Metaspace       used 24530K, capacity 24998K, committed 25084K, reserved 1071104K
  class space    used 2868K, capacity 3042K, committed 3068K, reserved 1048576K
}
2017-05-03T12:27:34.286+0200: 3,631: Total time for which application threads were stopped: 0,0181126 seconds, Stopping threads took: 0,0053864 seconds
{Heap before GC invocations=8 (full 1):
 par new generation   total 109248K, used 101122K [0x00000000e0000000, 0x00000000e8000000, 0x00000000e8000000)
  eden space 87424K, 100% used [0x00000000e0000000, 0x00000000e5560000, 0x00000000e5560000)
  from space 21824K,  62% used [0x00000000e5560000, 0x00000000e62c0b80, 0x00000000e6ab0000)
  to   space 21824K,   0% used [0x00000000e6ab0000, 0x00000000e6ab0000, 0x00000000e8000000)
 concurrent mark-sweep generation total 393216K, used 0K [0x00000000e8000000, 0x0000000100000000, 0x0000000100000000)
 Metaspace       used 25010K, capacity 25440K, committed 25724K, reserved 1071104K
  class space    used 2908K, capacity 3079K, committed 3196K, reserved 1048576K
2017-05-03T12:27:34.407+0200: 3,752: [GC (Allocation Failure) 2017-05-03T12:27:34.407+0200: 3,752: [ParNew
Desired survivor size 20112992 bytes, new threshold 8 (max 8)
- age   1:     825040 bytes,     825040 total
- age   2:    1064424 bytes,    1889464 total
- age   3:    1747360 bytes,    3636824 total
- age   4:      64768 bytes,    3701592 total
- age   6:      95912 bytes,    3797504 total
- age   7:     184048 bytes,    3981552 total
- age   8:     888584 bytes,    4870136 total
: 101122K->8518K(109248K), 0,0526549 secs] 101122K->14441K(502464K), 0,0527293 secs] [Times: user=0,12 sys=0,00, real=0,05 secs] 
Heap after GC invocations=9 (full 1):
 par new generation   total 109248K, used 8518K [0x00000000e0000000, 0x00000000e8000000, 0x00000000e8000000)
  eden space 87424K,   0% used [0x00000000e0000000, 0x00000000e0000000, 0x00000000e5560000)
  from space 21824K,  39% used [0x00000000e6ab0000, 0x00000000e7301a30, 0x00000000e8000000)
  to   space 21824K,   0% used [0x00000000e5560000, 0x00000000e5560000, 0x00000000e6ab0000)
 concurrent mark-sweep generation total 393216K, used 5923K [0x00000000e8000000, 0x0000000100000000, 0x0000000100000000)
 Metaspace       used 25010K, capacity 25440K, committed 25724K, reserved 1071104K
  class space    used 2908K, capacity 3079K, committed 3196K, reserved 1048576K
}
2017-05-03T12:27:34.459+0200: 3,805: Total time for which application threads were stopped: 0,0529679 seconds, Stopping threads took: 0,0000491 seconds
2017-05-03T12:27:34.662+0200: 4,007: Total time for which application threads were stopped: 0,0004988 seconds, Stopping threads took: 0,0000545 seconds
2017-05-03T12:27:34.678+0200: 4,023: Total time for which application threads were stopped: 0,0003556 seconds, Stopping threads took: 0,0000256 seconds
2017-05-03T12:27:34.705+0200: 4,051: Total time for which application threads were stopped: 0,0018485 seconds, Stopping threads took: 0,0013669 seconds
2017-05-03T12:27:34.713+0200: 4,058: Total time for which application threads were stopped: 0,0001406 seconds, Stopping threads took: 0,0000417 seconds
2017-05-03T12:27:34.715+0200: 4,061: Total time for which application threads were stopped: 0,0001248 seconds, Stopping threads took: 0,0000338 seconds
2017-05-03T12:27:34.716+0200: 4,062: Total time for which application threads were stopped: 0,0001270 seconds, Stopping threads took: 0,0000494 seconds
2017-05-03T12:27:34.717+0200: 4,062: Total time for which application threads were stopped: 0,0000910 seconds, Stopping threads took: 0,0000234 seconds
2017-05-03T12:27:34.717+0200: 4,063: Total time for which application threads were stopped: 0,0000933 seconds, Stopping threads took: 0,0000430 seconds
2017-05-03T12:27:34.719+0200: 4,064: Total time for which application threads were stopped: 0,0000836 seconds, Stopping threads took: 0,0000250 seconds
2017-05-03T12:27:34.720+0200: 4,065: Total time for which application threads were stopped: 0,0001027 seconds, Stopping threads took: 0,0000300 seconds
2017-05-03T12:27:34.720+0200: 4,066: Total time for which application threads were stopped: 0,0000828 seconds, Stopping threads took: 0,0000341 seconds
2017-05-03T12:27:34.721+0200: 4,067: Total time for which application threads were stopped: 0,0000819 seconds, Stopping threads took: 0,0000197 seconds
2017-05-03T12:27:34.724+0200: 4,069: Total time for which application threads were stopped: 0,0001079 seconds, Stopping threads took: 0,0000362 seconds
2017-05-03T12:27:34.725+0200: 4,070: Total time for which application threads were stopped: 0,0001083 seconds, Stopping threads took: 0,0000368 seconds
2017-05-03T12:27:34.727+0200: 4,072: Total time for which application threads were stopped: 0,0001197 seconds, Stopping threads took: 0,0000389 seconds
2017-05-03T12:27:34.727+0200: 4,073: Total time for which application threads were stopped: 0,0000844 seconds, Stopping threads took: 0,0000212 seconds
2017-05-03T12:27:34.731+0200: 4,077: Total time for which application threads were stopped: 0,0001901 seconds, Stopping threads took: 0,0000966 seconds
2017-05-03T12:27:34.732+0200: 4,078: Total time for which application threads were stopped: 0,0004359 seconds, Stopping threads took: 0,0000874 seconds
2017-05-03T12:27:34.733+0200: 4,079: Total time for which application threads were stopped: 0,0000798 seconds, Stopping threads took: 0,0000195 seconds
2017-05-03T12:27:34.734+0200: 4,079: Total time for which application threads were stopped: 0,0001072 seconds, Stopping threads took: 0,0000402 seconds
2017-05-03T12:27:34.734+0200: 4,080: Total time for which application threads were stopped: 0,0000841 seconds, Stopping threads took: 0,0000283 seconds
2017-05-03T12:27:34.734+0200: 4,080: Total time for which application threads were stopped: 0,0000831 seconds, Stopping threads took: 0,0000394 seconds
2017-05-03T12:27:34.735+0200: 4,081: Total time for which application threads were stopped: 0,0000606 seconds, Stopping threads took: 0,0000114 seconds
2017-05-03T12:27:34.744+0200: 4,090: Total time for which application threads were stopped: 0,0000976 seconds, Stopping threads took: 0,0000262 seconds
2017-05-03T12:27:34.752+0200: 4,097: Total time for which application threads were stopped: 0,0000973 seconds, Stopping threads took: 0,0000243 seconds
2017-05-03T12:27:34.753+0200: 4,098: Total time for which application threads were stopped: 0,0001589 seconds, Stopping threads took: 0,0000207 seconds
2017-05-03T12:27:34.753+0200: 4,099: Total time for which application threads were stopped: 0,0001242 seconds, Stopping threads took: 0,0000346 seconds
2017-05-03T12:27:34.754+0200: 4,099: Total time for which application threads were stopped: 0,0000982 seconds, Stopping threads took: 0,0000327 seconds
2017-05-03T12:27:34.758+0200: 4,104: Total time for which application threads were stopped: 0,0025392 seconds, Stopping threads took: 0,0024552 seconds
2017-05-03T12:27:34.759+0200: 4,104: Total time for which application threads were stopped: 0,0001036 seconds, Stopping threads took: 0,0000374 seconds
2017-05-03T12:27:34.760+0200: 4,106: Total time for which application threads were stopped: 0,0000879 seconds, Stopping threads took: 0,0000226 seconds
2017-05-03T12:27:34.760+0200: 4,106: Total time for which application threads were stopped: 0,0000821 seconds, Stopping threads took: 0,0000229 seconds
2017-05-03T12:27:34.762+0200: 4,108: Total time for which application threads were stopped: 0,0020867 seconds, Stopping threads took: 0,0020369 seconds
2017-05-03T12:27:34.763+0200: 4,108: Total time for which application threads were stopped: 0,0000614 seconds, Stopping threads took: 0,0000178 seconds
2017-05-03T12:27:34.763+0200: 4,108: Total time for which application threads were stopped: 0,0000639 seconds, Stopping threads took: 0,0000168 seconds
2017-05-03T12:27:34.763+0200: 4,108: Total time for which application threads were stopped: 0,0000585 seconds, Stopping threads took: 0,0000178 seconds
2017-05-03T12:27:34.767+0200: 4,112: Total time for which application threads were stopped: 0,0002399 seconds, Stopping threads took: 0,0001361 seconds
2017-05-03T12:27:34.767+0200: 4,112: Total time for which application threads were stopped: 0,0002093 seconds, Stopping threads took: 0,0001494 seconds
2017-05-03T12:27:34.767+0200: 4,113: Total time for which application threads were stopped: 0,0000876 seconds, Stopping threads took: 0,0000307 seconds
2017-05-03T12:27:34.767+0200: 4,113: Total time for which application threads were stopped: 0,0000572 seconds, Stopping threads took: 0,0000143 seconds
2017-05-03T12:27:34.768+0200: 4,113: Total time for which application threads were stopped: 0,0000697 seconds, Stopping threads took: 0,0000128 seconds
2017-05-03T12:27:34.768+0200: 4,113: Total time for which application threads were stopped: 0,0000551 seconds, Stopping threads took: 0,0000209 seconds
2017-05-03T12:27:34.768+0200: 4,113: Total time for which application threads were stopped: 0,0000494 seconds, Stopping threads took: 0,0000164 seconds
2017-05-03T12:27:34.768+0200: 4,114: Total time for which application threads were stopped: 0,0001660 seconds, Stopping threads took: 0,0001098 seconds
2017-05-03T12:27:34.768+0200: 4,114: Total time for which application threads were stopped: 0,0001311 seconds, Stopping threads took: 0,0000960 seconds
2017-05-03T12:27:34.769+0200: 4,114: Total time for which application threads were stopped: 0,0001343 seconds, Stopping threads took: 0,0000118 seconds
2017-05-03T12:27:34.771+0200: 4,116: Total time for which application threads were stopped: 0,0002733 seconds, Stopping threads took: 0,0001841 seconds
2017-05-03T12:27:34.773+0200: 4,118: Total time for which application threads were stopped: 0,0001400 seconds, Stopping threads took: 0,0000636 seconds
2017-05-03T12:27:34.778+0200: 4,124: Total time for which application threads were stopped: 0,0016502 seconds, Stopping threads took: 0,0015317 seconds
2017-05-03T12:27:34.819+0200: 4,164: Total time for which application threads were stopped: 0,0002198 seconds, Stopping threads took: 0,0000860 seconds
2017-05-03T12:27:34.828+0200: 4,173: Total time for which application threads were stopped: 0,0006927 seconds, Stopping threads took: 0,0006271 seconds
2017-05-03T12:27:34.862+0200: 4,208: Total time for which application threads were stopped: 0,0005289 seconds, Stopping threads took: 0,0000588 seconds
2017-05-03T12:27:34.868+0200: 4,213: Total time for which application threads were stopped: 0,0001748 seconds, Stopping threads took: 0,0001114 seconds
2017-05-03T12:27:35.870+0200: 5,215: Total time for which application threads were stopped: 0,0000772 seconds, Stopping threads took: 0,0000194 seconds
2017-05-03T12:27:36.870+0200: 6,215: Total time for which application threads were stopped: 0,0000735 seconds, Stopping threads took: 0,0000188 seconds
2017-05-03T12:27:52.872+0200: 22,217: Total time for which application threads were stopped: 0,0000640 seconds, Stopping threads took: 0,0000159 seconds
2017-05-03T12:28:02.873+0200: 32,219: Total time for which application threads were stopped: 0,0000790 seconds, Stopping threads took: 0,0000190 seconds
2017-05-03T12:28:52.880+0200: 82,225: Total time for which application threads were stopped: 0,0000639 seconds, Stopping threads took: 0,0000190 seconds
2017-05-03T12:29:27.884+0200: 117,229: Total time for which application threads were stopped: 0,0000872 seconds, Stopping threads took: 0,0000362 seconds
2017-05-03T12:29:32.885+0200: 122,230: Total time for which application threads were stopped: 0,0000657 seconds, Stopping threads took: 0,0000184 seconds
{Heap before GC invocations=9 (full 1):
 par new generation   total 109248K, used 95942K [0x00000000e0000000, 0x00000000e8000000, 0x00000000e8000000)
  eden space 87424K, 100% used [0x00000000e0000000, 0x00000000e5560000, 0x00000000e5560000)
  from space 21824K,  39% used [0x00000000e6ab0000, 0x00000000e7301a30, 0x00000000e8000000)
  to   space 21824K,   0% used [0x00000000e5560000, 0x00000000e5560000, 0x00000000e6ab0000)
 concurrent mark-sweep generation total 393216K, used 5923K [0x00000000e8000000, 0x0000000100000000, 0x0000000100000000)
 Metaspace       used 28015K, capacity 28490K, committed 28796K, reserved 1075200K
  class space    used 3212K, capacity 3388K, committed 3452K, reserved 1048576K
2017-05-03T12:30:26.698+0200: 176,044: [GC (Allocation Failure) 2017-05-03T12:30:26.699+0200: 176,044: [ParNew
Desired survivor size 20112992 bytes, new threshold 8 (max 8)
- age   1:   10660328 bytes,   10660328 total
- age   2:     263176 bytes,   10923504 total
- age   3:     280392 bytes,   11203896 total
- age   4:    1743040 bytes,   12946936 total
- age   5:      64768 bytes,   13011704 total
- age   7:      95784 bytes,   13107488 total
- age   8:     183952 bytes,   13291440 total
: 95942K->14427K(109248K), 0,0189814 secs] 101865K->21322K(502464K), 0,0191055 secs] [Times: user=0,07 sys=0,00, real=0,02 secs] 
Heap after GC invocations=10 (full 1):
 par new generation   total 109248K, used 14427K [0x00000000e0000000, 0x00000000e8000000, 0x00000000e8000000)
  eden space 87424K,   0% used [0x00000000e0000000, 0x00000000e0000000, 0x00000000e5560000)
  from space 21824K,  66% used [0x00000000e5560000, 0x00000000e6376db0, 0x00000000e6ab0000)
  to   space 21824K,   0% used [0x00000000e6ab0000, 0x00000000e6ab0000, 0x00000000e8000000)
 concurrent mark-sweep generation total 393216K, used 6895K [0x00000000e8000000, 0x0000000100000000, 0x0000000100000000)
 Metaspace       used 28015K, capacity 28490K, committed 28796K, reserved 1075200K
  class space    used 3212K, capacity 3388K, committed 3452K, reserved 1048576K
}
2017-05-03T12:30:26.718+0200: 176,063: Total time for which application threads were stopped: 0,0194831 seconds, Stopping threads took: 0,0001188 seconds
2017-05-03T12:30:26.722+0200: 176,068: Total time for which application threads were stopped: 0,0000654 seconds, Stopping threads took: 0,0000223 seconds
2017-05-03T12:30:26.723+0200: 176,068: Total time for which application threads were stopped: 0,0000482 seconds, Stopping threads took: 0,0000200 seconds
2017-05-03T12:30:27.723+0200: 177,068: Total time for which application threads were stopped: 0,0003928 seconds, Stopping threads took: 0,0001123 seconds
2017-05-03T12:30:31.724+0200: 181,069: Total time for which application threads were stopped: 0,0000693 seconds, Stopping threads took: 0,0000168 seconds
2017-05-03T12:31:06.728+0200: 216,073: Total time for which application threads were stopped: 0,0000950 seconds, Stopping threads took: 0,0000361 seconds
2017-05-03T12:31:56.733+0200: 266,079: Total time for which application threads were stopped: 0,0000792 seconds, Stopping threads took: 0,0000306 seconds
2017-05-03T12:32:01.734+0200: 271,080: Total time for which application threads were stopped: 0,0000875 seconds, Stopping threads took: 0,0000327 seconds
2017-05-03T12:32:02.734+0200: 272,080: Total time for which application threads were stopped: 0,0000662 seconds, Stopping threads took: 0,0000160 seconds
2017-05-03T12:32:07.735+0200: 277,080: Total time for which application threads were stopped: 0,0000787 seconds, Stopping threads took: 0,0000190 seconds
2017-05-03T12:51:01.918+0200: 1411,264: Total time for which application threads were stopped: 0,0002150 seconds, Stopping threads took: 0,0000707 seconds
2017-05-03T12:56:02.967+0200: 1712,313: Total time for which application threads were stopped: 0,0001496 seconds, Stopping threads took: 0,0000560 seconds
2017-05-03T13:05:53.061+0200: 2302,406: Total time for which application threads were stopped: 0,0001582 seconds, Stopping threads took: 0,0000552 seconds
2017-05-03T13:05:57.062+0200: 2306,407: Total time for which application threads were stopped: 0,0000710 seconds, Stopping threads took: 0,0000158 seconds
2017-05-03T13:24:28.234+0200: 3417,580: Total time for which application threads were stopped: 0,0001132 seconds, Stopping threads took: 0,0000397 seconds
2017-05-03T13:31:07.297+0200: 3816,642: Total time for which application threads were stopped: 0,0001055 seconds, Stopping threads took: 0,0000348 seconds
2017-05-03T13:31:12.298+0200: 3821,643: Total time for which application threads were stopped: 0,0000715 seconds, Stopping threads took: 0,0000163 seconds
2017-05-03T13:32:37.311+0200: 3906,657: Total time for which application threads were stopped: 0,0001264 seconds, Stopping threads took: 0,0000426 seconds
2017-05-03T13:33:32.320+0200: 3961,665: Total time for which application threads were stopped: 0,0002319 seconds, Stopping threads took: 0,0001219 seconds
2017-05-03T13:49:43.463+0200: 4932,808: Total time for which application threads were stopped: 0,0000976 seconds, Stopping threads took: 0,0000350 seconds
2017-05-03T13:50:08.466+0200: 4957,811: Total time for which application threads were stopped: 0,0004263 seconds, Stopping threads took: 0,0002078 seconds
2017-05-03T14:25:18.688+0200: 7068,033: Total time for which application threads were stopped: 0,0000838 seconds, Stopping threads took: 0,0000297 seconds
2017-05-03T14:27:32.701+0200: 7202,047: Total time for which application threads were stopped: 0,0003494 seconds, Stopping threads took: 0,0001353 seconds
2017-05-03T14:29:32.716+0200: 7322,061: Total time for which application threads were stopped: 0,0000931 seconds, Stopping threads took: 0,0000345 seconds
2017-05-03T14:35:32.755+0200: 7682,100: Total time for which application threads were stopped: 0,0001102 seconds, Stopping threads took: 0,0000426 seconds
2017-05-03T15:17:41.909+0200: 10211,254: Total time for which application threads were stopped: 0,0001031 seconds, Stopping threads took: 0,0000227 seconds
2017-05-03T15:17:41.943+0200: 10211,288: Total time for which application threads were stopped: 0,0282285 seconds, Stopping threads took: 0,0281428 seconds
2017-05-03T15:17:41.952+0200: 10211,298: Total time for which application threads were stopped: 0,0006660 seconds, Stopping threads took: 0,0005513 seconds
2017-05-03T15:17:41.984+0200: 10211,329: Total time for which application threads were stopped: 0,0000767 seconds, Stopping threads took: 0,0000128 seconds
2017-05-03T15:17:41.986+0200: 10211,332: Total time for which application threads were stopped: 0,0000895 seconds, Stopping threads took: 0,0000241 seconds
2017-05-03T15:17:41.995+0200: 10211,340: Total time for which application threads were stopped: 0,0006905 seconds, Stopping threads took: 0,0005998 seconds
2017-05-03T15:17:41.997+0200: 10211,342: Total time for which application threads were stopped: 0,0001001 seconds, Stopping threads took: 0,0000284 seconds
2017-05-03T15:17:41.997+0200: 10211,343: Total time for which application threads were stopped: 0,0000926 seconds, Stopping threads took: 0,0000490 seconds
2017-05-03T15:17:41.998+0200: 10211,344: Total time for which application threads were stopped: 0,0001464 seconds, Stopping threads took: 0,0000734 seconds
2017-05-03T15:17:41.998+0200: 10211,344: Total time for which application threads were stopped: 0,0000554 seconds, Stopping threads took: 0,0000153 seconds
2017-05-03T15:17:41.999+0200: 10211,344: Total time for which application threads were stopped: 0,0000845 seconds, Stopping threads took: 0,0000294 seconds
2017-05-03T15:17:42.000+0200: 10211,345: Total time for which application threads were stopped: 0,0001123 seconds, Stopping threads took: 0,0000350 seconds
2017-05-03T15:17:42.003+0200: 10211,348: Total time for which application threads were stopped: 0,0000977 seconds, Stopping threads took: 0,0000216 seconds
2017-05-03T15:17:42.004+0200: 10211,349: Total time for which application threads were stopped: 0,0009619 seconds, Stopping threads took: 0,0008667 seconds
2017-05-03T15:17:42.006+0200: 10211,351: Total time for which application threads were stopped: 0,0018313 seconds, Stopping threads took: 0,0017584 seconds
2017-05-03T15:17:42.008+0200: 10211,353: Total time for which application threads were stopped: 0,0019117 seconds, Stopping threads took: 0,0018342 seconds
2017-05-03T15:17:42.008+0200: 10211,354: Total time for which application threads were stopped: 0,0000783 seconds, Stopping threads took: 0,0000356 seconds
2017-05-03T15:17:42.008+0200: 10211,354: Total time for which application threads were stopped: 0,0000355 seconds, Stopping threads took: 0,0000049 seconds
2017-05-03T15:17:42.009+0200: 10211,354: Total time for which application threads were stopped: 0,0000841 seconds, Stopping threads took: 0,0000368 seconds
2017-05-03T15:17:42.010+0200: 10211,355: Total time for which application threads were stopped: 0,0001390 seconds, Stopping threads took: 0,0000350 seconds
2017-05-03T15:17:42.012+0200: 10211,357: Total time for which application threads were stopped: 0,0010254 seconds, Stopping threads took: 0,0009491 seconds
2017-05-03T15:17:42.012+0200: 10211,358: Total time for which application threads were stopped: 0,0000584 seconds, Stopping threads took: 0,0000112 seconds
2017-05-03T15:17:42.013+0200: 10211,358: Total time for which application threads were stopped: 0,0000569 seconds, Stopping threads took: 0,0000093 seconds
2017-05-03T15:17:42.013+0200: 10211,358: Total time for which application threads were stopped: 0,0000773 seconds, Stopping threads took: 0,0000046 seconds
2017-05-03T15:17:42.013+0200: 10211,358: Total time for which application threads were stopped: 0,0000796 seconds, Stopping threads took: 0,0000068 seconds
2017-05-03T15:17:42.013+0200: 10211,358: Total time for which application threads were stopped: 0,0000373 seconds, Stopping threads took: 0,0000051 seconds
2017-05-03T15:17:42.014+0200: 10211,359: Total time for which application threads were stopped: 0,0001859 seconds, Stopping threads took: 0,0000143 seconds
2017-05-03T15:17:42.015+0200: 10211,360: Total time for which application threads were stopped: 0,0001219 seconds, Stopping threads took: 0,0000593 seconds
2017-05-03T15:17:42.015+0200: 10211,361: Total time for which application threads were stopped: 0,0001174 seconds, Stopping threads took: 0,0000348 seconds
Heap
 par new generation   total 109248K, used 34664K [0x00000000e0000000, 0x00000000e8000000, 0x00000000e8000000)
  eden space 87424K,  23% used [0x00000000e0000000, 0x00000000e13c3288, 0x00000000e5560000)
  from space 21824K,  66% used [0x00000000e5560000, 0x00000000e6376db0, 0x00000000e6ab0000)
  to   space 21824K,   0% used [0x00000000e6ab0000, 0x00000000e6ab0000, 0x00000000e8000000)
 concurrent mark-sweep generation total 393216K, used 6895K [0x00000000e8000000, 0x0000000100000000, 0x0000000100000000)
 Metaspace       used 28158K, capacity 28724K, committed 29052K, reserved 1075200K
  class space    used 3226K, capacity 3423K, committed 3452K, reserved 1048576K
