OpenJDK 64-Bit Server VM (25.111-b14) for linux-amd64 JRE (1.8.0_111-8u111-b14-2ubuntu0.16.04.2-b14), built on Oct 27 2016 18:10:19 by "buildd" with gcc 5.4.0 20160609
Memory: 4k page, physical 7867840k(7448556k free), swap 8076284k(8076284k free)
CommandLine flags: -XX:CMSInitiatingOccupancyFraction=50 -XX:CMSMaxAbortablePrecleanTime=6000 -XX:+CMSParallelRemarkEnabled -XX:+CMSScavengeBeforeRemark -XX:ConcGCThreads=4 -XX:InitialHeapSize=536870912 -XX:MaxHeapSize=536870912 -XX:MaxTenuringThreshold=8 -XX:NewRatio=3 -XX:OldPLABSize=16 -XX:OnOutOfMemoryError=/opt/solr/bin/oom_solr.sh 8983 /var/solr/logs -XX:ParallelGCThreads=4 -XX:+ParallelRefProcEnabled -XX:PretenureSizeThreshold=67108864 -XX:+PrintGC -XX:+PrintGCApplicationStoppedTime -XX:+PrintGCDateStamps -XX:+PrintGCDetails -XX:+PrintGCTimeStamps -XX:+PrintHeapAtGC -XX:+PrintTenuringDistribution -XX:SurvivorRatio=4 -XX:TargetSurvivorRatio=90 -XX:ThreadStackSize=256 -XX:+UseCMSInitiatingOccupancyOnly -XX:+UseCompressedClassPointers -XX:+UseCompressedOops -XX:+UseConcMarkSweepGC -XX:+UseParNewGC 
2016-12-06T09:38:54.495+0100: 0,111: Total time for which application threads were stopped: 0,0000688 seconds, Stopping threads took: 0,0000132 seconds
2016-12-06T09:38:54.586+0100: 0,202: Total time for which application threads were stopped: 0,0001091 seconds, Stopping threads took: 0,0000133 seconds
2016-12-06T09:38:54.600+0100: 0,216: Total time for which application threads were stopped: 0,0000812 seconds, Stopping threads took: 0,0000094 seconds
2016-12-06T09:38:54.809+0100: 0,425: Total time for which application threads were stopped: 0,0001191 seconds, Stopping threads took: 0,0000168 seconds
2016-12-06T09:38:55.232+0100: 0,849: Total time for which application threads were stopped: 0,0001265 seconds, Stopping threads took: 0,0000128 seconds
2016-12-06T09:38:55.349+0100: 0,966: Total time for which application threads were stopped: 0,0009260 seconds, Stopping threads took: 0,0001161 seconds
2016-12-06T09:38:55.395+0100: 1,011: Total time for which application threads were stopped: 0,0001885 seconds, Stopping threads took: 0,0000400 seconds
2016-12-06T09:38:55.630+0100: 1,247: Total time for which application threads were stopped: 0,0001870 seconds, Stopping threads took: 0,0000238 seconds
2016-12-06T09:38:55.847+0100: 1,464: Total time for which application threads were stopped: 0,0002003 seconds, Stopping threads took: 0,0000246 seconds
2016-12-06T09:38:55.871+0100: 1,488: Total time for which application threads were stopped: 0,0003347 seconds, Stopping threads took: 0,0000300 seconds
2016-12-06T09:38:55.872+0100: 1,489: Total time for which application threads were stopped: 0,0001600 seconds, Stopping threads took: 0,0000187 seconds
2016-12-06T09:38:55.882+0100: 1,499: Total time for which application threads were stopped: 0,0001653 seconds, Stopping threads took: 0,0000201 seconds
2016-12-06T09:38:55.972+0100: 1,589: Total time for which application threads were stopped: 0,0002371 seconds, Stopping threads took: 0,0000305 seconds
2016-12-06T09:38:56.147+0100: 1,763: Total time for which application threads were stopped: 0,0002469 seconds, Stopping threads took: 0,0000195 seconds
{Heap before GC invocations=0 (full 0):
 par new generation   total 109248K, used 87424K [0x00000000e0000000, 0x00000000e8000000, 0x00000000e8000000)
  eden space 87424K, 100% used [0x00000000e0000000, 0x00000000e5560000, 0x00000000e5560000)
  from space 21824K,   0% used [0x00000000e5560000, 0x00000000e5560000, 0x00000000e6ab0000)
  to   space 21824K,   0% used [0x00000000e6ab0000, 0x00000000e6ab0000, 0x00000000e8000000)
 concurrent mark-sweep generation total 393216K, used 0K [0x00000000e8000000, 0x0000000100000000, 0x0000000100000000)
 Metaspace       used 18100K, capacity 18366K, committed 18560K, reserved 1064960K
  class space    used 2054K, capacity 2162K, committed 2176K, reserved 1048576K
2016-12-06T09:38:56.281+0100: 1,897: [GC (Allocation Failure) 2016-12-06T09:38:56.281+0100: 1,897: [ParNew
Desired survivor size 20112992 bytes, new threshold 8 (max 8)
- age   1:   12322888 bytes,   12322888 total
: 87424K->12155K(109248K), 0,0149895 secs] 87424K->12155K(502464K), 0,0150755 secs] [Times: user=0,03 sys=0,02, real=0,02 secs] 
Heap after GC invocations=1 (full 0):
 par new generation   total 109248K, used 12155K [0x00000000e0000000, 0x00000000e8000000, 0x00000000e8000000)
  eden space 87424K,   0% used [0x00000000e0000000, 0x00000000e0000000, 0x00000000e5560000)
  from space 21824K,  55% used [0x00000000e6ab0000, 0x00000000e768eeb0, 0x00000000e8000000)
  to   space 21824K,   0% used [0x00000000e5560000, 0x00000000e5560000, 0x00000000e6ab0000)
 concurrent mark-sweep generation total 393216K, used 0K [0x00000000e8000000, 0x0000000100000000, 0x0000000100000000)
 Metaspace       used 18100K, capacity 18366K, committed 18560K, reserved 1064960K
  class space    used 2054K, capacity 2162K, committed 2176K, reserved 1048576K
}
2016-12-06T09:38:56.296+0100: 1,912: Total time for which application threads were stopped: 0,0152393 seconds, Stopping threads took: 0,0000129 seconds
2016-12-06T09:38:56.445+0100: 2,062: Total time for which application threads were stopped: 0,0003034 seconds, Stopping threads took: 0,0000263 seconds
2016-12-06T09:38:56.473+0100: 2,090: Total time for which application threads were stopped: 0,0003519 seconds, Stopping threads took: 0,0000835 seconds
2016-12-06T09:38:56.495+0100: 2,111: Total time for which application threads were stopped: 0,0002912 seconds, Stopping threads took: 0,0000429 seconds
{Heap before GC invocations=1 (full 0):
 par new generation   total 109248K, used 99579K [0x00000000e0000000, 0x00000000e8000000, 0x00000000e8000000)
  eden space 87424K, 100% used [0x00000000e0000000, 0x00000000e5560000, 0x00000000e5560000)
  from space 21824K,  55% used [0x00000000e6ab0000, 0x00000000e768eeb0, 0x00000000e8000000)
  to   space 21824K,   0% used [0x00000000e5560000, 0x00000000e5560000, 0x00000000e6ab0000)
 concurrent mark-sweep generation total 393216K, used 0K [0x00000000e8000000, 0x0000000100000000, 0x0000000100000000)
 Metaspace       used 20723K, capacity 21020K, committed 21248K, reserved 1069056K
  class space    used 2404K, capacity 2518K, committed 2560K, reserved 1048576K
2016-12-06T09:38:56.661+0100: 2,277: [GC (Allocation Failure) 2016-12-06T09:38:56.661+0100: 2,277: [ParNew
Desired survivor size 20112992 bytes, new threshold 8 (max 8)
- age   1:    2905976 bytes,    2905976 total
- age   2:    6103304 bytes,    9009280 total
: 99579K->13157K(109248K), 0,0186599 secs] 99579K->13157K(502464K), 0,0187261 secs] [Times: user=0,06 sys=0,00, real=0,02 secs] 
Heap after GC invocations=2 (full 0):
 par new generation   total 109248K, used 13157K [0x00000000e0000000, 0x00000000e8000000, 0x00000000e8000000)
  eden space 87424K,   0% used [0x00000000e0000000, 0x00000000e0000000, 0x00000000e5560000)
  from space 21824K,  60% used [0x00000000e5560000, 0x00000000e62394a0, 0x00000000e6ab0000)
  to   space 21824K,   0% used [0x00000000e6ab0000, 0x00000000e6ab0000, 0x00000000e8000000)
 concurrent mark-sweep generation total 393216K, used 0K [0x00000000e8000000, 0x0000000100000000, 0x0000000100000000)
 Metaspace       used 20723K, capacity 21020K, committed 21248K, reserved 1069056K
  class space    used 2404K, capacity 2518K, committed 2560K, reserved 1048576K
}
2016-12-06T09:38:56.679+0100: 2,296: Total time for which application threads were stopped: 0,0189097 seconds, Stopping threads took: 0,0000204 seconds
2016-12-06T09:38:56.738+0100: 2,355: Total time for which application threads were stopped: 0,0000724 seconds, Stopping threads took: 0,0000126 seconds
2016-12-06T09:38:56.775+0100: 2,391: Total time for which application threads were stopped: 0,0000821 seconds, Stopping threads took: 0,0000174 seconds
2016-12-06T09:38:56.775+0100: 2,392: Total time for which application threads were stopped: 0,0002492 seconds, Stopping threads took: 0,0000084 seconds
2016-12-06T09:38:56.799+0100: 2,416: Total time for which application threads were stopped: 0,0000796 seconds, Stopping threads took: 0,0000223 seconds
2016-12-06T09:38:56.875+0100: 2,492: Total time for which application threads were stopped: 0,0001385 seconds, Stopping threads took: 0,0000229 seconds
2016-12-06T09:38:56.895+0100: 2,512: Total time for which application threads were stopped: 0,0000934 seconds, Stopping threads took: 0,0000209 seconds
2016-12-06T09:38:56.903+0100: 2,520: Total time for which application threads were stopped: 0,0003777 seconds, Stopping threads took: 0,0000853 seconds
2016-12-06T09:38:56.910+0100: 2,527: Total time for which application threads were stopped: 0,0002882 seconds, Stopping threads took: 0,0000188 seconds
2016-12-06T09:38:56.912+0100: 2,529: Total time for which application threads were stopped: 0,0000898 seconds, Stopping threads took: 0,0000310 seconds
2016-12-06T09:38:56.954+0100: 2,570: Total time for which application threads were stopped: 0,0000708 seconds, Stopping threads took: 0,0000147 seconds
2016-12-06T09:38:56.970+0100: 2,587: Total time for which application threads were stopped: 0,0000921 seconds, Stopping threads took: 0,0000167 seconds
2016-12-06T09:38:56.989+0100: 2,605: Total time for which application threads were stopped: 0,0000696 seconds, Stopping threads took: 0,0000122 seconds
2016-12-06T09:38:57.006+0100: 2,623: Total time for which application threads were stopped: 0,0000714 seconds, Stopping threads took: 0,0000125 seconds
2016-12-06T09:38:57.039+0100: 2,656: Total time for which application threads were stopped: 0,0001207 seconds, Stopping threads took: 0,0000227 seconds
2016-12-06T09:38:57.103+0100: 2,720: Total time for which application threads were stopped: 0,0000929 seconds, Stopping threads took: 0,0000201 seconds
2016-12-06T09:38:57.128+0100: 2,744: Total time for which application threads were stopped: 0,0001367 seconds, Stopping threads took: 0,0000439 seconds
{Heap before GC invocations=2 (full 0):
 par new generation   total 109248K, used 100581K [0x00000000e0000000, 0x00000000e8000000, 0x00000000e8000000)
  eden space 87424K, 100% used [0x00000000e0000000, 0x00000000e5560000, 0x00000000e5560000)
  from space 21824K,  60% used [0x00000000e5560000, 0x00000000e62394a0, 0x00000000e6ab0000)
  to   space 21824K,   0% used [0x00000000e6ab0000, 0x00000000e6ab0000, 0x00000000e8000000)
 concurrent mark-sweep generation total 393216K, used 0K [0x00000000e8000000, 0x0000000100000000, 0x0000000100000000)
 Metaspace       used 24835K, capacity 25220K, committed 25536K, reserved 1071104K
  class space    used 2896K, capacity 3024K, committed 3092K, reserved 1048576K
2016-12-06T09:38:57.139+0100: 2,756: [GC (Allocation Failure) 2016-12-06T09:38:57.139+0100: 2,756: [ParNew
Desired survivor size 20112992 bytes, new threshold 8 (max 8)
- age   1:    6677864 bytes,    6677864 total
- age   2:     547072 bytes,    7224936 total
- age   3:    6094816 bytes,   13319752 total
: 100581K->15534K(109248K), 0,0152453 secs] 100581K->15534K(502464K), 0,0153325 secs] [Times: user=0,06 sys=0,00, real=0,02 secs] 
Heap after GC invocations=3 (full 0):
 par new generation   total 109248K, used 15534K [0x00000000e0000000, 0x00000000e8000000, 0x00000000e8000000)
  eden space 87424K,   0% used [0x00000000e0000000, 0x00000000e0000000, 0x00000000e5560000)
  from space 21824K,  71% used [0x00000000e6ab0000, 0x00000000e79dbb00, 0x00000000e8000000)
  to   space 21824K,   0% used [0x00000000e5560000, 0x00000000e5560000, 0x00000000e6ab0000)
 concurrent mark-sweep generation total 393216K, used 0K [0x00000000e8000000, 0x0000000100000000, 0x0000000100000000)
 Metaspace       used 24835K, capacity 25220K, committed 25536K, reserved 1071104K
  class space    used 2896K, capacity 3024K, committed 3092K, reserved 1048576K
}
2016-12-06T09:38:57.155+0100: 2,771: Total time for which application threads were stopped: 0,0155021 seconds, Stopping threads took: 0,0000283 seconds
2016-12-06T09:38:57.155+0100: 2,771: [GC (CMS Initial Mark) [1 CMS-initial-mark: 0K(393216K)] 15534K(502464K), 0,0032669 secs] [Times: user=0,01 sys=0,00, real=0,00 secs] 
2016-12-06T09:38:57.158+0100: 2,775: Total time for which application threads were stopped: 0,0033740 seconds, Stopping threads took: 0,0000331 seconds
2016-12-06T09:38:57.158+0100: 2,775: [CMS-concurrent-mark-start]
2016-12-06T09:38:57.161+0100: 2,778: [CMS-concurrent-mark: 0,003/0,003 secs] [Times: user=0,01 sys=0,00, real=0,00 secs] 
2016-12-06T09:38:57.161+0100: 2,778: [CMS-concurrent-preclean-start]
2016-12-06T09:38:57.162+0100: 2,779: [CMS-concurrent-preclean: 0,001/0,001 secs] [Times: user=0,00 sys=0,00, real=0,00 secs] 
2016-12-06T09:38:57.162+0100: 2,779: [GC (CMS Final Remark) [YG occupancy: 16936 K (109248 K)]{Heap before GC invocations=3 (full 1):
 par new generation   total 109248K, used 16936K [0x00000000e0000000, 0x00000000e8000000, 0x00000000e8000000)
  eden space 87424K,   1% used [0x00000000e0000000, 0x00000000e015e628, 0x00000000e5560000)
  from space 21824K,  71% used [0x00000000e6ab0000, 0x00000000e79dbb00, 0x00000000e8000000)
  to   space 21824K,   0% used [0x00000000e5560000, 0x00000000e5560000, 0x00000000e6ab0000)
 concurrent mark-sweep generation total 393216K, used 0K [0x00000000e8000000, 0x0000000100000000, 0x0000000100000000)
 Metaspace       used 24883K, capacity 25316K, committed 25536K, reserved 1071104K
  class space    used 2899K, capacity 3056K, committed 3092K, reserved 1048576K
2016-12-06T09:38:57.162+0100: 2,779: [GC (CMS Final Remark) 2016-12-06T09:38:57.162+0100: 2,779: [ParNew
Desired survivor size 20112992 bytes, new threshold 8 (max 8)
- age   1:      45632 bytes,      45632 total
- age   2:    3145968 bytes,    3191600 total
- age   3:     547072 bytes,    3738672 total
- age   4:    6093336 bytes,    9832008 total
: 16936K->13812K(109248K), 0,0095546 secs] 16936K->13812K(502464K), 0,0095945 secs] [Times: user=0,04 sys=0,00, real=0,02 secs] 
Heap after GC invocations=4 (full 1):
 par new generation   total 109248K, used 13812K [0x00000000e0000000, 0x00000000e8000000, 0x00000000e8000000)
  eden space 87424K,   0% used [0x00000000e0000000, 0x00000000e0000000, 0x00000000e5560000)
  from space 21824K,  63% used [0x00000000e5560000, 0x00000000e62dd340, 0x00000000e6ab0000)
  to   space 21824K,   0% used [0x00000000e6ab0000, 0x00000000e6ab0000, 0x00000000e8000000)
 concurrent mark-sweep generation total 393216K, used 0K [0x00000000e8000000, 0x0000000100000000, 0x0000000100000000)
 Metaspace       used 24883K, capacity 25316K, committed 25536K, reserved 1071104K
  class space    used 2899K, capacity 3056K, committed 3092K, reserved 1048576K
}
2016-12-06T09:38:57.172+0100: 2,789: [Rescan (parallel) , 0,0039583 secs]2016-12-06T09:38:57.176+0100: 2,793: [weak refs processing, 0,0004674 secs]2016-12-06T09:38:57.177+0100: 2,793: [class unloading, 0,0031907 secs]2016-12-06T09:38:57.180+0100: 2,796: [scrub symbol table, 0,0032505 secs]2016-12-06T09:38:57.183+0100: 2,800: [scrub string table, 0,0003739 secs][1 CMS-remark: 0K(393216K)] 13812K(502464K), 0,0214907 secs] [Times: user=0,06 sys=0,00, real=0,03 secs] 
2016-12-06T09:38:57.184+0100: 2,801: Total time for which application threads were stopped: 0,0216885 seconds, Stopping threads took: 0,0001157 seconds
2016-12-06T09:38:57.184+0100: 2,801: [CMS-concurrent-sweep-start]
2016-12-06T09:38:57.184+0100: 2,801: [CMS-concurrent-sweep: 0,000/0,000 secs] [Times: user=0,00 sys=0,00, real=0,00 secs] 
2016-12-06T09:38:57.184+0100: 2,801: [CMS-concurrent-reset-start]
2016-12-06T09:38:57.186+0100: 2,802: [CMS-concurrent-reset: 0,002/0,002 secs] [Times: user=0,01 sys=0,00, real=0,00 secs] 
2016-12-06T09:38:57.235+0100: 2,852: Total time for which application threads were stopped: 0,0003846 seconds, Stopping threads took: 0,0000234 seconds
2016-12-06T09:38:57.248+0100: 2,865: Total time for which application threads were stopped: 0,0003233 seconds, Stopping threads took: 0,0000240 seconds
2016-12-06T09:38:58.249+0100: 3,865: Total time for which application threads were stopped: 0,0000849 seconds, Stopping threads took: 0,0000162 seconds
2016-12-06T09:38:58.431+0100: 4,048: Total time for which application threads were stopped: 0,0002806 seconds, Stopping threads took: 0,0000149 seconds
2016-12-06T09:39:26.436+0100: 32,053: Total time for which application threads were stopped: 0,0000528 seconds, Stopping threads took: 0,0000146 seconds
2016-12-06T09:41:36.456+0100: 162,072: Total time for which application threads were stopped: 0,0001464 seconds, Stopping threads took: 0,0000592 seconds
2016-12-06T09:41:41.457+0100: 167,073: Total time for which application threads were stopped: 0,0001196 seconds, Stopping threads took: 0,0000324 seconds
2016-12-06T09:42:00.460+0100: 186,077: Total time for which application threads were stopped: 0,0000760 seconds, Stopping threads took: 0,0000312 seconds
2016-12-06T09:42:46.467+0100: 232,084: Total time for which application threads were stopped: 0,0001525 seconds, Stopping threads took: 0,0000619 seconds
2016-12-06T09:42:51.468+0100: 237,085: Total time for which application threads were stopped: 0,0001693 seconds, Stopping threads took: 0,0000700 seconds
2016-12-06T09:43:00.470+0100: 246,087: Total time for which application threads were stopped: 0,0001295 seconds, Stopping threads took: 0,0000537 seconds
2016-12-06T09:43:10.472+0100: 256,088: Total time for which application threads were stopped: 0,0001199 seconds, Stopping threads took: 0,0000453 seconds
2016-12-06T09:43:30.475+0100: 276,092: Total time for which application threads were stopped: 0,0001553 seconds, Stopping threads took: 0,0000629 seconds
2016-12-06T09:43:36.477+0100: 282,093: Total time for which application threads were stopped: 0,0001514 seconds, Stopping threads took: 0,0000320 seconds
2016-12-06T09:43:41.478+0100: 287,094: Total time for which application threads were stopped: 0,0000874 seconds, Stopping threads took: 0,0000362 seconds
2016-12-06T10:02:40.657+0100: 1426,274: Total time for which application threads were stopped: 0,0000796 seconds, Stopping threads took: 0,0000331 seconds
2016-12-06T10:07:25.704+0100: 1711,321: Total time for which application threads were stopped: 0,0000836 seconds, Stopping threads took: 0,0000349 seconds
2016-12-06T10:26:53.123+0100: 2321,847: Total time for which application threads were stopped: 0,0001062 seconds, Stopping threads took: 0,0000446 seconds
2016-12-06T10:26:58.123+0100: 2326,848: Total time for which application threads were stopped: 0,0000765 seconds, Stopping threads took: 0,0000327 seconds
2016-12-06T10:29:28.142+0100: 2476,866: Total time for which application threads were stopped: 0,0000805 seconds, Stopping threads took: 0,0000338 seconds
2016-12-06T10:44:08.236+0100: 3356,960: Total time for which application threads were stopped: 0,0001001 seconds, Stopping threads took: 0,0000388 seconds
2016-12-06T10:52:02.293+0100: 3831,017: Total time for which application threads were stopped: 0,0000720 seconds, Stopping threads took: 0,0000305 seconds
2016-12-06T10:52:12.294+0100: 3841,019: Total time for which application threads were stopped: 0,0000681 seconds, Stopping threads took: 0,0000272 seconds
2016-12-06T10:55:13.323+0100: 4022,047: Total time for which application threads were stopped: 0,0001485 seconds, Stopping threads took: 0,0000613 seconds
2016-12-06T11:37:58.628+0100: 6587,352: Total time for which application threads were stopped: 0,0001662 seconds, Stopping threads took: 0,0000660 seconds
2016-12-06T11:38:08.629+0100: 6597,354: Total time for which application threads were stopped: 0,0000709 seconds, Stopping threads took: 0,0000308 seconds
2016-12-06T11:45:48.696+0100: 7057,420: Total time for which application threads were stopped: 0,0001135 seconds, Stopping threads took: 0,0000459 seconds
2016-12-06T11:53:12.747+0100: 7501,471: Total time for which application threads were stopped: 0,0000771 seconds, Stopping threads took: 0,0000320 seconds
2016-12-06T11:53:42.750+0100: 7531,475: Total time for which application threads were stopped: 0,0000685 seconds, Stopping threads took: 0,0000283 seconds
2016-12-06T11:55:12.762+0100: 7621,486: Total time for which application threads were stopped: 0,0000733 seconds, Stopping threads took: 0,0000308 seconds
2016-12-06T11:56:12.769+0100: 7681,494: Total time for which application threads were stopped: 0,0001217 seconds, Stopping threads took: 0,0000403 seconds
2016-12-06T11:56:42.773+0100: 7711,498: Total time for which application threads were stopped: 0,0002146 seconds, Stopping threads took: 0,0000791 seconds
2016-12-06T14:04:12.862+0100: 15361,586: Total time for which application threads were stopped: 0,0000733 seconds, Stopping threads took: 0,0000317 seconds
2016-12-06T14:46:43.152+0100: 17911,876: Total time for which application threads were stopped: 0,0000819 seconds, Stopping threads took: 0,0000347 seconds
2016-12-06T15:05:43.665+0100: 19052,389: Total time for which application threads were stopped: 0,0208598 seconds, Stopping threads took: 0,0207535 seconds
Heap
 par new generation   total 109248K, used 57396K [0x00000000e0000000, 0x00000000e8000000, 0x00000000e8000000)
  eden space 87424K,  49% used [0x00000000e0000000, 0x00000000e2a8ffb8, 0x00000000e5560000)
  from space 21824K,  63% used [0x00000000e5560000, 0x00000000e62dd340, 0x00000000e6ab0000)
  to   space 21824K,   0% used [0x00000000e6ab0000, 0x00000000e6ab0000, 0x00000000e8000000)
 concurrent mark-sweep generation total 393216K, used 0K [0x00000000e8000000, 0x0000000100000000, 0x0000000100000000)
 Metaspace       used 27215K, capacity 27658K, committed 27920K, reserved 1073152K
  class space    used 3161K, capacity 3319K, committed 3348K, reserved 1048576K
