OpenJDK 64-Bit Server VM (25.121-b13) for linux-amd64 JRE (1.8.0_121-8u121-b13-0ubuntu1.16.04.2-b13), built on Jan 23 2017 15:51:29 by "buildd" with gcc 5.4.0 20160609
Memory: 4k page, physical 7867760k(7502860k free), swap 8076284k(8076284k free)
CommandLine flags: -XX:CMSInitiatingOccupancyFraction=50 -XX:CMSMaxAbortablePrecleanTime=6000 -XX:+CMSParallelRemarkEnabled -XX:+CMSScavengeBeforeRemark -XX:ConcGCThreads=4 -XX:InitialHeapSize=536870912 -XX:MaxHeapSize=536870912 -XX:MaxTenuringThreshold=8 -XX:NewRatio=3 -XX:OldPLABSize=16 -XX:OnOutOfMemoryError=/opt/solr/bin/oom_solr.sh 8983 /var/solr/logs -XX:ParallelGCThreads=4 -XX:+ParallelRefProcEnabled -XX:PretenureSizeThreshold=67108864 -XX:+PrintGC -XX:+PrintGCApplicationStoppedTime -XX:+PrintGCDateStamps -XX:+PrintGCDetails -XX:+PrintGCTimeStamps -XX:+PrintHeapAtGC -XX:+PrintTenuringDistribution -XX:SurvivorRatio=4 -XX:TargetSurvivorRatio=90 -XX:ThreadStackSize=256 -XX:+UseCMSInitiatingOccupancyOnly -XX:+UseCompressedClassPointers -XX:+UseCompressedOops -XX:+UseConcMarkSweepGC -XX:+UseParNewGC 
2017-03-06T08:26:21.708+0100: 0,135: Total time for which application threads were stopped: 0,0000765 seconds, Stopping threads took: 0,0000105 seconds
2017-03-06T08:26:21.789+0100: 0,216: Total time for which application threads were stopped: 0,0001124 seconds, Stopping threads took: 0,0000135 seconds
2017-03-06T08:26:21.811+0100: 0,238: Total time for which application threads were stopped: 0,0001040 seconds, Stopping threads took: 0,0000263 seconds
2017-03-06T08:26:22.149+0100: 0,576: Total time for which application threads were stopped: 0,0001746 seconds, Stopping threads took: 0,0000181 seconds
2017-03-06T08:26:22.596+0100: 1,023: Total time for which application threads were stopped: 0,0001373 seconds, Stopping threads took: 0,0000130 seconds
2017-03-06T08:26:22.673+0100: 1,100: Total time for which application threads were stopped: 0,0001583 seconds, Stopping threads took: 0,0000214 seconds
2017-03-06T08:26:22.691+0100: 1,118: Total time for which application threads were stopped: 0,0001967 seconds, Stopping threads took: 0,0000324 seconds
2017-03-06T08:26:22.977+0100: 1,404: Total time for which application threads were stopped: 0,0001842 seconds, Stopping threads took: 0,0000127 seconds
2017-03-06T08:26:23.194+0100: 1,621: Total time for which application threads were stopped: 0,0001876 seconds, Stopping threads took: 0,0000126 seconds
2017-03-06T08:26:23.218+0100: 1,646: Total time for which application threads were stopped: 0,0002453 seconds, Stopping threads took: 0,0000419 seconds
2017-03-06T08:26:23.250+0100: 1,677: Total time for which application threads were stopped: 0,0002540 seconds, Stopping threads took: 0,0000224 seconds
2017-03-06T08:26:23.251+0100: 1,678: Total time for which application threads were stopped: 0,0002250 seconds, Stopping threads took: 0,0000331 seconds
2017-03-06T08:26:23.270+0100: 1,698: Total time for which application threads were stopped: 0,0003020 seconds, Stopping threads took: 0,0000295 seconds
2017-03-06T08:26:23.360+0100: 1,787: Total time for which application threads were stopped: 0,0004310 seconds, Stopping threads took: 0,0000336 seconds
2017-03-06T08:26:23.540+0100: 1,967: Total time for which application threads were stopped: 0,0006712 seconds, Stopping threads took: 0,0004360 seconds
{Heap before GC invocations=0 (full 0):
 par new generation   total 109248K, used 87424K [0x00000000e0000000, 0x00000000e8000000, 0x00000000e8000000)
  eden space 87424K, 100% used [0x00000000e0000000, 0x00000000e5560000, 0x00000000e5560000)
  from space 21824K,   0% used [0x00000000e5560000, 0x00000000e5560000, 0x00000000e6ab0000)
  to   space 21824K,   0% used [0x00000000e6ab0000, 0x00000000e6ab0000, 0x00000000e8000000)
 concurrent mark-sweep generation total 393216K, used 0K [0x00000000e8000000, 0x0000000100000000, 0x0000000100000000)
 Metaspace       used 18008K, capacity 18336K, committed 18688K, reserved 1064960K
  class space    used 2036K, capacity 2196K, committed 2304K, reserved 1048576K
2017-03-06T08:26:23.636+0100: 2,063: [GC (Allocation Failure) 2017-03-06T08:26:23.636+0100: 2,063: [ParNew
Desired survivor size 20112992 bytes, new threshold 8 (max 8)
- age   1:   12557416 bytes,   12557416 total
: 87424K->12376K(109248K), 0,0161952 secs] 87424K->12376K(502464K), 0,0162737 secs] [Times: user=0,05 sys=0,01, real=0,02 secs] 
Heap after GC invocations=1 (full 0):
 par new generation   total 109248K, used 12376K [0x00000000e0000000, 0x00000000e8000000, 0x00000000e8000000)
  eden space 87424K,   0% used [0x00000000e0000000, 0x00000000e0000000, 0x00000000e5560000)
  from space 21824K,  56% used [0x00000000e6ab0000, 0x00000000e76c61e8, 0x00000000e8000000)
  to   space 21824K,   0% used [0x00000000e5560000, 0x00000000e5560000, 0x00000000e6ab0000)
 concurrent mark-sweep generation total 393216K, used 0K [0x00000000e8000000, 0x0000000100000000, 0x0000000100000000)
 Metaspace       used 18008K, capacity 18336K, committed 18688K, reserved 1064960K
  class space    used 2036K, capacity 2196K, committed 2304K, reserved 1048576K
}
2017-03-06T08:26:23.652+0100: 2,079: Total time for which application threads were stopped: 0,0166698 seconds, Stopping threads took: 0,0002089 seconds
2017-03-06T08:26:23.969+0100: 2,396: Total time for which application threads were stopped: 0,0004467 seconds, Stopping threads took: 0,0000444 seconds
{Heap before GC invocations=1 (full 0):
 par new generation   total 109248K, used 99800K [0x00000000e0000000, 0x00000000e8000000, 0x00000000e8000000)
  eden space 87424K, 100% used [0x00000000e0000000, 0x00000000e5560000, 0x00000000e5560000)
  from space 21824K,  56% used [0x00000000e6ab0000, 0x00000000e76c61e8, 0x00000000e8000000)
  to   space 21824K,   0% used [0x00000000e5560000, 0x00000000e5560000, 0x00000000e6ab0000)
 concurrent mark-sweep generation total 393216K, used 0K [0x00000000e8000000, 0x0000000100000000, 0x0000000100000000)
 Metaspace       used 20052K, capacity 20366K, committed 20736K, reserved 1067008K
  class space    used 2296K, capacity 2469K, committed 2560K, reserved 1048576K
2017-03-06T08:26:24.003+0100: 2,430: [GC (Allocation Failure) 2017-03-06T08:26:24.003+0100: 2,430: [ParNew
Desired survivor size 20112992 bytes, new threshold 8 (max 8)
- age   1:    3724464 bytes,    3724464 total
- age   2:    6646704 bytes,   10371168 total
: 99800K->13661K(109248K), 0,0104508 secs] 99800K->13661K(502464K), 0,0105304 secs] [Times: user=0,03 sys=0,01, real=0,01 secs] 
Heap after GC invocations=2 (full 0):
 par new generation   total 109248K, used 13661K [0x00000000e0000000, 0x00000000e8000000, 0x00000000e8000000)
  eden space 87424K,   0% used [0x00000000e0000000, 0x00000000e0000000, 0x00000000e5560000)
  from space 21824K,  62% used [0x00000000e5560000, 0x00000000e62b7628, 0x00000000e6ab0000)
  to   space 21824K,   0% used [0x00000000e6ab0000, 0x00000000e6ab0000, 0x00000000e8000000)
 concurrent mark-sweep generation total 393216K, used 0K [0x00000000e8000000, 0x0000000100000000, 0x0000000100000000)
 Metaspace       used 20052K, capacity 20366K, committed 20736K, reserved 1067008K
  class space    used 2296K, capacity 2469K, committed 2560K, reserved 1048576K
}
2017-03-06T08:26:24.014+0100: 2,441: Total time for which application threads were stopped: 0,0112222 seconds, Stopping threads took: 0,0005427 seconds
2017-03-06T08:26:24.021+0100: 2,448: Total time for which application threads were stopped: 0,0003498 seconds, Stopping threads took: 0,0000270 seconds
2017-03-06T08:26:24.063+0100: 2,490: Total time for which application threads were stopped: 0,0003198 seconds, Stopping threads took: 0,0000373 seconds
2017-03-06T08:26:24.180+0100: 2,607: Total time for which application threads were stopped: 0,0002170 seconds, Stopping threads took: 0,0000820 seconds
{Heap before GC invocations=2 (full 0):
 par new generation   total 109248K, used 101085K [0x00000000e0000000, 0x00000000e8000000, 0x00000000e8000000)
  eden space 87424K, 100% used [0x00000000e0000000, 0x00000000e5560000, 0x00000000e5560000)
  from space 21824K,  62% used [0x00000000e5560000, 0x00000000e62b7628, 0x00000000e6ab0000)
  to   space 21824K,   0% used [0x00000000e6ab0000, 0x00000000e6ab0000, 0x00000000e8000000)
 concurrent mark-sweep generation total 393216K, used 0K [0x00000000e8000000, 0x0000000100000000, 0x0000000100000000)
 Metaspace       used 20987K, capacity 21288K, committed 21628K, reserved 1069056K
  class space    used 2418K, capacity 2588K, committed 2684K, reserved 1048576K
2017-03-06T08:26:24.226+0100: 2,653: [GC (Allocation Failure) 2017-03-06T08:26:24.226+0100: 2,653: [ParNew
Desired survivor size 20112992 bytes, new threshold 8 (max 8)
- age   1:    2203584 bytes,    2203584 total
- age   2:     860680 bytes,    3064264 total
- age   3:    6642968 bytes,    9707232 total
: 101085K->12936K(109248K), 0,0113275 secs] 101085K->12936K(502464K), 0,0113971 secs] [Times: user=0,04 sys=0,00, real=0,01 secs] 
Heap after GC invocations=3 (full 0):
 par new generation   total 109248K, used 12936K [0x00000000e0000000, 0x00000000e8000000, 0x00000000e8000000)
  eden space 87424K,   0% used [0x00000000e0000000, 0x00000000e0000000, 0x00000000e5560000)
  from space 21824K,  59% used [0x00000000e6ab0000, 0x00000000e7752330, 0x00000000e8000000)
  to   space 21824K,   0% used [0x00000000e5560000, 0x00000000e5560000, 0x00000000e6ab0000)
 concurrent mark-sweep generation total 393216K, used 0K [0x00000000e8000000, 0x0000000100000000, 0x0000000100000000)
 Metaspace       used 20987K, capacity 21288K, committed 21628K, reserved 1069056K
  class space    used 2418K, capacity 2588K, committed 2684K, reserved 1048576K
}
2017-03-06T08:26:24.237+0100: 2,664: Total time for which application threads were stopped: 0,0115894 seconds, Stopping threads took: 0,0000444 seconds
2017-03-06T08:26:24.238+0100: 2,665: [GC (CMS Initial Mark) [1 CMS-initial-mark: 0K(393216K)] 12952K(502464K), 0,0035206 secs] [Times: user=0,01 sys=0,00, real=0,00 secs] 
2017-03-06T08:26:24.242+0100: 2,669: Total time for which application threads were stopped: 0,0047690 seconds, Stopping threads took: 0,0011623 seconds
2017-03-06T08:26:24.242+0100: 2,669: [CMS-concurrent-mark-start]
2017-03-06T08:26:24.242+0100: 2,669: [CMS-concurrent-mark: 0,000/0,000 secs] [Times: user=0,00 sys=0,00, real=0,01 secs] 
2017-03-06T08:26:24.242+0100: 2,669: [CMS-concurrent-preclean-start]
2017-03-06T08:26:24.244+0100: 2,671: [CMS-concurrent-preclean: 0,001/0,001 secs] [Times: user=0,01 sys=0,00, real=0,00 secs] 
2017-03-06T08:26:24.244+0100: 2,671: [CMS-concurrent-abortable-preclean-start]
2017-03-06T08:26:24.307+0100: 2,734: Total time for which application threads were stopped: 0,0002010 seconds, Stopping threads took: 0,0000955 seconds
{Heap before GC invocations=3 (full 1):
 par new generation   total 109248K, used 100360K [0x00000000e0000000, 0x00000000e8000000, 0x00000000e8000000)
  eden space 87424K, 100% used [0x00000000e0000000, 0x00000000e5560000, 0x00000000e5560000)
  from space 21824K,  59% used [0x00000000e6ab0000, 0x00000000e7752330, 0x00000000e8000000)
  to   space 21824K,   0% used [0x00000000e5560000, 0x00000000e5560000, 0x00000000e6ab0000)
 concurrent mark-sweep generation total 393216K, used 0K [0x00000000e8000000, 0x0000000100000000, 0x0000000100000000)
 Metaspace       used 21258K, capacity 21623K, committed 21884K, reserved 1069056K
  class space    used 2447K, capacity 2603K, committed 2684K, reserved 1048576K
2017-03-06T08:26:24.342+0100: 2,769: [GC (Allocation Failure) 2017-03-06T08:26:24.342+0100: 2,769: [ParNew
Desired survivor size 20112992 bytes, new threshold 8 (max 8)
- age   1:    1358520 bytes,    1358520 total
- age   2:    1464144 bytes,    2822664 total
- age   3:     829240 bytes,    3651904 total
- age   4:    6643192 bytes,   10295096 total
: 100360K->11232K(109248K), 0,0102262 secs] 100360K->11232K(502464K), 0,0102896 secs] [Times: user=0,04 sys=0,00, real=0,02 secs] 
Heap after GC invocations=4 (full 1):
 par new generation   total 109248K, used 11232K [0x00000000e0000000, 0x00000000e8000000, 0x00000000e8000000)
  eden space 87424K,   0% used [0x00000000e0000000, 0x00000000e0000000, 0x00000000e5560000)
  from space 21824K,  51% used [0x00000000e5560000, 0x00000000e60582d0, 0x00000000e6ab0000)
  to   space 21824K,   0% used [0x00000000e6ab0000, 0x00000000e6ab0000, 0x00000000e8000000)
 concurrent mark-sweep generation total 393216K, used 0K [0x00000000e8000000, 0x0000000100000000, 0x0000000100000000)
 Metaspace       used 21258K, capacity 21623K, committed 21884K, reserved 1069056K
  class space    used 2447K, capacity 2603K, committed 2684K, reserved 1048576K
}
2017-03-06T08:26:24.352+0100: 2,780: Total time for which application threads were stopped: 0,0117720 seconds, Stopping threads took: 0,0013349 seconds
2017-03-06T08:26:24.352+0100: 2,780: [CMS-concurrent-abortable-preclean: 0,065/0,109 secs] [Times: user=0,40 sys=0,01, real=0,11 secs] 
2017-03-06T08:26:24.364+0100: 2,791: [GC (CMS Final Remark) [YG occupancy: 17296 K (109248 K)]{Heap before GC invocations=4 (full 1):
 par new generation   total 109248K, used 17296K [0x00000000e0000000, 0x00000000e8000000, 0x00000000e8000000)
  eden space 87424K,   6% used [0x00000000e0000000, 0x00000000e05ec0a0, 0x00000000e5560000)
  from space 21824K,  51% used [0x00000000e5560000, 0x00000000e60582d0, 0x00000000e6ab0000)
  to   space 21824K,   0% used [0x00000000e6ab0000, 0x00000000e6ab0000, 0x00000000e8000000)
 concurrent mark-sweep generation total 393216K, used 0K [0x00000000e8000000, 0x0000000100000000, 0x0000000100000000)
 Metaspace       used 21272K, capacity 21623K, committed 21884K, reserved 1069056K
  class space    used 2449K, capacity 2603K, committed 2684K, reserved 1048576K
2017-03-06T08:26:24.364+0100: 2,791: [GC (CMS Final Remark) 2017-03-06T08:26:24.364+0100: 2,791: [ParNew
Desired survivor size 20112992 bytes, new threshold 8 (max 8)
- age   1:     309992 bytes,     309992 total
- age   2:     347104 bytes,     657096 total
- age   3:    1464048 bytes,    2121144 total
- age   4:     827272 bytes,    2948416 total
- age   5:    6642952 bytes,    9591368 total
: 17296K->13182K(109248K), 0,0132098 secs] 17296K->13182K(502464K), 0,0132579 secs] [Times: user=0,04 sys=0,00, real=0,01 secs] 
Heap after GC invocations=5 (full 1):
 par new generation   total 109248K, used 13182K [0x00000000e0000000, 0x00000000e8000000, 0x00000000e8000000)
  eden space 87424K,   0% used [0x00000000e0000000, 0x00000000e0000000, 0x00000000e5560000)
  from space 21824K,  60% used [0x00000000e6ab0000, 0x00000000e778f9b0, 0x00000000e8000000)
  to   space 21824K,   0% used [0x00000000e5560000, 0x00000000e5560000, 0x00000000e6ab0000)
 concurrent mark-sweep generation total 393216K, used 0K [0x00000000e8000000, 0x0000000100000000, 0x0000000100000000)
 Metaspace       used 21272K, capacity 21623K, committed 21884K, reserved 1069056K
  class space    used 2449K, capacity 2603K, committed 2684K, reserved 1048576K
}
2017-03-06T08:26:24.377+0100: 2,804: [Rescan (parallel) , 0,0032075 secs]2017-03-06T08:26:24.380+0100: 2,807: [weak refs processing, 0,0008040 secs]2017-03-06T08:26:24.381+0100: 2,808: [class unloading, 0,0028736 secs]2017-03-06T08:26:24.384+0100: 2,811: [scrub symbol table, 0,0025104 secs]2017-03-06T08:26:24.386+0100: 2,814: [scrub string table, 0,0003702 secs][1 CMS-remark: 0K(393216K)] 13182K(502464K), 0,0237003 secs] [Times: user=0,07 sys=0,00, real=0,02 secs] 
2017-03-06T08:26:24.387+0100: 2,814: Total time for which application threads were stopped: 0,0238730 seconds, Stopping threads took: 0,0000762 seconds
2017-03-06T08:26:24.387+0100: 2,815: [CMS-concurrent-sweep-start]
2017-03-06T08:26:24.387+0100: 2,815: [CMS-concurrent-sweep: 0,000/0,000 secs] [Times: user=0,00 sys=0,00, real=0,00 secs] 
2017-03-06T08:26:24.387+0100: 2,815: [CMS-concurrent-reset-start]
2017-03-06T08:26:24.390+0100: 2,817: [CMS-concurrent-reset: 0,002/0,002 secs] [Times: user=0,01 sys=0,00, real=0,00 secs] 
{Heap before GC invocations=5 (full 1):
 par new generation   total 109248K, used 100606K [0x00000000e0000000, 0x00000000e8000000, 0x00000000e8000000)
  eden space 87424K, 100% used [0x00000000e0000000, 0x00000000e5560000, 0x00000000e5560000)
  from space 21824K,  60% used [0x00000000e6ab0000, 0x00000000e778f9b0, 0x00000000e8000000)
  to   space 21824K,   0% used [0x00000000e5560000, 0x00000000e5560000, 0x00000000e6ab0000)
 concurrent mark-sweep generation total 393216K, used 0K [0x00000000e8000000, 0x0000000100000000, 0x0000000100000000)
 Metaspace       used 21406K, capacity 21795K, committed 21884K, reserved 1069056K
  class space    used 2469K, capacity 2637K, committed 2684K, reserved 1048576K
2017-03-06T08:26:24.469+0100: 2,896: [GC (Allocation Failure) 2017-03-06T08:26:24.469+0100: 2,896: [ParNew
Desired survivor size 20112992 bytes, new threshold 8 (max 8)
- age   1:     822048 bytes,     822048 total
- age   2:      14800 bytes,     836848 total
- age   3:     177144 bytes,    1013992 total
- age   4:    1463632 bytes,    2477624 total
- age   5:     827192 bytes,    3304816 total
- age   6:    6643008 bytes,    9947824 total
: 100606K->11419K(109248K), 0,0100063 secs] 100606K->11419K(502464K), 0,0100977 secs] [Times: user=0,03 sys=0,00, real=0,01 secs] 
Heap after GC invocations=6 (full 1):
 par new generation   total 109248K, used 11419K [0x00000000e0000000, 0x00000000e8000000, 0x00000000e8000000)
  eden space 87424K,   0% used [0x00000000e0000000, 0x00000000e0000000, 0x00000000e5560000)
  from space 21824K,  52% used [0x00000000e5560000, 0x00000000e6086c40, 0x00000000e6ab0000)
  to   space 21824K,   0% used [0x00000000e6ab0000, 0x00000000e6ab0000, 0x00000000e8000000)
 concurrent mark-sweep generation total 393216K, used 0K [0x00000000e8000000, 0x0000000100000000, 0x0000000100000000)
 Metaspace       used 21406K, capacity 21795K, committed 21884K, reserved 1069056K
  class space    used 2469K, capacity 2637K, committed 2684K, reserved 1048576K
}
2017-03-06T08:26:24.479+0100: 2,906: Total time for which application threads were stopped: 0,0120342 seconds, Stopping threads took: 0,0017619 seconds
2017-03-06T08:26:24.512+0100: 2,939: Total time for which application threads were stopped: 0,0004306 seconds, Stopping threads took: 0,0000554 seconds
2017-03-06T08:26:24.719+0100: 3,146: Total time for which application threads were stopped: 0,0005131 seconds, Stopping threads took: 0,0000257 seconds
2017-03-06T08:26:24.741+0100: 3,168: Total time for which application threads were stopped: 0,0003979 seconds, Stopping threads took: 0,0000459 seconds
{Heap before GC invocations=6 (full 1):
 par new generation   total 109248K, used 98843K [0x00000000e0000000, 0x00000000e8000000, 0x00000000e8000000)
  eden space 87424K, 100% used [0x00000000e0000000, 0x00000000e5560000, 0x00000000e5560000)
  from space 21824K,  52% used [0x00000000e5560000, 0x00000000e6086c40, 0x00000000e6ab0000)
  to   space 21824K,   0% used [0x00000000e6ab0000, 0x00000000e6ab0000, 0x00000000e8000000)
 concurrent mark-sweep generation total 393216K, used 0K [0x00000000e8000000, 0x0000000100000000, 0x0000000100000000)
 Metaspace       used 23933K, capacity 24449K, committed 24572K, reserved 1071104K
  class space    used 2821K, capacity 3010K, committed 3068K, reserved 1048576K
2017-03-06T08:26:24.919+0100: 3,346: [GC (Allocation Failure) 2017-03-06T08:26:24.919+0100: 3,346: [ParNew
Desired survivor size 20112992 bytes, new threshold 8 (max 8)
- age   1:    5195056 bytes,    5195056 total
- age   2:     121240 bytes,    5316296 total
- age   3:      14720 bytes,    5331016 total
- age   4:     176048 bytes,    5507064 total
- age   5:     294376 bytes,    5801440 total
- age   6:     802864 bytes,    6604304 total
- age   7:    6634832 bytes,   13239136 total
: 98843K->17426K(109248K), 0,0182755 secs] 98843K->17426K(502464K), 0,0183738 secs] [Times: user=0,06 sys=0,00, real=0,02 secs] 
Heap after GC invocations=7 (full 1):
 par new generation   total 109248K, used 17426K [0x00000000e0000000, 0x00000000e8000000, 0x00000000e8000000)
  eden space 87424K,   0% used [0x00000000e0000000, 0x00000000e0000000, 0x00000000e5560000)
  from space 21824K,  79% used [0x00000000e6ab0000, 0x00000000e7bb4b00, 0x00000000e8000000)
  to   space 21824K,   0% used [0x00000000e5560000, 0x00000000e5560000, 0x00000000e6ab0000)
 concurrent mark-sweep generation total 393216K, used 0K [0x00000000e8000000, 0x0000000100000000, 0x0000000100000000)
 Metaspace       used 23933K, capacity 24449K, committed 24572K, reserved 1071104K
  class space    used 2821K, capacity 3010K, committed 3068K, reserved 1048576K
}
2017-03-06T08:26:24.937+0100: 3,364: Total time for which application threads were stopped: 0,0187727 seconds, Stopping threads took: 0,0001315 seconds
{Heap before GC invocations=7 (full 1):
 par new generation   total 109248K, used 104850K [0x00000000e0000000, 0x00000000e8000000, 0x00000000e8000000)
  eden space 87424K, 100% used [0x00000000e0000000, 0x00000000e5560000, 0x00000000e5560000)
  from space 21824K,  79% used [0x00000000e6ab0000, 0x00000000e7bb4b00, 0x00000000e8000000)
  to   space 21824K,   0% used [0x00000000e5560000, 0x00000000e5560000, 0x00000000e6ab0000)
 concurrent mark-sweep generation total 393216K, used 0K [0x00000000e8000000, 0x0000000100000000, 0x0000000100000000)
 Metaspace       used 24395K, capacity 24871K, committed 25084K, reserved 1071104K
  class space    used 2858K, capacity 3043K, committed 3068K, reserved 1048576K
2017-03-06T08:26:25.039+0100: 3,466: [GC (Allocation Failure) 2017-03-06T08:26:25.039+0100: 3,466: [ParNew
Desired survivor size 20112992 bytes, new threshold 8 (max 8)
- age   1:    1878544 bytes,    1878544 total
- age   2:    1708600 bytes,    3587144 total
- age   3:      69688 bytes,    3656832 total
- age   4:       7664 bytes,    3664496 total
- age   5:     101176 bytes,    3765672 total
- age   6:     188184 bytes,    3953856 total
- age   7:     769584 bytes,    4723440 total
- age   8:    6101736 bytes,   10825176 total
: 104850K->12296K(109248K), 0,0111666 secs] 104850K->12296K(502464K), 0,0112596 secs] [Times: user=0,04 sys=0,00, real=0,02 secs] 
Heap after GC invocations=8 (full 1):
 par new generation   total 109248K, used 12296K [0x00000000e0000000, 0x00000000e8000000, 0x00000000e8000000)
  eden space 87424K,   0% used [0x00000000e0000000, 0x00000000e0000000, 0x00000000e5560000)
  from space 21824K,  56% used [0x00000000e5560000, 0x00000000e6162260, 0x00000000e6ab0000)
  to   space 21824K,   0% used [0x00000000e6ab0000, 0x00000000e6ab0000, 0x00000000e8000000)
 concurrent mark-sweep generation total 393216K, used 0K [0x00000000e8000000, 0x0000000100000000, 0x0000000100000000)
 Metaspace       used 24395K, capacity 24871K, committed 25084K, reserved 1071104K
  class space    used 2858K, capacity 3043K, committed 3068K, reserved 1048576K
}
2017-03-06T08:26:25.051+0100: 3,478: Total time for which application threads were stopped: 0,0115923 seconds, Stopping threads took: 0,0000971 seconds
{Heap before GC invocations=8 (full 1):
 par new generation   total 109248K, used 99720K [0x00000000e0000000, 0x00000000e8000000, 0x00000000e8000000)
  eden space 87424K, 100% used [0x00000000e0000000, 0x00000000e5560000, 0x00000000e5560000)
  from space 21824K,  56% used [0x00000000e5560000, 0x00000000e6162260, 0x00000000e6ab0000)
  to   space 21824K,   0% used [0x00000000e6ab0000, 0x00000000e6ab0000, 0x00000000e8000000)
 concurrent mark-sweep generation total 393216K, used 0K [0x00000000e8000000, 0x0000000100000000, 0x0000000100000000)
 Metaspace       used 24661K, capacity 25121K, committed 25468K, reserved 1071104K
  class space    used 2881K, capacity 3080K, committed 3196K, reserved 1048576K
2017-03-06T08:26:25.140+0100: 3,567: [GC (Allocation Failure) 2017-03-06T08:26:25.140+0100: 3,567: [ParNew
Desired survivor size 20112992 bytes, new threshold 8 (max 8)
- age   1:     575552 bytes,     575552 total
- age   2:     600096 bytes,    1175648 total
- age   3:    1686152 bytes,    2861800 total
- age   4:      69624 bytes,    2931424 total
- age   5:       7664 bytes,    2939088 total
- age   6:     100848 bytes,    3039936 total
- age   7:     182656 bytes,    3222592 total
- age   8:     767992 bytes,    3990584 total
: 99720K->9685K(109248K), 0,0298589 secs] 99720K->15724K(502464K), 0,0299259 secs] [Times: user=0,10 sys=0,00, real=0,03 secs] 
Heap after GC invocations=9 (full 1):
 par new generation   total 109248K, used 9685K [0x00000000e0000000, 0x00000000e8000000, 0x00000000e8000000)
  eden space 87424K,   0% used [0x00000000e0000000, 0x00000000e0000000, 0x00000000e5560000)
  from space 21824K,  44% used [0x00000000e6ab0000, 0x00000000e7425520, 0x00000000e8000000)
  to   space 21824K,   0% used [0x00000000e5560000, 0x00000000e5560000, 0x00000000e6ab0000)
 concurrent mark-sweep generation total 393216K, used 6039K [0x00000000e8000000, 0x0000000100000000, 0x0000000100000000)
 Metaspace       used 24661K, capacity 25121K, committed 25468K, reserved 1071104K
  class space    used 2881K, capacity 3080K, committed 3196K, reserved 1048576K
}
2017-03-06T08:26:25.170+0100: 3,597: Total time for which application threads were stopped: 0,0301611 seconds, Stopping threads took: 0,0000652 seconds
2017-03-06T08:26:25.454+0100: 3,881: Total time for which application threads were stopped: 0,0005109 seconds, Stopping threads took: 0,0000569 seconds
2017-03-06T08:26:25.468+0100: 3,895: Total time for which application threads were stopped: 0,0003807 seconds, Stopping threads took: 0,0000254 seconds
2017-03-06T08:26:25.515+0100: 3,943: Total time for which application threads were stopped: 0,0003854 seconds, Stopping threads took: 0,0000193 seconds
2017-03-06T08:26:25.622+0100: 4,050: Total time for which application threads were stopped: 0,0006851 seconds, Stopping threads took: 0,0000831 seconds
2017-03-06T08:26:25.638+0100: 4,065: Total time for which application threads were stopped: 0,0004238 seconds, Stopping threads took: 0,0003397 seconds
2017-03-06T08:26:25.639+0100: 4,066: Total time for which application threads were stopped: 0,0001041 seconds, Stopping threads took: 0,0000231 seconds
2017-03-06T08:26:25.641+0100: 4,068: Total time for which application threads were stopped: 0,0004977 seconds, Stopping threads took: 0,0000257 seconds
2017-03-06T08:26:25.641+0100: 4,068: Total time for which application threads were stopped: 0,0001239 seconds, Stopping threads took: 0,0000528 seconds
2017-03-06T08:26:25.642+0100: 4,069: Total time for which application threads were stopped: 0,0012558 seconds, Stopping threads took: 0,0011938 seconds
2017-03-06T08:26:25.643+0100: 4,070: Total time for which application threads were stopped: 0,0000908 seconds, Stopping threads took: 0,0000230 seconds
2017-03-06T08:26:25.647+0100: 4,074: Total time for which application threads were stopped: 0,0002414 seconds, Stopping threads took: 0,0001187 seconds
2017-03-06T08:26:25.647+0100: 4,075: Total time for which application threads were stopped: 0,0001959 seconds, Stopping threads took: 0,0001086 seconds
2017-03-06T08:26:25.650+0100: 4,077: Total time for which application threads were stopped: 0,0006678 seconds, Stopping threads took: 0,0005737 seconds
2017-03-06T08:26:25.651+0100: 4,078: Total time for which application threads were stopped: 0,0001477 seconds, Stopping threads took: 0,0000663 seconds
2017-03-06T08:26:25.652+0100: 4,079: Total time for which application threads were stopped: 0,0001250 seconds, Stopping threads took: 0,0000401 seconds
2017-03-06T08:26:25.655+0100: 4,082: Total time for which application threads were stopped: 0,0002579 seconds, Stopping threads took: 0,0001466 seconds
2017-03-06T08:26:25.662+0100: 4,089: Total time for which application threads were stopped: 0,0001198 seconds, Stopping threads took: 0,0000383 seconds
2017-03-06T08:26:25.668+0100: 4,095: Total time for which application threads were stopped: 0,0002106 seconds, Stopping threads took: 0,0001113 seconds
2017-03-06T08:26:25.670+0100: 4,098: Total time for which application threads were stopped: 0,0001490 seconds, Stopping threads took: 0,0000398 seconds
2017-03-06T08:26:25.671+0100: 4,098: Total time for which application threads were stopped: 0,0000981 seconds, Stopping threads took: 0,0000310 seconds
2017-03-06T08:26:25.675+0100: 4,102: Total time for which application threads were stopped: 0,0001434 seconds, Stopping threads took: 0,0000737 seconds
2017-03-06T08:26:26.675+0100: 5,103: Total time for which application threads were stopped: 0,0000857 seconds, Stopping threads took: 0,0000200 seconds
2017-03-06T08:28:18.177+0100: 117,114: Total time for which application threads were stopped: 0,0002896 seconds, Stopping threads took: 0,0001484 seconds
2017-03-06T08:28:28.178+0100: 127,116: Total time for which application threads were stopped: 0,0000830 seconds, Stopping threads took: 0,0000332 seconds
{Heap before GC invocations=9 (full 1):
 par new generation   total 109248K, used 97109K [0x00000000e0000000, 0x00000000e8000000, 0x00000000e8000000)
  eden space 87424K, 100% used [0x00000000e0000000, 0x00000000e5560000, 0x00000000e5560000)
  from space 21824K,  44% used [0x00000000e6ab0000, 0x00000000e7425520, 0x00000000e8000000)
  to   space 21824K,   0% used [0x00000000e5560000, 0x00000000e5560000, 0x00000000e6ab0000)
 concurrent mark-sweep generation total 393216K, used 6039K [0x00000000e8000000, 0x0000000100000000, 0x0000000100000000)
 Metaspace       used 28058K, capacity 28621K, committed 28796K, reserved 1075200K
  class space    used 3214K, capacity 3388K, committed 3452K, reserved 1048576K
2017-03-06T08:29:17.105+0100: 176,042: [GC (Allocation Failure) 2017-03-06T08:29:17.105+0100: 176,042: [ParNew
Desired survivor size 20112992 bytes, new threshold 8 (max 8)
- age   1:   10934536 bytes,   10934536 total
- age   2:     281056 bytes,   11215592 total
- age   3:     210120 bytes,   11425712 total
- age   4:    1680240 bytes,   13105952 total
- age   5:      69624 bytes,   13175576 total
- age   6:       7664 bytes,   13183240 total
- age   7:     100720 bytes,   13283960 total
- age   8:     182224 bytes,   13466184 total
: 97109K->15206K(109248K), 0,0284088 secs] 103148K->22094K(502464K), 0,0285044 secs] [Times: user=0,07 sys=0,00, real=0,03 secs] 
Heap after GC invocations=10 (full 1):
 par new generation   total 109248K, used 15206K [0x00000000e0000000, 0x00000000e8000000, 0x00000000e8000000)
  eden space 87424K,   0% used [0x00000000e0000000, 0x00000000e0000000, 0x00000000e5560000)
  from space 21824K,  69% used [0x00000000e5560000, 0x00000000e6439b78, 0x00000000e6ab0000)
  to   space 21824K,   0% used [0x00000000e6ab0000, 0x00000000e6ab0000, 0x00000000e8000000)
 concurrent mark-sweep generation total 393216K, used 6887K [0x00000000e8000000, 0x0000000100000000, 0x0000000100000000)
 Metaspace       used 28058K, capacity 28621K, committed 28796K, reserved 1075200K
  class space    used 3214K, capacity 3388K, committed 3452K, reserved 1048576K
}
2017-03-06T08:29:17.133+0100: 176,070: Total time for which application threads were stopped: 0,0291379 seconds, Stopping threads took: 0,0002906 seconds
2017-03-06T08:32:53.158+0100: 392,095: Total time for which application threads were stopped: 0,0000934 seconds, Stopping threads took: 0,0000385 seconds
2017-03-06T08:49:47.286+0100: 1406,223: Total time for which application threads were stopped: 0,0000919 seconds, Stopping threads took: 0,0000344 seconds
2017-03-06T08:53:52.316+0100: 1651,253: Total time for which application threads were stopped: 0,0000816 seconds, Stopping threads took: 0,0000300 seconds
2017-03-06T08:54:42.320+0100: 1701,258: Total time for which application threads were stopped: 0,0000807 seconds, Stopping threads took: 0,0000305 seconds
2017-03-06T08:58:33.294+0100: 1932,231: Total time for which application threads were stopped: 0,0002283 seconds, Stopping threads took: 0,0001399 seconds
2017-03-06T08:58:33.321+0100: 1932,258: Total time for which application threads were stopped: 0,0001905 seconds, Stopping threads took: 0,0000852 seconds
2017-03-06T08:58:33.327+0100: 1932,264: Total time for which application threads were stopped: 0,0001161 seconds, Stopping threads took: 0,0000163 seconds
Heap
 par new generation   total 109248K, used 34317K [0x00000000e0000000, 0x00000000e8000000, 0x00000000e8000000)
  eden space 87424K,  21% used [0x00000000e0000000, 0x00000000e12a98f0, 0x00000000e5560000)
  from space 21824K,  69% used [0x00000000e5560000, 0x00000000e6439b78, 0x00000000e6ab0000)
  to   space 21824K,   0% used [0x00000000e6ab0000, 0x00000000e6ab0000, 0x00000000e8000000)
 concurrent mark-sweep generation total 393216K, used 6887K [0x00000000e8000000, 0x0000000100000000, 0x0000000100000000)
 Metaspace       used 28171K, capacity 28725K, committed 29052K, reserved 1075200K
  class space    used 3228K, capacity 3422K, committed 3452K, reserved 1048576K
