OpenJDK 64-Bit Server VM (25.121-b13) for linux-amd64 JRE (1.8.0_121-8u121-b13-0ubuntu1.16.04.2-b13), built on Jan 23 2017 15:51:29 by "buildd" with gcc 5.4.0 20160609
Memory: 4k page, physical 7867764k(7438472k free), swap 8076284k(8076284k free)
CommandLine flags: -XX:CMSInitiatingOccupancyFraction=50 -XX:CMSMaxAbortablePrecleanTime=6000 -XX:+CMSParallelRemarkEnabled -XX:+CMSScavengeBeforeRemark -XX:ConcGCThreads=4 -XX:InitialHeapSize=536870912 -XX:MaxHeapSize=536870912 -XX:MaxTenuringThreshold=8 -XX:NewRatio=3 -XX:OldPLABSize=16 -XX:OnOutOfMemoryError=/opt/solr/bin/oom_solr.sh 8983 /var/solr/logs -XX:ParallelGCThreads=4 -XX:+ParallelRefProcEnabled -XX:PretenureSizeThreshold=67108864 -XX:+PrintGC -XX:+PrintGCApplicationStoppedTime -XX:+PrintGCDateStamps -XX:+PrintGCDetails -XX:+PrintGCTimeStamps -XX:+PrintHeapAtGC -XX:+PrintTenuringDistribution -XX:SurvivorRatio=4 -XX:TargetSurvivorRatio=90 -XX:ThreadStackSize=256 -XX:+UseCMSInitiatingOccupancyOnly -XX:+UseCompressedClassPointers -XX:+UseCompressedOops -XX:+UseConcMarkSweepGC -XX:+UseParNewGC 
2017-05-10T08:32:45.014+0200: 0,190: Total time for which application threads were stopped: 0,0000717 seconds, Stopping threads took: 0,0000136 seconds
2017-05-10T08:32:45.138+0200: 0,314: Total time for which application threads were stopped: 0,0001280 seconds, Stopping threads took: 0,0000268 seconds
2017-05-10T08:32:45.202+0200: 0,378: Total time for which application threads were stopped: 0,0001009 seconds, Stopping threads took: 0,0000130 seconds
2017-05-10T08:32:45.629+0200: 0,805: Total time for which application threads were stopped: 0,0001407 seconds, Stopping threads took: 0,0000205 seconds
2017-05-10T08:32:45.965+0200: 1,141: Total time for which application threads were stopped: 0,0001363 seconds, Stopping threads took: 0,0000126 seconds
2017-05-10T08:32:46.025+0200: 1,201: Total time for which application threads were stopped: 0,0002861 seconds, Stopping threads took: 0,0000266 seconds
2017-05-10T08:32:46.045+0200: 1,221: Total time for which application threads were stopped: 0,0001714 seconds, Stopping threads took: 0,0000211 seconds
2017-05-10T08:32:46.318+0200: 1,494: Total time for which application threads were stopped: 0,0001712 seconds, Stopping threads took: 0,0000139 seconds
2017-05-10T08:32:46.558+0200: 1,734: Total time for which application threads were stopped: 0,0001982 seconds, Stopping threads took: 0,0000233 seconds
2017-05-10T08:32:46.587+0200: 1,763: Total time for which application threads were stopped: 0,0001757 seconds, Stopping threads took: 0,0000230 seconds
2017-05-10T08:32:46.624+0200: 1,800: Total time for which application threads were stopped: 0,0001907 seconds, Stopping threads took: 0,0000184 seconds
2017-05-10T08:32:46.625+0200: 1,801: Total time for which application threads were stopped: 0,0001889 seconds, Stopping threads took: 0,0000244 seconds
2017-05-10T08:32:46.639+0200: 1,815: Total time for which application threads were stopped: 0,0001628 seconds, Stopping threads took: 0,0000128 seconds
2017-05-10T08:32:46.721+0200: 1,897: Total time for which application threads were stopped: 0,0002080 seconds, Stopping threads took: 0,0000203 seconds
2017-05-10T08:32:46.877+0200: 2,053: Total time for which application threads were stopped: 0,0002968 seconds, Stopping threads took: 0,0000699 seconds
{Heap before GC invocations=0 (full 0):
 par new generation   total 109248K, used 87424K [0x00000000e0000000, 0x00000000e8000000, 0x00000000e8000000)
  eden space 87424K, 100% used [0x00000000e0000000, 0x00000000e5560000, 0x00000000e5560000)
  from space 21824K,   0% used [0x00000000e5560000, 0x00000000e5560000, 0x00000000e6ab0000)
  to   space 21824K,   0% used [0x00000000e6ab0000, 0x00000000e6ab0000, 0x00000000e8000000)
 concurrent mark-sweep generation total 393216K, used 0K [0x00000000e8000000, 0x0000000100000000, 0x0000000100000000)
 Metaspace       used 17828K, capacity 18176K, committed 18304K, reserved 1064960K
  class space    used 2025K, capacity 2164K, committed 2176K, reserved 1048576K
2017-05-10T08:32:46.935+0200: 2,111: [GC (Allocation Failure) 2017-05-10T08:32:46.935+0200: 2,111: [ParNew
Desired survivor size 20112992 bytes, new threshold 8 (max 8)
- age   1:   11619480 bytes,   11619480 total
: 87424K->11452K(109248K), 0,0152194 secs] 87424K->11452K(502464K), 0,0153038 secs] [Times: user=0,05 sys=0,00, real=0,01 secs] 
Heap after GC invocations=1 (full 0):
 par new generation   total 109248K, used 11452K [0x00000000e0000000, 0x00000000e8000000, 0x00000000e8000000)
  eden space 87424K,   0% used [0x00000000e0000000, 0x00000000e0000000, 0x00000000e5560000)
  from space 21824K,  52% used [0x00000000e6ab0000, 0x00000000e75df298, 0x00000000e8000000)
  to   space 21824K,   0% used [0x00000000e5560000, 0x00000000e5560000, 0x00000000e6ab0000)
 concurrent mark-sweep generation total 393216K, used 0K [0x00000000e8000000, 0x0000000100000000, 0x0000000100000000)
 Metaspace       used 17828K, capacity 18176K, committed 18304K, reserved 1064960K
  class space    used 2025K, capacity 2164K, committed 2176K, reserved 1048576K
}
2017-05-10T08:32:46.950+0200: 2,126: Total time for which application threads were stopped: 0,0189935 seconds, Stopping threads took: 0,0035358 seconds
2017-05-10T08:32:47.314+0200: 2,490: Total time for which application threads were stopped: 0,0003527 seconds, Stopping threads took: 0,0000502 seconds
2017-05-10T08:32:47.351+0200: 2,527: Total time for which application threads were stopped: 0,0014134 seconds, Stopping threads took: 0,0011482 seconds
{Heap before GC invocations=1 (full 0):
 par new generation   total 109248K, used 98876K [0x00000000e0000000, 0x00000000e8000000, 0x00000000e8000000)
  eden space 87424K, 100% used [0x00000000e0000000, 0x00000000e5560000, 0x00000000e5560000)
  from space 21824K,  52% used [0x00000000e6ab0000, 0x00000000e75df298, 0x00000000e8000000)
  to   space 21824K,   0% used [0x00000000e5560000, 0x00000000e5560000, 0x00000000e6ab0000)
 concurrent mark-sweep generation total 393216K, used 0K [0x00000000e8000000, 0x0000000100000000, 0x0000000100000000)
 Metaspace       used 20040K, capacity 20366K, committed 20736K, reserved 1067008K
  class space    used 2298K, capacity 2471K, committed 2560K, reserved 1048576K
2017-05-10T08:32:47.351+0200: 2,527: [GC (Allocation Failure) 2017-05-10T08:32:47.351+0200: 2,527: [ParNew
Desired survivor size 20112992 bytes, new threshold 8 (max 8)
- age   1:    4149328 bytes,    4149328 total
- age   2:    6179600 bytes,   10328928 total
: 98876K->14637K(109248K), 0,0096951 secs] 98876K->14637K(502464K), 0,0097648 secs] [Times: user=0,03 sys=0,00, real=0,00 secs] 
Heap after GC invocations=2 (full 0):
 par new generation   total 109248K, used 14637K [0x00000000e0000000, 0x00000000e8000000, 0x00000000e8000000)
  eden space 87424K,   0% used [0x00000000e0000000, 0x00000000e0000000, 0x00000000e5560000)
  from space 21824K,  67% used [0x00000000e5560000, 0x00000000e63ab400, 0x00000000e6ab0000)
  to   space 21824K,   0% used [0x00000000e6ab0000, 0x00000000e6ab0000, 0x00000000e8000000)
 concurrent mark-sweep generation total 393216K, used 0K [0x00000000e8000000, 0x0000000100000000, 0x0000000100000000)
 Metaspace       used 20040K, capacity 20366K, committed 20736K, reserved 1067008K
  class space    used 2298K, capacity 2471K, committed 2560K, reserved 1048576K
}
2017-05-10T08:32:47.361+0200: 2,537: Total time for which application threads were stopped: 0,0099191 seconds, Stopping threads took: 0,0000411 seconds
2017-05-10T08:32:47.404+0200: 2,580: Total time for which application threads were stopped: 0,0003599 seconds, Stopping threads took: 0,0000588 seconds
2017-05-10T08:32:47.548+0200: 2,724: Total time for which application threads were stopped: 0,0001990 seconds, Stopping threads took: 0,0000576 seconds
{Heap before GC invocations=2 (full 0):
 par new generation   total 109248K, used 102061K [0x00000000e0000000, 0x00000000e8000000, 0x00000000e8000000)
  eden space 87424K, 100% used [0x00000000e0000000, 0x00000000e5560000, 0x00000000e5560000)
  from space 21824K,  67% used [0x00000000e5560000, 0x00000000e63ab400, 0x00000000e6ab0000)
  to   space 21824K,   0% used [0x00000000e6ab0000, 0x00000000e6ab0000, 0x00000000e8000000)
 concurrent mark-sweep generation total 393216K, used 0K [0x00000000e8000000, 0x0000000100000000, 0x0000000100000000)
 Metaspace       used 20960K, capacity 21288K, committed 21628K, reserved 1069056K
  class space    used 2418K, capacity 2590K, committed 2684K, reserved 1048576K
2017-05-10T08:32:47.583+0200: 2,759: [GC (Allocation Failure) 2017-05-10T08:32:47.583+0200: 2,759: [ParNew
Desired survivor size 20112992 bytes, new threshold 8 (max 8)
- age   1:    2076432 bytes,    2076432 total
- age   2:    1301664 bytes,    3378096 total
- age   3:    6177552 bytes,    9555648 total
: 102061K->12627K(109248K), 0,0169365 secs] 102061K->12627K(502464K), 0,0170155 secs] [Times: user=0,07 sys=0,00, real=0,01 secs] 
Heap after GC invocations=3 (full 0):
 par new generation   total 109248K, used 12627K [0x00000000e0000000, 0x00000000e8000000, 0x00000000e8000000)
  eden space 87424K,   0% used [0x00000000e0000000, 0x00000000e0000000, 0x00000000e5560000)
  from space 21824K,  57% used [0x00000000e6ab0000, 0x00000000e7704d68, 0x00000000e8000000)
  to   space 21824K,   0% used [0x00000000e5560000, 0x00000000e5560000, 0x00000000e6ab0000)
 concurrent mark-sweep generation total 393216K, used 0K [0x00000000e8000000, 0x0000000100000000, 0x0000000100000000)
 Metaspace       used 20960K, capacity 21288K, committed 21628K, reserved 1069056K
  class space    used 2418K, capacity 2590K, committed 2684K, reserved 1048576K
}
2017-05-10T08:32:47.600+0200: 2,776: Total time for which application threads were stopped: 0,0172192 seconds, Stopping threads took: 0,0000675 seconds
2017-05-10T08:32:47.607+0200: 2,783: [GC (CMS Initial Mark) [1 CMS-initial-mark: 0K(393216K)] 14766K(502464K), 0,0045830 secs] [Times: user=0,02 sys=0,00, real=0,01 secs] 
2017-05-10T08:32:47.611+0200: 2,787: Total time for which application threads were stopped: 0,0047549 seconds, Stopping threads took: 0,0000666 seconds
2017-05-10T08:32:47.612+0200: 2,787: [CMS-concurrent-mark-start]
2017-05-10T08:32:47.620+0200: 2,796: [CMS-concurrent-mark: 0,008/0,008 secs] [Times: user=0,03 sys=0,00, real=0,00 secs] 
2017-05-10T08:32:47.620+0200: 2,796: [CMS-concurrent-preclean-start]
2017-05-10T08:32:47.621+0200: 2,797: [CMS-concurrent-preclean: 0,001/0,001 secs] [Times: user=0,01 sys=0,00, real=0,00 secs] 
2017-05-10T08:32:47.621+0200: 2,797: [CMS-concurrent-abortable-preclean-start]
2017-05-10T08:32:47.692+0200: 2,868: Total time for which application threads were stopped: 0,0001555 seconds, Stopping threads took: 0,0000688 seconds
{Heap before GC invocations=3 (full 1):
 par new generation   total 109248K, used 100051K [0x00000000e0000000, 0x00000000e8000000, 0x00000000e8000000)
  eden space 87424K, 100% used [0x00000000e0000000, 0x00000000e5560000, 0x00000000e5560000)
  from space 21824K,  57% used [0x00000000e6ab0000, 0x00000000e7704d68, 0x00000000e8000000)
  to   space 21824K,   0% used [0x00000000e5560000, 0x00000000e5560000, 0x00000000e6ab0000)
 concurrent mark-sweep generation total 393216K, used 0K [0x00000000e8000000, 0x0000000100000000, 0x0000000100000000)
 Metaspace       used 21234K, capacity 21621K, committed 21884K, reserved 1069056K
  class space    used 2447K, capacity 2605K, committed 2684K, reserved 1048576K
2017-05-10T08:32:47.727+0200: 2,903: [GC (Allocation Failure) 2017-05-10T08:32:47.727+0200: 2,903: [ParNew
Desired survivor size 20112992 bytes, new threshold 8 (max 8)
- age   1:    1010592 bytes,    1010592 total
- age   2:    1486424 bytes,    2497016 total
- age   3:    1276520 bytes,    3773536 total
- age   4:    6177632 bytes,    9951168 total
: 100051K->12255K(109248K), 0,0113752 secs] 100051K->12255K(502464K), 0,0114514 secs] [Times: user=0,03 sys=0,01, real=0,01 secs] 
Heap after GC invocations=4 (full 1):
 par new generation   total 109248K, used 12255K [0x00000000e0000000, 0x00000000e8000000, 0x00000000e8000000)
  eden space 87424K,   0% used [0x00000000e0000000, 0x00000000e0000000, 0x00000000e5560000)
  from space 21824K,  56% used [0x00000000e5560000, 0x00000000e6157fc0, 0x00000000e6ab0000)
  to   space 21824K,   0% used [0x00000000e6ab0000, 0x00000000e6ab0000, 0x00000000e8000000)
 concurrent mark-sweep generation total 393216K, used 0K [0x00000000e8000000, 0x0000000100000000, 0x0000000100000000)
 Metaspace       used 21234K, capacity 21621K, committed 21884K, reserved 1069056K
  class space    used 2447K, capacity 2605K, committed 2684K, reserved 1048576K
}
2017-05-10T08:32:47.739+0200: 2,914: Total time for which application threads were stopped: 0,0116663 seconds, Stopping threads took: 0,0000554 seconds
{Heap before GC invocations=4 (full 1):
 par new generation   total 109248K, used 99679K [0x00000000e0000000, 0x00000000e8000000, 0x00000000e8000000)
  eden space 87424K, 100% used [0x00000000e0000000, 0x00000000e5560000, 0x00000000e5560000)
  from space 21824K,  56% used [0x00000000e5560000, 0x00000000e6157fc0, 0x00000000e6ab0000)
  to   space 21824K,   0% used [0x00000000e6ab0000, 0x00000000e6ab0000, 0x00000000e8000000)
 concurrent mark-sweep generation total 393216K, used 0K [0x00000000e8000000, 0x0000000100000000, 0x0000000100000000)
 Metaspace       used 21399K, capacity 21787K, committed 21884K, reserved 1069056K
  class space    used 2467K, capacity 2638K, committed 2684K, reserved 1048576K
2017-05-10T08:32:47.817+0200: 2,993: [GC (Allocation Failure) 2017-05-10T08:32:47.817+0200: 2,993: [ParNew
Desired survivor size 20112992 bytes, new threshold 8 (max 8)
- age   1:    1398728 bytes,    1398728 total
- age   2:     183944 bytes,    1582672 total
- age   3:    1486328 bytes,    3069000 total
- age   4:    1274496 bytes,    4343496 total
- age   5:    6177840 bytes,   10521336 total
: 99679K->17028K(109248K), 0,0126707 secs] 99679K->17028K(502464K), 0,0127436 secs] [Times: user=0,04 sys=0,00, real=0,01 secs] 
Heap after GC invocations=5 (full 1):
 par new generation   total 109248K, used 17028K [0x00000000e0000000, 0x00000000e8000000, 0x00000000e8000000)
  eden space 87424K,   0% used [0x00000000e0000000, 0x00000000e0000000, 0x00000000e5560000)
  from space 21824K,  78% used [0x00000000e6ab0000, 0x00000000e7b51000, 0x00000000e8000000)
  to   space 21824K,   0% used [0x00000000e5560000, 0x00000000e5560000, 0x00000000e6ab0000)
 concurrent mark-sweep generation total 393216K, used 0K [0x00000000e8000000, 0x0000000100000000, 0x0000000100000000)
 Metaspace       used 21399K, capacity 21787K, committed 21884K, reserved 1069056K
  class space    used 2467K, capacity 2638K, committed 2684K, reserved 1048576K
}
2017-05-10T08:32:47.830+0200: 3,006: Total time for which application threads were stopped: 0,0129414 seconds, Stopping threads took: 0,0000614 seconds
2017-05-10T08:32:47.867+0200: 3,043: Total time for which application threads were stopped: 0,0001276 seconds, Stopping threads took: 0,0000342 seconds
2017-05-10T08:32:47.876+0200: 3,052: Total time for which application threads were stopped: 0,0002820 seconds, Stopping threads took: 0,0000167 seconds
2017-05-10T08:32:47.912+0200: 3,088: Total time for which application threads were stopped: 0,0001094 seconds, Stopping threads took: 0,0000266 seconds
2017-05-10T08:32:47.938+0200: 3,114: Total time for which application threads were stopped: 0,0001073 seconds, Stopping threads took: 0,0000172 seconds
2017-05-10T08:32:48.125+0200: 3,301: Total time for which application threads were stopped: 0,0001715 seconds, Stopping threads took: 0,0000280 seconds
2017-05-10T08:32:48.159+0200: 3,334: Total time for which application threads were stopped: 0,0001040 seconds, Stopping threads took: 0,0000257 seconds
2017-05-10T08:32:48.161+0200: 3,337: Total time for which application threads were stopped: 0,0004451 seconds, Stopping threads took: 0,0000342 seconds
2017-05-10T08:32:48.179+0200: 3,355: Total time for which application threads were stopped: 0,0005010 seconds, Stopping threads took: 0,0000495 seconds
2017-05-10T08:32:48.190+0200: 3,366: Total time for which application threads were stopped: 0,0001215 seconds, Stopping threads took: 0,0000349 seconds
2017-05-10T08:32:48.263+0200: 3,439: Total time for which application threads were stopped: 0,0015852 seconds, Stopping threads took: 0,0014865 seconds
2017-05-10T08:32:48.263+0200: 3,439: [CMS-concurrent-abortable-preclean: 0,416/0,642 secs] [Times: user=2,32 sys=0,03, real=0,65 secs] 
2017-05-10T08:32:48.263+0200: 3,439: [GC (CMS Final Remark) [YG occupancy: 68830 K (109248 K)]{Heap before GC invocations=5 (full 1):
 par new generation   total 109248K, used 68830K [0x00000000e0000000, 0x00000000e8000000, 0x00000000e8000000)
  eden space 87424K,  59% used [0x00000000e0000000, 0x00000000e3296888, 0x00000000e5560000)
  from space 21824K,  78% used [0x00000000e6ab0000, 0x00000000e7b51000, 0x00000000e8000000)
  to   space 21824K,   0% used [0x00000000e5560000, 0x00000000e5560000, 0x00000000e6ab0000)
 concurrent mark-sweep generation total 393216K, used 0K [0x00000000e8000000, 0x0000000100000000, 0x0000000100000000)
 Metaspace       used 23455K, capacity 23974K, committed 24208K, reserved 1071104K
  class space    used 2719K, capacity 2918K, committed 2940K, reserved 1048576K
2017-05-10T08:32:48.263+0200: 3,439: [GC (CMS Final Remark) 2017-05-10T08:32:48.263+0200: 3,439: [ParNew
Desired survivor size 20112992 bytes, new threshold 8 (max 8)
- age   1:    4087840 bytes,    4087840 total
- age   2:     113448 bytes,    4201288 total
- age   3:     182496 bytes,    4383784 total
- age   4:     316544 bytes,    4700328 total
- age   5:    1262640 bytes,    5962968 total
- age   6:    6169456 bytes,   12132424 total
: 68830K->14091K(109248K), 0,0111713 secs] 68830K->14091K(502464K), 0,0112187 secs] [Times: user=0,04 sys=0,00, real=0,01 secs] 
Heap after GC invocations=6 (full 1):
 par new generation   total 109248K, used 14091K [0x00000000e0000000, 0x00000000e8000000, 0x00000000e8000000)
  eden space 87424K,   0% used [0x00000000e0000000, 0x00000000e0000000, 0x00000000e5560000)
  from space 21824K,  64% used [0x00000000e5560000, 0x00000000e6322d20, 0x00000000e6ab0000)
  to   space 21824K,   0% used [0x00000000e6ab0000, 0x00000000e6ab0000, 0x00000000e8000000)
 concurrent mark-sweep generation total 393216K, used 0K [0x00000000e8000000, 0x0000000100000000, 0x0000000100000000)
 Metaspace       used 23455K, capacity 23974K, committed 24208K, reserved 1071104K
  class space    used 2719K, capacity 2918K, committed 2940K, reserved 1048576K
}
2017-05-10T08:32:48.274+0200: 3,450: [Rescan (parallel) , 0,0044334 secs]2017-05-10T08:32:48.279+0200: 3,455: [weak refs processing, 0,0006381 secs]2017-05-10T08:32:48.279+0200: 3,455: [class unloading, 0,0033250 secs]2017-05-10T08:32:48.283+0200: 3,459: [scrub symbol table, 0,0027979 secs]2017-05-10T08:32:48.286+0200: 3,461: [scrub string table, 0,0003832 secs][1 CMS-remark: 0K(393216K)] 14091K(502464K), 0,0236235 secs] [Times: user=0,06 sys=0,00, real=0,02 secs] 
2017-05-10T08:32:48.287+0200: 3,462: Total time for which application threads were stopped: 0,0237891 seconds, Stopping threads took: 0,0000889 seconds
2017-05-10T08:32:48.288+0200: 3,463: [CMS-concurrent-sweep-start]
2017-05-10T08:32:48.288+0200: 3,463: [CMS-concurrent-sweep: 0,000/0,000 secs] [Times: user=0,00 sys=0,00, real=0,00 secs] 
2017-05-10T08:32:48.288+0200: 3,463: [CMS-concurrent-reset-start]
2017-05-10T08:32:48.290+0200: 3,465: [CMS-concurrent-reset: 0,002/0,002 secs] [Times: user=0,01 sys=0,00, real=0,00 secs] 
2017-05-10T08:32:48.447+0200: 3,623: Total time for which application threads were stopped: 0,0001858 seconds, Stopping threads took: 0,0000551 seconds
{Heap before GC invocations=6 (full 1):
 par new generation   total 109248K, used 103901K [0x00000000e0000000, 0x00000000e8000000, 0x00000000e8000000)
  eden space 87424K, 100% used [0x00000000e0000000, 0x00000000e5560000, 0x00000000e5560000)
  from space 21824K,  75% used [0x00000000e5560000, 0x00000000e65774d0, 0x00000000e6ab0000)
  to   space 21824K,   0% used [0x00000000e6ab0000, 0x00000000e6ab0000, 0x00000000e8000000)
 concurrent mark-sweep generation total 393216K, used 0K [0x00000000e8000000, 0x0000000100000000, 0x0000000100000000)
 Metaspace       used 24374K, capacity 24806K, committed 24848K, reserved 1071104K
  class space    used 2858K, capacity 3046K, committed 3068K, reserved 1048576K
2017-05-10T08:32:48.451+0200: 3,627: [GC (Allocation Failure) 2017-05-10T08:32:48.451+0200: 3,627: [ParNew
Desired survivor size 20112992 bytes, new threshold 8 (max 8)
- age   1:    3020528 bytes,    3020528 total
- age   2:    1363656 bytes,    4384184 total
- age   3:      59216 bytes,    4443400 total
- age   4:      99248 bytes,    4542648 total
- age   5:     205624 bytes,    4748272 total
- age   6:     948904 bytes,    5697176 total
- age   7:    5910440 bytes,   11607616 total
: 103901K->15090K(109248K), 0,0197280 secs] 103901K->15090K(502464K), 0,0198086 secs] [Times: user=0,06 sys=0,00, real=0,02 secs] 
Heap after GC invocations=7 (full 1):
 par new generation   total 109248K, used 15090K [0x00000000e0000000, 0x00000000e8000000, 0x00000000e8000000)
  eden space 87424K,   0% used [0x00000000e0000000, 0x00000000e0000000, 0x00000000e5560000)
  from space 21824K,  69% used [0x00000000e6ab0000, 0x00000000e796c980, 0x00000000e8000000)
  to   space 21824K,   0% used [0x00000000e5560000, 0x00000000e5560000, 0x00000000e6ab0000)
 concurrent mark-sweep generation total 393216K, used 0K [0x00000000e8000000, 0x0000000100000000, 0x0000000100000000)
 Metaspace       used 24374K, capacity 24806K, committed 24848K, reserved 1071104K
  class space    used 2858K, capacity 3046K, committed 3068K, reserved 1048576K
}
2017-05-10T08:32:48.471+0200: 3,646: Total time for which application threads were stopped: 0,0200007 seconds, Stopping threads took: 0,0000390 seconds
{Heap before GC invocations=7 (full 1):
 par new generation   total 109248K, used 19156K [0x00000000e0000000, 0x00000000e8000000, 0x00000000e8000000)
  eden space 87424K,   4% used [0x00000000e0000000, 0x00000000e03f88b8, 0x00000000e5560000)
  from space 21824K,  69% used [0x00000000e6ab0000, 0x00000000e796c980, 0x00000000e8000000)
  to   space 21824K,   0% used [0x00000000e5560000, 0x00000000e5560000, 0x00000000e6ab0000)
 concurrent mark-sweep generation total 393216K, used 0K [0x00000000e8000000, 0x0000000100000000, 0x0000000100000000)
 Metaspace       used 24374K, capacity 24806K, committed 24848K, reserved 1071104K
  class space    used 2858K, capacity 3046K, committed 3068K, reserved 1048576K
2017-05-10T08:32:48.473+0200: 3,649: [GC (GCLocker Initiated GC) 2017-05-10T08:32:48.473+0200: 3,649: [ParNew
Desired survivor size 20112992 bytes, new threshold 8 (max 8)
- age   1:     200512 bytes,     200512 total
- age   2:    1405968 bytes,    1606480 total
- age   3:    1361040 bytes,    2967520 total
- age   4:      59216 bytes,    3026736 total
- age   5:      99248 bytes,    3125984 total
- age   6:     205624 bytes,    3331608 total
- age   7:     948904 bytes,    4280512 total
- age   8:    5910496 bytes,   10191008 total
: 19156K->13531K(109248K), 0,0127939 secs] 19156K->13531K(502464K), 0,0128589 secs] [Times: user=0,04 sys=0,00, real=0,01 secs] 
Heap after GC invocations=8 (full 1):
 par new generation   total 109248K, used 13531K [0x00000000e0000000, 0x00000000e8000000, 0x00000000e8000000)
  eden space 87424K,   0% used [0x00000000e0000000, 0x00000000e0000000, 0x00000000e5560000)
  from space 21824K,  62% used [0x00000000e5560000, 0x00000000e6296f40, 0x00000000e6ab0000)
  to   space 21824K,   0% used [0x00000000e6ab0000, 0x00000000e6ab0000, 0x00000000e8000000)
 concurrent mark-sweep generation total 393216K, used 0K [0x00000000e8000000, 0x0000000100000000, 0x0000000100000000)
 Metaspace       used 24374K, capacity 24806K, committed 24848K, reserved 1071104K
  class space    used 2858K, capacity 3046K, committed 3068K, reserved 1048576K
}
2017-05-10T08:32:48.486+0200: 3,662: Total time for which application threads were stopped: 0,0130913 seconds, Stopping threads took: 0,0000885 seconds
{Heap before GC invocations=8 (full 1):
 par new generation   total 109248K, used 100955K [0x00000000e0000000, 0x00000000e8000000, 0x00000000e8000000)
  eden space 87424K, 100% used [0x00000000e0000000, 0x00000000e5560000, 0x00000000e5560000)
  from space 21824K,  62% used [0x00000000e5560000, 0x00000000e6296f40, 0x00000000e6ab0000)
  to   space 21824K,   0% used [0x00000000e6ab0000, 0x00000000e6ab0000, 0x00000000e8000000)
 concurrent mark-sweep generation total 393216K, used 0K [0x00000000e8000000, 0x0000000100000000, 0x0000000100000000)
 Metaspace       used 24657K, capacity 25116K, committed 25232K, reserved 1071104K
  class space    used 2887K, capacity 3082K, committed 3196K, reserved 1048576K
2017-05-10T08:32:48.582+0200: 3,758: [GC (Allocation Failure) 2017-05-10T08:32:48.582+0200: 3,758: [ParNew
Desired survivor size 20112992 bytes, new threshold 8 (max 8)
- age   1:     697440 bytes,     697440 total
- age   2:       1688 bytes,     699128 total
- age   3:    1376608 bytes,    2075736 total
- age   4:    1360880 bytes,    3436616 total
- age   5:      59216 bytes,    3495832 total
- age   6:      98944 bytes,    3594776 total
- age   7:     202856 bytes,    3797632 total
- age   8:     948136 bytes,    4745768 total
: 100955K->8135K(109248K), 0,0403938 secs] 100955K->13989K(502464K), 0,0404665 secs] [Times: user=0,08 sys=0,01, real=0,05 secs] 
Heap after GC invocations=9 (full 1):
 par new generation   total 109248K, used 8135K [0x00000000e0000000, 0x00000000e8000000, 0x00000000e8000000)
  eden space 87424K,   0% used [0x00000000e0000000, 0x00000000e0000000, 0x00000000e5560000)
  from space 21824K,  37% used [0x00000000e6ab0000, 0x00000000e72a1d00, 0x00000000e8000000)
  to   space 21824K,   0% used [0x00000000e5560000, 0x00000000e5560000, 0x00000000e6ab0000)
 concurrent mark-sweep generation total 393216K, used 5854K [0x00000000e8000000, 0x0000000100000000, 0x0000000100000000)
 Metaspace       used 24657K, capacity 25116K, committed 25232K, reserved 1071104K
  class space    used 2887K, capacity 3082K, committed 3196K, reserved 1048576K
}
2017-05-10T08:32:48.623+0200: 3,799: Total time for which application threads were stopped: 0,0420206 seconds, Stopping threads took: 0,0014052 seconds
{Heap before GC invocations=9 (full 1):
 par new generation   total 109248K, used 95559K [0x00000000e0000000, 0x00000000e8000000, 0x00000000e8000000)
  eden space 87424K, 100% used [0x00000000e0000000, 0x00000000e5560000, 0x00000000e5560000)
  from space 21824K,  37% used [0x00000000e6ab0000, 0x00000000e72a1d00, 0x00000000e8000000)
  to   space 21824K,   0% used [0x00000000e5560000, 0x00000000e5560000, 0x00000000e6ab0000)
 concurrent mark-sweep generation total 393216K, used 5854K [0x00000000e8000000, 0x0000000100000000, 0x0000000100000000)
 Metaspace       used 25453K, capacity 25946K, committed 26232K, reserved 1073152K
  class space    used 2939K, capacity 3126K, committed 3196K, reserved 1048576K
2017-05-10T08:32:48.882+0200: 4,058: [GC (Allocation Failure) 2017-05-10T08:32:48.882+0200: 4,058: [ParNew
Desired survivor size 20112992 bytes, new threshold 8 (max 8)
- age   1:    2049912 bytes,    2049912 total
- age   2:     182104 bytes,    2232016 total
- age   3:       1616 bytes,    2233632 total
- age   4:     587280 bytes,    2820912 total
- age   5:    1360176 bytes,    4181088 total
- age   6:      56800 bytes,    4237888 total
- age   7:      98816 bytes,    4336704 total
- age   8:     202328 bytes,    4539032 total
: 95559K->5657K(109248K), 0,0144723 secs] 101413K->12450K(502464K), 0,0145374 secs] [Times: user=0,05 sys=0,01, real=0,02 secs] 
Heap after GC invocations=10 (full 1):
 par new generation   total 109248K, used 5657K [0x00000000e0000000, 0x00000000e8000000, 0x00000000e8000000)
  eden space 87424K,   0% used [0x00000000e0000000, 0x00000000e0000000, 0x00000000e5560000)
  from space 21824K,  25% used [0x00000000e5560000, 0x00000000e5ae6680, 0x00000000e6ab0000)
  to   space 21824K,   0% used [0x00000000e6ab0000, 0x00000000e6ab0000, 0x00000000e8000000)
 concurrent mark-sweep generation total 393216K, used 6792K [0x00000000e8000000, 0x0000000100000000, 0x0000000100000000)
 Metaspace       used 25453K, capacity 25946K, committed 26232K, reserved 1073152K
  class space    used 2939K, capacity 3126K, committed 3196K, reserved 1048576K
}
2017-05-10T08:32:48.897+0200: 4,072: Total time for which application threads were stopped: 0,0149815 seconds, Stopping threads took: 0,0000443 seconds
2017-05-10T08:32:48.902+0200: 4,078: Total time for which application threads were stopped: 0,0001553 seconds, Stopping threads took: 0,0000678 seconds
2017-05-10T08:32:48.908+0200: 4,084: Total time for which application threads were stopped: 0,0001140 seconds, Stopping threads took: 0,0000260 seconds
2017-05-10T08:32:48.910+0200: 4,085: Total time for which application threads were stopped: 0,0001900 seconds, Stopping threads took: 0,0000653 seconds
2017-05-10T08:32:48.911+0200: 4,086: Total time for which application threads were stopped: 0,0001955 seconds, Stopping threads took: 0,0000430 seconds
2017-05-10T08:32:48.915+0200: 4,091: Total time for which application threads were stopped: 0,0001422 seconds, Stopping threads took: 0,0000355 seconds
2017-05-10T08:32:48.917+0200: 4,092: Total time for which application threads were stopped: 0,0001612 seconds, Stopping threads took: 0,0000419 seconds
2017-05-10T08:32:48.917+0200: 4,093: Total time for which application threads were stopped: 0,0001245 seconds, Stopping threads took: 0,0000286 seconds
2017-05-10T08:32:48.929+0200: 4,105: Total time for which application threads were stopped: 0,0001569 seconds, Stopping threads took: 0,0000463 seconds
2017-05-10T08:32:48.932+0200: 4,108: Total time for which application threads were stopped: 0,0001537 seconds, Stopping threads took: 0,0000552 seconds
2017-05-10T08:32:48.940+0200: 4,115: Total time for which application threads were stopped: 0,0001506 seconds, Stopping threads took: 0,0000407 seconds
2017-05-10T08:32:48.946+0200: 4,122: Total time for which application threads were stopped: 0,0001380 seconds, Stopping threads took: 0,0000418 seconds
2017-05-10T08:32:48.947+0200: 4,122: Total time for which application threads were stopped: 0,0001208 seconds, Stopping threads took: 0,0000416 seconds
2017-05-10T08:32:48.947+0200: 4,123: Total time for which application threads were stopped: 0,0001115 seconds, Stopping threads took: 0,0000389 seconds
2017-05-10T08:32:48.948+0200: 4,124: Total time for which application threads were stopped: 0,0001158 seconds, Stopping threads took: 0,0000307 seconds
2017-05-10T08:32:48.948+0200: 4,124: Total time for which application threads were stopped: 0,0001062 seconds, Stopping threads took: 0,0000315 seconds
2017-05-10T08:32:48.949+0200: 4,125: Total time for which application threads were stopped: 0,0000914 seconds, Stopping threads took: 0,0000258 seconds
2017-05-10T08:32:48.949+0200: 4,125: Total time for which application threads were stopped: 0,0000907 seconds, Stopping threads took: 0,0000213 seconds
2017-05-10T08:32:48.955+0200: 4,131: Total time for which application threads were stopped: 0,0052510 seconds, Stopping threads took: 0,0051311 seconds
2017-05-10T08:32:48.958+0200: 4,134: Total time for which application threads were stopped: 0,0005831 seconds, Stopping threads took: 0,0005026 seconds
2017-05-10T08:32:48.961+0200: 4,136: Total time for which application threads were stopped: 0,0001851 seconds, Stopping threads took: 0,0000482 seconds
2017-05-10T08:32:48.963+0200: 4,139: Total time for which application threads were stopped: 0,0001528 seconds, Stopping threads took: 0,0000372 seconds
2017-05-10T08:32:48.964+0200: 4,140: Total time for which application threads were stopped: 0,0001422 seconds, Stopping threads took: 0,0000471 seconds
2017-05-10T08:32:48.967+0200: 4,142: Total time for which application threads were stopped: 0,0018415 seconds, Stopping threads took: 0,0017797 seconds
2017-05-10T08:32:48.975+0200: 4,151: Total time for which application threads were stopped: 0,0038489 seconds, Stopping threads took: 0,0036972 seconds
2017-05-10T08:32:49.011+0200: 4,187: Total time for which application threads were stopped: 0,0001295 seconds, Stopping threads took: 0,0000354 seconds
2017-05-10T08:32:49.023+0200: 4,198: Total time for which application threads were stopped: 0,0001691 seconds, Stopping threads took: 0,0000371 seconds
2017-05-10T08:32:49.030+0200: 4,206: Total time for which application threads were stopped: 0,0004814 seconds, Stopping threads took: 0,0000292 seconds
2017-05-10T08:32:49.032+0200: 4,208: Total time for which application threads were stopped: 0,0000970 seconds, Stopping threads took: 0,0000247 seconds
2017-05-10T08:32:49.034+0200: 4,210: Total time for which application threads were stopped: 0,0001963 seconds, Stopping threads took: 0,0000991 seconds
2017-05-10T08:32:49.040+0200: 4,216: Total time for which application threads were stopped: 0,0001038 seconds, Stopping threads took: 0,0000234 seconds
2017-05-10T08:32:49.045+0200: 4,221: Total time for which application threads were stopped: 0,0001086 seconds, Stopping threads took: 0,0000215 seconds
2017-05-10T08:32:49.046+0200: 4,222: Total time for which application threads were stopped: 0,0004376 seconds, Stopping threads took: 0,0000176 seconds
2017-05-10T08:32:49.048+0200: 4,224: Total time for which application threads were stopped: 0,0001255 seconds, Stopping threads took: 0,0000442 seconds
2017-05-10T08:32:49.052+0200: 4,227: Total time for which application threads were stopped: 0,0001963 seconds, Stopping threads took: 0,0000378 seconds
2017-05-10T08:32:49.053+0200: 4,228: Total time for which application threads were stopped: 0,0001188 seconds, Stopping threads took: 0,0000493 seconds
2017-05-10T08:32:49.055+0200: 4,231: Total time for which application threads were stopped: 0,0001710 seconds, Stopping threads took: 0,0000652 seconds
2017-05-10T08:32:49.060+0200: 4,236: Total time for which application threads were stopped: 0,0001780 seconds, Stopping threads took: 0,0000702 seconds
2017-05-10T08:32:49.060+0200: 4,236: Total time for which application threads were stopped: 0,0001253 seconds, Stopping threads took: 0,0000513 seconds
2017-05-10T08:32:49.061+0200: 4,236: Total time for which application threads were stopped: 0,0000776 seconds, Stopping threads took: 0,0000176 seconds
2017-05-10T08:32:49.099+0200: 4,275: Total time for which application threads were stopped: 0,0004928 seconds, Stopping threads took: 0,0000984 seconds
2017-05-10T08:32:49.112+0200: 4,288: Total time for which application threads were stopped: 0,0003251 seconds, Stopping threads took: 0,0002220 seconds
2017-05-10T08:32:49.113+0200: 4,289: Total time for which application threads were stopped: 0,0003040 seconds, Stopping threads took: 0,0002246 seconds
2017-05-10T08:32:49.151+0200: 4,327: Total time for which application threads were stopped: 0,0031235 seconds, Stopping threads took: 0,0028488 seconds
2017-05-10T08:32:49.151+0200: 4,327: Total time for which application threads were stopped: 0,0000809 seconds, Stopping threads took: 0,0000276 seconds
2017-05-10T08:32:49.152+0200: 4,327: Total time for which application threads were stopped: 0,0000758 seconds, Stopping threads took: 0,0000184 seconds
2017-05-10T08:32:49.152+0200: 4,327: Total time for which application threads were stopped: 0,0001016 seconds, Stopping threads took: 0,0000246 seconds
2017-05-10T08:32:49.152+0200: 4,328: Total time for which application threads were stopped: 0,0000961 seconds, Stopping threads took: 0,0000285 seconds
2017-05-10T08:32:49.152+0200: 4,328: Total time for which application threads were stopped: 0,0000984 seconds, Stopping threads took: 0,0000269 seconds
2017-05-10T08:32:49.155+0200: 4,331: Total time for which application threads were stopped: 0,0026425 seconds, Stopping threads took: 0,0024710 seconds
2017-05-10T08:32:49.158+0200: 4,333: Total time for which application threads were stopped: 0,0001486 seconds, Stopping threads took: 0,0000436 seconds
2017-05-10T08:32:49.161+0200: 4,337: Total time for which application threads were stopped: 0,0001733 seconds, Stopping threads took: 0,0000628 seconds
2017-05-10T08:32:49.166+0200: 4,342: Total time for which application threads were stopped: 0,0001508 seconds, Stopping threads took: 0,0000645 seconds
2017-05-10T08:32:49.170+0200: 4,346: Total time for which application threads were stopped: 0,0001277 seconds, Stopping threads took: 0,0000237 seconds
2017-05-10T08:32:49.209+0200: 4,384: Total time for which application threads were stopped: 0,0001474 seconds, Stopping threads took: 0,0000628 seconds
2017-05-10T08:32:49.234+0200: 4,409: Total time for which application threads were stopped: 0,0002923 seconds, Stopping threads took: 0,0002186 seconds
2017-05-10T08:32:49.240+0200: 4,416: Total time for which application threads were stopped: 0,0001176 seconds, Stopping threads took: 0,0000490 seconds
2017-05-10T08:32:49.249+0200: 4,425: Total time for which application threads were stopped: 0,0001045 seconds, Stopping threads took: 0,0000336 seconds
2017-05-10T08:32:49.249+0200: 4,425: Total time for which application threads were stopped: 0,0003392 seconds, Stopping threads took: 0,0000106 seconds
2017-05-10T08:32:49.251+0200: 4,426: Total time for which application threads were stopped: 0,0009470 seconds, Stopping threads took: 0,0009053 seconds
2017-05-10T08:32:49.255+0200: 4,431: Total time for which application threads were stopped: 0,0001187 seconds, Stopping threads took: 0,0000344 seconds
2017-05-10T08:32:50.255+0200: 5,431: Total time for which application threads were stopped: 0,0000818 seconds, Stopping threads took: 0,0000236 seconds
2017-05-10T08:33:17.263+0200: 32,438: Total time for which application threads were stopped: 0,0002359 seconds, Stopping threads took: 0,0000880 seconds
2017-05-10T08:34:42.273+0200: 117,448: Total time for which application threads were stopped: 0,0001131 seconds, Stopping threads took: 0,0000424 seconds
2017-05-10T08:34:47.273+0200: 122,449: Total time for which application threads were stopped: 0,0000640 seconds, Stopping threads took: 0,0000164 seconds
2017-05-10T08:35:12.276+0200: 147,452: Total time for which application threads were stopped: 0,0000868 seconds, Stopping threads took: 0,0000390 seconds
2017-05-10T08:35:21.277+0200: 156,453: Total time for which application threads were stopped: 0,0000857 seconds, Stopping threads took: 0,0000325 seconds
2017-05-10T08:35:41.279+0200: 176,455: Total time for which application threads were stopped: 0,0002971 seconds, Stopping threads took: 0,0000583 seconds
2017-05-10T08:35:46.280+0200: 181,456: Total time for which application threads were stopped: 0,0000649 seconds, Stopping threads took: 0,0000162 seconds
2017-05-10T08:37:12.288+0200: 267,464: Total time for which application threads were stopped: 0,0000803 seconds, Stopping threads took: 0,0000305 seconds
2017-05-10T08:37:21.289+0200: 276,465: Total time for which application threads were stopped: 0,0001551 seconds, Stopping threads took: 0,0000520 seconds
2017-05-10T08:56:11.409+0200: 1406,585: Total time for which application threads were stopped: 0,0000918 seconds, Stopping threads took: 0,0000343 seconds
2017-05-10T09:00:56.440+0200: 1691,616: Total time for which application threads were stopped: 0,0001373 seconds, Stopping threads took: 0,0000511 seconds
2017-05-10T09:11:06.510+0200: 2301,685: Total time for which application threads were stopped: 0,0001175 seconds, Stopping threads took: 0,0000423 seconds
2017-05-10T09:11:07.510+0200: 2302,686: Total time for which application threads were stopped: 0,0000635 seconds, Stopping threads took: 0,0000150 seconds
2017-05-10T09:26:02.613+0200: 3197,789: Total time for which application threads were stopped: 0,0000930 seconds, Stopping threads took: 0,0000387 seconds
2017-05-10T09:37:21.705+0200: 3876,881: Total time for which application threads were stopped: 0,0000882 seconds, Stopping threads took: 0,0000345 seconds
2017-05-10T09:37:36.707+0200: 3891,883: Total time for which application threads were stopped: 0,0000895 seconds, Stopping threads took: 0,0000334 seconds
2017-05-10T09:52:27.824+0200: 4783,000: Total time for which application threads were stopped: 0,0000784 seconds, Stopping threads took: 0,0000314 seconds
2017-05-10T09:52:37.826+0200: 4793,002: Total time for which application threads were stopped: 0,0000687 seconds, Stopping threads took: 0,0000164 seconds
2017-05-10T10:29:07.116+0200: 6982,292: Total time for which application threads were stopped: 0,0000880 seconds, Stopping threads took: 0,0000333 seconds
2017-05-10T10:34:47.153+0200: 7322,329: Total time for which application threads were stopped: 0,0000859 seconds, Stopping threads took: 0,0000323 seconds
2017-05-10T10:40:47.200+0200: 7682,375: Total time for which application threads were stopped: 0,0000787 seconds, Stopping threads took: 0,0000316 seconds
2017-05-10T11:45:16.612+0200: 11551,788: Total time for which application threads were stopped: 0,0000988 seconds, Stopping threads took: 0,0000399 seconds
2017-05-10T12:48:47.024+0200: 15362,200: Total time for which application threads were stopped: 0,0000916 seconds, Stopping threads took: 0,0000351 seconds
2017-05-10T12:55:43.069+0200: 15778,245: Total time for which application threads were stopped: 0,0003283 seconds, Stopping threads took: 0,0000765 seconds
2017-05-10T13:10:18.158+0200: 16653,334: Total time for which application threads were stopped: 0,0001848 seconds, Stopping threads took: 0,0000662 seconds
2017-05-10T13:19:23.209+0200: 17198,385: Total time for which application threads were stopped: 0,0392812 seconds, Stopping threads took: 0,0391825 seconds
2017-05-10T13:19:23.213+0200: 17198,388: Total time for which application threads were stopped: 0,0016676 seconds, Stopping threads took: 0,0015906 seconds
2017-05-10T13:19:23.214+0200: 17198,390: Total time for which application threads were stopped: 0,0000881 seconds, Stopping threads took: 0,0000243 seconds
2017-05-10T13:19:23.218+0200: 17198,393: Total time for which application threads were stopped: 0,0000861 seconds, Stopping threads took: 0,0000252 seconds
2017-05-10T13:19:23.218+0200: 17198,394: Total time for which application threads were stopped: 0,0000419 seconds, Stopping threads took: 0,0000113 seconds
2017-05-10T13:19:23.218+0200: 17198,394: Total time for which application threads were stopped: 0,0001758 seconds, Stopping threads took: 0,0000530 seconds
2017-05-10T13:19:23.219+0200: 17198,394: Total time for which application threads were stopped: 0,0002776 seconds, Stopping threads took: 0,0000552 seconds
2017-05-10T13:19:23.219+0200: 17198,395: Total time for which application threads were stopped: 0,0001580 seconds, Stopping threads took: 0,0000458 seconds
2017-05-10T13:19:23.219+0200: 17198,395: Total time for which application threads were stopped: 0,0001208 seconds, Stopping threads took: 0,0000406 seconds
2017-05-10T13:19:23.219+0200: 17198,395: Total time for which application threads were stopped: 0,0000995 seconds, Stopping threads took: 0,0000207 seconds
2017-05-10T13:19:23.220+0200: 17198,396: Total time for which application threads were stopped: 0,0003088 seconds, Stopping threads took: 0,0001450 seconds
2017-05-10T13:19:23.220+0200: 17198,396: Total time for which application threads were stopped: 0,0004566 seconds, Stopping threads took: 0,0004130 seconds
2017-05-10T13:19:23.221+0200: 17198,396: Total time for which application threads were stopped: 0,0000577 seconds, Stopping threads took: 0,0000066 seconds
2017-05-10T13:19:23.221+0200: 17198,396: Total time for which application threads were stopped: 0,0000533 seconds, Stopping threads took: 0,0000058 seconds
2017-05-10T13:19:23.221+0200: 17198,397: Total time for which application threads were stopped: 0,0000515 seconds, Stopping threads took: 0,0000138 seconds
2017-05-10T13:19:23.221+0200: 17198,397: Total time for which application threads were stopped: 0,0000557 seconds, Stopping threads took: 0,0000054 seconds
2017-05-10T13:19:23.221+0200: 17198,397: Total time for which application threads were stopped: 0,0000505 seconds, Stopping threads took: 0,0000161 seconds
2017-05-10T13:19:23.221+0200: 17198,397: Total time for which application threads were stopped: 0,0000504 seconds, Stopping threads took: 0,0000046 seconds
2017-05-10T13:19:23.221+0200: 17198,397: Total time for which application threads were stopped: 0,0000508 seconds, Stopping threads took: 0,0000193 seconds
2017-05-10T13:19:23.222+0200: 17198,398: Total time for which application threads were stopped: 0,0000909 seconds, Stopping threads took: 0,0000166 seconds
2017-05-10T13:19:23.222+0200: 17198,398: Total time for which application threads were stopped: 0,0000614 seconds, Stopping threads took: 0,0000099 seconds
2017-05-10T13:19:23.222+0200: 17198,398: Total time for which application threads were stopped: 0,0000379 seconds, Stopping threads took: 0,0000060 seconds
2017-05-10T13:19:23.222+0200: 17198,398: Total time for which application threads were stopped: 0,0000363 seconds, Stopping threads took: 0,0000048 seconds
2017-05-10T13:19:23.223+0200: 17198,398: Total time for which application threads were stopped: 0,0000678 seconds, Stopping threads took: 0,0000193 seconds
2017-05-10T13:19:23.223+0200: 17198,399: Total time for which application threads were stopped: 0,0004788 seconds, Stopping threads took: 0,0004290 seconds
2017-05-10T13:19:23.223+0200: 17198,399: Total time for which application threads were stopped: 0,0000563 seconds, Stopping threads took: 0,0000059 seconds
2017-05-10T13:19:23.224+0200: 17198,399: Total time for which application threads were stopped: 0,0004792 seconds, Stopping threads took: 0,0004370 seconds
2017-05-10T13:19:23.224+0200: 17198,400: Total time for which application threads were stopped: 0,0000527 seconds, Stopping threads took: 0,0000185 seconds
2017-05-10T13:19:23.225+0200: 17198,401: Total time for which application threads were stopped: 0,0000864 seconds, Stopping threads took: 0,0000111 seconds
2017-05-10T13:19:23.225+0200: 17198,401: Total time for which application threads were stopped: 0,0000569 seconds, Stopping threads took: 0,0000059 seconds
2017-05-10T13:19:23.233+0200: 17198,408: Total time for which application threads were stopped: 0,0001133 seconds, Stopping threads took: 0,0000398 seconds
2017-05-10T13:19:23.234+0200: 17198,410: Total time for which application threads were stopped: 0,0000966 seconds, Stopping threads took: 0,0000167 seconds
2017-05-10T13:19:23.235+0200: 17198,410: Total time for which application threads were stopped: 0,0000513 seconds, Stopping threads took: 0,0000075 seconds
2017-05-10T13:19:23.235+0200: 17198,410: Total time for which application threads were stopped: 0,0000364 seconds, Stopping threads took: 0,0000051 seconds
2017-05-10T13:19:23.235+0200: 17198,411: Total time for which application threads were stopped: 0,0000395 seconds, Stopping threads took: 0,0000060 seconds
2017-05-10T13:19:23.235+0200: 17198,411: Total time for which application threads were stopped: 0,0000357 seconds, Stopping threads took: 0,0000047 seconds
2017-05-10T13:19:23.235+0200: 17198,411: Total time for which application threads were stopped: 0,0000347 seconds, Stopping threads took: 0,0000053 seconds
2017-05-10T13:19:23.235+0200: 17198,411: Total time for which application threads were stopped: 0,0000338 seconds, Stopping threads took: 0,0000046 seconds
2017-05-10T13:19:23.235+0200: 17198,411: Total time for which application threads were stopped: 0,0000314 seconds, Stopping threads took: 0,0000042 seconds
2017-05-10T13:19:23.235+0200: 17198,411: Total time for which application threads were stopped: 0,0000351 seconds, Stopping threads took: 0,0000043 seconds
2017-05-10T13:19:23.238+0200: 17198,414: Total time for which application threads were stopped: 0,0000964 seconds, Stopping threads took: 0,0000306 seconds
2017-05-10T13:19:23.238+0200: 17198,414: Total time for which application threads were stopped: 0,0000563 seconds, Stopping threads took: 0,0000194 seconds
2017-05-10T13:19:23.238+0200: 17198,414: Total time for which application threads were stopped: 0,0000741 seconds, Stopping threads took: 0,0000257 seconds
2017-05-10T13:19:23.238+0200: 17198,414: Total time for which application threads were stopped: 0,0000465 seconds, Stopping threads took: 0,0000131 seconds
2017-05-10T13:19:23.238+0200: 17198,414: Total time for which application threads were stopped: 0,0000501 seconds, Stopping threads took: 0,0000182 seconds
2017-05-10T13:19:23.245+0200: 17198,421: Total time for which application threads were stopped: 0,0001013 seconds, Stopping threads took: 0,0000264 seconds
2017-05-10T13:19:23.246+0200: 17198,421: Total time for which application threads were stopped: 0,0000526 seconds, Stopping threads took: 0,0000139 seconds
2017-05-10T13:19:23.246+0200: 17198,421: Total time for which application threads were stopped: 0,0000480 seconds, Stopping threads took: 0,0000132 seconds
2017-05-10T13:19:23.246+0200: 17198,421: Total time for which application threads were stopped: 0,0000415 seconds, Stopping threads took: 0,0000127 seconds
2017-05-10T13:19:23.247+0200: 17198,422: Total time for which application threads were stopped: 0,0001095 seconds, Stopping threads took: 0,0000261 seconds
2017-05-10T13:19:23.247+0200: 17198,423: Total time for which application threads were stopped: 0,0000519 seconds, Stopping threads took: 0,0000149 seconds
2017-05-10T13:19:23.247+0200: 17198,423: Total time for which application threads were stopped: 0,0000459 seconds, Stopping threads took: 0,0000147 seconds
2017-05-10T13:19:23.247+0200: 17198,423: Total time for which application threads were stopped: 0,0000531 seconds, Stopping threads took: 0,0000151 seconds
2017-05-10T13:19:23.247+0200: 17198,423: Total time for which application threads were stopped: 0,0000493 seconds, Stopping threads took: 0,0000161 seconds
2017-05-10T13:19:23.249+0200: 17198,425: Total time for which application threads were stopped: 0,0001405 seconds, Stopping threads took: 0,0000438 seconds
2017-05-10T13:19:23.252+0200: 17198,428: Total time for which application threads were stopped: 0,0001071 seconds, Stopping threads took: 0,0000480 seconds
2017-05-10T13:19:23.252+0200: 17198,428: Total time for which application threads were stopped: 0,0000745 seconds, Stopping threads took: 0,0000331 seconds
2017-05-10T13:19:23.253+0200: 17198,429: Total time for which application threads were stopped: 0,0000822 seconds, Stopping threads took: 0,0000283 seconds
2017-05-10T13:19:23.254+0200: 17198,429: Total time for which application threads were stopped: 0,0002520 seconds, Stopping threads took: 0,0002050 seconds
2017-05-10T13:19:23.264+0200: 17198,440: Total time for which application threads were stopped: 0,0102306 seconds, Stopping threads took: 0,0101611 seconds
2017-05-10T13:19:23.266+0200: 17198,442: Total time for which application threads were stopped: 0,0013135 seconds, Stopping threads took: 0,0012311 seconds
2017-05-10T13:19:23.267+0200: 17198,443: Total time for which application threads were stopped: 0,0010527 seconds, Stopping threads took: 0,0009925 seconds
2017-05-10T13:19:23.268+0200: 17198,443: Total time for which application threads were stopped: 0,0000771 seconds, Stopping threads took: 0,0000236 seconds
2017-05-10T13:19:23.268+0200: 17198,444: Total time for which application threads were stopped: 0,0000621 seconds, Stopping threads took: 0,0000171 seconds
2017-05-10T13:19:23.269+0200: 17198,445: Total time for which application threads were stopped: 0,0003139 seconds, Stopping threads took: 0,0002614 seconds
2017-05-10T13:19:23.269+0200: 17198,445: Total time for which application threads were stopped: 0,0000430 seconds, Stopping threads took: 0,0000168 seconds
2017-05-10T13:19:23.270+0200: 17198,445: Total time for which application threads were stopped: 0,0004392 seconds, Stopping threads took: 0,0002741 seconds
2017-05-10T13:19:23.271+0200: 17198,446: Total time for which application threads were stopped: 0,0000849 seconds, Stopping threads took: 0,0000285 seconds
2017-05-10T13:19:23.272+0200: 17198,447: Total time for which application threads were stopped: 0,0001173 seconds, Stopping threads took: 0,0000389 seconds
2017-05-10T13:19:23.273+0200: 17198,448: Total time for which application threads were stopped: 0,0000709 seconds, Stopping threads took: 0,0000143 seconds
2017-05-10T13:19:23.273+0200: 17198,449: Total time for which application threads were stopped: 0,0000775 seconds, Stopping threads took: 0,0000161 seconds
Heap
 par new generation   total 109248K, used 58572K [0x00000000e0000000, 0x00000000e8000000, 0x00000000e8000000)
  eden space 87424K,  60% used [0x00000000e0000000, 0x00000000e33acd60, 0x00000000e5560000)
  from space 21824K,  25% used [0x00000000e5560000, 0x00000000e5ae6680, 0x00000000e6ab0000)
  to   space 21824K,   0% used [0x00000000e6ab0000, 0x00000000e6ab0000, 0x00000000e8000000)
 concurrent mark-sweep generation total 393216K, used 6792K [0x00000000e8000000, 0x0000000100000000, 0x0000000100000000)
 Metaspace       used 28189K, capacity 28712K, committed 29048K, reserved 1075200K
  class space    used 3227K, capacity 3423K, committed 3452K, reserved 1048576K
