OpenJDK 64-Bit Server VM (25.121-b13) for linux-amd64 JRE (1.8.0_121-8u121-b13-0ubuntu1.16.04.2-b13), built on Jan 23 2017 15:51:29 by "buildd" with gcc 5.4.0 20160609
Memory: 4k page, physical 7867760k(7377300k free), swap 8076284k(8076284k free)
CommandLine flags: -XX:CMSInitiatingOccupancyFraction=50 -XX:CMSMaxAbortablePrecleanTime=6000 -XX:+CMSParallelRemarkEnabled -XX:+CMSScavengeBeforeRemark -XX:ConcGCThreads=4 -XX:InitialHeapSize=536870912 -XX:MaxHeapSize=536870912 -XX:MaxTenuringThreshold=8 -XX:NewRatio=3 -XX:OldPLABSize=16 -XX:OnOutOfMemoryError=/opt/solr/bin/oom_solr.sh 8983 /var/solr/logs -XX:ParallelGCThreads=4 -XX:+ParallelRefProcEnabled -XX:PretenureSizeThreshold=67108864 -XX:+PrintGC -XX:+PrintGCApplicationStoppedTime -XX:+PrintGCDateStamps -XX:+PrintGCDetails -XX:+PrintGCTimeStamps -XX:+PrintHeapAtGC -XX:+PrintTenuringDistribution -XX:SurvivorRatio=4 -XX:TargetSurvivorRatio=90 -XX:ThreadStackSize=256 -XX:+UseCMSInitiatingOccupancyOnly -XX:+UseCompressedClassPointers -XX:+UseCompressedOops -XX:+UseConcMarkSweepGC -XX:+UseParNewGC 
2017-03-21T21:56:03.859+0100: 0,169: Total time for which application threads were stopped: 0,0000866 seconds, Stopping threads took: 0,0000113 seconds
2017-03-21T21:56:04.013+0100: 0,323: Total time for which application threads were stopped: 0,0008807 seconds, Stopping threads took: 0,0007727 seconds
2017-03-21T21:56:04.042+0100: 0,352: Total time for which application threads were stopped: 0,0000940 seconds, Stopping threads took: 0,0000094 seconds
2017-03-21T21:56:04.406+0100: 0,715: Total time for which application threads were stopped: 0,0001148 seconds, Stopping threads took: 0,0000130 seconds
2017-03-21T21:56:05.167+0100: 1,477: Total time for which application threads were stopped: 0,0001482 seconds, Stopping threads took: 0,0000211 seconds
2017-03-21T21:56:05.355+0100: 1,665: Total time for which application threads were stopped: 0,0002209 seconds, Stopping threads took: 0,0000296 seconds
2017-03-21T21:56:05.404+0100: 1,714: Total time for which application threads were stopped: 0,0001946 seconds, Stopping threads took: 0,0000367 seconds
2017-03-21T21:56:05.821+0100: 2,131: Total time for which application threads were stopped: 0,0001752 seconds, Stopping threads took: 0,0000132 seconds
2017-03-21T21:56:06.094+0100: 2,404: Total time for which application threads were stopped: 0,0002018 seconds, Stopping threads took: 0,0000121 seconds
2017-03-21T21:56:06.116+0100: 2,425: Total time for which application threads were stopped: 0,0002660 seconds, Stopping threads took: 0,0000587 seconds
2017-03-21T21:56:06.143+0100: 2,453: Total time for which application threads were stopped: 0,0002209 seconds, Stopping threads took: 0,0000193 seconds
2017-03-21T21:56:06.145+0100: 2,454: Total time for which application threads were stopped: 0,0001852 seconds, Stopping threads took: 0,0000145 seconds
2017-03-21T21:56:06.158+0100: 2,468: Total time for which application threads were stopped: 0,0001967 seconds, Stopping threads took: 0,0000154 seconds
2017-03-21T21:56:06.248+0100: 2,558: Total time for which application threads were stopped: 0,0002614 seconds, Stopping threads took: 0,0000374 seconds
2017-03-21T21:56:06.734+0100: 3,044: Total time for which application threads were stopped: 0,0009293 seconds, Stopping threads took: 0,0007106 seconds
{Heap before GC invocations=0 (full 0):
 par new generation   total 109248K, used 87424K [0x00000000e0000000, 0x00000000e8000000, 0x00000000e8000000)
  eden space 87424K, 100% used [0x00000000e0000000, 0x00000000e5560000, 0x00000000e5560000)
  from space 21824K,   0% used [0x00000000e5560000, 0x00000000e5560000, 0x00000000e6ab0000)
  to   space 21824K,   0% used [0x00000000e6ab0000, 0x00000000e6ab0000, 0x00000000e8000000)
 concurrent mark-sweep generation total 393216K, used 0K [0x00000000e8000000, 0x0000000100000000, 0x0000000100000000)
 Metaspace       used 18109K, capacity 18400K, committed 18688K, reserved 1064960K
  class space    used 2050K, capacity 2196K, committed 2304K, reserved 1048576K
2017-03-21T21:56:06.869+0100: 3,179: [GC (Allocation Failure) 2017-03-21T21:56:06.869+0100: 3,179: [ParNew
Desired survivor size 20112992 bytes, new threshold 8 (max 8)
- age   1:   12698904 bytes,   12698904 total
: 87424K->12508K(109248K), 0,0186294 secs] 87424K->12508K(502464K), 0,0187222 secs] [Times: user=0,05 sys=0,00, real=0,02 secs] 
Heap after GC invocations=1 (full 0):
 par new generation   total 109248K, used 12508K [0x00000000e0000000, 0x00000000e8000000, 0x00000000e8000000)
  eden space 87424K,   0% used [0x00000000e0000000, 0x00000000e0000000, 0x00000000e5560000)
  from space 21824K,  57% used [0x00000000e6ab0000, 0x00000000e76e7370, 0x00000000e8000000)
  to   space 21824K,   0% used [0x00000000e5560000, 0x00000000e5560000, 0x00000000e6ab0000)
 concurrent mark-sweep generation total 393216K, used 0K [0x00000000e8000000, 0x0000000100000000, 0x0000000100000000)
 Metaspace       used 18109K, capacity 18400K, committed 18688K, reserved 1064960K
  class space    used 2050K, capacity 2196K, committed 2304K, reserved 1048576K
}
2017-03-21T21:56:06.888+0100: 3,198: Total time for which application threads were stopped: 0,0209619 seconds, Stopping threads took: 0,0020224 seconds
2017-03-21T21:56:07.249+0100: 3,559: Total time for which application threads were stopped: 0,0003510 seconds, Stopping threads took: 0,0000411 seconds
2017-03-21T21:56:07.306+0100: 3,616: Total time for which application threads were stopped: 0,0016836 seconds, Stopping threads took: 0,0014080 seconds
{Heap before GC invocations=1 (full 0):
 par new generation   total 109248K, used 99932K [0x00000000e0000000, 0x00000000e8000000, 0x00000000e8000000)
  eden space 87424K, 100% used [0x00000000e0000000, 0x00000000e5560000, 0x00000000e5560000)
  from space 21824K,  57% used [0x00000000e6ab0000, 0x00000000e76e7370, 0x00000000e8000000)
  to   space 21824K,   0% used [0x00000000e5560000, 0x00000000e5560000, 0x00000000e6ab0000)
 concurrent mark-sweep generation total 393216K, used 0K [0x00000000e8000000, 0x0000000100000000, 0x0000000100000000)
 Metaspace       used 20027K, capacity 20360K, committed 20736K, reserved 1067008K
  class space    used 2295K, capacity 2468K, committed 2560K, reserved 1048576K
2017-03-21T21:56:07.311+0100: 3,621: [GC (Allocation Failure) 2017-03-21T21:56:07.312+0100: 3,621: [ParNew
Desired survivor size 20112992 bytes, new threshold 8 (max 8)
- age   1:    3613664 bytes,    3613664 total
- age   2:    6677624 bytes,   10291288 total
: 99932K->15800K(109248K), 0,0143459 secs] 99932K->15800K(502464K), 0,0144354 secs] [Times: user=0,04 sys=0,00, real=0,02 secs] 
Heap after GC invocations=2 (full 0):
 par new generation   total 109248K, used 15800K [0x00000000e0000000, 0x00000000e8000000, 0x00000000e8000000)
  eden space 87424K,   0% used [0x00000000e0000000, 0x00000000e0000000, 0x00000000e5560000)
  from space 21824K,  72% used [0x00000000e5560000, 0x00000000e64ce1c0, 0x00000000e6ab0000)
  to   space 21824K,   0% used [0x00000000e6ab0000, 0x00000000e6ab0000, 0x00000000e8000000)
 concurrent mark-sweep generation total 393216K, used 0K [0x00000000e8000000, 0x0000000100000000, 0x0000000100000000)
 Metaspace       used 20027K, capacity 20360K, committed 20736K, reserved 1067008K
  class space    used 2295K, capacity 2468K, committed 2560K, reserved 1048576K
}
2017-03-21T21:56:07.326+0100: 3,636: Total time for which application threads were stopped: 0,0146389 seconds, Stopping threads took: 0,0000377 seconds
2017-03-21T21:56:07.370+0100: 3,680: Total time for which application threads were stopped: 0,0085710 seconds, Stopping threads took: 0,0082613 seconds
2017-03-21T21:56:07.544+0100: 3,854: Total time for which application threads were stopped: 0,0002940 seconds, Stopping threads took: 0,0001400 seconds
{Heap before GC invocations=2 (full 0):
 par new generation   total 109248K, used 103224K [0x00000000e0000000, 0x00000000e8000000, 0x00000000e8000000)
  eden space 87424K, 100% used [0x00000000e0000000, 0x00000000e5560000, 0x00000000e5560000)
  from space 21824K,  72% used [0x00000000e5560000, 0x00000000e64ce1c0, 0x00000000e6ab0000)
  to   space 21824K,   0% used [0x00000000e6ab0000, 0x00000000e6ab0000, 0x00000000e8000000)
 concurrent mark-sweep generation total 393216K, used 0K [0x00000000e8000000, 0x0000000100000000, 0x0000000100000000)
 Metaspace       used 20936K, capacity 21288K, committed 21552K, reserved 1069056K
  class space    used 2425K, capacity 2588K, committed 2608K, reserved 1048576K
2017-03-21T21:56:07.563+0100: 3,872: [GC (Allocation Failure) 2017-03-21T21:56:07.563+0100: 3,872: [ParNew
Desired survivor size 20112992 bytes, new threshold 8 (max 8)
- age   1:    2309704 bytes,    2309704 total
- age   2:     846528 bytes,    3156232 total
- age   3:    6674040 bytes,    9830272 total
: 103224K->12340K(109248K), 0,0112128 secs] 103224K->12340K(502464K), 0,0112935 secs] [Times: user=0,03 sys=0,00, real=0,01 secs] 
Heap after GC invocations=3 (full 0):
 par new generation   total 109248K, used 12340K [0x00000000e0000000, 0x00000000e8000000, 0x00000000e8000000)
  eden space 87424K,   0% used [0x00000000e0000000, 0x00000000e0000000, 0x00000000e5560000)
  from space 21824K,  56% used [0x00000000e6ab0000, 0x00000000e76bd228, 0x00000000e8000000)
  to   space 21824K,   0% used [0x00000000e5560000, 0x00000000e5560000, 0x00000000e6ab0000)
 concurrent mark-sweep generation total 393216K, used 0K [0x00000000e8000000, 0x0000000100000000, 0x0000000100000000)
 Metaspace       used 20936K, capacity 21288K, committed 21552K, reserved 1069056K
  class space    used 2425K, capacity 2588K, committed 2608K, reserved 1048576K
}
2017-03-21T21:56:07.574+0100: 3,884: Total time for which application threads were stopped: 0,0115035 seconds, Stopping threads took: 0,0000808 seconds
2017-03-21T21:56:07.574+0100: 3,884: [GC (CMS Initial Mark) [1 CMS-initial-mark: 0K(393216K)] 13136K(502464K), 0,0046484 secs] [Times: user=0,01 sys=0,00, real=0,01 secs] 
2017-03-21T21:56:07.579+0100: 3,889: Total time for which application threads were stopped: 0,0047697 seconds, Stopping threads took: 0,0000349 seconds
2017-03-21T21:56:07.579+0100: 3,889: [CMS-concurrent-mark-start]
2017-03-21T21:56:07.585+0100: 3,895: [CMS-concurrent-mark: 0,007/0,007 secs] [Times: user=0,02 sys=0,00, real=0,00 secs] 
2017-03-21T21:56:07.585+0100: 3,895: [CMS-concurrent-preclean-start]
2017-03-21T21:56:07.587+0100: 3,896: [CMS-concurrent-preclean: 0,001/0,001 secs] [Times: user=0,01 sys=0,00, real=0,01 secs] 
2017-03-21T21:56:07.587+0100: 3,897: [CMS-concurrent-abortable-preclean-start]
2017-03-21T21:56:07.758+0100: 4,068: Total time for which application threads were stopped: 0,0043243 seconds, Stopping threads took: 0,0040540 seconds
2017-03-21T21:56:07.758+0100: 4,068: [CMS-concurrent-abortable-preclean: 0,152/0,172 secs] [Times: user=0,51 sys=0,00, real=0,17 secs] 
2017-03-21T21:56:07.759+0100: 4,068: [GC (CMS Final Remark) [YG occupancy: 95670 K (109248 K)]{Heap before GC invocations=3 (full 1):
 par new generation   total 109248K, used 95670K [0x00000000e0000000, 0x00000000e8000000, 0x00000000e8000000)
  eden space 87424K,  95% used [0x00000000e0000000, 0x00000000e51606b0, 0x00000000e5560000)
  from space 21824K,  56% used [0x00000000e6ab0000, 0x00000000e76bd228, 0x00000000e8000000)
  to   space 21824K,   0% used [0x00000000e5560000, 0x00000000e5560000, 0x00000000e6ab0000)
 concurrent mark-sweep generation total 393216K, used 0K [0x00000000e8000000, 0x0000000100000000, 0x0000000100000000)
 Metaspace       used 21178K, capacity 21564K, committed 21628K, reserved 1069056K
  class space    used 2445K, capacity 2603K, committed 2608K, reserved 1048576K
2017-03-21T21:56:07.759+0100: 4,068: [GC (CMS Final Remark) 2017-03-21T21:56:07.759+0100: 4,068: [ParNew
Desired survivor size 20112992 bytes, new threshold 8 (max 8)
- age   1:    1065464 bytes,    1065464 total
- age   2:    1448392 bytes,    2513856 total
- age   3:     815136 bytes,    3328992 total
- age   4:    6673408 bytes,   10002400 total
: 95670K->14562K(109248K), 0,0200500 secs] 95670K->14562K(502464K), 0,0201011 secs] [Times: user=0,05 sys=0,00, real=0,02 secs] 
Heap after GC invocations=4 (full 1):
 par new generation   total 109248K, used 14562K [0x00000000e0000000, 0x00000000e8000000, 0x00000000e8000000)
  eden space 87424K,   0% used [0x00000000e0000000, 0x00000000e0000000, 0x00000000e5560000)
  from space 21824K,  66% used [0x00000000e5560000, 0x00000000e6398818, 0x00000000e6ab0000)
  to   space 21824K,   0% used [0x00000000e6ab0000, 0x00000000e6ab0000, 0x00000000e8000000)
 concurrent mark-sweep generation total 393216K, used 0K [0x00000000e8000000, 0x0000000100000000, 0x0000000100000000)
 Metaspace       used 21178K, capacity 21564K, committed 21628K, reserved 1069056K
  class space    used 2445K, capacity 2603K, committed 2608K, reserved 1048576K
}
2017-03-21T21:56:07.779+0100: 4,089: [Rescan (parallel) , 0,0063418 secs]2017-03-21T21:56:07.785+0100: 4,095: [weak refs processing, 0,0015656 secs]2017-03-21T21:56:07.787+0100: 4,097: [class unloading, 0,0029177 secs]2017-03-21T21:56:07.790+0100: 4,099: [scrub symbol table, 0,0035146 secs]2017-03-21T21:56:07.793+0100: 4,103: [scrub string table, 0,0003764 secs][1 CMS-remark: 0K(393216K)] 14562K(502464K), 0,0355283 secs] [Times: user=0,07 sys=0,00, real=0,03 secs] 
2017-03-21T21:56:07.794+0100: 4,104: Total time for which application threads were stopped: 0,0356740 seconds, Stopping threads took: 0,0000564 seconds
2017-03-21T21:56:07.794+0100: 4,104: [CMS-concurrent-sweep-start]
2017-03-21T21:56:07.794+0100: 4,104: [CMS-concurrent-sweep: 0,000/0,000 secs] [Times: user=0,00 sys=0,00, real=0,00 secs] 
2017-03-21T21:56:07.794+0100: 4,104: [CMS-concurrent-reset-start]
2017-03-21T21:56:07.796+0100: 4,106: [CMS-concurrent-reset: 0,002/0,002 secs] [Times: user=0,00 sys=0,01, real=0,00 secs] 
2017-03-21T21:56:07.808+0100: 4,118: Total time for which application threads were stopped: 0,0001539 seconds, Stopping threads took: 0,0000621 seconds
2017-03-21T21:56:07.824+0100: 4,134: Total time for which application threads were stopped: 0,0017574 seconds, Stopping threads took: 0,0016778 seconds
2017-03-21T21:56:07.824+0100: 4,134: Total time for which application threads were stopped: 0,0002582 seconds, Stopping threads took: 0,0001993 seconds
2017-03-21T21:56:07.827+0100: 4,137: Total time for which application threads were stopped: 0,0002692 seconds, Stopping threads took: 0,0002026 seconds
2017-03-21T21:56:07.876+0100: 4,186: Total time for which application threads were stopped: 0,0011137 seconds, Stopping threads took: 0,0010093 seconds
2017-03-21T21:56:07.876+0100: 4,186: Total time for which application threads were stopped: 0,0000604 seconds, Stopping threads took: 0,0000148 seconds
2017-03-21T21:56:07.878+0100: 4,188: Total time for which application threads were stopped: 0,0015960 seconds, Stopping threads took: 0,0015053 seconds
2017-03-21T21:56:07.886+0100: 4,196: Total time for which application threads were stopped: 0,0001817 seconds, Stopping threads took: 0,0000659 seconds
2017-03-21T21:56:07.886+0100: 4,196: Total time for which application threads were stopped: 0,0000827 seconds, Stopping threads took: 0,0000255 seconds
2017-03-21T21:56:07.894+0100: 4,204: Total time for which application threads were stopped: 0,0040738 seconds, Stopping threads took: 0,0039805 seconds
2017-03-21T21:56:07.895+0100: 4,205: Total time for which application threads were stopped: 0,0001949 seconds, Stopping threads took: 0,0001140 seconds
2017-03-21T21:56:07.897+0100: 4,206: Total time for which application threads were stopped: 0,0001254 seconds, Stopping threads took: 0,0000470 seconds
2017-03-21T21:56:07.897+0100: 4,207: Total time for which application threads were stopped: 0,0000569 seconds, Stopping threads took: 0,0000265 seconds
{Heap before GC invocations=4 (full 1):
 par new generation   total 109248K, used 101986K [0x00000000e0000000, 0x00000000e8000000, 0x00000000e8000000)
  eden space 87424K, 100% used [0x00000000e0000000, 0x00000000e5560000, 0x00000000e5560000)
  from space 21824K,  66% used [0x00000000e5560000, 0x00000000e6398818, 0x00000000e6ab0000)
  to   space 21824K,   0% used [0x00000000e6ab0000, 0x00000000e6ab0000, 0x00000000e8000000)
 concurrent mark-sweep generation total 393216K, used 0K [0x00000000e8000000, 0x0000000100000000, 0x0000000100000000)
 Metaspace       used 21350K, capacity 21730K, committed 22012K, reserved 1069056K
  class space    used 2467K, capacity 2636K, committed 2736K, reserved 1048576K
2017-03-21T21:56:07.912+0100: 4,222: [GC (Allocation Failure) 2017-03-21T21:56:07.912+0100: 4,222: [ParNew
Desired survivor size 20112992 bytes, new threshold 8 (max 8)
- age   1:     962128 bytes,     962128 total
- age   2:     168216 bytes,    1130344 total
- age   3:    1447784 bytes,    2578128 total
- age   4:     813184 bytes,    3391312 total
- age   5:    6673384 bytes,   10064696 total
: 101986K->12922K(109248K), 0,0215905 secs] 101986K->12922K(502464K), 0,0216634 secs] [Times: user=0,06 sys=0,00, real=0,02 secs] 
Heap after GC invocations=5 (full 1):
 par new generation   total 109248K, used 12922K [0x00000000e0000000, 0x00000000e8000000, 0x00000000e8000000)
  eden space 87424K,   0% used [0x00000000e0000000, 0x00000000e0000000, 0x00000000e5560000)
  from space 21824K,  59% used [0x00000000e6ab0000, 0x00000000e774e940, 0x00000000e8000000)
  to   space 21824K,   0% used [0x00000000e5560000, 0x00000000e5560000, 0x00000000e6ab0000)
 concurrent mark-sweep generation total 393216K, used 0K [0x00000000e8000000, 0x0000000100000000, 0x0000000100000000)
 Metaspace       used 21350K, capacity 21730K, committed 22012K, reserved 1069056K
  class space    used 2467K, capacity 2636K, committed 2736K, reserved 1048576K
}
2017-03-21T21:56:07.933+0100: 4,243: Total time for which application threads were stopped: 0,0218713 seconds, Stopping threads took: 0,0000671 seconds
2017-03-21T21:56:07.948+0100: 4,258: Total time for which application threads were stopped: 0,0002619 seconds, Stopping threads took: 0,0001847 seconds
2017-03-21T21:56:07.954+0100: 4,264: Total time for which application threads were stopped: 0,0001110 seconds, Stopping threads took: 0,0000286 seconds
2017-03-21T21:56:07.954+0100: 4,264: Total time for which application threads were stopped: 0,0000642 seconds, Stopping threads took: 0,0000193 seconds
2017-03-21T21:56:07.960+0100: 4,270: Total time for which application threads were stopped: 0,0002917 seconds, Stopping threads took: 0,0000213 seconds
2017-03-21T21:56:07.971+0100: 4,281: Total time for which application threads were stopped: 0,0001434 seconds, Stopping threads took: 0,0000444 seconds
2017-03-21T21:56:07.972+0100: 4,282: Total time for which application threads were stopped: 0,0000875 seconds, Stopping threads took: 0,0000247 seconds
2017-03-21T21:56:07.986+0100: 4,296: Total time for which application threads were stopped: 0,0023010 seconds, Stopping threads took: 0,0022095 seconds
2017-03-21T21:56:07.986+0100: 4,296: Total time for which application threads were stopped: 0,0001295 seconds, Stopping threads took: 0,0000909 seconds
2017-03-21T21:56:07.986+0100: 4,296: Total time for which application threads were stopped: 0,0000600 seconds, Stopping threads took: 0,0000250 seconds
2017-03-21T21:56:07.994+0100: 4,304: Total time for which application threads were stopped: 0,0031907 seconds, Stopping threads took: 0,0030909 seconds
2017-03-21T21:56:08.000+0100: 4,310: Total time for which application threads were stopped: 0,0007699 seconds, Stopping threads took: 0,0006785 seconds
2017-03-21T21:56:08.010+0100: 4,320: Total time for which application threads were stopped: 0,0001339 seconds, Stopping threads took: 0,0000318 seconds
2017-03-21T21:56:08.014+0100: 4,324: Total time for which application threads were stopped: 0,0002010 seconds, Stopping threads took: 0,0000223 seconds
2017-03-21T21:56:08.014+0100: 4,324: Total time for which application threads were stopped: 0,0000786 seconds, Stopping threads took: 0,0000218 seconds
2017-03-21T21:56:08.015+0100: 4,325: Total time for which application threads were stopped: 0,0000881 seconds, Stopping threads took: 0,0000194 seconds
2017-03-21T21:56:08.016+0100: 4,325: Total time for which application threads were stopped: 0,0000661 seconds, Stopping threads took: 0,0000188 seconds
2017-03-21T21:56:08.016+0100: 4,326: Total time for which application threads were stopped: 0,0000795 seconds, Stopping threads took: 0,0000222 seconds
2017-03-21T21:56:08.017+0100: 4,327: Total time for which application threads were stopped: 0,0000557 seconds, Stopping threads took: 0,0000139 seconds
2017-03-21T21:56:08.017+0100: 4,327: Total time for which application threads were stopped: 0,0000849 seconds, Stopping threads took: 0,0000322 seconds
2017-03-21T21:56:08.019+0100: 4,328: Total time for which application threads were stopped: 0,0001169 seconds, Stopping threads took: 0,0000483 seconds
2017-03-21T21:56:08.025+0100: 4,335: Total time for which application threads were stopped: 0,0061596 seconds, Stopping threads took: 0,0060815 seconds
2017-03-21T21:56:08.029+0100: 4,339: Total time for which application threads were stopped: 0,0001094 seconds, Stopping threads took: 0,0000393 seconds
2017-03-21T21:56:08.038+0100: 4,348: Total time for which application threads were stopped: 0,0001044 seconds, Stopping threads took: 0,0000302 seconds
2017-03-21T21:56:08.039+0100: 4,348: Total time for which application threads were stopped: 0,0000674 seconds, Stopping threads took: 0,0000223 seconds
2017-03-21T21:56:08.095+0100: 4,405: Total time for which application threads were stopped: 0,0001816 seconds, Stopping threads took: 0,0000578 seconds
2017-03-21T21:56:08.099+0100: 4,409: Total time for which application threads were stopped: 0,0001419 seconds, Stopping threads took: 0,0000528 seconds
2017-03-21T21:56:08.173+0100: 4,483: Total time for which application threads were stopped: 0,0074142 seconds, Stopping threads took: 0,0072832 seconds
2017-03-21T21:56:08.229+0100: 4,539: Total time for which application threads were stopped: 0,0001694 seconds, Stopping threads took: 0,0000679 seconds
2017-03-21T21:56:08.258+0100: 4,568: Total time for which application threads were stopped: 0,0001314 seconds, Stopping threads took: 0,0000509 seconds
2017-03-21T21:56:08.258+0100: 4,568: Total time for which application threads were stopped: 0,0000737 seconds, Stopping threads took: 0,0000314 seconds
2017-03-21T21:56:08.258+0100: 4,568: Total time for which application threads were stopped: 0,0000603 seconds, Stopping threads took: 0,0000229 seconds
2017-03-21T21:56:08.261+0100: 4,571: Total time for which application threads were stopped: 0,0000967 seconds, Stopping threads took: 0,0000275 seconds
2017-03-21T21:56:08.262+0100: 4,572: Total time for which application threads were stopped: 0,0001719 seconds, Stopping threads took: 0,0001006 seconds
2017-03-21T21:56:08.286+0100: 4,595: Total time for which application threads were stopped: 0,0001235 seconds, Stopping threads took: 0,0000272 seconds
2017-03-21T21:56:08.287+0100: 4,597: Total time for which application threads were stopped: 0,0001179 seconds, Stopping threads took: 0,0000246 seconds
2017-03-21T21:56:08.287+0100: 4,597: Total time for which application threads were stopped: 0,0000693 seconds, Stopping threads took: 0,0000224 seconds
2017-03-21T21:56:08.288+0100: 4,598: Total time for which application threads were stopped: 0,0000963 seconds, Stopping threads took: 0,0000329 seconds
2017-03-21T21:56:08.288+0100: 4,598: Total time for which application threads were stopped: 0,0001553 seconds, Stopping threads took: 0,0000193 seconds
2017-03-21T21:56:08.300+0100: 4,610: Total time for which application threads were stopped: 0,0005718 seconds, Stopping threads took: 0,0000370 seconds
2017-03-21T21:56:08.303+0100: 4,613: Total time for which application threads were stopped: 0,0001235 seconds, Stopping threads took: 0,0000428 seconds
2017-03-21T21:56:08.310+0100: 4,620: Total time for which application threads were stopped: 0,0049120 seconds, Stopping threads took: 0,0047910 seconds
2017-03-21T21:56:08.334+0100: 4,644: Total time for which application threads were stopped: 0,0089879 seconds, Stopping threads took: 0,0088746 seconds
2017-03-21T21:56:08.335+0100: 4,645: Total time for which application threads were stopped: 0,0000820 seconds, Stopping threads took: 0,0000145 seconds
2017-03-21T21:56:08.335+0100: 4,645: Total time for which application threads were stopped: 0,0000502 seconds, Stopping threads took: 0,0000061 seconds
2017-03-21T21:56:08.348+0100: 4,658: Total time for which application threads were stopped: 0,0001417 seconds, Stopping threads took: 0,0000627 seconds
2017-03-21T21:56:08.365+0100: 4,675: Total time for which application threads were stopped: 0,0003557 seconds, Stopping threads took: 0,0000200 seconds
2017-03-21T21:56:08.466+0100: 4,776: Total time for which application threads were stopped: 0,0001398 seconds, Stopping threads took: 0,0000264 seconds
2017-03-21T21:56:08.496+0100: 4,806: Total time for which application threads were stopped: 0,0003319 seconds, Stopping threads took: 0,0002558 seconds
2017-03-21T21:56:08.498+0100: 4,807: Total time for which application threads were stopped: 0,0001021 seconds, Stopping threads took: 0,0000233 seconds
2017-03-21T21:56:08.540+0100: 4,850: Total time for which application threads were stopped: 0,0001252 seconds, Stopping threads took: 0,0000398 seconds
2017-03-21T21:56:08.543+0100: 4,853: Total time for which application threads were stopped: 0,0002310 seconds, Stopping threads took: 0,0001691 seconds
2017-03-21T21:56:08.543+0100: 4,853: Total time for which application threads were stopped: 0,0000632 seconds, Stopping threads took: 0,0000237 seconds
2017-03-21T21:56:08.545+0100: 4,854: Total time for which application threads were stopped: 0,0001075 seconds, Stopping threads took: 0,0000504 seconds
2017-03-21T21:56:08.559+0100: 4,868: Total time for which application threads were stopped: 0,0015505 seconds, Stopping threads took: 0,0014569 seconds
2017-03-21T21:56:08.586+0100: 4,896: Total time for which application threads were stopped: 0,0030909 seconds, Stopping threads took: 0,0029767 seconds
2017-03-21T21:56:08.650+0100: 4,960: Total time for which application threads were stopped: 0,0001509 seconds, Stopping threads took: 0,0000572 seconds
2017-03-21T21:56:08.653+0100: 4,963: Total time for which application threads were stopped: 0,0001655 seconds, Stopping threads took: 0,0000519 seconds
2017-03-21T21:56:08.674+0100: 4,984: Total time for which application threads were stopped: 0,0001820 seconds, Stopping threads took: 0,0000832 seconds
2017-03-21T21:56:08.680+0100: 4,990: Total time for which application threads were stopped: 0,0001999 seconds, Stopping threads took: 0,0001006 seconds
2017-03-21T21:56:08.708+0100: 5,018: Total time for which application threads were stopped: 0,0027256 seconds, Stopping threads took: 0,0025995 seconds
2017-03-21T21:56:08.714+0100: 5,024: Total time for which application threads were stopped: 0,0001558 seconds, Stopping threads took: 0,0000423 seconds
2017-03-21T21:56:08.729+0100: 5,038: Total time for which application threads were stopped: 0,0013977 seconds, Stopping threads took: 0,0012630 seconds
2017-03-21T21:56:08.729+0100: 5,039: Total time for which application threads were stopped: 0,0001172 seconds, Stopping threads took: 0,0000302 seconds
2017-03-21T21:56:08.729+0100: 5,039: Total time for which application threads were stopped: 0,0001012 seconds, Stopping threads took: 0,0000256 seconds
2017-03-21T21:56:08.730+0100: 5,040: Total time for which application threads were stopped: 0,0000978 seconds, Stopping threads took: 0,0000235 seconds
2017-03-21T21:56:08.730+0100: 5,040: Total time for which application threads were stopped: 0,0001154 seconds, Stopping threads took: 0,0000188 seconds
2017-03-21T21:56:08.730+0100: 5,040: Total time for which application threads were stopped: 0,0002322 seconds, Stopping threads took: 0,0000165 seconds
{Heap before GC invocations=5 (full 1):
 par new generation   total 109248K, used 100346K [0x00000000e0000000, 0x00000000e8000000, 0x00000000e8000000)
  eden space 87424K, 100% used [0x00000000e0000000, 0x00000000e5560000, 0x00000000e5560000)
  from space 21824K,  59% used [0x00000000e6ab0000, 0x00000000e774e940, 0x00000000e8000000)
  to   space 21824K,   0% used [0x00000000e5560000, 0x00000000e5560000, 0x00000000e6ab0000)
 concurrent mark-sweep generation total 393216K, used 0K [0x00000000e8000000, 0x0000000100000000, 0x0000000100000000)
 Metaspace       used 23733K, capacity 24166K, committed 24240K, reserved 1071104K
  class space    used 2798K, capacity 2978K, committed 2992K, reserved 1048576K
2017-03-21T21:56:08.771+0100: 5,081: [GC (Allocation Failure) 2017-03-21T21:56:08.771+0100: 5,081: [ParNew
Desired survivor size 20112992 bytes, new threshold 8 (max 8)
- age   1:    5033016 bytes,    5033016 total
- age   2:     121192 bytes,    5154208 total
- age   3:     167400 bytes,    5321608 total
- age   4:     278120 bytes,    5599728 total
- age   5:     787024 bytes,    6386752 total
- age   6:    6665064 bytes,   13051816 total
: 100346K->15364K(109248K), 0,0301416 secs] 100346K->15364K(502464K), 0,0302161 secs] [Times: user=0,06 sys=0,00, real=0,03 secs] 
Heap after GC invocations=6 (full 1):
 par new generation   total 109248K, used 15364K [0x00000000e0000000, 0x00000000e8000000, 0x00000000e8000000)
  eden space 87424K,   0% used [0x00000000e0000000, 0x00000000e0000000, 0x00000000e5560000)
  from space 21824K,  70% used [0x00000000e5560000, 0x00000000e6461320, 0x00000000e6ab0000)
  to   space 21824K,   0% used [0x00000000e6ab0000, 0x00000000e6ab0000, 0x00000000e8000000)
 concurrent mark-sweep generation total 393216K, used 0K [0x00000000e8000000, 0x0000000100000000, 0x0000000100000000)
 Metaspace       used 23733K, capacity 24166K, committed 24240K, reserved 1071104K
  class space    used 2798K, capacity 2978K, committed 2992K, reserved 1048576K
}
2017-03-21T21:56:08.801+0100: 5,111: Total time for which application threads were stopped: 0,0304498 seconds, Stopping threads took: 0,0000497 seconds
2017-03-21T21:56:08.809+0100: 5,119: Total time for which application threads were stopped: 0,0002046 seconds, Stopping threads took: 0,0000629 seconds
2017-03-21T21:56:08.810+0100: 5,119: Total time for which application threads were stopped: 0,0001064 seconds, Stopping threads took: 0,0000138 seconds
{Heap before GC invocations=6 (full 1):
 par new generation   total 109248K, used 102788K [0x00000000e0000000, 0x00000000e8000000, 0x00000000e8000000)
  eden space 87424K, 100% used [0x00000000e0000000, 0x00000000e5560000, 0x00000000e5560000)
  from space 21824K,  70% used [0x00000000e5560000, 0x00000000e6461320, 0x00000000e6ab0000)
  to   space 21824K,   0% used [0x00000000e6ab0000, 0x00000000e6ab0000, 0x00000000e8000000)
 concurrent mark-sweep generation total 393216K, used 0K [0x00000000e8000000, 0x0000000100000000, 0x0000000100000000)
 Metaspace       used 24220K, capacity 24700K, committed 24880K, reserved 1071104K
  class space    used 2849K, capacity 3046K, committed 3120K, reserved 1048576K
2017-03-21T21:56:09.049+0100: 5,359: [GC (Allocation Failure) 2017-03-21T21:56:09.049+0100: 5,359: [ParNew
Desired survivor size 20112992 bytes, new threshold 8 (max 8)
- age   1:    1167384 bytes,    1167384 total
- age   2:    1819456 bytes,    2986840 total
- age   3:      53608 bytes,    3040448 total
- age   4:      84904 bytes,    3125352 total
- age   5:     189200 bytes,    3314552 total
- age   6:     737984 bytes,    4052536 total
- age   7:    6132248 bytes,   10184784 total
: 102788K->16259K(109248K), 0,1157714 secs] 102788K->16259K(502464K), 0,1158612 secs] [Times: user=0,06 sys=0,00, real=0,11 secs] 
Heap after GC invocations=7 (full 1):
 par new generation   total 109248K, used 16259K [0x00000000e0000000, 0x00000000e8000000, 0x00000000e8000000)
  eden space 87424K,   0% used [0x00000000e0000000, 0x00000000e0000000, 0x00000000e5560000)
  from space 21824K,  74% used [0x00000000e6ab0000, 0x00000000e7a90ee0, 0x00000000e8000000)
  to   space 21824K,   0% used [0x00000000e5560000, 0x00000000e5560000, 0x00000000e6ab0000)
 concurrent mark-sweep generation total 393216K, used 0K [0x00000000e8000000, 0x0000000100000000, 0x0000000100000000)
 Metaspace       used 24220K, capacity 24700K, committed 24880K, reserved 1071104K
  class space    used 2849K, capacity 3046K, committed 3120K, reserved 1048576K
}
2017-03-21T21:56:09.165+0100: 5,474: Total time for which application threads were stopped: 0,1306511 seconds, Stopping threads took: 0,0127533 seconds
2017-03-21T21:56:09.202+0100: 5,512: Total time for which application threads were stopped: 0,0002324 seconds, Stopping threads took: 0,0001496 seconds
2017-03-21T21:56:09.202+0100: 5,512: Total time for which application threads were stopped: 0,0000538 seconds, Stopping threads took: 0,0000084 seconds
2017-03-21T21:56:09.203+0100: 5,513: Total time for which application threads were stopped: 0,0001107 seconds, Stopping threads took: 0,0000580 seconds
2017-03-21T21:56:09.554+0100: 5,864: Total time for which application threads were stopped: 0,0076138 seconds, Stopping threads took: 0,0074838 seconds
{Heap before GC invocations=7 (full 1):
 par new generation   total 109248K, used 103683K [0x00000000e0000000, 0x00000000e8000000, 0x00000000e8000000)
  eden space 87424K, 100% used [0x00000000e0000000, 0x00000000e5560000, 0x00000000e5560000)
  from space 21824K,  74% used [0x00000000e6ab0000, 0x00000000e7a90ee0, 0x00000000e8000000)
  to   space 21824K,   0% used [0x00000000e5560000, 0x00000000e5560000, 0x00000000e6ab0000)
 concurrent mark-sweep generation total 393216K, used 0K [0x00000000e8000000, 0x0000000100000000, 0x0000000100000000)
 Metaspace       used 24904K, capacity 25382K, committed 25648K, reserved 1071104K
  class space    used 2906K, capacity 3080K, committed 3120K, reserved 1048576K
2017-03-21T21:56:09.557+0100: 5,867: [GC (Allocation Failure) 2017-03-21T21:56:09.557+0100: 5,867: [ParNew
Desired survivor size 20112992 bytes, new threshold 8 (max 8)
- age   1:    1833992 bytes,    1833992 total
- age   2:     145176 bytes,    1979168 total
- age   3:    1742808 bytes,    3721976 total
- age   4:      53128 bytes,    3775104 total
- age   5:      82328 bytes,    3857432 total
- age   6:     185840 bytes,    4043272 total
- age   7:     736448 bytes,    4779720 total
- age   8:    6131800 bytes,   10911520 total
: 103683K->12991K(109248K), 0,0336400 secs] 103683K->12991K(502464K), 0,0337200 secs] [Times: user=0,05 sys=0,00, real=0,04 secs] 
Heap after GC invocations=8 (full 1):
 par new generation   total 109248K, used 12991K [0x00000000e0000000, 0x00000000e8000000, 0x00000000e8000000)
  eden space 87424K,   0% used [0x00000000e0000000, 0x00000000e0000000, 0x00000000e5560000)
  from space 21824K,  59% used [0x00000000e5560000, 0x00000000e620fcb0, 0x00000000e6ab0000)
  to   space 21824K,   0% used [0x00000000e6ab0000, 0x00000000e6ab0000, 0x00000000e8000000)
 concurrent mark-sweep generation total 393216K, used 0K [0x00000000e8000000, 0x0000000100000000, 0x0000000100000000)
 Metaspace       used 24904K, capacity 25382K, committed 25648K, reserved 1071104K
  class space    used 2906K, capacity 3080K, committed 3120K, reserved 1048576K
}
2017-03-21T21:56:09.591+0100: 5,901: Total time for which application threads were stopped: 0,0339355 seconds, Stopping threads took: 0,0000419 seconds
2017-03-21T21:56:09.597+0100: 5,907: Total time for which application threads were stopped: 0,0020963 seconds, Stopping threads took: 0,0019875 seconds
2017-03-21T21:56:09.598+0100: 5,908: Total time for which application threads were stopped: 0,0001314 seconds, Stopping threads took: 0,0000339 seconds
2017-03-21T21:56:09.605+0100: 5,915: Total time for which application threads were stopped: 0,0034681 seconds, Stopping threads took: 0,0033409 seconds
2017-03-21T21:56:09.828+0100: 6,138: Total time for which application threads were stopped: 0,0002002 seconds, Stopping threads took: 0,0001008 seconds
2017-03-21T21:56:09.846+0100: 6,156: Total time for which application threads were stopped: 0,0002315 seconds, Stopping threads took: 0,0001056 seconds
2017-03-21T21:56:09.854+0100: 6,164: Total time for which application threads were stopped: 0,0001528 seconds, Stopping threads took: 0,0000369 seconds
2017-03-21T21:56:09.855+0100: 6,165: Total time for which application threads were stopped: 0,0001248 seconds, Stopping threads took: 0,0000285 seconds
2017-03-21T21:56:09.882+0100: 6,191: Total time for which application threads were stopped: 0,0001612 seconds, Stopping threads took: 0,0000427 seconds
2017-03-21T21:56:09.906+0100: 6,216: Total time for which application threads were stopped: 0,0001583 seconds, Stopping threads took: 0,0000331 seconds
2017-03-21T21:56:09.970+0100: 6,280: Total time for which application threads were stopped: 0,0035535 seconds, Stopping threads took: 0,0034486 seconds
2017-03-21T21:56:09.986+0100: 6,296: Total time for which application threads were stopped: 0,0004922 seconds, Stopping threads took: 0,0000414 seconds
2017-03-21T21:56:10.012+0100: 6,322: Total time for which application threads were stopped: 0,0004645 seconds, Stopping threads took: 0,0000317 seconds
2017-03-21T21:56:10.246+0100: 6,555: Total time for which application threads were stopped: 0,0004243 seconds, Stopping threads took: 0,0000317 seconds
2017-03-21T21:56:10.248+0100: 6,558: Total time for which application threads were stopped: 0,0003109 seconds, Stopping threads took: 0,0002140 seconds
2017-03-21T21:56:10.248+0100: 6,558: Total time for which application threads were stopped: 0,0001909 seconds, Stopping threads took: 0,0000175 seconds
2017-03-21T21:56:10.269+0100: 6,579: Total time for which application threads were stopped: 0,0001020 seconds, Stopping threads took: 0,0000316 seconds
2017-03-21T21:56:10.273+0100: 6,583: Total time for which application threads were stopped: 0,0001314 seconds, Stopping threads took: 0,0000307 seconds
2017-03-21T21:56:10.300+0100: 6,610: Total time for which application threads were stopped: 0,0001537 seconds, Stopping threads took: 0,0000365 seconds
2017-03-21T21:56:10.301+0100: 6,611: Total time for which application threads were stopped: 0,0001118 seconds, Stopping threads took: 0,0000280 seconds
2017-03-21T21:56:10.317+0100: 6,627: Total time for which application threads were stopped: 0,0001161 seconds, Stopping threads took: 0,0000396 seconds
2017-03-21T21:56:10.372+0100: 6,682: Total time for which application threads were stopped: 0,0062406 seconds, Stopping threads took: 0,0061378 seconds
2017-03-21T21:56:10.392+0100: 6,701: Total time for which application threads were stopped: 0,0047092 seconds, Stopping threads took: 0,0045086 seconds
2017-03-21T21:56:10.416+0100: 6,726: Total time for which application threads were stopped: 0,0001239 seconds, Stopping threads took: 0,0000466 seconds
2017-03-21T21:56:10.789+0100: 7,098: Total time for which application threads were stopped: 0,0430739 seconds, Stopping threads took: 0,0429552 seconds
2017-03-21T21:56:10.802+0100: 7,112: Total time for which application threads were stopped: 0,0000936 seconds, Stopping threads took: 0,0000321 seconds
2017-03-21T21:56:10.803+0100: 7,113: Total time for which application threads were stopped: 0,0000659 seconds, Stopping threads took: 0,0000127 seconds
{Heap before GC invocations=8 (full 1):
 par new generation   total 109248K, used 100415K [0x00000000e0000000, 0x00000000e8000000, 0x00000000e8000000)
  eden space 87424K, 100% used [0x00000000e0000000, 0x00000000e5560000, 0x00000000e5560000)
  from space 21824K,  59% used [0x00000000e5560000, 0x00000000e620fcb0, 0x00000000e6ab0000)
  to   space 21824K,   0% used [0x00000000e6ab0000, 0x00000000e6ab0000, 0x00000000e8000000)
 concurrent mark-sweep generation total 393216K, used 0K [0x00000000e8000000, 0x0000000100000000, 0x0000000100000000)
 Metaspace       used 27935K, capacity 28484K, committed 28848K, reserved 1075200K
  class space    used 3210K, capacity 3385K, committed 3504K, reserved 1048576K
2017-03-21T21:56:15.193+0100: 11,503: [GC (Allocation Failure) 2017-03-21T21:56:15.193+0100: 11,503: [ParNew
Desired survivor size 20112992 bytes, new threshold 8 (max 8)
- age   1:   10259056 bytes,   10259056 total
- age   2:     719232 bytes,   10978288 total
- age   3:     144936 bytes,   11123224 total
- age   4:    1767848 bytes,   12891072 total
- age   5:      52936 bytes,   12944008 total
- age   6:      82200 bytes,   13026208 total
- age   7:     185744 bytes,   13211952 total
- age   8:     735456 bytes,   13947408 total
: 100415K->18435K(109248K), 0,2362912 secs] 100415K->24929K(502464K), 0,2365256 secs] [Times: user=0,19 sys=0,00, real=0,24 secs] 
Heap after GC invocations=9 (full 1):
 par new generation   total 109248K, used 18435K [0x00000000e0000000, 0x00000000e8000000, 0x00000000e8000000)
  eden space 87424K,   0% used [0x00000000e0000000, 0x00000000e0000000, 0x00000000e5560000)
  from space 21824K,  84% used [0x00000000e6ab0000, 0x00000000e7cb0ca0, 0x00000000e8000000)
  to   space 21824K,   0% used [0x00000000e5560000, 0x00000000e5560000, 0x00000000e6ab0000)
 concurrent mark-sweep generation total 393216K, used 6494K [0x00000000e8000000, 0x0000000100000000, 0x0000000100000000)
 Metaspace       used 27935K, capacity 28484K, committed 28848K, reserved 1075200K
  class space    used 3210K, capacity 3385K, committed 3504K, reserved 1048576K
}
2017-03-21T21:56:15.429+0100: 11,739: Total time for which application threads were stopped: 0,2369827 seconds, Stopping threads took: 0,0000997 seconds
2017-03-21T21:56:15.431+0100: 11,740: Total time for which application threads were stopped: 0,0001022 seconds, Stopping threads took: 0,0000277 seconds
2017-03-21T21:56:15.455+0100: 11,764: Total time for which application threads were stopped: 0,0143325 seconds, Stopping threads took: 0,0138744 seconds
2017-03-21T21:58:01.465+0100: 117,775: Total time for which application threads were stopped: 0,0000925 seconds, Stopping threads took: 0,0000364 seconds
2017-03-21T21:58:06.466+0100: 122,776: Total time for which application threads were stopped: 0,0003946 seconds, Stopping threads took: 0,0001790 seconds
2017-03-21T21:59:05.472+0100: 181,782: Total time for which application threads were stopped: 0,0000783 seconds, Stopping threads took: 0,0000339 seconds
2017-03-21T22:00:40.482+0100: 276,792: Total time for which application threads were stopped: 0,0000849 seconds, Stopping threads took: 0,0000356 seconds
2017-03-21T22:19:40.590+0100: 1416,900: Total time for which application threads were stopped: 0,0000890 seconds, Stopping threads took: 0,0000391 seconds
2017-03-21T22:23:15.612+0100: 1631,922: Total time for which application threads were stopped: 0,0001033 seconds, Stopping threads took: 0,0000398 seconds
2017-03-21T22:35:11.689+0100: 2347,999: Total time for which application threads were stopped: 0,0000960 seconds, Stopping threads took: 0,0000383 seconds
2017-03-21T22:35:15.689+0100: 2351,999: Total time for which application threads were stopped: 0,0000644 seconds, Stopping threads took: 0,0000140 seconds
2017-03-21T22:50:06.776+0100: 3243,086: Total time for which application threads were stopped: 0,0000773 seconds, Stopping threads took: 0,0000303 seconds
2017-03-21T22:52:36.793+0100: 3393,103: Total time for which application threads were stopped: 0,0000889 seconds, Stopping threads took: 0,0000373 seconds
2017-03-21T22:54:41.806+0100: 3518,116: Total time for which application threads were stopped: 0,0001083 seconds, Stopping threads took: 0,0000474 seconds
2017-03-21T22:57:36.826+0100: 3693,135: Total time for which application threads were stopped: 0,0000995 seconds, Stopping threads took: 0,0000331 seconds
2017-03-21T22:58:36.833+0100: 3753,143: Total time for which application threads were stopped: 0,0000911 seconds, Stopping threads took: 0,0000313 seconds
2017-03-21T23:02:35.857+0100: 3992,167: Total time for which application threads were stopped: 0,0001373 seconds, Stopping threads took: 0,0000532 seconds
2017-03-21T23:03:00.860+0100: 4017,169: Total time for which application threads were stopped: 0,0000861 seconds, Stopping threads took: 0,0000366 seconds
2017-03-21T23:17:56.955+0100: 4913,265: Total time for which application threads were stopped: 0,0000939 seconds, Stopping threads took: 0,0000388 seconds
2017-03-21T23:18:26.958+0100: 4943,268: Total time for which application threads were stopped: 0,0000834 seconds, Stopping threads took: 0,0000350 seconds
2017-03-21T23:57:57.207+0100: 7313,516: Total time for which application threads were stopped: 0,0000775 seconds, Stopping threads took: 0,0000339 seconds
2017-03-21T23:58:06.208+0100: 7322,518: Total time for which application threads were stopped: 0,0000603 seconds, Stopping threads took: 0,0000144 seconds
2017-03-22T00:04:06.244+0100: 7682,554: Total time for which application threads were stopped: 0,0000761 seconds, Stopping threads took: 0,0000301 seconds
2017-03-22T00:04:14.190+0100: 7690,500: Total time for which application threads were stopped: 0,0001059 seconds, Stopping threads took: 0,0000254 seconds
2017-03-22T00:04:14.191+0100: 7690,501: Total time for which application threads were stopped: 0,0001117 seconds, Stopping threads took: 0,0000325 seconds
2017-03-22T00:04:14.194+0100: 7690,504: Total time for which application threads were stopped: 0,0001167 seconds, Stopping threads took: 0,0000395 seconds
2017-03-22T00:04:14.207+0100: 7690,517: Total time for which application threads were stopped: 0,0000999 seconds, Stopping threads took: 0,0000212 seconds
2017-03-22T00:04:14.209+0100: 7690,518: Total time for which application threads were stopped: 0,0001047 seconds, Stopping threads took: 0,0000171 seconds
2017-03-22T00:04:14.210+0100: 7690,519: Total time for which application threads were stopped: 0,0001414 seconds, Stopping threads took: 0,0000650 seconds
2017-03-22T00:04:14.212+0100: 7690,522: Total time for which application threads were stopped: 0,0001040 seconds, Stopping threads took: 0,0000227 seconds
2017-03-22T00:04:14.212+0100: 7690,522: Total time for which application threads were stopped: 0,0000851 seconds, Stopping threads took: 0,0000195 seconds
2017-03-22T00:04:14.217+0100: 7690,527: Total time for which application threads were stopped: 0,0001097 seconds, Stopping threads took: 0,0000227 seconds
2017-03-22T00:04:14.218+0100: 7690,527: Total time for which application threads were stopped: 0,0000878 seconds, Stopping threads took: 0,0000159 seconds
2017-03-22T00:04:14.218+0100: 7690,528: Total time for which application threads were stopped: 0,0000557 seconds, Stopping threads took: 0,0000155 seconds
2017-03-22T00:04:14.218+0100: 7690,528: Total time for which application threads were stopped: 0,0000479 seconds, Stopping threads took: 0,0000156 seconds
2017-03-22T00:04:14.218+0100: 7690,528: Total time for which application threads were stopped: 0,0000425 seconds, Stopping threads took: 0,0000138 seconds
2017-03-22T00:04:14.218+0100: 7690,528: Total time for which application threads were stopped: 0,0000665 seconds, Stopping threads took: 0,0000243 seconds
2017-03-22T00:04:14.218+0100: 7690,528: Total time for which application threads were stopped: 0,0000431 seconds, Stopping threads took: 0,0000124 seconds
2017-03-22T00:04:14.218+0100: 7690,528: Total time for which application threads were stopped: 0,0000475 seconds, Stopping threads took: 0,0000129 seconds
2017-03-22T00:04:14.218+0100: 7690,528: Total time for which application threads were stopped: 0,0000428 seconds, Stopping threads took: 0,0000123 seconds
2017-03-22T00:04:14.219+0100: 7690,528: Total time for which application threads were stopped: 0,0000427 seconds, Stopping threads took: 0,0000125 seconds
2017-03-22T00:04:14.219+0100: 7690,528: Total time for which application threads were stopped: 0,0000414 seconds, Stopping threads took: 0,0000119 seconds
2017-03-22T00:04:14.221+0100: 7690,531: Total time for which application threads were stopped: 0,0022095 seconds, Stopping threads took: 0,0021351 seconds
2017-03-22T00:04:14.221+0100: 7690,531: Total time for which application threads were stopped: 0,0000772 seconds, Stopping threads took: 0,0000269 seconds
2017-03-22T00:04:14.221+0100: 7690,531: Total time for which application threads were stopped: 0,0000548 seconds, Stopping threads took: 0,0000183 seconds
2017-03-22T00:04:14.221+0100: 7690,531: Total time for which application threads were stopped: 0,0000438 seconds, Stopping threads took: 0,0000143 seconds
2017-03-22T00:04:14.228+0100: 7690,538: Total time for which application threads were stopped: 0,0010053 seconds, Stopping threads took: 0,0009170 seconds
2017-03-22T00:04:14.235+0100: 7690,545: Total time for which application threads were stopped: 0,0001155 seconds, Stopping threads took: 0,0000609 seconds
2017-03-22T00:04:14.236+0100: 7690,546: Total time for which application threads were stopped: 0,0000639 seconds, Stopping threads took: 0,0000220 seconds
2017-03-22T00:04:14.236+0100: 7690,546: Total time for which application threads were stopped: 0,0000413 seconds, Stopping threads took: 0,0000150 seconds
2017-03-22T00:04:14.236+0100: 7690,546: Total time for which application threads were stopped: 0,0000253 seconds, Stopping threads took: 0,0000062 seconds
2017-03-22T00:04:14.236+0100: 7690,546: Total time for which application threads were stopped: 0,0000232 seconds, Stopping threads took: 0,0000055 seconds
2017-03-22T00:04:14.236+0100: 7690,546: Total time for which application threads were stopped: 0,0000381 seconds, Stopping threads took: 0,0000139 seconds
2017-03-22T00:04:14.237+0100: 7690,547: Total time for which application threads were stopped: 0,0000831 seconds, Stopping threads took: 0,0000321 seconds
2017-03-22T00:04:14.237+0100: 7690,547: Total time for which application threads were stopped: 0,0000396 seconds, Stopping threads took: 0,0000143 seconds
2017-03-22T00:04:14.238+0100: 7690,547: Total time for which application threads were stopped: 0,0000427 seconds, Stopping threads took: 0,0000175 seconds
2017-03-22T00:04:14.239+0100: 7690,549: Total time for which application threads were stopped: 0,0000932 seconds, Stopping threads took: 0,0000324 seconds
2017-03-22T00:04:14.241+0100: 7690,551: Total time for which application threads were stopped: 0,0014214 seconds, Stopping threads took: 0,0013477 seconds
2017-03-22T00:04:14.241+0100: 7690,551: Total time for which application threads were stopped: 0,0000548 seconds, Stopping threads took: 0,0000196 seconds
2017-03-22T00:04:14.243+0100: 7690,553: Total time for which application threads were stopped: 0,0000939 seconds, Stopping threads took: 0,0000486 seconds
2017-03-22T00:04:14.243+0100: 7690,553: Total time for which application threads were stopped: 0,0000473 seconds, Stopping threads took: 0,0000163 seconds
2017-03-22T00:04:14.243+0100: 7690,553: Total time for which application threads were stopped: 0,0001553 seconds, Stopping threads took: 0,0001290 seconds
2017-03-22T00:04:14.247+0100: 7690,557: Total time for which application threads were stopped: 0,0001024 seconds, Stopping threads took: 0,0000523 seconds
2017-03-22T00:04:14.247+0100: 7690,557: Total time for which application threads were stopped: 0,0000381 seconds, Stopping threads took: 0,0000156 seconds
2017-03-22T00:04:14.247+0100: 7690,557: Total time for which application threads were stopped: 0,0000352 seconds, Stopping threads took: 0,0000143 seconds
2017-03-22T00:04:14.249+0100: 7690,559: Total time for which application threads were stopped: 0,0000878 seconds, Stopping threads took: 0,0000400 seconds
2017-03-22T00:04:14.249+0100: 7690,559: Total time for which application threads were stopped: 0,0000469 seconds, Stopping threads took: 0,0000210 seconds
2017-03-22T00:04:14.249+0100: 7690,559: Total time for which application threads were stopped: 0,0000385 seconds, Stopping threads took: 0,0000149 seconds
2017-03-22T00:04:14.249+0100: 7690,559: Total time for which application threads were stopped: 0,0000615 seconds, Stopping threads took: 0,0000106 seconds
2017-03-22T00:04:14.250+0100: 7690,559: Total time for which application threads were stopped: 0,0000419 seconds, Stopping threads took: 0,0000164 seconds
2017-03-22T00:04:14.250+0100: 7690,560: Total time for which application threads were stopped: 0,0000289 seconds, Stopping threads took: 0,0000065 seconds
2017-03-22T00:04:14.250+0100: 7690,560: Total time for which application threads were stopped: 0,0000457 seconds, Stopping threads took: 0,0000229 seconds
2017-03-22T00:04:14.250+0100: 7690,560: Total time for which application threads were stopped: 0,0001934 seconds, Stopping threads took: 0,0000058 seconds
2017-03-22T00:04:14.255+0100: 7690,565: Total time for which application threads were stopped: 0,0000838 seconds, Stopping threads took: 0,0000187 seconds
2017-03-22T00:04:14.258+0100: 7690,567: Total time for which application threads were stopped: 0,0001272 seconds, Stopping threads took: 0,0000335 seconds
Heap
 par new generation   total 109248K, used 43591K [0x00000000e0000000, 0x00000000e8000000, 0x00000000e8000000)
  eden space 87424K,  28% used [0x00000000e0000000, 0x00000000e18910c0, 0x00000000e5560000)
  from space 21824K,  84% used [0x00000000e6ab0000, 0x00000000e7cb0ca0, 0x00000000e8000000)
  to   space 21824K,   0% used [0x00000000e5560000, 0x00000000e5560000, 0x00000000e6ab0000)
 concurrent mark-sweep generation total 393216K, used 6494K [0x00000000e8000000, 0x0000000100000000, 0x0000000100000000)
 Metaspace       used 28086K, capacity 28558K, committed 28848K, reserved 1075200K
  class space    used 3225K, capacity 3388K, committed 3504K, reserved 1048576K
