OpenJDK 64-Bit Server VM (25.131-b11) for linux-amd64 JRE (1.8.0_131-8u131-b11-0ubuntu1.16.04.2-b11), built on May  6 2017 02:45:27 by "buildd" with gcc 5.4.0 20160609
Memory: 4k page, physical 7867740k(7414120k free), swap 8076284k(8076284k free)
CommandLine flags: -XX:CMSInitiatingOccupancyFraction=50 -XX:CMSMaxAbortablePrecleanTime=6000 -XX:+CMSParallelRemarkEnabled -XX:+CMSScavengeBeforeRemark -XX:ConcGCThreads=4 -XX:InitialHeapSize=536870912 -XX:MaxHeapSize=536870912 -XX:MaxTenuringThreshold=8 -XX:NewRatio=3 -XX:OldPLABSize=16 -XX:OnOutOfMemoryError=/opt/solr/bin/oom_solr.sh 8983 /var/solr/logs -XX:ParallelGCThreads=4 -XX:+ParallelRefProcEnabled -XX:PretenureSizeThreshold=67108864 -XX:+PrintGC -XX:+PrintGCApplicationStoppedTime -XX:+PrintGCDateStamps -XX:+PrintGCDetails -XX:+PrintGCTimeStamps -XX:+PrintHeapAtGC -XX:+PrintTenuringDistribution -XX:SurvivorRatio=4 -XX:TargetSurvivorRatio=90 -XX:ThreadStackSize=256 -XX:+UseCMSInitiatingOccupancyOnly -XX:+UseCompressedClassPointers -XX:+UseCompressedOops -XX:+UseConcMarkSweepGC -XX:+UseParNewGC 
2017-06-20T22:14:55.838+0200: 0,160: Total time for which application threads were stopped: 0,0000858 seconds, Stopping threads took: 0,0000121 seconds
2017-06-20T22:14:55.909+0200: 0,231: Total time for which application threads were stopped: 0,0001123 seconds, Stopping threads took: 0,0000254 seconds
2017-06-20T22:14:55.926+0200: 0,248: Total time for which application threads were stopped: 0,0001069 seconds, Stopping threads took: 0,0000202 seconds
2017-06-20T22:14:56.139+0200: 0,461: Total time for which application threads were stopped: 0,0001123 seconds, Stopping threads took: 0,0000140 seconds
2017-06-20T22:14:56.494+0200: 0,816: Total time for which application threads were stopped: 0,0001353 seconds, Stopping threads took: 0,0000125 seconds
2017-06-20T22:14:56.673+0200: 0,995: Total time for which application threads were stopped: 0,0001954 seconds, Stopping threads took: 0,0000197 seconds
2017-06-20T22:14:56.750+0200: 1,072: Total time for which application threads were stopped: 0,0002039 seconds, Stopping threads took: 0,0000297 seconds
2017-06-20T22:14:57.004+0200: 1,326: Total time for which application threads were stopped: 0,0002447 seconds, Stopping threads took: 0,0000197 seconds
2017-06-20T22:14:57.231+0200: 1,553: Total time for which application threads were stopped: 0,0002078 seconds, Stopping threads took: 0,0000293 seconds
2017-06-20T22:14:57.252+0200: 1,575: Total time for which application threads were stopped: 0,0001709 seconds, Stopping threads took: 0,0000213 seconds
2017-06-20T22:14:57.288+0200: 1,611: Total time for which application threads were stopped: 0,0002618 seconds, Stopping threads took: 0,0000316 seconds
2017-06-20T22:14:57.292+0200: 1,614: Total time for which application threads were stopped: 0,0009721 seconds, Stopping threads took: 0,0001010 seconds
2017-06-20T22:14:57.314+0200: 1,637: Total time for which application threads were stopped: 0,0002107 seconds, Stopping threads took: 0,0000248 seconds
2017-06-20T22:14:57.417+0200: 1,739: Total time for which application threads were stopped: 0,0001951 seconds, Stopping threads took: 0,0000219 seconds
2017-06-20T22:14:57.591+0200: 1,914: Total time for which application threads were stopped: 0,0002750 seconds, Stopping threads took: 0,0000515 seconds
{Heap before GC invocations=0 (full 0):
 par new generation   total 109248K, used 87424K [0x00000000e0000000, 0x00000000e8000000, 0x00000000e8000000)
  eden space 87424K, 100% used [0x00000000e0000000, 0x00000000e5560000, 0x00000000e5560000)
  from space 21824K,   0% used [0x00000000e5560000, 0x00000000e5560000, 0x00000000e6ab0000)
  to   space 21824K,   0% used [0x00000000e6ab0000, 0x00000000e6ab0000, 0x00000000e8000000)
 concurrent mark-sweep generation total 393216K, used 0K [0x00000000e8000000, 0x0000000100000000, 0x0000000100000000)
 Metaspace       used 17805K, capacity 18112K, committed 18304K, reserved 1064960K
  class space    used 2024K, capacity 2164K, committed 2176K, reserved 1048576K
2017-06-20T22:14:57.626+0200: 1,948: [GC (Allocation Failure) 2017-06-20T22:14:57.626+0200: 1,948: [ParNew
Desired survivor size 20112992 bytes, new threshold 8 (max 8)
- age   1:   11513408 bytes,   11513408 total
: 87424K->11348K(109248K), 0,0143966 secs] 87424K->11348K(502464K), 0,0144719 secs] [Times: user=0,06 sys=0,01, real=0,02 secs] 
Heap after GC invocations=1 (full 0):
 par new generation   total 109248K, used 11348K [0x00000000e0000000, 0x00000000e8000000, 0x00000000e8000000)
  eden space 87424K,   0% used [0x00000000e0000000, 0x00000000e0000000, 0x00000000e5560000)
  from space 21824K,  52% used [0x00000000e6ab0000, 0x00000000e75c5280, 0x00000000e8000000)
  to   space 21824K,   0% used [0x00000000e5560000, 0x00000000e5560000, 0x00000000e6ab0000)
 concurrent mark-sweep generation total 393216K, used 0K [0x00000000e8000000, 0x0000000100000000, 0x0000000100000000)
 Metaspace       used 17805K, capacity 18112K, committed 18304K, reserved 1064960K
  class space    used 2024K, capacity 2164K, committed 2176K, reserved 1048576K
}
2017-06-20T22:14:57.640+0200: 1,963: Total time for which application threads were stopped: 0,0165882 seconds, Stopping threads took: 0,0019609 seconds
2017-06-20T22:14:57.986+0200: 2,308: Total time for which application threads were stopped: 0,0003534 seconds, Stopping threads took: 0,0000477 seconds
{Heap before GC invocations=1 (full 0):
 par new generation   total 109248K, used 98772K [0x00000000e0000000, 0x00000000e8000000, 0x00000000e8000000)
  eden space 87424K, 100% used [0x00000000e0000000, 0x00000000e5560000, 0x00000000e5560000)
  from space 21824K,  52% used [0x00000000e6ab0000, 0x00000000e75c5280, 0x00000000e8000000)
  to   space 21824K,   0% used [0x00000000e5560000, 0x00000000e5560000, 0x00000000e6ab0000)
 concurrent mark-sweep generation total 393216K, used 0K [0x00000000e8000000, 0x0000000100000000, 0x0000000100000000)
 Metaspace       used 20049K, capacity 20372K, committed 20736K, reserved 1067008K
  class space    used 2296K, capacity 2472K, committed 2560K, reserved 1048576K
2017-06-20T22:14:58.024+0200: 2,347: [GC (Allocation Failure) 2017-06-20T22:14:58.024+0200: 2,347: [ParNew
Desired survivor size 20112992 bytes, new threshold 8 (max 8)
- age   1:    4252256 bytes,    4252256 total
- age   2:    6071800 bytes,   10324056 total
: 98772K->14445K(109248K), 0,0097173 secs] 98772K->14445K(502464K), 0,0097867 secs] [Times: user=0,03 sys=0,00, real=0,01 secs] 
Heap after GC invocations=2 (full 0):
 par new generation   total 109248K, used 14445K [0x00000000e0000000, 0x00000000e8000000, 0x00000000e8000000)
  eden space 87424K,   0% used [0x00000000e0000000, 0x00000000e0000000, 0x00000000e5560000)
  from space 21824K,  66% used [0x00000000e5560000, 0x00000000e637b7c0, 0x00000000e6ab0000)
  to   space 21824K,   0% used [0x00000000e6ab0000, 0x00000000e6ab0000, 0x00000000e8000000)
 concurrent mark-sweep generation total 393216K, used 0K [0x00000000e8000000, 0x0000000100000000, 0x0000000100000000)
 Metaspace       used 20049K, capacity 20372K, committed 20736K, reserved 1067008K
  class space    used 2296K, capacity 2472K, committed 2560K, reserved 1048576K
}
2017-06-20T22:14:58.034+0200: 2,356: Total time for which application threads were stopped: 0,0099838 seconds, Stopping threads took: 0,0000601 seconds
2017-06-20T22:14:58.039+0200: 2,361: Total time for which application threads were stopped: 0,0003539 seconds, Stopping threads took: 0,0000396 seconds
2017-06-20T22:14:58.082+0200: 2,404: Total time for which application threads were stopped: 0,0003210 seconds, Stopping threads took: 0,0000273 seconds
2017-06-20T22:14:58.220+0200: 2,542: Total time for which application threads were stopped: 0,0002032 seconds, Stopping threads took: 0,0000722 seconds
{Heap before GC invocations=2 (full 0):
 par new generation   total 109248K, used 101869K [0x00000000e0000000, 0x00000000e8000000, 0x00000000e8000000)
  eden space 87424K, 100% used [0x00000000e0000000, 0x00000000e5560000, 0x00000000e5560000)
  from space 21824K,  66% used [0x00000000e5560000, 0x00000000e637b7c0, 0x00000000e6ab0000)
  to   space 21824K,   0% used [0x00000000e6ab0000, 0x00000000e6ab0000, 0x00000000e8000000)
 concurrent mark-sweep generation total 393216K, used 0K [0x00000000e8000000, 0x0000000100000000, 0x0000000100000000)
 Metaspace       used 20984K, capacity 21294K, committed 21628K, reserved 1069056K
  class space    used 2418K, capacity 2591K, committed 2684K, reserved 1048576K
2017-06-20T22:14:58.256+0200: 2,578: [GC (Allocation Failure) 2017-06-20T22:14:58.256+0200: 2,578: [ParNew
Desired survivor size 20112992 bytes, new threshold 8 (max 8)
- age   1:    2224584 bytes,    2224584 total
- age   2:    1425280 bytes,    3649864 total
- age   3:    6071720 bytes,    9721584 total
: 101869K->12569K(109248K), 0,0101709 secs] 101869K->12569K(502464K), 0,0102696 secs] [Times: user=0,03 sys=0,00, real=0,01 secs] 
Heap after GC invocations=3 (full 0):
 par new generation   total 109248K, used 12569K [0x00000000e0000000, 0x00000000e8000000, 0x00000000e8000000)
  eden space 87424K,   0% used [0x00000000e0000000, 0x00000000e0000000, 0x00000000e5560000)
  from space 21824K,  57% used [0x00000000e6ab0000, 0x00000000e76f6680, 0x00000000e8000000)
  to   space 21824K,   0% used [0x00000000e5560000, 0x00000000e5560000, 0x00000000e6ab0000)
 concurrent mark-sweep generation total 393216K, used 0K [0x00000000e8000000, 0x0000000100000000, 0x0000000100000000)
 Metaspace       used 20984K, capacity 21294K, committed 21628K, reserved 1069056K
  class space    used 2418K, capacity 2591K, committed 2684K, reserved 1048576K
}
2017-06-20T22:14:58.266+0200: 2,589: Total time for which application threads were stopped: 0,0105104 seconds, Stopping threads took: 0,0000741 seconds
2017-06-20T22:14:58.267+0200: 2,589: [GC (CMS Initial Mark) [1 CMS-initial-mark: 0K(393216K)] 12601K(502464K), 0,0051649 secs] [Times: user=0,02 sys=0,00, real=0,01 secs] 
2017-06-20T22:14:58.272+0200: 2,594: Total time for which application threads were stopped: 0,0053546 seconds, Stopping threads took: 0,0000773 seconds
2017-06-20T22:14:58.272+0200: 2,594: [CMS-concurrent-mark-start]
2017-06-20T22:14:58.276+0200: 2,598: [CMS-concurrent-mark: 0,004/0,004 secs] [Times: user=0,02 sys=0,00, real=0,00 secs] 
2017-06-20T22:14:58.276+0200: 2,598: [CMS-concurrent-preclean-start]
2017-06-20T22:14:58.277+0200: 2,600: [CMS-concurrent-preclean: 0,001/0,001 secs] [Times: user=0,00 sys=0,00, real=0,00 secs] 
2017-06-20T22:14:58.277+0200: 2,600: [CMS-concurrent-abortable-preclean-start]
2017-06-20T22:14:58.354+0200: 2,676: Total time for which application threads were stopped: 0,0001065 seconds, Stopping threads took: 0,0000218 seconds
{Heap before GC invocations=3 (full 1):
 par new generation   total 109248K, used 99993K [0x00000000e0000000, 0x00000000e8000000, 0x00000000e8000000)
  eden space 87424K, 100% used [0x00000000e0000000, 0x00000000e5560000, 0x00000000e5560000)
  from space 21824K,  57% used [0x00000000e6ab0000, 0x00000000e76f6680, 0x00000000e8000000)
  to   space 21824K,   0% used [0x00000000e5560000, 0x00000000e5560000, 0x00000000e6ab0000)
 concurrent mark-sweep generation total 393216K, used 0K [0x00000000e8000000, 0x0000000100000000, 0x0000000100000000)
 Metaspace       used 21238K, capacity 21628K, committed 21884K, reserved 1069056K
  class space    used 2446K, capacity 2605K, committed 2684K, reserved 1048576K
2017-06-20T22:14:58.389+0200: 2,711: [GC (Allocation Failure) 2017-06-20T22:14:58.389+0200: 2,711: [ParNew
Desired survivor size 20112992 bytes, new threshold 8 (max 8)
- age   1:    1156880 bytes,    1156880 total
- age   2:    1468064 bytes,    2624944 total
- age   3:    1390392 bytes,    4015336 total
- age   4:    6071112 bytes,   10086448 total
: 99993K->12391K(109248K), 0,0124895 secs] 99993K->12391K(502464K), 0,0125598 secs] [Times: user=0,04 sys=0,00, real=0,02 secs] 
Heap after GC invocations=4 (full 1):
 par new generation   total 109248K, used 12391K [0x00000000e0000000, 0x00000000e8000000, 0x00000000e8000000)
  eden space 87424K,   0% used [0x00000000e0000000, 0x00000000e0000000, 0x00000000e5560000)
  from space 21824K,  56% used [0x00000000e5560000, 0x00000000e6179c60, 0x00000000e6ab0000)
  to   space 21824K,   0% used [0x00000000e6ab0000, 0x00000000e6ab0000, 0x00000000e8000000)
 concurrent mark-sweep generation total 393216K, used 0K [0x00000000e8000000, 0x0000000100000000, 0x0000000100000000)
 Metaspace       used 21238K, capacity 21628K, committed 21884K, reserved 1069056K
  class space    used 2446K, capacity 2605K, committed 2684K, reserved 1048576K
}
2017-06-20T22:14:58.401+0200: 2,723: Total time for which application threads were stopped: 0,0128103 seconds, Stopping threads took: 0,0001082 seconds
2017-06-20T22:14:58.401+0200: 2,723: [CMS-concurrent-abortable-preclean: 0,078/0,124 secs] [Times: user=0,44 sys=0,00, real=0,13 secs] 
2017-06-20T22:14:58.402+0200: 2,724: [GC (CMS Final Remark) [YG occupancy: 13050 K (109248 K)]{Heap before GC invocations=4 (full 1):
 par new generation   total 109248K, used 13050K [0x00000000e0000000, 0x00000000e8000000, 0x00000000e8000000)
  eden space 87424K,   0% used [0x00000000e0000000, 0x00000000e00a4de8, 0x00000000e5560000)
  from space 21824K,  56% used [0x00000000e5560000, 0x00000000e6179c60, 0x00000000e6ab0000)
  to   space 21824K,   0% used [0x00000000e6ab0000, 0x00000000e6ab0000, 0x00000000e8000000)
 concurrent mark-sweep generation total 393216K, used 0K [0x00000000e8000000, 0x0000000100000000, 0x0000000100000000)
 Metaspace       used 21238K, capacity 21628K, committed 21884K, reserved 1069056K
  class space    used 2446K, capacity 2605K, committed 2684K, reserved 1048576K
2017-06-20T22:14:58.402+0200: 2,724: [GC (CMS Final Remark) 2017-06-20T22:14:58.402+0200: 2,724: [ParNew
Desired survivor size 20112992 bytes, new threshold 8 (max 8)
- age   1:     163560 bytes,     163560 total
- age   2:     520416 bytes,     683976 total
- age   3:    1468064 bytes,    2152040 total
- age   4:    1390392 bytes,    3542432 total
- age   5:    6071112 bytes,    9613544 total
: 13050K->12939K(109248K), 0,0095420 secs] 13050K->12939K(502464K), 0,0095831 secs] [Times: user=0,03 sys=0,00, real=0,01 secs] 
Heap after GC invocations=5 (full 1):
 par new generation   total 109248K, used 12939K [0x00000000e0000000, 0x00000000e8000000, 0x00000000e8000000)
  eden space 87424K,   0% used [0x00000000e0000000, 0x00000000e0000000, 0x00000000e5560000)
  from space 21824K,  59% used [0x00000000e6ab0000, 0x00000000e7752ff0, 0x00000000e8000000)
  to   space 21824K,   0% used [0x00000000e5560000, 0x00000000e5560000, 0x00000000e6ab0000)
 concurrent mark-sweep generation total 393216K, used 0K [0x00000000e8000000, 0x0000000100000000, 0x0000000100000000)
 Metaspace       used 21238K, capacity 21628K, committed 21884K, reserved 1069056K
  class space    used 2446K, capacity 2605K, committed 2684K, reserved 1048576K
}
2017-06-20T22:14:58.412+0200: 2,734: [Rescan (parallel) , 0,0034582 secs]2017-06-20T22:14:58.415+0200: 2,738: [weak refs processing, 0,0006214 secs]2017-06-20T22:14:58.416+0200: 2,738: [class unloading, 0,0028372 secs]2017-06-20T22:14:58.419+0200: 2,741: [scrub symbol table, 0,0030902 secs]2017-06-20T22:14:58.422+0200: 2,744: [scrub string table, 0,0003934 secs][1 CMS-remark: 0K(393216K)] 12939K(502464K), 0,0206531 secs] [Times: user=0,06 sys=0,00, real=0,02 secs] 
2017-06-20T22:14:58.423+0200: 2,745: Total time for which application threads were stopped: 0,0208044 seconds, Stopping threads took: 0,0000647 seconds
2017-06-20T22:14:58.423+0200: 2,745: [CMS-concurrent-sweep-start]
2017-06-20T22:14:58.423+0200: 2,745: [CMS-concurrent-sweep: 0,000/0,000 secs] [Times: user=0,00 sys=0,00, real=0,00 secs] 
2017-06-20T22:14:58.423+0200: 2,745: [CMS-concurrent-reset-start]
2017-06-20T22:14:58.425+0200: 2,748: [CMS-concurrent-reset: 0,002/0,002 secs] [Times: user=0,00 sys=0,00, real=0,00 secs] 
{Heap before GC invocations=5 (full 1):
 par new generation   total 109248K, used 100363K [0x00000000e0000000, 0x00000000e8000000, 0x00000000e8000000)
  eden space 87424K, 100% used [0x00000000e0000000, 0x00000000e5560000, 0x00000000e5560000)
  from space 21824K,  59% used [0x00000000e6ab0000, 0x00000000e7752ff0, 0x00000000e8000000)
  to   space 21824K,   0% used [0x00000000e5560000, 0x00000000e5560000, 0x00000000e6ab0000)
 concurrent mark-sweep generation total 393216K, used 0K [0x00000000e8000000, 0x0000000100000000, 0x0000000100000000)
 Metaspace       used 21365K, capacity 21788K, committed 21884K, reserved 1069056K
  class space    used 2465K, capacity 2637K, committed 2684K, reserved 1048576K
2017-06-20T22:14:58.510+0200: 2,833: [GC (Allocation Failure) 2017-06-20T22:14:58.510+0200: 2,833: [ParNew
Desired survivor size 20112992 bytes, new threshold 8 (max 8)
- age   1:     738656 bytes,     738656 total
- age   2:       1472 bytes,     740128 total
- age   3:     182240 bytes,     922368 total
- age   4:    1468064 bytes,    2390432 total
- age   5:    1390280 bytes,    3780712 total
- age   6:    6071072 bytes,    9851784 total
: 100363K->11354K(109248K), 0,0103004 secs] 100363K->11354K(502464K), 0,0103733 secs] [Times: user=0,03 sys=0,00, real=0,01 secs] 
Heap after GC invocations=6 (full 1):
 par new generation   total 109248K, used 11354K [0x00000000e0000000, 0x00000000e8000000, 0x00000000e8000000)
  eden space 87424K,   0% used [0x00000000e0000000, 0x00000000e0000000, 0x00000000e5560000)
  from space 21824K,  52% used [0x00000000e5560000, 0x00000000e6076a00, 0x00000000e6ab0000)
  to   space 21824K,   0% used [0x00000000e6ab0000, 0x00000000e6ab0000, 0x00000000e8000000)
 concurrent mark-sweep generation total 393216K, used 0K [0x00000000e8000000, 0x0000000100000000, 0x0000000100000000)
 Metaspace       used 21365K, capacity 21788K, committed 21884K, reserved 1069056K
  class space    used 2465K, capacity 2637K, committed 2684K, reserved 1048576K
}
2017-06-20T22:14:58.521+0200: 2,843: Total time for which application threads were stopped: 0,0106180 seconds, Stopping threads took: 0,0000979 seconds
2017-06-20T22:14:58.558+0200: 2,880: Total time for which application threads were stopped: 0,0003368 seconds, Stopping threads took: 0,0000190 seconds
2017-06-20T22:14:58.794+0200: 3,117: Total time for which application threads were stopped: 0,0004673 seconds, Stopping threads took: 0,0000533 seconds
2017-06-20T22:14:58.808+0200: 3,130: Total time for which application threads were stopped: 0,0004055 seconds, Stopping threads took: 0,0000432 seconds
{Heap before GC invocations=6 (full 1):
 par new generation   total 109248K, used 98778K [0x00000000e0000000, 0x00000000e8000000, 0x00000000e8000000)
  eden space 87424K, 100% used [0x00000000e0000000, 0x00000000e5560000, 0x00000000e5560000)
  from space 21824K,  52% used [0x00000000e5560000, 0x00000000e6076a00, 0x00000000e6ab0000)
  to   space 21824K,   0% used [0x00000000e6ab0000, 0x00000000e6ab0000, 0x00000000e8000000)
 concurrent mark-sweep generation total 393216K, used 0K [0x00000000e8000000, 0x0000000100000000, 0x0000000100000000)
 Metaspace       used 23835K, capacity 24292K, committed 24572K, reserved 1071104K
  class space    used 2803K, capacity 2981K, committed 3068K, reserved 1048576K
2017-06-20T22:14:58.965+0200: 3,287: [GC (Allocation Failure) 2017-06-20T22:14:58.965+0200: 3,287: [ParNew
Desired survivor size 20112992 bytes, new threshold 8 (max 8)
- age   1:    5126432 bytes,    5126432 total
- age   2:     109632 bytes,    5236064 total
- age   3:       1472 bytes,    5237536 total
- age   4:     180760 bytes,    5418296 total
- age   5:     298128 bytes,    5716424 total
- age   6:    1364080 bytes,    7080504 total
- age   7:    6063096 bytes,   13143600 total
: 98778K->17270K(109248K), 0,0116331 secs] 98778K->17270K(502464K), 0,0116965 secs] [Times: user=0,05 sys=0,00, real=0,01 secs] 
Heap after GC invocations=7 (full 1):
 par new generation   total 109248K, used 17270K [0x00000000e0000000, 0x00000000e8000000, 0x00000000e8000000)
  eden space 87424K,   0% used [0x00000000e0000000, 0x00000000e0000000, 0x00000000e5560000)
  from space 21824K,  79% used [0x00000000e6ab0000, 0x00000000e7b8d800, 0x00000000e8000000)
  to   space 21824K,   0% used [0x00000000e5560000, 0x00000000e5560000, 0x00000000e6ab0000)
 concurrent mark-sweep generation total 393216K, used 0K [0x00000000e8000000, 0x0000000100000000, 0x0000000100000000)
 Metaspace       used 23835K, capacity 24292K, committed 24572K, reserved 1071104K
  class space    used 2803K, capacity 2981K, committed 3068K, reserved 1048576K
}
2017-06-20T22:14:58.977+0200: 3,299: Total time for which application threads were stopped: 0,0119257 seconds, Stopping threads took: 0,0000480 seconds
{Heap before GC invocations=7 (full 1):
 par new generation   total 109248K, used 104694K [0x00000000e0000000, 0x00000000e8000000, 0x00000000e8000000)
  eden space 87424K, 100% used [0x00000000e0000000, 0x00000000e5560000, 0x00000000e5560000)
  from space 21824K,  79% used [0x00000000e6ab0000, 0x00000000e7b8d800, 0x00000000e8000000)
  to   space 21824K,   0% used [0x00000000e5560000, 0x00000000e5560000, 0x00000000e6ab0000)
 concurrent mark-sweep generation total 393216K, used 0K [0x00000000e8000000, 0x0000000100000000, 0x0000000100000000)
 Metaspace       used 24450K, capacity 24938K, committed 25084K, reserved 1071104K
  class space    used 2861K, capacity 3046K, committed 3068K, reserved 1048576K
2017-06-20T22:14:59.058+0200: 3,380: [GC (Allocation Failure) 2017-06-20T22:14:59.058+0200: 3,380: [ParNew
Desired survivor size 20112992 bytes, new threshold 8 (max 8)
- age   1:    1807560 bytes,    1807560 total
- age   2:    1771328 bytes,    3578888 total
- age   3:      50640 bytes,    3629528 total
- age   4:       1472 bytes,    3631000 total
- age   5:     102632 bytes,    3733632 total
- age   6:     202104 bytes,    3935736 total
- age   7:     967520 bytes,    4903256 total
- age   8:    5884456 bytes,   10787712 total
: 104694K->13944K(109248K), 0,0103354 secs] 104694K->13944K(502464K), 0,0104126 secs] [Times: user=0,04 sys=0,00, real=0,00 secs] 
Heap after GC invocations=8 (full 1):
 par new generation   total 109248K, used 13944K [0x00000000e0000000, 0x00000000e8000000, 0x00000000e8000000)
  eden space 87424K,   0% used [0x00000000e0000000, 0x00000000e0000000, 0x00000000e5560000)
  from space 21824K,  63% used [0x00000000e5560000, 0x00000000e62fe000, 0x00000000e6ab0000)
  to   space 21824K,   0% used [0x00000000e6ab0000, 0x00000000e6ab0000, 0x00000000e8000000)
 concurrent mark-sweep generation total 393216K, used 0K [0x00000000e8000000, 0x0000000100000000, 0x0000000100000000)
 Metaspace       used 24450K, capacity 24938K, committed 25084K, reserved 1071104K
  class space    used 2861K, capacity 3046K, committed 3068K, reserved 1048576K
}
2017-06-20T22:14:59.068+0200: 3,391: Total time for which application threads were stopped: 0,0106073 seconds, Stopping threads took: 0,0000410 seconds
{Heap before GC invocations=8 (full 1):
 par new generation   total 109248K, used 101368K [0x00000000e0000000, 0x00000000e8000000, 0x00000000e8000000)
  eden space 87424K, 100% used [0x00000000e0000000, 0x00000000e5560000, 0x00000000e5560000)
  from space 21824K,  63% used [0x00000000e5560000, 0x00000000e62fe000, 0x00000000e6ab0000)
  to   space 21824K,   0% used [0x00000000e6ab0000, 0x00000000e6ab0000, 0x00000000e8000000)
 concurrent mark-sweep generation total 393216K, used 0K [0x00000000e8000000, 0x0000000100000000, 0x0000000100000000)
 Metaspace       used 24954K, capacity 25450K, committed 25724K, reserved 1071104K
  class space    used 2905K, capacity 3084K, committed 3196K, reserved 1048576K
2017-06-20T22:14:59.187+0200: 3,509: [GC (Allocation Failure) 2017-06-20T22:14:59.187+0200: 3,509: [ParNew
Desired survivor size 20112992 bytes, new threshold 8 (max 8)
- age   1:     741352 bytes,     741352 total
- age   2:    1014896 bytes,    1756248 total
- age   3:    1748480 bytes,    3504728 total
- age   4:      50536 bytes,    3555264 total
- age   5:       1472 bytes,    3556736 total
- age   6:     102432 bytes,    3659168 total
- age   7:     199000 bytes,    3858168 total
- age   8:     966752 bytes,    4824920 total
: 101368K->7116K(109248K), 0,0283016 secs] 101368K->12945K(502464K), 0,0283694 secs] [Times: user=0,08 sys=0,01, real=0,03 secs] 
Heap after GC invocations=9 (full 1):
 par new generation   total 109248K, used 7116K [0x00000000e0000000, 0x00000000e8000000, 0x00000000e8000000)
  eden space 87424K,   0% used [0x00000000e0000000, 0x00000000e0000000, 0x00000000e5560000)
  from space 21824K,  32% used [0x00000000e6ab0000, 0x00000000e71a3380, 0x00000000e8000000)
  to   space 21824K,   0% used [0x00000000e5560000, 0x00000000e5560000, 0x00000000e6ab0000)
 concurrent mark-sweep generation total 393216K, used 5828K [0x00000000e8000000, 0x0000000100000000, 0x0000000100000000)
 Metaspace       used 24954K, capacity 25450K, committed 25724K, reserved 1071104K
  class space    used 2905K, capacity 3084K, committed 3196K, reserved 1048576K
}
2017-06-20T22:14:59.215+0200: 3,537: Total time for which application threads were stopped: 0,0293865 seconds, Stopping threads took: 0,0008544 seconds
2017-06-20T22:14:59.446+0200: 3,768: Total time for which application threads were stopped: 0,0005789 seconds, Stopping threads took: 0,0000532 seconds
2017-06-20T22:14:59.460+0200: 3,783: Total time for which application threads were stopped: 0,0004539 seconds, Stopping threads took: 0,0000300 seconds
2017-06-20T22:14:59.513+0200: 3,836: Total time for which application threads were stopped: 0,0004961 seconds, Stopping threads took: 0,0000399 seconds
2017-06-20T22:14:59.644+0200: 3,966: Total time for which application threads were stopped: 0,0005560 seconds, Stopping threads took: 0,0000251 seconds
2017-06-20T22:14:59.735+0200: 4,057: Total time for which application threads were stopped: 0,0004363 seconds, Stopping threads took: 0,0000271 seconds
2017-06-20T22:15:01.735+0200: 6,058: Total time for which application threads were stopped: 0,0000706 seconds, Stopping threads took: 0,0000203 seconds
2017-06-20T22:15:17.737+0200: 22,059: Total time for which application threads were stopped: 0,0000666 seconds, Stopping threads took: 0,0000149 seconds
2017-06-20T22:15:26.737+0200: 32,060: Total time for which application threads were stopped: 0,0000623 seconds, Stopping threads took: 0,0000161 seconds
2017-06-20T22:16:16.742+0200: 82,066: Total time for which application threads were stopped: 0,0001731 seconds, Stopping threads took: 0,0000336 seconds
2017-06-20T22:16:51.746+0200: 117,069: Total time for which application threads were stopped: 0,0000986 seconds, Stopping threads took: 0,0000412 seconds
2017-06-20T22:16:56.746+0200: 122,070: Total time for which application threads were stopped: 0,0000623 seconds, Stopping threads took: 0,0000162 seconds
2017-06-20T22:17:21.750+0200: 147,074: Total time for which application threads were stopped: 0,0002012 seconds, Stopping threads took: 0,0000757 seconds
2017-06-20T22:17:30.751+0200: 156,075: Total time for which application threads were stopped: 0,0000777 seconds, Stopping threads took: 0,0000296 seconds
2017-06-20T22:17:40.753+0200: 166,077: Total time for which application threads were stopped: 0,0006359 seconds, Stopping threads took: 0,0001806 seconds
2017-06-20T22:17:45.754+0200: 171,078: Total time for which application threads were stopped: 0,0000766 seconds, Stopping threads took: 0,0000192 seconds
{Heap before GC invocations=9 (full 1):
 par new generation   total 109248K, used 94540K [0x00000000e0000000, 0x00000000e8000000, 0x00000000e8000000)
  eden space 87424K, 100% used [0x00000000e0000000, 0x00000000e5560000, 0x00000000e5560000)
  from space 21824K,  32% used [0x00000000e6ab0000, 0x00000000e71a3380, 0x00000000e8000000)
  to   space 21824K,   0% used [0x00000000e5560000, 0x00000000e5560000, 0x00000000e6ab0000)
 concurrent mark-sweep generation total 393216K, used 5828K [0x00000000e8000000, 0x0000000100000000, 0x0000000100000000)
 Metaspace       used 28064K, capacity 28560K, committed 28796K, reserved 1075200K
  class space    used 3214K, capacity 3391K, committed 3452K, reserved 1048576K
2017-06-20T22:17:50.531+0200: 175,855: [GC (Allocation Failure) 2017-06-20T22:17:50.531+0200: 175,855: [ParNew
Desired survivor size 20112992 bytes, new threshold 8 (max 8)
- age   1:   10799552 bytes,   10799552 total
- age   2:     272632 bytes,   11072184 total
- age   3:     236120 bytes,   11308304 total
- age   4:    1741032 bytes,   13049336 total
- age   5:      50536 bytes,   13099872 total
- age   6:       1472 bytes,   13101344 total
- age   7:     102272 bytes,   13203616 total
- age   8:     198840 bytes,   13402456 total
: 94540K->14788K(109248K), 0,0211813 secs] 100369K->21686K(502464K), 0,0212725 secs] [Times: user=0,05 sys=0,00, real=0,02 secs] 
Heap after GC invocations=10 (full 1):
 par new generation   total 109248K, used 14788K [0x00000000e0000000, 0x00000000e8000000, 0x00000000e8000000)
  eden space 87424K,   0% used [0x00000000e0000000, 0x00000000e0000000, 0x00000000e5560000)
  from space 21824K,  67% used [0x00000000e5560000, 0x00000000e63d11a8, 0x00000000e6ab0000)
  to   space 21824K,   0% used [0x00000000e6ab0000, 0x00000000e6ab0000, 0x00000000e8000000)
 concurrent mark-sweep generation total 393216K, used 6898K [0x00000000e8000000, 0x0000000100000000, 0x0000000100000000)
 Metaspace       used 28064K, capacity 28560K, committed 28796K, reserved 1075200K
  class space    used 3214K, capacity 3391K, committed 3452K, reserved 1048576K
}
2017-06-20T22:17:50.553+0200: 175,876: Total time for which application threads were stopped: 0,0214863 seconds, Stopping threads took: 0,0000754 seconds
2017-06-20T22:17:51.553+0200: 176,877: Total time for which application threads were stopped: 0,0002552 seconds, Stopping threads took: 0,0000224 seconds
2017-06-20T22:17:55.554+0200: 180,877: Total time for which application threads were stopped: 0,0003527 seconds, Stopping threads took: 0,0000950 seconds
2017-06-20T22:19:30.565+0200: 275,888: Total time for which application threads were stopped: 0,0000910 seconds, Stopping threads took: 0,0000383 seconds
2017-06-20T22:19:31.565+0200: 276,888: Total time for which application threads were stopped: 0,0000723 seconds, Stopping threads took: 0,0000189 seconds
2017-06-20T22:41:33.146+0200: 1411,479: Total time for which application threads were stopped: 0,0000858 seconds, Stopping threads took: 0,0000339 seconds
2017-06-20T22:45:48.178+0200: 1666,511: Total time for which application threads were stopped: 0,0001753 seconds, Stopping threads took: 0,0000663 seconds
2017-06-20T22:45:53.179+0200: 1671,512: Total time for which application threads were stopped: 0,0000875 seconds, Stopping threads took: 0,0000205 seconds
2017-06-20T22:49:45.552+0200: 1903,885: Total time for which application threads were stopped: 0,0001066 seconds, Stopping threads took: 0,0000285 seconds
2017-06-20T22:49:45.553+0200: 1903,886: Total time for which application threads were stopped: 0,0001124 seconds, Stopping threads took: 0,0000407 seconds
Heap
 par new generation   total 109248K, used 34515K [0x00000000e0000000, 0x00000000e8000000, 0x00000000e8000000)
  eden space 87424K,  22% used [0x00000000e0000000, 0x00000000e1343b38, 0x00000000e5560000)
  from space 21824K,  67% used [0x00000000e5560000, 0x00000000e63d11a8, 0x00000000e6ab0000)
  to   space 21824K,   0% used [0x00000000e6ab0000, 0x00000000e6ab0000, 0x00000000e8000000)
 concurrent mark-sweep generation total 393216K, used 6898K [0x00000000e8000000, 0x0000000100000000, 0x0000000100000000)
 Metaspace       used 28179K, capacity 28728K, committed 29052K, reserved 1075200K
  class space    used 3228K, capacity 3425K, committed 3452K, reserved 1048576K
