OpenJDK 64-Bit Server VM (25.121-b13) for linux-amd64 JRE (1.8.0_121-8u121-b13-0ubuntu1.16.04.2-b13), built on Jan 23 2017 15:51:29 by "buildd" with gcc 5.4.0 20160609
Memory: 4k page, physical 7867800k(7494216k free), swap 8076284k(8076284k free)
CommandLine flags: -XX:CMSInitiatingOccupancyFraction=50 -XX:CMSMaxAbortablePrecleanTime=6000 -XX:+CMSParallelRemarkEnabled -XX:+CMSScavengeBeforeRemark -XX:ConcGCThreads=4 -XX:InitialHeapSize=536870912 -XX:MaxHeapSize=536870912 -XX:MaxTenuringThreshold=8 -XX:NewRatio=3 -XX:OldPLABSize=16 -XX:OnOutOfMemoryError=/opt/solr/bin/oom_solr.sh 8983 /var/solr/logs -XX:ParallelGCThreads=4 -XX:+ParallelRefProcEnabled -XX:PretenureSizeThreshold=67108864 -XX:+PrintGC -XX:+PrintGCApplicationStoppedTime -XX:+PrintGCDateStamps -XX:+PrintGCDetails -XX:+PrintGCTimeStamps -XX:+PrintHeapAtGC -XX:+PrintTenuringDistribution -XX:SurvivorRatio=4 -XX:TargetSurvivorRatio=90 -XX:ThreadStackSize=256 -XX:+UseCMSInitiatingOccupancyOnly -XX:+UseCompressedClassPointers -XX:+UseCompressedOops -XX:+UseConcMarkSweepGC -XX:+UseParNewGC 
2017-02-02T09:33:17.945+0100: 0,147: Total time for which application threads were stopped: 0,0000714 seconds, Stopping threads took: 0,0000098 seconds
2017-02-02T09:33:18.038+0100: 0,240: Total time for which application threads were stopped: 0,0000937 seconds, Stopping threads took: 0,0000168 seconds
2017-02-02T09:33:18.051+0100: 0,254: Total time for which application threads were stopped: 0,0000747 seconds, Stopping threads took: 0,0000090 seconds
2017-02-02T09:33:18.392+0100: 0,595: Total time for which application threads were stopped: 0,0003538 seconds, Stopping threads took: 0,0000208 seconds
2017-02-02T09:33:18.763+0100: 0,965: Total time for which application threads were stopped: 0,0002189 seconds, Stopping threads took: 0,0000269 seconds
2017-02-02T09:33:18.860+0100: 1,062: Total time for which application threads were stopped: 0,0002247 seconds, Stopping threads took: 0,0000207 seconds
2017-02-02T09:33:18.905+0100: 1,108: Total time for which application threads were stopped: 0,0002004 seconds, Stopping threads took: 0,0000212 seconds
2017-02-02T09:33:19.220+0100: 1,423: Total time for which application threads were stopped: 0,0001544 seconds, Stopping threads took: 0,0000120 seconds
2017-02-02T09:33:19.428+0100: 1,631: Total time for which application threads were stopped: 0,0008766 seconds, Stopping threads took: 0,0000772 seconds
2017-02-02T09:33:19.452+0100: 1,655: Total time for which application threads were stopped: 0,0001673 seconds, Stopping threads took: 0,0000205 seconds
2017-02-02T09:33:19.487+0100: 1,690: Total time for which application threads were stopped: 0,0002556 seconds, Stopping threads took: 0,0000250 seconds
2017-02-02T09:33:19.491+0100: 1,694: Total time for which application threads were stopped: 0,0011926 seconds, Stopping threads took: 0,0000308 seconds
2017-02-02T09:33:19.512+0100: 1,715: Total time for which application threads were stopped: 0,0001973 seconds, Stopping threads took: 0,0000212 seconds
2017-02-02T09:33:19.580+0100: 1,783: Total time for which application threads were stopped: 0,0002503 seconds, Stopping threads took: 0,0000199 seconds
2017-02-02T09:33:19.725+0100: 1,927: Total time for which application threads were stopped: 0,0003035 seconds, Stopping threads took: 0,0000675 seconds
{Heap before GC invocations=0 (full 0):
 par new generation   total 109248K, used 87424K [0x00000000e0000000, 0x00000000e8000000, 0x00000000e8000000)
  eden space 87424K, 100% used [0x00000000e0000000, 0x00000000e5560000, 0x00000000e5560000)
  from space 21824K,   0% used [0x00000000e5560000, 0x00000000e5560000, 0x00000000e6ab0000)
  to   space 21824K,   0% used [0x00000000e6ab0000, 0x00000000e6ab0000, 0x00000000e8000000)
 concurrent mark-sweep generation total 393216K, used 0K [0x00000000e8000000, 0x0000000100000000, 0x0000000100000000)
 Metaspace       used 17944K, capacity 18272K, committed 18432K, reserved 1064960K
  class space    used 2037K, capacity 2196K, committed 2304K, reserved 1048576K
2017-02-02T09:33:19.795+0100: 1,997: [GC (Allocation Failure) 2017-02-02T09:33:19.795+0100: 1,997: [ParNew
Desired survivor size 20112992 bytes, new threshold 8 (max 8)
- age   1:   12140272 bytes,   12140272 total
: 87424K->11957K(109248K), 0,0151689 secs] 87424K->11957K(502464K), 0,0152462 secs] [Times: user=0,05 sys=0,00, real=0,01 secs] 
Heap after GC invocations=1 (full 0):
 par new generation   total 109248K, used 11957K [0x00000000e0000000, 0x00000000e8000000, 0x00000000e8000000)
  eden space 87424K,   0% used [0x00000000e0000000, 0x00000000e0000000, 0x00000000e5560000)
  from space 21824K,  54% used [0x00000000e6ab0000, 0x00000000e765d7a0, 0x00000000e8000000)
  to   space 21824K,   0% used [0x00000000e5560000, 0x00000000e5560000, 0x00000000e6ab0000)
 concurrent mark-sweep generation total 393216K, used 0K [0x00000000e8000000, 0x0000000100000000, 0x0000000100000000)
 Metaspace       used 17944K, capacity 18272K, committed 18432K, reserved 1064960K
  class space    used 2037K, capacity 2196K, committed 2304K, reserved 1048576K
}
2017-02-02T09:33:19.810+0100: 2,012: Total time for which application threads were stopped: 0,0178365 seconds, Stopping threads took: 0,0024124 seconds
2017-02-02T09:33:20.064+0100: 2,267: Total time for which application threads were stopped: 0,0003361 seconds, Stopping threads took: 0,0000623 seconds
2017-02-02T09:33:20.101+0100: 2,303: Total time for which application threads were stopped: 0,0003411 seconds, Stopping threads took: 0,0000696 seconds
2017-02-02T09:33:20.144+0100: 2,347: Total time for which application threads were stopped: 0,0003524 seconds, Stopping threads took: 0,0000266 seconds
{Heap before GC invocations=1 (full 0):
 par new generation   total 109248K, used 99381K [0x00000000e0000000, 0x00000000e8000000, 0x00000000e8000000)
  eden space 87424K, 100% used [0x00000000e0000000, 0x00000000e5560000, 0x00000000e5560000)
  from space 21824K,  54% used [0x00000000e6ab0000, 0x00000000e765d7a0, 0x00000000e8000000)
  to   space 21824K,   0% used [0x00000000e5560000, 0x00000000e5560000, 0x00000000e6ab0000)
 concurrent mark-sweep generation total 393216K, used 0K [0x00000000e8000000, 0x0000000100000000, 0x0000000100000000)
 Metaspace       used 20611K, capacity 20986K, committed 21248K, reserved 1069056K
  class space    used 2372K, capacity 2553K, committed 2560K, reserved 1048576K
2017-02-02T09:33:20.230+0100: 2,433: [GC (Allocation Failure) 2017-02-02T09:33:20.231+0100: 2,433: [ParNew
Desired survivor size 20112992 bytes, new threshold 8 (max 8)
- age   1:    4341584 bytes,    4341584 total
- age   2:    6473736 bytes,   10815320 total
: 99381K->15187K(109248K), 0,0130965 secs] 99381K->15187K(502464K), 0,0131709 secs] [Times: user=0,03 sys=0,01, real=0,01 secs] 
Heap after GC invocations=2 (full 0):
 par new generation   total 109248K, used 15187K [0x00000000e0000000, 0x00000000e8000000, 0x00000000e8000000)
  eden space 87424K,   0% used [0x00000000e0000000, 0x00000000e0000000, 0x00000000e5560000)
  from space 21824K,  69% used [0x00000000e5560000, 0x00000000e6434ec0, 0x00000000e6ab0000)
  to   space 21824K,   0% used [0x00000000e6ab0000, 0x00000000e6ab0000, 0x00000000e8000000)
 concurrent mark-sweep generation total 393216K, used 0K [0x00000000e8000000, 0x0000000100000000, 0x0000000100000000)
 Metaspace       used 20611K, capacity 20986K, committed 21248K, reserved 1069056K
  class space    used 2372K, capacity 2553K, committed 2560K, reserved 1048576K
}
2017-02-02T09:33:20.244+0100: 2,446: Total time for which application threads were stopped: 0,0144380 seconds, Stopping threads took: 0,0011070 seconds
2017-02-02T09:33:20.270+0100: 2,473: Total time for which application threads were stopped: 0,0001314 seconds, Stopping threads took: 0,0000539 seconds
2017-02-02T09:33:20.323+0100: 2,526: Total time for which application threads were stopped: 0,0001373 seconds, Stopping threads took: 0,0000501 seconds
2017-02-02T09:33:20.366+0100: 2,569: Total time for which application threads were stopped: 0,0038196 seconds, Stopping threads took: 0,0037041 seconds
2017-02-02T09:33:20.399+0100: 2,601: Total time for which application threads were stopped: 0,0020365 seconds, Stopping threads took: 0,0019324 seconds
{Heap before GC invocations=2 (full 0):
 par new generation   total 109248K, used 102611K [0x00000000e0000000, 0x00000000e8000000, 0x00000000e8000000)
  eden space 87424K, 100% used [0x00000000e0000000, 0x00000000e5560000, 0x00000000e5560000)
  from space 21824K,  69% used [0x00000000e5560000, 0x00000000e6434ec0, 0x00000000e6ab0000)
  to   space 21824K,   0% used [0x00000000e6ab0000, 0x00000000e6ab0000, 0x00000000e8000000)
 concurrent mark-sweep generation total 393216K, used 0K [0x00000000e8000000, 0x0000000100000000, 0x0000000100000000)
 Metaspace       used 22017K, capacity 22346K, committed 22548K, reserved 1069056K
  class space    used 2549K, capacity 2684K, committed 2684K, reserved 1048576K
2017-02-02T09:33:20.419+0100: 2,622: [GC (Allocation Failure) 2017-02-02T09:33:20.419+0100: 2,622: [ParNew
Desired survivor size 20112992 bytes, new threshold 8 (max 8)
- age   1:    1946872 bytes,    1946872 total
- age   2:    1631824 bytes,    3578696 total
- age   3:    6470224 bytes,   10048920 total
: 102611K->13182K(109248K), 0,0120242 secs] 102611K->13182K(502464K), 0,0121043 secs] [Times: user=0,04 sys=0,00, real=0,01 secs] 
Heap after GC invocations=3 (full 0):
 par new generation   total 109248K, used 13182K [0x00000000e0000000, 0x00000000e8000000, 0x00000000e8000000)
  eden space 87424K,   0% used [0x00000000e0000000, 0x00000000e0000000, 0x00000000e5560000)
  from space 21824K,  60% used [0x00000000e6ab0000, 0x00000000e778fb90, 0x00000000e8000000)
  to   space 21824K,   0% used [0x00000000e5560000, 0x00000000e5560000, 0x00000000e6ab0000)
 concurrent mark-sweep generation total 393216K, used 0K [0x00000000e8000000, 0x0000000100000000, 0x0000000100000000)
 Metaspace       used 22017K, capacity 22346K, committed 22548K, reserved 1069056K
  class space    used 2549K, capacity 2684K, committed 2684K, reserved 1048576K
}
2017-02-02T09:33:20.432+0100: 2,634: Total time for which application threads were stopped: 0,0122879 seconds, Stopping threads took: 0,0000527 seconds
2017-02-02T09:33:20.432+0100: 2,634: [GC (CMS Initial Mark) [1 CMS-initial-mark: 0K(393216K)] 13183K(502464K), 0,0045236 secs] [Times: user=0,01 sys=0,00, real=0,00 secs] 
2017-02-02T09:33:20.436+0100: 2,639: Total time for which application threads were stopped: 0,0046662 seconds, Stopping threads took: 0,0000385 seconds
2017-02-02T09:33:20.438+0100: 2,641: [CMS-concurrent-mark-start]
2017-02-02T09:33:20.450+0100: 2,653: [CMS-concurrent-mark: 0,012/0,012 secs] [Times: user=0,04 sys=0,00, real=0,00 secs] 
2017-02-02T09:33:20.450+0100: 2,653: [CMS-concurrent-preclean-start]
2017-02-02T09:33:20.451+0100: 2,654: [CMS-concurrent-preclean: 0,001/0,001 secs] [Times: user=0,00 sys=0,00, real=0,01 secs] 
2017-02-02T09:33:20.451+0100: 2,654: [CMS-concurrent-abortable-preclean-start]
{Heap before GC invocations=3 (full 1):
 par new generation   total 109248K, used 100606K [0x00000000e0000000, 0x00000000e8000000, 0x00000000e8000000)
  eden space 87424K, 100% used [0x00000000e0000000, 0x00000000e5560000, 0x00000000e5560000)
  from space 21824K,  60% used [0x00000000e6ab0000, 0x00000000e778fb90, 0x00000000e8000000)
  to   space 21824K,   0% used [0x00000000e5560000, 0x00000000e5560000, 0x00000000e6ab0000)
 concurrent mark-sweep generation total 393216K, used 0K [0x00000000e8000000, 0x0000000100000000, 0x0000000100000000)
 Metaspace       used 22180K, capacity 22530K, committed 22624K, reserved 1069056K
  class space    used 2568K, capacity 2720K, committed 2760K, reserved 1048576K
2017-02-02T09:33:20.546+0100: 2,748: [GC (Allocation Failure) 2017-02-02T09:33:20.546+0100: 2,748: [ParNew
Desired survivor size 20112992 bytes, new threshold 8 (max 8)
- age   1:     848104 bytes,     848104 total
- age   2:     598400 bytes,    1446504 total
- age   3:    1611968 bytes,    3058472 total
- age   4:    6470224 bytes,    9528696 total
: 100606K->11575K(109248K), 0,0088829 secs] 100606K->11575K(502464K), 0,0089461 secs] [Times: user=0,03 sys=0,00, real=0,01 secs] 
Heap after GC invocations=4 (full 1):
 par new generation   total 109248K, used 11575K [0x00000000e0000000, 0x00000000e8000000, 0x00000000e8000000)
  eden space 87424K,   0% used [0x00000000e0000000, 0x00000000e0000000, 0x00000000e5560000)
  from space 21824K,  53% used [0x00000000e5560000, 0x00000000e60adf08, 0x00000000e6ab0000)
  to   space 21824K,   0% used [0x00000000e6ab0000, 0x00000000e6ab0000, 0x00000000e8000000)
 concurrent mark-sweep generation total 393216K, used 0K [0x00000000e8000000, 0x0000000100000000, 0x0000000100000000)
 Metaspace       used 22180K, capacity 22530K, committed 22624K, reserved 1069056K
  class space    used 2568K, capacity 2720K, committed 2760K, reserved 1048576K
}
2017-02-02T09:33:20.555+0100: 2,757: Total time for which application threads were stopped: 0,0091185 seconds, Stopping threads took: 0,0000402 seconds
2017-02-02T09:33:20.570+0100: 2,773: Total time for which application threads were stopped: 0,0001127 seconds, Stopping threads took: 0,0000269 seconds
2017-02-02T09:33:20.571+0100: 2,774: Total time for which application threads were stopped: 0,0001285 seconds, Stopping threads took: 0,0000596 seconds
2017-02-02T09:33:20.607+0100: 2,809: Total time for which application threads were stopped: 0,0003217 seconds, Stopping threads took: 0,0000455 seconds
2017-02-02T09:33:20.614+0100: 2,817: Total time for which application threads were stopped: 0,0001348 seconds, Stopping threads took: 0,0000419 seconds
2017-02-02T09:33:20.645+0100: 2,848: Total time for which application threads were stopped: 0,0001340 seconds, Stopping threads took: 0,0000412 seconds
2017-02-02T09:33:20.687+0100: 2,889: Total time for which application threads were stopped: 0,0001549 seconds, Stopping threads took: 0,0000711 seconds
2017-02-02T09:33:20.751+0100: 2,954: Total time for which application threads were stopped: 0,0001965 seconds, Stopping threads took: 0,0000387 seconds
2017-02-02T09:33:20.751+0100: 2,954: [CMS-concurrent-abortable-preclean: 0,195/0,300 secs] [Times: user=1,09 sys=0,03, real=0,30 secs] 
2017-02-02T09:33:20.755+0100: 2,957: [GC (CMS Final Remark) [YG occupancy: 71814 K (109248 K)]{Heap before GC invocations=4 (full 1):
 par new generation   total 109248K, used 71814K [0x00000000e0000000, 0x00000000e8000000, 0x00000000e8000000)
  eden space 87424K,  68% used [0x00000000e0000000, 0x00000000e3ad38f8, 0x00000000e5560000)
  from space 21824K,  53% used [0x00000000e5560000, 0x00000000e60adf08, 0x00000000e6ab0000)
  to   space 21824K,   0% used [0x00000000e6ab0000, 0x00000000e6ab0000, 0x00000000e8000000)
 concurrent mark-sweep generation total 393216K, used 0K [0x00000000e8000000, 0x0000000100000000, 0x0000000100000000)
 Metaspace       used 23567K, capacity 23914K, committed 24208K, reserved 1071104K
  class space    used 2739K, capacity 2882K, committed 2912K, reserved 1048576K
2017-02-02T09:33:20.755+0100: 2,957: [GC (CMS Final Remark) 2017-02-02T09:33:20.755+0100: 2,957: [ParNew
Desired survivor size 20112992 bytes, new threshold 8 (max 8)
- age   1:    1944616 bytes,    1944616 total
- age   2:     126240 bytes,    2070856 total
- age   3:     589304 bytes,    2660160 total
- age   4:    1202816 bytes,    3862976 total
- age   5:    6467088 bytes,   10330064 total
: 71814K->12397K(109248K), 0,0117905 secs] 71814K->12397K(502464K), 0,0118393 secs] [Times: user=0,04 sys=0,00, real=0,01 secs] 
Heap after GC invocations=5 (full 1):
 par new generation   total 109248K, used 12397K [0x00000000e0000000, 0x00000000e8000000, 0x00000000e8000000)
  eden space 87424K,   0% used [0x00000000e0000000, 0x00000000e0000000, 0x00000000e5560000)
  from space 21824K,  56% used [0x00000000e6ab0000, 0x00000000e76cb780, 0x00000000e8000000)
  to   space 21824K,   0% used [0x00000000e5560000, 0x00000000e5560000, 0x00000000e6ab0000)
 concurrent mark-sweep generation total 393216K, used 0K [0x00000000e8000000, 0x0000000100000000, 0x0000000100000000)
 Metaspace       used 23567K, capacity 23914K, committed 24208K, reserved 1071104K
  class space    used 2739K, capacity 2882K, committed 2912K, reserved 1048576K
}
2017-02-02T09:33:20.767+0100: 2,969: [Rescan (parallel) , 0,0047978 secs]2017-02-02T09:33:20.772+0100: 2,974: [weak refs processing, 0,0012642 secs]2017-02-02T09:33:20.773+0100: 2,975: [class unloading, 0,0032275 secs]2017-02-02T09:33:20.776+0100: 2,979: [scrub symbol table, 0,0031664 secs]2017-02-02T09:33:20.779+0100: 2,982: [scrub string table, 0,0004115 secs][1 CMS-remark: 0K(393216K)] 12397K(502464K), 0,0254779 secs] [Times: user=0,07 sys=0,00, real=0,03 secs] 
2017-02-02T09:33:20.780+0100: 2,983: Total time for which application threads were stopped: 0,0258651 seconds, Stopping threads took: 0,0002939 seconds
2017-02-02T09:33:20.780+0100: 2,983: [CMS-concurrent-sweep-start]
2017-02-02T09:33:20.780+0100: 2,983: [CMS-concurrent-sweep: 0,000/0,000 secs] [Times: user=0,00 sys=0,00, real=0,00 secs] 
2017-02-02T09:33:20.780+0100: 2,983: [CMS-concurrent-reset-start]
2017-02-02T09:33:20.785+0100: 2,987: [CMS-concurrent-reset: 0,004/0,004 secs] [Times: user=0,02 sys=0,00, real=0,00 secs] 
2017-02-02T09:33:20.822+0100: 3,024: Total time for which application threads were stopped: 0,0012251 seconds, Stopping threads took: 0,0008556 seconds
2017-02-02T09:33:21.251+0100: 3,454: Total time for which application threads were stopped: 0,0005098 seconds, Stopping threads took: 0,0000442 seconds
2017-02-02T09:33:21.312+0100: 3,515: Total time for which application threads were stopped: 0,0004722 seconds, Stopping threads took: 0,0000344 seconds
2017-02-02T09:33:21.846+0100: 4,049: Total time for which application threads were stopped: 0,0005176 seconds, Stopping threads took: 0,0000299 seconds
2017-02-02T09:33:49.227+0100: 32,052: Total time for which application threads were stopped: 0,0000828 seconds, Stopping threads took: 0,0000345 seconds
2017-02-02T09:34:34.233+0100: 77,057: Total time for which application threads were stopped: 0,0000589 seconds, Stopping threads took: 0,0000169 seconds
2017-02-02T09:35:54.244+0100: 157,068: Total time for which application threads were stopped: 0,0002130 seconds, Stopping threads took: 0,0000804 seconds
{Heap before GC invocations=5 (full 1):
 par new generation   total 109248K, used 99821K [0x00000000e0000000, 0x00000000e8000000, 0x00000000e8000000)
  eden space 87424K, 100% used [0x00000000e0000000, 0x00000000e5560000, 0x00000000e5560000)
  from space 21824K,  56% used [0x00000000e6ab0000, 0x00000000e76cb780, 0x00000000e8000000)
  to   space 21824K,   0% used [0x00000000e5560000, 0x00000000e5560000, 0x00000000e6ab0000)
 concurrent mark-sweep generation total 393216K, used 0K [0x00000000e8000000, 0x0000000100000000, 0x0000000100000000)
 Metaspace       used 28994K, capacity 29456K, committed 29764K, reserved 1075200K
  class space    used 3361K, capacity 3555K, committed 3680K, reserved 1048576K
2017-02-02T09:36:36.816+0100: 199,641: [GC (Allocation Failure) 2017-02-02T09:36:36.816+0100: 199,641: [ParNew
Desired survivor size 20112992 bytes, new threshold 8 (max 8)
- age   1:   10566480 bytes,   10566480 total
- age   2:     681592 bytes,   11248072 total
- age   3:     125584 bytes,   11373656 total
- age   4:     387880 bytes,   11761536 total
- age   5:     852936 bytes,   12614472 total
- age   6:    6397768 bytes,   19012240 total
: 99821K->21824K(109248K), 0,0248738 secs] 99821K->21824K(502464K), 0,0249577 secs] [Times: user=0,05 sys=0,01, real=0,03 secs] 
Heap after GC invocations=6 (full 1):
 par new generation   total 109248K, used 21824K [0x00000000e0000000, 0x00000000e8000000, 0x00000000e8000000)
  eden space 87424K,   0% used [0x00000000e0000000, 0x00000000e0000000, 0x00000000e5560000)
  from space 21824K, 100% used [0x00000000e5560000, 0x00000000e6ab0000, 0x00000000e6ab0000)
  to   space 21824K,   0% used [0x00000000e6ab0000, 0x00000000e6ab0000, 0x00000000e8000000)
 concurrent mark-sweep generation total 393216K, used 0K [0x00000000e8000000, 0x0000000100000000, 0x0000000100000000)
 Metaspace       used 28994K, capacity 29456K, committed 29764K, reserved 1075200K
  class space    used 3361K, capacity 3555K, committed 3680K, reserved 1048576K
}
2017-02-02T09:36:36.841+0100: 199,666: Total time for which application threads were stopped: 0,0251348 seconds, Stopping threads took: 0,0000330 seconds
2017-02-02T09:36:36.841+0100: 199,666: Total time for which application threads were stopped: 0,0000872 seconds, Stopping threads took: 0,0000283 seconds
2017-02-02T09:36:36.845+0100: 199,669: Total time for which application threads were stopped: 0,0005303 seconds, Stopping threads took: 0,0001857 seconds
2017-02-02T09:36:36.849+0100: 199,674: Total time for which application threads were stopped: 0,0005113 seconds, Stopping threads took: 0,0004138 seconds
2017-02-02T09:36:36.856+0100: 199,680: Total time for which application threads were stopped: 0,0014711 seconds, Stopping threads took: 0,0014152 seconds
2017-02-02T09:36:36.856+0100: 199,680: Total time for which application threads were stopped: 0,0000678 seconds, Stopping threads took: 0,0000258 seconds
2017-02-02T09:36:36.867+0100: 199,692: Total time for which application threads were stopped: 0,0005165 seconds, Stopping threads took: 0,0004067 seconds
2017-02-02T09:36:36.868+0100: 199,692: Total time for which application threads were stopped: 0,0001320 seconds, Stopping threads took: 0,0000434 seconds
2017-02-02T09:36:36.873+0100: 199,698: Total time for which application threads were stopped: 0,0002193 seconds, Stopping threads took: 0,0001016 seconds
2017-02-02T09:36:36.881+0100: 199,706: Total time for which application threads were stopped: 0,0004140 seconds, Stopping threads took: 0,0003155 seconds
2017-02-02T09:36:36.891+0100: 199,716: Total time for which application threads were stopped: 0,0005396 seconds, Stopping threads took: 0,0004451 seconds
2017-02-02T09:36:36.896+0100: 199,721: Total time for which application threads were stopped: 0,0004728 seconds, Stopping threads took: 0,0000269 seconds
2017-02-02T09:36:36.913+0100: 199,738: Total time for which application threads were stopped: 0,0001104 seconds, Stopping threads took: 0,0000175 seconds
2017-02-02T09:36:36.932+0100: 199,756: Total time for which application threads were stopped: 0,0005647 seconds, Stopping threads took: 0,0001485 seconds
2017-02-02T09:36:36.933+0100: 199,757: Total time for which application threads were stopped: 0,0004913 seconds, Stopping threads took: 0,0001963 seconds
2017-02-02T09:36:36.937+0100: 199,761: Total time for which application threads were stopped: 0,0000887 seconds, Stopping threads took: 0,0000370 seconds
2017-02-02T09:36:36.985+0100: 199,809: Total time for which application threads were stopped: 0,0000940 seconds, Stopping threads took: 0,0000396 seconds
2017-02-02T09:36:37.011+0100: 199,835: Total time for which application threads were stopped: 0,0000844 seconds, Stopping threads took: 0,0000161 seconds
2017-02-02T09:36:37.011+0100: 199,835: Total time for which application threads were stopped: 0,0000849 seconds, Stopping threads took: 0,0000375 seconds
2017-02-02T09:36:37.011+0100: 199,836: Total time for which application threads were stopped: 0,0000794 seconds, Stopping threads took: 0,0000150 seconds
2017-02-02T09:36:37.011+0100: 199,836: Total time for which application threads were stopped: 0,0000484 seconds, Stopping threads took: 0,0000076 seconds
2017-02-02T09:36:37.013+0100: 199,837: Total time for which application threads were stopped: 0,0000967 seconds, Stopping threads took: 0,0000227 seconds
2017-02-02T09:36:37.013+0100: 199,837: Total time for which application threads were stopped: 0,0001685 seconds, Stopping threads took: 0,0000128 seconds
2017-02-02T09:36:37.013+0100: 199,838: Total time for which application threads were stopped: 0,0001012 seconds, Stopping threads took: 0,0000407 seconds
2017-02-02T09:36:37.014+0100: 199,838: Total time for which application threads were stopped: 0,0000575 seconds, Stopping threads took: 0,0000125 seconds
2017-02-02T09:36:37.023+0100: 199,848: Total time for which application threads were stopped: 0,0001331 seconds, Stopping threads took: 0,0000533 seconds
2017-02-02T09:36:37.024+0100: 199,849: Total time for which application threads were stopped: 0,0001493 seconds, Stopping threads took: 0,0000375 seconds
2017-02-02T09:36:37.026+0100: 199,850: Total time for which application threads were stopped: 0,0001618 seconds, Stopping threads took: 0,0000255 seconds
2017-02-02T09:36:37.027+0100: 199,852: Total time for which application threads were stopped: 0,0006533 seconds, Stopping threads took: 0,0005316 seconds
2017-02-02T09:36:37.028+0100: 199,853: Total time for which application threads were stopped: 0,0002544 seconds, Stopping threads took: 0,0001480 seconds
2017-02-02T09:36:37.029+0100: 199,854: Total time for which application threads were stopped: 0,0001205 seconds, Stopping threads took: 0,0000202 seconds
2017-02-02T09:36:37.031+0100: 199,855: Total time for which application threads were stopped: 0,0004520 seconds, Stopping threads took: 0,0003266 seconds
2017-02-02T09:36:37.031+0100: 199,855: Total time for which application threads were stopped: 0,0000768 seconds, Stopping threads took: 0,0000101 seconds
2017-02-02T09:36:37.044+0100: 199,869: Total time for which application threads were stopped: 0,0001288 seconds, Stopping threads took: 0,0000486 seconds
2017-02-02T09:36:37.048+0100: 199,873: Total time for which application threads were stopped: 0,0001257 seconds, Stopping threads took: 0,0000205 seconds
2017-02-02T09:36:37.049+0100: 199,873: Total time for which application threads were stopped: 0,0000975 seconds, Stopping threads took: 0,0000316 seconds
2017-02-02T09:36:37.057+0100: 199,882: Total time for which application threads were stopped: 0,0062953 seconds, Stopping threads took: 0,0061970 seconds
2017-02-02T09:36:37.061+0100: 199,886: Total time for which application threads were stopped: 0,0001031 seconds, Stopping threads took: 0,0000169 seconds
2017-02-02T09:36:37.062+0100: 199,887: Total time for which application threads were stopped: 0,0004185 seconds, Stopping threads took: 0,0000146 seconds
2017-02-02T09:36:37.077+0100: 199,901: Total time for which application threads were stopped: 0,0013122 seconds, Stopping threads took: 0,0012027 seconds
2017-02-02T09:36:37.078+0100: 199,902: Total time for which application threads were stopped: 0,0001181 seconds, Stopping threads took: 0,0000268 seconds
2017-02-02T09:36:37.085+0100: 199,910: Total time for which application threads were stopped: 0,0002606 seconds, Stopping threads took: 0,0001803 seconds
2017-02-02T09:36:37.086+0100: 199,911: Total time for which application threads were stopped: 0,0001061 seconds, Stopping threads took: 0,0000247 seconds
2017-02-02T09:36:37.089+0100: 199,913: Total time for which application threads were stopped: 0,0001028 seconds, Stopping threads took: 0,0000221 seconds
2017-02-02T09:36:37.100+0100: 199,925: Total time for which application threads were stopped: 0,0001196 seconds, Stopping threads took: 0,0000405 seconds
2017-02-02T09:36:37.101+0100: 199,925: Total time for which application threads were stopped: 0,0000790 seconds, Stopping threads took: 0,0000144 seconds
2017-02-02T09:36:37.101+0100: 199,926: Total time for which application threads were stopped: 0,0000598 seconds, Stopping threads took: 0,0000082 seconds
2017-02-02T09:36:37.101+0100: 199,926: Total time for which application threads were stopped: 0,0001310 seconds, Stopping threads took: 0,0000052 seconds
2017-02-02T09:36:37.279+0100: 200,104: Total time for which application threads were stopped: 0,0001507 seconds, Stopping threads took: 0,0000632 seconds
2017-02-02T09:36:37.304+0100: 200,129: Total time for which application threads were stopped: 0,0001159 seconds, Stopping threads took: 0,0000308 seconds
2017-02-02T09:36:37.306+0100: 200,131: Total time for which application threads were stopped: 0,0001717 seconds, Stopping threads took: 0,0000513 seconds
2017-02-02T09:36:37.355+0100: 200,180: Total time for which application threads were stopped: 0,0001561 seconds, Stopping threads took: 0,0000578 seconds
2017-02-02T09:36:37.355+0100: 200,180: Total time for which application threads were stopped: 0,0000864 seconds, Stopping threads took: 0,0000270 seconds
2017-02-02T09:36:37.355+0100: 200,180: Total time for which application threads were stopped: 0,0000578 seconds, Stopping threads took: 0,0000166 seconds
2017-02-02T09:36:37.355+0100: 200,180: Total time for which application threads were stopped: 0,0000481 seconds, Stopping threads took: 0,0000124 seconds
2017-02-02T09:36:37.355+0100: 200,180: Total time for which application threads were stopped: 0,0000486 seconds, Stopping threads took: 0,0000124 seconds
2017-02-02T09:36:37.356+0100: 200,180: Total time for which application threads were stopped: 0,0000463 seconds, Stopping threads took: 0,0000112 seconds
2017-02-02T09:36:37.356+0100: 200,180: Total time for which application threads were stopped: 0,0000522 seconds, Stopping threads took: 0,0000133 seconds
2017-02-02T09:36:37.358+0100: 200,182: Total time for which application threads were stopped: 0,0001532 seconds, Stopping threads took: 0,0000528 seconds
2017-02-02T09:36:37.358+0100: 200,182: Total time for which application threads were stopped: 0,0000529 seconds, Stopping threads took: 0,0000077 seconds
2017-02-02T09:36:37.358+0100: 200,182: Total time for which application threads were stopped: 0,0000416 seconds, Stopping threads took: 0,0000061 seconds
2017-02-02T09:36:37.358+0100: 200,182: Total time for which application threads were stopped: 0,0000360 seconds, Stopping threads took: 0,0000047 seconds
2017-02-02T09:36:37.358+0100: 200,183: Total time for which application threads were stopped: 0,0000359 seconds, Stopping threads took: 0,0000045 seconds
2017-02-02T09:36:37.358+0100: 200,183: Total time for which application threads were stopped: 0,0000355 seconds, Stopping threads took: 0,0000045 seconds
2017-02-02T09:36:37.358+0100: 200,183: Total time for which application threads were stopped: 0,0000351 seconds, Stopping threads took: 0,0000043 seconds
2017-02-02T09:36:37.359+0100: 200,183: Total time for which application threads were stopped: 0,0000775 seconds, Stopping threads took: 0,0000129 seconds
2017-02-02T09:36:37.359+0100: 200,183: Total time for which application threads were stopped: 0,0001688 seconds, Stopping threads took: 0,0000052 seconds
2017-02-02T09:36:38.054+0100: 200,879: Total time for which application threads were stopped: 0,0025554 seconds, Stopping threads took: 0,0024179 seconds
2017-02-02T09:36:38.095+0100: 200,920: Total time for which application threads were stopped: 0,0005223 seconds, Stopping threads took: 0,0000994 seconds
2017-02-02T09:36:38.117+0100: 200,942: Total time for which application threads were stopped: 0,0006173 seconds, Stopping threads took: 0,0004987 seconds
2017-02-02T09:36:38.118+0100: 200,942: Total time for which application threads were stopped: 0,0001227 seconds, Stopping threads took: 0,0000384 seconds
2017-02-02T09:36:38.118+0100: 200,942: Total time for which application threads were stopped: 0,0001813 seconds, Stopping threads took: 0,0000160 seconds
2017-02-02T09:36:38.118+0100: 200,942: Total time for which application threads were stopped: 0,0000858 seconds, Stopping threads took: 0,0000156 seconds
2017-02-02T09:36:38.121+0100: 200,946: Total time for which application threads were stopped: 0,0001973 seconds, Stopping threads took: 0,0001001 seconds
2017-02-02T09:36:38.144+0100: 200,969: Total time for which application threads were stopped: 0,0001078 seconds, Stopping threads took: 0,0000274 seconds
2017-02-02T09:36:38.148+0100: 200,973: Total time for which application threads were stopped: 0,0002583 seconds, Stopping threads took: 0,0001254 seconds
2017-02-02T09:36:38.149+0100: 200,973: Total time for which application threads were stopped: 0,0000690 seconds, Stopping threads took: 0,0000110 seconds
2017-02-02T09:36:38.149+0100: 200,973: Total time for which application threads were stopped: 0,0000548 seconds, Stopping threads took: 0,0000072 seconds
2017-02-02T09:36:38.149+0100: 200,973: Total time for which application threads were stopped: 0,0000507 seconds, Stopping threads took: 0,0000109 seconds
2017-02-02T09:36:38.150+0100: 200,974: Total time for which application threads were stopped: 0,0000905 seconds, Stopping threads took: 0,0000213 seconds
2017-02-02T09:36:38.150+0100: 200,974: Total time for which application threads were stopped: 0,0000487 seconds, Stopping threads took: 0,0000100 seconds
2017-02-02T09:36:38.150+0100: 200,974: Total time for which application threads were stopped: 0,0000482 seconds, Stopping threads took: 0,0000089 seconds
2017-02-02T09:36:38.150+0100: 200,975: Total time for which application threads were stopped: 0,0000459 seconds, Stopping threads took: 0,0000087 seconds
2017-02-02T09:36:38.150+0100: 200,975: Total time for which application threads were stopped: 0,0000463 seconds, Stopping threads took: 0,0000115 seconds
2017-02-02T09:36:38.150+0100: 200,975: Total time for which application threads were stopped: 0,0000430 seconds, Stopping threads took: 0,0000087 seconds
2017-02-02T09:36:38.150+0100: 200,975: Total time for which application threads were stopped: 0,0000417 seconds, Stopping threads took: 0,0000084 seconds
2017-02-02T09:36:38.150+0100: 200,975: Total time for which application threads were stopped: 0,0000420 seconds, Stopping threads took: 0,0000088 seconds
2017-02-02T09:36:38.151+0100: 200,976: Total time for which application threads were stopped: 0,0000922 seconds, Stopping threads took: 0,0000245 seconds
2017-02-02T09:36:38.151+0100: 200,976: Total time for which application threads were stopped: 0,0000524 seconds, Stopping threads took: 0,0000095 seconds
2017-02-02T09:36:38.160+0100: 200,984: Total time for which application threads were stopped: 0,0001081 seconds, Stopping threads took: 0,0000214 seconds
2017-02-02T09:36:38.160+0100: 200,984: Total time for which application threads were stopped: 0,0000623 seconds, Stopping threads took: 0,0000099 seconds
2017-02-02T09:36:38.167+0100: 200,992: Total time for which application threads were stopped: 0,0001176 seconds, Stopping threads took: 0,0000270 seconds
2017-02-02T09:36:38.167+0100: 200,992: Total time for which application threads were stopped: 0,0000947 seconds, Stopping threads took: 0,0000394 seconds
2017-02-02T09:36:39.167+0100: 201,992: Total time for which application threads were stopped: 0,0000722 seconds, Stopping threads took: 0,0000189 seconds
2017-02-02T09:36:55.170+0100: 217,994: Total time for which application threads were stopped: 0,0001268 seconds, Stopping threads took: 0,0000425 seconds
2017-02-02T09:36:55.216+0100: 218,041: Total time for which application threads were stopped: 0,0001368 seconds, Stopping threads took: 0,0000496 seconds
2017-02-02T09:36:55.216+0100: 218,041: Total time for which application threads were stopped: 0,0000610 seconds, Stopping threads took: 0,0000100 seconds
2017-02-02T09:36:55.218+0100: 218,043: Total time for which application threads were stopped: 0,0007051 seconds, Stopping threads took: 0,0006267 seconds
2017-02-02T09:36:55.218+0100: 218,043: Total time for which application threads were stopped: 0,0000585 seconds, Stopping threads took: 0,0000241 seconds
2017-02-02T09:36:55.229+0100: 218,053: Total time for which application threads were stopped: 0,0007228 seconds, Stopping threads took: 0,0006319 seconds
2017-02-02T09:36:55.229+0100: 218,053: Total time for which application threads were stopped: 0,0000545 seconds, Stopping threads took: 0,0000123 seconds
2017-02-02T09:36:55.233+0100: 218,058: Total time for which application threads were stopped: 0,0001112 seconds, Stopping threads took: 0,0000303 seconds
2017-02-02T09:36:55.233+0100: 218,058: Total time for which application threads were stopped: 0,0000463 seconds, Stopping threads took: 0,0000079 seconds
2017-02-02T09:37:16.814+0100: 239,638: Total time for which application threads were stopped: 0,0001355 seconds, Stopping threads took: 0,0000415 seconds
2017-02-02T09:37:16.814+0100: 239,639: Total time for which application threads were stopped: 0,0000569 seconds, Stopping threads took: 0,0000071 seconds
2017-02-02T09:37:16.814+0100: 239,639: Total time for which application threads were stopped: 0,0000544 seconds, Stopping threads took: 0,0000163 seconds
2017-02-02T09:37:16.814+0100: 239,639: Total time for which application threads were stopped: 0,0000625 seconds, Stopping threads took: 0,0000067 seconds
2017-02-02T09:37:16.815+0100: 239,639: Total time for which application threads were stopped: 0,0000559 seconds, Stopping threads took: 0,0000142 seconds
2017-02-02T09:37:16.818+0100: 239,643: Total time for which application threads were stopped: 0,0001594 seconds, Stopping threads took: 0,0000343 seconds
2017-02-02T09:37:16.818+0100: 239,643: Total time for which application threads were stopped: 0,0000735 seconds, Stopping threads took: 0,0000080 seconds
2017-02-02T09:37:16.819+0100: 239,643: Total time for which application threads were stopped: 0,0000618 seconds, Stopping threads took: 0,0000062 seconds
2017-02-02T09:37:16.819+0100: 239,643: Total time for which application threads were stopped: 0,0000650 seconds, Stopping threads took: 0,0000170 seconds
2017-02-02T09:37:16.819+0100: 239,643: Total time for which application threads were stopped: 0,0000537 seconds, Stopping threads took: 0,0000130 seconds
2017-02-02T09:37:16.844+0100: 239,669: Total time for which application threads were stopped: 0,0015156 seconds, Stopping threads took: 0,0014124 seconds
2017-02-02T09:37:16.844+0100: 239,669: Total time for which application threads were stopped: 0,0000555 seconds, Stopping threads took: 0,0000079 seconds
2017-02-02T09:37:16.853+0100: 239,677: Total time for which application threads were stopped: 0,0043336 seconds, Stopping threads took: 0,0042185 seconds
2017-02-02T09:37:16.859+0100: 239,684: Total time for which application threads were stopped: 0,0001057 seconds, Stopping threads took: 0,0000296 seconds
2017-02-02T09:37:19.551+0100: 242,376: Total time for which application threads were stopped: 0,0001983 seconds, Stopping threads took: 0,0000600 seconds
2017-02-02T09:37:19.552+0100: 242,376: Total time for which application threads were stopped: 0,0000728 seconds, Stopping threads took: 0,0000114 seconds
2017-02-02T09:37:19.554+0100: 242,378: Total time for which application threads were stopped: 0,0001166 seconds, Stopping threads took: 0,0000376 seconds
2017-02-02T09:37:19.554+0100: 242,378: Total time for which application threads were stopped: 0,0000617 seconds, Stopping threads took: 0,0000178 seconds
2017-02-02T09:37:19.554+0100: 242,379: Total time for which application threads were stopped: 0,0000399 seconds, Stopping threads took: 0,0000085 seconds
2017-02-02T09:37:19.554+0100: 242,379: Total time for which application threads were stopped: 0,0000391 seconds, Stopping threads took: 0,0000082 seconds
2017-02-02T09:37:19.554+0100: 242,379: Total time for which application threads were stopped: 0,0000824 seconds, Stopping threads took: 0,0000293 seconds
2017-02-02T09:37:38.121+0100: 260,946: Total time for which application threads were stopped: 0,0000891 seconds, Stopping threads took: 0,0000210 seconds
2017-02-02T09:38:04.124+0100: 286,949: Total time for which application threads were stopped: 0,0000876 seconds, Stopping threads took: 0,0000194 seconds
2017-02-02T09:38:19.554+0100: 302,379: Total time for which application threads were stopped: 0,0000853 seconds, Stopping threads took: 0,0000308 seconds
2017-02-02T09:38:26.470+0100: 309,295: Total time for which application threads were stopped: 0,0001279 seconds, Stopping threads took: 0,0000394 seconds
2017-02-02T09:38:26.471+0100: 309,296: Total time for which application threads were stopped: 0,0001139 seconds, Stopping threads took: 0,0000581 seconds
2017-02-02T09:38:27.472+0100: 310,296: Total time for which application threads were stopped: 0,0000855 seconds, Stopping threads took: 0,0000210 seconds
2017-02-02T09:38:31.448+0100: 314,272: Total time for which application threads were stopped: 0,0001548 seconds, Stopping threads took: 0,0000642 seconds
2017-02-02T09:38:31.448+0100: 314,272: Total time for which application threads were stopped: 0,0000729 seconds, Stopping threads took: 0,0000239 seconds
2017-02-02T09:38:31.452+0100: 314,276: Total time for which application threads were stopped: 0,0001965 seconds, Stopping threads took: 0,0001281 seconds
2017-02-02T09:38:31.452+0100: 314,276: Total time for which application threads were stopped: 0,0001108 seconds, Stopping threads took: 0,0000734 seconds
2017-02-02T09:38:32.452+0100: 315,277: Total time for which application threads were stopped: 0,0000706 seconds, Stopping threads took: 0,0000163 seconds
2017-02-02T09:38:51.455+0100: 334,279: Total time for which application threads were stopped: 0,0001783 seconds, Stopping threads took: 0,0000714 seconds
2017-02-02T09:39:26.472+0100: 369,296: Total time for which application threads were stopped: 0,0001004 seconds, Stopping threads took: 0,0000420 seconds
2017-02-02T09:39:31.452+0100: 374,277: Total time for which application threads were stopped: 0,0000784 seconds, Stopping threads took: 0,0000285 seconds
2017-02-02T09:44:10.291+0100: 653,115: Total time for which application threads were stopped: 0,0000955 seconds, Stopping threads took: 0,0000170 seconds
2017-02-02T09:44:10.302+0100: 653,127: Total time for which application threads were stopped: 0,0001188 seconds, Stopping threads took: 0,0000257 seconds
Heap
 par new generation   total 109248K, used 48738K [0x00000000e0000000, 0x00000000e8000000, 0x00000000e8000000)
  eden space 87424K,  30% used [0x00000000e0000000, 0x00000000e1a489e0, 0x00000000e5560000)
  from space 21824K, 100% used [0x00000000e5560000, 0x00000000e6ab0000, 0x00000000e6ab0000)
  to   space 21824K,   0% used [0x00000000e6ab0000, 0x00000000e6ab0000, 0x00000000e8000000)
 concurrent mark-sweep generation total 393216K, used 0K [0x00000000e8000000, 0x0000000100000000, 0x0000000100000000)
 Metaspace       used 31077K, capacity 31648K, committed 31940K, reserved 1077248K
  class space    used 3580K, capacity 3769K, committed 3808K, reserved 1048576K
