OpenJDK 64-Bit Server VM (25.121-b13) for linux-amd64 JRE (1.8.0_121-8u121-b13-0ubuntu1.16.04.2-b13), built on Jan 23 2017 15:51:29 by "buildd" with gcc 5.4.0 20160609
Memory: 4k page, physical 7867800k(7508596k free), swap 8076284k(8076284k free)
CommandLine flags: -XX:CMSInitiatingOccupancyFraction=50 -XX:CMSMaxAbortablePrecleanTime=6000 -XX:+CMSParallelRemarkEnabled -XX:+CMSScavengeBeforeRemark -XX:ConcGCThreads=4 -XX:InitialHeapSize=536870912 -XX:MaxHeapSize=536870912 -XX:MaxTenuringThreshold=8 -XX:NewRatio=3 -XX:OldPLABSize=16 -XX:OnOutOfMemoryError=/opt/solr/bin/oom_solr.sh 8983 /var/solr/logs -XX:ParallelGCThreads=4 -XX:+ParallelRefProcEnabled -XX:PretenureSizeThreshold=67108864 -XX:+PrintGC -XX:+PrintGCApplicationStoppedTime -XX:+PrintGCDateStamps -XX:+PrintGCDetails -XX:+PrintGCTimeStamps -XX:+PrintHeapAtGC -XX:+PrintTenuringDistribution -XX:SurvivorRatio=4 -XX:TargetSurvivorRatio=90 -XX:ThreadStackSize=256 -XX:+UseCMSInitiatingOccupancyOnly -XX:+UseCompressedClassPointers -XX:+UseCompressedOops -XX:+UseConcMarkSweepGC -XX:+UseParNewGC 
2017-02-23T09:05:43.491+0100: 0,157: Total time for which application threads were stopped: 0,0000855 seconds, Stopping threads took: 0,0000098 seconds
2017-02-23T09:05:43.579+0100: 0,245: Total time for which application threads were stopped: 0,0001783 seconds, Stopping threads took: 0,0000851 seconds
2017-02-23T09:05:43.598+0100: 0,264: Total time for which application threads were stopped: 0,0001234 seconds, Stopping threads took: 0,0000283 seconds
2017-02-23T09:05:44.339+0100: 1,004: Total time for which application threads were stopped: 0,0001449 seconds, Stopping threads took: 0,0000211 seconds
2017-02-23T09:05:44.405+0100: 1,071: Total time for which application threads were stopped: 0,0001379 seconds, Stopping threads took: 0,0000119 seconds
2017-02-23T09:05:44.437+0100: 1,103: Total time for which application threads were stopped: 0,0002162 seconds, Stopping threads took: 0,0000444 seconds
2017-02-23T09:05:44.680+0100: 1,346: Total time for which application threads were stopped: 0,0006852 seconds, Stopping threads took: 0,0000769 seconds
2017-02-23T09:05:44.888+0100: 1,553: Total time for which application threads were stopped: 0,0008691 seconds, Stopping threads took: 0,0000575 seconds
2017-02-23T09:05:44.912+0100: 1,578: Total time for which application threads were stopped: 0,0002512 seconds, Stopping threads took: 0,0000222 seconds
2017-02-23T09:05:44.956+0100: 1,622: Total time for which application threads were stopped: 0,0001992 seconds, Stopping threads took: 0,0000179 seconds
2017-02-23T09:05:44.957+0100: 1,623: Total time for which application threads were stopped: 0,0001442 seconds, Stopping threads took: 0,0000126 seconds
2017-02-23T09:05:44.975+0100: 1,641: Total time for which application threads were stopped: 0,0001777 seconds, Stopping threads took: 0,0000107 seconds
2017-02-23T09:05:45.054+0100: 1,720: Total time for which application threads were stopped: 0,0002523 seconds, Stopping threads took: 0,0000239 seconds
2017-02-23T09:05:45.202+0100: 1,868: Total time for which application threads were stopped: 0,0003033 seconds, Stopping threads took: 0,0000570 seconds
{Heap before GC invocations=0 (full 0):
 par new generation   total 109248K, used 87424K [0x00000000e0000000, 0x00000000e8000000, 0x00000000e8000000)
  eden space 87424K, 100% used [0x00000000e0000000, 0x00000000e5560000, 0x00000000e5560000)
  from space 21824K,   0% used [0x00000000e5560000, 0x00000000e5560000, 0x00000000e6ab0000)
  to   space 21824K,   0% used [0x00000000e6ab0000, 0x00000000e6ab0000, 0x00000000e8000000)
 concurrent mark-sweep generation total 393216K, used 0K [0x00000000e8000000, 0x0000000100000000, 0x0000000100000000)
 Metaspace       used 17777K, capacity 18112K, committed 18304K, reserved 1064960K
  class space    used 2019K, capacity 2164K, committed 2176K, reserved 1048576K
2017-02-23T09:05:45.226+0100: 1,892: [GC (Allocation Failure) 2017-02-23T09:05:45.226+0100: 1,892: [ParNew
Desired survivor size 20112992 bytes, new threshold 8 (max 8)
- age   1:   11432808 bytes,   11432808 total
: 87424K->11274K(109248K), 0,0144981 secs] 87424K->11274K(502464K), 0,0145917 secs] [Times: user=0,04 sys=0,01, real=0,01 secs] 
Heap after GC invocations=1 (full 0):
 par new generation   total 109248K, used 11274K [0x00000000e0000000, 0x00000000e8000000, 0x00000000e8000000)
  eden space 87424K,   0% used [0x00000000e0000000, 0x00000000e0000000, 0x00000000e5560000)
  from space 21824K,  51% used [0x00000000e6ab0000, 0x00000000e75b29d0, 0x00000000e8000000)
  to   space 21824K,   0% used [0x00000000e5560000, 0x00000000e5560000, 0x00000000e6ab0000)
 concurrent mark-sweep generation total 393216K, used 0K [0x00000000e8000000, 0x0000000100000000, 0x0000000100000000)
 Metaspace       used 17777K, capacity 18112K, committed 18304K, reserved 1064960K
  class space    used 2019K, capacity 2164K, committed 2176K, reserved 1048576K
}
2017-02-23T09:05:45.241+0100: 1,907: Total time for which application threads were stopped: 0,0148154 seconds, Stopping threads took: 0,0000641 seconds
2017-02-23T09:05:45.607+0100: 2,273: Total time for which application threads were stopped: 0,0004470 seconds, Stopping threads took: 0,0000340 seconds
{Heap before GC invocations=1 (full 0):
 par new generation   total 109248K, used 98698K [0x00000000e0000000, 0x00000000e8000000, 0x00000000e8000000)
  eden space 87424K, 100% used [0x00000000e0000000, 0x00000000e5560000, 0x00000000e5560000)
  from space 21824K,  51% used [0x00000000e6ab0000, 0x00000000e75b29d0, 0x00000000e8000000)
  to   space 21824K,   0% used [0x00000000e5560000, 0x00000000e5560000, 0x00000000e6ab0000)
 concurrent mark-sweep generation total 393216K, used 0K [0x00000000e8000000, 0x0000000100000000, 0x0000000100000000)
 Metaspace       used 20051K, capacity 20412K, committed 20736K, reserved 1067008K
  class space    used 2292K, capacity 2464K, committed 2560K, reserved 1048576K
2017-02-23T09:05:45.636+0100: 2,302: [GC (Allocation Failure) 2017-02-23T09:05:45.636+0100: 2,302: [ParNew
Desired survivor size 20112992 bytes, new threshold 8 (max 8)
- age   1:    4355248 bytes,    4355248 total
- age   2:    5973912 bytes,   10329160 total
: 98698K->12533K(109248K), 0,0103665 secs] 98698K->12533K(502464K), 0,0104344 secs] [Times: user=0,03 sys=0,00, real=0,02 secs] 
Heap after GC invocations=2 (full 0):
 par new generation   total 109248K, used 12533K [0x00000000e0000000, 0x00000000e8000000, 0x00000000e8000000)
  eden space 87424K,   0% used [0x00000000e0000000, 0x00000000e0000000, 0x00000000e5560000)
  from space 21824K,  57% used [0x00000000e5560000, 0x00000000e619d788, 0x00000000e6ab0000)
  to   space 21824K,   0% used [0x00000000e6ab0000, 0x00000000e6ab0000, 0x00000000e8000000)
 concurrent mark-sweep generation total 393216K, used 0K [0x00000000e8000000, 0x0000000100000000, 0x0000000100000000)
 Metaspace       used 20051K, capacity 20412K, committed 20736K, reserved 1067008K
  class space    used 2292K, capacity 2464K, committed 2560K, reserved 1048576K
}
2017-02-23T09:05:45.647+0100: 2,313: Total time for which application threads were stopped: 0,0107188 seconds, Stopping threads took: 0,0001453 seconds
2017-02-23T09:05:45.655+0100: 2,320: Total time for which application threads were stopped: 0,0004162 seconds, Stopping threads took: 0,0000584 seconds
2017-02-23T09:05:45.707+0100: 2,372: Total time for which application threads were stopped: 0,0004298 seconds, Stopping threads took: 0,0000495 seconds
2017-02-23T09:05:45.818+0100: 2,484: Total time for which application threads were stopped: 0,0034372 seconds, Stopping threads took: 0,0033238 seconds
{Heap before GC invocations=2 (full 0):
 par new generation   total 109248K, used 99957K [0x00000000e0000000, 0x00000000e8000000, 0x00000000e8000000)
  eden space 87424K, 100% used [0x00000000e0000000, 0x00000000e5560000, 0x00000000e5560000)
  from space 21824K,  57% used [0x00000000e5560000, 0x00000000e619d788, 0x00000000e6ab0000)
  to   space 21824K,   0% used [0x00000000e6ab0000, 0x00000000e6ab0000, 0x00000000e8000000)
 concurrent mark-sweep generation total 393216K, used 0K [0x00000000e8000000, 0x0000000100000000, 0x0000000100000000)
 Metaspace       used 20979K, capacity 21334K, committed 21628K, reserved 1069056K
  class space    used 2414K, capacity 2583K, committed 2684K, reserved 1048576K
2017-02-23T09:05:45.850+0100: 2,516: [GC (Allocation Failure) 2017-02-23T09:05:45.850+0100: 2,516: [ParNew
Desired survivor size 20112992 bytes, new threshold 8 (max 8)
- age   1:    2388024 bytes,    2388024 total
- age   2:    1493376 bytes,    3881400 total
- age   3:    5972080 bytes,    9853480 total
: 99957K->14033K(109248K), 0,0107539 secs] 99957K->14033K(502464K), 0,0108341 secs] [Times: user=0,03 sys=0,00, real=0,01 secs] 
Heap after GC invocations=3 (full 0):
 par new generation   total 109248K, used 14033K [0x00000000e0000000, 0x00000000e8000000, 0x00000000e8000000)
  eden space 87424K,   0% used [0x00000000e0000000, 0x00000000e0000000, 0x00000000e5560000)
  from space 21824K,  64% used [0x00000000e6ab0000, 0x00000000e7864740, 0x00000000e8000000)
  to   space 21824K,   0% used [0x00000000e5560000, 0x00000000e5560000, 0x00000000e6ab0000)
 concurrent mark-sweep generation total 393216K, used 0K [0x00000000e8000000, 0x0000000100000000, 0x0000000100000000)
 Metaspace       used 20979K, capacity 21334K, committed 21628K, reserved 1069056K
  class space    used 2414K, capacity 2583K, committed 2684K, reserved 1048576K
}
2017-02-23T09:05:45.861+0100: 2,527: Total time for which application threads were stopped: 0,0115949 seconds, Stopping threads took: 0,0006323 seconds
2017-02-23T09:05:45.862+0100: 2,528: [GC (CMS Initial Mark) [1 CMS-initial-mark: 0K(393216K)] 14789K(502464K), 0,0027075 secs] [Times: user=0,01 sys=0,00, real=0,00 secs] 
2017-02-23T09:05:45.865+0100: 2,531: Total time for which application threads were stopped: 0,0039130 seconds, Stopping threads took: 0,0011182 seconds
2017-02-23T09:05:45.865+0100: 2,531: [CMS-concurrent-mark-start]
2017-02-23T09:05:45.865+0100: 2,531: [CMS-concurrent-mark: 0,001/0,001 secs] [Times: user=0,00 sys=0,00, real=0,00 secs] 
2017-02-23T09:05:45.866+0100: 2,531: [CMS-concurrent-preclean-start]
2017-02-23T09:05:45.866+0100: 2,532: [CMS-concurrent-preclean: 0,001/0,001 secs] [Times: user=0,01 sys=0,00, real=0,01 secs] 
2017-02-23T09:05:45.867+0100: 2,532: [GC (CMS Final Remark) [YG occupancy: 14789 K (109248 K)]{Heap before GC invocations=3 (full 1):
 par new generation   total 109248K, used 14789K [0x00000000e0000000, 0x00000000e8000000, 0x00000000e8000000)
  eden space 87424K,   0% used [0x00000000e0000000, 0x00000000e00bcd58, 0x00000000e5560000)
  from space 21824K,  64% used [0x00000000e6ab0000, 0x00000000e7864740, 0x00000000e8000000)
  to   space 21824K,   0% used [0x00000000e5560000, 0x00000000e5560000, 0x00000000e6ab0000)
 concurrent mark-sweep generation total 393216K, used 0K [0x00000000e8000000, 0x0000000100000000, 0x0000000100000000)
 Metaspace       used 20979K, capacity 21334K, committed 21628K, reserved 1069056K
  class space    used 2414K, capacity 2583K, committed 2684K, reserved 1048576K
2017-02-23T09:05:45.867+0100: 2,532: [GC (CMS Final Remark) 2017-02-23T09:05:45.867+0100: 2,532: [ParNew
Desired survivor size 20112992 bytes, new threshold 8 (max 8)
- age   1:      17000 bytes,      17000 total
- age   2:    2387952 bytes,    2404952 total
- age   3:    1493376 bytes,    3898328 total
- age   4:    5972080 bytes,    9870408 total
: 14789K->11894K(109248K), 0,0124105 secs] 14789K->11894K(502464K), 0,0124478 secs] [Times: user=0,03 sys=0,00, real=0,01 secs] 
Heap after GC invocations=4 (full 1):
 par new generation   total 109248K, used 11894K [0x00000000e0000000, 0x00000000e8000000, 0x00000000e8000000)
  eden space 87424K,   0% used [0x00000000e0000000, 0x00000000e0000000, 0x00000000e5560000)
  from space 21824K,  54% used [0x00000000e5560000, 0x00000000e60fdb40, 0x00000000e6ab0000)
  to   space 21824K,   0% used [0x00000000e6ab0000, 0x00000000e6ab0000, 0x00000000e8000000)
 concurrent mark-sweep generation total 393216K, used 0K [0x00000000e8000000, 0x0000000100000000, 0x0000000100000000)
 Metaspace       used 20979K, capacity 21334K, committed 21628K, reserved 1069056K
  class space    used 2414K, capacity 2583K, committed 2684K, reserved 1048576K
}
2017-02-23T09:05:45.879+0100: 2,545: [Rescan (parallel) , 0,0042395 secs]2017-02-23T09:05:45.883+0100: 2,549: [weak refs processing, 0,0012316 secs]2017-02-23T09:05:45.885+0100: 2,550: [class unloading, 0,0028032 secs]2017-02-23T09:05:45.887+0100: 2,553: [scrub symbol table, 0,0024159 secs]2017-02-23T09:05:45.890+0100: 2,556: [scrub string table, 0,0003431 secs][1 CMS-remark: 0K(393216K)] 11894K(502464K), 0,0241529 secs] [Times: user=0,05 sys=0,00, real=0,02 secs] 
2017-02-23T09:05:45.891+0100: 2,557: Total time for which application threads were stopped: 0,0242928 seconds, Stopping threads took: 0,0000644 seconds
2017-02-23T09:05:45.894+0100: 2,560: [CMS-concurrent-sweep-start]
2017-02-23T09:05:45.894+0100: 2,560: [CMS-concurrent-sweep: 0,000/0,000 secs] [Times: user=0,00 sys=0,00, real=0,00 secs] 
2017-02-23T09:05:45.894+0100: 2,560: [CMS-concurrent-reset-start]
2017-02-23T09:05:45.896+0100: 2,562: [CMS-concurrent-reset: 0,002/0,002 secs] [Times: user=0,00 sys=0,00, real=0,00 secs] 
{Heap before GC invocations=4 (full 1):
 par new generation   total 109248K, used 99318K [0x00000000e0000000, 0x00000000e8000000, 0x00000000e8000000)
  eden space 87424K, 100% used [0x00000000e0000000, 0x00000000e5560000, 0x00000000e5560000)
  from space 21824K,  54% used [0x00000000e5560000, 0x00000000e60fdb40, 0x00000000e6ab0000)
  to   space 21824K,   0% used [0x00000000e6ab0000, 0x00000000e6ab0000, 0x00000000e8000000)
 concurrent mark-sweep generation total 393216K, used 0K [0x00000000e8000000, 0x0000000100000000, 0x0000000100000000)
 Metaspace       used 21241K, capacity 21628K, committed 21884K, reserved 1069056K
  class space    used 2446K, capacity 2601K, committed 2684K, reserved 1048576K
2017-02-23T09:05:46.000+0100: 2,666: [GC (Allocation Failure) 2017-02-23T09:05:46.000+0100: 2,666: [ParNew
Desired survivor size 20112992 bytes, new threshold 8 (max 8)
- age   1:    1049136 bytes,    1049136 total
- age   3:    1488216 bytes,    2537352 total
- age   4:    1458520 bytes,    3995872 total
- age   5:    5972064 bytes,    9967936 total
: 99318K->13074K(109248K), 0,0178214 secs] 99318K->13074K(502464K), 0,0178922 secs] [Times: user=0,06 sys=0,00, real=0,01 secs] 
Heap after GC invocations=5 (full 1):
 par new generation   total 109248K, used 13074K [0x00000000e0000000, 0x00000000e8000000, 0x00000000e8000000)
  eden space 87424K,   0% used [0x00000000e0000000, 0x00000000e0000000, 0x00000000e5560000)
  from space 21824K,  59% used [0x00000000e6ab0000, 0x00000000e77748f0, 0x00000000e8000000)
  to   space 21824K,   0% used [0x00000000e5560000, 0x00000000e5560000, 0x00000000e6ab0000)
 concurrent mark-sweep generation total 393216K, used 0K [0x00000000e8000000, 0x0000000100000000, 0x0000000100000000)
 Metaspace       used 21241K, capacity 21628K, committed 21884K, reserved 1069056K
  class space    used 2446K, capacity 2601K, committed 2684K, reserved 1048576K
}
2017-02-23T09:05:46.018+0100: 2,684: Total time for which application threads were stopped: 0,0181351 seconds, Stopping threads took: 0,0000826 seconds
{Heap before GC invocations=5 (full 1):
 par new generation   total 109248K, used 100498K [0x00000000e0000000, 0x00000000e8000000, 0x00000000e8000000)
  eden space 87424K, 100% used [0x00000000e0000000, 0x00000000e5560000, 0x00000000e5560000)
  from space 21824K,  59% used [0x00000000e6ab0000, 0x00000000e77748f0, 0x00000000e8000000)
  to   space 21824K,   0% used [0x00000000e5560000, 0x00000000e5560000, 0x00000000e6ab0000)
 concurrent mark-sweep generation total 393216K, used 0K [0x00000000e8000000, 0x0000000100000000, 0x0000000100000000)
 Metaspace       used 21393K, capacity 21788K, committed 21884K, reserved 1069056K
  class space    used 2465K, capacity 2633K, committed 2684K, reserved 1048576K
2017-02-23T09:05:46.098+0100: 2,764: [GC (Allocation Failure) 2017-02-23T09:05:46.098+0100: 2,764: [ParNew
Desired survivor size 20112992 bytes, new threshold 8 (max 8)
- age   1:     556584 bytes,     556584 total
- age   2:     179368 bytes,     735952 total
- age   4:    1488088 bytes,    2224040 total
- age   5:    1456472 bytes,    3680512 total
- age   6:    5972624 bytes,    9653136 total
: 100498K->11658K(109248K), 0,0095783 secs] 100498K->11658K(502464K), 0,0096511 secs] [Times: user=0,03 sys=0,00, real=0,01 secs] 
Heap after GC invocations=6 (full 1):
 par new generation   total 109248K, used 11658K [0x00000000e0000000, 0x00000000e8000000, 0x00000000e8000000)
  eden space 87424K,   0% used [0x00000000e0000000, 0x00000000e0000000, 0x00000000e5560000)
  from space 21824K,  53% used [0x00000000e5560000, 0x00000000e60c2b40, 0x00000000e6ab0000)
  to   space 21824K,   0% used [0x00000000e6ab0000, 0x00000000e6ab0000, 0x00000000e8000000)
 concurrent mark-sweep generation total 393216K, used 0K [0x00000000e8000000, 0x0000000100000000, 0x0000000100000000)
 Metaspace       used 21393K, capacity 21788K, committed 21884K, reserved 1069056K
  class space    used 2465K, capacity 2633K, committed 2684K, reserved 1048576K
}
2017-02-23T09:05:46.108+0100: 2,774: Total time for which application threads were stopped: 0,0111496 seconds, Stopping threads took: 0,0013690 seconds
2017-02-23T09:05:46.152+0100: 2,818: Total time for which application threads were stopped: 0,0003862 seconds, Stopping threads took: 0,0000427 seconds
2017-02-23T09:05:46.350+0100: 3,016: Total time for which application threads were stopped: 0,0004063 seconds, Stopping threads took: 0,0000225 seconds
2017-02-23T09:05:46.365+0100: 3,031: Total time for which application threads were stopped: 0,0004242 seconds, Stopping threads took: 0,0000487 seconds
{Heap before GC invocations=6 (full 1):
 par new generation   total 109248K, used 99082K [0x00000000e0000000, 0x00000000e8000000, 0x00000000e8000000)
  eden space 87424K, 100% used [0x00000000e0000000, 0x00000000e5560000, 0x00000000e5560000)
  from space 21824K,  53% used [0x00000000e5560000, 0x00000000e60c2b40, 0x00000000e6ab0000)
  to   space 21824K,   0% used [0x00000000e6ab0000, 0x00000000e6ab0000, 0x00000000e8000000)
 concurrent mark-sweep generation total 393216K, used 0K [0x00000000e8000000, 0x0000000100000000, 0x0000000100000000)
 Metaspace       used 24065K, capacity 24464K, committed 24572K, reserved 1071104K
  class space    used 2837K, capacity 3011K, committed 3068K, reserved 1048576K
2017-02-23T09:05:46.521+0100: 3,187: [GC (Allocation Failure) 2017-02-23T09:05:46.521+0100: 3,187: [ParNew
Desired survivor size 20112992 bytes, new threshold 8 (max 8)
- age   1:    4569880 bytes,    4569880 total
- age   2:     112504 bytes,    4682384 total
- age   3:     177888 bytes,    4860272 total
- age   5:     318192 bytes,    5178464 total
- age   6:    1432144 bytes,    6610608 total
- age   7:    5965024 bytes,   12575632 total
: 99082K->17054K(109248K), 0,0197861 secs] 99082K->17054K(502464K), 0,0198515 secs] [Times: user=0,05 sys=0,01, real=0,02 secs] 
Heap after GC invocations=7 (full 1):
 par new generation   total 109248K, used 17054K [0x00000000e0000000, 0x00000000e8000000, 0x00000000e8000000)
  eden space 87424K,   0% used [0x00000000e0000000, 0x00000000e0000000, 0x00000000e5560000)
  from space 21824K,  78% used [0x00000000e6ab0000, 0x00000000e7b57900, 0x00000000e8000000)
  to   space 21824K,   0% used [0x00000000e5560000, 0x00000000e5560000, 0x00000000e6ab0000)
 concurrent mark-sweep generation total 393216K, used 0K [0x00000000e8000000, 0x0000000100000000, 0x0000000100000000)
 Metaspace       used 24065K, capacity 24464K, committed 24572K, reserved 1071104K
  class space    used 2837K, capacity 3011K, committed 3068K, reserved 1048576K
}
2017-02-23T09:05:46.541+0100: 3,207: Total time for which application threads were stopped: 0,0200787 seconds, Stopping threads took: 0,0000425 seconds
{Heap before GC invocations=7 (full 1):
 par new generation   total 109248K, used 104478K [0x00000000e0000000, 0x00000000e8000000, 0x00000000e8000000)
  eden space 87424K, 100% used [0x00000000e0000000, 0x00000000e5560000, 0x00000000e5560000)
  from space 21824K,  78% used [0x00000000e6ab0000, 0x00000000e7b57900, 0x00000000e8000000)
  to   space 21824K,   0% used [0x00000000e5560000, 0x00000000e5560000, 0x00000000e6ab0000)
 concurrent mark-sweep generation total 393216K, used 0K [0x00000000e8000000, 0x0000000100000000, 0x0000000100000000)
 Metaspace       used 24932K, capacity 25382K, committed 25724K, reserved 1071104K
  class space    used 2908K, capacity 3079K, committed 3196K, reserved 1048576K
2017-02-23T09:05:46.697+0100: 3,363: [GC (Allocation Failure) 2017-02-23T09:05:46.697+0100: 3,363: [ParNew
Desired survivor size 20112992 bytes, new threshold 8 (max 8)
- age   1:    1557072 bytes,    1557072 total
- age   2:    1760840 bytes,    3317912 total
- age   3:      85480 bytes,    3403392 total
- age   4:     134560 bytes,    3537952 total
- age   6:     248848 bytes,    3786800 total
- age   7:    1202352 bytes,    4989152 total
- age   8:    5923752 bytes,   10912904 total
: 104478K->13474K(109248K), 0,0107109 secs] 104478K->13474K(502464K), 0,0107950 secs] [Times: user=0,04 sys=0,00, real=0,02 secs] 
Heap after GC invocations=8 (full 1):
 par new generation   total 109248K, used 13474K [0x00000000e0000000, 0x00000000e8000000, 0x00000000e8000000)
  eden space 87424K,   0% used [0x00000000e0000000, 0x00000000e0000000, 0x00000000e5560000)
  from space 21824K,  61% used [0x00000000e5560000, 0x00000000e6288900, 0x00000000e6ab0000)
  to   space 21824K,   0% used [0x00000000e6ab0000, 0x00000000e6ab0000, 0x00000000e8000000)
 concurrent mark-sweep generation total 393216K, used 0K [0x00000000e8000000, 0x0000000100000000, 0x0000000100000000)
 Metaspace       used 24932K, capacity 25382K, committed 25724K, reserved 1071104K
  class space    used 2908K, capacity 3079K, committed 3196K, reserved 1048576K
}
2017-02-23T09:05:46.708+0100: 3,374: Total time for which application threads were stopped: 0,0110152 seconds, Stopping threads took: 0,0000237 seconds
2017-02-23T09:05:46.813+0100: 3,479: Total time for which application threads were stopped: 0,0005479 seconds, Stopping threads took: 0,0000707 seconds
2017-02-23T09:05:46.920+0100: 3,586: Total time for which application threads were stopped: 0,0005306 seconds, Stopping threads took: 0,0000420 seconds
2017-02-23T09:05:46.936+0100: 3,602: Total time for which application threads were stopped: 0,0005174 seconds, Stopping threads took: 0,0000492 seconds
2017-02-23T09:05:47.010+0100: 3,676: Total time for which application threads were stopped: 0,0004945 seconds, Stopping threads took: 0,0000293 seconds
2017-02-23T09:05:47.119+0100: 3,785: Total time for which application threads were stopped: 0,0005384 seconds, Stopping threads took: 0,0000542 seconds
2017-02-23T09:05:47.388+0100: 4,054: Total time for which application threads were stopped: 0,0003047 seconds, Stopping threads took: 0,0000189 seconds
2017-02-23T09:06:15.391+0100: 32,057: Total time for which application threads were stopped: 0,0000725 seconds, Stopping threads took: 0,0000157 seconds
2017-02-23T09:07:40.399+0100: 117,065: Total time for which application threads were stopped: 0,0000859 seconds, Stopping threads took: 0,0000328 seconds
2017-02-23T09:07:50.400+0100: 127,066: Total time for which application threads were stopped: 0,0000826 seconds, Stopping threads took: 0,0000323 seconds
2017-02-23T09:29:14.573+0100: 1411,239: Total time for which application threads were stopped: 0,0001737 seconds, Stopping threads took: 0,0000665 seconds
2017-02-23T09:34:04.610+0100: 1701,276: Total time for which application threads were stopped: 0,0000881 seconds, Stopping threads took: 0,0000333 seconds
2017-02-23T09:44:04.690+0100: 2301,356: Total time for which application threads were stopped: 0,0000879 seconds, Stopping threads took: 0,0000318 seconds
2017-02-23T09:44:05.691+0100: 2302,357: Total time for which application threads were stopped: 0,0003944 seconds, Stopping threads took: 0,0000950 seconds
2017-02-23T09:47:04.710+0100: 2481,376: Total time for which application threads were stopped: 0,0001291 seconds, Stopping threads took: 0,0000453 seconds
2017-02-23T09:48:14.717+0100: 2551,382: Total time for which application threads were stopped: 0,0001164 seconds, Stopping threads took: 0,0000375 seconds
2017-02-23T09:50:59.734+0100: 2716,399: Total time for which application threads were stopped: 0,0006793 seconds, Stopping threads took: 0,0002324 seconds
2017-02-23T09:51:04.734+0100: 2721,400: Total time for which application threads were stopped: 0,0000860 seconds, Stopping threads took: 0,0000190 seconds
2017-02-23T09:55:14.763+0100: 2971,429: Total time for which application threads were stopped: 0,0004147 seconds, Stopping threads took: 0,0002182 seconds
2017-02-23T09:59:00.787+0100: 3197,453: Total time for which application threads were stopped: 0,0001004 seconds, Stopping threads took: 0,0000388 seconds
2017-02-23T09:59:14.789+0100: 3211,455: Total time for which application threads were stopped: 0,0000815 seconds, Stopping threads took: 0,0000298 seconds
2017-02-23T10:02:34.812+0100: 3411,478: Total time for which application threads were stopped: 0,0000823 seconds, Stopping threads took: 0,0000274 seconds
2017-02-23T10:06:44.842+0100: 3661,508: Total time for which application threads were stopped: 0,0001170 seconds, Stopping threads took: 0,0000356 seconds
2017-02-23T10:07:34.848+0100: 3711,514: Total time for which application threads were stopped: 0,0000848 seconds, Stopping threads took: 0,0000302 seconds
2017-02-23T10:07:44.850+0100: 3721,516: Total time for which application threads were stopped: 0,0000712 seconds, Stopping threads took: 0,0000154 seconds
2017-02-23T10:08:09.854+0100: 3746,520: Total time for which application threads were stopped: 0,0000966 seconds, Stopping threads took: 0,0000356 seconds
2017-02-23T10:09:44.869+0100: 3841,535: Total time for which application threads were stopped: 0,0000971 seconds, Stopping threads took: 0,0000321 seconds
{Heap before GC invocations=8 (full 1):
 par new generation   total 109248K, used 100898K [0x00000000e0000000, 0x00000000e8000000, 0x00000000e8000000)
  eden space 87424K, 100% used [0x00000000e0000000, 0x00000000e5560000, 0x00000000e5560000)
  from space 21824K,  61% used [0x00000000e5560000, 0x00000000e6288900, 0x00000000e6ab0000)
  to   space 21824K,   0% used [0x00000000e6ab0000, 0x00000000e6ab0000, 0x00000000e8000000)
 concurrent mark-sweep generation total 393216K, used 0K [0x00000000e8000000, 0x0000000100000000, 0x0000000100000000)
 Metaspace       used 28052K, capacity 28618K, committed 28796K, reserved 1075200K
  class space    used 3217K, capacity 3389K, committed 3452K, reserved 1048576K
2017-02-23T10:24:33.435+0100: 4730,101: [GC (Allocation Failure) 2017-02-23T10:24:33.435+0100: 4730,101: [ParNew
Desired survivor size 20112992 bytes, new threshold 8 (max 8)
- age   1:   12851504 bytes,   12851504 total
- age   2:     365232 bytes,   13216736 total
- age   3:    1741416 bytes,   14958152 total
- age   4:      85480 bytes,   15043632 total
- age   5:     134432 bytes,   15178064 total
- age   7:     248752 bytes,   15426816 total
- age   8:    1200992 bytes,   16627808 total
: 100898K->21530K(109248K), 0,1732717 secs] 100898K->27841K(502464K), 0,1733680 secs] [Times: user=0,14 sys=0,00, real=0,18 secs] 
Heap after GC invocations=9 (full 1):
 par new generation   total 109248K, used 21530K [0x00000000e0000000, 0x00000000e8000000, 0x00000000e8000000)
  eden space 87424K,   0% used [0x00000000e0000000, 0x00000000e0000000, 0x00000000e5560000)
  from space 21824K,  98% used [0x00000000e6ab0000, 0x00000000e7fb6890, 0x00000000e8000000)
  to   space 21824K,   0% used [0x00000000e5560000, 0x00000000e5560000, 0x00000000e6ab0000)
 concurrent mark-sweep generation total 393216K, used 6311K [0x00000000e8000000, 0x0000000100000000, 0x0000000100000000)
 Metaspace       used 28052K, capacity 28618K, committed 28796K, reserved 1075200K
  class space    used 3217K, capacity 3389K, committed 3452K, reserved 1048576K
}
2017-02-23T10:24:33.608+0100: 4730,274: Total time for which application threads were stopped: 0,1735638 seconds, Stopping threads took: 0,0000250 seconds
2017-02-23T10:24:33.629+0100: 4730,294: Total time for which application threads were stopped: 0,0001427 seconds, Stopping threads took: 0,0000453 seconds
2017-02-23T10:24:33.630+0100: 4730,296: Total time for which application threads were stopped: 0,0001895 seconds, Stopping threads took: 0,0001095 seconds
2017-02-23T10:24:33.634+0100: 4730,300: Total time for which application threads were stopped: 0,0001304 seconds, Stopping threads took: 0,0000339 seconds
2017-02-23T10:24:33.637+0100: 4730,303: Total time for which application threads were stopped: 0,0001109 seconds, Stopping threads took: 0,0000170 seconds
Heap
 par new generation   total 109248K, used 32337K [0x00000000e0000000, 0x00000000e8000000, 0x00000000e8000000)
  eden space 87424K,  12% used [0x00000000e0000000, 0x00000000e0a8ded8, 0x00000000e5560000)
  from space 21824K,  98% used [0x00000000e6ab0000, 0x00000000e7fb6890, 0x00000000e8000000)
  to   space 21824K,   0% used [0x00000000e5560000, 0x00000000e5560000, 0x00000000e6ab0000)
 concurrent mark-sweep generation total 393216K, used 6311K [0x00000000e8000000, 0x0000000100000000, 0x0000000100000000)
 Metaspace       used 28150K, capacity 28720K, committed 29052K, reserved 1075200K
  class space    used 3230K, capacity 3422K, committed 3452K, reserved 1048576K
