OpenJDK 64-Bit Server VM (25.121-b13) for linux-amd64 JRE (1.8.0_121-8u121-b13-0ubuntu1.16.04.2-b13), built on Jan 23 2017 15:51:29 by "buildd" with gcc 5.4.0 20160609
Memory: 4k page, physical 7867800k(7439240k free), swap 8076284k(8076284k free)
CommandLine flags: -XX:CMSInitiatingOccupancyFraction=50 -XX:CMSMaxAbortablePrecleanTime=6000 -XX:+CMSParallelRemarkEnabled -XX:+CMSScavengeBeforeRemark -XX:ConcGCThreads=4 -XX:InitialHeapSize=536870912 -XX:MaxHeapSize=536870912 -XX:MaxTenuringThreshold=8 -XX:NewRatio=3 -XX:OldPLABSize=16 -XX:OnOutOfMemoryError=/opt/solr/bin/oom_solr.sh 8983 /var/solr/logs -XX:ParallelGCThreads=4 -XX:+ParallelRefProcEnabled -XX:PretenureSizeThreshold=67108864 -XX:+PrintGC -XX:+PrintGCApplicationStoppedTime -XX:+PrintGCDateStamps -XX:+PrintGCDetails -XX:+PrintGCTimeStamps -XX:+PrintHeapAtGC -XX:+PrintTenuringDistribution -XX:SurvivorRatio=4 -XX:TargetSurvivorRatio=90 -XX:ThreadStackSize=256 -XX:+UseCMSInitiatingOccupancyOnly -XX:+UseCompressedClassPointers -XX:+UseCompressedOops -XX:+UseConcMarkSweepGC -XX:+UseParNewGC 
2017-02-07T12:24:18.020+0100: 0,190: Total time for which application threads were stopped: 0,0001010 seconds, Stopping threads took: 0,0000143 seconds
2017-02-07T12:24:18.147+0100: 0,316: Total time for which application threads were stopped: 0,0000853 seconds, Stopping threads took: 0,0000105 seconds
2017-02-07T12:24:18.166+0100: 0,336: Total time for which application threads were stopped: 0,0001563 seconds, Stopping threads took: 0,0000679 seconds
2017-02-07T12:24:19.173+0100: 1,342: Total time for which application threads were stopped: 0,0066162 seconds, Stopping threads took: 0,0064546 seconds
2017-02-07T12:24:19.240+0100: 1,409: Total time for which application threads were stopped: 0,0001513 seconds, Stopping threads took: 0,0000231 seconds
2017-02-07T12:24:19.449+0100: 1,618: Total time for which application threads were stopped: 0,0002003 seconds, Stopping threads took: 0,0000263 seconds
2017-02-07T12:24:19.480+0100: 1,649: Total time for which application threads were stopped: 0,0001957 seconds, Stopping threads took: 0,0000365 seconds
2017-02-07T12:24:20.359+0100: 2,528: Total time for which application threads were stopped: 0,0002633 seconds, Stopping threads took: 0,0000348 seconds
2017-02-07T12:24:20.545+0100: 2,714: Total time for which application threads were stopped: 0,0002462 seconds, Stopping threads took: 0,0000207 seconds
2017-02-07T12:24:20.568+0100: 2,737: Total time for which application threads were stopped: 0,0002275 seconds, Stopping threads took: 0,0000547 seconds
2017-02-07T12:24:20.605+0100: 2,775: Total time for which application threads were stopped: 0,0002210 seconds, Stopping threads took: 0,0000336 seconds
2017-02-07T12:24:20.606+0100: 2,776: Total time for which application threads were stopped: 0,0001964 seconds, Stopping threads took: 0,0000133 seconds
2017-02-07T12:24:20.623+0100: 2,792: Total time for which application threads were stopped: 0,0002439 seconds, Stopping threads took: 0,0000597 seconds
2017-02-07T12:24:20.702+0100: 2,871: Total time for which application threads were stopped: 0,0002295 seconds, Stopping threads took: 0,0000295 seconds
2017-02-07T12:24:20.898+0100: 3,067: Total time for which application threads were stopped: 0,0028015 seconds, Stopping threads took: 0,0025711 seconds
{Heap before GC invocations=0 (full 0):
 par new generation   total 109248K, used 87424K [0x00000000e0000000, 0x00000000e8000000, 0x00000000e8000000)
  eden space 87424K, 100% used [0x00000000e0000000, 0x00000000e5560000, 0x00000000e5560000)
  from space 21824K,   0% used [0x00000000e5560000, 0x00000000e5560000, 0x00000000e6ab0000)
  to   space 21824K,   0% used [0x00000000e6ab0000, 0x00000000e6ab0000, 0x00000000e8000000)
 concurrent mark-sweep generation total 393216K, used 0K [0x00000000e8000000, 0x0000000100000000, 0x0000000100000000)
 Metaspace       used 18122K, capacity 18400K, committed 18688K, reserved 1064960K
  class space    used 2052K, capacity 2196K, committed 2304K, reserved 1048576K
2017-02-07T12:24:21.030+0100: 3,199: [GC (Allocation Failure) 2017-02-07T12:24:21.030+0100: 3,199: [ParNew
Desired survivor size 20112992 bytes, new threshold 8 (max 8)
- age   1:   12699920 bytes,   12699920 total
: 87424K->12513K(109248K), 0,0232053 secs] 87424K->12513K(502464K), 0,0232999 secs] [Times: user=0,05 sys=0,01, real=0,03 secs] 
Heap after GC invocations=1 (full 0):
 par new generation   total 109248K, used 12513K [0x00000000e0000000, 0x00000000e8000000, 0x00000000e8000000)
  eden space 87424K,   0% used [0x00000000e0000000, 0x00000000e0000000, 0x00000000e5560000)
  from space 21824K,  57% used [0x00000000e6ab0000, 0x00000000e76e8568, 0x00000000e8000000)
  to   space 21824K,   0% used [0x00000000e5560000, 0x00000000e5560000, 0x00000000e6ab0000)
 concurrent mark-sweep generation total 393216K, used 0K [0x00000000e8000000, 0x0000000100000000, 0x0000000100000000)
 Metaspace       used 18122K, capacity 18400K, committed 18688K, reserved 1064960K
  class space    used 2052K, capacity 2196K, committed 2304K, reserved 1048576K
}
2017-02-07T12:24:21.053+0100: 3,222: Total time for which application threads were stopped: 0,0236193 seconds, Stopping threads took: 0,0000870 seconds
2017-02-07T12:24:21.447+0100: 3,617: Total time for which application threads were stopped: 0,0004414 seconds, Stopping threads took: 0,0000516 seconds
{Heap before GC invocations=1 (full 0):
 par new generation   total 109248K, used 99937K [0x00000000e0000000, 0x00000000e8000000, 0x00000000e8000000)
  eden space 87424K, 100% used [0x00000000e0000000, 0x00000000e5560000, 0x00000000e5560000)
  from space 21824K,  57% used [0x00000000e6ab0000, 0x00000000e76e8568, 0x00000000e8000000)
  to   space 21824K,   0% used [0x00000000e5560000, 0x00000000e5560000, 0x00000000e6ab0000)
 concurrent mark-sweep generation total 393216K, used 0K [0x00000000e8000000, 0x0000000100000000, 0x0000000100000000)
 Metaspace       used 20023K, capacity 20346K, committed 20736K, reserved 1067008K
  class space    used 2291K, capacity 2463K, committed 2560K, reserved 1048576K
2017-02-07T12:24:21.511+0100: 3,680: [GC (Allocation Failure) 2017-02-07T12:24:21.511+0100: 3,680: [ParNew
Desired survivor size 20112992 bytes, new threshold 8 (max 8)
- age   1:    3718584 bytes,    3718584 total
- age   2:    6663904 bytes,   10382488 total
: 99937K->15873K(109248K), 0,0321045 secs] 99937K->15873K(502464K), 0,0321776 secs] [Times: user=0,06 sys=0,00, real=0,03 secs] 
Heap after GC invocations=2 (full 0):
 par new generation   total 109248K, used 15873K [0x00000000e0000000, 0x00000000e8000000, 0x00000000e8000000)
  eden space 87424K,   0% used [0x00000000e0000000, 0x00000000e0000000, 0x00000000e5560000)
  from space 21824K,  72% used [0x00000000e5560000, 0x00000000e64e07c0, 0x00000000e6ab0000)
  to   space 21824K,   0% used [0x00000000e6ab0000, 0x00000000e6ab0000, 0x00000000e8000000)
 concurrent mark-sweep generation total 393216K, used 0K [0x00000000e8000000, 0x0000000100000000, 0x0000000100000000)
 Metaspace       used 20023K, capacity 20346K, committed 20736K, reserved 1067008K
  class space    used 2291K, capacity 2463K, committed 2560K, reserved 1048576K
}
2017-02-07T12:24:21.543+0100: 3,712: Total time for which application threads were stopped: 0,0367502 seconds, Stopping threads took: 0,0043980 seconds
2017-02-07T12:24:21.551+0100: 3,720: Total time for which application threads were stopped: 0,0003614 seconds, Stopping threads took: 0,0000424 seconds
2017-02-07T12:24:21.581+0100: 3,750: Total time for which application threads were stopped: 0,0005287 seconds, Stopping threads took: 0,0000836 seconds
2017-02-07T12:24:21.767+0100: 3,936: Total time for which application threads were stopped: 0,0002425 seconds, Stopping threads took: 0,0000629 seconds
{Heap before GC invocations=2 (full 0):
 par new generation   total 109248K, used 103297K [0x00000000e0000000, 0x00000000e8000000, 0x00000000e8000000)
  eden space 87424K, 100% used [0x00000000e0000000, 0x00000000e5560000, 0x00000000e5560000)
  from space 21824K,  72% used [0x00000000e5560000, 0x00000000e64e07c0, 0x00000000e6ab0000)
  to   space 21824K,   0% used [0x00000000e6ab0000, 0x00000000e6ab0000, 0x00000000e8000000)
 concurrent mark-sweep generation total 393216K, used 0K [0x00000000e8000000, 0x0000000100000000, 0x0000000100000000)
 Metaspace       used 20950K, capacity 21268K, committed 21628K, reserved 1069056K
  class space    used 2414K, capacity 2582K, committed 2684K, reserved 1048576K
2017-02-07T12:24:21.807+0100: 3,977: [GC (Allocation Failure) 2017-02-07T12:24:21.807+0100: 3,977: [ParNew
Desired survivor size 20112992 bytes, new threshold 8 (max 8)
- age   1:    2039496 bytes,    2039496 total
- age   2:     838016 bytes,    2877512 total
- age   3:    6660064 bytes,    9537576 total
: 103297K->10167K(109248K), 0,0153509 secs] 103297K->10167K(502464K), 0,0154434 secs] [Times: user=0,05 sys=0,00, real=0,02 secs] 
Heap after GC invocations=3 (full 0):
 par new generation   total 109248K, used 10167K [0x00000000e0000000, 0x00000000e8000000, 0x00000000e8000000)
  eden space 87424K,   0% used [0x00000000e0000000, 0x00000000e0000000, 0x00000000e5560000)
  from space 21824K,  46% used [0x00000000e6ab0000, 0x00000000e749df48, 0x00000000e8000000)
  to   space 21824K,   0% used [0x00000000e5560000, 0x00000000e5560000, 0x00000000e6ab0000)
 concurrent mark-sweep generation total 393216K, used 0K [0x00000000e8000000, 0x0000000100000000, 0x0000000100000000)
 Metaspace       used 20950K, capacity 21268K, committed 21628K, reserved 1069056K
  class space    used 2414K, capacity 2582K, committed 2684K, reserved 1048576K
}
2017-02-07T12:24:21.823+0100: 3,992: Total time for which application threads were stopped: 0,0156601 seconds, Stopping threads took: 0,0000460 seconds
2017-02-07T12:24:21.833+0100: 4,002: [GC (CMS Initial Mark) [1 CMS-initial-mark: 0K(393216K)] 13015K(502464K), 0,0117603 secs] [Times: user=0,01 sys=0,00, real=0,01 secs] 
2017-02-07T12:24:21.845+0100: 4,014: Total time for which application threads were stopped: 0,0119506 seconds, Stopping threads took: 0,0000505 seconds
2017-02-07T12:24:21.845+0100: 4,014: [CMS-concurrent-mark-start]
2017-02-07T12:24:21.845+0100: 4,015: [CMS-concurrent-mark: 0,001/0,001 secs] [Times: user=0,00 sys=0,00, real=0,00 secs] 
2017-02-07T12:24:21.845+0100: 4,015: [CMS-concurrent-preclean-start]
2017-02-07T12:24:21.846+0100: 4,016: [CMS-concurrent-preclean: 0,001/0,001 secs] [Times: user=0,01 sys=0,00, real=0,00 secs] 
2017-02-07T12:24:21.846+0100: 4,016: [CMS-concurrent-abortable-preclean-start]
2017-02-07T12:24:21.903+0100: 4,072: Total time for which application threads were stopped: 0,0003867 seconds, Stopping threads took: 0,0000688 seconds
2017-02-07T12:24:21.951+0100: 4,121: Total time for which application threads were stopped: 0,0001407 seconds, Stopping threads took: 0,0000420 seconds
2017-02-07T12:24:21.951+0100: 4,121: [CMS-concurrent-abortable-preclean: 0,091/0,105 secs] [Times: user=0,29 sys=0,01, real=0,11 secs] 
2017-02-07T12:24:21.956+0100: 4,125: [GC (CMS Final Remark) [YG occupancy: 61399 K (109248 K)]{Heap before GC invocations=3 (full 1):
 par new generation   total 109248K, used 61399K [0x00000000e0000000, 0x00000000e8000000, 0x00000000e8000000)
  eden space 87424K,  58% used [0x00000000e0000000, 0x00000000e3207db0, 0x00000000e5560000)
  from space 21824K,  46% used [0x00000000e6ab0000, 0x00000000e749df48, 0x00000000e8000000)
  to   space 21824K,   0% used [0x00000000e5560000, 0x00000000e5560000, 0x00000000e6ab0000)
 concurrent mark-sweep generation total 393216K, used 0K [0x00000000e8000000, 0x0000000100000000, 0x0000000100000000)
 Metaspace       used 21159K, capacity 21484K, committed 21884K, reserved 1069056K
  class space    used 2434K, capacity 2586K, committed 2684K, reserved 1048576K
2017-02-07T12:24:21.956+0100: 4,125: [GC (CMS Final Remark) 2017-02-07T12:24:21.956+0100: 4,125: [ParNew
Desired survivor size 20112992 bytes, new threshold 8 (max 8)
- age   1:    1611440 bytes,    1611440 total
- age   2:    1441560 bytes,    3053000 total
- age   3:     808608 bytes,    3861608 total
- age   4:    6660064 bytes,   10521672 total
: 61399K->16230K(109248K), 0,0161511 secs] 61399K->16230K(502464K), 0,0162033 secs] [Times: user=0,04 sys=0,00, real=0,02 secs] 
Heap after GC invocations=4 (full 1):
 par new generation   total 109248K, used 16230K [0x00000000e0000000, 0x00000000e8000000, 0x00000000e8000000)
  eden space 87424K,   0% used [0x00000000e0000000, 0x00000000e0000000, 0x00000000e5560000)
  from space 21824K,  74% used [0x00000000e5560000, 0x00000000e6539a40, 0x00000000e6ab0000)
  to   space 21824K,   0% used [0x00000000e6ab0000, 0x00000000e6ab0000, 0x00000000e8000000)
 concurrent mark-sweep generation total 393216K, used 0K [0x00000000e8000000, 0x0000000100000000, 0x0000000100000000)
 Metaspace       used 21159K, capacity 21484K, committed 21884K, reserved 1069056K
  class space    used 2434K, capacity 2586K, committed 2684K, reserved 1048576K
}
2017-02-07T12:24:21.972+0100: 4,142: [Rescan (parallel) , 0,0048833 secs]2017-02-07T12:24:21.977+0100: 4,147: [weak refs processing, 0,0015380 secs]2017-02-07T12:24:21.979+0100: 4,148: [class unloading, 0,0031234 secs]2017-02-07T12:24:21.982+0100: 4,151: [scrub symbol table, 0,0031333 secs]2017-02-07T12:24:21.985+0100: 4,154: [scrub string table, 0,0003823 secs][1 CMS-remark: 0K(393216K)] 16230K(502464K), 0,0299859 secs] [Times: user=0,07 sys=0,00, real=0,03 secs] 
2017-02-07T12:24:21.986+0100: 4,155: Total time for which application threads were stopped: 0,0301471 seconds, Stopping threads took: 0,0000561 seconds
2017-02-07T12:24:21.986+0100: 4,155: [CMS-concurrent-sweep-start]
2017-02-07T12:24:21.986+0100: 4,155: [CMS-concurrent-sweep: 0,000/0,000 secs] [Times: user=0,00 sys=0,00, real=0,00 secs] 
2017-02-07T12:24:21.986+0100: 4,156: [CMS-concurrent-reset-start]
2017-02-07T12:24:21.988+0100: 4,158: [CMS-concurrent-reset: 0,002/0,002 secs] [Times: user=0,01 sys=0,00, real=0,00 secs] 
2017-02-07T12:24:22.001+0100: 4,170: Total time for which application threads were stopped: 0,0005506 seconds, Stopping threads took: 0,0004740 seconds
2017-02-07T12:24:22.008+0100: 4,177: Total time for which application threads were stopped: 0,0002384 seconds, Stopping threads took: 0,0001522 seconds
2017-02-07T12:24:22.009+0100: 4,178: Total time for which application threads were stopped: 0,0001519 seconds, Stopping threads took: 0,0000568 seconds
2017-02-07T12:24:22.018+0100: 4,188: Total time for which application threads were stopped: 0,0034996 seconds, Stopping threads took: 0,0034021 seconds
2017-02-07T12:24:22.019+0100: 4,189: Total time for which application threads were stopped: 0,0002432 seconds, Stopping threads took: 0,0001578 seconds
2017-02-07T12:24:22.019+0100: 4,189: Total time for which application threads were stopped: 0,0000854 seconds, Stopping threads took: 0,0000221 seconds
2017-02-07T12:24:22.020+0100: 4,189: Total time for which application threads were stopped: 0,0000748 seconds, Stopping threads took: 0,0000125 seconds
2017-02-07T12:24:22.020+0100: 4,190: Total time for which application threads were stopped: 0,0001468 seconds, Stopping threads took: 0,0000194 seconds
2017-02-07T12:24:22.021+0100: 4,190: Total time for which application threads were stopped: 0,0000970 seconds, Stopping threads took: 0,0000125 seconds
2017-02-07T12:24:22.021+0100: 4,190: Total time for which application threads were stopped: 0,0000784 seconds, Stopping threads took: 0,0000081 seconds
2017-02-07T12:24:22.021+0100: 4,190: Total time for which application threads were stopped: 0,0000722 seconds, Stopping threads took: 0,0000079 seconds
2017-02-07T12:24:22.022+0100: 4,191: Total time for which application threads were stopped: 0,0001518 seconds, Stopping threads took: 0,0000493 seconds
2017-02-07T12:24:22.022+0100: 4,192: Total time for which application threads were stopped: 0,0000699 seconds, Stopping threads took: 0,0000196 seconds
2017-02-07T12:24:22.022+0100: 4,192: Total time for which application threads were stopped: 0,0000759 seconds, Stopping threads took: 0,0000262 seconds
2017-02-07T12:24:22.023+0100: 4,192: Total time for which application threads were stopped: 0,0000980 seconds, Stopping threads took: 0,0000244 seconds
2017-02-07T12:24:22.023+0100: 4,192: Total time for which application threads were stopped: 0,0001179 seconds, Stopping threads took: 0,0000411 seconds
2017-02-07T12:24:22.024+0100: 4,193: Total time for which application threads were stopped: 0,0001352 seconds, Stopping threads took: 0,0000197 seconds
2017-02-07T12:24:22.024+0100: 4,193: Total time for which application threads were stopped: 0,0000852 seconds, Stopping threads took: 0,0000096 seconds
2017-02-07T12:24:22.024+0100: 4,194: Total time for which application threads were stopped: 0,0001173 seconds, Stopping threads took: 0,0000355 seconds
2017-02-07T12:24:22.031+0100: 4,200: Total time for which application threads were stopped: 0,0006121 seconds, Stopping threads took: 0,0005147 seconds
2017-02-07T12:24:22.031+0100: 4,200: Total time for which application threads were stopped: 0,0000998 seconds, Stopping threads took: 0,0000359 seconds
2017-02-07T12:24:22.032+0100: 4,201: Total time for which application threads were stopped: 0,0001482 seconds, Stopping threads took: 0,0000554 seconds
2017-02-07T12:24:22.048+0100: 4,218: Total time for which application threads were stopped: 0,0001720 seconds, Stopping threads took: 0,0000585 seconds
2017-02-07T12:24:22.050+0100: 4,220: Total time for which application threads were stopped: 0,0020858 seconds, Stopping threads took: 0,0020082 seconds
2017-02-07T12:24:22.086+0100: 4,255: Total time for which application threads were stopped: 0,0001868 seconds, Stopping threads took: 0,0000644 seconds
2017-02-07T12:24:22.087+0100: 4,256: Total time for which application threads were stopped: 0,0008728 seconds, Stopping threads took: 0,0007986 seconds
{Heap before GC invocations=4 (full 1):
 par new generation   total 109248K, used 103654K [0x00000000e0000000, 0x00000000e8000000, 0x00000000e8000000)
  eden space 87424K, 100% used [0x00000000e0000000, 0x00000000e5560000, 0x00000000e5560000)
  from space 21824K,  74% used [0x00000000e5560000, 0x00000000e6539a40, 0x00000000e6ab0000)
  to   space 21824K,   0% used [0x00000000e6ab0000, 0x00000000e6ab0000, 0x00000000e8000000)
 concurrent mark-sweep generation total 393216K, used 0K [0x00000000e8000000, 0x0000000100000000, 0x0000000100000000)
 Metaspace       used 21281K, capacity 21640K, committed 21884K, reserved 1069056K
  class space    used 2454K, capacity 2629K, committed 2684K, reserved 1048576K
2017-02-07T12:24:22.109+0100: 4,279: [GC (Allocation Failure) 2017-02-07T12:24:22.109+0100: 4,279: [ParNew
Desired survivor size 20112992 bytes, new threshold 8 (max 8)
- age   1:     744688 bytes,     744688 total
- age   2:      82488 bytes,     827176 total
- age   3:    1440528 bytes,    2267704 total
- age   4:     808464 bytes,    3076168 total
- age   5:    6660208 bytes,    9736376 total
: 103654K->12643K(109248K), 0,0144410 secs] 103654K->12643K(502464K), 0,0144983 secs] [Times: user=0,05 sys=0,00, real=0,02 secs] 
Heap after GC invocations=5 (full 1):
 par new generation   total 109248K, used 12643K [0x00000000e0000000, 0x00000000e8000000, 0x00000000e8000000)
  eden space 87424K,   0% used [0x00000000e0000000, 0x00000000e0000000, 0x00000000e5560000)
  from space 21824K,  57% used [0x00000000e6ab0000, 0x00000000e7708d88, 0x00000000e8000000)
  to   space 21824K,   0% used [0x00000000e5560000, 0x00000000e5560000, 0x00000000e6ab0000)
 concurrent mark-sweep generation total 393216K, used 0K [0x00000000e8000000, 0x0000000100000000, 0x0000000100000000)
 Metaspace       used 21281K, capacity 21640K, committed 21884K, reserved 1069056K
  class space    used 2454K, capacity 2629K, committed 2684K, reserved 1048576K
}
2017-02-07T12:24:22.124+0100: 4,293: Total time for which application threads were stopped: 0,0170742 seconds, Stopping threads took: 0,0024135 seconds
2017-02-07T12:24:22.126+0100: 4,295: Total time for which application threads were stopped: 0,0001985 seconds, Stopping threads took: 0,0000362 seconds
2017-02-07T12:24:22.134+0100: 4,304: Total time for which application threads were stopped: 0,0006937 seconds, Stopping threads took: 0,0005994 seconds
2017-02-07T12:24:22.135+0100: 4,304: Total time for which application threads were stopped: 0,0004914 seconds, Stopping threads took: 0,0004536 seconds
2017-02-07T12:24:22.135+0100: 4,305: Total time for which application threads were stopped: 0,0000497 seconds, Stopping threads took: 0,0000156 seconds
2017-02-07T12:24:22.143+0100: 4,313: Total time for which application threads were stopped: 0,0001860 seconds, Stopping threads took: 0,0000640 seconds
2017-02-07T12:24:22.146+0100: 4,316: Total time for which application threads were stopped: 0,0001249 seconds, Stopping threads took: 0,0000330 seconds
2017-02-07T12:24:22.147+0100: 4,316: Total time for which application threads were stopped: 0,0000751 seconds, Stopping threads took: 0,0000166 seconds
2017-02-07T12:24:22.154+0100: 4,324: Total time for which application threads were stopped: 0,0041369 seconds, Stopping threads took: 0,0040493 seconds
2017-02-07T12:24:22.155+0100: 4,324: Total time for which application threads were stopped: 0,0000751 seconds, Stopping threads took: 0,0000397 seconds
2017-02-07T12:24:22.155+0100: 4,324: Total time for which application threads were stopped: 0,0000653 seconds, Stopping threads took: 0,0000222 seconds
2017-02-07T12:24:22.155+0100: 4,324: Total time for which application threads were stopped: 0,0000550 seconds, Stopping threads took: 0,0000217 seconds
2017-02-07T12:24:22.157+0100: 4,326: Total time for which application threads were stopped: 0,0002279 seconds, Stopping threads took: 0,0000627 seconds
2017-02-07T12:24:22.170+0100: 4,339: Total time for which application threads were stopped: 0,0003563 seconds, Stopping threads took: 0,0002675 seconds
2017-02-07T12:24:22.174+0100: 4,344: Total time for which application threads were stopped: 0,0012155 seconds, Stopping threads took: 0,0011255 seconds
2017-02-07T12:24:22.175+0100: 4,344: Total time for which application threads were stopped: 0,0000878 seconds, Stopping threads took: 0,0000434 seconds
2017-02-07T12:24:22.175+0100: 4,344: Total time for which application threads were stopped: 0,0000685 seconds, Stopping threads took: 0,0000281 seconds
2017-02-07T12:24:22.175+0100: 4,344: Total time for which application threads were stopped: 0,0000436 seconds, Stopping threads took: 0,0000098 seconds
2017-02-07T12:24:22.175+0100: 4,345: Total time for which application threads were stopped: 0,0000702 seconds, Stopping threads took: 0,0000299 seconds
2017-02-07T12:24:22.175+0100: 4,345: Total time for which application threads were stopped: 0,0000530 seconds, Stopping threads took: 0,0000244 seconds
2017-02-07T12:24:22.175+0100: 4,345: Total time for which application threads were stopped: 0,0000706 seconds, Stopping threads took: 0,0000301 seconds
2017-02-07T12:24:22.176+0100: 4,345: Total time for which application threads were stopped: 0,0000489 seconds, Stopping threads took: 0,0000162 seconds
2017-02-07T12:24:22.176+0100: 4,345: Total time for which application threads were stopped: 0,0000624 seconds, Stopping threads took: 0,0000302 seconds
2017-02-07T12:24:22.176+0100: 4,345: Total time for which application threads were stopped: 0,0000697 seconds, Stopping threads took: 0,0000122 seconds
2017-02-07T12:24:22.176+0100: 4,345: Total time for which application threads were stopped: 0,0000446 seconds, Stopping threads took: 0,0000116 seconds
2017-02-07T12:24:22.176+0100: 4,346: Total time for which application threads were stopped: 0,0000794 seconds, Stopping threads took: 0,0000328 seconds
2017-02-07T12:24:22.176+0100: 4,346: Total time for which application threads were stopped: 0,0001424 seconds, Stopping threads took: 0,0000179 seconds
2017-02-07T12:24:22.198+0100: 4,368: Total time for which application threads were stopped: 0,0015203 seconds, Stopping threads took: 0,0013985 seconds
2017-02-07T12:24:22.200+0100: 4,369: Total time for which application threads were stopped: 0,0001324 seconds, Stopping threads took: 0,0000486 seconds
2017-02-07T12:24:22.208+0100: 4,377: Total time for which application threads were stopped: 0,0001456 seconds, Stopping threads took: 0,0000455 seconds
2017-02-07T12:24:22.208+0100: 4,378: Total time for which application threads were stopped: 0,0000940 seconds, Stopping threads took: 0,0000215 seconds
2017-02-07T12:24:22.211+0100: 4,380: Total time for which application threads were stopped: 0,0003475 seconds, Stopping threads took: 0,0000157 seconds
2017-02-07T12:24:22.215+0100: 4,384: Total time for which application threads were stopped: 0,0001141 seconds, Stopping threads took: 0,0000326 seconds
2017-02-07T12:24:22.215+0100: 4,385: Total time for which application threads were stopped: 0,0000950 seconds, Stopping threads took: 0,0000244 seconds
2017-02-07T12:24:22.241+0100: 4,410: Total time for which application threads were stopped: 0,0002997 seconds, Stopping threads took: 0,0000443 seconds
2017-02-07T12:24:22.253+0100: 4,422: Total time for which application threads were stopped: 0,0016057 seconds, Stopping threads took: 0,0015059 seconds
2017-02-07T12:24:22.265+0100: 4,435: Total time for which application threads were stopped: 0,0001231 seconds, Stopping threads took: 0,0000161 seconds
2017-02-07T12:24:22.269+0100: 4,439: Total time for which application threads were stopped: 0,0001039 seconds, Stopping threads took: 0,0000258 seconds
2017-02-07T12:24:22.284+0100: 4,453: Total time for which application threads were stopped: 0,0001059 seconds, Stopping threads took: 0,0000290 seconds
2017-02-07T12:24:22.430+0100: 4,599: Total time for which application threads were stopped: 0,0001693 seconds, Stopping threads took: 0,0000341 seconds
2017-02-07T12:24:22.462+0100: 4,632: Total time for which application threads were stopped: 0,0096350 seconds, Stopping threads took: 0,0095704 seconds
2017-02-07T12:24:22.490+0100: 4,660: Total time for which application threads were stopped: 0,0031310 seconds, Stopping threads took: 0,0030595 seconds
2017-02-07T12:24:22.546+0100: 4,715: Total time for which application threads were stopped: 0,0001405 seconds, Stopping threads took: 0,0000499 seconds
2017-02-07T12:24:22.549+0100: 4,718: Total time for which application threads were stopped: 0,0001219 seconds, Stopping threads took: 0,0000224 seconds
2017-02-07T12:24:22.549+0100: 4,719: Total time for which application threads were stopped: 0,0000814 seconds, Stopping threads took: 0,0000119 seconds
2017-02-07T12:24:22.549+0100: 4,719: Total time for which application threads were stopped: 0,0000816 seconds, Stopping threads took: 0,0000196 seconds
2017-02-07T12:24:22.551+0100: 4,720: Total time for which application threads were stopped: 0,0001314 seconds, Stopping threads took: 0,0000428 seconds
2017-02-07T12:24:22.551+0100: 4,720: Total time for which application threads were stopped: 0,0000738 seconds, Stopping threads took: 0,0000195 seconds
2017-02-07T12:24:22.551+0100: 4,720: Total time for which application threads were stopped: 0,0000708 seconds, Stopping threads took: 0,0000183 seconds
2017-02-07T12:24:22.555+0100: 4,724: Total time for which application threads were stopped: 0,0001526 seconds, Stopping threads took: 0,0000409 seconds
2017-02-07T12:24:22.561+0100: 4,730: Total time for which application threads were stopped: 0,0017812 seconds, Stopping threads took: 0,0017016 seconds
2017-02-07T12:24:22.561+0100: 4,731: Total time for which application threads were stopped: 0,0001171 seconds, Stopping threads took: 0,0000155 seconds
2017-02-07T12:24:22.563+0100: 4,732: Total time for which application threads were stopped: 0,0004802 seconds, Stopping threads took: 0,0000247 seconds
2017-02-07T12:24:22.570+0100: 4,740: Total time for which application threads were stopped: 0,0002360 seconds, Stopping threads took: 0,0001639 seconds
2017-02-07T12:24:22.575+0100: 4,744: Total time for which application threads were stopped: 0,0001358 seconds, Stopping threads took: 0,0000697 seconds
2017-02-07T12:24:22.582+0100: 4,752: Total time for which application threads were stopped: 0,0007439 seconds, Stopping threads took: 0,0000601 seconds
2017-02-07T12:24:22.607+0100: 4,776: Total time for which application threads were stopped: 0,0001538 seconds, Stopping threads took: 0,0000506 seconds
2017-02-07T12:24:22.607+0100: 4,776: Total time for which application threads were stopped: 0,0002900 seconds, Stopping threads took: 0,0002344 seconds
2017-02-07T12:24:22.615+0100: 4,785: Total time for which application threads were stopped: 0,0001149 seconds, Stopping threads took: 0,0000331 seconds
2017-02-07T12:24:22.638+0100: 4,807: Total time for which application threads were stopped: 0,0001339 seconds, Stopping threads took: 0,0000535 seconds
2017-02-07T12:24:22.638+0100: 4,808: Total time for which application threads were stopped: 0,0001096 seconds, Stopping threads took: 0,0000510 seconds
2017-02-07T12:24:22.639+0100: 4,808: Total time for which application threads were stopped: 0,0001387 seconds, Stopping threads took: 0,0000972 seconds
2017-02-07T12:24:22.647+0100: 4,817: Total time for which application threads were stopped: 0,0001217 seconds, Stopping threads took: 0,0000363 seconds
2017-02-07T12:24:22.649+0100: 4,818: Total time for which application threads were stopped: 0,0001071 seconds, Stopping threads took: 0,0000269 seconds
2017-02-07T12:24:22.650+0100: 4,819: Total time for which application threads were stopped: 0,0001173 seconds, Stopping threads took: 0,0000435 seconds
2017-02-07T12:24:23.650+0100: 5,819: Total time for which application threads were stopped: 0,0000646 seconds, Stopping threads took: 0,0000178 seconds
2017-02-07T12:24:50.860+0100: 33,823: Total time for which application threads were stopped: 0,0000763 seconds, Stopping threads took: 0,0000316 seconds
2017-02-07T12:25:19.865+0100: 62,827: Total time for which application threads were stopped: 0,0001428 seconds, Stopping threads took: 0,0000364 seconds
2017-02-07T12:27:18.881+0100: 181,843: Total time for which application threads were stopped: 0,0007834 seconds, Stopping threads took: 0,0002758 seconds
2017-02-07T12:28:48.893+0100: 271,856: Total time for which application threads were stopped: 0,0000804 seconds, Stopping threads took: 0,0000327 seconds
2017-02-07T12:29:15.898+0100: 298,861: Total time for which application threads were stopped: 0,0001047 seconds, Stopping threads took: 0,0000395 seconds
{Heap before GC invocations=5 (full 1):
 par new generation   total 109248K, used 100067K [0x00000000e0000000, 0x00000000e8000000, 0x00000000e8000000)
  eden space 87424K, 100% used [0x00000000e0000000, 0x00000000e5560000, 0x00000000e5560000)
  from space 21824K,  57% used [0x00000000e6ab0000, 0x00000000e7708d88, 0x00000000e8000000)
  to   space 21824K,   0% used [0x00000000e5560000, 0x00000000e5560000, 0x00000000e6ab0000)
 concurrent mark-sweep generation total 393216K, used 0K [0x00000000e8000000, 0x0000000100000000, 0x0000000100000000)
 Metaspace       used 23278K, capacity 23724K, committed 23932K, reserved 1071104K
  class space    used 2679K, capacity 2875K, committed 2940K, reserved 1048576K
2017-02-07T12:32:10.151+0100: 473,114: [GC (Allocation Failure) 2017-02-07T12:32:10.151+0100: 473,114: [ParNew
Desired survivor size 20112992 bytes, new threshold 8 (max 8)
- age   1:    2913360 bytes,    2913360 total
- age   2:     146704 bytes,    3060064 total
- age   3:      81832 bytes,    3141896 total
- age   4:     273272 bytes,    3415168 total
- age   5:     792576 bytes,    4207744 total
- age   6:    6557664 bytes,   10765408 total
: 100067K->12965K(109248K), 0,0240373 secs] 100067K->12965K(502464K), 0,0241721 secs] [Times: user=0,05 sys=0,00, real=0,02 secs] 
Heap after GC invocations=6 (full 1):
 par new generation   total 109248K, used 12965K [0x00000000e0000000, 0x00000000e8000000, 0x00000000e8000000)
  eden space 87424K,   0% used [0x00000000e0000000, 0x00000000e0000000, 0x00000000e5560000)
  from space 21824K,  59% used [0x00000000e5560000, 0x00000000e62097f8, 0x00000000e6ab0000)
  to   space 21824K,   0% used [0x00000000e6ab0000, 0x00000000e6ab0000, 0x00000000e8000000)
 concurrent mark-sweep generation total 393216K, used 0K [0x00000000e8000000, 0x0000000100000000, 0x0000000100000000)
 Metaspace       used 23278K, capacity 23724K, committed 23932K, reserved 1071104K
  class space    used 2679K, capacity 2875K, committed 2940K, reserved 1048576K
}
2017-02-07T12:32:10.175+0100: 473,138: Total time for which application threads were stopped: 0,0246560 seconds, Stopping threads took: 0,0002232 seconds
2017-02-07T12:32:10.240+0100: 473,203: Total time for which application threads were stopped: 0,0003823 seconds, Stopping threads took: 0,0000164 seconds
2017-02-07T12:32:10.371+0100: 473,334: Total time for which application threads were stopped: 0,0001058 seconds, Stopping threads took: 0,0000215 seconds
2017-02-07T12:32:11.371+0100: 474,334: Total time for which application threads were stopped: 0,0000823 seconds, Stopping threads took: 0,0000212 seconds
2017-02-07T12:33:07.319+0100: 530,282: Total time for which application threads were stopped: 0,0003158 seconds, Stopping threads took: 0,0000124 seconds
2017-02-07T12:33:07.324+0100: 530,286: Total time for which application threads were stopped: 0,0001161 seconds, Stopping threads took: 0,0000533 seconds
Heap
 par new generation   total 109248K, used 33821K [0x00000000e0000000, 0x00000000e8000000, 0x00000000e8000000)
  eden space 87424K,  23% used [0x00000000e0000000, 0x00000000e145def0, 0x00000000e5560000)
  from space 21824K,  59% used [0x00000000e5560000, 0x00000000e62097f8, 0x00000000e6ab0000)
  to   space 21824K,   0% used [0x00000000e6ab0000, 0x00000000e6ab0000, 0x00000000e8000000)
 concurrent mark-sweep generation total 393216K, used 0K [0x00000000e8000000, 0x0000000100000000, 0x0000000100000000)
 Metaspace       used 24188K, capacity 24624K, committed 24828K, reserved 1071104K
  class space    used 2809K, capacity 3005K, committed 3068K, reserved 1048576K
