OpenJDK 64-Bit Server VM (25.121-b13) for linux-amd64 JRE (1.8.0_121-8u121-b13-0ubuntu1.16.04.2-b13), built on Jan 23 2017 15:51:29 by "buildd" with gcc 5.4.0 20160609
Memory: 4k page, physical 7867760k(7503224k free), swap 8076284k(8076284k free)
CommandLine flags: -XX:CMSInitiatingOccupancyFraction=50 -XX:CMSMaxAbortablePrecleanTime=6000 -XX:+CMSParallelRemarkEnabled -XX:+CMSScavengeBeforeRemark -XX:ConcGCThreads=4 -XX:InitialHeapSize=536870912 -XX:MaxHeapSize=536870912 -XX:MaxTenuringThreshold=8 -XX:NewRatio=3 -XX:OldPLABSize=16 -XX:OnOutOfMemoryError=/opt/solr/bin/oom_solr.sh 8983 /var/solr/logs -XX:ParallelGCThreads=4 -XX:+ParallelRefProcEnabled -XX:PretenureSizeThreshold=67108864 -XX:+PrintGC -XX:+PrintGCApplicationStoppedTime -XX:+PrintGCDateStamps -XX:+PrintGCDetails -XX:+PrintGCTimeStamps -XX:+PrintHeapAtGC -XX:+PrintTenuringDistribution -XX:SurvivorRatio=4 -XX:TargetSurvivorRatio=90 -XX:ThreadStackSize=256 -XX:+UseCMSInitiatingOccupancyOnly -XX:+UseCompressedClassPointers -XX:+UseCompressedOops -XX:+UseConcMarkSweepGC -XX:+UseParNewGC 
2017-02-28T10:49:11.544+0100: 0,155: Total time for which application threads were stopped: 0,0000730 seconds, Stopping threads took: 0,0000104 seconds
2017-02-28T10:49:11.631+0100: 0,242: Total time for which application threads were stopped: 0,0000858 seconds, Stopping threads took: 0,0000094 seconds
2017-02-28T10:49:11.649+0100: 0,259: Total time for which application threads were stopped: 0,0000973 seconds, Stopping threads took: 0,0000184 seconds
2017-02-28T10:49:11.983+0100: 0,593: Total time for which application threads were stopped: 0,0002224 seconds, Stopping threads took: 0,0000374 seconds
2017-02-28T10:49:12.393+0100: 1,003: Total time for which application threads were stopped: 0,0001818 seconds, Stopping threads took: 0,0000258 seconds
2017-02-28T10:49:12.454+0100: 1,064: Total time for which application threads were stopped: 0,0001385 seconds, Stopping threads took: 0,0000182 seconds
2017-02-28T10:49:12.478+0100: 1,089: Total time for which application threads were stopped: 0,0001424 seconds, Stopping threads took: 0,0000184 seconds
2017-02-28T10:49:12.708+0100: 1,318: Total time for which application threads were stopped: 0,0001702 seconds, Stopping threads took: 0,0000123 seconds
2017-02-28T10:49:12.908+0100: 1,518: Total time for which application threads were stopped: 0,0001947 seconds, Stopping threads took: 0,0000157 seconds
2017-02-28T10:49:12.936+0100: 1,546: Total time for which application threads were stopped: 0,0001656 seconds, Stopping threads took: 0,0000168 seconds
2017-02-28T10:49:12.970+0100: 1,581: Total time for which application threads were stopped: 0,0002353 seconds, Stopping threads took: 0,0000237 seconds
2017-02-28T10:49:12.972+0100: 1,582: Total time for which application threads were stopped: 0,0002070 seconds, Stopping threads took: 0,0000196 seconds
2017-02-28T10:49:12.987+0100: 1,598: Total time for which application threads were stopped: 0,0002392 seconds, Stopping threads took: 0,0000263 seconds
2017-02-28T10:49:13.087+0100: 1,697: Total time for which application threads were stopped: 0,0002053 seconds, Stopping threads took: 0,0000184 seconds
2017-02-28T10:49:13.256+0100: 1,866: Total time for which application threads were stopped: 0,0002885 seconds, Stopping threads took: 0,0000649 seconds
{Heap before GC invocations=0 (full 0):
 par new generation   total 109248K, used 87424K [0x00000000e0000000, 0x00000000e8000000, 0x00000000e8000000)
  eden space 87424K, 100% used [0x00000000e0000000, 0x00000000e5560000, 0x00000000e5560000)
  from space 21824K,   0% used [0x00000000e5560000, 0x00000000e5560000, 0x00000000e6ab0000)
  to   space 21824K,   0% used [0x00000000e6ab0000, 0x00000000e6ab0000, 0x00000000e8000000)
 concurrent mark-sweep generation total 393216K, used 0K [0x00000000e8000000, 0x0000000100000000, 0x0000000100000000)
 Metaspace       used 18004K, capacity 18336K, committed 18688K, reserved 1064960K
  class space    used 2035K, capacity 2196K, committed 2304K, reserved 1048576K
2017-02-28T10:49:13.337+0100: 1,947: [GC (Allocation Failure) 2017-02-28T10:49:13.337+0100: 1,947: [ParNew
Desired survivor size 20112992 bytes, new threshold 8 (max 8)
- age   1:   12589440 bytes,   12589440 total
: 87424K->12412K(109248K), 0,0150798 secs] 87424K->12412K(502464K), 0,0151572 secs] [Times: user=0,02 sys=0,02, real=0,01 secs] 
Heap after GC invocations=1 (full 0):
 par new generation   total 109248K, used 12412K [0x00000000e0000000, 0x00000000e8000000, 0x00000000e8000000)
  eden space 87424K,   0% used [0x00000000e0000000, 0x00000000e0000000, 0x00000000e5560000)
  from space 21824K,  56% used [0x00000000e6ab0000, 0x00000000e76cf058, 0x00000000e8000000)
  to   space 21824K,   0% used [0x00000000e5560000, 0x00000000e5560000, 0x00000000e6ab0000)
 concurrent mark-sweep generation total 393216K, used 0K [0x00000000e8000000, 0x0000000100000000, 0x0000000100000000)
 Metaspace       used 18004K, capacity 18336K, committed 18688K, reserved 1064960K
  class space    used 2035K, capacity 2196K, committed 2304K, reserved 1048576K
}
2017-02-28T10:49:13.352+0100: 1,963: Total time for which application threads were stopped: 0,0164864 seconds, Stopping threads took: 0,0011475 seconds
2017-02-28T10:49:13.640+0100: 2,250: Total time for which application threads were stopped: 0,0003711 seconds, Stopping threads took: 0,0000696 seconds
2017-02-28T10:49:13.672+0100: 2,282: Total time for which application threads were stopped: 0,0011855 seconds, Stopping threads took: 0,0009372 seconds
{Heap before GC invocations=1 (full 0):
 par new generation   total 109248K, used 99836K [0x00000000e0000000, 0x00000000e8000000, 0x00000000e8000000)
  eden space 87424K, 100% used [0x00000000e0000000, 0x00000000e5560000, 0x00000000e5560000)
  from space 21824K,  56% used [0x00000000e6ab0000, 0x00000000e76cf058, 0x00000000e8000000)
  to   space 21824K,   0% used [0x00000000e5560000, 0x00000000e5560000, 0x00000000e6ab0000)
 concurrent mark-sweep generation total 393216K, used 0K [0x00000000e8000000, 0x0000000100000000, 0x0000000100000000)
 Metaspace       used 20040K, capacity 20368K, committed 20736K, reserved 1067008K
  class space    used 2297K, capacity 2470K, committed 2560K, reserved 1048576K
2017-02-28T10:49:13.678+0100: 2,288: [GC (Allocation Failure) 2017-02-28T10:49:13.678+0100: 2,288: [ParNew
Desired survivor size 20112992 bytes, new threshold 8 (max 8)
- age   1:    3519360 bytes,    3519360 total
- age   2:    6658320 bytes,   10177680 total
: 99836K->13793K(109248K), 0,0097105 secs] 99836K->13793K(502464K), 0,0097831 secs] [Times: user=0,04 sys=0,00, real=0,01 secs] 
Heap after GC invocations=2 (full 0):
 par new generation   total 109248K, used 13793K [0x00000000e0000000, 0x00000000e8000000, 0x00000000e8000000)
  eden space 87424K,   0% used [0x00000000e0000000, 0x00000000e0000000, 0x00000000e5560000)
  from space 21824K,  63% used [0x00000000e5560000, 0x00000000e62d8520, 0x00000000e6ab0000)
  to   space 21824K,   0% used [0x00000000e6ab0000, 0x00000000e6ab0000, 0x00000000e8000000)
 concurrent mark-sweep generation total 393216K, used 0K [0x00000000e8000000, 0x0000000100000000, 0x0000000100000000)
 Metaspace       used 20040K, capacity 20368K, committed 20736K, reserved 1067008K
  class space    used 2297K, capacity 2470K, committed 2560K, reserved 1048576K
}
2017-02-28T10:49:13.688+0100: 2,298: Total time for which application threads were stopped: 0,0131929 seconds, Stopping threads took: 0,0032877 seconds
2017-02-28T10:49:13.713+0100: 2,323: Total time for which application threads were stopped: 0,0008259 seconds, Stopping threads took: 0,0005513 seconds
2017-02-28T10:49:13.846+0100: 2,456: Total time for which application threads were stopped: 0,0020330 seconds, Stopping threads took: 0,0018852 seconds
{Heap before GC invocations=2 (full 0):
 par new generation   total 109248K, used 101217K [0x00000000e0000000, 0x00000000e8000000, 0x00000000e8000000)
  eden space 87424K, 100% used [0x00000000e0000000, 0x00000000e5560000, 0x00000000e5560000)
  from space 21824K,  63% used [0x00000000e5560000, 0x00000000e62d8520, 0x00000000e6ab0000)
  to   space 21824K,   0% used [0x00000000e6ab0000, 0x00000000e6ab0000, 0x00000000e8000000)
 concurrent mark-sweep generation total 393216K, used 0K [0x00000000e8000000, 0x0000000100000000, 0x0000000100000000)
 Metaspace       used 20965K, capacity 21289K, committed 21552K, reserved 1069056K
  class space    used 2418K, capacity 2589K, committed 2608K, reserved 1048576K
2017-02-28T10:49:13.866+0100: 2,476: [GC (Allocation Failure) 2017-02-28T10:49:13.866+0100: 2,476: [ParNew
Desired survivor size 20112992 bytes, new threshold 8 (max 8)
- age   1:    2098160 bytes,    2098160 total
- age   2:     840240 bytes,    2938400 total
- age   3:    6655760 bytes,    9594160 total
: 101217K->12819K(109248K), 0,0154537 secs] 101217K->12819K(502464K), 0,0155371 secs] [Times: user=0,06 sys=0,00, real=0,01 secs] 
Heap after GC invocations=3 (full 0):
 par new generation   total 109248K, used 12819K [0x00000000e0000000, 0x00000000e8000000, 0x00000000e8000000)
  eden space 87424K,   0% used [0x00000000e0000000, 0x00000000e0000000, 0x00000000e5560000)
  from space 21824K,  58% used [0x00000000e6ab0000, 0x00000000e7734e58, 0x00000000e8000000)
  to   space 21824K,   0% used [0x00000000e5560000, 0x00000000e5560000, 0x00000000e6ab0000)
 concurrent mark-sweep generation total 393216K, used 0K [0x00000000e8000000, 0x0000000100000000, 0x0000000100000000)
 Metaspace       used 20965K, capacity 21289K, committed 21552K, reserved 1069056K
  class space    used 2418K, capacity 2589K, committed 2608K, reserved 1048576K
}
2017-02-28T10:49:13.881+0100: 2,491: Total time for which application threads were stopped: 0,0157477 seconds, Stopping threads took: 0,0000527 seconds
2017-02-28T10:49:13.885+0100: 2,495: [GC (CMS Initial Mark) [1 CMS-initial-mark: 0K(393216K)] 16400K(502464K), 0,0042902 secs] [Times: user=0,02 sys=0,00, real=0,00 secs] 
2017-02-28T10:49:13.890+0100: 2,500: Total time for which application threads were stopped: 0,0046045 seconds, Stopping threads took: 0,0002172 seconds
2017-02-28T10:49:13.890+0100: 2,500: [CMS-concurrent-mark-start]
2017-02-28T10:49:13.890+0100: 2,500: [CMS-concurrent-mark: 0,000/0,000 secs] [Times: user=0,00 sys=0,00, real=0,00 secs] 
2017-02-28T10:49:13.890+0100: 2,500: [CMS-concurrent-preclean-start]
2017-02-28T10:49:13.891+0100: 2,501: [CMS-concurrent-preclean: 0,001/0,001 secs] [Times: user=0,00 sys=0,00, real=0,00 secs] 
2017-02-28T10:49:13.891+0100: 2,501: [CMS-concurrent-abortable-preclean-start]
{Heap before GC invocations=3 (full 1):
 par new generation   total 109248K, used 100243K [0x00000000e0000000, 0x00000000e8000000, 0x00000000e8000000)
  eden space 87424K, 100% used [0x00000000e0000000, 0x00000000e5560000, 0x00000000e5560000)
  from space 21824K,  58% used [0x00000000e6ab0000, 0x00000000e7734e58, 0x00000000e8000000)
  to   space 21824K,   0% used [0x00000000e5560000, 0x00000000e5560000, 0x00000000e6ab0000)
 concurrent mark-sweep generation total 393216K, used 0K [0x00000000e8000000, 0x0000000100000000, 0x0000000100000000)
 Metaspace       used 21248K, capacity 21583K, committed 21628K, reserved 1069056K
  class space    used 2448K, capacity 2607K, committed 2608K, reserved 1048576K
2017-02-28T10:49:13.990+0100: 2,600: [GC (Allocation Failure) 2017-02-28T10:49:13.990+0100: 2,600: [ParNew
Desired survivor size 20112992 bytes, new threshold 8 (max 8)
- age   1:    1216736 bytes,    1216736 total
- age   2:    1472488 bytes,    2689224 total
- age   3:     808872 bytes,    3498096 total
- age   4:    6655880 bytes,   10153976 total
: 100243K->12344K(109248K), 0,0099188 secs] 100243K->12344K(502464K), 0,0099837 secs] [Times: user=0,03 sys=0,00, real=0,01 secs] 
Heap after GC invocations=4 (full 1):
 par new generation   total 109248K, used 12344K [0x00000000e0000000, 0x00000000e8000000, 0x00000000e8000000)
  eden space 87424K,   0% used [0x00000000e0000000, 0x00000000e0000000, 0x00000000e5560000)
  from space 21824K,  56% used [0x00000000e5560000, 0x00000000e616e2c0, 0x00000000e6ab0000)
  to   space 21824K,   0% used [0x00000000e6ab0000, 0x00000000e6ab0000, 0x00000000e8000000)
 concurrent mark-sweep generation total 393216K, used 0K [0x00000000e8000000, 0x0000000100000000, 0x0000000100000000)
 Metaspace       used 21248K, capacity 21583K, committed 21628K, reserved 1069056K
  class space    used 2448K, capacity 2607K, committed 2608K, reserved 1048576K
}
2017-02-28T10:49:14.000+0100: 2,610: Total time for which application threads were stopped: 0,0103057 seconds, Stopping threads took: 0,0001870 seconds
2017-02-28T10:49:14.000+0100: 2,610: [CMS-concurrent-abortable-preclean: 0,096/0,108 secs] [Times: user=0,40 sys=0,00, real=0,11 secs] 
2017-02-28T10:49:14.010+0100: 2,620: Total time for which application threads were stopped: 0,0018026 seconds, Stopping threads took: 0,0017077 seconds
2017-02-28T10:49:14.032+0100: 2,642: [GC (CMS Final Remark) [YG occupancy: 25810 K (109248 K)]{Heap before GC invocations=4 (full 1):
 par new generation   total 109248K, used 25810K [0x00000000e0000000, 0x00000000e8000000, 0x00000000e8000000)
  eden space 87424K,  15% used [0x00000000e0000000, 0x00000000e0d266f0, 0x00000000e5560000)
  from space 21824K,  56% used [0x00000000e5560000, 0x00000000e616e2c0, 0x00000000e6ab0000)
  to   space 21824K,   0% used [0x00000000e6ab0000, 0x00000000e6ab0000, 0x00000000e8000000)
 concurrent mark-sweep generation total 393216K, used 0K [0x00000000e8000000, 0x0000000100000000, 0x0000000100000000)
 Metaspace       used 21269K, capacity 21647K, committed 21884K, reserved 1069056K
  class space    used 2451K, capacity 2607K, committed 2608K, reserved 1048576K
2017-02-28T10:49:14.032+0100: 2,642: [GC (CMS Final Remark) 2017-02-28T10:49:14.032+0100: 2,642: [ParNew
Desired survivor size 20112992 bytes, new threshold 8 (max 8)
- age   1:    1306632 bytes,    1306632 total
- age   2:     177288 bytes,    1483920 total
- age   3:    1467240 bytes,    2951160 total
- age   4:     808840 bytes,    3760000 total
- age   5:    6655824 bytes,   10415824 total
: 25810K->13007K(109248K), 0,0101696 secs] 25810K->13007K(502464K), 0,0102060 secs] [Times: user=0,03 sys=0,01, real=0,02 secs] 
Heap after GC invocations=5 (full 1):
 par new generation   total 109248K, used 13007K [0x00000000e0000000, 0x00000000e8000000, 0x00000000e8000000)
  eden space 87424K,   0% used [0x00000000e0000000, 0x00000000e0000000, 0x00000000e5560000)
  from space 21824K,  59% used [0x00000000e6ab0000, 0x00000000e7763c70, 0x00000000e8000000)
  to   space 21824K,   0% used [0x00000000e5560000, 0x00000000e5560000, 0x00000000e6ab0000)
 concurrent mark-sweep generation total 393216K, used 0K [0x00000000e8000000, 0x0000000100000000, 0x0000000100000000)
 Metaspace       used 21269K, capacity 21647K, committed 21884K, reserved 1069056K
  class space    used 2451K, capacity 2607K, committed 2608K, reserved 1048576K
}
2017-02-28T10:49:14.042+0100: 2,652: [Rescan (parallel) , 0,0033483 secs]2017-02-28T10:49:14.045+0100: 2,656: [weak refs processing, 0,0003706 secs]2017-02-28T10:49:14.046+0100: 2,656: [class unloading, 0,0032986 secs]2017-02-28T10:49:14.049+0100: 2,659: [scrub symbol table, 0,0031078 secs]2017-02-28T10:49:14.052+0100: 2,662: [scrub string table, 0,0004381 secs][1 CMS-remark: 0K(393216K)] 13007K(502464K), 0,0214576 secs] [Times: user=0,05 sys=0,01, real=0,02 secs] 
2017-02-28T10:49:14.053+0100: 2,663: Total time for which application threads were stopped: 0,0265938 seconds, Stopping threads took: 0,0050628 seconds
2017-02-28T10:49:14.053+0100: 2,663: [CMS-concurrent-sweep-start]
2017-02-28T10:49:14.053+0100: 2,663: [CMS-concurrent-sweep: 0,000/0,000 secs] [Times: user=0,00 sys=0,00, real=0,00 secs] 
2017-02-28T10:49:14.053+0100: 2,663: [CMS-concurrent-reset-start]
2017-02-28T10:49:14.055+0100: 2,665: [CMS-concurrent-reset: 0,001/0,001 secs] [Times: user=0,00 sys=0,00, real=0,01 secs] 
{Heap before GC invocations=5 (full 1):
 par new generation   total 109248K, used 100431K [0x00000000e0000000, 0x00000000e8000000, 0x00000000e8000000)
  eden space 87424K, 100% used [0x00000000e0000000, 0x00000000e5560000, 0x00000000e5560000)
  from space 21824K,  59% used [0x00000000e6ab0000, 0x00000000e7763c70, 0x00000000e8000000)
  to   space 21824K,   0% used [0x00000000e5560000, 0x00000000e5560000, 0x00000000e6ab0000)
 concurrent mark-sweep generation total 393216K, used 0K [0x00000000e8000000, 0x0000000100000000, 0x0000000100000000)
 Metaspace       used 21469K, capacity 21883K, committed 22012K, reserved 1069056K
  class space    used 2479K, capacity 2641K, committed 2736K, reserved 1048576K
2017-02-28T10:49:14.144+0100: 2,754: [GC (Allocation Failure) 2017-02-28T10:49:14.144+0100: 2,754: [ParNew
Desired survivor size 20112992 bytes, new threshold 8 (max 8)
- age   1:     558024 bytes,     558024 total
- age   2:      21360 bytes,     579384 total
- age   3:     175968 bytes,     755352 total
- age   4:    1465680 bytes,    2221032 total
- age   5:     808760 bytes,    3029792 total
- age   6:    6655672 bytes,    9685464 total
: 100431K->12245K(109248K), 0,0132145 secs] 100431K->12245K(502464K), 0,0132983 secs] [Times: user=0,05 sys=0,00, real=0,01 secs] 
Heap after GC invocations=6 (full 1):
 par new generation   total 109248K, used 12245K [0x00000000e0000000, 0x00000000e8000000, 0x00000000e8000000)
  eden space 87424K,   0% used [0x00000000e0000000, 0x00000000e0000000, 0x00000000e5560000)
  from space 21824K,  56% used [0x00000000e5560000, 0x00000000e61556f8, 0x00000000e6ab0000)
  to   space 21824K,   0% used [0x00000000e6ab0000, 0x00000000e6ab0000, 0x00000000e8000000)
 concurrent mark-sweep generation total 393216K, used 0K [0x00000000e8000000, 0x0000000100000000, 0x0000000100000000)
 Metaspace       used 21469K, capacity 21883K, committed 22012K, reserved 1069056K
  class space    used 2479K, capacity 2641K, committed 2736K, reserved 1048576K
}
2017-02-28T10:49:14.157+0100: 2,768: Total time for which application threads were stopped: 0,0135223 seconds, Stopping threads took: 0,0000745 seconds
2017-02-28T10:49:14.176+0100: 2,786: Total time for which application threads were stopped: 0,0003199 seconds, Stopping threads took: 0,0000273 seconds
2017-02-28T10:49:14.359+0100: 2,969: Total time for which application threads were stopped: 0,0004982 seconds, Stopping threads took: 0,0000388 seconds
2017-02-28T10:49:14.374+0100: 2,984: Total time for which application threads were stopped: 0,0005101 seconds, Stopping threads took: 0,0000542 seconds
{Heap before GC invocations=6 (full 1):
 par new generation   total 109248K, used 99669K [0x00000000e0000000, 0x00000000e8000000, 0x00000000e8000000)
  eden space 87424K, 100% used [0x00000000e0000000, 0x00000000e5560000, 0x00000000e5560000)
  from space 21824K,  56% used [0x00000000e5560000, 0x00000000e61556f8, 0x00000000e6ab0000)
  to   space 21824K,   0% used [0x00000000e6ab0000, 0x00000000e6ab0000, 0x00000000e8000000)
 concurrent mark-sweep generation total 393216K, used 0K [0x00000000e8000000, 0x0000000100000000, 0x0000000100000000)
 Metaspace       used 24387K, capacity 24833K, committed 25136K, reserved 1071104K
  class space    used 2863K, capacity 3048K, committed 3120K, reserved 1048576K
2017-02-28T10:49:14.568+0100: 3,178: [GC (Allocation Failure) 2017-02-28T10:49:14.568+0100: 3,178: [ParNew
Desired survivor size 20112992 bytes, new threshold 8 (max 8)
- age   1:    5227024 bytes,    5227024 total
- age   2:     171504 bytes,    5398528 total
- age   3:      21328 bytes,    5419856 total
- age   4:     175392 bytes,    5595248 total
- age   5:     296968 bytes,    5892216 total
- age   6:     782616 bytes,    6674832 total
- age   7:    6647976 bytes,   13322808 total
: 99669K->14990K(109248K), 0,0162695 secs] 99669K->14990K(502464K), 0,0163499 secs] [Times: user=0,05 sys=0,00, real=0,02 secs] 
Heap after GC invocations=7 (full 1):
 par new generation   total 109248K, used 14990K [0x00000000e0000000, 0x00000000e8000000, 0x00000000e8000000)
  eden space 87424K,   0% used [0x00000000e0000000, 0x00000000e0000000, 0x00000000e5560000)
  from space 21824K,  68% used [0x00000000e6ab0000, 0x00000000e7953850, 0x00000000e8000000)
  to   space 21824K,   0% used [0x00000000e5560000, 0x00000000e5560000, 0x00000000e6ab0000)
 concurrent mark-sweep generation total 393216K, used 0K [0x00000000e8000000, 0x0000000100000000, 0x0000000100000000)
 Metaspace       used 24387K, capacity 24833K, committed 25136K, reserved 1071104K
  class space    used 2863K, capacity 3048K, committed 3120K, reserved 1048576K
}
2017-02-28T10:49:14.584+0100: 3,194: Total time for which application threads were stopped: 0,0168138 seconds, Stopping threads took: 0,0002062 seconds
{Heap before GC invocations=7 (full 1):
 par new generation   total 109248K, used 102414K [0x00000000e0000000, 0x00000000e8000000, 0x00000000e8000000)
  eden space 87424K, 100% used [0x00000000e0000000, 0x00000000e5560000, 0x00000000e5560000)
  from space 21824K,  68% used [0x00000000e6ab0000, 0x00000000e7953850, 0x00000000e8000000)
  to   space 21824K,   0% used [0x00000000e5560000, 0x00000000e5560000, 0x00000000e6ab0000)
 concurrent mark-sweep generation total 393216K, used 0K [0x00000000e8000000, 0x0000000100000000, 0x0000000100000000)
 Metaspace       used 25074K, capacity 25559K, committed 25648K, reserved 1071104K
  class space    used 2918K, capacity 3116K, committed 3120K, reserved 1048576K
2017-02-28T10:49:14.776+0100: 3,386: [GC (Allocation Failure) 2017-02-28T10:49:14.776+0100: 3,386: [ParNew
Desired survivor size 20112992 bytes, new threshold 8 (max 8)
- age   1:    1388624 bytes,    1388624 total
- age   2:    1368528 bytes,    2757152 total
- age   3:      87448 bytes,    2844600 total
- age   4:       7736 bytes,    2852336 total
- age   5:      93992 bytes,    2946328 total
- age   6:     185256 bytes,    3131584 total
- age   7:     752944 bytes,    3884528 total
- age   8:    6112984 bytes,    9997512 total
: 102414K->14070K(109248K), 0,0104814 secs] 102414K->14070K(502464K), 0,0105704 secs] [Times: user=0,04 sys=0,00, real=0,01 secs] 
Heap after GC invocations=8 (full 1):
 par new generation   total 109248K, used 14070K [0x00000000e0000000, 0x00000000e8000000, 0x00000000e8000000)
  eden space 87424K,   0% used [0x00000000e0000000, 0x00000000e0000000, 0x00000000e5560000)
  from space 21824K,  64% used [0x00000000e5560000, 0x00000000e631d8c8, 0x00000000e6ab0000)
  to   space 21824K,   0% used [0x00000000e6ab0000, 0x00000000e6ab0000, 0x00000000e8000000)
 concurrent mark-sweep generation total 393216K, used 0K [0x00000000e8000000, 0x0000000100000000, 0x0000000100000000)
 Metaspace       used 25074K, capacity 25559K, committed 25648K, reserved 1071104K
  class space    used 2918K, capacity 3116K, committed 3120K, reserved 1048576K
}
2017-02-28T10:49:14.786+0100: 3,396: Total time for which application threads were stopped: 0,0108061 seconds, Stopping threads took: 0,0000252 seconds
2017-02-28T10:49:14.896+0100: 3,506: Total time for which application threads were stopped: 0,0004221 seconds, Stopping threads took: 0,0000265 seconds
2017-02-28T10:49:14.909+0100: 3,519: Total time for which application threads were stopped: 0,0003967 seconds, Stopping threads took: 0,0000349 seconds
2017-02-28T10:49:14.991+0100: 3,602: Total time for which application threads were stopped: 0,0004368 seconds, Stopping threads took: 0,0000171 seconds
2017-02-28T10:49:15.450+0100: 4,060: Total time for which application threads were stopped: 0,0003365 seconds, Stopping threads took: 0,0000163 seconds
2017-02-28T10:50:42.987+0100: 92,075: Total time for which application threads were stopped: 0,0001903 seconds, Stopping threads took: 0,0000799 seconds
2017-02-28T10:51:17.993+0100: 127,081: Total time for which application threads were stopped: 0,0001704 seconds, Stopping threads took: 0,0000674 seconds
2017-02-28T10:51:22.994+0100: 132,082: Total time for which application threads were stopped: 0,0000838 seconds, Stopping threads took: 0,0000359 seconds
2017-02-28T10:53:48.014+0100: 277,102: Total time for which application threads were stopped: 0,0001986 seconds, Stopping threads took: 0,0000780 seconds
2017-02-28T11:12:42.196+0100: 1411,283: Total time for which application threads were stopped: 0,0001154 seconds, Stopping threads took: 0,0000447 seconds
2017-02-28T11:17:32.232+0100: 1701,319: Total time for which application threads were stopped: 0,0001998 seconds, Stopping threads took: 0,0000758 seconds
2017-02-28T11:21:16.960+0100: 1926,048: Total time for which application threads were stopped: 0,0000708 seconds, Stopping threads took: 0,0000203 seconds
2017-02-28T11:21:16.964+0100: 1926,051: Total time for which application threads were stopped: 0,0000637 seconds, Stopping threads took: 0,0000198 seconds
2017-02-28T11:21:16.982+0100: 1926,070: Total time for which application threads were stopped: 0,0004341 seconds, Stopping threads took: 0,0000277 seconds
2017-02-28T11:21:16.995+0100: 1926,082: Total time for which application threads were stopped: 0,0000865 seconds, Stopping threads took: 0,0000184 seconds
2017-02-28T11:21:16.995+0100: 1926,082: Total time for which application threads were stopped: 0,0000750 seconds, Stopping threads took: 0,0000367 seconds
2017-02-28T11:21:17.048+0100: 1926,136: Total time for which application threads were stopped: 0,0010943 seconds, Stopping threads took: 0,0004379 seconds
2017-02-28T11:21:17.050+0100: 1926,138: Total time for which application threads were stopped: 0,0000810 seconds, Stopping threads took: 0,0000133 seconds
2017-02-28T11:21:17.053+0100: 1926,141: Total time for which application threads were stopped: 0,0000969 seconds, Stopping threads took: 0,0000279 seconds
2017-02-28T11:21:17.126+0100: 1926,214: Total time for which application threads were stopped: 0,0000880 seconds, Stopping threads took: 0,0000171 seconds
2017-02-28T11:22:14.807+0100: 1983,894: Total time for which application threads were stopped: 0,0004114 seconds, Stopping threads took: 0,0000148 seconds
2017-02-28T11:22:14.808+0100: 1983,895: Total time for which application threads were stopped: 0,0003716 seconds, Stopping threads took: 0,0000096 seconds
2017-02-28T11:22:14.811+0100: 1983,899: Total time for which application threads were stopped: 0,0000945 seconds, Stopping threads took: 0,0000363 seconds
2017-02-28T11:22:14.823+0100: 1983,911: Total time for which application threads were stopped: 0,0001318 seconds, Stopping threads took: 0,0000273 seconds
2017-02-28T11:22:14.826+0100: 1983,913: Total time for which application threads were stopped: 0,0001162 seconds, Stopping threads took: 0,0000304 seconds
2017-02-28T11:22:14.827+0100: 1983,915: Total time for which application threads were stopped: 0,0001011 seconds, Stopping threads took: 0,0000350 seconds
2017-02-28T11:22:14.827+0100: 1983,915: Total time for which application threads were stopped: 0,0000519 seconds, Stopping threads took: 0,0000094 seconds
Heap
 par new generation   total 109248K, used 76546K [0x00000000e0000000, 0x00000000e8000000, 0x00000000e8000000)
  eden space 87424K,  71% used [0x00000000e0000000, 0x00000000e3d02f98, 0x00000000e5560000)
  from space 21824K,  64% used [0x00000000e5560000, 0x00000000e631d8c8, 0x00000000e6ab0000)
  to   space 21824K,   0% used [0x00000000e6ab0000, 0x00000000e6ab0000, 0x00000000e8000000)
 concurrent mark-sweep generation total 393216K, used 0K [0x00000000e8000000, 0x0000000100000000, 0x0000000100000000)
 Metaspace       used 28920K, capacity 29523K, committed 29744K, reserved 1075200K
  class space    used 3348K, capacity 3556K, committed 3632K, reserved 1048576K
