OpenJDK 64-Bit Server VM (25.121-b13) for linux-amd64 JRE (1.8.0_121-8u121-b13-0ubuntu1.16.04.2-b13), built on Jan 23 2017 15:51:29 by "buildd" with gcc 5.4.0 20160609
Memory: 4k page, physical 7867764k(7422092k free), swap 8076284k(8076284k free)
CommandLine flags: -XX:CMSInitiatingOccupancyFraction=50 -XX:CMSMaxAbortablePrecleanTime=6000 -XX:+CMSParallelRemarkEnabled -XX:+CMSScavengeBeforeRemark -XX:ConcGCThreads=4 -XX:InitialHeapSize=536870912 -XX:MaxHeapSize=536870912 -XX:MaxTenuringThreshold=8 -XX:NewRatio=3 -XX:OldPLABSize=16 -XX:OnOutOfMemoryError=/opt/solr/bin/oom_solr.sh 8983 /var/solr/logs -XX:ParallelGCThreads=4 -XX:+ParallelRefProcEnabled -XX:PretenureSizeThreshold=67108864 -XX:+PrintGC -XX:+PrintGCApplicationStoppedTime -XX:+PrintGCDateStamps -XX:+PrintGCDetails -XX:+PrintGCTimeStamps -XX:+PrintHeapAtGC -XX:+PrintTenuringDistribution -XX:SurvivorRatio=4 -XX:TargetSurvivorRatio=90 -XX:ThreadStackSize=256 -XX:+UseCMSInitiatingOccupancyOnly -XX:+UseCompressedClassPointers -XX:+UseCompressedOops -XX:+UseConcMarkSweepGC -XX:+UseParNewGC 
2017-05-06T00:19:39.076+0200: 0,150: Total time for which application threads were stopped: 0,0000723 seconds, Stopping threads took: 0,0000120 seconds
2017-05-06T00:19:39.186+0200: 0,260: Total time for which application threads were stopped: 0,0001045 seconds, Stopping threads took: 0,0000167 seconds
2017-05-06T00:19:39.211+0200: 0,285: Total time for which application threads were stopped: 0,0001022 seconds, Stopping threads took: 0,0000110 seconds
2017-05-06T00:19:39.535+0200: 0,609: Total time for which application threads were stopped: 0,0001588 seconds, Stopping threads took: 0,0000137 seconds
2017-05-06T00:19:39.980+0200: 1,054: Total time for which application threads were stopped: 0,0001730 seconds, Stopping threads took: 0,0000159 seconds
2017-05-06T00:19:40.071+0200: 1,145: Total time for which application threads were stopped: 0,0001565 seconds, Stopping threads took: 0,0000226 seconds
2017-05-06T00:19:40.095+0200: 1,169: Total time for which application threads were stopped: 0,0002825 seconds, Stopping threads took: 0,0000298 seconds
2017-05-06T00:19:40.354+0200: 1,428: Total time for which application threads were stopped: 0,0001690 seconds, Stopping threads took: 0,0000240 seconds
2017-05-06T00:19:40.613+0200: 1,687: Total time for which application threads were stopped: 0,0001908 seconds, Stopping threads took: 0,0000144 seconds
2017-05-06T00:19:40.640+0200: 1,714: Total time for which application threads were stopped: 0,0002213 seconds, Stopping threads took: 0,0000438 seconds
2017-05-06T00:19:40.678+0200: 1,752: Total time for which application threads were stopped: 0,0002474 seconds, Stopping threads took: 0,0000323 seconds
2017-05-06T00:19:40.679+0200: 1,753: Total time for which application threads were stopped: 0,0002115 seconds, Stopping threads took: 0,0000280 seconds
2017-05-06T00:19:40.701+0200: 1,775: Total time for which application threads were stopped: 0,0006347 seconds, Stopping threads took: 0,0000595 seconds
2017-05-06T00:19:40.787+0200: 1,861: Total time for which application threads were stopped: 0,0002030 seconds, Stopping threads took: 0,0000175 seconds
2017-05-06T00:19:40.950+0200: 2,024: Total time for which application threads were stopped: 0,0004556 seconds, Stopping threads took: 0,0002426 seconds
{Heap before GC invocations=0 (full 0):
 par new generation   total 109248K, used 87424K [0x00000000e0000000, 0x00000000e8000000, 0x00000000e8000000)
  eden space 87424K, 100% used [0x00000000e0000000, 0x00000000e5560000, 0x00000000e5560000)
  from space 21824K,   0% used [0x00000000e5560000, 0x00000000e5560000, 0x00000000e6ab0000)
  to   space 21824K,   0% used [0x00000000e6ab0000, 0x00000000e6ab0000, 0x00000000e8000000)
 concurrent mark-sweep generation total 393216K, used 0K [0x00000000e8000000, 0x0000000100000000, 0x0000000100000000)
 Metaspace       used 18015K, capacity 18336K, committed 18688K, reserved 1064960K
  class space    used 2035K, capacity 2196K, committed 2304K, reserved 1048576K
2017-05-06T00:19:41.031+0200: 2,105: [GC (Allocation Failure) 2017-05-06T00:19:41.031+0200: 2,105: [ParNew
Desired survivor size 20112992 bytes, new threshold 8 (max 8)
- age   1:   12576264 bytes,   12576264 total
: 87424K->12391K(109248K), 0,0168854 secs] 87424K->12391K(502464K), 0,0169845 secs] [Times: user=0,05 sys=0,01, real=0,01 secs] 
Heap after GC invocations=1 (full 0):
 par new generation   total 109248K, used 12391K [0x00000000e0000000, 0x00000000e8000000, 0x00000000e8000000)
  eden space 87424K,   0% used [0x00000000e0000000, 0x00000000e0000000, 0x00000000e5560000)
  from space 21824K,  56% used [0x00000000e6ab0000, 0x00000000e76c9d90, 0x00000000e8000000)
  to   space 21824K,   0% used [0x00000000e5560000, 0x00000000e5560000, 0x00000000e6ab0000)
 concurrent mark-sweep generation total 393216K, used 0K [0x00000000e8000000, 0x0000000100000000, 0x0000000100000000)
 Metaspace       used 18015K, capacity 18336K, committed 18688K, reserved 1064960K
  class space    used 2035K, capacity 2196K, committed 2304K, reserved 1048576K
}
2017-05-06T00:19:41.048+0200: 2,122: Total time for which application threads were stopped: 0,0172495 seconds, Stopping threads took: 0,0000526 seconds
2017-05-06T00:19:41.368+0200: 2,442: Total time for which application threads were stopped: 0,0003918 seconds, Stopping threads took: 0,0000416 seconds
2017-05-06T00:19:41.411+0200: 2,485: Total time for which application threads were stopped: 0,0004502 seconds, Stopping threads took: 0,0000586 seconds
{Heap before GC invocations=1 (full 0):
 par new generation   total 109248K, used 99815K [0x00000000e0000000, 0x00000000e8000000, 0x00000000e8000000)
  eden space 87424K, 100% used [0x00000000e0000000, 0x00000000e5560000, 0x00000000e5560000)
  from space 21824K,  56% used [0x00000000e6ab0000, 0x00000000e76c9d90, 0x00000000e8000000)
  to   space 21824K,   0% used [0x00000000e5560000, 0x00000000e5560000, 0x00000000e6ab0000)
 concurrent mark-sweep generation total 393216K, used 0K [0x00000000e8000000, 0x0000000100000000, 0x0000000100000000)
 Metaspace       used 20051K, capacity 20374K, committed 20736K, reserved 1067008K
  class space    used 2298K, capacity 2473K, committed 2560K, reserved 1048576K
2017-05-06T00:19:41.414+0200: 2,488: [GC (Allocation Failure) 2017-05-06T00:19:41.414+0200: 2,489: [ParNew
Desired survivor size 20112992 bytes, new threshold 8 (max 8)
- age   1:    3681016 bytes,    3681016 total
- age   2:    6646968 bytes,   10327984 total
: 99815K->11775K(109248K), 0,0171354 secs] 99815K->11775K(502464K), 0,0172192 secs] [Times: user=0,07 sys=0,00, real=0,02 secs] 
Heap after GC invocations=2 (full 0):
 par new generation   total 109248K, used 11775K [0x00000000e0000000, 0x00000000e8000000, 0x00000000e8000000)
  eden space 87424K,   0% used [0x00000000e0000000, 0x00000000e0000000, 0x00000000e5560000)
  from space 21824K,  53% used [0x00000000e5560000, 0x00000000e60dfcf0, 0x00000000e6ab0000)
  to   space 21824K,   0% used [0x00000000e6ab0000, 0x00000000e6ab0000, 0x00000000e8000000)
 concurrent mark-sweep generation total 393216K, used 0K [0x00000000e8000000, 0x0000000100000000, 0x0000000100000000)
 Metaspace       used 20051K, capacity 20374K, committed 20736K, reserved 1067008K
  class space    used 2298K, capacity 2473K, committed 2560K, reserved 1048576K
}
2017-05-06T00:19:41.432+0200: 2,506: Total time for which application threads were stopped: 0,0174315 seconds, Stopping threads took: 0,0000558 seconds
2017-05-06T00:19:41.461+0200: 2,535: Total time for which application threads were stopped: 0,0004190 seconds, Stopping threads took: 0,0000582 seconds
2017-05-06T00:19:41.613+0200: 2,687: Total time for which application threads were stopped: 0,0002320 seconds, Stopping threads took: 0,0000652 seconds
{Heap before GC invocations=2 (full 0):
 par new generation   total 109248K, used 99199K [0x00000000e0000000, 0x00000000e8000000, 0x00000000e8000000)
  eden space 87424K, 100% used [0x00000000e0000000, 0x00000000e5560000, 0x00000000e5560000)
  from space 21824K,  53% used [0x00000000e5560000, 0x00000000e60dfcf0, 0x00000000e6ab0000)
  to   space 21824K,   0% used [0x00000000e6ab0000, 0x00000000e6ab0000, 0x00000000e8000000)
 concurrent mark-sweep generation total 393216K, used 0K [0x00000000e8000000, 0x0000000100000000, 0x0000000100000000)
 Metaspace       used 20992K, capacity 21360K, committed 21628K, reserved 1069056K
  class space    used 2418K, capacity 2592K, committed 2684K, reserved 1048576K
2017-05-06T00:19:41.653+0200: 2,727: [GC (Allocation Failure) 2017-05-06T00:19:41.653+0200: 2,727: [ParNew
Desired survivor size 20112992 bytes, new threshold 8 (max 8)
- age   1:    2330432 bytes,    2330432 total
- age   2:     860048 bytes,    3190480 total
- age   3:    6643016 bytes,    9833496 total
: 99199K->16671K(109248K), 0,0111279 secs] 99199K->16671K(502464K), 0,0112136 secs] [Times: user=0,04 sys=0,00, real=0,01 secs] 
Heap after GC invocations=3 (full 0):
 par new generation   total 109248K, used 16671K [0x00000000e0000000, 0x00000000e8000000, 0x00000000e8000000)
  eden space 87424K,   0% used [0x00000000e0000000, 0x00000000e0000000, 0x00000000e5560000)
  from space 21824K,  76% used [0x00000000e6ab0000, 0x00000000e7af7d10, 0x00000000e8000000)
  to   space 21824K,   0% used [0x00000000e5560000, 0x00000000e5560000, 0x00000000e6ab0000)
 concurrent mark-sweep generation total 393216K, used 0K [0x00000000e8000000, 0x0000000100000000, 0x0000000100000000)
 Metaspace       used 20992K, capacity 21360K, committed 21628K, reserved 1069056K
  class space    used 2418K, capacity 2592K, committed 2684K, reserved 1048576K
}
2017-05-06T00:19:41.664+0200: 2,738: Total time for which application threads were stopped: 0,0114404 seconds, Stopping threads took: 0,0000858 seconds
2017-05-06T00:19:41.678+0200: 2,752: [GC (CMS Initial Mark) [1 CMS-initial-mark: 0K(393216K)] 21268K(502464K), 0,0031853 secs] [Times: user=0,01 sys=0,00, real=0,00 secs] 
2017-05-06T00:19:41.681+0200: 2,755: Total time for which application threads were stopped: 0,0072476 seconds, Stopping threads took: 0,0039591 seconds
2017-05-06T00:19:41.681+0200: 2,755: [CMS-concurrent-mark-start]
2017-05-06T00:19:41.682+0200: 2,756: [CMS-concurrent-mark: 0,000/0,000 secs] [Times: user=0,00 sys=0,00, real=0,00 secs] 
2017-05-06T00:19:41.682+0200: 2,756: [CMS-concurrent-preclean-start]
2017-05-06T00:19:41.683+0200: 2,757: [CMS-concurrent-preclean: 0,001/0,001 secs] [Times: user=0,00 sys=0,00, real=0,01 secs] 
2017-05-06T00:19:41.683+0200: 2,757: [CMS-concurrent-abortable-preclean-start]
2017-05-06T00:19:41.729+0200: 2,803: Total time for which application threads were stopped: 0,0003155 seconds, Stopping threads took: 0,0001628 seconds
{Heap before GC invocations=3 (full 1):
 par new generation   total 109248K, used 104095K [0x00000000e0000000, 0x00000000e8000000, 0x00000000e8000000)
  eden space 87424K, 100% used [0x00000000e0000000, 0x00000000e5560000, 0x00000000e5560000)
  from space 21824K,  76% used [0x00000000e6ab0000, 0x00000000e7af7d10, 0x00000000e8000000)
  to   space 21824K,   0% used [0x00000000e5560000, 0x00000000e5560000, 0x00000000e6ab0000)
 concurrent mark-sweep generation total 393216K, used 0K [0x00000000e8000000, 0x0000000100000000, 0x0000000100000000)
 Metaspace       used 21268K, capacity 21631K, committed 21884K, reserved 1069056K
  class space    used 2448K, capacity 2607K, committed 2684K, reserved 1048576K
2017-05-06T00:19:41.785+0200: 2,859: [GC (Allocation Failure) 2017-05-06T00:19:41.785+0200: 2,860: [ParNew
Desired survivor size 20112992 bytes, new threshold 8 (max 8)
- age   1:     588568 bytes,     588568 total
- age   2:    1460280 bytes,    2048848 total
- age   3:     826704 bytes,    2875552 total
- age   4:    6643088 bytes,    9518640 total
: 104095K->10760K(109248K), 0,0105834 secs] 104095K->10760K(502464K), 0,0106510 secs] [Times: user=0,04 sys=0,00, real=0,01 secs] 
Heap after GC invocations=4 (full 1):
 par new generation   total 109248K, used 10760K [0x00000000e0000000, 0x00000000e8000000, 0x00000000e8000000)
  eden space 87424K,   0% used [0x00000000e0000000, 0x00000000e0000000, 0x00000000e5560000)
  from space 21824K,  49% used [0x00000000e5560000, 0x00000000e5fe2118, 0x00000000e6ab0000)
  to   space 21824K,   0% used [0x00000000e6ab0000, 0x00000000e6ab0000, 0x00000000e8000000)
 concurrent mark-sweep generation total 393216K, used 0K [0x00000000e8000000, 0x0000000100000000, 0x0000000100000000)
 Metaspace       used 21268K, capacity 21631K, committed 21884K, reserved 1069056K
  class space    used 2448K, capacity 2607K, committed 2684K, reserved 1048576K
}
2017-05-06T00:19:41.796+0200: 2,870: Total time for which application threads were stopped: 0,0108535 seconds, Stopping threads took: 0,0000690 seconds
2017-05-06T00:19:41.796+0200: 2,870: [CMS-concurrent-abortable-preclean: 0,056/0,113 secs] [Times: user=0,44 sys=0,00, real=0,11 secs] 
2017-05-06T00:19:41.796+0200: 2,871: [GC (CMS Final Remark) [YG occupancy: 12125 K (109248 K)]{Heap before GC invocations=4 (full 1):
 par new generation   total 109248K, used 12125K [0x00000000e0000000, 0x00000000e8000000, 0x00000000e8000000)
  eden space 87424K,   1% used [0x00000000e0000000, 0x00000000e0155438, 0x00000000e5560000)
  from space 21824K,  49% used [0x00000000e5560000, 0x00000000e5fe2118, 0x00000000e6ab0000)
  to   space 21824K,   0% used [0x00000000e6ab0000, 0x00000000e6ab0000, 0x00000000e8000000)
 concurrent mark-sweep generation total 393216K, used 0K [0x00000000e8000000, 0x0000000100000000, 0x0000000100000000)
 Metaspace       used 21268K, capacity 21631K, committed 21884K, reserved 1069056K
  class space    used 2448K, capacity 2607K, committed 2684K, reserved 1048576K
2017-05-06T00:19:41.797+0200: 2,871: [GC (CMS Final Remark) 2017-05-06T00:19:41.797+0200: 2,871: [ParNew
Desired survivor size 20112992 bytes, new threshold 8 (max 8)
- age   1:     183376 bytes,     183376 total
- age   2:     353088 bytes,     536464 total
- age   3:    1460280 bytes,    1996744 total
- age   4:     826704 bytes,    2823448 total
- age   5:    6643136 bytes,    9466584 total
: 12125K->14292K(109248K), 0,0088343 secs] 12125K->14292K(502464K), 0,0088783 secs] [Times: user=0,03 sys=0,00, real=0,01 secs] 
Heap after GC invocations=5 (full 1):
 par new generation   total 109248K, used 14292K [0x00000000e0000000, 0x00000000e8000000, 0x00000000e8000000)
  eden space 87424K,   0% used [0x00000000e0000000, 0x00000000e0000000, 0x00000000e5560000)
  from space 21824K,  65% used [0x00000000e6ab0000, 0x00000000e78a5288, 0x00000000e8000000)
  to   space 21824K,   0% used [0x00000000e5560000, 0x00000000e5560000, 0x00000000e6ab0000)
 concurrent mark-sweep generation total 393216K, used 0K [0x00000000e8000000, 0x0000000100000000, 0x0000000100000000)
 Metaspace       used 21268K, capacity 21631K, committed 21884K, reserved 1069056K
  class space    used 2448K, capacity 2607K, committed 2684K, reserved 1048576K
}
2017-05-06T00:19:41.805+0200: 2,879: [Rescan (parallel) , 0,0031231 secs]2017-05-06T00:19:41.809+0200: 2,883: [weak refs processing, 0,0005425 secs]2017-05-06T00:19:41.809+0200: 2,883: [class unloading, 0,0028403 secs]2017-05-06T00:19:41.812+0200: 2,886: [scrub symbol table, 0,0031564 secs]2017-05-06T00:19:41.815+0200: 2,889: [scrub string table, 0,0003413 secs][1 CMS-remark: 0K(393216K)] 14292K(502464K), 0,0195895 secs] [Times: user=0,05 sys=0,00, real=0,02 secs] 
2017-05-06T00:19:41.816+0200: 2,890: Total time for which application threads were stopped: 0,0197195 seconds, Stopping threads took: 0,0000500 seconds
2017-05-06T00:19:41.816+0200: 2,890: [CMS-concurrent-sweep-start]
2017-05-06T00:19:41.816+0200: 2,890: [CMS-concurrent-sweep: 0,000/0,000 secs] [Times: user=0,00 sys=0,00, real=0,00 secs] 
2017-05-06T00:19:41.816+0200: 2,890: [CMS-concurrent-reset-start]
2017-05-06T00:19:41.819+0200: 2,893: [CMS-concurrent-reset: 0,002/0,002 secs] [Times: user=0,01 sys=0,01, real=0,00 secs] 
{Heap before GC invocations=5 (full 1):
 par new generation   total 109248K, used 101716K [0x00000000e0000000, 0x00000000e8000000, 0x00000000e8000000)
  eden space 87424K, 100% used [0x00000000e0000000, 0x00000000e5560000, 0x00000000e5560000)
  from space 21824K,  65% used [0x00000000e6ab0000, 0x00000000e78a5288, 0x00000000e8000000)
  to   space 21824K,   0% used [0x00000000e5560000, 0x00000000e5560000, 0x00000000e6ab0000)
 concurrent mark-sweep generation total 393216K, used 0K [0x00000000e8000000, 0x0000000100000000, 0x0000000100000000)
 Metaspace       used 21408K, capacity 21803K, committed 21884K, reserved 1069056K
  class space    used 2468K, capacity 2641K, committed 2684K, reserved 1048576K
2017-05-06T00:19:41.910+0200: 2,984: [GC (Allocation Failure) 2017-05-06T00:19:41.910+0200: 2,984: [ParNew
Desired survivor size 20112992 bytes, new threshold 8 (max 8)
- age   1:     597072 bytes,     597072 total
- age   3:     193736 bytes,     790808 total
- age   4:    1460120 bytes,    2250928 total
- age   5:     824688 bytes,    3075616 total
- age   6:    6643136 bytes,    9718752 total
: 101716K->10882K(109248K), 0,0094542 secs] 101716K->10882K(502464K), 0,0095358 secs] [Times: user=0,04 sys=0,00, real=0,01 secs] 
Heap after GC invocations=6 (full 1):
 par new generation   total 109248K, used 10882K [0x00000000e0000000, 0x00000000e8000000, 0x00000000e8000000)
  eden space 87424K,   0% used [0x00000000e0000000, 0x00000000e0000000, 0x00000000e5560000)
  from space 21824K,  49% used [0x00000000e5560000, 0x00000000e6000960, 0x00000000e6ab0000)
  to   space 21824K,   0% used [0x00000000e6ab0000, 0x00000000e6ab0000, 0x00000000e8000000)
 concurrent mark-sweep generation total 393216K, used 0K [0x00000000e8000000, 0x0000000100000000, 0x0000000100000000)
 Metaspace       used 21408K, capacity 21803K, committed 21884K, reserved 1069056K
  class space    used 2468K, capacity 2641K, committed 2684K, reserved 1048576K
}
2017-05-06T00:19:41.919+0200: 2,993: Total time for which application threads were stopped: 0,0098139 seconds, Stopping threads took: 0,0001110 seconds
2017-05-06T00:19:41.957+0200: 3,031: Total time for which application threads were stopped: 0,0004044 seconds, Stopping threads took: 0,0000528 seconds
2017-05-06T00:19:42.217+0200: 3,291: Total time for which application threads were stopped: 0,0004719 seconds, Stopping threads took: 0,0000412 seconds
2017-05-06T00:19:42.234+0200: 3,308: Total time for which application threads were stopped: 0,0004656 seconds, Stopping threads took: 0,0000413 seconds
{Heap before GC invocations=6 (full 1):
 par new generation   total 109248K, used 98306K [0x00000000e0000000, 0x00000000e8000000, 0x00000000e8000000)
  eden space 87424K, 100% used [0x00000000e0000000, 0x00000000e5560000, 0x00000000e5560000)
  from space 21824K,  49% used [0x00000000e5560000, 0x00000000e6000960, 0x00000000e6ab0000)
  to   space 21824K,   0% used [0x00000000e6ab0000, 0x00000000e6ab0000, 0x00000000e8000000)
 concurrent mark-sweep generation total 393216K, used 0K [0x00000000e8000000, 0x0000000100000000, 0x0000000100000000)
 Metaspace       used 24089K, capacity 24527K, committed 24828K, reserved 1071104K
  class space    used 2837K, capacity 3015K, committed 3068K, reserved 1048576K
2017-05-06T00:19:42.393+0200: 3,467: [GC (Allocation Failure) 2017-05-06T00:19:42.393+0200: 3,467: [ParNew
Desired survivor size 20112992 bytes, new threshold 8 (max 8)
- age   1:    5399816 bytes,    5399816 total
- age   2:     122880 bytes,    5522696 total
- age   4:     192304 bytes,    5715000 total
- age   5:     290272 bytes,    6005272 total
- age   6:     800416 bytes,    6805688 total
- age   7:    6634800 bytes,   13440488 total
: 98306K->16412K(109248K), 0,0132820 secs] 98306K->16412K(502464K), 0,0133591 secs] [Times: user=0,05 sys=0,00, real=0,01 secs] 
Heap after GC invocations=7 (full 1):
 par new generation   total 109248K, used 16412K [0x00000000e0000000, 0x00000000e8000000, 0x00000000e8000000)
  eden space 87424K,   0% used [0x00000000e0000000, 0x00000000e0000000, 0x00000000e5560000)
  from space 21824K,  75% used [0x00000000e6ab0000, 0x00000000e7ab72c0, 0x00000000e8000000)
  to   space 21824K,   0% used [0x00000000e5560000, 0x00000000e5560000, 0x00000000e6ab0000)
 concurrent mark-sweep generation total 393216K, used 0K [0x00000000e8000000, 0x0000000100000000, 0x0000000100000000)
 Metaspace       used 24089K, capacity 24527K, committed 24828K, reserved 1071104K
  class space    used 2837K, capacity 3015K, committed 3068K, reserved 1048576K
}
2017-05-06T00:19:42.406+0200: 3,480: Total time for which application threads were stopped: 0,0138248 seconds, Stopping threads took: 0,0002469 seconds
{Heap before GC invocations=7 (full 1):
 par new generation   total 109248K, used 103836K [0x00000000e0000000, 0x00000000e8000000, 0x00000000e8000000)
  eden space 87424K, 100% used [0x00000000e0000000, 0x00000000e5560000, 0x00000000e5560000)
  from space 21824K,  75% used [0x00000000e6ab0000, 0x00000000e7ab72c0, 0x00000000e8000000)
  to   space 21824K,   0% used [0x00000000e5560000, 0x00000000e5560000, 0x00000000e6ab0000)
 concurrent mark-sweep generation total 393216K, used 0K [0x00000000e8000000, 0x0000000100000000, 0x0000000100000000)
 Metaspace       used 24604K, capacity 25109K, committed 25468K, reserved 1071104K
  class space    used 2875K, capacity 3080K, committed 3196K, reserved 1048576K
2017-05-06T00:19:42.545+0200: 3,619: [GC (Allocation Failure) 2017-05-06T00:19:42.545+0200: 3,619: [ParNew
Desired survivor size 20112992 bytes, new threshold 8 (max 8)
- age   1:    1628856 bytes,    1628856 total
- age   2:    1786856 bytes,    3415712 total
- age   3:      67752 bytes,    3483464 total
- age   5:     105872 bytes,    3589336 total
- age   6:     176968 bytes,    3766304 total
- age   7:     770504 bytes,    4536808 total
- age   8:    6101352 bytes,   10638160 total
: 103836K->17843K(109248K), 0,0408133 secs] 103836K->17843K(502464K), 0,0409252 secs] [Times: user=0,09 sys=0,00, real=0,04 secs] 
Heap after GC invocations=8 (full 1):
 par new generation   total 109248K, used 17843K [0x00000000e0000000, 0x00000000e8000000, 0x00000000e8000000)
  eden space 87424K,   0% used [0x00000000e0000000, 0x00000000e0000000, 0x00000000e5560000)
  from space 21824K,  81% used [0x00000000e5560000, 0x00000000e66cce20, 0x00000000e6ab0000)
  to   space 21824K,   0% used [0x00000000e6ab0000, 0x00000000e6ab0000, 0x00000000e8000000)
 concurrent mark-sweep generation total 393216K, used 0K [0x00000000e8000000, 0x0000000100000000, 0x0000000100000000)
 Metaspace       used 24604K, capacity 25109K, committed 25468K, reserved 1071104K
  class space    used 2875K, capacity 3080K, committed 3196K, reserved 1048576K
}
2017-05-06T00:19:42.586+0200: 3,660: Total time for which application threads were stopped: 0,0411444 seconds, Stopping threads took: 0,0000384 seconds
{Heap before GC invocations=8 (full 1):
 par new generation   total 109248K, used 105267K [0x00000000e0000000, 0x00000000e8000000, 0x00000000e8000000)
  eden space 87424K, 100% used [0x00000000e0000000, 0x00000000e5560000, 0x00000000e5560000)
  from space 21824K,  81% used [0x00000000e5560000, 0x00000000e66cce20, 0x00000000e6ab0000)
  to   space 21824K,   0% used [0x00000000e6ab0000, 0x00000000e6ab0000, 0x00000000e8000000)
 concurrent mark-sweep generation total 393216K, used 0K [0x00000000e8000000, 0x0000000100000000, 0x0000000100000000)
 Metaspace       used 24850K, capacity 25263K, committed 25468K, reserved 1071104K
  class space    used 2900K, capacity 3085K, committed 3196K, reserved 1048576K
2017-05-06T00:19:42.662+0200: 3,736: [GC (Allocation Failure) 2017-05-06T00:19:42.663+0200: 3,737: [ParNew
Desired survivor size 20112992 bytes, new threshold 8 (max 8)
- age   1:     679432 bytes,     679432 total
- age   2:    1038032 bytes,    1717464 total
- age   3:    1764728 bytes,    3482192 total
- age   4:      67752 bytes,    3549944 total
- age   6:     105768 bytes,    3655712 total
- age   7:     176968 bytes,    3832680 total
- age   8:     770504 bytes,    4603184 total
: 105267K->6963K(109248K), 0,0287001 secs] 105267K->13004K(502464K), 0,0287815 secs] [Times: user=0,09 sys=0,00, real=0,03 secs] 
Heap after GC invocations=9 (full 1):
 par new generation   total 109248K, used 6963K [0x00000000e0000000, 0x00000000e8000000, 0x00000000e8000000)
  eden space 87424K,   0% used [0x00000000e0000000, 0x00000000e0000000, 0x00000000e5560000)
  from space 21824K,  31% used [0x00000000e6ab0000, 0x00000000e717cfa0, 0x00000000e8000000)
  to   space 21824K,   0% used [0x00000000e5560000, 0x00000000e5560000, 0x00000000e6ab0000)
 concurrent mark-sweep generation total 393216K, used 6040K [0x00000000e8000000, 0x0000000100000000, 0x0000000100000000)
 Metaspace       used 24850K, capacity 25263K, committed 25468K, reserved 1071104K
  class space    used 2900K, capacity 3085K, committed 3196K, reserved 1048576K
}
2017-05-06T00:19:42.691+0200: 3,765: Total time for which application threads were stopped: 0,0290592 seconds, Stopping threads took: 0,0000910 seconds
2017-05-06T00:19:42.974+0200: 4,048: Total time for which application threads were stopped: 0,0007877 seconds, Stopping threads took: 0,0003281 seconds
2017-05-06T00:19:42.976+0200: 4,050: Total time for which application threads were stopped: 0,0003995 seconds, Stopping threads took: 0,0002944 seconds
2017-05-06T00:19:42.979+0200: 4,053: Total time for which application threads were stopped: 0,0005358 seconds, Stopping threads took: 0,0000381 seconds
2017-05-06T00:19:42.983+0200: 4,057: Total time for which application threads were stopped: 0,0016417 seconds, Stopping threads took: 0,0015257 seconds
2017-05-06T00:19:42.991+0200: 4,065: Total time for which application threads were stopped: 0,0001736 seconds, Stopping threads took: 0,0000548 seconds
2017-05-06T00:19:42.991+0200: 4,065: Total time for which application threads were stopped: 0,0001208 seconds, Stopping threads took: 0,0000575 seconds
2017-05-06T00:19:42.995+0200: 4,069: Total time for which application threads were stopped: 0,0001024 seconds, Stopping threads took: 0,0000228 seconds
2017-05-06T00:19:42.996+0200: 4,070: Total time for which application threads were stopped: 0,0003715 seconds, Stopping threads took: 0,0000119 seconds
2017-05-06T00:19:42.997+0200: 4,071: Total time for which application threads were stopped: 0,0001298 seconds, Stopping threads took: 0,0000331 seconds
2017-05-06T00:19:43.001+0200: 4,075: Total time for which application threads were stopped: 0,0001546 seconds, Stopping threads took: 0,0000466 seconds
2017-05-06T00:19:43.002+0200: 4,076: Total time for which application threads were stopped: 0,0001143 seconds, Stopping threads took: 0,0000286 seconds
2017-05-06T00:19:43.005+0200: 4,079: Total time for which application threads were stopped: 0,0001298 seconds, Stopping threads took: 0,0000341 seconds
2017-05-06T00:19:43.006+0200: 4,080: Total time for which application threads were stopped: 0,0001558 seconds, Stopping threads took: 0,0000405 seconds
2017-05-06T00:19:43.010+0200: 4,084: Total time for which application threads were stopped: 0,0001630 seconds, Stopping threads took: 0,0000332 seconds
2017-05-06T00:19:43.011+0200: 4,085: Total time for which application threads were stopped: 0,0001124 seconds, Stopping threads took: 0,0000266 seconds
2017-05-06T00:19:43.012+0200: 4,086: Total time for which application threads were stopped: 0,0001194 seconds, Stopping threads took: 0,0000319 seconds
2017-05-06T00:19:43.046+0200: 4,120: Total time for which application threads were stopped: 0,0004345 seconds, Stopping threads took: 0,0003021 seconds
2017-05-06T00:19:43.049+0200: 4,123: Total time for which application threads were stopped: 0,0001525 seconds, Stopping threads took: 0,0000530 seconds
2017-05-06T00:19:43.051+0200: 4,125: Total time for which application threads were stopped: 0,0001490 seconds, Stopping threads took: 0,0000559 seconds
2017-05-06T00:19:43.056+0200: 4,130: Total time for which application threads were stopped: 0,0001350 seconds, Stopping threads took: 0,0000385 seconds
2017-05-06T00:19:43.057+0200: 4,131: Total time for which application threads were stopped: 0,0001329 seconds, Stopping threads took: 0,0000419 seconds
2017-05-06T00:19:43.060+0200: 4,135: Total time for which application threads were stopped: 0,0004480 seconds, Stopping threads took: 0,0000654 seconds
2017-05-06T00:19:43.063+0200: 4,137: Total time for which application threads were stopped: 0,0001373 seconds, Stopping threads took: 0,0000436 seconds
2017-05-06T00:19:43.066+0200: 4,140: Total time for which application threads were stopped: 0,0028879 seconds, Stopping threads took: 0,0027969 seconds
2017-05-06T00:19:43.066+0200: 4,140: Total time for which application threads were stopped: 0,0000790 seconds, Stopping threads took: 0,0000187 seconds
2017-05-06T00:19:43.072+0200: 4,146: Total time for which application threads were stopped: 0,0001002 seconds, Stopping threads took: 0,0000265 seconds
2017-05-06T00:19:43.074+0200: 4,148: Total time for which application threads were stopped: 0,0013812 seconds, Stopping threads took: 0,0012480 seconds
2017-05-06T00:19:43.080+0200: 4,154: Total time for which application threads were stopped: 0,0001186 seconds, Stopping threads took: 0,0000343 seconds
2017-05-06T00:19:43.080+0200: 4,155: Total time for which application threads were stopped: 0,0001330 seconds, Stopping threads took: 0,0000252 seconds
2017-05-06T00:19:43.081+0200: 4,155: Total time for which application threads were stopped: 0,0000743 seconds, Stopping threads took: 0,0000228 seconds
2017-05-06T00:19:43.081+0200: 4,155: Total time for which application threads were stopped: 0,0000815 seconds, Stopping threads took: 0,0000218 seconds
2017-05-06T00:19:43.083+0200: 4,157: Total time for which application threads were stopped: 0,0001108 seconds, Stopping threads took: 0,0000299 seconds
2017-05-06T00:19:43.083+0200: 4,157: Total time for which application threads were stopped: 0,0000728 seconds, Stopping threads took: 0,0000189 seconds
2017-05-06T00:19:43.084+0200: 4,158: Total time for which application threads were stopped: 0,0008427 seconds, Stopping threads took: 0,0008070 seconds
2017-05-06T00:19:43.084+0200: 4,158: Total time for which application threads were stopped: 0,0001070 seconds, Stopping threads took: 0,0000504 seconds
2017-05-06T00:19:43.084+0200: 4,158: Total time for which application threads were stopped: 0,0000693 seconds, Stopping threads took: 0,0000113 seconds
2017-05-06T00:19:43.084+0200: 4,158: Total time for which application threads were stopped: 0,0000807 seconds, Stopping threads took: 0,0000127 seconds
2017-05-06T00:19:43.084+0200: 4,159: Total time for which application threads were stopped: 0,0000712 seconds, Stopping threads took: 0,0000099 seconds
2017-05-06T00:19:43.085+0200: 4,159: Total time for which application threads were stopped: 0,0000865 seconds, Stopping threads took: 0,0000201 seconds
2017-05-06T00:19:43.085+0200: 4,159: Total time for which application threads were stopped: 0,0000698 seconds, Stopping threads took: 0,0000091 seconds
2017-05-06T00:19:43.085+0200: 4,159: Total time for which application threads were stopped: 0,0000565 seconds, Stopping threads took: 0,0000138 seconds
2017-05-06T00:19:43.085+0200: 4,159: Total time for which application threads were stopped: 0,0001016 seconds, Stopping threads took: 0,0000600 seconds
2017-05-06T00:19:43.085+0200: 4,159: Total time for which application threads were stopped: 0,0001000 seconds, Stopping threads took: 0,0000602 seconds
2017-05-06T00:19:43.085+0200: 4,159: Total time for which application threads were stopped: 0,0000659 seconds, Stopping threads took: 0,0000265 seconds
2017-05-06T00:19:43.085+0200: 4,160: Total time for which application threads were stopped: 0,0000537 seconds, Stopping threads took: 0,0000213 seconds
2017-05-06T00:19:43.086+0200: 4,160: Total time for which application threads were stopped: 0,0000842 seconds, Stopping threads took: 0,0000478 seconds
2017-05-06T00:19:43.086+0200: 4,160: Total time for which application threads were stopped: 0,0001069 seconds, Stopping threads took: 0,0000079 seconds
2017-05-06T00:19:43.090+0200: 4,164: Total time for which application threads were stopped: 0,0001191 seconds, Stopping threads took: 0,0000402 seconds
2017-05-06T00:19:43.093+0200: 4,167: Total time for which application threads were stopped: 0,0001513 seconds, Stopping threads took: 0,0000411 seconds
2017-05-06T00:19:43.097+0200: 4,171: Total time for which application threads were stopped: 0,0001318 seconds, Stopping threads took: 0,0000381 seconds
2017-05-06T00:19:43.110+0200: 4,184: Total time for which application threads were stopped: 0,0001684 seconds, Stopping threads took: 0,0000972 seconds
2017-05-06T00:19:43.130+0200: 4,204: Total time for which application threads were stopped: 0,0002204 seconds, Stopping threads took: 0,0000911 seconds
2017-05-06T00:19:43.164+0200: 4,238: Total time for which application threads were stopped: 0,0001152 seconds, Stopping threads took: 0,0000292 seconds
2017-05-06T00:19:43.164+0200: 4,238: Total time for which application threads were stopped: 0,0003467 seconds, Stopping threads took: 0,0000102 seconds
2017-05-06T00:19:43.165+0200: 4,239: Total time for which application threads were stopped: 0,0000946 seconds, Stopping threads took: 0,0000362 seconds
2017-05-06T00:19:43.169+0200: 4,243: Total time for which application threads were stopped: 0,0001228 seconds, Stopping threads took: 0,0000324 seconds
2017-05-06T00:19:44.169+0200: 5,243: Total time for which application threads were stopped: 0,0000877 seconds, Stopping threads took: 0,0000203 seconds
2017-05-06T00:19:46.169+0200: 7,243: Total time for which application threads were stopped: 0,0000618 seconds, Stopping threads took: 0,0000147 seconds
2017-05-06T00:20:01.172+0200: 22,246: Total time for which application threads were stopped: 0,0005549 seconds, Stopping threads took: 0,0001142 seconds
2017-05-06T00:20:11.173+0200: 32,247: Total time for which application threads were stopped: 0,0000777 seconds, Stopping threads took: 0,0000209 seconds
2017-05-06T00:21:36.183+0200: 117,257: Total time for which application threads were stopped: 0,0001249 seconds, Stopping threads took: 0,0000504 seconds
2017-05-06T00:21:41.183+0200: 122,257: Total time for which application threads were stopped: 0,0000776 seconds, Stopping threads took: 0,0000164 seconds
2017-05-06T00:22:40.190+0200: 181,265: Total time for which application threads were stopped: 0,0006611 seconds, Stopping threads took: 0,0003390 seconds
{Heap before GC invocations=9 (full 1):
 par new generation   total 109248K, used 94387K [0x00000000e0000000, 0x00000000e8000000, 0x00000000e8000000)
  eden space 87424K, 100% used [0x00000000e0000000, 0x00000000e5560000, 0x00000000e5560000)
  from space 21824K,  31% used [0x00000000e6ab0000, 0x00000000e717cfa0, 0x00000000e8000000)
  to   space 21824K,   0% used [0x00000000e5560000, 0x00000000e5560000, 0x00000000e6ab0000)
 concurrent mark-sweep generation total 393216K, used 6040K [0x00000000e8000000, 0x0000000100000000, 0x0000000100000000)
 Metaspace       used 28068K, capacity 28631K, committed 28796K, reserved 1075200K
  class space    used 3215K, capacity 3393K, committed 3452K, reserved 1048576K
2017-05-06T00:24:10.012+0200: 271,086: [GC (Allocation Failure) 2017-05-06T00:24:10.012+0200: 271,086: [ParNew
Desired survivor size 20112992 bytes, new threshold 8 (max 8)
- age   1:   10951520 bytes,   10951520 total
- age   2:     161768 bytes,   11113288 total
- age   3:     253400 bytes,   11366688 total
- age   4:    1759336 bytes,   13126024 total
- age   5:      67752 bytes,   13193776 total
- age   7:     105640 bytes,   13299416 total
- age   8:     176536 bytes,   13475952 total
: 94387K->14641K(109248K), 0,0162464 secs] 100428K->21525K(502464K), 0,0163392 secs] [Times: user=0,05 sys=0,00, real=0,01 secs] 
Heap after GC invocations=10 (full 1):
 par new generation   total 109248K, used 14641K [0x00000000e0000000, 0x00000000e8000000, 0x00000000e8000000)
  eden space 87424K,   0% used [0x00000000e0000000, 0x00000000e0000000, 0x00000000e5560000)
  from space 21824K,  67% used [0x00000000e5560000, 0x00000000e63ac778, 0x00000000e6ab0000)
  to   space 21824K,   0% used [0x00000000e6ab0000, 0x00000000e6ab0000, 0x00000000e8000000)
 concurrent mark-sweep generation total 393216K, used 6883K [0x00000000e8000000, 0x0000000100000000, 0x0000000100000000)
 Metaspace       used 28068K, capacity 28631K, committed 28796K, reserved 1075200K
  class space    used 3215K, capacity 3393K, committed 3452K, reserved 1048576K
}
2017-05-06T00:24:10.028+0200: 271,102: Total time for which application threads were stopped: 0,0165834 seconds, Stopping threads took: 0,0000557 seconds
2017-05-06T00:24:10.037+0200: 271,111: Total time for which application threads were stopped: 0,0001033 seconds, Stopping threads took: 0,0000354 seconds
2017-05-06T00:24:10.038+0200: 271,112: Total time for which application threads were stopped: 0,0000569 seconds, Stopping threads took: 0,0000171 seconds
2017-05-06T00:25:01.043+0200: 322,117: Total time for which application threads were stopped: 0,0001174 seconds, Stopping threads took: 0,0000425 seconds
2017-05-06T00:43:05.174+0200: 1406,248: Total time for which application threads were stopped: 0,0000890 seconds, Stopping threads took: 0,0000287 seconds
2017-05-06T00:46:55.200+0200: 1636,274: Total time for which application threads were stopped: 0,0002864 seconds, Stopping threads took: 0,0000750 seconds
2017-05-06T00:47:00.201+0200: 1641,275: Total time for which application threads were stopped: 0,0003747 seconds, Stopping threads took: 0,0000754 seconds
2017-05-06T00:58:00.275+0200: 2301,349: Total time for which application threads were stopped: 0,0000809 seconds, Stopping threads took: 0,0000303 seconds
2017-05-06T00:58:01.276+0200: 2302,350: Total time for which application threads were stopped: 0,0000649 seconds, Stopping threads took: 0,0000142 seconds
2017-05-06T01:12:56.373+0200: 3197,447: Total time for which application threads were stopped: 0,0000912 seconds, Stopping threads took: 0,0000330 seconds
2017-05-06T01:25:40.479+0200: 3961,553: Total time for which application threads were stopped: 0,0001004 seconds, Stopping threads took: 0,0000379 seconds
2017-05-06T01:26:40.486+0200: 4021,560: Total time for which application threads were stopped: 0,0001081 seconds, Stopping threads took: 0,0000379 seconds
2017-05-06T01:26:55.488+0200: 4036,562: Total time for which application threads were stopped: 0,0001232 seconds, Stopping threads took: 0,0000364 seconds
2017-05-06T01:38:00.748+0200: 4701,822: Total time for which application threads were stopped: 0,0589928 seconds, Stopping threads took: 0,0589091 seconds
2017-05-06T01:38:00.751+0200: 4701,825: Total time for which application threads were stopped: 0,0001173 seconds, Stopping threads took: 0,0000416 seconds
2017-05-06T01:38:00.763+0200: 4701,837: Total time for which application threads were stopped: 0,0001002 seconds, Stopping threads took: 0,0000279 seconds
2017-05-06T01:38:00.770+0200: 4701,844: Total time for which application threads were stopped: 0,0017408 seconds, Stopping threads took: 0,0014136 seconds
2017-05-06T01:38:00.771+0200: 4701,845: Total time for which application threads were stopped: 0,0012202 seconds, Stopping threads took: 0,0000192 seconds
2017-05-06T01:38:00.771+0200: 4701,845: Total time for which application threads were stopped: 0,0003075 seconds, Stopping threads took: 0,0000223 seconds
2017-05-06T01:38:00.771+0200: 4701,845: Total time for which application threads were stopped: 0,0000673 seconds, Stopping threads took: 0,0000169 seconds
2017-05-06T01:38:00.772+0200: 4701,846: Total time for which application threads were stopped: 0,0000741 seconds, Stopping threads took: 0,0000184 seconds
2017-05-06T01:38:00.772+0200: 4701,846: Total time for which application threads were stopped: 0,0000574 seconds, Stopping threads took: 0,0000150 seconds
2017-05-06T01:38:00.772+0200: 4701,846: Total time for which application threads were stopped: 0,0000594 seconds, Stopping threads took: 0,0000129 seconds
2017-05-06T01:38:00.772+0200: 4701,846: Total time for which application threads were stopped: 0,0000540 seconds, Stopping threads took: 0,0000119 seconds
2017-05-06T01:38:00.782+0200: 4701,856: Total time for which application threads were stopped: 0,0001747 seconds, Stopping threads took: 0,0000489 seconds
2017-05-06T01:38:00.783+0200: 4701,857: Total time for which application threads were stopped: 0,0001373 seconds, Stopping threads took: 0,0000284 seconds
2017-05-06T01:38:00.790+0200: 4701,864: Total time for which application threads were stopped: 0,0001081 seconds, Stopping threads took: 0,0000192 seconds
2017-05-06T01:38:00.794+0200: 4701,869: Total time for which application threads were stopped: 0,0039780 seconds, Stopping threads took: 0,0039035 seconds
2017-05-06T01:38:00.795+0200: 4701,869: Total time for which application threads were stopped: 0,0000662 seconds, Stopping threads took: 0,0000338 seconds
2017-05-06T01:38:00.795+0200: 4701,869: Total time for which application threads were stopped: 0,0000409 seconds, Stopping threads took: 0,0000156 seconds
2017-05-06T01:38:00.795+0200: 4701,869: Total time for which application threads were stopped: 0,0000856 seconds, Stopping threads took: 0,0000329 seconds
2017-05-06T01:38:00.797+0200: 4701,871: Total time for which application threads were stopped: 0,0000631 seconds, Stopping threads took: 0,0000125 seconds
2017-05-06T01:38:00.797+0200: 4701,871: Total time for which application threads were stopped: 0,0000317 seconds, Stopping threads took: 0,0000082 seconds
2017-05-06T01:38:00.797+0200: 4701,871: Total time for which application threads were stopped: 0,0000263 seconds, Stopping threads took: 0,0000057 seconds
2017-05-06T01:38:00.797+0200: 4701,871: Total time for which application threads were stopped: 0,0000297 seconds, Stopping threads took: 0,0000073 seconds
2017-05-06T01:38:00.797+0200: 4701,871: Total time for which application threads were stopped: 0,0000443 seconds, Stopping threads took: 0,0000199 seconds
2017-05-06T01:38:00.797+0200: 4701,871: Total time for which application threads were stopped: 0,0000398 seconds, Stopping threads took: 0,0000160 seconds
2017-05-06T01:38:00.797+0200: 4701,871: Total time for which application threads were stopped: 0,0000308 seconds, Stopping threads took: 0,0000079 seconds
2017-05-06T01:38:00.798+0200: 4701,872: Total time for which application threads were stopped: 0,0000633 seconds, Stopping threads took: 0,0000342 seconds
2017-05-06T01:38:00.798+0200: 4701,872: Total time for which application threads were stopped: 0,0000385 seconds, Stopping threads took: 0,0000146 seconds
2017-05-06T01:38:00.798+0200: 4701,872: Total time for which application threads were stopped: 0,0000416 seconds, Stopping threads took: 0,0000159 seconds
2017-05-06T01:38:00.798+0200: 4701,872: Total time for which application threads were stopped: 0,0000359 seconds, Stopping threads took: 0,0000135 seconds
2017-05-06T01:38:00.798+0200: 4701,872: Total time for which application threads were stopped: 0,0000586 seconds, Stopping threads took: 0,0000346 seconds
2017-05-06T01:38:00.799+0200: 4701,873: Total time for which application threads were stopped: 0,0000774 seconds, Stopping threads took: 0,0000281 seconds
2017-05-06T01:38:00.799+0200: 4701,874: Total time for which application threads were stopped: 0,0000746 seconds, Stopping threads took: 0,0000228 seconds
2017-05-06T01:38:00.800+0200: 4701,874: Total time for which application threads were stopped: 0,0001190 seconds, Stopping threads took: 0,0000088 seconds
2017-05-06T01:38:00.801+0200: 4701,875: Total time for which application threads were stopped: 0,0001025 seconds, Stopping threads took: 0,0000370 seconds
2017-05-06T01:38:00.801+0200: 4701,875: Total time for which application threads were stopped: 0,0000914 seconds, Stopping threads took: 0,0000179 seconds
2017-05-06T01:38:00.802+0200: 4701,876: Total time for which application threads were stopped: 0,0000680 seconds, Stopping threads took: 0,0000231 seconds
2017-05-06T01:38:00.803+0200: 4701,877: Total time for which application threads were stopped: 0,0000976 seconds, Stopping threads took: 0,0000196 seconds
Heap
 par new generation   total 109248K, used 34674K [0x00000000e0000000, 0x00000000e8000000, 0x00000000e8000000)
  eden space 87424K,  22% used [0x00000000e0000000, 0x00000000e1390388, 0x00000000e5560000)
  from space 21824K,  67% used [0x00000000e5560000, 0x00000000e63ac778, 0x00000000e6ab0000)
  to   space 21824K,   0% used [0x00000000e6ab0000, 0x00000000e6ab0000, 0x00000000e8000000)
 concurrent mark-sweep generation total 393216K, used 6883K [0x00000000e8000000, 0x0000000100000000, 0x0000000100000000)
 Metaspace       used 28182K, capacity 28735K, committed 28796K, reserved 1075200K
  class space    used 3229K, capacity 3427K, committed 3452K, reserved 1048576K
