OpenJDK 64-Bit Server VM (25.131-b11) for linux-amd64 JRE (1.8.0_131-8u131-b11-0ubuntu1.16.04.2-b11), built on May  6 2017 02:45:27 by "buildd" with gcc 5.4.0 20160609
Memory: 4k page, physical 7867740k(7478884k free), swap 8076284k(8076284k free)
CommandLine flags: -XX:CMSInitiatingOccupancyFraction=50 -XX:CMSMaxAbortablePrecleanTime=6000 -XX:+CMSParallelRemarkEnabled -XX:+CMSScavengeBeforeRemark -XX:ConcGCThreads=4 -XX:InitialHeapSize=536870912 -XX:MaxHeapSize=536870912 -XX:MaxTenuringThreshold=8 -XX:NewRatio=3 -XX:OldPLABSize=16 -XX:OnOutOfMemoryError=/opt/solr/bin/oom_solr.sh 8983 /var/solr/logs -XX:ParallelGCThreads=4 -XX:+ParallelRefProcEnabled -XX:PretenureSizeThreshold=67108864 -XX:+PrintGC -XX:+PrintGCApplicationStoppedTime -XX:+PrintGCDateStamps -XX:+PrintGCDetails -XX:+PrintGCTimeStamps -XX:+PrintHeapAtGC -XX:+PrintTenuringDistribution -XX:SurvivorRatio=4 -XX:TargetSurvivorRatio=90 -XX:ThreadStackSize=256 -XX:+UseCMSInitiatingOccupancyOnly -XX:+UseCompressedClassPointers -XX:+UseCompressedOops -XX:+UseConcMarkSweepGC -XX:+UseParNewGC 
2017-07-02T11:14:12.754+0200: 0,162: Total time for which application threads were stopped: 0,0000806 seconds, Stopping threads took: 0,0000123 seconds
2017-07-02T11:14:12.871+0200: 0,279: Total time for which application threads were stopped: 0,0001142 seconds, Stopping threads took: 0,0000144 seconds
2017-07-02T11:14:12.894+0200: 0,301: Total time for which application threads were stopped: 0,0000979 seconds, Stopping threads took: 0,0000153 seconds
2017-07-02T11:14:13.212+0200: 0,620: Total time for which application threads were stopped: 0,0001462 seconds, Stopping threads took: 0,0000201 seconds
2017-07-02T11:14:13.640+0200: 1,047: Total time for which application threads were stopped: 0,0001682 seconds, Stopping threads took: 0,0000139 seconds
2017-07-02T11:14:13.762+0200: 1,169: Total time for which application threads were stopped: 0,0001522 seconds, Stopping threads took: 0,0000162 seconds
2017-07-02T11:14:13.830+0200: 1,238: Total time for which application threads were stopped: 0,0002511 seconds, Stopping threads took: 0,0000293 seconds
2017-07-02T11:14:14.294+0200: 1,701: Total time for which application threads were stopped: 0,0002237 seconds, Stopping threads took: 0,0000290 seconds
2017-07-02T11:14:14.887+0200: 2,294: Total time for which application threads were stopped: 0,0010653 seconds, Stopping threads took: 0,0001080 seconds
2017-07-02T11:14:14.988+0200: 2,396: Total time for which application threads were stopped: 0,0010197 seconds, Stopping threads took: 0,0001019 seconds
2017-07-02T11:14:15.094+0200: 2,501: Total time for which application threads were stopped: 0,0002116 seconds, Stopping threads took: 0,0000195 seconds
2017-07-02T11:14:15.095+0200: 2,502: Total time for which application threads were stopped: 0,0001681 seconds, Stopping threads took: 0,0000176 seconds
2017-07-02T11:14:15.111+0200: 2,519: Total time for which application threads were stopped: 0,0001945 seconds, Stopping threads took: 0,0000178 seconds
2017-07-02T11:14:15.186+0200: 2,593: Total time for which application threads were stopped: 0,0002673 seconds, Stopping threads took: 0,0000238 seconds
2017-07-02T11:14:15.356+0200: 2,764: Total time for which application threads were stopped: 0,0003267 seconds, Stopping threads took: 0,0000735 seconds
{Heap before GC invocations=0 (full 0):
 par new generation   total 109248K, used 87424K [0x00000000e0000000, 0x00000000e8000000, 0x00000000e8000000)
  eden space 87424K, 100% used [0x00000000e0000000, 0x00000000e5560000, 0x00000000e5560000)
  from space 21824K,   0% used [0x00000000e5560000, 0x00000000e5560000, 0x00000000e6ab0000)
  to   space 21824K,   0% used [0x00000000e6ab0000, 0x00000000e6ab0000, 0x00000000e8000000)
 concurrent mark-sweep generation total 393216K, used 0K [0x00000000e8000000, 0x0000000100000000, 0x0000000100000000)
 Metaspace       used 17782K, capacity 18112K, committed 18304K, reserved 1064960K
  class space    used 2024K, capacity 2164K, committed 2176K, reserved 1048576K
2017-07-02T11:14:15.390+0200: 2,798: [GC (Allocation Failure) 2017-07-02T11:14:15.390+0200: 2,798: [ParNew
Desired survivor size 20112992 bytes, new threshold 8 (max 8)
- age   1:   11470792 bytes,   11470792 total
: 87424K->11303K(109248K), 0,0151414 secs] 87424K->11303K(502464K), 0,0152297 secs] [Times: user=0,03 sys=0,02, real=0,02 secs] 
Heap after GC invocations=1 (full 0):
 par new generation   total 109248K, used 11303K [0x00000000e0000000, 0x00000000e8000000, 0x00000000e8000000)
  eden space 87424K,   0% used [0x00000000e0000000, 0x00000000e0000000, 0x00000000e5560000)
  from space 21824K,  51% used [0x00000000e6ab0000, 0x00000000e75b9c10, 0x00000000e8000000)
  to   space 21824K,   0% used [0x00000000e5560000, 0x00000000e5560000, 0x00000000e6ab0000)
 concurrent mark-sweep generation total 393216K, used 0K [0x00000000e8000000, 0x0000000100000000, 0x0000000100000000)
 Metaspace       used 17782K, capacity 18112K, committed 18304K, reserved 1064960K
  class space    used 2024K, capacity 2164K, committed 2176K, reserved 1048576K
}
2017-07-02T11:14:15.405+0200: 2,813: Total time for which application threads were stopped: 0,0154510 seconds, Stopping threads took: 0,0000633 seconds
2017-07-02T11:14:15.822+0200: 3,229: Total time for which application threads were stopped: 0,0004266 seconds, Stopping threads took: 0,0000700 seconds
{Heap before GC invocations=1 (full 0):
 par new generation   total 109248K, used 98727K [0x00000000e0000000, 0x00000000e8000000, 0x00000000e8000000)
  eden space 87424K, 100% used [0x00000000e0000000, 0x00000000e5560000, 0x00000000e5560000)
  from space 21824K,  51% used [0x00000000e6ab0000, 0x00000000e75b9c10, 0x00000000e8000000)
  to   space 21824K,   0% used [0x00000000e5560000, 0x00000000e5560000, 0x00000000e6ab0000)
 concurrent mark-sweep generation total 393216K, used 0K [0x00000000e8000000, 0x0000000100000000, 0x0000000100000000)
 Metaspace       used 20029K, capacity 20346K, committed 20736K, reserved 1067008K
  class space    used 2291K, capacity 2463K, committed 2560K, reserved 1048576K
2017-07-02T11:14:15.861+0200: 3,268: [GC (Allocation Failure) 2017-07-02T11:14:15.861+0200: 3,268: [ParNew
Desired survivor size 20112992 bytes, new threshold 8 (max 8)
- age   1:    4434544 bytes,    4434544 total
- age   2:    6036560 bytes,   10471104 total
: 98727K->12669K(109248K), 0,0139409 secs] 98727K->12669K(502464K), 0,0140164 secs] [Times: user=0,05 sys=0,00, real=0,02 secs] 
Heap after GC invocations=2 (full 0):
 par new generation   total 109248K, used 12669K [0x00000000e0000000, 0x00000000e8000000, 0x00000000e8000000)
  eden space 87424K,   0% used [0x00000000e0000000, 0x00000000e0000000, 0x00000000e5560000)
  from space 21824K,  58% used [0x00000000e5560000, 0x00000000e61bf598, 0x00000000e6ab0000)
  to   space 21824K,   0% used [0x00000000e6ab0000, 0x00000000e6ab0000, 0x00000000e8000000)
 concurrent mark-sweep generation total 393216K, used 0K [0x00000000e8000000, 0x0000000100000000, 0x0000000100000000)
 Metaspace       used 20029K, capacity 20346K, committed 20736K, reserved 1067008K
  class space    used 2291K, capacity 2463K, committed 2560K, reserved 1048576K
}
2017-07-02T11:14:15.875+0200: 3,283: Total time for which application threads were stopped: 0,0173882 seconds, Stopping threads took: 0,0032121 seconds
2017-07-02T11:14:15.880+0200: 3,287: Total time for which application threads were stopped: 0,0003060 seconds, Stopping threads took: 0,0000431 seconds
2017-07-02T11:14:15.907+0200: 3,315: Total time for which application threads were stopped: 0,0004311 seconds, Stopping threads took: 0,0000922 seconds
2017-07-02T11:14:16.064+0200: 3,472: Total time for which application threads were stopped: 0,0001494 seconds, Stopping threads took: 0,0000282 seconds
{Heap before GC invocations=2 (full 0):
 par new generation   total 109248K, used 100093K [0x00000000e0000000, 0x00000000e8000000, 0x00000000e8000000)
  eden space 87424K, 100% used [0x00000000e0000000, 0x00000000e5560000, 0x00000000e5560000)
  from space 21824K,  58% used [0x00000000e5560000, 0x00000000e61bf598, 0x00000000e6ab0000)
  to   space 21824K,   0% used [0x00000000e6ab0000, 0x00000000e6ab0000, 0x00000000e8000000)
 concurrent mark-sweep generation total 393216K, used 0K [0x00000000e8000000, 0x0000000100000000, 0x0000000100000000)
 Metaspace       used 20964K, capacity 21268K, committed 21628K, reserved 1069056K
  class space    used 2412K, capacity 2582K, committed 2684K, reserved 1048576K
2017-07-02T11:14:16.089+0200: 3,496: [GC (Allocation Failure) 2017-07-02T11:14:16.089+0200: 3,496: [ParNew
Desired survivor size 20112992 bytes, new threshold 8 (max 8)
- age   1:    2425336 bytes,    2425336 total
- age   2:    1444504 bytes,    3869840 total
- age   3:    6034776 bytes,    9904616 total
: 100093K->14218K(109248K), 0,0158359 secs] 100093K->14218K(502464K), 0,0159326 secs] [Times: user=0,05 sys=0,00, real=0,01 secs] 
Heap after GC invocations=3 (full 0):
 par new generation   total 109248K, used 14218K [0x00000000e0000000, 0x00000000e8000000, 0x00000000e8000000)
  eden space 87424K,   0% used [0x00000000e0000000, 0x00000000e0000000, 0x00000000e5560000)
  from space 21824K,  65% used [0x00000000e6ab0000, 0x00000000e7892b50, 0x00000000e8000000)
  to   space 21824K,   0% used [0x00000000e5560000, 0x00000000e5560000, 0x00000000e6ab0000)
 concurrent mark-sweep generation total 393216K, used 0K [0x00000000e8000000, 0x0000000100000000, 0x0000000100000000)
 Metaspace       used 20964K, capacity 21268K, committed 21628K, reserved 1069056K
  class space    used 2412K, capacity 2582K, committed 2684K, reserved 1048576K
}
2017-07-02T11:14:16.105+0200: 3,512: Total time for which application threads were stopped: 0,0161701 seconds, Stopping threads took: 0,0000889 seconds
2017-07-02T11:14:16.105+0200: 3,512: [GC (CMS Initial Mark) [1 CMS-initial-mark: 0K(393216K)] 14282K(502464K), 0,0026944 secs] [Times: user=0,01 sys=0,00, real=0,00 secs] 
2017-07-02T11:14:16.108+0200: 3,515: Total time for which application threads were stopped: 0,0028445 seconds, Stopping threads took: 0,0000491 seconds
2017-07-02T11:14:16.108+0200: 3,515: [CMS-concurrent-mark-start]
2017-07-02T11:14:16.108+0200: 3,516: [CMS-concurrent-mark: 0,000/0,000 secs] [Times: user=0,00 sys=0,00, real=0,00 secs] 
2017-07-02T11:14:16.108+0200: 3,516: [CMS-concurrent-preclean-start]
2017-07-02T11:14:16.110+0200: 3,517: [CMS-concurrent-preclean: 0,001/0,001 secs] [Times: user=0,01 sys=0,00, real=0,00 secs] 
2017-07-02T11:14:16.110+0200: 3,517: [CMS-concurrent-abortable-preclean-start]
2017-07-02T11:14:16.183+0200: 3,590: Total time for which application threads were stopped: 0,0001632 seconds, Stopping threads took: 0,0000607 seconds
{Heap before GC invocations=3 (full 1):
 par new generation   total 109248K, used 101642K [0x00000000e0000000, 0x00000000e8000000, 0x00000000e8000000)
  eden space 87424K, 100% used [0x00000000e0000000, 0x00000000e5560000, 0x00000000e5560000)
  from space 21824K,  65% used [0x00000000e6ab0000, 0x00000000e7892b50, 0x00000000e8000000)
  to   space 21824K,   0% used [0x00000000e5560000, 0x00000000e5560000, 0x00000000e6ab0000)
 concurrent mark-sweep generation total 393216K, used 0K [0x00000000e8000000, 0x0000000100000000, 0x0000000100000000)
 Metaspace       used 21244K, capacity 21605K, committed 21884K, reserved 1069056K
  class space    used 2443K, capacity 2597K, committed 2684K, reserved 1048576K
2017-07-02T11:14:16.232+0200: 3,639: [GC (Allocation Failure) 2017-07-02T11:14:16.232+0200: 3,639: [ParNew
Desired survivor size 20112992 bytes, new threshold 8 (max 8)
- age   1:     509408 bytes,     509408 total
- age   2:    1481400 bytes,    1990808 total
- age   3:    1407744 bytes,    3398552 total
- age   4:    6034904 bytes,    9433456 total
: 101642K->11993K(109248K), 0,0099138 secs] 101642K->11993K(502464K), 0,0099838 secs] [Times: user=0,04 sys=0,00, real=0,01 secs] 
Heap after GC invocations=4 (full 1):
 par new generation   total 109248K, used 11993K [0x00000000e0000000, 0x00000000e8000000, 0x00000000e8000000)
  eden space 87424K,   0% used [0x00000000e0000000, 0x00000000e0000000, 0x00000000e5560000)
  from space 21824K,  54% used [0x00000000e5560000, 0x00000000e61167c0, 0x00000000e6ab0000)
  to   space 21824K,   0% used [0x00000000e6ab0000, 0x00000000e6ab0000, 0x00000000e8000000)
 concurrent mark-sweep generation total 393216K, used 0K [0x00000000e8000000, 0x0000000100000000, 0x0000000100000000)
 Metaspace       used 21244K, capacity 21605K, committed 21884K, reserved 1069056K
  class space    used 2443K, capacity 2597K, committed 2684K, reserved 1048576K
}
2017-07-02T11:14:16.242+0200: 3,649: Total time for which application threads were stopped: 0,0102138 seconds, Stopping threads took: 0,0000818 seconds
2017-07-02T11:14:16.242+0200: 3,649: [CMS-concurrent-abortable-preclean: 0,074/0,132 secs] [Times: user=0,50 sys=0,01, real=0,13 secs] 
2017-07-02T11:14:16.242+0200: 3,650: [GC (CMS Final Remark) [YG occupancy: 13293 K (109248 K)]{Heap before GC invocations=4 (full 1):
 par new generation   total 109248K, used 13293K [0x00000000e0000000, 0x00000000e8000000, 0x00000000e8000000)
  eden space 87424K,   1% used [0x00000000e0000000, 0x00000000e0144f48, 0x00000000e5560000)
  from space 21824K,  54% used [0x00000000e5560000, 0x00000000e61167c0, 0x00000000e6ab0000)
  to   space 21824K,   0% used [0x00000000e6ab0000, 0x00000000e6ab0000, 0x00000000e8000000)
 concurrent mark-sweep generation total 393216K, used 0K [0x00000000e8000000, 0x0000000100000000, 0x0000000100000000)
 Metaspace       used 21244K, capacity 21605K, committed 21884K, reserved 1069056K
  class space    used 2443K, capacity 2597K, committed 2684K, reserved 1048576K
2017-07-02T11:14:16.242+0200: 3,650: [GC (CMS Final Remark) 2017-07-02T11:14:16.243+0200: 3,650: [ParNew
Desired survivor size 20112992 bytes, new threshold 8 (max 8)
- age   1:     132888 bytes,     132888 total
- age   2:     377920 bytes,     510808 total
- age   3:    1481432 bytes,    1992240 total
- age   4:    1407744 bytes,    3399984 total
- age   5:    6034928 bytes,    9434912 total
: 13293K->11146K(109248K), 0,0101609 secs] 13293K->11146K(502464K), 0,0102005 secs] [Times: user=0,03 sys=0,00, real=0,01 secs] 
Heap after GC invocations=5 (full 1):
 par new generation   total 109248K, used 11146K [0x00000000e0000000, 0x00000000e8000000, 0x00000000e8000000)
  eden space 87424K,   0% used [0x00000000e0000000, 0x00000000e0000000, 0x00000000e5560000)
  from space 21824K,  51% used [0x00000000e6ab0000, 0x00000000e7592850, 0x00000000e8000000)
  to   space 21824K,   0% used [0x00000000e5560000, 0x00000000e5560000, 0x00000000e6ab0000)
 concurrent mark-sweep generation total 393216K, used 0K [0x00000000e8000000, 0x0000000100000000, 0x0000000100000000)
 Metaspace       used 21244K, capacity 21605K, committed 21884K, reserved 1069056K
  class space    used 2443K, capacity 2597K, committed 2684K, reserved 1048576K
}
2017-07-02T11:14:16.253+0200: 3,660: [Rescan (parallel) , 0,0042621 secs]2017-07-02T11:14:16.257+0200: 3,664: [weak refs processing, 0,0006276 secs]2017-07-02T11:14:16.258+0200: 3,665: [class unloading, 0,0029858 secs]2017-07-02T11:14:16.261+0200: 3,668: [scrub symbol table, 0,0026645 secs]2017-07-02T11:14:16.263+0200: 3,671: [scrub string table, 0,0003821 secs][1 CMS-remark: 0K(393216K)] 11146K(502464K), 0,0218205 secs] [Times: user=0,05 sys=0,00, real=0,02 secs] 
2017-07-02T11:14:16.264+0200: 3,672: Total time for which application threads were stopped: 0,0221150 seconds, Stopping threads took: 0,0002150 seconds
2017-07-02T11:14:16.264+0200: 3,672: [CMS-concurrent-sweep-start]
2017-07-02T11:14:16.264+0200: 3,672: [CMS-concurrent-sweep: 0,000/0,000 secs] [Times: user=0,00 sys=0,00, real=0,00 secs] 
2017-07-02T11:14:16.265+0200: 3,672: [CMS-concurrent-reset-start]
2017-07-02T11:14:16.267+0200: 3,674: [CMS-concurrent-reset: 0,002/0,002 secs] [Times: user=0,01 sys=0,00, real=0,01 secs] 
{Heap before GC invocations=5 (full 1):
 par new generation   total 109248K, used 98570K [0x00000000e0000000, 0x00000000e8000000, 0x00000000e8000000)
  eden space 87424K, 100% used [0x00000000e0000000, 0x00000000e5560000, 0x00000000e5560000)
  from space 21824K,  51% used [0x00000000e6ab0000, 0x00000000e7592850, 0x00000000e8000000)
  to   space 21824K,   0% used [0x00000000e5560000, 0x00000000e5560000, 0x00000000e6ab0000)
 concurrent mark-sweep generation total 393216K, used 0K [0x00000000e8000000, 0x0000000100000000, 0x0000000100000000)
 Metaspace       used 21370K, capacity 21771K, committed 21884K, reserved 1069056K
  class space    used 2462K, capacity 2630K, committed 2684K, reserved 1048576K
2017-07-02T11:14:16.360+0200: 3,767: [GC (Allocation Failure) 2017-07-02T11:14:16.360+0200: 3,767: [ParNew
Desired survivor size 20112992 bytes, new threshold 8 (max 8)
- age   1:     532336 bytes,     532336 total
- age   3:     187528 bytes,     719864 total
- age   4:    1481256 bytes,    2201120 total
- age   5:    1407632 bytes,    3608752 total
- age   6:    6034816 bytes,    9643568 total
: 98570K->16297K(109248K), 0,0107606 secs] 98570K->16297K(502464K), 0,0108550 secs] [Times: user=0,04 sys=0,00, real=0,01 secs] 
Heap after GC invocations=6 (full 1):
 par new generation   total 109248K, used 16297K [0x00000000e0000000, 0x00000000e8000000, 0x00000000e8000000)
  eden space 87424K,   0% used [0x00000000e0000000, 0x00000000e0000000, 0x00000000e5560000)
  from space 21824K,  74% used [0x00000000e5560000, 0x00000000e654a540, 0x00000000e6ab0000)
  to   space 21824K,   0% used [0x00000000e6ab0000, 0x00000000e6ab0000, 0x00000000e8000000)
 concurrent mark-sweep generation total 393216K, used 0K [0x00000000e8000000, 0x0000000100000000, 0x0000000100000000)
 Metaspace       used 21370K, capacity 21771K, committed 21884K, reserved 1069056K
  class space    used 2462K, capacity 2630K, committed 2684K, reserved 1048576K
}
2017-07-02T11:14:16.370+0200: 3,778: Total time for which application threads were stopped: 0,0114438 seconds, Stopping threads took: 0,0004245 seconds
2017-07-02T11:14:16.410+0200: 3,817: Total time for which application threads were stopped: 0,0003406 seconds, Stopping threads took: 0,0000255 seconds
2017-07-02T11:14:16.647+0200: 4,054: Total time for which application threads were stopped: 0,0005341 seconds, Stopping threads took: 0,0001402 seconds
2017-07-02T11:14:16.673+0200: 4,081: Total time for which application threads were stopped: 0,0001689 seconds, Stopping threads took: 0,0000275 seconds
2017-07-02T11:14:16.674+0200: 4,081: Total time for which application threads were stopped: 0,0000815 seconds, Stopping threads took: 0,0000159 seconds
2017-07-02T11:14:16.674+0200: 4,081: Total time for which application threads were stopped: 0,0000612 seconds, Stopping threads took: 0,0000085 seconds
2017-07-02T11:14:16.674+0200: 4,081: Total time for which application threads were stopped: 0,0000838 seconds, Stopping threads took: 0,0000320 seconds
2017-07-02T11:14:16.674+0200: 4,081: Total time for which application threads were stopped: 0,0000613 seconds, Stopping threads took: 0,0000212 seconds
2017-07-02T11:14:16.674+0200: 4,081: Total time for which application threads were stopped: 0,0000545 seconds, Stopping threads took: 0,0000117 seconds
2017-07-02T11:14:16.675+0200: 4,082: Total time for which application threads were stopped: 0,0001100 seconds, Stopping threads took: 0,0000210 seconds
2017-07-02T11:14:16.675+0200: 4,082: Total time for which application threads were stopped: 0,0001086 seconds, Stopping threads took: 0,0000415 seconds
2017-07-02T11:14:16.676+0200: 4,083: Total time for which application threads were stopped: 0,0004409 seconds, Stopping threads took: 0,0003844 seconds
2017-07-02T11:14:16.676+0200: 4,083: Total time for which application threads were stopped: 0,0003559 seconds, Stopping threads took: 0,0003202 seconds
2017-07-02T11:14:16.676+0200: 4,083: Total time for which application threads were stopped: 0,0000915 seconds, Stopping threads took: 0,0000414 seconds
2017-07-02T11:14:16.676+0200: 4,084: Total time for which application threads were stopped: 0,0001910 seconds, Stopping threads took: 0,0001344 seconds
2017-07-02T11:14:16.677+0200: 4,084: Total time for which application threads were stopped: 0,0001082 seconds, Stopping threads took: 0,0000456 seconds
2017-07-02T11:14:16.677+0200: 4,084: Total time for which application threads were stopped: 0,0000893 seconds, Stopping threads took: 0,0000443 seconds
2017-07-02T11:14:16.677+0200: 4,084: Total time for which application threads were stopped: 0,0000515 seconds, Stopping threads took: 0,0000179 seconds
2017-07-02T11:14:16.677+0200: 4,084: Total time for which application threads were stopped: 0,0000672 seconds, Stopping threads took: 0,0000294 seconds
2017-07-02T11:14:16.677+0200: 4,085: Total time for which application threads were stopped: 0,0001512 seconds, Stopping threads took: 0,0001037 seconds
2017-07-02T11:14:16.678+0200: 4,085: Total time for which application threads were stopped: 0,0000580 seconds, Stopping threads took: 0,0000091 seconds
2017-07-02T11:14:16.678+0200: 4,085: Total time for which application threads were stopped: 0,0000812 seconds, Stopping threads took: 0,0000247 seconds
2017-07-02T11:14:16.678+0200: 4,085: Total time for which application threads were stopped: 0,0000655 seconds, Stopping threads took: 0,0000214 seconds
2017-07-02T11:14:16.678+0200: 4,085: Total time for which application threads were stopped: 0,0000843 seconds, Stopping threads took: 0,0000381 seconds
2017-07-02T11:14:16.678+0200: 4,086: Total time for which application threads were stopped: 0,0001520 seconds, Stopping threads took: 0,0000270 seconds
2017-07-02T11:14:16.678+0200: 4,086: Total time for which application threads were stopped: 0,0000766 seconds, Stopping threads took: 0,0000314 seconds
2017-07-02T11:14:16.679+0200: 4,086: Total time for which application threads were stopped: 0,0001200 seconds, Stopping threads took: 0,0000711 seconds
2017-07-02T11:14:16.679+0200: 4,086: Total time for which application threads were stopped: 0,0000593 seconds, Stopping threads took: 0,0000159 seconds
2017-07-02T11:14:16.679+0200: 4,086: Total time for which application threads were stopped: 0,0000421 seconds, Stopping threads took: 0,0000087 seconds
2017-07-02T11:14:16.679+0200: 4,086: Total time for which application threads were stopped: 0,0000501 seconds, Stopping threads took: 0,0000166 seconds
2017-07-02T11:14:16.679+0200: 4,086: Total time for which application threads were stopped: 0,0000411 seconds, Stopping threads took: 0,0000089 seconds
2017-07-02T11:14:16.679+0200: 4,087: Total time for which application threads were stopped: 0,0000765 seconds, Stopping threads took: 0,0000307 seconds
2017-07-02T11:14:16.679+0200: 4,087: Total time for which application threads were stopped: 0,0000696 seconds, Stopping threads took: 0,0000317 seconds
2017-07-02T11:14:16.680+0200: 4,087: Total time for which application threads were stopped: 0,0000551 seconds, Stopping threads took: 0,0000247 seconds
2017-07-02T11:14:16.680+0200: 4,087: Total time for which application threads were stopped: 0,0000446 seconds, Stopping threads took: 0,0000140 seconds
2017-07-02T11:14:16.680+0200: 4,087: Total time for which application threads were stopped: 0,0000499 seconds, Stopping threads took: 0,0000209 seconds
2017-07-02T11:14:16.680+0200: 4,088: Total time for which application threads were stopped: 0,0000786 seconds, Stopping threads took: 0,0000205 seconds
2017-07-02T11:14:16.680+0200: 4,088: Total time for which application threads were stopped: 0,0000369 seconds, Stopping threads took: 0,0000093 seconds
2017-07-02T11:14:16.681+0200: 4,088: Total time for which application threads were stopped: 0,0000459 seconds, Stopping threads took: 0,0000092 seconds
2017-07-02T11:14:16.681+0200: 4,088: Total time for which application threads were stopped: 0,0000391 seconds, Stopping threads took: 0,0000080 seconds
2017-07-02T11:14:16.681+0200: 4,088: Total time for which application threads were stopped: 0,0003589 seconds, Stopping threads took: 0,0003197 seconds
2017-07-02T11:14:16.681+0200: 4,088: Total time for which application threads were stopped: 0,0000492 seconds, Stopping threads took: 0,0000149 seconds
2017-07-02T11:14:16.681+0200: 4,089: Total time for which application threads were stopped: 0,0000362 seconds, Stopping threads took: 0,0000085 seconds
2017-07-02T11:14:16.681+0200: 4,089: Total time for which application threads were stopped: 0,0000379 seconds, Stopping threads took: 0,0000082 seconds
2017-07-02T11:14:16.681+0200: 4,089: Total time for which application threads were stopped: 0,0000615 seconds, Stopping threads took: 0,0000254 seconds
2017-07-02T11:14:16.682+0200: 4,089: Total time for which application threads were stopped: 0,0000511 seconds, Stopping threads took: 0,0000238 seconds
2017-07-02T11:14:16.682+0200: 4,089: Total time for which application threads were stopped: 0,0001218 seconds, Stopping threads took: 0,0000790 seconds
2017-07-02T11:14:16.682+0200: 4,089: Total time for which application threads were stopped: 0,0000594 seconds, Stopping threads took: 0,0000260 seconds
2017-07-02T11:14:16.682+0200: 4,089: Total time for which application threads were stopped: 0,0000450 seconds, Stopping threads took: 0,0000161 seconds
2017-07-02T11:14:16.682+0200: 4,089: Total time for which application threads were stopped: 0,0000382 seconds, Stopping threads took: 0,0000129 seconds
2017-07-02T11:14:16.682+0200: 4,089: Total time for which application threads were stopped: 0,0000352 seconds, Stopping threads took: 0,0000081 seconds
2017-07-02T11:14:16.682+0200: 4,089: Total time for which application threads were stopped: 0,0000342 seconds, Stopping threads took: 0,0000081 seconds
2017-07-02T11:14:16.683+0200: 4,090: Total time for which application threads were stopped: 0,0002377 seconds, Stopping threads took: 0,0001948 seconds
2017-07-02T11:14:16.690+0200: 4,097: Total time for which application threads were stopped: 0,0001713 seconds, Stopping threads took: 0,0000279 seconds
2017-07-02T11:14:16.690+0200: 4,098: Total time for which application threads were stopped: 0,0000714 seconds, Stopping threads took: 0,0000236 seconds
2017-07-02T11:14:16.691+0200: 4,099: Total time for which application threads were stopped: 0,0001266 seconds, Stopping threads took: 0,0000563 seconds
2017-07-02T11:14:16.691+0200: 4,099: Total time for which application threads were stopped: 0,0000528 seconds, Stopping threads took: 0,0000093 seconds
2017-07-02T11:14:16.693+0200: 4,100: Total time for which application threads were stopped: 0,0003886 seconds, Stopping threads took: 0,0000192 seconds
2017-07-02T11:14:16.696+0200: 4,103: Total time for which application threads were stopped: 0,0022919 seconds, Stopping threads took: 0,0022370 seconds
2017-07-02T11:14:16.696+0200: 4,103: Total time for which application threads were stopped: 0,0000625 seconds, Stopping threads took: 0,0000157 seconds
2017-07-02T11:14:16.697+0200: 4,104: Total time for which application threads were stopped: 0,0000868 seconds, Stopping threads took: 0,0000313 seconds
2017-07-02T11:14:16.697+0200: 4,105: Total time for which application threads were stopped: 0,0001392 seconds, Stopping threads took: 0,0000886 seconds
2017-07-02T11:14:16.700+0200: 4,108: Total time for which application threads were stopped: 0,0001489 seconds, Stopping threads took: 0,0000513 seconds
2017-07-02T11:14:16.700+0200: 4,108: Total time for which application threads were stopped: 0,0001983 seconds, Stopping threads took: 0,0000315 seconds
2017-07-02T11:14:16.706+0200: 4,113: Total time for which application threads were stopped: 0,0002465 seconds, Stopping threads took: 0,0001473 seconds
2017-07-02T11:14:16.710+0200: 4,117: Total time for which application threads were stopped: 0,0004351 seconds, Stopping threads took: 0,0000412 seconds
2017-07-02T11:14:16.720+0200: 4,128: Total time for which application threads were stopped: 0,0001236 seconds, Stopping threads took: 0,0000415 seconds
2017-07-02T11:14:16.721+0200: 4,128: Total time for which application threads were stopped: 0,0000840 seconds, Stopping threads took: 0,0000334 seconds
2017-07-02T11:14:16.721+0200: 4,129: Total time for which application threads were stopped: 0,0001151 seconds, Stopping threads took: 0,0000361 seconds
2017-07-02T11:14:16.723+0200: 4,131: Total time for which application threads were stopped: 0,0001204 seconds, Stopping threads took: 0,0000454 seconds
2017-07-02T11:14:16.724+0200: 4,131: Total time for which application threads were stopped: 0,0000939 seconds, Stopping threads took: 0,0000301 seconds
2017-07-02T11:14:16.725+0200: 4,133: Total time for which application threads were stopped: 0,0001103 seconds, Stopping threads took: 0,0000338 seconds
2017-07-02T11:14:16.729+0200: 4,136: Total time for which application threads were stopped: 0,0032666 seconds, Stopping threads took: 0,0031918 seconds
2017-07-02T11:14:16.730+0200: 4,138: Total time for which application threads were stopped: 0,0007603 seconds, Stopping threads took: 0,0006897 seconds
2017-07-02T11:14:16.730+0200: 4,138: Total time for which application threads were stopped: 0,0000662 seconds, Stopping threads took: 0,0000284 seconds
2017-07-02T11:14:16.730+0200: 4,138: Total time for which application threads were stopped: 0,0000658 seconds, Stopping threads took: 0,0000199 seconds
2017-07-02T11:14:16.730+0200: 4,138: Total time for which application threads were stopped: 0,0000863 seconds, Stopping threads took: 0,0000152 seconds
2017-07-02T11:14:16.733+0200: 4,140: Total time for which application threads were stopped: 0,0000999 seconds, Stopping threads took: 0,0000257 seconds
2017-07-02T11:14:16.733+0200: 4,141: Total time for which application threads were stopped: 0,0001144 seconds, Stopping threads took: 0,0000460 seconds
2017-07-02T11:14:16.734+0200: 4,141: Total time for which application threads were stopped: 0,0000806 seconds, Stopping threads took: 0,0000162 seconds
2017-07-02T11:14:16.734+0200: 4,141: Total time for which application threads were stopped: 0,0000712 seconds, Stopping threads took: 0,0000199 seconds
2017-07-02T11:14:16.735+0200: 4,142: Total time for which application threads were stopped: 0,0001797 seconds, Stopping threads took: 0,0001197 seconds
2017-07-02T11:14:16.738+0200: 4,145: Total time for which application threads were stopped: 0,0019782 seconds, Stopping threads took: 0,0019038 seconds
2017-07-02T11:14:16.738+0200: 4,145: Total time for which application threads were stopped: 0,0000480 seconds, Stopping threads took: 0,0000126 seconds
2017-07-02T11:14:16.738+0200: 4,146: Total time for which application threads were stopped: 0,0002127 seconds, Stopping threads took: 0,0001576 seconds
2017-07-02T11:14:16.745+0200: 4,152: Total time for which application threads were stopped: 0,0001562 seconds, Stopping threads took: 0,0000406 seconds
2017-07-02T11:14:16.746+0200: 4,153: Total time for which application threads were stopped: 0,0000714 seconds, Stopping threads took: 0,0000252 seconds
2017-07-02T11:14:16.746+0200: 4,154: Total time for which application threads were stopped: 0,0001437 seconds, Stopping threads took: 0,0000891 seconds
2017-07-02T11:14:16.747+0200: 4,154: Total time for which application threads were stopped: 0,0000735 seconds, Stopping threads took: 0,0000271 seconds
2017-07-02T11:14:16.749+0200: 4,156: Total time for which application threads were stopped: 0,0001006 seconds, Stopping threads took: 0,0000345 seconds
2017-07-02T11:14:16.754+0200: 4,161: Total time for which application threads were stopped: 0,0007658 seconds, Stopping threads took: 0,0006786 seconds
2017-07-02T11:14:16.758+0200: 4,165: Total time for which application threads were stopped: 0,0001254 seconds, Stopping threads took: 0,0000435 seconds
{Heap before GC invocations=6 (full 1):
 par new generation   total 109248K, used 103721K [0x00000000e0000000, 0x00000000e8000000, 0x00000000e8000000)
  eden space 87424K, 100% used [0x00000000e0000000, 0x00000000e5560000, 0x00000000e5560000)
  from space 21824K,  74% used [0x00000000e5560000, 0x00000000e654a540, 0x00000000e6ab0000)
  to   space 21824K,   0% used [0x00000000e6ab0000, 0x00000000e6ab0000, 0x00000000e8000000)
 concurrent mark-sweep generation total 393216K, used 0K [0x00000000e8000000, 0x0000000100000000, 0x0000000100000000)
 Metaspace       used 23762K, capacity 24223K, committed 24572K, reserved 1071104K
  class space    used 2789K, capacity 2976K, committed 3068K, reserved 1048576K
2017-07-02T11:14:16.870+0200: 4,277: [GC (Allocation Failure) 2017-07-02T11:14:16.870+0200: 4,277: [ParNew
Desired survivor size 20112992 bytes, new threshold 8 (max 8)
- age   1:    5159232 bytes,    5159232 total
- age   2:     111776 bytes,    5271008 total
- age   4:     186000 bytes,    5457008 total
- age   5:     311624 bytes,    5768632 total
- age   6:    1383304 bytes,    7151936 total
- age   7:    6026728 bytes,   13178664 total
: 103721K->14272K(109248K), 0,0141522 secs] 103721K->14272K(502464K), 0,0142364 secs] [Times: user=0,05 sys=0,00, real=0,01 secs] 
Heap after GC invocations=7 (full 1):
 par new generation   total 109248K, used 14272K [0x00000000e0000000, 0x00000000e8000000, 0x00000000e8000000)
  eden space 87424K,   0% used [0x00000000e0000000, 0x00000000e0000000, 0x00000000e5560000)
  from space 21824K,  65% used [0x00000000e6ab0000, 0x00000000e78a01e8, 0x00000000e8000000)
  to   space 21824K,   0% used [0x00000000e5560000, 0x00000000e5560000, 0x00000000e6ab0000)
 concurrent mark-sweep generation total 393216K, used 0K [0x00000000e8000000, 0x0000000100000000, 0x0000000100000000)
 Metaspace       used 23762K, capacity 24223K, committed 24572K, reserved 1071104K
  class space    used 2789K, capacity 2976K, committed 3068K, reserved 1048576K
}
2017-07-02T11:14:16.884+0200: 4,292: Total time for which application threads were stopped: 0,0145695 seconds, Stopping threads took: 0,0001212 seconds
2017-07-02T11:14:16.886+0200: 4,293: Total time for which application threads were stopped: 0,0001600 seconds, Stopping threads took: 0,0000678 seconds
2017-07-02T11:14:16.888+0200: 4,295: Total time for which application threads were stopped: 0,0021656 seconds, Stopping threads took: 0,0021192 seconds
{Heap before GC invocations=7 (full 1):
 par new generation   total 109248K, used 101696K [0x00000000e0000000, 0x00000000e8000000, 0x00000000e8000000)
  eden space 87424K, 100% used [0x00000000e0000000, 0x00000000e5560000, 0x00000000e5560000)
  from space 21824K,  65% used [0x00000000e6ab0000, 0x00000000e78a01e8, 0x00000000e8000000)
  to   space 21824K,   0% used [0x00000000e5560000, 0x00000000e5560000, 0x00000000e6ab0000)
 concurrent mark-sweep generation total 393216K, used 0K [0x00000000e8000000, 0x0000000100000000, 0x0000000100000000)
 Metaspace       used 24287K, capacity 24805K, committed 25084K, reserved 1071104K
  class space    used 2847K, capacity 3041K, committed 3068K, reserved 1048576K
2017-07-02T11:14:16.985+0200: 4,392: [GC (Allocation Failure) 2017-07-02T11:14:16.985+0200: 4,393: [ParNew
Desired survivor size 20112992 bytes, new threshold 8 (max 8)
- age   1:    1712816 bytes,    1712816 total
- age   2:    1757640 bytes,    3470456 total
- age   3:      55072 bytes,    3525528 total
- age   5:     111712 bytes,    3637240 total
- age   6:     201464 bytes,    3838704 total
- age   7:     958688 bytes,    4797392 total
- age   8:    5891728 bytes,   10689120 total
: 101696K->16125K(109248K), 0,0167797 secs] 101696K->16125K(502464K), 0,0168575 secs] [Times: user=0,06 sys=0,01, real=0,01 secs] 
Heap after GC invocations=8 (full 1):
 par new generation   total 109248K, used 16125K [0x00000000e0000000, 0x00000000e8000000, 0x00000000e8000000)
  eden space 87424K,   0% used [0x00000000e0000000, 0x00000000e0000000, 0x00000000e5560000)
  from space 21824K,  73% used [0x00000000e5560000, 0x00000000e651f520, 0x00000000e6ab0000)
  to   space 21824K,   0% used [0x00000000e6ab0000, 0x00000000e6ab0000, 0x00000000e8000000)
 concurrent mark-sweep generation total 393216K, used 0K [0x00000000e8000000, 0x0000000100000000, 0x0000000100000000)
 Metaspace       used 24287K, capacity 24805K, committed 25084K, reserved 1071104K
  class space    used 2847K, capacity 3041K, committed 3068K, reserved 1048576K
}
2017-07-02T11:14:17.002+0200: 4,409: Total time for which application threads were stopped: 0,0203930 seconds, Stopping threads took: 0,0033380 seconds
2017-07-02T11:14:17.018+0200: 4,425: Total time for which application threads were stopped: 0,0010825 seconds, Stopping threads took: 0,0009861 seconds
2017-07-02T11:14:17.018+0200: 4,426: Total time for which application threads were stopped: 0,0001546 seconds, Stopping threads took: 0,0001071 seconds
2017-07-02T11:14:17.019+0200: 4,426: Total time for which application threads were stopped: 0,0001128 seconds, Stopping threads took: 0,0000358 seconds
{Heap before GC invocations=8 (full 1):
 par new generation   total 109248K, used 103549K [0x00000000e0000000, 0x00000000e8000000, 0x00000000e8000000)
  eden space 87424K, 100% used [0x00000000e0000000, 0x00000000e5560000, 0x00000000e5560000)
  from space 21824K,  73% used [0x00000000e5560000, 0x00000000e651f520, 0x00000000e6ab0000)
  to   space 21824K,   0% used [0x00000000e6ab0000, 0x00000000e6ab0000, 0x00000000e8000000)
 concurrent mark-sweep generation total 393216K, used 0K [0x00000000e8000000, 0x0000000100000000, 0x0000000100000000)
 Metaspace       used 24577K, capacity 25023K, committed 25084K, reserved 1071104K
  class space    used 2870K, capacity 3046K, committed 3068K, reserved 1048576K
2017-07-02T11:14:17.132+0200: 4,539: [GC (Allocation Failure) 2017-07-02T11:14:17.132+0200: 4,539: [ParNew
Desired survivor size 20112992 bytes, new threshold 8 (max 8)
- age   1:    1121712 bytes,    1121712 total
- age   2:     993792 bytes,    2115504 total
- age   3:    1734840 bytes,    3850344 total
- age   4:      55072 bytes,    3905416 total
- age   6:     111480 bytes,    4016896 total
- age   7:     198672 bytes,    4215568 total
- age   8:     957920 bytes,    5173488 total
: 103549K->7945K(109248K), 0,0389475 secs] 103549K->14268K(502464K), 0,0390345 secs] [Times: user=0,10 sys=0,00, real=0,04 secs] 
Heap after GC invocations=9 (full 1):
 par new generation   total 109248K, used 7945K [0x00000000e0000000, 0x00000000e8000000, 0x00000000e8000000)
  eden space 87424K,   0% used [0x00000000e0000000, 0x00000000e0000000, 0x00000000e5560000)
  from space 21824K,  36% used [0x00000000e6ab0000, 0x00000000e7272720, 0x00000000e8000000)
  to   space 21824K,   0% used [0x00000000e5560000, 0x00000000e5560000, 0x00000000e6ab0000)
 concurrent mark-sweep generation total 393216K, used 6322K [0x00000000e8000000, 0x0000000100000000, 0x0000000100000000)
 Metaspace       used 24577K, capacity 25023K, committed 25084K, reserved 1071104K
  class space    used 2870K, capacity 3046K, committed 3068K, reserved 1048576K
}
2017-07-02T11:14:17.171+0200: 4,578: Total time for which application threads were stopped: 0,0395573 seconds, Stopping threads took: 0,0003001 seconds
2017-07-02T11:14:17.290+0200: 4,697: Total time for which application threads were stopped: 0,0002338 seconds, Stopping threads took: 0,0001278 seconds
2017-07-02T11:14:17.297+0200: 4,704: Total time for which application threads were stopped: 0,0035328 seconds, Stopping threads took: 0,0033760 seconds
2017-07-02T11:14:17.297+0200: 4,705: Total time for which application threads were stopped: 0,0002049 seconds, Stopping threads took: 0,0000544 seconds
2017-07-02T11:14:17.300+0200: 4,707: Total time for which application threads were stopped: 0,0003886 seconds, Stopping threads took: 0,0002775 seconds
2017-07-02T11:14:17.301+0200: 4,708: Total time for which application threads were stopped: 0,0005407 seconds, Stopping threads took: 0,0004632 seconds
2017-07-02T11:14:17.334+0200: 4,741: Total time for which application threads were stopped: 0,0004655 seconds, Stopping threads took: 0,0003013 seconds
2017-07-02T11:14:17.342+0200: 4,749: Total time for which application threads were stopped: 0,0001678 seconds, Stopping threads took: 0,0000457 seconds
2017-07-02T11:14:17.344+0200: 4,751: Total time for which application threads were stopped: 0,0001411 seconds, Stopping threads took: 0,0000284 seconds
2017-07-02T11:14:17.344+0200: 4,752: Total time for which application threads were stopped: 0,0002115 seconds, Stopping threads took: 0,0001180 seconds
2017-07-02T11:14:17.368+0200: 4,776: Total time for which application threads were stopped: 0,0001203 seconds, Stopping threads took: 0,0000367 seconds
2017-07-02T11:14:17.388+0200: 4,795: Total time for which application threads were stopped: 0,0000865 seconds, Stopping threads took: 0,0000177 seconds
2017-07-02T11:14:17.389+0200: 4,796: Total time for which application threads were stopped: 0,0002926 seconds, Stopping threads took: 0,0000079 seconds
2017-07-02T11:14:17.428+0200: 4,835: Total time for which application threads were stopped: 0,0001285 seconds, Stopping threads took: 0,0000344 seconds
2017-07-02T11:14:17.431+0200: 4,838: Total time for which application threads were stopped: 0,0003783 seconds, Stopping threads took: 0,0000344 seconds
2017-07-02T11:14:17.443+0200: 4,850: Total time for which application threads were stopped: 0,0003430 seconds, Stopping threads took: 0,0000133 seconds
2017-07-02T11:14:17.488+0200: 4,895: Total time for which application threads were stopped: 0,0003903 seconds, Stopping threads took: 0,0000201 seconds
2017-07-02T11:14:17.488+0200: 4,896: Total time for which application threads were stopped: 0,0000901 seconds, Stopping threads took: 0,0000310 seconds
2017-07-02T11:14:17.489+0200: 4,897: Total time for which application threads were stopped: 0,0001594 seconds, Stopping threads took: 0,0000570 seconds
2017-07-02T11:14:17.490+0200: 4,897: Total time for which application threads were stopped: 0,0000753 seconds, Stopping threads took: 0,0000106 seconds
2017-07-02T11:14:17.506+0200: 4,913: Total time for which application threads were stopped: 0,0002370 seconds, Stopping threads took: 0,0000400 seconds
2017-07-02T11:14:17.513+0200: 4,920: Total time for which application threads were stopped: 0,0001762 seconds, Stopping threads took: 0,0000623 seconds
2017-07-02T11:14:17.514+0200: 4,921: Total time for which application threads were stopped: 0,0001072 seconds, Stopping threads took: 0,0000341 seconds
2017-07-02T11:14:17.526+0200: 4,933: Total time for which application threads were stopped: 0,0001402 seconds, Stopping threads took: 0,0000430 seconds
2017-07-02T11:14:17.540+0200: 4,947: Total time for which application threads were stopped: 0,0001886 seconds, Stopping threads took: 0,0000995 seconds
2017-07-02T11:14:17.542+0200: 4,950: Total time for which application threads were stopped: 0,0001220 seconds, Stopping threads took: 0,0000524 seconds
2017-07-02T11:14:17.578+0200: 4,985: Total time for which application threads were stopped: 0,0001894 seconds, Stopping threads took: 0,0000960 seconds
2017-07-02T11:14:17.578+0200: 4,986: Total time for which application threads were stopped: 0,0001460 seconds, Stopping threads took: 0,0000564 seconds
2017-07-02T11:14:17.579+0200: 4,987: Total time for which application threads were stopped: 0,0004083 seconds, Stopping threads took: 0,0000175 seconds
2017-07-02T11:14:17.609+0200: 5,016: Total time for which application threads were stopped: 0,0001107 seconds, Stopping threads took: 0,0000233 seconds
{Heap before GC invocations=9 (full 1):
 par new generation   total 109248K, used 95369K [0x00000000e0000000, 0x00000000e8000000, 0x00000000e8000000)
  eden space 87424K, 100% used [0x00000000e0000000, 0x00000000e5560000, 0x00000000e5560000)
  from space 21824K,  36% used [0x00000000e6ab0000, 0x00000000e7272720, 0x00000000e8000000)
  to   space 21824K,   0% used [0x00000000e5560000, 0x00000000e5560000, 0x00000000e6ab0000)
 concurrent mark-sweep generation total 393216K, used 6322K [0x00000000e8000000, 0x0000000100000000, 0x0000000100000000)
 Metaspace       used 28017K, capacity 28561K, committed 28796K, reserved 1075200K
  class space    used 3212K, capacity 3387K, committed 3452K, reserved 1048576K
2017-07-02T11:14:23.652+0200: 11,059: [GC (Allocation Failure) 2017-07-02T11:14:23.652+0200: 11,059: [ParNew
Desired survivor size 20112992 bytes, new threshold 8 (max 8)
- age   1:   11194280 bytes,   11194280 total
- age   2:     204440 bytes,   11398720 total
- age   3:     214288 bytes,   11613008 total
- age   4:    1726856 bytes,   13339864 total
- age   5:      55072 bytes,   13394936 total
- age   7:     108808 bytes,   13503744 total
- age   8:     198048 bytes,   13701792 total
: 95369K->14977K(109248K), 0,0137609 secs] 101692K->22247K(502464K), 0,0138379 secs] [Times: user=0,04 sys=0,00, real=0,02 secs] 
Heap after GC invocations=10 (full 1):
 par new generation   total 109248K, used 14977K [0x00000000e0000000, 0x00000000e8000000, 0x00000000e8000000)
  eden space 87424K,   0% used [0x00000000e0000000, 0x00000000e0000000, 0x00000000e5560000)
  from space 21824K,  68% used [0x00000000e5560000, 0x00000000e64007b8, 0x00000000e6ab0000)
  to   space 21824K,   0% used [0x00000000e6ab0000, 0x00000000e6ab0000, 0x00000000e8000000)
 concurrent mark-sweep generation total 393216K, used 7269K [0x00000000e8000000, 0x0000000100000000, 0x0000000100000000)
 Metaspace       used 28017K, capacity 28561K, committed 28796K, reserved 1075200K
  class space    used 3212K, capacity 3387K, committed 3452K, reserved 1048576K
}
2017-07-02T11:14:23.666+0200: 11,073: Total time for which application threads were stopped: 0,0139774 seconds, Stopping threads took: 0,0000158 seconds
2017-07-02T11:14:23.666+0200: 11,074: Total time for which application threads were stopped: 0,0001135 seconds, Stopping threads took: 0,0000665 seconds
2017-07-02T11:14:23.667+0200: 11,074: Total time for which application threads were stopped: 0,0000403 seconds, Stopping threads took: 0,0000163 seconds
2017-07-02T11:14:44.668+0200: 32,076: Total time for which application threads were stopped: 0,0000840 seconds, Stopping threads took: 0,0000226 seconds
2017-07-02T11:16:10.679+0200: 118,086: Total time for which application threads were stopped: 0,0001143 seconds, Stopping threads took: 0,0000433 seconds
2017-07-02T11:16:14.681+0200: 122,088: Total time for which application threads were stopped: 0,0003969 seconds, Stopping threads took: 0,0000949 seconds
2017-07-02T11:17:13.689+0200: 181,097: Total time for which application threads were stopped: 0,0006735 seconds, Stopping threads took: 0,0002076 seconds
2017-07-02T11:37:43.826+0200: 1411,233: Total time for which application threads were stopped: 0,0001412 seconds, Stopping threads took: 0,0000511 seconds
2017-07-02T11:42:08.852+0200: 1676,260: Total time for which application threads were stopped: 0,0000984 seconds, Stopping threads took: 0,0000321 seconds
2017-07-02T11:42:13.853+0200: 1681,260: Total time for which application threads were stopped: 0,0000825 seconds, Stopping threads took: 0,0000300 seconds
2017-07-02T11:53:33.927+0200: 2361,335: Total time for which application threads were stopped: 0,0000849 seconds, Stopping threads took: 0,0000302 seconds
2017-07-02T11:53:35.928+0200: 2363,335: Total time for which application threads were stopped: 0,0001008 seconds, Stopping threads took: 0,0000215 seconds
2017-07-02T11:56:44.947+0200: 2552,355: Total time for which application threads were stopped: 0,0001211 seconds, Stopping threads took: 0,0000430 seconds
2017-07-02T11:57:05.949+0200: 2573,357: Total time for which application threads were stopped: 0,0001229 seconds, Stopping threads took: 0,0000302 seconds
2017-07-02T12:04:14.995+0200: 3002,402: Total time for which application threads were stopped: 0,0001631 seconds, Stopping threads took: 0,0000544 seconds
2017-07-02T12:13:11.051+0200: 3538,458: Total time for which application threads were stopped: 0,0001287 seconds, Stopping threads took: 0,0000457 seconds
2017-07-02T12:13:51.055+0200: 3578,462: Total time for which application threads were stopped: 0,0000935 seconds, Stopping threads took: 0,0000346 seconds
2017-07-02T12:16:45.073+0200: 3752,480: Total time for which application threads were stopped: 0,0000977 seconds, Stopping threads took: 0,0000303 seconds
2017-07-02T12:20:34.099+0200: 3981,507: Total time for which application threads were stopped: 0,0002300 seconds, Stopping threads took: 0,0000949 seconds
2017-07-02T12:20:39.100+0200: 3986,507: Total time for which application threads were stopped: 0,0001147 seconds, Stopping threads took: 0,0000248 seconds
2017-07-02T12:37:46.209+0200: 5013,616: Total time for which application threads were stopped: 0,0000903 seconds, Stopping threads took: 0,0000366 seconds
2017-07-02T12:38:21.212+0200: 5048,620: Total time for which application threads were stopped: 0,0000830 seconds, Stopping threads took: 0,00