OpenJDK 64-Bit Server VM (25.111-b14) for linux-amd64 JRE (1.8.0_111-8u111-b14-2ubuntu0.16.04.2-b14), built on Oct 27 2016 18:10:19 by "buildd" with gcc 5.4.0 20160609
Memory: 4k page, physical 7867848k(7454584k free), swap 8076284k(8076284k free)
CommandLine flags: -XX:CMSInitiatingOccupancyFraction=50 -XX:CMSMaxAbortablePrecleanTime=6000 -XX:+CMSParallelRemarkEnabled -XX:+CMSScavengeBeforeRemark -XX:ConcGCThreads=4 -XX:InitialHeapSize=536870912 -XX:MaxHeapSize=536870912 -XX:MaxTenuringThreshold=8 -XX:NewRatio=3 -XX:OldPLABSize=16 -XX:OnOutOfMemoryError=/opt/solr/bin/oom_solr.sh 8983 /var/solr/logs -XX:ParallelGCThreads=4 -XX:+ParallelRefProcEnabled -XX:PretenureSizeThreshold=67108864 -XX:+PrintGC -XX:+PrintGCApplicationStoppedTime -XX:+PrintGCDateStamps -XX:+PrintGCDetails -XX:+PrintGCTimeStamps -XX:+PrintHeapAtGC -XX:+PrintTenuringDistribution -XX:SurvivorRatio=4 -XX:TargetSurvivorRatio=90 -XX:ThreadStackSize=256 -XX:+UseCMSInitiatingOccupancyOnly -XX:+UseCompressedClassPointers -XX:+UseCompressedOops -XX:+UseConcMarkSweepGC -XX:+UseParNewGC 
2016-11-23T06:18:42.693+0100: 0,122: Total time for which application threads were stopped: 0,0000738 seconds, Stopping threads took: 0,0000137 seconds
2016-11-23T06:18:42.778+0100: 0,207: Total time for which application threads were stopped: 0,0001682 seconds, Stopping threads took: 0,0000347 seconds
2016-11-23T06:18:42.792+0100: 0,221: Total time for which application threads were stopped: 0,0000759 seconds, Stopping threads took: 0,0000118 seconds
2016-11-23T06:18:42.972+0100: 0,401: Total time for which application threads were stopped: 0,0001291 seconds, Stopping threads took: 0,0000146 seconds
2016-11-23T06:18:43.323+0100: 0,752: Total time for which application threads were stopped: 0,0001691 seconds, Stopping threads took: 0,0000256 seconds
2016-11-23T06:18:43.439+0100: 0,868: Total time for which application threads were stopped: 0,0002078 seconds, Stopping threads took: 0,0000127 seconds
2016-11-23T06:18:43.455+0100: 0,884: Total time for which application threads were stopped: 0,0001660 seconds, Stopping threads took: 0,0000162 seconds
2016-11-23T06:18:43.666+0100: 1,095: Total time for which application threads were stopped: 0,0001840 seconds, Stopping threads took: 0,0000201 seconds
2016-11-23T06:18:43.992+0100: 1,421: Total time for which application threads were stopped: 0,0002030 seconds, Stopping threads took: 0,0000213 seconds
2016-11-23T06:18:44.021+0100: 1,450: Total time for which application threads were stopped: 0,0001761 seconds, Stopping threads took: 0,0000192 seconds
2016-11-23T06:18:44.022+0100: 1,451: Total time for which application threads were stopped: 0,0001584 seconds, Stopping threads took: 0,0000138 seconds
2016-11-23T06:18:44.037+0100: 1,466: Total time for which application threads were stopped: 0,0001762 seconds, Stopping threads took: 0,0000237 seconds
2016-11-23T06:18:44.159+0100: 1,588: Total time for which application threads were stopped: 0,0002252 seconds, Stopping threads took: 0,0000291 seconds
2016-11-23T06:18:44.348+0100: 1,777: Total time for which application threads were stopped: 0,0002632 seconds, Stopping threads took: 0,0000190 seconds
{Heap before GC invocations=0 (full 0):
 par new generation   total 109248K, used 87424K [0x00000000e0000000, 0x00000000e8000000, 0x00000000e8000000)
  eden space 87424K, 100% used [0x00000000e0000000, 0x00000000e5560000, 0x00000000e5560000)
  from space 21824K,   0% used [0x00000000e5560000, 0x00000000e5560000, 0x00000000e6ab0000)
  to   space 21824K,   0% used [0x00000000e6ab0000, 0x00000000e6ab0000, 0x00000000e8000000)
 concurrent mark-sweep generation total 393216K, used 0K [0x00000000e8000000, 0x0000000100000000, 0x0000000100000000)
 Metaspace       used 18092K, capacity 18366K, committed 18560K, reserved 1064960K
  class space    used 2053K, capacity 2162K, committed 2176K, reserved 1048576K
2016-11-23T06:18:44.519+0100: 1,948: [GC (Allocation Failure) 2016-11-23T06:18:44.519+0100: 1,948: [ParNew
Desired survivor size 20112992 bytes, new threshold 8 (max 8)
- age   1:   12330112 bytes,   12330112 total
: 87424K->12162K(109248K), 0,0152351 secs] 87424K->12162K(502464K), 0,0153377 secs] [Times: user=0,04 sys=0,00, real=0,02 secs] 
Heap after GC invocations=1 (full 0):
 par new generation   total 109248K, used 12162K [0x00000000e0000000, 0x00000000e8000000, 0x00000000e8000000)
  eden space 87424K,   0% used [0x00000000e0000000, 0x00000000e0000000, 0x00000000e5560000)
  from space 21824K,  55% used [0x00000000e6ab0000, 0x00000000e7690868, 0x00000000e8000000)
  to   space 21824K,   0% used [0x00000000e5560000, 0x00000000e5560000, 0x00000000e6ab0000)
 concurrent mark-sweep generation total 393216K, used 0K [0x00000000e8000000, 0x0000000100000000, 0x0000000100000000)
 Metaspace       used 18092K, capacity 18366K, committed 18560K, reserved 1064960K
  class space    used 2053K, capacity 2162K, committed 2176K, reserved 1048576K
}
2016-11-23T06:18:44.535+0100: 1,964: Total time for which application threads were stopped: 0,0155338 seconds, Stopping threads took: 0,0000302 seconds
2016-11-23T06:18:44.711+0100: 2,140: Total time for which application threads were stopped: 0,0005297 seconds, Stopping threads took: 0,0002483 seconds
2016-11-23T06:18:44.744+0100: 2,173: Total time for which application threads were stopped: 0,0003069 seconds, Stopping threads took: 0,0000279 seconds
2016-11-23T06:18:44.770+0100: 2,199: Total time for which application threads were stopped: 0,0003160 seconds, Stopping threads took: 0,0000241 seconds
{Heap before GC invocations=1 (full 0):
 par new generation   total 109248K, used 99586K [0x00000000e0000000, 0x00000000e8000000, 0x00000000e8000000)
  eden space 87424K, 100% used [0x00000000e0000000, 0x00000000e5560000, 0x00000000e5560000)
  from space 21824K,  55% used [0x00000000e6ab0000, 0x00000000e7690868, 0x00000000e8000000)
  to   space 21824K,   0% used [0x00000000e5560000, 0x00000000e5560000, 0x00000000e6ab0000)
 concurrent mark-sweep generation total 393216K, used 0K [0x00000000e8000000, 0x0000000100000000, 0x0000000100000000)
 Metaspace       used 20716K, capacity 21020K, committed 21248K, reserved 1069056K
  class space    used 2404K, capacity 2518K, committed 2560K, reserved 1048576K
2016-11-23T06:18:44.945+0100: 2,374: [GC (Allocation Failure) 2016-11-23T06:18:44.945+0100: 2,374: [ParNew
Desired survivor size 20112992 bytes, new threshold 8 (max 8)
- age   1:    2909992 bytes,    2909992 total
- age   2:    6112056 bytes,    9022048 total
: 99586K->13172K(109248K), 0,0165057 secs] 99586K->13172K(502464K), 0,0165819 secs] [Times: user=0,06 sys=0,00, real=0,01 secs] 
Heap after GC invocations=2 (full 0):
 par new generation   total 109248K, used 13172K [0x00000000e0000000, 0x00000000e8000000, 0x00000000e8000000)
  eden space 87424K,   0% used [0x00000000e0000000, 0x00000000e0000000, 0x00000000e5560000)
  from space 21824K,  60% used [0x00000000e5560000, 0x00000000e623d170, 0x00000000e6ab0000)
  to   space 21824K,   0% used [0x00000000e6ab0000, 0x00000000e6ab0000, 0x00000000e8000000)
 concurrent mark-sweep generation total 393216K, used 0K [0x00000000e8000000, 0x0000000100000000, 0x0000000100000000)
 Metaspace       used 20716K, capacity 21020K, committed 21248K, reserved 1069056K
  class space    used 2404K, capacity 2518K, committed 2560K, reserved 1048576K
}
2016-11-23T06:18:44.961+0100: 2,390: Total time for which application threads were stopped: 0,0168137 seconds, Stopping threads took: 0,0000242 seconds
2016-11-23T06:18:45.015+0100: 2,444: Total time for which application threads were stopped: 0,0000701 seconds, Stopping threads took: 0,0000141 seconds
2016-11-23T06:18:45.049+0100: 2,478: Total time for which application threads were stopped: 0,0000713 seconds, Stopping threads took: 0,0000156 seconds
2016-11-23T06:18:45.049+0100: 2,478: Total time for which application threads were stopped: 0,0002219 seconds, Stopping threads took: 0,0000093 seconds
2016-11-23T06:18:45.074+0100: 2,503: Total time for which application threads were stopped: 0,0001319 seconds, Stopping threads took: 0,0000672 seconds
2016-11-23T06:18:45.154+0100: 2,583: Total time for which application threads were stopped: 0,0001099 seconds, Stopping threads took: 0,0000198 seconds
2016-11-23T06:18:45.176+0100: 2,605: Total time for which application threads were stopped: 0,0000799 seconds, Stopping threads took: 0,0000211 seconds
2016-11-23T06:18:45.183+0100: 2,612: Total time for which application threads were stopped: 0,0002803 seconds, Stopping threads took: 0,0000132 seconds
2016-11-23T06:18:45.191+0100: 2,620: Total time for which application threads were stopped: 0,0002907 seconds, Stopping threads took: 0,0000213 seconds
2016-11-23T06:18:45.201+0100: 2,630: Total time for which application threads were stopped: 0,0001368 seconds, Stopping threads took: 0,0000569 seconds
2016-11-23T06:18:45.229+0100: 2,658: Total time for which application threads were stopped: 0,0000825 seconds, Stopping threads took: 0,0000219 seconds
2016-11-23T06:18:45.246+0100: 2,675: Total time for which application threads were stopped: 0,0000879 seconds, Stopping threads took: 0,0000188 seconds
2016-11-23T06:18:45.266+0100: 2,695: Total time for which application threads were stopped: 0,0000748 seconds, Stopping threads took: 0,0000132 seconds
2016-11-23T06:18:45.287+0100: 2,716: Total time for which application threads were stopped: 0,0000893 seconds, Stopping threads took: 0,0000218 seconds
2016-11-23T06:18:45.309+0100: 2,738: Total time for which application threads were stopped: 0,0000901 seconds, Stopping threads took: 0,0000174 seconds
2016-11-23T06:18:45.364+0100: 2,793: Total time for which application threads were stopped: 0,0001090 seconds, Stopping threads took: 0,0000264 seconds
2016-11-23T06:18:45.387+0100: 2,816: Total time for which application threads were stopped: 0,0001148 seconds, Stopping threads took: 0,0000291 seconds
{Heap before GC invocations=2 (full 0):
 par new generation   total 109248K, used 100596K [0x00000000e0000000, 0x00000000e8000000, 0x00000000e8000000)
  eden space 87424K, 100% used [0x00000000e0000000, 0x00000000e5560000, 0x00000000e5560000)
  from space 21824K,  60% used [0x00000000e5560000, 0x00000000e623d170, 0x00000000e6ab0000)
  to   space 21824K,   0% used [0x00000000e6ab0000, 0x00000000e6ab0000, 0x00000000e8000000)
 concurrent mark-sweep generation total 393216K, used 0K [0x00000000e8000000, 0x0000000100000000, 0x0000000100000000)
 Metaspace       used 24860K, capacity 25221K, committed 25536K, reserved 1071104K
  class space    used 2897K, capacity 3025K, committed 3144K, reserved 1048576K
2016-11-23T06:18:45.408+0100: 2,837: [GC (Allocation Failure) 2016-11-23T06:18:45.409+0100: 2,838: [ParNew
Desired survivor size 20112992 bytes, new threshold 8 (max 8)
- age   1:    6696664 bytes,    6696664 total
- age   2:     550288 bytes,    7246952 total
- age   3:    6083264 bytes,   13330216 total
: 100596K->15555K(109248K), 0,0117340 secs] 100596K->15555K(502464K), 0,0118142 secs] [Times: user=0,04 sys=0,00, real=0,01 secs] 
Heap after GC invocations=3 (full 0):
 par new generation   total 109248K, used 15555K [0x00000000e0000000, 0x00000000e8000000, 0x00000000e8000000)
  eden space 87424K,   0% used [0x00000000e0000000, 0x00000000e0000000, 0x00000000e5560000)
  from space 21824K,  71% used [0x00000000e6ab0000, 0x00000000e79e0d20, 0x00000000e8000000)
  to   space 21824K,   0% used [0x00000000e5560000, 0x00000000e5560000, 0x00000000e6ab0000)
 concurrent mark-sweep generation total 393216K, used 0K [0x00000000e8000000, 0x0000000100000000, 0x0000000100000000)
 Metaspace       used 24860K, capacity 25221K, committed 25536K, reserved 1071104K
  class space    used 2897K, capacity 3025K, committed 3144K, reserved 1048576K
}
2016-11-23T06:18:45.420+0100: 2,849: Total time for which application threads were stopped: 0,0119838 seconds, Stopping threads took: 0,0000283 seconds
2016-11-23T06:18:45.421+0100: 2,850: [GC (CMS Initial Mark) [1 CMS-initial-mark: 0K(393216K)] 15556K(502464K), 0,0033478 secs] [Times: user=0,01 sys=0,00, real=0,01 secs] 
2016-11-23T06:18:45.424+0100: 2,853: Total time for which application threads were stopped: 0,0035842 seconds, Stopping threads took: 0,0001619 seconds
2016-11-23T06:18:45.424+0100: 2,853: [CMS-concurrent-mark-start]
2016-11-23T06:18:45.426+0100: 2,855: [CMS-concurrent-mark: 0,002/0,002 secs] [Times: user=0,01 sys=0,00, real=0,00 secs] 
2016-11-23T06:18:45.426+0100: 2,855: [CMS-concurrent-preclean-start]
2016-11-23T06:18:45.427+0100: 2,856: [CMS-concurrent-preclean: 0,001/0,001 secs] [Times: user=0,01 sys=0,00, real=0,00 secs] 
2016-11-23T06:18:45.427+0100: 2,856: [GC (CMS Final Remark) [YG occupancy: 16960 K (109248 K)]{Heap before GC invocations=3 (full 1):
 par new generation   total 109248K, used 16960K [0x00000000e0000000, 0x00000000e8000000, 0x00000000e8000000)
  eden space 87424K,   1% used [0x00000000e0000000, 0x00000000e015f648, 0x00000000e5560000)
  from space 21824K,  71% used [0x00000000e6ab0000, 0x00000000e79e0d20, 0x00000000e8000000)
  to   space 21824K,   0% used [0x00000000e5560000, 0x00000000e5560000, 0x00000000e6ab0000)
 concurrent mark-sweep generation total 393216K, used 0K [0x00000000e8000000, 0x0000000100000000, 0x0000000100000000)
 Metaspace       used 24906K, capacity 25317K, committed 25536K, reserved 1071104K
  class space    used 2902K, capacity 3057K, committed 3144K, reserved 1048576K
2016-11-23T06:18:45.428+0100: 2,857: [GC (CMS Final Remark) 2016-11-23T06:18:45.428+0100: 2,857: [ParNew
Desired survivor size 20112992 bytes, new threshold 8 (max 8)
- age   1:      41800 bytes,      41800 total
- age   2:    3154760 bytes,    3196560 total
- age   3:     550288 bytes,    3746848 total
- age   4:    6083152 bytes,    9830000 total
: 16960K->13823K(109248K), 0,0120582 secs] 16960K->13823K(502464K), 0,0120976 secs] [Times: user=0,04 sys=0,00, real=0,01 secs] 
Heap after GC invocations=4 (full 1):
 par new generation   total 109248K, used 13823K [0x00000000e0000000, 0x00000000e8000000, 0x00000000e8000000)
  eden space 87424K,   0% used [0x00000000e0000000, 0x00000000e0000000, 0x00000000e5560000)
  from space 21824K,  63% used [0x00000000e5560000, 0x00000000e62dffa0, 0x00000000e6ab0000)
  to   space 21824K,   0% used [0x00000000e6ab0000, 0x00000000e6ab0000, 0x00000000e8000000)
 concurrent mark-sweep generation total 393216K, used 0K [0x00000000e8000000, 0x0000000100000000, 0x0000000100000000)
 Metaspace       used 24906K, capacity 25317K, committed 25536K, reserved 1071104K
  class space    used 2902K, capacity 3057K, committed 3144K, reserved 1048576K
}
2016-11-23T06:18:45.440+0100: 2,869: [Rescan (parallel) , 0,0035425 secs]2016-11-23T06:18:45.443+0100: 2,872: [weak refs processing, 0,0004788 secs]2016-11-23T06:18:45.444+0100: 2,873: [class unloading, 0,0031110 secs]2016-11-23T06:18:45.447+0100: 2,876: [scrub symbol table, 0,0042075 secs]2016-11-23T06:18:45.451+0100: 2,880: [scrub string table, 0,0003781 secs][1 CMS-remark: 0K(393216K)] 13823K(502464K), 0,0245063 secs] [Times: user=0,06 sys=0,00, real=0,03 secs] 
2016-11-23T06:18:45.452+0100: 2,881: Total time for which application threads were stopped: 0,0246485 seconds, Stopping threads took: 0,0000718 seconds
2016-11-23T06:18:45.452+0100: 2,881: [CMS-concurrent-sweep-start]
2016-11-23T06:18:45.452+0100: 2,881: [CMS-concurrent-sweep: 0,000/0,000 secs] [Times: user=0,00 sys=0,00, real=0,00 secs] 
2016-11-23T06:18:45.452+0100: 2,881: [CMS-concurrent-reset-start]
2016-11-23T06:18:45.454+0100: 2,883: [CMS-concurrent-reset: 0,002/0,002 secs] [Times: user=0,00 sys=0,00, real=0,00 secs] 
2016-11-23T06:18:45.495+0100: 2,924: Total time for which application threads were stopped: 0,0003490 seconds, Stopping threads took: 0,0000286 seconds
2016-11-23T06:18:45.508+0100: 2,937: Total time for which application threads were stopped: 0,0003642 seconds, Stopping threads took: 0,0000303 seconds
2016-11-23T06:18:46.508+0100: 3,937: Total time for which application threads were stopped: 0,0000827 seconds, Stopping threads took: 0,0000157 seconds
2016-11-23T06:18:46.629+0100: 4,058: Total time for which application threads were stopped: 0,0002719 seconds, Stopping threads took: 0,0000150 seconds
2016-11-23T06:19:13.802+0100: 32,062: Total time for which application threads were stopped: 0,0000603 seconds, Stopping threads took: 0,0000156 seconds
2016-11-23T06:21:23.820+0100: 162,080: Total time for which application threads were stopped: 0,0001358 seconds, Stopping threads took: 0,0000562 seconds
2016-11-23T06:21:28.822+0100: 167,081: Total time for which application threads were stopped: 0,0001208 seconds, Stopping threads took: 0,0000329 seconds
2016-11-23T06:22:38.831+0100: 237,091: Total time for which application threads were stopped: 0,0000852 seconds, Stopping threads took: 0,0000386 seconds
2016-11-23T06:23:07.835+0100: 266,095: Total time for which application threads were stopped: 0,0000871 seconds, Stopping threads took: 0,0000345 seconds
2016-11-23T06:23:23.836+0100: 282,096: Total time for which application threads were stopped: 0,0000924 seconds, Stopping threads took: 0,0000360 seconds
2016-11-23T06:23:28.837+0100: 287,097: Total time for which application threads were stopped: 0,0000908 seconds, Stopping threads took: 0,0000317 seconds
2016-11-23T06:26:02.853+0100: 441,113: Total time for which application threads were stopped: 0,0000867 seconds, Stopping threads took: 0,0000367 seconds
2016-11-23T06:29:28.874+0100: 647,134: Total time for which application threads were stopped: 0,0001203 seconds, Stopping threads took: 0,0000439 seconds
2016-11-23T06:34:48.923+0100: 967,183: Total time for which application threads were stopped: 0,0001530 seconds, Stopping threads took: 0,0000620 seconds
2016-11-23T06:37:07.471+0100: 1105,730: Total time for which application threads were stopped: 0,0001453 seconds, Stopping threads took: 0,0000251 seconds
Heap
 par new generation   total 109248K, used 57127K [0x00000000e0000000, 0x00000000e8000000, 0x00000000e8000000)
  eden space 87424K,  49% used [0x00000000e0000000, 0x00000000e2a49d78, 0x00000000e5560000)
  from space 21824K,  63% used [0x00000000e5560000, 0x00000000e62dffa0, 0x00000000e6ab0000)
  to   space 21824K,   0% used [0x00000000e6ab0000, 0x00000000e6ab0000, 0x00000000e8000000)
 concurrent mark-sweep generation total 393216K, used 0K [0x00000000e8000000, 0x0000000100000000, 0x0000000100000000)
 Metaspace       used 27178K, capacity 27595K, committed 27976K, reserved 1073152K
  class space    used 3162K, capacity 3320K, committed 3400K, reserved 1048576K
