OpenJDK 64-Bit Server VM (25.121-b13) for linux-amd64 JRE (1.8.0_121-8u121-b13-0ubuntu1.16.04.2-b13), built on Jan 23 2017 15:51:29 by "buildd" with gcc 5.4.0 20160609
Memory: 4k page, physical 7867760k(7460248k free), swap 8076284k(8076284k free)
CommandLine flags: -XX:CMSInitiatingOccupancyFraction=50 -XX:CMSMaxAbortablePrecleanTime=6000 -XX:+CMSParallelRemarkEnabled -XX:+CMSScavengeBeforeRemark -XX:ConcGCThreads=4 -XX:InitialHeapSize=536870912 -XX:MaxHeapSize=536870912 -XX:MaxTenuringThreshold=8 -XX:NewRatio=3 -XX:OldPLABSize=16 -XX:OnOutOfMemoryError=/opt/solr/bin/oom_solr.sh 8983 /var/solr/logs -XX:ParallelGCThreads=4 -XX:+ParallelRefProcEnabled -XX:PretenureSizeThreshold=67108864 -XX:+PrintGC -XX:+PrintGCApplicationStoppedTime -XX:+PrintGCDateStamps -XX:+PrintGCDetails -XX:+PrintGCTimeStamps -XX:+PrintHeapAtGC -XX:+PrintTenuringDistribution -XX:SurvivorRatio=4 -XX:TargetSurvivorRatio=90 -XX:ThreadStackSize=256 -XX:+UseCMSInitiatingOccupancyOnly -XX:+UseCompressedClassPointers -XX:+UseCompressedOops -XX:+UseConcMarkSweepGC -XX:+UseParNewGC 
2017-02-24T20:39:04.802+0100: 0,142: Total time for which application threads were stopped: 0,0000644 seconds, Stopping threads took: 0,0000106 seconds
2017-02-24T20:39:04.868+0100: 0,208: Total time for which application threads were stopped: 0,0001109 seconds, Stopping threads took: 0,0000160 seconds
2017-02-24T20:39:04.882+0100: 0,222: Total time for which application threads were stopped: 0,0000903 seconds, Stopping threads took: 0,0000179 seconds
2017-02-24T20:39:05.036+0100: 0,376: Total time for which application threads were stopped: 0,0001367 seconds, Stopping threads took: 0,0000162 seconds
2017-02-24T20:39:05.218+0100: 0,558: Total time for which application threads were stopped: 0,0001205 seconds, Stopping threads took: 0,0000112 seconds
2017-02-24T20:39:05.266+0100: 0,605: Total time for which application threads were stopped: 0,0001255 seconds, Stopping threads took: 0,0000125 seconds
2017-02-24T20:39:05.281+0100: 0,621: Total time for which application threads were stopped: 0,0001257 seconds, Stopping threads took: 0,0000123 seconds
2017-02-24T20:39:05.489+0100: 0,828: Total time for which application threads were stopped: 0,0001552 seconds, Stopping threads took: 0,0000127 seconds
2017-02-24T20:39:05.684+0100: 1,024: Total time for which application threads were stopped: 0,0002410 seconds, Stopping threads took: 0,0000156 seconds
2017-02-24T20:39:05.720+0100: 1,059: Total time for which application threads were stopped: 0,0002133 seconds, Stopping threads took: 0,0000274 seconds
2017-02-24T20:39:05.761+0100: 1,101: Total time for which application threads were stopped: 0,0002447 seconds, Stopping threads took: 0,0000345 seconds
2017-02-24T20:39:05.762+0100: 1,102: Total time for which application threads were stopped: 0,0002240 seconds, Stopping threads took: 0,0000394 seconds
2017-02-24T20:39:05.778+0100: 1,117: Total time for which application threads were stopped: 0,0002635 seconds, Stopping threads took: 0,0000439 seconds
2017-02-24T20:39:05.864+0100: 1,204: Total time for which application threads were stopped: 0,0002706 seconds, Stopping threads took: 0,0000374 seconds
2017-02-24T20:39:06.113+0100: 1,453: Total time for which application threads were stopped: 0,0009579 seconds, Stopping threads took: 0,0006634 seconds
{Heap before GC invocations=0 (full 0):
 par new generation   total 109248K, used 87424K [0x00000000e0000000, 0x00000000e8000000, 0x00000000e8000000)
  eden space 87424K, 100% used [0x00000000e0000000, 0x00000000e5560000, 0x00000000e5560000)
  from space 21824K,   0% used [0x00000000e5560000, 0x00000000e5560000, 0x00000000e6ab0000)
  to   space 21824K,   0% used [0x00000000e6ab0000, 0x00000000e6ab0000, 0x00000000e8000000)
 concurrent mark-sweep generation total 393216K, used 0K [0x00000000e8000000, 0x0000000100000000, 0x0000000100000000)
 Metaspace       used 18002K, capacity 18336K, committed 18688K, reserved 1064960K
  class space    used 2035K, capacity 2196K, committed 2304K, reserved 1048576K
2017-02-24T20:39:06.276+0100: 1,616: [GC (Allocation Failure) 2017-02-24T20:39:06.277+0100: 1,616: [ParNew
Desired survivor size 20112992 bytes, new threshold 8 (max 8)
- age   1:   12589432 bytes,   12589432 total
: 87424K->12407K(109248K), 0,0267093 secs] 87424K->12407K(502464K), 0,0267998 secs] [Times: user=0,05 sys=0,00, real=0,03 secs] 
Heap after GC invocations=1 (full 0):
 par new generation   total 109248K, used 12407K [0x00000000e0000000, 0x00000000e8000000, 0x00000000e8000000)
  eden space 87424K,   0% used [0x00000000e0000000, 0x00000000e0000000, 0x00000000e5560000)
  from space 21824K,  56% used [0x00000000e6ab0000, 0x00000000e76cdde8, 0x00000000e8000000)
  to   space 21824K,   0% used [0x00000000e5560000, 0x00000000e5560000, 0x00000000e6ab0000)
 concurrent mark-sweep generation total 393216K, used 0K [0x00000000e8000000, 0x0000000100000000, 0x0000000100000000)
 Metaspace       used 18002K, capacity 18336K, committed 18688K, reserved 1064960K
  class space    used 2035K, capacity 2196K, committed 2304K, reserved 1048576K
}
2017-02-24T20:39:06.303+0100: 1,643: Total time for which application threads were stopped: 0,0290255 seconds, Stopping threads took: 0,0019985 seconds
2017-02-24T20:39:07.285+0100: 2,625: Total time for which application threads were stopped: 0,0020545 seconds, Stopping threads took: 0,0013762 seconds
{Heap before GC invocations=1 (full 0):
 par new generation   total 109248K, used 99831K [0x00000000e0000000, 0x00000000e8000000, 0x00000000e8000000)
  eden space 87424K, 100% used [0x00000000e0000000, 0x00000000e5560000, 0x00000000e5560000)
  from space 21824K,  56% used [0x00000000e6ab0000, 0x00000000e76cdde8, 0x00000000e8000000)
  to   space 21824K,   0% used [0x00000000e5560000, 0x00000000e5560000, 0x00000000e6ab0000)
 concurrent mark-sweep generation total 393216K, used 0K [0x00000000e8000000, 0x0000000100000000, 0x0000000100000000)
 Metaspace       used 20018K, capacity 20354K, committed 20736K, reserved 1067008K
  class space    used 2292K, capacity 2465K, committed 2560K, reserved 1048576K
2017-02-24T20:39:07.398+0100: 2,738: [GC (Allocation Failure) 2017-02-24T20:39:07.399+0100: 2,738: [ParNew
Desired survivor size 20112992 bytes, new threshold 8 (max 8)
- age   1:    3481720 bytes,    3481720 total
- age   2:    6658384 bytes,   10140104 total
: 99831K->15644K(109248K), 0,0661709 secs] 99831K->15644K(502464K), 0,0662695 secs] [Times: user=0,07 sys=0,00, real=0,06 secs] 
Heap after GC invocations=2 (full 0):
 par new generation   total 109248K, used 15644K [0x00000000e0000000, 0x00000000e8000000, 0x00000000e8000000)
  eden space 87424K,   0% used [0x00000000e0000000, 0x00000000e0000000, 0x00000000e5560000)
  from space 21824K,  71% used [0x00000000e5560000, 0x00000000e64a73c0, 0x00000000e6ab0000)
  to   space 21824K,   0% used [0x00000000e6ab0000, 0x00000000e6ab0000, 0x00000000e8000000)
 concurrent mark-sweep generation total 393216K, used 0K [0x00000000e8000000, 0x0000000100000000, 0x0000000100000000)
 Metaspace       used 20018K, capacity 20354K, committed 20736K, reserved 1067008K
  class space    used 2292K, capacity 2465K, committed 2560K, reserved 1048576K
}
2017-02-24T20:39:07.465+0100: 2,805: Total time for which application threads were stopped: 0,0676435 seconds, Stopping threads took: 0,0000313 seconds
2017-02-24T20:39:07.480+0100: 2,819: Total time for which application threads were stopped: 0,0031544 seconds, Stopping threads took: 0,0027507 seconds
2017-02-24T20:39:07.606+0100: 2,946: Total time for which application threads were stopped: 0,0005220 seconds, Stopping threads took: 0,0000891 seconds
2017-02-24T20:39:08.148+0100: 3,488: Total time for which application threads were stopped: 0,0019840 seconds, Stopping threads took: 0,0010699 seconds
{Heap before GC invocations=2 (full 0):
 par new generation   total 109248K, used 103068K [0x00000000e0000000, 0x00000000e8000000, 0x00000000e8000000)
  eden space 87424K, 100% used [0x00000000e0000000, 0x00000000e5560000, 0x00000000e5560000)
  from space 21824K,  71% used [0x00000000e5560000, 0x00000000e64a73c0, 0x00000000e6ab0000)
  to   space 21824K,   0% used [0x00000000e6ab0000, 0x00000000e6ab0000, 0x00000000e8000000)
 concurrent mark-sweep generation total 393216K, used 0K [0x00000000e8000000, 0x0000000100000000, 0x0000000100000000)
 Metaspace       used 20948K, capacity 21276K, committed 21552K, reserved 1069056K
  class space    used 2416K, capacity 2584K, committed 2608K, reserved 1048576K
2017-02-24T20:39:08.565+0100: 3,905: [GC (Allocation Failure) 2017-02-24T20:39:08.565+0100: 3,905: [ParNew
Desired survivor size 20112992 bytes, new threshold 8 (max 8)
- age   1:    2265632 bytes,    2265632 total
- age   2:     858472 bytes,    3124104 total
- age   3:    6654640 bytes,    9778744 total
: 103068K->11078K(109248K), 0,0273837 secs] 103068K->11078K(502464K), 0,0275337 secs] [Times: user=0,06 sys=0,00, real=0,03 secs] 
Heap after GC invocations=3 (full 0):
 par new generation   total 109248K, used 11078K [0x00000000e0000000, 0x00000000e8000000, 0x00000000e8000000)
  eden space 87424K,   0% used [0x00000000e0000000, 0x00000000e0000000, 0x00000000e5560000)
  from space 21824K,  50% used [0x00000000e6ab0000, 0x00000000e7581830, 0x00000000e8000000)
  to   space 21824K,   0% used [0x00000000e5560000, 0x00000000e5560000, 0x00000000e6ab0000)
 concurrent mark-sweep generation total 393216K, used 0K [0x00000000e8000000, 0x0000000100000000, 0x0000000100000000)
 Metaspace       used 20948K, capacity 21276K, committed 21552K, reserved 1069056K
  class space    used 2416K, capacity 2584K, committed 2608K, reserved 1048576K
}
2017-02-24T20:39:08.593+0100: 3,932: Total time for which application threads were stopped: 0,0279376 seconds, Stopping threads took: 0,0001876 seconds
2017-02-24T20:39:08.603+0100: 3,942: [GC (CMS Initial Mark) [1 CMS-initial-mark: 0K(393216K)] 18280K(502464K), 0,0096258 secs] [Times: user=0,03 sys=0,00, real=0,01 secs] 
2017-02-24T20:39:08.612+0100: 3,952: Total time for which application threads were stopped: 0,0103450 seconds, Stopping threads took: 0,0005715 seconds
2017-02-24T20:39:08.612+0100: 3,952: [CMS-concurrent-mark-start]
2017-02-24T20:39:08.613+0100: 3,953: [CMS-concurrent-mark: 0,001/0,001 secs] [Times: user=0,00 sys=0,00, real=0,00 secs] 
2017-02-24T20:39:08.613+0100: 3,953: [CMS-concurrent-preclean-start]
2017-02-24T20:39:08.614+0100: 3,954: [CMS-concurrent-preclean: 0,001/0,001 secs] [Times: user=0,01 sys=0,00, real=0,00 secs] 
2017-02-24T20:39:08.614+0100: 3,954: [CMS-concurrent-abortable-preclean-start]
2017-02-24T20:39:08.736+0100: 4,076: Total time for which application threads were stopped: 0,0023937 seconds, Stopping threads took: 0,0021234 seconds
{Heap before GC invocations=3 (full 1):
 par new generation   total 109248K, used 98502K [0x00000000e0000000, 0x00000000e8000000, 0x00000000e8000000)
  eden space 87424K, 100% used [0x00000000e0000000, 0x00000000e5560000, 0x00000000e5560000)
  from space 21824K,  50% used [0x00000000e6ab0000, 0x00000000e7581830, 0x00000000e8000000)
  to   space 21824K,   0% used [0x00000000e5560000, 0x00000000e5560000, 0x00000000e6ab0000)
 concurrent mark-sweep generation total 393216K, used 0K [0x00000000e8000000, 0x0000000100000000, 0x0000000100000000)
 Metaspace       used 21216K, capacity 21546K, committed 21628K, reserved 1069056K
  class space    used 2444K, capacity 2598K, committed 2608K, reserved 1048576K
2017-02-24T20:39:08.767+0100: 4,106: [GC (Allocation Failure) 2017-02-24T20:39:08.767+0100: 4,106: [ParNew
Desired survivor size 20112992 bytes, new threshold 8 (max 8)
- age   1:    1264840 bytes,    1264840 total
- age   2:    1446928 bytes,    2711768 total
- age   3:     829000 bytes,    3540768 total
- age   4:    6654544 bytes,   10195312 total
: 98502K->14472K(109248K), 0,0308365 secs] 98502K->14472K(502464K), 0,0309079 secs] [Times: user=0,07 sys=0,00, real=0,02 secs] 
Heap after GC invocations=4 (full 1):
 par new generation   total 109248K, used 14472K [0x00000000e0000000, 0x00000000e8000000, 0x00000000e8000000)
  eden space 87424K,   0% used [0x00000000e0000000, 0x00000000e0000000, 0x00000000e5560000)
  from space 21824K,  66% used [0x00000000e5560000, 0x00000000e6382158, 0x00000000e6ab0000)
  to   space 21824K,   0% used [0x00000000e6ab0000, 0x00000000e6ab0000, 0x00000000e8000000)
 concurrent mark-sweep generation total 393216K, used 0K [0x00000000e8000000, 0x0000000100000000, 0x0000000100000000)
 Metaspace       used 21216K, capacity 21546K, committed 21628K, reserved 1069056K
  class space    used 2444K, capacity 2598K, committed 2608K, reserved 1048576K
}
2017-02-24T20:39:08.798+0100: 4,137: Total time for which application threads were stopped: 0,0322334 seconds, Stopping threads took: 0,0011754 seconds
2017-02-24T20:39:08.798+0100: 4,137: [CMS-concurrent-abortable-preclean: 0,123/0,183 secs] [Times: user=0,50 sys=0,01, real=0,18 secs] 
2017-02-24T20:39:08.808+0100: 4,147: Total time for which application threads were stopped: 0,0001884 seconds, Stopping threads took: 0,0000838 seconds
2017-02-24T20:39:08.818+0100: 4,158: Total time for which application threads were stopped: 0,0002049 seconds, Stopping threads took: 0,0000761 seconds
2017-02-24T20:39:08.818+0100: 4,158: [GC (CMS Final Remark) [YG occupancy: 24364 K (109248 K)]{Heap before GC invocations=4 (full 1):
 par new generation   total 109248K, used 24364K [0x00000000e0000000, 0x00000000e8000000, 0x00000000e8000000)
  eden space 87424K,  11% used [0x00000000e0000000, 0x00000000e09a9200, 0x00000000e5560000)
  from space 21824K,  66% used [0x00000000e5560000, 0x00000000e6382158, 0x00000000e6ab0000)
  to   space 21824K,   0% used [0x00000000e6ab0000, 0x00000000e6ab0000, 0x00000000e8000000)
 concurrent mark-sweep generation total 393216K, used 0K [0x00000000e8000000, 0x0000000100000000, 0x0000000100000000)
 Metaspace       used 21230K, capacity 21546K, committed 21628K, reserved 1069056K
  class space    used 2446K, capacity 2598K, committed 2608K, reserved 1048576K
2017-02-24T20:39:08.819+0100: 4,158: [GC (CMS Final Remark) 2017-02-24T20:39:08.819+0100: 4,158: [ParNew
Desired survivor size 20112992 bytes, new threshold 8 (max 8)
- age   1:     700408 bytes,     700408 total
- age   2:     317552 bytes,    1017960 total
- age   3:    1446856 bytes,    2464816 total
- age   4:     828968 bytes,    3293784 total
- age   5:    6654544 bytes,    9948328 total
: 24364K->13052K(109248K), 0,0186140 secs] 24364K->13052K(502464K), 0,0186621 secs] [Times: user=0,05 sys=0,00, real=0,01 secs] 
Heap after GC invocations=5 (full 1):
 par new generation   total 109248K, used 13052K [0x00000000e0000000, 0x00000000e8000000, 0x00000000e8000000)
  eden space 87424K,   0% used [0x00000000e0000000, 0x00000000e0000000, 0x00000000e5560000)
  from space 21824K,  59% used [0x00000000e6ab0000, 0x00000000e776f1d8, 0x00000000e8000000)
  to   space 21824K,   0% used [0x00000000e5560000, 0x00000000e5560000, 0x00000000e6ab0000)
 concurrent mark-sweep generation total 393216K, used 0K [0x00000000e8000000, 0x0000000100000000, 0x0000000100000000)
 Metaspace       used 21230K, capacity 21546K, committed 21628K, reserved 1069056K
  class space    used 2446K, capacity 2598K, committed 2608K, reserved 1048576K
}
2017-02-24T20:39:08.837+0100: 4,177: [Rescan (parallel) , 0,0044735 secs]2017-02-24T20:39:08.842+0100: 4,181: [weak refs processing, 0,0073554 secs]2017-02-24T20:39:08.849+0100: 4,189: [class unloading, 0,0038987 secs]2017-02-24T20:39:08.853+0100: 4,193: [scrub symbol table, 0,0040394 secs]2017-02-24T20:39:08.857+0100: 4,197: [scrub string table, 0,0004749 secs][1 CMS-remark: 0K(393216K)] 13052K(502464K), 0,0398840 secs] [Times: user=0,10 sys=0,00, real=0,04 secs] 
2017-02-24T20:39:08.858+0100: 4,198: Total time for which application threads were stopped: 0,0400526 seconds, Stopping threads took: 0,0000570 seconds
2017-02-24T20:39:08.873+0100: 4,212: [CMS-concurrent-sweep-start]
2017-02-24T20:39:08.873+0100: 4,212: [CMS-concurrent-sweep: 0,000/0,000 secs] [Times: user=0,00 sys=0,00, real=0,00 secs] 
2017-02-24T20:39:08.873+0100: 4,212: [CMS-concurrent-reset-start]
2017-02-24T20:39:08.874+0100: 4,214: Total time for which application threads were stopped: 0,0002485 seconds, Stopping threads took: 0,0000820 seconds
2017-02-24T20:39:08.875+0100: 4,215: [CMS-concurrent-reset: 0,002/0,003 secs] [Times: user=0,01 sys=0,00, real=0,00 secs] 
2017-02-24T20:39:08.876+0100: 4,215: Total time for which application threads were stopped: 0,0002002 seconds, Stopping threads took: 0,0000830 seconds
2017-02-24T20:39:08.880+0100: 4,220: Total time for which application threads were stopped: 0,0001834 seconds, Stopping threads took: 0,0000767 seconds
2017-02-24T20:39:08.881+0100: 4,220: Total time for which application threads were stopped: 0,0001496 seconds, Stopping threads took: 0,0000645 seconds
2017-02-24T20:39:08.881+0100: 4,220: Total time for which application threads were stopped: 0,0000986 seconds, Stopping threads took: 0,0000390 seconds
2017-02-24T20:39:08.881+0100: 4,221: Total time for which application threads were stopped: 0,0000911 seconds, Stopping threads took: 0,0000299 seconds
2017-02-24T20:39:08.881+0100: 4,221: Total time for which application threads were stopped: 0,0000902 seconds, Stopping threads took: 0,0000342 seconds
2017-02-24T20:39:08.881+0100: 4,221: Total time for which application threads were stopped: 0,0000796 seconds, Stopping threads took: 0,0000198 seconds
2017-02-24T20:39:08.881+0100: 4,221: Total time for which application threads were stopped: 0,0001013 seconds, Stopping threads took: 0,0000402 seconds
2017-02-24T20:39:08.882+0100: 4,221: Total time for which application threads were stopped: 0,0000689 seconds, Stopping threads took: 0,0000249 seconds
2017-02-24T20:39:08.930+0100: 4,270: Total time for which application threads were stopped: 0,0041394 seconds, Stopping threads took: 0,0040134 seconds
2017-02-24T20:39:08.930+0100: 4,270: Total time for which application threads were stopped: 0,0000793 seconds, Stopping threads took: 0,0000391 seconds
2017-02-24T20:39:08.932+0100: 4,272: Total time for which application threads were stopped: 0,0001195 seconds, Stopping threads took: 0,0000478 seconds
2017-02-24T20:39:08.932+0100: 4,272: Total time for which application threads were stopped: 0,0000603 seconds, Stopping threads took: 0,0000199 seconds
2017-02-24T20:39:08.942+0100: 4,282: Total time for which application threads were stopped: 0,0001316 seconds, Stopping threads took: 0,0000400 seconds
2017-02-24T20:39:08.942+0100: 4,282: Total time for which application threads were stopped: 0,0001077 seconds, Stopping threads took: 0,0000432 seconds
2017-02-24T20:39:08.944+0100: 4,284: Total time for which application threads were stopped: 0,0001802 seconds, Stopping threads took: 0,0000727 seconds
2017-02-24T20:39:08.944+0100: 4,284: Total time for which application threads were stopped: 0,0001083 seconds, Stopping threads took: 0,0000385 seconds
2017-02-24T20:39:08.946+0100: 4,286: Total time for which application threads were stopped: 0,0004784 seconds, Stopping threads took: 0,0004021 seconds
2017-02-24T20:39:08.947+0100: 4,286: Total time for which application threads were stopped: 0,0000707 seconds, Stopping threads took: 0,0000195 seconds
2017-02-24T20:39:08.966+0100: 4,305: Total time for which application threads were stopped: 0,0006738 seconds, Stopping threads took: 0,0005854 seconds
2017-02-24T20:39:08.970+0100: 4,310: Total time for which application threads were stopped: 0,0002490 seconds, Stopping threads took: 0,0000361 seconds
2017-02-24T20:39:08.974+0100: 4,314: Total time for which application threads were stopped: 0,0039771 seconds, Stopping threads took: 0,0038917 seconds
{Heap before GC invocations=5 (full 1):
 par new generation   total 109248K, used 100476K [0x00000000e0000000, 0x00000000e8000000, 0x00000000e8000000)
  eden space 87424K, 100% used [0x00000000e0000000, 0x00000000e5560000, 0x00000000e5560000)
  from space 21824K,  59% used [0x00000000e6ab0000, 0x00000000e776f1d8, 0x00000000e8000000)
  to   space 21824K,   0% used [0x00000000e5560000, 0x00000000e5560000, 0x00000000e6ab0000)
 concurrent mark-sweep generation total 393216K, used 0K [0x00000000e8000000, 0x0000000100000000, 0x0000000100000000)
 Metaspace       used 21406K, capacity 21782K, committed 22012K, reserved 1069056K
  class space    used 2471K, capacity 2632K, committed 2736K, reserved 1048576K
2017-02-24T20:39:08.976+0100: 4,316: [GC (Allocation Failure) 2017-02-24T20:39:08.976+0100: 4,316: [ParNew
Desired survivor size 20112992 bytes, new threshold 8 (max 8)
- age   1:     407128 bytes,     407128 total
- age   2:      19760 bytes,     426888 total
- age   3:     173240 bytes,     600128 total
- age   4:    1445416 bytes,    2045544 total
- age   5:     824952 bytes,    2870496 total
- age   6:    6654568 bytes,    9525064 total
: 100476K->11460K(109248K), 0,0223521 secs] 100476K->11460K(502464K), 0,0224295 secs] [Times: user=0,05 sys=0,00, real=0,03 secs] 
Heap after GC invocations=6 (full 1):
 par new generation   total 109248K, used 11460K [0x00000000e0000000, 0x00000000e8000000, 0x00000000e8000000)
  eden space 87424K,   0% used [0x00000000e0000000, 0x00000000e0000000, 0x00000000e5560000)
  from space 21824K,  52% used [0x00000000e5560000, 0x00000000e6091138, 0x00000000e6ab0000)
  to   space 21824K,   0% used [0x00000000e6ab0000, 0x00000000e6ab0000, 0x00000000e8000000)
 concurrent mark-sweep generation total 393216K, used 0K [0x00000000e8000000, 0x0000000100000000, 0x0000000100000000)
 Metaspace       used 21406K, capacity 21782K, committed 22012K, reserved 1069056K
  class space    used 2471K, capacity 2632K, committed 2736K, reserved 1048576K
}
2017-02-24T20:39:08.999+0100: 4,338: Total time for which application threads were stopped: 0,0226304 seconds, Stopping threads took: 0,0000748 seconds
2017-02-24T20:39:08.999+0100: 4,339: Total time for which application threads were stopped: 0,0000871 seconds, Stopping threads took: 0,0000259 seconds
2017-02-24T20:39:09.002+0100: 4,342: Total time for which application threads were stopped: 0,0001796 seconds, Stopping threads took: 0,0001046 seconds
2017-02-24T20:39:09.005+0100: 4,345: Total time for which application threads were stopped: 0,0001315 seconds, Stopping threads took: 0,0000577 seconds
2017-02-24T20:39:09.007+0100: 4,346: Total time for which application threads were stopped: 0,0001224 seconds, Stopping threads took: 0,0000403 seconds
2017-02-24T20:39:09.011+0100: 4,351: Total time for which application threads were stopped: 0,0001153 seconds, Stopping threads took: 0,0000388 seconds
2017-02-24T20:39:09.011+0100: 4,351: Total time for which application threads were stopped: 0,0000405 seconds, Stopping threads took: 0,0000062 seconds
2017-02-24T20:39:09.012+0100: 4,351: Total time for which application threads were stopped: 0,0000739 seconds, Stopping threads took: 0,0000263 seconds
2017-02-24T20:39:09.012+0100: 4,352: Total time for which application threads were stopped: 0,0000588 seconds, Stopping threads took: 0,0000177 seconds
2017-02-24T20:39:09.012+0100: 4,352: Total time for which application threads were stopped: 0,0000480 seconds, Stopping threads took: 0,0000083 seconds
2017-02-24T20:39:09.014+0100: 4,354: Total time for which application threads were stopped: 0,0016922 seconds, Stopping threads took: 0,0016530 seconds
2017-02-24T20:39:09.018+0100: 4,358: Total time for which application threads were stopped: 0,0038801 seconds, Stopping threads took: 0,0038139 seconds
2017-02-24T20:39:09.023+0100: 4,363: Total time for which application threads were stopped: 0,0001353 seconds, Stopping threads took: 0,0000345 seconds
2017-02-24T20:39:09.024+0100: 4,364: Total time for which application threads were stopped: 0,0000896 seconds, Stopping threads took: 0,0000112 seconds
2017-02-24T20:39:09.025+0100: 4,364: Total time for which application threads were stopped: 0,0000718 seconds, Stopping threads took: 0,0000071 seconds
2017-02-24T20:39:09.026+0100: 4,366: Total time for which application threads were stopped: 0,0003256 seconds, Stopping threads took: 0,0000253 seconds
2017-02-24T20:39:09.027+0100: 4,367: Total time for which application threads were stopped: 0,0001441 seconds, Stopping threads took: 0,0000658 seconds
2017-02-24T20:39:09.027+0100: 4,367: Total time for which application threads were stopped: 0,0000876 seconds, Stopping threads took: 0,0000243 seconds
2017-02-24T20:39:09.029+0100: 4,368: Total time for which application threads were stopped: 0,0001093 seconds, Stopping threads took: 0,0000232 seconds
2017-02-24T20:39:09.031+0100: 4,371: Total time for which application threads were stopped: 0,0001177 seconds, Stopping threads took: 0,0000340 seconds
2017-02-24T20:39:09.031+0100: 4,371: Total time for which application threads were stopped: 0,0000679 seconds, Stopping threads took: 0,0000097 seconds
2017-02-24T20:39:09.032+0100: 4,372: Total time for which application threads were stopped: 0,0004980 seconds, Stopping threads took: 0,0004184 seconds
2017-02-24T20:39:09.032+0100: 4,372: Total time for which application threads were stopped: 0,0000688 seconds, Stopping threads took: 0,0000138 seconds
2017-02-24T20:39:09.034+0100: 4,374: Total time for which application threads were stopped: 0,0001071 seconds, Stopping threads took: 0,0000210 seconds
2017-02-24T20:39:09.036+0100: 4,375: Total time for which application threads were stopped: 0,0001292 seconds, Stopping threads took: 0,0000390 seconds
2017-02-24T20:39:09.036+0100: 4,375: Total time for which application threads were stopped: 0,0000933 seconds, Stopping threads took: 0,0000251 seconds
2017-02-24T20:39:09.037+0100: 4,377: Total time for which application threads were stopped: 0,0006405 seconds, Stopping threads took: 0,0005582 seconds
2017-02-24T20:39:09.041+0100: 4,381: Total time for which application threads were stopped: 0,0003914 seconds, Stopping threads took: 0,0001894 seconds
2017-02-24T20:39:09.054+0100: 4,394: Total time for which application threads were stopped: 0,0011004 seconds, Stopping threads took: 0,0009915 seconds
2017-02-24T20:39:09.061+0100: 4,401: Total time for which application threads were stopped: 0,0001308 seconds, Stopping threads took: 0,0000407 seconds
2017-02-24T20:39:09.062+0100: 4,402: Total time for which application threads were stopped: 0,0001862 seconds, Stopping threads took: 0,0000258 seconds
2017-02-24T20:39:09.063+0100: 4,403: Total time for which application threads were stopped: 0,0000830 seconds, Stopping threads took: 0,0000234 seconds
2017-02-24T20:39:09.068+0100: 4,407: Total time for which application threads were stopped: 0,0000951 seconds, Stopping threads took: 0,0000278 seconds
2017-02-24T20:39:09.069+0100: 4,408: Total time for which application threads were stopped: 0,0000911 seconds, Stopping threads took: 0,0000321 seconds
2017-02-24T20:39:09.069+0100: 4,409: Total time for which application threads were stopped: 0,0000758 seconds, Stopping threads took: 0,0000266 seconds
2017-02-24T20:39:09.071+0100: 4,410: Total time for which application threads were stopped: 0,0004212 seconds, Stopping threads took: 0,0003615 seconds
2017-02-24T20:39:09.082+0100: 4,422: Total time for which application threads were stopped: 0,0001226 seconds, Stopping threads took: 0,0000488 seconds
2017-02-24T20:39:09.136+0100: 4,476: Total time for which application threads were stopped: 0,0002208 seconds, Stopping threads took: 0,0001255 seconds
2017-02-24T20:39:09.174+0100: 4,514: Total time for which application threads were stopped: 0,0001496 seconds, Stopping threads took: 0,0000707 seconds
2017-02-24T20:39:09.207+0100: 4,546: Total time for which application threads were stopped: 0,0001939 seconds, Stopping threads took: 0,0001144 seconds
2017-02-24T20:39:09.241+0100: 4,581: Total time for which application threads were stopped: 0,0001439 seconds, Stopping threads took: 0,0000803 seconds
2017-02-24T20:39:09.242+0100: 4,582: Total time for which application threads were stopped: 0,0005551 seconds, Stopping threads took: 0,0004728 seconds
2017-02-24T20:39:09.254+0100: 4,594: Total time for which application threads were stopped: 0,0033247 seconds, Stopping threads took: 0,0032502 seconds
2017-02-24T20:39:09.254+0100: 4,594: Total time for which application threads were stopped: 0,0000568 seconds, Stopping threads took: 0,0000301 seconds
2017-02-24T20:39:09.254+0100: 4,594: Total time for which application threads were stopped: 0,0000770 seconds, Stopping threads took: 0,0000381 seconds
2017-02-24T20:39:09.254+0100: 4,594: Total time for which application threads were stopped: 0,0000501 seconds, Stopping threads took: 0,0000207 seconds
2017-02-24T20:39:09.254+0100: 4,594: Total time for which application threads were stopped: 0,0000469 seconds, Stopping threads took: 0,0000195 seconds
2017-02-24T20:39:09.258+0100: 4,598: Total time for which application threads were stopped: 0,0020674 seconds, Stopping threads took: 0,0020022 seconds
2017-02-24T20:39:09.258+0100: 4,598: Total time for which application threads were stopped: 0,0000716 seconds, Stopping threads took: 0,0000295 seconds
2017-02-24T20:39:09.259+0100: 4,598: Total time for which application threads were stopped: 0,0000736 seconds, Stopping threads took: 0,0000150 seconds
2017-02-24T20:39:09.259+0100: 4,599: Total time for which application threads were stopped: 0,0000609 seconds, Stopping threads took: 0,0000106 seconds
2017-02-24T20:39:09.260+0100: 4,599: Total time for which application threads were stopped: 0,0000721 seconds, Stopping threads took: 0,0000142 seconds
2017-02-24T20:39:09.260+0100: 4,599: Total time for which application threads were stopped: 0,0000944 seconds, Stopping threads took: 0,0000569 seconds
2017-02-24T20:39:09.260+0100: 4,600: Total time for which application threads were stopped: 0,0000472 seconds, Stopping threads took: 0,0000188 seconds
2017-02-24T20:39:09.260+0100: 4,600: Total time for which application threads were stopped: 0,0001327 seconds, Stopping threads took: 0,0000243 seconds
2017-02-24T20:39:09.275+0100: 4,614: Total time for which application threads were stopped: 0,0033622 seconds, Stopping threads took: 0,0029548 seconds
2017-02-24T20:39:09.290+0100: 4,630: Total time for which application threads were stopped: 0,0004529 seconds, Stopping threads took: 0,0000328 seconds
2017-02-24T20:39:09.300+0100: 4,640: Total time for which application threads were stopped: 0,0067128 seconds, Stopping threads took: 0,0066171 seconds
2017-02-24T20:39:09.300+0100: 4,640: Total time for which application threads were stopped: 0,0000829 seconds, Stopping threads took: 0,0000266 seconds
2017-02-24T20:39:09.328+0100: 4,668: Total time for which application threads were stopped: 0,0001600 seconds, Stopping threads took: 0,0000514 seconds
2017-02-24T20:39:09.333+0100: 4,673: Total time for which application threads were stopped: 0,0001423 seconds, Stopping threads took: 0,0000526 seconds
2017-02-24T20:39:09.340+0100: 4,680: Total time for which application threads were stopped: 0,0025701 seconds, Stopping threads took: 0,0024522 seconds
2017-02-24T20:39:09.358+0100: 4,698: Total time for which application threads were stopped: 0,0001277 seconds, Stopping threads took: 0,0000410 seconds
2017-02-24T20:39:09.367+0100: 4,707: Total time for which application threads were stopped: 0,0001144 seconds, Stopping threads took: 0,0000480 seconds
2017-02-24T20:39:09.371+0100: 4,710: Total time for which application threads were stopped: 0,0001428 seconds, Stopping threads took: 0,0000463 seconds
2017-02-24T20:39:09.381+0100: 4,721: Total time for which application threads were stopped: 0,0001245 seconds, Stopping threads took: 0,0000438 seconds
2017-02-24T20:39:09.386+0100: 4,726: Total time for which application threads were stopped: 0,0001514 seconds, Stopping threads took: 0,0000606 seconds
2017-02-24T20:39:09.588+0100: 4,928: Total time for which application threads were stopped: 0,0155294 seconds, Stopping threads took: 0,0153809 seconds
2017-02-24T20:39:09.609+0100: 4,948: Total time for which application threads were stopped: 0,0055827 seconds, Stopping threads took: 0,0054477 seconds
2017-02-24T20:39:09.609+0100: 4,949: Total time for which application threads were stopped: 0,0004084 seconds, Stopping threads took: 0,0002975 seconds
2017-02-24T20:39:09.654+0100: 4,994: Total time for which application threads were stopped: 0,0003506 seconds, Stopping threads took: 0,0002625 seconds
{Heap before GC invocations=6 (full 1):
 par new generation   total 109248K, used 98884K [0x00000000e0000000, 0x00000000e8000000, 0x00000000e8000000)
  eden space 87424K, 100% used [0x00000000e0000000, 0x00000000e5560000, 0x00000000e5560000)
  from space 21824K,  52% used [0x00000000e5560000, 0x00000000e6091138, 0x00000000e6ab0000)
  to   space 21824K,   0% used [0x00000000e6ab0000, 0x00000000e6ab0000, 0x00000000e8000000)
 concurrent mark-sweep generation total 393216K, used 0K [0x00000000e8000000, 0x0000000100000000, 0x0000000100000000)
 Metaspace       used 24811K, capacity 25270K, committed 25392K, reserved 1071104K
  class space    used 2897K, capacity 3070K, committed 3120K, reserved 1048576K
2017-02-24T20:39:09.704+0100: 5,044: [GC (Allocation Failure) 2017-02-24T20:39:09.704+0100: 5,044: [ParNew
Desired survivor size 20112992 bytes, new threshold 8 (max 8)
- age   1:    5777728 bytes,    5777728 total
- age   2:     171520 bytes,    5949248 total
- age   3:      19424 bytes,    5968672 total
- age   4:     172184 bytes,    6140856 total
- age   5:     273472 bytes,    6414328 total
- age   6:     799800 bytes,    7214128 total
- age   7:    6647104 bytes,   13861232 total
: 98884K->18561K(109248K), 0,0412875 secs] 98884K->18561K(502464K), 0,0413687 secs] [Times: user=0,10 sys=0,00, real=0,04 secs] 
Heap after GC invocations=7 (full 1):
 par new generation   total 109248K, used 18561K [0x00000000e0000000, 0x00000000e8000000, 0x00000000e8000000)
  eden space 87424K,   0% used [0x00000000e0000000, 0x00000000e0000000, 0x00000000e5560000)
  from space 21824K,  85% used [0x00000000e6ab0000, 0x00000000e7cd07c0, 0x00000000e8000000)
  to   space 21824K,   0% used [0x00000000e5560000, 0x00000000e5560000, 0x00000000e6ab0000)
 concurrent mark-sweep generation total 393216K, used 0K [0x00000000e8000000, 0x0000000100000000, 0x0000000100000000)
 Metaspace       used 24811K, capacity 25270K, committed 25392K, reserved 1071104K
  class space    used 2897K, capacity 3070K, committed 3120K, reserved 1048576K
}
2017-02-24T20:39:09.745+0100: 5,085: Total time for which application threads were stopped: 0,0483295 seconds, Stopping threads took: 0,0067493 seconds
2017-02-24T20:39:09.765+0100: 5,105: Total time for which application threads were stopped: 0,0001525 seconds, Stopping threads took: 0,0000568 seconds
{Heap before GC invocations=7 (full 1):
 par new generation   total 109248K, used 105985K [0x00000000e0000000, 0x00000000e8000000, 0x00000000e8000000)
  eden space 87424K, 100% used [0x00000000e0000000, 0x00000000e5560000, 0x00000000e5560000)
  from space 21824K,  85% used [0x00000000e6ab0000, 0x00000000e7cd07c0, 0x00000000e8000000)
  to   space 21824K,   0% used [0x00000000e5560000, 0x00000000e5560000, 0x00000000e6ab0000)
 concurrent mark-sweep generation total 393216K, used 0K [0x00000000e8000000, 0x0000000100000000, 0x0000000100000000)
 Metaspace       used 25269K, capacity 25786K, committed 25904K, reserved 1073152K
  class space    used 2934K, capacity 3115K, committed 3120K, reserved 1048576K
2017-02-24T20:39:09.986+0100: 5,326: [GC (Allocation Failure) 2017-02-24T20:39:09.986+0100: 5,326: [ParNew
Desired survivor size 20112992 bytes, new threshold 8 (max 8)
- age   1:     802648 bytes,     802648 total
- age   2:    2338968 bytes,    3141616 total
- age   3:     119560 bytes,    3261176 total
- age   4:      14720 bytes,    3275896 total
- age   5:     129944 bytes,    3405840 total
- age   6:     229848 bytes,    3635688 total
- age   7:     773064 bytes,    4408752 total
- age   8:    6380432 bytes,   10789184 total
: 105985K->16061K(109248K), 0,0289156 secs] 105985K->16061K(502464K), 0,0289913 secs] [Times: user=0,05 sys=0,00, real=0,02 secs] 
Heap after GC invocations=8 (full 1):
 par new generation   total 109248K, used 16061K [0x00000000e0000000, 0x00000000e8000000, 0x00000000e8000000)
  eden space 87424K,   0% used [0x00000000e0000000, 0x00000000e0000000, 0x00000000e5560000)
  from space 21824K,  73% used [0x00000000e5560000, 0x00000000e650f710, 0x00000000e6ab0000)
  to   space 21824K,   0% used [0x00000000e6ab0000, 0x00000000e6ab0000, 0x00000000e8000000)
 concurrent mark-sweep generation total 393216K, used 0K [0x00000000e8000000, 0x0000000100000000, 0x0000000100000000)
 Metaspace       used 25269K, capacity 25786K, committed 25904K, reserved 1073152K
  class space    used 2934K, capacity 3115K, committed 3120K, reserved 1048576K
}
2017-02-24T20:39:10.015+0100: 5,355: Total time for which application threads were stopped: 0,0292137 seconds, Stopping threads took: 0,0000208 seconds
2017-02-24T20:39:10.039+0100: 5,379: Total time for which application threads were stopped: 0,0010007 seconds, Stopping threads took: 0,0008658 seconds
2017-02-24T20:39:10.041+0100: 5,381: Total time for which application threads were stopped: 0,0001273 seconds, Stopping threads took: 0,0000225 seconds
2017-02-24T20:39:10.043+0100: 5,383: Total time for which application threads were stopped: 0,0001760 seconds, Stopping threads took: 0,0000710 seconds
2017-02-24T20:39:10.052+0100: 5,392: Total time for which application threads were stopped: 0,0061298 seconds, Stopping threads took: 0,0060349 seconds
2017-02-24T20:39:10.078+0100: 5,418: Total time for which application threads were stopped: 0,0083553 seconds, Stopping threads took: 0,0082036 seconds
2017-02-24T20:39:10.111+0100: 5,451: Total time for which application threads were stopped: 0,0001851 seconds, Stopping threads took: 0,0000591 seconds
2017-02-24T20:39:10.150+0100: 5,490: Total time for which application threads were stopped: 0,0002070 seconds, Stopping threads took: 0,0000981 seconds
2017-02-24T20:39:10.217+0100: 5,557: Total time for which application threads were stopped: 0,0001566 seconds, Stopping threads took: 0,0000539 seconds
2017-02-24T20:39:10.227+0100: 5,566: Total time for which application threads were stopped: 0,0004434 seconds, Stopping threads took: 0,0000450 seconds
2017-02-24T20:39:10.237+0100: 5,577: Total time for which application threads were stopped: 0,0001844 seconds, Stopping threads took: 0,0000391 seconds
2017-02-24T20:39:10.258+0100: 5,598: Total time for which application threads were stopped: 0,0039246 seconds, Stopping threads took: 0,0034074 seconds
2017-02-24T20:39:10.259+0100: 5,599: Total time for which application threads were stopped: 0,0001716 seconds, Stopping threads took: 0,0000589 seconds
2017-02-24T20:39:10.339+0100: 5,679: Total time for which application threads were stopped: 0,0003920 seconds, Stopping threads took: 0,0000459 seconds
2017-02-24T20:39:10.340+0100: 5,680: Total time for which application threads were stopped: 0,0000579 seconds, Stopping threads took: 0,0000136 seconds
2017-02-24T20:39:10.342+0100: 5,682: Total time for which application threads were stopped: 0,0013526 seconds, Stopping threads took: 0,0012783 seconds
2017-02-24T20:39:10.350+0100: 5,690: Total time for which application threads were stopped: 0,0001255 seconds, Stopping threads took: 0,0000419 seconds
2017-02-24T20:39:10.366+0100: 5,706: Total time for which application threads were stopped: 0,0003000 seconds, Stopping threads took: 0,0000496 seconds
2017-02-24T20:39:10.376+0100: 5,716: Total time for which application threads were stopped: 0,0001342 seconds, Stopping threads took: 0,0000386 seconds
2017-02-24T20:39:10.385+0100: 5,724: Total time for which application threads were stopped: 0,0001362 seconds, Stopping threads took: 0,0000418 seconds
2017-02-24T20:39:10.405+0100: 5,745: Total time for which application threads were stopped: 0,0006144 seconds, Stopping threads took: 0,0005241 seconds
2017-02-24T20:39:10.408+0100: 5,748: Total time for which application threads were stopped: 0,0003214 seconds, Stopping threads took: 0,0002608 seconds
2017-02-24T20:39:10.467+0100: 5,806: Total time for which application threads were stopped: 0,0001673 seconds, Stopping threads took: 0,0000822 seconds
2017-02-24T20:39:10.483+0100: 5,822: Total time for which application threads were stopped: 0,0001397 seconds, Stopping threads took: 0,0000378 seconds
2017-02-24T20:39:10.483+0100: 5,823: Total time for which application threads were stopped: 0,0004633 seconds, Stopping threads took: 0,0000249 seconds
2017-02-24T20:39:10.484+0100: 5,823: Total time for which application threads were stopped: 0,0001000 seconds, Stopping threads took: 0,0000255 seconds
2017-02-24T20:39:10.523+0100: 5,863: Total time for which application threads were stopped: 0,0001211 seconds, Stopping threads took: 0,0000368 seconds
2017-02-24T20:39:36.527+0100: 31,867: Total time for which application threads were stopped: 0,0001732 seconds, Stopping threads took: 0,0000646 seconds
2017-02-24T20:41:01.536+0100: 116,876: Total time for which application threads were stopped: 0,0000960 seconds, Stopping threads took: 0,0000426 seconds
2017-02-24T20:41:11.537+0100: 126,877: Total time for which application threads were stopped: 0,0000836 seconds, Stopping threads took: 0,0000357 seconds
2017-02-24T20:42:05.544+0100: 180,884: Total time for which application threads were stopped: 0,0001048 seconds, Stopping threads took: 0,0000398 seconds
2017-02-24T20:43:26.553+0100: 261,893: Total time for which application threads were stopped: 0,0004123 seconds, Stopping threads took: 0,0001661 seconds
2017-02-24T20:43:35.555+0100: 270,894: Total time for which application threads were stopped: 0,0005511 seconds, Stopping threads took: 0,0002189 seconds
2017-02-24T20:43:55.557+0100: 290,896: Total time for which application threads were stopped: 0,0000783 seconds, Stopping threads took: 0,0000196 seconds
2017-02-24T20:44:26.559+0100: 321,899: Total time for which application threads were stopped: 0,0001155 seconds, Stopping threads took: 0,0000454 seconds
2017-02-24T20:46:20.571+0100: 435,911: Total time for which application threads were stopped: 0,0007145 seconds, Stopping threads took: 0,0002612 seconds
2017-02-24T20:49:26.591+0100: 621,930: Total time for which application threads were stopped: 0,0001297 seconds, Stopping threads took: 0,0000505 seconds
2017-02-24T20:55:06.630+0100: 961,970: Total time for which application threads were stopped: 0,0020987 seconds, Stopping threads took: 0,0003092 seconds
2017-02-24T21:02:35.684+0100: 1411,024: Total time for which application threads were stopped: 0,0003064 seconds, Stopping threads took: 0,0002133 seconds
2017-02-24T21:07:35.725+0100: 1711,065: Total time for which application threads were stopped: 0,0000907 seconds, Stopping threads took: 0,0000335 seconds
2017-02-24T21:17:26.792+0100: 2302,132: Total time for which application threads were stopped: 0,0000919 seconds, Stopping threads took: 0,0000352 seconds
2017-02-24T21:17:30.793+0100: 2306,133: Total time for which application threads were stopped: 0,0003657 seconds, Stopping threads took: 0,0000948 seconds
2017-02-24T21:32:21.882+0100: 3197,222: Total time for which application threads were stopped: 0,0001096 seconds, Stopping threads took: 0,0000399 seconds
2017-02-24T21:45:30.964+0100: 3986,304: Total time for which application threads were stopped: 0,0001203 seconds, Stopping threads took: 0,0000481 seconds
2017-02-24T21:46:10.969+0100: 4026,308: Total time for which application threads were stopped: 0,0003907 seconds, Stopping threads took: 0,0000572 seconds
2017-02-24T22:07:11.097+0100: 5286,437: Total time for which application threads were stopped: 0,0000780 seconds, Stopping threads took: 0,0000323 seconds
2017-02-24T22:07:31.100+0100: 5306,440: Total time for which application threads were stopped: 0,0003550 seconds, Stopping threads took: 0,0001524 seconds
2017-02-24T22:16:38.143+0100: 5853,483: Total time for which application threads were stopped: 0,0150181 seconds, Stopping threads took: 0,0149363 seconds
2017-02-24T22:16:38.146+0100: 5853,486: Total time for which application threads were stopped: 0,0000991 seconds, Stopping threads took: 0,0000251 seconds
2017-02-24T22:16:38.147+0100: 5853,486: Total time for which application threads were stopped: 0,0000866 seconds, Stopping threads took: 0,0000242 seconds
2017-02-24T22:16:38.147+0100: 5853,487: Total time for which application threads were stopped: 0,0000625 seconds, Stopping threads took: 0,0000186 seconds
2017-02-24T22:16:38.149+0100: 5853,489: Total time for which application threads were stopped: 0,0000997 seconds, Stopping threads took: 0,0000327 seconds
2017-02-24T22:16:38.152+0100: 5853,491: Total time for which application threads were stopped: 0,0026346 seconds, Stopping threads took: 0,0024935 seconds
2017-02-24T22:16:38.153+0100: 5853,493: Total time for which application threads were stopped: 0,0000951 seconds, Stopping threads took: 0,0000254 seconds
2017-02-24T22:16:38.154+0100: 5853,493: Total time for which application threads were stopped: 0,0000538 seconds, Stopping threads took: 0,0000144 seconds
2017-02-24T22:16:38.154+0100: 5853,493: Total time for which application threads were stopped: 0,0000462 seconds, Stopping threads took: 0,0000120 seconds
2017-02-24T22:16:38.154+0100: 5853,493: Total time for which application threads were stopped: 0,0000418 seconds, Stopping threads took: 0,0000114 seconds
2017-02-24T22:16:38.154+0100: 5853,494: Total time for which application threads were stopped: 0,0000657 seconds, Stopping threads took: 0,0000121 seconds
2017-02-24T22:16:38.154+0100: 5853,494: Total time for which application threads were stopped: 0,0000424 seconds, Stopping threads took: 0,0000121 seconds
2017-02-24T22:16:38.154+0100: 5853,494: Total time for which application threads were stopped: 0,0000401 seconds, Stopping threads took: 0,0000108 seconds
2017-02-24T22:16:38.154+0100: 5853,494: Total time for which application threads were stopped: 0,0000490 seconds, Stopping threads took: 0,0000173 seconds
2017-02-24T22:16:38.154+0100: 5853,494: Total time for which application threads were stopped: 0,0000403 seconds, Stopping threads took: 0,0000117 seconds
2017-02-24T22:16:38.154+0100: 5853,494: Total time for which application threads were stopped: 0,0000403 seconds, Stopping threads took: 0,0000109 seconds
2017-02-24T22:16:38.154+0100: 5853,494: Total time for which application threads were stopped: 0,0000407 seconds, Stopping threads took: 0,0000110 seconds
2017-02-24T22:16:38.154+0100: 5853,494: Total time for which application threads were stopped: 0,0000400 seconds, Stopping threads took: 0,0000109 seconds
2017-02-24T22:16:38.155+0100: 5853,494: Total time for which application threads were stopped: 0,0000411 seconds, Stopping threads took: 0,0000116 seconds
2017-02-24T22:16:38.155+0100: 5853,494: Total time for which application threads were stopped: 0,0000417 seconds, Stopping threads took: 0,0000111 seconds
2017-02-24T22:16:38.178+0100: 5853,518: Total time for which application threads were stopped: 0,0116789 seconds, Stopping threads took: 0,0115884 seconds
2017-02-24T22:16:38.186+0100: 5853,526: Total time for which application threads were stopped: 0,0000972 seconds, Stopping threads took: 0,0000185 seconds
2017-02-24T22:16:38.186+0100: 5853,526: Total time for which application threads were stopped: 0,0000668 seconds, Stopping threads took: 0,0000152 seconds
2017-02-24T22:16:38.194+0100: 5853,533: Total time for which application threads were stopped: 0,0000990 seconds, Stopping threads took: 0,0000159 seconds
2017-02-24T22:16:38.194+0100: 5853,534: Total time for which application threads were stopped: 0,0000705 seconds, Stopping threads took: 0,0000189 seconds
2017-02-24T22:16:38.203+0100: 5853,543: Total time for which application threads were stopped: 0,0000805 seconds, Stopping threads took: 0,0000151 seconds
2017-02-24T22:16:38.203+0100: 5853,543: Total time for which application threads were stopped: 0,0000581 seconds, Stopping threads took: 0,0000170 seconds
2017-02-24T22:16:38.203+0100: 5853,543: Total time for which application threads were stopped: 0,0000480 seconds, Stopping threads took: 0,0000132 seconds
2017-02-24T22:16:38.204+0100: 5853,543: Total time for which application threads were stopped: 0,0000454 seconds, Stopping threads took: 0,0000127 seconds
2017-02-24T22:16:38.204+0100: 5853,543: Total time for which application threads were stopped: 0,0000443 seconds, Stopping threads took: 0,0000122 seconds
2017-02-24T22:16:38.204+0100: 5853,543: Total time for which application threads were stopped: 0,0000429 seconds, Stopping threads took: 0,0000113 seconds
2017-02-24T22:16:38.204+0100: 5853,543: Total time for which application threads were stopped: 0,0000438 seconds, Stopping threads took: 0,0000110 seconds
2017-02-24T22:16:38.204+0100: 5853,544: Total time for which application threads were stopped: 0,0000434 seconds, Stopping threads took: 0,0000111 seconds
2017-02-24T22:16:38.204+0100: 5853,544: Total time for which application threads were stopped: 0,0000471 seconds, Stopping threads took: 0,0000132 seconds
2017-02-24T22:16:38.205+0100: 5853,545: Total time for which application threads were stopped: 0,0000907 seconds, Stopping threads took: 0,0000305 seconds
2017-02-24T22:16:38.206+0100: 5853,546: Total time for which application threads were stopped: 0,0001171 seconds, Stopping threads took: 0,0000316 seconds
2017-02-24T22:16:38.206+0100: 5853,546: Total time for which application threads were stopped: 0,0000501 seconds, Stopping threads took: 0,0000130 seconds
2017-02-24T22:16:38.206+0100: 5853,546: Total time for which application threads were stopped: 0,0000461 seconds, Stopping threads took: 0,0000152 seconds
2017-02-24T22:16:38.206+0100: 5853,546: Total time for which application threads were stopped: 0,0000430 seconds, Stopping threads took: 0,0000137 seconds
2017-02-24T22:16:38.206+0100: 5853,546: Total time for which application threads were stopped: 0,0000437 seconds, Stopping threads took: 0,0000119 seconds
2017-02-24T22:16:38.206+0100: 5853,546: Total time for which application threads were stopped: 0,0000462 seconds, Stopping threads took: 0,0000133 seconds
2017-02-24T22:16:38.206+0100: 5853,546: Total time for which application threads were stopped: 0,0000457 seconds, Stopping threads took: 0,0000134 seconds
2017-02-24T22:16:38.206+0100: 5853,546: Total time for which application threads were stopped: 0,0000436 seconds, Stopping threads took: 0,0000120 seconds
2017-02-24T22:16:38.207+0100: 5853,546: Total time for which application threads were stopped: 0,0000970 seconds, Stopping threads took: 0,0000411 seconds
2017-02-24T22:16:38.209+0100: 5853,549: Total time for which application threads were stopped: 0,0001117 seconds, Stopping threads took: 0,0000304 seconds
2017-02-24T22:16:38.209+0100: 5853,549: Total time for which application threads were stopped: 0,0000529 seconds, Stopping threads took: 0,0000137 seconds
2017-02-24T22:16:38.209+0100: 5853,549: Total time for which application threads were stopped: 0,0000497 seconds, Stopping threads took: 0,0000175 seconds
2017-02-24T22:16:38.213+0100: 5853,552: Total time for which application threads were stopped: 0,0000921 seconds, Stopping threads took: 0,0000230 seconds
2017-02-24T22:16:38.213+0100: 5853,552: Total time for which application threads were stopped: 0,0000692 seconds, Stopping threads took: 0,0000311 seconds
2017-02-24T22:16:38.216+0100: 5853,556: Total time for which application threads were stopped: 0,0001513 seconds, Stopping threads took: 0,0000499 seconds
2017-02-24T22:16:38.216+0100: 5853,556: Total time for which application threads were stopped: 0,0000569 seconds, Stopping threads took: 0,0000169 seconds
2017-02-24T22:16:38.216+0100: 5853,556: Total time for which application threads were stopped: 0,0000427 seconds, Stopping threads took: 0,0000112 seconds
2017-02-24T22:16:38.216+0100: 5853,556: Total time for which application threads were stopped: 0,0000411 seconds, Stopping threads took: 0,0000121 seconds
2017-02-24T22:16:38.217+0100: 5853,556: Total time for which application threads were stopped: 0,0000436 seconds, Stopping threads took: 0,0000136 seconds
2017-02-24T22:16:38.217+0100: 5853,556: Total time for which application threads were stopped: 0,0000413 seconds, Stopping threads took: 0,0000115 seconds
2017-02-24T22:16:38.217+0100: 5853,556: Total time for which application threads were stopped: 0,0000465 seconds, Stopping threads took: 0,0000121 seconds
2017-02-24T22:16:38.217+0100: 5853,557: Total time for which application threads were stopped: 0,0000436 seconds, Stopping threads took: 0,0000133 seconds
2017-02-24T22:16:38.217+0100: 5853,557: Total time for which application threads were stopped: 0,0000399 seconds, Stopping threads took: 0,0000117 seconds
2017-02-24T22:16:38.217+0100: 5853,557: Total time for which application threads were stopped: 0,0000429 seconds, Stopping threads took: 0,0000118 seconds
2017-02-24T22:16:38.217+0100: 5853,557: Total time for which application threads were stopped: 0,0000580 seconds, Stopping threads took: 0,0000112 seconds
2017-02-24T22:16:38.219+0100: 5853,559: Total time for which application threads were stopped: 0,0001012 seconds, Stopping threads took: 0,0000298 seconds
2017-02-24T22:16:38.219+0100: 5853,559: Total time for which application threads were stopped: 0,0000503 seconds, Stopping threads took: 0,0000156 seconds
2017-02-24T22:16:38.219+0100: 5853,559: Total time for which application threads were stopped: 0,0000486 seconds, Stopping threads took: 0,0000163 seconds
2017-02-24T22:16:38.219+0100: 5853,559: Total time for which application threads were stopped: 0,0000574 seconds, Stopping threads took: 0,0000273 seconds
2017-02-24T22:16:38.220+0100: 5853,559: Total time for which application threads were stopped: 0,0000649 seconds, Stopping threads took: 0,0000212 seconds
2017-02-24T22:16:38.220+0100: 5853,559: Total time for which application threads were stopped: 0,0000460 seconds, Stopping threads took: 0,0000118 seconds
2017-02-24T22:16:38.220+0100: 5853,559: Total time for which application threads were stopped: 0,0000413 seconds, Stopping threads took: 0,0000111 seconds
2017-02-24T22:16:38.220+0100: 5853,559: Total time for which application threads were stopped: 0,0000485 seconds, Stopping threads took: 0,0000179 seconds
2017-02-24T22:16:38.220+0100: 5853,560: Total time for which application threads were stopped: 0,0000941 seconds, Stopping threads took: 0,0000583 seconds
2017-02-24T22:16:38.221+0100: 5853,561: Total time for which application threads were stopped: 0,0001204 seconds, Stopping threads took: 0,0000554 seconds
2017-02-24T22:16:38.231+0100: 5853,571: Total time for which application threads were stopped: 0,0000938 seconds, Stopping threads took: 0,0000333 seconds
2017-02-24T22:16:38.232+0100: 5853,572: Total time for which application threads were stopped: 0,0001036 seconds, Stopping threads took: 0,0000402 seconds
2017-02-24T22:16:38.233+0100: 5853,572: Total time for which application threads were stopped: 0,0000711 seconds, Stopping threads took: 0,0000230 seconds
2017-02-24T22:16:38.234+0100: 5853,574: Total time for which application threads were stopped: 0,0001039 seconds, Stopping threads took: 0,0000243 seconds
2017-02-24T22:16:38.235+0100: 5853,574: Total time for which application threads were stopped: 0,0000968 seconds, Stopping threads took: 0,0000398 seconds
2017-02-24T22:16:38.235+0100: 5853,575: Total time for which application threads were stopped: 0,0000603 seconds, Stopping threads took: 0,0000217 seconds
2017-02-24T22:16:38.235+0100: 5853,575: Total time for which application threads were stopped: 0,0000489 seconds, Stopping threads took: 0,0000167 seconds
2017-02-24T22:16:38.235+0100: 5853,575: Total time for which application threads were stopped: 0,0000933 seconds, Stopping threads took: 0,0000402 seconds
2017-02-24T22:16:38.236+0100: 5853,575: Total time for which application threads were stopped: 0,0000611 seconds, Stopping threads took: 0,0000233 seconds
2017-02-24T22:16:38.236+0100: 5853,576: Total time for which application threads were stopped: 0,0000927 seconds, Stopping threads took: 0,0000505 seconds
2017-02-24T22:16:38.236+0100: 5853,576: Total time for which application threads were stopped: 0,0000809 seconds, Stopping threads took: 0,0000366 seconds
2017-02-24T22:16:38.236+0100: 5853,576: Total time for which application threads were stopped: 0,0001061 seconds, Stopping threads took: 0,0000243 seconds
2017-02-24T22:16:38.237+0100: 5853,576: Total time for which application threads were stopped: 0,0000491 seconds, Stopping threads took: 0,0000180 seconds
2017-02-24T22:16:38.237+0100: 5853,576: Total time for which application threads were stopped: 0,0000467 seconds, Stopping threads took: 0,0000114 seconds
2017-02-24T22:16:38.237+0100: 5853,577: Total time for which application threads were stopped: 0,0000663 seconds, Stopping threads took: 0,0000234 seconds
2017-02-24T22:16:38.237+0100: 5853,577: Total time for which application threads were stopped: 0,0000541 seconds, Stopping threads took: 0,0000202 seconds
2017-02-24T22:16:38.237+0100: 5853,577: Total time for which application threads were stopped: 0,0000549 seconds, Stopping threads took: 0,0000218 seconds
2017-02-24T22:16:38.237+0100: 5853,577: Total time for which application threads were stopped: 0,0000562 seconds, Stopping threads took: 0,0000188 seconds
2017-02-24T22:16:38.237+0100: 5853,577: Total time for which application threads were stopped: 0,0000551 seconds, Stopping threads took: 0,0000197 seconds
2017-02-24T22:16:38.238+0100: 5853,578: Total time for which application threads were stopped: 0,0003330 seconds, Stopping threads took: 0,0000243 seconds
2017-02-24T22:16:38.242+0100: 5853,582: Total time for which application threads were stopped: 0,0005084 seconds, Stopping threads took: 0,0001641 seconds
2017-02-24T22:16:38.244+0100: 5853,584: Total time for which application threads were stopped: 0,0001388 seconds, Stopping threads took: 0,0000442 seconds
2017-02-24T22:16:38.244+0100: 5853,584: Total time for which application threads were stopped: 0,0000998 seconds, Stopping threads took: 0,0000302 seconds
Heap
 par new generation   total 109248K, used 94463K [0x00000000e0000000, 0x00000000e8000000, 0x00000000e8000000)
  eden space 87424K,  89% used [0x00000000e0000000, 0x00000000e4c90668, 0x00000000e5560000)
  from space 21824K,  73% used [0x00000000e5560000, 0x00000000e650f710, 0x00000000e6ab0000)
  to   space 21824K,   0% used [0x00000000e6ab0000, 0x00000000e6ab0000, 0x00000000e8000000)
 concurrent mark-sweep generation total 393216K, used 0K [0x00000000e8000000, 0x0000000100000000, 0x0000000100000000)
 Metaspace       used 28122K, capacity 28706K, committed 28848K, reserved 1075200K
  class space    used 3228K, capacity 3419K, committed 3504K, reserved 1048576K
