OpenJDK 64-Bit Server VM (25.131-b11) for linux-amd64 JRE (1.8.0_131-8u131-b11-0ubuntu1.16.04.2-b11), built on May  6 2017 02:45:27 by "buildd" with gcc 5.4.0 20160609
Memory: 4k page, physical 7867764k(7455584k free), swap 8076284k(8076284k free)
CommandLine flags: -XX:CMSInitiatingOccupancyFraction=50 -XX:CMSMaxAbortablePrecleanTime=6000 -XX:+CMSParallelRemarkEnabled -XX:+CMSScavengeBeforeRemark -XX:ConcGCThreads=4 -XX:InitialHeapSize=536870912 -XX:MaxHeapSize=536870912 -XX:MaxTenuringThreshold=8 -XX:NewRatio=3 -XX:OldPLABSize=16 -XX:OnOutOfMemoryError=/opt/solr/bin/oom_solr.sh 8983 /var/solr/logs -XX:ParallelGCThreads=4 -XX:+ParallelRefProcEnabled -XX:PretenureSizeThreshold=67108864 -XX:+PrintGC -XX:+PrintGCApplicationStoppedTime -XX:+PrintGCDateStamps -XX:+PrintGCDetails -XX:+PrintGCTimeStamps -XX:+PrintHeapAtGC -XX:+PrintTenuringDistribution -XX:SurvivorRatio=4 -XX:TargetSurvivorRatio=90 -XX:ThreadStackSize=256 -XX:+UseCMSInitiatingOccupancyOnly -XX:+UseCompressedClassPointers -XX:+UseCompressedOops -XX:+UseConcMarkSweepGC -XX:+UseParNewGC 
2017-05-18T02:08:47.584+0200: 0,138: Total time for which application threads were stopped: 0,0000801 seconds, Stopping threads took: 0,0000228 seconds
2017-05-18T02:08:47.665+0200: 0,220: Total time for which application threads were stopped: 0,0001549 seconds, Stopping threads took: 0,0000333 seconds
2017-05-18T02:08:47.688+0200: 0,243: Total time for which application threads were stopped: 0,0000830 seconds, Stopping threads took: 0,0000148 seconds
2017-05-18T02:08:48.138+0200: 0,693: Total time for which application threads were stopped: 0,0001082 seconds, Stopping threads took: 0,0000112 seconds
2017-05-18T02:08:48.560+0200: 1,114: Total time for which application threads were stopped: 0,0001743 seconds, Stopping threads took: 0,0000171 seconds
2017-05-18T02:08:48.672+0200: 1,227: Total time for which application threads were stopped: 0,0001888 seconds, Stopping threads took: 0,0000239 seconds
2017-05-18T02:08:48.735+0200: 1,290: Total time for which application threads were stopped: 0,0004607 seconds, Stopping threads took: 0,0000628 seconds
2017-05-18T02:08:49.129+0200: 1,684: Total time for which application threads were stopped: 0,0002641 seconds, Stopping threads took: 0,0000397 seconds
2017-05-18T02:08:49.369+0200: 1,924: Total time for which application threads were stopped: 0,0001790 seconds, Stopping threads took: 0,0000136 seconds
2017-05-18T02:08:49.392+0200: 1,947: Total time for which application threads were stopped: 0,0002095 seconds, Stopping threads took: 0,0000512 seconds
2017-05-18T02:08:49.430+0200: 1,985: Total time for which application threads were stopped: 0,0002429 seconds, Stopping threads took: 0,0000276 seconds
2017-05-18T02:08:49.431+0200: 1,986: Total time for which application threads were stopped: 0,0002454 seconds, Stopping threads took: 0,0000232 seconds
2017-05-18T02:08:49.453+0200: 2,008: Total time for which application threads were stopped: 0,0002344 seconds, Stopping threads took: 0,0000200 seconds
2017-05-18T02:08:49.548+0200: 2,103: Total time for which application threads were stopped: 0,0002194 seconds, Stopping threads took: 0,0000200 seconds
2017-05-18T02:08:49.728+0200: 2,282: Total time for which application threads were stopped: 0,0003320 seconds, Stopping threads took: 0,0001249 seconds
{Heap before GC invocations=0 (full 0):
 par new generation   total 109248K, used 87424K [0x00000000e0000000, 0x00000000e8000000, 0x00000000e8000000)
  eden space 87424K, 100% used [0x00000000e0000000, 0x00000000e5560000, 0x00000000e5560000)
  from space 21824K,   0% used [0x00000000e5560000, 0x00000000e5560000, 0x00000000e6ab0000)
  to   space 21824K,   0% used [0x00000000e6ab0000, 0x00000000e6ab0000, 0x00000000e8000000)
 concurrent mark-sweep generation total 393216K, used 0K [0x00000000e8000000, 0x0000000100000000, 0x0000000100000000)
 Metaspace       used 18048K, capacity 18400K, committed 18688K, reserved 1064960K
  class space    used 2036K, capacity 2196K, committed 2304K, reserved 1048576K
2017-05-18T02:08:49.816+0200: 2,371: [GC (Allocation Failure) 2017-05-18T02:08:49.816+0200: 2,371: [ParNew
Desired survivor size 20112992 bytes, new threshold 8 (max 8)
- age   1:   12559864 bytes,   12559864 total
: 87424K->12378K(109248K), 0,0157396 secs] 87424K->12378K(502464K), 0,0158199 secs] [Times: user=0,03 sys=0,02, real=0,02 secs] 
Heap after GC invocations=1 (full 0):
 par new generation   total 109248K, used 12378K [0x00000000e0000000, 0x00000000e8000000, 0x00000000e8000000)
  eden space 87424K,   0% used [0x00000000e0000000, 0x00000000e0000000, 0x00000000e5560000)
  from space 21824K,  56% used [0x00000000e6ab0000, 0x00000000e76c6948, 0x00000000e8000000)
  to   space 21824K,   0% used [0x00000000e5560000, 0x00000000e5560000, 0x00000000e6ab0000)
 concurrent mark-sweep generation total 393216K, used 0K [0x00000000e8000000, 0x0000000100000000, 0x0000000100000000)
 Metaspace       used 18048K, capacity 18400K, committed 18688K, reserved 1064960K
  class space    used 2036K, capacity 2196K, committed 2304K, reserved 1048576K
}
2017-05-18T02:08:49.832+0200: 2,387: Total time for which application threads were stopped: 0,0160721 seconds, Stopping threads took: 0,0000604 seconds
2017-05-18T02:08:50.182+0200: 2,737: Total time for which application threads were stopped: 0,0003198 seconds, Stopping threads took: 0,0000240 seconds
{Heap before GC invocations=1 (full 0):
 par new generation   total 109248K, used 99802K [0x00000000e0000000, 0x00000000e8000000, 0x00000000e8000000)
  eden space 87424K, 100% used [0x00000000e0000000, 0x00000000e5560000, 0x00000000e5560000)
  from space 21824K,  56% used [0x00000000e6ab0000, 0x00000000e76c6948, 0x00000000e8000000)
  to   space 21824K,   0% used [0x00000000e5560000, 0x00000000e5560000, 0x00000000e6ab0000)
 concurrent mark-sweep generation total 393216K, used 0K [0x00000000e8000000, 0x0000000100000000, 0x0000000100000000)
 Metaspace       used 20075K, capacity 20434K, committed 20736K, reserved 1067008K
  class space    used 2295K, capacity 2471K, committed 2560K, reserved 1048576K
2017-05-18T02:08:50.239+0200: 2,794: [GC (Allocation Failure) 2017-05-18T02:08:50.239+0200: 2,794: [ParNew
Desired survivor size 20112992 bytes, new threshold 8 (max 8)
- age   1:    3636680 bytes,    3636680 total
- age   2:    6649736 bytes,   10286416 total
: 99802K->15774K(109248K), 0,0178098 secs] 99802K->15774K(502464K), 0,0178782 secs] [Times: user=0,05 sys=0,01, real=0,02 secs] 
Heap after GC invocations=2 (full 0):
 par new generation   total 109248K, used 15774K [0x00000000e0000000, 0x00000000e8000000, 0x00000000e8000000)
  eden space 87424K,   0% used [0x00000000e0000000, 0x00000000e0000000, 0x00000000e5560000)
  from space 21824K,  72% used [0x00000000e5560000, 0x00000000e64c7980, 0x00000000e6ab0000)
  to   space 21824K,   0% used [0x00000000e6ab0000, 0x00000000e6ab0000, 0x00000000e8000000)
 concurrent mark-sweep generation total 393216K, used 0K [0x00000000e8000000, 0x0000000100000000, 0x0000000100000000)
 Metaspace       used 20075K, capacity 20434K, committed 20736K, reserved 1067008K
  class space    used 2295K, capacity 2471K, committed 2560K, reserved 1048576K
}
2017-05-18T02:08:50.257+0200: 2,812: Total time for which application threads were stopped: 0,0193294 seconds, Stopping threads took: 0,0013067 seconds
2017-05-18T02:08:50.261+0200: 2,816: Total time for which application threads were stopped: 0,0003063 seconds, Stopping threads took: 0,0000405 seconds
2017-05-18T02:08:50.285+0200: 2,840: Total time for which application threads were stopped: 0,0002909 seconds, Stopping threads took: 0,0000326 seconds
2017-05-18T02:08:50.390+0200: 2,945: Total time for which application threads were stopped: 0,0002032 seconds, Stopping threads took: 0,0000859 seconds
{Heap before GC invocations=2 (full 0):
 par new generation   total 109248K, used 103198K [0x00000000e0000000, 0x00000000e8000000, 0x00000000e8000000)
  eden space 87424K, 100% used [0x00000000e0000000, 0x00000000e5560000, 0x00000000e5560000)
  from space 21824K,  72% used [0x00000000e5560000, 0x00000000e64c7980, 0x00000000e6ab0000)
  to   space 21824K,   0% used [0x00000000e6ab0000, 0x00000000e6ab0000, 0x00000000e8000000)
 concurrent mark-sweep generation total 393216K, used 0K [0x00000000e8000000, 0x0000000100000000, 0x0000000100000000)
 Metaspace       used 20999K, capacity 21356K, committed 21628K, reserved 1069056K
  class space    used 2418K, capacity 2590K, committed 2684K, reserved 1048576K
2017-05-18T02:08:50.423+0200: 2,978: [GC (Allocation Failure) 2017-05-18T02:08:50.423+0200: 2,978: [ParNew
Desired survivor size 20112992 bytes, new threshold 8 (max 8)
- age   1:    2344456 bytes,    2344456 total
- age   2:     872136 bytes,    3216592 total
- age   3:    6645856 bytes,    9862448 total
: 103198K->12328K(109248K), 0,0149094 secs] 103198K->12328K(502464K), 0,0149957 secs] [Times: user=0,04 sys=0,00, real=0,01 secs] 
Heap after GC invocations=3 (full 0):
 par new generation   total 109248K, used 12328K [0x00000000e0000000, 0x00000000e8000000, 0x00000000e8000000)
  eden space 87424K,   0% used [0x00000000e0000000, 0x00000000e0000000, 0x00000000e5560000)
  from space 21824K,  56% used [0x00000000e6ab0000, 0x00000000e76ba158, 0x00000000e8000000)
  to   space 21824K,   0% used [0x00000000e5560000, 0x00000000e5560000, 0x00000000e6ab0000)
 concurrent mark-sweep generation total 393216K, used 0K [0x00000000e8000000, 0x0000000100000000, 0x0000000100000000)
 Metaspace       used 20999K, capacity 21356K, committed 21628K, reserved 1069056K
  class space    used 2418K, capacity 2590K, committed 2684K, reserved 1048576K
}
2017-05-18T02:08:50.438+0200: 2,993: Total time for which application threads were stopped: 0,0152260 seconds, Stopping threads took: 0,0000960 seconds
2017-05-18T02:08:50.439+0200: 2,993: [GC (CMS Initial Mark) [1 CMS-initial-mark: 0K(393216K)] 13033K(502464K), 0,0029360 secs] [Times: user=0,01 sys=0,00, real=0,00 secs] 
2017-05-18T02:08:50.442+0200: 2,996: Total time for which application threads were stopped: 0,0030708 seconds, Stopping threads took: 0,0000499 seconds
2017-05-18T02:08:50.442+0200: 2,996: [CMS-concurrent-mark-start]
2017-05-18T02:08:50.442+0200: 2,997: [CMS-concurrent-mark: 0,000/0,000 secs] [Times: user=0,00 sys=0,00, real=0,00 secs] 
2017-05-18T02:08:50.442+0200: 2,997: [CMS-concurrent-preclean-start]
2017-05-18T02:08:50.443+0200: 2,997: [CMS-concurrent-preclean: 0,001/0,001 secs] [Times: user=0,00 sys=0,00, real=0,01 secs] 
2017-05-18T02:08:50.443+0200: 2,998: [GC (CMS Final Remark) [YG occupancy: 14411 K (109248 K)]{Heap before GC invocations=3 (full 1):
 par new generation   total 109248K, used 14411K [0x00000000e0000000, 0x00000000e8000000, 0x00000000e8000000)
  eden space 87424K,   2% used [0x00000000e0000000, 0x00000000e0208db0, 0x00000000e5560000)
  from space 21824K,  56% used [0x00000000e6ab0000, 0x00000000e76ba158, 0x00000000e8000000)
  to   space 21824K,   0% used [0x00000000e5560000, 0x00000000e5560000, 0x00000000e6ab0000)
 concurrent mark-sweep generation total 393216K, used 0K [0x00000000e8000000, 0x0000000100000000, 0x0000000100000000)
 Metaspace       used 20999K, capacity 21356K, committed 21628K, reserved 1069056K
  class space    used 2418K, capacity 2590K, committed 2684K, reserved 1048576K
2017-05-18T02:08:50.443+0200: 2,998: [GC (CMS Final Remark) 2017-05-18T02:08:50.443+0200: 2,998: [ParNew
Desired survivor size 20112992 bytes, new threshold 8 (max 8)
- age   1:     118840 bytes,     118840 total
- age   2:    2197776 bytes,    2316616 total
- age   3:     872176 bytes,    3188792 total
- age   4:    6646120 bytes,    9834912 total
: 14411K->12516K(109248K), 0,0100850 secs] 14411K->12516K(502464K), 0,0101213 secs] [Times: user=0,03 sys=0,00, real=0,01 secs] 
Heap after GC invocations=4 (full 1):
 par new generation   total 109248K, used 12516K [0x00000000e0000000, 0x00000000e8000000, 0x00000000e8000000)
  eden space 87424K,   0% used [0x00000000e0000000, 0x00000000e0000000, 0x00000000e5560000)
  from space 21824K,  57% used [0x00000000e5560000, 0x00000000e6199090, 0x00000000e6ab0000)
  to   space 21824K,   0% used [0x00000000e6ab0000, 0x00000000e6ab0000, 0x00000000e8000000)
 concurrent mark-sweep generation total 393216K, used 0K [0x00000000e8000000, 0x0000000100000000, 0x0000000100000000)
 Metaspace       used 20999K, capacity 21356K, committed 21628K, reserved 1069056K
  class space    used 2418K, capacity 2590K, committed 2684K, reserved 1048576K
}
2017-05-18T02:08:50.453+0200: 3,008: [Rescan (parallel) , 0,0036935 secs]2017-05-18T02:08:50.457+0200: 3,011: [weak refs processing, 0,0014099 secs]2017-05-18T02:08:50.458+0200: 3,013: [class unloading, 0,0027149 secs]2017-05-18T02:08:50.461+0200: 3,016: [scrub symbol table, 0,0026146 secs]2017-05-18T02:08:50.463+0200: 3,018: [scrub string table, 0,0004015 secs][1 CMS-remark: 0K(393216K)] 12516K(502464K), 0,0215847 secs] [Times: user=0,06 sys=0,00, real=0,02 secs] 
2017-05-18T02:08:50.464+0200: 3,019: Total time for which application threads were stopped: 0,0217059 seconds, Stopping threads took: 0,0000437 seconds
2017-05-18T02:08:50.464+0200: 3,019: [CMS-concurrent-sweep-start]
2017-05-18T02:08:50.464+0200: 3,019: [CMS-concurrent-sweep: 0,000/0,000 secs] [Times: user=0,00 sys=0,00, real=0,00 secs] 
2017-05-18T02:08:50.464+0200: 3,019: [CMS-concurrent-reset-start]
2017-05-18T02:08:50.466+0200: 3,021: [CMS-concurrent-reset: 0,001/0,001 secs] [Times: user=0,00 sys=0,00, real=0,00 secs] 
{Heap before GC invocations=4 (full 1):
 par new generation   total 109248K, used 99940K [0x00000000e0000000, 0x00000000e8000000, 0x00000000e8000000)
  eden space 87424K, 100% used [0x00000000e0000000, 0x00000000e5560000, 0x00000000e5560000)
  from space 21824K,  57% used [0x00000000e5560000, 0x00000000e6199090, 0x00000000e6ab0000)
  to   space 21824K,   0% used [0x00000000e6ab0000, 0x00000000e6ab0000, 0x00000000e8000000)
 concurrent mark-sweep generation total 393216K, used 0K [0x00000000e8000000, 0x0000000100000000, 0x0000000100000000)
 Metaspace       used 21270K, capacity 21644K, committed 21884K, reserved 1069056K
  class space    used 2450K, capacity 2607K, committed 2684K, reserved 1048576K
2017-05-18T02:08:50.563+0200: 3,117: [GC (Allocation Failure) 2017-05-18T02:08:50.563+0200: 3,117: [ParNew
Desired survivor size 20112992 bytes, new threshold 8 (max 8)
- age   1:    1484816 bytes,    1484816 total
- age   3:    1448880 bytes,    2933696 total
- age   4:     836728 bytes,    3770424 total
- age   5:    6645928 bytes,   10416352 total
: 99940K->11375K(109248K), 0,0178403 secs] 99940K->11375K(502464K), 0,0179040 secs] [Times: user=0,05 sys=0,00, real=0,01 secs] 
Heap after GC invocations=5 (full 1):
 par new generation   total 109248K, used 11375K [0x00000000e0000000, 0x00000000e8000000, 0x00000000e8000000)
  eden space 87424K,   0% used [0x00000000e0000000, 0x00000000e0000000, 0x00000000e5560000)
  from space 21824K,  52% used [0x00000000e6ab0000, 0x00000000e75cbc80, 0x00000000e8000000)
  to   space 21824K,   0% used [0x00000000e5560000, 0x00000000e5560000, 0x00000000e6ab0000)
 concurrent mark-sweep generation total 393216K, used 0K [0x00000000e8000000, 0x0000000100000000, 0x0000000100000000)
 Metaspace       used 21270K, capacity 21644K, committed 21884K, reserved 1069056K
  class space    used 2450K, capacity 2607K, committed 2684K, reserved 1048576K
}
2017-05-18T02:08:50.581+0200: 3,135: Total time for which application threads were stopped: 0,0188186 seconds, Stopping threads took: 0,0007549 seconds
{Heap before GC invocations=5 (full 1):
 par new generation   total 109248K, used 98799K [0x00000000e0000000, 0x00000000e8000000, 0x00000000e8000000)
  eden space 87424K, 100% used [0x00000000e0000000, 0x00000000e5560000, 0x00000000e5560000)
  from space 21824K,  52% used [0x00000000e6ab0000, 0x00000000e75cbc80, 0x00000000e8000000)
  to   space 21824K,   0% used [0x00000000e5560000, 0x00000000e5560000, 0x00000000e6ab0000)
 concurrent mark-sweep generation total 393216K, used 0K [0x00000000e8000000, 0x0000000100000000, 0x0000000100000000)
 Metaspace       used 21427K, capacity 21816K, committed 21884K, reserved 1069056K
  class space    used 2469K, capacity 2641K, committed 2684K, reserved 1048576K
2017-05-18T02:08:50.654+0200: 3,209: [GC (Allocation Failure) 2017-05-18T02:08:50.654+0200: 3,209: [ParNew
Desired survivor size 20112992 bytes, new threshold 8 (max 8)
- age   1:     803184 bytes,     803184 total
- age   2:     193920 bytes,     997104 total
- age   4:    1448464 bytes,    2445568 total
- age   5:     836648 bytes,    3282216 total
- age   6:    6645936 bytes,    9928152 total
: 98799K->15839K(109248K), 0,0097421 secs] 98799K->15839K(502464K), 0,0098243 secs] [Times: user=0,04 sys=0,00, real=0,01 secs] 
Heap after GC invocations=6 (full 1):
 par new generation   total 109248K, used 15839K [0x00000000e0000000, 0x00000000e8000000, 0x00000000e8000000)
  eden space 87424K,   0% used [0x00000000e0000000, 0x00000000e0000000, 0x00000000e5560000)
  from space 21824K,  72% used [0x00000000e5560000, 0x00000000e64d7d00, 0x00000000e6ab0000)
  to   space 21824K,   0% used [0x00000000e6ab0000, 0x00000000e6ab0000, 0x00000000e8000000)
 concurrent mark-sweep generation total 393216K, used 0K [0x00000000e8000000, 0x0000000100000000, 0x0000000100000000)
 Metaspace       used 21427K, capacity 21816K, committed 21884K, reserved 1069056K
  class space    used 2469K, capacity 2641K, committed 2684K, reserved 1048576K
}
2017-05-18T02:08:50.664+0200: 3,219: Total time for which application threads were stopped: 0,0101003 seconds, Stopping threads took: 0,0001104 seconds
2017-05-18T02:08:50.695+0200: 3,250: Total time for which application threads were stopped: 0,0002977 seconds, Stopping threads took: 0,0000159 seconds
2017-05-18T02:08:50.942+0200: 3,497: Total time for which application threads were stopped: 0,0005031 seconds, Stopping threads took: 0,0000279 seconds
2017-05-18T02:08:50.956+0200: 3,511: Total time for which application threads were stopped: 0,0003981 seconds, Stopping threads took: 0,0000304 seconds
{Heap before GC invocations=6 (full 1):
 par new generation   total 109248K, used 103263K [0x00000000e0000000, 0x00000000e8000000, 0x00000000e8000000)
  eden space 87424K, 100% used [0x00000000e0000000, 0x00000000e5560000, 0x00000000e5560000)
  from space 21824K,  72% used [0x00000000e5560000, 0x00000000e64d7d00, 0x00000000e6ab0000)
  to   space 21824K,   0% used [0x00000000e6ab0000, 0x00000000e6ab0000, 0x00000000e8000000)
 concurrent mark-sweep generation total 393216K, used 0K [0x00000000e8000000, 0x0000000100000000, 0x0000000100000000)
 Metaspace       used 23929K, capacity 24410K, committed 24572K, reserved 1071104K
  class space    used 2820K, capacity 3016K, committed 3068K, reserved 1048576K
2017-05-18T02:08:51.134+0200: 3,689: [GC (Allocation Failure) 2017-05-18T02:08:51.134+0200: 3,689: [ParNew
Desired survivor size 20112992 bytes, new threshold 8 (max 8)
- age   1:    5087128 bytes,    5087128 total
- age   2:     121544 bytes,    5208672 total
- age   3:     192776 bytes,    5401448 total
- age   5:     279048 bytes,    5680496 total
- age   6:     812264 bytes,    6492760 total
- age   7:    6637576 bytes,   13130336 total
: 103263K->16402K(109248K), 0,0118087 secs] 103263K->16402K(502464K), 0,0118814 secs] [Times: user=0,04 sys=0,00, real=0,01 secs] 
Heap after GC invocations=7 (full 1):
 par new generation   total 109248K, used 16402K [0x00000000e0000000, 0x00000000e8000000, 0x00000000e8000000)
  eden space 87424K,   0% used [0x00000000e0000000, 0x00000000e0000000, 0x00000000e5560000)
  from space 21824K,  75% used [0x00000000e6ab0000, 0x00000000e7ab4be0, 0x00000000e8000000)
  to   space 21824K,   0% used [0x00000000e5560000, 0x00000000e5560000, 0x00000000e6ab0000)
 concurrent mark-sweep generation total 393216K, used 0K [0x00000000e8000000, 0x0000000100000000, 0x0000000100000000)
 Metaspace       used 23929K, capacity 24410K, committed 24572K, reserved 1071104K
  class space    used 2820K, capacity 3016K, committed 3068K, reserved 1048576K
}
2017-05-18T02:08:51.146+0200: 3,701: Total time for which application threads were stopped: 0,0121411 seconds, Stopping threads took: 0,0000593 seconds
{Heap before GC invocations=7 (full 1):
 par new generation   total 109248K, used 103826K [0x00000000e0000000, 0x00000000e8000000, 0x00000000e8000000)
  eden space 87424K, 100% used [0x00000000e0000000, 0x00000000e5560000, 0x00000000e5560000)
  from space 21824K,  75% used [0x00000000e6ab0000, 0x00000000e7ab4be0, 0x00000000e8000000)
  to   space 21824K,   0% used [0x00000000e5560000, 0x00000000e5560000, 0x00000000e6ab0000)
 concurrent mark-sweep generation total 393216K, used 0K [0x00000000e8000000, 0x0000000100000000, 0x0000000100000000)
 Metaspace       used 24243K, capacity 24720K, committed 24828K, reserved 1071104K
  class space    used 2846K, capacity 3052K, committed 3068K, reserved 1048576K
2017-05-18T02:08:51.254+0200: 3,809: [GC (Allocation Failure) 2017-05-18T02:08:51.254+0200: 3,809: [ParNew
Desired survivor size 20112992 bytes, new threshold 8 (max 8)
- age   1:    1560384 bytes,    1560384 total
- age   2:    1762872 bytes,    3323256 total
- age   3:      61920 bytes,    3385176 total
- age   4:     118216 bytes,    3503392 total
- age   6:     181704 bytes,    3685096 total
- age   7:     770064 bytes,    4455160 total
- age   8:    6104880 bytes,   10560040 total
: 103826K->16182K(109248K), 0,0193189 secs] 103826K->16182K(502464K), 0,0194059 secs] [Times: user=0,05 sys=0,00, real=0,02 secs] 
Heap after GC invocations=8 (full 1):
 par new generation   total 109248K, used 16182K [0x00000000e0000000, 0x00000000e8000000, 0x00000000e8000000)
  eden space 87424K,   0% used [0x00000000e0000000, 0x00000000e0000000, 0x00000000e5560000)
  from space 21824K,  74% used [0x00000000e5560000, 0x00000000e652db90, 0x00000000e6ab0000)
  to   space 21824K,   0% used [0x00000000e6ab0000, 0x00000000e6ab0000, 0x00000000e8000000)
 concurrent mark-sweep generation total 393216K, used 0K [0x00000000e8000000, 0x0000000100000000, 0x0000000100000000)
 Metaspace       used 24243K, capacity 24720K, committed 24828K, reserved 1071104K
  class space    used 2846K, capacity 3052K, committed 3068K, reserved 1048576K
}
2017-05-18T02:08:51.274+0200: 3,828: Total time for which application threads were stopped: 0,0236003 seconds, Stopping threads took: 0,0040081 seconds
{Heap before GC invocations=8 (full 1):
 par new generation   total 109248K, used 103606K [0x00000000e0000000, 0x00000000e8000000, 0x00000000e8000000)
  eden space 87424K, 100% used [0x00000000e0000000, 0x00000000e5560000, 0x00000000e5560000)
  from space 21824K,  74% used [0x00000000e5560000, 0x00000000e652db90, 0x00000000e6ab0000)
  to   space 21824K,   0% used [0x00000000e6ab0000, 0x00000000e6ab0000, 0x00000000e8000000)
 concurrent mark-sweep generation total 393216K, used 0K [0x00000000e8000000, 0x0000000100000000, 0x0000000100000000)
 Metaspace       used 24638K, capacity 25114K, committed 25340K, reserved 1071104K
  class space    used 2875K, capacity 3054K, committed 3068K, reserved 1048576K
2017-05-18T02:08:51.407+0200: 3,962: [GC (Allocation Failure) 2017-05-18T02:08:51.407+0200: 3,962: [ParNew
Desired survivor size 20112992 bytes, new threshold 8 (max 8)
- age   1:     816344 bytes,     816344 total
- age   2:     607120 bytes,    1423464 total
- age   3:    1740456 bytes,    3163920 total
- age   4:      61888 bytes,    3225808 total
- age   5:     118120 bytes,    3343928 total
- age   7:     178936 bytes,    3522864 total
- age   8:     769272 bytes,    4292136 total
: 103606K->5275K(109248K), 0,0335481 secs] 103606K->11319K(502464K), 0,0336215 secs] [Times: user=0,10 sys=0,01, real=0,03 secs] 
Heap after GC invocations=9 (full 1):
 par new generation   total 109248K, used 5275K [0x00000000e0000000, 0x00000000e8000000, 0x00000000e8000000)
  eden space 87424K,   0% used [0x00000000e0000000, 0x00000000e0000000, 0x00000000e5560000)
  from space 21824K,  24% used [0x00000000e6ab0000, 0x00000000e6fd6d00, 0x00000000e8000000)
  to   space 21824K,   0% used [0x00000000e5560000, 0x00000000e5560000, 0x00000000e6ab0000)
 concurrent mark-sweep generation total 393216K, used 6043K [0x00000000e8000000, 0x0000000100000000, 0x0000000100000000)
 Metaspace       used 24638K, capacity 25114K, committed 25340K, reserved 1071104K
  class space    used 2875K, capacity 3054K, committed 3068K, reserved 1048576K
}
2017-05-18T02:08:51.440+0200: 3,995: Total time for which application threads were stopped: 0,0338834 seconds, Stopping threads took: 0,0000977 seconds
2017-05-18T02:08:51.500+0200: 4,055: Total time for which application threads were stopped: 0,0021714 seconds, Stopping threads took: 0,0017635 seconds
2017-05-18T02:08:51.502+0200: 4,057: Total time for which application threads were stopped: 0,0002239 seconds, Stopping threads took: 0,0001167 seconds
2017-05-18T02:08:51.535+0200: 4,090: Total time for which application threads were stopped: 0,0011988 seconds, Stopping threads took: 0,0010316 seconds
2017-05-18T02:08:51.544+0200: 4,099: Total time for which application threads were stopped: 0,0065292 seconds, Stopping threads took: 0,0064233 seconds
2017-05-18T02:08:51.549+0200: 4,104: Total time for which application threads were stopped: 0,0003714 seconds, Stopping threads took: 0,0002757 seconds
2017-05-18T02:08:51.549+0200: 4,104: Total time for which application threads were stopped: 0,0000800 seconds, Stopping threads took: 0,0000121 seconds
2017-05-18T02:08:51.550+0200: 4,104: Total time for which application threads were stopped: 0,0000634 seconds, Stopping threads took: 0,0000110 seconds
2017-05-18T02:08:51.551+0200: 4,106: Total time for which application threads were stopped: 0,0001522 seconds, Stopping threads took: 0,0000407 seconds
2017-05-18T02:08:51.552+0200: 4,107: Total time for which application threads were stopped: 0,0004464 seconds, Stopping threads took: 0,0003943 seconds
2017-05-18T02:08:51.553+0200: 4,108: Total time for which application threads were stopped: 0,0006951 seconds, Stopping threads took: 0,0006327 seconds
2017-05-18T02:08:51.553+0200: 4,108: Total time for which application threads were stopped: 0,0000566 seconds, Stopping threads took: 0,0000111 seconds
2017-05-18T02:08:51.553+0200: 4,108: Total time for which application threads were stopped: 0,0000584 seconds, Stopping threads took: 0,0000258 seconds
2017-05-18T02:08:51.553+0200: 4,108: Total time for which application threads were stopped: 0,0000853 seconds, Stopping threads took: 0,0000276 seconds
2017-05-18T02:08:51.554+0200: 4,108: Total time for which application threads were stopped: 0,0000721 seconds, Stopping threads took: 0,0000205 seconds
2017-05-18T02:08:51.554+0200: 4,109: Total time for which application threads were stopped: 0,0000640 seconds, Stopping threads took: 0,0000071 seconds
2017-05-18T02:08:51.554+0200: 4,109: Total time for which application threads were stopped: 0,0000601 seconds, Stopping threads took: 0,0000064 seconds
2017-05-18T02:08:51.554+0200: 4,109: Total time for which application threads were stopped: 0,0000757 seconds, Stopping threads took: 0,0000057 seconds
2017-05-18T02:08:51.554+0200: 4,109: Total time for which application threads were stopped: 0,0000747 seconds, Stopping threads took: 0,0000098 seconds
2017-05-18T02:08:51.554+0200: 4,109: Total time for which application threads were stopped: 0,0000623 seconds, Stopping threads took: 0,0000078 seconds
2017-05-18T02:08:51.555+0200: 4,109: Total time for which application threads were stopped: 0,0000625 seconds, Stopping threads took: 0,0000071 seconds
2017-05-18T02:08:51.555+0200: 4,110: Total time for which application threads were stopped: 0,0001826 seconds, Stopping threads took: 0,0000065 seconds
2017-05-18T02:08:51.567+0200: 4,122: Total time for which application threads were stopped: 0,0001548 seconds, Stopping threads took: 0,0000381 seconds
2017-05-18T02:08:51.568+0200: 4,122: Total time for which application threads were stopped: 0,0000779 seconds, Stopping threads took: 0,0000083 seconds
2017-05-18T02:08:51.589+0200: 4,143: Total time for which application threads were stopped: 0,0017663 seconds, Stopping threads took: 0,0016308 seconds
2017-05-18T02:08:51.589+0200: 4,144: Total time for which application threads were stopped: 0,0000755 seconds, Stopping threads took: 0,0000113 seconds
2017-05-18T02:08:51.589+0200: 4,144: Total time for which application threads were stopped: 0,0000577 seconds, Stopping threads took: 0,0000058 seconds
2017-05-18T02:08:51.590+0200: 4,145: Total time for which application threads were stopped: 0,0006320 seconds, Stopping threads took: 0,0005777 seconds
2017-05-18T02:08:51.590+0200: 4,145: Total time for which application threads were stopped: 0,0000746 seconds, Stopping threads took: 0,0000361 seconds
2017-05-18T02:08:51.590+0200: 4,145: Total time for which application threads were stopped: 0,0000500 seconds, Stopping threads took: 0,0000167 seconds
2017-05-18T02:08:51.591+0200: 4,145: Total time for which application threads were stopped: 0,0000740 seconds, Stopping threads took: 0,0000248 seconds
2017-05-18T02:08:51.594+0200: 4,149: Total time for which application threads were stopped: 0,0034273 seconds, Stopping threads took: 0,0033502 seconds
2017-05-18T02:08:51.594+0200: 4,149: Total time for which application threads were stopped: 0,0000838 seconds, Stopping threads took: 0,0000261 seconds
2017-05-18T02:08:51.598+0200: 4,153: Total time for which application threads were stopped: 0,0003907 seconds, Stopping threads took: 0,0003011 seconds
2017-05-18T02:08:51.598+0200: 4,153: Total time for which application threads were stopped: 0,0001569 seconds, Stopping threads took: 0,0001134 seconds
2017-05-18T02:08:51.598+0200: 4,153: Total time for which application threads were stopped: 0,0000698 seconds, Stopping threads took: 0,0000227 seconds
2017-05-18T02:08:51.598+0200: 4,153: Total time for which application threads were stopped: 0,0000552 seconds, Stopping threads took: 0,0000094 seconds
2017-05-18T02:08:51.599+0200: 4,153: Total time for which application threads were stopped: 0,0000653 seconds, Stopping threads took: 0,0000108 seconds
2017-05-18T02:08:51.599+0200: 4,153: Total time for which application threads were stopped: 0,0000545 seconds, Stopping threads took: 0,0000081 seconds
2017-05-18T02:08:51.599+0200: 4,154: Total time for which application threads were stopped: 0,0000563 seconds, Stopping threads took: 0,0000093 seconds
2017-05-18T02:08:51.599+0200: 4,154: Total time for which application threads were stopped: 0,0000549 seconds, Stopping threads took: 0,0000079 seconds
2017-05-18T02:08:51.599+0200: 4,154: Total time for which application threads were stopped: 0,0001531 seconds, Stopping threads took: 0,0000076 seconds
2017-05-18T02:08:51.640+0200: 4,195: Total time for which application threads were stopped: 0,0010574 seconds, Stopping threads took: 0,0009521 seconds
2017-05-18T02:08:51.646+0200: 4,201: Total time for which application threads were stopped: 0,0016216 seconds, Stopping threads took: 0,0015306 seconds
2017-05-18T02:08:51.656+0200: 4,211: Total time for which application threads were stopped: 0,0010942 seconds, Stopping threads took: 0,0009383 seconds
2017-05-18T02:08:51.666+0200: 4,221: Total time for which application threads were stopped: 0,0032381 seconds, Stopping threads took: 0,0031122 seconds
2017-05-18T02:08:51.668+0200: 4,223: Total time for which application threads were stopped: 0,0001189 seconds, Stopping threads took: 0,0000266 seconds
2017-05-18T02:08:51.668+0200: 4,223: Total time for which application threads were stopped: 0,0001060 seconds, Stopping threads took: 0,0000246 seconds
2017-05-18T02:08:51.669+0200: 4,223: Total time for which application threads were stopped: 0,0000925 seconds, Stopping threads took: 0,0000285 seconds
2017-05-18T02:08:51.670+0200: 4,225: Total time for which application threads were stopped: 0,0001637 seconds, Stopping threads took: 0,0000319 seconds
2017-05-18T02:08:51.674+0200: 4,228: Total time for which application threads were stopped: 0,0001473 seconds, Stopping threads took: 0,0000696 seconds
2017-05-18T02:08:51.693+0200: 4,248: Total time for which application threads were stopped: 0,0001512 seconds, Stopping threads took: 0,0000403 seconds
2017-05-18T02:08:51.698+0200: 4,253: Total time for which application threads were stopped: 0,0036643 seconds, Stopping threads took: 0,0035470 seconds
2017-05-18T02:08:51.698+0200: 4,253: Total time for which application threads were stopped: 0,0000853 seconds, Stopping threads took: 0,0000147 seconds
2017-05-18T02:08:51.699+0200: 4,254: Total time for which application threads were stopped: 0,0001143 seconds, Stopping threads took: 0,0000311 seconds
2017-05-18T02:08:51.699+0200: 4,254: Total time for which application threads were stopped: 0,0000754 seconds, Stopping threads took: 0,0000204 seconds
2017-05-18T02:08:51.699+0200: 4,254: Total time for which application threads were stopped: 0,0000666 seconds, Stopping threads took: 0,0000172 seconds
2017-05-18T02:08:51.704+0200: 4,258: Total time for which application threads were stopped: 0,0012087 seconds, Stopping threads took: 0,0010816 seconds
2017-05-18T02:08:51.706+0200: 4,261: Total time for which application threads were stopped: 0,0001312 seconds, Stopping threads took: 0,0000449 seconds
2017-05-18T02:08:51.706+0200: 4,261: Total time for which application threads were stopped: 0,0000654 seconds, Stopping threads took: 0,0000194 seconds
2017-05-18T02:08:51.706+0200: 4,261: Total time for which application threads were stopped: 0,0000539 seconds, Stopping threads took: 0,0000155 seconds
2017-05-18T02:08:51.707+0200: 4,261: Total time for which application threads were stopped: 0,0001352 seconds, Stopping threads took: 0,0000190 seconds
2017-05-18T02:08:51.708+0200: 4,263: Total time for which application threads were stopped: 0,0001301 seconds, Stopping threads took: 0,0000479 seconds
2017-05-18T02:08:51.709+0200: 4,264: Total time for which application threads were stopped: 0,0001283 seconds, Stopping threads took: 0,0000452 seconds
2017-05-18T02:08:51.711+0200: 4,266: Total time for which application threads were stopped: 0,0001388 seconds, Stopping threads took: 0,0000387 seconds
2017-05-18T02:08:51.718+0200: 4,273: Total time for which application threads were stopped: 0,0001229 seconds, Stopping threads took: 0,0000391 seconds
2017-05-18T02:08:51.718+0200: 4,273: Total time for which application threads were stopped: 0,0000692 seconds, Stopping threads took: 0,0000195 seconds
2017-05-18T02:08:51.718+0200: 4,273: Total time for which application threads were stopped: 0,0000639 seconds, Stopping threads took: 0,0000182 seconds
2017-05-18T02:08:51.725+0200: 4,280: Total time for which application threads were stopped: 0,0001523 seconds, Stopping threads took: 0,0000475 seconds
2017-05-18T02:08:51.739+0200: 4,293: Total time for which application threads were stopped: 0,0001640 seconds, Stopping threads took: 0,0000453 seconds
2017-05-18T02:08:51.740+0200: 4,295: Total time for which application threads were stopped: 0,0001407 seconds, Stopping threads took: 0,0000531 seconds
2017-05-18T02:08:51.746+0200: 4,301: Total time for which application threads were stopped: 0,0001956 seconds, Stopping threads took: 0,0001054 seconds
2017-05-18T02:08:51.746+0200: 4,301: Total time for which application threads were stopped: 0,0000646 seconds, Stopping threads took: 0,0000190 seconds
2017-05-18T02:08:51.748+0200: 4,303: Total time for which application threads were stopped: 0,0001286 seconds, Stopping threads took: 0,0000439 seconds
2017-05-18T02:08:51.748+0200: 4,303: Total time for which application threads were stopped: 0,0000882 seconds, Stopping threads took: 0,0000348 seconds
2017-05-18T02:08:51.764+0200: 4,319: Total time for which application threads were stopped: 0,0001065 seconds, Stopping threads took: 0,0000346 seconds
2017-05-18T02:08:51.764+0200: 4,319: Total time for which application threads were stopped: 0,0001130 seconds, Stopping threads took: 0,0000233 seconds
2017-05-18T02:08:51.765+0200: 4,320: Total time for which application threads were stopped: 0,0000872 seconds, Stopping threads took: 0,0000274 seconds
2017-05-18T02:08:51.773+0200: 4,328: Total time for which application threads were stopped: 0,0001589 seconds, Stopping threads took: 0,0000570 seconds
2017-05-18T02:08:51.777+0200: 4,331: Total time for which application threads were stopped: 0,0004423 seconds, Stopping threads took: 0,0003554 seconds
2017-05-18T02:08:51.782+0200: 4,337: Total time for which application threads were stopped: 0,0000951 seconds, Stopping threads took: 0,0000354 seconds
2017-05-18T02:08:51.786+0200: 4,341: Total time for which application threads were stopped: 0,0001178 seconds, Stopping threads took: 0,0000346 seconds
2017-05-18T02:08:51.787+0200: 4,341: Total time for which application threads were stopped: 0,0000972 seconds, Stopping threads took: 0,0000254 seconds
2017-05-18T02:08:51.789+0200: 4,344: Total time for which application threads were stopped: 0,0003913 seconds, Stopping threads took: 0,0000203 seconds
2017-05-18T02:08:51.809+0200: 4,364: Total time for which application threads were stopped: 0,0001067 seconds, Stopping threads took: 0,0000402 seconds
2017-05-18T02:08:51.819+0200: 4,374: Total time for which application threads were stopped: 0,0001589 seconds, Stopping threads took: 0,0000585 seconds
2017-05-18T02:08:51.833+0200: 4,387: Total time for which application threads were stopped: 0,0006948 seconds, Stopping threads took: 0,0002045 seconds
2017-05-18T02:08:51.833+0200: 4,388: Total time for which application threads were stopped: 0,0001085 seconds, Stopping threads took: 0,0000186 seconds
2017-05-18T02:08:51.903+0200: 4,457: Total time for which application threads were stopped: 0,0004538 seconds, Stopping threads took: 0,0000204 seconds
2017-05-18T02:08:51.953+0200: 4,508: Total time for which application threads were stopped: 0,0007264 seconds, Stopping threads took: 0,0000305 seconds
2017-05-18T02:08:52.105+0200: 4,660: Total time for which application threads were stopped: 0,0052243 seconds, Stopping threads took: 0,0050822 seconds
2017-05-18T02:08:52.221+0200: 4,776: Total time for which application threads were stopped: 0,0071174 seconds, Stopping threads took: 0,0065832 seconds
2017-05-18T02:08:52.316+0200: 4,871: Total time for which application threads were stopped: 0,0097701 seconds, Stopping threads took: 0,0095371 seconds
2017-05-18T02:08:52.398+0200: 4,953: Total time for which application threads were stopped: 0,0024736 seconds, Stopping threads took: 0,0023073 seconds
2017-05-18T02:08:52.403+0200: 4,958: Total time for which application threads were stopped: 0,0017402 seconds, Stopping threads took: 0,0016083 seconds
2017-05-18T02:08:52.407+0200: 4,962: Total time for which application threads were stopped: 0,0001412 seconds, Stopping threads took: 0,0000380 seconds
2017-05-18T02:08:52.408+0200: 4,963: Total time for which application threads were stopped: 0,0001302 seconds, Stopping threads took: 0,0000353 seconds
2017-05-18T02:08:52.434+0200: 4,989: Total time for which application threads were stopped: 0,0013646 seconds, Stopping threads took: 0,0011998 seconds
2017-05-18T02:08:52.471+0200: 5,026: Total time for which application threads were stopped: 0,0001412 seconds, Stopping threads took: 0,0000246 seconds
2017-05-18T02:08:52.500+0200: 5,055: Total time for which application threads were stopped: 0,0001586 seconds, Stopping threads took: 0,0000565 seconds
2017-05-18T02:08:52.517+0200: 5,072: Total time for which application threads were stopped: 0,0001119 seconds, Stopping threads took: 0,0000337 seconds
2017-05-18T02:08:52.518+0200: 5,073: Total time for which application threads were stopped: 0,0004685 seconds, Stopping threads took: 0,0000158 seconds
2017-05-18T02:08:53.518+0200: 6,073: Total time for which application threads were stopped: 0,0000862 seconds, Stopping threads took: 0,0000190 seconds
{Heap before GC invocations=9 (full 1):
 par new generation   total 109248K, used 92699K [0x00000000e0000000, 0x00000000e8000000, 0x00000000e8000000)
  eden space 87424K, 100% used [0x00000000e0000000, 0x00000000e5560000, 0x00000000e5560000)
  from space 21824K,  24% used [0x00000000e6ab0000, 0x00000000e6fd6d00, 0x00000000e8000000)
  to   space 21824K,   0% used [0x00000000e5560000, 0x00000000e5560000, 0x00000000e6ab0000)
 concurrent mark-sweep generation total 393216K, used 6043K [0x00000000e8000000, 0x0000000100000000, 0x0000000100000000)
 Metaspace       used 28085K, capacity 28568K, committed 28796K, reserved 1075200K
  class space    used 3214K, capacity 3391K, committed 3452K, reserved 1048576K
2017-05-18T02:08:54.588+0200: 7,142: [GC (Allocation Failure) 2017-05-18T02:08:54.588+0200: 7,142: [ParNew
Desired survivor size 20112992 bytes, new threshold 8 (max 8)
- age   1:   10892000 bytes,   10892000 total
- age   2:     504112 bytes,   11396112 total
- age   3:     216968 bytes,   11613080 total
- age   4:    1734144 bytes,   13347224 total
- age   5:      61856 bytes,   13409080 total
- age   6:     115384 bytes,   13524464 total
- age   8:     178344 bytes,   13702808 total
: 92699K->15819K(109248K), 0,0601617 secs] 98743K->22693K(502464K), 0,0602393 secs] [Times: user=0,05 sys=0,00, real=0,06 secs] 
Heap after GC invocations=10 (full 1):
 par new generation   total 109248K, used 15819K [0x00000000e0000000, 0x00000000e8000000, 0x00000000e8000000)
  eden space 87424K,   0% used [0x00000000e0000000, 0x00000000e0000000, 0x00000000e5560000)
  from space 21824K,  72% used [0x00000000e5560000, 0x00000000e64d2e20, 0x00000000e6ab0000)
  to   space 21824K,   0% used [0x00000000e6ab0000, 0x00000000e6ab0000, 0x00000000e8000000)
 concurrent mark-sweep generation total 393216K, used 6874K [0x00000000e8000000, 0x0000000100000000, 0x0000000100000000)
 Metaspace       used 28085K, capacity 28568K, committed 28796K, reserved 1075200K
  class space    used 3214K, capacity 3391K, committed 3452K, reserved 1048576K
}
2017-05-18T02:08:54.648+0200: 7,203: Total time for which application threads were stopped: 0,0604501 seconds, Stopping threads took: 0,0000184 seconds
2017-05-18T02:08:54.651+0200: 7,205: Total time for which application threads were stopped: 0,0000712 seconds, Stopping threads took: 0,0000150 seconds
2017-05-18T02:08:54.651+0200: 7,206: Total time for which application threads were stopped: 0,0000451 seconds, Stopping threads took: 0,0000090 seconds
2017-05-18T02:10:44.667+0200: 117,222: Total time for which application threads were stopped: 0,0000843 seconds, Stopping threads took: 0,0000344 seconds
2017-05-18T02:10:49.668+0200: 122,223: Total time for which application threads were stopped: 0,0000975 seconds, Stopping threads took: 0,0000234 seconds
2017-05-18T02:11:19.672+0200: 152,226: Total time for which application threads were stopped: 0,0000810 seconds, Stopping threads took: 0,0000330 seconds
2017-05-18T02:11:28.673+0200: 161,228: Total time for which application threads were stopped: 0,0003676 seconds, Stopping threads took: 0,0001452 seconds
2017-05-18T02:11:38.674+0200: 171,229: Total time for which application threads were stopped: 0,0000858 seconds, Stopping threads took: 0,0000361 seconds
2017-05-18T02:11:48.675+0200: 181,230: Total time for which application threads were stopped: 0,0000655 seconds, Stopping threads took: 0,0000166 seconds
2017-05-18T02:13:23.685+0200: 276,240: Total time for which application threads were stopped: 0,0001230 seconds, Stopping threads took: 0,0000384 seconds
2017-05-18T02:32:13.829+0200: 1406,384: Total time for which application threads were stopped: 0,0000798 seconds, Stopping threads took: 0,0000307 seconds
2017-05-18T02:37:38.871+0200: 1731,426: Total time for which application threads were stopped: 0,0000912 seconds, Stopping threads took: 0,0000372 seconds
2017-05-18T02:47:09.933+0200: 2302,488: Total time for which application threads were stopped: 0,0000894 seconds, Stopping threads took: 0,0000357 seconds
2017-05-18T02:47:13.934+0200: 2306,489: Total time for which application threads were stopped: 0,0001112 seconds, Stopping threads took: 0,0000179 seconds
2017-05-18T02:48:44.946+0200: 2397,501: Total time for which application threads were stopped: 0,0001726 seconds, Stopping threads took: 0,0000658 seconds
2017-05-18T03:02:05.053+0200: 3197,608: Total time for which application threads were stopped: 0,0000752 seconds, Stopping threads took: 0,0000278 seconds
2017-05-18T03:12:24.136+0200: 3816,690: Total time for which application threads were stopped: 0,0000811 seconds, Stopping threads took: 0,0000332 seconds
2017-05-18T03:12:39.138+0200: 3831,693: Total time for which application threads were stopped: 0,0000642 seconds, Stopping threads took: 0,0000152 seconds
2017-05-18T03:27:20.256+0200: 4712,811: Total time for which application threads were stopped: 0,0000954 seconds, Stopping threads took: 0,0000383 seconds
2017-05-18T03:53:10.460+0200: 6263,015: Total time for which application threads were stopped: 0,0001613 seconds, Stopping threads took: 0,0000584 seconds
2017-05-18T03:54:58.051+0200: 6370,606: Total time for which application threads were stopped: 0,0061388 seconds, Stopping threads took: 0,0060671 seconds
2017-05-18T03:54:58.052+0200: 6370,607: Total time for which application threads were stopped: 0,0001618 seconds, Stopping threads took: 0,0000749 seconds
2017-05-18T03:54:58.052+0200: 6370,607: Total time for which application threads were stopped: 0,0000846 seconds, Stopping threads took: 0,0000416 seconds
2017-05-18T03:54:58.055+0200: 6370,609: Total time for which application threads were stopped: 0,0001057 seconds, Stopping threads took: 0,0000235 seconds
2017-05-18T03:54:58.055+0200: 6370,610: Total time for which application threads were stopped: 0,0000876 seconds, Stopping threads took: 0,0000301 seconds
2017-05-18T03:54:58.055+0200: 6370,610: Total time for which application threads were stopped: 0,0000796 seconds, Stopping threads took: 0,0000232 seconds
2017-05-18T03:54:58.055+0200: 6370,610: Total time for which application threads were stopped: 0,0000614 seconds, Stopping threads took: 0,0000113 seconds
2017-05-18T03:54:58.055+0200: 6370,610: Total time for which application threads were stopped: 0,0000576 seconds, Stopping threads took: 0,0000102 seconds
2017-05-18T03:54:58.055+0200: 6370,610: Total time for which application threads were stopped: 0,0000634 seconds, Stopping threads took: 0,0000210 seconds
2017-05-18T03:54:58.056+0200: 6370,610: Total time for which application threads were stopped: 0,0000569 seconds, Stopping threads took: 0,0000168 seconds
2017-05-18T03:54:58.056+0200: 6370,610: Total time for which application threads were stopped: 0,0000586 seconds, Stopping threads took: 0,0000187 seconds
2017-05-18T03:54:58.056+0200: 6370,611: Total time for which application threads were stopped: 0,0000568 seconds, Stopping threads took: 0,0000184 seconds
2017-05-18T03:54:58.056+0200: 6370,611: Total time for which application threads were stopped: 0,0001399 seconds, Stopping threads took: 0,0000720 seconds
2017-05-18T03:54:58.057+0200: 6370,612: Total time for which application threads were stopped: 0,0000763 seconds, Stopping threads took: 0,0000257 seconds
2017-05-18T03:54:58.057+0200: 6370,612: Total time for which application threads were stopped: 0,0000523 seconds, Stopping threads took: 0,0000179 seconds
2017-05-18T03:54:58.057+0200: 6370,612: Total time for which application threads were stopped: 0,0000649 seconds, Stopping threads took: 0,0000321 seconds
2017-05-18T03:54:58.057+0200: 6370,612: Total time for which application threads were stopped: 0,0000523 seconds, Stopping threads took: 0,0000224 seconds
2017-05-18T03:54:58.057+0200: 6370,612: Total time for which application threads were stopped: 0,0000544 seconds, Stopping threads took: 0,0000253 seconds
2017-05-18T03:54:58.057+0200: 6370,612: Total time for which application threads were stopped: 0,0000400 seconds, Stopping threads took: 0,0000137 seconds
2017-05-18T03:54:58.057+0200: 6370,612: Total time for which application threads were stopped: 0,0000411 seconds, Stopping threads took: 0,0000165 seconds
2017-05-18T03:54:58.082+0200: 6370,637: Total time for which application threads were stopped: 0,0236460 seconds, Stopping threads took: 0,0235340 seconds
2017-05-18T03:54:58.098+0200: 6370,653: Total time for which application threads were stopped: 0,0000792 seconds, Stopping threads took: 0,0000142 seconds
2017-05-18T03:54:58.098+0200: 6370,653: Total time for which application threads were stopped: 0,0000540 seconds, Stopping threads took: 0,0000076 seconds
2017-05-18T03:54:58.098+0200: 6370,653: Total time for which application threads were stopped: 0,0000361 seconds, Stopping threads took: 0,0000049 seconds
2017-05-18T03:54:58.098+0200: 6370,653: Total time for which application threads were stopped: 0,0000447 seconds, Stopping threads took: 0,0000049 seconds
2017-05-18T03:54:58.098+0200: 6370,653: Total time for which application threads were stopped: 0,0000373 seconds, Stopping threads took: 0,0000061 seconds
2017-05-18T03:54:58.098+0200: 6370,653: Total time for which application threads were stopped: 0,0000344 seconds, Stopping threads took: 0,0000044 seconds
2017-05-18T03:54:58.098+0200: 6370,653: Total time for which application threads were stopped: 0,0000348 seconds, Stopping threads took: 0,0000052 seconds
2017-05-18T03:54:58.098+0200: 6370,653: Total time for which application threads were stopped: 0,0000362 seconds, Stopping threads took: 0,0000049 seconds
2017-05-18T03:54:58.099+0200: 6370,653: Total time for which application threads were stopped: 0,0000342 seconds, Stopping threads took: 0,0000054 seconds
2017-05-18T03:54:58.099+0200: 6370,653: Total time for which application threads were stopped: 0,0000338 seconds, Stopping threads took: 0,0000050 seconds
2017-05-18T03:54:58.118+0200: 6370,673: Total time for which application threads were stopped: 0,0001165 seconds, Stopping threads took: 0,0000207 seconds
2017-05-18T03:54:58.119+0200: 6370,674: Total time for which application threads were stopped: 0,0000833 seconds, Stopping threads took: 0,0000168 seconds
2017-05-18T03:54:58.120+0200: 6370,675: Total time for which application threads were stopped: 0,0001039 seconds, Stopping threads took: 0,0000301 seconds
2017-05-18T03:54:58.124+0200: 6370,679: Total time for which application threads were stopped: 0,0001257 seconds, Stopping threads took: 0,0000357 seconds
2017-05-18T03:54:58.132+0200: 6370,687: Total time for which application threads were stopped: 0,0001187 seconds, Stopping threads took: 0,0000386 seconds
2017-05-18T03:54:58.133+0200: 6370,688: Total time for which application threads were stopped: 0,0000848 seconds, Stopping threads took: 0,0000293 seconds
2017-05-18T03:54:58.133+0200: 6370,688: Total time for which application threads were stopped: 0,0000535 seconds, Stopping threads took: 0,0000180 seconds
2017-05-18T03:54:58.133+0200: 6370,688: Total time for which application threads were stopped: 0,0000463 seconds, Stopping threads took: 0,0000129 seconds
2017-05-18T03:54:58.136+0200: 6370,691: Total time for which application threads were stopped: 0,0001402 seconds, Stopping threads took: 0,0000659 seconds
2017-05-18T03:54:58.136+0200: 6370,691: Total time for which application threads were stopped: 0,0000565 seconds, Stopping threads took: 0,0000124 seconds
2017-05-18T03:54:58.136+0200: 6370,691: Total time for which application threads were stopped: 0,0000363 seconds, Stopping threads took: 0,0000056 seconds
2017-05-18T03:54:58.136+0200: 6370,691: Total time for which application threads were stopped: 0,0000424 seconds, Stopping threads took: 0,0000063 seconds
2017-05-18T03:54:58.153+0200: 6370,708: Total time for which application threads were stopped: 0,0028108 seconds, Stopping threads took: 0,0027211 seconds
2017-05-18T03:54:58.153+0200: 6370,708: Total time for which application threads were stopped: 0,0000536 seconds, Stopping threads took: 0,0000108 seconds
2017-05-18T03:54:58.153+0200: 6370,708: Total time for which application threads were stopped: 0,0000753 seconds, Stopping threads took: 0,0000247 seconds
2017-05-18T03:54:58.169+0200: 6370,723: Total time for which application threads were stopped: 0,0095688 seconds, Stopping threads took: 0,0094859 seconds
2017-05-18T03:54:58.169+0200: 6370,724: Total time for which application threads were stopped: 0,0000478 seconds, Stopping threads took: 0,0000117 seconds
2017-05-18T03:54:58.169+0200: 6370,724: Total time for which application threads were stopped: 0,0000347 seconds, Stopping threads took: 0,0000050 seconds
2017-05-18T03:54:58.169+0200: 6370,724: Total time for which application threads were stopped: 0,0000807 seconds, Stopping threads took: 0,0000253 seconds
2017-05-18T03:54:58.169+0200: 6370,724: Total time for which application threads were stopped: 0,0000655 seconds, Stopping threads took: 0,0000266 seconds
2017-05-18T03:54:58.173+0200: 6370,728: Total time for which application threads were stopped: 0,0000909 seconds, Stopping threads took: 0,0000286 seconds
2017-05-18T03:54:58.174+0200: 6370,728: Total time for which application threads were stopped: 0,0000389 seconds, Stopping threads took: 0,0000064 seconds
2017-05-18T03:54:58.174+0200: 6370,729: Total time for which application threads were stopped: 0,0000341 seconds, Stopping threads took: 0,0000051 seconds
2017-05-18T03:54:58.174+0200: 6370,729: Total time for which application threads were stopped: 0,0000396 seconds, Stopping threads took: 0,0000105 seconds
2017-05-18T03:54:58.174+0200: 6370,729: Total time for which application threads were stopped: 0,0000865 seconds, Stopping threads took: 0,0000258 seconds
2017-05-18T03:54:58.174+0200: 6370,729: Total time for which application threads were stopped: 0,0000414 seconds, Stopping threads took: 0,0000060 seconds
2017-05-18T03:54:58.175+0200: 6370,729: Total time for which application threads were stopped: 0,0001564 seconds, Stopping threads took: 0,0000049 seconds
2017-05-18T03:54:58.183+0200: 6370,738: Total time for which application threads were stopped: 0,0001444 seconds, Stopping threads took: 0,0000254 seconds
2017-05-18T03:54:58.188+0200: 6370,743: Total time for which application threads were stopped: 0,0005196 seconds, Stopping threads took: 0,0004540 seconds
2017-05-18T03:54:58.188+0200: 6370,743: Total time for which application threads were stopped: 0,0001267 seconds, Stopping threads took: 0,0000178 seconds
Heap
 par new generation   total 109248K, used 41407K [0x00000000e0000000, 0x00000000e8000000, 0x00000000e8000000)
  eden space 87424K,  29% used [0x00000000e0000000, 0x00000000e18fd130, 0x00000000e5560000)
  from space 21824K,  72% used [0x00000000e5560000, 0x00000000e64d2e20, 0x00000000e6ab0000)
  to   space 21824K,   0% used [0x00000000e6ab0000, 0x00000000e6ab0000, 0x00000000e8000000)
 concurrent mark-sweep generation total 393216K, used 6874K [0x00000000e8000000, 0x0000000100000000, 0x0000000100000000)
 Metaspace       used 28219K, capacity 28738K, committed 29052K, reserved 1075200K
  class space    used 3228K, capacity 3426K, committed 3452K, reserved 1048576K
