OpenJDK 64-Bit Server VM (25.131-b11) for linux-amd64 JRE (1.8.0_131-8u131-b11-0ubuntu1.16.04.2-b11), built on May  6 2017 02:45:27 by "buildd" with gcc 5.4.0 20160609
Memory: 4k page, physical 7867740k(7409816k free), swap 8076284k(8076284k free)
CommandLine flags: -XX:CMSInitiatingOccupancyFraction=50 -XX:CMSMaxAbortablePrecleanTime=6000 -XX:+CMSParallelRemarkEnabled -XX:+CMSScavengeBeforeRemark -XX:ConcGCThreads=4 -XX:InitialHeapSize=536870912 -XX:MaxHeapSize=536870912 -XX:MaxTenuringThreshold=8 -XX:NewRatio=3 -XX:OldPLABSize=16 -XX:OnOutOfMemoryError=/opt/solr/bin/oom_solr.sh 8983 /var/solr/logs -XX:ParallelGCThreads=4 -XX:+ParallelRefProcEnabled -XX:PretenureSizeThreshold=67108864 -XX:+PrintGC -XX:+PrintGCApplicationStoppedTime -XX:+PrintGCDateStamps -XX:+PrintGCDetails -XX:+PrintGCTimeStamps -XX:+PrintHeapAtGC -XX:+PrintTenuringDistribution -XX:SurvivorRatio=4 -XX:TargetSurvivorRatio=90 -XX:ThreadStackSize=256 -XX:+UseCMSInitiatingOccupancyOnly -XX:+UseCompressedClassPointers -XX:+UseCompressedOops -XX:+UseConcMarkSweepGC -XX:+UseParNewGC 
2017-06-19T09:32:49.947+0200: 0,176: Total time for which application threads were stopped: 0,0000766 seconds, Stopping threads took: 0,0000100 seconds
2017-06-19T09:32:50.049+0200: 0,278: Total time for which application threads were stopped: 0,0001166 seconds, Stopping threads took: 0,0000286 seconds
2017-06-19T09:32:50.067+0200: 0,296: Total time for which application threads were stopped: 0,0000926 seconds, Stopping threads took: 0,0000156 seconds
2017-06-19T09:32:50.289+0200: 0,518: Total time for which application threads were stopped: 0,0001624 seconds, Stopping threads took: 0,0000304 seconds
2017-06-19T09:32:50.843+0200: 1,071: Total time for which application threads were stopped: 0,0001699 seconds, Stopping threads took: 0,0000165 seconds
2017-06-19T09:32:50.987+0200: 1,215: Total time for which application threads were stopped: 0,0002148 seconds, Stopping threads took: 0,0000184 seconds
2017-06-19T09:32:51.043+0200: 1,271: Total time for which application threads were stopped: 0,0001937 seconds, Stopping threads took: 0,0000246 seconds
2017-06-19T09:32:51.379+0200: 1,608: Total time for which application threads were stopped: 0,0002080 seconds, Stopping threads took: 0,0000213 seconds
2017-06-19T09:32:51.603+0200: 1,831: Total time for which application threads were stopped: 0,0002074 seconds, Stopping threads took: 0,0000161 seconds
2017-06-19T09:32:51.626+0200: 1,854: Total time for which application threads were stopped: 0,0001766 seconds, Stopping threads took: 0,0000166 seconds
2017-06-19T09:32:51.651+0200: 1,879: Total time for which application threads were stopped: 0,0002246 seconds, Stopping threads took: 0,0000220 seconds
2017-06-19T09:32:51.652+0200: 1,880: Total time for which application threads were stopped: 0,0001883 seconds, Stopping threads took: 0,0000170 seconds
2017-06-19T09:32:51.664+0200: 1,893: Total time for which application threads were stopped: 0,0001607 seconds, Stopping threads took: 0,0000121 seconds
2017-06-19T09:32:51.733+0200: 1,961: Total time for which application threads were stopped: 0,0002044 seconds, Stopping threads took: 0,0000178 seconds
2017-06-19T09:32:51.911+0200: 2,139: Total time for which application threads were stopped: 0,0029101 seconds, Stopping threads took: 0,0026996 seconds
{Heap before GC invocations=0 (full 0):
 par new generation   total 109248K, used 87424K [0x00000000e0000000, 0x00000000e8000000, 0x00000000e8000000)
  eden space 87424K, 100% used [0x00000000e0000000, 0x00000000e5560000, 0x00000000e5560000)
  from space 21824K,   0% used [0x00000000e5560000, 0x00000000e5560000, 0x00000000e6ab0000)
  to   space 21824K,   0% used [0x00000000e6ab0000, 0x00000000e6ab0000, 0x00000000e8000000)
 concurrent mark-sweep generation total 393216K, used 0K [0x00000000e8000000, 0x0000000100000000, 0x0000000100000000)
 Metaspace       used 18002K, capacity 18336K, committed 18688K, reserved 1064960K
  class space    used 2036K, capacity 2196K, committed 2304K, reserved 1048576K
2017-06-19T09:32:51.996+0200: 2,224: [GC (Allocation Failure) 2017-06-19T09:32:51.996+0200: 2,224: [ParNew
Desired survivor size 20112992 bytes, new threshold 8 (max 8)
- age   1:   12609040 bytes,   12609040 total
- age   2:         16 bytes,   12609056 total
: 87424K->12428K(109248K), 0,0188795 secs] 87424K->12428K(502464K), 0,0189693 secs] [Times: user=0,04 sys=0,02, real=0,02 secs] 
Heap after GC invocations=1 (full 0):
 par new generation   total 109248K, used 12428K [0x00000000e0000000, 0x00000000e8000000, 0x00000000e8000000)
  eden space 87424K,   0% used [0x00000000e0000000, 0x00000000e0000000, 0x00000000e5560000)
  from space 21824K,  56% used [0x00000000e6ab0000, 0x00000000e76d3078, 0x00000000e8000000)
  to   space 21824K,   0% used [0x00000000e5560000, 0x00000000e5560000, 0x00000000e6ab0000)
 concurrent mark-sweep generation total 393216K, used 0K [0x00000000e8000000, 0x0000000100000000, 0x0000000100000000)
 Metaspace       used 18002K, capacity 18336K, committed 18688K, reserved 1064960K
  class space    used 2036K, capacity 2196K, committed 2304K, reserved 1048576K
}
2017-06-19T09:32:52.015+0200: 2,243: Total time for which application threads were stopped: 0,0192439 seconds, Stopping threads took: 0,0000278 seconds
2017-06-19T09:32:52.290+0200: 2,519: Total time for which application threads were stopped: 0,0003048 seconds, Stopping threads took: 0,0000563 seconds
{Heap before GC invocations=1 (full 0):
 par new generation   total 109248K, used 99852K [0x00000000e0000000, 0x00000000e8000000, 0x00000000e8000000)
  eden space 87424K, 100% used [0x00000000e0000000, 0x00000000e5560000, 0x00000000e5560000)
  from space 21824K,  56% used [0x00000000e6ab0000, 0x00000000e76d3078, 0x00000000e8000000)
  to   space 21824K,   0% used [0x00000000e5560000, 0x00000000e5560000, 0x00000000e6ab0000)
 concurrent mark-sweep generation total 393216K, used 0K [0x00000000e8000000, 0x0000000100000000, 0x0000000100000000)
 Metaspace       used 20035K, capacity 20356K, committed 20736K, reserved 1067008K
  class space    used 2292K, capacity 2466K, committed 2560K, reserved 1048576K
2017-06-19T09:32:52.337+0200: 2,566: [GC (Allocation Failure) 2017-06-19T09:32:52.337+0200: 2,566: [ParNew
Desired survivor size 20112992 bytes, new threshold 8 (max 8)
- age   1:    3741272 bytes,    3741272 total
- age   2:    6677272 bytes,   10418544 total
- age   3:         16 bytes,   10418560 total
: 99852K->15642K(109248K), 0,0098746 secs] 99852K->15642K(502464K), 0,0099525 secs] [Times: user=0,04 sys=0,01, real=0,01 secs] 
Heap after GC invocations=2 (full 0):
 par new generation   total 109248K, used 15642K [0x00000000e0000000, 0x00000000e8000000, 0x00000000e8000000)
  eden space 87424K,   0% used [0x00000000e0000000, 0x00000000e0000000, 0x00000000e5560000)
  from space 21824K,  71% used [0x00000000e5560000, 0x00000000e64a6b00, 0x00000000e6ab0000)
  to   space 21824K,   0% used [0x00000000e6ab0000, 0x00000000e6ab0000, 0x00000000e8000000)
 concurrent mark-sweep generation total 393216K, used 0K [0x00000000e8000000, 0x0000000100000000, 0x0000000100000000)
 Metaspace       used 20035K, capacity 20356K, committed 20736K, reserved 1067008K
  class space    used 2292K, capacity 2466K, committed 2560K, reserved 1048576K
}
2017-06-19T09:32:52.347+0200: 2,576: Total time for which application threads were stopped: 0,0102053 seconds, Stopping threads took: 0,0000772 seconds
2017-06-19T09:32:52.354+0200: 2,582: Total time for which application threads were stopped: 0,0003666 seconds, Stopping threads took: 0,0000640 seconds
2017-06-19T09:32:52.395+0200: 2,623: Total time for which application threads were stopped: 0,0035676 seconds, Stopping threads took: 0,0032389 seconds
2017-06-19T09:32:52.536+0200: 2,765: Total time for which application threads were stopped: 0,0001819 seconds, Stopping threads took: 0,0000273 seconds
{Heap before GC invocations=2 (full 0):
 par new generation   total 109248K, used 103066K [0x00000000e0000000, 0x00000000e8000000, 0x00000000e8000000)
  eden space 87424K, 100% used [0x00000000e0000000, 0x00000000e5560000, 0x00000000e5560000)
  from space 21824K,  71% used [0x00000000e5560000, 0x00000000e64a6b00, 0x00000000e6ab0000)
  to   space 21824K,   0% used [0x00000000e6ab0000, 0x00000000e6ab0000, 0x00000000e8000000)
 concurrent mark-sweep generation total 393216K, used 0K [0x00000000e8000000, 0x0000000100000000, 0x0000000100000000)
 Metaspace       used 20986K, capacity 21290K, committed 21628K, reserved 1069056K
  class space    used 2417K, capacity 2587K, committed 2684K, reserved 1048576K
2017-06-19T09:32:52.572+0200: 2,800: [GC (Allocation Failure) 2017-06-19T09:32:52.572+0200: 2,800: [ParNew
Desired survivor size 20112992 bytes, new threshold 8 (max 8)
- age   1:    2274816 bytes,    2274816 total
- age   2:     861440 bytes,    3136256 total
- age   3:    6659200 bytes,    9795456 total
- age   4:         16 bytes,    9795472 total
: 103066K->12372K(109248K), 0,0169277 secs] 103066K->12372K(502464K), 0,0170084 secs] [Times: user=0,06 sys=0,00, real=0,01 secs] 
Heap after GC invocations=3 (full 0):
 par new generation   total 109248K, used 12372K [0x00000000e0000000, 0x00000000e8000000, 0x00000000e8000000)
  eden space 87424K,   0% used [0x00000000e0000000, 0x00000000e0000000, 0x00000000e5560000)
  from space 21824K,  56% used [0x00000000e6ab0000, 0x00000000e76c5050, 0x00000000e8000000)
  to   space 21824K,   0% used [0x00000000e5560000, 0x00000000e5560000, 0x00000000e6ab0000)
 concurrent mark-sweep generation total 393216K, used 0K [0x00000000e8000000, 0x0000000100000000, 0x0000000100000000)
 Metaspace       used 20986K, capacity 21290K, committed 21628K, reserved 1069056K
  class space    used 2417K, capacity 2587K, committed 2684K, reserved 1048576K
}
2017-06-19T09:32:52.589+0200: 2,817: Total time for which application threads were stopped: 0,0172028 seconds, Stopping threads took: 0,0000509 seconds
2017-06-19T09:32:52.592+0200: 2,820: [GC (CMS Initial Mark) [1 CMS-initial-mark: 0K(393216K)] 15994K(502464K), 0,0061495 secs] [Times: user=0,02 sys=0,00, real=0,00 secs] 
2017-06-19T09:32:52.598+0200: 2,826: Total time for which application threads were stopped: 0,0063273 seconds, Stopping threads took: 0,0000646 seconds
2017-06-19T09:32:52.598+0200: 2,826: [CMS-concurrent-mark-start]
2017-06-19T09:32:52.599+0200: 2,827: [CMS-concurrent-mark: 0,001/0,001 secs] [Times: user=0,01 sys=0,00, real=0,00 secs] 
2017-06-19T09:32:52.599+0200: 2,827: [CMS-concurrent-preclean-start]
2017-06-19T09:32:52.600+0200: 2,828: [CMS-concurrent-preclean: 0,001/0,001 secs] [Times: user=0,00 sys=0,00, real=0,00 secs] 
2017-06-19T09:32:52.600+0200: 2,828: [CMS-concurrent-abortable-preclean-start]
2017-06-19T09:32:52.679+0200: 2,907: Total time for which application threads were stopped: 0,0001124 seconds, Stopping threads took: 0,0000235 seconds
2017-06-19T09:32:52.679+0200: 2,907: [CMS-concurrent-abortable-preclean: 0,075/0,079 secs] [Times: user=0,30 sys=0,00, real=0,08 secs] 
2017-06-19T09:32:52.684+0200: 2,913: [GC (CMS Final Remark) [YG occupancy: 59367 K (109248 K)]{Heap before GC invocations=3 (full 1):
 par new generation   total 109248K, used 59367K [0x00000000e0000000, 0x00000000e8000000, 0x00000000e8000000)
  eden space 87424K,  53% used [0x00000000e0000000, 0x00000000e2de4d68, 0x00000000e5560000)
  from space 21824K,  56% used [0x00000000e6ab0000, 0x00000000e76c5050, 0x00000000e8000000)
  to   space 21824K,   0% used [0x00000000e5560000, 0x00000000e5560000, 0x00000000e6ab0000)
 concurrent mark-sweep generation total 393216K, used 0K [0x00000000e8000000, 0x0000000100000000, 0x0000000100000000)
 Metaspace       used 21156K, capacity 21506K, committed 21884K, reserved 1069056K
  class space    used 2435K, capacity 2591K, committed 2684K, reserved 1048576K
2017-06-19T09:32:52.684+0200: 2,913: [GC (CMS Final Remark) 2017-06-19T09:32:52.684+0200: 2,913: [ParNew
Desired survivor size 20112992 bytes, new threshold 8 (max 8)
- age   1:    1615864 bytes,    1615864 total
- age   2:    1444568 bytes,    3060432 total
- age   3:     832064 bytes,    3892496 total
- age   4:    6659408 bytes,   10551904 total
- age   5:         16 bytes,   10551920 total
: 59367K->12448K(109248K), 0,0100343 secs] 59367K->12448K(502464K), 0,0100811 secs] [Times: user=0,04 sys=0,00, real=0,01 secs] 
Heap after GC invocations=4 (full 1):
 par new generation   total 109248K, used 12448K [0x00000000e0000000, 0x00000000e8000000, 0x00000000e8000000)
  eden space 87424K,   0% used [0x00000000e0000000, 0x00000000e0000000, 0x00000000e5560000)
  from space 21824K,  57% used [0x00000000e5560000, 0x00000000e61882c0, 0x00000000e6ab0000)
  to   space 21824K,   0% used [0x00000000e6ab0000, 0x00000000e6ab0000, 0x00000000e8000000)
 concurrent mark-sweep generation total 393216K, used 0K [0x00000000e8000000, 0x0000000100000000, 0x0000000100000000)
 Metaspace       used 21156K, capacity 21506K, committed 21884K, reserved 1069056K
  class space    used 2435K, capacity 2591K, committed 2684K, reserved 1048576K
}
2017-06-19T09:32:52.694+0200: 2,923: [Rescan (parallel) , 0,0043809 secs]2017-06-19T09:32:52.699+0200: 2,927: [weak refs processing, 0,0004916 secs]2017-06-19T09:32:52.699+0200: 2,928: [class unloading, 0,0028920 secs]2017-06-19T09:32:52.702+0200: 2,931: [scrub symbol table, 0,0027641 secs]2017-06-19T09:32:52.705+0200: 2,933: [scrub string table, 0,0004002 secs][1 CMS-remark: 0K(393216K)] 12448K(502464K), 0,0218187 secs] [Times: user=0,06 sys=0,00, real=0,02 secs] 
2017-06-19T09:32:52.706+0200: 2,934: Total time for which application threads were stopped: 0,0234605 seconds, Stopping threads took: 0,0015296 seconds
2017-06-19T09:32:52.706+0200: 2,935: [CMS-concurrent-sweep-start]
2017-06-19T09:32:52.706+0200: 2,935: [CMS-concurrent-sweep: 0,000/0,000 secs] [Times: user=0,00 sys=0,00, real=0,00 secs] 
2017-06-19T09:32:52.706+0200: 2,935: [CMS-concurrent-reset-start]
2017-06-19T09:32:52.726+0200: 2,954: [CMS-concurrent-reset: 0,019/0,019 secs] [Times: user=0,08 sys=0,00, real=0,02 secs] 
{Heap before GC invocations=4 (full 1):
 par new generation   total 109248K, used 99872K [0x00000000e0000000, 0x00000000e8000000, 0x00000000e8000000)
  eden space 87424K, 100% used [0x00000000e0000000, 0x00000000e5560000, 0x00000000e5560000)
  from space 21824K,  57% used [0x00000000e5560000, 0x00000000e61882c0, 0x00000000e6ab0000)
  to   space 21824K,   0% used [0x00000000e6ab0000, 0x00000000e6ab0000, 0x00000000e8000000)
 concurrent mark-sweep generation total 393216K, used 0K [0x00000000e8000000, 0x0000000100000000, 0x0000000100000000)
 Metaspace       used 21247K, capacity 21560K, committed 21884K, reserved 1069056K
  class space    used 2449K, capacity 2601K, committed 2684K, reserved 1048576K
2017-06-19T09:32:52.797+0200: 3,025: [GC (Allocation Failure) 2017-06-19T09:32:52.797+0200: 3,025: [ParNew
Desired survivor size 20112992 bytes, new threshold 8 (max 8)
- age   1:     907248 bytes,     907248 total
- age   2:      74208 bytes,     981456 total
- age   3:    1444064 bytes,    2425520 total
- age   4:     829984 bytes,    3255504 total
- age   5:    6659200 bytes,    9914704 total
- age   6:         16 bytes,    9914720 total
: 99872K->14704K(109248K), 0,0133611 secs] 99872K->14704K(502464K), 0,0134292 secs] [Times: user=0,04 sys=0,00, real=0,01 secs] 
Heap after GC invocations=5 (full 1):
 par new generation   total 109248K, used 14704K [0x00000000e0000000, 0x00000000e8000000, 0x00000000e8000000)
  eden space 87424K,   0% used [0x00000000e0000000, 0x00000000e0000000, 0x00000000e5560000)
  from space 21824K,  67% used [0x00000000e6ab0000, 0x00000000e790c1a0, 0x00000000e8000000)
  to   space 21824K,   0% used [0x00000000e5560000, 0x00000000e5560000, 0x00000000e6ab0000)
 concurrent mark-sweep generation total 393216K, used 0K [0x00000000e8000000, 0x0000000100000000, 0x0000000100000000)
 Metaspace       used 21247K, capacity 21560K, committed 21884K, reserved 1069056K
  class space    used 2449K, capacity 2601K, committed 2684K, reserved 1048576K
}
2017-06-19T09:32:52.810+0200: 3,038: Total time for which application threads were stopped: 0,0136948 seconds, Stopping threads took: 0,0000780 seconds
2017-06-19T09:32:52.887+0200: 3,116: Total time for which application threads were stopped: 0,0003059 seconds, Stopping threads took: 0,0000213 seconds
2017-06-19T09:32:53.146+0200: 3,374: Total time for which application threads were stopped: 0,0005083 seconds, Stopping threads took: 0,0000451 seconds
2017-06-19T09:32:53.167+0200: 3,396: Total time for which application threads were stopped: 0,0003447 seconds, Stopping threads took: 0,0000198 seconds
{Heap before GC invocations=5 (full 1):
 par new generation   total 109248K, used 102128K [0x00000000e0000000, 0x00000000e8000000, 0x00000000e8000000)
  eden space 87424K, 100% used [0x00000000e0000000, 0x00000000e5560000, 0x00000000e5560000)
  from space 21824K,  67% used [0x00000000e6ab0000, 0x00000000e790c1a0, 0x00000000e8000000)
  to   space 21824K,   0% used [0x00000000e5560000, 0x00000000e5560000, 0x00000000e6ab0000)
 concurrent mark-sweep generation total 393216K, used 0K [0x00000000e8000000, 0x0000000100000000, 0x0000000100000000)
 Metaspace       used 23483K, capacity 23974K, committed 24188K, reserved 1071104K
  class space    used 2724K, capacity 2914K, committed 2940K, reserved 1048576K
2017-06-19T09:32:53.229+0200: 3,458: [GC (Allocation Failure) 2017-06-19T09:32:53.229+0200: 3,458: [ParNew
Desired survivor size 20112992 bytes, new threshold 8 (max 8)
- age   1:    4069392 bytes,    4069392 total
- age   2:     151504 bytes,    4220896 total
- age   3:      73128 bytes,    4294024 total
- age   4:     273976 bytes,    4568000 total
- age   5:     814368 bytes,    5382368 total
- age   6:    6653968 bytes,   12036336 total
- age   7:         16 bytes,   12036352 total
: 102128K->14613K(109248K), 0,0120872 secs] 102128K->14613K(502464K), 0,0121651 secs] [Times: user=0,04 sys=0,00, real=0,01 secs] 
Heap after GC invocations=6 (full 1):
 par new generation   total 109248K, used 14613K [0x00000000e0000000, 0x00000000e8000000, 0x00000000e8000000)
  eden space 87424K,   0% used [0x00000000e0000000, 0x00000000e0000000, 0x00000000e5560000)
  from space 21824K,  66% used [0x00000000e5560000, 0x00000000e63a57c0, 0x00000000e6ab0000)
  to   space 21824K,   0% used [0x00000000e6ab0000, 0x00000000e6ab0000, 0x00000000e8000000)
 concurrent mark-sweep generation total 393216K, used 0K [0x00000000e8000000, 0x0000000100000000, 0x0000000100000000)
 Metaspace       used 23483K, capacity 23974K, committed 24188K, reserved 1071104K
  class space    used 2724K, capacity 2914K, committed 2940K, reserved 1048576K
}
2017-06-19T09:32:53.241+0200: 3,470: Total time for which application threads were stopped: 0,0125577 seconds, Stopping threads took: 0,0002006 seconds
2017-06-19T09:32:53.375+0200: 3,603: Total time for which application threads were stopped: 0,0001844 seconds, Stopping threads took: 0,0000446 seconds
{Heap before GC invocations=6 (full 1):
 par new generation   total 109248K, used 102069K [0x00000000e0000000, 0x00000000e8000000, 0x00000000e8000000)
  eden space 87424K, 100% used [0x00000000e0000000, 0x00000000e5560000, 0x00000000e5560000)
  from space 21824K,  67% used [0x00000000e5560000, 0x00000000e63ad7d0, 0x00000000e6ab0000)
  to   space 21824K,   0% used [0x00000000e6ab0000, 0x00000000e6ab0000, 0x00000000e8000000)
 concurrent mark-sweep generation total 393216K, used 0K [0x00000000e8000000, 0x0000000100000000, 0x0000000100000000)
 Metaspace       used 24194K, capacity 24614K, committed 24828K, reserved 1071104K
  class space    used 2840K, capacity 3042K, committed 3068K, reserved 1048576K
2017-06-19T09:32:53.378+0200: 3,606: [GC (GCLocker Initiated GC) 2017-06-19T09:32:53.378+0200: 3,606: [ParNew
Desired survivor size 20112992 bytes, new threshold 8 (max 8)
- age   1:    2720496 bytes,    2720496 total
- age   2:    1390160 bytes,    4110656 total
- age   3:      82472 bytes,    4193128 total
- age   4:      39112 bytes,    4232240 total
- age   5:     184680 bytes,    4416920 total
- age   6:     751424 bytes,    5168344 total
- age   7:    6118416 bytes,   11286760 total
- age   8:         16 bytes,   11286776 total
: 102069K->17554K(109248K), 0,0126528 secs] 102069K->17554K(502464K), 0,0127384 secs] [Times: user=0,05 sys=0,00, real=0,02 secs] 
Heap after GC invocations=7 (full 1):
 par new generation   total 109248K, used 17554K [0x00000000e0000000, 0x00000000e8000000, 0x00000000e8000000)
  eden space 87424K,   0% used [0x00000000e0000000, 0x00000000e0000000, 0x00000000e5560000)
  from space 21824K,  80% used [0x00000000e6ab0000, 0x00000000e7bd4b30, 0x00000000e8000000)
  to   space 21824K,   0% used [0x00000000e5560000, 0x00000000e5560000, 0x00000000e6ab0000)
 concurrent mark-sweep generation total 393216K, used 0K [0x00000000e8000000, 0x0000000100000000, 0x0000000100000000)
 Metaspace       used 24194K, capacity 24614K, committed 24828K, reserved 1071104K
  class space    used 2840K, capacity 3042K, committed 3068K, reserved 1048576K
}
2017-06-19T09:32:53.391+0200: 3,619: Total time for which application threads were stopped: 0,0129295 seconds, Stopping threads took: 0,0000387 seconds
2017-06-19T09:32:53.482+0200: 3,710: Total time for which application threads were stopped: 0,0001498 seconds, Stopping threads took: 0,0000704 seconds
{Heap before GC invocations=7 (full 1):
 par new generation   total 109248K, used 104994K [0x00000000e0000000, 0x00000000e8000000, 0x00000000e8000000)
  eden space 87424K, 100% used [0x00000000e0000000, 0x00000000e5560000, 0x00000000e5560000)
  from space 21824K,  80% used [0x00000000e6ab0000, 0x00000000e7bd8b40, 0x00000000e8000000)
  to   space 21824K,   0% used [0x00000000e5560000, 0x00000000e5560000, 0x00000000e6ab0000)
 concurrent mark-sweep generation total 393216K, used 0K [0x00000000e8000000, 0x0000000100000000, 0x0000000100000000)
 Metaspace       used 24698K, capacity 25190K, committed 25468K, reserved 1071104K
  class space    used 2890K, capacity 3080K, committed 3196K, reserved 1048576K
2017-06-19T09:32:53.482+0200: 3,711: [GC (GCLocker Initiated GC) 2017-06-19T09:32:53.482+0200: 3,711: [ParNew
Desired survivor size 20112992 bytes, new threshold 8 (max 8)
- age   1:     842344 bytes,     842344 total
- age   2:    1373424 bytes,    2215768 total
- age   3:    1387384 bytes,    3603152 total
- age   4:      82336 bytes,    3685488 total
- age   5:      38976 bytes,    3724464 total
- age   6:     181880 bytes,    3906344 total
- age   7:     750656 bytes,    4657000 total
- age   8:    6117944 bytes,   10774944 total
: 104994K->13158K(109248K), 0,0124363 secs] 104994K->13160K(502464K), 0,0125181 secs] [Times: user=0,05 sys=0,00, real=0,02 secs] 
Heap after GC invocations=8 (full 1):
 par new generation   total 109248K, used 13158K [0x00000000e0000000, 0x00000000e8000000, 0x00000000e8000000)
  eden space 87424K,   0% used [0x00000000e0000000, 0x00000000e0000000, 0x00000000e5560000)
  from space 21824K,  60% used [0x00000000e5560000, 0x00000000e62399c0, 0x00000000e6ab0000)
  to   space 21824K,   0% used [0x00000000e6ab0000, 0x00000000e6ab0000, 0x00000000e8000000)
 concurrent mark-sweep generation total 393216K, used 2K [0x00000000e8000000, 0x0000000100000000, 0x0000000100000000)
 Metaspace       used 24698K, capacity 25190K, committed 25468K, reserved 1071104K
  class space    used 2890K, capacity 3080K, committed 3196K, reserved 1048576K
}
2017-06-19T09:32:53.495+0200: 3,723: Total time for which application threads were stopped: 0,0128902 seconds, Stopping threads took: 0,0002323 seconds
{Heap before GC invocations=8 (full 1):
 par new generation   total 109248K, used 100582K [0x00000000e0000000, 0x00000000e8000000, 0x00000000e8000000)
  eden space 87424K, 100% used [0x00000000e0000000, 0x00000000e5560000, 0x00000000e5560000)
  from space 21824K,  60% used [0x00000000e5560000, 0x00000000e62399c0, 0x00000000e6ab0000)
  to   space 21824K,   0% used [0x00000000e6ab0000, 0x00000000e6ab0000, 0x00000000e8000000)
 concurrent mark-sweep generation total 393216K, used 2K [0x00000000e8000000, 0x0000000100000000, 0x0000000100000000)
 Metaspace       used 25332K, capacity 25808K, committed 25980K, reserved 1073152K
  class space    used 2929K, capacity 3117K, committed 3196K, reserved 1048576K
2017-06-19T09:32:53.688+0200: 3,916: [GC (Allocation Failure) 2017-06-19T09:32:53.688+0200: 3,916: [ParNew
Desired survivor size 20112992 bytes, new threshold 8 (max 8)
- age   1:    1778752 bytes,    1778752 total
- age   2:     242528 bytes,    2021280 total
- age   3:     564424 bytes,    2585704 total
- age   4:    1384752 bytes,    3970456 total
- age   5:      82304 bytes,    4052760 total
- age   6:      38944 bytes,    4091704 total
- age   7:     181384 bytes,    4273088 total
- age   8:     749760 bytes,    5022848 total
: 100582K->9207K(109248K), 0,0312325 secs] 100584K->15262K(502464K), 0,0313132 secs] [Times: user=0,11 sys=0,00, real=0,03 secs] 
Heap after GC invocations=9 (full 1):
 par new generation   total 109248K, used 9207K [0x00000000e0000000, 0x00000000e8000000, 0x00000000e8000000)
  eden space 87424K,   0% used [0x00000000e0000000, 0x00000000e0000000, 0x00000000e5560000)
  from space 21824K,  42% used [0x00000000e6ab0000, 0x00000000e73adec0, 0x00000000e8000000)
  to   space 21824K,   0% used [0x00000000e5560000, 0x00000000e5560000, 0x00000000e6ab0000)
 concurrent mark-sweep generation total 393216K, used 6054K [0x00000000e8000000, 0x0000000100000000, 0x0000000100000000)
 Metaspace       used 25332K, capacity 25808K, committed 25980K, reserved 1073152K
  class space    used 2929K, capacity 3117K, committed 3196K, reserved 1048576K
}
2017-06-19T09:32:53.719+0200: 3,948: Total time for which application threads were stopped: 0,0316112 seconds, Stopping threads took: 0,0000676 seconds
2017-06-19T09:32:53.838+0200: 4,066: Total time for which application threads were stopped: 0,0004165 seconds, Stopping threads took: 0,0000403 seconds
2017-06-19T09:32:53.841+0200: 4,069: Total time for which application threads were stopped: 0,0001526 seconds, Stopping threads took: 0,0000402 seconds
2017-06-19T09:32:53.846+0200: 4,075: Total time for which application threads were stopped: 0,0004634 seconds, Stopping threads took: 0,0000360 seconds
2017-06-19T09:32:53.861+0200: 4,090: Total time for which application threads were stopped: 0,0001386 seconds, Stopping threads took: 0,0000376 seconds
2017-06-19T09:32:53.862+0200: 4,090: Total time for which application threads were stopped: 0,0003899 seconds, Stopping threads took: 0,0000124 seconds
2017-06-19T09:32:53.937+0200: 4,165: Total time for which application threads were stopped: 0,0004992 seconds, Stopping threads took: 0,0000609 seconds
2017-06-19T09:32:53.960+0200: 4,188: Total time for which application threads were stopped: 0,0002057 seconds, Stopping threads took: 0,0000938 seconds
2017-06-19T09:32:53.963+0200: 4,191: Total time for which application threads were stopped: 0,0001663 seconds, Stopping threads took: 0,0000828 seconds
2017-06-19T09:32:53.964+0200: 4,192: Total time for which application threads were stopped: 0,0001108 seconds, Stopping threads took: 0,0000279 seconds
2017-06-19T09:32:53.964+0200: 4,192: Total time for which application threads were stopped: 0,0001176 seconds, Stopping threads took: 0,0000276 seconds
2017-06-19T09:32:53.965+0200: 4,193: Total time for which application threads were stopped: 0,0001020 seconds, Stopping threads took: 0,0000298 seconds
2017-06-19T09:32:53.966+0200: 4,194: Total time for which application threads were stopped: 0,0001417 seconds, Stopping threads took: 0,0000449 seconds
2017-06-19T09:32:53.970+0200: 4,199: Total time for which application threads were stopped: 0,0042303 seconds, Stopping threads took: 0,0041589 seconds
2017-06-19T09:32:53.971+0200: 4,199: Total time for which application threads were stopped: 0,0001028 seconds, Stopping threads took: 0,0000265 seconds
2017-06-19T09:32:53.971+0200: 4,199: Total time for which application threads were stopped: 0,0000824 seconds, Stopping threads took: 0,0000309 seconds
2017-06-19T09:32:53.971+0200: 4,200: Total time for which application threads were stopped: 0,0000858 seconds, Stopping threads took: 0,0000229 seconds
2017-06-19T09:32:53.971+0200: 4,200: Total time for which application threads were stopped: 0,0000743 seconds, Stopping threads took: 0,0000308 seconds
2017-06-19T09:32:53.971+0200: 4,200: Total time for which application threads were stopped: 0,0000781 seconds, Stopping threads took: 0,0000381 seconds
2017-06-19T09:32:53.972+0200: 4,200: Total time for which application threads were stopped: 0,0000738 seconds, Stopping threads took: 0,0000280 seconds
2017-06-19T09:32:53.972+0200: 4,200: Total time for which application threads were stopped: 0,0000673 seconds, Stopping threads took: 0,0000249 seconds
2017-06-19T09:32:53.972+0200: 4,200: Total time for which application threads were stopped: 0,0000639 seconds, Stopping threads took: 0,0000178 seconds
2017-06-19T09:32:53.975+0200: 4,203: Total time for which application threads were stopped: 0,0001355 seconds, Stopping threads took: 0,0000402 seconds
2017-06-19T09:32:53.975+0200: 4,203: Total time for which application threads were stopped: 0,0000854 seconds, Stopping threads took: 0,0000179 seconds
2017-06-19T09:32:53.980+0200: 4,208: Total time for which application threads were stopped: 0,0001291 seconds, Stopping threads took: 0,0000414 seconds
2017-06-19T09:32:53.980+0200: 4,208: Total time for which application threads were stopped: 0,0000736 seconds, Stopping threads took: 0,0000193 seconds
2017-06-19T09:32:53.989+0200: 4,218: Total time for which application threads were stopped: 0,0002128 seconds, Stopping threads took: 0,0000370 seconds
2017-06-19T09:32:53.992+0200: 4,220: Total time for which application threads were stopped: 0,0001134 seconds, Stopping threads took: 0,0000233 seconds
2017-06-19T09:32:53.993+0200: 4,221: Total time for which application threads were stopped: 0,0002470 seconds, Stopping threads took: 0,0001633 seconds
2017-06-19T09:32:53.995+0200: 4,223: Total time for which application threads were stopped: 0,0002062 seconds, Stopping threads took: 0,0001079 seconds
2017-06-19T09:32:53.996+0200: 4,224: Total time for which application threads were stopped: 0,0001098 seconds, Stopping threads took: 0,0000428 seconds
2017-06-19T09:32:53.996+0200: 4,224: Total time for which application threads were stopped: 0,0000632 seconds, Stopping threads took: 0,0000194 seconds
2017-06-19T09:32:53.997+0200: 4,225: Total time for which application threads were stopped: 0,0000988 seconds, Stopping threads took: 0,0000370 seconds
2017-06-19T09:32:53.997+0200: 4,225: Total time for which application threads were stopped: 0,0000808 seconds, Stopping threads took: 0,0000245 seconds
2017-06-19T09:32:53.997+0200: 4,226: Total time for which application threads were stopped: 0,0000681 seconds, Stopping threads took: 0,0000250 seconds
2017-06-19T09:32:53.998+0200: 4,226: Total time for which application threads were stopped: 0,0000650 seconds, Stopping threads took: 0,0000198 seconds
2017-06-19T09:32:53.998+0200: 4,226: Total time for which application threads were stopped: 0,0000653 seconds, Stopping threads took: 0,0000194 seconds
2017-06-19T09:32:53.998+0200: 4,227: Total time for which application threads were stopped: 0,0000654 seconds, Stopping threads took: 0,0000199 seconds
2017-06-19T09:32:53.998+0200: 4,227: Total time for which application threads were stopped: 0,0000666 seconds, Stopping threads took: 0,0000206 seconds
2017-06-19T09:32:53.999+0200: 4,227: Total time for which application threads were stopped: 0,0000723 seconds, Stopping threads took: 0,0000225 seconds
2017-06-19T09:32:54.000+0200: 4,228: Total time for which application threads were stopped: 0,0000849 seconds, Stopping threads took: 0,0000278 seconds
2017-06-19T09:32:54.005+0200: 4,233: Total time for which application threads were stopped: 0,0001679 seconds, Stopping threads took: 0,0000755 seconds
2017-06-19T09:32:54.016+0200: 4,245: Total time for which application threads were stopped: 0,0010244 seconds, Stopping threads took: 0,0009220 seconds
2017-06-19T09:32:54.021+0200: 4,249: Total time for which application threads were stopped: 0,0001276 seconds, Stopping threads took: 0,0000606 seconds
2017-06-19T09:32:54.021+0200: 4,249: Total time for which application threads were stopped: 0,0000994 seconds, Stopping threads took: 0,0000565 seconds
2017-06-19T09:32:54.022+0200: 4,251: Total time for which application threads were stopped: 0,0001222 seconds, Stopping threads took: 0,0000536 seconds
2017-06-19T09:32:54.024+0200: 4,253: Total time for which application threads were stopped: 0,0001062 seconds, Stopping threads took: 0,0000476 seconds
2017-06-19T09:32:54.057+0200: 4,285: Total time for which application threads were stopped: 0,0004888 seconds, Stopping threads took: 0,0000394 seconds
2017-06-19T09:32:54.059+0200: 4,287: Total time for which application threads were stopped: 0,0001159 seconds, Stopping threads took: 0,0000414 seconds
2017-06-19T09:32:54.067+0200: 4,295: Total time for which application threads were stopped: 0,0032574 seconds, Stopping threads took: 0,0031637 seconds
2017-06-19T09:32:54.070+0200: 4,299: Total time for which application threads were stopped: 0,0001344 seconds, Stopping threads took: 0,0000625 seconds
2017-06-19T09:32:54.079+0200: 4,308: Total time for which application threads were stopped: 0,0001004 seconds, Stopping threads took: 0,0000431 seconds
2017-06-19T09:32:54.080+0200: 4,309: Total time for which application threads were stopped: 0,0001687 seconds, Stopping threads took: 0,0000290 seconds
2017-06-19T09:32:55.081+0200: 5,309: Total time for which application threads were stopped: 0,0000768 seconds, Stopping threads took: 0,0000162 seconds
2017-06-19T09:32:56.081+0200: 6,309: Total time for which application threads were stopped: 0,0000571 seconds, Stopping threads took: 0,0000148 seconds
2017-06-19T09:33:11.083+0200: 21,311: Total time for which application threads were stopped: 0,0000629 seconds, Stopping threads took: 0,0000173 seconds
2017-06-19T09:33:20.146+0200: 32,313: Total time for which application threads were stopped: 0,0002664 seconds, Stopping threads took: 0,0001440 seconds
2017-06-19T09:34:10.153+0200: 82,319: Total time for which application threads were stopped: 0,0001937 seconds, Stopping threads took: 0,0000405 seconds
2017-06-19T09:34:45.157+0200: 117,323: Total time for which application threads were stopped: 0,0000763 seconds, Stopping threads took: 0,0000326 seconds
2017-06-19T09:34:50.157+0200: 122,324: Total time for which application threads were stopped: 0,0000600 seconds, Stopping threads took: 0,0000159 seconds
2017-06-19T09:35:49.164+0200: 181,330: Total time for which application threads were stopped: 0,0000793 seconds, Stopping threads took: 0,0000327 seconds
2017-06-19T09:37:25.173+0200: 277,340: Total time for which application threads were stopped: 0,0000794 seconds, Stopping threads took: 0,0000324 seconds
2017-06-19T09:43:35.211+0200: 647,378: Total time for which application threads were stopped: 0,0001125 seconds, Stopping threads took: 0,0000391 seconds
2017-06-19T09:48:55.241+0200: 967,407: Total time for which application threads were stopped: 0,0000939 seconds, Stopping threads took: 0,0000369 seconds
2017-06-19T09:56:14.281+0200: 1406,447: Total time for which application threads were stopped: 0,0000720 seconds, Stopping threads took: 0,0000275 seconds
2017-06-19T10:00:04.302+0200: 1636,469: Total time for which application threads were stopped: 0,0000818 seconds, Stopping threads took: 0,0000313 seconds
2017-06-19T10:00:09.303+0200: 1641,469: Total time for which application threads were stopped: 0,0000970 seconds, Stopping threads took: 0,0000421 seconds
2017-06-19T10:11:09.360+0200: 2301,527: Total time for which application threads were stopped: 0,0000906 seconds, Stopping threads took: 0,0000429 seconds
2017-06-19T10:26:05.445+0200: 3197,612: Total time for which application threads were stopped: 0,0000850 seconds, Stopping threads took: 0,0000339 seconds
2017-06-19T10:39:19.530+0200: 3991,697: Total time for which application threads were stopped: 0,0002316 seconds, Stopping threads took: 0,0001386 seconds
2017-06-19T10:40:34.541+0200: 4066,707: Total time for which application threads were stopped: 0,0001081 seconds, Stopping threads took: 0,0000418 seconds
2017-06-19T10:40:49.543+0200: 4081,709: Total time for which application threads were stopped: 0,0005569 seconds, Stopping threads took: 0,0001364 seconds
2017-06-19T10:51:05.613+0200: 4697,779: Total time for which application threads were stopped: 0,0000865 seconds, Stopping threads took: 0,0000354 seconds
2017-06-19T10:51:09.241+0200: 4701,408: Total time for which application threads were stopped: 0,0338099 seconds, Stopping threads took: 0,0336590 seconds
2017-06-19T10:51:09.242+0200: 4701,408: Total time for which application threads were stopped: 0,0001496 seconds, Stopping threads took: 0,0000521 seconds
2017-06-19T10:51:09.254+0200: 4701,421: Total time for which application threads were stopped: 0,0000987 seconds, Stopping threads took: 0,0000281 seconds
2017-06-19T10:51:09.254+0200: 4701,421: Total time for which application threads were stopped: 0,0000647 seconds, Stopping threads took: 0,0000175 seconds
2017-06-19T10:51:09.254+0200: 4701,421: Total time for which application threads were stopped: 0,0000528 seconds, Stopping threads took: 0,0000133 seconds
2017-06-19T10:51:09.254+0200: 4701,421: Total time for which application threads were stopped: 0,0000506 seconds, Stopping threads took: 0,0000160 seconds
2017-06-19T10:51:09.254+0200: 4701,421: Total time for which application threads were stopped: 0,0000487 seconds, Stopping threads took: 0,0000137 seconds
2017-06-19T10:51:09.254+0200: 4701,421: Total time for which application threads were stopped: 0,0000479 seconds, Stopping threads took: 0,0000128 seconds
2017-06-19T10:51:09.255+0200: 4701,421: Total time for which application threads were stopped: 0,0000453 seconds, Stopping threads took: 0,0000123 seconds
2017-06-19T10:51:09.255+0200: 4701,421: Total time for which application threads were stopped: 0,0000483 seconds, Stopping threads took: 0,0000129 seconds
2017-06-19T10:51:09.255+0200: 4701,421: Total time for which application threads were stopped: 0,0000465 seconds, Stopping threads took: 0,0000148 seconds
2017-06-19T10:51:09.270+0200: 4701,437: Total time for which application threads were stopped: 0,0053557 seconds, Stopping threads took: 0,0052815 seconds
2017-06-19T10:51:09.272+0200: 4701,439: Total time for which application threads were stopped: 0,0001252 seconds, Stopping threads took: 0,0000363 seconds
2017-06-19T10:51:09.285+0200: 4701,451: Total time for which application threads were stopped: 0,0012234 seconds, Stopping threads took: 0,0011301 seconds
2017-06-19T10:51:09.287+0200: 4701,454: Total time for which application threads were stopped: 0,0017084 seconds, Stopping threads took: 0,0016334 seconds
2017-06-19T10:51:09.294+0200: 4701,461: Total time for which application threads were stopped: 0,0011540 seconds, Stopping threads took: 0,0010665 seconds
2017-06-19T10:51:09.304+0200: 4701,471: Total time for which application threads were stopped: 0,0000827 seconds, Stopping threads took: 0,0000159 seconds
2017-06-19T10:51:09.304+0200: 4701,471: Total time for which application threads were stopped: 0,0001205 seconds, Stopping threads took: 0,0000214 seconds
2017-06-19T10:51:09.308+0200: 4701,475: Total time for which application threads were stopped: 0,0000833 seconds, Stopping threads took: 0,0000161 seconds
2017-06-19T10:51:09.308+0200: 4701,475: Total time for which application threads were stopped: 0,0000559 seconds, Stopping threads took: 0,0000165 seconds
2017-06-19T10:51:09.312+0200: 4701,479: Total time for which application threads were stopped: 0,0010090 seconds, Stopping threads took: 0,0009440 seconds
2017-06-19T10:51:09.313+0200: 4701,480: Total time for which application threads were stopped: 0,0000758 seconds, Stopping threads took: 0,0000128 seconds
2017-06-19T10:51:09.314+0200: 4701,480: Total time for which application threads were stopped: 0,0000758 seconds, Stopping threads took: 0,0000234 seconds
2017-06-19T10:51:09.314+0200: 4701,481: Total time for which application threads were stopped: 0,0000499 seconds, Stopping threads took: 0,0000077 seconds
2017-06-19T10:51:09.314+0200: 4701,481: Total time for which application threads were stopped: 0,0000552 seconds, Stopping threads took: 0,0000175 seconds
2017-06-19T10:51:09.314+0200: 4701,481: Total time for which application threads were stopped: 0,0000488 seconds, Stopping threads took: 0,0000144 seconds
2017-06-19T10:51:09.314+0200: 4701,481: Total time for which application threads were stopped: 0,0000509 seconds, Stopping threads took: 0,0000161 seconds
2017-06-19T10:51:09.315+0200: 4701,481: Total time for which application threads were stopped: 0,0000700 seconds, Stopping threads took: 0,0000212 seconds
2017-06-19T10:51:09.315+0200: 4701,481: Total time for which application threads were stopped: 0,0000562 seconds, Stopping threads took: 0,0000140 seconds
2017-06-19T10:51:09.315+0200: 4701,482: Total time for which application threads were stopped: 0,0000530 seconds, Stopping threads took: 0,0000163 seconds
2017-06-19T10:51:09.315+0200: 4701,482: Total time for which application threads were stopped: 0,0000534 seconds, Stopping threads took: 0,0000164 seconds
2017-06-19T10:51:09.315+0200: 4701,482: Total time for which application threads were stopped: 0,0000494 seconds, Stopping threads took: 0,0000146 seconds
2017-06-19T10:51:09.316+0200: 4701,482: Total time for which application threads were stopped: 0,0001833 seconds, Stopping threads took: 0,0000151 seconds
2017-06-19T10:51:09.316+0200: 4701,483: Total time for which application threads were stopped: 0,0002568 seconds, Stopping threads took: 0,0000269 seconds
2017-06-19T10:51:09.318+0200: 4701,484: Total time for which application threads were stopped: 0,0001588 seconds, Stopping threads took: 0,0000394 seconds
2017-06-19T10:51:09.319+0200: 4701,486: Total time for which application threads were stopped: 0,0000874 seconds, Stopping threads took: 0,0000244 seconds
2017-06-19T10:51:09.320+0200: 4701,486: Total time for which application threads were stopped: 0,0001148 seconds, Stopping threads took: 0,0000281 seconds
Heap
 par new generation   total 109248K, used 65367K [0x00000000e0000000, 0x00000000e8000000, 0x00000000e8000000)
  eden space 87424K,  64% used [0x00000000e0000000, 0x00000000e36d7d58, 0x00000000e5560000)
  from space 21824K,  42% used [0x00000000e6ab0000, 0x00000000e73adec0, 0x00000000e8000000)
  to   space 21824K,   0% used [0x00000000e5560000, 0x00000000e5560000, 0x00000000e6ab0000)
 concurrent mark-sweep generation total 393216K, used 6054K [0x00000000e8000000, 0x0000000100000000, 0x0000000100000000)
 Metaspace       used 28132K, capacity 28660K, committed 28796K, reserved 1075200K
  class space    used 3225K, capacity 3421K, committed 3452K, reserved 1048576K
