OpenJDK 64-Bit Server VM (25.121-b13) for linux-amd64 JRE (1.8.0_121-8u121-b13-0ubuntu1.16.04.2-b13), built on Jan 23 2017 15:51:29 by "buildd" with gcc 5.4.0 20160609
Memory: 4k page, physical 7867764k(7426268k free), swap 8076284k(8076284k free)
CommandLine flags: -XX:CMSInitiatingOccupancyFraction=50 -XX:CMSMaxAbortablePrecleanTime=6000 -XX:+CMSParallelRemarkEnabled -XX:+CMSScavengeBeforeRemark -XX:ConcGCThreads=4 -XX:InitialHeapSize=536870912 -XX:MaxHeapSize=536870912 -XX:MaxTenuringThreshold=8 -XX:NewRatio=3 -XX:OldPLABSize=16 -XX:OnOutOfMemoryError=/opt/solr/bin/oom_solr.sh 8983 /var/solr/logs -XX:ParallelGCThreads=4 -XX:+ParallelRefProcEnabled -XX:PretenureSizeThreshold=67108864 -XX:+PrintGC -XX:+PrintGCApplicationStoppedTime -XX:+PrintGCDateStamps -XX:+PrintGCDetails -XX:+PrintGCTimeStamps -XX:+PrintHeapAtGC -XX:+PrintTenuringDistribution -XX:SurvivorRatio=4 -XX:TargetSurvivorRatio=90 -XX:ThreadStackSize=256 -XX:+UseCMSInitiatingOccupancyOnly -XX:+UseCompressedClassPointers -XX:+UseCompressedOops -XX:+UseConcMarkSweepGC -XX:+UseParNewGC 
2017-04-16T16:52:15.855+0200: 0,160: Total time for which application threads were stopped: 0,0000722 seconds, Stopping threads took: 0,0000099 seconds
2017-04-16T16:52:15.945+0200: 0,250: Total time for which application threads were stopped: 0,0000879 seconds, Stopping threads took: 0,0000145 seconds
2017-04-16T16:52:15.962+0200: 0,267: Total time for which application threads were stopped: 0,0000883 seconds, Stopping threads took: 0,0000187 seconds
2017-04-16T16:52:16.339+0200: 0,644: Total time for which application threads were stopped: 0,0001711 seconds, Stopping threads took: 0,0000268 seconds
2017-04-16T16:52:16.794+0200: 1,099: Total time for which application threads were stopped: 0,0001399 seconds, Stopping threads took: 0,0000137 seconds
2017-04-16T16:52:16.898+0200: 1,202: Total time for which application threads were stopped: 0,0001667 seconds, Stopping threads took: 0,0000278 seconds
2017-04-16T16:52:16.929+0200: 1,234: Total time for which application threads were stopped: 0,0001874 seconds, Stopping threads took: 0,0000283 seconds
2017-04-16T16:52:17.245+0200: 1,550: Total time for which application threads were stopped: 0,0002467 seconds, Stopping threads took: 0,0000241 seconds
2017-04-16T16:52:17.489+0200: 1,794: Total time for which application threads were stopped: 0,0002173 seconds, Stopping threads took: 0,0000255 seconds
2017-04-16T16:52:17.516+0200: 1,821: Total time for which application threads were stopped: 0,0002133 seconds, Stopping threads took: 0,0000242 seconds
2017-04-16T16:52:17.547+0200: 1,852: Total time for which application threads were stopped: 0,0001860 seconds, Stopping threads took: 0,0000162 seconds
2017-04-16T16:52:17.548+0200: 1,853: Total time for which application threads were stopped: 0,0001665 seconds, Stopping threads took: 0,0000173 seconds
2017-04-16T16:52:17.562+0200: 1,867: Total time for which application threads were stopped: 0,0001788 seconds, Stopping threads took: 0,0000232 seconds
2017-04-16T16:52:17.627+0200: 1,932: Total time for which application threads were stopped: 0,0002446 seconds, Stopping threads took: 0,0000246 seconds
2017-04-16T16:52:17.796+0200: 2,101: Total time for which application threads were stopped: 0,0002897 seconds, Stopping threads took: 0,0000246 seconds
{Heap before GC invocations=0 (full 0):
 par new generation   total 109248K, used 87424K [0x00000000e0000000, 0x00000000e8000000, 0x00000000e8000000)
  eden space 87424K, 100% used [0x00000000e0000000, 0x00000000e5560000, 0x00000000e5560000)
  from space 21824K,   0% used [0x00000000e5560000, 0x00000000e5560000, 0x00000000e6ab0000)
  to   space 21824K,   0% used [0x00000000e6ab0000, 0x00000000e6ab0000, 0x00000000e8000000)
 concurrent mark-sweep generation total 393216K, used 0K [0x00000000e8000000, 0x0000000100000000, 0x0000000100000000)
 Metaspace       used 17997K, capacity 18336K, committed 18688K, reserved 1064960K
  class space    used 2037K, capacity 2196K, committed 2304K, reserved 1048576K
2017-04-16T16:52:17.886+0200: 2,190: [GC (Allocation Failure) 2017-04-16T16:52:17.886+0200: 2,190: [ParNew
Desired survivor size 20112992 bytes, new threshold 8 (max 8)
- age   1:   12594632 bytes,   12594632 total
: 87424K->12420K(109248K), 0,0151696 secs] 87424K->12420K(502464K), 0,0152463 secs] [Times: user=0,03 sys=0,02, real=0,01 secs] 
Heap after GC invocations=1 (full 0):
 par new generation   total 109248K, used 12420K [0x00000000e0000000, 0x00000000e8000000, 0x00000000e8000000)
  eden space 87424K,   0% used [0x00000000e0000000, 0x00000000e0000000, 0x00000000e5560000)
  from space 21824K,  56% used [0x00000000e6ab0000, 0x00000000e76d1160, 0x00000000e8000000)
  to   space 21824K,   0% used [0x00000000e5560000, 0x00000000e5560000, 0x00000000e6ab0000)
 concurrent mark-sweep generation total 393216K, used 0K [0x00000000e8000000, 0x0000000100000000, 0x0000000100000000)
 Metaspace       used 17997K, capacity 18336K, committed 18688K, reserved 1064960K
  class space    used 2037K, capacity 2196K, committed 2304K, reserved 1048576K
}
2017-04-16T16:52:17.901+0200: 2,206: Total time for which application threads were stopped: 0,0154873 seconds, Stopping threads took: 0,0000322 seconds
2017-04-16T16:52:18.226+0200: 2,531: Total time for which application threads were stopped: 0,0002754 seconds, Stopping threads took: 0,0000228 seconds
{Heap before GC invocations=1 (full 0):
 par new generation   total 109248K, used 99844K [0x00000000e0000000, 0x00000000e8000000, 0x00000000e8000000)
  eden space 87424K, 100% used [0x00000000e0000000, 0x00000000e5560000, 0x00000000e5560000)
  from space 21824K,  56% used [0x00000000e6ab0000, 0x00000000e76d1160, 0x00000000e8000000)
  to   space 21824K,   0% used [0x00000000e5560000, 0x00000000e5560000, 0x00000000e6ab0000)
 concurrent mark-sweep generation total 393216K, used 0K [0x00000000e8000000, 0x0000000100000000, 0x0000000100000000)
 Metaspace       used 20041K, capacity 20378K, committed 20736K, reserved 1067008K
  class space    used 2298K, capacity 2475K, committed 2560K, reserved 1048576K
2017-04-16T16:52:18.268+0200: 2,573: [GC (Allocation Failure) 2017-04-16T16:52:18.268+0200: 2,573: [ParNew
Desired survivor size 20112992 bytes, new threshold 8 (max 8)
- age   1:    3796712 bytes,    3796712 total
- age   2:    6663544 bytes,   10460256 total
: 99844K->15598K(109248K), 0,0130374 secs] 99844K->15598K(502464K), 0,0131178 secs] [Times: user=0,04 sys=0,00, real=0,01 secs] 
Heap after GC invocations=2 (full 0):
 par new generation   total 109248K, used 15598K [0x00000000e0000000, 0x00000000e8000000, 0x00000000e8000000)
  eden space 87424K,   0% used [0x00000000e0000000, 0x00000000e0000000, 0x00000000e5560000)
  from space 21824K,  71% used [0x00000000e5560000, 0x00000000e649b940, 0x00000000e6ab0000)
  to   space 21824K,   0% used [0x00000000e6ab0000, 0x00000000e6ab0000, 0x00000000e8000000)
 concurrent mark-sweep generation total 393216K, used 0K [0x00000000e8000000, 0x0000000100000000, 0x0000000100000000)
 Metaspace       used 20041K, capacity 20378K, committed 20736K, reserved 1067008K
  class space    used 2298K, capacity 2475K, committed 2560K, reserved 1048576K
}
2017-04-16T16:52:18.281+0200: 2,586: Total time for which application threads were stopped: 0,0133685 seconds, Stopping threads took: 0,0000640 seconds
2017-04-16T16:52:18.284+0200: 2,589: Total time for which application threads were stopped: 0,0003612 seconds, Stopping threads took: 0,0000616 seconds
2017-04-16T16:52:18.314+0200: 2,619: Total time for which application threads were stopped: 0,0004245 seconds, Stopping threads took: 0,0000659 seconds
2017-04-16T16:52:18.458+0200: 2,763: Total time for which application threads were stopped: 0,0002204 seconds, Stopping threads took: 0,0000646 seconds
{Heap before GC invocations=2 (full 0):
 par new generation   total 109248K, used 103022K [0x00000000e0000000, 0x00000000e8000000, 0x00000000e8000000)
  eden space 87424K, 100% used [0x00000000e0000000, 0x00000000e5560000, 0x00000000e5560000)
  from space 21824K,  71% used [0x00000000e5560000, 0x00000000e649b940, 0x00000000e6ab0000)
  to   space 21824K,   0% used [0x00000000e6ab0000, 0x00000000e6ab0000, 0x00000000e8000000)
 concurrent mark-sweep generation total 393216K, used 0K [0x00000000e8000000, 0x0000000100000000, 0x0000000100000000)
 Metaspace       used 20957K, capacity 21300K, committed 21552K, reserved 1069056K
  class space    used 2423K, capacity 2594K, committed 2608K, reserved 1048576K
2017-04-16T16:52:18.479+0200: 2,783: [GC (Allocation Failure) 2017-04-16T16:52:18.479+0200: 2,784: [ParNew
Desired survivor size 20112992 bytes, new threshold 8 (max 8)
- age   1:    2092576 bytes,    2092576 total
- age   2:     863600 bytes,    2956176 total
- age   3:    6648488 bytes,    9604664 total
: 103022K->11258K(109248K), 0,0139169 secs] 103022K->11258K(502464K), 0,0140158 secs] [Times: user=0,05 sys=0,00, real=0,01 secs] 
Heap after GC invocations=3 (full 0):
 par new generation   total 109248K, used 11258K [0x00000000e0000000, 0x00000000e8000000, 0x00000000e8000000)
  eden space 87424K,   0% used [0x00000000e0000000, 0x00000000e0000000, 0x00000000e5560000)
  from space 21824K,  51% used [0x00000000e6ab0000, 0x00000000e75aeba0, 0x00000000e8000000)
  to   space 21824K,   0% used [0x00000000e5560000, 0x00000000e5560000, 0x00000000e6ab0000)
 concurrent mark-sweep generation total 393216K, used 0K [0x00000000e8000000, 0x0000000100000000, 0x0000000100000000)
 Metaspace       used 20957K, capacity 21300K, committed 21552K, reserved 1069056K
  class space    used 2423K, capacity 2594K, committed 2608K, reserved 1048576K
}
2017-04-16T16:52:18.493+0200: 2,798: Total time for which application threads were stopped: 0,0141960 seconds, Stopping threads took: 0,0000244 seconds
2017-04-16T16:52:18.493+0200: 2,798: [GC (CMS Initial Mark) [1 CMS-initial-mark: 0K(393216K)] 11274K(502464K), 0,0054556 secs] [Times: user=0,01 sys=0,00, real=0,01 secs] 
2017-04-16T16:52:18.499+0200: 2,803: Total time for which application threads were stopped: 0,0056194 seconds, Stopping threads took: 0,0000554 seconds
2017-04-16T16:52:18.499+0200: 2,803: [CMS-concurrent-mark-start]
2017-04-16T16:52:18.499+0200: 2,804: [CMS-concurrent-mark: 0,000/0,000 secs] [Times: user=0,01 sys=0,00, real=0,00 secs] 
2017-04-16T16:52:18.499+0200: 2,804: [CMS-concurrent-preclean-start]
2017-04-16T16:52:18.500+0200: 2,805: [CMS-concurrent-preclean: 0,001/0,001 secs] [Times: user=0,00 sys=0,00, real=0,00 secs] 
2017-04-16T16:52:18.501+0200: 2,805: [GC (CMS Final Remark) [YG occupancy: 11974 K (109248 K)]{Heap before GC invocations=3 (full 1):
 par new generation   total 109248K, used 11974K [0x00000000e0000000, 0x00000000e8000000, 0x00000000e8000000)
  eden space 87424K,   0% used [0x00000000e0000000, 0x00000000e00b2d60, 0x00000000e5560000)
  from space 21824K,  51% used [0x00000000e6ab0000, 0x00000000e75aeba0, 0x00000000e8000000)
  to   space 21824K,   0% used [0x00000000e5560000, 0x00000000e5560000, 0x00000000e6ab0000)
 concurrent mark-sweep generation total 393216K, used 0K [0x00000000e8000000, 0x0000000100000000, 0x0000000100000000)
 Metaspace       used 20958K, capacity 21300K, committed 21552K, reserved 1069056K
  class space    used 2423K, capacity 2594K, committed 2608K, reserved 1048576K
2017-04-16T16:52:18.501+0200: 2,805: [GC (CMS Final Remark) 2017-04-16T16:52:18.501+0200: 2,805: [ParNew
Desired survivor size 20112992 bytes, new threshold 8 (max 8)
- age   1:        464 bytes,        464 total
- age   2:    1603376 bytes,    1603840 total
- age   3:     834344 bytes,    2438184 total
- age   4:    6647048 bytes,    9085232 total
: 11974K->12238K(109248K), 0,0181076 secs] 11974K->12238K(502464K), 0,0181628 secs] [Times: user=0,07 sys=0,00, real=0,02 secs] 
Heap after GC invocations=4 (full 1):
 par new generation   total 109248K, used 12238K [0x00000000e0000000, 0x00000000e8000000, 0x00000000e8000000)
  eden space 87424K,   0% used [0x00000000e0000000, 0x00000000e0000000, 0x00000000e5560000)
  from space 21824K,  56% used [0x00000000e5560000, 0x00000000e6153bb0, 0x00000000e6ab0000)
  to   space 21824K,   0% used [0x00000000e6ab0000, 0x00000000e6ab0000, 0x00000000e8000000)
 concurrent mark-sweep generation total 393216K, used 0K [0x00000000e8000000, 0x0000000100000000, 0x0000000100000000)
 Metaspace       used 20958K, capacity 21300K, committed 21552K, reserved 1069056K
  class space    used 2423K, capacity 2594K, committed 2608K, reserved 1048576K
}
2017-04-16T16:52:18.519+0200: 2,824: [Rescan (parallel) , 0,0053649 secs]2017-04-16T16:52:18.524+0200: 2,829: [weak refs processing, 0,0013352 secs]2017-04-16T16:52:18.526+0200: 2,830: [class unloading, 0,0027277 secs]2017-04-16T16:52:18.528+0200: 2,833: [scrub symbol table, 0,0024370 secs]2017-04-16T16:52:18.531+0200: 2,836: [scrub string table, 0,0003659 secs][1 CMS-remark: 0K(393216K)] 12238K(502464K), 0,0310183 secs] [Times: user=0,10 sys=0,00, real=0,03 secs] 
2017-04-16T16:52:18.532+0200: 2,836: Total time for which application threads were stopped: 0,0312090 seconds, Stopping threads took: 0,0000900 seconds
2017-04-16T16:52:18.535+0200: 2,840: [CMS-concurrent-sweep-start]
2017-04-16T16:52:18.535+0200: 2,840: [CMS-concurrent-sweep: 0,000/0,000 secs] [Times: user=0,00 sys=0,00, real=0,00 secs] 
2017-04-16T16:52:18.535+0200: 2,840: [CMS-concurrent-reset-start]
2017-04-16T16:52:18.537+0200: 2,841: [CMS-concurrent-reset: 0,001/0,001 secs] [Times: user=0,00 sys=0,00, real=0,00 secs] 
{Heap before GC invocations=4 (full 1):
 par new generation   total 109248K, used 99662K [0x00000000e0000000, 0x00000000e8000000, 0x00000000e8000000)
  eden space 87424K, 100% used [0x00000000e0000000, 0x00000000e5560000, 0x00000000e5560000)
  from space 21824K,  56% used [0x00000000e5560000, 0x00000000e6153bb0, 0x00000000e6ab0000)
  to   space 21824K,   0% used [0x00000000e6ab0000, 0x00000000e6ab0000, 0x00000000e8000000)
 concurrent mark-sweep generation total 393216K, used 0K [0x00000000e8000000, 0x0000000100000000, 0x0000000100000000)
 Metaspace       used 21217K, capacity 21588K, committed 21936K, reserved 1069056K
  class space    used 2453K, capacity 2611K, committed 2736K, reserved 1048576K
2017-04-16T16:52:18.631+0200: 2,936: [GC (Allocation Failure) 2017-04-16T16:52:18.631+0200: 2,936: [ParNew
Desired survivor size 20112992 bytes, new threshold 8 (max 8)
- age   1:    1468240 bytes,    1468240 total
- age   2:        304 bytes,    1468544 total
- age   3:    1468376 bytes,    2936920 total
- age   4:     832136 bytes,    3769056 total
- age   5:    6647048 bytes,   10416104 total
: 99662K->14758K(109248K), 0,0114385 secs] 99662K->14758K(502464K), 0,0115117 secs] [Times: user=0,02 sys=0,01, real=0,02 secs] 
Heap after GC invocations=5 (full 1):
 par new generation   total 109248K, used 14758K [0x00000000e0000000, 0x00000000e8000000, 0x00000000e8000000)
  eden space 87424K,   0% used [0x00000000e0000000, 0x00000000e0000000, 0x00000000e5560000)
  from space 21824K,  67% used [0x00000000e6ab0000, 0x00000000e7919bf8, 0x00000000e8000000)
  to   space 21824K,   0% used [0x00000000e5560000, 0x00000000e5560000, 0x00000000e6ab0000)
 concurrent mark-sweep generation total 393216K, used 0K [0x00000000e8000000, 0x0000000100000000, 0x0000000100000000)
 Metaspace       used 21217K, capacity 21588K, committed 21936K, reserved 1069056K
  class space    used 2453K, capacity 2611K, committed 2736K, reserved 1048576K
}
2017-04-16T16:52:18.643+0200: 2,948: Total time for which application threads were stopped: 0,0117582 seconds, Stopping threads took: 0,0000853 seconds
{Heap before GC invocations=5 (full 1):
 par new generation   total 109248K, used 102182K [0x00000000e0000000, 0x00000000e8000000, 0x00000000e8000000)
  eden space 87424K, 100% used [0x00000000e0000000, 0x00000000e5560000, 0x00000000e5560000)
  from space 21824K,  67% used [0x00000000e6ab0000, 0x00000000e7919bf8, 0x00000000e8000000)
  to   space 21824K,   0% used [0x00000000e5560000, 0x00000000e5560000, 0x00000000e6ab0000)
 concurrent mark-sweep generation total 393216K, used 0K [0x00000000e8000000, 0x0000000100000000, 0x0000000100000000)
 Metaspace       used 21378K, capacity 21760K, committed 21936K, reserved 1069056K
  class space    used 2473K, capacity 2645K, committed 2736K, reserved 1048576K
2017-04-16T16:52:18.730+0200: 3,035: [GC (Allocation Failure) 2017-04-16T16:52:18.730+0200: 3,035: [ParNew
Desired survivor size 20112992 bytes, new threshold 8 (max 8)
- age   1:     927200 bytes,     927200 total
- age   2:     184344 bytes,    1111544 total
- age   3:        304 bytes,    1111848 total
- age   4:    1468000 bytes,    2579848 total
- age   5:     828344 bytes,    3408192 total
- age   6:    6647232 bytes,   10055424 total
: 102182K->11601K(109248K), 0,0100409 secs] 102182K->11601K(502464K), 0,0101085 secs] [Times: user=0,04 sys=0,00, real=0,01 secs] 
Heap after GC invocations=6 (full 1):
 par new generation   total 109248K, used 11601K [0x00000000e0000000, 0x00000000e8000000, 0x00000000e8000000)
  eden space 87424K,   0% used [0x00000000e0000000, 0x00000000e0000000, 0x00000000e5560000)
  from space 21824K,  53% used [0x00000000e5560000, 0x00000000e60b45f8, 0x00000000e6ab0000)
  to   space 21824K,   0% used [0x00000000e6ab0000, 0x00000000e6ab0000, 0x00000000e8000000)
 concurrent mark-sweep generation total 393216K, used 0K [0x00000000e8000000, 0x0000000100000000, 0x0000000100000000)
 Metaspace       used 21378K, capacity 21760K, committed 21936K, reserved 1069056K
  class space    used 2473K, capacity 2645K, committed 2736K, reserved 1048576K
}
2017-04-16T16:52:18.740+0200: 3,045: Total time for which application threads were stopped: 0,0103430 seconds, Stopping threads took: 0,0000757 seconds
2017-04-16T16:52:18.770+0200: 3,075: Total time for which application threads were stopped: 0,0003094 seconds, Stopping threads took: 0,0000134 seconds
2017-04-16T16:52:18.983+0200: 3,288: Total time for which application threads were stopped: 0,0004377 seconds, Stopping threads took: 0,0000250 seconds
2017-04-16T16:52:18.997+0200: 3,302: Total time for which application threads were stopped: 0,0004720 seconds, Stopping threads took: 0,0000420 seconds
{Heap before GC invocations=6 (full 1):
 par new generation   total 109248K, used 99025K [0x00000000e0000000, 0x00000000e8000000, 0x00000000e8000000)
  eden space 87424K, 100% used [0x00000000e0000000, 0x00000000e5560000, 0x00000000e5560000)
  from space 21824K,  53% used [0x00000000e5560000, 0x00000000e60b45f8, 0x00000000e6ab0000)
  to   space 21824K,   0% used [0x00000000e6ab0000, 0x00000000e6ab0000, 0x00000000e8000000)
 concurrent mark-sweep generation total 393216K, used 0K [0x00000000e8000000, 0x0000000100000000, 0x0000000100000000)
 Metaspace       used 23854K, capacity 24328K, committed 24496K, reserved 1071104K
  class space    used 2808K, capacity 2989K, committed 2992K, reserved 1048576K
2017-04-16T16:52:19.155+0200: 3,460: [GC (Allocation Failure) 2017-04-16T16:52:19.155+0200: 3,460: [ParNew
Desired survivor size 20112992 bytes, new threshold 8 (max 8)
- age   1:    5310432 bytes,    5310432 total
- age   2:     124864 bytes,    5435296 total
- age   3:     183008 bytes,    5618304 total
- age   4:        280 bytes,    5618584 total
- age   5:     290432 bytes,    5909016 total
- age   6:     804024 bytes,    6713040 total
- age   7:    6638664 bytes,   13351704 total
: 99025K->17307K(109248K), 0,0160229 secs] 99025K->17307K(502464K), 0,0160958 secs] [Times: user=0,04 sys=0,01, real=0,01 secs] 
Heap after GC invocations=7 (full 1):
 par new generation   total 109248K, used 17307K [0x00000000e0000000, 0x00000000e8000000, 0x00000000e8000000)
  eden space 87424K,   0% used [0x00000000e0000000, 0x00000000e0000000, 0x00000000e5560000)
  from space 21824K,  79% used [0x00000000e6ab0000, 0x00000000e7b96e00, 0x00000000e8000000)
  to   space 21824K,   0% used [0x00000000e5560000, 0x00000000e5560000, 0x00000000e6ab0000)
 concurrent mark-sweep generation total 393216K, used 0K [0x00000000e8000000, 0x0000000100000000, 0x0000000100000000)
 Metaspace       used 23854K, capacity 24328K, committed 24496K, reserved 1071104K
  class space    used 2808K, capacity 2989K, committed 2992K, reserved 1048576K
}
2017-04-16T16:52:19.171+0200: 3,476: Total time for which application threads were stopped: 0,0163370 seconds, Stopping threads took: 0,0000365 seconds
{Heap before GC invocations=7 (full 1):
 par new generation   total 109248K, used 104731K [0x00000000e0000000, 0x00000000e8000000, 0x00000000e8000000)
  eden space 87424K, 100% used [0x00000000e0000000, 0x00000000e5560000, 0x00000000e5560000)
  from space 21824K,  79% used [0x00000000e6ab0000, 0x00000000e7b96e00, 0x00000000e8000000)
  to   space 21824K,   0% used [0x00000000e5560000, 0x00000000e5560000, 0x00000000e6ab0000)
 concurrent mark-sweep generation total 393216K, used 0K [0x00000000e8000000, 0x0000000100000000, 0x0000000100000000)
 Metaspace       used 24460K, capacity 24990K, committed 25136K, reserved 1071104K
  class space    used 2868K, capacity 3057K, committed 3120K, reserved 1048576K
2017-04-16T16:52:19.285+0200: 3,589: [GC (Allocation Failure) 2017-04-16T16:52:19.285+0200: 3,590: [ParNew
Desired survivor size 20112992 bytes, new threshold 8 (max 8)
- age   1:    1815488 bytes,    1815488 total
- age   2:    1827296 bytes,    3642784 total
- age   3:      80608 bytes,    3723392 total
- age   4:      95488 bytes,    3818880 total
- age   6:     191448 bytes,    4010328 total
- age   7:     762608 bytes,    4772936 total
- age   8:    6104472 bytes,   10877408 total
: 104731K->14105K(109248K), 0,0166951 secs] 104731K->14105K(502464K), 0,0168063 secs] [Times: user=0,06 sys=0,00, real=0,01 secs] 
Heap after GC invocations=8 (full 1):
 par new generation   total 109248K, used 14105K [0x00000000e0000000, 0x00000000e8000000, 0x00000000e8000000)
  eden space 87424K,   0% used [0x00000000e0000000, 0x00000000e0000000, 0x00000000e5560000)
  from space 21824K,  64% used [0x00000000e5560000, 0x00000000e63267c0, 0x00000000e6ab0000)
  to   space 21824K,   0% used [0x00000000e6ab0000, 0x00000000e6ab0000, 0x00000000e8000000)
 concurrent mark-sweep generation total 393216K, used 0K [0x00000000e8000000, 0x0000000100000000, 0x0000000100000000)
 Metaspace       used 24460K, capacity 24990K, committed 25136K, reserved 1071104K
  class space    used 2868K, capacity 3057K, committed 3120K, reserved 1048576K
}
2017-04-16T16:52:19.302+0200: 3,606: Total time for which application threads were stopped: 0,0171579 seconds, Stopping threads took: 0,0001141 seconds
{Heap before GC invocations=8 (full 1):
 par new generation   total 109248K, used 101529K [0x00000000e0000000, 0x00000000e8000000, 0x00000000e8000000)
  eden space 87424K, 100% used [0x00000000e0000000, 0x00000000e5560000, 0x00000000e5560000)
  from space 21824K,  64% used [0x00000000e5560000, 0x00000000e63267c0, 0x00000000e6ab0000)
  to   space 21824K,   0% used [0x00000000e6ab0000, 0x00000000e6ab0000, 0x00000000e8000000)
 concurrent mark-sweep generation total 393216K, used 0K [0x00000000e8000000, 0x0000000100000000, 0x0000000100000000)
 Metaspace       used 24660K, capacity 25160K, committed 25392K, reserved 1071104K
  class space    used 2886K, capacity 3091K, committed 3120K, reserved 1048576K
2017-04-16T16:52:19.391+0200: 3,696: [GC (Allocation Failure) 2017-04-16T16:52:19.392+0200: 3,696: [ParNew
Desired survivor size 20112992 bytes, new threshold 8 (max 8)
- age   1:     628936 bytes,     628936 total
- age   2:    1024072 bytes,    1653008 total
- age   3:    1805008 bytes,    3458016 total
- age   4:      80576 bytes,    3538592 total
- age   5:      95424 bytes,    3634016 total
- age   7:     188544 bytes,    3822560 total
- age   8:     761808 bytes,    4584368 total
: 101529K->8619K(109248K), 0,0447725 secs] 101529K->14663K(502464K), 0,0448426 secs] [Times: user=0,12 sys=0,00, real=0,05 secs] 
Heap after GC invocations=9 (full 1):
 par new generation   total 109248K, used 8619K [0x00000000e0000000, 0x00000000e8000000, 0x00000000e8000000)
  eden space 87424K,   0% used [0x00000000e0000000, 0x00000000e0000000, 0x00000000e5560000)
  from space 21824K,  39% used [0x00000000e6ab0000, 0x00000000e731aed0, 0x00000000e8000000)
  to   space 21824K,   0% used [0x00000000e5560000, 0x00000000e5560000, 0x00000000e6ab0000)
 concurrent mark-sweep generation total 393216K, used 6043K [0x00000000e8000000, 0x0000000100000000, 0x0000000100000000)
 Metaspace       used 24660K, capacity 25160K, committed 25392K, reserved 1071104K
  class space    used 2886K, capacity 3091K, committed 3120K, reserved 1048576K
}
2017-04-16T16:52:19.436+0200: 3,741: Total time for which application threads were stopped: 0,0451619 seconds, Stopping threads took: 0,0001422 seconds
2017-04-16T16:52:19.746+0200: 4,051: Total time for which application threads were stopped: 0,0005697 seconds, Stopping threads took: 0,0000533 seconds
2017-04-16T16:52:19.754+0200: 4,059: Total time for which application threads were stopped: 0,0002826 seconds, Stopping threads took: 0,0001333 seconds
2017-04-16T16:52:19.754+0200: 4,059: Total time for which application threads were stopped: 0,0002456 seconds, Stopping threads took: 0,0001636 seconds
2017-04-16T16:52:19.755+0200: 4,059: Total time for which application threads were stopped: 0,0001166 seconds, Stopping threads took: 0,0000295 seconds
2017-04-16T16:52:19.762+0200: 4,067: Total time for which application threads were stopped: 0,0050992 seconds, Stopping threads took: 0,0050046 seconds
2017-04-16T16:52:19.762+0200: 4,067: Total time for which application threads were stopped: 0,0000658 seconds, Stopping threads took: 0,0000338 seconds
2017-04-16T16:52:19.763+0200: 4,067: Total time for which application threads were stopped: 0,0000621 seconds, Stopping threads took: 0,0000105 seconds
2017-04-16T16:52:19.763+0200: 4,068: Total time for which application threads were stopped: 0,0000771 seconds, Stopping threads took: 0,0000162 seconds
2017-04-16T16:52:19.764+0200: 4,068: Total time for which application threads were stopped: 0,0001344 seconds, Stopping threads took: 0,0000383 seconds
2017-04-16T16:52:19.770+0200: 4,074: Total time for which application threads were stopped: 0,0016255 seconds, Stopping threads took: 0,0015456 seconds
2017-04-16T16:52:19.771+0200: 4,075: Total time for which application threads were stopped: 0,0006370 seconds, Stopping threads took: 0,0005590 seconds
2017-04-16T16:52:19.771+0200: 4,075: Total time for which application threads were stopped: 0,0000617 seconds, Stopping threads took: 0,0000121 seconds
2017-04-16T16:52:19.772+0200: 4,077: Total time for which application threads were stopped: 0,0004809 seconds, Stopping threads took: 0,0003592 seconds
2017-04-16T16:52:19.772+0200: 4,077: Total time for which application threads were stopped: 0,0001109 seconds, Stopping threads took: 0,0000228 seconds
2017-04-16T16:52:19.778+0200: 4,083: Total time for which application threads were stopped: 0,0033791 seconds, Stopping threads took: 0,0032847 seconds
2017-04-16T16:52:19.778+0200: 4,083: Total time for which application threads were stopped: 0,0000666 seconds, Stopping threads took: 0,0000170 seconds
2017-04-16T16:52:19.779+0200: 4,084: Total time for which application threads were stopped: 0,0006409 seconds, Stopping threads took: 0,0005718 seconds
2017-04-16T16:52:19.785+0200: 4,090: Total time for which application threads were stopped: 0,0009828 seconds, Stopping threads took: 0,0008611 seconds
2017-04-16T16:52:19.799+0200: 4,104: Total time for which application threads were stopped: 0,0001884 seconds, Stopping threads took: 0,0000478 seconds
2017-04-16T16:52:19.800+0200: 4,105: Total time for which application threads were stopped: 0,0001799 seconds, Stopping threads took: 0,0000517 seconds
2017-04-16T16:52:19.805+0200: 4,109: Total time for which application threads were stopped: 0,0003323 seconds, Stopping threads took: 0,0001989 seconds
2017-04-16T16:52:19.827+0200: 4,131: Total time for which application threads were stopped: 0,0001672 seconds, Stopping threads took: 0,0000377 seconds
2017-04-16T16:52:19.835+0200: 4,139: Total time for which application threads were stopped: 0,0033652 seconds, Stopping threads took: 0,0032240 seconds
2017-04-16T16:52:19.855+0200: 4,160: Total time for which application threads were stopped: 0,0001569 seconds, Stopping threads took: 0,0000626 seconds
2017-04-16T16:52:19.855+0200: 4,160: Total time for which application threads were stopped: 0,0000680 seconds, Stopping threads took: 0,0000105 seconds
2017-04-16T16:52:19.857+0200: 4,162: Total time for which application threads were stopped: 0,0005315 seconds, Stopping threads took: 0,0000369 seconds
2017-04-16T16:52:19.863+0200: 4,168: Total time for which application threads were stopped: 0,0004060 seconds, Stopping threads took: 0,0003304 seconds
2017-04-16T16:52:19.894+0200: 4,198: Total time for which application threads were stopped: 0,0002661 seconds, Stopping threads took: 0,0000234 seconds
2017-04-16T16:52:19.915+0200: 4,220: Total time for which application threads were stopped: 0,0076168 seconds, Stopping threads took: 0,0071245 seconds
2017-04-16T16:52:19.934+0200: 4,239: Total time for which application threads were stopped: 0,0005046 seconds, Stopping threads took: 0,0000472 seconds
2017-04-16T16:52:19.934+0200: 4,239: Total time for which application threads were stopped: 0,0001102 seconds, Stopping threads took: 0,0000179 seconds
2017-04-16T16:52:19.953+0200: 4,258: Total time for which application threads were stopped: 0,0001288 seconds, Stopping threads took: 0,0000315 seconds
2017-04-16T16:52:20.143+0200: 4,448: Total time for which application threads were stopped: 0,0008620 seconds, Stopping threads took: 0,0003143 seconds
2017-04-16T16:52:20.154+0200: 4,459: Total time for which application threads were stopped: 0,0002030 seconds, Stopping threads took: 0,0000597 seconds
2017-04-16T16:52:20.154+0200: 4,459: Total time for which application threads were stopped: 0,0000973 seconds, Stopping threads took: 0,0000207 seconds
2017-04-16T16:52:20.155+0200: 4,459: Total time for which application threads were stopped: 0,0001042 seconds, Stopping threads took: 0,0000232 seconds
2017-04-16T16:52:20.183+0200: 4,488: Total time for which application threads were stopped: 0,0060030 seconds, Stopping threads took: 0,0054415 seconds
2017-04-16T16:52:20.194+0200: 4,499: Total time for which application threads were stopped: 0,0003019 seconds, Stopping threads took: 0,0002041 seconds
2017-04-16T16:52:20.198+0200: 4,503: Total time for which application threads were stopped: 0,0028752 seconds, Stopping threads took: 0,0027471 seconds
2017-04-16T16:52:20.210+0200: 4,515: Total time for which application threads were stopped: 0,0001840 seconds, Stopping threads took: 0,0000686 seconds
2017-04-16T16:52:20.211+0200: 4,515: Total time for which application threads were stopped: 0,0001433 seconds, Stopping threads took: 0,0000168 seconds
2017-04-16T16:52:20.211+0200: 4,516: Total time for which application threads were stopped: 0,0001048 seconds, Stopping threads took: 0,0000189 seconds
2017-04-16T16:52:20.213+0200: 4,518: Total time for which application threads were stopped: 0,0001383 seconds, Stopping threads took: 0,0000320 seconds
2017-04-16T16:52:20.213+0200: 4,518: Total time for which application threads were stopped: 0,0000910 seconds, Stopping threads took: 0,0000179 seconds
2017-04-16T16:52:20.214+0200: 4,518: Total time for which application threads were stopped: 0,0001257 seconds, Stopping threads took: 0,0000407 seconds
2017-04-16T16:52:20.214+0200: 4,518: Total time for which application threads were stopped: 0,0000897 seconds, Stopping threads took: 0,0000269 seconds
2017-04-16T16:52:20.215+0200: 4,519: Total time for which application threads were stopped: 0,0001514 seconds, Stopping threads took: 0,0000210 seconds
2017-04-16T16:52:20.217+0200: 4,521: Total time for which application threads were stopped: 0,0001417 seconds, Stopping threads took: 0,0000483 seconds
2017-04-16T16:52:20.217+0200: 4,522: Total time for which application threads were stopped: 0,0001128 seconds, Stopping threads took: 0,0000144 seconds
2017-04-16T16:52:20.217+0200: 4,522: Total time for which application threads were stopped: 0,0000905 seconds, Stopping threads took: 0,0000246 seconds
2017-04-16T16:52:20.217+0200: 4,522: Total time for which application threads were stopped: 0,0001502 seconds, Stopping threads took: 0,0000790 seconds
2017-04-16T16:52:20.217+0200: 4,522: Total time for which application threads were stopped: 0,0000935 seconds, Stopping threads took: 0,0000258 seconds
2017-04-16T16:52:20.222+0200: 4,527: Total time for which application threads were stopped: 0,0048079 seconds, Stopping threads took: 0,0047074 seconds
2017-04-16T16:52:20.224+0200: 4,529: Total time for which application threads were stopped: 0,0005826 seconds, Stopping threads took: 0,0005062 seconds
2017-04-16T16:52:20.224+0200: 4,529: Total time for which application threads were stopped: 0,0001903 seconds, Stopping threads took: 0,0000169 seconds
2017-04-16T16:52:20.225+0200: 4,530: Total time for which application threads were stopped: 0,0001267 seconds, Stopping threads took: 0,0000436 seconds
2017-04-16T16:52:20.238+0200: 4,543: Total time for which application threads were stopped: 0,0001330 seconds, Stopping threads took: 0,0000421 seconds
2017-04-16T16:52:20.247+0200: 4,552: Total time for which application threads were stopped: 0,0001919 seconds, Stopping threads took: 0,0000885 seconds
2017-04-16T16:52:20.291+0200: 4,596: Total time for which application threads were stopped: 0,0142224 seconds, Stopping threads took: 0,0140513 seconds
2017-04-16T16:52:20.322+0200: 4,627: Total time for which application threads were stopped: 0,0003431 seconds, Stopping threads took: 0,0002399 seconds
2017-04-16T16:52:20.327+0200: 4,632: Total time for which application threads were stopped: 0,0029286 seconds, Stopping threads took: 0,0028376 seconds
2017-04-16T16:52:20.342+0200: 4,646: Total time for which application threads were stopped: 0,0001354 seconds, Stopping threads took: 0,0000353 seconds
2017-04-16T16:52:20.342+0200: 4,647: Total time for which application threads were stopped: 0,0004842 seconds, Stopping threads took: 0,0000250 seconds
2017-04-16T16:52:20.349+0200: 4,654: Total time for which application threads were stopped: 0,0060427 seconds, Stopping threads took: 0,0058993 seconds
2017-04-16T16:52:20.355+0200: 4,660: Total time for which application threads were stopped: 0,0001805 seconds, Stopping threads took: 0,0000446 seconds
2017-04-16T16:52:21.355+0200: 5,660: Total time for which application threads were stopped: 0,0000856 seconds, Stopping threads took: 0,0000193 seconds
2017-04-16T16:53:43.364+0200: 87,669: Total time for which application threads were stopped: 0,0001073 seconds, Stopping threads took: 0,0000290 seconds
2017-04-16T16:54:17.368+0200: 121,673: Total time for which application threads were stopped: 0,0001008 seconds, Stopping threads took: 0,0000410 seconds
2017-04-16T16:54:23.369+0200: 127,674: Total time for which application threads were stopped: 0,0000793 seconds, Stopping threads took: 0,0000322 seconds
{Heap before GC invocations=9 (full 1):
 par new generation   total 109248K, used 96043K [0x00000000e0000000, 0x00000000e8000000, 0x00000000e8000000)
  eden space 87424K, 100% used [0x00000000e0000000, 0x00000000e5560000, 0x00000000e5560000)
  from space 21824K,  39% used [0x00000000e6ab0000, 0x00000000e731aed0, 0x00000000e8000000)
  to   space 21824K,   0% used [0x00000000e5560000, 0x00000000e5560000, 0x00000000e6ab0000)
 concurrent mark-sweep generation total 393216K, used 6043K [0x00000000e8000000, 0x0000000100000000, 0x0000000100000000)
 Metaspace       used 28041K, capacity 28596K, committed 28848K, reserved 1075200K
  class space    used 3219K, capacity 3399K, committed 3504K, reserved 1048576K
2017-04-16T16:55:11.814+0200: 176,119: [GC (Allocation Failure) 2017-04-16T16:55:11.814+0200: 176,119: [ParNew
Desired survivor size 20112992 bytes, new threshold 8 (max 8)
- age   1:   11342792 bytes,   11342792 total
- age   2:     164096 bytes,   11506888 total
- age   3:     237432 bytes,   11744320 total
- age   4:    1798816 bytes,   13543136 total
- age   5:      80544 bytes,   13623680 total
- age   6:      92816 bytes,   13716496 total
- age   8:     187920 bytes,   13904416 total
: 96043K->15142K(109248K), 0,0134542 secs] 102087K->22016K(502464K), 0,0135150 secs] [Times: user=0,04 sys=0,01, real=0,02 secs] 
Heap after GC invocations=10 (full 1):
 par new generation   total 109248K, used 15142K [0x00000000e0000000, 0x00000000e8000000, 0x00000000e8000000)
  eden space 87424K,   0% used [0x00000000e0000000, 0x00000000e0000000, 0x00000000e5560000)
  from space 21824K,  69% used [0x00000000e5560000, 0x00000000e6429900, 0x00000000e6ab0000)
  to   space 21824K,   0% used [0x00000000e6ab0000, 0x00000000e6ab0000, 0x00000000e8000000)
 concurrent mark-sweep generation total 393216K, used 6874K [0x00000000e8000000, 0x0000000100000000, 0x0000000100000000)
 Metaspace       used 28041K, capacity 28596K, committed 28848K, reserved 1075200K
  class space    used 3219K, capacity 3399K, committed 3504K, reserved 1048576K
}
2017-04-16T16:55:11.828+0200: 176,133: Total time for which application threads were stopped: 0,0136713 seconds, Stopping threads took: 0,0000467 seconds
2017-04-16T16:55:11.834+0200: 176,139: Total time for which application threads were stopped: 0,0000777 seconds, Stopping threads took: 0,0000262 seconds
2017-04-16T16:55:11.834+0200: 176,139: Total time for which application threads were stopped: 0,0000474 seconds, Stopping threads took: 0,0000109 seconds
2017-04-16T16:56:52.845+0200: 277,150: Total time for which application threads were stopped: 0,0001099 seconds, Stopping threads took: 0,0000378 seconds
2017-04-16T17:13:27.403+0200: 1271,707: Total time for which application threads were stopped: 0,0018501 seconds, Stopping threads took: 0,0017596 seconds
2017-04-16T17:13:27.422+0200: 1271,727: Total time for which application threads were stopped: 0,0126734 seconds, Stopping threads took: 0,0125849 seconds
2017-04-16T17:13:27.422+0200: 1271,727: Total time for which application threads were stopped: 0,0000946 seconds, Stopping threads took: 0,0000237 seconds
2017-04-16T17:13:27.428+0200: 1271,732: Total time for which application threads were stopped: 0,0001088 seconds, Stopping threads took: 0,0000410 seconds
2017-04-16T17:13:27.428+0200: 1271,733: Total time for which application threads were stopped: 0,0000647 seconds, Stopping threads took: 0,0000200 seconds
2017-04-16T17:13:27.429+0200: 1271,734: Total time for which application threads were stopped: 0,0000822 seconds, Stopping threads took: 0,0000133 seconds
2017-04-16T17:13:27.430+0200: 1271,734: Total time for which application threads were stopped: 0,0001094 seconds, Stopping threads took: 0,0000250 seconds
2017-04-16T17:13:27.430+0200: 1271,735: Total time for which application threads were stopped: 0,0000646 seconds, Stopping threads took: 0,0000095 seconds
2017-04-16T17:13:27.431+0200: 1271,736: Total time for which application threads were stopped: 0,0001116 seconds, Stopping threads took: 0,0000287 seconds
2017-04-16T17:13:27.431+0200: 1271,736: Total time for which application threads were stopped: 0,0000635 seconds, Stopping threads took: 0,0000092 seconds
2017-04-16T17:13:27.431+0200: 1271,736: Total time for which application threads were stopped: 0,0000681 seconds, Stopping threads took: 0,0000209 seconds
2017-04-16T17:13:27.432+0200: 1271,736: Total time for which application threads were stopped: 0,0000554 seconds, Stopping threads took: 0,0000071 seconds
2017-04-16T17:13:27.432+0200: 1271,736: Total time for which application threads were stopped: 0,0000603 seconds, Stopping threads took: 0,0000147 seconds
2017-04-16T17:13:27.432+0200: 1271,737: Total time for which application threads were stopped: 0,0000450 seconds, Stopping threads took: 0,0000060 seconds
2017-04-16T17:13:27.432+0200: 1271,737: Total time for which application threads were stopped: 0,0000554 seconds, Stopping threads took: 0,0000161 seconds
2017-04-16T17:13:27.432+0200: 1271,737: Total time for which application threads were stopped: 0,0000421 seconds, Stopping threads took: 0,0000067 seconds
2017-04-16T17:13:27.432+0200: 1271,737: Total time for which application threads were stopped: 0,0000505 seconds, Stopping threads took: 0,0000130 seconds
2017-04-16T17:13:27.435+0200: 1271,739: Total time for which application threads were stopped: 0,0001391 seconds, Stopping threads took: 0,0000379 seconds
2017-04-16T17:13:27.435+0200: 1271,740: Total time for which application threads were stopped: 0,0000642 seconds, Stopping threads took: 0,0000094 seconds
2017-04-16T17:13:27.435+0200: 1271,740: Total time for which application threads were stopped: 0,0000522 seconds, Stopping threads took: 0,0000080 seconds
2017-04-16T17:13:27.435+0200: 1271,740: Total time for which application threads were stopped: 0,0000436 seconds, Stopping threads took: 0,0000061 seconds
2017-04-16T17:13:27.435+0200: 1271,740: Total time for which application threads were stopped: 0,0000442 seconds, Stopping threads took: 0,0000061 seconds
2017-04-16T17:13:27.435+0200: 1271,740: Total time for which application threads were stopped: 0,0000428 seconds, Stopping threads took: 0,0000056 seconds
2017-04-16T17:13:27.435+0200: 1271,740: Total time for which application threads were stopped: 0,0000405 seconds, Stopping threads took: 0,0000049 seconds
2017-04-16T17:13:27.437+0200: 1271,741: Total time for which application threads were stopped: 0,0001615 seconds, Stopping threads took: 0,0000966 seconds
2017-04-16T17:13:27.437+0200: 1271,741: Total time for which application threads were stopped: 0,0000562 seconds, Stopping threads took: 0,0000086 seconds
2017-04-16T17:13:27.437+0200: 1271,741: Total time for which application threads were stopped: 0,0000465 seconds, Stopping threads took: 0,0000070 seconds
2017-04-16T17:13:27.437+0200: 1271,742: Total time for which application threads were stopped: 0,0000485 seconds, Stopping threads took: 0,0000073 seconds
2017-04-16T17:13:27.441+0200: 1271,745: Total time for which application threads were stopped: 0,0001135 seconds, Stopping threads took: 0,0000435 seconds
2017-04-16T17:13:27.448+0200: 1271,753: Total time for which application threads were stopped: 0,0001187 seconds, Stopping threads took: 0,0000333 seconds
2017-04-16T17:13:27.448+0200: 1271,753: Total time for which application threads were stopped: 0,0000671 seconds, Stopping threads took: 0,0000195 seconds
2017-04-16T17:13:27.449+0200: 1271,753: Total time for which application threads were stopped: 0,0000588 seconds, Stopping threads took: 0,0000175 seconds
2017-04-16T17:13:27.449+0200: 1271,753: Total time for which application threads were stopped: 0,0000562 seconds, Stopping threads took: 0,0000187 seconds
2017-04-16T17:13:27.449+0200: 1271,754: Total time for which application threads were stopped: 0,0000558 seconds, Stopping threads took: 0,0000162 seconds
2017-04-16T17:13:27.449+0200: 1271,754: Total time for which application threads were stopped: 0,0000490 seconds, Stopping threads took: 0,0000122 seconds
2017-04-16T17:13:27.449+0200: 1271,754: Total time for which application threads were stopped: 0,0000502 seconds, Stopping threads took: 0,0000128 seconds
2017-04-16T17:13:27.449+0200: 1271,754: Total time for which application threads were stopped: 0,0000481 seconds, Stopping threads took: 0,0000126 seconds
2017-04-16T17:13:27.449+0200: 1271,754: Total time for which application threads were stopped: 0,0000486 seconds, Stopping threads took: 0,0000138 seconds
2017-04-16T17:13:27.458+0200: 1271,762: Total time for which application threads were stopped: 0,0015068 seconds, Stopping threads took: 0,0014067 seconds
2017-04-16T17:13:27.460+0200: 1271,765: Total time for which application threads were stopped: 0,0001274 seconds, Stopping threads took: 0,0000460 seconds
2017-04-16T17:13:27.465+0200: 1271,769: Total time for which application threads were stopped: 0,0001002 seconds, Stopping threads took: 0,0000175 seconds
2017-04-16T17:13:27.467+0200: 1271,772: Total time for which application threads were stopped: 0,0000974 seconds, Stopping threads took: 0,0000199 seconds
2017-04-16T17:13:27.467+0200: 1271,772: Total time for which application threads were stopped: 0,0000943 seconds, Stopping threads took: 0,0000425 seconds
2017-04-16T17:13:27.471+0200: 1271,775: Total time for which application threads were stopped: 0,0011059 seconds, Stopping threads took: 0,0010309 seconds
2017-04-16T17:13:27.471+0200: 1271,776: Total time for which application threads were stopped: 0,0000728 seconds, Stopping threads took: 0,0000372 seconds
2017-04-16T17:13:27.471+0200: 1271,776: Total time for which application threads were stopped: 0,0000552 seconds, Stopping threads took: 0,0000287 seconds
2017-04-16T17:13:27.473+0200: 1271,778: Total time for which application threads were stopped: 0,0018648 seconds, Stopping threads took: 0,0018374 seconds
2017-04-16T17:13:27.473+0200: 1271,778: Total time for which application threads were stopped: 0,0000351 seconds, Stopping threads took: 0,0000151 seconds
2017-04-16T17:13:27.473+0200: 1271,778: Total time for which application threads were stopped: 0,0000417 seconds, Stopping threads took: 0,0000196 seconds
2017-04-16T17:13:27.473+0200: 1271,778: Total time for which application threads were stopped: 0,0000529 seconds, Stopping threads took: 0,0000206 seconds
2017-04-16T17:13:27.473+0200: 1271,778: Total time for which application threads were stopped: 0,0000374 seconds, Stopping threads took: 0,0000140 seconds
2017-04-16T17:13:27.473+0200: 1271,778: Total time for which application threads were stopped: 0,0000395 seconds, Stopping threads took: 0,0000134 seconds
2017-04-16T17:13:27.474+0200: 1271,778: Total time for which application threads were stopped: 0,0000300 seconds, Stopping threads took: 0,0000067 seconds
2017-04-16T17:13:27.474+0200: 1271,778: Total time for which application threads were stopped: 0,0000261 seconds, Stopping threads took: 0,0000065 seconds
2017-04-16T17:13:27.474+0200: 1271,779: Total time for which application threads were stopped: 0,0000245 seconds, Stopping threads took: 0,0000057 seconds
2017-04-16T17:13:27.474+0200: 1271,779: Total time for which application threads were stopped: 0,0000388 seconds, Stopping threads took: 0,0000174 seconds
2017-04-16T17:13:27.474+0200: 1271,779: Total time for which application threads were stopped: 0,0000302 seconds, Stopping threads took: 0,0000089 seconds
2017-04-16T17:13:27.474+0200: 1271,779: Total time for which application threads were stopped: 0,0000344 seconds, Stopping threads took: 0,0000141 seconds
2017-04-16T17:13:27.474+0200: 1271,779: Total time for which application threads were stopped: 0,0000229 seconds, Stopping threads took: 0,0000056 seconds
2017-04-16T17:13:27.474+0200: 1271,779: Total time for which application threads were stopped: 0,0000336 seconds, Stopping threads took: 0,0000140 seconds
2017-04-16T17:13:27.474+0200: 1271,779: Total time for which application threads were stopped: 0,0000228 seconds, Stopping threads took: 0,0000055 seconds
2017-04-16T17:13:27.474+0200: 1271,779: Total time for which application threads were stopped: 0,0001060 seconds, Stopping threads took: 0,0000109 seconds
2017-04-16T17:13:27.475+0200: 1271,780: Total time for which application threads were stopped: 0,0000679 seconds, Stopping threads took: 0,0000270 seconds
2017-04-16T17:13:27.475+0200: 1271,780: Total time for which application threads were stopped: 0,0000419 seconds, Stopping threads took: 0,0000153 seconds
2017-04-16T17:13:27.483+0200: 1271,788: Total time for which application threads were stopped: 0,0008990 seconds, Stopping threads took: 0,0008148 seconds
2017-04-16T17:13:27.484+0200: 1271,788: Total time for which application threads were stopped: 0,0000330 seconds, Stopping threads took: 0,0000079 seconds
2017-04-16T17:13:27.484+0200: 1271,789: Total time for which application threads were stopped: 0,0001386 seconds, Stopping threads took: 0,0000361 seconds
Heap
 par new generation   total 109248K, used 37783K [0x00000000e0000000, 0x00000000e8000000, 0x00000000e8000000)
  eden space 87424K,  25% used [0x00000000e0000000, 0x00000000e161c640, 0x00000000e5560000)
  from space 21824K,  69% used [0x00000000e5560000, 0x00000000e6429900, 0x00000000e6ab0000)
  to   space 21824K,   0% used [0x00000000e6ab0000, 0x00000000e6ab0000, 0x00000000e8000000)
 concurrent mark-sweep generation total 393216K, used 6874K [0x00000000e8000000, 0x0000000100000000, 0x0000000100000000)
 Metaspace       used 28162K, capacity 28704K, committed 28848K, reserved 1075200K
  class space    used 3233K, capacity 3433K, committed 3504K, reserved 1048576K
