OpenJDK 64-Bit Server VM (25.121-b13) for linux-amd64 JRE (1.8.0_121-8u121-b13-0ubuntu1.16.04.2-b13), built on Jan 23 2017 15:51:29 by "buildd" with gcc 5.4.0 20160609
Memory: 4k page, physical 7867764k(7428596k free), swap 8076284k(8076284k free)
CommandLine flags: -XX:CMSInitiatingOccupancyFraction=50 -XX:CMSMaxAbortablePrecleanTime=6000 -XX:+CMSParallelRemarkEnabled -XX:+CMSScavengeBeforeRemark -XX:ConcGCThreads=4 -XX:InitialHeapSize=536870912 -XX:MaxHeapSize=536870912 -XX:MaxTenuringThreshold=8 -XX:NewRatio=3 -XX:OldPLABSize=16 -XX:OnOutOfMemoryError=/opt/solr/bin/oom_solr.sh 8983 /var/solr/logs -XX:ParallelGCThreads=4 -XX:+ParallelRefProcEnabled -XX:PretenureSizeThreshold=67108864 -XX:+PrintGC -XX:+PrintGCApplicationStoppedTime -XX:+PrintGCDateStamps -XX:+PrintGCDetails -XX:+PrintGCTimeStamps -XX:+PrintHeapAtGC -XX:+PrintTenuringDistribution -XX:SurvivorRatio=4 -XX:TargetSurvivorRatio=90 -XX:ThreadStackSize=256 -XX:+UseCMSInitiatingOccupancyOnly -XX:+UseCompressedClassPointers -XX:+UseCompressedOops -XX:+UseConcMarkSweepGC -XX:+UseParNewGC 
2017-04-21T13:30:45.603+0200: 0,148: Total time for which application threads were stopped: 0,0000753 seconds, Stopping threads took: 0,0000108 seconds
2017-04-21T13:30:45.701+0200: 0,246: Total time for which application threads were stopped: 0,0001369 seconds, Stopping threads took: 0,0000211 seconds
2017-04-21T13:30:45.732+0200: 0,277: Total time for which application threads were stopped: 0,0000887 seconds, Stopping threads took: 0,0000144 seconds
2017-04-21T13:30:46.070+0200: 0,615: Total time for which application threads were stopped: 0,0001440 seconds, Stopping threads took: 0,0000133 seconds
2017-04-21T13:30:46.538+0200: 1,083: Total time for which application threads were stopped: 0,0010125 seconds, Stopping threads took: 0,0001595 seconds
2017-04-21T13:30:46.606+0200: 1,151: Total time for which application threads were stopped: 0,0002705 seconds, Stopping threads took: 0,0000945 seconds
2017-04-21T13:30:46.628+0200: 1,173: Total time for which application threads were stopped: 0,0001574 seconds, Stopping threads took: 0,0000207 seconds
2017-04-21T13:30:46.902+0200: 1,447: Total time for which application threads were stopped: 0,0007865 seconds, Stopping threads took: 0,0002754 seconds
2017-04-21T13:30:47.158+0200: 1,702: Total time for which application threads were stopped: 0,0008389 seconds, Stopping threads took: 0,0000536 seconds
2017-04-21T13:30:47.178+0200: 1,723: Total time for which application threads were stopped: 0,0002307 seconds, Stopping threads took: 0,0000355 seconds
2017-04-21T13:30:47.215+0200: 1,760: Total time for which application threads were stopped: 0,0002223 seconds, Stopping threads took: 0,0000285 seconds
2017-04-21T13:30:47.216+0200: 1,761: Total time for which application threads were stopped: 0,0001678 seconds, Stopping threads took: 0,0000210 seconds
2017-04-21T13:30:47.230+0200: 1,775: Total time for which application threads were stopped: 0,0002650 seconds, Stopping threads took: 0,0000449 seconds
2017-04-21T13:30:47.311+0200: 1,856: Total time for which application threads were stopped: 0,0002355 seconds, Stopping threads took: 0,0000213 seconds
2017-04-21T13:30:47.473+0200: 2,018: Total time for which application threads were stopped: 0,0002386 seconds, Stopping threads took: 0,0000278 seconds
{Heap before GC invocations=0 (full 0):
 par new generation   total 109248K, used 87424K [0x00000000e0000000, 0x00000000e8000000, 0x00000000e8000000)
  eden space 87424K, 100% used [0x00000000e0000000, 0x00000000e5560000, 0x00000000e5560000)
  from space 21824K,   0% used [0x00000000e5560000, 0x00000000e5560000, 0x00000000e6ab0000)
  to   space 21824K,   0% used [0x00000000e6ab0000, 0x00000000e6ab0000, 0x00000000e8000000)
 concurrent mark-sweep generation total 393216K, used 0K [0x00000000e8000000, 0x0000000100000000, 0x0000000100000000)
 Metaspace       used 17791K, capacity 18112K, committed 18304K, reserved 1064960K
  class space    used 2021K, capacity 2164K, committed 2176K, reserved 1048576K
2017-04-21T13:30:47.497+0200: 2,041: [GC (Allocation Failure) 2017-04-21T13:30:47.497+0200: 2,041: [ParNew
Desired survivor size 20112992 bytes, new threshold 8 (max 8)
- age   1:   11529544 bytes,   11529544 total
: 87424K->11361K(109248K), 0,0147046 secs] 87424K->11361K(502464K), 0,0147844 secs] [Times: user=0,02 sys=0,03, real=0,02 secs] 
Heap after GC invocations=1 (full 0):
 par new generation   total 109248K, used 11361K [0x00000000e0000000, 0x00000000e8000000, 0x00000000e8000000)
  eden space 87424K,   0% used [0x00000000e0000000, 0x00000000e0000000, 0x00000000e5560000)
  from space 21824K,  52% used [0x00000000e6ab0000, 0x00000000e75c8648, 0x00000000e8000000)
  to   space 21824K,   0% used [0x00000000e5560000, 0x00000000e5560000, 0x00000000e6ab0000)
 concurrent mark-sweep generation total 393216K, used 0K [0x00000000e8000000, 0x0000000100000000, 0x0000000100000000)
 Metaspace       used 17791K, capacity 18112K, committed 18304K, reserved 1064960K
  class space    used 2021K, capacity 2164K, committed 2176K, reserved 1048576K
}
2017-04-21T13:30:47.511+0200: 2,056: Total time for which application threads were stopped: 0,0150213 seconds, Stopping threads took: 0,0000655 seconds
2017-04-21T13:30:47.859+0200: 2,404: Total time for which application threads were stopped: 0,0003053 seconds, Stopping threads took: 0,0000238 seconds
{Heap before GC invocations=1 (full 0):
 par new generation   total 109248K, used 98785K [0x00000000e0000000, 0x00000000e8000000, 0x00000000e8000000)
  eden space 87424K, 100% used [0x00000000e0000000, 0x00000000e5560000, 0x00000000e5560000)
  from space 21824K,  52% used [0x00000000e6ab0000, 0x00000000e75c8648, 0x00000000e8000000)
  to   space 21824K,   0% used [0x00000000e5560000, 0x00000000e5560000, 0x00000000e6ab0000)
 concurrent mark-sweep generation total 393216K, used 0K [0x00000000e8000000, 0x0000000100000000, 0x0000000100000000)
 Metaspace       used 20000K, capacity 20358K, committed 20736K, reserved 1067008K
  class space    used 2293K, capacity 2467K, committed 2560K, reserved 1048576K
2017-04-21T13:30:47.887+0200: 2,432: [GC (Allocation Failure) 2017-04-21T13:30:47.887+0200: 2,432: [ParNew
Desired survivor size 20112992 bytes, new threshold 8 (max 8)
- age   1:    4393416 bytes,    4393416 total
- age   2:    6050496 bytes,   10443912 total
: 98785K->14403K(109248K), 0,0141404 secs] 98785K->14403K(502464K), 0,0142219 secs] [Times: user=0,05 sys=0,00, real=0,01 secs] 
Heap after GC invocations=2 (full 0):
 par new generation   total 109248K, used 14403K [0x00000000e0000000, 0x00000000e8000000, 0x00000000e8000000)
  eden space 87424K,   0% used [0x00000000e0000000, 0x00000000e0000000, 0x00000000e5560000)
  from space 21824K,  65% used [0x00000000e5560000, 0x00000000e6370d80, 0x00000000e6ab0000)
  to   space 21824K,   0% used [0x00000000e6ab0000, 0x00000000e6ab0000, 0x00000000e8000000)
 concurrent mark-sweep generation total 393216K, used 0K [0x00000000e8000000, 0x0000000100000000, 0x0000000100000000)
 Metaspace       used 20000K, capacity 20358K, committed 20736K, reserved 1067008K
  class space    used 2293K, capacity 2467K, committed 2560K, reserved 1048576K
}
2017-04-21T13:30:47.901+0200: 2,446: Total time for which application threads were stopped: 0,0145847 seconds, Stopping threads took: 0,0001779 seconds
2017-04-21T13:30:47.920+0200: 2,465: Total time for which application threads were stopped: 0,0008062 seconds, Stopping threads took: 0,0004714 seconds
2017-04-21T13:30:47.970+0200: 2,515: Total time for which application threads were stopped: 0,0041268 seconds, Stopping threads took: 0,0038221 seconds
2017-04-21T13:30:48.078+0200: 2,623: Total time for which application threads were stopped: 0,0002662 seconds, Stopping threads took: 0,0000811 seconds
{Heap before GC invocations=2 (full 0):
 par new generation   total 109248K, used 101827K [0x00000000e0000000, 0x00000000e8000000, 0x00000000e8000000)
  eden space 87424K, 100% used [0x00000000e0000000, 0x00000000e5560000, 0x00000000e5560000)
  from space 21824K,  65% used [0x00000000e5560000, 0x00000000e6370d80, 0x00000000e6ab0000)
  to   space 21824K,   0% used [0x00000000e6ab0000, 0x00000000e6ab0000, 0x00000000e8000000)
 concurrent mark-sweep generation total 393216K, used 0K [0x00000000e8000000, 0x0000000100000000, 0x0000000100000000)
 Metaspace       used 20948K, capacity 21292K, committed 21628K, reserved 1069056K
  class space    used 2415K, capacity 2588K, committed 2684K, reserved 1048576K
2017-04-21T13:30:48.112+0200: 2,657: [GC (Allocation Failure) 2017-04-21T13:30:48.112+0200: 2,657: [ParNew
Desired survivor size 20112992 bytes, new threshold 8 (max 8)
- age   1:    2358280 bytes,    2358280 total
- age   2:    1406272 bytes,    3764552 total
- age   3:    6047104 bytes,    9811656 total
: 101827K->11249K(109248K), 0,0124454 secs] 101827K->11249K(502464K), 0,0125209 secs] [Times: user=0,04 sys=0,00, real=0,01 secs] 
Heap after GC invocations=3 (full 0):
 par new generation   total 109248K, used 11249K [0x00000000e0000000, 0x00000000e8000000, 0x00000000e8000000)
  eden space 87424K,   0% used [0x00000000e0000000, 0x00000000e0000000, 0x00000000e5560000)
  from space 21824K,  51% used [0x00000000e6ab0000, 0x00000000e75ac480, 0x00000000e8000000)
  to   space 21824K,   0% used [0x00000000e5560000, 0x00000000e5560000, 0x00000000e6ab0000)
 concurrent mark-sweep generation total 393216K, used 0K [0x00000000e8000000, 0x0000000100000000, 0x0000000100000000)
 Metaspace       used 20948K, capacity 21292K, committed 21628K, reserved 1069056K
  class space    used 2415K, capacity 2588K, committed 2684K, reserved 1048576K
}
2017-04-21T13:30:48.125+0200: 2,670: Total time for which application threads were stopped: 0,0127337 seconds, Stopping threads took: 0,0000803 seconds
2017-04-21T13:30:48.125+0200: 2,670: [GC (CMS Initial Mark) [1 CMS-initial-mark: 0K(393216K)] 11251K(502464K), 0,0051689 secs] [Times: user=0,02 sys=0,00, real=0,01 secs] 
2017-04-21T13:30:48.130+0200: 2,675: Total time for which application threads were stopped: 0,0053110 seconds, Stopping threads took: 0,0000509 seconds
2017-04-21T13:30:48.130+0200: 2,675: [CMS-concurrent-mark-start]
2017-04-21T13:30:48.133+0200: 2,678: [CMS-concurrent-mark: 0,003/0,003 secs] [Times: user=0,01 sys=0,00, real=0,00 secs] 
2017-04-21T13:30:48.133+0200: 2,678: [CMS-concurrent-preclean-start]
2017-04-21T13:30:48.134+0200: 2,679: [CMS-concurrent-preclean: 0,001/0,001 secs] [Times: user=0,01 sys=0,00, real=0,00 secs] 
2017-04-21T13:30:48.134+0200: 2,679: [CMS-concurrent-abortable-preclean-start]
2017-04-21T13:30:48.211+0200: 2,756: Total time for which application threads were stopped: 0,0001821 seconds, Stopping threads took: 0,0001036 seconds
2017-04-21T13:30:48.211+0200: 2,756: [CMS-concurrent-abortable-preclean: 0,071/0,077 secs] [Times: user=0,29 sys=0,00, real=0,08 secs] 
2017-04-21T13:30:48.211+0200: 2,756: [GC (CMS Final Remark) [YG occupancy: 72203 K (109248 K)]{Heap before GC invocations=3 (full 1):
 par new generation   total 109248K, used 72203K [0x00000000e0000000, 0x00000000e8000000, 0x00000000e8000000)
  eden space 87424K,  69% used [0x00000000e0000000, 0x00000000e3b869f0, 0x00000000e5560000)
  from space 21824K,  51% used [0x00000000e6ab0000, 0x00000000e75ac480, 0x00000000e8000000)
  to   space 21824K,   0% used [0x00000000e5560000, 0x00000000e5560000, 0x00000000e6ab0000)
 concurrent mark-sweep generation total 393216K, used 0K [0x00000000e8000000, 0x0000000100000000, 0x0000000100000000)
 Metaspace       used 21170K, capacity 21526K, committed 21884K, reserved 1069056K
  class space    used 2438K, capacity 2595K, committed 2684K, reserved 1048576K
2017-04-21T13:30:48.211+0200: 2,756: [GC (CMS Final Remark) 2017-04-21T13:30:48.211+0200: 2,756: [ParNew
Desired survivor size 20112992 bytes, new threshold 8 (max 8)
- age   1:    1642816 bytes,    1642816 total
- age   2:    1505776 bytes,    3148592 total
- age   3:    1375416 bytes,    4524008 total
- age   4:    6047272 bytes,   10571280 total
: 72203K->15036K(109248K), 0,0114763 secs] 72203K->15036K(502464K), 0,0115125 secs] [Times: user=0,04 sys=0,00, real=0,01 secs] 
Heap after GC invocations=4 (full 1):
 par new generation   total 109248K, used 15036K [0x00000000e0000000, 0x00000000e8000000, 0x00000000e8000000)
  eden space 87424K,   0% used [0x00000000e0000000, 0x00000000e0000000, 0x00000000e5560000)
  from space 21824K,  68% used [0x00000000e5560000, 0x00000000e640f2d8, 0x00000000e6ab0000)
  to   space 21824K,   0% used [0x00000000e6ab0000, 0x00000000e6ab0000, 0x00000000e8000000)
 concurrent mark-sweep generation total 393216K, used 0K [0x00000000e8000000, 0x0000000100000000, 0x0000000100000000)
 Metaspace       used 21170K, capacity 21526K, committed 21884K, reserved 1069056K
  class space    used 2438K, capacity 2595K, committed 2684K, reserved 1048576K
}
2017-04-21T13:30:48.223+0200: 2,768: [Rescan (parallel) , 0,0043064 secs]2017-04-21T13:30:48.227+0200: 2,772: [weak refs processing, 0,0010085 secs]2017-04-21T13:30:48.228+0200: 2,773: [class unloading, 0,0028004 secs]2017-04-21T13:30:48.231+0200: 2,776: [scrub symbol table, 0,0031110 secs]2017-04-21T13:30:48.234+0200: 2,779: [scrub string table, 0,0003731 secs][1 CMS-remark: 0K(393216K)] 15036K(502464K), 0,0237531 secs] [Times: user=0,06 sys=0,00, real=0,02 secs] 
2017-04-21T13:30:48.235+0200: 2,780: Total time for which application threads were stopped: 0,0239860 seconds, Stopping threads took: 0,0001593 seconds
2017-04-21T13:30:48.235+0200: 2,780: [CMS-concurrent-sweep-start]
2017-04-21T13:30:48.235+0200: 2,780: [CMS-concurrent-sweep: 0,000/0,000 secs] [Times: user=0,00 sys=0,00, real=0,00 secs] 
2017-04-21T13:30:48.235+0200: 2,780: [CMS-concurrent-reset-start]
2017-04-21T13:30:48.237+0200: 2,782: [CMS-concurrent-reset: 0,002/0,002 secs] [Times: user=0,01 sys=0,00, real=0,00 secs] 
{Heap before GC invocations=4 (full 1):
 par new generation   total 109248K, used 102460K [0x00000000e0000000, 0x00000000e8000000, 0x00000000e8000000)
  eden space 87424K, 100% used [0x00000000e0000000, 0x00000000e5560000, 0x00000000e5560000)
  from space 21824K,  68% used [0x00000000e5560000, 0x00000000e640f2d8, 0x00000000e6ab0000)
  to   space 21824K,   0% used [0x00000000e6ab0000, 0x00000000e6ab0000, 0x00000000e8000000)
 concurrent mark-sweep generation total 393216K, used 0K [0x00000000e8000000, 0x0000000100000000, 0x0000000100000000)
 Metaspace       used 21317K, capacity 21712K, committed 21884K, reserved 1069056K
  class space    used 2462K, capacity 2643K, committed 2684K, reserved 1048576K
2017-04-21T13:30:48.313+0200: 2,858: [GC (Allocation Failure) 2017-04-21T13:30:48.313+0200: 2,858: [ParNew
Desired survivor size 20112992 bytes, new threshold 8 (max 8)
- age   1:     590560 bytes,     590560 total
- age   2:      90176 bytes,     680736 total
- age   3:    1505552 bytes,    2186288 total
- age   4:    1371400 bytes,    3557688 total
- age   5:    6047392 bytes,    9605080 total
: 102460K->12038K(109248K), 0,0124128 secs] 102460K->12038K(502464K), 0,0124879 secs] [Times: user=0,05 sys=0,00, real=0,01 secs] 
Heap after GC invocations=5 (full 1):
 par new generation   total 109248K, used 12038K [0x00000000e0000000, 0x00000000e8000000, 0x00000000e8000000)
  eden space 87424K,   0% used [0x00000000e0000000, 0x00000000e0000000, 0x00000000e5560000)
  from space 21824K,  55% used [0x00000000e6ab0000, 0x00000000e7671ac0, 0x00000000e8000000)
  to   space 21824K,   0% used [0x00000000e5560000, 0x00000000e5560000, 0x00000000e6ab0000)
 concurrent mark-sweep generation total 393216K, used 0K [0x00000000e8000000, 0x0000000100000000, 0x0000000100000000)
 Metaspace       used 21317K, capacity 21712K, committed 21884K, reserved 1069056K
  class space    used 2462K, capacity 2643K, committed 2684K, reserved 1048576K
}
2017-04-21T13:30:48.326+0200: 2,870: Total time for which application threads were stopped: 0,0127131 seconds, Stopping threads took: 0,0000637 seconds
2017-04-21T13:30:48.388+0200: 2,933: Total time for which application threads were stopped: 0,0004206 seconds, Stopping threads took: 0,0000633 seconds
2017-04-21T13:30:48.592+0200: 3,137: Total time for which application threads were stopped: 0,0004522 seconds, Stopping threads took: 0,0000460 seconds
2017-04-21T13:30:48.609+0200: 3,154: Total time for which application threads were stopped: 0,0004432 seconds, Stopping threads took: 0,0000439 seconds
{Heap before GC invocations=5 (full 1):
 par new generation   total 109248K, used 99462K [0x00000000e0000000, 0x00000000e8000000, 0x00000000e8000000)
  eden space 87424K, 100% used [0x00000000e0000000, 0x00000000e5560000, 0x00000000e5560000)
  from space 21824K,  55% used [0x00000000e6ab0000, 0x00000000e7671ac0, 0x00000000e8000000)
  to   space 21824K,   0% used [0x00000000e5560000, 0x00000000e5560000, 0x00000000e6ab0000)
 concurrent mark-sweep generation total 393216K, used 0K [0x00000000e8000000, 0x0000000100000000, 0x0000000100000000)
 Metaspace       used 23609K, capacity 24124K, committed 24316K, reserved 1071104K
  class space    used 2753K, capacity 2955K, committed 3068K, reserved 1048576K
2017-04-21T13:30:48.733+0200: 3,278: [GC (Allocation Failure) 2017-04-21T13:30:48.733+0200: 3,278: [ParNew
Desired survivor size 20112992 bytes, new threshold 8 (max 8)
- age   1:    5046384 bytes,    5046384 total
- age   2:     163928 bytes,    5210312 total
- age   3:      88848 bytes,    5299160 total
- age   4:     335824 bytes,    5634984 total
- age   5:    1345168 bytes,    6980152 total
- age   6:    6038928 bytes,   13019080 total
: 99462K->14944K(109248K), 0,0112324 secs] 99462K->14944K(502464K), 0,0113118 secs] [Times: user=0,04 sys=0,00, real=0,01 secs] 
Heap after GC invocations=6 (full 1):
 par new generation   total 109248K, used 14944K [0x00000000e0000000, 0x00000000e8000000, 0x00000000e8000000)
  eden space 87424K,   0% used [0x00000000e0000000, 0x00000000e0000000, 0x00000000e5560000)
  from space 21824K,  68% used [0x00000000e5560000, 0x00000000e63f8128, 0x00000000e6ab0000)
  to   space 21824K,   0% used [0x00000000e6ab0000, 0x00000000e6ab0000, 0x00000000e8000000)
 concurrent mark-sweep generation total 393216K, used 0K [0x00000000e8000000, 0x0000000100000000, 0x0000000100000000)
 Metaspace       used 23609K, capacity 24124K, committed 24316K, reserved 1071104K
  class space    used 2753K, capacity 2955K, committed 3068K, reserved 1048576K
}
2017-04-21T13:30:48.744+0200: 3,289: Total time for which application threads were stopped: 0,0115444 seconds, Stopping threads took: 0,0000424 seconds
{Heap before GC invocations=6 (full 1):
 par new generation   total 109248K, used 102368K [0x00000000e0000000, 0x00000000e8000000, 0x00000000e8000000)
  eden space 87424K, 100% used [0x00000000e0000000, 0x00000000e5560000, 0x00000000e5560000)
  from space 21824K,  68% used [0x00000000e5560000, 0x00000000e63f8128, 0x00000000e6ab0000)
  to   space 21824K,   0% used [0x00000000e6ab0000, 0x00000000e6ab0000, 0x00000000e8000000)
 concurrent mark-sweep generation total 393216K, used 0K [0x00000000e8000000, 0x0000000100000000, 0x0000000100000000)
 Metaspace       used 24361K, capacity 24796K, committed 25084K, reserved 1071104K
  class space    used 2859K, capacity 3051K, committed 3068K, reserved 1048576K
2017-04-21T13:30:48.886+0200: 3,431: [GC (Allocation Failure) 2017-04-21T13:30:48.886+0200: 3,431: [ParNew
Desired survivor size 20112992 bytes, new threshold 8 (max 8)
- age   1:    2119872 bytes,    2119872 total
- age   2:    1705440 bytes,    3825312 total
- age   3:      91760 bytes,    3917072 total
- age   4:      52568 bytes,    3969640 total
- age   5:     202408 bytes,    4172048 total
- age   6:     979784 bytes,    5151832 total
- age   7:    5868000 bytes,   11019832 total
: 102368K->14587K(109248K), 0,0133692 secs] 102368K->14587K(502464K), 0,0134294 secs] [Times: user=0,04 sys=0,00, real=0,01 secs] 
Heap after GC invocations=7 (full 1):
 par new generation   total 109248K, used 14587K [0x00000000e0000000, 0x00000000e8000000, 0x00000000e8000000)
  eden space 87424K,   0% used [0x00000000e0000000, 0x00000000e0000000, 0x00000000e5560000)
  from space 21824K,  66% used [0x00000000e6ab0000, 0x00000000e78eefe0, 0x00000000e8000000)
  to   space 21824K,   0% used [0x00000000e5560000, 0x00000000e5560000, 0x00000000e6ab0000)
 concurrent mark-sweep generation total 393216K, used 0K [0x00000000e8000000, 0x0000000100000000, 0x0000000100000000)
 Metaspace       used 24361K, capacity 24796K, committed 25084K, reserved 1071104K
  class space    used 2859K, capacity 3051K, committed 3068K, reserved 1048576K
}
2017-04-21T13:30:48.899+0200: 3,444: Total time for which application threads were stopped: 0,0174784 seconds, Stopping threads took: 0,0038858 seconds
{Heap before GC invocations=7 (full 1):
 par new generation   total 109248K, used 102011K [0x00000000e0000000, 0x00000000e8000000, 0x00000000e8000000)
  eden space 87424K, 100% used [0x00000000e0000000, 0x00000000e5560000, 0x00000000e5560000)
  from space 21824K,  66% used [0x00000000e6ab0000, 0x00000000e78eefe0, 0x00000000e8000000)
  to   space 21824K,   0% used [0x00000000e5560000, 0x00000000e5560000, 0x00000000e6ab0000)
 concurrent mark-sweep generation total 393216K, used 0K [0x00000000e8000000, 0x0000000100000000, 0x0000000100000000)
 Metaspace       used 24526K, capacity 25020K, committed 25084K, reserved 1071104K
  class space    used 2872K, capacity 3057K, committed 3068K, reserved 1048576K
2017-04-21T13:30:49.018+0200: 3,563: [GC (Allocation Failure) 2017-04-21T13:30:49.018+0200: 3,563: [ParNew
Desired survivor size 20112992 bytes, new threshold 8 (max 8)
- age   1:     447456 bytes,     447456 total
- age   2:    1046192 bytes,    1493648 total
- age   3:    1683144 bytes,    3176792 total
- age   4:      91624 bytes,    3268416 total
- age   5:      52368 bytes,    3320784 total
- age   6:     199672 bytes,    3520456 total
- age   7:     979016 bytes,    4499472 total
- age   8:    5867952 bytes,   10367424 total
: 102011K->13906K(109248K), 0,0202189 secs] 102011K->13906K(502464K), 0,0202954 secs] [Times: user=0,06 sys=0,00, real=0,02 secs] 
Heap after GC invocations=8 (full 1):
 par new generation   total 109248K, used 13906K [0x00000000e0000000, 0x00000000e8000000, 0x00000000e8000000)
  eden space 87424K,   0% used [0x00000000e0000000, 0x00000000e0000000, 0x00000000e5560000)
  from space 21824K,  63% used [0x00000000e5560000, 0x00000000e62f4940, 0x00000000e6ab0000)
  to   space 21824K,   0% used [0x00000000e6ab0000, 0x00000000e6ab0000, 0x00000000e8000000)
 concurrent mark-sweep generation total 393216K, used 0K [0x00000000e8000000, 0x0000000100000000, 0x0000000100000000)
 Metaspace       used 24526K, capacity 25020K, committed 25084K, reserved 1071104K
  class space    used 2872K, capacity 3057K, committed 3068K, reserved 1048576K
}
2017-04-21T13:30:49.038+0200: 3,583: Total time for which application threads were stopped: 0,0302883 seconds, Stopping threads took: 0,0098193 seconds
{Heap before GC invocations=8 (full 1):
 par new generation   total 109248K, used 101330K [0x00000000e0000000, 0x00000000e8000000, 0x00000000e8000000)
  eden space 87424K, 100% used [0x00000000e0000000, 0x00000000e5560000, 0x00000000e5560000)
  from space 21824K,  63% used [0x00000000e5560000, 0x00000000e62f4940, 0x00000000e6ab0000)
  to   space 21824K,   0% used [0x00000000e6ab0000, 0x00000000e6ab0000, 0x00000000e8000000)
 concurrent mark-sweep generation total 393216K, used 0K [0x00000000e8000000, 0x0000000100000000, 0x0000000100000000)
 Metaspace       used 25161K, capacity 25666K, committed 25980K, reserved 1073152K
  class space    used 2922K, capacity 3122K, committed 3196K, reserved 1048576K
2017-04-21T13:30:49.233+0200: 3,778: [GC (Allocation Failure) 2017-04-21T13:30:49.233+0200: 3,778: [ParNew
Desired survivor size 20112992 bytes, new threshold 8 (max 8)
- age   1:    1817328 bytes,    1817328 total
- age   2:     220144 bytes,    2037472 total
- age   3:     264680 bytes,    2302152 total
- age   4:    1682136 bytes,    3984288 total
- age   5:      89080 bytes,    4073368 total
- age   6:      52304 bytes,    4125672 total
- age   7:     199088 bytes,    4324760 total
- age   8:     978312 bytes,    5303072 total
: 101330K->8302K(109248K), 0,0294248 secs] 101330K->14113K(502464K), 0,0294910 secs] [Times: user=0,10 sys=0,00, real=0,03 secs] 
Heap after GC invocations=9 (full 1):
 par new generation   total 109248K, used 8302K [0x00000000e0000000, 0x00000000e8000000, 0x00000000e8000000)
  eden space 87424K,   0% used [0x00000000e0000000, 0x00000000e0000000, 0x00000000e5560000)
  from space 21824K,  38% used [0x00000000e6ab0000, 0x00000000e72cb970, 0x00000000e8000000)
  to   space 21824K,   0% used [0x00000000e5560000, 0x00000000e5560000, 0x00000000e6ab0000)
 concurrent mark-sweep generation total 393216K, used 5811K [0x00000000e8000000, 0x0000000100000000, 0x0000000100000000)
 Metaspace       used 25161K, capacity 25666K, committed 25980K, reserved 1073152K
  class space    used 2922K, capacity 3122K, committed 3196K, reserved 1048576K
}
2017-04-21T13:30:49.263+0200: 3,807: Total time for which application threads were stopped: 0,0297387 seconds, Stopping threads took: 0,0000506 seconds
2017-04-21T13:30:49.371+0200: 3,916: Total time for which application threads were stopped: 0,0004836 seconds, Stopping threads took: 0,0000530 seconds
2017-04-21T13:30:49.389+0200: 3,934: Total time for which application threads were stopped: 0,0003706 seconds, Stopping threads took: 0,0000258 seconds
2017-04-21T13:30:49.429+0200: 3,974: Total time for which application threads were stopped: 0,0003927 seconds, Stopping threads took: 0,0000341 seconds
2017-04-21T13:30:49.506+0200: 4,051: Total time for which application threads were stopped: 0,0004587 seconds, Stopping threads took: 0,0000704 seconds
2017-04-21T13:30:49.542+0200: 4,087: Total time for which application threads were stopped: 0,0001605 seconds, Stopping threads took: 0,0000507 seconds
2017-04-21T13:30:49.569+0200: 4,114: Total time for which application threads were stopped: 0,0001231 seconds, Stopping threads took: 0,0000460 seconds
2017-04-21T13:30:49.570+0200: 4,115: Total time for which application threads were stopped: 0,0004157 seconds, Stopping threads took: 0,0000139 seconds
2017-04-21T13:30:49.574+0200: 4,118: Total time for which application threads were stopped: 0,0002074 seconds, Stopping threads took: 0,0000977 seconds
2017-04-21T13:30:49.586+0200: 4,131: Total time for which application threads were stopped: 0,0034193 seconds, Stopping threads took: 0,0033248 seconds
2017-04-21T13:30:49.613+0200: 4,158: Total time for which application threads were stopped: 0,0002168 seconds, Stopping threads took: 0,0000617 seconds
2017-04-21T13:30:49.621+0200: 4,165: Total time for which application threads were stopped: 0,0061293 seconds, Stopping threads took: 0,0060177 seconds
2017-04-21T13:30:50.621+0200: 5,166: Total time for which application threads were stopped: 0,0000811 seconds, Stopping threads took: 0,0000171 seconds
2017-04-21T13:31:11.624+0200: 26,169: Total time for which application threads were stopped: 0,0000839 seconds, Stopping threads took: 0,0000335 seconds
2017-04-21T13:31:26.625+0200: 41,170: Total time for which application threads were stopped: 0,0001350 seconds, Stopping threads took: 0,0000317 seconds
2017-04-21T13:31:31.626+0200: 46,171: Total time for which application threads were stopped: 0,0000735 seconds, Stopping threads took: 0,0000164 seconds
2017-04-21T13:31:51.217+0200: 66,173: Total time for which application threads were stopped: 0,0000739 seconds, Stopping threads took: 0,0000162 seconds
2017-04-21T13:31:56.217+0200: 71,174: Total time for which application threads were stopped: 0,0000923 seconds, Stopping threads took: 0,0000174 seconds
2017-04-21T13:32:42.223+0200: 117,179: Total time for which application threads were stopped: 0,0000828 seconds, Stopping threads took: 0,0000298 seconds
2017-04-21T13:32:47.223+0200: 122,179: Total time for which application threads were stopped: 0,0001016 seconds, Stopping threads took: 0,0000227 seconds
2017-04-21T13:33:46.232+0200: 181,189: Total time for which application threads were stopped: 0,0000967 seconds, Stopping threads took: 0,0000378 seconds
2017-04-21T13:35:21.245+0200: 276,202: Total time for which application threads were stopped: 0,0001796 seconds, Stopping threads took: 0,0000678 seconds
2017-04-21T13:54:16.379+0200: 1411,335: Total time for which application threads were stopped: 0,0001209 seconds, Stopping threads took: 0,0000405 seconds
2017-04-21T13:58:17.411+0200: 1652,367: Total time for which application threads were stopped: 0,0000910 seconds, Stopping threads took: 0,0000340 seconds
2017-04-21T14:09:07.495+0200: 2302,451: Total time for which application threads were stopped: 0,0000955 seconds, Stopping threads took: 0,0000389 seconds
2017-04-21T14:09:11.496+0200: 2306,452: Total time for which application threads were stopped: 0,0003154 seconds, Stopping threads took: 0,0000698 seconds
2017-04-21T14:24:34.267+0200: 3198,783: Total time for which application threads were stopped: 0,0004283 seconds, Stopping threads took: 0,0001674 seconds
2017-04-21T14:38:28.116+0200: 3896,276: Total time for which application threads were stopped: 0,0000875 seconds, Stopping threads took: 0,0000320 seconds
2017-04-21T14:52:03.715+0200: 4710,375: Total time for which application threads were stopped: 0,0000884 seconds, Stopping threads took: 0,0000325 seconds
2017-04-21T14:52:13.717+0200: 4720,377: Total time for which application threads were stopped: 0,0000648 seconds, Stopping threads took: 0,0000143 seconds
2017-04-21T15:20:32.175+0200: 6306,526: Total time for which application threads were stopped: 0,0000806 seconds, Stopping threads took: 0,0000295 seconds
2017-04-21T15:37:27.338+0200: 7321,689: Total time for which application threads were stopped: 0,0000808 seconds, Stopping threads took: 0,0000289 seconds
2017-04-21T15:38:57.353+0200: 7411,705: Total time for which application threads were stopped: 0,0001014 seconds, Stopping threads took: 0,0000348 seconds
2017-04-21T15:43:27.388+0200: 7681,740: Total time for which application threads were stopped: 0,0001264 seconds, Stopping threads took: 0,0000400 seconds
2017-04-21T15:43:57.392+0200: 7711,744: Total time for which application threads were stopped: 0,0000960 seconds, Stopping threads took: 0,0000357 seconds
2017-04-21T17:28:29.873+0200: 13716,797: Total time for which application threads were stopped: 0,0002178 seconds, Stopping threads took: 0,0000631 seconds
2017-04-22T00:28:26.142+0200: 15362,397: Total time for which application threads were stopped: 0,0001602 seconds, Stopping threads took: 0,0001024 seconds
2017-04-22T00:35:56.203+0200: 15812,459: Total time for which application threads were stopped: 0,0010644 seconds, Stopping threads took: 0,0002861 seconds
2017-04-22T01:30:25.539+0200: 19081,794: Total time for which application threads were stopped: 0,0005922 seconds, Stopping threads took: 0,0002405 seconds
2017-04-22T02:27:01.030+0200: 22477,286: Total time for which application threads were stopped: 0,0001251 seconds, Stopping threads took: 0,0000399 seconds
2017-04-22T02:27:01.036+0200: 22477,291: Total time for which application threads were stopped: 0,0001036 seconds, Stopping threads took: 0,0000295 seconds
2017-04-22T02:27:01.077+0200: 22477,333: Total time for which application threads were stopped: 0,0042830 seconds, Stopping threads took: 0,0041616 seconds
2017-04-22T02:27:01.087+0200: 22477,342: Total time for which application threads were stopped: 0,0001165 seconds, Stopping threads took: 0,0000420 seconds
2017-04-22T02:27:01.090+0200: 22477,345: Total time for which application threads were stopped: 0,0001284 seconds, Stopping threads took: 0,0000142 seconds
Heap
 par new generation   total 109248K, used 64165K [0x00000000e0000000, 0x00000000e8000000, 0x00000000e8000000)
  eden space 87424K,  63% used [0x00000000e0000000, 0x00000000e368db58, 0x00000000e5560000)
  from space 21824K,  38% used [0x00000000e6ab0000, 0x00000000e72cb970, 0x00000000e8000000)
  to   space 21824K,   0% used [0x00000000e5560000, 0x00000000e5560000, 0x00000000e6ab0000)
 concurrent mark-sweep generation total 393216K, used 5811K [0x00000000e8000000, 0x0000000100000000, 0x0000000100000000)
 Metaspace       used 28194K, capacity 28854K, committed 29052K, reserved 1075200K
  class space    used 3232K, capacity 3432K, committed 3452K, reserved 1048576K
