OpenJDK 64-Bit Server VM (25.121-b13) for linux-amd64 JRE (1.8.0_121-8u121-b13-0ubuntu1.16.04.2-b13), built on Jan 23 2017 15:51:29 by "buildd" with gcc 5.4.0 20160609
Memory: 4k page, physical 7867800k(7499604k free), swap 8076284k(8076284k free)
CommandLine flags: -XX:CMSInitiatingOccupancyFraction=50 -XX:CMSMaxAbortablePrecleanTime=6000 -XX:+CMSParallelRemarkEnabled -XX:+CMSScavengeBeforeRemark -XX:ConcGCThreads=4 -XX:InitialHeapSize=536870912 -XX:MaxHeapSize=536870912 -XX:MaxTenuringThreshold=8 -XX:NewRatio=3 -XX:OldPLABSize=16 -XX:OnOutOfMemoryError=/opt/solr/bin/oom_solr.sh 8983 /var/solr/logs -XX:ParallelGCThreads=4 -XX:+ParallelRefProcEnabled -XX:PretenureSizeThreshold=67108864 -XX:+PrintGC -XX:+PrintGCApplicationStoppedTime -XX:+PrintGCDateStamps -XX:+PrintGCDetails -XX:+PrintGCTimeStamps -XX:+PrintHeapAtGC -XX:+PrintTenuringDistribution -XX:SurvivorRatio=4 -XX:TargetSurvivorRatio=90 -XX:ThreadStackSize=256 -XX:+UseCMSInitiatingOccupancyOnly -XX:+UseCompressedClassPointers -XX:+UseCompressedOops -XX:+UseConcMarkSweepGC -XX:+UseParNewGC 
2017-02-16T06:22:42.363+0100: 0,154: Total time for which application threads were stopped: 0,0000691 seconds, Stopping threads took: 0,0000085 seconds
2017-02-16T06:22:42.454+0100: 0,245: Total time for which application threads were stopped: 0,0001384 seconds, Stopping threads took: 0,0000250 seconds
2017-02-16T06:22:42.471+0100: 0,262: Total time for which application threads were stopped: 0,0002122 seconds, Stopping threads took: 0,0001182 seconds
2017-02-16T06:22:42.846+0100: 0,637: Total time for which application threads were stopped: 0,0001451 seconds, Stopping threads took: 0,0000104 seconds
2017-02-16T06:22:43.280+0100: 1,071: Total time for which application threads were stopped: 0,0005075 seconds, Stopping threads took: 0,0000185 seconds
2017-02-16T06:22:43.378+0100: 1,169: Total time for which application threads were stopped: 0,0001882 seconds, Stopping threads took: 0,0000343 seconds
2017-02-16T06:22:43.415+0100: 1,205: Total time for which application threads were stopped: 0,0002184 seconds, Stopping threads took: 0,0000228 seconds
2017-02-16T06:22:43.681+0100: 1,472: Total time for which application threads were stopped: 0,0002326 seconds, Stopping threads took: 0,0000249 seconds
2017-02-16T06:22:43.915+0100: 1,706: Total time for which application threads were stopped: 0,0001882 seconds, Stopping threads took: 0,0000176 seconds
2017-02-16T06:22:43.942+0100: 1,733: Total time for which application threads were stopped: 0,0001936 seconds, Stopping threads took: 0,0000164 seconds
2017-02-16T06:22:43.975+0100: 1,766: Total time for which application threads were stopped: 0,0002217 seconds, Stopping threads took: 0,0000273 seconds
2017-02-16T06:22:43.976+0100: 1,767: Total time for which application threads were stopped: 0,0002310 seconds, Stopping threads took: 0,0000600 seconds
2017-02-16T06:22:43.989+0100: 1,779: Total time for which application threads were stopped: 0,0001559 seconds, Stopping threads took: 0,0000112 seconds
2017-02-16T06:22:44.054+0100: 1,845: Total time for which application threads were stopped: 0,0002453 seconds, Stopping threads took: 0,0000234 seconds
2017-02-16T06:22:44.226+0100: 2,017: Total time for which application threads were stopped: 0,0004946 seconds, Stopping threads took: 0,0002698 seconds
{Heap before GC invocations=0 (full 0):
 par new generation   total 109248K, used 87424K [0x00000000e0000000, 0x00000000e8000000, 0x00000000e8000000)
  eden space 87424K, 100% used [0x00000000e0000000, 0x00000000e5560000, 0x00000000e5560000)
  from space 21824K,   0% used [0x00000000e5560000, 0x00000000e5560000, 0x00000000e6ab0000)
  to   space 21824K,   0% used [0x00000000e6ab0000, 0x00000000e6ab0000, 0x00000000e8000000)
 concurrent mark-sweep generation total 393216K, used 0K [0x00000000e8000000, 0x0000000100000000, 0x0000000100000000)
 Metaspace       used 18061K, capacity 18400K, committed 18688K, reserved 1064960K
  class space    used 2040K, capacity 2196K, committed 2304K, reserved 1048576K
2017-02-16T06:22:44.327+0100: 2,118: [GC (Allocation Failure) 2017-02-16T06:22:44.327+0100: 2,118: [ParNew
Desired survivor size 20112992 bytes, new threshold 8 (max 8)
- age   1:   12611952 bytes,   12611952 total
: 87424K->12428K(109248K), 0,0150257 secs] 87424K->12428K(502464K), 0,0151110 secs] [Times: user=0,04 sys=0,01, real=0,02 secs] 
Heap after GC invocations=1 (full 0):
 par new generation   total 109248K, used 12428K [0x00000000e0000000, 0x00000000e8000000, 0x00000000e8000000)
  eden space 87424K,   0% used [0x00000000e0000000, 0x00000000e0000000, 0x00000000e5560000)
  from space 21824K,  56% used [0x00000000e6ab0000, 0x00000000e76d30f8, 0x00000000e8000000)
  to   space 21824K,   0% used [0x00000000e5560000, 0x00000000e5560000, 0x00000000e6ab0000)
 concurrent mark-sweep generation total 393216K, used 0K [0x00000000e8000000, 0x0000000100000000, 0x0000000100000000)
 Metaspace       used 18061K, capacity 18400K, committed 18688K, reserved 1064960K
  class space    used 2040K, capacity 2196K, committed 2304K, reserved 1048576K
}
2017-02-16T06:22:44.343+0100: 2,133: Total time for which application threads were stopped: 0,0153693 seconds, Stopping threads took: 0,0000359 seconds
2017-02-16T06:22:44.647+0100: 2,438: Total time for which application threads were stopped: 0,0003832 seconds, Stopping threads took: 0,0000694 seconds
2017-02-16T06:22:44.697+0100: 2,488: Total time for which application threads were stopped: 0,0004641 seconds, Stopping threads took: 0,0000773 seconds
{Heap before GC invocations=1 (full 0):
 par new generation   total 109248K, used 99852K [0x00000000e0000000, 0x00000000e8000000, 0x00000000e8000000)
  eden space 87424K, 100% used [0x00000000e0000000, 0x00000000e5560000, 0x00000000e5560000)
  from space 21824K,  56% used [0x00000000e6ab0000, 0x00000000e76d30f8, 0x00000000e8000000)
  to   space 21824K,   0% used [0x00000000e5560000, 0x00000000e5560000, 0x00000000e6ab0000)
 concurrent mark-sweep generation total 393216K, used 0K [0x00000000e8000000, 0x0000000100000000, 0x0000000100000000)
 Metaspace       used 20074K, capacity 20422K, committed 20736K, reserved 1067008K
  class space    used 2296K, capacity 2467K, committed 2560K, reserved 1048576K
2017-02-16T06:22:44.703+0100: 2,493: [GC (Allocation Failure) 2017-02-16T06:22:44.703+0100: 2,493: [ParNew
Desired survivor size 20112992 bytes, new threshold 8 (max 8)
- age   1:    3636008 bytes,    3636008 total
- age   2:    6661712 bytes,   10297720 total
: 99852K->13814K(109248K), 0,0108676 secs] 99852K->13814K(502464K), 0,0109499 secs] [Times: user=0,03 sys=0,01, real=0,01 secs] 
Heap after GC invocations=2 (full 0):
 par new generation   total 109248K, used 13814K [0x00000000e0000000, 0x00000000e8000000, 0x00000000e8000000)
  eden space 87424K,   0% used [0x00000000e0000000, 0x00000000e0000000, 0x00000000e5560000)
  from space 21824K,  63% used [0x00000000e5560000, 0x00000000e62ddbf8, 0x00000000e6ab0000)
  to   space 21824K,   0% used [0x00000000e6ab0000, 0x00000000e6ab0000, 0x00000000e8000000)
 concurrent mark-sweep generation total 393216K, used 0K [0x00000000e8000000, 0x0000000100000000, 0x0000000100000000)
 Metaspace       used 20074K, capacity 20422K, committed 20736K, reserved 1067008K
  class space    used 2296K, capacity 2467K, committed 2560K, reserved 1048576K
}
2017-02-16T06:22:44.714+0100: 2,504: Total time for which application threads were stopped: 0,0112525 seconds, Stopping threads took: 0,0001564 seconds
2017-02-16T06:22:44.752+0100: 2,543: Total time for which application threads were stopped: 0,0003381 seconds, Stopping threads took: 0,0000282 seconds
2017-02-16T06:22:44.872+0100: 2,663: Total time for which application threads were stopped: 0,0002432 seconds, Stopping threads took: 0,0000484 seconds
{Heap before GC invocations=2 (full 0):
 par new generation   total 109248K, used 101238K [0x00000000e0000000, 0x00000000e8000000, 0x00000000e8000000)
  eden space 87424K, 100% used [0x00000000e0000000, 0x00000000e5560000, 0x00000000e5560000)
  from space 21824K,  63% used [0x00000000e5560000, 0x00000000e62ddbf8, 0x00000000e6ab0000)
  to   space 21824K,   0% used [0x00000000e6ab0000, 0x00000000e6ab0000, 0x00000000e8000000)
 concurrent mark-sweep generation total 393216K, used 0K [0x00000000e8000000, 0x0000000100000000, 0x0000000100000000)
 Metaspace       used 20969K, capacity 21280K, committed 21628K, reserved 1069056K
  class space    used 2418K, capacity 2586K, committed 2684K, reserved 1048576K
2017-02-16T06:22:44.903+0100: 2,693: [GC (Allocation Failure) 2017-02-16T06:22:44.903+0100: 2,693: [ParNew
Desired survivor size 20112992 bytes, new threshold 8 (max 8)
- age   1:    2099520 bytes,    2099520 total
- age   2:     846272 bytes,    2945792 total
- age   3:    6659224 bytes,    9605016 total
: 101238K->11489K(109248K), 0,0175949 secs] 101238K->11489K(502464K), 0,0176769 secs] [Times: user=0,05 sys=0,00, real=0,02 secs] 
Heap after GC invocations=3 (full 0):
 par new generation   total 109248K, used 11489K [0x00000000e0000000, 0x00000000e8000000, 0x00000000e8000000)
  eden space 87424K,   0% used [0x00000000e0000000, 0x00000000e0000000, 0x00000000e5560000)
  from space 21824K,  52% used [0x00000000e6ab0000, 0x00000000e75e8540, 0x00000000e8000000)
  to   space 21824K,   0% used [0x00000000e5560000, 0x00000000e5560000, 0x00000000e6ab0000)
 concurrent mark-sweep generation total 393216K, used 0K [0x00000000e8000000, 0x0000000100000000, 0x0000000100000000)
 Metaspace       used 20969K, capacity 21280K, committed 21628K, reserved 1069056K
  class space    used 2418K, capacity 2586K, committed 2684K, reserved 1048576K
}
2017-02-16T06:22:44.920+0100: 2,711: Total time for which application threads were stopped: 0,0178569 seconds, Stopping threads took: 0,0000433 seconds
2017-02-16T06:22:44.924+0100: 2,715: [GC (CMS Initial Mark) [1 CMS-initial-mark: 0K(393216K)] 15236K(502464K), 0,0043549 secs] [Times: user=0,02 sys=0,00, real=0,00 secs] 
2017-02-16T06:22:44.929+0100: 2,720: Total time for which application threads were stopped: 0,0045087 seconds, Stopping threads took: 0,0000468 seconds
2017-02-16T06:22:44.929+0100: 2,720: [CMS-concurrent-mark-start]
2017-02-16T06:22:44.929+0100: 2,720: [CMS-concurrent-mark: 0,000/0,000 secs] [Times: user=0,00 sys=0,00, real=0,00 secs] 
2017-02-16T06:22:44.929+0100: 2,720: [CMS-concurrent-preclean-start]
2017-02-16T06:22:44.930+0100: 2,721: [CMS-concurrent-preclean: 0,001/0,001 secs] [Times: user=0,00 sys=0,00, real=0,00 secs] 
2017-02-16T06:22:44.930+0100: 2,721: [CMS-concurrent-abortable-preclean-start]
2017-02-16T06:22:44.995+0100: 2,786: Total time for which application threads were stopped: 0,0002597 seconds, Stopping threads took: 0,0001557 seconds
{Heap before GC invocations=3 (full 1):
 par new generation   total 109248K, used 98913K [0x00000000e0000000, 0x00000000e8000000, 0x00000000e8000000)
  eden space 87424K, 100% used [0x00000000e0000000, 0x00000000e5560000, 0x00000000e5560000)
  from space 21824K,  52% used [0x00000000e6ab0000, 0x00000000e75e8540, 0x00000000e8000000)
  to   space 21824K,   0% used [0x00000000e5560000, 0x00000000e5560000, 0x00000000e6ab0000)
 concurrent mark-sweep generation total 393216K, used 0K [0x00000000e8000000, 0x0000000100000000, 0x0000000100000000)
 Metaspace       used 21260K, capacity 21620K, committed 21884K, reserved 1069056K
  class space    used 2449K, capacity 2601K, committed 2684K, reserved 1048576K
2017-02-16T06:22:45.040+0100: 2,831: [GC (Allocation Failure) 2017-02-16T06:22:45.040+0100: 2,831: [ParNew
Desired survivor size 20112992 bytes, new threshold 8 (max 8)
- age   1:     716960 bytes,     716960 total
- age   2:    1458648 bytes,    2175608 total
- age   3:     811024 bytes,    2986632 total
- age   4:    6659224 bytes,    9645856 total
: 98913K->12706K(109248K), 0,0190095 secs] 98913K->12706K(502464K), 0,0190868 secs] [Times: user=0,06 sys=0,01, real=0,02 secs] 
Heap after GC invocations=4 (full 1):
 par new generation   total 109248K, used 12706K [0x00000000e0000000, 0x00000000e8000000, 0x00000000e8000000)
  eden space 87424K,   0% used [0x00000000e0000000, 0x00000000e0000000, 0x00000000e5560000)
  from space 21824K,  58% used [0x00000000e5560000, 0x00000000e61c8a90, 0x00000000e6ab0000)
  to   space 21824K,   0% used [0x00000000e6ab0000, 0x00000000e6ab0000, 0x00000000e8000000)
 concurrent mark-sweep generation total 393216K, used 0K [0x00000000e8000000, 0x0000000100000000, 0x0000000100000000)
 Metaspace       used 21260K, capacity 21620K, committed 21884K, reserved 1069056K
  class space    used 2449K, capacity 2601K, committed 2684K, reserved 1048576K
}
2017-02-16T06:22:45.059+0100: 2,850: Total time for which application threads were stopped: 0,0193296 seconds, Stopping threads took: 0,0000877 seconds
2017-02-16T06:22:45.059+0100: 2,850: [CMS-concurrent-abortable-preclean: 0,066/0,129 secs] [Times: user=0,47 sys=0,01, real=0,14 secs] 
2017-02-16T06:22:45.064+0100: 2,855: [GC (CMS Final Remark) [YG occupancy: 15722 K (109248 K)]{Heap before GC invocations=4 (full 1):
 par new generation   total 109248K, used 15722K [0x00000000e0000000, 0x00000000e8000000, 0x00000000e8000000)
  eden space 87424K,   3% used [0x00000000e0000000, 0x00000000e02f1ed8, 0x00000000e5560000)
  from space 21824K,  58% used [0x00000000e5560000, 0x00000000e61c8a90, 0x00000000e6ab0000)
  to   space 21824K,   0% used [0x00000000e6ab0000, 0x00000000e6ab0000, 0x00000000e8000000)
 concurrent mark-sweep generation total 393216K, used 0K [0x00000000e8000000, 0x0000000100000000, 0x0000000100000000)
 Metaspace       used 21260K, capacity 21620K, committed 21884K, reserved 1069056K
  class space    used 2449K, capacity 2601K, committed 2684K, reserved 1048576K
2017-02-16T06:22:45.064+0100: 2,855: [GC (CMS Final Remark) 2017-02-16T06:22:45.064+0100: 2,855: [ParNew
Desired survivor size 20112992 bytes, new threshold 8 (max 8)
- age   1:     326840 bytes,     326840 total
- age   2:     417312 bytes,     744152 total
- age   3:    1458648 bytes,    2202800 total
- age   4:     811024 bytes,    3013824 total
- age   5:    6659264 bytes,    9673088 total
: 15722K->11300K(109248K), 0,0086923 secs] 15722K->11300K(502464K), 0,0087295 secs] [Times: user=0,04 sys=0,00, real=0,01 secs] 
Heap after GC invocations=5 (full 1):
 par new generation   total 109248K, used 11300K [0x00000000e0000000, 0x00000000e8000000, 0x00000000e8000000)
  eden space 87424K,   0% used [0x00000000e0000000, 0x00000000e0000000, 0x00000000e5560000)
  from space 21824K,  51% used [0x00000000e6ab0000, 0x00000000e75b9180, 0x00000000e8000000)
  to   space 21824K,   0% used [0x00000000e5560000, 0x00000000e5560000, 0x00000000e6ab0000)
 concurrent mark-sweep generation total 393216K, used 0K [0x00000000e8000000, 0x0000000100000000, 0x0000000100000000)
 Metaspace       used 21260K, capacity 21620K, committed 21884K, reserved 1069056K
  class space    used 2449K, capacity 2601K, committed 2684K, reserved 1048576K
}
2017-02-16T06:22:45.073+0100: 2,864: [Rescan (parallel) , 0,0033427 secs]2017-02-16T06:22:45.077+0100: 2,867: [weak refs processing, 0,0005185 secs]2017-02-16T06:22:45.077+0100: 2,868: [class unloading, 0,0028364 secs]2017-02-16T06:22:45.080+0100: 2,871: [scrub symbol table, 0,0025868 secs]2017-02-16T06:22:45.083+0100: 2,873: [scrub string table, 0,0003785 secs][1 CMS-remark: 0K(393216K)] 11300K(502464K), 0,0190499 secs] [Times: user=0,06 sys=0,00, real=0,02 secs] 
2017-02-16T06:22:45.083+0100: 2,874: Total time for which application threads were stopped: 0,0192358 seconds, Stopping threads took: 0,0001102 seconds
2017-02-16T06:22:45.083+0100: 2,874: [CMS-concurrent-sweep-start]
2017-02-16T06:22:45.084+0100: 2,874: [CMS-concurrent-sweep: 0,000/0,000 secs] [Times: user=0,00 sys=0,00, real=0,00 secs] 
2017-02-16T06:22:45.084+0100: 2,874: [CMS-concurrent-reset-start]
2017-02-16T06:22:45.086+0100: 2,877: [CMS-concurrent-reset: 0,002/0,002 secs] [Times: user=0,00 sys=0,00, real=0,00 secs] 
{Heap before GC invocations=5 (full 1):
 par new generation   total 109248K, used 98724K [0x00000000e0000000, 0x00000000e8000000, 0x00000000e8000000)
  eden space 87424K, 100% used [0x00000000e0000000, 0x00000000e5560000, 0x00000000e5560000)
  from space 21824K,  51% used [0x00000000e6ab0000, 0x00000000e75b9180, 0x00000000e8000000)
  to   space 21824K,   0% used [0x00000000e5560000, 0x00000000e5560000, 0x00000000e6ab0000)
 concurrent mark-sweep generation total 393216K, used 0K [0x00000000e8000000, 0x0000000100000000, 0x0000000100000000)
 Metaspace       used 21377K, capacity 21792K, committed 21884K, reserved 1069056K
  class space    used 2467K, capacity 2635K, committed 2684K, reserved 1048576K
2017-02-16T06:22:45.155+0100: 2,946: [GC (Allocation Failure) 2017-02-16T06:22:45.155+0100: 2,946: [ParNew
Desired survivor size 20112992 bytes, new threshold 8 (max 8)
- age   1:     956560 bytes,     956560 total
- age   2:        424 bytes,     956984 total
- age   3:     186840 bytes,    1143824 total
- age   4:    1458544 bytes,    2602368 total
- age   5:     810944 bytes,    3413312 total
- age   6:    6659304 bytes,   10072616 total
: 98724K->16994K(109248K), 0,0120911 secs] 98724K->16994K(502464K), 0,0121782 secs] [Times: user=0,04 sys=0,00, real=0,01 secs] 
Heap after GC invocations=6 (full 1):
 par new generation   total 109248K, used 16994K [0x00000000e0000000, 0x00000000e8000000, 0x00000000e8000000)
  eden space 87424K,   0% used [0x00000000e0000000, 0x00000000e0000000, 0x00000000e5560000)
  from space 21824K,  77% used [0x00000000e5560000, 0x00000000e65f8a80, 0x00000000e6ab0000)
  to   space 21824K,   0% used [0x00000000e6ab0000, 0x00000000e6ab0000, 0x00000000e8000000)
 concurrent mark-sweep generation total 393216K, used 0K [0x00000000e8000000, 0x0000000100000000, 0x0000000100000000)
 Metaspace       used 21377K, capacity 21792K, committed 21884K, reserved 1069056K
  class space    used 2467K, capacity 2635K, committed 2684K, reserved 1048576K
}
2017-02-16T06:22:45.167+0100: 2,958: Total time for which application threads were stopped: 0,0124805 seconds, Stopping threads took: 0,0001522 seconds
2017-02-16T06:22:45.211+0100: 3,002: Total time for which application threads were stopped: 0,0003386 seconds, Stopping threads took: 0,0000196 seconds
2017-02-16T06:22:45.387+0100: 3,177: Total time for which application threads were stopped: 0,0005113 seconds, Stopping threads took: 0,0000512 seconds
2017-02-16T06:22:45.403+0100: 3,194: Total time for which application threads were stopped: 0,0004758 seconds, Stopping threads took: 0,0000383 seconds
{Heap before GC invocations=6 (full 1):
 par new generation   total 109248K, used 104418K [0x00000000e0000000, 0x00000000e8000000, 0x00000000e8000000)
  eden space 87424K, 100% used [0x00000000e0000000, 0x00000000e5560000, 0x00000000e5560000)
  from space 21824K,  77% used [0x00000000e5560000, 0x00000000e65f8a80, 0x00000000e6ab0000)
  to   space 21824K,   0% used [0x00000000e6ab0000, 0x00000000e6ab0000, 0x00000000e8000000)
 concurrent mark-sweep generation total 393216K, used 0K [0x00000000e8000000, 0x0000000100000000, 0x0000000100000000)
 Metaspace       used 24449K, capacity 24936K, committed 25084K, reserved 1071104K
  class space    used 2866K, capacity 3043K, committed 3068K, reserved 1048576K
2017-02-16T06:22:45.619+0100: 3,410: [GC (Allocation Failure) 2017-02-16T06:22:45.620+0100: 3,410: [ParNew
Desired survivor size 20112992 bytes, new threshold 8 (max 8)
- age   1:    5244352 bytes,    5244352 total
- age   2:     111744 bytes,    5356096 total
- age   3:        400 bytes,    5356496 total
- age   4:     185272 bytes,    5541768 total
- age   5:     285760 bytes,    5827528 total
- age   6:     785848 bytes,    6613376 total
- age   7:    6651792 bytes,   13265168 total
: 104418K->14896K(109248K), 0,0126545 secs] 104418K->14896K(502464K), 0,0127255 secs] [Times: user=0,04 sys=0,00, real=0,01 secs] 
Heap after GC invocations=7 (full 1):
 par new generation   total 109248K, used 14896K [0x00000000e0000000, 0x00000000e8000000, 0x00000000e8000000)
  eden space 87424K,   0% used [0x00000000e0000000, 0x00000000e0000000, 0x00000000e5560000)
  from space 21824K,  68% used [0x00000000e6ab0000, 0x00000000e793c0b0, 0x00000000e8000000)
  to   space 21824K,   0% used [0x00000000e5560000, 0x00000000e5560000, 0x00000000e6ab0000)
 concurrent mark-sweep generation total 393216K, used 0K [0x00000000e8000000, 0x0000000100000000, 0x0000000100000000)
 Metaspace       used 24449K, capacity 24936K, committed 25084K, reserved 1071104K
  class space    used 2866K, capacity 3043K, committed 3068K, reserved 1048576K
}
2017-02-16T06:22:45.632+0100: 3,423: Total time for which application threads were stopped: 0,0130754 seconds, Stopping threads took: 0,0000907 seconds
{Heap before GC invocations=7 (full 1):
 par new generation   total 109248K, used 102320K [0x00000000e0000000, 0x00000000e8000000, 0x00000000e8000000)
  eden space 87424K, 100% used [0x00000000e0000000, 0x00000000e5560000, 0x00000000e5560000)
  from space 21824K,  68% used [0x00000000e6ab0000, 0x00000000e793c0b0, 0x00000000e8000000)
  to   space 21824K,   0% used [0x00000000e5560000, 0x00000000e5560000, 0x00000000e6ab0000)
 concurrent mark-sweep generation total 393216K, used 0K [0x00000000e8000000, 0x0000000100000000, 0x0000000100000000)
 Metaspace       used 25008K, capacity 25438K, committed 25724K, reserved 1071104K
  class space    used 2911K, capacity 3079K, committed 3196K, reserved 1048576K
2017-02-16T06:22:45.772+0100: 3,562: [GC (Allocation Failure) 2017-02-16T06:22:45.772+0100: 3,562: [ParNew
Desired survivor size 20112992 bytes, new threshold 8 (max 8)
- age   1:     997064 bytes,     997064 total
- age   2:    2068320 bytes,    3065384 total
- age   3:      89456 bytes,    3154840 total
- age   4:        400 bytes,    3155240 total
- age   5:     134152 bytes,    3289392 total
- age   6:     243104 bytes,    3532496 total
- age   7:     757544 bytes,    4290040 total
- age   8:    6383960 bytes,   10674000 total
: 102320K->16256K(109248K), 0,0106131 secs] 102320K->16256K(502464K), 0,0106935 secs] [Times: user=0,04 sys=0,00, real=0,01 secs] 
Heap after GC invocations=8 (full 1):
 par new generation   total 109248K, used 16256K [0x00000000e0000000, 0x00000000e8000000, 0x00000000e8000000)
  eden space 87424K,   0% used [0x00000000e0000000, 0x00000000e0000000, 0x00000000e5560000)
  from space 21824K,  74% used [0x00000000e5560000, 0x00000000e6540190, 0x00000000e6ab0000)
  to   space 21824K,   0% used [0x00000000e6ab0000, 0x00000000e6ab0000, 0x00000000e8000000)
 concurrent mark-sweep generation total 393216K, used 0K [0x00000000e8000000, 0x0000000100000000, 0x0000000100000000)
 Metaspace       used 25008K, capacity 25438K, committed 25724K, reserved 1071104K
  class space    used 2911K, capacity 3079K, committed 3196K, reserved 1048576K
}
2017-02-16T06:22:45.782+0100: 3,573: Total time for which application threads were stopped: 0,0109441 seconds, Stopping threads took: 0,0000618 seconds
2017-02-16T06:22:45.995+0100: 3,786: Total time for which application threads were stopped: 0,0006663 seconds, Stopping threads took: 0,0000556 seconds
2017-02-16T06:22:46.054+0100: 3,845: Total time for which application threads were stopped: 0,0004188 seconds, Stopping threads took: 0,0000206 seconds
2017-02-16T06:22:46.075+0100: 3,866: Total time for which application threads were stopped: 0,0018806 seconds, Stopping threads took: 0,0015176 seconds
2017-02-16T06:22:46.163+0100: 3,954: Total time for which application threads were stopped: 0,0005662 seconds, Stopping threads took: 0,0000448 seconds
2017-02-16T06:22:46.267+0100: 4,058: Total time for which application threads were stopped: 0,0052803 seconds, Stopping threads took: 0,0048695 seconds
2017-02-16T06:22:46.270+0100: 4,060: Total time for which application threads were stopped: 0,0001498 seconds, Stopping threads took: 0,0000335 seconds
2017-02-16T06:22:46.271+0100: 4,062: Total time for which application threads were stopped: 0,0001118 seconds, Stopping threads took: 0,0000178 seconds
2017-02-16T06:22:46.279+0100: 4,070: Total time for which application threads were stopped: 0,0001376 seconds, Stopping threads took: 0,0000374 seconds
2017-02-16T06:22:46.279+0100: 4,070: Total time for which application threads were stopped: 0,0001419 seconds, Stopping threads took: 0,0000764 seconds
2017-02-16T06:22:46.290+0100: 4,081: Total time for which application threads were stopped: 0,0001566 seconds, Stopping threads took: 0,0000393 seconds
2017-02-16T06:22:46.291+0100: 4,081: Total time for which application threads were stopped: 0,0001180 seconds, Stopping threads took: 0,0000348 seconds
2017-02-16T06:22:46.295+0100: 4,086: Total time for which application threads were stopped: 0,0032265 seconds, Stopping threads took: 0,0027519 seconds
2017-02-16T06:22:46.295+0100: 4,086: Total time for which application threads were stopped: 0,0001771 seconds, Stopping threads took: 0,0000901 seconds
2017-02-16T06:22:46.296+0100: 4,086: Total time for which application threads were stopped: 0,0000892 seconds, Stopping threads took: 0,0000287 seconds
2017-02-16T06:22:46.296+0100: 4,087: Total time for which application threads were stopped: 0,0001075 seconds, Stopping threads took: 0,0000296 seconds
2017-02-16T06:22:46.299+0100: 4,090: Total time for which application threads were stopped: 0,0010763 seconds, Stopping threads took: 0,0009549 seconds
2017-02-16T06:22:46.301+0100: 4,091: Total time for which application threads were stopped: 0,0001503 seconds, Stopping threads took: 0,0000506 seconds
2017-02-16T06:22:46.303+0100: 4,094: Total time for which application threads were stopped: 0,0001374 seconds, Stopping threads took: 0,0000260 seconds
2017-02-16T06:22:46.303+0100: 4,094: Total time for which application threads were stopped: 0,0001312 seconds, Stopping threads took: 0,0000478 seconds
2017-02-16T06:22:46.304+0100: 4,095: Total time for which application threads were stopped: 0,0001578 seconds, Stopping threads took: 0,0000702 seconds
2017-02-16T06:22:46.305+0100: 4,095: Total time for which application threads were stopped: 0,0000883 seconds, Stopping threads took: 0,0000177 seconds
2017-02-16T06:22:46.311+0100: 4,102: Total time for which application threads were stopped: 0,0001600 seconds, Stopping threads took: 0,0000500 seconds
2017-02-16T06:22:46.323+0100: 4,114: Total time for which application threads were stopped: 0,0042495 seconds, Stopping threads took: 0,0041095 seconds
2017-02-16T06:22:46.326+0100: 4,116: Total time for which application threads were stopped: 0,0001725 seconds, Stopping threads took: 0,0000530 seconds
2017-02-16T06:22:46.326+0100: 4,117: Total time for which application threads were stopped: 0,0001377 seconds, Stopping threads took: 0,0000332 seconds
2017-02-16T06:22:46.328+0100: 4,118: Total time for which application threads were stopped: 0,0012308 seconds, Stopping threads took: 0,0011315 seconds
2017-02-16T06:22:46.330+0100: 4,121: Total time for which application threads were stopped: 0,0001511 seconds, Stopping threads took: 0,0000379 seconds
2017-02-16T06:22:46.331+0100: 4,122: Total time for which application threads were stopped: 0,0002461 seconds, Stopping threads took: 0,0000339 seconds
2017-02-16T06:22:46.336+0100: 4,126: Total time for which application threads were stopped: 0,0001910 seconds, Stopping threads took: 0,0000458 seconds
2017-02-16T06:22:46.337+0100: 4,128: Total time for which application threads were stopped: 0,0002044 seconds, Stopping threads took: 0,0000878 seconds
2017-02-16T06:23:34.344+0100: 52,135: Total time for which application threads were stopped: 0,0002202 seconds, Stopping threads took: 0,0000399 seconds
2017-02-16T06:23:36.550+0100: 54,341: Total time for which application threads were stopped: 0,0053349 seconds, Stopping threads took: 0,0052310 seconds
2017-02-16T06:23:36.551+0100: 54,342: Total time for which application threads were stopped: 0,0006416 seconds, Stopping threads took: 0,0005735 seconds
2017-02-16T06:23:36.560+0100: 54,350: Total time for which application threads were stopped: 0,0001065 seconds, Stopping threads took: 0,0000205 seconds
2017-02-16T06:23:36.573+0100: 54,363: Total time for which application threads were stopped: 0,0001639 seconds, Stopping threads took: 0,0000564 seconds
2017-02-16T06:23:36.578+0100: 54,369: Total time for which application threads were stopped: 0,0001286 seconds, Stopping threads took: 0,0000272 seconds
2017-02-16T06:23:36.587+0100: 54,377: Total time for which application threads were stopped: 0,0001155 seconds, Stopping threads took: 0,0000251 seconds
Heap
 par new generation   total 109248K, used 90764K [0x00000000e0000000, 0x00000000e8000000, 0x00000000e8000000)
  eden space 87424K,  85% used [0x00000000e0000000, 0x00000000e48c3008, 0x00000000e5560000)
  from space 21824K,  74% used [0x00000000e5560000, 0x00000000e6540190, 0x00000000e6ab0000)
  to   space 21824K,   0% used [0x00000000e6ab0000, 0x00000000e6ab0000, 0x00000000e8000000)
 concurrent mark-sweep generation total 393216K, used 0K [0x00000000e8000000, 0x0000000100000000, 0x0000000100000000)
 Metaspace       used 28133K, capacity 28672K, committed 28796K, reserved 1075200K
  class space    used 3231K, capacity 3426K, committed 3452K, reserved 1048576K
