OpenJDK 64-Bit Server VM (25.111-b14) for linux-amd64 JRE (1.8.0_111-8u111-b14-2ubuntu0.16.04.2-b14), built on Oct 27 2016 18:10:19 by "buildd" with gcc 5.4.0 20160609
Memory: 4k page, physical 7867800k(7508496k free), swap 8076284k(8076284k free)
CommandLine flags: -XX:CMSInitiatingOccupancyFraction=50 -XX:CMSMaxAbortablePrecleanTime=6000 -XX:+CMSParallelRemarkEnabled -XX:+CMSScavengeBeforeRemark -XX:ConcGCThreads=4 -XX:InitialHeapSize=536870912 -XX:MaxHeapSize=536870912 -XX:MaxTenuringThreshold=8 -XX:NewRatio=3 -XX:OldPLABSize=16 -XX:OnOutOfMemoryError=/opt/solr/bin/oom_solr.sh 8983 /var/solr/logs -XX:ParallelGCThreads=4 -XX:+ParallelRefProcEnabled -XX:PretenureSizeThreshold=67108864 -XX:+PrintGC -XX:+PrintGCApplicationStoppedTime -XX:+PrintGCDateStamps -XX:+PrintGCDetails -XX:+PrintGCTimeStamps -XX:+PrintHeapAtGC -XX:+PrintTenuringDistribution -XX:SurvivorRatio=4 -XX:TargetSurvivorRatio=90 -XX:ThreadStackSize=256 -XX:+UseCMSInitiatingOccupancyOnly -XX:+UseCompressedClassPointers -XX:+UseCompressedOops -XX:+UseConcMarkSweepGC -XX:+UseParNewGC 
2017-01-30T18:31:58.800+0100: 0,148: Total time for which application threads were stopped: 0,0000731 seconds, Stopping threads took: 0,0000101 seconds
2017-01-30T18:31:58.878+0100: 0,227: Total time for which application threads were stopped: 0,0001250 seconds, Stopping threads took: 0,0000172 seconds
2017-01-30T18:31:58.895+0100: 0,243: Total time for which application threads were stopped: 0,0001632 seconds, Stopping threads took: 0,0000879 seconds
2017-01-30T18:31:59.093+0100: 0,442: Total time for which application threads were stopped: 0,0001473 seconds, Stopping threads took: 0,0000100 seconds
2017-01-30T18:31:59.630+0100: 0,979: Total time for which application threads were stopped: 0,0001634 seconds, Stopping threads took: 0,0000165 seconds
2017-01-30T18:31:59.722+0100: 1,070: Total time for which application threads were stopped: 0,0002011 seconds, Stopping threads took: 0,0000308 seconds
2017-01-30T18:31:59.785+0100: 1,133: Total time for which application threads were stopped: 0,0001968 seconds, Stopping threads took: 0,0000331 seconds
2017-01-30T18:32:00.056+0100: 1,405: Total time for which application threads were stopped: 0,0001783 seconds, Stopping threads took: 0,0000199 seconds
2017-01-30T18:32:00.261+0100: 1,610: Total time for which application threads were stopped: 0,0002328 seconds, Stopping threads took: 0,0000230 seconds
2017-01-30T18:32:00.288+0100: 1,637: Total time for which application threads were stopped: 0,0015053 seconds, Stopping threads took: 0,0003027 seconds
2017-01-30T18:32:00.291+0100: 1,639: Total time for which application threads were stopped: 0,0001937 seconds, Stopping threads took: 0,0000189 seconds
2017-01-30T18:32:00.305+0100: 1,653: Total time for which application threads were stopped: 0,0009933 seconds, Stopping threads took: 0,0000704 seconds
2017-01-30T18:32:00.386+0100: 1,734: Total time for which application threads were stopped: 0,0002313 seconds, Stopping threads took: 0,0000287 seconds
2017-01-30T18:32:00.540+0100: 1,888: Total time for which application threads were stopped: 0,0004740 seconds, Stopping threads took: 0,0002727 seconds
{Heap before GC invocations=0 (full 0):
 par new generation   total 109248K, used 87424K [0x00000000e0000000, 0x00000000e8000000, 0x00000000e8000000)
  eden space 87424K, 100% used [0x00000000e0000000, 0x00000000e5560000, 0x00000000e5560000)
  from space 21824K,   0% used [0x00000000e5560000, 0x00000000e5560000, 0x00000000e6ab0000)
  to   space 21824K,   0% used [0x00000000e6ab0000, 0x00000000e6ab0000, 0x00000000e8000000)
 concurrent mark-sweep generation total 393216K, used 0K [0x00000000e8000000, 0x0000000100000000, 0x0000000100000000)
 Metaspace       used 17887K, capacity 18206K, committed 18304K, reserved 1064960K
  class space    used 2031K, capacity 2130K, committed 2176K, reserved 1048576K
2017-01-30T18:32:00.640+0100: 1,988: [GC (Allocation Failure) 2017-01-30T18:32:00.640+0100: 1,988: [ParNew
Desired survivor size 20112992 bytes, new threshold 8 (max 8)
- age   1:   12383832 bytes,   12383832 total
: 87424K->12200K(109248K), 0,0161240 secs] 87424K->12200K(502464K), 0,0162125 secs] [Times: user=0,04 sys=0,02, real=0,02 secs] 
Heap after GC invocations=1 (full 0):
 par new generation   total 109248K, used 12200K [0x00000000e0000000, 0x00000000e8000000, 0x00000000e8000000)
  eden space 87424K,   0% used [0x00000000e0000000, 0x00000000e0000000, 0x00000000e5560000)
  from space 21824K,  55% used [0x00000000e6ab0000, 0x00000000e769a370, 0x00000000e8000000)
  to   space 21824K,   0% used [0x00000000e5560000, 0x00000000e5560000, 0x00000000e6ab0000)
 concurrent mark-sweep generation total 393216K, used 0K [0x00000000e8000000, 0x0000000100000000, 0x0000000100000000)
 Metaspace       used 17887K, capacity 18206K, committed 18304K, reserved 1064960K
  class space    used 2031K, capacity 2130K, committed 2176K, reserved 1048576K
}
2017-01-30T18:32:00.656+0100: 2,004: Total time for which application threads were stopped: 0,0163892 seconds, Stopping threads took: 0,0000182 seconds
2017-01-30T18:32:00.885+0100: 2,234: Total time for which application threads were stopped: 0,0002584 seconds, Stopping threads took: 0,0000222 seconds
2017-01-30T18:32:00.920+0100: 2,268: Total time for which application threads were stopped: 0,0004072 seconds, Stopping threads took: 0,0000738 seconds
2017-01-30T18:32:00.951+0100: 2,299: Total time for which application threads were stopped: 0,0003535 seconds, Stopping threads took: 0,0000725 seconds
{Heap before GC invocations=1 (full 0):
 par new generation   total 109248K, used 99624K [0x00000000e0000000, 0x00000000e8000000, 0x00000000e8000000)
  eden space 87424K, 100% used [0x00000000e0000000, 0x00000000e5560000, 0x00000000e5560000)
  from space 21824K,  55% used [0x00000000e6ab0000, 0x00000000e769a370, 0x00000000e8000000)
  to   space 21824K,   0% used [0x00000000e5560000, 0x00000000e5560000, 0x00000000e6ab0000)
 concurrent mark-sweep generation total 393216K, used 0K [0x00000000e8000000, 0x0000000100000000, 0x0000000100000000)
 Metaspace       used 20500K, capacity 20864K, committed 20992K, reserved 1067008K
  class space    used 2369K, capacity 2491K, committed 2560K, reserved 1048576K
2017-01-30T18:32:01.054+0100: 2,403: [GC (Allocation Failure) 2017-01-30T18:32:01.054+0100: 2,403: [ParNew
Desired survivor size 20112992 bytes, new threshold 8 (max 8)
- age   1:    4627264 bytes,    4627264 total
- age   2:    6445632 bytes,   11072896 total
: 99624K->17308K(109248K), 0,0112393 secs] 99624K->17308K(502464K), 0,0113122 secs] [Times: user=0,03 sys=0,01, real=0,01 secs] 
Heap after GC invocations=2 (full 0):
 par new generation   total 109248K, used 17308K [0x00000000e0000000, 0x00000000e8000000, 0x00000000e8000000)
  eden space 87424K,   0% used [0x00000000e0000000, 0x00000000e0000000, 0x00000000e5560000)
  from space 21824K,  79% used [0x00000000e5560000, 0x00000000e6647110, 0x00000000e6ab0000)
  to   space 21824K,   0% used [0x00000000e6ab0000, 0x00000000e6ab0000, 0x00000000e8000000)
 concurrent mark-sweep generation total 393216K, used 0K [0x00000000e8000000, 0x0000000100000000, 0x0000000100000000)
 Metaspace       used 20500K, capacity 20864K, committed 20992K, reserved 1067008K
  class space    used 2369K, capacity 2491K, committed 2560K, reserved 1048576K
}
2017-01-30T18:32:01.066+0100: 2,414: Total time for which application threads were stopped: 0,0116148 seconds, Stopping threads took: 0,0001379 seconds
2017-01-30T18:32:01.127+0100: 2,476: Total time for which application threads were stopped: 0,0002431 seconds, Stopping threads took: 0,0001299 seconds
2017-01-30T18:32:01.132+0100: 2,480: Total time for which application threads were stopped: 0,0001292 seconds, Stopping threads took: 0,0000321 seconds
2017-01-30T18:32:01.161+0100: 2,510: Total time for which application threads were stopped: 0,0001364 seconds, Stopping threads took: 0,0000371 seconds
2017-01-30T18:32:01.199+0100: 2,547: Total time for which application threads were stopped: 0,0038390 seconds, Stopping threads took: 0,0037324 seconds
{Heap before GC invocations=2 (full 0):
 par new generation   total 109248K, used 104732K [0x00000000e0000000, 0x00000000e8000000, 0x00000000e8000000)
  eden space 87424K, 100% used [0x00000000e0000000, 0x00000000e5560000, 0x00000000e5560000)
  from space 21824K,  79% used [0x00000000e5560000, 0x00000000e6647110, 0x00000000e6ab0000)
  to   space 21824K,   0% used [0x00000000e6ab0000, 0x00000000e6ab0000, 0x00000000e8000000)
 concurrent mark-sweep generation total 393216K, used 0K [0x00000000e8000000, 0x0000000100000000, 0x0000000100000000)
 Metaspace       used 21779K, capacity 22134K, committed 22216K, reserved 1069056K
  class space    used 2524K, capacity 2655K, committed 2684K, reserved 1048576K
2017-01-30T18:32:01.234+0100: 2,582: [GC (Allocation Failure) 2017-01-30T18:32:01.234+0100: 2,582: [ParNew
Desired survivor size 20112992 bytes, new threshold 8 (max 8)
- age   1:    1669104 bytes,    1669104 total
- age   2:    1789720 bytes,    3458824 total
- age   3:    6441888 bytes,    9900712 total
: 104732K->11565K(109248K), 0,0088571 secs] 104732K->11565K(502464K), 0,0089327 secs] [Times: user=0,03 sys=0,00, real=0,01 secs] 
Heap after GC invocations=3 (full 0):
 par new generation   total 109248K, used 11565K [0x00000000e0000000, 0x00000000e8000000, 0x00000000e8000000)
  eden space 87424K,   0% used [0x00000000e0000000, 0x00000000e0000000, 0x00000000e5560000)
  from space 21824K,  52% used [0x00000000e6ab0000, 0x00000000e75fb720, 0x00000000e8000000)
  to   space 21824K,   0% used [0x00000000e5560000, 0x00000000e5560000, 0x00000000e6ab0000)
 concurrent mark-sweep generation total 393216K, used 0K [0x00000000e8000000, 0x0000000100000000, 0x0000000100000000)
 Metaspace       used 21779K, capacity 22134K, committed 22216K, reserved 1069056K
  class space    used 2524K, capacity 2655K, committed 2684K, reserved 1048576K
}
2017-01-30T18:32:01.243+0100: 2,591: Total time for which application threads were stopped: 0,0091336 seconds, Stopping threads took: 0,0000526 seconds
2017-01-30T18:32:01.247+0100: 2,595: [GC (CMS Initial Mark) [1 CMS-initial-mark: 0K(393216K)] 12441K(502464K), 0,0029844 secs] [Times: user=0,01 sys=0,00, real=0,00 secs] 
2017-01-30T18:32:01.250+0100: 2,598: Total time for which application threads were stopped: 0,0068108 seconds, Stopping threads took: 0,0037524 seconds
2017-01-30T18:32:01.250+0100: 2,598: [CMS-concurrent-mark-start]
2017-01-30T18:32:01.250+0100: 2,599: [CMS-concurrent-mark: 0,000/0,000 secs] [Times: user=0,00 sys=0,00, real=0,00 secs] 
2017-01-30T18:32:01.250+0100: 2,599: [CMS-concurrent-preclean-start]
2017-01-30T18:32:01.251+0100: 2,600: [CMS-concurrent-preclean: 0,001/0,001 secs] [Times: user=0,00 sys=0,00, real=0,00 secs] 
2017-01-30T18:32:01.251+0100: 2,600: [CMS-concurrent-abortable-preclean-start]
2017-01-30T18:32:01.281+0100: 2,629: Total time for which application threads were stopped: 0,0001474 seconds, Stopping threads took: 0,0000619 seconds
{Heap before GC invocations=3 (full 1):
 par new generation   total 109248K, used 98989K [0x00000000e0000000, 0x00000000e8000000, 0x00000000e8000000)
  eden space 87424K, 100% used [0x00000000e0000000, 0x00000000e5560000, 0x00000000e5560000)
  from space 21824K,  52% used [0x00000000e6ab0000, 0x00000000e75fb720, 0x00000000e8000000)
  to   space 21824K,   0% used [0x00000000e5560000, 0x00000000e5560000, 0x00000000e6ab0000)
 concurrent mark-sweep generation total 393216K, used 0K [0x00000000e8000000, 0x0000000100000000, 0x0000000100000000)
 Metaspace       used 22121K, capacity 22472K, committed 22548K, reserved 1069056K
  class space    used 2574K, capacity 2722K, committed 2760K, reserved 1048576K
2017-01-30T18:32:01.366+0100: 2,715: [GC (Allocation Failure) 2017-01-30T18:32:01.366+0100: 2,715: [ParNew
Desired survivor size 20112992 bytes, new threshold 8 (max 8)
- age   1:     577000 bytes,     577000 total
- age   2:     385240 bytes,     962240 total
- age   3:    1380832 bytes,    2343072 total
- age   4:    6441856 bytes,    8784928 total
: 98989K->12612K(109248K), 0,0129615 secs] 98989K->12612K(502464K), 0,0130264 secs] [Times: user=0,04 sys=0,00, real=0,02 secs] 
Heap after GC invocations=4 (full 1):
 par new generation   total 109248K, used 12612K [0x00000000e0000000, 0x00000000e8000000, 0x00000000e8000000)
  eden space 87424K,   0% used [0x00000000e0000000, 0x00000000e0000000, 0x00000000e5560000)
  from space 21824K,  57% used [0x00000000e5560000, 0x00000000e61b1090, 0x00000000e6ab0000)
  to   space 21824K,   0% used [0x00000000e6ab0000, 0x00000000e6ab0000, 0x00000000e8000000)
 concurrent mark-sweep generation total 393216K, used 0K [0x00000000e8000000, 0x0000000100000000, 0x0000000100000000)
 Metaspace       used 22121K, capacity 22472K, committed 22548K, reserved 1069056K
  class space    used 2574K, capacity 2722K, committed 2760K, reserved 1048576K
}
2017-01-30T18:32:01.379+0100: 2,728: Total time for which application threads were stopped: 0,0132429 seconds, Stopping threads took: 0,0000637 seconds
2017-01-30T18:32:01.379+0100: 2,728: [CMS-concurrent-abortable-preclean: 0,065/0,128 secs] [Times: user=0,46 sys=0,01, real=0,13 secs] 
2017-01-30T18:32:01.380+0100: 2,728: [GC (CMS Final Remark) [YG occupancy: 13569 K (109248 K)]{Heap before GC invocations=4 (full 1):
 par new generation   total 109248K, used 13569K [0x00000000e0000000, 0x00000000e8000000, 0x00000000e8000000)
  eden space 87424K,   1% used [0x00000000e0000000, 0x00000000e00ef520, 0x00000000e5560000)
  from space 21824K,  57% used [0x00000000e5560000, 0x00000000e61b1090, 0x00000000e6ab0000)
  to   space 21824K,   0% used [0x00000000e6ab0000, 0x00000000e6ab0000, 0x00000000e8000000)
 concurrent mark-sweep generation total 393216K, used 0K [0x00000000e8000000, 0x0000000100000000, 0x0000000100000000)
 Metaspace       used 22121K, capacity 22472K, committed 22548K, reserved 1069056K
  class space    used 2574K, capacity 2722K, committed 2760K, reserved 1048576K
2017-01-30T18:32:01.380+0100: 2,728: [GC (CMS Final Remark) 2017-01-30T18:32:01.380+0100: 2,728: [ParNew
Desired survivor size 20112992 bytes, new threshold 8 (max 8)
- age   1:      46720 bytes,      46720 total
- age   2:     495000 bytes,     541720 total
- age   3:     385288 bytes,     927008 total
- age   4:    1380832 bytes,    2307840 total
- age   5:    6441904 bytes,    8749744 total
: 13569K->10638K(109248K), 0,0082775 secs] 13569K->10638K(502464K), 0,0083170 secs] [Times: user=0,04 sys=0,00, real=0,01 secs] 
Heap after GC invocations=5 (full 1):
 par new generation   total 109248K, used 10638K [0x00000000e0000000, 0x00000000e8000000, 0x00000000e8000000)
  eden space 87424K,   0% used [0x00000000e0000000, 0x00000000e0000000, 0x00000000e5560000)
  from space 21824K,  48% used [0x00000000e6ab0000, 0x00000000e7513940, 0x00000000e8000000)
  to   space 21824K,   0% used [0x00000000e5560000, 0x00000000e5560000, 0x00000000e6ab0000)
 concurrent mark-sweep generation total 393216K, used 0K [0x00000000e8000000, 0x0000000100000000, 0x0000000100000000)
 Metaspace       used 22121K, capacity 22472K, committed 22548K, reserved 1069056K
  class space    used 2574K, capacity 2722K, committed 2760K, reserved 1048576K
}
2017-01-30T18:32:01.388+0100: 2,736: [Rescan (parallel) , 0,0031616 secs]2017-01-30T18:32:01.391+0100: 2,740: [weak refs processing, 0,0009735 secs]2017-01-30T18:32:01.392+0100: 2,740: [class unloading, 0,0028658 secs]2017-01-30T18:32:01.395+0100: 2,743: [scrub symbol table, 0,0026690 secs]2017-01-30T18:32:01.398+0100: 2,746: [scrub string table, 0,0003983 secs][1 CMS-remark: 0K(393216K)] 10638K(502464K), 0,0190060 secs] [Times: user=0,06 sys=0,00, real=0,02 secs] 
2017-01-30T18:32:01.399+0100: 2,747: Total time for which application threads were stopped: 0,0192794 seconds, Stopping threads took: 0,0002035 seconds
2017-01-30T18:32:01.399+0100: 2,747: [CMS-concurrent-sweep-start]
2017-01-30T18:32:01.399+0100: 2,747: [CMS-concurrent-sweep: 0,000/0,000 secs] [Times: user=0,00 sys=0,00, real=0,00 secs] 
2017-01-30T18:32:01.399+0100: 2,747: [CMS-concurrent-reset-start]
2017-01-30T18:32:01.402+0100: 2,750: [CMS-concurrent-reset: 0,003/0,003 secs] [Times: user=0,01 sys=0,00, real=0,00 secs] 
2017-01-30T18:32:01.406+0100: 2,754: Total time for which application threads were stopped: 0,0003829 seconds, Stopping threads took: 0,0000595 seconds
2017-01-30T18:32:01.572+0100: 2,921: Total time for which application threads were stopped: 0,0004579 seconds, Stopping threads took: 0,0000401 seconds
{Heap before GC invocations=5 (full 1):
 par new generation   total 109248K, used 98062K [0x00000000e0000000, 0x00000000e8000000, 0x00000000e8000000)
  eden space 87424K, 100% used [0x00000000e0000000, 0x00000000e5560000, 0x00000000e5560000)
  from space 21824K,  48% used [0x00000000e6ab0000, 0x00000000e7513940, 0x00000000e8000000)
  to   space 21824K,   0% used [0x00000000e5560000, 0x00000000e5560000, 0x00000000e6ab0000)
 concurrent mark-sweep generation total 393216K, used 0K [0x00000000e8000000, 0x0000000100000000, 0x0000000100000000)
 Metaspace       used 25802K, capacity 26218K, committed 26568K, reserved 1073152K
  class space    used 3029K, capacity 3161K, committed 3272K, reserved 1048576K
2017-01-30T18:32:01.797+0100: 3,146: [GC (Allocation Failure) 2017-01-30T18:32:01.797+0100: 3,146: [ParNew
Desired survivor size 20112992 bytes, new threshold 8 (max 8)
- age   1:    4931312 bytes,    4931312 total
- age   3:     169000 bytes,    5100312 total
- age   4:     371592 bytes,    5471904 total
- age   5:     818896 bytes,    6290800 total
- age   6:    6436120 bytes,   12726920 total
: 98062K->15476K(109248K), 0,0108316 secs] 98062K->15476K(502464K), 0,0109026 secs] [Times: user=0,03 sys=0,00, real=0,01 secs] 
Heap after GC invocations=6 (full 1):
 par new generation   total 109248K, used 15476K [0x00000000e0000000, 0x00000000e8000000, 0x00000000e8000000)
  eden space 87424K,   0% used [0x00000000e0000000, 0x00000000e0000000, 0x00000000e5560000)
  from space 21824K,  70% used [0x00000000e5560000, 0x00000000e647d200, 0x00000000e6ab0000)
  to   space 21824K,   0% used [0x00000000e6ab0000, 0x00000000e6ab0000, 0x00000000e8000000)
 concurrent mark-sweep generation total 393216K, used 0K [0x00000000e8000000, 0x0000000100000000, 0x0000000100000000)
 Metaspace       used 25802K, capacity 26218K, committed 26568K, reserved 1073152K
  class space    used 3029K, capacity 3161K, committed 3272K, reserved 1048576K
}
2017-01-30T18:32:01.808+0100: 3,157: Total time for which application threads were stopped: 0,0111889 seconds, Stopping threads took: 0,0001113 seconds
2017-01-30T18:32:01.898+0100: 3,246: Total time for which application threads were stopped: 0,0003597 seconds, Stopping threads took: 0,0000204 seconds
2017-01-30T18:32:02.704+0100: 4,052: Total time for which application threads were stopped: 0,0005867 seconds, Stopping threads took: 0,0000196 seconds
2017-01-30T18:34:30.726+0100: 152,074: Total time for which application threads were stopped: 0,0001132 seconds, Stopping threads took: 0,0000438 seconds
2017-01-30T18:34:35.726+0100: 157,075: Total time for which application threads were stopped: 0,0001089 seconds, Stopping threads took: 0,0000190 seconds
2017-01-30T18:35:04.730+0100: 186,078: Total time for which application threads were stopped: 0,0000791 seconds, Stopping threads took: 0,0000342 seconds
2017-01-30T18:36:34.741+0100: 276,089: Total time for which application threads were stopped: 0,0000926 seconds, Stopping threads took: 0,0000371 seconds
2017-01-30T18:55:39.880+0100: 1421,228: Total time for which application threads were stopped: 0,0000748 seconds, Stopping threads took: 0,0000301 seconds
2017-01-30T19:00:24.918+0100: 1706,266: Total time for which application threads were stopped: 0,0001527 seconds, Stopping threads took: 0,0000571 seconds
2017-01-30T19:05:38.703+0100: 2020,051: Total time for which application threads were stopped: 0,0001419 seconds, Stopping threads took: 0,0000184 seconds
Heap
 par new generation   total 109248K, used 77391K [0x00000000e0000000, 0x00000000e8000000, 0x00000000e8000000)
  eden space 87424K,  70% used [0x00000000e0000000, 0x00000000e3c76ad0, 0x00000000e5560000)
  from space 21824K,  70% used [0x00000000e5560000, 0x00000000e647d200, 0x00000000e6ab0000)
  to   space 21824K,   0% used [0x00000000e6ab0000, 0x00000000e6ab0000, 0x00000000e8000000)
 concurrent mark-sweep generation total 393216K, used 0K [0x00000000e8000000, 0x0000000100000000, 0x0000000100000000)
 Metaspace       used 28765K, capacity 29216K, committed 29640K, reserved 1075200K
  class space    used 3340K, capacity 3494K, committed 3528K, reserved 1048576K
