OpenJDK 64-Bit Server VM (25.121-b13) for linux-amd64 JRE (1.8.0_121-8u121-b13-0ubuntu1.16.04.2-b13), built on Jan 23 2017 15:51:29 by "buildd" with gcc 5.4.0 20160609
Memory: 4k page, physical 7867764k(7498140k free), swap 8076284k(8076284k free)
CommandLine flags: -XX:CMSInitiatingOccupancyFraction=50 -XX:CMSMaxAbortablePrecleanTime=6000 -XX:+CMSParallelRemarkEnabled -XX:+CMSScavengeBeforeRemark -XX:ConcGCThreads=4 -XX:InitialHeapSize=536870912 -XX:MaxHeapSize=536870912 -XX:MaxTenuringThreshold=8 -XX:NewRatio=3 -XX:OldPLABSize=16 -XX:OnOutOfMemoryError=/opt/solr/bin/oom_solr.sh 8983 /var/solr/logs -XX:ParallelGCThreads=4 -XX:+ParallelRefProcEnabled -XX:PretenureSizeThreshold=67108864 -XX:+PrintGC -XX:+PrintGCApplicationStoppedTime -XX:+PrintGCDateStamps -XX:+PrintGCDetails -XX:+PrintGCTimeStamps -XX:+PrintHeapAtGC -XX:+PrintTenuringDistribution -XX:SurvivorRatio=4 -XX:TargetSurvivorRatio=90 -XX:ThreadStackSize=256 -XX:+UseCMSInitiatingOccupancyOnly -XX:+UseCompressedClassPointers -XX:+UseCompressedOops -XX:+UseConcMarkSweepGC -XX:+UseParNewGC 
2017-04-06T01:45:58.747+0200: 0,138: Total time for which application threads were stopped: 0,0000689 seconds, Stopping threads took: 0,0000097 seconds
2017-04-06T01:45:58.833+0200: 0,224: Total time for which application threads were stopped: 0,0001971 seconds, Stopping threads took: 0,0000160 seconds
2017-04-06T01:45:59.100+0200: 0,490: Total time for which application threads were stopped: 0,0002078 seconds, Stopping threads took: 0,0000159 seconds
2017-04-06T01:45:59.659+0200: 1,049: Total time for which application threads were stopped: 0,0006438 seconds, Stopping threads took: 0,0000351 seconds
2017-04-06T01:45:59.778+0200: 1,169: Total time for which application threads were stopped: 0,0003430 seconds, Stopping threads took: 0,0000384 seconds
2017-04-06T01:45:59.830+0200: 1,221: Total time for which application threads were stopped: 0,0002182 seconds, Stopping threads took: 0,0000241 seconds
2017-04-06T01:46:00.169+0200: 1,560: Total time for which application threads were stopped: 0,0006746 seconds, Stopping threads took: 0,0000272 seconds
2017-04-06T01:46:00.369+0200: 1,760: Total time for which application threads were stopped: 0,0001899 seconds, Stopping threads took: 0,0000112 seconds
2017-04-06T01:46:00.388+0200: 1,779: Total time for which application threads were stopped: 0,0001803 seconds, Stopping threads took: 0,0000157 seconds
2017-04-06T01:46:00.413+0200: 1,804: Total time for which application threads were stopped: 0,0002143 seconds, Stopping threads took: 0,0000213 seconds
2017-04-06T01:46:00.414+0200: 1,805: Total time for which application threads were stopped: 0,0001788 seconds, Stopping threads took: 0,0000308 seconds
2017-04-06T01:46:00.426+0200: 1,817: Total time for which application threads were stopped: 0,0002210 seconds, Stopping threads took: 0,0000311 seconds
2017-04-06T01:46:00.507+0200: 1,897: Total time for which application threads were stopped: 0,0002524 seconds, Stopping threads took: 0,0000208 seconds
2017-04-06T01:46:00.652+0200: 2,043: Total time for which application threads were stopped: 0,0003055 seconds, Stopping threads took: 0,0000840 seconds
{Heap before GC invocations=0 (full 0):
 par new generation   total 109248K, used 87424K [0x00000000e0000000, 0x00000000e8000000, 0x00000000e8000000)
  eden space 87424K, 100% used [0x00000000e0000000, 0x00000000e5560000, 0x00000000e5560000)
  from space 21824K,   0% used [0x00000000e5560000, 0x00000000e5560000, 0x00000000e6ab0000)
  to   space 21824K,   0% used [0x00000000e6ab0000, 0x00000000e6ab0000, 0x00000000e8000000)
 concurrent mark-sweep generation total 393216K, used 0K [0x00000000e8000000, 0x0000000100000000, 0x0000000100000000)
 Metaspace       used 18042K, capacity 18336K, committed 18688K, reserved 1064960K
  class space    used 2039K, capacity 2196K, committed 2304K, reserved 1048576K
2017-04-06T01:46:00.757+0200: 2,147: [GC (Allocation Failure) 2017-04-06T01:46:00.757+0200: 2,147: [ParNew
Desired survivor size 20112992 bytes, new threshold 8 (max 8)
- age   1:   12614304 bytes,   12614304 total
: 87424K->12442K(109248K), 0,0183619 secs] 87424K->12442K(502464K), 0,0184637 secs] [Times: user=0,05 sys=0,01, real=0,02 secs] 
Heap after GC invocations=1 (full 0):
 par new generation   total 109248K, used 12442K [0x00000000e0000000, 0x00000000e8000000, 0x00000000e8000000)
  eden space 87424K,   0% used [0x00000000e0000000, 0x00000000e0000000, 0x00000000e5560000)
  from space 21824K,  57% used [0x00000000e6ab0000, 0x00000000e76d6950, 0x00000000e8000000)
  to   space 21824K,   0% used [0x00000000e5560000, 0x00000000e5560000, 0x00000000e6ab0000)
 concurrent mark-sweep generation total 393216K, used 0K [0x00000000e8000000, 0x0000000100000000, 0x0000000100000000)
 Metaspace       used 18042K, capacity 18336K, committed 18688K, reserved 1064960K
  class space    used 2039K, capacity 2196K, committed 2304K, reserved 1048576K
}
2017-04-06T01:46:00.775+0200: 2,166: Total time for which application threads were stopped: 0,0246897 seconds, Stopping threads took: 0,0060342 seconds
2017-04-06T01:46:01.066+0200: 2,457: Total time for which application threads were stopped: 0,0004759 seconds, Stopping threads took: 0,0001968 seconds
{Heap before GC invocations=1 (full 0):
 par new generation   total 109248K, used 99866K [0x00000000e0000000, 0x00000000e8000000, 0x00000000e8000000)
  eden space 87424K, 100% used [0x00000000e0000000, 0x00000000e5560000, 0x00000000e5560000)
  from space 21824K,  57% used [0x00000000e6ab0000, 0x00000000e76d6950, 0x00000000e8000000)
  to   space 21824K,   0% used [0x00000000e5560000, 0x00000000e5560000, 0x00000000e6ab0000)
 concurrent mark-sweep generation total 393216K, used 0K [0x00000000e8000000, 0x0000000100000000, 0x0000000100000000)
 Metaspace       used 20050K, capacity 20356K, committed 20736K, reserved 1067008K
  class space    used 2295K, capacity 2466K, committed 2560K, reserved 1048576K
2017-04-06T01:46:01.105+0200: 2,496: [GC (Allocation Failure) 2017-04-06T01:46:01.105+0200: 2,496: [ParNew
Desired survivor size 20112992 bytes, new threshold 8 (max 8)
- age   1:    3632040 bytes,    3632040 total
- age   2:    6664568 bytes,   10296608 total
: 99866K->13713K(109248K), 0,0147883 secs] 99866K->13713K(502464K), 0,0148614 secs] [Times: user=0,06 sys=0,00, real=0,02 secs] 
Heap after GC invocations=2 (full 0):
 par new generation   total 109248K, used 13713K [0x00000000e0000000, 0x00000000e8000000, 0x00000000e8000000)
  eden space 87424K,   0% used [0x00000000e0000000, 0x00000000e0000000, 0x00000000e5560000)
  from space 21824K,  62% used [0x00000000e5560000, 0x00000000e62c4668, 0x00000000e6ab0000)
  to   space 21824K,   0% used [0x00000000e6ab0000, 0x00000000e6ab0000, 0x00000000e8000000)
 concurrent mark-sweep generation total 393216K, used 0K [0x00000000e8000000, 0x0000000100000000, 0x0000000100000000)
 Metaspace       used 20050K, capacity 20356K, committed 20736K, reserved 1067008K
  class space    used 2295K, capacity 2466K, committed 2560K, reserved 1048576K
}
2017-04-06T01:46:01.120+0200: 2,511: Total time for which application threads were stopped: 0,0152826 seconds, Stopping threads took: 0,0000632 seconds
2017-04-06T01:46:01.155+0200: 2,545: Total time for which application threads were stopped: 0,0003739 seconds, Stopping threads took: 0,0000719 seconds
2017-04-06T01:46:01.300+0200: 2,691: Total time for which application threads were stopped: 0,0008005 seconds, Stopping threads took: 0,0006773 seconds
{Heap before GC invocations=2 (full 0):
 par new generation   total 109248K, used 101137K [0x00000000e0000000, 0x00000000e8000000, 0x00000000e8000000)
  eden space 87424K, 100% used [0x00000000e0000000, 0x00000000e5560000, 0x00000000e5560000)
  from space 21824K,  62% used [0x00000000e5560000, 0x00000000e62c4668, 0x00000000e6ab0000)
  to   space 21824K,   0% used [0x00000000e6ab0000, 0x00000000e6ab0000, 0x00000000e8000000)
 concurrent mark-sweep generation total 393216K, used 0K [0x00000000e8000000, 0x0000000100000000, 0x0000000100000000)
 Metaspace       used 20989K, capacity 21278K, committed 21628K, reserved 1069056K
  class space    used 2418K, capacity 2585K, committed 2684K, reserved 1048576K
2017-04-06T01:46:01.344+0200: 2,735: [GC (Allocation Failure) 2017-04-06T01:46:01.344+0200: 2,735: [ParNew
Desired survivor size 20112992 bytes, new threshold 8 (max 8)
- age   1:    2239656 bytes,    2239656 total
- age   2:     837360 bytes,    3077016 total
- age   3:    6660816 bytes,    9737832 total
: 101137K->12892K(109248K), 0,0178028 secs] 101137K->12892K(502464K), 0,0178945 secs] [Times: user=0,07 sys=0,00, real=0,02 secs] 
Heap after GC invocations=3 (full 0):
 par new generation   total 109248K, used 12892K [0x00000000e0000000, 0x00000000e8000000, 0x00000000e8000000)
  eden space 87424K,   0% used [0x00000000e0000000, 0x00000000e0000000, 0x00000000e5560000)
  from space 21824K,  59% used [0x00000000e6ab0000, 0x00000000e7747050, 0x00000000e8000000)
  to   space 21824K,   0% used [0x00000000e5560000, 0x00000000e5560000, 0x00000000e6ab0000)
 concurrent mark-sweep generation total 393216K, used 0K [0x00000000e8000000, 0x0000000100000000, 0x0000000100000000)
 Metaspace       used 20989K, capacity 21278K, committed 21628K, reserved 1069056K
  class space    used 2418K, capacity 2585K, committed 2684K, reserved 1048576K
}
2017-04-06T01:46:01.362+0200: 2,753: Total time for which application threads were stopped: 0,0181926 seconds, Stopping threads took: 0,0001390 seconds
2017-04-06T01:46:01.375+0200: 2,766: [GC (CMS Initial Mark) [1 CMS-initial-mark: 0K(393216K)] 26380K(502464K), 0,0102155 secs] [Times: user=0,03 sys=0,00, real=0,01 secs] 
2017-04-06T01:46:01.385+0200: 2,776: Total time for which application threads were stopped: 0,0104129 seconds, Stopping threads took: 0,0000752 seconds
2017-04-06T01:46:01.385+0200: 2,776: [CMS-concurrent-mark-start]
2017-04-06T01:46:01.386+0200: 2,777: [CMS-concurrent-mark: 0,001/0,001 secs] [Times: user=0,00 sys=0,00, real=0,00 secs] 
2017-04-06T01:46:01.386+0200: 2,777: [CMS-concurrent-preclean-start]
2017-04-06T01:46:01.387+0200: 2,778: [CMS-concurrent-preclean: 0,001/0,001 secs] [Times: user=0,01 sys=0,00, real=0,00 secs] 
2017-04-06T01:46:01.387+0200: 2,778: [CMS-concurrent-abortable-preclean-start]
2017-04-06T01:46:01.431+0200: 2,822: Total time for which application threads were stopped: 0,0001562 seconds, Stopping threads took: 0,0000444 seconds
{Heap before GC invocations=3 (full 1):
 par new generation   total 109248K, used 100316K [0x00000000e0000000, 0x00000000e8000000, 0x00000000e8000000)
  eden space 87424K, 100% used [0x00000000e0000000, 0x00000000e5560000, 0x00000000e5560000)
  from space 21824K,  59% used [0x00000000e6ab0000, 0x00000000e7747050, 0x00000000e8000000)
  to   space 21824K,   0% used [0x00000000e5560000, 0x00000000e5560000, 0x00000000e6ab0000)
 concurrent mark-sweep generation total 393216K, used 0K [0x00000000e8000000, 0x0000000100000000, 0x0000000100000000)
 Metaspace       used 21262K, capacity 21624K, committed 21884K, reserved 1069056K
  class space    used 2446K, capacity 2601K, committed 2684K, reserved 1048576K
2017-04-06T01:46:01.480+0200: 2,871: [GC (Allocation Failure) 2017-04-06T01:46:01.480+0200: 2,871: [ParNew
Desired survivor size 20112992 bytes, new threshold 8 (max 8)
- age   1:     948472 bytes,     948472 total
- age   2:    1478392 bytes,    2426864 total
- age   3:     802112 bytes,    3228976 total
- age   4:    6660904 bytes,    9889880 total
: 100316K->12496K(109248K), 0,0104863 secs] 100316K->12496K(502464K), 0,0105539 secs] [Times: user=0,04 sys=0,01, real=0,01 secs] 
Heap after GC invocations=4 (full 1):
 par new generation   total 109248K, used 12496K [0x00000000e0000000, 0x00000000e8000000, 0x00000000e8000000)
  eden space 87424K,   0% used [0x00000000e0000000, 0x00000000e0000000, 0x00000000e5560000)
  from space 21824K,  57% used [0x00000000e5560000, 0x00000000e61941a0, 0x00000000e6ab0000)
  to   space 21824K,   0% used [0x00000000e6ab0000, 0x00000000e6ab0000, 0x00000000e8000000)
 concurrent mark-sweep generation total 393216K, used 0K [0x00000000e8000000, 0x0000000100000000, 0x0000000100000000)
 Metaspace       used 21262K, capacity 21624K, committed 21884K, reserved 1069056K
  class space    used 2446K, capacity 2601K, committed 2684K, reserved 1048576K
}
2017-04-06T01:46:01.491+0200: 2,882: Total time for which application threads were stopped: 0,0110545 seconds, Stopping threads took: 0,0003597 seconds
{Heap before GC invocations=4 (full 1):
 par new generation   total 109248K, used 99920K [0x00000000e0000000, 0x00000000e8000000, 0x00000000e8000000)
  eden space 87424K, 100% used [0x00000000e0000000, 0x00000000e5560000, 0x00000000e5560000)
  from space 21824K,  57% used [0x00000000e5560000, 0x00000000e61941a0, 0x00000000e6ab0000)
  to   space 21824K,   0% used [0x00000000e6ab0000, 0x00000000e6ab0000, 0x00000000e8000000)
 concurrent mark-sweep generation total 393216K, used 0K [0x00000000e8000000, 0x0000000100000000, 0x0000000100000000)
 Metaspace       used 21409K, capacity 21784K, committed 21884K, reserved 1069056K
  class space    used 2465K, capacity 2633K, committed 2684K, reserved 1048576K
2017-04-06T01:46:01.593+0200: 2,983: [GC (Allocation Failure) 2017-04-06T01:46:01.593+0200: 2,984: [ParNew
Desired survivor size 20112992 bytes, new threshold 8 (max 8)
- age   1:    1765056 bytes,    1765056 total
- age   2:     187792 bytes,    1952848 total
- age   3:    1478248 bytes,    3431096 total
- age   4:     802000 bytes,    4233096 total
- age   5:    6660976 bytes,   10894072 total
: 99920K->14614K(109248K), 0,0107606 secs] 99920K->14614K(502464K), 0,0108324 secs] [Times: user=0,04 sys=0,00, real=0,01 secs] 
Heap after GC invocations=5 (full 1):
 par new generation   total 109248K, used 14614K [0x00000000e0000000, 0x00000000e8000000, 0x00000000e8000000)
  eden space 87424K,   0% used [0x00000000e0000000, 0x00000000e0000000, 0x00000000e5560000)
  from space 21824K,  66% used [0x00000000e6ab0000, 0x00000000e78f58e0, 0x00000000e8000000)
  to   space 21824K,   0% used [0x00000000e5560000, 0x00000000e5560000, 0x00000000e6ab0000)
 concurrent mark-sweep generation total 393216K, used 0K [0x00000000e8000000, 0x0000000100000000, 0x0000000100000000)
 Metaspace       used 21409K, capacity 21784K, committed 21884K, reserved 1069056K
  class space    used 2465K, capacity 2633K, committed 2684K, reserved 1048576K
}
2017-04-06T01:46:01.604+0200: 2,994: Total time for which application threads were stopped: 0,0110565 seconds, Stopping threads took: 0,0000927 seconds
2017-04-06T01:46:01.604+0200: 2,994: [CMS-concurrent-abortable-preclean: 0,157/0,216 secs] [Times: user=0,83 sys=0,01, real=0,22 secs] 
2017-04-06T01:46:01.605+0200: 2,996: [GC (CMS Final Remark) [YG occupancy: 16505 K (109248 K)]{Heap before GC invocations=5 (full 1):
 par new generation   total 109248K, used 16505K [0x00000000e0000000, 0x00000000e8000000, 0x00000000e8000000)
  eden space 87424K,   2% used [0x00000000e0000000, 0x00000000e01d8d00, 0x00000000e5560000)
  from space 21824K,  66% used [0x00000000e6ab0000, 0x00000000e78f58e0, 0x00000000e8000000)
  to   space 21824K,   0% used [0x00000000e5560000, 0x00000000e5560000, 0x00000000e6ab0000)
 concurrent mark-sweep generation total 393216K, used 0K [0x00000000e8000000, 0x0000000100000000, 0x0000000100000000)
 Metaspace       used 21423K, capacity 21808K, committed 21884K, reserved 1069056K
  class space    used 2467K, capacity 2637K, committed 2684K, reserved 1048576K
2017-04-06T01:46:01.605+0200: 2,996: [GC (CMS Final Remark) 2017-04-06T01:46:01.605+0200: 2,996: [ParNew
Desired survivor size 20112992 bytes, new threshold 8 (max 8)
- age   1:      49640 bytes,      49640 total
- age   2:    1758368 bytes,    1808008 total
- age   3:     187792 bytes,    1995800 total
- age   4:    1478216 bytes,    3474016 total
- age   5:     802000 bytes,    4276016 total
- age   6:    6660880 bytes,   10936896 total
: 16505K->14320K(109248K), 0,0095883 secs] 16505K->14320K(502464K), 0,0096256 secs] [Times: user=0,04 sys=0,00, real=0,01 secs] 
Heap after GC invocations=6 (full 1):
 par new generation   total 109248K, used 14320K [0x00000000e0000000, 0x00000000e8000000, 0x00000000e8000000)
  eden space 87424K,   0% used [0x00000000e0000000, 0x00000000e0000000, 0x00000000e5560000)
  from space 21824K,  65% used [0x00000000e5560000, 0x00000000e635c070, 0x00000000e6ab0000)
  to   space 21824K,   0% used [0x00000000e6ab0000, 0x00000000e6ab0000, 0x00000000e8000000)
 concurrent mark-sweep generation total 393216K, used 0K [0x00000000e8000000, 0x0000000100000000, 0x0000000100000000)
 Metaspace       used 21423K, capacity 21808K, committed 21884K, reserved 1069056K
  class space    used 2467K, capacity 2637K, committed 2684K, reserved 1048576K
}
2017-04-06T01:46:01.615+0200: 3,006: [Rescan (parallel) , 0,0034330 secs]2017-04-06T01:46:01.618+0200: 3,009: [weak refs processing, 0,0008605 secs]2017-04-06T01:46:01.619+0200: 3,010: [class unloading, 0,0029021 secs]2017-04-06T01:46:01.622+0200: 3,013: [scrub symbol table, 0,0030768 secs]2017-04-06T01:46:01.625+0200: 3,016: [scrub string table, 0,0003667 secs][1 CMS-remark: 0K(393216K)] 14320K(502464K), 0,0209603 secs] [Times: user=0,06 sys=0,00, real=0,02 secs] 
2017-04-06T01:46:01.626+0200: 3,017: Total time for which application threads were stopped: 0,0216700 seconds, Stopping threads took: 0,0006417 seconds
2017-04-06T01:46:01.626+0200: 3,017: [CMS-concurrent-sweep-start]
2017-04-06T01:46:01.626+0200: 3,017: [CMS-concurrent-sweep: 0,000/0,000 secs] [Times: user=0,00 sys=0,00, real=0,00 secs] 
2017-04-06T01:46:01.626+0200: 3,017: [CMS-concurrent-reset-start]
2017-04-06T01:46:01.629+0200: 3,019: [CMS-concurrent-reset: 0,002/0,002 secs] [Times: user=0,01 sys=0,00, real=0,00 secs] 
2017-04-06T01:46:01.660+0200: 3,051: Total time for which application threads were stopped: 0,0003117 seconds, Stopping threads took: 0,0000176 seconds
2017-04-06T01:46:01.859+0200: 3,250: Total time for which application threads were stopped: 0,0004207 seconds, Stopping threads took: 0,0000340 seconds
2017-04-06T01:46:01.879+0200: 3,269: Total time for which application threads were stopped: 0,0004257 seconds, Stopping threads took: 0,0000554 seconds
{Heap before GC invocations=6 (full 1):
 par new generation   total 109248K, used 101744K [0x00000000e0000000, 0x00000000e8000000, 0x00000000e8000000)
  eden space 87424K, 100% used [0x00000000e0000000, 0x00000000e5560000, 0x00000000e5560000)
  from space 21824K,  65% used [0x00000000e5560000, 0x00000000e635c070, 0x00000000e6ab0000)
  to   space 21824K,   0% used [0x00000000e6ab0000, 0x00000000e6ab0000, 0x00000000e8000000)
 concurrent mark-sweep generation total 393216K, used 0K [0x00000000e8000000, 0x0000000100000000, 0x0000000100000000)
 Metaspace       used 24379K, capacity 24888K, committed 25084K, reserved 1071104K
  class space    used 2859K, capacity 3045K, committed 3068K, reserved 1048576K
2017-04-06T01:46:02.084+0200: 3,475: [GC (Allocation Failure) 2017-04-06T01:46:02.084+0200: 3,475: [ParNew
Desired survivor size 20112992 bytes, new threshold 8 (max 8)
- age   1:    5893728 bytes,    5893728 total
- age   2:      10032 bytes,    5903760 total
- age   3:     103256 bytes,    6007016 total
- age   4:     186552 bytes,    6193568 total
- age   5:     300632 bytes,    6494200 total
- age   6:     777704 bytes,    7271904 total
- age   7:    6652408 bytes,   13924312 total
: 101744K->15920K(109248K), 0,0163465 secs] 101744K->15920K(502464K), 0,0164277 secs] [Times: user=0,06 sys=0,00, real=0,02 secs] 
Heap after GC invocations=7 (full 1):
 par new generation   total 109248K, used 15920K [0x00000000e0000000, 0x00000000e8000000, 0x00000000e8000000)
  eden space 87424K,   0% used [0x00000000e0000000, 0x00000000e0000000, 0x00000000e5560000)
  from space 21824K,  72% used [0x00000000e6ab0000, 0x00000000e7a3c3a0, 0x00000000e8000000)
  to   space 21824K,   0% used [0x00000000e5560000, 0x00000000e5560000, 0x00000000e6ab0000)
 concurrent mark-sweep generation total 393216K, used 0K [0x00000000e8000000, 0x0000000100000000, 0x0000000100000000)
 Metaspace       used 24379K, capacity 24888K, committed 25084K, reserved 1071104K
  class space    used 2859K, capacity 3045K, committed 3068K, reserved 1048576K
}
2017-04-06T01:46:02.101+0200: 3,492: Total time for which application threads were stopped: 0,0168236 seconds, Stopping threads took: 0,0001500 seconds
{Heap before GC invocations=7 (full 1):
 par new generation   total 109248K, used 103344K [0x00000000e0000000, 0x00000000e8000000, 0x00000000e8000000)
  eden space 87424K, 100% used [0x00000000e0000000, 0x00000000e5560000, 0x00000000e5560000)
  from space 21824K,  72% used [0x00000000e6ab0000, 0x00000000e7a3c3a0, 0x00000000e8000000)
  to   space 21824K,   0% used [0x00000000e5560000, 0x00000000e5560000, 0x00000000e6ab0000)
 concurrent mark-sweep generation total 393216K, used 0K [0x00000000e8000000, 0x0000000100000000, 0x0000000100000000)
 Metaspace       used 24922K, capacity 25374K, committed 25724K, reserved 1071104K
  class space    used 2905K, capacity 3078K, committed 3196K, reserved 1048576K
2017-04-06T01:46:02.230+0200: 3,621: [GC (Allocation Failure) 2017-04-06T01:46:02.230+0200: 3,621: [ParNew
Desired survivor size 20112992 bytes, new threshold 8 (max 8)
- age   1:    1916480 bytes,    1916480 total
- age   2:    1873040 bytes,    3789520 total
- age   3:       5952 bytes,    3795472 total
- age   4:      58696 bytes,    3854168 total
- age   5:      95176 bytes,    3949344 total
- age   6:     184616 bytes,    4133960 total
- age   7:     749296 bytes,    4883256 total
- age   8:    6119408 bytes,   11002664 total
: 103344K->14406K(109248K), 0,0107323 secs] 103344K->14406K(502464K), 0,0108023 secs] [Times: user=0,05 sys=0,00, real=0,01 secs] 
Heap after GC invocations=8 (full 1):
 par new generation   total 109248K, used 14406K [0x00000000e0000000, 0x00000000e8000000, 0x00000000e8000000)
  eden space 87424K,   0% used [0x00000000e0000000, 0x00000000e0000000, 0x00000000e5560000)
  from space 21824K,  66% used [0x00000000e5560000, 0x00000000e63718d8, 0x00000000e6ab0000)
  to   space 21824K,   0% used [0x00000000e6ab0000, 0x00000000e6ab0000, 0x00000000e8000000)
 concurrent mark-sweep generation total 393216K, used 0K [0x00000000e8000000, 0x0000000100000000, 0x0000000100000000)
 Metaspace       used 24922K, capacity 25374K, committed 25724K, reserved 1071104K
  class space    used 2905K, capacity 3078K, committed 3196K, reserved 1048576K
}
2017-04-06T01:46:02.241+0200: 3,632: Total time for which application threads were stopped: 0,0123900 seconds, Stopping threads took: 0,0014106 seconds
{Heap before GC invocations=8 (full 1):
 par new generation   total 109248K, used 101830K [0x00000000e0000000, 0x00000000e8000000, 0x00000000e8000000)
  eden space 87424K, 100% used [0x00000000e0000000, 0x00000000e5560000, 0x00000000e5560000)
  from space 21824K,  66% used [0x00000000e5560000, 0x00000000e63718d8, 0x00000000e6ab0000)
  to   space 21824K,   0% used [0x00000000e6ab0000, 0x00000000e6ab0000, 0x00000000e8000000)
 concurrent mark-sweep generation total 393216K, used 0K [0x00000000e8000000, 0x0000000100000000, 0x0000000100000000)
 Metaspace       used 25145K, capacity 25624K, committed 25724K, reserved 1071104K
  class space    used 2920K, capacity 3115K, committed 3196K, reserved 1048576K
2017-04-06T01:46:02.371+0200: 3,761: [GC (Allocation Failure) 2017-04-06T01:46:02.371+0200: 3,761: [ParNew
Desired survivor size 20112992 bytes, new threshold 8 (max 8)
- age   1:     728200 bytes,     728200 total
- age   2:    1102376 bytes,    1830576 total
- age   3:    1850784 bytes,    3681360 total
- age   4:       5952 bytes,    3687312 total
- age   5:      58696 bytes,    3746008 total
- age   6:      95072 bytes,    3841080 total
- age   7:     184616 bytes,    4025696 total
- age   8:     749296 bytes,    4774992 total
: 101830K->8638K(109248K), 0,0386074 secs] 101830K->14696K(502464K), 0,0386798 secs] [Times: user=0,10 sys=0,00, real=0,03 secs] 
Heap after GC invocations=9 (full 1):
 par new generation   total 109248K, used 8638K [0x00000000e0000000, 0x00000000e8000000, 0x00000000e8000000)
  eden space 87424K,   0% used [0x00000000e0000000, 0x00000000e0000000, 0x00000000e5560000)
  from space 21824K,  39% used [0x00000000e6ab0000, 0x00000000e731f8a8, 0x00000000e8000000)
  to   space 21824K,   0% used [0x00000000e5560000, 0x00000000e5560000, 0x00000000e6ab0000)
 concurrent mark-sweep generation total 393216K, used 6058K [0x00000000e8000000, 0x0000000100000000, 0x0000000100000000)
 Metaspace       used 25145K, capacity 25624K, committed 25724K, reserved 1071104K
  class space    used 2920K, capacity 3115K, committed 3196K, reserved 1048576K
}
2017-04-06T01:46:02.409+0200: 3,800: Total time for which application threads were stopped: 0,0389567 seconds, Stopping threads took: 0,0000536 seconds
2017-04-06T01:46:02.604+0200: 3,995: Total time for which application threads were stopped: 0,0004733 seconds, Stopping threads took: 0,0000334 seconds
2017-04-06T01:46:02.618+0200: 4,008: Total time for which application threads were stopped: 0,0004663 seconds, Stopping threads took: 0,0000254 seconds
2017-04-06T01:46:02.665+0200: 4,056: Total time for which application threads were stopped: 0,0038430 seconds, Stopping threads took: 0,0035549 seconds
2017-04-06T01:46:02.670+0200: 4,061: Total time for which application threads were stopped: 0,0020963 seconds, Stopping threads took: 0,0020263 seconds
2017-04-06T01:46:02.673+0200: 4,063: Total time for which application threads were stopped: 0,0000831 seconds, Stopping threads took: 0,0000171 seconds
2017-04-06T01:46:02.675+0200: 4,066: Total time for which application threads were stopped: 0,0016610 seconds, Stopping threads took: 0,0015673 seconds
2017-04-06T01:46:02.677+0200: 4,068: Total time for which application threads were stopped: 0,0001374 seconds, Stopping threads took: 0,0000413 seconds
2017-04-06T01:46:02.681+0200: 4,071: Total time for which application threads were stopped: 0,0001269 seconds, Stopping threads took: 0,0000344 seconds
2017-04-06T01:46:02.682+0200: 4,073: Total time for which application threads were stopped: 0,0001421 seconds, Stopping threads took: 0,0000473 seconds
2017-04-06T01:46:02.684+0200: 4,074: Total time for which application threads were stopped: 0,0001304 seconds, Stopping threads took: 0,0000394 seconds
2017-04-06T01:46:02.685+0200: 4,076: Total time for which application threads were stopped: 0,0001314 seconds, Stopping threads took: 0,0000428 seconds
2017-04-06T01:46:02.690+0200: 4,080: Total time for which application threads were stopped: 0,0004857 seconds, Stopping threads took: 0,0000379 seconds
2017-04-06T01:46:02.703+0200: 4,094: Total time for which application threads were stopped: 0,0005171 seconds, Stopping threads took: 0,0004505 seconds
2017-04-06T01:46:02.703+0200: 4,094: Total time for which application threads were stopped: 0,0000678 seconds, Stopping threads took: 0,0000131 seconds
2017-04-06T01:46:02.709+0200: 4,100: Total time for which application threads were stopped: 0,0001408 seconds, Stopping threads took: 0,0000444 seconds
2017-04-06T01:46:02.710+0200: 4,100: Total time for which application threads were stopped: 0,0001183 seconds, Stopping threads took: 0,0000322 seconds
2017-04-06T01:46:02.710+0200: 4,101: Total time for which application threads were stopped: 0,0001440 seconds, Stopping threads took: 0,0000346 seconds
2017-04-06T01:46:02.711+0200: 4,102: Total time for which application threads were stopped: 0,0001141 seconds, Stopping threads took: 0,0000341 seconds
2017-04-06T01:46:02.712+0200: 4,103: Total time for which application threads were stopped: 0,0001522 seconds, Stopping threads took: 0,0000413 seconds
2017-04-06T01:46:02.713+0200: 4,104: Total time for which application threads were stopped: 0,0001417 seconds, Stopping threads took: 0,0000555 seconds
2017-04-06T01:46:02.713+0200: 4,104: Total time for which application threads were stopped: 0,0001043 seconds, Stopping threads took: 0,0000232 seconds
2017-04-06T01:46:02.713+0200: 4,104: Total time for which application threads were stopped: 0,0000933 seconds, Stopping threads took: 0,0000199 seconds
2017-04-06T01:46:02.714+0200: 4,104: Total time for which application threads were stopped: 0,0000897 seconds, Stopping threads took: 0,0000191 seconds
2017-04-06T01:46:02.714+0200: 4,105: Total time for which application threads were stopped: 0,0001005 seconds, Stopping threads took: 0,0000245 seconds
2017-04-06T01:46:02.714+0200: 4,105: Total time for which application threads were stopped: 0,0000856 seconds, Stopping threads took: 0,0000208 seconds
2017-04-06T01:46:02.714+0200: 4,105: Total time for which application threads were stopped: 0,0002024 seconds, Stopping threads took: 0,0000213 seconds
2017-04-06T01:46:02.715+0200: 4,106: Total time for which application threads were stopped: 0,0001023 seconds, Stopping threads took: 0,0000274 seconds
2017-04-06T01:46:02.715+0200: 4,106: Total time for which application threads were stopped: 0,0000818 seconds, Stopping threads took: 0,0000231 seconds
2017-04-06T01:46:02.715+0200: 4,106: Total time for which application threads were stopped: 0,0000754 seconds, Stopping threads took: 0,0000216 seconds
2017-04-06T01:46:02.716+0200: 4,106: Total time for which application threads were stopped: 0,0001000 seconds, Stopping threads took: 0,0000264 seconds
2017-04-06T01:46:02.716+0200: 4,106: Total time for which application threads were stopped: 0,0000883 seconds, Stopping threads took: 0,0000221 seconds
2017-04-06T01:46:02.716+0200: 4,107: Total time for which application threads were stopped: 0,0000832 seconds, Stopping threads took: 0,0000200 seconds
2017-04-06T01:46:02.716+0200: 4,107: Total time for which application threads were stopped: 0,0000726 seconds, Stopping threads took: 0,0000167 seconds
2017-04-06T01:46:02.716+0200: 4,107: Total time for which application threads were stopped: 0,0000741 seconds, Stopping threads took: 0,0000206 seconds
2017-04-06T01:46:02.717+0200: 4,107: Total time for which application threads were stopped: 0,0000912 seconds, Stopping threads took: 0,0000208 seconds
2017-04-06T01:46:02.717+0200: 4,107: Total time for which application threads were stopped: 0,0000778 seconds, Stopping threads took: 0,0000176 seconds
2017-04-06T01:46:02.717+0200: 4,108: Total time for which application threads were stopped: 0,0001024 seconds, Stopping threads took: 0,0000218 seconds
2017-04-06T01:46:02.717+0200: 4,108: Total time for which application threads were stopped: 0,0000889 seconds, Stopping threads took: 0,0000221 seconds
2017-04-06T01:46:02.717+0200: 4,108: Total time for which application threads were stopped: 0,0000863 seconds, Stopping threads took: 0,0000219 seconds
2017-04-06T01:46:02.718+0200: 4,108: Total time for which application threads were stopped: 0,0000919 seconds, Stopping threads took: 0,0000225 seconds
2017-04-06T01:46:02.718+0200: 4,108: Total time for which application threads were stopped: 0,0000813 seconds, Stopping threads took: 0,0000197 seconds
2017-04-06T01:46:02.718+0200: 4,109: Total time for which application threads were stopped: 0,0000834 seconds, Stopping threads took: 0,0000225 seconds
2017-04-06T01:46:02.718+0200: 4,109: Total time for which application threads were stopped: 0,0000788 seconds, Stopping threads took: 0,0000170 seconds
2017-04-06T01:46:02.718+0200: 4,109: Total time for which application threads were stopped: 0,0000801 seconds, Stopping threads took: 0,0000195 seconds
2017-04-06T01:46:02.719+0200: 4,109: Total time for which application threads were stopped: 0,0000953 seconds, Stopping threads took: 0,0000242 seconds
2017-04-06T01:46:02.719+0200: 4,110: Total time for which application threads were stopped: 0,0001847 seconds, Stopping threads took: 0,0000206 seconds
2017-04-06T01:46:02.724+0200: 4,115: Total time for which application threads were stopped: 0,0001403 seconds, Stopping threads took: 0,0000494 seconds
2017-04-06T01:46:02.732+0200: 4,122: Total time for which application threads were stopped: 0,0001483 seconds, Stopping threads took: 0,0000500 seconds
2017-04-06T01:46:02.733+0200: 4,124: Total time for which application threads were stopped: 0,0001815 seconds, Stopping threads took: 0,0000425 seconds
2017-04-06T01:46:02.767+0200: 4,158: Total time for which application threads were stopped: 0,0002084 seconds, Stopping threads took: 0,0000881 seconds
2017-04-06T01:46:02.795+0200: 4,185: Total time for which application threads were stopped: 0,0001690 seconds, Stopping threads took: 0,0000766 seconds
2017-04-06T01:46:02.811+0200: 4,202: Total time for which application threads were stopped: 0,0001482 seconds, Stopping threads took: 0,0000438 seconds
2017-04-06T01:46:02.812+0200: 4,203: Total time for which application threads were stopped: 0,0004423 seconds, Stopping threads took: 0,0000165 seconds
2017-04-06T01:46:02.813+0200: 4,204: Total time for which application threads were stopped: 0,0003361 seconds, Stopping threads took: 0,0002498 seconds
2017-04-06T01:46:02.818+0200: 4,208: Total time for which application threads were stopped: 0,0001232 seconds, Stopping threads took: 0,0000349 seconds
2017-04-06T01:46:03.818+0200: 5,208: Total time for which application threads were stopped: 0,0000664 seconds, Stopping threads took: 0,0000168 seconds
2017-04-06T01:46:04.818+0200: 6,209: Total time for which application threads were stopped: 0,0000602 seconds, Stopping threads took: 0,0000167 seconds
2017-04-06T01:46:24.820+0200: 26,211: Total time for which application threads were stopped: 0,0000683 seconds, Stopping threads took: 0,0000186 seconds
2017-04-06T01:46:30.821+0200: 32,212: Total time for which application threads were stopped: 0,0000789 seconds, Stopping threads took: 0,0000187 seconds
2017-04-06T01:47:25.829+0200: 87,220: Total time for which application threads were stopped: 0,0000599 seconds, Stopping threads took: 0,0000163 seconds
2017-04-06T01:48:00.834+0200: 122,224: Total time for which application threads were stopped: 0,0000860 seconds, Stopping threads took: 0,0000353 seconds
2017-04-06T01:48:05.834+0200: 127,225: Total time for which application threads were stopped: 0,0000868 seconds, Stopping threads took: 0,0000355 seconds
{Heap before GC invocations=9 (full 1):
 par new generation   total 109248K, used 96062K [0x00000000e0000000, 0x00000000e8000000, 0x00000000e8000000)
  eden space 87424K, 100% used [0x00000000e0000000, 0x00000000e5560000, 0x00000000e5560000)
  from space 21824K,  39% used [0x00000000e6ab0000, 0x00000000e731f8a8, 0x00000000e8000000)
  to   space 21824K,   0% used [0x00000000e5560000, 0x00000000e5560000, 0x00000000e6ab0000)
 concurrent mark-sweep generation total 393216K, used 6058K [0x00000000e8000000, 0x0000000100000000, 0x0000000100000000)
 Metaspace       used 28027K, capacity 28570K, committed 28796K, reserved 1075200K
  class space    used 3214K, capacity 3390K, committed 3452K, reserved 1048576K
2017-04-06T01:48:54.688+0200: 176,079: [GC (Allocation Failure) 2017-04-06T01:48:54.688+0200: 176,079: [ParNew
Desired survivor size 20112992 bytes, new threshold 8 (max 8)
- age   1:   10714888 bytes,   10714888 total
- age   2:     262048 bytes,   10976936 total
- age   3:     310872 bytes,   11287808 total
- age   4:    1845920 bytes,   13133728 total
- age   5:       5952 bytes,   13139680 total
- age   6:      58696 bytes,   13198376 total
- age   7:      94944 bytes,   13293320 total
- age   8:     184520 bytes,   13477840 total
: 96062K->14140K(109248K), 0,0199451 secs] 102120K->21017K(502464K), 0,0200173 secs] [Times: user=0,05 sys=0,00, real=0,02 secs] 
Heap after GC invocations=10 (full 1):
 par new generation   total 109248K, used 14140K [0x00000000e0000000, 0x00000000e8000000, 0x00000000e8000000)
  eden space 87424K,   0% used [0x00000000e0000000, 0x00000000e0000000, 0x00000000e5560000)
  from space 21824K,  64% used [0x00000000e5560000, 0x00000000e632f390, 0x00000000e6ab0000)
  to   space 21824K,   0% used [0x00000000e6ab0000, 0x00000000e6ab0000, 0x00000000e8000000)
 concurrent mark-sweep generation total 393216K, used 6876K [0x00000000e8000000, 0x0000000100000000, 0x0000000100000000)
 Metaspace       used 28027K, capacity 28570K, committed 28796K, reserved 1075200K
  class space    used 3214K, capacity 3390K, committed 3452K, reserved 1048576K
}
2017-04-06T01:48:54.708+0200: 176,099: Total time for which application threads were stopped: 0,0205145 seconds, Stopping threads took: 0,0002229 seconds
2017-04-06T01:48:54.709+0200: 176,099: Total time for which application threads were stopped: 0,0000834 seconds, Stopping threads took: 0,0000425 seconds
2017-04-06T01:48:54.709+0200: 176,100: Total time for which application threads were stopped: 0,0000295 seconds, Stopping threads took: 0,0000092 seconds
2017-04-06T01:48:59.709+0200: 181,100: Total time for which application threads were stopped: 0,0000859 seconds, Stopping threads took: 0,0000229 seconds
2017-04-06T01:50:25.721+0200: 267,112: Total time for which application threads were stopped: 0,0000848 seconds, Stopping threads took: 0,0000338 seconds
2017-04-06T01:50:34.723+0200: 276,114: Total time for which application threads were stopped: 0,0001376 seconds, Stopping threads took: 0,0000347 seconds
2017-04-06T01:50:35.723+0200: 277,114: Total time for which application threads were stopped: 0,0000633 seconds, Stopping threads took: 0,0000158 seconds
2017-04-06T01:50:45.725+0200: 287,116: Total time for which application threads were stopped: 0,0004989 seconds, Stopping threads took: 0,0001846 seconds
2017-04-06T01:51:09.728+0200: 311,119: Total time for which application threads were stopped: 0,0001049 seconds, Stopping threads took: 0,0000372 seconds
2017-04-06T02:09:29.851+0200: 1411,242: Total time for which application threads were stopped: 0,0000798 seconds, Stopping threads took: 0,0000282 seconds
2017-04-06T02:13:49.881+0200: 1671,271: Total time for which application threads were stopped: 0,0000891 seconds, Stopping threads took: 0,0000367 seconds
2017-04-06T02:13:59.882+0200: 1681,273: Total time for which application threads were stopped: 0,0000775 seconds, Stopping threads took: 0,0000306 seconds
2017-04-06T02:24:20.952+0200: 2302,343: Total time for which application threads were stopped: 0,0000782 seconds, Stopping threads took: 0,0000281 seconds
2017-04-06T02:24:24.952+0200: 2306,343: Total time for which application threads were stopped: 0,0000982 seconds, Stopping threads took: 0,0000341 seconds
2017-04-06T02:39:16.051+0200: 3197,442: Total time for which application threads were stopped: 0,0003145 seconds, Stopping threads took: 0,0001741 seconds
2017-04-06T02:52:01.128+0200: 3962,518: Total time for which application threads were stopped: 0,0001937 seconds, Stopping threads took: 0,0000645 seconds
2017-04-06T02:52:25.132+0200: 3986,522: Total time for which application threads were stopped: 0,0001655 seconds, Stopping threads took: 0,0000617 seconds
2017-04-06T02:52:30.132+0200: 3991,523: Total time for which application threads were stopped: 0,0000661 seconds, Stopping threads took: 0,0000170 seconds
2017-04-06T03:04:36.210+0200: 4717,601: Total time for which application threads were stopped: 0,0003636 seconds, Stopping threads took: 0,0001544 seconds
2017-04-06T03:07:06.224+0200: 4867,615: Total time for which application threads were stopped: 0,0000840 seconds, Stopping threads took: 0,0000325 seconds
2017-04-06T03:15:06.667+0200: 5348,058: Total time for which application threads were stopped: 0,0001128 seconds, Stopping threads took: 0,0000401 seconds
2017-04-06T03:15:06.673+0200: 5348,064: Total time for which application threads were stopped: 0,0001117 seconds, Stopping threads took: 0,0000362 seconds
2017-04-06T03:15:06.711+0200: 5348,101: Total time for which application threads were stopped: 0,0009680 seconds, Stopping threads took: 0,0008518 seconds
2017-04-06T03:15:06.714+0200: 5348,105: Total time for which application threads were stopped: 0,0000789 seconds, Stopping threads took: 0,0000238 seconds
2017-04-06T03:15:06.715+0200: 5348,105: Total time for which application threads were stopped: 0,0000394 seconds, Stopping threads took: 0,0000126 seconds
2017-04-06T03:15:06.718+0200: 5348,109: Total time for which application threads were stopped: 0,0000755 seconds, Stopping threads took: 0,0000241 seconds
2017-04-06T03:15:06.718+0200: 5348,109: Total time for which application threads were stopped: 0,0000409 seconds, Stopping threads took: 0,0000134 seconds
2017-04-06T03:15:06.718+0200: 5348,109: Total time for which application threads were stopped: 0,0000587 seconds, Stopping threads took: 0,0000182 seconds
2017-04-06T03:15:06.719+0200: 5348,109: Total time for which application threads were stopped: 0,0000446 seconds, Stopping threads took: 0,0000139 seconds
2017-04-06T03:15:06.719+0200: 5348,109: Total time for which application threads were stopped: 0,0000359 seconds, Stopping threads took: 0,0000106 seconds
2017-04-06T03:15:06.719+0200: 5348,110: Total time for which application threads were stopped: 0,0000425 seconds, Stopping threads took: 0,0000135 seconds
2017-04-06T03:15:06.719+0200: 5348,110: Total time for which application threads were stopped: 0,0000295 seconds, Stopping threads took: 0,0000046 seconds
2017-04-06T03:15:06.719+0200: 5348,110: Total time for which application threads were stopped: 0,0000358 seconds, Stopping threads took: 0,0000104 seconds
2017-04-06T03:15:06.719+0200: 5348,110: Total time for which application threads were stopped: 0,0000398 seconds, Stopping threads took: 0,0000129 seconds
2017-04-06T03:15:06.719+0200: 5348,110: Total time for which application threads were stopped: 0,0000380 seconds, Stopping threads took: 0,0000102 seconds
2017-04-06T03:15:06.720+0200: 5348,110: Total time for which application threads were stopped: 0,0000480 seconds, Stopping threads took: 0,0000165 seconds
2017-04-06T03:15:06.721+0200: 5348,111: Total time for which application threads were stopped: 0,0000963 seconds, Stopping threads took: 0,0000210 seconds
2017-04-06T03:15:06.721+0200: 5348,112: Total time for which application threads were stopped: 0,0000374 seconds, Stopping threads took: 0,0000109 seconds
2017-04-06T03:15:06.721+0200: 5348,112: Total time for which application threads were stopped: 0,0000460 seconds, Stopping threads took: 0,0000150 seconds
2017-04-06T03:15:06.721+0200: 5348,112: Total time for which application threads were stopped: 0,0000346 seconds, Stopping threads took: 0,0000104 seconds
2017-04-06T03:15:06.721+0200: 5348,112: Total time for which application threads were stopped: 0,0000382 seconds, Stopping threads took: 0,0000135 seconds
2017-04-06T03:15:06.722+0200: 5348,113: Total time for which application threads were stopped: 0,0002302 seconds, Stopping threads took: 0,0000464 seconds
2017-04-06T03:15:06.726+0200: 5348,117: Total time for which application threads were stopped: 0,0000763 seconds, Stopping threads took: 0,0000221 seconds
2017-04-06T03:15:06.727+0200: 5348,118: Total time for which application threads were stopped: 0,0000839 seconds, Stopping threads took: 0,0000154 seconds
Heap
 par new generation   total 109248K, used 34215K [0x00000000e0000000, 0x00000000e8000000, 0x00000000e8000000)
  eden space 87424K,  22% used [0x00000000e0000000, 0x00000000e139aae8, 0x00000000e5560000)
  from space 21824K,  64% used [0x00000000e5560000, 0x00000000e632f390, 0x00000000e6ab0000)
  to   space 21824K,   0% used [0x00000000e6ab0000, 0x00000000e6ab0000, 0x00000000e8000000)
 concurrent mark-sweep generation total 393216K, used 6876K [0x00000000e8000000, 0x0000000100000000, 0x0000000100000000)
 Metaspace       used 28155K, capacity 28738K, committed 29052K, reserved 1075200K
  class space    used 3228K, capacity 3424K, committed 3452K, reserved 1048576K
