OpenJDK 64-Bit Server VM (25.91-b14) for linux-amd64 JRE (1.8.0_91-8u91-b14-3ubuntu1~16.04.1-b14), built on Jul 21 2016 04:13:34 by "buildd" with gcc 5.3.1 20160413
Memory: 4k page, physical 7867876k(7542500k free), swap 8076284k(8076284k free)
CommandLine flags: -XX:CMSInitiatingOccupancyFraction=50 -XX:CMSMaxAbortablePrecleanTime=6000 -XX:+CMSParallelRemarkEnabled -XX:+CMSScavengeBeforeRemark -XX:ConcGCThreads=4 -XX:InitialHeapSize=536870912 -XX:MaxHeapSize=536870912 -XX:MaxTenuringThreshold=8 -XX:NewRatio=3 -XX:OldPLABSize=16 -XX:OnOutOfMemoryError=/opt/solr/bin/oom_solr.sh 8983 /var/solr/logs -XX:ParallelGCThreads=4 -XX:+ParallelRefProcEnabled -XX:PretenureSizeThreshold=67108864 -XX:+PrintGC -XX:+PrintGCApplicationStoppedTime -XX:+PrintGCDateStamps -XX:+PrintGCDetails -XX:+PrintGCTimeStamps -XX:+PrintHeapAtGC -XX:+PrintTenuringDistribution -XX:SurvivorRatio=4 -XX:TargetSurvivorRatio=90 -XX:ThreadStackSize=256 -XX:+UseCMSInitiatingOccupancyOnly -XX:+UseCompressedClassPointers -XX:+UseCompressedOops -XX:+UseConcMarkSweepGC -XX:+UseParNewGC 
2016-10-26T01:33:08.674+0200: 0,117: Total time for which application threads were stopped: 0,0000879 seconds, Stopping threads took: 0,0000335 seconds
2016-10-26T01:33:08.746+0200: 0,189: Total time for which application threads were stopped: 0,0001003 seconds, Stopping threads took: 0,0000103 seconds
2016-10-26T01:33:08.758+0200: 0,202: Total time for which application threads were stopped: 0,0000685 seconds, Stopping threads took: 0,0000127 seconds
2016-10-26T01:33:08.931+0200: 0,374: Total time for which application threads were stopped: 0,0001465 seconds, Stopping threads took: 0,0000277 seconds
2016-10-26T01:33:09.330+0200: 0,773: Total time for which application threads were stopped: 0,0001813 seconds, Stopping threads took: 0,0000271 seconds
2016-10-26T01:33:09.423+0200: 0,866: Total time for which application threads were stopped: 0,0002386 seconds, Stopping threads took: 0,0000190 seconds
2016-10-26T01:33:09.446+0200: 0,889: Total time for which application threads were stopped: 0,0001749 seconds, Stopping threads took: 0,0000255 seconds
2016-10-26T01:33:09.637+0200: 1,081: Total time for which application threads were stopped: 0,0001681 seconds, Stopping threads took: 0,0000210 seconds
2016-10-26T01:33:09.890+0200: 1,333: Total time for which application threads were stopped: 0,0003716 seconds, Stopping threads took: 0,0000553 seconds
2016-10-26T01:33:09.981+0200: 1,425: Total time for which application threads were stopped: 0,0001862 seconds, Stopping threads took: 0,0000124 seconds
2016-10-26T01:33:09.982+0200: 1,426: Total time for which application threads were stopped: 0,0000916 seconds, Stopping threads took: 0,0000055 seconds
2016-10-26T01:33:09.994+0200: 1,438: Total time for which application threads were stopped: 0,0001672 seconds, Stopping threads took: 0,0000147 seconds
2016-10-26T01:33:10.096+0200: 1,539: Total time for which application threads were stopped: 0,0002859 seconds, Stopping threads took: 0,0000254 seconds
2016-10-26T01:33:10.226+0200: 1,669: Total time for which application threads were stopped: 0,0010590 seconds, Stopping threads took: 0,0001631 seconds
{Heap before GC invocations=0 (full 0):
 par new generation   total 109248K, used 87424K [0x00000000e0000000, 0x00000000e8000000, 0x00000000e8000000)
  eden space 87424K, 100% used [0x00000000e0000000, 0x00000000e5560000, 0x00000000e5560000)
  from space 21824K,   0% used [0x00000000e5560000, 0x00000000e5560000, 0x00000000e6ab0000)
  to   space 21824K,   0% used [0x00000000e6ab0000, 0x00000000e6ab0000, 0x00000000e8000000)
 concurrent mark-sweep generation total 393216K, used 0K [0x00000000e8000000, 0x0000000100000000, 0x0000000100000000)
 Metaspace       used 18497K, capacity 18822K, committed 18944K, reserved 1067008K
  class space    used 2109K, capacity 2228K, committed 2304K, reserved 1048576K
2016-10-26T01:33:10.375+0200: 1,819: [GC (Allocation Failure) 2016-10-26T01:33:10.375+0200: 1,819: [ParNew
Desired survivor size 20112992 bytes, new threshold 8 (max 8)
- age   1:   12474728 bytes,   12474728 total
: 87424K->12301K(109248K), 0,0229143 secs] 87424K->12301K(502464K), 0,0231462 secs] [Times: user=0,05 sys=0,02, real=0,02 secs] 
Heap after GC invocations=1 (full 0):
 par new generation   total 109248K, used 12301K [0x00000000e0000000, 0x00000000e8000000, 0x00000000e8000000)
  eden space 87424K,   0% used [0x00000000e0000000, 0x00000000e0000000, 0x00000000e5560000)
  from space 21824K,  56% used [0x00000000e6ab0000, 0x00000000e76b3710, 0x00000000e8000000)
  to   space 21824K,   0% used [0x00000000e5560000, 0x00000000e5560000, 0x00000000e6ab0000)
 concurrent mark-sweep generation total 393216K, used 0K [0x00000000e8000000, 0x0000000100000000, 0x0000000100000000)
 Metaspace       used 18497K, capacity 18822K, committed 18944K, reserved 1067008K
  class space    used 2109K, capacity 2228K, committed 2304K, reserved 1048576K
}
2016-10-26T01:33:10.398+0200: 1,842: Total time for which application threads were stopped: 0,0236930 seconds, Stopping threads took: 0,0001098 seconds
2016-10-26T01:33:10.532+0200: 1,976: Total time for which application threads were stopped: 0,0002718 seconds, Stopping threads took: 0,0000262 seconds
2016-10-26T01:33:10.560+0200: 2,003: Total time for which application threads were stopped: 0,0002830 seconds, Stopping threads took: 0,0000258 seconds
2016-10-26T01:33:10.581+0200: 2,025: Total time for which application threads were stopped: 0,0002504 seconds, Stopping threads took: 0,0000209 seconds
{Heap before GC invocations=1 (full 0):
 par new generation   total 109248K, used 99725K [0x00000000e0000000, 0x00000000e8000000, 0x00000000e8000000)
  eden space 87424K, 100% used [0x00000000e0000000, 0x00000000e5560000, 0x00000000e5560000)
  from space 21824K,  56% used [0x00000000e6ab0000, 0x00000000e76b3710, 0x00000000e8000000)
  to   space 21824K,   0% used [0x00000000e5560000, 0x00000000e5560000, 0x00000000e6ab0000)
 concurrent mark-sweep generation total 393216K, used 0K [0x00000000e8000000, 0x0000000100000000, 0x0000000100000000)
 Metaspace       used 20696K, capacity 21026K, committed 21248K, reserved 1069056K
  class space    used 2402K, capacity 2519K, committed 2560K, reserved 1048576K
2016-10-26T01:33:10.767+0200: 2,210: [GC (Allocation Failure) 2016-10-26T01:33:10.767+0200: 2,210: [ParNew
Desired survivor size 20112992 bytes, new threshold 8 (max 8)
- age   1:    2602152 bytes,    2602152 total
- age   2:    6027048 bytes,    8629200 total
: 99725K->11208K(109248K), 0,0117847 secs] 99725K->11208K(502464K), 0,0118454 secs] [Times: user=0,04 sys=0,00, real=0,01 secs] 
Heap after GC invocations=2 (full 0):
 par new generation   total 109248K, used 11208K [0x00000000e0000000, 0x00000000e8000000, 0x00000000e8000000)
  eden space 87424K,   0% used [0x00000000e0000000, 0x00000000e0000000, 0x00000000e5560000)
  from space 21824K,  51% used [0x00000000e5560000, 0x00000000e6052330, 0x00000000e6ab0000)
  to   space 21824K,   0% used [0x00000000e6ab0000, 0x00000000e6ab0000, 0x00000000e8000000)
 concurrent mark-sweep generation total 393216K, used 0K [0x00000000e8000000, 0x0000000100000000, 0x0000000100000000)
 Metaspace       used 20696K, capacity 21026K, committed 21248K, reserved 1069056K
  class space    used 2402K, capacity 2519K, committed 2560K, reserved 1048576K
}
2016-10-26T01:33:10.779+0200: 2,222: Total time for which application threads were stopped: 0,0129529 seconds, Stopping threads took: 0,0009175 seconds
2016-10-26T01:33:10.838+0200: 2,282: Total time for which application threads were stopped: 0,0000758 seconds, Stopping threads took: 0,0000133 seconds
2016-10-26T01:33:10.839+0200: 2,282: Total time for which application threads were stopped: 0,0000749 seconds, Stopping threads took: 0,0000402 seconds
2016-10-26T01:33:10.861+0200: 2,304: Total time for which application threads were stopped: 0,0002629 seconds, Stopping threads took: 0,0000169 seconds
2016-10-26T01:33:10.866+0200: 2,309: Total time for which application threads were stopped: 0,0000648 seconds, Stopping threads took: 0,0000126 seconds
2016-10-26T01:33:10.912+0200: 2,355: Total time for which application threads were stopped: 0,0001128 seconds, Stopping threads took: 0,0000251 seconds
2016-10-26T01:33:10.940+0200: 2,383: Total time for which application threads were stopped: 0,0000974 seconds, Stopping threads took: 0,0000298 seconds
2016-10-26T01:33:10.962+0200: 2,405: Total time for which application threads were stopped: 0,0000792 seconds, Stopping threads took: 0,0000227 seconds
2016-10-26T01:33:10.965+0200: 2,408: Total time for which application threads were stopped: 0,0002571 seconds, Stopping threads took: 0,0000225 seconds
2016-10-26T01:33:10.995+0200: 2,439: Total time for which application threads were stopped: 0,0000638 seconds, Stopping threads took: 0,0000127 seconds
2016-10-26T01:33:11.017+0200: 2,460: Total time for which application threads were stopped: 0,0000967 seconds, Stopping threads took: 0,0000218 seconds
2016-10-26T01:33:11.033+0200: 2,476: Total time for which application threads were stopped: 0,0000703 seconds, Stopping threads took: 0,0000171 seconds
2016-10-26T01:33:11.047+0200: 2,491: Total time for which application threads were stopped: 0,0000692 seconds, Stopping threads took: 0,0000153 seconds
2016-10-26T01:33:11.077+0200: 2,520: Total time for which application threads were stopped: 0,0001092 seconds, Stopping threads took: 0,0000381 seconds
2016-10-26T01:33:11.098+0200: 2,542: Total time for which application threads were stopped: 0,0000996 seconds, Stopping threads took: 0,0000320 seconds
2016-10-26T01:33:11.140+0200: 2,584: Total time for which application threads were stopped: 0,0001177 seconds, Stopping threads took: 0,0000353 seconds
2016-10-26T01:33:11.166+0200: 2,609: Total time for which application threads were stopped: 0,0003643 seconds, Stopping threads took: 0,0000237 seconds
2016-10-26T01:33:11.183+0200: 2,627: Total time for which application threads were stopped: 0,0000972 seconds, Stopping threads took: 0,0000231 seconds
2016-10-26T01:33:11.213+0200: 2,656: Total time for which application threads were stopped: 0,0000918 seconds, Stopping threads took: 0,0000214 seconds
2016-10-26T01:33:11.250+0200: 2,693: Total time for which application threads were stopped: 0,0001257 seconds, Stopping threads took: 0,0000379 seconds
2016-10-26T01:33:11.301+0200: 2,744: Total time for which application threads were stopped: 0,0001478 seconds, Stopping threads took: 0,0000635 seconds
2016-10-26T01:33:11.339+0200: 2,782: Total time for which application threads were stopped: 0,0000847 seconds, Stopping threads took: 0,0000209 seconds
2016-10-26T01:33:11.359+0200: 2,803: Total time for which application threads were stopped: 0,0002402 seconds, Stopping threads took: 0,0001725 seconds
2016-10-26T01:33:11.359+0200: 2,803: Total time for which application threads were stopped: 0,0000606 seconds, Stopping threads took: 0,0000284 seconds
{Heap before GC invocations=2 (full 0):
 par new generation   total 109248K, used 96962K [0x00000000e0000000, 0x00000000e8000000, 0x00000000e8000000)
  eden space 87424K,  98% used [0x00000000e0000000, 0x00000000e53be838, 0x00000000e5560000)
  from space 21824K,  51% used [0x00000000e5560000, 0x00000000e6052330, 0x00000000e6ab0000)
  to   space 21824K,   0% used [0x00000000e6ab0000, 0x00000000e6ab0000, 0x00000000e8000000)
 concurrent mark-sweep generation total 393216K, used 0K [0x00000000e8000000, 0x0000000100000000, 0x0000000100000000)
 Metaspace       used 26627K, capacity 26980K, committed 27196K, reserved 1073152K
  class space    used 3095K, capacity 3222K, committed 3244K, reserved 1048576K
2016-10-26T01:33:11.375+0200: 2,818: [GC (Allocation Failure) 2016-10-26T01:33:11.375+0200: 2,818: [ParNew
Desired survivor size 20112992 bytes, new threshold 8 (max 8)
- age   1:    8622032 bytes,    8622032 total
- age   2:     496568 bytes,    9118600 total
- age   3:    6003792 bytes,   15122392 total
: 96962K->18853K(109248K), 0,0207961 secs] 96962K->18853K(502464K), 0,0208786 secs] [Times: user=0,07 sys=0,01, real=0,02 secs] 
Heap after GC invocations=3 (full 0):
 par new generation   total 109248K, used 18853K [0x00000000e0000000, 0x00000000e8000000, 0x00000000e8000000)
  eden space 87424K,   0% used [0x00000000e0000000, 0x00000000e0000000, 0x00000000e5560000)
  from space 21824K,  86% used [0x00000000e6ab0000, 0x00000000e7d195e8, 0x00000000e8000000)
  to   space 21824K,   0% used [0x00000000e5560000, 0x00000000e5560000, 0x00000000e6ab0000)
 concurrent mark-sweep generation total 393216K, used 0K [0x00000000e8000000, 0x0000000100000000, 0x0000000100000000)
 Metaspace       used 26627K, capacity 26980K, committed 27196K, reserved 1073152K
  class space    used 3095K, capacity 3222K, committed 3244K, reserved 1048576K
}
2016-10-26T01:33:11.396+0200: 2,839: Total time for which application threads were stopped: 0,0210535 seconds, Stopping threads took: 0,0000477 seconds
2016-10-26T01:33:11.401+0200: 2,844: [GC (CMS Initial Mark) [1 CMS-initial-mark: 0K(393216K)] 23585K(502464K), 0,0074283 secs] [Times: user=0,02 sys=0,00, real=0,01 secs] 
2016-10-26T01:33:11.408+0200: 2,852: Total time for which application threads were stopped: 0,0075826 seconds, Stopping threads took: 0,0000536 seconds
2016-10-26T01:33:11.408+0200: 2,852: [CMS-concurrent-mark-start]
2016-10-26T01:33:11.409+0200: 2,853: [CMS-concurrent-mark: 0,001/0,001 secs] [Times: user=0,00 sys=0,00, real=0,00 secs] 
2016-10-26T01:33:11.409+0200: 2,853: [CMS-concurrent-preclean-start]
2016-10-26T01:33:11.410+0200: 2,854: [CMS-concurrent-preclean: 0,001/0,001 secs] [Times: user=0,00 sys=0,00, real=0,00 secs] 
2016-10-26T01:33:11.410+0200: 2,854: [CMS-concurrent-abortable-preclean-start]
2016-10-26T01:33:11.420+0200: 2,863: Total time for which application threads were stopped: 0,0000994 seconds, Stopping threads took: 0,0000264 seconds
2016-10-26T01:33:12.420+0200: 3,863: Total time for which application threads were stopped: 0,0000575 seconds, Stopping threads took: 0,0000167 seconds
2016-10-26T01:33:12.610+0200: 4,053: Total time for which application threads were stopped: 0,0002160 seconds, Stopping threads took: 0,0000232 seconds
 CMS: abort preclean due to time 2016-10-26T01:33:17.625+0200: 9,068: [CMS-concurrent-abortable-preclean: 2,723/6,214 secs] [Times: user=3,06 sys=0,00, real=6,21 secs] 
2016-10-26T01:33:17.625+0200: 9,068: [GC (CMS Final Remark) [YG occupancy: 28599 K (109248 K)]{Heap before GC invocations=3 (full 1):
 par new generation   total 109248K, used 28599K [0x00000000e0000000, 0x00000000e8000000, 0x00000000e8000000)
  eden space 87424K,  11% used [0x00000000e0000000, 0x00000000e09849c0, 0x00000000e5560000)
  from space 21824K,  86% used [0x00000000e6ab0000, 0x00000000e7d195e8, 0x00000000e8000000)
  to   space 21824K,   0% used [0x00000000e5560000, 0x00000000e5560000, 0x00000000e6ab0000)
 concurrent mark-sweep generation total 393216K, used 0K [0x00000000e8000000, 0x0000000100000000, 0x0000000100000000)
 Metaspace       used 26922K, capacity 27364K, committed 27528K, reserved 1073152K
  class space    used 3139K, capacity 3286K, committed 3320K, reserved 1048576K
2016-10-26T01:33:17.625+0200: 9,068: [GC (CMS Final Remark) 2016-10-26T01:33:17.625+0200: 9,068: [ParNew
Desired survivor size 20112992 bytes, new threshold 8 (max 8)
- age   1:    2484560 bytes,    2484560 total
- age   2:    3383016 bytes,    5867576 total
- age   3:     496328 bytes,    6363904 total
- age   4:    5971928 bytes,   12335832 total
: 28599K->17592K(109248K), 0,0342033 secs] 28599K->17592K(502464K), 0,0342515 secs] [Times: user=0,05 sys=0,00, real=0,04 secs] 
Heap after GC invocations=4 (full 1):
 par new generation   total 109248K, used 17592K [0x00000000e0000000, 0x00000000e8000000, 0x00000000e8000000)
  eden space 87424K,   0% used [0x00000000e0000000, 0x00000000e0000000, 0x00000000e5560000)
  from space 21824K,  80% used [0x00000000e5560000, 0x00000000e668e070, 0x00000000e6ab0000)
  to   space 21824K,   0% used [0x00000000e6ab0000, 0x00000000e6ab0000, 0x00000000e8000000)
 concurrent mark-sweep generation total 393216K, used 0K [0x00000000e8000000, 0x0000000100000000, 0x0000000100000000)
 Metaspace       used 26922K, capacity 27364K, committed 27528K, reserved 1073152K
  class space    used 3139K, capacity 3286K, committed 3320K, reserved 1048576K
}
2016-10-26T01:33:17.659+0200: 9,103: [Rescan (parallel) , 0,0195235 secs]2016-10-26T01:33:17.679+0200: 9,122: [weak refs processing, 0,0074400 secs]2016-10-26T01:33:17.686+0200: 9,130: [class unloading, 0,0053822 secs]2016-10-26T01:33:17.692+0200: 9,135: [scrub symbol table, 0,0083654 secs]2016-10-26T01:33:17.700+0200: 9,144: [scrub string table, 0,0006902 secs][1 CMS-remark: 0K(393216K)] 17592K(502464K), 0,0768756 secs] [Times: user=0,08 sys=0,00, real=0,08 secs] 
2016-10-26T01:33:17.702+0200: 9,145: Total time for which application threads were stopped: 0,0769595 seconds, Stopping threads took: 0,0000137 seconds
2016-10-26T01:33:17.702+0200: 9,145: [CMS-concurrent-sweep-start]
2016-10-26T01:33:17.702+0200: 9,145: [CMS-concurrent-sweep: 0,000/0,000 secs] [Times: user=0,00 sys=0,00, real=0,00 secs] 
2016-10-26T01:33:17.702+0200: 9,145: [CMS-concurrent-reset-start]
2016-10-26T01:33:17.704+0200: 9,147: [CMS-concurrent-reset: 0,002/0,002 secs] [Times: user=0,01 sys=0,00, real=0,00 secs] 
2016-10-26T01:33:40.705+0200: 32,149: Total time for which application threads were stopped: 0,0000638 seconds, Stopping threads took: 0,0000167 seconds
2016-10-26T01:34:24.715+0200: 76,158: Total time for which application threads were stopped: 0,0000837 seconds, Stopping threads took: 0,0000361 seconds
2016-10-26T01:34:34.716+0200: 86,160: Total time for which application threads were stopped: 0,0000559 seconds, Stopping threads took: 0,0000158 seconds
2016-10-26T01:35:50.726+0200: 162,169: Total time for which application threads were stopped: 0,0001035 seconds, Stopping threads took: 0,0000379 seconds
2016-10-26T01:37:05.736+0200: 237,180: Total time for which application threads were stopped: 0,0001046 seconds, Stopping threads took: 0,0000313 seconds
2016-10-26T01:37:55.744+0200: 287,187: Total time for which application threads were stopped: 0,0003589 seconds, Stopping threads took: 0,0001296 seconds
2016-10-26T01:56:59.908+0200: 1431,352: Total time for which application threads were stopped: 0,0000879 seconds, Stopping threads took: 0,0000350 seconds
2016-10-26T02:01:29.957+0200: 1701,401: Total time for which application threads were stopped: 0,0001518 seconds, Stopping threads took: 0,0000614 seconds
2016-10-26T02:04:36.508+0200: 1887,951: Total time for which application threads were stopped: 0,0001174 seconds, Stopping threads took: 0,0000283 seconds
Heap
 par new generation   total 109248K, used 46249K [0x00000000e0000000, 0x00000000e8000000, 0x00000000e8000000)
  eden space 87424K,  32% used [0x00000000e0000000, 0x00000000e1bfc548, 0x00000000e5560000)
  from space 21824K,  80% used [0x00000000e5560000, 0x00000000e668e070, 0x00000000e6ab0000)
  to   space 21824K,   0% used [0x00000000e6ab0000, 0x00000000e6ab0000, 0x00000000e8000000)
 concurrent mark-sweep generation total 393216K, used 0K [0x00000000e8000000, 0x0000000100000000, 0x0000000100000000)
 Metaspace       used 27036K, capacity 27530K, committed 27784K, reserved 1073152K
  class space    used 3156K, capacity 3319K, committed 3320K, reserved 1048576K
