OpenJDK 64-Bit Server VM (25.121-b13) for linux-amd64 JRE (1.8.0_121-8u121-b13-0ubuntu1.16.04.2-b13), built on Jan 23 2017 15:51:29 by "buildd" with gcc 5.4.0 20160609
Memory: 4k page, physical 7867760k(7449764k free), swap 8076284k(8076284k free)
CommandLine flags: -XX:CMSInitiatingOccupancyFraction=50 -XX:CMSMaxAbortablePrecleanTime=6000 -XX:+CMSParallelRemarkEnabled -XX:+CMSScavengeBeforeRemark -XX:ConcGCThreads=4 -XX:InitialHeapSize=536870912 -XX:MaxHeapSize=536870912 -XX:MaxTenuringThreshold=8 -XX:NewRatio=3 -XX:OldPLABSize=16 -XX:OnOutOfMemoryError=/opt/solr/bin/oom_solr.sh 8983 /var/solr/logs -XX:ParallelGCThreads=4 -XX:+ParallelRefProcEnabled -XX:PretenureSizeThreshold=67108864 -XX:+PrintGC -XX:+PrintGCApplicationStoppedTime -XX:+PrintGCDateStamps -XX:+PrintGCDetails -XX:+PrintGCTimeStamps -XX:+PrintHeapAtGC -XX:+PrintTenuringDistribution -XX:SurvivorRatio=4 -XX:TargetSurvivorRatio=90 -XX:ThreadStackSize=256 -XX:+UseCMSInitiatingOccupancyOnly -XX:+UseCompressedClassPointers -XX:+UseCompressedOops -XX:+UseConcMarkSweepGC -XX:+UseParNewGC 
2017-03-26T16:07:40.467+0200: 0,117: Total time for which application threads were stopped: 0,0001069 seconds, Stopping threads took: 0,0000200 seconds
2017-03-26T16:07:40.548+0200: 0,197: Total time for which application threads were stopped: 0,0001142 seconds, Stopping threads took: 0,0000151 seconds
2017-03-26T16:07:40.562+0200: 0,211: Total time for which application threads were stopped: 0,0001046 seconds, Stopping threads took: 0,0000340 seconds
2017-03-26T16:07:40.745+0200: 0,394: Total time for which application threads were stopped: 0,0001397 seconds, Stopping threads took: 0,0000156 seconds
2017-03-26T16:07:41.036+0200: 0,685: Total time for which application threads were stopped: 0,0001680 seconds, Stopping threads took: 0,0000260 seconds
2017-03-26T16:07:41.236+0200: 0,886: Total time for which application threads were stopped: 0,0003788 seconds, Stopping threads took: 0,0000260 seconds
2017-03-26T16:07:41.276+0200: 0,926: Total time for which application threads were stopped: 0,0001636 seconds, Stopping threads took: 0,0000240 seconds
2017-03-26T16:07:41.673+0200: 1,323: Total time for which application threads were stopped: 0,0008744 seconds, Stopping threads took: 0,0000966 seconds
2017-03-26T16:07:41.909+0200: 1,559: Total time for which application threads were stopped: 0,0002760 seconds, Stopping threads took: 0,0000249 seconds
2017-03-26T16:07:41.939+0200: 1,589: Total time for which application threads were stopped: 0,0001762 seconds, Stopping threads took: 0,0000125 seconds
2017-03-26T16:07:41.972+0200: 1,621: Total time for which application threads were stopped: 0,0007230 seconds, Stopping threads took: 0,0001223 seconds
2017-03-26T16:07:41.974+0200: 1,623: Total time for which application threads were stopped: 0,0003392 seconds, Stopping threads took: 0,0000288 seconds
2017-03-26T16:07:41.984+0200: 1,634: Total time for which application threads were stopped: 0,0002199 seconds, Stopping threads took: 0,0000224 seconds
2017-03-26T16:07:42.080+0200: 1,729: Total time for which application threads were stopped: 0,0002456 seconds, Stopping threads took: 0,0000213 seconds
2017-03-26T16:07:42.272+0200: 1,922: Total time for which application threads were stopped: 0,0002448 seconds, Stopping threads took: 0,0000315 seconds
{Heap before GC invocations=0 (full 0):
 par new generation   total 109248K, used 87424K [0x00000000e0000000, 0x00000000e8000000, 0x00000000e8000000)
  eden space 87424K, 100% used [0x00000000e0000000, 0x00000000e5560000, 0x00000000e5560000)
  from space 21824K,   0% used [0x00000000e5560000, 0x00000000e5560000, 0x00000000e6ab0000)
  to   space 21824K,   0% used [0x00000000e6ab0000, 0x00000000e6ab0000, 0x00000000e8000000)
 concurrent mark-sweep generation total 393216K, used 0K [0x00000000e8000000, 0x0000000100000000, 0x0000000100000000)
 Metaspace       used 18020K, capacity 18336K, committed 18688K, reserved 1064960K
  class space    used 2036K, capacity 2196K, committed 2304K, reserved 1048576K
2017-03-26T16:07:42.356+0200: 2,006: [GC (Allocation Failure) 2017-03-26T16:07:42.357+0200: 2,006: [ParNew
Desired survivor size 20112992 bytes, new threshold 8 (max 8)
- age   1:   12612344 bytes,   12612344 total
: 87424K->12435K(109248K), 0,0156422 secs] 87424K->12435K(502464K), 0,0157170 secs] [Times: user=0,03 sys=0,02, real=0,01 secs] 
Heap after GC invocations=1 (full 0):
 par new generation   total 109248K, used 12435K [0x00000000e0000000, 0x00000000e8000000, 0x00000000e8000000)
  eden space 87424K,   0% used [0x00000000e0000000, 0x00000000e0000000, 0x00000000e5560000)
  from space 21824K,  56% used [0x00000000e6ab0000, 0x00000000e76d4f80, 0x00000000e8000000)
  to   space 21824K,   0% used [0x00000000e5560000, 0x00000000e5560000, 0x00000000e6ab0000)
 concurrent mark-sweep generation total 393216K, used 0K [0x00000000e8000000, 0x0000000100000000, 0x0000000100000000)
 Metaspace       used 18020K, capacity 18336K, committed 18688K, reserved 1064960K
  class space    used 2036K, capacity 2196K, committed 2304K, reserved 1048576K
}
2017-03-26T16:07:42.372+0200: 2,022: Total time for which application threads were stopped: 0,0159342 seconds, Stopping threads took: 0,0000414 seconds
2017-03-26T16:07:42.670+0200: 2,320: Total time for which application threads were stopped: 0,0003634 seconds, Stopping threads took: 0,0000650 seconds
{Heap before GC invocations=1 (full 0):
 par new generation   total 109248K, used 99859K [0x00000000e0000000, 0x00000000e8000000, 0x00000000e8000000)
  eden space 87424K, 100% used [0x00000000e0000000, 0x00000000e5560000, 0x00000000e5560000)
  from space 21824K,  56% used [0x00000000e6ab0000, 0x00000000e76d4f80, 0x00000000e8000000)
  to   space 21824K,   0% used [0x00000000e5560000, 0x00000000e5560000, 0x00000000e6ab0000)
 concurrent mark-sweep generation total 393216K, used 0K [0x00000000e8000000, 0x0000000100000000, 0x0000000100000000)
 Metaspace       used 20032K, capacity 20350K, committed 20736K, reserved 1067008K
  class space    used 2292K, capacity 2465K, committed 2560K, reserved 1048576K
2017-03-26T16:07:42.718+0200: 2,368: [GC (Allocation Failure) 2017-03-26T16:07:42.718+0200: 2,368: [ParNew
Desired survivor size 20112992 bytes, new threshold 8 (max 8)
- age   1:    3832000 bytes,    3832000 total
- age   2:    6674760 bytes,   10506760 total
: 99859K->13707K(109248K), 0,0193849 secs] 99859K->13707K(502464K), 0,0194636 secs] [Times: user=0,07 sys=0,00, real=0,02 secs] 
Heap after GC invocations=2 (full 0):
 par new generation   total 109248K, used 13707K [0x00000000e0000000, 0x00000000e8000000, 0x00000000e8000000)
  eden space 87424K,   0% used [0x00000000e0000000, 0x00000000e0000000, 0x00000000e5560000)
  from space 21824K,  62% used [0x00000000e5560000, 0x00000000e62c2e58, 0x00000000e6ab0000)
  to   space 21824K,   0% used [0x00000000e6ab0000, 0x00000000e6ab0000, 0x00000000e8000000)
 concurrent mark-sweep generation total 393216K, used 0K [0x00000000e8000000, 0x0000000100000000, 0x0000000100000000)
 Metaspace       used 20032K, capacity 20350K, committed 20736K, reserved 1067008K
  class space    used 2292K, capacity 2465K, committed 2560K, reserved 1048576K
}
2017-03-26T16:07:42.738+0200: 2,387: Total time for which application threads were stopped: 0,0201919 seconds, Stopping threads took: 0,0005482 seconds
2017-03-26T16:07:42.739+0200: 2,389: Total time for which application threads were stopped: 0,0003294 seconds, Stopping threads took: 0,0000654 seconds
2017-03-26T16:07:42.780+0200: 2,429: Total time for which application threads were stopped: 0,0028064 seconds, Stopping threads took: 0,0025300 seconds
2017-03-26T16:07:42.916+0200: 2,565: Total time for which application threads were stopped: 0,0002529 seconds, Stopping threads took: 0,0001045 seconds
{Heap before GC invocations=2 (full 0):
 par new generation   total 109248K, used 101131K [0x00000000e0000000, 0x00000000e8000000, 0x00000000e8000000)
  eden space 87424K, 100% used [0x00000000e0000000, 0x00000000e5560000, 0x00000000e5560000)
  from space 21824K,  62% used [0x00000000e5560000, 0x00000000e62c2e58, 0x00000000e6ab0000)
  to   space 21824K,   0% used [0x00000000e6ab0000, 0x00000000e6ab0000, 0x00000000e8000000)
 concurrent mark-sweep generation total 393216K, used 0K [0x00000000e8000000, 0x0000000100000000, 0x0000000100000000)
 Metaspace       used 20961K, capacity 21272K, committed 21628K, reserved 1069056K
  class space    used 2416K, capacity 2584K, committed 2684K, reserved 1048576K
2017-03-26T16:07:42.953+0200: 2,603: [GC (Allocation Failure) 2017-03-26T16:07:42.953+0200: 2,603: [ParNew
Desired survivor size 20112992 bytes, new threshold 8 (max 8)
- age   1:    2126848 bytes,    2126848 total
- age   2:     847840 bytes,    2974688 total
- age   3:    6659568 bytes,    9634256 total
: 101131K->11611K(109248K), 0,0119634 secs] 101131K->11611K(502464K), 0,0120486 secs] [Times: user=0,04 sys=0,00, real=0,01 secs] 
Heap after GC invocations=3 (full 0):
 par new generation   total 109248K, used 11611K [0x00000000e0000000, 0x00000000e8000000, 0x00000000e8000000)
  eden space 87424K,   0% used [0x00000000e0000000, 0x00000000e0000000, 0x00000000e5560000)
  from space 21824K,  53% used [0x00000000e6ab0000, 0x00000000e7606f80, 0x00000000e8000000)
  to   space 21824K,   0% used [0x00000000e5560000, 0x00000000e5560000, 0x00000000e6ab0000)
 concurrent mark-sweep generation total 393216K, used 0K [0x00000000e8000000, 0x0000000100000000, 0x0000000100000000)
 Metaspace       used 20961K, capacity 21272K, committed 21628K, reserved 1069056K
  class space    used 2416K, capacity 2584K, committed 2684K, reserved 1048576K
}
2017-03-26T16:07:42.965+0200: 2,615: Total time for which application threads were stopped: 0,0122922 seconds, Stopping threads took: 0,0000640 seconds
2017-03-26T16:07:42.975+0200: 2,625: [GC (CMS Initial Mark) [1 CMS-initial-mark: 0K(393216K)] 12742K(502464K), 0,0041405 secs] [Times: user=0,01 sys=0,00, real=0,00 secs] 
2017-03-26T16:07:42.979+0200: 2,629: Total time for which application threads were stopped: 0,0042899 seconds, Stopping threads took: 0,0000361 seconds
2017-03-26T16:07:42.979+0200: 2,629: [CMS-concurrent-mark-start]
2017-03-26T16:07:42.984+0200: 2,634: [CMS-concurrent-mark: 0,005/0,005 secs] [Times: user=0,02 sys=0,00, real=0,00 secs] 
2017-03-26T16:07:42.984+0200: 2,634: [CMS-concurrent-preclean-start]
2017-03-26T16:07:42.986+0200: 2,635: [CMS-concurrent-preclean: 0,001/0,001 secs] [Times: user=0,01 sys=0,00, real=0,01 secs] 
2017-03-26T16:07:42.986+0200: 2,635: [CMS-concurrent-abortable-preclean-start]
2017-03-26T16:07:43.041+0200: 2,691: Total time for which application threads were stopped: 0,0001937 seconds, Stopping threads took: 0,0000954 seconds
{Heap before GC invocations=3 (full 1):
 par new generation   total 109248K, used 99035K [0x00000000e0000000, 0x00000000e8000000, 0x00000000e8000000)
  eden space 87424K, 100% used [0x00000000e0000000, 0x00000000e5560000, 0x00000000e5560000)
  from space 21824K,  53% used [0x00000000e6ab0000, 0x00000000e7606f80, 0x00000000e8000000)
  to   space 21824K,   0% used [0x00000000e5560000, 0x00000000e5560000, 0x00000000e6ab0000)
 concurrent mark-sweep generation total 393216K, used 0K [0x00000000e8000000, 0x0000000100000000, 0x0000000100000000)
 Metaspace       used 21254K, capacity 21624K, committed 21884K, reserved 1069056K
  class space    used 2445K, capacity 2601K, committed 2684K, reserved 1048576K
2017-03-26T16:07:43.088+0200: 2,738: [GC (Allocation Failure) 2017-03-26T16:07:43.088+0200: 2,738: [ParNew
Desired survivor size 20112992 bytes, new threshold 8 (max 8)
- age   1:    1372240 bytes,    1372240 total
- age   2:    1469608 bytes,    2841848 total
- age   3:     812432 bytes,    3654280 total
- age   4:    6659568 bytes,   10313848 total
: 99035K->14888K(109248K), 0,0112014 secs] 99035K->14888K(502464K), 0,0112842 secs] [Times: user=0,04 sys=0,00, real=0,01 secs] 
Heap after GC invocations=4 (full 1):
 par new generation   total 109248K, used 14888K [0x00000000e0000000, 0x00000000e8000000, 0x00000000e8000000)
  eden space 87424K,   0% used [0x00000000e0000000, 0x00000000e0000000, 0x00000000e5560000)
  from space 21824K,  68% used [0x00000000e5560000, 0x00000000e63ea2b0, 0x00000000e6ab0000)
  to   space 21824K,   0% used [0x00000000e6ab0000, 0x00000000e6ab0000, 0x00000000e8000000)
 concurrent mark-sweep generation total 393216K, used 0K [0x00000000e8000000, 0x0000000100000000, 0x0000000100000000)
 Metaspace       used 21254K, capacity 21624K, committed 21884K, reserved 1069056K
  class space    used 2445K, capacity 2601K, committed 2684K, reserved 1048576K
}
2017-03-26T16:07:43.099+0200: 2,749: Total time for which application threads were stopped: 0,0115156 seconds, Stopping threads took: 0,0000544 seconds
2017-03-26T16:07:43.099+0200: 2,749: [CMS-concurrent-abortable-preclean: 0,057/0,114 secs] [Times: user=0,42 sys=0,01, real=0,11 secs] 
2017-03-26T16:07:43.102+0200: 2,751: [GC (CMS Final Remark) [YG occupancy: 16246 K (109248 K)]{Heap before GC invocations=4 (full 1):
 par new generation   total 109248K, used 16246K [0x00000000e0000000, 0x00000000e8000000, 0x00000000e8000000)
  eden space 87424K,   1% used [0x00000000e0000000, 0x00000000e01535a8, 0x00000000e5560000)
  from space 21824K,  68% used [0x00000000e5560000, 0x00000000e63ea2b0, 0x00000000e6ab0000)
  to   space 21824K,   0% used [0x00000000e6ab0000, 0x00000000e6ab0000, 0x00000000e8000000)
 concurrent mark-sweep generation total 393216K, used 0K [0x00000000e8000000, 0x0000000100000000, 0x0000000100000000)
 Metaspace       used 21254K, capacity 21624K, committed 21884K, reserved 1069056K
  class space    used 2445K, capacity 2601K, committed 2684K, reserved 1048576K
2017-03-26T16:07:43.102+0200: 2,751: [GC (CMS Final Remark) 2017-03-26T16:07:43.102+0200: 2,752: [ParNew
Desired survivor size 20112992 bytes, new threshold 8 (max 8)
- age   1:      94616 bytes,      94616 total
- age   2:    1171704 bytes,    1266320 total
- age   3:    1469608 bytes,    2735928 total
- age   4:     812432 bytes,    3548360 total
- age   5:    6659568 bytes,   10207928 total
: 16246K->13283K(109248K), 0,0120747 secs] 16246K->13283K(502464K), 0,0121197 secs] [Times: user=0,04 sys=0,00, real=0,02 secs] 
Heap after GC invocations=5 (full 1):
 par new generation   total 109248K, used 13283K [0x00000000e0000000, 0x00000000e8000000, 0x00000000e8000000)
  eden space 87424K,   0% used [0x00000000e0000000, 0x00000000e0000000, 0x00000000e5560000)
  from space 21824K,  60% used [0x00000000e6ab0000, 0x00000000e77a8fb8, 0x00000000e8000000)
  to   space 21824K,   0% used [0x00000000e5560000, 0x00000000e5560000, 0x00000000e6ab0000)
 concurrent mark-sweep generation total 393216K, used 0K [0x00000000e8000000, 0x0000000100000000, 0x0000000100000000)
 Metaspace       used 21254K, capacity 21624K, committed 21884K, reserved 1069056K
  class space    used 2445K, capacity 2601K, committed 2684K, reserved 1048576K
}
2017-03-26T16:07:43.114+0200: 2,764: [Rescan (parallel) , 0,0042062 secs]2017-03-26T16:07:43.118+0200: 2,768: [weak refs processing, 0,0009556 secs]2017-03-26T16:07:43.119+0200: 2,769: [class unloading, 0,0028377 secs]2017-03-26T16:07:43.122+0200: 2,772: [scrub symbol table, 0,0025307 secs]2017-03-26T16:07:43.125+0200: 2,774: [scrub string table, 0,0004129 secs][1 CMS-remark: 0K(393216K)] 13283K(502464K), 0,0237383 secs] [Times: user=0,07 sys=0,00, real=0,03 secs] 
2017-03-26T16:07:43.126+0200: 2,775: Total time for which application threads were stopped: 0,0238744 seconds, Stopping threads took: 0,0000594 seconds
2017-03-26T16:07:43.126+0200: 2,775: [CMS-concurrent-sweep-start]
2017-03-26T16:07:43.126+0200: 2,775: [CMS-concurrent-sweep: 0,000/0,000 secs] [Times: user=0,00 sys=0,00, real=0,00 secs] 
2017-03-26T16:07:43.126+0200: 2,775: [CMS-concurrent-reset-start]
2017-03-26T16:07:43.130+0200: 2,780: [CMS-concurrent-reset: 0,004/0,004 secs] [Times: user=0,01 sys=0,00, real=0,00 secs] 
{Heap before GC invocations=5 (full 1):
 par new generation   total 109248K, used 100707K [0x00000000e0000000, 0x00000000e8000000, 0x00000000e8000000)
  eden space 87424K, 100% used [0x00000000e0000000, 0x00000000e5560000, 0x00000000e5560000)
  from space 21824K,  60% used [0x00000000e6ab0000, 0x00000000e77a8fb8, 0x00000000e8000000)
  to   space 21824K,   0% used [0x00000000e5560000, 0x00000000e5560000, 0x00000000e6ab0000)
 concurrent mark-sweep generation total 393216K, used 0K [0x00000000e8000000, 0x0000000100000000, 0x0000000100000000)
 Metaspace       used 21404K, capacity 21796K, committed 21884K, reserved 1069056K
  class space    used 2467K, capacity 2635K, committed 2684K, reserved 1048576K
2017-03-26T16:07:43.219+0200: 2,869: [GC (Allocation Failure) 2017-03-26T16:07:43.219+0200: 2,869: [ParNew
Desired survivor size 20112992 bytes, new threshold 8 (max 8)
- age   1:     448248 bytes,     448248 total
- age   2:        480 bytes,     448728 total
- age   3:     190264 bytes,     638992 total
- age   4:    1469192 bytes,    2108184 total
- age   5:     812464 bytes,    2920648 total
- age   6:    6659856 bytes,    9580504 total
: 100707K->11731K(109248K), 0,0097497 secs] 100707K->11731K(502464K), 0,0098229 secs] [Times: user=0,03 sys=0,00, real=0,01 secs] 
Heap after GC invocations=6 (full 1):
 par new generation   total 109248K, used 11731K [0x00000000e0000000, 0x00000000e8000000, 0x00000000e8000000)
  eden space 87424K,   0% used [0x00000000e0000000, 0x00000000e0000000, 0x00000000e5560000)
  from space 21824K,  53% used [0x00000000e5560000, 0x00000000e60d4ff8, 0x00000000e6ab0000)
  to   space 21824K,   0% used [0x00000000e6ab0000, 0x00000000e6ab0000, 0x00000000e8000000)
 concurrent mark-sweep generation total 393216K, used 0K [0x00000000e8000000, 0x0000000100000000, 0x0000000100000000)
 Metaspace       used 21404K, capacity 21796K, committed 21884K, reserved 1069056K
  class space    used 2467K, capacity 2635K, committed 2684K, reserved 1048576K
}
2017-03-26T16:07:43.229+0200: 2,879: Total time for which application threads were stopped: 0,0100528 seconds, Stopping threads took: 0,0000801 seconds
2017-03-26T16:07:43.255+0200: 2,905: Total time for which application threads were stopped: 0,0003357 seconds, Stopping threads took: 0,0000205 seconds
2017-03-26T16:07:43.432+0200: 3,082: Total time for which application threads were stopped: 0,0004017 seconds, Stopping threads took: 0,0000394 seconds
2017-03-26T16:07:43.446+0200: 3,096: Total time for which application threads were stopped: 0,0004046 seconds, Stopping threads took: 0,0000567 seconds
{Heap before GC invocations=6 (full 1):
 par new generation   total 109248K, used 99155K [0x00000000e0000000, 0x00000000e8000000, 0x00000000e8000000)
  eden space 87424K, 100% used [0x00000000e0000000, 0x00000000e5560000, 0x00000000e5560000)
  from space 21824K,  53% used [0x00000000e5560000, 0x00000000e60d4ff8, 0x00000000e6ab0000)
  to   space 21824K,   0% used [0x00000000e6ab0000, 0x00000000e6ab0000, 0x00000000e8000000)
 concurrent mark-sweep generation total 393216K, used 0K [0x00000000e8000000, 0x0000000100000000, 0x0000000100000000)
 Metaspace       used 23826K, capacity 24226K, committed 24572K, reserved 1071104K
  class space    used 2804K, capacity 2976K, committed 3068K, reserved 1048576K
2017-03-26T16:07:43.595+0200: 3,244: [GC (Allocation Failure) 2017-03-26T16:07:43.595+0200: 3,244: [ParNew
Desired survivor size 20112992 bytes, new threshold 8 (max 8)
- age   1:    5282408 bytes,    5282408 total
- age   2:     127072 bytes,    5409480 total
- age   3:        480 bytes,    5409960 total
- age   4:     189072 bytes,    5599032 total
- age   5:     291960 bytes,    5890992 total
- age   6:     788024 bytes,    6679016 total
- age   7:    6651480 bytes,   13330496 total
: 99155K->16640K(109248K), 0,0161638 secs] 99155K->16640K(502464K), 0,0162439 secs] [Times: user=0,05 sys=0,01, real=0,01 secs] 
Heap after GC invocations=7 (full 1):
 par new generation   total 109248K, used 16640K [0x00000000e0000000, 0x00000000e8000000, 0x00000000e8000000)
  eden space 87424K,   0% used [0x00000000e0000000, 0x00000000e0000000, 0x00000000e5560000)
  from space 21824K,  76% used [0x00000000e6ab0000, 0x00000000e7af0100, 0x00000000e8000000)
  to   space 21824K,   0% used [0x00000000e5560000, 0x00000000e5560000, 0x00000000e6ab0000)
 concurrent mark-sweep generation total 393216K, used 0K [0x00000000e8000000, 0x0000000100000000, 0x0000000100000000)
 Metaspace       used 23826K, capacity 24226K, committed 24572K, reserved 1071104K
  class space    used 2804K, capacity 2976K, committed 3068K, reserved 1048576K
}
2017-03-26T16:07:43.611+0200: 3,261: Total time for which application threads were stopped: 0,0165234 seconds, Stopping threads took: 0,0000857 seconds
{Heap before GC invocations=7 (full 1):
 par new generation   total 109248K, used 104063K [0x00000000e0000000, 0x00000000e8000000, 0x00000000e8000000)
  eden space 87424K,  99% used [0x00000000e0000000, 0x00000000e555fea0, 0x00000000e5560000)
  from space 21824K,  76% used [0x00000000e6ab0000, 0x00000000e7af0100, 0x00000000e8000000)
  to   space 21824K,   0% used [0x00000000e5560000, 0x00000000e5560000, 0x00000000e6ab0000)
 concurrent mark-sweep generation total 393216K, used 0K [0x00000000e8000000, 0x0000000100000000, 0x0000000100000000)
 Metaspace       used 24280K, capacity 24744K, committed 24828K, reserved 1071104K
  class space    used 2850K, capacity 3041K, committed 3068K, reserved 1048576K
2017-03-26T16:07:43.700+0200: 3,350: [GC (Allocation Failure) 2017-03-26T16:07:43.700+0200: 3,350: [ParNew
Desired survivor size 20112992 bytes, new threshold 8 (max 8)
- age   1:    1923512 bytes,    1923512 total
- age   2:    1832864 bytes,    3756376 total
- age   3:      61376 bytes,    3817752 total
- age   5:     109384 bytes,    3927136 total
- age   6:     194120 bytes,    4121256 total
- age   7:     745824 bytes,    4867080 total
- age   8:    6117128 bytes,   10984208 total
: 104063K->17765K(109248K), 0,0184073 secs] 104063K->17765K(502464K), 0,0184905 secs] [Times: user=0,06 sys=0,01, real=0,02 secs] 
Heap after GC invocations=8 (full 1):
 par new generation   total 109248K, used 17765K [0x00000000e0000000, 0x00000000e8000000, 0x00000000e8000000)
  eden space 87424K,   0% used [0x00000000e0000000, 0x00000000e0000000, 0x00000000e5560000)
  from space 21824K,  81% used [0x00000000e5560000, 0x00000000e66b94a0, 0x00000000e6ab0000)
  to   space 21824K,   0% used [0x00000000e6ab0000, 0x00000000e6ab0000, 0x00000000e8000000)
 concurrent mark-sweep generation total 393216K, used 0K [0x00000000e8000000, 0x0000000100000000, 0x0000000100000000)
 Metaspace       used 24280K, capacity 24744K, committed 24828K, reserved 1071104K
  class space    used 2850K, capacity 3041K, committed 3068K, reserved 1048576K
}
2017-03-26T16:07:43.719+0200: 3,368: Total time for which application threads were stopped: 0,0187064 seconds, Stopping threads took: 0,0000281 seconds
{Heap before GC invocations=8 (full 1):
 par new generation   total 109248K, used 105189K [0x00000000e0000000, 0x00000000e8000000, 0x00000000e8000000)
  eden space 87424K, 100% used [0x00000000e0000000, 0x00000000e5560000, 0x00000000e5560000)
  from space 21824K,  81% used [0x00000000e5560000, 0x00000000e66b94a0, 0x00000000e6ab0000)
  to   space 21824K,   0% used [0x00000000e6ab0000, 0x00000000e6ab0000, 0x00000000e8000000)
 concurrent mark-sweep generation total 393216K, used 0K [0x00000000e8000000, 0x0000000100000000, 0x0000000100000000)
 Metaspace       used 24926K, capacity 25378K, committed 25724K, reserved 1071104K
  class space    used 2906K, capacity 3078K, committed 3196K, reserved 1048576K
2017-03-26T16:07:43.824+0200: 3,474: [GC (Allocation Failure) 2017-03-26T16:07:43.824+0200: 3,474: [ParNew
Desired survivor size 20112992 bytes, new threshold 8 (max 8)
- age   1:    1002712 bytes,    1002712 total
- age   2:     976192 bytes,    1978904 total
- age   3:    1809776 bytes,    3788680 total
- age   4:      61344 bytes,    3850024 total
- age   6:     106640 bytes,    3956664 total
- age   7:     190792 bytes,    4147456 total
- age   8:     744256 bytes,    4891712 total
: 105189K->7053K(109248K), 0,0275644 secs] 105189K->13108K(502464K), 0,0276441 secs] [Times: user=0,09 sys=0,01, real=0,03 secs] 
Heap after GC invocations=9 (full 1):
 par new generation   total 109248K, used 7053K [0x00000000e0000000, 0x00000000e8000000, 0x00000000e8000000)
  eden space 87424K,   0% used [0x00000000e0000000, 0x00000000e0000000, 0x00000000e5560000)
  from space 21824K,  32% used [0x00000000e6ab0000, 0x00000000e71934a8, 0x00000000e8000000)
  to   space 21824K,   0% used [0x00000000e5560000, 0x00000000e5560000, 0x00000000e6ab0000)
 concurrent mark-sweep generation total 393216K, used 6055K [0x00000000e8000000, 0x0000000100000000, 0x0000000100000000)
 Metaspace       used 24926K, capacity 25378K, committed 25724K, reserved 1071104K
  class space    used 2906K, capacity 3078K, committed 3196K, reserved 1048576K
}
2017-03-26T16:07:43.852+0200: 3,501: Total time for which application threads were stopped: 0,0278715 seconds, Stopping threads took: 0,0000738 seconds
2017-03-26T16:07:44.098+0200: 3,747: Total time for which application threads were stopped: 0,0005534 seconds, Stopping threads took: 0,0000387 seconds
2017-03-26T16:07:44.115+0200: 3,764: Total time for which application threads were stopped: 0,0004361 seconds, Stopping threads took: 0,0000379 seconds
2017-03-26T16:07:44.165+0200: 3,814: Total time for which application threads were stopped: 0,0004210 seconds, Stopping threads took: 0,0000211 seconds
2017-03-26T16:07:44.259+0200: 3,908: Total time for which application threads were stopped: 0,0004697 seconds, Stopping threads took: 0,0000652 seconds
2017-03-26T16:07:44.405+0200: 4,055: Total time for which application threads were stopped: 0,0003416 seconds, Stopping threads took: 0,0000167 seconds
2017-03-26T16:07:51.406+0200: 11,056: Total time for which application threads were stopped: 0,0000943 seconds, Stopping threads took: 0,0000227 seconds
2017-03-26T16:08:01.410+0200: 21,059: Total time for which application threads were stopped: 0,0000970 seconds, Stopping threads took: 0,0000418 seconds
2017-03-26T16:08:12.414+0200: 32,063: Total time for which application threads were stopped: 0,0000966 seconds, Stopping threads took: 0,0000242 seconds
2017-03-26T16:09:12.421+0200: 92,070: Total time for which application threads were stopped: 0,0000901 seconds, Stopping threads took: 0,0000364 seconds
2017-03-26T16:09:37.424+0200: 117,073: Total time for which application threads were stopped: 0,0001207 seconds, Stopping threads took: 0,0000475 seconds
2017-03-26T16:09:42.424+0200: 122,074: Total time for which application threads were stopped: 0,0000686 seconds, Stopping threads took: 0,0000165 seconds
2017-03-26T16:10:11.427+0200: 151,077: Total time for which application threads were stopped: 0,0000812 seconds, Stopping threads took: 0,0000299 seconds
2017-03-26T16:10:16.428+0200: 156,078: Total time for which application threads were stopped: 0,0000882 seconds, Stopping threads took: 0,0000222 seconds
2017-03-26T16:10:26.429+0200: 166,079: Total time for which application threads were stopped: 0,0000843 seconds, Stopping threads took: 0,0000294 seconds
2017-03-26T16:10:31.430+0200: 171,080: Total time for which application threads were stopped: 0,0006900 seconds, Stopping threads took: 0,0002255 seconds
{Heap before GC invocations=9 (full 1):
 par new generation   total 109248K, used 94477K [0x00000000e0000000, 0x00000000e8000000, 0x00000000e8000000)
  eden space 87424K, 100% used [0x00000000e0000000, 0x00000000e5560000, 0x00000000e5560000)
  from space 21824K,  32% used [0x00000000e6ab0000, 0x00000000e71934a8, 0x00000000e8000000)
  to   space 21824K,   0% used [0x00000000e5560000, 0x00000000e5560000, 0x00000000e6ab0000)
 concurrent mark-sweep generation total 393216K, used 6055K [0x00000000e8000000, 0x0000000100000000, 0x0000000100000000)
 Metaspace       used 28006K, capacity 28494K, committed 28796K, reserved 1075200K
  class space    used 3213K, capacity 3386K, committed 3452K, reserved 1048576K
2017-03-26T16:10:36.074+0200: 175,723: [GC (Allocation Failure) 2017-03-26T16:10:36.074+0200: 175,723: [ParNew
Desired survivor size 20112992 bytes, new threshold 8 (max 8)
- age   1:   10754128 bytes,   10754128 total
- age   2:     275608 bytes,   11029736 total
- age   3:     195120 bytes,   11224856 total
- age   4:    1805256 bytes,   13030112 total
- age   5:      61344 bytes,   13091456 total
- age   7:     106512 bytes,   13197968 total
- age   8:     190696 bytes,   13388664 total
: 94477K->15784K(109248K), 0,0176419 secs] 100532K->22661K(502464K), 0,0177477 secs] [Times: user=0,07 sys=0,00, real=0,01 secs] 
Heap after GC invocations=10 (full 1):
 par new generation   total 109248K, used 15784K [0x00000000e0000000, 0x00000000e8000000, 0x00000000e8000000)
  eden space 87424K,   0% used [0x00000000e0000000, 0x00000000e0000000, 0x00000000e5560000)
  from space 21824K,  72% used [0x00000000e5560000, 0x00000000e64ca298, 0x00000000e6ab0000)
  to   space 21824K,   0% used [0x00000000e6ab0000, 0x00000000e6ab0000, 0x00000000e8000000)
 concurrent mark-sweep generation total 393216K, used 6876K [0x00000000e8000000, 0x0000000100000000, 0x0000000100000000)
 Metaspace       used 28006K, capacity 28494K, committed 28796K, reserved 1075200K
  class space    used 3213K, capacity 3386K, committed 3452K, reserved 1048576K
}
2017-03-26T16:10:36.091+0200: 175,741: Total time for which application threads were stopped: 0,0179158 seconds, Stopping threads took: 0,0000272 seconds
2017-03-26T16:10:37.092+0200: 176,741: Total time for which application threads were stopped: 0,0001160 seconds, Stopping threads took: 0,0000319 seconds
2017-03-26T16:10:41.092+0200: 180,742: Total time for which application threads were stopped: 0,0000768 seconds, Stopping threads took: 0,0000164 seconds
2017-03-26T16:11:16.096+0200: 215,746: Total time for which application threads were stopped: 0,0001150 seconds, Stopping threads took: 0,0000339 seconds
2017-03-26T16:12:11.102+0200: 270,752: Total time for which application threads were stopped: 0,0004466 seconds, Stopping threads took: 0,0001819 seconds
2017-03-26T16:12:18.103+0200: 277,753: Total time for which application threads were stopped: 0,0000675 seconds, Stopping threads took: 0,0000165 seconds
2017-03-26T16:31:06.222+0200: 1405,871: Total time for which application threads were stopped: 0,0000875 seconds, Stopping threads took: 0,0000329 seconds
2017-03-26T16:35:16.246+0200: 1655,896: Total time for which application threads were stopped: 0,0001201 seconds, Stopping threads took: 0,0000361 seconds
2017-03-26T16:35:21.247+0200: 1660,896: Total time for which application threads were stopped: 0,0003152 seconds, Stopping threads took: 0,0000508 seconds
2017-03-26T16:46:01.315+0200: 2300,964: Total time for which application threads were stopped: 0,0003935 seconds, Stopping threads took: 0,0001384 seconds
2017-03-26T16:46:02.315+0200: 2301,965: Total time for which application threads were stopped: 0,0002903 seconds, Stopping threads took: 0,0000696 seconds
2017-03-26T17:00:57.414+0200: 3197,064: Total time for which application threads were stopped: 0,0005916 seconds, Stopping threads took: 0,0002615 seconds
2017-03-26T17:13:42.526+0200: 3962,175: Total time for which application threads were stopped: 0,0001880 seconds, Stopping threads took: 0,0000665 seconds
2017-03-26T17:14:11.531+0200: 3991,180: Total time for which application threads were stopped: 0,0001732 seconds, Stopping threads took: 0,0000634 seconds
2017-03-26T17:14:16.532+0200: 3996,181: Total time for which application threads were stopped: 0,0001392 seconds, Stopping threads took: 0,0000303 seconds
2017-03-26T17:25:47.639+0200: 4687,288: Total time for which application threads were stopped: 0,0001747 seconds, Stopping threads took: 0,0000669 seconds
2017-03-26T17:25:52.639+0200: 4692,289: Total time for which application threads were stopped: 0,0001107 seconds, Stopping threads took: 0,0000250 seconds
2017-03-26T17:52:02.831+0200: 6262,480: Total time for which application threads were stopped: 0,0001091 seconds, Stopping threads took: 0,0000398 seconds
2017-03-26T17:59:42.870+0200: 6722,520: Total time for which application threads were stopped: 0,0000795 seconds, Stopping threads took: 0,0000297 seconds
2017-03-26T18:07:41.920+0200: 7201,569: Total time for which application threads were stopped: 0,0000881 seconds, Stopping threads took: 0,0000323 seconds
2017-03-26T18:09:11.930+0200: 7291,580: Total time for which application threads were stopped: 0,0001603 seconds, Stopping threads took: 0,0001036 seconds
2017-03-26T18:09:41.933+0200: 7321,582: Total time for which application threads were stopped: 0,0001354 seconds, Stopping threads took: