OpenJDK 64-Bit Server VM (25.121-b13) for linux-amd64 JRE (1.8.0_121-8u121-b13-0ubuntu1.16.04.2-b13), built on Jan 23 2017 15:51:29 by "buildd" with gcc 5.4.0 20160609
Memory: 4k page, physical 7867800k(7506476k free), swap 8076284k(8076284k free)
CommandLine flags: -XX:CMSInitiatingOccupancyFraction=50 -XX:CMSMaxAbortablePrecleanTime=6000 -XX:+CMSParallelRemarkEnabled -XX:+CMSScavengeBeforeRemark -XX:ConcGCThreads=4 -XX:InitialHeapSize=536870912 -XX:MaxHeapSize=536870912 -XX:MaxTenuringThreshold=8 -XX:NewRatio=3 -XX:OldPLABSize=16 -XX:OnOutOfMemoryError=/opt/solr/bin/oom_solr.sh 8983 /var/solr/logs -XX:ParallelGCThreads=4 -XX:+ParallelRefProcEnabled -XX:PretenureSizeThreshold=67108864 -XX:+PrintGC -XX:+PrintGCApplicationStoppedTime -XX:+PrintGCDateStamps -XX:+PrintGCDetails -XX:+PrintGCTimeStamps -XX:+PrintHeapAtGC -XX:+PrintTenuringDistribution -XX:SurvivorRatio=4 -XX:TargetSurvivorRatio=90 -XX:ThreadStackSize=256 -XX:+UseCMSInitiatingOccupancyOnly -XX:+UseCompressedClassPointers -XX:+UseCompressedOops -XX:+UseConcMarkSweepGC -XX:+UseParNewGC 
2017-02-05T00:59:33.750+0100: 0,140: Total time for which application threads were stopped: 0,0000649 seconds, Stopping threads took: 0,0000122 seconds
2017-02-05T00:59:33.823+0100: 0,213: Total time for which application threads were stopped: 0,0001076 seconds, Stopping threads took: 0,0000141 seconds
2017-02-05T00:59:33.841+0100: 0,231: Total time for which application threads were stopped: 0,0001471 seconds, Stopping threads took: 0,0000431 seconds
2017-02-05T00:59:34.080+0100: 0,470: Total time for which application threads were stopped: 0,0001423 seconds, Stopping threads took: 0,0000105 seconds
2017-02-05T00:59:34.568+0100: 0,958: Total time for which application threads were stopped: 0,0001678 seconds, Stopping threads took: 0,0000234 seconds
2017-02-05T00:59:34.671+0100: 1,062: Total time for which application threads were stopped: 0,0001773 seconds, Stopping threads took: 0,0000269 seconds
2017-02-05T00:59:34.691+0100: 1,081: Total time for which application threads were stopped: 0,0002349 seconds, Stopping threads took: 0,0000346 seconds
2017-02-05T00:59:35.036+0100: 1,426: Total time for which application threads were stopped: 0,0002006 seconds, Stopping threads took: 0,0000254 seconds
2017-02-05T00:59:35.249+0100: 1,640: Total time for which application threads were stopped: 0,0002009 seconds, Stopping threads took: 0,0000237 seconds
2017-02-05T00:59:35.276+0100: 1,666: Total time for which application threads were stopped: 0,0001795 seconds, Stopping threads took: 0,0000205 seconds
2017-02-05T00:59:35.317+0100: 1,707: Total time for which application threads were stopped: 0,0006058 seconds, Stopping threads took: 0,0000223 seconds
2017-02-05T00:59:35.319+0100: 1,709: Total time for which application threads were stopped: 0,0002259 seconds, Stopping threads took: 0,0000317 seconds
2017-02-05T00:59:35.336+0100: 1,726: Total time for which application threads were stopped: 0,0001748 seconds, Stopping threads took: 0,0000172 seconds
2017-02-05T00:59:35.428+0100: 1,819: Total time for which application threads were stopped: 0,0002431 seconds, Stopping threads took: 0,0000224 seconds
2017-02-05T00:59:35.576+0100: 1,966: Total time for which application threads were stopped: 0,0002499 seconds, Stopping threads took: 0,0000373 seconds
{Heap before GC invocations=0 (full 0):
 par new generation   total 109248K, used 87424K [0x00000000e0000000, 0x00000000e8000000, 0x00000000e8000000)
  eden space 87424K, 100% used [0x00000000e0000000, 0x00000000e5560000, 0x00000000e5560000)
  from space 21824K,   0% used [0x00000000e5560000, 0x00000000e5560000, 0x00000000e6ab0000)
  to   space 21824K,   0% used [0x00000000e6ab0000, 0x00000000e6ab0000, 0x00000000e8000000)
 concurrent mark-sweep generation total 393216K, used 0K [0x00000000e8000000, 0x0000000100000000, 0x0000000100000000)
 Metaspace       used 18002K, capacity 18336K, committed 18688K, reserved 1064960K
  class space    used 2037K, capacity 2196K, committed 2304K, reserved 1048576K
2017-02-05T00:59:35.658+0100: 2,048: [GC (Allocation Failure) 2017-02-05T00:59:35.658+0100: 2,049: [ParNew
Desired survivor size 20112992 bytes, new threshold 8 (max 8)
- age   1:   12404496 bytes,   12404496 total
: 87424K->12229K(109248K), 0,0148761 secs] 87424K->12229K(502464K), 0,0149662 secs] [Times: user=0,04 sys=0,01, real=0,01 secs] 
Heap after GC invocations=1 (full 0):
 par new generation   total 109248K, used 12229K [0x00000000e0000000, 0x00000000e8000000, 0x00000000e8000000)
  eden space 87424K,   0% used [0x00000000e0000000, 0x00000000e0000000, 0x00000000e5560000)
  from space 21824K,  56% used [0x00000000e6ab0000, 0x00000000e76a17e8, 0x00000000e8000000)
  to   space 21824K,   0% used [0x00000000e5560000, 0x00000000e5560000, 0x00000000e6ab0000)
 concurrent mark-sweep generation total 393216K, used 0K [0x00000000e8000000, 0x0000000100000000, 0x0000000100000000)
 Metaspace       used 18002K, capacity 18336K, committed 18688K, reserved 1064960K
  class space    used 2037K, capacity 2196K, committed 2304K, reserved 1048576K
}
2017-02-05T00:59:35.673+0100: 2,064: Total time for which application threads were stopped: 0,0152569 seconds, Stopping threads took: 0,0000998 seconds
2017-02-05T00:59:35.970+0100: 2,360: Total time for which application threads were stopped: 0,0003931 seconds, Stopping threads took: 0,0000662 seconds
2017-02-05T00:59:36.004+0100: 2,394: Total time for which application threads were stopped: 0,0003579 seconds, Stopping threads took: 0,0000438 seconds
{Heap before GC invocations=1 (full 0):
 par new generation   total 109248K, used 99653K [0x00000000e0000000, 0x00000000e8000000, 0x00000000e8000000)
  eden space 87424K, 100% used [0x00000000e0000000, 0x00000000e5560000, 0x00000000e5560000)
  from space 21824K,  56% used [0x00000000e6ab0000, 0x00000000e76a17e8, 0x00000000e8000000)
  to   space 21824K,   0% used [0x00000000e5560000, 0x00000000e5560000, 0x00000000e6ab0000)
 concurrent mark-sweep generation total 393216K, used 0K [0x00000000e8000000, 0x0000000100000000, 0x0000000100000000)
 Metaspace       used 20081K, capacity 20426K, committed 20736K, reserved 1067008K
  class space    used 2300K, capacity 2471K, committed 2560K, reserved 1048576K
2017-02-05T00:59:36.014+0100: 2,404: [GC (Allocation Failure) 2017-02-05T00:59:36.014+0100: 2,404: [ParNew
Desired survivor size 20112992 bytes, new threshold 8 (max 8)
- age   1:    3540328 bytes,    3540328 total
- age   2:    6758368 bytes,   10298696 total
: 99653K->15975K(109248K), 0,0134211 secs] 99653K->15975K(502464K), 0,0134943 secs] [Times: user=0,05 sys=0,00, real=0,01 secs] 
Heap after GC invocations=2 (full 0):
 par new generation   total 109248K, used 15975K [0x00000000e0000000, 0x00000000e8000000, 0x00000000e8000000)
  eden space 87424K,   0% used [0x00000000e0000000, 0x00000000e0000000, 0x00000000e5560000)
  from space 21824K,  73% used [0x00000000e5560000, 0x00000000e64f9e00, 0x00000000e6ab0000)
  to   space 21824K,   0% used [0x00000000e6ab0000, 0x00000000e6ab0000, 0x00000000e8000000)
 concurrent mark-sweep generation total 393216K, used 0K [0x00000000e8000000, 0x0000000100000000, 0x0000000100000000)
 Metaspace       used 20081K, capacity 20426K, committed 20736K, reserved 1067008K
  class space    used 2300K, capacity 2471K, committed 2560K, reserved 1048576K
}
2017-02-05T00:59:36.028+0100: 2,418: Total time for which application threads were stopped: 0,0136429 seconds, Stopping threads took: 0,0000217 seconds
2017-02-05T00:59:36.070+0100: 2,461: Total time for which application threads were stopped: 0,0038456 seconds, Stopping threads took: 0,0035620 seconds
2017-02-05T00:59:36.173+0100: 2,564: Total time for which application threads were stopped: 0,0001212 seconds, Stopping threads took: 0,0000216 seconds
2017-02-05T00:59:36.223+0100: 2,613: Total time for which application threads were stopped: 0,0002195 seconds, Stopping threads took: 0,0001233 seconds
{Heap before GC invocations=2 (full 0):
 par new generation   total 109248K, used 103399K [0x00000000e0000000, 0x00000000e8000000, 0x00000000e8000000)
  eden space 87424K, 100% used [0x00000000e0000000, 0x00000000e5560000, 0x00000000e5560000)
  from space 21824K,  73% used [0x00000000e5560000, 0x00000000e64f9e00, 0x00000000e6ab0000)
  to   space 21824K,   0% used [0x00000000e6ab0000, 0x00000000e6ab0000, 0x00000000e8000000)
 concurrent mark-sweep generation total 393216K, used 0K [0x00000000e8000000, 0x0000000100000000, 0x0000000100000000)
 Metaspace       used 21133K, capacity 21482K, committed 21884K, reserved 1069056K
  class space    used 2433K, capacity 2591K, committed 2684K, reserved 1048576K
2017-02-05T00:59:36.235+0100: 2,625: [GC (Allocation Failure) 2017-02-05T00:59:36.235+0100: 2,625: [ParNew
Desired survivor size 20112992 bytes, new threshold 8 (max 8)
- age   1:    2504360 bytes,    2504360 total
- age   2:     899824 bytes,    3404184 total
- age   3:    6754808 bytes,   10158992 total
: 103399K->12405K(109248K), 0,0108780 secs] 103399K->12405K(502464K), 0,0109603 secs] [Times: user=0,04 sys=0,00, real=0,01 secs] 
Heap after GC invocations=3 (full 0):
 par new generation   total 109248K, used 12405K [0x00000000e0000000, 0x00000000e8000000, 0x00000000e8000000)
  eden space 87424K,   0% used [0x00000000e0000000, 0x00000000e0000000, 0x00000000e5560000)
  from space 21824K,  56% used [0x00000000e6ab0000, 0x00000000e76cd7c0, 0x00000000e8000000)
  to   space 21824K,   0% used [0x00000000e5560000, 0x00000000e5560000, 0x00000000e6ab0000)
 concurrent mark-sweep generation total 393216K, used 0K [0x00000000e8000000, 0x0000000100000000, 0x0000000100000000)
 Metaspace       used 21133K, capacity 21482K, committed 21884K, reserved 1069056K
  class space    used 2433K, capacity 2591K, committed 2684K, reserved 1048576K
}
2017-02-05T00:59:36.246+0100: 2,636: Total time for which application threads were stopped: 0,0111582 seconds, Stopping threads took: 0,0000764 seconds
2017-02-05T00:59:36.250+0100: 2,640: [GC (CMS Initial Mark) [1 CMS-initial-mark: 0K(393216K)] 13089K(502464K), 0,0042757 secs] [Times: user=0,01 sys=0,00, real=0,00 secs] 
2017-02-05T00:59:36.255+0100: 2,645: Total time for which application threads were stopped: 0,0081980 seconds, Stopping threads took: 0,0038299 seconds
2017-02-05T00:59:36.255+0100: 2,645: [CMS-concurrent-mark-start]
2017-02-05T00:59:36.255+0100: 2,646: [CMS-concurrent-mark: 0,001/0,001 secs] [Times: user=0,00 sys=0,00, real=0,00 secs] 
2017-02-05T00:59:36.255+0100: 2,646: [CMS-concurrent-preclean-start]
2017-02-05T00:59:36.257+0100: 2,647: [CMS-concurrent-preclean: 0,001/0,001 secs] [Times: user=0,01 sys=0,00, real=0,00 secs] 
2017-02-05T00:59:36.257+0100: 2,647: [CMS-concurrent-abortable-preclean-start]
2017-02-05T00:59:36.342+0100: 2,732: Total time for which application threads were stopped: 0,0001202 seconds, Stopping threads took: 0,0000212 seconds
2017-02-05T00:59:36.382+0100: 2,772: Total time for which application threads were stopped: 0,0012567 seconds, Stopping threads took: 0,0011656 seconds
2017-02-05T00:59:36.382+0100: 2,772: [CMS-concurrent-abortable-preclean: 0,087/0,126 secs] [Times: user=0,43 sys=0,01, real=0,13 secs] 
2017-02-05T00:59:36.383+0100: 2,773: [GC (CMS Final Remark) [YG occupancy: 70260 K (109248 K)]{Heap before GC invocations=3 (full 1):
 par new generation   total 109248K, used 70260K [0x00000000e0000000, 0x00000000e8000000, 0x00000000e8000000)
  eden space 87424K,  66% used [0x00000000e0000000, 0x00000000e387f978, 0x00000000e5560000)
  from space 21824K,  56% used [0x00000000e6ab0000, 0x00000000e76cd7c0, 0x00000000e8000000)
  to   space 21824K,   0% used [0x00000000e5560000, 0x00000000e5560000, 0x00000000e6ab0000)
 concurrent mark-sweep generation total 393216K, used 0K [0x00000000e8000000, 0x0000000100000000, 0x0000000100000000)
 Metaspace       used 21941K, capacity 22293K, committed 22548K, reserved 1069056K
  class space    used 2521K, capacity 2663K, committed 2684K, reserved 1048576K
2017-02-05T00:59:36.383+0100: 2,773: [GC (CMS Final Remark) 2017-02-05T00:59:36.383+0100: 2,773: [ParNew
Desired survivor size 20112992 bytes, new threshold 8 (max 8)
- age   1:    1682848 bytes,    1682848 total
- age   2:    1652776 bytes,    3335624 total
- age   3:     868432 bytes,    4204056 total
- age   4:    6754704 bytes,   10958760 total
: 70260K->14994K(109248K), 0,0113359 secs] 70260K->14994K(502464K), 0,0113874 secs] [Times: user=0,04 sys=0,00, real=0,01 secs] 
Heap after GC invocations=4 (full 1):
 par new generation   total 109248K, used 14994K [0x00000000e0000000, 0x00000000e8000000, 0x00000000e8000000)
  eden space 87424K,   0% used [0x00000000e0000000, 0x00000000e0000000, 0x00000000e5560000)
  from space 21824K,  68% used [0x00000000e5560000, 0x00000000e6404b80, 0x00000000e6ab0000)
  to   space 21824K,   0% used [0x00000000e6ab0000, 0x00000000e6ab0000, 0x00000000e8000000)
 concurrent mark-sweep generation total 393216K, used 0K [0x00000000e8000000, 0x0000000100000000, 0x0000000100000000)
 Metaspace       used 21941K, capacity 22293K, committed 22548K, reserved 1069056K
  class space    used 2521K, capacity 2663K, committed 2684K, reserved 1048576K
}
2017-02-05T00:59:36.394+0100: 2,784: [Rescan (parallel) , 0,0044177 secs]2017-02-05T00:59:36.398+0100: 2,789: [weak refs processing, 0,0008023 secs]2017-02-05T00:59:36.399+0100: 2,789: [class unloading, 0,0029388 secs]2017-02-05T00:59:36.402+0100: 2,792: [scrub symbol table, 0,0027269 secs]2017-02-05T00:59:36.405+0100: 2,795: [scrub string table, 0,0004031 secs][1 CMS-remark: 0K(393216K)] 14994K(502464K), 0,0233444 secs] [Times: user=0,07 sys=0,00, real=0,02 secs] 
2017-02-05T00:59:36.406+0100: 2,796: Total time for which application threads were stopped: 0,0234656 seconds, Stopping threads took: 0,0000410 seconds
2017-02-05T00:59:36.406+0100: 2,796: [CMS-concurrent-sweep-start]
2017-02-05T00:59:36.406+0100: 2,796: [CMS-concurrent-sweep: 0,000/0,000 secs] [Times: user=0,00 sys=0,00, real=0,00 secs] 
2017-02-05T00:59:36.406+0100: 2,796: [CMS-concurrent-reset-start]
2017-02-05T00:59:36.409+0100: 2,799: [CMS-concurrent-reset: 0,003/0,003 secs] [Times: user=0,00 sys=0,01, real=0,00 secs] 
2017-02-05T00:59:36.479+0100: 2,869: Total time for which application threads were stopped: 0,0001958 seconds, Stopping threads took: 0,0001190 seconds
{Heap before GC invocations=4 (full 1):
 par new generation   total 109248K, used 102423K [0x00000000e0000000, 0x00000000e8000000, 0x00000000e8000000)
  eden space 87424K, 100% used [0x00000000e0000000, 0x00000000e5560000, 0x00000000e5560000)
  from space 21824K,  68% used [0x00000000e5560000, 0x00000000e6405f90, 0x00000000e6ab0000)
  to   space 21824K,   0% used [0x00000000e6ab0000, 0x00000000e6ab0000, 0x00000000e8000000)
 concurrent mark-sweep generation total 393216K, used 0K [0x00000000e8000000, 0x0000000100000000, 0x0000000100000000)
 Metaspace       used 22201K, capacity 22509K, committed 22676K, reserved 1069056K
  class space    used 2566K, capacity 2731K, committed 2812K, reserved 1048576K
2017-02-05T00:59:36.479+0100: 2,869: [GC (GCLocker Initiated GC) 2017-02-05T00:59:36.479+0100: 2,869: [ParNew
Desired survivor size 20112992 bytes, new threshold 8 (max 8)
- age   1:    1031432 bytes,    1031432 total
- age   2:     324992 bytes,    1356424 total
- age   3:    1652536 bytes,    3008960 total
- age   4:     868192 bytes,    3877152 total
- age   5:    6754696 bytes,   10631848 total
: 102423K->13849K(109248K), 0,0103015 secs] 102423K->13849K(502464K), 0,0103619 secs] [Times: user=0,04 sys=0,00, real=0,00 secs] 
Heap after GC invocations=5 (full 1):
 par new generation   total 109248K, used 13849K [0x00000000e0000000, 0x00000000e8000000, 0x00000000e8000000)
  eden space 87424K,   0% used [0x00000000e0000000, 0x00000000e0000000, 0x00000000e5560000)
  from space 21824K,  63% used [0x00000000e6ab0000, 0x00000000e7836588, 0x00000000e8000000)
  to   space 21824K,   0% used [0x00000000e5560000, 0x00000000e5560000, 0x00000000e6ab0000)
 concurrent mark-sweep generation total 393216K, used 0K [0x00000000e8000000, 0x0000000100000000, 0x0000000100000000)
 Metaspace       used 22201K, capacity 22509K, committed 22676K, reserved 1069056K
  class space    used 2566K, capacity 2731K, committed 2812K, reserved 1048576K
}
2017-02-05T00:59:36.490+0100: 2,880: Total time for which application threads were stopped: 0,0106739 seconds, Stopping threads took: 0,0001872 seconds
2017-02-05T00:59:36.562+0100: 2,952: Total time for which application threads were stopped: 0,0016112 seconds, Stopping threads took: 0,0012906 seconds
{Heap before GC invocations=5 (full 1):
 par new generation   total 109248K, used 101266K [0x00000000e0000000, 0x00000000e8000000, 0x00000000e8000000)
  eden space 87424K,  99% used [0x00000000e0000000, 0x00000000e555e2f8, 0x00000000e5560000)
  from space 21824K,  63% used [0x00000000e6ab0000, 0x00000000e7836588, 0x00000000e8000000)
  to   space 21824K,   0% used [0x00000000e5560000, 0x00000000e5560000, 0x00000000e6ab0000)
 concurrent mark-sweep generation total 393216K, used 0K [0x00000000e8000000, 0x0000000100000000, 0x0000000100000000)
 Metaspace       used 22888K, capacity 23221K, committed 23292K, reserved 1069056K
  class space    used 2655K, capacity 2797K, committed 2812K, reserved 1048576K
2017-02-05T00:59:36.605+0100: 2,996: [GC (Allocation Failure) 2017-02-05T00:59:36.605+0100: 2,996: [ParNew
Desired survivor size 20112992 bytes, new threshold 8 (max 8)
- age   1:    1103336 bytes,    1103336 total
- age   2:     127240 bytes,    1230576 total
- age   3:     322168 bytes,    1552744 total
- age   4:     875720 bytes,    2428464 total
- age   5:     865920 bytes,    3294384 total
- age   6:    6754600 bytes,   10048984 total
: 101266K->12222K(109248K), 0,0133979 secs] 101266K->12222K(502464K), 0,0134670 secs] [Times: user=0,04 sys=0,00, real=0,02 secs] 
Heap after GC invocations=6 (full 1):
 par new generation   total 109248K, used 12222K [0x00000000e0000000, 0x00000000e8000000, 0x00000000e8000000)
  eden space 87424K,   0% used [0x00000000e0000000, 0x00000000e0000000, 0x00000000e5560000)
  from space 21824K,  56% used [0x00000000e5560000, 0x00000000e614f9f8, 0x00000000e6ab0000)
  to   space 21824K,   0% used [0x00000000e6ab0000, 0x00000000e6ab0000, 0x00000000e8000000)
 concurrent mark-sweep generation total 393216K, used 0K [0x00000000e8000000, 0x0000000100000000, 0x0000000100000000)
 Metaspace       used 22888K, capacity 23221K, committed 23292K, reserved 1069056K
  class space    used 2655K, capacity 2797K, committed 2812K, reserved 1048576K
}
2017-02-05T00:59:36.619+0100: 3,009: Total time for which application threads were stopped: 0,0136909 seconds, Stopping threads took: 0,0000819 seconds
2017-02-05T00:59:36.808+0100: 3,198: Total time for which application threads were stopped: 0,0004751 seconds, Stopping threads took: 0,0000710 seconds
2017-02-05T00:59:36.827+0100: 3,217: Total time for which application threads were stopped: 0,0004171 seconds, Stopping threads took: 0,0000604 seconds
2017-02-05T00:59:37.182+0100: 3,573: Total time for which application threads were stopped: 0,0005638 seconds, Stopping threads took: 0,0000324 seconds
{Heap before GC invocations=6 (full 1):
 par new generation   total 109248K, used 99646K [0x00000000e0000000, 0x00000000e8000000, 0x00000000e8000000)
  eden space 87424K, 100% used [0x00000000e0000000, 0x00000000e5560000, 0x00000000e5560000)
  from space 21824K,  56% used [0x00000000e5560000, 0x00000000e614f9f8, 0x00000000e6ab0000)
  to   space 21824K,   0% used [0x00000000e6ab0000, 0x00000000e6ab0000, 0x00000000e8000000)
 concurrent mark-sweep generation total 393216K, used 0K [0x00000000e8000000, 0x0000000100000000, 0x0000000100000000)
 Metaspace       used 27224K, capacity 27699K, committed 27900K, reserved 1073152K
  class space    used 3143K, capacity 3308K, committed 3324K, reserved 1048576K
2017-02-05T00:59:37.243+0100: 3,633: [GC (Allocation Failure) 2017-02-05T00:59:37.243+0100: 3,633: [ParNew
Desired survivor size 20112992 bytes, new threshold 8 (max 8)
- age   1:    7789936 bytes,    7789936 total
- age   2:     304640 bytes,    8094576 total
- age   3:     123552 bytes,    8218128 total
- age   4:     311992 bytes,    8530120 total
- age   5:     331224 bytes,    8861344 total
- age   6:     844832 bytes,    9706176 total
- age   7:    6745096 bytes,   16451272 total
: 99646K->17436K(109248K), 0,0450151 secs] 99646K->17436K(502464K), 0,0450808 secs] [Times: user=0,13 sys=0,00, real=0,04 secs] 
Heap after GC invocations=7 (full 1):
 par new generation   total 109248K, used 17436K [0x00000000e0000000, 0x00000000e8000000, 0x00000000e8000000)
  eden space 87424K,   0% used [0x00000000e0000000, 0x00000000e0000000, 0x00000000e5560000)
  from space 21824K,  79% used [0x00000000e6ab0000, 0x00000000e7bb7080, 0x00000000e8000000)
  to   space 21824K,   0% used [0x00000000e5560000, 0x00000000e5560000, 0x00000000e6ab0000)
 concurrent mark-sweep generation total 393216K, used 0K [0x00000000e8000000, 0x0000000100000000, 0x0000000100000000)
 Metaspace       used 27224K, capacity 27699K, committed 27900K, reserved 1073152K
  class space    used 3143K, capacity 3308K, committed 3324K, reserved 1048576K
}
2017-02-05T00:59:37.288+0100: 3,678: Total time for which application threads were stopped: 0,0452841 seconds, Stopping threads took: 0,0000327 seconds
2017-02-05T00:59:37.318+0100: 3,708: Total time for which application threads were stopped: 0,0004469 seconds, Stopping threads took: 0,0000404 seconds
2017-02-05T00:59:37.334+0100: 3,724: Total time for which application threads were stopped: 0,0003787 seconds, Stopping threads took: 0,0000227 seconds
2017-02-05T00:59:37.369+0100: 3,759: Total time for which application threads were stopped: 0,0004085 seconds, Stopping threads took: 0,0000226 seconds
2017-02-05T00:59:37.667+0100: 4,057: Total time for which application threads were stopped: 0,0004313 seconds, Stopping threads took: 0,0000275 seconds
2017-02-05T01:00:05.669+0100: 32,060: Total time for which application threads were stopped: 0,0000629 seconds, Stopping threads took: 0,0000173 seconds
2017-02-05T01:01:59.380+0100: 147,072: Total time for which application threads were stopped: 0,0000791 seconds, Stopping threads took: 0,0000336 seconds
2017-02-05T01:02:38.384+0100: 186,076: Total time for which application threads were stopped: 0,0001023 seconds, Stopping threads took: 0,0000416 seconds
2017-02-05T01:03:58.394+0100: 266,086: Total time for which application threads were stopped: 0,0004820 seconds, Stopping threads took: 0,0002046 seconds
2017-02-05T01:04:14.396+0100: 282,089: Total time for which application threads were stopped: 0,0001868 seconds, Stopping threads took: 0,0000691 seconds
2017-02-05T01:04:29.398+0100: 297,090: Total time for which application threads were stopped: 0,0000652 seconds, Stopping threads took: 0,0000164 seconds
2017-02-05T01:04:54.401+0100: 322,093: Total time for which application threads were stopped: 0,0000908 seconds, Stopping threads took: 0,0000385 seconds
2017-02-05T01:06:28.411+0100: 416,103: Total time for which application threads were stopped: 0,0001012 seconds, Stopping threads took: 0,0000381 seconds
2017-02-05T01:07:34.417+0100: 482,110: Total time for which application threads were stopped: 0,0001293 seconds, Stopping threads took: 0,0000627 seconds
2017-02-05T01:07:58.420+0100: 506,112: Total time for which application threads were stopped: 0,0000879 seconds, Stopping threads took: 0,0000333 seconds
2017-02-05T01:10:19.437+0100: 647,129: Total time for which application threads were stopped: 0,0001157 seconds, Stopping threads took: 0,0000390 seconds
2017-02-05T01:15:39.475+0100: 967,167: Total time for which application threads were stopped: 0,0001376 seconds, Stopping threads took: 0,0000514 seconds
2017-02-05T01:23:08.525+0100: 1416,218: Total time for which application threads were stopped: 0,0000851 seconds, Stopping threads took: 0,0000330 seconds
2017-02-05T01:27:48.554+0100: 1696,247: Total time for which application threads were stopped: 0,0000834 seconds, Stopping threads took: 0,0000357 seconds
2017-02-05T01:38:09.621+0100: 2317,313: Total time for which application threads were stopped: 0,0000892 seconds, Stopping threads took: 0,0000367 seconds
2017-02-05T01:38:13.621+0100: 2321,314: Total time for which application threads were stopped: 0,0001225 seconds, Stopping threads took: 0,0000475 seconds
2017-02-05T01:56:49.736+0100: 3437,429: Total time for which application threads were stopped: 0,0000942 seconds, Stopping threads took: 0,0000356 seconds
2017-02-05T02:04:08.790+0100: 3876,482: Total time for which application threads were stopped: 0,0001459 seconds, Stopping threads took: 0,0000521 seconds
2017-02-05T02:06:03.800+0100: 3991,493: Total time for which application threads were stopped: 0,0000776 seconds, Stopping threads took: 0,0000297 seconds
2017-02-05T02:13:11.255+0100: 4418,948: Total time for which application threads were stopped: 0,0001468 seconds, Stopping threads took: 0,0000215 seconds
Heap
 par new generation   total 109248K, used 60662K [0x00000000e0000000, 0x00000000e8000000, 0x00000000e8000000)
  eden space 87424K,  49% used [0x00000000e0000000, 0x00000000e2a36a98, 0x00000000e5560000)
  from space 21824K,  79% used [0x00000000e6ab0000, 0x00000000e7bb7080, 0x00000000e8000000)
  to   space 21824K,   0% used [0x00000000e5560000, 0x00000000e5560000, 0x00000000e6ab0000)
 concurrent mark-sweep generation total 393216K, used 0K [0x00000000e8000000, 0x0000000100000000, 0x0000000100000000)
 Metaspace       used 29258K, capacity 29719K, committed 29948K, reserved 1075200K
  class space    used 3373K, capacity 3570K, committed 3580K, reserved 1048576K
