OpenJDK 64-Bit Server VM (25.131-b11) for linux-amd64 JRE (1.8.0_131-8u131-b11-0ubuntu1.16.04.2-b11), built on May  6 2017 02:45:27 by "buildd" with gcc 5.4.0 20160609
Memory: 4k page, physical 7867740k(7358384k free), swap 8076284k(8076284k free)
CommandLine flags: -XX:CMSInitiatingOccupancyFraction=50 -XX:CMSMaxAbortablePrecleanTime=6000 -XX:+CMSParallelRemarkEnabled -XX:+CMSScavengeBeforeRemark -XX:ConcGCThreads=4 -XX:InitialHeapSize=536870912 -XX:MaxHeapSize=536870912 -XX:MaxTenuringThreshold=8 -XX:NewRatio=3 -XX:OldPLABSize=16 -XX:OnOutOfMemoryError=/opt/solr/bin/oom_solr.sh 8983 /var/solr/logs -XX:ParallelGCThreads=4 -XX:+ParallelRefProcEnabled -XX:PretenureSizeThreshold=67108864 -XX:+PrintGC -XX:+PrintGCApplicationStoppedTime -XX:+PrintGCDateStamps -XX:+PrintGCDetails -XX:+PrintGCTimeStamps -XX:+PrintHeapAtGC -XX:+PrintTenuringDistribution -XX:SurvivorRatio=4 -XX:TargetSurvivorRatio=90 -XX:ThreadStackSize=256 -XX:+UseCMSInitiatingOccupancyOnly -XX:+UseCompressedClassPointers -XX:+UseCompressedOops -XX:+UseConcMarkSweepGC -XX:+UseParNewGC 
2017-06-06T00:30:29.704+0200: 0,198: Total time for which application threads were stopped: 0,0000751 seconds, Stopping threads took: 0,0000136 seconds
2017-06-06T00:30:29.829+0200: 0,323: Total time for which application threads were stopped: 0,0001009 seconds, Stopping threads took: 0,0000177 seconds
2017-06-06T00:30:29.842+0200: 0,336: Total time for which application threads were stopped: 0,0000857 seconds, Stopping threads took: 0,0000238 seconds
2017-06-06T00:30:30.241+0200: 0,734: Total time for which application threads were stopped: 0,0001588 seconds, Stopping threads took: 0,0000244 seconds
2017-06-06T00:30:30.902+0200: 1,395: Total time for which application threads were stopped: 0,0001641 seconds, Stopping threads took: 0,0000239 seconds
2017-06-06T00:30:31.036+0200: 1,530: Total time for which application threads were stopped: 0,0001892 seconds, Stopping threads took: 0,0000269 seconds
2017-06-06T00:30:31.143+0200: 1,637: Total time for which application threads were stopped: 0,0001371 seconds, Stopping threads took: 0,0000125 seconds
2017-06-06T00:30:31.593+0200: 2,087: Total time for which application threads were stopped: 0,0002073 seconds, Stopping threads took: 0,0000276 seconds
2017-06-06T00:30:31.794+0200: 2,287: Total time for which application threads were stopped: 0,0001915 seconds, Stopping threads took: 0,0000128 seconds
2017-06-06T00:30:31.814+0200: 2,308: Total time for which application threads were stopped: 0,0001870 seconds, Stopping threads took: 0,0000131 seconds
2017-06-06T00:30:31.846+0200: 2,339: Total time for which application threads were stopped: 0,0002312 seconds, Stopping threads took: 0,0000337 seconds
2017-06-06T00:30:31.847+0200: 2,341: Total time for which application threads were stopped: 0,0002179 seconds, Stopping threads took: 0,0000297 seconds
2017-06-06T00:30:31.862+0200: 2,356: Total time for which application threads were stopped: 0,0001811 seconds, Stopping threads took: 0,0000148 seconds
2017-06-06T00:30:31.948+0200: 2,442: Total time for which application threads were stopped: 0,0002396 seconds, Stopping threads took: 0,0000184 seconds
2017-06-06T00:30:32.149+0200: 2,643: Total time for which application threads were stopped: 0,0023490 seconds, Stopping threads took: 0,0021263 seconds
{Heap before GC invocations=0 (full 0):
 par new generation   total 109248K, used 87424K [0x00000000e0000000, 0x00000000e8000000, 0x00000000e8000000)
  eden space 87424K, 100% used [0x00000000e0000000, 0x00000000e5560000, 0x00000000e5560000)
  from space 21824K,   0% used [0x00000000e5560000, 0x00000000e5560000, 0x00000000e6ab0000)
  to   space 21824K,   0% used [0x00000000e6ab0000, 0x00000000e6ab0000, 0x00000000e8000000)
 concurrent mark-sweep generation total 393216K, used 0K [0x00000000e8000000, 0x0000000100000000, 0x0000000100000000)
 Metaspace       used 18007K, capacity 18336K, committed 18688K, reserved 1064960K
  class space    used 2036K, capacity 2196K, committed 2304K, reserved 1048576K
2017-06-06T00:30:32.274+0200: 2,768: [GC (Allocation Failure) 2017-06-06T00:30:32.274+0200: 2,768: [ParNew
Desired survivor size 20112992 bytes, new threshold 8 (max 8)
- age   1:   12546552 bytes,   12546552 total
: 87424K->12366K(109248K), 0,0316097 secs] 87424K->12366K(502464K), 0,0316829 secs] [Times: user=0,05 sys=0,02, real=0,03 secs] 
Heap after GC invocations=1 (full 0):
 par new generation   total 109248K, used 12366K [0x00000000e0000000, 0x00000000e8000000, 0x00000000e8000000)
  eden space 87424K,   0% used [0x00000000e0000000, 0x00000000e0000000, 0x00000000e5560000)
  from space 21824K,  56% used [0x00000000e6ab0000, 0x00000000e76c3b28, 0x00000000e8000000)
  to   space 21824K,   0% used [0x00000000e5560000, 0x00000000e5560000, 0x00000000e6ab0000)
 concurrent mark-sweep generation total 393216K, used 0K [0x00000000e8000000, 0x0000000100000000, 0x0000000100000000)
 Metaspace       used 18007K, capacity 18336K, committed 18688K, reserved 1064960K
  class space    used 2036K, capacity 2196K, committed 2304K, reserved 1048576K
}
2017-06-06T00:30:32.306+0200: 2,800: Total time for which application threads were stopped: 0,0357975 seconds, Stopping threads took: 0,0039242 seconds
2017-06-06T00:30:32.712+0200: 3,206: Total time for which application threads were stopped: 0,0003857 seconds, Stopping threads took: 0,0000606 seconds
{Heap before GC invocations=1 (full 0):
 par new generation   total 109248K, used 99790K [0x00000000e0000000, 0x00000000e8000000, 0x00000000e8000000)
  eden space 87424K, 100% used [0x00000000e0000000, 0x00000000e5560000, 0x00000000e5560000)
  from space 21824K,  56% used [0x00000000e6ab0000, 0x00000000e76c3b28, 0x00000000e8000000)
  to   space 21824K,   0% used [0x00000000e5560000, 0x00000000e5560000, 0x00000000e6ab0000)
 concurrent mark-sweep generation total 393216K, used 0K [0x00000000e8000000, 0x0000000100000000, 0x0000000100000000)
 Metaspace       used 20020K, capacity 20346K, committed 20736K, reserved 1067008K
  class space    used 2293K, capacity 2463K, committed 2560K, reserved 1048576K
2017-06-06T00:30:32.779+0200: 3,273: [GC (Allocation Failure) 2017-06-06T00:30:32.779+0200: 3,273: [ParNew
Desired survivor size 20112992 bytes, new threshold 8 (max 8)
- age   1:    3718104 bytes,    3718104 total
- age   2:    6651800 bytes,   10369904 total
: 99790K->13687K(109248K), 0,0202642 secs] 99790K->13687K(502464K), 0,0203386 secs] [Times: user=0,05 sys=0,01, real=0,02 secs] 
Heap after GC invocations=2 (full 0):
 par new generation   total 109248K, used 13687K [0x00000000e0000000, 0x00000000e8000000, 0x00000000e8000000)
  eden space 87424K,   0% used [0x00000000e0000000, 0x00000000e0000000, 0x00000000e5560000)
  from space 21824K,  62% used [0x00000000e5560000, 0x00000000e62bdf28, 0x00000000e6ab0000)
  to   space 21824K,   0% used [0x00000000e6ab0000, 0x00000000e6ab0000, 0x00000000e8000000)
 concurrent mark-sweep generation total 393216K, used 0K [0x00000000e8000000, 0x0000000100000000, 0x0000000100000000)
 Metaspace       used 20020K, capacity 20346K, committed 20736K, reserved 1067008K
  class space    used 2293K, capacity 2463K, committed 2560K, reserved 1048576K
}
2017-06-06T00:30:32.800+0200: 3,293: Total time for which application threads were stopped: 0,0206912 seconds, Stopping threads took: 0,0001213 seconds
2017-06-06T00:30:32.801+0200: 3,295: Total time for which application threads were stopped: 0,0003028 seconds, Stopping threads took: 0,0000260 seconds
2017-06-06T00:30:32.868+0200: 3,361: Total time for which application threads were stopped: 0,0005494 seconds, Stopping threads took: 0,0000679 seconds
2017-06-06T00:30:33.038+0200: 3,532: Total time for which application threads were stopped: 0,0044587 seconds, Stopping threads took: 0,0043018 seconds
{Heap before GC invocations=2 (full 0):
 par new generation   total 109248K, used 101111K [0x00000000e0000000, 0x00000000e8000000, 0x00000000e8000000)
  eden space 87424K, 100% used [0x00000000e0000000, 0x00000000e5560000, 0x00000000e5560000)
  from space 21824K,  62% used [0x00000000e5560000, 0x00000000e62bdf28, 0x00000000e6ab0000)
  to   space 21824K,   0% used [0x00000000e6ab0000, 0x00000000e6ab0000, 0x00000000e8000000)
 concurrent mark-sweep generation total 393216K, used 0K [0x00000000e8000000, 0x0000000100000000, 0x0000000100000000)
 Metaspace       used 20948K, capacity 21268K, committed 21628K, reserved 1069056K
  class space    used 2414K, capacity 2582K, committed 2684K, reserved 1048576K
2017-06-06T00:30:33.099+0200: 3,592: [GC (Allocation Failure) 2017-06-06T00:30:33.099+0200: 3,592: [ParNew
Desired survivor size 20112992 bytes, new threshold 8 (max 8)
- age   1:    2186088 bytes,    2186088 total
- age   2:     866784 bytes,    3052872 total
- age   3:    6647536 bytes,    9700408 total
: 101111K->11505K(109248K), 0,0238329 secs] 101111K->11505K(502464K), 0,0239309 secs] [Times: user=0,06 sys=0,00, real=0,02 secs] 
Heap after GC invocations=3 (full 0):
 par new generation   total 109248K, used 11505K [0x00000000e0000000, 0x00000000e8000000, 0x00000000e8000000)
  eden space 87424K,   0% used [0x00000000e0000000, 0x00000000e0000000, 0x00000000e5560000)
  from space 21824K,  52% used [0x00000000e6ab0000, 0x00000000e75ec7c0, 0x00000000e8000000)
  to   space 21824K,   0% used [0x00000000e5560000, 0x00000000e5560000, 0x00000000e6ab0000)
 concurrent mark-sweep generation total 393216K, used 0K [0x00000000e8000000, 0x0000000100000000, 0x0000000100000000)
 Metaspace       used 20948K, capacity 21268K, committed 21628K, reserved 1069056K
  class space    used 2414K, capacity 2582K, committed 2684K, reserved 1048576K
}
2017-06-06T00:30:33.123+0200: 3,616: Total time for which application threads were stopped: 0,0241734 seconds, Stopping threads took: 0,0000911 seconds
2017-06-06T00:30:33.131+0200: 3,624: [GC (CMS Initial Mark) [1 CMS-initial-mark: 0K(393216K)] 14395K(502464K), 0,0038774 secs] [Times: user=0,01 sys=0,00, real=0,00 secs] 
2017-06-06T00:30:33.135+0200: 3,628: Total time for which application threads were stopped: 0,0079898 seconds, Stopping threads took: 0,0040232 seconds
2017-06-06T00:30:33.135+0200: 3,628: [CMS-concurrent-mark-start]
2017-06-06T00:30:33.135+0200: 3,629: [CMS-concurrent-mark: 0,001/0,001 secs] [Times: user=0,00 sys=0,00, real=0,00 secs] 
2017-06-06T00:30:33.136+0200: 3,629: [CMS-concurrent-preclean-start]
2017-06-06T00:30:33.137+0200: 3,630: [CMS-concurrent-preclean: 0,001/0,001 secs] [Times: user=0,00 sys=0,00, real=0,00 secs] 
2017-06-06T00:30:33.137+0200: 3,630: [CMS-concurrent-abortable-preclean-start]
2017-06-06T00:30:33.232+0200: 3,725: Total time for which application threads were stopped: 0,0001834 seconds, Stopping threads took: 0,0000529 seconds
{Heap before GC invocations=3 (full 1):
 par new generation   total 109248K, used 98929K [0x00000000e0000000, 0x00000000e8000000, 0x00000000e8000000)
  eden space 87424K, 100% used [0x00000000e0000000, 0x00000000e5560000, 0x00000000e5560000)
  from space 21824K,  52% used [0x00000000e6ab0000, 0x00000000e75ec7c0, 0x00000000e8000000)
  to   space 21824K,   0% used [0x00000000e5560000, 0x00000000e5560000, 0x00000000e6ab0000)
 concurrent mark-sweep generation total 393216K, used 0K [0x00000000e8000000, 0x0000000100000000, 0x0000000100000000)
 Metaspace       used 21225K, capacity 21538K, committed 21884K, reserved 1069056K
  class space    used 2443K, capacity 2596K, committed 2684K, reserved 1048576K
2017-06-06T00:30:33.319+0200: 3,813: [GC (Allocation Failure) 2017-06-06T00:30:33.320+0200: 3,813: [ParNew
Desired survivor size 20112992 bytes, new threshold 8 (max 8)
- age   1:     755992 bytes,     755992 total
- age   2:    1449904 bytes,    2205896 total
- age   3:     833440 bytes,    3039336 total
- age   4:    6647360 bytes,    9686696 total
: 98929K->12814K(109248K), 0,0278774 secs] 98929K->12814K(502464K), 0,0279490 secs] [Times: user=0,05 sys=0,00, real=0,03 secs] 
Heap after GC invocations=4 (full 1):
 par new generation   total 109248K, used 12814K [0x00000000e0000000, 0x00000000e8000000, 0x00000000e8000000)
  eden space 87424K,   0% used [0x00000000e0000000, 0x00000000e0000000, 0x00000000e5560000)
  from space 21824K,  58% used [0x00000000e5560000, 0x00000000e61e39a0, 0x00000000e6ab0000)
  to   space 21824K,   0% used [0x00000000e6ab0000, 0x00000000e6ab0000, 0x00000000e8000000)
 concurrent mark-sweep generation total 393216K, used 0K [0x00000000e8000000, 0x0000000100000000, 0x0000000100000000)
 Metaspace       used 21225K, capacity 21538K, committed 21884K, reserved 1069056K
  class space    used 2443K, capacity 2596K, committed 2684K, reserved 1048576K
}
2017-06-06T00:30:33.347+0200: 3,841: Total time for which application threads were stopped: 0,0281512 seconds, Stopping threads took: 0,0000278 seconds
2017-06-06T00:30:33.449+0200: 3,942: [CMS-concurrent-abortable-preclean: 0,156/0,312 secs] [Times: user=0,79 sys=0,00, real=0,32 secs] 
2017-06-06T00:30:33.451+0200: 3,944: [GC (CMS Final Remark) [YG occupancy: 95028 K (109248 K)]{Heap before GC invocations=4 (full 1):
 par new generation   total 109248K, used 95028K [0x00000000e0000000, 0x00000000e8000000, 0x00000000e8000000)
  eden space 87424K,  94% used [0x00000000e0000000, 0x00000000e5049880, 0x00000000e5560000)
  from space 21824K,  58% used [0x00000000e5560000, 0x00000000e61e39a0, 0x00000000e6ab0000)
  to   space 21824K,   0% used [0x00000000e6ab0000, 0x00000000e6ab0000, 0x00000000e8000000)
 concurrent mark-sweep generation total 393216K, used 0K [0x00000000e8000000, 0x0000000100000000, 0x0000000100000000)
 Metaspace       used 21550K, capacity 21928K, committed 21960K, reserved 1069056K
  class space    used 2489K, capacity 2661K, committed 2684K, reserved 1048576K
2017-06-06T00:30:33.451+0200: 3,944: [GC (CMS Final Remark) 2017-06-06T00:30:33.451+0200: 3,944: [ParNew
Desired survivor size 20112992 bytes, new threshold 8 (max 8)
- age   1:     610624 bytes,     610624 total
- age   2:     188640 bytes,     799264 total
- age   3:    1060088 bytes,    1859352 total
- age   4:     831392 bytes,    2690744 total
- age   5:    6647272 bytes,    9338016 total
: 95028K->11366K(109248K), 0,0182580 secs] 95028K->11366K(502464K), 0,0183032 secs] [Times: user=0,04 sys=0,00, real=0,02 secs] 
Heap after GC invocations=5 (full 1):
 par new generation   total 109248K, used 11366K [0x00000000e0000000, 0x00000000e8000000, 0x00000000e8000000)
  eden space 87424K,   0% used [0x00000000e0000000, 0x00000000e0000000, 0x00000000e5560000)
  from space 21824K,  52% used [0x00000000e6ab0000, 0x00000000e75c98c0, 0x00000000e8000000)
  to   space 21824K,   0% used [0x00000000e5560000, 0x00000000e5560000, 0x00000000e6ab0000)
 concurrent mark-sweep generation total 393216K, used 0K [0x00000000e8000000, 0x0000000100000000, 0x0000000100000000)
 Metaspace       used 21550K, capacity 21928K, committed 21960K, reserved 1069056K
  class space    used 2489K, capacity 2661K, committed 2684K, reserved 1048576K
}
2017-06-06T00:30:33.469+0200: 3,963: [Rescan (parallel) , 0,0058041 secs]2017-06-06T00:30:33.475+0200: 3,968: [weak refs processing, 0,0021169 secs]2017-06-06T00:30:33.477+0200: 3,970: [class unloading, 0,0038303 secs]2017-06-06T00:30:33.481+0200: 3,974: [scrub symbol table, 0,0037669 secs]2017-06-06T00:30:33.485+0200: 3,978: [scrub string table, 0,0004610 secs][1 CMS-remark: 0K(393216K)] 11366K(502464K), 0,0351759 secs] [Times: user=0,07 sys=0,00, real=0,03 secs] 
2017-06-06T00:30:33.486+0200: 3,979: Total time for which application threads were stopped: 0,0369704 seconds, Stopping threads took: 0,0016718 seconds
2017-06-06T00:30:33.486+0200: 3,980: [CMS-concurrent-sweep-start]
2017-06-06T00:30:33.486+0200: 3,980: [CMS-concurrent-sweep: 0,000/0,000 secs] [Times: user=0,00 sys=0,00, real=0,00 secs] 
2017-06-06T00:30:33.486+0200: 3,980: [CMS-concurrent-reset-start]
2017-06-06T00:30:33.488+0200: 3,982: [CMS-concurrent-reset: 0,002/0,002 secs] [Times: user=0,00 sys=0,00, real=0,01 secs] 
2017-06-06T00:30:33.509+0200: 4,003: Total time for which application threads were stopped: 0,0005603 seconds, Stopping threads took: 0,0002370 seconds
2017-06-06T00:30:33.572+0200: 4,065: Total time for which application threads were stopped: 0,0003719 seconds, Stopping threads took: 0,0000253 seconds
2017-06-06T00:30:33.574+0200: 4,068: Total time for which application threads were stopped: 0,0017032 seconds, Stopping threads took: 0,0016035 seconds
2017-06-06T00:30:33.578+0200: 4,072: Total time for which application threads were stopped: 0,0039073 seconds, Stopping threads took: 0,0038317 seconds
2017-06-06T00:30:33.670+0200: 4,164: Total time for which application threads were stopped: 0,0001927 seconds, Stopping threads took: 0,0000320 seconds
2017-06-06T00:30:33.675+0200: 4,169: Total time for which application threads were stopped: 0,0001453 seconds, Stopping threads took: 0,0000368 seconds
2017-06-06T00:30:33.684+0200: 4,178: Total time for which application threads were stopped: 0,0012576 seconds, Stopping threads took: 0,0011793 seconds
2017-06-06T00:30:33.785+0200: 4,278: Total time for which application threads were stopped: 0,0024005 seconds, Stopping threads took: 0,0022923 seconds
2017-06-06T00:30:33.786+0200: 4,280: Total time for which application threads were stopped: 0,0012336 seconds, Stopping threads took: 0,0011609 seconds
2017-06-06T00:30:33.789+0200: 4,282: Total time for which application threads were stopped: 0,0001228 seconds, Stopping threads took: 0,0000512 seconds
2017-06-06T00:30:33.828+0200: 4,322: Total time for which application threads were stopped: 0,0001464 seconds, Stopping threads took: 0,0000236 seconds
2017-06-06T00:30:33.830+0200: 4,324: Total time for which application threads were stopped: 0,0001962 seconds, Stopping threads took: 0,0000393 seconds
2017-06-06T00:30:33.830+0200: 4,324: Total time for which application threads were stopped: 0,0001006 seconds, Stopping threads took: 0,0000267 seconds
2017-06-06T00:30:33.835+0200: 4,328: Total time for which application threads were stopped: 0,0001068 seconds, Stopping threads took: 0,0000305 seconds
2017-06-06T00:30:33.835+0200: 4,328: Total time for which application threads were stopped: 0,0000633 seconds, Stopping threads took: 0,0000144 seconds
2017-06-06T00:30:33.835+0200: 4,329: Total time for which application threads were stopped: 0,0005145 seconds, Stopping threads took: 0,0004543 seconds
2017-06-06T00:30:33.836+0200: 4,329: Total time for which application threads were stopped: 0,0000658 seconds, Stopping threads took: 0,0000125 seconds
2017-06-06T00:30:33.836+0200: 4,329: Total time for which application threads were stopped: 0,0000511 seconds, Stopping threads took: 0,0000079 seconds
2017-06-06T00:30:33.836+0200: 4,330: Total time for which application threads were stopped: 0,0000532 seconds, Stopping threads took: 0,0000087 seconds
2017-06-06T00:30:33.836+0200: 4,330: Total time for which application threads were stopped: 0,0000478 seconds, Stopping threads took: 0,0000077 seconds
2017-06-06T00:30:33.836+0200: 4,330: Total time for which application threads were stopped: 0,0000509 seconds, Stopping threads took: 0,0000081 seconds
2017-06-06T00:30:33.836+0200: 4,330: Total time for which application threads were stopped: 0,0000772 seconds, Stopping threads took: 0,0000172 seconds
2017-06-06T00:30:33.836+0200: 4,330: Total time for which application threads were stopped: 0,0000495 seconds, Stopping threads took: 0,0000078 seconds
2017-06-06T00:30:33.837+0200: 4,330: Total time for which application threads were stopped: 0,0000515 seconds, Stopping threads took: 0,0000115 seconds
2017-06-06T00:30:33.837+0200: 4,330: Total time for which application threads were stopped: 0,0001456 seconds, Stopping threads took: 0,0000082 seconds
2017-06-06T00:30:33.838+0200: 4,332: Total time for which application threads were stopped: 0,0000902 seconds, Stopping threads took: 0,0000177 seconds
2017-06-06T00:30:33.838+0200: 4,332: Total time for which application threads were stopped: 0,0000814 seconds, Stopping threads took: 0,0000235 seconds
2017-06-06T00:30:33.839+0200: 4,332: Total time for which application threads were stopped: 0,0000612 seconds, Stopping threads took: 0,0000170 seconds
2017-06-06T00:30:33.839+0200: 4,333: Total time for which application threads were stopped: 0,0000700 seconds, Stopping threads took: 0,0000195 seconds
2017-06-06T00:30:33.839+0200: 4,333: Total time for which application threads were stopped: 0,0000628 seconds, Stopping threads took: 0,0000151 seconds
2017-06-06T00:30:33.839+0200: 4,333: Total time for which application threads were stopped: 0,0000593 seconds, Stopping threads took: 0,0000171 seconds
2017-06-06T00:30:33.839+0200: 4,333: Total time for which application threads were stopped: 0,0000494 seconds, Stopping threads took: 0,0000141 seconds
2017-06-06T00:30:33.839+0200: 4,333: Total time for which application threads were stopped: 0,0000547 seconds, Stopping threads took: 0,0000145 seconds
2017-06-06T00:30:33.840+0200: 4,333: Total time for which application threads were stopped: 0,0000547 seconds, Stopping threads took: 0,0000169 seconds
2017-06-06T00:30:33.840+0200: 4,333: Total time for which application threads were stopped: 0,0000525 seconds, Stopping threads took: 0,0000168 seconds
2017-06-06T00:30:33.840+0200: 4,333: Total time for which application threads were stopped: 0,0000504 seconds, Stopping threads took: 0,0000143 seconds
2017-06-06T00:30:33.840+0200: 4,333: Total time for which application threads were stopped: 0,0000508 seconds, Stopping threads took: 0,0000140 seconds
2017-06-06T00:30:33.840+0200: 4,334: Total time for which application threads were stopped: 0,0000503 seconds, Stopping threads took: 0,0000144 seconds
2017-06-06T00:30:33.840+0200: 4,334: Total time for which application threads were stopped: 0,0000510 seconds, Stopping threads took: 0,0000145 seconds
2017-06-06T00:30:33.840+0200: 4,334: Total time for which application threads were stopped: 0,0000653 seconds, Stopping threads took: 0,0000184 seconds
2017-06-06T00:30:33.840+0200: 4,334: Total time for which application threads were stopped: 0,0000566 seconds, Stopping threads took: 0,0000152 seconds
2017-06-06T00:30:33.841+0200: 4,334: Total time for which application threads were stopped: 0,0000552 seconds, Stopping threads took: 0,0000162 seconds
2017-06-06T00:30:33.841+0200: 4,334: Total time for which application threads were stopped: 0,0000541 seconds, Stopping threads took: 0,0000156 seconds
2017-06-06T00:30:33.841+0200: 4,334: Total time for which application threads were stopped: 0,0000506 seconds, Stopping threads took: 0,0000148 seconds
2017-06-06T00:30:33.841+0200: 4,335: Total time for which application threads were stopped: 0,0000644 seconds, Stopping threads took: 0,0000182 seconds
2017-06-06T00:30:33.841+0200: 4,335: Total time for which application threads were stopped: 0,0000525 seconds, Stopping threads took: 0,0000154 seconds
2017-06-06T00:30:33.841+0200: 4,335: Total time for which application threads were stopped: 0,0000546 seconds, Stopping threads took: 0,0000162 seconds
2017-06-06T00:30:33.841+0200: 4,335: Total time for which application threads were stopped: 0,0000505 seconds, Stopping threads took: 0,0000148 seconds
2017-06-06T00:30:33.841+0200: 4,335: Total time for which application threads were stopped: 0,0000506 seconds, Stopping threads took: 0,0000145 seconds
2017-06-06T00:30:33.841+0200: 4,335: Total time for which application threads were stopped: 0,0000510 seconds, Stopping threads took: 0,0000148 seconds
2017-06-06T00:30:33.842+0200: 4,335: Total time for which application threads were stopped: 0,0000532 seconds, Stopping threads took: 0,0000162 seconds
2017-06-06T00:30:33.842+0200: 4,335: Total time for which application threads were stopped: 0,0000636 seconds, Stopping threads took: 0,0000221 seconds
2017-06-06T00:30:33.843+0200: 4,336: Total time for which application threads were stopped: 0,0001220 seconds, Stopping threads took: 0,0000349 seconds
2017-06-06T00:30:33.843+0200: 4,337: Total time for which application threads were stopped: 0,0000613 seconds, Stopping threads took: 0,0000155 seconds
2017-06-06T00:30:33.848+0200: 4,342: Total time for which application threads were stopped: 0,0001083 seconds, Stopping threads took: 0,0000296 seconds
2017-06-06T00:30:33.848+0200: 4,342: Total time for which application threads were stopped: 0,0001660 seconds, Stopping threads took: 0,0000216 seconds
2017-06-06T00:30:33.849+0200: 4,342: Total time for which application threads were stopped: 0,0000746 seconds, Stopping threads took: 0,0000336 seconds
2017-06-06T00:30:33.849+0200: 4,342: Total time for which application threads were stopped: 0,0001577 seconds, Stopping threads took: 0,0000959 seconds
2017-06-06T00:30:33.851+0200: 4,345: Total time for which application threads were stopped: 0,0001184 seconds, Stopping threads took: 0,0000404 seconds
2017-06-06T00:30:33.851+0200: 4,345: Total time for which application threads were stopped: 0,0000527 seconds, Stopping threads took: 0,0000101 seconds
2017-06-06T00:30:33.851+0200: 4,345: Total time for which application threads were stopped: 0,0001163 seconds, Stopping threads took: 0,0000374 seconds
2017-06-06T00:30:33.852+0200: 4,345: Total time for which application threads were stopped: 0,0001710 seconds, Stopping threads took: 0,0000207 seconds
2017-06-06T00:30:33.853+0200: 4,346: Total time for which application threads were stopped: 0,0003731 seconds, Stopping threads took: 0,0002861 seconds
2017-06-06T00:30:33.853+0200: 4,347: Total time for which application threads were stopped: 0,0004055 seconds, Stopping threads took: 0,0000260 seconds
2017-06-06T00:30:33.855+0200: 4,349: Total time for which application threads were stopped: 0,0001009 seconds, Stopping threads took: 0,0000353 seconds
2017-06-06T00:30:33.861+0200: 4,355: Total time for which application threads were stopped: 0,0061011 seconds, Stopping threads took: 0,0059955 seconds
2017-06-06T00:30:33.862+0200: 4,356: Total time for which application threads were stopped: 0,0004973 seconds, Stopping threads took: 0,0004144 seconds
2017-06-06T00:30:33.866+0200: 4,359: Total time for which application threads were stopped: 0,0001678 seconds, Stopping threads took: 0,0000599 seconds
2017-06-06T00:30:33.866+0200: 4,360: Total time for which application threads were stopped: 0,0001571 seconds, Stopping threads took: 0,0000628 seconds
2017-06-06T00:30:33.872+0200: 4,365: Total time for which application threads were stopped: 0,0001341 seconds, Stopping threads took: 0,0000566 seconds
2017-06-06T00:30:33.880+0200: 4,374: Total time for which application threads were stopped: 0,0004060 seconds, Stopping threads took: 0,0000275 seconds
2017-06-06T00:30:33.881+0200: 4,375: Total time for which application threads were stopped: 0,0001219 seconds, Stopping threads took: 0,0000405 seconds
2017-06-06T00:30:33.882+0200: 4,375: Total time for which application threads were stopped: 0,0000859 seconds, Stopping threads took: 0,0000276 seconds
2017-06-06T00:30:33.882+0200: 4,376: Total time for which application threads were stopped: 0,0002423 seconds, Stopping threads took: 0,0001829 seconds
2017-06-06T00:30:33.887+0200: 4,380: Total time for which application threads were stopped: 0,0001243 seconds, Stopping threads took: 0,0000426 seconds
2017-06-06T00:30:33.887+0200: 4,380: Total time for which application threads were stopped: 0,0000711 seconds, Stopping threads took: 0,0000189 seconds
2017-06-06T00:30:33.887+0200: 4,381: Total time for which application threads were stopped: 0,0000778 seconds, Stopping threads took: 0,0000212 seconds
2017-06-06T00:30:33.888+0200: 4,382: Total time for which application threads were stopped: 0,0000979 seconds, Stopping threads took: 0,0000281 seconds
2017-06-06T00:30:33.888+0200: 4,382: Total time for which application threads were stopped: 0,0000736 seconds, Stopping threads took: 0,0000175 seconds
2017-06-06T00:30:33.888+0200: 4,382: Total time for which application threads were stopped: 0,0000639 seconds, Stopping threads took: 0,0000164 seconds
2017-06-06T00:30:33.889+0200: 4,382: Total time for which application threads were stopped: 0,0000923 seconds, Stopping threads took: 0,0000205 seconds
2017-06-06T00:30:33.889+0200: 4,383: Total time for which application threads were stopped: 0,0000686 seconds, Stopping threads took: 0,0000184 seconds
2017-06-06T00:30:33.889+0200: 4,383: Total time for which application threads were stopped: 0,0000619 seconds, Stopping threads took: 0,0000166 seconds
2017-06-06T00:30:33.889+0200: 4,383: Total time for which application threads were stopped: 0,0000577 seconds, Stopping threads took: 0,0000153 seconds
2017-06-06T00:30:33.889+0200: 4,383: Total time for which application threads were stopped: 0,0000664 seconds, Stopping threads took: 0,0000207 seconds
2017-06-06T00:30:33.890+0200: 4,383: Total time for which application threads were stopped: 0,0001609 seconds, Stopping threads took: 0,0000149 seconds
2017-06-06T00:30:33.903+0200: 4,397: Total time for which application threads were stopped: 0,0001079 seconds, Stopping threads took: 0,0000329 seconds
2017-06-06T00:30:33.905+0200: 4,398: Total time for which application threads were stopped: 0,0000785 seconds, Stopping threads took: 0,0000197 seconds
2017-06-06T00:30:33.910+0200: 4,404: Total time for which application threads were stopped: 0,0001014 seconds, Stopping threads took: 0,0000418 seconds
2017-06-06T00:30:33.927+0200: 4,421: Total time for which application threads were stopped: 0,0001203 seconds, Stopping threads took: 0,0000449 seconds
2017-06-06T00:30:33.932+0200: 4,425: Total time for which application threads were stopped: 0,0001585 seconds, Stopping threads took: 0,0000477 seconds
2017-06-06T00:30:33.945+0200: 4,439: Total time for which application threads were stopped: 0,0062556 seconds, Stopping threads took: 0,0061522 seconds
2017-06-06T00:30:33.945+0200: 4,439: Total time for which application threads were stopped: 0,0000894 seconds, Stopping threads took: 0,0000236 seconds
2017-06-06T00:30:33.955+0200: 4,448: Total time for which application threads were stopped: 0,0006238 seconds, Stopping threads took: 0,0005039 seconds
2017-06-06T00:30:33.970+0200: 4,464: Total time for which application threads were stopped: 0,0077644 seconds, Stopping threads took: 0,0076295 seconds
{Heap before GC invocations=5 (full 1):
 par new generation   total 109248K, used 98790K [0x00000000e0000000, 0x00000000e8000000, 0x00000000e8000000)
  eden space 87424K, 100% used [0x00000000e0000000, 0x00000000e5560000, 0x00000000e5560000)
  from space 21824K,  52% used [0x00000000e6ab0000, 0x00000000e75c98c0, 0x00000000e8000000)
  to   space 21824K,   0% used [0x00000000e5560000, 0x00000000e5560000, 0x00000000e6ab0000)
 concurrent mark-sweep generation total 393216K, used 0K [0x00000000e8000000, 0x0000000100000000, 0x0000000100000000)
 Metaspace       used 23711K, capacity 24148K, committed 24316K, reserved 1071104K
  class space    used 2785K, capacity 2973K, committed 3068K, reserved 1048576K
2017-06-06T00:30:34.118+0200: 4,612: [GC (Allocation Failure) 2017-06-06T00:30:34.119+0200: 4,612: [ParNew
Desired survivor size 20112992 bytes, new threshold 8 (max 8)
- age   1:    4850168 bytes,    4850168 total
- age   2:     139128 bytes,    4989296 total
- age   3:     187432 bytes,    5176728 total
- age   4:     279776 bytes,    5456504 total
- age   5:     807168 bytes,    6263672 total
- age   6:    6639048 bytes,   12902720 total
: 98790K->14455K(109248K), 0,0200108 secs] 98790K->14455K(502464K), 0,0200956 secs] [Times: user=0,05 sys=0,00, real=0,02 secs] 
Heap after GC invocations=6 (full 1):
 par new generation   total 109248K, used 14455K [0x00000000e0000000, 0x00000000e8000000, 0x00000000e8000000)
  eden space 87424K,   0% used [0x00000000e0000000, 0x00000000e0000000, 0x00000000e5560000)
  from space 21824K,  66% used [0x00000000e5560000, 0x00000000e637dd50, 0x00000000e6ab0000)
  to   space 21824K,   0% used [0x00000000e6ab0000, 0x00000000e6ab0000, 0x00000000e8000000)
 concurrent mark-sweep generation total 393216K, used 0K [0x00000000e8000000, 0x0000000100000000, 0x0000000100000000)
 Metaspace       used 23711K, capacity 24148K, committed 24316K, reserved 1071104K
  class space    used 2785K, capacity 2973K, committed 3068K, reserved 1048576K
}
2017-06-06T00:30:34.139+0200: 4,632: Total time for which application threads were stopped: 0,0244385 seconds, Stopping threads took: 0,0041320 seconds
2017-06-06T00:30:34.141+0200: 4,635: Total time for which application threads were stopped: 0,0001642 seconds, Stopping threads took: 0,0000466 seconds
2017-06-06T00:30:34.141+0200: 4,635: Total time for which application threads were stopped: 0,0001112 seconds, Stopping threads took: 0,0000386 seconds
2017-06-06T00:30:34.274+0200: 4,767: Total time for which application threads were stopped: 0,0049692 seconds, Stopping threads took: 0,0048193 seconds
{Heap before GC invocations=6 (full 1):
 par new generation   total 109248K, used 101968K [0x00000000e0000000, 0x00000000e8000000, 0x00000000e8000000)
  eden space 87424K, 100% used [0x00000000e0000000, 0x00000000e5560000, 0x00000000e5560000)
  from space 21824K,  66% used [0x00000000e5560000, 0x00000000e63940c0, 0x00000000e6ab0000)
  to   space 21824K,   0% used [0x00000000e6ab0000, 0x00000000e6ab0000, 0x00000000e8000000)
 concurrent mark-sweep generation total 393216K, used 0K [0x00000000e8000000, 0x0000000100000000, 0x0000000100000000)
 Metaspace       used 24275K, capacity 24730K, committed 24828K, reserved 1071104K
  class space    used 2848K, capacity 3038K, committed 3068K, reserved 1048576K
2017-06-06T00:30:34.275+0200: 4,768: [GC (GCLocker Initiated GC) 2017-06-06T00:30:34.275+0200: 4,768: [ParNew
Desired survivor size 20112992 bytes, new threshold 8 (max 8)
- age   1:    1948384 bytes,    1948384 total
- age   2:    1708960 bytes,    3657344 total
- age   3:     106888 bytes,    3764232 total
- age   4:      98672 bytes,    3862904 total
- age   5:     191920 bytes,    4054824 total
- age   6:     756736 bytes,    4811560 total
- age   7:    6106416 bytes,   10917976 total
: 101968K->14394K(109248K), 0,0351651 secs] 101968K->14394K(502464K), 0,0352593 secs] [Times: user=0,05 sys=0,01, real=0,04 secs] 
Heap after GC invocations=7 (full 1):
 par new generation   total 109248K, used 14394K [0x00000000e0000000, 0x00000000e8000000, 0x00000000e8000000)
  eden space 87424K,   0% used [0x00000000e0000000, 0x00000000e0000000, 0x00000000e5560000)
  from space 21824K,  65% used [0x00000000e6ab0000, 0x00000000e78be840, 0x00000000e8000000)
  to   space 21824K,   0% used [0x00000000e5560000, 0x00000000e5560000, 0x00000000e6ab0000)
 concurrent mark-sweep generation total 393216K, used 0K [0x00000000e8000000, 0x0000000100000000, 0x0000000100000000)
 Metaspace       used 24275K, capacity 24730K, committed 24828K, reserved 1071104K
  class space    used 2848K, capacity 3038K, committed 3068K, reserved 1048576K
}
2017-06-06T00:30:34.310+0200: 4,804: Total time for which application threads were stopped: 0,0358912 seconds, Stopping threads took: 0,0004421 seconds
2017-06-06T00:30:34.330+0200: 4,824: Total time for which application threads were stopped: 0,0041845 seconds, Stopping threads took: 0,0040485 seconds
2017-06-06T00:30:34.331+0200: 4,824: Total time for which application threads were stopped: 0,0000822 seconds, Stopping threads took: 0,0000140 seconds
2017-06-06T00:30:34.331+0200: 4,824: Total time for which application threads were stopped: 0,0000713 seconds, Stopping threads took: 0,0000088 seconds
{Heap before GC invocations=7 (full 1):
 par new generation   total 109248K, used 101818K [0x00000000e0000000, 0x00000000e8000000, 0x00000000e8000000)
  eden space 87424K, 100% used [0x00000000e0000000, 0x00000000e5560000, 0x00000000e5560000)
  from space 21824K,  65% used [0x00000000e6ab0000, 0x00000000e78be840, 0x00000000e8000000)
  to   space 21824K,   0% used [0x00000000e5560000, 0x00000000e5560000, 0x00000000e6ab0000)
 concurrent mark-sweep generation total 393216K, used 0K [0x00000000e8000000, 0x0000000100000000, 0x0000000100000000)
 Metaspace       used 24460K, capacity 24884K, committed 25084K, reserved 1071104K
  class space    used 2861K, capacity 3043K, committed 3068K, reserved 1048576K
2017-06-06T00:30:34.447+0200: 4,940: [GC (Allocation Failure) 2017-06-06T00:30:34.447+0200: 4,940: [ParNew
Desired survivor size 20112992 bytes, new threshold 8 (max 8)
- age   1:     438744 bytes,     438744 total
- age   2:     620968 bytes,    1059712 total
- age   3:    1684304 bytes,    2744016 total
- age   4:     106856 bytes,    2850872 total
- age   5:      98504 bytes,    2949376 total
- age   6:     189120 bytes,    3138496 total
- age   7:     755968 bytes,    3894464 total
- age   8:    6106048 bytes,   10000512 total
: 101818K->13754K(109248K), 0,0224654 secs] 101818K->13754K(502464K), 0,0225577 secs] [Times: user=0,07 sys=0,00, real=0,02 secs] 
Heap after GC invocations=8 (full 1):
 par new generation   total 109248K, used 13754K [0x00000000e0000000, 0x00000000e8000000, 0x00000000e8000000)
  eden space 87424K,   0% used [0x00000000e0000000, 0x00000000e0000000, 0x00000000e5560000)
  from space 21824K,  63% used [0x00000000e5560000, 0x00000000e62ce8c0, 0x00000000e6ab0000)
  to   space 21824K,   0% used [0x00000000e6ab0000, 0x00000000e6ab0000, 0x00000000e8000000)
 concurrent mark-sweep generation total 393216K, used 0K [0x00000000e8000000, 0x0000000100000000, 0x0000000100000000)
 Metaspace       used 24460K, capacity 24884K, committed 25084K, reserved 1071104K
  class space    used 2861K, capacity 3043K, committed 3068K, reserved 1048576K
}
2017-06-06T00:30:34.469+0200: 4,963: Total time for which application threads were stopped: 0,0263781 seconds, Stopping threads took: 0,0035914 seconds
2017-06-06T00:30:34.519+0200: 5,012: Total time for which application threads were stopped: 0,0002062 seconds, Stopping threads took: 0,0000751 seconds
2017-06-06T00:30:34.562+0200: 5,056: Total time for which application threads were stopped: 0,0020791 seconds, Stopping threads took: 0,0019232 seconds
2017-06-06T00:30:34.671+0200: 5,165: Total time for which application threads were stopped: 0,0007572 seconds, Stopping threads took: 0,0006429 seconds
2017-06-06T00:30:34.676+0200: 5,169: Total time for which application threads were stopped: 0,0009091 seconds, Stopping threads took: 0,0008218 seconds
2017-06-06T00:30:34.678+0200: 5,171: Total time for which application threads were stopped: 0,0001329 seconds, Stopping threads took: 0,0000502 seconds
2017-06-06T00:30:34.678+0200: 5,172: Total time for which application threads were stopped: 0,0001309 seconds, Stopping threads took: 0,0000563 seconds
2017-06-06T00:30:34.679+0200: 5,173: Total time for which application threads were stopped: 0,0002033 seconds, Stopping threads took: 0,0001361 seconds
2017-06-06T00:30:34.818+0200: 5,311: Total time for which application threads were stopped: 0,0018859 seconds, Stopping threads took: 0,0017588 seconds
2017-06-06T00:30:34.818+0200: 5,311: Total time for which application threads were stopped: 0,0001542 seconds, Stopping threads took: 0,0000910 seconds
2017-06-06T00:30:34.827+0200: 5,320: Total time for which application threads were stopped: 0,0017904 seconds, Stopping threads took: 0,0016986 seconds
2017-06-06T00:30:34.830+0200: 5,324: Total time for which application threads were stopped: 0,0001752 seconds, Stopping threads took: 0,0000380 seconds
2017-06-06T00:30:34.862+0200: 5,356: Total time for which application threads were stopped: 0,0003148 seconds, Stopping threads took: 0,0001513 seconds
2017-06-06T00:30:34.889+0200: 5,383: Total time for which application threads were stopped: 0,0004418 seconds, Stopping threads took: 0,0002887 seconds
2017-06-06T00:30:34.958+0200: 5,452: Total time for which application threads were stopped: 0,0138435 seconds, Stopping threads took: 0,0137193 seconds
2017-06-06T00:30:34.967+0200: 5,460: Total time for which application threads were stopped: 0,0005446 seconds, Stopping threads took: 0,0000608 seconds
2017-06-06T00:30:34.995+0200: 5,488: Total time for which application threads were stopped: 0,0081115 seconds, Stopping threads took: 0,0000172 seconds
2017-06-06T00:30:35.109+0200: 5,603: Total time for which application threads were stopped: 0,0004617 seconds, Stopping threads took: 0,0000398 seconds
2017-06-06T00:30:35.114+0200: 5,608: Total time for which application threads were stopped: 0,0001711 seconds, Stopping threads took: 0,0000381 seconds
2017-06-06T00:30:35.115+0200: 5,608: Total time for which application threads were stopped: 0,0001042 seconds, Stopping threads took: 0,0000283 seconds
2017-06-06T00:30:35.123+0200: 5,616: Total time for which application threads were stopped: 0,0001380 seconds, Stopping threads took: 0,0000466 seconds
2017-06-06T00:30:35.136+0200: 5,630: Total time for which application threads were stopped: 0,0002871 seconds, Stopping threads took: 0,0000597 seconds
2017-06-06T00:30:35.157+0200: 5,651: Total time for which application threads were stopped: 0,0001708 seconds, Stopping threads took: 0,0000659 seconds
2017-06-06T00:30:35.158+0200: 5,651: Total time for which application threads were stopped: 0,0000989 seconds, Stopping threads took: 0,0000294 seconds
2017-06-06T00:30:35.176+0200: 5,669: Total time for which application threads were stopped: 0,0062025 seconds, Stopping threads took: 0,0060265 seconds
2017-06-06T00:30:35.197+0200: 5,690: Total time for which application threads were stopped: 0,0005017 seconds, Stopping threads took: 0,0004000 seconds
2017-06-06T00:30:35.201+0200: 5,694: Total time for which application threads were stopped: 0,0001607 seconds, Stopping threads took: 0,0000385 seconds
2017-06-06T00:30:35.220+0200: 5,713: Total time for which application threads were stopped: 0,0061650 seconds, Stopping threads took: 0,0060465 seconds
2017-06-06T00:30:35.259+0200: 5,752: Total time for which application threads were stopped: 0,0001748 seconds, Stopping threads took: 0,0001075 seconds
2017-06-06T00:30:35.259+0200: 5,753: Total time for which application threads were stopped: 0,0001172 seconds, Stopping threads took: 0,0000493 seconds
2017-06-06T00:30:35.277+0200: 5,770: Total time for which application threads were stopped: 0,0004281 seconds, Stopping threads took: 0,0000487 seconds
{Heap before GC invocations=8 (full 1):
 par new generation   total 109248K, used 101178K [0x00000000e0000000, 0x00000000e8000000, 0x00000000e8000000)
  eden space 87424K, 100% used [0x00000000e0000000, 0x00000000e5560000, 0x00000000e5560000)
  from space 21824K,  63% used [0x00000000e5560000, 0x00000000e62ce8c0, 0x00000000e6ab0000)
  to   space 21824K,   0% used [0x00000000e6ab0000, 0x00000000e6ab0000, 0x00000000e8000000)
 concurrent mark-sweep generation total 393216K, used 0K [0x00000000e8000000, 0x0000000100000000, 0x0000000100000000)
 Metaspace       used 27821K, capacity 28310K, committed 28540K, reserved 1075200K
  class space    used 3188K, capacity 3350K, committed 3452K, reserved 1048576K
2017-06-06T00:30:35.296+0200: 5,790: [GC (Allocation Failure) 2017-06-06T00:30:35.296+0200: 5,790: [ParNew
Desired survivor size 20112992 bytes, new threshold 8 (max 8)
- age   1:   11158432 bytes,   11158432 total
- age   2:     254488 bytes,   11412920 total
- age   3:     224648 bytes,   11637568 total
- age   4:    1675656 bytes,   13313224 total
- age   5:     104320 bytes,   13417544 total
- age   6:      98248 bytes,   13515792 total
- age   7:     188496 bytes,   13704288 total
- age   8:     753904 bytes,   14458192 total
: 101178K->16975K(109248K), 0,0679606 secs] 101178K->23442K(502464K), 0,0680470 secs] [Times: user=0,18 sys=0,00, real=0,07 secs] 
Heap after GC invocations=9 (full 1):
 par new generation   total 109248K, used 16975K [0x00000000e0000000, 0x00000000e8000000, 0x00000000e8000000)
  eden space 87424K,   0% used [0x00000000e0000000, 0x00000000e0000000, 0x00000000e5560000)
  from space 21824K,  77% used [0x00000000e6ab0000, 0x00000000e7b43d40, 0x00000000e8000000)
  to   space 21824K,   0% used [0x00000000e5560000, 0x00000000e5560000, 0x00000000e6ab0000)
 concurrent mark-sweep generation total 393216K, used 6467K [0x00000000e8000000, 0x0000000100000000, 0x0000000100000000)
 Metaspace       used 27821K, capacity 28310K, committed 28540K, reserved 1075200K
  class space    used 3188K, capacity 3350K, committed 3452K, reserved 1048576K
}
2017-06-06T00:30:35.365+0200: 5,858: Total time for which application threads were stopped: 0,0682778 seconds, Stopping threads took: 0,0000337 seconds
2017-06-06T00:30:35.370+0200: 5,863: Total time for which application threads were stopped: 0,0001327 seconds, Stopping threads took: 0,0000607 seconds
2017-06-06T00:30:35.376+0200: 5,870: Total time for which application threads were stopped: 0,0005049 seconds, Stopping threads took: 0,0004480 seconds
2017-06-06T00:30:35.389+0200: 5,883: Total time for which application threads were stopped: 0,0001505 seconds, Stopping threads took: 0,0000564 seconds
2017-06-06T00:30:36.389+0200: 6,883: Total time for which application threads were stopped: 0,0000937 seconds, Stopping threads took: 0,0000189 seconds
2017-06-06T00:31:52.401+0200: 82,894: Total time for which application threads were stopped: 0,0001670 seconds, Stopping threads took: 0,0000685 seconds
2017-06-06T00:32:27.407+0200: 117,900: Total time for which application threads were stopped: 0,0001841 seconds, Stopping threads took: 0,0000736 seconds
2017-06-06T00:32:32.408+0200: 122,901: Total time for which application threads were stopped: 0,0001336 seconds, Stopping threads took: 0,0000319 seconds
2017-06-06T00:33:31.418+0200: 181,911: Total time for which application threads were stopped: 0,0001033 seconds, Stopping threads took: 0,0000401 seconds
2017-06-06T00:35:06.435+0200: 276,928: Total time for which application threads were stopped: 0,0001971 seconds, Stopping threads took: 0,0000661 seconds
2017-06-06T00:35:07.435+0200: 277,929: Total time for which application threads were stopped: 0,0001548 seconds, Stopping threads took: 0,0000367 seconds
2017-06-06T00:54:01.625+0200: 1412,118: Total time for which application threads were stopped: 0,0001622 seconds, Stopping threads took: 0,0000597 seconds
2017-06-06T00:58:31.662+0200: 1682,156: Total time for which application threads were stopped: 0,0000770 seconds, Stopping threads took: 0,0000297 seconds
2017-06-06T00:58:42.667+0200: 1693,160: Total time for which application threads were stopped: 0,0027114 seconds, Stopping threads took: 0,0025966 seconds
2017-06-06T00:58:42.704+0200: 1693,198: Total time for which application threads were stopped: 0,0000898 seconds, Stopping threads took: 0,0000159 seconds
2017-06-06T00:58:42.705+0200: 1693,198: Total time for which application threads were stopped: 0,0000705 seconds, Stopping threads took: 0,0000206 seconds
2017-06-06T00:58:42.712+0200: 1693,205: Total time for which application threads were stopped: 0,0000971 seconds, Stopping threads took: 0,0000300 seconds
2017-06-06T00:58:42.713+0200: 1693,207: Total time for which application threads were stopped: 0,0001045 seconds, Stopping threads took: 0,0000293 seconds
2017-06-06T00:58:42.736+0200: 1693,230: Total time for which application threads were stopped: 0,0172679 seconds, Stopping threads took: 0,0171907 seconds
2017-06-06T00:58:42.736+0200: 1693,230: Total time for which application threads were stopped: 0,0001049 seconds, Stopping threads took: 0,0000216 seconds
2017-06-06T00:58:42.737+0200: 1693,231: Total time for which application threads were stopped: 0,0004419 seconds, Stopping threads took: 0,0003684 seconds
2017-06-06T00:58:42.737+0200: 1693,231: Total time for which application threads were stopped: 0,0000513 seconds, Stopping threads took: 0,0000070 seconds
2017-06-06T00:58:42.737+0200: 1693,231: Total time for which application threads were stopped: 0,0000413 seconds, Stopping threads took: 0,0000050 seconds
2017-06-06T00:58:42.737+0200: 1693,231: Total time for which application threads were stopped: 0,0000401 seconds, Stopping threads took: 0,0000052 seconds
2017-06-06T00:58:42.737+0200: 1693,231: Total time for which application threads were stopped: 0,0000428 seconds, Stopping threads took: 0,0000053 seconds
2017-06-06T00:58:42.738+0200: 1693,231: Total time for which application threads were stopped: 0,0000393 seconds, Stopping threads took: 0,0000049 seconds
2017-06-06T00:58:42.738+0200: 1693,231: Total time for which application threads were stopped: 0,0000487 seconds, Stopping threads took: 0,0000088 seconds
2017-06-06T00:58:42.738+0200: 1693,232: Total time for which application threads were stopped: 0,0000424 seconds, Stopping threads took: 0,0000058 seconds
2017-06-06T00:58:42.738+0200: 1693,232: Total time for which application threads were stopped: 0,0000564 seconds, Stopping threads took: 0,0000084 seconds
2017-06-06T00:58:42.738+0200: 1693,232: Total time for which application threads were stopped: 0,0000403 seconds, Stopping threads took: 0,0000060 seconds
2017-06-06T00:58:42.738+0200: 1693,232: Total time for which application threads were stopped: 0,0000394 seconds, Stopping threads took: 0,0000051 seconds
2017-06-06T00:58:42.739+0200: 1693,232: Total time for which application threads were stopped: 0,0000374 seconds, Stopping threads took: 0,0000045 seconds
2017-06-06T00:58:42.739+0200: 1693,232: Total time for which application threads were stopped: 0,0000370 seconds, Stopping threads took: 0,0000047 seconds
2017-06-06T00:58:42.739+0200: 1693,232: Total time for which application threads were stopped: 0,0000387 seconds, Stopping threads took: 0,0000052 seconds
2017-06-06T00:58:42.739+0200: 1693,232: Total time for which application threads were stopped: 0,0000372 seconds, Stopping threads took: 0,0000052 seconds
2017-06-06T00:58:42.739+0200: 1693,232: Total time for which application threads were stopped: 0,0000362 seconds, Stopping threads took: 0,0000072 seconds
2017-06-06T00:58:42.739+0200: 1693,232: Total time for which application threads were stopped: 0,0000370 seconds, Stopping threads took: 0,0000047 seconds
2017-06-06T00:58:42.739+0200: 1693,233: Total time for which application threads were stopped: 0,0000367 seconds, Stopping threads took: 0,0000064 seconds
2017-06-06T00:58:42.739+0200: 1693,233: Total time for which application threads were stopped: 0,0000357 seconds, Stopping threads took: 0,0000050 seconds
2017-06-06T00:58:42.739+0200: 1693,233: Total time for which application threads were stopped: 0,0000347 seconds, Stopping threads took: 0,0000047 seconds
2017-06-06T00:58:42.739+0200: 1693,233: Total time for which application threads were stopped: 0,0000340 seconds, Stopping threads took: 0,0000048 seconds
2017-06-06T00:58:42.744+0200: 1693,237: Total time for which application threads were stopped: 0,0000969 seconds, Stopping threads took: 0,0000203 seconds
2017-06-06T00:58:42.744+0200: 1693,238: Total time for which application threads were stopped: 0,0000458 seconds, Stopping threads took: 0,0000059 seconds
2017-06-06T00:58:42.744+0200: 1693,238: Total time for which application threads were stopped: 0,0000377 seconds, Stopping threads took: 0,0000048 seconds
2017-06-06T00:58:42.744+0200: 1693,238: Total time for which application threads were stopped: 0,0000384 seconds, Stopping threads took: 0,0000057 seconds
2017-06-06T00:58:42.744+0200: 1693,238: Total time for which application threads were stopped: 0,0000374 seconds, Stopping threads took: 0,0000065 seconds
2017-06-06T00:58:42.744+0200: 1693,238: Total time for which application threads were stopped: 0,0000361 seconds, Stopping threads took: 0,0000050 seconds
2017-06-06T00:58:42.782+0200: 1693,276: Total time for which application threads were stopped: 0,0000819 seconds, Stopping threads took: 0,0000155 seconds
2017-06-06T00:58:42.782+0200: 1693,276: Total time for which application threads were stopped: 0,0000723 seconds, Stopping threads took: 0,0000160 seconds
2017-06-06T00:58:42.782+0200: 1693,276: Total time for which application threads were stopped: 0,0000504 seconds, Stopping threads took: 0,0000143 seconds
2017-06-06T00:58:42.782+0200: 1693,276: Total time for which application threads were stopped: 0,0000491 seconds, Stopping threads took: 0,0000139 seconds
2017-06-06T00:58:42.783+0200: 1693,276: Total time for which application threads were stopped: 0,0000709 seconds, Stopping threads took: 0,0000123 seconds
2017-06-06T00:58:42.783+0200: 1693,276: Total time for which application threads were stopped: 0,0000447 seconds, Stopping threads took: 0,0000123 seconds
2017-06-06T00:58:42.783+0200: 1693,277: Total time for which application threads were stopped: 0,0000951 seconds, Stopping threads took: 0,0000418 seconds
2017-06-06T00:58:42.784+0200: 1693,278: Total time for which application threads were stopped: 0,0000747 seconds, Stopping threads took: 0,0000168 seconds
2017-06-06T00:58:42.784+0200: 1693,278: Total time for which application threads were stopped: 0,0000575 seconds, Stopping threads took: 0,0000189 seconds
2017-06-06T00:58:42.785+0200: 1693,279: Total time for which application threads were stopped: 0,0000508 seconds, Stopping threads took: 0,0000089 seconds
2017-06-06T00:58:42.785+0200: 1693,279: Total time for which application threads were stopped: 0,0000528 seconds, Stopping threads took: 0,0000228 seconds
2017-06-06T00:58:42.786+0200: 1693,279: Total time for which application threads were stopped: 0,0000375 seconds, Stopping threads took: 0,0000146 seconds
2017-06-06T00:58:42.786+0200: 1693,279: Total time for which application threads were stopped: 0,0000384 seconds, Stopping threads took: 0,0000166 seconds
2017-06-06T00:58:42.786+0200: 1693,279: Total time for which application threads were stopped: 0,0000354 seconds, Stopping threads took: 0,0000133 seconds
2017-06-06T00:58:42.786+0200: 1693,279: Total time for which application threads were stopped: 0,0000331 seconds, Stopping threads took: 0,0000120 seconds
2017-06-06T00:58:42.794+0200: 1693,288: Total time for which application threads were stopped: 0,0069426 seconds, Stopping threads took: 0,0068383 seconds
2017-06-06T00:58:42.799+0200: 1693,293: Total time for which application threads were stopped: 0,0023236 seconds, Stopping threads took: 0,0019413 seconds
2017-06-06T00:58:42.799+0200: 1693,293: Total time for which application threads were stopped: 0,0000682 seconds, Stopping threads took: 0,0000116 seconds
2017-06-06T00:58:42.804+0200: 1693,298: Total time for which application threads were stopped: 0,0031778 seconds, Stopping threads took: 0,0031014 seconds
2017-06-06T00:58:42.805+0200: 1693,298: Total time for which application threads were stopped: 0,0000782 seconds, Stopping threads took: 0,0000387 seconds
2017-06-06T00:58:42.805+0200: 1693,298: Total time for which application threads were stopped: 0,0000390 seconds, Stopping threads took: 0,0000075 seconds
2017-06-06T00:58:42.805+0200: 1693,298: Total time for which application threads were stopped: 0,0000363 seconds, Stopping threads took: 0,0000069 seconds
2017-06-06T00:58:42.805+0200: 1693,299: Total time for which application threads were stopped: 0,0000498 seconds, Stopping threads took: 0,0000122 seconds
2017-06-06T00:58:42.805+0200: 1693,299: Total time for which application threads were stopped: 0,0000350 seconds, Stopping threads took: 0,0000046 seconds
2017-06-06T00:58:42.805+0200: 1693,299: Total time for which application threads were stopped: 0,0000354 seconds, Stopping threads took: 0,0000054 seconds
2017-06-06T00:58:42.805+0200: 1693,299: Total time for which application threads were stopped: 0,0000337 seconds, Stopping threads took: 0,0000044 seconds
2017-06-06T00:58:42.805+0200: 1693,299: Total time for which application threads were stopped: 0,0000372 seconds, Stopping threads took: 0,0000049 seconds
2017-06-06T00:58:42.805+0200: 1693,299: Total time for which application threads were stopped: 0,0000350 seconds, Stopping threads took: 0,0000046 seconds
2017-06-06T00:58:42.806+0200: 1693,299: Total time for which application threads were stopped: 0,0000810 seconds, Stopping threads took: 0,0000236 seconds
2017-06-06T00:58:42.806+0200: 1693,300: Total time for which application threads were stopped: 0,0000611 seconds, Stopping threads took: 0,0000188 seconds
2017-06-06T00:58:42.806+0200: 1693,300: Total time for which application threads were stopped: 0,0000399 seconds, Stopping threads took: 0,0000054 seconds
2017-06-06T00:58:42.806+0200: 1693,300: Total time for which application threads were stopped: 0,0002122 seconds, Stopping threads took: 0,0001697 seconds
2017-06-06T00:58:42.807+0200: 1693,300: Total time for which application threads were stopped: 0,0000738 seconds, Stopping threads took: 0,0000230 seconds
2017-06-06T00:58:42.807+0200: 1693,300: Total time for which application threads were stopped: 0,0000612 seconds, Stopping threads took: 0,0000186 seconds
2017-06-06T00:58:42.808+0200: 1693,301: Total time for which application threads were stopped: 0,0000802 seconds, Stopping threads took: 0,0000208 seconds
2017-06-06T00:58:42.808+0200: 1693,302: Total time for which application threads were stopped: 0,0002550 seconds, Stopping threads took: 0,0001998 seconds
2017-06-06T00:58:42.808+0200: 1693,302: Total time for which application threads were stopped: 0,0001681 seconds, Stopping threads took: 0,0000089 seconds
2017-06-06T00:58:42.812+0200: 1693,306: Total time for which application threads were stopped: 0,0011932 seconds, Stopping threads took: 0,0000336 seconds
2017-06-06T00:58:42.817+0200: 1693,311: Total time for which application threads were stopped: 0,0000962 seconds, Stopping threads took: 0,0000293 seconds
2017-06-06T00:58:42.817+0200: 1693,311: Total time for which application threads were stopped: 0,0000951 seconds, Stopping threads took: 0,0000131 seconds
Heap
 par new generation   total 109248K, used 44336K [0x00000000e0000000, 0x00000000e8000000, 0x00000000e8000000)
  eden space 87424K,  31% used [0x00000000e0000000, 0x00000000e1ab8538, 0x00000000e5560000)
  from space 21824K,  77% used [0x00000000e6ab0000, 0x00000000e7b43d40, 0x00000000e8000000)
  to   space 21824K,   0% used [0x00000000e5560000, 0x00000000e5560000, 0x00000000e6ab0000)
 concurrent mark-sweep generation total 393216K, used 6467K [0x00000000e8000000, 0x0000000100000000, 0x0000000100000000)
 Metaspace       used 28096K, capacity 28574K, committed 28796K, reserved 1075200K
  class space    used 3222K, capacity 3416K, committed 3452K, reserved 1048576K
