OpenJDK 64-Bit Server VM (25.121-b13) for linux-amd64 JRE (1.8.0_121-8u121-b13-0ubuntu1.16.04.2-b13), built on Jan 23 2017 15:51:29 by "buildd" with gcc 5.4.0 20160609
Memory: 4k page, physical 7867760k(7439652k free), swap 8076284k(8076284k free)
CommandLine flags: -XX:CMSInitiatingOccupancyFraction=50 -XX:CMSMaxAbortablePrecleanTime=6000 -XX:+CMSParallelRemarkEnabled -XX:+CMSScavengeBeforeRemark -XX:ConcGCThreads=4 -XX:InitialHeapSize=536870912 -XX:MaxHeapSize=536870912 -XX:MaxTenuringThreshold=8 -XX:NewRatio=3 -XX:OldPLABSize=16 -XX:OnOutOfMemoryError=/opt/solr/bin/oom_solr.sh 8983 /var/solr/logs -XX:ParallelGCThreads=4 -XX:+ParallelRefProcEnabled -XX:PretenureSizeThreshold=67108864 -XX:+PrintGC -XX:+PrintGCApplicationStoppedTime -XX:+PrintGCDateStamps -XX:+PrintGCDetails -XX:+PrintGCTimeStamps -XX:+PrintHeapAtGC -XX:+PrintTenuringDistribution -XX:SurvivorRatio=4 -XX:TargetSurvivorRatio=90 -XX:ThreadStackSize=256 -XX:+UseCMSInitiatingOccupancyOnly -XX:+UseCompressedClassPointers -XX:+UseCompressedOops -XX:+UseConcMarkSweepGC -XX:+UseParNewGC 
2017-03-14T00:10:33.821+0100: 0,147: Total time for which application threads were stopped: 0,0000715 seconds, Stopping threads took: 0,0000131 seconds
2017-03-14T00:10:33.917+0100: 0,244: Total time for which application threads were stopped: 0,0001476 seconds, Stopping threads took: 0,0000225 seconds
2017-03-14T00:10:33.940+0100: 0,266: Total time for which application threads were stopped: 0,0000745 seconds, Stopping threads took: 0,0000089 seconds
2017-03-14T00:10:34.225+0100: 0,551: Total time for which application threads were stopped: 0,0001269 seconds, Stopping threads took: 0,0000118 seconds
2017-03-14T00:10:34.624+0100: 0,951: Total time for which application threads were stopped: 0,0001655 seconds, Stopping threads took: 0,0000180 seconds
2017-03-14T00:10:34.696+0100: 1,023: Total time for which application threads were stopped: 0,0001935 seconds, Stopping threads took: 0,0000151 seconds
2017-03-14T00:10:34.787+0100: 1,114: Total time for which application threads were stopped: 0,0002135 seconds, Stopping threads took: 0,0000401 seconds
2017-03-14T00:10:35.103+0100: 1,429: Total time for which application threads were stopped: 0,0005099 seconds, Stopping threads took: 0,0000926 seconds
2017-03-14T00:10:35.367+0100: 1,693: Total time for which application threads were stopped: 0,0003363 seconds, Stopping threads took: 0,0000128 seconds
2017-03-14T00:10:35.392+0100: 1,719: Total time for which application threads were stopped: 0,0001991 seconds, Stopping threads took: 0,0000315 seconds
2017-03-14T00:10:35.433+0100: 1,760: Total time for which application threads were stopped: 0,0007185 seconds, Stopping threads took: 0,0001375 seconds
2017-03-14T00:10:35.435+0100: 1,762: Total time for which application threads were stopped: 0,0003737 seconds, Stopping threads took: 0,0000356 seconds
2017-03-14T00:10:35.456+0100: 1,783: Total time for which application threads were stopped: 0,0001719 seconds, Stopping threads took: 0,0000185 seconds
2017-03-14T00:10:35.579+0100: 1,905: Total time for which application threads were stopped: 0,0002539 seconds, Stopping threads took: 0,0000267 seconds
2017-03-14T00:10:35.742+0100: 2,068: Total time for which application threads were stopped: 0,0002865 seconds, Stopping threads took: 0,0000655 seconds
{Heap before GC invocations=0 (full 0):
 par new generation   total 109248K, used 87424K [0x00000000e0000000, 0x00000000e8000000, 0x00000000e8000000)
  eden space 87424K, 100% used [0x00000000e0000000, 0x00000000e5560000, 0x00000000e5560000)
  from space 21824K,   0% used [0x00000000e5560000, 0x00000000e5560000, 0x00000000e6ab0000)
  to   space 21824K,   0% used [0x00000000e6ab0000, 0x00000000e6ab0000, 0x00000000e8000000)
 concurrent mark-sweep generation total 393216K, used 0K [0x00000000e8000000, 0x0000000100000000, 0x0000000100000000)
 Metaspace       used 18052K, capacity 18336K, committed 18688K, reserved 1064960K
  class space    used 2043K, capacity 2196K, committed 2304K, reserved 1048576K
2017-03-14T00:10:35.843+0100: 2,170: [GC (Allocation Failure) 2017-03-14T00:10:35.843+0100: 2,170: [ParNew
Desired survivor size 20112992 bytes, new threshold 8 (max 8)
- age   1:   12626168 bytes,   12626168 total
: 87424K->12437K(109248K), 0,0184045 secs] 87424K->12437K(502464K), 0,0184875 secs] [Times: user=0,04 sys=0,02, real=0,02 secs] 
Heap after GC invocations=1 (full 0):
 par new generation   total 109248K, used 12437K [0x00000000e0000000, 0x00000000e8000000, 0x00000000e8000000)
  eden space 87424K,   0% used [0x00000000e0000000, 0x00000000e0000000, 0x00000000e5560000)
  from space 21824K,  56% used [0x00000000e6ab0000, 0x00000000e76d5420, 0x00000000e8000000)
  to   space 21824K,   0% used [0x00000000e5560000, 0x00000000e5560000, 0x00000000e6ab0000)
 concurrent mark-sweep generation total 393216K, used 0K [0x00000000e8000000, 0x0000000100000000, 0x0000000100000000)
 Metaspace       used 18052K, capacity 18336K, committed 18688K, reserved 1064960K
  class space    used 2043K, capacity 2196K, committed 2304K, reserved 1048576K
}
2017-03-14T00:10:35.862+0100: 2,188: Total time for which application threads were stopped: 0,0187471 seconds, Stopping threads took: 0,0000601 seconds
2017-03-14T00:10:36.172+0100: 2,499: Total time for which application threads were stopped: 0,0003241 seconds, Stopping threads took: 0,0000621 seconds
{Heap before GC invocations=1 (full 0):
 par new generation   total 109248K, used 99861K [0x00000000e0000000, 0x00000000e8000000, 0x00000000e8000000)
  eden space 87424K, 100% used [0x00000000e0000000, 0x00000000e5560000, 0x00000000e5560000)
  from space 21824K,  56% used [0x00000000e6ab0000, 0x00000000e76d5420, 0x00000000e8000000)
  to   space 21824K,   0% used [0x00000000e5560000, 0x00000000e5560000, 0x00000000e6ab0000)
 concurrent mark-sweep generation total 393216K, used 0K [0x00000000e8000000, 0x0000000100000000, 0x0000000100000000)
 Metaspace       used 20042K, capacity 20364K, committed 20736K, reserved 1067008K
  class space    used 2293K, capacity 2468K, committed 2560K, reserved 1048576K
2017-03-14T00:10:36.218+0100: 2,545: [GC (Allocation Failure) 2017-03-14T00:10:36.218+0100: 2,545: [ParNew
Desired survivor size 20112992 bytes, new threshold 8 (max 8)
- age   1:    3375680 bytes,    3375680 total
- age   2:    6670200 bytes,   10045880 total
: 99861K->13753K(109248K), 0,0131270 secs] 99861K->13753K(502464K), 0,0131902 secs] [Times: user=0,04 sys=0,00, real=0,01 secs] 
Heap after GC invocations=2 (full 0):
 par new generation   total 109248K, used 13753K [0x00000000e0000000, 0x00000000e8000000, 0x00000000e8000000)
  eden space 87424K,   0% used [0x00000000e0000000, 0x00000000e0000000, 0x00000000e5560000)
  from space 21824K,  63% used [0x00000000e5560000, 0x00000000e62ce650, 0x00000000e6ab0000)
  to   space 21824K,   0% used [0x00000000e6ab0000, 0x00000000e6ab0000, 0x00000000e8000000)
 concurrent mark-sweep generation total 393216K, used 0K [0x00000000e8000000, 0x0000000100000000, 0x0000000100000000)
 Metaspace       used 20042K, capacity 20364K, committed 20736K, reserved 1067008K
  class space    used 2293K, capacity 2468K, committed 2560K, reserved 1048576K
}
2017-03-14T00:10:36.231+0100: 2,558: Total time for which application threads were stopped: 0,0145931 seconds, Stopping threads took: 0,0012482 seconds
2017-03-14T00:10:36.237+0100: 2,564: Total time for which application threads were stopped: 0,0003262 seconds, Stopping threads took: 0,0000600 seconds
2017-03-14T00:10:36.286+0100: 2,613: Total time for which application threads were stopped: 0,0003774 seconds, Stopping threads took: 0,0000501 seconds
2017-03-14T00:10:36.418+0100: 2,745: Total time for which application threads were stopped: 0,0002033 seconds, Stopping threads took: 0,0000711 seconds
{Heap before GC invocations=2 (full 0):
 par new generation   total 109248K, used 101177K [0x00000000e0000000, 0x00000000e8000000, 0x00000000e8000000)
  eden space 87424K, 100% used [0x00000000e0000000, 0x00000000e5560000, 0x00000000e5560000)
  from space 21824K,  63% used [0x00000000e5560000, 0x00000000e62ce650, 0x00000000e6ab0000)
  to   space 21824K,   0% used [0x00000000e6ab0000, 0x00000000e6ab0000, 0x00000000e8000000)
 concurrent mark-sweep generation total 393216K, used 0K [0x00000000e8000000, 0x0000000100000000, 0x0000000100000000)
 Metaspace       used 20973K, capacity 21286K, committed 21628K, reserved 1069056K
  class space    used 2418K, capacity 2587K, committed 2684K, reserved 1048576K
2017-03-14T00:10:36.458+0100: 2,784: [GC (Allocation Failure) 2017-03-14T00:10:36.458+0100: 2,784: [ParNew
Desired survivor size 20112992 bytes, new threshold 8 (max 8)
- age   1:    2098568 bytes,    2098568 total
- age   2:     855056 bytes,    2953624 total
- age   3:    6667896 bytes,    9621520 total
: 101177K->12698K(109248K), 0,0091108 secs] 101177K->12698K(502464K), 0,0091842 secs] [Times: user=0,02 sys=0,01, real=0,01 secs] 
Heap after GC invocations=3 (full 0):
 par new generation   total 109248K, used 12698K [0x00000000e0000000, 0x00000000e8000000, 0x00000000e8000000)
  eden space 87424K,   0% used [0x00000000e0000000, 0x00000000e0000000, 0x00000000e5560000)
  from space 21824K,  58% used [0x00000000e6ab0000, 0x00000000e7716930, 0x00000000e8000000)
  to   space 21824K,   0% used [0x00000000e5560000, 0x00000000e5560000, 0x00000000e6ab0000)
 concurrent mark-sweep generation total 393216K, used 0K [0x00000000e8000000, 0x0000000100000000, 0x0000000100000000)
 Metaspace       used 20973K, capacity 21286K, committed 21628K, reserved 1069056K
  class space    used 2418K, capacity 2587K, committed 2684K, reserved 1048576K
}
2017-03-14T00:10:36.467+0100: 2,794: Total time for which application threads were stopped: 0,0135085 seconds, Stopping threads took: 0,0041852 seconds
2017-03-14T00:10:36.467+0100: 2,794: [GC (CMS Initial Mark) [1 CMS-initial-mark: 0K(393216K)] 14105K(502464K), 0,0030266 secs] [Times: user=0,01 sys=0,00, real=0,00 secs] 
2017-03-14T00:10:36.470+0100: 2,797: Total time for which application threads were stopped: 0,0031564 seconds, Stopping threads took: 0,0000309 seconds
2017-03-14T00:10:36.470+0100: 2,797: [CMS-concurrent-mark-start]
2017-03-14T00:10:36.471+0100: 2,798: [CMS-concurrent-mark: 0,001/0,001 secs] [Times: user=0,01 sys=0,00, real=0,00 secs] 
2017-03-14T00:10:36.471+0100: 2,798: [CMS-concurrent-preclean-start]
2017-03-14T00:10:36.472+0100: 2,799: [CMS-concurrent-preclean: 0,001/0,001 secs] [Times: user=0,00 sys=0,00, real=0,00 secs] 
2017-03-14T00:10:36.472+0100: 2,799: [CMS-concurrent-abortable-preclean-start]
2017-03-14T00:10:36.534+0100: 2,861: Total time for which application threads were stopped: 0,0001642 seconds, Stopping threads took: 0,0000434 seconds
{Heap before GC invocations=3 (full 1):
 par new generation   total 109248K, used 100122K [0x00000000e0000000, 0x00000000e8000000, 0x00000000e8000000)
  eden space 87424K, 100% used [0x00000000e0000000, 0x00000000e5560000, 0x00000000e5560000)
  from space 21824K,  58% used [0x00000000e6ab0000, 0x00000000e7716930, 0x00000000e8000000)
  to   space 21824K,   0% used [0x00000000e5560000, 0x00000000e5560000, 0x00000000e6ab0000)
 concurrent mark-sweep generation total 393216K, used 0K [0x00000000e8000000, 0x0000000100000000, 0x0000000100000000)
 Metaspace       used 21234K, capacity 21568K, committed 21884K, reserved 1069056K
  class space    used 2448K, capacity 2603K, committed 2684K, reserved 1048576K
2017-03-14T00:10:36.586+0100: 2,913: [GC (Allocation Failure) 2017-03-14T00:10:36.586+0100: 2,913: [ParNew
Desired survivor size 20112992 bytes, new threshold 8 (max 8)
- age   1:    1307016 bytes,    1307016 total
- age   2:    1444952 bytes,    2751968 total
- age   3:     843184 bytes,    3595152 total
- age   4:    6667936 bytes,   10263088 total
: 100122K->12336K(109248K), 0,0101947 secs] 100122K->12336K(502464K), 0,0102592 secs] [Times: user=0,03 sys=0,00, real=0,01 secs] 
Heap after GC invocations=4 (full 1):
 par new generation   total 109248K, used 12336K [0x00000000e0000000, 0x00000000e8000000, 0x00000000e8000000)
  eden space 87424K,   0% used [0x00000000e0000000, 0x00000000e0000000, 0x00000000e5560000)
  from space 21824K,  56% used [0x00000000e5560000, 0x00000000e616c010, 0x00000000e6ab0000)
  to   space 21824K,   0% used [0x00000000e6ab0000, 0x00000000e6ab0000, 0x00000000e8000000)
 concurrent mark-sweep generation total 393216K, used 0K [0x00000000e8000000, 0x0000000100000000, 0x0000000100000000)
 Metaspace       used 21234K, capacity 21568K, committed 21884K, reserved 1069056K
  class space    used 2448K, capacity 2603K, committed 2684K, reserved 1048576K
}
2017-03-14T00:10:36.596+0100: 2,923: Total time for which application threads were stopped: 0,0130365 seconds, Stopping threads took: 0,0026380 seconds
2017-03-14T00:10:36.596+0100: 2,923: [CMS-concurrent-abortable-preclean: 0,063/0,124 secs] [Times: user=0,47 sys=0,01, real=0,13 secs] 
2017-03-14T00:10:36.597+0100: 2,923: [GC (CMS Final Remark) [YG occupancy: 13671 K (109248 K)]{Heap before GC invocations=4 (full 1):
 par new generation   total 109248K, used 13671K [0x00000000e0000000, 0x00000000e8000000, 0x00000000e8000000)
  eden space 87424K,   1% used [0x00000000e0000000, 0x00000000e014df70, 0x00000000e5560000)
  from space 21824K,  56% used [0x00000000e5560000, 0x00000000e616c010, 0x00000000e6ab0000)
  to   space 21824K,   0% used [0x00000000e6ab0000, 0x00000000e6ab0000, 0x00000000e8000000)
 concurrent mark-sweep generation total 393216K, used 0K [0x00000000e8000000, 0x0000000100000000, 0x0000000100000000)
 Metaspace       used 21234K, capacity 21568K, committed 21884K, reserved 1069056K
  class space    used 2448K, capacity 2603K, committed 2684K, reserved 1048576K
2017-03-14T00:10:36.597+0100: 2,923: [GC (CMS Final Remark) 2017-03-14T00:10:36.597+0100: 2,923: [ParNew
Desired survivor size 20112992 bytes, new threshold 8 (max 8)
- age   1:       8312 bytes,       8312 total
- age   2:    1234248 bytes,    1242560 total
- age   3:    1444976 bytes,    2687536 total
- age   4:     843328 bytes,    3530864 total
- age   5:    6668400 bytes,   10199264 total
: 13671K->15313K(109248K), 0,0097080 secs] 13671K->15313K(502464K), 0,0097504 secs] [Times: user=0,03 sys=0,00, real=0,01 secs] 
Heap after GC invocations=5 (full 1):
 par new generation   total 109248K, used 15313K [0x00000000e0000000, 0x00000000e8000000, 0x00000000e8000000)
  eden space 87424K,   0% used [0x00000000e0000000, 0x00000000e0000000, 0x00000000e5560000)
  from space 21824K,  70% used [0x00000000e6ab0000, 0x00000000e79a4510, 0x00000000e8000000)
  to   space 21824K,   0% used [0x00000000e5560000, 0x00000000e5560000, 0x00000000e6ab0000)
 concurrent mark-sweep generation total 393216K, used 0K [0x00000000e8000000, 0x0000000100000000, 0x0000000100000000)
 Metaspace       used 21234K, capacity 21568K, committed 21884K, reserved 1069056K
  class space    used 2448K, capacity 2603K, committed 2684K, reserved 1048576K
}
2017-03-14T00:10:36.606+0100: 2,933: [Rescan (parallel) , 0,0036171 secs]2017-03-14T00:10:36.610+0100: 2,937: [weak refs processing, 0,0005867 secs]2017-03-14T00:10:36.611+0100: 2,937: [class unloading, 0,0029106 secs]2017-03-14T00:10:36.613+0100: 2,940: [scrub symbol table, 0,0026179 secs]2017-03-14T00:10:36.616+0100: 2,943: [scrub string table, 0,0003794 secs][1 CMS-remark: 0K(393216K)] 15313K(502464K), 0,0205008 secs] [Times: user=0,05 sys=0,00, real=0,02 secs] 
2017-03-14T00:10:36.617+0100: 2,944: Total time for which application threads were stopped: 0,0206283 seconds, Stopping threads took: 0,0000470 seconds
2017-03-14T00:10:36.617+0100: 2,944: [CMS-concurrent-sweep-start]
2017-03-14T00:10:36.617+0100: 2,944: [CMS-concurrent-sweep: 0,000/0,000 secs] [Times: user=0,00 sys=0,00, real=0,00 secs] 
2017-03-14T00:10:36.617+0100: 2,944: [CMS-concurrent-reset-start]
2017-03-14T00:10:36.620+0100: 2,947: [CMS-concurrent-reset: 0,002/0,002 secs] [Times: user=0,01 sys=0,01, real=0,00 secs] 
{Heap before GC invocations=5 (full 1):
 par new generation   total 109248K, used 102737K [0x00000000e0000000, 0x00000000e8000000, 0x00000000e8000000)
  eden space 87424K, 100% used [0x00000000e0000000, 0x00000000e5560000, 0x00000000e5560000)
  from space 21824K,  70% used [0x00000000e6ab0000, 0x00000000e79a4510, 0x00000000e8000000)
  to   space 21824K,   0% used [0x00000000e5560000, 0x00000000e5560000, 0x00000000e6ab0000)
 concurrent mark-sweep generation total 393216K, used 0K [0x00000000e8000000, 0x0000000100000000, 0x0000000100000000)
 Metaspace       used 21359K, capacity 21740K, committed 21884K, reserved 1069056K
  class space    used 2466K, capacity 2637K, committed 2684K, reserved 1048576K
2017-03-14T00:10:36.696+0100: 3,023: [GC (Allocation Failure) 2017-03-14T00:10:36.696+0100: 3,023: [ParNew
Desired survivor size 20112992 bytes, new threshold 8 (max 8)
- age   1:     896760 bytes,     896760 total
- age   2:         32 bytes,     896792 total
- age   3:     181128 bytes,    1077920 total
- age   4:    1444608 bytes,    2522528 total
- age   5:     841216 bytes,    3363744 total
- age   6:    6667896 bytes,   10031640 total
: 102737K->12863K(109248K), 0,0104449 secs] 102737K->12863K(502464K), 0,0105162 secs] [Times: user=0,04 sys=0,00, real=0,01 secs] 
Heap after GC invocations=6 (full 1):
 par new generation   total 109248K, used 12863K [0x00000000e0000000, 0x00000000e8000000, 0x00000000e8000000)
  eden space 87424K,   0% used [0x00000000e0000000, 0x00000000e0000000, 0x00000000e5560000)
  from space 21824K,  58% used [0x00000000e5560000, 0x00000000e61efc28, 0x00000000e6ab0000)
  to   space 21824K,   0% used [0x00000000e6ab0000, 0x00000000e6ab0000, 0x00000000e8000000)
 concurrent mark-sweep generation total 393216K, used 0K [0x00000000e8000000, 0x0000000100000000, 0x0000000100000000)
 Metaspace       used 21359K, capacity 21740K, committed 21884K, reserved 1069056K
  class space    used 2466K, capacity 2637K, committed 2684K, reserved 1048576K
}
2017-03-14T00:10:36.706+0100: 3,033: Total time for which application threads were stopped: 0,0107407 seconds, Stopping threads took: 0,0000828 seconds
2017-03-14T00:10:36.746+0100: 3,073: Total time for which application threads were stopped: 0,0003813 seconds, Stopping threads took: 0,0000259 seconds
2017-03-14T00:10:36.932+0100: 3,259: Total time for which application threads were stopped: 0,0005415 seconds, Stopping threads took: 0,0000334 seconds
2017-03-14T00:10:36.950+0100: 3,277: Total time for which application threads were stopped: 0,0037229 seconds, Stopping threads took: 0,0033480 seconds
{Heap before GC invocations=6 (full 1):
 par new generation   total 109248K, used 100287K [0x00000000e0000000, 0x00000000e8000000, 0x00000000e8000000)
  eden space 87424K, 100% used [0x00000000e0000000, 0x00000000e5560000, 0x00000000e5560000)
  from space 21824K,  58% used [0x00000000e5560000, 0x00000000e61efc28, 0x00000000e6ab0000)
  to   space 21824K,   0% used [0x00000000e6ab0000, 0x00000000e6ab0000, 0x00000000e8000000)
 concurrent mark-sweep generation total 393216K, used 0K [0x00000000e8000000, 0x0000000100000000, 0x0000000100000000)
 Metaspace       used 23774K, capacity 24234K, committed 24572K, reserved 1071104K
  class space    used 2799K, capacity 2978K, committed 3068K, reserved 1048576K
2017-03-14T00:10:37.100+0100: 3,427: [GC (Allocation Failure) 2017-03-14T00:10:37.100+0100: 3,427: [ParNew
Desired survivor size 20112992 bytes, new threshold 8 (max 8)
- age   1:    5060368 bytes,    5060368 total
- age   2:     109368 bytes,    5169736 total
- age   3:         32 bytes,    5169768 total
- age   4:     179768 bytes,    5349536 total
- age   5:     274984 bytes,    5624520 total
- age   6:     816896 bytes,    6441416 total
- age   7:    6659720 bytes,   13101136 total
: 100287K->14529K(109248K), 0,0157162 secs] 100287K->14529K(502464K), 0,0157894 secs] [Times: user=0,06 sys=0,00, real=0,02 secs] 
Heap after GC invocations=7 (full 1):
 par new generation   total 109248K, used 14529K [0x00000000e0000000, 0x00000000e8000000, 0x00000000e8000000)
  eden space 87424K,   0% used [0x00000000e0000000, 0x00000000e0000000, 0x00000000e5560000)
  from space 21824K,  66% used [0x00000000e6ab0000, 0x00000000e78e0460, 0x00000000e8000000)
  to   space 21824K,   0% used [0x00000000e5560000, 0x00000000e5560000, 0x00000000e6ab0000)
 concurrent mark-sweep generation total 393216K, used 0K [0x00000000e8000000, 0x0000000100000000, 0x0000000100000000)
 Metaspace       used 23774K, capacity 24234K, committed 24572K, reserved 1071104K
  class space    used 2799K, capacity 2978K, committed 3068K, reserved 1048576K
}
2017-03-14T00:10:37.116+0100: 3,443: Total time for which application threads were stopped: 0,0160799 seconds, Stopping threads took: 0,0000662 seconds
{Heap before GC invocations=7 (full 1):
 par new generation   total 109248K, used 101953K [0x00000000e0000000, 0x00000000e8000000, 0x00000000e8000000)
  eden space 87424K, 100% used [0x00000000e0000000, 0x00000000e5560000, 0x00000000e5560000)
  from space 21824K,  66% used [0x00000000e6ab0000, 0x00000000e78e0460, 0x00000000e8000000)
  to   space 21824K,   0% used [0x00000000e5560000, 0x00000000e5560000, 0x00000000e6ab0000)
 concurrent mark-sweep generation total 393216K, used 0K [0x00000000e8000000, 0x0000000100000000, 0x0000000100000000)
 Metaspace       used 24390K, capacity 24816K, committed 25084K, reserved 1071104K
  class space    used 2860K, capacity 3043K, committed 3068K, reserved 1048576K
2017-03-14T00:10:37.242+0100: 3,569: [GC (Allocation Failure) 2017-03-14T00:10:37.242+0100: 3,569: [ParNew
Desired survivor size 20112992 bytes, new threshold 8 (max 8)
- age   1:    1968104 bytes,    1968104 total
- age   2:    1707672 bytes,    3675776 total
- age   3:      50672 bytes,    3726448 total
- age   5:     104264 bytes,    3830712 total
- age   6:     186376 bytes,    4017088 total
- age   7:     766560 bytes,    4783648 total
- age   8:    6124968 bytes,   10908616 total
: 101953K->16209K(109248K), 0,0131632 secs] 101953K->16209K(502464K), 0,0132592 secs] [Times: user=0,03 sys=0,00, real=0,02 secs] 
Heap after GC invocations=8 (full 1):
 par new generation   total 109248K, used 16209K [0x00000000e0000000, 0x00000000e8000000, 0x00000000e8000000)
  eden space 87424K,   0% used [0x00000000e0000000, 0x00000000e0000000, 0x00000000e5560000)
  from space 21824K,  74% used [0x00000000e5560000, 0x00000000e65345b0, 0x00000000e6ab0000)
  to   space 21824K,   0% used [0x00000000e6ab0000, 0x00000000e6ab0000, 0x00000000e8000000)
 concurrent mark-sweep generation total 393216K, used 0K [0x00000000e8000000, 0x0000000100000000, 0x0000000100000000)
 Metaspace       used 24390K, capacity 24816K, committed 25084K, reserved 1071104K
  class space    used 2860K, capacity 3043K, committed 3068K, reserved 1048576K
}
2017-03-14T00:10:37.255+0100: 3,582: Total time for which application threads were stopped: 0,0163671 seconds, Stopping threads took: 0,0028946 seconds
{Heap before GC invocations=8 (full 1):
 par new generation   total 109248K, used 103633K [0x00000000e0000000, 0x00000000e8000000, 0x00000000e8000000)
  eden space 87424K, 100% used [0x00000000e0000000, 0x00000000e5560000, 0x00000000e5560000)
  from space 21824K,  74% used [0x00000000e5560000, 0x00000000e65345b0, 0x00000000e6ab0000)
  to   space 21824K,   0% used [0x00000000e6ab0000, 0x00000000e6ab0000, 0x00000000e8000000)
 concurrent mark-sweep generation total 393216K, used 0K [0x00000000e8000000, 0x0000000100000000, 0x0000000100000000)
 Metaspace       used 24534K, capacity 25034K, committed 25084K, reserved 1071104K
  class space    used 2872K, capacity 3048K, committed 3068K, reserved 1048576K
2017-03-14T00:10:37.374+0100: 3,701: [GC (Allocation Failure) 2017-03-14T00:10:37.374+0100: 3,701: [ParNew
Desired survivor size 20112992 bytes, new threshold 8 (max 8)
- age   1:    1071040 bytes,    1071040 total
- age   2:     623456 bytes,    1694496 total
- age   3:    1685376 bytes,    3379872 total
- age   4:      50672 bytes,    3430544 total
- age   6:     104096 bytes,    3534640 total
- age   7:     183576 bytes,    3718216 total
- age   8:     765760 bytes,    4483976 total
: 103633K->6705K(109248K), 0,0457238 secs] 103633K->12770K(502464K), 0,0457994 secs] [Times: user=0,11 sys=0,01, real=0,04 secs] 
Heap after GC invocations=9 (full 1):
 par new generation   total 109248K, used 6705K [0x00000000e0000000, 0x00000000e8000000, 0x00000000e8000000)
  eden space 87424K,   0% used [0x00000000e0000000, 0x00000000e0000000, 0x00000000e5560000)
  from space 21824K,  30% used [0x00000000e6ab0000, 0x00000000e713c7e8, 0x00000000e8000000)
  to   space 21824K,   0% used [0x00000000e5560000, 0x00000000e5560000, 0x00000000e6ab0000)
 concurrent mark-sweep generation total 393216K, used 6064K [0x00000000e8000000, 0x0000000100000000, 0x0000000100000000)
 Metaspace       used 24534K, capacity 25034K, committed 25084K, reserved 1071104K
  class space    used 2872K, capacity 3048K, committed 3068K, reserved 1048576K
}
2017-03-14T00:10:37.420+0100: 3,747: Total time for which application threads were stopped: 0,0460095 seconds, Stopping threads took: 0,0000415 seconds
2017-03-14T00:10:37.685+0100: 4,011: Total time for which application threads were stopped: 0,0006171 seconds, Stopping threads took: 0,0000800 seconds
2017-03-14T00:10:37.697+0100: 4,024: Total time for which application threads were stopped: 0,0003923 seconds, Stopping threads took: 0,0000210 seconds
2017-03-14T00:10:37.732+0100: 4,059: Total time for which application threads were stopped: 0,0005247 seconds, Stopping threads took: 0,0002431 seconds
2017-03-14T00:10:37.739+0100: 4,065: Total time for which application threads were stopped: 0,0002624 seconds, Stopping threads took: 0,0001793 seconds
2017-03-14T00:10:37.739+0100: 4,066: Total time for which application threads were stopped: 0,0000929 seconds, Stopping threads took: 0,0000306 seconds
2017-03-14T00:10:37.740+0100: 4,067: Total time for which application threads were stopped: 0,0001079 seconds, Stopping threads took: 0,0000221 seconds
2017-03-14T00:10:37.742+0100: 4,068: Total time for which application threads were stopped: 0,0000967 seconds, Stopping threads took: 0,0000218 seconds
2017-03-14T00:10:37.742+0100: 4,069: Total time for which application threads were stopped: 0,0001026 seconds, Stopping threads took: 0,0000410 seconds
2017-03-14T00:10:37.744+0100: 4,071: Total time for which application threads were stopped: 0,0001083 seconds, Stopping threads took: 0,0000313 seconds
2017-03-14T00:10:37.745+0100: 4,072: Total time for which application threads were stopped: 0,0003760 seconds, Stopping threads took: 0,0000250 seconds
2017-03-14T00:10:37.750+0100: 4,077: Total time for which application threads were stopped: 0,0040791 seconds, Stopping threads took: 0,0040068 seconds
2017-03-14T00:10:37.752+0100: 4,079: Total time for which application threads were stopped: 0,0013582 seconds, Stopping threads took: 0,0012900 seconds
2017-03-14T00:10:37.752+0100: 4,079: Total time for which application threads were stopped: 0,0000588 seconds, Stopping threads took: 0,0000108 seconds
2017-03-14T00:10:37.752+0100: 4,079: Total time for which application threads were stopped: 0,0000545 seconds, Stopping threads took: 0,0000089 seconds
2017-03-14T00:10:37.753+0100: 4,080: Total time for which application threads were stopped: 0,0000502 seconds, Stopping threads took: 0,0000100 seconds
2017-03-14T00:10:37.763+0100: 4,090: Total time for which application threads were stopped: 0,0001047 seconds, Stopping threads took: 0,0000299 seconds
2017-03-14T00:10:37.770+0100: 4,097: Total time for which application threads were stopped: 0,0001295 seconds, Stopping threads took: 0,0000295 seconds
2017-03-14T00:10:37.771+0100: 4,098: Total time for which application threads were stopped: 0,0001196 seconds, Stopping threads took: 0,0000364 seconds
2017-03-14T00:10:37.771+0100: 4,098: Total time for which application threads were stopped: 0,0001041 seconds, Stopping threads took: 0,0000339 seconds
2017-03-14T00:10:37.772+0100: 4,099: Total time for which application threads were stopped: 0,0000888 seconds, Stopping threads took: 0,0000201 seconds
2017-03-14T00:10:37.773+0100: 4,100: Total time for which application threads were stopped: 0,0001441 seconds, Stopping threads took: 0,0000416 seconds
2017-03-14T00:10:37.774+0100: 4,101: Total time for which application threads were stopped: 0,0001353 seconds, Stopping threads took: 0,0000285 seconds
2017-03-14T00:10:37.775+0100: 4,101: Total time for which application threads were stopped: 0,0000821 seconds, Stopping threads took: 0,0000173 seconds
2017-03-14T00:10:37.775+0100: 4,102: Total time for which application threads were stopped: 0,0000631 seconds, Stopping threads took: 0,0000110 seconds
2017-03-14T00:10:37.775+0100: 4,102: Total time for which application threads were stopped: 0,0000582 seconds, Stopping threads took: 0,0000159 seconds
2017-03-14T00:10:37.775+0100: 4,102: Total time for which application threads were stopped: 0,0000719 seconds, Stopping threads took: 0,0000207 seconds
2017-03-14T00:10:37.775+0100: 4,102: Total time for which application threads were stopped: 0,0000605 seconds, Stopping threads took: 0,0000137 seconds
2017-03-14T00:10:37.776+0100: 4,102: Total time for which application threads were stopped: 0,0001385 seconds, Stopping threads took: 0,0000106 seconds
2017-03-14T00:10:37.776+0100: 4,103: Total time for which application threads were stopped: 0,0000873 seconds, Stopping threads took: 0,0000263 seconds
2017-03-14T00:10:37.776+0100: 4,103: Total time for which application threads were stopped: 0,0000669 seconds, Stopping threads took: 0,0000170 seconds
2017-03-14T00:10:37.776+0100: 4,103: Total time for which application threads were stopped: 0,0000750 seconds, Stopping threads took: 0,0000234 seconds
2017-03-14T00:10:37.776+0100: 4,103: Total time for which application threads were stopped: 0,0000539 seconds, Stopping threads took: 0,0000097 seconds
2017-03-14T00:10:37.776+0100: 4,103: Total time for which application threads were stopped: 0,0000478 seconds, Stopping threads took: 0,0000087 seconds
2017-03-14T00:10:37.777+0100: 4,104: Total time for which application threads were stopped: 0,0000669 seconds, Stopping threads took: 0,0000171 seconds
2017-03-14T00:10:37.777+0100: 4,104: Total time for which application threads were stopped: 0,0000635 seconds, Stopping threads took: 0,0000152 seconds
2017-03-14T00:10:37.777+0100: 4,104: Total time for which application threads were stopped: 0,0000683 seconds, Stopping threads took: 0,0000201 seconds
2017-03-14T00:10:37.777+0100: 4,104: Total time for which application threads were stopped: 0,0000620 seconds, Stopping threads took: 0,0000171 seconds
2017-03-14T00:10:37.777+0100: 4,104: Total time for which application threads were stopped: 0,0000528 seconds, Stopping threads took: 0,0000089 seconds
2017-03-14T00:10:37.777+0100: 4,104: Total time for which application threads were stopped: 0,0000688 seconds, Stopping threads took: 0,0000202 seconds
2017-03-14T00:10:37.778+0100: 4,104: Total time for which application threads were stopped: 0,0000669 seconds, Stopping threads took: 0,0000182 seconds
2017-03-14T00:10:37.782+0100: 4,109: Total time for which application threads were stopped: 0,0001127 seconds, Stopping threads took: 0,0000250 seconds
2017-03-14T00:10:37.782+0100: 4,109: Total time for which application threads were stopped: 0,0000876 seconds, Stopping threads took: 0,0000383 seconds
2017-03-14T00:10:37.782+0100: 4,109: Total time for which application threads were stopped: 0,0000559 seconds, Stopping threads took: 0,0000093 seconds
2017-03-14T00:10:37.783+0100: 4,109: Total time for which application threads were stopped: 0,0002551 seconds, Stopping threads took: 0,0001963 seconds
2017-03-14T00:10:37.783+0100: 4,110: Total time for which application threads were stopped: 0,0003347 seconds, Stopping threads took: 0,0002999 seconds
2017-03-14T00:10:37.783+0100: 4,110: Total time for which application threads were stopped: 0,0000587 seconds, Stopping threads took: 0,0000186 seconds
2017-03-14T00:10:37.783+0100: 4,110: Total time for which application threads were stopped: 0,0000574 seconds, Stopping threads took: 0,0000246 seconds
2017-03-14T00:10:37.783+0100: 4,110: Total time for which application threads were stopped: 0,0001323 seconds, Stopping threads took: 0,0000164 seconds
2017-03-14T00:10:37.788+0100: 4,115: Total time for which application threads were stopped: 0,0006802 seconds, Stopping threads took: 0,0005676 seconds
2017-03-14T00:10:37.791+0100: 4,118: Total time for which application threads were stopped: 0,0001439 seconds, Stopping threads took: 0,0000524 seconds
2017-03-14T00:10:37.799+0100: 4,126: Total time for which application threads were stopped: 0,0001328 seconds, Stopping threads took: 0,0000336 seconds
2017-03-14T00:10:37.833+0100: 4,160: Total time for which application threads were stopped: 0,0001849 seconds, Stopping threads took: 0,0000800 seconds
2017-03-14T00:10:37.838+0100: 4,165: Total time for which application threads were stopped: 0,0001196 seconds, Stopping threads took: 0,0000469 seconds
2017-03-14T00:10:37.878+0100: 4,205: Total time for which application threads were stopped: 0,0001719 seconds, Stopping threads took: 0,0000635 seconds
2017-03-14T00:10:37.879+0100: 4,206: Total time for which application threads were stopped: 0,0003608 seconds, Stopping threads took: 0,0000199 seconds
2017-03-14T00:10:37.880+0100: 4,207: Total time for which application threads were stopped: 0,0001658 seconds, Stopping threads took: 0,0001088 seconds
2017-03-14T00:10:38.880+0100: 5,207: Total time for which application threads were stopped: 0,0000986 seconds, Stopping threads took: 0,0000166 seconds
2017-03-14T00:10:39.880+0100: 6,207: Total time for which application threads were stopped: 0,0000671 seconds, Stopping threads took: 0,0000179 seconds
2017-03-14T00:10:55.882+0100: 22,209: Total time for which application threads were stopped: 0,0000716 seconds, Stopping threads took: 0,0000159 seconds
2017-03-14T00:11:05.884+0100: 32,211: Total time for which application threads were stopped: 0,0000644 seconds, Stopping threads took: 0,0000159 seconds
{Heap before GC invocations=9 (full 1):
 par new generation   total 109248K, used 94129K [0x00000000e0000000, 0x00000000e8000000, 0x00000000e8000000)
  eden space 87424K, 100% used [0x00000000e0000000, 0x00000000e5560000, 0x00000000e5560000)
  from space 21824K,  30% used [0x00000000e6ab0000, 0x00000000e713c7e8, 0x00000000e8000000)
  to   space 21824K,   0% used [0x00000000e5560000, 0x00000000e5560000, 0x00000000e6ab0000)
 concurrent mark-sweep generation total 393216K, used 6064K [0x00000000e8000000, 0x0000000100000000, 0x0000000100000000)
 Metaspace       used 27949K, capacity 28510K, committed 28796K, reserved 1075200K
  class space    used 3214K, capacity 3390K, committed 3452K, reserved 1048576K
2017-03-14T00:11:09.636+0100: 35,963: [GC (Allocation Failure) 2017-03-14T00:11:09.636+0100: 35,963: [ParNew
Desired survivor size 20112992 bytes, new threshold 8 (max 8)
- age   1:   10866480 bytes,   10866480 total
- age   2:     412928 bytes,   11279408 total
- age   3:     232616 bytes,   11512024 total
- age   4:    1679088 bytes,   13191112 total
- age   5:      50672 bytes,   13241784 total
- age   7:     101456 bytes,   13343240 total
- age   8:     182984 bytes,   13526224 total
: 94129K->14867K(109248K), 0,0165819 secs] 100194K->21764K(502464K), 0,0166634 secs] [Times: user=0,05 sys=0,00, real=0,01 secs] 
Heap after GC invocations=10 (full 1):
 par new generation   total 109248K, used 14867K [0x00000000e0000000, 0x00000000e8000000, 0x00000000e8000000)
  eden space 87424K,   0% used [0x00000000e0000000, 0x00000000e0000000, 0x00000000e5560000)
  from space 21824K,  68% used [0x00000000e5560000, 0x00000000e63e4e50, 0x00000000e6ab0000)
  to   space 21824K,   0% used [0x00000000e6ab0000, 0x00000000e6ab0000, 0x00000000e8000000)
 concurrent mark-sweep generation total 393216K, used 6896K [0x00000000e8000000, 0x0000000100000000, 0x0000000100000000)
 Metaspace       used 27949K, capacity 28510K, committed 28796K, reserved 1075200K
  class space    used 3214K, capacity 3390K, committed 3452K, reserved 1048576K
}
2017-03-14T00:11:09.653+0100: 35,980: Total time for which application threads were stopped: 0,0168363 seconds, Stopping threads took: 0,0000413 seconds
2017-03-14T00:11:09.654+0100: 35,981: Total time for which application threads were stopped: 0,0001194 seconds, Stopping threads took: 0,0000763 seconds
2017-03-14T00:11:09.654+0100: 35,981: Total time for which application threads were stopped: 0,0000455 seconds, Stopping threads took: 0,0000181 seconds
2017-03-14T00:12:35.666+0100: 121,993: Total time for which application threads were stopped: 0,0001749 seconds, Stopping threads took: 0,0000706 seconds
2017-03-14T00:12:40.667+0100: 126,994: Total time for which application threads were stopped: 0,0000923 seconds, Stopping threads took: 0,0000352 seconds
2017-03-14T00:34:04.832+0100: 1411,159: Total time for which application threads were stopped: 0,0001424 seconds, Stopping threads took: 0,0000547 seconds
2017-03-14T00:39:14.870+0100: 1721,197: Total time for which application threads were stopped: 0,0000881 seconds, Stopping threads took: 0,0000327 seconds
2017-03-14T00:48:55.929+0100: 2302,256: Total time for which application threads were stopped: 0,0000805 seconds, Stopping threads took: 0,0000291 seconds
2017-03-14T00:48:59.930+0100: 2306,256: Total time for which application threads were stopped: 0,0000786 seconds, Stopping threads took: 0,0000147 seconds
2017-03-14T00:49:05.930+0100: 2312,257: Total time for which application threads were stopped: 0,0001484 seconds, Stopping threads took: 0,0000685 seconds
2017-03-14T01:03:51.009+0100: 3197,336: Total time for which application threads were stopped: 0,0002952 seconds, Stopping threads took: 0,0001314 seconds
2017-03-14T01:07:36.030+0100: 3422,357: Total time for which application threads were stopped: 0,0001576 seconds, Stopping threads took: 0,0000488 seconds
2017-03-14T01:14:55.070+0100: 3861,397: Total time for which application threads were stopped: 0,0001213 seconds, Stopping threads took: 0,0000389 seconds
2017-03-14T01:15:10.071+0100: 3876,398: Total time for which application threads were stopped: 0,0000893 seconds, Stopping threads took: 0,0000336 seconds
2017-03-14T01:29:26.148+0100: 4732,475: Total time for which application threads were stopped: 0,0001288 seconds, Stopping threads took: 0,0000464 seconds
2017-03-14T01:29:31.149+0100: 4737,476: Total time for which application threads were stopped: 0,0001749 seconds, Stopping threads took: 0,0000525 seconds
2017-03-14T01:48:56.868+0100: 5903,195: Total time for which application threads were stopped: 0,0000844 seconds, Stopping threads took: 0,0000140 seconds
2017-03-14T01:48:56.900+0100: 5903,227: Total time for which application threads were stopped: 0,0000977 seconds, Stopping threads took: 0,0000210 seconds
2017-03-14T01:48:56.901+0100: 5903,227: Total time for which application threads were stopped: 0,0000996 seconds, Stopping threads took: 0,0000317 seconds
2017-03-14T01:48:56.911+0100: 5903,238: Total time for which application threads were stopped: 0,0003232 seconds, Stopping threads took: 0,0002421 seconds
2017-03-14T01:48:56.915+0100: 5903,242: Total time for which application threads were stopped: 0,0046001 seconds, Stopping threads took: 0,0045238 seconds
2017-03-14T01:48:56.921+0100: 5903,248: Total time for which application threads were stopped: 0,0047338 seconds, Stopping threads took: 0,0046473 seconds
2017-03-14T01:48:56.922+0100: 5903,249: Total time for which application threads were stopped: 0,0000957 seconds, Stopping threads took: 0,0000250 seconds
2017-03-14T01:48:56.924+0100: 5903,250: Total time for which application threads were stopped: 0,0003304 seconds, Stopping threads took: 0,0002510 seconds
2017-03-14T01:48:56.927+0100: 5903,254: Total time for which application threads were stopped: 0,0001049 seconds, Stopping threads took: 0,0000248 seconds
2017-03-14T01:48:56.928+0100: 5903,255: Total time for which application threads were stopped: 0,0000804 seconds, Stopping threads took: 0,0000120 seconds
2017-03-14T01:48:56.935+0100: 5903,262: Total time for which application threads were stopped: 0,0048769 seconds, Stopping threads took: 0,0047973 seconds
2017-03-14T01:48:56.935+0100: 5903,262: Total time for which application threads were stopped: 0,0000643 seconds, Stopping threads took: 0,0000101 seconds
2017-03-14T01:48:56.936+0100: 5903,262: Total time for which application threads were stopped: 0,0000522 seconds, Stopping threads took: 0,0000079 seconds
2017-03-14T01:48:56.936+0100: 5903,263: Total time for which application threads were stopped: 0,0003835 seconds, Stopping threads took: 0,0003329 seconds
2017-03-14T01:48:56.936+0100: 5903,263: Total time for which application threads were stopped: 0,0000535 seconds, Stopping threads took: 0,0000132 seconds
2017-03-14T01:48:56.937+0100: 5903,264: Total time for which application threads were stopped: 0,0000787 seconds, Stopping threads took: 0,0000187 seconds
2017-03-14T01:48:56.939+0100: 5903,266: Total time for which application threads were stopped: 0,0004495 seconds, Stopping threads took: 0,0003766 seconds
2017-03-14T01:48:56.939+0100: 5903,266: Total time for which application threads were stopped: 0,0001751 seconds, Stopping threads took: 0,0000130 seconds
2017-03-14T01:48:56.940+0100: 5903,267: Total time for which application threads were stopped: 0,0001275 seconds, Stopping threads took: 0,0000361 seconds
2017-03-14T01:48:56.942+0100: 5903,269: Total time for which application threads were stopped: 0,0000972 seconds, Stopping threads took: 0,0000360 seconds
2017-03-14T01:48:56.943+0100: 5903,270: Total time for which application threads were stopped: 0,0001173 seconds, Stopping threads took: 0,0000235 seconds
Heap
 par new generation   total 109248K, used 39581K [0x00000000e0000000, 0x00000000e8000000, 0x00000000e8000000)
  eden space 87424K,  28% used [0x00000000e0000000, 0x00000000e18226d0, 0x00000000e5560000)
  from space 21824K,  68% used [0x00000000e5560000, 0x00000000e63e4e50, 0x00000000e6ab0000)
  to   space 21824K,   0% used [0x00000000e6ab0000, 0x00000000e6ab0000, 0x00000000e8000000)
 concurrent mark-sweep generation total 393216K, used 6896K [0x00000000e8000000, 0x0000000100000000, 0x0000000100000000)
 Metaspace       used 28080K, capacity 28582K, committed 28796K, reserved 1075200K
  class space    used 3227K, capacity 3392K, committed 3452K, reserved 1048576K
