OpenJDK 64-Bit Server VM (25.131-b11) for linux-amd64 JRE (1.8.0_131-8u131-b11-0ubuntu1.16.04.2-b11), built on May  6 2017 02:45:27 by "buildd" with gcc 5.4.0 20160609
Memory: 4k page, physical 7867740k(7394740k free), swap 8076284k(8076284k free)
CommandLine flags: -XX:CMSInitiatingOccupancyFraction=50 -XX:CMSMaxAbortablePrecleanTime=6000 -XX:+CMSParallelRemarkEnabled -XX:+CMSScavengeBeforeRemark -XX:ConcGCThreads=4 -XX:InitialHeapSize=536870912 -XX:MaxHeapSize=536870912 -XX:MaxTenuringThreshold=8 -XX:NewRatio=3 -XX:OldPLABSize=16 -XX:OnOutOfMemoryError=/opt/solr/bin/oom_solr.sh 8983 /var/solr/logs -XX:ParallelGCThreads=4 -XX:+ParallelRefProcEnabled -XX:PretenureSizeThreshold=67108864 -XX:+PrintGC -XX:+PrintGCApplicationStoppedTime -XX:+PrintGCDateStamps -XX:+PrintGCDetails -XX:+PrintGCTimeStamps -XX:+PrintHeapAtGC -XX:+PrintTenuringDistribution -XX:SurvivorRatio=4 -XX:TargetSurvivorRatio=90 -XX:ThreadStackSize=256 -XX:+UseCMSInitiatingOccupancyOnly -XX:+UseCompressedClassPointers -XX:+UseCompressedOops -XX:+UseConcMarkSweepGC -XX:+UseParNewGC 
2017-06-05T07:30:31.967+0200: 0,139: Total time for which application threads were stopped: 0,0000711 seconds, Stopping threads took: 0,0000129 seconds
2017-06-05T07:30:32.052+0200: 0,224: Total time for which application threads were stopped: 0,0001090 seconds, Stopping threads took: 0,0000175 seconds
2017-06-05T07:30:32.065+0200: 0,237: Total time for which application threads were stopped: 0,0000806 seconds, Stopping threads took: 0,0000157 seconds
2017-06-05T07:30:32.283+0200: 0,455: Total time for which application threads were stopped: 0,0001309 seconds, Stopping threads took: 0,0000111 seconds
2017-06-05T07:30:32.714+0200: 0,885: Total time for which application threads were stopped: 0,0001532 seconds, Stopping threads took: 0,0000149 seconds
2017-06-05T07:30:32.851+0200: 1,023: Total time for which application threads were stopped: 0,0001846 seconds, Stopping threads took: 0,0000265 seconds
2017-06-05T07:30:32.941+0200: 1,113: Total time for which application threads were stopped: 0,0001936 seconds, Stopping threads took: 0,0000294 seconds
2017-06-05T07:30:33.344+0200: 1,516: Total time for which application threads were stopped: 0,0008073 seconds, Stopping threads took: 0,0000592 seconds
2017-06-05T07:30:33.573+0200: 1,744: Total time for which application threads were stopped: 0,0002133 seconds, Stopping threads took: 0,0000191 seconds
2017-06-05T07:30:33.596+0200: 1,768: Total time for which application threads were stopped: 0,0002466 seconds, Stopping threads took: 0,0000181 seconds
2017-06-05T07:30:33.630+0200: 1,801: Total time for which application threads were stopped: 0,0002429 seconds, Stopping threads took: 0,0000334 seconds
2017-06-05T07:30:33.631+0200: 1,803: Total time for which application threads were stopped: 0,0003674 seconds, Stopping threads took: 0,0000311 seconds
2017-06-05T07:30:33.646+0200: 1,818: Total time for which application threads were stopped: 0,0002118 seconds, Stopping threads took: 0,0000285 seconds
2017-06-05T07:30:33.749+0200: 1,921: Total time for which application threads were stopped: 0,0002299 seconds, Stopping threads took: 0,0000192 seconds
2017-06-05T07:30:33.919+0200: 2,091: Total time for which application threads were stopped: 0,0003048 seconds, Stopping threads took: 0,0000480 seconds
{Heap before GC invocations=0 (full 0):
 par new generation   total 109248K, used 87424K [0x00000000e0000000, 0x00000000e8000000, 0x00000000e8000000)
  eden space 87424K, 100% used [0x00000000e0000000, 0x00000000e5560000, 0x00000000e5560000)
  from space 21824K,   0% used [0x00000000e5560000, 0x00000000e5560000, 0x00000000e6ab0000)
  to   space 21824K,   0% used [0x00000000e6ab0000, 0x00000000e6ab0000, 0x00000000e8000000)
 concurrent mark-sweep generation total 393216K, used 0K [0x00000000e8000000, 0x0000000100000000, 0x0000000100000000)
 Metaspace       used 18030K, capacity 18336K, committed 18688K, reserved 1064960K
  class space    used 2037K, capacity 2196K, committed 2304K, reserved 1048576K
2017-06-05T07:30:34.016+0200: 2,188: [GC (Allocation Failure) 2017-06-05T07:30:34.016+0200: 2,188: [ParNew
Desired survivor size 20112992 bytes, new threshold 8 (max 8)
- age   1:   12616920 bytes,   12616920 total
: 87424K->12444K(109248K), 0,0159915 secs] 87424K->12444K(502464K), 0,0160698 secs] [Times: user=0,05 sys=0,00, real=0,01 secs] 
Heap after GC invocations=1 (full 0):
 par new generation   total 109248K, used 12444K [0x00000000e0000000, 0x00000000e8000000, 0x00000000e8000000)
  eden space 87424K,   0% used [0x00000000e0000000, 0x00000000e0000000, 0x00000000e5560000)
  from space 21824K,  57% used [0x00000000e6ab0000, 0x00000000e76d7160, 0x00000000e8000000)
  to   space 21824K,   0% used [0x00000000e5560000, 0x00000000e5560000, 0x00000000e6ab0000)
 concurrent mark-sweep generation total 393216K, used 0K [0x00000000e8000000, 0x0000000100000000, 0x0000000100000000)
 Metaspace       used 18030K, capacity 18336K, committed 18688K, reserved 1064960K
  class space    used 2037K, capacity 2196K, committed 2304K, reserved 1048576K
}
2017-06-05T07:30:34.033+0200: 2,204: Total time for which application threads were stopped: 0,0163233 seconds, Stopping threads took: 0,0000611 seconds
2017-06-05T07:30:34.339+0200: 2,511: Total time for which application threads were stopped: 0,0004441 seconds, Stopping threads took: 0,0000760 seconds
2017-06-05T07:30:34.389+0200: 2,561: Total time for which application threads were stopped: 0,0004228 seconds, Stopping threads took: 0,0000847 seconds
{Heap before GC invocations=1 (full 0):
 par new generation   total 109248K, used 99868K [0x00000000e0000000, 0x00000000e8000000, 0x00000000e8000000)
  eden space 87424K, 100% used [0x00000000e0000000, 0x00000000e5560000, 0x00000000e5560000)
  from space 21824K,  57% used [0x00000000e6ab0000, 0x00000000e76d7160, 0x00000000e8000000)
  to   space 21824K,   0% used [0x00000000e5560000, 0x00000000e5560000, 0x00000000e6ab0000)
 concurrent mark-sweep generation total 393216K, used 0K [0x00000000e8000000, 0x0000000100000000, 0x0000000100000000)
 Metaspace       used 20063K, capacity 20410K, committed 20736K, reserved 1067008K
  class space    used 2294K, capacity 2463K, committed 2560K, reserved 1048576K
2017-06-05T07:30:34.398+0200: 2,570: [GC (Allocation Failure) 2017-06-05T07:30:34.398+0200: 2,570: [ParNew
Desired survivor size 20112992 bytes, new threshold 8 (max 8)
- age   1:    3592344 bytes,    3592344 total
- age   2:    6682784 bytes,   10275128 total
: 99868K->13793K(109248K), 0,0096909 secs] 99868K->13793K(502464K), 0,0097575 secs] [Times: user=0,03 sys=0,00, real=0,01 secs] 
Heap after GC invocations=2 (full 0):
 par new generation   total 109248K, used 13793K [0x00000000e0000000, 0x00000000e8000000, 0x00000000e8000000)
  eden space 87424K,   0% used [0x00000000e0000000, 0x00000000e0000000, 0x00000000e5560000)
  from space 21824K,  63% used [0x00000000e5560000, 0x00000000e62d84e8, 0x00000000e6ab0000)
  to   space 21824K,   0% used [0x00000000e6ab0000, 0x00000000e6ab0000, 0x00000000e8000000)
 concurrent mark-sweep generation total 393216K, used 0K [0x00000000e8000000, 0x0000000100000000, 0x0000000100000000)
 Metaspace       used 20063K, capacity 20410K, committed 20736K, reserved 1067008K
  class space    used 2294K, capacity 2463K, committed 2560K, reserved 1048576K
}
2017-06-05T07:30:34.408+0200: 2,580: Total time for which application threads were stopped: 0,0099223 seconds, Stopping threads took: 0,0000423 seconds
2017-06-05T07:30:34.439+0200: 2,610: Total time for which application threads were stopped: 0,0020822 seconds, Stopping threads took: 0,0016909 seconds
2017-06-05T07:30:34.586+0200: 2,758: Total time for which application threads were stopped: 0,0001639 seconds, Stopping threads took: 0,0000414 seconds
{Heap before GC invocations=2 (full 0):
 par new generation   total 109248K, used 101217K [0x00000000e0000000, 0x00000000e8000000, 0x00000000e8000000)
  eden space 87424K, 100% used [0x00000000e0000000, 0x00000000e5560000, 0x00000000e5560000)
  from space 21824K,  63% used [0x00000000e5560000, 0x00000000e62d84e8, 0x00000000e6ab0000)
  to   space 21824K,   0% used [0x00000000e6ab0000, 0x00000000e6ab0000, 0x00000000e8000000)
 concurrent mark-sweep generation total 393216K, used 0K [0x00000000e8000000, 0x0000000100000000, 0x0000000100000000)
 Metaspace       used 20973K, capacity 21268K, committed 21628K, reserved 1069056K
  class space    used 2415K, capacity 2582K, committed 2684K, reserved 1048576K
2017-06-05T07:30:34.626+0200: 2,798: [GC (Allocation Failure) 2017-06-05T07:30:34.626+0200: 2,798: [ParNew
Desired survivor size 20112992 bytes, new threshold 8 (max 8)
- age   1:    2070344 bytes,    2070344 total
- age   2:     853056 bytes,    2923400 total
- age   3:    6664928 bytes,    9588328 total
: 101217K->11464K(109248K), 0,0097687 secs] 101217K->11464K(502464K), 0,0098396 secs] [Times: user=0,04 sys=0,00, real=0,01 secs] 
Heap after GC invocations=3 (full 0):
 par new generation   total 109248K, used 11464K [0x00000000e0000000, 0x00000000e8000000, 0x00000000e8000000)
  eden space 87424K,   0% used [0x00000000e0000000, 0x00000000e0000000, 0x00000000e5560000)
  from space 21824K,  52% used [0x00000000e6ab0000, 0x00000000e75e2300, 0x00000000e8000000)
  to   space 21824K,   0% used [0x00000000e5560000, 0x00000000e5560000, 0x00000000e6ab0000)
 concurrent mark-sweep generation total 393216K, used 0K [0x00000000e8000000, 0x0000000100000000, 0x0000000100000000)
 Metaspace       used 20973K, capacity 21268K, committed 21628K, reserved 1069056K
  class space    used 2415K, capacity 2582K, committed 2684K, reserved 1048576K
}
2017-06-05T07:30:34.636+0200: 2,808: Total time for which application threads were stopped: 0,0123552 seconds, Stopping threads took: 0,0023752 seconds
2017-06-05T07:30:34.636+0200: 2,808: [GC (CMS Initial Mark) [1 CMS-initial-mark: 0K(393216K)] 11480K(502464K), 0,0037245 secs] [Times: user=0,01 sys=0,00, real=0,00 secs] 
2017-06-05T07:30:34.640+0200: 2,812: Total time for which application threads were stopped: 0,0038523 seconds, Stopping threads took: 0,0000420 seconds
2017-06-05T07:30:34.640+0200: 2,812: [CMS-concurrent-mark-start]
2017-06-05T07:30:34.641+0200: 2,813: [CMS-concurrent-mark: 0,001/0,001 secs] [Times: user=0,01 sys=0,00, real=0,00 secs] 
2017-06-05T07:30:34.641+0200: 2,813: [CMS-concurrent-preclean-start]
2017-06-05T07:30:34.642+0200: 2,814: [CMS-concurrent-preclean: 0,001/0,001 secs] [Times: user=0,00 sys=0,00, real=0,01 secs] 
2017-06-05T07:30:34.643+0200: 2,814: [GC (CMS Final Remark) [YG occupancy: 12868 K (109248 K)]{Heap before GC invocations=3 (full 1):
 par new generation   total 109248K, used 12868K [0x00000000e0000000, 0x00000000e8000000, 0x00000000e8000000)
  eden space 87424K,   1% used [0x00000000e0000000, 0x00000000e015eff0, 0x00000000e5560000)
  from space 21824K,  52% used [0x00000000e6ab0000, 0x00000000e75e2300, 0x00000000e8000000)
  to   space 21824K,   0% used [0x00000000e5560000, 0x00000000e5560000, 0x00000000e6ab0000)
 concurrent mark-sweep generation total 393216K, used 0K [0x00000000e8000000, 0x0000000100000000, 0x0000000100000000)
 Metaspace       used 20983K, capacity 21268K, committed 21628K, reserved 1069056K
  class space    used 2417K, capacity 2582K, committed 2684K, reserved 1048576K
2017-06-05T07:30:34.643+0200: 2,814: [GC (CMS Final Remark) 2017-06-05T07:30:34.643+0200: 2,814: [ParNew
Desired survivor size 20112992 bytes, new threshold 8 (max 8)
- age   1:      27840 bytes,      27840 total
- age   2:    1926472 bytes,    1954312 total
- age   3:     853056 bytes,    2807368 total
- age   4:    6664928 bytes,    9472296 total
: 12868K->14797K(109248K), 0,0123306 secs] 12868K->14797K(502464K), 0,0123774 secs] [Times: user=0,05 sys=0,00, real=0,01 secs] 
Heap after GC invocations=4 (full 1):
 par new generation   total 109248K, used 14797K [0x00000000e0000000, 0x00000000e8000000, 0x00000000e8000000)
  eden space 87424K,   0% used [0x00000000e0000000, 0x00000000e0000000, 0x00000000e5560000)
  from space 21824K,  67% used [0x00000000e5560000, 0x00000000e63d36b0, 0x00000000e6ab0000)
  to   space 21824K,   0% used [0x00000000e6ab0000, 0x00000000e6ab0000, 0x00000000e8000000)
 concurrent mark-sweep generation total 393216K, used 0K [0x00000000e8000000, 0x0000000100000000, 0x0000000100000000)
 Metaspace       used 20983K, capacity 21268K, committed 21628K, reserved 1069056K
  class space    used 2417K, capacity 2582K, committed 2684K, reserved 1048576K
}
2017-06-05T07:30:34.655+0200: 2,827: [Rescan (parallel) , 0,0055571 secs]2017-06-05T07:30:34.661+0200: 2,832: [weak refs processing, 0,0021161 secs]2017-06-05T07:30:34.663+0200: 2,835: [class unloading, 0,0031084 secs]2017-06-05T07:30:34.666+0200: 2,838: [scrub symbol table, 0,0030522 secs]2017-06-05T07:30:34.669+0200: 2,841: [scrub string table, 0,0003688 secs][1 CMS-remark: 0K(393216K)] 14797K(502464K), 0,0272332 secs] [Times: user=0,09 sys=0,00, real=0,02 secs] 
2017-06-05T07:30:34.670+0200: 2,842: Total time for which application threads were stopped: 0,0273866 seconds, Stopping threads took: 0,0000658 seconds
2017-06-05T07:30:34.670+0200: 2,842: [CMS-concurrent-sweep-start]
2017-06-05T07:30:34.670+0200: 2,842: [CMS-concurrent-sweep: 0,000/0,000 secs] [Times: user=0,00 sys=0,00, real=0,00 secs] 
2017-06-05T07:30:34.670+0200: 2,842: [CMS-concurrent-reset-start]
2017-06-05T07:30:34.672+0200: 2,844: [CMS-concurrent-reset: 0,002/0,002 secs] [Times: user=0,01 sys=0,00, real=0,00 secs] 
{Heap before GC invocations=4 (full 1):
 par new generation   total 109248K, used 102221K [0x00000000e0000000, 0x00000000e8000000, 0x00000000e8000000)
  eden space 87424K, 100% used [0x00000000e0000000, 0x00000000e5560000, 0x00000000e5560000)
  from space 21824K,  67% used [0x00000000e5560000, 0x00000000e63d36b0, 0x00000000e6ab0000)
  to   space 21824K,   0% used [0x00000000e6ab0000, 0x00000000e6ab0000, 0x00000000e8000000)
 concurrent mark-sweep generation total 393216K, used 0K [0x00000000e8000000, 0x0000000100000000, 0x0000000100000000)
 Metaspace       used 21208K, capacity 21538K, committed 21884K, reserved 1069056K
  class space    used 2443K, capacity 2596K, committed 2684K, reserved 1048576K
2017-06-05T07:30:34.755+0200: 2,927: [GC (Allocation Failure) 2017-06-05T07:30:34.755+0200: 2,927: [ParNew
Desired survivor size 20112992 bytes, new threshold 8 (max 8)
- age   1:     750376 bytes,     750376 total
- age   2:       1440 bytes,     751816 total
- age   3:    1450792 bytes,    2202608 total
- age   4:     833328 bytes,    3035936 total
- age   5:    6664992 bytes,    9700928 total
: 102221K->11066K(109248K), 0,0111159 secs] 102221K->11066K(502464K), 0,0111876 secs] [Times: user=0,04 sys=0,00, real=0,01 secs] 
Heap after GC invocations=5 (full 1):
 par new generation   total 109248K, used 11066K [0x00000000e0000000, 0x00000000e8000000, 0x00000000e8000000)
  eden space 87424K,   0% used [0x00000000e0000000, 0x00000000e0000000, 0x00000000e5560000)
  from space 21824K,  50% used [0x00000000e6ab0000, 0x00000000e757e950, 0x00000000e8000000)
  to   space 21824K,   0% used [0x00000000e5560000, 0x00000000e5560000, 0x00000000e6ab0000)
 concurrent mark-sweep generation total 393216K, used 0K [0x00000000e8000000, 0x0000000100000000, 0x0000000100000000)
 Metaspace       used 21208K, capacity 21538K, committed 21884K, reserved 1069056K
  class space    used 2443K, capacity 2596K, committed 2684K, reserved 1048576K
}
2017-06-05T07:30:34.767+0200: 2,938: Total time for which application threads were stopped: 0,0114790 seconds, Stopping threads took: 0,0001328 seconds
{Heap before GC invocations=5 (full 1):
 par new generation   total 109248K, used 98490K [0x00000000e0000000, 0x00000000e8000000, 0x00000000e8000000)
  eden space 87424K, 100% used [0x00000000e0000000, 0x00000000e5560000, 0x00000000e5560000)
  from space 21824K,  50% used [0x00000000e6ab0000, 0x00000000e757e950, 0x00000000e8000000)
  to   space 21824K,   0% used [0x00000000e5560000, 0x00000000e5560000, 0x00000000e6ab0000)
 concurrent mark-sweep generation total 393216K, used 0K [0x00000000e8000000, 0x0000000100000000, 0x0000000100000000)
 Metaspace       used 21396K, capacity 21774K, committed 21884K, reserved 1069056K
  class space    used 2463K, capacity 2630K, committed 2684K, reserved 1048576K
2017-06-05T07:30:34.870+0200: 3,042: [GC (Allocation Failure) 2017-06-05T07:30:34.870+0200: 3,042: [ParNew
Desired survivor size 20112992 bytes, new threshold 8 (max 8)
- age   1:     290816 bytes,     290816 total
- age   2:     179088 bytes,     469904 total
- age   3:       1408 bytes,     471312 total
- age   4:    1450472 bytes,    1921784 total
- age   5:     829440 bytes,    2751224 total
- age   6:    6664912 bytes,    9416136 total
: 98490K->12317K(109248K), 0,0098649 secs] 98490K->12317K(502464K), 0,0099266 secs] [Times: user=0,03 sys=0,00, real=0,01 secs] 
Heap after GC invocations=6 (full 1):
 par new generation   total 109248K, used 12317K [0x00000000e0000000, 0x00000000e8000000, 0x00000000e8000000)
  eden space 87424K,   0% used [0x00000000e0000000, 0x00000000e0000000, 0x00000000e5560000)
  from space 21824K,  56% used [0x00000000e5560000, 0x00000000e61676b0, 0x00000000e6ab0000)
  to   space 21824K,   0% used [0x00000000e6ab0000, 0x00000000e6ab0000, 0x00000000e8000000)
 concurrent mark-sweep generation total 393216K, used 0K [0x00000000e8000000, 0x0000000100000000, 0x0000000100000000)
 Metaspace       used 21396K, capacity 21774K, committed 21884K, reserved 1069056K
  class space    used 2463K, capacity 2630K, committed 2684K, reserved 1048576K
}
2017-06-05T07:30:34.880+0200: 3,052: Total time for which application threads were stopped: 0,0102935 seconds, Stopping threads took: 0,0002319 seconds
2017-06-05T07:30:34.913+0200: 3,085: Total time for which application threads were stopped: 0,0003319 seconds, Stopping threads took: 0,0000227 seconds
2017-06-05T07:30:35.190+0200: 3,362: Total time for which application threads were stopped: 0,0005240 seconds, Stopping threads took: 0,0000497 seconds
2017-06-05T07:30:35.206+0200: 3,378: Total time for which application threads were stopped: 0,0003681 seconds, Stopping threads took: 0,0000242 seconds
{Heap before GC invocations=6 (full 1):
 par new generation   total 109248K, used 99741K [0x00000000e0000000, 0x00000000e8000000, 0x00000000e8000000)
  eden space 87424K, 100% used [0x00000000e0000000, 0x00000000e5560000, 0x00000000e5560000)
  from space 21824K,  56% used [0x00000000e5560000, 0x00000000e61676b0, 0x00000000e6ab0000)
  to   space 21824K,   0% used [0x00000000e6ab0000, 0x00000000e6ab0000, 0x00000000e8000000)
 concurrent mark-sweep generation total 393216K, used 0K [0x00000000e8000000, 0x0000000100000000, 0x0000000100000000)
 Metaspace       used 23780K, capacity 24204K, committed 24572K, reserved 1071104K
  class space    used 2792K, capacity 2971K, committed 3068K, reserved 1048576K
2017-06-05T07:30:35.354+0200: 3,526: [GC (Allocation Failure) 2017-06-05T07:30:35.354+0200: 3,526: [ParNew
Desired survivor size 20112992 bytes, new threshold 8 (max 8)
- age   1:    5066256 bytes,    5066256 total
- age   2:     142856 bytes,    5209112 total
- age   3:     177688 bytes,    5386800 total
- age   4:       1384 bytes,    5388184 total
- age   5:     280400 bytes,    5668584 total
- age   6:     805112 bytes,    6473696 total
- age   7:    6656704 bytes,   13130400 total
: 99741K->15128K(109248K), 0,0120313 secs] 99741K->15128K(502464K), 0,0121035 secs] [Times: user=0,04 sys=0,01, real=0,01 secs] 
Heap after GC invocations=7 (full 1):
 par new generation   total 109248K, used 15128K [0x00000000e0000000, 0x00000000e8000000, 0x00000000e8000000)
  eden space 87424K,   0% used [0x00000000e0000000, 0x00000000e0000000, 0x00000000e5560000)
  from space 21824K,  69% used [0x00000000e6ab0000, 0x00000000e79760b8, 0x00000000e8000000)
  to   space 21824K,   0% used [0x00000000e5560000, 0x00000000e5560000, 0x00000000e6ab0000)
 concurrent mark-sweep generation total 393216K, used 0K [0x00000000e8000000, 0x0000000100000000, 0x0000000100000000)
 Metaspace       used 23780K, capacity 24204K, committed 24572K, reserved 1071104K
  class space    used 2792K, capacity 2971K, committed 3068K, reserved 1048576K
}
2017-06-05T07:30:35.367+0200: 3,538: Total time for which application threads were stopped: 0,0131903 seconds, Stopping threads took: 0,0008908 seconds
{Heap before GC invocations=7 (full 1):
 par new generation   total 109248K, used 102552K [0x00000000e0000000, 0x00000000e8000000, 0x00000000e8000000)
  eden space 87424K, 100% used [0x00000000e0000000, 0x00000000e5560000, 0x00000000e5560000)
  from space 21824K,  69% used [0x00000000e6ab0000, 0x00000000e79760b8, 0x00000000e8000000)
  to   space 21824K,   0% used [0x00000000e5560000, 0x00000000e5560000, 0x00000000e6ab0000)
 concurrent mark-sweep generation total 393216K, used 0K [0x00000000e8000000, 0x0000000100000000, 0x0000000100000000)
 Metaspace       used 24443K, capacity 24930K, committed 25084K, reserved 1071104K
  class space    used 2859K, capacity 3039K, committed 3068K, reserved 1048576K
2017-06-05T07:30:35.478+0200: 3,650: [GC (Allocation Failure) 2017-06-05T07:30:35.478+0200: 3,650: [ParNew
Desired survivor size 20112992 bytes, new threshold 8 (max 8)
- age   1:    2186904 bytes,    2186904 total
- age   2:    1781080 bytes,    3967984 total
- age   3:      60704 bytes,    4028688 total
- age   4:      98424 bytes,    4127112 total
- age   5:       1320 bytes,    4128432 total
- age   6:     180936 bytes,    4309368 total
- age   7:     761304 bytes,    5070672 total
- age   8:    6122024 bytes,   11192696 total
: 102552K->19236K(109248K), 0,0163605 secs] 102552K->19236K(502464K), 0,0164438 secs] [Times: user=0,04 sys=0,01, real=0,02 secs] 
Heap after GC invocations=8 (full 1):
 par new generation   total 109248K, used 19236K [0x00000000e0000000, 0x00000000e8000000, 0x00000000e8000000)
  eden space 87424K,   0% used [0x00000000e0000000, 0x00000000e0000000, 0x00000000e5560000)
  from space 21824K,  88% used [0x00000000e5560000, 0x00000000e6829230, 0x00000000e6ab0000)
  to   space 21824K,   0% used [0x00000000e6ab0000, 0x00000000e6ab0000, 0x00000000e8000000)
 concurrent mark-sweep generation total 393216K, used 0K [0x00000000e8000000, 0x0000000100000000, 0x0000000100000000)
 Metaspace       used 24443K, capacity 24930K, committed 25084K, reserved 1071104K
  class space    used 2859K, capacity 3039K, committed 3068K, reserved 1048576K
}
2017-06-05T07:30:35.495+0200: 3,667: Total time for which application threads were stopped: 0,0189990 seconds, Stopping threads took: 0,0023530 seconds
{Heap before GC invocations=8 (full 1):
 par new generation   total 109248K, used 106660K [0x00000000e0000000, 0x00000000e8000000, 0x00000000e8000000)
  eden space 87424K, 100% used [0x00000000e0000000, 0x00000000e5560000, 0x00000000e5560000)
  from space 21824K,  88% used [0x00000000e5560000, 0x00000000e6829230, 0x00000000e6ab0000)
  to   space 21824K,   0% used [0x00000000e6ab0000, 0x00000000e6ab0000, 0x00000000e8000000)
 concurrent mark-sweep generation total 393216K, used 0K [0x00000000e8000000, 0x0000000100000000, 0x0000000100000000)
 Metaspace       used 24658K, capacity 25100K, committed 25468K, reserved 1071104K
  class space    used 2882K, capacity 3073K, committed 3196K, reserved 1048576K
2017-06-05T07:30:35.574+0200: 3,746: [GC (Allocation Failure) 2017-06-05T07:30:35.574+0200: 3,746: [ParNew
Desired survivor size 20112992 bytes, new threshold 8 (max 8)
- age   1:     530448 bytes,     530448 total
- age   2:    1038968 bytes,    1569416 total
- age   3:    1758952 bytes,    3328368 total
- age   4:      60704 bytes,    3389072 total
- age   5:      98424 bytes,    3487496 total
- age   6:       1320 bytes,    3488816 total
- age   7:     180936 bytes,    3669752 total
- age   8:     761304 bytes,    4431056 total
: 106660K->6850K(109248K), 0,0606664 secs] 106660K->12911K(502464K), 0,0607371 secs] [Times: user=0,15 sys=0,00, real=0,07 secs] 
Heap after GC invocations=9 (full 1):
 par new generation   total 109248K, used 6850K [0x00000000e0000000, 0x00000000e8000000, 0x00000000e8000000)
  eden space 87424K,   0% used [0x00000000e0000000, 0x00000000e0000000, 0x00000000e5560000)
  from space 21824K,  31% used [0x00000000e6ab0000, 0x00000000e7160b48, 0x00000000e8000000)
  to   space 21824K,   0% used [0x00000000e5560000, 0x00000000e5560000, 0x00000000e6ab0000)
 concurrent mark-sweep generation total 393216K, used 6061K [0x00000000e8000000, 0x0000000100000000, 0x0000000100000000)
 Metaspace       used 24658K, capacity 25100K, committed 25468K, reserved 1071104K
  class space    used 2882K, capacity 3073K, committed 3196K, reserved 1048576K
}
2017-06-05T07:30:35.635+0200: 3,806: Total time for which application threads were stopped: 0,0609432 seconds, Stopping threads took: 0,0000480 seconds
2017-06-05T07:30:35.885+0200: 4,057: Total time for which application threads were stopped: 0,0006759 seconds, Stopping threads took: 0,0002719 seconds
2017-06-05T07:30:35.897+0200: 4,069: Total time for which application threads were stopped: 0,0001541 seconds, Stopping threads took: 0,0000443 seconds
2017-06-05T07:30:35.897+0200: 4,069: Total time for which application threads were stopped: 0,0000857 seconds, Stopping threads took: 0,0000258 seconds
2017-06-05T07:30:35.898+0200: 4,069: Total time for which application threads were stopped: 0,0000888 seconds, Stopping threads took: 0,0000281 seconds
2017-06-05T07:30:35.906+0200: 4,077: Total time for which application threads were stopped: 0,0001317 seconds, Stopping threads took: 0,0000327 seconds
2017-06-05T07:30:35.941+0200: 4,113: Total time for which application threads were stopped: 0,0001602 seconds, Stopping threads took: 0,0000390 seconds
2017-06-05T07:30:35.950+0200: 4,122: Total time for which application threads were stopped: 0,0001435 seconds, Stopping threads took: 0,0000390 seconds
2017-06-05T07:30:35.959+0200: 4,131: Total time for which application threads were stopped: 0,0003713 seconds, Stopping threads took: 0,0000168 seconds
2017-06-05T07:30:35.961+0200: 4,132: Total time for which application threads were stopped: 0,0000835 seconds, Stopping threads took: 0,0000212 seconds
2017-06-05T07:30:35.969+0200: 4,140: Total time for which application threads were stopped: 0,0001727 seconds, Stopping threads took: 0,0000920 seconds
2017-06-05T07:30:35.975+0200: 4,146: Total time for which application threads were stopped: 0,0005349 seconds, Stopping threads took: 0,0000483 seconds
2017-06-05T07:30:35.979+0200: 4,151: Total time for which application threads were stopped: 0,0001132 seconds, Stopping threads took: 0,0000388 seconds
2017-06-05T07:30:35.985+0200: 4,157: Total time for which application threads were stopped: 0,0001246 seconds, Stopping threads took: 0,0000340 seconds
2017-06-05T07:30:35.986+0200: 4,158: Total time for which application threads were stopped: 0,0001193 seconds, Stopping threads took: 0,0000199 seconds
2017-06-05T07:30:35.989+0200: 4,160: Total time for which application threads were stopped: 0,0000938 seconds, Stopping threads took: 0,0000228 seconds
2017-06-05T07:30:35.989+0200: 4,161: Total time for which application threads were stopped: 0,0000820 seconds, Stopping threads took: 0,0000187 seconds
2017-06-05T07:30:35.990+0200: 4,161: Total time for which application threads were stopped: 0,0000735 seconds, Stopping threads took: 0,0000159 seconds
2017-06-05T07:30:36.017+0200: 4,188: Total time for which application threads were stopped: 0,0001150 seconds, Stopping threads took: 0,0000210 seconds
2017-06-05T07:30:36.018+0200: 4,189: Total time for which application threads were stopped: 0,0000704 seconds, Stopping threads took: 0,0000149 seconds
2017-06-05T07:30:36.019+0200: 4,190: Total time for which application threads were stopped: 0,0001191 seconds, Stopping threads took: 0,0000486 seconds
2017-06-05T07:30:36.020+0200: 4,191: Total time for which application threads were stopped: 0,0000780 seconds, Stopping threads took: 0,0000238 seconds
2017-06-05T07:30:36.021+0200: 4,193: Total time for which application threads were stopped: 0,0000833 seconds, Stopping threads took: 0,0000215 seconds
2017-06-05T07:30:36.022+0200: 4,194: Total time for which application threads were stopped: 0,0003315 seconds, Stopping threads took: 0,0000118 seconds
2017-06-05T07:30:36.022+0200: 4,194: Total time for which application threads were stopped: 0,0000699 seconds, Stopping threads took: 0,0000167 seconds
2017-06-05T07:30:36.023+0200: 4,195: Total time for which application threads were stopped: 0,0001023 seconds, Stopping threads took: 0,0000359 seconds
2017-06-05T07:30:36.025+0200: 4,197: Total time for which application threads were stopped: 0,0004573 seconds, Stopping threads took: 0,0003807 seconds
2017-06-05T07:30:36.026+0200: 4,197: Total time for which application threads were stopped: 0,0001074 seconds, Stopping threads took: 0,0000330 seconds
2017-06-05T07:30:36.027+0200: 4,199: Total time for which application threads were stopped: 0,0001387 seconds, Stopping threads took: 0,0000864 seconds
2017-06-05T07:30:36.047+0200: 4,219: Total time for which application threads were stopped: 0,0002394 seconds, Stopping threads took: 0,0000411 seconds
2017-06-05T07:30:36.050+0200: 4,221: Total time for which application threads were stopped: 0,0011705 seconds, Stopping threads took: 0,0010921 seconds
2017-06-05T07:30:36.050+0200: 4,222: Total time for which application threads were stopped: 0,0000739 seconds, Stopping threads took: 0,0000127 seconds
2017-06-05T07:30:36.050+0200: 4,222: Total time for which application threads were stopped: 0,0000591 seconds, Stopping threads took: 0,0000096 seconds
2017-06-05T07:30:36.051+0200: 4,223: Total time for which application threads were stopped: 0,0001053 seconds, Stopping threads took: 0,0000333 seconds
2017-06-05T07:30:36.052+0200: 4,223: Total time for which application threads were stopped: 0,0001113 seconds, Stopping threads took: 0,0000195 seconds
2017-06-05T07:30:36.055+0200: 4,226: Total time for which application threads were stopped: 0,0001241 seconds, Stopping threads took: 0,0000419 seconds
2017-06-05T07:30:36.055+0200: 4,227: Total time for which application threads were stopped: 0,0000776 seconds, Stopping threads took: 0,0000357 seconds
2017-06-05T07:30:36.057+0200: 4,229: Total time for which application threads were stopped: 0,0001228 seconds, Stopping threads took: 0,0000527 seconds
2017-06-05T07:30:36.057+0200: 4,229: Total time for which application threads were stopped: 0,0000702 seconds, Stopping threads took: 0,0000293 seconds
2017-06-05T07:30:36.063+0200: 4,235: Total time for which application threads were stopped: 0,0001201 seconds, Stopping threads took: 0,0000391 seconds
2017-06-05T07:30:36.066+0200: 4,238: Total time for which application threads were stopped: 0,0028765 seconds, Stopping threads took: 0,0027757 seconds
2017-06-05T07:30:36.066+0200: 4,238: Total time for which application threads were stopped: 0,0001113 seconds, Stopping threads took: 0,0000570 seconds
2017-06-05T07:30:36.067+0200: 4,238: Total time for which application threads were stopped: 0,0000847 seconds, Stopping threads took: 0,0000245 seconds
2017-06-05T07:30:36.067+0200: 4,239: Total time for which application threads were stopped: 0,0000809 seconds, Stopping threads took: 0,0000260 seconds
2017-06-05T07:30:36.067+0200: 4,239: Total time for which application threads were stopped: 0,0000659 seconds, Stopping threads took: 0,0000173 seconds
2017-06-05T07:30:36.067+0200: 4,239: Total time for which application threads were stopped: 0,0000878 seconds, Stopping threads took: 0,0000353 seconds
2017-06-05T07:30:36.067+0200: 4,239: Total time for which application threads were stopped: 0,0000709 seconds, Stopping threads took: 0,0000248 seconds
2017-06-05T07:30:36.068+0200: 4,239: Total time for which application threads were stopped: 0,0000851 seconds, Stopping threads took: 0,0000224 seconds
2017-06-05T07:30:36.068+0200: 4,239: Total time for which application threads were stopped: 0,0000757 seconds, Stopping threads took: 0,0000204 seconds
2017-06-05T07:30:36.068+0200: 4,240: Total time for which application threads were stopped: 0,0001978 seconds, Stopping threads took: 0,0000101 seconds
2017-06-05T07:30:36.070+0200: 4,242: Total time for which application threads were stopped: 0,0001520 seconds, Stopping threads took: 0,0000281 seconds
2017-06-05T07:30:36.071+0200: 4,243: Total time for which application threads were stopped: 0,0001407 seconds, Stopping threads took: 0,0000431 seconds
2017-06-05T07:30:36.072+0200: 4,243: Total time for which application threads were stopped: 0,0001169 seconds, Stopping threads took: 0,0000481 seconds
2017-06-05T07:30:36.086+0200: 4,258: Total time for which application threads were stopped: 0,0035931 seconds, Stopping threads took: 0,0035200 seconds
2017-06-05T07:30:36.111+0200: 4,283: Total time for which application threads were stopped: 0,0002025 seconds, Stopping threads took: 0,0000935 seconds
2017-06-05T07:30:36.112+0200: 4,283: Total time for which application threads were stopped: 0,0000905 seconds, Stopping threads took: 0,0000312 seconds
2017-06-05T07:30:36.157+0200: 4,328: Total time for which application threads were stopped: 0,0001556 seconds, Stopping threads took: 0,0000412 seconds
2017-06-05T07:30:36.158+0200: 4,329: Total time for which application threads were stopped: 0,0005302 seconds, Stopping threads took: 0,0000286 seconds
2017-06-05T07:30:36.158+0200: 4,330: Total time for which application threads were stopped: 0,0001319 seconds, Stopping threads took: 0,0000367 seconds
2017-06-05T07:30:37.158+0200: 5,330: Total time for which application threads were stopped: 0,0000860 seconds, Stopping threads took: 0,0000170 seconds
{Heap before GC invocations=9 (full 1):
 par new generation   total 109248K, used 94274K [0x00000000e0000000, 0x00000000e8000000, 0x00000000e8000000)
  eden space 87424K, 100% used [0x00000000e0000000, 0x00000000e5560000, 0x00000000e5560000)
  from space 21824K,  31% used [0x00000000e6ab0000, 0x00000000e7160b48, 0x00000000e8000000)
  to   space 21824K,   0% used [0x00000000e5560000, 0x00000000e5560000, 0x00000000e6ab0000)
 concurrent mark-sweep generation total 393216K, used 6061K [0x00000000e8000000, 0x0000000100000000, 0x0000000100000000)
 Metaspace       used 27987K, capacity 28474K, committed 28796K, reserved 1075200K
  class space    used 3209K, capacity 3382K, committed 3452K, reserved 1048576K
2017-06-05T07:31:07.260+0200: 35,910: [GC (Allocation Failure) 2017-06-05T07:31:07.260+0200: 35,910: [ParNew
Desired survivor size 20112992 bytes, new threshold 8 (max 8)
- age   1:   11101728 bytes,   11101728 total
- age   2:     158840 bytes,   11260568 total
- age   3:     258984 bytes,   11519552 total
- age   4:    1753280 bytes,   13272832 total
- age   5:      58320 bytes,   13331152 total
- age   6:      98200 bytes,   13429352 total
- age   7:       1320 bytes,   13430672 total
- age   8:     180408 bytes,   13611080 total
: 94274K->15011K(109248K), 0,0136461 secs] 100335K->21901K(502464K), 0,0137196 secs] [Times: user=0,05 sys=0,00, real=0,01 secs] 
Heap after GC invocations=10 (full 1):
 par new generation   total 109248K, used 15011K [0x00000000e0000000, 0x00000000e8000000, 0x00000000e8000000)
  eden space 87424K,   0% used [0x00000000e0000000, 0x00000000e0000000, 0x00000000e5560000)
  from space 21824K,  68% used [0x00000000e5560000, 0x00000000e6408fa0, 0x00000000e6ab0000)
  to   space 21824K,   0% used [0x00000000e6ab0000, 0x00000000e6ab0000, 0x00000000e8000000)
 concurrent mark-sweep generation total 393216K, used 6889K [0x00000000e8000000, 0x0000000100000000, 0x0000000100000000)
 Metaspace       used 27987K, capacity 28474K, committed 28796K, reserved 1075200K
  class space    used 3209K, capacity 3382K, committed 3452K, reserved 1048576K
}
2017-06-05T07:31:07.274+0200: 35,924: Total time for which application threads were stopped: 0,0138648 seconds, Stopping threads took: 0,0000299 seconds
2017-06-05T07:31:07.275+0200: 35,925: Total time for which application threads were stopped: 0,0000679 seconds, Stopping threads took: 0,0000237 seconds
2017-06-05T07:31:07.275+0200: 35,925: Total time for which application threads were stopped: 0,0000461 seconds, Stopping threads took: 0,0000178 seconds
2017-06-05T07:31:54.280+0200: 82,930: Total time for which application threads were stopped: 0,0000618 seconds, Stopping threads took: 0,0000182 seconds
2017-06-05T07:32:29.285+0200: 117,935: Total time for which application threads were stopped: 0,0001796 seconds, Stopping threads took: 0,0000726 seconds
2017-06-05T07:32:33.286+0200: 121,936: Total time for which application threads were stopped: 0,0000784 seconds, Stopping threads took: 0,0000217 seconds
2017-06-05T07:35:09.304+0200: 277,954: Total time for which application threads were stopped: 0,0002114 seconds, Stopping threads took: 0,0001112 seconds
2017-06-05T07:54:02.427+0200: 1411,077: Total time for which application threads were stopped: 0,0000991 seconds, Stopping threads took: 0,0000404 seconds
2017-06-05T07:59:07.463+0200: 1716,113: Total time for which application threads were stopped: 0,0000769 seconds, Stopping threads took: 0,0000305 seconds
2017-06-05T08:09:52.543+0200: 2361,193: Total time for which application threads were stopped: 0,0001052 seconds, Stopping threads took: 0,0000412 seconds
2017-06-05T08:09:53.543+0200: 2362,193: Total time for which application threads were stopped: 0,0000686 seconds, Stopping threads took: 0,0000176 seconds
2017-06-05T08:16:43.593+0200: 2772,242: Total time for which application threads were stopped: 0,0000808 seconds, Stopping threads took: 0,0000319 seconds
2017-06-05T08:29:03.681+0200: 3512,331: Total time for which application threads were stopped: 0,0000778 seconds, Stopping threads took: 0,0000315 seconds
2017-06-05T08:30:43.694+0200: 3612,344: Total time for which application threads were stopped: 0,0000950 seconds, Stopping threads took: 0,0000370 seconds
2017-06-05T08:34:22.721+0200: 3831,371: Total time for which application threads were stopped: 0,0000932 seconds, Stopping threads took: 0,0000326 seconds
2017-06-05T08:53:33.874+0200: 4982,524: Total time for which application threads were stopped: 0,0000774 seconds, Stopping threads took: 0,0000316 seconds
2017-06-05T08:55:33.891+0200: 5102,541: Total time for which application threads were stopped: 0,0000772 seconds, Stopping threads took: 0,0000320 seconds
2017-06-05T09:32:19.192+0200: 7307,842: Total time for which application threads were stopped: 0,0000907 seconds, Stopping threads took: 0,0000414 seconds
2017-06-05T09:38:33.236+0200: 7681,886: Total time for which application threads were stopped: 0,0000898 seconds, Stopping threads took: 0,0000356 seconds
2017-06-05T10:37:03.656+0200: 11192,306: Total time for which application threads were stopped: 0,0000891 seconds, Stopping threads took: 0,0000394 seconds
2017-06-05T10:43:03.698+0200: 11552,348: Total time for which application threads were stopped: 0,0001033 seconds, Stopping threads took: 0,0000367 seconds
2017-06-05T11:46:33.183+0200: 15361,832: Total time for which application threads were stopped: 0,0000826 seconds, Stopping threads took: 0