OpenJDK 64-Bit Server VM (25.91-b14) for linux-amd64 JRE (1.8.0_91-8u91-b14-3ubuntu1~16.04.1-b14), built on Jul 21 2016 04:13:34 by "buildd" with gcc 5.3.1 20160413
Memory: 4k page, physical 7867896k(7513200k free), swap 8076284k(8076284k free)
CommandLine flags: -XX:CMSInitiatingOccupancyFraction=50 -XX:CMSMaxAbortablePrecleanTime=6000 -XX:+CMSParallelRemarkEnabled -XX:+CMSScavengeBeforeRemark -XX:ConcGCThreads=4 -XX:InitialHeapSize=536870912 -XX:MaxHeapSize=536870912 -XX:MaxTenuringThreshold=8 -XX:NewRatio=3 -XX:OldPLABSize=16 -XX:OnOutOfMemoryError=/opt/solr/bin/oom_solr.sh 8983 /var/solr/logs -XX:ParallelGCThreads=4 -XX:+ParallelRefProcEnabled -XX:PretenureSizeThreshold=67108864 -XX:+PrintGC -XX:+PrintGCApplicationStoppedTime -XX:+PrintGCDateStamps -XX:+PrintGCDetails -XX:+PrintGCTimeStamps -XX:+PrintHeapAtGC -XX:+PrintTenuringDistribution -XX:SurvivorRatio=4 -XX:TargetSurvivorRatio=90 -XX:ThreadStackSize=256 -XX:+UseCMSInitiatingOccupancyOnly -XX:+UseCompressedClassPointers -XX:+UseCompressedOops -XX:+UseConcMarkSweepGC -XX:+UseParNewGC 
2016-10-20T22:52:23.748+0200: 0,167: Total time for which application threads were stopped: 0,0000750 seconds, Stopping threads took: 0,0000122 seconds
2016-10-20T22:52:23.821+0200: 0,241: Total time for which application threads were stopped: 0,0000947 seconds, Stopping threads took: 0,0000167 seconds
2016-10-20T22:52:23.838+0200: 0,258: Total time for which application threads were stopped: 0,0000939 seconds, Stopping threads took: 0,0000168 seconds
2016-10-20T22:52:24.000+0200: 0,420: Total time for which application threads were stopped: 0,0001156 seconds, Stopping threads took: 0,0000128 seconds
2016-10-20T22:52:24.297+0200: 0,716: Total time for which application threads were stopped: 0,0001593 seconds, Stopping threads took: 0,0000246 seconds
2016-10-20T22:52:24.526+0200: 0,946: Total time for which application threads were stopped: 0,0001784 seconds, Stopping threads took: 0,0000143 seconds
2016-10-20T22:52:24.586+0200: 1,005: Total time for which application threads were stopped: 0,0001838 seconds, Stopping threads took: 0,0000294 seconds
2016-10-20T22:52:24.891+0200: 1,310: Total time for which application threads were stopped: 0,0001739 seconds, Stopping threads took: 0,0000181 seconds
2016-10-20T22:52:25.146+0200: 1,565: Total time for which application threads were stopped: 0,0009944 seconds, Stopping threads took: 0,0000826 seconds
2016-10-20T22:52:25.286+0200: 1,705: Total time for which application threads were stopped: 0,0002392 seconds, Stopping threads took: 0,0000253 seconds
2016-10-20T22:52:25.287+0200: 1,706: Total time for which application threads were stopped: 0,0002453 seconds, Stopping threads took: 0,0000213 seconds
2016-10-20T22:52:25.316+0200: 1,736: Total time for which application threads were stopped: 0,0002113 seconds, Stopping threads took: 0,0000142 seconds
2016-10-20T22:52:25.459+0200: 1,878: Total time for which application threads were stopped: 0,0003057 seconds, Stopping threads took: 0,0000316 seconds
2016-10-20T22:52:25.589+0200: 2,008: Total time for which application threads were stopped: 0,0002490 seconds, Stopping threads took: 0,0000488 seconds
{Heap before GC invocations=0 (full 0):
 par new generation   total 109248K, used 87424K [0x00000000e0000000, 0x00000000e8000000, 0x00000000e8000000)
  eden space 87424K, 100% used [0x00000000e0000000, 0x00000000e5560000, 0x00000000e5560000)
  from space 21824K,   0% used [0x00000000e5560000, 0x00000000e5560000, 0x00000000e6ab0000)
  to   space 21824K,   0% used [0x00000000e6ab0000, 0x00000000e6ab0000, 0x00000000e8000000)
 concurrent mark-sweep generation total 393216K, used 0K [0x00000000e8000000, 0x0000000100000000, 0x0000000100000000)
 Metaspace       used 18298K, capacity 18598K, committed 18944K, reserved 1067008K
  class space    used 2084K, capacity 2196K, committed 2304K, reserved 1048576K
2016-10-20T22:52:25.745+0200: 2,164: [GC (Allocation Failure) 2016-10-20T22:52:25.745+0200: 2,164: [ParNew
Desired survivor size 20112992 bytes, new threshold 8 (max 8)
- age   1:   12244904 bytes,   12244904 total
: 87424K->12056K(109248K), 0,0221590 secs] 87424K->12056K(502464K), 0,0222417 secs] [Times: user=0,04 sys=0,03, real=0,02 secs] 
Heap after GC invocations=1 (full 0):
 par new generation   total 109248K, used 12056K [0x00000000e0000000, 0x00000000e8000000, 0x00000000e8000000)
  eden space 87424K,   0% used [0x00000000e0000000, 0x00000000e0000000, 0x00000000e5560000)
  from space 21824K,  55% used [0x00000000e6ab0000, 0x00000000e76761c0, 0x00000000e8000000)
  to   space 21824K,   0% used [0x00000000e5560000, 0x00000000e5560000, 0x00000000e6ab0000)
 concurrent mark-sweep generation total 393216K, used 0K [0x00000000e8000000, 0x0000000100000000, 0x0000000100000000)
 Metaspace       used 18298K, capacity 18598K, committed 18944K, reserved 1067008K
  class space    used 2084K, capacity 2196K, committed 2304K, reserved 1048576K
}
2016-10-20T22:52:25.767+0200: 2,186: Total time for which application threads were stopped: 0,0224330 seconds, Stopping threads took: 0,0000215 seconds
2016-10-20T22:52:25.926+0200: 2,345: Total time for which application threads were stopped: 0,0002654 seconds, Stopping threads took: 0,0000228 seconds
2016-10-20T22:52:25.956+0200: 2,375: Total time for which application threads were stopped: 0,0003429 seconds, Stopping threads took: 0,0000431 seconds
2016-10-20T22:52:25.988+0200: 2,407: Total time for which application threads were stopped: 0,0041024 seconds, Stopping threads took: 0,0038303 seconds
{Heap before GC invocations=1 (full 0):
 par new generation   total 109248K, used 99480K [0x00000000e0000000, 0x00000000e8000000, 0x00000000e8000000)
  eden space 87424K, 100% used [0x00000000e0000000, 0x00000000e5560000, 0x00000000e5560000)
  from space 21824K,  55% used [0x00000000e6ab0000, 0x00000000e76761c0, 0x00000000e8000000)
  to   space 21824K,   0% used [0x00000000e5560000, 0x00000000e5560000, 0x00000000e6ab0000)
 concurrent mark-sweep generation total 393216K, used 0K [0x00000000e8000000, 0x0000000100000000, 0x0000000100000000)
 Metaspace       used 20678K, capacity 21026K, committed 21248K, reserved 1069056K
  class space    used 2401K, capacity 2519K, committed 2560K, reserved 1048576K
2016-10-20T22:52:26.171+0200: 2,590: [GC (Allocation Failure) 2016-10-20T22:52:26.171+0200: 2,590: [ParNew
Desired survivor size 20112992 bytes, new threshold 8 (max 8)
- age   1:    2723648 bytes,    2723648 total
- age   2:    5990984 bytes,    8714632 total
: 99480K->11000K(109248K), 0,0089494 secs] 99480K->11000K(502464K), 0,0090164 secs] [Times: user=0,02 sys=0,01, real=0,01 secs] 
Heap after GC invocations=2 (full 0):
 par new generation   total 109248K, used 11000K [0x00000000e0000000, 0x00000000e8000000, 0x00000000e8000000)
  eden space 87424K,   0% used [0x00000000e0000000, 0x00000000e0000000, 0x00000000e5560000)
  from space 21824K,  50% used [0x00000000e5560000, 0x00000000e601e0a0, 0x00000000e6ab0000)
  to   space 21824K,   0% used [0x00000000e6ab0000, 0x00000000e6ab0000, 0x00000000e8000000)
 concurrent mark-sweep generation total 393216K, used 0K [0x00000000e8000000, 0x0000000100000000, 0x0000000100000000)
 Metaspace       used 20678K, capacity 21026K, committed 21248K, reserved 1069056K
  class space    used 2401K, capacity 2519K, committed 2560K, reserved 1048576K
}
2016-10-20T22:52:26.180+0200: 2,599: Total time for which application threads were stopped: 0,0092379 seconds, Stopping threads took: 0,0000623 seconds
2016-10-20T22:52:26.252+0200: 2,671: Total time for which application threads were stopped: 0,0000932 seconds, Stopping threads took: 0,0000186 seconds
2016-10-20T22:52:26.266+0200: 2,686: Total time for which application threads were stopped: 0,0002510 seconds, Stopping threads took: 0,0000159 seconds
2016-10-20T22:52:26.272+0200: 2,691: Total time for which application threads were stopped: 0,0000771 seconds, Stopping threads took: 0,0000195 seconds
2016-10-20T22:52:26.320+0200: 2,739: Total time for which application threads were stopped: 0,0001121 seconds, Stopping threads took: 0,0000412 seconds
2016-10-20T22:52:26.345+0200: 2,765: Total time for which application threads were stopped: 0,0000846 seconds, Stopping threads took: 0,0000212 seconds
2016-10-20T22:52:26.364+0200: 2,783: Total time for which application threads were stopped: 0,0000769 seconds, Stopping threads took: 0,0000180 seconds
2016-10-20T22:52:26.367+0200: 2,786: Total time for which application threads were stopped: 0,0002690 seconds, Stopping threads took: 0,0000208 seconds
2016-10-20T22:52:26.398+0200: 2,818: Total time for which application threads were stopped: 0,0000862 seconds, Stopping threads took: 0,0000203 seconds
2016-10-20T22:52:26.421+0200: 2,841: Total time for which application threads were stopped: 0,0000920 seconds, Stopping threads took: 0,0000161 seconds
2016-10-20T22:52:26.438+0200: 2,858: Total time for which application threads were stopped: 0,0000815 seconds, Stopping threads took: 0,0000184 seconds
2016-10-20T22:52:26.451+0200: 2,870: Total time for which application threads were stopped: 0,0000699 seconds, Stopping threads took: 0,0000144 seconds
2016-10-20T22:52:26.483+0200: 2,903: Total time for which application threads were stopped: 0,0001205 seconds, Stopping threads took: 0,0000485 seconds
2016-10-20T22:52:26.510+0200: 2,930: Total time for which application threads were stopped: 0,0000994 seconds, Stopping threads took: 0,0000220 seconds
2016-10-20T22:52:26.557+0200: 2,976: Total time for which application threads were stopped: 0,0002074 seconds, Stopping threads took: 0,0001174 seconds
2016-10-20T22:52:26.599+0200: 3,018: Total time for which application threads were stopped: 0,0001026 seconds, Stopping threads took: 0,0000241 seconds
2016-10-20T22:52:26.631+0200: 3,051: Total time for which application threads were stopped: 0,0001009 seconds, Stopping threads took: 0,0000267 seconds
2016-10-20T22:52:26.667+0200: 3,086: Total time for which application threads were stopped: 0,0001125 seconds, Stopping threads took: 0,0000262 seconds
2016-10-20T22:52:26.701+0200: 3,120: Total time for which application threads were stopped: 0,0001187 seconds, Stopping threads took: 0,0000390 seconds
2016-10-20T22:52:26.727+0200: 3,147: Total time for which application threads were stopped: 0,0001042 seconds, Stopping threads took: 0,0000302 seconds
2016-10-20T22:52:26.747+0200: 3,167: Total time for which application threads were stopped: 0,0001083 seconds, Stopping threads took: 0,0000376 seconds
{Heap before GC invocations=2 (full 0):
 par new generation   total 109248K, used 98424K [0x00000000e0000000, 0x00000000e8000000, 0x00000000e8000000)
  eden space 87424K, 100% used [0x00000000e0000000, 0x00000000e5560000, 0x00000000e5560000)
  from space 21824K,  50% used [0x00000000e5560000, 0x00000000e601e0a0, 0x00000000e6ab0000)
  to   space 21824K,   0% used [0x00000000e6ab0000, 0x00000000e6ab0000, 0x00000000e8000000)
 concurrent mark-sweep generation total 393216K, used 0K [0x00000000e8000000, 0x0000000100000000, 0x0000000100000000)
 Metaspace       used 26582K, capacity 26980K, committed 27196K, reserved 1073152K
  class space    used 3091K, capacity 3222K, committed 3244K, reserved 1048576K
2016-10-20T22:52:26.757+0200: 3,177: [GC (Allocation Failure) 2016-10-20T22:52:26.757+0200: 3,177: [ParNew
Desired survivor size 20112992 bytes, new threshold 8 (max 8)
- age   1:    8599824 bytes,    8599824 total
- age   2:     516288 bytes,    9116112 total
- age   3:    5978648 bytes,   15094760 total
: 98424K->17586K(109248K), 0,0132867 secs] 98424K->17586K(502464K), 0,0133359 secs] [Times: user=0,04 sys=0,01, real=0,01 secs] 
Heap after GC invocations=3 (full 0):
 par new generation   total 109248K, used 17586K [0x00000000e0000000, 0x00000000e8000000, 0x00000000e8000000)
  eden space 87424K,   0% used [0x00000000e0000000, 0x00000000e0000000, 0x00000000e5560000)
  from space 21824K,  80% used [0x00000000e6ab0000, 0x00000000e7bdc930, 0x00000000e8000000)
  to   space 21824K,   0% used [0x00000000e5560000, 0x00000000e5560000, 0x00000000e6ab0000)
 concurrent mark-sweep generation total 393216K, used 0K [0x00000000e8000000, 0x0000000100000000, 0x0000000100000000)
 Metaspace       used 26582K, capacity 26980K, committed 27196K, reserved 1073152K
  class space    used 3091K, capacity 3222K, committed 3244K, reserved 1048576K
}
2016-10-20T22:52:26.771+0200: 3,190: Total time for which application threads were stopped: 0,0135171 seconds, Stopping threads took: 0,0000414 seconds
2016-10-20T22:52:26.771+0200: 3,190: [GC (CMS Initial Mark) [1 CMS-initial-mark: 0K(393216K)] 19534K(502464K), 0,0032694 secs] [Times: user=0,02 sys=0,00, real=0,01 secs] 
2016-10-20T22:52:26.774+0200: 3,194: Total time for which application threads were stopped: 0,0033781 seconds, Stopping threads took: 0,0000355 seconds
2016-10-20T22:52:26.774+0200: 3,194: [CMS-concurrent-mark-start]
2016-10-20T22:52:26.775+0200: 3,195: [CMS-concurrent-mark: 0,001/0,001 secs] [Times: user=0,00 sys=0,00, real=0,00 secs] 
2016-10-20T22:52:26.775+0200: 3,195: [CMS-concurrent-preclean-start]
2016-10-20T22:52:26.776+0200: 3,196: [CMS-concurrent-preclean: 0,001/0,001 secs] [Times: user=0,00 sys=0,00, real=0,00 secs] 
2016-10-20T22:52:26.779+0200: 3,199: [GC (CMS Final Remark) [YG occupancy: 21942 K (109248 K)]{Heap before GC invocations=3 (full 1):
 par new generation   total 109248K, used 21942K [0x00000000e0000000, 0x00000000e8000000, 0x00000000e8000000)
  eden space 87424K,   4% used [0x00000000e0000000, 0x00000000e04410d0, 0x00000000e5560000)
  from space 21824K,  80% used [0x00000000e6ab0000, 0x00000000e7bdc930, 0x00000000e8000000)
  to   space 21824K,   0% used [0x00000000e5560000, 0x00000000e5560000, 0x00000000e6ab0000)
 concurrent mark-sweep generation total 393216K, used 0K [0x00000000e8000000, 0x0000000100000000, 0x0000000100000000)
 Metaspace       used 26607K, capacity 26980K, committed 27196K, reserved 1073152K
  class space    used 3095K, capacity 3222K, committed 3244K, reserved 1048576K
2016-10-20T22:52:26.779+0200: 3,199: [GC (CMS Final Remark) 2016-10-20T22:52:26.779+0200: 3,199: [ParNew
Desired survivor size 20112992 bytes, new threshold 8 (max 8)
- age   1:    2262584 bytes,    2262584 total
- age   2:    3387736 bytes,    5650320 total
- age   3:     516272 bytes,    6166592 total
- age   4:    5946968 bytes,   12113560 total
: 21942K->18467K(109248K), 0,0123441 secs] 21942K->18467K(502464K), 0,0123886 secs] [Times: user=0,03 sys=0,00, real=0,02 secs] 
Heap after GC invocations=4 (full 1):
 par new generation   total 109248K, used 18467K [0x00000000e0000000, 0x00000000e8000000, 0x00000000e8000000)
  eden space 87424K,   0% used [0x00000000e0000000, 0x00000000e0000000, 0x00000000e5560000)
  from space 21824K,  84% used [0x00000000e5560000, 0x00000000e6768fa0, 0x00000000e6ab0000)
  to   space 21824K,   0% used [0x00000000e6ab0000, 0x00000000e6ab0000, 0x00000000e8000000)
 concurrent mark-sweep generation total 393216K, used 0K [0x00000000e8000000, 0x0000000100000000, 0x0000000100000000)
 Metaspace       used 26607K, capacity 26980K, committed 27196K, reserved 1073152K
  class space    used 3095K, capacity 3222K, committed 3244K, reserved 1048576K
}
2016-10-20T22:52:26.792+0200: 3,211: [Rescan (parallel) , 0,0038047 secs]2016-10-20T22:52:26.796+0200: 3,215: [weak refs processing, 0,0006248 secs]2016-10-20T22:52:26.796+0200: 3,216: [class unloading, 0,0030781 secs]2016-10-20T22:52:26.799+0200: 3,219: [scrub symbol table, 0,0035366 secs]2016-10-20T22:52:26.803+0200: 3,222: [scrub string table, 0,0003922 secs][1 CMS-remark: 0K(393216K)] 18467K(502464K), 0,0245236 secs] [Times: user=0,05 sys=0,00, real=0,03 secs] 
2016-10-20T22:52:26.804+0200: 3,223: Total time for which application threads were stopped: 0,0246496 seconds, Stopping threads took: 0,0000557 seconds
2016-10-20T22:52:26.805+0200: 3,224: [CMS-concurrent-sweep-start]
2016-10-20T22:52:26.805+0200: 3,224: [CMS-concurrent-sweep: 0,000/0,000 secs] [Times: user=0,00 sys=0,00, real=0,00 secs] 
2016-10-20T22:52:26.805+0200: 3,224: [CMS-concurrent-reset-start]
2016-10-20T22:52:26.806+0200: 3,226: [CMS-concurrent-reset: 0,001/0,001 secs] [Times: user=0,00 sys=0,00, real=0,00 secs] 
2016-10-20T22:52:27.639+0200: 4,059: Total time for which application threads were stopped: 0,0003354 seconds, Stopping threads took: 0,0000188 seconds
2016-10-20T22:52:30.641+0200: 7,060: Total time for which application threads were stopped: 0,0000635 seconds, Stopping threads took: 0,0000161 seconds
2016-10-20T22:52:55.644+0200: 32,064: Total time for which application threads were stopped: 0,0000579 seconds, Stopping threads took: 0,0000163 seconds
2016-10-20T22:53:34.648+0200: 71,068: Total time for which application threads were stopped: 0,0004371 seconds, Stopping threads took: 0,0001091 seconds
2016-10-20T22:53:44.649+0200: 81,069: Total time for which application threads were stopped: 0,0001232 seconds, Stopping threads took: 0,0000305 seconds
2016-10-20T22:53:49.650+0200: 86,069: Total time for which application threads were stopped: 0,0000764 seconds, Stopping threads took: 0,0000203 seconds
2016-10-20T22:53:59.651+0200: 96,070: Total time for which application threads were stopped: 0,0000727 seconds, Stopping threads took: 0,0000301 seconds
2016-10-20T22:55:05.661+0200: 162,080: Total time for which application threads were stopped: 0,0000981 seconds, Stopping threads took: 0,0000369 seconds
2016-10-20T22:55:24.664+0200: 181,083: Total time for which application threads were stopped: 0,0000975 seconds, Stopping threads took: 0,0000260 seconds
2016-10-20T22:56:20.671+0200: 237,091: Total time for which application threads were stopped: 0,0001923 seconds, Stopping threads took: 0,0001085 seconds
2016-10-20T22:56:54.675+0200: 271,095: Total time for which application threads were stopped: 0,0006000 seconds, Stopping threads took: 0,0002061 seconds
2016-10-20T22:57:10.677+0200: 287,096: Total time for which application threads were stopped: 0,0002300 seconds, Stopping threads took: 0,0000458 seconds
2016-10-20T23:16:04.796+0200: 1421,215: Total time for which application threads were stopped: 0,0000755 seconds, Stopping threads took: 0,0000306 seconds
2016-10-20T23:17:49.807+0200: 1526,226: Total time for which application threads were stopped: 0,0000737 seconds, Stopping threads took: 0,0000301 seconds
2016-10-20T23:17:54.808+0200: 1531,227: Total time for which application threads were stopped: 0,0000812 seconds, Stopping threads took: 0,0000305 seconds
2016-10-20T23:31:00.888+0200: 2317,308: Total time for which application threads were stopped: 0,0004608 seconds, Stopping threads took: 0,0001781 seconds
2016-10-20T23:31:04.889+0200: 2321,308: Total time for which application threads were stopped: 0,0000582 seconds, Stopping threads took: 0,0000140 seconds
2016-10-20T23:40:25.946+0200: 2882,366: Total time for which application threads were stopped: 0,0000730 seconds, Stopping threads took: 0,0000308 seconds
2016-10-20T23:45:40.978+0200: 3197,398: Total time for which application threads were stopped: 0,0000796 seconds, Stopping threads took: 0,0000322 seconds
2016-10-20T23:59:25.065+0200: 4021,484: Total time for which application threads were stopped: 0,0001517 seconds, Stopping threads took: 0,0000623 seconds
2016-10-21T00:00:20.073+0200: 4076,492: Total time for which application threads were stopped: 0,0001662 seconds, Stopping threads took: 0,0000643 seconds
2016-10-21T00:01:15.080+0200: 4131,499: Total time for which application threads were stopped: 0,0000959 seconds, Stopping threads took: 0,0000414 seconds
2016-10-21T00:27:09.846+0200: 5686,265: Total time for which application threads were stopped: 0,0001121 seconds, Stopping threads took: 0,0000231 seconds
Heap
 par new generation   total 109248K, used 47802K [0x00000000e0000000, 0x00000000e8000000, 0x00000000e8000000)
  eden space 87424K,  33% used [0x00000000e0000000, 0x00000000e1ca5a40, 0x00000000e5560000)
  from space 21824K,  84% used [0x00000000e5560000, 0x00000000e6768fa0, 0x00000000e6ab0000)
  to   space 21824K,   0% used [0x00000000e6ab0000, 0x00000000e6ab0000, 0x00000000e8000000)
 concurrent mark-sweep generation total 393216K, used 0K [0x00000000e8000000, 0x0000000100000000, 0x0000000100000000)
 Metaspace       used 27012K, capacity 27434K, committed 27836K, reserved 1073152K
  class space    used 3154K, capacity 3287K, committed 3372K, reserved 1048576K
