OpenJDK 64-Bit Server VM (25.121-b13) for linux-amd64 JRE (1.8.0_121-8u121-b13-0ubuntu1.16.04.2-b13), built on Jan 23 2017 15:51:29 by "buildd" with gcc 5.4.0 20160609
Memory: 4k page, physical 7867800k(7506828k free), swap 8076284k(8076284k free)
CommandLine flags: -XX:CMSInitiatingOccupancyFraction=50 -XX:CMSMaxAbortablePrecleanTime=6000 -XX:+CMSParallelRemarkEnabled -XX:+CMSScavengeBeforeRemark -XX:ConcGCThreads=4 -XX:InitialHeapSize=536870912 -XX:MaxHeapSize=536870912 -XX:MaxTenuringThreshold=8 -XX:NewRatio=3 -XX:OldPLABSize=16 -XX:OnOutOfMemoryError=/opt/solr/bin/oom_solr.sh 8983 /var/solr/logs -XX:ParallelGCThreads=4 -XX:+ParallelRefProcEnabled -XX:PretenureSizeThreshold=67108864 -XX:+PrintGC -XX:+PrintGCApplicationStoppedTime -XX:+PrintGCDateStamps -XX:+PrintGCDetails -XX:+PrintGCTimeStamps -XX:+PrintHeapAtGC -XX:+PrintTenuringDistribution -XX:SurvivorRatio=4 -XX:TargetSurvivorRatio=90 -XX:ThreadStackSize=256 -XX:+UseCMSInitiatingOccupancyOnly -XX:+UseCompressedClassPointers -XX:+UseCompressedOops -XX:+UseConcMarkSweepGC -XX:+UseParNewGC 
2017-02-21T21:23:44.722+0100: 0,130: Total time for which application threads were stopped: 0,0000657 seconds, Stopping threads took: 0,0000123 seconds
2017-02-21T21:23:44.800+0100: 0,208: Total time for which application threads were stopped: 0,0001976 seconds, Stopping threads took: 0,0000243 seconds
2017-02-21T21:23:44.817+0100: 0,225: Total time for which application threads were stopped: 0,0001137 seconds, Stopping threads took: 0,0000264 seconds
2017-02-21T21:23:45.072+0100: 0,480: Total time for which application threads were stopped: 0,0001529 seconds, Stopping threads took: 0,0000177 seconds
2017-02-21T21:23:45.626+0100: 1,034: Total time for which application threads were stopped: 0,0001603 seconds, Stopping threads took: 0,0000145 seconds
2017-02-21T21:23:45.691+0100: 1,099: Total time for which application threads were stopped: 0,0001953 seconds, Stopping threads took: 0,0000245 seconds
2017-02-21T21:23:45.720+0100: 1,128: Total time for which application threads were stopped: 0,0002094 seconds, Stopping threads took: 0,0000246 seconds
2017-02-21T21:23:46.022+0100: 1,430: Total time for which application threads were stopped: 0,0001996 seconds, Stopping threads took: 0,0000183 seconds
2017-02-21T21:23:46.229+0100: 1,637: Total time for which application threads were stopped: 0,0004492 seconds, Stopping threads took: 0,0000819 seconds
2017-02-21T21:23:46.255+0100: 1,664: Total time for which application threads were stopped: 0,0011175 seconds, Stopping threads took: 0,0000268 seconds
2017-02-21T21:23:46.296+0100: 1,704: Total time for which application threads were stopped: 0,0002562 seconds, Stopping threads took: 0,0000699 seconds
2017-02-21T21:23:46.297+0100: 1,705: Total time for which application threads were stopped: 0,0002075 seconds, Stopping threads took: 0,0000182 seconds
2017-02-21T21:23:46.314+0100: 1,722: Total time for which application threads were stopped: 0,0001746 seconds, Stopping threads took: 0,0000241 seconds
2017-02-21T21:23:46.395+0100: 1,803: Total time for which application threads were stopped: 0,0002488 seconds, Stopping threads took: 0,0000221 seconds
2017-02-21T21:23:46.551+0100: 1,959: Total time for which application threads were stopped: 0,0029460 seconds, Stopping threads took: 0,0027186 seconds
{Heap before GC invocations=0 (full 0):
 par new generation   total 109248K, used 87424K [0x00000000e0000000, 0x00000000e8000000, 0x00000000e8000000)
  eden space 87424K, 100% used [0x00000000e0000000, 0x00000000e5560000, 0x00000000e5560000)
  from space 21824K,   0% used [0x00000000e5560000, 0x00000000e5560000, 0x00000000e6ab0000)
  to   space 21824K,   0% used [0x00000000e6ab0000, 0x00000000e6ab0000, 0x00000000e8000000)
 concurrent mark-sweep generation total 393216K, used 0K [0x00000000e8000000, 0x0000000100000000, 0x0000000100000000)
 Metaspace       used 18249K, capacity 18528K, committed 18688K, reserved 1064960K
  class space    used 2060K, capacity 2196K, committed 2304K, reserved 1048576K
2017-02-21T21:23:46.681+0100: 2,089: [GC (Allocation Failure) 2017-02-21T21:23:46.681+0100: 2,089: [ParNew
Desired survivor size 20112992 bytes, new threshold 8 (max 8)
- age   1:   12820664 bytes,   12820664 total
: 87424K->12626K(109248K), 0,0160564 secs] 87424K->12626K(502464K), 0,0161344 secs] [Times: user=0,04 sys=0,02, real=0,01 secs] 
Heap after GC invocations=1 (full 0):
 par new generation   total 109248K, used 12626K [0x00000000e0000000, 0x00000000e8000000, 0x00000000e8000000)
  eden space 87424K,   0% used [0x00000000e0000000, 0x00000000e0000000, 0x00000000e5560000)
  from space 21824K,  57% used [0x00000000e6ab0000, 0x00000000e7704a28, 0x00000000e8000000)
  to   space 21824K,   0% used [0x00000000e5560000, 0x00000000e5560000, 0x00000000e6ab0000)
 concurrent mark-sweep generation total 393216K, used 0K [0x00000000e8000000, 0x0000000100000000, 0x0000000100000000)
 Metaspace       used 18249K, capacity 18528K, committed 18688K, reserved 1064960K
  class space    used 2060K, capacity 2196K, committed 2304K, reserved 1048576K
}
2017-02-21T21:23:46.697+0100: 2,105: Total time for which application threads were stopped: 0,0163543 seconds, Stopping threads took: 0,0000187 seconds
2017-02-21T21:23:46.958+0100: 2,366: Total time for which application threads were stopped: 0,0003597 seconds, Stopping threads took: 0,0000494 seconds
2017-02-21T21:23:47.014+0100: 2,422: Total time for which application threads were stopped: 0,0004194 seconds, Stopping threads took: 0,0000717 seconds
{Heap before GC invocations=1 (full 0):
 par new generation   total 109248K, used 100050K [0x00000000e0000000, 0x00000000e8000000, 0x00000000e8000000)
  eden space 87424K, 100% used [0x00000000e0000000, 0x00000000e5560000, 0x00000000e5560000)
  from space 21824K,  57% used [0x00000000e6ab0000, 0x00000000e7704a28, 0x00000000e8000000)
  to   space 21824K,   0% used [0x00000000e5560000, 0x00000000e5560000, 0x00000000e6ab0000)
 concurrent mark-sweep generation total 393216K, used 0K [0x00000000e8000000, 0x0000000100000000, 0x0000000100000000)
 Metaspace       used 20085K, capacity 20428K, committed 20736K, reserved 1067008K
  class space    used 2297K, capacity 2470K, committed 2560K, reserved 1048576K
2017-02-21T21:23:47.018+0100: 2,426: [GC (Allocation Failure) 2017-02-21T21:23:47.018+0100: 2,426: [ParNew
Desired survivor size 20112992 bytes, new threshold 8 (max 8)
- age   1:    3588608 bytes,    3588608 total
- age   2:    6691792 bytes,   10280400 total
: 100050K->15974K(109248K), 0,0105581 secs] 100050K->15974K(502464K), 0,0106391 secs] [Times: user=0,03 sys=0,00, real=0,01 secs] 
Heap after GC invocations=2 (full 0):
 par new generation   total 109248K, used 15974K [0x00000000e0000000, 0x00000000e8000000, 0x00000000e8000000)
  eden space 87424K,   0% used [0x00000000e0000000, 0x00000000e0000000, 0x00000000e5560000)
  from space 21824K,  73% used [0x00000000e5560000, 0x00000000e64f9a40, 0x00000000e6ab0000)
  to   space 21824K,   0% used [0x00000000e6ab0000, 0x00000000e6ab0000, 0x00000000e8000000)
 concurrent mark-sweep generation total 393216K, used 0K [0x00000000e8000000, 0x0000000100000000, 0x0000000100000000)
 Metaspace       used 20085K, capacity 20428K, committed 20736K, reserved 1067008K
  class space    used 2297K, capacity 2470K, committed 2560K, reserved 1048576K
}
2017-02-21T21:23:47.029+0100: 2,437: Total time for which application threads were stopped: 0,0126356 seconds, Stopping threads took: 0,0017362 seconds
2017-02-21T21:23:47.065+0100: 2,473: Total time for which application threads were stopped: 0,0004807 seconds, Stopping threads took: 0,0000627 seconds
2017-02-21T21:23:47.198+0100: 2,606: Total time for which application threads were stopped: 0,0001537 seconds, Stopping threads took: 0,0000275 seconds
{Heap before GC invocations=2 (full 0):
 par new generation   total 109248K, used 103398K [0x00000000e0000000, 0x00000000e8000000, 0x00000000e8000000)
  eden space 87424K, 100% used [0x00000000e0000000, 0x00000000e5560000, 0x00000000e5560000)
  from space 21824K,  73% used [0x00000000e5560000, 0x00000000e64f9a40, 0x00000000e6ab0000)
  to   space 21824K,   0% used [0x00000000e6ab0000, 0x00000000e6ab0000, 0x00000000e8000000)
 concurrent mark-sweep generation total 393216K, used 0K [0x00000000e8000000, 0x0000000100000000, 0x0000000100000000)
 Metaspace       used 21002K, capacity 21350K, committed 21628K, reserved 1069056K
  class space    used 2419K, capacity 2589K, committed 2684K, reserved 1048576K
2017-02-21T21:23:47.238+0100: 2,646: [GC (Allocation Failure) 2017-02-21T21:23:47.238+0100: 2,646: [ParNew
Desired survivor size 20112992 bytes, new threshold 8 (max 8)
- age   1:    1944152 bytes,    1944152 total
- age   2:     830000 bytes,    2774152 total
- age   3:    6687640 bytes,    9461792 total
: 103398K->12393K(109248K), 0,0134589 secs] 103398K->12393K(502464K), 0,0135424 secs] [Times: user=0,05 sys=0,00, real=0,02 secs] 
Heap after GC invocations=3 (full 0):
 par new generation   total 109248K, used 12393K [0x00000000e0000000, 0x00000000e8000000, 0x00000000e8000000)
  eden space 87424K,   0% used [0x00000000e0000000, 0x00000000e0000000, 0x00000000e5560000)
  from space 21824K,  56% used [0x00000000e6ab0000, 0x00000000e76ca4e0, 0x00000000e8000000)
  to   space 21824K,   0% used [0x00000000e5560000, 0x00000000e5560000, 0x00000000e6ab0000)
 concurrent mark-sweep generation total 393216K, used 0K [0x00000000e8000000, 0x0000000100000000, 0x0000000100000000)
 Metaspace       used 21002K, capacity 21350K, committed 21628K, reserved 1069056K
  class space    used 2419K, capacity 2589K, committed 2684K, reserved 1048576K
}
2017-02-21T21:23:47.252+0100: 2,660: Total time for which application threads were stopped: 0,0137424 seconds, Stopping threads took: 0,0000551 seconds
2017-02-21T21:23:47.254+0100: 2,662: [GC (CMS Initial Mark) [1 CMS-initial-mark: 0K(393216K)] 13862K(502464K), 0,0048386 secs] [Times: user=0,01 sys=0,00, real=0,01 secs] 
2017-02-21T21:23:47.258+0100: 2,666: Total time for which application threads were stopped: 0,0049973 seconds, Stopping threads took: 0,0000252 seconds
2017-02-21T21:23:47.258+0100: 2,666: [CMS-concurrent-mark-start]
2017-02-21T21:23:47.259+0100: 2,667: [CMS-concurrent-mark: 0,001/0,001 secs] [Times: user=0,01 sys=0,00, real=0,00 secs] 
2017-02-21T21:23:47.259+0100: 2,667: [CMS-concurrent-preclean-start]
2017-02-21T21:23:47.261+0100: 2,669: [CMS-concurrent-preclean: 0,001/0,001 secs] [Times: user=0,00 sys=0,00, real=0,00 secs] 
2017-02-21T21:23:47.261+0100: 2,669: [CMS-concurrent-abortable-preclean-start]
2017-02-21T21:23:47.298+0100: 2,706: Total time for which application threads were stopped: 0,0001030 seconds, Stopping threads took: 0,0000258 seconds
{Heap before GC invocations=3 (full 1):
 par new generation   total 109248K, used 99817K [0x00000000e0000000, 0x00000000e8000000, 0x00000000e8000000)
  eden space 87424K, 100% used [0x00000000e0000000, 0x00000000e5560000, 0x00000000e5560000)
  from space 21824K,  56% used [0x00000000e6ab0000, 0x00000000e76ca4e0, 0x00000000e8000000)
  to   space 21824K,   0% used [0x00000000e5560000, 0x00000000e5560000, 0x00000000e6ab0000)
 concurrent mark-sweep generation total 393216K, used 0K [0x00000000e8000000, 0x0000000100000000, 0x0000000100000000)
 Metaspace       used 21285K, capacity 21626K, committed 21884K, reserved 1069056K
  class space    used 2447K, capacity 2604K, committed 2684K, reserved 1048576K
2017-02-21T21:23:47.381+0100: 2,789: [GC (Allocation Failure) 2017-02-21T21:23:47.381+0100: 2,789: [ParNew
Desired survivor size 20112992 bytes, new threshold 8 (max 8)
- age   1:     971392 bytes,     971392 total
- age   2:    1445968 bytes,    2417360 total
- age   3:     808304 bytes,    3225664 total
- age   4:    6687672 bytes,    9913336 total
: 99817K->12627K(109248K), 0,0215564 secs] 99817K->12627K(502464K), 0,0216290 secs] [Times: user=0,06 sys=0,00, real=0,02 secs] 
Heap after GC invocations=4 (full 1):
 par new generation   total 109248K, used 12627K [0x00000000e0000000, 0x00000000e8000000, 0x00000000e8000000)
  eden space 87424K,   0% used [0x00000000e0000000, 0x00000000e0000000, 0x00000000e5560000)
  from space 21824K,  57% used [0x00000000e5560000, 0x00000000e61b4c38, 0x00000000e6ab0000)
  to   space 21824K,   0% used [0x00000000e6ab0000, 0x00000000e6ab0000, 0x00000000e8000000)
 concurrent mark-sweep generation total 393216K, used 0K [0x00000000e8000000, 0x0000000100000000, 0x0000000100000000)
 Metaspace       used 21285K, capacity 21626K, committed 21884K, reserved 1069056K
  class space    used 2447K, capacity 2604K, committed 2684K, reserved 1048576K
}
2017-02-21T21:23:47.403+0100: 2,811: Total time for which application threads were stopped: 0,0218651 seconds, Stopping threads took: 0,0000773 seconds
2017-02-21T21:23:47.403+0100: 2,811: [CMS-concurrent-abortable-preclean: 0,110/0,142 secs] [Times: user=0,53 sys=0,01, real=0,14 secs] 
2017-02-21T21:23:47.405+0100: 2,813: [GC (CMS Final Remark) [YG occupancy: 14685 K (109248 K)]{Heap before GC invocations=4 (full 1):
 par new generation   total 109248K, used 14685K [0x00000000e0000000, 0x00000000e8000000, 0x00000000e8000000)
  eden space 87424K,   2% used [0x00000000e0000000, 0x00000000e02028c8, 0x00000000e5560000)
  from space 21824K,  57% used [0x00000000e5560000, 0x00000000e61b4c38, 0x00000000e6ab0000)
  to   space 21824K,   0% used [0x00000000e6ab0000, 0x00000000e6ab0000, 0x00000000e8000000)
 concurrent mark-sweep generation total 393216K, used 0K [0x00000000e8000000, 0x0000000100000000, 0x0000000100000000)
 Metaspace       used 21285K, capacity 21626K, committed 21884K, reserved 1069056K
  class space    used 2447K, capacity 2604K, committed 2684K, reserved 1048576K
2017-02-21T21:23:47.405+0100: 2,813: [GC (CMS Final Remark) 2017-02-21T21:23:47.405+0100: 2,813: [ParNew
Desired survivor size 20112992 bytes, new threshold 8 (max 8)
- age   1:     574360 bytes,     574360 total
- age   2:     894440 bytes,    1468800 total
- age   3:    1445968 bytes,    2914768 total
- age   4:     808304 bytes,    3723072 total
- age   5:    6687640 bytes,   10410712 total
: 14685K->13140K(109248K), 0,0096938 secs] 14685K->13140K(502464K), 0,0097348 secs] [Times: user=0,02 sys=0,01, real=0,01 secs] 
Heap after GC invocations=5 (full 1):
 par new generation   total 109248K, used 13140K [0x00000000e0000000, 0x00000000e8000000, 0x00000000e8000000)
  eden space 87424K,   0% used [0x00000000e0000000, 0x00000000e0000000, 0x00000000e5560000)
  from space 21824K,  60% used [0x00000000e6ab0000, 0x00000000e7785118, 0x00000000e8000000)
  to   space 21824K,   0% used [0x00000000e5560000, 0x00000000e5560000, 0x00000000e6ab0000)
 concurrent mark-sweep generation total 393216K, used 0K [0x00000000e8000000, 0x0000000100000000, 0x0000000100000000)
 Metaspace       used 21285K, capacity 21626K, committed 21884K, reserved 1069056K
  class space    used 2447K, capacity 2604K, committed 2684K, reserved 1048576K
}
2017-02-21T21:23:47.414+0100: 2,822: [Rescan (parallel) , 0,0033208 secs]2017-02-21T21:23:47.418+0100: 2,826: [weak refs processing, 0,0006213 secs]2017-02-21T21:23:47.418+0100: 2,826: [class unloading, 0,0028458 secs]2017-02-21T21:23:47.421+0100: 2,829: [scrub symbol table, 0,0026405 secs]2017-02-21T21:23:47.424+0100: 2,832: [scrub string table, 0,0003988 secs][1 CMS-remark: 0K(393216K)] 13140K(502464K), 0,0202371 secs] [Times: user=0,04 sys=0,01, real=0,02 secs] 
2017-02-21T21:23:47.425+0100: 2,833: Total time for which application threads were stopped: 0,0203722 seconds, Stopping threads took: 0,0000445 seconds
2017-02-21T21:23:47.425+0100: 2,833: [CMS-concurrent-sweep-start]
2017-02-21T21:23:47.425+0100: 2,833: [CMS-concurrent-sweep: 0,000/0,000 secs] [Times: user=0,00 sys=0,00, real=0,00 secs] 
2017-02-21T21:23:47.425+0100: 2,833: [CMS-concurrent-reset-start]
2017-02-21T21:23:47.427+0100: 2,835: [CMS-concurrent-reset: 0,002/0,002 secs] [Times: user=0,00 sys=0,00, real=0,01 secs] 
{Heap before GC invocations=5 (full 1):
 par new generation   total 109248K, used 100564K [0x00000000e0000000, 0x00000000e8000000, 0x00000000e8000000)
  eden space 87424K, 100% used [0x00000000e0000000, 0x00000000e5560000, 0x00000000e5560000)
  from space 21824K,  60% used [0x00000000e6ab0000, 0x00000000e7785118, 0x00000000e8000000)
  to   space 21824K,   0% used [0x00000000e5560000, 0x00000000e5560000, 0x00000000e6ab0000)
 concurrent mark-sweep generation total 393216K, used 0K [0x00000000e8000000, 0x0000000100000000, 0x0000000100000000)
 Metaspace       used 21445K, capacity 21798K, committed 21884K, reserved 1069056K
  class space    used 2472K, capacity 2638K, committed 2684K, reserved 1048576K
2017-02-21T21:23:47.506+0100: 2,914: [GC (Allocation Failure) 2017-02-21T21:23:47.506+0100: 2,914: [ParNew
Desired survivor size 20112992 bytes, new threshold 8 (max 8)
- age   1:    1137728 bytes,    1137728 total
- age   2:       1416 bytes,    1139144 total
- age   3:     183728 bytes,    1322872 total
- age   4:    1445144 bytes,    2768016 total
- age   5:     806320 bytes,    3574336 total
- age   6:    6687840 bytes,   10262176 total
: 100564K->12517K(109248K), 0,0095107 secs] 100564K->12517K(502464K), 0,0095816 secs] [Times: user=0,03 sys=0,00, real=0,01 secs] 
Heap after GC invocations=6 (full 1):
 par new generation   total 109248K, used 12517K [0x00000000e0000000, 0x00000000e8000000, 0x00000000e8000000)
  eden space 87424K,   0% used [0x00000000e0000000, 0x00000000e0000000, 0x00000000e5560000)
  from space 21824K,  57% used [0x00000000e5560000, 0x00000000e61996f0, 0x00000000e6ab0000)
  to   space 21824K,   0% used [0x00000000e6ab0000, 0x00000000e6ab0000, 0x00000000e8000000)
 concurrent mark-sweep generation total 393216K, used 0K [0x00000000e8000000, 0x0000000100000000, 0x0000000100000000)
 Metaspace       used 21445K, capacity 21798K, committed 21884K, reserved 1069056K
  class space    used 2472K, capacity 2638K, committed 2684K, reserved 1048576K
}
2017-02-21T21:23:47.516+0100: 2,924: Total time for which application threads were stopped: 0,0097925 seconds, Stopping threads took: 0,0000738 seconds
2017-02-21T21:23:47.541+0100: 2,949: Total time for which application threads were stopped: 0,0003128 seconds, Stopping threads took: 0,0000187 seconds
2017-02-21T21:23:47.706+0100: 3,114: Total time for which application threads were stopped: 0,0005044 seconds, Stopping threads took: 0,0000399 seconds
2017-02-21T21:23:47.722+0100: 3,130: Total time for which application threads were stopped: 0,0004796 seconds, Stopping threads took: 0,0000441 seconds
{Heap before GC invocations=6 (full 1):
 par new generation   total 109248K, used 99941K [0x00000000e0000000, 0x00000000e8000000, 0x00000000e8000000)
  eden space 87424K, 100% used [0x00000000e0000000, 0x00000000e5560000, 0x00000000e5560000)
  from space 21824K,  57% used [0x00000000e5560000, 0x00000000e61996f0, 0x00000000e6ab0000)
  to   space 21824K,   0% used [0x00000000e6ab0000, 0x00000000e6ab0000, 0x00000000e8000000)
 concurrent mark-sweep generation total 393216K, used 0K [0x00000000e8000000, 0x0000000100000000, 0x0000000100000000)
 Metaspace       used 24365K, capacity 24878K, committed 25084K, reserved 1071104K
  class space    used 2860K, capacity 3046K, committed 3068K, reserved 1048576K
2017-02-21T21:23:47.935+0100: 3,343: [GC (Allocation Failure) 2017-02-21T21:23:47.935+0100: 3,343: [ParNew
Desired survivor size 20112992 bytes, new threshold 8 (max 8)
- age   1:    5240216 bytes,    5240216 total
- age   2:     127352 bytes,    5367568 total
- age   3:       1416 bytes,    5368984 total
- age   4:     182600 bytes,    5551584 total
- age   5:     275464 bytes,    5827048 total
- age   6:     782200 bytes,    6609248 total
- age   7:    6680184 bytes,   13289432 total
: 99941K->17535K(109248K), 0,0211801 secs] 99941K->17535K(502464K), 0,0212453 secs] [Times: user=0,07 sys=0,00, real=0,02 secs] 
Heap after GC invocations=7 (full 1):
 par new generation   total 109248K, used 17535K [0x00000000e0000000, 0x00000000e8000000, 0x00000000e8000000)
  eden space 87424K,   0% used [0x00000000e0000000, 0x00000000e0000000, 0x00000000e5560000)
  from space 21824K,  80% used [0x00000000e6ab0000, 0x00000000e7bcff00, 0x00000000e8000000)
  to   space 21824K,   0% used [0x00000000e5560000, 0x00000000e5560000, 0x00000000e6ab0000)
 concurrent mark-sweep generation total 393216K, used 0K [0x00000000e8000000, 0x0000000100000000, 0x0000000100000000)
 Metaspace       used 24365K, capacity 24878K, committed 25084K, reserved 1071104K
  class space    used 2860K, capacity 3046K, committed 3068K, reserved 1048576K
}
2017-02-21T21:23:47.956+0100: 3,364: Total time for which application threads were stopped: 0,0215273 seconds, Stopping threads took: 0,0000276 seconds
{Heap before GC invocations=7 (full 1):
 par new generation   total 109248K, used 104959K [0x00000000e0000000, 0x00000000e8000000, 0x00000000e8000000)
  eden space 87424K, 100% used [0x00000000e0000000, 0x00000000e5560000, 0x00000000e5560000)
  from space 21824K,  80% used [0x00000000e6ab0000, 0x00000000e7bcff00, 0x00000000e8000000)
  to   space 21824K,   0% used [0x00000000e5560000, 0x00000000e5560000, 0x00000000e6ab0000)
 concurrent mark-sweep generation total 393216K, used 0K [0x00000000e8000000, 0x0000000100000000, 0x0000000100000000)
 Metaspace       used 24960K, capacity 25444K, committed 25724K, reserved 1071104K
  class space    used 2909K, capacity 3082K, committed 3196K, reserved 1048576K
2017-02-21T21:23:48.091+0100: 3,499: [GC (Allocation Failure) 2017-02-21T21:23:48.091+0100: 3,499: [ParNew
Desired survivor size 20112992 bytes, new threshold 8 (max 8)
- age   1:    1028976 bytes,    1028976 total
- age   2:    1799896 bytes,    2828872 total
- age   3:     101784 bytes,    2930656 total
- age   4:       1416 bytes,    2932072 total
- age   5:     136712 bytes,    3068784 total
- age   6:     225936 bytes,    3294720 total
- age   7:     754824 bytes,    4049544 total
- age   8:    6413616 bytes,   10463160 total
: 104959K->14117K(109248K), 0,0184092 secs] 104959K->14117K(502464K), 0,0184906 secs] [Times: user=0,06 sys=0,00, real=0,02 secs] 
Heap after GC invocations=8 (full 1):
 par new generation   total 109248K, used 14117K [0x00000000e0000000, 0x00000000e8000000, 0x00000000e8000000)
  eden space 87424K,   0% used [0x00000000e0000000, 0x00000000e0000000, 0x00000000e5560000)
  from space 21824K,  64% used [0x00000000e5560000, 0x00000000e63295c0, 0x00000000e6ab0000)
  to   space 21824K,   0% used [0x00000000e6ab0000, 0x00000000e6ab0000, 0x00000000e8000000)
 concurrent mark-sweep generation total 393216K, used 0K [0x00000000e8000000, 0x0000000100000000, 0x0000000100000000)
 Metaspace       used 24960K, capacity 25444K, committed 25724K, reserved 1071104K
  class space    used 2909K, capacity 3082K, committed 3196K, reserved 1048576K
}
2017-02-21T21:23:48.110+0100: 3,518: Total time for which application threads were stopped: 0,0187350 seconds, Stopping threads took: 0,0000503 seconds
2017-02-21T21:23:48.239+0100: 3,647: Total time for which application threads were stopped: 0,0004655 seconds, Stopping threads took: 0,0000625 seconds
2017-02-21T21:23:48.311+0100: 3,719: Total time for which application threads were stopped: 0,0051799 seconds, Stopping threads took: 0,0048256 seconds
2017-02-21T21:23:48.391+0100: 3,799: Total time for which application threads were stopped: 0,0017799 seconds, Stopping threads took: 0,0012830 seconds
2017-02-21T21:23:48.408+0100: 3,816: Total time for which application threads were stopped: 0,0005336 seconds, Stopping threads took: 0,0000492 seconds
2017-02-21T21:23:48.484+0100: 3,892: Total time for which application threads were stopped: 0,0005154 seconds, Stopping threads took: 0,0000653 seconds
2017-02-21T21:23:48.619+0100: 4,027: Total time for which application threads were stopped: 0,0005138 seconds, Stopping threads took: 0,0000302 seconds
2017-02-21T21:23:48.647+0100: 4,055: Total time for which application threads were stopped: 0,0030141 seconds, Stopping threads took: 0,0026203 seconds
2017-02-21T21:23:48.654+0100: 4,062: Total time for which application threads were stopped: 0,0003884 seconds, Stopping threads took: 0,0002766 seconds
2017-02-21T21:24:21.660+0100: 37,068: Total time for which application threads were stopped: 0,0000945 seconds, Stopping threads took: 0,0000323 seconds
2017-02-21T21:25:41.074+0100: 117,080: Total time for which application threads were stopped: 0,0005259 seconds, Stopping threads took: 0,0002234 seconds
2017-02-21T21:25:46.074+0100: 122,081: Total time for which application threads were stopped: 0,0000783 seconds, Stopping threads took: 0,0000157 seconds
2017-02-21T21:26:45.080+0100: 181,086: Total time for which application threads were stopped: 0,0000905 seconds, Stopping threads took: 0,0000327 seconds
2017-02-21T21:27:56.088+0100: 252,094: Total time for which application threads were stopped: 0,0001124 seconds, Stopping threads took: 0,0000381 seconds
2017-02-21T21:28:06.089+0100: 262,095: Total time for which application threads were stopped: 0,0000805 seconds, Stopping threads took: 0,0000156 seconds
2017-02-21T21:28:15.090+0100: 271,096: Total time for which application threads were stopped: 0,0000979 seconds, Stopping threads took: 0,0000322 seconds
2017-02-21T21:28:21.091+0100: 277,097: Total time for which application threads were stopped: 0,0000739 seconds, Stopping threads took: 0,0000163 seconds
2017-02-21T21:29:00.096+0100: 316,102: Total time for which application threads were stopped: 0,0000907 seconds, Stopping threads took: 0,0000314 seconds
2017-02-21T21:29:06.097+0100: 322,103: Total time for which application threads were stopped: 0,0000812 seconds, Stopping threads took: 0,0000156 seconds
2017-02-21T21:29:20.098+0100: 336,105: Total time for which application threads were stopped: 0,0001176 seconds, Stopping threads took: 0,0000424 seconds
2017-02-21T21:31:46.118+0100: 482,124: Total time for which application threads were stopped: 0,0001112 seconds, Stopping threads took: 0,0000324 seconds
2017-02-21T21:43:06.197+0100: 1162,203: Total time for which application threads were stopped: 0,0000832 seconds, Stopping threads took: 0,0000269 seconds
2017-02-21T21:47:15.217+0100: 1411,223: Total time for which application threads were stopped: 0,0001306 seconds, Stopping threads took: 0,0000374 seconds
2017-02-21T21:51:15.235+0100: 1651,241: Total time for which application threads were stopped: 0,0000982 seconds, Stopping threads took: 0,0000305 seconds
2017-02-21T22:02:01.287+0100: 2297,294: Total time for which application threads were stopped: 0,0001139 seconds, Stopping threads took: 0,0000340 seconds
2017-02-21T22:02:05.288+0100: 2301,295: Total time for which application threads were stopped: 0,0005774 seconds, Stopping threads took: 0,0000821 seconds
2017-02-21T22:09:46.328+0100: 2762,335: Total time for which application threads were stopped: 0,0003469 seconds, Stopping threads took: 0,0001485 seconds
2017-02-21T22:17:01.368+0100: 3197,374: Total time for which application threads were stopped: 0,0004243 seconds, Stopping threads took: 0,0001504 seconds
2017-02-21T22:28:20.429+0100: 3876,435: Total time for which application threads were stopped: 0,0000990 seconds, Stopping threads took: 0,0000369 seconds
2017-02-21T22:28:30.430+0100: 3886,436: Total time for which application threads were stopped: 0,0001319 seconds, Stopping threads took: 0,0000395 seconds
2017-02-21T22:48:56.593+0100: 5112,599: Total time for which application threads were stopped: 0,0001329 seconds, Stopping threads took: 0,0000469 seconds
2017-02-21T23:08:06.718+0100: 6262,724: Total time for which application threads were stopped: 0,0001148 seconds, Stopping threads took: 0,0000388 seconds
2017-02-21T23:10:16.731+0100: 6392,738: Total time for which application threads were stopped: 0,0001050 seconds, Stopping threads took: 0,0000351 seconds
2017-02-21T23:23:45.828+0100: 7201,834: Total time for which application threads were stopped: 0,0001006 seconds, Stopping threads took: 0,0000367 seconds
2017-02-21T23:24:45.834+0100: 7261,840: Total time for which application threads were stopped: 0,0006350 seconds, Stopping threads took: 0,0002170 seconds
2017-02-21T23:31:45.875+0100: 7681,882: Total time for which application threads were stopped: 0,0009255 seconds, Stopping threads took: 0,0005088 seconds
2017-02-21T23:32:15.878+0100: 7711,884: Total time for which application threads were stopped: 0,0003145 seconds, Stopping threads took: 0,0002175 seconds
{Heap before GC invocations=8 (full 1):
 par new generation   total 109248K, used 101541K [0x00000000e0000000, 0x00000000e8000000, 0x00000000e8000000)
  eden space 87424K, 100% used [0x00000000e0000000, 0x00000000e5560000, 0x00000000e5560000)
  from space 21824K,  64% used [0x00000000e5560000, 0x00000000e63295c0, 0x00000000e6ab0000)
  to   space 21824K,   0% used [0x00000000e6ab0000, 0x00000000e6ab0000, 0x00000000e8000000)
 concurrent mark-sweep generation total 393216K, used 0K [0x00000000e8000000, 0x0000000100000000, 0x0000000100000000)
 Metaspace       used 28135K, capacity 28680K, committed 28796K, reserved 1075200K
  class space    used 3225K, capacity 3392K, committed 3452K, reserved 1048576K
2017-02-22T00:59:53.075+0100: 12969,082: [GC (Allocation Failure) 2017-02-22T00:59:53.075+0100: 12969,082: [ParNew
Desired survivor size 20112992 bytes, new threshold 8 (max 8)
- age   1:   12720920 bytes,   12720920 total
- age   2:     492792 bytes,   13213712 total
- age   3:    1779824 bytes,   14993536 total
- age   4:     101784 bytes,   15095320 total
- age   5:       1416 bytes,   15096736 total
- age   6:     136584 bytes,   15233320 total
- age   7:     225840 bytes,   15459160 total
- age   8:     753864 bytes,   16213024 total
: 101541K->17566K(109248K), 0,0815644 secs] 101541K->24299K(502464K), 0,0816642 secs] [Times: user=0,12 sys=0,00, real=0,08 secs] 
Heap after GC invocations=9 (full 1):
 par new generation   total 109248K, used 17566K [0x00000000e0000000, 0x00000000e8000000, 0x00000000e8000000)
  eden space 87424K,   0% used [0x00000000e0000000, 0x00000000e0000000, 0x00000000e5560000)
  from space 21824K,  80% used [0x00000000e6ab0000, 0x00000000e7bd7888, 0x00000000e8000000)
  to   space 21824K,   0% used [0x00000000e5560000, 0x00000000e5560000, 0x00000000e6ab0000)
 concurrent mark-sweep generation total 393216K, used 6733K [0x00000000e8000000, 0x0000000100000000, 0x0000000100000000)
 Metaspace       used 28135K, capacity 28680K, committed 28796K, reserved 1075200K
  class space    used 3225K, capacity 3392K, committed 3452K, reserved 1048576K
}
2017-02-22T00:59:53.157+0100: 12969,163: Total time for which application threads were stopped: 0,1040679 seconds, Stopping threads took: 0,0222189 seconds
2017-02-22T00:59:53.173+0100: 12969,180: Total time for which application threads were stopped: 0,0014686 seconds, Stopping threads took: 0,0013635 seconds
2017-02-22T00:59:53.176+0100: 12969,182: Total time for which application threads were stopped: 0,0006729 seconds, Stopping threads took: 0,0005774 seconds
2017-02-22T00:59:53.182+0100: 12969,188: Total time for which application threads were stopped: 0,0001131 seconds, Stopping threads took: 0,0000394 seconds
Heap
 par new generation   total 109248K, used 22688K [0x00000000e0000000, 0x00000000e8000000, 0x00000000e8000000)
  eden space 87424K,   5% used [0x00000000e0000000, 0x00000000e0500b48, 0x00000000e5560000)
  from space 21824K,  80% used [0x00000000e6ab0000, 0x00000000e7bd7888, 0x00000000e8000000)
  to   space 21824K,   0% used [0x00000000e5560000, 0x00000000e5560000, 0x00000000e6ab0000)
 concurrent mark-sweep generation total 393216K, used 6733K [0x00000000e8000000, 0x0000000100000000, 0x0000000100000000)
 Metaspace       used 28203K, capacity 28776K, committed 29052K, reserved 1075200K
  class space    used 3232K, capacity 3424K, committed 3452K, reserved 1048576K
