OpenJDK 64-Bit Server VM (25.121-b13) for linux-amd64 JRE (1.8.0_121-8u121-b13-0ubuntu1.16.04.2-b13), built on Jan 23 2017 15:51:29 by "buildd" with gcc 5.4.0 20160609
Memory: 4k page, physical 7867800k(7507656k free), swap 8076284k(8076284k free)
CommandLine flags: -XX:CMSInitiatingOccupancyFraction=50 -XX:CMSMaxAbortablePrecleanTime=6000 -XX:+CMSParallelRemarkEnabled -XX:+CMSScavengeBeforeRemark -XX:ConcGCThreads=4 -XX:InitialHeapSize=536870912 -XX:MaxHeapSize=536870912 -XX:MaxTenuringThreshold=8 -XX:NewRatio=3 -XX:OldPLABSize=16 -XX:OnOutOfMemoryError=/opt/solr/bin/oom_solr.sh 8983 /var/solr/logs -XX:ParallelGCThreads=4 -XX:+ParallelRefProcEnabled -XX:PretenureSizeThreshold=67108864 -XX:+PrintGC -XX:+PrintGCApplicationStoppedTime -XX:+PrintGCDateStamps -XX:+PrintGCDetails -XX:+PrintGCTimeStamps -XX:+PrintHeapAtGC -XX:+PrintTenuringDistribution -XX:SurvivorRatio=4 -XX:TargetSurvivorRatio=90 -XX:ThreadStackSize=256 -XX:+UseCMSInitiatingOccupancyOnly -XX:+UseCompressedClassPointers -XX:+UseCompressedOops -XX:+UseConcMarkSweepGC -XX:+UseParNewGC 
2017-02-20T22:24:22.195+0100: 0,343: Total time for which application threads were stopped: 0,0001175 seconds, Stopping threads took: 0,0000150 seconds
2017-02-20T22:24:22.287+0100: 0,435: Total time for which application threads were stopped: 0,0001057 seconds, Stopping threads took: 0,0000112 seconds
2017-02-20T22:24:22.360+0100: 0,508: Total time for which application threads were stopped: 0,0000972 seconds, Stopping threads took: 0,0000144 seconds
2017-02-20T22:24:22.709+0100: 0,856: Total time for which application threads were stopped: 0,0001644 seconds, Stopping threads took: 0,0000219 seconds
2017-02-20T22:24:23.044+0100: 1,192: Total time for which application threads were stopped: 0,0001159 seconds, Stopping threads took: 0,0000108 seconds
2017-02-20T22:24:23.120+0100: 1,268: Total time for which application threads were stopped: 0,0001464 seconds, Stopping threads took: 0,0000181 seconds
2017-02-20T22:24:23.144+0100: 1,292: Total time for which application threads were stopped: 0,0003468 seconds, Stopping threads took: 0,0000405 seconds
2017-02-20T22:24:23.385+0100: 1,533: Total time for which application threads were stopped: 0,0001849 seconds, Stopping threads took: 0,0000274 seconds
2017-02-20T22:24:23.602+0100: 1,750: Total time for which application threads were stopped: 0,0001851 seconds, Stopping threads took: 0,0000141 seconds
2017-02-20T22:24:23.630+0100: 1,778: Total time for which application threads were stopped: 0,0002204 seconds, Stopping threads took: 0,0000192 seconds
2017-02-20T22:24:23.661+0100: 1,809: Total time for which application threads were stopped: 0,0002280 seconds, Stopping threads took: 0,0000254 seconds
2017-02-20T22:24:23.662+0100: 1,809: Total time for which application threads were stopped: 0,0001923 seconds, Stopping threads took: 0,0000235 seconds
2017-02-20T22:24:23.673+0100: 1,821: Total time for which application threads were stopped: 0,0001783 seconds, Stopping threads took: 0,0000207 seconds
2017-02-20T22:24:23.752+0100: 1,899: Total time for which application threads were stopped: 0,0002451 seconds, Stopping threads took: 0,0000192 seconds
2017-02-20T22:24:23.911+0100: 2,059: Total time for which application threads were stopped: 0,0002498 seconds, Stopping threads took: 0,0000299 seconds
{Heap before GC invocations=0 (full 0):
 par new generation   total 109248K, used 87424K [0x00000000e0000000, 0x00000000e8000000, 0x00000000e8000000)
  eden space 87424K, 100% used [0x00000000e0000000, 0x00000000e5560000, 0x00000000e5560000)
  from space 21824K,   0% used [0x00000000e5560000, 0x00000000e5560000, 0x00000000e6ab0000)
  to   space 21824K,   0% used [0x00000000e6ab0000, 0x00000000e6ab0000, 0x00000000e8000000)
 concurrent mark-sweep generation total 393216K, used 0K [0x00000000e8000000, 0x0000000100000000, 0x0000000100000000)
 Metaspace       used 18045K, capacity 18336K, committed 18688K, reserved 1064960K
  class space    used 2040K, capacity 2196K, committed 2304K, reserved 1048576K
2017-02-20T22:24:24.007+0100: 2,155: [GC (Allocation Failure) 2017-02-20T22:24:24.007+0100: 2,155: [ParNew
Desired survivor size 20112992 bytes, new threshold 8 (max 8)
- age   1:   12609656 bytes,   12609656 total
: 87424K->12421K(109248K), 0,0168185 secs] 87424K->12421K(502464K), 0,0168977 secs] [Times: user=0,04 sys=0,02, real=0,01 secs] 
Heap after GC invocations=1 (full 0):
 par new generation   total 109248K, used 12421K [0x00000000e0000000, 0x00000000e8000000, 0x00000000e8000000)
  eden space 87424K,   0% used [0x00000000e0000000, 0x00000000e0000000, 0x00000000e5560000)
  from space 21824K,  56% used [0x00000000e6ab0000, 0x00000000e76d16f8, 0x00000000e8000000)
  to   space 21824K,   0% used [0x00000000e5560000, 0x00000000e5560000, 0x00000000e6ab0000)
 concurrent mark-sweep generation total 393216K, used 0K [0x00000000e8000000, 0x0000000100000000, 0x0000000100000000)
 Metaspace       used 18045K, capacity 18336K, committed 18688K, reserved 1064960K
  class space    used 2040K, capacity 2196K, committed 2304K, reserved 1048576K
}
2017-02-20T22:24:24.024+0100: 2,172: Total time for which application threads were stopped: 0,0171391 seconds, Stopping threads took: 0,0000682 seconds
2017-02-20T22:24:24.295+0100: 2,443: Total time for which application threads were stopped: 0,0019973 seconds, Stopping threads took: 0,0016351 seconds
{Heap before GC invocations=1 (full 0):
 par new generation   total 109248K, used 99845K [0x00000000e0000000, 0x00000000e8000000, 0x00000000e8000000)
  eden space 87424K, 100% used [0x00000000e0000000, 0x00000000e5560000, 0x00000000e5560000)
  from space 21824K,  56% used [0x00000000e6ab0000, 0x00000000e76d16f8, 0x00000000e8000000)
  to   space 21824K,   0% used [0x00000000e5560000, 0x00000000e5560000, 0x00000000e6ab0000)
 concurrent mark-sweep generation total 393216K, used 0K [0x00000000e8000000, 0x0000000100000000, 0x0000000100000000)
 Metaspace       used 20057K, capacity 20362K, committed 20736K, reserved 1067008K
  class space    used 2295K, capacity 2469K, committed 2560K, reserved 1048576K
2017-02-20T22:24:24.354+0100: 2,502: [GC (Allocation Failure) 2017-02-20T22:24:24.354+0100: 2,502: [ParNew
Desired survivor size 20112992 bytes, new threshold 8 (max 8)
- age   1:    3693632 bytes,    3693632 total
- age   2:    6662944 bytes,   10356576 total
: 99845K->15752K(109248K), 0,0099184 secs] 99845K->15752K(502464K), 0,0099898 secs] [Times: user=0,03 sys=0,01, real=0,01 secs] 
Heap after GC invocations=2 (full 0):
 par new generation   total 109248K, used 15752K [0x00000000e0000000, 0x00000000e8000000, 0x00000000e8000000)
  eden space 87424K,   0% used [0x00000000e0000000, 0x00000000e0000000, 0x00000000e5560000)
  from space 21824K,  72% used [0x00000000e5560000, 0x00000000e64c2240, 0x00000000e6ab0000)
  to   space 21824K,   0% used [0x00000000e6ab0000, 0x00000000e6ab0000, 0x00000000e8000000)
 concurrent mark-sweep generation total 393216K, used 0K [0x00000000e8000000, 0x0000000100000000, 0x0000000100000000)
 Metaspace       used 20057K, capacity 20362K, committed 20736K, reserved 1067008K
  class space    used 2295K, capacity 2469K, committed 2560K, reserved 1048576K
}
2017-02-20T22:24:24.364+0100: 2,512: Total time for which application threads were stopped: 0,0102448 seconds, Stopping threads took: 0,0001083 seconds
2017-02-20T22:24:24.368+0100: 2,516: Total time for which application threads were stopped: 0,0003285 seconds, Stopping threads took: 0,0000585 seconds
2017-02-20T22:24:24.413+0100: 2,561: Total time for which application threads were stopped: 0,0003258 seconds, Stopping threads took: 0,0000517 seconds
2017-02-20T22:24:24.550+0100: 2,698: Total time for which application threads were stopped: 0,0030634 seconds, Stopping threads took: 0,0029296 seconds
{Heap before GC invocations=2 (full 0):
 par new generation   total 109248K, used 103176K [0x00000000e0000000, 0x00000000e8000000, 0x00000000e8000000)
  eden space 87424K, 100% used [0x00000000e0000000, 0x00000000e5560000, 0x00000000e5560000)
  from space 21824K,  72% used [0x00000000e5560000, 0x00000000e64c2240, 0x00000000e6ab0000)
  to   space 21824K,   0% used [0x00000000e6ab0000, 0x00000000e6ab0000, 0x00000000e8000000)
 concurrent mark-sweep generation total 393216K, used 0K [0x00000000e8000000, 0x0000000100000000, 0x0000000100000000)
 Metaspace       used 21019K, capacity 21348K, committed 21628K, reserved 1069056K
  class space    used 2420K, capacity 2588K, committed 2684K, reserved 1048576K
2017-02-20T22:24:24.583+0100: 2,731: [GC (Allocation Failure) 2017-02-20T22:24:24.583+0100: 2,731: [ParNew
Desired survivor size 20112992 bytes, new threshold 8 (max 8)
- age   1:    2165464 bytes,    2165464 total
- age   2:     856840 bytes,    3022304 total
- age   3:    6659104 bytes,    9681408 total
: 103176K->12368K(109248K), 0,0188131 secs] 103176K->12368K(502464K), 0,0188933 secs] [Times: user=0,06 sys=0,00, real=0,02 secs] 
Heap after GC invocations=3 (full 0):
 par new generation   total 109248K, used 12368K [0x00000000e0000000, 0x00000000e8000000, 0x00000000e8000000)
  eden space 87424K,   0% used [0x00000000e0000000, 0x00000000e0000000, 0x00000000e5560000)
  from space 21824K,  56% used [0x00000000e6ab0000, 0x00000000e76c4080, 0x00000000e8000000)
  to   space 21824K,   0% used [0x00000000e5560000, 0x00000000e5560000, 0x00000000e6ab0000)
 concurrent mark-sweep generation total 393216K, used 0K [0x00000000e8000000, 0x0000000100000000, 0x0000000100000000)
 Metaspace       used 21019K, capacity 21348K, committed 21628K, reserved 1069056K
  class space    used 2420K, capacity 2588K, committed 2684K, reserved 1048576K
}
2017-02-20T22:24:24.602+0100: 2,750: Total time for which application threads were stopped: 0,0191459 seconds, Stopping threads took: 0,0000767 seconds
2017-02-20T22:24:24.609+0100: 2,757: [GC (CMS Initial Mark) [1 CMS-initial-mark: 0K(393216K)] 18093K(502464K), 0,0053033 secs] [Times: user=0,02 sys=0,00, real=0,00 secs] 
2017-02-20T22:24:24.615+0100: 2,762: Total time for which application threads were stopped: 0,0077074 seconds, Stopping threads took: 0,0023075 seconds
2017-02-20T22:24:24.615+0100: 2,762: [CMS-concurrent-mark-start]
2017-02-20T22:24:24.616+0100: 2,763: [CMS-concurrent-mark: 0,001/0,001 secs] [Times: user=0,00 sys=0,01, real=0,00 secs] 
2017-02-20T22:24:24.616+0100: 2,764: [CMS-concurrent-preclean-start]
2017-02-20T22:24:24.617+0100: 2,765: [CMS-concurrent-preclean: 0,001/0,001 secs] [Times: user=0,00 sys=0,00, real=0,00 secs] 
2017-02-20T22:24:24.617+0100: 2,765: [CMS-concurrent-abortable-preclean-start]
2017-02-20T22:24:24.673+0100: 2,821: Total time for which application threads were stopped: 0,0001329 seconds, Stopping threads took: 0,0000453 seconds
{Heap before GC invocations=3 (full 1):
 par new generation   total 109248K, used 99792K [0x00000000e0000000, 0x00000000e8000000, 0x00000000e8000000)
  eden space 87424K, 100% used [0x00000000e0000000, 0x00000000e5560000, 0x00000000e5560000)
  from space 21824K,  56% used [0x00000000e6ab0000, 0x00000000e76c4080, 0x00000000e8000000)
  to   space 21824K,   0% used [0x00000000e5560000, 0x00000000e5560000, 0x00000000e6ab0000)
 concurrent mark-sweep generation total 393216K, used 0K [0x00000000e8000000, 0x0000000100000000, 0x0000000100000000)
 Metaspace       used 21275K, capacity 21614K, committed 21884K, reserved 1069056K
  class space    used 2449K, capacity 2602K, committed 2684K, reserved 1048576K
2017-02-20T22:24:24.711+0100: 2,859: [GC (Allocation Failure) 2017-02-20T22:24:24.711+0100: 2,859: [ParNew
Desired survivor size 20112992 bytes, new threshold 8 (max 8)
- age   1:     811224 bytes,     811224 total
- age   2:    1445392 bytes,    2256616 total
- age   3:     833176 bytes,    3089792 total
- age   4:    6659272 bytes,    9749064 total
: 99792K->12841K(109248K), 0,0138451 secs] 99792K->12841K(502464K), 0,0139235 secs] [Times: user=0,05 sys=0,01, real=0,01 secs] 
Heap after GC invocations=4 (full 1):
 par new generation   total 109248K, used 12841K [0x00000000e0000000, 0x00000000e8000000, 0x00000000e8000000)
  eden space 87424K,   0% used [0x00000000e0000000, 0x00000000e0000000, 0x00000000e5560000)
  from space 21824K,  58% used [0x00000000e5560000, 0x00000000e61ea7f0, 0x00000000e6ab0000)
  to   space 21824K,   0% used [0x00000000e6ab0000, 0x00000000e6ab0000, 0x00000000e8000000)
 concurrent mark-sweep generation total 393216K, used 0K [0x00000000e8000000, 0x0000000100000000, 0x0000000100000000)
 Metaspace       used 21275K, capacity 21614K, committed 21884K, reserved 1069056K
  class space    used 2449K, capacity 2602K, committed 2684K, reserved 1048576K
}
2017-02-20T22:24:24.725+0100: 2,873: Total time for which application threads were stopped: 0,0141858 seconds, Stopping threads took: 0,0001017 seconds
2017-02-20T22:24:24.725+0100: 2,873: [CMS-concurrent-abortable-preclean: 0,057/0,108 secs] [Times: user=0,42 sys=0,01, real=0,11 secs] 
2017-02-20T22:24:24.739+0100: 2,887: [GC (CMS Final Remark) [YG occupancy: 21463 K (109248 K)]{Heap before GC invocations=4 (full 1):
 par new generation   total 109248K, used 21463K [0x00000000e0000000, 0x00000000e8000000, 0x00000000e8000000)
  eden space 87424K,   9% used [0x00000000e0000000, 0x00000000e086b4d8, 0x00000000e5560000)
  from space 21824K,  58% used [0x00000000e5560000, 0x00000000e61ea7f0, 0x00000000e6ab0000)
  to   space 21824K,   0% used [0x00000000e6ab0000, 0x00000000e6ab0000, 0x00000000e8000000)
 concurrent mark-sweep generation total 393216K, used 0K [0x00000000e8000000, 0x0000000100000000, 0x0000000100000000)
 Metaspace       used 21277K, capacity 21614K, committed 21884K, reserved 1069056K
  class space    used 2449K, capacity 2602K, committed 2684K, reserved 1048576K
2017-02-20T22:24:24.739+0100: 2,887: [GC (CMS Final Remark) 2017-02-20T22:24:24.739+0100: 2,887: [ParNew
Desired survivor size 20112992 bytes, new threshold 8 (max 8)
- age   1:     645912 bytes,     645912 total
- age   2:     339840 bytes,     985752 total
- age   3:    1445440 bytes,    2431192 total
- age   4:     833200 bytes,    3264392 total
- age   5:    6659720 bytes,    9924112 total
: 21463K->11843K(109248K), 0,0093788 secs] 21463K->11843K(502464K), 0,0094219 secs] [Times: user=0,03 sys=0,00, real=0,01 secs] 
Heap after GC invocations=5 (full 1):
 par new generation   total 109248K, used 11843K [0x00000000e0000000, 0x00000000e8000000, 0x00000000e8000000)
  eden space 87424K,   0% used [0x00000000e0000000, 0x00000000e0000000, 0x00000000e5560000)
  from space 21824K,  54% used [0x00000000e6ab0000, 0x00000000e7640ff0, 0x00000000e8000000)
  to   space 21824K,   0% used [0x00000000e5560000, 0x00000000e5560000, 0x00000000e6ab0000)
 concurrent mark-sweep generation total 393216K, used 0K [0x00000000e8000000, 0x0000000100000000, 0x0000000100000000)
 Metaspace       used 21277K, capacity 21614K, committed 21884K, reserved 1069056K
  class space    used 2449K, capacity 2602K, committed 2684K, reserved 1048576K
}
2017-02-20T22:24:24.748+0100: 2,896: [Rescan (parallel) , 0,0032764 secs]2017-02-20T22:24:24.752+0100: 2,900: [weak refs processing, 0,0008242 secs]2017-02-20T22:24:24.753+0100: 2,900: [class unloading, 0,0029051 secs]2017-02-20T22:24:24.756+0100: 2,903: [scrub symbol table, 0,0028452 secs]2017-02-20T22:24:24.758+0100: 2,906: [scrub string table, 0,0003948 secs][1 CMS-remark: 0K(393216K)] 11843K(502464K), 0,0203973 secs] [Times: user=0,05 sys=0,00, real=0,02 secs] 
2017-02-20T22:24:24.759+0100: 2,907: Total time for which application threads were stopped: 0,0243795 seconds, Stopping threads took: 0,0038912 seconds
2017-02-20T22:24:24.759+0100: 2,907: [CMS-concurrent-sweep-start]
2017-02-20T22:24:24.759+0100: 2,907: [CMS-concurrent-sweep: 0,000/0,000 secs] [Times: user=0,00 sys=0,00, real=0,00 secs] 
2017-02-20T22:24:24.760+0100: 2,907: [CMS-concurrent-reset-start]
2017-02-20T22:24:24.762+0100: 2,910: [CMS-concurrent-reset: 0,002/0,002 secs] [Times: user=0,01 sys=0,00, real=0,00 secs] 
{Heap before GC invocations=5 (full 1):
 par new generation   total 109248K, used 99267K [0x00000000e0000000, 0x00000000e8000000, 0x00000000e8000000)
  eden space 87424K, 100% used [0x00000000e0000000, 0x00000000e5560000, 0x00000000e5560000)
  from space 21824K,  54% used [0x00000000e6ab0000, 0x00000000e7640ff0, 0x00000000e8000000)
  to   space 21824K,   0% used [0x00000000e5560000, 0x00000000e5560000, 0x00000000e6ab0000)
 concurrent mark-sweep generation total 393216K, used 0K [0x00000000e8000000, 0x0000000100000000, 0x0000000100000000)
 Metaspace       used 21421K, capacity 21792K, committed 21884K, reserved 1069056K
  class space    used 2469K, capacity 2637K, committed 2684K, reserved 1048576K
2017-02-20T22:24:24.847+0100: 2,995: [GC (Allocation Failure) 2017-02-20T22:24:24.847+0100: 2,995: [ParNew
Desired survivor size 20112992 bytes, new threshold 8 (max 8)
- age   1:     610192 bytes,     610192 total
- age   2:      11576 bytes,     621768 total
- age   3:     183112 bytes,     804880 total
- age   4:    1445160 bytes,    2250040 total
- age   5:     831192 bytes,    3081232 total
- age   6:    6659408 bytes,    9740640 total
: 99267K->14791K(109248K), 0,0092107 secs] 99267K->14791K(502464K), 0,0092794 secs] [Times: user=0,03 sys=0,00, real=0,00 secs] 
Heap after GC invocations=6 (full 1):
 par new generation   total 109248K, used 14791K [0x00000000e0000000, 0x00000000e8000000, 0x00000000e8000000)
  eden space 87424K,   0% used [0x00000000e0000000, 0x00000000e0000000, 0x00000000e5560000)
  from space 21824K,  67% used [0x00000000e5560000, 0x00000000e63d1fb8, 0x00000000e6ab0000)
  to   space 21824K,   0% used [0x00000000e6ab0000, 0x00000000e6ab0000, 0x00000000e8000000)
 concurrent mark-sweep generation total 393216K, used 0K [0x00000000e8000000, 0x0000000100000000, 0x0000000100000000)
 Metaspace       used 21421K, capacity 21792K, committed 21884K, reserved 1069056K
  class space    used 2469K, capacity 2637K, committed 2684K, reserved 1048576K
}
2017-02-20T22:24:24.856+0100: 3,004: Total time for which application threads were stopped: 0,0110006 seconds, Stopping threads took: 0,0015724 seconds
2017-02-20T22:24:24.889+0100: 3,037: Total time for which application threads were stopped: 0,0002976 seconds, Stopping threads took: 0,0000226 seconds
2017-02-20T22:24:25.054+0100: 3,202: Total time for which application threads were stopped: 0,0004411 seconds, Stopping threads took: 0,0000659 seconds
2017-02-20T22:24:25.071+0100: 3,219: Total time for which application threads were stopped: 0,0009966 seconds, Stopping threads took: 0,0006442 seconds
{Heap before GC invocations=6 (full 1):
 par new generation   total 109248K, used 102215K [0x00000000e0000000, 0x00000000e8000000, 0x00000000e8000000)
  eden space 87424K, 100% used [0x00000000e0000000, 0x00000000e5560000, 0x00000000e5560000)
  from space 21824K,  67% used [0x00000000e5560000, 0x00000000e63d1fb8, 0x00000000e6ab0000)
  to   space 21824K,   0% used [0x00000000e6ab0000, 0x00000000e6ab0000, 0x00000000e8000000)
 concurrent mark-sweep generation total 393216K, used 0K [0x00000000e8000000, 0x0000000100000000, 0x0000000100000000)
 Metaspace       used 24298K, capacity 24746K, committed 24828K, reserved 1071104K
  class space    used 2852K, capacity 3046K, committed 3068K, reserved 1048576K
2017-02-20T22:24:25.273+0100: 3,421: [GC (Allocation Failure) 2017-02-20T22:24:25.273+0100: 3,421: [ParNew
Desired survivor size 20112992 bytes, new threshold 8 (max 8)
- age   1:    5230536 bytes,    5230536 total
- age   2:     114816 bytes,    5345352 total
- age   3:      11504 bytes,    5356856 total
- age   4:     181728 bytes,    5538584 total
- age   5:     275112 bytes,    5813696 total
- age   6:     806800 bytes,    6620496 total
- age   7:    6652032 bytes,   13272528 total
: 102215K->15718K(109248K), 0,0206271 secs] 102215K->15718K(502464K), 0,0207136 secs] [Times: user=0,08 sys=0,00, real=0,02 secs] 
Heap after GC invocations=7 (full 1):
 par new generation   total 109248K, used 15718K [0x00000000e0000000, 0x00000000e8000000, 0x00000000e8000000)
  eden space 87424K,   0% used [0x00000000e0000000, 0x00000000e0000000, 0x00000000e5560000)
  from space 21824K,  72% used [0x00000000e6ab0000, 0x00000000e7a09bc0, 0x00000000e8000000)
  to   space 21824K,   0% used [0x00000000e5560000, 0x00000000e5560000, 0x00000000e6ab0000)
 concurrent mark-sweep generation total 393216K, used 0K [0x00000000e8000000, 0x0000000100000000, 0x0000000100000000)
 Metaspace       used 24298K, capacity 24746K, committed 24828K, reserved 1071104K
  class space    used 2852K, capacity 3046K, committed 3068K, reserved 1048576K
}
2017-02-20T22:24:25.294+0100: 3,441: Total time for which application threads were stopped: 0,0227894 seconds, Stopping threads took: 0,0018649 seconds
{Heap before GC invocations=7 (full 1):
 par new generation   total 109248K, used 103142K [0x00000000e0000000, 0x00000000e8000000, 0x00000000e8000000)
  eden space 87424K, 100% used [0x00000000e0000000, 0x00000000e5560000, 0x00000000e5560000)
  from space 21824K,  72% used [0x00000000e6ab0000, 0x00000000e7a09bc0, 0x00000000e8000000)
  to   space 21824K,   0% used [0x00000000e5560000, 0x00000000e5560000, 0x00000000e6ab0000)
 concurrent mark-sweep generation total 393216K, used 0K [0x00000000e8000000, 0x0000000100000000, 0x0000000100000000)
 Metaspace       used 25010K, capacity 25504K, committed 25724K, reserved 1071104K
  class space    used 2911K, capacity 3082K, committed 3196K, reserved 1048576K
2017-02-20T22:24:25.455+0100: 3,603: [GC (Allocation Failure) 2017-02-20T22:24:25.455+0100: 3,603: [ParNew
Desired survivor size 20112992 bytes, new threshold 8 (max 8)
- age   1:    1291496 bytes,    1291496 total
- age   2:    1801656 bytes,    3093152 total
- age   3:      82552 bytes,    3175704 total
- age   4:       4816 bytes,    3180520 total
- age   5:     144048 bytes,    3324568 total
- age   6:     226704 bytes,    3551272 total
- age   7:     779232 bytes,    4330504 total
- age   8:    6385424 bytes,   10715928 total
: 103142K->16265K(109248K), 0,0120814 secs] 103142K->16265K(502464K), 0,0121640 secs] [Times: user=0,04 sys=0,00, real=0,02 secs] 
Heap after GC invocations=8 (full 1):
 par new generation   total 109248K, used 16265K [0x00000000e0000000, 0x00000000e8000000, 0x00000000e8000000)
  eden space 87424K,   0% used [0x00000000e0000000, 0x00000000e0000000, 0x00000000e5560000)
  from space 21824K,  74% used [0x00000000e5560000, 0x00000000e6542770, 0x00000000e6ab0000)
  to   space 21824K,   0% used [0x00000000e6ab0000, 0x00000000e6ab0000, 0x00000000e8000000)
 concurrent mark-sweep generation total 393216K, used 0K [0x00000000e8000000, 0x0000000100000000, 0x0000000100000000)
 Metaspace       used 25010K, capacity 25504K, committed 25724K, reserved 1071104K
  class space    used 2911K, capacity 3082K, committed 3196K, reserved 1048576K
}
2017-02-20T22:24:25.467+0100: 3,615: Total time for which application threads were stopped: 0,0156508 seconds, Stopping threads took: 0,0033056 seconds
2017-02-20T22:24:25.616+0100: 3,764: Total time for which application threads were stopped: 0,0005075 seconds, Stopping threads took: 0,0000214 seconds
2017-02-20T22:24:25.658+0100: 3,806: Total time for which application threads were stopped: 0,0003627 seconds, Stopping threads took: 0,0000285 seconds
2017-02-20T22:24:25.669+0100: 3,817: Total time for which application threads were stopped: 0,0003902 seconds, Stopping threads took: 0,0000261 seconds
2017-02-20T22:24:25.720+0100: 3,868: Total time for which application threads were stopped: 0,0003799 seconds, Stopping threads took: 0,0000178 seconds
2017-02-20T22:24:25.904+0100: 4,052: Total time for which application threads were stopped: 0,0003503 seconds, Stopping threads took: 0,0000172 seconds
2017-02-20T22:24:53.907+0100: 32,055: Total time for which application threads were stopped: 0,0000629 seconds, Stopping threads took: 0,0000164 seconds
2017-02-20T22:25:13.909+0100: 52,057: Total time for which application threads were stopped: 0,0000819 seconds, Stopping threads took: 0,0000328 seconds
2017-02-20T22:26:23.918+0100: 122,066: Total time for which application threads were stopped: 0,0006115 seconds, Stopping threads took: 0,0002458 seconds
2017-02-20T22:26:33.919+0100: 132,067: Total time for which application threads were stopped: 0,0001637 seconds, Stopping threads took: 0,0000833 seconds
2017-02-20T22:27:28.924+0100: 187,072: Total time for which application threads were stopped: 0,0001238 seconds, Stopping threads took: 0,0000456 seconds
2017-02-20T22:28:43.930+0100: 262,078: Total time for which application threads were stopped: 0,0000982 seconds, Stopping threads took: 0,0000389 seconds
2017-02-20T22:28:58.932+0100: 277,080: Total time for which application threads were stopped: 0,0005954 seconds, Stopping threads took: 0,0002007 seconds
2017-02-20T22:29:43.936+0100: 322,084: Total time for which application threads were stopped: 0,0000890 seconds, Stopping threads took: 0,0000322 seconds
2017-02-20T22:30:03.938+0100: 342,086: Total time for which application threads were stopped: 0,0000917 seconds, Stopping threads took: 0,0000316 seconds
2017-02-20T22:32:23.951+0100: 482,099: Total time for which application threads were stopped: 0,0001086 seconds, Stopping threads took: 0,0000316 seconds
2017-02-20T22:33:03.955+0100: 522,103: Total time for which application threads were stopped: 0,0001103 seconds, Stopping threads took: 0,0000353 seconds
2017-02-20T22:34:53.966+0100: 632,114: Total time for which application threads were stopped: 0,0001032 seconds, Stopping threads took: 0,0000397 seconds
2017-02-20T22:34:58.967+0100: 637,115: Total time for which application threads were stopped: 0,0005109 seconds, Stopping threads took: 0,0001144 seconds
2017-02-20T22:40:23.998+0100: 962,146: Total time for which application threads were stopped: 0,0000966 seconds, Stopping threads took: 0,0000232 seconds
2017-02-20T22:48:14.045+0100: 1432,193: Total time for which application threads were stopped: 0,0001201 seconds, Stopping threads took: 0,0000487 seconds
2017-02-20T22:52:49.074+0100: 1707,222: Total time for which application threads were stopped: 0,0000813 seconds, Stopping threads took: 0,0000309 seconds
2017-02-20T23:02:53.130+0100: 2311,278: Total time for which application threads were stopped: 0,0000960 seconds, Stopping threads took: 0,0000247 seconds
2017-02-20T23:02:54.130+0100: 2312,278: Total time for which application threads were stopped: 0,0000911 seconds, Stopping threads took: 0,0000292 seconds
2017-02-20T23:20:44.235+0100: 3382,383: Total time for which application threads were stopped: 0,0001171 seconds, Stopping threads took: 0,0000434 seconds
2017-02-20T23:28:58.281+0100: 3876,429: Total time for which application threads were stopped: 0,0000781 seconds, Stopping threads took: 0,0000282 seconds
2017-02-20T23:54:59.441+0100: 5437,589: Total time for which application threads were stopped: 0,0000833 seconds, Stopping threads took: 0,0000311 seconds
2017-02-20T23:55:34.445+0100: 5472,593: Total time for which application threads were stopped: 0,0004458 seconds, Stopping threads took: 0,0001542 seconds
2017-02-21T00:21:04.652+0100: 7002,800: Total time for which application threads were stopped: 0,0001476 seconds, Stopping threads took: 0,0000547 seconds
2017-02-21T00:25:23.683+0100: 7261,831: Total time for which application threads were stopped: 0,0000812 seconds, Stopping threads took: 0,0000316 seconds
2017-02-21T00:32:23.734+0100: 7681,882: Total time for which application threads were stopped: 0,0000920 seconds, Stopping threads took: 0,0000340 seconds
2017-02-21T00:46:35.887+0100: 8534,034: Total time for which application threads were stopped: 0,0732504 seconds, Stopping threads took: 0,0731370 seconds
2017-02-21T00:46:35.921+0100: 8534,069: Total time for which application threads were stopped: 0,0001328 seconds, Stopping threads took: 0,0000186 seconds
2017-02-21T00:46:35.932+0100: 8534,080: Total time for which application threads were stopped: 0,0001391 seconds, Stopping threads took: 0,0000218 seconds
2017-02-21T00:46:35.939+0100: 8534,087: Total time for which application threads were stopped: 0,0001139 seconds, Stopping threads took: 0,0000218 seconds
Heap
 par new generation   total 109248K, used 96496K [0x00000000e0000000, 0x00000000e8000000, 0x00000000e8000000)
  eden space 87424K,  91% used [0x00000000e0000000, 0x00000000e4e59898, 0x00000000e5560000)
  from space 21824K,  74% used [0x00000000e5560000, 0x00000000e6542770, 0x00000000e6ab0000)
  to   space 21824K,   0% used [0x00000000e6ab0000, 0x00000000e6ab0000, 0x00000000e8000000)
 concurrent mark-sweep generation total 393216K, used 0K [0x00000000e8000000, 0x0000000100000000, 0x0000000100000000)
 Metaspace       used 28197K, capacity 28806K, committed 29052K, reserved 1075200K
  class space    used 3235K, capacity 3431K, committed 3452K, reserved 1048576K
