OpenJDK 64-Bit Server VM (25.131-b11) for linux-amd64 JRE (1.8.0_131-8u131-b11-0ubuntu1.16.04.2-b11), built on May  6 2017 02:45:27 by "buildd" with gcc 5.4.0 20160609
Memory: 4k page, physical 7867740k(7397700k free), swap 8076284k(8076284k free)
CommandLine flags: -XX:CMSInitiatingOccupancyFraction=50 -XX:CMSMaxAbortablePrecleanTime=6000 -XX:+CMSParallelRemarkEnabled -XX:+CMSScavengeBeforeRemark -XX:ConcGCThreads=4 -XX:InitialHeapSize=536870912 -XX:MaxHeapSize=536870912 -XX:MaxTenuringThreshold=8 -XX:NewRatio=3 -XX:OldPLABSize=16 -XX:OnOutOfMemoryError=/opt/solr/bin/oom_solr.sh 8983 /var/solr/logs -XX:ParallelGCThreads=4 -XX:+ParallelRefProcEnabled -XX:PretenureSizeThreshold=67108864 -XX:+PrintGC -XX:+PrintGCApplicationStoppedTime -XX:+PrintGCDateStamps -XX:+PrintGCDetails -XX:+PrintGCTimeStamps -XX:+PrintHeapAtGC -XX:+PrintTenuringDistribution -XX:SurvivorRatio=4 -XX:TargetSurvivorRatio=90 -XX:ThreadStackSize=256 -XX:+UseCMSInitiatingOccupancyOnly -XX:+UseCompressedClassPointers -XX:+UseCompressedOops -XX:+UseConcMarkSweepGC -XX:+UseParNewGC 
2017-06-10T21:49:03.966+0200: 0,155: Total time for which application threads were stopped: 0,0000709 seconds, Stopping threads took: 0,0000099 seconds
2017-06-10T21:49:04.060+0200: 0,249: Total time for which application threads were stopped: 0,0002211 seconds, Stopping threads took: 0,0001203 seconds
2017-06-10T21:49:04.074+0200: 0,263: Total time for which application threads were stopped: 0,0000981 seconds, Stopping threads took: 0,0000173 seconds
2017-06-10T21:49:04.268+0200: 0,457: Total time for which application threads were stopped: 0,0001294 seconds, Stopping threads took: 0,0000090 seconds
2017-06-10T21:49:04.704+0200: 0,893: Total time for which application threads were stopped: 0,0001917 seconds, Stopping threads took: 0,0000264 seconds
2017-06-10T21:49:04.808+0200: 0,997: Total time for which application threads were stopped: 0,0001895 seconds, Stopping threads took: 0,0000173 seconds
2017-06-10T21:49:04.824+0200: 1,013: Total time for which application threads were stopped: 0,0001649 seconds, Stopping threads took: 0,0000198 seconds
2017-06-10T21:49:05.150+0200: 1,339: Total time for which application threads were stopped: 0,0001602 seconds, Stopping threads took: 0,0000219 seconds
2017-06-10T21:49:05.371+0200: 1,560: Total time for which application threads were stopped: 0,0002113 seconds, Stopping threads took: 0,0000149 seconds
2017-06-10T21:49:05.399+0200: 1,588: Total time for which application threads were stopped: 0,0001809 seconds, Stopping threads took: 0,0000197 seconds
2017-06-10T21:49:05.432+0200: 1,621: Total time for which application threads were stopped: 0,0002339 seconds, Stopping threads took: 0,0000202 seconds
2017-06-10T21:49:05.433+0200: 1,622: Total time for which application threads were stopped: 0,0001887 seconds, Stopping threads took: 0,0000170 seconds
2017-06-10T21:49:05.454+0200: 1,643: Total time for which application threads were stopped: 0,0001682 seconds, Stopping threads took: 0,0000117 seconds
2017-06-10T21:49:05.568+0200: 1,757: Total time for which application threads were stopped: 0,0002101 seconds, Stopping threads took: 0,0000215 seconds
2017-06-10T21:49:05.738+0200: 1,927: Total time for which application threads were stopped: 0,0005813 seconds, Stopping threads took: 0,0003667 seconds
{Heap before GC invocations=0 (full 0):
 par new generation   total 109248K, used 87424K [0x00000000e0000000, 0x00000000e8000000, 0x00000000e8000000)
  eden space 87424K, 100% used [0x00000000e0000000, 0x00000000e5560000, 0x00000000e5560000)
  from space 21824K,   0% used [0x00000000e5560000, 0x00000000e5560000, 0x00000000e6ab0000)
  to   space 21824K,   0% used [0x00000000e6ab0000, 0x00000000e6ab0000, 0x00000000e8000000)
 concurrent mark-sweep generation total 393216K, used 0K [0x00000000e8000000, 0x0000000100000000, 0x0000000100000000)
 Metaspace       used 18179K, capacity 18464K, committed 18688K, reserved 1064960K
  class space    used 2057K, capacity 2196K, committed 2304K, reserved 1048576K
2017-06-10T21:49:05.830+0200: 2,019: [GC (Allocation Failure) 2017-06-10T21:49:05.830+0200: 2,019: [ParNew
Desired survivor size 20112992 bytes, new threshold 8 (max 8)
- age   1:   12787992 bytes,   12787992 total
: 87424K->12604K(109248K), 0,0153976 secs] 87424K->12604K(502464K), 0,0154802 secs] [Times: user=0,03 sys=0,02, real=0,01 secs] 
Heap after GC invocations=1 (full 0):
 par new generation   total 109248K, used 12604K [0x00000000e0000000, 0x00000000e8000000, 0x00000000e8000000)
  eden space 87424K,   0% used [0x00000000e0000000, 0x00000000e0000000, 0x00000000e5560000)
  from space 21824K,  57% used [0x00000000e6ab0000, 0x00000000e76ff3f0, 0x00000000e8000000)
  to   space 21824K,   0% used [0x00000000e5560000, 0x00000000e5560000, 0x00000000e6ab0000)
 concurrent mark-sweep generation total 393216K, used 0K [0x00000000e8000000, 0x0000000100000000, 0x0000000100000000)
 Metaspace       used 18179K, capacity 18464K, committed 18688K, reserved 1064960K
  class space    used 2057K, capacity 2196K, committed 2304K, reserved 1048576K
}
2017-06-10T21:49:05.846+0200: 2,034: Total time for which application threads were stopped: 0,0169941 seconds, Stopping threads took: 0,0013296 seconds
2017-06-10T21:49:06.132+0200: 2,321: Total time for which application threads were stopped: 0,0002962 seconds, Stopping threads took: 0,0000412 seconds
{Heap before GC invocations=1 (full 0):
 par new generation   total 109248K, used 100028K [0x00000000e0000000, 0x00000000e8000000, 0x00000000e8000000)
  eden space 87424K, 100% used [0x00000000e0000000, 0x00000000e5560000, 0x00000000e5560000)
  from space 21824K,  57% used [0x00000000e6ab0000, 0x00000000e76ff3f0, 0x00000000e8000000)
  to   space 21824K,   0% used [0x00000000e5560000, 0x00000000e5560000, 0x00000000e6ab0000)
 concurrent mark-sweep generation total 393216K, used 0K [0x00000000e8000000, 0x0000000100000000, 0x0000000100000000)
 Metaspace       used 20079K, capacity 20434K, committed 20736K, reserved 1067008K
  class space    used 2297K, capacity 2471K, committed 2560K, reserved 1048576K
2017-06-10T21:49:06.180+0200: 2,369: [GC (Allocation Failure) 2017-06-10T21:49:06.180+0200: 2,369: [ParNew
Desired survivor size 20112992 bytes, new threshold 8 (max 8)
- age   1:    3458240 bytes,    3458240 total
- age   2:    6698944 bytes,   10157184 total
: 100028K->15958K(109248K), 0,0100134 secs] 100028K->15958K(502464K), 0,0100859 secs] [Times: user=0,04 sys=0,00, real=0,01 secs] 
Heap after GC invocations=2 (full 0):
 par new generation   total 109248K, used 15958K [0x00000000e0000000, 0x00000000e8000000, 0x00000000e8000000)
  eden space 87424K,   0% used [0x00000000e0000000, 0x00000000e0000000, 0x00000000e5560000)
  from space 21824K,  73% used [0x00000000e5560000, 0x00000000e64f59c0, 0x00000000e6ab0000)
  to   space 21824K,   0% used [0x00000000e6ab0000, 0x00000000e6ab0000, 0x00000000e8000000)
 concurrent mark-sweep generation total 393216K, used 0K [0x00000000e8000000, 0x0000000100000000, 0x0000000100000000)
 Metaspace       used 20079K, capacity 20434K, committed 20736K, reserved 1067008K
  class space    used 2297K, capacity 2471K, committed 2560K, reserved 1048576K
}
2017-06-10T21:49:06.190+0200: 2,379: Total time for which application threads were stopped: 0,0104909 seconds, Stopping threads took: 0,0000291 seconds
2017-06-10T21:49:06.221+0200: 2,410: Total time for which application threads were stopped: 0,0004185 seconds, Stopping threads took: 0,0000830 seconds
2017-06-10T21:49:06.347+0200: 2,535: Total time for which application threads were stopped: 0,0013673 seconds, Stopping threads took: 0,0012356 seconds
{Heap before GC invocations=2 (full 0):
 par new generation   total 109248K, used 103382K [0x00000000e0000000, 0x00000000e8000000, 0x00000000e8000000)
  eden space 87424K, 100% used [0x00000000e0000000, 0x00000000e5560000, 0x00000000e5560000)
  from space 21824K,  73% used [0x00000000e5560000, 0x00000000e64f59c0, 0x00000000e6ab0000)
  to   space 21824K,   0% used [0x00000000e6ab0000, 0x00000000e6ab0000, 0x00000000e8000000)
 concurrent mark-sweep generation total 393216K, used 0K [0x00000000e8000000, 0x0000000100000000, 0x0000000100000000)
 Metaspace       used 20997K, capacity 21298K, committed 21628K, reserved 1069056K
  class space    used 2419K, capacity 2591K, committed 2684K, reserved 1048576K
2017-06-10T21:49:06.390+0200: 2,579: [GC (Allocation Failure) 2017-06-10T21:49:06.390+0200: 2,579: [ParNew
Desired survivor size 20112992 bytes, new threshold 8 (max 8)
- age   1:    2143352 bytes,    2143352 total
- age   2:     842224 bytes,    2985576 total
- age   3:    6682968 bytes,    9668544 total
: 103382K->11186K(109248K), 0,0145917 secs] 103382K->11186K(502464K), 0,0146848 secs] [Times: user=0,05 sys=0,00, real=0,01 secs] 
Heap after GC invocations=3 (full 0):
 par new generation   total 109248K, used 11186K [0x00000000e0000000, 0x00000000e8000000, 0x00000000e8000000)
  eden space 87424K,   0% used [0x00000000e0000000, 0x00000000e0000000, 0x00000000e5560000)
  from space 21824K,  51% used [0x00000000e6ab0000, 0x00000000e759c9a0, 0x00000000e8000000)
  to   space 21824K,   0% used [0x00000000e5560000, 0x00000000e5560000, 0x00000000e6ab0000)
 concurrent mark-sweep generation total 393216K, used 0K [0x00000000e8000000, 0x0000000100000000, 0x0000000100000000)
 Metaspace       used 20997K, capacity 21298K, committed 21628K, reserved 1069056K
  class space    used 2419K, capacity 2591K, committed 2684K, reserved 1048576K
}
2017-06-10T21:49:06.405+0200: 2,594: Total time for which application threads were stopped: 0,0148704 seconds, Stopping threads took: 0,0000254 seconds
2017-06-10T21:49:06.405+0200: 2,594: [GC (CMS Initial Mark) [1 CMS-initial-mark: 0K(393216K)] 11260K(502464K), 0,0063217 secs] [Times: user=0,02 sys=0,00, real=0,01 secs] 
2017-06-10T21:49:06.411+0200: 2,600: Total time for which application threads were stopped: 0,0064653 seconds, Stopping threads took: 0,0000335 seconds
2017-06-10T21:49:06.412+0200: 2,600: [CMS-concurrent-mark-start]
2017-06-10T21:49:06.412+0200: 2,601: [CMS-concurrent-mark: 0,001/0,001 secs] [Times: user=0,00 sys=0,00, real=0,00 secs] 
2017-06-10T21:49:06.412+0200: 2,601: [CMS-concurrent-preclean-start]
2017-06-10T21:49:06.413+0200: 2,602: [CMS-concurrent-preclean: 0,001/0,001 secs] [Times: user=0,01 sys=0,00, real=0,00 secs] 
2017-06-10T21:49:06.419+0200: 2,608: [GC (CMS Final Remark) [YG occupancy: 15668 K (109248 K)]{Heap before GC invocations=3 (full 1):
 par new generation   total 109248K, used 15668K [0x00000000e0000000, 0x00000000e8000000, 0x00000000e8000000)
  eden space 87424K,   5% used [0x00000000e0000000, 0x00000000e04607f0, 0x00000000e5560000)
  from space 21824K,  51% used [0x00000000e6ab0000, 0x00000000e759c9a0, 0x00000000e8000000)
  to   space 21824K,   0% used [0x00000000e5560000, 0x00000000e5560000, 0x00000000e6ab0000)
 concurrent mark-sweep generation total 393216K, used 0K [0x00000000e8000000, 0x0000000100000000, 0x0000000100000000)
 Metaspace       used 21020K, capacity 21362K, committed 21628K, reserved 1069056K
  class space    used 2424K, capacity 2591K, committed 2684K, reserved 1048576K
2017-06-10T21:49:06.419+0200: 2,608: [GC (CMS Final Remark) 2017-06-10T21:49:06.419+0200: 2,608: [ParNew
Desired survivor size 20112992 bytes, new threshold 8 (max 8)
- age   1:     169208 bytes,     169208 total
- age   2:    1615840 bytes,    1785048 total
- age   3:     812992 bytes,    2598040 total
- age   4:    6683720 bytes,    9281760 total
: 15668K->14350K(109248K), 0,0187335 secs] 15668K->14350K(502464K), 0,0187886 secs] [Times: user=0,07 sys=0,00, real=0,01 secs] 
Heap after GC invocations=4 (full 1):
 par new generation   total 109248K, used 14350K [0x00000000e0000000, 0x00000000e8000000, 0x00000000e8000000)
  eden space 87424K,   0% used [0x00000000e0000000, 0x00000000e0000000, 0x00000000e5560000)
  from space 21824K,  65% used [0x00000000e5560000, 0x00000000e63638a8, 0x00000000e6ab0000)
  to   space 21824K,   0% used [0x00000000e6ab0000, 0x00000000e6ab0000, 0x00000000e8000000)
 concurrent mark-sweep generation total 393216K, used 0K [0x00000000e8000000, 0x0000000100000000, 0x0000000100000000)
 Metaspace       used 21020K, capacity 21362K, committed 21628K, reserved 1069056K
  class space    used 2424K, capacity 2591K, committed 2684K, reserved 1048576K
}
2017-06-10T21:49:06.438+0200: 2,627: [Rescan (parallel) , 0,0047210 secs]2017-06-10T21:49:06.443+0200: 2,631: [weak refs processing, 0,0015462 secs]2017-06-10T21:49:06.444+0200: 2,633: [class unloading, 0,0037881 secs]2017-06-10T21:49:06.448+0200: 2,637: [scrub symbol table, 0,0037303 secs]2017-06-10T21:49:06.452+0200: 2,641: [scrub string table, 0,0004541 secs][1 CMS-remark: 0K(393216K)] 14350K(502464K), 0,0339414 secs] [Times: user=0,11 sys=0,00, real=0,03 secs] 
2017-06-10T21:49:06.453+0200: 2,642: Total time for which application threads were stopped: 0,0341092 seconds, Stopping threads took: 0,0000502 seconds
2017-06-10T21:49:06.454+0200: 2,643: [CMS-concurrent-sweep-start]
2017-06-10T21:49:06.454+0200: 2,643: [CMS-concurrent-sweep: 0,000/0,000 secs] [Times: user=0,00 sys=0,00, real=0,00 secs] 
2017-06-10T21:49:06.455+0200: 2,643: [CMS-concurrent-reset-start]
2017-06-10T21:49:06.457+0200: 2,646: [CMS-concurrent-reset: 0,002/0,002 secs] [Times: user=0,00 sys=0,00, real=0,00 secs] 
{Heap before GC invocations=4 (full 1):
 par new generation   total 109248K, used 101774K [0x00000000e0000000, 0x00000000e8000000, 0x00000000e8000000)
  eden space 87424K, 100% used [0x00000000e0000000, 0x00000000e5560000, 0x00000000e5560000)
  from space 21824K,  65% used [0x00000000e5560000, 0x00000000e63638a8, 0x00000000e6ab0000)
  to   space 21824K,   0% used [0x00000000e6ab0000, 0x00000000e6ab0000, 0x00000000e8000000)
 concurrent mark-sweep generation total 393216K, used 0K [0x00000000e8000000, 0x0000000100000000, 0x0000000100000000)
 Metaspace       used 21222K, capacity 21586K, committed 21884K, reserved 1069056K
  class space    used 2449K, capacity 2608K, committed 2684K, reserved 1048576K
2017-06-10T21:49:06.545+0200: 2,734: [GC (Allocation Failure) 2017-06-10T21:49:06.545+0200: 2,734: [ParNew
Desired survivor size 20112992 bytes, new threshold 8 (max 8)
- age   1:    1121904 bytes,    1121904 total
- age   2:       5624 bytes,    1127528 total
- age   3:    1443664 bytes,    2571192 total
- age   4:     806976 bytes,    3378168 total
- age   5:    6683096 bytes,   10061264 total
: 101774K->11868K(109248K), 0,0124952 secs] 101774K->11868K(502464K), 0,0125741 secs] [Times: user=0,04 sys=0,00, real=0,01 secs] 
Heap after GC invocations=5 (full 1):
 par new generation   total 109248K, used 11868K [0x00000000e0000000, 0x00000000e8000000, 0x00000000e8000000)
  eden space 87424K,   0% used [0x00000000e0000000, 0x00000000e0000000, 0x00000000e5560000)
  from space 21824K,  54% used [0x00000000e6ab0000, 0x00000000e76472a0, 0x00000000e8000000)
  to   space 21824K,   0% used [0x00000000e5560000, 0x00000000e5560000, 0x00000000e6ab0000)
 concurrent mark-sweep generation total 393216K, used 0K [0x00000000e8000000, 0x0000000100000000, 0x0000000100000000)
 Metaspace       used 21222K, capacity 21586K, committed 21884K, reserved 1069056K
  class space    used 2449K, capacity 2608K, committed 2684K, reserved 1048576K
}
2017-06-10T21:49:06.558+0200: 2,747: Total time for which application threads were stopped: 0,0128363 seconds, Stopping threads took: 0,0000710 seconds
{Heap before GC invocations=5 (full 1):
 par new generation   total 109248K, used 99292K [0x00000000e0000000, 0x00000000e8000000, 0x00000000e8000000)
  eden space 87424K, 100% used [0x00000000e0000000, 0x00000000e5560000, 0x00000000e5560000)
  from space 21824K,  54% used [0x00000000e6ab0000, 0x00000000e76472a0, 0x00000000e8000000)
  to   space 21824K,   0% used [0x00000000e5560000, 0x00000000e5560000, 0x00000000e6ab0000)
 concurrent mark-sweep generation total 393216K, used 0K [0x00000000e8000000, 0x0000000100000000, 0x0000000100000000)
 Metaspace       used 21508K, capacity 21886K, committed 22140K, reserved 1069056K
  class space    used 2486K, capacity 2642K, committed 2684K, reserved 1048576K
2017-06-10T21:49:06.649+0200: 2,838: [GC (Allocation Failure) 2017-06-10T21:49:06.649+0200: 2,838: [ParNew
Desired survivor size 20112992 bytes, new threshold 8 (max 8)
- age   1:     447744 bytes,     447744 total
- age   2:     193144 bytes,     640888 total
- age   3:       5408 bytes,     646296 total
- age   4:     665448 bytes,    1311744 total
- age   5:     806832 bytes,    2118576 total
- age   6:    6683280 bytes,    8801856 total
: 99292K->12671K(109248K), 0,0109639 secs] 99292K->12671K(502464K), 0,0110452 secs] [Times: user=0,03 sys=0,00, real=0,01 secs] 
Heap after GC invocations=6 (full 1):
 par new generation   total 109248K, used 12671K [0x00000000e0000000, 0x00000000e8000000, 0x00000000e8000000)
  eden space 87424K,   0% used [0x00000000e0000000, 0x00000000e0000000, 0x00000000e5560000)
  from space 21824K,  58% used [0x00000000e5560000, 0x00000000e61bffa0, 0x00000000e6ab0000)
  to   space 21824K,   0% used [0x00000000e6ab0000, 0x00000000e6ab0000, 0x00000000e8000000)
 concurrent mark-sweep generation total 393216K, used 0K [0x00000000e8000000, 0x0000000100000000, 0x0000000100000000)
 Metaspace       used 21508K, capacity 21886K, committed 22140K, reserved 1069056K
  class space    used 2486K, capacity 2642K, committed 2684K, reserved 1048576K
}
2017-06-10T21:49:06.660+0200: 2,849: Total time for which application threads were stopped: 0,0112724 seconds, Stopping threads took: 0,0000663 seconds
2017-06-10T21:49:06.670+0200: 2,859: Total time for which application threads were stopped: 0,0003729 seconds, Stopping threads took: 0,0000467 seconds
2017-06-10T21:49:06.918+0200: 3,107: Total time for which application threads were stopped: 0,0005046 seconds, Stopping threads took: 0,0000498 seconds
2017-06-10T21:49:06.930+0200: 3,118: Total time for which application threads were stopped: 0,0004173 seconds, Stopping threads took: 0,0000646 seconds
{Heap before GC invocations=6 (full 1):
 par new generation   total 109248K, used 100095K [0x00000000e0000000, 0x00000000e8000000, 0x00000000e8000000)
  eden space 87424K, 100% used [0x00000000e0000000, 0x00000000e5560000, 0x00000000e5560000)
  from space 21824K,  58% used [0x00000000e5560000, 0x00000000e61bffa0, 0x00000000e6ab0000)
  to   space 21824K,   0% used [0x00000000e6ab0000, 0x00000000e6ab0000, 0x00000000e8000000)
 concurrent mark-sweep generation total 393216K, used 0K [0x00000000e8000000, 0x0000000100000000, 0x0000000100000000)
 Metaspace       used 23695K, capacity 24192K, committed 24316K, reserved 1071104K
  class space    used 2784K, capacity 2985K, committed 3068K, reserved 1048576K
2017-06-10T21:49:07.095+0200: 3,284: [GC (Allocation Failure) 2017-06-10T21:49:07.095+0200: 3,284: [ParNew
Desired survivor size 20112992 bytes, new threshold 8 (max 8)
- age   1:    4774432 bytes,    4774432 total
- age   2:     168512 bytes,    4942944 total
- age   3:     192296 bytes,    5135240 total
- age   4:       5408 bytes,    5140648 total
- age   5:     273496 bytes,    5414144 total
- age   6:     782592 bytes,    6196736 total
- age   7:    6674928 bytes,   12871664 total
: 100095K->16005K(109248K), 0,0131080 secs] 100095K->16005K(502464K), 0,0131818 secs] [Times: user=0,04 sys=0,00, real=0,02 secs] 
Heap after GC invocations=7 (full 1):
 par new generation   total 109248K, used 16005K [0x00000000e0000000, 0x00000000e8000000, 0x00000000e8000000)
  eden space 87424K,   0% used [0x00000000e0000000, 0x00000000e0000000, 0x00000000e5560000)
  from space 21824K,  73% used [0x00000000e6ab0000, 0x00000000e7a51640, 0x00000000e8000000)
  to   space 21824K,   0% used [0x00000000e5560000, 0x00000000e5560000, 0x00000000e6ab0000)
 concurrent mark-sweep generation total 393216K, used 0K [0x00000000e8000000, 0x0000000100000000, 0x0000000100000000)
 Metaspace       used 23695K, capacity 24192K, committed 24316K, reserved 1071104K
  class space    used 2784K, capacity 2985K, committed 3068K, reserved 1048576K
}
2017-06-10T21:49:07.108+0200: 3,297: Total time for which application threads were stopped: 0,0134122 seconds, Stopping threads took: 0,0000516 seconds
{Heap before GC invocations=7 (full 1):
 par new generation   total 109248K, used 103420K [0x00000000e0000000, 0x00000000e8000000, 0x00000000e8000000)
  eden space 87424K,  99% used [0x00000000e0000000, 0x00000000e555db18, 0x00000000e5560000)
  from space 21824K,  73% used [0x00000000e6ab0000, 0x00000000e7a51640, 0x00000000e8000000)
  to   space 21824K,   0% used [0x00000000e5560000, 0x00000000e5560000, 0x00000000e6ab0000)
 concurrent mark-sweep generation total 393216K, used 0K [0x00000000e8000000, 0x0000000100000000, 0x0000000100000000)
 Metaspace       used 24081K, capacity 24502K, committed 24572K, reserved 1071104K
  class space    used 2839K, capacity 3021K, committed 3068K, reserved 1048576K
2017-06-10T21:49:07.204+0200: 3,393: [GC (Allocation Failure) 2017-06-10T21:49:07.204+0200: 3,393: [ParNew
Desired survivor size 20112992 bytes, new threshold 8 (max 8)
- age   1:    1628952 bytes,    1628952 total
- age   2:    1732432 bytes,    3361384 total
- age   3:      92008 bytes,    3453392 total
- age   4:     106040 bytes,    3559432 total
- age   5:       5408 bytes,    3564840 total
- age   6:     183736 bytes,    3748576 total
- age   7:     732256 bytes,    4480832 total
- age   8:    6142200 bytes,   10623032 total
: 103420K->13451K(109248K), 0,0159422 secs] 103420K->13451K(502464K), 0,0160448 secs] [Times: user=0,06 sys=0,00, real=0,02 secs] 
Heap after GC invocations=8 (full 1):
 par new generation   total 109248K, used 13451K [0x00000000e0000000, 0x00000000e8000000, 0x00000000e8000000)
  eden space 87424K,   0% used [0x00000000e0000000, 0x00000000e0000000, 0x00000000e5560000)
  from space 21824K,  61% used [0x00000000e5560000, 0x00000000e6282d28, 0x00000000e6ab0000)
  to   space 21824K,   0% used [0x00000000e6ab0000, 0x00000000e6ab0000, 0x00000000e8000000)
 concurrent mark-sweep generation total 393216K, used 0K [0x00000000e8000000, 0x0000000100000000, 0x0000000100000000)
 Metaspace       used 24081K, capacity 24502K, committed 24572K, reserved 1071104K
  class space    used 2839K, capacity 3021K, committed 3068K, reserved 1048576K
}
2017-06-10T21:49:07.220+0200: 3,409: Total time for which application threads were stopped: 0,0164150 seconds, Stopping threads took: 0,0001090 seconds
{Heap before GC invocations=8 (full 1):
 par new generation   total 109248K, used 100875K [0x00000000e0000000, 0x00000000e8000000, 0x00000000e8000000)
  eden space 87424K, 100% used [0x00000000e0000000, 0x00000000e5560000, 0x00000000e5560000)
  from space 21824K,  61% used [0x00000000e5560000, 0x00000000e6282d28, 0x00000000e6ab0000)
  to   space 21824K,   0% used [0x00000000e6ab0000, 0x00000000e6ab0000, 0x00000000e8000000)
 concurrent mark-sweep generation total 393216K, used 0K [0x00000000e8000000, 0x0000000100000000, 0x0000000100000000)
 Metaspace       used 24481K, capacity 24992K, committed 25084K, reserved 1071104K
  class space    used 2866K, capacity 3055K, committed 3068K, reserved 1048576K
2017-06-10T21:49:07.314+0200: 3,503: [GC (Allocation Failure) 2017-06-10T21:49:07.314+0200: 3,503: [ParNew
Desired survivor size 20112992 bytes, new threshold 8 (max 8)
- age   1:     843056 bytes,     843056 total
- age   2:     607808 bytes,    1450864 total
- age   3:    1710016 bytes,    3160880 total
- age   4:      91976 bytes,    3252856 total
- age   5:     106008 bytes,    3358864 total
- age   6:       5376 bytes,    3364240 total
- age   7:     180936 bytes,    3545176 total
- age   8:     731488 bytes,    4276664 total
: 100875K->6580K(109248K), 0,0297607 secs] 100875K->12660K(502464K), 0,0298176 secs] [Times: user=0,10 sys=0,00, real=0,03 secs] 
Heap after GC invocations=9 (full 1):
 par new generation   total 109248K, used 6580K [0x00000000e0000000, 0x00000000e8000000, 0x00000000e8000000)
  eden space 87424K,   0% used [0x00000000e0000000, 0x00000000e0000000, 0x00000000e5560000)
  from space 21824K,  30% used [0x00000000e6ab0000, 0x00000000e711d1a0, 0x00000000e8000000)
  to   space 21824K,   0% used [0x00000000e5560000, 0x00000000e5560000, 0x00000000e6ab0000)
 concurrent mark-sweep generation total 393216K, used 6080K [0x00000000e8000000, 0x0000000100000000, 0x0000000100000000)
 Metaspace       used 24481K, capacity 24992K, committed 25084K, reserved 1071104K
  class space    used 2866K, capacity 3055K, committed 3068K, reserved 1048576K
}
2017-06-10T21:49:07.344+0200: 3,533: Total time for which application threads were stopped: 0,0300611 seconds, Stopping threads took: 0,0000880 seconds
2017-06-10T21:49:07.738+0200: 3,927: Total time for which application threads were stopped: 0,0005871 seconds, Stopping threads took: 0,0000312 seconds
2017-06-10T21:49:07.755+0200: 3,944: Total time for which application threads were stopped: 0,0004878 seconds, Stopping threads took: 0,0000402 seconds
2017-06-10T21:49:07.826+0200: 4,015: Total time for which application threads were stopped: 0,0012236 seconds, Stopping threads took: 0,0007831 seconds
2017-06-10T21:49:07.876+0200: 4,065: Total time for which application threads were stopped: 0,0003615 seconds, Stopping threads took: 0,0000510 seconds
2017-06-10T21:49:07.878+0200: 4,067: Total time for which application threads were stopped: 0,0020151 seconds, Stopping threads took: 0,0019184 seconds
2017-06-10T21:49:07.879+0200: 4,068: Total time for which application threads were stopped: 0,0001149 seconds, Stopping threads took: 0,0000565 seconds
2017-06-10T21:49:07.879+0200: 4,068: Total time for which application threads were stopped: 0,0000779 seconds, Stopping threads took: 0,0000268 seconds
2017-06-10T21:49:07.880+0200: 4,069: Total time for which application threads were stopped: 0,0001034 seconds, Stopping threads took: 0,0000333 seconds
2017-06-10T21:49:07.881+0200: 4,070: Total time for which application threads were stopped: 0,0000847 seconds, Stopping threads took: 0,0000243 seconds
2017-06-10T21:49:07.881+0200: 4,070: Total time for which application threads were stopped: 0,0000850 seconds, Stopping threads took: 0,0000251 seconds
2017-06-10T21:49:07.882+0200: 4,071: Total time for which application threads were stopped: 0,0000884 seconds, Stopping threads took: 0,0000246 seconds
2017-06-10T21:49:07.882+0200: 4,071: Total time for which application threads were stopped: 0,0000879 seconds, Stopping threads took: 0,0000250 seconds
2017-06-10T21:49:07.883+0200: 4,072: Total time for which application threads were stopped: 0,0000970 seconds, Stopping threads took: 0,0000334 seconds
2017-06-10T21:49:07.884+0200: 4,073: Total time for which application threads were stopped: 0,0000906 seconds, Stopping threads took: 0,0000271 seconds
2017-06-10T21:49:07.884+0200: 4,073: Total time for which application threads were stopped: 0,0000844 seconds, Stopping threads took: 0,0000243 seconds
2017-06-10T21:49:07.885+0200: 4,074: Total time for which application threads were stopped: 0,0000861 seconds, Stopping threads took: 0,0000247 seconds
2017-06-10T21:49:07.886+0200: 4,074: Total time for which application threads were stopped: 0,0000918 seconds, Stopping threads took: 0,0000258 seconds
2017-06-10T21:49:07.886+0200: 4,075: Total time for which application threads were stopped: 0,0001227 seconds, Stopping threads took: 0,0000540 seconds
2017-06-10T21:49:07.887+0200: 4,076: Total time for which application threads were stopped: 0,0001033 seconds, Stopping threads took: 0,0000305 seconds
2017-06-10T21:49:07.888+0200: 4,077: Total time for which application threads were stopped: 0,0000787 seconds, Stopping threads took: 0,0000248 seconds
2017-06-10T21:49:07.888+0200: 4,077: Total time for which application threads were stopped: 0,0000791 seconds, Stopping threads took: 0,0000231 seconds
2017-06-10T21:49:07.890+0200: 4,079: Total time for which application threads were stopped: 0,0016444 seconds, Stopping threads took: 0,0015654 seconds
2017-06-10T21:49:07.891+0200: 4,080: Total time for which application threads were stopped: 0,0000985 seconds, Stopping threads took: 0,0000274 seconds
2017-06-10T21:49:07.891+0200: 4,080: Total time for which application threads were stopped: 0,0001729 seconds, Stopping threads took: 0,0000271 seconds
2017-06-10T21:49:07.892+0200: 4,081: Total time for which application threads were stopped: 0,0001571 seconds, Stopping threads took: 0,0000472 seconds
2017-06-10T21:49:07.892+0200: 4,081: Total time for which application threads were stopped: 0,0000823 seconds, Stopping threads took: 0,0000241 seconds
2017-06-10T21:49:07.893+0200: 4,081: Total time for which application threads were stopped: 0,0000746 seconds, Stopping threads took: 0,0000229 seconds
2017-06-10T21:49:07.894+0200: 4,083: Total time for which application threads were stopped: 0,0015230 seconds, Stopping threads took: 0,0014672 seconds
2017-06-10T21:49:07.895+0200: 4,084: Total time for which application threads were stopped: 0,0000818 seconds, Stopping threads took: 0,0000237 seconds
2017-06-10T21:49:07.896+0200: 4,085: Total time for which application threads were stopped: 0,0000846 seconds, Stopping threads took: 0,0000251 seconds
2017-06-10T21:49:07.901+0200: 4,090: Total time for which application threads were stopped: 0,0001470 seconds, Stopping threads took: 0,0000594 seconds
2017-06-10T21:49:07.906+0200: 4,094: Total time for which application threads were stopped: 0,0001531 seconds, Stopping threads took: 0,0000493 seconds
2017-06-10T21:49:07.911+0200: 4,100: Total time for which application threads were stopped: 0,0004402 seconds, Stopping threads took: 0,0003179 seconds
2017-06-10T21:49:07.916+0200: 4,105: Total time for which application threads were stopped: 0,0001369 seconds, Stopping threads took: 0,0000502 seconds
2017-06-10T21:49:07.917+0200: 4,106: Total time for which application threads were stopped: 0,0001259 seconds, Stopping threads took: 0,0000320 seconds
2017-06-10T21:49:07.918+0200: 4,107: Total time for which application threads were stopped: 0,0001373 seconds, Stopping threads took: 0,0000394 seconds
2017-06-10T21:49:07.920+0200: 4,109: Total time for which application threads were stopped: 0,0001296 seconds, Stopping threads took: 0,0000558 seconds
2017-06-10T21:49:07.923+0200: 4,112: Total time for which application threads were stopped: 0,0001342 seconds, Stopping threads took: 0,0000464 seconds
2017-06-10T21:49:07.957+0200: 4,146: Total time for which application threads were stopped: 0,0004564 seconds, Stopping threads took: 0,0000554 seconds
2017-06-10T21:49:07.960+0200: 4,149: Total time for which application threads were stopped: 0,0001125 seconds, Stopping threads took: 0,0000365 seconds
2017-06-10T21:49:07.962+0200: 4,151: Total time for which application threads were stopped: 0,0001085 seconds, Stopping threads took: 0,0000370 seconds
2017-06-10T21:49:07.969+0200: 4,158: Total time for which application threads were stopped: 0,0001701 seconds, Stopping threads took: 0,0000850 seconds
2017-06-10T21:49:07.974+0200: 4,163: Total time for which application threads were stopped: 0,0001155 seconds, Stopping threads took: 0,0000368 seconds
2017-06-10T21:49:07.982+0200: 4,171: Total time for which application threads were stopped: 0,0061802 seconds, Stopping threads took: 0,0060960 seconds
2017-06-10T21:49:07.984+0200: 4,173: Total time for which application threads were stopped: 0,0005782 seconds, Stopping threads took: 0,0004476 seconds
2017-06-10T21:49:07.985+0200: 4,174: Total time for which application threads were stopped: 0,0001370 seconds, Stopping threads took: 0,0000408 seconds
2017-06-10T21:49:07.987+0200: 4,176: Total time for which application threads were stopped: 0,0002479 seconds, Stopping threads took: 0,0000377 seconds
{Heap before GC invocations=9 (full 1):
 par new generation   total 109248K, used 94004K [0x00000000e0000000, 0x00000000e8000000, 0x00000000e8000000)
  eden space 87424K, 100% used [0x00000000e0000000, 0x00000000e5560000, 0x00000000e5560000)
  from space 21824K,  30% used [0x00000000e6ab0000, 0x00000000e711d1a0, 0x00000000e8000000)
  to   space 21824K,   0% used [0x00000000e5560000, 0x00000000e5560000, 0x00000000e6ab0000)
 concurrent mark-sweep generation total 393216K, used 6080K [0x00000000e8000000, 0x0000000100000000, 0x0000000100000000)
 Metaspace       used 28002K, capacity 28516K, committed 28796K, reserved 1075200K
  class space    used 3214K, capacity 3393K, committed 3452K, reserved 1048576K
2017-06-10T21:49:14.717+0200: 10,906: [GC (Allocation Failure) 2017-06-10T21:49:14.717+0200: 10,906: [ParNew
Desired survivor size 20112992 bytes, new threshold 8 (max 8)
- age   1:   11211160 bytes,   11211160 total
- age   2:     292160 bytes,   11503320 total
- age   3:     217680 bytes,   11721000 total
- age   4:    1704112 bytes,   13425112 total
- age   5:      91888 bytes,   13517000 total
- age   6:     103368 bytes,   13620368 total
- age   7:       5344 bytes,   13625712 total
- age   8:     180376 bytes,   13806088 total
: 94004K->14533K(109248K), 0,0134274 secs] 100084K->21413K(502464K), 0,0134891 secs] [Times: user=0,05 sys=0,00, real=0,02 secs] 
Heap after GC invocations=10 (full 1):
 par new generation   total 109248K, used 14533K [0x00000000e0000000, 0x00000000e8000000, 0x00000000e8000000)
  eden space 87424K,   0% used [0x00000000e0000000, 0x00000000e0000000, 0x00000000e5560000)
  from space 21824K,  66% used [0x00000000e5560000, 0x00000000e6391610, 0x00000000e6ab0000)
  to   space 21824K,   0% used [0x00000000e6ab0000, 0x00000000e6ab0000, 0x00000000e8000000)
 concurrent mark-sweep generation total 393216K, used 6879K [0x00000000e8000000, 0x0000000100000000, 0x0000000100000000)
 Metaspace       used 28002K, capacity 28516K, committed 28796K, reserved 1075200K
  class space    used 3214K, capacity 3393K, committed 3452K, reserved 1048576K
}
2017-06-10T21:49:14.731+0200: 10,920: Total time for which application threads were stopped: 0,0136616 seconds, Stopping threads took: 0,0000205 seconds
2017-06-10T21:49:35.734+0200: 31,923: Total time for which application threads were stopped: 0,0000846 seconds, Stopping threads took: 0,0000350 seconds
2017-06-10T21:51:00.747+0200: 116,936: Total time for which application threads were stopped: 0,0000755 seconds, Stopping threads took: 0,0000310 seconds
2017-06-10T21:51:05.748+0200: 121,937: Total time for which application threads were stopped: 0,0001303 seconds, Stopping threads took: 0,0000335 seconds
2017-06-10T22:12:34.890+0200: 1411,079: Total time for which application threads were stopped: 0,0000956 seconds, Stopping threads took: 0,0000365 seconds
2017-06-10T22:17:54.925+0200: 1731,113: Total time for which application threads were stopped: 0,0000752 seconds, Stopping threads took: 0,0000294 seconds
2017-06-10T22:23:59.962+0200: 2096,151: Total time for which application threads were stopped: 0,0000774 seconds, Stopping threads took: 0,0000307 seconds
2017-06-10T22:27:25.984+0200: 2302,173: Total time for which application threads were stopped: 0,0000801 seconds, Stopping threads took: 0,0000297 seconds
2017-06-10T22:27:29.984+0200: 2306,173: Total time for which application threads were stopped: 0,0000604 seconds, Stopping threads took: 0,0000150 seconds
2017-06-10T22:28:29.991+0200: 2366,179: Total time for which application threads were stopped: 0,0000823 seconds, Stopping threads took: 0,0000335 seconds
2017-06-10T22:42:16.086+0200: 3192,275: Total time for which application threads were stopped: 0,0000767 seconds, Stopping threads took: 0,0000297 seconds
2017-06-10T22:42:21.087+0200: 3197,276: Total time for which application threads were stopped: 0,0000604 seconds, Stopping threads took: 0,0000151 seconds
2017-06-10T22:46:36.118+0200: 3452,307: Total time for which application threads were stopped: 0,0001599 seconds, Stopping threads took: 0,0000574 seconds
2017-06-10T22:53:05.179+0200: 3841,368: Total time for which application threads were stopped: 0,0005487 seconds, Stopping threads took: 0,0001732 seconds
2017-06-10T22:53:10.180+0200: 3846,369: Total time for which application threads were stopped: 0,0000713 seconds, Stopping threads took: 0,0000182 seconds
2017-06-10T23:07:36.284+0200: 4712,473: Total time for which application threads were stopped: 0,0000779 seconds, Stopping threads took: 0,0000313 seconds
2017-06-10T23:28:56.426+0200: 5992,615: Total time for which application threads were stopped: 0,0000841 seconds, Stopping threads took: 0,0000341 seconds
2017-06-10T23:33:26.462+0200: 6262,651: Total time for which application threads were stopped: 0,0001476 seconds, Stopping threads took: 0,0000568 seconds
2017-06-10T23:51:05.599+0200: 7321,788: Total time for which application threads were stopped: 0,0001975 seconds, Stopping threads took: 0,0000449 seconds
2017-06-10T23:51:35.604+0200: 7351,793: Total time for which application threads were stopped: 0,0001566 seconds, Stopping threads took: 0,0000568 seconds
2017-06-10T23:53:05.721+0200: 7441,910: Total time for which application threads were stopped: 0,0001023 seconds, Stopping threads took: 0,0000426 seconds
2017-06-10T23:53:05.722+0200: 7441,911: Total time for which application threads were stopped: 0,0001010 seconds, Stopping threads took: 0,0000405 seconds
2017-06-10T23:53:05.737+0200: 7441,926: Total time for which application threads were stopped: 0,0001227 seconds, Stopping threads took: 0,0000484 seconds
2017-06-10T23:53:05.738+0200: 7441,927: Total time for which application threads were stopped: 0,0001143 seconds, Stopping threads took: 0,0000234 seconds
2017-06-10T23:53:05.745+0200: 7441,933: Total time for which application threads were stopped: 0,0001234 seconds, Stopping threads took: 0,0000598 seconds
2017-06-10T23:53:05.745+0200: 7441,934: Total time for which application threads were stopped: 0,0001118 seconds, Stopping threads took: 0,0000209 seconds
Heap
 par new generation   total 109248K, used 40111K [0x00000000e0000000, 0x00000000e8000000, 0x00000000e8000000)
  eden space 87424K,  29% used [0x00000000e0000000, 0x00000000e18fa838, 0x00000000e5560000)
  from space 21824K,  66% used [0x00000000e5560000, 0x00000000e6391610, 0x00000000e6ab0000)
  to   space 21824K,   0% used [0x00000000e6ab0000, 0x00000000e6ab0000, 0x00000000e8000000)
 concurrent mark-sweep generation total 393216K, used 6879K [0x00000000e8000000, 0x0000000100000000, 0x0000000100000000)
 Metaspace       used 28137K, capacity 28652K, committed 28796K, reserved 1075200K
  class space    used 3227K, capacity 3395K, committed 3452K, reserved 1048576K
