OpenJDK 64-Bit Server VM (25.131-b11) for linux-amd64 JRE (1.8.0_131-8u131-b11-2ubuntu1.16.04.3-b11), built on Jul 28 2017 01:23:32 by "buildd" with gcc 5.4.0 20160609
Memory: 4k page, physical 7867732k(7483580k free), swap 8076284k(8076284k free)
CommandLine flags: -XX:CMSInitiatingOccupancyFraction=50 -XX:CMSMaxAbortablePrecleanTime=6000 -XX:+CMSParallelRemarkEnabled -XX:+CMSScavengeBeforeRemark -XX:ConcGCThreads=4 -XX:InitialHeapSize=536870912 -XX:MaxHeapSize=536870912 -XX:MaxTenuringThreshold=8 -XX:NewRatio=3 -XX:OldPLABSize=16 -XX:OnOutOfMemoryError=/opt/solr/bin/oom_solr.sh 8983 /var/solr/logs -XX:ParallelGCThreads=4 -XX:+ParallelRefProcEnabled -XX:PretenureSizeThreshold=67108864 -XX:+PrintGC -XX:+PrintGCApplicationStoppedTime -XX:+PrintGCDateStamps -XX:+PrintGCDetails -XX:+PrintGCTimeStamps -XX:+PrintHeapAtGC -XX:+PrintTenuringDistribution -XX:SurvivorRatio=4 -XX:TargetSurvivorRatio=90 -XX:ThreadStackSize=256 -XX:+UseCMSInitiatingOccupancyOnly -XX:+UseCompressedClassPointers -XX:+UseCompressedOops -XX:+UseConcMarkSweepGC -XX:+UseParNewGC 
2017-08-21T13:14:05.033+0200: 0,157: Total time for which application threads were stopped: 0,0000660 seconds, Stopping threads took: 0,0000132 seconds
2017-08-21T13:14:05.109+0200: 0,233: Total time for which application threads were stopped: 0,0001293 seconds, Stopping threads took: 0,0000172 seconds
2017-08-21T13:14:05.125+0200: 0,249: Total time for which application threads were stopped: 0,0000920 seconds, Stopping threads took: 0,0000150 seconds
2017-08-21T13:14:05.262+0200: 0,386: Total time for which application threads were stopped: 0,0001386 seconds, Stopping threads took: 0,0000165 seconds
2017-08-21T13:14:05.468+0200: 0,592: Total time for which application threads were stopped: 0,0001212 seconds, Stopping threads took: 0,0000139 seconds
2017-08-21T13:14:05.514+0200: 0,638: Total time for which application threads were stopped: 0,0001349 seconds, Stopping threads took: 0,0000207 seconds
2017-08-21T13:14:05.526+0200: 0,651: Total time for which application threads were stopped: 0,0001729 seconds, Stopping threads took: 0,0000235 seconds
2017-08-21T13:14:05.719+0200: 0,843: Total time for which application threads were stopped: 0,0001671 seconds, Stopping threads took: 0,0000229 seconds
2017-08-21T13:14:05.945+0200: 1,069: Total time for which application threads were stopped: 0,0001883 seconds, Stopping threads took: 0,0000125 seconds
2017-08-21T13:14:05.969+0200: 1,093: Total time for which application threads were stopped: 0,0001658 seconds, Stopping threads took: 0,0000160 seconds
2017-08-21T13:14:05.996+0200: 1,121: Total time for which application threads were stopped: 0,0002681 seconds, Stopping threads took: 0,0000221 seconds
2017-08-21T13:14:05.997+0200: 1,121: Total time for which application threads were stopped: 0,0002012 seconds, Stopping threads took: 0,0000199 seconds
2017-08-21T13:14:06.010+0200: 1,134: Total time for which application threads were stopped: 0,0001907 seconds, Stopping threads took: 0,0000190 seconds
2017-08-21T13:14:06.094+0200: 1,219: Total time for which application threads were stopped: 0,0002160 seconds, Stopping threads took: 0,0000229 seconds
2017-08-21T13:14:06.332+0200: 1,457: Total time for which application threads were stopped: 0,0003953 seconds, Stopping threads took: 0,0000669 seconds
{Heap before GC invocations=0 (full 0):
 par new generation   total 109248K, used 87424K [0x00000000e0000000, 0x00000000e8000000, 0x00000000e8000000)
  eden space 87424K, 100% used [0x00000000e0000000, 0x00000000e5560000, 0x00000000e5560000)
  from space 21824K,   0% used [0x00000000e5560000, 0x00000000e5560000, 0x00000000e6ab0000)
  to   space 21824K,   0% used [0x00000000e6ab0000, 0x00000000e6ab0000, 0x00000000e8000000)
 concurrent mark-sweep generation total 393216K, used 0K [0x00000000e8000000, 0x0000000100000000, 0x0000000100000000)
 Metaspace       used 17866K, capacity 18176K, committed 18304K, reserved 1064960K
  class space    used 2023K, capacity 2164K, committed 2176K, reserved 1048576K
2017-08-21T13:14:06.385+0200: 1,509: [GC (Allocation Failure) 2017-08-21T13:14:06.385+0200: 1,509: [ParNew
Desired survivor size 20112992 bytes, new threshold 8 (max 8)
- age   1:   11697760 bytes,   11697760 total
: 87424K->11535K(109248K), 0,0166401 secs] 87424K->11535K(502464K), 0,0167299 secs] [Times: user=0,05 sys=0,00, real=0,01 secs] 
Heap after GC invocations=1 (full 0):
 par new generation   total 109248K, used 11535K [0x00000000e0000000, 0x00000000e8000000, 0x00000000e8000000)
  eden space 87424K,   0% used [0x00000000e0000000, 0x00000000e0000000, 0x00000000e5560000)
  from space 21824K,  52% used [0x00000000e6ab0000, 0x00000000e75f3f40, 0x00000000e8000000)
  to   space 21824K,   0% used [0x00000000e5560000, 0x00000000e5560000, 0x00000000e6ab0000)
 concurrent mark-sweep generation total 393216K, used 0K [0x00000000e8000000, 0x0000000100000000, 0x0000000100000000)
 Metaspace       used 17866K, capacity 18176K, committed 18304K, reserved 1064960K
  class space    used 2023K, capacity 2164K, committed 2176K, reserved 1048576K
}
2017-08-21T13:14:06.402+0200: 1,526: Total time for which application threads were stopped: 0,0174931 seconds, Stopping threads took: 0,0005857 seconds
2017-08-21T13:14:07.352+0200: 2,477: Total time for which application threads were stopped: 0,0003130 seconds, Stopping threads took: 0,0000286 seconds
{Heap before GC invocations=1 (full 0):
 par new generation   total 109248K, used 98959K [0x00000000e0000000, 0x00000000e8000000, 0x00000000e8000000)
  eden space 87424K, 100% used [0x00000000e0000000, 0x00000000e5560000, 0x00000000e5560000)
  from space 21824K,  52% used [0x00000000e6ab0000, 0x00000000e75f3f40, 0x00000000e8000000)
  to   space 21824K,   0% used [0x00000000e5560000, 0x00000000e5560000, 0x00000000e6ab0000)
 concurrent mark-sweep generation total 393216K, used 0K [0x00000000e8000000, 0x0000000100000000, 0x0000000100000000)
 Metaspace       used 20069K, capacity 20444K, committed 20736K, reserved 1067008K
  class space    used 2298K, capacity 2476K, committed 2560K, reserved 1048576K
2017-08-21T13:14:07.393+0200: 2,517: [GC (Allocation Failure) 2017-08-21T13:14:07.393+0200: 2,518: [ParNew
Desired survivor size 20112992 bytes, new threshold 8 (max 8)
- age   1:    4375640 bytes,    4375640 total
- age   2:    6222424 bytes,   10598064 total
: 98959K->14879K(109248K), 0,0136484 secs] 98959K->14879K(502464K), 0,0137308 secs] [Times: user=0,03 sys=0,01, real=0,01 secs] 
Heap after GC invocations=2 (full 0):
 par new generation   total 109248K, used 14879K [0x00000000e0000000, 0x00000000e8000000, 0x00000000e8000000)
  eden space 87424K,   0% used [0x00000000e0000000, 0x00000000e0000000, 0x00000000e5560000)
  from space 21824K,  68% used [0x00000000e5560000, 0x00000000e63e7e80, 0x00000000e6ab0000)
  to   space 21824K,   0% used [0x00000000e6ab0000, 0x00000000e6ab0000, 0x00000000e8000000)
 concurrent mark-sweep generation total 393216K, used 0K [0x00000000e8000000, 0x0000000100000000, 0x0000000100000000)
 Metaspace       used 20069K, capacity 20444K, committed 20736K, reserved 1067008K
  class space    used 2298K, capacity 2476K, committed 2560K, reserved 1048576K
}
2017-08-21T13:14:07.407+0200: 2,531: Total time for which application threads were stopped: 0,0152009 seconds, Stopping threads took: 0,0012909 seconds
2017-08-21T13:14:07.425+0200: 2,549: Total time for which application threads were stopped: 0,0003624 seconds, Stopping threads took: 0,0000718 seconds
2017-08-21T13:14:07.475+0200: 2,599: Total time for which application threads were stopped: 0,0004350 seconds, Stopping threads took: 0,0000361 seconds
2017-08-21T13:14:07.657+0200: 2,781: Total time for which application threads were stopped: 0,0007069 seconds, Stopping threads took: 0,0001110 seconds
{Heap before GC invocations=2 (full 0):
 par new generation   total 109248K, used 102303K [0x00000000e0000000, 0x00000000e8000000, 0x00000000e8000000)
  eden space 87424K, 100% used [0x00000000e0000000, 0x00000000e5560000, 0x00000000e5560000)
  from space 21824K,  68% used [0x00000000e5560000, 0x00000000e63e7e80, 0x00000000e6ab0000)
  to   space 21824K,   0% used [0x00000000e6ab0000, 0x00000000e6ab0000, 0x00000000e8000000)
 concurrent mark-sweep generation total 393216K, used 0K [0x00000000e8000000, 0x0000000100000000, 0x0000000100000000)
 Metaspace       used 20987K, capacity 21302K, committed 21552K, reserved 1069056K
  class space    used 2419K, capacity 2595K, committed 2608K, reserved 1048576K
2017-08-21T13:14:07.697+0200: 2,822: [GC (Allocation Failure) 2017-08-21T13:14:07.697+0200: 2,822: [ParNew
Desired survivor size 20112992 bytes, new threshold 8 (max 8)
- age   1:    2240672 bytes,    2240672 total
- age   2:    1280304 bytes,    3520976 total
- age   3:    6220088 bytes,    9741064 total
: 102303K->11481K(109248K), 0,0154221 secs] 102303K->11481K(502464K), 0,0155166 secs] [Times: user=0,03 sys=0,00, real=0,01 secs] 
Heap after GC invocations=3 (full 0):
 par new generation   total 109248K, used 11481K [0x00000000e0000000, 0x00000000e8000000, 0x00000000e8000000)
  eden space 87424K,   0% used [0x00000000e0000000, 0x00000000e0000000, 0x00000000e5560000)
  from space 21824K,  52% used [0x00000000e6ab0000, 0x00000000e75e67c0, 0x00000000e8000000)
  to   space 21824K,   0% used [0x00000000e5560000, 0x00000000e5560000, 0x00000000e6ab0000)
 concurrent mark-sweep generation total 393216K, used 0K [0x00000000e8000000, 0x0000000100000000, 0x0000000100000000)
 Metaspace       used 20987K, capacity 21302K, committed 21552K, reserved 1069056K
  class space    used 2419K, capacity 2595K, committed 2608K, reserved 1048576K
}
2017-08-21T13:14:07.713+0200: 2,837: Total time for which application threads were stopped: 0,0157334 seconds, Stopping threads took: 0,0000456 seconds
2017-08-21T13:14:07.713+0200: 2,837: [GC (CMS Initial Mark) [1 CMS-initial-mark: 0K(393216K)] 12189K(502464K), 0,0060879 secs] [Times: user=0,02 sys=0,00, real=0,01 secs] 
2017-08-21T13:14:07.719+0200: 2,843: Total time for which application threads were stopped: 0,0062370 seconds, Stopping threads took: 0,0000444 seconds
2017-08-21T13:14:07.719+0200: 2,843: [CMS-concurrent-mark-start]
2017-08-21T13:14:07.725+0200: 2,850: [CMS-concurrent-mark: 0,006/0,006 secs] [Times: user=0,02 sys=0,00, real=0,01 secs] 
2017-08-21T13:14:07.726+0200: 2,850: [CMS-concurrent-preclean-start]
2017-08-21T13:14:07.727+0200: 2,851: [CMS-concurrent-preclean: 0,001/0,001 secs] [Times: user=0,01 sys=0,00, real=0,00 secs] 
2017-08-21T13:14:07.727+0200: 2,851: [CMS-concurrent-abortable-preclean-start]
2017-08-21T13:14:07.848+0200: 2,972: Total time for which application threads were stopped: 0,0001408 seconds, Stopping threads took: 0,0000543 seconds
2017-08-21T13:14:07.850+0200: 2,974: [CMS-concurrent-abortable-preclean: 0,121/0,123 secs] [Times: user=0,45 sys=0,00, real=0,12 secs] 
2017-08-21T13:14:07.854+0200: 2,978: [GC (CMS Final Remark) [YG occupancy: 84886 K (109248 K)]{Heap before GC invocations=3 (full 1):
 par new generation   total 109248K, used 84886K [0x00000000e0000000, 0x00000000e8000000, 0x00000000e8000000)
  eden space 87424K,  83% used [0x00000000e0000000, 0x00000000e47af0f0, 0x00000000e5560000)
  from space 21824K,  52% used [0x00000000e6ab0000, 0x00000000e75e67c0, 0x00000000e8000000)
  to   space 21824K,   0% used [0x00000000e5560000, 0x00000000e5560000, 0x00000000e6ab0000)
 concurrent mark-sweep generation total 393216K, used 0K [0x00000000e8000000, 0x0000000100000000, 0x0000000100000000)
 Metaspace       used 21238K, capacity 21640K, committed 21960K, reserved 1069056K
  class space    used 2446K, capacity 2610K, committed 2684K, reserved 1048576K
2017-08-21T13:14:07.854+0200: 2,978: [GC (CMS Final Remark) 2017-08-21T13:14:07.854+0200: 2,978: [ParNew
Desired survivor size 20112992 bytes, new threshold 8 (max 8)
- age   1:    1207456 bytes,    1207456 total
- age   2:    1490752 bytes,    2698208 total
- age   3:    1247432 bytes,    3945640 total
- age   4:    6220088 bytes,   10165728 total
: 84886K->12854K(109248K), 0,0174430 secs] 84886K->12854K(502464K), 0,0176814 secs] [Times: user=0,06 sys=0,00, real=0,01 secs] 
Heap after GC invocations=4 (full 1):
 par new generation   total 109248K, used 12854K [0x00000000e0000000, 0x00000000e8000000, 0x00000000e8000000)
  eden space 87424K,   0% used [0x00000000e0000000, 0x00000000e0000000, 0x00000000e5560000)
  from space 21824K,  58% used [0x00000000e5560000, 0x00000000e61edb10, 0x00000000e6ab0000)
  to   space 21824K,   0% used [0x00000000e6ab0000, 0x00000000e6ab0000, 0x00000000e8000000)
 concurrent mark-sweep generation total 393216K, used 0K [0x00000000e8000000, 0x0000000100000000, 0x0000000100000000)
 Metaspace       used 21238K, capacity 21640K, committed 21960K, reserved 1069056K
  class space    used 2446K, capacity 2610K, committed 2684K, reserved 1048576K
}
2017-08-21T13:14:07.872+0200: 2,996: [Rescan (parallel) , 0,0062997 secs]2017-08-21T13:14:07.878+0200: 3,002: [weak refs processing, 0,0057851 secs]2017-08-21T13:14:07.884+0200: 3,008: [class unloading, 0,0069807 secs]2017-08-21T13:14:07.891+0200: 3,015: [scrub symbol table, 0,0027442 secs]2017-08-21T13:14:07.894+0200: 3,018: [scrub string table, 0,0003499 secs][1 CMS-remark: 0K(393216K)] 12854K(502464K), 0,0408855 secs] [Times: user=0,10 sys=0,00, real=0,04 secs] 
2017-08-21T13:14:07.895+0200: 3,019: Total time for which application threads were stopped: 0,0418266 seconds, Stopping threads took: 0,0006840 seconds
2017-08-21T13:14:07.895+0200: 3,019: [CMS-concurrent-sweep-start]
2017-08-21T13:14:07.895+0200: 3,019: [CMS-concurrent-sweep: 0,000/0,000 secs] [Times: user=0,00 sys=0,00, real=0,00 secs] 
2017-08-21T13:14:07.895+0200: 3,019: [CMS-concurrent-reset-start]
2017-08-21T13:14:07.898+0200: 3,022: [CMS-concurrent-reset: 0,003/0,003 secs] [Times: user=0,01 sys=0,01, real=0,00 secs] 
{Heap before GC invocations=4 (full 1):
 par new generation   total 109248K, used 100278K [0x00000000e0000000, 0x00000000e8000000, 0x00000000e8000000)
  eden space 87424K, 100% used [0x00000000e0000000, 0x00000000e5560000, 0x00000000e5560000)
  from space 21824K,  58% used [0x00000000e5560000, 0x00000000e61edb10, 0x00000000e6ab0000)
  to   space 21824K,   0% used [0x00000000e6ab0000, 0x00000000e6ab0000, 0x00000000e8000000)
 concurrent mark-sweep generation total 393216K, used 0K [0x00000000e8000000, 0x0000000100000000, 0x0000000100000000)
 Metaspace       used 21381K, capacity 21750K, committed 21960K, reserved 1069056K
  class space    used 2469K, capacity 2644K, committed 2684K, reserved 1048576K
2017-08-21T13:14:08.069+0200: 3,193: [GC (Allocation Failure) 2017-08-21T13:14:08.069+0200: 3,193: [ParNew
Desired survivor size 20112992 bytes, new threshold 8 (max 8)
- age   1:     780016 bytes,     780016 total
- age   2:     138552 bytes,     918568 total
- age   3:    1490528 bytes,    2409096 total
- age   4:    1243448 bytes,    3652544 total
- age   5:    6220240 bytes,    9872784 total
: 100278K->10264K(109248K), 0,0103282 secs] 100278K->10264K(502464K), 0,0103952 secs] [Times: user=0,03 sys=0,00, real=0,01 secs] 
Heap after GC invocations=5 (full 1):
 par new generation   total 109248K, used 10264K [0x00000000e0000000, 0x00000000e8000000, 0x00000000e8000000)
  eden space 87424K,   0% used [0x00000000e0000000, 0x00000000e0000000, 0x00000000e5560000)
  from space 21824K,  47% used [0x00000000e6ab0000, 0x00000000e74b60c0, 0x00000000e8000000)
  to   space 21824K,   0% used [0x00000000e5560000, 0x00000000e5560000, 0x00000000e6ab0000)
 concurrent mark-sweep generation total 393216K, used 0K [0x00000000e8000000, 0x0000000100000000, 0x0000000100000000)
 Metaspace       used 21381K, capacity 21750K, committed 21960K, reserved 1069056K
  class space    used 2469K, capacity 2644K, committed 2684K, reserved 1048576K
}
2017-08-21T13:14:08.080+0200: 3,204: Total time for which application threads were stopped: 0,0148866 seconds, Stopping threads took: 0,0043293 seconds
2017-08-21T13:14:08.124+0200: 3,248: Total time for which application threads were stopped: 0,0003054 seconds, Stopping threads took: 0,0000139 seconds
2017-08-21T13:14:08.381+0200: 3,505: Total time for which application threads were stopped: 0,0004572 seconds, Stopping threads took: 0,0000255 seconds
2017-08-21T13:14:08.398+0200: 3,522: Total time for which application threads were stopped: 0,0004872 seconds, Stopping threads took: 0,0000421 seconds
{Heap before GC invocations=5 (full 1):
 par new generation   total 109248K, used 97688K [0x00000000e0000000, 0x00000000e8000000, 0x00000000e8000000)
  eden space 87424K, 100% used [0x00000000e0000000, 0x00000000e5560000, 0x00000000e5560000)
  from space 21824K,  47% used [0x00000000e6ab0000, 0x00000000e74b60c0, 0x00000000e8000000)
  to   space 21824K,   0% used [0x00000000e5560000, 0x00000000e5560000, 0x00000000e6ab0000)
 concurrent mark-sweep generation total 393216K, used 0K [0x00000000e8000000, 0x0000000100000000, 0x0000000100000000)
 Metaspace       used 23752K, capacity 24260K, committed 24572K, reserved 1071104K
  class space    used 2785K, capacity 2989K, committed 3068K, reserved 1048576K
2017-08-21T13:14:08.527+0200: 3,651: [GC (Allocation Failure) 2017-08-21T13:14:08.527+0200: 3,651: [ParNew
Desired survivor size 20112992 bytes, new threshold 8 (max 8)
- age   1:    5032896 bytes,    5032896 total
- age   2:     127592 bytes,    5160488 total
- age   3:     137152 bytes,    5297640 total
- age   4:     320744 bytes,    5618384 total
- age   5:    1219024 bytes,    6837408 total
- age   6:    6211736 bytes,   13049144 total
: 97688K->19568K(109248K), 0,0123242 secs] 97688K->19568K(502464K), 0,0124108 secs] [Times: user=0,04 sys=0,00, real=0,01 secs] 
Heap after GC invocations=6 (full 1):
 par new generation   total 109248K, used 19568K [0x00000000e0000000, 0x00000000e8000000, 0x00000000e8000000)
  eden space 87424K,   0% used [0x00000000e0000000, 0x00000000e0000000, 0x00000000e5560000)
  from space 21824K,  89% used [0x00000000e5560000, 0x00000000e687c340, 0x00000000e6ab0000)
  to   space 21824K,   0% used [0x00000000e6ab0000, 0x00000000e6ab0000, 0x00000000e8000000)
 concurrent mark-sweep generation total 393216K, used 0K [0x00000000e8000000, 0x0000000100000000, 0x0000000100000000)
 Metaspace       used 23752K, capacity 24260K, committed 24572K, reserved 1071104K
  class space    used 2785K, capacity 2989K, committed 3068K, reserved 1048576K
}
2017-08-21T13:14:08.539+0200: 3,664: Total time for which application threads were stopped: 0,0127687 seconds, Stopping threads took: 0,0001068 seconds
{Heap before GC invocations=6 (full 1):
 par new generation   total 109248K, used 106992K [0x00000000e0000000, 0x00000000e8000000, 0x00000000e8000000)
  eden space 87424K, 100% used [0x00000000e0000000, 0x00000000e5560000, 0x00000000e5560000)
  from space 21824K,  89% used [0x00000000e5560000, 0x00000000e687c340, 0x00000000e6ab0000)
  to   space 21824K,   0% used [0x00000000e6ab0000, 0x00000000e6ab0000, 0x00000000e8000000)
 concurrent mark-sweep generation total 393216K, used 0K [0x00000000e8000000, 0x0000000100000000, 0x0000000100000000)
 Metaspace       used 24399K, capacity 24842K, committed 25084K, reserved 1071104K
  class space    used 2859K, capacity 3054K, committed 3068K, reserved 1048576K
2017-08-21T13:14:08.697+0200: 3,821: [GC (Allocation Failure) 2017-08-21T13:14:08.697+0200: 3,821: [ParNew
Desired survivor size 20112992 bytes, new threshold 8 (max 8)
- age   1:    2178008 bytes,    2178008 total
- age   2:    1764472 bytes,    3942480 total
- age   3:      72920 bytes,    4015400 total
- age   4:      80296 bytes,    4095696 total
- age   5:     201392 bytes,    4297088 total
- age   6:     897056 bytes,    5194144 total
- age   7:    5983776 bytes,   11177920 total
: 106992K->12060K(109248K), 0,0243993 secs] 106992K->12060K(502464K), 0,0244755 secs] [Times: user=0,07 sys=0,00, real=0,02 secs] 
Heap after GC invocations=7 (full 1):
 par new generation   total 109248K, used 12060K [0x00000000e0000000, 0x00000000e8000000, 0x00000000e8000000)
  eden space 87424K,   0% used [0x00000000e0000000, 0x00000000e0000000, 0x00000000e5560000)
  from space 21824K,  55% used [0x00000000e6ab0000, 0x00000000e7677120, 0x00000000e8000000)
  to   space 21824K,   0% used [0x00000000e5560000, 0x00000000e5560000, 0x00000000e6ab0000)
 concurrent mark-sweep generation total 393216K, used 0K [0x00000000e8000000, 0x0000000100000000, 0x0000000100000000)
 Metaspace       used 24399K, capacity 24842K, committed 25084K, reserved 1071104K
  class space    used 2859K, capacity 3054K, committed 3068K, reserved 1048576K
}
2017-08-21T13:14:08.721+0200: 3,846: Total time for which application threads were stopped: 0,0260911 seconds, Stopping threads took: 0,0014055 seconds
{Heap before GC invocations=7 (full 1):
 par new generation   total 109248K, used 99484K [0x00000000e0000000, 0x00000000e8000000, 0x00000000e8000000)
  eden space 87424K, 100% used [0x00000000e0000000, 0x00000000e5560000, 0x00000000e5560000)
  from space 21824K,  55% used [0x00000000e6ab0000, 0x00000000e7677120, 0x00000000e8000000)
  to   space 21824K,   0% used [0x00000000e5560000, 0x00000000e5560000, 0x00000000e6ab0000)
 concurrent mark-sweep generation total 393216K, used 0K [0x00000000e8000000, 0x0000000100000000, 0x0000000100000000)
 Metaspace       used 24904K, capacity 25348K, committed 25468K, reserved 1071104K
  class space    used 2904K, capacity 3091K, committed 3196K, reserved 1048576K
2017-08-21T13:14:08.821+0200: 3,945: [GC (Allocation Failure) 2017-08-21T13:14:08.821+0200: 3,945: [ParNew
Desired survivor size 20112992 bytes, new threshold 8 (max 8)
- age   1:     818760 bytes,     818760 total
- age   2:     998472 bytes,    1817232 total
- age   3:    1741624 bytes,    3558856 total
- age   4:      72816 bytes,    3631672 total
- age   5:      80168 bytes,    3711840 total
- age   6:     198656 bytes,    3910496 total
- age   7:     896288 bytes,    4806784 total
- age   8:    5983296 bytes,   10790080 total
: 99484K->14290K(109248K), 0,0102450 secs] 99484K->14290K(502464K), 0,0103118 secs] [Times: user=0,04 sys=0,00, real=0,01 secs] 
Heap after GC invocations=8 (full 1):
 par new generation   total 109248K, used 14290K [0x00000000e0000000, 0x00000000e8000000, 0x00000000e8000000)
  eden space 87424K,   0% used [0x00000000e0000000, 0x00000000e0000000, 0x00000000e5560000)
  from space 21824K,  65% used [0x00000000e5560000, 0x00000000e6354970, 0x00000000e6ab0000)
  to   space 21824K,   0% used [0x00000000e6ab0000, 0x00000000e6ab0000, 0x00000000e8000000)
 concurrent mark-sweep generation total 393216K, used 0K [0x00000000e8000000, 0x0000000100000000, 0x0000000100000000)
 Metaspace       used 24904K, capacity 25348K, committed 25468K, reserved 1071104K
  class space    used 2904K, capacity 3091K, committed 3196K, reserved 1048576K
}
2017-08-21T13:14:08.831+0200: 3,955: Total time for which application threads were stopped: 0,0105731 seconds, Stopping threads took: 0,0001277 seconds
2017-08-21T13:14:08.940+0200: 4,064: Total time for which application threads were stopped: 0,0008374 seconds, Stopping threads took: 0,0004488 seconds
2017-08-21T13:14:08.948+0200: 4,072: Total time for which application threads were stopped: 0,0001562 seconds, Stopping threads took: 0,0000650 seconds
2017-08-21T13:14:08.948+0200: 4,073: Total time for which application threads were stopped: 0,0000884 seconds, Stopping threads took: 0,0000225 seconds
2017-08-21T13:14:08.949+0200: 4,073: Total time for which application threads were stopped: 0,0000900 seconds, Stopping threads took: 0,0000202 seconds
2017-08-21T13:14:08.949+0200: 4,073: Total time for which application threads were stopped: 0,0000882 seconds, Stopping threads took: 0,0000271 seconds
2017-08-21T13:14:08.953+0200: 4,077: Total time for which application threads were stopped: 0,0041198 seconds, Stopping threads took: 0,0040278 seconds
2017-08-21T13:14:08.954+0200: 4,078: Total time for which application threads were stopped: 0,0001229 seconds, Stopping threads took: 0,0000359 seconds
2017-08-21T13:14:08.954+0200: 4,078: Total time for which application threads were stopped: 0,0000812 seconds, Stopping threads took: 0,0000218 seconds
2017-08-21T13:14:08.955+0200: 4,079: Total time for which application threads were stopped: 0,0001576 seconds, Stopping threads took: 0,0000755 seconds
2017-08-21T13:14:08.958+0200: 4,082: Total time for which application threads were stopped: 0,0001498 seconds, Stopping threads took: 0,0000424 seconds
2017-08-21T13:14:08.958+0200: 4,082: Total time for which application threads were stopped: 0,0000812 seconds, Stopping threads took: 0,0000235 seconds
2017-08-21T13:14:08.959+0200: 4,083: Total time for which application threads were stopped: 0,0001018 seconds, Stopping threads took: 0,0000307 seconds
2017-08-21T13:14:08.959+0200: 4,083: Total time for which application threads were stopped: 0,0000502 seconds, Stopping threads took: 0,0000119 seconds
2017-08-21T13:14:08.959+0200: 4,083: Total time for which application threads were stopped: 0,0001336 seconds, Stopping threads took: 0,0000893 seconds
2017-08-21T13:14:08.959+0200: 4,083: Total time for which application threads were stopped: 0,0000472 seconds, Stopping threads took: 0,0000207 seconds
2017-08-21T13:14:08.959+0200: 4,083: Total time for which application threads were stopped: 0,0001537 seconds, Stopping threads took: 0,0001100 seconds
2017-08-21T13:14:08.960+0200: 4,084: Total time for which application threads were stopped: 0,0001154 seconds, Stopping threads took: 0,0000259 seconds
2017-08-21T13:14:08.961+0200: 4,085: Total time for which application threads were stopped: 0,0014252 seconds, Stopping threads took: 0,0013601 seconds
2017-08-21T13:14:08.962+0200: 4,086: Total time for which application threads were stopped: 0,0001631 seconds, Stopping threads took: 0,0000922 seconds
2017-08-21T13:14:08.962+0200: 4,086: Total time for which application threads were stopped: 0,0000688 seconds, Stopping threads took: 0,0000109 seconds
2017-08-21T13:14:08.962+0200: 4,086: Total time for which application threads were stopped: 0,0001132 seconds, Stopping threads took: 0,0000113 seconds
2017-08-21T13:14:08.965+0200: 4,089: Total time for which application threads were stopped: 0,0001497 seconds, Stopping threads took: 0,0000676 seconds
2017-08-21T13:14:08.965+0200: 4,089: Total time for which application threads were stopped: 0,0000579 seconds, Stopping threads took: 0,0000137 seconds
2017-08-21T13:14:08.965+0200: 4,089: Total time for which application threads were stopped: 0,0000564 seconds, Stopping threads took: 0,0000134 seconds
2017-08-21T13:14:08.965+0200: 4,089: Total time for which application threads were stopped: 0,0000557 seconds, Stopping threads took: 0,0000174 seconds
2017-08-21T13:14:08.965+0200: 4,090: Total time for which application threads were stopped: 0,0000548 seconds, Stopping threads took: 0,0000213 seconds
2017-08-21T13:14:08.972+0200: 4,096: Total time for which application threads were stopped: 0,0001189 seconds, Stopping threads took: 0,0000242 seconds
2017-08-21T13:14:08.972+0200: 4,097: Total time for which application threads were stopped: 0,0000623 seconds, Stopping threads took: 0,0000107 seconds
2017-08-21T13:14:08.973+0200: 4,098: Total time for which application threads were stopped: 0,0001104 seconds, Stopping threads took: 0,0000549 seconds
2017-08-21T13:14:08.976+0200: 4,100: Total time for which application threads were stopped: 0,0004754 seconds, Stopping threads took: 0,0003784 seconds
2017-08-21T13:14:08.976+0200: 4,101: Total time for which application threads were stopped: 0,0000627 seconds, Stopping threads took: 0,0000261 seconds
2017-08-21T13:14:08.977+0200: 4,101: Total time for which application threads were stopped: 0,0000842 seconds, Stopping threads took: 0,0000185 seconds
2017-08-21T13:14:08.977+0200: 4,101: Total time for which application threads were stopped: 0,0000554 seconds, Stopping threads took: 0,0000124 seconds
2017-08-21T13:14:08.977+0200: 4,101: Total time for which application threads were stopped: 0,0000819 seconds, Stopping threads took: 0,0000286 seconds
2017-08-21T13:14:08.978+0200: 4,102: Total time for which application threads were stopped: 0,0000808 seconds, Stopping threads took: 0,0000258 seconds
2017-08-21T13:14:08.978+0200: 4,102: Total time for which application threads were stopped: 0,0000545 seconds, Stopping threads took: 0,0000087 seconds
2017-08-21T13:14:08.978+0200: 4,102: Total time for which application threads were stopped: 0,0000617 seconds, Stopping threads took: 0,0000108 seconds
2017-08-21T13:14:08.978+0200: 4,102: Total time for which application threads were stopped: 0,0000526 seconds, Stopping threads took: 0,0000127 seconds
2017-08-21T13:14:08.978+0200: 4,102: Total time for which application threads were stopped: 0,0000639 seconds, Stopping threads took: 0,0000201 seconds
2017-08-21T13:14:08.978+0200: 4,102: Total time for which application threads were stopped: 0,0000454 seconds, Stopping threads took: 0,0000088 seconds
2017-08-21T13:14:08.978+0200: 4,103: Total time for which application threads were stopped: 0,0001207 seconds, Stopping threads took: 0,0000186 seconds
2017-08-21T13:14:08.990+0200: 4,114: Total time for which application threads were stopped: 0,0001366 seconds, Stopping threads took: 0,0000561 seconds
2017-08-21T13:14:09.001+0200: 4,125: Total time for which application threads were stopped: 0,0028844 seconds, Stopping threads took: 0,0027961 seconds
2017-08-21T13:14:09.007+0200: 4,132: Total time for which application threads were stopped: 0,0003141 seconds, Stopping threads took: 0,0002437 seconds
2017-08-21T13:14:09.011+0200: 4,136: Total time for which application threads were stopped: 0,0001777 seconds, Stopping threads took: 0,0000907 seconds
2017-08-21T13:14:09.015+0200: 4,139: Total time for which application threads were stopped: 0,0001835 seconds, Stopping threads took: 0,0000817 seconds
2017-08-21T13:14:09.043+0200: 4,167: Total time for which application threads were stopped: 0,0001699 seconds, Stopping threads took: 0,0000467 seconds
2017-08-21T13:14:09.063+0200: 4,187: Total time for which application threads were stopped: 0,0001417 seconds, Stopping threads took: 0,0000361 seconds
2017-08-21T13:14:09.116+0200: 4,240: Total time for which application threads were stopped: 0,0005291 seconds, Stopping threads took: 0,0000255 seconds
2017-08-21T13:14:09.133+0200: 4,257: Total time for which application threads were stopped: 0,0005798 seconds, Stopping threads took: 0,0000376 seconds
{Heap before GC invocations=8 (full 1):
 par new generation   total 109248K, used 101714K [0x00000000e0000000, 0x00000000e8000000, 0x00000000e8000000)
  eden space 87424K, 100% used [0x00000000e0000000, 0x00000000e5560000, 0x00000000e5560000)
  from space 21824K,  65% used [0x00000000e5560000, 0x00000000e6354970, 0x00000000e6ab0000)
  to   space 21824K,   0% used [0x00000000e6ab0000, 0x00000000e6ab0000, 0x00000000e8000000)
 concurrent mark-sweep generation total 393216K, used 0K [0x00000000e8000000, 0x0000000100000000, 0x0000000100000000)
 Metaspace       used 26583K, capacity 27116K, committed 27388K, reserved 1073152K
  class space    used 3040K, capacity 3233K, committed 3324K, reserved 1048576K
2017-08-21T13:14:09.157+0200: 4,281: [GC (Allocation Failure) 2017-08-21T13:14:09.157+0200: 4,282: [ParNew
Desired survivor size 20112992 bytes, new threshold 8 (max 8)
- age   1:    6964288 bytes,    6964288 total
- age   2:     243896 bytes,    7208184 total
- age   3:     219344 bytes,    7427528 total
- age   4:    1737984 bytes,    9165512 total
- age   5:      70304 bytes,    9235816 total
- age   6:      80136 bytes,    9315952 total
- age   7:     198096 bytes,    9514048 total
- age   8:     895120 bytes,   10409168 total
: 101714K->14249K(109248K), 0,0418019 secs] 101714K->20702K(502464K), 0,0418818 secs] [Times: user=0,14 sys=0,00, real=0,04 secs] 
Heap after GC invocations=9 (full 1):
 par new generation   total 109248K, used 14249K [0x00000000e0000000, 0x00000000e8000000, 0x00000000e8000000)
  eden space 87424K,   0% used [0x00000000e0000000, 0x00000000e0000000, 0x00000000e5560000)
  from space 21824K,  65% used [0x00000000e6ab0000, 0x00000000e789a620, 0x00000000e8000000)
  to   space 21824K,   0% used [0x00000000e5560000, 0x00000000e5560000, 0x00000000e6ab0000)
 concurrent mark-sweep generation total 393216K, used 6453K [0x00000000e8000000, 0x0000000100000000, 0x0000000100000000)
 Metaspace       used 26583K, capacity 27116K, committed 27388K, reserved 1073152K
  class space    used 3040K, capacity 3233K, committed 3324K, reserved 1048576K
}
2017-08-21T13:14:09.199+0200: 4,323: Total time for which application threads were stopped: 0,0421052 seconds, Stopping threads took: 0,0000508 seconds
2017-08-21T13:14:09.248+0200: 4,372: Total time for which application threads were stopped: 0,0005209 seconds, Stopping threads took: 0,0000478 seconds
2017-08-21T13:14:09.250+0200: 4,374: Total time for which application threads were stopped: 0,0001509 seconds, Stopping threads took: 0,0000501 seconds
2017-08-21T13:14:09.250+0200: 4,374: Total time for which application threads were stopped: 0,0001022 seconds, Stopping threads took: 0,0000273 seconds
2017-08-21T13:14:09.250+0200: 4,374: Total time for which application threads were stopped: 0,0001575 seconds, Stopping threads took: 0,0000365 seconds
2017-08-21T13:14:09.263+0200: 4,387: Total time for which application threads were stopped: 0,0001099 seconds, Stopping threads took: 0,0000271 seconds
2017-08-21T13:14:09.281+0200: 4,406: Total time for which application threads were stopped: 0,0001766 seconds, Stopping threads took: 0,0000564 seconds
2017-08-21T13:14:09.289+0200: 4,413: Total time for which application threads were stopped: 0,0002596 seconds, Stopping threads took: 0,0000672 seconds
2017-08-21T13:14:09.293+0200: 4,417: Total time for which application threads were stopped: 0,0039711 seconds, Stopping threads took: 0,0038449 seconds
2017-08-21T13:14:09.295+0200: 4,419: Total time for which application threads were stopped: 0,0001603 seconds, Stopping threads took: 0,0000527 seconds
2017-08-21T13:14:09.298+0200: 4,422: Total time for which application threads were stopped: 0,0001165 seconds, Stopping threads took: 0,0000312 seconds
2017-08-21T13:14:09.298+0200: 4,423: Total time for which application threads were stopped: 0,0000891 seconds, Stopping threads took: 0,0000248 seconds
2017-08-21T13:14:09.303+0200: 4,427: Total time for which application threads were stopped: 0,0001490 seconds, Stopping threads took: 0,0000436 seconds
2017-08-21T13:14:09.309+0200: 4,434: Total time for which application threads were stopped: 0,0001344 seconds, Stopping threads took: 0,0000391 seconds
2017-08-21T13:14:09.327+0200: 4,451: Total time for which application threads were stopped: 0,0006355 seconds, Stopping threads took: 0,0005333 seconds
2017-08-21T13:14:09.333+0200: 4,458: Total time for which application threads were stopped: 0,0001896 seconds, Stopping threads took: 0,0001016 seconds
2017-08-21T13:14:09.346+0200: 4,470: Total time for which application threads were stopped: 0,0001535 seconds, Stopping threads took: 0,0000658 seconds
2017-08-21T13:14:09.357+0200: 4,481: Total time for which application threads were stopped: 0,0041016 seconds, Stopping threads took: 0,0040238 seconds
2017-08-21T13:14:09.373+0200: 4,497: Total time for which application threads were stopped: 0,0003854 seconds, Stopping threads took: 0,0002938 seconds
2017-08-21T13:14:09.395+0200: 4,519: Total time for which application threads were stopped: 0,0006055 seconds, Stopping threads took: 0,0000269 seconds
2017-08-21T13:14:10.395+0200: 5,519: Total time for which application threads were stopped: 0,0000739 seconds, Stopping threads took: 0,0000178 seconds
2017-08-21T13:17:45.161+0200: 116,911: Total time for which application threads were stopped: 0,0000893 seconds, Stopping threads took: 0,0000366 seconds
2017-08-21T13:17:50.162+0200: 121,912: Total time for which application threads were stopped: 0,0000714 seconds, Stopping threads took: 0,0000183 seconds
2017-08-21T13:18:51.304+0200: 181,920: Total time for which application threads were stopped: 0,0002136 seconds, Stopping threads took: 0,0000782 seconds
2017-08-21T13:18:56.305+0200: 186,921: Total time for which application threads were stopped: 0,0001370 seconds, Stopping threads took: 0,0000323 seconds
2017-08-21T13:26:56.380+0200: 666,996: Total time for which application threads were stopped: 0,0001645 seconds, Stopping threads took: 0,0000616 seconds
2017-08-21T13:27:06.382+0200: 676,998: Total time for which application threads were stopped: 0,0001339 seconds, Stopping threads took: 0,0000299 seconds
2017-08-21T13:27:11.383+0200: 681,999: Total time for which application threads were stopped: 0,0001621 seconds, Stopping threads took: 0,0000584 seconds
2017-08-21T13:32:46.435+0200: 1017,051: Total time for which application threads were stopped: 0,0001934 seconds, Stopping threads took: 0,0000717 seconds
2017-08-21T13:39:31.500+0200: 1422,115: Total time for which application threads were stopped: 0,0001827 seconds, Stopping threads took: 0,0000681 seconds
2017-08-21T13:45:58.127+0200: 1687,202: Total time for which application threads were stopped: 0,0001983 seconds, Stopping threads took: 0,0000744 seconds
2017-08-21T13:56:38.225+0200: 2327,299: Total time for which application threads were stopped: 0,0001746 seconds, Stopping threads took: 0,0000640 seconds
2017-08-21T13:56:52.227+0200: 2341,302: Total time for which application threads were stopped: 0,0001325 seconds, Stopping threads took: 0,0000297 seconds
2017-08-21T13:56:53.227+0200: 2342,302: Total time for which application threads were stopped: 0,0000705 seconds, Stopping threads took: 0,0000180 seconds
2017-08-21T14:15:04.236+0200: 3432,474: Total time for which application threads were stopped: 0,0001660 seconds, Stopping threads took: 0,0000608 seconds
2017-08-21T14:21:44.298+0200: 3832,536: Total time for which application threads were stopped: 0,0001124 seconds, Stopping threads took: 0,0000345 seconds
2017-08-21T14:23:24.311+0200: 3932,550: Total time for which application threads were stopped: 0,0001608 seconds, Stopping threads took: 0,0000586 seconds
2017-08-21T14:38:29.455+0200: 4837,694: Total time for which application threads were stopped: 0,0000805 seconds, Stopping threads took: 0,0000314 seconds
2017-08-21T14:38:49.458+0200: 4857,697: Total time for which application threads were stopped: 0,0000874 seconds, Stopping threads took: 0,0000340 seconds
2017-08-21T15:13:33.350+0200: 6682,453: Total time for which application threads were stopped: 0,0001756 seconds, Stopping threads took: 0,0000645 seconds
2017-08-21T15:24:12.458+0200: 7321,561: Total time for which application threads were stopped: 0,0001643 seconds, Stopping threads took: 0,0000614 seconds
2017-08-21T15:30:13.207+0200: 7681,622: Total time for which application threads were stopped: 0,0001660 seconds, Stopping threads took: 0,0000610 seconds
2017-08-21T17:24:42.177+0200: 11521,655: Total time for which application threads were stopped: 0,0001830 seconds, Stopping threads took: 0,0000651 seconds
2017-08-21T17:25:12.183+0200: 11551,661: Total time for which application threads were stopped: 0,0001815 seconds, Stopping threads took: 0,0000638 seconds
2017-08-21T19:10:19.385+0200: 15811,607: Total time for which application threads were stopped: 0,0004593 seconds, Stopping threads took: 0,0001755 seconds
2017-08-21T19:22:59.017+0200: 16571,239: Total time for which application threads were stopped: 0,0000995 seconds, Stopping threads took: 0,0000186 seconds
2017-08-21T19:22:59.018+0200: 16571,240: Total time for which application threads were stopped: 0,0001034 seconds, Stopping threads took: 0,0000338 seconds
2017-08-21T19:22:59.018+0200: 16571,241: Total time for which application threads were stopped: 0,0000870 seconds, Stopping threads took: 0,0000316 seconds
2017-08-21T19:22:59.019+0200: 16571,241: Total time for which application threads were stopped: 0,0000587 seconds, Stopping threads took: 0,0000150 seconds
2017-08-21T19:22:59.019+0200: 16571,241: Total time for which application threads were stopped: 0,0000723 seconds, Stopping threads took: 0,0000065 seconds
2017-08-21T19:22:59.019+0200: 16571,241: Total time for which application threads were stopped: 0,0000384 seconds, Stopping threads took: 0,0000081 seconds
2017-08-21T19:22:59.019+0200: 16571,242: Total time for which application threads were stopped: 0,0000282 seconds, Stopping threads took: 0,0000070 seconds
2017-08-21T19:22:59.019+0200: 16571,242: Total time for which application threads were stopped: 0,0000307 seconds, Stopping threads took: 0,0000062 seconds
2017-08-21T19:22:59.020+0200: 16571,242: Total time for which application threads were stopped: 0,0000274 seconds, Stopping threads took: 0,0000063 seconds
2017-08-21T19:22:59.020+0200: 16571,242: Total time for which application threads were stopped: 0,0000369 seconds, Stopping threads took: 0,0000155 seconds
2017-08-21T19:22:59.020+0200: 16571,242: Total time for which application threads were stopped: 0,0000408 seconds, Stopping threads took: 0,0000184 seconds
2017-08-21T19:22:59.020+0200: 16571,242: Total time for which application threads were stopped: 0,0000258 seconds, Stopping threads took: 0,0000065 seconds
2017-08-21T19:22:59.020+0200: 16571,242: Total time for which application threads were stopped: 0,0000267 seconds, Stopping threads took: 0,0000063 seconds
2017-08-21T19:22:59.020+0200: 16571,242: Total time for which application threads were stopped: 0,0000252 seconds, Stopping threads took: 0,0000060 seconds
2017-08-21T19:22:59.020+0200: 16571,242: Total time for which application threads were stopped: 0,0000249 seconds, Stopping threads took: 0,0000058 seconds
2017-08-21T19:22:59.020+0200: 16571,242: Total time for which application threads were stopped: 0,0000246 seconds, Stopping threads took: 0,0000056 seconds
2017-08-21T19:22:59.020+0200: 16571,242: Total time for which application threads were stopped: 0,0000250 seconds, Stopping threads took: 0,0000059 seconds
2017-08-21T19:22:59.020+0200: 16571,242: Total time for which application threads were stopped: 0,0000349 seconds, Stopping threads took: 0,0000137 seconds
2017-08-21T19:22:59.020+0200: 16571,242: Total time for which application threads were stopped: 0,0000348 seconds, Stopping threads took: 0,0000140 seconds
2017-08-21T19:22:59.020+0200: 16571,242: Total time for which application threads were stopped: 0,0000316 seconds, Stopping threads took: 0,0000101 seconds
2017-08-21T19:22:59.036+0200: 16571,258: Total time for which application threads were stopped: 0,0068356 seconds, Stopping threads took: 0,0067453 seconds
2017-08-21T19:22:59.052+0200: 16571,274: Total time for which application threads were stopped: 0,0001132 seconds, Stopping threads took: 0,0000211 seconds
2017-08-21T19:22:59.052+0200: 16571,275: Total time for which application threads were stopped: 0,0000950 seconds, Stopping threads took: 0,0000203 seconds
2017-08-21T19:22:59.056+0200: 16571,278: Total time for which application threads were stopped: 0,0001013 seconds, Stopping threads took: 0,0000215 seconds
2017-08-21T19:22:59.057+0200: 16571,279: Total time for which application threads were stopped: 0,0000779 seconds, Stopping threads took: 0,0000148 seconds
2017-08-21T19:22:59.070+0200: 16571,292: Total time for which application threads were stopped: 0,0002025 seconds, Stopping threads took: 0,0001236 seconds
2017-08-21T19:22:59.070+0200: 16571,293: Total time for which application threads were stopped: 0,0000834 seconds, Stopping threads took: 0,0000257 seconds
2017-08-21T19:22:59.071+0200: 16571,293: Total time for which application threads were stopped: 0,0000717 seconds, Stopping threads took: 0,0000282 seconds
2017-08-21T19:22:59.081+0200: 16571,303: Total time for which application threads were stopped: 0,0001210 seconds, Stopping threads took: 0,0000299 seconds
2017-08-21T19:22:59.081+0200: 16571,303: Total time for which application threads were stopped: 0,0000486 seconds, Stopping threads took: 0,0000137 seconds
2017-08-21T19:22:59.081+0200: 16571,303: Total time for which application threads were stopped: 0,0000459 seconds, Stopping threads took: 0,0000137 seconds
2017-08-21T19:22:59.092+0200: 16571,314: Total time for which application threads were stopped: 0,0001453 seconds, Stopping threads took: 0,0000428 seconds
2017-08-21T19:22:59.092+0200: 16571,314: Total time for which application threads were stopped: 0,0000515 seconds, Stopping threads took: 0,0000140 seconds
2017-08-21T19:22:59.092+0200: 16571,314: Total time for which application threads were stopped: 0,0000470 seconds, Stopping threads took: 0,0000146 seconds
2017-08-21T19:22:59.093+0200: 16571,315: Total time for which application threads were stopped: 0,0000992 seconds, Stopping threads took: 0,0000261 seconds
2017-08-21T19:22:59.093+0200: 16571,315: Total time for which application threads were stopped: 0,0000506 seconds, Stopping threads took: 0,0000124 seconds
2017-08-21T19:22:59.093+0200: 16571,315: Total time for which application threads were stopped: 0,0000615 seconds, Stopping threads took: 0,0000219 seconds
2017-08-21T19:22:59.097+0200: 16571,320: Total time for which application threads were stopped: 0,0001480 seconds, Stopping threads took: 0,0000647 seconds
2017-08-21T19:22:59.099+0200: 16571,322: Total time for which application threads were stopped: 0,0018763 seconds, Stopping threads took: 0,0018080 seconds
2017-08-21T19:22:59.100+0200: 16571,322: Total time for which application threads were stopped: 0,0001070 seconds, Stopping threads took: 0,0000587 seconds
2017-08-21T19:22:59.100+0200: 16571,322: Total time for which application threads were stopped: 0,0000637 seconds, Stopping threads took: 0,0000147 seconds
2017-08-21T19:22:59.100+0200: 16571,322: Total time for which application threads were stopped: 0,0000490 seconds, Stopping threads took: 0,0000147 seconds
2017-08-21T19:22:59.110+0200: 16571,332: Total time for which application threads were stopped: 0,0085043 seconds, Stopping threads took: 0,0084015 seconds
2017-08-21T19:22:59.111+0200: 16571,334: Total time for which application threads were stopped: 0,0008624 seconds, Stopping threads took: 0,0007822 seconds
2017-08-21T19:22:59.112+0200: 16571,334: Total time for which application threads were stopped: 0,0000657 seconds, Stopping threads took: 0,0000251 seconds
2017-08-21T19:22:59.112+0200: 16571,334: Total time for which application threads were stopped: 0,0001135 seconds, Stopping threads took: 0,0000209 seconds
2017-08-21T19:22:59.112+0200: 16571,334: Total time for which application threads were stopped: 0,0000736 seconds, Stopping threads took: 0,0000350 seconds
2017-08-21T19:22:59.113+0200: 16571,335: Total time for which application threads were stopped: 0,0000875 seconds, Stopping threads took: 0,0000306 seconds
2017-08-21T19:22:59.113+0200: 16571,335: Total time for which application threads were stopped: 0,0000716 seconds, Stopping threads took: 0,0000360 seconds
2017-08-21T19:22:59.113+0200: 16571,336: Total time for which application threads were stopped: 0,0000509 seconds, Stopping threads took: 0,0000171 seconds
2017-08-21T19:22:59.114+0200: 16571,336: Total time for which application threads were stopped: 0,0000518 seconds, Stopping threads took: 0,0000197 seconds
2017-08-21T19:22:59.114+0200: 16571,336: Total time for which application threads were stopped: 0,0000637 seconds, Stopping threads took: 0,0000299 seconds
2017-08-21T19:22:59.114+0200: 16571,336: Total time for which application threads were stopped: 0,0000599 seconds, Stopping threads took: 0,0000203 seconds
2017-08-21T19:22:59.114+0200: 16571,336: Total time for which application threads were stopped: 0,0000411 seconds, Stopping threads took: 0,0000144 seconds
2017-08-21T19:22:59.114+0200: 16571,336: Total time for which application threads were stopped: 0,0001235 seconds, Stopping threads took: 0,0000217 seconds
2017-08-21T19:22:59.115+0200: 16571,337: Total time for which application threads were stopped: 0,0000767 seconds, Stopping threads took: 0,0000294 seconds
2017-08-21T19:22:59.115+0200: 16571,337: Total time for which application threads were stopped: 0,0000885 seconds, Stopping threads took: 0,0000199 seconds
2017-08-21T19:22:59.115+0200: 16571,337: Total time for which application threads were stopped: 0,0000574 seconds, Stopping threads took: 0,0000216 seconds
2017-08-21T19:22:59.116+0200: 16571,338: Total time for which application threads were stopped: 0,0001280 seconds, Stopping threads took: 0,0000344 seconds
2017-08-21T19:22:59.118+0200: 16571,340: Total time for which application threads were stopped: 0,0001180 seconds, Stopping threads took: 0,0000355 seconds
2017-08-21T19:22:59.118+0200: 16571,340: Total time for which application threads were stopped: 0,0000686 seconds, Stopping threads took: 0,0000211 seconds
2017-08-21T19:22:59.118+0200: 16571,340: Total time for which application threads were stopped: 0,0001785 seconds, Stopping threads took: 0,0000168 seconds
2017-08-21T19:22:59.119+0200: 16571,341: Total time for which application threads were stopped: 0,0000961 seconds, Stopping threads took: 0,0000345 seconds
2017-08-21T19:22:59.119+0200: 16571,341: Total time for which application threads were stopped: 0,0000940 seconds, Stopping threads took: 0,0000193 seconds
Heap
 par new generation   total 109248K, used 55149K [0x00000000e0000000, 0x00000000e8000000, 0x00000000e8000000)
  eden space 87424K,  46% used [0x00000000e0000000, 0x00000000e27f0f48, 0x00000000e5560000)
  from space 21824K,  65% used [0x00000000e6ab0000, 0x00000000e789a620, 0x00000000e8000000)
  to   space 21824K,   0% used [0x00000000e5560000, 0x00000000e5560000, 0x00000000e6ab0000)
 concurrent mark-sweep generation total 393216K, used 6453K [0x00000000e8000000, 0x0000000100000000, 0x0000000100000000)
 Metaspace       used 28254K, capacity 28844K, committed 29052K, reserved 1075200K
  class space    used 3230K, capacity 3399K, committed 3452K, reserved 1048576K
