OpenJDK 64-Bit Server VM (25.111-b14) for linux-amd64 JRE (1.8.0_111-8u111-b14-2ubuntu0.16.04.2-b14), built on Oct 27 2016 18:10:19 by "buildd" with gcc 5.4.0 20160609
Memory: 4k page, physical 7867876k(7477592k free), swap 8076284k(8076284k free)
CommandLine flags: -XX:CMSInitiatingOccupancyFraction=50 -XX:CMSMaxAbortablePrecleanTime=6000 -XX:+CMSParallelRemarkEnabled -XX:+CMSScavengeBeforeRemark -XX:ConcGCThreads=4 -XX:InitialHeapSize=536870912 -XX:MaxHeapSize=536870912 -XX:MaxTenuringThreshold=8 -XX:NewRatio=3 -XX:OldPLABSize=16 -XX:OnOutOfMemoryError=/opt/solr/bin/oom_solr.sh 8983 /var/solr/logs -XX:ParallelGCThreads=4 -XX:+ParallelRefProcEnabled -XX:PretenureSizeThreshold=67108864 -XX:+PrintGC -XX:+PrintGCApplicationStoppedTime -XX:+PrintGCDateStamps -XX:+PrintGCDetails -XX:+PrintGCTimeStamps -XX:+PrintHeapAtGC -XX:+PrintTenuringDistribution -XX:SurvivorRatio=4 -XX:TargetSurvivorRatio=90 -XX:ThreadStackSize=256 -XX:+UseCMSInitiatingOccupancyOnly -XX:+UseCompressedClassPointers -XX:+UseCompressedOops -XX:+UseConcMarkSweepGC -XX:+UseParNewGC 
2016-11-14T08:46:16.711+0100: 0,127: Total time for which application threads were stopped: 0,0000689 seconds, Stopping threads took: 0,0000132 seconds
2016-11-14T08:46:16.786+0100: 0,201: Total time for which application threads were stopped: 0,0001028 seconds, Stopping threads took: 0,0000177 seconds
2016-11-14T08:46:16.798+0100: 0,214: Total time for which application threads were stopped: 0,0000780 seconds, Stopping threads took: 0,0000186 seconds
2016-11-14T08:46:16.948+0100: 0,364: Total time for which application threads were stopped: 0,0001340 seconds, Stopping threads took: 0,0000135 seconds
2016-11-14T08:46:17.198+0100: 0,614: Total time for which application threads were stopped: 0,0001407 seconds, Stopping threads took: 0,0000150 seconds
2016-11-14T08:46:17.343+0100: 0,759: Total time for which application threads were stopped: 0,0002435 seconds, Stopping threads took: 0,0000228 seconds
2016-11-14T08:46:17.407+0100: 0,823: Total time for which application threads were stopped: 0,0002254 seconds, Stopping threads took: 0,0000391 seconds
2016-11-14T08:46:17.802+0100: 1,218: Total time for which application threads were stopped: 0,0001624 seconds, Stopping threads took: 0,0000115 seconds
2016-11-14T08:46:17.955+0100: 1,371: Total time for which application threads were stopped: 0,0001912 seconds, Stopping threads took: 0,0000122 seconds
2016-11-14T08:46:17.979+0100: 1,395: Total time for which application threads were stopped: 0,0002587 seconds, Stopping threads took: 0,0000248 seconds
2016-11-14T08:46:17.980+0100: 1,396: Total time for which application threads were stopped: 0,0002252 seconds, Stopping threads took: 0,0000149 seconds
2016-11-14T08:46:17.999+0100: 1,415: Total time for which application threads were stopped: 0,0001642 seconds, Stopping threads took: 0,0000223 seconds
2016-11-14T08:46:18.114+0100: 1,530: Total time for which application threads were stopped: 0,0002436 seconds, Stopping threads took: 0,0000190 seconds
2016-11-14T08:46:18.305+0100: 1,720: Total time for which application threads were stopped: 0,0003237 seconds, Stopping threads took: 0,0001279 seconds
{Heap before GC invocations=0 (full 0):
 par new generation   total 109248K, used 87424K [0x00000000e0000000, 0x00000000e8000000, 0x00000000e8000000)
  eden space 87424K, 100% used [0x00000000e0000000, 0x00000000e5560000, 0x00000000e5560000)
  from space 21824K,   0% used [0x00000000e5560000, 0x00000000e5560000, 0x00000000e6ab0000)
  to   space 21824K,   0% used [0x00000000e6ab0000, 0x00000000e6ab0000, 0x00000000e8000000)
 concurrent mark-sweep generation total 393216K, used 0K [0x00000000e8000000, 0x0000000100000000, 0x0000000100000000)
 Metaspace       used 18070K, capacity 18366K, committed 18560K, reserved 1064960K
  class space    used 2053K, capacity 2162K, committed 2176K, reserved 1048576K
2016-11-14T08:46:18.466+0100: 1,882: [GC (Allocation Failure) 2016-11-14T08:46:18.466+0100: 1,882: [ParNew
Desired survivor size 20112992 bytes, new threshold 8 (max 8)
- age   1:   12331904 bytes,   12331904 total
: 87424K->12153K(109248K), 0,0264736 secs] 87424K->12153K(502464K), 0,0265887 secs] [Times: user=0,06 sys=0,02, real=0,03 secs] 
Heap after GC invocations=1 (full 0):
 par new generation   total 109248K, used 12153K [0x00000000e0000000, 0x00000000e8000000, 0x00000000e8000000)
  eden space 87424K,   0% used [0x00000000e0000000, 0x00000000e0000000, 0x00000000e5560000)
  from space 21824K,  55% used [0x00000000e6ab0000, 0x00000000e768e710, 0x00000000e8000000)
  to   space 21824K,   0% used [0x00000000e5560000, 0x00000000e5560000, 0x00000000e6ab0000)
 concurrent mark-sweep generation total 393216K, used 0K [0x00000000e8000000, 0x0000000100000000, 0x0000000100000000)
 Metaspace       used 18070K, capacity 18366K, committed 18560K, reserved 1064960K
  class space    used 2053K, capacity 2162K, committed 2176K, reserved 1048576K
}
2016-11-14T08:46:18.493+0100: 1,909: Total time for which application threads were stopped: 0,0267878 seconds, Stopping threads took: 0,0000298 seconds
2016-11-14T08:46:18.726+0100: 2,142: Total time for which application threads were stopped: 0,0003677 seconds, Stopping threads took: 0,0000427 seconds
2016-11-14T08:46:18.762+0100: 2,178: Total time for which application threads were stopped: 0,0002942 seconds, Stopping threads took: 0,0000431 seconds
2016-11-14T08:46:18.790+0100: 2,206: Total time for which application threads were stopped: 0,0003391 seconds, Stopping threads took: 0,0000410 seconds
{Heap before GC invocations=1 (full 0):
 par new generation   total 109248K, used 99577K [0x00000000e0000000, 0x00000000e8000000, 0x00000000e8000000)
  eden space 87424K, 100% used [0x00000000e0000000, 0x00000000e5560000, 0x00000000e5560000)
  from space 21824K,  55% used [0x00000000e6ab0000, 0x00000000e768e710, 0x00000000e8000000)
  to   space 21824K,   0% used [0x00000000e5560000, 0x00000000e5560000, 0x00000000e6ab0000)
 concurrent mark-sweep generation total 393216K, used 0K [0x00000000e8000000, 0x0000000100000000, 0x0000000100000000)
 Metaspace       used 20706K, capacity 21020K, committed 21248K, reserved 1069056K
  class space    used 2404K, capacity 2518K, committed 2560K, reserved 1048576K
2016-11-14T08:46:18.964+0100: 2,379: [GC (Allocation Failure) 2016-11-14T08:46:18.964+0100: 2,379: [ParNew
Desired survivor size 20112992 bytes, new threshold 8 (max 8)
- age   1:    3383536 bytes,    3383536 total
- age   2:    6100056 bytes,    9483592 total
: 99577K->13049K(109248K), 0,0134906 secs] 99577K->13049K(502464K), 0,0135679 secs] [Times: user=0,05 sys=0,00, real=0,01 secs] 
Heap after GC invocations=2 (full 0):
 par new generation   total 109248K, used 13049K [0x00000000e0000000, 0x00000000e8000000, 0x00000000e8000000)
  eden space 87424K,   0% used [0x00000000e0000000, 0x00000000e0000000, 0x00000000e5560000)
  from space 21824K,  59% used [0x00000000e5560000, 0x00000000e621e578, 0x00000000e6ab0000)
  to   space 21824K,   0% used [0x00000000e6ab0000, 0x00000000e6ab0000, 0x00000000e8000000)
 concurrent mark-sweep generation total 393216K, used 0K [0x00000000e8000000, 0x0000000100000000, 0x0000000100000000)
 Metaspace       used 20706K, capacity 21020K, committed 21248K, reserved 1069056K
  class space    used 2404K, capacity 2518K, committed 2560K, reserved 1048576K
}
2016-11-14T08:46:18.977+0100: 2,393: Total time for which application threads were stopped: 0,0138258 seconds, Stopping threads took: 0,0000507 seconds
2016-11-14T08:46:19.030+0100: 2,446: Total time for which application threads were stopped: 0,0000823 seconds, Stopping threads took: 0,0000183 seconds
2016-11-14T08:46:19.062+0100: 2,478: Total time for which application threads were stopped: 0,0002859 seconds, Stopping threads took: 0,0000290 seconds
2016-11-14T08:46:19.068+0100: 2,484: Total time for which application threads were stopped: 0,0001104 seconds, Stopping threads took: 0,0000261 seconds
2016-11-14T08:46:19.094+0100: 2,509: Total time for which application threads were stopped: 0,0000916 seconds, Stopping threads took: 0,0000212 seconds
2016-11-14T08:46:19.163+0100: 2,579: Total time for which application threads were stopped: 0,0001407 seconds, Stopping threads took: 0,0000243 seconds
2016-11-14T08:46:19.181+0100: 2,597: Total time for which application threads were stopped: 0,0000857 seconds, Stopping threads took: 0,0000220 seconds
2016-11-14T08:46:19.188+0100: 2,604: Total time for which application threads were stopped: 0,0002729 seconds, Stopping threads took: 0,0000133 seconds
2016-11-14T08:46:19.195+0100: 2,611: Total time for which application threads were stopped: 0,0002996 seconds, Stopping threads took: 0,0000390 seconds
2016-11-14T08:46:19.204+0100: 2,620: Total time for which application threads were stopped: 0,0000833 seconds, Stopping threads took: 0,0000248 seconds
2016-11-14T08:46:19.243+0100: 2,658: Total time for which application threads were stopped: 0,0000816 seconds, Stopping threads took: 0,0000228 seconds
2016-11-14T08:46:19.254+0100: 2,670: Total time for which application threads were stopped: 0,0000744 seconds, Stopping threads took: 0,0000151 seconds
2016-11-14T08:46:19.275+0100: 2,691: Total time for which application threads were stopped: 0,0000953 seconds, Stopping threads took: 0,0000322 seconds
2016-11-14T08:46:19.298+0100: 2,714: Total time for which application threads were stopped: 0,0001085 seconds, Stopping threads took: 0,0000381 seconds
2016-11-14T08:46:19.324+0100: 2,740: Total time for which application threads were stopped: 0,0001453 seconds, Stopping threads took: 0,0000261 seconds
2016-11-14T08:46:19.384+0100: 2,799: Total time for which application threads were stopped: 0,0001041 seconds, Stopping threads took: 0,0000268 seconds
2016-11-14T08:46:19.420+0100: 2,836: Total time for which application threads were stopped: 0,0001109 seconds, Stopping threads took: 0,0000239 seconds
{Heap before GC invocations=2 (full 0):
 par new generation   total 109248K, used 100473K [0x00000000e0000000, 0x00000000e8000000, 0x00000000e8000000)
  eden space 87424K, 100% used [0x00000000e0000000, 0x00000000e5560000, 0x00000000e5560000)
  from space 21824K,  59% used [0x00000000e5560000, 0x00000000e621e578, 0x00000000e6ab0000)
  to   space 21824K,   0% used [0x00000000e6ab0000, 0x00000000e6ab0000, 0x00000000e8000000)
 concurrent mark-sweep generation total 393216K, used 0K [0x00000000e8000000, 0x0000000100000000, 0x0000000100000000)
 Metaspace       used 24805K, capacity 25224K, committed 25536K, reserved 1071104K
  class space    used 2894K, capacity 3025K, committed 3092K, reserved 1048576K
2016-11-14T08:46:19.431+0100: 2,847: [GC (Allocation Failure) 2016-11-14T08:46:19.431+0100: 2,847: [ParNew
Desired survivor size 20112992 bytes, new threshold 8 (max 8)
- age   1:    6798152 bytes,    6798152 total
- age   2:     549120 bytes,    7347272 total
- age   3:    6081832 bytes,   13429104 total
: 100473K->16011K(109248K), 0,0166633 secs] 100473K->16011K(502464K), 0,0167642 secs] [Times: user=0,06 sys=0,01, real=0,02 secs] 
Heap after GC invocations=3 (full 0):
 par new generation   total 109248K, used 16011K [0x00000000e0000000, 0x00000000e8000000, 0x00000000e8000000)
  eden space 87424K,   0% used [0x00000000e0000000, 0x00000000e0000000, 0x00000000e5560000)
  from space 21824K,  73% used [0x00000000e6ab0000, 0x00000000e7a52e40, 0x00000000e8000000)
  to   space 21824K,   0% used [0x00000000e5560000, 0x00000000e5560000, 0x00000000e6ab0000)
 concurrent mark-sweep generation total 393216K, used 0K [0x00000000e8000000, 0x0000000100000000, 0x0000000100000000)
 Metaspace       used 24805K, capacity 25224K, committed 25536K, reserved 1071104K
  class space    used 2894K, capacity 3025K, committed 3092K, reserved 1048576K
}
2016-11-14T08:46:19.448+0100: 2,863: Total time for which application threads were stopped: 0,0169470 seconds, Stopping threads took: 0,0000481 seconds
2016-11-14T08:46:19.448+0100: 2,864: [GC (CMS Initial Mark) [1 CMS-initial-mark: 0K(393216K)] 16011K(502464K), 0,0035317 secs] [Times: user=0,01 sys=0,00, real=0,01 secs] 
2016-11-14T08:46:19.451+0100: 2,867: Total time for which application threads were stopped: 0,0036849 seconds, Stopping threads took: 0,0000484 seconds
2016-11-14T08:46:19.451+0100: 2,867: [CMS-concurrent-mark-start]
2016-11-14T08:46:19.452+0100: 2,868: [CMS-concurrent-mark: 0,001/0,001 secs] [Times: user=0,00 sys=0,00, real=0,00 secs] 
2016-11-14T08:46:19.452+0100: 2,868: [CMS-concurrent-preclean-start]
2016-11-14T08:46:19.453+0100: 2,869: [CMS-concurrent-preclean: 0,001/0,001 secs] [Times: user=0,00 sys=0,00, real=0,00 secs] 
2016-11-14T08:46:19.455+0100: 2,871: [GC (CMS Final Remark) [YG occupancy: 17414 K (109248 K)]{Heap before GC invocations=3 (full 1):
 par new generation   total 109248K, used 17414K [0x00000000e0000000, 0x00000000e8000000, 0x00000000e8000000)
  eden space 87424K,   1% used [0x00000000e0000000, 0x00000000e015ed20, 0x00000000e5560000)
  from space 21824K,  73% used [0x00000000e6ab0000, 0x00000000e7a52e40, 0x00000000e8000000)
  to   space 21824K,   0% used [0x00000000e5560000, 0x00000000e5560000, 0x00000000e6ab0000)
 concurrent mark-sweep generation total 393216K, used 0K [0x00000000e8000000, 0x0000000100000000, 0x0000000100000000)
 Metaspace       used 24820K, capacity 25224K, committed 25536K, reserved 1071104K
  class space    used 2896K, capacity 3025K, committed 3092K, reserved 1048576K
2016-11-14T08:46:19.455+0100: 2,871: [GC (CMS Final Remark) 2016-11-14T08:46:19.455+0100: 2,871: [ParNew
Desired survivor size 20112992 bytes, new threshold 8 (max 8)
- age   1:      25304 bytes,      25304 total
- age   2:    3277192 bytes,    3302496 total
- age   3:     549120 bytes,    3851616 total
- age   4:    6081768 bytes,    9933384 total
: 17414K->16755K(109248K), 0,0104410 secs] 17414K->16755K(502464K), 0,0104932 secs] [Times: user=0,03 sys=0,00, real=0,01 secs] 
Heap after GC invocations=4 (full 1):
 par new generation   total 109248K, used 16755K [0x00000000e0000000, 0x00000000e8000000, 0x00000000e8000000)
  eden space 87424K,   0% used [0x00000000e0000000, 0x00000000e0000000, 0x00000000e5560000)
  from space 21824K,  76% used [0x00000000e5560000, 0x00000000e65bcc30, 0x00000000e6ab0000)
  to   space 21824K,   0% used [0x00000000e6ab0000, 0x00000000e6ab0000, 0x00000000e8000000)
 concurrent mark-sweep generation total 393216K, used 0K [0x00000000e8000000, 0x0000000100000000, 0x0000000100000000)
 Metaspace       used 24820K, capacity 25224K, committed 25536K, reserved 1071104K
  class space    used 2896K, capacity 3025K, committed 3092K, reserved 1048576K
}
2016-11-14T08:46:19.465+0100: 2,881: [Rescan (parallel) , 0,0034204 secs]2016-11-14T08:46:19.469+0100: 2,885: [weak refs processing, 0,0006146 secs]2016-11-14T08:46:19.469+0100: 2,885: [class unloading, 0,0031915 secs]2016-11-14T08:46:19.473+0100: 2,888: [scrub symbol table, 0,0040402 secs]2016-11-14T08:46:19.477+0100: 2,892: [scrub string table, 0,0004202 secs][1 CMS-remark: 0K(393216K)] 16755K(502464K), 0,0229210 secs] [Times: user=0,05 sys=0,00, real=0,02 secs] 
2016-11-14T08:46:19.478+0100: 2,894: Total time for which application threads were stopped: 0,0230325 seconds, Stopping threads took: 0,0000247 seconds
2016-11-14T08:46:19.478+0100: 2,894: [CMS-concurrent-sweep-start]
2016-11-14T08:46:19.478+0100: 2,894: [CMS-concurrent-sweep: 0,000/0,000 secs] [Times: user=0,00 sys=0,00, real=0,00 secs] 
2016-11-14T08:46:19.478+0100: 2,894: [CMS-concurrent-reset-start]
2016-11-14T08:46:19.484+0100: 2,900: [CMS-concurrent-reset: 0,006/0,006 secs] [Times: user=0,02 sys=0,00, real=0,01 secs] 
2016-11-14T08:46:19.536+0100: 2,952: Total time for which application threads were stopped: 0,0003615 seconds, Stopping threads took: 0,0000290 seconds
2016-11-14T08:46:19.549+0100: 2,965: Total time for which application threads were stopped: 0,0003420 seconds, Stopping threads took: 0,0000280 seconds
2016-11-14T08:46:20.549+0100: 3,965: Total time for which application threads were stopped: 0,0000952 seconds, Stopping threads took: 0,0000161 seconds
2016-11-14T08:46:20.644+0100: 4,060: Total time for which application threads were stopped: 0,0002338 seconds, Stopping threads took: 0,0000140 seconds
2016-11-14T08:46:23.645+0100: 7,061: Total time for which application threads were stopped: 0,0000600 seconds, Stopping threads took: 0,0000182 seconds
2016-11-14T08:46:48.647+0100: 32,063: Total time for which application threads were stopped: 0,0000619 seconds, Stopping threads took: 0,0000166 seconds
2016-11-14T08:48:58.665+0100: 162,081: Total time for which application threads were stopped: 0,0000884 seconds, Stopping threads took: 0,0000385 seconds
2016-11-14T08:49:03.666+0100: 167,082: Total time for which application threads were stopped: 0,0000810 seconds, Stopping threads took: 0,0000338 seconds
2016-11-14T08:49:07.667+0100: 171,083: Total time for which application threads were stopped: 0,0001896 seconds, Stopping threads took: 0,0000372 seconds
2016-11-14T08:49:12.668+0100: 176,083: Total time for which application threads were stopped: 0,0001545 seconds, Stopping threads took: 0,0000424 seconds
2016-11-14T08:49:17.668+0100: 181,084: Total time for which application threads were stopped: 0,0000626 seconds, Stopping threads took: 0,0000150 seconds
2016-11-14T08:49:20.959+0100: 184,375: Total time for which application threads were stopped: 0,0000688 seconds, Stopping threads took: 0,0000160 seconds
2016-11-14T08:49:20.964+0100: 184,380: Total time for which application threads were stopped: 0,0004082 seconds, Stopping threads took: 0,0001501 seconds
2016-11-14T08:49:21.036+0100: 184,452: Total time for which application threads were stopped: 0,0000926 seconds, Stopping threads took: 0,0000193 seconds
2016-11-14T08:49:21.037+0100: 184,452: Total time for which application threads were stopped: 0,0000442 seconds, Stopping threads took: 0,0000161 seconds
2016-11-14T08:49:21.177+0100: 184,593: Total time for which application threads were stopped: 0,0001077 seconds, Stopping threads took: 0,0000515 seconds
2016-11-14T08:49:21.180+0100: 184,595: Total time for which application threads were stopped: 0,0000747 seconds, Stopping threads took: 0,0000224 seconds
2016-11-14T08:49:21.327+0100: 184,742: Total time for which application threads were stopped: 0,0001738 seconds, Stopping threads took: 0,0000806 seconds
2016-11-14T08:49:22.327+0100: 185,743: Total time for which application threads were stopped: 0,0002952 seconds, Stopping threads took: 0,0000534 seconds
2016-11-14T08:49:23.327+0100: 186,743: Total time for which application threads were stopped: 0,0000895 seconds, Stopping threads took: 0,0000239 seconds
2016-11-14T08:49:24.327+0100: 187,743: Total time for which application threads were stopped: 0,0001124 seconds, Stopping threads took: 0,0000184 seconds
2016-11-14T08:49:25.327+0100: 188,743: Total time for which application threads were stopped: 0,0000759 seconds, Stopping threads took: 0,0000169 seconds
2016-11-14T08:49:26.328+0100: 189,744: Total time for which application threads were stopped: 0,0001159 seconds, Stopping threads took: 0,0000268 seconds
2016-11-14T08:49:27.328+0100: 190,744: Total time for which application threads were stopped: 0,0001493 seconds, Stopping threads took: 0,0000374 seconds
2016-11-14T08:49:27.817+0100: 191,233: Total time for which application threads were stopped: 0,0001235 seconds, Stopping threads took: 0,0000314 seconds
2016-11-14T08:49:27.818+0100: 191,234: Total time for which application threads were stopped: 0,0000874 seconds, Stopping threads took: 0,0000371 seconds
2016-11-14T08:49:27.845+0100: 191,261: Total time for which application threads were stopped: 0,0001294 seconds, Stopping threads took: 0,0000411 seconds
2016-11-14T08:49:27.847+0100: 191,262: Total time for which application threads were stopped: 0,0001406 seconds, Stopping threads took: 0,0000438 seconds
2016-11-14T08:49:28.847+0100: 192,263: Total time for which application threads were stopped: 0,0001819 seconds, Stopping threads took: 0,0000270 seconds
2016-11-14T08:49:29.847+0100: 193,263: Total time for which application threads were stopped: 0,0001099 seconds, Stopping threads took: 0,0000234 seconds
2016-11-14T08:49:30.847+0100: 194,263: Total time for which application threads were stopped: 0,0001092 seconds, Stopping threads took: 0,0000309 seconds
{Heap before GC invocations=4 (full 1):
 par new generation   total 109248K, used 104179K [0x00000000e0000000, 0x00000000e8000000, 0x00000000e8000000)
  eden space 87424K, 100% used [0x00000000e0000000, 0x00000000e5560000, 0x00000000e5560000)
  from space 21824K,  76% used [0x00000000e5560000, 0x00000000e65bcc30, 0x00000000e6ab0000)
  to   space 21824K,   0% used [0x00000000e6ab0000, 0x00000000e6ab0000, 0x00000000e8000000)
 concurrent mark-sweep generation total 393216K, used 0K [0x00000000e8000000, 0x0000000100000000, 0x0000000100000000)
 Metaspace       used 29221K, capacity 29764K, committed 29972K, reserved 1075200K
  class space    used 3349K, capacity 3548K, committed 3604K, reserved 1048576K
2016-11-14T08:49:31.171+0100: 194,587: [GC (Allocation Failure) 2016-11-14T08:49:31.171+0100: 194,587: [ParNew
Desired survivor size 20112992 bytes, new threshold 8 (max 8)
- age   1:    7143168 bytes,    7143168 total
- age   2:        744 bytes,    7143912 total
- age   3:    3267992 bytes,   10411904 total
- age   4:     546560 bytes,   10958464 total
- age   5:    6026408 bytes,   16984872 total
: 104179K->19133K(109248K), 0,0328485 secs] 104179K->19133K(502464K), 0,0331788 secs] [Times: user=0,06 sys=0,00, real=0,03 secs] 
Heap after GC invocations=5 (full 1):
 par new generation   total 109248K, used 19133K [0x00000000e0000000, 0x00000000e8000000, 0x00000000e8000000)
  eden space 87424K,   0% used [0x00000000e0000000, 0x00000000e0000000, 0x00000000e5560000)
  from space 21824K,  87% used [0x00000000e6ab0000, 0x00000000e7d5f598, 0x00000000e8000000)
  to   space 21824K,   0% used [0x00000000e5560000, 0x00000000e5560000, 0x00000000e6ab0000)
 concurrent mark-sweep generation total 393216K, used 0K [0x00000000e8000000, 0x0000000100000000, 0x0000000100000000)
 Metaspace       used 29221K, capacity 29764K, committed 29972K, reserved 1075200K
  class space    used 3349K, capacity 3548K, committed 3604K, reserved 1048576K
}
2016-11-14T08:49:31.205+0100: 194,621: Total time for which application threads were stopped: 0,0337295 seconds, Stopping threads took: 0,0000274 seconds
2016-11-14T08:49:32.205+0100: 195,621: Total time for which application threads were stopped: 0,0001058 seconds, Stopping threads took: 0,0000271 seconds
2016-11-14T08:49:33.205+0100: 196,621: Total time for which application threads were stopped: 0,0002688 seconds, Stopping threads took: 0,0001210 seconds
2016-11-14T08:49:34.205+0100: 197,621: Total time for which application threads were stopped: 0,0001329 seconds, Stopping threads took: 0,0000238 seconds
2016-11-14T08:49:35.206+0100: 198,622: Total time for which application threads were stopped: 0,0000731 seconds, Stopping threads took: 0,0000201 seconds
2016-11-14T08:49:36.206+0100: 199,622: Total time for which application threads were stopped: 0,0000712 seconds, Stopping threads took: 0,0000168 seconds
2016-11-14T08:49:37.206+0100: 200,622: Total time for which application threads were stopped: 0,0001072 seconds, Stopping threads took: 0,0000245 seconds
2016-11-14T08:49:38.206+0100: 201,622: Total time for which application threads were stopped: 0,0000757 seconds, Stopping threads took: 0,0000191 seconds
2016-11-14T08:49:39.206+0100: 202,622: Total time for which application threads were stopped: 0,0000788 seconds, Stopping threads took: 0,0000171 seconds
2016-11-14T08:49:40.207+0100: 203,622: Total time for which application threads were stopped: 0,0000963 seconds, Stopping threads took: 0,0000236 seconds
2016-11-14T08:49:42.207+0100: 205,623: Total time for which application threads were stopped: 0,0006004 seconds, Stopping threads took: 0,0002217 seconds
2016-11-14T08:49:43.208+0100: 206,623: Total time for which application threads were stopped: 0,0000731 seconds, Stopping threads took: 0,0000173 seconds
2016-11-14T08:49:44.208+0100: 207,624: Total time for which application threads were stopped: 0,0003987 seconds, Stopping threads took: 0,0000869 seconds
2016-11-14T08:49:45.208+0100: 208,624: Total time for which application threads were stopped: 0,0001636 seconds, Stopping threads took: 0,0000846 seconds
2016-11-14T08:49:46.209+0100: 209,624: Total time for which application threads were stopped: 0,0001021 seconds, Stopping threads took: 0,0000225 seconds
2016-11-14T08:49:47.209+0100: 210,625: Total time for which application threads were stopped: 0,0000770 seconds, Stopping threads took: 0,0000167 seconds
2016-11-14T08:49:48.209+0100: 211,625: Total time for which application threads were stopped: 0,0000695 seconds, Stopping threads took: 0,0000176 seconds
2016-11-14T08:49:49.209+0100: 212,625: Total time for which application threads were stopped: 0,0000691 seconds, Stopping threads took: 0,0000168 seconds
{Heap before GC invocations=5 (full 1):
 par new generation   total 109248K, used 106557K [0x00000000e0000000, 0x00000000e8000000, 0x00000000e8000000)
  eden space 87424K, 100% used [0x00000000e0000000, 0x00000000e5560000, 0x00000000e5560000)
  from space 21824K,  87% used [0x00000000e6ab0000, 0x00000000e7d5f598, 0x00000000e8000000)
  to   space 21824K,   0% used [0x00000000e5560000, 0x00000000e5560000, 0x00000000e6ab0000)
 concurrent mark-sweep generation total 393216K, used 0K [0x00000000e8000000, 0x0000000100000000, 0x0000000100000000)
 Metaspace       used 29654K, capacity 30148K, committed 30484K, reserved 1077248K
  class space    used 3350K, capacity 3548K, committed 3604K, reserved 1048576K
2016-11-14T08:49:50.008+0100: 213,424: [GC (Allocation Failure) 2016-11-14T08:49:50.008+0100: 213,424: [ParNew
Desired survivor size 20112992 bytes, new threshold 8 (max 8)
- age   1:     210392 bytes,     210392 total
- age   2:    4099456 bytes,    4309848 total
- age   3:        744 bytes,    4310592 total
- age   4:    3268136 bytes,    7578728 total
- age   5:     546608 bytes,    8125336 total
- age   6:    6026056 bytes,   14151392 total
: 106557K->17316K(109248K), 0,0304472 secs] 106557K->17316K(502464K), 0,0305217 secs] [Times: user=0,05 sys=0,00, real=0,03 secs] 
Heap after GC invocations=6 (full 1):
 par new generation   total 109248K, used 17316K [0x00000000e0000000, 0x00000000e8000000, 0x00000000e8000000)
  eden space 87424K,   0% used [0x00000000e0000000, 0x00000000e0000000, 0x00000000e5560000)
  from space 21824K,  79% used [0x00000000e5560000, 0x00000000e6649290, 0x00000000e6ab0000)
  to   space 21824K,   0% used [0x00000000e6ab0000, 0x00000000e6ab0000, 0x00000000e8000000)
 concurrent mark-sweep generation total 393216K, used 0K [0x00000000e8000000, 0x0000000100000000, 0x0000000100000000)
 Metaspace       used 29654K, capacity 30148K, committed 30484K, reserved 1077248K
  class space    used 3350K, capacity 3548K, committed 3604K, reserved 1048576K
}
2016-11-14T08:49:50.039+0100: 213,455: Total time for which application threads were stopped: 0,0307653 seconds, Stopping threads took: 0,0000331 seconds
2016-11-14T08:49:51.039+0100: 214,455: Total time for which application threads were stopped: 0,0001157 seconds, Stopping threads took: 0,0000213 seconds
2016-11-14T08:49:52.039+0100: 215,455: Total time for which application threads were stopped: 0,0000683 seconds, Stopping threads took: 0,0000162 seconds
2016-11-14T08:49:53.039+0100: 216,455: Total time for which application threads were stopped: 0,0000882 seconds, Stopping threads took: 0,0000202 seconds
2016-11-14T08:49:54.040+0100: 217,456: Total time for which application threads were stopped: 0,0003473 seconds, Stopping threads took: 0,0000897 seconds
2016-11-14T08:49:55.040+0100: 218,456: Total time for which application threads were stopped: 0,0000834 seconds, Stopping threads took: 0,0000190 seconds
2016-11-14T08:49:56.040+0100: 219,456: Total time for which application threads were stopped: 0,0000688 seconds, Stopping threads took: 0,0000166 seconds
2016-11-14T08:49:57.040+0100: 220,456: Total time for which application threads were stopped: 0,0000633 seconds, Stopping threads took: 0,0000159 seconds
2016-11-14T08:49:58.040+0100: 221,456: Total time for which application threads were stopped: 0,0000663 seconds, Stopping threads took: 0,0000166 seconds
2016-11-14T08:49:59.041+0100: 222,457: Total time for which application threads were stopped: 0,0000822 seconds, Stopping threads took: 0,0000207 seconds
2016-11-14T08:50:00.041+0100: 223,457: Total time for which application threads were stopped: 0,0000820 seconds, Stopping threads took: 0,0000285 seconds
2016-11-14T08:50:01.041+0100: 224,457: Total time for which application threads were stopped: 0,0000835 seconds, Stopping threads took: 0,0000185 seconds
2016-11-14T08:50:02.041+0100: 225,457: Total time for which application threads were stopped: 0,0000976 seconds, Stopping threads took: 0,0000188 seconds
2016-11-14T08:50:03.042+0100: 226,458: Total time for which application threads were stopped: 0,0003620 seconds, Stopping threads took: 0,0001073 seconds
2016-11-14T08:50:04.042+0100: 227,458: Total time for which application threads were stopped: 0,0000662 seconds, Stopping threads took: 0,0000148 seconds
2016-11-14T08:50:05.042+0100: 228,458: Total time for which application threads were stopped: 0,0000746 seconds, Stopping threads took: 0,0000191 seconds
2016-11-14T08:50:06.042+0100: 229,458: Total time for which application threads were stopped: 0,0000732 seconds, Stopping threads took: 0,0000222 seconds
2016-11-14T08:50:07.042+0100: 230,458: Total time for which application threads were stopped: 0,0000659 seconds, Stopping threads took: 0,0000159 seconds
{Heap before GC invocations=6 (full 1):
 par new generation   total 109248K, used 104740K [0x00000000e0000000, 0x00000000e8000000, 0x00000000e8000000)
  eden space 87424K, 100% used [0x00000000e0000000, 0x00000000e5560000, 0x00000000e5560000)
  from space 21824K,  79% used [0x00000000e5560000, 0x00000000e6649290, 0x00000000e6ab0000)
  to   space 21824K,   0% used [0x00000000e6ab0000, 0x00000000e6ab0000, 0x00000000e8000000)
 concurrent mark-sweep generation total 393216K, used 0K [0x00000000e8000000, 0x0000000100000000, 0x0000000100000000)
 Metaspace       used 29699K, capacity 30212K, committed 30484K, reserved 1077248K
  class space    used 3351K, capacity 3548K, committed 3604K, reserved 1048576K
2016-11-14T08:50:09.025+0100: 232,441: [GC (Allocation Failure) 2016-11-14T08:50:09.025+0100: 232,441: [ParNew
Desired survivor size 20112992 bytes, new threshold 8 (max 8)
- age   1:     131960 bytes,     131960 total
- age   2:     164096 bytes,     296056 total
- age   3:    4085632 bytes,    4381688 total
- age   4:        744 bytes,    4382432 total
- age   5:    3267992 bytes,    7650424 total
- age   6:     546560 bytes,    8196984 total
- age   7:    6025560 bytes,   14222544 total
: 104740K->16964K(109248K), 0,0149141 secs] 104740K->16964K(502464K), 0,0149739 secs] [Times: user=0,04 sys=0,00, real=0,01 secs] 
Heap after GC invocations=7 (full 1):
 par new generation   total 109248K, used 16964K [0x00000000e0000000, 0x00000000e8000000, 0x00000000e8000000)
  eden space 87424K,   0% used [0x00000000e0000000, 0x00000000e0000000, 0x00000000e5560000)
  from space 21824K,  77% used [0x00000000e6ab0000, 0x00000000e7b41210, 0x00000000e8000000)
  to   space 21824K,   0% used [0x00000000e5560000, 0x00000000e5560000, 0x00000000e6ab0000)
 concurrent mark-sweep generation total 393216K, used 0K [0x00000000e8000000, 0x0000000100000000, 0x0000000100000000)
 Metaspace       used 29699K, capacity 30212K, committed 30484K, reserved 1077248K
  class space    used 3351K, capacity 3548K, committed 3604K, reserved 1048576K
}
2016-11-14T08:50:09.040+0100: 232,456: Total time for which application threads were stopped: 0,0151985 seconds, Stopping threads took: 0,0000151 seconds
2016-11-14T08:50:10.040+0100: 233,456: Total time for which application threads were stopped: 0,0001429 seconds, Stopping threads took: 0,0000766 seconds
2016-11-14T08:50:13.041+0100: 236,457: Total time for which application threads were stopped: 0,0000740 seconds, Stopping threads took: 0,0000181 seconds
2016-11-14T08:50:13.565+0100: 236,981: Total time for which application threads were stopped: 0,0001288 seconds, Stopping threads took: 0,0000400 seconds
2016-11-14T08:50:14.565+0100: 237,981: Total time for which application threads were stopped: 0,0000750 seconds, Stopping threads took: 0,0000185 seconds
2016-11-14T08:51:07.786+0100: 291,202: Total time for which application threads were stopped: 0,0001030 seconds, Stopping threads took: 0,0000401 seconds
2016-11-14T08:51:53.566+0100: 336,982: Total time for which application threads were stopped: 0,0000839 seconds, Stopping threads took: 0,0000305 seconds
2016-11-14T08:51:54.566+0100: 337,982: Total time for which application threads were stopped: 0,0000691 seconds, Stopping threads took: 0,0000160 seconds
2016-11-14T09:01:33.185+0100: 682,297: Total time for which application threads were stopped: 0,0000805 seconds, Stopping threads took: 0,0000304 seconds
2016-11-14T09:06:13.222+0100: 962,334: Total time for which application threads were stopped: 0,0001272 seconds, Stopping threads took: 0,0000442 seconds
2016-11-14T09:16:53.309+0100: 1602,421: Total time for which application threads were stopped: 0,0000913 seconds, Stopping threads took: 0,0000348 seconds
2016-11-14T09:18:27.323+0100: 1696,434: Total time for which application threads were stopped: 0,0000893 seconds, Stopping threads took: 0,0000355 seconds
2016-11-14T09:27:37.397+0100: 2246,509: Total time for which application threads were stopped: 0,0000941 seconds, Stopping threads took: 0,0000324 seconds
2016-11-14T09:27:38.397+0100: 2247,509: Total time for which application threads were stopped: 0,0000631 seconds, Stopping threads took: 0,0000151 seconds
2016-11-14T09:28:38.405+0100: 2307,517: Total time for which application threads were stopped: 0,0001724 seconds, Stopping threads took: 0,0000659 seconds
2016-11-14T10:02:39.228+0100: 3197,036: Total time for which application threads were stopped: 0,0000810 seconds, Stopping threads took: 0,0000307 seconds
2016-11-14T10:12:55.230+0100: 3812,099: Total time for which application threads were stopped: 0,0001311 seconds, Stopping threads took: 0,0000398 seconds
2016-11-14T11:11:24.607+0100: 7321,476: Total time for which application threads were stopped: 0,0000926 seconds, Stopping threads took: 0,0000333 seconds
2016-11-14T11:14:24.627+0100: 7501,497: Total time for which application threads were stopped: 0,0003823 seconds, Stopping threads took: 0,0001576 seconds
2016-11-14T11:17:54.649+0100: 7711,518: Total time for which application threads were stopped: 0,0000886 seconds, Stopping threads took: 0,0000313 seconds
2016-11-14T14:13:25.237+0100: 11311,828: Total time for which application threads were stopped: 0,0001020 seconds, Stopping threads took: 0,0000361 seconds
2016-11-14T14:42:58.319+0100: 13084,419: Total time for which application threads were stopped: 0,0075418 seconds, Stopping threads took: 0,0074290 seconds
2016-11-14T14:42:58.332+0100: 13084,432: Total time for which application threads were stopped: 0,0001309 seconds, Stopping threads took: 0,0000202 seconds
2016-11-14T14:42:58.346+0100: 13084,447: Total time for which application threads were stopped: 0,0001779 seconds, Stopping threads took: 0,0000651 seconds
2016-11-14T14:42:58.355+0100: 13084,455: Total time for which application threads were stopped: 0,0001415 seconds, Stopping threads took: 0,0000319 seconds
Heap
 par new generation   total 109248K, used 52887K [0x00000000e0000000, 0x00000000e8000000, 0x00000000e8000000)
  eden space 87424K,  41% used [0x00000000e0000000, 0x00000000e2314a10, 0x00000000e5560000)
  from space 21824K,  77% used [0x00000000e6ab0000, 0x00000000e7b41210, 0x00000000e8000000)
  to   space 21824K,   0% used [0x00000000e5560000, 0x00000000e5560000, 0x00000000e6ab0000)
 concurrent mark-sweep generation total 393216K, used 0K [0x00000000e8000000, 0x0000000100000000, 0x0000000100000000)
 Metaspace       used 29855K, capacity 30410K, committed 30740K, reserved 1077248K
  class space    used 3365K, capacity 3549K, committed 3604K, reserved 1048576K
