OpenJDK 64-Bit Server VM (25.131-b11) for linux-amd64 JRE (1.8.0_131-8u131-b11-2ubuntu1.16.04.3-b11), built on Jul 28 2017 01:23:32 by "buildd" with gcc 5.4.0 20160609
Memory: 4k page, physical 7867732k(7481856k free), swap 8076284k(8076284k free)
CommandLine flags: -XX:CMSInitiatingOccupancyFraction=50 -XX:CMSMaxAbortablePrecleanTime=6000 -XX:+CMSParallelRemarkEnabled -XX:+CMSScavengeBeforeRemark -XX:ConcGCThreads=4 -XX:InitialHeapSize=536870912 -XX:MaxHeapSize=536870912 -XX:MaxTenuringThreshold=8 -XX:NewRatio=3 -XX:OldPLABSize=16 -XX:OnOutOfMemoryError=/opt/solr/bin/oom_solr.sh 8983 /var/solr/logs -XX:ParallelGCThreads=4 -XX:+ParallelRefProcEnabled -XX:PretenureSizeThreshold=67108864 -XX:+PrintGC -XX:+PrintGCApplicationStoppedTime -XX:+PrintGCDateStamps -XX:+PrintGCDetails -XX:+PrintGCTimeStamps -XX:+PrintHeapAtGC -XX:+PrintTenuringDistribution -XX:SurvivorRatio=4 -XX:TargetSurvivorRatio=90 -XX:ThreadStackSize=256 -XX:+UseCMSInitiatingOccupancyOnly -XX:+UseCompressedClassPointers -XX:+UseCompressedOops -XX:+UseConcMarkSweepGC -XX:+UseParNewGC 
2017-08-16T13:26:24.081+0200: 0,164: Total time for which application threads were stopped: 0,0000642 seconds, Stopping threads took: 0,0000151 seconds
2017-08-16T13:26:24.178+0200: 0,261: Total time for which application threads were stopped: 0,0001138 seconds, Stopping threads took: 0,0000232 seconds
2017-08-16T13:26:24.197+0200: 0,280: Total time for which application threads were stopped: 0,0000868 seconds, Stopping threads took: 0,0000169 seconds
2017-08-16T13:26:24.500+0200: 0,583: Total time for which application threads were stopped: 0,0001374 seconds, Stopping threads took: 0,0000187 seconds
2017-08-16T13:26:24.898+0200: 0,981: Total time for which application threads were stopped: 0,0001245 seconds, Stopping threads took: 0,0000139 seconds
2017-08-16T13:26:24.982+0200: 1,065: Total time for which application threads were stopped: 0,0001980 seconds, Stopping threads took: 0,0000280 seconds
2017-08-16T13:26:25.042+0200: 1,125: Total time for which application threads were stopped: 0,0001850 seconds, Stopping threads took: 0,0000135 seconds
2017-08-16T13:26:25.377+0200: 1,460: Total time for which application threads were stopped: 0,0001782 seconds, Stopping threads took: 0,0000150 seconds
2017-08-16T13:26:25.625+0200: 1,708: Total time for which application threads were stopped: 0,0002613 seconds, Stopping threads took: 0,0000187 seconds
2017-08-16T13:26:25.656+0200: 1,739: Total time for which application threads were stopped: 0,0002328 seconds, Stopping threads took: 0,0000619 seconds
2017-08-16T13:26:25.693+0200: 1,776: Total time for which application threads were stopped: 0,0002678 seconds, Stopping threads took: 0,0000524 seconds
2017-08-16T13:26:25.696+0200: 1,779: Total time for which application threads were stopped: 0,0009158 seconds, Stopping threads took: 0,0001275 seconds
2017-08-16T13:26:25.719+0200: 1,802: Total time for which application threads were stopped: 0,0001993 seconds, Stopping threads took: 0,0000229 seconds
2017-08-16T13:26:25.814+0200: 1,897: Total time for which application threads were stopped: 0,0006054 seconds, Stopping threads took: 0,0000198 seconds
2017-08-16T13:26:26.022+0200: 2,105: Total time for which application threads were stopped: 0,0002629 seconds, Stopping threads took: 0,0000306 seconds
{Heap before GC invocations=0 (full 0):
 par new generation   total 109248K, used 87424K [0x00000000e0000000, 0x00000000e8000000, 0x00000000e8000000)
  eden space 87424K, 100% used [0x00000000e0000000, 0x00000000e5560000, 0x00000000e5560000)
  from space 21824K,   0% used [0x00000000e5560000, 0x00000000e5560000, 0x00000000e6ab0000)
  to   space 21824K,   0% used [0x00000000e6ab0000, 0x00000000e6ab0000, 0x00000000e8000000)
 concurrent mark-sweep generation total 393216K, used 0K [0x00000000e8000000, 0x0000000100000000, 0x0000000100000000)
 Metaspace       used 18007K, capacity 18336K, committed 18688K, reserved 1064960K
  class space    used 2035K, capacity 2196K, committed 2304K, reserved 1048576K
2017-08-16T13:26:26.092+0200: 2,175: [GC (Allocation Failure) 2017-08-16T13:26:26.092+0200: 2,175: [ParNew
Desired survivor size 20112992 bytes, new threshold 8 (max 8)
- age   1:   12251944 bytes,   12251944 total
: 87424K->12086K(109248K), 0,0156361 secs] 87424K->12086K(502464K), 0,0157118 secs] [Times: user=0,04 sys=0,01, real=0,01 secs] 
Heap after GC invocations=1 (full 0):
 par new generation   total 109248K, used 12086K [0x00000000e0000000, 0x00000000e8000000, 0x00000000e8000000)
  eden space 87424K,   0% used [0x00000000e0000000, 0x00000000e0000000, 0x00000000e5560000)
  from space 21824K,  55% used [0x00000000e6ab0000, 0x00000000e767da98, 0x00000000e8000000)
  to   space 21824K,   0% used [0x00000000e5560000, 0x00000000e5560000, 0x00000000e6ab0000)
 concurrent mark-sweep generation total 393216K, used 0K [0x00000000e8000000, 0x0000000100000000, 0x0000000100000000)
 Metaspace       used 18007K, capacity 18336K, committed 18688K, reserved 1064960K
  class space    used 2035K, capacity 2196K, committed 2304K, reserved 1048576K
}
2017-08-16T13:26:26.107+0200: 2,191: Total time for which application threads were stopped: 0,0160355 seconds, Stopping threads took: 0,0001338 seconds
2017-08-16T13:26:26.460+0200: 2,544: Total time for which application threads were stopped: 0,0006479 seconds, Stopping threads took: 0,0003955 seconds
{Heap before GC invocations=1 (full 0):
 par new generation   total 109248K, used 99510K [0x00000000e0000000, 0x00000000e8000000, 0x00000000e8000000)
  eden space 87424K, 100% used [0x00000000e0000000, 0x00000000e5560000, 0x00000000e5560000)
  from space 21824K,  55% used [0x00000000e6ab0000, 0x00000000e767da98, 0x00000000e8000000)
  to   space 21824K,   0% used [0x00000000e5560000, 0x00000000e5560000, 0x00000000e6ab0000)
 concurrent mark-sweep generation total 393216K, used 0K [0x00000000e8000000, 0x0000000100000000, 0x0000000100000000)
 Metaspace       used 20063K, capacity 20362K, committed 20736K, reserved 1067008K
  class space    used 2295K, capacity 2471K, committed 2560K, reserved 1048576K
2017-08-16T13:26:26.497+0200: 2,581: [GC (Allocation Failure) 2017-08-16T13:26:26.497+0200: 2,581: [ParNew
Desired survivor size 20112992 bytes, new threshold 8 (max 8)
- age   1:    3698296 bytes,    3698296 total
- age   2:    6644504 bytes,   10342800 total
: 99510K->13674K(109248K), 0,0160176 secs] 99510K->13674K(502464K), 0,0160952 secs] [Times: user=0,03 sys=0,01, real=0,02 secs] 
Heap after GC invocations=2 (full 0):
 par new generation   total 109248K, used 13674K [0x00000000e0000000, 0x00000000e8000000, 0x00000000e8000000)
  eden space 87424K,   0% used [0x00000000e0000000, 0x00000000e0000000, 0x00000000e5560000)
  from space 21824K,  62% used [0x00000000e5560000, 0x00000000e62baaa8, 0x00000000e6ab0000)
  to   space 21824K,   0% used [0x00000000e6ab0000, 0x00000000e6ab0000, 0x00000000e8000000)
 concurrent mark-sweep generation total 393216K, used 0K [0x00000000e8000000, 0x0000000100000000, 0x0000000100000000)
 Metaspace       used 20063K, capacity 20362K, committed 20736K, reserved 1067008K
  class space    used 2295K, capacity 2471K, committed 2560K, reserved 1048576K
}
2017-08-16T13:26:26.514+0200: 2,597: Total time for which application threads were stopped: 0,0163179 seconds, Stopping threads took: 0,0000647 seconds
2017-08-16T13:26:26.516+0200: 2,599: Total time for which application threads were stopped: 0,0003477 seconds, Stopping threads took: 0,0000377 seconds
2017-08-16T13:26:26.545+0200: 2,628: Total time for which application threads were stopped: 0,0004186 seconds, Stopping threads took: 0,0000755 seconds
2017-08-16T13:26:26.689+0200: 2,772: Total time for which application threads were stopped: 0,0002026 seconds, Stopping threads took: 0,0000773 seconds
{Heap before GC invocations=2 (full 0):
 par new generation   total 109248K, used 101098K [0x00000000e0000000, 0x00000000e8000000, 0x00000000e8000000)
  eden space 87424K, 100% used [0x00000000e0000000, 0x00000000e5560000, 0x00000000e5560000)
  from space 21824K,  62% used [0x00000000e5560000, 0x00000000e62baaa8, 0x00000000e6ab0000)
  to   space 21824K,   0% used [0x00000000e6ab0000, 0x00000000e6ab0000, 0x00000000e8000000)
 concurrent mark-sweep generation total 393216K, used 0K [0x00000000e8000000, 0x0000000100000000, 0x0000000100000000)
 Metaspace       used 21006K, capacity 21412K, committed 21628K, reserved 1069056K
  class space    used 2419K, capacity 2590K, committed 2684K, reserved 1048576K
2017-08-16T13:26:26.732+0200: 2,815: [GC (Allocation Failure) 2017-08-16T13:26:26.732+0200: 2,816: [ParNew
Desired survivor size 20112992 bytes, new threshold 8 (max 8)
- age   1:    2226200 bytes,    2226200 total
- age   2:     905216 bytes,    3131416 total
- age   3:    6638992 bytes,    9770408 total
: 101098K->11480K(109248K), 0,0099908 secs] 101098K->11480K(502464K), 0,0100688 secs] [Times: user=0,03 sys=0,01, real=0,01 secs] 
Heap after GC invocations=3 (full 0):
 par new generation   total 109248K, used 11480K [0x00000000e0000000, 0x00000000e8000000, 0x00000000e8000000)
  eden space 87424K,   0% used [0x00000000e0000000, 0x00000000e0000000, 0x00000000e5560000)
  from space 21824K,  52% used [0x00000000e6ab0000, 0x00000000e75e6380, 0x00000000e8000000)
  to   space 21824K,   0% used [0x00000000e5560000, 0x00000000e5560000, 0x00000000e6ab0000)
 concurrent mark-sweep generation total 393216K, used 0K [0x00000000e8000000, 0x0000000100000000, 0x0000000100000000)
 Metaspace       used 21006K, capacity 21412K, committed 21628K, reserved 1069056K
  class space    used 2419K, capacity 2590K, committed 2684K, reserved 1048576K
}
2017-08-16T13:26:26.742+0200: 2,826: Total time for which application threads were stopped: 0,0102539 seconds, Stopping threads took: 0,0000441 seconds
2017-08-16T13:26:26.757+0200: 2,840: [GC (CMS Initial Mark) [1 CMS-initial-mark: 0K(393216K)] 23490K(502464K), 0,0059669 secs] [Times: user=0,02 sys=0,00, real=0,01 secs] 
2017-08-16T13:26:26.763+0200: 2,846: Total time for which application threads were stopped: 0,0100385 seconds, Stopping threads took: 0,0039622 seconds
2017-08-16T13:26:26.763+0200: 2,846: [CMS-concurrent-mark-start]
2017-08-16T13:26:26.764+0200: 2,847: [CMS-concurrent-mark: 0,000/0,000 secs] [Times: user=0,01 sys=0,00, real=0,00 secs] 
2017-08-16T13:26:26.764+0200: 2,847: [CMS-concurrent-preclean-start]
2017-08-16T13:26:26.765+0200: 2,848: [CMS-concurrent-preclean: 0,001/0,001 secs] [Times: user=0,00 sys=0,00, real=0,00 secs] 
2017-08-16T13:26:26.765+0200: 2,848: [CMS-concurrent-abortable-preclean-start]
2017-08-16T13:26:26.805+0200: 2,888: Total time for which application threads were stopped: 0,0040597 seconds, Stopping threads took: 0,0039779 seconds
{Heap before GC invocations=3 (full 1):
 par new generation   total 109248K, used 98904K [0x00000000e0000000, 0x00000000e8000000, 0x00000000e8000000)
  eden space 87424K, 100% used [0x00000000e0000000, 0x00000000e5560000, 0x00000000e5560000)
  from space 21824K,  52% used [0x00000000e6ab0000, 0x00000000e75e6380, 0x00000000e8000000)
  to   space 21824K,   0% used [0x00000000e5560000, 0x00000000e5560000, 0x00000000e6ab0000)
 concurrent mark-sweep generation total 393216K, used 0K [0x00000000e8000000, 0x0000000100000000, 0x0000000100000000)
 Metaspace       used 21291K, capacity 21646K, committed 21884K, reserved 1069056K
  class space    used 2451K, capacity 2609K, committed 2684K, reserved 1048576K
2017-08-16T13:26:26.848+0200: 2,931: [GC (Allocation Failure) 2017-08-16T13:26:26.848+0200: 2,931: [ParNew
Desired survivor size 20112992 bytes, new threshold 8 (max 8)
- age   1:     919384 bytes,     919384 total
- age   2:    1448512 bytes,    2367896 total
- age   3:     885456 bytes,    3253352 total
- age   4:    6639328 bytes,    9892680 total
: 98904K->12886K(109248K), 0,0093317 secs] 98904K->12886K(502464K), 0,0093889 secs] [Times: user=0,03 sys=0,00, real=0,01 secs] 
Heap after GC invocations=4 (full 1):
 par new generation   total 109248K, used 12886K [0x00000000e0000000, 0x00000000e8000000, 0x00000000e8000000)
  eden space 87424K,   0% used [0x00000000e0000000, 0x00000000e0000000, 0x00000000e5560000)
  from space 21824K,  59% used [0x00000000e5560000, 0x00000000e61f5af0, 0x00000000e6ab0000)
  to   space 21824K,   0% used [0x00000000e6ab0000, 0x00000000e6ab0000, 0x00000000e8000000)
 concurrent mark-sweep generation total 393216K, used 0K [0x00000000e8000000, 0x0000000100000000, 0x0000000100000000)
 Metaspace       used 21291K, capacity 21646K, committed 21884K, reserved 1069056K
  class space    used 2451K, capacity 2609K, committed 2684K, reserved 1048576K
}
2017-08-16T13:26:26.858+0200: 2,941: Total time for which application threads were stopped: 0,0095449 seconds, Stopping threads took: 0,0000285 seconds
{Heap before GC invocations=4 (full 1):
 par new generation   total 109248K, used 100310K [0x00000000e0000000, 0x00000000e8000000, 0x00000000e8000000)
  eden space 87424K, 100% used [0x00000000e0000000, 0x00000000e5560000, 0x00000000e5560000)
  from space 21824K,  59% used [0x00000000e5560000, 0x00000000e61f5af0, 0x00000000e6ab0000)
  to   space 21824K,   0% used [0x00000000e6ab0000, 0x00000000e6ab0000, 0x00000000e8000000)
 concurrent mark-sweep generation total 393216K, used 0K [0x00000000e8000000, 0x0000000100000000, 0x0000000100000000)
 Metaspace       used 21432K, capacity 21806K, committed 21884K, reserved 1069056K
  class space    used 2468K, capacity 2641K, committed 2684K, reserved 1048576K
2017-08-16T13:26:26.936+0200: 3,019: [GC (Allocation Failure) 2017-08-16T13:26:26.936+0200: 3,019: [ParNew
Desired survivor size 20112992 bytes, new threshold 8 (max 8)
- age   1:     722384 bytes,     722384 total
- age   2:     182016 bytes,     904400 total
- age   3:    1448096 bytes,    2352496 total
- age   4:     879632 bytes,    3232128 total
- age   5:    6638944 bytes,    9871072 total
: 100310K->11540K(109248K), 0,0111487 secs] 100310K->11540K(502464K), 0,0112337 secs] [Times: user=0,03 sys=0,00, real=0,01 secs] 
Heap after GC invocations=5 (full 1):
 par new generation   total 109248K, used 11540K [0x00000000e0000000, 0x00000000e8000000, 0x00000000e8000000)
  eden space 87424K,   0% used [0x00000000e0000000, 0x00000000e0000000, 0x00000000e5560000)
  from space 21824K,  52% used [0x00000000e6ab0000, 0x00000000e75f53c0, 0x00000000e8000000)
  to   space 21824K,   0% used [0x00000000e5560000, 0x00000000e5560000, 0x00000000e6ab0000)
 concurrent mark-sweep generation total 393216K, used 0K [0x00000000e8000000, 0x0000000100000000, 0x0000000100000000)
 Metaspace       used 21432K, capacity 21806K, committed 21884K, reserved 1069056K
  class space    used 2468K, capacity 2641K, committed 2684K, reserved 1048576K
}
2017-08-16T13:26:26.947+0200: 3,031: Total time for which application threads were stopped: 0,0114413 seconds, Stopping threads took: 0,0000706 seconds
2017-08-16T13:26:26.976+0200: 3,059: Total time for which application threads were stopped: 0,0001290 seconds, Stopping threads took: 0,0000460 seconds
2017-08-16T13:26:26.993+0200: 3,076: Total time for which application threads were stopped: 0,0003389 seconds, Stopping threads took: 0,0000362 seconds
2017-08-16T13:26:27.035+0200: 3,118: Total time for which application threads were stopped: 0,0001068 seconds, Stopping threads took: 0,0000336 seconds
2017-08-16T13:26:27.054+0200: 3,137: Total time for which application threads were stopped: 0,0000882 seconds, Stopping threads took: 0,0000197 seconds
2017-08-16T13:26:27.241+0200: 3,324: Total time for which application threads were stopped: 0,0002214 seconds, Stopping threads took: 0,0000745 seconds
2017-08-16T13:26:27.286+0200: 3,369: Total time for which application threads were stopped: 0,0001249 seconds, Stopping threads took: 0,0000267 seconds
2017-08-16T13:26:27.291+0200: 3,374: Total time for which application threads were stopped: 0,0004536 seconds, Stopping threads took: 0,0000291 seconds
2017-08-16T13:26:27.319+0200: 3,402: Total time for which application threads were stopped: 0,0004786 seconds, Stopping threads took: 0,0000606 seconds
2017-08-16T13:26:27.342+0200: 3,425: Total time for which application threads were stopped: 0,0001195 seconds, Stopping threads took: 0,0000361 seconds
2017-08-16T13:26:27.398+0200: 3,481: Total time for which application threads were stopped: 0,0001656 seconds, Stopping threads took: 0,0000282 seconds
2017-08-16T13:26:27.436+0200: 3,519: Total time for which application threads were stopped: 0,0001172 seconds, Stopping threads took: 0,0000439 seconds
2017-08-16T13:26:27.436+0200: 3,519: [CMS-concurrent-abortable-preclean: 0,428/0,671 secs] [Times: user=2,43 sys=0,02, real=0,67 secs] 
2017-08-16T13:26:27.437+0200: 3,520: [GC (CMS Final Remark) [YG occupancy: 72441 K (109248 K)]{Heap before GC invocations=5 (full 1):
 par new generation   total 109248K, used 72441K [0x00000000e0000000, 0x00000000e8000000, 0x00000000e8000000)
  eden space 87424K,  69% used [0x00000000e0000000, 0x00000000e3b79070, 0x00000000e5560000)
  from space 21824K,  52% used [0x00000000e6ab0000, 0x00000000e75f53c0, 0x00000000e8000000)
  to   space 21824K,   0% used [0x00000000e5560000, 0x00000000e5560000, 0x00000000e6ab0000)
 concurrent mark-sweep generation total 393216K, used 0K [0x00000000e8000000, 0x0000000100000000, 0x0000000100000000)
 Metaspace       used 23711K, capacity 24236K, committed 24540K, reserved 1071104K
  class space    used 2766K, capacity 2954K, committed 2988K, reserved 1048576K
2017-08-16T13:26:27.437+0200: 3,520: [GC (CMS Final Remark) 2017-08-16T13:26:27.437+0200: 3,520: [ParNew
Desired survivor size 20112992 bytes, new threshold 8 (max 8)
- age   1:    5034888 bytes,    5034888 total
- age   2:     119984 bytes,    5154872 total
- age   3:     180464 bytes,    5335336 total
- age   4:     278152 bytes,    5613488 total
- age   5:     855304 bytes,    6468792 total
- age   6:    6630664 bytes,   13099456 total
: 72441K->17344K(109248K), 0,0146541 secs] 72441K->17344K(502464K), 0,0147029 secs] [Times: user=0,05 sys=0,00, real=0,02 secs] 
Heap after GC invocations=6 (full 1):
 par new generation   total 109248K, used 17344K [0x00000000e0000000, 0x00000000e8000000, 0x00000000e8000000)
  eden space 87424K,   0% used [0x00000000e0000000, 0x00000000e0000000, 0x00000000e5560000)
  from space 21824K,  79% used [0x00000000e5560000, 0x00000000e6650340, 0x00000000e6ab0000)
  to   space 21824K,   0% used [0x00000000e6ab0000, 0x00000000e6ab0000, 0x00000000e8000000)
 concurrent mark-sweep generation total 393216K, used 0K [0x00000000e8000000, 0x0000000100000000, 0x0000000100000000)
 Metaspace       used 23711K, capacity 24236K, committed 24540K, reserved 1071104K
  class space    used 2766K, capacity 2954K, committed 2988K, reserved 1048576K
}
2017-08-16T13:26:27.452+0200: 3,535: [Rescan (parallel) , 0,0052067 secs]2017-08-16T13:26:27.457+0200: 3,540: [weak refs processing, 0,0007790 secs]2017-08-16T13:26:27.458+0200: 3,541: [class unloading, 0,0033569 secs]2017-08-16T13:26:27.461+0200: 3,544: [scrub symbol table, 0,0029737 secs]2017-08-16T13:26:27.464+0200: 3,547: [scrub string table, 0,0004195 secs][1 CMS-remark: 0K(393216K)] 17344K(502464K), 0,0283056 secs] [Times: user=0,08 sys=0,01, real=0,03 secs] 
2017-08-16T13:26:27.465+0200: 3,548: Total time for which application threads were stopped: 0,0287979 seconds, Stopping threads took: 0,0003975 seconds
2017-08-16T13:26:27.466+0200: 3,550: [CMS-concurrent-sweep-start]
2017-08-16T13:26:27.466+0200: 3,550: [CMS-concurrent-sweep: 0,000/0,000 secs] [Times: user=0,00 sys=0,00, real=0,00 secs] 
2017-08-16T13:26:27.467+0200: 3,550: [CMS-concurrent-reset-start]
2017-08-16T13:26:27.469+0200: 3,552: [CMS-concurrent-reset: 0,002/0,002 secs] [Times: user=0,01 sys=0,00, real=0,00 secs] 
{Heap before GC invocations=6 (full 1):
 par new generation   total 109248K, used 104768K [0x00000000e0000000, 0x00000000e8000000, 0x00000000e8000000)
  eden space 87424K, 100% used [0x00000000e0000000, 0x00000000e5560000, 0x00000000e5560000)
  from space 21824K,  79% used [0x00000000e5560000, 0x00000000e6650340, 0x00000000e6ab0000)
  to   space 21824K,   0% used [0x00000000e6ab0000, 0x00000000e6ab0000, 0x00000000e8000000)
 concurrent mark-sweep generation total 393216K, used 0K [0x00000000e8000000, 0x0000000100000000, 0x0000000100000000)
 Metaspace       used 24371K, capacity 24844K, committed 25180K, reserved 1071104K
  class space    used 2857K, capacity 3050K, committed 3116K, reserved 1048576K
2017-08-16T13:26:27.587+0200: 3,671: [GC (Allocation Failure) 2017-08-16T13:26:27.587+0200: 3,671: [ParNew
Desired survivor size 20112992 bytes, new threshold 8 (max 8)
- age   1:    2204760 bytes,    2204760 total
- age   2:    1722192 bytes,    3926952 total
- age   3:      65632 bytes,    3992584 total
- age   4:      98200 bytes,    4090784 total
- age   5:     181304 bytes,    4272088 total
- age   6:     813640 bytes,    5085728 total
- age   7:    6097952 bytes,   11183680 total
: 104768K->13930K(109248K), 0,0137260 secs] 104768K->13930K(502464K), 0,0138043 secs] [Times: user=0,04 sys=0,01, real=0,02 secs] 
Heap after GC invocations=7 (full 1):
 par new generation   total 109248K, used 13930K [0x00000000e0000000, 0x00000000e8000000, 0x00000000e8000000)
  eden space 87424K,   0% used [0x00000000e0000000, 0x00000000e0000000, 0x00000000e5560000)
  from space 21824K,  63% used [0x00000000e6ab0000, 0x00000000e784aa40, 0x00000000e8000000)
  to   space 21824K,   0% used [0x00000000e5560000, 0x00000000e5560000, 0x00000000e6ab0000)
 concurrent mark-sweep generation total 393216K, used 0K [0x00000000e8000000, 0x0000000100000000, 0x0000000100000000)
 Metaspace       used 24371K, capacity 24844K, committed 25180K, reserved 1071104K
  class space    used 2857K, capacity 3050K, committed 3116K, reserved 1048576K
}
2017-08-16T13:26:27.601+0200: 3,684: Total time for which application threads were stopped: 0,0140790 seconds, Stopping threads took: 0,0000840 seconds
{Heap before GC invocations=7 (full 1):
 par new generation   total 109248K, used 101354K [0x00000000e0000000, 0x00000000e8000000, 0x00000000e8000000)
  eden space 87424K, 100% used [0x00000000e0000000, 0x00000000e5560000, 0x00000000e5560000)
  from space 21824K,  63% used [0x00000000e6ab0000, 0x00000000e784aa40, 0x00000000e8000000)
  to   space 21824K,   0% used [0x00000000e5560000, 0x00000000e5560000, 0x00000000e6ab0000)
 concurrent mark-sweep generation total 393216K, used 0K [0x00000000e8000000, 0x0000000100000000, 0x0000000100000000)
 Metaspace       used 24511K, capacity 25004K, committed 25180K, reserved 1071104K
  class space    used 2867K, capacity 3056K, committed 3116K, reserved 1048576K
2017-08-16T13:26:27.660+0200: 3,743: [GC (Allocation Failure) 2017-08-16T13:26:27.660+0200: 3,743: [ParNew
Desired survivor size 20112992 bytes, new threshold 8 (max 8)
- age   1:     576800 bytes,     576800 total
- age   2:    1040208 bytes,    1617008 total
- age   3:    1722192 bytes,    3339200 total
- age   4:      65632 bytes,    3404832 total
- age   5:      97992 bytes,    3502824 total
- age   6:     181304 bytes,    3684128 total
- age   7:     813640 bytes,    4497768 total
- age   8:    6097776 bytes,   10595544 total
: 101354K->14898K(109248K), 0,0203557 secs] 101354K->14898K(502464K), 0,0204311 secs] [Times: user=0,08 sys=0,00, real=0,02 secs] 
Heap after GC invocations=8 (full 1):
 par new generation   total 109248K, used 14898K [0x00000000e0000000, 0x00000000e8000000, 0x00000000e8000000)
  eden space 87424K,   0% used [0x00000000e0000000, 0x00000000e0000000, 0x00000000e5560000)
  from space 21824K,  68% used [0x00000000e5560000, 0x00000000e63ecb00, 0x00000000e6ab0000)
  to   space 21824K,   0% used [0x00000000e6ab0000, 0x00000000e6ab0000, 0x00000000e8000000)
 concurrent mark-sweep generation total 393216K, used 0K [0x00000000e8000000, 0x0000000100000000, 0x0000000100000000)
 Metaspace       used 24511K, capacity 25004K, committed 25180K, reserved 1071104K
  class space    used 2867K, capacity 3056K, committed 3116K, reserved 1048576K
}
2017-08-16T13:26:27.681+0200: 3,764: Total time for which application threads were stopped: 0,0206371 seconds, Stopping threads took: 0,0000489 seconds
{Heap before GC invocations=8 (full 1):
 par new generation   total 109248K, used 102322K [0x00000000e0000000, 0x00000000e8000000, 0x00000000e8000000)
  eden space 87424K, 100% used [0x00000000e0000000, 0x00000000e5560000, 0x00000000e5560000)
  from space 21824K,  68% used [0x00000000e5560000, 0x00000000e63ecb00, 0x00000000e6ab0000)
  to   space 21824K,   0% used [0x00000000e6ab0000, 0x00000000e6ab0000, 0x00000000e8000000)
 concurrent mark-sweep generation total 393216K, used 0K [0x00000000e8000000, 0x0000000100000000, 0x0000000100000000)
 Metaspace       used 25518K, capacity 26048K, committed 26256K, reserved 1073152K
  class space    used 2948K, capacity 3130K, committed 3244K, reserved 1048576K
2017-08-16T13:26:27.935+0200: 4,018: [GC (Allocation Failure) 2017-08-16T13:26:27.935+0200: 4,018: [ParNew
Desired survivor size 20112992 bytes, new threshold 8 (max 8)
- age   1:    2331376 bytes,    2331376 total
- age   2:     141048 bytes,    2472424 total
- age   3:     249672 bytes,    2722096 total
- age   4:    1720272 bytes,    4442368 total
- age   5:      63152 bytes,    4505520 total
- age   6:      97832 bytes,    4603352 total
- age   7:     178040 bytes,    4781392 total
- age   8:     812104 bytes,    5593496 total
: 102322K->7954K(109248K), 0,0307232 secs] 102322K->13989K(502464K), 0,0308029 secs] [Times: user=0,10 sys=0,00, real=0,03 secs] 
Heap after GC invocations=9 (full 1):
 par new generation   total 109248K, used 7954K [0x00000000e0000000, 0x00000000e8000000, 0x00000000e8000000)
  eden space 87424K,   0% used [0x00000000e0000000, 0x00000000e0000000, 0x00000000e5560000)
  from space 21824K,  36% used [0x00000000e6ab0000, 0x00000000e7274840, 0x00000000e8000000)
  to   space 21824K,   0% used [0x00000000e5560000, 0x00000000e5560000, 0x00000000e6ab0000)
 concurrent mark-sweep generation total 393216K, used 6034K [0x00000000e8000000, 0x0000000100000000, 0x0000000100000000)
 Metaspace       used 25518K, capacity 26048K, committed 26256K, reserved 1073152K
  class space    used 2948K, capacity 3130K, committed 3244K, reserved 1048576K
}
2017-08-16T13:26:27.966+0200: 4,049: Total time for which application threads were stopped: 0,0310314 seconds, Stopping threads took: 0,0000213 seconds
2017-08-16T13:26:27.969+0200: 4,052: Total time for which application threads were stopped: 0,0003358 seconds, Stopping threads took: 0,0000411 seconds
2017-08-16T13:26:27.974+0200: 4,057: Total time for which application threads were stopped: 0,0006692 seconds, Stopping threads took: 0,0005757 seconds
2017-08-16T13:26:27.974+0200: 4,057: Total time for which application threads were stopped: 0,0001116 seconds, Stopping threads took: 0,0000276 seconds
2017-08-16T13:26:27.975+0200: 4,058: Total time for which application threads were stopped: 0,0001179 seconds, Stopping threads took: 0,0000422 seconds
2017-08-16T13:26:27.977+0200: 4,060: Total time for which application threads were stopped: 0,0001126 seconds, Stopping threads took: 0,0000272 seconds
2017-08-16T13:26:27.981+0200: 4,064: Total time for which application threads were stopped: 0,0001433 seconds, Stopping threads took: 0,0000618 seconds
2017-08-16T13:26:27.984+0200: 4,067: Total time for which application threads were stopped: 0,0001589 seconds, Stopping threads took: 0,0000584 seconds
2017-08-16T13:26:27.986+0200: 4,069: Total time for which application threads were stopped: 0,0001245 seconds, Stopping threads took: 0,0000362 seconds
2017-08-16T13:26:27.993+0200: 4,076: Total time for which application threads were stopped: 0,0040825 seconds, Stopping threads took: 0,0040092 seconds
2017-08-16T13:26:28.000+0200: 4,083: Total time for which application threads were stopped: 0,0001329 seconds, Stopping threads took: 0,0000438 seconds
2017-08-16T13:26:28.005+0200: 4,088: Total time for which application threads were stopped: 0,0001223 seconds, Stopping threads took: 0,0000409 seconds
2017-08-16T13:26:28.005+0200: 4,089: Total time for which application threads were stopped: 0,0001089 seconds, Stopping threads took: 0,0000289 seconds
2017-08-16T13:26:28.006+0200: 4,089: Total time for which application threads were stopped: 0,0000704 seconds, Stopping threads took: 0,0000178 seconds
2017-08-16T13:26:28.007+0200: 4,090: Total time for which application threads were stopped: 0,0001065 seconds, Stopping threads took: 0,0000317 seconds
2017-08-16T13:26:28.009+0200: 4,092: Total time for which application threads were stopped: 0,0001217 seconds, Stopping threads took: 0,0000359 seconds
2017-08-16T13:26:28.010+0200: 4,093: Total time for which application threads were stopped: 0,0000592 seconds, Stopping threads took: 0,0000143 seconds
2017-08-16T13:26:28.010+0200: 4,093: Total time for which application threads were stopped: 0,0003276 seconds, Stopping threads took: 0,0002612 seconds
2017-08-16T13:26:28.013+0200: 4,096: Total time for which application threads were stopped: 0,0011601 seconds, Stopping threads took: 0,0010849 seconds
2017-08-16T13:26:28.015+0200: 4,098: Total time for which application threads were stopped: 0,0001118 seconds, Stopping threads took: 0,0000345 seconds
2017-08-16T13:26:28.017+0200: 4,100: Total time for which application threads were stopped: 0,0000912 seconds, Stopping threads took: 0,0000300 seconds
2017-08-16T13:26:28.018+0200: 4,101: Total time for which application threads were stopped: 0,0004124 seconds, Stopping threads took: 0,0000174 seconds
2017-08-16T13:26:28.020+0200: 4,103: Total time for which application threads were stopped: 0,0001164 seconds, Stopping threads took: 0,0000336 seconds
2017-08-16T13:26:28.021+0200: 4,104: Total time for which application threads were stopped: 0,0001096 seconds, Stopping threads took: 0,0000489 seconds
2017-08-16T13:26:28.021+0200: 4,105: Total time for which application threads were stopped: 0,0001028 seconds, Stopping threads took: 0,0000258 seconds
2017-08-16T13:26:28.053+0200: 4,136: Total time for which application threads were stopped: 0,0002343 seconds, Stopping threads took: 0,0000548 seconds
2017-08-16T13:26:28.061+0200: 4,144: Total time for which application threads were stopped: 0,0001143 seconds, Stopping threads took: 0,0000331 seconds
2017-08-16T13:26:28.064+0200: 4,147: Total time for which application threads were stopped: 0,0004954 seconds, Stopping threads took: 0,0000354 seconds
2017-08-16T13:26:28.065+0200: 4,148: Total time for which application threads were stopped: 0,0001262 seconds, Stopping threads took: 0,0000545 seconds
2017-08-16T13:26:28.067+0200: 4,150: Total time for which application threads were stopped: 0,0001044 seconds, Stopping threads took: 0,0000306 seconds
2017-08-16T13:26:28.073+0200: 4,156: Total time for which application threads were stopped: 0,0011955 seconds, Stopping threads took: 0,0011223 seconds
2017-08-16T13:26:28.077+0200: 4,160: Total time for which application threads were stopped: 0,0001603 seconds, Stopping threads took: 0,0000477 seconds
2017-08-16T13:26:28.078+0200: 4,161: Total time for which application threads were stopped: 0,0004768 seconds, Stopping threads took: 0,0000436 seconds
2017-08-16T13:26:28.160+0200: 4,243: Total time for which application threads were stopped: 0,0004874 seconds, Stopping threads took: 0,0000348 seconds
2017-08-16T13:26:28.171+0200: 4,254: Total time for which application threads were stopped: 0,0001152 seconds, Stopping threads took: 0,0000317 seconds
2017-08-16T13:26:28.173+0200: 4,256: Total time for which application threads were stopped: 0,0015078 seconds, Stopping threads took: 0,0014333 seconds
2017-08-16T13:26:28.177+0200: 4,260: Total time for which application threads were stopped: 0,0005681 seconds, Stopping threads took: 0,0004620 seconds
2017-08-16T13:26:28.183+0200: 4,266: Total time for which application threads were stopped: 0,0038758 seconds, Stopping threads took: 0,0037887 seconds
2017-08-16T13:26:28.197+0200: 4,280: Total time for which application threads were stopped: 0,0001759 seconds, Stopping threads took: 0,0000505 seconds
2017-08-16T13:26:28.197+0200: 4,280: Total time for which application threads were stopped: 0,0000850 seconds, Stopping threads took: 0,0000193 seconds
2017-08-16T13:26:28.197+0200: 4,280: Total time for which application threads were stopped: 0,0000827 seconds, Stopping threads took: 0,0000209 seconds
2017-08-16T13:26:28.197+0200: 4,280: Total time for which application threads were stopped: 0,0000756 seconds, Stopping threads took: 0,0000165 seconds
2017-08-16T13:26:28.197+0200: 4,281: Total time for which application threads were stopped: 0,0000707 seconds, Stopping threads took: 0,0000167 seconds
2017-08-16T13:26:28.205+0200: 4,288: Total time for which application threads were stopped: 0,0075178 seconds, Stopping threads took: 0,0074214 seconds
2017-08-16T13:26:28.205+0200: 4,289: Total time for which application threads were stopped: 0,0000736 seconds, Stopping threads took: 0,0000206 seconds
2017-08-16T13:26:28.206+0200: 4,289: Total time for which application threads were stopped: 0,0000881 seconds, Stopping threads took: 0,0000201 seconds
2017-08-16T13:26:28.206+0200: 4,289: Total time for which application threads were stopped: 0,0000741 seconds, Stopping threads took: 0,0000157 seconds
2017-08-16T13:26:28.206+0200: 4,289: Total time for which application threads were stopped: 0,0000549 seconds, Stopping threads took: 0,0000155 seconds
2017-08-16T13:26:28.206+0200: 4,289: Total time for which application threads were stopped: 0,0001737 seconds, Stopping threads took: 0,0001101 seconds
2017-08-16T13:26:28.221+0200: 4,305: Total time for which application threads were stopped: 0,0041661 seconds, Stopping threads took: 0,0039189 seconds
2017-08-16T13:26:28.231+0200: 4,314: Total time for which application threads were stopped: 0,0059398 seconds, Stopping threads took: 0,0058155 seconds
2017-08-16T13:26:28.231+0200: 4,314: Total time for which application threads were stopped: 0,0001911 seconds, Stopping threads took: 0,0000123 seconds
2017-08-16T13:26:28.235+0200: 4,318: Total time for which application threads were stopped: 0,0001319 seconds, Stopping threads took: 0,0000327 seconds
2017-08-16T13:26:28.236+0200: 4,319: Total time for which application threads were stopped: 0,0001183 seconds, Stopping threads took: 0,0000201 seconds
2017-08-16T13:26:28.243+0200: 4,326: Total time for which application threads were stopped: 0,0001696 seconds, Stopping threads took: 0,0000401 seconds
2017-08-16T13:26:28.271+0200: 4,354: Total time for which application threads were stopped: 0,0003784 seconds, Stopping threads took: 0,0002644 seconds
2017-08-16T13:26:28.281+0200: 4,364: Total time for which application threads were stopped: 0,0018417 seconds, Stopping threads took: 0,0017428 seconds
2017-08-16T13:26:28.290+0200: 4,373: Total time for which application threads were stopped: 0,0001169 seconds, Stopping threads took: 0,0000545 seconds
2017-08-16T13:26:28.329+0200: 4,412: Total time for which application threads were stopped: 0,0004576 seconds, Stopping threads took: 0,0000462 seconds
2017-08-16T13:26:29.329+0200: 5,412: Total time for which application threads were stopped: 0,0000774 seconds, Stopping threads took: 0,0000164 seconds
2017-08-16T13:27:51.340+0200: 87,423: Total time for which application threads were stopped: 0,0000877 seconds, Stopping threads took: 0,0000222 seconds
2017-08-16T13:28:21.343+0200: 117,426: Total time for which application threads were stopped: 0,0000770 seconds, Stopping threads took: 0,0000326 seconds
2017-08-16T13:28:26.344+0200: 122,427: Total time for which application threads were stopped: 0,0000611 seconds, Stopping threads took: 0,0000158 seconds
2017-08-16T13:29:25.350+0200: 181,434: Total time for which application threads were stopped: 0,0006297 seconds, Stopping threads took: 0,0002716 seconds
2017-08-16T13:30:55.361+0200: 271,444: Total time for which application threads were stopped: 0,0001374 seconds, Stopping threads took: 0,0000479 seconds
2017-08-16T13:31:01.362+0200: 277,445: Total time for which application threads were stopped: 0,0000784 seconds, Stopping threads took: 0,0000311 seconds
2017-08-16T13:49:50.484+0200: 1406,567: Total time for which application threads were stopped: 0,0005027 seconds, Stopping threads took: 0,0001854 seconds
2017-08-16T13:53:05.506+0200: 1601,589: Total time for which application threads were stopped: 0,0001590 seconds, Stopping threads took: 0,0001028 seconds
2017-08-16T13:53:15.507+0200: 1611,590: Total time for which application threads were stopped: 0,0000625 seconds, Stopping threads took: 0,0000151 seconds
2017-08-16T14:04:45.579+0200: 2301,662: Total time for which application threads were stopped: 0,0000709 seconds, Stopping threads took: 0,0000265 seconds
2017-08-16T14:04:46.579+0200: 2302,662: Total time for which application threads were stopped: 0,0000938 seconds, Stopping threads took: 0,0000223 seconds
2017-08-16T14:19:41.692+0200: 3197,775: Total time for which application threads were stopped: 0,0001089 seconds, Stopping threads took: 0,0000486 seconds
2017-08-16T14:33:15.778+0200: 4011,861: Total time for which application threads were stopped: 0,0002231 seconds, Stopping threads took: 0,0000927 seconds
2017-08-16T14:33:20.779+0200: 4016,862: Total time for which application threads were stopped: 0,0003836 seconds, Stopping threads took: 0,0000918 seconds
2017-08-16T14:45:06.859+0200: 4722,942: Total time for which application threads were stopped: 0,0000991 seconds, Stopping threads took: 0,0000382 seconds
2017-08-16T15:07:57.020+0200: 6093,103: Total time for which application threads were stopped: 0,0000757 seconds, Stopping threads took: 0,0000312 seconds
2017-08-16T15:15:31.076+0200: 6547,159: Total time for which application threads were stopped: 0,0004650 seconds, Stopping threads took: 0,0001834 seconds
2017-08-16T15:29:56.175+0200: 7412,258: Total time for which application threads were stopped: 0,0001082 seconds, Stopping threads took: 0,0000417 seconds
2017-08-16T15:34:26.207+0200: 7682,290: Total time for which application threads were stopped: 0,0000870 seconds, Stopping threads took: 0,0000322 seconds
2017-08-16T15:34:56.210+0200: 7712,293: Total time for which application threads were stopped: 0,0001157 seconds, Stopping threads took: 0,0000415 seconds
2017-08-16T16:32:55.605+0200: 11191,688: Total time for which application threads were stopped: 0,0000849 seconds, Stopping threads took: 0,0000400 seconds
2017-08-16T17:42:26.090+0200: 15362,173: Total time for which application threads were stopped: 0,0000730 seconds, Stopping threads took: 0,0000278 seconds
2017-08-16T17:56:22.185+0200: 16198,268: Total time for which application threads were stopped: 0,0001443 seconds, Stopping threads took: 0,0000582 seconds
2017-08-17T00:46:55.152+0200: 40815,647: Total time for which application threads were stopped: 0,0413859 seconds, Stopping threads took: 0,0412728 seconds
2017-08-17T00:46:55.154+0200: 40815,650: Total time for which application threads were stopped: 0,0001412 seconds, Stopping threads took: 0,0000494 seconds
2017-08-17T00:46:55.166+0200: 40815,662: Total time for which application threads were stopped: 0,0001171 seconds, Stopping threads took: 0,0000372 seconds
2017-08-17T00:46:55.166+0200: 40815,662: Total time for which application threads were stopped: 0,0000670 seconds, Stopping threads took: 0,0000167 seconds
2017-08-17T00:46:55.168+0200: 40815,663: Total time for which application threads were stopped: 0,0001085 seconds, Stopping threads took: 0,0000298 seconds
2017-08-17T00:46:55.168+0200: 40815,663: Total time for which application threads were stopped: 0,0000665 seconds, Stopping threads took: 0,0000174 seconds
2017-08-17T00:46:55.168+0200: 40815,663: Total time for which application threads were stopped: 0,0000570 seconds, Stopping threads took: 0,0000187 seconds
2017-08-17T00:46:55.168+0200: 40815,664: Total time for which application threads were stopped: 0,0000495 seconds, Stopping threads took: 0,0000122 seconds
2017-08-17T00:46:55.168+0200: 40815,664: Total time for which application threads were stopped: 0,0000488 seconds, Stopping threads took: 0,0000119 seconds
2017-08-17T00:46:55.168+0200: 40815,664: Total time for which application threads were stopped: 0,0000492 seconds, Stopping threads took: 0,0000141 seconds
2017-08-17T00:46:55.168+0200: 40815,664: Total time for which application threads were stopped: 0,0000490 seconds, Stopping threads took: 0,0000118 seconds
2017-08-17T00:46:55.169+0200: 40815,664: Total time for which application threads were stopped: 0,0000497 seconds, Stopping threads took: 0,0000127 seconds
2017-08-17T00:46:55.169+0200: 40815,664: Total time for which application threads were stopped: 0,0000452 seconds, Stopping threads took: 0,0000117 seconds
2017-08-17T00:46:55.169+0200: 40815,664: Total time for which application threads were stopped: 0,0000470 seconds, Stopping threads took: 0,0000140 seconds
2017-08-17T00:46:55.172+0200: 40815,667: Total time for which application threads were stopped: 0,0000837 seconds, Stopping threads took: 0,0000229 seconds
2017-08-17T00:46:55.172+0200: 40815,667: Total time for which application threads were stopped: 0,0000504 seconds, Stopping threads took: 0,0000136 seconds
2017-08-17T00:46:55.172+0200: 40815,667: Total time for which application threads were stopped: 0,0000470 seconds, Stopping threads took: 0,0000159 seconds
2017-08-17T00:46:55.172+0200: 40815,667: Total time for which application threads were stopped: 0,0000464 seconds, Stopping threads took: 0,0000151 seconds
2017-08-17T00:46:55.172+0200: 40815,667: Total time for which application threads were stopped: 0,0000361 seconds, Stopping threads took: 0,0000066 seconds
2017-08-17T00:46:55.172+0200: 40815,668: Total time for which application threads were stopped: 0,0000728 seconds, Stopping threads took: 0,0000121 seconds
2017-08-17T00:46:55.172+0200: 40815,668: Total time for which application threads were stopped: 0,0000481 seconds, Stopping threads took: 0,0000129 seconds
2017-08-17T00:46:55.181+0200: 40815,676: Total time for which application threads were stopped: 0,0001535 seconds, Stopping threads took: 0,0000590 seconds
2017-08-17T00:46:55.204+0200: 40815,699: Total time for which application threads were stopped: 0,0001164 seconds, Stopping threads took: 0,0000385 seconds
2017-08-17T00:46:55.225+0200: 40815,720: Total time for which application threads were stopped: 0,0001277 seconds, Stopping threads took: 0,0000332 seconds
2017-08-17T00:46:55.225+0200: 40815,721: Total time for which application threads were stopped: 0,0000687 seconds, Stopping threads took: 0,0000162 seconds
2017-08-17T00:46:55.225+0200: 40815,721: Total time for which application threads were stopped: 0,0000630 seconds, Stopping threads took: 0,0000152 seconds
2017-08-17T00:46:55.225+0200: 40815,721: Total time for which application threads were stopped: 0,0000532 seconds, Stopping threads took: 0,0000136 seconds
2017-08-17T00:46:55.225+0200: 40815,721: Total time for which application threads were stopped: 0,0000542 seconds, Stopping threads took: 0,0000131 seconds
2017-08-17T00:46:55.230+0200: 40815,725: Total time for which application threads were stopped: 0,0001049 seconds, Stopping threads took: 0,0000328 seconds
2017-08-17T00:46:55.230+0200: 40815,725: Total time for which application threads were stopped: 0,0000463 seconds, Stopping threads took: 0,0000139 seconds
2017-08-17T00:46:55.232+0200: 40815,728: Total time for which application threads were stopped: 0,0000848 seconds, Stopping threads took: 0,0000271 seconds
2017-08-17T00:46:55.243+0200: 40815,739: Total time for which application threads were stopped: 0,0000845 seconds, Stopping threads took: 0,0000172 seconds
2017-08-17T00:46:55.244+0200: 40815,739: Total time for which application threads were stopped: 0,0000763 seconds, Stopping threads took: 0,0000240 seconds
2017-08-17T00:46:55.244+0200: 40815,739: Total time for which application threads were stopped: 0,0000459 seconds, Stopping threads took: 0,0000140 seconds
2017-08-17T00:46:55.244+0200: 40815,740: Total time for which application threads were stopped: 0,0000401 seconds, Stopping threads took: 0,0000114 seconds
2017-08-17T00:46:55.247+0200: 40815,743: Total time for which application threads were stopped: 0,0001049 seconds, Stopping threads took: 0,0000373 seconds
2017-08-17T00:46:55.247+0200: 40815,743: Total time for which application threads were stopped: 0,0000437 seconds, Stopping threads took: 0,0000116 seconds
2017-08-17T00:46:55.247+0200: 40815,743: Total time for which application threads were stopped: 0,0000392 seconds, Stopping threads took: 0,0000104 seconds
2017-08-17T00:46:55.247+0200: 40815,743: Total time for which application threads were stopped: 0,0000389 seconds, Stopping threads took: 0,0000108 seconds
2017-08-17T00:46:55.247+0200: 40815,743: Total time for which application threads were stopped: 0,0000359 seconds, Stopping threads took: 0,0000099 seconds
2017-08-17T00:46:55.254+0200: 40815,750: Total time for which application threads were stopped: 0,0001031 seconds, Stopping threads took: 0,0000358 seconds
2017-08-17T00:46:55.254+0200: 40815,750: Total time for which application threads were stopped: 0,0000442 seconds, Stopping threads took: 0,0000117 seconds
2017-08-17T00:46:55.254+0200: 40815,750: Total time for which application threads were stopped: 0,0000409 seconds, Stopping threads took: 0,0000117 seconds
2017-08-17T00:46:55.267+0200: 40815,762: Total time for which application threads were stopped: 0,0001171 seconds, Stopping threads took: 0,0000236 seconds
2017-08-17T00:46:55.269+0200: 40815,764: Total time for which application threads were stopped: 0,0001187 seconds, Stopping threads took: 0,0000253 seconds
2017-08-17T00:46:55.269+0200: 40815,765: Total time for which application threads were stopped: 0,0000992 seconds, Stopping threads took: 0,0000283 seconds
2017-08-17T00:46:55.271+0200: 40815,766: Total time for which application threads were stopped: 0,0005302 seconds, Stopping threads took: 0,0004745 seconds
2017-08-17T00:46:55.271+0200: 40815,766: Total time for which application threads were stopped: 0,0000607 seconds, Stopping threads took: 0,0000248 seconds
2017-08-17T00:46:55.271+0200: 40815,766: Total time for which application threads were stopped: 0,0000474 seconds, Stopping threads took: 0,0000154 seconds
2017-08-17T00:46:55.273+0200: 40815,768: Total time for which application threads were stopped: 0,0012634 seconds, Stopping threads took: 0,0012019 seconds
2017-08-17T00:46:55.273+0200: 40815,768: Total time for which application threads were stopped: 0,0000891 seconds, Stopping threads took: 0,0000511 seconds
2017-08-17T00:46:55.273+0200: 40815,768: Total time for which application threads were stopped: 0,0000554 seconds, Stopping threads took: 0,0000183 seconds
2017-08-17T00:46:55.274+0200: 40815,769: Total time for which application threads were stopped: 0,0000523 seconds, Stopping threads took: 0,0000125 seconds
2017-08-17T00:46:55.274+0200: 40815,769: Total time for which application threads were stopped: 0,0000550 seconds, Stopping threads took: 0,0000202 seconds
2017-08-17T00:46:55.277+0200: 40815,772: Total time for which application threads were stopped: 0,0024501 seconds, Stopping threads took: 0,0023977 seconds
2017-08-17T00:46:55.277+0200: 40815,773: Total time for which application threads were stopped: 0,0001922 seconds, Stopping threads took: 0,0001522 seconds
2017-08-17T00:46:55.277+0200: 40815,773: Total time for which application threads were stopped: 0,0000556 seconds, Stopping threads took: 0,0000177 seconds
2017-08-17T00:46:55.277+0200: 40815,773: Total time for which application threads were stopped: 0,0000497 seconds, Stopping threads took: 0,0000206 seconds
2017-08-17T00:46:55.278+0200: 40815,774: Total time for which application threads were stopped: 0,0001738 seconds, Stopping threads took: 0,0000295 seconds
2017-08-17T00:46:55.279+0200: 40815,775: Total time for which application threads were stopped: 0,0000508 seconds, Stopping threads took: 0,0000139 seconds
2017-08-17T00:46:55.280+0200: 40815,775: Total time for which application threads were stopped: 0,0000621 seconds, Stopping threads took: 0,0000145 seconds
Heap
 par new generation   total 109248K, used 61568K [0x00000000e0000000, 0x00000000e8000000, 0x00000000e8000000)
  eden space 87424K,  61% used [0x00000000e0000000, 0x00000000e345ba68, 0x00000000e5560000)
  from space 21824K,  36% used [0x00000000e6ab0000, 0x00000000e7274840, 0x00000000e8000000)
  to   space 21824K,   0% used [0x00000000e5560000, 0x00000000e5560000, 0x00000000e6ab0000)
 concurrent mark-sweep generation total 393216K, used 6034K [0x00000000e8000000, 0x0000000100000000, 0x0000000100000000)
 Metaspace       used 28184K, capacity 28728K, committed 29072K, reserved 1075200K
  class space    used 3228K, capacity 3396K, committed 3500K, reserved 1048576K
