OpenJDK 64-Bit Server VM (25.131-b11) for linux-amd64 JRE (1.8.0_131-8u131-b11-0ubuntu1.16.04.2-b11), built on May  6 2017 02:45:27 by "buildd" with gcc 5.4.0 20160609
Memory: 4k page, physical 7867764k(7458756k free), swap 8076284k(8076284k free)
CommandLine flags: -XX:CMSInitiatingOccupancyFraction=50 -XX:CMSMaxAbortablePrecleanTime=6000 -XX:+CMSParallelRemarkEnabled -XX:+CMSScavengeBeforeRemark -XX:ConcGCThreads=4 -XX:InitialHeapSize=536870912 -XX:MaxHeapSize=536870912 -XX:MaxTenuringThreshold=8 -XX:NewRatio=3 -XX:OldPLABSize=16 -XX:OnOutOfMemoryError=/opt/solr/bin/oom_solr.sh 8983 /var/solr/logs -XX:ParallelGCThreads=4 -XX:+ParallelRefProcEnabled -XX:PretenureSizeThreshold=67108864 -XX:+PrintGC -XX:+PrintGCApplicationStoppedTime -XX:+PrintGCDateStamps -XX:+PrintGCDetails -XX:+PrintGCTimeStamps -XX:+PrintHeapAtGC -XX:+PrintTenuringDistribution -XX:SurvivorRatio=4 -XX:TargetSurvivorRatio=90 -XX:ThreadStackSize=256 -XX:+UseCMSInitiatingOccupancyOnly -XX:+UseCompressedClassPointers -XX:+UseCompressedOops -XX:+UseConcMarkSweepGC -XX:+UseParNewGC 
2017-05-15T18:06:44.814+0200: 0,137: Total time for which application threads were stopped: 0,0000662 seconds, Stopping threads took: 0,0000132 seconds
2017-05-15T18:06:44.906+0200: 0,229: Total time for which application threads were stopped: 0,0001110 seconds, Stopping threads took: 0,0000161 seconds
2017-05-15T18:06:44.925+0200: 0,248: Total time for which application threads were stopped: 0,0000921 seconds, Stopping threads took: 0,0000159 seconds
2017-05-15T18:06:45.158+0200: 0,481: Total time for which application threads were stopped: 0,0001415 seconds, Stopping threads took: 0,0000147 seconds
2017-05-15T18:06:45.852+0200: 1,175: Total time for which application threads were stopped: 0,0001533 seconds, Stopping threads took: 0,0000116 seconds
2017-05-15T18:06:45.990+0200: 1,313: Total time for which application threads were stopped: 0,0001927 seconds, Stopping threads took: 0,0000203 seconds
2017-05-15T18:06:46.049+0200: 1,372: Total time for which application threads were stopped: 0,0001995 seconds, Stopping threads took: 0,0000226 seconds
2017-05-15T18:06:46.371+0200: 1,693: Total time for which application threads were stopped: 0,0001922 seconds, Stopping threads took: 0,0000166 seconds
2017-05-15T18:06:46.602+0200: 1,925: Total time for which application threads were stopped: 0,0002567 seconds, Stopping threads took: 0,0000240 seconds
2017-05-15T18:06:46.629+0200: 1,952: Total time for which application threads were stopped: 0,0002112 seconds, Stopping threads took: 0,0000202 seconds
2017-05-15T18:06:46.661+0200: 1,984: Total time for which application threads were stopped: 0,0001916 seconds, Stopping threads took: 0,0000227 seconds
2017-05-15T18:06:46.662+0200: 1,985: Total time for which application threads were stopped: 0,0001789 seconds, Stopping threads took: 0,0000140 seconds
2017-05-15T18:06:46.677+0200: 2,000: Total time for which application threads were stopped: 0,0001836 seconds, Stopping threads took: 0,0000186 seconds
2017-05-15T18:06:46.752+0200: 2,075: Total time for which application threads were stopped: 0,0002177 seconds, Stopping threads took: 0,0000200 seconds
2017-05-15T18:06:46.908+0200: 2,231: Total time for which application threads were stopped: 0,0004190 seconds, Stopping threads took: 0,0002003 seconds
{Heap before GC invocations=0 (full 0):
 par new generation   total 109248K, used 87424K [0x00000000e0000000, 0x00000000e8000000, 0x00000000e8000000)
  eden space 87424K, 100% used [0x00000000e0000000, 0x00000000e5560000, 0x00000000e5560000)
  from space 21824K,   0% used [0x00000000e5560000, 0x00000000e5560000, 0x00000000e6ab0000)
  to   space 21824K,   0% used [0x00000000e6ab0000, 0x00000000e6ab0000, 0x00000000e8000000)
 concurrent mark-sweep generation total 393216K, used 0K [0x00000000e8000000, 0x0000000100000000, 0x0000000100000000)
 Metaspace       used 18052K, capacity 18336K, committed 18688K, reserved 1064960K
  class space    used 2041K, capacity 2196K, committed 2304K, reserved 1048576K
2017-05-15T18:06:47.019+0200: 2,342: [GC (Allocation Failure) 2017-05-15T18:06:47.019+0200: 2,342: [ParNew
Desired survivor size 20112992 bytes, new threshold 8 (max 8)
- age   1:   12616200 bytes,   12616200 total
: 87424K->12433K(109248K), 0,0152358 secs] 87424K->12433K(502464K), 0,0153129 secs] [Times: user=0,05 sys=0,01, real=0,02 secs] 
Heap after GC invocations=1 (full 0):
 par new generation   total 109248K, used 12433K [0x00000000e0000000, 0x00000000e8000000, 0x00000000e8000000)
  eden space 87424K,   0% used [0x00000000e0000000, 0x00000000e0000000, 0x00000000e5560000)
  from space 21824K,  56% used [0x00000000e6ab0000, 0x00000000e76d47e8, 0x00000000e8000000)
  to   space 21824K,   0% used [0x00000000e5560000, 0x00000000e5560000, 0x00000000e6ab0000)
 concurrent mark-sweep generation total 393216K, used 0K [0x00000000e8000000, 0x0000000100000000, 0x0000000100000000)
 Metaspace       used 18052K, capacity 18336K, committed 18688K, reserved 1064960K
  class space    used 2041K, capacity 2196K, committed 2304K, reserved 1048576K
}
2017-05-15T18:06:47.034+0200: 2,357: Total time for which application threads were stopped: 0,0155238 seconds, Stopping threads took: 0,0000345 seconds
2017-05-15T18:06:47.314+0200: 2,637: Total time for which application threads were stopped: 0,0003403 seconds, Stopping threads took: 0,0000365 seconds
{Heap before GC invocations=1 (full 0):
 par new generation   total 109248K, used 99857K [0x00000000e0000000, 0x00000000e8000000, 0x00000000e8000000)
  eden space 87424K, 100% used [0x00000000e0000000, 0x00000000e5560000, 0x00000000e5560000)
  from space 21824K,  56% used [0x00000000e6ab0000, 0x00000000e76d47e8, 0x00000000e8000000)
  to   space 21824K,   0% used [0x00000000e5560000, 0x00000000e5560000, 0x00000000e6ab0000)
 concurrent mark-sweep generation total 393216K, used 0K [0x00000000e8000000, 0x0000000100000000, 0x0000000100000000)
 Metaspace       used 20023K, capacity 20366K, committed 20736K, reserved 1067008K
  class space    used 2295K, capacity 2471K, committed 2560K, reserved 1048576K
2017-05-15T18:06:47.354+0200: 2,677: [GC (Allocation Failure) 2017-05-15T18:06:47.354+0200: 2,677: [ParNew
Desired survivor size 20112992 bytes, new threshold 8 (max 8)
- age   1:    3712672 bytes,    3712672 total
- age   2:    6670744 bytes,   10383416 total
: 99857K->13800K(109248K), 0,0098675 secs] 99857K->13800K(502464K), 0,0099395 secs] [Times: user=0,04 sys=0,00, real=0,01 secs] 
Heap after GC invocations=2 (full 0):
 par new generation   total 109248K, used 13800K [0x00000000e0000000, 0x00000000e8000000, 0x00000000e8000000)
  eden space 87424K,   0% used [0x00000000e0000000, 0x00000000e0000000, 0x00000000e5560000)
  from space 21824K,  63% used [0x00000000e5560000, 0x00000000e62da2e0, 0x00000000e6ab0000)
  to   space 21824K,   0% used [0x00000000e6ab0000, 0x00000000e6ab0000, 0x00000000e8000000)
 concurrent mark-sweep generation total 393216K, used 0K [0x00000000e8000000, 0x0000000100000000, 0x0000000100000000)
 Metaspace       used 20023K, capacity 20366K, committed 20736K, reserved 1067008K
  class space    used 2295K, capacity 2471K, committed 2560K, reserved 1048576K
}
2017-05-15T18:06:47.364+0200: 2,687: Total time for which application threads were stopped: 0,0101572 seconds, Stopping threads took: 0,0000710 seconds
2017-05-15T18:06:47.369+0200: 2,692: Total time for which application threads were stopped: 0,0003825 seconds, Stopping threads took: 0,0000406 seconds
2017-05-15T18:06:47.426+0200: 2,749: Total time for which application threads were stopped: 0,0004486 seconds, Stopping threads took: 0,0000364 seconds
2017-05-15T18:06:47.546+0200: 2,869: Total time for which application threads were stopped: 0,0040712 seconds, Stopping threads took: 0,0039304 seconds
{Heap before GC invocations=2 (full 0):
 par new generation   total 109248K, used 101224K [0x00000000e0000000, 0x00000000e8000000, 0x00000000e8000000)
  eden space 87424K, 100% used [0x00000000e0000000, 0x00000000e5560000, 0x00000000e5560000)
  from space 21824K,  63% used [0x00000000e5560000, 0x00000000e62da2e0, 0x00000000e6ab0000)
  to   space 21824K,   0% used [0x00000000e6ab0000, 0x00000000e6ab0000, 0x00000000e8000000)
 concurrent mark-sweep generation total 393216K, used 0K [0x00000000e8000000, 0x0000000100000000, 0x0000000100000000)
 Metaspace       used 20967K, capacity 21288K, committed 21628K, reserved 1069056K
  class space    used 2417K, capacity 2590K, committed 2684K, reserved 1048576K
2017-05-15T18:06:47.594+0200: 2,917: [GC (Allocation Failure) 2017-05-15T18:06:47.594+0200: 2,917: [ParNew
Desired survivor size 20112992 bytes, new threshold 8 (max 8)
- age   1:    2242912 bytes,    2242912 total
- age   2:     846904 bytes,    3089816 total
- age   3:    6666864 bytes,    9756680 total
: 101224K->12991K(109248K), 0,0193856 secs] 101224K->12991K(502464K), 0,0194682 secs] [Times: user=0,08 sys=0,00, real=0,02 secs] 
Heap after GC invocations=3 (full 0):
 par new generation   total 109248K, used 12991K [0x00000000e0000000, 0x00000000e8000000, 0x00000000e8000000)
  eden space 87424K,   0% used [0x00000000e0000000, 0x00000000e0000000, 0x00000000e5560000)
  from space 21824K,  59% used [0x00000000e6ab0000, 0x00000000e775fe48, 0x00000000e8000000)
  to   space 21824K,   0% used [0x00000000e5560000, 0x00000000e5560000, 0x00000000e6ab0000)
 concurrent mark-sweep generation total 393216K, used 0K [0x00000000e8000000, 0x0000000100000000, 0x0000000100000000)
 Metaspace       used 20967K, capacity 21288K, committed 21628K, reserved 1069056K
  class space    used 2417K, capacity 2590K, committed 2684K, reserved 1048576K
}
2017-05-15T18:06:47.614+0200: 2,937: Total time for which application threads were stopped: 0,0202601 seconds, Stopping threads took: 0,0006225 seconds
2017-05-15T18:06:47.620+0200: 2,943: [GC (CMS Initial Mark) [1 CMS-initial-mark: 0K(393216K)] 19424K(502464K), 0,0064540 secs] [Times: user=0,02 sys=0,00, real=0,01 secs] 
2017-05-15T18:06:47.627+0200: 2,949: Total time for which application threads were stopped: 0,0066216 seconds, Stopping threads took: 0,0000340 seconds
2017-05-15T18:06:47.627+0200: 2,950: [CMS-concurrent-mark-start]
2017-05-15T18:06:47.627+0200: 2,950: [CMS-concurrent-mark: 0,000/0,000 secs] [Times: user=0,00 sys=0,00, real=0,00 secs] 
2017-05-15T18:06:47.627+0200: 2,950: [CMS-concurrent-preclean-start]
2017-05-15T18:06:47.628+0200: 2,951: [CMS-concurrent-preclean: 0,001/0,001 secs] [Times: user=0,01 sys=0,00, real=0,00 secs] 
2017-05-15T18:06:47.628+0200: 2,951: [CMS-concurrent-abortable-preclean-start]
2017-05-15T18:06:47.704+0200: 3,027: Total time for which application threads were stopped: 0,0003878 seconds, Stopping threads took: 0,0002865 seconds
{Heap before GC invocations=3 (full 1):
 par new generation   total 109248K, used 100415K [0x00000000e0000000, 0x00000000e8000000, 0x00000000e8000000)
  eden space 87424K, 100% used [0x00000000e0000000, 0x00000000e5560000, 0x00000000e5560000)
  from space 21824K,  59% used [0x00000000e6ab0000, 0x00000000e775fe48, 0x00000000e8000000)
  to   space 21824K,   0% used [0x00000000e5560000, 0x00000000e5560000, 0x00000000e6ab0000)
 concurrent mark-sweep generation total 393216K, used 0K [0x00000000e8000000, 0x0000000100000000, 0x0000000100000000)
 Metaspace       used 21255K, capacity 21622K, committed 21884K, reserved 1069056K
  class space    used 2448K, capacity 2605K, committed 2684K, reserved 1048576K
2017-05-15T18:06:47.735+0200: 3,058: [GC (Allocation Failure) 2017-05-15T18:06:47.735+0200: 3,058: [ParNew
Desired survivor size 20112992 bytes, new threshold 8 (max 8)
- age   1:    1164840 bytes,    1164840 total
- age   2:    1456200 bytes,    2621040 total
- age   3:     815496 bytes,    3436536 total
- age   4:    6667008 bytes,   10103544 total
: 100415K->12541K(109248K), 0,0114859 secs] 100415K->12541K(502464K), 0,0115530 secs] [Times: user=0,04 sys=0,00, real=0,01 secs] 
Heap after GC invocations=4 (full 1):
 par new generation   total 109248K, used 12541K [0x00000000e0000000, 0x00000000e8000000, 0x00000000e8000000)
  eden space 87424K,   0% used [0x00000000e0000000, 0x00000000e0000000, 0x00000000e5560000)
  from space 21824K,  57% used [0x00000000e5560000, 0x00000000e619f550, 0x00000000e6ab0000)
  to   space 21824K,   0% used [0x00000000e6ab0000, 0x00000000e6ab0000, 0x00000000e8000000)
 concurrent mark-sweep generation total 393216K, used 0K [0x00000000e8000000, 0x0000000100000000, 0x0000000100000000)
 Metaspace       used 21255K, capacity 21622K, committed 21884K, reserved 1069056K
  class space    used 2448K, capacity 2605K, committed 2684K, reserved 1048576K
}
2017-05-15T18:06:47.747+0200: 3,070: Total time for which application threads were stopped: 0,0117183 seconds, Stopping threads took: 0,0000342 seconds
2017-05-15T18:06:47.747+0200: 3,070: [CMS-concurrent-abortable-preclean: 0,076/0,119 secs] [Times: user=0,45 sys=0,00, real=0,12 secs] 
2017-05-15T18:06:47.751+0200: 3,074: [GC (CMS Final Remark) [YG occupancy: 16489 K (109248 K)]{Heap before GC invocations=4 (full 1):
 par new generation   total 109248K, used 16489K [0x00000000e0000000, 0x00000000e8000000, 0x00000000e8000000)
  eden space 87424K,   4% used [0x00000000e0000000, 0x00000000e03db090, 0x00000000e5560000)
  from space 21824K,  57% used [0x00000000e5560000, 0x00000000e619f550, 0x00000000e6ab0000)
  to   space 21824K,   0% used [0x00000000e6ab0000, 0x00000000e6ab0000, 0x00000000e8000000)
 concurrent mark-sweep generation total 393216K, used 0K [0x00000000e8000000, 0x0000000100000000, 0x0000000100000000)
 Metaspace       used 21256K, capacity 21622K, committed 21884K, reserved 1069056K
  class space    used 2448K, capacity 2605K, committed 2684K, reserved 1048576K
2017-05-15T18:06:47.752+0200: 3,074: [GC (CMS Final Remark) 2017-05-15T18:06:47.752+0200: 3,074: [ParNew
Desired survivor size 20112992 bytes, new threshold 8 (max 8)
- age   1:     685224 bytes,     685224 total
- age   2:     509008 bytes,    1194232 total
- age   3:    1456320 bytes,    2650552 total
- age   4:     815496 bytes,    3466048 total
- age   5:    6666984 bytes,   10133032 total
: 16489K->15144K(109248K), 0,0094820 secs] 16489K->15144K(502464K), 0,0095200 secs] [Times: user=0,04 sys=0,00, real=0,00 secs] 
Heap after GC invocations=5 (full 1):
 par new generation   total 109248K, used 15144K [0x00000000e0000000, 0x00000000e8000000, 0x00000000e8000000)
  eden space 87424K,   0% used [0x00000000e0000000, 0x00000000e0000000, 0x00000000e5560000)
  from space 21824K,  69% used [0x00000000e6ab0000, 0x00000000e797a2e0, 0x00000000e8000000)
  to   space 21824K,   0% used [0x00000000e5560000, 0x00000000e5560000, 0x00000000e6ab0000)
 concurrent mark-sweep generation total 393216K, used 0K [0x00000000e8000000, 0x0000000100000000, 0x0000000100000000)
 Metaspace       used 21256K, capacity 21622K, committed 21884K, reserved 1069056K
  class space    used 2448K, capacity 2605K, committed 2684K, reserved 1048576K
}
2017-05-15T18:06:47.761+0200: 3,084: [Rescan (parallel) , 0,0036280 secs]2017-05-15T18:06:47.765+0200: 3,088: [weak refs processing, 0,0006475 secs]2017-05-15T18:06:47.765+0200: 3,088: [class unloading, 0,0027981 secs]2017-05-15T18:06:47.768+0200: 3,091: [scrub symbol table, 0,0024990 secs]2017-05-15T18:06:47.771+0200: 3,094: [scrub string table, 0,0003674 secs][1 CMS-remark: 0K(393216K)] 15144K(502464K), 0,0201055 secs] [Times: user=0,05 sys=0,00, real=0,02 secs] 
2017-05-15T18:06:47.772+0200: 3,095: Total time for which application threads were stopped: 0,0212389 seconds, Stopping threads took: 0,0010481 seconds
2017-05-15T18:06:47.774+0200: 3,097: [CMS-concurrent-sweep-start]
2017-05-15T18:06:47.774+0200: 3,097: [CMS-concurrent-sweep: 0,000/0,000 secs] [Times: user=0,01 sys=0,00, real=0,00 secs] 
2017-05-15T18:06:47.774+0200: 3,097: [CMS-concurrent-reset-start]
2017-05-15T18:06:47.777+0200: 3,100: [CMS-concurrent-reset: 0,002/0,002 secs] [Times: user=0,00 sys=0,00, real=0,00 secs] 
{Heap before GC invocations=5 (full 1):
 par new generation   total 109248K, used 102568K [0x00000000e0000000, 0x00000000e8000000, 0x00000000e8000000)
  eden space 87424K, 100% used [0x00000000e0000000, 0x00000000e5560000, 0x00000000e5560000)
  from space 21824K,  69% used [0x00000000e6ab0000, 0x00000000e797a2e0, 0x00000000e8000000)
  to   space 21824K,   0% used [0x00000000e5560000, 0x00000000e5560000, 0x00000000e6ab0000)
 concurrent mark-sweep generation total 393216K, used 0K [0x00000000e8000000, 0x0000000100000000, 0x0000000100000000)
 Metaspace       used 21392K, capacity 21794K, committed 21884K, reserved 1069056K
  class space    used 2468K, capacity 2639K, committed 2684K, reserved 1048576K
2017-05-15T18:06:47.858+0200: 3,181: [GC (Allocation Failure) 2017-05-15T18:06:47.858+0200: 3,181: [ParNew
Desired survivor size 20112992 bytes, new threshold 8 (max 8)
- age   1:     797808 bytes,     797808 total
- age   2:       5184 bytes,     802992 total
- age   3:     187480 bytes,     990472 total
- age   4:    1450440 bytes,    2440912 total
- age   5:     815416 bytes,    3256328 total
- age   6:    6667104 bytes,    9923432 total
: 102568K->10434K(109248K), 0,0096736 secs] 102568K->10434K(502464K), 0,0097505 secs] [Times: user=0,04 sys=0,00, real=0,01 secs] 
Heap after GC invocations=6 (full 1):
 par new generation   total 109248K, used 10434K [0x00000000e0000000, 0x00000000e8000000, 0x00000000e8000000)
  eden space 87424K,   0% used [0x00000000e0000000, 0x00000000e0000000, 0x00000000e5560000)
  from space 21824K,  47% used [0x00000000e5560000, 0x00000000e5f90818, 0x00000000e6ab0000)
  to   space 21824K,   0% used [0x00000000e6ab0000, 0x00000000e6ab0000, 0x00000000e8000000)
 concurrent mark-sweep generation total 393216K, used 0K [0x00000000e8000000, 0x0000000100000000, 0x0000000100000000)
 Metaspace       used 21392K, capacity 21794K, committed 21884K, reserved 1069056K
  class space    used 2468K, capacity 2639K, committed 2684K, reserved 1048576K
}
2017-05-15T18:06:47.868+0200: 3,191: Total time for which application threads were stopped: 0,0109706 seconds, Stopping threads took: 0,0010686 seconds
2017-05-15T18:06:47.894+0200: 3,217: Total time for which application threads were stopped: 0,0003246 seconds, Stopping threads took: 0,0000199 seconds
2017-05-15T18:06:48.196+0200: 3,519: Total time for which application threads were stopped: 0,0005371 seconds, Stopping threads took: 0,0000368 seconds
2017-05-15T18:06:48.213+0200: 3,536: Total time for which application threads were stopped: 0,0003534 seconds, Stopping threads took: 0,0000192 seconds
{Heap before GC invocations=6 (full 1):
 par new generation   total 109248K, used 97858K [0x00000000e0000000, 0x00000000e8000000, 0x00000000e8000000)
  eden space 87424K, 100% used [0x00000000e0000000, 0x00000000e5560000, 0x00000000e5560000)
  from space 21824K,  47% used [0x00000000e5560000, 0x00000000e5f90818, 0x00000000e6ab0000)
  to   space 21824K,   0% used [0x00000000e6ab0000, 0x00000000e6ab0000, 0x00000000e8000000)
 concurrent mark-sweep generation total 393216K, used 0K [0x00000000e8000000, 0x0000000100000000, 0x0000000100000000)
 Metaspace       used 24201K, capacity 24674K, committed 24828K, reserved 1071104K
  class space    used 2844K, capacity 3045K, committed 3068K, reserved 1048576K
2017-05-15T18:06:48.437+0200: 3,760: [GC (Allocation Failure) 2017-05-15T18:06:48.437+0200: 3,760: [ParNew
Desired survivor size 20112992 bytes, new threshold 8 (max 8)
- age   1:    5749480 bytes,    5749480 total
- age   2:     123864 bytes,    5873344 total
- age   3:       5160 bytes,    5878504 total
- age   4:     186392 bytes,    6064896 total
- age   5:     280856 bytes,    6345752 total
- age   6:     789216 bytes,    7134968 total
- age   7:    6658600 bytes,   13793568 total
: 97858K->16854K(109248K), 0,0340159 secs] 97858K->16854K(502464K), 0,0340992 secs] [Times: user=0,05 sys=0,00, real=0,04 secs] 
Heap after GC invocations=7 (full 1):
 par new generation   total 109248K, used 16854K [0x00000000e0000000, 0x00000000e8000000, 0x00000000e8000000)
  eden space 87424K,   0% used [0x00000000e0000000, 0x00000000e0000000, 0x00000000e5560000)
  from space 21824K,  77% used [0x00000000e6ab0000, 0x00000000e7b25a80, 0x00000000e8000000)
  to   space 21824K,   0% used [0x00000000e5560000, 0x00000000e5560000, 0x00000000e6ab0000)
 concurrent mark-sweep generation total 393216K, used 0K [0x00000000e8000000, 0x0000000100000000, 0x0000000100000000)
 Metaspace       used 24201K, capacity 24674K, committed 24828K, reserved 1071104K
  class space    used 2844K, capacity 3045K, committed 3068K, reserved 1048576K
}
2017-05-15T18:06:48.471+0200: 3,794: Total time for which application threads were stopped: 0,0355603 seconds, Stopping threads took: 0,0011873 seconds
{Heap before GC invocations=7 (full 1):
 par new generation   total 109248K, used 104278K [0x00000000e0000000, 0x00000000e8000000, 0x00000000e8000000)
  eden space 87424K, 100% used [0x00000000e0000000, 0x00000000e5560000, 0x00000000e5560000)
  from space 21824K,  77% used [0x00000000e6ab0000, 0x00000000e7b25a80, 0x00000000e8000000)
  to   space 21824K,   0% used [0x00000000e5560000, 0x00000000e5560000, 0x00000000e6ab0000)
 concurrent mark-sweep generation total 393216K, used 0K [0x00000000e8000000, 0x0000000100000000, 0x0000000100000000)
 Metaspace       used 24573K, capacity 25042K, committed 25212K, reserved 1071104K
  class space    used 2878K, capacity 3080K, committed 3196K, reserved 1048576K
2017-05-15T18:06:48.606+0200: 3,929: [GC (Allocation Failure) 2017-05-15T18:06:48.606+0200: 3,929: [ParNew
Desired survivor size 20112992 bytes, new threshold 8 (max 8)
- age   1:    1534480 bytes,    1534480 total
- age   2:    1805352 bytes,    3339832 total
- age   3:      64560 bytes,    3404392 total
- age   5:     109600 bytes,    3513992 total
- age   6:     188576 bytes,    3702568 total
- age   7:     738112 bytes,    4440680 total
- age   8:    6125680 bytes,   10566360 total
: 104278K->18314K(109248K), 0,0546243 secs] 104278K->18314K(502464K), 0,0547200 secs] [Times: user=0,11 sys=0,00, real=0,05 secs] 
Heap after GC invocations=8 (full 1):
 par new generation   total 109248K, used 18314K [0x00000000e0000000, 0x00000000e8000000, 0x00000000e8000000)
  eden space 87424K,   0% used [0x00000000e0000000, 0x00000000e0000000, 0x00000000e5560000)
  from space 21824K,  83% used [0x00000000e5560000, 0x00000000e6742960, 0x00000000e6ab0000)
  to   space 21824K,   0% used [0x00000000e6ab0000, 0x00000000e6ab0000, 0x00000000e8000000)
 concurrent mark-sweep generation total 393216K, used 0K [0x00000000e8000000, 0x0000000100000000, 0x0000000100000000)
 Metaspace       used 24573K, capacity 25042K, committed 25212K, reserved 1071104K
  class space    used 2878K, capacity 3080K, committed 3196K, reserved 1048576K
}
2017-05-15T18:06:48.661+0200: 3,984: Total time for which application threads were stopped: 0,0577364 seconds, Stopping threads took: 0,0027524 seconds
2017-05-15T18:06:48.742+0200: 4,065: Total time for which application threads were stopped: 0,0136834 seconds, Stopping threads took: 0,0131233 seconds
{Heap before GC invocations=8 (full 1):
 par new generation   total 109248K, used 105738K [0x00000000e0000000, 0x00000000e8000000, 0x00000000e8000000)
  eden space 87424K, 100% used [0x00000000e0000000, 0x00000000e5560000, 0x00000000e5560000)
  from space 21824K,  83% used [0x00000000e5560000, 0x00000000e6742960, 0x00000000e6ab0000)
  to   space 21824K,   0% used [0x00000000e6ab0000, 0x00000000e6ab0000, 0x00000000e8000000)
 concurrent mark-sweep generation total 393216K, used 0K [0x00000000e8000000, 0x0000000100000000, 0x0000000100000000)
 Metaspace       used 24937K, capacity 25378K, committed 25724K, reserved 1071104K
  class space    used 2907K, capacity 3083K, committed 3196K, reserved 1048576K
2017-05-15T18:06:49.030+0200: 4,353: [GC (Allocation Failure) 2017-05-15T18:06:49.030+0200: 4,353: [ParNew
Desired survivor size 20112992 bytes, new threshold 8 (max 8)
- age   1:     826200 bytes,     826200 total
- age   2:     675680 bytes,    1501880 total
- age   3:    1794584 bytes,    3296464 total
- age   4:      64528 bytes,    3360992 total
- age   6:     106984 bytes,    3467976 total
- age   7:     188080 bytes,    3656056 total
- age   8:     737280 bytes,    4393336 total
: 105738K->7040K(109248K), 0,0839081 secs] 105738K->13682K(502464K), 0,0839817 secs] [Times: user=0,11 sys=0,00, real=0,09 secs] 
Heap after GC invocations=9 (full 1):
 par new generation   total 109248K, used 7040K [0x00000000e0000000, 0x00000000e8000000, 0x00000000e8000000)
  eden space 87424K,   0% used [0x00000000e0000000, 0x00000000e0000000, 0x00000000e5560000)
  from space 21824K,  32% used [0x00000000e6ab0000, 0x00000000e7190050, 0x00000000e8000000)
  to   space 21824K,   0% used [0x00000000e5560000, 0x00000000e5560000, 0x00000000e6ab0000)
 concurrent mark-sweep generation total 393216K, used 6641K [0x00000000e8000000, 0x0000000100000000, 0x0000000100000000)
 Metaspace       used 24937K, capacity 25378K, committed 25724K, reserved 1071104K
  class space    used 2907K, capacity 3083K, committed 3196K, reserved 1048576K
}
2017-05-15T18:06:49.114+0200: 4,437: Total time for which application threads were stopped: 0,0927422 seconds, Stopping threads took: 0,0085620 seconds
2017-05-15T18:06:49.262+0200: 4,585: Total time for which application threads were stopped: 0,0010183 seconds, Stopping threads took: 0,0003163 seconds
2017-05-15T18:06:49.275+0200: 4,598: Total time for which application threads were stopped: 0,0011806 seconds, Stopping threads took: 0,0010663 seconds
2017-05-15T18:06:49.275+0200: 4,598: Total time for which application threads were stopped: 0,0000801 seconds, Stopping threads took: 0,0000254 seconds
2017-05-15T18:06:49.279+0200: 4,602: Total time for which application threads were stopped: 0,0001069 seconds, Stopping threads took: 0,0000370 seconds
2017-05-15T18:06:49.279+0200: 4,602: Total time for which application threads were stopped: 0,0000717 seconds, Stopping threads took: 0,0000210 seconds
2017-05-15T18:06:49.283+0200: 4,606: Total time for which application threads were stopped: 0,0001399 seconds, Stopping threads took: 0,0000495 seconds
2017-05-15T18:06:49.286+0200: 4,609: Total time for which application threads were stopped: 0,0036906 seconds, Stopping threads took: 0,0036135 seconds
2017-05-15T18:06:49.287+0200: 4,610: Total time for which application threads were stopped: 0,0001193 seconds, Stopping threads took: 0,0000246 seconds
2017-05-15T18:06:49.287+0200: 4,610: Total time for which application threads were stopped: 0,0000685 seconds, Stopping threads took: 0,0000103 seconds
2017-05-15T18:06:49.287+0200: 4,610: Total time for which application threads were stopped: 0,0000759 seconds, Stopping threads took: 0,0000209 seconds
2017-05-15T18:06:49.287+0200: 4,610: Total time for which application threads were stopped: 0,0000552 seconds, Stopping threads took: 0,0000115 seconds
2017-05-15T18:06:49.288+0200: 4,611: Total time for which application threads were stopped: 0,0004902 seconds, Stopping threads took: 0,0004064 seconds
2017-05-15T18:06:49.288+0200: 4,611: Total time for which application threads were stopped: 0,0000753 seconds, Stopping threads took: 0,0000253 seconds
2017-05-15T18:06:49.289+0200: 4,611: Total time for which application threads were stopped: 0,0001064 seconds, Stopping threads took: 0,0000396 seconds
2017-05-15T18:06:49.289+0200: 4,612: Total time for which application threads were stopped: 0,0000529 seconds, Stopping threads took: 0,0000134 seconds
2017-05-15T18:06:49.289+0200: 4,612: Total time for which application threads were stopped: 0,0000875 seconds, Stopping threads took: 0,0000244 seconds
2017-05-15T18:06:49.289+0200: 4,612: Total time for which application threads were stopped: 0,0000750 seconds, Stopping threads took: 0,0000202 seconds
2017-05-15T18:06:49.289+0200: 4,612: Total time for which application threads were stopped: 0,0000524 seconds, Stopping threads took: 0,0000106 seconds
2017-05-15T18:06:49.289+0200: 4,612: Total time for which application threads were stopped: 0,0000401 seconds, Stopping threads took: 0,0000094 seconds
2017-05-15T18:06:49.289+0200: 4,612: Total time for which application threads were stopped: 0,0000379 seconds, Stopping threads took: 0,0000074 seconds
2017-05-15T18:06:49.290+0200: 4,612: Total time for which application threads were stopped: 0,0000477 seconds, Stopping threads took: 0,0000088 seconds
2017-05-15T18:06:49.290+0200: 4,613: Total time for which application threads were stopped: 0,0000384 seconds, Stopping threads took: 0,0000077 seconds
2017-05-15T18:06:49.290+0200: 4,613: Total time for which application threads were stopped: 0,0000524 seconds, Stopping threads took: 0,0000120 seconds
2017-05-15T18:06:49.290+0200: 4,613: Total time for which application threads were stopped: 0,0001099 seconds, Stopping threads took: 0,0000081 seconds
2017-05-15T18:06:49.290+0200: 4,613: Total time for which application threads were stopped: 0,0000976 seconds, Stopping threads took: 0,0000109 seconds
2017-05-15T18:06:49.290+0200: 4,613: Total time for which application threads were stopped: 0,0000628 seconds, Stopping threads took: 0,0000110 seconds
2017-05-15T18:06:49.291+0200: 4,614: Total time for which application threads were stopped: 0,0000553 seconds, Stopping threads took: 0,0000102 seconds
2017-05-15T18:06:49.301+0200: 4,623: Total time for which application threads were stopped: 0,0001880 seconds, Stopping threads took: 0,0000503 seconds
2017-05-15T18:06:49.305+0200: 4,628: Total time for which application threads were stopped: 0,0001696 seconds, Stopping threads took: 0,0000424 seconds
2017-05-15T18:06:49.305+0200: 4,628: Total time for which application threads were stopped: 0,0000937 seconds, Stopping threads took: 0,0000129 seconds
2017-05-15T18:06:49.305+0200: 4,628: Total time for which application threads were stopped: 0,0000870 seconds, Stopping threads took: 0,0000112 seconds
2017-05-15T18:06:49.305+0200: 4,628: Total time for which application threads were stopped: 0,0000739 seconds, Stopping threads took: 0,0000088 seconds
2017-05-15T18:06:49.305+0200: 4,628: Total time for which application threads were stopped: 0,0000655 seconds, Stopping threads took: 0,0000057 seconds
2017-05-15T18:06:49.305+0200: 4,628: Total time for which application threads were stopped: 0,0000632 seconds, Stopping threads took: 0,0000057 seconds
2017-05-15T18:06:49.306+0200: 4,629: Total time for which application threads were stopped: 0,0000737 seconds, Stopping threads took: 0,0000099 seconds
2017-05-15T18:06:49.306+0200: 4,629: Total time for which application threads were stopped: 0,0000660 seconds, Stopping threads took: 0,0000057 seconds
2017-05-15T18:06:49.308+0200: 4,631: Total time for which application threads were stopped: 0,0001867 seconds, Stopping threads took: 0,0000627 seconds
2017-05-15T18:06:49.308+0200: 4,631: Total time for which application threads were stopped: 0,0000888 seconds, Stopping threads took: 0,0000077 seconds
2017-05-15T18:06:49.308+0200: 4,631: Total time for which application threads were stopped: 0,0000771 seconds, Stopping threads took: 0,0000067 seconds
2017-05-15T18:06:49.308+0200: 4,631: Total time for which application threads were stopped: 0,0000842 seconds, Stopping threads took: 0,0000105 seconds
2017-05-15T18:06:49.308+0200: 4,631: Total time for which application threads were stopped: 0,0000681 seconds, Stopping threads took: 0,0000056 seconds
2017-05-15T18:06:49.309+0200: 4,631: Total time for which application threads were stopped: 0,0000708 seconds, Stopping threads took: 0,0000065 seconds
2017-05-15T18:06:49.309+0200: 4,632: Total time for which application threads were stopped: 0,0000674 seconds, Stopping threads took: 0,0000061 seconds
2017-05-15T18:06:49.309+0200: 4,632: Total time for which application threads were stopped: 0,0000644 seconds, Stopping threads took: 0,0000053 seconds
2017-05-15T18:06:49.309+0200: 4,632: Total time for which application threads were stopped: 0,0000714 seconds, Stopping threads took: 0,0000068 seconds
2017-05-15T18:06:49.309+0200: 4,632: Total time for which application threads were stopped: 0,0000620 seconds, Stopping threads took: 0,0000053 seconds
2017-05-15T18:06:49.309+0200: 4,632: Total time for which application threads were stopped: 0,0000679 seconds, Stopping threads took: 0,0000092 seconds
2017-05-15T18:06:49.309+0200: 4,632: Total time for which application threads were stopped: 0,0000646 seconds, Stopping threads took: 0,0000074 seconds
2017-05-15T18:06:49.309+0200: 4,632: Total time for which application threads were stopped: 0,0001984 seconds, Stopping threads took: 0,0000071 seconds
2017-05-15T18:06:49.330+0200: 4,653: Total time for which application threads were stopped: 0,0001482 seconds, Stopping threads took: 0,0000555 seconds
2017-05-15T18:06:49.366+0200: 4,689: Total time for which application threads were stopped: 0,0099172 seconds, Stopping threads took: 0,0097745 seconds
2017-05-15T18:06:49.367+0200: 4,690: Total time for which application threads were stopped: 0,0005772 seconds, Stopping threads took: 0,0004769 seconds
2017-05-15T18:06:49.369+0200: 4,692: Total time for which application threads were stopped: 0,0001208 seconds, Stopping threads took: 0,0000268 seconds
2017-05-15T18:06:49.395+0200: 4,718: Total time for which application threads were stopped: 0,0002057 seconds, Stopping threads took: 0,0000290 seconds
2017-05-15T18:06:49.401+0200: 4,724: Total time for which application threads were stopped: 0,0001481 seconds, Stopping threads took: 0,0000366 seconds
2017-05-15T18:06:49.402+0200: 4,725: Total time for which application threads were stopped: 0,0001747 seconds, Stopping threads took: 0,0000712 seconds
2017-05-15T18:06:49.431+0200: 4,754: Total time for which application threads were stopped: 0,0001227 seconds, Stopping threads took: 0,0000576 seconds
2017-05-15T18:06:49.436+0200: 4,759: Total time for which application threads were stopped: 0,0000780 seconds, Stopping threads took: 0,0000232 seconds
2017-05-15T18:06:49.438+0200: 4,761: Total time for which application threads were stopped: 0,0002158 seconds, Stopping threads took: 0,0001404 seconds
2017-05-15T18:06:49.446+0200: 4,769: Total time for which application threads were stopped: 0,0001284 seconds, Stopping threads took: 0,0000653 seconds
2017-05-15T18:06:49.447+0200: 4,770: Total time for which application threads were stopped: 0,0004660 seconds, Stopping threads took: 0,0000178 seconds
2017-05-15T18:06:49.493+0200: 4,816: Total time for which application threads were stopped: 0,0004208 seconds, Stopping threads took: 0,0000446 seconds
2017-05-15T18:06:49.506+0200: 4,829: Total time for which application threads were stopped: 0,0005070 seconds, Stopping threads took: 0,0000250 seconds
2017-05-15T18:06:49.556+0200: 4,879: Total time for which application threads were stopped: 0,0001675 seconds, Stopping threads took: 0,0000695 seconds
2017-05-15T18:06:49.570+0200: 4,893: Total time for which application threads were stopped: 0,0004187 seconds, Stopping threads took: 0,0000447 seconds
2017-05-15T18:06:49.572+0200: 4,895: Total time for which application threads were stopped: 0,0000917 seconds, Stopping threads took: 0,0000353 seconds
2017-05-15T18:06:49.572+0200: 4,895: Total time for which application threads were stopped: 0,0000713 seconds, Stopping threads took: 0,0000211 seconds
2017-05-15T18:06:49.572+0200: 4,895: Total time for which application threads were stopped: 0,0000512 seconds, Stopping threads took: 0,0000121 seconds
2017-05-15T18:06:49.576+0200: 4,899: Total time for which application threads were stopped: 0,0000991 seconds, Stopping threads took: 0,0000392 seconds
2017-05-15T18:06:49.584+0200: 4,907: Total time for which application threads were stopped: 0,0000877 seconds, Stopping threads took: 0,0000193 seconds
2017-05-15T18:06:49.590+0200: 4,913: Total time for which application threads were stopped: 0,0024809 seconds, Stopping threads took: 0,0024200 seconds
2017-05-15T18:06:49.596+0200: 4,919: Total time for which application threads were stopped: 0,0019649 seconds, Stopping threads took: 0,0018625 seconds
2017-05-15T18:06:49.599+0200: 4,922: Total time for which application threads were stopped: 0,0001829 seconds, Stopping threads took: 0,0000376 seconds
2017-05-15T18:06:49.602+0200: 4,925: Total time for which application threads were stopped: 0,0017919 seconds, Stopping threads took: 0,0017236 seconds
2017-05-15T18:06:49.610+0200: 4,933: Total time for which application threads were stopped: 0,0001290 seconds, Stopping threads took: 0,0000442 seconds
2017-05-15T18:06:49.611+0200: 4,934: Total time for which application threads were stopped: 0,0001268 seconds, Stopping threads took: 0,0000374 seconds
2017-05-15T18:06:49.612+0200: 4,935: Total time for which application threads were stopped: 0,0001163 seconds, Stopping threads took: 0,0000212 seconds
2017-05-15T18:06:49.612+0200: 4,935: Total time for which application threads were stopped: 0,0001319 seconds, Stopping threads took: 0,0000546 seconds
2017-05-15T18:06:49.615+0200: 4,938: Total time for which application threads were stopped: 0,0000938 seconds, Stopping threads took: 0,0000214 seconds
2017-05-15T18:06:49.619+0200: 4,941: Total time for which application threads were stopped: 0,0001105 seconds, Stopping threads took: 0,0000355 seconds
2017-05-15T18:06:49.622+0200: 4,944: Total time for which application threads were stopped: 0,0000880 seconds, Stopping threads took: 0,0000189 seconds
2017-05-15T18:06:49.626+0200: 4,949: Total time for which application threads were stopped: 0,0034314 seconds, Stopping threads took: 0,0033506 seconds
2017-05-15T18:06:49.632+0200: 4,955: Total time for which application threads were stopped: 0,0001133 seconds, Stopping threads took: 0,0000456 seconds
2017-05-15T18:06:49.640+0200: 4,963: Total time for which application threads were stopped: 0,0001967 seconds, Stopping threads took: 0,0001280 seconds
2017-05-15T18:06:49.648+0200: 4,971: Total time for which application threads were stopped: 0,0001586 seconds, Stopping threads took: 0,0000959 seconds
2017-05-15T18:06:49.653+0200: 4,976: Total time for which application threads were stopped: 0,0001295 seconds, Stopping threads took: 0,0000627 seconds
2017-05-15T18:06:49.667+0200: 4,990: Total time for which application threads were stopped: 0,0001498 seconds, Stopping threads took: 0,0000622 seconds
2017-05-15T18:06:49.686+0200: 5,009: Total time for which application threads were stopped: 0,0001009 seconds, Stopping threads took: 0,0000327 seconds
2017-05-15T18:06:49.687+0200: 5,010: Total time for which application threads were stopped: 0,0003627 seconds, Stopping threads took: 0,0000134 seconds
2017-05-15T18:06:49.687+0200: 5,010: Total time for which application threads were stopped: 0,0000831 seconds, Stopping threads took: 0,0000252 seconds
2017-05-15T18:06:49.691+0200: 5,014: Total time for which application threads were stopped: 0,0001329 seconds, Stopping threads took: 0,0000459 seconds
2017-05-15T18:06:50.692+0200: 6,014: Total time for which application threads were stopped: 0,0000826 seconds, Stopping threads took: 0,0000174 seconds
2017-05-15T18:07:16.695+0200: 32,018: Total time for which application threads were stopped: 0,0000607 seconds, Stopping threads took: 0,0000146 seconds
2017-05-15T18:08:42.704+0200: 118,027: Total time for which application threads were stopped: 0,0000767 seconds, Stopping threads took: 0,0000305 seconds
2017-05-15T18:08:47.705+0200: 123,028: Total time for which application threads were stopped: 0,0000716 seconds, Stopping threads took: 0,0000183 seconds
{Heap before GC invocations=9 (full 1):
 par new generation   total 109248K, used 94464K [0x00000000e0000000, 0x00000000e8000000, 0x00000000e8000000)
  eden space 87424K, 100% used [0x00000000e0000000, 0x00000000e5560000, 0x00000000e5560000)
  from space 21824K,  32% used [0x00000000e6ab0000, 0x00000000e7190050, 0x00000000e8000000)
  to   space 21824K,   0% used [0x00000000e5560000, 0x00000000e5560000, 0x00000000e6ab0000)
 concurrent mark-sweep generation total 393216K, used 6641K [0x00000000e8000000, 0x0000000100000000, 0x0000000100000000)
 Metaspace       used 28038K, capacity 28556K, committed 28796K, reserved 1075200K
  class space    used 3212K, capacity 3390K, committed 3452K, reserved 1048576K
2017-05-15T18:09:40.872+0200: 176,195: [GC (Allocation Failure) 2017-05-15T18:09:40.872+0200: 176,195: [ParNew
Desired survivor size 20112992 bytes, new threshold 8 (max 8)
- age   1:   10735408 bytes,   10735408 total
- age   2:     216752 bytes,   10952160 total
- age   3:     262736 bytes,   11214896 total
- age   4:    1789728 bytes,   13004624 total
- age   5:      64528 bytes,   13069152 total
- age   7:     106856 bytes,   13176008 total
- age   8:     187984 bytes,   13363992 total
: 94464K->14643K(109248K), 0,0607311 secs] 101106K->22016K(502464K), 0,0608901 secs] [Times: user=0,06 sys=0,00, real=0,06 secs] 
Heap after GC invocations=10 (full 1):
 par new generation   total 109248K, used 14643K [0x00000000e0000000, 0x00000000e8000000, 0x00000000e8000000)
  eden space 87424K,   0% used [0x00000000e0000000, 0x00000000e0000000, 0x00000000e5560000)
  from space 21824K,  67% used [0x00000000e5560000, 0x00000000e63acc00, 0x00000000e6ab0000)
  to   space 21824K,   0% used [0x00000000e6ab0000, 0x00000000e6ab0000, 0x00000000e8000000)
 concurrent mark-sweep generation total 393216K, used 7373K [0x00000000e8000000, 0x0000000100000000, 0x0000000100000000)
 Metaspace       used 28038K, capacity 28556K, committed 28796K, reserved 1075200K
  class space    used 3212K, capacity 3390K, committed 3452K, reserved 1048576K
}
2017-05-15T18:09:40.933+0200: 176,256: Total time for which application threads were stopped: 0,0611346 seconds, Stopping threads took: 0,0000631 seconds
2017-05-15T18:09:40.946+0200: 176,269: Total time for which application threads were stopped: 0,0000923 seconds, Stopping threads took: 0,0000244 seconds
2017-05-15T18:09:40.946+0200: 176,269: Total time for which application threads were stopped: 0,0000514 seconds, Stopping threads took: 0,0000150 seconds
2017-05-15T18:09:45.947+0200: 181,270: Total time for which application threads were stopped: 0,0004572 seconds, Stopping threads took: 0,0000941 seconds
2017-05-15T18:11:20.958+0200: 276,281: Total time for which application threads were stopped: 0,0001016 seconds, Stopping threads took: 0,0000435 seconds
2017-05-15T18:11:31.960+0200: 287,282: Total time for which application threads were stopped: 0,0000686 seconds, Stopping threads took: 0,0000168 seconds
2017-05-15T18:17:26.995+0200: 642,318: Total time for which application threads were stopped: 0,0000831 seconds, Stopping threads took: 0,0000321 seconds
2017-05-15T18:22:47.029+0200: 962,352: Total time for which application threads were stopped: 0,0007413 seconds, Stopping threads took: 0,0002460 seconds
2017-05-15T18:30:11.074+0200: 1406,397: Total time for which application threads were stopped: 0,0000764 seconds, Stopping threads took: 0,0000289 seconds
2017-05-15T18:34:16.098+0200: 1651,421: Total time for which application threads were stopped: 0,0001904 seconds, Stopping threads took: 0,0000353 seconds
2017-05-15T18:34:26.099+0200: 1661,422: Total time for which application threads were stopped: 0,0000765 seconds, Stopping threads took: 0,0000298 seconds
2017-05-15T18:45:06.163+0200: 2301,486: Total time for which application threads were stopped: 0,0004878 seconds, Stopping threads took: 0,0001675 seconds
2017-05-15T18:45:07.163+0200: 2302,486: Total time for which application threads were stopped: 0,0000795 seconds, Stopping threads took: 0,0000182 seconds
2017-05-15T19:00:02.253+0200: 3197,576: Total time for which application threads were stopped: 0,0004352 seconds, Stopping threads took: 0,0001933 seconds
2017-05-15T19:12:47.345+0200: 3962,668: Total time for which application threads were stopped: 0,0001434 seconds, Stopping threads took: 0,0000528 seconds
2017-05-15T19:14:11.358+0200: 4046,681: Total time for which application threads were stopped: 0,0001776 seconds, Stopping threads took: 0,0000659 seconds
2017-05-15T19:14:16.359+0200: 4051,682: Total time for which application threads were stopped: 0,0001335 seconds, Stopping threads took: 0,0000290 seconds
2017-05-15T19:25:12.464+0200: 4707,787: Total time for which application threads were stopped: 0,0001644 seconds, Stopping threads took: 0,0000635 seconds
2017-05-15T19:25:17.465+0200: 4712,788: Total time for which application threads were stopped: 0,0000690 seconds, Stopping threads took: 0,0000152 seconds
2017-05-15T19:51:07.699+0200: 6263,022: Total time for which application threads were stopped: 0,0000783 seconds, Stopping threads took: 0,0000320 seconds
2017-05-15T20:06:16.797+0200: 7172,120: Total time for which application threads were stopped: 0,0000789 seconds, Stopping threads took: 0,0000314 seconds
2017-05-15T20:08:46.814+0200: 7322,137: Total time for which application threads were stopped: 0,0000771 seconds, Stopping threads took: 0,0000293 seconds
2017-05-15T20:14:46.852+0200: 7682,175: Total time for which application threads were stopped: 0,0000763 seconds, Stopping threads took: 0,0000317 seconds
2017-05-15T20:15:16.856+0200: 7712,179: Total time for which application threads were stopped: 0,0001188 seconds, Stopping threads took: 0,0000537 seconds
2017-05-15T20:18:46.876+0200: 7922,199: Total time for which application threads were stopped: 0,0000895 seconds, Stopping threads took: 0,0000299 seconds
2017-05-15T22:22:46.666+0200: 15361,989: Total time for which application threads were stopped: 0,0000888 seconds, Stopping threads took: 0,0000305 seconds
2017-05-15T22:24:46.681+0200: 15482,004: Total time for which application threads were stopped: 0,0000795 seconds, Stopping threads took: 0,0000305 seconds
2017-05-16T00:31:14.198+0200: 23069,521: Total time for which application threads were stopped: 0,0120063 seconds, Stopping threads took: 0,0119073 seconds
2017-05-16T00:31:14.199+0200: 23069,522: Total time for which application threads were stopped: 0,0001021 seconds, Stopping threads took: 0,0000310 seconds
2017-05-16T00:31:14.200+0200: 23069,523: Total time for which application threads were stopped: 0,0002167 seconds, Stopping threads took: 0,0001461 seconds
2017-05-16T00:31:14.201+0200: 23069,524: Total time for which application threads were stopped: 0,0000929 seconds, Stopping threads took: 0,0000275 seconds
2017-05-16T00:31:14.201+0200: 23069,524: Total time for which application threads were stopped: 0,0000887 seconds, Stopping threads took: 0,0000220 seconds
2017-05-16T00:31:14.201+0200: 23069,524: Total time for which application threads were stopped: 0,0000704 seconds, Stopping threads took: 0,0000194 seconds
2017-05-16T00:31:14.201+0200: 23069,524: Total time for which application threads were stopped: 0,0000801 seconds, Stopping threads took: 0,0000201 seconds
2017-05-16T00:31:14.202+0200: 23069,525: Total time for which application threads were stopped: 0,0000867 seconds, Stopping threads took: 0,0000279 seconds
2017-05-16T00:31:14.202+0200: 23069,525: Total time for which application threads were stopped: 0,0000630 seconds, Stopping threads took: 0,0000152 seconds
2017-05-16T00:31:14.202+0200: 23069,525: Total time for which application threads were stopped: 0,0000596 seconds, Stopping threads took: 0,0000165 seconds
2017-05-16T00:31:14.207+0200: 23069,530: Total time for which application threads were stopped: 0,0001125 seconds, Stopping threads took: 0,0000246 seconds
2017-05-16T00:31:14.207+0200: 23069,530: Total time for which application threads were stopped: 0,0000856 seconds, Stopping threads took: 0,0000228 seconds
2017-05-16T00:31:14.207+0200: 23069,530: Total time for which application threads were stopped: 0,0000731 seconds, Stopping threads took: 0,0000225 seconds
2017-05-16T00:31:14.213+0200: 23069,536: Total time for which application threads were stopped: 0,0002766 seconds, Stopping threads took: 0,0001978 seconds
2017-05-16T00:31:14.213+0200: 23069,536: Total time for which application threads were stopped: 0,0000961 seconds, Stopping threads took: 0,0000507 seconds
2017-05-16T00:31:14.215+0200: 23069,537: Total time for which application threads were stopped: 0,0000907 seconds, Stopping threads took: 0,0000161 seconds
2017-05-16T00:31:14.215+0200: 23069,538: Total time for which application threads were stopped: 0,0000559 seconds, Stopping threads took: 0,0000142 seconds
2017-05-16T00:31:14.215+0200: 23069,538: Total time for which application threads were stopped: 0,0000468 seconds, Stopping threads took: 0,0000125 seconds
2017-05-16T00:31:14.215+0200: 23069,538: Total time for which application threads were stopped: 0,0000510 seconds, Stopping threads took: 0,0000146 seconds
2017-05-16T00:31:14.215+0200: 23069,538: Total time for which application threads were stopped: 0,0000424 seconds, Stopping threads took: 0,0000125 seconds
2017-05-16T00:31:14.215+0200: 23069,538: Total time for which application threads were stopped: 0,0000501 seconds, Stopping threads took: 0,0000177 seconds
2017-05-16T00:31:14.215+0200: 23069,538: Total time for which application threads were stopped: 0,0000726 seconds, Stopping threads took: 0,0000058 seconds
2017-05-16T00:31:14.215+0200: 23069,538: Total time for which application threads were stopped: 0,0000470 seconds, Stopping threads took: 0,0000133 seconds
2017-05-16T00:31:14.215+0200: 23069,538: Total time for which application threads were stopped: 0,0000619 seconds, Stopping threads took: 0,0000197 seconds
2017-05-16T00:31:14.218+0200: 23069,541: Total time for which application threads were stopped: 0,0001171 seconds, Stopping threads took: 0,0000412 seconds
2017-05-16T00:31:14.218+0200: 23069,541: Total time for which application threads were stopped: 0,0000405 seconds, Stopping threads took: 0,0000069 seconds
2017-05-16T00:31:14.218+0200: 23069,541: Total time for which application threads were stopped: 0,0000480 seconds, Stopping threads took: 0,0000179 seconds
2017-05-16T00:31:14.218+0200: 23069,541: Total time for which application threads were stopped: 0,0000465 seconds, Stopping threads took: 0,0000085 seconds
2017-05-16T00:31:14.224+0200: 23069,547: Total time for which application threads were stopped: 0,0021313 seconds, Stopping threads took: 0,0020354 seconds
2017-05-16T00:31:14.225+0200: 23069,548: Total time for which application threads were stopped: 0,0000954 seconds, Stopping threads took: 0,0000229 seconds
2017-05-16T00:31:14.225+0200: 23069,548: Total time for which application threads were stopped: 0,0000493 seconds, Stopping threads took: 0,0000136 seconds
2017-05-16T00:31:14.225+0200: 23069,548: Total time for which application threads were stopped: 0,0000447 seconds, Stopping threads took: 0,0000110 seconds
2017-05-16T00:31:14.225+0200: 23069,548: Total time for which application threads were stopped: 0,0000425 seconds, Stopping threads took: 0,0000114 seconds
2017-05-16T00:31:14.233+0200: 23069,556: Total time for which application threads were stopped: 0,0000913 seconds, Stopping threads took: 0,0000305 seconds
2017-05-16T00:31:14.233+0200: 23069,556: Total time for which application threads were stopped: 0,0000453 seconds, Stopping threads took: 0,0000122 seconds
2017-05-16T00:31:14.233+0200: 23069,556: Total time for which application threads were stopped: 0,0000420 seconds, Stopping threads took: 0,0000108 seconds
2017-05-16T00:31:14.234+0200: 23069,556: Total time for which application threads were stopped: 0,0000421 seconds, Stopping threads took: 0,0000113 seconds
2017-05-16T00:31:14.234+0200: 23069,557: Total time for which application threads were stopped: 0,0000414 seconds, Stopping threads took: 0,0000107 seconds
2017-05-16T00:31:14.234+0200: 23069,557: Total time for which application threads were stopped: 0,0000418 seconds, Stopping threads took: 0,0000110 seconds
2017-05-16T00:31:14.234+0200: 23069,557: Total time for which application threads were stopped: 0,0000418 seconds, Stopping threads took: 0,0000110 seconds
2017-05-16T00:31:14.234+0200: 23069,557: Total time for which application threads were stopped: 0,0000414 seconds, Stopping threads took: 0,0000110 seconds
2017-05-16T00:31:14.234+0200: 23069,557: Total time for which application threads were stopped: 0,0000410 seconds, Stopping threads took: 0,0000109 seconds
2017-05-16T00:31:14.234+0200: 23069,557: Total time for which application threads were stopped: 0,0000410 seconds, Stopping threads took: 0,0000109 seconds
2017-05-16T00:31:14.237+0200: 23069,560: Total time for which application threads were stopped: 0,0000883 seconds, Stopping threads took: 0,0000248 seconds
2017-05-16T00:31:14.237+0200: 23069,560: Total time for which application threads were stopped: 0,0000474 seconds, Stopping threads took: 0,0000130 seconds
2017-05-16T00:31:14.241+0200: 23069,564: Total time for which application threads were stopped: 0,0001013 seconds, Stopping threads took: 0,0000288 seconds
2017-05-16T00:31:14.241+0200: 23069,564: Total time for which application threads were stopped: 0,0000633 seconds, Stopping threads took: 0,0000177 seconds
2017-05-16T00:31:14.242+0200: 23069,565: Total time for which application threads were stopped: 0,0000531 seconds, Stopping threads took: 0,0000154 seconds
2017-05-16T00:31:14.243+0200: 23069,566: Total time for which application threads were stopped: 0,0000831 seconds, Stopping threads took: 0,0000214 seconds
2017-05-16T00:31:14.243+0200: 23069,566: Total time for which application threads were stopped: 0,0000468 seconds, Stopping threads took: 0,0000139 seconds
2017-05-16T00:31:14.243+0200: 23069,566: Total time for which application threads were stopped: 0,0000452 seconds, Stopping threads took: 0,0000118 seconds
2017-05-16T00:31:14.243+0200: 23069,566: Total time for which application threads were stopped: 0,0000410 seconds, Stopping threads took: 0,0000109 seconds
2017-05-16T00:31:14.244+0200: 23069,567: Total time for which application threads were stopped: 0,0000899 seconds, Stopping threads took: 0,0000248 seconds
2017-05-16T00:31:14.245+0200: 23069,568: Total time for which application threads were stopped: 0,0000845 seconds, Stopping threads took: 0,0000242 seconds
2017-05-16T00:31:14.245+0200: 23069,568: Total time for which application threads were stopped: 0,0000482 seconds, Stopping threads took: 0,0000149 seconds
2017-05-16T00:31:14.246+0200: 23069,568: Total time for which application threads were stopped: 0,0000470 seconds, Stopping threads took: 0,0000137 seconds
2017-05-16T00:31:14.246+0200: 23069,569: Total time for which application threads were stopped: 0,0000483 seconds, Stopping threads took: 0,0000168 seconds
2017-05-16T00:31:14.246+0200: 23069,569: Total time for which application threads were stopped: 0,0000409 seconds, Stopping threads took: 0,0000109 seconds
2017-05-16T00:31:14.246+0200: 23069,569: Total time for which application threads were stopped: 0,0000407 seconds, Stopping threads took: 0,0000108 seconds
2017-05-16T00:31:14.246+0200: 23069,569: Total time for which application threads were stopped: 0,0000593 seconds, Stopping threads took: 0,0000169 seconds
2017-05-16T00:31:14.247+0200: 23069,570: Total time for which application threads were stopped: 0,0000878 seconds, Stopping threads took: 0,0000238 seconds
2017-05-16T00:31:14.247+0200: 23069,570: Total time for which application threads were stopped: 0,0000404 seconds, Stopping threads took: 0,0000074 seconds
2017-05-16T00:31:14.247+0200: 23069,570: Total time for which application threads were stopped: 0,0000419 seconds, Stopping threads took: 0,0000117 seconds
2017-05-16T00:31:14.247+0200: 23069,570: Total time for which application threads were stopped: 0,0000408 seconds, Stopping threads took: 0,0000115 seconds
2017-05-16T00:31:14.248+0200: 23069,571: Total time for which application threads were stopped: 0,0000737 seconds, Stopping threads took: 0,0000230 seconds
2017-05-16T00:31:14.248+0200: 23069,571: Total time for which application threads were stopped: 0,0000813 seconds, Stopping threads took: 0,0000212 seconds
2017-05-16T00:31:14.249+0200: 23069,571: Total time for which application threads were stopped: 0,0000423 seconds, Stopping threads took: 0,0000059 seconds
2017-05-16T00:31:14.249+0200: 23069,572: Total time for which application threads were stopped: 0,0001802 seconds, Stopping threads took: 0,0000144 seconds
2017-05-16T00:31:14.250+0200: 23069,573: Total time for which application threads were stopped: 0,0001076 seconds, Stopping threads took: 0,0000306 seconds
2017-05-16T00:31:14.250+0200: 23069,573: Total time for which application threads were stopped: 0,0000574 seconds, Stopping threads took: 0,0000166 seconds
2017-05-16T00:31:14.250+0200: 23069,573: Total time for which application threads were stopped: 0,0000478 seconds, Stopping threads took: 0,0000142 seconds
2017-05-16T00:31:14.250+0200: 23069,573: Total time for which application threads were stopped: 0,0000480 seconds, Stopping threads took: 0,0000151 seconds
2017-05-16T00:31:14.250+0200: 23069,573: Total time for which application threads were stopped: 0,0000475 seconds, Stopping threads took: 0,0000142 seconds
2017-05-16T00:31:14.250+0200: 23069,573: Total time for which application threads were stopped: 0,0000471 seconds, Stopping threads took: 0,0000137 seconds
2017-05-16T00:31:14.250+0200: 23069,573: Total time for which application threads were stopped: 0,0000578 seconds, Stopping threads took: 0,0000186 seconds
2017-05-16T00:31:14.250+0200: 23069,573: Total time for which application threads were stopped: 0,0000484 seconds, Stopping threads took: 0,0000150 seconds
2017-05-16T00:31:14.251+0200: 23069,574: Total time for which application threads were stopped: 0,0000441 seconds, Stopping threads took: 0,0000147 seconds
2017-05-16T00:31:14.251+0200: 23069,574: Total time for which application threads were stopped: 0,0000458 seconds, Stopping threads took: 0,0000154 seconds
2017-05-16T00:31:14.251+0200: 23069,574: Total time for which application threads were stopped: 0,0000437 seconds, Stopping threads took: 0,0000134 seconds
2017-05-16T00:31:14.253+0200: 23069,576: Total time for which application threads were stopped: 0,0001364 seconds, Stopping threads took: 0,0000305 seconds
2017-05-16T00:31:14.256+0200: 23069,579: Total time for which application threads were stopped: 0,0000963 seconds, Stopping threads took: 0,0000247 seconds
2017-05-16T00:31:14.256+0200: 23069,579: Total time for which application threads were stopped: 0,0000464 seconds, Stopping threads took: 0,0000132 seconds
2017-05-16T00:31:14.256+0200: 23069,579: Total time for which application threads were stopped: 0,0000384 seconds, Stopping threads took: 0,0000116 seconds
2017-05-16T00:31:14.256+0200: 23069,579: Total time for which application threads were stopped: 0,0000381 seconds, Stopping threads took: 0,0000109 seconds
2017-05-16T00:31:14.258+0200: 23069,581: Total time for which application threads were stopped: 0,0001236 seconds, Stopping threads took: 0,0000308 seconds
2017-05-16T00:31:14.258+0200: 23069,581: Total time for which application threads were stopped: 0,0000785 seconds, Stopping threads took: 0,0000156 seconds
Heap
 par new generation   total 109248K, used 32964K [0x00000000e0000000, 0x00000000e8000000, 0x00000000e8000000)
  eden space 87424K,  20% used [0x00000000e0000000, 0x00000000e11e4790, 0x00000000e5560000)
  from space 21824K,  67% used [0x00000000e5560000, 0x00000000e63acc00, 0x00000000e6ab0000)
  to   space 21824K,   0% used [0x00000000e6ab0000, 0x00000000e6ab0000, 0x00000000e8000000)
 concurrent mark-sweep generation total 393216K, used 7373K [0x00000000e8000000, 0x0000000100000000, 0x0000000100000000)
 Metaspace       used 28203K, capacity 28788K, committed 29052K, reserved 1075200K
  class space    used 3227K, capacity 3424K, committed 3452K, reserved 1048576K
