OpenJDK 64-Bit Server VM (25.131-b11) for linux-amd64 JRE (1.8.0_131-8u131-b11-2ubuntu1.16.04.3-b11), built on Jul 28 2017 01:23:32 by "buildd" with gcc 5.4.0 20160609
Memory: 4k page, physical 7867732k(7532208k free), swap 8076284k(8076284k free)
CommandLine flags: -XX:CMSInitiatingOccupancyFraction=50 -XX:CMSMaxAbortablePrecleanTime=6000 -XX:+CMSParallelRemarkEnabled -XX:+CMSScavengeBeforeRemark -XX:ConcGCThreads=4 -XX:InitialHeapSize=536870912 -XX:MaxHeapSize=536870912 -XX:MaxTenuringThreshold=8 -XX:NewRatio=3 -XX:OldPLABSize=16 -XX:OnOutOfMemoryError=/opt/solr/bin/oom_solr.sh 8983 /var/solr/logs -XX:ParallelGCThreads=4 -XX:+ParallelRefProcEnabled -XX:PretenureSizeThreshold=67108864 -XX:+PrintGC -XX:+PrintGCApplicationStoppedTime -XX:+PrintGCDateStamps -XX:+PrintGCDetails -XX:+PrintGCTimeStamps -XX:+PrintHeapAtGC -XX:+PrintTenuringDistribution -XX:SurvivorRatio=4 -XX:TargetSurvivorRatio=90 -XX:ThreadStackSize=256 -XX:+UseCMSInitiatingOccupancyOnly -XX:+UseCompressedClassPointers -XX:+UseCompressedOops -XX:+UseConcMarkSweepGC -XX:+UseParNewGC 
2017-09-06T01:19:19.475+0200: 0,187: Total time for which application threads were stopped: 0,0002235 seconds, Stopping threads took: 0,0000104 seconds
2017-09-06T01:19:19.578+0200: 0,290: Total time for which application threads were stopped: 0,0001635 seconds, Stopping threads took: 0,0000237 seconds
2017-09-06T01:19:19.603+0200: 0,315: Total time for which application threads were stopped: 0,0000879 seconds, Stopping threads took: 0,0000093 seconds
2017-09-06T01:19:19.912+0200: 0,624: Total time for which application threads were stopped: 0,0001616 seconds, Stopping threads took: 0,0000207 seconds
2017-09-06T01:19:20.452+0200: 1,164: Total time for which application threads were stopped: 0,0001601 seconds, Stopping threads took: 0,0000198 seconds
2017-09-06T01:19:20.521+0200: 1,233: Total time for which application threads were stopped: 0,0006128 seconds, Stopping threads took: 0,0000163 seconds
2017-09-06T01:19:20.541+0200: 1,254: Total time for which application threads were stopped: 0,0002005 seconds, Stopping threads took: 0,0000452 seconds
2017-09-06T01:19:20.813+0200: 1,526: Total time for which application threads were stopped: 0,0002050 seconds, Stopping threads took: 0,0000181 seconds
2017-09-06T01:19:21.078+0200: 1,791: Total time for which application threads were stopped: 0,0002223 seconds, Stopping threads took: 0,0000195 seconds
2017-09-06T01:19:21.106+0200: 1,818: Total time for which application threads were stopped: 0,0016147 seconds, Stopping threads took: 0,0001400 seconds
2017-09-06T01:19:21.145+0200: 1,858: Total time for which application threads were stopped: 0,0002047 seconds, Stopping threads took: 0,0000210 seconds
2017-09-06T01:19:21.146+0200: 1,859: Total time for which application threads were stopped: 0,0001727 seconds, Stopping threads took: 0,0000179 seconds
2017-09-06T01:19:21.165+0200: 1,877: Total time for which application threads were stopped: 0,0001756 seconds, Stopping threads took: 0,0000174 seconds
2017-09-06T01:19:21.263+0200: 1,976: Total time for which application threads were stopped: 0,0002220 seconds, Stopping threads took: 0,0000214 seconds
2017-09-06T01:19:21.449+0200: 2,162: Total time for which application threads were stopped: 0,0002617 seconds, Stopping threads took: 0,0000167 seconds
{Heap before GC invocations=0 (full 0):
 par new generation   total 109248K, used 87424K [0x00000000e0000000, 0x00000000e8000000, 0x00000000e8000000)
  eden space 87424K, 100% used [0x00000000e0000000, 0x00000000e5560000, 0x00000000e5560000)
  from space 21824K,   0% used [0x00000000e5560000, 0x00000000e5560000, 0x00000000e6ab0000)
  to   space 21824K,   0% used [0x00000000e6ab0000, 0x00000000e6ab0000, 0x00000000e8000000)
 concurrent mark-sweep generation total 393216K, used 0K [0x00000000e8000000, 0x0000000100000000, 0x0000000100000000)
 Metaspace       used 17794K, capacity 18112K, committed 18304K, reserved 1064960K
  class space    used 2020K, capacity 2164K, committed 2176K, reserved 1048576K
2017-09-06T01:19:21.471+0200: 2,183: [GC (Allocation Failure) 2017-09-06T01:19:21.471+0200: 2,183: [ParNew
Desired survivor size 20112992 bytes, new threshold 8 (max 8)
- age   1:   11456728 bytes,   11456728 total
: 87424K->11303K(109248K), 0,0148261 secs] 87424K->11303K(502464K), 0,0149245 secs] [Times: user=0,06 sys=0,00, real=0,02 secs] 
Heap after GC invocations=1 (full 0):
 par new generation   total 109248K, used 11303K [0x00000000e0000000, 0x00000000e8000000, 0x00000000e8000000)
  eden space 87424K,   0% used [0x00000000e0000000, 0x00000000e0000000, 0x00000000e5560000)
  from space 21824K,  51% used [0x00000000e6ab0000, 0x00000000e75b9d00, 0x00000000e8000000)
  to   space 21824K,   0% used [0x00000000e5560000, 0x00000000e5560000, 0x00000000e6ab0000)
 concurrent mark-sweep generation total 393216K, used 0K [0x00000000e8000000, 0x0000000100000000, 0x0000000100000000)
 Metaspace       used 17794K, capacity 18112K, committed 18304K, reserved 1064960K
  class space    used 2020K, capacity 2164K, committed 2176K, reserved 1048576K
}
2017-09-06T01:19:21.486+0200: 2,198: Total time for which application threads were stopped: 0,0151845 seconds, Stopping threads took: 0,0000728 seconds
2017-09-06T01:19:21.890+0200: 2,602: Total time for which application threads were stopped: 0,0003106 seconds, Stopping threads took: 0,0000205 seconds
{Heap before GC invocations=1 (full 0):
 par new generation   total 109248K, used 98727K [0x00000000e0000000, 0x00000000e8000000, 0x00000000e8000000)
  eden space 87424K, 100% used [0x00000000e0000000, 0x00000000e5560000, 0x00000000e5560000)
  from space 21824K,  51% used [0x00000000e6ab0000, 0x00000000e75b9d00, 0x00000000e8000000)
  to   space 21824K,   0% used [0x00000000e5560000, 0x00000000e5560000, 0x00000000e6ab0000)
 concurrent mark-sweep generation total 393216K, used 0K [0x00000000e8000000, 0x0000000100000000, 0x0000000100000000)
 Metaspace       used 20034K, capacity 20364K, committed 20736K, reserved 1067008K
  class space    used 2294K, capacity 2468K, committed 2560K, reserved 1048576K
2017-09-06T01:19:21.922+0200: 2,634: [GC (Allocation Failure) 2017-09-06T01:19:21.922+0200: 2,634: [ParNew
Desired survivor size 20112992 bytes, new threshold 8 (max 8)
- age   1:    4537168 bytes,    4537168 total
- age   2:    5994056 bytes,   10531224 total
: 98727K->14345K(109248K), 0,0182405 secs] 98727K->14345K(502464K), 0,0183053 secs] [Times: user=0,05 sys=0,00, real=0,01 secs] 
Heap after GC invocations=2 (full 0):
 par new generation   total 109248K, used 14345K [0x00000000e0000000, 0x00000000e8000000, 0x00000000e8000000)
  eden space 87424K,   0% used [0x00000000e0000000, 0x00000000e0000000, 0x00000000e5560000)
  from space 21824K,  65% used [0x00000000e5560000, 0x00000000e6362640, 0x00000000e6ab0000)
  to   space 21824K,   0% used [0x00000000e6ab0000, 0x00000000e6ab0000, 0x00000000e8000000)
 concurrent mark-sweep generation total 393216K, used 0K [0x00000000e8000000, 0x0000000100000000, 0x0000000100000000)
 Metaspace       used 20034K, capacity 20364K, committed 20736K, reserved 1067008K
  class space    used 2294K, capacity 2468K, committed 2560K, reserved 1048576K
}
2017-09-06T01:19:21.940+0200: 2,652: Total time for which application threads were stopped: 0,0204087 seconds, Stopping threads took: 0,0019324 seconds
2017-09-06T01:19:21.954+0200: 2,666: Total time for which application threads were stopped: 0,0003183 seconds, Stopping threads took: 0,0000459 seconds
2017-09-06T01:19:21.994+0200: 2,706: Total time for which application threads were stopped: 0,0003720 seconds, Stopping threads took: 0,0000522 seconds
2017-09-06T01:19:22.123+0200: 2,835: Total time for which application threads were stopped: 0,0001933 seconds, Stopping threads took: 0,0000465 seconds
{Heap before GC invocations=2 (full 0):
 par new generation   total 109248K, used 101769K [0x00000000e0000000, 0x00000000e8000000, 0x00000000e8000000)
  eden space 87424K, 100% used [0x00000000e0000000, 0x00000000e5560000, 0x00000000e5560000)
  from space 21824K,  65% used [0x00000000e5560000, 0x00000000e6362640, 0x00000000e6ab0000)
  to   space 21824K,   0% used [0x00000000e6ab0000, 0x00000000e6ab0000, 0x00000000e8000000)
 concurrent mark-sweep generation total 393216K, used 0K [0x00000000e8000000, 0x0000000100000000, 0x0000000100000000)
 Metaspace       used 20988K, capacity 21350K, committed 21628K, reserved 1069056K
  class space    used 2416K, capacity 2587K, committed 2684K, reserved 1048576K
2017-09-06T01:19:22.161+0200: 2,874: [GC (Allocation Failure) 2017-09-06T01:19:22.161+0200: 2,874: [ParNew
Desired survivor size 20112992 bytes, new threshold 8 (max 8)
- age   1:    2232392 bytes,    2232392 total
- age   2:    1520840 bytes,    3753232 total
- age   3:    5991504 bytes,    9744736 total
: 101769K->12711K(109248K), 0,0110193 secs] 101769K->12711K(502464K), 0,0111079 secs] [Times: user=0,03 sys=0,00, real=0,00 secs] 
Heap after GC invocations=3 (full 0):
 par new generation   total 109248K, used 12711K [0x00000000e0000000, 0x00000000e8000000, 0x00000000e8000000)
  eden space 87424K,   0% used [0x00000000e0000000, 0x00000000e0000000, 0x00000000e5560000)
  from space 21824K,  58% used [0x00000000e6ab0000, 0x00000000e7719ca8, 0x00000000e8000000)
  to   space 21824K,   0% used [0x00000000e5560000, 0x00000000e5560000, 0x00000000e6ab0000)
 concurrent mark-sweep generation total 393216K, used 0K [0x00000000e8000000, 0x0000000100000000, 0x0000000100000000)
 Metaspace       used 20988K, capacity 21350K, committed 21628K, reserved 1069056K
  class space    used 2416K, capacity 2587K, committed 2684K, reserved 1048576K
}
2017-09-06T01:19:22.172+0200: 2,885: Total time for which application threads were stopped: 0,0148661 seconds, Stopping threads took: 0,0036212 seconds
2017-09-06T01:19:22.173+0200: 2,885: [GC (CMS Initial Mark) [1 CMS-initial-mark: 0K(393216K)] 14115K(502464K), 0,0027792 secs] [Times: user=0,01 sys=0,00, real=0,01 secs] 
2017-09-06T01:19:22.175+0200: 2,888: Total time for which application threads were stopped: 0,0029645 seconds, Stopping threads took: 0,0001097 seconds
2017-09-06T01:19:22.175+0200: 2,888: [CMS-concurrent-mark-start]
2017-09-06T01:19:22.176+0200: 2,888: [CMS-concurrent-mark: 0,000/0,000 secs] [Times: user=0,00 sys=0,00, real=0,00 secs] 
2017-09-06T01:19:22.176+0200: 2,888: [CMS-concurrent-preclean-start]
2017-09-06T01:19:22.177+0200: 2,889: [CMS-concurrent-preclean: 0,001/0,001 secs] [Times: user=0,00 sys=0,00, real=0,00 secs] 
2017-09-06T01:19:22.177+0200: 2,889: [GC (CMS Final Remark) [YG occupancy: 14115 K (109248 K)]{Heap before GC invocations=3 (full 1):
 par new generation   total 109248K, used 14115K [0x00000000e0000000, 0x00000000e8000000, 0x00000000e8000000)
  eden space 87424K,   1% used [0x00000000e0000000, 0x00000000e015f118, 0x00000000e5560000)
  from space 21824K,  58% used [0x00000000e6ab0000, 0x00000000e7719ca8, 0x00000000e8000000)
  to   space 21824K,   0% used [0x00000000e5560000, 0x00000000e5560000, 0x00000000e6ab0000)
 concurrent mark-sweep generation total 393216K, used 0K [0x00000000e8000000, 0x0000000100000000, 0x0000000100000000)
 Metaspace       used 20988K, capacity 21350K, committed 21628K, reserved 1069056K
  class space    used 2416K, capacity 2587K, committed 2684K, reserved 1048576K
2017-09-06T01:19:22.177+0200: 2,889: [GC (CMS Final Remark) 2017-09-06T01:19:22.177+0200: 2,889: [ParNew
Desired survivor size 20112992 bytes, new threshold 8 (max 8)
- age   1:      17736 bytes,      17736 total
- age   2:    2232392 bytes,    2250128 total
- age   3:    1520840 bytes,    3770968 total
- age   4:    5991072 bytes,    9762040 total
: 14115K->12452K(109248K), 0,0152054 secs] 14115K->12452K(502464K), 0,0152479 secs] [Times: user=0,05 sys=0,00, real=0,01 secs] 
Heap after GC invocations=4 (full 1):
 par new generation   total 109248K, used 12452K [0x00000000e0000000, 0x00000000e8000000, 0x00000000e8000000)
  eden space 87424K,   0% used [0x00000000e0000000, 0x00000000e0000000, 0x00000000e5560000)
  from space 21824K,  57% used [0x00000000e5560000, 0x00000000e6189020, 0x00000000e6ab0000)
  to   space 21824K,   0% used [0x00000000e6ab0000, 0x00000000e6ab0000, 0x00000000e8000000)
 concurrent mark-sweep generation total 393216K, used 0K [0x00000000e8000000, 0x0000000100000000, 0x0000000100000000)
 Metaspace       used 20988K, capacity 21350K, committed 21628K, reserved 1069056K
  class space    used 2416K, capacity 2587K, committed 2684K, reserved 1048576K
}
2017-09-06T01:19:22.192+0200: 2,904: [Rescan (parallel) , 0,0031615 secs]2017-09-06T01:19:22.195+0200: 2,908: [weak refs processing, 0,0004933 secs]2017-09-06T01:19:22.196+0200: 2,908: [class unloading, 0,0027246 secs]2017-09-06T01:19:22.199+0200: 2,911: [scrub symbol table, 0,0032679 secs]2017-09-06T01:19:22.202+0200: 2,914: [scrub string table, 0,0004004 secs][1 CMS-remark: 0K(393216K)] 12452K(502464K), 0,0259334 secs] [Times: user=0,07 sys=0,00, real=0,03 secs] 
2017-09-06T01:19:22.203+0200: 2,915: Total time for which application threads were stopped: 0,0260270 seconds, Stopping threads took: 0,0000190 seconds
2017-09-06T01:19:22.203+0200: 2,915: [CMS-concurrent-sweep-start]
2017-09-06T01:19:22.203+0200: 2,915: [CMS-concurrent-sweep: 0,000/0,000 secs] [Times: user=0,00 sys=0,00, real=0,00 secs] 
2017-09-06T01:19:22.203+0200: 2,915: [CMS-concurrent-reset-start]
2017-09-06T01:19:22.209+0200: 2,921: [CMS-concurrent-reset: 0,006/0,006 secs] [Times: user=0,02 sys=0,00, real=0,00 secs] 
{Heap before GC invocations=4 (full 1):
 par new generation   total 109248K, used 99876K [0x00000000e0000000, 0x00000000e8000000, 0x00000000e8000000)
  eden space 87424K, 100% used [0x00000000e0000000, 0x00000000e5560000, 0x00000000e5560000)
  from space 21824K,  57% used [0x00000000e5560000, 0x00000000e6189020, 0x00000000e6ab0000)
  to   space 21824K,   0% used [0x00000000e6ab0000, 0x00000000e6ab0000, 0x00000000e8000000)
 concurrent mark-sweep generation total 393216K, used 0K [0x00000000e8000000, 0x0000000100000000, 0x0000000100000000)
 Metaspace       used 21209K, capacity 21616K, committed 21884K, reserved 1069056K
  class space    used 2443K, capacity 2601K, committed 2684K, reserved 1048576K
2017-09-06T01:19:22.305+0200: 3,017: [GC (Allocation Failure) 2017-09-06T01:19:22.305+0200: 3,017: [ParNew
Desired survivor size 20112992 bytes, new threshold 8 (max 8)
- age   1:    1527864 bytes,    1527864 total
- age   3:    1476632 bytes,    3004496 total
- age   4:    1487920 bytes,    4492416 total
- age   5:    5991136 bytes,   10483552 total
: 99876K->13255K(109248K), 0,0095561 secs] 99876K->13255K(502464K), 0,0096197 secs] [Times: user=0,04 sys=0,00, real=0,01 secs] 
Heap after GC invocations=5 (full 1):
 par new generation   total 109248K, used 13255K [0x00000000e0000000, 0x00000000e8000000, 0x00000000e8000000)
  eden space 87424K,   0% used [0x00000000e0000000, 0x00000000e0000000, 0x00000000e5560000)
  from space 21824K,  60% used [0x00000000e6ab0000, 0x00000000e77a1db8, 0x00000000e8000000)
  to   space 21824K,   0% used [0x00000000e5560000, 0x00000000e5560000, 0x00000000e6ab0000)
 concurrent mark-sweep generation total 393216K, used 0K [0x00000000e8000000, 0x0000000100000000, 0x0000000100000000)
 Metaspace       used 21209K, capacity 21616K, committed 21884K, reserved 1069056K
  class space    used 2443K, capacity 2601K, committed 2684K, reserved 1048576K
}
2017-09-06T01:19:22.314+0200: 3,027: Total time for which application threads were stopped: 0,0125321 seconds, Stopping threads took: 0,0027683 seconds
{Heap before GC invocations=5 (full 1):
 par new generation   total 109248K, used 100679K [0x00000000e0000000, 0x00000000e8000000, 0x00000000e8000000)
  eden space 87424K, 100% used [0x00000000e0000000, 0x00000000e5560000, 0x00000000e5560000)
  from space 21824K,  60% used [0x00000000e6ab0000, 0x00000000e77a1db8, 0x00000000e8000000)
  to   space 21824K,   0% used [0x00000000e5560000, 0x00000000e5560000, 0x00000000e6ab0000)
 concurrent mark-sweep generation total 393216K, used 0K [0x00000000e8000000, 0x0000000100000000, 0x0000000100000000)
 Metaspace       used 21372K, capacity 21786K, committed 21884K, reserved 1069056K
  class space    used 2464K, capacity 2634K, committed 2684K, reserved 1048576K
2017-09-06T01:19:22.395+0200: 3,107: [GC (Allocation Failure) 2017-09-06T01:19:22.395+0200: 3,107: [ParNew
Desired survivor size 20112992 bytes, new threshold 8 (max 8)
- age   1:     730296 bytes,     730296 total
- age   2:     169448 bytes,     899744 total
- age   4:    1476464 bytes,    2376208 total
- age   5:    1485936 bytes,    3862144 total
- age   6:    5991096 bytes,    9853240 total
: 100679K->12610K(109248K), 0,0092160 secs] 100679K->12610K(502464K), 0,0092921 secs] [Times: user=0,03 sys=0,00, real=0,01 secs] 
Heap after GC invocations=6 (full 1):
 par new generation   total 109248K, used 12610K [0x00000000e0000000, 0x00000000e8000000, 0x00000000e8000000)
  eden space 87424K,   0% used [0x00000000e0000000, 0x00000000e0000000, 0x00000000e5560000)
  from space 21824K,  57% used [0x00000000e5560000, 0x00000000e61b0a30, 0x00000000e6ab0000)
  to   space 21824K,   0% used [0x00000000e6ab0000, 0x00000000e6ab0000, 0x00000000e8000000)
 concurrent mark-sweep generation total 393216K, used 0K [0x00000000e8000000, 0x0000000100000000, 0x0000000100000000)
 Metaspace       used 21372K, capacity 21786K, committed 21884K, reserved 1069056K
  class space    used 2464K, capacity 2634K, committed 2684K, reserved 1048576K
}
2017-09-06T01:19:22.404+0200: 3,117: Total time for which application threads were stopped: 0,0095989 seconds, Stopping threads took: 0,0001720 seconds
2017-09-06T01:19:22.446+0200: 3,158: Total time for which application threads were stopped: 0,0003550 seconds, Stopping threads took: 0,0000168 seconds
2017-09-06T01:19:22.667+0200: 3,379: Total time for which application threads were stopped: 0,0004585 seconds, Stopping threads took: 0,0000311 seconds
2017-09-06T01:19:22.683+0200: 3,395: Total time for which application threads were stopped: 0,0004325 seconds, Stopping threads took: 0,0000529 seconds
{Heap before GC invocations=6 (full 1):
 par new generation   total 109248K, used 100034K [0x00000000e0000000, 0x00000000e8000000, 0x00000000e8000000)
  eden space 87424K, 100% used [0x00000000e0000000, 0x00000000e5560000, 0x00000000e5560000)
  from space 21824K,  57% used [0x00000000e5560000, 0x00000000e61b0a30, 0x00000000e6ab0000)
  to   space 21824K,   0% used [0x00000000e6ab0000, 0x00000000e6ab0000, 0x00000000e8000000)
 concurrent mark-sweep generation total 393216K, used 0K [0x00000000e8000000, 0x0000000100000000, 0x0000000100000000)
 Metaspace       used 23867K, capacity 24354K, committed 24572K, reserved 1071104K
  class space    used 2803K, capacity 2978K, committed 3068K, reserved 1048576K
2017-09-06T01:19:22.835+0200: 3,548: [GC (Allocation Failure) 2017-09-06T01:19:22.835+0200: 3,548: [ParNew
Desired survivor size 20112992 bytes, new threshold 8 (max 8)
- age   1:    5147376 bytes,    5147376 total
- age   2:     116240 bytes,    5263616 total
- age   3:     167912 bytes,    5431528 total
- age   5:     306704 bytes,    5738232 total
- age   6:    1459680 bytes,    7197912 total
- age   7:    5982936 bytes,   13180848 total
: 100034K->15825K(109248K), 0,0121126 secs] 100034K->15825K(502464K), 0,0121827 secs] [Times: user=0,05 sys=0,00, real=0,01 secs] 
Heap after GC invocations=7 (full 1):
 par new generation   total 109248K, used 15825K [0x00000000e0000000, 0x00000000e8000000, 0x00000000e8000000)
  eden space 87424K,   0% used [0x00000000e0000000, 0x00000000e0000000, 0x00000000e5560000)
  from space 21824K,  72% used [0x00000000e6ab0000, 0x00000000e7a24648, 0x00000000e8000000)
  to   space 21824K,   0% used [0x00000000e5560000, 0x00000000e5560000, 0x00000000e6ab0000)
 concurrent mark-sweep generation total 393216K, used 0K [0x00000000e8000000, 0x0000000100000000, 0x0000000100000000)
 Metaspace       used 23867K, capacity 24354K, committed 24572K, reserved 1071104K
  class space    used 2803K, capacity 2978K, committed 3068K, reserved 1048576K
}
2017-09-06T01:19:22.848+0200: 3,560: Total time for which application threads were stopped: 0,0124533 seconds, Stopping threads took: 0,0001008 seconds
{Heap before GC invocations=7 (full 1):
 par new generation   total 109248K, used 103249K [0x00000000e0000000, 0x00000000e8000000, 0x00000000e8000000)
  eden space 87424K, 100% used [0x00000000e0000000, 0x00000000e5560000, 0x00000000e5560000)
  from space 21824K,  72% used [0x00000000e6ab0000, 0x00000000e7a24648, 0x00000000e8000000)
  to   space 21824K,   0% used [0x00000000e5560000, 0x00000000e5560000, 0x00000000e6ab0000)
 concurrent mark-sweep generation total 393216K, used 0K [0x00000000e8000000, 0x0000000100000000, 0x0000000100000000)
 Metaspace       used 24334K, capacity 24808K, committed 25084K, reserved 1071104K
  class space    used 2851K, capacity 3043K, committed 3068K, reserved 1048576K
2017-09-06T01:19:22.934+0200: 3,646: [GC (Allocation Failure) 2017-09-06T01:19:22.934+0200: 3,647: [ParNew
Desired survivor size 20112992 bytes, new threshold 8 (max 8)
- age   1:    2052344 bytes,    2052344 total
- age   2:    1780576 bytes,    3832920 total
- age   3:      60784 bytes,    3893704 total
- age   4:      96016 bytes,    3989720 total
- age   6:     188264 bytes,    4177984 total
- age   7:    1013088 bytes,    5191072 total
- age   8:    5878008 bytes,   11069080 total
: 103249K->16306K(109248K), 0,0153815 secs] 103249K->16306K(502464K), 0,0154609 secs] [Times: user=0,05 sys=0,00, real=0,01 secs] 
Heap after GC invocations=8 (full 1):
 par new generation   total 109248K, used 16306K [0x00000000e0000000, 0x00000000e8000000, 0x00000000e8000000)
  eden space 87424K,   0% used [0x00000000e0000000, 0x00000000e0000000, 0x00000000e5560000)
  from space 21824K,  74% used [0x00000000e5560000, 0x00000000e654cb80, 0x00000000e6ab0000)
  to   space 21824K,   0% used [0x00000000e6ab0000, 0x00000000e6ab0000, 0x00000000e8000000)
 concurrent mark-sweep generation total 393216K, used 0K [0x00000000e8000000, 0x0000000100000000, 0x0000000100000000)
 Metaspace       used 24334K, capacity 24808K, committed 25084K, reserved 1071104K
  class space    used 2851K, capacity 3043K, committed 3068K, reserved 1048576K
}
2017-09-06T01:19:22.950+0200: 3,662: Total time for which application threads were stopped: 0,0159138 seconds, Stopping threads took: 0,0002400 seconds
{Heap before GC invocations=8 (full 1):
 par new generation   total 109248K, used 103721K [0x00000000e0000000, 0x00000000e8000000, 0x00000000e8000000)
  eden space 87424K,  99% used [0x00000000e0000000, 0x00000000e555da58, 0x00000000e5560000)
  from space 21824K,  74% used [0x00000000e5560000, 0x00000000e654cb80, 0x00000000e6ab0000)
  to   space 21824K,   0% used [0x00000000e6ab0000, 0x00000000e6ab0000, 0x00000000e8000000)
 concurrent mark-sweep generation total 393216K, used 0K [0x00000000e8000000, 0x0000000100000000, 0x0000000100000000)
 Metaspace       used 24518K, capacity 24962K, committed 25084K, reserved 1071104K
  class space    used 2865K, capacity 3048K, committed 3068K, reserved 1048576K
2017-09-06T01:19:23.015+0200: 3,727: [GC (Allocation Failure) 2017-09-06T01:19:23.015+0200: 3,727: [ParNew
Desired survivor size 20112992 bytes, new threshold 8 (max 8)
- age   1:     361864 bytes,     361864 total
- age   2:     979984 bytes,    1341848 total
- age   3:    1770640 bytes,    3112488 total
- age   4:      60784 bytes,    3173272 total
- age   5:      95816 bytes,    3269088 total
- age   7:     185496 bytes,    3454584 total
- age   8:    1012320 bytes,    4466904 total
: 103721K->6775K(109248K), 0,0419285 secs] 103721K->12597K(502464K), 0,0420093 secs] [Times: user=0,13 sys=0,00, real=0,04 secs] 
Heap after GC invocations=9 (full 1):
 par new generation   total 109248K, used 6775K [0x00000000e0000000, 0x00000000e8000000, 0x00000000e8000000)
  eden space 87424K,   0% used [0x00000000e0000000, 0x00000000e0000000, 0x00000000e5560000)
  from space 21824K,  31% used [0x00000000e6ab0000, 0x00000000e714dd18, 0x00000000e8000000)
  to   space 21824K,   0% used [0x00000000e5560000, 0x00000000e5560000, 0x00000000e6ab0000)
 concurrent mark-sweep generation total 393216K, used 5822K [0x00000000e8000000, 0x0000000100000000, 0x0000000100000000)
 Metaspace       used 24518K, capacity 24962K, committed 25084K, reserved 1071104K
  class space    used 2865K, capacity 3048K, committed 3068K, reserved 1048576K
}
2017-09-06T01:19:23.057+0200: 3,769: Total time for which application threads were stopped: 0,0422699 seconds, Stopping threads took: 0,0000792 seconds
2017-09-06T01:19:23.340+0200: 4,053: Total time for which application threads were stopped: 0,0006414 seconds, Stopping threads took: 0,0000572 seconds
2017-09-06T01:19:23.342+0200: 4,054: Total time for which application threads were stopped: 0,0001446 seconds, Stopping threads took: 0,0000382 seconds
2017-09-06T01:19:23.353+0200: 4,066: Total time for which application threads were stopped: 0,0039205 seconds, Stopping threads took: 0,0038337 seconds
2017-09-06T01:19:23.354+0200: 4,066: Total time for which application threads were stopped: 0,0001447 seconds, Stopping threads took: 0,0000678 seconds
2017-09-06T01:19:23.358+0200: 4,070: Total time for which application threads were stopped: 0,0001696 seconds, Stopping threads took: 0,0000682 seconds
2017-09-06T01:19:23.358+0200: 4,071: Total time for which application threads were stopped: 0,0000930 seconds, Stopping threads took: 0,0000237 seconds
2017-09-06T01:19:23.359+0200: 4,071: Total time for which application threads were stopped: 0,0000794 seconds, Stopping threads took: 0,0000397 seconds
2017-09-06T01:19:23.359+0200: 4,071: Total time for which application threads were stopped: 0,0000700 seconds, Stopping threads took: 0,0000173 seconds
2017-09-06T01:19:23.361+0200: 4,073: Total time for which application threads were stopped: 0,0001280 seconds, Stopping threads took: 0,0000378 seconds
2017-09-06T01:19:23.364+0200: 4,076: Total time for which application threads were stopped: 0,0001187 seconds, Stopping threads took: 0,0000252 seconds
2017-09-06T01:19:23.366+0200: 4,078: Total time for which application threads were stopped: 0,0001029 seconds, Stopping threads took: 0,0000319 seconds
2017-09-06T01:19:23.369+0200: 4,082: Total time for which application threads were stopped: 0,0027030 seconds, Stopping threads took: 0,0026031 seconds
2017-09-06T01:19:23.370+0200: 4,082: Total time for which application threads were stopped: 0,0001808 seconds, Stopping threads took: 0,0000698 seconds
2017-09-06T01:19:23.371+0200: 4,083: Total time for which application threads were stopped: 0,0004005 seconds, Stopping threads took: 0,0000169 seconds
2017-09-06T01:19:23.371+0200: 4,084: Total time for which application threads were stopped: 0,0001043 seconds, Stopping threads took: 0,0000404 seconds
2017-09-06T01:19:23.373+0200: 4,086: Total time for which application threads were stopped: 0,0001107 seconds, Stopping threads took: 0,0000314 seconds
2017-09-06T01:19:23.374+0200: 4,086: Total time for which application threads were stopped: 0,0000780 seconds, Stopping threads took: 0,0000229 seconds
2017-09-06T01:19:23.374+0200: 4,087: Total time for which application threads were stopped: 0,0000782 seconds, Stopping threads took: 0,0000192 seconds
2017-09-06T01:19:23.393+0200: 4,105: Total time for which application threads were stopped: 0,0001724 seconds, Stopping threads took: 0,0000333 seconds
2017-09-06T01:19:23.409+0200: 4,122: Total time for which application threads were stopped: 0,0038721 seconds, Stopping threads took: 0,0037827 seconds
2017-09-06T01:19:23.410+0200: 4,122: Total time for which application threads were stopped: 0,0000833 seconds, Stopping threads took: 0,0000340 seconds
2017-09-06T01:19:23.428+0200: 4,140: Total time for which application threads were stopped: 0,0004853 seconds, Stopping threads took: 0,0000540 seconds
2017-09-06T01:19:23.438+0200: 4,151: Total time for which application threads were stopped: 0,0001378 seconds, Stopping threads took: 0,0000318 seconds
2017-09-06T01:19:23.442+0200: 4,155: Total time for which application threads were stopped: 0,0002132 seconds, Stopping threads took: 0,0000338 seconds
2017-09-06T01:19:23.443+0200: 4,155: Total time for which application threads were stopped: 0,0004203 seconds, Stopping threads took: 0,0000117 seconds
2017-09-06T01:19:23.448+0200: 4,160: Total time for which application threads were stopped: 0,0001478 seconds, Stopping threads took: 0,0000507 seconds
2017-09-06T01:19:23.449+0200: 4,161: Total time for which application threads were stopped: 0,0001120 seconds, Stopping threads took: 0,0000290 seconds
2017-09-06T01:19:23.452+0200: 4,164: Total time for which application threads were stopped: 0,0001334 seconds, Stopping threads took: 0,0000358 seconds
2017-09-06T01:19:23.453+0200: 4,166: Total time for which application threads were stopped: 0,0001088 seconds, Stopping threads took: 0,0000187 seconds
2017-09-06T01:19:23.457+0200: 4,169: Total time for which application threads were stopped: 0,0002290 seconds, Stopping threads took: 0,0001420 seconds
2017-09-06T01:19:23.457+0200: 4,169: Total time for which application threads were stopped: 0,0000856 seconds, Stopping threads took: 0,0000222 seconds
2017-09-06T01:19:23.458+0200: 4,170: Total time for which application threads were stopped: 0,0000815 seconds, Stopping threads took: 0,0000232 seconds
2017-09-06T01:19:23.514+0200: 4,227: Total time for which application threads were stopped: 0,0001667 seconds, Stopping threads took: 0,0000429 seconds
2017-09-06T01:19:23.515+0200: 4,227: Total time for which application threads were stopped: 0,0004127 seconds, Stopping threads took: 0,0000194 seconds
2017-09-06T01:19:23.516+0200: 4,229: Total time for which application threads were stopped: 0,0001292 seconds, Stopping threads took: 0,0000520 seconds
2017-09-06T01:19:23.520+0200: 4,233: Total time for which application threads were stopped: 0,0001239 seconds, Stopping threads took: 0,0000367 seconds
2017-09-06T01:19:23.521+0200: 4,233: Total time for which application threads were stopped: 0,0000687 seconds, Stopping threads took: 0,0000136 seconds
2017-09-06T01:19:23.523+0200: 4,235: Total time for which application threads were stopped: 0,0000899 seconds, Stopping threads took: 0,0000249 seconds
2017-09-06T01:19:23.527+0200: 4,239: Total time for which application threads were stopped: 0,0001342 seconds, Stopping threads took: 0,0000350 seconds
2017-09-06T01:19:23.534+0200: 4,246: Total time for which application threads were stopped: 0,0001162 seconds, Stopping threads took: 0,0000424 seconds
2017-09-06T01:19:23.534+0200: 4,246: Total time for which application threads were stopped: 0,0000743 seconds, Stopping threads took: 0,0000225 seconds
2017-09-06T01:19:23.535+0200: 4,248: Total time for which application threads were stopped: 0,0001263 seconds, Stopping threads took: 0,0000336 seconds
2017-09-06T01:19:23.537+0200: 4,250: Total time for which application threads were stopped: 0,0016847 seconds, Stopping threads took: 0,0015610 seconds
2017-09-06T01:19:23.538+0200: 4,250: Total time for which application threads were stopped: 0,0000839 seconds, Stopping threads took: 0,0000224 seconds
2017-09-06T01:19:23.538+0200: 4,250: Total time for which application threads were stopped: 0,0000626 seconds, Stopping threads took: 0,0000164 seconds
2017-09-06T01:19:23.538+0200: 4,250: Total time for which application threads were stopped: 0,0000562 seconds, Stopping threads took: 0,0000152 seconds
2017-09-06T01:19:23.541+0200: 4,254: Total time for which application threads were stopped: 0,0033298 seconds, Stopping threads took: 0,0032534 seconds
2017-09-06T01:19:23.541+0200: 4,254: Total time for which application threads were stopped: 0,0000871 seconds, Stopping threads took: 0,0000229 seconds
2017-09-06T01:19:23.542+0200: 4,254: Total time for which application threads were stopped: 0,0001725 seconds, Stopping threads took: 0,0000207 seconds
2017-09-06T01:19:23.548+0200: 4,260: Total time for which application threads were stopped: 0,0001429 seconds, Stopping threads took: 0,0000453 seconds
2017-09-06T01:19:23.551+0200: 4,263: Total time for which application threads were stopped: 0,0001687 seconds, Stopping threads took: 0,0000489 seconds
2017-09-06T01:19:23.561+0200: 4,274: Total time for which application threads were stopped: 0,0035221 seconds, Stopping threads took: 0,0034065 seconds
2017-09-06T01:19:23.577+0200: 4,289: Total time for which application threads were stopped: 0,0001704 seconds, Stopping threads took: 0,0000471 seconds
2017-09-06T01:19:23.605+0200: 4,318: Total time for which application threads were stopped: 0,0044502 seconds, Stopping threads took: 0,0043341 seconds
{Heap before GC invocations=9 (full 1):
 par new generation   total 109248K, used 92808K [0x00000000e0000000, 0x00000000e8000000, 0x00000000e8000000)
  eden space 87424K,  98% used [0x00000000e0000000, 0x00000000e5404500, 0x00000000e5560000)
  from space 21824K,  31% used [0x00000000e6ab0000, 0x00000000e714dd18, 0x00000000e8000000)
  to   space 21824K,   0% used [0x00000000e5560000, 0x00000000e5560000, 0x00000000e6ab0000)
 concurrent mark-sweep generation total 393216K, used 5822K [0x00000000e8000000, 0x0000000100000000, 0x0000000100000000)
 Metaspace       used 27730K, capacity 28314K, committed 28540K, reserved 1075200K
  class space    used 3167K, capacity 3352K, committed 3452K, reserved 1048576K
2017-09-06T01:19:23.621+0200: 4,334: [GC (Allocation Failure) 2017-09-06T01:19:23.621+0200: 4,334: [ParNew
Desired survivor size 20112992 bytes, new threshold 8 (max 8)
- age   1:    8914272 bytes,    8914272 total
- age   2:     165672 bytes,    9079944 total
- age   3:     200320 bytes,    9280264 total
- age   4:    1765744 bytes,   11046008 total
- age   5:      58336 bytes,   11104344 total
- age   6:      95672 bytes,   11200016 total
- age   8:     184864 bytes,   11384880 total
: 92808K->13095K(109248K), 0,0217742 secs] 98630K->20032K(502464K), 0,0218577 secs] [Times: user=0,06 sys=0,00, real=0,02 secs] 
Heap after GC invocations=10 (full 1):
 par new generation   total 109248K, used 13095K [0x00000000e0000000, 0x00000000e8000000, 0x00000000e8000000)
  eden space 87424K,   0% used [0x00000000e0000000, 0x00000000e0000000, 0x00000000e5560000)
  from space 21824K,  60% used [0x00000000e5560000, 0x00000000e6229d88, 0x00000000e6ab0000)
  to   space 21824K,   0% used [0x00000000e6ab0000, 0x00000000e6ab0000, 0x00000000e8000000)
 concurrent mark-sweep generation total 393216K, used 6936K [0x00000000e8000000, 0x0000000100000000, 0x0000000100000000)
 Metaspace       used 27730K, capacity 28314K, committed 28540K, reserved 1075200K
  class space    used 3167K, capacity 3352K, committed 3452K, reserved 1048576K
}
2017-09-06T01:19:23.643+0200: 4,356: Total time for which application threads were stopped: 0,0253817 seconds, Stopping threads took: 0,0033443 seconds
2017-09-06T01:19:23.665+0200: 4,378: Total time for which application threads were stopped: 0,0072057 seconds, Stopping threads took: 0,0071236 seconds
2017-09-06T01:19:23.665+0200: 4,378: Total time for which application threads were stopped: 0,0000851 seconds, Stopping threads took: 0,0000332 seconds
2017-09-06T01:19:23.705+0200: 4,417: Total time for which application threads were stopped: 0,0006145 seconds, Stopping threads took: 0,0000452 seconds
2017-09-06T01:19:23.706+0200: 4,418: Total time for which application threads were stopped: 0,0001594 seconds, Stopping threads took: 0,0000491 seconds
2017-09-06T01:19:24.706+0200: 5,418: Total time for which application threads were stopped: 0,0000873 seconds, Stopping threads took: 0,0000177 seconds
2017-09-06T01:19:51.709+0200: 32,422: Total time for which application threads were stopped: 0,0000739 seconds, Stopping threads took: 0,0000164 seconds
2017-09-06T01:20:41.717+0200: 82,429: Total time for which application threads were stopped: 0,0001043 seconds, Stopping threads took: 0,0000407 seconds
2017-09-06T01:21:16.723+0200: 117,435: Total time for which application threads were stopped: 0,0001709 seconds, Stopping threads took: 0,0000654 seconds
2017-09-06T01:21:21.724+0200: 122,436: Total time for which application threads were stopped: 0,0000742 seconds, Stopping threads took: 0,0000161 seconds
2017-09-06T01:22:20.734+0200: 181,446: Total time for which application threads were stopped: 0,0000945 seconds, Stopping threads took: 0,0000377 seconds
2017-09-06T01:23:55.749+0200: 276,462: Total time for which application threads were stopped: 0,0001777 seconds, Stopping threads took: 0,0000668 seconds
2017-09-06T01:23:56.750+0200: 277,462: Total time for which application threads were stopped: 0,0000787 seconds, Stopping threads took: 0,0000184 seconds
2017-09-06T01:24:41.757+0200: 322,470: Total time for which application threads were stopped: 0,0002118 seconds, Stopping threads took: 0,0000628 seconds
2017-09-06T01:35:21.375+0200: 962,542: Total time for which application threads were stopped: 0,0000897 seconds, Stopping threads took: 0,0000288 seconds
2017-09-06T01:42:50.422+0200: 1411,590: Total time for which application threads were stopped: 0,0001112 seconds, Stopping threads took: 0,0000347 seconds
2017-09-06T01:47:50.452+0200: 1711,620: Total time for which application threads were stopped: 0,0003479 seconds, Stopping threads took: 0,0001364 seconds
2017-09-06T01:48:54.391+0200: 1775,558: Total time for which application threads were stopped: 0,0653240 seconds, Stopping threads took: 0,0652227 seconds
2017-09-06T01:48:54.393+0200: 1775,561: Total time for which application threads were stopped: 0,0000769 seconds, Stopping threads took: 0,0000152 seconds
2017-09-06T01:48:54.395+0200: 1775,563: Total time for which application threads were stopped: 0,0000788 seconds, Stopping threads took: 0,0000124 seconds
2017-09-06T01:48:54.395+0200: 1775,563: Total time for which application threads were stopped: 0,0000353 seconds, Stopping threads took: 0,0000045 seconds
2017-09-06T01:48:54.395+0200: 1775,563: Total time for which application threads were stopped: 0,0000317 seconds, Stopping threads took: 0,0000041 seconds
2017-09-06T01:48:54.395+0200: 1775,563: Total time for which application threads were stopped: 0,0000631 seconds, Stopping threads took: 0,0000042 seconds
2017-09-06T01:48:54.395+0200: 1775,563: Total time for which application threads were stopped: 0,0000344 seconds, Stopping threads took: 0,0000043 seconds
2017-09-06T01:48:54.395+0200: 1775,563: Total time for which application threads were stopped: 0,0000313 seconds, Stopping threads took: 0,0000042 seconds
2017-09-06T01:48:54.421+0200: 1775,589: Total time for which application threads were stopped: 0,0000906 seconds, Stopping threads took: 0,0000148 seconds
2017-09-06T01:48:54.422+0200: 1775,589: Total time for which application threads were stopped: 0,0000699 seconds, Stopping threads took: 0,0000210 seconds
2017-09-06T01:48:54.423+0200: 1775,590: Total time for which application threads were stopped: 0,0000881 seconds, Stopping threads took: 0,0000139 seconds
2017-09-06T01:48:54.423+0200: 1775,590: Total time for which application threads were stopped: 0,0000508 seconds, Stopping threads took: 0,0000108 seconds
2017-09-06T01:48:54.426+0200: 1775,594: Total time for which application threads were stopped: 0,0000914 seconds, Stopping threads took: 0,0000160 seconds
2017-09-06T01:48:54.429+0200: 1775,597: Total time for which application threads were stopped: 0,0021431 seconds, Stopping threads took: 0,0020525 seconds
2017-09-06T01:48:54.429+0200: 1775,597: Total time for which application threads were stopped: 0,0000532 seconds, Stopping threads took: 0,0000091 seconds
2017-09-06T01:48:54.430+0200: 1775,597: Total time for which application threads were stopped: 0,0000413 seconds, Stopping threads took: 0,0000048 seconds
2017-09-06T01:48:54.434+0200: 1775,602: Total time for which application threads were stopped: 0,0001111 seconds, Stopping threads took: 0,0000298 seconds
2017-09-06T01:48:54.434+0200: 1775,602: Total time for which application threads were stopped: 0,0000454 seconds, Stopping threads took: 0,0000061 seconds
2017-09-06T01:48:54.435+0200: 1775,602: Total time for which application threads were stopped: 0,0000653 seconds, Stopping threads took: 0,0000161 seconds
2017-09-06T01:48:54.435+0200: 1775,602: Total time for which application threads were stopped: 0,0000482 seconds, Stopping threads took: 0,0000141 seconds
2017-09-06T01:48:54.435+0200: 1775,603: Total time for which application threads were stopped: 0,0000436 seconds, Stopping threads took: 0,0000118 seconds
2017-09-06T01:48:54.435+0200: 1775,603: Total time for which application threads were stopped: 0,0000424 seconds, Stopping threads took: 0,0000118 seconds
2017-09-06T01:48:54.435+0200: 1775,603: Total time for which application threads were stopped: 0,0000478 seconds, Stopping threads took: 0,0000114 seconds
2017-09-06T01:48:54.435+0200: 1775,603: Total time for which application threads were stopped: 0,0000484 seconds, Stopping threads took: 0,0000143 seconds
2017-09-06T01:48:54.435+0200: 1775,603: Total time for which application threads were stopped: 0,0000372 seconds, Stopping threads took: 0,0000047 seconds
2017-09-06T01:48:54.435+0200: 1775,603: Total time for which application threads were stopped: 0,0000374 seconds, Stopping threads took: 0,0000045 seconds
2017-09-06T01:48:54.435+0200: 1775,603: Total time for which application threads were stopped: 0,0000414 seconds, Stopping threads took: 0,0000070 seconds
2017-09-06T01:48:54.441+0200: 1775,608: Total time for which application threads were stopped: 0,0019004 seconds, Stopping threads took: 0,0018226 seconds
2017-09-06T01:48:54.441+0200: 1775,609: Total time for which application threads were stopped: 0,0000841 seconds, Stopping threads took: 0,0000240 seconds
2017-09-06T01:48:54.442+0200: 1775,609: Total time for which application threads were stopped: 0,0000650 seconds, Stopping threads took: 0,0000164 seconds
2017-09-06T01:48:54.442+0200: 1775,609: Total time for which application threads were stopped: 0,0000493 seconds, Stopping threads took: 0,0000122 seconds
2017-09-06T01:48:54.442+0200: 1775,609: Total time for which application threads were stopped: 0,0000426 seconds, Stopping threads took: 0,0000110 seconds
2017-09-06T01:48:54.442+0200: 1775,610: Total time for which application threads were stopped: 0,0000569 seconds, Stopping threads took: 0,0000177 seconds
2017-09-06T01:48:54.446+0200: 1775,614: Total time for which application threads were stopped: 0,0013212 seconds, Stopping threads took: 0,0012437 seconds
2017-09-06T01:48:54.453+0200: 1775,620: Total time for which application threads were stopped: 0,0000900 seconds, Stopping threads took: 0,0000167 seconds
2017-09-06T01:48:54.455+0200: 1775,622: Total time for which application threads were stopped: 0,0000912 seconds, Stopping threads took: 0,0000140 seconds
2017-09-06T01:48:54.455+0200: 1775,623: Total time for which application threads were stopped: 0,0000736 seconds, Stopping threads took: 0,0000207 seconds
2017-09-06T01:48:54.455+0200: 1775,623: Total time for which application threads were stopped: 0,0000628 seconds, Stopping threads took: 0,0000185 seconds
2017-09-06T01:48:54.458+0200: 1775,626: Total time for which application threads were stopped: 0,0000878 seconds, Stopping threads took: 0,0000243 seconds
2017-09-06T01:48:54.458+0200: 1775,626: Total time for which application threads were stopped: 0,0000508 seconds, Stopping threads took: 0,0000074 seconds
2017-09-06T01:48:54.460+0200: 1775,627: Total time for which application threads were stopped: 0,0000840 seconds, Stopping threads took: 0,0000234 seconds
2017-09-06T01:48:54.460+0200: 1775,628: Total time for which application threads were stopped: 0,0000465 seconds, Stopping threads took: 0,0000127 seconds
2017-09-06T01:48:54.462+0200: 1775,630: Total time for which application threads were stopped: 0,0000945 seconds, Stopping threads took: 0,0000271 seconds
2017-09-06T01:48:54.463+0200: 1775,630: Total time for which application threads were stopped: 0,0000410 seconds, Stopping threads took: 0,0000053 seconds
2017-09-06T01:48:54.463+0200: 1775,630: Total time for which application threads were stopped: 0,0001659 seconds, Stopping threads took: 0,0000112 seconds
2017-09-06T01:48:54.463+0200: 1775,631: Total time for which application threads were stopped: 0,0000687 seconds, Stopping threads took: 0,0000211 seconds
2017-09-06T01:48:54.477+0200: 1775,644: Total time for which application threads were stopped: 0,0022676 seconds, Stopping threads took: 0,0021437 seconds
2017-09-06T01:48:54.485+0200: 1775,652: Total time for which application threads were stopped: 0,0000940 seconds, Stopping threads took: 0,0000241 seconds
2017-09-06T01:48:54.485+0200: 1775,653: Total time for which application threads were stopped: 0,0001012 seconds, Stopping threads took: 0,0000182 seconds
Heap
 par new generation   total 109248K, used 43828K [0x00000000e0000000, 0x00000000e8000000, 0x00000000e8000000)
  eden space 87424K,  35% used [0x00000000e0000000, 0x00000000e1e03550, 0x00000000e5560000)
  from space 21824K,  60% used [0x00000000e5560000, 0x00000000e6229d88, 0x00000000e6ab0000)
  to   space 21824K,   0% used [0x00000000e6ab0000, 0x00000000e6ab0000, 0x00000000e8000000)
 concurrent mark-sweep generation total 393216K, used 6936K [0x00000000e8000000, 0x0000000100000000, 0x0000000100000000)
 Metaspace       used 28165K, capacity 28680K, committed 29052K, reserved 1075200K
  class space    used 3224K, capacity 3387K, committed 3452K, reserved 1048576K
