OpenJDK 64-Bit Server VM (25.121-b13) for linux-amd64 JRE (1.8.0_121-8u121-b13-0ubuntu1.16.04.2-b13), built on Jan 23 2017 15:51:29 by "buildd" with gcc 5.4.0 20160609
Memory: 4k page, physical 7867760k(7442120k free), swap 8076284k(8076284k free)
CommandLine flags: -XX:CMSInitiatingOccupancyFraction=50 -XX:CMSMaxAbortablePrecleanTime=6000 -XX:+CMSParallelRemarkEnabled -XX:+CMSScavengeBeforeRemark -XX:ConcGCThreads=4 -XX:InitialHeapSize=536870912 -XX:MaxHeapSize=536870912 -XX:MaxTenuringThreshold=8 -XX:NewRatio=3 -XX:OldPLABSize=16 -XX:OnOutOfMemoryError=/opt/solr/bin/oom_solr.sh 8983 /var/solr/logs -XX:ParallelGCThreads=4 -XX:+ParallelRefProcEnabled -XX:PretenureSizeThreshold=67108864 -XX:+PrintGC -XX:+PrintGCApplicationStoppedTime -XX:+PrintGCDateStamps -XX:+PrintGCDetails -XX:+PrintGCTimeStamps -XX:+PrintHeapAtGC -XX:+PrintTenuringDistribution -XX:SurvivorRatio=4 -XX:TargetSurvivorRatio=90 -XX:ThreadStackSize=256 -XX:+UseCMSInitiatingOccupancyOnly -XX:+UseCompressedClassPointers -XX:+UseCompressedOops -XX:+UseConcMarkSweepGC -XX:+UseParNewGC 
2017-03-15T09:36:57.749+0100: 0,165: Total time for which application threads were stopped: 0,0000659 seconds, Stopping threads took: 0,0000089 seconds
2017-03-15T09:36:57.853+0100: 0,268: Total time for which application threads were stopped: 0,0001174 seconds, Stopping threads took: 0,0000213 seconds
2017-03-15T09:36:57.873+0100: 0,289: Total time for which application threads were stopped: 0,0000923 seconds, Stopping threads took: 0,0000190 seconds
2017-03-15T09:36:58.280+0100: 0,695: Total time for which application threads were stopped: 0,0001637 seconds, Stopping threads took: 0,0000178 seconds
2017-03-15T09:36:58.676+0100: 1,092: Total time for which application threads were stopped: 0,0001308 seconds, Stopping threads took: 0,0000183 seconds
2017-03-15T09:36:58.746+0100: 1,162: Total time for which application threads were stopped: 0,0001477 seconds, Stopping threads took: 0,0000292 seconds
2017-03-15T09:36:58.776+0100: 1,191: Total time for which application threads were stopped: 0,0001673 seconds, Stopping threads took: 0,0000230 seconds
2017-03-15T09:36:59.047+0100: 1,463: Total time for which application threads were stopped: 0,0002024 seconds, Stopping threads took: 0,0000190 seconds
2017-03-15T09:36:59.315+0100: 1,730: Total time for which application threads were stopped: 0,0001966 seconds, Stopping threads took: 0,0000116 seconds
2017-03-15T09:36:59.345+0100: 1,760: Total time for which application threads were stopped: 0,0001734 seconds, Stopping threads took: 0,0000129 seconds
2017-03-15T09:36:59.383+0100: 1,799: Total time for which application threads were stopped: 0,0002354 seconds, Stopping threads took: 0,0000260 seconds
2017-03-15T09:36:59.384+0100: 1,800: Total time for which application threads were stopped: 0,0002038 seconds, Stopping threads took: 0,0000299 seconds
2017-03-15T09:36:59.398+0100: 1,813: Total time for which application threads were stopped: 0,0001745 seconds, Stopping threads took: 0,0000236 seconds
2017-03-15T09:36:59.479+0100: 1,894: Total time for which application threads were stopped: 0,0002602 seconds, Stopping threads took: 0,0000216 seconds
2017-03-15T09:36:59.639+0100: 2,054: Total time for which application threads were stopped: 0,0004873 seconds, Stopping threads took: 0,0002749 seconds
{Heap before GC invocations=0 (full 0):
 par new generation   total 109248K, used 87424K [0x00000000e0000000, 0x00000000e8000000, 0x00000000e8000000)
  eden space 87424K, 100% used [0x00000000e0000000, 0x00000000e5560000, 0x00000000e5560000)
  from space 21824K,   0% used [0x00000000e5560000, 0x00000000e5560000, 0x00000000e6ab0000)
  to   space 21824K,   0% used [0x00000000e6ab0000, 0x00000000e6ab0000, 0x00000000e8000000)
 concurrent mark-sweep generation total 393216K, used 0K [0x00000000e8000000, 0x0000000100000000, 0x0000000100000000)
 Metaspace       used 18017K, capacity 18336K, committed 18688K, reserved 1064960K
  class space    used 2036K, capacity 2196K, committed 2304K, reserved 1048576K
2017-03-15T09:36:59.726+0100: 2,141: [GC (Allocation Failure) 2017-03-15T09:36:59.726+0100: 2,141: [ParNew
Desired survivor size 20112992 bytes, new threshold 8 (max 8)
- age   1:   12557816 bytes,   12557816 total
: 87424K->12379K(109248K), 0,0160473 secs] 87424K->12379K(502464K), 0,0161330 secs] [Times: user=0,03 sys=0,02, real=0,02 secs] 
Heap after GC invocations=1 (full 0):
 par new generation   total 109248K, used 12379K [0x00000000e0000000, 0x00000000e8000000, 0x00000000e8000000)
  eden space 87424K,   0% used [0x00000000e0000000, 0x00000000e0000000, 0x00000000e5560000)
  from space 21824K,  56% used [0x00000000e6ab0000, 0x00000000e76c6f48, 0x00000000e8000000)
  to   space 21824K,   0% used [0x00000000e5560000, 0x00000000e5560000, 0x00000000e6ab0000)
 concurrent mark-sweep generation total 393216K, used 0K [0x00000000e8000000, 0x0000000100000000, 0x0000000100000000)
 Metaspace       used 18017K, capacity 18336K, committed 18688K, reserved 1064960K
  class space    used 2036K, capacity 2196K, committed 2304K, reserved 1048576K
}
2017-03-15T09:36:59.742+0100: 2,157: Total time for which application threads were stopped: 0,0165123 seconds, Stopping threads took: 0,0001813 seconds
2017-03-15T09:37:00.076+0100: 2,492: Total time for which application threads were stopped: 0,0003849 seconds, Stopping threads took: 0,0000958 seconds
2017-03-15T09:37:00.120+0100: 2,536: Total time for which application threads were stopped: 0,0003609 seconds, Stopping threads took: 0,0000533 seconds
{Heap before GC invocations=1 (full 0):
 par new generation   total 109248K, used 99803K [0x00000000e0000000, 0x00000000e8000000, 0x00000000e8000000)
  eden space 87424K, 100% used [0x00000000e0000000, 0x00000000e5560000, 0x00000000e5560000)
  from space 21824K,  56% used [0x00000000e6ab0000, 0x00000000e76c6f48, 0x00000000e8000000)
  to   space 21824K,   0% used [0x00000000e5560000, 0x00000000e5560000, 0x00000000e6ab0000)
 concurrent mark-sweep generation total 393216K, used 0K [0x00000000e8000000, 0x0000000100000000, 0x0000000100000000)
 Metaspace       used 20068K, capacity 20432K, committed 20736K, reserved 1067008K
  class space    used 2298K, capacity 2472K, committed 2560K, reserved 1048576K
2017-03-15T09:37:00.122+0100: 2,538: [GC (Allocation Failure) 2017-03-15T09:37:00.122+0100: 2,538: [ParNew
Desired survivor size 20112992 bytes, new threshold 8 (max 8)
- age   1:    3763488 bytes,    3763488 total
- age   2:    6647864 bytes,   10411352 total
: 99803K->15607K(109248K), 0,0117819 secs] 99803K->15607K(502464K), 0,0118529 secs] [Times: user=0,03 sys=0,01, real=0,01 secs] 
Heap after GC invocations=2 (full 0):
 par new generation   total 109248K, used 15607K [0x00000000e0000000, 0x00000000e8000000, 0x00000000e8000000)
  eden space 87424K,   0% used [0x00000000e0000000, 0x00000000e0000000, 0x00000000e5560000)
  from space 21824K,  71% used [0x00000000e5560000, 0x00000000e649dd80, 0x00000000e6ab0000)
  to   space 21824K,   0% used [0x00000000e6ab0000, 0x00000000e6ab0000, 0x00000000e8000000)
 concurrent mark-sweep generation total 393216K, used 0K [0x00000000e8000000, 0x0000000100000000, 0x0000000100000000)
 Metaspace       used 20068K, capacity 20432K, committed 20736K, reserved 1067008K
  class space    used 2298K, capacity 2472K, committed 2560K, reserved 1048576K
}
2017-03-15T09:37:00.134+0100: 2,549: Total time for which application threads were stopped: 0,0120408 seconds, Stopping threads took: 0,0000634 seconds
2017-03-15T09:37:00.176+0100: 2,592: Total time for which application threads were stopped: 0,0004112 seconds, Stopping threads took: 0,0000656 seconds
2017-03-15T09:37:00.312+0100: 2,728: Total time for which application threads were stopped: 0,0002361 seconds, Stopping threads took: 0,0000671 seconds
{Heap before GC invocations=2 (full 0):
 par new generation   total 109248K, used 103031K [0x00000000e0000000, 0x00000000e8000000, 0x00000000e8000000)
  eden space 87424K, 100% used [0x00000000e0000000, 0x00000000e5560000, 0x00000000e5560000)
  from space 21824K,  71% used [0x00000000e5560000, 0x00000000e649dd80, 0x00000000e6ab0000)
  to   space 21824K,   0% used [0x00000000e6ab0000, 0x00000000e6ab0000, 0x00000000e8000000)
 concurrent mark-sweep generation total 393216K, used 0K [0x00000000e8000000, 0x0000000100000000, 0x0000000100000000)
 Metaspace       used 20984K, capacity 21296K, committed 21628K, reserved 1069056K
  class space    used 2420K, capacity 2592K, committed 2684K, reserved 1048576K
2017-03-15T09:37:00.346+0100: 2,762: [GC (Allocation Failure) 2017-03-15T09:37:00.346+0100: 2,762: [ParNew
Desired survivor size 20112992 bytes, new threshold 8 (max 8)
- age   1:    2175064 bytes,    2175064 total
- age   2:     862072 bytes,    3037136 total
- age   3:    6645600 bytes,    9682736 total
: 103031K->12354K(109248K), 0,0206674 secs] 103031K->12354K(502464K), 0,0207692 secs] [Times: user=0,07 sys=0,01, real=0,02 secs] 
Heap after GC invocations=3 (full 0):
 par new generation   total 109248K, used 12354K [0x00000000e0000000, 0x00000000e8000000, 0x00000000e8000000)
  eden space 87424K,   0% used [0x00000000e0000000, 0x00000000e0000000, 0x00000000e5560000)
  from space 21824K,  56% used [0x00000000e6ab0000, 0x00000000e76c0be8, 0x00000000e8000000)
  to   space 21824K,   0% used [0x00000000e5560000, 0x00000000e5560000, 0x00000000e6ab0000)
 concurrent mark-sweep generation total 393216K, used 0K [0x00000000e8000000, 0x0000000100000000, 0x0000000100000000)
 Metaspace       used 20984K, capacity 21296K, committed 21628K, reserved 1069056K
  class space    used 2420K, capacity 2592K, committed 2684K, reserved 1048576K
}
2017-03-15T09:37:00.367+0100: 2,782: Total time for which application threads were stopped: 0,0245961 seconds, Stopping threads took: 0,0036356 seconds
2017-03-15T09:37:00.374+0100: 2,790: [GC (CMS Initial Mark) [1 CMS-initial-mark: 0K(393216K)] 19349K(502464K), 0,0046144 secs] [Times: user=0,02 sys=0,00, real=0,01 secs] 
2017-03-15T09:37:00.379+0100: 2,795: Total time for which application threads were stopped: 0,0052799 seconds, Stopping threads took: 0,0005537 seconds
2017-03-15T09:37:00.379+0100: 2,795: [CMS-concurrent-mark-start]
2017-03-15T09:37:00.380+0100: 2,796: [CMS-concurrent-mark: 0,001/0,001 secs] [Times: user=0,00 sys=0,00, real=0,00 secs] 
2017-03-15T09:37:00.380+0100: 2,796: [CMS-concurrent-preclean-start]
2017-03-15T09:37:00.381+0100: 2,797: [CMS-concurrent-preclean: 0,001/0,001 secs] [Times: user=0,00 sys=0,00, real=0,00 secs] 
2017-03-15T09:37:00.381+0100: 2,797: [CMS-concurrent-abortable-preclean-start]
2017-03-15T09:37:00.450+0100: 2,865: Total time for which application threads were stopped: 0,0040756 seconds, Stopping threads took: 0,0039885 seconds
2017-03-15T09:37:00.484+0100: 2,900: Total time for which application threads were stopped: 0,0001784 seconds, Stopping threads took: 0,0000738 seconds
2017-03-15T09:37:00.484+0100: 2,900: [CMS-concurrent-abortable-preclean: 0,066/0,103 secs] [Times: user=0,39 sys=0,01, real=0,10 secs] 
{Heap before GC invocations=3 (full 1):
 par new generation   total 109248K, used 99779K [0x00000000e0000000, 0x00000000e8000000, 0x00000000e8000000)
  eden space 87424K, 100% used [0x00000000e0000000, 0x00000000e5560000, 0x00000000e5560000)
  from space 21824K,  56% used [0x00000000e6ab0000, 0x00000000e76c0df8, 0x00000000e8000000)
  to   space 21824K,   0% used [0x00000000e5560000, 0x00000000e5560000, 0x00000000e6ab0000)
 concurrent mark-sweep generation total 393216K, used 0K [0x00000000e8000000, 0x0000000100000000, 0x0000000100000000)
 Metaspace       used 21268K, capacity 21637K, committed 21884K, reserved 1069056K
  class space    used 2450K, capacity 2608K, committed 2684K, reserved 1048576K
2017-03-15T09:37:00.484+0100: 2,900: [GC (Allocation Failure) 2017-03-15T09:37:00.484+0100: 2,900: [ParNew
Desired survivor size 20112992 bytes, new threshold 8 (max 8)
- age   1:    1455448 bytes,    1455448 total
- age   2:    1462120 bytes,    2917568 total
- age   3:     830632 bytes,    3748200 total
- age   4:    6645768 bytes,   10393968 total
: 99779K->11672K(109248K), 0,0097031 secs] 99779K->11672K(502464K), 0,0097521 secs] [Times: user=0,04 sys=0,00, real=0,01 secs] 
Heap after GC invocations=4 (full 1):
 par new generation   total 109248K, used 11672K [0x00000000e0000000, 0x00000000e8000000, 0x00000000e8000000)
  eden space 87424K,   0% used [0x00000000e0000000, 0x00000000e0000000, 0x00000000e5560000)
  from space 21824K,  53% used [0x00000000e5560000, 0x00000000e60c6250, 0x00000000e6ab0000)
  to   space 21824K,   0% used [0x00000000e6ab0000, 0x00000000e6ab0000, 0x00000000e8000000)
 concurrent mark-sweep generation total 393216K, used 0K [0x00000000e8000000, 0x0000000100000000, 0x0000000100000000)
 Metaspace       used 21268K, capacity 21637K, committed 21884K, reserved 1069056K
  class space    used 2450K, capacity 2608K, committed 2684K, reserved 1048576K
}
2017-03-15T09:37:00.494+0100: 2,910: Total time for which application threads were stopped: 0,0099027 seconds, Stopping threads took: 0,0000209 seconds
2017-03-15T09:37:00.496+0100: 2,911: [GC (CMS Final Remark) [YG occupancy: 12961 K (109248 K)]{Heap before GC invocations=4 (full 1):
 par new generation   total 109248K, used 12961K [0x00000000e0000000, 0x00000000e8000000, 0x00000000e8000000)
  eden space 87424K,   1% used [0x00000000e0000000, 0x00000000e01423a8, 0x00000000e5560000)
  from space 21824K,  53% used [0x00000000e5560000, 0x00000000e60c6250, 0x00000000e6ab0000)
  to   space 21824K,   0% used [0x00000000e6ab0000, 0x00000000e6ab0000, 0x00000000e8000000)
 concurrent mark-sweep generation total 393216K, used 0K [0x00000000e8000000, 0x0000000100000000, 0x0000000100000000)
 Metaspace       used 21268K, capacity 21637K, committed 21884K, reserved 1069056K
  class space    used 2450K, capacity 2608K, committed 2684K, reserved 1048576K
2017-03-15T09:37:00.496+0100: 2,911: [GC (CMS Final Remark) 2017-03-15T09:37:00.496+0100: 2,911: [ParNew
Desired survivor size 20112992 bytes, new threshold 8 (max 8)
- age   1:     162864 bytes,     162864 total
- age   2:     813528 bytes,     976392 total
- age   3:    1462080 bytes,    2438472 total
- age   4:     830632 bytes,    3269104 total
- age   5:    6645600 bytes,    9914704 total
: 12961K->13169K(109248K), 0,0144699 secs] 12961K->13169K(502464K), 0,0145127 secs] [Times: user=0,05 sys=0,00, real=0,02 secs] 
Heap after GC invocations=5 (full 1):
 par new generation   total 109248K, used 13169K [0x00000000e0000000, 0x00000000e8000000, 0x00000000e8000000)
  eden space 87424K,   0% used [0x00000000e0000000, 0x00000000e0000000, 0x00000000e5560000)
  from space 21824K,  60% used [0x00000000e6ab0000, 0x00000000e778c770, 0x00000000e8000000)
  to   space 21824K,   0% used [0x00000000e5560000, 0x00000000e5560000, 0x00000000e6ab0000)
 concurrent mark-sweep generation total 393216K, used 0K [0x00000000e8000000, 0x0000000100000000, 0x0000000100000000)
 Metaspace       used 21268K, capacity 21637K, committed 21884K, reserved 1069056K
  class space    used 2450K, capacity 2608K, committed 2684K, reserved 1048576K
}
2017-03-15T09:37:00.510+0100: 2,926: [Rescan (parallel) , 0,0048618 secs]2017-03-15T09:37:00.515+0100: 2,931: [weak refs processing, 0,0004378 secs]2017-03-15T09:37:00.516+0100: 2,931: [class unloading, 0,0028798 secs]2017-03-15T09:37:00.518+0100: 2,934: [scrub symbol table, 0,0024396 secs]2017-03-15T09:37:00.521+0100: 2,936: [scrub string table, 0,0003638 secs][1 CMS-remark: 0K(393216K)] 13169K(502464K), 0,0261685 secs] [Times: user=0,07 sys=0,00, real=0,03 secs] 
2017-03-15T09:37:00.522+0100: 2,937: Total time for which application threads were stopped: 0,0263217 seconds, Stopping threads took: 0,0000568 seconds
2017-03-15T09:37:00.522+0100: 2,937: [CMS-concurrent-sweep-start]
{Heap before GC invocations=5 (full 1):
 par new generation   total 109248K, used 13169K [0x00000000e0000000, 0x00000000e8000000, 0x00000000e8000000)
  eden space 87424K,   0% used [0x00000000e0000000, 0x00000000e0000000, 0x00000000e5560000)
  from space 21824K,  60% used [0x00000000e6ab0000, 0x00000000e778c770, 0x00000000e8000000)
  to   space 21824K,   0% used [0x00000000e5560000, 0x00000000e5560000, 0x00000000e6ab0000)
 concurrent mark-sweep generation total 393216K, used 0K [0x00000000e8000000, 0x0000000100000000, 0x0000000100000000)
 Metaspace       used 21268K, capacity 21637K, committed 21884K, reserved 1069056K
  class space    used 2450K, capacity 2608K, committed 2684K, reserved 1048576K
2017-03-15T09:37:00.522+0100: 2,938: [GC (GCLocker Initiated GC) 2017-03-15T09:37:00.522+0100: 2,938: [ParNew
Desired survivor size 20112992 bytes, new threshold 8 (max 8)
- age   2:     162864 bytes,     162864 total
- age   3:     813528 bytes,     976392 total
- age   4:    1462080 bytes,    2438472 total
- age   5:     830632 bytes,    3269104 total
- age   6:    6645600 bytes,    9914704 total
: 13169K->11651K(109248K), 0,0094523 secs] 13169K->11651K(502464K), 0,0094954 secs] [Times: user=0,03 sys=0,00, real=0,01 secs] 
Heap after GC invocations=6 (full 1):
 par new generation   total 109248K, used 11651K [0x00000000e0000000, 0x00000000e8000000, 0x00000000e8000000)
  eden space 87424K,   0% used [0x00000000e0000000, 0x00000000e0000000, 0x00000000e5560000)
  from space 21824K,  53% used [0x00000000e5560000, 0x00000000e60c0ec0, 0x00000000e6ab0000)
  to   space 21824K,   0% used [0x00000000e6ab0000, 0x00000000e6ab0000, 0x00000000e8000000)
 concurrent mark-sweep generation total 393216K, used 0K [0x00000000e8000000, 0x0000000100000000, 0x0000000100000000)
 Metaspace       used 21268K, capacity 21637K, committed 21884K, reserved 1069056K
  class space    used 2450K, capacity 2608K, committed 2684K, reserved 1048576K
}
2017-03-15T09:37:00.532+0100: 2,947: Total time for which application threads were stopped: 0,0097778 seconds, Stopping threads took: 0,0001741 seconds
2017-03-15T09:37:00.532+0100: 2,947: [CMS-concurrent-sweep: 0,010/0,010 secs] [Times: user=0,03 sys=0,00, real=0,01 secs] 
2017-03-15T09:37:00.532+0100: 2,947: [CMS-concurrent-reset-start]
2017-03-15T09:37:00.534+0100: 2,950: [CMS-concurrent-reset: 0,003/0,003 secs] [Times: user=0,01 sys=0,00, real=0,00 secs] 
{Heap before GC invocations=6 (full 1):
 par new generation   total 109248K, used 99075K [0x00000000e0000000, 0x00000000e8000000, 0x00000000e8000000)
  eden space 87424K, 100% used [0x00000000e0000000, 0x00000000e5560000, 0x00000000e5560000)
  from space 21824K,  53% used [0x00000000e5560000, 0x00000000e60c0ec0, 0x00000000e6ab0000)
  to   space 21824K,   0% used [0x00000000e6ab0000, 0x00000000e6ab0000, 0x00000000e8000000)
 concurrent mark-sweep generation total 393216K, used 0K [0x00000000e8000000, 0x0000000100000000, 0x0000000100000000)
 Metaspace       used 21389K, capacity 21809K, committed 21884K, reserved 1069056K
  class space    used 2470K, capacity 2642K, committed 2684K, reserved 1048576K
2017-03-15T09:37:00.606+0100: 3,022: [GC (Allocation Failure) 2017-03-15T09:37:00.606+0100: 3,022: [ParNew
Desired survivor size 20112992 bytes, new threshold 8 (max 8)
- age   1:     889552 bytes,     889552 total
- age   3:       2544 bytes,     892096 total
- age   4:     180496 bytes,    1072592 total
- age   5:    1461768 bytes,    2534360 total
- age   6:     828616 bytes,    3362976 total
- age   7:    6645624 bytes,   10008600 total
: 99075K->15256K(109248K), 0,0146212 secs] 99075K->15256K(502464K), 0,0146915 secs] [Times: user=0,04 sys=0,00, real=0,02 secs] 
Heap after GC invocations=7 (full 1):
 par new generation   total 109248K, used 15256K [0x00000000e0000000, 0x00000000e8000000, 0x00000000e8000000)
  eden space 87424K,   0% used [0x00000000e0000000, 0x00000000e0000000, 0x00000000e5560000)
  from space 21824K,  69% used [0x00000000e6ab0000, 0x00000000e7996388, 0x00000000e8000000)
  to   space 21824K,   0% used [0x00000000e5560000, 0x00000000e5560000, 0x00000000e6ab0000)
 concurrent mark-sweep generation total 393216K, used 0K [0x00000000e8000000, 0x0000000100000000, 0x0000000100000000)
 Metaspace       used 21389K, capacity 21809K, committed 21884K, reserved 1069056K
  class space    used 2470K, capacity 2642K, committed 2684K, reserved 1048576K
}
2017-03-15T09:37:00.621+0100: 3,036: Total time for which application threads were stopped: 0,0149306 seconds, Stopping threads took: 0,0000765 seconds
2017-03-15T09:37:00.667+0100: 3,083: Total time for which application threads were stopped: 0,0003107 seconds, Stopping threads took: 0,0000183 seconds
2017-03-15T09:37:00.865+0100: 3,280: Total time for which application threads were stopped: 0,0004783 seconds, Stopping threads took: 0,0000784 seconds
2017-03-15T09:37:00.881+0100: 3,296: Total time for which application threads were stopped: 0,0003913 seconds, Stopping threads took: 0,0000549 seconds
{Heap before GC invocations=7 (full 1):
 par new generation   total 109248K, used 102680K [0x00000000e0000000, 0x00000000e8000000, 0x00000000e8000000)
  eden space 87424K, 100% used [0x00000000e0000000, 0x00000000e5560000, 0x00000000e5560000)
  from space 21824K,  69% used [0x00000000e6ab0000, 0x00000000e7996388, 0x00000000e8000000)
  to   space 21824K,   0% used [0x00000000e5560000, 0x00000000e5560000, 0x00000000e6ab0000)
 concurrent mark-sweep generation total 393216K, used 0K [0x00000000e8000000, 0x0000000100000000, 0x0000000100000000)
 Metaspace       used 24034K, capacity 24471K, committed 24572K, reserved 1071104K
  class space    used 2839K, capacity 3017K, committed 3068K, reserved 1048576K
2017-03-15T09:37:01.043+0100: 3,458: [GC (Allocation Failure) 2017-03-15T09:37:01.043+0100: 3,458: [ParNew
Desired survivor size 20112992 bytes, new threshold 8 (max 8)
- age   1:    5408752 bytes,    5408752 total
- age   2:     106808 bytes,    5515560 total
- age   4:       2520 bytes,    5518080 total
- age   5:     175136 bytes,    5693216 total
- age   6:     292192 bytes,    5985408 total
- age   7:     804296 bytes,    6789704 total
- age   8:    6637384 bytes,   13427088 total
: 102680K->15024K(109248K), 0,0125389 secs] 102680K->15024K(502464K), 0,0126251 secs] [Times: user=0,05 sys=0,00, real=0,01 secs] 
Heap after GC invocations=8 (full 1):
 par new generation   total 109248K, used 15024K [0x00000000e0000000, 0x00000000e8000000, 0x00000000e8000000)
  eden space 87424K,   0% used [0x00000000e0000000, 0x00000000e0000000, 0x00000000e5560000)
  from space 21824K,  68% used [0x00000000e5560000, 0x00000000e640c3d0, 0x00000000e6ab0000)
  to   space 21824K,   0% used [0x00000000e6ab0000, 0x00000000e6ab0000, 0x00000000e8000000)
 concurrent mark-sweep generation total 393216K, used 0K [0x00000000e8000000, 0x0000000100000000, 0x0000000100000000)
 Metaspace       used 24034K, capacity 24471K, committed 24572K, reserved 1071104K
  class space    used 2839K, capacity 3017K, committed 3068K, reserved 1048576K
}
2017-03-15T09:37:01.056+0100: 3,471: Total time for which application threads were stopped: 0,0129490 seconds, Stopping threads took: 0,0000681 seconds
{Heap before GC invocations=8 (full 1):
 par new generation   total 109248K, used 102448K [0x00000000e0000000, 0x00000000e8000000, 0x00000000e8000000)
  eden space 87424K, 100% used [0x00000000e0000000, 0x00000000e5560000, 0x00000000e5560000)
  from space 21824K,  68% used [0x00000000e5560000, 0x00000000e640c3d0, 0x00000000e6ab0000)
  to   space 21824K,   0% used [0x00000000e6ab0000, 0x00000000e6ab0000, 0x00000000e8000000)
 concurrent mark-sweep generation total 393216K, used 0K [0x00000000e8000000, 0x0000000100000000, 0x0000000100000000)
 Metaspace       used 24588K, capacity 25053K, committed 25212K, reserved 1071104K
  class space    used 2881K, capacity 3082K, committed 3196K, reserved 1048576K
2017-03-15T09:37:01.160+0100: 3,576: [GC (Allocation Failure) 2017-03-15T09:37:01.161+0100: 3,576: [ParNew
Desired survivor size 20112992 bytes, new threshold 8 (max 8)
- age   1:    1776616 bytes,    1776616 total
- age   2:    1794656 bytes,    3571272 total
- age   3:      45200 bytes,    3616472 total
- age   5:       2520 bytes,    3618992 total
- age   6:      98656 bytes,    3717648 total
- age   7:     185440 bytes,    3903088 total
- age   8:     770216 bytes,    4673304 total
: 102448K->10990K(109248K), 0,0340107 secs] 102448K->17032K(502464K), 0,0340968 secs] [Times: user=0,11 sys=0,00, real=0,03 secs] 
Heap after GC invocations=9 (full 1):
 par new generation   total 109248K, used 10990K [0x00000000e0000000, 0x00000000e8000000, 0x00000000e8000000)
  eden space 87424K,   0% used [0x00000000e0000000, 0x00000000e0000000, 0x00000000e5560000)
  from space 21824K,  50% used [0x00000000e6ab0000, 0x00000000e756b840, 0x00000000e8000000)
  to   space 21824K,   0% used [0x00000000e5560000, 0x00000000e5560000, 0x00000000e6ab0000)
 concurrent mark-sweep generation total 393216K, used 6042K [0x00000000e8000000, 0x0000000100000000, 0x0000000100000000)
 Metaspace       used 24588K, capacity 25053K, committed 25212K, reserved 1071104K
  class space    used 2881K, capacity 3082K, committed 3196K, reserved 1048576K
}
2017-03-15T09:37:01.195+0100: 3,610: Total time for which application threads were stopped: 0,0372113 seconds, Stopping threads took: 0,0028773 seconds
{Heap before GC invocations=9 (full 1):
 par new generation   total 109248K, used 98414K [0x00000000e0000000, 0x00000000e8000000, 0x00000000e8000000)
  eden space 87424K, 100% used [0x00000000e0000000, 0x00000000e5560000, 0x00000000e5560000)
  from space 21824K,  50% used [0x00000000e6ab0000, 0x00000000e756b840, 0x00000000e8000000)
  to   space 21824K,   0% used [0x00000000e5560000, 0x00000000e5560000, 0x00000000e6ab0000)
 concurrent mark-sweep generation total 393216K, used 6042K [0x00000000e8000000, 0x0000000100000000, 0x0000000100000000)
 Metaspace       used 24909K, capacity 25335K, committed 25468K, reserved 1071104K
  class space    used 2907K, capacity 3087K, committed 3196K, reserved 1048576K
2017-03-15T09:37:01.318+0100: 3,733: [GC (Allocation Failure) 2017-03-15T09:37:01.318+0100: 3,734: [ParNew
Desired survivor size 20112992 bytes, new threshold 8 (max 8)
- age   1:     560392 bytes,     560392 total
- age   2:    1041272 bytes,    1601664 total
- age   3:    1736088 bytes,    3337752 total
- age   4:      45200 bytes,    3382952 total
- age   6:       2520 bytes,    3385472 total
- age   7:      98488 bytes,    3483960 total
- age   8:     182400 bytes,    3666360 total
: 98414K->6006K(109248K), 0,0243398 secs] 104456K->12813K(502464K), 0,0244345 secs] [Times: user=0,08 sys=0,00, real=0,02 secs] 
Heap after GC invocations=10 (full 1):
 par new generation   total 109248K, used 6006K [0x00000000e0000000, 0x00000000e8000000, 0x00000000e8000000)
  eden space 87424K,   0% used [0x00000000e0000000, 0x00000000e0000000, 0x00000000e5560000)
  from space 21824K,  27% used [0x00000000e5560000, 0x00000000e5b3d870, 0x00000000e6ab0000)
  to   space 21824K,   0% used [0x00000000e6ab0000, 0x00000000e6ab0000, 0x00000000e8000000)
 concurrent mark-sweep generation total 393216K, used 6807K [0x00000000e8000000, 0x0000000100000000, 0x0000000100000000)
 Metaspace       used 24909K, capacity 25335K, committed 25468K, reserved 1071104K
  class space    used 2907K, capacity 3087K, committed 3196K, reserved 1048576K
}
2017-03-15T09:37:01.342+0100: 3,758: Total time for which application threads were stopped: 0,0299944 seconds, Stopping threads took: 0,0053657 seconds
2017-03-15T09:37:01.480+0100: 3,895: Total time for which application threads were stopped: 0,0005385 seconds, Stopping threads took: 0,0000652 seconds
2017-03-15T09:37:01.564+0100: 3,980: Total time for which application threads were stopped: 0,0004692 seconds, Stopping threads took: 0,0000257 seconds
2017-03-15T09:37:01.578+0100: 3,993: Total time for which application threads were stopped: 0,0003823 seconds, Stopping threads took: 0,0000146 seconds
2017-03-15T09:37:01.634+0100: 4,049: Total time for which application threads were stopped: 0,0006583 seconds, Stopping threads took: 0,0000709 seconds
2017-03-15T09:37:01.636+0100: 4,051: Total time for which application threads were stopped: 0,0001308 seconds, Stopping threads took: 0,0000368 seconds
2017-03-15T09:37:01.637+0100: 4,052: Total time for which application threads were stopped: 0,0003565 seconds, Stopping threads took: 0,0000193 seconds
2017-03-15T09:37:01.638+0100: 4,053: Total time for which application threads were stopped: 0,0001059 seconds, Stopping threads took: 0,0000464 seconds
2017-03-15T09:37:01.650+0100: 4,066: Total time for which application threads were stopped: 0,0002099 seconds, Stopping threads took: 0,0001230 seconds
2017-03-15T09:37:01.656+0100: 4,071: Total time for which application threads were stopped: 0,0053444 seconds, Stopping threads took: 0,0052386 seconds
2017-03-15T09:37:01.670+0100: 4,086: Total time for which application threads were stopped: 0,0001913 seconds, Stopping threads took: 0,0000460 seconds
2017-03-15T09:37:01.670+0100: 4,086: Total time for which application threads were stopped: 0,0002383 seconds, Stopping threads took: 0,0001205 seconds
2017-03-15T09:37:01.674+0100: 4,090: Total time for which application threads were stopped: 0,0001119 seconds, Stopping threads took: 0,0000381 seconds
2017-03-15T09:37:01.675+0100: 4,091: Total time for which application threads were stopped: 0,0001169 seconds, Stopping threads took: 0,0000376 seconds
2017-03-15T09:37:01.678+0100: 4,093: Total time for which application threads were stopped: 0,0009810 seconds, Stopping threads took: 0,0009135 seconds
2017-03-15T09:37:01.680+0100: 4,096: Total time for which application threads were stopped: 0,0001816 seconds, Stopping threads took: 0,0000922 seconds
2017-03-15T09:37:01.684+0100: 4,100: Total time for which application threads were stopped: 0,0001436 seconds, Stopping threads took: 0,0000470 seconds
2017-03-15T09:37:01.684+0100: 4,100: Total time for which application threads were stopped: 0,0001058 seconds, Stopping threads took: 0,0000318 seconds
2017-03-15T09:37:01.685+0100: 4,101: Total time for which application threads were stopped: 0,0001153 seconds, Stopping threads took: 0,0000299 seconds
2017-03-15T09:37:01.686+0100: 4,102: Total time for which application threads were stopped: 0,0001145 seconds, Stopping threads took: 0,0000327 seconds
2017-03-15T09:37:01.687+0100: 4,103: Total time for which application threads were stopped: 0,0001554 seconds, Stopping threads took: 0,0000243 seconds
2017-03-15T09:37:01.688+0100: 4,103: Total time for which application threads were stopped: 0,0001270 seconds, Stopping threads took: 0,0000408 seconds
2017-03-15T09:37:01.688+0100: 4,104: Total time for which application threads were stopped: 0,0001144 seconds, Stopping threads took: 0,0000288 seconds
2017-03-15T09:37:01.690+0100: 4,106: Total time for which application threads were stopped: 0,0001698 seconds, Stopping threads took: 0,0000295 seconds
2017-03-15T09:37:01.691+0100: 4,106: Total time for which application threads were stopped: 0,0001494 seconds, Stopping threads took: 0,0000605 seconds
2017-03-15T09:37:01.691+0100: 4,107: Total time for which application threads were stopped: 0,0001199 seconds, Stopping threads took: 0,0000375 seconds
2017-03-15T09:37:01.691+0100: 4,107: Total time for which application threads were stopped: 0,0001881 seconds, Stopping threads took: 0,0001020 seconds
2017-03-15T09:37:01.692+0100: 4,107: Total time for which application threads were stopped: 0,0001209 seconds, Stopping threads took: 0,0000741 seconds
2017-03-15T09:37:01.692+0100: 4,108: Total time for which application threads were stopped: 0,0007259 seconds, Stopping threads took: 0,0005383 seconds
2017-03-15T09:37:01.693+0100: 4,108: Total time for which application threads were stopped: 0,0001161 seconds, Stopping threads took: 0,0000316 seconds
2017-03-15T09:37:01.693+0100: 4,109: Total time for which application threads were stopped: 0,0001228 seconds, Stopping threads took: 0,0000282 seconds
2017-03-15T09:37:01.694+0100: 4,109: Total time for which application threads were stopped: 0,0001273 seconds, Stopping threads took: 0,0000307 seconds
2017-03-15T09:37:01.695+0100: 4,111: Total time for which application threads were stopped: 0,0008418 seconds, Stopping threads took: 0,0007331 seconds
2017-03-15T09:37:01.696+0100: 4,112: Total time for which application threads were stopped: 0,0001521 seconds, Stopping threads took: 0,0000375 seconds
2017-03-15T09:37:01.698+0100: 4,114: Total time for which application threads were stopped: 0,0001195 seconds, Stopping threads took: 0,0000271 seconds
2017-03-15T09:37:01.699+0100: 4,114: Total time for which application threads were stopped: 0,0000799 seconds, Stopping threads took: 0,0000169 seconds
2017-03-15T09:37:01.699+0100: 4,115: Total time for which application threads were stopped: 0,0000819 seconds, Stopping threads took: 0,0000217 seconds
2017-03-15T09:37:01.699+0100: 4,115: Total time for which application threads were stopped: 0,0000725 seconds, Stopping threads took: 0,0000190 seconds
2017-03-15T09:37:01.700+0100: 4,116: Total time for which application threads were stopped: 0,0000675 seconds, Stopping threads took: 0,0000146 seconds
2017-03-15T09:37:01.701+0100: 4,116: Total time for which application threads were stopped: 0,0000660 seconds, Stopping threads took: 0,0000142 seconds
2017-03-15T09:37:01.701+0100: 4,117: Total time for which application threads were stopped: 0,0000635 seconds, Stopping threads took: 0,0000139 seconds
2017-03-15T09:37:01.702+0100: 4,117: Total time for which application threads were stopped: 0,0000637 seconds, Stopping threads took: 0,0000143 seconds
2017-03-15T09:37:01.702+0100: 4,118: Total time for which application threads were stopped: 0,0000652 seconds, Stopping threads took: 0,0000138 seconds
2017-03-15T09:37:01.704+0100: 4,119: Total time for which application threads were stopped: 0,0002138 seconds, Stopping threads took: 0,0001258 seconds
2017-03-15T09:37:01.704+0100: 4,119: Total time for which application threads were stopped: 0,0000643 seconds, Stopping threads took: 0,0000146 seconds
2017-03-15T09:37:01.704+0100: 4,120: Total time for which application threads were stopped: 0,0000703 seconds, Stopping threads took: 0,0000135 seconds
2017-03-15T09:37:01.705+0100: 4,120: Total time for which application threads were stopped: 0,0000632 seconds, Stopping threads took: 0,0000125 seconds
2017-03-15T09:37:01.705+0100: 4,121: Total time for which application threads were stopped: 0,0000614 seconds, Stopping threads took: 0,0000132 seconds
2017-03-15T09:37:01.706+0100: 4,121: Total time for which application threads were stopped: 0,0000934 seconds, Stopping threads took: 0,0000363 seconds
2017-03-15T09:37:01.706+0100: 4,122: Total time for which application threads were stopped: 0,0001601 seconds, Stopping threads took: 0,0000129 seconds
2017-03-15T09:37:01.732+0100: 4,147: Total time for which application threads were stopped: 0,0002210 seconds, Stopping threads took: 0,0001274 seconds
2017-03-15T09:37:01.760+0100: 4,175: Total time for which application threads were stopped: 0,0001494 seconds, Stopping threads took: 0,0000470 seconds
2017-03-15T09:37:01.761+0100: 4,176: Total time for which application threads were stopped: 0,0001263 seconds, Stopping threads took: 0,0000387 seconds
2017-03-15T09:37:01.765+0100: 4,180: Total time for which application threads were stopped: 0,0001350 seconds, Stopping threads took: 0,0000411 seconds
2017-03-15T09:37:02.765+0100: 5,180: Total time for which application threads were stopped: 0,0001080 seconds, Stopping threads took: 0,0000254 seconds
2017-03-15T09:37:03.765+0100: 6,181: Total time for which application threads were stopped: 0,0000755 seconds, Stopping threads took: 0,0000158 seconds
2017-03-15T09:37:19.769+0100: 22,184: Total time for which application threads were stopped: 0,0001085 seconds, Stopping threads took: 0,0000287 seconds
2017-03-15T09:37:29.769+0100: 32,185: Total time for which application threads were stopped: 0,0001072 seconds, Stopping threads took: 0,0000265 seconds
2017-03-15T09:38:29.776+0100: 92,192: Total time for which application threads were stopped: 0,0001070 seconds, Stopping threads took: 0,0000278 seconds
2017-03-15T09:38:59.780+0100: 122,195: Total time for which application threads were stopped: 0,0001278 seconds, Stopping threads took: 0,0000453 seconds
{Heap before GC invocations=10 (full 1):
 par new generation   total 109248K, used 93430K [0x00000000e0000000, 0x00000000e8000000, 0x00000000e8000000)
  eden space 87424K, 100% used [0x00000000e0000000, 0x00000000e5560000, 0x00000000e5560000)
  from space 21824K,  27% used [0x00000000e5560000, 0x00000000e5b3d870, 0x00000000e6ab0000)
  to   space 21824K,   0% used [0x00000000e6ab0000, 0x00000000e6ab0000, 0x00000000e8000000)
 concurrent mark-sweep generation total 393216K, used 6807K [0x00000000e8000000, 0x0000000100000000, 0x0000000100000000)
 Metaspace       used 27989K, capacity 28515K, committed 28796K, reserved 1075200K
  class space    used 3216K, capacity 3395K, committed 3452K, reserved 1048576K
2017-03-15T09:39:53.699+0100: 176,115: [GC (Allocation Failure) 2017-03-15T09:39:53.699+0100: 176,115: [ParNew
Desired survivor size 20112992 bytes, new threshold 8 (max 8)
- age   1:   10681120 bytes,   10681120 total
- age   2:     192840 bytes,   10873960 total
- age   3:     257800 bytes,   11131760 total
- age   4:    1731448 bytes,   12863208 total
- age   5:      45200 bytes,   12908408 total
- age   7:       2520 bytes,   12910928 total
- age   8:      98360 bytes,   13009288 total
: 93430K->13827K(109248K), 0,0113520 secs] 100237K->20834K(502464K), 0,0114240 secs] [Times: user=0,04 sys=0,00, real=0,01 secs] 
Heap after GC invocations=11 (full 1):
 par new generation   total 109248K, used 13827K [0x00000000e0000000, 0x00000000e8000000, 0x00000000e8000000)
  eden space 87424K,   0% used [0x00000000e0000000, 0x00000000e0000000, 0x00000000e5560000)
  from space 21824K,  63% used [0x00000000e6ab0000, 0x00000000e7830c90, 0x00000000e8000000)
  to   space 21824K,   0% used [0x00000000e5560000, 0x00000000e5560000, 0x00000000e6ab0000)
 concurrent mark-sweep generation total 393216K, used 7007K [0x00000000e8000000, 0x0000000100000000, 0x0000000100000000)
 Metaspace       used 27989K, capacity 28515K, committed 28796K, reserved 1075200K
  class space    used 3216K, capacity 3395K, committed 3452K, reserved 1048576K
}
2017-03-15T09:39:53.711+0100: 176,126: Total time for which application threads were stopped: 0,0115862 seconds, Stopping threads took: 0,0000429 seconds
2017-03-15T09:39:53.713+0100: 176,128: Total time for which application threads were stopped: 0,0000746 seconds, Stopping threads took: 0,0000209 seconds
2017-03-15T09:39:53.713+0100: 176,128: Total time for which application threads were stopped: 0,0000454 seconds, Stopping threads took: 0,0000172 seconds
2017-03-15T09:41:34.722+0100: 277,138: Total time for which application threads were stopped: 0,0000813 seconds, Stopping threads took: 0,0000322 seconds
2017-03-15T09:41:44.724+0100: 287,139: Total time for which application threads were stopped: 0,0000828 seconds, Stopping threads took: 0,0000272 seconds
2017-03-15T09:44:59.744+0100: 482,159: Total time for which application threads were stopped: 0,0000858 seconds, Stopping threads took: 0,0000312 seconds
2017-03-15T09:47:29.760+0100: 632,176: Total time for which application threads were stopped: 0,0001833 seconds, Stopping threads took: 0,0000651 seconds
2017-03-15T09:52:59.800+0100: 962,215: Total time for which application threads were stopped: 0,0001149 seconds, Stopping threads took: 0,0000367 seconds
2017-03-15T10:00:33.851+0100: 1416,267: Total time for which application threads were stopped: 0,0000843 seconds, Stopping threads took: 0,0000337 seconds
2017-03-15T10:04:08.876+0100: 1631,291: Total time for which application threads were stopped: 0,0000827 seconds, Stopping threads took: 0,0000294 seconds
2017-03-15T10:04:13.876+0100: 1636,292: Total time for which application threads were stopped: 0,0000959 seconds, Stopping threads took: 0,0000197 seconds
2017-03-15T10:16:03.961+0100: 2346,377: Total time for which application threads were stopped: 0,0001717 seconds, Stopping threads took: 0,0000658 seconds
2017-03-15T10:16:04.961+0100: 2347,377: Total time for which application threads were stopped: 0,0000779 seconds, Stopping threads took: 0,0000146 seconds
2017-03-15T10:35:45.084+0100: 3527,500: Total time for which application threads were stopped: 0,0001011 seconds, Stopping threads took: 0,0000328 seconds
2017-03-15T10:42:59.131+0100: 3961,546: Total time for which application threads were stopped: 0,0000944 seconds, Stopping threads took: 0,0000364 seconds
2017-03-15T10:43:34.135+0100: 3996,550: Total time for which application threads were stopped: 0,0000909 seconds, Stopping threads took: 0,0000338 seconds
2017-03-15T10:43:44.136+0100: 4006,551: Total time for which application threads were stopped: 0,0001141 seconds, Stopping threads took: 0,0000397 seconds
2017-03-15T10:59:05.231+0100: 4927,646: Total time for which application threads were stopped: 0,0000933 seconds, Stopping threads took: 0,0000388 seconds
2017-03-15T10:59:45.235+0100: 4967,650: Total time for which application threads were stopped: 0,0001511 seconds, Stopping threads took: 0,0000609 seconds
2017-03-15T11:33:22.206+0100: 6927,181: Total time for which application threads were stopped: 0,0001563 seconds, Stopping threads took: 0,0000558 seconds
2017-03-15T11:37:57.237+0100: 7202,211: Total time for which application threads were stopped: 0,0000793 seconds, Stopping threads took: 0,0000298 seconds
2017-03-15T11:39:57.251+0100: 7322,225: Total time for which application threads were stopped: 0,0000813 seconds, Stopping threads took: 0,0000319 seconds
2017-03-15T11:45:57.297+0100: 7682,271: Total time for which application threads were stopped: 0,0000909 seconds, Stopping threads took: 0,0000365 seconds
2017-03-15T12:50:26.812+0100: 11551,786: Total time for which application threads were stopped: 0,0001055 seconds, Stopping threads took: 0,0000430 seconds
2017-03-15T13:53:57.264+0100: 15362,238: Total time for which application threads were stopped: 0,0000827 seconds, Stopping threads took: 0,0000303 seconds
2017-03-15T14:20:47.313+0100: 16972,287: Total time for which application threads were stopped: 0,0194870 seconds, Stopping threads took: 0,0193849 seconds
2017-03-15T14:20:47.317+0100: 16972,291: Total time for which application threads were stopped: 0,0005410 seconds, Stopping threads took: 0,0001161 seconds
2017-03-15T14:20:47.339+0100: 16972,314: Total time for which application threads were stopped: 0,0021402 seconds, Stopping threads took: 0,0020447 seconds
2017-03-15T14:20:47.344+0100: 16972,318: Total time for which application threads were stopped: 0,0001155 seconds, Stopping threads took: 0,0000482 seconds
2017-03-15T14:20:47.346+0100: 16972,320: Total time for which application threads were stopped: 0,0001365 seconds, Stopping threads took: 0,0000419 seconds
2017-03-15T14:20:47.347+0100: 16972,321: Total time for which application threads were stopped: 0,0001161 seconds, Stopping threads took: 0,0000280 seconds
2017-03-15T14:20:47.348+0100: 16972,322: Total time for which application threads were stopped: 0,0001168 seconds, Stopping threads took: 0,0000209 seconds
Heap
 par new generation   total 109248K, used 32066K [0x00000000e0000000, 0x00000000e8000000, 0x00000000e8000000)
  eden space 87424K,  20% used [0x00000000e0000000, 0x00000000e11cfce8, 0x00000000e5560000)
  from space 21824K,  63% used [0x00000000e6ab0000, 0x00000000e7830c90, 0x00000000e8000000)
  to   space 21824K,   0% used [0x00000000e5560000, 0x00000000e5560000, 0x00000000e6ab0000)
 concurrent mark-sweep generation total 393216K, used 7007K [0x00000000e8000000, 0x0000000100000000, 0x0000000100000000)
 Metaspace       used 28152K, capacity 28683K, committed 28796K, reserved 1075200K
  class space    used 3231K, capacity 3429K, committed 3452K, reserved 1048576K
