OpenJDK 64-Bit Server VM (25.131-b11) for linux-amd64 JRE (1.8.0_131-8u131-b11-0ubuntu1.16.04.2-b11), built on May  6 2017 02:45:27 by "buildd" with gcc 5.4.0 20160609
Memory: 4k page, physical 7867740k(7413180k free), swap 8076284k(8076284k free)
CommandLine flags: -XX:CMSInitiatingOccupancyFraction=50 -XX:CMSMaxAbortablePrecleanTime=6000 -XX:+CMSParallelRemarkEnabled -XX:+CMSScavengeBeforeRemark -XX:ConcGCThreads=4 -XX:InitialHeapSize=536870912 -XX:MaxHeapSize=536870912 -XX:MaxTenuringThreshold=8 -XX:NewRatio=3 -XX:OldPLABSize=16 -XX:OnOutOfMemoryError=/opt/solr/bin/oom_solr.sh 8983 /var/solr/logs -XX:ParallelGCThreads=4 -XX:+ParallelRefProcEnabled -XX:PretenureSizeThreshold=67108864 -XX:+PrintGC -XX:+PrintGCApplicationStoppedTime -XX:+PrintGCDateStamps -XX:+PrintGCDetails -XX:+PrintGCTimeStamps -XX:+PrintHeapAtGC -XX:+PrintTenuringDistribution -XX:SurvivorRatio=4 -XX:TargetSurvivorRatio=90 -XX:ThreadStackSize=256 -XX:+UseCMSInitiatingOccupancyOnly -XX:+UseCompressedClassPointers -XX:+UseCompressedOops -XX:+UseConcMarkSweepGC -XX:+UseParNewGC 
2017-06-26T21:06:06.257+0200: 0,141: Total time for which application threads were stopped: 0,0000655 seconds, Stopping threads took: 0,0000095 seconds
2017-06-26T21:06:06.358+0200: 0,242: Total time for which application threads were stopped: 0,0000962 seconds, Stopping threads took: 0,0000165 seconds
2017-06-26T21:06:06.370+0200: 0,254: Total time for which application threads were stopped: 0,0000767 seconds, Stopping threads took: 0,0000125 seconds
2017-06-26T21:06:06.581+0200: 0,466: Total time for which application threads were stopped: 0,0001601 seconds, Stopping threads took: 0,0000393 seconds
2017-06-26T21:06:07.093+0200: 0,977: Total time for which application threads were stopped: 0,0001553 seconds, Stopping threads took: 0,0000132 seconds
2017-06-26T21:06:07.179+0200: 1,063: Total time for which application threads were stopped: 0,0001901 seconds, Stopping threads took: 0,0000425 seconds
2017-06-26T21:06:07.199+0200: 1,084: Total time for which application threads were stopped: 0,0001710 seconds, Stopping threads took: 0,0000165 seconds
2017-06-26T21:06:07.497+0200: 1,381: Total time for which application threads were stopped: 0,0001543 seconds, Stopping threads took: 0,0000120 seconds
2017-06-26T21:06:07.731+0200: 1,615: Total time for which application threads were stopped: 0,0001880 seconds, Stopping threads took: 0,0000144 seconds
2017-06-26T21:06:07.751+0200: 1,636: Total time for which application threads were stopped: 0,0002052 seconds, Stopping threads took: 0,0000197 seconds
2017-06-26T21:06:07.791+0200: 1,675: Total time for which application threads were stopped: 0,0002540 seconds, Stopping threads took: 0,0000317 seconds
2017-06-26T21:06:07.794+0200: 1,678: Total time for which application threads were stopped: 0,0008170 seconds, Stopping threads took: 0,0001287 seconds
2017-06-26T21:06:07.810+0200: 1,695: Total time for which application threads were stopped: 0,0001780 seconds, Stopping threads took: 0,0000236 seconds
2017-06-26T21:06:07.905+0200: 1,789: Total time for which application threads were stopped: 0,0007805 seconds, Stopping threads took: 0,0000282 seconds
2017-06-26T21:06:08.068+0200: 1,952: Total time for which application threads were stopped: 0,0003234 seconds, Stopping threads took: 0,0001015 seconds
{Heap before GC invocations=0 (full 0):
 par new generation   total 109248K, used 87424K [0x00000000e0000000, 0x00000000e8000000, 0x00000000e8000000)
  eden space 87424K, 100% used [0x00000000e0000000, 0x00000000e5560000, 0x00000000e5560000)
  from space 21824K,   0% used [0x00000000e5560000, 0x00000000e5560000, 0x00000000e6ab0000)
  to   space 21824K,   0% used [0x00000000e6ab0000, 0x00000000e6ab0000, 0x00000000e8000000)
 concurrent mark-sweep generation total 393216K, used 0K [0x00000000e8000000, 0x0000000100000000, 0x0000000100000000)
 Metaspace       used 17809K, capacity 18112K, committed 18304K, reserved 1064960K
  class space    used 2025K, capacity 2164K, committed 2176K, reserved 1048576K
2017-06-26T21:06:08.098+0200: 1,983: [GC (Allocation Failure) 2017-06-26T21:06:08.098+0200: 1,983: [ParNew
Desired survivor size 20112992 bytes, new threshold 8 (max 8)
- age   1:   11477736 bytes,   11477736 total
: 87424K->11328K(109248K), 0,0135833 secs] 87424K->11328K(502464K), 0,0136692 secs] [Times: user=0,04 sys=0,00, real=0,01 secs] 
Heap after GC invocations=1 (full 0):
 par new generation   total 109248K, used 11328K [0x00000000e0000000, 0x00000000e8000000, 0x00000000e8000000)
  eden space 87424K,   0% used [0x00000000e0000000, 0x00000000e0000000, 0x00000000e5560000)
  from space 21824K,  51% used [0x00000000e6ab0000, 0x00000000e75c00e0, 0x00000000e8000000)
  to   space 21824K,   0% used [0x00000000e5560000, 0x00000000e5560000, 0x00000000e6ab0000)
 concurrent mark-sweep generation total 393216K, used 0K [0x00000000e8000000, 0x0000000100000000, 0x0000000100000000)
 Metaspace       used 17809K, capacity 18112K, committed 18304K, reserved 1064960K
  class space    used 2025K, capacity 2164K, committed 2176K, reserved 1048576K
}
2017-06-26T21:06:08.112+0200: 1,996: Total time for which application threads were stopped: 0,0177523 seconds, Stopping threads took: 0,0039254 seconds
2017-06-26T21:06:08.482+0200: 2,366: Total time for which application threads were stopped: 0,0003552 seconds, Stopping threads took: 0,0000723 seconds
{Heap before GC invocations=1 (full 0):
 par new generation   total 109248K, used 98752K [0x00000000e0000000, 0x00000000e8000000, 0x00000000e8000000)
  eden space 87424K, 100% used [0x00000000e0000000, 0x00000000e5560000, 0x00000000e5560000)
  from space 21824K,  51% used [0x00000000e6ab0000, 0x00000000e75c00e0, 0x00000000e8000000)
  to   space 21824K,   0% used [0x00000000e5560000, 0x00000000e5560000, 0x00000000e6ab0000)
 concurrent mark-sweep generation total 393216K, used 0K [0x00000000e8000000, 0x0000000100000000, 0x0000000100000000)
 Metaspace       used 20034K, capacity 20372K, committed 20736K, reserved 1067008K
  class space    used 2297K, capacity 2472K, committed 2560K, reserved 1048576K
2017-06-26T21:06:08.513+0200: 2,398: [GC (Allocation Failure) 2017-06-26T21:06:08.513+0200: 2,398: [ParNew
Desired survivor size 20112992 bytes, new threshold 8 (max 8)
- age   1:    4425784 bytes,    4425784 total
- age   2:    6046632 bytes,   10472416 total
: 98752K->14400K(109248K), 0,0183757 secs] 98752K->14400K(502464K), 0,0184489 secs] [Times: user=0,06 sys=0,00, real=0,02 secs] 
Heap after GC invocations=2 (full 0):
 par new generation   total 109248K, used 14400K [0x00000000e0000000, 0x00000000e8000000, 0x00000000e8000000)
  eden space 87424K,   0% used [0x00000000e0000000, 0x00000000e0000000, 0x00000000e5560000)
  from space 21824K,  65% used [0x00000000e5560000, 0x00000000e63703c0, 0x00000000e6ab0000)
  to   space 21824K,   0% used [0x00000000e6ab0000, 0x00000000e6ab0000, 0x00000000e8000000)
 concurrent mark-sweep generation total 393216K, used 0K [0x00000000e8000000, 0x0000000100000000, 0x0000000100000000)
 Metaspace       used 20034K, capacity 20372K, committed 20736K, reserved 1067008K
  class space    used 2297K, capacity 2472K, committed 2560K, reserved 1048576K
}
2017-06-26T21:06:08.532+0200: 2,416: Total time for which application threads were stopped: 0,0186755 seconds, Stopping threads took: 0,0000594 seconds
2017-06-26T21:06:08.543+0200: 2,427: Total time for which application threads were stopped: 0,0003032 seconds, Stopping threads took: 0,0000423 seconds
2017-06-26T21:06:08.580+0200: 2,465: Total time for which application threads were stopped: 0,0003591 seconds, Stopping threads took: 0,0000319 seconds
2017-06-26T21:06:08.706+0200: 2,590: Total time for which application threads were stopped: 0,0002009 seconds, Stopping threads took: 0,0000526 seconds
{Heap before GC invocations=2 (full 0):
 par new generation   total 109248K, used 101824K [0x00000000e0000000, 0x00000000e8000000, 0x00000000e8000000)
  eden space 87424K, 100% used [0x00000000e0000000, 0x00000000e5560000, 0x00000000e5560000)
  from space 21824K,  65% used [0x00000000e5560000, 0x00000000e63703c0, 0x00000000e6ab0000)
  to   space 21824K,   0% used [0x00000000e6ab0000, 0x00000000e6ab0000, 0x00000000e8000000)
 concurrent mark-sweep generation total 393216K, used 0K [0x00000000e8000000, 0x0000000100000000, 0x0000000100000000)
 Metaspace       used 20954K, capacity 21294K, committed 21628K, reserved 1069056K
  class space    used 2419K, capacity 2591K, committed 2684K, reserved 1048576K
2017-06-26T21:06:08.744+0200: 2,629: [GC (Allocation Failure) 2017-06-26T21:06:08.745+0200: 2,629: [ParNew
Desired survivor size 20112992 bytes, new threshold 8 (max 8)
- age   1:    2116304 bytes,    2116304 total
- age   2:    1447720 bytes,    3564024 total
- age   3:    6046304 bytes,    9610328 total
: 101824K->12679K(109248K), 0,0181086 secs] 101824K->12679K(502464K), 0,0182037 secs] [Times: user=0,07 sys=0,00, real=0,02 secs] 
Heap after GC invocations=3 (full 0):
 par new generation   total 109248K, used 12679K [0x00000000e0000000, 0x00000000e8000000, 0x00000000e8000000)
  eden space 87424K,   0% used [0x00000000e0000000, 0x00000000e0000000, 0x00000000e5560000)
  from space 21824K,  58% used [0x00000000e6ab0000, 0x00000000e7711cf8, 0x00000000e8000000)
  to   space 21824K,   0% used [0x00000000e5560000, 0x00000000e5560000, 0x00000000e6ab0000)
 concurrent mark-sweep generation total 393216K, used 0K [0x00000000e8000000, 0x0000000100000000, 0x0000000100000000)
 Metaspace       used 20954K, capacity 21294K, committed 21628K, reserved 1069056K
  class space    used 2419K, capacity 2591K, committed 2684K, reserved 1048576K
}
2017-06-26T21:06:08.763+0200: 2,647: Total time for which application threads were stopped: 0,0184385 seconds, Stopping threads took: 0,0000791 seconds
2017-06-26T21:06:08.774+0200: 2,659: [GC (CMS Initial Mark) [1 CMS-initial-mark: 0K(393216K)] 25332K(502464K), 0,0084730 secs] [Times: user=0,03 sys=0,00, real=0,01 secs] 
2017-06-26T21:06:08.783+0200: 2,667: Total time for which application threads were stopped: 0,0086747 seconds, Stopping threads took: 0,0000776 seconds
2017-06-26T21:06:08.783+0200: 2,667: [CMS-concurrent-mark-start]
2017-06-26T21:06:08.784+0200: 2,668: [CMS-concurrent-mark: 0,001/0,001 secs] [Times: user=0,00 sys=0,00, real=0,00 secs] 
2017-06-26T21:06:08.784+0200: 2,668: [CMS-concurrent-preclean-start]
2017-06-26T21:06:08.785+0200: 2,669: [CMS-concurrent-preclean: 0,001/0,001 secs] [Times: user=0,00 sys=0,00, real=0,00 secs] 
2017-06-26T21:06:08.785+0200: 2,669: [CMS-concurrent-abortable-preclean-start]
2017-06-26T21:06:08.867+0200: 2,751: Total time for which application threads were stopped: 0,0007741 seconds, Stopping threads took: 0,0006940 seconds
{Heap before GC invocations=3 (full 1):
 par new generation   total 109248K, used 100103K [0x00000000e0000000, 0x00000000e8000000, 0x00000000e8000000)
  eden space 87424K, 100% used [0x00000000e0000000, 0x00000000e5560000, 0x00000000e5560000)
  from space 21824K,  58% used [0x00000000e6ab0000, 0x00000000e7711cf8, 0x00000000e8000000)
  to   space 21824K,   0% used [0x00000000e5560000, 0x00000000e5560000, 0x00000000e6ab0000)
 concurrent mark-sweep generation total 393216K, used 0K [0x00000000e8000000, 0x0000000100000000, 0x0000000100000000)
 Metaspace       used 21234K, capacity 21562K, committed 21884K, reserved 1069056K
  class space    used 2450K, capacity 2606K, committed 2684K, reserved 1048576K
2017-06-26T21:06:08.882+0200: 2,767: [GC (Allocation Failure) 2017-06-26T21:06:08.882+0200: 2,767: [ParNew
Desired survivor size 20112992 bytes, new threshold 8 (max 8)
- age   1:     765456 bytes,     765456 total
- age   2:    1473864 bytes,    2239320 total
- age   3:    1410928 bytes,    3650248 total
- age   4:    6046160 bytes,    9696408 total
: 100103K->12320K(109248K), 0,0119017 secs] 100103K->12320K(502464K), 0,0119681 secs] [Times: user=0,03 sys=0,00, real=0,01 secs] 
Heap after GC invocations=4 (full 1):
 par new generation   total 109248K, used 12320K [0x00000000e0000000, 0x00000000e8000000, 0x00000000e8000000)
  eden space 87424K,   0% used [0x00000000e0000000, 0x00000000e0000000, 0x00000000e5560000)
  from space 21824K,  56% used [0x00000000e5560000, 0x00000000e6168190, 0x00000000e6ab0000)
  to   space 21824K,   0% used [0x00000000e6ab0000, 0x00000000e6ab0000, 0x00000000e8000000)
 concurrent mark-sweep generation total 393216K, used 0K [0x00000000e8000000, 0x0000000100000000, 0x0000000100000000)
 Metaspace       used 21234K, capacity 21562K, committed 21884K, reserved 1069056K
  class space    used 2450K, capacity 2606K, committed 2684K, reserved 1048576K
}
2017-06-26T21:06:08.894+0200: 2,779: Total time for which application threads were stopped: 0,0121347 seconds, Stopping threads took: 0,0000348 seconds
{Heap before GC invocations=4 (full 1):
 par new generation   total 109248K, used 99744K [0x00000000e0000000, 0x00000000e8000000, 0x00000000e8000000)
  eden space 87424K, 100% used [0x00000000e0000000, 0x00000000e5560000, 0x00000000e5560000)
  from space 21824K,  56% used [0x00000000e5560000, 0x00000000e6168190, 0x00000000e6ab0000)
  to   space 21824K,   0% used [0x00000000e6ab0000, 0x00000000e6ab0000, 0x00000000e8000000)
 concurrent mark-sweep generation total 393216K, used 0K [0x00000000e8000000, 0x0000000100000000, 0x0000000100000000)
 Metaspace       used 21381K, capacity 21792K, committed 21884K, reserved 1069056K
  class space    used 2467K, capacity 2639K, committed 2684K, reserved 1048576K
2017-06-26T21:06:08.986+0200: 2,871: [GC (Allocation Failure) 2017-06-26T21:06:08.986+0200: 2,871: [ParNew2017-06-26T21:06:08.995+0200: 2,880: [CMS-concurrent-abortable-preclean: 0,087/0,211 secs] [Times: user=0,74 sys=0,02, real=0,21 secs] 

Desired survivor size 20112992 bytes, new threshold 8 (max 8)
- age   1:     586768 bytes,     586768 total
- age   2:     188952 bytes,     775720 total
- age   3:    1473808 bytes,    2249528 total
- age   4:    1410848 bytes,    3660376 total
- age   5:    6046304 bytes,    9706680 total
: 99744K->13153K(109248K), 0,0106184 secs] 99744K->13153K(502464K), 0,0106766 secs] [Times: user=0,03 sys=0,00, real=0,01 secs] 
Heap after GC invocations=5 (full 1):
 par new generation   total 109248K, used 13153K [0x00000000e0000000, 0x00000000e8000000, 0x00000000e8000000)
  eden space 87424K,   0% used [0x00000000e0000000, 0x00000000e0000000, 0x00000000e5560000)
  from space 21824K,  60% used [0x00000000e6ab0000, 0x00000000e77884a8, 0x00000000e8000000)
  to   space 21824K,   0% used [0x00000000e5560000, 0x00000000e5560000, 0x00000000e6ab0000)
 concurrent mark-sweep generation total 393216K, used 0K [0x00000000e8000000, 0x0000000100000000, 0x0000000100000000)
 Metaspace       used 21381K, capacity 21792K, committed 21884K, reserved 1069056K
  class space    used 2467K, capacity 2639K, committed 2684K, reserved 1048576K
}
2017-06-26T21:06:08.997+0200: 2,881: Total time for which application threads were stopped: 0,0135170 seconds, Stopping threads took: 0,0026837 seconds
2017-06-26T21:06:08.997+0200: 2,881: [GC (CMS Final Remark) [YG occupancy: 13791 K (109248 K)]{Heap before GC invocations=5 (full 1):
 par new generation   total 109248K, used 13791K [0x00000000e0000000, 0x00000000e8000000, 0x00000000e8000000)
  eden space 87424K,   0% used [0x00000000e0000000, 0x00000000e009fb40, 0x00000000e5560000)
  from space 21824K,  60% used [0x00000000e6ab0000, 0x00000000e77884a8, 0x00000000e8000000)
  to   space 21824K,   0% used [0x00000000e5560000, 0x00000000e5560000, 0x00000000e6ab0000)
 concurrent mark-sweep generation total 393216K, used 0K [0x00000000e8000000, 0x0000000100000000, 0x0000000100000000)
 Metaspace       used 21381K, capacity 21792K, committed 21884K, reserved 1069056K
  class space    used 2467K, capacity 2639K, committed 2684K, reserved 1048576K
2017-06-26T21:06:08.997+0200: 2,881: [GC (CMS Final Remark) 2017-06-26T21:06:08.997+0200: 2,881: [ParNew
Desired survivor size 20112992 bytes, new threshold 8 (max 8)
- age   1:      16456 bytes,      16456 total
- age   2:     586768 bytes,     603224 total
- age   3:     188952 bytes,     792176 total
- age   4:    1473760 bytes,    2265936 total
- age   5:    1410848 bytes,    3676784 total
- age   6:    6046184 bytes,    9722968 total
: 13791K->10688K(109248K), 0,0090498 secs] 13791K->10688K(502464K), 0,0090841 secs] [Times: user=0,04 sys=0,00, real=0,01 secs] 
Heap after GC invocations=6 (full 1):
 par new generation   total 109248K, used 10688K [0x00000000e0000000, 0x00000000e8000000, 0x00000000e8000000)
  eden space 87424K,   0% used [0x00000000e0000000, 0x00000000e0000000, 0x00000000e5560000)
  from space 21824K,  48% used [0x00000000e5560000, 0x00000000e5fd0118, 0x00000000e6ab0000)
  to   space 21824K,   0% used [0x00000000e6ab0000, 0x00000000e6ab0000, 0x00000000e8000000)
 concurrent mark-sweep generation total 393216K, used 0K [0x00000000e8000000, 0x0000000100000000, 0x0000000100000000)
 Metaspace       used 21381K, capacity 21792K, committed 21884K, reserved 1069056K
  class space    used 2467K, capacity 2639K, committed 2684K, reserved 1048576K
}
2017-06-26T21:06:09.006+0200: 2,891: [Rescan (parallel) , 0,0031739 secs]2017-06-26T21:06:09.009+0200: 2,894: [weak refs processing, 0,0010776 secs]2017-06-26T21:06:09.010+0200: 2,895: [class unloading, 0,0028230 secs]2017-06-26T21:06:09.013+0200: 2,898: [scrub symbol table, 0,0030714 secs]2017-06-26T21:06:09.016+0200: 2,901: [scrub string table, 0,0003995 secs][1 CMS-remark: 0K(393216K)] 10688K(502464K), 0,0203090 secs] [Times: user=0,05 sys=0,00, real=0,02 secs] 
2017-06-26T21:06:09.017+0200: 2,902: Total time for which application threads were stopped: 0,0204191 seconds, Stopping threads took: 0,0000321 seconds
2017-06-26T21:06:09.017+0200: 2,902: [CMS-concurrent-sweep-start]
2017-06-26T21:06:09.017+0200: 2,902: [CMS-concurrent-sweep: 0,000/0,000 secs] [Times: user=0,00 sys=0,00, real=0,00 secs] 
2017-06-26T21:06:09.018+0200: 2,902: [CMS-concurrent-reset-start]
2017-06-26T21:06:09.020+0200: 2,905: [CMS-concurrent-reset: 0,003/0,003 secs] [Times: user=0,01 sys=0,01, real=0,00 secs] 
2017-06-26T21:06:09.057+0200: 2,941: Total time for which application threads were stopped: 0,0003265 seconds, Stopping threads took: 0,0000283 seconds
2017-06-26T21:06:09.286+0200: 3,170: Total time for which application threads were stopped: 0,0005160 seconds, Stopping threads took: 0,0000534 seconds
2017-06-26T21:06:09.300+0200: 3,184: Total time for which application threads were stopped: 0,0004347 seconds, Stopping threads took: 0,0000369 seconds
{Heap before GC invocations=6 (full 1):
 par new generation   total 109248K, used 98112K [0x00000000e0000000, 0x00000000e8000000, 0x00000000e8000000)
  eden space 87424K, 100% used [0x00000000e0000000, 0x00000000e5560000, 0x00000000e5560000)
  from space 21824K,  48% used [0x00000000e5560000, 0x00000000e5fd0118, 0x00000000e6ab0000)
  to   space 21824K,   0% used [0x00000000e6ab0000, 0x00000000e6ab0000, 0x00000000e8000000)
 concurrent mark-sweep generation total 393216K, used 0K [0x00000000e8000000, 0x0000000100000000, 0x0000000100000000)
 Metaspace       used 23949K, capacity 24392K, committed 24572K, reserved 1071104K
  class space    used 2834K, capacity 3015K, committed 3068K, reserved 1048576K
2017-06-26T21:06:09.468+0200: 3,352: [GC (Allocation Failure) 2017-06-26T21:06:09.468+0200: 3,352: [ParNew
Desired survivor size 20112992 bytes, new threshold 8 (max 8)
- age   1:    5547392 bytes,    5547392 total
- age   3:     104808 bytes,    5652200 total
- age   4:     187320 bytes,    5839520 total
- age   5:     304104 bytes,    6143624 total
- age   6:    1386592 bytes,    7530216 total
- age   7:    6038008 bytes,   13568224 total
: 98112K->16617K(109248K), 0,0115984 secs] 98112K->16617K(502464K), 0,0116649 secs] [Times: user=0,04 sys=0,00, real=0,01 secs] 
Heap after GC invocations=7 (full 1):
 par new generation   total 109248K, used 16617K [0x00000000e0000000, 0x00000000e8000000, 0x00000000e8000000)
  eden space 87424K,   0% used [0x00000000e0000000, 0x00000000e0000000, 0x00000000e5560000)
  from space 21824K,  76% used [0x00000000e6ab0000, 0x00000000e7aea740, 0x00000000e8000000)
  to   space 21824K,   0% used [0x00000000e5560000, 0x00000000e5560000, 0x00000000e6ab0000)
 concurrent mark-sweep generation total 393216K, used 0K [0x00000000e8000000, 0x0000000100000000, 0x0000000100000000)
 Metaspace       used 23949K, capacity 24392K, committed 24572K, reserved 1071104K
  class space    used 2834K, capacity 3015K, committed 3068K, reserved 1048576K
}
2017-06-26T21:06:09.480+0200: 3,364: Total time for which application threads were stopped: 0,0127238 seconds, Stopping threads took: 0,0008632 seconds
{Heap before GC invocations=7 (full 1):
 par new generation   total 109248K, used 104041K [0x00000000e0000000, 0x00000000e8000000, 0x00000000e8000000)
  eden space 87424K, 100% used [0x00000000e0000000, 0x00000000e5560000, 0x00000000e5560000)
  from space 21824K,  76% used [0x00000000e6ab0000, 0x00000000e7aea740, 0x00000000e8000000)
  to   space 21824K,   0% used [0x00000000e5560000, 0x00000000e5560000, 0x00000000e6ab0000)
 concurrent mark-sweep generation total 393216K, used 0K [0x00000000e8000000, 0x0000000100000000, 0x0000000100000000)
 Metaspace       used 24417K, capacity 24878K, committed 25084K, reserved 1071104K
  class space    used 2863K, capacity 3048K, committed 3068K, reserved 1048576K
2017-06-26T21:06:09.566+0200: 3,451: [GC (Allocation Failure) 2017-06-26T21:06:09.566+0200: 3,451: [ParNew
Desired survivor size 20112992 bytes, new threshold 8 (max 8)
- age   1:    1552264 bytes,    1552264 total
- age   2:    1828904 bytes,    3381168 total
- age   4:      55048 bytes,    3436216 total
- age   5:     107344 bytes,    3543560 total
- age   6:     180112 bytes,    3723672 total
- age   7:     971248 bytes,    4694920 total
- age   8:    5902760 bytes,   10597680 total
: 104041K->15018K(109248K), 0,0125908 secs] 104041K->15018K(502464K), 0,0126773 secs] [Times: user=0,04 sys=0,00, real=0,01 secs] 
Heap after GC invocations=8 (full 1):
 par new generation   total 109248K, used 15018K [0x00000000e0000000, 0x00000000e8000000, 0x00000000e8000000)
  eden space 87424K,   0% used [0x00000000e0000000, 0x00000000e0000000, 0x00000000e5560000)
  from space 21824K,  68% used [0x00000000e5560000, 0x00000000e640aa60, 0x00000000e6ab0000)
  to   space 21824K,   0% used [0x00000000e6ab0000, 0x00000000e6ab0000, 0x00000000e8000000)
 concurrent mark-sweep generation total 393216K, used 0K [0x00000000e8000000, 0x0000000100000000, 0x0000000100000000)
 Metaspace       used 24417K, capacity 24878K, committed 25084K, reserved 1071104K
  class space    used 2863K, capacity 3048K, committed 3068K, reserved 1048576K
}
2017-06-26T21:06:09.579+0200: 3,463: Total time for which application threads were stopped: 0,0129034 seconds, Stopping threads took: 0,0000462 seconds
{Heap before GC invocations=8 (full 1):
 par new generation   total 109248K, used 102442K [0x00000000e0000000, 0x00000000e8000000, 0x00000000e8000000)
  eden space 87424K, 100% used [0x00000000e0000000, 0x00000000e5560000, 0x00000000e5560000)
  from space 21824K,  68% used [0x00000000e5560000, 0x00000000e640aa60, 0x00000000e6ab0000)
  to   space 21824K,   0% used [0x00000000e6ab0000, 0x00000000e6ab0000, 0x00000000e8000000)
 concurrent mark-sweep generation total 393216K, used 0K [0x00000000e8000000, 0x0000000100000000, 0x0000000100000000)
 Metaspace       used 24769K, capacity 25256K, committed 25468K, reserved 1071104K
  class space    used 2897K, capacity 3085K, committed 3196K, reserved 1048576K
2017-06-26T21:06:09.671+0200: 3,555: [GC (Allocation Failure) 2017-06-26T21:06:09.671+0200: 3,555: [ParNew
Desired survivor size 20112992 bytes, new threshold 8 (max 8)
- age   1:     698056 bytes,     698056 total
- age   2:     975728 bytes,    1673784 total
- age   3:    1796200 bytes,    3469984 total
- age   5:      55048 bytes,    3525032 total
- age   6:     107240 bytes,    3632272 total
- age   7:     180112 bytes,    3812384 total
- age   8:     971248 bytes,    4783632 total
: 102442K->8605K(109248K), 0,0300656 secs] 102442K->14452K(502464K), 0,0301356 secs] [Times: user=0,10 sys=0,00, real=0,03 secs] 
Heap after GC invocations=9 (full 1):
 par new generation   total 109248K, used 8605K [0x00000000e0000000, 0x00000000e8000000, 0x00000000e8000000)
  eden space 87424K,   0% used [0x00000000e0000000, 0x00000000e0000000, 0x00000000e5560000)
  from space 21824K,  39% used [0x00000000e6ab0000, 0x00000000e7317770, 0x00000000e8000000)
  to   space 21824K,   0% used [0x00000000e5560000, 0x00000000e5560000, 0x00000000e6ab0000)
 concurrent mark-sweep generation total 393216K, used 5846K [0x00000000e8000000, 0x0000000100000000, 0x0000000100000000)
 Metaspace       used 24769K, capacity 25256K, committed 25468K, reserved 1071104K
  class space    used 2897K, capacity 3085K, committed 3196K, reserved 1048576K
}
2017-06-26T21:06:09.701+0200: 3,585: Total time for which application threads were stopped: 0,0303651 seconds, Stopping threads took: 0,0000846 seconds
2017-06-26T21:06:10.011+0200: 3,895: Total time for which application threads were stopped: 0,0004982 seconds, Stopping threads took: 0,0000359 seconds
2017-06-26T21:06:10.023+0200: 3,908: Total time for which application threads were stopped: 0,0004509 seconds, Stopping threads took: 0,0000228 seconds
2017-06-26T21:06:10.086+0200: 3,970: Total time for which application threads were stopped: 0,0004682 seconds, Stopping threads took: 0,0000391 seconds
2017-06-26T21:06:10.175+0200: 4,059: Total time for which application threads were stopped: 0,0051003 seconds, Stopping threads took: 0,0045614 seconds
2017-06-26T21:06:10.193+0200: 4,077: Total time for which application threads were stopped: 0,0027718 seconds, Stopping threads took: 0,0026575 seconds
2017-06-26T21:06:10.198+0200: 4,083: Total time for which application threads were stopped: 0,0001902 seconds, Stopping threads took: 0,0000568 seconds
2017-06-26T21:06:10.199+0200: 4,083: Total time for which application threads were stopped: 0,0002177 seconds, Stopping threads took: 0,0001195 seconds
2017-06-26T21:06:10.199+0200: 4,084: Total time for which application threads were stopped: 0,0004654 seconds, Stopping threads took: 0,0000299 seconds
2017-06-26T21:06:10.203+0200: 4,087: Total time for which application threads were stopped: 0,0001334 seconds, Stopping threads took: 0,0000325 seconds
2017-06-26T21:06:10.205+0200: 4,089: Total time for which application threads were stopped: 0,0001532 seconds, Stopping threads took: 0,0000847 seconds
2017-06-26T21:06:10.205+0200: 4,089: Total time for which application threads were stopped: 0,0000815 seconds, Stopping threads took: 0,0000208 seconds
2017-06-26T21:06:10.205+0200: 4,089: Total time for which application threads were stopped: 0,0000796 seconds, Stopping threads took: 0,0000199 seconds
2017-06-26T21:06:10.206+0200: 4,090: Total time for which application threads were stopped: 0,0001126 seconds, Stopping threads took: 0,0000329 seconds
2017-06-26T21:06:10.207+0200: 4,091: Total time for which application threads were stopped: 0,0000993 seconds, Stopping threads took: 0,0000252 seconds
2017-06-26T21:06:10.208+0200: 4,092: Total time for which application threads were stopped: 0,0000965 seconds, Stopping threads took: 0,0000294 seconds
2017-06-26T21:06:10.211+0200: 4,096: Total time for which application threads were stopped: 0,0002478 seconds, Stopping threads took: 0,0001449 seconds
2017-06-26T21:06:10.212+0200: 4,097: Total time for which application threads were stopped: 0,0001081 seconds, Stopping threads took: 0,0000311 seconds
2017-06-26T21:06:10.213+0200: 4,097: Total time for which application threads were stopped: 0,0000909 seconds, Stopping threads took: 0,0000281 seconds
2017-06-26T21:06:10.222+0200: 4,107: Total time for which application threads were stopped: 0,0023977 seconds, Stopping threads took: 0,0022693 seconds
2017-06-26T21:06:10.225+0200: 4,110: Total time for which application threads were stopped: 0,0001801 seconds, Stopping threads took: 0,0000355 seconds
2017-06-26T21:06:10.226+0200: 4,110: Total time for which application threads were stopped: 0,0001269 seconds, Stopping threads took: 0,0000260 seconds
2017-06-26T21:06:10.233+0200: 4,118: Total time for which application threads were stopped: 0,0001293 seconds, Stopping threads took: 0,0000204 seconds
2017-06-26T21:06:10.234+0200: 4,118: Total time for which application threads were stopped: 0,0001493 seconds, Stopping threads took: 0,0000450 seconds
2017-06-26T21:06:11.234+0200: 5,119: Total time for which application threads were stopped: 0,0000793 seconds, Stopping threads took: 0,0000195 seconds
2017-06-26T21:06:17.236+0200: 11,120: Total time for which application threads were stopped: 0,0000765 seconds, Stopping threads took: 0,0000178 seconds
2017-06-26T21:06:28.237+0200: 22,121: Total time for which application threads were stopped: 0,0000780 seconds, Stopping threads took: 0,0000171 seconds
2017-06-26T21:06:38.238+0200: 32,123: Total time for which application threads were stopped: 0,0000782 seconds, Stopping threads took: 0,0000176 seconds
2017-06-26T21:08:08.248+0200: 122,132: Total time for which application threads were stopped: 0,0000994 seconds, Stopping threads took: 0,0000388 seconds
{Heap before GC invocations=9 (full 1):
 par new generation   total 109248K, used 96029K [0x00000000e0000000, 0x00000000e8000000, 0x00000000e8000000)
  eden space 87424K, 100% used [0x00000000e0000000, 0x00000000e5560000, 0x00000000e5560000)
  from space 21824K,  39% used [0x00000000e6ab0000, 0x00000000e7317770, 0x00000000e8000000)
  to   space 21824K,   0% used [0x00000000e5560000, 0x00000000e5560000, 0x00000000e6ab0000)
 concurrent mark-sweep generation total 393216K, used 5846K [0x00000000e8000000, 0x0000000100000000, 0x0000000100000000)
 Metaspace       used 27983K, capacity 28484K, committed 28796K, reserved 1075200K
  class space    used 3213K, capacity 3391K, committed 3452K, reserved 1048576K
2017-06-26T21:09:02.111+0200: 175,995: [GC (Allocation Failure) 2017-06-26T21:09:02.111+0200: 175,995: [ParNew
Desired survivor size 20112992 bytes, new threshold 8 (max 8)
- age   1:   10971096 bytes,   10971096 total
- age   2:     194392 bytes,   11165488 total
- age   3:     195920 bytes,   11361408 total
- age   4:    1790584 bytes,   13151992 total
- age   6:      55048 bytes,   13207040 total
- age   7:     104568 bytes,   13311608 total
- age   8:     179488 bytes,   13491096 total
: 96029K->14374K(109248K), 0,0127412 secs] 101876K->21298K(502464K), 0,0128120 secs] [Times: user=0,05 sys=0,00, real=0,02 secs] 
Heap after GC invocations=10 (full 1):
 par new generation   total 109248K, used 14374K [0x00000000e0000000, 0x00000000e8000000, 0x00000000e8000000)
  eden space 87424K,   0% used [0x00000000e0000000, 0x00000000e0000000, 0x00000000e5560000)
  from space 21824K,  65% used [0x00000000e5560000, 0x00000000e6369b50, 0x00000000e6ab0000)
  to   space 21824K,   0% used [0x00000000e6ab0000, 0x00000000e6ab0000, 0x00000000e8000000)
 concurrent mark-sweep generation total 393216K, used 6923K [0x00000000e8000000, 0x0000000100000000, 0x0000000100000000)
 Metaspace       used 27983K, capacity 28484K, committed 28796K, reserved 1075200K
  class space    used 3213K, capacity 3391K, committed 3452K, reserved 1048576K
}
2017-06-26T21:09:02.124+0200: 176,008: Total time for which application threads were stopped: 0,0129795 seconds, Stopping threads took: 0,0000486 seconds
2017-06-26T21:09:08.125+0200: 182,009: Total time for which application threads were stopped: 0,0001068 seconds, Stopping threads took: 0,0000228 seconds
2017-06-26T21:09:12.125+0200: 186,009: Total time for which application threads were stopped: 0,0000549 seconds, Stopping threads took: 0,0000128 seconds
2017-06-26T21:29:37.253+0200: 1411,138: Total time for which application threads were stopped: 0,0001005 seconds, Stopping threads took: 0,0000389 seconds
2017-06-26T21:34:07.280+0200: 1681,165: Total time for which application threads were stopped: 0,0002877 seconds, Stopping threads took: 0,0000756 seconds
2017-06-26T21:44:27.345+0200: 2301,229: Total time for which application threads were stopped: 0,0000825 seconds, Stopping threads took: 0,0000313 seconds
2017-06-26T21:44:28.346+0200: 2302,230: Total time for which application threads were stopped: 0,0003386 seconds, Stopping threads took: 0,0000608 seconds
2017-06-26T21:46:13.356+0200: 2407,241: Total time for which application threads were stopped: 0,0000824 seconds, Stopping threads took: 0,0000323 seconds
2017-06-26T22:00:23.441+0200: 3257,326: Total time for which application threads were stopped: 0,0001791 seconds, Stopping threads took: 0,0000660 seconds
2017-06-26T22:10:27.504+0200: 3861,389: Total time for which application threads were stopped: 0,0000867 seconds, Stopping threads took: 0,0000347 seconds
2017-06-26T22:10:32.505+0200: 3866,389: Total time for which application threads were stopped: 0,0000695 seconds, Stopping threads took: 0,0000145 seconds
2017-06-26T22:12:08.515+0200: 3962,399: Total time for which application threads were stopped: 0,0000842 seconds, Stopping threads took: 0,0000335 seconds
2017-06-26T22:26:23.601+0200: 4817,485: Total time for which application threads were stopped: 0,0001190 seconds, Stopping threads took: 0,0000471 seconds
2017-06-26T22:26:28.602+0200: 4822,486: Total time for which application threads were stopped: 0,0000954 seconds, Stopping threads took: 0,0000227 seconds
2017-06-26T22:55:22.169+0200: 6556,053: Total time for which application threads were stopped: 0,0001622 seconds, Stopping threads took: 0,0000726 seconds
2017-06-26T22:55:22.182+0200: 6556,067: Total time for which application threads were stopped: 0,0080530 seconds, Stopping threads took: 0,0079418 seconds
2017-06-26T22:55:22.194+0200: 6556,079: Total time for which application threads were stopped: 0,0081915 seconds, Stopping threads took: 0,0079871 seconds
2017-06-26T22:55:22.210+0200: 6556,095: Total time for which application threads were stopped: 0,0003691 seconds, Stopping threads took: 0,0000526 seconds
2017-06-26T22:55:22.232+0200: 6556,117: Total time for which application threads were stopped: 0,0008654 seconds, Stopping threads took: 0,0007699 seconds
Heap
 par new generation   total 109248K, used 35281K [0x00000000e0000000, 0x00000000e8000000, 0x00000000e8000000)
  eden space 87424K,  23% used [0x00000000e0000000, 0x00000000e146ac98, 0x00000000e5560000)
  from space 21824K,  65% used [0x00000000e5560000, 0x00000000e6369b50, 0x00000000e6ab0000)
  to   space 21824K,   0% used [0x00000000e6ab0000, 0x00000000e6ab0000, 0x00000000e8000000)
 concurrent mark-sweep generation total 393216K, used 6923K [0x00000000e8000000, 0x0000000100000000, 0x0000000100000000)
 Metaspace       used 28098K, capacity 28652K, committed 28796K, reserved 1075200K
  class space    used 3227K, capacity 3425K, committed 3452K, reserved 1048576K
