OpenJDK 64-Bit Server VM (25.111-b14) for linux-amd64 JRE (1.8.0_111-8u111-b14-2ubuntu0.16.04.2-b14), built on Oct 27 2016 18:10:19 by "buildd" with gcc 5.4.0 20160609
Memory: 4k page, physical 7867840k(7454492k free), swap 8076284k(8076284k free)
CommandLine flags: -XX:CMSInitiatingOccupancyFraction=50 -XX:CMSMaxAbortablePrecleanTime=6000 -XX:+CMSParallelRemarkEnabled -XX:+CMSScavengeBeforeRemark -XX:ConcGCThreads=4 -XX:InitialHeapSize=536870912 -XX:MaxHeapSize=536870912 -XX:MaxTenuringThreshold=8 -XX:NewRatio=3 -XX:OldPLABSize=16 -XX:OnOutOfMemoryError=/opt/solr/bin/oom_solr.sh 8983 /var/solr/logs -XX:ParallelGCThreads=4 -XX:+ParallelRefProcEnabled -XX:PretenureSizeThreshold=67108864 -XX:+PrintGC -XX:+PrintGCApplicationStoppedTime -XX:+PrintGCDateStamps -XX:+PrintGCDetails -XX:+PrintGCTimeStamps -XX:+PrintHeapAtGC -XX:+PrintTenuringDistribution -XX:SurvivorRatio=4 -XX:TargetSurvivorRatio=90 -XX:ThreadStackSize=256 -XX:+UseCMSInitiatingOccupancyOnly -XX:+UseCompressedClassPointers -XX:+UseCompressedOops -XX:+UseConcMarkSweepGC -XX:+UseParNewGC 
2016-12-09T15:44:55.673+0100: 0,126: Total time for which application threads were stopped: 0,0000714 seconds, Stopping threads took: 0,0000103 seconds
2016-12-09T15:44:55.758+0100: 0,211: Total time for which application threads were stopped: 0,0001502 seconds, Stopping threads took: 0,0000290 seconds
2016-12-09T15:44:55.779+0100: 0,232: Total time for which application threads were stopped: 0,0001523 seconds, Stopping threads took: 0,0000651 seconds
2016-12-09T15:44:55.974+0100: 0,426: Total time for which application threads were stopped: 0,0001072 seconds, Stopping threads took: 0,0000090 seconds
2016-12-09T15:44:56.422+0100: 0,875: Total time for which application threads were stopped: 0,0001287 seconds, Stopping threads took: 0,0000213 seconds
2016-12-09T15:44:56.540+0100: 0,993: Total time for which application threads were stopped: 0,0003519 seconds, Stopping threads took: 0,0000654 seconds
2016-12-09T15:44:56.602+0100: 1,055: Total time for which application threads were stopped: 0,0002055 seconds, Stopping threads took: 0,0000298 seconds
2016-12-09T15:44:56.975+0100: 1,428: Total time for which application threads were stopped: 0,0001612 seconds, Stopping threads took: 0,0000116 seconds
2016-12-09T15:44:57.199+0100: 1,652: Total time for which application threads were stopped: 0,0001973 seconds, Stopping threads took: 0,0000141 seconds
2016-12-09T15:44:57.227+0100: 1,679: Total time for which application threads were stopped: 0,0008964 seconds, Stopping threads took: 0,0000591 seconds
2016-12-09T15:44:57.228+0100: 1,681: Total time for which application threads were stopped: 0,0001503 seconds, Stopping threads took: 0,0000198 seconds
2016-12-09T15:44:57.242+0100: 1,695: Total time for which application threads were stopped: 0,0001690 seconds, Stopping threads took: 0,0000228 seconds
2016-12-09T15:44:57.335+0100: 1,788: Total time for which application threads were stopped: 0,0002542 seconds, Stopping threads took: 0,0000287 seconds
2016-12-09T15:44:57.479+0100: 1,932: Total time for which application threads were stopped: 0,0002817 seconds, Stopping threads took: 0,0000688 seconds
{Heap before GC invocations=0 (full 0):
 par new generation   total 109248K, used 87424K [0x00000000e0000000, 0x00000000e8000000, 0x00000000e8000000)
  eden space 87424K, 100% used [0x00000000e0000000, 0x00000000e5560000, 0x00000000e5560000)
  from space 21824K,   0% used [0x00000000e5560000, 0x00000000e5560000, 0x00000000e6ab0000)
  to   space 21824K,   0% used [0x00000000e6ab0000, 0x00000000e6ab0000, 0x00000000e8000000)
 concurrent mark-sweep generation total 393216K, used 0K [0x00000000e8000000, 0x0000000100000000, 0x0000000100000000)
 Metaspace       used 18361K, capacity 18686K, committed 18944K, reserved 1067008K
  class space    used 2090K, capacity 2226K, committed 2304K, reserved 1048576K
2016-12-09T15:44:57.626+0100: 2,078: [GC (Allocation Failure) 2016-12-09T15:44:57.626+0100: 2,078: [ParNew
Desired survivor size 20112992 bytes, new threshold 8 (max 8)
- age   1:   12583424 bytes,   12583424 total
: 87424K->12406K(109248K), 0,0171988 secs] 87424K->12406K(502464K), 0,0172936 secs] [Times: user=0,05 sys=0,01, real=0,02 secs] 
Heap after GC invocations=1 (full 0):
 par new generation   total 109248K, used 12406K [0x00000000e0000000, 0x00000000e8000000, 0x00000000e8000000)
  eden space 87424K,   0% used [0x00000000e0000000, 0x00000000e0000000, 0x00000000e5560000)
  from space 21824K,  56% used [0x00000000e6ab0000, 0x00000000e76cd9b0, 0x00000000e8000000)
  to   space 21824K,   0% used [0x00000000e5560000, 0x00000000e5560000, 0x00000000e6ab0000)
 concurrent mark-sweep generation total 393216K, used 0K [0x00000000e8000000, 0x0000000100000000, 0x0000000100000000)
 Metaspace       used 18361K, capacity 18686K, committed 18944K, reserved 1067008K
  class space    used 2090K, capacity 2226K, committed 2304K, reserved 1048576K
}
2016-12-09T15:44:57.643+0100: 2,096: Total time for which application threads were stopped: 0,0175121 seconds, Stopping threads took: 0,0000288 seconds
2016-12-09T15:44:57.789+0100: 2,241: Total time for which application threads were stopped: 0,0003074 seconds, Stopping threads took: 0,0000320 seconds
2016-12-09T15:44:57.819+0100: 2,271: Total time for which application threads were stopped: 0,0003341 seconds, Stopping threads took: 0,0000415 seconds
2016-12-09T15:44:57.843+0100: 2,295: Total time for which application threads were stopped: 0,0003912 seconds, Stopping threads took: 0,0000360 seconds
{Heap before GC invocations=1 (full 0):
 par new generation   total 109248K, used 99815K [0x00000000e0000000, 0x00000000e8000000, 0x00000000e8000000)
  eden space 87424K,  99% used [0x00000000e0000000, 0x00000000e555c268, 0x00000000e5560000)
  from space 21824K,  56% used [0x00000000e6ab0000, 0x00000000e76cd9b0, 0x00000000e8000000)
  to   space 21824K,   0% used [0x00000000e5560000, 0x00000000e5560000, 0x00000000e6ab0000)
 concurrent mark-sweep generation total 393216K, used 0K [0x00000000e8000000, 0x0000000100000000, 0x0000000100000000)
 Metaspace       used 20738K, capacity 21084K, committed 21248K, reserved 1069056K
  class space    used 2403K, capacity 2518K, committed 2560K, reserved 1048576K
2016-12-09T15:44:58.009+0100: 2,462: [GC (Allocation Failure) 2016-12-09T15:44:58.009+0100: 2,462: [ParNew
Desired survivor size 20112992 bytes, new threshold 8 (max 8)
- age   1:    2732304 bytes,    2732304 total
- age   2:    6141608 bytes,    8873912 total
: 99815K->11434K(109248K), 0,0129830 secs] 99815K->11434K(502464K), 0,0130751 secs] [Times: user=0,04 sys=0,00, real=0,02 secs] 
Heap after GC invocations=2 (full 0):
 par new generation   total 109248K, used 11434K [0x00000000e0000000, 0x00000000e8000000, 0x00000000e8000000)
  eden space 87424K,   0% used [0x00000000e0000000, 0x00000000e0000000, 0x00000000e5560000)
  from space 21824K,  52% used [0x00000000e5560000, 0x00000000e608a910, 0x00000000e6ab0000)
  to   space 21824K,   0% used [0x00000000e6ab0000, 0x00000000e6ab0000, 0x00000000e8000000)
 concurrent mark-sweep generation total 393216K, used 0K [0x00000000e8000000, 0x0000000100000000, 0x0000000100000000)
 Metaspace       used 20738K, capacity 21084K, committed 21248K, reserved 1069056K
  class space    used 2403K, capacity 2518K, committed 2560K, reserved 1048576K
}
2016-12-09T15:44:58.022+0100: 2,475: Total time for which application threads were stopped: 0,0133492 seconds, Stopping threads took: 0,0000518 seconds
2016-12-09T15:44:58.079+0100: 2,532: Total time for which application threads were stopped: 0,0000807 seconds, Stopping threads took: 0,0000175 seconds
2016-12-09T15:44:58.117+0100: 2,570: Total time for which application threads were stopped: 0,0000826 seconds, Stopping threads took: 0,0000188 seconds
2016-12-09T15:44:58.118+0100: 2,570: Total time for which application threads were stopped: 0,0002359 seconds, Stopping threads took: 0,0000067 seconds
2016-12-09T15:44:58.142+0100: 2,595: Total time for which application threads were stopped: 0,0000706 seconds, Stopping threads took: 0,0000127 seconds
2016-12-09T15:44:58.231+0100: 2,684: Total time for which application threads were stopped: 0,0001184 seconds, Stopping threads took: 0,0000248 seconds
2016-12-09T15:44:58.251+0100: 2,704: Total time for which application threads were stopped: 0,0000834 seconds, Stopping threads took: 0,0000201 seconds
2016-12-09T15:44:58.260+0100: 2,712: Total time for which application threads were stopped: 0,0002902 seconds, Stopping threads took: 0,0000214 seconds
2016-12-09T15:44:58.266+0100: 2,718: Total time for which application threads were stopped: 0,0000727 seconds, Stopping threads took: 0,0000208 seconds
2016-12-09T15:44:58.267+0100: 2,720: Total time for which application threads were stopped: 0,0002544 seconds, Stopping threads took: 0,0000105 seconds
2016-12-09T15:44:58.306+0100: 2,759: Total time for which application threads were stopped: 0,0000720 seconds, Stopping threads took: 0,0000132 seconds
2016-12-09T15:44:58.322+0100: 2,775: Total time for which application threads were stopped: 0,0000874 seconds, Stopping threads took: 0,0000240 seconds
2016-12-09T15:44:58.341+0100: 2,794: Total time for which application threads were stopped: 0,0000808 seconds, Stopping threads took: 0,0000191 seconds
2016-12-09T15:44:58.357+0100: 2,810: Total time for which application threads were stopped: 0,0000735 seconds, Stopping threads took: 0,0000137 seconds
2016-12-09T15:44:58.379+0100: 2,832: Total time for which application threads were stopped: 0,0000975 seconds, Stopping threads took: 0,0000133 seconds
2016-12-09T15:44:58.440+0100: 2,893: Total time for which application threads were stopped: 0,0000991 seconds, Stopping threads took: 0,0000296 seconds
2016-12-09T15:44:58.463+0100: 2,916: Total time for which application threads were stopped: 0,0001243 seconds, Stopping threads took: 0,0000387 seconds
2016-12-09T15:44:58.508+0100: 2,961: Total time for which application threads were stopped: 0,0001226 seconds, Stopping threads took: 0,0000343 seconds
{Heap before GC invocations=2 (full 0):
 par new generation   total 109248K, used 98858K [0x00000000e0000000, 0x00000000e8000000, 0x00000000e8000000)
  eden space 87424K, 100% used [0x00000000e0000000, 0x00000000e5560000, 0x00000000e5560000)
  from space 21824K,  52% used [0x00000000e5560000, 0x00000000e608a910, 0x00000000e6ab0000)
  to   space 21824K,   0% used [0x00000000e6ab0000, 0x00000000e6ab0000, 0x00000000e8000000)
 concurrent mark-sweep generation total 393216K, used 0K [0x00000000e8000000, 0x0000000100000000, 0x0000000100000000)
 Metaspace       used 25146K, capacity 25572K, committed 25868K, reserved 1073152K
  class space    used 2922K, capacity 3056K, committed 3144K, reserved 1048576K
2016-12-09T15:44:58.511+0100: 2,964: [GC (Allocation Failure) 2016-12-09T15:44:58.511+0100: 2,964: [ParNew
Desired survivor size 20112992 bytes, new threshold 8 (max 8)
- age   1:    6940208 bytes,    6940208 total
- age   2:     515728 bytes,    7455936 total
- age   3:    6122568 bytes,   13578504 total
: 98858K->15464K(109248K), 0,0122312 secs] 98858K->15464K(502464K), 0,0122923 secs] [Times: user=0,04 sys=0,00, real=0,01 secs] 
Heap after GC invocations=3 (full 0):
 par new generation   total 109248K, used 15464K [0x00000000e0000000, 0x00000000e8000000, 0x00000000e8000000)
  eden space 87424K,   0% used [0x00000000e0000000, 0x00000000e0000000, 0x00000000e5560000)
  from space 21824K,  70% used [0x00000000e6ab0000, 0x00000000e79ca2e0, 0x00000000e8000000)
  to   space 21824K,   0% used [0x00000000e5560000, 0x00000000e5560000, 0x00000000e6ab0000)
 concurrent mark-sweep generation total 393216K, used 0K [0x00000000e8000000, 0x0000000100000000, 0x0000000100000000)
 Metaspace       used 25146K, capacity 25572K, committed 25868K, reserved 1073152K
  class space    used 2922K, capacity 3056K, committed 3144K, reserved 1048576K
}
2016-12-09T15:44:58.523+0100: 2,976: Total time for which application threads were stopped: 0,0125068 seconds, Stopping threads took: 0,0000428 seconds
2016-12-09T15:44:58.525+0100: 2,978: [GC (CMS Initial Mark) [1 CMS-initial-mark: 0K(393216K)] 16881K(502464K), 0,0057828 secs] [Times: user=0,02 sys=0,00, real=0,01 secs] 
2016-12-09T15:44:58.531+0100: 2,984: Total time for which application threads were stopped: 0,0059360 seconds, Stopping threads took: 0,0000503 seconds
2016-12-09T15:44:58.531+0100: 2,984: [CMS-concurrent-mark-start]
2016-12-09T15:44:58.532+0100: 2,984: [CMS-concurrent-mark: 0,001/0,001 secs] [Times: user=0,00 sys=0,00, real=0,00 secs] 
2016-12-09T15:44:58.532+0100: 2,984: [CMS-concurrent-preclean-start]
2016-12-09T15:44:58.533+0100: 2,986: [CMS-concurrent-preclean: 0,001/0,001 secs] [Times: user=0,01 sys=0,00, real=0,00 secs] 
2016-12-09T15:44:58.533+0100: 2,986: [GC (CMS Final Remark) [YG occupancy: 16881 K (109248 K)]{Heap before GC invocations=3 (full 1):
 par new generation   total 109248K, used 16881K [0x00000000e0000000, 0x00000000e8000000, 0x00000000e8000000)
  eden space 87424K,   1% used [0x00000000e0000000, 0x00000000e0162368, 0x00000000e5560000)
  from space 21824K,  70% used [0x00000000e6ab0000, 0x00000000e79ca2e0, 0x00000000e8000000)
  to   space 21824K,   0% used [0x00000000e5560000, 0x00000000e5560000, 0x00000000e6ab0000)
 concurrent mark-sweep generation total 393216K, used 0K [0x00000000e8000000, 0x0000000100000000, 0x0000000100000000)
 Metaspace       used 25163K, capacity 25572K, committed 25868K, reserved 1073152K
  class space    used 2923K, capacity 3056K, committed 3144K, reserved 1048576K
2016-12-09T15:44:58.533+0100: 2,986: [GC (CMS Final Remark) 2016-12-09T15:44:58.533+0100: 2,986: [ParNew
Desired survivor size 20112992 bytes, new threshold 8 (max 8)
- age   1:       5504 bytes,       5504 total
- age   2:    3182304 bytes,    3187808 total
- age   3:     515728 bytes,    3703536 total
- age   4:    6122480 bytes,    9826016 total
: 16881K->16850K(109248K), 0,0110140 secs] 16881K->16850K(502464K), 0,0110659 secs] [Times: user=0,03 sys=0,00, real=0,01 secs] 
Heap after GC invocations=4 (full 1):
 par new generation   total 109248K, used 16850K [0x00000000e0000000, 0x00000000e8000000, 0x00000000e8000000)
  eden space 87424K,   0% used [0x00000000e0000000, 0x00000000e0000000, 0x00000000e5560000)
  from space 21824K,  77% used [0x00000000e5560000, 0x00000000e65d4b40, 0x00000000e6ab0000)
  to   space 21824K,   0% used [0x00000000e6ab0000, 0x00000000e6ab0000, 0x00000000e8000000)
 concurrent mark-sweep generation total 393216K, used 0K [0x00000000e8000000, 0x0000000100000000, 0x0000000100000000)
 Metaspace       used 25163K, capacity 25572K, committed 25868K, reserved 1073152K
  class space    used 2923K, capacity 3056K, committed 3144K, reserved 1048576K
}
2016-12-09T15:44:58.544+0100: 2,997: [Rescan (parallel) , 0,0038810 secs]2016-12-09T15:44:58.548+0100: 3,001: [weak refs processing, 0,0008278 secs]2016-12-09T15:44:58.549+0100: 3,002: [class unloading, 0,0032000 secs]2016-12-09T15:44:58.552+0100: 3,005: [scrub symbol table, 0,0034614 secs]2016-12-09T15:44:58.556+0100: 3,008: [scrub string table, 0,0004177 secs][1 CMS-remark: 0K(393216K)] 16850K(502464K), 0,0236175 secs] [Times: user=0,05 sys=0,00, real=0,02 secs] 
2016-12-09T15:44:58.557+0100: 3,009: Total time for which application threads were stopped: 0,0237163 seconds, Stopping threads took: 0,0000253 seconds
2016-12-09T15:44:58.557+0100: 3,009: [CMS-concurrent-sweep-start]
2016-12-09T15:44:58.557+0100: 3,009: [CMS-concurrent-sweep: 0,000/0,000 secs] [Times: user=0,00 sys=0,00, real=0,00 secs] 
2016-12-09T15:44:58.557+0100: 3,009: [CMS-concurrent-reset-start]
2016-12-09T15:44:58.559+0100: 3,011: [CMS-concurrent-reset: 0,002/0,002 secs] [Times: user=0,00 sys=0,01, real=0,01 secs] 
2016-12-09T15:44:58.591+0100: 3,043: Total time for which application threads were stopped: 0,0003523 seconds, Stopping threads took: 0,0000255 seconds
2016-12-09T15:44:59.591+0100: 4,044: Total time for which application threads were stopped: 0,0000805 seconds, Stopping threads took: 0,0000160 seconds
2016-12-09T15:44:59.599+0100: 4,052: Total time for which application threads were stopped: 0,0002769 seconds, Stopping threads took: 0,0000250 seconds
2016-12-09T15:45:27.602+0100: 32,055: Total time for which application threads were stopped: 0,0000720 seconds, Stopping threads took: 0,0000144 seconds
2016-12-09T15:47:37.616+0100: 162,068: Total time for which application threads were stopped: 0,0001053 seconds, Stopping threads took: 0,0000452 seconds
2016-12-09T15:47:42.616+0100: 167,069: Total time for which application threads were stopped: 0,0000541 seconds, Stopping threads took: 0,0000154 seconds
2016-12-09T15:47:56.618+0100: 181,071: Total time for which application threads were stopped: 0,0000921 seconds, Stopping threads took: 0,0000266 seconds
2016-12-09T15:48:52.624+0100: 237,076: Total time for which application threads were stopped: 0,0001359 seconds, Stopping threads took: 0,0000631 seconds
2016-12-09T15:49:16.627+0100: 261,079: Total time for which application threads were stopped: 0,0000737 seconds, Stopping threads took: 0,0000329 seconds
2016-12-09T15:49:26.628+0100: 271,081: Total time for which application threads were stopped: 0,0000754 seconds, Stopping threads took: 0,0000296 seconds
2016-12-09T15:49:42.630+0100: 287,083: Total time for which application threads were stopped: 0,0000724 seconds, Stopping threads took: 0,0000209 seconds
2016-12-09T15:49:52.631+0100: 297,084: Total time for which application threads were stopped: 0,0000756 seconds, Stopping threads took: 0,0000324 seconds
2016-12-09T15:50:17.634+0100: 322,087: Total time for which application threads were stopped: 0,0000694 seconds, Stopping threads took: 0,0000148 seconds
2016-12-09T16:08:41.749+0100: 1426,201: Total time for which application threads were stopped: 0,0000681 seconds, Stopping threads took: 0,0000271 seconds
2016-12-09T16:12:51.774+0100: 1676,227: Total time for which application threads were stopped: 0,0000726 seconds, Stopping threads took: 0,0000317 seconds
2016-12-09T16:24:12.843+0100: 2357,296: Total time for which application threads were stopped: 0,0000769 seconds, Stopping threads took: 0,0000311 seconds
2016-12-09T16:24:16.844+0100: 2361,296: Total time for which application threads were stopped: 0,0000616 seconds, Stopping threads took: 0,0000153 seconds
2016-12-09T16:28:37.871+0100: 2622,323: Total time for which application threads were stopped: 0,0001069 seconds, Stopping threads took: 0,0000455 seconds
2016-12-09T16:43:42.962+0100: 3527,415: Total time for which application threads were stopped: 0,0000735 seconds, Stopping threads took: 0,0000313 seconds
2016-12-09T16:49:41.999+0100: 3886,452: Total time for which application threads were stopped: 0,0000945 seconds, Stopping threads took: 0,0000337 seconds
2016-12-09T16:49:52.000+0100: 3896,453: Total time for which application threads were stopped: 0,0000552 seconds, Stopping threads took: 0,0000142 seconds
2016-12-09T16:51:57.014+0100: 4021,467: Total time for which application threads were stopped: 0,0001050 seconds, Stopping threads took: 0,0000465 seconds
2016-12-09T17:36:13.305+0100: 6677,758: Total time for which application threads were stopped: 0,0000791 seconds, Stopping threads took: 0,0000340 seconds
2016-12-09T17:36:53.310+0100: 6717,763: Total time for which application threads were stopped: 0,0000714 seconds, Stopping threads took: 0,0000315 seconds
2016-12-09T17:47:53.379+0100: 7377,832: Total time for which application threads were stopped: 0,0001377 seconds, Stopping threads took: 0,0000574 seconds
2016-12-09T17:49:57.392+0100: 7501,844: Total time for which application threads were stopped: 0,0000699 seconds, Stopping threads took: 0,0000288 seconds
2016-12-09T17:50:27.395+0100: 7531,848: Total time for which application threads were stopped: 0,0000709 seconds, Stopping threads took: 0,0000314 seconds
2016-12-09T17:51:57.404+0100: 7621,857: Total time for which application threads were stopped: 0,0000833 seconds, Stopping threads took: 0,0000342 seconds
2016-12-09T17:52:57.410+0100: 7681,863: Total time for which application threads were stopped: 0,0000751 seconds, Stopping threads took: 0,0000295 seconds
2016-12-09T17:53:27.413+0100: 7711,866: Total time for which application threads were stopped: 0,0001286 seconds, Stopping threads took: 0,0000612 seconds
2016-12-09T17:56:57.434+0100: 7921,886: Total time for which application threads were stopped: 0,0003918 seconds, Stopping threads took: 0,0001515 seconds
2016-12-09T19:59:58.197+0100: 15302,649: Total time for which application threads were stopped: 0,0001138 seconds, Stopping threads took: 0,0000388 seconds
2016-12-09T20:00:57.203+0100: 15361,655: Total time for which application threads were stopped: 0,0005199 seconds, Stopping threads took: 0,0001443 seconds
2016-12-09T20:46:57.481+0100: 18121,933: Total time for which application threads were stopped: 0,0000700 seconds, Stopping threads took: 0,0000299 seconds
2016-12-09T22:03:06.810+0100: 22691,263: Total time for which application threads were stopped: 0,0001375 seconds, Stopping threads took: 0,0000217 seconds
Heap
 par new generation   total 109248K, used 60762K [0x00000000e0000000, 0x00000000e8000000, 0x00000000e8000000)
  eden space 87424K,  50% used [0x00000000e0000000, 0x00000000e2ae1e50, 0x00000000e5560000)
  from space 21824K,  77% used [0x00000000e5560000, 0x00000000e65d4b40, 0x00000000e6ab0000)
  to   space 21824K,   0% used [0x00000000e6ab0000, 0x00000000e6ab0000, 0x00000000e8000000)
 concurrent mark-sweep generation total 393216K, used 0K [0x00000000e8000000, 0x0000000100000000, 0x0000000100000000)
 Metaspace       used 27235K, capacity 27658K, committed 27916K, reserved 1073152K
  class space    used 3160K, capacity 3319K, committed 3400K, reserved 1048576K
