OpenJDK 64-Bit Server VM (25.131-b11) for linux-amd64 JRE (1.8.0_131-8u131-b11-2ubuntu1.16.04.3-b11), built on Jul 28 2017 01:23:32 by "buildd" with gcc 5.4.0 20160609
Memory: 4k page, physical 7867732k(7397456k free), swap 8076284k(8076284k free)
CommandLine flags: -XX:CMSInitiatingOccupancyFraction=50 -XX:CMSMaxAbortablePrecleanTime=6000 -XX:+CMSParallelRemarkEnabled -XX:+CMSScavengeBeforeRemark -XX:ConcGCThreads=4 -XX:InitialHeapSize=536870912 -XX:MaxHeapSize=536870912 -XX:MaxTenuringThreshold=8 -XX:NewRatio=3 -XX:OldPLABSize=16 -XX:OnOutOfMemoryError=/opt/solr/bin/oom_solr.sh 8983 /var/solr/logs -XX:ParallelGCThreads=4 -XX:+ParallelRefProcEnabled -XX:PretenureSizeThreshold=67108864 -XX:+PrintGC -XX:+PrintGCApplicationStoppedTime -XX:+PrintGCDateStamps -XX:+PrintGCDetails -XX:+PrintGCTimeStamps -XX:+PrintHeapAtGC -XX:+PrintTenuringDistribution -XX:SurvivorRatio=4 -XX:TargetSurvivorRatio=90 -XX:ThreadStackSize=256 -XX:+UseCMSInitiatingOccupancyOnly -XX:+UseCompressedClassPointers -XX:+UseCompressedOops -XX:+UseConcMarkSweepGC -XX:+UseParNewGC 
2017-08-27T10:50:45.643+0200: 0,172: Total time for which application threads were stopped: 0,0000983 seconds, Stopping threads took: 0,0000243 seconds
2017-08-27T10:50:45.732+0200: 0,261: Total time for which application threads were stopped: 0,0000989 seconds, Stopping threads took: 0,0000161 seconds
2017-08-27T10:50:45.745+0200: 0,274: Total time for which application threads were stopped: 0,0001142 seconds, Stopping threads took: 0,0000296 seconds
2017-08-27T10:50:45.962+0200: 0,491: Total time for which application threads were stopped: 0,0001543 seconds, Stopping threads took: 0,0000300 seconds
2017-08-27T10:50:46.472+0200: 1,000: Total time for which application threads were stopped: 0,0001386 seconds, Stopping threads took: 0,0000144 seconds
2017-08-27T10:50:46.581+0200: 1,110: Total time for which application threads were stopped: 0,0002056 seconds, Stopping threads took: 0,0000240 seconds
2017-08-27T10:50:46.603+0200: 1,132: Total time for which application threads were stopped: 0,0001820 seconds, Stopping threads took: 0,0000294 seconds
2017-08-27T10:50:46.876+0200: 1,405: Total time for which application threads were stopped: 0,0001935 seconds, Stopping threads took: 0,0000227 seconds
2017-08-27T10:50:47.091+0200: 1,619: Total time for which application threads were stopped: 0,0003960 seconds, Stopping threads took: 0,0000295 seconds
2017-08-27T10:50:47.116+0200: 1,644: Total time for which application threads were stopped: 0,0002011 seconds, Stopping threads took: 0,0000255 seconds
2017-08-27T10:50:47.151+0200: 1,679: Total time for which application threads were stopped: 0,0002431 seconds, Stopping threads took: 0,0000275 seconds
2017-08-27T10:50:47.152+0200: 1,681: Total time for which application threads were stopped: 0,0002295 seconds, Stopping threads took: 0,0000196 seconds
2017-08-27T10:50:47.168+0200: 1,697: Total time for which application threads were stopped: 0,0002523 seconds, Stopping threads took: 0,0000342 seconds
2017-08-27T10:50:47.278+0200: 1,807: Total time for which application threads were stopped: 0,0002103 seconds, Stopping threads took: 0,0000212 seconds
2017-08-27T10:50:47.456+0200: 1,985: Total time for which application threads were stopped: 0,0002925 seconds, Stopping threads took: 0,0000686 seconds
{Heap before GC invocations=0 (full 0):
 par new generation   total 109248K, used 87424K [0x00000000e0000000, 0x00000000e8000000, 0x00000000e8000000)
  eden space 87424K, 100% used [0x00000000e0000000, 0x00000000e5560000, 0x00000000e5560000)
  from space 21824K,   0% used [0x00000000e5560000, 0x00000000e5560000, 0x00000000e6ab0000)
  to   space 21824K,   0% used [0x00000000e6ab0000, 0x00000000e6ab0000, 0x00000000e8000000)
 concurrent mark-sweep generation total 393216K, used 0K [0x00000000e8000000, 0x0000000100000000, 0x0000000100000000)
 Metaspace       used 18036K, capacity 18400K, committed 18688K, reserved 1064960K
  class space    used 2036K, capacity 2196K, committed 2304K, reserved 1048576K
2017-08-27T10:50:47.548+0200: 2,076: [GC (Allocation Failure) 2017-08-27T10:50:47.548+0200: 2,076: [ParNew
Desired survivor size 20112992 bytes, new threshold 8 (max 8)
- age   1:   12606912 bytes,   12606912 total
: 87424K->12419K(109248K), 0,0164880 secs] 87424K->12419K(502464K), 0,0165831 secs] [Times: user=0,04 sys=0,01, real=0,02 secs] 
Heap after GC invocations=1 (full 0):
 par new generation   total 109248K, used 12419K [0x00000000e0000000, 0x00000000e8000000, 0x00000000e8000000)
  eden space 87424K,   0% used [0x00000000e0000000, 0x00000000e0000000, 0x00000000e5560000)
  from space 21824K,  56% used [0x00000000e6ab0000, 0x00000000e76d0f30, 0x00000000e8000000)
  to   space 21824K,   0% used [0x00000000e5560000, 0x00000000e5560000, 0x00000000e6ab0000)
 concurrent mark-sweep generation total 393216K, used 0K [0x00000000e8000000, 0x0000000100000000, 0x0000000100000000)
 Metaspace       used 18036K, capacity 18400K, committed 18688K, reserved 1064960K
  class space    used 2036K, capacity 2196K, committed 2304K, reserved 1048576K
}
2017-08-27T10:50:47.564+0200: 2,093: Total time for which application threads were stopped: 0,0168668 seconds, Stopping threads took: 0,0000480 seconds
2017-08-27T10:50:47.884+0200: 2,412: Total time for which application threads were stopped: 0,0003710 seconds, Stopping threads took: 0,0000887 seconds
{Heap before GC invocations=1 (full 0):
 par new generation   total 109248K, used 99843K [0x00000000e0000000, 0x00000000e8000000, 0x00000000e8000000)
  eden space 87424K, 100% used [0x00000000e0000000, 0x00000000e5560000, 0x00000000e5560000)
  from space 21824K,  56% used [0x00000000e6ab0000, 0x00000000e76d0f30, 0x00000000e8000000)
  to   space 21824K,   0% used [0x00000000e5560000, 0x00000000e5560000, 0x00000000e6ab0000)
 concurrent mark-sweep generation total 393216K, used 0K [0x00000000e8000000, 0x0000000100000000, 0x0000000100000000)
 Metaspace       used 20067K, capacity 20412K, committed 20736K, reserved 1067008K
  class space    used 2292K, capacity 2464K, committed 2560K, reserved 1048576K
2017-08-27T10:50:47.928+0200: 2,457: [GC (Allocation Failure) 2017-08-27T10:50:47.928+0200: 2,457: [ParNew
Desired survivor size 20112992 bytes, new threshold 8 (max 8)
- age   1:    3779496 bytes,    3779496 total
- age   2:    6675592 bytes,   10455088 total
: 99843K->15671K(109248K), 0,0112774 secs] 99843K->15671K(502464K), 0,0113615 secs] [Times: user=0,04 sys=0,00, real=0,01 secs] 
Heap after GC invocations=2 (full 0):
 par new generation   total 109248K, used 15671K [0x00000000e0000000, 0x00000000e8000000, 0x00000000e8000000)
  eden space 87424K,   0% used [0x00000000e0000000, 0x00000000e0000000, 0x00000000e5560000)
  from space 21824K,  71% used [0x00000000e5560000, 0x00000000e64add00, 0x00000000e6ab0000)
  to   space 21824K,   0% used [0x00000000e6ab0000, 0x00000000e6ab0000, 0x00000000e8000000)
 concurrent mark-sweep generation total 393216K, used 0K [0x00000000e8000000, 0x0000000100000000, 0x0000000100000000)
 Metaspace       used 20067K, capacity 20412K, committed 20736K, reserved 1067008K
  class space    used 2292K, capacity 2464K, committed 2560K, reserved 1048576K
}
2017-08-27T10:50:47.939+0200: 2,468: Total time for which application threads were stopped: 0,0122015 seconds, Stopping threads took: 0,0006284 seconds
2017-08-27T10:50:47.949+0200: 2,478: Total time for which application threads were stopped: 0,0048334 seconds, Stopping threads took: 0,0045302 seconds
2017-08-27T10:50:47.981+0200: 2,510: Total time for which application threads were stopped: 0,0009452 seconds, Stopping threads took: 0,0000664 seconds
2017-08-27T10:50:48.117+0200: 2,646: Total time for which application threads were stopped: 0,0001699 seconds, Stopping threads took: 0,0000273 seconds
{Heap before GC invocations=2 (full 0):
 par new generation   total 109248K, used 103095K [0x00000000e0000000, 0x00000000e8000000, 0x00000000e8000000)
  eden space 87424K, 100% used [0x00000000e0000000, 0x00000000e5560000, 0x00000000e5560000)
  from space 21824K,  71% used [0x00000000e5560000, 0x00000000e64add00, 0x00000000e6ab0000)
  to   space 21824K,   0% used [0x00000000e6ab0000, 0x00000000e6ab0000, 0x00000000e8000000)
 concurrent mark-sweep generation total 393216K, used 0K [0x00000000e8000000, 0x0000000100000000, 0x0000000100000000)
 Metaspace       used 21007K, capacity 21334K, committed 21628K, reserved 1069056K
  class space    used 2416K, capacity 2583K, committed 2684K, reserved 1048576K
2017-08-27T10:50:48.160+0200: 2,689: [GC (Allocation Failure) 2017-08-27T10:50:48.160+0200: 2,689: [ParNew
Desired survivor size 20112992 bytes, new threshold 8 (max 8)
- age   1:    2058968 bytes,    2058968 total
- age   2:     867824 bytes,    2926792 total
- age   3:    6671696 bytes,    9598488 total
: 103095K->11278K(109248K), 0,0152247 secs] 103095K->11278K(502464K), 0,0153060 secs] [Times: user=0,06 sys=0,00, real=0,02 secs] 
Heap after GC invocations=3 (full 0):
 par new generation   total 109248K, used 11278K [0x00000000e0000000, 0x00000000e8000000, 0x00000000e8000000)
  eden space 87424K,   0% used [0x00000000e0000000, 0x00000000e0000000, 0x00000000e5560000)
  from space 21824K,  51% used [0x00000000e6ab0000, 0x00000000e75b3a10, 0x00000000e8000000)
  to   space 21824K,   0% used [0x00000000e5560000, 0x00000000e5560000, 0x00000000e6ab0000)
 concurrent mark-sweep generation total 393216K, used 0K [0x00000000e8000000, 0x0000000100000000, 0x0000000100000000)
 Metaspace       used 21007K, capacity 21334K, committed 21628K, reserved 1069056K
  class space    used 2416K, capacity 2583K, committed 2684K, reserved 1048576K
}
2017-08-27T10:50:48.175+0200: 2,704: Total time for which application threads were stopped: 0,0180937 seconds, Stopping threads took: 0,0026322 seconds
2017-08-27T10:50:48.176+0200: 2,705: [GC (CMS Initial Mark) [1 CMS-initial-mark: 0K(393216K)] 11994K(502464K), 0,0047257 secs] [Times: user=0,01 sys=0,00, real=0,01 secs] 
2017-08-27T10:50:48.181+0200: 2,710: Total time for which application threads were stopped: 0,0057842 seconds, Stopping threads took: 0,0009547 seconds
2017-08-27T10:50:48.181+0200: 2,710: [CMS-concurrent-mark-start]
2017-08-27T10:50:48.182+0200: 2,710: [CMS-concurrent-mark: 0,000/0,000 secs] [Times: user=0,00 sys=0,00, real=0,00 secs] 
2017-08-27T10:50:48.182+0200: 2,710: [CMS-concurrent-preclean-start]
2017-08-27T10:50:48.183+0200: 2,712: [CMS-concurrent-preclean: 0,001/0,001 secs] [Times: user=0,01 sys=0,00, real=0,00 secs] 
2017-08-27T10:50:48.183+0200: 2,712: [CMS-concurrent-abortable-preclean-start]
2017-08-27T10:50:48.244+0200: 2,773: Total time for which application threads were stopped: 0,0001258 seconds, Stopping threads took: 0,0000414 seconds
{Heap before GC invocations=3 (full 1):
 par new generation   total 109248K, used 98682K [0x00000000e0000000, 0x00000000e8000000, 0x00000000e8000000)
  eden space 87424K,  99% used [0x00000000e0000000, 0x00000000e555b030, 0x00000000e5560000)
  from space 21824K,  51% used [0x00000000e6ab0000, 0x00000000e75b3a10, 0x00000000e8000000)
  to   space 21824K,   0% used [0x00000000e5560000, 0x00000000e5560000, 0x00000000e6ab0000)
 concurrent mark-sweep generation total 393216K, used 0K [0x00000000e8000000, 0x0000000100000000, 0x0000000100000000)
 Metaspace       used 21279K, capacity 21606K, committed 21884K, reserved 1069056K
  class space    used 2444K, capacity 2598K, committed 2684K, reserved 1048576K
2017-08-27T10:50:48.286+0200: 2,814: [GC (Allocation Failure) 2017-08-27T10:50:48.286+0200: 2,814: [ParNew
Desired survivor size 20112992 bytes, new threshold 8 (max 8)
- age   1:     697424 bytes,     697424 total
- age   2:    1453808 bytes,    2151232 total
- age   3:     836416 bytes,    2987648 total
- age   4:    6671792 bytes,    9659440 total
: 98682K->14276K(109248K), 0,0099009 secs] 98682K->14276K(502464K), 0,0099784 secs] [Times: user=0,03 sys=0,00, real=0,01 secs] 
Heap after GC invocations=4 (full 1):
 par new generation   total 109248K, used 14276K [0x00000000e0000000, 0x00000000e8000000, 0x00000000e8000000)
  eden space 87424K,   0% used [0x00000000e0000000, 0x00000000e0000000, 0x00000000e5560000)
  from space 21824K,  65% used [0x00000000e5560000, 0x00000000e6351200, 0x00000000e6ab0000)
  to   space 21824K,   0% used [0x00000000e6ab0000, 0x00000000e6ab0000, 0x00000000e8000000)
 concurrent mark-sweep generation total 393216K, used 0K [0x00000000e8000000, 0x0000000100000000, 0x0000000100000000)
 Metaspace       used 21279K, capacity 21606K, committed 21884K, reserved 1069056K
  class space    used 2444K, capacity 2598K, committed 2684K, reserved 1048576K
}
2017-08-27T10:50:48.296+0200: 2,824: Total time for which application threads were stopped: 0,0102106 seconds, Stopping threads took: 0,0000894 seconds
2017-08-27T10:50:48.296+0200: 2,824: [CMS-concurrent-abortable-preclean: 0,063/0,113 secs] [Times: user=0,42 sys=0,00, real=0,11 secs] 
2017-08-27T10:50:48.307+0200: 2,836: [GC (CMS Final Remark) [YG occupancy: 25779 K (109248 K)]{Heap before GC invocations=4 (full 1):
 par new generation   total 109248K, used 25779K [0x00000000e0000000, 0x00000000e8000000, 0x00000000e8000000)
  eden space 87424K,  13% used [0x00000000e0000000, 0x00000000e0b3ba88, 0x00000000e5560000)
  from space 21824K,  65% used [0x00000000e5560000, 0x00000000e6351200, 0x00000000e6ab0000)
  to   space 21824K,   0% used [0x00000000e6ab0000, 0x00000000e6ab0000, 0x00000000e8000000)
 concurrent mark-sweep generation total 393216K, used 0K [0x00000000e8000000, 0x0000000100000000, 0x0000000100000000)
 Metaspace       used 21290K, capacity 21606K, committed 21884K, reserved 1069056K
  class space    used 2446K, capacity 2598K, committed 2684K, reserved 1048576K
2017-08-27T10:50:48.308+0200: 2,836: [GC (CMS Final Remark) 2017-08-27T10:50:48.308+0200: 2,836: [ParNew
Desired survivor size 20112992 bytes, new threshold 8 (max 8)
- age   1:     472136 bytes,     472136 total
- age   2:     202616 bytes,     674752 total
- age   3:    1453520 bytes,    2128272 total
- age   4:     836368 bytes,    2964640 total
- age   5:    6672608 bytes,    9637248 total
: 25779K->12093K(109248K), 0,0091417 secs] 25779K->12093K(502464K), 0,0091834 secs] [Times: user=0,03 sys=0,01, real=0,01 secs] 
Heap after GC invocations=5 (full 1):
 par new generation   total 109248K, used 12093K [0x00000000e0000000, 0x00000000e8000000, 0x00000000e8000000)
  eden space 87424K,   0% used [0x00000000e0000000, 0x00000000e0000000, 0x00000000e5560000)
  from space 21824K,  55% used [0x00000000e6ab0000, 0x00000000e767f6e8, 0x00000000e8000000)
  to   space 21824K,   0% used [0x00000000e5560000, 0x00000000e5560000, 0x00000000e6ab0000)
 concurrent mark-sweep generation total 393216K, used 0K [0x00000000e8000000, 0x0000000100000000, 0x0000000100000000)
 Metaspace       used 21290K, capacity 21606K, committed 21884K, reserved 1069056K
  class space    used 2446K, capacity 2598K, committed 2684K, reserved 1048576K
}
2017-08-27T10:50:48.317+0200: 2,846: [Rescan (parallel) , 0,0036802 secs]2017-08-27T10:50:48.320+0200: 2,849: [weak refs processing, 0,0007242 secs]2017-08-27T10:50:48.321+0200: 2,850: [class unloading, 0,0028800 secs]2017-08-27T10:50:48.324+0200: 2,853: [scrub symbol table, 0,0026402 secs]2017-08-27T10:50:48.327+0200: 2,856: [scrub string table, 0,0003670 secs][1 CMS-remark: 0K(393216K)] 12093K(502464K), 0,0201558 secs] [Times: user=0,05 sys=0,01, real=0,02 secs] 
2017-08-27T10:50:48.328+0200: 2,857: Total time for which application threads were stopped: 0,0210234 seconds, Stopping threads took: 0,0007913 seconds
2017-08-27T10:50:48.328+0200: 2,857: [CMS-concurrent-sweep-start]
2017-08-27T10:50:48.328+0200: 2,857: [CMS-concurrent-sweep: 0,000/0,000 secs] [Times: user=0,00 sys=0,00, real=0,00 secs] 
2017-08-27T10:50:48.328+0200: 2,857: [CMS-concurrent-reset-start]
2017-08-27T10:50:48.330+0200: 2,859: [CMS-concurrent-reset: 0,002/0,002 secs] [Times: user=0,01 sys=0,00, real=0,00 secs] 
{Heap before GC invocations=5 (full 1):
 par new generation   total 109248K, used 99517K [0x00000000e0000000, 0x00000000e8000000, 0x00000000e8000000)
  eden space 87424K, 100% used [0x00000000e0000000, 0x00000000e5560000, 0x00000000e5560000)
  from space 21824K,  55% used [0x00000000e6ab0000, 0x00000000e767f6e8, 0x00000000e8000000)
  to   space 21824K,   0% used [0x00000000e5560000, 0x00000000e5560000, 0x00000000e6ab0000)
 concurrent mark-sweep generation total 393216K, used 0K [0x00000000e8000000, 0x0000000100000000, 0x0000000100000000)
 Metaspace       used 21489K, capacity 21906K, committed 22140K, reserved 1069056K
  class space    used 2473K, capacity 2632K, committed 2684K, reserved 1048576K
2017-08-27T10:50:48.404+0200: 2,933: [GC (Allocation Failure) 2017-08-27T10:50:48.404+0200: 2,933: [ParNew
Desired survivor size 20112992 bytes, new threshold 8 (max 8)
- age   1:     693680 bytes,     693680 total
- age   2:      13352 bytes,     707032 total
- age   3:     183176 bytes,     890208 total
- age   4:    1451688 bytes,    2341896 total
- age   5:     834400 bytes,    3176296 total
- age   6:    6671928 bytes,    9848224 total
: 99517K->14275K(109248K), 0,0094261 secs] 99517K->14275K(502464K), 0,0094932 secs] [Times: user=0,04 sys=0,00, real=0,01 secs] 
Heap after GC invocations=6 (full 1):
 par new generation   total 109248K, used 14275K [0x00000000e0000000, 0x00000000e8000000, 0x00000000e8000000)
  eden space 87424K,   0% used [0x00000000e0000000, 0x00000000e0000000, 0x00000000e5560000)
  from space 21824K,  65% used [0x00000000e5560000, 0x00000000e6350d30, 0x00000000e6ab0000)
  to   space 21824K,   0% used [0x00000000e6ab0000, 0x00000000e6ab0000, 0x00000000e8000000)
 concurrent mark-sweep generation total 393216K, used 0K [0x00000000e8000000, 0x0000000100000000, 0x0000000100000000)
 Metaspace       used 21489K, capacity 21906K, committed 22140K, reserved 1069056K
  class space    used 2473K, capacity 2632K, committed 2684K, reserved 1048576K
}
2017-08-27T10:50:48.414+0200: 2,942: Total time for which application threads were stopped: 0,0096833 seconds, Stopping threads took: 0,0000520 seconds
2017-08-27T10:50:48.427+0200: 2,956: Total time for which application threads were stopped: 0,0003058 seconds, Stopping threads took: 0,0000216 seconds
2017-08-27T10:50:48.667+0200: 3,196: Total time for which application threads were stopped: 0,0005163 seconds, Stopping threads took: 0,0000492 seconds
2017-08-27T10:50:48.680+0200: 3,209: Total time for which application threads were stopped: 0,0004239 seconds, Stopping threads took: 0,0000375 seconds
{Heap before GC invocations=6 (full 1):
 par new generation   total 109248K, used 101699K [0x00000000e0000000, 0x00000000e8000000, 0x00000000e8000000)
  eden space 87424K, 100% used [0x00000000e0000000, 0x00000000e5560000, 0x00000000e5560000)
  from space 21824K,  65% used [0x00000000e5560000, 0x00000000e6350d30, 0x00000000e6ab0000)
  to   space 21824K,   0% used [0x00000000e6ab0000, 0x00000000e6ab0000, 0x00000000e8000000)
 concurrent mark-sweep generation total 393216K, used 0K [0x00000000e8000000, 0x0000000100000000, 0x0000000100000000)
 Metaspace       used 23773K, capacity 24218K, committed 24572K, reserved 1071104K
  class space    used 2789K, capacity 2976K, committed 3068K, reserved 1048576K
2017-08-27T10:50:48.839+0200: 3,368: [GC (Allocation Failure) 2017-08-27T10:50:48.840+0200: 3,368: [ParNew
Desired survivor size 20112992 bytes, new threshold 8 (max 8)
- age   1:    5114120 bytes,    5114120 total
- age   2:     180104 bytes,    5294224 total
- age   3:      13320 bytes,    5307544 total
- age   4:     182536 bytes,    5490080 total
- age   5:     283432 bytes,    5773512 total
- age   6:     808168 bytes,    6581680 total
- age   7:    6663568 bytes,   13245248 total
: 101699K->15525K(109248K), 0,0165484 secs] 101699K->15525K(502464K), 0,0166424 secs] [Times: user=0,05 sys=0,00, real=0,02 secs] 
Heap after GC invocations=7 (full 1):
 par new generation   total 109248K, used 15525K [0x00000000e0000000, 0x00000000e8000000, 0x00000000e8000000)
  eden space 87424K,   0% used [0x00000000e0000000, 0x00000000e0000000, 0x00000000e5560000)
  from space 21824K,  71% used [0x00000000e6ab0000, 0x00000000e79d9740, 0x00000000e8000000)
  to   space 21824K,   0% used [0x00000000e5560000, 0x00000000e5560000, 0x00000000e6ab0000)
 concurrent mark-sweep generation total 393216K, used 0K [0x00000000e8000000, 0x0000000100000000, 0x0000000100000000)
 Metaspace       used 23773K, capacity 24218K, committed 24572K, reserved 1071104K
  class space    used 2789K, capacity 2976K, committed 3068K, reserved 1048576K
}
2017-08-27T10:50:48.856+0200: 3,385: Total time for which application threads were stopped: 0,0170188 seconds, Stopping threads took: 0,0000834 seconds
{Heap before GC invocations=7 (full 1):
 par new generation   total 109248K, used 102949K [0x00000000e0000000, 0x00000000e8000000, 0x00000000e8000000)
  eden space 87424K, 100% used [0x00000000e0000000, 0x00000000e5560000, 0x00000000e5560000)
  from space 21824K,  71% used [0x00000000e6ab0000, 0x00000000e79d9740, 0x00000000e8000000)
  to   space 21824K,   0% used [0x00000000e5560000, 0x00000000e5560000, 0x00000000e6ab0000)
 concurrent mark-sweep generation total 393216K, used 0K [0x00000000e8000000, 0x0000000100000000, 0x0000000100000000)
 Metaspace       used 24399K, capacity 24864K, committed 25084K, reserved 1071104K
  class space    used 2855K, capacity 3041K, committed 3068K, reserved 1048576K
2017-08-27T10:50:48.946+0200: 3,475: [GC (Allocation Failure) 2017-08-27T10:50:48.946+0200: 3,475: [ParNew
Desired survivor size 20112992 bytes, new threshold 8 (max 8)
- age   1:    2617696 bytes,    2617696 total
- age   2:    1780600 bytes,    4398296 total
- age   3:      83024 bytes,    4481320 total
- age   4:       9512 bytes,    4490832 total
- age   5:      97304 bytes,    4588136 total
- age   6:     187664 bytes,    4775800 total
- age   7:     765944 bytes,    5541744 total
- age   8:    6130464 bytes,   11672208 total
: 102949K->19447K(109248K), 0,0220069 secs] 102949K->19447K(502464K), 0,0220869 secs] [Times: user=0,06 sys=0,01, real=0,02 secs] 
Heap after GC invocations=8 (full 1):
 par new generation   total 109248K, used 19447K [0x00000000e0000000, 0x00000000e8000000, 0x00000000e8000000)
  eden space 87424K,   0% used [0x00000000e0000000, 0x00000000e0000000, 0x00000000e5560000)
  from space 21824K,  89% used [0x00000000e5560000, 0x00000000e685dc28, 0x00000000e6ab0000)
  to   space 21824K,   0% used [0x00000000e6ab0000, 0x00000000e6ab0000, 0x00000000e8000000)
 concurrent mark-sweep generation total 393216K, used 0K [0x00000000e8000000, 0x0000000100000000, 0x0000000100000000)
 Metaspace       used 24399K, capacity 24864K, committed 25084K, reserved 1071104K
  class space    used 2855K, capacity 3041K, committed 3068K, reserved 1048576K
}
2017-08-27T10:50:48.968+0200: 3,497: Total time for which application threads were stopped: 0,0234343 seconds, Stopping threads took: 0,0011632 seconds
{Heap before GC invocations=8 (full 1):
 par new generation   total 109248K, used 106871K [0x00000000e0000000, 0x00000000e8000000, 0x00000000e8000000)
  eden space 87424K, 100% used [0x00000000e0000000, 0x00000000e5560000, 0x00000000e5560000)
  from space 21824K,  89% used [0x00000000e5560000, 0x00000000e685dc28, 0x00000000e6ab0000)
  to   space 21824K,   0% used [0x00000000e6ab0000, 0x00000000e6ab0000, 0x00000000e8000000)
 concurrent mark-sweep generation total 393216K, used 0K [0x00000000e8000000, 0x0000000100000000, 0x0000000100000000)
 Metaspace       used 24919K, capacity 25370K, committed 25724K, reserved 1071104K
  class space    used 2899K, capacity 3078K, committed 3196K, reserved 1048576K
2017-08-27T10:50:49.067+0200: 3,596: [GC (Allocation Failure) 2017-08-27T10:50:49.067+0200: 3,596: [ParNew
Desired survivor size 20112992 bytes, new threshold 8 (max 8)
- age   1:    1096192 bytes,    1096192 total
- age   2:     989792 bytes,    2085984 total
- age   3:    1763280 bytes,    3849264 total
- age   4:      82992 bytes,    3932256 total
- age   5:       9512 bytes,    3941768 total
- age   6:      97136 bytes,    4038904 total
- age   7:     184472 bytes,    4223376 total
- age   8:     765176 bytes,    4988552 total
: 106871K->7034K(109248K), 0,0266593 secs] 106871K->13103K(502464K), 0,0267213 secs] [Times: user=0,10 sys=0,00, real=0,03 secs] 
Heap after GC invocations=9 (full 1):
 par new generation   total 109248K, used 7034K [0x00000000e0000000, 0x00000000e8000000, 0x00000000e8000000)
  eden space 87424K,   0% used [0x00000000e0000000, 0x00000000e0000000, 0x00000000e5560000)
  from space 21824K,  32% used [0x00000000e6ab0000, 0x00000000e718eb10, 0x00000000e8000000)
  to   space 21824K,   0% used [0x00000000e5560000, 0x00000000e5560000, 0x00000000e6ab0000)
 concurrent mark-sweep generation total 393216K, used 6069K [0x00000000e8000000, 0x0000000100000000, 0x0000000100000000)
 Metaspace       used 24919K, capacity 25370K, committed 25724K, reserved 1071104K
  class space    used 2899K, capacity 3078K, committed 3196K, reserved 1048576K
}
2017-08-27T10:50:49.094+0200: 3,623: Total time for which application threads were stopped: 0,0276872 seconds, Stopping threads took: 0,0007896 seconds
2017-08-27T10:50:49.220+0200: 3,749: Total time for which application threads were stopped: 0,0005725 seconds, Stopping threads took: 0,0000642 seconds
2017-08-27T10:50:49.274+0200: 3,802: Total time for which application threads were stopped: 0,0003526 seconds, Stopping threads took: 0,0000162 seconds
2017-08-27T10:50:49.308+0200: 3,837: Total time for which application threads were stopped: 0,0004710 seconds, Stopping threads took: 0,0000256 seconds
2017-08-27T10:50:49.332+0200: 3,861: Total time for which application threads were stopped: 0,0005524 seconds, Stopping threads took: 0,0000516 seconds
2017-08-27T10:50:49.424+0200: 3,953: Total time for which application threads were stopped: 0,0004483 seconds, Stopping threads took: 0,0000226 seconds
2017-08-27T10:50:49.537+0200: 4,066: Total time for which application threads were stopped: 0,0064067 seconds, Stopping threads took: 0,0058758 seconds
2017-08-27T10:50:49.547+0200: 4,076: Total time for which application threads were stopped: 0,0001449 seconds, Stopping threads took: 0,0000463 seconds
2017-08-27T10:50:49.551+0200: 4,080: Total time for which application threads were stopped: 0,0004872 seconds, Stopping threads took: 0,0000301 seconds
2017-08-27T10:50:49.556+0200: 4,085: Total time for which application threads were stopped: 0,0001607 seconds, Stopping threads took: 0,0000703 seconds
2017-08-27T10:50:49.558+0200: 4,087: Total time for which application threads were stopped: 0,0001707 seconds, Stopping threads took: 0,0000669 seconds
2017-08-27T10:50:49.560+0200: 4,089: Total time for which application threads were stopped: 0,0001207 seconds, Stopping threads took: 0,0000438 seconds
2017-08-27T10:50:49.561+0200: 4,090: Total time for which application threads were stopped: 0,0000890 seconds, Stopping threads took: 0,0000282 seconds
2017-08-27T10:50:49.561+0200: 4,090: Total time for which application threads were stopped: 0,0000779 seconds, Stopping threads took: 0,0000221 seconds
2017-08-27T10:50:49.562+0200: 4,091: Total time for which application threads were stopped: 0,0000812 seconds, Stopping threads took: 0,0000239 seconds
2017-08-27T10:50:49.562+0200: 4,091: Total time for which application threads were stopped: 0,0000848 seconds, Stopping threads took: 0,0000257 seconds
2017-08-27T10:50:49.564+0200: 4,093: Total time for which application threads were stopped: 0,0013636 seconds, Stopping threads took: 0,0013015 seconds
2017-08-27T10:50:49.568+0200: 4,097: Total time for which application threads were stopped: 0,0001724 seconds, Stopping threads took: 0,0000419 seconds
2017-08-27T10:50:49.581+0200: 4,110: Total time for which application threads were stopped: 0,0001219 seconds, Stopping threads took: 0,0000237 seconds
2017-08-27T10:50:49.584+0200: 4,113: Total time for which application threads were stopped: 0,0022239 seconds, Stopping threads took: 0,0021287 seconds
2017-08-27T10:50:49.587+0200: 4,116: Total time for which application threads were stopped: 0,0002819 seconds, Stopping threads took: 0,0000925 seconds
2017-08-27T10:50:49.588+0200: 4,117: Total time for which application threads were stopped: 0,0000829 seconds, Stopping threads took: 0,0000190 seconds
2017-08-27T10:50:49.596+0200: 4,125: Total time for which application threads were stopped: 0,0001100 seconds, Stopping threads took: 0,0000375 seconds
2017-08-27T10:50:50.597+0200: 5,126: Total time for which application threads were stopped: 0,0000858 seconds, Stopping threads took: 0,0000164 seconds
2017-08-27T10:50:51.597+0200: 6,126: Total time for which application threads were stopped: 0,0000751 seconds, Stopping threads took: 0,0000150 seconds
2017-08-27T10:50:52.597+0200: 7,126: Total time for which application threads were stopped: 0,0000646 seconds, Stopping threads took: 0,0000157 seconds
2017-08-27T10:51:07.600+0200: 22,129: Total time for which application threads were stopped: 0,0000677 seconds, Stopping threads took: 0,0000161 seconds
2017-08-27T10:51:17.601+0200: 32,130: Total time for which application threads were stopped: 0,0000644 seconds, Stopping threads took: 0,0000158 seconds
2017-08-27T10:52:07.607+0200: 82,135: Total time for which application threads were stopped: 0,0000748 seconds, Stopping threads took: 0,0000183 seconds
2017-08-27T10:52:47.610+0200: 122,139: Total time for which application threads were stopped: 0,0000907 seconds, Stopping threads took: 0,0000368 seconds
2017-08-27T10:52:52.611+0200: 127,140: Total time for which application threads were stopped: 0,0001171 seconds, Stopping threads took: 0,0000388 seconds
2017-08-27T10:55:22.630+0200: 277,159: Total time for which application threads were stopped: 0,0000866 seconds, Stopping threads took: 0,0000326 seconds
2017-08-27T11:14:48.961+0200: 1411,924: Total time for which application threads were stopped: 0,0001134 seconds, Stopping threads took: 0,0000417 seconds
2017-08-27T11:19:49.001+0200: 1711,964: Total time for which application threads were stopped: 0,0000815 seconds, Stopping threads took: 0,0000315 seconds
2017-08-27T11:29:41.084+0200: 2304,047: Total time for which application threads were stopped: 0,0000909 seconds, Stopping threads took: 0,0000351 seconds
2017-08-27T11:29:44.084+0200: 2307,047: Total time for which application threads were stopped: 0,0000705 seconds, Stopping threads took: 0,0000175 seconds
2017-08-27T11:44:36.207+0200: 3199,170: Total time for which application threads were stopped: 0,0001802 seconds, Stopping threads took: 0,0000609 seconds
2017-08-27T11:55:18.313+0200: 3841,276: Total time for which application threads were stopped: 0,0001390 seconds, Stopping threads took: 0,0000508 seconds
2017-08-27T11:55:23.314+0200: 3846,277: Total time for which application threads were stopped: 0,0001525 seconds, Stopping threads took: 0,0000320 seconds
2017-08-27T11:57:08.330+0200: 3951,293: Total time for which application threads were stopped: 0,0001143 seconds, Stopping threads took: 0,0000387 seconds
2017-08-27T11:57:49.337+0200: 3992,300: Total time for which application threads were stopped: 0,0001847 seconds, Stopping threads took: 0,0000667 seconds
2017-08-27T12:09:56.455+0200: 4719,419: Total time for which application threads were stopped: 0,0001939 seconds, Stopping threads took: 0,0000721 seconds
2017-08-27T12:10:01.456+0200: 4724,419: Total time for which application threads were stopped: 0,0001633 seconds, Stopping threads took: 0,0000562 seconds
2017-08-27T12:42:56.768+0200: 6699,731: Total time for which application threads were stopped: 0,0000834 seconds, Stopping threads took: 0,0000324 seconds
2017-08-27T12:52:18.833+0200: 7261,796: Total time for which application threads were stopped: 0,0002521 seconds, Stopping threads took: 0,0000952 seconds
2017-08-27T12:53:18.843+0200: 7321,806: Total time for which application threads were stopped: 0,0006856 seconds, Stopping threads took: 0,0002850 seconds
2017-08-27T12:57:18.867+0200: 7561,830: Total time for which application threads were stopped: 0,0001245 seconds, Stopping threads took: 0,0000461 seconds
2017-08-27T12:59:18.878+0200: 7681,841: Total time for which application threads were stopped: 0,0000942 seconds, Stopping threads took: 0,0000292 seconds
2017-08-27T12:59:48.881+0200: 7711,844: Total time for which application threads were stopped: 0,0000934 seconds, Stopping threads took: 0,0000334 seconds
{Heap before GC invocations=9 (full 1):
 par new generation   total 109248K, used 94458K [0x00000000e0000000, 0x00000000e8000000, 0x00000000e8000000)
  eden space 87424K, 100% used [0x00000000e0000000, 0x00000000e5560000, 0x00000000e5560000)
  from space 21824K,  32% used [0x00000000e6ab0000, 0x00000000e718eb10, 0x00000000e8000000)
  to   space 21824K,   0% used [0x00000000e5560000, 0x00000000e5560000, 0x00000000e6ab0000)
 concurrent mark-sweep generation total 393216K, used 6069K [0x00000000e8000000, 0x0000000100000000, 0x0000000100000000)
 Metaspace       used 28139K, capacity 28668K, committed 28796K, reserved 1075200K
  class space    used 3216K, capacity 3385K, committed 3452K, reserved 1048576K
2017-08-27T14:49:06.245+0200: 14269,208: [GC (Allocation Failure) 2017-08-27T14:49:06.245+0200: 14269,209: [ParNew
Desired survivor size 20112992 bytes, new threshold 8 (max 8)
- age   1:   10822904 bytes,   10822904 total
- age   2:     271184 bytes,   11094088 total
- age   3:     210952 bytes,   11305040 total
- age   4:    1758336 bytes,   13063376 total
- age   5:      80488 bytes,   13143864 total
- age   6:       9512 bytes,   13153376 total
- age   7:      96944 bytes,   13250320 total
- age   8:     184216 bytes,   13434536 total
: 94458K->14302K(109248K), 0,1563503 secs] 100527K->21216K(502464K), 0,1564395 secs] [Times: user=0,11 sys=0,00, real=0,16 secs] 
Heap after GC invocations=10 (full 1):
 par new generation   total 109248K, used 14302K [0x00000000e0000000, 0x00000000e8000000, 0x00000000e8000000)
  eden space 87424K,   0% used [0x00000000e0000000, 0x00000000e0000000, 0x00000000e5560000)
  from space 21824K,  65% used [0x00000000e5560000, 0x00000000e6357b40, 0x00000000e6ab0000)
  to   space 21824K,   0% used [0x00000000e6ab0000, 0x00000000e6ab0000, 0x00000000e8000000)
 concurrent mark-sweep generation total 393216K, used 6913K [0x00000000e8000000, 0x0000000100000000, 0x0000000100000000)
 Metaspace       used 28139K, capacity 28668K, committed 28796K, reserved 1075200K
  class space    used 3216K, capacity 3385K, committed 3452K, reserved 1048576K
}
2017-08-27T14:49:06.402+0200: 14269,365: Total time for which application threads were stopped: 0,1566755 seconds, Stopping threads took: 0,0000198 seconds
2017-08-27T14:49:06.446+0200: 14269,409: Total time for which application threads were stopped: 0,0001255 seconds, Stopping threads took: 0,0000147 seconds
Heap
 par new generation   total 109248K, used 19152K [0x00000000e0000000, 0x00000000e8000000, 0x00000000e8000000)
  eden space 87424K,   5% used [0x00000000e0000000, 0x00000000e04bc6f0, 0x00000000e5560000)
  from space 21824K,  65% used [0x00000000e5560000, 0x00000000e6357b40, 0x00000000e6ab0000)
  to   space 21824K,   0% used [0x00000000e6ab0000, 0x00000000e6ab0000, 0x00000000e8000000)
 concurrent mark-sweep generation total 393216K, used 6913K [0x00000000e8000000, 0x0000000100000000, 0x0000000100000000)
 Metaspace       used 28206K, capacity 28772K, committed 29052K, reserved 1075200K
  class space    used 3224K, capacity 3419K, committed 3452K, reserved 1048576K
