OpenJDK 64-Bit Server VM (25.111-b14) for linux-amd64 JRE (1.8.0_111-8u111-b14-2ubuntu0.16.04.2-b14), built on Oct 27 2016 18:10:19 by "buildd" with gcc 5.4.0 20160609
Memory: 4k page, physical 7867800k(7499888k free), swap 8076284k(8076284k free)
CommandLine flags: -XX:CMSInitiatingOccupancyFraction=50 -XX:CMSMaxAbortablePrecleanTime=6000 -XX:+CMSParallelRemarkEnabled -XX:+CMSScavengeBeforeRemark -XX:ConcGCThreads=4 -XX:InitialHeapSize=536870912 -XX:MaxHeapSize=536870912 -XX:MaxTenuringThreshold=8 -XX:NewRatio=3 -XX:OldPLABSize=16 -XX:OnOutOfMemoryError=/opt/solr/bin/oom_solr.sh 8983 /var/solr/logs -XX:ParallelGCThreads=4 -XX:+ParallelRefProcEnabled -XX:PretenureSizeThreshold=67108864 -XX:+PrintGC -XX:+PrintGCApplicationStoppedTime -XX:+PrintGCDateStamps -XX:+PrintGCDetails -XX:+PrintGCTimeStamps -XX:+PrintHeapAtGC -XX:+PrintTenuringDistribution -XX:SurvivorRatio=4 -XX:TargetSurvivorRatio=90 -XX:ThreadStackSize=256 -XX:+UseCMSInitiatingOccupancyOnly -XX:+UseCompressedClassPointers -XX:+UseCompressedOops -XX:+UseConcMarkSweepGC -XX:+UseParNewGC 
2017-01-22T08:13:24.761+0100: 0,141: Total time for which application threads were stopped: 0,0000650 seconds, Stopping threads took: 0,0000095 seconds
2017-01-22T08:13:24.857+0100: 0,237: Total time for which application threads were stopped: 0,0000885 seconds, Stopping threads took: 0,0000151 seconds
2017-01-22T08:13:24.872+0100: 0,252: Total time for which application threads were stopped: 0,0010909 seconds, Stopping threads took: 0,0009936 seconds
2017-01-22T08:13:25.105+0100: 0,485: Total time for which application threads were stopped: 0,0001576 seconds, Stopping threads took: 0,0000169 seconds
2017-01-22T08:13:25.583+0100: 0,963: Total time for which application threads were stopped: 0,0001254 seconds, Stopping threads took: 0,0000145 seconds
2017-01-22T08:13:25.649+0100: 1,030: Total time for which application threads were stopped: 0,0001332 seconds, Stopping threads took: 0,0000168 seconds
2017-01-22T08:13:25.670+0100: 1,050: Total time for which application threads were stopped: 0,0001529 seconds, Stopping threads took: 0,0000216 seconds
2017-01-22T08:13:25.942+0100: 1,323: Total time for which application threads were stopped: 0,0001985 seconds, Stopping threads took: 0,0000209 seconds
2017-01-22T08:13:26.162+0100: 1,542: Total time for which application threads were stopped: 0,0002495 seconds, Stopping threads took: 0,0000191 seconds
2017-01-22T08:13:26.192+0100: 1,572: Total time for which application threads were stopped: 0,0001817 seconds, Stopping threads took: 0,0000168 seconds
2017-01-22T08:13:26.193+0100: 1,573: Total time for which application threads were stopped: 0,0001587 seconds, Stopping threads took: 0,0000211 seconds
2017-01-22T08:13:26.208+0100: 1,588: Total time for which application threads were stopped: 0,0001712 seconds, Stopping threads took: 0,0000188 seconds
2017-01-22T08:13:26.322+0100: 1,702: Total time for which application threads were stopped: 0,0002294 seconds, Stopping threads took: 0,0000192 seconds
2017-01-22T08:13:26.528+0100: 1,908: Total time for which application threads were stopped: 0,0002344 seconds, Stopping threads took: 0,0000418 seconds
{Heap before GC invocations=0 (full 0):
 par new generation   total 109248K, used 87424K [0x00000000e0000000, 0x00000000e8000000, 0x00000000e8000000)
  eden space 87424K, 100% used [0x00000000e0000000, 0x00000000e5560000, 0x00000000e5560000)
  from space 21824K,   0% used [0x00000000e5560000, 0x00000000e5560000, 0x00000000e6ab0000)
  to   space 21824K,   0% used [0x00000000e6ab0000, 0x00000000e6ab0000, 0x00000000e8000000)
 concurrent mark-sweep generation total 393216K, used 0K [0x00000000e8000000, 0x0000000100000000, 0x0000000100000000)
 Metaspace       used 17930K, capacity 18238K, committed 18304K, reserved 1064960K
  class space    used 2044K, capacity 2162K, committed 2176K, reserved 1048576K
2017-01-22T08:13:26.637+0100: 2,018: [GC (Allocation Failure) 2017-01-22T08:13:26.637+0100: 2,018: [ParNew
Desired survivor size 20112992 bytes, new threshold 8 (max 8)
- age   1:   12004624 bytes,   12004624 total
: 87424K->11828K(109248K), 0,0191919 secs] 87424K->11828K(502464K), 0,0192863 secs] [Times: user=0,06 sys=0,00, real=0,02 secs] 
Heap after GC invocations=1 (full 0):
 par new generation   total 109248K, used 11828K [0x00000000e0000000, 0x00000000e8000000, 0x00000000e8000000)
  eden space 87424K,   0% used [0x00000000e0000000, 0x00000000e0000000, 0x00000000e5560000)
  from space 21824K,  54% used [0x00000000e6ab0000, 0x00000000e763d228, 0x00000000e8000000)
  to   space 21824K,   0% used [0x00000000e5560000, 0x00000000e5560000, 0x00000000e6ab0000)
 concurrent mark-sweep generation total 393216K, used 0K [0x00000000e8000000, 0x0000000100000000, 0x0000000100000000)
 Metaspace       used 17930K, capacity 18238K, committed 18304K, reserved 1064960K
  class space    used 2044K, capacity 2162K, committed 2176K, reserved 1048576K
}
2017-01-22T08:13:26.657+0100: 2,037: Total time for which application threads were stopped: 0,0194594 seconds, Stopping threads took: 0,0000180 seconds
2017-01-22T08:13:26.830+0100: 2,210: Total time for which application threads were stopped: 0,0002496 seconds, Stopping threads took: 0,0000223 seconds
2017-01-22T08:13:26.859+0100: 2,240: Total time for which application threads were stopped: 0,0002929 seconds, Stopping threads took: 0,0000258 seconds
2017-01-22T08:13:26.882+0100: 2,262: Total time for which application threads were stopped: 0,0002727 seconds, Stopping threads took: 0,0000246 seconds
{Heap before GC invocations=1 (full 0):
 par new generation   total 109248K, used 99252K [0x00000000e0000000, 0x00000000e8000000, 0x00000000e8000000)
  eden space 87424K, 100% used [0x00000000e0000000, 0x00000000e5560000, 0x00000000e5560000)
  from space 21824K,  54% used [0x00000000e6ab0000, 0x00000000e763d228, 0x00000000e8000000)
  to   space 21824K,   0% used [0x00000000e5560000, 0x00000000e5560000, 0x00000000e6ab0000)
 concurrent mark-sweep generation total 393216K, used 0K [0x00000000e8000000, 0x0000000100000000, 0x0000000100000000)
 Metaspace       used 20715K, capacity 21016K, committed 21248K, reserved 1069056K
  class space    used 2403K, capacity 2518K, committed 2560K, reserved 1048576K
2017-01-22T08:13:27.052+0100: 2,432: [GC (Allocation Failure) 2017-01-22T08:13:27.052+0100: 2,432: [ParNew
Desired survivor size 20112992 bytes, new threshold 8 (max 8)
- age   1:    3670696 bytes,    3670696 total
- age   2:    6067848 bytes,    9738544 total
: 99252K->11074K(109248K), 0,0229133 secs] 99252K->11074K(502464K), 0,0229845 secs] [Times: user=0,07 sys=0,00, real=0,02 secs] 
Heap after GC invocations=2 (full 0):
 par new generation   total 109248K, used 11074K [0x00000000e0000000, 0x00000000e8000000, 0x00000000e8000000)
  eden space 87424K,   0% used [0x00000000e0000000, 0x00000000e0000000, 0x00000000e5560000)
  from space 21824K,  50% used [0x00000000e5560000, 0x00000000e60308b0, 0x00000000e6ab0000)
  to   space 21824K,   0% used [0x00000000e6ab0000, 0x00000000e6ab0000, 0x00000000e8000000)
 concurrent mark-sweep generation total 393216K, used 0K [0x00000000e8000000, 0x0000000100000000, 0x0000000100000000)
 Metaspace       used 20715K, capacity 21016K, committed 21248K, reserved 1069056K
  class space    used 2403K, capacity 2518K, committed 2560K, reserved 1048576K
}
2017-01-22T08:13:27.075+0100: 2,455: Total time for which application threads were stopped: 0,0231745 seconds, Stopping threads took: 0,0000230 seconds
2017-01-22T08:13:27.138+0100: 2,518: Total time for which application threads were stopped: 0,0000782 seconds, Stopping threads took: 0,0000118 seconds
2017-01-22T08:13:27.170+0100: 2,551: Total time for which application threads were stopped: 0,0000940 seconds, Stopping threads took: 0,0000177 seconds
2017-01-22T08:13:27.171+0100: 2,551: Total time for which application threads were stopped: 0,0002559 seconds, Stopping threads took: 0,0000178 seconds
2017-01-22T08:13:27.194+0100: 2,574: Total time for which application threads were stopped: 0,0000792 seconds, Stopping threads took: 0,0000247 seconds
2017-01-22T08:13:27.267+0100: 2,647: Total time for which application threads were stopped: 0,0001742 seconds, Stopping threads took: 0,0000392 seconds
2017-01-22T08:13:27.289+0100: 2,669: Total time for which application threads were stopped: 0,0001008 seconds, Stopping threads took: 0,0000313 seconds
2017-01-22T08:13:27.296+0100: 2,676: Total time for which application threads were stopped: 0,0003957 seconds, Stopping threads took: 0,0000280 seconds
2017-01-22T08:13:27.304+0100: 2,684: Total time for which application threads were stopped: 0,0002733 seconds, Stopping threads took: 0,0000253 seconds
2017-01-22T08:13:27.310+0100: 2,691: Total time for which application threads were stopped: 0,0001551 seconds, Stopping threads took: 0,0000838 seconds
2017-01-22T08:13:27.343+0100: 2,723: Total time for which application threads were stopped: 0,0000837 seconds, Stopping threads took: 0,0000203 seconds
2017-01-22T08:13:27.354+0100: 2,734: Total time for which application threads were stopped: 0,0000765 seconds, Stopping threads took: 0,0000179 seconds
2017-01-22T08:13:27.376+0100: 2,756: Total time for which application threads were stopped: 0,0000921 seconds, Stopping threads took: 0,0000267 seconds
2017-01-22T08:13:27.393+0100: 2,773: Total time for which application threads were stopped: 0,0000882 seconds, Stopping threads took: 0,0000243 seconds
2017-01-22T08:13:27.431+0100: 2,811: Total time for which application threads were stopped: 0,0001723 seconds, Stopping threads took: 0,0000408 seconds
2017-01-22T08:13:27.484+0100: 2,864: Total time for which application threads were stopped: 0,0000962 seconds, Stopping threads took: 0,0000205 seconds
2017-01-22T08:13:27.519+0100: 2,899: Total time for which application threads were stopped: 0,0003825 seconds, Stopping threads took: 0,0000281 seconds
2017-01-22T08:13:27.522+0100: 2,902: Total time for which application threads were stopped: 0,0001266 seconds, Stopping threads took: 0,0000285 seconds
{Heap before GC invocations=2 (full 0):
 par new generation   total 109248K, used 98498K [0x00000000e0000000, 0x00000000e8000000, 0x00000000e8000000)
  eden space 87424K, 100% used [0x00000000e0000000, 0x00000000e5560000, 0x00000000e5560000)
  from space 21824K,  50% used [0x00000000e5560000, 0x00000000e60308b0, 0x00000000e6ab0000)
  to   space 21824K,   0% used [0x00000000e6ab0000, 0x00000000e6ab0000, 0x00000000e8000000)
 concurrent mark-sweep generation total 393216K, used 0K [0x00000000e8000000, 0x0000000100000000, 0x0000000100000000)
 Metaspace       used 24791K, capacity 25221K, committed 25536K, reserved 1071104K
  class space    used 2894K, capacity 3025K, committed 3092K, reserved 1048576K
2017-01-22T08:13:27.529+0100: 2,909: [GC (Allocation Failure) 2017-01-22T08:13:27.529+0100: 2,909: [ParNew
Desired survivor size 20112992 bytes, new threshold 8 (max 8)
- age   1:    5218168 bytes,    5218168 total
- age   2:     582720 bytes,    5800888 total
- age   3:    6051936 bytes,   11852824 total
: 98498K->15711K(109248K), 0,0111713 secs] 98498K->15711K(502464K), 0,0112420 secs] [Times: user=0,05 sys=0,00, real=0,01 secs] 
Heap after GC invocations=3 (full 0):
 par new generation   total 109248K, used 15711K [0x00000000e0000000, 0x00000000e8000000, 0x00000000e8000000)
  eden space 87424K,   0% used [0x00000000e0000000, 0x00000000e0000000, 0x00000000e5560000)
  from space 21824K,  71% used [0x00000000e6ab0000, 0x00000000e7a07ce8, 0x00000000e8000000)
  to   space 21824K,   0% used [0x00000000e5560000, 0x00000000e5560000, 0x00000000e6ab0000)
 concurrent mark-sweep generation total 393216K, used 0K [0x00000000e8000000, 0x0000000100000000, 0x0000000100000000)
 Metaspace       used 24791K, capacity 25221K, committed 25536K, reserved 1071104K
  class space    used 2894K, capacity 3025K, committed 3092K, reserved 1048576K
}
2017-01-22T08:13:27.540+0100: 2,921: Total time for which application threads were stopped: 0,0114304 seconds, Stopping threads took: 0,0000200 seconds
2017-01-22T08:13:27.543+0100: 2,923: [GC (CMS Initial Mark) [1 CMS-initial-mark: 0K(393216K)] 15711K(502464K), 0,0040809 secs] [Times: user=0,01 sys=0,00, real=0,01 secs] 
2017-01-22T08:13:27.547+0100: 2,927: Total time for which application threads were stopped: 0,0042159 seconds, Stopping threads took: 0,0000343 seconds
2017-01-22T08:13:27.547+0100: 2,927: [CMS-concurrent-mark-start]
2017-01-22T08:13:27.549+0100: 2,929: [CMS-concurrent-mark: 0,001/0,001 secs] [Times: user=0,01 sys=0,00, real=0,00 secs] 
2017-01-22T08:13:27.549+0100: 2,929: [CMS-concurrent-preclean-start]
2017-01-22T08:13:27.550+0100: 2,930: [CMS-concurrent-preclean: 0,001/0,001 secs] [Times: user=0,00 sys=0,00, real=0,00 secs] 
2017-01-22T08:13:27.550+0100: 2,930: [GC (CMS Final Remark) [YG occupancy: 16187 K (109248 K)]{Heap before GC invocations=3 (full 1):
 par new generation   total 109248K, used 16187K [0x00000000e0000000, 0x00000000e8000000, 0x00000000e8000000)
  eden space 87424K,   0% used [0x00000000e0000000, 0x00000000e0077178, 0x00000000e5560000)
  from space 21824K,  71% used [0x00000000e6ab0000, 0x00000000e7a07ce8, 0x00000000e8000000)
  to   space 21824K,   0% used [0x00000000e5560000, 0x00000000e5560000, 0x00000000e6ab0000)
 concurrent mark-sweep generation total 393216K, used 0K [0x00000000e8000000, 0x0000000100000000, 0x0000000100000000)
 Metaspace       used 24791K, capacity 25221K, committed 25536K, reserved 1071104K
  class space    used 2894K, capacity 3025K, committed 3092K, reserved 1048576K
2017-01-22T08:13:27.550+0100: 2,930: [GC (CMS Final Remark) 2017-01-22T08:13:27.550+0100: 2,931: [ParNew
Desired survivor size 20112992 bytes, new threshold 8 (max 8)
- age   1:     487800 bytes,     487800 total
- age   2:    1681080 bytes,    2168880 total
- age   3:     582624 bytes,    2751504 total
- age   4:    6049688 bytes,    8801192 total
: 16187K->9876K(109248K), 0,0122436 secs] 16187K->9876K(502464K), 0,0122942 secs] [Times: user=0,05 sys=0,00, real=0,01 secs] 
Heap after GC invocations=4 (full 1):
 par new generation   total 109248K, used 9876K [0x00000000e0000000, 0x00000000e8000000, 0x00000000e8000000)
  eden space 87424K,   0% used [0x00000000e0000000, 0x00000000e0000000, 0x00000000e5560000)
  from space 21824K,  45% used [0x00000000e5560000, 0x00000000e5f05240, 0x00000000e6ab0000)
  to   space 21824K,   0% used [0x00000000e6ab0000, 0x00000000e6ab0000, 0x00000000e8000000)
 concurrent mark-sweep generation total 393216K, used 0K [0x00000000e8000000, 0x0000000100000000, 0x0000000100000000)
 Metaspace       used 24791K, capacity 25221K, committed 25536K, reserved 1071104K
  class space    used 2894K, capacity 3025K, committed 3092K, reserved 1048576K
}
2017-01-22T08:13:27.563+0100: 2,943: [Rescan (parallel) , 0,0059953 secs]2017-01-22T08:13:27.569+0100: 2,949: [weak refs processing, 0,0015820 secs]2017-01-22T08:13:27.570+0100: 2,950: [class unloading, 0,0032406 secs]2017-01-22T08:13:27.573+0100: 2,954: [scrub symbol table, 0,0037339 secs]2017-01-22T08:13:27.577+0100: 2,957: [scrub string table, 0,0003747 secs][1 CMS-remark: 0K(393216K)] 9876K(502464K), 0,0279118 secs] [Times: user=0,08 sys=0,00, real=0,02 secs] 
2017-01-22T08:13:27.578+0100: 2,958: Total time for which application threads were stopped: 0,0280268 seconds, Stopping threads took: 0,0000338 seconds
2017-01-22T08:13:27.578+0100: 2,958: [CMS-concurrent-sweep-start]
2017-01-22T08:13:27.578+0100: 2,958: [CMS-concurrent-sweep: 0,000/0,000 secs] [Times: user=0,00 sys=0,00, real=0,00 secs] 
2017-01-22T08:13:27.578+0100: 2,959: [CMS-concurrent-reset-start]
2017-01-22T08:13:27.580+0100: 2,960: [CMS-concurrent-reset: 0,002/0,002 secs] [Times: user=0,01 sys=0,00, real=0,01 secs] 
2017-01-22T08:13:27.648+0100: 3,028: Total time for which application threads were stopped: 0,0004207 seconds, Stopping threads took: 0,0000269 seconds
2017-01-22T08:13:28.648+0100: 4,028: Total time for which application threads were stopped: 0,0000909 seconds, Stopping threads took: 0,0000168 seconds
2017-01-22T08:13:28.676+0100: 4,057: Total time for which application threads were stopped: 0,0002645 seconds, Stopping threads took: 0,0000155 seconds
2017-01-22T08:13:56.705+0100: 32,085: Total time for which application threads were stopped: 0,0000866 seconds, Stopping threads took: 0,0000203 seconds
2017-01-22T08:16:06.717+0100: 162,098: Total time for which application threads were stopped: 0,0002512 seconds, Stopping threads took: 0,0001538 seconds
2017-01-22T08:16:11.718+0100: 167,098: Total time for which application threads were stopped: 0,0000608 seconds, Stopping threads took: 0,0000159 seconds
2017-01-22T08:16:30.720+0100: 186,100: Total time for which application threads were stopped: 0,0000760 seconds, Stopping threads took: 0,0000332 seconds
2017-01-22T08:17:06.723+0100: 222,103: Total time for which application threads were stopped: 0,0001103 seconds, Stopping threads took: 0,0000607 seconds
2017-01-22T08:17:16.725+0100: 232,105: Total time for which application threads were stopped: 0,0000623 seconds, Stopping threads took: 0,0000186 seconds
2017-01-22T08:17:50.728+0100: 266,109: Total time for which application threads were stopped: 0,0000764 seconds, Stopping threads took: 0,0000338 seconds
2017-01-22T08:17:55.729+0100: 271,109: Total time for which application threads were stopped: 0,0000627 seconds, Stopping threads took: 0,0000162 seconds
2017-01-22T08:18:00.730+0100: 276,110: Total time for which application threads were stopped: 0,0000782 seconds, Stopping threads took: 0,0000302 seconds
2017-01-22T08:18:11.731+0100: 287,111: Total time for which application threads were stopped: 0,0000593 seconds, Stopping threads took: 0,0000157 seconds
2017-01-22T08:18:21.732+0100: 297,112: Total time for which application threads were stopped: 0,0000695 seconds, Stopping threads took: 0,0000193 seconds
2017-01-22T08:18:46.736+0100: 322,116: Total time for which application threads were stopped: 0,0004854 seconds, Stopping threads took: 0,0002838 seconds
2017-01-22T08:37:10.861+0100: 1426,241: Total time for which application threads were stopped: 0,0001098 seconds, Stopping threads took: 0,0000433 seconds
2017-01-22T08:41:05.886+0100: 1661,266: Total time for which application threads were stopped: 0,0000940 seconds, Stopping threads took: 0,0000373 seconds
2017-01-22T08:41:06.886+0100: 1662,266: Total time for which application threads were stopped: 0,0000611 seconds, Stopping threads took: 0,0000144 seconds
2017-01-22T08:41:15.887+0100: 1671,267: Total time for which application threads were stopped: 0,0000746 seconds, Stopping threads took: 0,0000300 seconds
2017-01-22T08:41:56.891+0100: 1712,271: Total time for which application threads were stopped: 0,0001065 seconds, Stopping threads took: 0,0000571 seconds
2017-01-22T08:52:06.950+0100: 2322,330: Total time for which application threads were stopped: 0,0000826 seconds, Stopping threads took: 0,0000345 seconds
2017-01-22T08:52:10.951+0100: 2326,331: Total time for which application threads were stopped: 0,0003946 seconds, Stopping threads took: 0,0000745 seconds
2017-01-22T09:08:32.047+0100: 3307,427: Total time for which application threads were stopped: 0,0001035 seconds, Stopping threads took: 0,0000409 seconds
2017-01-22T09:18:26.105+0100: 3901,486: Total time for which application threads were stopped: 0,0001185 seconds, Stopping threads took: 0,0000469 seconds
2017-01-22T09:18:31.106+0100: 3906,486: Total time for which application threads were stopped: 0,0001757 seconds, Stopping threads took: 0,0000486 seconds
2017-01-22T09:20:26.117+0100: 4021,497: Total time for which application threads were stopped: 0,0001139 seconds, Stopping threads took: 0,0000517 seconds
2017-01-22T10:02:27.366+0100: 6542,746: Total time for which application threads were stopped: 0,0000822 seconds, Stopping threads took: 0,0000346 seconds
2017-01-22T10:08:47.403+0100: 6922,783: Total time for which application threads were stopped: 0,0000922 seconds, Stopping threads took: 0,0000301 seconds
2017-01-22T10:14:08.679+0100: 7244,059: Total time for which application threads were stopped: 0,0001283 seconds, Stopping threads took: 0,0000162 seconds
Heap
 par new generation   total 109248K, used 54166K [0x00000000e0000000, 0x00000000e8000000, 0x00000000e8000000)
  eden space 87424K,  50% used [0x00000000e0000000, 0x00000000e2b407d8, 0x00000000e5560000)
  from space 21824K,  45% used [0x00000000e5560000, 0x00000000e5f05240, 0x00000000e6ab0000)
  to   space 21824K,   0% used [0x00000000e6ab0000, 0x00000000e6ab0000, 0x00000000e8000000)
 concurrent mark-sweep generation total 393216K, used 0K [0x00000000e8000000, 0x0000000100000000, 0x0000000100000000)
 Metaspace       used 27223K, capacity 27665K, committed 27924K, reserved 1073152K
  class space    used 3168K, capacity 3321K, committed 3348K, reserved 1048576K
