OpenJDK 64-Bit Server VM (25.131-b11) for linux-amd64 JRE (1.8.0_131-8u131-b11-0ubuntu1.16.04.2-b11), built on May  6 2017 02:45:27 by "buildd" with gcc 5.4.0 20160609
Memory: 4k page, physical 7867740k(7404480k free), swap 8076284k(8076284k free)
CommandLine flags: -XX:CMSInitiatingOccupancyFraction=50 -XX:CMSMaxAbortablePrecleanTime=6000 -XX:+CMSParallelRemarkEnabled -XX:+CMSScavengeBeforeRemark -XX:ConcGCThreads=4 -XX:InitialHeapSize=536870912 -XX:MaxHeapSize=536870912 -XX:MaxTenuringThreshold=8 -XX:NewRatio=3 -XX:OldPLABSize=16 -XX:OnOutOfMemoryError=/opt/solr/bin/oom_solr.sh 8983 /var/solr/logs -XX:ParallelGCThreads=4 -XX:+ParallelRefProcEnabled -XX:PretenureSizeThreshold=67108864 -XX:+PrintGC -XX:+PrintGCApplicationStoppedTime -XX:+PrintGCDateStamps -XX:+PrintGCDetails -XX:+PrintGCTimeStamps -XX:+PrintHeapAtGC -XX:+PrintTenuringDistribution -XX:SurvivorRatio=4 -XX:TargetSurvivorRatio=90 -XX:ThreadStackSize=256 -XX:+UseCMSInitiatingOccupancyOnly -XX:+UseCompressedClassPointers -XX:+UseCompressedOops -XX:+UseConcMarkSweepGC -XX:+UseParNewGC 
2017-07-18T07:13:40.250+0200: 0,231: Total time for which application threads were stopped: 0,0000899 seconds, Stopping threads took: 0,0000100 seconds
2017-07-18T07:13:40.400+0200: 0,380: Total time for which application threads were stopped: 0,0001149 seconds, Stopping threads took: 0,0000137 seconds
2017-07-18T07:13:40.429+0200: 0,409: Total time for which application threads were stopped: 0,0001046 seconds, Stopping threads took: 0,0000259 seconds
2017-07-18T07:13:40.805+0200: 0,785: Total time for which application threads were stopped: 0,0001608 seconds, Stopping threads took: 0,0000283 seconds
2017-07-18T07:13:41.398+0200: 1,379: Total time for which application threads were stopped: 0,0001565 seconds, Stopping threads took: 0,0000223 seconds
2017-07-18T07:13:41.550+0200: 1,531: Total time for which application threads were stopped: 0,0001647 seconds, Stopping threads took: 0,0000171 seconds
2017-07-18T07:13:41.590+0200: 1,571: Total time for which application threads were stopped: 0,0001627 seconds, Stopping threads took: 0,0000141 seconds
2017-07-18T07:13:42.042+0200: 2,023: Total time for which application threads were stopped: 0,0001709 seconds, Stopping threads took: 0,0000165 seconds
2017-07-18T07:13:42.408+0200: 2,389: Total time for which application threads were stopped: 0,0001997 seconds, Stopping threads took: 0,0000172 seconds
2017-07-18T07:13:42.435+0200: 2,416: Total time for which application threads were stopped: 0,0001850 seconds, Stopping threads took: 0,0000165 seconds
2017-07-18T07:13:42.472+0200: 2,453: Total time for which application threads were stopped: 0,0002437 seconds, Stopping threads took: 0,0000221 seconds
2017-07-18T07:13:42.473+0200: 2,454: Total time for which application threads were stopped: 0,0002097 seconds, Stopping threads took: 0,0000182 seconds
2017-07-18T07:13:42.490+0200: 2,471: Total time for which application threads were stopped: 0,0001737 seconds, Stopping threads took: 0,0000134 seconds
2017-07-18T07:13:42.582+0200: 2,563: Total time for which application threads were stopped: 0,0002524 seconds, Stopping threads took: 0,0000328 seconds
2017-07-18T07:13:42.814+0200: 2,795: Total time for which application threads were stopped: 0,0046557 seconds, Stopping threads took: 0,0043155 seconds
{Heap before GC invocations=0 (full 0):
 par new generation   total 109248K, used 87424K [0x00000000e0000000, 0x00000000e8000000, 0x00000000e8000000)
  eden space 87424K, 100% used [0x00000000e0000000, 0x00000000e5560000, 0x00000000e5560000)
  from space 21824K,   0% used [0x00000000e5560000, 0x00000000e5560000, 0x00000000e6ab0000)
  to   space 21824K,   0% used [0x00000000e6ab0000, 0x00000000e6ab0000, 0x00000000e8000000)
 concurrent mark-sweep generation total 393216K, used 0K [0x00000000e8000000, 0x0000000100000000, 0x0000000100000000)
 Metaspace       used 18027K, capacity 18336K, committed 18688K, reserved 1064960K
  class space    used 2035K, capacity 2196K, committed 2304K, reserved 1048576K
2017-07-18T07:13:42.946+0200: 2,927: [GC (Allocation Failure) 2017-07-18T07:13:42.947+0200: 2,927: [ParNew
Desired survivor size 20112992 bytes, new threshold 8 (max 8)
- age   1:   12594656 bytes,   12594656 total
: 87424K->12410K(109248K), 0,0239096 secs] 87424K->12410K(502464K), 0,0240271 secs] [Times: user=0,05 sys=0,02, real=0,02 secs] 
Heap after GC invocations=1 (full 0):
 par new generation   total 109248K, used 12410K [0x00000000e0000000, 0x00000000e8000000, 0x00000000e8000000)
  eden space 87424K,   0% used [0x00000000e0000000, 0x00000000e0000000, 0x00000000e5560000)
  from space 21824K,  56% used [0x00000000e6ab0000, 0x00000000e76ceb40, 0x00000000e8000000)
  to   space 21824K,   0% used [0x00000000e5560000, 0x00000000e5560000, 0x00000000e6ab0000)
 concurrent mark-sweep generation total 393216K, used 0K [0x00000000e8000000, 0x0000000100000000, 0x0000000100000000)
 Metaspace       used 18027K, capacity 18336K, committed 18688K, reserved 1064960K
  class space    used 2035K, capacity 2196K, committed 2304K, reserved 1048576K
}
2017-07-18T07:13:42.971+0200: 2,951: Total time for which application threads were stopped: 0,0244662 seconds, Stopping threads took: 0,0000406 seconds
2017-07-18T07:13:43.417+0200: 3,398: Total time for which application threads were stopped: 0,0003844 seconds, Stopping threads took: 0,0000407 seconds
{Heap before GC invocations=1 (full 0):
 par new generation   total 109248K, used 99834K [0x00000000e0000000, 0x00000000e8000000, 0x00000000e8000000)
  eden space 87424K, 100% used [0x00000000e0000000, 0x00000000e5560000, 0x00000000e5560000)
  from space 21824K,  56% used [0x00000000e6ab0000, 0x00000000e76ceb40, 0x00000000e8000000)
  to   space 21824K,   0% used [0x00000000e5560000, 0x00000000e5560000, 0x00000000e6ab0000)
 concurrent mark-sweep generation total 393216K, used 0K [0x00000000e8000000, 0x0000000100000000, 0x0000000100000000)
 Metaspace       used 20054K, capacity 20362K, committed 20736K, reserved 1067008K
  class space    used 2293K, capacity 2467K, committed 2560K, reserved 1048576K
2017-07-18T07:13:43.483+0200: 3,464: [GC (Allocation Failure) 2017-07-18T07:13:43.483+0200: 3,464: [ParNew
Desired survivor size 20112992 bytes, new threshold 8 (max 8)
- age   1:    3685472 bytes,    3685472 total
- age   2:    6660400 bytes,   10345872 total
: 99834K->13755K(109248K), 0,0239073 secs] 99834K->13755K(502464K), 0,0240097 secs] [Times: user=0,07 sys=0,00, real=0,02 secs] 
Heap after GC invocations=2 (full 0):
 par new generation   total 109248K, used 13755K [0x00000000e0000000, 0x00000000e8000000, 0x00000000e8000000)
  eden space 87424K,   0% used [0x00000000e0000000, 0x00000000e0000000, 0x00000000e5560000)
  from space 21824K,  63% used [0x00000000e5560000, 0x00000000e62cef10, 0x00000000e6ab0000)
  to   space 21824K,   0% used [0x00000000e6ab0000, 0x00000000e6ab0000, 0x00000000e8000000)
 concurrent mark-sweep generation total 393216K, used 0K [0x00000000e8000000, 0x0000000100000000, 0x0000000100000000)
 Metaspace       used 20054K, capacity 20362K, committed 20736K, reserved 1067008K
  class space    used 2293K, capacity 2467K, committed 2560K, reserved 1048576K
}
2017-07-18T07:13:43.507+0200: 3,488: Total time for which application threads were stopped: 0,0242390 seconds, Stopping threads took: 0,0000406 seconds
2017-07-18T07:13:43.518+0200: 3,499: Total time for which application threads were stopped: 0,0004053 seconds, Stopping threads took: 0,0000542 seconds
2017-07-18T07:13:43.565+0200: 3,545: Total time for which application threads were stopped: 0,0003662 seconds, Stopping threads took: 0,0000435 seconds
2017-07-18T07:13:43.691+0200: 3,671: Total time for which application threads were stopped: 0,0010059 seconds, Stopping threads took: 0,0008433 seconds
{Heap before GC invocations=2 (full 0):
 par new generation   total 109248K, used 101179K [0x00000000e0000000, 0x00000000e8000000, 0x00000000e8000000)
  eden space 87424K, 100% used [0x00000000e0000000, 0x00000000e5560000, 0x00000000e5560000)
  from space 21824K,  63% used [0x00000000e5560000, 0x00000000e62cef10, 0x00000000e6ab0000)
  to   space 21824K,   0% used [0x00000000e6ab0000, 0x00000000e6ab0000, 0x00000000e8000000)
 concurrent mark-sweep generation total 393216K, used 0K [0x00000000e8000000, 0x0000000100000000, 0x0000000100000000)
 Metaspace       used 20978K, capacity 21284K, committed 21628K, reserved 1069056K
  class space    used 2415K, capacity 2586K, committed 2684K, reserved 1048576K
2017-07-18T07:13:43.746+0200: 3,727: [GC (Allocation Failure) 2017-07-18T07:13:43.746+0200: 3,727: [ParNew
Desired survivor size 20112992 bytes, new threshold 8 (max 8)
- age   1:    2085856 bytes,    2085856 total
- age   2:     866304 bytes,    2952160 total
- age   3:    6658352 bytes,    9610512 total
: 101179K->11507K(109248K), 0,0167897 secs] 101179K->11507K(502464K), 0,0168778 secs] [Times: user=0,05 sys=0,00, real=0,02 secs] 
Heap after GC invocations=3 (full 0):
 par new generation   total 109248K, used 11507K [0x00000000e0000000, 0x00000000e8000000, 0x00000000e8000000)
  eden space 87424K,   0% used [0x00000000e0000000, 0x00000000e0000000, 0x00000000e5560000)
  from space 21824K,  52% used [0x00000000e6ab0000, 0x00000000e75ecf00, 0x00000000e8000000)
  to   space 21824K,   0% used [0x00000000e5560000, 0x00000000e5560000, 0x00000000e6ab0000)
 concurrent mark-sweep generation total 393216K, used 0K [0x00000000e8000000, 0x0000000100000000, 0x0000000100000000)
 Metaspace       used 20978K, capacity 21284K, committed 21628K, reserved 1069056K
  class space    used 2415K, capacity 2586K, committed 2684K, reserved 1048576K
}
2017-07-18T07:13:43.763+0200: 3,744: Total time for which application threads were stopped: 0,0170980 seconds, Stopping threads took: 0,0000478 seconds
2017-07-18T07:13:43.778+0200: 3,758: [GC (CMS Initial Mark) [1 CMS-initial-mark: 0K(393216K)] 13697K(502464K), 0,0046081 secs] [Times: user=0,01 sys=0,00, real=0,01 secs] 
2017-07-18T07:13:43.782+0200: 3,763: Total time for which application threads were stopped: 0,0047789 seconds, Stopping threads took: 0,0000471 seconds
2017-07-18T07:13:43.782+0200: 3,763: [CMS-concurrent-mark-start]
2017-07-18T07:13:43.783+0200: 3,764: [CMS-concurrent-mark: 0,001/0,001 secs] [Times: user=0,00 sys=0,00, real=0,00 secs] 
2017-07-18T07:13:43.783+0200: 3,764: [CMS-concurrent-preclean-start]
2017-07-18T07:13:43.784+0200: 3,765: [CMS-concurrent-preclean: 0,001/0,001 secs] [Times: user=0,00 sys=0,00, real=0,00 secs] 
2017-07-18T07:13:43.784+0200: 3,765: [CMS-concurrent-abortable-preclean-start]
2017-07-18T07:13:43.880+0200: 3,861: Total time for which application threads were stopped: 0,0044397 seconds, Stopping threads took: 0,0043340 seconds
{Heap before GC invocations=3 (full 1):
 par new generation   total 109248K, used 98931K [0x00000000e0000000, 0x00000000e8000000, 0x00000000e8000000)
  eden space 87424K, 100% used [0x00000000e0000000, 0x00000000e5560000, 0x00000000e5560000)
  from space 21824K,  52% used [0x00000000e6ab0000, 0x00000000e75ecf00, 0x00000000e8000000)
  to   space 21824K,   0% used [0x00000000e5560000, 0x00000000e5560000, 0x00000000e6ab0000)
 concurrent mark-sweep generation total 393216K, used 0K [0x00000000e8000000, 0x0000000100000000, 0x0000000100000000)
 Metaspace       used 21241K, capacity 21618K, committed 21884K, reserved 1069056K
  class space    used 2443K, capacity 2600K, committed 2684K, reserved 1048576K
2017-07-18T07:13:43.985+0200: 3,965: [GC (Allocation Failure) 2017-07-18T07:13:43.985+0200: 3,965: [ParNew
Desired survivor size 20112992 bytes, new threshold 8 (max 8)
- age   1:    1258128 bytes,    1258128 total
- age   2:    1443088 bytes,    2701216 total
- age   3:     834904 bytes,    3536120 total
- age   4:    6658328 bytes,   10194448 total
: 98931K->14835K(109248K), 0,0306322 secs] 98931K->14835K(502464K), 0,0306980 secs] [Times: user=0,04 sys=0,00, real=0,03 secs] 
Heap after GC invocations=4 (full 1):
 par new generation   total 109248K, used 14835K [0x00000000e0000000, 0x00000000e8000000, 0x00000000e8000000)
  eden space 87424K,   0% used [0x00000000e0000000, 0x00000000e0000000, 0x00000000e5560000)
  from space 21824K,  67% used [0x00000000e5560000, 0x00000000e63dcdd8, 0x00000000e6ab0000)
  to   space 21824K,   0% used [0x00000000e6ab0000, 0x00000000e6ab0000, 0x00000000e8000000)
 concurrent mark-sweep generation total 393216K, used 0K [0x00000000e8000000, 0x0000000100000000, 0x0000000100000000)
 Metaspace       used 21241K, capacity 21618K, committed 21884K, reserved 1069056K
  class space    used 2443K, capacity 2600K, committed 2684K, reserved 1048576K
}
2017-07-18T07:13:44.015+0200: 3,996: Total time for which application threads were stopped: 0,0433993 seconds, Stopping threads took: 0,0125439 seconds
2017-07-18T07:13:44.015+0200: 3,996: [CMS-concurrent-abortable-preclean: 0,150/0,231 secs] [Times: user=0,56 sys=0,02, real=0,23 secs] 
2017-07-18T07:13:44.020+0200: 4,001: [GC (CMS Final Remark) [YG occupancy: 17153 K (109248 K)]{Heap before GC invocations=4 (full 1):
 par new generation   total 109248K, used 17153K [0x00000000e0000000, 0x00000000e8000000, 0x00000000e8000000)
  eden space 87424K,   2% used [0x00000000e0000000, 0x00000000e02436d8, 0x00000000e5560000)
  from space 21824K,  67% used [0x00000000e5560000, 0x00000000e63dcdd8, 0x00000000e6ab0000)
  to   space 21824K,   0% used [0x00000000e6ab0000, 0x00000000e6ab0000, 0x00000000e8000000)
 concurrent mark-sweep generation total 393216K, used 0K [0x00000000e8000000, 0x0000000100000000, 0x0000000100000000)
 Metaspace       used 21253K, capacity 21618K, committed 21884K, reserved 1069056K
  class space    used 2444K, capacity 2600K, committed 2684K, reserved 1048576K
2017-07-18T07:13:44.020+0200: 4,001: [GC (CMS Final Remark) 2017-07-18T07:13:44.020+0200: 4,001: [ParNew
Desired survivor size 20112992 bytes, new threshold 8 (max 8)
- age   1:     206968 bytes,     206968 total
- age   2:     627552 bytes,     834520 total
- age   3:    1437840 bytes,    2272360 total
- age   4:     834904 bytes,    3107264 total
- age   5:    6658328 bytes,    9765592 total
: 17153K->11705K(109248K), 0,0356185 secs] 17153K->11705K(502464K), 0,0356700 secs] [Times: user=0,06 sys=0,00, real=0,04 secs] 
Heap after GC invocations=5 (full 1):
 par new generation   total 109248K, used 11705K [0x00000000e0000000, 0x00000000e8000000, 0x00000000e8000000)
  eden space 87424K,   0% used [0x00000000e0000000, 0x00000000e0000000, 0x00000000e5560000)
  from space 21824K,  53% used [0x00000000e6ab0000, 0x00000000e761e580, 0x00000000e8000000)
  to   space 21824K,   0% used [0x00000000e5560000, 0x00000000e5560000, 0x00000000e6ab0000)
 concurrent mark-sweep generation total 393216K, used 0K [0x00000000e8000000, 0x0000000100000000, 0x0000000100000000)
 Metaspace       used 21253K, capacity 21618K, committed 21884K, reserved 1069056K
  class space    used 2444K, capacity 2600K, committed 2684K, reserved 1048576K
}
2017-07-18T07:13:44.056+0200: 4,037: [Rescan (parallel) , 0,0065245 secs]2017-07-18T07:13:44.063+0200: 4,043: [weak refs processing, 0,0015730 secs]2017-07-18T07:13:44.064+0200: 4,045: [class unloading, 0,0029405 secs]2017-07-18T07:13:44.067+0200: 4,048: [scrub symbol table, 0,0034318 secs]2017-07-18T07:13:44.071+0200: 4,051: [scrub string table, 0,0003717 secs][1 CMS-remark: 0K(393216K)] 11705K(502464K), 0,0512223 secs] [Times: user=0,08 sys=0,00, real=0,05 secs] 
2017-07-18T07:13:44.072+0200: 4,052: Total time for which application threads were stopped: 0,0514478 seconds, Stopping threads took: 0,0001428 seconds
2017-07-18T07:13:44.072+0200: 4,052: [CMS-concurrent-sweep-start]
2017-07-18T07:13:44.072+0200: 4,052: [CMS-concurrent-sweep: 0,000/0,000 secs] [Times: user=0,00 sys=0,00, real=0,00 secs] 
2017-07-18T07:13:44.072+0200: 4,052: [CMS-concurrent-reset-start]
2017-07-18T07:13:44.074+0200: 4,054: [CMS-concurrent-reset: 0,002/0,002 secs] [Times: user=0,01 sys=0,00, real=0,01 secs] 
2017-07-18T07:13:44.086+0200: 4,067: Total time for which application threads were stopped: 0,0004177 seconds, Stopping threads took: 0,0001958 seconds
2017-07-18T07:13:44.130+0200: 4,110: Total time for which application threads were stopped: 0,0004373 seconds, Stopping threads took: 0,0003267 seconds
2017-07-18T07:13:44.130+0200: 4,111: Total time for which application threads were stopped: 0,0000766 seconds, Stopping threads took: 0,0000150 seconds
2017-07-18T07:13:44.130+0200: 4,111: Total time for which application threads were stopped: 0,0000939 seconds, Stopping threads took: 0,0000246 seconds
2017-07-18T07:13:44.130+0200: 4,111: Total time for which application threads were stopped: 0,0000717 seconds, Stopping threads took: 0,0000103 seconds
2017-07-18T07:13:44.130+0200: 4,111: Total time for which application threads were stopped: 0,0000689 seconds, Stopping threads took: 0,0000097 seconds
2017-07-18T07:13:44.131+0200: 4,111: Total time for which application threads were stopped: 0,0001360 seconds, Stopping threads took: 0,0000609 seconds
2017-07-18T07:13:44.131+0200: 4,111: Total time for which application threads were stopped: 0,0000821 seconds, Stopping threads took: 0,0000104 seconds
2017-07-18T07:13:44.131+0200: 4,112: Total time for which application threads were stopped: 0,0001028 seconds, Stopping threads took: 0,0000105 seconds
2017-07-18T07:13:44.131+0200: 4,112: Total time for which application threads were stopped: 0,0001257 seconds, Stopping threads took: 0,0000528 seconds
2017-07-18T07:13:44.131+0200: 4,112: Total time for which application threads were stopped: 0,0001795 seconds, Stopping threads took: 0,0001137 seconds
2017-07-18T07:13:44.132+0200: 4,112: Total time for which application threads were stopped: 0,0000825 seconds, Stopping threads took: 0,0000138 seconds
2017-07-18T07:13:44.132+0200: 4,112: Total time for which application threads were stopped: 0,0000668 seconds, Stopping threads took: 0,0000085 seconds
2017-07-18T07:13:44.132+0200: 4,113: Total time for which application threads were stopped: 0,0000682 seconds, Stopping threads took: 0,0000093 seconds
2017-07-18T07:13:44.132+0200: 4,113: Total time for which application threads were stopped: 0,0000936 seconds, Stopping threads took: 0,0000382 seconds
2017-07-18T07:13:44.132+0200: 4,113: Total time for which application threads were stopped: 0,0000694 seconds, Stopping threads took: 0,0000094 seconds
2017-07-18T07:13:44.133+0200: 4,113: Total time for which application threads were stopped: 0,0000791 seconds, Stopping threads took: 0,0000106 seconds
2017-07-18T07:13:44.134+0200: 4,115: Total time for which application threads were stopped: 0,0001646 seconds, Stopping threads took: 0,0000834 seconds
2017-07-18T07:13:44.138+0200: 4,119: Total time for which application threads were stopped: 0,0043575 seconds, Stopping threads took: 0,0042734 seconds
2017-07-18T07:13:44.139+0200: 4,119: Total time for which application threads were stopped: 0,0000834 seconds, Stopping threads took: 0,0000112 seconds
2017-07-18T07:13:44.139+0200: 4,120: Total time for which application threads were stopped: 0,0000863 seconds, Stopping threads took: 0,0000130 seconds
2017-07-18T07:13:44.139+0200: 4,120: Total time for which application threads were stopped: 0,0000707 seconds, Stopping threads took: 0,0000125 seconds
2017-07-18T07:13:44.140+0200: 4,121: Total time for which application threads were stopped: 0,0000916 seconds, Stopping threads took: 0,0000151 seconds
2017-07-18T07:13:44.141+0200: 4,121: Total time for which application threads were stopped: 0,0002792 seconds, Stopping threads took: 0,0002108 seconds
2017-07-18T07:13:44.141+0200: 4,121: Total time for which application threads were stopped: 0,0000819 seconds, Stopping threads took: 0,0000210 seconds
2017-07-18T07:13:44.141+0200: 4,122: Total time for which application threads were stopped: 0,0004912 seconds, Stopping threads took: 0,0004401 seconds
2017-07-18T07:13:44.142+0200: 4,122: Total time for which application threads were stopped: 0,0000946 seconds, Stopping threads took: 0,0000154 seconds
2017-07-18T07:13:44.142+0200: 4,123: Total time for which application threads were stopped: 0,0001457 seconds, Stopping threads took: 0,0000547 seconds
2017-07-18T07:13:44.145+0200: 4,126: Total time for which application threads were stopped: 0,0001404 seconds, Stopping threads took: 0,0000473 seconds
2017-07-18T07:13:44.146+0200: 4,126: Total time for which application threads were stopped: 0,0001107 seconds, Stopping threads took: 0,0000411 seconds
2017-07-18T07:13:44.148+0200: 4,129: Total time for which application threads were stopped: 0,0001771 seconds, Stopping threads took: 0,0000344 seconds
2017-07-18T07:13:44.150+0200: 4,130: Total time for which application threads were stopped: 0,0001245 seconds, Stopping threads took: 0,0000414 seconds
2017-07-18T07:13:44.152+0200: 4,132: Total time for which application threads were stopped: 0,0001559 seconds, Stopping threads took: 0,0000517 seconds
2017-07-18T07:13:44.152+0200: 4,132: Total time for which application threads were stopped: 0,0000881 seconds, Stopping threads took: 0,0000278 seconds
2017-07-18T07:13:44.152+0200: 4,133: Total time for which application threads were stopped: 0,0000653 seconds, Stopping threads took: 0,0000103 seconds
2017-07-18T07:13:44.152+0200: 4,133: Total time for which application threads were stopped: 0,0001657 seconds, Stopping threads took: 0,0001238 seconds
2017-07-18T07:13:44.152+0200: 4,133: Total time for which application threads were stopped: 0,0000743 seconds, Stopping threads took: 0,0000344 seconds
2017-07-18T07:13:44.152+0200: 4,133: Total time for which application threads were stopped: 0,0000506 seconds, Stopping threads took: 0,0000119 seconds
2017-07-18T07:13:44.153+0200: 4,133: Total time for which application threads were stopped: 0,0000949 seconds, Stopping threads took: 0,0000385 seconds
2017-07-18T07:13:44.153+0200: 4,133: Total time for which application threads were stopped: 0,0001300 seconds, Stopping threads took: 0,0000875 seconds
2017-07-18T07:13:44.162+0200: 4,142: Total time for which application threads were stopped: 0,0001673 seconds, Stopping threads took: 0,0000461 seconds
2017-07-18T07:13:44.162+0200: 4,143: Total time for which application threads were stopped: 0,0000798 seconds, Stopping threads took: 0,0000298 seconds
2017-07-18T07:13:44.164+0200: 4,145: Total time for which application threads were stopped: 0,0001780 seconds, Stopping threads took: 0,0000532 seconds
2017-07-18T07:13:44.170+0200: 4,150: Total time for which application threads were stopped: 0,0050786 seconds, Stopping threads took: 0,0050062 seconds
2017-07-18T07:13:44.179+0200: 4,160: Total time for which application threads were stopped: 0,0018718 seconds, Stopping threads took: 0,0017858 seconds
2017-07-18T07:13:44.180+0200: 4,160: Total time for which application threads were stopped: 0,0001014 seconds, Stopping threads took: 0,0000394 seconds
2017-07-18T07:13:44.180+0200: 4,160: Total time for which application threads were stopped: 0,0000460 seconds, Stopping threads took: 0,0000091 seconds
2017-07-18T07:13:44.180+0200: 4,161: Total time for which application threads were stopped: 0,0001486 seconds, Stopping threads took: 0,0000332 seconds
2017-07-18T07:13:44.180+0200: 4,161: Total time for which application threads were stopped: 0,0000536 seconds, Stopping threads took: 0,0000179 seconds
2017-07-18T07:13:44.180+0200: 4,161: Total time for which application threads were stopped: 0,0000829 seconds, Stopping threads took: 0,0000295 seconds
2017-07-18T07:13:44.180+0200: 4,161: Total time for which application threads were stopped: 0,0000552 seconds, Stopping threads took: 0,0000172 seconds
2017-07-18T07:13:44.181+0200: 4,161: Total time for which application threads were stopped: 0,0000586 seconds, Stopping threads took: 0,0000171 seconds
2017-07-18T07:13:44.181+0200: 4,161: Total time for which application threads were stopped: 0,0000634 seconds, Stopping threads took: 0,0000244 seconds
2017-07-18T07:13:44.181+0200: 4,161: Total time for which application threads were stopped: 0,0000722 seconds, Stopping threads took: 0,0000336 seconds
2017-07-18T07:13:44.181+0200: 4,162: Total time for which application threads were stopped: 0,0000841 seconds, Stopping threads took: 0,0000347 seconds
2017-07-18T07:13:44.181+0200: 4,162: Total time for which application threads were stopped: 0,0000595 seconds, Stopping threads took: 0,0000207 seconds
{Heap before GC invocations=5 (full 1):
 par new generation   total 109248K, used 99129K [0x00000000e0000000, 0x00000000e8000000, 0x00000000e8000000)
  eden space 87424K, 100% used [0x00000000e0000000, 0x00000000e5560000, 0x00000000e5560000)
  from space 21824K,  53% used [0x00000000e6ab0000, 0x00000000e761e580, 0x00000000e8000000)
  to   space 21824K,   0% used [0x00000000e5560000, 0x00000000e5560000, 0x00000000e6ab0000)
 concurrent mark-sweep generation total 393216K, used 0K [0x00000000e8000000, 0x0000000100000000, 0x0000000100000000)
 Metaspace       used 21389K, capacity 21796K, committed 21884K, reserved 1069056K
  class space    used 2464K, capacity 2635K, committed 2684K, reserved 1048576K
2017-07-18T07:13:44.192+0200: 4,173: [GC (Allocation Failure) 2017-07-18T07:13:44.192+0200: 4,173: [ParNew
Desired survivor size 20112992 bytes, new threshold 8 (max 8)
- age   1:     937416 bytes,     937416 total
- age   2:       5128 bytes,     942544 total
- age   3:     182856 bytes,    1125400 total
- age   4:    1437528 bytes,    2562928 total
- age   5:     832952 bytes,    3395880 total
- age   6:    6658480 bytes,   10054360 total
: 99129K->15077K(109248K), 0,0176824 secs] 99129K->15077K(502464K), 0,0177520 secs] [Times: user=0,05 sys=0,00, real=0,02 secs] 
Heap after GC invocations=6 (full 1):
 par new generation   total 109248K, used 15077K [0x00000000e0000000, 0x00000000e8000000, 0x00000000e8000000)
  eden space 87424K,   0% used [0x00000000e0000000, 0x00000000e0000000, 0x00000000e5560000)
  from space 21824K,  69% used [0x00000000e5560000, 0x00000000e6419608, 0x00000000e6ab0000)
  to   space 21824K,   0% used [0x00000000e6ab0000, 0x00000000e6ab0000, 0x00000000e8000000)
 concurrent mark-sweep generation total 393216K, used 0K [0x00000000e8000000, 0x0000000100000000, 0x0000000100000000)
 Metaspace       used 21389K, capacity 21796K, committed 21884K, reserved 1069056K
  class space    used 2464K, capacity 2635K, committed 2684K, reserved 1048576K
}
2017-07-18T07:13:44.210+0200: 4,191: Total time for which application threads were stopped: 0,0179451 seconds, Stopping threads took: 0,0000589 seconds
2017-07-18T07:13:44.211+0200: 4,192: Total time for which application threads were stopped: 0,0001063 seconds, Stopping threads took: 0,0000381 seconds
2017-07-18T07:13:44.211+0200: 4,192: Total time for which application threads were stopped: 0,0000851 seconds, Stopping threads took: 0,0000265 seconds
2017-07-18T07:13:44.218+0200: 4,198: Total time for which application threads were stopped: 0,0001965 seconds, Stopping threads took: 0,0000589 seconds
2017-07-18T07:13:44.219+0200: 4,200: Total time for which application threads were stopped: 0,0002660 seconds, Stopping threads took: 0,0001994 seconds
2017-07-18T07:13:44.220+0200: 4,200: Total time for which application threads were stopped: 0,0000990 seconds, Stopping threads took: 0,0000319 seconds
2017-07-18T07:13:44.223+0200: 4,204: Total time for which application threads were stopped: 0,0001330 seconds, Stopping threads took: 0,0000440 seconds
2017-07-18T07:13:44.225+0200: 4,206: Total time for which application threads were stopped: 0,0001292 seconds, Stopping threads took: 0,0000432 seconds
2017-07-18T07:13:44.228+0200: 4,209: Total time for which application threads were stopped: 0,0001535 seconds, Stopping threads took: 0,0000506 seconds
2017-07-18T07:13:44.231+0200: 4,211: Total time for which application threads were stopped: 0,0001497 seconds, Stopping threads took: 0,0000619 seconds
2017-07-18T07:13:44.231+0200: 4,212: Total time for which application threads were stopped: 0,0000908 seconds, Stopping threads took: 0,0000223 seconds
2017-07-18T07:13:44.241+0200: 4,221: Total time for which application threads were stopped: 0,0002590 seconds, Stopping threads took: 0,0001867 seconds
2017-07-18T07:13:44.241+0200: 4,222: Total time for which application threads were stopped: 0,0001152 seconds, Stopping threads took: 0,0000354 seconds
2017-07-18T07:13:44.241+0200: 4,222: Total time for which application threads were stopped: 0,0000992 seconds, Stopping threads took: 0,0000353 seconds
2017-07-18T07:13:44.249+0200: 4,230: Total time for which application threads were stopped: 0,0001842 seconds, Stopping threads took: 0,0000550 seconds
2017-07-18T07:13:44.251+0200: 4,232: Total time for which application threads were stopped: 0,0001562 seconds, Stopping threads took: 0,0000480 seconds
2017-07-18T07:13:44.254+0200: 4,235: Total time for which application threads were stopped: 0,0003989 seconds, Stopping threads took: 0,0000364 seconds
2017-07-18T07:13:44.255+0200: 4,235: Total time for which application threads were stopped: 0,0001049 seconds, Stopping threads took: 0,0000172 seconds
2017-07-18T07:13:44.258+0200: 4,239: Total time for which application threads were stopped: 0,0001533 seconds, Stopping threads took: 0,0000424 seconds
2017-07-18T07:13:44.263+0200: 4,244: Total time for which application threads were stopped: 0,0001120 seconds, Stopping threads took: 0,0000434 seconds
2017-07-18T07:13:44.264+0200: 4,244: Total time for which application threads were stopped: 0,0000996 seconds, Stopping threads took: 0,0000152 seconds
2017-07-18T07:13:44.264+0200: 4,245: Total time for which application threads were stopped: 0,0000854 seconds, Stopping threads took: 0,0000263 seconds
2017-07-18T07:13:44.295+0200: 4,276: Total time for which application threads were stopped: 0,0001534 seconds, Stopping threads took: 0,0000427 seconds
2017-07-18T07:13:44.297+0200: 4,277: Total time for which application threads were stopped: 0,0001139 seconds, Stopping threads took: 0,0000538 seconds
2017-07-18T07:13:44.297+0200: 4,278: Total time for which application threads were stopped: 0,0000731 seconds, Stopping threads took: 0,0000276 seconds
2017-07-18T07:13:44.309+0200: 4,290: Total time for which application threads were stopped: 0,0001206 seconds, Stopping threads took: 0,0000370 seconds
2017-07-18T07:13:44.311+0200: 4,292: Total time for which application threads were stopped: 0,0004681 seconds, Stopping threads took: 0,0001351 seconds
2017-07-18T07:13:44.499+0200: 4,479: Total time for which application threads were stopped: 0,0011037 seconds, Stopping threads took: 0,0009486 seconds
2017-07-18T07:13:44.530+0200: 4,510: Total time for which application threads were stopped: 0,0001145 seconds, Stopping threads took: 0,0000284 seconds
2017-07-18T07:13:44.546+0200: 4,527: Total time for which application threads were stopped: 0,0001069 seconds, Stopping threads took: 0,0000392 seconds
2017-07-18T07:13:44.568+0200: 4,549: Total time for which application threads were stopped: 0,0004133 seconds, Stopping threads took: 0,0000597 seconds
2017-07-18T07:13:44.575+0200: 4,555: Total time for which application threads were stopped: 0,0001439 seconds, Stopping threads took: 0,0000353 seconds
2017-07-18T07:13:44.575+0200: 4,556: Total time for which application threads were stopped: 0,0001183 seconds, Stopping threads took: 0,0000277 seconds
2017-07-18T07:13:44.586+0200: 4,567: Total time for which application threads were stopped: 0,0003883 seconds, Stopping threads took: 0,0000392 seconds
2017-07-18T07:13:44.600+0200: 4,581: Total time for which application threads were stopped: 0,0001064 seconds, Stopping threads took: 0,0000409 seconds
2017-07-18T07:13:44.603+0200: 4,583: Total time for which application threads were stopped: 0,0001006 seconds, Stopping threads took: 0,0000306 seconds
2017-07-18T07:13:44.609+0200: 4,590: Total time for which application threads were stopped: 0,0001317 seconds, Stopping threads took: 0,0000538 seconds
2017-07-18T07:13:44.626+0200: 4,606: Total time for which application threads were stopped: 0,0037535 seconds, Stopping threads took: 0,0036826 seconds
2017-07-18T07:13:44.628+0200: 4,609: Total time for which application threads were stopped: 0,0001567 seconds, Stopping threads took: 0,0000973 seconds
2017-07-18T07:13:44.628+0200: 4,609: Total time for which application threads were stopped: 0,0001131 seconds, Stopping threads took: 0,0000386 seconds
2017-07-18T07:13:44.644+0200: 4,624: Total time for which application threads were stopped: 0,0001141 seconds, Stopping threads took: 0,0000273 seconds
2017-07-18T07:13:44.678+0200: 4,658: Total time for which application threads were stopped: 0,0031504 seconds, Stopping threads took: 0,0030507 seconds
{Heap before GC invocations=6 (full 1):
 par new generation   total 109248K, used 102501K [0x00000000e0000000, 0x00000000e8000000, 0x00000000e8000000)
  eden space 87424K, 100% used [0x00000000e0000000, 0x00000000e5560000, 0x00000000e5560000)
  from space 21824K,  69% used [0x00000000e5560000, 0x00000000e6419608, 0x00000000e6ab0000)
  to   space 21824K,   0% used [0x00000000e6ab0000, 0x00000000e6ab0000, 0x00000000e8000000)
 concurrent mark-sweep generation total 393216K, used 0K [0x00000000e8000000, 0x0000000100000000, 0x0000000100000000)
 Metaspace       used 23860K, capacity 24292K, committed 24572K, reserved 1071104K
  class space    used 2804K, capacity 2977K, committed 3068K, reserved 1048576K
2017-07-18T07:13:44.789+0200: 4,770: [GC (Allocation Failure) 2017-07-18T07:13:44.789+0200: 4,770: [ParNew
Desired survivor size 20112992 bytes, new threshold 8 (max 8)
- age   1:    5132120 bytes,    5132120 total
- age   2:     125728 bytes,    5257848 total
- age   3:       5072 bytes,    5262920 total
- age   4:     181456 bytes,    5444376 total
- age   5:     267592 bytes,    5711968 total
- age   6:     806696 bytes,    6518664 total
- age   7:    6650224 bytes,   13168888 total
: 102501K->14977K(109248K), 0,0218095 secs] 102501K->14977K(502464K), 0,0218963 secs] [Times: user=0,05 sys=0,00, real=0,02 secs] 
Heap after GC invocations=7 (full 1):
 par new generation   total 109248K, used 14977K [0x00000000e0000000, 0x00000000e8000000, 0x00000000e8000000)
  eden space 87424K,   0% used [0x00000000e0000000, 0x00000000e0000000, 0x00000000e5560000)
  from space 21824K,  68% used [0x00000000e6ab0000, 0x00000000e7950750, 0x00000000e8000000)
  to   space 21824K,   0% used [0x00000000e5560000, 0x00000000e5560000, 0x00000000e6ab0000)
 concurrent mark-sweep generation total 393216K, used 0K [0x00000000e8000000, 0x0000000100000000, 0x0000000100000000)
 Metaspace       used 23860K, capacity 24292K, committed 24572K, reserved 1071104K
  class space    used 2804K, capacity 2977K, committed 3068K, reserved 1048576K
}
2017-07-18T07:13:44.811+0200: 4,792: Total time for which application threads were stopped: 0,0238015 seconds, Stopping threads took: 0,0017385 seconds
2017-07-18T07:13:44.818+0200: 4,799: Total time for which application threads were stopped: 0,0002629 seconds, Stopping threads took: 0,0001683 seconds
2017-07-18T07:13:44.825+0200: 4,805: Total time for which application threads were stopped: 0,0001357 seconds, Stopping threads took: 0,0000661 seconds
{Heap before GC invocations=7 (full 1):
 par new generation   total 109248K, used 102401K [0x00000000e0000000, 0x00000000e8000000, 0x00000000e8000000)
  eden space 87424K, 100% used [0x00000000e0000000, 0x00000000e5560000, 0x00000000e5560000)
  from space 21824K,  68% used [0x00000000e6ab0000, 0x00000000e7950750, 0x00000000e8000000)
  to   space 21824K,   0% used [0x00000000e5560000, 0x00000000e5560000, 0x00000000e6ab0000)
 concurrent mark-sweep generation total 393216K, used 0K [0x00000000e8000000, 0x0000000100000000, 0x0000000100000000)
 Metaspace       used 24288K, capacity 24810K, committed 25084K, reserved 1071104K
  class space    used 2845K, capacity 3042K, committed 3068K, reserved 1048576K
2017-07-18T07:13:44.954+0200: 4,935: [GC (Allocation Failure) 2017-07-18T07:13:44.954+0200: 4,935: [ParNew
Desired survivor size 20112992 bytes, new threshold 8 (max 8)
- age   1:    1757768 bytes,    1757768 total
- age   2:    1797856 bytes,    3555624 total
- age   3:      59360 bytes,    3614984 total
- age   4:       2896 bytes,    3617880 total
- age   5:      97392 bytes,    3715272 total
- age   6:     178480 bytes,    3893752 total
- age   7:     756360 bytes,    4650112 total
- age   8:    6115968 bytes,   10766080 total
: 102401K->16196K(109248K), 0,0236028 secs] 102401K->16196K(502464K), 0,0236731 secs] [Times: user=0,06 sys=0,00, real=0,02 secs] 
Heap after GC invocations=8 (full 1):
 par new generation   total 109248K, used 16196K [0x00000000e0000000, 0x00000000e8000000, 0x00000000e8000000)
  eden space 87424K,   0% used [0x00000000e0000000, 0x00000000e0000000, 0x00000000e5560000)
  from space 21824K,  74% used [0x00000000e5560000, 0x00000000e6531010, 0x00000000e6ab0000)
  to   space 21824K,   0% used [0x00000000e6ab0000, 0x00000000e6ab0000, 0x00000000e8000000)
 concurrent mark-sweep generation total 393216K, used 0K [0x00000000e8000000, 0x0000000100000000, 0x0000000100000000)
 Metaspace       used 24288K, capacity 24810K, committed 25084K, reserved 1071104K
  class space    used 2845K, capacity 3042K, committed 3068K, reserved 1048576K
}
2017-07-18T07:13:44.978+0200: 4,958: Total time for which application threads were stopped: 0,0313789 seconds, Stopping threads took: 0,0074660 seconds
2017-07-18T07:13:44.990+0200: 4,971: Total time for which application threads were stopped: 0,0005446 seconds, Stopping threads took: 0,0004600 seconds
{Heap before GC invocations=8 (full 1):
 par new generation   total 109248K, used 103620K [0x00000000e0000000, 0x00000000e8000000, 0x00000000e8000000)
  eden space 87424K, 100% used [0x00000000e0000000, 0x00000000e5560000, 0x00000000e5560000)
  from space 21824K,  74% used [0x00000000e5560000, 0x00000000e6531010, 0x00000000e6ab0000)
  to   space 21824K,   0% used [0x00000000e6ab0000, 0x00000000e6ab0000, 0x00000000e8000000)
 concurrent mark-sweep generation total 393216K, used 0K [0x00000000e8000000, 0x0000000100000000, 0x0000000100000000)
 Metaspace       used 24808K, capacity 25316K, committed 25468K, reserved 1071104K
  class space    used 2892K, capacity 3079K, committed 3196K, reserved 1048576K
2017-07-18T07:13:45.126+0200: 5,106: [GC (Allocation Failure) 2017-07-18T07:13:45.126+0200: 5,107: [ParNew
Desired survivor size 20112992 bytes, new threshold 8 (max 8)
- age   1:     968576 bytes,     968576 total
- age   2:     962448 bytes,    1931024 total
- age   3:    1793696 bytes,    3724720 total
- age   4:      59232 bytes,    3783952 total
- age   5:       2896 bytes,    3786848 total
- age   6:      97224 bytes,    3884072 total
- age   7:     175848 bytes,    4059920 total
- age   8:     755592 bytes,    4815512 total
: 103620K->6659K(109248K), 0,0840543 secs] 103620K->13234K(502464K), 0,0841526 secs] [Times: user=0,21 sys=0,00, real=0,08 secs] 
Heap after GC invocations=9 (full 1):
 par new generation   total 109248K, used 6659K [0x00000000e0000000, 0x00000000e8000000, 0x00000000e8000000)
  eden space 87424K,   0% used [0x00000000e0000000, 0x00000000e0000000, 0x00000000e5560000)
  from space 21824K,  30% used [0x00000000e6ab0000, 0x00000000e7130ee8, 0x00000000e8000000)
  to   space 21824K,   0% used [0x00000000e5560000, 0x00000000e5560000, 0x00000000e6ab0000)
 concurrent mark-sweep generation total 393216K, used 6574K [0x00000000e8000000, 0x0000000100000000, 0x0000000100000000)
 Metaspace       used 24808K, capacity 25316K, committed 25468K, reserved 1071104K
  class space    used 2892K, capacity 3079K, committed 3196K, reserved 1048576K
}
2017-07-18T07:13:45.210+0200: 5,191: Total time for which application threads were stopped: 0,0922737 seconds, Stopping threads took: 0,0079139 seconds
2017-07-18T07:13:45.418+0200: 5,399: Total time for which application threads were stopped: 0,0060416 seconds, Stopping threads took: 0,0058830 seconds
2017-07-18T07:13:45.423+0200: 5,404: Total time for which application threads were stopped: 0,0001767 seconds, Stopping threads took: 0,0000556 seconds
2017-07-18T07:13:45.430+0200: 5,411: Total time for which application threads were stopped: 0,0012562 seconds, Stopping threads took: 0,0010981 seconds
2017-07-18T07:13:45.432+0200: 5,412: Total time for which application threads were stopped: 0,0001656 seconds, Stopping threads took: 0,0000267 seconds
2017-07-18T07:13:45.432+0200: 5,413: Total time for which application threads were stopped: 0,0001154 seconds, Stopping threads took: 0,0000168 seconds
2017-07-18T07:13:45.473+0200: 5,454: Total time for which application threads were stopped: 0,0009980 seconds, Stopping threads took: 0,0008599 seconds
2017-07-18T07:13:45.494+0200: 5,475: Total time for which application threads were stopped: 0,0003069 seconds, Stopping threads took: 0,0000979 seconds
2017-07-18T07:13:45.497+0200: 5,477: Total time for which application threads were stopped: 0,0001305 seconds, Stopping threads took: 0,0000343 seconds
2017-07-18T07:13:45.518+0200: 5,499: Total time for which application threads were stopped: 0,0086635 seconds, Stopping threads took: 0,0084576 seconds
2017-07-18T07:13:45.519+0200: 5,500: Total time for which application threads were stopped: 0,0001212 seconds, Stopping threads took: 0,0000397 seconds
2017-07-18T07:13:45.588+0200: 5,568: Total time for which application threads were stopped: 0,0016052 seconds, Stopping threads took: 0,0014816 seconds
2017-07-18T07:13:45.621+0200: 5,602: Total time for which application threads were stopped: 0,0002805 seconds, Stopping threads took: 0,0001626 seconds
2017-07-18T07:13:45.753+0200: 5,734: Total time for which application threads were stopped: 0,0001673 seconds, Stopping threads took: 0,0000597 seconds
2017-07-18T07:13:45.763+0200: 5,743: Total time for which application threads were stopped: 0,0005087 seconds, Stopping threads took: 0,0000321 seconds
2017-07-18T07:13:45.790+0200: 5,770: Total time for which application threads were stopped: 0,0005344 seconds, Stopping threads took: 0,0000408 seconds
2017-07-18T07:13:46.296+0200: 6,277: Total time for which application threads were stopped: 0,0004949 seconds, Stopping threads took: 0,0001183 seconds
2017-07-18T07:13:46.321+0200: 6,302: Total time for which application threads were stopped: 0,0063639 seconds, Stopping threads took: 0,0062504 seconds
2017-07-18T07:13:46.327+0200: 6,307: Total time for which application threads were stopped: 0,0003985 seconds, Stopping threads took: 0,0001829 seconds
2017-07-18T07:13:46.390+0200: 6,370: Total time for which application threads were stopped: 0,0001616 seconds, Stopping threads took: 0,0000624 seconds
2017-07-18T07:13:46.415+0200: 6,396: Total time for which application threads were stopped: 0,0086453 seconds, Stopping threads took: 0,0084622 seconds
2017-07-18T07:13:46.436+0200: 6,416: Total time for which application threads were stopped: 0,0069547 seconds, Stopping threads took: 0,0068515 seconds
2017-07-18T07:13:46.470+0200: 6,450: Total time for which application threads were stopped: 0,0002165 seconds, Stopping threads took: 0,0000489 seconds
2017-07-18T07:13:46.529+0200: 6,510: Total time for which application threads were stopped: 0,0001543 seconds, Stopping threads took: 0,0000458 seconds
2017-07-18T07:13:46.551+0200: 6,531: Total time for which application threads were stopped: 0,0130058 seconds, Stopping threads took: 0,0128601 seconds
2017-07-18T07:13:46.695+0200: 6,676: Total time for which application threads were stopped: 0,0068807 seconds, Stopping threads took: 0,0063506 seconds
2017-07-18T07:13:46.712+0200: 6,693: Total time for which application threads were stopped: 0,0024271 seconds, Stopping threads took: 0,0022918 seconds
2017-07-18T07:13:46.713+0200: 6,694: Total time for which application threads were stopped: 0,0001090 seconds, Stopping threads took: 0,0000222 seconds
2017-07-18T07:13:46.777+0200: 6,758: Total time for which application threads were stopped: 0,0001333 seconds, Stopping threads took: 0,0000379 seconds
2017-07-18T07:14:42.783+0200: 62,764: Total time for which application threads were stopped: 0,0000962 seconds, Stopping threads took: 0,0000394 seconds
2017-07-18T07:15:37.789+0200: 117,770: Total time for which application threads were stopped: 0,0000784 seconds, Stopping threads took: 0,0000341 seconds
2017-07-18T07:15:42.790+0200: 122,770: Total time for which application threads were stopped: 0,0000734 seconds, Stopping threads took: 0,0000214 seconds
{Heap before GC invocations=9 (full 1):
 par new generation   total 109248K, used 94083K [0x00000000e0000000, 0x00000000e8000000, 0x00000000e8000000)
  eden space 87424K, 100% used [0x00000000e0000000, 0x00000000e5560000, 0x00000000e5560000)
  from space 21824K,  30% used [0x00000000e6ab0000, 0x00000000e7130ee8, 0x00000000e8000000)
  to   space 21824K,   0% used [0x00000000e5560000, 0x00000000e5560000, 0x00000000e6ab0000)
 concurrent mark-sweep generation total 393216K, used 6574K [0x00000000e8000000, 0x0000000100000000, 0x0000000100000000)
 Metaspace       used 28015K, capacity 28542K, committed 28796K, reserved 1075200K
  class space    used 3209K, capacity 3384K, committed 3452K, reserved 1048576K
2017-07-18T07:16:36.426+0200: 176,406: [GC (Allocation Failure) 2017-07-18T07:16:36.426+0200: 176,406: [ParNew
Desired survivor size 20112992 bytes, new threshold 8 (max 8)
- age   1:   10969176 bytes,   10969176 total
- age   2:     239880 bytes,   11209056 total
- age   3:     182872 bytes,   11391928 total
- age   4:    1787704 bytes,   13179632 total
- age   5:      58976 bytes,   13238608 total
- age   6:       2896 bytes,   13241504 total
- age   7:      94520 bytes,   13336024 total
- age   8:     175088 bytes,   13511112 total
: 94083K->14813K(109248K), 0,0129607 secs] 100658K->22137K(502464K), 0,0130259 secs] [Times: user=0,05 sys=0,00, real=0,01 secs] 
Heap after GC invocations=10 (full 1):
 par new generation   total 109248K, used 14813K [0x00000000e0000000, 0x00000000e8000000, 0x00000000e8000000)
  eden space 87424K,   0% used [0x00000000e0000000, 0x00000000e0000000, 0x00000000e5560000)
  from space 21824K,  67% used [0x00000000e5560000, 0x00000000e63d7620, 0x00000000e6ab0000)
  to   space 21824K,   0% used [0x00000000e6ab0000, 0x00000000e6ab0000, 0x00000000e8000000)
 concurrent mark-sweep generation total 393216K, used 7323K [0x00000000e8000000, 0x0000000100000000, 0x0000000100000000)
 Metaspace       used 28015K, capacity 28542K, committed 28796K, reserved 1075200K
  class space    used 3209K, capacity 3384K, committed 3452K, reserved 1048576K
}
2017-07-18T07:16:36.439+0200: 176,419: Total time for which application threads were stopped: 0,0131875 seconds, Stopping threads took: 0,0000382 seconds
2017-07-18T07:16:36.439+0200: 176,420: Total time for which application threads were stopped: 0,0000665 seconds, Stopping threads took: 0,0000318 seconds
2017-07-18T07:16:36.440+0200: 176,420: Total time for which application threads were stopped: 0,0000507 seconds, Stopping threads took: 0,0000244 seconds
2017-07-18T07:16:41.440+0200: 181,421: Total time for which application threads were stopped: 0,0000810 seconds, Stopping threads took: 0,0000229 seconds
2017-07-18T07:18:16.452+0200: 276,433: Total time for which application threads were stopped: 0,0000806 seconds, Stopping threads took: 0,0000338 seconds
2017-07-18T07:37:06.588+0200: 1406,568: Total time for which application threads were stopped: 0,0000853 seconds, Stopping threads took: 0,0000343 seconds
2017-07-18T07:40:42.614+0200: 1622,594: Total time for which application threads were stopped: 0,0001264 seconds, Stopping threads took: 0,0000409 seconds
2017-07-18T07:40:51.615+0200: 1631,596: Total time for which application threads were stopped: 0,0001000 seconds, Stopping threads took: 0,0000387 seconds
2017-07-18T07:52:01.695+0200: 2301,676: Total time for which application threads were stopped: 0,0001084 seconds, Stopping threads took: 0,0000369 seconds
2017-07-18T07:52:02.695+0200: 2302,676: Total time for which application threads were stopped: 0,0000693 seconds, Stopping threads took: 0,0000154 seconds
2017-07-18T07:54:02.708+0200: 2422,689: Total time for which application threads were stopped: 0,0001434 seconds, Stopping threads took: 0,0000549 seconds
2017-07-18T07:56:12.724+0200: 2552,704: Total time for which application threads were stopped: 0,0004429 seconds, Stopping threads took: 0,0001821 seconds
2017-07-18T08:06:57.801+0200: 3197,782: Total time for which application threads were stopped: 0,0000893 seconds, Stopping threads took: 0,0000351 seconds
2017-07-18T08:11:42.835+0200: 3482,816: Total time for which application threads were stopped: 0,0000864 seconds, Stopping threads took: 0,0000358 seconds
2017-07-18T08:16:06.865+0200: 3746,846: Total time for which application threads were stopped: 0,0001035 seconds, Stopping threads took: 0,0000356 seconds
2017-07-18T09:34:53.136+0200: 4071,675: Total time for which application threads were stopped: 0,0004290 seconds, Stopping threads took: 0,0001673 seconds
2017-07-18T09:35:13.138+0200: 4091,677: Total time for which application threads were stopped: 0,0001749 seconds, Stopping threads took: 0,0000638 seconds
2017-07-18T09:45:34.222+0200: 4712,761: Total time for which application threads were stopped: 0,0000867 seconds, Stopping threads took: 0,0000354 seconds
2017-07-18T09:45:44.223+0200: 4722,762: Total time for which application threads were stopped: 0,0000582 seconds, Stopping threads took: 0,0000144 seconds
2017-07-18T10:11:24.409+0200: 6262,948: Total time for which application threads were stopped: 0,0000845 seconds, Stopping threads took: 0,0000327 seconds
2017-07-18T10:29:48.082+0200: 7203,633: Total time for which application threads were stopped: 0,0001424 seconds, Stopping threads took: 0,0000531 seconds
2017-07-18T10:31:47.094+0200: 7322,645: Total time for which application threads were stopped: 0,0000755 seconds, Stopping threads took: 0,0000309 seconds
2017-07-18T10:36:47.128+0200: 7622,679: Total time for which application threads were stopped: 0,0000847 seconds, Stopping threads took: 0,0000325 seconds
2017-07-18T10:37:47.134+0200: 7682,685: Total time for which application threads were stopped: 0,0000844 seconds, Stopping threads took: 0,0000292 seconds
2017-07-18T10:38:17.137+0200: 7712,689: Total time for which application threads were stopped: 0,0001078 seconds, Stopping threads took: 0,0000429 seconds
2017-07-18T11:33:20.698+0200: 11015,706: Total time for which application threads were stopped: 0,0080019 seconds, Stopping threads took: 0,0079004 seconds
2017-07-18T11:33:20.700+0200: 11015,708: Total time for which application threads were stopped: 0,0006076 seconds, Stopping threads took: 0,0005372 seconds
2017-07-18T11:33:20.701+0200: 11015,709: Total time for which application threads were stopped: 0,0001432 seconds, Stopping threads took: 0,0000178 seconds
2017-07-18T11:33:20.709+0200: 11015,717: Total time for which application threads were stopped: 0,0001062 seconds, Stopping threads took: 0,0000186 seconds
2017-07-18T11:33:20.711+0200: 11015,719: Total time for which application threads were stopped: 0,0001987 seconds, Stopping threads took: 0,0000888 seconds
2017-07-18T11:33:20.730+0200: 11015,738: Total time for which application threads were stopped: 0,0001032 seconds, Stopping threads took: 0,0000267 seconds
2017-07-18T11:33:20.730+0200: 11015,738: Total time for which application threads were stopped: 0,0000875 seconds, Stopping threads took: 0,0000257 seconds
2017-07-18T11:33:20.734+0200: 11015,742: Total time for which application threads were stopped: 0,0001083 seconds, Stopping threads took: 0,0000287 seconds
2017-07-18T11:33:20.735+0200: 11015,743: Total time for which application threads were stopped: 0,0001013 seconds, Stopping threads took: 0,0000260 seconds
2017-07-18T11:33:20.735+0200: 11015,743: Total time for which application threads were stopped: 0,0000574 seconds, Stopping threads took: 0,0000145 seconds
2017-07-18T11:33:20.735+0200: 11015,743: Total time for which application threads were stopped: 0,0000465 seconds, Stopping threads took: 0,0000127 seconds
2017-07-18T11:33:20.735+0200: 11015,743: Total time for which application threads were stopped: 0,0000452 seconds, Stopping threads took: 0,0000153 seconds
2017-07-18T11:33:20.735+0200: 11015,743: Total time for which application threads were stopped: 0,0000829 seconds, Stopping threads took: 0,0000469 seconds
2017-07-18T11:33:20.736+0200: 11015,744: Total time for which application threads were stopped: 0,0000439 seconds, Stopping threads took: 0,0000144 seconds
2017-07-18T11:33:20.736+0200: 11015,744: Total time for which application threads were stopped: 0,0000520 seconds, Stopping threads took: 0,0000138 seconds
2017-07-18T11:33:20.736+0200: 11015,744: Total time for which application threads were stopped: 0,0000485 seconds, Stopping threads took: 0,0000134 seconds
2017-07-18T11:33:20.736+0200: 11015,744: Total time for which application threads were stopped: 0,0000403 seconds, Stopping threads took: 0,0000110 seconds
2017-07-18T11:33:20.736+0200: 11015,744: Total time for which application threads were stopped: 0,0000443 seconds, Stopping threads took: 0,0000151 seconds
2017-07-18T11:33:20.736+0200: 11015,744: Total time for which application threads were stopped: 0,0000526 seconds, Stopping threads took: 0,0000163 seconds
2017-07-18T11:33:20.736+0200: 11015,744: Total time for which application threads were stopped: 0,0000437 seconds, Stopping threads took: 0,0000123 seconds
2017-07-18T11:33:20.736+0200: 11015,744: Total time for which application threads were stopped: 0,0000402 seconds, Stopping threads took: 0,0000122 seconds
2017-07-18T11:33:20.740+0200: 11015,748: Total time for which application threads were stopped: 0,0001737 seconds, Stopping threads took: 0,0001075 seconds
2017-07-18T11:33:20.740+0200: 11015,748: Total time for which application threads were stopped: 0,0000456 seconds, Stopping threads took: 0,0000138 seconds
2017-07-18T11:33:20.740+0200: 11015,748: Total time for which application threads were stopped: 0,0000664 seconds, Stopping threads took: 0,0000107 seconds
2017-07-18T11:33:20.740+0200: 11015,748: Total time for which application threads were stopped: 0,0000467 seconds, Stopping threads took: 0,0000158 seconds
2017-07-18T11:33:20.740+0200: 11015,748: Total time for which application threads were stopped: 0,0000433 seconds, Stopping threads took: 0,0000126 seconds
2017-07-18T11:33:20.740+0200: 11015,748: Total time for which application threads were stopped: 0,0000419 seconds, Stopping threads took: 0,0000118 seconds
2017-07-18T11:33:20.740+0200: 11015,748: Total time for which application threads were stopped: 0,0000397 seconds, Stopping threads took: 0,0000112 seconds
2017-07-18T11:33:20.744+0200: 11015,751: Total time for which application threads were stopped: 0,0001712 seconds, Stopping threads took: 0,0000873 seconds
2017-07-18T11:33:20.754+0200: 11015,762: Total time for which application threads were stopped: 0,0000952 seconds, Stopping threads took: 0,0000274 seconds
2017-07-18T11:33:20.755+0200: 11015,763: Total time for which application threads were stopped: 0,0000493 seconds, Stopping threads took: 0,0000132 seconds
2017-07-18T11:33:20.755+0200: 11015,763: Total time for which application threads were stopped: 0,0000476 seconds, Stopping threads took: 0,0000141 seconds
2017-07-18T11:33:20.755+0200: 11015,763: Total time for which application threads were stopped: 0,0000424 seconds, Stopping threads took: 0,0000114 seconds
2017-07-18T11:33:20.758+0200: 11015,766: Total time for which application threads were stopped: 0,0000891 seconds, Stopping threads took: 0,0000259 seconds
2017-07-18T11:33:20.758+0200: 11015,766: Total time for which application threads were stopped: 0,0000493 seconds, Stopping threads took: 0,0000135 seconds
2017-07-18T11:33:20.758+0200: 11015,766: Total time for which application threads were stopped: 0,0000517 seconds, Stopping threads took: 0,0000132 seconds
2017-07-18T11:33:20.763+0200: 11015,771: Total time for which application threads were stopped: 0,0001308 seconds, Stopping threads took: 0,0000477 seconds
2017-07-18T11:33:20.764+0200: 11015,772: Total time for which application threads were stopped: 0,0000678 seconds, Stopping threads took: 0,0000142 seconds
2017-07-18T11:33:20.764+0200: 11015,772: Total time for which application threads were stopped: 0,0000801 seconds, Stopping threads took: 0,0000266 seconds
2017-07-18T11:33:20.765+0200: 11015,773: Total time for which application threads were stopped: 0,0001020 seconds, Stopping threads took: 0,0000153 seconds
2017-07-18T11:33:20.765+0200: 11015,773: Total time for which application threads were stopped: 0,0000892 seconds, Stopping threads took: 0,0000247 seconds
2017-07-18T11:33:20.766+0200: 11015,774: Total time for which application threads were stopped: 0,0000665 seconds, Stopping threads took: 0,0000217 seconds
2017-07-18T11:33:20.766+0200: 11015,774: Total time for which application threads were stopped: 0,0000596 seconds, Stopping threads took: 0,0000177 seconds
2017-07-18T11:33:20.766+0200: 11015,774: Total time for which application threads were stopped: 0,0000532 seconds, Stopping threads took: 0,0000171 seconds
2017-07-18T11:33:20.766+0200: 11015,774: Total time for which application threads were stopped: 0,0000479 seconds, Stopping threads took: 0,0000139 seconds
2017-07-18T11:33:20.766+0200: 11015,774: Total time for which application threads were stopped: 0,0000491 seconds, Stopping threads took: 0,0000131 seconds
2017-07-18T11:33:20.766+0200: 11015,774: Total time for which application threads were stopped: 0,0000468 seconds, Stopping threads took: 0,0000127 seconds
2017-07-18T11:33:20.792+0200: 11015,800: Total time for which application threads were stopped: 0,0254330 seconds, Stopping threads took: 0,0253566 seconds
2017-07-18T11:33:20.792+0200: 11015,800: Total time for which application threads were stopped: 0,0000576 seconds, Stopping threads took: 0,0000177 seconds
2017-07-18T11:33:20.792+0200: 11015,800: Total time for which application threads were stopped: 0,0000684 seconds, Stopping threads took: 0,0000178 seconds
2017-07-18T11:33:20.792+0200: 11015,800: Total time for which application threads were stopped: 0,0000483 seconds, Stopping threads took: 0,0000119 seconds
2017-07-18T11:33:20.793+0200: 11015,801: Total time for which application threads were stopped: 0,0000453 seconds, Stopping threads took: 0,0000137 seconds
2017-07-18T11:33:20.793+0200: 11015,801: Total time for which application threads were stopped: 0,0000580 seconds, Stopping threads took: 0,0000153 seconds
2017-07-18T11:33:20.793+0200: 11015,801: Total time for which application threads were stopped: 0,0000457 seconds, Stopping threads took: 0,0000118 seconds
2017-07-18T11:33:20.793+0200: 11015,801: Total time for which application threads were stopped: 0,0000441 seconds, Stopping threads took: 0,0000118 seconds
2017-07-18T11:33:20.793+0200: 11015,801: Total time for which application threads were stopped: 0,0000540 seconds, Stopping threads took: 0,0000162 seconds
2017-07-18T11:33:20.793+0200: 11015,801: Total time for which application threads were stopped: 0,0000472 seconds, Stopping threads took: 0,0000121 seconds
2017-07-18T11:33:20.793+0200: 11015,801: Total time for which application threads were stopped: 0,0000443 seconds, Stopping threads took: 0,0000134 seconds
2017-07-18T11:33:20.798+0200: 11015,806: Total time for which application threads were stopped: 0,0003357 seconds, Stopping threads took: 0,0002592 seconds
2017-07-18T11:33:20.799+0200: 11015,807: Total time for which application threads were stopped: 0,0001357 seconds, Stopping threads took: 0,0000417 seconds
2017-07-18T11:33:20.800+0200: 11015,808: Total time for which application threads were stopped: 0,0002727 seconds, Stopping threads took: 0,0002099 seconds
2017-07-18T11:33:20.803+0200: 11015,811: Total time for which application threads were stopped: 0,0018059 seconds, Stopping threads took: 0,0017353 seconds
2017-07-18T11:33:20.812+0200: 11015,820: Total time for which application threads were stopped: 0,0010694 seconds, Stopping threads took: 0,0009817 seconds
2017-07-18T11:33:20.812+0200: 11015,820: Total time for which application threads were stopped: 0,0000574 seconds, Stopping threads took: 0,0000176 seconds
2017-07-18T11:33:20.812+0200: 11015,820: Total time for which application threads were stopped: 0,0000451 seconds, Stopping threads took: 0,0000152 seconds
2017-07-18T11:33:20.812+0200: 11015,820: Total time for which application threads were stopped: 0,0000388 seconds, Stopping threads took: 0,0000113 seconds
2017-07-18T11:33:20.812+0200: 11015,820: Total time for which application threads were stopped: 0,0000452 seconds, Stopping threads took: 0,0000131 seconds
2017-07-18T11:33:20.813+0200: 11015,821: Total time for which application threads were stopped: 0,0001352 seconds, Stopping threads took: 0,0000114 seconds
2017-07-18T11:33:20.815+0200: 11015,823: Total time for which application threads were stopped: 0,0000798 seconds, Stopping threads took: 0,0000231 seconds
2017-07-18T11:33:20.815+0200: 11015,823: Total time for which application threads were stopped: 0,0000809 seconds, Stopping threads took: 0,0000148 seconds
Heap
 par new generation   total 109248K, used 33621K [0x00000000e0000000, 0x00000000e8000000, 0x00000000e8000000)
  eden space 87424K,  21% used [0x00000000e0000000, 0x00000000e125e090, 0x00000000e5560000)
  from space 21824K,  67% used [0x00000000e5560000, 0x00000000e63d7620, 0x00000000e6ab0000)
  to   space 21824K,   0% used [0x00000000e6ab0000, 0x00000000e6ab0000, 0x00000000e8000000)
 concurrent mark-sweep generation total 393216K, used 7323K [0x00000000e8000000, 0x0000000100000000, 0x0000000100000000)
 Metaspace       used 28167K, capacity 28614K, committed 28796K, reserved 1075200K
  class space    used 3223K, capacity 3386K, committed 3452K, reserved 1048576K
