OpenJDK 64-Bit Server VM (25.111-b14) for linux-amd64 JRE (1.8.0_111-8u111-b14-2ubuntu0.16.04.2-b14), built on Oct 27 2016 18:10:19 by "buildd" with gcc 5.4.0 20160609
Memory: 4k page, physical 7867800k(7503648k free), swap 8076284k(8076284k free)
CommandLine flags: -XX:CMSInitiatingOccupancyFraction=50 -XX:CMSMaxAbortablePrecleanTime=6000 -XX:+CMSParallelRemarkEnabled -XX:+CMSScavengeBeforeRemark -XX:ConcGCThreads=4 -XX:InitialHeapSize=536870912 -XX:MaxHeapSize=536870912 -XX:MaxTenuringThreshold=8 -XX:NewRatio=3 -XX:OldPLABSize=16 -XX:OnOutOfMemoryError=/opt/solr/bin/oom_solr.sh 8983 /var/solr/logs -XX:ParallelGCThreads=4 -XX:+ParallelRefProcEnabled -XX:PretenureSizeThreshold=67108864 -XX:+PrintGC -XX:+PrintGCApplicationStoppedTime -XX:+PrintGCDateStamps -XX:+PrintGCDetails -XX:+PrintGCTimeStamps -XX:+PrintHeapAtGC -XX:+PrintTenuringDistribution -XX:SurvivorRatio=4 -XX:TargetSurvivorRatio=90 -XX:ThreadStackSize=256 -XX:+UseCMSInitiatingOccupancyOnly -XX:+UseCompressedClassPointers -XX:+UseCompressedOops -XX:+UseConcMarkSweepGC -XX:+UseParNewGC 
2017-01-24T23:57:37.176+0100: 0,124: Total time for which application threads were stopped: 0,0000681 seconds, Stopping threads took: 0,0000136 seconds
2017-01-24T23:57:37.253+0100: 0,202: Total time for which application threads were stopped: 0,0000960 seconds, Stopping threads took: 0,0000135 seconds
2017-01-24T23:57:37.267+0100: 0,216: Total time for which application threads were stopped: 0,0000957 seconds, Stopping threads took: 0,0000232 seconds
2017-01-24T23:57:37.750+0100: 0,698: Total time for which application threads were stopped: 0,0001407 seconds, Stopping threads took: 0,0000095 seconds
2017-01-24T23:57:38.456+0100: 1,404: Total time for which application threads were stopped: 0,0001257 seconds, Stopping threads took: 0,0000195 seconds
2017-01-24T23:57:38.525+0100: 1,473: Total time for which application threads were stopped: 0,0001502 seconds, Stopping threads took: 0,0000223 seconds
2017-01-24T23:57:38.546+0100: 1,494: Total time for which application threads were stopped: 0,0001683 seconds, Stopping threads took: 0,0000244 seconds
2017-01-24T23:57:38.796+0100: 1,745: Total time for which application threads were stopped: 0,0001535 seconds, Stopping threads took: 0,0000159 seconds
2017-01-24T23:57:38.994+0100: 1,943: Total time for which application threads were stopped: 0,0003088 seconds, Stopping threads took: 0,0000241 seconds
2017-01-24T23:57:39.024+0100: 1,973: Total time for which application threads were stopped: 0,0001766 seconds, Stopping threads took: 0,0000187 seconds
2017-01-24T23:57:39.025+0100: 1,974: Total time for which application threads were stopped: 0,0000970 seconds, Stopping threads took: 0,0000133 seconds
2017-01-24T23:57:39.037+0100: 1,986: Total time for which application threads were stopped: 0,0001642 seconds, Stopping threads took: 0,0000218 seconds
2017-01-24T23:57:39.138+0100: 2,086: Total time for which application threads were stopped: 0,0002642 seconds, Stopping threads took: 0,0000330 seconds
2017-01-24T23:57:39.305+0100: 2,253: Total time for which application threads were stopped: 0,0002297 seconds, Stopping threads took: 0,0000219 seconds
2017-01-24T23:57:39.424+0100: 2,373: Total time for which application threads were stopped: 0,0002341 seconds, Stopping threads took: 0,0000728 seconds
{Heap before GC invocations=0 (full 0):
 par new generation   total 109248K, used 87551K [0x00000000e0000000, 0x00000000e8000000, 0x00000000e8000000)
  eden space 87424K, 100% used [0x00000000e0000000, 0x00000000e5560000, 0x00000000e5560000)
  from space 21824K,   0% used [0x00000000e5560000, 0x00000000e557fc10, 0x00000000e6ab0000)
  to   space 21824K,   0% used [0x00000000e6ab0000, 0x00000000e6ab0000, 0x00000000e8000000)
 concurrent mark-sweep generation total 393216K, used 0K [0x00000000e8000000, 0x0000000100000000, 0x0000000100000000)
 Metaspace       used 18027K, capacity 18302K, committed 18560K, reserved 1064960K
  class space    used 2046K, capacity 2162K, committed 2176K, reserved 1048576K
2017-01-24T23:57:39.425+0100: 2,374: [GC (GCLocker Initiated GC) 2017-01-24T23:57:39.425+0100: 2,374: [ParNew
Desired survivor size 20112992 bytes, new threshold 8 (max 8)
- age   1:   13036864 bytes,   13036864 total
: 87551K->12861K(109248K), 0,0190666 secs] 87551K->12861K(502464K), 0,0191680 secs] [Times: user=0,04 sys=0,02, real=0,02 secs] 
Heap after GC invocations=1 (full 0):
 par new generation   total 109248K, used 12861K [0x00000000e0000000, 0x00000000e8000000, 0x00000000e8000000)
  eden space 87424K,   0% used [0x00000000e0000000, 0x00000000e0000000, 0x00000000e5560000)
  from space 21824K,  58% used [0x00000000e6ab0000, 0x00000000e773f448, 0x00000000e8000000)
  to   space 21824K,   0% used [0x00000000e5560000, 0x00000000e5560000, 0x00000000e6ab0000)
 concurrent mark-sweep generation total 393216K, used 0K [0x00000000e8000000, 0x0000000100000000, 0x0000000100000000)
 Metaspace       used 18027K, capacity 18302K, committed 18560K, reserved 1064960K
  class space    used 2046K, capacity 2162K, committed 2176K, reserved 1048576K
}
2017-01-24T23:57:39.444+0100: 2,393: Total time for which application threads were stopped: 0,0193266 seconds, Stopping threads took: 0,0000236 seconds
2017-01-24T23:57:39.633+0100: 2,581: Total time for which application threads were stopped: 0,0003073 seconds, Stopping threads took: 0,0000541 seconds
2017-01-24T23:57:39.671+0100: 2,620: Total time for which application threads were stopped: 0,0027466 seconds, Stopping threads took: 0,0024752 seconds
2017-01-24T23:57:39.705+0100: 2,654: Total time for which application threads were stopped: 0,0003867 seconds, Stopping threads took: 0,0000585 seconds
{Heap before GC invocations=1 (full 0):
 par new generation   total 109248K, used 100285K [0x00000000e0000000, 0x00000000e8000000, 0x00000000e8000000)
  eden space 87424K, 100% used [0x00000000e0000000, 0x00000000e5560000, 0x00000000e5560000)
  from space 21824K,  58% used [0x00000000e6ab0000, 0x00000000e773f448, 0x00000000e8000000)
  to   space 21824K,   0% used [0x00000000e5560000, 0x00000000e5560000, 0x00000000e6ab0000)
 concurrent mark-sweep generation total 393216K, used 0K [0x00000000e8000000, 0x0000000100000000, 0x0000000100000000)
 Metaspace       used 20509K, capacity 20846K, committed 20992K, reserved 1067008K
  class space    used 2366K, capacity 2484K, committed 2560K, reserved 1048576K
2017-01-24T23:57:39.809+0100: 2,757: [GC (Allocation Failure) 2017-01-24T23:57:39.809+0100: 2,757: [ParNew
Desired survivor size 20112992 bytes, new threshold 8 (max 8)
- age   1:    3856920 bytes,    3856920 total
- age   2:    6654336 bytes,   10511256 total
: 100285K->13982K(109248K), 0,0101895 secs] 100285K->13982K(502464K), 0,0102557 secs] [Times: user=0,04 sys=0,00, real=0,00 secs] 
Heap after GC invocations=2 (full 0):
 par new generation   total 109248K, used 13982K [0x00000000e0000000, 0x00000000e8000000, 0x00000000e8000000)
  eden space 87424K,   0% used [0x00000000e0000000, 0x00000000e0000000, 0x00000000e5560000)
  from space 21824K,  64% used [0x00000000e5560000, 0x00000000e6307b88, 0x00000000e6ab0000)
  to   space 21824K,   0% used [0x00000000e6ab0000, 0x00000000e6ab0000, 0x00000000e8000000)
 concurrent mark-sweep generation total 393216K, used 0K [0x00000000e8000000, 0x0000000100000000, 0x0000000100000000)
 Metaspace       used 20509K, capacity 20846K, committed 20992K, reserved 1067008K
  class space    used 2366K, capacity 2484K, committed 2560K, reserved 1048576K
}
2017-01-24T23:57:39.819+0100: 2,768: Total time for which application threads were stopped: 0,0104730 seconds, Stopping threads took: 0,0000410 seconds
2017-01-24T23:57:39.874+0100: 2,823: Total time for which application threads were stopped: 0,0001575 seconds, Stopping threads took: 0,0000548 seconds
2017-01-24T23:57:39.909+0100: 2,858: Total time for which application threads were stopped: 0,0018875 seconds, Stopping threads took: 0,0017820 seconds
2017-01-24T23:57:39.952+0100: 2,901: Total time for which application threads were stopped: 0,0017792 seconds, Stopping threads took: 0,0016951 seconds
2017-01-24T23:57:39.953+0100: 2,901: Total time for which application threads were stopped: 0,0001248 seconds, Stopping threads took: 0,0000948 seconds
{Heap before GC invocations=2 (full 0):
 par new generation   total 109248K, used 101406K [0x00000000e0000000, 0x00000000e8000000, 0x00000000e8000000)
  eden space 87424K, 100% used [0x00000000e0000000, 0x00000000e5560000, 0x00000000e5560000)
  from space 21824K,  64% used [0x00000000e5560000, 0x00000000e6307b88, 0x00000000e6ab0000)
  to   space 21824K,   0% used [0x00000000e6ab0000, 0x00000000e6ab0000, 0x00000000e8000000)
 concurrent mark-sweep generation total 393216K, used 0K [0x00000000e8000000, 0x0000000100000000, 0x0000000100000000)
 Metaspace       used 21806K, capacity 22154K, committed 22216K, reserved 1069056K
  class space    used 2524K, capacity 2681K, committed 2684K, reserved 1048576K
2017-01-24T23:57:39.988+0100: 2,937: [GC (Allocation Failure) 2017-01-24T23:57:39.988+0100: 2,937: [ParNew
Desired survivor size 20112992 bytes, new threshold 8 (max 8)
- age   1:    1374464 bytes,    1374464 total
- age   2:    1597824 bytes,    2972288 total
- age   3:    6622912 bytes,    9595200 total
: 101406K->11693K(109248K), 0,0087167 secs] 101406K->11693K(502464K), 0,0087908 secs] [Times: user=0,02 sys=0,00, real=0,00 secs] 
Heap after GC invocations=3 (full 0):
 par new generation   total 109248K, used 11693K [0x00000000e0000000, 0x00000000e8000000, 0x00000000e8000000)
  eden space 87424K,   0% used [0x00000000e0000000, 0x00000000e0000000, 0x00000000e5560000)
  from space 21824K,  53% used [0x00000000e6ab0000, 0x00000000e761b600, 0x00000000e8000000)
  to   space 21824K,   0% used [0x00000000e5560000, 0x00000000e5560000, 0x00000000e6ab0000)
 concurrent mark-sweep generation total 393216K, used 0K [0x00000000e8000000, 0x0000000100000000, 0x0000000100000000)
 Metaspace       used 21806K, capacity 22154K, committed 22216K, reserved 1069056K
  class space    used 2524K, capacity 2681K, committed 2684K, reserved 1048576K
}
2017-01-24T23:57:39.997+0100: 2,945: Total time for which application threads were stopped: 0,0089767 seconds, Stopping threads took: 0,0000651 seconds
2017-01-24T23:57:39.997+0100: 2,946: [GC (CMS Initial Mark) [1 CMS-initial-mark: 0K(393216K)] 12651K(502464K), 0,0034433 secs] [Times: user=0,01 sys=0,00, real=0,01 secs] 
2017-01-24T23:57:40.001+0100: 2,950: Total time for which application threads were stopped: 0,0035905 seconds, Stopping threads took: 0,0000545 seconds
2017-01-24T23:57:40.001+0100: 2,950: [CMS-concurrent-mark-start]
2017-01-24T23:57:40.002+0100: 2,950: [CMS-concurrent-mark: 0,001/0,001 secs] [Times: user=0,00 sys=0,00, real=0,00 secs] 
2017-01-24T23:57:40.002+0100: 2,950: [CMS-concurrent-preclean-start]
2017-01-24T23:57:40.003+0100: 2,952: [CMS-concurrent-preclean: 0,001/0,001 secs] [Times: user=0,01 sys=0,00, real=0,00 secs] 
2017-01-24T23:57:40.003+0100: 2,952: [CMS-concurrent-abortable-preclean-start]
2017-01-24T23:57:40.063+0100: 3,012: Total time for which application threads were stopped: 0,0001725 seconds, Stopping threads took: 0,0000703 seconds
{Heap before GC invocations=3 (full 1):
 par new generation   total 109248K, used 99117K [0x00000000e0000000, 0x00000000e8000000, 0x00000000e8000000)
  eden space 87424K, 100% used [0x00000000e0000000, 0x00000000e5560000, 0x00000000e5560000)
  from space 21824K,  53% used [0x00000000e6ab0000, 0x00000000e761b600, 0x00000000e8000000)
  to   space 21824K,   0% used [0x00000000e5560000, 0x00000000e5560000, 0x00000000e6ab0000)
 concurrent mark-sweep generation total 393216K, used 0K [0x00000000e8000000, 0x0000000100000000, 0x0000000100000000)
 Metaspace       used 22024K, capacity 22364K, committed 22548K, reserved 1069056K
  class space    used 2550K, capacity 2684K, committed 2684K, reserved 1048576K
2017-01-24T23:57:40.103+0100: 3,052: [GC (Allocation Failure) 2017-01-24T23:57:40.103+0100: 3,052: [ParNew
Desired survivor size 20112992 bytes, new threshold 8 (max 8)
- age   1:     409960 bytes,     409960 total
- age   2:     395184 bytes,     805144 total
- age   3:    1597032 bytes,    2402176 total
- age   4:    6622880 bytes,    9025056 total
: 99117K->12734K(109248K), 0,0096173 secs] 99117K->12734K(502464K), 0,0096847 secs] [Times: user=0,03 sys=0,00, real=0,01 secs] 
Heap after GC invocations=4 (full 1):
 par new generation   total 109248K, used 12734K [0x00000000e0000000, 0x00000000e8000000, 0x00000000e8000000)
  eden space 87424K,   0% used [0x00000000e0000000, 0x00000000e0000000, 0x00000000e5560000)
  from space 21824K,  58% used [0x00000000e5560000, 0x00000000e61cf870, 0x00000000e6ab0000)
  to   space 21824K,   0% used [0x00000000e6ab0000, 0x00000000e6ab0000, 0x00000000e8000000)
 concurrent mark-sweep generation total 393216K, used 0K [0x00000000e8000000, 0x0000000100000000, 0x0000000100000000)
 Metaspace       used 22024K, capacity 22364K, committed 22548K, reserved 1069056K
  class space    used 2550K, capacity 2684K, committed 2684K, reserved 1048576K
}
2017-01-24T23:57:40.113+0100: 3,061: Total time for which application threads were stopped: 0,0098811 seconds, Stopping threads took: 0,0000554 seconds
2017-01-24T23:57:40.113+0100: 3,061: [CMS-concurrent-abortable-preclean: 0,061/0,110 secs] [Times: user=0,39 sys=0,01, real=0,11 secs] 
2017-01-24T23:57:40.113+0100: 3,062: [GC (CMS Final Remark) [YG occupancy: 13540 K (109248 K)]{Heap before GC invocations=4 (full 1):
 par new generation   total 109248K, used 13540K [0x00000000e0000000, 0x00000000e8000000, 0x00000000e8000000)
  eden space 87424K,   0% used [0x00000000e0000000, 0x00000000e00c9840, 0x00000000e5560000)
  from space 21824K,  58% used [0x00000000e5560000, 0x00000000e61cf870, 0x00000000e6ab0000)
  to   space 21824K,   0% used [0x00000000e6ab0000, 0x00000000e6ab0000, 0x00000000e8000000)
 concurrent mark-sweep generation total 393216K, used 0K [0x00000000e8000000, 0x0000000100000000, 0x0000000100000000)
 Metaspace       used 22024K, capacity 22364K, committed 22548K, reserved 1069056K
  class space    used 2550K, capacity 2684K, committed 2684K, reserved 1048576K
2017-01-24T23:57:40.113+0100: 3,062: [GC (CMS Final Remark) 2017-01-24T23:57:40.113+0100: 3,062: [ParNew
Desired survivor size 20112992 bytes, new threshold 8 (max 8)
- age   1:     136400 bytes,     136400 total
- age   2:     379536 bytes,     515936 total
- age   3:     395184 bytes,     911120 total
- age   4:    1596992 bytes,    2508112 total
- age   5:    6622784 bytes,    9130896 total
: 13540K->10854K(109248K), 0,0085789 secs] 13540K->10854K(502464K), 0,0086253 secs] [Times: user=0,03 sys=0,00, real=0,01 secs] 
Heap after GC invocations=5 (full 1):
 par new generation   total 109248K, used 10854K [0x00000000e0000000, 0x00000000e8000000, 0x00000000e8000000)
  eden space 87424K,   0% used [0x00000000e0000000, 0x00000000e0000000, 0x00000000e5560000)
  from space 21824K,  49% used [0x00000000e6ab0000, 0x00000000e7549b00, 0x00000000e8000000)
  to   space 21824K,   0% used [0x00000000e5560000, 0x00000000e5560000, 0x00000000e6ab0000)
 concurrent mark-sweep generation total 393216K, used 0K [0x00000000e8000000, 0x0000000100000000, 0x0000000100000000)
 Metaspace       used 22024K, capacity 22364K, committed 22548K, reserved 1069056K
  class space    used 2550K, capacity 2684K, committed 2684K, reserved 1048576K
}
2017-01-24T23:57:40.122+0100: 3,070: [Rescan (parallel) , 0,0033554 secs]2017-01-24T23:57:40.125+0100: 3,074: [weak refs processing, 0,0003872 secs]2017-01-24T23:57:40.125+0100: 3,074: [class unloading, 0,0028733 secs]2017-01-24T23:57:40.128+0100: 3,077: [scrub symbol table, 0,0026712 secs]2017-01-24T23:57:40.131+0100: 3,080: [scrub string table, 0,0004058 secs][1 CMS-remark: 0K(393216K)] 10854K(502464K), 0,0190074 secs] [Times: user=0,05 sys=0,00, real=0,02 secs] 
2017-01-24T23:57:40.132+0100: 3,081: Total time for which application threads were stopped: 0,0191754 seconds, Stopping threads took: 0,0000812 seconds
2017-01-24T23:57:40.132+0100: 3,081: [CMS-concurrent-sweep-start]
2017-01-24T23:57:40.132+0100: 3,081: [CMS-concurrent-sweep: 0,000/0,000 secs] [Times: user=0,00 sys=0,00, real=0,00 secs] 
2017-01-24T23:57:40.132+0100: 3,081: [CMS-concurrent-reset-start]
2017-01-24T23:57:40.134+0100: 3,083: [CMS-concurrent-reset: 0,002/0,002 secs] [Times: user=0,01 sys=0,00, real=0,00 secs] 
2017-01-24T23:57:40.150+0100: 3,099: Total time for which application threads were stopped: 0,0004476 seconds, Stopping threads took: 0,0000540 seconds
2017-01-24T23:57:40.347+0100: 3,295: Total time for which application threads were stopped: 0,0004550 seconds, Stopping threads took: 0,0000398 seconds
2017-01-24T23:57:40.358+0100: 3,307: Total time for which application threads were stopped: 0,0003818 seconds, Stopping threads took: 0,0000233 seconds
{Heap before GC invocations=5 (full 1):
 par new generation   total 109248K, used 98278K [0x00000000e0000000, 0x00000000e8000000, 0x00000000e8000000)
  eden space 87424K, 100% used [0x00000000e0000000, 0x00000000e5560000, 0x00000000e5560000)
  from space 21824K,  49% used [0x00000000e6ab0000, 0x00000000e7549b00, 0x00000000e8000000)
  to   space 21824K,   0% used [0x00000000e5560000, 0x00000000e5560000, 0x00000000e6ab0000)
 concurrent mark-sweep generation total 393216K, used 0K [0x00000000e8000000, 0x0000000100000000, 0x0000000100000000)
 Metaspace       used 25918K, capacity 26334K, committed 26492K, reserved 1073152K
  class space    used 3030K, capacity 3155K, committed 3196K, reserved 1048576K
2017-01-24T23:57:40.666+0100: 3,615: [GC (Allocation Failure) 2017-01-24T23:57:40.666+0100: 3,615: [ParNew
Desired survivor size 20112992 bytes, new threshold 8 (max 8)
- age   1:    5092944 bytes,    5092944 total
- age   3:     150912 bytes,    5243856 total
- age   4:     381672 bytes,    5625528 total
- age   5:     648440 bytes,    6273968 total
- age   6:    6616640 bytes,   12890608 total
: 98278K->18100K(109248K), 0,0112199 secs] 98278K->18100K(502464K), 0,0112950 secs] [Times: user=0,04 sys=0,00, real=0,01 secs] 
Heap after GC invocations=6 (full 1):
 par new generation   total 109248K, used 18100K [0x00000000e0000000, 0x00000000e8000000, 0x00000000e8000000)
  eden space 87424K,   0% used [0x00000000e0000000, 0x00000000e0000000, 0x00000000e5560000)
  from space 21824K,  82% used [0x00000000e5560000, 0x00000000e670d0c8, 0x00000000e6ab0000)
  to   space 21824K,   0% used [0x00000000e6ab0000, 0x00000000e6ab0000, 0x00000000e8000000)
 concurrent mark-sweep generation total 393216K, used 0K [0x00000000e8000000, 0x0000000100000000, 0x0000000100000000)
 Metaspace       used 25918K, capacity 26334K, committed 26492K, reserved 1073152K
  class space    used 3030K, capacity 3155K, committed 3196K, reserved 1048576K
}
2017-01-24T23:57:40.678+0100: 3,626: Total time for which application threads were stopped: 0,0114955 seconds, Stopping threads took: 0,0000320 seconds
2017-01-24T23:57:40.885+0100: 3,834: Total time for which application threads were stopped: 0,0003248 seconds, Stopping threads took: 0,0000168 seconds
2017-01-24T23:57:41.099+0100: 4,047: Total time for which application threads were stopped: 0,0004222 seconds, Stopping threads took: 0,0000320 seconds
2017-01-24T23:58:09.106+0100: 32,055: Total time for which application threads were stopped: 0,0004075 seconds, Stopping threads took: 0,0001262 seconds
2017-01-25T00:00:10.120+0100: 153,068: Total time for which application threads were stopped: 0,0001004 seconds, Stopping threads took: 0,0000403 seconds
2017-01-25T00:00:15.120+0100: 158,069: Total time for which application threads were stopped: 0,0001563 seconds, Stopping threads took: 0,0000638 seconds
2017-01-25T00:00:44.123+0100: 187,072: Total time for which application threads were stopped: 0,0000992 seconds, Stopping threads took: 0,0000388 seconds
2017-01-25T00:02:04.134+0100: 267,082: Total time for which application threads were stopped: 0,0000775 seconds, Stopping threads took: 0,0000317 seconds
2017-01-25T00:21:19.280+0100: 1422,229: Total time for which application threads were stopped: 0,0001685 seconds, Stopping threads took: 0,0000612 seconds
2017-01-25T00:26:09.321+0100: 1712,270: Total time for which application threads were stopped: 0,0000865 seconds, Stopping threads took: 0,0000368 seconds
2017-01-25T00:36:14.399+0100: 2317,347: Total time for which application threads were stopped: 0,0003518 seconds, Stopping threads took: 0,0001429 seconds
2017-01-25T00:50:54.493+0100: 3197,441: Total time for which application threads were stopped: 0,0001297 seconds, Stopping threads took: 0,0000515 seconds
2017-01-25T00:53:57.499+0100: 3380,448: Total time for which application threads were stopped: 0,0001570 seconds, Stopping threads took: 0,0000247 seconds
Heap
 par new generation   total 109248K, used 79863K [0x00000000e0000000, 0x00000000e8000000, 0x00000000e8000000)
  eden space 87424K,  70% used [0x00000000e0000000, 0x00000000e3c50cb0, 0x00000000e5560000)
  from space 21824K,  82% used [0x00000000e5560000, 0x00000000e670d0c8, 0x00000000e6ab0000)
  to   space 21824K,   0% used [0x00000000e6ab0000, 0x00000000e6ab0000, 0x00000000e8000000)
 concurrent mark-sweep generation total 393216K, used 0K [0x00000000e8000000, 0x0000000100000000, 0x0000000100000000)
 Metaspace       used 28826K, capacity 29268K, committed 29692K, reserved 1075200K
  class space    used 3338K, capacity 3488K, committed 3580K, reserved 1048576K
