OpenJDK 64-Bit Server VM (25.121-b13) for linux-amd64 JRE (1.8.0_121-8u121-b13-0ubuntu1.16.04.2-b13), built on Jan 23 2017 15:51:29 by "buildd" with gcc 5.4.0 20160609
Memory: 4k page, physical 7867800k(7505748k free), swap 8076284k(8076284k free)
CommandLine flags: -XX:CMSInitiatingOccupancyFraction=50 -XX:CMSMaxAbortablePrecleanTime=6000 -XX:+CMSParallelRemarkEnabled -XX:+CMSScavengeBeforeRemark -XX:ConcGCThreads=4 -XX:InitialHeapSize=536870912 -XX:MaxHeapSize=536870912 -XX:MaxTenuringThreshold=8 -XX:NewRatio=3 -XX:OldPLABSize=16 -XX:OnOutOfMemoryError=/opt/solr/bin/oom_solr.sh 8983 /var/solr/logs -XX:ParallelGCThreads=4 -XX:+ParallelRefProcEnabled -XX:PretenureSizeThreshold=67108864 -XX:+PrintGC -XX:+PrintGCApplicationStoppedTime -XX:+PrintGCDateStamps -XX:+PrintGCDetails -XX:+PrintGCTimeStamps -XX:+PrintHeapAtGC -XX:+PrintTenuringDistribution -XX:SurvivorRatio=4 -XX:TargetSurvivorRatio=90 -XX:ThreadStackSize=256 -XX:+UseCMSInitiatingOccupancyOnly -XX:+UseCompressedClassPointers -XX:+UseCompressedOops -XX:+UseConcMarkSweepGC -XX:+UseParNewGC 
2017-02-15T03:42:08.669+0100: 0,148: Total time for which application threads were stopped: 0,0000699 seconds, Stopping threads took: 0,0000131 seconds
2017-02-15T03:42:08.768+0100: 0,248: Total time for which application threads were stopped: 0,0001115 seconds, Stopping threads took: 0,0000106 seconds
2017-02-15T03:42:08.787+0100: 0,266: Total time for which application threads were stopped: 0,0001080 seconds, Stopping threads took: 0,0000242 seconds
2017-02-15T03:42:09.110+0100: 0,589: Total time for which application threads were stopped: 0,0001723 seconds, Stopping threads took: 0,0000273 seconds
2017-02-15T03:42:09.501+0100: 0,981: Total time for which application threads were stopped: 0,0001525 seconds, Stopping threads took: 0,0000182 seconds
2017-02-15T03:42:09.575+0100: 1,055: Total time for which application threads were stopped: 0,0001526 seconds, Stopping threads took: 0,0000142 seconds
2017-02-15T03:42:09.601+0100: 1,080: Total time for which application threads were stopped: 0,0002112 seconds, Stopping threads took: 0,0000405 seconds
2017-02-15T03:42:09.839+0100: 1,318: Total time for which application threads were stopped: 0,0001701 seconds, Stopping threads took: 0,0000221 seconds
2017-02-15T03:42:10.038+0100: 1,518: Total time for which application threads were stopped: 0,0001939 seconds, Stopping threads took: 0,0000169 seconds
2017-02-15T03:42:10.062+0100: 1,542: Total time for which application threads were stopped: 0,0005683 seconds, Stopping threads took: 0,0000638 seconds
2017-02-15T03:42:10.098+0100: 1,577: Total time for which application threads were stopped: 0,0002145 seconds, Stopping threads took: 0,0000202 seconds
2017-02-15T03:42:10.099+0100: 1,579: Total time for which application threads were stopped: 0,0001929 seconds, Stopping threads took: 0,0000315 seconds
2017-02-15T03:42:10.121+0100: 1,600: Total time for which application threads were stopped: 0,0002232 seconds, Stopping threads took: 0,0000219 seconds
2017-02-15T03:42:10.215+0100: 1,694: Total time for which application threads were stopped: 0,0002483 seconds, Stopping threads took: 0,0000210 seconds
2017-02-15T03:42:10.361+0100: 1,840: Total time for which application threads were stopped: 0,0002561 seconds, Stopping threads took: 0,0000385 seconds
{Heap before GC invocations=0 (full 0):
 par new generation   total 109248K, used 87424K [0x00000000e0000000, 0x00000000e8000000, 0x00000000e8000000)
  eden space 87424K, 100% used [0x00000000e0000000, 0x00000000e5560000, 0x00000000e5560000)
  from space 21824K,   0% used [0x00000000e5560000, 0x00000000e5560000, 0x00000000e6ab0000)
  to   space 21824K,   0% used [0x00000000e6ab0000, 0x00000000e6ab0000, 0x00000000e8000000)
 concurrent mark-sweep generation total 393216K, used 0K [0x00000000e8000000, 0x0000000100000000, 0x0000000100000000)
 Metaspace       used 18015K, capacity 18336K, committed 18688K, reserved 1064960K
  class space    used 2036K, capacity 2196K, committed 2304K, reserved 1048576K
2017-02-15T03:42:10.455+0100: 1,934: [GC (Allocation Failure) 2017-02-15T03:42:10.455+0100: 1,934: [ParNew
Desired survivor size 20112992 bytes, new threshold 8 (max 8)
- age   1:   12578896 bytes,   12578896 total
: 87424K->12398K(109248K), 0,0157994 secs] 87424K->12398K(502464K), 0,0158770 secs] [Times: user=0,06 sys=0,00, real=0,02 secs] 
Heap after GC invocations=1 (full 0):
 par new generation   total 109248K, used 12398K [0x00000000e0000000, 0x00000000e8000000, 0x00000000e8000000)
  eden space 87424K,   0% used [0x00000000e0000000, 0x00000000e0000000, 0x00000000e5560000)
  from space 21824K,  56% used [0x00000000e6ab0000, 0x00000000e76cb9e8, 0x00000000e8000000)
  to   space 21824K,   0% used [0x00000000e5560000, 0x00000000e5560000, 0x00000000e6ab0000)
 concurrent mark-sweep generation total 393216K, used 0K [0x00000000e8000000, 0x0000000100000000, 0x0000000100000000)
 Metaspace       used 18015K, capacity 18336K, committed 18688K, reserved 1064960K
  class space    used 2036K, capacity 2196K, committed 2304K, reserved 1048576K
}
2017-02-15T03:42:10.470+0100: 1,950: Total time for which application threads were stopped: 0,0179606 seconds, Stopping threads took: 0,0018936 seconds
2017-02-15T03:42:10.748+0100: 2,228: Total time for which application threads were stopped: 0,0004222 seconds, Stopping threads took: 0,0000355 seconds
{Heap before GC invocations=1 (full 0):
 par new generation   total 109248K, used 99822K [0x00000000e0000000, 0x00000000e8000000, 0x00000000e8000000)
  eden space 87424K, 100% used [0x00000000e0000000, 0x00000000e5560000, 0x00000000e5560000)
  from space 21824K,  56% used [0x00000000e6ab0000, 0x00000000e76cb9e8, 0x00000000e8000000)
  to   space 21824K,   0% used [0x00000000e5560000, 0x00000000e5560000, 0x00000000e6ab0000)
 concurrent mark-sweep generation total 393216K, used 0K [0x00000000e8000000, 0x0000000100000000, 0x0000000100000000)
 Metaspace       used 20039K, capacity 20370K, committed 20736K, reserved 1067008K
  class space    used 2294K, capacity 2471K, committed 2560K, reserved 1048576K
2017-02-15T03:42:10.793+0100: 2,273: [GC (Allocation Failure) 2017-02-15T03:42:10.793+0100: 2,273: [ParNew
Desired survivor size 20112992 bytes, new threshold 8 (max 8)
- age   1:    3739760 bytes,    3739760 total
- age   2:    6647952 bytes,   10387712 total
: 99822K->15659K(109248K), 0,0168135 secs] 99822K->15659K(502464K), 0,0168932 secs] [Times: user=0,07 sys=0,00, real=0,01 secs] 
Heap after GC invocations=2 (full 0):
 par new generation   total 109248K, used 15659K [0x00000000e0000000, 0x00000000e8000000, 0x00000000e8000000)
  eden space 87424K,   0% used [0x00000000e0000000, 0x00000000e0000000, 0x00000000e5560000)
  from space 21824K,  71% used [0x00000000e5560000, 0x00000000e64aad40, 0x00000000e6ab0000)
  to   space 21824K,   0% used [0x00000000e6ab0000, 0x00000000e6ab0000, 0x00000000e8000000)
 concurrent mark-sweep generation total 393216K, used 0K [0x00000000e8000000, 0x0000000100000000, 0x0000000100000000)
 Metaspace       used 20039K, capacity 20370K, committed 20736K, reserved 1067008K
  class space    used 2294K, capacity 2471K, committed 2560K, reserved 1048576K
}
2017-02-15T03:42:10.810+0100: 2,289: Total time for which application threads were stopped: 0,0171704 seconds, Stopping threads took: 0,0000878 seconds
2017-02-15T03:42:10.815+0100: 2,294: Total time for which application threads were stopped: 0,0008355 seconds, Stopping threads took: 0,0005842 seconds
2017-02-15T03:42:10.851+0100: 2,330: Total time for which application threads were stopped: 0,0040819 seconds, Stopping threads took: 0,0037573 seconds
2017-02-15T03:42:10.986+0100: 2,466: Total time for which application threads were stopped: 0,0001817 seconds, Stopping threads took: 0,0000646 seconds
{Heap before GC invocations=2 (full 0):
 par new generation   total 109248K, used 103083K [0x00000000e0000000, 0x00000000e8000000, 0x00000000e8000000)
  eden space 87424K, 100% used [0x00000000e0000000, 0x00000000e5560000, 0x00000000e5560000)
  from space 21824K,  71% used [0x00000000e5560000, 0x00000000e64aad40, 0x00000000e6ab0000)
  to   space 21824K,   0% used [0x00000000e6ab0000, 0x00000000e6ab0000, 0x00000000e8000000)
 concurrent mark-sweep generation total 393216K, used 0K [0x00000000e8000000, 0x0000000100000000, 0x0000000100000000)
 Metaspace       used 20986K, capacity 21292K, committed 21628K, reserved 1069056K
  class space    used 2419K, capacity 2590K, committed 2684K, reserved 1048576K
2017-02-15T03:42:11.025+0100: 2,504: [GC (Allocation Failure) 2017-02-15T03:42:11.025+0100: 2,504: [ParNew
Desired survivor size 20112992 bytes, new threshold 8 (max 8)
- age   1:    2381304 bytes,    2381304 total
- age   2:     863752 bytes,    3245056 total
- age   3:    6643632 bytes,    9888688 total
: 103083K->10110K(109248K), 0,0129714 secs] 103083K->10110K(502464K), 0,0130481 secs] [Times: user=0,03 sys=0,00, real=0,01 secs] 
Heap after GC invocations=3 (full 0):
 par new generation   total 109248K, used 10110K [0x00000000e0000000, 0x00000000e8000000, 0x00000000e8000000)
  eden space 87424K,   0% used [0x00000000e0000000, 0x00000000e0000000, 0x00000000e5560000)
  from space 21824K,  46% used [0x00000000e6ab0000, 0x00000000e748f938, 0x00000000e8000000)
  to   space 21824K,   0% used [0x00000000e5560000, 0x00000000e5560000, 0x00000000e6ab0000)
 concurrent mark-sweep generation total 393216K, used 0K [0x00000000e8000000, 0x0000000100000000, 0x0000000100000000)
 Metaspace       used 20986K, capacity 21292K, committed 21628K, reserved 1069056K
  class space    used 2419K, capacity 2590K, committed 2684K, reserved 1048576K
}
2017-02-15T03:42:11.038+0100: 2,517: Total time for which application threads were stopped: 0,0146870 seconds, Stopping threads took: 0,0014849 seconds
2017-02-15T03:42:11.038+0100: 2,517: [GC (CMS Initial Mark) [1 CMS-initial-mark: 0K(393216K)] 10811K(502464K), 0,0029457 secs] [Times: user=0,02 sys=0,00, real=0,01 secs] 
2017-02-15T03:42:11.041+0100: 2,520: Total time for which application threads were stopped: 0,0030574 seconds, Stopping threads took: 0,0000309 seconds
2017-02-15T03:42:11.041+0100: 2,520: [CMS-concurrent-mark-start]
2017-02-15T03:42:11.041+0100: 2,521: [CMS-concurrent-mark: 0,000/0,000 secs] [Times: user=0,00 sys=0,00, real=0,00 secs] 
2017-02-15T03:42:11.041+0100: 2,521: [CMS-concurrent-preclean-start]
2017-02-15T03:42:11.042+0100: 2,522: [CMS-concurrent-preclean: 0,001/0,001 secs] [Times: user=0,00 sys=0,00, real=0,00 secs] 
2017-02-15T03:42:11.042+0100: 2,522: [CMS-concurrent-abortable-preclean-start]
2017-02-15T03:42:11.120+0100: 2,599: Total time for which application threads were stopped: 0,0002066 seconds, Stopping threads took: 0,0001103 seconds
2017-02-15T03:42:11.122+0100: 2,602: [CMS-concurrent-abortable-preclean: 0,074/0,080 secs] [Times: user=0,30 sys=0,00, real=0,08 secs] 
2017-02-15T03:42:11.124+0100: 2,604: Total time for which application threads were stopped: 0,0019673 seconds, Stopping threads took: 0,0018915 seconds
2017-02-15T03:42:11.126+0100: 2,606: [GC (CMS Final Remark) [YG occupancy: 81592 K (109248 K)]{Heap before GC invocations=3 (full 1):
 par new generation   total 109248K, used 81592K [0x00000000e0000000, 0x00000000e8000000, 0x00000000e8000000)
  eden space 87424K,  81% used [0x00000000e0000000, 0x00000000e45ce910, 0x00000000e5560000)
  from space 21824K,  46% used [0x00000000e6ab0000, 0x00000000e748f938, 0x00000000e8000000)
  to   space 21824K,   0% used [0x00000000e5560000, 0x00000000e5560000, 0x00000000e6ab0000)
 concurrent mark-sweep generation total 393216K, used 0K [0x00000000e8000000, 0x0000000100000000, 0x0000000100000000)
 Metaspace       used 21222K, capacity 21556K, committed 21884K, reserved 1069056K
  class space    used 2444K, capacity 2604K, committed 2684K, reserved 1048576K
2017-02-15T03:42:11.127+0100: 2,606: [GC (CMS Final Remark) 2017-02-15T03:42:11.127+0100: 2,606: [ParNew
Desired survivor size 20112992 bytes, new threshold 8 (max 8)
- age   1:    1536656 bytes,    1536656 total
- age   2:    1448368 bytes,    2985024 total
- age   3:     842184 bytes,    3827208 total
- age   4:    6643512 bytes,   10470720 total
: 81592K->12549K(109248K), 0,0186884 secs] 81592K->12549K(502464K), 0,0187418 secs] [Times: user=0,07 sys=0,00, real=0,02 secs] 
Heap after GC invocations=4 (full 1):
 par new generation   total 109248K, used 12549K [0x00000000e0000000, 0x00000000e8000000, 0x00000000e8000000)
  eden space 87424K,   0% used [0x00000000e0000000, 0x00000000e0000000, 0x00000000e5560000)
  from space 21824K,  57% used [0x00000000e5560000, 0x00000000e61a1400, 0x00000000e6ab0000)
  to   space 21824K,   0% used [0x00000000e6ab0000, 0x00000000e6ab0000, 0x00000000e8000000)
 concurrent mark-sweep generation total 393216K, used 0K [0x00000000e8000000, 0x0000000100000000, 0x0000000100000000)
 Metaspace       used 21222K, capacity 21556K, committed 21884K, reserved 1069056K
  class space    used 2444K, capacity 2604K, committed 2684K, reserved 1048576K
}
2017-02-15T03:42:11.145+0100: 2,625: [Rescan (parallel) , 0,0066656 secs]2017-02-15T03:42:11.152+0100: 2,632: [weak refs processing, 0,0051696 secs]2017-02-15T03:42:11.157+0100: 2,637: [class unloading, 0,0032071 secs]2017-02-15T03:42:11.160+0100: 2,640: [scrub symbol table, 0,0026351 secs]2017-02-15T03:42:11.163+0100: 2,643: [scrub string table, 0,0003790 secs][1 CMS-remark: 0K(393216K)] 12549K(502464K), 0,0375220 secs] [Times: user=0,10 sys=0,00, real=0,04 secs] 
2017-02-15T03:42:11.164+0100: 2,644: Total time for which application threads were stopped: 0,0388062 seconds, Stopping threads took: 0,0012017 seconds
2017-02-15T03:42:11.167+0100: 2,646: [CMS-concurrent-sweep-start]
2017-02-15T03:42:11.167+0100: 2,646: [CMS-concurrent-sweep: 0,000/0,000 secs] [Times: user=0,00 sys=0,00, real=0,00 secs] 
2017-02-15T03:42:11.167+0100: 2,646: [CMS-concurrent-reset-start]
2017-02-15T03:42:11.168+0100: 2,648: [CMS-concurrent-reset: 0,002/0,002 secs] [Times: user=0,00 sys=0,00, real=0,00 secs] 
{Heap before GC invocations=4 (full 1):
 par new generation   total 109248K, used 99973K [0x00000000e0000000, 0x00000000e8000000, 0x00000000e8000000)
  eden space 87424K, 100% used [0x00000000e0000000, 0x00000000e5560000, 0x00000000e5560000)
  from space 21824K,  57% used [0x00000000e5560000, 0x00000000e61a1400, 0x00000000e6ab0000)
  to   space 21824K,   0% used [0x00000000e6ab0000, 0x00000000e6ab0000, 0x00000000e8000000)
 concurrent mark-sweep generation total 393216K, used 0K [0x00000000e8000000, 0x0000000100000000, 0x0000000100000000)
 Metaspace       used 21340K, capacity 21736K, committed 21884K, reserved 1069056K
  class space    used 2465K, capacity 2640K, committed 2684K, reserved 1048576K
2017-02-15T03:42:11.247+0100: 2,726: [GC (Allocation Failure) 2017-02-15T03:42:11.247+0100: 2,726: [ParNew
Desired survivor size 20112992 bytes, new threshold 8 (max 8)
- age   1:    1298608 bytes,    1298608 total
- age   2:     136920 bytes,    1435528 total
- age   3:    1448080 bytes,    2883608 total
- age   4:     842072 bytes,    3725680 total
- age   5:    6643632 bytes,   10369312 total
: 99973K->14640K(109248K), 0,0096569 secs] 99973K->14640K(502464K), 0,0097169 secs] [Times: user=0,04 sys=0,00, real=0,01 secs] 
Heap after GC invocations=5 (full 1):
 par new generation   total 109248K, used 14640K [0x00000000e0000000, 0x00000000e8000000, 0x00000000e8000000)
  eden space 87424K,   0% used [0x00000000e0000000, 0x00000000e0000000, 0x00000000e5560000)
  from space 21824K,  67% used [0x00000000e6ab0000, 0x00000000e78fc300, 0x00000000e8000000)
  to   space 21824K,   0% used [0x00000000e5560000, 0x00000000e5560000, 0x00000000e6ab0000)
 concurrent mark-sweep generation total 393216K, used 0K [0x00000000e8000000, 0x0000000100000000, 0x0000000100000000)
 Metaspace       used 21340K, capacity 21736K, committed 21884K, reserved 1069056K
  class space    used 2465K, capacity 2640K, committed 2684K, reserved 1048576K
}
2017-02-15T03:42:11.256+0100: 2,736: Total time for which application threads were stopped: 0,0099649 seconds, Stopping threads took: 0,0001238 seconds
2017-02-15T03:42:11.311+0100: 2,791: Total time for which application threads were stopped: 0,0002980 seconds, Stopping threads took: 0,0000215 seconds
2017-02-15T03:42:11.503+0100: 2,982: Total time for which application threads were stopped: 0,0004502 seconds, Stopping threads took: 0,0000212 seconds
2017-02-15T03:42:11.516+0100: 2,995: Total time for which application threads were stopped: 0,0003514 seconds, Stopping threads took: 0,0000252 seconds
{Heap before GC invocations=5 (full 1):
 par new generation   total 109248K, used 102064K [0x00000000e0000000, 0x00000000e8000000, 0x00000000e8000000)
  eden space 87424K, 100% used [0x00000000e0000000, 0x00000000e5560000, 0x00000000e5560000)
  from space 21824K,  67% used [0x00000000e6ab0000, 0x00000000e78fc300, 0x00000000e8000000)
  to   space 21824K,   0% used [0x00000000e5560000, 0x00000000e5560000, 0x00000000e6ab0000)
 concurrent mark-sweep generation total 393216K, used 0K [0x00000000e8000000, 0x0000000100000000, 0x0000000100000000)
 Metaspace       used 24867K, capacity 25388K, committed 25724K, reserved 1071104K
  class space    used 2904K, capacity 3086K, committed 3196K, reserved 1048576K
2017-02-15T03:42:11.721+0100: 3,200: [GC (Allocation Failure) 2017-02-15T03:42:11.721+0100: 3,200: [ParNew
Desired survivor size 20112992 bytes, new threshold 8 (max 8)
- age   1:    4987040 bytes,    4987040 total
- age   2:     112744 bytes,    5099784 total
- age   3:     133168 bytes,    5232952 total
- age   4:     272960 bytes,    5505912 total
- age   5:     820888 bytes,    6326800 total
- age   6:    6637328 bytes,   12964128 total
: 102064K->17152K(109248K), 0,0140796 secs] 102064K->17152K(502464K), 0,0141580 secs] [Times: user=0,03 sys=0,01, real=0,01 secs] 
Heap after GC invocations=6 (full 1):
 par new generation   total 109248K, used 17152K [0x00000000e0000000, 0x00000000e8000000, 0x00000000e8000000)
  eden space 87424K,   0% used [0x00000000e0000000, 0x00000000e0000000, 0x00000000e5560000)
  from space 21824K,  78% used [0x00000000e5560000, 0x00000000e66203d0, 0x00000000e6ab0000)
  to   space 21824K,   0% used [0x00000000e6ab0000, 0x00000000e6ab0000, 0x00000000e8000000)
 concurrent mark-sweep generation total 393216K, used 0K [0x00000000e8000000, 0x0000000100000000, 0x0000000100000000)
 Metaspace       used 24867K, capacity 25388K, committed 25724K, reserved 1071104K
  class space    used 2904K, capacity 3086K, committed 3196K, reserved 1048576K
}
2017-02-15T03:42:11.735+0100: 3,215: Total time for which application threads were stopped: 0,0143656 seconds, Stopping threads took: 0,0000232 seconds
2017-02-15T03:42:11.837+0100: 3,316: Total time for which application threads were stopped: 0,0006502 seconds, Stopping threads took: 0,0000309 seconds
2017-02-15T03:42:11.945+0100: 3,424: Total time for which application threads were stopped: 0,0004317 seconds, Stopping threads took: 0,0000492 seconds
2017-02-15T03:42:11.964+0100: 3,444: Total time for which application threads were stopped: 0,0003902 seconds, Stopping threads took: 0,0000230 seconds
2017-02-15T03:42:12.031+0100: 3,511: Total time for which application threads were stopped: 0,0004714 seconds, Stopping threads took: 0,0000488 seconds
2017-02-15T03:42:12.570+0100: 4,049: Total time for which application threads were stopped: 0,0007054 seconds, Stopping threads took: 0,0000483 seconds
2017-02-15T03:42:40.574+0100: 32,054: Total time for which application threads were stopped: 0,0001209 seconds, Stopping threads took: 0,0000372 seconds
2017-02-15T03:43:00.578+0100: 52,058: Total time for which application threads were stopped: 0,0001495 seconds, Stopping threads took: 0,0000503 seconds
2017-02-15T03:44:15.588+0100: 127,068: Total time for which application threads were stopped: 0,0001716 seconds, Stopping threads took: 0,0000662 seconds
2017-02-15T03:44:20.589+0100: 132,068: Total time for which application threads were stopped: 0,0000689 seconds, Stopping threads took: 0,0000175 seconds
2017-02-15T03:45:09.595+0100: 181,075: Total time for which application threads were stopped: 0,0008482 seconds, Stopping threads took: 0,0003867 seconds
2017-02-15T03:46:30.605+0100: 262,085: Total time for which application threads were stopped: 0,0000838 seconds, Stopping threads took: 0,0000330 seconds
2017-02-15T03:46:39.607+0100: 271,086: Total time for which application threads were stopped: 0,0000754 seconds, Stopping threads took: 0,0000190 seconds
2017-02-15T04:05:39.738+0100: 1411,218: Total time for which application threads were stopped: 0,0000976 seconds, Stopping threads took: 0,0000356 seconds
2017-02-15T04:10:14.771+0100: 1686,251: Total time for which application threads were stopped: 0,0000894 seconds, Stopping threads took: 0,0000330 seconds
2017-02-15T04:19:09.829+0100: 2221,309: Total time for which application threads were stopped: 0,0001292 seconds, Stopping threads took: 0,0000437 seconds
2017-02-15T04:19:29.832+0100: 2241,311: Total time for which application threads were stopped: 0,0000767 seconds, Stopping threads took: 0,0000276 seconds
2017-02-15T04:19:54.835+0100: 2266,315: Total time for which application threads were stopped: 0,0006361 seconds, Stopping threads took: 0,0002207 seconds
2017-02-15T04:20:34.840+0100: 2306,320: Total time for which application threads were stopped: 0,0001029 seconds, Stopping threads took: 0,0000366 seconds
2017-02-15T04:20:35.840+0100: 2307,320: Total time for which application threads were stopped: 0,0000803 seconds, Stopping threads took: 0,0000191 seconds
2017-02-15T04:24:40.869+0100: 2552,348: Total time for which application threads were stopped: 0,0000921 seconds, Stopping threads took: 0,0000337 seconds
2017-02-15T04:33:39.933+0100: 3091,412: Total time for which application threads were stopped: 0,0000808 seconds, Stopping threads took: 0,0000293 seconds
2017-02-15T04:35:25.946+0100: 3197,425: Total time for which application threads were stopped: 0,0005028 seconds, Stopping threads took: 0,0001486 seconds
2017-02-15T04:36:09.952+0100: 3241,432: Total time for which application threads were stopped: 0,0000910 seconds, Stopping threads took: 0,0000330 seconds
{Heap before GC invocations=6 (full 1):
 par new generation   total 109248K, used 104576K [0x00000000e0000000, 0x00000000e8000000, 0x00000000e8000000)
  eden space 87424K, 100% used [0x00000000e0000000, 0x00000000e5560000, 0x00000000e5560000)
  from space 21824K,  78% used [0x00000000e5560000, 0x00000000e66203d0, 0x00000000e6ab0000)
  to   space 21824K,   0% used [0x00000000e6ab0000, 0x00000000e6ab0000, 0x00000000e8000000)
 concurrent mark-sweep generation total 393216K, used 0K [0x00000000e8000000, 0x0000000100000000, 0x0000000100000000)
 Metaspace       used 28002K, capacity 28582K, committed 28796K, reserved 1075200K
  class space    used 3228K, capacity 3401K, committed 3452K, reserved 1048576K
2017-02-15T04:36:50.923+0100: 3282,402: [GC (Allocation Failure) 2017-02-15T04:36:50.923+0100: 3282,402: [ParNew
Desired survivor size 20112992 bytes, new threshold 7 (max 8)
- age   1:   11495664 bytes,   11495664 total
- age   2:    2046672 bytes,   13542336 total
- age   3:     112680 bytes,   13655016 total
- age   4:     133008 bytes,   13788024 total
- age   5:     272640 bytes,   14060664 total
- age   6:     818728 bytes,   14879392 total
- age   7:    6401960 bytes,   21281352 total
: 104576K->21824K(109248K), 0,0696949 secs] 104576K->22673K(502464K), 0,0698150 secs] [Times: user=0,08 sys=0,00, real=0,07 secs] 
Heap after GC invocations=7 (full 1):
 par new generation   total 109248K, used 21824K [0x00000000e0000000, 0x00000000e8000000, 0x00000000e8000000)
  eden space 87424K,   0% used [0x00000000e0000000, 0x00000000e0000000, 0x00000000e5560000)
  from space 21824K, 100% used [0x00000000e6ab0000, 0x00000000e8000000, 0x00000000e8000000)
  to   space 21824K,   0% used [0x00000000e5560000, 0x00000000e5560000, 0x00000000e6ab0000)
 concurrent mark-sweep generation total 393216K, used 849K [0x00000000e8000000, 0x0000000100000000, 0x0000000100000000)
 Metaspace       used 28002K, capacity 28582K, committed 28796K, reserved 1075200K
  class space    used 3228K, capacity 3401K, committed 3452K, reserved 1048576K
}
2017-02-15T04:36:50.993+0100: 3282,472: Total time for which application threads were stopped: 0,0916166 seconds, Stopping threads took: 0,0214576 seconds
2017-02-15T04:36:51.016+0100: 3282,496: Total time for which application threads were stopped: 0,0051349 seconds, Stopping threads took: 0,0050087 seconds
2017-02-15T04:36:51.025+0100: 3282,504: Total time for which application threads were stopped: 0,0002125 seconds, Stopping threads took: 0,0000816 seconds
2017-02-15T04:36:51.030+0100: 3282,509: Total time for which application threads were stopped: 0,0001641 seconds, Stopping threads took: 0,0000376 seconds
Heap
 par new generation   total 109248K, used 27195K [0x00000000e0000000, 0x00000000e8000000, 0x00000000e8000000)
  eden space 87424K,   6% used [0x00000000e0000000, 0x00000000e053ede8, 0x00000000e5560000)
  from space 21824K, 100% used [0x00000000e6ab0000, 0x00000000e8000000, 0x00000000e8000000)
  to   space 21824K,   0% used [0x00000000e5560000, 0x00000000e5560000, 0x00000000e6ab0000)
 concurrent mark-sweep generation total 393216K, used 849K [0x00000000e8000000, 0x0000000100000000, 0x0000000100000000)
 Metaspace       used 28019K, capacity 28582K, committed 28796K, reserved 1075200K
  class space    used 3231K, capacity 3401K, committed 3452K, reserved 1048576K
