OpenJDK 64-Bit Server VM (25.111-b14) for linux-amd64 JRE (1.8.0_111-8u111-b14-2ubuntu0.16.04.2-b14), built on Oct 27 2016 18:10:19 by "buildd" with gcc 5.4.0 20160609
Memory: 4k page, physical 7867804k(7514180k free), swap 8076284k(8076284k free)
CommandLine flags: -XX:CMSInitiatingOccupancyFraction=50 -XX:CMSMaxAbortablePrecleanTime=6000 -XX:+CMSParallelRemarkEnabled -XX:+CMSScavengeBeforeRemark -XX:ConcGCThreads=4 -XX:InitialHeapSize=536870912 -XX:MaxHeapSize=536870912 -XX:MaxTenuringThreshold=8 -XX:NewRatio=3 -XX:OldPLABSize=16 -XX:OnOutOfMemoryError=/opt/solr/bin/oom_solr.sh 8983 /var/solr/logs -XX:ParallelGCThreads=4 -XX:+ParallelRefProcEnabled -XX:PretenureSizeThreshold=67108864 -XX:+PrintGC -XX:+PrintGCApplicationStoppedTime -XX:+PrintGCDateStamps -XX:+PrintGCDetails -XX:+PrintGCTimeStamps -XX:+PrintHeapAtGC -XX:+PrintTenuringDistribution -XX:SurvivorRatio=4 -XX:TargetSurvivorRatio=90 -XX:ThreadStackSize=256 -XX:+UseCMSInitiatingOccupancyOnly -XX:+UseCompressedClassPointers -XX:+UseCompressedOops -XX:+UseConcMarkSweepGC -XX:+UseParNewGC 
2017-01-06T08:53:20.579+0100: 0,138: Total time for which application threads were stopped: 0,0000841 seconds, Stopping threads took: 0,0000165 seconds
2017-01-06T08:53:20.666+0100: 0,225: Total time for which application threads were stopped: 0,0001598 seconds, Stopping threads took: 0,0000104 seconds
2017-01-06T08:53:20.680+0100: 0,239: Total time for which application threads were stopped: 0,0000854 seconds, Stopping threads took: 0,0000133 seconds
2017-01-06T08:53:20.880+0100: 0,439: Total time for which application threads were stopped: 0,0001227 seconds, Stopping threads took: 0,0000140 seconds
2017-01-06T08:53:21.390+0100: 0,949: Total time for which application threads were stopped: 0,0002289 seconds, Stopping threads took: 0,0000352 seconds
2017-01-06T08:53:21.511+0100: 1,070: Total time for which application threads were stopped: 0,0002499 seconds, Stopping threads took: 0,0000426 seconds
2017-01-06T08:53:21.544+0100: 1,103: Total time for which application threads were stopped: 0,0002083 seconds, Stopping threads took: 0,0000400 seconds
2017-01-06T08:53:21.879+0100: 1,438: Total time for which application threads were stopped: 0,0001870 seconds, Stopping threads took: 0,0000204 seconds
2017-01-06T08:53:22.114+0100: 1,673: Total time for which application threads were stopped: 0,0001940 seconds, Stopping threads took: 0,0000188 seconds
2017-01-06T08:53:22.138+0100: 1,696: Total time for which application threads were stopped: 0,0001859 seconds, Stopping threads took: 0,0000195 seconds
2017-01-06T08:53:22.138+0100: 1,697: Total time for which application threads were stopped: 0,0001518 seconds, Stopping threads took: 0,0000124 seconds
2017-01-06T08:53:22.152+0100: 1,711: Total time for which application threads were stopped: 0,0001694 seconds, Stopping threads took: 0,0000184 seconds
2017-01-06T08:53:22.232+0100: 1,791: Total time for which application threads were stopped: 0,0002692 seconds, Stopping threads took: 0,0000597 seconds
2017-01-06T08:53:22.370+0100: 1,929: Total time for which application threads were stopped: 0,0004065 seconds, Stopping threads took: 0,0002089 seconds
{Heap before GC invocations=0 (full 0):
 par new generation   total 109248K, used 87424K [0x00000000e0000000, 0x00000000e8000000, 0x00000000e8000000)
  eden space 87424K, 100% used [0x00000000e0000000, 0x00000000e5560000, 0x00000000e5560000)
  from space 21824K,   0% used [0x00000000e5560000, 0x00000000e5560000, 0x00000000e6ab0000)
  to   space 21824K,   0% used [0x00000000e6ab0000, 0x00000000e6ab0000, 0x00000000e8000000)
 concurrent mark-sweep generation total 393216K, used 0K [0x00000000e8000000, 0x0000000100000000, 0x0000000100000000)
 Metaspace       used 17948K, capacity 18238K, committed 18304K, reserved 1064960K
  class space    used 2044K, capacity 2162K, committed 2176K, reserved 1048576K
2017-01-06T08:53:22.467+0100: 2,026: [GC (Allocation Failure) 2017-01-06T08:53:22.467+0100: 2,026: [ParNew
Desired survivor size 20112992 bytes, new threshold 8 (max 8)
- age   1:   12020752 bytes,   12020752 total
: 87424K->11851K(109248K), 0,0208771 secs] 87424K->11851K(502464K), 0,0209705 secs] [Times: user=0,06 sys=0,00, real=0,02 secs] 
Heap after GC invocations=1 (full 0):
 par new generation   total 109248K, used 11851K [0x00000000e0000000, 0x00000000e8000000, 0x00000000e8000000)
  eden space 87424K,   0% used [0x00000000e0000000, 0x00000000e0000000, 0x00000000e5560000)
  from space 21824K,  54% used [0x00000000e6ab0000, 0x00000000e7642dd0, 0x00000000e8000000)
  to   space 21824K,   0% used [0x00000000e5560000, 0x00000000e5560000, 0x00000000e6ab0000)
 concurrent mark-sweep generation total 393216K, used 0K [0x00000000e8000000, 0x0000000100000000, 0x0000000100000000)
 Metaspace       used 17948K, capacity 18238K, committed 18304K, reserved 1064960K
  class space    used 2044K, capacity 2162K, committed 2176K, reserved 1048576K
}
2017-01-06T08:53:22.488+0100: 2,047: Total time for which application threads were stopped: 0,0212095 seconds, Stopping threads took: 0,0000295 seconds
2017-01-06T08:53:22.668+0100: 2,227: Total time for which application threads were stopped: 0,0003306 seconds, Stopping threads took: 0,0000362 seconds
2017-01-06T08:53:22.698+0100: 2,257: Total time for which application threads were stopped: 0,0029788 seconds, Stopping threads took: 0,0027651 seconds
2017-01-06T08:53:22.718+0100: 2,276: Total time for which application threads were stopped: 0,0003042 seconds, Stopping threads took: 0,0000274 seconds
{Heap before GC invocations=1 (full 0):
 par new generation   total 109248K, used 99275K [0x00000000e0000000, 0x00000000e8000000, 0x00000000e8000000)
  eden space 87424K, 100% used [0x00000000e0000000, 0x00000000e5560000, 0x00000000e5560000)
  from space 21824K,  54% used [0x00000000e6ab0000, 0x00000000e7642dd0, 0x00000000e8000000)
  to   space 21824K,   0% used [0x00000000e5560000, 0x00000000e5560000, 0x00000000e6ab0000)
 concurrent mark-sweep generation total 393216K, used 0K [0x00000000e8000000, 0x0000000100000000, 0x0000000100000000)
 Metaspace       used 20697K, capacity 21016K, committed 21248K, reserved 1069056K
  class space    used 2403K, capacity 2518K, committed 2560K, reserved 1048576K
2017-01-06T08:53:22.888+0100: 2,447: [GC (Allocation Failure) 2017-01-06T08:53:22.888+0100: 2,447: [ParNew
Desired survivor size 20112992 bytes, new threshold 8 (max 8)
- age   1:    3670608 bytes,    3670608 total
- age   2:    6068840 bytes,    9739448 total
: 99275K->14798K(109248K), 0,0106457 secs] 99275K->14798K(502464K), 0,0107225 secs] [Times: user=0,03 sys=0,00, real=0,01 secs] 
Heap after GC invocations=2 (full 0):
 par new generation   total 109248K, used 14798K [0x00000000e0000000, 0x00000000e8000000, 0x00000000e8000000)
  eden space 87424K,   0% used [0x00000000e0000000, 0x00000000e0000000, 0x00000000e5560000)
  from space 21824K,  67% used [0x00000000e5560000, 0x00000000e63d3b80, 0x00000000e6ab0000)
  to   space 21824K,   0% used [0x00000000e6ab0000, 0x00000000e6ab0000, 0x00000000e8000000)
 concurrent mark-sweep generation total 393216K, used 0K [0x00000000e8000000, 0x0000000100000000, 0x0000000100000000)
 Metaspace       used 20697K, capacity 21016K, committed 21248K, reserved 1069056K
  class space    used 2403K, capacity 2518K, committed 2560K, reserved 1048576K
}
2017-01-06T08:53:22.899+0100: 2,457: Total time for which application threads were stopped: 0,0109200 seconds, Stopping threads took: 0,0000227 seconds
2017-01-06T08:53:22.960+0100: 2,519: Total time for which application threads were stopped: 0,0000751 seconds, Stopping threads took: 0,0000136 seconds
2017-01-06T08:53:22.994+0100: 2,553: Total time for which application threads were stopped: 0,0000794 seconds, Stopping threads took: 0,0000143 seconds
2017-01-06T08:53:22.995+0100: 2,554: Total time for which application threads were stopped: 0,0002581 seconds, Stopping threads took: 0,0000214 seconds
2017-01-06T08:53:23.020+0100: 2,579: Total time for which application threads were stopped: 0,0000912 seconds, Stopping threads took: 0,0000233 seconds
2017-01-06T08:53:23.103+0100: 2,662: Total time for which application threads were stopped: 0,0001684 seconds, Stopping threads took: 0,0000455 seconds
2017-01-06T08:53:23.125+0100: 2,684: Total time for which application threads were stopped: 0,0000826 seconds, Stopping threads took: 0,0000207 seconds
2017-01-06T08:53:23.133+0100: 2,692: Total time for which application threads were stopped: 0,0003103 seconds, Stopping threads took: 0,0000283 seconds
2017-01-06T08:53:23.141+0100: 2,699: Total time for which application threads were stopped: 0,0002568 seconds, Stopping threads took: 0,0000129 seconds
2017-01-06T08:53:23.148+0100: 2,707: Total time for which application threads were stopped: 0,0001250 seconds, Stopping threads took: 0,0000518 seconds
2017-01-06T08:53:23.181+0100: 2,740: Total time for which application threads were stopped: 0,0000973 seconds, Stopping threads took: 0,0000212 seconds
2017-01-06T08:53:23.198+0100: 2,757: Total time for which application threads were stopped: 0,0000785 seconds, Stopping threads took: 0,0000191 seconds
2017-01-06T08:53:23.216+0100: 2,775: Total time for which application threads were stopped: 0,0000828 seconds, Stopping threads took: 0,0000182 seconds
2017-01-06T08:53:23.237+0100: 2,796: Total time for which application threads were stopped: 0,0000774 seconds, Stopping threads took: 0,0000140 seconds
2017-01-06T08:53:23.273+0100: 2,832: Total time for which application threads were stopped: 0,0001894 seconds, Stopping threads took: 0,0000766 seconds
2017-01-06T08:53:23.330+0100: 2,889: Total time for which application threads were stopped: 0,0001133 seconds, Stopping threads took: 0,0000327 seconds
2017-01-06T08:53:23.352+0100: 2,911: Total time for which application threads were stopped: 0,0001337 seconds, Stopping threads took: 0,0000313 seconds
2017-01-06T08:53:23.352+0100: 2,911: Total time for which application threads were stopped: 0,0004111 seconds, Stopping threads took: 0,0000268 seconds
{Heap before GC invocations=2 (full 0):
 par new generation   total 109248K, used 102222K [0x00000000e0000000, 0x00000000e8000000, 0x00000000e8000000)
  eden space 87424K, 100% used [0x00000000e0000000, 0x00000000e5560000, 0x00000000e5560000)
  from space 21824K,  67% used [0x00000000e5560000, 0x00000000e63d3b80, 0x00000000e6ab0000)
  to   space 21824K,   0% used [0x00000000e6ab0000, 0x00000000e6ab0000, 0x00000000e8000000)
 concurrent mark-sweep generation total 393216K, used 0K [0x00000000e8000000, 0x0000000100000000, 0x0000000100000000)
 Metaspace       used 24807K, capacity 25221K, committed 25536K, reserved 1071104K
  class space    used 2894K, capacity 3025K, committed 3092K, reserved 1048576K
2017-01-06T08:53:23.361+0100: 2,919: [GC (Allocation Failure) 2017-01-06T08:53:23.361+0100: 2,919: [ParNew
Desired survivor size 20112992 bytes, new threshold 8 (max 8)
- age   1:    4851264 bytes,    4851264 total
- age   2:     582696 bytes,    5433960 total
- age   3:    6052880 bytes,   11486840 total
: 102222K->13739K(109248K), 0,0135555 secs] 102222K->13739K(502464K), 0,0136072 secs] [Times: user=0,05 sys=0,00, real=0,01 secs] 
Heap after GC invocations=3 (full 0):
 par new generation   total 109248K, used 13739K [0x00000000e0000000, 0x00000000e8000000, 0x00000000e8000000)
  eden space 87424K,   0% used [0x00000000e0000000, 0x00000000e0000000, 0x00000000e5560000)
  from space 21824K,  62% used [0x00000000e6ab0000, 0x00000000e781af20, 0x00000000e8000000)
  to   space 21824K,   0% used [0x00000000e5560000, 0x00000000e5560000, 0x00000000e6ab0000)
 concurrent mark-sweep generation total 393216K, used 0K [0x00000000e8000000, 0x0000000100000000, 0x0000000100000000)
 Metaspace       used 24807K, capacity 25221K, committed 25536K, reserved 1071104K
  class space    used 2894K, capacity 3025K, committed 3092K, reserved 1048576K
}
2017-01-06T08:53:23.374+0100: 2,933: Total time for which application threads were stopped: 0,0137949 seconds, Stopping threads took: 0,0000226 seconds
2017-01-06T08:53:23.374+0100: 2,933: [GC (CMS Initial Mark) [1 CMS-initial-mark: 0K(393216K)] 13995K(502464K), 0,0034332 secs] [Times: user=0,01 sys=0,00, real=0,00 secs] 
2017-01-06T08:53:23.378+0100: 2,937: Total time for which application threads were stopped: 0,0035530 seconds, Stopping threads took: 0,0000496 seconds
2017-01-06T08:53:23.378+0100: 2,937: [CMS-concurrent-mark-start]
2017-01-06T08:53:23.380+0100: 2,939: [CMS-concurrent-mark: 0,002/0,002 secs] [Times: user=0,00 sys=0,00, real=0,00 secs] 
2017-01-06T08:53:23.380+0100: 2,939: [CMS-concurrent-preclean-start]
2017-01-06T08:53:23.381+0100: 2,940: [CMS-concurrent-preclean: 0,001/0,001 secs] [Times: user=0,01 sys=0,00, real=0,00 secs] 
2017-01-06T08:53:23.381+0100: 2,940: [GC (CMS Final Remark) [YG occupancy: 15391 K (109248 K)]{Heap before GC invocations=3 (full 1):
 par new generation   total 109248K, used 15391K [0x00000000e0000000, 0x00000000e8000000, 0x00000000e8000000)
  eden space 87424K,   1% used [0x00000000e0000000, 0x00000000e019cda0, 0x00000000e5560000)
  from space 21824K,  62% used [0x00000000e6ab0000, 0x00000000e781af20, 0x00000000e8000000)
  to   space 21824K,   0% used [0x00000000e5560000, 0x00000000e5560000, 0x00000000e6ab0000)
 concurrent mark-sweep generation total 393216K, used 0K [0x00000000e8000000, 0x0000000100000000, 0x0000000100000000)
 Metaspace       used 24808K, capacity 25221K, committed 25536K, reserved 1071104K
  class space    used 2894K, capacity 3025K, committed 3092K, reserved 1048576K
2017-01-06T08:53:23.381+0100: 2,940: [GC (CMS Final Remark) 2017-01-06T08:53:23.381+0100: 2,940: [ParNew
Desired survivor size 20112992 bytes, new threshold 8 (max 8)
- age   1:    1166960 bytes,    1166960 total
- age   2:    1315168 bytes,    2482128 total
- age   3:     582696 bytes,    3064824 total
- age   4:    6051424 bytes,    9116248 total
: 15391K->16572K(109248K), 0,0097599 secs] 15391K->16572K(502464K), 0,0098008 secs] [Times: user=0,03 sys=0,00, real=0,01 secs] 
Heap after GC invocations=4 (full 1):
 par new generation   total 109248K, used 16572K [0x00000000e0000000, 0x00000000e8000000, 0x00000000e8000000)
  eden space 87424K,   0% used [0x00000000e0000000, 0x00000000e0000000, 0x00000000e5560000)
  from space 21824K,  75% used [0x00000000e5560000, 0x00000000e658f2e0, 0x00000000e6ab0000)
  to   space 21824K,   0% used [0x00000000e6ab0000, 0x00000000e6ab0000, 0x00000000e8000000)
 concurrent mark-sweep generation total 393216K, used 0K [0x00000000e8000000, 0x0000000100000000, 0x0000000100000000)
 Metaspace       used 24808K, capacity 25221K, committed 25536K, reserved 1071104K
  class space    used 2894K, capacity 3025K, committed 3092K, reserved 1048576K
}
2017-01-06T08:53:23.391+0100: 2,950: [Rescan (parallel) , 0,0034222 secs]2017-01-06T08:53:23.395+0100: 2,953: [weak refs processing, 0,0008388 secs]2017-01-06T08:53:23.395+0100: 2,954: [class unloading, 0,0030354 secs]2017-01-06T08:53:23.399+0100: 2,957: [scrub symbol table, 0,0032029 secs]2017-01-06T08:53:23.402+0100: 2,961: [scrub string table, 0,0003766 secs][1 CMS-remark: 0K(393216K)] 16572K(502464K), 0,0213703 secs] [Times: user=0,05 sys=0,00, real=0,02 secs] 
2017-01-06T08:53:23.403+0100: 2,962: Total time for which application threads were stopped: 0,0214876 seconds, Stopping threads took: 0,0000439 seconds
2017-01-06T08:53:23.403+0100: 2,962: [CMS-concurrent-sweep-start]
2017-01-06T08:53:23.403+0100: 2,962: [CMS-concurrent-sweep: 0,000/0,000 secs] [Times: user=0,00 sys=0,00, real=0,00 secs] 
2017-01-06T08:53:23.403+0100: 2,962: [CMS-concurrent-reset-start]
2017-01-06T08:53:23.405+0100: 2,963: [CMS-concurrent-reset: 0,002/0,002 secs] [Times: user=0,01 sys=0,00, real=0,00 secs] 
2017-01-06T08:53:23.463+0100: 3,022: Total time for which application threads were stopped: 0,0003530 seconds, Stopping threads took: 0,0000238 seconds
2017-01-06T08:53:23.476+0100: 3,035: Total time for which application threads were stopped: 0,0003231 seconds, Stopping threads took: 0,0000256 seconds
2017-01-06T08:53:24.476+0100: 4,035: Total time for which application threads were stopped: 0,0000875 seconds, Stopping threads took: 0,0000166 seconds
2017-01-06T08:53:24.496+0100: 4,055: Total time for which application threads were stopped: 0,0002824 seconds, Stopping threads took: 0,0000155 seconds
2017-01-06T08:53:52.096+0100: 32,058: Total time for which application threads were stopped: 0,0000751 seconds, Stopping threads took: 0,0000221 seconds
2017-01-06T08:56:02.112+0100: 162,074: Total time for which application threads were stopped: 0,0000665 seconds, Stopping threads took: 0,0000295 seconds
2017-01-06T08:56:07.112+0100: 167,074: Total time for which application threads were stopped: 0,0000844 seconds, Stopping threads took: 0,0000282 seconds
2017-01-06T08:56:11.113+0100: 171,075: Total time for which application threads were stopped: 0,0001176 seconds, Stopping threads took: 0,0000420 seconds
2017-01-06T08:56:21.114+0100: 181,076: Total time for which application threads were stopped: 0,0000877 seconds, Stopping threads took: 0,0000334 seconds
2017-01-06T08:57:02.119+0100: 222,081: Total time for which application threads were stopped: 0,0001302 seconds, Stopping threads took: 0,0000672 seconds
2017-01-06T08:57:12.120+0100: 232,082: Total time for which application threads were stopped: 0,0000990 seconds, Stopping threads took: 0,0000273 seconds
2017-01-06T08:57:51.125+0100: 271,087: Total time for which application threads were stopped: 0,0000863 seconds, Stopping threads took: 0,0000379 seconds
2017-01-06T08:57:56.126+0100: 276,088: Total time for which application threads were stopped: 0,0000895 seconds, Stopping threads took: 0,0000356 seconds
2017-01-06T08:58:02.127+0100: 282,089: Total time for which application threads were stopped: 0,0000713 seconds, Stopping threads took: 0,0000160 seconds
2017-01-06T08:58:07.128+0100: 287,090: Total time for which application threads were stopped: 0,0001220 seconds, Stopping threads took: 0,0000510 seconds
2017-01-06T09:17:01.256+0100: 1421,218: Total time for which application threads were stopped: 0,0004986 seconds, Stopping threads took: 0,0002169 seconds
2017-01-06T09:19:36.271+0100: 1576,233: Total time for which application threads were stopped: 0,0000778 seconds, Stopping threads took: 0,0000361 seconds
2017-01-06T09:19:41.272+0100: 1581,234: Total time for which application threads were stopped: 0,0002881 seconds, Stopping threads took: 0,0000809 seconds
2017-01-06T09:21:02.280+0100: 1662,242: Total time for which application threads were stopped: 0,0000729 seconds, Stopping threads took: 0,0000322 seconds
2017-01-06T09:32:21.354+0100: 2341,316: Total time for which application threads were stopped: 0,0000796 seconds, Stopping threads took: 0,0000332 seconds
2017-01-06T09:32:22.354+0100: 2342,316: Total time for which application threads were stopped: 0,0000755 seconds, Stopping threads took: 0,0000305 seconds
2017-01-06T09:51:07.480+0100: 3467,442: Total time for which application threads were stopped: 0,0000700 seconds, Stopping threads took: 0,0000301 seconds
2017-01-06T10:00:01.532+0100: 4001,494: Total time for which application threads were stopped: 0,0000724 seconds, Stopping threads took: 0,0000321 seconds
2017-01-06T10:00:21.534+0100: 4021,496: Total time for which application threads were stopped: 0,0000813 seconds, Stopping threads took: 0,0000332 seconds
2017-01-06T10:00:36.536+0100: 4036,498: Total time for which application threads were stopped: 0,0000635 seconds, Stopping threads took: 0,0000174 seconds
2017-01-06T10:07:21.576+0100: 4441,538: Total time for which application threads were stopped: 0,0000793 seconds, Stopping threads took: 0,0000362 seconds
2017-01-06T10:43:02.780+0100: 6582,742: Total time for which application threads were stopped: 0,0000816 seconds, Stopping threads took: 0,0000325 seconds
2017-01-06T10:43:37.784+0100: 6617,746: Total time for which application threads were stopped: 0,0001457 seconds, Stopping threads took: 0,0000484 seconds
2017-01-06T10:52:27.843+0100: 7147,805: Total time for which application threads were stopped: 0,0001685 seconds, Stopping threads took: 0,0000692 seconds
2017-01-06T10:58:21.891+0100: 7501,853: Total time for which application threads were stopped: 0,0000708 seconds, Stopping threads took: 0,0000298 seconds
2017-01-06T10:58:51.895+0100: 7531,857: Total time for which application threads were stopped: 0,0000682 seconds, Stopping threads took: 0,0000276 seconds
2017-01-06T10:59:21.899+0100: 7561,861: Total time for which application threads were stopped: 0,0000898 seconds, Stopping threads took: 0,0000361 seconds
2017-01-06T11:01:21.916+0100: 7681,878: Total time for which application threads were stopped: 0,0001352 seconds, Stopping threads took: 0,0000438 seconds
2017-01-06T12:05:52.402+0100: 11552,363: Total time for which application threads were stopped: 0,0001830 seconds, Stopping threads took: 0,0000629 seconds
2017-01-06T13:09:21.894+0100: 15361,856: Total time for which application threads were stopped: 0,0001131 seconds, Stopping threads took: 0,0000536 seconds
2017-01-06T13:19:37.946+0100: 15977,908: Total time for which application threads were stopped: 0,0001004 seconds, Stopping threads took: 0,0000463 seconds
2017-01-06T14:01:12.527+0100: 18472,489: Total time for which application threads were stopped: 0,0001210 seconds, Stopping threads took: 0,0000253 seconds
Heap
 par new generation   total 109248K, used 61166K [0x00000000e0000000, 0x00000000e8000000, 0x00000000e8000000)
  eden space 87424K,  51% used [0x00000000e0000000, 0x00000000e2b8c860, 0x00000000e5560000)
  from space 21824K,  75% used [0x00000000e5560000, 0x00000000e658f2e0, 0x00000000e6ab0000)
  to   space 21824K,   0% used [0x00000000e6ab0000, 0x00000000e6ab0000, 0x00000000e8000000)
 concurrent mark-sweep generation total 393216K, used 0K [0x00000000e8000000, 0x0000000100000000, 0x0000000100000000)
 Metaspace       used 27271K, capacity 27725K, committed 27924K, reserved 1073152K
  class space    used 3168K, capacity 3321K, committed 3348K, reserved 1048576K
