OpenJDK 64-Bit Server VM (25.121-b13) for linux-amd64 JRE (1.8.0_121-8u121-b13-0ubuntu1.16.04.2-b13), built on Jan 23 2017 15:51:29 by "buildd" with gcc 5.4.0 20160609
Memory: 4k page, physical 7867764k(7431108k free), swap 8076284k(8076284k free)
CommandLine flags: -XX:CMSInitiatingOccupancyFraction=50 -XX:CMSMaxAbortablePrecleanTime=6000 -XX:+CMSParallelRemarkEnabled -XX:+CMSScavengeBeforeRemark -XX:ConcGCThreads=4 -XX:InitialHeapSize=536870912 -XX:MaxHeapSize=536870912 -XX:MaxTenuringThreshold=8 -XX:NewRatio=3 -XX:OldPLABSize=16 -XX:OnOutOfMemoryError=/opt/solr/bin/oom_solr.sh 8983 /var/solr/logs -XX:ParallelGCThreads=4 -XX:+ParallelRefProcEnabled -XX:PretenureSizeThreshold=67108864 -XX:+PrintGC -XX:+PrintGCApplicationStoppedTime -XX:+PrintGCDateStamps -XX:+PrintGCDetails -XX:+PrintGCTimeStamps -XX:+PrintHeapAtGC -XX:+PrintTenuringDistribution -XX:SurvivorRatio=4 -XX:TargetSurvivorRatio=90 -XX:ThreadStackSize=256 -XX:+UseCMSInitiatingOccupancyOnly -XX:+UseCompressedClassPointers -XX:+UseCompressedOops -XX:+UseConcMarkSweepGC -XX:+UseParNewGC 
2017-05-02T12:48:22.749+0200: 0,169: Total time for which application threads were stopped: 0,0000802 seconds, Stopping threads took: 0,0000133 seconds
2017-05-02T12:48:22.862+0200: 0,282: Total time for which application threads were stopped: 0,0001753 seconds, Stopping threads took: 0,0000415 seconds
2017-05-02T12:48:22.918+0200: 0,338: Total time for which application threads were stopped: 0,0000920 seconds, Stopping threads took: 0,0000120 seconds
2017-05-02T12:48:23.440+0200: 0,860: Total time for which application threads were stopped: 0,0001439 seconds, Stopping threads took: 0,0000113 seconds
2017-05-02T12:48:23.835+0200: 1,255: Total time for which application threads were stopped: 0,0002608 seconds, Stopping threads took: 0,0000152 seconds
2017-05-02T12:48:23.938+0200: 1,358: Total time for which application threads were stopped: 0,0001531 seconds, Stopping threads took: 0,0000136 seconds
2017-05-02T12:48:23.958+0200: 1,378: Total time for which application threads were stopped: 0,0001891 seconds, Stopping threads took: 0,0000312 seconds
2017-05-02T12:48:24.570+0200: 1,990: Total time for which application threads were stopped: 0,0009520 seconds, Stopping threads took: 0,0000786 seconds
2017-05-02T12:48:24.990+0200: 2,410: Total time for which application threads were stopped: 0,0002476 seconds, Stopping threads took: 0,0000201 seconds
2017-05-02T12:48:25.008+0200: 2,427: Total time for which application threads were stopped: 0,0001699 seconds, Stopping threads took: 0,0000110 seconds
2017-05-02T12:48:25.035+0200: 2,455: Total time for which application threads were stopped: 0,0002197 seconds, Stopping threads took: 0,0000190 seconds
2017-05-02T12:48:25.036+0200: 2,456: Total time for which application threads were stopped: 0,0001869 seconds, Stopping threads took: 0,0000235 seconds
2017-05-02T12:48:25.049+0200: 2,469: Total time for which application threads were stopped: 0,0001763 seconds, Stopping threads took: 0,0000144 seconds
2017-05-02T12:48:25.118+0200: 2,538: Total time for which application threads were stopped: 0,0002434 seconds, Stopping threads took: 0,0000231 seconds
2017-05-02T12:48:25.282+0200: 2,702: Total time for which application threads were stopped: 0,0003230 seconds, Stopping threads took: 0,0000512 seconds
{Heap before GC invocations=0 (full 0):
 par new generation   total 109248K, used 87424K [0x00000000e0000000, 0x00000000e8000000, 0x00000000e8000000)
  eden space 87424K, 100% used [0x00000000e0000000, 0x00000000e5560000, 0x00000000e5560000)
  from space 21824K,   0% used [0x00000000e5560000, 0x00000000e5560000, 0x00000000e6ab0000)
  to   space 21824K,   0% used [0x00000000e6ab0000, 0x00000000e6ab0000, 0x00000000e8000000)
 concurrent mark-sweep generation total 393216K, used 0K [0x00000000e8000000, 0x0000000100000000, 0x0000000100000000)
 Metaspace       used 18043K, capacity 18336K, committed 18688K, reserved 1064960K
  class space    used 2041K, capacity 2196K, committed 2304K, reserved 1048576K
2017-05-02T12:48:25.380+0200: 2,800: [GC (Allocation Failure) 2017-05-02T12:48:25.380+0200: 2,800: [ParNew
Desired survivor size 20112992 bytes, new threshold 8 (max 8)
- age   1:   12612688 bytes,   12612688 total
: 87424K->12439K(109248K), 0,0168427 secs] 87424K->12439K(502464K), 0,0169310 secs] [Times: user=0,04 sys=0,02, real=0,02 secs] 
Heap after GC invocations=1 (full 0):
 par new generation   total 109248K, used 12439K [0x00000000e0000000, 0x00000000e8000000, 0x00000000e8000000)
  eden space 87424K,   0% used [0x00000000e0000000, 0x00000000e0000000, 0x00000000e5560000)
  from space 21824K,  57% used [0x00000000e6ab0000, 0x00000000e76d5f38, 0x00000000e8000000)
  to   space 21824K,   0% used [0x00000000e5560000, 0x00000000e5560000, 0x00000000e6ab0000)
 concurrent mark-sweep generation total 393216K, used 0K [0x00000000e8000000, 0x0000000100000000, 0x0000000100000000)
 Metaspace       used 18043K, capacity 18336K, committed 18688K, reserved 1064960K
  class space    used 2041K, capacity 2196K, committed 2304K, reserved 1048576K
}
2017-05-02T12:48:25.397+0200: 2,817: Total time for which application threads were stopped: 0,0171951 seconds, Stopping threads took: 0,0000753 seconds
2017-05-02T12:48:25.727+0200: 3,147: Total time for which application threads were stopped: 0,0004220 seconds, Stopping threads took: 0,0000499 seconds
{Heap before GC invocations=1 (full 0):
 par new generation   total 109248K, used 99863K [0x00000000e0000000, 0x00000000e8000000, 0x00000000e8000000)
  eden space 87424K, 100% used [0x00000000e0000000, 0x00000000e5560000, 0x00000000e5560000)
  from space 21824K,  57% used [0x00000000e6ab0000, 0x00000000e76d5f38, 0x00000000e8000000)
  to   space 21824K,   0% used [0x00000000e5560000, 0x00000000e5560000, 0x00000000e6ab0000)
 concurrent mark-sweep generation total 393216K, used 0K [0x00000000e8000000, 0x0000000100000000, 0x0000000100000000)
 Metaspace       used 20042K, capacity 20364K, committed 20736K, reserved 1067008K
  class space    used 2294K, capacity 2470K, committed 2560K, reserved 1048576K
2017-05-02T12:48:25.806+0200: 3,226: [GC (Allocation Failure) 2017-05-02T12:48:25.806+0200: 3,226: [ParNew
Desired survivor size 20112992 bytes, new threshold 8 (max 8)
- age   1:    3694816 bytes,    3694816 total
- age   2:    6665592 bytes,   10360408 total
: 99863K->13715K(109248K), 0,0176910 secs] 99863K->13715K(502464K), 0,0177621 secs] [Times: user=0,04 sys=0,00, real=0,02 secs] 
Heap after GC invocations=2 (full 0):
 par new generation   total 109248K, used 13715K [0x00000000e0000000, 0x00000000e8000000, 0x00000000e8000000)
  eden space 87424K,   0% used [0x00000000e0000000, 0x00000000e0000000, 0x00000000e5560000)
  from space 21824K,  62% used [0x00000000e5560000, 0x00000000e62c4c88, 0x00000000e6ab0000)
  to   space 21824K,   0% used [0x00000000e6ab0000, 0x00000000e6ab0000, 0x00000000e8000000)
 concurrent mark-sweep generation total 393216K, used 0K [0x00000000e8000000, 0x0000000100000000, 0x0000000100000000)
 Metaspace       used 20042K, capacity 20364K, committed 20736K, reserved 1067008K
  class space    used 2294K, capacity 2470K, committed 2560K, reserved 1048576K
}
2017-05-02T12:48:25.824+0200: 3,244: Total time for which application threads were stopped: 0,0207706 seconds, Stopping threads took: 0,0028054 seconds
2017-05-02T12:48:25.826+0200: 3,245: Total time for which application threads were stopped: 0,0003186 seconds, Stopping threads took: 0,0000279 seconds
2017-05-02T12:48:25.882+0200: 3,301: Total time for which application threads were stopped: 0,0003858 seconds, Stopping threads took: 0,0000346 seconds
2017-05-02T12:48:26.024+0200: 3,444: Total time for which application threads were stopped: 0,0002057 seconds, Stopping threads took: 0,0000320 seconds
{Heap before GC invocations=2 (full 0):
 par new generation   total 109248K, used 101125K [0x00000000e0000000, 0x00000000e8000000, 0x00000000e8000000)
  eden space 87424K,  99% used [0x00000000e0000000, 0x00000000e555c7d0, 0x00000000e5560000)
  from space 21824K,  62% used [0x00000000e5560000, 0x00000000e62c4c88, 0x00000000e6ab0000)
  to   space 21824K,   0% used [0x00000000e6ab0000, 0x00000000e6ab0000, 0x00000000e8000000)
 concurrent mark-sweep generation total 393216K, used 0K [0x00000000e8000000, 0x0000000100000000, 0x0000000100000000)
 Metaspace       used 20968K, capacity 21286K, committed 21628K, reserved 1069056K
  class space    used 2418K, capacity 2589K, committed 2684K, reserved 1048576K
2017-05-02T12:48:26.078+0200: 3,498: [GC (Allocation Failure) 2017-05-02T12:48:26.078+0200: 3,498: [ParNew
Desired survivor size 20112992 bytes, new threshold 8 (max 8)
- age   1:    2227032 bytes,    2227032 total
- age   2:     850864 bytes,    3077896 total
- age   3:    6663232 bytes,    9741128 total
: 101125K->11506K(109248K), 0,0301387 secs] 101125K->11506K(502464K), 0,0302210 secs] [Times: user=0,05 sys=0,00, real=0,03 secs] 
Heap after GC invocations=3 (full 0):
 par new generation   total 109248K, used 11506K [0x00000000e0000000, 0x00000000e8000000, 0x00000000e8000000)
  eden space 87424K,   0% used [0x00000000e0000000, 0x00000000e0000000, 0x00000000e5560000)
  from space 21824K,  52% used [0x00000000e6ab0000, 0x00000000e75ecb40, 0x00000000e8000000)
  to   space 21824K,   0% used [0x00000000e5560000, 0x00000000e5560000, 0x00000000e6ab0000)
 concurrent mark-sweep generation total 393216K, used 0K [0x00000000e8000000, 0x0000000100000000, 0x0000000100000000)
 Metaspace       used 20968K, capacity 21286K, committed 21628K, reserved 1069056K
  class space    used 2418K, capacity 2589K, committed 2684K, reserved 1048576K
}
2017-05-02T12:48:26.108+0200: 3,528: Total time for which application threads were stopped: 0,0304595 seconds, Stopping threads took: 0,0000793 seconds
2017-05-02T12:48:26.113+0200: 3,532: [GC (CMS Initial Mark) [1 CMS-initial-mark: 0K(393216K)] 19395K(502464K), 0,0094148 secs] [Times: user=0,02 sys=0,00, real=0,01 secs] 
2017-05-02T12:48:26.122+0200: 3,542: Total time for which application threads were stopped: 0,0096756 seconds, Stopping threads took: 0,0001549 seconds
2017-05-02T12:48:26.122+0200: 3,542: [CMS-concurrent-mark-start]
2017-05-02T12:48:26.125+0200: 3,544: [CMS-concurrent-mark: 0,002/0,002 secs] [Times: user=0,01 sys=0,00, real=0,00 secs] 
2017-05-02T12:48:26.125+0200: 3,545: [CMS-concurrent-preclean-start]
2017-05-02T12:48:26.127+0200: 3,546: [CMS-concurrent-preclean: 0,002/0,002 secs] [Times: user=0,01 sys=0,00, real=0,00 secs] 
2017-05-02T12:48:26.127+0200: 3,546: [CMS-concurrent-abortable-preclean-start]
2017-05-02T12:48:26.210+0200: 3,630: Total time for which application threads were stopped: 0,0082077 seconds, Stopping threads took: 0,0080862 seconds
{Heap before GC invocations=3 (full 1):
 par new generation   total 109248K, used 98930K [0x00000000e0000000, 0x00000000e8000000, 0x00000000e8000000)
  eden space 87424K, 100% used [0x00000000e0000000, 0x00000000e5560000, 0x00000000e5560000)
  from space 21824K,  52% used [0x00000000e6ab0000, 0x00000000e75ecb40, 0x00000000e8000000)
  to   space 21824K,   0% used [0x00000000e5560000, 0x00000000e5560000, 0x00000000e6ab0000)
 concurrent mark-sweep generation total 393216K, used 0K [0x00000000e8000000, 0x0000000100000000, 0x0000000100000000)
 Metaspace       used 21235K, capacity 21562K, committed 21884K, reserved 1069056K
  class space    used 2448K, capacity 2604K, committed 2684K, reserved 1048576K
2017-05-02T12:48:26.406+0200: 3,826: [GC (Allocation Failure) 2017-05-02T12:48:26.406+0200: 3,826: [ParNew
Desired survivor size 20112992 bytes, new threshold 8 (max 8)
- age   1:     982152 bytes,     982152 total
- age   2:    1451104 bytes,    2433256 total
- age   3:     817472 bytes,    3250728 total
- age   4:    6663232 bytes,    9913960 total
: 98930K->12859K(109248K), 0,0299053 secs] 98930K->12859K(502464K), 0,0299772 secs] [Times: user=0,03 sys=0,00, real=0,03 secs] 
Heap after GC invocations=4 (full 1):
 par new generation   total 109248K, used 12859K [0x00000000e0000000, 0x00000000e8000000, 0x00000000e8000000)
  eden space 87424K,   0% used [0x00000000e0000000, 0x00000000e0000000, 0x00000000e5560000)
  from space 21824K,  58% used [0x00000000e5560000, 0x00000000e61eee00, 0x00000000e6ab0000)
  to   space 21824K,   0% used [0x00000000e6ab0000, 0x00000000e6ab0000, 0x00000000e8000000)
 concurrent mark-sweep generation total 393216K, used 0K [0x00000000e8000000, 0x0000000100000000, 0x0000000100000000)
 Metaspace       used 21235K, capacity 21562K, committed 21884K, reserved 1069056K
  class space    used 2448K, capacity 2604K, committed 2684K, reserved 1048576K
}
2017-05-02T12:48:26.436+0200: 3,856: Total time for which application threads were stopped: 0,0382053 seconds, Stopping threads took: 0,0058729 seconds
{Heap before GC invocations=4 (full 1):
 par new generation   total 109248K, used 100283K [0x00000000e0000000, 0x00000000e8000000, 0x00000000e8000000)
  eden space 87424K, 100% used [0x00000000e0000000, 0x00000000e5560000, 0x00000000e5560000)
  from space 21824K,  58% used [0x00000000e5560000, 0x00000000e61eee00, 0x00000000e6ab0000)
  to   space 21824K,   0% used [0x00000000e6ab0000, 0x00000000e6ab0000, 0x00000000e8000000)
 concurrent mark-sweep generation total 393216K, used 0K [0x00000000e8000000, 0x0000000100000000, 0x0000000100000000)
 Metaspace       used 21420K, capacity 21862K, committed 21960K, reserved 1069056K
  class space    used 2467K, capacity 2638K, committed 2684K, reserved 1048576K
2017-05-02T12:48:26.574+0200: 3,993: [GC (Allocation Failure) 2017-05-02T12:48:26.574+0200: 3,994: [ParNew
Desired survivor size 20112992 bytes, new threshold 8 (max 8)
- age   1:     772800 bytes,     772800 total
- age   2:     186160 bytes,     958960 total
- age   3:    1450776 bytes,    2409736 total
- age   4:     817408 bytes,    3227144 total
- age   5:    6663312 bytes,    9890456 total
: 100283K->12991K(109248K), 0,0147171 secs] 100283K->12991K(502464K), 0,0148316 secs] [Times: user=0,03 sys=0,00, real=0,01 secs] 
Heap after GC invocations=5 (full 1):
 par new generation   total 109248K, used 12991K [0x00000000e0000000, 0x00000000e8000000, 0x00000000e8000000)
  eden space 87424K,   0% used [0x00000000e0000000, 0x00000000e0000000, 0x00000000e5560000)
  from space 21824K,  59% used [0x00000000e6ab0000, 0x00000000e775fc98, 0x00000000e8000000)
  to   space 21824K,   0% used [0x00000000e5560000, 0x00000000e5560000, 0x00000000e6ab0000)
 concurrent mark-sweep generation total 393216K, used 0K [0x00000000e8000000, 0x0000000100000000, 0x0000000100000000)
 Metaspace       used 21420K, capacity 21862K, committed 21960K, reserved 1069056K
  class space    used 2467K, capacity 2638K, committed 2684K, reserved 1048576K
}
2017-05-02T12:48:26.589+0200: 4,008: Total time for which application threads were stopped: 0,0154901 seconds, Stopping threads took: 0,0005248 seconds
2017-05-02T12:48:26.598+0200: 4,017: Total time for which application threads were stopped: 0,0025957 seconds, Stopping threads took: 0,0025028 seconds
2017-05-02T12:48:26.598+0200: 4,017: [CMS-concurrent-abortable-preclean: 0,299/0,471 secs] [Times: user=0,90 sys=0,02, real=0,47 secs] 
2017-05-02T12:48:26.600+0200: 4,020: [GC (CMS Final Remark) [YG occupancy: 18157 K (109248 K)]{Heap before GC invocations=5 (full 1):
 par new generation   total 109248K, used 18157K [0x00000000e0000000, 0x00000000e8000000, 0x00000000e8000000)
  eden space 87424K,   5% used [0x00000000e0000000, 0x00000000e050b8b0, 0x00000000e5560000)
  from space 21824K,  59% used [0x00000000e6ab0000, 0x00000000e775fc98, 0x00000000e8000000)
  to   space 21824K,   0% used [0x00000000e5560000, 0x00000000e5560000, 0x00000000e6ab0000)
 concurrent mark-sweep generation total 393216K, used 0K [0x00000000e8000000, 0x0000000100000000, 0x0000000100000000)
 Metaspace       used 21445K, capacity 21926K, committed 22216K, reserved 1069056K
  class space    used 2472K, capacity 2638K, committed 2684K, reserved 1048576K
2017-05-02T12:48:26.600+0200: 4,020: [GC (CMS Final Remark) 2017-05-02T12:48:26.600+0200: 4,020: [ParNew
Desired survivor size 20112992 bytes, new threshold 8 (max 8)
- age   1:     209216 bytes,     209216 total
- age   2:     301096 bytes,     510312 total
- age   3:     185920 bytes,     696232 total
- age   4:    1450032 bytes,    2146264 total
- age   5:     817408 bytes,    2963672 total
- age   6:    6663240 bytes,    9626912 total
: 18157K->11397K(109248K), 0,0106524 secs] 18157K->11397K(502464K), 0,0107175 secs] [Times: user=0,03 sys=0,00, real=0,02 secs] 
Heap after GC invocations=6 (full 1):
 par new generation   total 109248K, used 11397K [0x00000000e0000000, 0x00000000e8000000, 0x00000000e8000000)
  eden space 87424K,   0% used [0x00000000e0000000, 0x00000000e0000000, 0x00000000e5560000)
  from space 21824K,  52% used [0x00000000e5560000, 0x00000000e6081418, 0x00000000e6ab0000)
  to   space 21824K,   0% used [0x00000000e6ab0000, 0x00000000e6ab0000, 0x00000000e8000000)
 concurrent mark-sweep generation total 393216K, used 0K [0x00000000e8000000, 0x0000000100000000, 0x0000000100000000)
 Metaspace       used 21445K, capacity 21926K, committed 22216K, reserved 1069056K
  class space    used 2472K, capacity 2638K, committed 2684K, reserved 1048576K
}
2017-05-02T12:48:26.611+0200: 4,031: [Rescan (parallel) , 0,0033960 secs]2017-05-02T12:48:26.614+0200: 4,034: [weak refs processing, 0,0010971 secs]2017-05-02T12:48:26.616+0200: 4,035: [class unloading, 0,0029569 secs]2017-05-02T12:48:26.619+0200: 4,038: [scrub symbol table, 0,0026357 secs]2017-05-02T12:48:26.621+0200: 4,041: [scrub string table, 0,0003847 secs][1 CMS-remark: 0K(393216K)] 11397K(502464K), 0,0218836 secs] [Times: user=0,06 sys=0,00, real=0,03 secs] 
2017-05-02T12:48:26.622+0200: 4,042: Total time for which application threads were stopped: 0,0220409 seconds, Stopping threads took: 0,0000410 seconds
2017-05-02T12:48:26.622+0200: 4,042: [CMS-concurrent-sweep-start]
2017-05-02T12:48:26.622+0200: 4,042: [CMS-concurrent-sweep: 0,000/0,000 secs] [Times: user=0,00 sys=0,00, real=0,00 secs] 
2017-05-02T12:48:26.622+0200: 4,042: [CMS-concurrent-reset-start]
2017-05-02T12:48:26.624+0200: 4,043: [CMS-concurrent-reset: 0,001/0,001 secs] [Times: user=0,00 sys=0,00, real=0,00 secs] 
2017-05-02T12:48:26.650+0200: 4,070: Total time for which application threads were stopped: 0,0003136 seconds, Stopping threads took: 0,0000396 seconds
2017-05-02T12:48:26.651+0200: 4,070: Total time for which application threads were stopped: 0,0001000 seconds, Stopping threads took: 0,0000262 seconds
2017-05-02T12:48:26.651+0200: 4,071: Total time for which application threads were stopped: 0,0000694 seconds, Stopping threads took: 0,0000093 seconds
2017-05-02T12:48:26.651+0200: 4,071: Total time for which application threads were stopped: 0,0000928 seconds, Stopping threads took: 0,0000243 seconds
2017-05-02T12:48:26.652+0200: 4,072: Total time for which application threads were stopped: 0,0000778 seconds, Stopping threads took: 0,0000134 seconds
2017-05-02T12:48:26.653+0200: 4,073: Total time for which application threads were stopped: 0,0001227 seconds, Stopping threads took: 0,0000528 seconds
2017-05-02T12:48:26.655+0200: 4,075: Total time for which application threads were stopped: 0,0003686 seconds, Stopping threads took: 0,0000269 seconds
2017-05-02T12:48:26.658+0200: 4,078: Total time for which application threads were stopped: 0,0024133 seconds, Stopping threads took: 0,0023178 seconds
2017-05-02T12:48:26.658+0200: 4,078: Total time for which application threads were stopped: 0,0000934 seconds, Stopping threads took: 0,0000285 seconds
2017-05-02T12:48:26.665+0200: 4,085: Total time for which application threads were stopped: 0,0001769 seconds, Stopping threads took: 0,0000652 seconds
2017-05-02T12:48:26.668+0200: 4,088: Total time for which application threads were stopped: 0,0021153 seconds, Stopping threads took: 0,0020088 seconds
2017-05-02T12:48:26.692+0200: 4,112: Total time for which application threads were stopped: 0,0001652 seconds, Stopping threads took: 0,0000329 seconds
2017-05-02T12:48:26.694+0200: 4,114: Total time for which application threads were stopped: 0,0001667 seconds, Stopping threads took: 0,0000413 seconds
2017-05-02T12:48:26.704+0200: 4,124: Total time for which application threads were stopped: 0,0001858 seconds, Stopping threads took: 0,0000795 seconds
2017-05-02T12:48:26.705+0200: 4,124: Total time for which application threads were stopped: 0,0002105 seconds, Stopping threads took: 0,0001498 seconds
2017-05-02T12:48:26.706+0200: 4,126: Total time for which application threads were stopped: 0,0001120 seconds, Stopping threads took: 0,0000364 seconds
2017-05-02T12:48:26.710+0200: 4,130: Total time for which application threads were stopped: 0,0001486 seconds, Stopping threads took: 0,0000421 seconds
2017-05-02T12:48:26.714+0200: 4,134: Total time for which application threads were stopped: 0,0000922 seconds, Stopping threads took: 0,0000278 seconds
2017-05-02T12:48:26.715+0200: 4,135: Total time for which application threads were stopped: 0,0000956 seconds, Stopping threads took: 0,0000258 seconds
2017-05-02T12:48:26.715+0200: 4,135: Total time for which application threads were stopped: 0,0000722 seconds, Stopping threads took: 0,0000104 seconds
2017-05-02T12:48:26.716+0200: 4,135: Total time for which application threads were stopped: 0,0000716 seconds, Stopping threads took: 0,0000108 seconds
2017-05-02T12:48:26.716+0200: 4,136: Total time for which application threads were stopped: 0,0001329 seconds, Stopping threads took: 0,0000130 seconds
2017-05-02T12:48:26.716+0200: 4,136: Total time for which application threads were stopped: 0,0000780 seconds, Stopping threads took: 0,0000132 seconds
2017-05-02T12:48:26.717+0200: 4,137: Total time for which application threads were stopped: 0,0001043 seconds, Stopping threads took: 0,0000394 seconds
2017-05-02T12:48:26.718+0200: 4,137: Total time for which application threads were stopped: 0,0000488 seconds, Stopping threads took: 0,0000111 seconds
2017-05-02T12:48:26.719+0200: 4,139: Total time for which application threads were stopped: 0,0000952 seconds, Stopping threads took: 0,0000311 seconds
2017-05-02T12:48:26.723+0200: 4,142: Total time for which application threads were stopped: 0,0001256 seconds, Stopping threads took: 0,0000370 seconds
2017-05-02T12:48:26.729+0200: 4,149: Total time for which application threads were stopped: 0,0002159 seconds, Stopping threads took: 0,0001160 seconds
2017-05-02T12:48:26.729+0200: 4,149: Total time for which application threads were stopped: 0,0001416 seconds, Stopping threads took: 0,0000682 seconds
2017-05-02T12:48:26.767+0200: 4,187: Total time for which application threads were stopped: 0,0001938 seconds, Stopping threads took: 0,0000728 seconds
2017-05-02T12:48:26.769+0200: 4,189: Total time for which application threads were stopped: 0,0001225 seconds, Stopping threads took: 0,0000464 seconds
2017-05-02T12:48:26.804+0200: 4,224: Total time for which application threads were stopped: 0,0002190 seconds, Stopping threads took: 0,0000990 seconds
2017-05-02T12:48:26.819+0200: 4,239: Total time for which application threads were stopped: 0,0001840 seconds, Stopping threads took: 0,0001039 seconds
2017-05-02T12:48:26.819+0200: 4,239: Total time for which application threads were stopped: 0,0003136 seconds, Stopping threads took: 0,0002688 seconds
2017-05-02T12:48:26.902+0200: 4,321: Total time for which application threads were stopped: 0,0037866 seconds, Stopping threads took: 0,0036696 seconds
2017-05-02T12:48:26.926+0200: 4,346: Total time for which application threads were stopped: 0,0001250 seconds, Stopping threads took: 0,0000562 seconds
2017-05-02T12:48:26.926+0200: 4,346: Total time for which application threads were stopped: 0,0000846 seconds, Stopping threads took: 0,0000471 seconds
2017-05-02T12:48:26.929+0200: 4,349: Total time for which application threads were stopped: 0,0001181 seconds, Stopping threads took: 0,0000500 seconds
2017-05-02T12:48:26.930+0200: 4,349: Total time for which application threads were stopped: 0,0001706 seconds, Stopping threads took: 0,0001193 seconds
2017-05-02T12:48:26.931+0200: 4,350: Total time for which application threads were stopped: 0,0004190 seconds, Stopping threads took: 0,0003660 seconds
2017-05-02T12:48:26.931+0200: 4,351: Total time for which application threads were stopped: 0,0004248 seconds, Stopping threads took: 0,0003781 seconds
2017-05-02T12:48:26.931+0200: 4,351: Total time for which application threads were stopped: 0,0002395 seconds, Stopping threads took: 0,0001870 seconds
2017-05-02T12:48:26.931+0200: 4,351: Total time for which application threads were stopped: 0,0000644 seconds, Stopping threads took: 0,0000109 seconds
2017-05-02T12:48:26.932+0200: 4,351: Total time for which application threads were stopped: 0,0000606 seconds, Stopping threads took: 0,0000138 seconds
2017-05-02T12:48:26.932+0200: 4,352: Total time for which application threads were stopped: 0,0001314 seconds, Stopping threads took: 0,0000150 seconds
2017-05-02T12:48:26.934+0200: 4,354: Total time for which application threads were stopped: 0,0001046 seconds, Stopping threads took: 0,0000612 seconds
2017-05-02T12:48:26.934+0200: 4,354: Total time for which application threads were stopped: 0,0001315 seconds, Stopping threads took: 0,0000742 seconds
2017-05-02T12:48:26.935+0200: 4,355: Total time for which application threads were stopped: 0,0001488 seconds, Stopping threads took: 0,0000555 seconds
2017-05-02T12:48:26.938+0200: 4,358: Total time for which application threads were stopped: 0,0022064 seconds, Stopping threads took: 0,0021496 seconds
2017-05-02T12:48:26.939+0200: 4,358: Total time for which application threads were stopped: 0,0001165 seconds, Stopping threads took: 0,0000445 seconds
2017-05-02T12:48:26.942+0200: 4,362: Total time for which application threads were stopped: 0,0001327 seconds, Stopping threads took: 0,0000568 seconds
2017-05-02T12:48:26.943+0200: 4,363: Total time for which application threads were stopped: 0,0000903 seconds, Stopping threads took: 0,0000258 seconds
2017-05-02T12:48:26.946+0200: 4,366: Total time for which application threads were stopped: 0,0002260 seconds, Stopping threads took: 0,0000323 seconds
2017-05-02T12:48:26.954+0200: 4,374: Total time for which application threads were stopped: 0,0046907 seconds, Stopping threads took: 0,0046083 seconds
2017-05-02T12:48:26.955+0200: 4,375: Total time for which application threads were stopped: 0,0001183 seconds, Stopping threads took: 0,0000452 seconds
2017-05-02T12:48:26.957+0200: 4,377: Total time for which application threads were stopped: 0,0004350 seconds, Stopping threads took: 0,0000640 seconds
2017-05-02T12:48:26.959+0200: 4,378: Total time for which application threads were stopped: 0,0001109 seconds, Stopping threads took: 0,0000460 seconds
2017-05-02T12:48:26.959+0200: 4,379: Total time for which application threads were stopped: 0,0001267 seconds, Stopping threads took: 0,0000670 seconds
2017-05-02T12:48:26.969+0200: 4,389: Total time for which application threads were stopped: 0,0001438 seconds, Stopping threads took: 0,0000517 seconds
2017-05-02T12:48:26.978+0200: 4,398: Total time for which application threads were stopped: 0,0062265 seconds, Stopping threads took: 0,0061225 seconds
2017-05-02T12:48:26.979+0200: 4,399: Total time for which application threads were stopped: 0,0001622 seconds, Stopping threads took: 0,0000909 seconds
2017-05-02T12:48:26.981+0200: 4,401: Total time for which application threads were stopped: 0,0004300 seconds, Stopping threads took: 0,0000411 seconds
2017-05-02T12:48:26.995+0200: 4,415: Total time for which application threads were stopped: 0,0001419 seconds, Stopping threads took: 0,0000552 seconds
2017-05-02T12:48:26.996+0200: 4,415: Total time for which application threads were stopped: 0,0000964 seconds, Stopping threads took: 0,0000283 seconds
2017-05-02T12:48:26.998+0200: 4,417: Total time for which application threads were stopped: 0,0001098 seconds, Stopping threads took: 0,0000329 seconds
2017-05-02T12:48:26.999+0200: 4,419: Total time for which application threads were stopped: 0,0001187 seconds, Stopping threads took: 0,0000423 seconds
2017-05-02T12:48:27.000+0200: 4,419: Total time for which application threads were stopped: 0,0001167 seconds, Stopping threads took: 0,0000539 seconds
2017-05-02T12:48:27.000+0200: 4,419: Total time for which application threads were stopped: 0,0000565 seconds, Stopping threads took: 0,0000107 seconds
2017-05-02T12:48:27.000+0200: 4,420: Total time for which application threads were stopped: 0,0000694 seconds, Stopping threads took: 0,0000346 seconds
2017-05-02T12:48:27.000+0200: 4,420: Total time for which application threads were stopped: 0,0000663 seconds, Stopping threads took: 0,0000183 seconds
2017-05-02T12:48:27.004+0200: 4,424: Total time for which application threads were stopped: 0,0001517 seconds, Stopping threads took: 0,0000493 seconds
2017-05-02T12:48:27.007+0200: 4,426: Total time for which application threads were stopped: 0,0002501 seconds, Stopping threads took: 0,0001803 seconds
2017-05-02T12:48:27.008+0200: 4,428: Total time for which application threads were stopped: 0,0001193 seconds, Stopping threads took: 0,0000533 seconds
2017-05-02T12:48:27.009+0200: 4,428: Total time for which application threads were stopped: 0,0001314 seconds, Stopping threads took: 0,0000716 seconds
2017-05-02T12:48:27.009+0200: 4,429: Total time for which application threads were stopped: 0,0000993 seconds, Stopping threads took: 0,0000379 seconds
2017-05-02T12:48:27.010+0200: 4,429: Total time for which application threads were stopped: 0,0001580 seconds, Stopping threads took: 0,0000980 seconds
2017-05-02T12:48:27.011+0200: 4,431: Total time for which application threads were stopped: 0,0009730 seconds, Stopping threads took: 0,0009150 seconds
2017-05-02T12:48:27.014+0200: 4,434: Total time for which application threads were stopped: 0,0002166 seconds, Stopping threads took: 0,0000320 seconds
2017-05-02T12:48:27.020+0200: 4,439: Total time for which application threads were stopped: 0,0000996 seconds, Stopping threads took: 0,0000346 seconds
2017-05-02T12:48:27.020+0200: 4,440: Total time for which application threads were stopped: 0,0000825 seconds, Stopping threads took: 0,0000344 seconds
2017-05-02T12:48:27.021+0200: 4,440: Total time for which application threads were stopped: 0,0000934 seconds, Stopping threads took: 0,0000305 seconds
2017-05-02T12:48:27.031+0200: 4,451: Total time for which application threads were stopped: 0,0001823 seconds, Stopping threads took: 0,0000941 seconds
2017-05-02T12:48:27.035+0200: 4,454: Total time for which application threads were stopped: 0,0001669 seconds, Stopping threads took: 0,0000863 seconds
2017-05-02T12:48:27.036+0200: 4,456: Total time for which application threads were stopped: 0,0001253 seconds, Stopping threads took: 0,0000525 seconds
{Heap before GC invocations=6 (full 1):
 par new generation   total 109248K, used 98821K [0x00000000e0000000, 0x00000000e8000000, 0x00000000e8000000)
  eden space 87424K, 100% used [0x00000000e0000000, 0x00000000e5560000, 0x00000000e5560000)
  from space 21824K,  52% used [0x00000000e5560000, 0x00000000e6081418, 0x00000000e6ab0000)
  to   space 21824K,   0% used [0x00000000e6ab0000, 0x00000000e6ab0000, 0x00000000e8000000)
 concurrent mark-sweep generation total 393216K, used 0K [0x00000000e8000000, 0x0000000100000000, 0x0000000100000000)
 Metaspace       used 23892K, capacity 24324K, committed 24572K, reserved 1071104K
  class space    used 2814K, capacity 3011K, committed 3068K, reserved 1048576K
2017-05-02T12:48:27.150+0200: 4,570: [GC (Allocation Failure) 2017-05-02T12:48:27.150+0200: 4,570: [ParNew
Desired survivor size 20112992 bytes, new threshold 8 (max 8)
- age   1:    5184328 bytes,    5184328 total
- age   2:      45528 bytes,    5229856 total
- age   3:     122416 bytes,    5352272 total
- age   4:     185064 bytes,    5537336 total
- age   5:     280952 bytes,    5818288 total
- age   6:     791208 bytes,    6609496 total
- age   7:    6655000 bytes,   13264496 total
: 98821K->18713K(109248K), 0,0133458 secs] 98821K->18713K(502464K), 0,0134207 secs] [Times: user=0,04 sys=0,00, real=0,01 secs] 
Heap after GC invocations=7 (full 1):
 par new generation   total 109248K, used 18713K [0x00000000e0000000, 0x00000000e8000000, 0x00000000e8000000)
  eden space 87424K,   0% used [0x00000000e0000000, 0x00000000e0000000, 0x00000000e5560000)
  from space 21824K,  85% used [0x00000000e6ab0000, 0x00000000e7cf67d0, 0x00000000e8000000)
  to   space 21824K,   0% used [0x00000000e5560000, 0x00000000e5560000, 0x00000000e6ab0000)
 concurrent mark-sweep generation total 393216K, used 0K [0x00000000e8000000, 0x0000000100000000, 0x0000000100000000)
 Metaspace       used 23892K, capacity 24324K, committed 24572K, reserved 1071104K
  class space    used 2814K, capacity 3011K, committed 3068K, reserved 1048576K
}
2017-05-02T12:48:27.164+0200: 4,584: Total time for which application threads were stopped: 0,0137352 seconds, Stopping threads took: 0,0000840 seconds
2017-05-02T12:48:27.168+0200: 4,588: Total time for which application threads were stopped: 0,0030034 seconds, Stopping threads took: 0,0029317 seconds
2017-05-02T12:48:27.168+0200: 4,588: Total time for which application threads were stopped: 0,0000679 seconds, Stopping threads took: 0,0000143 seconds
{Heap before GC invocations=7 (full 1):
 par new generation   total 109248K, used 106137K [0x00000000e0000000, 0x00000000e8000000, 0x00000000e8000000)
  eden space 87424K, 100% used [0x00000000e0000000, 0x00000000e5560000, 0x00000000e5560000)
  from space 21824K,  85% used [0x00000000e6ab0000, 0x00000000e7cf67d0, 0x00000000e8000000)
  to   space 21824K,   0% used [0x00000000e5560000, 0x00000000e5560000, 0x00000000e6ab0000)
 concurrent mark-sweep generation total 393216K, used 0K [0x00000000e8000000, 0x0000000100000000, 0x0000000100000000)
 Metaspace       used 24198K, capacity 24682K, committed 24828K, reserved 1071104K
  class space    used 2841K, capacity 3044K, committed 3068K, reserved 1048576K
2017-05-02T12:48:27.248+0200: 4,668: [GC (Allocation Failure) 2017-05-02T12:48:27.248+0200: 4,668: [ParNew
Desired survivor size 20112992 bytes, new threshold 8 (max 8)
- age   1:    1822280 bytes,    1822280 total
- age   2:    1771144 bytes,    3593424 total
- age   3:      13608 bytes,    3607032 total
- age   4:      60960 bytes,    3667992 total
- age   5:     113560 bytes,    3781552 total
- age   6:     183096 bytes,    3964648 total
- age   7:     749008 bytes,    4713656 total
- age   8:    6120744 bytes,   10834400 total
: 106137K->13873K(109248K), 0,0612741 secs] 106137K->13873K(502464K), 0,0613660 secs] [Times: user=0,07 sys=0,00, real=0,06 secs] 
Heap after GC invocations=8 (full 1):
 par new generation   total 109248K, used 13873K [0x00000000e0000000, 0x00000000e8000000, 0x00000000e8000000)
  eden space 87424K,   0% used [0x00000000e0000000, 0x00000000e0000000, 0x00000000e5560000)
  from space 21824K,  63% used [0x00000000e5560000, 0x00000000e62ec780, 0x00000000e6ab0000)
  to   space 21824K,   0% used [0x00000000e6ab0000, 0x00000000e6ab0000, 0x00000000e8000000)
 concurrent mark-sweep generation total 393216K, used 0K [0x00000000e8000000, 0x0000000100000000, 0x0000000100000000)
 Metaspace       used 24198K, capacity 24682K, committed 24828K, reserved 1071104K
  class space    used 2841K, capacity 3044K, committed 3068K, reserved 1048576K
}
2017-05-02T12:48:27.309+0200: 4,729: Total time for which application threads were stopped: 0,0617879 seconds, Stopping threads took: 0,0000496 seconds
2017-05-02T12:48:27.386+0200: 4,806: Total time for which application threads were stopped: 0,0303002 seconds, Stopping threads took: 0,0301736 seconds
2017-05-02T12:48:27.390+0200: 4,809: Total time for which application threads were stopped: 0,0016994 seconds, Stopping threads took: 0,0015670 seconds
2017-05-02T12:48:27.394+0200: 4,814: Total time for which application threads were stopped: 0,0031107 seconds, Stopping threads took: 0,0029645 seconds
{Heap before GC invocations=8 (full 1):
 par new generation   total 109248K, used 101297K [0x00000000e0000000, 0x00000000e8000000, 0x00000000e8000000)
  eden space 87424K, 100% used [0x00000000e0000000, 0x00000000e5560000, 0x00000000e5560000)
  from space 21824K,  63% used [0x00000000e5560000, 0x00000000e62ec780, 0x00000000e6ab0000)
  to   space 21824K,   0% used [0x00000000e6ab0000, 0x00000000e6ab0000, 0x00000000e8000000)
 concurrent mark-sweep generation total 393216K, used 0K [0x00000000e8000000, 0x0000000100000000, 0x0000000100000000)
 Metaspace       used 24833K, capacity 25252K, committed 25468K, reserved 1071104K
  class space    used 2898K, capacity 3081K, committed 3196K, reserved 1048576K
2017-05-02T12:48:27.867+0200: 5,287: [GC (Allocation Failure) 2017-05-02T12:48:27.867+0200: 5,287: [ParNew
Desired survivor size 20112992 bytes, new threshold 8 (max 8)
- age   1:    1120560 bytes,    1120560 total
- age   2:     572872 bytes,    1693432 total
- age   3:    1747528 bytes,    3440960 total
- age   4:      13608 bytes,    3454568 total
- age   5:      60928 bytes,    3515496 total
- age   6:     113392 bytes,    3628888 total
- age   7:     179960 bytes,    3808848 total
- age   8:     748240 bytes,    4557088 total
: 101297K->7127K(109248K), 0,1402699 secs] 101297K->13706K(502464K), 0,1403597 secs] [Times: user=0,15 sys=0,00, real=0,14 secs] 
Heap after GC invocations=9 (full 1):
 par new generation   total 109248K, used 7127K [0x00000000e0000000, 0x00000000e8000000, 0x00000000e8000000)
  eden space 87424K,   0% used [0x00000000e0000000, 0x00000000e0000000, 0x00000000e5560000)
  from space 21824K,  32% used [0x00000000e6ab0000, 0x00000000e71a5d88, 0x00000000e8000000)
  to   space 21824K,   0% used [0x00000000e5560000, 0x00000000e5560000, 0x00000000e6ab0000)
 concurrent mark-sweep generation total 393216K, used 6579K [0x00000000e8000000, 0x0000000100000000, 0x0000000100000000)
 Metaspace       used 24833K, capacity 25252K, committed 25468K, reserved 1071104K
  class space    used 2898K, capacity 3081K, committed 3196K, reserved 1048576K
}
2017-05-02T12:48:28.007+0200: 5,427: Total time for which application threads were stopped: 0,1406312 seconds, Stopping threads took: 0,0000340 seconds
2017-05-02T12:48:28.323+0200: 5,743: Total time for which application threads were stopped: 0,0173624 seconds, Stopping threads took: 0,0171951 seconds
2017-05-02T12:48:28.326+0200: 5,746: Total time for which application threads were stopped: 0,0001448 seconds, Stopping threads took: 0,0000205 seconds
2017-05-02T12:48:28.327+0200: 5,746: Total time for which application threads were stopped: 0,0001035 seconds, Stopping threads took: 0,0000099 seconds
2017-05-02T12:48:28.327+0200: 5,747: Total time for which application threads were stopped: 0,0001139 seconds, Stopping threads took: 0,0000151 seconds
2017-05-02T12:48:28.559+0200: 5,979: Total time for which application threads were stopped: 0,0012783 seconds, Stopping threads took: 0,0011029 seconds
2017-05-02T12:48:28.591+0200: 6,011: Total time for which application threads were stopped: 0,0115101 seconds, Stopping threads took: 0,0113985 seconds
2017-05-02T12:48:28.611+0200: 6,030: Total time for which application threads were stopped: 0,0044839 seconds, Stopping threads took: 0,0043707 seconds
2017-05-02T12:48:28.618+0200: 6,038: Total time for which application threads were stopped: 0,0005546 seconds, Stopping threads took: 0,0004329 seconds
2017-05-02T12:48:28.628+0200: 6,047: Total time for which application threads were stopped: 0,0053736 seconds, Stopping threads took: 0,0052714 seconds
2017-05-02T12:48:28.675+0200: 6,095: Total time for which application threads were stopped: 0,0001807 seconds, Stopping threads took: 0,0000359 seconds
2017-05-02T12:48:28.723+0200: 6,142: Total time for which application threads were stopped: 0,0001532 seconds, Stopping threads took: 0,0000401 seconds
2017-05-02T12:48:28.857+0200: 6,277: Total time for which application threads were stopped: 0,0004696 seconds, Stopping threads took: 0,0000452 seconds
2017-05-02T12:48:28.865+0200: 6,285: Total time for which application threads were stopped: 0,0001416 seconds, Stopping threads took: 0,0000519 seconds
2017-05-02T12:48:28.909+0200: 6,329: Total time for which application threads were stopped: 0,0005384 seconds, Stopping threads took: 0,0000279 seconds
2017-05-02T12:48:29.183+0200: 6,603: Total time for which application threads were stopped: 0,0004973 seconds, Stopping threads took: 0,0000509 seconds
2017-05-02T12:48:29.307+0200: 6,726: Total time for which application threads were stopped: 0,0001723 seconds, Stopping threads took: 0,0000469 seconds
2017-05-02T12:48:29.312+0200: 6,732: Total time for which application threads were stopped: 0,0001351 seconds, Stopping threads took: 0,0000366 seconds
2017-05-02T12:48:29.313+0200: 6,733: Total time for which application threads were stopped: 0,0001051 seconds, Stopping threads took: 0,0000222 seconds
2017-05-02T12:48:29.330+0200: 6,750: Total time for which application threads were stopped: 0,0085687 seconds, Stopping threads took: 0,0083311 seconds
2017-05-02T12:48:29.356+0200: 6,776: Total time for which application threads were stopped: 0,0002905 seconds, Stopping threads took: 0,0002136 seconds
2017-05-02T12:48:29.482+0200: 6,902: Total time for which application threads were stopped: 0,0274377 seconds, Stopping threads took: 0,0272923 seconds
2017-05-02T12:48:29.526+0200: 6,946: Total time for which application threads were stopped: 0,0233284 seconds, Stopping threads took: 0,0231699 seconds
2017-05-02T12:48:29.726+0200: 7,145: Total time for which application threads were stopped: 0,0081342 seconds, Stopping threads took: 0,0080353 seconds
2017-05-02T12:48:29.726+0200: 7,146: Total time for which application threads were stopped: 0,0000962 seconds, Stopping threads took: 0,0000180 seconds
2017-05-02T12:48:29.814+0200: 7,234: Total time for which application threads were stopped: 0,0005411 seconds, Stopping threads took: 0,0000538 seconds
2017-05-02T12:48:29.948+0200: 7,368: Total time for which application threads were stopped: 0,0001421 seconds, Stopping threads took: 0,0000190 seconds
2017-05-02T12:48:33.948+0200: 11,368: Total time for which application threads were stopped: 0,0001207 seconds, Stopping threads took: 0,0000268 seconds
2017-05-02T12:48:45.950+0200: 23,369: Total time for which application threads were stopped: 0,0000980 seconds, Stopping threads took: 0,0000218 seconds
2017-05-02T12:48:54.500+0200: 32,370: Total time for which application threads were stopped: 0,0000660 seconds, Stopping threads took: 0,0000186 seconds
2017-05-02T12:49:45.507+0200: 83,377: Total time for which application threads were stopped: 0,0000866 seconds, Stopping threads took: 0,0000300 seconds
2017-05-02T12:51:12.105+0200: 123,571: Total time for which application threads were stopped: 0,0000703 seconds, Stopping threads took: 0,0000312 seconds
2017-05-02T12:51:17.106+0200: 128,572: Total time for which application threads were stopped: 0,0001109 seconds, Stopping threads took: 0,0000273 seconds
{Heap before GC invocations=9 (full 1):
 par new generation   total 109248K, used 94551K [0x00000000e0000000, 0x00000000e8000000, 0x00000000e8000000)
  eden space 87424K, 100% used [0x00000000e0000000, 0x00000000e5560000, 0x00000000e5560000)
  from space 21824K,  32% used [0x00000000e6ab0000, 0x00000000e71a5d88, 0x00000000e8000000)
  to   space 21824K,   0% used [0x00000000e5560000, 0x00000000e5560000, 0x00000000e6ab0000)
 concurrent mark-sweep generation total 393216K, used 6579K [0x00000000e8000000, 0x0000000100000000, 0x0000000100000000)
 Metaspace       used 28015K, capacity 28546K, committed 28796K, reserved 1075200K
  class space    used 3210K, capacity 3386K, committed 3452K, reserved 1048576K
2017-05-02T12:52:05.571+0200: 176,291: [GC (Allocation Failure) 2017-05-02T12:52:05.571+0200: 176,291: [ParNew
Desired survivor size 20112992 bytes, new threshold 8 (max 8)
- age   1:   10779952 bytes,   10779952 total
- age   2:     400960 bytes,   11180912 total
- age   3:     173864 bytes,   11354776 total
- age   4:    1739840 bytes,   13094616 total
- age   5:      13608 bytes,   13108224 total
- age   6:      60896 bytes,   13169120 total
- age   7:     110816 bytes,   13279936 total
- age   8:     179736 bytes,   13459672 total
: 94551K->14487K(109248K), 0,0211406 secs] 101130K->21808K(502464K), 0,0212049 secs] [Times: user=0,04 sys=0,00, real=0,02 secs] 
Heap after GC invocations=10 (full 1):
 par new generation   total 109248K, used 14487K [0x00000000e0000000, 0x00000000e8000000, 0x00000000e8000000)
  eden space 87424K,   0% used [0x00000000e0000000, 0x00000000e0000000, 0x00000000e5560000)
  from space 21824K,  66% used [0x00000000e5560000, 0x00000000e6385eb8, 0x00000000e6ab0000)
  to   space 21824K,   0% used [0x00000000e6ab0000, 0x00000000e6ab0000, 0x00000000e8000000)
 concurrent mark-sweep generation total 393216K, used 7321K [0x00000000e8000000, 0x0000000100000000, 0x0000000100000000)
 Metaspace       used 28015K, capacity 28546K, committed 28796K, reserved 1075200K
  class space    used 3210K, capacity 3386K, committed 3452K, reserved 1048576K
}
2017-05-02T12:52:05.592+0200: 176,312: Total time for which application threads were stopped: 0,0213687 seconds, Stopping threads took: 0,0000410 seconds
2017-05-02T12:52:05.593+0200: 176,314: Total time for which application threads were stopped: 0,0000967 seconds, Stopping threads took: 0,0000400 seconds
2017-05-02T12:52:05.599+0200: 176,319: Total time for which application threads were stopped: 0,0000793 seconds, Stopping threads took: 0,0000270 seconds
2017-05-02T12:52:10.599+0200: 181,320: Total time for which application threads were stopped: 0,0000637 seconds, Stopping threads took: 0,0000160 seconds
2017-05-02T12:53:45.612+0200: 276,332: Total time for which application threads were stopped: 0,0000830 seconds, Stopping threads took: 0,0000338 seconds
2017-05-02T12:54:13.617+0200: 304,337: Total time for which application threads were stopped: 0,0001732 seconds, Stopping threads took: 0,0000641 seconds
2017-05-02T13:13:00.760+0200: 1431,480: Total time for which application threads were stopped: 0,0001628 seconds, Stopping threads took: 0,0000571 seconds
2017-05-02T13:17:30.798+0200: 1701,518: Total time for which application threads were stopped: 0,0000800 seconds, Stopping threads took: 0,0000315 seconds
2017-05-02T13:18:28.805+0200: 1759,525: Total time for which application threads were stopped: 0,0001869 seconds, Stopping threads took: 0,0000728 seconds
2017-05-02T13:21:36.655+0200: 1947,375: Total time for which application threads were stopped: 0,0017549 seconds, Stopping threads took: 0,0001665 seconds
2017-05-02T13:21:36.675+0200: 1947,395: Total time for which application threads were stopped: 0,0002446 seconds, Stopping threads took: 0,0000528 seconds
2017-05-02T13:21:36.682+0200: 1947,402: Total time for which application threads were stopped: 0,0000965 seconds, Stopping threads took: 0,0000196 seconds
2017-05-02T13:21:36.682+0200: 1947,402: Total time for which application threads were stopped: 0,0000721 seconds, Stopping threads took: 0,0000177 seconds
2017-05-02T13:21:36.684+0200: 1947,404: Total time for which application threads were stopped: 0,0001000 seconds, Stopping threads took: 0,0000352 seconds
2017-05-02T13:21:36.684+0200: 1947,404: Total time for which application threads were stopped: 0,0000576 seconds, Stopping threads took: 0,0000135 seconds
2017-05-02T13:21:36.684+0200: 1947,405: Total time for which application threads were stopped: 0,0000587 seconds, Stopping threads took: 0,0000104 seconds
2017-05-02T13:21:36.685+0200: 1947,405: Total time for which application threads were stopped: 0,0000518 seconds, Stopping threads took: 0,0000097 seconds
2017-05-02T13:21:36.685+0200: 1947,405: Total time for which application threads were stopped: 0,0000484 seconds, Stopping threads took: 0,0000080 seconds
2017-05-02T13:21:36.685+0200: 1947,405: Total time for which application threads were stopped: 0,0000473 seconds, Stopping threads took: 0,0000080 seconds
2017-05-02T13:21:36.685+0200: 1947,405: Total time for which application threads were stopped: 0,0000469 seconds, Stopping threads took: 0,0000108 seconds
2017-05-02T13:21:36.685+0200: 1947,405: Total time for which application threads were stopped: 0,0000445 seconds, Stopping threads took: 0,0000083 seconds
2017-05-02T13:21:36.685+0200: 1947,405: Total time for which application threads were stopped: 0,0000433 seconds, Stopping threads took: 0,0000078 seconds
2017-05-02T13:21:36.685+0200: 1947,405: Total time for which application threads were stopped: 0,0000459 seconds, Stopping threads took: 0,0000116 seconds
2017-05-02T13:21:36.685+0200: 1947,405: Total time for which application threads were stopped: 0,0000475 seconds, Stopping threads took: 0,0000088 seconds
2017-05-02T13:21:36.685+0200: 1947,405: Total time for which application threads were stopped: 0,0000461 seconds, Stopping threads took: 0,0000081 seconds
2017-05-02T13:21:36.685+0200: 1947,405: Total time for which application threads were stopped: 0,0000450 seconds, Stopping threads took: 0,0000108 seconds
2017-05-02T13:21:36.692+0200: 1947,412: Total time for which application threads were stopped: 0,0001212 seconds, Stopping threads took: 0,0000347 seconds
2017-05-02T13:21:36.692+0200: 1947,412: Total time for which application threads were stopped: 0,0000758 seconds, Stopping threads took: 0,0000229 seconds
2017-05-02T13:21:36.692+0200: 1947,412: Total time for which application threads were stopped: 0,0000704 seconds, Stopping threads took: 0,0000233 seconds
2017-05-02T13:21:36.692+0200: 1947,412: Total time for which application threads were stopped: 0,0000671 seconds, Stopping threads took: 0,0000216 seconds
2017-05-02T13:21:36.692+0200: 1947,413: Total time for which application threads were stopped: 0,0000584 seconds, Stopping threads took: 0,0000162 seconds
2017-05-02T13:21:36.693+0200: 1947,413: Total time for which application threads were stopped: 0,0000563 seconds, Stopping threads took: 0,0000203 seconds
2017-05-02T13:21:36.693+0200: 1947,413: Total time for which application threads were stopped: 0,0000562 seconds, Stopping threads took: 0,0000171 seconds
2017-05-02T13:21:36.693+0200: 1947,413: Total time for which application threads were stopped: 0,0001299 seconds, Stopping threads took: 0,0000846 seconds
2017-05-02T13:21:36.693+0200: 1947,413: Total time for which application threads were stopped: 0,0000719 seconds, Stopping threads took: 0,0000215 seconds
2017-05-02T13:21:36.693+0200: 1947,413: Total time for which application threads were stopped: 0,0000589 seconds, Stopping threads took: 0,0000240 seconds
2017-05-02T13:21:36.693+0200: 1947,413: Total time for which application threads were stopped: 0,0000505 seconds, Stopping threads took: 0,0000164 seconds
2017-05-02T13:21:36.693+0200: 1947,413: Total time for which application threads were stopped: 0,0000494 seconds, Stopping threads took: 0,0000161 seconds
2017-05-02T13:21:36.693+0200: 1947,413: Total time for which application threads were stopped: 0,0000448 seconds, Stopping threads took: 0,0000151 seconds
2017-05-02T13:21:36.693+0200: 1947,414: Total time for which application threads were stopped: 0,0000784 seconds, Stopping threads took: 0,0000216 seconds
2017-05-02T13:21:36.693+0200: 1947,414: Total time for which application threads were stopped: 0,0000460 seconds, Stopping threads took: 0,0000148 seconds
2017-05-02T13:21:36.695+0200: 1947,415: Total time for which application threads were stopped: 0,0012440 seconds, Stopping threads took: 0,0011880 seconds
2017-05-02T13:21:36.695+0200: 1947,415: Total time for which application threads were stopped: 0,0000924 seconds, Stopping threads took: 0,0000340 seconds
2017-05-02T13:21:36.695+0200: 1947,415: Total time for which application threads were stopped: 0,0000649 seconds, Stopping threads took: 0,0000173 seconds
2017-05-02T13:21:36.695+0200: 1947,415: Total time for which application threads were stopped: 0,0000573 seconds, Stopping threads took: 0,0000179 seconds
2017-05-02T13:21:36.697+0200: 1947,417: Total time for which application threads were stopped: 0,0001174 seconds, Stopping threads took: 0,0000624 seconds
2017-05-02T13:21:36.698+0200: 1947,418: Total time for which application threads were stopped: 0,0001074 seconds, Stopping threads took: 0,0000456 seconds
2017-05-02T13:21:36.706+0200: 1947,426: Total time for which application threads were stopped: 0,0001191 seconds, Stopping threads took: 0,0000357 seconds
2017-05-02T13:21:36.706+0200: 1947,426: Total time for which application threads were stopped: 0,0000711 seconds, Stopping threads took: 0,0000268 seconds
2017-05-02T13:21:36.706+0200: 1947,426: Total time for which application threads were stopped: 0,0000627 seconds, Stopping threads took: 0,0000228 seconds
2017-05-02T13:21:36.706+0200: 1947,426: Total time for which application threads were stopped: 0,0000739 seconds, Stopping threads took: 0,0000335 seconds
2017-05-02T13:21:36.706+0200: 1947,426: Total time for which application threads were stopped: 0,0000562 seconds, Stopping threads took: 0,0000191 seconds
2017-05-02T13:21:36.706+0200: 1947,426: Total time for which application threads were stopped: 0,0000494 seconds, Stopping threads took: 0,0000178 seconds
2017-05-02T13:21:36.706+0200: 1947,426: Total time for which application threads were stopped: 0,0000478 seconds, Stopping threads took: 0,0000157 seconds
2017-05-02T13:21:36.706+0200: 1947,427: Total time for which application threads were stopped: 0,0000665 seconds, Stopping threads took: 0,0000313 seconds
2017-05-02T13:21:36.707+0200: 1947,427: Total time for which application threads were stopped: 0,0000646 seconds, Stopping threads took: 0,0000328 seconds
2017-05-02T13:21:36.708+0200: 1947,428: Total time for which application threads were stopped: 0,0000935 seconds, Stopping threads took: 0,0000348 seconds
2017-05-02T13:21:36.708+0200: 1947,428: Total time for which application threads were stopped: 0,0000645 seconds, Stopping threads took: 0,0000210 seconds
2017-05-02T13:21:36.708+0200: 1947,428: Total time for which application threads were stopped: 0,0000633 seconds, Stopping threads took: 0,0000266 seconds
2017-05-02T13:21:36.709+0200: 1947,429: Total time for which application threads were stopped: 0,0000709 seconds, Stopping threads took: 0,0000284 seconds
2017-05-02T13:21:36.709+0200: 1947,430: Total time for which application threads were stopped: 0,0006993 seconds, Stopping threads took: 0,0006618 seconds
2017-05-02T13:21:36.710+0200: 1947,430: Total time for which application threads were stopped: 0,0000531 seconds, Stopping threads took: 0,0000153 seconds
2017-05-02T13:21:36.710+0200: 1947,430: Total time for which application threads were stopped: 0,0000293 seconds, Stopping threads took: 0,0000099 seconds
2017-05-02T13:21:36.710+0200: 1947,430: Total time for which application threads were stopped: 0,0001900 seconds, Stopping threads took: 0,0001225 seconds
2017-05-02T13:21:36.710+0200: 1947,430: Total time for which application threads were stopped: 0,0001335 seconds, Stopping threads took: 0,0000458 seconds
2017-05-02T13:21:36.710+0200: 1947,431: Total time for which application threads were stopped: 0,0001249 seconds, Stopping threads took: 0,0000522 seconds
2017-05-02T13:21:36.711+0200: 1947,431: Total time for which application threads were stopped: 0,0001004 seconds, Stopping threads took: 0,0000544 seconds
2017-05-02T13:21:36.711+0200: 1947,431: Total time for which application threads were stopped: 0,0001382 seconds, Stopping threads took: 0,0000408 seconds
2017-05-02T13:21:36.712+0200: 1947,432: Total time for which application threads were stopped: 0,0001846 seconds, Stopping threads took: 0,0000810 seconds
2017-05-02T13:21:36.716+0200: 1947,436: Total time for which application threads were stopped: 0,0044747 seconds, Stopping threads took: 0,0044100 seconds
2017-05-02T13:21:36.717+0200: 1947,437: Total time for which application threads were stopped: 0,0006445 seconds, Stopping threads took: 0,0005987 seconds
2017-05-02T13:21:36.717+0200: 1947,437: Total time for which application threads were stopped: 0,0000637 seconds, Stopping threads took: 0,0000313 seconds
2017-05-02T13:21:36.717+0200: 1947,437: Total time for which application threads were stopped: 0,0000608 seconds, Stopping threads took: 0,0000224 seconds
2017-05-02T13:21:36.717+0200: 1947,438: Total time for which application threads were stopped: 0,0001199 seconds, Stopping threads took: 0,0000074 seconds
2017-05-02T13:21:36.719+0200: 1947,439: Total time for which application threads were stopped: 0,0001286 seconds, Stopping threads took: 0,0000402 seconds
2017-05-02T13:21:36.719+0200: 1947,439: Total time for which application threads were stopped: 0,0000861 seconds, Stopping threads took: 0,0000379 seconds
Heap
 par new generation   total 109248K, used 34240K [0x00000000e0000000, 0x00000000e8000000, 0x00000000e8000000)
  eden space 87424K,  22% used [0x00000000e0000000, 0x00000000e134a1b0, 0x00000000e5560000)
  from space 21824K,  66% used [0x00000000e5560000, 0x00000000e6385eb8, 0x00000000e6ab0000)
  to   space 21824K,   0% used [0x00000000e6ab0000, 0x00000000e6ab0000, 0x00000000e8000000)
 concurrent mark-sweep generation total 393216K, used 7321K [0x00000000e8000000, 0x0000000100000000, 0x0000000100000000)
 Metaspace       used 28143K, capacity 28716K, committed 29052K, reserved 1075200K
  class space    used 3226K, capacity 3421K, committed 3452K, reserved 1048576K
