OpenJDK 64-Bit Server VM (25.91-b14) for linux-amd64 JRE (1.8.0_91-8u91-b14-3ubuntu1~16.04.1-b14), built on Jul 21 2016 04:13:34 by "buildd" with gcc 5.3.1 20160413
Memory: 4k page, physical 7867876k(7533336k free), swap 8076284k(8076284k free)
CommandLine flags: -XX:CMSInitiatingOccupancyFraction=50 -XX:CMSMaxAbortablePrecleanTime=6000 -XX:+CMSParallelRemarkEnabled -XX:+CMSScavengeBeforeRemark -XX:ConcGCThreads=4 -XX:InitialHeapSize=536870912 -XX:MaxHeapSize=536870912 -XX:MaxTenuringThreshold=8 -XX:NewRatio=3 -XX:OldPLABSize=16 -XX:OnOutOfMemoryError=/opt/solr/bin/oom_solr.sh 8983 /var/solr/logs -XX:ParallelGCThreads=4 -XX:+ParallelRefProcEnabled -XX:PretenureSizeThreshold=67108864 -XX:+PrintGC -XX:+PrintGCApplicationStoppedTime -XX:+PrintGCDateStamps -XX:+PrintGCDetails -XX:+PrintGCTimeStamps -XX:+PrintHeapAtGC -XX:+PrintTenuringDistribution -XX:SurvivorRatio=4 -XX:TargetSurvivorRatio=90 -XX:ThreadStackSize=256 -XX:+UseCMSInitiatingOccupancyOnly -XX:+UseCompressedClassPointers -XX:+UseCompressedOops -XX:+UseConcMarkSweepGC -XX:+UseParNewGC 
2016-11-01T17:47:06.750+0100: 0,104: Total time for which application threads were stopped: 0,0000694 seconds, Stopping threads took: 0,0000136 seconds
2016-11-01T17:47:06.815+0100: 0,169: Total time for which application threads were stopped: 0,0000970 seconds, Stopping threads took: 0,0000119 seconds
2016-11-01T17:47:06.830+0100: 0,184: Total time for which application threads were stopped: 0,0000757 seconds, Stopping threads took: 0,0000173 seconds
2016-11-01T17:47:06.948+0100: 0,302: Total time for which application threads were stopped: 0,0001228 seconds, Stopping threads took: 0,0000233 seconds
2016-11-01T17:47:07.088+0100: 0,442: Total time for which application threads were stopped: 0,0001102 seconds, Stopping threads took: 0,0000102 seconds
2016-11-01T17:47:07.131+0100: 0,485: Total time for which application threads were stopped: 0,0001283 seconds, Stopping threads took: 0,0000116 seconds
2016-11-01T17:47:07.144+0100: 0,498: Total time for which application threads were stopped: 0,0001446 seconds, Stopping threads took: 0,0000157 seconds
2016-11-01T17:47:07.314+0100: 0,668: Total time for which application threads were stopped: 0,0001641 seconds, Stopping threads took: 0,0000214 seconds
2016-11-01T17:47:07.465+0100: 0,819: Total time for which application threads were stopped: 0,0002029 seconds, Stopping threads took: 0,0000155 seconds
2016-11-01T17:47:07.566+0100: 0,920: Total time for which application threads were stopped: 0,0001919 seconds, Stopping threads took: 0,0000163 seconds
2016-11-01T17:47:07.566+0100: 0,920: Total time for which application threads were stopped: 0,0001224 seconds, Stopping threads took: 0,0000195 seconds
2016-11-01T17:47:07.576+0100: 0,930: Total time for which application threads were stopped: 0,0002925 seconds, Stopping threads took: 0,0001246 seconds
2016-11-01T17:47:07.654+0100: 1,008: Total time for which application threads were stopped: 0,0002982 seconds, Stopping threads took: 0,0000325 seconds
2016-11-01T17:47:07.751+0100: 1,105: Total time for which application threads were stopped: 0,0002484 seconds, Stopping threads took: 0,0000249 seconds
{Heap before GC invocations=0 (full 0):
 par new generation   total 109248K, used 87424K [0x00000000e0000000, 0x00000000e8000000, 0x00000000e8000000)
  eden space 87424K, 100% used [0x00000000e0000000, 0x00000000e5560000, 0x00000000e5560000)
  from space 21824K,   0% used [0x00000000e5560000, 0x00000000e5560000, 0x00000000e6ab0000)
  to   space 21824K,   0% used [0x00000000e6ab0000, 0x00000000e6ab0000, 0x00000000e8000000)
 concurrent mark-sweep generation total 393216K, used 0K [0x00000000e8000000, 0x0000000100000000, 0x0000000100000000)
 Metaspace       used 17434K, capacity 17734K, committed 18048K, reserved 1064960K
  class space    used 1991K, capacity 2100K, committed 2176K, reserved 1048576K
2016-11-01T17:47:07.773+0100: 1,127: [GC (Allocation Failure) 2016-11-01T17:47:07.773+0100: 1,127: [ParNew
Desired survivor size 20112992 bytes, new threshold 8 (max 8)
- age   1:   11085160 bytes,   11085160 total
: 87424K->10933K(109248K), 0,0139773 secs] 87424K->10933K(502464K), 0,0140619 secs] [Times: user=0,04 sys=0,01, real=0,01 secs] 
Heap after GC invocations=1 (full 0):
 par new generation   total 109248K, used 10933K [0x00000000e0000000, 0x00000000e8000000, 0x00000000e8000000)
  eden space 87424K,   0% used [0x00000000e0000000, 0x00000000e0000000, 0x00000000e5560000)
  from space 21824K,  50% used [0x00000000e6ab0000, 0x00000000e755d798, 0x00000000e8000000)
  to   space 21824K,   0% used [0x00000000e5560000, 0x00000000e5560000, 0x00000000e6ab0000)
 concurrent mark-sweep generation total 393216K, used 0K [0x00000000e8000000, 0x0000000100000000, 0x0000000100000000)
 Metaspace       used 17434K, capacity 17734K, committed 18048K, reserved 1064960K
  class space    used 1991K, capacity 2100K, committed 2176K, reserved 1048576K
}
2016-11-01T17:47:07.787+0100: 1,141: Total time for which application threads were stopped: 0,0142301 seconds, Stopping threads took: 0,0000494 seconds
2016-11-01T17:47:07.988+0100: 1,342: Total time for which application threads were stopped: 0,0003267 seconds, Stopping threads took: 0,0000214 seconds
2016-11-01T17:47:08.046+0100: 1,400: Total time for which application threads were stopped: 0,0002861 seconds, Stopping threads took: 0,0000379 seconds
2016-11-01T17:47:08.083+0100: 1,437: Total time for which application threads were stopped: 0,0005428 seconds, Stopping threads took: 0,0000432 seconds
{Heap before GC invocations=1 (full 0):
 par new generation   total 109248K, used 98357K [0x00000000e0000000, 0x00000000e8000000, 0x00000000e8000000)
  eden space 87424K, 100% used [0x00000000e0000000, 0x00000000e5560000, 0x00000000e5560000)
  from space 21824K,  50% used [0x00000000e6ab0000, 0x00000000e755d798, 0x00000000e8000000)
  to   space 21824K,   0% used [0x00000000e5560000, 0x00000000e5560000, 0x00000000e6ab0000)
 concurrent mark-sweep generation total 393216K, used 0K [0x00000000e8000000, 0x0000000100000000, 0x0000000100000000)
 Metaspace       used 20634K, capacity 20962K, committed 21248K, reserved 1069056K
  class space    used 2399K, capacity 2519K, committed 2560K, reserved 1048576K
2016-11-01T17:47:08.274+0100: 1,628: [GC (Allocation Failure) 2016-11-01T17:47:08.274+0100: 1,628: [ParNew
Desired survivor size 20112992 bytes, new threshold 8 (max 8)
- age   1:    3755752 bytes,    3755752 total
- age   2:    5781584 bytes,    9537336 total
: 98357K->13910K(109248K), 0,0151433 secs] 98357K->13910K(502464K), 0,0152127 secs] [Times: user=0,05 sys=0,00, real=0,02 secs] 
Heap after GC invocations=2 (full 0):
 par new generation   total 109248K, used 13910K [0x00000000e0000000, 0x00000000e8000000, 0x00000000e8000000)
  eden space 87424K,   0% used [0x00000000e0000000, 0x00000000e0000000, 0x00000000e5560000)
  from space 21824K,  63% used [0x00000000e5560000, 0x00000000e62f5b40, 0x00000000e6ab0000)
  to   space 21824K,   0% used [0x00000000e6ab0000, 0x00000000e6ab0000, 0x00000000e8000000)
 concurrent mark-sweep generation total 393216K, used 0K [0x00000000e8000000, 0x0000000100000000, 0x0000000100000000)
 Metaspace       used 20634K, capacity 20962K, committed 21248K, reserved 1069056K
  class space    used 2399K, capacity 2519K, committed 2560K, reserved 1048576K
}
2016-11-01T17:47:08.289+0100: 1,643: Total time for which application threads were stopped: 0,0154803 seconds, Stopping threads took: 0,0000604 seconds
2016-11-01T17:47:08.395+0100: 1,749: Total time for which application threads were stopped: 0,0001045 seconds, Stopping threads took: 0,0000213 seconds
2016-11-01T17:47:08.409+0100: 1,763: Total time for which application threads were stopped: 0,0002988 seconds, Stopping threads took: 0,0000215 seconds
2016-11-01T17:47:08.416+0100: 1,770: Total time for which application threads were stopped: 0,0000879 seconds, Stopping threads took: 0,0000239 seconds
2016-11-01T17:47:08.481+0100: 1,835: Total time for which application threads were stopped: 0,0020831 seconds, Stopping threads took: 0,0019762 seconds
2016-11-01T17:47:08.523+0100: 1,877: Total time for which application threads were stopped: 0,0001109 seconds, Stopping threads took: 0,0000352 seconds
2016-11-01T17:47:08.569+0100: 1,923: Total time for which application threads were stopped: 0,0003277 seconds, Stopping threads took: 0,0000182 seconds
2016-11-01T17:47:08.572+0100: 1,926: Total time for which application threads were stopped: 0,0000822 seconds, Stopping threads took: 0,0000240 seconds
2016-11-01T17:47:08.616+0100: 1,970: Total time for which application threads were stopped: 0,0001062 seconds, Stopping threads took: 0,0000223 seconds
2016-11-01T17:47:08.654+0100: 2,007: Total time for which application threads were stopped: 0,0000762 seconds, Stopping threads took: 0,0000151 seconds
2016-11-01T17:47:08.673+0100: 2,027: Total time for which application threads were stopped: 0,0000888 seconds, Stopping threads took: 0,0000171 seconds
2016-11-01T17:47:08.755+0100: 2,109: Total time for which application threads were stopped: 0,0001003 seconds, Stopping threads took: 0,0000191 seconds
2016-11-01T17:47:08.876+0100: 2,230: Total time for which application threads were stopped: 0,0001092 seconds, Stopping threads took: 0,0000205 seconds
2016-11-01T17:47:08.928+0100: 2,282: Total time for which application threads were stopped: 0,0001556 seconds, Stopping threads took: 0,0000456 seconds
2016-11-01T17:47:09.034+0100: 2,388: Total time for which application threads were stopped: 0,0001255 seconds, Stopping threads took: 0,0000381 seconds
2016-11-01T17:47:09.096+0100: 2,450: Total time for which application threads were stopped: 0,0002056 seconds, Stopping threads took: 0,0001167 seconds
2016-11-01T17:47:09.136+0100: 2,490: Total time for which application threads were stopped: 0,0000791 seconds, Stopping threads took: 0,0000197 seconds
2016-11-01T17:47:09.173+0100: 2,526: Total time for which application threads were stopped: 0,0000946 seconds, Stopping threads took: 0,0000186 seconds
2016-11-01T17:47:09.177+0100: 2,531: Total time for which application threads were stopped: 0,0003509 seconds, Stopping threads took: 0,0000272 seconds
{Heap before GC invocations=2 (full 0):
 par new generation   total 109248K, used 101334K [0x00000000e0000000, 0x00000000e8000000, 0x00000000e8000000)
  eden space 87424K, 100% used [0x00000000e0000000, 0x00000000e5560000, 0x00000000e5560000)
  from space 21824K,  63% used [0x00000000e5560000, 0x00000000e62f5b40, 0x00000000e6ab0000)
  to   space 21824K,   0% used [0x00000000e6ab0000, 0x00000000e6ab0000, 0x00000000e8000000)
 concurrent mark-sweep generation total 393216K, used 0K [0x00000000e8000000, 0x0000000100000000, 0x0000000100000000)
 Metaspace       used 25452K, capacity 25880K, committed 26188K, reserved 1073152K
  class space    used 2965K, capacity 3092K, committed 3148K, reserved 1048576K
2016-11-01T17:47:09.179+0100: 2,533: [GC (Allocation Failure) 2016-11-01T17:47:09.179+0100: 2,533: [ParNew
Desired survivor size 20112992 bytes, new threshold 8 (max 8)
- age   1:    7422920 bytes,    7422920 total
- age   2:     703648 bytes,    8126568 total
- age   3:    5775824 bytes,   13902392 total
: 101334K->15694K(109248K), 0,0141959 secs] 101334K->15694K(502464K), 0,0142542 secs] [Times: user=0,04 sys=0,00, real=0,01 secs] 
Heap after GC invocations=3 (full 0):
 par new generation   total 109248K, used 15694K [0x00000000e0000000, 0x00000000e8000000, 0x00000000e8000000)
  eden space 87424K,   0% used [0x00000000e0000000, 0x00000000e0000000, 0x00000000e5560000)
  from space 21824K,  71% used [0x00000000e6ab0000, 0x00000000e7a038e0, 0x00000000e8000000)
  to   space 21824K,   0% used [0x00000000e5560000, 0x00000000e5560000, 0x00000000e6ab0000)
 concurrent mark-sweep generation total 393216K, used 0K [0x00000000e8000000, 0x0000000100000000, 0x0000000100000000)
 Metaspace       used 25452K, capacity 25880K, committed 26188K, reserved 1073152K
  class space    used 2965K, capacity 3092K, committed 3148K, reserved 1048576K
}
2016-11-01T17:47:09.193+0100: 2,547: Total time for which application threads were stopped: 0,0144574 seconds, Stopping threads took: 0,0000253 seconds
2016-11-01T17:47:09.193+0100: 2,547: [GC (CMS Initial Mark) [1 CMS-initial-mark: 0K(393216K)] 15694K(502464K), 0,0039436 secs] [Times: user=0,01 sys=0,00, real=0,01 secs] 
2016-11-01T17:47:09.197+0100: 2,551: Total time for which application threads were stopped: 0,0040794 seconds, Stopping threads took: 0,0000398 seconds
2016-11-01T17:47:09.197+0100: 2,551: [CMS-concurrent-mark-start]
2016-11-01T17:47:09.198+0100: 2,552: [CMS-concurrent-mark: 0,001/0,001 secs] [Times: user=0,00 sys=0,00, real=0,00 secs] 
2016-11-01T17:47:09.198+0100: 2,552: [CMS-concurrent-preclean-start]
2016-11-01T17:47:09.199+0100: 2,553: [CMS-concurrent-preclean: 0,001/0,001 secs] [Times: user=0,01 sys=0,00, real=0,00 secs] 
2016-11-01T17:47:09.199+0100: 2,553: [GC (CMS Final Remark) [YG occupancy: 17060 K (109248 K)]{Heap before GC invocations=3 (full 1):
 par new generation   total 109248K, used 17060K [0x00000000e0000000, 0x00000000e8000000, 0x00000000e8000000)
  eden space 87424K,   1% used [0x00000000e0000000, 0x00000000e0155a48, 0x00000000e5560000)
  from space 21824K,  71% used [0x00000000e6ab0000, 0x00000000e7a038e0, 0x00000000e8000000)
  to   space 21824K,   0% used [0x00000000e5560000, 0x00000000e5560000, 0x00000000e6ab0000)
 concurrent mark-sweep generation total 393216K, used 0K [0x00000000e8000000, 0x0000000100000000, 0x0000000100000000)
 Metaspace       used 25476K, capacity 25880K, committed 26188K, reserved 1073152K
  class space    used 2967K, capacity 3092K, committed 3148K, reserved 1048576K
2016-11-01T17:47:09.199+0100: 2,553: [GC (CMS Final Remark) 2016-11-01T17:47:09.199+0100: 2,553: [ParNew
Desired survivor size 20112992 bytes, new threshold 8 (max 8)
- age   1:      47416 bytes,      47416 total
- age   2:    3273720 bytes,    3321136 total
- age   3:     702080 bytes,    4023216 total
- age   4:    5775200 bytes,    9798416 total
: 17060K->14361K(109248K), 0,0092963 secs] 17060K->14361K(502464K), 0,0093339 secs] [Times: user=0,03 sys=0,00, real=0,01 secs] 
Heap after GC invocations=4 (full 1):
 par new generation   total 109248K, used 14361K [0x00000000e0000000, 0x00000000e8000000, 0x00000000e8000000)
  eden space 87424K,   0% used [0x00000000e0000000, 0x00000000e0000000, 0x00000000e5560000)
  from space 21824K,  65% used [0x00000000e5560000, 0x00000000e6366410, 0x00000000e6ab0000)
  to   space 21824K,   0% used [0x00000000e6ab0000, 0x00000000e6ab0000, 0x00000000e8000000)
 concurrent mark-sweep generation total 393216K, used 0K [0x00000000e8000000, 0x0000000100000000, 0x0000000100000000)
 Metaspace       used 25476K, capacity 25880K, committed 26188K, reserved 1073152K
  class space    used 2967K, capacity 3092K, committed 3148K, reserved 1048576K
}
2016-11-01T17:47:09.209+0100: 2,563: [Rescan (parallel) , 0,0041172 secs]2016-11-01T17:47:09.213+0100: 2,567: [weak refs processing, 0,0010203 secs]2016-11-01T17:47:09.214+0100: 2,568: [class unloading, 0,0043768 secs]2016-11-01T17:47:09.218+0100: 2,572: [scrub symbol table, 0,0052572 secs]2016-11-01T17:47:09.224+0100: 2,578: [scrub string table, 0,0004988 secs][1 CMS-remark: 0K(393216K)] 14361K(502464K), 0,0332729 secs] [Times: user=0,06 sys=0,00, real=0,03 secs] 
2016-11-01T17:47:09.233+0100: 2,587: Total time for which application threads were stopped: 0,0334065 seconds, Stopping threads took: 0,0000413 seconds
2016-11-01T17:47:09.233+0100: 2,587: [CMS-concurrent-sweep-start]
2016-11-01T17:47:09.233+0100: 2,587: [CMS-concurrent-sweep: 0,000/0,000 secs] [Times: user=0,00 sys=0,00, real=0,00 secs] 
2016-11-01T17:47:09.233+0100: 2,587: [CMS-concurrent-reset-start]
2016-11-01T17:47:09.234+0100: 2,588: [CMS-concurrent-reset: 0,001/0,001 secs] [Times: user=0,00 sys=0,00, real=0,00 secs] 
2016-11-01T17:47:10.233+0100: 3,587: Total time for which application threads were stopped: 0,0000843 seconds, Stopping threads took: 0,0000163 seconds
2016-11-01T17:47:10.693+0100: 4,047: Total time for which application threads were stopped: 0,0002729 seconds, Stopping threads took: 0,0000155 seconds
2016-11-01T17:47:17.234+0100: 10,588: Total time for which application threads were stopped: 0,0001522 seconds, Stopping threads took: 0,0000241 seconds
Heap
 par new generation   total 109248K, used 41356K [0x00000000e0000000, 0x00000000e8000000, 0x00000000e8000000)
  eden space 87424K,  30% used [0x00000000e0000000, 0x00000000e1a5cd50, 0x00000000e5560000)
  from space 21824K,  65% used [0x00000000e5560000, 0x00000000e6366410, 0x00000000e6ab0000)
  to   space 21824K,   0% used [0x00000000e6ab0000, 0x00000000e6ab0000, 0x00000000e8000000)
 concurrent mark-sweep generation total 393216K, used 0K [0x00000000e8000000, 0x0000000100000000, 0x0000000100000000)
 Metaspace       used 27052K, capacity 27542K, committed 27980K, reserved 1073152K
  class space    used 3165K, capacity 3321K, committed 3404K, reserved 1048576K
