OpenJDK 64-Bit Server VM (25.111-b14) for linux-amd64 JRE (1.8.0_111-8u111-b14-2ubuntu0.16.04.2-b14), built on Oct 27 2016 18:10:19 by "buildd" with gcc 5.4.0 20160609
Memory: 4k page, physical 7867876k(7555660k free), swap 8076284k(8076284k free)
CommandLine flags: -XX:CMSInitiatingOccupancyFraction=50 -XX:CMSMaxAbortablePrecleanTime=6000 -XX:+CMSParallelRemarkEnabled -XX:+CMSScavengeBeforeRemark -XX:ConcGCThreads=4 -XX:InitialHeapSize=536870912 -XX:MaxHeapSize=536870912 -XX:MaxTenuringThreshold=8 -XX:NewRatio=3 -XX:OldPLABSize=16 -XX:OnOutOfMemoryError=/opt/solr/bin/oom_solr.sh 8983 /var/solr/logs -XX:ParallelGCThreads=4 -XX:+ParallelRefProcEnabled -XX:PretenureSizeThreshold=67108864 -XX:+PrintGC -XX:+PrintGCApplicationStoppedTime -XX:+PrintGCDateStamps -XX:+PrintGCDetails -XX:+PrintGCTimeStamps -XX:+PrintHeapAtGC -XX:+PrintTenuringDistribution -XX:SurvivorRatio=4 -XX:TargetSurvivorRatio=90 -XX:ThreadStackSize=256 -XX:+UseCMSInitiatingOccupancyOnly -XX:+UseCompressedClassPointers -XX:+UseCompressedOops -XX:+UseConcMarkSweepGC -XX:+UseParNewGC 
2016-11-06T08:47:28.109+0100: 0,158: Total time for which application threads were stopped: 0,0000710 seconds, Stopping threads took: 0,0000096 seconds
2016-11-06T08:47:28.210+0100: 0,260: Total time for which application threads were stopped: 0,0001297 seconds, Stopping threads took: 0,0000253 seconds
2016-11-06T08:47:28.242+0100: 0,291: Total time for which application threads were stopped: 0,0000858 seconds, Stopping threads took: 0,0000158 seconds
2016-11-06T08:47:28.519+0100: 0,569: Total time for which application threads were stopped: 0,0001739 seconds, Stopping threads took: 0,0000375 seconds
2016-11-06T08:47:28.903+0100: 0,953: Total time for which application threads were stopped: 0,0001617 seconds, Stopping threads took: 0,0000139 seconds
2016-11-06T08:47:28.971+0100: 1,021: Total time for which application threads were stopped: 0,0001186 seconds, Stopping threads took: 0,0000123 seconds
2016-11-06T08:47:28.990+0100: 1,039: Total time for which application threads were stopped: 0,0001445 seconds, Stopping threads took: 0,0000226 seconds
2016-11-06T08:47:29.237+0100: 1,286: Total time for which application threads were stopped: 0,0002216 seconds, Stopping threads took: 0,0000246 seconds
2016-11-06T08:47:29.504+0100: 1,554: Total time for which application threads were stopped: 0,0002094 seconds, Stopping threads took: 0,0000227 seconds
2016-11-06T08:47:29.539+0100: 1,589: Total time for which application threads were stopped: 0,0001996 seconds, Stopping threads took: 0,0000203 seconds
2016-11-06T08:47:29.542+0100: 1,592: Total time for which application threads were stopped: 0,0005832 seconds, Stopping threads took: 0,0000352 seconds
2016-11-06T08:47:29.561+0100: 1,611: Total time for which application threads were stopped: 0,0001840 seconds, Stopping threads took: 0,0000235 seconds
2016-11-06T08:47:29.659+0100: 1,709: Total time for which application threads were stopped: 0,0010744 seconds, Stopping threads took: 0,0000310 seconds
2016-11-06T08:47:29.857+0100: 1,906: Total time for which application threads were stopped: 0,0002987 seconds, Stopping threads took: 0,0000560 seconds
{Heap before GC invocations=0 (full 0):
 par new generation   total 109248K, used 87424K [0x00000000e0000000, 0x00000000e8000000, 0x00000000e8000000)
  eden space 87424K, 100% used [0x00000000e0000000, 0x00000000e5560000, 0x00000000e5560000)
  from space 21824K,   0% used [0x00000000e5560000, 0x00000000e5560000, 0x00000000e6ab0000)
  to   space 21824K,   0% used [0x00000000e6ab0000, 0x00000000e6ab0000, 0x00000000e8000000)
 concurrent mark-sweep generation total 393216K, used 0K [0x00000000e8000000, 0x0000000100000000, 0x0000000100000000)
 Metaspace       used 17722K, capacity 18014K, committed 18304K, reserved 1064960K
  class space    used 2007K, capacity 2130K, committed 2176K, reserved 1048576K
2016-11-06T08:47:29.970+0100: 2,020: [GC (Allocation Failure) 2016-11-06T08:47:29.970+0100: 2,020: [ParNew
Desired survivor size 20112992 bytes, new threshold 8 (max 8)
- age   1:   11988848 bytes,   11988848 total
: 87424K->11814K(109248K), 0,0160872 secs] 87424K->11814K(502464K), 0,0161733 secs] [Times: user=0,03 sys=0,03, real=0,02 secs] 
Heap after GC invocations=1 (full 0):
 par new generation   total 109248K, used 11814K [0x00000000e0000000, 0x00000000e8000000, 0x00000000e8000000)
  eden space 87424K,   0% used [0x00000000e0000000, 0x00000000e0000000, 0x00000000e5560000)
  from space 21824K,  54% used [0x00000000e6ab0000, 0x00000000e7639908, 0x00000000e8000000)
  to   space 21824K,   0% used [0x00000000e5560000, 0x00000000e5560000, 0x00000000e6ab0000)
 concurrent mark-sweep generation total 393216K, used 0K [0x00000000e8000000, 0x0000000100000000, 0x0000000100000000)
 Metaspace       used 17722K, capacity 18014K, committed 18304K, reserved 1064960K
  class space    used 2007K, capacity 2130K, committed 2176K, reserved 1048576K
}
2016-11-06T08:47:29.987+0100: 2,036: Total time for which application threads were stopped: 0,0163922 seconds, Stopping threads took: 0,0000341 seconds
2016-11-06T08:47:30.249+0100: 2,299: Total time for which application threads were stopped: 0,0003861 seconds, Stopping threads took: 0,0000613 seconds
2016-11-06T08:47:30.284+0100: 2,333: Total time for which application threads were stopped: 0,0003850 seconds, Stopping threads took: 0,0000636 seconds
2016-11-06T08:47:30.319+0100: 2,369: Total time for which application threads were stopped: 0,0003903 seconds, Stopping threads took: 0,0000474 seconds
{Heap before GC invocations=1 (full 0):
 par new generation   total 109248K, used 99238K [0x00000000e0000000, 0x00000000e8000000, 0x00000000e8000000)
  eden space 87424K, 100% used [0x00000000e0000000, 0x00000000e5560000, 0x00000000e5560000)
  from space 21824K,  54% used [0x00000000e6ab0000, 0x00000000e7639908, 0x00000000e8000000)
  to   space 21824K,   0% used [0x00000000e5560000, 0x00000000e5560000, 0x00000000e6ab0000)
 concurrent mark-sweep generation total 393216K, used 0K [0x00000000e8000000, 0x0000000100000000, 0x0000000100000000)
 Metaspace       used 20385K, capacity 20726K, committed 20992K, reserved 1067008K
  class space    used 2355K, capacity 2486K, committed 2560K, reserved 1048576K
2016-11-06T08:47:30.415+0100: 2,465: [GC (Allocation Failure) 2016-11-06T08:47:30.415+0100: 2,465: [ParNew
Desired survivor size 20112992 bytes, new threshold 8 (max 8)
- age   1:    4266376 bytes,    4266376 total
- age   2:    6242880 bytes,   10509256 total
: 99238K->14802K(109248K), 0,0097419 secs] 99238K->14802K(502464K), 0,0098116 secs] [Times: user=0,04 sys=0,00, real=0,01 secs] 
Heap after GC invocations=2 (full 0):
 par new generation   total 109248K, used 14802K [0x00000000e0000000, 0x00000000e8000000, 0x00000000e8000000)
  eden space 87424K,   0% used [0x00000000e0000000, 0x00000000e0000000, 0x00000000e5560000)
  from space 21824K,  67% used [0x00000000e5560000, 0x00000000e63d4880, 0x00000000e6ab0000)
  to   space 21824K,   0% used [0x00000000e6ab0000, 0x00000000e6ab0000, 0x00000000e8000000)
 concurrent mark-sweep generation total 393216K, used 0K [0x00000000e8000000, 0x0000000100000000, 0x0000000100000000)
 Metaspace       used 20385K, capacity 20726K, committed 20992K, reserved 1067008K
  class space    used 2355K, capacity 2486K, committed 2560K, reserved 1048576K
}
2016-11-06T08:47:30.425+0100: 2,475: Total time for which application threads were stopped: 0,0099938 seconds, Stopping threads took: 0,0000315 seconds
{Heap before GC invocations=2 (full 0):
 par new generation   total 109248K, used 102226K [0x00000000e0000000, 0x00000000e8000000, 0x00000000e8000000)
  eden space 87424K, 100% used [0x00000000e0000000, 0x00000000e5560000, 0x00000000e5560000)
  from space 21824K,  67% used [0x00000000e5560000, 0x00000000e63d4880, 0x00000000e6ab0000)
  to   space 21824K,   0% used [0x00000000e6ab0000, 0x00000000e6ab0000, 0x00000000e8000000)
 concurrent mark-sweep generation total 393216K, used 0K [0x00000000e8000000, 0x0000000100000000, 0x0000000100000000)
 Metaspace       used 20842K, capacity 21198K, committed 21296K, reserved 1069056K
  class space    used 2410K, capacity 2528K, committed 2560K, reserved 1048576K
2016-11-06T08:47:30.554+0100: 2,604: [GC (Allocation Failure) 2016-11-06T08:47:30.554+0100: 2,604: [ParNew
Desired survivor size 20112992 bytes, new threshold 8 (max 8)
- age   1:    1088056 bytes,    1088056 total
- age   2:    1629840 bytes,    2717896 total
- age   3:    6240408 bytes,    8958304 total
: 102226K->11397K(109248K), 0,0149193 secs] 102226K->11397K(502464K), 0,0150164 secs] [Times: user=0,04 sys=0,00, real=0,01 secs] 
Heap after GC invocations=3 (full 0):
 par new generation   total 109248K, used 11397K [0x00000000e0000000, 0x00000000e8000000, 0x00000000e8000000)
  eden space 87424K,   0% used [0x00000000e0000000, 0x00000000e0000000, 0x00000000e5560000)
  from space 21824K,  52% used [0x00000000e6ab0000, 0x00000000e75d1700, 0x00000000e8000000)
  to   space 21824K,   0% used [0x00000000e5560000, 0x00000000e5560000, 0x00000000e6ab0000)
 concurrent mark-sweep generation total 393216K, used 0K [0x00000000e8000000, 0x0000000100000000, 0x0000000100000000)
 Metaspace       used 20842K, capacity 21198K, committed 21296K, reserved 1069056K
  class space    used 2410K, capacity 2528K, committed 2560K, reserved 1048576K
}
2016-11-06T08:47:30.569+0100: 2,619: Total time for which application threads were stopped: 0,0152694 seconds, Stopping threads took: 0,0000767 seconds
2016-11-06T08:47:30.607+0100: 2,657: Total time for which application threads were stopped: 0,0002774 seconds, Stopping threads took: 0,0001966 seconds
2016-11-06T08:47:30.667+0100: 2,716: Total time for which application threads were stopped: 0,0001266 seconds, Stopping threads took: 0,0000381 seconds
2016-11-06T08:47:30.674+0100: 2,724: Total time for which application threads were stopped: 0,0003155 seconds, Stopping threads took: 0,0000302 seconds
2016-11-06T08:47:30.696+0100: 2,745: Total time for which application threads were stopped: 0,0000901 seconds, Stopping threads took: 0,0000193 seconds
2016-11-06T08:47:30.716+0100: 2,766: Total time for which application threads were stopped: 0,0001317 seconds, Stopping threads took: 0,0000614 seconds
2016-11-06T08:47:30.774+0100: 2,823: Total time for which application threads were stopped: 0,0001243 seconds, Stopping threads took: 0,0000418 seconds
2016-11-06T08:47:30.790+0100: 2,839: Total time for which application threads were stopped: 0,0003983 seconds, Stopping threads took: 0,0000518 seconds
2016-11-06T08:47:30.801+0100: 2,851: Total time for which application threads were stopped: 0,0001318 seconds, Stopping threads took: 0,0000355 seconds
2016-11-06T08:47:30.815+0100: 2,865: Total time for which application threads were stopped: 0,0003594 seconds, Stopping threads took: 0,0000227 seconds
{Heap before GC invocations=3 (full 0):
 par new generation   total 109248K, used 98821K [0x00000000e0000000, 0x00000000e8000000, 0x00000000e8000000)
  eden space 87424K, 100% used [0x00000000e0000000, 0x00000000e5560000, 0x00000000e5560000)
  from space 21824K,  52% used [0x00000000e6ab0000, 0x00000000e75d1700, 0x00000000e8000000)
  to   space 21824K,   0% used [0x00000000e5560000, 0x00000000e5560000, 0x00000000e6ab0000)
 concurrent mark-sweep generation total 393216K, used 0K [0x00000000e8000000, 0x0000000100000000, 0x0000000100000000)
 Metaspace       used 22694K, capacity 23078K, committed 23212K, reserved 1069056K
  class space    used 2627K, capacity 2772K, committed 2840K, reserved 1048576K
2016-11-06T08:47:30.832+0100: 2,882: [GC (Allocation Failure) 2016-11-06T08:47:30.832+0100: 2,882: [ParNew
Desired survivor size 20112992 bytes, new threshold 8 (max 8)
- age   1:    2427624 bytes,    2427624 total
- age   2:     177360 bytes,    2604984 total
- age   3:     820544 bytes,    3425528 total
- age   4:    6237560 bytes,    9663088 total
: 98821K->10586K(109248K), 0,0116806 secs] 98821K->10586K(502464K), 0,0117456 secs] [Times: user=0,04 sys=0,00, real=0,01 secs] 
Heap after GC invocations=4 (full 0):
 par new generation   total 109248K, used 10586K [0x00000000e0000000, 0x00000000e8000000, 0x00000000e8000000)
  eden space 87424K,   0% used [0x00000000e0000000, 0x00000000e0000000, 0x00000000e5560000)
  from space 21824K,  48% used [0x00000000e5560000, 0x00000000e5fb6a68, 0x00000000e6ab0000)
  to   space 21824K,   0% used [0x00000000e6ab0000, 0x00000000e6ab0000, 0x00000000e8000000)
 concurrent mark-sweep generation total 393216K, used 0K [0x00000000e8000000, 0x0000000100000000, 0x0000000100000000)
 Metaspace       used 22694K, capacity 23078K, committed 23212K, reserved 1069056K
  class space    used 2627K, capacity 2772K, committed 2840K, reserved 1048576K
}
2016-11-06T08:47:30.844+0100: 2,894: Total time for which application threads were stopped: 0,0119331 seconds, Stopping threads took: 0,0000456 seconds
2016-11-06T08:47:30.844+0100: 2,894: [GC (CMS Initial Mark) [1 CMS-initial-mark: 0K(393216K)] 12329K(502464K), 0,0031335 secs] [Times: user=0,01 sys=0,00, real=0,00 secs] 
2016-11-06T08:47:30.847+0100: 2,897: Total time for which application threads were stopped: 0,0032553 seconds, Stopping threads took: 0,0000281 seconds
2016-11-06T08:47:30.847+0100: 2,897: [CMS-concurrent-mark-start]
2016-11-06T08:47:30.848+0100: 2,898: [CMS-concurrent-mark: 0,001/0,001 secs] [Times: user=0,00 sys=0,00, real=0,00 secs] 
2016-11-06T08:47:30.848+0100: 2,898: [CMS-concurrent-preclean-start]
2016-11-06T08:47:30.849+0100: 2,899: [CMS-concurrent-preclean: 0,001/0,001 secs] [Times: user=0,01 sys=0,00, real=0,00 secs] 
2016-11-06T08:47:30.849+0100: 2,899: [GC (CMS Final Remark) [YG occupancy: 12329 K (109248 K)]{Heap before GC invocations=4 (full 1):
 par new generation   total 109248K, used 12329K [0x00000000e0000000, 0x00000000e8000000, 0x00000000e8000000)
  eden space 87424K,   1% used [0x00000000e0000000, 0x00000000e01b3be0, 0x00000000e5560000)
  from space 21824K,  48% used [0x00000000e5560000, 0x00000000e5fb6a68, 0x00000000e6ab0000)
  to   space 21824K,   0% used [0x00000000e6ab0000, 0x00000000e6ab0000, 0x00000000e8000000)
 concurrent mark-sweep generation total 393216K, used 0K [0x00000000e8000000, 0x0000000100000000, 0x0000000100000000)
 Metaspace       used 22694K, capacity 23078K, committed 23212K, reserved 1069056K
  class space    used 2627K, capacity 2772K, committed 2840K, reserved 1048576K
2016-11-06T08:47:30.849+0100: 2,899: [GC (CMS Final Remark) 2016-11-06T08:47:30.849+0100: 2,899: [ParNew
Desired survivor size 20112992 bytes, new threshold 8 (max 8)
- age   1:       2032 bytes,       2032 total
- age   2:    1136616 bytes,    1138648 total
- age   3:     177384 bytes,    1316032 total
- age   4:     820544 bytes,    2136576 total
- age   5:    6236232 bytes,    8372808 total
: 12329K->12379K(109248K), 0,0159180 secs] 12329K->12379K(502464K), 0,0159582 secs] [Times: user=0,06 sys=0,00, real=0,02 secs] 
Heap after GC invocations=5 (full 1):
 par new generation   total 109248K, used 12379K [0x00000000e0000000, 0x00000000e8000000, 0x00000000e8000000)
  eden space 87424K,   0% used [0x00000000e0000000, 0x00000000e0000000, 0x00000000e5560000)
  from space 21824K,  56% used [0x00000000e6ab0000, 0x00000000e76c6ce0, 0x00000000e8000000)
  to   space 21824K,   0% used [0x00000000e5560000, 0x00000000e5560000, 0x00000000e6ab0000)
 concurrent mark-sweep generation total 393216K, used 0K [0x00000000e8000000, 0x0000000100000000, 0x0000000100000000)
 Metaspace       used 22694K, capacity 23078K, committed 23212K, reserved 1069056K
  class space    used 2627K, capacity 2772K, committed 2840K, reserved 1048576K
}
2016-11-06T08:47:30.865+0100: 2,915: [Rescan (parallel) , 0,0036549 secs]2016-11-06T08:47:30.869+0100: 2,918: [weak refs processing, 0,0017006 secs]2016-11-06T08:47:30.871+0100: 2,920: [class unloading, 0,0041241 secs]2016-11-06T08:47:30.875+0100: 2,924: [scrub symbol table, 0,0048277 secs]2016-11-06T08:47:30.880+0100: 2,929: [scrub string table, 0,0004963 secs][1 CMS-remark: 0K(393216K)] 12379K(502464K), 0,0317864 secs] [Times: user=0,10 sys=0,00, real=0,03 secs] 
2016-11-06T08:47:30.881+0100: 2,931: Total time for which application threads were stopped: 0,0319164 seconds, Stopping threads took: 0,0000424 seconds
2016-11-06T08:47:30.881+0100: 2,931: [CMS-concurrent-sweep-start]
2016-11-06T08:47:30.881+0100: 2,931: [CMS-concurrent-sweep: 0,000/0,000 secs] [Times: user=0,00 sys=0,00, real=0,00 secs] 
2016-11-06T08:47:30.881+0100: 2,931: [CMS-concurrent-reset-start]
2016-11-06T08:47:30.883+0100: 2,932: [CMS-concurrent-reset: 0,002/0,002 secs] [Times: user=0,01 sys=0,00, real=0,01 secs] 
2016-11-06T08:47:31.881+0100: 3,931: Total time for which application threads were stopped: 0,0001545 seconds, Stopping threads took: 0,0000271 seconds
2016-11-06T08:47:32.000+0100: 4,050: Total time for which application threads were stopped: 0,0002797 seconds, Stopping threads took: 0,0000168 seconds
2016-11-06T08:48:00.003+0100: 32,053: Total time for which application threads were stopped: 0,0000603 seconds, Stopping threads took: 0,0000170 seconds
2016-11-06T08:50:05.530+0100: 157,067: Total time for which application threads were stopped: 0,0001445 seconds, Stopping threads took: 0,0000526 seconds
2016-11-06T08:51:10.538+0100: 222,074: Total time for which application threads were stopped: 0,0001001 seconds, Stopping threads took: 0,0000404 seconds
2016-11-06T08:52:15.544+0100: 287,081: Total time for which application threads were stopped: 0,0001153 seconds, Stopping threads took: 0,0000452 seconds
2016-11-06T09:11:04.662+0100: 1416,199: Total time for which application threads were stopped: 0,0001149 seconds, Stopping threads took: 0,0000443 seconds
2016-11-06T09:15:00.688+0100: 1652,225: Total time for which application threads were stopped: 0,0004362 seconds, Stopping threads took: 0,0001949 seconds
2016-11-06T09:15:09.689+0100: 1661,226: Total time for which application threads were stopped: 0,0001458 seconds, Stopping threads took: 0,0000554 seconds
2016-11-06T09:26:04.762+0100: 2316,299: Total time for which application threads were stopped: 0,0000846 seconds, Stopping threads took: 0,0000350 seconds
2016-11-06T09:26:05.762+0100: 2317,299: Total time for which application threads were stopped: 0,0000759 seconds, Stopping threads took: 0,0000156 seconds
2016-11-06T09:40:40.870+0100: 3192,407: Total time for which application threads were stopped: 0,0000953 seconds, Stopping threads took: 0,0000385 seconds
2016-11-06T09:40:45.871+0100: 3197,408: Total time for which application threads were stopped: 0,0002226 seconds, Stopping threads took: 0,0000632 seconds
2016-11-06T09:44:59.899+0100: 3451,436: Total time for which application threads were stopped: 0,0000844 seconds, Stopping threads took: 0,0000313 seconds
2016-11-06T09:48:29.926+0100: 3661,463: Total time for which application threads were stopped: 0,0000826 seconds, Stopping threads took: 0,0000295 seconds
2016-11-06T09:50:29.942+0100: 3781,478: Total time for which application threads were stopped: 0,0000773 seconds, Stopping threads took: 0,0000322 seconds
2016-11-06T09:50:59.946+0100: 3811,483: Total time for which application threads were stopped: 0,0000756 seconds, Stopping threads took: 0,0000299 seconds
2016-11-06T09:51:29.950+0100: 3841,487: Total time for which application threads were stopped: 0,0001794 seconds, Stopping threads took: 0,0000557 seconds
2016-11-06T09:53:14.962+0100: 3946,498: Total time for which application threads were stopped: 0,0000937 seconds, Stopping threads took: 0,0000420 seconds
2016-11-06T09:53:39.965+0100: 3971,502: Total time for which application threads were stopped: 0,0000775 seconds, Stopping threads took: 0,0000329 seconds
2016-11-06T09:54:29.972+0100: 4021,509: Total time for which application threads were stopped: 0,0000860 seconds, Stopping threads took: 0,0000348 seconds
2016-11-06T10:01:04.022+0100: 4415,559: Total time for which application threads were stopped: 0,0021784 seconds, Stopping threads took: 0,0020972 seconds
2016-11-06T10:01:04.049+0100: 4415,586: Total time for which application threads were stopped: 0,0001485 seconds, Stopping threads took: 0,0000266 seconds
Heap
 par new generation   total 109248K, used 89436K [0x00000000e0000000, 0x00000000e8000000, 0x00000000e8000000)
  eden space 87424K,  88% used [0x00000000e0000000, 0x00000000e4b40358, 0x00000000e5560000)
  from space 21824K,  56% used [0x00000000e6ab0000, 0x00000000e76c6ce0, 0x00000000e8000000)
  to   space 21824K,   0% used [0x00000000e5560000, 0x00000000e5560000, 0x00000000e6ab0000)
 concurrent mark-sweep generation total 393216K, used 0K [0x00000000e8000000, 0x0000000100000000, 0x0000000100000000)
 Metaspace       used 27268K, capacity 27716K, committed 27928K, reserved 1073152K
  class space    used 3168K, capacity 3331K, committed 3352K, reserved 1048576K
