OpenJDK 64-Bit Server VM (25.131-b11) for linux-amd64 JRE (1.8.0_131-8u131-b11-0ubuntu1.16.04.2-b11), built on May  6 2017 02:45:27 by "buildd" with gcc 5.4.0 20160609
Memory: 4k page, physical 7867740k(7436988k free), swap 8076284k(8076284k free)
CommandLine flags: -XX:CMSInitiatingOccupancyFraction=50 -XX:CMSMaxAbortablePrecleanTime=6000 -XX:+CMSParallelRemarkEnabled -XX:+CMSScavengeBeforeRemark -XX:ConcGCThreads=4 -XX:InitialHeapSize=536870912 -XX:MaxHeapSize=536870912 -XX:MaxTenuringThreshold=8 -XX:NewRatio=3 -XX:OldPLABSize=16 -XX:OnOutOfMemoryError=/opt/solr/bin/oom_solr.sh 8983 /var/solr/logs -XX:ParallelGCThreads=4 -XX:+ParallelRefProcEnabled -XX:PretenureSizeThreshold=67108864 -XX:+PrintGC -XX:+PrintGCApplicationStoppedTime -XX:+PrintGCDateStamps -XX:+PrintGCDetails -XX:+PrintGCTimeStamps -XX:+PrintHeapAtGC -XX:+PrintTenuringDistribution -XX:SurvivorRatio=4 -XX:TargetSurvivorRatio=90 -XX:ThreadStackSize=256 -XX:+UseCMSInitiatingOccupancyOnly -XX:+UseCompressedClassPointers -XX:+UseCompressedOops -XX:+UseConcMarkSweepGC -XX:+UseParNewGC 
2017-07-21T09:18:27.973+0200: 0,165: Total time for which application threads were stopped: 0,0000648 seconds, Stopping threads took: 0,0000113 seconds
2017-07-21T09:18:28.079+0200: 0,270: Total time for which application threads were stopped: 0,0000998 seconds, Stopping threads took: 0,0000147 seconds
2017-07-21T09:18:28.090+0200: 0,281: Total time for which application threads were stopped: 0,0000919 seconds, Stopping threads took: 0,0000244 seconds
2017-07-21T09:18:28.314+0200: 0,506: Total time for which application threads were stopped: 0,0001548 seconds, Stopping threads took: 0,0000141 seconds
2017-07-21T09:18:28.707+0200: 0,898: Total time for which application threads were stopped: 0,0001874 seconds, Stopping threads took: 0,0000304 seconds
2017-07-21T09:18:28.778+0200: 0,969: Total time for which application threads were stopped: 0,0002166 seconds, Stopping threads took: 0,0000269 seconds
2017-07-21T09:18:28.816+0200: 1,007: Total time for which application threads were stopped: 0,0002028 seconds, Stopping threads took: 0,0000193 seconds
2017-07-21T09:18:29.195+0200: 1,386: Total time for which application threads were stopped: 0,0002077 seconds, Stopping threads took: 0,0000232 seconds
2017-07-21T09:18:29.435+0200: 1,626: Total time for which application threads were stopped: 0,0004441 seconds, Stopping threads took: 0,0000219 seconds
2017-07-21T09:18:29.463+0200: 1,654: Total time for which application threads were stopped: 0,0002185 seconds, Stopping threads took: 0,0000191 seconds
2017-07-21T09:18:29.501+0200: 1,692: Total time for which application threads were stopped: 0,0002320 seconds, Stopping threads took: 0,0000286 seconds
2017-07-21T09:18:29.504+0200: 1,695: Total time for which application threads were stopped: 0,0008100 seconds, Stopping threads took: 0,0000849 seconds
2017-07-21T09:18:29.519+0200: 1,710: Total time for which application threads were stopped: 0,0006435 seconds, Stopping threads took: 0,0000156 seconds
2017-07-21T09:18:29.609+0200: 1,801: Total time for which application threads were stopped: 0,0002553 seconds, Stopping threads took: 0,0000205 seconds
2017-07-21T09:18:29.793+0200: 1,984: Total time for which application threads were stopped: 0,0002841 seconds, Stopping threads took: 0,0000493 seconds
{Heap before GC invocations=0 (full 0):
 par new generation   total 109248K, used 87424K [0x00000000e0000000, 0x00000000e8000000, 0x00000000e8000000)
  eden space 87424K, 100% used [0x00000000e0000000, 0x00000000e5560000, 0x00000000e5560000)
  from space 21824K,   0% used [0x00000000e5560000, 0x00000000e5560000, 0x00000000e6ab0000)
  to   space 21824K,   0% used [0x00000000e6ab0000, 0x00000000e6ab0000, 0x00000000e8000000)
 concurrent mark-sweep generation total 393216K, used 0K [0x00000000e8000000, 0x0000000100000000, 0x0000000100000000)
 Metaspace       used 18200K, capacity 18528K, committed 18688K, reserved 1064960K
  class space    used 2058K, capacity 2196K, committed 2304K, reserved 1048576K
2017-07-21T09:18:29.903+0200: 2,094: [GC (Allocation Failure) 2017-07-21T09:18:29.903+0200: 2,094: [ParNew
Desired survivor size 20112992 bytes, new threshold 8 (max 8)
- age   1:   12803600 bytes,   12803600 total
: 87424K->12625K(109248K), 0,0173547 secs] 87424K->12625K(502464K), 0,0174426 secs] [Times: user=0,02 sys=0,04, real=0,02 secs] 
Heap after GC invocations=1 (full 0):
 par new generation   total 109248K, used 12625K [0x00000000e0000000, 0x00000000e8000000, 0x00000000e8000000)
  eden space 87424K,   0% used [0x00000000e0000000, 0x00000000e0000000, 0x00000000e5560000)
  from space 21824K,  57% used [0x00000000e6ab0000, 0x00000000e77047e8, 0x00000000e8000000)
  to   space 21824K,   0% used [0x00000000e5560000, 0x00000000e5560000, 0x00000000e6ab0000)
 concurrent mark-sweep generation total 393216K, used 0K [0x00000000e8000000, 0x0000000100000000, 0x0000000100000000)
 Metaspace       used 18200K, capacity 18528K, committed 18688K, reserved 1064960K
  class space    used 2058K, capacity 2196K, committed 2304K, reserved 1048576K
}
2017-07-21T09:18:29.921+0200: 2,112: Total time for which application threads were stopped: 0,0176764 seconds, Stopping threads took: 0,0000265 seconds
2017-07-21T09:18:30.188+0200: 2,380: Total time for which application threads were stopped: 0,0003507 seconds, Stopping threads took: 0,0000455 seconds
2017-07-21T09:18:30.239+0200: 2,431: Total time for which application threads were stopped: 0,0003705 seconds, Stopping threads took: 0,0000653 seconds
{Heap before GC invocations=1 (full 0):
 par new generation   total 109248K, used 100049K [0x00000000e0000000, 0x00000000e8000000, 0x00000000e8000000)
  eden space 87424K, 100% used [0x00000000e0000000, 0x00000000e5560000, 0x00000000e5560000)
  from space 21824K,  57% used [0x00000000e6ab0000, 0x00000000e77047e8, 0x00000000e8000000)
  to   space 21824K,   0% used [0x00000000e5560000, 0x00000000e5560000, 0x00000000e6ab0000)
 concurrent mark-sweep generation total 393216K, used 0K [0x00000000e8000000, 0x0000000100000000, 0x0000000100000000)
 Metaspace       used 20066K, capacity 20430K, committed 20736K, reserved 1067008K
  class space    used 2297K, capacity 2469K, committed 2560K, reserved 1048576K
2017-07-21T09:18:30.245+0200: 2,437: [GC (Allocation Failure) 2017-07-21T09:18:30.245+0200: 2,437: [ParNew
Desired survivor size 20112992 bytes, new threshold 8 (max 8)
- age   1:    3454224 bytes,    3454224 total
- age   2:    6701576 bytes,   10155800 total
: 100049K->13994K(109248K), 0,0182481 secs] 100049K->13994K(502464K), 0,0183119 secs] [Times: user=0,06 sys=0,00, real=0,01 secs] 
Heap after GC invocations=2 (full 0):
 par new generation   total 109248K, used 13994K [0x00000000e0000000, 0x00000000e8000000, 0x00000000e8000000)
  eden space 87424K,   0% used [0x00000000e0000000, 0x00000000e0000000, 0x00000000e5560000)
  from space 21824K,  64% used [0x00000000e5560000, 0x00000000e630aa90, 0x00000000e6ab0000)
  to   space 21824K,   0% used [0x00000000e6ab0000, 0x00000000e6ab0000, 0x00000000e8000000)
 concurrent mark-sweep generation total 393216K, used 0K [0x00000000e8000000, 0x0000000100000000, 0x0000000100000000)
 Metaspace       used 20066K, capacity 20430K, committed 20736K, reserved 1067008K
  class space    used 2297K, capacity 2469K, committed 2560K, reserved 1048576K
}
2017-07-21T09:18:30.264+0200: 2,455: Total time for which application threads were stopped: 0,0220199 seconds, Stopping threads took: 0,0035815 seconds
2017-07-21T09:18:30.309+0200: 2,500: Total time for which application threads were stopped: 0,0017384 seconds, Stopping threads took: 0,0014652 seconds
2017-07-21T09:18:30.439+0200: 2,630: Total time for which application threads were stopped: 0,0001656 seconds, Stopping threads took: 0,0000501 seconds
{Heap before GC invocations=2 (full 0):
 par new generation   total 109248K, used 101418K [0x00000000e0000000, 0x00000000e8000000, 0x00000000e8000000)
  eden space 87424K, 100% used [0x00000000e0000000, 0x00000000e5560000, 0x00000000e5560000)
  from space 21824K,  64% used [0x00000000e5560000, 0x00000000e630aa90, 0x00000000e6ab0000)
  to   space 21824K,   0% used [0x00000000e6ab0000, 0x00000000e6ab0000, 0x00000000e8000000)
 concurrent mark-sweep generation total 393216K, used 0K [0x00000000e8000000, 0x0000000100000000, 0x0000000100000000)
 Metaspace       used 21012K, capacity 21352K, committed 21628K, reserved 1069056K
  class space    used 2423K, capacity 2588K, committed 2684K, reserved 1048576K
2017-07-21T09:18:30.485+0200: 2,677: [GC (Allocation Failure) 2017-07-21T09:18:30.486+0200: 2,677: [ParNew
Desired survivor size 20112992 bytes, new threshold 8 (max 8)
- age   1:    2222560 bytes,    2222560 total
- age   2:     827648 bytes,    3050208 total
- age   3:    6689232 bytes,    9739440 total
: 101418K->11436K(109248K), 0,0171094 secs] 101418K->11436K(502464K), 0,0172017 secs] [Times: user=0,06 sys=0,00, real=0,01 secs] 
Heap after GC invocations=3 (full 0):
 par new generation   total 109248K, used 11436K [0x00000000e0000000, 0x00000000e8000000, 0x00000000e8000000)
  eden space 87424K,   0% used [0x00000000e0000000, 0x00000000e0000000, 0x00000000e5560000)
  from space 21824K,  52% used [0x00000000e6ab0000, 0x00000000e75db340, 0x00000000e8000000)
  to   space 21824K,   0% used [0x00000000e5560000, 0x00000000e5560000, 0x00000000e6ab0000)
 concurrent mark-sweep generation total 393216K, used 0K [0x00000000e8000000, 0x0000000100000000, 0x0000000100000000)
 Metaspace       used 21012K, capacity 21352K, committed 21628K, reserved 1069056K
  class space    used 2423K, capacity 2588K, committed 2684K, reserved 1048576K
}
2017-07-21T09:18:30.503+0200: 2,694: Total time for which application threads were stopped: 0,0173787 seconds, Stopping threads took: 0,0000276 seconds
2017-07-21T09:18:30.503+0200: 2,694: [GC (CMS Initial Mark) [1 CMS-initial-mark: 0K(393216K)] 12139K(502464K), 0,0044172 secs] [Times: user=0,02 sys=0,00, real=0,01 secs] 
2017-07-21T09:18:30.507+0200: 2,699: Total time for which application threads were stopped: 0,0045609 seconds, Stopping threads took: 0,0000371 seconds
2017-07-21T09:18:30.507+0200: 2,699: [CMS-concurrent-mark-start]
2017-07-21T09:18:30.508+0200: 2,699: [CMS-concurrent-mark: 0,001/0,001 secs] [Times: user=0,00 sys=0,00, real=0,00 secs] 
2017-07-21T09:18:30.508+0200: 2,700: [CMS-concurrent-preclean-start]
2017-07-21T09:18:30.509+0200: 2,701: [CMS-concurrent-preclean: 0,001/0,001 secs] [Times: user=0,00 sys=0,00, real=0,00 secs] 
2017-07-21T09:18:30.509+0200: 2,701: [CMS-concurrent-abortable-preclean-start]
2017-07-21T09:18:30.557+0200: 2,749: Total time for which application threads were stopped: 0,0027686 seconds, Stopping threads took: 0,0026655 seconds
{Heap before GC invocations=3 (full 1):
 par new generation   total 109248K, used 98860K [0x00000000e0000000, 0x00000000e8000000, 0x00000000e8000000)
  eden space 87424K, 100% used [0x00000000e0000000, 0x00000000e5560000, 0x00000000e5560000)
  from space 21824K,  52% used [0x00000000e6ab0000, 0x00000000e75db340, 0x00000000e8000000)
  to   space 21824K,   0% used [0x00000000e5560000, 0x00000000e5560000, 0x00000000e6ab0000)
 concurrent mark-sweep generation total 393216K, used 0K [0x00000000e8000000, 0x0000000100000000, 0x0000000100000000)
 Metaspace       used 21269K, capacity 21622K, committed 21884K, reserved 1069056K
  class space    used 2448K, capacity 2602K, committed 2684K, reserved 1048576K
2017-07-21T09:18:30.606+0200: 2,798: [GC (Allocation Failure) 2017-07-21T09:18:30.606+0200: 2,798: [ParNew
Desired survivor size 20112992 bytes, new threshold 8 (max 8)
- age   1:     846912 bytes,     846912 total
- age   2:    1451608 bytes,    2298520 total
- age   3:     815688 bytes,    3114208 total
- age   4:    6688800 bytes,    9803008 total
: 98860K->14984K(109248K), 0,0096071 secs] 98860K->14984K(502464K), 0,0096659 secs] [Times: user=0,03 sys=0,00, real=0,00 secs] 
Heap after GC invocations=4 (full 1):
 par new generation   total 109248K, used 14984K [0x00000000e0000000, 0x00000000e8000000, 0x00000000e8000000)
  eden space 87424K,   0% used [0x00000000e0000000, 0x00000000e0000000, 0x00000000e5560000)
  from space 21824K,  68% used [0x00000000e5560000, 0x00000000e64022d0, 0x00000000e6ab0000)
  to   space 21824K,   0% used [0x00000000e6ab0000, 0x00000000e6ab0000, 0x00000000e8000000)
 concurrent mark-sweep generation total 393216K, used 0K [0x00000000e8000000, 0x0000000100000000, 0x0000000100000000)
 Metaspace       used 21269K, capacity 21622K, committed 21884K, reserved 1069056K
  class space    used 2448K, capacity 2602K, committed 2684K, reserved 1048576K
}
2017-07-21T09:18:30.616+0200: 2,807: Total time for which application threads were stopped: 0,0098676 seconds, Stopping threads took: 0,0000624 seconds
2017-07-21T09:18:30.616+0200: 2,808: [CMS-concurrent-abortable-preclean: 0,071/0,107 secs] [Times: user=0,41 sys=0,00, real=0,10 secs] 
2017-07-21T09:18:30.620+0200: 2,812: [GC (CMS Final Remark) [YG occupancy: 17659 K (109248 K)]{Heap before GC invocations=4 (full 1):
 par new generation   total 109248K, used 17659K [0x00000000e0000000, 0x00000000e8000000, 0x00000000e8000000)
  eden space 87424K,   3% used [0x00000000e0000000, 0x00000000e029cb68, 0x00000000e5560000)
  from space 21824K,  68% used [0x00000000e5560000, 0x00000000e64022d0, 0x00000000e6ab0000)
  to   space 21824K,   0% used [0x00000000e6ab0000, 0x00000000e6ab0000, 0x00000000e8000000)
 concurrent mark-sweep generation total 393216K, used 0K [0x00000000e8000000, 0x0000000100000000, 0x0000000100000000)
 Metaspace       used 21269K, capacity 21622K, committed 21884K, reserved 1069056K
  class space    used 2448K, capacity 2602K, committed 2684K, reserved 1048576K
2017-07-21T09:18:30.620+0200: 2,812: [GC (CMS Final Remark) 2017-07-21T09:18:30.620+0200: 2,812: [ParNew
Desired survivor size 20112992 bytes, new threshold 8 (max 8)
- age   1:     609288 bytes,     609288 total
- age   2:     485672 bytes,    1094960 total
- age   3:    1451608 bytes,    2546568 total
- age   4:     815688 bytes,    3362256 total
- age   5:    6688888 bytes,   10051144 total
: 17659K->12468K(109248K), 0,0094622 secs] 17659K->12468K(502464K), 0,0095064 secs] [Times: user=0,03 sys=0,00, real=0,01 secs] 
Heap after GC invocations=5 (full 1):
 par new generation   total 109248K, used 12468K [0x00000000e0000000, 0x00000000e8000000, 0x00000000e8000000)
  eden space 87424K,   0% used [0x00000000e0000000, 0x00000000e0000000, 0x00000000e5560000)
  from space 21824K,  57% used [0x00000000e6ab0000, 0x00000000e76dd1a8, 0x00000000e8000000)
  to   space 21824K,   0% used [0x00000000e5560000, 0x00000000e5560000, 0x00000000e6ab0000)
 concurrent mark-sweep generation total 393216K, used 0K [0x00000000e8000000, 0x0000000100000000, 0x0000000100000000)
 Metaspace       used 21269K, capacity 21622K, committed 21884K, reserved 1069056K
  class space    used 2448K, capacity 2602K, committed 2684K, reserved 1048576K
}
2017-07-21T09:18:30.630+0200: 2,821: [Rescan (parallel) , 0,0033319 secs]2017-07-21T09:18:30.633+0200: 2,825: [weak refs processing, 0,0006251 secs]2017-07-21T09:18:30.634+0200: 2,825: [class unloading, 0,0028036 secs]2017-07-21T09:18:30.637+0200: 2,828: [scrub symbol table, 0,0025112 secs]2017-07-21T09:18:30.639+0200: 2,831: [scrub string table, 0,0003661 secs][1 CMS-remark: 0K(393216K)] 12468K(502464K), 0,0198270 secs] [Times: user=0,05 sys=0,00, real=0,02 secs] 
2017-07-21T09:18:30.640+0200: 2,832: Total time for which application threads were stopped: 0,0201930 seconds, Stopping threads took: 0,0002732 seconds
2017-07-21T09:18:30.640+0200: 2,832: [CMS-concurrent-sweep-start]
2017-07-21T09:18:30.640+0200: 2,832: [CMS-concurrent-sweep: 0,000/0,000 secs] [Times: user=0,00 sys=0,00, real=0,00 secs] 
2017-07-21T09:18:30.640+0200: 2,832: [CMS-concurrent-reset-start]
2017-07-21T09:18:30.643+0200: 2,834: [CMS-concurrent-reset: 0,003/0,003 secs] [Times: user=0,00 sys=0,00, real=0,00 secs] 
{Heap before GC invocations=5 (full 1):
 par new generation   total 109248K, used 99892K [0x00000000e0000000, 0x00000000e8000000, 0x00000000e8000000)
  eden space 87424K, 100% used [0x00000000e0000000, 0x00000000e5560000, 0x00000000e5560000)
  from space 21824K,  57% used [0x00000000e6ab0000, 0x00000000e76dd1a8, 0x00000000e8000000)
  to   space 21824K,   0% used [0x00000000e5560000, 0x00000000e5560000, 0x00000000e6ab0000)
 concurrent mark-sweep generation total 393216K, used 0K [0x00000000e8000000, 0x0000000100000000, 0x0000000100000000)
 Metaspace       used 21437K, capacity 21800K, committed 21884K, reserved 1069056K
  class space    used 2468K, capacity 2637K, committed 2684K, reserved 1048576K
2017-07-21T09:18:30.727+0200: 2,919: [GC (Allocation Failure) 2017-07-21T09:18:30.727+0200: 2,919: [ParNew
Desired survivor size 20112992 bytes, new threshold 8 (max 8)
- age   1:     729208 bytes,     729208 total
- age   2:       2704 bytes,     731912 total
- age   3:     180584 bytes,     912496 total
- age   4:    1450448 bytes,    2362944 total
- age   5:     813720 bytes,    3176664 total
- age   6:    6689024 bytes,    9865688 total
: 99892K->14866K(109248K), 0,0099686 secs] 99892K->14866K(502464K), 0,0100419 secs] [Times: user=0,03 sys=0,00, real=0,01 secs] 
Heap after GC invocations=6 (full 1):
 par new generation   total 109248K, used 14866K [0x00000000e0000000, 0x00000000e8000000, 0x00000000e8000000)
  eden space 87424K,   0% used [0x00000000e0000000, 0x00000000e0000000, 0x00000000e5560000)
  from space 21824K,  68% used [0x00000000e5560000, 0x00000000e63e49e0, 0x00000000e6ab0000)
  to   space 21824K,   0% used [0x00000000e6ab0000, 0x00000000e6ab0000, 0x00000000e8000000)
 concurrent mark-sweep generation total 393216K, used 0K [0x00000000e8000000, 0x0000000100000000, 0x0000000100000000)
 Metaspace       used 21437K, capacity 21800K, committed 21884K, reserved 1069056K
  class space    used 2468K, capacity 2637K, committed 2684K, reserved 1048576K
}
2017-07-21T09:18:30.737+0200: 2,929: Total time for which application threads were stopped: 0,0102455 seconds, Stopping threads took: 0,0000544 seconds
2017-07-21T09:18:30.763+0200: 2,954: Total time for which application threads were stopped: 0,0003061 seconds, Stopping threads took: 0,0000264 seconds
2017-07-21T09:18:31.006+0200: 3,198: Total time for which application threads were stopped: 0,0004361 seconds, Stopping threads took: 0,0000228 seconds
2017-07-21T09:18:31.024+0200: 3,215: Total time for which application threads were stopped: 0,0026389 seconds, Stopping threads took: 0,0022699 seconds
{Heap before GC invocations=6 (full 1):
 par new generation   total 109248K, used 102290K [0x00000000e0000000, 0x00000000e8000000, 0x00000000e8000000)
  eden space 87424K, 100% used [0x00000000e0000000, 0x00000000e5560000, 0x00000000e5560000)
  from space 21824K,  68% used [0x00000000e5560000, 0x00000000e63e49e0, 0x00000000e6ab0000)
  to   space 21824K,   0% used [0x00000000e6ab0000, 0x00000000e6ab0000, 0x00000000e8000000)
 concurrent mark-sweep generation total 393216K, used 0K [0x00000000e8000000, 0x0000000100000000, 0x0000000100000000)
 Metaspace       used 23907K, capacity 24394K, committed 24572K, reserved 1071104K
  class space    used 2820K, capacity 3012K, committed 3068K, reserved 1048576K
2017-07-21T09:18:31.209+0200: 3,400: [GC (Allocation Failure) 2017-07-21T09:18:31.209+0200: 3,400: [ParNew
Desired survivor size 20112992 bytes, new threshold 8 (max 8)
- age   1:    5203680 bytes,    5203680 total
- age   2:     157088 bytes,    5360768 total
- age   3:       2704 bytes,    5363472 total
- age   4:     179944 bytes,    5543416 total
- age   5:     281480 bytes,    5824896 total
- age   6:     787544 bytes,    6612440 total
- age   7:    6680552 bytes,   13292992 total
: 102290K->14730K(109248K), 0,0115098 secs] 102290K->14730K(502464K), 0,0115788 secs] [Times: user=0,05 sys=0,00, real=0,01 secs] 
Heap after GC invocations=7 (full 1):
 par new generation   total 109248K, used 14730K [0x00000000e0000000, 0x00000000e8000000, 0x00000000e8000000)
  eden space 87424K,   0% used [0x00000000e0000000, 0x00000000e0000000, 0x00000000e5560000)
  from space 21824K,  67% used [0x00000000e6ab0000, 0x00000000e7912810, 0x00000000e8000000)
  to   space 21824K,   0% used [0x00000000e5560000, 0x00000000e5560000, 0x00000000e6ab0000)
 concurrent mark-sweep generation total 393216K, used 0K [0x00000000e8000000, 0x0000000100000000, 0x0000000100000000)
 Metaspace       used 23907K, capacity 24394K, committed 24572K, reserved 1071104K
  class space    used 2820K, capacity 3012K, committed 3068K, reserved 1048576K
}
2017-07-21T09:18:31.221+0200: 3,412: Total time for which application threads were stopped: 0,0118741 seconds, Stopping threads took: 0,0000964 seconds
{Heap before GC invocations=7 (full 1):
 par new generation   total 109248K, used 102154K [0x00000000e0000000, 0x00000000e8000000, 0x00000000e8000000)
  eden space 87424K, 100% used [0x00000000e0000000, 0x00000000e5560000, 0x00000000e5560000)
  from space 21824K,  67% used [0x00000000e6ab0000, 0x00000000e7912810, 0x00000000e8000000)
  to   space 21824K,   0% used [0x00000000e5560000, 0x00000000e5560000, 0x00000000e6ab0000)
 concurrent mark-sweep generation total 393216K, used 0K [0x00000000e8000000, 0x0000000100000000, 0x0000000100000000)
 Metaspace       used 24449K, capacity 24960K, committed 25084K, reserved 1071104K
  class space    used 2863K, capacity 3048K, committed 3068K, reserved 1048576K
2017-07-21T09:18:31.314+0200: 3,505: [GC (Allocation Failure) 2017-07-21T09:18:31.314+0200: 3,505: [ParNew
Desired survivor size 20112992 bytes, new threshold 8 (max 8)
- age   1:    2080528 bytes,    2080528 total
- age   2:    1790912 bytes,    3871440 total
- age   3:      81312 bytes,    3952752 total
- age   5:      92744 bytes,    4045496 total
- age   6:     181448 bytes,    4226944 total
- age   7:     744576 bytes,    4971520 total
- age   8:    6147200 bytes,   11118720 total
: 102154K->19020K(109248K), 0,0168018 secs] 102154K->19020K(502464K), 0,0168781 secs] [Times: user=0,06 sys=0,00, real=0,02 secs] 
Heap after GC invocations=8 (full 1):
 par new generation   total 109248K, used 19020K [0x00000000e0000000, 0x00000000e8000000, 0x00000000e8000000)
  eden space 87424K,   0% used [0x00000000e0000000, 0x00000000e0000000, 0x00000000e5560000)
  from space 21824K,  87% used [0x00000000e5560000, 0x00000000e67f33e0, 0x00000000e6ab0000)
  to   space 21824K,   0% used [0x00000000e6ab0000, 0x00000000e6ab0000, 0x00000000e8000000)
 concurrent mark-sweep generation total 393216K, used 0K [0x00000000e8000000, 0x0000000100000000, 0x0000000100000000)
 Metaspace       used 24449K, capacity 24960K, committed 25084K, reserved 1071104K
  class space    used 2863K, capacity 3048K, committed 3068K, reserved 1048576K
}
2017-07-21T09:18:31.330+0200: 3,522: Total time for which application threads were stopped: 0,0206748 seconds, Stopping threads took: 0,0036309 seconds
{Heap before GC invocations=8 (full 1):
 par new generation   total 109248K, used 106444K [0x00000000e0000000, 0x00000000e8000000, 0x00000000e8000000)
  eden space 87424K, 100% used [0x00000000e0000000, 0x00000000e5560000, 0x00000000e5560000)
  from space 21824K,  87% used [0x00000000e5560000, 0x00000000e67f33e0, 0x00000000e6ab0000)
  to   space 21824K,   0% used [0x00000000e6ab0000, 0x00000000e6ab0000, 0x00000000e8000000)
 concurrent mark-sweep generation total 393216K, used 0K [0x00000000e8000000, 0x0000000100000000, 0x0000000100000000)
 Metaspace       used 24624K, capacity 25130K, committed 25468K, reserved 1071104K
  class space    used 2880K, capacity 3082K, committed 3196K, reserved 1048576K
2017-07-21T09:18:31.403+0200: 3,595: [GC (Allocation Failure) 2017-07-21T09:18:31.403+0200: 3,595: [ParNew
Desired survivor size 20112992 bytes, new threshold 8 (max 8)
- age   1:     803464 bytes,     803464 total
- age   2:     624760 bytes,    1428224 total
- age   3:    1768784 bytes,    3197008 total
- age   4:      81312 bytes,    3278320 total
- age   6:      92744 bytes,    3371064 total
- age   7:     181448 bytes,    3552512 total
- age   8:     744576 bytes,    4297088 total
: 106444K->6789K(109248K), 0,0272547 secs] 106444K->12876K(502464K), 0,0273343 secs] [Times: user=0,09 sys=0,00, real=0,03 secs] 
Heap after GC invocations=9 (full 1):
 par new generation   total 109248K, used 6789K [0x00000000e0000000, 0x00000000e8000000, 0x00000000e8000000)
  eden space 87424K,   0% used [0x00000000e0000000, 0x00000000e0000000, 0x00000000e5560000)
  from space 21824K,  31% used [0x00000000e6ab0000, 0x00000000e7151710, 0x00000000e8000000)
  to   space 21824K,   0% used [0x00000000e5560000, 0x00000000e5560000, 0x00000000e6ab0000)
 concurrent mark-sweep generation total 393216K, used 6086K [0x00000000e8000000, 0x0000000100000000, 0x0000000100000000)
 Metaspace       used 24624K, capacity 25130K, committed 25468K, reserved 1071104K
  class space    used 2880K, capacity 3082K, committed 3196K, reserved 1048576K
}
2017-07-21T09:18:31.431+0200: 3,622: Total time for which application threads were stopped: 0,0286166 seconds, Stopping threads took: 0,0011019 seconds
2017-07-21T09:18:31.721+0200: 3,912: Total time for which application threads were stopped: 0,0004141 seconds, Stopping threads took: 0,0000179 seconds
2017-07-21T09:18:31.740+0200: 3,931: Total time for which application threads were stopped: 0,0005476 seconds, Stopping threads took: 0,0000396 seconds
2017-07-21T09:18:31.796+0200: 3,987: Total time for which application threads were stopped: 0,0004686 seconds, Stopping threads took: 0,0000525 seconds
2017-07-21T09:18:31.864+0200: 4,056: Total time for which application threads were stopped: 0,0006173 seconds, Stopping threads took: 0,0001625 seconds
2017-07-21T09:18:31.880+0200: 4,071: Total time for which application threads were stopped: 0,0001703 seconds, Stopping threads took: 0,0000842 seconds
2017-07-21T09:18:31.893+0200: 4,085: Total time for which application threads were stopped: 0,0001385 seconds, Stopping threads took: 0,0000719 seconds
2017-07-21T09:18:31.894+0200: 4,085: Total time for which application threads were stopped: 0,0000704 seconds, Stopping threads took: 0,0000144 seconds
2017-07-21T09:18:31.895+0200: 4,087: Total time for which application threads were stopped: 0,0000956 seconds, Stopping threads took: 0,0000290 seconds
2017-07-21T09:18:31.896+0200: 4,088: Total time for which application threads were stopped: 0,0000864 seconds, Stopping threads took: 0,0000162 seconds
2017-07-21T09:18:31.902+0200: 4,093: Total time for which application threads were stopped: 0,0001268 seconds, Stopping threads took: 0,0000276 seconds
2017-07-21T09:18:31.902+0200: 4,094: Total time for which application threads were stopped: 0,0000821 seconds, Stopping threads took: 0,0000123 seconds
2017-07-21T09:18:31.903+0200: 4,095: Total time for which application threads were stopped: 0,0000939 seconds, Stopping threads took: 0,0000163 seconds
2017-07-21T09:18:31.903+0200: 4,095: Total time for which application threads were stopped: 0,0000834 seconds, Stopping threads took: 0,0000250 seconds
2017-07-21T09:18:31.904+0200: 4,095: Total time for which application threads were stopped: 0,0000803 seconds, Stopping threads took: 0,0000101 seconds
2017-07-21T09:18:31.904+0200: 4,096: Total time for which application threads were stopped: 0,0003988 seconds, Stopping threads took: 0,0000099 seconds
2017-07-21T09:18:31.905+0200: 4,096: Total time for which application threads were stopped: 0,0000950 seconds, Stopping threads took: 0,0000389 seconds
2017-07-21T09:18:31.910+0200: 4,102: Total time for which application threads were stopped: 0,0001366 seconds, Stopping threads took: 0,0000593 seconds
2017-07-21T09:18:31.912+0200: 4,103: Total time for which application threads were stopped: 0,0001086 seconds, Stopping threads took: 0,0000358 seconds
2017-07-21T09:18:31.912+0200: 4,104: Total time for which application threads were stopped: 0,0000894 seconds, Stopping threads took: 0,0000259 seconds
2017-07-21T09:18:31.913+0200: 4,104: Total time for which application threads were stopped: 0,0001061 seconds, Stopping threads took: 0,0000595 seconds
2017-07-21T09:18:31.914+0200: 4,105: Total time for which application threads were stopped: 0,0000782 seconds, Stopping threads took: 0,0000218 seconds
2017-07-21T09:18:31.914+0200: 4,106: Total time for which application threads were stopped: 0,0000580 seconds, Stopping threads took: 0,0000130 seconds
2017-07-21T09:18:31.919+0200: 4,111: Total time for which application threads were stopped: 0,0001050 seconds, Stopping threads took: 0,0000289 seconds
2017-07-21T09:18:31.921+0200: 4,112: Total time for which application threads were stopped: 0,0001381 seconds, Stopping threads took: 0,0000637 seconds
2017-07-21T09:18:31.921+0200: 4,113: Total time for which application threads were stopped: 0,0001087 seconds, Stopping threads took: 0,0000314 seconds
2017-07-21T09:18:31.922+0200: 4,113: Total time for which application threads were stopped: 0,0000594 seconds, Stopping threads took: 0,0000095 seconds
2017-07-21T09:18:31.924+0200: 4,116: Total time for which application threads were stopped: 0,0002121 seconds, Stopping threads took: 0,0000684 seconds
2017-07-21T09:18:31.924+0200: 4,116: Total time for which application threads were stopped: 0,0001344 seconds, Stopping threads took: 0,0000964 seconds
2017-07-21T09:18:31.925+0200: 4,116: Total time for which application threads were stopped: 0,0000978 seconds, Stopping threads took: 0,0000268 seconds
2017-07-21T09:18:31.925+0200: 4,117: Total time for which application threads were stopped: 0,0001097 seconds, Stopping threads took: 0,0000562 seconds
2017-07-21T09:18:31.927+0200: 4,118: Total time for which application threads were stopped: 0,0000812 seconds, Stopping threads took: 0,0000144 seconds
2017-07-21T09:18:31.928+0200: 4,119: Total time for which application threads were stopped: 0,0000474 seconds, Stopping threads took: 0,0000131 seconds
2017-07-21T09:18:31.929+0200: 4,120: Total time for which application threads were stopped: 0,0000490 seconds, Stopping threads took: 0,0000105 seconds
2017-07-21T09:25:31.158+0200: 121,967: Total time for which application threads were stopped: 0,0001362 seconds, Stopping threads took: 0,0000517 seconds
2017-07-21T09:25:36.159+0200: 126,968: Total time for which application threads were stopped: 0,0000651 seconds, Stopping threads took: 0,0000161 seconds
{Heap before GC invocations=9 (full 1):
 par new generation   total 109248K, used 94213K [0x00000000e0000000, 0x00000000e8000000, 0x00000000e8000000)
  eden space 87424K, 100% used [0x00000000e0000000, 0x00000000e5560000, 0x00000000e5560000)
  from space 21824K,  31% used [0x00000000e6ab0000, 0x00000000e7151710, 0x00000000e8000000)
  to   space 21824K,   0% used [0x00000000e5560000, 0x00000000e5560000, 0x00000000e6ab0000)
 concurrent mark-sweep generation total 393216K, used 6086K [0x00000000e8000000, 0x0000000100000000, 0x0000000100000000)
 Metaspace       used 28015K, capacity 28564K, committed 28796K, reserved 1075200K
  class space    used 3212K, capacity 3389K, committed 3452K, reserved 1048576K
2017-07-21T09:26:26.150+0200: 176,960: [GC (Allocation Failure) 2017-07-21T09:26:26.150+0200: 176,960: [ParNew
Desired survivor size 20112992 bytes, new threshold 8 (max 8)
- age   1:   10992184 bytes,   10992184 total
- age   2:     278344 bytes,   11270528 total
- age   3:     233856 bytes,   11504384 total
- age   4:    1760048 bytes,   13264432 total
- age   5:      81312 bytes,   13345744 total
- age   7:      92520 bytes,   13438264 total
- age   8:     180952 bytes,   13619216 total
: 94213K->15068K(109248K), 0,0163548 secs] 100300K->21971K(502464K), 0,0164719 secs] [Times: user=0,06 sys=0,00, real=0,01 secs] 
Heap after GC invocations=10 (full 1):
 par new generation   total 109248K, used 15068K [0x00000000e0000000, 0x00000000e8000000, 0x00000000e8000000)
  eden space 87424K,   0% used [0x00000000e0000000, 0x00000000e0000000, 0x00000000e5560000)
  from space 21824K,  69% used [0x00000000e5560000, 0x00000000e64173c8, 0x00000000e6ab0000)
  to   space 21824K,   0% used [0x00000000e6ab0000, 0x00000000e6ab0000, 0x00000000e8000000)
 concurrent mark-sweep generation total 393216K, used 6902K [0x00000000e8000000, 0x0000000100000000, 0x0000000100000000)
 Metaspace       used 28015K, capacity 28564K, committed 28796K, reserved 1075200K
  class space    used 3212K, capacity 3389K, committed 3452K, reserved 1048576K
}
2017-07-21T09:26:26.167+0200: 176,976: Total time for which application threads were stopped: 0,0168933 seconds, Stopping threads took: 0,0002022 seconds
2017-07-21T09:26:36.169+0200: 186,979: Total time for which application threads were stopped: 0,0001928 seconds, Stopping threads took: 0,0000800 seconds
2017-07-21T09:28:06.184+0200: 276,993: Total time for which application threads were stopped: 0,0000977 seconds, Stopping threads took: 0,0000331 seconds
2017-07-21T09:47:11.336+0200: 1422,145: Total time for which application threads were stopped: 0,0000803 seconds, Stopping threads took: 0,0000296 seconds
2017-07-21T09:51:36.369+0200: 1687,178: Total time for which application threads were stopped: 0,0000792 seconds, Stopping threads took: 0,0000260 seconds
2017-07-21T10:02:26.460+0200: 2337,269: Total time for which application threads were stopped: 0,0005843 seconds, Stopping threads took: 0,0002816 seconds
2017-07-21T10:22:11.625+0200: 3522,434: Total time for which application threads were stopped: 0,0001793 seconds, Stopping threads took: 0,0000618 seconds
2017-07-21T10:27:26.676+0200: 3837,486: Total time for which application threads were stopped: 0,0001054 seconds, Stopping threads took: 0,0000430 seconds
2017-07-21T10:27:31.677+0200: 3842,486: Total time for which application threads were stopped: 0,0001026 seconds, Stopping threads took: 0,0000365 seconds
2017-07-21T10:46:51.826+0200: 5002,636: Total time for which application threads were stopped: 0,0000817 seconds, Stopping threads took: 0,0000309 seconds
2017-07-21T10:47:36.831+0200: 5047,641: Total time for which application threads were stopped: 0,0000902 seconds, Stopping threads took: 0,0000346 seconds
2017-07-21T11:25:31.140+0200: 7321,950: Total time for which application threads were stopped: 0,0000841 seconds, Stopping threads took: 0,0000331 seconds
2017-07-21T11:26:01.145+0200: 7351,955: Total time for which application threads were stopped: 0,0000946 seconds, Stopping threads took: 0,0000367 seconds
2017-07-21T11:26:37.151+0200: 7387,960: Total time for which application threads were stopped: 0,0000981 seconds, Stopping threads took: 0,0000391 seconds
2017-07-21T11:31:31.192+0200: 7682,002: Total time for which application threads were stopped: 0,0000955 seconds, Stopping threads took: 0,0000341 seconds
2017-07-21T11:36:01.232+0200: 7952,042: Total time for which application threads were stopped: 0,0001733 seconds, Stopping threads took: 0,0000628 seconds
2017-07-21T14:04:12.380+0200: 11551,586: Total time for which application threads were stopped: 0,0000960 seconds, Stopping threads took: 0,0000307 seconds
2017-07-21T16:38:31.296+0200: 15361,590: Total time for which application threads were stopped: 0,0000954 seconds, Stopping threads took: 0,0000386 seconds
2017-07-21T16:39:08.274+0200: 15398,568: Total time for which application threads were stopped: 0,0243389 seconds, Stopping threads took: 0,0242581 seconds
2017-07-21T16:39:08.276+0200: 15398,569: Total time for which application threads were stopped: 0,0001292 seconds, Stopping threads took: 0,0000402 seconds
2017-07-21T16:39:08.352+0200: 15398,645: Total time for which application threads were stopped: 0,0001468 seconds, Stopping threads took: 0,0000390 seconds
2017-07-21T16:39:08.352+0200: 15398,646: Total time for which application threads were stopped: 0,0000619 seconds, Stopping threads took: 0,0000152 seconds
2017-07-21T16:39:08.353+0200: 15398,646: Total time for which application threads were stopped: 0,0001237 seconds, Stopping threads took: 0,0000237 seconds
Heap
 par new generation   total 109248K, used 36804K [0x00000000e0000000, 0x00000000e8000000, 0x00000000e8000000)
  eden space 87424K,  24% used [0x00000000e0000000, 0x00000000e1539eb0, 0x00000000e5560000)
  from space 21824K,  69% used [0x00000000e5560000, 0x00000000e64173c8, 0x00000000e6ab0000)
  to   space 21824K,   0% used [0x00000000e6ab0000, 0x00000000e6ab0000, 0x00000000e8000000)
 concurrent mark-sweep generation total 393216K, used 6902K [0x00000000e8000000, 0x0000000100000000, 0x0000000100000000)
 Metaspace       used 28176K, capacity 28796K, committed 29052K, reserved 1075200K
  class space    used 3226K, capacity 3423K, committed 3452K, reserved 1048576K
