OpenJDK 64-Bit Server VM (25.131-b11) for linux-amd64 JRE (1.8.0_131-8u131-b11-2ubuntu1.16.04.2-b11), built on Jul 22 2017 00:56:41 by "buildd" with gcc 5.4.0 20160609
Memory: 4k page, physical 7867736k(7471860k free), swap 8076284k(8076284k free)
CommandLine flags: -XX:CMSInitiatingOccupancyFraction=50 -XX:CMSMaxAbortablePrecleanTime=6000 -XX:+CMSParallelRemarkEnabled -XX:+CMSScavengeBeforeRemark -XX:ConcGCThreads=4 -XX:InitialHeapSize=536870912 -XX:MaxHeapSize=536870912 -XX:MaxTenuringThreshold=8 -XX:NewRatio=3 -XX:OldPLABSize=16 -XX:OnOutOfMemoryError=/opt/solr/bin/oom_solr.sh 8983 /var/solr/logs -XX:ParallelGCThreads=4 -XX:+ParallelRefProcEnabled -XX:PretenureSizeThreshold=67108864 -XX:+PrintGC -XX:+PrintGCApplicationStoppedTime -XX:+PrintGCDateStamps -XX:+PrintGCDetails -XX:+PrintGCTimeStamps -XX:+PrintHeapAtGC -XX:+PrintTenuringDistribution -XX:SurvivorRatio=4 -XX:TargetSurvivorRatio=90 -XX:ThreadStackSize=256 -XX:+UseCMSInitiatingOccupancyOnly -XX:+UseCompressedClassPointers -XX:+UseCompressedOops -XX:+UseConcMarkSweepGC -XX:+UseParNewGC 
2017-08-01T09:26:57.904+0200: 0,192: Total time for which application threads were stopped: 0,0000917 seconds, Stopping threads took: 0,0000163 seconds
2017-08-01T09:26:58.001+0200: 0,290: Total time for which application threads were stopped: 0,0002656 seconds, Stopping threads took: 0,0000280 seconds
2017-08-01T09:26:58.028+0200: 0,317: Total time for which application threads were stopped: 0,0000941 seconds, Stopping threads took: 0,0000161 seconds
2017-08-01T09:26:58.327+0200: 0,615: Total time for which application threads were stopped: 0,0001776 seconds, Stopping threads took: 0,0000328 seconds
2017-08-01T09:26:58.738+0200: 1,026: Total time for which application threads were stopped: 0,0001639 seconds, Stopping threads took: 0,0000257 seconds
2017-08-01T09:26:58.820+0200: 1,108: Total time for which application threads were stopped: 0,0001574 seconds, Stopping threads took: 0,0000188 seconds
2017-08-01T09:26:58.844+0200: 1,132: Total time for which application threads were stopped: 0,0001880 seconds, Stopping threads took: 0,0000315 seconds
2017-08-01T09:26:59.245+0200: 1,533: Total time for which application threads were stopped: 0,0001784 seconds, Stopping threads took: 0,0000201 seconds
2017-08-01T09:26:59.508+0200: 1,797: Total time for which application threads were stopped: 0,0003188 seconds, Stopping threads took: 0,0000175 seconds
2017-08-01T09:26:59.535+0200: 1,823: Total time for which application threads were stopped: 0,0001716 seconds, Stopping threads took: 0,0000283 seconds
2017-08-01T09:26:59.576+0200: 1,864: Total time for which application threads were stopped: 0,0005033 seconds, Stopping threads took: 0,0000835 seconds
2017-08-01T09:26:59.579+0200: 1,867: Total time for which application threads were stopped: 0,0001775 seconds, Stopping threads took: 0,0000155 seconds
2017-08-01T09:26:59.598+0200: 1,886: Total time for which application threads were stopped: 0,0001798 seconds, Stopping threads took: 0,0000155 seconds
2017-08-01T09:26:59.704+0200: 1,992: Total time for which application threads were stopped: 0,0002012 seconds, Stopping threads took: 0,0000156 seconds
2017-08-01T09:26:59.882+0200: 2,170: Total time for which application threads were stopped: 0,0004862 seconds, Stopping threads took: 0,0002722 seconds
{Heap before GC invocations=0 (full 0):
 par new generation   total 109248K, used 87424K [0x00000000e0000000, 0x00000000e8000000, 0x00000000e8000000)
  eden space 87424K, 100% used [0x00000000e0000000, 0x00000000e5560000, 0x00000000e5560000)
  from space 21824K,   0% used [0x00000000e5560000, 0x00000000e5560000, 0x00000000e6ab0000)
  to   space 21824K,   0% used [0x00000000e6ab0000, 0x00000000e6ab0000, 0x00000000e8000000)
 concurrent mark-sweep generation total 393216K, used 0K [0x00000000e8000000, 0x0000000100000000, 0x0000000100000000)
 Metaspace       used 18021K, capacity 18336K, committed 18688K, reserved 1064960K
  class space    used 2036K, capacity 2196K, committed 2304K, reserved 1048576K
2017-08-01T09:26:59.978+0200: 2,266: [GC (Allocation Failure) 2017-08-01T09:26:59.978+0200: 2,266: [ParNew
Desired survivor size 20112992 bytes, new threshold 8 (max 8)
- age   1:   12596792 bytes,   12596792 total
: 87424K->12405K(109248K), 0,0158536 secs] 87424K->12405K(502464K), 0,0159423 secs] [Times: user=0,05 sys=0,01, real=0,02 secs] 
Heap after GC invocations=1 (full 0):
 par new generation   total 109248K, used 12405K [0x00000000e0000000, 0x00000000e8000000, 0x00000000e8000000)
  eden space 87424K,   0% used [0x00000000e0000000, 0x00000000e0000000, 0x00000000e5560000)
  from space 21824K,  56% used [0x00000000e6ab0000, 0x00000000e76cd528, 0x00000000e8000000)
  to   space 21824K,   0% used [0x00000000e5560000, 0x00000000e5560000, 0x00000000e6ab0000)
 concurrent mark-sweep generation total 393216K, used 0K [0x00000000e8000000, 0x0000000100000000, 0x0000000100000000)
 Metaspace       used 18021K, capacity 18336K, committed 18688K, reserved 1064960K
  class space    used 2036K, capacity 2196K, committed 2304K, reserved 1048576K
}
2017-08-01T09:26:59.994+0200: 2,282: Total time for which application threads were stopped: 0,0186030 seconds, Stopping threads took: 0,0024187 seconds
2017-08-01T09:27:00.346+0200: 2,634: Total time for which application threads were stopped: 0,0003000 seconds, Stopping threads took: 0,0000246 seconds
2017-08-01T09:27:00.384+0200: 2,672: Total time for which application threads were stopped: 0,0003247 seconds, Stopping threads took: 0,0000573 seconds
{Heap before GC invocations=1 (full 0):
 par new generation   total 109248K, used 99829K [0x00000000e0000000, 0x00000000e8000000, 0x00000000e8000000)
  eden space 87424K, 100% used [0x00000000e0000000, 0x00000000e5560000, 0x00000000e5560000)
  from space 21824K,  56% used [0x00000000e6ab0000, 0x00000000e76cd528, 0x00000000e8000000)
  to   space 21824K,   0% used [0x00000000e5560000, 0x00000000e5560000, 0x00000000e6ab0000)
 concurrent mark-sweep generation total 393216K, used 0K [0x00000000e8000000, 0x0000000100000000, 0x0000000100000000)
 Metaspace       used 20066K, capacity 20434K, committed 20736K, reserved 1067008K
  class space    used 2298K, capacity 2471K, committed 2560K, reserved 1048576K
2017-08-01T09:27:00.398+0200: 2,686: [GC (Allocation Failure) 2017-08-01T09:27:00.398+0200: 2,686: [ParNew
Desired survivor size 20112992 bytes, new threshold 8 (max 8)
- age   1:    3787568 bytes,    3787568 total
- age   2:    6659616 bytes,   10447184 total
: 99829K->15730K(109248K), 0,0163622 secs] 99829K->15730K(502464K), 0,0164439 secs] [Times: user=0,05 sys=0,01, real=0,02 secs] 
Heap after GC invocations=2 (full 0):
 par new generation   total 109248K, used 15730K [0x00000000e0000000, 0x00000000e8000000, 0x00000000e8000000)
  eden space 87424K,   0% used [0x00000000e0000000, 0x00000000e0000000, 0x00000000e5560000)
  from space 21824K,  72% used [0x00000000e5560000, 0x00000000e64bc940, 0x00000000e6ab0000)
  to   space 21824K,   0% used [0x00000000e6ab0000, 0x00000000e6ab0000, 0x00000000e8000000)
 concurrent mark-sweep generation total 393216K, used 0K [0x00000000e8000000, 0x0000000100000000, 0x0000000100000000)
 Metaspace       used 20066K, capacity 20434K, committed 20736K, reserved 1067008K
  class space    used 2298K, capacity 2471K, committed 2560K, reserved 1048576K
}
2017-08-01T09:27:00.414+0200: 2,703: Total time for which application threads were stopped: 0,0202902 seconds, Stopping threads took: 0,0037044 seconds
2017-08-01T09:27:00.462+0200: 2,750: Total time for which application threads were stopped: 0,0022519 seconds, Stopping threads took: 0,0019553 seconds
2017-08-01T09:27:00.575+0200: 2,863: Total time for which application threads were stopped: 0,0002525 seconds, Stopping threads took: 0,0000931 seconds
{Heap before GC invocations=2 (full 0):
 par new generation   total 109248K, used 103154K [0x00000000e0000000, 0x00000000e8000000, 0x00000000e8000000)
  eden space 87424K, 100% used [0x00000000e0000000, 0x00000000e5560000, 0x00000000e5560000)
  from space 21824K,  72% used [0x00000000e5560000, 0x00000000e64bc940, 0x00000000e6ab0000)
  to   space 21824K,   0% used [0x00000000e6ab0000, 0x00000000e6ab0000, 0x00000000e8000000)
 concurrent mark-sweep generation total 393216K, used 0K [0x00000000e8000000, 0x0000000100000000, 0x0000000100000000)
 Metaspace       used 20989K, capacity 21292K, committed 21628K, reserved 1069056K
  class space    used 2419K, capacity 2590K, committed 2684K, reserved 1048576K
2017-08-01T09:27:00.628+0200: 2,916: [GC (Allocation Failure) 2017-08-01T09:27:00.628+0200: 2,916: [ParNew
Desired survivor size 20112992 bytes, new threshold 8 (max 8)
- age   1:    2097896 bytes,    2097896 total
- age   2:     859880 bytes,    2957776 total
- age   3:    6655688 bytes,    9613464 total
: 103154K->12421K(109248K), 0,0139875 secs] 103154K->12421K(502464K), 0,0140686 secs] [Times: user=0,05 sys=0,00, real=0,02 secs] 
Heap after GC invocations=3 (full 0):
 par new generation   total 109248K, used 12421K [0x00000000e0000000, 0x00000000e8000000, 0x00000000e8000000)
  eden space 87424K,   0% used [0x00000000e0000000, 0x00000000e0000000, 0x00000000e5560000)
  from space 21824K,  56% used [0x00000000e6ab0000, 0x00000000e76d1498, 0x00000000e8000000)
  to   space 21824K,   0% used [0x00000000e5560000, 0x00000000e5560000, 0x00000000e6ab0000)
 concurrent mark-sweep generation total 393216K, used 0K [0x00000000e8000000, 0x0000000100000000, 0x0000000100000000)
 Metaspace       used 20989K, capacity 21292K, committed 21628K, reserved 1069056K
  class space    used 2419K, capacity 2590K, committed 2684K, reserved 1048576K
}
2017-08-01T09:27:00.642+0200: 2,931: Total time for which application threads were stopped: 0,0143132 seconds, Stopping threads took: 0,0000970 seconds
2017-08-01T09:27:00.644+0200: 2,932: [GC (CMS Initial Mark) [1 CMS-initial-mark: 0K(393216K)] 12453K(502464K), 0,0063529 secs] [Times: user=0,01 sys=0,00, real=0,01 secs] 
2017-08-01T09:27:00.650+0200: 2,938: Total time for which application threads were stopped: 0,0075807 seconds, Stopping threads took: 0,0011446 seconds
2017-08-01T09:27:00.650+0200: 2,938: [CMS-concurrent-mark-start]
2017-08-01T09:27:00.658+0200: 2,946: [CMS-concurrent-mark: 0,008/0,008 secs] [Times: user=0,03 sys=0,00, real=0,00 secs] 
2017-08-01T09:27:00.658+0200: 2,946: [CMS-concurrent-preclean-start]
2017-08-01T09:27:00.659+0200: 2,947: [CMS-concurrent-preclean: 0,001/0,001 secs] [Times: user=0,01 sys=0,00, real=0,00 secs] 
2017-08-01T09:27:00.659+0200: 2,947: [CMS-concurrent-abortable-preclean-start]
2017-08-01T09:27:00.730+0200: 3,018: Total time for which application threads were stopped: 0,0012873 seconds, Stopping threads took: 0,0012078 seconds
{Heap before GC invocations=3 (full 1):
 par new generation   total 109248K, used 99845K [0x00000000e0000000, 0x00000000e8000000, 0x00000000e8000000)
  eden space 87424K, 100% used [0x00000000e0000000, 0x00000000e5560000, 0x00000000e5560000)
  from space 21824K,  56% used [0x00000000e6ab0000, 0x00000000e76d1498, 0x00000000e8000000)
  to   space 21824K,   0% used [0x00000000e5560000, 0x00000000e5560000, 0x00000000e6ab0000)
 concurrent mark-sweep generation total 393216K, used 0K [0x00000000e8000000, 0x0000000100000000, 0x0000000100000000)
 Metaspace       used 21258K, capacity 21638K, committed 21884K, reserved 1069056K
  class space    used 2450K, capacity 2607K, committed 2684K, reserved 1048576K
2017-08-01T09:27:00.767+0200: 3,055: [GC (Allocation Failure) 2017-08-01T09:27:00.767+0200: 3,055: [ParNew
Desired survivor size 20112992 bytes, new threshold 8 (max 8)
- age   1:    1200416 bytes,    1200416 total
- age   2:    1449784 bytes,    2650200 total
- age   3:     829336 bytes,    3479536 total
- age   4:    6655688 bytes,   10135224 total
: 99845K->12786K(109248K), 0,0113831 secs] 99845K->12786K(502464K), 0,0114472 secs] [Times: user=0,04 sys=0,00, real=0,01 secs] 
Heap after GC invocations=4 (full 1):
 par new generation   total 109248K, used 12786K [0x00000000e0000000, 0x00000000e8000000, 0x00000000e8000000)
  eden space 87424K,   0% used [0x00000000e0000000, 0x00000000e0000000, 0x00000000e5560000)
  from space 21824K,  58% used [0x00000000e5560000, 0x00000000e61dcae8, 0x00000000e6ab0000)
  to   space 21824K,   0% used [0x00000000e6ab0000, 0x00000000e6ab0000, 0x00000000e8000000)
 concurrent mark-sweep generation total 393216K, used 0K [0x00000000e8000000, 0x0000000100000000, 0x0000000100000000)
 Metaspace       used 21258K, capacity 21638K, committed 21884K, reserved 1069056K
  class space    used 2450K, capacity 2607K, committed 2684K, reserved 1048576K
}
2017-08-01T09:27:00.778+0200: 3,067: Total time for which application threads were stopped: 0,0116465 seconds, Stopping threads took: 0,0000697 seconds
{Heap before GC invocations=4 (full 1):
 par new generation   total 109248K, used 100207K [0x00000000e0000000, 0x00000000e8000000, 0x00000000e8000000)
  eden space 87424K,  99% used [0x00000000e0000000, 0x00000000e555f3d0, 0x00000000e5560000)
  from space 21824K,  58% used [0x00000000e5560000, 0x00000000e61dcae8, 0x00000000e6ab0000)
  to   space 21824K,   0% used [0x00000000e6ab0000, 0x00000000e6ab0000, 0x00000000e8000000)
 concurrent mark-sweep generation total 393216K, used 0K [0x00000000e8000000, 0x0000000100000000, 0x0000000100000000)
 Metaspace       used 21434K, capacity 21810K, committed 21884K, reserved 1069056K
  class space    used 2469K, capacity 2641K, committed 2684K, reserved 1048576K
2017-08-01T09:27:00.868+0200: 3,156: [GC (Allocation Failure) 2017-08-01T09:27:00.868+0200: 3,156: [ParNew
Desired survivor size 20112992 bytes, new threshold 8 (max 8)
- age   1:     360080 bytes,     360080 total
- age   2:     181952 bytes,     542032 total
- age   3:    1449688 bytes,    1991720 total
- age   4:     829256 bytes,    2820976 total
- age   5:    6655848 bytes,    9476824 total
: 100207K->10732K(109248K), 0,0095886 secs] 100207K->10732K(502464K), 0,0096614 secs] [Times: user=0,03 sys=0,00, real=0,01 secs] 
Heap after GC invocations=5 (full 1):
 par new generation   total 109248K, used 10732K [0x00000000e0000000, 0x00000000e8000000, 0x00000000e8000000)
  eden space 87424K,   0% used [0x00000000e0000000, 0x00000000e0000000, 0x00000000e5560000)
  from space 21824K,  49% used [0x00000000e6ab0000, 0x00000000e752b098, 0x00000000e8000000)
  to   space 21824K,   0% used [0x00000000e5560000, 0x00000000e5560000, 0x00000000e6ab0000)
 concurrent mark-sweep generation total 393216K, used 0K [0x00000000e8000000, 0x0000000100000000, 0x0000000100000000)
 Metaspace       used 21434K, capacity 21810K, committed 21884K, reserved 1069056K
  class space    used 2469K, capacity 2641K, committed 2684K, reserved 1048576K
}
2017-08-01T09:27:00.877+0200: 3,165: Total time for which application threads were stopped: 0,0098850 seconds, Stopping threads took: 0,0000863 seconds
2017-08-01T09:27:00.898+0200: 3,186: Total time for which application threads were stopped: 0,0001379 seconds, Stopping threads took: 0,0000272 seconds
2017-08-01T09:27:00.915+0200: 3,203: Total time for which application threads were stopped: 0,0003490 seconds, Stopping threads took: 0,0000828 seconds
2017-08-01T09:27:00.951+0200: 3,239: Total time for which application threads were stopped: 0,0002515 seconds, Stopping threads took: 0,0001835 seconds
2017-08-01T09:27:00.971+0200: 3,259: Total time for which application threads were stopped: 0,0001075 seconds, Stopping threads took: 0,0000157 seconds
2017-08-01T09:27:01.169+0200: 3,457: Total time for which application threads were stopped: 0,0001964 seconds, Stopping threads took: 0,0000417 seconds
2017-08-01T09:27:01.203+0200: 3,491: Total time for which application threads were stopped: 0,0001365 seconds, Stopping threads took: 0,0000281 seconds
2017-08-01T09:27:01.209+0200: 3,497: Total time for which application threads were stopped: 0,0009113 seconds, Stopping threads took: 0,0005957 seconds
2017-08-01T09:27:01.227+0200: 3,515: Total time for which application threads were stopped: 0,0004055 seconds, Stopping threads took: 0,0000305 seconds
2017-08-01T09:27:01.245+0200: 3,534: Total time for which application threads were stopped: 0,0001247 seconds, Stopping threads took: 0,0000411 seconds
2017-08-01T09:27:01.309+0200: 3,598: Total time for which application threads were stopped: 0,0001875 seconds, Stopping threads took: 0,0000837 seconds
2017-08-01T09:27:01.366+0200: 3,654: Total time for which application threads were stopped: 0,0019986 seconds, Stopping threads took: 0,0018969 seconds
2017-08-01T09:27:01.366+0200: 3,654: [CMS-concurrent-abortable-preclean: 0,423/0,707 secs] [Times: user=2,59 sys=0,03, real=0,71 secs] 
2017-08-01T09:27:01.366+0200: 3,655: [GC (CMS Final Remark) [YG occupancy: 68913 K (109248 K)]{Heap before GC invocations=5 (full 1):
 par new generation   total 109248K, used 68913K [0x00000000e0000000, 0x00000000e8000000, 0x00000000e8000000)
  eden space 87424K,  66% used [0x00000000e0000000, 0x00000000e38d15a0, 0x00000000e5560000)
  from space 21824K,  49% used [0x00000000e6ab0000, 0x00000000e752b098, 0x00000000e8000000)
  to   space 21824K,   0% used [0x00000000e5560000, 0x00000000e5560000, 0x00000000e6ab0000)
 concurrent mark-sweep generation total 393216K, used 0K [0x00000000e8000000, 0x0000000100000000, 0x0000000100000000)
 Metaspace       used 23699K, capacity 24209K, committed 24540K, reserved 1071104K
  class space    used 2763K, capacity 2951K, committed 2988K, reserved 1048576K
2017-08-01T09:27:01.366+0200: 3,655: [GC (CMS Final Remark) 2017-08-01T09:27:01.366+0200: 3,655: [ParNew
Desired survivor size 20112992 bytes, new threshold 8 (max 8)
- age   1:    5030176 bytes,    5030176 total
- age   2:     123544 bytes,    5153720 total
- age   3:     180512 bytes,    5334232 total
- age   4:     279560 bytes,    5613792 total
- age   5:     801184 bytes,    6414976 total
- age   6:    6648568 bytes,   13063544 total
: 68913K->18174K(109248K), 0,0127937 secs] 68913K->18174K(502464K), 0,0128453 secs] [Times: user=0,05 sys=0,00, real=0,01 secs] 
Heap after GC invocations=6 (full 1):
 par new generation   total 109248K, used 18174K [0x00000000e0000000, 0x00000000e8000000, 0x00000000e8000000)
  eden space 87424K,   0% used [0x00000000e0000000, 0x00000000e0000000, 0x00000000e5560000)
  from space 21824K,  83% used [0x00000000e5560000, 0x00000000e671fa00, 0x00000000e6ab0000)
  to   space 21824K,   0% used [0x00000000e6ab0000, 0x00000000e6ab0000, 0x00000000e8000000)
 concurrent mark-sweep generation total 393216K, used 0K [0x00000000e8000000, 0x0000000100000000, 0x0000000100000000)
 Metaspace       used 23699K, capacity 24209K, committed 24540K, reserved 1071104K
  class space    used 2763K, capacity 2951K, committed 2988K, reserved 1048576K
}
2017-08-01T09:27:01.379+0200: 3,668: [Rescan (parallel) , 0,0054078 secs]2017-08-01T09:27:01.385+0200: 3,673: [weak refs processing, 0,0012638 secs]2017-08-01T09:27:01.386+0200: 3,674: [class unloading, 0,0033082 secs]2017-08-01T09:27:01.389+0200: 3,678: [scrub symbol table, 0,0030321 secs]2017-08-01T09:27:01.392+0200: 3,681: [scrub string table, 0,0003808 secs][1 CMS-remark: 0K(393216K)] 18174K(502464K), 0,0270480 secs] [Times: user=0,07 sys=0,00, real=0,03 secs] 
2017-08-01T09:27:01.394+0200: 3,682: Total time for which application threads were stopped: 0,0273232 seconds, Stopping threads took: 0,0002002 seconds
2017-08-01T09:27:01.396+0200: 3,684: [CMS-concurrent-sweep-start]
2017-08-01T09:27:01.396+0200: 3,684: [CMS-concurrent-sweep: 0,000/0,000 secs] [Times: user=0,00 sys=0,00, real=0,00 secs] 
2017-08-01T09:27:01.396+0200: 3,684: [CMS-concurrent-reset-start]
2017-08-01T09:27:01.406+0200: 3,694: [CMS-concurrent-reset: 0,010/0,010 secs] [Times: user=0,04 sys=0,01, real=0,01 secs] 
{Heap before GC invocations=6 (full 1):
 par new generation   total 109248K, used 105598K [0x00000000e0000000, 0x00000000e8000000, 0x00000000e8000000)
  eden space 87424K, 100% used [0x00000000e0000000, 0x00000000e5560000, 0x00000000e5560000)
  from space 21824K,  83% used [0x00000000e5560000, 0x00000000e671fa00, 0x00000000e6ab0000)
  to   space 21824K,   0% used [0x00000000e6ab0000, 0x00000000e6ab0000, 0x00000000e8000000)
 concurrent mark-sweep generation total 393216K, used 0K [0x00000000e8000000, 0x0000000100000000, 0x0000000100000000)
 Metaspace       used 24442K, capacity 24945K, committed 25180K, reserved 1071104K
  class space    used 2860K, capacity 3047K, committed 3116K, reserved 1048576K
2017-08-01T09:27:01.490+0200: 3,778: [GC (Allocation Failure) 2017-08-01T09:27:01.490+0200: 3,778: [ParNew
Desired survivor size 20112992 bytes, new threshold 8 (max 8)
- age   1:    1981288 bytes,    1981288 total
- age   2:    1734192 bytes,    3715480 total
- age   3:      46544 bytes,    3762024 total
- age   4:     105432 bytes,    3867456 total
- age   5:     183216 bytes,    4050672 total
- age   6:     757648 bytes,    4808320 total
- age   7:    6114440 bytes,   10922760 total
: 105598K->14110K(109248K), 0,0109422 secs] 105598K->14110K(502464K), 0,0110203 secs] [Times: user=0,04 sys=0,00, real=0,01 secs] 
Heap after GC invocations=7 (full 1):
 par new generation   total 109248K, used 14110K [0x00000000e0000000, 0x00000000e8000000, 0x00000000e8000000)
  eden space 87424K,   0% used [0x00000000e0000000, 0x00000000e0000000, 0x00000000e5560000)
  from space 21824K,  64% used [0x00000000e6ab0000, 0x00000000e7877a00, 0x00000000e8000000)
  to   space 21824K,   0% used [0x00000000e5560000, 0x00000000e5560000, 0x00000000e6ab0000)
 concurrent mark-sweep generation total 393216K, used 0K [0x00000000e8000000, 0x0000000100000000, 0x0000000100000000)
 Metaspace       used 24442K, capacity 24945K, committed 25180K, reserved 1071104K
  class space    used 2860K, capacity 3047K, committed 3116K, reserved 1048576K
}
2017-08-01T09:27:01.501+0200: 3,789: Total time for which application threads were stopped: 0,0112560 seconds, Stopping threads took: 0,0000676 seconds
{Heap before GC invocations=7 (full 1):
 par new generation   total 109248K, used 101534K [0x00000000e0000000, 0x00000000e8000000, 0x00000000e8000000)
  eden space 87424K, 100% used [0x00000000e0000000, 0x00000000e5560000, 0x00000000e5560000)
  from space 21824K,  64% used [0x00000000e6ab0000, 0x00000000e7877a00, 0x00000000e8000000)
  to   space 21824K,   0% used [0x00000000e5560000, 0x00000000e5560000, 0x00000000e6ab0000)
 concurrent mark-sweep generation total 393216K, used 0K [0x00000000e8000000, 0x0000000100000000, 0x0000000100000000)
 Metaspace       used 24682K, capacity 25137K, committed 25436K, reserved 1071104K
  class space    used 2888K, capacity 3085K, committed 3116K, reserved 1048576K
2017-08-01T09:27:01.595+0200: 3,883: [GC (Allocation Failure) 2017-08-01T09:27:01.595+0200: 3,883: [ParNew
Desired survivor size 20112992 bytes, new threshold 8 (max 8)
- age   1:     934416 bytes,     934416 total
- age   2:    1019816 bytes,    1954232 total
- age   3:    1711904 bytes,    3666136 total
- age   4:      46512 bytes,    3712648 total
- age   5:     105160 bytes,    3817808 total
- age   6:     180416 bytes,    3998224 total
- age   7:     756880 bytes,    4755104 total
- age   8:    6114552 bytes,   10869656 total
: 101534K->14409K(109248K), 0,0268065 secs] 101534K->14409K(502464K), 0,0269041 secs] [Times: user=0,05 sys=0,00, real=0,03 secs] 
Heap after GC invocations=8 (full 1):
 par new generation   total 109248K, used 14409K [0x00000000e0000000, 0x00000000e8000000, 0x00000000e8000000)
  eden space 87424K,   0% used [0x00000000e0000000, 0x00000000e0000000, 0x00000000e5560000)
  from space 21824K,  66% used [0x00000000e5560000, 0x00000000e6372670, 0x00000000e6ab0000)
  to   space 21824K,   0% used [0x00000000e6ab0000, 0x00000000e6ab0000, 0x00000000e8000000)
 concurrent mark-sweep generation total 393216K, used 0K [0x00000000e8000000, 0x0000000100000000, 0x0000000100000000)
 Metaspace       used 24682K, capacity 25137K, committed 25436K, reserved 1071104K
  class space    used 2888K, capacity 3085K, committed 3116K, reserved 1048576K
}
2017-08-01T09:27:01.622+0200: 3,910: Total time for which application threads were stopped: 0,0274848 seconds, Stopping threads took: 0,0003543 seconds
2017-08-01T09:27:01.776+0200: 4,064: Total time for which application threads were stopped: 0,0046711 seconds, Stopping threads took: 0,0043859 seconds
2017-08-01T09:27:01.799+0200: 4,087: Total time for which application threads were stopped: 0,0001740 seconds, Stopping threads took: 0,0000701 seconds
2017-08-01T09:27:01.804+0200: 4,092: Total time for which application threads were stopped: 0,0001485 seconds, Stopping threads took: 0,0000490 seconds
2017-08-01T09:27:01.808+0200: 4,096: Total time for which application threads were stopped: 0,0001521 seconds, Stopping threads took: 0,0000562 seconds
2017-08-01T09:27:01.809+0200: 4,097: Total time for which application threads were stopped: 0,0001409 seconds, Stopping threads took: 0,0000429 seconds
2017-08-01T09:27:01.809+0200: 4,097: Total time for which application threads were stopped: 0,0000719 seconds, Stopping threads took: 0,0000201 seconds
2017-08-01T09:27:01.810+0200: 4,098: Total time for which application threads were stopped: 0,0009026 seconds, Stopping threads took: 0,0008337 seconds
2017-08-01T09:27:01.810+0200: 4,098: Total time for which application threads were stopped: 0,0001103 seconds, Stopping threads took: 0,0000229 seconds
2017-08-01T09:27:01.810+0200: 4,098: Total time for which application threads were stopped: 0,0000693 seconds, Stopping threads took: 0,0000222 seconds
2017-08-01T09:27:01.814+0200: 4,102: Total time for which application threads were stopped: 0,0001222 seconds, Stopping threads took: 0,0000458 seconds
2017-08-01T09:27:01.814+0200: 4,102: Total time for which application threads were stopped: 0,0000825 seconds, Stopping threads took: 0,0000287 seconds
2017-08-01T09:27:01.814+0200: 4,102: Total time for which application threads were stopped: 0,0000764 seconds, Stopping threads took: 0,0000326 seconds
2017-08-01T09:27:01.814+0200: 4,103: Total time for which application threads were stopped: 0,0000792 seconds, Stopping threads took: 0,0000246 seconds
2017-08-01T09:27:01.814+0200: 4,103: Total time for which application threads were stopped: 0,0000562 seconds, Stopping threads took: 0,0000210 seconds
2017-08-01T09:27:01.815+0200: 4,103: Total time for which application threads were stopped: 0,0000560 seconds, Stopping threads took: 0,0000183 seconds
2017-08-01T09:27:01.815+0200: 4,103: Total time for which application threads were stopped: 0,0001136 seconds, Stopping threads took: 0,0000451 seconds
2017-08-01T09:27:01.816+0200: 4,104: Total time for which application threads were stopped: 0,0001052 seconds, Stopping threads took: 0,0000588 seconds
2017-08-01T09:27:01.816+0200: 4,104: Total time for which application threads were stopped: 0,0000686 seconds, Stopping threads took: 0,0000238 seconds
2017-08-01T09:27:01.816+0200: 4,104: Total time for which application threads were stopped: 0,0000396 seconds, Stopping threads took: 0,0000092 seconds
2017-08-01T09:27:01.816+0200: 4,104: Total time for which application threads were stopped: 0,0000434 seconds, Stopping threads took: 0,0000162 seconds
2017-08-01T09:27:01.816+0200: 4,104: Total time for which application threads were stopped: 0,0000371 seconds, Stopping threads took: 0,0000088 seconds
2017-08-01T09:27:01.816+0200: 4,104: Total time for which application threads were stopped: 0,0000462 seconds, Stopping threads took: 0,0000164 seconds
2017-08-01T09:27:01.816+0200: 4,104: Total time for which application threads were stopped: 0,0001129 seconds, Stopping threads took: 0,0000151 seconds
2017-08-01T09:27:01.822+0200: 4,110: Total time for which application threads were stopped: 0,0022630 seconds, Stopping threads took: 0,0021885 seconds
2017-08-01T09:27:01.822+0200: 4,110: Total time for which application threads were stopped: 0,0000906 seconds, Stopping threads took: 0,0000310 seconds
2017-08-01T09:27:01.822+0200: 4,111: Total time for which application threads were stopped: 0,0000646 seconds, Stopping threads took: 0,0000192 seconds
2017-08-01T09:27:01.834+0200: 4,122: Total time for which application threads were stopped: 0,0002101 seconds, Stopping threads took: 0,0000471 seconds
2017-08-01T09:27:01.836+0200: 4,124: Total time for which application threads were stopped: 0,0004247 seconds, Stopping threads took: 0,0003140 seconds
2017-08-01T09:27:01.838+0200: 4,126: Total time for which application threads were stopped: 0,0016406 seconds, Stopping threads took: 0,0015698 seconds
2017-08-01T09:27:01.839+0200: 4,127: Total time for which application threads were stopped: 0,0001219 seconds, Stopping threads took: 0,0000345 seconds
2017-08-01T09:27:01.855+0200: 4,143: Total time for which application threads were stopped: 0,0004882 seconds, Stopping threads took: 0,0004086 seconds
2017-08-01T09:27:01.857+0200: 4,145: Total time for which application threads were stopped: 0,0001377 seconds, Stopping threads took: 0,0000388 seconds
2017-08-01T09:27:01.858+0200: 4,146: Total time for which application threads were stopped: 0,0001167 seconds, Stopping threads took: 0,0000370 seconds
2017-08-01T09:27:01.859+0200: 4,147: Total time for which application threads were stopped: 0,0001219 seconds, Stopping threads took: 0,0000372 seconds
2017-08-01T09:27:01.859+0200: 4,148: Total time for which application threads were stopped: 0,0000943 seconds, Stopping threads took: 0,0000318 seconds
2017-08-01T09:27:01.860+0200: 4,148: Total time for which application threads were stopped: 0,0000890 seconds, Stopping threads took: 0,0000282 seconds
2017-08-01T09:27:01.862+0200: 4,150: Total time for which application threads were stopped: 0,0021093 seconds, Stopping threads took: 0,0020419 seconds
2017-08-01T09:27:01.866+0200: 4,154: Total time for which application threads were stopped: 0,0033327 seconds, Stopping threads took: 0,0032702 seconds
2017-08-01T09:27:01.872+0200: 4,160: Total time for which application threads were stopped: 0,0001392 seconds, Stopping threads took: 0,0000490 seconds
2017-08-01T09:27:01.874+0200: 4,162: Total time for which application threads were stopped: 0,0001352 seconds, Stopping threads took: 0,0000401 seconds
2017-08-01T09:27:01.878+0200: 4,166: Total time for which application threads were stopped: 0,0023423 seconds, Stopping threads took: 0,0022549 seconds
2017-08-01T09:27:01.879+0200: 4,167: Total time for which application threads were stopped: 0,0009357 seconds, Stopping threads took: 0,0008556 seconds
2017-08-01T09:27:01.918+0200: 4,206: Total time for which application threads were stopped: 0,0011838 seconds, Stopping threads took: 0,0010832 seconds
2017-08-01T09:27:01.920+0200: 4,208: Total time for which application threads were stopped: 0,0001609 seconds, Stopping threads took: 0,0000928 seconds
2017-08-01T09:27:01.920+0200: 4,208: Total time for which application threads were stopped: 0,0001099 seconds, Stopping threads took: 0,0000357 seconds
2017-08-01T09:27:01.938+0200: 4,226: Total time for which application threads were stopped: 0,0001248 seconds, Stopping threads took: 0,0000365 seconds
2017-08-01T09:27:01.940+0200: 4,228: Total time for which application threads were stopped: 0,0001290 seconds, Stopping threads took: 0,0000391 seconds
2017-08-01T09:27:01.944+0200: 4,232: Total time for which application threads were stopped: 0,0003604 seconds, Stopping threads took: 0,0000169 seconds
2017-08-01T09:27:01.945+0200: 4,233: Total time for which application threads were stopped: 0,0001598 seconds, Stopping threads took: 0,0000188 seconds
2017-08-01T09:27:01.959+0200: 4,247: Total time for which application threads were stopped: 0,0005517 seconds, Stopping threads took: 0,0000360 seconds
{Heap before GC invocations=8 (full 1):
 par new generation   total 109248K, used 101833K [0x00000000e0000000, 0x00000000e8000000, 0x00000000e8000000)
  eden space 87424K, 100% used [0x00000000e0000000, 0x00000000e5560000, 0x00000000e5560000)
  from space 21824K,  66% used [0x00000000e5560000, 0x00000000e6372670, 0x00000000e6ab0000)
  to   space 21824K,   0% used [0x00000000e6ab0000, 0x00000000e6ab0000, 0x00000000e8000000)
 concurrent mark-sweep generation total 393216K, used 0K [0x00000000e8000000, 0x0000000100000000, 0x0000000100000000)
 Metaspace       used 26379K, capacity 26873K, committed 27024K, reserved 1073152K
  class space    used 3025K, capacity 3195K, committed 3244K, reserved 1048576K
2017-08-01T09:27:01.961+0200: 4,249: [GC (Allocation Failure) 2017-08-01T09:27:01.961+0200: 4,249: [ParNew
Desired survivor size 20112992 bytes, new threshold 8 (max 8)
- age   1:    6954976 bytes,    6954976 total
- age   2:     202376 bytes,    7157352 total
- age   3:     240624 bytes,    7397976 total
- age   4:    1705376 bytes,    9103352 total
- age   5:      46512 bytes,    9149864 total
- age   6:     105096 bytes,    9254960 total
- age   7:     179984 bytes,    9434944 total
- age   8:     755728 bytes,   10190672 total
: 101833K->13553K(109248K), 0,0488934 secs] 101833K->20153K(502464K), 0,0489691 secs] [Times: user=0,14 sys=0,00, real=0,06 secs] 
Heap after GC invocations=9 (full 1):
 par new generation   total 109248K, used 13553K [0x00000000e0000000, 0x00000000e8000000, 0x00000000e8000000)
  eden space 87424K,   0% used [0x00000000e0000000, 0x00000000e0000000, 0x00000000e5560000)
  from space 21824K,  62% used [0x00000000e6ab0000, 0x00000000e77ec6b0, 0x00000000e8000000)
  to   space 21824K,   0% used [0x00000000e5560000, 0x00000000e5560000, 0x00000000e6ab0000)
 concurrent mark-sweep generation total 393216K, used 6599K [0x00000000e8000000, 0x0000000100000000, 0x0000000100000000)
 Metaspace       used 26379K, capacity 26873K, committed 27024K, reserved 1073152K
  class space    used 3025K, capacity 3195K, committed 3244K, reserved 1048576K
}
2017-08-01T09:27:02.010+0200: 4,298: Total time for which application threads were stopped: 0,0501905 seconds, Stopping threads took: 0,0010883 seconds
2017-08-01T09:27:02.071+0200: 4,359: Total time for which application threads were stopped: 0,0004286 seconds, Stopping threads took: 0,0000491 seconds
2017-08-01T09:27:02.074+0200: 4,362: Total time for which application threads were stopped: 0,0001107 seconds, Stopping threads took: 0,0000315 seconds
2017-08-01T09:27:02.074+0200: 4,363: Total time for which application threads were stopped: 0,0000982 seconds, Stopping threads took: 0,0000176 seconds
2017-08-01T09:27:02.078+0200: 4,366: Total time for which application threads were stopped: 0,0001111 seconds, Stopping threads took: 0,0000271 seconds
2017-08-01T09:27:02.084+0200: 4,372: Total time for which application threads were stopped: 0,0000974 seconds, Stopping threads took: 0,0000245 seconds
2017-08-01T09:27:02.106+0200: 4,394: Total time for which application threads were stopped: 0,0032143 seconds, Stopping threads took: 0,0031280 seconds
2017-08-01T09:27:02.111+0200: 4,400: Total time for which application threads were stopped: 0,0001295 seconds, Stopping threads took: 0,0000420 seconds
2017-08-01T09:27:02.113+0200: 4,401: Total time for which application threads were stopped: 0,0001110 seconds, Stopping threads took: 0,0000482 seconds
2017-08-01T09:27:02.120+0200: 4,408: Total time for which application threads were stopped: 0,0001353 seconds, Stopping threads took: 0,0000423 seconds
2017-08-01T09:27:02.124+0200: 4,413: Total time for which application threads were stopped: 0,0001497 seconds, Stopping threads took: 0,0000588 seconds
2017-08-01T09:27:02.131+0200: 4,419: Total time for which application threads were stopped: 0,0012669 seconds, Stopping threads took: 0,0011937 seconds
2017-08-01T09:27:02.156+0200: 4,444: Total time for which application threads were stopped: 0,0001765 seconds, Stopping threads took: 0,0000741 seconds
2017-08-01T09:27:02.158+0200: 4,446: Total time for which application threads were stopped: 0,0001234 seconds, Stopping threads took: 0,0000493 seconds
2017-08-01T09:27:02.177+0200: 4,465: Total time for which application threads were stopped: 0,0004978 seconds, Stopping threads took: 0,0004290 seconds
2017-08-01T09:27:02.180+0200: 4,468: Total time for which application threads were stopped: 0,0006262 seconds, Stopping threads took: 0,0002663 seconds
2017-08-01T09:27:02.185+0200: 4,474: Total time for which application threads were stopped: 0,0001161 seconds, Stopping threads took: 0,0000322 seconds
2017-08-01T09:27:02.207+0200: 4,496: Total time for which application threads were stopped: 0,0001056 seconds, Stopping threads took: 0,0000380 seconds
2017-08-01T09:27:02.208+0200: 4,496: Total time for which application threads were stopped: 0,0000473 seconds, Stopping threads took: 0,0000139 seconds
2017-08-01T09:27:30.212+0200: 32,500: Total time for which application threads were stopped: 0,0000779 seconds, Stopping threads took: 0,0000339 seconds
2017-08-01T09:28:20.256+0200: 82,544: Total time for which application threads were stopped: 0,0000825 seconds, Stopping threads took: 0,0000331 seconds
2017-08-01T09:28:55.269+0200: 117,557: Total time for which application threads were stopped: 0,0000817 seconds, Stopping threads took: 0,0000332 seconds
2017-08-01T09:28:59.270+0200: 121,558: Total time for which application threads were stopped: 0,0002132 seconds, Stopping threads took: 0,0000351 seconds
2017-08-01T09:29:59.282+0200: 181,570: Total time for which application threads were stopped: 0,0001407 seconds, Stopping threads took: 0,0000576 seconds
2017-08-01T09:31:34.296+0200: 276,584: Total time for which application threads were stopped: 0,0006961 seconds, Stopping threads took: 0,0002938 seconds
2017-08-01T09:31:35.296+0200: 277,584: Total time for which application threads were stopped: 0,0003536 seconds, Stopping threads took: 0,0001261 seconds
2017-08-01T09:38:20.352+0200: 682,640: Total time for which application threads were stopped: 0,0004433 seconds, Stopping threads took: 0,0001867 seconds
2017-08-01T09:38:25.353+0200: 687,641: Total time for which application threads were stopped: 0,0000883 seconds, Stopping threads took: 0,0000343 seconds
2017-08-01T09:38:30.353+0200: 692,642: Total time for which application threads were stopped: 0,0000610 seconds, Stopping threads took: 0,0000146 seconds
2017-08-01T09:50:39.435+0200: 1421,723: Total time for which application threads were stopped: 0,0006159 seconds, Stopping threads took: 0,0002045 seconds
2017-08-01T09:55:14.463+0200: 1696,751: Total time for which application threads were stopped: 0,0000790 seconds, Stopping threads took: 0,0000315 seconds
2017-08-01T10:06:09.527+0200: 2351,815: Total time for which application threads were stopped: 0,0000870 seconds, Stopping threads took: 0,0000360 seconds
2017-08-01T10:06:10.527+0200: 2352,815: Total time for which application threads were stopped: 0,0000863 seconds, Stopping threads took: 0,0000184 seconds
2017-08-01T10:24:45.641+0200: 3467,930: Total time for which application threads were stopped: 0,0004552 seconds, Stopping threads took: 0,0001816 seconds
2017-08-01T10:31:24.684+0200: 3866,972: Total time for which application threads were stopped: 0,0000768 seconds, Stopping threads took: 0,0000313 seconds
2017-08-01T10:32:59.694+0200: 3961,982: Total time for which application threads were stopped: 0,0000737 seconds, Stopping threads took: 0,0000305 seconds
2017-08-01T10:40:20.832+0200: 4403,120: Total time for which application threads were stopped: 0,0003409 seconds, Stopping threads took: 0,0002452 seconds
2017-08-01T10:40:20.833+0200: 4403,121: Total time for which application threads were stopped: 0,0000960 seconds, Stopping threads took: 0,0000257 seconds
2017-08-01T10:40:20.844+0200: 4403,132: Total time for which application threads were stopped: 0,0001016 seconds, Stopping threads took: 0,0000349 seconds
2017-08-01T10:40:20.846+0200: 4403,134: Total time for which application threads were stopped: 0,0001164 seconds, Stopping threads took: 0,0000268 seconds
2017-08-01T10:40:20.846+0200: 4403,134: Total time for which application threads were stopped: 0,0000644 seconds, Stopping threads took: 0,0000165 seconds
2017-08-01T10:40:20.846+0200: 4403,134: Total time for which application threads were stopped: 0,0000667 seconds, Stopping threads took: 0,0000173 seconds
2017-08-01T10:40:20.846+0200: 4403,135: Total time for which application threads were stopped: 0,0000513 seconds, Stopping threads took: 0,0000142 seconds
2017-08-01T10:40:20.849+0200: 4403,137: Total time for which application threads were stopped: 0,0001058 seconds, Stopping threads took: 0,0000266 seconds
2017-08-01T10:40:20.849+0200: 4403,137: Total time for which application threads were stopped: 0,0000636 seconds, Stopping threads took: 0,0000209 seconds
2017-08-01T10:40:20.849+0200: 4403,137: Total time for which application threads were stopped: 0,0000484 seconds, Stopping threads took: 0,0000134 seconds
2017-08-01T10:40:20.849+0200: 4403,138: Total time for which application threads were stopped: 0,0000424 seconds, Stopping threads took: 0,0000115 seconds
2017-08-01T10:40:20.849+0200: 4403,138: Total time for which application threads were stopped: 0,0000404 seconds, Stopping threads took: 0,0000106 seconds
2017-08-01T10:40:20.850+0200: 4403,138: Total time for which application threads were stopped: 0,0000428 seconds, Stopping threads took: 0,0000109 seconds
2017-08-01T10:40:20.850+0200: 4403,138: Total time for which application threads were stopped: 0,0000402 seconds, Stopping threads took: 0,0000118 seconds
2017-08-01T10:40:20.850+0200: 4403,138: Total time for which application threads were stopped: 0,0000494 seconds, Stopping threads took: 0,0000124 seconds
2017-08-01T10:40:20.850+0200: 4403,138: Total time for which application threads were stopped: 0,0000565 seconds, Stopping threads took: 0,0000150 seconds
2017-08-01T10:40:20.850+0200: 4403,138: Total time for which application threads were stopped: 0,0000357 seconds, Stopping threads took: 0,0000054 seconds
2017-08-01T10:40:20.850+0200: 4403,138: Total time for which application threads were stopped: 0,0000437 seconds, Stopping threads took: 0,0000141 seconds
2017-08-01T10:40:20.850+0200: 4403,138: Total time for which application threads were stopped: 0,0000414 seconds, Stopping threads took: 0,0000129 seconds
2017-08-01T10:40:20.850+0200: 4403,138: Total time for which application threads were stopped: 0,0000433 seconds, Stopping threads took: 0,0000122 seconds
2017-08-01T10:40:20.850+0200: 4403,138: Total time for which application threads were stopped: 0,0000440 seconds, Stopping threads took: 0,0000147 seconds
2017-08-01T10:40:20.850+0200: 4403,139: Total time for which application threads were stopped: 0,0000427 seconds, Stopping threads took: 0,0000118 seconds
2017-08-01T10:40:20.850+0200: 4403,139: Total time for which application threads were stopped: 0,0000406 seconds, Stopping threads took: 0,0000111 seconds
2017-08-01T10:40:20.855+0200: 4403,143: Total time for which application threads were stopped: 0,0000979 seconds, Stopping threads took: 0,0000258 seconds
2017-08-01T10:40:20.855+0200: 4403,143: Total time for which application threads were stopped: 0,0000494 seconds, Stopping threads took: 0,0000129 seconds
2017-08-01T10:40:20.863+0200: 4403,151: Total time for which application threads were stopped: 0,0002037 seconds, Stopping threads took: 0,0001399 seconds
2017-08-01T10:40:20.865+0200: 4403,153: Total time for which application threads were stopped: 0,0000940 seconds, Stopping threads took: 0,0000274 seconds
2017-08-01T10:40:20.865+0200: 4403,153: Total time for which application threads were stopped: 0,0000497 seconds, Stopping threads took: 0,0000134 seconds
2017-08-01T10:40:20.865+0200: 4403,153: Total time for which application threads were stopped: 0,0000444 seconds, Stopping threads took: 0,0000138 seconds
2017-08-01T10:40:20.865+0200: 4403,153: Total time for which application threads were stopped: 0,0000429 seconds, Stopping threads took: 0,0000138 seconds
2017-08-01T10:40:20.865+0200: 4403,153: Total time for which application threads were stopped: 0,0000421 seconds, Stopping threads took: 0,0000128 seconds
2017-08-01T10:40:20.877+0200: 4403,165: Total time for which application threads were stopped: 0,0000992 seconds, Stopping threads took: 0,0000326 seconds
2017-08-01T10:40:20.877+0200: 4403,166: Total time for which application threads were stopped: 0,0000453 seconds, Stopping threads took: 0,0000129 seconds
2017-08-01T10:40:20.878+0200: 4403,166: Total time for which application threads were stopped: 0,0000514 seconds, Stopping threads took: 0,0000183 seconds
2017-08-01T10:40:20.880+0200: 4403,168: Total time for which application threads were stopped: 0,0000874 seconds, Stopping threads took: 0,0000290 seconds
2017-08-01T10:40:20.880+0200: 4403,168: Total time for which application threads were stopped: 0,0000436 seconds, Stopping threads took: 0,0000116 seconds
2017-08-01T10:40:20.880+0200: 4403,168: Total time for which application threads were stopped: 0,0000368 seconds, Stopping threads took: 0,0000109 seconds
2017-08-01T10:40:20.880+0200: 4403,168: Total time for which application threads were stopped: 0,0000365 seconds, Stopping threads took: 0,0000111 seconds
2017-08-01T10:40:20.880+0200: 4403,168: Total time for which application threads were stopped: 0,0000372 seconds, Stopping threads took: 0,0000108 seconds
2017-08-01T10:40:20.880+0200: 4403,168: Total time for which application threads were stopped: 0,0000688 seconds, Stopping threads took: 0,0000109 seconds
2017-08-01T10:40:20.880+0200: 4403,168: Total time for which application threads were stopped: 0,0000408 seconds, Stopping threads took: 0,0000138 seconds
2017-08-01T10:40:20.880+0200: 4403,168: Total time for which application threads were stopped: 0,0000394 seconds, Stopping threads took: 0,0000134 seconds
2017-08-01T10:40:20.880+0200: 4403,168: Total time for which application threads were stopped: 0,0000393 seconds, Stopping threads took: 0,0000132 seconds
2017-08-01T10:40:20.888+0200: 4403,176: Total time for which application threads were stopped: 0,0000963 seconds, Stopping threads took: 0,0000307 seconds
2017-08-01T10:40:20.890+0200: 4403,178: Total time for which application threads were stopped: 0,0001010 seconds, Stopping threads took: 0,0000340 seconds
2017-08-01T10:40:20.907+0200: 4403,195: Total time for which application threads were stopped: 0,0001720 seconds, Stopping threads took: 0,0000972 seconds
2017-08-01T10:40:20.907+0200: 4403,196: Total time for which application threads were stopped: 0,0000934 seconds, Stopping threads took: 0,0000322 seconds
2017-08-01T10:40:20.908+0200: 4403,196: Total time for which application threads were stopped: 0,0000526 seconds, Stopping threads took: 0,0000183 seconds
2017-08-01T10:40:20.908+0200: 4403,196: Total time for which application threads were stopped: 0,0000941 seconds, Stopping threads took: 0,0000540 seconds
2017-08-01T10:40:20.912+0200: 4403,200: Total time for which application threads were stopped: 0,0000973 seconds, Stopping threads took: 0,0000308 seconds
2017-08-01T10:40:20.913+0200: 4403,201: Total time for which application threads were stopped: 0,0001291 seconds, Stopping threads took: 0,0000527 seconds
2017-08-01T10:40:20.913+0200: 4403,201: Total time for which application threads were stopped: 0,0002039 seconds, Stopping threads took: 0,0000174 seconds
2017-08-01T10:40:20.913+0200: 4403,201: Total time for which application threads were stopped: 0,0000978 seconds, Stopping threads took: 0,0000432 seconds
2017-08-01T10:40:20.914+0200: 4403,202: Total time for which application threads were stopped: 0,0000802 seconds, Stopping threads took: 0,0000366 seconds
2017-08-01T10:40:20.914+0200: 4403,202: Total time for which application threads were stopped: 0,0000857 seconds, Stopping threads took: 0,0000193 seconds
2017-08-01T10:40:20.914+0200: 4403,203: Total time for which application threads were stopped: 0,0000627 seconds, Stopping threads took: 0,0000146 seconds
2017-08-01T10:40:20.920+0200: 4403,208: Total time for which application threads were stopped: 0,0001259 seconds, Stopping threads took: 0,0000313 seconds
2017-08-01T10:40:20.920+0200: 4403,208: Total time for which application threads were stopped: 0,0000669 seconds, Stopping threads took: 0,0000208 seconds
2017-08-01T10:40:20.920+0200: 4403,208: Total time for which application threads were stopped: 0,0000597 seconds, Stopping threads took: 0,0000143 seconds
2017-08-01T10:40:20.920+0200: 4403,208: Total time for which application threads were stopped: 0,0000658 seconds, Stopping threads took: 0,0000189 seconds
2017-08-01T10:40:20.920+0200: 4403,208: Total time for which application threads were stopped: 0,0000586 seconds, Stopping threads took: 0,0000145 seconds
2017-08-01T10:40:20.920+0200: 4403,209: Total time for which application threads were stopped: 0,0000517 seconds, Stopping threads took: 0,0000165 seconds
2017-08-01T10:40:20.921+0200: 4403,209: Total time for which application threads were stopped: 0,0000606 seconds, Stopping threads took: 0,0000170 seconds
2017-08-01T10:40:20.921+0200: 4403,209: Total time for which application threads were stopped: 0,0000520 seconds, Stopping threads took: 0,0000131 seconds
2017-08-01T10:40:20.921+0200: 4403,209: Total time for which application threads were stopped: 0,0001939 seconds, Stopping threads took: 0,0000140 seconds
2017-08-01T10:40:20.924+0200: 4403,212: Total time for which application threads were stopped: 0,0001075 seconds, Stopping threads took: 0,0000271 seconds
2017-08-01T10:40:20.924+0200: 4403,212: Total time for which application threads were stopped: 0,0000885 seconds, Stopping threads took: 0,0000250 seconds
2017-08-01T10:40:20.928+0200: 4403,216: Total time for which application threads were stopped: 0,0010562 seconds, Stopping threads took: 0,0009170 seconds
2017-08-01T10:40:20.929+0200: 4403,217: Total time for which application threads were stopped: 0,0000899 seconds, Stopping threads took: 0,0000282 seconds
2017-08-01T10:40:20.929+0200: 4403,217: Total time for which application threads were stopped: 0,0000586 seconds, Stopping threads took: 0,0000164 seconds
2017-08-01T10:40:20.929+0200: 4403,217: Total time for which application threads were stopped: 0,0000526 seconds, Stopping threads took: 0,0000143 seconds
2017-08-01T10:40:20.929+0200: 4403,217: Total time for which application threads were stopped: 0,0000516 seconds, Stopping threads took: 0,0000193 seconds
2017-08-01T10:40:20.929+0200: 4403,217: Total time for which application threads were stopped: 0,0000462 seconds, Stopping threads took: 0,0000165 seconds
2017-08-01T10:40:20.929+0200: 4403,217: Total time for which application threads were stopped: 0,0000458 seconds, Stopping threads took: 0,0000149 seconds
2017-08-01T10:40:20.929+0200: 4403,218: Total time for which application threads were stopped: 0,0000460 seconds, Stopping threads took: 0,0000146 seconds
2017-08-01T10:40:20.930+0200: 4403,218: Total time for which application threads were stopped: 0,0001166 seconds, Stopping threads took: 0,0000153 seconds
2017-08-01T10:40:20.930+0200: 4403,219: Total time for which application threads were stopped: 0,0001149 seconds, Stopping threads took: 0,0000436 seconds
Heap
 par new generation   total 109248K, used 57721K [0x00000000e0000000, 0x00000000e8000000, 0x00000000e8000000)
  eden space 87424K,  50% used [0x00000000e0000000, 0x00000000e2b22110, 0x00000000e5560000)
  from space 21824K,  62% used [0x00000000e6ab0000, 0x00000000e77ec6b0, 0x00000000e8000000)
  to   space 21824K,   0% used [0x00000000e5560000, 0x00000000e5560000, 0x00000000e6ab0000)
 concurrent mark-sweep generation total 393216K, used 6599K [0x00000000e8000000, 0x0000000100000000, 0x0000000100000000)
 Metaspace       used 28132K, capacity 28723K, committed 29072K, reserved 1075200K
  class space    used 3227K, capacity 3424K, committed 3500K, reserved 1048576K
