OpenJDK 64-Bit Server VM (25.111-b14) for linux-amd64 JRE (1.8.0_111-8u111-b14-2ubuntu0.16.04.2-b14), built on Oct 27 2016 18:10:19 by "buildd" with gcc 5.4.0 20160609
Memory: 4k page, physical 7867840k(7450004k free), swap 8076284k(8076284k free)
CommandLine flags: -XX:CMSInitiatingOccupancyFraction=50 -XX:CMSMaxAbortablePrecleanTime=6000 -XX:+CMSParallelRemarkEnabled -XX:+CMSScavengeBeforeRemark -XX:ConcGCThreads=4 -XX:InitialHeapSize=536870912 -XX:MaxHeapSize=536870912 -XX:MaxTenuringThreshold=8 -XX:NewRatio=3 -XX:OldPLABSize=16 -XX:OnOutOfMemoryError=/opt/solr/bin/oom_solr.sh 8983 /var/solr/logs -XX:ParallelGCThreads=4 -XX:+ParallelRefProcEnabled -XX:PretenureSizeThreshold=67108864 -XX:+PrintGC -XX:+PrintGCApplicationStoppedTime -XX:+PrintGCDateStamps -XX:+PrintGCDetails -XX:+PrintGCTimeStamps -XX:+PrintHeapAtGC -XX:+PrintTenuringDistribution -XX:SurvivorRatio=4 -XX:TargetSurvivorRatio=90 -XX:ThreadStackSize=256 -XX:+UseCMSInitiatingOccupancyOnly -XX:+UseCompressedClassPointers -XX:+UseCompressedOops -XX:+UseConcMarkSweepGC -XX:+UseParNewGC 
2016-12-04T00:39:19.757+0100: 0,128: Total time for which application threads were stopped: 0,0000841 seconds, Stopping threads took: 0,0000143 seconds
2016-12-04T00:39:19.854+0100: 0,226: Total time for which application threads were stopped: 0,0001700 seconds, Stopping threads took: 0,0000248 seconds
2016-12-04T00:39:19.879+0100: 0,251: Total time for which application threads were stopped: 0,0002079 seconds, Stopping threads took: 0,0001327 seconds
2016-12-04T00:39:20.079+0100: 0,451: Total time for which application threads were stopped: 0,0002680 seconds, Stopping threads took: 0,0000313 seconds
2016-12-04T00:39:20.548+0100: 0,920: Total time for which application threads were stopped: 0,0001784 seconds, Stopping threads took: 0,0000158 seconds
2016-12-04T00:39:20.644+0100: 1,015: Total time for which application threads were stopped: 0,0001993 seconds, Stopping threads took: 0,0000219 seconds
2016-12-04T00:39:20.665+0100: 1,037: Total time for which application threads were stopped: 0,0001897 seconds, Stopping threads took: 0,0000182 seconds
2016-12-04T00:39:20.947+0100: 1,319: Total time for which application threads were stopped: 0,0001954 seconds, Stopping threads took: 0,0000130 seconds
2016-12-04T00:39:21.164+0100: 1,536: Total time for which application threads were stopped: 0,0002092 seconds, Stopping threads took: 0,0000230 seconds
2016-12-04T00:39:21.188+0100: 1,560: Total time for which application threads were stopped: 0,0018093 seconds, Stopping threads took: 0,0000541 seconds
2016-12-04T00:39:21.191+0100: 1,562: Total time for which application threads were stopped: 0,0001743 seconds, Stopping threads took: 0,0000235 seconds
2016-12-04T00:39:21.205+0100: 1,576: Total time for which application threads were stopped: 0,0007273 seconds, Stopping threads took: 0,0000365 seconds
2016-12-04T00:39:21.321+0100: 1,693: Total time for which application threads were stopped: 0,0010975 seconds, Stopping threads took: 0,0000257 seconds
2016-12-04T00:39:21.457+0100: 1,828: Total time for which application threads were stopped: 0,0002395 seconds, Stopping threads took: 0,0000412 seconds
{Heap before GC invocations=0 (full 0):
 par new generation   total 109248K, used 87424K [0x00000000e0000000, 0x00000000e8000000, 0x00000000e8000000)
  eden space 87424K, 100% used [0x00000000e0000000, 0x00000000e5560000, 0x00000000e5560000)
  from space 21824K,   0% used [0x00000000e5560000, 0x00000000e5560000, 0x00000000e6ab0000)
  to   space 21824K,   0% used [0x00000000e6ab0000, 0x00000000e6ab0000, 0x00000000e8000000)
 concurrent mark-sweep generation total 393216K, used 0K [0x00000000e8000000, 0x0000000100000000, 0x0000000100000000)
 Metaspace       used 18340K, capacity 18686K, committed 18944K, reserved 1067008K
  class space    used 2091K, capacity 2226K, committed 2304K, reserved 1048576K
2016-12-04T00:39:21.586+0100: 1,957: [GC (Allocation Failure) 2016-12-04T00:39:21.586+0100: 1,957: [ParNew
Desired survivor size 20112992 bytes, new threshold 8 (max 8)
- age   1:   12577632 bytes,   12577632 total
: 87424K->12394K(109248K), 0,0166510 secs] 87424K->12394K(502464K), 0,0167484 secs] [Times: user=0,06 sys=0,00, real=0,02 secs] 
Heap after GC invocations=1 (full 0):
 par new generation   total 109248K, used 12394K [0x00000000e0000000, 0x00000000e8000000, 0x00000000e8000000)
  eden space 87424K,   0% used [0x00000000e0000000, 0x00000000e0000000, 0x00000000e5560000)
  from space 21824K,  56% used [0x00000000e6ab0000, 0x00000000e76ca828, 0x00000000e8000000)
  to   space 21824K,   0% used [0x00000000e5560000, 0x00000000e5560000, 0x00000000e6ab0000)
 concurrent mark-sweep generation total 393216K, used 0K [0x00000000e8000000, 0x0000000100000000, 0x0000000100000000)
 Metaspace       used 18340K, capacity 18686K, committed 18944K, reserved 1067008K
  class space    used 2091K, capacity 2226K, committed 2304K, reserved 1048576K
}
2016-12-04T00:39:21.602+0100: 1,974: Total time for which application threads were stopped: 0,0169605 seconds, Stopping threads took: 0,0000286 seconds
2016-12-04T00:39:21.755+0100: 2,127: Total time for which application threads were stopped: 0,0003064 seconds, Stopping threads took: 0,0000241 seconds
2016-12-04T00:39:21.791+0100: 2,163: Total time for which application threads were stopped: 0,0003236 seconds, Stopping threads took: 0,0000429 seconds
2016-12-04T00:39:21.819+0100: 2,190: Total time for which application threads were stopped: 0,0003649 seconds, Stopping threads took: 0,0000414 seconds
{Heap before GC invocations=1 (full 0):
 par new generation   total 109248K, used 99818K [0x00000000e0000000, 0x00000000e8000000, 0x00000000e8000000)
  eden space 87424K, 100% used [0x00000000e0000000, 0x00000000e5560000, 0x00000000e5560000)
  from space 21824K,  56% used [0x00000000e6ab0000, 0x00000000e76ca828, 0x00000000e8000000)
  to   space 21824K,   0% used [0x00000000e5560000, 0x00000000e5560000, 0x00000000e6ab0000)
 concurrent mark-sweep generation total 393216K, used 0K [0x00000000e8000000, 0x0000000100000000, 0x0000000100000000)
 Metaspace       used 20717K, capacity 21020K, committed 21248K, reserved 1069056K
  class space    used 2404K, capacity 2518K, committed 2560K, reserved 1048576K
2016-12-04T00:39:21.997+0100: 2,368: [GC (Allocation Failure) 2016-12-04T00:39:21.997+0100: 2,369: [ParNew
Desired survivor size 20112992 bytes, new threshold 8 (max 8)
- age   1:    2769352 bytes,    2769352 total
- age   2:    6139192 bytes,    8908544 total
: 99818K->13315K(109248K), 0,0181183 secs] 99818K->13315K(502464K), 0,0181921 secs] [Times: user=0,07 sys=0,00, real=0,02 secs] 
Heap after GC invocations=2 (full 0):
 par new generation   total 109248K, used 13315K [0x00000000e0000000, 0x00000000e8000000, 0x00000000e8000000)
  eden space 87424K,   0% used [0x00000000e0000000, 0x00000000e0000000, 0x00000000e5560000)
  from space 21824K,  61% used [0x00000000e5560000, 0x00000000e6260de8, 0x00000000e6ab0000)
  to   space 21824K,   0% used [0x00000000e6ab0000, 0x00000000e6ab0000, 0x00000000e8000000)
 concurrent mark-sweep generation total 393216K, used 0K [0x00000000e8000000, 0x0000000100000000, 0x0000000100000000)
 Metaspace       used 20717K, capacity 21020K, committed 21248K, reserved 1069056K
  class space    used 2404K, capacity 2518K, committed 2560K, reserved 1048576K
}
2016-12-04T00:39:22.015+0100: 2,387: Total time for which application threads were stopped: 0,0183775 seconds, Stopping threads took: 0,0000242 seconds
2016-12-04T00:39:22.059+0100: 2,430: Total time for which application threads were stopped: 0,0000770 seconds, Stopping threads took: 0,0000138 seconds
2016-12-04T00:39:22.096+0100: 2,468: Total time for which application threads were stopped: 0,0003986 seconds, Stopping threads took: 0,0000195 seconds
2016-12-04T00:39:22.101+0100: 2,473: Total time for which application threads were stopped: 0,0000984 seconds, Stopping threads took: 0,0000301 seconds
2016-12-04T00:39:22.120+0100: 2,491: Total time for which application threads were stopped: 0,0000715 seconds, Stopping threads took: 0,0000120 seconds
2016-12-04T00:39:22.199+0100: 2,570: Total time for which application threads were stopped: 0,0001510 seconds, Stopping threads took: 0,0000249 seconds
2016-12-04T00:39:22.217+0100: 2,589: Total time for which application threads were stopped: 0,0001007 seconds, Stopping threads took: 0,0000205 seconds
2016-12-04T00:39:22.225+0100: 2,596: Total time for which application threads were stopped: 0,0002646 seconds, Stopping threads took: 0,0000131 seconds
2016-12-04T00:39:22.232+0100: 2,603: Total time for which application threads were stopped: 0,0002721 seconds, Stopping threads took: 0,0000128 seconds
2016-12-04T00:39:22.238+0100: 2,609: Total time for which application threads were stopped: 0,0001099 seconds, Stopping threads took: 0,0000485 seconds
2016-12-04T00:39:22.271+0100: 2,642: Total time for which application threads were stopped: 0,0000761 seconds, Stopping threads took: 0,0000169 seconds
2016-12-04T00:39:22.283+0100: 2,654: Total time for which application threads were stopped: 0,0000746 seconds, Stopping threads took: 0,0000167 seconds
2016-12-04T00:39:22.306+0100: 2,677: Total time for which application threads were stopped: 0,0002080 seconds, Stopping threads took: 0,0000219 seconds
2016-12-04T00:39:22.330+0100: 2,702: Total time for which application threads were stopped: 0,0001312 seconds, Stopping threads took: 0,0000410 seconds
2016-12-04T00:39:22.357+0100: 2,728: Total time for which application threads were stopped: 0,0001318 seconds, Stopping threads took: 0,0000287 seconds
2016-12-04T00:39:22.411+0100: 2,782: Total time for which application threads were stopped: 0,0001154 seconds, Stopping threads took: 0,0000250 seconds
2016-12-04T00:39:22.450+0100: 2,822: Total time for which application threads were stopped: 0,0001231 seconds, Stopping threads took: 0,0000467 seconds
2016-12-04T00:39:22.491+0100: 2,863: Total time for which application threads were stopped: 0,0001568 seconds, Stopping threads took: 0,0000456 seconds
{Heap before GC invocations=2 (full 0):
 par new generation   total 109248K, used 100739K [0x00000000e0000000, 0x00000000e8000000, 0x00000000e8000000)
  eden space 87424K, 100% used [0x00000000e0000000, 0x00000000e5560000, 0x00000000e5560000)
  from space 21824K,  61% used [0x00000000e5560000, 0x00000000e6260de8, 0x00000000e6ab0000)
  to   space 21824K,   0% used [0x00000000e6ab0000, 0x00000000e6ab0000, 0x00000000e8000000)
 concurrent mark-sweep generation total 393216K, used 0K [0x00000000e8000000, 0x0000000100000000, 0x0000000100000000)
 Metaspace       used 25138K, capacity 25512K, committed 25868K, reserved 1073152K
  class space    used 2926K, capacity 3057K, committed 3092K, reserved 1048576K
2016-12-04T00:39:22.497+0100: 2,869: [GC (Allocation Failure) 2016-12-04T00:39:22.497+0100: 2,869: [ParNew
Desired survivor size 20112992 bytes, new threshold 8 (max 8)
- age   1:    6949368 bytes,    6949368 total
- age   2:     516432 bytes,    7465800 total
- age   3:    6119688 bytes,   13585488 total
: 100739K->16307K(109248K), 0,0153347 secs] 100739K->16307K(502464K), 0,0153957 secs] [Times: user=0,04 sys=0,01, real=0,02 secs] 
Heap after GC invocations=3 (full 0):
 par new generation   total 109248K, used 16307K [0x00000000e0000000, 0x00000000e8000000, 0x00000000e8000000)
  eden space 87424K,   0% used [0x00000000e0000000, 0x00000000e0000000, 0x00000000e5560000)
  from space 21824K,  74% used [0x00000000e6ab0000, 0x00000000e7a9ce80, 0x00000000e8000000)
  to   space 21824K,   0% used [0x00000000e5560000, 0x00000000e5560000, 0x00000000e6ab0000)
 concurrent mark-sweep generation total 393216K, used 0K [0x00000000e8000000, 0x0000000100000000, 0x0000000100000000)
 Metaspace       used 25138K, capacity 25512K, committed 25868K, reserved 1073152K
  class space    used 2926K, capacity 3057K, committed 3092K, reserved 1048576K
}
2016-12-04T00:39:22.513+0100: 2,884: Total time for which application threads were stopped: 0,0155941 seconds, Stopping threads took: 0,0000228 seconds
2016-12-04T00:39:22.513+0100: 2,884: [GC (CMS Initial Mark) [1 CMS-initial-mark: 0K(393216K)] 16307K(502464K), 0,0046854 secs] [Times: user=0,02 sys=0,00, real=0,00 secs] 
2016-12-04T00:39:22.517+0100: 2,889: Total time for which application threads were stopped: 0,0048098 seconds, Stopping threads took: 0,0000366 seconds
2016-12-04T00:39:22.517+0100: 2,889: [CMS-concurrent-mark-start]
2016-12-04T00:39:22.518+0100: 2,890: [CMS-concurrent-mark: 0,001/0,001 secs] [Times: user=0,00 sys=0,00, real=0,00 secs] 
2016-12-04T00:39:22.518+0100: 2,890: [CMS-concurrent-preclean-start]
2016-12-04T00:39:22.520+0100: 2,891: [CMS-concurrent-preclean: 0,001/0,001 secs] [Times: user=0,00 sys=0,01, real=0,01 secs] 
2016-12-04T00:39:22.520+0100: 2,891: [GC (CMS Final Remark) [YG occupancy: 17719 K (109248 K)]{Heap before GC invocations=3 (full 1):
 par new generation   total 109248K, used 17719K [0x00000000e0000000, 0x00000000e8000000, 0x00000000e8000000)
  eden space 87424K,   1% used [0x00000000e0000000, 0x00000000e0160d80, 0x00000000e5560000)
  from space 21824K,  74% used [0x00000000e6ab0000, 0x00000000e7a9ce80, 0x00000000e8000000)
  to   space 21824K,   0% used [0x00000000e5560000, 0x00000000e5560000, 0x00000000e6ab0000)
 concurrent mark-sweep generation total 393216K, used 0K [0x00000000e8000000, 0x0000000100000000, 0x0000000100000000)
 Metaspace       used 25139K, capacity 25512K, committed 25868K, reserved 1073152K
  class space    used 2926K, capacity 3057K, committed 3092K, reserved 1048576K
2016-12-04T00:39:22.520+0100: 2,891: [GC (CMS Final Remark) 2016-12-04T00:39:22.520+0100: 2,891: [ParNew
Desired survivor size 20112992 bytes, new threshold 8 (max 8)
- age   1:       2368 bytes,       2368 total
- age   2:    3174656 bytes,    3177024 total
- age   3:     516432 bytes,    3693456 total
- age   4:    6119712 bytes,    9813168 total
: 17719K->13711K(109248K), 0,0104949 secs] 17719K->13711K(502464K), 0,0105354 secs] [Times: user=0,04 sys=0,00, real=0,00 secs] 
Heap after GC invocations=4 (full 1):
 par new generation   total 109248K, used 13711K [0x00000000e0000000, 0x00000000e8000000, 0x00000000e8000000)
  eden space 87424K,   0% used [0x00000000e0000000, 0x00000000e0000000, 0x00000000e5560000)
  from space 21824K,  62% used [0x00000000e5560000, 0x00000000e62c3fd0, 0x00000000e6ab0000)
  to   space 21824K,   0% used [0x00000000e6ab0000, 0x00000000e6ab0000, 0x00000000e8000000)
 concurrent mark-sweep generation total 393216K, used 0K [0x00000000e8000000, 0x0000000100000000, 0x0000000100000000)
 Metaspace       used 25139K, capacity 25512K, committed 25868K, reserved 1073152K
  class space    used 2926K, capacity 3057K, committed 3092K, reserved 1048576K
}
2016-12-04T00:39:22.530+0100: 2,902: [Rescan (parallel) , 0,0040128 secs]2016-12-04T00:39:22.534+0100: 2,906: [weak refs processing, 0,0007336 secs]2016-12-04T00:39:22.535+0100: 2,907: [class unloading, 0,0031565 secs]2016-12-04T00:39:22.538+0100: 2,910: [scrub symbol table, 0,0032261 secs]2016-12-04T00:39:22.542+0100: 2,913: [scrub string table, 0,0003793 secs][1 CMS-remark: 0K(393216K)] 13711K(502464K), 0,0227378 secs] [Times: user=0,07 sys=0,00, real=0,02 secs] 
2016-12-04T00:39:22.542+0100: 2,914: Total time for which application threads were stopped: 0,0228480 seconds, Stopping threads took: 0,0000461 seconds
2016-12-04T00:39:22.545+0100: 2,916: [CMS-concurrent-sweep-start]
2016-12-04T00:39:22.545+0100: 2,916: [CMS-concurrent-sweep: 0,000/0,000 secs] [Times: user=0,00 sys=0,00, real=0,00 secs] 
2016-12-04T00:39:22.545+0100: 2,916: [CMS-concurrent-reset-start]
2016-12-04T00:39:22.546+0100: 2,918: [CMS-concurrent-reset: 0,002/0,002 secs] [Times: user=0,00 sys=0,00, real=0,00 secs] 
2016-12-04T00:39:22.588+0100: 2,959: Total time for which application threads were stopped: 0,0003399 seconds, Stopping threads took: 0,0000201 seconds
2016-12-04T00:39:23.588+0100: 3,959: Total time for which application threads were stopped: 0,0001115 seconds, Stopping threads took: 0,0000276 seconds
2016-12-04T00:39:23.678+0100: 4,049: Total time for which application threads were stopped: 0,0002321 seconds, Stopping threads took: 0,0000156 seconds
2016-12-04T00:39:50.609+0100: 32,052: Total time for which application threads were stopped: 0,0000546 seconds, Stopping threads took: 0,0000158 seconds
2016-12-04T00:42:00.626+0100: 162,069: Total time for which application threads were stopped: 0,0000727 seconds, Stopping threads took: 0,0000311 seconds
2016-12-04T00:42:05.627+0100: 167,070: Total time for which application threads were stopped: 0,0000784 seconds, Stopping threads took: 0,0000230 seconds
2016-12-04T00:42:24.629+0100: 186,072: Total time for which application threads were stopped: 0,0000861 seconds, Stopping threads took: 0,0000352 seconds
2016-12-04T00:43:15.634+0100: 237,077: Total time for which application threads were stopped: 0,0000741 seconds, Stopping threads took: 0,0000332 seconds
2016-12-04T00:43:34.637+0100: 256,079: Total time for which application threads were stopped: 0,0000778 seconds, Stopping threads took: 0,0000347 seconds
2016-12-04T00:43:39.638+0100: 261,080: Total time for which application threads were stopped: 0,0003704 seconds, Stopping threads took: 0,0001016 seconds
2016-12-04T00:43:44.639+0100: 266,082: Total time for which application threads were stopped: 0,0010178 seconds, Stopping threads took: 0,0001962 seconds
2016-12-04T00:44:04.641+0100: 286,084: Total time for which application threads were stopped: 0,0000755 seconds, Stopping threads took: 0,0000318 seconds
2016-12-04T00:44:05.641+0100: 287,084: Total time for which application threads were stopped: 0,0000548 seconds, Stopping threads took: 0,0000142 seconds
2016-12-04T00:51:50.249+0100: 751,692: Total time for which application threads were stopped: 0,0001743 seconds, Stopping threads took: 0,0000316 seconds
Heap
 par new generation   total 109248K, used 57646K [0x00000000e0000000, 0x00000000e8000000, 0x00000000e8000000)
  eden space 87424K,  50% used [0x00000000e0000000, 0x00000000e2ae7968, 0x00000000e5560000)
  from space 21824K,  62% used [0x00000000e5560000, 0x00000000e62c3fd0, 0x00000000e6ab0000)
  to   space 21824K,   0% used [0x00000000e6ab0000, 0x00000000e6ab0000, 0x00000000e8000000)
 concurrent mark-sweep generation total 393216K, used 0K [0x00000000e8000000, 0x0000000100000000, 0x0000000100000000)
 Metaspace       used 27155K, capacity 27598K, committed 27916K, reserved 1073152K
  class space    used 3161K, capacity 3320K, committed 3348K, reserved 1048576K
