OpenJDK 64-Bit Server VM (25.111-b14) for linux-amd64 JRE (1.8.0_111-8u111-b14-2ubuntu0.16.04.2-b14), built on Oct 27 2016 18:10:19 by "buildd" with gcc 5.4.0 20160609
Memory: 4k page, physical 7867800k(7502016k free), swap 8076284k(8076284k free)
CommandLine flags: -XX:CMSInitiatingOccupancyFraction=50 -XX:CMSMaxAbortablePrecleanTime=6000 -XX:+CMSParallelRemarkEnabled -XX:+CMSScavengeBeforeRemark -XX:ConcGCThreads=4 -XX:InitialHeapSize=536870912 -XX:MaxHeapSize=536870912 -XX:MaxTenuringThreshold=8 -XX:NewRatio=3 -XX:OldPLABSize=16 -XX:OnOutOfMemoryError=/opt/solr/bin/oom_solr.sh 8983 /var/solr/logs -XX:ParallelGCThreads=4 -XX:+ParallelRefProcEnabled -XX:PretenureSizeThreshold=67108864 -XX:+PrintGC -XX:+PrintGCApplicationStoppedTime -XX:+PrintGCDateStamps -XX:+PrintGCDetails -XX:+PrintGCTimeStamps -XX:+PrintHeapAtGC -XX:+PrintTenuringDistribution -XX:SurvivorRatio=4 -XX:TargetSurvivorRatio=90 -XX:ThreadStackSize=256 -XX:+UseCMSInitiatingOccupancyOnly -XX:+UseCompressedClassPointers -XX:+UseCompressedOops -XX:+UseConcMarkSweepGC -XX:+UseParNewGC 
2017-02-01T13:56:14.739+0100: 0,116: Total time for which application threads were stopped: 0,0000700 seconds, Stopping threads took: 0,0000128 seconds
2017-02-01T13:56:14.816+0100: 0,193: Total time for which application threads were stopped: 0,0001023 seconds, Stopping threads took: 0,0000126 seconds
2017-02-01T13:56:14.828+0100: 0,205: Total time for which application threads were stopped: 0,0001135 seconds, Stopping threads took: 0,0000357 seconds
2017-02-01T13:56:15.051+0100: 0,428: Total time for which application threads were stopped: 0,0001148 seconds, Stopping threads took: 0,0000103 seconds
2017-02-01T13:56:15.572+0100: 0,949: Total time for which application threads were stopped: 0,0001611 seconds, Stopping threads took: 0,0000214 seconds
2017-02-01T13:56:15.676+0100: 1,052: Total time for which application threads were stopped: 0,0001366 seconds, Stopping threads took: 0,0000200 seconds
2017-02-01T13:56:15.693+0100: 1,070: Total time for which application threads were stopped: 0,0001710 seconds, Stopping threads took: 0,0000277 seconds
2017-02-01T13:56:15.950+0100: 1,327: Total time for which application threads were stopped: 0,0009262 seconds, Stopping threads took: 0,0001110 seconds
2017-02-01T13:56:16.161+0100: 1,538: Total time for which application threads were stopped: 0,0002089 seconds, Stopping threads took: 0,0000156 seconds
2017-02-01T13:56:16.189+0100: 1,566: Total time for which application threads were stopped: 0,0007700 seconds, Stopping threads took: 0,0000582 seconds
2017-02-01T13:56:16.190+0100: 1,567: Total time for which application threads were stopped: 0,0001191 seconds, Stopping threads took: 0,0000201 seconds
2017-02-01T13:56:16.206+0100: 1,582: Total time for which application threads were stopped: 0,0004544 seconds, Stopping threads took: 0,0000574 seconds
2017-02-01T13:56:16.305+0100: 1,682: Total time for which application threads were stopped: 0,0004224 seconds, Stopping threads took: 0,0000279 seconds
2017-02-01T13:56:16.484+0100: 1,860: Total time for which application threads were stopped: 0,0004338 seconds, Stopping threads took: 0,0002356 seconds
2017-02-01T13:56:16.594+0100: 1,971: Total time for which application threads were stopped: 0,0001521 seconds, Stopping threads took: 0,0000310 seconds
{Heap before GC invocations=0 (full 0):
 par new generation   total 109248K, used 87568K [0x00000000e0000000, 0x00000000e8000000, 0x00000000e8000000)
  eden space 87424K, 100% used [0x00000000e0000000, 0x00000000e5560000, 0x00000000e5560000)
  from space 21824K,   0% used [0x00000000e5560000, 0x00000000e55841a0, 0x00000000e6ab0000)
  to   space 21824K,   0% used [0x00000000e6ab0000, 0x00000000e6ab0000, 0x00000000e8000000)
 concurrent mark-sweep generation total 393216K, used 0K [0x00000000e8000000, 0x0000000100000000, 0x0000000100000000)
 Metaspace       used 18006K, capacity 18302K, committed 18560K, reserved 1064960K
  class space    used 2046K, capacity 2162K, committed 2176K, reserved 1048576K
2017-02-01T13:56:16.595+0100: 1,971: [GC (GCLocker Initiated GC) 2017-02-01T13:56:16.595+0100: 1,971: [ParNew
Desired survivor size 20112992 bytes, new threshold 8 (max 8)
- age   1:   13200048 bytes,   13200048 total
: 87568K->13013K(109248K), 0,0155907 secs] 87568K->13013K(502464K), 0,0156766 secs] [Times: user=0,04 sys=0,01, real=0,02 secs] 
Heap after GC invocations=1 (full 0):
 par new generation   total 109248K, used 13013K [0x00000000e0000000, 0x00000000e8000000, 0x00000000e8000000)
  eden space 87424K,   0% used [0x00000000e0000000, 0x00000000e0000000, 0x00000000e5560000)
  from space 21824K,  59% used [0x00000000e6ab0000, 0x00000000e7765700, 0x00000000e8000000)
  to   space 21824K,   0% used [0x00000000e5560000, 0x00000000e5560000, 0x00000000e6ab0000)
 concurrent mark-sweep generation total 393216K, used 0K [0x00000000e8000000, 0x0000000100000000, 0x0000000100000000)
 Metaspace       used 18006K, capacity 18302K, committed 18560K, reserved 1064960K
  class space    used 2046K, capacity 2162K, committed 2176K, reserved 1048576K
}
2017-02-01T13:56:16.610+0100: 1,987: Total time for which application threads were stopped: 0,0158441 seconds, Stopping threads took: 0,0000240 seconds
2017-02-01T13:56:16.812+0100: 2,189: Total time for which application threads were stopped: 0,0004066 seconds, Stopping threads took: 0,0001462 seconds
2017-02-01T13:56:16.851+0100: 2,228: Total time for which application threads were stopped: 0,0003628 seconds, Stopping threads took: 0,0001101 seconds
2017-02-01T13:56:16.880+0100: 2,257: Total time for which application threads were stopped: 0,0004494 seconds, Stopping threads took: 0,0001365 seconds
{Heap before GC invocations=1 (full 0):
 par new generation   total 109248K, used 100437K [0x00000000e0000000, 0x00000000e8000000, 0x00000000e8000000)
  eden space 87424K, 100% used [0x00000000e0000000, 0x00000000e5560000, 0x00000000e5560000)
  from space 21824K,  59% used [0x00000000e6ab0000, 0x00000000e7765700, 0x00000000e8000000)
  to   space 21824K,   0% used [0x00000000e5560000, 0x00000000e5560000, 0x00000000e6ab0000)
 concurrent mark-sweep generation total 393216K, used 0K [0x00000000e8000000, 0x0000000100000000, 0x0000000100000000)
 Metaspace       used 20625K, capacity 20948K, committed 21248K, reserved 1069056K
  class space    used 2385K, capacity 2517K, committed 2560K, reserved 1048576K
2017-02-01T13:56:17.000+0100: 2,377: [GC (Allocation Failure) 2017-02-01T13:56:17.000+0100: 2,377: [ParNew
Desired survivor size 20112992 bytes, new threshold 8 (max 8)
- age   1:    3833360 bytes,    3833360 total
- age   2:    6653360 bytes,   10486720 total
: 100437K->16009K(109248K), 0,0102734 secs] 100437K->16009K(502464K), 0,0103435 secs] [Times: user=0,04 sys=0,00, real=0,01 secs] 
Heap after GC invocations=2 (full 0):
 par new generation   total 109248K, used 16009K [0x00000000e0000000, 0x00000000e8000000, 0x00000000e8000000)
  eden space 87424K,   0% used [0x00000000e0000000, 0x00000000e0000000, 0x00000000e5560000)
  from space 21824K,  73% used [0x00000000e5560000, 0x00000000e65027c0, 0x00000000e6ab0000)
  to   space 21824K,   0% used [0x00000000e6ab0000, 0x00000000e6ab0000, 0x00000000e8000000)
 concurrent mark-sweep generation total 393216K, used 0K [0x00000000e8000000, 0x0000000100000000, 0x0000000100000000)
 Metaspace       used 20625K, capacity 20948K, committed 21248K, reserved 1069056K
  class space    used 2385K, capacity 2517K, committed 2560K, reserved 1048576K
}
2017-02-01T13:56:17.010+0100: 2,387: Total time for which application threads were stopped: 0,0106085 seconds, Stopping threads took: 0,0000740 seconds
2017-02-01T13:56:17.079+0100: 2,455: Total time for which application threads were stopped: 0,0045345 seconds, Stopping threads took: 0,0044162 seconds
2017-02-01T13:56:17.126+0100: 2,503: Total time for which application threads were stopped: 0,0001266 seconds, Stopping threads took: 0,0000267 seconds
2017-02-01T13:56:17.172+0100: 2,549: Total time for which application threads were stopped: 0,0040442 seconds, Stopping threads took: 0,0039565 seconds
2017-02-01T13:56:17.196+0100: 2,573: Total time for which application threads were stopped: 0,0001339 seconds, Stopping threads took: 0,0000432 seconds
{Heap before GC invocations=2 (full 0):
 par new generation   total 109248K, used 103465K [0x00000000e0000000, 0x00000000e8000000, 0x00000000e8000000)
  eden space 87424K, 100% used [0x00000000e0000000, 0x00000000e5560000, 0x00000000e5560000)
  from space 21824K,  73% used [0x00000000e5560000, 0x00000000e650a7d0, 0x00000000e6ab0000)
  to   space 21824K,   0% used [0x00000000e6ab0000, 0x00000000e6ab0000, 0x00000000e8000000)
 concurrent mark-sweep generation total 393216K, used 0K [0x00000000e8000000, 0x0000000100000000, 0x0000000100000000)
 Metaspace       used 21716K, capacity 22064K, committed 22216K, reserved 1069056K
  class space    used 2520K, capacity 2650K, committed 2684K, reserved 1048576K
2017-02-01T13:56:17.197+0100: 2,574: [GC (GCLocker Initiated GC) 2017-02-01T13:56:17.197+0100: 2,574: [ParNew
Desired survivor size 20112992 bytes, new threshold 8 (max 8)
- age   1:    1161152 bytes,    1161152 total
- age   2:    1576776 bytes,    2737928 total
- age   3:    6621704 bytes,    9359632 total
: 103465K->11403K(109248K), 0,0107241 secs] 103465K->11403K(502464K), 0,0107924 secs] [Times: user=0,04 sys=0,00, real=0,02 secs] 
Heap after GC invocations=3 (full 0):
 par new generation   total 109248K, used 11403K [0x00000000e0000000, 0x00000000e8000000, 0x00000000e8000000)
  eden space 87424K,   0% used [0x00000000e0000000, 0x00000000e0000000, 0x00000000e5560000)
  from space 21824K,  52% used [0x00000000e6ab0000, 0x00000000e75d2c80, 0x00000000e8000000)
  to   space 21824K,   0% used [0x00000000e5560000, 0x00000000e5560000, 0x00000000e6ab0000)
 concurrent mark-sweep generation total 393216K, used 0K [0x00000000e8000000, 0x0000000100000000, 0x0000000100000000)
 Metaspace       used 21716K, capacity 22064K, committed 22216K, reserved 1069056K
  class space    used 2520K, capacity 2650K, committed 2684K, reserved 1048576K
}
2017-02-01T13:56:17.208+0100: 2,584: Total time for which application threads were stopped: 0,0112010 seconds, Stopping threads took: 0,0002911 seconds
2017-02-01T13:56:17.208+0100: 2,585: [GC (CMS Initial Mark) [1 CMS-initial-mark: 0K(393216K)] 12401K(502464K), 0,0026537 secs] [Times: user=0,01 sys=0,00, real=0,00 secs] 
2017-02-01T13:56:17.211+0100: 2,587: Total time for which application threads were stopped: 0,0029024 seconds, Stopping threads took: 0,0001676 seconds
2017-02-01T13:56:17.211+0100: 2,587: [CMS-concurrent-mark-start]
2017-02-01T13:56:17.211+0100: 2,588: [CMS-concurrent-mark: 0,000/0,000 secs] [Times: user=0,00 sys=0,00, real=0,00 secs] 
2017-02-01T13:56:17.211+0100: 2,588: [CMS-concurrent-preclean-start]
2017-02-01T13:56:17.212+0100: 2,589: [CMS-concurrent-preclean: 0,001/0,001 secs] [Times: user=0,01 sys=0,00, real=0,00 secs] 
2017-02-01T13:56:17.213+0100: 2,590: [GC (CMS Final Remark) [YG occupancy: 13168 K (109248 K)]{Heap before GC invocations=3 (full 1):
 par new generation   total 109248K, used 13168K [0x00000000e0000000, 0x00000000e8000000, 0x00000000e8000000)
  eden space 87424K,   2% used [0x00000000e0000000, 0x00000000e01b9650, 0x00000000e5560000)
  from space 21824K,  52% used [0x00000000e6ab0000, 0x00000000e75d2c80, 0x00000000e8000000)
  to   space 21824K,   0% used [0x00000000e5560000, 0x00000000e5560000, 0x00000000e6ab0000)
 concurrent mark-sweep generation total 393216K, used 0K [0x00000000e8000000, 0x0000000100000000, 0x0000000100000000)
 Metaspace       used 21756K, capacity 22160K, committed 22216K, reserved 1069056K
  class space    used 2523K, capacity 2682K, committed 2684K, reserved 1048576K
2017-02-01T13:56:17.213+0100: 2,590: [GC (CMS Final Remark) 2017-02-01T13:56:17.213+0100: 2,590: [ParNew
Desired survivor size 20112992 bytes, new threshold 8 (max 8)
- age   1:        632 bytes,        632 total
- age   2:     456184 bytes,     456816 total
- age   3:    1576776 bytes,    2033592 total
- age   4:    6622768 bytes,    8656360 total
: 13168K->11993K(109248K), 0,0083043 secs] 13168K->11993K(502464K), 0,0083439 secs] [Times: user=0,03 sys=0,00, real=0,01 secs] 
Heap after GC invocations=4 (full 1):
 par new generation   total 109248K, used 11993K [0x00000000e0000000, 0x00000000e8000000, 0x00000000e8000000)
  eden space 87424K,   0% used [0x00000000e0000000, 0x00000000e0000000, 0x00000000e5560000)
  from space 21824K,  54% used [0x00000000e5560000, 0x00000000e61164a0, 0x00000000e6ab0000)
  to   space 21824K,   0% used [0x00000000e6ab0000, 0x00000000e6ab0000, 0x00000000e8000000)
 concurrent mark-sweep generation total 393216K, used 0K [0x00000000e8000000, 0x0000000100000000, 0x0000000100000000)
 Metaspace       used 21756K, capacity 22160K, committed 22216K, reserved 1069056K
  class space    used 2523K, capacity 2682K, committed 2684K, reserved 1048576K
}
2017-02-01T13:56:17.222+0100: 2,599: [Rescan (parallel) , 0,0031141 secs]2017-02-01T13:56:17.225+0100: 2,602: [weak refs processing, 0,0008363 secs]2017-02-01T13:56:17.226+0100: 2,603: [class unloading, 0,0027206 secs]2017-02-01T13:56:17.229+0100: 2,605: [scrub symbol table, 0,0026876 secs]2017-02-01T13:56:17.231+0100: 2,608: [scrub string table, 0,0003586 secs][1 CMS-remark: 0K(393216K)] 11993K(502464K), 0,0186499 secs] [Times: user=0,05 sys=0,00, real=0,02 secs] 
2017-02-01T13:56:17.232+0100: 2,609: Total time for which application threads were stopped: 0,0195185 seconds, Stopping threads took: 0,0008005 seconds
2017-02-01T13:56:17.232+0100: 2,609: [CMS-concurrent-sweep-start]
2017-02-01T13:56:17.232+0100: 2,609: [CMS-concurrent-sweep: 0,000/0,000 secs] [Times: user=0,00 sys=0,00, real=0,00 secs] 
2017-02-01T13:56:17.232+0100: 2,609: [CMS-concurrent-reset-start]
2017-02-01T13:56:17.234+0100: 2,611: [CMS-concurrent-reset: 0,002/0,002 secs] [Times: user=0,00 sys=0,00, real=0,00 secs] 
2017-02-01T13:56:17.290+0100: 2,667: Total time for which application threads were stopped: 0,0013631 seconds, Stopping threads took: 0,0010742 seconds
{Heap before GC invocations=4 (full 1):
 par new generation   total 109248K, used 99417K [0x00000000e0000000, 0x00000000e8000000, 0x00000000e8000000)
  eden space 87424K, 100% used [0x00000000e0000000, 0x00000000e5560000, 0x00000000e5560000)
  from space 21824K,  54% used [0x00000000e5560000, 0x00000000e61164a0, 0x00000000e6ab0000)
  to   space 21824K,   0% used [0x00000000e6ab0000, 0x00000000e6ab0000, 0x00000000e8000000)
 concurrent mark-sweep generation total 393216K, used 0K [0x00000000e8000000, 0x0000000100000000, 0x0000000100000000)
 Metaspace       used 22682K, capacity 23038K, committed 23112K, reserved 1069056K
  class space    used 2651K, capacity 2781K, committed 2812K, reserved 1048576K
2017-02-01T13:56:17.359+0100: 2,736: [GC (Allocation Failure) 2017-02-01T13:56:17.359+0100: 2,736: [ParNew
Desired survivor size 20112992 bytes, new threshold 8 (max 8)
- age   1:    1238280 bytes,    1238280 total
- age   2:        496 bytes,    1238776 total
- age   3:     412960 bytes,    1651736 total
- age   4:    1175528 bytes,    2827264 total
- age   5:    6617792 bytes,    9445056 total
: 99417K->11629K(109248K), 0,0089918 secs] 99417K->11629K(502464K), 0,0090542 secs] [Times: user=0,03 sys=0,00, real=0,01 secs] 
Heap after GC invocations=5 (full 1):
 par new generation   total 109248K, used 11629K [0x00000000e0000000, 0x00000000e8000000, 0x00000000e8000000)
  eden space 87424K,   0% used [0x00000000e0000000, 0x00000000e0000000, 0x00000000e5560000)
  from space 21824K,  53% used [0x00000000e6ab0000, 0x00000000e760b480, 0x00000000e8000000)
  to   space 21824K,   0% used [0x00000000e5560000, 0x00000000e5560000, 0x00000000e6ab0000)
 concurrent mark-sweep generation total 393216K, used 0K [0x00000000e8000000, 0x0000000100000000, 0x0000000100000000)
 Metaspace       used 22682K, capacity 23038K, committed 23112K, reserved 1069056K
  class space    used 2651K, capacity 2781K, committed 2812K, reserved 1048576K
}
2017-02-01T13:56:17.368+0100: 2,745: Total time for which application threads were stopped: 0,0092145 seconds, Stopping threads took: 0,0000380 seconds
2017-02-01T13:56:17.483+0100: 2,859: Total time for which application threads were stopped: 0,0004636 seconds, Stopping threads took: 0,0000446 seconds
{Heap before GC invocations=5 (full 1):
 par new generation   total 109248K, used 99053K [0x00000000e0000000, 0x00000000e8000000, 0x00000000e8000000)
  eden space 87424K, 100% used [0x00000000e0000000, 0x00000000e5560000, 0x00000000e5560000)
  from space 21824K,  53% used [0x00000000e6ab0000, 0x00000000e760b480, 0x00000000e8000000)
  to   space 21824K,   0% used [0x00000000e5560000, 0x00000000e5560000, 0x00000000e6ab0000)
 concurrent mark-sweep generation total 393216K, used 0K [0x00000000e8000000, 0x0000000100000000, 0x0000000100000000)
 Metaspace       used 25913K, capacity 26206K, committed 26492K, reserved 1073152K
  class space    used 3030K, capacity 3155K, committed 3196K, reserved 1048576K
2017-02-01T13:56:17.756+0100: 3,133: [GC (Allocation Failure) 2017-02-01T13:56:17.756+0100: 3,133: [ParNew
Desired survivor size 20112992 bytes, new threshold 8 (max 8)
- age   1:    4415424 bytes,    4415424 total
- age   2:     276416 bytes,    4691840 total
- age   3:        496 bytes,    4692336 total
- age   4:     362840 bytes,    5055176 total
- age   5:     663096 bytes,    5718272 total
- age   6:    6615440 bytes,   12333712 total
: 99053K->16419K(109248K), 0,0114574 secs] 99053K->16419K(502464K), 0,0115374 secs] [Times: user=0,04 sys=0,00, real=0,02 secs] 
Heap after GC invocations=6 (full 1):
 par new generation   total 109248K, used 16419K [0x00000000e0000000, 0x00000000e8000000, 0x00000000e8000000)
  eden space 87424K,   0% used [0x00000000e0000000, 0x00000000e0000000, 0x00000000e5560000)
  from space 21824K,  75% used [0x00000000e5560000, 0x00000000e6568f00, 0x00000000e6ab0000)
  to   space 21824K,   0% used [0x00000000e6ab0000, 0x00000000e6ab0000, 0x00000000e8000000)
 concurrent mark-sweep generation total 393216K, used 0K [0x00000000e8000000, 0x0000000100000000, 0x0000000100000000)
 Metaspace       used 25913K, capacity 26206K, committed 26492K, reserved 1073152K
  class space    used 3030K, capacity 3155K, committed 3196K, reserved 1048576K
}
2017-02-01T13:56:17.767+0100: 3,144: Total time for which application threads were stopped: 0,0118056 seconds, Stopping threads took: 0,0000314 seconds
2017-02-01T13:56:17.825+0100: 3,202: Total time for which application threads were stopped: 0,0003755 seconds, Stopping threads took: 0,0000193 seconds
2017-02-01T13:56:17.861+0100: 3,237: Total time for which application threads were stopped: 0,0004780 seconds, Stopping threads took: 0,0000185 seconds
2017-02-01T13:56:17.912+0100: 3,289: Total time for which application threads were stopped: 0,0003914 seconds, Stopping threads took: 0,0000400 seconds
2017-02-01T13:56:18.679+0100: 4,056: Total time for which application threads were stopped: 0,0003155 seconds, Stopping threads took: 0,0000189 seconds
2017-02-01T13:56:46.683+0100: 32,060: Total time for which application threads were stopped: 0,0000744 seconds, Stopping threads took: 0,0000184 seconds
2017-02-01T13:58:46.696+0100: 152,073: Total time for which application threads were stopped: 0,0000771 seconds, Stopping threads took: 0,0000327 seconds
2017-02-01T13:58:51.696+0100: 157,073: Total time for which application threads were stopped: 0,0001120 seconds, Stopping threads took: 0,0000459 seconds
2017-02-01T13:59:20.699+0100: 186,076: Total time for which application threads were stopped: 0,0001217 seconds, Stopping threads took: 0,0000161 seconds
2017-02-01T14:00:50.708+0100: 276,085: Total time for which application threads were stopped: 0,0001150 seconds, Stopping threads took: 0,0000400 seconds
2017-02-01T14:01:01.709+0100: 287,086: Total time for which application threads were stopped: 0,0000772 seconds, Stopping threads took: 0,0000315 seconds
2017-02-01T14:19:55.823+0100: 1421,200: Total time for which application threads were stopped: 0,0000803 seconds, Stopping threads took: 0,0000333 seconds
2017-02-01T14:24:10.850+0100: 1676,227: Total time for which application threads were stopped: 0,0001223 seconds, Stopping threads took: 0,0000654 seconds
2017-02-01T14:34:50.920+0100: 2316,297: Total time for which application threads were stopped: 0,0000744 seconds, Stopping threads took: 0,0000296 seconds
2017-02-01T14:34:51.920+0100: 2317,297: Total time for which application threads were stopped: 0,0000631 seconds, Stopping threads took: 0,0000141 seconds
2017-02-01T14:49:32.015+0100: 3197,391: Total time for which application threads were stopped: 0,0001422 seconds, Stopping threads took: 0,0000700 seconds
2017-02-01T14:52:16.032+0100: 3361,409: Total time for which application threads were stopped: 0,0006181 seconds, Stopping threads took: 0,0002580 seconds
2017-02-01T14:56:46.061+0100: 3631,438: Total time for which application threads were stopped: 0,0000769 seconds, Stopping threads took: 0,0000283 seconds
2017-02-01T14:59:46.081+0100: 3811,458: Total time for which application threads were stopped: 0,0000748 seconds, Stopping threads took: 0,0000279 seconds
2017-02-01T15:00:16.084+0100: 3841,461: Total time for which application threads were stopped: 0,0000889 seconds, Stopping threads took: 0,0000338 seconds
2017-02-01T15:01:16.091+0100: 3901,468: Total time for which application threads were stopped: 0,0007313 seconds, Stopping threads took: 0,0001608 seconds
2017-02-01T15:01:26.092+0100: 3911,469: Total time for which application threads were stopped: 0,0000744 seconds, Stopping threads took: 0,0000288 seconds
2017-02-01T15:03:16.102+0100: 4021,479: Total time for which application threads were stopped: 0,0005557 seconds, Stopping threads took: 0,0001386 seconds
2017-02-01T15:28:37.269+0100: 5542,646: Total time for which application threads were stopped: 0,0001271 seconds, Stopping threads took: 0,0000488 seconds
2017-02-01T15:28:42.270+0100: 5547,646: Total time for which application threads were stopped: 0,0002018 seconds, Stopping threads took: 0,0001256 seconds
2017-02-01T15:42:57.372+0100: 6402,748: Total time for which application threads were stopped: 0,0001607 seconds, Stopping threads took: 0,0000640 seconds
2017-02-01T16:00:16.531+0100: 7441,907: Total time for which application threads were stopped: 0,0000979 seconds, Stopping threads took: 0,0000375 seconds
2017-02-01T16:01:16.540+0100: 7501,917: Total time for which application threads were stopped: 0,0000734 seconds, Stopping threads took: 0,0000279 seconds
2017-02-01T16:04:16.563+0100: 7681,940: Total time for which application threads were stopped: 0,0000875 seconds, Stopping threads took: 0,0000372 seconds
2017-02-01T17:08:46.986+0100: 11552,363: Total time for which application threads were stopped: 0,0000764 seconds, Stopping threads took: 0,0000309 seconds
2017-02-01T18:12:16.367+0100: 15361,744: Total time for which application threads were stopped: 0,0000774 seconds, Stopping threads took: 0,0000284 seconds
2017-02-01T18:17:16.397+0100: 15661,774: Total time for which application threads were stopped: 0,0003153 seconds, Stopping threads took: 0,0000728 seconds
2017-02-01T19:48:00.396+0100: 21105,773: Total time for which application threads were stopped: 0,0001496 seconds, Stopping threads took: 0,0000346 seconds
Heap
 par new generation   total 109248K, used 76829K [0x00000000e0000000, 0x00000000e8000000, 0x00000000e8000000)
  eden space 87424K,  69% used [0x00000000e0000000, 0x00000000e3afe8f0, 0x00000000e5560000)
  from space 21824K,  75% used [0x00000000e5560000, 0x00000000e6568f00, 0x00000000e6ab0000)
  to   space 21824K,   0% used [0x00000000e6ab0000, 0x00000000e6ab0000, 0x00000000e8000000)
 concurrent mark-sweep generation total 393216K, used 0K [0x00000000e8000000, 0x0000000100000000, 0x0000000100000000)
 Metaspace       used 28869K, capacity 29332K, committed 29692K, reserved 1075200K
  class space    used 3338K, capacity 3488K, committed 3580K, reserved 1048576K
