OpenJDK 64-Bit Server VM (25.131-b11) for linux-amd64 JRE (1.8.0_131-8u131-b11-0ubuntu1.16.04.2-b11), built on May  6 2017 02:45:27 by "buildd" with gcc 5.4.0 20160609
Memory: 4k page, physical 7867740k(7469840k free), swap 8076284k(8076284k free)
CommandLine flags: -XX:CMSInitiatingOccupancyFraction=50 -XX:CMSMaxAbortablePrecleanTime=6000 -XX:+CMSParallelRemarkEnabled -XX:+CMSScavengeBeforeRemark -XX:ConcGCThreads=4 -XX:InitialHeapSize=536870912 -XX:MaxHeapSize=536870912 -XX:MaxTenuringThreshold=8 -XX:NewRatio=3 -XX:OldPLABSize=16 -XX:OnOutOfMemoryError=/opt/solr/bin/oom_solr.sh 8983 /var/solr/logs -XX:ParallelGCThreads=4 -XX:+ParallelRefProcEnabled -XX:PretenureSizeThreshold=67108864 -XX:+PrintGC -XX:+PrintGCApplicationStoppedTime -XX:+PrintGCDateStamps -XX:+PrintGCDetails -XX:+PrintGCTimeStamps -XX:+PrintHeapAtGC -XX:+PrintTenuringDistribution -XX:SurvivorRatio=4 -XX:TargetSurvivorRatio=90 -XX:ThreadStackSize=256 -XX:+UseCMSInitiatingOccupancyOnly -XX:+UseCompressedClassPointers -XX:+UseCompressedOops -XX:+UseConcMarkSweepGC -XX:+UseParNewGC 
2017-07-05T18:23:22.779+0200: 0,153: Total time for which application threads were stopped: 0,0000719 seconds, Stopping threads took: 0,0000133 seconds
2017-07-05T18:23:22.892+0200: 0,266: Total time for which application threads were stopped: 0,0001135 seconds, Stopping threads took: 0,0000158 seconds
2017-07-05T18:23:22.916+0200: 0,290: Total time for which application threads were stopped: 0,0000824 seconds, Stopping threads took: 0,0000129 seconds
2017-07-05T18:23:23.233+0200: 0,606: Total time for which application threads were stopped: 0,0001241 seconds, Stopping threads took: 0,0000150 seconds
2017-07-05T18:23:23.647+0200: 1,021: Total time for which application threads were stopped: 0,0001875 seconds, Stopping threads took: 0,0000338 seconds
2017-07-05T18:23:23.740+0200: 1,114: Total time for which application threads were stopped: 0,0001758 seconds, Stopping threads took: 0,0000286 seconds
2017-07-05T18:23:23.780+0200: 1,154: Total time for which application threads were stopped: 0,0001808 seconds, Stopping threads took: 0,0000170 seconds
2017-07-05T18:23:24.115+0200: 1,489: Total time for which application threads were stopped: 0,0001611 seconds, Stopping threads took: 0,0000128 seconds
2017-07-05T18:23:24.363+0200: 1,737: Total time for which application threads were stopped: 0,0004590 seconds, Stopping threads took: 0,0000145 seconds
2017-07-05T18:23:24.393+0200: 1,766: Total time for which application threads were stopped: 0,0001994 seconds, Stopping threads took: 0,0000422 seconds
2017-07-05T18:23:24.434+0200: 1,808: Total time for which application threads were stopped: 0,0005761 seconds, Stopping threads took: 0,0001431 seconds
2017-07-05T18:23:24.436+0200: 1,810: Total time for which application threads were stopped: 0,0004959 seconds, Stopping threads took: 0,0000483 seconds
2017-07-05T18:23:24.455+0200: 1,829: Total time for which application threads were stopped: 0,0001721 seconds, Stopping threads took: 0,0000189 seconds
2017-07-05T18:23:24.559+0200: 1,932: Total time for which application threads were stopped: 0,0002378 seconds, Stopping threads took: 0,0000182 seconds
2017-07-05T18:23:24.741+0200: 2,114: Total time for which application threads were stopped: 0,0003150 seconds, Stopping threads took: 0,0000590 seconds
{Heap before GC invocations=0 (full 0):
 par new generation   total 109248K, used 87424K [0x00000000e0000000, 0x00000000e8000000, 0x00000000e8000000)
  eden space 87424K, 100% used [0x00000000e0000000, 0x00000000e5560000, 0x00000000e5560000)
  from space 21824K,   0% used [0x00000000e5560000, 0x00000000e5560000, 0x00000000e6ab0000)
  to   space 21824K,   0% used [0x00000000e6ab0000, 0x00000000e6ab0000, 0x00000000e8000000)
 concurrent mark-sweep generation total 393216K, used 0K [0x00000000e8000000, 0x0000000100000000, 0x0000000100000000)
 Metaspace       used 18024K, capacity 18336K, committed 18688K, reserved 1064960K
  class space    used 2036K, capacity 2196K, committed 2304K, reserved 1048576K
2017-07-05T18:23:24.834+0200: 2,207: [GC (Allocation Failure) 2017-07-05T18:23:24.834+0200: 2,207: [ParNew
Desired survivor size 20112992 bytes, new threshold 8 (max 8)
- age   1:   12594752 bytes,   12594752 total
: 87424K->12414K(109248K), 0,0160225 secs] 87424K->12414K(502464K), 0,0160952 secs] [Times: user=0,05 sys=0,01, real=0,01 secs] 
Heap after GC invocations=1 (full 0):
 par new generation   total 109248K, used 12414K [0x00000000e0000000, 0x00000000e8000000, 0x00000000e8000000)
  eden space 87424K,   0% used [0x00000000e0000000, 0x00000000e0000000, 0x00000000e5560000)
  from space 21824K,  56% used [0x00000000e6ab0000, 0x00000000e76cfbf0, 0x00000000e8000000)
  to   space 21824K,   0% used [0x00000000e5560000, 0x00000000e5560000, 0x00000000e6ab0000)
 concurrent mark-sweep generation total 393216K, used 0K [0x00000000e8000000, 0x0000000100000000, 0x0000000100000000)
 Metaspace       used 18024K, capacity 18336K, committed 18688K, reserved 1064960K
  class space    used 2036K, capacity 2196K, committed 2304K, reserved 1048576K
}
2017-07-05T18:23:24.850+0200: 2,223: Total time for which application threads were stopped: 0,0176185 seconds, Stopping threads took: 0,0013337 seconds
2017-07-05T18:23:25.200+0200: 2,574: Total time for which application threads were stopped: 0,0003971 seconds, Stopping threads took: 0,0000552 seconds
2017-07-05T18:23:25.240+0200: 2,614: Total time for which application threads were stopped: 0,0008272 seconds, Stopping threads took: 0,0004011 seconds
{Heap before GC invocations=1 (full 0):
 par new generation   total 109248K, used 99838K [0x00000000e0000000, 0x00000000e8000000, 0x00000000e8000000)
  eden space 87424K, 100% used [0x00000000e0000000, 0x00000000e5560000, 0x00000000e5560000)
  from space 21824K,  56% used [0x00000000e6ab0000, 0x00000000e76cfbf0, 0x00000000e8000000)
  to   space 21824K,   0% used [0x00000000e5560000, 0x00000000e5560000, 0x00000000e6ab0000)
 concurrent mark-sweep generation total 393216K, used 0K [0x00000000e8000000, 0x0000000100000000, 0x0000000100000000)
 Metaspace       used 20053K, capacity 20372K, committed 20736K, reserved 1067008K
  class space    used 2298K, capacity 2472K, committed 2560K, reserved 1048576K
2017-07-05T18:23:25.247+0200: 2,621: [GC (Allocation Failure) 2017-07-05T18:23:25.247+0200: 2,621: [ParNew
Desired survivor size 20112992 bytes, new threshold 8 (max 8)
- age   1:    3780568 bytes,    3780568 total
- age   2:    6664232 bytes,   10444800 total
: 99838K->13657K(109248K), 0,0144355 secs] 99838K->13657K(502464K), 0,0144952 secs] [Times: user=0,04 sys=0,00, real=0,02 secs] 
Heap after GC invocations=2 (full 0):
 par new generation   total 109248K, used 13657K [0x00000000e0000000, 0x00000000e8000000, 0x00000000e8000000)
  eden space 87424K,   0% used [0x00000000e0000000, 0x00000000e0000000, 0x00000000e5560000)
  from space 21824K,  62% used [0x00000000e5560000, 0x00000000e62b6748, 0x00000000e6ab0000)
  to   space 21824K,   0% used [0x00000000e6ab0000, 0x00000000e6ab0000, 0x00000000e8000000)
 concurrent mark-sweep generation total 393216K, used 0K [0x00000000e8000000, 0x0000000100000000, 0x0000000100000000)
 Metaspace       used 20053K, capacity 20372K, committed 20736K, reserved 1067008K
  class space    used 2298K, capacity 2472K, committed 2560K, reserved 1048576K
}
2017-07-05T18:23:25.262+0200: 2,635: Total time for which application threads were stopped: 0,0146853 seconds, Stopping threads took: 0,0000606 seconds
2017-07-05T18:23:25.295+0200: 2,669: Total time for which application threads were stopped: 0,0003928 seconds, Stopping threads took: 0,0000374 seconds
2017-07-05T18:23:25.413+0200: 2,787: Total time for which application threads were stopped: 0,0002194 seconds, Stopping threads took: 0,0000515 seconds
{Heap before GC invocations=2 (full 0):
 par new generation   total 109248K, used 101081K [0x00000000e0000000, 0x00000000e8000000, 0x00000000e8000000)
  eden space 87424K, 100% used [0x00000000e0000000, 0x00000000e5560000, 0x00000000e5560000)
  from space 21824K,  62% used [0x00000000e5560000, 0x00000000e62b6748, 0x00000000e6ab0000)
  to   space 21824K,   0% used [0x00000000e6ab0000, 0x00000000e6ab0000, 0x00000000e8000000)
 concurrent mark-sweep generation total 393216K, used 0K [0x00000000e8000000, 0x0000000100000000, 0x0000000100000000)
 Metaspace       used 20966K, capacity 21294K, committed 21628K, reserved 1069056K
  class space    used 2418K, capacity 2591K, committed 2684K, reserved 1048576K
2017-07-05T18:23:25.455+0200: 2,829: [GC (Allocation Failure) 2017-07-05T18:23:25.455+0200: 2,829: [ParNew
Desired survivor size 20112992 bytes, new threshold 8 (max 8)
- age   1:    2110384 bytes,    2110384 total
- age   2:     841440 bytes,    2951824 total
- age   3:    6663224 bytes,    9615048 total
: 101081K->12996K(109248K), 0,0099482 secs] 101081K->12996K(502464K), 0,0100242 secs] [Times: user=0,04 sys=0,00, real=0,01 secs] 
Heap after GC invocations=3 (full 0):
 par new generation   total 109248K, used 12996K [0x00000000e0000000, 0x00000000e8000000, 0x00000000e8000000)
  eden space 87424K,   0% used [0x00000000e0000000, 0x00000000e0000000, 0x00000000e5560000)
  from space 21824K,  59% used [0x00000000e6ab0000, 0x00000000e77610d8, 0x00000000e8000000)
  to   space 21824K,   0% used [0x00000000e5560000, 0x00000000e5560000, 0x00000000e6ab0000)
 concurrent mark-sweep generation total 393216K, used 0K [0x00000000e8000000, 0x0000000100000000, 0x0000000100000000)
 Metaspace       used 20966K, capacity 21294K, committed 21628K, reserved 1069056K
  class space    used 2418K, capacity 2591K, committed 2684K, reserved 1048576K
}
2017-07-05T18:23:25.465+0200: 2,839: Total time for which application threads were stopped: 0,0102294 seconds, Stopping threads took: 0,0000499 seconds
2017-07-05T18:23:25.465+0200: 2,839: [GC (CMS Initial Mark) [1 CMS-initial-mark: 0K(393216K)] 13028K(502464K), 0,0031229 secs] [Times: user=0,00 sys=0,00, real=0,00 secs] 
2017-07-05T18:23:25.468+0200: 2,842: Total time for which application threads were stopped: 0,0032459 seconds, Stopping threads took: 0,0000246 seconds
2017-07-05T18:23:25.468+0200: 2,842: [CMS-concurrent-mark-start]
2017-07-05T18:23:25.469+0200: 2,843: [CMS-concurrent-mark: 0,000/0,000 secs] [Times: user=0,01 sys=0,00, real=0,00 secs] 
2017-07-05T18:23:25.469+0200: 2,843: [CMS-concurrent-preclean-start]
2017-07-05T18:23:25.470+0200: 2,844: [CMS-concurrent-preclean: 0,001/0,001 secs] [Times: user=0,00 sys=0,00, real=0,00 secs] 
2017-07-05T18:23:25.470+0200: 2,844: [GC (CMS Final Remark) [YG occupancy: 13735 K (109248 K)]{Heap before GC invocations=3 (full 1):
 par new generation   total 109248K, used 13735K [0x00000000e0000000, 0x00000000e8000000, 0x00000000e8000000)
  eden space 87424K,   0% used [0x00000000e0000000, 0x00000000e00b8c28, 0x00000000e5560000)
  from space 21824K,  59% used [0x00000000e6ab0000, 0x00000000e77610d8, 0x00000000e8000000)
  to   space 21824K,   0% used [0x00000000e5560000, 0x00000000e5560000, 0x00000000e6ab0000)
 concurrent mark-sweep generation total 393216K, used 0K [0x00000000e8000000, 0x0000000100000000, 0x0000000100000000)
 Metaspace       used 20977K, capacity 21294K, committed 21628K, reserved 1069056K
  class space    used 2419K, capacity 2591K, committed 2684K, reserved 1048576K
2017-07-05T18:23:25.470+0200: 2,844: [GC (CMS Final Remark) 2017-07-05T18:23:25.470+0200: 2,844: [ParNew
Desired survivor size 20112992 bytes, new threshold 8 (max 8)
- age   1:     182496 bytes,     182496 total
- age   2:    2107672 bytes,    2290168 total
- age   3:     841440 bytes,    3131608 total
- age   4:    6663248 bytes,    9794856 total
: 13735K->11171K(109248K), 0,0102130 secs] 13735K->11171K(502464K), 0,0102538 secs] [Times: user=0,04 sys=0,00, real=0,01 secs] 
Heap after GC invocations=4 (full 1):
 par new generation   total 109248K, used 11171K [0x00000000e0000000, 0x00000000e8000000, 0x00000000e8000000)
  eden space 87424K,   0% used [0x00000000e0000000, 0x00000000e0000000, 0x00000000e5560000)
  from space 21824K,  51% used [0x00000000e5560000, 0x00000000e6048dd8, 0x00000000e6ab0000)
  to   space 21824K,   0% used [0x00000000e6ab0000, 0x00000000e6ab0000, 0x00000000e8000000)
 concurrent mark-sweep generation total 393216K, used 0K [0x00000000e8000000, 0x0000000100000000, 0x0000000100000000)
 Metaspace       used 20977K, capacity 21294K, committed 21628K, reserved 1069056K
  class space    used 2419K, capacity 2591K, committed 2684K, reserved 1048576K
}
2017-07-05T18:23:25.481+0200: 2,854: [Rescan (parallel) , 0,0030861 secs]2017-07-05T18:23:25.484+0200: 2,857: [weak refs processing, 0,0004975 secs]2017-07-05T18:23:25.484+0200: 2,858: [class unloading, 0,0027275 secs]2017-07-05T18:23:25.487+0200: 2,861: [scrub symbol table, 0,0024693 secs]2017-07-05T18:23:25.489+0200: 2,863: [scrub string table, 0,0003722 secs][1 CMS-remark: 0K(393216K)] 11171K(502464K), 0,0200221 secs] [Times: user=0,06 sys=0,00, real=0,02 secs] 
2017-07-05T18:23:25.490+0200: 2,864: Total time for which application threads were stopped: 0,0201650 seconds, Stopping threads took: 0,0000509 seconds
2017-07-05T18:23:25.490+0200: 2,864: [CMS-concurrent-sweep-start]
2017-07-05T18:23:25.490+0200: 2,864: [CMS-concurrent-sweep: 0,000/0,000 secs] [Times: user=0,00 sys=0,00, real=0,00 secs] 
2017-07-05T18:23:25.490+0200: 2,864: [CMS-concurrent-reset-start]
2017-07-05T18:23:25.493+0200: 2,867: [CMS-concurrent-reset: 0,003/0,003 secs] [Times: user=0,01 sys=0,00, real=0,00 secs] 
{Heap before GC invocations=4 (full 1):
 par new generation   total 109248K, used 98595K [0x00000000e0000000, 0x00000000e8000000, 0x00000000e8000000)
  eden space 87424K, 100% used [0x00000000e0000000, 0x00000000e5560000, 0x00000000e5560000)
  from space 21824K,  51% used [0x00000000e5560000, 0x00000000e6048dd8, 0x00000000e6ab0000)
  to   space 21824K,   0% used [0x00000000e6ab0000, 0x00000000e6ab0000, 0x00000000e8000000)
 concurrent mark-sweep generation total 393216K, used 0K [0x00000000e8000000, 0x0000000100000000, 0x0000000100000000)
 Metaspace       used 21220K, capacity 21582K, committed 21884K, reserved 1069056K
  class space    used 2447K, capacity 2608K, committed 2684K, reserved 1048576K
2017-07-05T18:23:25.592+0200: 2,966: [GC (Allocation Failure) 2017-07-05T18:23:25.592+0200: 2,966: [ParNew
Desired survivor size 20112992 bytes, new threshold 8 (max 8)
- age   1:    1332496 bytes,    1332496 total
- age   2:       1424 bytes,    1333920 total
- age   3:    1463472 bytes,    2797392 total
- age   4:     807168 bytes,    3604560 total
- age   5:    6663160 bytes,   10267720 total
: 98595K->14726K(109248K), 0,0135297 secs] 98595K->14726K(502464K), 0,0135996 secs] [Times: user=0,05 sys=0,00, real=0,02 secs] 
Heap after GC invocations=5 (full 1):
 par new generation   total 109248K, used 14726K [0x00000000e0000000, 0x00000000e8000000, 0x00000000e8000000)
  eden space 87424K,   0% used [0x00000000e0000000, 0x00000000e0000000, 0x00000000e5560000)
  from space 21824K,  67% used [0x00000000e6ab0000, 0x00000000e79119e0, 0x00000000e8000000)
  to   space 21824K,   0% used [0x00000000e5560000, 0x00000000e5560000, 0x00000000e6ab0000)
 concurrent mark-sweep generation total 393216K, used 0K [0x00000000e8000000, 0x0000000100000000, 0x0000000100000000)
 Metaspace       used 21220K, capacity 21582K, committed 21884K, reserved 1069056K
  class space    used 2447K, capacity 2608K, committed 2684K, reserved 1048576K
}
2017-07-05T18:23:25.606+0200: 2,980: Total time for which application threads were stopped: 0,0138546 seconds, Stopping threads took: 0,0000885 seconds
{Heap before GC invocations=5 (full 1):
 par new generation   total 109248K, used 102150K [0x00000000e0000000, 0x00000000e8000000, 0x00000000e8000000)
  eden space 87424K, 100% used [0x00000000e0000000, 0x00000000e5560000, 0x00000000e5560000)
  from space 21824K,  67% used [0x00000000e6ab0000, 0x00000000e79119e0, 0x00000000e8000000)
  to   space 21824K,   0% used [0x00000000e5560000, 0x00000000e5560000, 0x00000000e6ab0000)
 concurrent mark-sweep generation total 393216K, used 0K [0x00000000e8000000, 0x0000000100000000, 0x0000000100000000)
 Metaspace       used 21386K, capacity 21818K, committed 21884K, reserved 1069056K
  class space    used 2468K, capacity 2642K, committed 2684K, reserved 1048576K
2017-07-05T18:23:25.691+0200: 3,065: [GC (Allocation Failure) 2017-07-05T18:23:25.691+0200: 3,065: [ParNew
Desired survivor size 20112992 bytes, new threshold 8 (max 8)
- age   1:    1048096 bytes,    1048096 total
- age   2:     191032 bytes,    1239128 total
- age   3:       1424 bytes,    1240552 total
- age   4:    1463056 bytes,    2703608 total
- age   5:     806016 bytes,    3509624 total
- age   6:    6663336 bytes,   10172960 total
: 102150K->11727K(109248K), 0,0096968 secs] 102150K->11727K(502464K), 0,0097642 secs] [Times: user=0,03 sys=0,00, real=0,01 secs] 
Heap after GC invocations=6 (full 1):
 par new generation   total 109248K, used 11727K [0x00000000e0000000, 0x00000000e8000000, 0x00000000e8000000)
  eden space 87424K,   0% used [0x00000000e0000000, 0x00000000e0000000, 0x00000000e5560000)
  from space 21824K,  53% used [0x00000000e5560000, 0x00000000e60d3f40, 0x00000000e6ab0000)
  to   space 21824K,   0% used [0x00000000e6ab0000, 0x00000000e6ab0000, 0x00000000e8000000)
 concurrent mark-sweep generation total 393216K, used 0K [0x00000000e8000000, 0x0000000100000000, 0x0000000100000000)
 Metaspace       used 21386K, capacity 21818K, committed 21884K, reserved 1069056K
  class space    used 2468K, capacity 2642K, committed 2684K, reserved 1048576K
}
2017-07-05T18:23:25.701+0200: 3,075: Total time for which application threads were stopped: 0,0117510 seconds, Stopping threads took: 0,0018124 seconds
2017-07-05T18:23:25.741+0200: 3,115: Total time for which application threads were stopped: 0,0003616 seconds, Stopping threads took: 0,0000304 seconds
2017-07-05T18:23:25.973+0200: 3,347: Total time for which application threads were stopped: 0,0005643 seconds, Stopping threads took: 0,0000335 seconds
2017-07-05T18:23:25.989+0200: 3,363: Total time for which application threads were stopped: 0,0004575 seconds, Stopping threads took: 0,0000581 seconds
{Heap before GC invocations=6 (full 1):
 par new generation   total 109248K, used 99151K [0x00000000e0000000, 0x00000000e8000000, 0x00000000e8000000)
  eden space 87424K, 100% used [0x00000000e0000000, 0x00000000e5560000, 0x00000000e5560000)
  from space 21824K,  53% used [0x00000000e5560000, 0x00000000e60d3f40, 0x00000000e6ab0000)
  to   space 21824K,   0% used [0x00000000e6ab0000, 0x00000000e6ab0000, 0x00000000e8000000)
 concurrent mark-sweep generation total 393216K, used 0K [0x00000000e8000000, 0x0000000100000000, 0x0000000100000000)
 Metaspace       used 23744K, capacity 24252K, committed 24572K, reserved 1071104K
  class space    used 2795K, capacity 2985K, committed 3068K, reserved 1048576K
2017-07-05T18:23:26.150+0200: 3,523: [GC (Allocation Failure) 2017-07-05T18:23:26.150+0200: 3,523: [ParNew
Desired survivor size 20112992 bytes, new threshold 8 (max 8)
- age   1:    5215600 bytes,    5215600 total
- age   2:     110792 bytes,    5326392 total
- age   3:     189608 bytes,    5516000 total
- age   4:       1424 bytes,    5517424 total
- age   5:     293272 bytes,    5810696 total
- age   6:     781696 bytes,    6592392 total
- age   7:    6654832 bytes,   13247224 total
: 99151K->15604K(109248K), 0,0235794 secs] 99151K->15604K(502464K), 0,0236512 secs] [Times: user=0,06 sys=0,00, real=0,02 secs] 
Heap after GC invocations=7 (full 1):
 par new generation   total 109248K, used 15604K [0x00000000e0000000, 0x00000000e8000000, 0x00000000e8000000)
  eden space 87424K,   0% used [0x00000000e0000000, 0x00000000e0000000, 0x00000000e5560000)
  from space 21824K,  71% used [0x00000000e6ab0000, 0x00000000e79ed0d0, 0x00000000e8000000)
  to   space 21824K,   0% used [0x00000000e5560000, 0x00000000e5560000, 0x00000000e6ab0000)
 concurrent mark-sweep generation total 393216K, used 0K [0x00000000e8000000, 0x0000000100000000, 0x0000000100000000)
 Metaspace       used 23744K, capacity 24252K, committed 24572K, reserved 1071104K
  class space    used 2795K, capacity 2985K, committed 3068K, reserved 1048576K
}
2017-07-05T18:23:26.173+0200: 3,547: Total time for which application threads were stopped: 0,0263728 seconds, Stopping threads took: 0,0025364 seconds
{Heap before GC invocations=7 (full 1):
 par new generation   total 109248K, used 103028K [0x00000000e0000000, 0x00000000e8000000, 0x00000000e8000000)
  eden space 87424K, 100% used [0x00000000e0000000, 0x00000000e5560000, 0x00000000e5560000)
  from space 21824K,  71% used [0x00000000e6ab0000, 0x00000000e79ed0d0, 0x00000000e8000000)
  to   space 21824K,   0% used [0x00000000e5560000, 0x00000000e5560000, 0x00000000e6ab0000)
 concurrent mark-sweep generation total 393216K, used 0K [0x00000000e8000000, 0x0000000100000000, 0x0000000100000000)
 Metaspace       used 24438K, capacity 24904K, committed 25084K, reserved 1071104K
  class space    used 2865K, capacity 3052K, committed 3068K, reserved 1048576K
2017-07-05T18:23:26.324+0200: 3,698: [GC (Allocation Failure) 2017-07-05T18:23:26.324+0200: 3,698: [ParNew
Desired survivor size 20112992 bytes, new threshold 8 (max 8)
- age   1:    2358640 bytes,    2358640 total
- age   2:    1782744 bytes,    4141384 total
- age   3:      57352 bytes,    4198736 total
- age   4:     104168 bytes,    4302904 total
- age   5:       1088 bytes,    4303992 total
- age   6:     179896 bytes,    4483888 total
- age   7:     754104 bytes,    5237992 total
- age   8:    6121280 bytes,   11359272 total
: 103028K->14914K(109248K), 0,0150879 secs] 103028K->14914K(502464K), 0,0151628 secs] [Times: user=0,05 sys=0,00, real=0,01 secs] 
Heap after GC invocations=8 (full 1):
 par new generation   total 109248K, used 14914K [0x00000000e0000000, 0x00000000e8000000, 0x00000000e8000000)
  eden space 87424K,   0% used [0x00000000e0000000, 0x00000000e0000000, 0x00000000e5560000)
  from space 21824K,  68% used [0x00000000e5560000, 0x00000000e63f0ac0, 0x00000000e6ab0000)
  to   space 21824K,   0% used [0x00000000e6ab0000, 0x00000000e6ab0000, 0x00000000e8000000)
 concurrent mark-sweep generation total 393216K, used 0K [0x00000000e8000000, 0x0000000100000000, 0x0000000100000000)
 Metaspace       used 24438K, capacity 24904K, committed 25084K, reserved 1071104K
  class space    used 2865K, capacity 3052K, committed 3068K, reserved 1048576K
}
2017-07-05T18:23:26.339+0200: 3,713: Total time for which application threads were stopped: 0,0154937 seconds, Stopping threads took: 0,0001624 seconds
{Heap before GC invocations=8 (full 1):
 par new generation   total 109248K, used 102338K [0x00000000e0000000, 0x00000000e8000000, 0x00000000e8000000)
  eden space 87424K, 100% used [0x00000000e0000000, 0x00000000e5560000, 0x00000000e5560000)
  from space 21824K,  68% used [0x00000000e5560000, 0x00000000e63f0ac0, 0x00000000e6ab0000)
  to   space 21824K,   0% used [0x00000000e6ab0000, 0x00000000e6ab0000, 0x00000000e8000000)
 concurrent mark-sweep generation total 393216K, used 0K [0x00000000e8000000, 0x0000000100000000, 0x0000000100000000)
 Metaspace       used 24769K, capacity 25276K, committed 25468K, reserved 1071104K
  class space    used 2895K, capacity 3087K, committed 3196K, reserved 1048576K
2017-07-05T18:23:26.422+0200: 3,795: [GC (Allocation Failure) 2017-07-05T18:23:26.422+0200: 3,795: [ParNew
Desired survivor size 20112992 bytes, new threshold 8 (max 8)
- age   1:    1093424 bytes,    1093424 total
- age   2:    1038168 bytes,    2131592 total
- age   3:    1755784 bytes,    3887376 total
- age   4:      57304 bytes,    3944680 total
- age   5:     103968 bytes,    4048648 total
- age   6:       1088 bytes,    4049736 total
- age   7:     179488 bytes,    4229224 total
- age   8:     754056 bytes,    4983280 total
: 102338K->7141K(109248K), 0,0282722 secs] 102338K->13199K(502464K), 0,0283428 secs] [Times: user=0,10 sys=0,00, real=0,02 secs] 
Heap after GC invocations=9 (full 1):
 par new generation   total 109248K, used 7141K [0x00000000e0000000, 0x00000000e8000000, 0x00000000e8000000)
  eden space 87424K,   0% used [0x00000000e0000000, 0x00000000e0000000, 0x00000000e5560000)
  from space 21824K,  32% used [0x00000000e6ab0000, 0x00000000e71a9760, 0x00000000e8000000)
  to   space 21824K,   0% used [0x00000000e5560000, 0x00000000e5560000, 0x00000000e6ab0000)
 concurrent mark-sweep generation total 393216K, used 6057K [0x00000000e8000000, 0x0000000100000000, 0x0000000100000000)
 Metaspace       used 24769K, capacity 25276K, committed 25468K, reserved 1071104K
  class space    used 2895K, capacity 3087K, committed 3196K, reserved 1048576K
}
2017-07-05T18:23:26.450+0200: 3,824: Total time for which application threads were stopped: 0,0287590 seconds, Stopping threads took: 0,0002422 seconds
2017-07-05T18:23:26.652+0200: 4,026: Total time for which application threads were stopped: 0,0003936 seconds, Stopping threads took: 0,0000168 seconds
2017-07-05T18:23:26.682+0200: 4,055: Total time for which application threads were stopped: 0,0027744 seconds, Stopping threads took: 0,0025175 seconds
2017-07-05T18:23:26.683+0200: 4,057: Total time for which application threads were stopped: 0,0001093 seconds, Stopping threads took: 0,0000273 seconds
2017-07-05T18:23:26.687+0200: 4,060: Total time for which application threads were stopped: 0,0001157 seconds, Stopping threads took: 0,0000412 seconds
2017-07-05T18:23:26.694+0200: 4,068: Total time for which application threads were stopped: 0,0001272 seconds, Stopping threads took: 0,0000457 seconds
2017-07-05T18:23:26.697+0200: 4,071: Total time for which application threads were stopped: 0,0000917 seconds, Stopping threads took: 0,0000214 seconds
2017-07-05T18:23:26.699+0200: 4,073: Total time for which application threads were stopped: 0,0001022 seconds, Stopping threads took: 0,0000327 seconds
2017-07-05T18:23:26.701+0200: 4,075: Total time for which application threads were stopped: 0,0003835 seconds, Stopping threads took: 0,0000229 seconds
2017-07-05T18:23:26.703+0200: 4,077: Total time for which application threads were stopped: 0,0001218 seconds, Stopping threads took: 0,0000410 seconds
2017-07-05T18:23:26.705+0200: 4,079: Total time for which application threads were stopped: 0,0001363 seconds, Stopping threads took: 0,0000689 seconds
2017-07-05T18:23:26.713+0200: 4,087: Total time for which application threads were stopped: 0,0028901 seconds, Stopping threads took: 0,0028076 seconds
2017-07-05T18:23:26.717+0200: 4,090: Total time for which application threads were stopped: 0,0000913 seconds, Stopping threads took: 0,0000167 seconds
2017-07-05T18:23:26.717+0200: 4,091: Total time for which application threads were stopped: 0,0003281 seconds, Stopping threads took: 0,0000079 seconds
2017-07-05T18:23:26.728+0200: 4,102: Total time for which application threads were stopped: 0,0001191 seconds, Stopping threads took: 0,0000329 seconds
2017-07-05T18:23:26.729+0200: 4,102: Total time for which application threads were stopped: 0,0000984 seconds, Stopping threads took: 0,0000266 seconds
2017-07-05T18:23:26.729+0200: 4,103: Total time for which application threads were stopped: 0,0001042 seconds, Stopping threads took: 0,0000201 seconds
2017-07-05T18:23:26.766+0200: 4,140: Total time for which application threads were stopped: 0,0006218 seconds, Stopping threads took: 0,0002583 seconds
2017-07-05T18:23:26.777+0200: 4,151: Total time for which application threads were stopped: 0,0002945 seconds, Stopping threads took: 0,0001982 seconds
2017-07-05T18:23:26.778+0200: 4,151: Total time for which application threads were stopped: 0,0000787 seconds, Stopping threads took: 0,0000281 seconds
2017-07-05T18:23:26.784+0200: 4,158: Total time for which application threads were stopped: 0,0001190 seconds, Stopping threads took: 0,0000404 seconds
2017-07-05T18:23:26.785+0200: 4,158: Total time for which application threads were stopped: 0,0001030 seconds, Stopping threads took: 0,0000328 seconds
2017-07-05T18:23:26.785+0200: 4,159: Total time for which application threads were stopped: 0,0000981 seconds, Stopping threads took: 0,0000288 seconds
2017-07-05T18:23:26.786+0200: 4,159: Total time for which application threads were stopped: 0,0000913 seconds, Stopping threads took: 0,0000281 seconds
2017-07-05T18:23:26.787+0200: 4,161: Total time for which application threads were stopped: 0,0001285 seconds, Stopping threads took: 0,0000320 seconds
2017-07-05T18:23:26.787+0200: 4,161: Total time for which application threads were stopped: 0,0000731 seconds, Stopping threads took: 0,0000136 seconds
2017-07-05T18:23:26.789+0200: 4,163: Total time for which application threads were stopped: 0,0018921 seconds, Stopping threads took: 0,0018247 seconds
2017-07-05T18:23:26.790+0200: 4,163: Total time for which application threads were stopped: 0,0001511 seconds, Stopping threads took: 0,0000192 seconds
2017-07-05T18:23:26.790+0200: 4,164: Total time for which application threads were stopped: 0,0000672 seconds, Stopping threads took: 0,0000227 seconds
2017-07-05T18:23:26.790+0200: 4,164: Total time for which application threads were stopped: 0,0000622 seconds, Stopping threads took: 0,0000189 seconds
2017-07-05T18:23:26.790+0200: 4,164: Total time for which application threads were stopped: 0,0000681 seconds, Stopping threads took: 0,0000192 seconds
2017-07-05T18:23:26.790+0200: 4,164: Total time for which application threads were stopped: 0,0000673 seconds, Stopping threads took: 0,0000163 seconds
2017-07-05T18:23:26.791+0200: 4,164: Total time for which application threads were stopped: 0,0000651 seconds, Stopping threads took: 0,0000152 seconds
2017-07-05T18:23:26.791+0200: 4,165: Total time for which application threads were stopped: 0,0000664 seconds, Stopping threads took: 0,0000170 seconds
2017-07-05T18:23:26.791+0200: 4,165: Total time for which application threads were stopped: 0,0000590 seconds, Stopping threads took: 0,0000155 seconds
2017-07-05T18:23:26.791+0200: 4,165: Total time for which application threads were stopped: 0,0000605 seconds, Stopping threads took: 0,0000155 seconds
2017-07-05T18:23:26.791+0200: 4,165: Total time for which application threads were stopped: 0,0000593 seconds, Stopping threads took: 0,0000157 seconds
2017-07-05T18:23:26.791+0200: 4,165: Total time for which application threads were stopped: 0,0000598 seconds, Stopping threads took: 0,0000156 seconds
2017-07-05T18:23:26.792+0200: 4,165: Total time for which application threads were stopped: 0,0000655 seconds, Stopping threads took: 0,0000180 seconds
2017-07-05T18:23:26.792+0200: 4,165: Total time for which application threads were stopped: 0,0000574 seconds, Stopping threads took: 0,0000175 seconds
2017-07-05T18:23:26.792+0200: 4,166: Total time for which application threads were stopped: 0,0000594 seconds, Stopping threads took: 0,0000150 seconds
2017-07-05T18:23:26.792+0200: 4,166: Total time for which application threads were stopped: 0,0000561 seconds, Stopping threads took: 0,0000154 seconds
2017-07-05T18:23:26.792+0200: 4,166: Total time for which application threads were stopped: 0,0000531 seconds, Stopping threads took: 0,0000135 seconds
2017-07-05T18:23:26.792+0200: 4,166: Total time for which application threads were stopped: 0,0000813 seconds, Stopping threads took: 0,0000306 seconds
2017-07-05T18:23:26.792+0200: 4,166: Total time for which application threads were stopped: 0,0000619 seconds, Stopping threads took: 0,0000190 seconds
2017-07-05T18:23:26.793+0200: 4,166: Total time for which application threads were stopped: 0,0000601 seconds, Stopping threads took: 0,0000258 seconds
2017-07-05T18:23:26.793+0200: 4,167: Total time for which application threads were stopped: 0,0001393 seconds, Stopping threads took: 0,0000989 seconds
2017-07-05T18:23:26.793+0200: 4,167: Total time for which application threads were stopped: 0,0001269 seconds, Stopping threads took: 0,0000159 seconds
2017-07-05T18:23:26.799+0200: 4,173: Total time for which application threads were stopped: 0,0000988 seconds, Stopping threads took: 0,0000235 seconds
2017-07-05T18:23:26.802+0200: 4,176: Total time for which application threads were stopped: 0,0001448 seconds, Stopping threads took: 0,0000357 seconds
2017-07-05T18:23:26.806+0200: 4,180: Total time for which application threads were stopped: 0,0001771 seconds, Stopping threads took: 0,0000950 seconds
2017-07-05T18:23:26.850+0200: 4,223: Total time for which application threads were stopped: 0,0001630 seconds, Stopping threads took: 0,0000677 seconds
2017-07-05T18:23:26.876+0200: 4,250: Total time for which application threads were stopped: 0,0001207 seconds, Stopping threads took: 0,0000364 seconds
2017-07-05T18:23:26.893+0200: 4,267: Total time for which application threads were stopped: 0,0001258 seconds, Stopping threads took: 0,0000407 seconds
2017-07-05T18:23:26.894+0200: 4,268: Total time for which application threads were stopped: 0,0004546 seconds, Stopping threads took: 0,0000274 seconds
2017-07-05T18:23:26.895+0200: 4,268: Total time for which application threads were stopped: 0,0001002 seconds, Stopping threads took: 0,0000267 seconds
2017-07-05T18:23:27.895+0200: 5,269: Total time for which application threads were stopped: 0,0000784 seconds, Stopping threads took: 0,0000166 seconds
2017-07-05T18:25:19.912+0200: 117,286: Total time for which application threads were stopped: 0,0001701 seconds, Stopping threads took: 0,0000641 seconds
2017-07-05T18:25:24.913+0200: 122,287: Total time for which application threads were stopped: 0,0001938 seconds, Stopping threads took: 0,0000783 seconds
{Heap before GC invocations=9 (full 1):
 par new generation   total 109248K, used 94565K [0x00000000e0000000, 0x00000000e8000000, 0x00000000e8000000)
  eden space 87424K, 100% used [0x00000000e0000000, 0x00000000e5560000, 0x00000000e5560000)
  from space 21824K,  32% used [0x00000000e6ab0000, 0x00000000e71a9760, 0x00000000e8000000)
  to   space 21824K,   0% used [0x00000000e5560000, 0x00000000e5560000, 0x00000000e6ab0000)
 concurrent mark-sweep generation total 393216K, used 6057K [0x00000000e8000000, 0x0000000100000000, 0x0000000100000000)
 Metaspace       used 28038K, capacity 28580K, committed 28796K, reserved 1075200K
  class space    used 3215K, capacity 3395K, committed 3452K, reserved 1048576K
2017-07-05T18:26:18.670+0200: 176,044: [GC (Allocation Failure) 2017-07-05T18:26:18.670+0200: 176,044: [ParNew
Desired survivor size 20112992 bytes, new threshold 8 (max 8)
- age   1:   11006688 bytes,   11006688 total
- age   2:     168512 bytes,   11175200 total
- age   3:     258288 bytes,   11433488 total
- age   4:    1749584 bytes,   13183072 total
- age   5:      57304 bytes,   13240376 total
- age   6:     101328 bytes,   13341704 total
- age   7:       1088 bytes,   13342792 total
- age   8:     178864 bytes,   13521656 total
: 94565K->13909K(109248K), 0,0247601 secs] 100623K->20790K(502464K), 0,0248764 secs] [Times: user=0,08 sys=0,00, real=0,03 secs] 
Heap after GC invocations=10 (full 1):
 par new generation   total 109248K, used 13909K [0x00000000e0000000, 0x00000000e8000000, 0x00000000e8000000)
  eden space 87424K,   0% used [0x00000000e0000000, 0x00000000e0000000, 0x00000000e5560000)
  from space 21824K,  63% used [0x00000000e5560000, 0x00000000e62f56f0, 0x00000000e6ab0000)
  to   space 21824K,   0% used [0x00000000e6ab0000, 0x00000000e6ab0000, 0x00000000e8000000)
 concurrent mark-sweep generation total 393216K, used 6880K [0x00000000e8000000, 0x0000000100000000, 0x0000000100000000)
 Metaspace       used 28038K, capacity 28580K, committed 28796K, reserved 1075200K
  class space    used 3215K, capacity 3395K, committed 3452K, reserved 1048576K
}
2017-07-05T18:26:18.695+0200: 176,069: Total time for which application threads were stopped: 0,0251858 seconds, Stopping threads took: 0,0001096 seconds
2017-07-05T18:26:18.696+0200: 176,069: Total time for which application threads were stopped: 0,0000793 seconds, Stopping threads took: 0,0000295 seconds
2017-07-05T18:26:18.696+0200: 176,070: Total time for which application threads were stopped: 0,0000572 seconds, Stopping threads took: 0,0000139 seconds
2017-07-05T18:46:53.909+0200: 1411,282: Total time for which application threads were stopped: 0,0001748 seconds, Stopping threads took: 0,0000637 seconds
2017-07-05T18:51:13.953+0200: 1671,327: Total time for which application threads were stopped: 0,0001845 seconds, Stopping threads took: 0,0000627 seconds
2017-07-05T19:01:45.061+0200: 2302,435: Total time for which application threads were stopped: 0,0002005 seconds, Stopping threads took: 0,0000567 seconds
2017-07-05T19:01:49.062+0200: 2306,436: Total time for which application threads were stopped: 0,0001387 seconds, Stopping threads took: 0,0000296 seconds
2017-07-05T19:07:24.119+0200: 2641,492: Total time for which application threads were stopped: 0,0000932 seconds, Stopping threads took: 0,0000323 seconds
2017-07-05T19:14:14.190+0200: 3051,563: Total time for which application threads were stopped: 0,0001676 seconds, Stopping threads took: 0,0000566 seconds
2017-07-05T19:19:00.240+0200: 3337,614: Total time for which application threads were stopped: 0,0001870 seconds, Stopping threads took: 0,0000656 seconds
2017-07-05T19:24:59.302+0200: 3696,676: Total time for which application threads were stopped: 0,0002132 seconds, Stopping threads took: 0,0000661 seconds
2017-07-05T19:26:34.320+0200: 3791,694: Total time for which application threads were stopped: 0,0000922 seconds, Stopping threads took: 0,0000322 seconds
2017-07-05T20:11:59.110+0200: 4937,370: Total time for which application threads were stopped: 0,0001444 seconds, Stopping threads took: 0,0000513 seconds
2017-07-05T20:12:09.111+0200: 4947,371: Total time for which application threads were stopped: 0,0001004 seconds, Stopping threads took: 0,0000387 seconds
2017-07-05T20:48:54.342+0200: 7152,602: Total time for which application threads were stopped: 0,0001061 seconds, Stopping threads took: 0,0000345 seconds
2017-07-05T20:51:43.360+0200: 7321,620: Total time for which application threads were stopped: 0,0000804 seconds, Stopping threads took: 0,0000302 seconds
2017-07-05T20:57:43.405+0200: 7681,664: Total time for which application threads were stopped: 0,0001055 seconds, Stopping threads took: 0,0000428 seconds
2017-07-05T20:58:13.409+0200: 7711,669: Total time for which application threads were stopped: 0,0001345 seconds, Stopping threads took: 0,0000499 seconds
2017-07-05T23:03:24.174+0200: 15222,434: Total time for which application threads were stopped: 0,0000943 seconds, Stopping threads took: 0,0000349 seconds
2017-07-05T23:05:44.188+0200: 15362,448: Total time for which application threads were stopped: 0,0000932 seconds, Stopping threads took: 0,0000357 seconds
2017-07-05T23:42:43.422+0200: 17581,682: Total time for which application threads were stopped: 0,0006776 seconds, Stopping threads took: 0,0002476 seconds
2017-07-06T00:05:41.246+0200: 18959,506: Total time for which application threads were stopped: 0,0003563 seconds, Stopping threads took: 0,0002574 seconds
2017-07-06T00:05:41.247+0200: 18959,507: Total time for which application threads were stopped: 0,0000834 seconds, Stopping threads took: 0,0000216 seconds
2017-07-06T00:05:41.268+0200: 18959,527: Total time for which application threads were stopped: 0,0001596 seconds, Stopping threads took: 0,0000533 seconds
2017-07-06T00:05:41.270+0200: 18959,530: Total time for which application threads were stopped: 0,0001194 seconds, Stopping threads took: 0,0000211 seconds
2017-07-06T00:05:41.270+0200: 18959,530: Total time for which application threads were stopped: 0,0001651 seconds, Stopping threads took: 0,0001168 seconds
2017-07-06T00:05:41.272+0200: 18959,532: Total time for which application threads were stopped: 0,0001285 seconds, Stopping threads took: 0,0000491 seconds
2017-07-06T00:05:41.274+0200: 18959,534: Total time for which application threads were stopped: 0,0019579 seconds, Stopping threads took: 0,0018547 seconds
2017-07-06T00:05:41.274+0200: 18959,534: Total time for which application threads were stopped: 0,0000731 seconds, Stopping threads took: 0,0000127 seconds
2017-07-06T00:05:41.275+0200: 18959,535: Total time for which application threads were stopped: 0,0000716 seconds, Stopping threads took: 0,0000098 seconds
2017-07-06T00:05:41.275+0200: 18959,535: Total time for which application threads were stopped: 0,0001993 seconds, Stopping threads took: 0,0000581 seconds
2017-07-06T00:05:41.275+0200: 18959,535: Total time for which application threads were stopped: 0,0000597 seconds, Stopping threads took: 0,0000182 seconds
2017-07-06T00:05:41.284+0200: 18959,544: Total time for which application threads were stopped: 0,0001259 seconds, Stopping threads took: 0,0000428 seconds
2017-07-06T00:05:41.284+0200: 18959,544: Total time for which application threads were stopped: 0,0000848 seconds, Stopping threads took: 0,0000185 seconds
2017-07-06T00:05:41.287+0200: 18959,547: Total time for which application threads were stopped: 0,0001047 seconds, Stopping threads took: 0,0000385 seconds
2017-07-06T00:05:41.295+0200: 18959,555: Total time for which application threads were stopped: 0,0072182 seconds, Stopping threads took: 0,0071241 seconds
2017-07-06T00:05:41.329+0200: 18959,588: Total time for which application threads were stopped: 0,0012960 seconds, Stopping threads took: 0,0012023 seconds
2017-07-06T00:05:41.329+0200: 18959,589: Total time for which application threads were stopped: 0,0000726 seconds, Stopping threads took: 0,0000192 seconds
2017-07-06T00:05:41.329+0200: 18959,589: Total time for which application threads were stopped: 0,0000517 seconds, Stopping threads took: 0,0000151 seconds
2017-07-06T00:05:41.329+0200: 18959,589: Total time for which application threads were stopped: 0,0000457 seconds, Stopping threads took: 0,0000118 seconds
2017-07-06T00:05:41.329+0200: 18959,589: Total time for which application threads were stopped: 0,0000418 seconds, Stopping threads took: 0,0000107 seconds
2017-07-06T00:05:41.331+0200: 18959,591: Total time for which application threads were stopped: 0,0000956 seconds, Stopping threads took: 0,0000340 seconds
2017-07-06T00:05:41.331+0200: 18959,591: Total time for which application threads were stopped: 0,0000629 seconds, Stopping threads took: 0,0000183 seconds
2017-07-06T00:05:41.331+0200: 18959,591: Total time for which application threads were stopped: 0,0000560 seconds, Stopping threads took: 0,0000185 seconds
2017-07-06T00:05:41.338+0200: 18959,598: Total time for which application threads were stopped: 0,0001159 seconds, Stopping threads took: 0,0000445 seconds
2017-07-06T00:05:41.343+0200: 18959,603: Total time for which application threads were stopped: 0,0038751 seconds, Stopping threads took: 0,0037761 seconds
2017-07-06T00:05:41.344+0200: 18959,604: Total time for which application threads were stopped: 0,0000822 seconds, Stopping threads took: 0,0000237 seconds
2017-07-06T00:05:41.344+0200: 18959,604: Total time for which application threads were stopped: 0,0000677 seconds, Stopping threads took: 0,0000193 seconds
2017-07-06T00:05:41.347+0200: 18959,606: Total time for which application threads were stopped: 0,0001461 seconds, Stopping threads took: 0,0000354 seconds
2017-07-06T00:05:41.347+0200: 18959,607: Total time for which application threads were stopped: 0,0002923 seconds, Stopping threads took: 0,0002213 seconds
2017-07-06T00:05:41.347+0200: 18959,607: Total time for which application threads were stopped: 0,0001818 seconds, Stopping threads took: 0,0001202 seconds
2017-07-06T00:05:41.347+0200: 18959,607: Total time for which application threads were stopped: 0,0000765 seconds, Stopping threads took: 0,0000208 seconds
2017-07-06T00:05:41.349+0200: 18959,609: Total time for which application threads were stopped: 0,0007475 seconds, Stopping threads took: 0,0006733 seconds
2017-07-06T00:05:41.349+0200: 18959,609: Total time for which application threads were stopped: 0,0002846 seconds, Stopping threads took: 0,0002189 seconds
2017-07-06T00:05:41.349+0200: 18959,609: Total time for which application threads were stopped: 0,0002029 seconds, Stopping threads took: 0,0000295 seconds
2017-07-06T00:05:41.350+0200: 18959,610: Total time for which application threads were stopped: 0,0001175 seconds, Stopping threads took: 0,0000354 seconds
2017-07-06T00:05:41.353+0200: 18959,612: Total time for which application threads were stopped: 0,0001488 seconds, Stopping threads took: 0,0000354 seconds
2017-07-06T00:05:41.356+0200: 18959,616: Total time for which application threads were stopped: 0,0001144 seconds, Stopping threads took: 0,0000298 seconds
2017-07-06T00:05:41.357+0200: 18959,617: Total time for which application threads were stopped: 0,0001280 seconds, Stopping threads took: 0,0000287 seconds
Heap
 par new generation   total 109248K, used 36551K [0x00000000e0000000, 0x00000000e8000000, 0x00000000e8000000)
  eden space 87424K,  25% used [0x00000000e0000000, 0x00000000e161c710, 0x00000000e5560000)
  from space 21824K,  63% used [0x00000000e5560000, 0x00000000e62f56f0, 0x00000000e6ab0000)
  to   space 21824K,   0% used [0x00000000e6ab0000, 0x00000000e6ab0000, 0x00000000e8000000)
 concurrent mark-sweep generation total 393216K, used 6880K [0x00000000e8000000, 0x0000000100000000, 0x0000000100000000)
 Metaspace       used 28200K, capacity 28748K, committed 29052K, reserved 1075200K
  class space    used 3230K, capacity 3429K, committed 3452K, reserved 1048576K
