OpenJDK 64-Bit Server VM (25.111-b14) for linux-amd64 JRE (1.8.0_111-8u111-b14-2ubuntu0.16.04.2-b14), built on Oct 27 2016 18:10:19 by "buildd" with gcc 5.4.0 20160609
Memory: 4k page, physical 7867840k(7459684k free), swap 8076284k(8076284k free)
CommandLine flags: -XX:CMSInitiatingOccupancyFraction=50 -XX:CMSMaxAbortablePrecleanTime=6000 -XX:+CMSParallelRemarkEnabled -XX:+CMSScavengeBeforeRemark -XX:ConcGCThreads=4 -XX:InitialHeapSize=536870912 -XX:MaxHeapSize=536870912 -XX:MaxTenuringThreshold=8 -XX:NewRatio=3 -XX:OldPLABSize=16 -XX:OnOutOfMemoryError=/opt/solr/bin/oom_solr.sh 8983 /var/solr/logs -XX:ParallelGCThreads=4 -XX:+ParallelRefProcEnabled -XX:PretenureSizeThreshold=67108864 -XX:+PrintGC -XX:+PrintGCApplicationStoppedTime -XX:+PrintGCDateStamps -XX:+PrintGCDetails -XX:+PrintGCTimeStamps -XX:+PrintHeapAtGC -XX:+PrintTenuringDistribution -XX:SurvivorRatio=4 -XX:TargetSurvivorRatio=90 -XX:ThreadStackSize=256 -XX:+UseCMSInitiatingOccupancyOnly -XX:+UseCompressedClassPointers -XX:+UseCompressedOops -XX:+UseConcMarkSweepGC -XX:+UseParNewGC 
2016-12-07T15:05:37.310+0100: 0,108: Total time for which application threads were stopped: 0,0000679 seconds, Stopping threads took: 0,0000105 seconds
2016-12-07T15:05:37.398+0100: 0,196: Total time for which application threads were stopped: 0,0001324 seconds, Stopping threads took: 0,0000279 seconds
2016-12-07T15:05:37.410+0100: 0,209: Total time for which application threads were stopped: 0,0001897 seconds, Stopping threads took: 0,0001052 seconds
2016-12-07T15:05:37.644+0100: 0,443: Total time for which application threads were stopped: 0,0001461 seconds, Stopping threads took: 0,0000111 seconds
2016-12-07T15:05:38.100+0100: 0,899: Total time for which application threads were stopped: 0,0002502 seconds, Stopping threads took: 0,0000366 seconds
2016-12-07T15:05:38.201+0100: 0,999: Total time for which application threads were stopped: 0,0001577 seconds, Stopping threads took: 0,0000223 seconds
2016-12-07T15:05:38.228+0100: 1,027: Total time for which application threads were stopped: 0,0001855 seconds, Stopping threads took: 0,0000295 seconds
2016-12-07T15:05:38.525+0100: 1,324: Total time for which application threads were stopped: 0,0001505 seconds, Stopping threads took: 0,0000121 seconds
2016-12-07T15:05:38.753+0100: 1,552: Total time for which application threads were stopped: 0,0003037 seconds, Stopping threads took: 0,0000955 seconds
2016-12-07T15:05:38.778+0100: 1,576: Total time for which application threads were stopped: 0,0001712 seconds, Stopping threads took: 0,0000124 seconds
2016-12-07T15:05:38.779+0100: 1,577: Total time for which application threads were stopped: 0,0002682 seconds, Stopping threads took: 0,0000140 seconds
2016-12-07T15:05:38.793+0100: 1,592: Total time for which application threads were stopped: 0,0001554 seconds, Stopping threads took: 0,0000141 seconds
2016-12-07T15:05:38.891+0100: 1,690: Total time for which application threads were stopped: 0,0002124 seconds, Stopping threads took: 0,0000178 seconds
2016-12-07T15:05:39.040+0100: 1,838: Total time for which application threads were stopped: 0,0002272 seconds, Stopping threads took: 0,0000230 seconds
{Heap before GC invocations=0 (full 0):
 par new generation   total 109248K, used 87424K [0x00000000e0000000, 0x00000000e8000000, 0x00000000e8000000)
  eden space 87424K, 100% used [0x00000000e0000000, 0x00000000e5560000, 0x00000000e5560000)
  from space 21824K,   0% used [0x00000000e5560000, 0x00000000e5560000, 0x00000000e6ab0000)
  to   space 21824K,   0% used [0x00000000e6ab0000, 0x00000000e6ab0000, 0x00000000e8000000)
 concurrent mark-sweep generation total 393216K, used 0K [0x00000000e8000000, 0x0000000100000000, 0x0000000100000000)
 Metaspace       used 18357K, capacity 18686K, committed 18944K, reserved 1067008K
  class space    used 2090K, capacity 2226K, committed 2304K, reserved 1048576K
2016-12-07T15:05:39.184+0100: 1,982: [GC (Allocation Failure) 2016-12-07T15:05:39.184+0100: 1,982: [ParNew
Desired survivor size 20112992 bytes, new threshold 8 (max 8)
- age   1:   12578872 bytes,   12578872 total
: 87424K->12404K(109248K), 0,0159466 secs] 87424K->12404K(502464K), 0,0160400 secs] [Times: user=0,05 sys=0,01, real=0,01 secs] 
Heap after GC invocations=1 (full 0):
 par new generation   total 109248K, used 12404K [0x00000000e0000000, 0x00000000e8000000, 0x00000000e8000000)
  eden space 87424K,   0% used [0x00000000e0000000, 0x00000000e0000000, 0x00000000e5560000)
  from space 21824K,  56% used [0x00000000e6ab0000, 0x00000000e76cd348, 0x00000000e8000000)
  to   space 21824K,   0% used [0x00000000e5560000, 0x00000000e5560000, 0x00000000e6ab0000)
 concurrent mark-sweep generation total 393216K, used 0K [0x00000000e8000000, 0x0000000100000000, 0x0000000100000000)
 Metaspace       used 18357K, capacity 18686K, committed 18944K, reserved 1067008K
  class space    used 2090K, capacity 2226K, committed 2304K, reserved 1048576K
}
2016-12-07T15:05:39.200+0100: 1,999: Total time for which application threads were stopped: 0,0163385 seconds, Stopping threads took: 0,0000363 seconds
2016-12-07T15:05:39.356+0100: 2,155: Total time for which application threads were stopped: 0,0003354 seconds, Stopping threads took: 0,0000431 seconds
2016-12-07T15:05:39.393+0100: 2,192: Total time for which application threads were stopped: 0,0003547 seconds, Stopping threads took: 0,0000370 seconds
2016-12-07T15:05:39.422+0100: 2,220: Total time for which application threads were stopped: 0,0002785 seconds, Stopping threads took: 0,0000268 seconds
{Heap before GC invocations=1 (full 0):
 par new generation   total 109248K, used 99828K [0x00000000e0000000, 0x00000000e8000000, 0x00000000e8000000)
  eden space 87424K, 100% used [0x00000000e0000000, 0x00000000e5560000, 0x00000000e5560000)
  from space 21824K,  56% used [0x00000000e6ab0000, 0x00000000e76cd348, 0x00000000e8000000)
  to   space 21824K,   0% used [0x00000000e5560000, 0x00000000e5560000, 0x00000000e6ab0000)
 concurrent mark-sweep generation total 393216K, used 0K [0x00000000e8000000, 0x0000000100000000, 0x0000000100000000)
 Metaspace       used 20737K, capacity 21084K, committed 21248K, reserved 1069056K
  class space    used 2403K, capacity 2518K, committed 2560K, reserved 1048576K
2016-12-07T15:05:39.592+0100: 2,391: [GC (Allocation Failure) 2016-12-07T15:05:39.592+0100: 2,391: [ParNew
Desired survivor size 20112992 bytes, new threshold 8 (max 8)
- age   1:    2799688 bytes,    2799688 total
- age   2:    6140288 bytes,    8939976 total
: 99828K->13298K(109248K), 0,0172070 secs] 99828K->13298K(502464K), 0,0172853 secs] [Times: user=0,07 sys=0,00, real=0,02 secs] 
Heap after GC invocations=2 (full 0):
 par new generation   total 109248K, used 13298K [0x00000000e0000000, 0x00000000e8000000, 0x00000000e8000000)
  eden space 87424K,   0% used [0x00000000e0000000, 0x00000000e0000000, 0x00000000e5560000)
  from space 21824K,  60% used [0x00000000e5560000, 0x00000000e625caf8, 0x00000000e6ab0000)
  to   space 21824K,   0% used [0x00000000e6ab0000, 0x00000000e6ab0000, 0x00000000e8000000)
 concurrent mark-sweep generation total 393216K, used 0K [0x00000000e8000000, 0x0000000100000000, 0x0000000100000000)
 Metaspace       used 20737K, capacity 21084K, committed 21248K, reserved 1069056K
  class space    used 2403K, capacity 2518K, committed 2560K, reserved 1048576K
}
2016-12-07T15:05:39.609+0100: 2,408: Total time for which application threads were stopped: 0,0174984 seconds, Stopping threads took: 0,0000465 seconds
2016-12-07T15:05:39.662+0100: 2,460: Total time for which application threads were stopped: 0,0000783 seconds, Stopping threads took: 0,0000136 seconds
2016-12-07T15:05:39.692+0100: 2,490: Total time for which application threads were stopped: 0,0000857 seconds, Stopping threads took: 0,0000168 seconds
2016-12-07T15:05:39.692+0100: 2,491: Total time for which application threads were stopped: 0,0002423 seconds, Stopping threads took: 0,0000121 seconds
2016-12-07T15:05:39.719+0100: 2,518: Total time for which application threads were stopped: 0,0000794 seconds, Stopping threads took: 0,0000189 seconds
2016-12-07T15:05:39.794+0100: 2,592: Total time for which application threads were stopped: 0,0001360 seconds, Stopping threads took: 0,0000256 seconds
2016-12-07T15:05:39.813+0100: 2,612: Total time for which application threads were stopped: 0,0000796 seconds, Stopping threads took: 0,0000196 seconds
2016-12-07T15:05:39.821+0100: 2,619: Total time for which application threads were stopped: 0,0002898 seconds, Stopping threads took: 0,0000225 seconds
2016-12-07T15:05:39.828+0100: 2,627: Total time for which application threads were stopped: 0,0003411 seconds, Stopping threads took: 0,0000284 seconds
2016-12-07T15:05:39.845+0100: 2,644: Total time for which application threads were stopped: 0,0000863 seconds, Stopping threads took: 0,0000239 seconds
2016-12-07T15:05:39.871+0100: 2,670: Total time for which application threads were stopped: 0,0001022 seconds, Stopping threads took: 0,0000306 seconds
2016-12-07T15:05:39.889+0100: 2,688: Total time for which application threads were stopped: 0,0000701 seconds, Stopping threads took: 0,0000123 seconds
2016-12-07T15:05:39.905+0100: 2,704: Total time for which application threads were stopped: 0,0000743 seconds, Stopping threads took: 0,0000130 seconds
2016-12-07T15:05:39.930+0100: 2,729: Total time for which application threads were stopped: 0,0000743 seconds, Stopping threads took: 0,0000127 seconds
2016-12-07T15:05:39.961+0100: 2,760: Total time for which application threads were stopped: 0,0001265 seconds, Stopping threads took: 0,0000238 seconds
2016-12-07T15:05:40.013+0100: 2,812: Total time for which application threads were stopped: 0,0001083 seconds, Stopping threads took: 0,0000293 seconds
2016-12-07T15:05:40.049+0100: 2,848: Total time for which application threads were stopped: 0,0001098 seconds, Stopping threads took: 0,0000233 seconds
{Heap before GC invocations=2 (full 0):
 par new generation   total 109248K, used 100722K [0x00000000e0000000, 0x00000000e8000000, 0x00000000e8000000)
  eden space 87424K, 100% used [0x00000000e0000000, 0x00000000e5560000, 0x00000000e5560000)
  from space 21824K,  60% used [0x00000000e5560000, 0x00000000e625caf8, 0x00000000e6ab0000)
  to   space 21824K,   0% used [0x00000000e6ab0000, 0x00000000e6ab0000, 0x00000000e8000000)
 concurrent mark-sweep generation total 393216K, used 0K [0x00000000e8000000, 0x0000000100000000, 0x0000000100000000)
 Metaspace       used 25161K, capacity 25508K, committed 25612K, reserved 1073152K
  class space    used 2925K, capacity 3056K, committed 3064K, reserved 1048576K
2016-12-07T15:05:40.083+0100: 2,881: [GC (Allocation Failure) 2016-12-07T15:05:40.083+0100: 2,881: [ParNew
Desired survivor size 20112992 bytes, new threshold 8 (max 8)
- age   1:    6952208 bytes,    6952208 total
- age   2:     514240 bytes,    7466448 total
- age   3:    6120768 bytes,   13587216 total
: 100722K->15308K(109248K), 0,0125490 secs] 100722K->15308K(502464K), 0,0126284 secs] [Times: user=0,05 sys=0,00, real=0,01 secs] 
Heap after GC invocations=3 (full 0):
 par new generation   total 109248K, used 15308K [0x00000000e0000000, 0x00000000e8000000, 0x00000000e8000000)
  eden space 87424K,   0% used [0x00000000e0000000, 0x00000000e0000000, 0x00000000e5560000)
  from space 21824K,  70% used [0x00000000e6ab0000, 0x00000000e79a31c0, 0x00000000e8000000)
  to   space 21824K,   0% used [0x00000000e5560000, 0x00000000e5560000, 0x00000000e6ab0000)
 concurrent mark-sweep generation total 393216K, used 0K [0x00000000e8000000, 0x0000000100000000, 0x0000000100000000)
 Metaspace       used 25161K, capacity 25508K, committed 25612K, reserved 1073152K
  class space    used 2925K, capacity 3056K, committed 3064K, reserved 1048576K
}
2016-12-07T15:05:40.095+0100: 2,894: Total time for which application threads were stopped: 0,0127886 seconds, Stopping threads took: 0,0000195 seconds
2016-12-07T15:05:40.096+0100: 2,894: [GC (CMS Initial Mark) [1 CMS-initial-mark: 0K(393216K)] 16723K(502464K), 0,0030051 secs] [Times: user=0,01 sys=0,00, real=0,00 secs] 
2016-12-07T15:05:40.099+0100: 2,897: Total time for which application threads were stopped: 0,0030985 seconds, Stopping threads took: 0,0000272 seconds
2016-12-07T15:05:40.099+0100: 2,897: [CMS-concurrent-mark-start]
2016-12-07T15:05:40.100+0100: 2,899: [CMS-concurrent-mark: 0,001/0,001 secs] [Times: user=0,00 sys=0,00, real=0,00 secs] 
2016-12-07T15:05:40.100+0100: 2,899: [CMS-concurrent-preclean-start]
2016-12-07T15:05:40.101+0100: 2,900: [CMS-concurrent-preclean: 0,001/0,001 secs] [Times: user=0,01 sys=0,00, real=0,00 secs] 
2016-12-07T15:05:40.102+0100: 2,900: [GC (CMS Final Remark) [YG occupancy: 16723 K (109248 K)]{Heap before GC invocations=3 (full 1):
 par new generation   total 109248K, used 16723K [0x00000000e0000000, 0x00000000e8000000, 0x00000000e8000000)
  eden space 87424K,   1% used [0x00000000e0000000, 0x00000000e0161b68, 0x00000000e5560000)
  from space 21824K,  70% used [0x00000000e6ab0000, 0x00000000e79a31c0, 0x00000000e8000000)
  to   space 21824K,   0% used [0x00000000e5560000, 0x00000000e5560000, 0x00000000e6ab0000)
 concurrent mark-sweep generation total 393216K, used 0K [0x00000000e8000000, 0x0000000100000000, 0x0000000100000000)
 Metaspace       used 25182K, capacity 25516K, committed 25612K, reserved 1073152K
  class space    used 2927K, capacity 3058K, committed 3064K, reserved 1048576K
2016-12-07T15:05:40.102+0100: 2,900: [GC (CMS Final Remark) 2016-12-07T15:05:40.102+0100: 2,900: [ParNew
Desired survivor size 20112992 bytes, new threshold 8 (max 8)
- age   1:      13624 bytes,      13624 total
- age   2:    3175616 bytes,    3189240 total
- age   3:     514240 bytes,    3703480 total
- age   4:    6120808 bytes,    9824288 total
: 16723K->16458K(109248K), 0,0110443 secs] 16723K->16458K(502464K), 0,0110900 secs] [Times: user=0,04 sys=0,00, real=0,01 secs] 
Heap after GC invocations=4 (full 1):
 par new generation   total 109248K, used 16458K [0x00000000e0000000, 0x00000000e8000000, 0x00000000e8000000)
  eden space 87424K,   0% used [0x00000000e0000000, 0x00000000e0000000, 0x00000000e5560000)
  from space 21824K,  75% used [0x00000000e5560000, 0x00000000e65728f0, 0x00000000e6ab0000)
  to   space 21824K,   0% used [0x00000000e6ab0000, 0x00000000e6ab0000, 0x00000000e8000000)
 concurrent mark-sweep generation total 393216K, used 0K [0x00000000e8000000, 0x0000000100000000, 0x0000000100000000)
 Metaspace       used 25182K, capacity 25516K, committed 25612K, reserved 1073152K
  class space    used 2927K, capacity 3058K, committed 3064K, reserved 1048576K
}
2016-12-07T15:05:40.113+0100: 2,911: [Rescan (parallel) , 0,0038562 secs]2016-12-07T15:05:40.117+0100: 2,915: [weak refs processing, 0,0006119 secs]2016-12-07T15:05:40.117+0100: 2,916: [class unloading, 0,0032340 secs]2016-12-07T15:05:40.120+0100: 2,919: [scrub symbol table, 0,0032755 secs]2016-12-07T15:05:40.124+0100: 2,922: [scrub string table, 0,0003769 secs][1 CMS-remark: 0K(393216K)] 16458K(502464K), 0,0231526 secs] [Times: user=0,06 sys=0,00, real=0,03 secs] 
2016-12-07T15:05:40.125+0100: 2,923: Total time for which application threads were stopped: 0,0232729 seconds, Stopping threads took: 0,0000409 seconds
2016-12-07T15:05:40.125+0100: 2,924: [CMS-concurrent-sweep-start]
2016-12-07T15:05:40.125+0100: 2,924: [CMS-concurrent-sweep: 0,000/0,000 secs] [Times: user=0,00 sys=0,00, real=0,00 secs] 
2016-12-07T15:05:40.125+0100: 2,924: [CMS-concurrent-reset-start]
2016-12-07T15:05:40.127+0100: 2,925: [CMS-concurrent-reset: 0,002/0,002 secs] [Times: user=0,00 sys=0,00, real=0,00 secs] 
2016-12-07T15:05:40.150+0100: 2,948: Total time for which application threads were stopped: 0,0003373 seconds, Stopping threads took: 0,0000234 seconds
2016-12-07T15:05:40.163+0100: 2,962: Total time for which application threads were stopped: 0,0003981 seconds, Stopping threads took: 0,0000259 seconds
2016-12-07T15:05:41.164+0100: 3,962: Total time for which application threads were stopped: 0,0000825 seconds, Stopping threads took: 0,0000163 seconds
2016-12-07T15:05:41.249+0100: 4,047: Total time for which application threads were stopped: 0,0002673 seconds, Stopping threads took: 0,0000151 seconds
2016-12-07T15:06:09.252+0100: 32,051: Total time for which application threads were stopped: 0,0000661 seconds, Stopping threads took: 0,0000170 seconds
2016-12-07T15:08:19.265+0100: 162,063: Total time for which application threads were stopped: 0,0000845 seconds, Stopping threads took: 0,0000373 seconds
2016-12-07T15:08:24.265+0100: 167,064: Total time for which application threads were stopped: 0,0000579 seconds, Stopping threads took: 0,0000156 seconds
2016-12-07T15:08:38.267+0100: 181,065: Total time for which application threads were stopped: 0,0001237 seconds, Stopping threads took: 0,0000496 seconds
2016-12-07T15:09:34.273+0100: 237,071: Total time for which application threads were stopped: 0,0000744 seconds, Stopping threads took: 0,0000316 seconds
2016-12-07T15:09:53.275+0100: 256,073: Total time for which application threads were stopped: 0,0000727 seconds, Stopping threads took: 0,0000302 seconds
2016-12-07T15:10:03.276+0100: 266,074: Total time for which application threads were stopped: 0,0000787 seconds, Stopping threads took: 0,0000237 seconds
2016-12-07T15:10:19.278+0100: 282,076: Total time for which application threads were stopped: 0,0000785 seconds, Stopping threads took: 0,0000290 seconds
2016-12-07T15:10:24.278+0100: 287,077: Total time for which application threads were stopped: 0,0000614 seconds, Stopping threads took: 0,0000177 seconds
2016-12-07T15:10:59.282+0100: 322,080: Total time for which application threads were stopped: 0,0000767 seconds, Stopping threads took: 0,0000311 seconds
2016-12-07T15:16:24.316+0100: 647,115: Total time for which application threads were stopped: 0,0001544 seconds, Stopping threads took: 0,0000554 seconds
2016-12-07T15:21:44.346+0100: 967,145: Total time for which application threads were stopped: 0,0001675 seconds, Stopping threads took: 0,0000635 seconds
2016-12-07T15:29:18.394+0100: 1421,192: Total time for which application threads were stopped: 0,0000803 seconds, Stopping threads took: 0,0000319 seconds
2016-12-07T15:34:18.426+0100: 1721,225: Total time for which application threads were stopped: 0,0001312 seconds, Stopping threads took: 0,0000507 seconds
2016-12-07T15:44:18.487+0100: 2321,286: Total time for which application threads were stopped: 0,0000812 seconds, Stopping threads took: 0,0000326 seconds
2016-12-07T15:44:19.487+0100: 2322,286: Total time for which application threads were stopped: 0,0000853 seconds, Stopping threads took: 0,0000169 seconds
2016-12-07T15:46:49.504+0100: 2472,303: Total time for which application threads were stopped: 0,0000868 seconds, Stopping threads took: 0,0000349 seconds
2016-12-07T15:58:54.578+0100: 3197,376: Total time for which application threads were stopped: 0,0000861 seconds, Stopping threads took: 0,0000352 seconds
2016-12-07T16:10:28.654+0100: 3891,452: Total time for which application threads were stopped: 0,0001619 seconds, Stopping threads took: 0,0000527 seconds
2016-12-07T16:12:38.667+0100: 4021,466: Total time for which application threads were stopped: 0,0000715 seconds, Stopping threads took: 0,0000297 seconds
2016-12-07T16:49:39.900+0100: 6242,698: Total time for which application threads were stopped: 0,0004226 seconds, Stopping threads took: 0,0000830 seconds
2016-12-07T16:50:44.906+0100: 6307,705: Total time for which application threads were stopped: 0,0000707 seconds, Stopping threads took: 0,0000236 seconds
2016-12-07T18:45:36.155+0100: 7502,362: Total time for which application threads were stopped: 0,0004610 seconds, Stopping threads took: 0,0001467 seconds
2016-12-07T18:46:06.159+0100: 7532,365: Total time for which application threads were stopped: 0,0000760 seconds, Stopping threads took: 0,0000318 seconds
2016-12-07T18:48:36.174+0100: 7682,381: Total time for which application threads were stopped: 0,0000716 seconds, Stopping threads took: 0,0000285 seconds
2016-12-07T18:49:06.177+0100: 7712,384: Total time for which application threads were stopped: 0,0000777 seconds, Stopping threads took: 0,0000323 seconds
2016-12-07T19:50:05.556+0100: 11371,763: Total time for which application threads were stopped: 0,0000968 seconds, Stopping threads took: 0,0000347 seconds
2016-12-07T20:30:01.824+0100: 13768,031: Total time for which application threads were stopped: 0,0000766 seconds, Stopping threads took: 0,0000315 seconds
2016-12-07T20:43:58.071+0100: 14604,278: Total time for which application threads were stopped: 0,0001651 seconds, Stopping threads took: 0,0000301 seconds
Heap
 par new generation   total 109248K, used 60419K [0x00000000e0000000, 0x00000000e8000000, 0x00000000e8000000)
  eden space 87424K,  50% used [0x00000000e0000000, 0x00000000e2aee6e0, 0x00000000e5560000)
  from space 21824K,  75% used [0x00000000e5560000, 0x00000000e65728f0, 0x00000000e6ab0000)
  to   space 21824K,   0% used [0x00000000e6ab0000, 0x00000000e6ab0000, 0x00000000e8000000)
 concurrent mark-sweep generation total 393216K, used 0K [0x00000000e8000000, 0x0000000100000000, 0x0000000100000000)
 Metaspace       used 27206K, capacity 27658K, committed 27840K, reserved 1073152K
  class space    used 3160K, capacity 3319K, committed 3320K, reserved 1048576K
