OpenJDK 64-Bit Server VM (25.131-b11) for linux-amd64 JRE (1.8.0_131-8u131-b11-0ubuntu1.16.04.2-b11), built on May  6 2017 02:45:27 by "buildd" with gcc 5.4.0 20160609
Memory: 4k page, physical 7867740k(7423476k free), swap 8076284k(8076284k free)
CommandLine flags: -XX:CMSInitiatingOccupancyFraction=50 -XX:CMSMaxAbortablePrecleanTime=6000 -XX:+CMSParallelRemarkEnabled -XX:+CMSScavengeBeforeRemark -XX:ConcGCThreads=4 -XX:InitialHeapSize=536870912 -XX:MaxHeapSize=536870912 -XX:MaxTenuringThreshold=8 -XX:NewRatio=3 -XX:OldPLABSize=16 -XX:OnOutOfMemoryError=/opt/solr/bin/oom_solr.sh 8983 /var/solr/logs -XX:ParallelGCThreads=4 -XX:+ParallelRefProcEnabled -XX:PretenureSizeThreshold=67108864 -XX:+PrintGC -XX:+PrintGCApplicationStoppedTime -XX:+PrintGCDateStamps -XX:+PrintGCDetails -XX:+PrintGCTimeStamps -XX:+PrintHeapAtGC -XX:+PrintTenuringDistribution -XX:SurvivorRatio=4 -XX:TargetSurvivorRatio=90 -XX:ThreadStackSize=256 -XX:+UseCMSInitiatingOccupancyOnly -XX:+UseCompressedClassPointers -XX:+UseCompressedOops -XX:+UseConcMarkSweepGC -XX:+UseParNewGC 
2017-07-23T10:09:02.025+0200: 0,151: Total time for which application threads were stopped: 0,0000709 seconds, Stopping threads took: 0,0000158 seconds
2017-07-23T10:09:02.122+0200: 0,249: Total time for which application threads were stopped: 0,0001109 seconds, Stopping threads took: 0,0000173 seconds
2017-07-23T10:09:02.136+0200: 0,262: Total time for which application threads were stopped: 0,0000722 seconds, Stopping threads took: 0,0000092 seconds
2017-07-23T10:09:02.351+0200: 0,477: Total time for which application threads were stopped: 0,0001348 seconds, Stopping threads took: 0,0000148 seconds
2017-07-23T10:09:02.751+0200: 0,878: Total time for which application threads were stopped: 0,0001518 seconds, Stopping threads took: 0,0000263 seconds
2017-07-23T10:09:02.907+0200: 1,033: Total time for which application threads were stopped: 0,0002070 seconds, Stopping threads took: 0,0000313 seconds
2017-07-23T10:09:02.952+0200: 1,078: Total time for which application threads were stopped: 0,0001849 seconds, Stopping threads took: 0,0000182 seconds
2017-07-23T10:09:03.261+0200: 1,388: Total time for which application threads were stopped: 0,0002603 seconds, Stopping threads took: 0,0000317 seconds
2017-07-23T10:09:03.464+0200: 1,590: Total time for which application threads were stopped: 0,0002015 seconds, Stopping threads took: 0,0000243 seconds
2017-07-23T10:09:03.492+0200: 1,618: Total time for which application threads were stopped: 0,0001735 seconds, Stopping threads took: 0,0000152 seconds
2017-07-23T10:09:03.532+0200: 1,658: Total time for which application threads were stopped: 0,0002757 seconds, Stopping threads took: 0,0000587 seconds
2017-07-23T10:09:03.535+0200: 1,661: Total time for which application threads were stopped: 0,0008228 seconds, Stopping threads took: 0,0000200 seconds
2017-07-23T10:09:03.552+0200: 1,679: Total time for which application threads were stopped: 0,0001979 seconds, Stopping threads took: 0,0000153 seconds
2017-07-23T10:09:03.643+0200: 1,769: Total time for which application threads were stopped: 0,0002425 seconds, Stopping threads took: 0,0000185 seconds
2017-07-23T10:09:03.849+0200: 1,976: Total time for which application threads were stopped: 0,0002595 seconds, Stopping threads took: 0,0000418 seconds
{Heap before GC invocations=0 (full 0):
 par new generation   total 109248K, used 87424K [0x00000000e0000000, 0x00000000e8000000, 0x00000000e8000000)
  eden space 87424K, 100% used [0x00000000e0000000, 0x00000000e5560000, 0x00000000e5560000)
  from space 21824K,   0% used [0x00000000e5560000, 0x00000000e5560000, 0x00000000e6ab0000)
  to   space 21824K,   0% used [0x00000000e6ab0000, 0x00000000e6ab0000, 0x00000000e8000000)
 concurrent mark-sweep generation total 393216K, used 0K [0x00000000e8000000, 0x0000000100000000, 0x0000000100000000)
 Metaspace       used 18029K, capacity 18336K, committed 18688K, reserved 1064960K
  class space    used 2036K, capacity 2196K, committed 2304K, reserved 1048576K
2017-07-23T10:09:03.933+0200: 2,059: [GC (Allocation Failure) 2017-07-23T10:09:03.933+0200: 2,059: [ParNew
Desired survivor size 20112992 bytes, new threshold 8 (max 8)
- age   1:   12595728 bytes,   12595728 total
: 87424K->12419K(109248K), 0,0163374 secs] 87424K->12419K(502464K), 0,0164154 secs] [Times: user=0,03 sys=0,03, real=0,02 secs] 
Heap after GC invocations=1 (full 0):
 par new generation   total 109248K, used 12419K [0x00000000e0000000, 0x00000000e8000000, 0x00000000e8000000)
  eden space 87424K,   0% used [0x00000000e0000000, 0x00000000e0000000, 0x00000000e5560000)
  from space 21824K,  56% used [0x00000000e6ab0000, 0x00000000e76d0c58, 0x00000000e8000000)
  to   space 21824K,   0% used [0x00000000e5560000, 0x00000000e5560000, 0x00000000e6ab0000)
 concurrent mark-sweep generation total 393216K, used 0K [0x00000000e8000000, 0x0000000100000000, 0x0000000100000000)
 Metaspace       used 18029K, capacity 18336K, committed 18688K, reserved 1064960K
  class space    used 2036K, capacity 2196K, committed 2304K, reserved 1048576K
}
2017-07-23T10:09:03.949+0200: 2,075: Total time for which application threads were stopped: 0,0166425 seconds, Stopping threads took: 0,0000482 seconds
2017-07-23T10:09:04.226+0200: 2,352: Total time for which application threads were stopped: 0,0003520 seconds, Stopping threads took: 0,0000457 seconds
2017-07-23T10:09:04.267+0200: 2,393: Total time for which application threads were stopped: 0,0003494 seconds, Stopping threads took: 0,0000481 seconds
{Heap before GC invocations=1 (full 0):
 par new generation   total 109248K, used 99843K [0x00000000e0000000, 0x00000000e8000000, 0x00000000e8000000)
  eden space 87424K, 100% used [0x00000000e0000000, 0x00000000e5560000, 0x00000000e5560000)
  from space 21824K,  56% used [0x00000000e6ab0000, 0x00000000e76d0c58, 0x00000000e8000000)
  to   space 21824K,   0% used [0x00000000e5560000, 0x00000000e5560000, 0x00000000e6ab0000)
 concurrent mark-sweep generation total 393216K, used 0K [0x00000000e8000000, 0x0000000100000000, 0x0000000100000000)
 Metaspace       used 20062K, capacity 20372K, committed 20736K, reserved 1067008K
  class space    used 2298K, capacity 2472K, committed 2560K, reserved 1048576K
2017-07-23T10:09:04.271+0200: 2,398: [GC (Allocation Failure) 2017-07-23T10:09:04.271+0200: 2,398: [ParNew
Desired survivor size 20112992 bytes, new threshold 8 (max 8)
- age   1:    3713488 bytes,    3713488 total
- age   2:    6665624 bytes,   10379112 total
: 99843K->13778K(109248K), 0,0198705 secs] 99843K->13778K(502464K), 0,0199526 secs] [Times: user=0,07 sys=0,00, real=0,02 secs] 
Heap after GC invocations=2 (full 0):
 par new generation   total 109248K, used 13778K [0x00000000e0000000, 0x00000000e8000000, 0x00000000e8000000)
  eden space 87424K,   0% used [0x00000000e0000000, 0x00000000e0000000, 0x00000000e5560000)
  from space 21824K,  63% used [0x00000000e5560000, 0x00000000e62d4a10, 0x00000000e6ab0000)
  to   space 21824K,   0% used [0x00000000e6ab0000, 0x00000000e6ab0000, 0x00000000e8000000)
 concurrent mark-sweep generation total 393216K, used 0K [0x00000000e8000000, 0x0000000100000000, 0x0000000100000000)
 Metaspace       used 20062K, capacity 20372K, committed 20736K, reserved 1067008K
  class space    used 2298K, capacity 2472K, committed 2560K, reserved 1048576K
}
2017-07-23T10:09:04.291+0200: 2,418: Total time for which application threads were stopped: 0,0201679 seconds, Stopping threads took: 0,0000592 seconds
2017-07-23T10:09:04.337+0200: 2,463: Total time for which application threads were stopped: 0,0004356 seconds, Stopping threads took: 0,0000626 seconds
2017-07-23T10:09:04.481+0200: 2,607: Total time for which application threads were stopped: 0,0002210 seconds, Stopping threads took: 0,0000673 seconds
{Heap before GC invocations=2 (full 0):
 par new generation   total 109248K, used 101202K [0x00000000e0000000, 0x00000000e8000000, 0x00000000e8000000)
  eden space 87424K, 100% used [0x00000000e0000000, 0x00000000e5560000, 0x00000000e5560000)
  from space 21824K,  63% used [0x00000000e5560000, 0x00000000e62d4a10, 0x00000000e6ab0000)
  to   space 21824K,   0% used [0x00000000e6ab0000, 0x00000000e6ab0000, 0x00000000e8000000)
 concurrent mark-sweep generation total 393216K, used 0K [0x00000000e8000000, 0x0000000100000000, 0x0000000100000000)
 Metaspace       used 21020K, capacity 21364K, committed 21628K, reserved 1069056K
  class space    used 2421K, capacity 2592K, committed 2684K, reserved 1048576K
2017-07-23T10:09:04.522+0200: 2,648: [GC (Allocation Failure) 2017-07-23T10:09:04.522+0200: 2,648: [ParNew
Desired survivor size 20112992 bytes, new threshold 8 (max 8)
- age   1:    2094248 bytes,    2094248 total
- age   2:     848144 bytes,    2942392 total
- age   3:    6661760 bytes,    9604152 total
: 101202K->12980K(109248K), 0,0092090 secs] 101202K->12980K(502464K), 0,0092823 secs] [Times: user=0,03 sys=0,00, real=0,01 secs] 
Heap after GC invocations=3 (full 0):
 par new generation   total 109248K, used 12980K [0x00000000e0000000, 0x00000000e8000000, 0x00000000e8000000)
  eden space 87424K,   0% used [0x00000000e0000000, 0x00000000e0000000, 0x00000000e5560000)
  from space 21824K,  59% used [0x00000000e6ab0000, 0x00000000e775d3d0, 0x00000000e8000000)
  to   space 21824K,   0% used [0x00000000e5560000, 0x00000000e5560000, 0x00000000e6ab0000)
 concurrent mark-sweep generation total 393216K, used 0K [0x00000000e8000000, 0x0000000100000000, 0x0000000100000000)
 Metaspace       used 21020K, capacity 21364K, committed 21628K, reserved 1069056K
  class space    used 2421K, capacity 2592K, committed 2684K, reserved 1048576K
}
2017-07-23T10:09:04.531+0200: 2,657: Total time for which application threads were stopped: 0,0124027 seconds, Stopping threads took: 0,0029626 seconds
2017-07-23T10:09:04.531+0200: 2,658: [GC (CMS Initial Mark) [1 CMS-initial-mark: 0K(393216K)] 14444K(502464K), 0,0041488 secs] [Times: user=0,02 sys=0,00, real=0,00 secs] 
2017-07-23T10:09:04.536+0200: 2,662: Total time for which application threads were stopped: 0,0042889 seconds, Stopping threads took: 0,0000370 seconds
2017-07-23T10:09:04.536+0200: 2,662: [CMS-concurrent-mark-start]
2017-07-23T10:09:04.536+0200: 2,662: [CMS-concurrent-mark: 0,000/0,000 secs] [Times: user=0,00 sys=0,00, real=0,00 secs] 
2017-07-23T10:09:04.536+0200: 2,662: [CMS-concurrent-preclean-start]
2017-07-23T10:09:04.537+0200: 2,663: [CMS-concurrent-preclean: 0,001/0,001 secs] [Times: user=0,00 sys=0,00, real=0,00 secs] 
2017-07-23T10:09:04.537+0200: 2,663: [CMS-concurrent-abortable-preclean-start]
2017-07-23T10:09:04.617+0200: 2,743: Total time for which application threads were stopped: 0,0001322 seconds, Stopping threads took: 0,0000440 seconds
2017-07-23T10:09:04.617+0200: 2,743: [CMS-concurrent-abortable-preclean: 0,069/0,080 secs] [Times: user=0,31 sys=0,00, real=0,08 secs] 
2017-07-23T10:09:04.617+0200: 2,743: [GC (CMS Final Remark) [YG occupancy: 62285 K (109248 K)]{Heap before GC invocations=3 (full 1):
 par new generation   total 109248K, used 62285K [0x00000000e0000000, 0x00000000e8000000, 0x00000000e8000000)
  eden space 87424K,  56% used [0x00000000e0000000, 0x00000000e3026400, 0x00000000e5560000)
  from space 21824K,  59% used [0x00000000e6ab0000, 0x00000000e775d3d0, 0x00000000e8000000)
  to   space 21824K,   0% used [0x00000000e5560000, 0x00000000e5560000, 0x00000000e6ab0000)
 concurrent mark-sweep generation total 393216K, used 0K [0x00000000e8000000, 0x0000000100000000, 0x0000000100000000)
 Metaspace       used 21197K, capacity 21576K, committed 21884K, reserved 1069056K
  class space    used 2438K, capacity 2596K, committed 2684K, reserved 1048576K
2017-07-23T10:09:04.617+0200: 2,743: [GC (CMS Final Remark) 2017-07-23T10:09:04.617+0200: 2,743: [ParNew
Desired survivor size 20112992 bytes, new threshold 8 (max 8)
- age   1:    1614352 bytes,    1614352 total
- age   2:    1460104 bytes,    3074456 total
- age   3:     818768 bytes,    3893224 total
- age   4:    6661872 bytes,   10555096 total
: 62285K->13638K(109248K), 0,0110251 secs] 62285K->13638K(502464K), 0,0110696 secs] [Times: user=0,04 sys=0,00, real=0,02 secs] 
Heap after GC invocations=4 (full 1):
 par new generation   total 109248K, used 13638K [0x00000000e0000000, 0x00000000e8000000, 0x00000000e8000000)
  eden space 87424K,   0% used [0x00000000e0000000, 0x00000000e0000000, 0x00000000e5560000)
  from space 21824K,  62% used [0x00000000e5560000, 0x00000000e62b1a28, 0x00000000e6ab0000)
  to   space 21824K,   0% used [0x00000000e6ab0000, 0x00000000e6ab0000, 0x00000000e8000000)
 concurrent mark-sweep generation total 393216K, used 0K [0x00000000e8000000, 0x0000000100000000, 0x0000000100000000)
 Metaspace       used 21197K, capacity 21576K, committed 21884K, reserved 1069056K
  class space    used 2438K, capacity 2596K, committed 2684K, reserved 1048576K
}
2017-07-23T10:09:04.628+0200: 2,755: [Rescan (parallel) , 0,0033294 secs]2017-07-23T10:09:04.632+0200: 2,758: [weak refs processing, 0,0008885 secs]2017-07-23T10:09:04.633+0200: 2,759: [class unloading, 0,0028349 secs]2017-07-23T10:09:04.636+0200: 2,762: [scrub symbol table, 0,0025097 secs]2017-07-23T10:09:04.638+0200: 2,764: [scrub string table, 0,0003675 secs][1 CMS-remark: 0K(393216K)] 13638K(502464K), 0,0216371 secs] [Times: user=0,06 sys=0,00, real=0,03 secs] 
2017-07-23T10:09:04.639+0200: 2,765: Total time for which application threads were stopped: 0,0217645 seconds, Stopping threads took: 0,0000460 seconds
2017-07-23T10:09:04.639+0200: 2,765: [CMS-concurrent-sweep-start]
2017-07-23T10:09:04.639+0200: 2,765: [CMS-concurrent-sweep: 0,000/0,000 secs] [Times: user=0,00 sys=0,00, real=0,00 secs] 
2017-07-23T10:09:04.639+0200: 2,765: [CMS-concurrent-reset-start]
2017-07-23T10:09:04.641+0200: 2,768: [CMS-concurrent-reset: 0,002/0,002 secs] [Times: user=0,01 sys=0,00, real=0,00 secs] 
{Heap before GC invocations=4 (full 1):
 par new generation   total 109248K, used 101062K [0x00000000e0000000, 0x00000000e8000000, 0x00000000e8000000)
  eden space 87424K, 100% used [0x00000000e0000000, 0x00000000e5560000, 0x00000000e5560000)
  from space 21824K,  62% used [0x00000000e5560000, 0x00000000e62b1a28, 0x00000000e6ab0000)
  to   space 21824K,   0% used [0x00000000e6ab0000, 0x00000000e6ab0000, 0x00000000e8000000)
 concurrent mark-sweep generation total 393216K, used 0K [0x00000000e8000000, 0x0000000100000000, 0x0000000100000000)
 Metaspace       used 21354K, capacity 21750K, committed 21884K, reserved 1069056K
  class space    used 2461K, capacity 2642K, committed 2684K, reserved 1048576K
2017-07-23T10:09:04.732+0200: 2,858: [GC (Allocation Failure) 2017-07-23T10:09:04.732+0200: 2,858: [ParNew
Desired survivor size 20112992 bytes, new threshold 8 (max 8)
- age   1:     746432 bytes,     746432 total
- age   2:      77032 bytes,     823464 total
- age   3:    1459624 bytes,    2283088 total
- age   4:     814784 bytes,    3097872 total
- age   5:    6661856 bytes,    9759728 total
: 101062K->12763K(109248K), 0,0122521 secs] 101062K->12763K(502464K), 0,0123345 secs] [Times: user=0,04 sys=0,00, real=0,01 secs] 
Heap after GC invocations=5 (full 1):
 par new generation   total 109248K, used 12763K [0x00000000e0000000, 0x00000000e8000000, 0x00000000e8000000)
  eden space 87424K,   0% used [0x00000000e0000000, 0x00000000e0000000, 0x00000000e5560000)
  from space 21824K,  58% used [0x00000000e6ab0000, 0x00000000e7726c30, 0x00000000e8000000)
  to   space 21824K,   0% used [0x00000000e5560000, 0x00000000e5560000, 0x00000000e6ab0000)
 concurrent mark-sweep generation total 393216K, used 0K [0x00000000e8000000, 0x0000000100000000, 0x0000000100000000)
 Metaspace       used 21354K, capacity 21750K, committed 21884K, reserved 1069056K
  class space    used 2461K, capacity 2642K, committed 2684K, reserved 1048576K
}
2017-07-23T10:09:04.744+0200: 2,870: Total time for which application threads were stopped: 0,0130241 seconds, Stopping threads took: 0,0005285 seconds
2017-07-23T10:09:04.815+0200: 2,942: Total time for which application threads were stopped: 0,0003176 seconds, Stopping threads took: 0,0000219 seconds
2017-07-23T10:09:05.075+0200: 3,201: Total time for which application threads were stopped: 0,0004352 seconds, Stopping threads took: 0,0000377 seconds
2017-07-23T10:09:05.092+0200: 3,219: Total time for which application threads were stopped: 0,0004851 seconds, Stopping threads took: 0,0000274 seconds
{Heap before GC invocations=5 (full 1):
 par new generation   total 109248K, used 100187K [0x00000000e0000000, 0x00000000e8000000, 0x00000000e8000000)
  eden space 87424K, 100% used [0x00000000e0000000, 0x00000000e5560000, 0x00000000e5560000)
  from space 21824K,  58% used [0x00000000e6ab0000, 0x00000000e7726c30, 0x00000000e8000000)
  to   space 21824K,   0% used [0x00000000e5560000, 0x00000000e5560000, 0x00000000e6ab0000)
 concurrent mark-sweep generation total 393216K, used 0K [0x00000000e8000000, 0x0000000100000000, 0x0000000100000000)
 Metaspace       used 23526K, capacity 24068K, committed 24188K, reserved 1071104K
  class space    used 2728K, capacity 2923K, committed 2940K, reserved 1048576K
2017-07-23T10:09:05.170+0200: 3,296: [GC (Allocation Failure) 2017-07-23T10:09:05.170+0200: 3,296: [ParNew
Desired survivor size 20112992 bytes, new threshold 8 (max 8)
- age   1:    4555728 bytes,    4555728 total
- age   2:     159488 bytes,    4715216 total
- age   3:      75952 bytes,    4791168 total
- age   4:     289584 bytes,    5080752 total
- age   5:     801080 bytes,    5881832 total
- age   6:    6653560 bytes,   12535392 total
: 100187K->13338K(109248K), 0,0124660 secs] 100187K->13338K(502464K), 0,0125335 secs] [Times: user=0,04 sys=0,00, real=0,01 secs] 
Heap after GC invocations=6 (full 1):
 par new generation   total 109248K, used 13338K [0x00000000e0000000, 0x00000000e8000000, 0x00000000e8000000)
  eden space 87424K,   0% used [0x00000000e0000000, 0x00000000e0000000, 0x00000000e5560000)
  from space 21824K,  61% used [0x00000000e5560000, 0x00000000e6266a78, 0x00000000e6ab0000)
  to   space 21824K,   0% used [0x00000000e6ab0000, 0x00000000e6ab0000, 0x00000000e8000000)
 concurrent mark-sweep generation total 393216K, used 0K [0x00000000e8000000, 0x0000000100000000, 0x0000000100000000)
 Metaspace       used 23526K, capacity 24068K, committed 24188K, reserved 1071104K
  class space    used 2728K, capacity 2923K, committed 2940K, reserved 1048576K
}
2017-07-23T10:09:05.182+0200: 3,308: Total time for which application threads were stopped: 0,0130082 seconds, Stopping threads took: 0,0002785 seconds
{Heap before GC invocations=6 (full 1):
 par new generation   total 109248K, used 100762K [0x00000000e0000000, 0x00000000e8000000, 0x00000000e8000000)
  eden space 87424K, 100% used [0x00000000e0000000, 0x00000000e5560000, 0x00000000e5560000)
  from space 21824K,  61% used [0x00000000e5560000, 0x00000000e6266a78, 0x00000000e6ab0000)
  to   space 21824K,   0% used [0x00000000e6ab0000, 0x00000000e6ab0000, 0x00000000e8000000)
 concurrent mark-sweep generation total 393216K, used 0K [0x00000000e8000000, 0x0000000100000000, 0x0000000100000000)
 Metaspace       used 24254K, capacity 24772K, committed 24828K, reserved 1071104K
  class space    used 2846K, capacity 3051K, committed 3068K, reserved 1048576K
2017-07-23T10:09:05.306+0200: 3,432: [GC (Allocation Failure) 2017-07-23T10:09:05.306+0200: 3,432: [ParNew
Desired survivor size 20112992 bytes, new threshold 8 (max 8)
- age   1:    2634864 bytes,    2634864 total
- age   2:    1536616 bytes,    4171480 total
- age   3:      91224 bytes,    4262704 total
- age   4:      40808 bytes,    4303512 total
- age   5:     194040 bytes,    4497552 total
- age   6:     745456 bytes,    5243008 total
- age   7:    6120712 bytes,   11363720 total
: 100762K->15590K(109248K), 0,0103192 secs] 100762K->15590K(502464K), 0,0103845 secs] [Times: user=0,03 sys=0,01, real=0,00 secs] 
Heap after GC invocations=7 (full 1):
 par new generation   total 109248K, used 15590K [0x00000000e0000000, 0x00000000e8000000, 0x00000000e8000000)
  eden space 87424K,   0% used [0x00000000e0000000, 0x00000000e0000000, 0x00000000e5560000)
  from space 21824K,  71% used [0x00000000e6ab0000, 0x00000000e79e9a20, 0x00000000e8000000)
  to   space 21824K,   0% used [0x00000000e5560000, 0x00000000e5560000, 0x00000000e6ab0000)
 concurrent mark-sweep generation total 393216K, used 0K [0x00000000e8000000, 0x0000000100000000, 0x0000000100000000)
 Metaspace       used 24254K, capacity 24772K, committed 24828K, reserved 1071104K
  class space    used 2846K, capacity 3051K, committed 3068K, reserved 1048576K
}
2017-07-23T10:09:05.316+0200: 3,442: Total time for which application threads were stopped: 0,0133871 seconds, Stopping threads took: 0,0028444 seconds
{Heap before GC invocations=7 (full 1):
 par new generation   total 109248K, used 103014K [0x00000000e0000000, 0x00000000e8000000, 0x00000000e8000000)
  eden space 87424K, 100% used [0x00000000e0000000, 0x00000000e5560000, 0x00000000e5560000)
  from space 21824K,  71% used [0x00000000e6ab0000, 0x00000000e79e9a20, 0x00000000e8000000)
  to   space 21824K,   0% used [0x00000000e5560000, 0x00000000e5560000, 0x00000000e6ab0000)
 concurrent mark-sweep generation total 393216K, used 0K [0x00000000e8000000, 0x0000000100000000, 0x0000000100000000)
 Metaspace       used 24531K, capacity 24986K, committed 25084K, reserved 1071104K
  class space    used 2870K, capacity 3055K, committed 3068K, reserved 1048576K
2017-07-23T10:09:05.379+0200: 3,505: [GC (Allocation Failure) 2017-07-23T10:09:05.379+0200: 3,505: [ParNew
Desired survivor size 20112992 bytes, new threshold 8 (max 8)
- age   1:     632712 bytes,     632712 total
- age   2:    1215208 bytes,    1847920 total
- age   3:    1523312 bytes,    3371232 total
- age   4:      91088 bytes,    3462320 total
- age   5:      40704 bytes,    3503024 total
- age   6:     191208 bytes,    3694232 total
- age   7:     744664 bytes,    4438896 total
- age   8:    6120320 bytes,   10559216 total
: 103014K->11829K(109248K), 0,0155115 secs] 103014K->11829K(502464K), 0,0156007 secs] [Times: user=0,06 sys=0,00, real=0,01 secs] 
Heap after GC invocations=8 (full 1):
 par new generation   total 109248K, used 11829K [0x00000000e0000000, 0x00000000e8000000, 0x00000000e8000000)
  eden space 87424K,   0% used [0x00000000e0000000, 0x00000000e0000000, 0x00000000e5560000)
  from space 21824K,  54% used [0x00000000e5560000, 0x00000000e60ed790, 0x00000000e6ab0000)
  to   space 21824K,   0% used [0x00000000e6ab0000, 0x00000000e6ab0000, 0x00000000e8000000)
 concurrent mark-sweep generation total 393216K, used 0K [0x00000000e8000000, 0x0000000100000000, 0x0000000100000000)
 Metaspace       used 24531K, capacity 24986K, committed 25084K, reserved 1071104K
  class space    used 2870K, capacity 3055K, committed 3068K, reserved 1048576K
}
2017-07-23T10:09:05.395+0200: 3,521: Total time for which application threads were stopped: 0,0158708 seconds, Stopping threads took: 0,0000673 seconds
{Heap before GC invocations=8 (full 1):
 par new generation   total 109248K, used 99253K [0x00000000e0000000, 0x00000000e8000000, 0x00000000e8000000)
  eden space 87424K, 100% used [0x00000000e0000000, 0x00000000e5560000, 0x00000000e5560000)
  from space 21824K,  54% used [0x00000000e5560000, 0x00000000e60ed790, 0x00000000e6ab0000)
  to   space 21824K,   0% used [0x00000000e6ab0000, 0x00000000e6ab0000, 0x00000000e8000000)
 concurrent mark-sweep generation total 393216K, used 0K [0x00000000e8000000, 0x0000000100000000, 0x0000000100000000)
 Metaspace       used 25129K, capacity 25540K, committed 25724K, reserved 1071104K
  class space    used 2916K, capacity 3089K, committed 3196K, reserved 1048576K
2017-07-23T10:09:05.573+0200: 3,700: [GC (Allocation Failure) 2017-07-23T10:09:05.574+0200: 3,700: [ParNew
Desired survivor size 20112992 bytes, new threshold 8 (max 8)
- age   1:    1796768 bytes,    1796768 total
- age   2:     158696 bytes,    1955464 total
- age   3:     433872 bytes,    2389336 total
- age   4:    1513496 bytes,    3902832 total
- age   5:      88576 bytes,    3991408 total
- age   6:      40704 bytes,    4032112 total
- age   7:     190680 bytes,    4222792 total
- age   8:     743864 bytes,    4966656 total
: 99253K->9423K(109248K), 0,0331857 secs] 99253K->15481K(502464K), 0,0332648 secs] [Times: user=0,10 sys=0,00, real=0,04 secs] 
Heap after GC invocations=9 (full 1):
 par new generation   total 109248K, used 9423K [0x00000000e0000000, 0x00000000e8000000, 0x00000000e8000000)
  eden space 87424K,   0% used [0x00000000e0000000, 0x00000000e0000000, 0x00000000e5560000)
  from space 21824K,  43% used [0x00000000e6ab0000, 0x00000000e73e3f00, 0x00000000e8000000)
  to   space 21824K,   0% used [0x00000000e5560000, 0x00000000e5560000, 0x00000000e6ab0000)
 concurrent mark-sweep generation total 393216K, used 6058K [0x00000000e8000000, 0x0000000100000000, 0x0000000100000000)
 Metaspace       used 25129K, capacity 25540K, committed 25724K, reserved 1071104K
  class space    used 2916K, capacity 3089K, committed 3196K, reserved 1048576K
}
2017-07-23T10:09:05.607+0200: 3,733: Total time for which application threads were stopped: 0,0335566 seconds, Stopping threads took: 0,0000603 seconds
2017-07-23T10:09:05.762+0200: 3,888: Total time for which application threads were stopped: 0,0017306 seconds, Stopping threads took: 0,0012805 seconds
2017-07-23T10:09:05.787+0200: 3,913: Total time for which application threads were stopped: 0,0003696 seconds, Stopping threads took: 0,0000171 seconds
2017-07-23T10:09:05.838+0200: 3,964: Total time for which application threads were stopped: 0,0004468 seconds, Stopping threads took: 0,0000250 seconds
2017-07-23T10:09:05.929+0200: 4,055: Total time for which application threads were stopped: 0,0005341 seconds, Stopping threads took: 0,0000934 seconds
2017-07-23T10:09:05.937+0200: 4,063: Total time for which application threads were stopped: 0,0001335 seconds, Stopping threads took: 0,0000502 seconds
2017-07-23T10:09:05.937+0200: 4,063: Total time for which application threads were stopped: 0,0000841 seconds, Stopping threads took: 0,0000177 seconds
2017-07-23T10:09:05.939+0200: 4,065: Total time for which application threads were stopped: 0,0004163 seconds, Stopping threads took: 0,0000210 seconds
2017-07-23T10:09:05.939+0200: 4,065: Total time for which application threads were stopped: 0,0000889 seconds, Stopping threads took: 0,0000194 seconds
2017-07-23T10:09:05.942+0200: 4,068: Total time for which application threads were stopped: 0,0001279 seconds, Stopping threads took: 0,0000616 seconds
2017-07-23T10:09:05.942+0200: 4,068: Total time for which application threads were stopped: 0,0000855 seconds, Stopping threads took: 0,0000150 seconds
2017-07-23T10:09:05.943+0200: 4,069: Total time for which application threads were stopped: 0,0001286 seconds, Stopping threads took: 0,0000654 seconds
2017-07-23T10:09:05.944+0200: 4,070: Total time for which application threads were stopped: 0,0000856 seconds, Stopping threads took: 0,0000303 seconds
2017-07-23T10:09:05.944+0200: 4,070: Total time for which application threads were stopped: 0,0000592 seconds, Stopping threads took: 0,0000087 seconds
2017-07-23T10:09:05.944+0200: 4,070: Total time for which application threads were stopped: 0,0000499 seconds, Stopping threads took: 0,0000127 seconds
2017-07-23T10:09:05.945+0200: 4,071: Total time for which application threads were stopped: 0,0000466 seconds, Stopping threads took: 0,0000098 seconds
2017-07-23T10:09:05.946+0200: 4,072: Total time for which application threads were stopped: 0,0000526 seconds, Stopping threads took: 0,0000118 seconds
2017-07-23T10:09:05.947+0200: 4,073: Total time for which application threads were stopped: 0,0001452 seconds, Stopping threads took: 0,0000807 seconds
2017-07-23T10:09:05.947+0200: 4,073: Total time for which application threads were stopped: 0,0000670 seconds, Stopping threads took: 0,0000147 seconds
2017-07-23T10:09:05.947+0200: 4,074: Total time for which application threads were stopped: 0,0001311 seconds, Stopping threads took: 0,0000632 seconds
2017-07-23T10:09:05.948+0200: 4,074: Total time for which application threads were stopped: 0,0000530 seconds, Stopping threads took: 0,0000111 seconds
2017-07-23T10:09:05.949+0200: 4,075: Total time for which application threads were stopped: 0,0000508 seconds, Stopping threads took: 0,0000103 seconds
2017-07-23T10:09:05.955+0200: 4,081: Total time for which application threads were stopped: 0,0001469 seconds, Stopping threads took: 0,0000579 seconds
2017-07-23T10:09:05.956+0200: 4,082: Total time for which application threads were stopped: 0,0001174 seconds, Stopping threads took: 0,0000350 seconds
2017-07-23T10:09:05.957+0200: 4,083: Total time for which application threads were stopped: 0,0000845 seconds, Stopping threads took: 0,0000166 seconds
2017-07-23T10:09:05.958+0200: 4,084: Total time for which application threads were stopped: 0,0000833 seconds, Stopping threads took: 0,0000171 seconds
2017-07-23T10:09:05.960+0200: 4,086: Total time for which application threads were stopped: 0,0001508 seconds, Stopping threads took: 0,0000237 seconds
2017-07-23T10:09:05.962+0200: 4,088: Total time for which application threads were stopped: 0,0000847 seconds, Stopping threads took: 0,0000152 seconds
2017-07-23T10:09:05.962+0200: 4,088: Total time for which application threads were stopped: 0,0000722 seconds, Stopping threads took: 0,0000169 seconds
2017-07-23T10:09:05.964+0200: 4,090: Total time for which application threads were stopped: 0,0000835 seconds, Stopping threads took: 0,0000227 seconds
2017-07-23T10:09:05.964+0200: 4,090: Total time for which application threads were stopped: 0,0000733 seconds, Stopping threads took: 0,0000217 seconds
2017-07-23T10:09:05.965+0200: 4,091: Total time for which application threads were stopped: 0,0001120 seconds, Stopping threads took: 0,0000375 seconds
2017-07-23T10:09:06.965+0200: 5,091: Total time for which application threads were stopped: 0,0000665 seconds, Stopping threads took: 0,0000154 seconds
2017-07-23T10:09:07.966+0200: 6,092: Total time for which application threads were stopped: 0,0000845 seconds, Stopping threads took: 0,0000200 seconds
2017-07-23T10:09:17.967+0200: 16,093: Total time for which application threads were stopped: 0,0000760 seconds, Stopping threads took: 0,0000172 seconds
2017-07-23T10:09:22.968+0200: 21,094: Total time for which application threads were stopped: 0,0005414 seconds, Stopping threads took: 0,0001149 seconds
2017-07-23T10:10:23.974+0200: 82,100: Total time for which application threads were stopped: 0,0000664 seconds, Stopping threads took: 0,0000175 seconds
2017-07-23T10:10:58.978+0200: 117,104: Total time for which application threads were stopped: 0,0001950 seconds, Stopping threads took: 0,0000787 seconds
2017-07-23T10:11:03.978+0200: 122,104: Total time for which application threads were stopped: 0,0000655 seconds, Stopping threads took: 0,0000158 seconds
2017-07-23T10:12:02.986+0200: 181,112: Total time for which application threads were stopped: 0,0000957 seconds, Stopping threads took: 0,0000324 seconds
2017-07-23T10:13:32.995+0200: 271,121: Total time for which application threads were stopped: 0,0000838 seconds, Stopping threads took: 0,0000325 seconds
2017-07-23T10:13:38.996+0200: 277,123: Total time for which application threads were stopped: 0,0005857 seconds, Stopping threads took: 0,0002756 seconds
2017-07-23T10:32:28.123+0200: 1406,249: Total time for which application threads were stopped: 0,0000806 seconds, Stopping threads took: 0,0000289 seconds
2017-07-23T10:36:18.146+0200: 1636,272: Total time for which application threads were stopped: 0,0000849 seconds, Stopping threads took: 0,0000305 seconds
2017-07-23T10:36:28.148+0200: 1646,274: Total time for which application threads were stopped: 0,0000817 seconds, Stopping threads took: 0,0000305 seconds
2017-07-23T10:47:23.227+0200: 2301,353: Total time for which application threads were stopped: 0,0000998 seconds, Stopping threads took: 0,0000346 seconds
2017-07-23T10:47:24.228+0200: 2302,354: Total time for which application threads were stopped: 0,0001347 seconds, Stopping threads took: 0,0000296 seconds
2017-07-23T11:02:19.323+0200: 3197,449: Total time for which application threads were stopped: 0,0000805 seconds, Stopping threads took: 0,0000306 seconds
2017-07-23T11:13:48.393+0200: 3886,519: Total time for which application threads were stopped: 0,0000899 seconds, Stopping threads took: 0,0000336 seconds
2017-07-23T11:14:03.395+0200: 3901,521: Total time for which application threads were stopped: 0,0006398 seconds, Stopping threads took: 0,0001588 seconds
2017-07-23T11:27:39.483+0200: 4717,609: Total time for which application threads were stopped: 0,0000845 seconds, Stopping threads took: 0,0000333 seconds
2017-07-23T11:27:44.483+0200: 4722,609: Total time for which application threads were stopped: 0,0000789 seconds, Stopping threads took: 0,0000175 seconds
2017-07-23T11:53:24.642+0200: 6262,768: Total time for which application threads were stopped: 0,0001027 seconds, Stopping threads took: 0,0000367 seconds
2017-07-23T12:11:33.756+0200: 7351,882: Total time for which application threads were stopped: 0,0001229 seconds, Stopping threads took: 0,0000386 seconds
2017-07-23T12:16:03.784+0200: 7621,910: Total time for which application threads were stopped: 0,0000920 seconds, Stopping threads took: 0,0000338 seconds
2017-07-23T12:17:03.790+0200: 7681,916: Total time for which application threads were stopped: 0,0001425 seconds, Stopping threads took: 0,0000640 seconds
2017-07-23T13:15:34.139+0200: 11192,265: Total time for which application threads were stopped: 0,0000821 seconds, Stopping threads took: 0,0000313 seconds
2017-07-23T13:21:34.175+0200: 11552,301: Total time for which application threads were stopped: 0,0002443 seconds, Stopping threads took: 0,0001158 seconds
2017-07-23T13:52:44.369+0200: 13422,495: Total time for which application threads were stopped: 0,0000847 seconds, Stopping threads took: 0,0000184 seconds
2017-07-23T14:25:03.581+0200: 15361,707: Total time for which application threads were stopped: 0,0000959 seconds, Stopping threads took: 0,0000362 seconds
2017-07-23T14:27:03.596+0200: 15481,722: Total time for which application threads were stopped: 0,0001036 seconds, Stopping threads took: 0,0000324 seconds
2017-07-23T14:56:30.187+0200: 17248,313: Total time for which application threads were stopped: 0,0001781 seconds, Stopping threads took: 0,0000657 seconds
2017-07-23T14:56:30.227+0200: 17248,353: Total time for which application threads were stopped: 0,0018989 seconds, Stopping threads took: 0,0000583 seconds
2017-07-23T14:56:30.284+0200: 17248,410: Total time for which application threads were stopped: 0,0001375 seconds, Stopping threads took: 0,0000389 seconds
2017-07-23T14:56:30.293+0200: 17248,419: Total time for which application threads were stopped: 0,0001336 seconds, Stopping threads took: 0,0000277 seconds
Heap
 par new generation   total 109248K, used 68544K [0x00000000e0000000, 0x00000000e8000000, 0x00000000e8000000)
  eden space 87424K,  67% used [0x00000000e0000000, 0x00000000e39bc2a0, 0x00000000e5560000)
  from space 21824K,  43% used [0x00000000e6ab0000, 0x00000000e73e3f00, 0x00000000e8000000)
  to   space 21824K,   0% used [0x00000000e5560000, 0x00000000e5560000, 0x00000000e6ab0000)
 concurrent mark-sweep generation total 393216K, used 6058K [0x00000000e8000000, 0x0000000100000000, 0x0000000100000000)
 Metaspace       used 28222K, capacity 28806K, committed 29052K, reserved 1075200K
  class space    used 3230K, capacity 3428K, committed 3452K, reserved 1048576K
