OpenJDK 64-Bit Server VM (25.121-b13) for linux-amd64 JRE (1.8.0_121-8u121-b13-0ubuntu1.16.04.2-b13), built on Jan 23 2017 15:51:29 by "buildd" with gcc 5.4.0 20160609
Memory: 4k page, physical 7867760k(7505476k free), swap 8076284k(8076284k free)
CommandLine flags: -XX:CMSInitiatingOccupancyFraction=50 -XX:CMSMaxAbortablePrecleanTime=6000 -XX:+CMSParallelRemarkEnabled -XX:+CMSScavengeBeforeRemark -XX:ConcGCThreads=4 -XX:InitialHeapSize=536870912 -XX:MaxHeapSize=536870912 -XX:MaxTenuringThreshold=8 -XX:NewRatio=3 -XX:OldPLABSize=16 -XX:OnOutOfMemoryError=/opt/solr/bin/oom_solr.sh 8983 /var/solr/logs -XX:ParallelGCThreads=4 -XX:+ParallelRefProcEnabled -XX:PretenureSizeThreshold=67108864 -XX:+PrintGC -XX:+PrintGCApplicationStoppedTime -XX:+PrintGCDateStamps -XX:+PrintGCDetails -XX:+PrintGCTimeStamps -XX:+PrintHeapAtGC -XX:+PrintTenuringDistribution -XX:SurvivorRatio=4 -XX:TargetSurvivorRatio=90 -XX:ThreadStackSize=256 -XX:+UseCMSInitiatingOccupancyOnly -XX:+UseCompressedClassPointers -XX:+UseCompressedOops -XX:+UseConcMarkSweepGC -XX:+UseParNewGC 
2017-02-27T08:38:27.770+0100: 0,148: Total time for which application threads were stopped: 0,0000712 seconds, Stopping threads took: 0,0000130 seconds
2017-02-27T08:38:27.860+0100: 0,237: Total time for which application threads were stopped: 0,0001262 seconds, Stopping threads took: 0,0000319 seconds
2017-02-27T08:38:27.881+0100: 0,259: Total time for which application threads were stopped: 0,0001028 seconds, Stopping threads took: 0,0000262 seconds
2017-02-27T08:38:28.153+0100: 0,531: Total time for which application threads were stopped: 0,0001465 seconds, Stopping threads took: 0,0000221 seconds
2017-02-27T08:38:28.619+0100: 0,997: Total time for which application threads were stopped: 0,0001726 seconds, Stopping threads took: 0,0000129 seconds
2017-02-27T08:38:28.692+0100: 1,069: Total time for which application threads were stopped: 0,0001551 seconds, Stopping threads took: 0,0000159 seconds
2017-02-27T08:38:28.716+0100: 1,093: Total time for which application threads were stopped: 0,0011008 seconds, Stopping threads took: 0,0007335 seconds
2017-02-27T08:38:28.970+0100: 1,348: Total time for which application threads were stopped: 0,0012389 seconds, Stopping threads took: 0,0001459 seconds
2017-02-27T08:38:29.180+0100: 1,557: Total time for which application threads were stopped: 0,0002044 seconds, Stopping threads took: 0,0000171 seconds
2017-02-27T08:38:29.203+0100: 1,581: Total time for which application threads were stopped: 0,0010500 seconds, Stopping threads took: 0,0000919 seconds
2017-02-27T08:38:29.247+0100: 1,624: Total time for which application threads were stopped: 0,0001999 seconds, Stopping threads took: 0,0000217 seconds
2017-02-27T08:38:29.248+0100: 1,625: Total time for which application threads were stopped: 0,0001908 seconds, Stopping threads took: 0,0000505 seconds
2017-02-27T08:38:29.271+0100: 1,649: Total time for which application threads were stopped: 0,0002690 seconds, Stopping threads took: 0,0000766 seconds
2017-02-27T08:38:29.348+0100: 1,726: Total time for which application threads were stopped: 0,0001964 seconds, Stopping threads took: 0,0000154 seconds
2017-02-27T08:38:29.500+0100: 1,877: Total time for which application threads were stopped: 0,0003889 seconds, Stopping threads took: 0,0001625 seconds
{Heap before GC invocations=0 (full 0):
 par new generation   total 109248K, used 87424K [0x00000000e0000000, 0x00000000e8000000, 0x00000000e8000000)
  eden space 87424K, 100% used [0x00000000e0000000, 0x00000000e5560000, 0x00000000e5560000)
  from space 21824K,   0% used [0x00000000e5560000, 0x00000000e5560000, 0x00000000e6ab0000)
  to   space 21824K,   0% used [0x00000000e6ab0000, 0x00000000e6ab0000, 0x00000000e8000000)
 concurrent mark-sweep generation total 393216K, used 0K [0x00000000e8000000, 0x0000000100000000, 0x0000000100000000)
 Metaspace       used 18034K, capacity 18336K, committed 18688K, reserved 1064960K
  class space    used 2035K, capacity 2196K, committed 2304K, reserved 1048576K
2017-02-27T08:38:29.582+0100: 1,960: [GC (Allocation Failure) 2017-02-27T08:38:29.583+0100: 1,960: [ParNew
Desired survivor size 20112992 bytes, new threshold 8 (max 8)
- age   1:   12374304 bytes,   12374304 total
: 87424K->12195K(109248K), 0,0156535 secs] 87424K->12195K(502464K), 0,0157336 secs] [Times: user=0,03 sys=0,02, real=0,01 secs] 
Heap after GC invocations=1 (full 0):
 par new generation   total 109248K, used 12195K [0x00000000e0000000, 0x00000000e8000000, 0x00000000e8000000)
  eden space 87424K,   0% used [0x00000000e0000000, 0x00000000e0000000, 0x00000000e5560000)
  from space 21824K,  55% used [0x00000000e6ab0000, 0x00000000e7698e18, 0x00000000e8000000)
  to   space 21824K,   0% used [0x00000000e5560000, 0x00000000e5560000, 0x00000000e6ab0000)
 concurrent mark-sweep generation total 393216K, used 0K [0x00000000e8000000, 0x0000000100000000, 0x0000000100000000)
 Metaspace       used 18034K, capacity 18336K, committed 18688K, reserved 1064960K
  class space    used 2035K, capacity 2196K, committed 2304K, reserved 1048576K
}
2017-02-27T08:38:29.598+0100: 1,976: Total time for which application threads were stopped: 0,0179743 seconds, Stopping threads took: 0,0020470 seconds
2017-02-27T08:38:29.909+0100: 2,286: Total time for which application threads were stopped: 0,0002685 seconds, Stopping threads took: 0,0000280 seconds
{Heap before GC invocations=1 (full 0):
 par new generation   total 109248K, used 99619K [0x00000000e0000000, 0x00000000e8000000, 0x00000000e8000000)
  eden space 87424K, 100% used [0x00000000e0000000, 0x00000000e5560000, 0x00000000e5560000)
  from space 21824K,  55% used [0x00000000e6ab0000, 0x00000000e7698e18, 0x00000000e8000000)
  to   space 21824K,   0% used [0x00000000e5560000, 0x00000000e5560000, 0x00000000e6ab0000)
 concurrent mark-sweep generation total 393216K, used 0K [0x00000000e8000000, 0x0000000100000000, 0x0000000100000000)
 Metaspace       used 20049K, capacity 20368K, committed 20736K, reserved 1067008K
  class space    used 2295K, capacity 2472K, committed 2560K, reserved 1048576K
2017-02-27T08:38:29.947+0100: 2,324: [GC (Allocation Failure) 2017-02-27T08:38:29.947+0100: 2,324: [ParNew
Desired survivor size 20112992 bytes, new threshold 8 (max 8)
- age   1:    3703536 bytes,    3703536 total
- age   2:    6640688 bytes,   10344224 total
: 99619K->13609K(109248K), 0,0118618 secs] 99619K->13609K(502464K), 0,0119313 secs] [Times: user=0,04 sys=0,00, real=0,02 secs] 
Heap after GC invocations=2 (full 0):
 par new generation   total 109248K, used 13609K [0x00000000e0000000, 0x00000000e8000000, 0x00000000e8000000)
  eden space 87424K,   0% used [0x00000000e0000000, 0x00000000e0000000, 0x00000000e5560000)
  from space 21824K,  62% used [0x00000000e5560000, 0x00000000e62aa578, 0x00000000e6ab0000)
  to   space 21824K,   0% used [0x00000000e6ab0000, 0x00000000e6ab0000, 0x00000000e8000000)
 concurrent mark-sweep generation total 393216K, used 0K [0x00000000e8000000, 0x0000000100000000, 0x0000000100000000)
 Metaspace       used 20049K, capacity 20368K, committed 20736K, reserved 1067008K
  class space    used 2295K, capacity 2472K, committed 2560K, reserved 1048576K
}
2017-02-27T08:38:29.959+0100: 2,336: Total time for which application threads were stopped: 0,0142546 seconds, Stopping threads took: 0,0021760 seconds
2017-02-27T08:38:29.967+0100: 2,344: Total time for which application threads were stopped: 0,0033581 seconds, Stopping threads took: 0,0031029 seconds
2017-02-27T08:38:29.994+0100: 2,372: Total time for which application threads were stopped: 0,0003575 seconds, Stopping threads took: 0,0000565 seconds
2017-02-27T08:38:30.096+0100: 2,474: Total time for which application threads were stopped: 0,0002139 seconds, Stopping threads took: 0,0000659 seconds
{Heap before GC invocations=2 (full 0):
 par new generation   total 109248K, used 101033K [0x00000000e0000000, 0x00000000e8000000, 0x00000000e8000000)
  eden space 87424K, 100% used [0x00000000e0000000, 0x00000000e5560000, 0x00000000e5560000)
  from space 21824K,  62% used [0x00000000e5560000, 0x00000000e62aa578, 0x00000000e6ab0000)
  to   space 21824K,   0% used [0x00000000e6ab0000, 0x00000000e6ab0000, 0x00000000e8000000)
 concurrent mark-sweep generation total 393216K, used 0K [0x00000000e8000000, 0x0000000100000000, 0x0000000100000000)
 Metaspace       used 20986K, capacity 21290K, committed 21628K, reserved 1069056K
  class space    used 2419K, capacity 2591K, committed 2684K, reserved 1048576K
2017-02-27T08:38:30.138+0100: 2,515: [GC (Allocation Failure) 2017-02-27T08:38:30.138+0100: 2,516: [ParNew
Desired survivor size 20112992 bytes, new threshold 8 (max 8)
- age   1:    2292520 bytes,    2292520 total
- age   2:     871472 bytes,    3163992 total
- age   3:    6639840 bytes,    9803832 total
: 101033K->12897K(109248K), 0,0182085 secs] 101033K->12897K(502464K), 0,0182907 secs] [Times: user=0,08 sys=0,00, real=0,02 secs] 
Heap after GC invocations=3 (full 0):
 par new generation   total 109248K, used 12897K [0x00000000e0000000, 0x00000000e8000000, 0x00000000e8000000)
  eden space 87424K,   0% used [0x00000000e0000000, 0x00000000e0000000, 0x00000000e5560000)
  from space 21824K,  59% used [0x00000000e6ab0000, 0x00000000e7748760, 0x00000000e8000000)
  to   space 21824K,   0% used [0x00000000e5560000, 0x00000000e5560000, 0x00000000e6ab0000)
 concurrent mark-sweep generation total 393216K, used 0K [0x00000000e8000000, 0x0000000100000000, 0x0000000100000000)
 Metaspace       used 20986K, capacity 21290K, committed 21628K, reserved 1069056K
  class space    used 2419K, capacity 2591K, committed 2684K, reserved 1048576K
}
2017-02-27T08:38:30.156+0100: 2,534: Total time for which application threads were stopped: 0,0184924 seconds, Stopping threads took: 0,0000731 seconds
2017-02-27T08:38:30.174+0100: 2,552: [GC (CMS Initial Mark) [1 CMS-initial-mark: 0K(393216K)] 31963K(502464K), 0,0088080 secs] [Times: user=0,04 sys=0,00, real=0,01 secs] 
2017-02-27T08:38:30.183+0100: 2,561: Total time for which application threads were stopped: 0,0128955 seconds, Stopping threads took: 0,0039832 seconds
2017-02-27T08:38:30.183+0100: 2,561: [CMS-concurrent-mark-start]
2017-02-27T08:38:30.184+0100: 2,561: [CMS-concurrent-mark: 0,000/0,000 secs] [Times: user=0,00 sys=0,00, real=0,00 secs] 
2017-02-27T08:38:30.184+0100: 2,561: [CMS-concurrent-preclean-start]
2017-02-27T08:38:30.184+0100: 2,562: [CMS-concurrent-preclean: 0,001/0,001 secs] [Times: user=0,00 sys=0,00, real=0,00 secs] 
2017-02-27T08:38:30.184+0100: 2,562: [CMS-concurrent-abortable-preclean-start]
2017-02-27T08:38:30.229+0100: 2,607: Total time for which application threads were stopped: 0,0002324 seconds, Stopping threads took: 0,0001584 seconds
{Heap before GC invocations=3 (full 1):
 par new generation   total 109248K, used 100321K [0x00000000e0000000, 0x00000000e8000000, 0x00000000e8000000)
  eden space 87424K, 100% used [0x00000000e0000000, 0x00000000e5560000, 0x00000000e5560000)
  from space 21824K,  59% used [0x00000000e6ab0000, 0x00000000e7748760, 0x00000000e8000000)
  to   space 21824K,   0% used [0x00000000e5560000, 0x00000000e5560000, 0x00000000e6ab0000)
 concurrent mark-sweep generation total 393216K, used 0K [0x00000000e8000000, 0x0000000100000000, 0x0000000100000000)
 Metaspace       used 21253K, capacity 21624K, committed 21884K, reserved 1069056K
  class space    used 2447K, capacity 2605K, committed 2684K, reserved 1048576K
2017-02-27T08:38:30.270+0100: 2,647: [GC (Allocation Failure) 2017-02-27T08:38:30.270+0100: 2,647: [ParNew
Desired survivor size 20112992 bytes, new threshold 8 (max 8)
- age   1:     651608 bytes,     651608 total
- age   2:    1454472 bytes,    2106080 total
- age   3:     838160 bytes,    2944240 total
- age   4:    6639896 bytes,    9584136 total
: 100321K->11302K(109248K), 0,0099872 secs] 100321K->11302K(502464K), 0,0100528 secs] [Times: user=0,04 sys=0,00, real=0,02 secs] 
Heap after GC invocations=4 (full 1):
 par new generation   total 109248K, used 11302K [0x00000000e0000000, 0x00000000e8000000, 0x00000000e8000000)
  eden space 87424K,   0% used [0x00000000e0000000, 0x00000000e0000000, 0x00000000e5560000)
  from space 21824K,  51% used [0x00000000e5560000, 0x00000000e6069a18, 0x00000000e6ab0000)
  to   space 21824K,   0% used [0x00000000e6ab0000, 0x00000000e6ab0000, 0x00000000e8000000)
 concurrent mark-sweep generation total 393216K, used 0K [0x00000000e8000000, 0x0000000100000000, 0x0000000100000000)
 Metaspace       used 21253K, capacity 21624K, committed 21884K, reserved 1069056K
  class space    used 2447K, capacity 2605K, committed 2684K, reserved 1048576K
}
2017-02-27T08:38:30.280+0100: 2,657: Total time for which application threads were stopped: 0,0106167 seconds, Stopping threads took: 0,0004414 seconds
{Heap before GC invocations=4 (full 1):
 par new generation   total 109248K, used 98726K [0x00000000e0000000, 0x00000000e8000000, 0x00000000e8000000)
  eden space 87424K, 100% used [0x00000000e0000000, 0x00000000e5560000, 0x00000000e5560000)
  from space 21824K,  51% used [0x00000000e5560000, 0x00000000e6069a18, 0x00000000e6ab0000)
  to   space 21824K,   0% used [0x00000000e6ab0000, 0x00000000e6ab0000, 0x00000000e8000000)
 concurrent mark-sweep generation total 393216K, used 0K [0x00000000e8000000, 0x0000000100000000, 0x0000000100000000)
 Metaspace       used 21430K, capacity 21796K, committed 21884K, reserved 1069056K
  class space    used 2470K, capacity 2639K, committed 2684K, reserved 1048576K
2017-02-27T08:38:30.376+0100: 2,754: [GC (Allocation Failure) 2017-02-27T08:38:30.376+0100: 2,754: [ParNew2017-02-27T08:38:30.381+0100: 2,759: [CMS-concurrent-abortable-preclean: 0,086/0,197 secs] [Times: user=0,74 sys=0,00, real=0,20 secs] 

Desired survivor size 20112992 bytes, new threshold 8 (max 8)
- age   1:     307680 bytes,     307680 total
- age   2:     178864 bytes,     486544 total
- age   3:    1454224 bytes,    1940768 total
- age   4:     838048 bytes,    2778816 total
- age   5:    6640296 bytes,    9419112 total
: 98726K->10344K(109248K), 0,0094448 secs] 98726K->10344K(502464K), 0,0095129 secs] [Times: user=0,03 sys=0,00, real=0,01 secs] 
Heap after GC invocations=5 (full 1):
 par new generation   total 109248K, used 10344K [0x00000000e0000000, 0x00000000e8000000, 0x00000000e8000000)
  eden space 87424K,   0% used [0x00000000e0000000, 0x00000000e0000000, 0x00000000e5560000)
  from space 21824K,  47% used [0x00000000e6ab0000, 0x00000000e74ca130, 0x00000000e8000000)
  to   space 21824K,   0% used [0x00000000e5560000, 0x00000000e5560000, 0x00000000e6ab0000)
 concurrent mark-sweep generation total 393216K, used 0K [0x00000000e8000000, 0x0000000100000000, 0x0000000100000000)
 Metaspace       used 21430K, capacity 21796K, committed 21884K, reserved 1069056K
  class space    used 2470K, capacity 2639K, committed 2684K, reserved 1048576K
}
2017-02-27T08:38:30.385+0100: 2,763: Total time for which application threads were stopped: 0,0103162 seconds, Stopping threads took: 0,0006765 seconds
2017-02-27T08:38:30.386+0100: 2,763: [GC (CMS Final Remark) [YG occupancy: 10354 K (109248 K)]{Heap before GC invocations=5 (full 1):
 par new generation   total 109248K, used 10354K [0x00000000e0000000, 0x00000000e8000000, 0x00000000e8000000)
  eden space 87424K,   0% used [0x00000000e0000000, 0x00000000e0002720, 0x00000000e5560000)
  from space 21824K,  47% used [0x00000000e6ab0000, 0x00000000e74ca130, 0x00000000e8000000)
  to   space 21824K,   0% used [0x00000000e5560000, 0x00000000e5560000, 0x00000000e6ab0000)
 concurrent mark-sweep generation total 393216K, used 0K [0x00000000e8000000, 0x0000000100000000, 0x0000000100000000)
 Metaspace       used 21430K, capacity 21796K, committed 21884K, reserved 1069056K
  class space    used 2470K, capacity 2639K, committed 2684K, reserved 1048576K
2017-02-27T08:38:30.386+0100: 2,763: [GC (CMS Final Remark) 2017-02-27T08:38:30.386+0100: 2,763: [ParNew
Desired survivor size 20112992 bytes, new threshold 8 (max 8)
- age   1:      10016 bytes,      10016 total
- age   2:     307680 bytes,     317696 total
- age   3:     178864 bytes,     496560 total
- age   4:    1454224 bytes,    1950784 total
- age   5:     838048 bytes,    2788832 total
- age   6:    6639976 bytes,    9428808 total
: 10354K->11209K(109248K), 0,0089585 secs] 10354K->11209K(502464K), 0,0089936 secs] [Times: user=0,03 sys=0,00, real=0,01 secs] 
Heap after GC invocations=6 (full 1):
 par new generation   total 109248K, used 11209K [0x00000000e0000000, 0x00000000e8000000, 0x00000000e8000000)
  eden space 87424K,   0% used [0x00000000e0000000, 0x00000000e0000000, 0x00000000e5560000)
  from space 21824K,  51% used [0x00000000e5560000, 0x00000000e6052490, 0x00000000e6ab0000)
  to   space 21824K,   0% used [0x00000000e6ab0000, 0x00000000e6ab0000, 0x00000000e8000000)
 concurrent mark-sweep generation total 393216K, used 0K [0x00000000e8000000, 0x0000000100000000, 0x0000000100000000)
 Metaspace       used 21430K, capacity 21796K, committed 21884K, reserved 1069056K
  class space    used 2470K, capacity 2639K, committed 2684K, reserved 1048576K
}
2017-02-27T08:38:30.395+0100: 2,772: [Rescan (parallel) , 0,0032897 secs]2017-02-27T08:38:30.398+0100: 2,776: [weak refs processing, 0,0009194 secs]2017-02-27T08:38:30.399+0100: 2,777: [class unloading, 0,0029196 secs]2017-02-27T08:38:30.402+0100: 2,780: [scrub symbol table, 0,0026654 secs]2017-02-27T08:38:30.405+0100: 2,782: [scrub string table, 0,0004056 secs][1 CMS-remark: 0K(393216K)] 11209K(502464K), 0,0198761 secs] [Times: user=0,06 sys=0,00, real=0,02 secs] 
2017-02-27T08:38:30.406+0100: 2,783: Total time for which application threads were stopped: 0,0200370 seconds, Stopping threads took: 0,0000927 seconds
2017-02-27T08:38:30.406+0100: 2,783: [CMS-concurrent-sweep-start]
2017-02-27T08:38:30.406+0100: 2,783: [CMS-concurrent-sweep: 0,000/0,000 secs] [Times: user=0,00 sys=0,00, real=0,00 secs] 
2017-02-27T08:38:30.406+0100: 2,783: [CMS-concurrent-reset-start]
2017-02-27T08:38:30.408+0100: 2,786: [CMS-concurrent-reset: 0,002/0,002 secs] [Times: user=0,00 sys=0,01, real=0,00 secs] 
2017-02-27T08:38:30.449+0100: 2,826: Total time for which application threads were stopped: 0,0003939 seconds, Stopping threads took: 0,0000315 seconds
2017-02-27T08:38:30.665+0100: 3,042: Total time for which application threads were stopped: 0,0004350 seconds, Stopping threads took: 0,0000282 seconds
2017-02-27T08:38:30.679+0100: 3,057: Total time for which application threads were stopped: 0,0003856 seconds, Stopping threads took: 0,0000364 seconds
{Heap before GC invocations=6 (full 1):
 par new generation   total 109248K, used 98633K [0x00000000e0000000, 0x00000000e8000000, 0x00000000e8000000)
  eden space 87424K, 100% used [0x00000000e0000000, 0x00000000e5560000, 0x00000000e5560000)
  from space 21824K,  51% used [0x00000000e5560000, 0x00000000e6052490, 0x00000000e6ab0000)
  to   space 21824K,   0% used [0x00000000e6ab0000, 0x00000000e6ab0000, 0x00000000e8000000)
 concurrent mark-sweep generation total 393216K, used 0K [0x00000000e8000000, 0x0000000100000000, 0x0000000100000000)
 Metaspace       used 24333K, capacity 24820K, committed 25084K, reserved 1071104K
  class space    used 2858K, capacity 3047K, committed 3068K, reserved 1048576K
2017-02-27T08:38:30.831+0100: 3,208: [GC (Allocation Failure) 2017-02-27T08:38:30.831+0100: 3,208: [ParNew
Desired survivor size 20112992 bytes, new threshold 8 (max 8)
- age   1:    5212432 bytes,    5212432 total
- age   3:     131624 bytes,    5344056 total
- age   4:     177456 bytes,    5521512 total
- age   5:     284224 bytes,    5805736 total
- age   6:     811880 bytes,    6617616 total
- age   7:    6631264 bytes,   13248880 total
: 98633K->18295K(109248K), 0,0125836 secs] 98633K->18295K(502464K), 0,0126662 secs] [Times: user=0,04 sys=0,00, real=0,01 secs] 
Heap after GC invocations=7 (full 1):
 par new generation   total 109248K, used 18295K [0x00000000e0000000, 0x00000000e8000000, 0x00000000e8000000)
  eden space 87424K,   0% used [0x00000000e0000000, 0x00000000e0000000, 0x00000000e5560000)
  from space 21824K,  83% used [0x00000000e6ab0000, 0x00000000e7c8dcc0, 0x00000000e8000000)
  to   space 21824K,   0% used [0x00000000e5560000, 0x00000000e5560000, 0x00000000e6ab0000)
 concurrent mark-sweep generation total 393216K, used 0K [0x00000000e8000000, 0x0000000100000000, 0x0000000100000000)
 Metaspace       used 24333K, capacity 24820K, committed 25084K, reserved 1071104K
  class space    used 2858K, capacity 3047K, committed 3068K, reserved 1048576K
}
2017-02-27T08:38:30.843+0100: 3,221: Total time for which application threads were stopped: 0,0129038 seconds, Stopping threads took: 0,0000298 seconds
{Heap before GC invocations=7 (full 1):
 par new generation   total 109248K, used 105719K [0x00000000e0000000, 0x00000000e8000000, 0x00000000e8000000)
  eden space 87424K, 100% used [0x00000000e0000000, 0x00000000e5560000, 0x00000000e5560000)
  from space 21824K,  83% used [0x00000000e6ab0000, 0x00000000e7c8dcc0, 0x00000000e8000000)
  to   space 21824K,   0% used [0x00000000e5560000, 0x00000000e5560000, 0x00000000e6ab0000)
 concurrent mark-sweep generation total 393216K, used 0K [0x00000000e8000000, 0x0000000100000000, 0x0000000100000000)
 Metaspace       used 24969K, capacity 25450K, committed 25724K, reserved 1071104K
  class space    used 2910K, capacity 3083K, committed 3196K, reserved 1048576K
2017-02-27T08:38:31.052+0100: 3,429: [GC (Allocation Failure) 2017-02-27T08:38:31.052+0100: 3,429: [ParNew
Desired survivor size 20112992 bytes, new threshold 8 (max 8)
- age   1:     986080 bytes,     986080 total
- age   2:    1384920 bytes,    2371000 total
- age   4:      70472 bytes,    2441472 total
- age   5:      99512 bytes,    2540984 total
- age   6:     184264 bytes,    2725248 total
- age   7:     768144 bytes,    3493392 total
- age   8:    6096752 bytes,    9590144 total
: 105719K->14277K(109248K), 0,0292313 secs] 105719K->14277K(502464K), 0,0293307 secs] [Times: user=0,07 sys=0,00, real=0,03 secs] 
Heap after GC invocations=8 (full 1):
 par new generation   total 109248K, used 14277K [0x00000000e0000000, 0x00000000e8000000, 0x00000000e8000000)
  eden space 87424K,   0% used [0x00000000e0000000, 0x00000000e0000000, 0x00000000e5560000)
  from space 21824K,  65% used [0x00000000e5560000, 0x00000000e6351600, 0x00000000e6ab0000)
  to   space 21824K,   0% used [0x00000000e6ab0000, 0x00000000e6ab0000, 0x00000000e8000000)
 concurrent mark-sweep generation total 393216K, used 0K [0x00000000e8000000, 0x0000000100000000, 0x0000000100000000)
 Metaspace       used 24969K, capacity 25450K, committed 25724K, reserved 1071104K
  class space    used 2910K, capacity 3083K, committed 3196K, reserved 1048576K
}
2017-02-27T08:38:31.081+0100: 3,459: Total time for which application threads were stopped: 0,0295937 seconds, Stopping threads took: 0,0000536 seconds
2017-02-27T08:38:31.268+0100: 3,645: Total time for which application threads were stopped: 0,0004732 seconds, Stopping threads took: 0,0000260 seconds
2017-02-27T08:38:31.284+0100: 3,662: Total time for which application threads were stopped: 0,0004991 seconds, Stopping threads took: 0,0000372 seconds
2017-02-27T08:38:31.344+0100: 3,722: Total time for which application threads were stopped: 0,0004275 seconds, Stopping threads took: 0,0000364 seconds
2017-02-27T08:38:31.680+0100: 4,057: Total time for which application threads were stopped: 0,0004796 seconds, Stopping threads took: 0,0000274 seconds
2017-02-27T08:39:59.692+0100: 92,070: Total time for which application threads were stopped: 0,0001666 seconds, Stopping threads took: 0,0000670 seconds
2017-02-27T08:40:29.696+0100: 122,074: Total time for which application threads were stopped: 0,0000998 seconds, Stopping threads took: 0,0000389 seconds
2017-02-27T08:40:34.697+0100: 127,074: Total time for which application threads were stopped: 0,0000728 seconds, Stopping threads took: 0,0000192 seconds
2017-02-27T08:41:33.227+0100: 186,081: Total time for which application threads were stopped: 0,0000918 seconds, Stopping threads took: 0,0000378 seconds
2017-02-27T08:43:03.238+0100: 276,092: Total time for which application threads were stopped: 0,0000957 seconds, Stopping threads took: 0,0000388 seconds
2017-02-27T08:43:04.239+0100: 277,093: Total time for which application threads were stopped: 0,0001512 seconds, Stopping threads took: 0,0000422 seconds
2017-02-27T08:47:59.287+0100: 572,141: Total time for which application threads were stopped: 0,0000786 seconds, Stopping threads took: 0,0000306 seconds
2017-02-27T09:01:59.426+0100: 1412,280: Total time for which application threads were stopped: 0,0001797 seconds, Stopping threads took: 0,0000663 seconds
2017-02-27T09:06:58.476+0100: 1711,330: Total time for which application threads were stopped: 0,0000933 seconds, Stopping threads took: 0,0000363 seconds
2017-02-27T09:07:18.479+0100: 1731,333: Total time for which application threads were stopped: 0,0001655 seconds, Stopping threads took: 0,0000579 seconds
2017-02-27T09:16:53.573+0100: 2306,427: Total time for which application threads were stopped: 0,0000786 seconds, Stopping threads took: 0,0000301 seconds
2017-02-27T09:16:54.574+0100: 2307,428: Total time for which application threads were stopped: 0,0001330 seconds, Stopping threads took: 0,0000300 seconds
2017-02-27T09:20:58.611+0100: 2551,465: Total time for which application threads were stopped: 0,0001668 seconds, Stopping threads took: 0,0000593 seconds
2017-02-27T09:26:28.660+0100: 2881,514: Total time for which application threads were stopped: 0,0000839 seconds, Stopping threads took: 0,0000343 seconds
2017-02-27T09:26:58.664+0100: 2911,518: Total time for which application threads were stopped: 0,0000912 seconds, Stopping threads took: 0,0000360 seconds
2017-02-27T09:27:28.669+0100: 2941,523: Total time for which application threads were stopped: 0,0000813 seconds, Stopping threads took: 0,0000332 seconds
2017-02-27T09:31:39.706+0100: 3192,560: Total time for which application threads were stopped: 0,0000868 seconds, Stopping threads took: 0,0000307 seconds
2017-02-27T09:31:44.706+0100: 3197,560: Total time for which application threads were stopped: 0,0001289 seconds, Stopping threads took: 0,0000382 seconds
2017-02-27T09:31:58.709+0100: 3211,563: Total time for which application threads were stopped: 0,0001485 seconds, Stopping threads took: 0,0000348 seconds
2017-02-27T09:42:13.791+0100: 3826,645: Total time for which application threads were stopped: 0,0001035 seconds, Stopping threads took: 0,0000369 seconds
2017-02-27T10:04:24.969+0100: 5157,823: Total time for which application threads were stopped: 0,0001784 seconds, Stopping threads took: 0,0000666 seconds
2017-02-27T10:04:29.970+0100: 5162,824: Total time for which application threads were stopped: 0,0001592 seconds, Stopping threads took: 0,0000566 seconds
2017-02-27T10:22:54.123+0100: 6266,977: Total time for which application threads were stopped: 0,0000776 seconds, Stopping threads took: 0,0000292 seconds
2017-02-27T10:39:59.269+0100: 7292,123: Total time for which application threads were stopped: 0,0000790 seconds, Stopping threads took: 0,0000307 seconds
2017-02-27T10:41:59.284+0100: 7412,138: Total time for which application threads were stopped: 0,0000779 seconds, Stopping threads took: 0,0000305 seconds
2017-02-27T10:46:29.319+0100: 7682,173: Total time for which application threads were stopped: 0,0000994 seconds, Stopping threads took: 0,0000350 seconds
2017-02-27T11:02:59.467+0100: 8672,321: Total time for which application threads were stopped: 0,0000800 seconds, Stopping threads took: 0,0000331 seconds
2017-02-27T11:47:20.144+0100: 11222,269: Total time for which application threads were stopped: 0,0000851 seconds, Stopping threads took: 0,0000315 seconds
2017-02-27T11:52:50.190+0100: 11552,315: Total time for which application threads were stopped: 0,0000811 seconds, Stopping threads took: 0,0000313 seconds
2017-02-27T15:10:35.545+0100: 15362,402: Total time for which application threads were stopped: 0,0000904 seconds, Stopping threads took: 0,0000358 seconds
2017-02-27T15:13:05.559+0100: 15512,416: Total time for which application threads were stopped: 0,0000914 seconds, Stopping threads took: 0,0000376 seconds
2017-02-27T16:50:25.452+0100: 21352,309: Total time for which application threads were stopped: 0,0009809 seconds, Stopping threads took: 0,0008537 seconds
2017-02-27T16:50:25.473+0100: 21352,330: Total time for which application threads were stopped: 0,0001310 seconds, Stopping threads took: 0,0000199 seconds
Heap
 par new generation   total 109248K, used 85141K [0x00000000e0000000, 0x00000000e8000000, 0x00000000e8000000)
  eden space 87424K,  81% used [0x00000000e0000000, 0x00000000e4533ed0, 0x00000000e5560000)
  from space 21824K,  65% used [0x00000000e5560000, 0x00000000e6351600, 0x00000000e6ab0000)
  to   space 21824K,   0% used [0x00000000e6ab0000, 0x00000000e6ab0000, 0x00000000e8000000)
 concurrent mark-sweep generation total 393216K, used 0K [0x00000000e8000000, 0x0000000100000000, 0x0000000100000000)
 Metaspace       used 28126K, capacity 28650K, committed 28796K, reserved 1075200K
  class space    used 3227K, capacity 3421K, committed 3452K, reserved 1048576K
