OpenJDK 64-Bit Server VM (25.111-b14) for linux-amd64 JRE (1.8.0_111-8u111-b14-2ubuntu0.16.04.2-b14), built on Oct 27 2016 18:10:19 by "buildd" with gcc 5.4.0 20160609
Memory: 4k page, physical 7867876k(7462972k free), swap 8076284k(8076284k free)
CommandLine flags: -XX:CMSInitiatingOccupancyFraction=50 -XX:CMSMaxAbortablePrecleanTime=6000 -XX:+CMSParallelRemarkEnabled -XX:+CMSScavengeBeforeRemark -XX:ConcGCThreads=4 -XX:InitialHeapSize=536870912 -XX:MaxHeapSize=536870912 -XX:MaxTenuringThreshold=8 -XX:NewRatio=3 -XX:OldPLABSize=16 -XX:OnOutOfMemoryError=/opt/solr/bin/oom_solr.sh 8983 /var/solr/logs -XX:ParallelGCThreads=4 -XX:+ParallelRefProcEnabled -XX:PretenureSizeThreshold=67108864 -XX:+PrintGC -XX:+PrintGCApplicationStoppedTime -XX:+PrintGCDateStamps -XX:+PrintGCDetails -XX:+PrintGCTimeStamps -XX:+PrintHeapAtGC -XX:+PrintTenuringDistribution -XX:SurvivorRatio=4 -XX:TargetSurvivorRatio=90 -XX:ThreadStackSize=256 -XX:+UseCMSInitiatingOccupancyOnly -XX:+UseCompressedClassPointers -XX:+UseCompressedOops -XX:+UseConcMarkSweepGC -XX:+UseParNewGC 
2016-11-10T22:06:43.675+0100: 0,117: Total time for which application threads were stopped: 0,0000675 seconds, Stopping threads took: 0,0000097 seconds
2016-11-10T22:06:43.764+0100: 0,206: Total time for which application threads were stopped: 0,0001107 seconds, Stopping threads took: 0,0000147 seconds
2016-11-10T22:06:43.777+0100: 0,219: Total time for which application threads were stopped: 0,0000781 seconds, Stopping threads took: 0,0000169 seconds
2016-11-10T22:06:43.917+0100: 0,359: Total time for which application threads were stopped: 0,0001490 seconds, Stopping threads took: 0,0000296 seconds
2016-11-10T22:06:44.099+0100: 0,541: Total time for which application threads were stopped: 0,0001224 seconds, Stopping threads took: 0,0000235 seconds
2016-11-10T22:06:44.150+0100: 0,592: Total time for which application threads were stopped: 0,0002214 seconds, Stopping threads took: 0,0000339 seconds
2016-11-10T22:06:44.186+0100: 0,628: Total time for which application threads were stopped: 0,0001939 seconds, Stopping threads took: 0,0000201 seconds
2016-11-10T22:06:44.580+0100: 1,022: Total time for which application threads were stopped: 0,0002405 seconds, Stopping threads took: 0,0000261 seconds
2016-11-10T22:06:44.889+0100: 1,332: Total time for which application threads were stopped: 0,0002078 seconds, Stopping threads took: 0,0000122 seconds
2016-11-10T22:06:44.908+0100: 1,350: Total time for which application threads were stopped: 0,0001751 seconds, Stopping threads took: 0,0000160 seconds
2016-11-10T22:06:44.909+0100: 1,351: Total time for which application threads were stopped: 0,0001465 seconds, Stopping threads took: 0,0000105 seconds
2016-11-10T22:06:44.919+0100: 1,361: Total time for which application threads were stopped: 0,0001677 seconds, Stopping threads took: 0,0000114 seconds
2016-11-10T22:06:45.030+0100: 1,472: Total time for which application threads were stopped: 0,0002901 seconds, Stopping threads took: 0,0000387 seconds
2016-11-10T22:06:45.258+0100: 1,700: Total time for which application threads were stopped: 0,0002658 seconds, Stopping threads took: 0,0000587 seconds
{Heap before GC invocations=0 (full 0):
 par new generation   total 109248K, used 87424K [0x00000000e0000000, 0x00000000e8000000, 0x00000000e8000000)
  eden space 87424K, 100% used [0x00000000e0000000, 0x00000000e5560000, 0x00000000e5560000)
  from space 21824K,   0% used [0x00000000e5560000, 0x00000000e5560000, 0x00000000e6ab0000)
  to   space 21824K,   0% used [0x00000000e6ab0000, 0x00000000e6ab0000, 0x00000000e8000000)
 concurrent mark-sweep generation total 393216K, used 0K [0x00000000e8000000, 0x0000000100000000, 0x0000000100000000)
 Metaspace       used 17729K, capacity 18014K, committed 18304K, reserved 1064960K
  class space    used 2009K, capacity 2130K, committed 2176K, reserved 1048576K
2016-11-10T22:06:45.372+0100: 1,814: [GC (Allocation Failure) 2016-11-10T22:06:45.372+0100: 1,814: [ParNew
Desired survivor size 20112992 bytes, new threshold 8 (max 8)
- age   1:   11973680 bytes,   11973680 total
: 87424K->11805K(109248K), 0,0209821 secs] 87424K->11805K(502464K), 0,0210750 secs] [Times: user=0,07 sys=0,00, real=0,02 secs] 
Heap after GC invocations=1 (full 0):
 par new generation   total 109248K, used 11805K [0x00000000e0000000, 0x00000000e8000000, 0x00000000e8000000)
  eden space 87424K,   0% used [0x00000000e0000000, 0x00000000e0000000, 0x00000000e5560000)
  from space 21824K,  54% used [0x00000000e6ab0000, 0x00000000e7637588, 0x00000000e8000000)
  to   space 21824K,   0% used [0x00000000e5560000, 0x00000000e5560000, 0x00000000e6ab0000)
 concurrent mark-sweep generation total 393216K, used 0K [0x00000000e8000000, 0x0000000100000000, 0x0000000100000000)
 Metaspace       used 17729K, capacity 18014K, committed 18304K, reserved 1064960K
  class space    used 2009K, capacity 2130K, committed 2176K, reserved 1048576K
}
2016-11-10T22:06:45.393+0100: 1,835: Total time for which application threads were stopped: 0,0214346 seconds, Stopping threads took: 0,0001389 seconds
2016-11-10T22:06:45.759+0100: 2,202: Total time for which application threads were stopped: 0,0003647 seconds, Stopping threads took: 0,0000320 seconds
2016-11-10T22:06:45.806+0100: 2,248: Total time for which application threads were stopped: 0,0003746 seconds, Stopping threads took: 0,0000529 seconds
2016-11-10T22:06:45.848+0100: 2,290: Total time for which application threads were stopped: 0,0003817 seconds, Stopping threads took: 0,0000556 seconds
{Heap before GC invocations=1 (full 0):
 par new generation   total 109248K, used 99229K [0x00000000e0000000, 0x00000000e8000000, 0x00000000e8000000)
  eden space 87424K, 100% used [0x00000000e0000000, 0x00000000e5560000, 0x00000000e5560000)
  from space 21824K,  54% used [0x00000000e6ab0000, 0x00000000e7637588, 0x00000000e8000000)
  to   space 21824K,   0% used [0x00000000e5560000, 0x00000000e5560000, 0x00000000e6ab0000)
 concurrent mark-sweep generation total 393216K, used 0K [0x00000000e8000000, 0x0000000100000000, 0x0000000100000000)
 Metaspace       used 20418K, capacity 20728K, committed 20992K, reserved 1067008K
  class space    used 2355K, capacity 2487K, committed 2560K, reserved 1048576K
2016-11-10T22:06:45.928+0100: 2,371: [GC (Allocation Failure) 2016-11-10T22:06:45.928+0100: 2,371: [ParNew
Desired survivor size 20112992 bytes, new threshold 8 (max 8)
- age   1:    4380760 bytes,    4380760 total
- age   2:    6247080 bytes,   10627840 total
: 99229K->13019K(109248K), 0,0106255 secs] 99229K->13019K(502464K), 0,0107033 secs] [Times: user=0,03 sys=0,00, real=0,01 secs] 
Heap after GC invocations=2 (full 0):
 par new generation   total 109248K, used 13019K [0x00000000e0000000, 0x00000000e8000000, 0x00000000e8000000)
  eden space 87424K,   0% used [0x00000000e0000000, 0x00000000e0000000, 0x00000000e5560000)
  from space 21824K,  59% used [0x00000000e5560000, 0x00000000e6216d60, 0x00000000e6ab0000)
  to   space 21824K,   0% used [0x00000000e6ab0000, 0x00000000e6ab0000, 0x00000000e8000000)
 concurrent mark-sweep generation total 393216K, used 0K [0x00000000e8000000, 0x0000000100000000, 0x0000000100000000)
 Metaspace       used 20418K, capacity 20728K, committed 20992K, reserved 1067008K
  class space    used 2355K, capacity 2487K, committed 2560K, reserved 1048576K
}
2016-11-10T22:06:45.939+0100: 2,381: Total time for which application threads were stopped: 0,0109119 seconds, Stopping threads took: 0,0000528 seconds
{Heap before GC invocations=2 (full 0):
 par new generation   total 109248K, used 100443K [0x00000000e0000000, 0x00000000e8000000, 0x00000000e8000000)
  eden space 87424K, 100% used [0x00000000e0000000, 0x00000000e5560000, 0x00000000e5560000)
  from space 21824K,  59% used [0x00000000e5560000, 0x00000000e6216d60, 0x00000000e6ab0000)
  to   space 21824K,   0% used [0x00000000e6ab0000, 0x00000000e6ab0000, 0x00000000e8000000)
 concurrent mark-sweep generation total 393216K, used 0K [0x00000000e8000000, 0x0000000100000000, 0x0000000100000000)
 Metaspace       used 20851K, capacity 21206K, committed 21296K, reserved 1069056K
  class space    used 2411K, capacity 2530K, committed 2560K, reserved 1048576K
2016-11-10T22:06:46.069+0100: 2,511: [GC (Allocation Failure) 2016-11-10T22:06:46.069+0100: 2,511: [ParNew
Desired survivor size 20112992 bytes, new threshold 8 (max 8)
- age   1:    1028200 bytes,    1028200 total
- age   2:    1626240 bytes,    2654440 total
- age   3:    6244312 bytes,    8898752 total
: 100443K->12055K(109248K), 0,0094973 secs] 100443K->12055K(502464K), 0,0095845 secs] [Times: user=0,04 sys=0,00, real=0,01 secs] 
Heap after GC invocations=3 (full 0):
 par new generation   total 109248K, used 12055K [0x00000000e0000000, 0x00000000e8000000, 0x00000000e8000000)
  eden space 87424K,   0% used [0x00000000e0000000, 0x00000000e0000000, 0x00000000e5560000)
  from space 21824K,  55% used [0x00000000e6ab0000, 0x00000000e7675c00, 0x00000000e8000000)
  to   space 21824K,   0% used [0x00000000e5560000, 0x00000000e5560000, 0x00000000e6ab0000)
 concurrent mark-sweep generation total 393216K, used 0K [0x00000000e8000000, 0x0000000100000000, 0x0000000100000000)
 Metaspace       used 20851K, capacity 21206K, committed 21296K, reserved 1069056K
  class space    used 2411K, capacity 2530K, committed 2560K, reserved 1048576K
}
2016-11-10T22:06:46.078+0100: 2,520: Total time for which application threads were stopped: 0,0098149 seconds, Stopping threads took: 0,0000580 seconds
2016-11-10T22:06:46.118+0100: 2,560: Total time for which application threads were stopped: 0,0001251 seconds, Stopping threads took: 0,0000374 seconds
2016-11-10T22:06:46.166+0100: 2,609: Total time for which application threads were stopped: 0,0001464 seconds, Stopping threads took: 0,0000458 seconds
2016-11-10T22:06:46.173+0100: 2,616: Total time for which application threads were stopped: 0,0002862 seconds, Stopping threads took: 0,0000213 seconds
2016-11-10T22:06:46.197+0100: 2,639: Total time for which application threads were stopped: 0,0001088 seconds, Stopping threads took: 0,0000207 seconds
2016-11-10T22:06:46.218+0100: 2,661: Total time for which application threads were stopped: 0,0001138 seconds, Stopping threads took: 0,0000372 seconds
2016-11-10T22:06:46.299+0100: 2,741: Total time for which application threads were stopped: 0,0044058 seconds, Stopping threads took: 0,0042915 seconds
2016-11-10T22:06:46.318+0100: 2,760: Total time for which application threads were stopped: 0,0004243 seconds, Stopping threads took: 0,0000735 seconds
2016-11-10T22:06:46.319+0100: 2,761: Total time for which application threads were stopped: 0,0001507 seconds, Stopping threads took: 0,0000664 seconds
2016-11-10T22:06:46.339+0100: 2,781: Total time for which application threads were stopped: 0,0003883 seconds, Stopping threads took: 0,0000287 seconds
{Heap before GC invocations=3 (full 0):
 par new generation   total 109248K, used 99479K [0x00000000e0000000, 0x00000000e8000000, 0x00000000e8000000)
  eden space 87424K, 100% used [0x00000000e0000000, 0x00000000e5560000, 0x00000000e5560000)
  from space 21824K,  55% used [0x00000000e6ab0000, 0x00000000e7675c00, 0x00000000e8000000)
  to   space 21824K,   0% used [0x00000000e5560000, 0x00000000e5560000, 0x00000000e6ab0000)
 concurrent mark-sweep generation total 393216K, used 0K [0x00000000e8000000, 0x0000000100000000, 0x0000000100000000)
 Metaspace       used 22710K, capacity 23086K, committed 23212K, reserved 1069056K
  class space    used 2628K, capacity 2774K, committed 2840K, reserved 1048576K
2016-11-10T22:06:46.356+0100: 2,798: [GC (Allocation Failure) 2016-11-10T22:06:46.356+0100: 2,798: [ParNew
Desired survivor size 20112992 bytes, new threshold 8 (max 8)
- age   1:    2430624 bytes,    2430624 total
- age   2:     178544 bytes,    2609168 total
- age   3:     816944 bytes,    3426112 total
- age   4:    6240424 bytes,    9666536 total
: 99479K->12756K(109248K), 0,0107973 secs] 99479K->12756K(502464K), 0,0108744 secs] [Times: user=0,03 sys=0,00, real=0,00 secs] 
Heap after GC invocations=4 (full 0):
 par new generation   total 109248K, used 12756K [0x00000000e0000000, 0x00000000e8000000, 0x00000000e8000000)
  eden space 87424K,   0% used [0x00000000e0000000, 0x00000000e0000000, 0x00000000e5560000)
  from space 21824K,  58% used [0x00000000e5560000, 0x00000000e61d53c0, 0x00000000e6ab0000)
  to   space 21824K,   0% used [0x00000000e6ab0000, 0x00000000e6ab0000, 0x00000000e8000000)
 concurrent mark-sweep generation total 393216K, used 0K [0x00000000e8000000, 0x0000000100000000, 0x0000000100000000)
 Metaspace       used 22710K, capacity 23086K, committed 23212K, reserved 1069056K
  class space    used 2628K, capacity 2774K, committed 2840K, reserved 1048576K
}
2016-11-10T22:06:46.367+0100: 2,809: Total time for which application threads were stopped: 0,0111010 seconds, Stopping threads took: 0,0000503 seconds
2016-11-10T22:06:46.367+0100: 2,810: [GC (CMS Initial Mark) [1 CMS-initial-mark: 0K(393216K)] 13646K(502464K), 0,0038253 secs] [Times: user=0,01 sys=0,00, real=0,00 secs] 
2016-11-10T22:06:46.371+0100: 2,813: Total time for which application threads were stopped: 0,0039641 seconds, Stopping threads took: 0,0000334 seconds
2016-11-10T22:06:46.371+0100: 2,813: [CMS-concurrent-mark-start]
2016-11-10T22:06:46.372+0100: 2,814: [CMS-concurrent-mark: 0,001/0,001 secs] [Times: user=0,01 sys=0,00, real=0,00 secs] 
2016-11-10T22:06:46.372+0100: 2,814: [CMS-concurrent-preclean-start]
2016-11-10T22:06:46.373+0100: 2,816: [CMS-concurrent-preclean: 0,001/0,001 secs] [Times: user=0,00 sys=0,00, real=0,00 secs] 
2016-11-10T22:06:46.374+0100: 2,816: [GC (CMS Final Remark) [YG occupancy: 14499 K (109248 K)]{Heap before GC invocations=4 (full 1):
 par new generation   total 109248K, used 14499K [0x00000000e0000000, 0x00000000e8000000, 0x00000000e8000000)
  eden space 87424K,   1% used [0x00000000e0000000, 0x00000000e01b3bf8, 0x00000000e5560000)
  from space 21824K,  58% used [0x00000000e5560000, 0x00000000e61d53c0, 0x00000000e6ab0000)
  to   space 21824K,   0% used [0x00000000e6ab0000, 0x00000000e6ab0000, 0x00000000e8000000)
 concurrent mark-sweep generation total 393216K, used 0K [0x00000000e8000000, 0x0000000100000000, 0x0000000100000000)
 Metaspace       used 22725K, capacity 23086K, committed 23212K, reserved 1069056K
  class space    used 2630K, capacity 2774K, committed 2840K, reserved 1048576K
2016-11-10T22:06:46.374+0100: 2,816: [GC (CMS Final Remark) 2016-11-10T22:06:46.374+0100: 2,816: [ParNew
Desired survivor size 20112992 bytes, new threshold 8 (max 8)
- age   1:      27776 bytes,      27776 total
- age   2:    1137960 bytes,    1165736 total
- age   3:     178544 bytes,    1344280 total
- age   4:     816944 bytes,    2161224 total
- age   5:    6240432 bytes,    8401656 total
: 14499K->9914K(109248K), 0,0123615 secs] 14499K->9914K(502464K), 0,0124219 secs] [Times: user=0,05 sys=0,00, real=0,01 secs] 
Heap after GC invocations=5 (full 1):
 par new generation   total 109248K, used 9914K [0x00000000e0000000, 0x00000000e8000000, 0x00000000e8000000)
  eden space 87424K,   0% used [0x00000000e0000000, 0x00000000e0000000, 0x00000000e5560000)
  from space 21824K,  45% used [0x00000000e6ab0000, 0x00000000e745eb40, 0x00000000e8000000)
  to   space 21824K,   0% used [0x00000000e5560000, 0x00000000e5560000, 0x00000000e6ab0000)
 concurrent mark-sweep generation total 393216K, used 0K [0x00000000e8000000, 0x0000000100000000, 0x0000000100000000)
 Metaspace       used 22725K, capacity 23086K, committed 23212K, reserved 1069056K
  class space    used 2630K, capacity 2774K, committed 2840K, reserved 1048576K
}
2016-11-10T22:06:46.386+0100: 2,829: [Rescan (parallel) , 0,0041611 secs]2016-11-10T22:06:46.391+0100: 2,833: [weak refs processing, 0,0008072 secs]2016-11-10T22:06:46.391+0100: 2,834: [class unloading, 0,0030789 secs]2016-11-10T22:06:46.395+0100: 2,837: [scrub symbol table, 0,0035070 secs]2016-11-10T22:06:46.398+0100: 2,840: [scrub string table, 0,0004056 secs][1 CMS-remark: 0K(393216K)] 9914K(502464K), 0,0251739 secs] [Times: user=0,07 sys=0,01, real=0,03 secs] 
2016-11-10T22:06:46.399+0100: 2,841: Total time for which application threads were stopped: 0,0254717 seconds, Stopping threads took: 0,0001749 seconds
2016-11-10T22:06:46.399+0100: 2,841: [CMS-concurrent-sweep-start]
2016-11-10T22:06:46.399+0100: 2,841: [CMS-concurrent-sweep: 0,000/0,000 secs] [Times: user=0,00 sys=0,00, real=0,00 secs] 
2016-11-10T22:06:46.399+0100: 2,841: [CMS-concurrent-reset-start]
2016-11-10T22:06:46.402+0100: 2,844: [CMS-concurrent-reset: 0,002/0,002 secs] [Times: user=0,01 sys=0,00, real=0,00 secs] 
2016-11-10T22:06:46.751+0100: 3,193: Total time for which application threads were stopped: 0,0004311 seconds, Stopping threads took: 0,0000230 seconds
2016-11-10T22:06:47.609+0100: 4,051: Total time for which application threads were stopped: 0,0003177 seconds, Stopping threads took: 0,0000174 seconds
2016-11-10T22:07:14.196+0100: 31,054: Total time for which application threads were stopped: 0,0000807 seconds, Stopping threads took: 0,0000226 seconds
2016-11-10T22:09:20.209+0100: 157,067: Total time for which application threads were stopped: 0,0001056 seconds, Stopping threads took: 0,0000382 seconds
2016-11-10T22:10:20.215+0100: 217,073: Total time for which application threads were stopped: 0,0000828 seconds, Stopping threads took: 0,0000268 seconds
2016-11-10T22:11:30.223+0100: 287,080: Total time for which application threads were stopped: 0,0005045 seconds, Stopping threads took: 0,0001821 seconds
2016-11-10T22:30:24.352+0100: 1421,210: Total time for which application threads were stopped: 0,0001028 seconds, Stopping threads took: 0,0000305 seconds
2016-11-10T22:34:59.381+0100: 1696,239: Total time for which application threads were stopped: 0,0000919 seconds, Stopping threads took: 0,0000338 seconds
2016-11-10T22:45:20.448+0100: 2317,306: Total time for which application threads were stopped: 0,0001631 seconds, Stopping threads took: 0,0000522 seconds
2016-11-10T22:45:24.449+0100: 2321,307: Total time for which application threads were stopped: 0,0005959 seconds, Stopping threads took: 0,0001151 seconds
2016-11-10T23:00:00.548+0100: 3197,406: Total time for which application threads were stopped: 0,0000842 seconds, Stopping threads took: 0,0000320 seconds
2016-11-10T23:11:04.612+0100: 3861,470: Total time for which application threads were stopped: 0,0002107 seconds, Stopping threads took: 0,0000834 seconds
2016-11-10T23:11:09.613+0100: 3866,470: Total time for which application threads were stopped: 0,0001041 seconds, Stopping threads took: 0,0000186 seconds
2016-11-10T23:13:44.629+0100: 4021,486: Total time for which application threads were stopped: 0,0001519 seconds, Stopping threads took: 0,0000483 seconds
2016-11-10T23:29:05.721+0100: 4942,578: Total time for which application threads were stopped: 0,0000934 seconds, Stopping threads took: 0,0000352 seconds
2016-11-10T23:43:10.803+0100: 5787,660: Total time for which application threads were stopped: 0,0000932 seconds, Stopping threads took: 0,0000357 seconds
2016-11-10T23:43:15.803+0100: 5792,661: Total time for which application threads were stopped: 0,0000688 seconds, Stopping threads took: 0,0000146 seconds
2016-11-10T23:48:20.833+0100: 6097,691: Total time for which application threads were stopped: 0,0000874 seconds, Stopping threads took: 0,0000306 seconds
2016-11-10T23:48:25.834+0100: 6102,692: Total time for which application threads were stopped: 0,0001493 seconds, Stopping threads took: 0,0000576 seconds
2016-11-10T23:51:39.854+0100: 6296,712: Total time for which application threads were stopped: 0,0001915 seconds, Stopping threads took: 0,0000626 seconds
2016-11-10T23:51:44.855+0100: 6301,712: Total time for which application threads were stopped: 0,0000863 seconds, Stopping threads took: 0,0000179 seconds
2016-11-10T23:58:44.895+0100: 6721,753: Total time for which application threads were stopped: 0,0000953 seconds, Stopping threads took: 0,0000344 seconds
2016-11-11T00:09:14.956+0100: 7351,813: Total time for which application threads were stopped: 0,0000831 seconds, Stopping threads took: 0,0000294 seconds
2016-11-11T00:10:44.966+0100: 7441,823: Total time for which application threads were stopped: 0,0000845 seconds, Stopping threads took: 0,0000315 seconds
2016-11-11T00:11:44.972+0100: 7501,830: Total time for which application threads were stopped: 0,0001372 seconds, Stopping threads took: 0,0000384 seconds
2016-11-11T00:14:44.990+0100: 7681,848: Total time for which application threads were stopped: 0,0001037 seconds, Stopping threads took: 0,0000330 seconds
2016-11-11T00:15:14.993+0100: 7711,850: Total time for which application threads were stopped: 0,0000849 seconds, Stopping threads took: 0,0000303 seconds
2016-11-11T01:43:38.862+0100: 13015,720: Total time for which application threads were stopped: 0,0001897 seconds, Stopping threads took: 0,0000351 seconds
2016-11-11T01:43:38.902+0100: 13015,760: Total time for which application threads were stopped: 0,0001292 seconds, Stopping threads took: 0,0000203 seconds
Heap
 par new generation   total 109248K, used 88092K [0x00000000e0000000, 0x00000000e8000000, 0x00000000e8000000)
  eden space 87424K,  89% used [0x00000000e0000000, 0x00000000e4c58660, 0x00000000e5560000)
  from space 21824K,  45% used [0x00000000e6ab0000, 0x00000000e745eb40, 0x00000000e8000000)
  to   space 21824K,   0% used [0x00000000e5560000, 0x00000000e5560000, 0x00000000e6ab0000)
 concurrent mark-sweep generation total 393216K, used 0K [0x00000000e8000000, 0x0000000100000000, 0x0000000100000000)
 Metaspace       used 27449K, capacity 27852K, committed 27928K, reserved 1073152K
  class space    used 3179K, capacity 3333K, committed 3352K, reserved 1048576K
