OpenJDK 64-Bit Server VM (25.111-b14) for linux-amd64 JRE (1.8.0_111-8u111-b14-2ubuntu0.16.04.2-b14), built on Oct 27 2016 18:10:19 by "buildd" with gcc 5.4.0 20160609
Memory: 4k page, physical 7867800k(7511708k free), swap 8076284k(8076284k free)
CommandLine flags: -XX:CMSInitiatingOccupancyFraction=50 -XX:CMSMaxAbortablePrecleanTime=6000 -XX:+CMSParallelRemarkEnabled -XX:+CMSScavengeBeforeRemark -XX:ConcGCThreads=4 -XX:InitialHeapSize=536870912 -XX:MaxHeapSize=536870912 -XX:MaxTenuringThreshold=8 -XX:NewRatio=3 -XX:OldPLABSize=16 -XX:OnOutOfMemoryError=/opt/solr/bin/oom_solr.sh 8983 /var/solr/logs -XX:ParallelGCThreads=4 -XX:+ParallelRefProcEnabled -XX:PretenureSizeThreshold=67108864 -XX:+PrintGC -XX:+PrintGCApplicationStoppedTime -XX:+PrintGCDateStamps -XX:+PrintGCDetails -XX:+PrintGCTimeStamps -XX:+PrintHeapAtGC -XX:+PrintTenuringDistribution -XX:SurvivorRatio=4 -XX:TargetSurvivorRatio=90 -XX:ThreadStackSize=256 -XX:+UseCMSInitiatingOccupancyOnly -XX:+UseCompressedClassPointers -XX:+UseCompressedOops -XX:+UseConcMarkSweepGC -XX:+UseParNewGC 
2017-01-24T20:36:44.129+0100: 0,145: Total time for which application threads were stopped: 0,0000743 seconds, Stopping threads took: 0,0000104 seconds
2017-01-24T20:36:44.220+0100: 0,236: Total time for which application threads were stopped: 0,0000833 seconds, Stopping threads took: 0,0000107 seconds
2017-01-24T20:36:44.235+0100: 0,252: Total time for which application threads were stopped: 0,0000835 seconds, Stopping threads took: 0,0000106 seconds
2017-01-24T20:36:44.428+0100: 0,444: Total time for which application threads were stopped: 0,0001607 seconds, Stopping threads took: 0,0000295 seconds
2017-01-24T20:36:44.928+0100: 0,944: Total time for which application threads were stopped: 0,0001666 seconds, Stopping threads took: 0,0000127 seconds
2017-01-24T20:36:45.014+0100: 1,030: Total time for which application threads were stopped: 0,0003098 seconds, Stopping threads took: 0,0000366 seconds
2017-01-24T20:36:45.037+0100: 1,053: Total time for which application threads were stopped: 0,0005189 seconds, Stopping threads took: 0,0001144 seconds
2017-01-24T20:36:45.379+0100: 1,395: Total time for which application threads were stopped: 0,0002143 seconds, Stopping threads took: 0,0000158 seconds
2017-01-24T20:36:45.577+0100: 1,593: Total time for which application threads were stopped: 0,0002026 seconds, Stopping threads took: 0,0000152 seconds
2017-01-24T20:36:45.606+0100: 1,622: Total time for which application threads were stopped: 0,0002518 seconds, Stopping threads took: 0,0000303 seconds
2017-01-24T20:36:45.607+0100: 1,623: Total time for which application threads were stopped: 0,0001930 seconds, Stopping threads took: 0,0000239 seconds
2017-01-24T20:36:45.621+0100: 1,637: Total time for which application threads were stopped: 0,0001750 seconds, Stopping threads took: 0,0000157 seconds
2017-01-24T20:36:45.728+0100: 1,744: Total time for which application threads were stopped: 0,0001936 seconds, Stopping threads took: 0,0000170 seconds
2017-01-24T20:36:45.901+0100: 1,917: Total time for which application threads were stopped: 0,0005380 seconds, Stopping threads took: 0,0003258 seconds
{Heap before GC invocations=0 (full 0):
 par new generation   total 109248K, used 87424K [0x00000000e0000000, 0x00000000e8000000, 0x00000000e8000000)
  eden space 87424K, 100% used [0x00000000e0000000, 0x00000000e5560000, 0x00000000e5560000)
  from space 21824K,   0% used [0x00000000e5560000, 0x00000000e5560000, 0x00000000e6ab0000)
  to   space 21824K,   0% used [0x00000000e6ab0000, 0x00000000e6ab0000, 0x00000000e8000000)
 concurrent mark-sweep generation total 393216K, used 0K [0x00000000e8000000, 0x0000000100000000, 0x0000000100000000)
 Metaspace       used 18018K, capacity 18298K, committed 18560K, reserved 1064960K
  class space    used 2046K, capacity 2162K, committed 2176K, reserved 1048576K
2017-01-24T20:36:46.032+0100: 2,048: [GC (Allocation Failure) 2017-01-24T20:36:46.032+0100: 2,048: [ParNew
Desired survivor size 20112992 bytes, new threshold 8 (max 8)
- age   1:   12866216 bytes,   12866216 total
: 87424K->12689K(109248K), 0,0159602 secs] 87424K->12689K(502464K), 0,0160409 secs] [Times: user=0,03 sys=0,02, real=0,01 secs] 
Heap after GC invocations=1 (full 0):
 par new generation   total 109248K, used 12689K [0x00000000e0000000, 0x00000000e8000000, 0x00000000e8000000)
  eden space 87424K,   0% used [0x00000000e0000000, 0x00000000e0000000, 0x00000000e5560000)
  from space 21824K,  58% used [0x00000000e6ab0000, 0x00000000e77146d8, 0x00000000e8000000)
  to   space 21824K,   0% used [0x00000000e5560000, 0x00000000e5560000, 0x00000000e6ab0000)
 concurrent mark-sweep generation total 393216K, used 0K [0x00000000e8000000, 0x0000000100000000, 0x0000000100000000)
 Metaspace       used 18018K, capacity 18298K, committed 18560K, reserved 1064960K
  class space    used 2046K, capacity 2162K, committed 2176K, reserved 1048576K
}
2017-01-24T20:36:46.048+0100: 2,064: Total time for which application threads were stopped: 0,0162411 seconds, Stopping threads took: 0,0000561 seconds
2017-01-24T20:36:46.254+0100: 2,270: Total time for which application threads were stopped: 0,0003129 seconds, Stopping threads took: 0,0000306 seconds
2017-01-24T20:36:46.287+0100: 2,303: Total time for which application threads were stopped: 0,0003500 seconds, Stopping threads took: 0,0000305 seconds
2017-01-24T20:36:46.316+0100: 2,332: Total time for which application threads were stopped: 0,0003196 seconds, Stopping threads took: 0,0000528 seconds
{Heap before GC invocations=1 (full 0):
 par new generation   total 109248K, used 100113K [0x00000000e0000000, 0x00000000e8000000, 0x00000000e8000000)
  eden space 87424K, 100% used [0x00000000e0000000, 0x00000000e5560000, 0x00000000e5560000)
  from space 21824K,  58% used [0x00000000e6ab0000, 0x00000000e77146d8, 0x00000000e8000000)
  to   space 21824K,   0% used [0x00000000e5560000, 0x00000000e5560000, 0x00000000e6ab0000)
 concurrent mark-sweep generation total 393216K, used 0K [0x00000000e8000000, 0x0000000100000000, 0x0000000100000000)
 Metaspace       used 20491K, capacity 20850K, committed 20992K, reserved 1067008K
  class space    used 2367K, capacity 2486K, committed 2560K, reserved 1048576K
2017-01-24T20:36:46.443+0100: 2,459: [GC (Allocation Failure) 2017-01-24T20:36:46.443+0100: 2,459: [ParNew
Desired survivor size 20112992 bytes, new threshold 8 (max 8)
- age   1:    3855440 bytes,    3855440 total
- age   2:    6624296 bytes,   10479736 total
: 100113K->11956K(109248K), 0,0098404 secs] 100113K->11956K(502464K), 0,0099133 secs] [Times: user=0,04 sys=0,00, real=0,01 secs] 
Heap after GC invocations=2 (full 0):
 par new generation   total 109248K, used 11956K [0x00000000e0000000, 0x00000000e8000000, 0x00000000e8000000)
  eden space 87424K,   0% used [0x00000000e0000000, 0x00000000e0000000, 0x00000000e5560000)
  from space 21824K,  54% used [0x00000000e5560000, 0x00000000e610d1d0, 0x00000000e6ab0000)
  to   space 21824K,   0% used [0x00000000e6ab0000, 0x00000000e6ab0000, 0x00000000e8000000)
 concurrent mark-sweep generation total 393216K, used 0K [0x00000000e8000000, 0x0000000100000000, 0x0000000100000000)
 Metaspace       used 20491K, capacity 20850K, committed 20992K, reserved 1067008K
  class space    used 2367K, capacity 2486K, committed 2560K, reserved 1048576K
}
2017-01-24T20:36:46.453+0100: 2,469: Total time for which application threads were stopped: 0,0101072 seconds, Stopping threads took: 0,0000436 seconds
2017-01-24T20:36:46.495+0100: 2,511: Total time for which application threads were stopped: 0,0002473 seconds, Stopping threads took: 0,0001589 seconds
2017-01-24T20:36:46.528+0100: 2,544: Total time for which application threads were stopped: 0,0001400 seconds, Stopping threads took: 0,0000477 seconds
2017-01-24T20:36:46.590+0100: 2,606: Total time for which application threads were stopped: 0,0041267 seconds, Stopping threads took: 0,0040526 seconds
{Heap before GC invocations=2 (full 0):
 par new generation   total 109248K, used 99380K [0x00000000e0000000, 0x00000000e8000000, 0x00000000e8000000)
  eden space 87424K, 100% used [0x00000000e0000000, 0x00000000e5560000, 0x00000000e5560000)
  from space 21824K,  54% used [0x00000000e5560000, 0x00000000e610d1d0, 0x00000000e6ab0000)
  to   space 21824K,   0% used [0x00000000e6ab0000, 0x00000000e6ab0000, 0x00000000e8000000)
 concurrent mark-sweep generation total 393216K, used 0K [0x00000000e8000000, 0x0000000100000000, 0x0000000100000000)
 Metaspace       used 21794K, capacity 22158K, committed 22216K, reserved 1069056K
  class space    used 2525K, capacity 2683K, committed 2684K, reserved 1048576K
2017-01-24T20:36:46.632+0100: 2,648: [GC (Allocation Failure) 2017-01-24T20:36:46.632+0100: 2,648: [ParNew
Desired survivor size 20112992 bytes, new threshold 8 (max 8)
- age   1:    1631752 bytes,    1631752 total
- age   2:    1608472 bytes,    3240224 total
- age   3:    6612672 bytes,    9852896 total
: 99380K->16919K(109248K), 0,0129238 secs] 99380K->16919K(502464K), 0,0129998 secs] [Times: user=0,04 sys=0,00, real=0,01 secs] 
Heap after GC invocations=3 (full 0):
 par new generation   total 109248K, used 16919K [0x00000000e0000000, 0x00000000e8000000, 0x00000000e8000000)
  eden space 87424K,   0% used [0x00000000e0000000, 0x00000000e0000000, 0x00000000e5560000)
  from space 21824K,  77% used [0x00000000e6ab0000, 0x00000000e7b35e68, 0x00000000e8000000)
  to   space 21824K,   0% used [0x00000000e5560000, 0x00000000e5560000, 0x00000000e6ab0000)
 concurrent mark-sweep generation total 393216K, used 0K [0x00000000e8000000, 0x0000000100000000, 0x0000000100000000)
 Metaspace       used 21794K, capacity 22158K, committed 22216K, reserved 1069056K
  class space    used 2525K, capacity 2683K, committed 2684K, reserved 1048576K
}
2017-01-24T20:36:46.645+0100: 2,661: Total time for which application threads were stopped: 0,0140072 seconds, Stopping threads took: 0,0008855 seconds
2017-01-24T20:36:46.646+0100: 2,662: [GC (CMS Initial Mark) [1 CMS-initial-mark: 0K(393216K)] 18696K(502464K), 0,0029218 secs] [Times: user=0,01 sys=0,00, real=0,00 secs] 
2017-01-24T20:36:46.649+0100: 2,665: Total time for which application threads were stopped: 0,0030520 seconds, Stopping threads took: 0,0000515 seconds
2017-01-24T20:36:46.649+0100: 2,665: [CMS-concurrent-mark-start]
2017-01-24T20:36:46.649+0100: 2,665: [CMS-concurrent-mark: 0,001/0,001 secs] [Times: user=0,00 sys=0,00, real=0,00 secs] 
2017-01-24T20:36:46.649+0100: 2,665: [CMS-concurrent-preclean-start]
2017-01-24T20:36:46.651+0100: 2,667: [CMS-concurrent-preclean: 0,001/0,001 secs] [Times: user=0,01 sys=0,00, real=0,01 secs] 
2017-01-24T20:36:46.651+0100: 2,667: [CMS-concurrent-abortable-preclean-start]
2017-01-24T20:36:46.663+0100: 2,679: Total time for which application threads were stopped: 0,0001182 seconds, Stopping threads took: 0,0000484 seconds
2017-01-24T20:36:46.746+0100: 2,762: Total time for which application threads were stopped: 0,0001464 seconds, Stopping threads took: 0,0000490 seconds
2017-01-24T20:36:46.746+0100: 2,762: [CMS-concurrent-abortable-preclean: 0,071/0,096 secs] [Times: user=0,34 sys=0,00, real=0,09 secs] 
2017-01-24T20:36:46.746+0100: 2,763: [GC (CMS Final Remark) [YG occupancy: 98632 K (109248 K)]{Heap before GC invocations=3 (full 1):
 par new generation   total 109248K, used 98632K [0x00000000e0000000, 0x00000000e8000000, 0x00000000e8000000)
  eden space 87424K,  93% used [0x00000000e0000000, 0x00000000e4fcc530, 0x00000000e5560000)
  from space 21824K,  77% used [0x00000000e6ab0000, 0x00000000e7b35e68, 0x00000000e8000000)
  to   space 21824K,   0% used [0x00000000e5560000, 0x00000000e5560000, 0x00000000e6ab0000)
 concurrent mark-sweep generation total 393216K, used 0K [0x00000000e8000000, 0x0000000100000000, 0x0000000100000000)
 Metaspace       used 22137K, capacity 22523K, committed 22880K, reserved 1069056K
  class space    used 2572K, capacity 2718K, committed 2812K, reserved 1048576K
2017-01-24T20:36:46.746+0100: 2,763: [GC (CMS Final Remark) 2017-01-24T20:36:46.747+0100: 2,763: [ParNew
Desired survivor size 20112992 bytes, new threshold 8 (max 8)
- age   1:     705632 bytes,     705632 total
- age   2:     397216 bytes,    1102848 total
- age   3:    1219280 bytes,    2322128 total
- age   4:    6612632 bytes,    8934760 total
: 98632K->10850K(109248K), 0,0087021 secs] 98632K->10850K(502464K), 0,0087546 secs] [Times: user=0,03 sys=0,00, real=0,01 secs] 
Heap after GC invocations=4 (full 1):
 par new generation   total 109248K, used 10850K [0x00000000e0000000, 0x00000000e8000000, 0x00000000e8000000)
  eden space 87424K,   0% used [0x00000000e0000000, 0x00000000e0000000, 0x00000000e5560000)
  from space 21824K,  49% used [0x00000000e5560000, 0x00000000e5ff8ac8, 0x00000000e6ab0000)
  to   space 21824K,   0% used [0x00000000e6ab0000, 0x00000000e6ab0000, 0x00000000e8000000)
 concurrent mark-sweep generation total 393216K, used 0K [0x00000000e8000000, 0x0000000100000000, 0x0000000100000000)
 Metaspace       used 22137K, capacity 22523K, committed 22880K, reserved 1069056K
  class space    used 2572K, capacity 2718K, committed 2812K, reserved 1048576K
}
2017-01-24T20:36:46.755+0100: 2,771: [Rescan (parallel) , 0,0029934 secs]2017-01-24T20:36:46.758+0100: 2,774: [weak refs processing, 0,0006000 secs]2017-01-24T20:36:46.759+0100: 2,775: [class unloading, 0,0028784 secs]2017-01-24T20:36:46.762+0100: 2,778: [scrub symbol table, 0,0028438 secs]2017-01-24T20:36:46.765+0100: 2,781: [scrub string table, 0,0003712 secs][1 CMS-remark: 0K(393216K)] 10850K(502464K), 0,0190907 secs] [Times: user=0,05 sys=0,00, real=0,02 secs] 
2017-01-24T20:36:46.766+0100: 2,782: Total time for which application threads were stopped: 0,0192403 seconds, Stopping threads took: 0,0000808 seconds
2017-01-24T20:36:46.766+0100: 2,782: [CMS-concurrent-sweep-start]
2017-01-24T20:36:46.766+0100: 2,782: [CMS-concurrent-sweep: 0,000/0,000 secs] [Times: user=0,00 sys=0,00, real=0,00 secs] 
2017-01-24T20:36:46.766+0100: 2,782: [CMS-concurrent-reset-start]
2017-01-24T20:36:46.767+0100: 2,783: [CMS-concurrent-reset: 0,002/0,002 secs] [Times: user=0,01 sys=0,00, real=0,00 secs] 
2017-01-24T20:36:46.768+0100: 2,784: Total time for which application threads were stopped: 0,0003399 seconds, Stopping threads took: 0,0000631 seconds
2017-01-24T20:36:46.961+0100: 2,977: Total time for which application threads were stopped: 0,0005230 seconds, Stopping threads took: 0,0001231 seconds
2017-01-24T20:36:46.975+0100: 2,991: Total time for which application threads were stopped: 0,0003513 seconds, Stopping threads took: 0,0000451 seconds
{Heap before GC invocations=4 (full 1):
 par new generation   total 109248K, used 98274K [0x00000000e0000000, 0x00000000e8000000, 0x00000000e8000000)
  eden space 87424K, 100% used [0x00000000e0000000, 0x00000000e5560000, 0x00000000e5560000)
  from space 21824K,  49% used [0x00000000e5560000, 0x00000000e5ff8ac8, 0x00000000e6ab0000)
  to   space 21824K,   0% used [0x00000000e6ab0000, 0x00000000e6ab0000, 0x00000000e8000000)
 concurrent mark-sweep generation total 393216K, used 0K [0x00000000e8000000, 0x0000000100000000, 0x0000000100000000)
 Metaspace       used 25484K, capacity 25917K, committed 26236K, reserved 1073152K
  class space    used 2994K, capacity 3125K, committed 3196K, reserved 1048576K
2017-01-24T20:36:47.157+0100: 3,173: [GC (Allocation Failure) 2017-01-24T20:36:47.157+0100: 3,173: [ParNew
Desired survivor size 20112992 bytes, new threshold 8 (max 8)
- age   1:    4473752 bytes,    4473752 total
- age   2:     155152 bytes,    4628904 total
- age   3:     386376 bytes,    5015280 total
- age   4:     660216 bytes,    5675496 total
- age   5:    6606776 bytes,   12282272 total
: 98274K->17436K(109248K), 0,0108054 secs] 98274K->17436K(502464K), 0,0108698 secs] [Times: user=0,04 sys=0,00, real=0,01 secs] 
Heap after GC invocations=5 (full 1):
 par new generation   total 109248K, used 17436K [0x00000000e0000000, 0x00000000e8000000, 0x00000000e8000000)
  eden space 87424K,   0% used [0x00000000e0000000, 0x00000000e0000000, 0x00000000e5560000)
  from space 21824K,  79% used [0x00000000e6ab0000, 0x00000000e7bb7258, 0x00000000e8000000)
  to   space 21824K,   0% used [0x00000000e5560000, 0x00000000e5560000, 0x00000000e6ab0000)
 concurrent mark-sweep generation total 393216K, used 0K [0x00000000e8000000, 0x0000000100000000, 0x0000000100000000)
 Metaspace       used 25484K, capacity 25917K, committed 26236K, reserved 1073152K
  class space    used 2994K, capacity 3125K, committed 3196K, reserved 1048576K
}
2017-01-24T20:36:47.168+0100: 3,184: Total time for which application threads were stopped: 0,0110329 seconds, Stopping threads took: 0,0000132 seconds
2017-01-24T20:36:47.362+0100: 3,379: Total time for which application threads were stopped: 0,0003246 seconds, Stopping threads took: 0,0000159 seconds
2017-01-24T20:36:48.045+0100: 4,061: Total time for which application threads were stopped: 0,0006382 seconds, Stopping threads took: 0,0000270 seconds
2017-01-24T20:37:16.048+0100: 32,064: Total time for which application threads were stopped: 0,0002260 seconds, Stopping threads took: 0,0000800 seconds
2017-01-24T20:39:16.061+0100: 152,077: Total time for which application threads were stopped: 0,0000769 seconds, Stopping threads took: 0,0000329 seconds
2017-01-24T20:39:21.061+0100: 157,078: Total time for which application threads were stopped: 0,0000770 seconds, Stopping threads took: 0,0000327 seconds
2017-01-24T20:47:31.116+0100: 647,132: Total time for which application threads were stopped: 0,0000886 seconds, Stopping threads took: 0,0000336 seconds
2017-01-24T20:52:51.148+0100: 967,165: Total time for which application threads were stopped: 0,0004432 seconds, Stopping threads took: 0,0001636 seconds
2017-01-24T21:00:20.196+0100: 1416,212: Total time for which application threads were stopped: 0,0000891 seconds, Stopping threads took: 0,0000365 seconds
2017-01-24T21:05:15.233+0100: 1711,249: Total time for which application threads were stopped: 0,0000758 seconds, Stopping threads took: 0,0000287 seconds
2017-01-24T21:15:20.305+0100: 2316,321: Total time for which application threads were stopped: 0,0000858 seconds, Stopping threads took: 0,0000355 seconds
2017-01-24T21:15:21.305+0100: 2317,321: Total time for which application threads were stopped: 0,0000752 seconds, Stopping threads took: 0,0000185 seconds
2017-01-24T21:30:06.404+0100: 3202,420: Total time for which application threads were stopped: 0,0001171 seconds, Stopping threads took: 0,0000473 seconds
2017-01-24T21:40:55.471+0100: 3851,487: Total time for which application threads were stopped: 0,0000839 seconds, Stopping threads took: 0,0000356 seconds
2017-01-24T21:41:05.472+0100: 3861,488: Total time for which application threads were stopped: 0,0000884 seconds, Stopping threads took: 0,0000332 seconds
2017-01-24T21:42:50.480+0100: 3966,496: Total time for which application threads were stopped: 0,0000805 seconds, Stopping threads took: 0,0000305 seconds
2017-01-24T21:43:15.482+0100: 3991,499: Total time for which application threads were stopped: 0,0000750 seconds, Stopping threads took: 0,0000276 seconds
2017-01-24T21:43:45.485+0100: 4021,501: Total time for which application threads were stopped: 0,0000799 seconds, Stopping threads took: 0,0000320 seconds
2017-01-24T22:14:01.649+0100: 5837,665: Total time for which application threads were stopped: 0,0001150 seconds, Stopping threads took: 0,0000449 seconds
2017-01-24T22:14:06.649+0100: 5842,665: Total time for which application threads were stopped: 0,0000820 seconds, Stopping threads took: 0,0000186 seconds
2017-01-24T22:14:11.650+0100: 5847,666: Total time for which application threads were stopped: 0,0000833 seconds, Stopping threads took: 0,0000315 seconds
2017-01-24T22:28:26.725+0100: 6702,741: Total time for which application threads were stopped: 0,0000938 seconds, Stopping threads took: 0,0000365 seconds
2017-01-24T22:34:11.758+0100: 7047,774: Total time for which application threads were stopped: 0,0001637 seconds, Stopping threads took: 0,0000633 seconds
2017-01-24T22:35:16.768+0100: 7112,784: Total time for which application threads were stopped: 0,0002004 seconds, Stopping threads took: 0,0000803 seconds
2017-01-24T22:37:15.787+0100: 7231,803: Total time for which application threads were stopped: 0,0001889 seconds, Stopping threads took: 0,0000608 seconds
2017-01-24T22:40:45.822+0100: 7441,838: Total time for which application threads were stopped: 0,0001744 seconds, Stopping threads took: 0,0000626 seconds
2017-01-24T22:41:45.832+0100: 7501,848: Total time for which application threads were stopped: 0,0001560 seconds, Stopping threads took: 0,0000577 seconds
2017-01-24T22:44:45.861+0100: 7681,877: Total time for which application threads were stopped: 0,0000746 seconds, Stopping threads took: 0,0000287 seconds
2017-01-24T23:49:16.431+0100: 11552,447: Total time for which application threads were stopped: 0,0001660 seconds, Stopping threads took: 0,0000647 seconds
2017-01-24T23:51:23.541+0100: 11679,557: Total time for which application threads were stopped: 0,0001269 seconds, Stopping threads took: 0,0000496 seconds
Heap
 par new generation   total 109248K, used 86903K [0x00000000e0000000, 0x00000000e8000000, 0x00000000e8000000)
  eden space 87424K,  79% used [0x00000000e0000000, 0x00000000e43d6a88, 0x00000000e5560000)
  from space 21824K,  79% used [0x00000000e6ab0000, 0x00000000e7bb7258, 0x00000000e8000000)
  to   space 21824K,   0% used [0x00000000e5560000, 0x00000000e5560000, 0x00000000e6ab0000)
 concurrent mark-sweep generation total 393216K, used 0K [0x00000000e8000000, 0x0000000100000000, 0x0000000100000000)
 Metaspace       used 28847K, capacity 29331K, committed 29692K, reserved 1075200K
  class space    used 3339K, capacity 3490K, committed 3580K, reserved 1048576K
