OpenJDK 64-Bit Server VM (25.131-b11) for linux-amd64 JRE (1.8.0_131-8u131-b11-0ubuntu1.16.04.2-b11), built on May  6 2017 02:45:27 by "buildd" with gcc 5.4.0 20160609
Memory: 4k page, physical 7867740k(7403888k free), swap 8076284k(8076284k free)
CommandLine flags: -XX:CMSInitiatingOccupancyFraction=50 -XX:CMSMaxAbortablePrecleanTime=6000 -XX:+CMSParallelRemarkEnabled -XX:+CMSScavengeBeforeRemark -XX:ConcGCThreads=4 -XX:InitialHeapSize=536870912 -XX:MaxHeapSize=536870912 -XX:MaxTenuringThreshold=8 -XX:NewRatio=3 -XX:OldPLABSize=16 -XX:OnOutOfMemoryError=/opt/solr/bin/oom_solr.sh 8983 /var/solr/logs -XX:ParallelGCThreads=4 -XX:+ParallelRefProcEnabled -XX:PretenureSizeThreshold=67108864 -XX:+PrintGC -XX:+PrintGCApplicationStoppedTime -XX:+PrintGCDateStamps -XX:+PrintGCDetails -XX:+PrintGCTimeStamps -XX:+PrintHeapAtGC -XX:+PrintTenuringDistribution -XX:SurvivorRatio=4 -XX:TargetSurvivorRatio=90 -XX:ThreadStackSize=256 -XX:+UseCMSInitiatingOccupancyOnly -XX:+UseCompressedClassPointers -XX:+UseCompressedOops -XX:+UseConcMarkSweepGC -XX:+UseParNewGC 
2017-06-04T09:29:07.637+0200: 0,124: Total time for which application threads were stopped: 0,0000683 seconds, Stopping threads took: 0,0000130 seconds
2017-06-04T09:29:07.729+0200: 0,216: Total time for which application threads were stopped: 0,0001115 seconds, Stopping threads took: 0,0000160 seconds
2017-06-04T09:29:07.742+0200: 0,229: Total time for which application threads were stopped: 0,0001315 seconds, Stopping threads took: 0,0000604 seconds
2017-06-04T09:29:07.982+0200: 0,469: Total time for which application threads were stopped: 0,0001145 seconds, Stopping threads took: 0,0000147 seconds
2017-06-04T09:29:08.399+0200: 0,886: Total time for which application threads were stopped: 0,0001587 seconds, Stopping threads took: 0,0000133 seconds
2017-06-04T09:29:08.558+0200: 1,044: Total time for which application threads were stopped: 0,0001969 seconds, Stopping threads took: 0,0000300 seconds
2017-06-04T09:29:08.615+0200: 1,102: Total time for which application threads were stopped: 0,0002046 seconds, Stopping threads took: 0,0000258 seconds
2017-06-04T09:29:08.859+0200: 1,346: Total time for which application threads were stopped: 0,0001953 seconds, Stopping threads took: 0,0000196 seconds
2017-06-04T09:29:09.072+0200: 1,559: Total time for which application threads were stopped: 0,0003566 seconds, Stopping threads took: 0,0000369 seconds
2017-06-04T09:29:09.098+0200: 1,585: Total time for which application threads were stopped: 0,0001805 seconds, Stopping threads took: 0,0000228 seconds
2017-06-04T09:29:09.131+0200: 1,618: Total time for which application threads were stopped: 0,0002015 seconds, Stopping threads took: 0,0000282 seconds
2017-06-04T09:29:09.132+0200: 1,619: Total time for which application threads were stopped: 0,0001716 seconds, Stopping threads took: 0,0000189 seconds
2017-06-04T09:29:09.149+0200: 1,635: Total time for which application threads were stopped: 0,0002091 seconds, Stopping threads took: 0,0000225 seconds
2017-06-04T09:29:09.249+0200: 1,736: Total time for which application threads were stopped: 0,0002548 seconds, Stopping threads took: 0,0000252 seconds
2017-06-04T09:29:09.433+0200: 1,919: Total time for which application threads were stopped: 0,0003315 seconds, Stopping threads took: 0,0001141 seconds
{Heap before GC invocations=0 (full 0):
 par new generation   total 109248K, used 87424K [0x00000000e0000000, 0x00000000e8000000, 0x00000000e8000000)
  eden space 87424K, 100% used [0x00000000e0000000, 0x00000000e5560000, 0x00000000e5560000)
  from space 21824K,   0% used [0x00000000e5560000, 0x00000000e5560000, 0x00000000e6ab0000)
  to   space 21824K,   0% used [0x00000000e6ab0000, 0x00000000e6ab0000, 0x00000000e8000000)
 concurrent mark-sweep generation total 393216K, used 0K [0x00000000e8000000, 0x0000000100000000, 0x0000000100000000)
 Metaspace       used 18010K, capacity 18336K, committed 18688K, reserved 1064960K
  class space    used 2035K, capacity 2196K, committed 2304K, reserved 1048576K
2017-06-04T09:29:09.524+0200: 2,010: [GC (Allocation Failure) 2017-06-04T09:29:09.524+0200: 2,010: [ParNew
Desired survivor size 20112992 bytes, new threshold 8 (max 8)
- age   1:   12594424 bytes,   12594424 total
: 87424K->12403K(109248K), 0,0160546 secs] 87424K->12403K(502464K), 0,0161360 secs] [Times: user=0,05 sys=0,01, real=0,01 secs] 
Heap after GC invocations=1 (full 0):
 par new generation   total 109248K, used 12403K [0x00000000e0000000, 0x00000000e8000000, 0x00000000e8000000)
  eden space 87424K,   0% used [0x00000000e0000000, 0x00000000e0000000, 0x00000000e5560000)
  from space 21824K,  56% used [0x00000000e6ab0000, 0x00000000e76ccfb0, 0x00000000e8000000)
  to   space 21824K,   0% used [0x00000000e5560000, 0x00000000e5560000, 0x00000000e6ab0000)
 concurrent mark-sweep generation total 393216K, used 0K [0x00000000e8000000, 0x0000000100000000, 0x0000000100000000)
 Metaspace       used 18010K, capacity 18336K, committed 18688K, reserved 1064960K
  class space    used 2035K, capacity 2196K, committed 2304K, reserved 1048576K
}
2017-06-04T09:29:09.540+0200: 2,026: Total time for which application threads were stopped: 0,0163616 seconds, Stopping threads took: 0,0000413 seconds
2017-06-04T09:29:09.846+0200: 2,333: Total time for which application threads were stopped: 0,0015633 seconds, Stopping threads took: 0,0013010 seconds
2017-06-04T09:29:09.898+0200: 2,385: Total time for which application threads were stopped: 0,0004774 seconds, Stopping threads took: 0,0001002 seconds
{Heap before GC invocations=1 (full 0):
 par new generation   total 109248K, used 99827K [0x00000000e0000000, 0x00000000e8000000, 0x00000000e8000000)
  eden space 87424K, 100% used [0x00000000e0000000, 0x00000000e5560000, 0x00000000e5560000)
  from space 21824K,  56% used [0x00000000e6ab0000, 0x00000000e76ccfb0, 0x00000000e8000000)
  to   space 21824K,   0% used [0x00000000e5560000, 0x00000000e5560000, 0x00000000e6ab0000)
 concurrent mark-sweep generation total 393216K, used 0K [0x00000000e8000000, 0x0000000100000000, 0x0000000100000000)
 Metaspace       used 20040K, capacity 20362K, committed 20736K, reserved 1067008K
  class space    used 2296K, capacity 2469K, committed 2560K, reserved 1048576K
2017-06-04T09:29:09.908+0200: 2,394: [GC (Allocation Failure) 2017-06-04T09:29:09.908+0200: 2,395: [ParNew
Desired survivor size 20112992 bytes, new threshold 8 (max 8)
- age   1:    3812736 bytes,    3812736 total
- age   2:    6663216 bytes,   10475952 total
: 99827K->15692K(109248K), 0,0133249 secs] 99827K->15692K(502464K), 0,0133929 secs] [Times: user=0,05 sys=0,00, real=0,01 secs] 
Heap after GC invocations=2 (full 0):
 par new generation   total 109248K, used 15692K [0x00000000e0000000, 0x00000000e8000000, 0x00000000e8000000)
  eden space 87424K,   0% used [0x00000000e0000000, 0x00000000e0000000, 0x00000000e5560000)
  from space 21824K,  71% used [0x00000000e5560000, 0x00000000e64b30c0, 0x00000000e6ab0000)
  to   space 21824K,   0% used [0x00000000e6ab0000, 0x00000000e6ab0000, 0x00000000e8000000)
 concurrent mark-sweep generation total 393216K, used 0K [0x00000000e8000000, 0x0000000100000000, 0x0000000100000000)
 Metaspace       used 20040K, capacity 20362K, committed 20736K, reserved 1067008K
  class space    used 2296K, capacity 2469K, committed 2560K, reserved 1048576K
}
2017-06-04T09:29:09.921+0200: 2,408: Total time for which application threads were stopped: 0,0153839 seconds, Stopping threads took: 0,0018397 seconds
2017-06-04T09:29:09.955+0200: 2,442: Total time for which application threads were stopped: 0,0003966 seconds, Stopping threads took: 0,0001059 seconds
2017-06-04T09:29:10.088+0200: 2,574: Total time for which application threads were stopped: 0,0016428 seconds, Stopping threads took: 0,0015116 seconds
{Heap before GC invocations=2 (full 0):
 par new generation   total 109248K, used 103116K [0x00000000e0000000, 0x00000000e8000000, 0x00000000e8000000)
  eden space 87424K, 100% used [0x00000000e0000000, 0x00000000e5560000, 0x00000000e5560000)
  from space 21824K,  71% used [0x00000000e5560000, 0x00000000e64b30c0, 0x00000000e6ab0000)
  to   space 21824K,   0% used [0x00000000e6ab0000, 0x00000000e6ab0000, 0x00000000e8000000)
 concurrent mark-sweep generation total 393216K, used 0K [0x00000000e8000000, 0x0000000100000000, 0x0000000100000000)
 Metaspace       used 20975K, capacity 21284K, committed 21628K, reserved 1069056K
  class space    used 2418K, capacity 2588K, committed 2684K, reserved 1048576K
2017-06-04T09:29:10.134+0200: 2,621: [GC (Allocation Failure) 2017-06-04T09:29:10.134+0200: 2,621: [ParNew
Desired survivor size 20112992 bytes, new threshold 8 (max 8)
- age   1:    2002704 bytes,    2002704 total
- age   2:     848928 bytes,    2851632 total
- age   3:    6659736 bytes,    9511368 total
: 103116K->12427K(109248K), 0,0166987 secs] 103116K->12427K(502464K), 0,0167787 secs] [Times: user=0,05 sys=0,00, real=0,01 secs] 
Heap after GC invocations=3 (full 0):
 par new generation   total 109248K, used 12427K [0x00000000e0000000, 0x00000000e8000000, 0x00000000e8000000)
  eden space 87424K,   0% used [0x00000000e0000000, 0x00000000e0000000, 0x00000000e5560000)
  from space 21824K,  56% used [0x00000000e6ab0000, 0x00000000e76d2e60, 0x00000000e8000000)
  to   space 21824K,   0% used [0x00000000e5560000, 0x00000000e5560000, 0x00000000e6ab0000)
 concurrent mark-sweep generation total 393216K, used 0K [0x00000000e8000000, 0x0000000100000000, 0x0000000100000000)
 Metaspace       used 20975K, capacity 21284K, committed 21628K, reserved 1069056K
  class space    used 2418K, capacity 2588K, committed 2684K, reserved 1048576K
}
2017-06-04T09:29:10.151+0200: 2,638: Total time for which application threads were stopped: 0,0169884 seconds, Stopping threads took: 0,0000539 seconds
2017-06-04T09:29:10.160+0200: 2,647: [GC (CMS Initial Mark) [1 CMS-initial-mark: 0K(393216K)] 18079K(502464K), 0,0054662 secs] [Times: user=0,01 sys=0,00, real=0,01 secs] 
2017-06-04T09:29:10.166+0200: 2,652: Total time for which application threads were stopped: 0,0056441 seconds, Stopping threads took: 0,0000909 seconds
2017-06-04T09:29:10.166+0200: 2,652: [CMS-concurrent-mark-start]
2017-06-04T09:29:10.166+0200: 2,653: [CMS-concurrent-mark: 0,001/0,001 secs] [Times: user=0,00 sys=0,00, real=0,00 secs] 
2017-06-04T09:29:10.166+0200: 2,653: [CMS-concurrent-preclean-start]
2017-06-04T09:29:10.167+0200: 2,654: [CMS-concurrent-preclean: 0,001/0,001 secs] [Times: user=0,01 sys=0,00, real=0,00 secs] 
2017-06-04T09:29:10.168+0200: 2,654: [CMS-concurrent-abortable-preclean-start]
2017-06-04T09:29:10.248+0200: 2,734: Total time for which application threads were stopped: 0,0001819 seconds, Stopping threads took: 0,0000545 seconds
{Heap before GC invocations=3 (full 1):
 par new generation   total 109248K, used 99851K [0x00000000e0000000, 0x00000000e8000000, 0x00000000e8000000)
  eden space 87424K, 100% used [0x00000000e0000000, 0x00000000e5560000, 0x00000000e5560000)
  from space 21824K,  56% used [0x00000000e6ab0000, 0x00000000e76d2e60, 0x00000000e8000000)
  to   space 21824K,   0% used [0x00000000e5560000, 0x00000000e5560000, 0x00000000e6ab0000)
 concurrent mark-sweep generation total 393216K, used 0K [0x00000000e8000000, 0x0000000100000000, 0x0000000100000000)
 Metaspace       used 21252K, capacity 21626K, committed 21884K, reserved 1069056K
  class space    used 2445K, capacity 2604K, committed 2684K, reserved 1048576K
2017-06-04T09:29:10.290+0200: 2,777: [GC (Allocation Failure) 2017-06-04T09:29:10.290+0200: 2,777: [ParNew
Desired survivor size 20112992 bytes, new threshold 8 (max 8)
- age   1:    1435632 bytes,    1435632 total
- age   2:    1457160 bytes,    2892792 total
- age   3:     817504 bytes,    3710296 total
- age   4:    6659728 bytes,   10370024 total
: 99851K->12685K(109248K), 0,0133935 secs] 99851K->12685K(502464K), 0,0134692 secs] [Times: user=0,05 sys=0,00, real=0,02 secs] 
Heap after GC invocations=4 (full 1):
 par new generation   total 109248K, used 12685K [0x00000000e0000000, 0x00000000e8000000, 0x00000000e8000000)
  eden space 87424K,   0% used [0x00000000e0000000, 0x00000000e0000000, 0x00000000e5560000)
  from space 21824K,  58% used [0x00000000e5560000, 0x00000000e61c3548, 0x00000000e6ab0000)
  to   space 21824K,   0% used [0x00000000e6ab0000, 0x00000000e6ab0000, 0x00000000e8000000)
 concurrent mark-sweep generation total 393216K, used 0K [0x00000000e8000000, 0x0000000100000000, 0x0000000100000000)
 Metaspace       used 21252K, capacity 21626K, committed 21884K, reserved 1069056K
  class space    used 2445K, capacity 2604K, committed 2684K, reserved 1048576K
}
2017-06-04T09:29:10.304+0200: 2,791: Total time for which application threads were stopped: 0,0136873 seconds, Stopping threads took: 0,0000596 seconds
2017-06-04T09:29:10.304+0200: 2,791: [CMS-concurrent-abortable-preclean: 0,081/0,136 secs] [Times: user=0,50 sys=0,01, real=0,14 secs] 
2017-06-04T09:29:10.306+0200: 2,793: [GC (CMS Final Remark) [YG occupancy: 15996 K (109248 K)]2017-06-04T09:29:10.306+0200: 2,793: [Rescan (parallel) , 0,0037044 secs]2017-06-04T09:29:10.310+0200: 2,797: [weak refs processing, 0,0006047 secs]2017-06-04T09:29:10.310+0200: 2,797: [class unloading, 0,0028544 secs]2017-06-04T09:29:10.313+0200: 2,800: [scrub symbol table, 0,0025216 secs]2017-06-04T09:29:10.316+0200: 2,803: [scrub string table, 0,0003631 secs][1 CMS-remark: 0K(393216K)] 15996K(502464K), 0,0106584 secs] [Times: user=0,02 sys=0,00, real=0,01 secs] 
2017-06-04T09:29:10.317+0200: 2,803: Total time for which application threads were stopped: 0,0108051 seconds, Stopping threads took: 0,0000618 seconds
2017-06-04T09:29:10.317+0200: 2,804: [CMS-concurrent-sweep-start]
2017-06-04T09:29:10.317+0200: 2,804: [CMS-concurrent-sweep: 0,000/0,000 secs] [Times: user=0,00 sys=0,00, real=0,00 secs] 
2017-06-04T09:29:10.317+0200: 2,804: [CMS-concurrent-reset-start]
2017-06-04T09:29:10.319+0200: 2,805: [CMS-concurrent-reset: 0,002/0,002 secs] [Times: user=0,01 sys=0,00, real=0,00 secs] 
{Heap before GC invocations=4 (full 1):
 par new generation   total 109248K, used 16650K [0x00000000e0000000, 0x00000000e8000000, 0x00000000e8000000)
  eden space 87424K,   4% used [0x00000000e0000000, 0x00000000e03df2c8, 0x00000000e5560000)
  from space 21824K,  58% used [0x00000000e5560000, 0x00000000e61c3548, 0x00000000e6ab0000)
  to   space 21824K,   0% used [0x00000000e6ab0000, 0x00000000e6ab0000, 0x00000000e8000000)
 concurrent mark-sweep generation total 393216K, used 0K [0x00000000e8000000, 0x0000000100000000, 0x0000000100000000)
 Metaspace       used 21256K, capacity 21626K, committed 21884K, reserved 1069056K
  class space    used 2446K, capacity 2604K, committed 2684K, reserved 1048576K
2017-06-04T09:29:10.319+0200: 2,806: [GC (GCLocker Initiated GC) 2017-06-04T09:29:10.319+0200: 2,806: [ParNew
Desired survivor size 20112992 bytes, new threshold 8 (max 8)
- age   1:     987416 bytes,     987416 total
- age   2:     813648 bytes,    1801064 total
- age   3:    1457136 bytes,    3258200 total
- age   4:     817648 bytes,    4075848 total
- age   5:    6660168 bytes,   10736016 total
: 16650K->17496K(109248K), 0,0095156 secs] 16650K->17496K(502464K), 0,0095632 secs] [Times: user=0,03 sys=0,00, real=0,01 secs] 
Heap after GC invocations=5 (full 1):
 par new generation   total 109248K, used 17496K [0x00000000e0000000, 0x00000000e8000000, 0x00000000e8000000)
  eden space 87424K,   0% used [0x00000000e0000000, 0x00000000e0000000, 0x00000000e5560000)
  from space 21824K,  80% used [0x00000000e6ab0000, 0x00000000e7bc6200, 0x00000000e8000000)
  to   space 21824K,   0% used [0x00000000e5560000, 0x00000000e5560000, 0x00000000e6ab0000)
 concurrent mark-sweep generation total 393216K, used 0K [0x00000000e8000000, 0x0000000100000000, 0x0000000100000000)
 Metaspace       used 21256K, capacity 21626K, committed 21884K, reserved 1069056K
  class space    used 2446K, capacity 2604K, committed 2684K, reserved 1048576K
}
2017-06-04T09:29:10.328+0200: 2,815: Total time for which application threads were stopped: 0,0097835 seconds, Stopping threads took: 0,0000706 seconds
{Heap before GC invocations=5 (full 1):
 par new generation   total 109248K, used 104920K [0x00000000e0000000, 0x00000000e8000000, 0x00000000e8000000)
  eden space 87424K, 100% used [0x00000000e0000000, 0x00000000e5560000, 0x00000000e5560000)
  from space 21824K,  80% used [0x00000000e6ab0000, 0x00000000e7bc6200, 0x00000000e8000000)
  to   space 21824K,   0% used [0x00000000e5560000, 0x00000000e5560000, 0x00000000e6ab0000)
 concurrent mark-sweep generation total 393216K, used 0K [0x00000000e8000000, 0x0000000100000000, 0x0000000100000000)
 Metaspace       used 21434K, capacity 21798K, committed 21884K, reserved 1069056K
  class space    used 2472K, capacity 2638K, committed 2684K, reserved 1048576K
2017-06-04T09:29:10.419+0200: 2,906: [GC (Allocation Failure) 2017-06-04T09:29:10.419+0200: 2,906: [ParNew
Desired survivor size 20112992 bytes, new threshold 8 (max 8)
- age   1:    1030040 bytes,    1030040 total
- age   2:       8776 bytes,    1038816 total
- age   3:     183712 bytes,    1222528 total
- age   4:    1455992 bytes,    2678520 total
- age   5:     813584 bytes,    3492104 total
- age   6:    6659744 bytes,   10151848 total
: 104920K->12019K(109248K), 0,0133963 secs] 104920K->12019K(502464K), 0,0134760 secs] [Times: user=0,05 sys=0,00, real=0,01 secs] 
Heap after GC invocations=6 (full 1):
 par new generation   total 109248K, used 12019K [0x00000000e0000000, 0x00000000e8000000, 0x00000000e8000000)
  eden space 87424K,   0% used [0x00000000e0000000, 0x00000000e0000000, 0x00000000e5560000)
  from space 21824K,  55% used [0x00000000e5560000, 0x00000000e611cf60, 0x00000000e6ab0000)
  to   space 21824K,   0% used [0x00000000e6ab0000, 0x00000000e6ab0000, 0x00000000e8000000)
 concurrent mark-sweep generation total 393216K, used 0K [0x00000000e8000000, 0x0000000100000000, 0x0000000100000000)
 Metaspace       used 21434K, capacity 21798K, committed 21884K, reserved 1069056K
  class space    used 2472K, capacity 2638K, committed 2684K, reserved 1048576K
}
2017-06-04T09:29:10.433+0200: 2,919: Total time for which application threads were stopped: 0,0136961 seconds, Stopping threads took: 0,0000491 seconds
2017-06-04T09:29:10.460+0200: 2,947: Total time for which application threads were stopped: 0,0004786 seconds, Stopping threads took: 0,0000374 seconds
2017-06-04T09:29:10.706+0200: 3,193: Total time for which application threads were stopped: 0,0005825 seconds, Stopping threads took: 0,0000550 seconds
2017-06-04T09:29:10.721+0200: 3,207: Total time for which application threads were stopped: 0,0004566 seconds, Stopping threads took: 0,0000531 seconds
2017-06-04T09:29:10.752+0200: 3,238: Total time for which application threads were stopped: 0,0003950 seconds, Stopping threads took: 0,0000224 seconds
{Heap before GC invocations=6 (full 1):
 par new generation   total 109248K, used 99443K [0x00000000e0000000, 0x00000000e8000000, 0x00000000e8000000)
  eden space 87424K, 100% used [0x00000000e0000000, 0x00000000e5560000, 0x00000000e5560000)
  from space 21824K,  55% used [0x00000000e5560000, 0x00000000e611cf60, 0x00000000e6ab0000)
  to   space 21824K,   0% used [0x00000000e6ab0000, 0x00000000e6ab0000, 0x00000000e8000000)
 concurrent mark-sweep generation total 393216K, used 0K [0x00000000e8000000, 0x0000000100000000, 0x0000000100000000)
 Metaspace       used 23767K, capacity 24232K, committed 24572K, reserved 1071104K
  class space    used 2792K, capacity 2981K, committed 3068K, reserved 1048576K
2017-06-04T09:29:10.864+0200: 3,351: [GC (Allocation Failure) 2017-06-04T09:29:10.864+0200: 3,351: [ParNew
Desired survivor size 20112992 bytes, new threshold 8 (max 8)
- age   1:    5107696 bytes,    5107696 total
- age   2:     165608 bytes,    5273304 total
- age   3:       4800 bytes,    5278104 total
- age   4:     182872 bytes,    5460976 total
- age   5:     286952 bytes,    5747928 total
- age   6:     789288 bytes,    6537216 total
- age   7:    6651688 bytes,   13188904 total
: 99443K->17274K(109248K), 0,0112222 secs] 99443K->17274K(502464K), 0,0112976 secs] [Times: user=0,04 sys=0,00, real=0,01 secs] 
Heap after GC invocations=7 (full 1):
 par new generation   total 109248K, used 17274K [0x00000000e0000000, 0x00000000e8000000, 0x00000000e8000000)
  eden space 87424K,   0% used [0x00000000e0000000, 0x00000000e0000000, 0x00000000e5560000)
  from space 21824K,  79% used [0x00000000e6ab0000, 0x00000000e7b8ea00, 0x00000000e8000000)
  to   space 21824K,   0% used [0x00000000e5560000, 0x00000000e5560000, 0x00000000e6ab0000)
 concurrent mark-sweep generation total 393216K, used 0K [0x00000000e8000000, 0x0000000100000000, 0x0000000100000000)
 Metaspace       used 23767K, capacity 24232K, committed 24572K, reserved 1071104K
  class space    used 2792K, capacity 2981K, committed 3068K, reserved 1048576K
}
2017-06-04T09:29:10.876+0200: 3,362: Total time for which application threads were stopped: 0,0115855 seconds, Stopping threads took: 0,0000829 seconds
{Heap before GC invocations=7 (full 1):
 par new generation   total 109248K, used 104698K [0x00000000e0000000, 0x00000000e8000000, 0x00000000e8000000)
  eden space 87424K, 100% used [0x00000000e0000000, 0x00000000e5560000, 0x00000000e5560000)
  from space 21824K,  79% used [0x00000000e6ab0000, 0x00000000e7b8ea00, 0x00000000e8000000)
  to   space 21824K,   0% used [0x00000000e5560000, 0x00000000e5560000, 0x00000000e6ab0000)
 concurrent mark-sweep generation total 393216K, used 0K [0x00000000e8000000, 0x0000000100000000, 0x0000000100000000)
 Metaspace       used 24200K, capacity 24686K, committed 24828K, reserved 1071104K
  class space    used 2842K, capacity 3046K, committed 3068K, reserved 1048576K
2017-06-04T09:29:10.963+0200: 3,450: [GC (Allocation Failure) 2017-06-04T09:29:10.963+0200: 3,450: [ParNew
Desired survivor size 20112992 bytes, new threshold 8 (max 8)
- age   1:    1664608 bytes,    1664608 total
- age   2:    1764920 bytes,    3429528 total
- age   3:      63768 bytes,    3493296 total
- age   4:       3080 bytes,    3496376 total
- age   5:      98128 bytes,    3594504 total
- age   6:     191704 bytes,    3786208 total
- age   7:     746224 bytes,    4532432 total
- age   8:    6119024 bytes,   10651456 total
: 104698K->15725K(109248K), 0,0241142 secs] 104698K->15725K(502464K), 0,0242079 secs] [Times: user=0,09 sys=0,01, real=0,02 secs] 
Heap after GC invocations=8 (full 1):
 par new generation   total 109248K, used 15725K [0x00000000e0000000, 0x00000000e8000000, 0x00000000e8000000)
  eden space 87424K,   0% used [0x00000000e0000000, 0x00000000e0000000, 0x00000000e5560000)
  from space 21824K,  72% used [0x00000000e5560000, 0x00000000e64bb620, 0x00000000e6ab0000)
  to   space 21824K,   0% used [0x00000000e6ab0000, 0x00000000e6ab0000, 0x00000000e8000000)
 concurrent mark-sweep generation total 393216K, used 0K [0x00000000e8000000, 0x0000000100000000, 0x0000000100000000)
 Metaspace       used 24200K, capacity 24686K, committed 24828K, reserved 1071104K
  class space    used 2842K, capacity 3046K, committed 3068K, reserved 1048576K
}
2017-06-04T09:29:10.987+0200: 3,474: Total time for which application threads were stopped: 0,0247780 seconds, Stopping threads took: 0,0003476 seconds
{Heap before GC invocations=8 (full 1):
 par new generation   total 109248K, used 103119K [0x00000000e0000000, 0x00000000e8000000, 0x00000000e8000000)
  eden space 87424K,  99% used [0x00000000e0000000, 0x00000000e55587a0, 0x00000000e5560000)
  from space 21824K,  72% used [0x00000000e5560000, 0x00000000e64bb620, 0x00000000e6ab0000)
  to   space 21824K,   0% used [0x00000000e6ab0000, 0x00000000e6ab0000, 0x00000000e8000000)
 concurrent mark-sweep generation total 393216K, used 0K [0x00000000e8000000, 0x0000000100000000, 0x0000000100000000)
 Metaspace       used 24434K, capacity 24904K, committed 25084K, reserved 1071104K
  class space    used 2861K, capacity 3051K, committed 3068K, reserved 1048576K
2017-06-04T09:29:11.058+0200: 3,545: [GC (Allocation Failure) 2017-06-04T09:29:11.058+0200: 3,545: [ParNew
Desired survivor size 20112992 bytes, new threshold 8 (max 8)
- age   1:     799256 bytes,     799256 total
- age   2:     978376 bytes,    1777632 total
- age   3:    1742664 bytes,    3520296 total
- age   4:      63768 bytes,    3584064 total
- age   5:       3080 bytes,    3587144 total
- age   6:      98024 bytes,    3685168 total
- age   7:     191704 bytes,    3876872 total
- age   8:     746224 bytes,    4623096 total
: 103119K->7608K(109248K), 0,0406668 secs] 103119K->13665K(502464K), 0,0407434 secs] [Times: user=0,12 sys=0,00, real=0,04 secs] 
Heap after GC invocations=9 (full 1):
 par new generation   total 109248K, used 7608K [0x00000000e0000000, 0x00000000e8000000, 0x00000000e8000000)
  eden space 87424K,   0% used [0x00000000e0000000, 0x00000000e0000000, 0x00000000e5560000)
  from space 21824K,  34% used [0x00000000e6ab0000, 0x00000000e721e160, 0x00000000e8000000)
  to   space 21824K,   0% used [0x00000000e5560000, 0x00000000e5560000, 0x00000000e6ab0000)
 concurrent mark-sweep generation total 393216K, used 6057K [0x00000000e8000000, 0x0000000100000000, 0x0000000100000000)
 Metaspace       used 24434K, capacity 24904K, committed 25084K, reserved 1071104K
  class space    used 2861K, capacity 3051K, committed 3068K, reserved 1048576K
}
2017-06-04T09:29:11.099+0200: 3,586: Total time for which application threads were stopped: 0,0465471 seconds, Stopping threads took: 0,0056656 seconds
2017-06-04T09:29:11.411+0200: 3,898: Total time for which application threads were stopped: 0,0005189 seconds, Stopping threads took: 0,0000266 seconds
2017-06-04T09:29:11.424+0200: 3,911: Total time for which application threads were stopped: 0,0004916 seconds, Stopping threads took: 0,0000255 seconds
2017-06-04T09:29:11.475+0200: 3,962: Total time for which application threads were stopped: 0,0004310 seconds, Stopping threads took: 0,0000428 seconds
2017-06-04T09:29:11.564+0200: 4,051: Total time for which application threads were stopped: 0,0024544 seconds, Stopping threads took: 0,0021391 seconds
2017-06-04T09:29:11.579+0200: 4,066: Total time for which application threads were stopped: 0,0014733 seconds, Stopping threads took: 0,0010285 seconds
2017-06-04T09:29:11.590+0200: 4,076: Total time for which application threads were stopped: 0,0039631 seconds, Stopping threads took: 0,0038487 seconds
2017-06-04T09:29:11.596+0200: 4,083: Total time for which application threads were stopped: 0,0002108 seconds, Stopping threads took: 0,0001186 seconds
2017-06-04T09:29:11.610+0200: 4,097: Total time for which application threads were stopped: 0,0041039 seconds, Stopping threads took: 0,0039781 seconds
2017-06-04T09:29:11.620+0200: 4,107: Total time for which application threads were stopped: 0,0002128 seconds, Stopping threads took: 0,0001003 seconds
2017-06-04T09:29:11.621+0200: 4,108: Total time for which application threads were stopped: 0,0001572 seconds, Stopping threads took: 0,0000679 seconds
2017-06-04T09:29:12.621+0200: 5,108: Total time for which application threads were stopped: 0,0001148 seconds, Stopping threads took: 0,0000265 seconds
{Heap before GC invocations=9 (full 1):
 par new generation   total 109248K, used 95032K [0x00000000e0000000, 0x00000000e8000000, 0x00000000e8000000)
  eden space 87424K, 100% used [0x00000000e0000000, 0x00000000e5560000, 0x00000000e5560000)
  from space 21824K,  34% used [0x00000000e6ab0000, 0x00000000e721e160, 0x00000000e8000000)
  to   space 21824K,   0% used [0x00000000e5560000, 0x00000000e5560000, 0x00000000e6ab0000)
 concurrent mark-sweep generation total 393216K, used 6057K [0x00000000e8000000, 0x0000000100000000, 0x0000000100000000)
 Metaspace       used 27988K, capacity 28558K, committed 28796K, reserved 1075200K
  class space    used 3211K, capacity 3390K, committed 3452K, reserved 1048576K
2017-06-04T09:29:18.417+0200: 10,904: [GC (Allocation Failure) 2017-06-04T09:29:18.417+0200: 10,904: [ParNew
Desired survivor size 20112992 bytes, new threshold 8 (max 8)
- age   1:   11405680 bytes,   11405680 total
- age   2:     148688 bytes,   11554368 total
- age   3:     198864 bytes,   11753232 total
- age   4:    1736312 bytes,   13489544 total
- age   5:      61320 bytes,   13550864 total
- age   6:       3080 bytes,   13553944 total
- age   7:      97768 bytes,   13651712 total
- age   8:     188288 bytes,   13840000 total
: 95032K->14319K(109248K), 0,0248593 secs] 101089K->21196K(502464K), 0,0249356 secs] [Times: user=0,05 sys=0,00, real=0,03 secs] 
Heap after GC invocations=10 (full 1):
 par new generation   total 109248K, used 14319K [0x00000000e0000000, 0x00000000e8000000, 0x00000000e8000000)
  eden space 87424K,   0% used [0x00000000e0000000, 0x00000000e0000000, 0x00000000e5560000)
  from space 21824K,  65% used [0x00000000e5560000, 0x00000000e635bf00, 0x00000000e6ab0000)
  to   space 21824K,   0% used [0x00000000e6ab0000, 0x00000000e6ab0000, 0x00000000e8000000)
 concurrent mark-sweep generation total 393216K, used 6876K [0x00000000e8000000, 0x0000000100000000, 0x0000000100000000)
 Metaspace       used 27988K, capacity 28558K, committed 28796K, reserved 1075200K
  class space    used 3211K, capacity 3390K, committed 3452K, reserved 1048576K
}
2017-06-04T09:29:18.442+0200: 10,929: Total time for which application threads were stopped: 0,0250973 seconds, Stopping threads took: 0,0000303 seconds
2017-06-04T09:30:29.450+0200: 81,937: Total time for which application threads were stopped: 0,0000817 seconds, Stopping threads took: 0,0000295 seconds
2017-06-04T09:31:04.456+0200: 116,943: Total time for which application threads were stopped: 0,0001337 seconds, Stopping threads took: 0,0000531 seconds
2017-06-04T09:31:09.457+0200: 121,944: Total time for which application threads were stopped: 0,0000742 seconds, Stopping threads took: 0,0000169 seconds
2017-06-04T09:32:09.465+0200: 181,952: Total time for which application threads were stopped: 0,0001735 seconds, Stopping threads took: 0,0000669 seconds
2017-06-04T09:33:38.480+0200: 270,967: Total time for which application threads were stopped: 0,0000945 seconds, Stopping threads took: 0,0000390 seconds
2017-06-04T09:33:44.481+0200: 276,968: Total time for which application threads were stopped: 0,0001407 seconds, Stopping threads took: 0,0000318 seconds
2017-06-04T17:36:54.520+0200: 647,499: Total time for which application threads were stopped: 0,0000926 seconds, Stopping threads took: 0,0000349 seconds
2017-06-04T17:42:14.549+0200: 967,527: Total time for which application threads were stopped: 0,0001401 seconds, Stopping threads took: 0,0000562 seconds
2017-06-04T17:49:33.592+0200: 1406,571: Total time for which application threads were stopped: 0,0001023 seconds, Stopping threads took: 0,0000365 seconds
2017-06-04T17:54:28.621+0200: 1701,600: Total time for which application threads were stopped: 0,0001689 seconds, Stopping threads took: 0,0000497 seconds
2017-06-04T17:55:19.627+0200: 1752,605: Total time for which application threads were stopped: 0,0001175 seconds, Stopping threads took: 0,0000429 seconds
2017-06-04T17:55:38.629+0200: 1771,608: Total time for which application threads were stopped: 0,0005233 seconds, Stopping threads took: 0,0000727 seconds
2017-06-04T18:03:08.673+0200: 2221,652: Total time for which application threads were stopped: 0,0001387 seconds, Stopping threads took: 0,0000447 seconds
2017-06-04T18:04:28.681+0200: 2301,659: Total time for which application threads were stopped: 0,0000924 seconds, Stopping threads took: 0,0000334 seconds
2017-06-04T18:04:29.681+0200: 2302,660: Total time for which application threads were stopped: 0,0001310 seconds, Stopping threads took: 0,0000282 seconds
2017-06-04T18:19:24.769+0200: 3197,748: Total time for which application threads were stopped: 0,0001333 seconds, Stopping threads took: 0,0000509 seconds
2017-06-04T18:30:13.834+0200: 3846,813: Total time for which application threads were stopped: 0,0001243 seconds, Stopping threads took: 0,0000357 seconds
2017-06-04T18:30:18.834+0200: 3851,813: Total time for which application threads were stopped: 0,0000832 seconds, Stopping threads took: 0,0000278 seconds
2017-06-04T18:44:58.953+0200: 4731,931: Total time for which application threads were stopped: 0,0000959 seconds, Stopping threads took: 0,0000392 seconds
2017-06-04T18:45:03.953+0200: 4736,932: Total time for which application threads were stopped: 0,0001374 seconds, Stopping threads took: 0,0000290 seconds
2017-06-04T19:16:09.152+0200: 6602,131: Total time for which application threads were stopped: 0,0001708 seconds, Stopping threads took: 0,0000623 seconds
2017-06-04T19:23:09.210+0200: 7022,189: Total time for which application threads were stopped: 0,0001402 seconds, Stopping threads took: 0,0000535 seconds
2017-06-04T19:28:09.256+0200: 7322,235: Total time for which application threads were stopped: 0,0001075 seconds, Stopping threads took: 0,0000365 seconds
2017-06-04T19:34:09.310+0200: 7682,289: Total time for which application threads were stopped: 0,0002260 seconds, Stopping threads took: 0,0001361 seconds
2017-06-04T20:38:38.758+0200: 11551,737: Total time for which application threads were stopped: 0,0001040 seconds, Stopping threads took: 0,0000371 seconds
2017-06-04T21:00:09.739+0200: 12842,718: Total time for which application threads were stopped: 0,0202312 seconds, Stopping threads took: 0,0201348 seconds
2017-06-04T21:00:09.760+0200: 12842,739: Total time for which application threads were stopped: 0,0001866 seconds, Stopping threads took: 0,0000959 seconds
2017-06-04T21:00:09.827+0200: 12842,806: Total time for which application threads were stopped: 0,0001591 seconds, Stopping threads took: 0,0000440 seconds
2017-06-04T21:00:09.829+0200: 12842,808: Total time for which application threads were stopped: 0,0001550 seconds, Stopping threads took: 0,0000349 seconds
Heap
 par new generation   total 109248K, used 39038K [0x00000000e0000000, 0x00000000e8000000, 0x00000000e8000000)
  eden space 87424K,  28% used [0x00000000e0000000, 0x00000000e1823a58, 0x00000000e5560000)
  from space 21824K,  65% used [0x00000000e5560000, 0x00000000e635bf00, 0x00000000e6ab0000)
  to   space 21824K,   0% used [0x00000000e6ab0000, 0x00000000e6ab0000, 0x00000000e8000000)
 concurrent mark-sweep generation total 393216K, used 6876K [0x00000000e8000000, 0x0000000100000000, 0x0000000100000000)
 Metaspace       used 28153K, capacity 28630K, committed 28796K, reserved 1075200K
  class space    used 3225K, capacity 3392K, committed 3452K, reserved 1048576K
