OpenJDK 64-Bit Server VM (25.121-b13) for linux-amd64 JRE (1.8.0_121-8u121-b13-0ubuntu1.16.04.2-b13), built on Jan 23 2017 15:51:29 by "buildd" with gcc 5.4.0 20160609
Memory: 4k page, physical 7867764k(7417648k free), swap 8076284k(8076284k free)
CommandLine flags: -XX:CMSInitiatingOccupancyFraction=50 -XX:CMSMaxAbortablePrecleanTime=6000 -XX:+CMSParallelRemarkEnabled -XX:+CMSScavengeBeforeRemark -XX:ConcGCThreads=4 -XX:InitialHeapSize=536870912 -XX:MaxHeapSize=536870912 -XX:MaxTenuringThreshold=8 -XX:NewRatio=3 -XX:OldPLABSize=16 -XX:OnOutOfMemoryError=/opt/solr/bin/oom_solr.sh 8983 /var/solr/logs -XX:ParallelGCThreads=4 -XX:+ParallelRefProcEnabled -XX:PretenureSizeThreshold=67108864 -XX:+PrintGC -XX:+PrintGCApplicationStoppedTime -XX:+PrintGCDateStamps -XX:+PrintGCDetails -XX:+PrintGCTimeStamps -XX:+PrintHeapAtGC -XX:+PrintTenuringDistribution -XX:SurvivorRatio=4 -XX:TargetSurvivorRatio=90 -XX:ThreadStackSize=256 -XX:+UseCMSInitiatingOccupancyOnly -XX:+UseCompressedClassPointers -XX:+UseCompressedOops -XX:+UseConcMarkSweepGC -XX:+UseParNewGC 
2017-04-25T16:00:12.889+0200: 0,154: Total time for which application threads were stopped: 0,0000739 seconds, Stopping threads took: 0,0000101 seconds
2017-04-25T16:00:12.996+0200: 0,260: Total time for which application threads were stopped: 0,0001158 seconds, Stopping threads took: 0,0000173 seconds
2017-04-25T16:00:13.014+0200: 0,278: Total time for which application threads were stopped: 0,0000933 seconds, Stopping threads took: 0,0000155 seconds
2017-04-25T16:00:13.353+0200: 0,617: Total time for which application threads were stopped: 0,0001635 seconds, Stopping threads took: 0,0000133 seconds
2017-04-25T16:00:13.823+0200: 1,087: Total time for which application threads were stopped: 0,0001291 seconds, Stopping threads took: 0,0000112 seconds
2017-04-25T16:00:13.892+0200: 1,156: Total time for which application threads were stopped: 0,0001667 seconds, Stopping threads took: 0,0000222 seconds
2017-04-25T16:00:13.910+0200: 1,174: Total time for which application threads were stopped: 0,0006345 seconds, Stopping threads took: 0,0000195 seconds
2017-04-25T16:00:14.177+0200: 1,441: Total time for which application threads were stopped: 0,0001777 seconds, Stopping threads took: 0,0000182 seconds
2017-04-25T16:00:14.418+0200: 1,683: Total time for which application threads were stopped: 0,0002812 seconds, Stopping threads took: 0,0000157 seconds
2017-04-25T16:00:14.445+0200: 1,710: Total time for which application threads were stopped: 0,0001981 seconds, Stopping threads took: 0,0000351 seconds
2017-04-25T16:00:14.480+0200: 1,744: Total time for which application threads were stopped: 0,0002362 seconds, Stopping threads took: 0,0000212 seconds
2017-04-25T16:00:14.485+0200: 1,749: Total time for which application threads were stopped: 0,0007959 seconds, Stopping threads took: 0,0001095 seconds
2017-04-25T16:00:14.501+0200: 1,765: Total time for which application threads were stopped: 0,0002194 seconds, Stopping threads took: 0,0000158 seconds
2017-04-25T16:00:14.575+0200: 1,839: Total time for which application threads were stopped: 0,0002496 seconds, Stopping threads took: 0,0000187 seconds
2017-04-25T16:00:14.732+0200: 1,997: Total time for which application threads were stopped: 0,0002822 seconds, Stopping threads took: 0,0000225 seconds
{Heap before GC invocations=0 (full 0):
 par new generation   total 109248K, used 87424K [0x00000000e0000000, 0x00000000e8000000, 0x00000000e8000000)
  eden space 87424K, 100% used [0x00000000e0000000, 0x00000000e5560000, 0x00000000e5560000)
  from space 21824K,   0% used [0x00000000e5560000, 0x00000000e5560000, 0x00000000e6ab0000)
  to   space 21824K,   0% used [0x00000000e6ab0000, 0x00000000e6ab0000, 0x00000000e8000000)
 concurrent mark-sweep generation total 393216K, used 0K [0x00000000e8000000, 0x0000000100000000, 0x0000000100000000)
 Metaspace       used 17805K, capacity 18112K, committed 18304K, reserved 1064960K
  class space    used 2024K, capacity 2164K, committed 2176K, reserved 1048576K
2017-04-25T16:00:14.762+0200: 2,026: [GC (Allocation Failure) 2017-04-25T16:00:14.762+0200: 2,026: [ParNew
Desired survivor size 20112992 bytes, new threshold 8 (max 8)
- age   1:   11500488 bytes,   11500488 total
: 87424K->11338K(109248K), 0,0139670 secs] 87424K->11338K(502464K), 0,0140459 secs] [Times: user=0,05 sys=0,00, real=0,01 secs] 
Heap after GC invocations=1 (full 0):
 par new generation   total 109248K, used 11338K [0x00000000e0000000, 0x00000000e8000000, 0x00000000e8000000)
  eden space 87424K,   0% used [0x00000000e0000000, 0x00000000e0000000, 0x00000000e5560000)
  from space 21824K,  51% used [0x00000000e6ab0000, 0x00000000e75c2b38, 0x00000000e8000000)
  to   space 21824K,   0% used [0x00000000e5560000, 0x00000000e5560000, 0x00000000e6ab0000)
 concurrent mark-sweep generation total 393216K, used 0K [0x00000000e8000000, 0x0000000100000000, 0x0000000100000000)
 Metaspace       used 17805K, capacity 18112K, committed 18304K, reserved 1064960K
  class space    used 2024K, capacity 2164K, committed 2176K, reserved 1048576K
}
2017-04-25T16:00:14.776+0200: 2,041: Total time for which application threads were stopped: 0,0148056 seconds, Stopping threads took: 0,0006273 seconds
2017-04-25T16:00:15.117+0200: 2,381: Total time for which application threads were stopped: 0,0003282 seconds, Stopping threads took: 0,0000298 seconds
{Heap before GC invocations=1 (full 0):
 par new generation   total 109248K, used 98762K [0x00000000e0000000, 0x00000000e8000000, 0x00000000e8000000)
  eden space 87424K, 100% used [0x00000000e0000000, 0x00000000e5560000, 0x00000000e5560000)
  from space 21824K,  51% used [0x00000000e6ab0000, 0x00000000e75c2b38, 0x00000000e8000000)
  to   space 21824K,   0% used [0x00000000e5560000, 0x00000000e5560000, 0x00000000e6ab0000)
 concurrent mark-sweep generation total 393216K, used 0K [0x00000000e8000000, 0x0000000100000000, 0x0000000100000000)
 Metaspace       used 20006K, capacity 20360K, committed 20736K, reserved 1067008K
  class space    used 2293K, capacity 2468K, committed 2560K, reserved 1048576K
2017-04-25T16:00:15.149+0200: 2,413: [GC (Allocation Failure) 2017-04-25T16:00:15.149+0200: 2,413: [ParNew
Desired survivor size 20112992 bytes, new threshold 8 (max 8)
- age   1:    4142032 bytes,    4142032 total
- age   2:    6081560 bytes,   10223592 total
: 98762K->12759K(109248K), 0,0099889 secs] 98762K->12759K(502464K), 0,0100573 secs] [Times: user=0,04 sys=0,00, real=0,02 secs] 
Heap after GC invocations=2 (full 0):
 par new generation   total 109248K, used 12759K [0x00000000e0000000, 0x00000000e8000000, 0x00000000e8000000)
  eden space 87424K,   0% used [0x00000000e0000000, 0x00000000e0000000, 0x00000000e5560000)
  from space 21824K,  58% used [0x00000000e5560000, 0x00000000e61d5ec0, 0x00000000e6ab0000)
  to   space 21824K,   0% used [0x00000000e6ab0000, 0x00000000e6ab0000, 0x00000000e8000000)
 concurrent mark-sweep generation total 393216K, used 0K [0x00000000e8000000, 0x0000000100000000, 0x0000000100000000)
 Metaspace       used 20006K, capacity 20360K, committed 20736K, reserved 1067008K
  class space    used 2293K, capacity 2468K, committed 2560K, reserved 1048576K
}
2017-04-25T16:00:15.159+0200: 2,423: Total time for which application threads were stopped: 0,0102647 seconds, Stopping threads took: 0,0000673 seconds
2017-04-25T16:00:15.177+0200: 2,441: Total time for which application threads were stopped: 0,0003397 seconds, Stopping threads took: 0,0000728 seconds
2017-04-25T16:00:15.214+0200: 2,478: Total time for which application threads were stopped: 0,0004322 seconds, Stopping threads took: 0,0001214 seconds
2017-04-25T16:00:15.357+0200: 2,621: Total time for which application threads were stopped: 0,0013342 seconds, Stopping threads took: 0,0011737 seconds
{Heap before GC invocations=2 (full 0):
 par new generation   total 109248K, used 100183K [0x00000000e0000000, 0x00000000e8000000, 0x00000000e8000000)
  eden space 87424K, 100% used [0x00000000e0000000, 0x00000000e5560000, 0x00000000e5560000)
  from space 21824K,  58% used [0x00000000e5560000, 0x00000000e61d5ec0, 0x00000000e6ab0000)
  to   space 21824K,   0% used [0x00000000e6ab0000, 0x00000000e6ab0000, 0x00000000e8000000)
 concurrent mark-sweep generation total 393216K, used 0K [0x00000000e8000000, 0x0000000100000000, 0x0000000100000000)
 Metaspace       used 20942K, capacity 21282K, committed 21628K, reserved 1069056K
  class space    used 2414K, capacity 2587K, committed 2684K, reserved 1048576K
2017-04-25T16:00:15.385+0200: 2,649: [GC (Allocation Failure) 2017-04-25T16:00:15.385+0200: 2,649: [ParNew
Desired survivor size 20112992 bytes, new threshold 8 (max 8)
- age   1:    2130136 bytes,    2130136 total
- age   2:    1403600 bytes,    3533736 total
- age   3:    6079832 bytes,    9613568 total
: 100183K->13966K(109248K), 0,0094851 secs] 100183K->13966K(502464K), 0,0095631 secs] [Times: user=0,04 sys=0,00, real=0,01 secs] 
Heap after GC invocations=3 (full 0):
 par new generation   total 109248K, used 13966K [0x00000000e0000000, 0x00000000e8000000, 0x00000000e8000000)
  eden space 87424K,   0% used [0x00000000e0000000, 0x00000000e0000000, 0x00000000e5560000)
  from space 21824K,  63% used [0x00000000e6ab0000, 0x00000000e78538e0, 0x00000000e8000000)
  to   space 21824K,   0% used [0x00000000e5560000, 0x00000000e5560000, 0x00000000e6ab0000)
 concurrent mark-sweep generation total 393216K, used 0K [0x00000000e8000000, 0x0000000100000000, 0x0000000100000000)
 Metaspace       used 20942K, capacity 21282K, committed 21628K, reserved 1069056K
  class space    used 2414K, capacity 2587K, committed 2684K, reserved 1048576K
}
2017-04-25T16:00:15.395+0200: 2,659: Total time for which application threads were stopped: 0,0104121 seconds, Stopping threads took: 0,0007250 seconds
2017-04-25T16:00:15.395+0200: 2,659: [GC (CMS Initial Mark) [1 CMS-initial-mark: 0K(393216K)] 14682K(502464K), 0,0051829 secs] [Times: user=0,01 sys=0,00, real=0,01 secs] 
2017-04-25T16:00:15.400+0200: 2,664: Total time for which application threads were stopped: 0,0053263 seconds, Stopping threads took: 0,0000487 seconds
2017-04-25T16:00:15.400+0200: 2,664: [CMS-concurrent-mark-start]
2017-04-25T16:00:15.400+0200: 2,665: [CMS-concurrent-mark: 0,000/0,000 secs] [Times: user=0,01 sys=0,00, real=0,00 secs] 
2017-04-25T16:00:15.400+0200: 2,665: [CMS-concurrent-preclean-start]
2017-04-25T16:00:15.401+0200: 2,666: [CMS-concurrent-preclean: 0,001/0,001 secs] [Times: user=0,00 sys=0,00, real=0,00 secs] 
2017-04-25T16:00:15.402+0200: 2,666: [GC (CMS Final Remark) [YG occupancy: 16108 K (109248 K)]{Heap before GC invocations=3 (full 1):
 par new generation   total 109248K, used 16108K [0x00000000e0000000, 0x00000000e8000000, 0x00000000e8000000)
  eden space 87424K,   2% used [0x00000000e0000000, 0x00000000e0217a40, 0x00000000e5560000)
  from space 21824K,  63% used [0x00000000e6ab0000, 0x00000000e78538e0, 0x00000000e8000000)
  to   space 21824K,   0% used [0x00000000e5560000, 0x00000000e5560000, 0x00000000e6ab0000)
 concurrent mark-sweep generation total 393216K, used 0K [0x00000000e8000000, 0x0000000100000000, 0x0000000100000000)
 Metaspace       used 20943K, capacity 21282K, committed 21628K, reserved 1069056K
  class space    used 2414K, capacity 2587K, committed 2684K, reserved 1048576K
2017-04-25T16:00:15.402+0200: 2,666: [GC (CMS Final Remark) 2017-04-25T16:00:15.402+0200: 2,666: [ParNew
Desired survivor size 20112992 bytes, new threshold 8 (max 8)
- age   1:      34024 bytes,      34024 total
- age   2:    1566160 bytes,    1600184 total
- age   3:    1372888 bytes,    2973072 total
- age   4:    6079832 bytes,    9052904 total
: 16108K->13158K(109248K), 0,0093989 secs] 16108K->13158K(502464K), 0,0094636 secs] [Times: user=0,03 sys=0,00, real=0,01 secs] 
Heap after GC invocations=4 (full 1):
 par new generation   total 109248K, used 13158K [0x00000000e0000000, 0x00000000e8000000, 0x00000000e8000000)
  eden space 87424K,   0% used [0x00000000e0000000, 0x00000000e0000000, 0x00000000e5560000)
  from space 21824K,  60% used [0x00000000e5560000, 0x00000000e6239ad0, 0x00000000e6ab0000)
  to   space 21824K,   0% used [0x00000000e6ab0000, 0x00000000e6ab0000, 0x00000000e8000000)
 concurrent mark-sweep generation total 393216K, used 0K [0x00000000e8000000, 0x0000000100000000, 0x0000000100000000)
 Metaspace       used 20943K, capacity 21282K, committed 21628K, reserved 1069056K
  class space    used 2414K, capacity 2587K, committed 2684K, reserved 1048576K
}
2017-04-25T16:00:15.411+0200: 2,675: [Rescan (parallel) , 0,0036659 secs]2017-04-25T16:00:15.415+0200: 2,679: [weak refs processing, 0,0012384 secs]2017-04-25T16:00:15.416+0200: 2,680: [class unloading, 0,0027268 secs]2017-04-25T16:00:15.419+0200: 2,683: [scrub symbol table, 0,0031285 secs]2017-04-25T16:00:15.422+0200: 2,686: [scrub string table, 0,0003751 secs][1 CMS-remark: 0K(393216K)] 13158K(502464K), 0,0211978 secs] [Times: user=0,05 sys=0,00, real=0,02 secs] 
2017-04-25T16:00:15.423+0200: 2,687: Total time for which application threads were stopped: 0,0213568 seconds, Stopping threads took: 0,0000854 seconds
2017-04-25T16:00:15.423+0200: 2,687: [CMS-concurrent-sweep-start]
2017-04-25T16:00:15.423+0200: 2,687: [CMS-concurrent-sweep: 0,000/0,000 secs] [Times: user=0,00 sys=0,00, real=0,00 secs] 
2017-04-25T16:00:15.423+0200: 2,687: [CMS-concurrent-reset-start]
2017-04-25T16:00:15.425+0200: 2,689: [CMS-concurrent-reset: 0,002/0,002 secs] [Times: user=0,01 sys=0,00, real=0,00 secs] 
{Heap before GC invocations=4 (full 1):
 par new generation   total 109248K, used 100582K [0x00000000e0000000, 0x00000000e8000000, 0x00000000e8000000)
  eden space 87424K, 100% used [0x00000000e0000000, 0x00000000e5560000, 0x00000000e5560000)
  from space 21824K,  60% used [0x00000000e5560000, 0x00000000e6239ad0, 0x00000000e6ab0000)
  to   space 21824K,   0% used [0x00000000e6ab0000, 0x00000000e6ab0000, 0x00000000e8000000)
 concurrent mark-sweep generation total 393216K, used 0K [0x00000000e8000000, 0x0000000100000000, 0x0000000100000000)
 Metaspace       used 21205K, capacity 21558K, committed 21884K, reserved 1069056K
  class space    used 2447K, capacity 2602K, committed 2684K, reserved 1048576K
2017-04-25T16:00:15.524+0200: 2,788: [GC (Allocation Failure) 2017-04-25T16:00:15.524+0200: 2,788: [ParNew
Desired survivor size 20112992 bytes, new threshold 8 (max 8)
- age   1:    1336432 bytes,    1336432 total
- age   2:        184 bytes,    1336616 total
- age   3:    1476536 bytes,    2813152 total
- age   4:    1366776 bytes,    4179928 total
- age   5:    6079952 bytes,   10259880 total
: 100582K->13137K(109248K), 0,0100456 secs] 100582K->13137K(502464K), 0,0101144 secs] [Times: user=0,04 sys=0,00, real=0,01 secs] 
Heap after GC invocations=5 (full 1):
 par new generation   total 109248K, used 13137K [0x00000000e0000000, 0x00000000e8000000, 0x00000000e8000000)
  eden space 87424K,   0% used [0x00000000e0000000, 0x00000000e0000000, 0x00000000e5560000)
  from space 21824K,  60% used [0x00000000e6ab0000, 0x00000000e77846c8, 0x00000000e8000000)
  to   space 21824K,   0% used [0x00000000e5560000, 0x00000000e5560000, 0x00000000e6ab0000)
 concurrent mark-sweep generation total 393216K, used 0K [0x00000000e8000000, 0x0000000100000000, 0x0000000100000000)
 Metaspace       used 21205K, capacity 21558K, committed 21884K, reserved 1069056K
  class space    used 2447K, capacity 2602K, committed 2684K, reserved 1048576K
}
2017-04-25T16:00:15.534+0200: 2,798: Total time for which application threads were stopped: 0,0103500 seconds, Stopping threads took: 0,0000926 seconds
{Heap before GC invocations=5 (full 1):
 par new generation   total 109248K, used 100561K [0x00000000e0000000, 0x00000000e8000000, 0x00000000e8000000)
  eden space 87424K, 100% used [0x00000000e0000000, 0x00000000e5560000, 0x00000000e5560000)
  from space 21824K,  60% used [0x00000000e6ab0000, 0x00000000e77846c8, 0x00000000e8000000)
  to   space 21824K,   0% used [0x00000000e5560000, 0x00000000e5560000, 0x00000000e6ab0000)
 concurrent mark-sweep generation total 393216K, used 0K [0x00000000e8000000, 0x0000000100000000, 0x0000000100000000)
 Metaspace       used 21357K, capacity 21724K, committed 21884K, reserved 1069056K
  class space    used 2464K, capacity 2635K, committed 2684K, reserved 1048576K
2017-04-25T16:00:15.618+0200: 2,882: [GC (Allocation Failure) 2017-04-25T16:00:15.618+0200: 2,882: [ParNew
Desired survivor size 20112992 bytes, new threshold 8 (max 8)
- age   1:    1421776 bytes,    1421776 total
- age   2:     188384 bytes,    1610160 total
- age   3:        184 bytes,    1610344 total
- age   4:    1477544 bytes,    3087888 total
- age   5:    1366696 bytes,    4454584 total
- age   6:    6080064 bytes,   10534648 total
: 100561K->12378K(109248K), 0,0102623 secs] 100561K->12378K(502464K), 0,0103287 secs] [Times: user=0,04 sys=0,00, real=0,01 secs] 
Heap after GC invocations=6 (full 1):
 par new generation   total 109248K, used 12378K [0x00000000e0000000, 0x00000000e8000000, 0x00000000e8000000)
  eden space 87424K,   0% used [0x00000000e0000000, 0x00000000e0000000, 0x00000000e5560000)
  from space 21824K,  56% used [0x00000000e5560000, 0x00000000e6176ba0, 0x00000000e6ab0000)
  to   space 21824K,   0% used [0x00000000e6ab0000, 0x00000000e6ab0000, 0x00000000e8000000)
 concurrent mark-sweep generation total 393216K, used 0K [0x00000000e8000000, 0x0000000100000000, 0x0000000100000000)
 Metaspace       used 21357K, capacity 21724K, committed 21884K, reserved 1069056K
  class space    used 2464K, capacity 2635K, committed 2684K, reserved 1048576K
}
2017-04-25T16:00:15.628+0200: 2,893: Total time for which application threads were stopped: 0,0105757 seconds, Stopping threads took: 0,0001105 seconds
2017-04-25T16:00:15.670+0200: 2,934: Total time for which application threads were stopped: 0,0002996 seconds, Stopping threads took: 0,0000174 seconds
2017-04-25T16:00:15.879+0200: 3,143: Total time for which application threads were stopped: 0,0005761 seconds, Stopping threads took: 0,0000636 seconds
2017-04-25T16:00:15.925+0200: 3,189: Total time for which application threads were stopped: 0,0003468 seconds, Stopping threads took: 0,0000211 seconds
2017-04-25T16:00:15.942+0200: 3,206: Total time for which application threads were stopped: 0,0003948 seconds, Stopping threads took: 0,0000326 seconds
{Heap before GC invocations=6 (full 1):
 par new generation   total 109248K, used 99802K [0x00000000e0000000, 0x00000000e8000000, 0x00000000e8000000)
  eden space 87424K, 100% used [0x00000000e0000000, 0x00000000e5560000, 0x00000000e5560000)
  from space 21824K,  56% used [0x00000000e5560000, 0x00000000e6176ba0, 0x00000000e6ab0000)
  to   space 21824K,   0% used [0x00000000e6ab0000, 0x00000000e6ab0000, 0x00000000e8000000)
 concurrent mark-sweep generation total 393216K, used 0K [0x00000000e8000000, 0x0000000100000000, 0x0000000100000000)
 Metaspace       used 23857K, capacity 24324K, committed 24572K, reserved 1071104K
  class space    used 2810K, capacity 3011K, committed 3068K, reserved 1048576K
2017-04-25T16:00:16.113+0200: 3,377: [GC (Allocation Failure) 2017-04-25T16:00:16.113+0200: 3,377: [ParNew
Desired survivor size 20112992 bytes, new threshold 8 (max 8)
- age   1:    5339160 bytes,    5339160 total
- age   2:      98504 bytes,    5437664 total
- age   3:     186776 bytes,    5624440 total
- age   4:        160 bytes,    5624600 total
- age   5:     306768 bytes,    5931368 total
- age   6:    1342312 bytes,    7273680 total
- age   7:    6071704 bytes,   13345384 total
: 99802K->15667K(109248K), 0,0203302 secs] 99802K->15667K(502464K), 0,0204101 secs] [Times: user=0,08 sys=0,00, real=0,02 secs] 
Heap after GC invocations=7 (full 1):
 par new generation   total 109248K, used 15667K [0x00000000e0000000, 0x00000000e8000000, 0x00000000e8000000)
  eden space 87424K,   0% used [0x00000000e0000000, 0x00000000e0000000, 0x00000000e5560000)
  from space 21824K,  71% used [0x00000000e6ab0000, 0x00000000e79fcdb0, 0x00000000e8000000)
  to   space 21824K,   0% used [0x00000000e5560000, 0x00000000e5560000, 0x00000000e6ab0000)
 concurrent mark-sweep generation total 393216K, used 0K [0x00000000e8000000, 0x0000000100000000, 0x0000000100000000)
 Metaspace       used 23857K, capacity 24324K, committed 24572K, reserved 1071104K
  class space    used 2810K, capacity 3011K, committed 3068K, reserved 1048576K
}
2017-04-25T16:00:16.133+0200: 3,397: Total time for which application threads were stopped: 0,0206925 seconds, Stopping threads took: 0,0000547 seconds
{Heap before GC invocations=7 (full 1):
 par new generation   total 109248K, used 103091K [0x00000000e0000000, 0x00000000e8000000, 0x00000000e8000000)
  eden space 87424K, 100% used [0x00000000e0000000, 0x00000000e5560000, 0x00000000e5560000)
  from space 21824K,  71% used [0x00000000e6ab0000, 0x00000000e79fcdb0, 0x00000000e8000000)
  to   space 21824K,   0% used [0x00000000e5560000, 0x00000000e5560000, 0x00000000e6ab0000)
 concurrent mark-sweep generation total 393216K, used 0K [0x00000000e8000000, 0x0000000100000000, 0x0000000100000000)
 Metaspace       used 24286K, capacity 24810K, committed 25084K, reserved 1071104K
  class space    used 2849K, capacity 3044K, committed 3068K, reserved 1048576K
2017-04-25T16:00:16.222+0200: 3,486: [GC (Allocation Failure) 2017-04-25T16:00:16.222+0200: 3,486: [ParNew
Desired survivor size 20112992 bytes, new threshold 8 (max 8)
- age   1:    1766896 bytes,    1766896 total
- age   2:    1774240 bytes,    3541136 total
- age   3:      42592 bytes,    3583728 total
- age   4:     117112 bytes,    3700840 total
- age   5:        160 bytes,    3701000 total
- age   6:     201920 bytes,    3902920 total
- age   7:     981856 bytes,    4884776 total
- age   8:    5866240 bytes,   10751016 total
: 103091K->18019K(109248K), 0,0191571 secs] 103091K->18019K(502464K), 0,0192789 secs] [Times: user=0,08 sys=0,00, real=0,02 secs] 
Heap after GC invocations=8 (full 1):
 par new generation   total 109248K, used 18019K [0x00000000e0000000, 0x00000000e8000000, 0x00000000e8000000)
  eden space 87424K,   0% used [0x00000000e0000000, 0x00000000e0000000, 0x00000000e5560000)
  from space 21824K,  82% used [0x00000000e5560000, 0x00000000e66f8c20, 0x00000000e6ab0000)
  to   space 21824K,   0% used [0x00000000e6ab0000, 0x00000000e6ab0000, 0x00000000e8000000)
 concurrent mark-sweep generation total 393216K, used 0K [0x00000000e8000000, 0x0000000100000000, 0x0000000100000000)
 Metaspace       used 24286K, capacity 24810K, committed 25084K, reserved 1071104K
  class space    used 2849K, capacity 3044K, committed 3068K, reserved 1048576K
}
2017-04-25T16:00:16.242+0200: 3,506: Total time for which application threads were stopped: 0,0195247 seconds, Stopping threads took: 0,0000493 seconds
{Heap before GC invocations=8 (full 1):
 par new generation   total 109248K, used 105443K [0x00000000e0000000, 0x00000000e8000000, 0x00000000e8000000)
  eden space 87424K, 100% used [0x00000000e0000000, 0x00000000e5560000, 0x00000000e5560000)
  from space 21824K,  82% used [0x00000000e5560000, 0x00000000e66f8c20, 0x00000000e6ab0000)
  to   space 21824K,   0% used [0x00000000e6ab0000, 0x00000000e6ab0000, 0x00000000e8000000)
 concurrent mark-sweep generation total 393216K, used 0K [0x00000000e8000000, 0x0000000100000000, 0x0000000100000000)
 Metaspace       used 24559K, capacity 25028K, committed 25084K, reserved 1071104K
  class space    used 2869K, capacity 3049K, committed 3068K, reserved 1048576K
2017-04-25T16:00:16.334+0200: 3,598: [GC (Allocation Failure) 2017-04-25T16:00:16.334+0200: 3,598: [ParNew
Desired survivor size 20112992 bytes, new threshold 8 (max 8)
- age   1:     827320 bytes,     827320 total
- age   2:     603296 bytes,    1430616 total
- age   3:    1751944 bytes,    3182560 total
- age   4:      42592 bytes,    3225152 total
- age   5:     116880 bytes,    3342032 total
- age   6:        160 bytes,    3342192 total
- age   7:     199184 bytes,    3541376 total
- age   8:     981088 bytes,    4522464 total
: 105443K->7034K(109248K), 0,0255937 secs] 105443K->12845K(502464K), 0,0256587 secs] [Times: user=0,09 sys=0,00, real=0,03 secs] 
Heap after GC invocations=9 (full 1):
 par new generation   total 109248K, used 7034K [0x00000000e0000000, 0x00000000e8000000, 0x00000000e8000000)
  eden space 87424K,   0% used [0x00000000e0000000, 0x00000000e0000000, 0x00000000e5560000)
  from space 21824K,  32% used [0x00000000e6ab0000, 0x00000000e718ebb0, 0x00000000e8000000)
  to   space 21824K,   0% used [0x00000000e5560000, 0x00000000e5560000, 0x00000000e6ab0000)
 concurrent mark-sweep generation total 393216K, used 5810K [0x00000000e8000000, 0x0000000100000000, 0x0000000100000000)
 Metaspace       used 24559K, capacity 25028K, committed 25084K, reserved 1071104K
  class space    used 2869K, capacity 3049K, committed 3068K, reserved 1048576K
}
2017-04-25T16:00:16.359+0200: 3,623: Total time for which application threads were stopped: 0,0278549 seconds, Stopping threads took: 0,0020448 seconds
2017-04-25T16:00:16.635+0200: 3,899: Total time for which application threads were stopped: 0,0004601 seconds, Stopping threads took: 0,0000244 seconds
2017-04-25T16:00:16.651+0200: 3,915: Total time for which application threads were stopped: 0,0004268 seconds, Stopping threads took: 0,0000219 seconds
2017-04-25T16:00:16.722+0200: 3,986: Total time for which application threads were stopped: 0,0004832 seconds, Stopping threads took: 0,0000381 seconds
2017-04-25T16:00:16.785+0200: 4,049: Total time for which application threads were stopped: 0,0005721 seconds, Stopping threads took: 0,0002103 seconds
2017-04-25T16:00:16.786+0200: 4,050: Total time for which application threads were stopped: 0,0001685 seconds, Stopping threads took: 0,0000783 seconds
2017-04-25T16:00:16.786+0200: 4,050: Total time for which application threads were stopped: 0,0000581 seconds, Stopping threads took: 0,0000144 seconds
2017-04-25T16:00:16.786+0200: 4,051: Total time for which application threads were stopped: 0,0000664 seconds, Stopping threads took: 0,0000139 seconds
2017-04-25T16:00:16.787+0200: 4,051: Total time for which application threads were stopped: 0,0000810 seconds, Stopping threads took: 0,0000252 seconds
2017-04-25T16:00:16.788+0200: 4,052: Total time for which application threads were stopped: 0,0003060 seconds, Stopping threads took: 0,0002333 seconds
2017-04-25T16:00:16.789+0200: 4,053: Total time for which application threads were stopped: 0,0001388 seconds, Stopping threads took: 0,0000805 seconds
2017-04-25T16:00:16.789+0200: 4,054: Total time for which application threads were stopped: 0,0002428 seconds, Stopping threads took: 0,0001875 seconds
2017-04-25T16:00:16.796+0200: 4,060: Total time for which application threads were stopped: 0,0001197 seconds, Stopping threads took: 0,0000510 seconds
2017-04-25T16:00:16.799+0200: 4,063: Total time for which application threads were stopped: 0,0001239 seconds, Stopping threads took: 0,0000389 seconds
2017-04-25T16:00:16.806+0200: 4,070: Total time for which application threads were stopped: 0,0040028 seconds, Stopping threads took: 0,0039272 seconds
2017-04-25T16:00:16.828+0200: 4,093: Total time for which application threads were stopped: 0,0001347 seconds, Stopping threads took: 0,0000392 seconds
2017-04-25T16:00:16.829+0200: 4,093: Total time for which application threads were stopped: 0,0000563 seconds, Stopping threads took: 0,0000105 seconds
2017-04-25T16:00:16.830+0200: 4,094: Total time for which application threads were stopped: 0,0000637 seconds, Stopping threads took: 0,0000128 seconds
2017-04-25T16:00:16.830+0200: 4,094: Total time for which application threads were stopped: 0,0000594 seconds, Stopping threads took: 0,0000190 seconds
2017-04-25T16:00:16.830+0200: 4,094: Total time for which application threads were stopped: 0,0000498 seconds, Stopping threads took: 0,0000077 seconds
2017-04-25T16:00:16.830+0200: 4,095: Total time for which application threads were stopped: 0,0003653 seconds, Stopping threads took: 0,0000070 seconds
2017-04-25T16:00:16.831+0200: 4,095: Total time for which application threads were stopped: 0,0000768 seconds, Stopping threads took: 0,0000193 seconds
2017-04-25T16:00:16.831+0200: 4,095: Total time for which application threads were stopped: 0,0000584 seconds, Stopping threads took: 0,0000099 seconds
2017-04-25T16:00:16.832+0200: 4,096: Total time for which application threads were stopped: 0,0000895 seconds, Stopping threads took: 0,0000162 seconds
2017-04-25T16:00:16.833+0200: 4,098: Total time for which application threads were stopped: 0,0000998 seconds, Stopping threads took: 0,0000328 seconds
2017-04-25T16:00:16.835+0200: 4,099: Total time for which application threads were stopped: 0,0001088 seconds, Stopping threads took: 0,0000307 seconds
2017-04-25T16:00:16.838+0200: 4,102: Total time for which application threads were stopped: 0,0024468 seconds, Stopping threads took: 0,0023871 seconds
2017-04-25T16:00:16.839+0200: 4,103: Total time for which application threads were stopped: 0,0000671 seconds, Stopping threads took: 0,0000137 seconds
2017-04-25T16:00:16.843+0200: 4,107: Total time for which application threads were stopped: 0,0000902 seconds, Stopping threads took: 0,0000261 seconds
2017-04-25T16:00:16.843+0200: 4,107: Total time for which application threads were stopped: 0,0001068 seconds, Stopping threads took: 0,0000202 seconds
2017-04-25T16:00:16.850+0200: 4,114: Total time for which application threads were stopped: 0,0000960 seconds, Stopping threads took: 0,0000187 seconds
2017-04-25T16:00:16.851+0200: 4,115: Total time for which application threads were stopped: 0,0000909 seconds, Stopping threads took: 0,0000221 seconds
2017-04-25T16:00:16.852+0200: 4,116: Total time for which application threads were stopped: 0,0000690 seconds, Stopping threads took: 0,0000131 seconds
2017-04-25T16:00:16.852+0200: 4,116: Total time for which application threads were stopped: 0,0000492 seconds, Stopping threads took: 0,0000087 seconds
2017-04-25T16:00:16.854+0200: 4,118: Total time for which application threads were stopped: 0,0001260 seconds, Stopping threads took: 0,0000332 seconds
2017-04-25T16:00:16.855+0200: 4,119: Total time for which application threads were stopped: 0,0000995 seconds, Stopping threads took: 0,0000386 seconds
2017-04-25T16:00:16.855+0200: 4,120: Total time for which application threads were stopped: 0,0001604 seconds, Stopping threads took: 0,0001002 seconds
2017-04-25T16:00:16.857+0200: 4,121: Total time for which application threads were stopped: 0,0000803 seconds, Stopping threads took: 0,0000133 seconds
2017-04-25T16:00:16.858+0200: 4,122: Total time for which application threads were stopped: 0,0000607 seconds, Stopping threads took: 0,0000122 seconds
2017-04-25T16:00:16.859+0200: 4,123: Total time for which application threads were stopped: 0,0000693 seconds, Stopping threads took: 0,0000156 seconds
{Heap before GC invocations=9 (full 1):
 par new generation   total 109248K, used 94458K [0x00000000e0000000, 0x00000000e8000000, 0x00000000e8000000)
  eden space 87424K, 100% used [0x00000000e0000000, 0x00000000e5560000, 0x00000000e5560000)
  from space 21824K,  32% used [0x00000000e6ab0000, 0x00000000e718ebb0, 0x00000000e8000000)
  to   space 21824K,   0% used [0x00000000e5560000, 0x00000000e5560000, 0x00000000e6ab0000)
 concurrent mark-sweep generation total 393216K, used 5810K [0x00000000e8000000, 0x0000000100000000, 0x0000000100000000)
 Metaspace       used 27952K, capacity 28492K, committed 28796K, reserved 1075200K
  class space    used 3212K, capacity 3389K, committed 3452K, reserved 1048576K
2017-04-25T16:00:19.608+0200: 6,872: [GC (Allocation Failure) 2017-04-25T16:00:19.608+0200: 6,872: [ParNew
Desired survivor size 20112992 bytes, new threshold 8 (max 8)
- age   1:   11173120 bytes,   11173120 total
- age   2:     234176 bytes,   11407296 total
- age   3:     209776 bytes,   11617072 total
- age   4:    1746360 bytes,   13363432 total
- age   5:      42592 bytes,   13406024 total
- age   6:     114176 bytes,   13520200 total
- age   7:        160 bytes,   13520360 total
- age   8:     198592 bytes,   13718952 total
: 94458K->14987K(109248K), 0,0309988 secs] 100269K->21888K(502464K), 0,0310887 secs] [Times: user=0,05 sys=0,00, real=0,04 secs] 
Heap after GC invocations=10 (full 1):
 par new generation   total 109248K, used 14987K [0x00000000e0000000, 0x00000000e8000000, 0x00000000e8000000)
  eden space 87424K,   0% used [0x00000000e0000000, 0x00000000e0000000, 0x00000000e5560000)
  from space 21824K,  68% used [0x00000000e5560000, 0x00000000e6402e00, 0x00000000e6ab0000)
  to   space 21824K,   0% used [0x00000000e6ab0000, 0x00000000e6ab0000, 0x00000000e8000000)
 concurrent mark-sweep generation total 393216K, used 6900K [0x00000000e8000000, 0x0000000100000000, 0x0000000100000000)
 Metaspace       used 27952K, capacity 28492K, committed 28796K, reserved 1075200K
  class space    used 3212K, capacity 3389K, committed 3452K, reserved 1048576K
}
2017-04-25T16:00:19.639+0200: 6,903: Total time for which application threads were stopped: 0,0312781 seconds, Stopping threads took: 0,0000237 seconds
2017-04-25T16:01:34.120+0200: 81,912: Total time for which application threads were stopped: 0,0000768 seconds, Stopping threads took: 0,0000168 seconds
2017-04-25T16:02:09.124+0200: 116,916: Total time for which application threads were stopped: 0,0006256 seconds, Stopping threads took: 0,0002772 seconds
2017-04-25T16:02:14.125+0200: 121,916: Total time for which application threads were stopped: 0,0000687 seconds, Stopping threads took: 0,0000162 seconds
2017-04-25T16:03:14.131+0200: 181,922: Total time for which application threads were stopped: 0,0000980 seconds, Stopping threads took: 0,0000386 seconds
2017-04-25T16:04:49.141+0200: 276,933: Total time for which application threads were stopped: 0,0000847 seconds, Stopping threads took: 0,0000328 seconds
2017-04-25T16:23:44.265+0200: 1412,056: Total time for which application threads were stopped: 0,0001696 seconds, Stopping threads took: 0,0000621 seconds
2017-04-25T16:27:24.291+0200: 1632,082: Total time for which application threads were stopped: 0,0001329 seconds, Stopping threads took: 0,0000489 seconds
2017-04-25T16:27:29.292+0200: 1637,083: Total time for which application threads were stopped: 0,0000884 seconds, Stopping threads took: 0,0000334 seconds
2017-04-25T16:38:34.372+0200: 2302,163: Total time for which application threads were stopped: 0,0007385 seconds, Stopping threads took: 0,0003163 seconds
2017-04-25T16:53:29.473+0200: 3197,264: Total time for which application threads were stopped: 0,0006416 seconds, Stopping threads took: 0,0002069 seconds
2017-04-25T17:06:28.568+0200: 3976,359: Total time for which application threads were stopped: 0,0000926 seconds, Stopping threads took: 0,0000333 seconds
2017-04-25T17:06:38.569+0200: 3986,360: Total time for which application threads were stopped: 0,0001485 seconds, Stopping threads took: 0,0000298 seconds
2017-04-25T17:18:39.658+0200: 4707,449: Total time for which application threads were stopped: 0,0001393 seconds, Stopping threads took: 0,0000511 seconds
2017-04-25T17:21:11.030+0200: 4858,821: Total time for which application threads were stopped: 0,0001449 seconds, Stopping threads took: 0,0000416 seconds
2017-04-25T17:21:11.031+0200: 4858,822: Total time for which application threads were stopped: 0,0001130 seconds, Stopping threads took: 0,0000360 seconds
2017-04-25T17:21:11.046+0200: 4858,837: Total time for which application threads were stopped: 0,0080730 seconds, Stopping threads took: 0,0079644 seconds
2017-04-25T17:21:11.082+0200: 4858,873: Total time for which application threads were stopped: 0,0001521 seconds, Stopping threads took: 0,0000355 seconds
2017-04-25T17:21:11.086+0200: 4858,878: Total time for which application threads were stopped: 0,0001142 seconds, Stopping threads took: 0,0000155 seconds
Heap
 par new generation   total 109248K, used 39603K [0x00000000e0000000, 0x00000000e8000000, 0x00000000e8000000)
  eden space 87424K,  28% used [0x00000000e0000000, 0x00000000e180a068, 0x00000000e5560000)
  from space 21824K,  68% used [0x00000000e5560000, 0x00000000e6402e00, 0x00000000e6ab0000)
  to   space 21824K,   0% used [0x00000000e6ab0000, 0x00000000e6ab0000, 0x00000000e8000000)
 concurrent mark-sweep generation total 393216K, used 6900K [0x00000000e8000000, 0x0000000100000000, 0x0000000100000000)
 Metaspace       used 28083K, capacity 28598K, committed 28796K, reserved 1075200K
  class space    used 3227K, capacity 3424K, committed 3452K, reserved 1048576K
