OpenJDK 64-Bit Server VM (25.111-b14) for linux-amd64 JRE (1.8.0_111-8u111-b14-2ubuntu0.16.04.2-b14), built on Oct 27 2016 18:10:19 by "buildd" with gcc 5.4.0 20160609
Memory: 4k page, physical 7867876k(7479652k free), swap 8076284k(8076284k free)
CommandLine flags: -XX:CMSInitiatingOccupancyFraction=50 -XX:CMSMaxAbortablePrecleanTime=6000 -XX:+CMSParallelRemarkEnabled -XX:+CMSScavengeBeforeRemark -XX:ConcGCThreads=4 -XX:InitialHeapSize=536870912 -XX:MaxHeapSize=536870912 -XX:MaxTenuringThreshold=8 -XX:NewRatio=3 -XX:OldPLABSize=16 -XX:OnOutOfMemoryError=/opt/solr/bin/oom_solr.sh 8983 /var/solr/logs -XX:ParallelGCThreads=4 -XX:+ParallelRefProcEnabled -XX:PretenureSizeThreshold=67108864 -XX:+PrintGC -XX:+PrintGCApplicationStoppedTime -XX:+PrintGCDateStamps -XX:+PrintGCDetails -XX:+PrintGCTimeStamps -XX:+PrintHeapAtGC -XX:+PrintTenuringDistribution -XX:SurvivorRatio=4 -XX:TargetSurvivorRatio=90 -XX:ThreadStackSize=256 -XX:+UseCMSInitiatingOccupancyOnly -XX:+UseCompressedClassPointers -XX:+UseCompressedOops -XX:+UseConcMarkSweepGC -XX:+UseParNewGC 
2016-11-06T14:22:41.670+0100: 0,123: Total time for which application threads were stopped: 0,0000911 seconds, Stopping threads took: 0,0000126 seconds
2016-11-06T14:22:41.736+0100: 0,190: Total time for which application threads were stopped: 0,0000919 seconds, Stopping threads took: 0,0000140 seconds
2016-11-06T14:22:41.753+0100: 0,207: Total time for which application threads were stopped: 0,0001310 seconds, Stopping threads took: 0,0000333 seconds
2016-11-06T14:22:41.901+0100: 0,354: Total time for which application threads were stopped: 0,0001779 seconds, Stopping threads took: 0,0000210 seconds
2016-11-06T14:22:42.181+0100: 0,634: Total time for which application threads were stopped: 0,0001956 seconds, Stopping threads took: 0,0000201 seconds
2016-11-06T14:22:42.334+0100: 0,788: Total time for which application threads were stopped: 0,0001673 seconds, Stopping threads took: 0,0000143 seconds
2016-11-06T14:22:42.384+0100: 0,837: Total time for which application threads were stopped: 0,0001800 seconds, Stopping threads took: 0,0000196 seconds
2016-11-06T14:22:42.689+0100: 1,142: Total time for which application threads were stopped: 0,0001874 seconds, Stopping threads took: 0,0000255 seconds
2016-11-06T14:22:42.933+0100: 1,386: Total time for which application threads were stopped: 0,0001878 seconds, Stopping threads took: 0,0000116 seconds
2016-11-06T14:22:42.955+0100: 1,408: Total time for which application threads were stopped: 0,0001791 seconds, Stopping threads took: 0,0000178 seconds
2016-11-06T14:22:42.956+0100: 1,409: Total time for which application threads were stopped: 0,0001078 seconds, Stopping threads took: 0,0000193 seconds
2016-11-06T14:22:42.971+0100: 1,425: Total time for which application threads were stopped: 0,0001557 seconds, Stopping threads took: 0,0000107 seconds
2016-11-06T14:22:43.089+0100: 1,543: Total time for which application threads were stopped: 0,0002167 seconds, Stopping threads took: 0,0000183 seconds
2016-11-06T14:22:43.306+0100: 1,759: Total time for which application threads were stopped: 0,0003000 seconds, Stopping threads took: 0,0001105 seconds
{Heap before GC invocations=0 (full 0):
 par new generation   total 109248K, used 87424K [0x00000000e0000000, 0x00000000e8000000, 0x00000000e8000000)
  eden space 87424K, 100% used [0x00000000e0000000, 0x00000000e5560000, 0x00000000e5560000)
  from space 21824K,   0% used [0x00000000e5560000, 0x00000000e5560000, 0x00000000e6ab0000)
  to   space 21824K,   0% used [0x00000000e6ab0000, 0x00000000e6ab0000, 0x00000000e8000000)
 concurrent mark-sweep generation total 393216K, used 0K [0x00000000e8000000, 0x0000000100000000, 0x0000000100000000)
 Metaspace       used 17946K, capacity 18270K, committed 18560K, reserved 1064960K
  class space    used 2031K, capacity 2130K, committed 2176K, reserved 1048576K
2016-11-06T14:22:43.457+0100: 1,910: [GC (Allocation Failure) 2016-11-06T14:22:43.457+0100: 1,910: [ParNew
Desired survivor size 20112992 bytes, new threshold 8 (max 8)
- age   1:   12221536 bytes,   12221536 total
: 87424K->12060K(109248K), 0,0183815 secs] 87424K->12060K(502464K), 0,0184972 secs] [Times: user=0,04 sys=0,03, real=0,02 secs] 
Heap after GC invocations=1 (full 0):
 par new generation   total 109248K, used 12060K [0x00000000e0000000, 0x00000000e8000000, 0x00000000e8000000)
  eden space 87424K,   0% used [0x00000000e0000000, 0x00000000e0000000, 0x00000000e5560000)
  from space 21824K,  55% used [0x00000000e6ab0000, 0x00000000e7677000, 0x00000000e8000000)
  to   space 21824K,   0% used [0x00000000e5560000, 0x00000000e5560000, 0x00000000e6ab0000)
 concurrent mark-sweep generation total 393216K, used 0K [0x00000000e8000000, 0x0000000100000000, 0x0000000100000000)
 Metaspace       used 17946K, capacity 18270K, committed 18560K, reserved 1064960K
  class space    used 2031K, capacity 2130K, committed 2176K, reserved 1048576K
}
2016-11-06T14:22:43.475+0100: 1,929: Total time for which application threads were stopped: 0,0187062 seconds, Stopping threads took: 0,0000130 seconds
2016-11-06T14:22:43.751+0100: 2,204: Total time for which application threads were stopped: 0,0003848 seconds, Stopping threads took: 0,0001060 seconds
2016-11-06T14:22:43.781+0100: 2,235: Total time for which application threads were stopped: 0,0004168 seconds, Stopping threads took: 0,0000854 seconds
2016-11-06T14:22:43.807+0100: 2,260: Total time for which application threads were stopped: 0,0003235 seconds, Stopping threads took: 0,0000526 seconds
{Heap before GC invocations=1 (full 0):
 par new generation   total 109248K, used 99484K [0x00000000e0000000, 0x00000000e8000000, 0x00000000e8000000)
  eden space 87424K, 100% used [0x00000000e0000000, 0x00000000e5560000, 0x00000000e5560000)
  from space 21824K,  55% used [0x00000000e6ab0000, 0x00000000e7677000, 0x00000000e8000000)
  to   space 21824K,   0% used [0x00000000e5560000, 0x00000000e5560000, 0x00000000e6ab0000)
 concurrent mark-sweep generation total 393216K, used 0K [0x00000000e8000000, 0x0000000100000000, 0x0000000100000000)
 Metaspace       used 20403K, capacity 20716K, committed 20992K, reserved 1067008K
  class space    used 2354K, capacity 2483K, committed 2560K, reserved 1048576K
2016-11-06T14:22:43.890+0100: 2,343: [GC (Allocation Failure) 2016-11-06T14:22:43.890+0100: 2,343: [ParNew
Desired survivor size 20112992 bytes, new threshold 8 (max 8)
- age   1:    4623352 bytes,    4623352 total
- age   2:    6275072 bytes,   10898424 total
: 99484K->13207K(109248K), 0,0112268 secs] 99484K->13207K(502464K), 0,0112984 secs] [Times: user=0,03 sys=0,01, real=0,01 secs] 
Heap after GC invocations=2 (full 0):
 par new generation   total 109248K, used 13207K [0x00000000e0000000, 0x00000000e8000000, 0x00000000e8000000)
  eden space 87424K,   0% used [0x00000000e0000000, 0x00000000e0000000, 0x00000000e5560000)
  from space 21824K,  60% used [0x00000000e5560000, 0x00000000e6245c58, 0x00000000e6ab0000)
  to   space 21824K,   0% used [0x00000000e6ab0000, 0x00000000e6ab0000, 0x00000000e8000000)
 concurrent mark-sweep generation total 393216K, used 0K [0x00000000e8000000, 0x0000000100000000, 0x0000000100000000)
 Metaspace       used 20403K, capacity 20716K, committed 20992K, reserved 1067008K
  class space    used 2354K, capacity 2483K, committed 2560K, reserved 1048576K
}
2016-11-06T14:22:43.901+0100: 2,355: Total time for which application threads were stopped: 0,0115420 seconds, Stopping threads took: 0,0000911 seconds
{Heap before GC invocations=2 (full 0):
 par new generation   total 109248K, used 100631K [0x00000000e0000000, 0x00000000e8000000, 0x00000000e8000000)
  eden space 87424K, 100% used [0x00000000e0000000, 0x00000000e5560000, 0x00000000e5560000)
  from space 21824K,  60% used [0x00000000e5560000, 0x00000000e6245c58, 0x00000000e6ab0000)
  to   space 21824K,   0% used [0x00000000e6ab0000, 0x00000000e6ab0000, 0x00000000e8000000)
 concurrent mark-sweep generation total 393216K, used 0K [0x00000000e8000000, 0x0000000100000000, 0x0000000100000000)
 Metaspace       used 20865K, capacity 21200K, committed 21296K, reserved 1069056K
  class space    used 2410K, capacity 2527K, committed 2560K, reserved 1048576K
2016-11-06T14:22:44.038+0100: 2,491: [GC (Allocation Failure) 2016-11-06T14:22:44.038+0100: 2,491: [ParNew
Desired survivor size 20112992 bytes, new threshold 8 (max 8)
- age   1:     876432 bytes,     876432 total
- age   2:    1596968 bytes,    2473400 total
- age   3:    6272168 bytes,    8745568 total
: 100631K->14803K(109248K), 0,0126278 secs] 100631K->14803K(502464K), 0,0127018 secs] [Times: user=0,05 sys=0,00, real=0,01 secs] 
Heap after GC invocations=3 (full 0):
 par new generation   total 109248K, used 14803K [0x00000000e0000000, 0x00000000e8000000, 0x00000000e8000000)
  eden space 87424K,   0% used [0x00000000e0000000, 0x00000000e0000000, 0x00000000e5560000)
  from space 21824K,  67% used [0x00000000e6ab0000, 0x00000000e7924e00, 0x00000000e8000000)
  to   space 21824K,   0% used [0x00000000e5560000, 0x00000000e5560000, 0x00000000e6ab0000)
 concurrent mark-sweep generation total 393216K, used 0K [0x00000000e8000000, 0x0000000100000000, 0x0000000100000000)
 Metaspace       used 20865K, capacity 21200K, committed 21296K, reserved 1069056K
  class space    used 2410K, capacity 2527K, committed 2560K, reserved 1048576K
}
2016-11-06T14:22:44.050+0100: 2,504: Total time for which application threads were stopped: 0,0129294 seconds, Stopping threads took: 0,0000688 seconds
2016-11-06T14:22:44.085+0100: 2,538: Total time for which application threads were stopped: 0,0001539 seconds, Stopping threads took: 0,0000607 seconds
2016-11-06T14:22:44.150+0100: 2,603: Total time for which application threads were stopped: 0,0001078 seconds, Stopping threads took: 0,0000253 seconds
2016-11-06T14:22:44.157+0100: 2,610: Total time for which application threads were stopped: 0,0002749 seconds, Stopping threads took: 0,0000140 seconds
2016-11-06T14:22:44.180+0100: 2,633: Total time for which application threads were stopped: 0,0000954 seconds, Stopping threads took: 0,0000223 seconds
2016-11-06T14:22:44.232+0100: 2,685: Total time for which application threads were stopped: 0,0002799 seconds, Stopping threads took: 0,0001956 seconds
2016-11-06T14:22:44.251+0100: 2,704: Total time for which application threads were stopped: 0,0002559 seconds, Stopping threads took: 0,0001728 seconds
2016-11-06T14:22:44.276+0100: 2,729: Total time for which application threads were stopped: 0,0003514 seconds, Stopping threads took: 0,0000410 seconds
2016-11-06T14:22:44.288+0100: 2,741: Total time for which application threads were stopped: 0,0003225 seconds, Stopping threads took: 0,0000215 seconds
2016-11-06T14:22:44.288+0100: 2,741: Total time for which application threads were stopped: 0,0000723 seconds, Stopping threads took: 0,0000158 seconds
{Heap before GC invocations=3 (full 0):
 par new generation   total 109248K, used 102227K [0x00000000e0000000, 0x00000000e8000000, 0x00000000e8000000)
  eden space 87424K, 100% used [0x00000000e0000000, 0x00000000e5560000, 0x00000000e5560000)
  from space 21824K,  67% used [0x00000000e6ab0000, 0x00000000e7924e00, 0x00000000e8000000)
  to   space 21824K,   0% used [0x00000000e5560000, 0x00000000e5560000, 0x00000000e6ab0000)
 concurrent mark-sweep generation total 393216K, used 0K [0x00000000e8000000, 0x0000000100000000, 0x0000000100000000)
 Metaspace       used 22707K, capacity 23080K, committed 23288K, reserved 1069056K
  class space    used 2627K, capacity 2771K, committed 2840K, reserved 1048576K
2016-11-06T14:22:44.302+0100: 2,756: [GC (Allocation Failure) 2016-11-06T14:22:44.302+0100: 2,756: [ParNew
Desired survivor size 20112992 bytes, new threshold 8 (max 8)
- age   1:    2437544 bytes,    2437544 total
- age   2:     180312 bytes,    2617856 total
- age   3:     787816 bytes,    3405672 total
- age   4:    6268320 bytes,    9673992 total
: 102227K->11505K(109248K), 0,0117637 secs] 102227K->11505K(502464K), 0,0118322 secs] [Times: user=0,04 sys=0,00, real=0,01 secs] 
Heap after GC invocations=4 (full 0):
 par new generation   total 109248K, used 11505K [0x00000000e0000000, 0x00000000e8000000, 0x00000000e8000000)
  eden space 87424K,   0% used [0x00000000e0000000, 0x00000000e0000000, 0x00000000e5560000)
  from space 21824K,  52% used [0x00000000e5560000, 0x00000000e609c7c0, 0x00000000e6ab0000)
  to   space 21824K,   0% used [0x00000000e6ab0000, 0x00000000e6ab0000, 0x00000000e8000000)
 concurrent mark-sweep generation total 393216K, used 0K [0x00000000e8000000, 0x0000000100000000, 0x0000000100000000)
 Metaspace       used 22707K, capacity 23080K, committed 23288K, reserved 1069056K
  class space    used 2627K, capacity 2771K, committed 2840K, reserved 1048576K
}
2016-11-06T14:22:44.314+0100: 2,768: Total time for which application threads were stopped: 0,0121953 seconds, Stopping threads took: 0,0002059 seconds
2016-11-06T14:22:44.314+0100: 2,768: [GC (CMS Initial Mark) [1 CMS-initial-mark: 0K(393216K)] 11506K(502464K), 0,0027334 secs] [Times: user=0,01 sys=0,00, real=0,01 secs] 
2016-11-06T14:22:44.317+0100: 2,770: Total time for which application threads were stopped: 0,0028563 seconds, Stopping threads took: 0,0000291 seconds
2016-11-06T14:22:44.317+0100: 2,771: [CMS-concurrent-mark-start]
2016-11-06T14:22:44.318+0100: 2,772: [CMS-concurrent-mark: 0,001/0,001 secs] [Times: user=0,00 sys=0,00, real=0,00 secs] 
2016-11-06T14:22:44.318+0100: 2,772: [CMS-concurrent-preclean-start]
2016-11-06T14:22:44.320+0100: 2,773: [CMS-concurrent-preclean: 0,001/0,001 secs] [Times: user=0,01 sys=0,00, real=0,00 secs] 
2016-11-06T14:22:44.320+0100: 2,773: [GC (CMS Final Remark) [YG occupancy: 12381 K (109248 K)]{Heap before GC invocations=4 (full 1):
 par new generation   total 109248K, used 12381K [0x00000000e0000000, 0x00000000e8000000, 0x00000000e8000000)
  eden space 87424K,   1% used [0x00000000e0000000, 0x00000000e00db020, 0x00000000e5560000)
  from space 21824K,  52% used [0x00000000e5560000, 0x00000000e609c7c0, 0x00000000e6ab0000)
  to   space 21824K,   0% used [0x00000000e6ab0000, 0x00000000e6ab0000, 0x00000000e8000000)
 concurrent mark-sweep generation total 393216K, used 0K [0x00000000e8000000, 0x0000000100000000, 0x0000000100000000)
 Metaspace       used 22723K, capacity 23080K, committed 23288K, reserved 1069056K
  class space    used 2629K, capacity 2771K, committed 2840K, reserved 1048576K
2016-11-06T14:22:44.320+0100: 2,773: [GC (CMS Final Remark) 2016-11-06T14:22:44.320+0100: 2,773: [ParNew
Desired survivor size 20112992 bytes, new threshold 8 (max 8)
- age   1:      13880 bytes,      13880 total
- age   2:    2432128 bytes,    2446008 total
- age   3:     180312 bytes,    2626320 total
- age   4:     787816 bytes,    3414136 total
- age   5:    6268168 bytes,    9682304 total
: 12381K->14412K(109248K), 0,0120800 secs] 12381K->14412K(502464K), 0,0121214 secs] [Times: user=0,04 sys=0,00, real=0,01 secs] 
Heap after GC invocations=5 (full 1):
 par new generation   total 109248K, used 14412K [0x00000000e0000000, 0x00000000e8000000, 0x00000000e8000000)
  eden space 87424K,   0% used [0x00000000e0000000, 0x00000000e0000000, 0x00000000e5560000)
  from space 21824K,  66% used [0x00000000e6ab0000, 0x00000000e78c33c8, 0x00000000e8000000)
  to   space 21824K,   0% used [0x00000000e5560000, 0x00000000e5560000, 0x00000000e6ab0000)
 concurrent mark-sweep generation total 393216K, used 0K [0x00000000e8000000, 0x0000000100000000, 0x0000000100000000)
 Metaspace       used 22723K, capacity 23080K, committed 23288K, reserved 1069056K
  class space    used 2629K, capacity 2771K, committed 2840K, reserved 1048576K
}
2016-11-06T14:22:44.332+0100: 2,785: [Rescan (parallel) , 0,0032578 secs]2016-11-06T14:22:44.335+0100: 2,789: [weak refs processing, 0,0009612 secs]2016-11-06T14:22:44.336+0100: 2,789: [class unloading, 0,0030660 secs]2016-11-06T14:22:44.339+0100: 2,793: [scrub symbol table, 0,0026709 secs]2016-11-06T14:22:44.342+0100: 2,795: [scrub string table, 0,0003673 secs][1 CMS-remark: 0K(393216K)] 14412K(502464K), 0,0231546 secs] [Times: user=0,06 sys=0,00, real=0,02 secs] 
2016-11-06T14:22:44.343+0100: 2,796: Total time for which application threads were stopped: 0,0232983 seconds, Stopping threads took: 0,0000451 seconds
2016-11-06T14:22:44.343+0100: 2,796: [CMS-concurrent-sweep-start]
2016-11-06T14:22:44.343+0100: 2,796: [CMS-concurrent-sweep: 0,000/0,000 secs] [Times: user=0,00 sys=0,00, real=0,00 secs] 
2016-11-06T14:22:44.343+0100: 2,796: [CMS-concurrent-reset-start]
2016-11-06T14:22:44.345+0100: 2,798: [CMS-concurrent-reset: 0,002/0,002 secs] [Times: user=0,01 sys=0,00, real=0,00 secs] 
2016-11-06T14:22:44.672+0100: 3,125: Total time for which application threads were stopped: 0,0005195 seconds, Stopping threads took: 0,0000572 seconds
2016-11-06T14:22:45.599+0100: 4,052: Total time for which application threads were stopped: 0,0003128 seconds, Stopping threads took: 0,0000164 seconds
2016-11-06T14:23:13.602+0100: 32,055: Total time for which application threads were stopped: 0,0000754 seconds, Stopping threads took: 0,0000196 seconds
2016-11-06T14:25:18.617+0100: 157,070: Total time for which application threads were stopped: 0,0002564 seconds, Stopping threads took: 0,0001363 seconds
2016-11-06T14:25:42.619+0100: 181,072: Total time for which application threads were stopped: 0,0000948 seconds, Stopping threads took: 0,0000217 seconds
2016-11-06T14:26:23.624+0100: 222,077: Total time for which application threads were stopped: 0,0000863 seconds, Stopping threads took: 0,0000352 seconds
2016-11-06T14:27:12.629+0100: 271,082: Total time for which application threads were stopped: 0,0000801 seconds, Stopping threads took: 0,0000333 seconds
2016-11-06T14:27:28.631+0100: 287,084: Total time for which application threads were stopped: 0,0000802 seconds, Stopping threads took: 0,0000324 seconds
2016-11-06T14:46:17.766+0100: 1416,219: Total time for which application threads were stopped: 0,0000797 seconds, Stopping threads took: 0,0000279 seconds
2016-11-06T14:50:32.795+0100: 1671,248: Total time for which application threads were stopped: 0,0001061 seconds, Stopping threads took: 0,0000364 seconds
2016-11-06T15:01:17.870+0100: 2316,324: Total time for which application threads were stopped: 0,0000835 seconds, Stopping threads took: 0,0000363 seconds
2016-11-06T15:01:18.871+0100: 2317,324: Total time for which application threads were stopped: 0,0004155 seconds, Stopping threads took: 0,0001616 seconds
2016-11-06T15:15:58.974+0100: 3197,427: Total time for which application threads were stopped: 0,0000826 seconds, Stopping threads took: 0,0000329 seconds
2016-11-06T15:25:08.039+0100: 3746,493: Total time for which application threads were stopped: 0,0000720 seconds, Stopping threads took: 0,0000270 seconds
2016-11-06T15:25:13.040+0100: 3751,493: Total time for which application threads were stopped: 0,0001029 seconds, Stopping threads took: 0,0000226 seconds
2016-11-06T15:26:13.047+0100: 3811,500: Total time for which application threads were stopped: 0,0001611 seconds, Stopping threads took: 0,0000611 seconds
2016-11-06T15:27:38.057+0100: 3896,510: Total time for which application threads were stopped: 0,0000945 seconds, Stopping threads took: 0,0000374 seconds
2016-11-06T15:27:47.062+0100: 3905,515: Total time for which application threads were stopped: 0,0001607 seconds, Stopping threads took: 0,0000309 seconds
Heap
 par new generation   total 109248K, used 92575K [0x00000000e0000000, 0x00000000e8000000, 0x00000000e8000000)
  eden space 87424K,  89% used [0x00000000e0000000, 0x00000000e4c54b40, 0x00000000e5560000)
  from space 21824K,  66% used [0x00000000e6ab0000, 0x00000000e78c33c8, 0x00000000e8000000)
  to   space 21824K,   0% used [0x00000000e5560000, 0x00000000e5560000, 0x00000000e6ab0000)
 concurrent mark-sweep generation total 393216K, used 0K [0x00000000e8000000, 0x0000000100000000, 0x0000000100000000)
 Metaspace       used 27262K, capacity 27714K, committed 27896K, reserved 1073152K
  class space    used 3166K, capacity 3330K, committed 3352K, reserved 1048576K
