OpenJDK 64-Bit Server VM (25.111-b14) for linux-amd64 JRE (1.8.0_111-8u111-b14-2ubuntu0.16.04.2-b14), built on Oct 27 2016 18:10:19 by "buildd" with gcc 5.4.0 20160609
Memory: 4k page, physical 7867840k(7447432k free), swap 8076284k(8076284k free)
CommandLine flags: -XX:CMSInitiatingOccupancyFraction=50 -XX:CMSMaxAbortablePrecleanTime=6000 -XX:+CMSParallelRemarkEnabled -XX:+CMSScavengeBeforeRemark -XX:ConcGCThreads=4 -XX:InitialHeapSize=536870912 -XX:MaxHeapSize=536870912 -XX:MaxTenuringThreshold=8 -XX:NewRatio=3 -XX:OldPLABSize=16 -XX:OnOutOfMemoryError=/opt/solr/bin/oom_solr.sh 8983 /var/solr/logs -XX:ParallelGCThreads=4 -XX:+ParallelRefProcEnabled -XX:PretenureSizeThreshold=67108864 -XX:+PrintGC -XX:+PrintGCApplicationStoppedTime -XX:+PrintGCDateStamps -XX:+PrintGCDetails -XX:+PrintGCTimeStamps -XX:+PrintHeapAtGC -XX:+PrintTenuringDistribution -XX:SurvivorRatio=4 -XX:TargetSurvivorRatio=90 -XX:ThreadStackSize=256 -XX:+UseCMSInitiatingOccupancyOnly -XX:+UseCompressedClassPointers -XX:+UseCompressedOops -XX:+UseConcMarkSweepGC -XX:+UseParNewGC 
2016-12-05T13:52:28.628+0100: 0,110: Total time for which application threads were stopped: 0,0000605 seconds, Stopping threads took: 0,0000122 seconds
2016-12-05T13:52:28.706+0100: 0,187: Total time for which application threads were stopped: 0,0000904 seconds, Stopping threads took: 0,0000141 seconds
2016-12-05T13:52:28.718+0100: 0,200: Total time for which application threads were stopped: 0,0000754 seconds, Stopping threads took: 0,0000091 seconds
2016-12-05T13:52:28.851+0100: 0,333: Total time for which application threads were stopped: 0,0001160 seconds, Stopping threads took: 0,0000196 seconds
2016-12-05T13:52:29.006+0100: 0,488: Total time for which application threads were stopped: 0,0001144 seconds, Stopping threads took: 0,0000115 seconds
2016-12-05T13:52:29.067+0100: 0,549: Total time for which application threads were stopped: 0,0002367 seconds, Stopping threads took: 0,0000317 seconds
2016-12-05T13:52:29.093+0100: 0,574: Total time for which application threads were stopped: 0,0002051 seconds, Stopping threads took: 0,0000511 seconds
2016-12-05T13:52:29.328+0100: 0,809: Total time for which application threads were stopped: 0,0001712 seconds, Stopping threads took: 0,0000126 seconds
2016-12-05T13:52:29.484+0100: 0,966: Total time for which application threads were stopped: 0,0001986 seconds, Stopping threads took: 0,0000127 seconds
2016-12-05T13:52:29.505+0100: 0,986: Total time for which application threads were stopped: 0,0001934 seconds, Stopping threads took: 0,0000158 seconds
2016-12-05T13:52:29.506+0100: 0,988: Total time for which application threads were stopped: 0,0001779 seconds, Stopping threads took: 0,0000159 seconds
2016-12-05T13:52:29.518+0100: 0,999: Total time for which application threads were stopped: 0,0001650 seconds, Stopping threads took: 0,0000160 seconds
2016-12-05T13:52:29.612+0100: 1,093: Total time for which application threads were stopped: 0,0002631 seconds, Stopping threads took: 0,0000354 seconds
2016-12-05T13:52:30.154+0100: 1,636: Total time for which application threads were stopped: 0,0003133 seconds, Stopping threads took: 0,0000428 seconds
{Heap before GC invocations=0 (full 0):
 par new generation   total 109248K, used 87424K [0x00000000e0000000, 0x00000000e8000000, 0x00000000e8000000)
  eden space 87424K, 100% used [0x00000000e0000000, 0x00000000e5560000, 0x00000000e5560000)
  from space 21824K,   0% used [0x00000000e5560000, 0x00000000e5560000, 0x00000000e6ab0000)
  to   space 21824K,   0% used [0x00000000e6ab0000, 0x00000000e6ab0000, 0x00000000e8000000)
 concurrent mark-sweep generation total 393216K, used 0K [0x00000000e8000000, 0x0000000100000000, 0x0000000100000000)
 Metaspace       used 17594K, capacity 17886K, committed 18048K, reserved 1064960K
  class space    used 2005K, capacity 2130K, committed 2176K, reserved 1048576K
2016-12-05T13:52:30.334+0100: 1,815: [GC (Allocation Failure) 2016-12-05T13:52:30.334+0100: 1,815: [ParNew
Desired survivor size 20112992 bytes, new threshold 8 (max 8)
- age   1:   11445056 bytes,   11445056 total
: 87424K->11272K(109248K), 0,0583816 secs] 87424K->11272K(502464K), 0,0584796 secs] [Times: user=0,06 sys=0,00, real=0,06 secs] 
Heap after GC invocations=1 (full 0):
 par new generation   total 109248K, used 11272K [0x00000000e0000000, 0x00000000e8000000, 0x00000000e8000000)
  eden space 87424K,   0% used [0x00000000e0000000, 0x00000000e0000000, 0x00000000e5560000)
  from space 21824K,  51% used [0x00000000e6ab0000, 0x00000000e75b20d8, 0x00000000e8000000)
  to   space 21824K,   0% used [0x00000000e5560000, 0x00000000e5560000, 0x00000000e6ab0000)
 concurrent mark-sweep generation total 393216K, used 0K [0x00000000e8000000, 0x0000000100000000, 0x0000000100000000)
 Metaspace       used 17594K, capacity 17886K, committed 18048K, reserved 1064960K
  class space    used 2005K, capacity 2130K, committed 2176K, reserved 1048576K
}
2016-12-05T13:52:30.392+0100: 1,874: Total time for which application threads were stopped: 0,0587276 seconds, Stopping threads took: 0,0000328 seconds
2016-12-05T13:52:31.016+0100: 2,497: Total time for which application threads were stopped: 0,0003535 seconds, Stopping threads took: 0,0000382 seconds
2016-12-05T13:52:31.061+0100: 2,542: Total time for which application threads were stopped: 0,0002754 seconds, Stopping threads took: 0,0000285 seconds
2016-12-05T13:52:31.096+0100: 2,577: Total time for which application threads were stopped: 0,0002662 seconds, Stopping threads took: 0,0000277 seconds
{Heap before GC invocations=1 (full 0):
 par new generation   total 109248K, used 98696K [0x00000000e0000000, 0x00000000e8000000, 0x00000000e8000000)
  eden space 87424K, 100% used [0x00000000e0000000, 0x00000000e5560000, 0x00000000e5560000)
  from space 21824K,  51% used [0x00000000e6ab0000, 0x00000000e75b20d8, 0x00000000e8000000)
  to   space 21824K,   0% used [0x00000000e5560000, 0x00000000e5560000, 0x00000000e6ab0000)
 concurrent mark-sweep generation total 393216K, used 0K [0x00000000e8000000, 0x0000000100000000, 0x0000000100000000)
 Metaspace       used 20693K, capacity 21010K, committed 21248K, reserved 1069056K
  class space    used 2402K, capacity 2516K, committed 2560K, reserved 1048576K
2016-12-05T13:52:31.324+0100: 2,806: [GC (Allocation Failure) 2016-12-05T13:52:31.324+0100: 2,806: [ParNew
Desired survivor size 20112992 bytes, new threshold 8 (max 8)
- age   1:    3753464 bytes,    3753464 total
- age   2:    5928872 bytes,    9682336 total
: 98696K->14193K(109248K), 0,0202789 secs] 98696K->14193K(502464K), 0,0203679 secs] [Times: user=0,06 sys=0,00, real=0,02 secs] 
Heap after GC invocations=2 (full 0):
 par new generation   total 109248K, used 14193K [0x00000000e0000000, 0x00000000e8000000, 0x00000000e8000000)
  eden space 87424K,   0% used [0x00000000e0000000, 0x00000000e0000000, 0x00000000e5560000)
  from space 21824K,  65% used [0x00000000e5560000, 0x00000000e633c540, 0x00000000e6ab0000)
  to   space 21824K,   0% used [0x00000000e6ab0000, 0x00000000e6ab0000, 0x00000000e8000000)
 concurrent mark-sweep generation total 393216K, used 0K [0x00000000e8000000, 0x0000000100000000, 0x0000000100000000)
 Metaspace       used 20693K, capacity 21010K, committed 21248K, reserved 1069056K
  class space    used 2402K, capacity 2516K, committed 2560K, reserved 1048576K
}
2016-12-05T13:52:31.345+0100: 2,826: Total time for which application threads were stopped: 0,0206495 seconds, Stopping threads took: 0,0001012 seconds
2016-12-05T13:52:31.448+0100: 2,929: Total time for which application threads were stopped: 0,0000768 seconds, Stopping threads took: 0,0000131 seconds
2016-12-05T13:52:31.483+0100: 2,965: Total time for which application threads were stopped: 0,0002681 seconds, Stopping threads took: 0,0000160 seconds
2016-12-05T13:52:31.488+0100: 2,969: Total time for which application threads were stopped: 0,0001053 seconds, Stopping threads took: 0,0000430 seconds
2016-12-05T13:52:31.511+0100: 2,993: Total time for which application threads were stopped: 0,0000962 seconds, Stopping threads took: 0,0000190 seconds
2016-12-05T13:52:31.596+0100: 3,078: Total time for which application threads were stopped: 0,0001845 seconds, Stopping threads took: 0,0000886 seconds
2016-12-05T13:52:31.614+0100: 3,095: Total time for which application threads were stopped: 0,0001102 seconds, Stopping threads took: 0,0000435 seconds
2016-12-05T13:52:31.622+0100: 3,104: Total time for which application threads were stopped: 0,0002971 seconds, Stopping threads took: 0,0000193 seconds
2016-12-05T13:52:31.630+0100: 3,111: Total time for which application threads were stopped: 0,0003012 seconds, Stopping threads took: 0,0000234 seconds
2016-12-05T13:52:31.637+0100: 3,118: Total time for which application threads were stopped: 0,0001206 seconds, Stopping threads took: 0,0000426 seconds
2016-12-05T13:52:31.670+0100: 3,152: Total time for which application threads were stopped: 0,0000764 seconds, Stopping threads took: 0,0000172 seconds
2016-12-05T13:52:31.682+0100: 3,164: Total time for which application threads were stopped: 0,0000762 seconds, Stopping threads took: 0,0000148 seconds
2016-12-05T13:52:31.702+0100: 3,184: Total time for which application threads were stopped: 0,0000879 seconds, Stopping threads took: 0,0000236 seconds
2016-12-05T13:52:31.722+0100: 3,203: Total time for which application threads were stopped: 0,0001264 seconds, Stopping threads took: 0,0000523 seconds
2016-12-05T13:52:31.757+0100: 3,238: Total time for which application threads were stopped: 0,0001479 seconds, Stopping threads took: 0,0000278 seconds
2016-12-05T13:52:31.814+0100: 3,295: Total time for which application threads were stopped: 0,0001210 seconds, Stopping threads took: 0,0000278 seconds
{Heap before GC invocations=2 (full 0):
 par new generation   total 109248K, used 101617K [0x00000000e0000000, 0x00000000e8000000, 0x00000000e8000000)
  eden space 87424K, 100% used [0x00000000e0000000, 0x00000000e5560000, 0x00000000e5560000)
  from space 21824K,  65% used [0x00000000e5560000, 0x00000000e633c540, 0x00000000e6ab0000)
  to   space 21824K,   0% used [0x00000000e6ab0000, 0x00000000e6ab0000, 0x00000000e8000000)
 concurrent mark-sweep generation total 393216K, used 0K [0x00000000e8000000, 0x0000000100000000, 0x0000000100000000)
 Metaspace       used 24497K, capacity 24830K, committed 25204K, reserved 1071104K
  class space    used 2869K, capacity 3020K, committed 3092K, reserved 1048576K
2016-12-05T13:52:31.818+0100: 3,299: [GC (Allocation Failure) 2016-12-05T13:52:31.818+0100: 3,299: [ParNew
Desired survivor size 20112992 bytes, new threshold 8 (max 8)
- age   1:    4490472 bytes,    4490472 total
- age   2:     703056 bytes,    5193528 total
- age   3:    5921656 bytes,   11115184 total
: 101617K->14629K(109248K), 0,0103722 secs] 101617K->14629K(502464K), 0,0104657 secs] [Times: user=0,04 sys=0,00, real=0,01 secs] 
Heap after GC invocations=3 (full 0):
 par new generation   total 109248K, used 14629K [0x00000000e0000000, 0x00000000e8000000, 0x00000000e8000000)
  eden space 87424K,   0% used [0x00000000e0000000, 0x00000000e0000000, 0x00000000e5560000)
  from space 21824K,  67% used [0x00000000e6ab0000, 0x00000000e78f96a0, 0x00000000e8000000)
  to   space 21824K,   0% used [0x00000000e5560000, 0x00000000e5560000, 0x00000000e6ab0000)
 concurrent mark-sweep generation total 393216K, used 0K [0x00000000e8000000, 0x0000000100000000, 0x0000000100000000)
 Metaspace       used 24497K, capacity 24830K, committed 25204K, reserved 1071104K
  class space    used 2869K, capacity 3020K, committed 3092K, reserved 1048576K
}
2016-12-05T13:52:31.828+0100: 3,310: Total time for which application threads were stopped: 0,0106421 seconds, Stopping threads took: 0,0000257 seconds
2016-12-05T13:52:31.828+0100: 3,310: [GC (CMS Initial Mark) [1 CMS-initial-mark: 0K(393216K)] 16007K(502464K), 0,0034791 secs] [Times: user=0,01 sys=0,00, real=0,01 secs] 
2016-12-05T13:52:31.832+0100: 3,313: Total time for which application threads were stopped: 0,0036578 seconds, Stopping threads took: 0,0000649 seconds
2016-12-05T13:52:31.832+0100: 3,313: [CMS-concurrent-mark-start]
2016-12-05T13:52:31.833+0100: 3,315: [CMS-concurrent-mark: 0,001/0,001 secs] [Times: user=0,01 sys=0,00, real=0,00 secs] 
2016-12-05T13:52:31.833+0100: 3,315: [CMS-concurrent-preclean-start]
2016-12-05T13:52:31.835+0100: 3,316: [CMS-concurrent-preclean: 0,001/0,001 secs] [Times: user=0,00 sys=0,00, real=0,00 secs] 
2016-12-05T13:52:31.835+0100: 3,316: [GC (CMS Final Remark) [YG occupancy: 16007 K (109248 K)]{Heap before GC invocations=3 (full 1):
 par new generation   total 109248K, used 16007K [0x00000000e0000000, 0x00000000e8000000, 0x00000000e8000000)
  eden space 87424K,   1% used [0x00000000e0000000, 0x00000000e01588b8, 0x00000000e5560000)
  from space 21824K,  67% used [0x00000000e6ab0000, 0x00000000e78f96a0, 0x00000000e8000000)
  to   space 21824K,   0% used [0x00000000e5560000, 0x00000000e5560000, 0x00000000e6ab0000)
 concurrent mark-sweep generation total 393216K, used 0K [0x00000000e8000000, 0x0000000100000000, 0x0000000100000000)
 Metaspace       used 24531K, capacity 24894K, committed 25204K, reserved 1071104K
  class space    used 2870K, capacity 3020K, committed 3092K, reserved 1048576K
2016-12-05T13:52:31.835+0100: 3,316: [GC (CMS Final Remark) 2016-12-05T13:52:31.835+0100: 3,316: [ParNew
Desired survivor size 20112992 bytes, new threshold 8 (max 8)
- age   1:      41976 bytes,      41976 total
- age   2:    1205024 bytes,    1247000 total
- age   3:     703056 bytes,    1950056 total
- age   4:    5920992 bytes,    7871048 total
: 16007K->9450K(109248K), 0,0084655 secs] 16007K->9450K(502464K), 0,0085075 secs] [Times: user=0,04 sys=0,00, real=0,01 secs] 
Heap after GC invocations=4 (full 1):
 par new generation   total 109248K, used 9450K [0x00000000e0000000, 0x00000000e8000000, 0x00000000e8000000)
  eden space 87424K,   0% used [0x00000000e0000000, 0x00000000e0000000, 0x00000000e5560000)
  from space 21824K,  43% used [0x00000000e5560000, 0x00000000e5e9ab48, 0x00000000e6ab0000)
  to   space 21824K,   0% used [0x00000000e6ab0000, 0x00000000e6ab0000, 0x00000000e8000000)
 concurrent mark-sweep generation total 393216K, used 0K [0x00000000e8000000, 0x0000000100000000, 0x0000000100000000)
 Metaspace       used 24531K, capacity 24894K, committed 25204K, reserved 1071104K
  class space    used 2870K, capacity 3020K, committed 3092K, reserved 1048576K
}
2016-12-05T13:52:31.843+0100: 3,325: [Rescan (parallel) , 0,0027244 secs]2016-12-05T13:52:31.846+0100: 3,327: [weak refs processing, 0,0012730 secs]2016-12-05T13:52:31.847+0100: 3,329: [class unloading, 0,0030371 secs]2016-12-05T13:52:31.850+0100: 3,332: [scrub symbol table, 0,0040698 secs]2016-12-05T13:52:31.855+0100: 3,336: [scrub string table, 0,0004221 secs][1 CMS-remark: 0K(393216K)] 9450K(502464K), 0,0207323 secs] [Times: user=0,06 sys=0,00, real=0,02 secs] 
2016-12-05T13:52:31.856+0100: 3,337: Total time for which application threads were stopped: 0,0208513 seconds, Stopping threads took: 0,0000378 seconds
2016-12-05T13:52:31.856+0100: 3,337: [CMS-concurrent-sweep-start]
2016-12-05T13:52:31.856+0100: 3,337: [CMS-concurrent-sweep: 0,000/0,000 secs] [Times: user=0,00 sys=0,00, real=0,00 secs] 
2016-12-05T13:52:31.856+0100: 3,337: [CMS-concurrent-reset-start]
2016-12-05T13:52:31.858+0100: 3,340: [CMS-concurrent-reset: 0,003/0,003 secs] [Times: user=0,01 sys=0,00, real=0,00 secs] 
2016-12-05T13:52:32.566+0100: 4,047: Total time for which application threads were stopped: 0,0003896 seconds, Stopping threads took: 0,0000186 seconds
2016-12-05T13:52:59.569+0100: 31,050: Total time for which application threads were stopped: 0,0000583 seconds, Stopping threads took: 0,0000159 seconds
2016-12-05T13:53:37.252+0100: 68,733: Total time for which application threads were stopped: 0,0001303 seconds, Stopping threads took: 0,0000341 seconds
Heap
 par new generation   total 109248K, used 44617K [0x00000000e0000000, 0x00000000e8000000, 0x00000000e8000000)
  eden space 87424K,  40% used [0x00000000e0000000, 0x00000000e22579e0, 0x00000000e5560000)
  from space 21824K,  43% used [0x00000000e5560000, 0x00000000e5e9ab48, 0x00000000e6ab0000)
  to   space 21824K,   0% used [0x00000000e6ab0000, 0x00000000e6ab0000, 0x00000000e8000000)
 concurrent mark-sweep generation total 393216K, used 0K [0x00000000e8000000, 0x0000000100000000, 0x0000000100000000)
 Metaspace       used 27147K, capacity 27598K, committed 27924K, reserved 1073152K
  class space    used 3161K, capacity 3320K, committed 3348K, reserved 1048576K
