OpenJDK 64-Bit Server VM (25.121-b13) for linux-amd64 JRE (1.8.0_121-8u121-b13-0ubuntu1.16.04.2-b13), built on Jan 23 2017 15:51:29 by "buildd" with gcc 5.4.0 20160609
Memory: 4k page, physical 7867760k(7425452k free), swap 8076284k(8076284k free)
CommandLine flags: -XX:CMSInitiatingOccupancyFraction=50 -XX:CMSMaxAbortablePrecleanTime=6000 -XX:+CMSParallelRemarkEnabled -XX:+CMSScavengeBeforeRemark -XX:ConcGCThreads=4 -XX:InitialHeapSize=536870912 -XX:MaxHeapSize=536870912 -XX:MaxTenuringThreshold=8 -XX:NewRatio=3 -XX:OldPLABSize=16 -XX:OnOutOfMemoryError=/opt/solr/bin/oom_solr.sh 8983 /var/solr/logs -XX:ParallelGCThreads=4 -XX:+ParallelRefProcEnabled -XX:PretenureSizeThreshold=67108864 -XX:+PrintGC -XX:+PrintGCApplicationStoppedTime -XX:+PrintGCDateStamps -XX:+PrintGCDetails -XX:+PrintGCTimeStamps -XX:+PrintHeapAtGC -XX:+PrintTenuringDistribution -XX:SurvivorRatio=4 -XX:TargetSurvivorRatio=90 -XX:ThreadStackSize=256 -XX:+UseCMSInitiatingOccupancyOnly -XX:+UseCompressedClassPointers -XX:+UseCompressedOops -XX:+UseConcMarkSweepGC -XX:+UseParNewGC 
2017-03-09T22:24:37.672+0100: 0,162: Total time for which application threads were stopped: 0,0000737 seconds, Stopping threads took: 0,0000126 seconds
2017-03-09T22:24:37.787+0100: 0,277: Total time for which application threads were stopped: 0,0001284 seconds, Stopping threads took: 0,0000312 seconds
2017-03-09T22:24:37.805+0100: 0,294: Total time for which application threads were stopped: 0,0000934 seconds, Stopping threads took: 0,0000184 seconds
2017-03-09T22:24:38.093+0100: 0,582: Total time for which application threads were stopped: 0,0001799 seconds, Stopping threads took: 0,0000125 seconds
2017-03-09T22:24:38.510+0100: 1,000: Total time for which application threads were stopped: 0,0001682 seconds, Stopping threads took: 0,0000170 seconds
2017-03-09T22:24:38.623+0100: 1,112: Total time for which application threads were stopped: 0,0001653 seconds, Stopping threads took: 0,0000253 seconds
2017-03-09T22:24:38.662+0100: 1,151: Total time for which application threads were stopped: 0,0001639 seconds, Stopping threads took: 0,0000220 seconds
2017-03-09T22:24:38.942+0100: 1,431: Total time for which application threads were stopped: 0,0006187 seconds, Stopping threads took: 0,0000639 seconds
2017-03-09T22:24:39.188+0100: 1,677: Total time for which application threads were stopped: 0,0006286 seconds, Stopping threads took: 0,0000624 seconds
2017-03-09T22:24:39.216+0100: 1,705: Total time for which application threads were stopped: 0,0001666 seconds, Stopping threads took: 0,0000217 seconds
2017-03-09T22:24:39.254+0100: 1,743: Total time for which application threads were stopped: 0,0008499 seconds, Stopping threads took: 0,0000679 seconds
2017-03-09T22:24:39.257+0100: 1,746: Total time for which application threads were stopped: 0,0002160 seconds, Stopping threads took: 0,0000307 seconds
2017-03-09T22:24:39.277+0100: 1,767: Total time for which application threads were stopped: 0,0002234 seconds, Stopping threads took: 0,0000296 seconds
2017-03-09T22:24:39.358+0100: 1,847: Total time for which application threads were stopped: 0,0002211 seconds, Stopping threads took: 0,0000212 seconds
2017-03-09T22:24:39.529+0100: 2,018: Total time for which application threads were stopped: 0,0002573 seconds, Stopping threads took: 0,0000353 seconds
{Heap before GC invocations=0 (full 0):
 par new generation   total 109248K, used 87424K [0x00000000e0000000, 0x00000000e8000000, 0x00000000e8000000)
  eden space 87424K, 100% used [0x00000000e0000000, 0x00000000e5560000, 0x00000000e5560000)
  from space 21824K,   0% used [0x00000000e5560000, 0x00000000e5560000, 0x00000000e6ab0000)
  to   space 21824K,   0% used [0x00000000e6ab0000, 0x00000000e6ab0000, 0x00000000e8000000)
 concurrent mark-sweep generation total 393216K, used 0K [0x00000000e8000000, 0x0000000100000000, 0x0000000100000000)
 Metaspace       used 17449K, capacity 17824K, committed 18048K, reserved 1064960K
  class space    used 1985K, capacity 2132K, committed 2176K, reserved 1048576K
2017-03-09T22:24:39.531+0100: 2,021: [GC (Allocation Failure) 2017-03-09T22:24:39.531+0100: 2,021: [ParNew
Desired survivor size 20112992 bytes, new threshold 8 (max 8)
- age   1:   10996856 bytes,   10996856 total
: 87424K->10850K(109248K), 0,0141395 secs] 87424K->10850K(502464K), 0,0142154 secs] [Times: user=0,04 sys=0,00, real=0,01 secs] 
Heap after GC invocations=1 (full 0):
 par new generation   total 109248K, used 10850K [0x00000000e0000000, 0x00000000e8000000, 0x00000000e8000000)
  eden space 87424K,   0% used [0x00000000e0000000, 0x00000000e0000000, 0x00000000e5560000)
  from space 21824K,  49% used [0x00000000e6ab0000, 0x00000000e7548b18, 0x00000000e8000000)
  to   space 21824K,   0% used [0x00000000e5560000, 0x00000000e5560000, 0x00000000e6ab0000)
 concurrent mark-sweep generation total 393216K, used 0K [0x00000000e8000000, 0x0000000100000000, 0x0000000100000000)
 Metaspace       used 17449K, capacity 17824K, committed 18048K, reserved 1064960K
  class space    used 1985K, capacity 2132K, committed 2176K, reserved 1048576K
}
2017-03-09T22:24:39.546+0100: 2,035: Total time for which application threads were stopped: 0,0144113 seconds, Stopping threads took: 0,0000691 seconds
2017-03-09T22:24:39.939+0100: 2,429: Total time for which application threads were stopped: 0,0004608 seconds, Stopping threads took: 0,0000468 seconds
{Heap before GC invocations=1 (full 0):
 par new generation   total 109248K, used 98274K [0x00000000e0000000, 0x00000000e8000000, 0x00000000e8000000)
  eden space 87424K, 100% used [0x00000000e0000000, 0x00000000e5560000, 0x00000000e5560000)
  from space 21824K,  49% used [0x00000000e6ab0000, 0x00000000e7548b18, 0x00000000e8000000)
  to   space 21824K,   0% used [0x00000000e5560000, 0x00000000e5560000, 0x00000000e6ab0000)
 concurrent mark-sweep generation total 393216K, used 0K [0x00000000e8000000, 0x0000000100000000, 0x0000000100000000)
 Metaspace       used 20025K, capacity 20368K, committed 20736K, reserved 1067008K
  class space    used 2295K, capacity 2470K, committed 2560K, reserved 1048576K
2017-03-09T22:24:39.973+0100: 2,462: [GC (Allocation Failure) 2017-03-09T22:24:39.973+0100: 2,462: [ParNew
Desired survivor size 20112992 bytes, new threshold 8 (max 8)
- age   1:    4771912 bytes,    4771912 total
- age   2:    5649224 bytes,   10421136 total
: 98274K->14016K(109248K), 0,0149909 secs] 98274K->14016K(502464K), 0,0150891 secs] [Times: user=0,04 sys=0,02, real=0,01 secs] 
Heap after GC invocations=2 (full 0):
 par new generation   total 109248K, used 14016K [0x00000000e0000000, 0x00000000e8000000, 0x00000000e8000000)
  eden space 87424K,   0% used [0x00000000e0000000, 0x00000000e0000000, 0x00000000e5560000)
  from space 21824K,  64% used [0x00000000e5560000, 0x00000000e6310300, 0x00000000e6ab0000)
  to   space 21824K,   0% used [0x00000000e6ab0000, 0x00000000e6ab0000, 0x00000000e8000000)
 concurrent mark-sweep generation total 393216K, used 0K [0x00000000e8000000, 0x0000000100000000, 0x0000000100000000)
 Metaspace       used 20025K, capacity 20368K, committed 20736K, reserved 1067008K
  class space    used 2295K, capacity 2470K, committed 2560K, reserved 1048576K
}
2017-03-09T22:24:39.988+0100: 2,478: Total time for which application threads were stopped: 0,0153146 seconds, Stopping threads took: 0,0000478 seconds
2017-03-09T22:24:40.007+0100: 2,497: Total time for which application threads were stopped: 0,0003715 seconds, Stopping threads took: 0,0000319 seconds
2017-03-09T22:24:40.050+0100: 2,540: Total time for which application threads were stopped: 0,0026007 seconds, Stopping threads took: 0,0022763 seconds
2017-03-09T22:24:40.188+0100: 2,678: Total time for which application threads were stopped: 0,0002501 seconds, Stopping threads took: 0,0000891 seconds
{Heap before GC invocations=2 (full 0):
 par new generation   total 109248K, used 101440K [0x00000000e0000000, 0x00000000e8000000, 0x00000000e8000000)
  eden space 87424K, 100% used [0x00000000e0000000, 0x00000000e5560000, 0x00000000e5560000)
  from space 21824K,  64% used [0x00000000e5560000, 0x00000000e6310300, 0x00000000e6ab0000)
  to   space 21824K,   0% used [0x00000000e6ab0000, 0x00000000e6ab0000, 0x00000000e8000000)
 concurrent mark-sweep generation total 393216K, used 0K [0x00000000e8000000, 0x0000000100000000, 0x0000000100000000)
 Metaspace       used 20942K, capacity 21294K, committed 21552K, reserved 1069056K
  class space    used 2418K, capacity 2590K, committed 2608K, reserved 1048576K
2017-03-09T22:24:40.206+0100: 2,695: [GC (Allocation Failure) 2017-03-09T22:24:40.206+0100: 2,695: [ParNew
Desired survivor size 20112992 bytes, new threshold 8 (max 8)
- age   1:    2246728 bytes,    2246728 total
- age   2:    1806768 bytes,    4053496 total
- age   3:    5645840 bytes,    9699336 total
: 101440K->12528K(109248K), 0,0096042 secs] 101440K->12528K(502464K), 0,0096822 secs] [Times: user=0,03 sys=0,00, real=0,01 secs] 
Heap after GC invocations=3 (full 0):
 par new generation   total 109248K, used 12528K [0x00000000e0000000, 0x00000000e8000000, 0x00000000e8000000)
  eden space 87424K,   0% used [0x00000000e0000000, 0x00000000e0000000, 0x00000000e5560000)
  from space 21824K,  57% used [0x00000000e6ab0000, 0x00000000e76ec0d8, 0x00000000e8000000)
  to   space 21824K,   0% used [0x00000000e5560000, 0x00000000e5560000, 0x00000000e6ab0000)
 concurrent mark-sweep generation total 393216K, used 0K [0x00000000e8000000, 0x0000000100000000, 0x0000000100000000)
 Metaspace       used 20942K, capacity 21294K, committed 21552K, reserved 1069056K
  class space    used 2418K, capacity 2590K, committed 2608K, reserved 1048576K
}
2017-03-09T22:24:40.216+0100: 2,705: Total time for which application threads were stopped: 0,0146506 seconds, Stopping threads took: 0,0048225 seconds
2017-03-09T22:24:40.218+0100: 2,707: [GC (CMS Initial Mark) [1 CMS-initial-mark: 0K(393216K)] 14708K(502464K), 0,0037441 secs] [Times: user=0,01 sys=0,00, real=0,00 secs] 
2017-03-09T22:24:40.222+0100: 2,711: Total time for which application threads were stopped: 0,0039020 seconds, Stopping threads took: 0,0000438 seconds
2017-03-09T22:24:40.222+0100: 2,711: [CMS-concurrent-mark-start]
2017-03-09T22:24:40.223+0100: 2,712: [CMS-concurrent-mark: 0,001/0,001 secs] [Times: user=0,00 sys=0,00, real=0,00 secs] 
2017-03-09T22:24:40.223+0100: 2,713: [CMS-concurrent-preclean-start]
2017-03-09T22:24:40.224+0100: 2,713: [CMS-concurrent-preclean: 0,001/0,001 secs] [Times: user=0,00 sys=0,00, real=0,00 secs] 
2017-03-09T22:24:40.224+0100: 2,713: [CMS-concurrent-abortable-preclean-start]
{Heap before GC invocations=3 (full 1):
 par new generation   total 109248K, used 99952K [0x00000000e0000000, 0x00000000e8000000, 0x00000000e8000000)
  eden space 87424K, 100% used [0x00000000e0000000, 0x00000000e5560000, 0x00000000e5560000)
  from space 21824K,  57% used [0x00000000e6ab0000, 0x00000000e76ec0d8, 0x00000000e8000000)
  to   space 21824K,   0% used [0x00000000e5560000, 0x00000000e5560000, 0x00000000e6ab0000)
 concurrent mark-sweep generation total 393216K, used 0K [0x00000000e8000000, 0x0000000100000000, 0x0000000100000000)
 Metaspace       used 21220K, capacity 21558K, committed 21628K, reserved 1069056K
  class space    used 2446K, capacity 2603K, committed 2608K, reserved 1048576K
2017-03-09T22:24:40.338+0100: 2,828: [GC (Allocation Failure) 2017-03-09T22:24:40.338+0100: 2,828: [ParNew
Desired survivor size 20112992 bytes, new threshold 8 (max 8)
- age   1:     689632 bytes,     689632 total
- age   2:    1509296 bytes,    2198928 total
- age   3:    1770008 bytes,    3968936 total
- age   4:    5645680 bytes,    9614616 total
: 99952K->12359K(109248K), 0,0223907 secs] 99952K->12359K(502464K), 0,0224651 secs] [Times: user=0,05 sys=0,00, real=0,02 secs] 
Heap after GC invocations=4 (full 1):
 par new generation   total 109248K, used 12359K [0x00000000e0000000, 0x00000000e8000000, 0x00000000e8000000)
  eden space 87424K,   0% used [0x00000000e0000000, 0x00000000e0000000, 0x00000000e5560000)
  from space 21824K,  56% used [0x00000000e5560000, 0x00000000e6171f60, 0x00000000e6ab0000)
  to   space 21824K,   0% used [0x00000000e6ab0000, 0x00000000e6ab0000, 0x00000000e8000000)
 concurrent mark-sweep generation total 393216K, used 0K [0x00000000e8000000, 0x0000000100000000, 0x0000000100000000)
 Metaspace       used 21220K, capacity 21558K, committed 21628K, reserved 1069056K
  class space    used 2446K, capacity 2603K, committed 2608K, reserved 1048576K
}
2017-03-09T22:24:40.361+0100: 2,850: Total time for which application threads were stopped: 0,0227162 seconds, Stopping threads took: 0,0000730 seconds
2017-03-09T22:24:40.361+0100: 2,850: [CMS-concurrent-abortable-preclean: 0,072/0,137 secs] [Times: user=0,49 sys=0,01, real=0,14 secs] 
2017-03-09T22:24:40.364+0100: 2,853: [GC (CMS Final Remark) [YG occupancy: 15632 K (109248 K)]{Heap before GC invocations=4 (full 1):
 par new generation   total 109248K, used 15632K [0x00000000e0000000, 0x00000000e8000000, 0x00000000e8000000)
  eden space 87424K,   3% used [0x00000000e0000000, 0x00000000e03323a0, 0x00000000e5560000)
  from space 21824K,  56% used [0x00000000e5560000, 0x00000000e6171f60, 0x00000000e6ab0000)
  to   space 21824K,   0% used [0x00000000e6ab0000, 0x00000000e6ab0000, 0x00000000e8000000)
 concurrent mark-sweep generation total 393216K, used 0K [0x00000000e8000000, 0x0000000100000000, 0x0000000100000000)
 Metaspace       used 21220K, capacity 21558K, committed 21628K, reserved 1069056K
  class space    used 2446K, capacity 2603K, committed 2608K, reserved 1048576K
2017-03-09T22:24:40.364+0100: 2,853: [GC (CMS Final Remark) 2017-03-09T22:24:40.364+0100: 2,853: [ParNew
Desired survivor size 20112992 bytes, new threshold 8 (max 8)
- age   1:     790968 bytes,     790968 total
- age   2:     189192 bytes,     980160 total
- age   3:    1509296 bytes,    2489456 total
- age   4:    1770008 bytes,    4259464 total
- age   5:    5645640 bytes,    9905104 total
: 15632K->11892K(109248K), 0,0163674 secs] 15632K->11892K(502464K), 0,0164088 secs] [Times: user=0,05 sys=0,00, real=0,02 secs] 
Heap after GC invocations=5 (full 1):
 par new generation   total 109248K, used 11892K [0x00000000e0000000, 0x00000000e8000000, 0x00000000e8000000)
  eden space 87424K,   0% used [0x00000000e0000000, 0x00000000e0000000, 0x00000000e5560000)
  from space 21824K,  54% used [0x00000000e6ab0000, 0x00000000e764d160, 0x00000000e8000000)
  to   space 21824K,   0% used [0x00000000e5560000, 0x00000000e5560000, 0x00000000e6ab0000)
 concurrent mark-sweep generation total 393216K, used 0K [0x00000000e8000000, 0x0000000100000000, 0x0000000100000000)
 Metaspace       used 21220K, capacity 21558K, committed 21628K, reserved 1069056K
  class space    used 2446K, capacity 2603K, committed 2608K, reserved 1048576K
}
2017-03-09T22:24:40.380+0100: 2,870: [Rescan (parallel) , 0,0032309 secs]2017-03-09T22:24:40.384+0100: 2,873: [weak refs processing, 0,0003943 secs]2017-03-09T22:24:40.384+0100: 2,873: [class unloading, 0,0027792 secs]2017-03-09T22:24:40.387+0100: 2,876: [scrub symbol table, 0,0024349 secs]2017-03-09T22:24:40.389+0100: 2,879: [scrub string table, 0,0003676 secs][1 CMS-remark: 0K(393216K)] 11892K(502464K), 0,0262530 secs] [Times: user=0,07 sys=0,00, real=0,03 secs] 
2017-03-09T22:24:40.390+0100: 2,879: Total time for which application threads were stopped: 0,0263889 seconds, Stopping threads took: 0,0000468 seconds
2017-03-09T22:24:40.393+0100: 2,883: [CMS-concurrent-sweep-start]
2017-03-09T22:24:40.393+0100: 2,883: [CMS-concurrent-sweep: 0,000/0,000 secs] [Times: user=0,00 sys=0,00, real=0,00 secs] 
2017-03-09T22:24:40.394+0100: 2,883: [CMS-concurrent-reset-start]
2017-03-09T22:24:40.396+0100: 2,885: [CMS-concurrent-reset: 0,002/0,002 secs] [Times: user=0,01 sys=0,00, real=0,00 secs] 
{Heap before GC invocations=5 (full 1):
 par new generation   total 109248K, used 99316K [0x00000000e0000000, 0x00000000e8000000, 0x00000000e8000000)
  eden space 87424K, 100% used [0x00000000e0000000, 0x00000000e5560000, 0x00000000e5560000)
  from space 21824K,  54% used [0x00000000e6ab0000, 0x00000000e764d160, 0x00000000e8000000)
  to   space 21824K,   0% used [0x00000000e5560000, 0x00000000e5560000, 0x00000000e6ab0000)
 concurrent mark-sweep generation total 393216K, used 0K [0x00000000e8000000, 0x0000000100000000, 0x0000000100000000)
 Metaspace       used 21355K, capacity 21724K, committed 22012K, reserved 1069056K
  class space    used 2467K, capacity 2636K, committed 2736K, reserved 1048576K
2017-03-09T22:24:40.479+0100: 2,968: [GC (Allocation Failure) 2017-03-09T22:24:40.479+0100: 2,968: [ParNew
Desired survivor size 20112992 bytes, new threshold 8 (max 8)
- age   1:     612832 bytes,     612832 total
- age   2:       3768 bytes,     616600 total
- age   3:     169368 bytes,     785968 total
- age   4:    1509296 bytes,    2295264 total
- age   5:    1769888 bytes,    4065152 total
- age   6:    5645600 bytes,    9710752 total
: 99316K->12665K(109248K), 0,0109242 secs] 99316K->12665K(502464K), 0,0110185 secs] [Times: user=0,03 sys=0,00, real=0,00 secs] 
Heap after GC invocations=6 (full 1):
 par new generation   total 109248K, used 12665K [0x00000000e0000000, 0x00000000e8000000, 0x00000000e8000000)
  eden space 87424K,   0% used [0x00000000e0000000, 0x00000000e0000000, 0x00000000e5560000)
  from space 21824K,  58% used [0x00000000e5560000, 0x00000000e61be7a0, 0x00000000e6ab0000)
  to   space 21824K,   0% used [0x00000000e6ab0000, 0x00000000e6ab0000, 0x00000000e8000000)
 concurrent mark-sweep generation total 393216K, used 0K [0x00000000e8000000, 0x0000000100000000, 0x0000000100000000)
 Metaspace       used 21355K, capacity 21724K, committed 22012K, reserved 1069056K
  class space    used 2467K, capacity 2636K, committed 2736K, reserved 1048576K
}
2017-03-09T22:24:40.490+0100: 2,979: Total time for which application threads were stopped: 0,0113021 seconds, Stopping threads took: 0,0000946 seconds
2017-03-09T22:24:40.528+0100: 3,017: Total time for which application threads were stopped: 0,0002959 seconds, Stopping threads took: 0,0000220 seconds
2017-03-09T22:24:40.705+0100: 3,195: Total time for which application threads were stopped: 0,0004594 seconds, Stopping threads took: 0,0000283 seconds
2017-03-09T22:24:40.722+0100: 3,211: Total time for which application threads were stopped: 0,0004445 seconds, Stopping threads took: 0,0000558 seconds
{Heap before GC invocations=6 (full 1):
 par new generation   total 109248K, used 100089K [0x00000000e0000000, 0x00000000e8000000, 0x00000000e8000000)
  eden space 87424K, 100% used [0x00000000e0000000, 0x00000000e5560000, 0x00000000e5560000)
  from space 21824K,  58% used [0x00000000e5560000, 0x00000000e61be7a0, 0x00000000e6ab0000)
  to   space 21824K,   0% used [0x00000000e6ab0000, 0x00000000e6ab0000, 0x00000000e8000000)
 concurrent mark-sweep generation total 393216K, used 0K [0x00000000e8000000, 0x0000000100000000, 0x0000000100000000)
 Metaspace       used 23983K, capacity 24394K, committed 24624K, reserved 1071104K
  class space    used 2836K, capacity 3013K, committed 3120K, reserved 1048576K
2017-03-09T22:24:40.938+0100: 3,427: [GC (Allocation Failure) 2017-03-09T22:24:40.938+0100: 3,427: [ParNew
Desired survivor size 20112992 bytes, new threshold 8 (max 8)
- age   1:    5378648 bytes,    5378648 total
- age   2:     113744 bytes,    5492392 total
- age   3:       3768 bytes,    5496160 total
- age   4:     167864 bytes,    5664024 total
- age   5:     339792 bytes,    6003816 total
- age   6:    1745536 bytes,    7749352 total
- age   7:    5637280 bytes,   13386632 total
: 100089K->15584K(109248K), 0,0186354 secs] 100089K->15584K(502464K), 0,0187077 secs] [Times: user=0,06 sys=0,00, real=0,01 secs] 
Heap after GC invocations=7 (full 1):
 par new generation   total 109248K, used 15584K [0x00000000e0000000, 0x00000000e8000000, 0x00000000e8000000)
  eden space 87424K,   0% used [0x00000000e0000000, 0x00000000e0000000, 0x00000000e5560000)
  from space 21824K,  71% used [0x00000000e6ab0000, 0x00000000e79e82b8, 0x00000000e8000000)
  to   space 21824K,   0% used [0x00000000e5560000, 0x00000000e5560000, 0x00000000e6ab0000)
 concurrent mark-sweep generation total 393216K, used 0K [0x00000000e8000000, 0x0000000100000000, 0x0000000100000000)
 Metaspace       used 23983K, capacity 24394K, committed 24624K, reserved 1071104K
  class space    used 2836K, capacity 3013K, committed 3120K, reserved 1048576K
}
2017-03-09T22:24:40.957+0100: 3,446: Total time for which application threads were stopped: 0,0227186 seconds, Stopping threads took: 0,0037978 seconds
{Heap before GC invocations=7 (full 1):
 par new generation   total 109248K, used 103008K [0x00000000e0000000, 0x00000000e8000000, 0x00000000e8000000)
  eden space 87424K, 100% used [0x00000000e0000000, 0x00000000e5560000, 0x00000000e5560000)
  from space 21824K,  71% used [0x00000000e6ab0000, 0x00000000e79e82b8, 0x00000000e8000000)
  to   space 21824K,   0% used [0x00000000e5560000, 0x00000000e5560000, 0x00000000e6ab0000)
 concurrent mark-sweep generation total 393216K, used 0K [0x00000000e8000000, 0x0000000100000000, 0x0000000100000000)
 Metaspace       used 24430K, capacity 24944K, committed 25136K, reserved 1071104K
  class space    used 2864K, capacity 3046K, committed 3120K, reserved 1048576K
2017-03-09T22:24:41.055+0100: 3,544: [GC (Allocation Failure) 2017-03-09T22:24:41.055+0100: 3,544: [ParNew
Desired survivor size 20112992 bytes, new threshold 8 (max 8)
- age   1:    1593880 bytes,    1593880 total
- age   2:    1793712 bytes,    3387592 total
- age   3:      61656 bytes,    3449248 total
- age   5:     101248 bytes,    3550496 total
- age   6:     203272 bytes,    3753768 total
- age   7:    1223832 bytes,    4977600 total
- age   8:    5622008 bytes,   10599608 total
: 103008K->16832K(109248K), 0,0117115 secs] 103008K->16832K(502464K), 0,0117951 secs] [Times: user=0,03 sys=0,00, real=0,01 secs] 
Heap after GC invocations=8 (full 1):
 par new generation   total 109248K, used 16832K [0x00000000e0000000, 0x00000000e8000000, 0x00000000e8000000)
  eden space 87424K,   0% used [0x00000000e0000000, 0x00000000e0000000, 0x00000000e5560000)
  from space 21824K,  77% used [0x00000000e5560000, 0x00000000e65d00d0, 0x00000000e6ab0000)
  to   space 21824K,   0% used [0x00000000e6ab0000, 0x00000000e6ab0000, 0x00000000e8000000)
 concurrent mark-sweep generation total 393216K, used 0K [0x00000000e8000000, 0x0000000100000000, 0x0000000100000000)
 Metaspace       used 24430K, capacity 24944K, committed 25136K, reserved 1071104K
  class space    used 2864K, capacity 3046K, committed 3120K, reserved 1048576K
}
2017-03-09T22:24:41.067+0100: 3,556: Total time for which application threads were stopped: 0,0121203 seconds, Stopping threads took: 0,0000916 seconds
{Heap before GC invocations=8 (full 1):
 par new generation   total 109248K, used 104256K [0x00000000e0000000, 0x00000000e8000000, 0x00000000e8000000)
  eden space 87424K, 100% used [0x00000000e0000000, 0x00000000e5560000, 0x00000000e5560000)
  from space 21824K,  77% used [0x00000000e5560000, 0x00000000e65d00d0, 0x00000000e6ab0000)
  to   space 21824K,   0% used [0x00000000e6ab0000, 0x00000000e6ab0000, 0x00000000e8000000)
 concurrent mark-sweep generation total 393216K, used 0K [0x00000000e8000000, 0x0000000100000000, 0x0000000100000000)
 Metaspace       used 24795K, capacity 25258K, committed 25392K, reserved 1071104K
  class space    used 2900K, capacity 3083K, committed 3120K, reserved 1048576K
2017-03-09T22:24:41.164+0100: 3,653: [GC (Allocation Failure) 2017-03-09T22:24:41.164+0100: 3,653: [ParNew
Desired survivor size 20112992 bytes, new threshold 8 (max 8)
- age   1:    1120512 bytes,    1120512 total
- age   2:     994400 bytes,    2114912 total
- age   3:    1720192 bytes,    3835104 total
- age   4:      61656 bytes,    3896760 total
- age   6:      98472 bytes,    3995232 total
- age   7:     203208 bytes,    4198440 total
- age   8:    1223096 bytes,    5421536 total
: 104256K->6741K(109248K), 0,0539524 secs] 104256K->12311K(502464K), 0,0540579 secs] [Times: user=0,11 sys=0,00, real=0,05 secs] 
Heap after GC invocations=9 (full 1):
 par new generation   total 109248K, used 6741K [0x00000000e0000000, 0x00000000e8000000, 0x00000000e8000000)
  eden space 87424K,   0% used [0x00000000e0000000, 0x00000000e0000000, 0x00000000e5560000)
  from space 21824K,  30% used [0x00000000e6ab0000, 0x00000000e7145528, 0x00000000e8000000)
  to   space 21824K,   0% used [0x00000000e5560000, 0x00000000e5560000, 0x00000000e6ab0000)
 concurrent mark-sweep generation total 393216K, used 5570K [0x00000000e8000000, 0x0000000100000000, 0x0000000100000000)
 Metaspace       used 24795K, capacity 25258K, committed 25392K, reserved 1071104K
  class space    used 2900K, capacity 3083K, committed 3120K, reserved 1048576K
}
2017-03-09T22:24:41.218+0100: 3,707: Total time for which application threads were stopped: 0,0560123 seconds, Stopping threads took: 0,0013898 seconds
2017-03-09T22:24:41.512+0100: 4,001: Total time for which application threads were stopped: 0,0004594 seconds, Stopping threads took: 0,0000298 seconds
2017-03-09T22:24:41.527+0100: 4,017: Total time for which application threads were stopped: 0,0005165 seconds, Stopping threads took: 0,0001514 seconds
2017-03-09T22:24:41.558+0100: 4,047: Total time for which application threads were stopped: 0,0005258 seconds, Stopping threads took: 0,0000910 seconds
2017-03-09T22:24:41.568+0100: 4,057: Total time for which application threads were stopped: 0,0001135 seconds, Stopping threads took: 0,0000239 seconds
2017-03-09T22:24:41.569+0100: 4,058: Total time for which application threads were stopped: 0,0000907 seconds, Stopping threads took: 0,0000181 seconds
2017-03-09T22:24:41.571+0100: 4,061: Total time for which application threads were stopped: 0,0001422 seconds, Stopping threads took: 0,0000563 seconds
2017-03-09T22:24:41.572+0100: 4,062: Total time for which application threads were stopped: 0,0000803 seconds, Stopping threads took: 0,0000188 seconds
2017-03-09T22:24:41.574+0100: 4,063: Total time for which application threads were stopped: 0,0000889 seconds, Stopping threads took: 0,0000163 seconds
2017-03-09T22:24:41.574+0100: 4,063: Total time for which application threads were stopped: 0,0000757 seconds, Stopping threads took: 0,0000125 seconds
2017-03-09T22:24:41.575+0100: 4,064: Total time for which application threads were stopped: 0,0001023 seconds, Stopping threads took: 0,0000435 seconds
2017-03-09T22:24:41.577+0100: 4,066: Total time for which application threads were stopped: 0,0001205 seconds, Stopping threads took: 0,0000420 seconds
2017-03-09T22:24:41.578+0100: 4,067: Total time for which application threads were stopped: 0,0003720 seconds, Stopping threads took: 0,0000166 seconds
2017-03-09T22:24:41.578+0100: 4,068: Total time for which application threads were stopped: 0,0000749 seconds, Stopping threads took: 0,0000249 seconds
2017-03-09T22:24:41.579+0100: 4,069: Total time for which application threads were stopped: 0,0001526 seconds, Stopping threads took: 0,0000911 seconds
2017-03-09T22:24:41.579+0100: 4,069: Total time for which application threads were stopped: 0,0001030 seconds, Stopping threads took: 0,0000487 seconds
2017-03-09T22:24:41.580+0100: 4,069: Total time for which application threads were stopped: 0,0000674 seconds, Stopping threads took: 0,0000231 seconds
2017-03-09T22:24:41.580+0100: 4,070: Total time for which application threads were stopped: 0,0000821 seconds, Stopping threads took: 0,0000277 seconds
2017-03-09T22:24:41.587+0100: 4,076: Total time for which application threads were stopped: 0,0000814 seconds, Stopping threads took: 0,0000220 seconds
2017-03-09T22:24:41.587+0100: 4,076: Total time for which application threads were stopped: 0,0000926 seconds, Stopping threads took: 0,0000273 seconds
2017-03-09T22:24:41.594+0100: 4,083: Total time for which application threads were stopped: 0,0001351 seconds, Stopping threads took: 0,0000335 seconds
2017-03-09T22:24:41.594+0100: 4,084: Total time for which application threads were stopped: 0,0000944 seconds, Stopping threads took: 0,0000271 seconds
2017-03-09T22:24:41.595+0100: 4,084: Total time for which application threads were stopped: 0,0000761 seconds, Stopping threads took: 0,0000243 seconds
2017-03-09T22:24:41.596+0100: 4,086: Total time for which application threads were stopped: 0,0001193 seconds, Stopping threads took: 0,0000310 seconds
2017-03-09T22:24:41.598+0100: 4,087: Total time for which application threads were stopped: 0,0013686 seconds, Stopping threads took: 0,0013060 seconds
2017-03-09T22:24:41.598+0100: 4,087: Total time for which application threads were stopped: 0,0000826 seconds, Stopping threads took: 0,0000202 seconds
2017-03-09T22:24:41.598+0100: 4,088: Total time for which application threads were stopped: 0,0000638 seconds, Stopping threads took: 0,0000171 seconds
2017-03-09T22:24:41.598+0100: 4,088: Total time for which application threads were stopped: 0,0000578 seconds, Stopping threads took: 0,0000156 seconds
2017-03-09T22:24:41.599+0100: 4,088: Total time for which application threads were stopped: 0,0001378 seconds, Stopping threads took: 0,0000181 seconds
2017-03-09T22:24:41.599+0100: 4,089: Total time for which application threads were stopped: 0,0000738 seconds, Stopping threads took: 0,0000206 seconds
2017-03-09T22:24:41.599+0100: 4,089: Total time for which application threads were stopped: 0,0000575 seconds, Stopping threads took: 0,0000154 seconds
2017-03-09T22:24:41.599+0100: 4,089: Total time for which application threads were stopped: 0,0000582 seconds, Stopping threads took: 0,0000163 seconds
2017-03-09T22:24:41.600+0100: 4,089: Total time for which application threads were stopped: 0,0000561 seconds, Stopping threads took: 0,0000159 seconds
2017-03-09T22:24:41.600+0100: 4,089: Total time for which application threads were stopped: 0,0000795 seconds, Stopping threads took: 0,0000377 seconds
2017-03-09T22:24:41.600+0100: 4,089: Total time for which application threads were stopped: 0,0000885 seconds, Stopping threads took: 0,0000402 seconds
2017-03-09T22:24:41.600+0100: 4,089: Total time for which application threads were stopped: 0,0000532 seconds, Stopping threads took: 0,0000101 seconds
2017-03-09T22:24:41.602+0100: 4,091: Total time for which application threads were stopped: 0,0000947 seconds, Stopping threads took: 0,0000256 seconds
2017-03-09T22:24:41.602+0100: 4,091: Total time for which application threads were stopped: 0,0000736 seconds, Stopping threads took: 0,0000215 seconds
2017-03-09T22:24:41.602+0100: 4,092: Total time for which application threads were stopped: 0,0000760 seconds, Stopping threads took: 0,0000308 seconds
2017-03-09T22:24:41.605+0100: 4,094: Total time for which application threads were stopped: 0,0001256 seconds, Stopping threads took: 0,0000388 seconds
2017-03-09T22:24:41.605+0100: 4,094: Total time for which application threads were stopped: 0,0000826 seconds, Stopping threads took: 0,0000256 seconds
2017-03-09T22:24:41.605+0100: 4,095: Total time for which application threads were stopped: 0,0004253 seconds, Stopping threads took: 0,0003722 seconds
2017-03-09T22:24:41.605+0100: 4,095: Total time for which application threads were stopped: 0,0000649 seconds, Stopping threads took: 0,0000258 seconds
2017-03-09T22:24:41.605+0100: 4,095: Total time for which application threads were stopped: 0,0000533 seconds, Stopping threads took: 0,0000185 seconds
2017-03-09T22:24:41.606+0100: 4,095: Total time for which application threads were stopped: 0,0000659 seconds, Stopping threads took: 0,0000240 seconds
2017-03-09T22:24:41.606+0100: 4,095: Total time for which application threads were stopped: 0,0000467 seconds, Stopping threads took: 0,0000084 seconds
2017-03-09T22:24:41.606+0100: 4,095: Total time for which application threads were stopped: 0,0000836 seconds, Stopping threads took: 0,0000196 seconds
2017-03-09T22:24:41.606+0100: 4,095: Total time for which application threads were stopped: 0,0000631 seconds, Stopping threads took: 0,0000157 seconds
2017-03-09T22:24:41.606+0100: 4,096: Total time for which application threads were stopped: 0,0001470 seconds, Stopping threads took: 0,0000225 seconds
2017-03-09T22:24:41.609+0100: 4,098: Total time for which application threads were stopped: 0,0001503 seconds, Stopping threads took: 0,0000485 seconds
2017-03-09T22:24:41.617+0100: 4,106: Total time for which application threads were stopped: 0,0001341 seconds, Stopping threads took: 0,0000401 seconds
2017-03-09T22:24:41.618+0100: 4,107: Total time for which application threads were stopped: 0,0001224 seconds, Stopping threads took: 0,0000411 seconds
2017-03-09T22:24:41.642+0100: 4,131: Total time for which application threads were stopped: 0,0002921 seconds, Stopping threads took: 0,0001834 seconds
2017-03-09T22:24:41.644+0100: 4,134: Total time for which application threads were stopped: 0,0001459 seconds, Stopping threads took: 0,0000792 seconds
2017-03-09T22:24:41.681+0100: 4,170: Total time for which application threads were stopped: 0,0001345 seconds, Stopping threads took: 0,0000391 seconds
2017-03-09T22:24:41.681+0100: 4,171: Total time for which application threads were stopped: 0,0000993 seconds, Stopping threads took: 0,0000347 seconds
2017-03-09T22:24:41.686+0100: 4,176: Total time for which application threads were stopped: 0,0001763 seconds, Stopping threads took: 0,0000498 seconds
2017-03-09T22:24:42.687+0100: 5,176: Total time for which application threads were stopped: 0,0000764 seconds, Stopping threads took: 0,0000167 seconds
{Heap before GC invocations=9 (full 1):
 par new generation   total 109248K, used 94165K [0x00000000e0000000, 0x00000000e8000000, 0x00000000e8000000)
  eden space 87424K, 100% used [0x00000000e0000000, 0x00000000e5560000, 0x00000000e5560000)
  from space 21824K,  30% used [0x00000000e6ab0000, 0x00000000e7145528, 0x00000000e8000000)
  to   space 21824K,   0% used [0x00000000e5560000, 0x00000000e5560000, 0x00000000e6ab0000)
 concurrent mark-sweep generation total 393216K, used 5570K [0x00000000e8000000, 0x0000000100000000, 0x0000000100000000)
 Metaspace       used 27985K, capacity 28520K, committed 28848K, reserved 1075200K
  class space    used 3217K, capacity 3394K, committed 3504K, reserved 1048576K
2017-03-09T22:24:44.388+0100: 6,878: [GC (Allocation Failure) 2017-03-09T22:24:44.388+0100: 6,878: [ParNew
Desired survivor size 20112992 bytes, new threshold 8 (max 8)
- age   1:   10843848 bytes,   10843848 total
- age   2:     201784 bytes,   11045632 total
- age   3:     215560 bytes,   11261192 total
- age   4:    1714152 bytes,   12975344 total
- age   5:      61656 bytes,   13037000 total
- age   7:      98344 bytes,   13135344 total
- age   8:     202776 bytes,   13338120 total
: 94165K->15473K(109248K), 0,0139128 secs] 99735K->22373K(502464K), 0,0140055 secs] [Times: user=0,05 sys=0,00, real=0,02 secs] 
Heap after GC invocations=10 (full 1):
 par new generation   total 109248K, used 15473K [0x00000000e0000000, 0x00000000e8000000, 0x00000000e8000000)
  eden space 87424K,   0% used [0x00000000e0000000, 0x00000000e0000000, 0x00000000e5560000)
  from space 21824K,  70% used [0x00000000e5560000, 0x00000000e647c7a0, 0x00000000e6ab0000)
  to   space 21824K,   0% used [0x00000000e6ab0000, 0x00000000e6ab0000, 0x00000000e8000000)
 concurrent mark-sweep generation total 393216K, used 6899K [0x00000000e8000000, 0x0000000100000000, 0x0000000100000000)
 Metaspace       used 27985K, capacity 28520K, committed 28848K, reserved 1075200K
  class space    used 3217K, capacity 3394K, committed 3504K, reserved 1048576K
}
2017-03-09T22:24:44.402+0100: 6,892: Total time for which application threads were stopped: 0,0141429 seconds, Stopping threads took: 0,0000150 seconds
2017-03-09T22:24:44.403+0100: 6,892: Total time for which application threads were stopped: 0,0000771 seconds, Stopping threads took: 0,0000321 seconds
2017-03-09T22:24:44.406+0100: 6,895: Total time for which application threads were stopped: 0,0000724 seconds, Stopping threads took: 0,0000233 seconds
2017-03-09T22:26:34.420+0100: 116,910: Total time for which application threads were stopped: 0,0001731 seconds, Stopping threads took: 0,0000679 seconds
2017-03-09T22:26:39.421+0100: 121,911: Total time for which application threads were stopped: 0,0001392 seconds, Stopping threads took: 0,0000326 seconds
2017-03-09T22:48:08.594+0100: 1411,084: Total time for which application threads were stopped: 0,0001014 seconds, Stopping threads took: 0,0000380 seconds
2017-03-09T22:52:58.626+0100: 1701,115: Total time for which application threads were stopped: 0,0001166 seconds, Stopping threads took: 0,0000319 seconds
2017-03-09T23:02:59.687+0100: 2302,176: Total time for which application threads were stopped: 0,0000857 seconds, Stopping threads took: 0,0000332 seconds
2017-03-09T23:03:03.687+0100: 2306,176: Total time for which application threads were stopped: 0,0000691 seconds, Stopping threads took: 0,0000149 seconds
2017-03-09T23:17:54.770+0100: 3197,259: Total time for which application threads were stopped: 0,0001081 seconds, Stopping threads took: 0,0000449 seconds
2017-03-09T23:28:09.827+0100: 3812,317: Total time for which application threads were stopped: 0,0000844 seconds, Stopping threads took: 0,0000308 seconds
2017-03-09T23:28:48.831+0100: 3851,321: Total time for which application threads were stopped: 0,0006017 seconds, Stopping threads took: 0,0003219 seconds
2017-03-09T23:28:58.833+0100: 3861,322: Total time for which application threads were stopped: 0,0000677 seconds, Stopping threads took: 0,0000178 seconds
2017-03-09T23:30:28.841+0100: 3951,330: Total time for which application threads were stopped: 0,0000914 seconds, Stopping threads took: 0,0000346 seconds
2017-03-09T23:42:54.911+0100: 4697,400: Total time for which application threads were stopped: 0,0003915 seconds, Stopping threads took: 0,0001647 seconds
2017-03-09T23:42:59.911+0100: 4702,401: Total time for which application threads were stopped: 0,0003313 seconds, Stopping threads took: 0,0000784 seconds
2017-03-10T00:09:00.066+0100: 6262,555: Total time for which application threads were stopped: 0,0001360 seconds, Stopping threads took: 0,0000574 seconds
2017-03-10T00:22:09.142+0100: 7051,631: Total time for which application threads were stopped: 0,0000916 seconds, Stopping threads took: 0,0000319 seconds
2017-03-10T00:26:39.169+0100: 7321,659: Total time for which application threads were stopped: 0,0001357 seconds, Stopping threads took: 0,0000468 seconds
2017-03-10T00:32:39.206+0100: 7681,695: Total time for which application threads were stopped: 0,0000926 seconds, Stopping threads took: 0,0000309 seconds
2017-03-10T00:33:09.209+0100: 7711,698: Total time for which application threads were stopped: 0,0004866 seconds, Stopping threads took: 0,0001712 seconds
2017-03-10T02:36:47.907+0100: 15130,396: Total time for which application threads were stopped: 0,0001052 seconds, Stopping threads took: 0,0000276 seconds
2017-03-10T02:36:47.921+0100: 15130,410: Total time for which application threads were stopped: 0,0099481 seconds, Stopping threads took: 0,0098333 seconds
2017-03-10T02:36:47.921+0100: 15130,411: Total time for which application threads were stopped: 0,0001108 seconds, Stopping threads took: 0,0000331 seconds
2017-03-10T02:36:47.945+0100: 15130,435: Total time for which application threads were stopped: 0,0001293 seconds, Stopping threads took: 0,0000399 seconds
2017-03-10T02:36:47.948+0100: 15130,437: Total time for which application threads were stopped: 0,0001002 seconds, Stopping threads took: 0,0000279 seconds
2017-03-10T02:36:47.948+0100: 15130,437: Total time for which application threads were stopped: 0,0000504 seconds, Stopping threads took: 0,0000139 seconds
2017-03-10T02:36:47.948+0100: 15130,438: Total time for which application threads were stopped: 0,0000466 seconds, Stopping threads took: 0,0000118 seconds
2017-03-10T02:36:47.949+0100: 15130,438: Total time for which application threads were stopped: 0,0000562 seconds, Stopping threads took: 0,0000143 seconds
2017-03-10T02:36:47.949+0100: 15130,438: Total time for which application threads were stopped: 0,0000479 seconds, Stopping threads took: 0,0000127 seconds
2017-03-10T02:36:47.950+0100: 15130,439: Total time for which application threads were stopped: 0,0000999 seconds, Stopping threads took: 0,0000264 seconds
2017-03-10T02:36:47.950+0100: 15130,439: Total time for which application threads were stopped: 0,0000552 seconds, Stopping threads took: 0,0000159 seconds
2017-03-10T02:36:47.950+0100: 15130,440: Total time for which application threads were stopped: 0,0004080 seconds, Stopping threads took: 0,0003285 seconds
2017-03-10T02:36:47.981+0100: 15130,470: Total time for which application threads were stopped: 0,0000928 seconds, Stopping threads took: 0,0000201 seconds
2017-03-10T02:36:47.982+0100: 15130,471: Total time for which application threads were stopped: 0,0001003 seconds, Stopping threads took: 0,0000300 seconds
2017-03-10T02:36:47.982+0100: 15130,471: Total time for which application threads were stopped: 0,0000665 seconds, Stopping threads took: 0,0000188 seconds
2017-03-10T02:36:47.983+0100: 15130,472: Total time for which application threads were stopped: 0,0001153 seconds, Stopping threads took: 0,0000373 seconds
2017-03-10T02:36:47.984+0100: 15130,473: Total time for which application threads were stopped: 0,0001454 seconds, Stopping threads took: 0,0000335 seconds
2017-03-10T02:36:47.986+0100: 15130,475: Total time for which application threads were stopped: 0,0000960 seconds, Stopping threads took: 0,0000166 seconds
2017-03-10T02:36:47.986+0100: 15130,476: Total time for which application threads were stopped: 0,0000659 seconds, Stopping threads took: 0,0000163 seconds
2017-03-10T02:36:47.987+0100: 15130,476: Total time for which application threads were stopped: 0,0000781 seconds, Stopping threads took: 0,0000186 seconds
2017-03-10T02:36:47.987+0100: 15130,476: Total time for which application threads were stopped: 0,0000557 seconds, Stopping threads took: 0,0000149 seconds
2017-03-10T02:36:47.987+0100: 15130,476: Total time for which application threads were stopped: 0,0000615 seconds, Stopping threads took: 0,0000168 seconds
2017-03-10T02:36:47.987+0100: 15130,476: Total time for which application threads were stopped: 0,0000435 seconds, Stopping threads took: 0,0000119 seconds
2017-03-10T02:36:47.988+0100: 15130,477: Total time for which application threads were stopped: 0,0000836 seconds, Stopping threads took: 0,0000265 seconds
2017-03-10T02:36:47.988+0100: 15130,478: Total time for which application threads were stopped: 0,0001435 seconds, Stopping threads took: 0,0000123 seconds
2017-03-10T02:36:47.992+0100: 15130,481: Total time for which application threads were stopped: 0,0000956 seconds, Stopping threads took: 0,0000252 seconds
2017-03-10T02:36:47.992+0100: 15130,482: Total time for which application threads were stopped: 0,0001092 seconds, Stopping threads took: 0,0000198 seconds
Heap
 par new generation   total 109248K, used 38035K [0x00000000e0000000, 0x00000000e8000000, 0x00000000e8000000)
  eden space 87424K,  25% used [0x00000000e0000000, 0x00000000e1608718, 0x00000000e5560000)
  from space 21824K,  70% used [0x00000000e5560000, 0x00000000e647c7a0, 0x00000000e6ab0000)
  to   space 21824K,   0% used [0x00000000e6ab0000, 0x00000000e6ab0000, 0x00000000e8000000)
 concurrent mark-sweep generation total 393216K, used 6899K [0x00000000e8000000, 0x0000000100000000, 0x0000000100000000)
 Metaspace       used 28148K, capacity 28752K, committed 28848K, reserved 1075200K
  class space    used 3231K, capacity 3428K, committed 3504K, reserved 1048576K
