OpenJDK 64-Bit Server VM (25.111-b14) for linux-amd64 JRE (1.8.0_111-8u111-b14-2ubuntu0.16.04.2-b14), built on Oct 27 2016 18:10:19 by "buildd" with gcc 5.4.0 20160609
Memory: 4k page, physical 7867848k(7471124k free), swap 8076284k(8076284k free)
CommandLine flags: -XX:CMSInitiatingOccupancyFraction=50 -XX:CMSMaxAbortablePrecleanTime=6000 -XX:+CMSParallelRemarkEnabled -XX:+CMSScavengeBeforeRemark -XX:ConcGCThreads=4 -XX:InitialHeapSize=536870912 -XX:MaxHeapSize=536870912 -XX:MaxTenuringThreshold=8 -XX:NewRatio=3 -XX:OldPLABSize=16 -XX:OnOutOfMemoryError=/opt/solr/bin/oom_solr.sh 8983 /var/solr/logs -XX:ParallelGCThreads=4 -XX:+ParallelRefProcEnabled -XX:PretenureSizeThreshold=67108864 -XX:+PrintGC -XX:+PrintGCApplicationStoppedTime -XX:+PrintGCDateStamps -XX:+PrintGCDetails -XX:+PrintGCTimeStamps -XX:+PrintHeapAtGC -XX:+PrintTenuringDistribution -XX:SurvivorRatio=4 -XX:TargetSurvivorRatio=90 -XX:ThreadStackSize=256 -XX:+UseCMSInitiatingOccupancyOnly -XX:+UseCompressedClassPointers -XX:+UseCompressedOops -XX:+UseConcMarkSweepGC -XX:+UseParNewGC 
2016-11-27T08:10:45.310+0100: 0,130: Total time for which application threads were stopped: 0,0000725 seconds, Stopping threads took: 0,0000131 seconds
2016-11-27T08:10:45.381+0100: 0,201: Total time for which application threads were stopped: 0,0001077 seconds, Stopping threads took: 0,0000169 seconds
2016-11-27T08:10:45.390+0100: 0,210: Total time for which application threads were stopped: 0,0000754 seconds, Stopping threads took: 0,0000182 seconds
2016-11-27T08:10:45.540+0100: 0,360: Total time for which application threads were stopped: 0,0001685 seconds, Stopping threads took: 0,0000429 seconds
2016-11-27T08:10:45.802+0100: 0,622: Total time for which application threads were stopped: 0,0001902 seconds, Stopping threads took: 0,0000147 seconds
2016-11-27T08:10:45.868+0100: 0,688: Total time for which application threads were stopped: 0,0002533 seconds, Stopping threads took: 0,0000225 seconds
2016-11-27T08:10:45.977+0100: 0,797: Total time for which application threads were stopped: 0,0002032 seconds, Stopping threads took: 0,0000309 seconds
2016-11-27T08:10:46.379+0100: 1,200: Total time for which application threads were stopped: 0,0001660 seconds, Stopping threads took: 0,0000124 seconds
2016-11-27T08:10:46.602+0100: 1,422: Total time for which application threads were stopped: 0,0001953 seconds, Stopping threads took: 0,0000121 seconds
2016-11-27T08:10:46.623+0100: 1,444: Total time for which application threads were stopped: 0,0001714 seconds, Stopping threads took: 0,0000183 seconds
2016-11-27T08:10:46.624+0100: 1,444: Total time for which application threads were stopped: 0,0001446 seconds, Stopping threads took: 0,0000128 seconds
2016-11-27T08:10:46.636+0100: 1,456: Total time for which application threads were stopped: 0,0001576 seconds, Stopping threads took: 0,0000160 seconds
2016-11-27T08:10:46.737+0100: 1,557: Total time for which application threads were stopped: 0,0001975 seconds, Stopping threads took: 0,0000276 seconds
2016-11-27T08:10:46.938+0100: 1,758: Total time for which application threads were stopped: 0,0002565 seconds, Stopping threads took: 0,0000334 seconds
{Heap before GC invocations=0 (full 0):
 par new generation   total 109248K, used 87424K [0x00000000e0000000, 0x00000000e8000000, 0x00000000e8000000)
  eden space 87424K, 100% used [0x00000000e0000000, 0x00000000e5560000, 0x00000000e5560000)
  from space 21824K,   0% used [0x00000000e5560000, 0x00000000e5560000, 0x00000000e6ab0000)
  to   space 21824K,   0% used [0x00000000e6ab0000, 0x00000000e6ab0000, 0x00000000e8000000)
 concurrent mark-sweep generation total 393216K, used 0K [0x00000000e8000000, 0x0000000100000000, 0x0000000100000000)
 Metaspace       used 18358K, capacity 18686K, committed 18944K, reserved 1067008K
  class space    used 2090K, capacity 2226K, committed 2304K, reserved 1048576K
2016-11-27T08:10:47.134+0100: 1,954: [GC (Allocation Failure) 2016-11-27T08:10:47.134+0100: 1,955: [ParNew
Desired survivor size 20112992 bytes, new threshold 8 (max 8)
- age   1:   12583704 bytes,   12583704 total
: 87424K->12404K(109248K), 0,0245793 secs] 87424K->12404K(502464K), 0,0248659 secs] [Times: user=0,06 sys=0,02, real=0,03 secs] 
Heap after GC invocations=1 (full 0):
 par new generation   total 109248K, used 12404K [0x00000000e0000000, 0x00000000e8000000, 0x00000000e8000000)
  eden space 87424K,   0% used [0x00000000e0000000, 0x00000000e0000000, 0x00000000e5560000)
  from space 21824K,  56% used [0x00000000e6ab0000, 0x00000000e76cd020, 0x00000000e8000000)
  to   space 21824K,   0% used [0x00000000e5560000, 0x00000000e5560000, 0x00000000e6ab0000)
 concurrent mark-sweep generation total 393216K, used 0K [0x00000000e8000000, 0x0000000100000000, 0x0000000100000000)
 Metaspace       used 18358K, capacity 18686K, committed 18944K, reserved 1067008K
  class space    used 2090K, capacity 2226K, committed 2304K, reserved 1048576K
}
2016-11-27T08:10:47.159+0100: 1,979: Total time for which application threads were stopped: 0,0250648 seconds, Stopping threads took: 0,0000235 seconds
2016-11-27T08:10:47.350+0100: 2,170: Total time for which application threads were stopped: 0,0003116 seconds, Stopping threads took: 0,0000398 seconds
2016-11-27T08:10:47.378+0100: 2,198: Total time for which application threads were stopped: 0,0003129 seconds, Stopping threads took: 0,0000237 seconds
2016-11-27T08:10:47.401+0100: 2,221: Total time for which application threads were stopped: 0,0003135 seconds, Stopping threads took: 0,0000327 seconds
{Heap before GC invocations=1 (full 0):
 par new generation   total 109248K, used 99828K [0x00000000e0000000, 0x00000000e8000000, 0x00000000e8000000)
  eden space 87424K, 100% used [0x00000000e0000000, 0x00000000e5560000, 0x00000000e5560000)
  from space 21824K,  56% used [0x00000000e6ab0000, 0x00000000e76cd020, 0x00000000e8000000)
  to   space 21824K,   0% used [0x00000000e5560000, 0x00000000e5560000, 0x00000000e6ab0000)
 concurrent mark-sweep generation total 393216K, used 0K [0x00000000e8000000, 0x0000000100000000, 0x0000000100000000)
 Metaspace       used 20715K, capacity 21020K, committed 21248K, reserved 1069056K
  class space    used 2403K, capacity 2518K, committed 2560K, reserved 1048576K
2016-11-27T08:10:47.578+0100: 2,398: [GC (Allocation Failure) 2016-11-27T08:10:47.578+0100: 2,398: [ParNew
Desired survivor size 20112992 bytes, new threshold 8 (max 8)
- age   1:    2764984 bytes,    2764984 total
- age   2:    6140056 bytes,    8905040 total
: 99828K->9499K(109248K), 0,0114751 secs] 99828K->9499K(502464K), 0,0115439 secs] [Times: user=0,03 sys=0,01, real=0,01 secs] 
Heap after GC invocations=2 (full 0):
 par new generation   total 109248K, used 9499K [0x00000000e0000000, 0x00000000e8000000, 0x00000000e8000000)
  eden space 87424K,   0% used [0x00000000e0000000, 0x00000000e0000000, 0x00000000e5560000)
  from space 21824K,  43% used [0x00000000e5560000, 0x00000000e5ea6f38, 0x00000000e6ab0000)
  to   space 21824K,   0% used [0x00000000e6ab0000, 0x00000000e6ab0000, 0x00000000e8000000)
 concurrent mark-sweep generation total 393216K, used 0K [0x00000000e8000000, 0x0000000100000000, 0x0000000100000000)
 Metaspace       used 20715K, capacity 21020K, committed 21248K, reserved 1069056K
  class space    used 2403K, capacity 2518K, committed 2560K, reserved 1048576K
}
2016-11-27T08:10:47.590+0100: 2,410: Total time for which application threads were stopped: 0,0117733 seconds, Stopping threads took: 0,0000730 seconds
2016-11-27T08:10:47.639+0100: 2,459: Total time for which application threads were stopped: 0,0000784 seconds, Stopping threads took: 0,0000183 seconds
2016-11-27T08:10:47.676+0100: 2,496: Total time for which application threads were stopped: 0,0002641 seconds, Stopping threads took: 0,0000133 seconds
2016-11-27T08:10:47.681+0100: 2,501: Total time for which application threads were stopped: 0,0001039 seconds, Stopping threads took: 0,0000321 seconds
2016-11-27T08:10:47.699+0100: 2,519: Total time for which application threads were stopped: 0,0000903 seconds, Stopping threads took: 0,0000211 seconds
2016-11-27T08:10:47.775+0100: 2,595: Total time for which application threads were stopped: 0,0001444 seconds, Stopping threads took: 0,0000304 seconds
2016-11-27T08:10:47.793+0100: 2,613: Total time for which application threads were stopped: 0,0000803 seconds, Stopping threads took: 0,0000215 seconds
2016-11-27T08:10:47.801+0100: 2,621: Total time for which application threads were stopped: 0,0002904 seconds, Stopping threads took: 0,0000231 seconds
2016-11-27T08:10:47.809+0100: 2,629: Total time for which application threads were stopped: 0,0003126 seconds, Stopping threads took: 0,0000156 seconds
2016-11-27T08:10:47.829+0100: 2,649: Total time for which application threads were stopped: 0,0000756 seconds, Stopping threads took: 0,0000161 seconds
2016-11-27T08:10:47.855+0100: 2,676: Total time for which application threads were stopped: 0,0000920 seconds, Stopping threads took: 0,0000248 seconds
2016-11-27T08:10:47.873+0100: 2,693: Total time for which application threads were stopped: 0,0000822 seconds, Stopping threads took: 0,0000175 seconds
2016-11-27T08:10:47.888+0100: 2,708: Total time for which application threads were stopped: 0,0000730 seconds, Stopping threads took: 0,0000134 seconds
2016-11-27T08:10:47.914+0100: 2,734: Total time for which application threads were stopped: 0,0000839 seconds, Stopping threads took: 0,0000174 seconds
2016-11-27T08:10:47.948+0100: 2,768: Total time for which application threads were stopped: 0,0001506 seconds, Stopping threads took: 0,0000282 seconds
2016-11-27T08:10:47.996+0100: 2,816: Total time for which application threads were stopped: 0,0001012 seconds, Stopping threads took: 0,0000333 seconds
2016-11-27T08:10:48.022+0100: 2,842: Total time for which application threads were stopped: 0,0001142 seconds, Stopping threads took: 0,0000314 seconds
{Heap before GC invocations=2 (full 0):
 par new generation   total 109248K, used 96923K [0x00000000e0000000, 0x00000000e8000000, 0x00000000e8000000)
  eden space 87424K, 100% used [0x00000000e0000000, 0x00000000e5560000, 0x00000000e5560000)
  from space 21824K,  43% used [0x00000000e5560000, 0x00000000e5ea6f38, 0x00000000e6ab0000)
  to   space 21824K,   0% used [0x00000000e6ab0000, 0x00000000e6ab0000, 0x00000000e8000000)
 concurrent mark-sweep generation total 393216K, used 0K [0x00000000e8000000, 0x0000000100000000, 0x0000000100000000)
 Metaspace       used 25118K, capacity 25511K, committed 25612K, reserved 1073152K
  class space    used 2922K, capacity 3056K, committed 3064K, reserved 1048576K
2016-11-27T08:10:48.050+0100: 2,870: [GC (Allocation Failure) 2016-11-27T08:10:48.050+0100: 2,870: [ParNew
Desired survivor size 20112992 bytes, new threshold 8 (max 8)
- age   1:    6925000 bytes,    6925000 total
- age   2:     512224 bytes,    7437224 total
- age   3:    6121432 bytes,   13558656 total
: 96923K->14738K(109248K), 0,0140470 secs] 96923K->14738K(502464K), 0,0141189 secs] [Times: user=0,05 sys=0,00, real=0,02 secs] 
Heap after GC invocations=3 (full 0):
 par new generation   total 109248K, used 14738K [0x00000000e0000000, 0x00000000e8000000, 0x00000000e8000000)
  eden space 87424K,   0% used [0x00000000e0000000, 0x00000000e0000000, 0x00000000e5560000)
  from space 21824K,  67% used [0x00000000e6ab0000, 0x00000000e7914b88, 0x00000000e8000000)
  to   space 21824K,   0% used [0x00000000e5560000, 0x00000000e5560000, 0x00000000e6ab0000)
 concurrent mark-sweep generation total 393216K, used 0K [0x00000000e8000000, 0x0000000100000000, 0x0000000100000000)
 Metaspace       used 25118K, capacity 25511K, committed 25612K, reserved 1073152K
  class space    used 2922K, capacity 3056K, committed 3064K, reserved 1048576K
}
2016-11-27T08:10:48.064+0100: 2,884: Total time for which application threads were stopped: 0,0142889 seconds, Stopping threads took: 0,0000337 seconds
2016-11-27T08:10:48.064+0100: 2,884: [GC (CMS Initial Mark) [1 CMS-initial-mark: 0K(393216K)] 16155K(502464K), 0,0055980 secs] [Times: user=0,01 sys=0,00, real=0,00 secs] 
2016-11-27T08:10:48.070+0100: 2,890: Total time for which application threads were stopped: 0,0057090 seconds, Stopping threads took: 0,0000291 seconds
2016-11-27T08:10:48.070+0100: 2,890: [CMS-concurrent-mark-start]
2016-11-27T08:10:48.072+0100: 2,892: [CMS-concurrent-mark: 0,002/0,002 secs] [Times: user=0,00 sys=0,00, real=0,01 secs] 
2016-11-27T08:10:48.072+0100: 2,892: [CMS-concurrent-preclean-start]
2016-11-27T08:10:48.073+0100: 2,893: [CMS-concurrent-preclean: 0,001/0,001 secs] [Times: user=0,01 sys=0,00, real=0,00 secs] 
2016-11-27T08:10:48.073+0100: 2,893: [GC (CMS Final Remark) [YG occupancy: 16155 K (109248 K)]{Heap before GC invocations=3 (full 1):
 par new generation   total 109248K, used 16155K [0x00000000e0000000, 0x00000000e8000000, 0x00000000e8000000)
  eden space 87424K,   1% used [0x00000000e0000000, 0x00000000e01621a8, 0x00000000e5560000)
  from space 21824K,  67% used [0x00000000e6ab0000, 0x00000000e7914b88, 0x00000000e8000000)
  to   space 21824K,   0% used [0x00000000e5560000, 0x00000000e5560000, 0x00000000e6ab0000)
 concurrent mark-sweep generation total 393216K, used 0K [0x00000000e8000000, 0x0000000100000000, 0x0000000100000000)
 Metaspace       used 25134K, capacity 25511K, committed 25612K, reserved 1073152K
  class space    used 2923K, capacity 3056K, committed 3064K, reserved 1048576K
2016-11-27T08:10:48.073+0100: 2,893: [GC (CMS Final Remark) 2016-11-27T08:10:48.073+0100: 2,893: [ParNew
Desired survivor size 20112992 bytes, new threshold 8 (max 8)
- age   1:      14064 bytes,      14064 total
- age   2:    3174360 bytes,    3188424 total
- age   3:     512224 bytes,    3700648 total
- age   4:    6121312 bytes,    9821960 total
: 16155K->15045K(109248K), 0,0101974 secs] 16155K->15045K(502464K), 0,0102673 secs] [Times: user=0,04 sys=0,00, real=0,01 secs] 
Heap after GC invocations=4 (full 1):
 par new generation   total 109248K, used 15045K [0x00000000e0000000, 0x00000000e8000000, 0x00000000e8000000)
  eden space 87424K,   0% used [0x00000000e0000000, 0x00000000e0000000, 0x00000000e5560000)
  from space 21824K,  68% used [0x00000000e5560000, 0x00000000e64114c8, 0x00000000e6ab0000)
  to   space 21824K,   0% used [0x00000000e6ab0000, 0x00000000e6ab0000, 0x00000000e8000000)
 concurrent mark-sweep generation total 393216K, used 0K [0x00000000e8000000, 0x0000000100000000, 0x0000000100000000)
 Metaspace       used 25134K, capacity 25511K, committed 25612K, reserved 1073152K
  class space    used 2923K, capacity 3056K, committed 3064K, reserved 1048576K
}
2016-11-27T08:10:48.084+0100: 2,904: [Rescan (parallel) , 0,0041223 secs]2016-11-27T08:10:48.088+0100: 2,908: [weak refs processing, 0,0004054 secs]2016-11-27T08:10:48.088+0100: 2,908: [class unloading, 0,0031632 secs]2016-11-27T08:10:48.091+0100: 2,911: [scrub symbol table, 0,0041386 secs]2016-11-27T08:10:48.096+0100: 2,916: [scrub string table, 0,0004171 secs][1 CMS-remark: 0K(393216K)] 15045K(502464K), 0,0233188 secs] [Times: user=0,06 sys=0,00, real=0,02 secs] 
2016-11-27T08:10:48.097+0100: 2,917: Total time for which application threads were stopped: 0,0234756 seconds, Stopping threads took: 0,0000502 seconds
2016-11-27T08:10:48.097+0100: 2,917: [CMS-concurrent-sweep-start]
2016-11-27T08:10:48.097+0100: 2,917: [CMS-concurrent-sweep: 0,000/0,000 secs] [Times: user=0,00 sys=0,00, real=0,00 secs] 
2016-11-27T08:10:48.097+0100: 2,917: [CMS-concurrent-reset-start]
2016-11-27T08:10:48.098+0100: 2,919: [CMS-concurrent-reset: 0,002/0,002 secs] [Times: user=0,00 sys=0,00, real=0,01 secs] 
2016-11-27T08:10:49.097+0100: 3,917: Total time for which application threads were stopped: 0,0000877 seconds, Stopping threads took: 0,0000166 seconds
2016-11-27T08:10:49.240+0100: 4,060: Total time for which application threads were stopped: 0,0002682 seconds, Stopping threads took: 0,0000143 seconds
2016-11-27T08:11:17.243+0100: 32,063: Total time for which application threads were stopped: 0,0000536 seconds, Stopping threads took: 0,0000150 seconds
2016-11-27T08:13:27.258+0100: 162,078: Total time for which application threads were stopped: 0,0000730 seconds, Stopping threads took: 0,0000328 seconds
2016-11-27T08:13:32.259+0100: 167,079: Total time for which application threads were stopped: 0,0000997 seconds, Stopping threads took: 0,0000236 seconds
2016-11-27T08:13:51.261+0100: 186,081: Total time for which application threads were stopped: 0,0001651 seconds, Stopping threads took: 0,0000698 seconds
2016-11-27T08:14:42.267+0100: 237,088: Total time for which application threads were stopped: 0,0001008 seconds, Stopping threads took: 0,0000436 seconds
2016-11-27T08:15:21.272+0100: 276,092: Total time for which application threads were stopped: 0,0001448 seconds, Stopping threads took: 0,0000575 seconds
2016-11-27T08:15:27.273+0100: 282,093: Total time for which application threads were stopped: 0,0000729 seconds, Stopping threads took: 0,0000296 seconds
2016-11-27T08:15:32.274+0100: 287,094: Total time for which application threads were stopped: 0,0000714 seconds, Stopping threads took: 0,0000297 seconds
2016-11-27T08:16:07.278+0100: 322,098: Total time for which application threads were stopped: 0,0000857 seconds, Stopping threads took: 0,0000338 seconds
2016-11-27T08:21:27.316+0100: 642,136: Total time for which application threads were stopped: 0,0001183 seconds, Stopping threads took: 0,0000377 seconds
2016-11-27T08:34:31.407+0100: 1426,227: Total time for which application threads were stopped: 0,0000723 seconds, Stopping threads took: 0,0000310 seconds
2016-11-27T08:38:41.434+0100: 1676,254: Total time for which application threads were stopped: 0,0000807 seconds, Stopping threads took: 0,0000392 seconds
2016-11-27T08:49:26.512+0100: 2321,332: Total time for which application threads were stopped: 0,0001006 seconds, Stopping threads took: 0,0000426 seconds
2016-11-27T08:49:27.512+0100: 2322,332: Total time for which application threads were stopped: 0,0000747 seconds, Stopping threads took: 0,0000302 seconds
2016-11-27T08:51:57.527+0100: 2472,348: Total time for which application threads were stopped: 0,0000855 seconds, Stopping threads took: 0,0000365 seconds
2016-11-27T08:53:54.697+0100: 2589,517: Total time for which application threads were stopped: 0,0001131 seconds, Stopping threads took: 0,0000220 seconds
Heap
 par new generation   total 109248K, used 58921K [0x00000000e0000000, 0x00000000e8000000, 0x00000000e8000000)
  eden space 87424K,  50% used [0x00000000e0000000, 0x00000000e2ad8f48, 0x00000000e5560000)
  from space 21824K,  68% used [0x00000000e5560000, 0x00000000e64114c8, 0x00000000e6ab0000)
  to   space 21824K,   0% used [0x00000000e6ab0000, 0x00000000e6ab0000, 0x00000000e8000000)
 concurrent mark-sweep generation total 393216K, used 0K [0x00000000e8000000, 0x0000000100000000, 0x0000000100000000)
 Metaspace       used 27170K, capacity 27597K, committed 27660K, reserved 1073152K
  class space    used 3161K, capacity 3319K, committed 3320K, reserved 1048576K
