OpenJDK 64-Bit Server VM (25.111-b14) for linux-amd64 JRE (1.8.0_111-8u111-b14-2ubuntu0.16.04.2-b14), built on Oct 27 2016 18:10:19 by "buildd" with gcc 5.4.0 20160609
Memory: 4k page, physical 7867848k(7472544k free), swap 8076284k(8076284k free)
CommandLine flags: -XX:CMSInitiatingOccupancyFraction=50 -XX:CMSMaxAbortablePrecleanTime=6000 -XX:+CMSParallelRemarkEnabled -XX:+CMSScavengeBeforeRemark -XX:ConcGCThreads=4 -XX:InitialHeapSize=536870912 -XX:MaxHeapSize=536870912 -XX:MaxTenuringThreshold=8 -XX:NewRatio=3 -XX:OldPLABSize=16 -XX:OnOutOfMemoryError=/opt/solr/bin/oom_solr.sh 8983 /var/solr/logs -XX:ParallelGCThreads=4 -XX:+ParallelRefProcEnabled -XX:PretenureSizeThreshold=67108864 -XX:+PrintGC -XX:+PrintGCApplicationStoppedTime -XX:+PrintGCDateStamps -XX:+PrintGCDetails -XX:+PrintGCTimeStamps -XX:+PrintHeapAtGC -XX:+PrintTenuringDistribution -XX:SurvivorRatio=4 -XX:TargetSurvivorRatio=90 -XX:ThreadStackSize=256 -XX:+UseCMSInitiatingOccupancyOnly -XX:+UseCompressedClassPointers -XX:+UseCompressedOops -XX:+UseConcMarkSweepGC -XX:+UseParNewGC 
2016-11-17T07:53:36.643+0100: 0,130: Total time for which application threads were stopped: 0,0000650 seconds, Stopping threads took: 0,0000087 seconds
2016-11-17T07:53:36.718+0100: 0,205: Total time for which application threads were stopped: 0,0001069 seconds, Stopping threads took: 0,0000159 seconds
2016-11-17T07:53:36.728+0100: 0,215: Total time for which application threads were stopped: 0,0001359 seconds, Stopping threads took: 0,0000536 seconds
2016-11-17T07:53:36.879+0100: 0,366: Total time for which application threads were stopped: 0,0001264 seconds, Stopping threads took: 0,0000154 seconds
2016-11-17T07:53:37.147+0100: 0,634: Total time for which application threads were stopped: 0,0001784 seconds, Stopping threads took: 0,0000210 seconds
2016-11-17T07:53:37.253+0100: 0,741: Total time for which application threads were stopped: 0,0001891 seconds, Stopping threads took: 0,0000257 seconds
2016-11-17T07:53:37.355+0100: 0,842: Total time for which application threads were stopped: 0,0001823 seconds, Stopping threads took: 0,0000327 seconds
2016-11-17T07:53:37.772+0100: 1,259: Total time for which application threads were stopped: 0,0001686 seconds, Stopping threads took: 0,0000200 seconds
2016-11-17T07:53:37.930+0100: 1,417: Total time for which application threads were stopped: 0,0010168 seconds, Stopping threads took: 0,0000527 seconds
2016-11-17T07:53:37.977+0100: 1,465: Total time for which application threads were stopped: 0,0002648 seconds, Stopping threads took: 0,0000405 seconds
2016-11-17T07:53:37.983+0100: 1,470: Total time for which application threads were stopped: 0,0002075 seconds, Stopping threads took: 0,0000284 seconds
2016-11-17T07:53:38.002+0100: 1,489: Total time for which application threads were stopped: 0,0001610 seconds, Stopping threads took: 0,0000124 seconds
2016-11-17T07:53:38.115+0100: 1,602: Total time for which application threads were stopped: 0,0002197 seconds, Stopping threads took: 0,0000179 seconds
2016-11-17T07:53:38.334+0100: 1,821: Total time for which application threads were stopped: 0,0002181 seconds, Stopping threads took: 0,0000171 seconds
{Heap before GC invocations=0 (full 0):
 par new generation   total 109248K, used 87424K [0x00000000e0000000, 0x00000000e8000000, 0x00000000e8000000)
  eden space 87424K, 100% used [0x00000000e0000000, 0x00000000e5560000, 0x00000000e5560000)
  from space 21824K,   0% used [0x00000000e5560000, 0x00000000e5560000, 0x00000000e6ab0000)
  to   space 21824K,   0% used [0x00000000e6ab0000, 0x00000000e6ab0000, 0x00000000e8000000)
 concurrent mark-sweep generation total 393216K, used 0K [0x00000000e8000000, 0x0000000100000000, 0x0000000100000000)
 Metaspace       used 18100K, capacity 18430K, committed 18560K, reserved 1064960K
  class space    used 2053K, capacity 2162K, committed 2176K, reserved 1048576K
2016-11-17T07:53:38.509+0100: 1,996: [GC (Allocation Failure) 2016-11-17T07:53:38.509+0100: 1,996: [ParNew
Desired survivor size 20112992 bytes, new threshold 8 (max 8)
- age   1:   12356960 bytes,   12356960 total
: 87424K->12185K(109248K), 0,0222424 secs] 87424K->12185K(502464K), 0,0224728 secs] [Times: user=0,04 sys=0,02, real=0,02 secs] 
Heap after GC invocations=1 (full 0):
 par new generation   total 109248K, used 12185K [0x00000000e0000000, 0x00000000e8000000, 0x00000000e8000000)
  eden space 87424K,   0% used [0x00000000e0000000, 0x00000000e0000000, 0x00000000e5560000)
  from space 21824K,  55% used [0x00000000e6ab0000, 0x00000000e76965f8, 0x00000000e8000000)
  to   space 21824K,   0% used [0x00000000e5560000, 0x00000000e5560000, 0x00000000e6ab0000)
 concurrent mark-sweep generation total 393216K, used 0K [0x00000000e8000000, 0x0000000100000000, 0x0000000100000000)
 Metaspace       used 18100K, capacity 18430K, committed 18560K, reserved 1064960K
  class space    used 2053K, capacity 2162K, committed 2176K, reserved 1048576K
}
2016-11-17T07:53:38.532+0100: 2,019: Total time for which application threads were stopped: 0,0226958 seconds, Stopping threads took: 0,0000225 seconds
2016-11-17T07:53:38.748+0100: 2,236: Total time for which application threads were stopped: 0,0003029 seconds, Stopping threads took: 0,0000573 seconds
2016-11-17T07:53:38.779+0100: 2,266: Total time for which application threads were stopped: 0,0003639 seconds, Stopping threads took: 0,0000248 seconds
2016-11-17T07:53:38.808+0100: 2,295: Total time for which application threads were stopped: 0,0002944 seconds, Stopping threads took: 0,0000240 seconds
{Heap before GC invocations=1 (full 0):
 par new generation   total 109248K, used 99609K [0x00000000e0000000, 0x00000000e8000000, 0x00000000e8000000)
  eden space 87424K, 100% used [0x00000000e0000000, 0x00000000e5560000, 0x00000000e5560000)
  from space 21824K,  55% used [0x00000000e6ab0000, 0x00000000e76965f8, 0x00000000e8000000)
  to   space 21824K,   0% used [0x00000000e5560000, 0x00000000e5560000, 0x00000000e6ab0000)
 concurrent mark-sweep generation total 393216K, used 0K [0x00000000e8000000, 0x0000000100000000, 0x0000000100000000)
 Metaspace       used 20716K, capacity 21020K, committed 21248K, reserved 1069056K
  class space    used 2403K, capacity 2518K, committed 2560K, reserved 1048576K
2016-11-17T07:53:38.984+0100: 2,471: [GC (Allocation Failure) 2016-11-17T07:53:38.984+0100: 2,471: [ParNew
Desired survivor size 20112992 bytes, new threshold 8 (max 8)
- age   1:    3379384 bytes,    3379384 total
- age   2:    6127432 bytes,    9506816 total
: 99609K->13087K(109248K), 0,0104146 secs] 99609K->13087K(502464K), 0,0104948 secs] [Times: user=0,04 sys=0,00, real=0,01 secs] 
Heap after GC invocations=2 (full 0):
 par new generation   total 109248K, used 13087K [0x00000000e0000000, 0x00000000e8000000, 0x00000000e8000000)
  eden space 87424K,   0% used [0x00000000e0000000, 0x00000000e0000000, 0x00000000e5560000)
  from space 21824K,  59% used [0x00000000e5560000, 0x00000000e6227df0, 0x00000000e6ab0000)
  to   space 21824K,   0% used [0x00000000e6ab0000, 0x00000000e6ab0000, 0x00000000e8000000)
 concurrent mark-sweep generation total 393216K, used 0K [0x00000000e8000000, 0x0000000100000000, 0x0000000100000000)
 Metaspace       used 20716K, capacity 21020K, committed 21248K, reserved 1069056K
  class space    used 2403K, capacity 2518K, committed 2560K, reserved 1048576K
}
2016-11-17T07:53:38.995+0100: 2,482: Total time for which application threads were stopped: 0,0107635 seconds, Stopping threads took: 0,0000510 seconds
2016-11-17T07:53:39.060+0100: 2,547: Total time for which application threads were stopped: 0,0000892 seconds, Stopping threads took: 0,0000148 seconds
2016-11-17T07:53:39.092+0100: 2,579: Total time for which application threads were stopped: 0,0000813 seconds, Stopping threads took: 0,0000132 seconds
2016-11-17T07:53:39.093+0100: 2,580: Total time for which application threads were stopped: 0,0002681 seconds, Stopping threads took: 0,0000131 seconds
2016-11-17T07:53:39.121+0100: 2,608: Total time for which application threads were stopped: 0,0000732 seconds, Stopping threads took: 0,0000128 seconds
2016-11-17T07:53:39.195+0100: 2,682: Total time for which application threads were stopped: 0,0001353 seconds, Stopping threads took: 0,0000428 seconds
2016-11-17T07:53:39.219+0100: 2,706: Total time for which application threads were stopped: 0,0001045 seconds, Stopping threads took: 0,0000291 seconds
2016-11-17T07:53:39.226+0100: 2,713: Total time for which application threads were stopped: 0,0002819 seconds, Stopping threads took: 0,0000208 seconds
2016-11-17T07:53:39.233+0100: 2,720: Total time for which application threads were stopped: 0,0000782 seconds, Stopping threads took: 0,0000222 seconds
2016-11-17T07:53:39.234+0100: 2,721: Total time for which application threads were stopped: 0,0002594 seconds, Stopping threads took: 0,0000207 seconds
2016-11-17T07:53:39.269+0100: 2,756: Total time for which application threads were stopped: 0,0001093 seconds, Stopping threads took: 0,0000295 seconds
2016-11-17T07:53:39.287+0100: 2,774: Total time for which application threads were stopped: 0,0000855 seconds, Stopping threads took: 0,0000179 seconds
2016-11-17T07:53:39.308+0100: 2,795: Total time for which application threads were stopped: 0,0000860 seconds, Stopping threads took: 0,0000194 seconds
2016-11-17T07:53:39.326+0100: 2,813: Total time for which application threads were stopped: 0,0000769 seconds, Stopping threads took: 0,0000136 seconds
2016-11-17T07:53:39.348+0100: 2,835: Total time for which application threads were stopped: 0,0000832 seconds, Stopping threads took: 0,0000133 seconds
2016-11-17T07:53:39.412+0100: 2,899: Total time for which application threads were stopped: 0,0001213 seconds, Stopping threads took: 0,0000282 seconds
2016-11-17T07:53:39.442+0100: 2,929: Total time for which application threads were stopped: 0,0001435 seconds, Stopping threads took: 0,0000273 seconds
{Heap before GC invocations=2 (full 0):
 par new generation   total 109248K, used 100511K [0x00000000e0000000, 0x00000000e8000000, 0x00000000e8000000)
  eden space 87424K, 100% used [0x00000000e0000000, 0x00000000e5560000, 0x00000000e5560000)
  from space 21824K,  59% used [0x00000000e5560000, 0x00000000e6227df0, 0x00000000e6ab0000)
  to   space 21824K,   0% used [0x00000000e6ab0000, 0x00000000e6ab0000, 0x00000000e8000000)
 concurrent mark-sweep generation total 393216K, used 0K [0x00000000e8000000, 0x0000000100000000, 0x0000000100000000)
 Metaspace       used 24852K, capacity 25220K, committed 25536K, reserved 1071104K
  class space    used 2895K, capacity 3024K, committed 3144K, reserved 1048576K
2016-11-17T07:53:39.465+0100: 2,952: [GC (Allocation Failure) 2016-11-17T07:53:39.465+0100: 2,952: [ParNew
Desired survivor size 20112992 bytes, new threshold 8 (max 8)
- age   1:    6675824 bytes,    6675824 total
- age   2:     546192 bytes,    7222016 total
- age   3:    6085312 bytes,   13307328 total
: 100511K->16052K(109248K), 0,0128958 secs] 100511K->16052K(502464K), 0,0129802 secs] [Times: user=0,04 sys=0,00, real=0,01 secs] 
Heap after GC invocations=3 (full 0):
 par new generation   total 109248K, used 16052K [0x00000000e0000000, 0x00000000e8000000, 0x00000000e8000000)
  eden space 87424K,   0% used [0x00000000e0000000, 0x00000000e0000000, 0x00000000e5560000)
  from space 21824K,  73% used [0x00000000e6ab0000, 0x00000000e7a5d340, 0x00000000e8000000)
  to   space 21824K,   0% used [0x00000000e5560000, 0x00000000e5560000, 0x00000000e6ab0000)
 concurrent mark-sweep generation total 393216K, used 0K [0x00000000e8000000, 0x0000000100000000, 0x0000000100000000)
 Metaspace       used 24852K, capacity 25220K, committed 25536K, reserved 1071104K
  class space    used 2895K, capacity 3024K, committed 3144K, reserved 1048576K
}
2016-11-17T07:53:39.478+0100: 2,965: Total time for which application threads were stopped: 0,0131290 seconds, Stopping threads took: 0,0000205 seconds
2016-11-17T07:53:39.478+0100: 2,965: [GC (CMS Initial Mark) [1 CMS-initial-mark: 0K(393216K)] 16060K(502464K), 0,0035583 secs] [Times: user=0,01 sys=0,00, real=0,00 secs] 
2016-11-17T07:53:39.482+0100: 2,969: Total time for which application threads were stopped: 0,0036842 seconds, Stopping threads took: 0,0000337 seconds
2016-11-17T07:53:39.482+0100: 2,969: [CMS-concurrent-mark-start]
2016-11-17T07:53:39.482+0100: 2,969: [CMS-concurrent-mark: 0,000/0,000 secs] [Times: user=0,00 sys=0,00, real=0,00 secs] 
2016-11-17T07:53:39.482+0100: 2,969: [CMS-concurrent-preclean-start]
2016-11-17T07:53:39.483+0100: 2,970: [CMS-concurrent-preclean: 0,001/0,001 secs] [Times: user=0,01 sys=0,00, real=0,01 secs] 
2016-11-17T07:53:39.483+0100: 2,970: [GC (CMS Final Remark) [YG occupancy: 17467 K (109248 K)]{Heap before GC invocations=3 (full 1):
 par new generation   total 109248K, used 17467K [0x00000000e0000000, 0x00000000e8000000, 0x00000000e8000000)
  eden space 87424K,   1% used [0x00000000e0000000, 0x00000000e0161ba8, 0x00000000e5560000)
  from space 21824K,  73% used [0x00000000e6ab0000, 0x00000000e7a5d340, 0x00000000e8000000)
  to   space 21824K,   0% used [0x00000000e5560000, 0x00000000e5560000, 0x00000000e6ab0000)
 concurrent mark-sweep generation total 393216K, used 0K [0x00000000e8000000, 0x0000000100000000, 0x0000000100000000)
 Metaspace       used 24852K, capacity 25220K, committed 25536K, reserved 1071104K
  class space    used 2895K, capacity 3024K, committed 3144K, reserved 1048576K
2016-11-17T07:53:39.483+0100: 2,970: [GC (CMS Final Remark) 2016-11-17T07:53:39.483+0100: 2,970: [ParNew
Desired survivor size 20112992 bytes, new threshold 8 (max 8)
- age   1:       8368 bytes,       8368 total
- age   2:    3146072 bytes,    3154440 total
- age   3:     546192 bytes,    3700632 total
- age   4:    6085384 bytes,    9786016 total
: 17467K->13855K(109248K), 0,0107555 secs] 17467K->13855K(502464K), 0,0108044 secs] [Times: user=0,03 sys=0,01, real=0,00 secs] 
Heap after GC invocations=4 (full 1):
 par new generation   total 109248K, used 13855K [0x00000000e0000000, 0x00000000e8000000, 0x00000000e8000000)
  eden space 87424K,   0% used [0x00000000e0000000, 0x00000000e0000000, 0x00000000e5560000)
  from space 21824K,  63% used [0x00000000e5560000, 0x00000000e62e7db8, 0x00000000e6ab0000)
  to   space 21824K,   0% used [0x00000000e6ab0000, 0x00000000e6ab0000, 0x00000000e8000000)
 concurrent mark-sweep generation total 393216K, used 0K [0x00000000e8000000, 0x0000000100000000, 0x0000000100000000)
 Metaspace       used 24852K, capacity 25220K, committed 25536K, reserved 1071104K
  class space    used 2895K, capacity 3024K, committed 3144K, reserved 1048576K
}
2016-11-17T07:53:39.494+0100: 2,981: [Rescan (parallel) , 0,0038816 secs]2016-11-17T07:53:39.498+0100: 2,985: [weak refs processing, 0,0007175 secs]2016-11-17T07:53:39.499+0100: 2,986: [class unloading, 0,0030938 secs]2016-11-17T07:53:39.502+0100: 2,989: [scrub symbol table, 0,0039640 secs]2016-11-17T07:53:39.506+0100: 2,993: [scrub string table, 0,0003874 secs][1 CMS-remark: 0K(393216K)] 13855K(502464K), 0,0235684 secs] [Times: user=0,05 sys=0,01, real=0,02 secs] 
2016-11-17T07:53:39.507+0100: 2,994: Total time for which application threads were stopped: 0,0236822 seconds, Stopping threads took: 0,0000349 seconds
2016-11-17T07:53:39.507+0100: 2,994: [CMS-concurrent-sweep-start]
2016-11-17T07:53:39.507+0100: 2,994: [CMS-concurrent-sweep: 0,000/0,000 secs] [Times: user=0,00 sys=0,00, real=0,00 secs] 
2016-11-17T07:53:39.507+0100: 2,994: [CMS-concurrent-reset-start]
2016-11-17T07:53:39.509+0100: 2,996: [CMS-concurrent-reset: 0,002/0,002 secs] [Times: user=0,00 sys=0,00, real=0,00 secs] 
2016-11-17T07:53:39.565+0100: 3,052: Total time for which application threads were stopped: 0,0003444 seconds, Stopping threads took: 0,0000256 seconds
2016-11-17T07:53:40.565+0100: 4,052: Total time for which application threads were stopped: 0,0000833 seconds, Stopping threads took: 0,0000171 seconds
2016-11-17T07:53:40.574+0100: 4,061: Total time for which application threads were stopped: 0,0002680 seconds, Stopping threads took: 0,0000150 seconds
2016-11-17T07:54:08.053+0100: 32,065: Total time for which application threads were stopped: 0,0000713 seconds, Stopping threads took: 0,0000194 seconds
2016-11-17T07:56:18.068+0100: 162,080: Total time for which application threads were stopped: 0,0001165 seconds, Stopping threads took: 0,0000565 seconds
2016-11-17T07:56:23.069+0100: 167,081: Total time for which application threads were stopped: 0,0003293 seconds, Stopping threads took: 0,0001446 seconds
2016-11-17T07:56:37.071+0100: 181,082: Total time for which application threads were stopped: 0,0000593 seconds, Stopping threads took: 0,0000171 seconds
2016-11-17T07:57:33.077+0100: 237,089: Total time for which application threads were stopped: 0,0000873 seconds, Stopping threads took: 0,0000342 seconds
2016-11-17T07:57:57.079+0100: 261,091: Total time for which application threads were stopped: 0,0000764 seconds, Stopping threads took: 0,0000328 seconds
2016-11-17T07:58:02.080+0100: 266,091: Total time for which application threads were stopped: 0,0000712 seconds, Stopping threads took: 0,0000199 seconds
2016-11-17T07:58:12.081+0100: 276,093: Total time for which application threads were stopped: 0,0000759 seconds, Stopping threads took: 0,0000302 seconds
2016-11-17T07:58:23.082+0100: 287,094: Total time for which application threads were stopped: 0,0000654 seconds, Stopping threads took: 0,0000159 seconds
2016-11-17T07:58:33.084+0100: 297,095: Total time for which application threads were stopped: 0,0000658 seconds, Stopping threads took: 0,0000156 seconds
2016-11-17T07:58:58.087+0100: 322,099: Total time for which application threads were stopped: 0,0000751 seconds, Stopping threads took: 0,0000318 seconds
2016-11-17T08:17:22.225+0100: 1426,237: Total time for which application threads were stopped: 0,0001012 seconds, Stopping threads took: 0,0000372 seconds
2016-11-17T08:21:37.262+0100: 1681,273: Total time for which application threads were stopped: 0,0000880 seconds, Stopping threads took: 0,0000371 seconds
2016-11-17T08:32:17.336+0100: 2321,348: Total time for which application threads were stopped: 0,0000787 seconds, Stopping threads took: 0,0000324 seconds
2016-11-17T08:32:18.337+0100: 2322,348: Total time for which application threads were stopped: 0,0000566 seconds, Stopping threads took: 0,0000144 seconds
2016-11-17T08:34:48.351+0100: 2472,363: Total time for which application threads were stopped: 0,0001290 seconds, Stopping threads took: 0,0000554 seconds
2016-11-17T08:46:53.426+0100: 3197,438: Total time for which application threads were stopped: 0,0000747 seconds, Stopping threads took: 0,0000298 seconds
2016-11-17T08:57:37.493+0100: 3841,504: Total time for which application threads were stopped: 0,0000777 seconds, Stopping threads took: 0,0000320 seconds
2016-11-17T09:00:37.512+0100: 4021,523: Total time for which application threads were stopped: 0,0000752 seconds, Stopping threads took: 0,0000328 seconds
2016-11-17T09:37:37.852+0100: 6241,864: Total time for which application threads were stopped: 0,0000733 seconds, Stopping threads took: 0,0000322 seconds
2016-11-17T09:38:42.863+0100: 6306,875: Total time for which application threads were stopped: 0,0001495 seconds, Stopping threads took: 0,0000584 seconds
2016-11-17T09:59:08.014+0100: 7532,025: Total time for which application threads were stopped: 0,0000758 seconds, Stopping threads took: 0,0000328 seconds
2016-11-17T10:01:38.031+0100: 7682,043: Total time for which application threads were stopped: 0,0000865 seconds, Stopping threads took: 0,0000371 seconds
2016-11-17T10:02:08.035+0100: 7712,047: Total time for which application threads were stopped: 0,0001236 seconds, Stopping threads took: 0,0000462 seconds
2016-11-17T12:09:38.043+0100: 15362,055: Total time for which application threads were stopped: 0,0000776 seconds, Stopping threads took: 0,0000311 seconds
2016-11-17T12:10:08.046+0100: 15392,058: Total time for which application threads were stopped: 0,0001542 seconds, Stopping threads took: 0,0000703 seconds
2016-11-17T16:53:23.413+0100: 32319,136: Total time for which application threads were stopped: 0,0001389 seconds, Stopping threads took: 0,0000327 seconds
Heap
 par new generation   total 109248K, used 57236K [0x00000000e0000000, 0x00000000e8000000, 0x00000000e8000000)
  eden space 87424K,  49% used [0x00000000e0000000, 0x00000000e2a5d498, 0x00000000e5560000)
  from space 21824K,  63% used [0x00000000e5560000, 0x00000000e62e7db8, 0x00000000e6ab0000)
  to   space 21824K,   0% used [0x00000000e6ab0000, 0x00000000e6ab0000, 0x00000000e8000000)
 concurrent mark-sweep generation total 393216K, used 0K [0x00000000e8000000, 0x0000000100000000, 0x0000000100000000)
 Metaspace       used 27252K, capacity 27658K, committed 27972K, reserved 1073152K
  class space    used 3162K, capacity 3319K, committed 3400K, reserved 1048576K
