OpenJDK 64-Bit Server VM (25.111-b14) for linux-amd64 JRE (1.8.0_111-8u111-b14-2ubuntu0.16.04.2-b14), built on Oct 27 2016 18:10:19 by "buildd" with gcc 5.4.0 20160609
Memory: 4k page, physical 7867800k(7507548k free), swap 8076284k(8076284k free)
CommandLine flags: -XX:CMSInitiatingOccupancyFraction=50 -XX:CMSMaxAbortablePrecleanTime=6000 -XX:+CMSParallelRemarkEnabled -XX:+CMSScavengeBeforeRemark -XX:ConcGCThreads=4 -XX:InitialHeapSize=536870912 -XX:MaxHeapSize=536870912 -XX:MaxTenuringThreshold=8 -XX:NewRatio=3 -XX:OldPLABSize=16 -XX:OnOutOfMemoryError=/opt/solr/bin/oom_solr.sh 8983 /var/solr/logs -XX:ParallelGCThreads=4 -XX:+ParallelRefProcEnabled -XX:PretenureSizeThreshold=67108864 -XX:+PrintGC -XX:+PrintGCApplicationStoppedTime -XX:+PrintGCDateStamps -XX:+PrintGCDetails -XX:+PrintGCTimeStamps -XX:+PrintHeapAtGC -XX:+PrintTenuringDistribution -XX:SurvivorRatio=4 -XX:TargetSurvivorRatio=90 -XX:ThreadStackSize=256 -XX:+UseCMSInitiatingOccupancyOnly -XX:+UseCompressedClassPointers -XX:+UseCompressedOops -XX:+UseConcMarkSweepGC -XX:+UseParNewGC 
2017-01-18T22:06:03.848+0100: 0,139: Total time for which application threads were stopped: 0,0000752 seconds, Stopping threads took: 0,0000088 seconds
2017-01-18T22:06:03.944+0100: 0,235: Total time for which application threads were stopped: 0,0001171 seconds, Stopping threads took: 0,0000111 seconds
2017-01-18T22:06:03.957+0100: 0,248: Total time for which application threads were stopped: 0,0001040 seconds, Stopping threads took: 0,0000148 seconds
2017-01-18T22:06:04.152+0100: 0,443: Total time for which application threads were stopped: 0,0001110 seconds, Stopping threads took: 0,0000128 seconds
2017-01-18T22:06:04.609+0100: 0,900: Total time for which application threads were stopped: 0,0005626 seconds, Stopping threads took: 0,0000256 seconds
2017-01-18T22:06:04.732+0100: 1,023: Total time for which application threads were stopped: 0,0001883 seconds, Stopping threads took: 0,0000341 seconds
2017-01-18T22:06:04.762+0100: 1,053: Total time for which application threads were stopped: 0,0002011 seconds, Stopping threads took: 0,0000660 seconds
2017-01-18T22:06:05.008+0100: 1,299: Total time for which application threads were stopped: 0,0008845 seconds, Stopping threads took: 0,0001099 seconds
2017-01-18T22:06:05.218+0100: 1,509: Total time for which application threads were stopped: 0,0001885 seconds, Stopping threads took: 0,0000109 seconds
2017-01-18T22:06:05.246+0100: 1,537: Total time for which application threads were stopped: 0,0002736 seconds, Stopping threads took: 0,0000257 seconds
2017-01-18T22:06:05.248+0100: 1,539: Total time for which application threads were stopped: 0,0002821 seconds, Stopping threads took: 0,0000400 seconds
2017-01-18T22:06:05.261+0100: 1,552: Total time for which application threads were stopped: 0,0003518 seconds, Stopping threads took: 0,0000422 seconds
2017-01-18T22:06:05.366+0100: 1,657: Total time for which application threads were stopped: 0,0033265 seconds, Stopping threads took: 0,0031034 seconds
2017-01-18T22:06:05.544+0100: 1,835: Total time for which application threads were stopped: 0,0004369 seconds, Stopping threads took: 0,0002382 seconds
{Heap before GC invocations=0 (full 0):
 par new generation   total 109248K, used 87424K [0x00000000e0000000, 0x00000000e8000000, 0x00000000e8000000)
  eden space 87424K, 100% used [0x00000000e0000000, 0x00000000e5560000, 0x00000000e5560000)
  from space 21824K,   0% used [0x00000000e5560000, 0x00000000e5560000, 0x00000000e6ab0000)
  to   space 21824K,   0% used [0x00000000e6ab0000, 0x00000000e6ab0000, 0x00000000e8000000)
 concurrent mark-sweep generation total 393216K, used 0K [0x00000000e8000000, 0x0000000100000000, 0x0000000100000000)
 Metaspace       used 18331K, capacity 18686K, committed 18944K, reserved 1067008K
  class space    used 2091K, capacity 2226K, committed 2304K, reserved 1048576K
2017-01-18T22:06:05.682+0100: 1,973: [GC (Allocation Failure) 2017-01-18T22:06:05.682+0100: 1,973: [ParNew
Desired survivor size 20112992 bytes, new threshold 8 (max 8)
- age   1:   12578480 bytes,   12578480 total
: 87424K->12397K(109248K), 0,0182942 secs] 87424K->12397K(502464K), 0,0183934 secs] [Times: user=0,06 sys=0,00, real=0,02 secs] 
Heap after GC invocations=1 (full 0):
 par new generation   total 109248K, used 12397K [0x00000000e0000000, 0x00000000e8000000, 0x00000000e8000000)
  eden space 87424K,   0% used [0x00000000e0000000, 0x00000000e0000000, 0x00000000e5560000)
  from space 21824K,  56% used [0x00000000e6ab0000, 0x00000000e76cb6f0, 0x00000000e8000000)
  to   space 21824K,   0% used [0x00000000e5560000, 0x00000000e5560000, 0x00000000e6ab0000)
 concurrent mark-sweep generation total 393216K, used 0K [0x00000000e8000000, 0x0000000100000000, 0x0000000100000000)
 Metaspace       used 18331K, capacity 18686K, committed 18944K, reserved 1067008K
  class space    used 2091K, capacity 2226K, committed 2304K, reserved 1048576K
}
2017-01-18T22:06:05.700+0100: 1,991: Total time for which application threads were stopped: 0,0185608 seconds, Stopping threads took: 0,0000193 seconds
2017-01-18T22:06:05.859+0100: 2,150: Total time for which application threads were stopped: 0,0003111 seconds, Stopping threads took: 0,0000348 seconds
2017-01-18T22:06:05.897+0100: 2,188: Total time for which application threads were stopped: 0,0003020 seconds, Stopping threads took: 0,0000387 seconds
2017-01-18T22:06:05.925+0100: 2,216: Total time for which application threads were stopped: 0,0003692 seconds, Stopping threads took: 0,0000426 seconds
{Heap before GC invocations=1 (full 0):
 par new generation   total 109248K, used 99821K [0x00000000e0000000, 0x00000000e8000000, 0x00000000e8000000)
  eden space 87424K, 100% used [0x00000000e0000000, 0x00000000e5560000, 0x00000000e5560000)
  from space 21824K,  56% used [0x00000000e6ab0000, 0x00000000e76cb6f0, 0x00000000e8000000)
  to   space 21824K,   0% used [0x00000000e5560000, 0x00000000e5560000, 0x00000000e6ab0000)
 concurrent mark-sweep generation total 393216K, used 0K [0x00000000e8000000, 0x0000000100000000, 0x0000000100000000)
 Metaspace       used 20696K, capacity 21020K, committed 21248K, reserved 1069056K
  class space    used 2404K, capacity 2518K, committed 2560K, reserved 1048576K
2017-01-18T22:06:06.101+0100: 2,392: [GC (Allocation Failure) 2017-01-18T22:06:06.101+0100: 2,392: [ParNew
Desired survivor size 20112992 bytes, new threshold 8 (max 8)
- age   1:    2815824 bytes,    2815824 total
- age   2:    6139488 bytes,    8955312 total
: 99821K->11361K(109248K), 0,0177485 secs] 99821K->11361K(502464K), 0,0178189 secs] [Times: user=0,06 sys=0,01, real=0,02 secs] 
Heap after GC invocations=2 (full 0):
 par new generation   total 109248K, used 11361K [0x00000000e0000000, 0x00000000e8000000, 0x00000000e8000000)
  eden space 87424K,   0% used [0x00000000e0000000, 0x00000000e0000000, 0x00000000e5560000)
  from space 21824K,  52% used [0x00000000e5560000, 0x00000000e6078400, 0x00000000e6ab0000)
  to   space 21824K,   0% used [0x00000000e6ab0000, 0x00000000e6ab0000, 0x00000000e8000000)
 concurrent mark-sweep generation total 393216K, used 0K [0x00000000e8000000, 0x0000000100000000, 0x0000000100000000)
 Metaspace       used 20696K, capacity 21020K, committed 21248K, reserved 1069056K
  class space    used 2404K, capacity 2518K, committed 2560K, reserved 1048576K
}
2017-01-18T22:06:06.119+0100: 2,410: Total time for which application threads were stopped: 0,0180596 seconds, Stopping threads took: 0,0000859 seconds
2017-01-18T22:06:06.167+0100: 2,458: Total time for which application threads were stopped: 0,0000714 seconds, Stopping threads took: 0,0000161 seconds
2017-01-18T22:06:06.200+0100: 2,491: Total time for which application threads were stopped: 0,0002582 seconds, Stopping threads took: 0,0000172 seconds
2017-01-18T22:06:06.205+0100: 2,496: Total time for which application threads were stopped: 0,0001208 seconds, Stopping threads took: 0,0000484 seconds
2017-01-18T22:06:06.232+0100: 2,523: Total time for which application threads were stopped: 0,0000878 seconds, Stopping threads took: 0,0000197 seconds
2017-01-18T22:06:06.304+0100: 2,595: Total time for which application threads were stopped: 0,0001157 seconds, Stopping threads took: 0,0000274 seconds
2017-01-18T22:06:06.321+0100: 2,612: Total time for which application threads were stopped: 0,0000847 seconds, Stopping threads took: 0,0000206 seconds
2017-01-18T22:06:06.328+0100: 2,619: Total time for which application threads were stopped: 0,0002879 seconds, Stopping threads took: 0,0000199 seconds
2017-01-18T22:06:06.335+0100: 2,626: Total time for which application threads were stopped: 0,0002887 seconds, Stopping threads took: 0,0000179 seconds
2017-01-18T22:06:06.342+0100: 2,633: Total time for which application threads were stopped: 0,0000937 seconds, Stopping threads took: 0,0000271 seconds
2017-01-18T22:06:06.375+0100: 2,666: Total time for which application threads were stopped: 0,0000791 seconds, Stopping threads took: 0,0000209 seconds
2017-01-18T22:06:06.387+0100: 2,678: Total time for which application threads were stopped: 0,0000890 seconds, Stopping threads took: 0,0000211 seconds
2017-01-18T22:06:06.409+0100: 2,699: Total time for which application threads were stopped: 0,0000940 seconds, Stopping threads took: 0,0000259 seconds
2017-01-18T22:06:06.435+0100: 2,726: Total time for which application threads were stopped: 0,0000718 seconds, Stopping threads took: 0,0000121 seconds
2017-01-18T22:06:06.460+0100: 2,751: Total time for which application threads were stopped: 0,0001862 seconds, Stopping threads took: 0,0000957 seconds
2017-01-18T22:06:06.517+0100: 2,808: Total time for which application threads were stopped: 0,0001031 seconds, Stopping threads took: 0,0000324 seconds
2017-01-18T22:06:06.549+0100: 2,840: Total time for which application threads were stopped: 0,0001084 seconds, Stopping threads took: 0,0000218 seconds
2017-01-18T22:06:06.578+0100: 2,869: Total time for which application threads were stopped: 0,0001154 seconds, Stopping threads took: 0,0000271 seconds
{Heap before GC invocations=2 (full 0):
 par new generation   total 109248K, used 98785K [0x00000000e0000000, 0x00000000e8000000, 0x00000000e8000000)
  eden space 87424K, 100% used [0x00000000e0000000, 0x00000000e5560000, 0x00000000e5560000)
  from space 21824K,  52% used [0x00000000e5560000, 0x00000000e6078400, 0x00000000e6ab0000)
  to   space 21824K,   0% used [0x00000000e6ab0000, 0x00000000e6ab0000, 0x00000000e8000000)
 concurrent mark-sweep generation total 393216K, used 0K [0x00000000e8000000, 0x0000000100000000, 0x0000000100000000)
 Metaspace       used 25121K, capacity 25512K, committed 25868K, reserved 1073152K
  class space    used 2925K, capacity 3057K, committed 3092K, reserved 1048576K
2017-01-18T22:06:06.582+0100: 2,873: [GC (Allocation Failure) 2017-01-18T22:06:06.582+0100: 2,873: [ParNew
Desired survivor size 20112992 bytes, new threshold 8 (max 8)
- age   1:    6955664 bytes,    6955664 total
- age   2:     513880 bytes,    7469544 total
- age   3:    6131928 bytes,   13601472 total
: 98785K->15519K(109248K), 0,0137827 secs] 98785K->15519K(502464K), 0,0138476 secs] [Times: user=0,04 sys=0,00, real=0,02 secs] 
Heap after GC invocations=3 (full 0):
 par new generation   total 109248K, used 15519K [0x00000000e0000000, 0x00000000e8000000, 0x00000000e8000000)
  eden space 87424K,   0% used [0x00000000e0000000, 0x00000000e0000000, 0x00000000e5560000)
  from space 21824K,  71% used [0x00000000e6ab0000, 0x00000000e79d7c00, 0x00000000e8000000)
  to   space 21824K,   0% used [0x00000000e5560000, 0x00000000e5560000, 0x00000000e6ab0000)
 concurrent mark-sweep generation total 393216K, used 0K [0x00000000e8000000, 0x0000000100000000, 0x0000000100000000)
 Metaspace       used 25121K, capacity 25512K, committed 25868K, reserved 1073152K
  class space    used 2925K, capacity 3057K, committed 3092K, reserved 1048576K
}
2017-01-18T22:06:06.596+0100: 2,887: Total time for which application threads were stopped: 0,0140308 seconds, Stopping threads took: 0,0000270 seconds
2017-01-18T22:06:06.596+0100: 2,887: [GC (CMS Initial Mark) [1 CMS-initial-mark: 0K(393216K)] 15526K(502464K), 0,0048463 secs] [Times: user=0,02 sys=0,00, real=0,00 secs] 
2017-01-18T22:06:06.601+0100: 2,892: Total time for which application threads were stopped: 0,0050202 seconds, Stopping threads took: 0,0000594 seconds
2017-01-18T22:06:06.601+0100: 2,892: [CMS-concurrent-mark-start]
2017-01-18T22:06:06.601+0100: 2,892: [CMS-concurrent-mark: 0,000/0,000 secs] [Times: user=0,00 sys=0,00, real=0,00 secs] 
2017-01-18T22:06:06.601+0100: 2,892: [CMS-concurrent-preclean-start]
2017-01-18T22:06:06.602+0100: 2,893: [CMS-concurrent-preclean: 0,001/0,001 secs] [Times: user=0,00 sys=0,00, real=0,01 secs] 
2017-01-18T22:06:06.603+0100: 2,894: [GC (CMS Final Remark) [YG occupancy: 16937 K (109248 K)]{Heap before GC invocations=3 (full 1):
 par new generation   total 109248K, used 16937K [0x00000000e0000000, 0x00000000e8000000, 0x00000000e8000000)
  eden space 87424K,   1% used [0x00000000e0000000, 0x00000000e01628b0, 0x00000000e5560000)
  from space 21824K,  71% used [0x00000000e6ab0000, 0x00000000e79d7c00, 0x00000000e8000000)
  to   space 21824K,   0% used [0x00000000e5560000, 0x00000000e5560000, 0x00000000e6ab0000)
 concurrent mark-sweep generation total 393216K, used 0K [0x00000000e8000000, 0x0000000100000000, 0x0000000100000000)
 Metaspace       used 25133K, capacity 25512K, committed 25868K, reserved 1073152K
  class space    used 2926K, capacity 3057K, committed 3092K, reserved 1048576K
2017-01-18T22:06:06.603+0100: 2,894: [GC (CMS Final Remark) 2017-01-18T22:06:06.603+0100: 2,894: [ParNew
Desired survivor size 20112992 bytes, new threshold 8 (max 8)
- age   1:       1760 bytes,       1760 total
- age   2:    6537688 bytes,    6539448 total
- age   3:     513880 bytes,    7053328 total
- age   4:    6131920 bytes,   13185248 total
: 16937K->16882K(109248K), 0,0108318 secs] 16937K->16882K(502464K), 0,0108684 secs] [Times: user=0,04 sys=0,00, real=0,01 secs] 
Heap after GC invocations=4 (full 1):
 par new generation   total 109248K, used 16882K [0x00000000e0000000, 0x00000000e8000000, 0x00000000e8000000)
  eden space 87424K,   0% used [0x00000000e0000000, 0x00000000e0000000, 0x00000000e5560000)
  from space 21824K,  77% used [0x00000000e5560000, 0x00000000e65dcbb0, 0x00000000e6ab0000)
  to   space 21824K,   0% used [0x00000000e6ab0000, 0x00000000e6ab0000, 0x00000000e8000000)
 concurrent mark-sweep generation total 393216K, used 0K [0x00000000e8000000, 0x0000000100000000, 0x0000000100000000)
 Metaspace       used 25133K, capacity 25512K, committed 25868K, reserved 1073152K
  class space    used 2926K, capacity 3057K, committed 3092K, reserved 1048576K
}
2017-01-18T22:06:06.614+0100: 2,905: [Rescan (parallel) , 0,0035711 secs]2017-01-18T22:06:06.617+0100: 2,908: [weak refs processing, 0,0004908 secs]2017-01-18T22:06:06.618+0100: 2,909: [class unloading, 0,0032390 secs]2017-01-18T22:06:06.621+0100: 2,912: [scrub symbol table, 0,0034100 secs]2017-01-18T22:06:06.624+0100: 2,915: [scrub string table, 0,0003930 secs][1 CMS-remark: 0K(393216K)] 16882K(502464K), 0,0226802 secs] [Times: user=0,06 sys=0,00, real=0,02 secs] 
2017-01-18T22:06:06.625+0100: 2,916: Total time for which application threads were stopped: 0,0228005 seconds, Stopping threads took: 0,0000533 seconds
2017-01-18T22:06:06.626+0100: 2,917: [CMS-concurrent-sweep-start]
2017-01-18T22:06:06.626+0100: 2,917: [CMS-concurrent-sweep: 0,000/0,000 secs] [Times: user=0,00 sys=0,00, real=0,00 secs] 
2017-01-18T22:06:06.626+0100: 2,917: [CMS-concurrent-reset-start]
2017-01-18T22:06:06.628+0100: 2,919: [CMS-concurrent-reset: 0,002/0,002 secs] [Times: user=0,01 sys=0,00, real=0,00 secs] 
2017-01-18T22:06:06.668+0100: 2,959: Total time for which application threads were stopped: 0,0003662 seconds, Stopping threads took: 0,0000250 seconds
2017-01-18T22:06:07.668+0100: 3,959: Total time for which application threads were stopped: 0,0001020 seconds, Stopping threads took: 0,0000195 seconds
2017-01-18T22:06:07.761+0100: 4,052: Total time for which application threads were stopped: 0,0003277 seconds, Stopping threads took: 0,0000159 seconds
2017-01-18T22:06:25.999+0100: 22,290: Total time for which application threads were stopped: 0,0000883 seconds, Stopping threads took: 0,0000141 seconds
2017-01-18T22:06:26.000+0100: 22,291: Total time for which application threads were stopped: 0,0000888 seconds, Stopping threads took: 0,0000226 seconds
2017-01-18T22:06:26.000+0100: 22,291: Total time for which application threads were stopped: 0,0000394 seconds, Stopping threads took: 0,0000062 seconds
2017-01-18T22:06:26.002+0100: 22,293: Total time for which application threads were stopped: 0,0001932 seconds, Stopping threads took: 0,0000463 seconds
2017-01-18T22:06:26.004+0100: 22,295: Total time for which application threads were stopped: 0,0001392 seconds, Stopping threads took: 0,0000393 seconds
2017-01-18T22:06:26.008+0100: 22,299: Total time for which application threads were stopped: 0,0001437 seconds, Stopping threads took: 0,0000450 seconds
2017-01-18T22:06:26.009+0100: 22,300: Total time for which application threads were stopped: 0,0004024 seconds, Stopping threads took: 0,0003101 seconds
2017-01-18T22:06:26.014+0100: 22,305: Total time for which application threads were stopped: 0,0001377 seconds, Stopping threads took: 0,0000354 seconds
2017-01-18T22:06:26.016+0100: 22,307: Total time for which application threads were stopped: 0,0003645 seconds, Stopping threads took: 0,0000888 seconds
2017-01-18T22:06:26.029+0100: 22,320: Total time for which application threads were stopped: 0,0013608 seconds, Stopping threads took: 0,0012393 seconds
2017-01-18T22:06:26.031+0100: 22,322: Total time for which application threads were stopped: 0,0006537 seconds, Stopping threads took: 0,0005545 seconds
2017-01-18T22:06:26.034+0100: 22,325: Total time for which application threads were stopped: 0,0005834 seconds, Stopping threads took: 0,0004818 seconds
2017-01-18T22:06:26.036+0100: 22,327: Total time for which application threads were stopped: 0,0001319 seconds, Stopping threads took: 0,0000362 seconds
2017-01-18T22:06:26.043+0100: 22,334: Total time for which application threads were stopped: 0,0002087 seconds, Stopping threads took: 0,0000514 seconds
2017-01-18T22:06:26.063+0100: 22,354: Total time for which application threads were stopped: 0,0002084 seconds, Stopping threads took: 0,0001035 seconds
2017-01-18T22:06:26.067+0100: 22,358: Total time for which application threads were stopped: 0,0036197 seconds, Stopping threads took: 0,0031713 seconds
2017-01-18T22:06:26.091+0100: 22,382: Total time for which application threads were stopped: 0,0002944 seconds, Stopping threads took: 0,0001725 seconds
2017-01-18T22:06:26.093+0100: 22,384: Total time for which application threads were stopped: 0,0001858 seconds, Stopping threads took: 0,0000980 seconds
2017-01-18T22:06:26.098+0100: 22,389: Total time for which application threads were stopped: 0,0015837 seconds, Stopping threads took: 0,0014508 seconds
2017-01-18T22:06:26.111+0100: 22,402: Total time for which application threads were stopped: 0,0029633 seconds, Stopping threads took: 0,0023158 seconds
2017-01-18T22:06:26.117+0100: 22,408: Total time for which application threads were stopped: 0,0007788 seconds, Stopping threads took: 0,0002191 seconds
2017-01-18T22:06:26.280+0100: 22,570: Total time for which application threads were stopped: 0,0001568 seconds, Stopping threads took: 0,0000309 seconds
2017-01-18T22:06:26.283+0100: 22,574: Total time for which application threads were stopped: 0,0001320 seconds, Stopping threads took: 0,0000353 seconds
2017-01-18T22:06:26.377+0100: 22,668: Total time for which application threads were stopped: 0,0055955 seconds, Stopping threads took: 0,0055121 seconds
2017-01-18T22:06:26.385+0100: 22,676: Total time for which application threads were stopped: 0,0008194 seconds, Stopping threads took: 0,0007019 seconds
2017-01-18T22:06:26.388+0100: 22,678: Total time for which application threads were stopped: 0,0001463 seconds, Stopping threads took: 0,0000196 seconds
2017-01-18T22:06:26.388+0100: 22,679: Total time for which application threads were stopped: 0,0003026 seconds, Stopping threads took: 0,0000476 seconds
2017-01-18T22:06:26.478+0100: 22,769: Total time for which application threads were stopped: 0,0003243 seconds, Stopping threads took: 0,0000631 seconds
2017-01-18T22:06:26.485+0100: 22,776: Total time for which application threads were stopped: 0,0001797 seconds, Stopping threads took: 0,0000946 seconds
2017-01-18T22:06:26.488+0100: 22,779: Total time for which application threads were stopped: 0,0012719 seconds, Stopping threads took: 0,0011912 seconds
2017-01-18T22:06:26.549+0100: 22,839: Total time for which application threads were stopped: 0,0003864 seconds, Stopping threads took: 0,0002902 seconds
2017-01-18T22:06:26.557+0100: 22,848: Total time for which application threads were stopped: 0,0017128 seconds, Stopping threads took: 0,0014991 seconds
2017-01-18T22:06:26.945+0100: 23,236: Total time for which application threads were stopped: 0,0005209 seconds, Stopping threads took: 0,0001045 seconds
2017-01-18T22:06:26.946+0100: 23,237: Total time for which application threads were stopped: 0,0004307 seconds, Stopping threads took: 0,0001111 seconds
2017-01-18T22:06:26.963+0100: 23,254: Total time for which application threads were stopped: 0,0001313 seconds, Stopping threads took: 0,0000478 seconds
2017-01-18T22:06:26.964+0100: 23,254: Total time for which application threads were stopped: 0,0000642 seconds, Stopping threads took: 0,0000236 seconds
2017-01-18T22:06:26.964+0100: 23,255: Total time for which application threads were stopped: 0,0000387 seconds, Stopping threads took: 0,0000058 seconds
2017-01-18T22:06:27.014+0100: 23,305: Total time for which application threads were stopped: 0,0000980 seconds, Stopping threads took: 0,0000189 seconds
2017-01-18T22:06:27.015+0100: 23,306: Total time for which application threads were stopped: 0,0000999 seconds, Stopping threads took: 0,0000232 seconds
2017-01-18T22:06:27.100+0100: 23,391: Total time for which application threads were stopped: 0,0052753 seconds, Stopping threads took: 0,0051537 seconds
2017-01-18T22:06:27.180+0100: 23,471: Total time for which application threads were stopped: 0,0001428 seconds, Stopping threads took: 0,0000427 seconds
2017-01-18T22:06:27.180+0100: 23,471: Total time for which application threads were stopped: 0,0000607 seconds, Stopping threads took: 0,0000201 seconds
2017-01-18T22:06:27.180+0100: 23,471: Total time for which application threads were stopped: 0,0000524 seconds, Stopping threads took: 0,0000164 seconds
2017-01-18T22:06:27.180+0100: 23,471: Total time for which application threads were stopped: 0,0000536 seconds, Stopping threads took: 0,0000156 seconds
2017-01-18T22:06:27.181+0100: 23,471: Total time for which application threads were stopped: 0,0000518 seconds, Stopping threads took: 0,0000194 seconds
2017-01-18T22:06:27.181+0100: 23,472: Total time for which application threads were stopped: 0,0000518 seconds, Stopping threads took: 0,0000179 seconds
2017-01-18T22:06:27.181+0100: 23,472: Total time for which application threads were stopped: 0,0000491 seconds, Stopping threads took: 0,0000170 seconds
2017-01-18T22:06:27.181+0100: 23,472: Total time for which application threads were stopped: 0,0000492 seconds, Stopping threads took: 0,0000159 seconds
2017-01-18T22:06:27.181+0100: 23,472: Total time for which application threads were stopped: 0,0000467 seconds, Stopping threads took: 0,0000154 seconds
2017-01-18T22:06:27.181+0100: 23,472: Total time for which application threads were stopped: 0,0000434 seconds, Stopping threads took: 0,0000120 seconds
2017-01-18T22:06:27.181+0100: 23,472: Total time for which application threads were stopped: 0,0000520 seconds, Stopping threads took: 0,0000159 seconds
2017-01-18T22:06:27.181+0100: 23,472: Total time for which application threads were stopped: 0,0001564 seconds, Stopping threads took: 0,0000198 seconds
2017-01-18T22:06:29.181+0100: 25,472: Total time for which application threads were stopped: 0,0001213 seconds, Stopping threads took: 0,0000254 seconds
2017-01-18T22:06:29.652+0100: 25,943: Total time for which application threads were stopped: 0,0005261 seconds, Stopping threads took: 0,0000228 seconds
2017-01-18T22:06:29.663+0100: 25,954: Total time for which application threads were stopped: 0,0007265 seconds, Stopping threads took: 0,0001313 seconds
2017-01-18T22:06:29.664+0100: 25,955: Total time for which application threads were stopped: 0,0002572 seconds, Stopping threads took: 0,0000388 seconds
2017-01-18T22:06:29.667+0100: 25,958: Total time for which application threads were stopped: 0,0002742 seconds, Stopping threads took: 0,0001597 seconds
2017-01-18T22:06:30.667+0100: 26,958: Total time for which application threads were stopped: 0,0005336 seconds, Stopping threads took: 0,0001061 seconds
2017-01-18T22:06:31.426+0100: 27,717: Total time for which application threads were stopped: 0,0001158 seconds, Stopping threads took: 0,0000454 seconds
2017-01-18T22:06:31.426+0100: 27,717: Total time for which application threads were stopped: 0,0000689 seconds, Stopping threads took: 0,0000240 seconds
2017-01-18T22:06:31.426+0100: 27,717: Total time for which application threads were stopped: 0,0000613 seconds, Stopping threads took: 0,0000215 seconds
2017-01-18T22:06:31.426+0100: 27,717: Total time for which application threads were stopped: 0,0000460 seconds, Stopping threads took: 0,0000135 seconds
2017-01-18T22:06:31.426+0100: 27,717: Total time for which application threads were stopped: 0,0000573 seconds, Stopping threads took: 0,0000223 seconds
2017-01-18T22:06:31.427+0100: 27,718: Total time for which application threads were stopped: 0,0001193 seconds, Stopping threads took: 0,0000466 seconds
2017-01-18T22:06:31.427+0100: 27,718: Total time for which application threads were stopped: 0,0000591 seconds, Stopping threads took: 0,0000174 seconds
2017-01-18T22:06:31.427+0100: 27,718: Total time for which application threads were stopped: 0,0000600 seconds, Stopping threads took: 0,0000191 seconds
2017-01-18T22:06:31.427+0100: 27,718: Total time for which application threads were stopped: 0,0000589 seconds, Stopping threads took: 0,0000176 seconds
2017-01-18T22:06:31.428+0100: 27,719: Total time for which application threads were stopped: 0,0000599 seconds, Stopping threads took: 0,0000180 seconds
2017-01-18T22:06:31.428+0100: 27,719: Total time for which application threads were stopped: 0,0000495 seconds, Stopping threads took: 0,0000164 seconds
2017-01-18T22:06:31.428+0100: 27,719: Total time for which application threads were stopped: 0,0000578 seconds, Stopping threads took: 0,0000234 seconds
2017-01-18T22:06:31.428+0100: 27,719: Total time for which application threads were stopped: 0,0000957 seconds, Stopping threads took: 0,0000385 seconds
2017-01-18T22:06:31.432+0100: 27,723: Total time for which application threads were stopped: 0,0001041 seconds, Stopping threads took: 0,0000321 seconds
2017-01-18T22:06:31.432+0100: 27,723: Total time for which application threads were stopped: 0,0000622 seconds, Stopping threads took: 0,0000167 seconds
2017-01-18T22:06:31.434+0100: 27,725: Total time for which application threads were stopped: 0,0001182 seconds, Stopping threads took: 0,0000250 seconds
2017-01-18T22:06:31.434+0100: 27,725: Total time for which application threads were stopped: 0,0000590 seconds, Stopping threads took: 0,0000081 seconds
2017-01-18T22:06:31.439+0100: 27,730: Total time for which application threads were stopped: 0,0035689 seconds, Stopping threads took: 0,0034798 seconds
2017-01-18T22:06:31.440+0100: 27,731: Total time for which application threads were stopped: 0,0000570 seconds, Stopping threads took: 0,0000087 seconds
2017-01-18T22:06:31.589+0100: 27,880: Total time for which application threads were stopped: 0,0001450 seconds, Stopping threads took: 0,0000224 seconds
2017-01-18T22:06:31.589+0100: 27,880: Total time for which application threads were stopped: 0,0000724 seconds, Stopping threads took: 0,0000103 seconds
2017-01-18T22:06:31.598+0100: 27,889: Total time for which application threads were stopped: 0,0001196 seconds, Stopping threads took: 0,0000461 seconds
2017-01-18T22:06:31.598+0100: 27,889: Total time for which application threads were stopped: 0,0000432 seconds, Stopping threads took: 0,0000067 seconds
2017-01-18T22:07:19.038+0100: 74,894: Total time for which application threads were stopped: 0,0000822 seconds, Stopping threads took: 0,0000229 seconds
2017-01-18T22:07:24.039+0100: 79,895: Total time for which application threads were stopped: 0,0000874 seconds, Stopping threads took: 0,0000214 seconds
2017-01-18T22:07:30.102+0100: 85,959: Total time for which application threads were stopped: 0,0000697 seconds, Stopping threads took: 0,0000175 seconds
2017-01-18T22:07:32.033+0100: 87,890: Total time for which application threads were stopped: 0,0005060 seconds, Stopping threads took: 0,0001702 seconds
2017-01-18T22:09:26.044+0100: 201,901: Total time for which application threads were stopped: 0,0000829 seconds, Stopping threads took: 0,0000362 seconds
2017-01-18T22:10:31.052+0100: 266,909: Total time for which application threads were stopped: 0,0004077 seconds, Stopping threads took: 0,0001511 seconds
2017-01-18T22:13:59.074+0100: 474,931: Total time for which application threads were stopped: 0,0000836 seconds, Stopping threads took: 0,0000354 seconds
2017-01-18T22:21:01.120+0100: 896,977: Total time for which application threads were stopped: 0,0004245 seconds, Stopping threads took: 0,0001845 seconds
2017-01-18T22:21:02.121+0100: 897,977: Total time for which application threads were stopped: 0,0003833 seconds, Stopping threads took: 0,0000913 seconds
2017-01-18T22:31:59.182+0100: 1555,039: Total time for which application threads were stopped: 0,0001063 seconds, Stopping threads took: 0,0000361 seconds
2017-01-18T22:32:03.183+0100: 1559,039: Total time for which application threads were stopped: 0,0001102 seconds, Stopping threads took: 0,0000256 seconds
2017-01-18T22:42:06.242+0100: 2162,099: Total time for which application threads were stopped: 0,0000817 seconds, Stopping threads took: 0,0000293 seconds
2017-01-18T22:45:26.264+0100: 2362,120: Total time for which application threads were stopped: 0,0000978 seconds, Stopping threads took: 0,0000395 seconds
2017-01-18T22:49:36.292+0100: 2612,149: Total time for which application threads were stopped: 0,0007594 seconds, Stopping threads took: 0,0001991 seconds
2017-01-18T22:58:06.341+0100: 3122,198: Total time for which application threads were stopped: 0,0000893 seconds, Stopping threads took: 0,0000373 seconds
2017-01-18T22:59:21.348+0100: 3197,204: Total time for which application threads were stopped: 0,0003280 seconds, Stopping threads took: 0,0000918 seconds
2017-01-18T23:13:04.427+0100: 4020,283: Total time for which application threads were stopped: 0,0000956 seconds, Stopping threads took: 0,0000314 seconds
2017-01-18T23:13:18.428+0100: 4034,285: Total time for which application threads were stopped: 0,0000843 seconds, Stopping threads took: 0,0000182 seconds
2017-01-18T23:47:26.639+0100: 6082,496: Total time for which application threads were stopped: 0,0000723 seconds, Stopping threads took: 0,0000276 seconds
2017-01-18T23:47:31.640+0100: 6087,496: Total time for which application threads were stopped: 0,0001159 seconds, Stopping threads took: 0,0000370 seconds
2017-01-19T00:02:05.729+0100: 6961,585: Total time for which application threads were stopped: 0,0001568 seconds, Stopping threads took: 0,0000620 seconds
2017-01-19T00:06:05.753+0100: 7201,609: Total time for which application threads were stopped: 0,0000964 seconds, Stopping threads took: 0,0000505 seconds
2017-01-19T00:07:35.762+0100: 7291,618: Total time for which application threads were stopped: 0,0000797 seconds, Stopping threads took: 0,0000293 seconds
2017-01-19T00:08:05.765+0100: 7321,621: Total time for which application threads were stopped: 0,0001300 seconds, Stopping threads took: 0,0000384 seconds
2017-01-19T00:14:35.803+0100: 7711,659: Total time for which application threads were stopped: 0,0000816 seconds, Stopping threads took: 0,0000326 seconds
2017-01-19T00:45:27.468+0100: 9563,324: Total time for which application threads were stopped: 0,0000936 seconds, Stopping threads took: 0,0000250 seconds
2017-01-19T00:45:27.526+0100: 9563,382: Total time for which application threads were stopped: 0,0001476 seconds, Stopping threads took: 0,0000172 seconds
Heap
 par new generation   total 109248K, used 65168K [0x00000000e0000000, 0x00000000e8000000, 0x00000000e8000000)
  eden space 87424K,  55% used [0x00000000e0000000, 0x00000000e2f27840, 0x00000000e5560000)
  from space 21824K,  77% used [0x00000000e5560000, 0x00000000e65dcbb0, 0x00000000e6ab0000)
  to   space 21824K,   0% used [0x00000000e6ab0000, 0x00000000e6ab0000, 0x00000000e8000000)
 concurrent mark-sweep generation total 393216K, used 0K [0x00000000e8000000, 0x0000000100000000, 0x0000000100000000)
 Metaspace       used 29153K, capacity 29596K, committed 29964K, reserved 1075200K
  class space    used 3378K, capacity 3533K, committed 3604K, reserved 1048576K
