OpenJDK 64-Bit Server VM (25.111-b14) for linux-amd64 JRE (1.8.0_111-8u111-b14-2ubuntu0.16.04.2-b14), built on Oct 27 2016 18:10:19 by "buildd" with gcc 5.4.0 20160609
Memory: 4k page, physical 7867840k(7461236k free), swap 8076284k(8076284k free)
CommandLine flags: -XX:CMSInitiatingOccupancyFraction=50 -XX:CMSMaxAbortablePrecleanTime=6000 -XX:+CMSParallelRemarkEnabled -XX:+CMSScavengeBeforeRemark -XX:ConcGCThreads=4 -XX:InitialHeapSize=536870912 -XX:MaxHeapSize=536870912 -XX:MaxTenuringThreshold=8 -XX:NewRatio=3 -XX:OldPLABSize=16 -XX:OnOutOfMemoryError=/opt/solr/bin/oom_solr.sh 8983 /var/solr/logs -XX:ParallelGCThreads=4 -XX:+ParallelRefProcEnabled -XX:PretenureSizeThreshold=67108864 -XX:+PrintGC -XX:+PrintGCApplicationStoppedTime -XX:+PrintGCDateStamps -XX:+PrintGCDetails -XX:+PrintGCTimeStamps -XX:+PrintHeapAtGC -XX:+PrintTenuringDistribution -XX:SurvivorRatio=4 -XX:TargetSurvivorRatio=90 -XX:ThreadStackSize=256 -XX:+UseCMSInitiatingOccupancyOnly -XX:+UseCompressedClassPointers -XX:+UseCompressedOops -XX:+UseConcMarkSweepGC -XX:+UseParNewGC 
2016-12-02T08:30:19.730+0100: 0,118: Total time for which application threads were stopped: 0,0000706 seconds, Stopping threads took: 0,0000106 seconds
2016-12-02T08:30:19.826+0100: 0,214: Total time for which application threads were stopped: 0,0001456 seconds, Stopping threads took: 0,0000290 seconds
2016-12-02T08:30:19.847+0100: 0,235: Total time for which application threads were stopped: 0,0001184 seconds, Stopping threads took: 0,0000205 seconds
2016-12-02T08:30:20.059+0100: 0,448: Total time for which application threads were stopped: 0,0001367 seconds, Stopping threads took: 0,0000219 seconds
2016-12-02T08:30:20.451+0100: 0,839: Total time for which application threads were stopped: 0,0001475 seconds, Stopping threads took: 0,0000217 seconds
2016-12-02T08:30:20.614+0100: 1,002: Total time for which application threads were stopped: 0,0001627 seconds, Stopping threads took: 0,0000184 seconds
2016-12-02T08:30:20.631+0100: 1,019: Total time for which application threads were stopped: 0,0002252 seconds, Stopping threads took: 0,0000248 seconds
2016-12-02T08:30:20.881+0100: 1,269: Total time for which application threads were stopped: 0,0001512 seconds, Stopping threads took: 0,0000112 seconds
2016-12-02T08:30:21.089+0100: 1,477: Total time for which application threads were stopped: 0,0003276 seconds, Stopping threads took: 0,0000199 seconds
2016-12-02T08:30:21.114+0100: 1,502: Total time for which application threads were stopped: 0,0001837 seconds, Stopping threads took: 0,0000193 seconds
2016-12-02T08:30:21.115+0100: 1,503: Total time for which application threads were stopped: 0,0001428 seconds, Stopping threads took: 0,0000193 seconds
2016-12-02T08:30:21.128+0100: 1,517: Total time for which application threads were stopped: 0,0001600 seconds, Stopping threads took: 0,0000208 seconds
2016-12-02T08:30:21.227+0100: 1,615: Total time for which application threads were stopped: 0,0002330 seconds, Stopping threads took: 0,0000217 seconds
2016-12-02T08:30:21.422+0100: 1,811: Total time for which application threads were stopped: 0,0002329 seconds, Stopping threads took: 0,0000334 seconds
{Heap before GC invocations=0 (full 0):
 par new generation   total 109248K, used 87424K [0x00000000e0000000, 0x00000000e8000000, 0x00000000e8000000)
  eden space 87424K, 100% used [0x00000000e0000000, 0x00000000e5560000, 0x00000000e5560000)
  from space 21824K,   0% used [0x00000000e5560000, 0x00000000e5560000, 0x00000000e6ab0000)
  to   space 21824K,   0% used [0x00000000e6ab0000, 0x00000000e6ab0000, 0x00000000e8000000)
 concurrent mark-sweep generation total 393216K, used 0K [0x00000000e8000000, 0x0000000100000000, 0x0000000100000000)
 Metaspace       used 18364K, capacity 18686K, committed 18944K, reserved 1067008K
  class space    used 2091K, capacity 2226K, committed 2304K, reserved 1048576K
2016-12-02T08:30:21.570+0100: 1,958: [GC (Allocation Failure) 2016-12-02T08:30:21.570+0100: 1,958: [ParNew
Desired survivor size 20112992 bytes, new threshold 8 (max 8)
- age   1:   12580408 bytes,   12580408 total
: 87424K->12402K(109248K), 0,0163097 secs] 87424K->12402K(502464K), 0,0164119 secs] [Times: user=0,04 sys=0,01, real=0,01 secs] 
Heap after GC invocations=1 (full 0):
 par new generation   total 109248K, used 12402K [0x00000000e0000000, 0x00000000e8000000, 0x00000000e8000000)
  eden space 87424K,   0% used [0x00000000e0000000, 0x00000000e0000000, 0x00000000e5560000)
  from space 21824K,  56% used [0x00000000e6ab0000, 0x00000000e76ccb10, 0x00000000e8000000)
  to   space 21824K,   0% used [0x00000000e5560000, 0x00000000e5560000, 0x00000000e6ab0000)
 concurrent mark-sweep generation total 393216K, used 0K [0x00000000e8000000, 0x0000000100000000, 0x0000000100000000)
 Metaspace       used 18364K, capacity 18686K, committed 18944K, reserved 1067008K
  class space    used 2091K, capacity 2226K, committed 2304K, reserved 1048576K
}
2016-12-02T08:30:21.586+0100: 1,975: Total time for which application threads were stopped: 0,0166503 seconds, Stopping threads took: 0,0000330 seconds
2016-12-02T08:30:21.741+0100: 2,129: Total time for which application threads were stopped: 0,0003050 seconds, Stopping threads took: 0,0000374 seconds
2016-12-02T08:30:21.778+0100: 2,166: Total time for which application threads were stopped: 0,0003723 seconds, Stopping threads took: 0,0000368 seconds
2016-12-02T08:30:21.805+0100: 2,194: Total time for which application threads were stopped: 0,0002955 seconds, Stopping threads took: 0,0000456 seconds
{Heap before GC invocations=1 (full 0):
 par new generation   total 109248K, used 99826K [0x00000000e0000000, 0x00000000e8000000, 0x00000000e8000000)
  eden space 87424K, 100% used [0x00000000e0000000, 0x00000000e5560000, 0x00000000e5560000)
  from space 21824K,  56% used [0x00000000e6ab0000, 0x00000000e76ccb10, 0x00000000e8000000)
  to   space 21824K,   0% used [0x00000000e5560000, 0x00000000e5560000, 0x00000000e6ab0000)
 concurrent mark-sweep generation total 393216K, used 0K [0x00000000e8000000, 0x0000000100000000, 0x0000000100000000)
 Metaspace       used 20731K, capacity 21020K, committed 21248K, reserved 1069056K
  class space    used 2404K, capacity 2518K, committed 2560K, reserved 1048576K
2016-12-02T08:30:21.970+0100: 2,358: [GC (Allocation Failure) 2016-12-02T08:30:21.970+0100: 2,358: [ParNew
Desired survivor size 20112992 bytes, new threshold 8 (max 8)
- age   1:    2817680 bytes,    2817680 total
- age   2:    6141584 bytes,    8959264 total
: 99826K->13332K(109248K), 0,0129436 secs] 99826K->13332K(502464K), 0,0130204 secs] [Times: user=0,04 sys=0,01, real=0,01 secs] 
Heap after GC invocations=2 (full 0):
 par new generation   total 109248K, used 13332K [0x00000000e0000000, 0x00000000e8000000, 0x00000000e8000000)
  eden space 87424K,   0% used [0x00000000e0000000, 0x00000000e0000000, 0x00000000e5560000)
  from space 21824K,  61% used [0x00000000e5560000, 0x00000000e62653e8, 0x00000000e6ab0000)
  to   space 21824K,   0% used [0x00000000e6ab0000, 0x00000000e6ab0000, 0x00000000e8000000)
 concurrent mark-sweep generation total 393216K, used 0K [0x00000000e8000000, 0x0000000100000000, 0x0000000100000000)
 Metaspace       used 20731K, capacity 21020K, committed 21248K, reserved 1069056K
  class space    used 2404K, capacity 2518K, committed 2560K, reserved 1048576K
}
2016-12-02T08:30:21.983+0100: 2,371: Total time for which application threads were stopped: 0,0132396 seconds, Stopping threads took: 0,0000340 seconds
2016-12-02T08:30:22.040+0100: 2,428: Total time for which application threads were stopped: 0,0000741 seconds, Stopping threads took: 0,0000130 seconds
2016-12-02T08:30:22.079+0100: 2,467: Total time for which application threads were stopped: 0,0000786 seconds, Stopping threads took: 0,0000133 seconds
2016-12-02T08:30:22.080+0100: 2,468: Total time for which application threads were stopped: 0,0002567 seconds, Stopping threads took: 0,0000198 seconds
2016-12-02T08:30:22.106+0100: 2,494: Total time for which application threads were stopped: 0,0000737 seconds, Stopping threads took: 0,0000128 seconds
2016-12-02T08:30:22.192+0100: 2,580: Total time for which application threads were stopped: 0,0001373 seconds, Stopping threads took: 0,0000222 seconds
2016-12-02T08:30:22.209+0100: 2,598: Total time for which application threads were stopped: 0,0000905 seconds, Stopping threads took: 0,0000222 seconds
2016-12-02T08:30:22.218+0100: 2,606: Total time for which application threads were stopped: 0,0002842 seconds, Stopping threads took: 0,0000172 seconds
2016-12-02T08:30:22.223+0100: 2,612: Total time for which application threads were stopped: 0,0000703 seconds, Stopping threads took: 0,0000210 seconds
2016-12-02T08:30:22.225+0100: 2,613: Total time for which application threads were stopped: 0,0002667 seconds, Stopping threads took: 0,0000195 seconds
2016-12-02T08:30:22.261+0100: 2,649: Total time for which application threads were stopped: 0,0000720 seconds, Stopping threads took: 0,0000134 seconds
2016-12-02T08:30:22.277+0100: 2,665: Total time for which application threads were stopped: 0,0000885 seconds, Stopping threads took: 0,0000209 seconds
2016-12-02T08:30:22.297+0100: 2,685: Total time for which application threads were stopped: 0,0000728 seconds, Stopping threads took: 0,0000127 seconds
2016-12-02T08:30:22.315+0100: 2,704: Total time for which application threads were stopped: 0,0000714 seconds, Stopping threads took: 0,0000133 seconds
2016-12-02T08:30:22.338+0100: 2,726: Total time for which application threads were stopped: 0,0000836 seconds, Stopping threads took: 0,0000127 seconds
2016-12-02T08:30:22.400+0100: 2,789: Total time for which application threads were stopped: 0,0001241 seconds, Stopping threads took: 0,0000282 seconds
2016-12-02T08:30:22.432+0100: 2,821: Total time for which application threads were stopped: 0,0001590 seconds, Stopping threads took: 0,0000499 seconds
2016-12-02T08:30:22.492+0100: 2,880: Total time for which application threads were stopped: 0,0001289 seconds, Stopping threads took: 0,0000223 seconds
{Heap before GC invocations=2 (full 0):
 par new generation   total 109248K, used 100756K [0x00000000e0000000, 0x00000000e8000000, 0x00000000e8000000)
  eden space 87424K, 100% used [0x00000000e0000000, 0x00000000e5560000, 0x00000000e5560000)
  from space 21824K,  61% used [0x00000000e5560000, 0x00000000e62653e8, 0x00000000e6ab0000)
  to   space 21824K,   0% used [0x00000000e6ab0000, 0x00000000e6ab0000, 0x00000000e8000000)
 concurrent mark-sweep generation total 393216K, used 0K [0x00000000e8000000, 0x0000000100000000, 0x0000000100000000)
 Metaspace       used 25173K, capacity 25636K, committed 25868K, reserved 1073152K
  class space    used 2925K, capacity 3056K, committed 3144K, reserved 1048576K
2016-12-02T08:30:22.505+0100: 2,893: [GC (Allocation Failure) 2016-12-02T08:30:22.505+0100: 2,893: [ParNew
Desired survivor size 20112992 bytes, new threshold 8 (max 8)
- age   1:    6941680 bytes,    6941680 total
- age   2:     515736 bytes,    7457416 total
- age   3:    6133776 bytes,   13591192 total
: 100756K->15600K(109248K), 0,0130486 secs] 100756K->15600K(502464K), 0,0131077 secs] [Times: user=0,04 sys=0,00, real=0,01 secs] 
Heap after GC invocations=3 (full 0):
 par new generation   total 109248K, used 15600K [0x00000000e0000000, 0x00000000e8000000, 0x00000000e8000000)
  eden space 87424K,   0% used [0x00000000e0000000, 0x00000000e0000000, 0x00000000e5560000)
  from space 21824K,  71% used [0x00000000e6ab0000, 0x00000000e79ec398, 0x00000000e8000000)
  to   space 21824K,   0% used [0x00000000e5560000, 0x00000000e5560000, 0x00000000e6ab0000)
 concurrent mark-sweep generation total 393216K, used 0K [0x00000000e8000000, 0x0000000100000000, 0x0000000100000000)
 Metaspace       used 25173K, capacity 25636K, committed 25868K, reserved 1073152K
  class space    used 2925K, capacity 3056K, committed 3144K, reserved 1048576K
}
2016-12-02T08:30:22.518+0100: 2,906: Total time for which application threads were stopped: 0,0133326 seconds, Stopping threads took: 0,0000401 seconds
2016-12-02T08:30:22.520+0100: 2,908: [GC (CMS Initial Mark) [1 CMS-initial-mark: 0K(393216K)] 16997K(502464K), 0,0050451 secs] [Times: user=0,02 sys=0,00, real=0,00 secs] 
2016-12-02T08:30:22.525+0100: 2,913: Total time for which application threads were stopped: 0,0051831 seconds, Stopping threads took: 0,0000472 seconds
2016-12-02T08:30:22.525+0100: 2,913: [CMS-concurrent-mark-start]
2016-12-02T08:30:22.525+0100: 2,913: [CMS-concurrent-mark: 0,001/0,001 secs] [Times: user=0,00 sys=0,00, real=0,00 secs] 
2016-12-02T08:30:22.525+0100: 2,914: [CMS-concurrent-preclean-start]
2016-12-02T08:30:22.526+0100: 2,915: [CMS-concurrent-preclean: 0,001/0,001 secs] [Times: user=0,01 sys=0,00, real=0,00 secs] 
2016-12-02T08:30:22.527+0100: 2,915: [GC (CMS Final Remark) [YG occupancy: 16997 K (109248 K)]{Heap before GC invocations=3 (full 1):
 par new generation   total 109248K, used 16997K [0x00000000e0000000, 0x00000000e8000000, 0x00000000e8000000)
  eden space 87424K,   1% used [0x00000000e0000000, 0x00000000e015d270, 0x00000000e5560000)
  from space 21824K,  71% used [0x00000000e6ab0000, 0x00000000e79ec398, 0x00000000e8000000)
  to   space 21824K,   0% used [0x00000000e5560000, 0x00000000e5560000, 0x00000000e6ab0000)
 concurrent mark-sweep generation total 393216K, used 0K [0x00000000e8000000, 0x0000000100000000, 0x0000000100000000)
 Metaspace       used 25188K, capacity 25642K, committed 25868K, reserved 1073152K
  class space    used 2926K, capacity 3057K, committed 3144K, reserved 1048576K
2016-12-02T08:30:22.527+0100: 2,915: [GC (CMS Final Remark) 2016-12-02T08:30:22.527+0100: 2,915: [ParNew
Desired survivor size 20112992 bytes, new threshold 8 (max 8)
- age   1:      18344 bytes,      18344 total
- age   2:    3175808 bytes,    3194152 total
- age   3:     515736 bytes,    3709888 total
- age   4:    6132296 bytes,    9842184 total
: 16997K->13481K(109248K), 0,0174033 secs] 16997K->13481K(502464K), 0,0174470 secs] [Times: user=0,05 sys=0,00, real=0,01 secs] 
Heap after GC invocations=4 (full 1):
 par new generation   total 109248K, used 13481K [0x00000000e0000000, 0x00000000e8000000, 0x00000000e8000000)
  eden space 87424K,   0% used [0x00000000e0000000, 0x00000000e0000000, 0x00000000e5560000)
  from space 21824K,  61% used [0x00000000e5560000, 0x00000000e628a780, 0x00000000e6ab0000)
  to   space 21824K,   0% used [0x00000000e6ab0000, 0x00000000e6ab0000, 0x00000000e8000000)
 concurrent mark-sweep generation total 393216K, used 0K [0x00000000e8000000, 0x0000000100000000, 0x0000000100000000)
 Metaspace       used 25188K, capacity 25642K, committed 25868K, reserved 1073152K
  class space    used 2926K, capacity 3057K, committed 3144K, reserved 1048576K
}
2016-12-02T08:30:22.544+0100: 2,932: [Rescan (parallel) , 0,0036338 secs]2016-12-02T08:30:22.548+0100: 2,936: [weak refs processing, 0,0008459 secs]2016-12-02T08:30:22.549+0100: 2,937: [class unloading, 0,0032814 secs]2016-12-02T08:30:22.552+0100: 2,940: [scrub symbol table, 0,0037799 secs]2016-12-02T08:30:22.556+0100: 2,944: [scrub string table, 0,0004031 secs][1 CMS-remark: 0K(393216K)] 13481K(502464K), 0,0300977 secs] [Times: user=0,08 sys=0,00, real=0,02 secs] 
2016-12-02T08:30:22.557+0100: 2,945: Total time for which application threads were stopped: 0,0302280 seconds, Stopping threads took: 0,0000424 seconds
2016-12-02T08:30:22.557+0100: 2,945: [CMS-concurrent-sweep-start]
2016-12-02T08:30:22.557+0100: 2,945: [CMS-concurrent-sweep: 0,000/0,000 secs] [Times: user=0,00 sys=0,00, real=0,00 secs] 
2016-12-02T08:30:22.557+0100: 2,945: [CMS-concurrent-reset-start]
2016-12-02T08:30:22.558+0100: 2,946: [CMS-concurrent-reset: 0,001/0,001 secs] [Times: user=0,00 sys=0,00, real=0,00 secs] 
2016-12-02T08:30:22.581+0100: 2,969: Total time for which application threads were stopped: 0,0003776 seconds, Stopping threads took: 0,0000226 seconds
2016-12-02T08:30:23.581+0100: 3,969: Total time for which application threads were stopped: 0,0000858 seconds, Stopping threads took: 0,0000172 seconds
2016-12-02T08:30:23.661+0100: 4,050: Total time for which application threads were stopped: 0,0002632 seconds, Stopping threads took: 0,0000152 seconds
2016-12-02T08:33:01.680+0100: 162,068: Total time for which application threads were stopped: 0,0001102 seconds, Stopping threads took: 0,0000462 seconds
2016-12-02T08:33:06.680+0100: 167,069: Total time for which application threads were stopped: 0,0002590 seconds, Stopping threads took: 0,0000766 seconds
2016-12-02T08:33:20.682+0100: 181,071: Total time for which application threads were stopped: 0,0000751 seconds, Stopping threads took: 0,0000223 seconds
2016-12-02T08:34:16.688+0100: 237,076: Total time for which application threads were stopped: 0,0000812 seconds, Stopping threads took: 0,0000333 seconds
2016-12-02T08:34:50.692+0100: 271,080: Total time for which application threads were stopped: 0,0001818 seconds, Stopping threads took: 0,0000930 seconds
2016-12-02T08:35:01.693+0100: 282,081: Total time for which application threads were stopped: 0,0000686 seconds, Stopping threads took: 0,0000188 seconds
2016-12-02T08:35:06.693+0100: 287,081: Total time for which application threads were stopped: 0,0000923 seconds, Stopping threads took: 0,0000320 seconds
2016-12-02T08:38:11.712+0100: 472,100: Total time for which application threads were stopped: 0,0000744 seconds, Stopping threads took: 0,0000297 seconds
2016-12-02T08:38:21.713+0100: 482,101: Total time for which application threads were stopped: 0,0000818 seconds, Stopping threads took: 0,0000180 seconds
2016-12-02T08:39:01.717+0100: 522,106: Total time for which application threads were stopped: 0,0000790 seconds, Stopping threads took: 0,0000305 seconds
2016-12-02T08:54:00.815+0100: 1421,203: Total time for which application threads were stopped: 0,0001013 seconds, Stopping threads took: 0,0000378 seconds
2016-12-02T08:59:05.848+0100: 1726,236: Total time for which application threads were stopped: 0,0002789 seconds, Stopping threads took: 0,0000707 seconds
2016-12-02T09:09:00.923+0100: 2321,312: Total time for which application threads were stopped: 0,0000910 seconds, Stopping threads took: 0,0000360 seconds
2016-12-02T09:09:01.924+0100: 2322,312: Total time for which application threads were stopped: 0,0001324 seconds, Stopping threads took: 0,0000300 seconds
2016-12-02T09:11:31.942+0100: 2472,330: Total time for which application threads were stopped: 0,0000861 seconds, Stopping threads took: 0,0000379 seconds
2016-12-02T09:23:37.038+0100: 3197,426: Total time for which application threads were stopped: 0,0004167 seconds, Stopping threads took: 0,0001748 seconds
2016-12-02T09:37:16.204+0100: 3902,824: Total time for which application threads were stopped: 0,0000819 seconds, Stopping threads took: 0,0000314 seconds
2016-12-02T09:39:16.223+0100: 4022,843: Total time for which application threads were stopped: 0,0000883 seconds, Stopping threads took: 0,0000355 seconds
2016-12-02T10:17:56.951+0100: 6343,085: Total time for which application threads were stopped: 0,0000847 seconds, Stopping threads took: 0,0000376 seconds
2016-12-02T10:18:11.953+0100: 6358,087: Total time for which application threads were stopped: 0,0000734 seconds, Stopping threads took: 0,0000307 seconds
2016-12-02T10:21:36.976+0100: 6563,109: Total time for which application threads were stopped: 0,0000711 seconds, Stopping threads took: 0,0000294 seconds
2016-12-02T10:37:17.072+0100: 7503,206: Total time for which application threads were stopped: 0,0001792 seconds, Stopping threads took: 0,0000739 seconds
2016-12-02T10:37:47.076+0100: 7533,209: Total time for which application threads were stopped: 0,0000762 seconds, Stopping threads took: 0,0000302 seconds
2016-12-02T10:40:17.092+0100: 7683,225: Total time for which application threads were stopped: 0,0001114 seconds, Stopping threads took: 0,0000476 seconds
2016-12-02T11:44:17.467+0100: 11523,600: Total time for which application threads were stopped: 0,0001423 seconds, Stopping threads took: 0,0000487 seconds
2016-12-02T11:44:47.470+0100: 11553,604: Total time for which application threads were stopped: 0,0004087 seconds, Stopping threads took: 0,0001448 seconds
2016-12-02T12:36:32.795+0100: 14658,929: Total time for which application threads were stopped: 0,0001377 seconds, Stopping threads took: 0,0000539 seconds
2016-12-02T12:47:16.866+0100: 15303,000: Total time for which application threads were stopped: 0,0000807 seconds, Stopping threads took: 0,0000330 seconds
2016-12-02T12:47:46.869+0100: 15333,003: Total time for which application threads were stopped: 0,0000925 seconds, Stopping threads took: 0,0000271 seconds
2016-12-02T12:48:16.872+0100: 15363,006: Total time for which application threads were stopped: 0,0000877 seconds, Stopping threads took: 0,0000338 seconds
2016-12-02T12:53:16.903+0100: 15663,037: Total time for which application threads were stopped: 0,0000862 seconds, Stopping threads took: 0,0000371 seconds
2016-12-02T14:20:24.165+0100: 20890,299: Total time for which application threads were stopped: 0,0001265 seconds, Stopping threads took: 0,0000241 seconds
Heap
 par new generation   total 109248K, used 57307K [0x00000000e0000000, 0x00000000e8000000, 0x00000000e8000000)
  eden space 87424K,  50% used [0x00000000e0000000, 0x00000000e2acc610, 0x00000000e5560000)
  from space 21824K,  61% used [0x00000000e5560000, 0x00000000e628a780, 0x00000000e6ab0000)
  to   space 21824K,   0% used [0x00000000e6ab0000, 0x00000000e6ab0000, 0x00000000e8000000)
 concurrent mark-sweep generation total 393216K, used 0K [0x00000000e8000000, 0x0000000100000000, 0x0000000100000000)
 Metaspace       used 27255K, capacity 27658K, committed 27916K, reserved 1073152K
  class space    used 3161K, capacity 3319K, committed 3400K, reserved 1048576K
