OpenJDK 64-Bit Server VM (25.131-b11) for linux-amd64 JRE (1.8.0_131-8u131-b11-0ubuntu1.16.04.2-b11), built on May  6 2017 02:45:27 by "buildd" with gcc 5.4.0 20160609
Memory: 4k page, physical 7867740k(7459856k free), swap 8076284k(8076284k free)
CommandLine flags: -XX:CMSInitiatingOccupancyFraction=50 -XX:CMSMaxAbortablePrecleanTime=6000 -XX:+CMSParallelRemarkEnabled -XX:+CMSScavengeBeforeRemark -XX:ConcGCThreads=4 -XX:InitialHeapSize=536870912 -XX:MaxHeapSize=536870912 -XX:MaxTenuringThreshold=8 -XX:NewRatio=3 -XX:OldPLABSize=16 -XX:OnOutOfMemoryError=/opt/solr/bin/oom_solr.sh 8983 /var/solr/logs -XX:ParallelGCThreads=4 -XX:+ParallelRefProcEnabled -XX:PretenureSizeThreshold=67108864 -XX:+PrintGC -XX:+PrintGCApplicationStoppedTime -XX:+PrintGCDateStamps -XX:+PrintGCDetails -XX:+PrintGCTimeStamps -XX:+PrintHeapAtGC -XX:+PrintTenuringDistribution -XX:SurvivorRatio=4 -XX:TargetSurvivorRatio=90 -XX:ThreadStackSize=256 -XX:+UseCMSInitiatingOccupancyOnly -XX:+UseCompressedClassPointers -XX:+UseCompressedOops -XX:+UseConcMarkSweepGC -XX:+UseParNewGC 
2017-07-03T06:25:09.086+0200: 0,169: Total time for which application threads were stopped: 0,0000725 seconds, Stopping threads took: 0,0000128 seconds
2017-07-03T06:25:09.196+0200: 0,279: Total time for which application threads were stopped: 0,0000899 seconds, Stopping threads took: 0,0000139 seconds
2017-07-03T06:25:09.220+0200: 0,303: Total time for which application threads were stopped: 0,0000986 seconds, Stopping threads took: 0,0000154 seconds
2017-07-03T06:25:09.499+0200: 0,582: Total time for which application threads were stopped: 0,0001482 seconds, Stopping threads took: 0,0000205 seconds
2017-07-03T06:25:09.989+0200: 1,071: Total time for which application threads were stopped: 0,0001537 seconds, Stopping threads took: 0,0000125 seconds
2017-07-03T06:25:10.080+0200: 1,163: Total time for which application threads were stopped: 0,0002038 seconds, Stopping threads took: 0,0000292 seconds
2017-07-03T06:25:10.113+0200: 1,196: Total time for which application threads were stopped: 0,0002896 seconds, Stopping threads took: 0,0001256 seconds
2017-07-03T06:25:10.404+0200: 1,486: Total time for which application threads were stopped: 0,0008718 seconds, Stopping threads took: 0,0000752 seconds
2017-07-03T06:25:10.653+0200: 1,735: Total time for which application threads were stopped: 0,0001919 seconds, Stopping threads took: 0,0000140 seconds
2017-07-03T06:25:10.685+0200: 1,767: Total time for which application threads were stopped: 0,0002740 seconds, Stopping threads took: 0,0001191 seconds
2017-07-03T06:25:10.720+0200: 1,802: Total time for which application threads were stopped: 0,0001980 seconds, Stopping threads took: 0,0000178 seconds
2017-07-03T06:25:10.721+0200: 1,803: Total time for which application threads were stopped: 0,0001690 seconds, Stopping threads took: 0,0000140 seconds
2017-07-03T06:25:10.740+0200: 1,823: Total time for which application threads were stopped: 0,0010215 seconds, Stopping threads took: 0,0000234 seconds
2017-07-03T06:25:10.835+0200: 1,918: Total time for which application threads were stopped: 0,0002259 seconds, Stopping threads took: 0,0000211 seconds
2017-07-03T06:25:11.015+0200: 2,097: Total time for which application threads were stopped: 0,0003081 seconds, Stopping threads took: 0,0000451 seconds
{Heap before GC invocations=0 (full 0):
 par new generation   total 109248K, used 87424K [0x00000000e0000000, 0x00000000e8000000, 0x00000000e8000000)
  eden space 87424K, 100% used [0x00000000e0000000, 0x00000000e5560000, 0x00000000e5560000)
  from space 21824K,   0% used [0x00000000e5560000, 0x00000000e5560000, 0x00000000e6ab0000)
  to   space 21824K,   0% used [0x00000000e6ab0000, 0x00000000e6ab0000, 0x00000000e8000000)
 concurrent mark-sweep generation total 393216K, used 0K [0x00000000e8000000, 0x0000000100000000, 0x0000000100000000)
 Metaspace       used 18012K, capacity 18336K, committed 18688K, reserved 1064960K
  class space    used 2035K, capacity 2196K, committed 2304K, reserved 1048576K
2017-07-03T06:25:11.105+0200: 2,188: [GC (Allocation Failure) 2017-07-03T06:25:11.105+0200: 2,188: [ParNew
Desired survivor size 20112992 bytes, new threshold 8 (max 8)
- age   1:   12593976 bytes,   12593976 total
: 87424K->12420K(109248K), 0,0171830 secs] 87424K->12420K(502464K), 0,0172647 secs] [Times: user=0,05 sys=0,01, real=0,01 secs] 
Heap after GC invocations=1 (full 0):
 par new generation   total 109248K, used 12420K [0x00000000e0000000, 0x00000000e8000000, 0x00000000e8000000)
  eden space 87424K,   0% used [0x00000000e0000000, 0x00000000e0000000, 0x00000000e5560000)
  from space 21824K,  56% used [0x00000000e6ab0000, 0x00000000e76d11d0, 0x00000000e8000000)
  to   space 21824K,   0% used [0x00000000e5560000, 0x00000000e5560000, 0x00000000e6ab0000)
 concurrent mark-sweep generation total 393216K, used 0K [0x00000000e8000000, 0x0000000100000000, 0x0000000100000000)
 Metaspace       used 18012K, capacity 18336K, committed 18688K, reserved 1064960K
  class space    used 2035K, capacity 2196K, committed 2304K, reserved 1048576K
}
2017-07-03T06:25:11.123+0200: 2,205: Total time for which application threads were stopped: 0,0216958 seconds, Stopping threads took: 0,0042459 seconds
2017-07-03T06:25:11.507+0200: 2,589: Total time for which application threads were stopped: 0,0003294 seconds, Stopping threads took: 0,0000213 seconds
{Heap before GC invocations=1 (full 0):
 par new generation   total 109248K, used 99844K [0x00000000e0000000, 0x00000000e8000000, 0x00000000e8000000)
  eden space 87424K, 100% used [0x00000000e0000000, 0x00000000e5560000, 0x00000000e5560000)
  from space 21824K,  56% used [0x00000000e6ab0000, 0x00000000e76d11d0, 0x00000000e8000000)
  to   space 21824K,   0% used [0x00000000e5560000, 0x00000000e5560000, 0x00000000e6ab0000)
 concurrent mark-sweep generation total 393216K, used 0K [0x00000000e8000000, 0x0000000100000000, 0x0000000100000000)
 Metaspace       used 20062K, capacity 20380K, committed 20736K, reserved 1067008K
  class space    used 2299K, capacity 2476K, committed 2560K, reserved 1048576K
2017-07-03T06:25:11.544+0200: 2,626: [GC (Allocation Failure) 2017-07-03T06:25:11.544+0200: 2,626: [ParNew
Desired survivor size 20112992 bytes, new threshold 8 (max 8)
- age   1:    3562920 bytes,    3562920 total
- age   2:    6663552 bytes,   10226472 total
: 99844K->13702K(109248K), 0,0129935 secs] 99844K->13702K(502464K), 0,0130581 secs] [Times: user=0,03 sys=0,00, real=0,01 secs] 
Heap after GC invocations=2 (full 0):
 par new generation   total 109248K, used 13702K [0x00000000e0000000, 0x00000000e8000000, 0x00000000e8000000)
  eden space 87424K,   0% used [0x00000000e0000000, 0x00000000e0000000, 0x00000000e5560000)
  from space 21824K,  62% used [0x00000000e5560000, 0x00000000e62c1b88, 0x00000000e6ab0000)
  to   space 21824K,   0% used [0x00000000e6ab0000, 0x00000000e6ab0000, 0x00000000e8000000)
 concurrent mark-sweep generation total 393216K, used 0K [0x00000000e8000000, 0x0000000100000000, 0x0000000100000000)
 Metaspace       used 20062K, capacity 20380K, committed 20736K, reserved 1067008K
  class space    used 2299K, capacity 2476K, committed 2560K, reserved 1048576K
}
2017-07-03T06:25:11.557+0200: 2,639: Total time for which application threads were stopped: 0,0134340 seconds, Stopping threads took: 0,0002361 seconds
2017-07-03T06:25:11.558+0200: 2,641: Total time for which application threads were stopped: 0,0003264 seconds, Stopping threads took: 0,0000326 seconds
2017-07-03T06:25:11.594+0200: 2,677: Total time for which application threads were stopped: 0,0003749 seconds, Stopping threads took: 0,0000357 seconds
2017-07-03T06:25:11.711+0200: 2,794: Total time for which application threads were stopped: 0,0002228 seconds, Stopping threads took: 0,0000499 seconds
{Heap before GC invocations=2 (full 0):
 par new generation   total 109248K, used 101126K [0x00000000e0000000, 0x00000000e8000000, 0x00000000e8000000)
  eden space 87424K, 100% used [0x00000000e0000000, 0x00000000e5560000, 0x00000000e5560000)
  from space 21824K,  62% used [0x00000000e5560000, 0x00000000e62c1b88, 0x00000000e6ab0000)
  to   space 21824K,   0% used [0x00000000e6ab0000, 0x00000000e6ab0000, 0x00000000e8000000)
 concurrent mark-sweep generation total 393216K, used 0K [0x00000000e8000000, 0x0000000100000000, 0x0000000100000000)
 Metaspace       used 20966K, capacity 21302K, committed 21552K, reserved 1069056K
  class space    used 2420K, capacity 2595K, committed 2608K, reserved 1048576K
2017-07-03T06:25:11.753+0200: 2,836: [GC (Allocation Failure) 2017-07-03T06:25:11.753+0200: 2,836: [ParNew
Desired survivor size 20112992 bytes, new threshold 8 (max 8)
- age   1:    2104392 bytes,    2104392 total
- age   2:     857000 bytes,    2961392 total
- age   3:    6659856 bytes,    9621248 total
: 101126K->11405K(109248K), 0,0177414 secs] 101126K->11405K(502464K), 0,0178324 secs] [Times: user=0,07 sys=0,00, real=0,02 secs] 
Heap after GC invocations=3 (full 0):
 par new generation   total 109248K, used 11405K [0x00000000e0000000, 0x00000000e8000000, 0x00000000e8000000)
  eden space 87424K,   0% used [0x00000000e0000000, 0x00000000e0000000, 0x00000000e5560000)
  from space 21824K,  52% used [0x00000000e6ab0000, 0x00000000e75d34c0, 0x00000000e8000000)
  to   space 21824K,   0% used [0x00000000e5560000, 0x00000000e5560000, 0x00000000e6ab0000)
 concurrent mark-sweep generation total 393216K, used 0K [0x00000000e8000000, 0x0000000100000000, 0x0000000100000000)
 Metaspace       used 20966K, capacity 21302K, committed 21552K, reserved 1069056K
  class space    used 2420K, capacity 2595K, committed 2608K, reserved 1048576K
}
2017-07-03T06:25:11.771+0200: 2,854: Total time for which application threads were stopped: 0,0211107 seconds, Stopping threads took: 0,0031128 seconds
2017-07-03T06:25:11.773+0200: 2,856: [GC (CMS Initial Mark) [1 CMS-initial-mark: 0K(393216K)] 14247K(502464K), 0,0037309 secs] [Times: user=0,01 sys=0,00, real=0,00 secs] 
2017-07-03T06:25:11.777+0200: 2,860: Total time for which application threads were stopped: 0,0039103 seconds, Stopping threads took: 0,0000672 seconds
2017-07-03T06:25:11.777+0200: 2,860: [CMS-concurrent-mark-start]
2017-07-03T06:25:11.778+0200: 2,860: [CMS-concurrent-mark: 0,001/0,001 secs] [Times: user=0,00 sys=0,00, real=0,00 secs] 
2017-07-03T06:25:11.778+0200: 2,860: [CMS-concurrent-preclean-start]
2017-07-03T06:25:11.779+0200: 2,861: [CMS-concurrent-preclean: 0,001/0,001 secs] [Times: user=0,01 sys=0,00, real=0,00 secs] 
2017-07-03T06:25:11.779+0200: 2,861: [CMS-concurrent-abortable-preclean-start]
2017-07-03T06:25:11.868+0200: 2,951: Total time for which application threads were stopped: 0,0015794 seconds, Stopping threads took: 0,0014969 seconds
2017-07-03T06:25:11.868+0200: 2,951: [CMS-concurrent-abortable-preclean: 0,069/0,090 secs] [Times: user=0,34 sys=0,01, real=0,09 secs] 
2017-07-03T06:25:11.869+0200: 2,951: [GC (CMS Final Remark) [YG occupancy: 81033 K (109248 K)]{Heap before GC invocations=3 (full 1):
 par new generation   total 109248K, used 81033K [0x00000000e0000000, 0x00000000e8000000, 0x00000000e8000000)
  eden space 87424K,  79% used [0x00000000e0000000, 0x00000000e43ff108, 0x00000000e5560000)
  from space 21824K,  52% used [0x00000000e6ab0000, 0x00000000e75d34c0, 0x00000000e8000000)
  to   space 21824K,   0% used [0x00000000e5560000, 0x00000000e5560000, 0x00000000e6ab0000)
 concurrent mark-sweep generation total 393216K, used 0K [0x00000000e8000000, 0x0000000100000000, 0x0000000100000000)
 Metaspace       used 21235K, capacity 21632K, committed 21884K, reserved 1069056K
  class space    used 2447K, capacity 2608K, committed 2608K, reserved 1048576K
2017-07-03T06:25:11.869+0200: 2,951: [GC (CMS Final Remark) 2017-07-03T06:25:11.869+0200: 2,951: [ParNew
Desired survivor size 20112992 bytes, new threshold 8 (max 8)
- age   1:     827768 bytes,     827768 total
- age   2:    1454984 bytes,    2282752 total
- age   3:     824104 bytes,    3106856 total
- age   4:    6660256 bytes,    9767112 total
: 81033K->14826K(109248K), 0,0095687 secs] 81033K->14826K(502464K), 0,0096077 secs] [Times: user=0,03 sys=0,00, real=0,01 secs] 
Heap after GC invocations=4 (full 1):
 par new generation   total 109248K, used 14826K [0x00000000e0000000, 0x00000000e8000000, 0x00000000e8000000)
  eden space 87424K,   0% used [0x00000000e0000000, 0x00000000e0000000, 0x00000000e5560000)
  from space 21824K,  67% used [0x00000000e5560000, 0x00000000e63dab80, 0x00000000e6ab0000)
  to   space 21824K,   0% used [0x00000000e6ab0000, 0x00000000e6ab0000, 0x00000000e8000000)
 concurrent mark-sweep generation total 393216K, used 0K [0x00000000e8000000, 0x0000000100000000, 0x0000000100000000)
 Metaspace       used 21235K, capacity 21632K, committed 21884K, reserved 1069056K
  class space    used 2447K, capacity 2608K, committed 2608K, reserved 1048576K
}
2017-07-03T06:25:11.878+0200: 2,961: [Rescan (parallel) , 0,0048224 secs]2017-07-03T06:25:11.883+0200: 2,966: [weak refs processing, 0,0012057 secs]2017-07-03T06:25:11.884+0200: 2,967: [class unloading, 0,0028285 secs]2017-07-03T06:25:11.887+0200: 2,970: [scrub symbol table, 0,0026301 secs]2017-07-03T06:25:11.890+0200: 2,972: [scrub string table, 0,0003745 secs][1 CMS-remark: 0K(393216K)] 14826K(502464K), 0,0220800 secs] [Times: user=0,05 sys=0,00, real=0,02 secs] 
2017-07-03T06:25:11.891+0200: 2,973: Total time for which application threads were stopped: 0,0221982 seconds, Stopping threads took: 0,0000440 seconds
2017-07-03T06:25:11.891+0200: 2,974: [CMS-concurrent-sweep-start]
2017-07-03T06:25:11.891+0200: 2,974: [CMS-concurrent-sweep: 0,000/0,000 secs] [Times: user=0,00 sys=0,00, real=0,00 secs] 
2017-07-03T06:25:11.891+0200: 2,974: [CMS-concurrent-reset-start]
2017-07-03T06:25:11.902+0200: 2,985: [CMS-concurrent-reset: 0,011/0,011 secs] [Times: user=0,04 sys=0,00, real=0,01 secs] 
{Heap before GC invocations=4 (full 1):
 par new generation   total 109248K, used 102250K [0x00000000e0000000, 0x00000000e8000000, 0x00000000e8000000)
  eden space 87424K, 100% used [0x00000000e0000000, 0x00000000e5560000, 0x00000000e5560000)
  from space 21824K,  67% used [0x00000000e5560000, 0x00000000e63dab80, 0x00000000e6ab0000)
  to   space 21824K,   0% used [0x00000000e6ab0000, 0x00000000e6ab0000, 0x00000000e8000000)
 concurrent mark-sweep generation total 393216K, used 0K [0x00000000e8000000, 0x0000000100000000, 0x0000000100000000)
 Metaspace       used 21352K, capacity 21738K, committed 22012K, reserved 1069056K
  class space    used 2467K, capacity 2642K, committed 2736K, reserved 1048576K
2017-07-03T06:25:11.973+0200: 3,056: [GC (Allocation Failure) 2017-07-03T06:25:11.973+0200: 3,056: [ParNew
Desired survivor size 20112992 bytes, new threshold 8 (max 8)
- age   1:     424880 bytes,     424880 total
- age   2:     146920 bytes,     571800 total
- age   3:    1449536 bytes,    2021336 total
- age   4:     821624 bytes,    2842960 total
- age   5:    6659984 bytes,    9502944 total
: 102250K->11256K(109248K), 0,0100756 secs] 102250K->11256K(502464K), 0,0101372 secs] [Times: user=0,04 sys=0,00, real=0,01 secs] 
Heap after GC invocations=5 (full 1):
 par new generation   total 109248K, used 11256K [0x00000000e0000000, 0x00000000e8000000, 0x00000000e8000000)
  eden space 87424K,   0% used [0x00000000e0000000, 0x00000000e0000000, 0x00000000e5560000)
  from space 21824K,  51% used [0x00000000e6ab0000, 0x00000000e75ae060, 0x00000000e8000000)
  to   space 21824K,   0% used [0x00000000e5560000, 0x00000000e5560000, 0x00000000e6ab0000)
 concurrent mark-sweep generation total 393216K, used 0K [0x00000000e8000000, 0x0000000100000000, 0x0000000100000000)
 Metaspace       used 21352K, capacity 21738K, committed 22012K, reserved 1069056K
  class space    used 2467K, capacity 2642K, committed 2736K, reserved 1048576K
}
2017-07-03T06:25:11.984+0200: 3,066: Total time for which application threads were stopped: 0,0103150 seconds, Stopping threads took: 0,0000542 seconds
2017-07-03T06:25:12.040+0200: 3,123: Total time for which application threads were stopped: 0,0003402 seconds, Stopping threads took: 0,0000387 seconds
2017-07-03T06:25:12.271+0200: 3,354: Total time for which application threads were stopped: 0,0004343 seconds, Stopping threads took: 0,0000323 seconds
2017-07-03T06:25:12.290+0200: 3,373: Total time for which application threads were stopped: 0,0004620 seconds, Stopping threads took: 0,0000404 seconds
2017-07-03T06:25:12.427+0200: 3,510: Total time for which application threads were stopped: 0,0002288 seconds, Stopping threads took: 0,0000975 seconds
{Heap before GC invocations=5 (full 1):
 par new generation   total 109248K, used 99283K [0x00000000e0000000, 0x00000000e8000000, 0x00000000e8000000)
  eden space 87424K, 100% used [0x00000000e0000000, 0x00000000e5560000, 0x00000000e5560000)
  from space 21824K,  54% used [0x00000000e6ab0000, 0x00000000e7644c20, 0x00000000e8000000)
  to   space 21824K,   0% used [0x00000000e5560000, 0x00000000e5560000, 0x00000000e6ab0000)
 concurrent mark-sweep generation total 393216K, used 0K [0x00000000e8000000, 0x0000000100000000, 0x0000000100000000)
 Metaspace       used 23681K, capacity 24194K, committed 24240K, reserved 1071104K
  class space    used 2785K, capacity 2988K, committed 2992K, reserved 1048576K
2017-07-03T06:25:12.429+0200: 3,512: [GC (Allocation Failure) 2017-07-03T06:25:12.429+0200: 3,512: [ParNew
Desired survivor size 20112992 bytes, new threshold 8 (max 8)
- age   1:    5037320 bytes,    5037320 total
- age   2:     117504 bytes,    5154824 total
- age   3:     145672 bytes,    5300496 total
- age   4:     279640 bytes,    5580136 total
- age   5:     797296 bytes,    6377432 total
- age   6:    6651736 bytes,   13029168 total
: 99283K->16171K(109248K), 0,0130744 secs] 99283K->16171K(502464K), 0,0131618 secs] [Times: user=0,04 sys=0,00, real=0,01 secs] 
Heap after GC invocations=6 (full 1):
 par new generation   total 109248K, used 16171K [0x00000000e0000000, 0x00000000e8000000, 0x00000000e8000000)
  eden space 87424K,   0% used [0x00000000e0000000, 0x00000000e0000000, 0x00000000e5560000)
  from space 21824K,  74% used [0x00000000e5560000, 0x00000000e652adc0, 0x00000000e6ab0000)
  to   space 21824K,   0% used [0x00000000e6ab0000, 0x00000000e6ab0000, 0x00000000e8000000)
 concurrent mark-sweep generation total 393216K, used 0K [0x00000000e8000000, 0x0000000100000000, 0x0000000100000000)
 Metaspace       used 23681K, capacity 24194K, committed 24240K, reserved 1071104K
  class space    used 2785K, capacity 2988K, committed 2992K, reserved 1048576K
}
2017-07-03T06:25:12.443+0200: 3,525: Total time for which application threads were stopped: 0,0133442 seconds, Stopping threads took: 0,0000236 seconds
{Heap before GC invocations=6 (full 1):
 par new generation   total 109248K, used 17470K [0x00000000e0000000, 0x00000000e8000000, 0x00000000e8000000)
  eden space 87424K,   1% used [0x00000000e0000000, 0x00000000e0144dd0, 0x00000000e5560000)
  from space 21824K,  74% used [0x00000000e5560000, 0x00000000e652adc0, 0x00000000e6ab0000)
  to   space 21824K,   0% used [0x00000000e6ab0000, 0x00000000e6ab0000, 0x00000000e8000000)
 concurrent mark-sweep generation total 393216K, used 0K [0x00000000e8000000, 0x0000000100000000, 0x0000000100000000)
 Metaspace       used 23681K, capacity 24194K, committed 24240K, reserved 1071104K
  class space    used 2785K, capacity 2988K, committed 2992K, reserved 1048576K
2017-07-03T06:25:12.445+0200: 3,528: [GC (GCLocker Initiated GC) 2017-07-03T06:25:12.445+0200: 3,528: [ParNew
Desired survivor size 20112992 bytes, new threshold 8 (max 8)
- age   1:     103512 bytes,     103512 total
- age   2:    4988104 bytes,    5091616 total
- age   3:     117504 bytes,    5209120 total
- age   4:     145672 bytes,    5354792 total
- age   5:     279640 bytes,    5634432 total
- age   6:     797280 bytes,    6431712 total
- age   7:    6651576 bytes,   13083288 total
: 17470K->17346K(109248K), 0,0108779 secs] 17470K->17346K(502464K), 0,0109217 secs] [Times: user=0,04 sys=0,00, real=0,00 secs] 
Heap after GC invocations=7 (full 1):
 par new generation   total 109248K, used 17346K [0x00000000e0000000, 0x00000000e8000000, 0x00000000e8000000)
  eden space 87424K,   0% used [0x00000000e0000000, 0x00000000e0000000, 0x00000000e5560000)
  from space 21824K,  79% used [0x00000000e6ab0000, 0x00000000e7ba0920, 0x00000000e8000000)
  to   space 21824K,   0% used [0x00000000e5560000, 0x00000000e5560000, 0x00000000e6ab0000)
 concurrent mark-sweep generation total 393216K, used 0K [0x00000000e8000000, 0x0000000100000000, 0x0000000100000000)
 Metaspace       used 23681K, capacity 24194K, committed 24240K, reserved 1071104K
  class space    used 2785K, capacity 2988K, committed 2992K, reserved 1048576K
}
2017-07-03T06:25:12.456+0200: 3,539: Total time for which application threads were stopped: 0,0135263 seconds, Stopping threads took: 0,0024772 seconds
{Heap before GC invocations=7 (full 1):
 par new generation   total 109248K, used 104770K [0x00000000e0000000, 0x00000000e8000000, 0x00000000e8000000)
  eden space 87424K, 100% used [0x00000000e0000000, 0x00000000e5560000, 0x00000000e5560000)
  from space 21824K,  79% used [0x00000000e6ab0000, 0x00000000e7ba0920, 0x00000000e8000000)
  to   space 21824K,   0% used [0x00000000e5560000, 0x00000000e5560000, 0x00000000e6ab0000)
 concurrent mark-sweep generation total 393216K, used 0K [0x00000000e8000000, 0x0000000100000000, 0x0000000100000000)
 Metaspace       used 24147K, capacity 24616K, committed 24880K, reserved 1071104K
  class space    used 2843K, capacity 3021K, committed 3120K, reserved 1048576K
2017-07-03T06:25:12.535+0200: 3,618: [GC (Allocation Failure) 2017-07-03T06:25:12.535+0200: 3,618: [ParNew
Desired survivor size 20112992 bytes, new threshold 8 (max 8)
- age   1:    1672112 bytes,    1672112 total
- age   3:    1759752 bytes,    3431864 total
- age   4:      72592 bytes,    3504456 total
- age   5:      75688 bytes,    3580144 total
- age   6:     183080 bytes,    3763224 total
- age   7:     755840 bytes,    4519064 total
- age   8:    6118992 bytes,   10638056 total
: 104770K->13443K(109248K), 0,0165007 secs] 104770K->13443K(502464K), 0,0165640 secs] [Times: user=0,04 sys=0,00, real=0,02 secs] 
Heap after GC invocations=8 (full 1):
 par new generation   total 109248K, used 13443K [0x00000000e0000000, 0x00000000e8000000, 0x00000000e8000000)
  eden space 87424K,   0% used [0x00000000e0000000, 0x00000000e0000000, 0x00000000e5560000)
  from space 21824K,  61% used [0x00000000e5560000, 0x00000000e6280ff8, 0x00000000e6ab0000)
  to   space 21824K,   0% used [0x00000000e6ab0000, 0x00000000e6ab0000, 0x00000000e8000000)
 concurrent mark-sweep generation total 393216K, used 0K [0x00000000e8000000, 0x0000000100000000, 0x0000000100000000)
 Metaspace       used 24147K, capacity 24616K, committed 24880K, reserved 1071104K
  class space    used 2843K, capacity 3021K, committed 3120K, reserved 1048576K
}
2017-07-03T06:25:12.552+0200: 3,635: Total time for which application threads were stopped: 0,0185663 seconds, Stopping threads took: 0,0018314 seconds
{Heap before GC invocations=8 (full 1):
 par new generation   total 109248K, used 100867K [0x00000000e0000000, 0x00000000e8000000, 0x00000000e8000000)
  eden space 87424K, 100% used [0x00000000e0000000, 0x00000000e5560000, 0x00000000e5560000)
  from space 21824K,  61% used [0x00000000e5560000, 0x00000000e6280ff8, 0x00000000e6ab0000)
  to   space 21824K,   0% used [0x00000000e6ab0000, 0x00000000e6ab0000, 0x00000000e8000000)
 concurrent mark-sweep generation total 393216K, used 0K [0x00000000e8000000, 0x0000000100000000, 0x0000000100000000)
 Metaspace       used 24688K, capacity 25154K, committed 25392K, reserved 1071104K
  class space    used 2892K, capacity 3090K, committed 3120K, reserved 1048576K
2017-07-03T06:25:12.651+0200: 3,734: [GC (Allocation Failure) 2017-07-03T06:25:12.651+0200: 3,734: [ParNew
Desired survivor size 20112992 bytes, new threshold 8 (max 8)
- age   1:    1025080 bytes,    1025080 total
- age   2:     983424 bytes,    2008504 total
- age   4:    1734224 bytes,    3742728 total
- age   5:      72592 bytes,    3815320 total
- age   6:      75520 bytes,    3890840 total
- age   7:     180280 bytes,    4071120 total
- age   8:     755072 bytes,    4826192 total
: 100867K->7270K(109248K), 0,0426009 secs] 100867K->13327K(502464K), 0,0426782 secs] [Times: user=0,08 sys=0,00, real=0,04 secs] 
Heap after GC invocations=9 (full 1):
 par new generation   total 109248K, used 7270K [0x00000000e0000000, 0x00000000e8000000, 0x00000000e8000000)
  eden space 87424K,   0% used [0x00000000e0000000, 0x00000000e0000000, 0x00000000e5560000)
  from space 21824K,  33% used [0x00000000e6ab0000, 0x00000000e71c9990, 0x00000000e8000000)
  to   space 21824K,   0% used [0x00000000e5560000, 0x00000000e5560000, 0x00000000e6ab0000)
 concurrent mark-sweep generation total 393216K, used 6057K [0x00000000e8000000, 0x0000000100000000, 0x0000000100000000)
 Metaspace       used 24688K, capacity 25154K, committed 25392K, reserved 1071104K
  class space    used 2892K, capacity 3090K, committed 3120K, reserved 1048576K
}
2017-07-03T06:25:12.694+0200: 3,776: Total time for which application threads were stopped: 0,0429273 seconds, Stopping threads took: 0,0000627 seconds
2017-07-03T06:25:12.899+0200: 3,982: Total time for which application threads were stopped: 0,0004502 seconds, Stopping threads took: 0,0000189 seconds
2017-07-03T06:25:12.975+0200: 4,057: Total time for which application threads were stopped: 0,0010731 seconds, Stopping threads took: 0,0007780 seconds
2017-07-03T06:25:12.994+0200: 4,076: Total time for which application threads were stopped: 0,0005247 seconds, Stopping threads took: 0,0000267 seconds
2017-07-03T06:25:13.018+0200: 4,100: Total time for which application threads were stopped: 0,0036360 seconds, Stopping threads took: 0,0031607 seconds
2017-07-03T06:25:13.019+0200: 4,102: Total time for which application threads were stopped: 0,0001263 seconds, Stopping threads took: 0,0000191 seconds
2017-07-03T06:25:13.103+0200: 4,186: Total time for which application threads were stopped: 0,0005240 seconds, Stopping threads took: 0,0001504 seconds
2017-07-03T06:25:13.113+0200: 4,196: Total time for which application threads were stopped: 0,0008941 seconds, Stopping threads took: 0,0008239 seconds
2017-07-03T06:25:13.119+0200: 4,202: Total time for which application threads were stopped: 0,0001066 seconds, Stopping threads took: 0,0000470 seconds
2017-07-03T06:25:13.121+0200: 4,204: Total time for which application threads were stopped: 0,0001106 seconds, Stopping threads took: 0,0000381 seconds
2017-07-03T06:25:13.122+0200: 4,205: Total time for which application threads were stopped: 0,0001077 seconds, Stopping threads took: 0,0000300 seconds
2017-07-03T06:25:13.123+0200: 4,205: Total time for which application threads were stopped: 0,0001015 seconds, Stopping threads took: 0,0000371 seconds
2017-07-03T06:25:13.127+0200: 4,209: Total time for which application threads were stopped: 0,0001231 seconds, Stopping threads took: 0,0000416 seconds
2017-07-03T06:25:13.127+0200: 4,209: Total time for which application threads were stopped: 0,0000677 seconds, Stopping threads took: 0,0000190 seconds
2017-07-03T06:25:13.127+0200: 4,210: Total time for which application threads were stopped: 0,0000647 seconds, Stopping threads took: 0,0000192 seconds
2017-07-03T06:25:13.127+0200: 4,210: Total time for which application threads were stopped: 0,0000609 seconds, Stopping threads took: 0,0000193 seconds
2017-07-03T06:25:13.127+0200: 4,210: Total time for which application threads were stopped: 0,0000596 seconds, Stopping threads took: 0,0000166 seconds
2017-07-03T06:25:13.127+0200: 4,210: Total time for which application threads were stopped: 0,0000792 seconds, Stopping threads took: 0,0000212 seconds
2017-07-03T06:25:13.127+0200: 4,210: Total time for which application threads were stopped: 0,0000604 seconds, Stopping threads took: 0,0000166 seconds
2017-07-03T06:25:13.128+0200: 4,210: Total time for which application threads were stopped: 0,0000603 seconds, Stopping threads took: 0,0000191 seconds
2017-07-03T06:25:13.128+0200: 4,210: Total time for which application threads were stopped: 0,0000517 seconds, Stopping threads took: 0,0000151 seconds
2017-07-03T06:25:13.128+0200: 4,210: Total time for which application threads were stopped: 0,0000569 seconds, Stopping threads took: 0,0000159 seconds
2017-07-03T06:25:13.128+0200: 4,211: Total time for which application threads were stopped: 0,0000743 seconds, Stopping threads took: 0,0000205 seconds
2017-07-03T06:25:13.128+0200: 4,211: Total time for which application threads were stopped: 0,0000584 seconds, Stopping threads took: 0,0000174 seconds
2017-07-03T06:25:13.128+0200: 4,211: Total time for which application threads were stopped: 0,0000654 seconds, Stopping threads took: 0,0000275 seconds
2017-07-03T06:25:13.128+0200: 4,211: Total time for which application threads were stopped: 0,0000809 seconds, Stopping threads took: 0,0000360 seconds
2017-07-03T06:25:13.129+0200: 4,211: Total time for which application threads were stopped: 0,0000576 seconds, Stopping threads took: 0,0000181 seconds
2017-07-03T06:25:13.129+0200: 4,212: Total time for which application threads were stopped: 0,0001309 seconds, Stopping threads took: 0,0000286 seconds
2017-07-03T06:25:13.131+0200: 4,214: Total time for which application threads were stopped: 0,0001101 seconds, Stopping threads took: 0,0000434 seconds
2017-07-03T06:25:13.131+0200: 4,214: Total time for which application threads were stopped: 0,0000623 seconds, Stopping threads took: 0,0000173 seconds
2017-07-03T06:25:13.131+0200: 4,214: Total time for which application threads were stopped: 0,0000648 seconds, Stopping threads took: 0,0000216 seconds
2017-07-03T06:25:13.131+0200: 4,214: Total time for which application threads were stopped: 0,0000583 seconds, Stopping threads took: 0,0000168 seconds
2017-07-03T06:25:13.132+0200: 4,214: Total time for which application threads were stopped: 0,0000609 seconds, Stopping threads took: 0,0000160 seconds
2017-07-03T06:25:13.132+0200: 4,214: Total time for which application threads were stopped: 0,0000626 seconds, Stopping threads took: 0,0000206 seconds
{Heap before GC invocations=9 (full 1):
 par new generation   total 109248K, used 94694K [0x00000000e0000000, 0x00000000e8000000, 0x00000000e8000000)
  eden space 87424K, 100% used [0x00000000e0000000, 0x00000000e5560000, 0x00000000e5560000)
  from space 21824K,  33% used [0x00000000e6ab0000, 0x00000000e71c9a08, 0x00000000e8000000)
  to   space 21824K,   0% used [0x00000000e5560000, 0x00000000e5560000, 0x00000000e6ab0000)
 concurrent mark-sweep generation total 393216K, used 6057K [0x00000000e8000000, 0x0000000100000000, 0x0000000100000000)
 Metaspace       used 26949K, capacity 27482K, committed 27696K, reserved 1073152K
  class space    used 3096K, capacity 3266K, committed 3376K, reserved 1048576K
2017-07-03T06:25:13.132+0200: 4,215: [GC (Allocation Failure) 2017-07-03T06:25:13.132+0200: 4,215: [ParNew
Desired survivor size 20112992 bytes, new threshold 8 (max 8)
- age   1:    7775592 bytes,    7775592 total
- age   2:     239248 bytes,    8014840 total
- age   3:     204464 bytes,    8219304 total
- age   5:    1730072 bytes,    9949376 total
- age   6:      70144 bytes,   10019520 total
- age   7:      75488 bytes,   10095008 total
- age   8:     179784 bytes,   10274792 total
: 94694K->10529K(109248K), 0,0149799 secs] 100752K->17417K(502464K), 0,0150425 secs] [Times: user=0,04 sys=0,01, real=0,02 secs] 
Heap after GC invocations=10 (full 1):
 par new generation   total 109248K, used 10529K [0x00000000e0000000, 0x00000000e8000000, 0x00000000e8000000)
  eden space 87424K,   0% used [0x00000000e0000000, 0x00000000e0000000, 0x00000000e5560000)
  from space 21824K,  48% used [0x00000000e5560000, 0x00000000e5fa8580, 0x00000000e6ab0000)
  to   space 21824K,   0% used [0x00000000e6ab0000, 0x00000000e6ab0000, 0x00000000e8000000)
 concurrent mark-sweep generation total 393216K, used 6888K [0x00000000e8000000, 0x0000000100000000, 0x0000000100000000)
 Metaspace       used 26949K, capacity 27482K, committed 27696K, reserved 1073152K
  class space    used 3096K, capacity 3266K, committed 3376K, reserved 1048576K
}
2017-07-03T06:25:13.147+0200: 4,230: Total time for which application threads were stopped: 0,0151823 seconds, Stopping threads took: 0,0000356 seconds
2017-07-03T06:25:13.147+0200: 4,230: Total time for which application threads were stopped: 0,0001304 seconds, Stopping threads took: 0,0000320 seconds
{Heap before GC invocations=10 (full 1):
 par new generation   total 109248K, used 10903K [0x00000000e0000000, 0x00000000e8000000, 0x00000000e8000000)
  eden space 87424K,   0% used [0x00000000e0000000, 0x00000000e005d830, 0x00000000e5560000)
  from space 21824K,  48% used [0x00000000e5560000, 0x00000000e5fa8580, 0x00000000e6ab0000)
  to   space 21824K,   0% used [0x00000000e6ab0000, 0x00000000e6ab0000, 0x00000000e8000000)
 concurrent mark-sweep generation total 393216K, used 6888K [0x00000000e8000000, 0x0000000100000000, 0x0000000100000000)
 Metaspace       used 26949K, capacity 27482K, committed 27696K, reserved 1073152K
  class space    used 3096K, capacity 3266K, committed 3376K, reserved 1048576K
2017-07-03T06:25:13.148+0200: 4,230: [GC (GCLocker Initiated GC) 2017-07-03T06:25:13.148+0200: 4,230: [ParNew
Desired survivor size 20112992 bytes, new threshold 8 (max 8)
- age   1:        504 bytes,        504 total
- age   2:    7740256 bytes,    7740760 total
- age   3:     239248 bytes,    7980008 total
- age   4:     204464 bytes,    8184472 total
- age   6:    1730072 bytes,    9914544 total
- age   7:      70144 bytes,    9984688 total
- age   8:      75488 bytes,   10060176 total
: 10903K->14279K(109248K), 0,0104664 secs] 17791K->21350K(502464K), 0,0105294 secs] [Times: user=0,04 sys=0,00, real=0,01 secs] 
Heap after GC invocations=11 (full 1):
 par new generation   total 109248K, used 14279K [0x00000000e0000000, 0x00000000e8000000, 0x00000000e8000000)
  eden space 87424K,   0% used [0x00000000e0000000, 0x00000000e0000000, 0x00000000e5560000)
  from space 21824K,  65% used [0x00000000e6ab0000, 0x00000000e78a1cf0, 0x00000000e8000000)
  to   space 21824K,   0% used [0x00000000e5560000, 0x00000000e5560000, 0x00000000e6ab0000)
 concurrent mark-sweep generation total 393216K, used 7071K [0x00000000e8000000, 0x0000000100000000, 0x0000000100000000)
 Metaspace       used 26949K, capacity 27482K, committed 27696K, reserved 1073152K
  class space    used 3096K, capacity 3266K, committed 3376K, reserved 1048576K
}
2017-07-03T06:25:13.158+0200: 4,241: Total time for which application threads were stopped: 0,0106525 seconds, Stopping threads took: 0,0000189 seconds
2017-07-03T06:25:13.160+0200: 4,242: Total time for which application threads were stopped: 0,0001313 seconds, Stopping threads took: 0,0000449 seconds
2017-07-03T06:25:13.160+0200: 4,242: Total time for which application threads were stopped: 0,0001062 seconds, Stopping threads took: 0,0000400 seconds
2017-07-03T06:25:13.160+0200: 4,243: Total time for which application threads were stopped: 0,0001700 seconds, Stopping threads took: 0,0000986 seconds
2017-07-03T06:25:13.160+0200: 4,243: Total time for which application threads were stopped: 0,0000982 seconds, Stopping threads took: 0,0000514 seconds
2017-07-03T06:25:13.160+0200: 4,243: Total time for which application threads were stopped: 0,0000857 seconds, Stopping threads took: 0,0000510 seconds
2017-07-03T06:25:13.166+0200: 4,248: Total time for which application threads were stopped: 0,0001280 seconds, Stopping threads took: 0,0000229 seconds
2017-07-03T06:25:13.166+0200: 4,248: Total time for which application threads were stopped: 0,0000964 seconds, Stopping threads took: 0,0000211 seconds
2017-07-03T06:25:13.166+0200: 4,249: Total time for which application threads were stopped: 0,0001069 seconds, Stopping threads took: 0,0000371 seconds
2017-07-03T06:25:13.166+0200: 4,249: Total time for which application threads were stopped: 0,0000968 seconds, Stopping threads took: 0,0000327 seconds
2017-07-03T06:25:13.166+0200: 4,249: Total time for which application threads were stopped: 0,0001184 seconds, Stopping threads took: 0,0000661 seconds
2017-07-03T06:25:13.167+0200: 4,249: Total time for which application threads were stopped: 0,0001021 seconds, Stopping threads took: 0,0000154 seconds
2017-07-03T06:25:13.167+0200: 4,249: Total time for which application threads were stopped: 0,0000936 seconds, Stopping threads took: 0,0000149 seconds
2017-07-03T06:25:13.167+0200: 4,249: Total time for which application threads were stopped: 0,0000798 seconds, Stopping threads took: 0,0000095 seconds
2017-07-03T06:25:13.167+0200: 4,250: Total time for which application threads were stopped: 0,0001915 seconds, Stopping threads took: 0,0001394 seconds
2017-07-03T06:25:13.168+0200: 4,250: Total time for which application threads were stopped: 0,0001234 seconds, Stopping threads took: 0,0000654 seconds
2017-07-03T06:25:13.168+0200: 4,251: Total time for which application threads were stopped: 0,0001643 seconds, Stopping threads took: 0,0000103 seconds
2017-07-03T06:25:13.170+0200: 4,253: Total time for which application threads were stopped: 0,0001355 seconds, Stopping threads took: 0,0000401 seconds
2017-07-03T06:25:13.175+0200: 4,257: Total time for which application threads were stopped: 0,0001199 seconds, Stopping threads took: 0,0000466 seconds
2017-07-03T06:25:13.200+0200: 4,283: Total time for which application threads were stopped: 0,0001644 seconds, Stopping threads took: 0,0000533 seconds
2017-07-03T06:25:13.204+0200: 4,286: Total time for which application threads were stopped: 0,0001304 seconds, Stopping threads took: 0,0000671 seconds
2017-07-03T06:25:13.238+0200: 4,320: Total time for which application threads were stopped: 0,0001669 seconds, Stopping threads took: 0,0000790 seconds
2017-07-03T06:25:13.239+0200: 4,321: Total time for which application threads were stopped: 0,0004045 seconds, Stopping threads took: 0,0000376 seconds
2017-07-03T06:25:13.239+0200: 4,322: Total time for which application threads were stopped: 0,0000831 seconds, Stopping threads took: 0,0000173 seconds
2017-07-03T06:25:13.243+0200: 4,326: Total time for which application threads were stopped: 0,0001444 seconds, Stopping threads took: 0,0000594 seconds
2017-07-03T06:25:14.243+0200: 5,326: Total time for which application threads were stopped: 0,0000734 seconds, Stopping threads took: 0,0000195 seconds
2017-07-03T06:25:15.257+0200: 6,340: Total time for which application threads were stopped: 0,0001926 seconds, Stopping threads took: 0,0000256 seconds
2017-07-03T06:25:31.260+0200: 22,343: Total time for which application threads were stopped: 0,0001555 seconds, Stopping threads took: 0,0000412 seconds
2017-07-03T06:25:41.261+0200: 32,344: Total time for which application threads were stopped: 0,0005658 seconds, Stopping threads took: 0,0001006 seconds
2017-07-03T06:26:36.268+0200: 87,351: Total time for which application threads were stopped: 0,0000625 seconds, Stopping threads took: 0,0000175 seconds
2017-07-03T06:27:06.272+0200: 117,355: Total time for which application threads were stopped: 0,0000787 seconds, Stopping threads took: 0,0000347 seconds
2017-07-03T06:27:11.272+0200: 122,355: Total time for which application threads were stopped: 0,0000628 seconds, Stopping threads took: 0,0000161 seconds
2017-07-03T06:29:46.289+0200: 277,371: Total time for which application threads were stopped: 0,0000797 seconds, Stopping threads took: 0,0000312 seconds
2017-07-03T06:36:58.006+0200: 709,089: Total time for which application threads were stopped: 0,0000980 seconds, Stopping threads took: 0,0000176 seconds
2017-07-03T06:36:58.012+0200: 709,094: Total time for which application threads were stopped: 0,0002477 seconds, Stopping threads took: 0,0001587 seconds
2017-07-03T06:36:58.019+0200: 709,101: Total time for which application threads were stopped: 0,0001427 seconds, Stopping threads took: 0,0000429 seconds
2017-07-03T06:36:58.021+0200: 709,104: Total time for which application threads were stopped: 0,0001040 seconds, Stopping threads took: 0,0000248 seconds
2017-07-03T06:36:58.022+0200: 709,105: Total time for which application threads were stopped: 0,0000863 seconds, Stopping threads took: 0,0000164 seconds
2017-07-03T06:36:58.026+0200: 709,109: Total time for which application threads were stopped: 0,0001093 seconds, Stopping threads took: 0,0000316 seconds
2017-07-03T06:36:58.031+0200: 709,114: Total time for which application threads were stopped: 0,0000856 seconds, Stopping threads took: 0,0000157 seconds
2017-07-03T06:36:58.032+0200: 709,115: Total time for which application threads were stopped: 0,0000897 seconds, Stopping threads took: 0,0000169 seconds
2017-07-03T06:36:58.034+0200: 709,116: Total time for which application threads were stopped: 0,0000943 seconds, Stopping threads took: 0,0000183 seconds
2017-07-03T06:36:58.035+0200: 709,117: Total time for which application threads were stopped: 0,0000887 seconds, Stopping threads took: 0,0000196 seconds
2017-07-03T06:36:58.036+0200: 709,119: Total time for which application threads were stopped: 0,0001120 seconds, Stopping threads took: 0,0000157 seconds
2017-07-03T06:36:58.037+0200: 709,120: Total time for which application threads were stopped: 0,0001099 seconds, Stopping threads took: 0,0000269 seconds
2017-07-03T06:36:58.037+0200: 709,120: Total time for which application threads were stopped: 0,0000615 seconds, Stopping threads took: 0,0000087 seconds
2017-07-03T06:36:58.038+0200: 709,121: Total time for which application threads were stopped: 0,0000910 seconds, Stopping threads took: 0,0000243 seconds
2017-07-03T06:36:58.041+0200: 709,123: Total time for which application threads were stopped: 0,0010362 seconds, Stopping threads took: 0,0009627 seconds
2017-07-03T06:36:58.042+0200: 709,125: Total time for which application threads were stopped: 0,0001155 seconds, Stopping threads took: 0,0000494 seconds
2017-07-03T06:36:58.049+0200: 709,132: Total time for which application threads were stopped: 0,0065575 seconds, Stopping threads took: 0,0064831 seconds
2017-07-03T06:36:58.049+0200: 709,132: Total time for which application threads were stopped: 0,0000476 seconds, Stopping threads took: 0,0000169 seconds
2017-07-03T06:36:58.063+0200: 709,146: Total time for which application threads were stopped: 0,0001000 seconds, Stopping threads took: 0,0000280 seconds
2017-07-03T06:36:58.075+0200: 709,158: Total time for which application threads were stopped: 0,0001068 seconds, Stopping threads took: 0,0000355 seconds
2017-07-03T06:36:58.076+0200: 709,159: Total time for which application threads were stopped: 0,0000940 seconds, Stopping threads took: 0,0000279 seconds
2017-07-03T06:36:58.076+0200: 709,159: Total time for which application threads were stopped: 0,0000486 seconds, Stopping threads took: 0,0000128 seconds
2017-07-03T06:36:58.077+0200: 709,159: Total time for which application threads were stopped: 0,0000837 seconds, Stopping threads took: 0,0000226 seconds
2017-07-03T06:36:58.077+0200: 709,159: Total time for which application threads were stopped: 0,0000484 seconds, Stopping threads took: 0,0000142 seconds
2017-07-03T06:36:58.077+0200: 709,160: Total time for which application threads were stopped: 0,0000516 seconds, Stopping threads took: 0,0000177 seconds
2017-07-03T06:36:58.077+0200: 709,160: Total time for which application threads were stopped: 0,0000457 seconds, Stopping threads took: 0,0000131 seconds
2017-07-03T06:36:58.077+0200: 709,160: Total time for which application threads were stopped: 0,0000672 seconds, Stopping threads took: 0,0000187 seconds
2017-07-03T06:36:58.077+0200: 709,160: Total time for which application threads were stopped: 0,0000419 seconds, Stopping threads took: 0,0000115 seconds
2017-07-03T06:36:58.078+0200: 709,160: Total time for which application threads were stopped: 0,0000493 seconds, Stopping threads took: 0,0000151 seconds
2017-07-03T06:36:58.078+0200: 709,161: Total time for which application threads were stopped: 0,0000824 seconds, Stopping threads took: 0,0000262 seconds
2017-07-03T06:36:58.080+0200: 709,162: Total time for which application threads were stopped: 0,0000935 seconds, Stopping threads took: 0,0000178 seconds
2017-07-03T06:36:58.080+0200: 709,163: Total time for which application threads were stopped: 0,0005551 seconds, Stopping threads took: 0,0004955 seconds
2017-07-03T06:36:58.082+0200: 709,165: Total time for which application threads were stopped: 0,0000938 seconds, Stopping threads took: 0,0000291 seconds
2017-07-03T06:36:58.082+0200: 709,165: Total time for which application threads were stopped: 0,0000554 seconds, Stopping threads took: 0,0000173 seconds
2017-07-03T06:36:58.082+0200: 709,165: Total time for which application threads were stopped: 0,0000463 seconds, Stopping threads took: 0,0000120 seconds
2017-07-03T06:36:58.083+0200: 709,166: Total time for which application threads were stopped: 0,0001075 seconds, Stopping threads took: 0,0000450 seconds
2017-07-03T06:36:58.083+0200: 709,166: Total time for which application threads were stopped: 0,0000459 seconds, Stopping threads took: 0,0000068 seconds
2017-07-03T06:36:58.083+0200: 709,166: Total time for which application threads were stopped: 0,0001605 seconds, Stopping threads took: 0,0000130 seconds
2017-07-03T06:36:58.084+0200: 709,167: Total time for which application threads were stopped: 0,0000702 seconds, Stopping threads took: 0,0000218 seconds
2017-07-03T06:36:58.087+0200: 709,170: Total time for which application threads were stopped: 0,0001116 seconds, Stopping threads took: 0,0000264 seconds
2017-07-03T06:36:58.089+0200: 709,172: Total time for which application threads were stopped: 0,0006055 seconds, Stopping threads took: 0,0004541 seconds
Heap
 par new generation   total 109248K, used 51776K [0x00000000e0000000, 0x00000000e8000000, 0x00000000e8000000)
  eden space 87424K,  42% used [0x00000000e0000000, 0x00000000e249e370, 0x00000000e5560000)
  from space 21824K,  65% used [0x00000000e6ab0000, 0x00000000e78a1cf0, 0x00000000e8000000)
  to   space 21824K,   0% used [0x00000000e5560000, 0x00000000e5560000, 0x00000000e6ab0000)
 concurrent mark-sweep generation total 393216K, used 7071K [0x00000000e8000000, 0x0000000100000000, 0x0000000100000000)
 Metaspace       used 28137K, capacity 28616K, committed 28848K, reserved 1075200K
  class space    used 3230K, capacity 3429K, committed 3504K, reserved 1048576K
