OpenJDK 64-Bit Server VM (25.91-b14) for linux-amd64 JRE (1.8.0_91-8u91-b14-3ubuntu1~16.04.1-b14), built on Jul 21 2016 04:13:34 by "buildd" with gcc 5.3.1 20160413
Memory: 4k page, physical 7867876k(7554020k free), swap 8076284k(8076284k free)
CommandLine flags: -XX:CMSInitiatingOccupancyFraction=50 -XX:CMSMaxAbortablePrecleanTime=6000 -XX:+CMSParallelRemarkEnabled -XX:+CMSScavengeBeforeRemark -XX:ConcGCThreads=4 -XX:InitialHeapSize=536870912 -XX:MaxHeapSize=536870912 -XX:MaxTenuringThreshold=8 -XX:NewRatio=3 -XX:OldPLABSize=16 -XX:OnOutOfMemoryError=/opt/solr/bin/oom_solr.sh 8983 /var/solr/logs -XX:ParallelGCThreads=4 -XX:+ParallelRefProcEnabled -XX:PretenureSizeThreshold=67108864 -XX:+PrintGC -XX:+PrintGCApplicationStoppedTime -XX:+PrintGCDateStamps -XX:+PrintGCDetails -XX:+PrintGCTimeStamps -XX:+PrintHeapAtGC -XX:+PrintTenuringDistribution -XX:SurvivorRatio=4 -XX:TargetSurvivorRatio=90 -XX:ThreadStackSize=256 -XX:+UseCMSInitiatingOccupancyOnly -XX:+UseCompressedClassPointers -XX:+UseCompressedOops -XX:+UseConcMarkSweepGC -XX:+UseParNewGC 
2016-10-23T17:12:57.230+0200: 0,114: Total time for which application threads were stopped: 0,0000837 seconds, Stopping threads took: 0,0000113 seconds
2016-10-23T17:12:57.291+0200: 0,176: Total time for which application threads were stopped: 0,0001134 seconds, Stopping threads took: 0,0000155 seconds
2016-10-23T17:12:57.305+0200: 0,190: Total time for which application threads were stopped: 0,0000930 seconds, Stopping threads took: 0,0000222 seconds
2016-10-23T17:12:57.461+0200: 0,346: Total time for which application threads were stopped: 0,0001627 seconds, Stopping threads took: 0,0000167 seconds
2016-10-23T17:12:57.704+0200: 0,588: Total time for which application threads were stopped: 0,0002118 seconds, Stopping threads took: 0,0000275 seconds
2016-10-23T17:12:57.897+0200: 0,782: Total time for which application threads were stopped: 0,0001758 seconds, Stopping threads took: 0,0000202 seconds
2016-10-23T17:12:57.934+0200: 0,819: Total time for which application threads were stopped: 0,0002433 seconds, Stopping threads took: 0,0000678 seconds
2016-10-23T17:12:58.127+0200: 1,012: Total time for which application threads were stopped: 0,0001508 seconds, Stopping threads took: 0,0000125 seconds
2016-10-23T17:12:58.438+0200: 1,322: Total time for which application threads were stopped: 0,0002112 seconds, Stopping threads took: 0,0000180 seconds
2016-10-23T17:12:58.526+0200: 1,411: Total time for which application threads were stopped: 0,0001903 seconds, Stopping threads took: 0,0000156 seconds
2016-10-23T17:12:58.527+0200: 1,411: Total time for which application threads were stopped: 0,0001073 seconds, Stopping threads took: 0,0000186 seconds
2016-10-23T17:12:58.541+0200: 1,426: Total time for which application threads were stopped: 0,0001935 seconds, Stopping threads took: 0,0000338 seconds
2016-10-23T17:12:58.644+0200: 1,529: Total time for which application threads were stopped: 0,0002361 seconds, Stopping threads took: 0,0000201 seconds
2016-10-23T17:12:58.778+0200: 1,663: Total time for which application threads were stopped: 0,0002335 seconds, Stopping threads took: 0,0000319 seconds
{Heap before GC invocations=0 (full 0):
 par new generation   total 109248K, used 87424K [0x00000000e0000000, 0x00000000e8000000, 0x00000000e8000000)
  eden space 87424K, 100% used [0x00000000e0000000, 0x00000000e5560000, 0x00000000e5560000)
  from space 21824K,   0% used [0x00000000e5560000, 0x00000000e5560000, 0x00000000e6ab0000)
  to   space 21824K,   0% used [0x00000000e6ab0000, 0x00000000e6ab0000, 0x00000000e8000000)
 concurrent mark-sweep generation total 393216K, used 0K [0x00000000e8000000, 0x0000000100000000, 0x0000000100000000)
 Metaspace       used 18271K, capacity 18534K, committed 18688K, reserved 1064960K
  class space    used 2083K, capacity 2196K, committed 2304K, reserved 1048576K
2016-10-23T17:12:58.919+0200: 1,804: [GC (Allocation Failure) 2016-10-23T17:12:58.919+0200: 1,804: [ParNew
Desired survivor size 20112992 bytes, new threshold 8 (max 8)
- age   1:   12249128 bytes,   12249128 total
: 87424K->12081K(109248K), 0,0265374 secs] 87424K->12081K(502464K), 0,0267374 secs] [Times: user=0,07 sys=0,01, real=0,02 secs] 
Heap after GC invocations=1 (full 0):
 par new generation   total 109248K, used 12081K [0x00000000e0000000, 0x00000000e8000000, 0x00000000e8000000)
  eden space 87424K,   0% used [0x00000000e0000000, 0x00000000e0000000, 0x00000000e5560000)
  from space 21824K,  55% used [0x00000000e6ab0000, 0x00000000e767c5f8, 0x00000000e8000000)
  to   space 21824K,   0% used [0x00000000e5560000, 0x00000000e5560000, 0x00000000e6ab0000)
 concurrent mark-sweep generation total 393216K, used 0K [0x00000000e8000000, 0x0000000100000000, 0x0000000100000000)
 Metaspace       used 18271K, capacity 18534K, committed 18688K, reserved 1064960K
  class space    used 2083K, capacity 2196K, committed 2304K, reserved 1048576K
}
2016-10-23T17:12:58.946+0200: 1,831: Total time for which application threads were stopped: 0,0270514 seconds, Stopping threads took: 0,0000190 seconds
2016-10-23T17:12:59.088+0200: 1,973: Total time for which application threads were stopped: 0,0003138 seconds, Stopping threads took: 0,0000570 seconds
2016-10-23T17:12:59.120+0200: 2,005: Total time for which application threads were stopped: 0,0002751 seconds, Stopping threads took: 0,0000250 seconds
2016-10-23T17:12:59.142+0200: 2,027: Total time for which application threads were stopped: 0,0003040 seconds, Stopping threads took: 0,0000268 seconds
{Heap before GC invocations=1 (full 0):
 par new generation   total 109248K, used 99505K [0x00000000e0000000, 0x00000000e8000000, 0x00000000e8000000)
  eden space 87424K, 100% used [0x00000000e0000000, 0x00000000e5560000, 0x00000000e5560000)
  from space 21824K,  55% used [0x00000000e6ab0000, 0x00000000e767c5f8, 0x00000000e8000000)
  to   space 21824K,   0% used [0x00000000e5560000, 0x00000000e5560000, 0x00000000e6ab0000)
 concurrent mark-sweep generation total 393216K, used 0K [0x00000000e8000000, 0x0000000100000000, 0x0000000100000000)
 Metaspace       used 20675K, capacity 21026K, committed 21248K, reserved 1069056K
  class space    used 2401K, capacity 2519K, committed 2560K, reserved 1048576K
2016-10-23T17:12:59.318+0200: 2,203: [GC (Allocation Failure) 2016-10-23T17:12:59.318+0200: 2,203: [ParNew
Desired survivor size 20112992 bytes, new threshold 8 (max 8)
- age   1:    2676528 bytes,    2676528 total
- age   2:    6015856 bytes,    8692384 total
: 99505K->11064K(109248K), 0,0109247 secs] 99505K->11064K(502464K), 0,0109894 secs] [Times: user=0,02 sys=0,01, real=0,01 secs] 
Heap after GC invocations=2 (full 0):
 par new generation   total 109248K, used 11064K [0x00000000e0000000, 0x00000000e8000000, 0x00000000e8000000)
  eden space 87424K,   0% used [0x00000000e0000000, 0x00000000e0000000, 0x00000000e5560000)
  from space 21824K,  50% used [0x00000000e5560000, 0x00000000e602e360, 0x00000000e6ab0000)
  to   space 21824K,   0% used [0x00000000e6ab0000, 0x00000000e6ab0000, 0x00000000e8000000)
 concurrent mark-sweep generation total 393216K, used 0K [0x00000000e8000000, 0x0000000100000000, 0x0000000100000000)
 Metaspace       used 20675K, capacity 21026K, committed 21248K, reserved 1069056K
  class space    used 2401K, capacity 2519K, committed 2560K, reserved 1048576K
}
2016-10-23T17:12:59.329+0200: 2,214: Total time for which application threads were stopped: 0,0111677 seconds, Stopping threads took: 0,0000217 seconds
2016-10-23T17:12:59.391+0200: 2,276: Total time for which application threads were stopped: 0,0001275 seconds, Stopping threads took: 0,0000564 seconds
2016-10-23T17:12:59.412+0200: 2,296: Total time for which application threads were stopped: 0,0002605 seconds, Stopping threads took: 0,0000133 seconds
2016-10-23T17:12:59.416+0200: 2,301: Total time for which application threads were stopped: 0,0000641 seconds, Stopping threads took: 0,0000130 seconds
2016-10-23T17:12:59.458+0200: 2,343: Total time for which application threads were stopped: 0,0001346 seconds, Stopping threads took: 0,0000561 seconds
2016-10-23T17:12:59.489+0200: 2,374: Total time for which application threads were stopped: 0,0001233 seconds, Stopping threads took: 0,0000406 seconds
2016-10-23T17:12:59.514+0200: 2,399: Total time for which application threads were stopped: 0,0000670 seconds, Stopping threads took: 0,0000125 seconds
2016-10-23T17:12:59.517+0200: 2,402: Total time for which application threads were stopped: 0,0002538 seconds, Stopping threads took: 0,0000142 seconds
2016-10-23T17:12:59.548+0200: 2,432: Total time for which application threads were stopped: 0,0000760 seconds, Stopping threads took: 0,0000231 seconds
2016-10-23T17:12:59.569+0200: 2,454: Total time for which application threads were stopped: 0,0001049 seconds, Stopping threads took: 0,0000179 seconds
2016-10-23T17:12:59.584+0200: 2,469: Total time for which application threads were stopped: 0,0000705 seconds, Stopping threads took: 0,0000143 seconds
2016-10-23T17:12:59.598+0200: 2,483: Total time for which application threads were stopped: 0,0000623 seconds, Stopping threads took: 0,0000129 seconds
2016-10-23T17:12:59.625+0200: 2,510: Total time for which application threads were stopped: 0,0001926 seconds, Stopping threads took: 0,0001072 seconds
2016-10-23T17:12:59.647+0200: 2,532: Total time for which application threads were stopped: 0,0002084 seconds, Stopping threads took: 0,0001122 seconds
2016-10-23T17:12:59.696+0200: 2,581: Total time for which application threads were stopped: 0,0000857 seconds, Stopping threads took: 0,0000215 seconds
2016-10-23T17:12:59.747+0200: 2,632: Total time for which application threads were stopped: 0,0001097 seconds, Stopping threads took: 0,0000228 seconds
2016-10-23T17:12:59.777+0200: 2,662: Total time for which application threads were stopped: 0,0000968 seconds, Stopping threads took: 0,0000240 seconds
2016-10-23T17:12:59.806+0200: 2,691: Total time for which application threads were stopped: 0,0000884 seconds, Stopping threads took: 0,0000221 seconds
2016-10-23T17:12:59.832+0200: 2,717: Total time for which application threads were stopped: 0,0000823 seconds, Stopping threads took: 0,0000222 seconds
2016-10-23T17:12:59.857+0200: 2,742: Total time for which application threads were stopped: 0,0001007 seconds, Stopping threads took: 0,0000280 seconds
2016-10-23T17:12:59.886+0200: 2,771: Total time for which application threads were stopped: 0,0001195 seconds, Stopping threads took: 0,0000532 seconds
2016-10-23T17:12:59.891+0200: 2,775: Total time for which application threads were stopped: 0,0000970 seconds, Stopping threads took: 0,0000476 seconds
{Heap before GC invocations=2 (full 0):
 par new generation   total 109248K, used 98488K [0x00000000e0000000, 0x00000000e8000000, 0x00000000e8000000)
  eden space 87424K, 100% used [0x00000000e0000000, 0x00000000e5560000, 0x00000000e5560000)
  from space 21824K,  50% used [0x00000000e5560000, 0x00000000e602e360, 0x00000000e6ab0000)
  to   space 21824K,   0% used [0x00000000e6ab0000, 0x00000000e6ab0000, 0x00000000e8000000)
 concurrent mark-sweep generation total 393216K, used 0K [0x00000000e8000000, 0x0000000100000000, 0x0000000100000000)
 Metaspace       used 26534K, capacity 26916K, committed 27196K, reserved 1073152K
  class space    used 3087K, capacity 3222K, committed 3244K, reserved 1048576K
2016-10-23T17:12:59.898+0200: 2,782: [GC (Allocation Failure) 2016-10-23T17:12:59.898+0200: 2,782: [ParNew
Desired survivor size 20112992 bytes, new threshold 8 (max 8)
- age   1:    8545736 bytes,    8545736 total
- age   2:     516192 bytes,    9061928 total
- age   3:    5947424 bytes,   15009352 total
: 98488K->17595K(109248K), 0,0141385 secs] 98488K->17595K(502464K), 0,0141935 secs] [Times: user=0,04 sys=0,00, real=0,02 secs] 
Heap after GC invocations=3 (full 0):
 par new generation   total 109248K, used 17595K [0x00000000e0000000, 0x00000000e8000000, 0x00000000e8000000)
  eden space 87424K,   0% used [0x00000000e0000000, 0x00000000e0000000, 0x00000000e5560000)
  from space 21824K,  80% used [0x00000000e6ab0000, 0x00000000e7bdedf0, 0x00000000e8000000)
  to   space 21824K,   0% used [0x00000000e5560000, 0x00000000e5560000, 0x00000000e6ab0000)
 concurrent mark-sweep generation total 393216K, used 0K [0x00000000e8000000, 0x0000000100000000, 0x0000000100000000)
 Metaspace       used 26534K, capacity 26916K, committed 27196K, reserved 1073152K
  class space    used 3087K, capacity 3222K, committed 3244K, reserved 1048576K
}
2016-10-23T17:12:59.912+0200: 2,797: Total time for which application threads were stopped: 0,0144088 seconds, Stopping threads took: 0,0000371 seconds
2016-10-23T17:12:59.912+0200: 2,797: [GC (CMS Initial Mark) [1 CMS-initial-mark: 0K(393216K)] 17595K(502464K), 0,0053320 secs] [Times: user=0,02 sys=0,00, real=0,00 secs] 
2016-10-23T17:12:59.917+0200: 2,802: Total time for which application threads were stopped: 0,0054667 seconds, Stopping threads took: 0,0000419 seconds
2016-10-23T17:12:59.917+0200: 2,802: [CMS-concurrent-mark-start]
2016-10-23T17:12:59.922+0200: 2,807: [CMS-concurrent-mark: 0,005/0,005 secs] [Times: user=0,02 sys=0,00, real=0,01 secs] 
2016-10-23T17:12:59.922+0200: 2,807: [CMS-concurrent-preclean-start]
2016-10-23T17:12:59.923+0200: 2,808: [CMS-concurrent-preclean: 0,001/0,001 secs] [Times: user=0,00 sys=0,00, real=0,00 secs] 
2016-10-23T17:12:59.923+0200: 2,808: [CMS-concurrent-abortable-preclean-start]
2016-10-23T17:12:59.948+0200: 2,832: Total time for which application threads were stopped: 0,0000886 seconds, Stopping threads took: 0,0000236 seconds
2016-10-23T17:13:00.948+0200: 3,833: Total time for which application threads were stopped: 0,0000599 seconds, Stopping threads took: 0,0000165 seconds
2016-10-23T17:13:01.167+0200: 4,051: Total time for which application threads were stopped: 0,0002497 seconds, Stopping threads took: 0,0000156 seconds
 CMS: abort preclean due to time 2016-10-23T17:13:06.032+0200: 8,917: [CMS-concurrent-abortable-preclean: 2,785/6,109 secs] [Times: user=3,12 sys=0,00, real=6,11 secs] 
2016-10-23T17:13:06.032+0200: 8,917: [GC (CMS Final Remark) [YG occupancy: 27102 K (109248 K)]{Heap before GC invocations=3 (full 1):
 par new generation   total 109248K, used 27102K [0x00000000e0000000, 0x00000000e8000000, 0x00000000e8000000)
  eden space 87424K,  10% used [0x00000000e0000000, 0x00000000e0948d58, 0x00000000e5560000)
  from space 21824K,  80% used [0x00000000e6ab0000, 0x00000000e7bdedf0, 0x00000000e8000000)
  to   space 21824K,   0% used [0x00000000e5560000, 0x00000000e5560000, 0x00000000e6ab0000)
 concurrent mark-sweep generation total 393216K, used 0K [0x00000000e8000000, 0x0000000100000000, 0x0000000100000000)
 Metaspace       used 26905K, capacity 27300K, committed 27528K, reserved 1073152K
  class space    used 3137K, capacity 3286K, committed 3320K, reserved 1048576K
2016-10-23T17:13:06.032+0200: 8,917: [GC (CMS Final Remark) 2016-10-23T17:13:06.032+0200: 8,917: [ParNew
Desired survivor size 20112992 bytes, new threshold 8 (max 8)
- age   1:    2564680 bytes,    2564680 total
- age   2:    3373208 bytes,    5937888 total
- age   3:     515920 bytes,    6453808 total
- age   4:    5944872 bytes,   12398680 total
: 27102K->18375K(109248K), 0,0295800 secs] 27102K->18375K(502464K), 0,0297747 secs] [Times: user=0,06 sys=0,01, real=0,03 secs] 
Heap after GC invocations=4 (full 1):
 par new generation   total 109248K, used 18375K [0x00000000e0000000, 0x00000000e8000000, 0x00000000e8000000)
  eden space 87424K,   0% used [0x00000000e0000000, 0x00000000e0000000, 0x00000000e5560000)
  from space 21824K,  84% used [0x00000000e5560000, 0x00000000e6751c30, 0x00000000e6ab0000)
  to   space 21824K,   0% used [0x00000000e6ab0000, 0x00000000e6ab0000, 0x00000000e8000000)
 concurrent mark-sweep generation total 393216K, used 0K [0x00000000e8000000, 0x0000000100000000, 0x0000000100000000)
 Metaspace       used 26905K, capacity 27300K, committed 27528K, reserved 1073152K
  class space    used 3137K, capacity 3286K, committed 3320K, reserved 1048576K
}
2016-10-23T17:13:06.062+0200: 8,947: [Rescan (parallel) , 0,0081768 secs]2016-10-23T17:13:06.071+0200: 8,955: [weak refs processing, 0,0087403 secs]2016-10-23T17:13:06.079+0200: 8,964: [class unloading, 0,0039493 secs]2016-10-23T17:13:06.083+0200: 8,968: [scrub symbol table, 0,0131584 secs]2016-10-23T17:13:06.097+0200: 8,981: [scrub string table, 0,0004916 secs][1 CMS-remark: 0K(393216K)] 18375K(502464K), 0,0654509 secs] [Times: user=0,11 sys=0,01, real=0,06 secs] 
2016-10-23T17:13:06.098+0200: 8,983: Total time for which application threads were stopped: 0,0655457 seconds, Stopping threads took: 0,0000142 seconds
2016-10-23T17:13:06.098+0200: 8,983: [CMS-concurrent-sweep-start]
2016-10-23T17:13:06.098+0200: 8,983: [CMS-concurrent-sweep: 0,000/0,000 secs] [Times: user=0,00 sys=0,00, real=0,00 secs] 
2016-10-23T17:13:06.098+0200: 8,983: [CMS-concurrent-reset-start]
2016-10-23T17:13:06.100+0200: 8,985: [CMS-concurrent-reset: 0,002/0,002 secs] [Times: user=0,00 sys=0,00, real=0,01 secs] 
2016-10-23T17:13:58.103+0200: 60,988: Total time for which application threads were stopped: 0,0000800 seconds, Stopping threads took: 0,0000340 seconds
2016-10-23T17:14:13.105+0200: 75,989: Total time for which application threads were stopped: 0,0000559 seconds, Stopping threads took: 0,0000189 seconds
2016-10-23T17:14:28.106+0200: 90,991: Total time for which application threads were stopped: 0,0000526 seconds, Stopping threads took: 0,0000149 seconds
2016-10-23T17:15:39.113+0200: 161,998: Total time for which application threads were stopped: 0,0000858 seconds, Stopping threads took: 0,0000329 seconds
2016-10-23T17:15:58.116+0200: 181,001: Total time for which application threads were stopped: 0,0005165 seconds, Stopping threads took: 0,0002188 seconds
2016-10-23T17:16:54.121+0200: 237,006: Total time for which application threads were stopped: 0,0000728 seconds, Stopping threads took: 0,0000334 seconds
2016-10-23T17:17:44.126+0200: 287,011: Total time for which application threads were stopped: 0,0000829 seconds, Stopping threads took: 0,0000355 seconds
2016-10-23T17:36:38.238+0200: 1421,123: Total time for which application threads were stopped: 0,0001181 seconds, Stopping threads took: 0,0000517 seconds
2016-10-23T17:41:38.266+0200: 1721,151: Total time for which application threads were stopped: 0,0005293 seconds, Stopping threads took: 0,0001885 seconds
2016-10-23T17:51:38.322+0200: 2321,207: Total time for which application threads were stopped: 0,0000808 seconds, Stopping threads took: 0,0000380 seconds
2016-10-23T17:51:39.322+0200: 2322,207: Total time for which application threads were stopped: 0,0000633 seconds, Stopping threads took: 0,0000175 seconds
2016-10-23T18:00:59.384+0200: 2882,269: Total time for which application threads were stopped: 0,0000827 seconds, Stopping threads took: 0,0000324 seconds
2016-10-23T18:06:14.424+0200: 3197,309: Total time for which application threads were stopped: 0,0000702 seconds, Stopping threads took: 0,0000311 seconds
2016-10-23T18:16:38.509+0200: 3821,394: Total time for which application threads were stopped: 0,0000793 seconds, Stopping threads took: 0,0000326 seconds
2016-10-23T18:16:48.511+0200: 3831,396: Total time for which application threads were stopped: 0,0001169 seconds, Stopping threads took: 0,0000287 seconds
2016-10-23T18:19:58.542+0200: 4021,427: Total time for which application threads were stopped: 0,0000888 seconds, Stopping threads took: 0,0000377 seconds
2016-10-23T19:00:29.808+0200: 6452,693: Total time for which application threads were stopped: 0,0000897 seconds, Stopping threads took: 0,0000406 seconds
2016-10-23T19:00:59.812+0200: 6482,697: Total time for which application threads were stopped: 0,0001778 seconds, Stopping threads took: 0,0000586 seconds
2016-10-23T19:03:44.829+0200: 6647,714: Total time for which application threads were stopped: 0,0000910 seconds, Stopping threads took: 0,0000391 seconds
2016-10-23T19:18:28.954+0200: 7531,839: Total time for which application threads were stopped: 0,0004324 seconds, Stopping threads took: 0,0001643 seconds
2016-10-23T19:20:58.976+0200: 7681,861: Total time for which application threads were stopped: 0,0001015 seconds, Stopping threads took: 0,0000422 seconds
2016-10-23T20:25:28.473+0200: 11551,358: Total time for which application threads were stopped: 0,0009387 seconds, Stopping threads took: 0,0003633 seconds
2016-10-23T21:28:58.939+0200: 15361,823: Total time for which application threads were stopped: 0,0000779 seconds, Stopping threads took: 0,0000311 seconds
2016-10-23T21:48:59.074+0200: 16561,959: Total time for which application threads were stopped: 0,0001030 seconds, Stopping threads took: 0,0000432 seconds
2016-10-23T22:31:58.392+0200: 19141,277: Total time for which application threads were stopped: 0,0001269 seconds, Stopping threads took: 0,0000528 seconds
2016-10-23T23:51:23.264+0200: 23906,149: Total time for which application threads were stopped: 0,0001819 seconds, Stopping threads took: 0,0000252 seconds
Heap
 par new generation   total 109248K, used 43900K [0x00000000e0000000, 0x00000000e8000000, 0x00000000e8000000)
  eden space 87424K,  29% used [0x00000000e0000000, 0x00000000e18ed740, 0x00000000e5560000)
  from space 21824K,  84% used [0x00000000e5560000, 0x00000000e6751c30, 0x00000000e6ab0000)
  to   space 21824K,   0% used [0x00000000e6ab0000, 0x00000000e6ab0000, 0x00000000e8000000)
 concurrent mark-sweep generation total 393216K, used 0K [0x00000000e8000000, 0x0000000100000000, 0x0000000100000000)
 Metaspace       used 27063K, capacity 27498K, committed 27784K, reserved 1073152K
  class space    used 3154K, capacity 3287K, committed 3320K, reserved 1048576K
