OpenJDK 64-Bit Server VM (25.131-b11) for linux-amd64 JRE (1.8.0_131-8u131-b11-2ubuntu1.16.04.3-b11), built on Jul 28 2017 01:23:32 by "buildd" with gcc 5.4.0 20160609
Memory: 4k page, physical 7867732k(7481268k free), swap 8076284k(8076284k free)
CommandLine flags: -XX:CMSInitiatingOccupancyFraction=50 -XX:CMSMaxAbortablePrecleanTime=6000 -XX:+CMSParallelRemarkEnabled -XX:+CMSScavengeBeforeRemark -XX:ConcGCThreads=4 -XX:InitialHeapSize=536870912 -XX:MaxHeapSize=536870912 -XX:MaxTenuringThreshold=8 -XX:NewRatio=3 -XX:OldPLABSize=16 -XX:OnOutOfMemoryError=/opt/solr/bin/oom_solr.sh 8983 /var/solr/logs -XX:ParallelGCThreads=4 -XX:+ParallelRefProcEnabled -XX:PretenureSizeThreshold=67108864 -XX:+PrintGC -XX:+PrintGCApplicationStoppedTime -XX:+PrintGCDateStamps -XX:+PrintGCDetails -XX:+PrintGCTimeStamps -XX:+PrintHeapAtGC -XX:+PrintTenuringDistribution -XX:SurvivorRatio=4 -XX:TargetSurvivorRatio=90 -XX:ThreadStackSize=256 -XX:+UseCMSInitiatingOccupancyOnly -XX:+UseCompressedClassPointers -XX:+UseCompressedOops -XX:+UseConcMarkSweepGC -XX:+UseParNewGC 
2017-08-09T11:39:45.257+0200: 0,186: Total time for which application threads were stopped: 0,0000694 seconds, Stopping threads took: 0,0000099 seconds
2017-08-09T11:39:45.355+0200: 0,285: Total time for which application threads were stopped: 0,0001293 seconds, Stopping threads took: 0,0000302 seconds
2017-08-09T11:39:45.385+0200: 0,315: Total time for which application threads were stopped: 0,0001023 seconds, Stopping threads took: 0,0000115 seconds
2017-08-09T11:39:45.680+0200: 0,610: Total time for which application threads were stopped: 0,0001213 seconds, Stopping threads took: 0,0000147 seconds
2017-08-09T11:39:46.071+0200: 1,001: Total time for which application threads were stopped: 0,0001167 seconds, Stopping threads took: 0,0000103 seconds
2017-08-09T11:39:46.130+0200: 1,059: Total time for which application threads were stopped: 0,0001701 seconds, Stopping threads took: 0,0000192 seconds
2017-08-09T11:39:46.143+0200: 1,073: Total time for which application threads were stopped: 0,0001884 seconds, Stopping threads took: 0,0000262 seconds
2017-08-09T11:39:46.837+0200: 1,767: Total time for which application threads were stopped: 0,0001923 seconds, Stopping threads took: 0,0000135 seconds
2017-08-09T11:39:47.093+0200: 2,023: Total time for which application threads were stopped: 0,0002019 seconds, Stopping threads took: 0,0000135 seconds
2017-08-09T11:39:47.128+0200: 2,058: Total time for which application threads were stopped: 0,0001710 seconds, Stopping threads took: 0,0000132 seconds
2017-08-09T11:39:47.164+0200: 2,094: Total time for which application threads were stopped: 0,0008087 seconds, Stopping threads took: 0,0001049 seconds
2017-08-09T11:39:47.167+0200: 2,097: Total time for which application threads were stopped: 0,0001949 seconds, Stopping threads took: 0,0000245 seconds
2017-08-09T11:39:47.189+0200: 2,119: Total time for which application threads were stopped: 0,0007710 seconds, Stopping threads took: 0,0000873 seconds
2017-08-09T11:39:47.287+0200: 2,217: Total time for which application threads were stopped: 0,0002091 seconds, Stopping threads took: 0,0000191 seconds
2017-08-09T11:39:47.456+0200: 2,385: Total time for which application threads were stopped: 0,0002601 seconds, Stopping threads took: 0,0000447 seconds
{Heap before GC invocations=0 (full 0):
 par new generation   total 109248K, used 87424K [0x00000000e0000000, 0x00000000e8000000, 0x00000000e8000000)
  eden space 87424K, 100% used [0x00000000e0000000, 0x00000000e5560000, 0x00000000e5560000)
  from space 21824K,   0% used [0x00000000e5560000, 0x00000000e5560000, 0x00000000e6ab0000)
  to   space 21824K,   0% used [0x00000000e6ab0000, 0x00000000e6ab0000, 0x00000000e8000000)
 concurrent mark-sweep generation total 393216K, used 0K [0x00000000e8000000, 0x0000000100000000, 0x0000000100000000)
 Metaspace       used 17777K, capacity 18112K, committed 18304K, reserved 1064960K
  class space    used 2020K, capacity 2164K, committed 2176K, reserved 1048576K
2017-08-09T11:39:47.479+0200: 2,409: [GC (Allocation Failure) 2017-08-09T11:39:47.479+0200: 2,409: [ParNew
Desired survivor size 20112992 bytes, new threshold 8 (max 8)
- age   1:   11403064 bytes,   11403064 total
: 87424K->11242K(109248K), 0,0163860 secs] 87424K->11242K(502464K), 0,0164636 secs] [Times: user=0,04 sys=0,01, real=0,01 secs] 
Heap after GC invocations=1 (full 0):
 par new generation   total 109248K, used 11242K [0x00000000e0000000, 0x00000000e8000000, 0x00000000e8000000)
  eden space 87424K,   0% used [0x00000000e0000000, 0x00000000e0000000, 0x00000000e5560000)
  from space 21824K,  51% used [0x00000000e6ab0000, 0x00000000e75aa960, 0x00000000e8000000)
  to   space 21824K,   0% used [0x00000000e5560000, 0x00000000e5560000, 0x00000000e6ab0000)
 concurrent mark-sweep generation total 393216K, used 0K [0x00000000e8000000, 0x0000000100000000, 0x0000000100000000)
 Metaspace       used 17777K, capacity 18112K, committed 18304K, reserved 1064960K
  class space    used 2020K, capacity 2164K, committed 2176K, reserved 1048576K
}
2017-08-09T11:39:47.496+0200: 2,425: Total time for which application threads were stopped: 0,0166994 seconds, Stopping threads took: 0,0000694 seconds
2017-08-09T11:39:47.886+0200: 2,815: Total time for which application threads were stopped: 0,0003526 seconds, Stopping threads took: 0,0000301 seconds
{Heap before GC invocations=1 (full 0):
 par new generation   total 109248K, used 98666K [0x00000000e0000000, 0x00000000e8000000, 0x00000000e8000000)
  eden space 87424K, 100% used [0x00000000e0000000, 0x00000000e5560000, 0x00000000e5560000)
  from space 21824K,  51% used [0x00000000e6ab0000, 0x00000000e75aa960, 0x00000000e8000000)
  to   space 21824K,   0% used [0x00000000e5560000, 0x00000000e5560000, 0x00000000e6ab0000)
 concurrent mark-sweep generation total 393216K, used 0K [0x00000000e8000000, 0x0000000100000000, 0x0000000100000000)
 Metaspace       used 20035K, capacity 20364K, committed 20736K, reserved 1067008K
  class space    used 2295K, capacity 2470K, committed 2560K, reserved 1048576K
2017-08-09T11:39:47.928+0200: 2,857: [GC (Allocation Failure) 2017-08-09T11:39:47.928+0200: 2,858: [ParNew
Desired survivor size 20112992 bytes, new threshold 8 (max 8)
- age   1:    4484288 bytes,    4484288 total
- age   2:    5949496 bytes,   10433784 total
: 98666K->14266K(109248K), 0,0163964 secs] 98666K->14266K(502464K), 0,0164705 secs] [Times: user=0,04 sys=0,01, real=0,01 secs] 
Heap after GC invocations=2 (full 0):
 par new generation   total 109248K, used 14266K [0x00000000e0000000, 0x00000000e8000000, 0x00000000e8000000)
  eden space 87424K,   0% used [0x00000000e0000000, 0x00000000e0000000, 0x00000000e5560000)
  from space 21824K,  65% used [0x00000000e5560000, 0x00000000e634eb80, 0x00000000e6ab0000)
  to   space 21824K,   0% used [0x00000000e6ab0000, 0x00000000e6ab0000, 0x00000000e8000000)
 concurrent mark-sweep generation total 393216K, used 0K [0x00000000e8000000, 0x0000000100000000, 0x0000000100000000)
 Metaspace       used 20035K, capacity 20364K, committed 20736K, reserved 1067008K
  class space    used 2295K, capacity 2470K, committed 2560K, reserved 1048576K
}
2017-08-09T11:39:47.944+0200: 2,874: Total time for which application threads were stopped: 0,0167377 seconds, Stopping threads took: 0,0001115 seconds
2017-08-09T11:39:47.964+0200: 2,894: Total time for which application threads were stopped: 0,0003753 seconds, Stopping threads took: 0,0000844 seconds
2017-08-09T11:39:48.008+0200: 2,937: Total time for which application threads were stopped: 0,0003287 seconds, Stopping threads took: 0,0000310 seconds
2017-08-09T11:39:48.138+0200: 3,068: Total time for which application threads were stopped: 0,0002102 seconds, Stopping threads took: 0,0000895 seconds
{Heap before GC invocations=2 (full 0):
 par new generation   total 109248K, used 101690K [0x00000000e0000000, 0x00000000e8000000, 0x00000000e8000000)
  eden space 87424K, 100% used [0x00000000e0000000, 0x00000000e5560000, 0x00000000e5560000)
  from space 21824K,  65% used [0x00000000e5560000, 0x00000000e634eb80, 0x00000000e6ab0000)
  to   space 21824K,   0% used [0x00000000e6ab0000, 0x00000000e6ab0000, 0x00000000e8000000)
 concurrent mark-sweep generation total 393216K, used 0K [0x00000000e8000000, 0x0000000100000000, 0x0000000100000000)
 Metaspace       used 20991K, capacity 21350K, committed 21628K, reserved 1069056K
  class space    used 2417K, capacity 2589K, committed 2684K, reserved 1048576K
2017-08-09T11:39:48.171+0200: 3,101: [GC (Allocation Failure) 2017-08-09T11:39:48.171+0200: 3,101: [ParNew
Desired survivor size 20112992 bytes, new threshold 8 (max 8)
- age   1:    2025904 bytes,    2025904 total
- age   2:    1537832 bytes,    3563736 total
- age   3:    5948832 bytes,    9512568 total
: 101690K->14010K(109248K), 0,0128152 secs] 101690K->14010K(502464K), 0,0128928 secs] [Times: user=0,03 sys=0,00, real=0,01 secs] 
Heap after GC invocations=3 (full 0):
 par new generation   total 109248K, used 14010K [0x00000000e0000000, 0x00000000e8000000, 0x00000000e8000000)
  eden space 87424K,   0% used [0x00000000e0000000, 0x00000000e0000000, 0x00000000e5560000)
  from space 21824K,  64% used [0x00000000e6ab0000, 0x00000000e785ead0, 0x00000000e8000000)
  to   space 21824K,   0% used [0x00000000e5560000, 0x00000000e5560000, 0x00000000e6ab0000)
 concurrent mark-sweep generation total 393216K, used 0K [0x00000000e8000000, 0x0000000100000000, 0x0000000100000000)
 Metaspace       used 20991K, capacity 21350K, committed 21628K, reserved 1069056K
  class space    used 2417K, capacity 2589K, committed 2684K, reserved 1048576K
}
2017-08-09T11:39:48.184+0200: 3,114: Total time for which application threads were stopped: 0,0131606 seconds, Stopping threads took: 0,0001172 seconds
2017-08-09T11:39:48.185+0200: 3,115: [GC (CMS Initial Mark) [1 CMS-initial-mark: 0K(393216K)] 15465K(502464K), 0,0035369 secs] [Times: user=0,02 sys=0,00, real=0,00 secs] 
2017-08-09T11:39:48.189+0200: 3,118: Total time for which application threads were stopped: 0,0042863 seconds, Stopping threads took: 0,0006513 seconds
2017-08-09T11:39:48.189+0200: 3,119: [CMS-concurrent-mark-start]
2017-08-09T11:39:48.189+0200: 3,119: [CMS-concurrent-mark: 0,000/0,000 secs] [Times: user=0,00 sys=0,00, real=0,00 secs] 
2017-08-09T11:39:48.189+0200: 3,119: [CMS-concurrent-preclean-start]
2017-08-09T11:39:48.191+0200: 3,120: [CMS-concurrent-preclean: 0,001/0,001 secs] [Times: user=0,00 sys=0,00, real=0,00 secs] 
2017-08-09T11:39:48.191+0200: 3,120: [CMS-concurrent-abortable-preclean-start]
2017-08-09T11:39:48.261+0200: 3,191: Total time for which application threads were stopped: 0,0001398 seconds, Stopping threads took: 0,0000588 seconds
{Heap before GC invocations=3 (full 1):
 par new generation   total 109248K, used 101434K [0x00000000e0000000, 0x00000000e8000000, 0x00000000e8000000)
  eden space 87424K, 100% used [0x00000000e0000000, 0x00000000e5560000, 0x00000000e5560000)
  from space 21824K,  64% used [0x00000000e6ab0000, 0x00000000e785ead0, 0x00000000e8000000)
  to   space 21824K,   0% used [0x00000000e5560000, 0x00000000e5560000, 0x00000000e6ab0000)
 concurrent mark-sweep generation total 393216K, used 0K [0x00000000e8000000, 0x0000000100000000, 0x0000000100000000)
 Metaspace       used 21267K, capacity 21616K, committed 21884K, reserved 1069056K
  class space    used 2446K, capacity 2602K, committed 2684K, reserved 1048576K
2017-08-09T11:39:48.305+0200: 3,235: [GC (Allocation Failure) 2017-08-09T11:39:48.305+0200: 3,235: [ParNew
Desired survivor size 20112992 bytes, new threshold 8 (max 8)
- age   1:    1310904 bytes,    1310904 total
- age   2:    1505096 bytes,    2816000 total
- age   3:    1504912 bytes,    4320912 total
- age   4:    5949416 bytes,   10270328 total
: 101434K->13032K(109248K), 0,0095200 secs] 101434K->13032K(502464K), 0,0095840 secs] [Times: user=0,03 sys=0,00, real=0,00 secs] 
Heap after GC invocations=4 (full 1):
 par new generation   total 109248K, used 13032K [0x00000000e0000000, 0x00000000e8000000, 0x00000000e8000000)
  eden space 87424K,   0% used [0x00000000e0000000, 0x00000000e0000000, 0x00000000e5560000)
  from space 21824K,  59% used [0x00000000e5560000, 0x00000000e621a090, 0x00000000e6ab0000)
  to   space 21824K,   0% used [0x00000000e6ab0000, 0x00000000e6ab0000, 0x00000000e8000000)
 concurrent mark-sweep generation total 393216K, used 0K [0x00000000e8000000, 0x0000000100000000, 0x0000000100000000)
 Metaspace       used 21267K, capacity 21616K, committed 21884K, reserved 1069056K
  class space    used 2446K, capacity 2602K, committed 2684K, reserved 1048576K
}
2017-08-09T11:39:48.315+0200: 3,245: Total time for which application threads were stopped: 0,0135358 seconds, Stopping threads took: 0,0038215 seconds
{Heap before GC invocations=4 (full 1):
 par new generation   total 109248K, used 100456K [0x00000000e0000000, 0x00000000e8000000, 0x00000000e8000000)
  eden space 87424K, 100% used [0x00000000e0000000, 0x00000000e5560000, 0x00000000e5560000)
  from space 21824K,  59% used [0x00000000e5560000, 0x00000000e621a090, 0x00000000e6ab0000)
  to   space 21824K,   0% used [0x00000000e6ab0000, 0x00000000e6ab0000, 0x00000000e8000000)
 concurrent mark-sweep generation total 393216K, used 0K [0x00000000e8000000, 0x0000000100000000, 0x0000000100000000)
 Metaspace       used 21420K, capacity 21786K, committed 21884K, reserved 1069056K
  class space    used 2465K, capacity 2636K, committed 2684K, reserved 1048576K
2017-08-09T11:39:48.418+0200: 3,348: [GC (Allocation Failure) 2017-08-09T11:39:48.418+0200: 3,348: [ParNew
Desired survivor size 20112992 bytes, new threshold 8 (max 8)
- age   1:    1314104 bytes,    1314104 total
- age   2:     171208 bytes,    1485312 total
- age   3:    1504968 bytes,    2990280 total
- age   4:    1502928 bytes,    4493208 total
- age   5:    5949072 bytes,   10442280 total
: 100456K->12902K(109248K), 0,0094728 secs] 100456K->12902K(502464K), 0,0095548 secs] [Times: user=0,04 sys=0,00, real=0,01 secs] 
Heap after GC invocations=5 (full 1):
 par new generation   total 109248K, used 12902K [0x00000000e0000000, 0x00000000e8000000, 0x00000000e8000000)
  eden space 87424K,   0% used [0x00000000e0000000, 0x00000000e0000000, 0x00000000e5560000)
  from space 21824K,  59% used [0x00000000e6ab0000, 0x00000000e7749940, 0x00000000e8000000)
  to   space 21824K,   0% used [0x00000000e5560000, 0x00000000e5560000, 0x00000000e6ab0000)
 concurrent mark-sweep generation total 393216K, used 0K [0x00000000e8000000, 0x0000000100000000, 0x0000000100000000)
 Metaspace       used 21420K, capacity 21786K, committed 21884K, reserved 1069056K
  class space    used 2465K, capacity 2636K, committed 2684K, reserved 1048576K
}
2017-08-09T11:39:48.428+0200: 3,357: Total time for which application threads were stopped: 0,0097955 seconds, Stopping threads took: 0,0000828 seconds
2017-08-09T11:39:48.428+0200: 3,357: [CMS-concurrent-abortable-preclean: 0,148/0,237 secs] [Times: user=0,89 sys=0,00, real=0,24 secs] 
2017-08-09T11:39:48.433+0200: 3,363: [GC (CMS Final Remark) [YG occupancy: 18842 K (109248 K)]{Heap before GC invocations=5 (full 1):
 par new generation   total 109248K, used 18842K [0x00000000e0000000, 0x00000000e8000000, 0x00000000e8000000)
  eden space 87424K,   6% used [0x00000000e0000000, 0x00000000e05cd100, 0x00000000e5560000)
  from space 21824K,  59% used [0x00000000e6ab0000, 0x00000000e7749940, 0x00000000e8000000)
  to   space 21824K,   0% used [0x00000000e5560000, 0x00000000e5560000, 0x00000000e6ab0000)
 concurrent mark-sweep generation total 393216K, used 0K [0x00000000e8000000, 0x0000000100000000, 0x0000000100000000)
 Metaspace       used 21424K, capacity 21792K, committed 21884K, reserved 1069056K
  class space    used 2465K, capacity 2637K, committed 2684K, reserved 1048576K
2017-08-09T11:39:48.433+0200: 3,363: [GC (CMS Final Remark) 2017-08-09T11:39:48.433+0200: 3,363: [ParNew
Desired survivor size 20112992 bytes, new threshold 8 (max 8)
- age   1:     754656 bytes,     754656 total
- age   2:     211912 bytes,     966568 total
- age   3:     171208 bytes,    1137776 total
- age   4:    1504864 bytes,    2642640 total
- age   5:    1502928 bytes,    4145568 total
- age   6:    5949096 bytes,   10094664 total
: 18842K->17641K(109248K), 0,0091363 secs] 18842K->17641K(502464K), 0,0091756 secs] [Times: user=0,03 sys=0,00, real=0,01 secs] 
Heap after GC invocations=6 (full 1):
 par new generation   total 109248K, used 17641K [0x00000000e0000000, 0x00000000e8000000, 0x00000000e8000000)
  eden space 87424K,   0% used [0x00000000e0000000, 0x00000000e0000000, 0x00000000e5560000)
  from space 21824K,  80% used [0x00000000e5560000, 0x00000000e669a780, 0x00000000e6ab0000)
  to   space 21824K,   0% used [0x00000000e6ab0000, 0x00000000e6ab0000, 0x00000000e8000000)
 concurrent mark-sweep generation total 393216K, used 0K [0x00000000e8000000, 0x0000000100000000, 0x0000000100000000)
 Metaspace       used 21424K, capacity 21792K, committed 21884K, reserved 1069056K
  class space    used 2465K, capacity 2637K, committed 2684K, reserved 1048576K
}
2017-08-09T11:39:48.443+0200: 3,372: [Rescan (parallel) , 0,0032785 secs]2017-08-09T11:39:48.446+0200: 3,376: [weak refs processing, 0,0009647 secs]2017-08-09T11:39:48.447+0200: 3,376: [class unloading, 0,0028807 secs]2017-08-09T11:39:48.450+0200: 3,379: [scrub symbol table, 0,0025285 secs]2017-08-09T11:39:48.452+0200: 3,382: [scrub string table, 0,0003673 secs][1 CMS-remark: 0K(393216K)] 17641K(502464K), 0,0199051 secs] [Times: user=0,05 sys=0,00, real=0,02 secs] 
2017-08-09T11:39:48.453+0200: 3,383: Total time for which application threads were stopped: 0,0216770 seconds, Stopping threads took: 0,0016773 seconds
2017-08-09T11:39:48.453+0200: 3,383: [CMS-concurrent-sweep-start]
2017-08-09T11:39:48.453+0200: 3,383: [CMS-concurrent-sweep: 0,000/0,000 secs] [Times: user=0,00 sys=0,00, real=0,00 secs] 
2017-08-09T11:39:48.453+0200: 3,383: [CMS-concurrent-reset-start]
2017-08-09T11:39:48.456+0200: 3,385: [CMS-concurrent-reset: 0,002/0,002 secs] [Times: user=0,01 sys=0,00, real=0,00 secs] 
2017-08-09T11:39:48.488+0200: 3,417: Total time for which application threads were stopped: 0,0003264 seconds, Stopping threads took: 0,0000408 seconds
2017-08-09T11:39:48.716+0200: 3,646: Total time for which application threads were stopped: 0,0004154 seconds, Stopping threads took: 0,0000365 seconds
2017-08-09T11:39:48.735+0200: 3,664: Total time for which application threads were stopped: 0,0004532 seconds, Stopping threads took: 0,0000388 seconds
{Heap before GC invocations=6 (full 1):
 par new generation   total 109248K, used 105065K [0x00000000e0000000, 0x00000000e8000000, 0x00000000e8000000)
  eden space 87424K, 100% used [0x00000000e0000000, 0x00000000e5560000, 0x00000000e5560000)
  from space 21824K,  80% used [0x00000000e5560000, 0x00000000e669a780, 0x00000000e6ab0000)
  to   space 21824K,   0% used [0x00000000e6ab0000, 0x00000000e6ab0000, 0x00000000e8000000)
 concurrent mark-sweep generation total 393216K, used 0K [0x00000000e8000000, 0x0000000100000000, 0x0000000100000000)
 Metaspace       used 24145K, capacity 24582K, committed 24828K, reserved 1071104K
  class space    used 2838K, capacity 3012K, committed 3068K, reserved 1048576K
2017-08-09T11:39:48.911+0200: 3,840: [GC (Allocation Failure) 2017-08-09T11:39:48.911+0200: 3,840: [ParNew
Desired survivor size 20112992 bytes, new threshold 8 (max 8)
- age   1:    5790496 bytes,    5790496 total
- age   2:       8136 bytes,    5798632 total
- age   3:     115360 bytes,    5913992 total
- age   4:     169680 bytes,    6083672 total
- age   5:     335040 bytes,    6418712 total
- age   6:    1476640 bytes,    7895352 total
- age   7:    5940672 bytes,   13836024 total
: 105065K->17511K(109248K), 0,0307512 secs] 105065K->17511K(502464K), 0,0308208 secs] [Times: user=0,08 sys=0,00, real=0,03 secs] 
Heap after GC invocations=7 (full 1):
 par new generation   total 109248K, used 17511K [0x00000000e0000000, 0x00000000e8000000, 0x00000000e8000000)
  eden space 87424K,   0% used [0x00000000e0000000, 0x00000000e0000000, 0x00000000e5560000)
  from space 21824K,  80% used [0x00000000e6ab0000, 0x00000000e7bc9d50, 0x00000000e8000000)
  to   space 21824K,   0% used [0x00000000e5560000, 0x00000000e5560000, 0x00000000e6ab0000)
 concurrent mark-sweep generation total 393216K, used 0K [0x00000000e8000000, 0x0000000100000000, 0x0000000100000000)
 Metaspace       used 24145K, capacity 24582K, committed 24828K, reserved 1071104K
  class space    used 2838K, capacity 3012K, committed 3068K, reserved 1048576K
}
2017-08-09T11:39:48.942+0200: 3,871: Total time for which application threads were stopped: 0,0312618 seconds, Stopping threads took: 0,0002238 seconds
{Heap before GC invocations=7 (full 1):
 par new generation   total 109248K, used 104935K [0x00000000e0000000, 0x00000000e8000000, 0x00000000e8000000)
  eden space 87424K, 100% used [0x00000000e0000000, 0x00000000e5560000, 0x00000000e5560000)
  from space 21824K,  80% used [0x00000000e6ab0000, 0x00000000e7bc9d50, 0x00000000e8000000)
  to   space 21824K,   0% used [0x00000000e5560000, 0x00000000e5560000, 0x00000000e6ab0000)
 concurrent mark-sweep generation total 393216K, used 0K [0x00000000e8000000, 0x0000000100000000, 0x0000000100000000)
 Metaspace       used 24402K, capacity 24876K, committed 25084K, reserved 1071104K
  class space    used 2857K, capacity 3045K, committed 3068K, reserved 1048576K
2017-08-09T11:39:49.036+0200: 3,965: [GC (Allocation Failure) 2017-08-09T11:39:49.036+0200: 3,965: [ParNew
Desired survivor size 20112992 bytes, new threshold 8 (max 8)
- age   1:    1276632 bytes,    1276632 total
- age   2:    1868928 bytes,    3145560 total
- age   3:       1104 bytes,    3146664 total
- age   4:      73872 bytes,    3220536 total
- age   5:      82616 bytes,    3303152 total
- age   6:     202736 bytes,    3505888 total
- age   7:    1018832 bytes,    4524720 total
- age   8:    5860832 bytes,   10385552 total
: 104935K->12468K(109248K), 0,0154032 secs] 104935K->12468K(502464K), 0,0154768 secs] [Times: user=0,04 sys=0,01, real=0,02 secs] 
Heap after GC invocations=8 (full 1):
 par new generation   total 109248K, used 12468K [0x00000000e0000000, 0x00000000e8000000, 0x00000000e8000000)
  eden space 87424K,   0% used [0x00000000e0000000, 0x00000000e0000000, 0x00000000e5560000)
  from space 21824K,  57% used [0x00000000e5560000, 0x00000000e618d240, 0x00000000e6ab0000)
  to   space 21824K,   0% used [0x00000000e6ab0000, 0x00000000e6ab0000, 0x00000000e8000000)
 concurrent mark-sweep generation total 393216K, used 0K [0x00000000e8000000, 0x0000000100000000, 0x0000000100000000)
 Metaspace       used 24402K, capacity 24876K, committed 25084K, reserved 1071104K
  class space    used 2857K, capacity 3045K, committed 3068K, reserved 1048576K
}
2017-08-09T11:39:49.051+0200: 3,981: Total time for which application threads were stopped: 0,0157911 seconds, Stopping threads took: 0,0001441 seconds
2017-08-09T11:39:49.123+0200: 4,053: Total time for which application threads were stopped: 0,0005092 seconds, Stopping threads took: 0,0001243 seconds
{Heap before GC invocations=8 (full 1):
 par new generation   total 109248K, used 99892K [0x00000000e0000000, 0x00000000e8000000, 0x00000000e8000000)
  eden space 87424K, 100% used [0x00000000e0000000, 0x00000000e5560000, 0x00000000e5560000)
  from space 21824K,  57% used [0x00000000e5560000, 0x00000000e618d240, 0x00000000e6ab0000)
  to   space 21824K,   0% used [0x00000000e6ab0000, 0x00000000e6ab0000, 0x00000000e8000000)
 concurrent mark-sweep generation total 393216K, used 0K [0x00000000e8000000, 0x0000000100000000, 0x0000000100000000)
 Metaspace       used 24745K, capacity 25254K, committed 25468K, reserved 1071104K
  class space    used 2890K, capacity 3082K, committed 3196K, reserved 1048576K
2017-08-09T11:39:49.141+0200: 4,071: [GC (Allocation Failure) 2017-08-09T11:39:49.141+0200: 4,071: [ParNew
Desired survivor size 20112992 bytes, new threshold 8 (max 8)
- age   1:     676776 bytes,     676776 total
- age   2:     935704 bytes,    1612480 total
- age   3:    1822760 bytes,    3435240 total
- age   4:       1104 bytes,    3436344 total
- age   5:      73872 bytes,    3510216 total
- age   6:      82416 bytes,    3592632 total
- age   7:     199968 bytes,    3792600 total
- age   8:    1018064 bytes,    4810664 total
: 99892K->9165K(109248K), 0,0310454 secs] 99892K->15509K(502464K), 0,0311172 secs] [Times: user=0,09 sys=0,01, real=0,03 secs] 
Heap after GC invocations=9 (full 1):
 par new generation   total 109248K, used 9165K [0x00000000e0000000, 0x00000000e8000000, 0x00000000e8000000)
  eden space 87424K,   0% used [0x00000000e0000000, 0x00000000e0000000, 0x00000000e5560000)
  from space 21824K,  41% used [0x00000000e6ab0000, 0x00000000e73a34c0, 0x00000000e8000000)
  to   space 21824K,   0% used [0x00000000e5560000, 0x00000000e5560000, 0x00000000e6ab0000)
 concurrent mark-sweep generation total 393216K, used 6343K [0x00000000e8000000, 0x0000000100000000, 0x0000000100000000)
 Metaspace       used 24745K, capacity 25254K, committed 25468K, reserved 1071104K
  class space    used 2890K, capacity 3082K, committed 3196K, reserved 1048576K
}
2017-08-09T11:39:49.173+0200: 4,102: Total time for which application threads were stopped: 0,0319732 seconds, Stopping threads took: 0,0006921 seconds
2017-08-09T11:39:49.340+0200: 4,270: Total time for which application threads were stopped: 0,0008145 seconds, Stopping threads took: 0,0006302 seconds
2017-08-09T11:39:49.355+0200: 4,285: Total time for which application threads were stopped: 0,0014687 seconds, Stopping threads took: 0,0013612 seconds
2017-08-09T11:39:49.360+0200: 4,290: Total time for which application threads were stopped: 0,0001639 seconds, Stopping threads took: 0,0000528 seconds
2017-08-09T11:39:49.364+0200: 4,293: Total time for which application threads were stopped: 0,0002733 seconds, Stopping threads took: 0,0001687 seconds
2017-08-09T11:39:49.364+0200: 4,293: Total time for which application threads were stopped: 0,0000955 seconds, Stopping threads took: 0,0000240 seconds
2017-08-09T11:39:49.374+0200: 4,304: Total time for which application threads were stopped: 0,0007856 seconds, Stopping threads took: 0,0006890 seconds
2017-08-09T11:39:49.380+0200: 4,309: Total time for which application threads were stopped: 0,0001134 seconds, Stopping threads took: 0,0000273 seconds
2017-08-09T11:39:49.380+0200: 4,310: Total time for which application threads were stopped: 0,0000827 seconds, Stopping threads took: 0,0000188 seconds
2017-08-09T11:39:49.380+0200: 4,310: Total time for which application threads were stopped: 0,0000634 seconds, Stopping threads took: 0,0000143 seconds
2017-08-09T11:39:49.381+0200: 4,311: Total time for which application threads were stopped: 0,0001043 seconds, Stopping threads took: 0,0000267 seconds
2017-08-09T11:39:49.381+0200: 4,311: Total time for which application threads were stopped: 0,0000679 seconds, Stopping threads took: 0,0000142 seconds
2017-08-09T11:39:49.382+0200: 4,311: Total time for which application threads were stopped: 0,0000824 seconds, Stopping threads took: 0,0000179 seconds
2017-08-09T11:39:49.383+0200: 4,312: Total time for which application threads were stopped: 0,0001600 seconds, Stopping threads took: 0,0000542 seconds
2017-08-09T11:39:49.386+0200: 4,315: Total time for which application threads were stopped: 0,0001188 seconds, Stopping threads took: 0,0000294 seconds
2017-08-09T11:39:49.386+0200: 4,315: Total time for which application threads were stopped: 0,0000673 seconds, Stopping threads took: 0,0000144 seconds
2017-08-09T11:39:49.386+0200: 4,316: Total time for which application threads were stopped: 0,0000690 seconds, Stopping threads took: 0,0000149 seconds
2017-08-09T11:39:49.398+0200: 4,327: Total time for which application threads were stopped: 0,0001223 seconds, Stopping threads took: 0,0000438 seconds
2017-08-09T11:39:49.398+0200: 4,327: Total time for which application threads were stopped: 0,0000657 seconds, Stopping threads took: 0,0000250 seconds
2017-08-09T11:39:49.401+0200: 4,331: Total time for which application threads were stopped: 0,0008428 seconds, Stopping threads took: 0,0007598 seconds
2017-08-09T11:39:49.402+0200: 4,331: Total time for which application threads were stopped: 0,0000814 seconds, Stopping threads took: 0,0000283 seconds
2017-08-09T11:39:49.402+0200: 4,331: Total time for which application threads were stopped: 0,0000567 seconds, Stopping threads took: 0,0000169 seconds
2017-08-09T11:39:49.402+0200: 4,332: Total time for which application threads were stopped: 0,0001516 seconds, Stopping threads took: 0,0000275 seconds
2017-08-09T11:39:49.410+0200: 4,340: Total time for which application threads were stopped: 0,0001285 seconds, Stopping threads took: 0,0000342 seconds
2017-08-09T11:39:49.411+0200: 4,340: Total time for which application threads were stopped: 0,0000974 seconds, Stopping threads took: 0,0000233 seconds
2017-08-09T11:39:49.411+0200: 4,340: Total time for which application threads were stopped: 0,0000750 seconds, Stopping threads took: 0,0000182 seconds
2017-08-09T11:39:49.411+0200: 4,340: Total time for which application threads were stopped: 0,0000687 seconds, Stopping threads took: 0,0000157 seconds
2017-08-09T11:39:49.412+0200: 4,342: Total time for which application threads were stopped: 0,0001196 seconds, Stopping threads took: 0,0000309 seconds
2017-08-09T11:39:49.413+0200: 4,342: Total time for which application threads were stopped: 0,0004741 seconds, Stopping threads took: 0,0004074 seconds
2017-08-09T11:39:49.413+0200: 4,343: Total time for which application threads were stopped: 0,0000499 seconds, Stopping threads took: 0,0000159 seconds
2017-08-09T11:39:49.413+0200: 4,343: Total time for which application threads were stopped: 0,0000683 seconds, Stopping threads took: 0,0000195 seconds
2017-08-09T11:39:49.413+0200: 4,343: Total time for which application threads were stopped: 0,0001029 seconds, Stopping threads took: 0,0000517 seconds
2017-08-09T11:39:49.413+0200: 4,343: Total time for which application threads were stopped: 0,0000578 seconds, Stopping threads took: 0,0000178 seconds
2017-08-09T11:39:49.414+0200: 4,343: Total time for which application threads were stopped: 0,0001067 seconds, Stopping threads took: 0,0000326 seconds
2017-08-09T11:39:49.414+0200: 4,343: Total time for which application threads were stopped: 0,0000937 seconds, Stopping threads took: 0,0000364 seconds
2017-08-09T11:39:49.414+0200: 4,344: Total time for which application threads were stopped: 0,0001976 seconds, Stopping threads took: 0,0001329 seconds
2017-08-09T11:39:49.414+0200: 4,344: Total time for which application threads were stopped: 0,0000784 seconds, Stopping threads took: 0,0000209 seconds
2017-08-09T11:39:49.414+0200: 4,344: Total time for which application threads were stopped: 0,0000713 seconds, Stopping threads took: 0,0000204 seconds
2017-08-09T11:39:49.415+0200: 4,344: Total time for which application threads were stopped: 0,0000703 seconds, Stopping threads took: 0,0000212 seconds
2017-08-09T11:39:49.415+0200: 4,345: Total time for which application threads were stopped: 0,0000884 seconds, Stopping threads took: 0,0000251 seconds
2017-08-09T11:39:49.415+0200: 4,345: Total time for which application threads were stopped: 0,0000650 seconds, Stopping threads took: 0,0000179 seconds
2017-08-09T11:39:49.415+0200: 4,345: Total time for which application threads were stopped: 0,0000725 seconds, Stopping threads took: 0,0000206 seconds
2017-08-09T11:39:49.415+0200: 4,345: Total time for which application threads were stopped: 0,0000831 seconds, Stopping threads took: 0,0000156 seconds
2017-08-09T11:39:49.415+0200: 4,345: Total time for which application threads were stopped: 0,0000629 seconds, Stopping threads took: 0,0000163 seconds
2017-08-09T11:39:49.417+0200: 4,347: Total time for which application threads were stopped: 0,0001224 seconds, Stopping threads took: 0,0000335 seconds
2017-08-09T11:39:49.417+0200: 4,347: Total time for which application threads were stopped: 0,0000691 seconds, Stopping threads took: 0,0000161 seconds
2017-08-09T11:39:49.426+0200: 4,356: Total time for which application threads were stopped: 0,0047643 seconds, Stopping threads took: 0,0046272 seconds
2017-08-09T11:39:49.426+0200: 4,356: Total time for which application threads were stopped: 0,0000888 seconds, Stopping threads took: 0,0000161 seconds
2017-08-09T11:39:49.426+0200: 4,356: Total time for which application threads were stopped: 0,0001577 seconds, Stopping threads took: 0,0000050 seconds
2017-08-09T11:39:49.435+0200: 4,365: Total time for which application threads were stopped: 0,0001672 seconds, Stopping threads took: 0,0000264 seconds
2017-08-09T11:39:49.437+0200: 4,366: Total time for which application threads were stopped: 0,0002018 seconds, Stopping threads took: 0,0001133 seconds
2017-08-09T11:39:49.437+0200: 4,367: Total time for which application threads were stopped: 0,0001240 seconds, Stopping threads took: 0,0000298 seconds
2017-08-09T11:39:49.438+0200: 4,368: Total time for which application threads were stopped: 0,0001237 seconds, Stopping threads took: 0,0000236 seconds
2017-08-09T11:39:49.438+0200: 4,368: Total time for which application threads were stopped: 0,0000722 seconds, Stopping threads took: 0,0000159 seconds
2017-08-09T11:39:49.457+0200: 4,387: Total time for which application threads were stopped: 0,0002035 seconds, Stopping threads took: 0,0000760 seconds
2017-08-09T11:39:49.458+0200: 4,387: Total time for which application threads were stopped: 0,0001173 seconds, Stopping threads took: 0,0000369 seconds
2017-08-09T11:39:49.459+0200: 4,389: Total time for which application threads were stopped: 0,0001022 seconds, Stopping threads took: 0,0000220 seconds
2017-08-09T11:39:49.479+0200: 4,409: Total time for which application threads were stopped: 0,0015577 seconds, Stopping threads took: 0,0014692 seconds
2017-08-09T11:39:49.485+0200: 4,415: Total time for which application threads were stopped: 0,0051946 seconds, Stopping threads took: 0,0051125 seconds
2017-08-09T11:39:49.486+0200: 4,415: Total time for which application threads were stopped: 0,0002380 seconds, Stopping threads took: 0,0001445 seconds
2017-08-09T11:39:49.512+0200: 4,442: Total time for which application threads were stopped: 0,0001709 seconds, Stopping threads took: 0,0000785 seconds
2017-08-09T11:39:49.526+0200: 4,455: Total time for which application threads were stopped: 0,0001192 seconds, Stopping threads took: 0,0000385 seconds
2017-08-09T11:39:49.535+0200: 4,465: Total time for which application threads were stopped: 0,0001096 seconds, Stopping threads took: 0,0000375 seconds
2017-08-09T11:39:49.606+0200: 4,535: Total time for which application threads were stopped: 0,0005937 seconds, Stopping threads took: 0,0000487 seconds
2017-08-09T11:39:49.638+0200: 4,567: Total time for which application threads were stopped: 0,0020173 seconds, Stopping threads took: 0,0014549 seconds
2017-08-09T11:39:49.712+0200: 4,641: Total time for which application threads were stopped: 0,0015541 seconds, Stopping threads took: 0,0014290 seconds
2017-08-09T11:39:49.736+0200: 4,665: Total time for which application threads were stopped: 0,0004379 seconds, Stopping threads took: 0,0000137 seconds
2017-08-09T11:39:49.771+0200: 4,700: Total time for which application threads were stopped: 0,0001382 seconds, Stopping threads took: 0,0000560 seconds
2017-08-09T11:39:49.776+0200: 4,706: Total time for which application threads were stopped: 0,0009569 seconds, Stopping threads took: 0,0008456 seconds
2017-08-09T11:39:49.784+0200: 4,714: Total time for which application threads were stopped: 0,0013510 seconds, Stopping threads took: 0,0012024 seconds
2017-08-09T11:39:49.813+0200: 4,743: Total time for which application threads were stopped: 0,0002509 seconds, Stopping threads took: 0,0000245 seconds
2017-08-09T11:39:49.832+0200: 4,761: Total time for which application threads were stopped: 0,0003501 seconds, Stopping threads took: 0,0000393 seconds
2017-08-09T11:39:49.835+0200: 4,764: Total time for which application threads were stopped: 0,0001555 seconds, Stopping threads took: 0,0000399 seconds
2017-08-09T11:39:49.835+0200: 4,765: Total time for which application threads were stopped: 0,0001015 seconds, Stopping threads took: 0,0000209 seconds
2017-08-09T11:39:49.837+0200: 4,766: Total time for which application threads were stopped: 0,0001813 seconds, Stopping threads took: 0,0000449 seconds
2017-08-09T11:39:49.837+0200: 4,767: Total time for which application threads were stopped: 0,0001668 seconds, Stopping threads took: 0,0000232 seconds
2017-08-09T11:39:49.855+0200: 4,785: Total time for which application threads were stopped: 0,0003854 seconds, Stopping threads took: 0,0002297 seconds
2017-08-09T11:39:49.913+0200: 4,843: Total time for which application threads were stopped: 0,0088042 seconds, Stopping threads took: 0,0086779 seconds
2017-08-09T11:39:49.945+0200: 4,875: Total time for which application threads were stopped: 0,0001499 seconds, Stopping threads took: 0,0000551 seconds
2017-08-09T11:39:49.952+0200: 4,882: Total time for which application threads were stopped: 0,0001425 seconds, Stopping threads took: 0,0000413 seconds
2017-08-09T11:39:50.025+0200: 4,954: Total time for which application threads were stopped: 0,0002955 seconds, Stopping threads took: 0,0001503 seconds
2017-08-09T11:39:50.039+0200: 4,968: Total time for which application threads were stopped: 0,0004965 seconds, Stopping threads took: 0,0000348 seconds
2017-08-09T11:39:50.040+0200: 4,969: Total time for which application threads were stopped: 0,0002390 seconds, Stopping threads took: 0,0001308 seconds
2017-08-09T11:39:51.040+0200: 5,969: Total time for which application threads were stopped: 0,0000855 seconds, Stopping threads took: 0,0000185 seconds
2017-08-09T11:41:08.051+0200: 82,981: Total time for which application threads were stopped: 0,0000662 seconds, Stopping threads took: 0,0000171 seconds
2017-08-09T11:41:43.056+0200: 117,985: Total time for which application threads were stopped: 0,0000807 seconds, Stopping threads took: 0,0000315 seconds
2017-08-09T11:41:48.057+0200: 122,986: Total time for which application threads were stopped: 0,0000882 seconds, Stopping threads took: 0,0000345 seconds
{Heap before GC invocations=9 (full 1):
 par new generation   total 109248K, used 96589K [0x00000000e0000000, 0x00000000e8000000, 0x00000000e8000000)
  eden space 87424K, 100% used [0x00000000e0000000, 0x00000000e5560000, 0x00000000e5560000)
  from space 21824K,  41% used [0x00000000e6ab0000, 0x00000000e73a34c0, 0x00000000e8000000)
  to   space 21824K,   0% used [0x00000000e5560000, 0x00000000e5560000, 0x00000000e6ab0000)
 concurrent mark-sweep generation total 393216K, used 6343K [0x00000000e8000000, 0x0000000100000000, 0x0000000100000000)
 Metaspace       used 28038K, capacity 28544K, committed 28796K, reserved 1075200K
  class space    used 3212K, capacity 3387K, committed 3452K, reserved 1048576K
2017-08-09T11:42:41.086+0200: 176,015: [GC (Allocation Failure) 2017-08-09T11:42:41.086+0200: 176,015: [ParNew
Desired survivor size 20112992 bytes, new threshold 8 (max 8)
- age   1:   11046744 bytes,   11046744 total
- age   2:     212792 bytes,   11259536 total
- age   3:     156016 bytes,   11415552 total
- age   4:    1817448 bytes,   13233000 total
- age   5:       1104 bytes,   13234104 total
- age   6:      71392 bytes,   13305496 total
- age   7:      82256 bytes,   13387752 total
- age   8:     199408 bytes,   13587160 total
: 96589K->15120K(109248K), 0,0214404 secs] 102933K->22469K(502464K), 0,0215577 secs] [Times: user=0,08 sys=0,01, real=0,02 secs] 
Heap after GC invocations=10 (full 1):
 par new generation   total 109248K, used 15120K [0x00000000e0000000, 0x00000000e8000000, 0x00000000e8000000)
  eden space 87424K,   0% used [0x00000000e0000000, 0x00000000e0000000, 0x00000000e5560000)
  from space 21824K,  69% used [0x00000000e5560000, 0x00000000e6424220, 0x00000000e6ab0000)
  to   space 21824K,   0% used [0x00000000e6ab0000, 0x00000000e6ab0000, 0x00000000e8000000)
 concurrent mark-sweep generation total 393216K, used 7349K [0x00000000e8000000, 0x0000000100000000, 0x0000000100000000)
 Metaspace       used 28038K, capacity 28544K, committed 28796K, reserved 1075200K
  class space    used 3212K, capacity 3387K, committed 3452K, reserved 1048576K
}
2017-08-09T11:42:41.107+0200: 176,037: Total time for which application threads were stopped: 0,0218556 seconds, Stopping threads took: 0,0001067 seconds
2017-08-09T11:42:41.108+0200: 176,038: Total time for which application threads were stopped: 0,0000596 seconds, Stopping threads took: 0,0000189 seconds
2017-08-09T11:42:41.108+0200: 176,038: Total time for which application threads were stopped: 0,0000438 seconds, Stopping threads took: 0,0000224 seconds
2017-08-09T11:42:46.109+0200: 181,038: Total time for which application threads were stopped: 0,0000797 seconds, Stopping threads took: 0,0000309 seconds
2017-08-09T11:44:21.123+0200: 276,052: Total time for which application threads were stopped: 0,0001176 seconds, Stopping threads took: 0,0000447 seconds
2017-08-09T11:44:23.123+0200: 278,053: Total time for which application threads were stopped: 0,0001136 seconds, Stopping threads took: 0,0000417 seconds
2017-08-09T11:48:17.152+0200: 512,082: Total time for which application threads were stopped: 0,0000777 seconds, Stopping threads took: 0,0000301 seconds
2017-08-09T11:55:48.198+0200: 963,127: Total time for which application threads were stopped: 0,0001009 seconds, Stopping threads took: 0,0000375 seconds
2017-08-09T12:03:16.244+0200: 1411,174: Total time for which application threads were stopped: 0,0000807 seconds, Stopping threads took: 0,0000292 seconds
2017-08-09T12:08:06.273+0200: 1701,203: Total time for which application threads were stopped: 0,0001245 seconds, Stopping threads took: 0,0000421 seconds
2017-08-09T12:18:06.335+0200: 2301,265: Total time for which application threads were stopped: 0,0000884 seconds, Stopping threads took: 0,0000285 seconds
2017-08-09T12:18:08.335+0200: 2303,265: Total time for which application threads were stopped: 0,0000675 seconds, Stopping threads took: 0,0000147 seconds
2017-08-09T12:33:07.418+0200: 3202,347: Total time for which application threads were stopped: 0,0000757 seconds, Stopping threads took: 0,0000281 seconds
2017-08-09T12:44:11.488+0200: 3866,417: Total time for which application threads were stopped: 0,0001492 seconds, Stopping threads took: 0,0000532 seconds
2017-08-09T12:44:16.489+0200: 3871,418: Total time for which application threads were stopped: 0,0000795 seconds, Stopping threads took: 0,0000305 seconds
2017-08-09T12:53:14.386+0200: 4409,315: Total time for which application threads were stopped: 0,0306389 seconds, Stopping threads took: 0,0305457 seconds
2017-08-09T12:53:14.386+0200: 4409,316: Total time for which application threads were stopped: 0,0000862 seconds, Stopping threads took: 0,0000223 seconds
2017-08-09T12:53:14.407+0200: 4409,336: Total time for which application threads were stopped: 0,0161081 seconds, Stopping threads took: 0,0160220 seconds
2017-08-09T12:53:14.408+0200: 4409,338: Total time for which application threads were stopped: 0,0000844 seconds, Stopping threads took: 0,0000124 seconds
2017-08-09T12:53:14.409+0200: 4409,339: Total time for which application threads were stopped: 0,0001121 seconds, Stopping threads took: 0,0000362 seconds
2017-08-09T12:53:14.410+0200: 4409,340: Total time for which application threads were stopped: 0,0000843 seconds, Stopping threads took: 0,0000169 seconds
2017-08-09T12:53:14.410+0200: 4409,340: Total time for which application threads were stopped: 0,0000451 seconds, Stopping threads took: 0,0000060 seconds
2017-08-09T12:53:14.412+0200: 4409,342: Total time for which application threads were stopped: 0,0001305 seconds, Stopping threads took: 0,0000402 seconds
2017-08-09T12:53:14.412+0200: 4409,342: Total time for which application threads were stopped: 0,0000669 seconds, Stopping threads took: 0,0000099 seconds
2017-08-09T12:53:14.412+0200: 4409,342: Total time for which application threads were stopped: 0,0000571 seconds, Stopping threads took: 0,0000094 seconds
2017-08-09T12:53:14.412+0200: 4409,342: Total time for which application threads were stopped: 0,0000476 seconds, Stopping threads took: 0,0000070 seconds
2017-08-09T12:53:14.413+0200: 4409,343: Total time for which application threads were stopped: 0,0000891 seconds, Stopping threads took: 0,0000212 seconds
2017-08-09T12:53:14.413+0200: 4409,343: Total time for which application threads were stopped: 0,0000650 seconds, Stopping threads took: 0,0000119 seconds
2017-08-09T12:53:14.413+0200: 4409,343: Total time for which application threads were stopped: 0,0000667 seconds, Stopping threads took: 0,0000166 seconds
2017-08-09T12:53:14.414+0200: 4409,343: Total time for which application threads were stopped: 0,0000755 seconds, Stopping threads took: 0,0000142 seconds
2017-08-09T12:53:14.414+0200: 4409,343: Total time for which application threads were stopped: 0,0000534 seconds, Stopping threads took: 0,0000071 seconds
2017-08-09T12:53:14.414+0200: 4409,344: Total time for which application threads were stopped: 0,0000554 seconds, Stopping threads took: 0,0000079 seconds
2017-08-09T12:53:14.414+0200: 4409,344: Total time for which application threads were stopped: 0,0000493 seconds, Stopping threads took: 0,0000066 seconds
2017-08-09T12:53:14.414+0200: 4409,344: Total time for which application threads were stopped: 0,0000464 seconds, Stopping threads took: 0,0000066 seconds
2017-08-09T12:53:14.414+0200: 4409,344: Total time for which application threads were stopped: 0,0000500 seconds, Stopping threads took: 0,0000065 seconds
2017-08-09T12:53:14.414+0200: 4409,344: Total time for which application threads were stopped: 0,0000479 seconds, Stopping threads took: 0,0000063 seconds
2017-08-09T12:53:14.414+0200: 4409,344: Total time for which application threads were stopped: 0,0000436 seconds, Stopping threads took: 0,0000056 seconds
2017-08-09T12:53:14.415+0200: 4409,344: Total time for which application threads were stopped: 0,0000410 seconds, Stopping threads took: 0,0000057 seconds
2017-08-09T12:53:14.415+0200: 4409,344: Total time for which application threads were stopped: 0,0000436 seconds, Stopping threads took: 0,0000064 seconds
2017-08-09T12:53:14.415+0200: 4409,344: Total time for which application threads were stopped: 0,0000399 seconds, Stopping threads took: 0,0000058 seconds
2017-08-09T12:53:14.415+0200: 4409,344: Total time for which application threads were stopped: 0,0000409 seconds, Stopping threads took: 0,0000057 seconds
2017-08-09T12:53:14.415+0200: 4409,344: Total time for which application threads were stopped: 0,0000427 seconds, Stopping threads took: 0,0000058 seconds
2017-08-09T12:53:14.415+0200: 4409,344: Total time for which application threads were stopped: 0,0000403 seconds, Stopping threads took: 0,0000054 seconds
2017-08-09T12:53:14.415+0200: 4409,345: Total time for which application threads were stopped: 0,0000378 seconds, Stopping threads took: 0,0000052 seconds
2017-08-09T12:53:14.415+0200: 4409,345: Total time for which application threads were stopped: 0,0000372 seconds, Stopping threads took: 0,0000051 seconds
2017-08-09T12:53:14.418+0200: 4409,347: Total time for which application threads were stopped: 0,0001661 seconds, Stopping threads took: 0,0000894 seconds
2017-08-09T12:53:14.418+0200: 4409,347: Total time for which application threads were stopped: 0,0000651 seconds, Stopping threads took: 0,0000127 seconds
2017-08-09T12:53:14.418+0200: 4409,347: Total time for which application threads were stopped: 0,0000547 seconds, Stopping threads took: 0,0000109 seconds
2017-08-09T12:53:14.421+0200: 4409,351: Total time for which application threads were stopped: 0,0001132 seconds, Stopping threads took: 0,0000426 seconds
2017-08-09T12:53:14.422+0200: 4409,352: Total time for which application threads were stopped: 0,0000958 seconds, Stopping threads took: 0,0000276 seconds
2017-08-09T12:53:14.422+0200: 4409,352: Total time for which application threads were stopped: 0,0000623 seconds, Stopping threads took: 0,0000160 seconds
2017-08-09T12:53:14.422+0200: 4409,352: Total time for which application threads were stopped: 0,0000569 seconds, Stopping threads took: 0,0000142 seconds
2017-08-09T12:53:14.422+0200: 4409,352: Total time for which application threads were stopped: 0,0000503 seconds, Stopping threads took: 0,0000137 seconds
2017-08-09T12:53:14.429+0200: 4409,359: Total time for which application threads were stopped: 0,0001966 seconds, Stopping threads took: 0,0000780 seconds
2017-08-09T12:53:14.430+0200: 4409,359: Total time for which application threads were stopped: 0,0000722 seconds, Stopping threads took: 0,0000192 seconds
2017-08-09T12:53:14.430+0200: 4409,359: Total time for which application threads were stopped: 0,0000601 seconds, Stopping threads took: 0,0000149 seconds
2017-08-09T12:53:14.430+0200: 4409,359: Total time for which application threads were stopped: 0,0000576 seconds, Stopping threads took: 0,0000189 seconds
2017-08-09T12:53:14.430+0200: 4409,359: Total time for which application threads were stopped: 0,0000512 seconds, Stopping threads took: 0,0000132 seconds
2017-08-09T12:53:14.430+0200: 4409,360: Total time for which application threads were stopped: 0,0001901 seconds, Stopping threads took: 0,0000136 seconds
2017-08-09T12:53:14.431+0200: 4409,361: Total time for which application threads were stopped: 0,0000964 seconds, Stopping threads took: 0,0000298 seconds
2017-08-09T12:53:14.431+0200: 4409,361: Total time for which application threads were stopped: 0,0000630 seconds, Stopping threads took: 0,0000153 seconds
2017-08-09T12:53:14.431+0200: 4409,361: Total time for which application threads were stopped: 0,0000576 seconds, Stopping threads took: 0,0000153 seconds
2017-08-09T12:53:14.431+0200: 4409,361: Total time for which application threads were stopped: 0,0000512 seconds, Stopping threads took: 0,0000140 seconds
2017-08-09T12:53:14.432+0200: 4409,362: Total time for which application threads were stopped: 0,0001055 seconds, Stopping threads took: 0,0000303 seconds
2017-08-09T12:53:14.439+0200: 4409,369: Total time for which application threads were stopped: 0,0001355 seconds, Stopping threads took: 0,0000530 seconds
2017-08-09T12:53:14.442+0200: 4409,371: Total time for which application threads were stopped: 0,0001081 seconds, Stopping threads took: 0,0000341 seconds
2017-08-09T12:53:14.442+0200: 4409,372: Total time for which application threads were stopped: 0,0000724 seconds, Stopping threads took: 0,0000229 seconds
2017-08-09T12:53:14.456+0200: 4409,386: Total time for which application threads were stopped: 0,0126888 seconds, Stopping threads took: 0,0125982 seconds
2017-08-09T12:53:14.463+0200: 4409,392: Total time for which application threads were stopped: 0,0001321 seconds, Stopping threads took: 0,0000459 seconds
2017-08-09T12:53:14.463+0200: 4409,392: Total time for which application threads were stopped: 0,0000759 seconds, Stopping threads took: 0,0000239 seconds
2017-08-09T12:53:14.463+0200: 4409,393: Total time for which application threads were stopped: 0,0000622 seconds, Stopping threads took: 0,0000200 seconds
2017-08-09T12:53:14.463+0200: 4409,393: Total time for which application threads were stopped: 0,0000605 seconds, Stopping threads took: 0,0000162 seconds
2017-08-09T12:53:14.463+0200: 4409,393: Total time for which application threads were stopped: 0,0000629 seconds, Stopping threads took: 0,0000175 seconds
2017-08-09T12:53:14.464+0200: 4409,393: Total time for which application threads were stopped: 0,0000477 seconds, Stopping threads took: 0,0000068 seconds
2017-08-09T12:53:14.464+0200: 4409,393: Total time for which application threads were stopped: 0,0000446 seconds, Stopping threads took: 0,0000067 seconds
2017-08-09T12:53:14.464+0200: 4409,393: Total time for which application threads were stopped: 0,0000448 seconds, Stopping threads took: 0,0000088 seconds
2017-08-09T12:53:14.465+0200: 4409,394: Total time for which application threads were stopped: 0,0000911 seconds, Stopping threads took: 0,0000273 seconds
2017-08-09T12:53:14.465+0200: 4409,394: Total time for which application threads were stopped: 0,0000686 seconds, Stopping threads took: 0,0000167 seconds
2017-08-09T12:53:14.465+0200: 4409,394: Total time for which application threads were stopped: 0,0000427 seconds, Stopping threads took: 0,0000065 seconds
2017-08-09T12:53:14.465+0200: 4409,394: Total time for which application threads were stopped: 0,0000492 seconds, Stopping threads took: 0,0000164 seconds
2017-08-09T12:53:14.468+0200: 4409,397: Total time for which application threads were stopped: 0,0001934 seconds, Stopping threads took: 0,0001232 seconds
2017-08-09T12:53:14.480+0200: 4409,409: Total time for which application threads were stopped: 0,0001066 seconds, Stopping threads took: 0,0000308 seconds
2017-08-09T12:53:14.481+0200: 4409,410: Total time for which application threads were stopped: 0,0000838 seconds, Stopping threads took: 0,0000248 seconds
2017-08-09T12:53:14.481+0200: 4409,411: Total time for which application threads were stopped: 0,0000960 seconds, Stopping threads took: 0,0000281 seconds
2017-08-09T12:53:14.482+0200: 4409,411: Total time for which application threads were stopped: 0,0000477 seconds, Stopping threads took: 0,0000067 seconds
2017-08-09T12:53:14.482+0200: 4409,411: Total time for which application threads were stopped: 0,0000616 seconds, Stopping threads took: 0,0000150 seconds
2017-08-09T12:53:14.482+0200: 4409,412: Total time for which application threads were stopped: 0,0000544 seconds, Stopping threads took: 0,0000127 seconds
2017-08-09T12:53:14.482+0200: 4409,412: Total time for which application threads were stopped: 0,0001599 seconds, Stopping threads took: 0,0000113 seconds
2017-08-09T12:53:14.483+0200: 4409,413: Total time for which application threads were stopped: 0,0000734 seconds, Stopping threads took: 0,0000212 seconds
2017-08-09T12:53:14.483+0200: 4409,413: Total time for which application threads were stopped: 0,0000603 seconds, Stopping threads took: 0,0000189 seconds
2017-08-09T12:53:14.483+0200: 4409,413: Total time for which application threads were stopped: 0,0000675 seconds, Stopping threads took: 0,0000161 seconds
2017-08-09T12:53:14.484+0200: 4409,413: Total time for which application threads were stopped: 0,0000599 seconds, Stopping threads took: 0,0000136 seconds
2017-08-09T12:53:14.484+0200: 4409,413: Total time for which application threads were stopped: 0,0000504 seconds, Stopping threads took: 0,0000122 seconds
2017-08-09T12:53:14.484+0200: 4409,413: Total time for which application threads were stopped: 0,0000489 seconds, Stopping threads took: 0,0000130 seconds
2017-08-09T12:53:14.485+0200: 4409,415: Total time for which application threads were stopped: 0,0001065 seconds, Stopping threads took: 0,0000329 seconds
2017-08-09T12:53:14.485+0200: 4409,415: Total time for which application threads were stopped: 0,0000689 seconds, Stopping threads took: 0,0000177 seconds
2017-08-09T12:53:14.485+0200: 4409,415: Total time for which application threads were stopped: 0,0000645 seconds, Stopping threads took: 0,0000178 seconds
2017-08-09T12:53:14.485+0200: 4409,415: Total time for which application threads were stopped: 0,0000468 seconds, Stopping threads took: 0,0000093 seconds
2017-08-09T12:53:14.486+0200: 4409,415: Total time for which application threads were stopped: 0,0000385 seconds, Stopping threads took: 0,0000060 seconds
2017-08-09T12:53:14.495+0200: 4409,424: Total time for which application threads were stopped: 0,0001748 seconds, Stopping threads took: 0,0000461 seconds
2017-08-09T12:53:14.496+0200: 4409,426: Total time for which application threads were stopped: 0,0000986 seconds, Stopping threads took: 0,0000313 seconds
2017-08-09T12:53:14.496+0200: 4409,426: Total time for which application threads were stopped: 0,0000971 seconds, Stopping threads took: 0,0000183 seconds
2017-08-09T12:53:14.496+0200: 4409,426: Total time for which application threads were stopped: 0,0000542 seconds, Stopping threads took: 0,0000169 seconds
2017-08-09T12:53:14.497+0200: 4409,426: Total time for which application threads were stopped: 0,0000410 seconds, Stopping threads took: 0,0000063 seconds
2017-08-09T12:53:14.499+0200: 4409,428: Total time for which application threads were stopped: 0,0001082 seconds, Stopping threads took: 0,0000333 seconds
2017-08-09T12:53:14.499+0200: 4409,428: Total time for which application threads were stopped: 0,0001075 seconds, Stopping threads took: 0,0000226 seconds
Heap
 par new generation   total 109248K, used 35065K [0x00000000e0000000, 0x00000000e8000000, 0x00000000e8000000)
  eden space 87424K,  22% used [0x00000000e0000000, 0x00000000e137a550, 0x00000000e5560000)
  from space 21824K,  69% used [0x00000000e5560000, 0x00000000e6424220, 0x00000000e6ab0000)
  to   space 21824K,   0% used [0x00000000e6ab0000, 0x00000000e6ab0000, 0x00000000e8000000)
 concurrent mark-sweep generation total 393216K, used 7349K [0x00000000e8000000, 0x0000000100000000, 0x0000000100000000)
 Metaspace       used 28160K, capacity 28648K, committed 28796K, reserved 1075200K
  class space    used 3226K, capacity 3421K, committed 3452K, reserved 1048576K
