OpenJDK 64-Bit Server VM (25.131-b11) for linux-amd64 JRE (1.8.0_131-8u131-b11-2ubuntu1.16.04.3-b11), built on Jul 28 2017 01:23:32 by "buildd" with gcc 5.4.0 20160609
Memory: 4k page, physical 7867732k(7512812k free), swap 8076284k(8076284k free)
CommandLine flags: -XX:CMSInitiatingOccupancyFraction=50 -XX:CMSMaxAbortablePrecleanTime=6000 -XX:+CMSParallelRemarkEnabled -XX:+CMSScavengeBeforeRemark -XX:ConcGCThreads=4 -XX:InitialHeapSize=536870912 -XX:MaxHeapSize=536870912 -XX:MaxTenuringThreshold=8 -XX:NewRatio=3 -XX:OldPLABSize=16 -XX:OnOutOfMemoryError=/opt/solr/bin/oom_solr.sh 8983 /var/solr/logs -XX:ParallelGCThreads=4 -XX:+ParallelRefProcEnabled -XX:PretenureSizeThreshold=67108864 -XX:+PrintGC -XX:+PrintGCApplicationStoppedTime -XX:+PrintGCDateStamps -XX:+PrintGCDetails -XX:+PrintGCTimeStamps -XX:+PrintHeapAtGC -XX:+PrintTenuringDistribution -XX:SurvivorRatio=4 -XX:TargetSurvivorRatio=90 -XX:ThreadStackSize=256 -XX:+UseCMSInitiatingOccupancyOnly -XX:+UseCompressedClassPointers -XX:+UseCompressedOops -XX:+UseConcMarkSweepGC -XX:+UseParNewGC 
2017-08-17T08:42:10.654+0200: 0,157: Total time for which application threads were stopped: 0,0000826 seconds, Stopping threads took: 0,0000171 seconds
2017-08-17T08:42:10.737+0200: 0,240: Total time for which application threads were stopped: 0,0001098 seconds, Stopping threads took: 0,0000166 seconds
2017-08-17T08:42:10.753+0200: 0,256: Total time for which application threads were stopped: 0,0000830 seconds, Stopping threads took: 0,0000154 seconds
2017-08-17T08:42:10.915+0200: 0,418: Total time for which application threads were stopped: 0,0001435 seconds, Stopping threads took: 0,0000151 seconds
2017-08-17T08:42:11.098+0200: 0,600: Total time for which application threads were stopped: 0,0001316 seconds, Stopping threads took: 0,0000105 seconds
2017-08-17T08:42:11.160+0200: 0,662: Total time for which application threads were stopped: 0,0002152 seconds, Stopping threads took: 0,0000387 seconds
2017-08-17T08:42:11.175+0200: 0,678: Total time for which application threads were stopped: 0,0001674 seconds, Stopping threads took: 0,0000210 seconds
2017-08-17T08:42:11.405+0200: 0,908: Total time for which application threads were stopped: 0,0002195 seconds, Stopping threads took: 0,0000233 seconds
2017-08-17T08:42:11.625+0200: 1,128: Total time for which application threads were stopped: 0,0002222 seconds, Stopping threads took: 0,0000160 seconds
2017-08-17T08:42:11.646+0200: 1,149: Total time for which application threads were stopped: 0,0001819 seconds, Stopping threads took: 0,0000251 seconds
2017-08-17T08:42:11.681+0200: 1,184: Total time for which application threads were stopped: 0,0002149 seconds, Stopping threads took: 0,0000187 seconds
2017-08-17T08:42:11.682+0200: 1,185: Total time for which application threads were stopped: 0,0001688 seconds, Stopping threads took: 0,0000310 seconds
2017-08-17T08:42:11.698+0200: 1,201: Total time for which application threads were stopped: 0,0002616 seconds, Stopping threads took: 0,0000229 seconds
2017-08-17T08:42:11.780+0200: 1,283: Total time for which application threads were stopped: 0,0002721 seconds, Stopping threads took: 0,0000240 seconds
2017-08-17T08:42:12.135+0200: 1,637: Total time for which application threads were stopped: 0,0026256 seconds, Stopping threads took: 0,0023733 seconds
{Heap before GC invocations=0 (full 0):
 par new generation   total 109248K, used 87424K [0x00000000e0000000, 0x00000000e8000000, 0x00000000e8000000)
  eden space 87424K, 100% used [0x00000000e0000000, 0x00000000e5560000, 0x00000000e5560000)
  from space 21824K,   0% used [0x00000000e5560000, 0x00000000e5560000, 0x00000000e6ab0000)
  to   space 21824K,   0% used [0x00000000e6ab0000, 0x00000000e6ab0000, 0x00000000e8000000)
 concurrent mark-sweep generation total 393216K, used 0K [0x00000000e8000000, 0x0000000100000000, 0x0000000100000000)
 Metaspace       used 18015K, capacity 18336K, committed 18688K, reserved 1064960K
  class space    used 2036K, capacity 2196K, committed 2304K, reserved 1048576K
2017-08-17T08:42:12.232+0200: 1,735: [GC (Allocation Failure) 2017-08-17T08:42:12.232+0200: 1,735: [ParNew
Desired survivor size 20112992 bytes, new threshold 8 (max 8)
- age   1:   12382416 bytes,   12382416 total
: 87424K->12210K(109248K), 0,0234942 secs] 87424K->12210K(502464K), 0,0235952 secs] [Times: user=0,04 sys=0,01, real=0,02 secs] 
Heap after GC invocations=1 (full 0):
 par new generation   total 109248K, used 12210K [0x00000000e0000000, 0x00000000e8000000, 0x00000000e8000000)
  eden space 87424K,   0% used [0x00000000e0000000, 0x00000000e0000000, 0x00000000e5560000)
  from space 21824K,  55% used [0x00000000e6ab0000, 0x00000000e769cb70, 0x00000000e8000000)
  to   space 21824K,   0% used [0x00000000e5560000, 0x00000000e5560000, 0x00000000e6ab0000)
 concurrent mark-sweep generation total 393216K, used 0K [0x00000000e8000000, 0x0000000100000000, 0x0000000100000000)
 Metaspace       used 18015K, capacity 18336K, committed 18688K, reserved 1064960K
  class space    used 2036K, capacity 2196K, committed 2304K, reserved 1048576K
}
2017-08-17T08:42:12.255+0200: 1,758: Total time for which application threads were stopped: 0,0261310 seconds, Stopping threads took: 0,0022805 seconds
2017-08-17T08:42:13.152+0200: 2,655: Total time for which application threads were stopped: 0,0003870 seconds, Stopping threads took: 0,0000330 seconds
2017-08-17T08:42:13.221+0200: 2,724: Total time for which application threads were stopped: 0,0005088 seconds, Stopping threads took: 0,0001659 seconds
{Heap before GC invocations=1 (full 0):
 par new generation   total 109248K, used 99616K [0x00000000e0000000, 0x00000000e8000000, 0x00000000e8000000)
  eden space 87424K,  99% used [0x00000000e0000000, 0x00000000e555b600, 0x00000000e5560000)
  from space 21824K,  55% used [0x00000000e6ab0000, 0x00000000e769cb70, 0x00000000e8000000)
  to   space 21824K,   0% used [0x00000000e5560000, 0x00000000e5560000, 0x00000000e6ab0000)
 concurrent mark-sweep generation total 393216K, used 0K [0x00000000e8000000, 0x0000000100000000, 0x0000000100000000)
 Metaspace       used 20051K, capacity 20356K, committed 20736K, reserved 1067008K
  class space    used 2296K, capacity 2468K, committed 2560K, reserved 1048576K
2017-08-17T08:42:13.221+0200: 2,724: [GC (Allocation Failure) 2017-08-17T08:42:13.221+0200: 2,724: [ParNew
Desired survivor size 20112992 bytes, new threshold 8 (max 8)
- age   1:    3822320 bytes,    3822320 total
- age   2:    6599792 bytes,   10422112 total
: 99616K->15554K(109248K), 0,0242168 secs] 99616K->15554K(502464K), 0,0244686 secs] [Times: user=0,05 sys=0,00, real=0,03 secs] 
Heap after GC invocations=2 (full 0):
 par new generation   total 109248K, used 15554K [0x00000000e0000000, 0x00000000e8000000, 0x00000000e8000000)
  eden space 87424K,   0% used [0x00000000e0000000, 0x00000000e0000000, 0x00000000e5560000)
  from space 21824K,  71% used [0x00000000e5560000, 0x00000000e6490a40, 0x00000000e6ab0000)
  to   space 21824K,   0% used [0x00000000e6ab0000, 0x00000000e6ab0000, 0x00000000e8000000)
 concurrent mark-sweep generation total 393216K, used 0K [0x00000000e8000000, 0x0000000100000000, 0x0000000100000000)
 Metaspace       used 20051K, capacity 20356K, committed 20736K, reserved 1067008K
  class space    used 2296K, capacity 2468K, committed 2560K, reserved 1048576K
}
2017-08-17T08:42:13.246+0200: 2,749: Total time for which application threads were stopped: 0,0250486 seconds, Stopping threads took: 0,0000436 seconds
2017-08-17T08:42:13.365+0200: 2,868: Total time for which application threads were stopped: 0,0003939 seconds, Stopping threads took: 0,0000207 seconds
2017-08-17T08:42:13.565+0200: 3,068: Total time for which application threads were stopped: 0,0025232 seconds, Stopping threads took: 0,0024075 seconds
{Heap before GC invocations=2 (full 0):
 par new generation   total 109248K, used 102978K [0x00000000e0000000, 0x00000000e8000000, 0x00000000e8000000)
  eden space 87424K, 100% used [0x00000000e0000000, 0x00000000e5560000, 0x00000000e5560000)
  from space 21824K,  71% used [0x00000000e5560000, 0x00000000e6490a40, 0x00000000e6ab0000)
  to   space 21824K,   0% used [0x00000000e6ab0000, 0x00000000e6ab0000, 0x00000000e8000000)
 concurrent mark-sweep generation total 393216K, used 0K [0x00000000e8000000, 0x0000000100000000, 0x0000000100000000)
 Metaspace       used 20987K, capacity 21278K, committed 21628K, reserved 1069056K
  class space    used 2419K, capacity 2587K, committed 2684K, reserved 1048576K
2017-08-17T08:42:13.625+0200: 3,128: [GC (Allocation Failure) 2017-08-17T08:42:13.625+0200: 3,128: [ParNew
Desired survivor size 20112992 bytes, new threshold 8 (max 8)
- age   1:    2129040 bytes,    2129040 total
- age   2:     928336 bytes,    3057376 total
- age   3:    6596048 bytes,    9653424 total
: 102978K->12344K(109248K), 0,0166629 secs] 102978K->12344K(502464K), 0,0167530 secs] [Times: user=0,05 sys=0,00, real=0,01 secs] 
Heap after GC invocations=3 (full 0):
 par new generation   total 109248K, used 12344K [0x00000000e0000000, 0x00000000e8000000, 0x00000000e8000000)
  eden space 87424K,   0% used [0x00000000e0000000, 0x00000000e0000000, 0x00000000e5560000)
  from space 21824K,  56% used [0x00000000e6ab0000, 0x00000000e76be040, 0x00000000e8000000)
  to   space 21824K,   0% used [0x00000000e5560000, 0x00000000e5560000, 0x00000000e6ab0000)
 concurrent mark-sweep generation total 393216K, used 0K [0x00000000e8000000, 0x0000000100000000, 0x0000000100000000)
 Metaspace       used 20987K, capacity 21278K, committed 21628K, reserved 1069056K
  class space    used 2419K, capacity 2587K, committed 2684K, reserved 1048576K
}
2017-08-17T08:42:13.642+0200: 3,145: Total time for which application threads were stopped: 0,0169865 seconds, Stopping threads took: 0,0000515 seconds
2017-08-17T08:42:13.653+0200: 3,156: [GC (CMS Initial Mark) [1 CMS-initial-mark: 0K(393216K)] 27542K(502464K), 0,0079516 secs] [Times: user=0,02 sys=0,00, real=0,01 secs] 
2017-08-17T08:42:13.661+0200: 3,164: Total time for which application threads were stopped: 0,0081777 seconds, Stopping threads took: 0,0001131 seconds
2017-08-17T08:42:13.661+0200: 3,164: [CMS-concurrent-mark-start]
2017-08-17T08:42:13.666+0200: 3,169: [CMS-concurrent-mark: 0,005/0,005 secs] [Times: user=0,01 sys=0,00, real=0,01 secs] 
2017-08-17T08:42:13.666+0200: 3,169: [CMS-concurrent-preclean-start]
2017-08-17T08:42:13.667+0200: 3,170: [CMS-concurrent-preclean: 0,001/0,001 secs] [Times: user=0,01 sys=0,00, real=0,00 secs] 
2017-08-17T08:42:13.667+0200: 3,170: [CMS-concurrent-abortable-preclean-start]
2017-08-17T08:42:13.729+0200: 3,232: Total time for which application threads were stopped: 0,0001438 seconds, Stopping threads took: 0,0000318 seconds
2017-08-17T08:42:13.731+0200: 3,234: Total time for which application threads were stopped: 0,0001331 seconds, Stopping threads took: 0,0000559 seconds
{Heap before GC invocations=3 (full 1):
 par new generation   total 109248K, used 99768K [0x00000000e0000000, 0x00000000e8000000, 0x00000000e8000000)
  eden space 87424K, 100% used [0x00000000e0000000, 0x00000000e5560000, 0x00000000e5560000)
  from space 21824K,  56% used [0x00000000e6ab0000, 0x00000000e76be040, 0x00000000e8000000)
  to   space 21824K,   0% used [0x00000000e5560000, 0x00000000e5560000, 0x00000000e6ab0000)
 concurrent mark-sweep generation total 393216K, used 0K [0x00000000e8000000, 0x0000000100000000, 0x0000000100000000)
 Metaspace       used 21261K, capacity 21624K, committed 21884K, reserved 1069056K
  class space    used 2445K, capacity 2603K, committed 2684K, reserved 1048576K
2017-08-17T08:42:13.790+0200: 3,293: [GC (Allocation Failure) 2017-08-17T08:42:13.790+0200: 3,293: [ParNew
Desired survivor size 20112992 bytes, new threshold 8 (max 8)
- age   1:    1410608 bytes,    1410608 total
- age   2:    1470632 bytes,    2881240 total
- age   3:     898864 bytes,    3780104 total
- age   4:    6596184 bytes,   10376288 total
: 99768K->12807K(109248K), 0,0107265 secs] 99768K->12807K(502464K), 0,0107948 secs] [Times: user=0,04 sys=0,00, real=0,01 secs] 
Heap after GC invocations=4 (full 1):
 par new generation   total 109248K, used 12807K [0x00000000e0000000, 0x00000000e8000000, 0x00000000e8000000)
  eden space 87424K,   0% used [0x00000000e0000000, 0x00000000e0000000, 0x00000000e5560000)
  from space 21824K,  58% used [0x00000000e5560000, 0x00000000e61e1f20, 0x00000000e6ab0000)
  to   space 21824K,   0% used [0x00000000e6ab0000, 0x00000000e6ab0000, 0x00000000e8000000)
 concurrent mark-sweep generation total 393216K, used 0K [0x00000000e8000000, 0x0000000100000000, 0x0000000100000000)
 Metaspace       used 21261K, capacity 21624K, committed 21884K, reserved 1069056K
  class space    used 2445K, capacity 2603K, committed 2684K, reserved 1048576K
}
2017-08-17T08:42:13.801+0200: 3,304: Total time for which application threads were stopped: 0,0114720 seconds, Stopping threads took: 0,0005399 seconds
{Heap before GC invocations=4 (full 1):
 par new generation   total 109248K, used 100231K [0x00000000e0000000, 0x00000000e8000000, 0x00000000e8000000)
  eden space 87424K, 100% used [0x00000000e0000000, 0x00000000e5560000, 0x00000000e5560000)
  from space 21824K,  58% used [0x00000000e5560000, 0x00000000e61e1f20, 0x00000000e6ab0000)
  to   space 21824K,   0% used [0x00000000e6ab0000, 0x00000000e6ab0000, 0x00000000e8000000)
 concurrent mark-sweep generation total 393216K, used 0K [0x00000000e8000000, 0x0000000100000000, 0x0000000100000000)
 Metaspace       used 21433K, capacity 21802K, committed 21884K, reserved 1069056K
  class space    used 2466K, capacity 2638K, committed 2684K, reserved 1048576K
2017-08-17T08:42:13.895+0200: 3,398: [GC (Allocation Failure) 2017-08-17T08:42:13.895+0200: 3,398: [ParNew
Desired survivor size 20112992 bytes, new threshold 8 (max 8)
- age   1:    1357440 bytes,    1357440 total
- age   2:     176624 bytes,    1534064 total
- age   3:    1470456 bytes,    3004520 total
- age   4:     898752 bytes,    3903272 total
- age   5:    6596072 bytes,   10499344 total
: 100231K->15337K(109248K), 0,0104226 secs] 100231K->15337K(502464K), 0,0104967 secs] [Times: user=0,03 sys=0,01, real=0,02 secs] 
Heap after GC invocations=5 (full 1):
 par new generation   total 109248K, used 15337K [0x00000000e0000000, 0x00000000e8000000, 0x00000000e8000000)
  eden space 87424K,   0% used [0x00000000e0000000, 0x00000000e0000000, 0x00000000e5560000)
  from space 21824K,  70% used [0x00000000e6ab0000, 0x00000000e79aa4a8, 0x00000000e8000000)
  to   space 21824K,   0% used [0x00000000e5560000, 0x00000000e5560000, 0x00000000e6ab0000)
 concurrent mark-sweep generation total 393216K, used 0K [0x00000000e8000000, 0x0000000100000000, 0x0000000100000000)
 Metaspace       used 21433K, capacity 21802K, committed 21884K, reserved 1069056K
  class space    used 2466K, capacity 2638K, committed 2684K, reserved 1048576K
}
2017-08-17T08:42:13.905+0200: 3,408: Total time for which application threads were stopped: 0,0106756 seconds, Stopping threads took: 0,0000411 seconds
2017-08-17T08:42:13.932+0200: 3,435: Total time for which application threads were stopped: 0,0002105 seconds, Stopping threads took: 0,0001316 seconds
2017-08-17T08:42:13.932+0200: 3,435: [CMS-concurrent-abortable-preclean: 0,198/0,265 secs] [Times: user=0,99 sys=0,01, real=0,26 secs] 
2017-08-17T08:42:13.933+0200: 3,436: [GC (CMS Final Remark) [YG occupancy: 27035 K (109248 K)]{Heap before GC invocations=5 (full 1):
 par new generation   total 109248K, used 27035K [0x00000000e0000000, 0x00000000e8000000, 0x00000000e8000000)
  eden space 87424K,  13% used [0x00000000e0000000, 0x00000000e0b6c7c0, 0x00000000e5560000)
  from space 21824K,  70% used [0x00000000e6ab0000, 0x00000000e79aa4a8, 0x00000000e8000000)
  to   space 21824K,   0% used [0x00000000e5560000, 0x00000000e5560000, 0x00000000e6ab0000)
 concurrent mark-sweep generation total 393216K, used 0K [0x00000000e8000000, 0x0000000100000000, 0x0000000100000000)
 Metaspace       used 21537K, capacity 21930K, committed 22216K, reserved 1069056K
  class space    used 2479K, capacity 2638K, committed 2684K, reserved 1048576K
2017-08-17T08:42:13.933+0200: 3,436: [GC (CMS Final Remark) 2017-08-17T08:42:13.933+0200: 3,436: [ParNew
Desired survivor size 20112992 bytes, new threshold 8 (max 8)
- age   1:     161600 bytes,     161600 total
- age   2:     113520 bytes,     275120 total
- age   3:     175800 bytes,     450920 total
- age   4:    1080360 bytes,    1531280 total
- age   5:     896784 bytes,    2428064 total
- age   6:    6596016 bytes,    9024080 total
: 27035K->10562K(109248K), 0,0199864 secs] 27035K->10562K(502464K), 0,0200360 secs] [Times: user=0,06 sys=0,00, real=0,02 secs] 
Heap after GC invocations=6 (full 1):
 par new generation   total 109248K, used 10562K [0x00000000e0000000, 0x00000000e8000000, 0x00000000e8000000)
  eden space 87424K,   0% used [0x00000000e0000000, 0x00000000e0000000, 0x00000000e5560000)
  from space 21824K,  48% used [0x00000000e5560000, 0x00000000e5fb0bc8, 0x00000000e6ab0000)
  to   space 21824K,   0% used [0x00000000e6ab0000, 0x00000000e6ab0000, 0x00000000e8000000)
 concurrent mark-sweep generation total 393216K, used 0K [0x00000000e8000000, 0x0000000100000000, 0x0000000100000000)
 Metaspace       used 21537K, capacity 21930K, committed 22216K, reserved 1069056K
  class space    used 2479K, capacity 2638K, committed 2684K, reserved 1048576K
}
2017-08-17T08:42:13.953+0200: 3,456: [Rescan (parallel) , 0,0055426 secs]2017-08-17T08:42:13.959+0200: 3,461: [weak refs processing, 0,0005242 secs]2017-08-17T08:42:13.959+0200: 3,462: [class unloading, 0,0031619 secs]2017-08-17T08:42:13.962+0200: 3,465: [scrub symbol table, 0,0032558 secs]2017-08-17T08:42:13.966+0200: 3,468: [scrub string table, 0,0003905 secs][1 CMS-remark: 0K(393216K)] 10562K(502464K), 0,0336082 secs] [Times: user=0,08 sys=0,00, real=0,04 secs] 
2017-08-17T08:42:13.967+0200: 3,469: Total time for which application threads were stopped: 0,0342156 seconds, Stopping threads took: 0,0005387 seconds
2017-08-17T08:42:13.967+0200: 3,470: [CMS-concurrent-sweep-start]
2017-08-17T08:42:13.967+0200: 3,470: [CMS-concurrent-sweep: 0,000/0,000 secs] [Times: user=0,00 sys=0,00, real=0,00 secs] 
2017-08-17T08:42:13.967+0200: 3,470: [CMS-concurrent-reset-start]
2017-08-17T08:42:13.969+0200: 3,471: [CMS-concurrent-reset: 0,002/0,002 secs] [Times: user=0,01 sys=0,00, real=0,00 secs] 
2017-08-17T08:42:13.986+0200: 3,489: Total time for which application threads were stopped: 0,0003983 seconds, Stopping threads took: 0,0000460 seconds
2017-08-17T08:42:14.252+0200: 3,755: Total time for which application threads were stopped: 0,0004657 seconds, Stopping threads took: 0,0000455 seconds
2017-08-17T08:42:14.270+0200: 3,773: Total time for which application threads were stopped: 0,0004252 seconds, Stopping threads took: 0,0000383 seconds
{Heap before GC invocations=6 (full 1):
 par new generation   total 109248K, used 97986K [0x00000000e0000000, 0x00000000e8000000, 0x00000000e8000000)
  eden space 87424K, 100% used [0x00000000e0000000, 0x00000000e5560000, 0x00000000e5560000)
  from space 21824K,  48% used [0x00000000e5560000, 0x00000000e5fb0bc8, 0x00000000e6ab0000)
  to   space 21824K,   0% used [0x00000000e6ab0000, 0x00000000e6ab0000, 0x00000000e8000000)
 concurrent mark-sweep generation total 393216K, used 0K [0x00000000e8000000, 0x0000000100000000, 0x0000000100000000)
 Metaspace       used 24275K, capacity 24758K, committed 24828K, reserved 1071104K
  class space    used 2846K, capacity 3046K, committed 3068K, reserved 1048576K
2017-08-17T08:42:14.504+0200: 4,007: [GC (Allocation Failure) 2017-08-17T08:42:14.504+0200: 4,007: [ParNew
Desired survivor size 20112992 bytes, new threshold 8 (max 8)
- age   1:    5556696 bytes,    5556696 total
- age   2:      92008 bytes,    5648704 total
- age   3:     113392 bytes,    5762096 total
- age   4:     175160 bytes,    5937256 total
- age   5:     300344 bytes,    6237600 total
- age   6:     870504 bytes,    7108104 total
- age   7:    6587776 bytes,   13695880 total
: 97986K->18266K(109248K), 0,0206376 secs] 97986K->18266K(502464K), 0,0207213 secs] [Times: user=0,08 sys=0,00, real=0,03 secs] 
Heap after GC invocations=7 (full 1):
 par new generation   total 109248K, used 18266K [0x00000000e0000000, 0x00000000e8000000, 0x00000000e8000000)
  eden space 87424K,   0% used [0x00000000e0000000, 0x00000000e0000000, 0x00000000e5560000)
  from space 21824K,  83% used [0x00000000e6ab0000, 0x00000000e7c869f0, 0x00000000e8000000)
  to   space 21824K,   0% used [0x00000000e5560000, 0x00000000e5560000, 0x00000000e6ab0000)
 concurrent mark-sweep generation total 393216K, used 0K [0x00000000e8000000, 0x0000000100000000, 0x0000000100000000)
 Metaspace       used 24275K, capacity 24758K, committed 24828K, reserved 1071104K
  class space    used 2846K, capacity 3046K, committed 3068K, reserved 1048576K
}
2017-08-17T08:42:14.525+0200: 4,028: Total time for which application threads were stopped: 0,0213358 seconds, Stopping threads took: 0,0003747 seconds
2017-08-17T08:42:14.557+0200: 4,060: Total time for which application threads were stopped: 0,0031475 seconds, Stopping threads took: 0,0028198 seconds
2017-08-17T08:42:14.599+0200: 4,102: Total time for which application threads were stopped: 0,0002698 seconds, Stopping threads took: 0,0000828 seconds
2017-08-17T08:42:14.609+0200: 4,112: Total time for which application threads were stopped: 0,0035587 seconds, Stopping threads took: 0,0034298 seconds
2017-08-17T08:42:14.636+0200: 4,138: Total time for which application threads were stopped: 0,0001677 seconds, Stopping threads took: 0,0000530 seconds
{Heap before GC invocations=7 (full 1):
 par new generation   total 109248K, used 105690K [0x00000000e0000000, 0x00000000e8000000, 0x00000000e8000000)
  eden space 87424K, 100% used [0x00000000e0000000, 0x00000000e5560000, 0x00000000e5560000)
  from space 21824K,  83% used [0x00000000e6ab0000, 0x00000000e7c869f0, 0x00000000e8000000)
  to   space 21824K,   0% used [0x00000000e5560000, 0x00000000e5560000, 0x00000000e6ab0000)
 concurrent mark-sweep generation total 393216K, used 0K [0x00000000e8000000, 0x0000000100000000, 0x0000000100000000)
 Metaspace       used 24913K, capacity 25372K, committed 25724K, reserved 1071104K
  class space    used 2901K, capacity 3079K, committed 3196K, reserved 1048576K
2017-08-17T08:42:14.647+0200: 4,149: [GC (Allocation Failure) 2017-08-17T08:42:14.647+0200: 4,150: [ParNew
Desired survivor size 20112992 bytes, new threshold 8 (max 8)
- age   1:    1925360 bytes,    1925360 total
- age   2:    1824064 bytes,    3749424 total
- age   3:      41880 bytes,    3791304 total
- age   4:      61952 bytes,    3853256 total
- age   5:      89792 bytes,    3943048 total
- age   6:     185368 bytes,    4128416 total
- age   7:     842848 bytes,    4971264 total
- age   8:    6054384 bytes,   11025648 total
: 105690K->15851K(109248K), 0,0217770 secs] 105690K->15851K(502464K), 0,0218734 secs] [Times: user=0,09 sys=0,00, real=0,02 secs] 
Heap after GC invocations=8 (full 1):
 par new generation   total 109248K, used 15851K [0x00000000e0000000, 0x00000000e8000000, 0x00000000e8000000)
  eden space 87424K,   0% used [0x00000000e0000000, 0x00000000e0000000, 0x00000000e5560000)
  from space 21824K,  72% used [0x00000000e5560000, 0x00000000e64daeb0, 0x00000000e6ab0000)
  to   space 21824K,   0% used [0x00000000e6ab0000, 0x00000000e6ab0000, 0x00000000e8000000)
 concurrent mark-sweep generation total 393216K, used 0K [0x00000000e8000000, 0x0000000100000000, 0x0000000100000000)
 Metaspace       used 24913K, capacity 25372K, committed 25724K, reserved 1071104K
  class space    used 2901K, capacity 3079K, committed 3196K, reserved 1048576K
}
2017-08-17T08:42:14.669+0200: 4,171: Total time for which application threads were stopped: 0,0221192 seconds, Stopping threads took: 0,0000741 seconds
2017-08-17T08:42:14.716+0200: 4,219: Total time for which application threads were stopped: 0,0061720 seconds, Stopping threads took: 0,0060618 seconds
{Heap before GC invocations=8 (full 1):
 par new generation   total 109248K, used 103275K [0x00000000e0000000, 0x00000000e8000000, 0x00000000e8000000)
  eden space 87424K, 100% used [0x00000000e0000000, 0x00000000e5560000, 0x00000000e5560000)
  from space 21824K,  72% used [0x00000000e5560000, 0x00000000e64daeb0, 0x00000000e6ab0000)
  to   space 21824K,   0% used [0x00000000e6ab0000, 0x00000000e6ab0000, 0x00000000e8000000)
 concurrent mark-sweep generation total 393216K, used 0K [0x00000000e8000000, 0x0000000100000000, 0x0000000100000000)
 Metaspace       used 25070K, capacity 25526K, committed 25724K, reserved 1071104K
  class space    used 2911K, capacity 3084K, committed 3196K, reserved 1048576K
2017-08-17T08:42:14.771+0200: 4,274: [GC (Allocation Failure) 2017-08-17T08:42:14.771+0200: 4,274: [ParNew
Desired survivor size 20112992 bytes, new threshold 8 (max 8)
- age   1:     851992 bytes,     851992 total
- age   2:    1081496 bytes,    1933488 total
- age   3:    1799160 bytes,    3732648 total
- age   4:      41824 bytes,    3774472 total
- age   5:      61952 bytes,    3836424 total
- age   6:      89624 bytes,    3926048 total
- age   7:     185240 bytes,    4111288 total
- age   8:     842112 bytes,    4953400 total
: 103275K->7248K(109248K), 0,0275059 secs] 103275K->13808K(502464K), 0,0275807 secs] [Times: user=0,09 sys=0,01, real=0,03 secs] 
Heap after GC invocations=9 (full 1):
 par new generation   total 109248K, used 7248K [0x00000000e0000000, 0x00000000e8000000, 0x00000000e8000000)
  eden space 87424K,   0% used [0x00000000e0000000, 0x00000000e0000000, 0x00000000e5560000)
  from space 21824K,  33% used [0x00000000e6ab0000, 0x00000000e71c4300, 0x00000000e8000000)
  to   space 21824K,   0% used [0x00000000e5560000, 0x00000000e5560000, 0x00000000e6ab0000)
 concurrent mark-sweep generation total 393216K, used 6559K [0x00000000e8000000, 0x0000000100000000, 0x0000000100000000)
 Metaspace       used 25070K, capacity 25526K, committed 25724K, reserved 1071104K
  class space    used 2911K, capacity 3084K, committed 3196K, reserved 1048576K
}
2017-08-17T08:42:14.799+0200: 4,302: Total time for which application threads were stopped: 0,0284541 seconds, Stopping threads took: 0,0007353 seconds
2017-08-17T08:42:14.873+0200: 4,376: Total time for which application threads were stopped: 0,0042638 seconds, Stopping threads took: 0,0041168 seconds
2017-08-17T08:42:14.906+0200: 4,408: Total time for which application threads were stopped: 0,0002987 seconds, Stopping threads took: 0,0001812 seconds
2017-08-17T08:42:14.909+0200: 4,412: Total time for which application threads were stopped: 0,0009892 seconds, Stopping threads took: 0,0008454 seconds
2017-08-17T08:42:14.909+0200: 4,412: Total time for which application threads were stopped: 0,0001280 seconds, Stopping threads took: 0,0000433 seconds
2017-08-17T08:42:14.909+0200: 4,412: Total time for which application threads were stopped: 0,0001029 seconds, Stopping threads took: 0,0000301 seconds
2017-08-17T08:42:14.909+0200: 4,412: Total time for which application threads were stopped: 0,0000926 seconds, Stopping threads took: 0,0000258 seconds
2017-08-17T08:42:14.910+0200: 4,413: Total time for which application threads were stopped: 0,0001589 seconds, Stopping threads took: 0,0000381 seconds
2017-08-17T08:42:14.911+0200: 4,414: Total time for which application threads were stopped: 0,0001537 seconds, Stopping threads took: 0,0000583 seconds
2017-08-17T08:42:14.911+0200: 4,414: Total time for which application threads were stopped: 0,0006613 seconds, Stopping threads took: 0,0005655 seconds
2017-08-17T08:42:14.912+0200: 4,415: Total time for which application threads were stopped: 0,0005583 seconds, Stopping threads took: 0,0004881 seconds
2017-08-17T08:42:14.913+0200: 4,416: Total time for which application threads were stopped: 0,0000938 seconds, Stopping threads took: 0,0000233 seconds
2017-08-17T08:42:14.914+0200: 4,416: Total time for which application threads were stopped: 0,0001741 seconds, Stopping threads took: 0,0000646 seconds
2017-08-17T08:42:14.919+0200: 4,422: Total time for which application threads were stopped: 0,0001770 seconds, Stopping threads took: 0,0000656 seconds
2017-08-17T08:42:14.919+0200: 4,422: Total time for which application threads were stopped: 0,0000991 seconds, Stopping threads took: 0,0000319 seconds
2017-08-17T08:42:14.920+0200: 4,423: Total time for which application threads were stopped: 0,0003521 seconds, Stopping threads took: 0,0002597 seconds
2017-08-17T08:42:14.922+0200: 4,425: Total time for which application threads were stopped: 0,0007738 seconds, Stopping threads took: 0,0006789 seconds
2017-08-17T08:42:14.922+0200: 4,425: Total time for which application threads were stopped: 0,0000846 seconds, Stopping threads took: 0,0000278 seconds
2017-08-17T08:42:14.933+0200: 4,436: Total time for which application threads were stopped: 0,0035206 seconds, Stopping threads took: 0,0034274 seconds
2017-08-17T08:42:14.933+0200: 4,436: Total time for which application threads were stopped: 0,0001073 seconds, Stopping threads took: 0,0000366 seconds
2017-08-17T08:42:14.933+0200: 4,436: Total time for which application threads were stopped: 0,0003596 seconds, Stopping threads took: 0,0002772 seconds
2017-08-17T08:42:14.934+0200: 4,437: Total time for which application threads were stopped: 0,0000873 seconds, Stopping threads took: 0,0000227 seconds
2017-08-17T08:42:14.934+0200: 4,437: Total time for which application threads were stopped: 0,0000700 seconds, Stopping threads took: 0,0000115 seconds
2017-08-17T08:42:14.934+0200: 4,437: Total time for which application threads were stopped: 0,0000617 seconds, Stopping threads took: 0,0000093 seconds
2017-08-17T08:42:14.934+0200: 4,437: Total time for which application threads were stopped: 0,0000664 seconds, Stopping threads took: 0,0000105 seconds
2017-08-17T08:42:14.934+0200: 4,437: Total time for which application threads were stopped: 0,0000576 seconds, Stopping threads took: 0,0000091 seconds
2017-08-17T08:42:14.936+0200: 4,439: Total time for which application threads were stopped: 0,0001585 seconds, Stopping threads took: 0,0000620 seconds
2017-08-17T08:42:14.936+0200: 4,439: Total time for which application threads were stopped: 0,0000999 seconds, Stopping threads took: 0,0000347 seconds
2017-08-17T08:42:14.936+0200: 4,439: Total time for which application threads were stopped: 0,0000937 seconds, Stopping threads took: 0,0000295 seconds
2017-08-17T08:42:14.936+0200: 4,439: Total time for which application threads were stopped: 0,0000731 seconds, Stopping threads took: 0,0000268 seconds
2017-08-17T08:42:14.937+0200: 4,440: Total time for which application threads were stopped: 0,0001145 seconds, Stopping threads took: 0,0000240 seconds
2017-08-17T08:42:14.937+0200: 4,440: Total time for which application threads were stopped: 0,0000559 seconds, Stopping threads took: 0,0000152 seconds
2017-08-17T08:42:14.937+0200: 4,440: Total time for which application threads were stopped: 0,0001176 seconds, Stopping threads took: 0,0000539 seconds
2017-08-17T08:42:14.938+0200: 4,440: Total time for which application threads were stopped: 0,0000916 seconds, Stopping threads took: 0,0000286 seconds
2017-08-17T08:42:14.938+0200: 4,441: Total time for which application threads were stopped: 0,0000958 seconds, Stopping threads took: 0,0000298 seconds
2017-08-17T08:42:14.938+0200: 4,441: Total time for which application threads were stopped: 0,0000842 seconds, Stopping threads took: 0,0000248 seconds
2017-08-17T08:42:14.938+0200: 4,441: Total time for which application threads were stopped: 0,0001044 seconds, Stopping threads took: 0,0000206 seconds
2017-08-17T08:42:14.939+0200: 4,441: Total time for which application threads were stopped: 0,0000953 seconds, Stopping threads took: 0,0000193 seconds
2017-08-17T08:42:14.943+0200: 4,446: Total time for which application threads were stopped: 0,0001587 seconds, Stopping threads took: 0,0000572 seconds
2017-08-17T08:42:14.944+0200: 4,447: Total time for which application threads were stopped: 0,0001591 seconds, Stopping threads took: 0,0000477 seconds
2017-08-17T08:42:14.949+0200: 4,452: Total time for which application threads were stopped: 0,0024686 seconds, Stopping threads took: 0,0023940 seconds
2017-08-17T08:42:14.954+0200: 4,457: Total time for which application threads were stopped: 0,0007902 seconds, Stopping threads took: 0,0007076 seconds
2017-08-17T08:42:14.956+0200: 4,459: Total time for which application threads were stopped: 0,0005290 seconds, Stopping threads took: 0,0004483 seconds
2017-08-17T08:42:14.956+0200: 4,459: Total time for which application threads were stopped: 0,0001628 seconds, Stopping threads took: 0,0000595 seconds
2017-08-17T08:42:14.964+0200: 4,467: Total time for which application threads were stopped: 0,0001566 seconds, Stopping threads took: 0,0000721 seconds
2017-08-17T08:42:14.970+0200: 4,473: Total time for which application threads were stopped: 0,0001570 seconds, Stopping threads took: 0,0000338 seconds
2017-08-17T08:42:14.970+0200: 4,473: Total time for which application threads were stopped: 0,0003685 seconds, Stopping threads took: 0,0001436 seconds
2017-08-17T08:42:14.970+0200: 4,473: Total time for which application threads were stopped: 0,0001138 seconds, Stopping threads took: 0,0000530 seconds
2017-08-17T08:42:14.971+0200: 4,474: Total time for which application threads were stopped: 0,0001461 seconds, Stopping threads took: 0,0000464 seconds
2017-08-17T08:42:14.974+0200: 4,477: Total time for which application threads were stopped: 0,0001684 seconds, Stopping threads took: 0,0000258 seconds
2017-08-17T08:42:14.978+0200: 4,481: Total time for which application threads were stopped: 0,0001547 seconds, Stopping threads took: 0,0000502 seconds
2017-08-17T08:42:14.980+0200: 4,483: Total time for which application threads were stopped: 0,0001194 seconds, Stopping threads took: 0,0000369 seconds
2017-08-17T08:42:14.984+0200: 4,487: Total time for which application threads were stopped: 0,0001542 seconds, Stopping threads took: 0,0000451 seconds
2017-08-17T08:42:14.989+0200: 4,492: Total time for which application threads were stopped: 0,0048785 seconds, Stopping threads took: 0,0047794 seconds
2017-08-17T08:42:14.990+0200: 4,492: Total time for which application threads were stopped: 0,0001111 seconds, Stopping threads took: 0,0000390 seconds
2017-08-17T08:42:15.002+0200: 4,505: Total time for which application threads were stopped: 0,0002428 seconds, Stopping threads took: 0,0001401 seconds
2017-08-17T08:42:15.025+0200: 4,528: Total time for which application threads were stopped: 0,0026337 seconds, Stopping threads took: 0,0025094 seconds
2017-08-17T08:42:15.032+0200: 4,535: Total time for which application threads were stopped: 0,0001572 seconds, Stopping threads took: 0,0000469 seconds
2017-08-17T08:42:15.032+0200: 4,535: Total time for which application threads were stopped: 0,0001307 seconds, Stopping threads took: 0,0000316 seconds
2017-08-17T08:42:15.037+0200: 4,540: Total time for which application threads were stopped: 0,0001484 seconds, Stopping threads took: 0,0000393 seconds
2017-08-17T08:42:15.039+0200: 4,542: Total time for which application threads were stopped: 0,0001266 seconds, Stopping threads took: 0,0000373 seconds
2017-08-17T08:42:15.043+0200: 4,546: Total time for which application threads were stopped: 0,0005027 seconds, Stopping threads took: 0,0000578 seconds
2017-08-17T08:42:15.054+0200: 4,557: Total time for which application threads were stopped: 0,0001298 seconds, Stopping threads took: 0,0000413 seconds
2017-08-17T08:42:15.061+0200: 4,564: Total time for which application threads were stopped: 0,0002498 seconds, Stopping threads took: 0,0001280 seconds
2017-08-17T08:42:15.062+0200: 4,564: Total time for which application threads were stopped: 0,0004022 seconds, Stopping threads took: 0,0000127 seconds
2017-08-17T08:42:15.063+0200: 4,566: Total time for which application threads were stopped: 0,0001715 seconds, Stopping threads took: 0,0000711 seconds
2017-08-17T08:42:15.069+0200: 4,572: Total time for which application threads were stopped: 0,0024264 seconds, Stopping threads took: 0,0023296 seconds
2017-08-17T08:42:15.070+0200: 4,573: Total time for which application threads were stopped: 0,0001568 seconds, Stopping threads took: 0,0000386 seconds
2017-08-17T08:42:15.074+0200: 4,577: Total time for which application threads were stopped: 0,0002480 seconds, Stopping threads took: 0,0000345 seconds
2017-08-17T08:42:15.148+0200: 4,651: Total time for which application threads were stopped: 0,0004928 seconds, Stopping threads took: 0,0000756 seconds
2017-08-17T08:42:15.157+0200: 4,660: Total time for which application threads were stopped: 0,0001606 seconds, Stopping threads took: 0,0000774 seconds
2017-08-17T08:42:15.157+0200: 4,660: Total time for which application threads were stopped: 0,0000869 seconds, Stopping threads took: 0,0000159 seconds
2017-08-17T08:42:15.159+0200: 4,662: Total time for which application threads were stopped: 0,0001187 seconds, Stopping threads took: 0,0000387 seconds
2017-08-17T08:42:15.177+0200: 4,679: Total time for which application threads were stopped: 0,0001417 seconds, Stopping threads took: 0,0000472 seconds
2017-08-17T08:42:15.181+0200: 4,684: Total time for which application threads were stopped: 0,0001728 seconds, Stopping threads took: 0,0000467 seconds
2017-08-17T08:42:15.184+0200: 4,687: Total time for which application threads were stopped: 0,0033858 seconds, Stopping threads took: 0,0032866 seconds
2017-08-17T08:42:15.186+0200: 4,689: Total time for which application threads were stopped: 0,0002114 seconds, Stopping threads took: 0,0000473 seconds
2017-08-17T08:42:15.188+0200: 4,691: Total time for which application threads were stopped: 0,0003027 seconds, Stopping threads took: 0,0002318 seconds
2017-08-17T08:42:15.188+0200: 4,691: Total time for which application threads were stopped: 0,0001553 seconds, Stopping threads took: 0,0001141 seconds
2017-08-17T08:42:15.190+0200: 4,693: Total time for which application threads were stopped: 0,0001952 seconds, Stopping threads took: 0,0000873 seconds
2017-08-17T08:42:15.193+0200: 4,696: Total time for which application threads were stopped: 0,0001529 seconds, Stopping threads took: 0,0000461 seconds
2017-08-17T08:42:15.198+0200: 4,701: Total time for which application threads were stopped: 0,0001355 seconds, Stopping threads took: 0,0000526 seconds
2017-08-17T08:42:15.201+0200: 4,704: Total time for which application threads were stopped: 0,0014252 seconds, Stopping threads took: 0,0013307 seconds
2017-08-17T08:42:15.204+0200: 4,707: Total time for which application threads were stopped: 0,0001234 seconds, Stopping threads took: 0,0000305 seconds
2017-08-17T08:42:15.209+0200: 4,712: Total time for which application threads were stopped: 0,0001737 seconds, Stopping threads took: 0,0000746 seconds
2017-08-17T08:42:15.212+0200: 4,715: Total time for which application threads were stopped: 0,0001778 seconds, Stopping threads took: 0,0000783 seconds
2017-08-17T08:42:15.222+0200: 4,725: Total time for which application threads were stopped: 0,0001752 seconds, Stopping threads took: 0,0000811 seconds
2017-08-17T08:42:15.258+0200: 4,761: Total time for which application threads were stopped: 0,0001416 seconds, Stopping threads took: 0,0000274 seconds
2017-08-17T08:42:15.265+0200: 4,768: Total time for which application threads were stopped: 0,0001184 seconds, Stopping threads took: 0,0000304 seconds
2017-08-17T08:42:15.268+0200: 4,771: Total time for which application threads were stopped: 0,0001854 seconds, Stopping threads took: 0,0001076 seconds
2017-08-17T08:42:15.280+0200: 4,782: Total time for which application threads were stopped: 0,0001375 seconds, Stopping threads took: 0,0000409 seconds
2017-08-17T08:42:15.280+0200: 4,783: Total time for which application threads were stopped: 0,0004569 seconds, Stopping threads took: 0,0000199 seconds
2017-08-17T08:42:15.281+0200: 4,784: Total time for which application threads were stopped: 0,0001325 seconds, Stopping threads took: 0,0000616 seconds
2017-08-17T08:42:15.289+0200: 4,792: Total time for which application threads were stopped: 0,0028282 seconds, Stopping threads took: 0,0027159 seconds
2017-08-17T08:42:15.296+0200: 4,798: Total time for which application threads were stopped: 0,0001406 seconds, Stopping threads took: 0,0000401 seconds
2017-08-17T08:42:16.296+0200: 5,799: Total time for which application threads were stopped: 0,0000678 seconds, Stopping threads took: 0,0000170 seconds
2017-08-17T08:42:42.300+0200: 31,803: Total time for which application threads were stopped: 0,0000649 seconds, Stopping threads took: 0,0000163 seconds
2017-08-17T08:43:32.306+0200: 81,809: Total time for which application threads were stopped: 0,0000946 seconds, Stopping threads took: 0,0000219 seconds
2017-08-17T08:44:11.708+0200: 121,814: Total time for which application threads were stopped: 0,0000807 seconds, Stopping threads took: 0,0000323 seconds
2017-08-17T08:44:16.708+0200: 126,815: Total time for which application threads were stopped: 0,0000959 seconds, Stopping threads took: 0,0000372 seconds
2017-08-17T08:45:15.715+0200: 185,821: Total time for which application threads were stopped: 0,0000815 seconds, Stopping threads took: 0,0000324 seconds
2017-08-17T08:46:46.727+0200: 276,833: Total time for which application threads were stopped: 0,0000933 seconds, Stopping threads took: 0,0000376 seconds
2017-08-17T08:50:11.759+0200: 481,866: Total time for which application threads were stopped: 0,0001621 seconds, Stopping threads took: 0,0000563 seconds
2017-08-17T09:48:43.224+0200: 1405,684: Total time for which application threads were stopped: 0,0002076 seconds, Stopping threads took: 0,0000420 seconds
2017-08-17T09:53:33.260+0200: 1695,721: Total time for which application threads were stopped: 0,0001100 seconds, Stopping threads took: 0,0000406 seconds
2017-08-17T10:03:38.978+0200: 2300,793: Total time for which application threads were stopped: 0,0000785 seconds, Stopping threads took: 0,0000294 seconds
2017-08-17T10:03:39.978+0200: 2301,793: Total time for which application threads were stopped: 0,0000629 seconds, Stopping threads took: 0,0000145 seconds
2017-08-17T10:46:13.143+0200: 3197,880: Total time for which application threads were stopped: 0,0000800 seconds, Stopping threads took: 0,0000318 seconds
2017-08-17T12:08:07.150+0200: 3850,895: Total time for which application threads were stopped: 0,0002707 seconds, Stopping threads took: 0,0001691 seconds
{Heap before GC invocations=9 (full 1):
 par new generation   total 109248K, used 94672K [0x00000000e0000000, 0x00000000e8000000, 0x00000000e8000000)
  eden space 87424K, 100% used [0x00000000e0000000, 0x00000000e5560000, 0x00000000e5560000)
  from space 21824K,  33% used [0x00000000e6ab0000, 0x00000000e71c4300, 0x00000000e8000000)
  to   space 21824K,   0% used [0x00000000e5560000, 0x00000000e5560000, 0x00000000e6ab0000)
 concurrent mark-sweep generation total 393216K, used 6559K [0x00000000e8000000, 0x0000000100000000, 0x0000000100000000)
 Metaspace       used 28121K, capacity 28628K, committed 28796K, reserved 1075200K
  class space    used 3217K, capacity 3389K, committed 3452K, reserved 1048576K
2017-08-17T12:14:10.275+0200: 4214,019: [GC (Allocation Failure) 2017-08-17T12:14:10.275+0200: 4214,019: [ParNew
Desired survivor size 20112992 bytes, new threshold 8 (max 8)
- age   1:   10638216 bytes,   10638216 total
- age   2:     210640 bytes,   10848856 total
- age   3:     296248 bytes,   11145104 total
- age   4:    1794336 bytes,   12939440 total
- age   5:      41792 bytes,   12981232 total
- age   6:      61952 bytes,   13043184 total
- age   7:      89496 bytes,   13132680 total
- age   8:     185144 bytes,   13317824 total
: 94672K->13855K(109248K), 0,1158115 secs] 101232K->21249K(502464K), 0,1159101 secs] [Times: user=0,05 sys=0,00, real=0,12 secs] 
Heap after GC invocations=10 (full 1):
 par new generation   total 109248K, used 13855K [0x00000000e0000000, 0x00000000e8000000, 0x00000000e8000000)
  eden space 87424K,   0% used [0x00000000e0000000, 0x00000000e0000000, 0x00000000e5560000)
  from space 21824K,  63% used [0x00000000e5560000, 0x00000000e62e7c30, 0x00000000e6ab0000)
  to   space 21824K,   0% used [0x00000000e6ab0000, 0x00000000e6ab0000, 0x00000000e8000000)
 concurrent mark-sweep generation total 393216K, used 7394K [0x00000000e8000000, 0x0000000100000000, 0x0000000100000000)
 Metaspace       used 28121K, capacity 28628K, committed 28796K, reserved 1075200K
  class space    used 3217K, capacity 3389K, committed 3452K, reserved 1048576K
}
2017-08-17T12:14:10.391+0200: 4214,135: Total time for which application threads were stopped: 0,1160954 seconds, Stopping threads took: 0,0000157 seconds
2017-08-17T12:14:10.392+0200: 4214,137: Total time for which application threads were stopped: 0,0001064 seconds, Stopping threads took: 0,0000256 seconds
2017-08-17T12:14:10.392+0200: 4214,137: Total time for which application threads were stopped: 0,0000366 seconds, Stopping threads took: 0,0000053 seconds
2017-08-17T12:14:10.415+0200: 4214,160: Total time for which application threads were stopped: 0,0001363 seconds, Stopping threads took: 0,0000742 seconds
2017-08-17T12:14:10.416+0200: 4214,160: Total time for which application threads were stopped: 0,0000854 seconds, Stopping threads took: 0,0000198 seconds
2017-08-17T12:14:10.416+0200: 4214,161: Total time for which application threads were stopped: 0,0000748 seconds, Stopping threads took: 0,0000195 seconds
2017-08-17T12:14:10.416+0200: 4214,161: Total time for which application threads were stopped: 0,0000740 seconds, Stopping threads took: 0,0000203 seconds
2017-08-17T12:14:10.416+0200: 4214,161: Total time for which application threads were stopped: 0,0000532 seconds, Stopping threads took: 0,0000157 seconds
2017-08-17T12:14:10.418+0200: 4214,162: Total time for which application threads were stopped: 0,0009948 seconds, Stopping threads took: 0,0009321 seconds
2017-08-17T12:14:10.418+0200: 4214,163: Total time for which application threads were stopped: 0,0000494 seconds, Stopping threads took: 0,0000174 seconds
2017-08-17T12:14:10.418+0200: 4214,163: Total time for which application threads were stopped: 0,0000378 seconds, Stopping threads took: 0,0000122 seconds
2017-08-17T12:14:10.418+0200: 4214,163: Total time for which application threads were stopped: 0,0000359 seconds, Stopping threads took: 0,0000135 seconds
2017-08-17T12:14:10.418+0200: 4214,163: Total time for which application threads were stopped: 0,0000377 seconds, Stopping threads took: 0,0000160 seconds
2017-08-17T12:14:10.418+0200: 4214,163: Total time for which application threads were stopped: 0,0000415 seconds, Stopping threads took: 0,0000219 seconds
2017-08-17T12:14:10.419+0200: 4214,164: Total time for which application threads were stopped: 0,0000909 seconds, Stopping threads took: 0,0000306 seconds
2017-08-17T12:14:10.420+0200: 4214,165: Total time for which application threads were stopped: 0,0000570 seconds, Stopping threads took: 0,0000162 seconds
2017-08-17T12:14:10.420+0200: 4214,165: Total time for which application threads were stopped: 0,0000306 seconds, Stopping threads took: 0,0000083 seconds
2017-08-17T12:14:10.420+0200: 4214,165: Total time for which application threads were stopped: 0,0000341 seconds, Stopping threads took: 0,0000097 seconds
2017-08-17T12:14:10.420+0200: 4214,165: Total time for which application threads were stopped: 0,0000666 seconds, Stopping threads took: 0,0000224 seconds
2017-08-17T12:14:10.420+0200: 4214,165: Total time for which application threads were stopped: 0,0000449 seconds, Stopping threads took: 0,0000092 seconds
2017-08-17T12:14:10.421+0200: 4214,165: Total time for which application threads were stopped: 0,0000745 seconds, Stopping threads took: 0,0000347 seconds
2017-08-17T12:14:10.421+0200: 4214,165: Total time for which application threads were stopped: 0,0000600 seconds, Stopping threads took: 0,0000298 seconds
2017-08-17T12:14:10.421+0200: 4214,165: Total time for which application threads were stopped: 0,0000463 seconds, Stopping threads took: 0,0000200 seconds
2017-08-17T12:14:10.421+0200: 4214,166: Total time for which application threads were stopped: 0,0000468 seconds, Stopping threads took: 0,0000205 seconds
2017-08-17T12:14:10.421+0200: 4214,166: Total time for which application threads were stopped: 0,0000371 seconds, Stopping threads took: 0,0000127 seconds
2017-08-17T12:14:10.423+0200: 4214,167: Total time for which application threads were stopped: 0,0008138 seconds, Stopping threads took: 0,0007484 seconds
2017-08-17T12:14:10.423+0200: 4214,167: Total time for which application threads were stopped: 0,0001105 seconds, Stopping threads took: 0,0000191 seconds
2017-08-17T12:14:10.423+0200: 4214,168: Total time for which application threads were stopped: 0,0000710 seconds, Stopping threads took: 0,0000297 seconds
2017-08-17T12:14:10.423+0200: 4214,168: Total time for which application threads were stopped: 0,0000686 seconds, Stopping threads took: 0,0000193 seconds
2017-08-17T12:14:10.423+0200: 4214,168: Total time for which application threads were stopped: 0,0000718 seconds, Stopping threads took: 0,0000277 seconds
2017-08-17T12:14:10.424+0200: 4214,168: Total time for which application threads were stopped: 0,0005459 seconds, Stopping threads took: 0,0002475 seconds
2017-08-17T12:14:10.427+0200: 4214,172: Total time for which application threads were stopped: 0,0000752 seconds, Stopping threads took: 0,0000242 seconds
2017-08-17T12:14:10.427+0200: 4214,172: Total time for which application threads were stopped: 0,0000426 seconds, Stopping threads took: 0,0000209 seconds
2017-08-17T12:14:10.427+0200: 4214,172: Total time for which application threads were stopped: 0,0000386 seconds, Stopping threads took: 0,0000154 seconds
2017-08-17T12:14:10.427+0200: 4214,172: Total time for which application threads were stopped: 0,0000331 seconds, Stopping threads took: 0,0000083 seconds
2017-08-17T12:14:10.427+0200: 4214,172: Total time for which application threads were stopped: 0,0000248 seconds, Stopping threads took: 0,0000065 seconds
2017-08-17T12:14:10.427+0200: 4214,172: Total time for which application threads were stopped: 0,0000332 seconds, Stopping threads took: 0,0000124 seconds
2017-08-17T12:14:10.427+0200: 4214,172: Total time for which application threads were stopped: 0,0000416 seconds, Stopping threads took: 0,0000208 seconds
2017-08-17T12:14:10.428+0200: 4214,173: Total time for which application threads were stopped: 0,0000763 seconds, Stopping threads took: 0,0000353 seconds
2017-08-17T12:14:10.429+0200: 4214,173: Total time for which application threads were stopped: 0,0000808 seconds, Stopping threads took: 0,0000276 seconds
2017-08-17T12:14:10.430+0200: 4214,175: Total time for which application threads were stopped: 0,0000864 seconds, Stopping threads took: 0,0000336 seconds
2017-08-17T12:14:10.430+0200: 4214,175: Total time for which application threads were stopped: 0,0000648 seconds, Stopping threads took: 0,0000194 seconds
2017-08-17T12:14:10.431+0200: 4214,176: Total time for which application threads were stopped: 0,0000813 seconds, Stopping threads took: 0,0000184 seconds
2017-08-17T12:14:10.432+0200: 4214,177: Total time for which application threads were stopped: 0,0000791 seconds, Stopping threads took: 0,0000260 seconds
2017-08-17T12:14:10.435+0200: 4214,180: Total time for which application threads were stopped: 0,0001396 seconds, Stopping threads took: 0,0000681 seconds
2017-08-17T12:14:10.436+0200: 4214,180: Total time for which application threads were stopped: 0,0001593 seconds, Stopping threads took: 0,0000946 seconds
2017-08-17T12:14:10.441+0200: 4214,186: Total time for which application threads were stopped: 0,0051695 seconds, Stopping threads took: 0,0051010 seconds
2017-08-17T12:14:10.441+0200: 4214,186: Total time for which application threads were stopped: 0,0000568 seconds, Stopping threads took: 0,0000204 seconds
2017-08-17T12:14:10.441+0200: 4214,186: Total time for which application threads were stopped: 0,0000511 seconds, Stopping threads took: 0,0000204 seconds
2017-08-17T12:14:10.441+0200: 4214,186: Total time for which application threads were stopped: 0,0000656 seconds, Stopping threads took: 0,0000308 seconds
2017-08-17T12:14:10.442+0200: 4214,186: Total time for which application threads were stopped: 0,0000738 seconds, Stopping threads took: 0,0000273 seconds
2017-08-17T12:14:10.442+0200: 4214,187: Total time for which application threads were stopped: 0,0000543 seconds, Stopping threads took: 0,0000205 seconds
2017-08-17T12:14:10.442+0200: 4214,187: Total time for which application threads were stopped: 0,0000687 seconds, Stopping threads took: 0,0000274 seconds
2017-08-17T12:14:10.443+0200: 4214,188: Total time for which application threads were stopped: 0,0000686 seconds, Stopping threads took: 0,0000151 seconds
2017-08-17T12:14:10.443+0200: 4214,188: Total time for which application threads were stopped: 0,0000746 seconds, Stopping threads took: 0,0000295 seconds
2017-08-17T12:14:10.446+0200: 4214,191: Total time for which application threads were stopped: 0,0000675 seconds, Stopping threads took: 0,0000170 seconds
2017-08-17T12:14:10.449+0200: 4214,193: Total time for which application threads were stopped: 0,0001250 seconds, Stopping threads took: 0,0000732 seconds
2017-08-17T12:14:10.449+0200: 4214,194: Total time for which application threads were stopped: 0,0000464 seconds, Stopping threads took: 0,0000077 seconds
2017-08-17T12:14:10.449+0200: 4214,194: Total time for which application threads were stopped: 0,0000314 seconds, Stopping threads took: 0,0000092 seconds
2017-08-17T12:14:10.449+0200: 4214,194: Total time for which application threads were stopped: 0,0000302 seconds, Stopping threads took: 0,0000099 seconds
2017-08-17T12:14:10.449+0200: 4214,194: Total time for which application threads were stopped: 0,0000460 seconds, Stopping threads took: 0,0000230 seconds
2017-08-17T12:14:10.450+0200: 4214,195: Total time for which application threads were stopped: 0,0001156 seconds, Stopping threads took: 0,0000361 seconds
2017-08-17T12:14:10.451+0200: 4214,195: Total time for which application threads were stopped: 0,0000540 seconds, Stopping threads took: 0,0000188 seconds
2017-08-17T12:14:10.451+0200: 4214,195: Total time for which application threads were stopped: 0,0000475 seconds, Stopping threads took: 0,0000158 seconds
2017-08-17T12:14:10.451+0200: 4214,196: Total time for which application threads were stopped: 0,0000520 seconds, Stopping threads took: 0,0000171 seconds
2017-08-17T12:14:10.451+0200: 4214,196: Total time for which application threads were stopped: 0,0004310 seconds, Stopping threads took: 0,0003776 seconds
2017-08-17T12:14:10.451+0200: 4214,196: Total time for which application threads were stopped: 0,0000373 seconds, Stopping threads took: 0,0000066 seconds
2017-08-17T12:14:10.452+0200: 4214,196: Total time for which application threads were stopped: 0,0000533 seconds, Stopping threads took: 0,0000180 seconds
2017-08-17T12:14:10.452+0200: 4214,197: Total time for which application threads were stopped: 0,0000483 seconds, Stopping threads took: 0,0000213 seconds
2017-08-17T12:14:10.453+0200: 4214,198: Total time for which application threads were stopped: 0,0001832 seconds, Stopping threads took: 0,0000224 seconds
2017-08-17T12:14:10.456+0200: 4214,200: Total time for which application threads were stopped: 0,0023300 seconds, Stopping threads took: 0,0022582 seconds
2017-08-17T12:14:10.456+0200: 4214,201: Total time for which application threads were stopped: 0,0000681 seconds, Stopping threads took: 0,0000212 seconds
2017-08-17T12:14:10.457+0200: 4214,202: Total time for which application threads were stopped: 0,0000863 seconds, Stopping threads took: 0,0000244 seconds
2017-08-17T12:14:10.457+0200: 4214,202: Total time for which application threads were stopped: 0,0000633 seconds, Stopping threads took: 0,0000195 seconds
2017-08-17T12:14:10.457+0200: 4214,202: Total time for which application threads were stopped: 0,0000543 seconds, Stopping threads took: 0,0000168 seconds
2017-08-17T12:14:10.457+0200: 4214,202: Total time for which application threads were stopped: 0,0000554 seconds, Stopping threads took: 0,0000147 seconds
2017-08-17T12:14:10.458+0200: 4214,202: Total time for which application threads were stopped: 0,0000654 seconds, Stopping threads took: 0,0000154 seconds
2017-08-17T12:14:10.458+0200: 4214,203: Total time for which application threads were stopped: 0,0000541 seconds, Stopping threads took: 0,0000134 seconds
2017-08-17T12:14:10.458+0200: 4214,203: Total time for which application threads were stopped: 0,0000453 seconds, Stopping threads took: 0,0000112 seconds
2017-08-17T12:14:10.458+0200: 4214,203: Total time for which application threads were stopped: 0,0000445 seconds, Stopping threads took: 0,0000109 seconds
2017-08-17T12:14:10.458+0200: 4214,203: Total time for which application threads were stopped: 0,0000432 seconds, Stopping threads took: 0,0000108 seconds
2017-08-17T12:14:10.459+0200: 4214,204: Total time for which application threads were stopped: 0,0001326 seconds, Stopping threads took: 0,0000336 seconds
2017-08-17T12:14:10.465+0200: 4214,209: Total time for which application threads were stopped: 0,0000706 seconds, Stopping threads took: 0,0000259 seconds
2017-08-17T12:14:10.467+0200: 4214,212: Total time for which application threads were stopped: 0,0000542 seconds, Stopping threads took: 0,0000111 seconds
2017-08-17T12:14:10.471+0200: 4214,216: Total time for which application threads were stopped: 0,0001027 seconds, Stopping threads took: 0,0000281 seconds
2017-08-17T12:14:10.475+0200: 4214,220: Total time for which application threads were stopped: 0,0000606 seconds, Stopping threads took: 0,0000123 seconds
2017-08-17T12:14:10.475+0200: 4214,220: Total time for which application threads were stopped: 0,0000250 seconds, Stopping threads took: 0,0000043 seconds
2017-08-17T12:14:10.475+0200: 4214,220: Total time for which application threads were stopped: 0,0000224 seconds, Stopping threads took: 0,0000042 seconds
2017-08-17T12:14:10.476+0200: 4214,220: Total time for which application threads were stopped: 0,0000221 seconds, Stopping threads took: 0,0000044 seconds
2017-08-17T12:14:10.476+0200: 4214,220: Total time for which application threads were stopped: 0,0000441 seconds, Stopping threads took: 0,0000043 seconds
Heap
 par new generation   total 109248K, used 22279K [0x00000000e0000000, 0x00000000e8000000, 0x00000000e8000000)
  eden space 87424K,   9% used [0x00000000e0000000, 0x00000000e083a218, 0x00000000e5560000)
  from space 21824K,  63% used [0x00000000e5560000, 0x00000000e62e7c30, 0x00000000e6ab0000)
  to   space 21824K,   0% used [0x00000000e6ab0000, 0x00000000e6ab0000, 0x00000000e8000000)
 concurrent mark-sweep generation total 393216K, used 7394K [0x00000000e8000000, 0x0000000100000000, 0x0000000100000000)
 Metaspace       used 28194K, capacity 28732K, committed 29052K, reserved 1075200K
  class space    used 3226K, capacity 3423K, committed 3452K, reserved 1048576K
