OpenJDK 64-Bit Server VM (25.121-b13) for linux-amd64 JRE (1.8.0_121-8u121-b13-0ubuntu1.16.04.2-b13), built on Jan 23 2017 15:51:29 by "buildd" with gcc 5.4.0 20160609
Memory: 4k page, physical 7867764k(7411152k free), swap 8076284k(8076284k free)
CommandLine flags: -XX:CMSInitiatingOccupancyFraction=50 -XX:CMSMaxAbortablePrecleanTime=6000 -XX:+CMSParallelRemarkEnabled -XX:+CMSScavengeBeforeRemark -XX:ConcGCThreads=4 -XX:InitialHeapSize=536870912 -XX:MaxHeapSize=536870912 -XX:MaxTenuringThreshold=8 -XX:NewRatio=3 -XX:OldPLABSize=16 -XX:OnOutOfMemoryError=/opt/solr/bin/oom_solr.sh 8983 /var/solr/logs -XX:ParallelGCThreads=4 -XX:+ParallelRefProcEnabled -XX:PretenureSizeThreshold=67108864 -XX:+PrintGC -XX:+PrintGCApplicationStoppedTime -XX:+PrintGCDateStamps -XX:+PrintGCDetails -XX:+PrintGCTimeStamps -XX:+PrintHeapAtGC -XX:+PrintTenuringDistribution -XX:SurvivorRatio=4 -XX:TargetSurvivorRatio=90 -XX:ThreadStackSize=256 -XX:+UseCMSInitiatingOccupancyOnly -XX:+UseCompressedClassPointers -XX:+UseCompressedOops -XX:+UseConcMarkSweepGC -XX:+UseParNewGC 
2017-05-03T07:29:51.038+0200: 0,137: Total time for which application threads were stopped: 0,0000797 seconds, Stopping threads took: 0,0000151 seconds
2017-05-03T07:29:51.122+0200: 0,222: Total time for which application threads were stopped: 0,0001026 seconds, Stopping threads took: 0,0000193 seconds
2017-05-03T07:29:51.142+0200: 0,241: Total time for which application threads were stopped: 0,0001182 seconds, Stopping threads took: 0,0000484 seconds
2017-05-03T07:29:51.440+0200: 0,539: Total time for which application threads were stopped: 0,0001261 seconds, Stopping threads took: 0,0000149 seconds
2017-05-03T07:29:51.879+0200: 0,978: Total time for which application threads were stopped: 0,0001698 seconds, Stopping threads took: 0,0000225 seconds
2017-05-03T07:29:52.003+0200: 1,102: Total time for which application threads were stopped: 0,0001512 seconds, Stopping threads took: 0,0000133 seconds
2017-05-03T07:29:52.031+0200: 1,130: Total time for which application threads were stopped: 0,0003474 seconds, Stopping threads took: 0,0000622 seconds
2017-05-03T07:29:52.309+0200: 1,409: Total time for which application threads were stopped: 0,0001772 seconds, Stopping threads took: 0,0000153 seconds
2017-05-03T07:29:52.558+0200: 1,658: Total time for which application threads were stopped: 0,0002581 seconds, Stopping threads took: 0,0000227 seconds
2017-05-03T07:29:52.582+0200: 1,682: Total time for which application threads were stopped: 0,0002993 seconds, Stopping threads took: 0,0000203 seconds
2017-05-03T07:29:52.615+0200: 1,715: Total time for which application threads were stopped: 0,0002560 seconds, Stopping threads took: 0,0000185 seconds
2017-05-03T07:29:52.618+0200: 1,717: Total time for which application threads were stopped: 0,0008732 seconds, Stopping threads took: 0,0000980 seconds
2017-05-03T07:29:52.642+0200: 1,741: Total time for which application threads were stopped: 0,0001945 seconds, Stopping threads took: 0,0000242 seconds
2017-05-03T07:29:52.739+0200: 1,838: Total time for which application threads were stopped: 0,0002481 seconds, Stopping threads took: 0,0000237 seconds
2017-05-03T07:29:52.903+0200: 2,003: Total time for which application threads were stopped: 0,0004805 seconds, Stopping threads took: 0,0002570 seconds
{Heap before GC invocations=0 (full 0):
 par new generation   total 109248K, used 87424K [0x00000000e0000000, 0x00000000e8000000, 0x00000000e8000000)
  eden space 87424K, 100% used [0x00000000e0000000, 0x00000000e5560000, 0x00000000e5560000)
  from space 21824K,   0% used [0x00000000e5560000, 0x00000000e5560000, 0x00000000e6ab0000)
  to   space 21824K,   0% used [0x00000000e6ab0000, 0x00000000e6ab0000, 0x00000000e8000000)
 concurrent mark-sweep generation total 393216K, used 0K [0x00000000e8000000, 0x0000000100000000, 0x0000000100000000)
 Metaspace       used 17877K, capacity 18176K, committed 18304K, reserved 1064960K
  class space    used 2024K, capacity 2164K, committed 2176K, reserved 1048576K
2017-05-03T07:29:52.958+0200: 2,058: [GC (Allocation Failure) 2017-05-03T07:29:52.958+0200: 2,058: [ParNew
Desired survivor size 20112992 bytes, new threshold 8 (max 8)
- age   1:   11779064 bytes,   11779064 total
: 87424K->11609K(109248K), 0,0157177 secs] 87424K->11609K(502464K), 0,0158123 secs] [Times: user=0,04 sys=0,02, real=0,01 secs] 
Heap after GC invocations=1 (full 0):
 par new generation   total 109248K, used 11609K [0x00000000e0000000, 0x00000000e8000000, 0x00000000e8000000)
  eden space 87424K,   0% used [0x00000000e0000000, 0x00000000e0000000, 0x00000000e5560000)
  from space 21824K,  53% used [0x00000000e6ab0000, 0x00000000e76065d0, 0x00000000e8000000)
  to   space 21824K,   0% used [0x00000000e5560000, 0x00000000e5560000, 0x00000000e6ab0000)
 concurrent mark-sweep generation total 393216K, used 0K [0x00000000e8000000, 0x0000000100000000, 0x0000000100000000)
 Metaspace       used 17877K, capacity 18176K, committed 18304K, reserved 1064960K
  class space    used 2024K, capacity 2164K, committed 2176K, reserved 1048576K
}
2017-05-03T07:29:52.974+0200: 2,073: Total time for which application threads were stopped: 0,0160047 seconds, Stopping threads took: 0,0000314 seconds
2017-05-03T07:29:53.317+0200: 2,416: Total time for which application threads were stopped: 0,0004049 seconds, Stopping threads took: 0,0000617 seconds
{Heap before GC invocations=1 (full 0):
 par new generation   total 109248K, used 99033K [0x00000000e0000000, 0x00000000e8000000, 0x00000000e8000000)
  eden space 87424K, 100% used [0x00000000e0000000, 0x00000000e5560000, 0x00000000e5560000)
  from space 21824K,  53% used [0x00000000e6ab0000, 0x00000000e76065d0, 0x00000000e8000000)
  to   space 21824K,   0% used [0x00000000e5560000, 0x00000000e5560000, 0x00000000e6ab0000)
 concurrent mark-sweep generation total 393216K, used 0K [0x00000000e8000000, 0x0000000100000000, 0x0000000100000000)
 Metaspace       used 20037K, capacity 20360K, committed 20736K, reserved 1067008K
  class space    used 2292K, capacity 2466K, committed 2560K, reserved 1048576K
2017-05-03T07:29:53.370+0200: 2,469: [GC (Allocation Failure) 2017-05-03T07:29:53.370+0200: 2,469: [ParNew
Desired survivor size 20112992 bytes, new threshold 8 (max 8)
- age   1:    4182216 bytes,    4182216 total
- age   2:    6354224 bytes,   10536440 total
: 99033K->13071K(109248K), 0,0167848 secs] 99033K->13071K(502464K), 0,0168658 secs] [Times: user=0,04 sys=0,02, real=0,02 secs] 
Heap after GC invocations=2 (full 0):
 par new generation   total 109248K, used 13071K [0x00000000e0000000, 0x00000000e8000000, 0x00000000e8000000)
  eden space 87424K,   0% used [0x00000000e0000000, 0x00000000e0000000, 0x00000000e5560000)
  from space 21824K,  59% used [0x00000000e5560000, 0x00000000e6223eb8, 0x00000000e6ab0000)
  to   space 21824K,   0% used [0x00000000e6ab0000, 0x00000000e6ab0000, 0x00000000e8000000)
 concurrent mark-sweep generation total 393216K, used 0K [0x00000000e8000000, 0x0000000100000000, 0x0000000100000000)
 Metaspace       used 20037K, capacity 20360K, committed 20736K, reserved 1067008K
  class space    used 2292K, capacity 2466K, committed 2560K, reserved 1048576K
}
2017-05-03T07:29:53.386+0200: 2,486: Total time for which application threads were stopped: 0,0170730 seconds, Stopping threads took: 0,0000236 seconds
2017-05-03T07:29:53.398+0200: 2,497: Total time for which application threads were stopped: 0,0003475 seconds, Stopping threads took: 0,0000435 seconds
2017-05-03T07:29:53.426+0200: 2,526: Total time for which application threads were stopped: 0,0004296 seconds, Stopping threads took: 0,0000638 seconds
2017-05-03T07:29:53.546+0200: 2,645: Total time for which application threads were stopped: 0,0001967 seconds, Stopping threads took: 0,0000514 seconds
{Heap before GC invocations=2 (full 0):
 par new generation   total 109248K, used 100495K [0x00000000e0000000, 0x00000000e8000000, 0x00000000e8000000)
  eden space 87424K, 100% used [0x00000000e0000000, 0x00000000e5560000, 0x00000000e5560000)
  from space 21824K,  59% used [0x00000000e5560000, 0x00000000e6223eb8, 0x00000000e6ab0000)
  to   space 21824K,   0% used [0x00000000e6ab0000, 0x00000000e6ab0000, 0x00000000e8000000)
 concurrent mark-sweep generation total 393216K, used 0K [0x00000000e8000000, 0x0000000100000000, 0x0000000100000000)
 Metaspace       used 20956K, capacity 21282K, committed 21628K, reserved 1069056K
  class space    used 2415K, capacity 2585K, committed 2684K, reserved 1048576K
2017-05-03T07:29:53.581+0200: 2,681: [GC (Allocation Failure) 2017-05-03T07:29:53.582+0200: 2,681: [ParNew
Desired survivor size 20112992 bytes, new threshold 8 (max 8)
- age   1:    2249416 bytes,    2249416 total
- age   2:    1128720 bytes,    3378136 total
- age   3:    6352432 bytes,    9730568 total
: 100495K->14376K(109248K), 0,0096778 secs] 100495K->14376K(502464K), 0,0097682 secs] [Times: user=0,03 sys=0,00, real=0,01 secs] 
Heap after GC invocations=3 (full 0):
 par new generation   total 109248K, used 14376K [0x00000000e0000000, 0x00000000e8000000, 0x00000000e8000000)
  eden space 87424K,   0% used [0x00000000e0000000, 0x00000000e0000000, 0x00000000e5560000)
  from space 21824K,  65% used [0x00000000e6ab0000, 0x00000000e78ba330, 0x00000000e8000000)
  to   space 21824K,   0% used [0x00000000e5560000, 0x00000000e5560000, 0x00000000e6ab0000)
 concurrent mark-sweep generation total 393216K, used 0K [0x00000000e8000000, 0x0000000100000000, 0x0000000100000000)
 Metaspace       used 20956K, capacity 21282K, committed 21628K, reserved 1069056K
  class space    used 2415K, capacity 2585K, committed 2684K, reserved 1048576K
}
2017-05-03T07:29:53.591+0200: 2,691: Total time for which application threads were stopped: 0,0100427 seconds, Stopping threads took: 0,0000965 seconds
2017-05-03T07:29:53.594+0200: 2,693: [GC (CMS Initial Mark) [1 CMS-initial-mark: 0K(393216K)] 14386K(502464K), 0,0029367 secs] [Times: user=0,01 sys=0,00, real=0,00 secs] 
2017-05-03T07:29:53.597+0200: 2,696: Total time for which application threads were stopped: 0,0056273 seconds, Stopping threads took: 0,0026141 seconds
2017-05-03T07:29:53.597+0200: 2,696: [CMS-concurrent-mark-start]
2017-05-03T07:29:53.597+0200: 2,697: [CMS-concurrent-mark: 0,001/0,001 secs] [Times: user=0,00 sys=0,00, real=0,00 secs] 
2017-05-03T07:29:53.598+0200: 2,697: [CMS-concurrent-preclean-start]
2017-05-03T07:29:53.599+0200: 2,698: [CMS-concurrent-preclean: 0,001/0,001 secs] [Times: user=0,01 sys=0,00, real=0,01 secs] 
2017-05-03T07:29:53.599+0200: 2,698: [CMS-concurrent-abortable-preclean-start]
2017-05-03T07:29:53.670+0200: 2,770: Total time for which application threads were stopped: 0,0013331 seconds, Stopping threads took: 0,0012332 seconds
{Heap before GC invocations=3 (full 1):
 par new generation   total 109248K, used 101800K [0x00000000e0000000, 0x00000000e8000000, 0x00000000e8000000)
  eden space 87424K, 100% used [0x00000000e0000000, 0x00000000e5560000, 0x00000000e5560000)
  from space 21824K,  65% used [0x00000000e6ab0000, 0x00000000e78ba330, 0x00000000e8000000)
  to   space 21824K,   0% used [0x00000000e5560000, 0x00000000e5560000, 0x00000000e6ab0000)
 concurrent mark-sweep generation total 393216K, used 0K [0x00000000e8000000, 0x0000000100000000, 0x0000000100000000)
 Metaspace       used 21244K, capacity 21558K, committed 21884K, reserved 1069056K
  class space    used 2446K, capacity 2600K, committed 2684K, reserved 1048576K
2017-05-03T07:29:53.718+0200: 2,818: [GC (Allocation Failure) 2017-05-03T07:29:53.718+0200: 2,818: [ParNew
Desired survivor size 20112992 bytes, new threshold 8 (max 8)
- age   1:    1270688 bytes,    1270688 total
- age   2:    1477040 bytes,    2747728 total
- age   3:    1093912 bytes,    3841640 total
- age   4:    6353016 bytes,   10194656 total
: 101800K->13122K(109248K), 0,0093797 secs] 101800K->13122K(502464K), 0,0094363 secs] [Times: user=0,03 sys=0,00, real=0,00 secs] 
Heap after GC invocations=4 (full 1):
 par new generation   total 109248K, used 13122K [0x00000000e0000000, 0x00000000e8000000, 0x00000000e8000000)
  eden space 87424K,   0% used [0x00000000e0000000, 0x00000000e0000000, 0x00000000e5560000)
  from space 21824K,  60% used [0x00000000e5560000, 0x00000000e62308e8, 0x00000000e6ab0000)
  to   space 21824K,   0% used [0x00000000e6ab0000, 0x00000000e6ab0000, 0x00000000e8000000)
 concurrent mark-sweep generation total 393216K, used 0K [0x00000000e8000000, 0x0000000100000000, 0x0000000100000000)
 Metaspace       used 21244K, capacity 21558K, committed 21884K, reserved 1069056K
  class space    used 2446K, capacity 2600K, committed 2684K, reserved 1048576K
}
2017-05-03T07:29:53.728+0200: 2,827: Total time for which application threads were stopped: 0,0097855 seconds, Stopping threads took: 0,0002146 seconds
2017-05-03T07:29:53.728+0200: 2,827: [CMS-concurrent-abortable-preclean: 0,071/0,129 secs] [Times: user=0,48 sys=0,00, real=0,12 secs] 
2017-05-03T07:29:53.728+0200: 2,828: [GC (CMS Final Remark) [YG occupancy: 14372 K (109248 K)]{Heap before GC invocations=4 (full 1):
 par new generation   total 109248K, used 14372K [0x00000000e0000000, 0x00000000e8000000, 0x00000000e8000000)
  eden space 87424K,   1% used [0x00000000e0000000, 0x00000000e0138928, 0x00000000e5560000)
  from space 21824K,  60% used [0x00000000e5560000, 0x00000000e62308e8, 0x00000000e6ab0000)
  to   space 21824K,   0% used [0x00000000e6ab0000, 0x00000000e6ab0000, 0x00000000e8000000)
 concurrent mark-sweep generation total 393216K, used 0K [0x00000000e8000000, 0x0000000100000000, 0x0000000100000000)
 Metaspace       used 21244K, capacity 21558K, committed 21884K, reserved 1069056K
  class space    used 2446K, capacity 2600K, committed 2684K, reserved 1048576K
2017-05-03T07:29:53.728+0200: 2,828: [GC (CMS Final Remark) 2017-05-03T07:29:53.728+0200: 2,828: [ParNew
Desired survivor size 20112992 bytes, new threshold 8 (max 8)
- age   1:     186064 bytes,     186064 total
- age   2:    1241024 bytes,    1427088 total
- age   3:    1477040 bytes,    2904128 total
- age   4:    1093912 bytes,    3998040 total
- age   5:    6352320 bytes,   10350360 total
: 14372K->12315K(109248K), 0,0094141 secs] 14372K->12315K(502464K), 0,0094487 secs] [Times: user=0,04 sys=0,00, real=0,01 secs] 
Heap after GC invocations=5 (full 1):
 par new generation   total 109248K, used 12315K [0x00000000e0000000, 0x00000000e8000000, 0x00000000e8000000)
  eden space 87424K,   0% used [0x00000000e0000000, 0x00000000e0000000, 0x00000000e5560000)
  from space 21824K,  56% used [0x00000000e6ab0000, 0x00000000e76b6ca0, 0x00000000e8000000)
  to   space 21824K,   0% used [0x00000000e5560000, 0x00000000e5560000, 0x00000000e6ab0000)
 concurrent mark-sweep generation total 393216K, used 0K [0x00000000e8000000, 0x0000000100000000, 0x0000000100000000)
 Metaspace       used 21244K, capacity 21558K, committed 21884K, reserved 1069056K
  class space    used 2446K, capacity 2600K, committed 2684K, reserved 1048576K
}
2017-05-03T07:29:53.738+0200: 2,837: [Rescan (parallel) , 0,0038991 secs]2017-05-03T07:29:53.741+0200: 2,841: [weak refs processing, 0,0010708 secs]2017-05-03T07:29:53.743+0200: 2,842: [class unloading, 0,0029016 secs]2017-05-03T07:29:53.745+0200: 2,845: [scrub symbol table, 0,0026705 secs]2017-05-03T07:29:53.748+0200: 2,848: [scrub string table, 0,0003992 secs][1 CMS-remark: 0K(393216K)] 12315K(502464K), 0,0210369 secs] [Times: user=0,06 sys=0,00, real=0,02 secs] 
2017-05-03T07:29:53.749+0200: 2,849: Total time for which application threads were stopped: 0,0211582 seconds, Stopping threads took: 0,0000498 seconds
2017-05-03T07:29:53.749+0200: 2,849: [CMS-concurrent-sweep-start]
2017-05-03T07:29:53.749+0200: 2,849: [CMS-concurrent-sweep: 0,000/0,000 secs] [Times: user=0,00 sys=0,00, real=0,00 secs] 
2017-05-03T07:29:53.749+0200: 2,849: [CMS-concurrent-reset-start]
2017-05-03T07:29:53.752+0200: 2,851: [CMS-concurrent-reset: 0,003/0,003 secs] [Times: user=0,01 sys=0,00, real=0,01 secs] 
{Heap before GC invocations=5 (full 1):
 par new generation   total 109248K, used 99739K [0x00000000e0000000, 0x00000000e8000000, 0x00000000e8000000)
  eden space 87424K, 100% used [0x00000000e0000000, 0x00000000e5560000, 0x00000000e5560000)
  from space 21824K,  56% used [0x00000000e6ab0000, 0x00000000e76b6ca0, 0x00000000e8000000)
  to   space 21824K,   0% used [0x00000000e5560000, 0x00000000e5560000, 0x00000000e6ab0000)
 concurrent mark-sweep generation total 393216K, used 0K [0x00000000e8000000, 0x0000000100000000, 0x0000000100000000)
 Metaspace       used 21374K, capacity 21794K, committed 21884K, reserved 1069056K
  class space    used 2465K, capacity 2634K, committed 2684K, reserved 1048576K
2017-05-03T07:29:53.831+0200: 2,930: [GC (Allocation Failure) 2017-05-03T07:29:53.831+0200: 2,930: [ParNew
Desired survivor size 20112992 bytes, new threshold 8 (max 8)
- age   1:     383920 bytes,     383920 total
- age   2:         32 bytes,     383952 total
- age   3:     181224 bytes,     565176 total
- age   4:    1476936 bytes,    2042112 total
- age   5:    1093848 bytes,    3135960 total
- age   6:    6352464 bytes,    9488424 total
: 99739K->13218K(109248K), 0,0095304 secs] 99739K->13218K(502464K), 0,0096021 secs] [Times: user=0,04 sys=0,00, real=0,01 secs] 
Heap after GC invocations=6 (full 1):
 par new generation   total 109248K, used 13218K [0x00000000e0000000, 0x00000000e8000000, 0x00000000e8000000)
  eden space 87424K,   0% used [0x00000000e0000000, 0x00000000e0000000, 0x00000000e5560000)
  from space 21824K,  60% used [0x00000000e5560000, 0x00000000e6248a40, 0x00000000e6ab0000)
  to   space 21824K,   0% used [0x00000000e6ab0000, 0x00000000e6ab0000, 0x00000000e8000000)
 concurrent mark-sweep generation total 393216K, used 0K [0x00000000e8000000, 0x0000000100000000, 0x0000000100000000)
 Metaspace       used 21374K, capacity 21794K, committed 21884K, reserved 1069056K
  class space    used 2465K, capacity 2634K, committed 2684K, reserved 1048576K
}
2017-05-03T07:29:53.840+0200: 2,940: Total time for which application threads were stopped: 0,0097846 seconds, Stopping threads took: 0,0000507 seconds
2017-05-03T07:29:53.867+0200: 2,967: Total time for which application threads were stopped: 0,0003352 seconds, Stopping threads took: 0,0000285 seconds
2017-05-03T07:29:54.131+0200: 3,231: Total time for which application threads were stopped: 0,0005427 seconds, Stopping threads took: 0,0000512 seconds
2017-05-03T07:29:54.147+0200: 3,247: Total time for which application threads were stopped: 0,0004408 seconds, Stopping threads took: 0,0000364 seconds
2017-05-03T07:29:54.338+0200: 3,438: Total time for which application threads were stopped: 0,0025191 seconds, Stopping threads took: 0,0023180 seconds
{Heap before GC invocations=6 (full 1):
 par new generation   total 109248K, used 100645K [0x00000000e0000000, 0x00000000e8000000, 0x00000000e8000000)
  eden space 87424K, 100% used [0x00000000e0000000, 0x00000000e5560000, 0x00000000e5560000)
  from space 21824K,  60% used [0x00000000e5560000, 0x00000000e6249460, 0x00000000e6ab0000)
  to   space 21824K,   0% used [0x00000000e6ab0000, 0x00000000e6ab0000, 0x00000000e8000000)
 concurrent mark-sweep generation total 393216K, used 0K [0x00000000e8000000, 0x0000000100000000, 0x0000000100000000)
 Metaspace       used 23783K, capacity 24234K, committed 24572K, reserved 1071104K
  class space    used 2792K, capacity 2978K, committed 3068K, reserved 1048576K
2017-05-03T07:29:54.339+0200: 3,438: [GC (GCLocker Initiated GC) 2017-05-03T07:29:54.339+0200: 3,438: [ParNew
Desired survivor size 20112992 bytes, new threshold 8 (max 8)
- age   1:    5209016 bytes,    5209016 total
- age   2:     125536 bytes,    5334552 total
- age   3:         32 bytes,    5334584 total
- age   4:     179656 bytes,    5514240 total
- age   5:     307120 bytes,    5821360 total
- age   6:    1067464 bytes,    6888824 total
- age   7:    6344216 bytes,   13233040 total
: 100645K->15613K(109248K), 0,0122949 secs] 100645K->15613K(502464K), 0,0123652 secs] [Times: user=0,05 sys=0,00, real=0,01 secs] 
Heap after GC invocations=7 (full 1):
 par new generation   total 109248K, used 15613K [0x00000000e0000000, 0x00000000e8000000, 0x00000000e8000000)
  eden space 87424K,   0% used [0x00000000e0000000, 0x00000000e0000000, 0x00000000e5560000)
  from space 21824K,  71% used [0x00000000e6ab0000, 0x00000000e79ef7f0, 0x00000000e8000000)
  to   space 21824K,   0% used [0x00000000e5560000, 0x00000000e5560000, 0x00000000e6ab0000)
 concurrent mark-sweep generation total 393216K, used 0K [0x00000000e8000000, 0x0000000100000000, 0x0000000100000000)
 Metaspace       used 23783K, capacity 24234K, committed 24572K, reserved 1071104K
  class space    used 2792K, capacity 2978K, committed 3068K, reserved 1048576K
}
2017-05-03T07:29:54.351+0200: 3,451: Total time for which application threads were stopped: 0,0130007 seconds, Stopping threads took: 0,0004912 seconds
{Heap before GC invocations=7 (full 1):
 par new generation   total 109248K, used 103037K [0x00000000e0000000, 0x00000000e8000000, 0x00000000e8000000)
  eden space 87424K, 100% used [0x00000000e0000000, 0x00000000e5560000, 0x00000000e5560000)
  from space 21824K,  71% used [0x00000000e6ab0000, 0x00000000e79ef7f0, 0x00000000e8000000)
  to   space 21824K,   0% used [0x00000000e5560000, 0x00000000e5560000, 0x00000000e6ab0000)
 concurrent mark-sweep generation total 393216K, used 0K [0x00000000e8000000, 0x0000000100000000, 0x0000000100000000)
 Metaspace       used 24281K, capacity 24752K, committed 24828K, reserved 1071104K
  class space    used 2845K, capacity 3043K, committed 3068K, reserved 1048576K
2017-05-03T07:29:54.479+0200: 3,578: [GC (Allocation Failure) 2017-05-03T07:29:54.479+0200: 3,578: [ParNew
Desired survivor size 20112992 bytes, new threshold 8 (max 8)
- age   1:    2318984 bytes,    2318984 total
- age   2:    1749272 bytes,    4068256 total
- age   3:      79168 bytes,    4147424 total
- age   5:      96416 bytes,    4243840 total
- age   6:     203040 bytes,    4446880 total
- age   7:     886704 bytes,    5333584 total
- age   8:    5958960 bytes,   11292544 total
: 103037K->19445K(109248K), 0,0107121 secs] 103037K->19445K(502464K), 0,0107832 secs] [Times: user=0,03 sys=0,00, real=0,00 secs] 
Heap after GC invocations=8 (full 1):
 par new generation   total 109248K, used 19445K [0x00000000e0000000, 0x00000000e8000000, 0x00000000e8000000)
  eden space 87424K,   0% used [0x00000000e0000000, 0x00000000e0000000, 0x00000000e5560000)
  from space 21824K,  89% used [0x00000000e5560000, 0x00000000e685d4f0, 0x00000000e6ab0000)
  to   space 21824K,   0% used [0x00000000e6ab0000, 0x00000000e6ab0000, 0x00000000e8000000)
 concurrent mark-sweep generation total 393216K, used 0K [0x00000000e8000000, 0x0000000100000000, 0x0000000100000000)
 Metaspace       used 24281K, capacity 24752K, committed 24828K, reserved 1071104K
  class space    used 2845K, capacity 3043K, committed 3068K, reserved 1048576K
}
2017-05-03T07:29:54.489+0200: 3,589: Total time for which application threads were stopped: 0,0110806 seconds, Stopping threads took: 0,0001383 seconds
2017-05-03T07:29:54.623+0200: 3,723: Total time for which application threads were stopped: 0,0001724 seconds, Stopping threads took: 0,0000744 seconds
{Heap before GC invocations=8 (full 1):
 par new generation   total 109248K, used 106885K [0x00000000e0000000, 0x00000000e8000000, 0x00000000e8000000)
  eden space 87424K, 100% used [0x00000000e0000000, 0x00000000e5560000, 0x00000000e5560000)
  from space 21824K,  89% used [0x00000000e5560000, 0x00000000e6861500, 0x00000000e6ab0000)
  to   space 21824K,   0% used [0x00000000e6ab0000, 0x00000000e6ab0000, 0x00000000e8000000)
 concurrent mark-sweep generation total 393216K, used 0K [0x00000000e8000000, 0x0000000100000000, 0x0000000100000000)
 Metaspace       used 24606K, capacity 25130K, committed 25468K, reserved 1071104K
  class space    used 2874K, capacity 3080K, committed 3196K, reserved 1048576K
2017-05-03T07:29:54.624+0200: 3,723: [GC (GCLocker Initiated GC) 2017-05-03T07:29:54.624+0200: 3,723: [ParNew
Desired survivor size 20112992 bytes, new threshold 8 (max 8)
- age   1:     734496 bytes,     734496 total
- age   2:     989160 bytes,    1723656 total
- age   3:    1734080 bytes,    3457736 total
- age   4:      79136 bytes,    3536872 total
- age   6:      96216 bytes,    3633088 total
- age   7:     200272 bytes,    3833360 total
- age   8:     885936 bytes,    4719296 total
: 106885K->8302K(109248K), 0,0432838 secs] 106885K->14203K(502464K), 0,0433521 secs] [Times: user=0,10 sys=0,01, real=0,04 secs] 
Heap after GC invocations=9 (full 1):
 par new generation   total 109248K, used 8302K [0x00000000e0000000, 0x00000000e8000000, 0x00000000e8000000)
  eden space 87424K,   0% used [0x00000000e0000000, 0x00000000e0000000, 0x00000000e5560000)
  from space 21824K,  38% used [0x00000000e6ab0000, 0x00000000e72cb910, 0x00000000e8000000)
  to   space 21824K,   0% used [0x00000000e5560000, 0x00000000e5560000, 0x00000000e6ab0000)
 concurrent mark-sweep generation total 393216K, used 5901K [0x00000000e8000000, 0x0000000100000000, 0x0000000100000000)
 Metaspace       used 24606K, capacity 25130K, committed 25468K, reserved 1071104K
  class space    used 2874K, capacity 3080K, committed 3196K, reserved 1048576K
}
2017-05-03T07:29:54.667+0200: 3,767: Total time for which application threads were stopped: 0,0438110 seconds, Stopping threads took: 0,0002872 seconds
2017-05-03T07:29:54.937+0200: 4,036: Total time for which application threads were stopped: 0,0005139 seconds, Stopping threads took: 0,0000425 seconds
2017-05-03T07:29:54.947+0200: 4,046: Total time for which application threads were stopped: 0,0004107 seconds, Stopping threads took: 0,0001287 seconds
2017-05-03T07:29:54.948+0200: 4,047: Total time for which application threads were stopped: 0,0001283 seconds, Stopping threads took: 0,0000284 seconds
2017-05-03T07:29:54.954+0200: 4,053: Total time for which application threads were stopped: 0,0001033 seconds, Stopping threads took: 0,0000241 seconds
2017-05-03T07:29:54.955+0200: 4,054: Total time for which application threads were stopped: 0,0004278 seconds, Stopping threads took: 0,0000302 seconds
2017-05-03T07:29:54.956+0200: 4,056: Total time for which application threads were stopped: 0,0001392 seconds, Stopping threads took: 0,0000225 seconds
2017-05-03T07:29:54.960+0200: 4,059: Total time for which application threads were stopped: 0,0001575 seconds, Stopping threads took: 0,0000435 seconds
2017-05-03T07:29:54.960+0200: 4,060: Total time for which application threads were stopped: 0,0001513 seconds, Stopping threads took: 0,0000351 seconds
2017-05-03T07:29:54.964+0200: 4,063: Total time for which application threads were stopped: 0,0001640 seconds, Stopping threads took: 0,0000407 seconds
2017-05-03T07:29:54.965+0200: 4,065: Total time for which application threads were stopped: 0,0001584 seconds, Stopping threads took: 0,0000497 seconds
2017-05-03T07:29:54.969+0200: 4,068: Total time for which application threads were stopped: 0,0001709 seconds, Stopping threads took: 0,0000499 seconds
2017-05-03T07:29:54.970+0200: 4,069: Total time for which application threads were stopped: 0,0001357 seconds, Stopping threads took: 0,0000322 seconds
2017-05-03T07:29:54.971+0200: 4,070: Total time for which application threads were stopped: 0,0001146 seconds, Stopping threads took: 0,0000308 seconds
2017-05-03T07:29:55.014+0200: 4,114: Total time for which application threads were stopped: 0,0040324 seconds, Stopping threads took: 0,0036080 seconds
2017-05-03T07:29:55.021+0200: 4,120: Total time for which application threads were stopped: 0,0001353 seconds, Stopping threads took: 0,0000443 seconds
2017-05-03T07:29:55.022+0200: 4,122: Total time for which application threads were stopped: 0,0001342 seconds, Stopping threads took: 0,0000381 seconds
2017-05-03T07:29:55.022+0200: 4,122: Total time for which application threads were stopped: 0,0002388 seconds, Stopping threads took: 0,0001685 seconds
2017-05-03T07:29:55.026+0200: 4,126: Total time for which application threads were stopped: 0,0001302 seconds, Stopping threads took: 0,0000390 seconds
2017-05-03T07:29:55.038+0200: 4,137: Total time for which application threads were stopped: 0,0001573 seconds, Stopping threads took: 0,0000677 seconds
2017-05-03T07:29:55.042+0200: 4,142: Total time for which application threads were stopped: 0,0041302 seconds, Stopping threads took: 0,0040385 seconds
2017-05-03T07:29:55.042+0200: 4,142: Total time for which application threads were stopped: 0,0000669 seconds, Stopping threads took: 0,0000180 seconds
2017-05-03T07:29:55.042+0200: 4,142: Total time for which application threads were stopped: 0,0000486 seconds, Stopping threads took: 0,0000136 seconds
2017-05-03T07:29:55.042+0200: 4,142: Total time for which application threads were stopped: 0,0000536 seconds, Stopping threads took: 0,0000162 seconds
2017-05-03T07:29:55.043+0200: 4,142: Total time for which application threads were stopped: 0,0000987 seconds, Stopping threads took: 0,0000225 seconds
2017-05-03T07:29:55.043+0200: 4,142: Total time for which application threads were stopped: 0,0000659 seconds, Stopping threads took: 0,0000105 seconds
2017-05-03T07:29:55.045+0200: 4,145: Total time for which application threads were stopped: 0,0020711 seconds, Stopping threads took: 0,0019673 seconds
2017-05-03T07:29:55.045+0200: 4,145: Total time for which application threads were stopped: 0,0001931 seconds, Stopping threads took: 0,0000261 seconds
2017-05-03T07:29:55.047+0200: 4,146: Total time for which application threads were stopped: 0,0001530 seconds, Stopping threads took: 0,0000541 seconds
2017-05-03T07:29:55.047+0200: 4,146: Total time for which application threads were stopped: 0,0000792 seconds, Stopping threads took: 0,0000258 seconds
2017-05-03T07:29:55.047+0200: 4,146: Total time for which application threads were stopped: 0,0000895 seconds, Stopping threads took: 0,0000258 seconds
2017-05-03T07:29:55.047+0200: 4,147: Total time for which application threads were stopped: 0,0000920 seconds, Stopping threads took: 0,0000276 seconds
2017-05-03T07:29:55.048+0200: 4,148: Total time for which application threads were stopped: 0,0001075 seconds, Stopping threads took: 0,0000309 seconds
2017-05-03T07:29:55.048+0200: 4,148: Total time for which application threads were stopped: 0,0000873 seconds, Stopping threads took: 0,0000256 seconds
2017-05-03T07:29:55.049+0200: 4,148: Total time for which application threads were stopped: 0,0000672 seconds, Stopping threads took: 0,0000191 seconds
2017-05-03T07:29:55.049+0200: 4,148: Total time for which application threads were stopped: 0,0000569 seconds, Stopping threads took: 0,0000100 seconds
2017-05-03T07:29:55.049+0200: 4,149: Total time for which application threads were stopped: 0,0003039 seconds, Stopping threads took: 0,0002539 seconds
2017-05-03T07:29:55.049+0200: 4,149: Total time for which application threads were stopped: 0,0002967 seconds, Stopping threads took: 0,0002624 seconds
2017-05-03T07:29:55.050+0200: 4,150: Total time for which application threads were stopped: 0,0001393 seconds, Stopping threads took: 0,0000699 seconds
2017-05-03T07:29:55.056+0200: 4,156: Total time for which application threads were stopped: 0,0001699 seconds, Stopping threads took: 0,0000784 seconds
2017-05-03T07:29:55.057+0200: 4,156: Total time for which application threads were stopped: 0,0000860 seconds, Stopping threads took: 0,0000273 seconds
2017-05-03T07:29:55.057+0200: 4,156: Total time for which application threads were stopped: 0,0000584 seconds, Stopping threads took: 0,0000209 seconds
2017-05-03T07:29:55.057+0200: 4,156: Total time for which application threads were stopped: 0,0000773 seconds, Stopping threads took: 0,0000457 seconds
2017-05-03T07:29:55.057+0200: 4,157: Total time for which application threads were stopped: 0,0001023 seconds, Stopping threads took: 0,0000376 seconds
2017-05-03T07:29:55.057+0200: 4,157: Total time for which application threads were stopped: 0,0000615 seconds, Stopping threads took: 0,0000249 seconds
2017-05-03T07:29:55.057+0200: 4,157: Total time for which application threads were stopped: 0,0000561 seconds, Stopping threads took: 0,0000095 seconds
2017-05-03T07:29:55.057+0200: 4,157: Total time for which application threads were stopped: 0,0000611 seconds, Stopping threads took: 0,0000235 seconds
2017-05-03T07:29:55.058+0200: 4,157: Total time for which application threads were stopped: 0,0001341 seconds, Stopping threads took: 0,0000201 seconds
2017-05-03T07:29:55.059+0200: 4,158: Total time for which application threads were stopped: 0,0001118 seconds, Stopping threads took: 0,0000314 seconds
2017-05-03T07:29:55.059+0200: 4,159: Total time for which application threads were stopped: 0,0001060 seconds, Stopping threads took: 0,0000162 seconds
2017-05-03T07:29:55.061+0200: 4,160: Total time for which application threads were stopped: 0,0001373 seconds, Stopping threads took: 0,0000593 seconds
2017-05-03T07:29:55.117+0200: 4,216: Total time for which application threads were stopped: 0,0003560 seconds, Stopping threads took: 0,0002317 seconds
2017-05-03T07:29:55.137+0200: 4,236: Total time for which application threads were stopped: 0,0001062 seconds, Stopping threads took: 0,0000365 seconds
2017-05-03T07:29:55.138+0200: 4,237: Total time for which application threads were stopped: 0,0003726 seconds, Stopping threads took: 0,0000119 seconds
2017-05-03T07:29:55.138+0200: 4,237: Total time for which application threads were stopped: 0,0001466 seconds, Stopping threads took: 0,0000617 seconds
2017-05-03T07:29:56.138+0200: 5,238: Total time for which application threads were stopped: 0,0000746 seconds, Stopping threads took: 0,0000179 seconds
2017-05-03T07:31:13.147+0200: 82,247: Total time for which application threads were stopped: 0,0000715 seconds, Stopping threads took: 0,0000183 seconds
2017-05-03T07:31:53.154+0200: 122,254: Total time for which application threads were stopped: 0,0000829 seconds, Stopping threads took: 0,0000330 seconds
{Heap before GC invocations=9 (full 1):
 par new generation   total 109248K, used 95726K [0x00000000e0000000, 0x00000000e8000000, 0x00000000e8000000)
  eden space 87424K, 100% used [0x00000000e0000000, 0x00000000e5560000, 0x00000000e5560000)
  from space 21824K,  38% used [0x00000000e6ab0000, 0x00000000e72cb910, 0x00000000e8000000)
  to   space 21824K,   0% used [0x00000000e5560000, 0x00000000e5560000, 0x00000000e6ab0000)
 concurrent mark-sweep generation total 393216K, used 5901K [0x00000000e8000000, 0x0000000100000000, 0x0000000100000000)
 Metaspace       used 28023K, capacity 28554K, committed 28796K, reserved 1075200K
  class space    used 3210K, capacity 3386K, committed 3452K, reserved 1048576K
2017-05-03T07:32:46.895+0200: 175,994: [GC (Allocation Failure) 2017-05-03T07:32:46.895+0200: 175,994: [ParNew
Desired survivor size 20112992 bytes, new threshold 8 (max 8)
- age   1:   11161920 bytes,   11161920 total
- age   2:     214608 bytes,   11376528 total
- age   3:     209632 bytes,   11586160 total
- age   4:    1725992 bytes,   13312152 total
- age   5:      79136 bytes,   13391288 total
- age   7:      96024 bytes,   13487312 total
- age   8:     199744 bytes,   13687056 total
: 95726K->14297K(109248K), 0,0169506 secs] 101627K->21168K(502464K), 0,0170163 secs] [Times: user=0,06 sys=0,00, real=0,02 secs] 
Heap after GC invocations=10 (full 1):
 par new generation   total 109248K, used 14297K [0x00000000e0000000, 0x00000000e8000000, 0x00000000e8000000)
  eden space 87424K,   0% used [0x00000000e0000000, 0x00000000e0000000, 0x00000000e5560000)
  from space 21824K,  65% used [0x00000000e5560000, 0x00000000e63564e8, 0x00000000e6ab0000)
  to   space 21824K,   0% used [0x00000000e6ab0000, 0x00000000e6ab0000, 0x00000000e8000000)
 concurrent mark-sweep generation total 393216K, used 6871K [0x00000000e8000000, 0x0000000100000000, 0x0000000100000000)
 Metaspace       used 28023K, capacity 28554K, committed 28796K, reserved 1075200K
  class space    used 3210K, capacity 3386K, committed 3452K, reserved 1048576K
}
2017-05-03T07:32:46.912+0200: 176,011: Total time for which application threads were stopped: 0,0171898 seconds, Stopping threads took: 0,0000492 seconds
2017-05-03T07:32:46.918+0200: 176,017: Total time for which application threads were stopped: 0,0001156 seconds, Stopping threads took: 0,0000598 seconds
2017-05-03T07:32:46.918+0200: 176,017: Total time for which application threads were stopped: 0,0000425 seconds, Stopping threads took: 0,0000089 seconds
2017-05-03T07:32:51.919+0200: 181,018: Total time for which application threads were stopped: 0,0000769 seconds, Stopping threads took: 0,0000192 seconds
2017-05-03T07:34:26.931+0200: 276,030: Total time for which application threads were stopped: 0,0000823 seconds, Stopping threads took: 0,0000323 seconds
2017-05-03T07:34:27.931+0200: 277,030: Total time for which application threads were stopped: 0,0002353 seconds, Stopping threads took: 0,0001115 seconds
2017-05-03T07:47:46.983+0200: 1076,082: Total time for which application threads were stopped: 0,0242533 seconds, Stopping threads took: 0,0241709 seconds
2017-05-03T07:47:46.988+0200: 1076,087: Total time for which application threads were stopped: 0,0001184 seconds, Stopping threads took: 0,0000281 seconds
2017-05-03T07:47:46.999+0200: 1076,098: Total time for which application threads were stopped: 0,0001141 seconds, Stopping threads took: 0,0000421 seconds
2017-05-03T07:47:47.009+0200: 1076,108: Total time for which application threads were stopped: 0,0000972 seconds, Stopping threads took: 0,0000274 seconds
2017-05-03T07:47:47.009+0200: 1076,108: Total time for which application threads were stopped: 0,0000513 seconds, Stopping threads took: 0,0000154 seconds
2017-05-03T07:47:47.022+0200: 1076,122: Total time for which application threads were stopped: 0,0039684 seconds, Stopping threads took: 0,0038812 seconds
2017-05-03T07:47:47.023+0200: 1076,123: Total time for which application threads were stopped: 0,0009566 seconds, Stopping threads took: 0,0008719 seconds
2017-05-03T07:47:47.023+0200: 1076,123: Total time for which application threads were stopped: 0,0000775 seconds, Stopping threads took: 0,0000206 seconds
2017-05-03T07:47:47.024+0200: 1076,123: Total time for which application threads were stopped: 0,0000537 seconds, Stopping threads took: 0,0000142 seconds
2017-05-03T07:47:47.024+0200: 1076,123: Total time for which application threads were stopped: 0,0000475 seconds, Stopping threads took: 0,0000142 seconds
2017-05-03T07:47:47.024+0200: 1076,123: Total time for which application threads were stopped: 0,0000465 seconds, Stopping threads took: 0,0000129 seconds
2017-05-03T07:47:47.024+0200: 1076,123: Total time for which application threads were stopped: 0,0000459 seconds, Stopping threads took: 0,0000128 seconds
2017-05-03T07:47:47.024+0200: 1076,123: Total time for which application threads were stopped: 0,0000741 seconds, Stopping threads took: 0,0000129 seconds
2017-05-03T07:47:47.034+0200: 1076,134: Total time for which application threads were stopped: 0,0017784 seconds, Stopping threads took: 0,0016851 seconds
2017-05-03T07:47:47.038+0200: 1076,137: Total time for which application threads were stopped: 0,0001193 seconds, Stopping threads took: 0,0000469 seconds
2017-05-03T07:47:47.038+0200: 1076,137: Total time for which application threads were stopped: 0,0000474 seconds, Stopping threads took: 0,0000122 seconds
2017-05-03T07:47:47.041+0200: 1076,140: Total time for which application threads were stopped: 0,0002139 seconds, Stopping threads took: 0,0001383 seconds
2017-05-03T07:47:47.051+0200: 1076,150: Total time for which application threads were stopped: 0,0087575 seconds, Stopping threads took: 0,0086588 seconds
2017-05-03T07:47:47.052+0200: 1076,151: Total time for which application threads were stopped: 0,0000622 seconds, Stopping threads took: 0,0000121 seconds
2017-05-03T07:47:47.052+0200: 1076,151: Total time for which application threads were stopped: 0,0000298 seconds, Stopping threads took: 0,0000079 seconds
2017-05-03T07:47:47.052+0200: 1076,152: Total time for which application threads were stopped: 0,0000517 seconds, Stopping threads took: 0,0000123 seconds
2017-05-03T07:47:47.053+0200: 1076,153: Total time for which application threads were stopped: 0,0001165 seconds, Stopping threads took: 0,0000345 seconds
2017-05-03T07:47:47.054+0200: 1076,154: Total time for which application threads were stopped: 0,0000873 seconds, Stopping threads took: 0,0000183 seconds
2017-05-03T07:47:47.055+0200: 1076,154: Total time for which application threads were stopped: 0,0000681 seconds, Stopping threads took: 0,0000196 seconds
2017-05-03T07:47:47.055+0200: 1076,155: Total time for which application threads were stopped: 0,0000574 seconds, Stopping threads took: 0,0000224 seconds
2017-05-03T07:47:47.055+0200: 1076,155: Total time for which application threads were stopped: 0,0000486 seconds, Stopping threads took: 0,0000212 seconds
2017-05-03T07:47:47.055+0200: 1076,155: Total time for which application threads were stopped: 0,0000346 seconds, Stopping threads took: 0,0000056 seconds
2017-05-03T07:47:47.055+0200: 1076,155: Total time for which application threads were stopped: 0,0000520 seconds, Stopping threads took: 0,0000300 seconds
2017-05-03T07:47:47.056+0200: 1076,155: Total time for which application threads were stopped: 0,0000240 seconds, Stopping threads took: 0,0000056 seconds
2017-05-03T07:47:47.056+0200: 1076,155: Total time for which application threads were stopped: 0,0000536 seconds, Stopping threads took: 0,0000258 seconds
2017-05-03T07:47:47.056+0200: 1076,155: Total time for which application threads were stopped: 0,0000592 seconds, Stopping threads took: 0,0000198 seconds
2017-05-03T07:47:47.056+0200: 1076,156: Total time for which application threads were stopped: 0,0001495 seconds, Stopping threads took: 0,0000072 seconds
2017-05-03T07:47:47.057+0200: 1076,156: Total time for which application threads were stopped: 0,0000628 seconds, Stopping threads took: 0,0000234 seconds
2017-05-03T07:47:47.058+0200: 1076,157: Total time for which application threads were stopped: 0,0000948 seconds, Stopping threads took: 0,0000292 seconds
2017-05-03T07:47:47.058+0200: 1076,158: Total time for which application threads were stopped: 0,0000658 seconds, Stopping threads took: 0,0000228 seconds
2017-05-03T07:47:47.059+0200: 1076,158: Total time for which application threads were stopped: 0,0000836 seconds, Stopping threads took: 0,0000205 seconds
Heap
 par new generation   total 109248K, used 35204K [0x00000000e0000000, 0x00000000e8000000, 0x00000000e8000000)
  eden space 87424K,  23% used [0x00000000e0000000, 0x00000000e146abd0, 0x00000000e5560000)
  from space 21824K,  65% used [0x00000000e5560000, 0x00000000e63564e8, 0x00000000e6ab0000)
  to   space 21824K,   0% used [0x00000000e6ab0000, 0x00000000e6ab0000, 0x00000000e8000000)
 concurrent mark-sweep generation total 393216K, used 6871K [0x00000000e8000000, 0x0000000100000000, 0x0000000100000000)
 Metaspace       used 28144K, capacity 28724K, committed 29052K, reserved 1075200K
  class space    used 3225K, capacity 3421K, committed 3452K, reserved 1048576K
