OpenJDK 64-Bit Server VM (25.131-b11) for linux-amd64 JRE (1.8.0_131-8u131-b11-0ubuntu1.16.04.2-b11), built on May  6 2017 02:45:27 by "buildd" with gcc 5.4.0 20160609
Memory: 4k page, physical 7867740k(7395908k free), swap 8076284k(8076284k free)
CommandLine flags: -XX:CMSInitiatingOccupancyFraction=50 -XX:CMSMaxAbortablePrecleanTime=6000 -XX:+CMSParallelRemarkEnabled -XX:+CMSScavengeBeforeRemark -XX:ConcGCThreads=4 -XX:InitialHeapSize=536870912 -XX:MaxHeapSize=536870912 -XX:MaxTenuringThreshold=8 -XX:NewRatio=3 -XX:OldPLABSize=16 -XX:OnOutOfMemoryError=/opt/solr/bin/oom_solr.sh 8983 /var/solr/logs -XX:ParallelGCThreads=4 -XX:+ParallelRefProcEnabled -XX:PretenureSizeThreshold=67108864 -XX:+PrintGC -XX:+PrintGCApplicationStoppedTime -XX:+PrintGCDateStamps -XX:+PrintGCDetails -XX:+PrintGCTimeStamps -XX:+PrintHeapAtGC -XX:+PrintTenuringDistribution -XX:SurvivorRatio=4 -XX:TargetSurvivorRatio=90 -XX:ThreadStackSize=256 -XX:+UseCMSInitiatingOccupancyOnly -XX:+UseCompressedClassPointers -XX:+UseCompressedOops -XX:+UseConcMarkSweepGC -XX:+UseParNewGC 
2017-05-23T08:16:05.095+0200: 0,151: Total time for which application threads were stopped: 0,0000711 seconds, Stopping threads took: 0,0000091 seconds
2017-05-23T08:16:05.188+0200: 0,244: Total time for which application threads were stopped: 0,0001076 seconds, Stopping threads took: 0,0000175 seconds
2017-05-23T08:16:05.203+0200: 0,259: Total time for which application threads were stopped: 0,0000943 seconds, Stopping threads took: 0,0000115 seconds
2017-05-23T08:16:05.421+0200: 0,477: Total time for which application threads were stopped: 0,0001268 seconds, Stopping threads took: 0,0000155 seconds
2017-05-23T08:16:05.822+0200: 0,878: Total time for which application threads were stopped: 0,0001692 seconds, Stopping threads took: 0,0000130 seconds
2017-05-23T08:16:06.004+0200: 1,060: Total time for which application threads were stopped: 0,0011757 seconds, Stopping threads took: 0,0001707 seconds
2017-05-23T08:16:06.080+0200: 1,136: Total time for which application threads were stopped: 0,0003436 seconds, Stopping threads took: 0,0001033 seconds
2017-05-23T08:16:06.419+0200: 1,475: Total time for which application threads were stopped: 0,0002144 seconds, Stopping threads took: 0,0000312 seconds
2017-05-23T08:16:07.021+0200: 2,077: Total time for which application threads were stopped: 0,0011780 seconds, Stopping threads took: 0,0001514 seconds
2017-05-23T08:16:07.091+0200: 2,147: Total time for which application threads were stopped: 0,0013922 seconds, Stopping threads took: 0,0001776 seconds
2017-05-23T08:16:07.220+0200: 2,276: Total time for which application threads were stopped: 0,0002470 seconds, Stopping threads took: 0,0000207 seconds
2017-05-23T08:16:07.223+0200: 2,279: Total time for which application threads were stopped: 0,0009290 seconds, Stopping threads took: 0,0001109 seconds
2017-05-23T08:16:07.237+0200: 2,293: Total time for which application threads were stopped: 0,0002072 seconds, Stopping threads took: 0,0000371 seconds
2017-05-23T08:16:07.326+0200: 2,382: Total time for which application threads were stopped: 0,0002441 seconds, Stopping threads took: 0,0000250 seconds
2017-05-23T08:16:07.487+0200: 2,543: Total time for which application threads were stopped: 0,0003066 seconds, Stopping threads took: 0,0000815 seconds
{Heap before GC invocations=0 (full 0):
 par new generation   total 109248K, used 87424K [0x00000000e0000000, 0x00000000e8000000, 0x00000000e8000000)
  eden space 87424K, 100% used [0x00000000e0000000, 0x00000000e5560000, 0x00000000e5560000)
  from space 21824K,   0% used [0x00000000e5560000, 0x00000000e5560000, 0x00000000e6ab0000)
  to   space 21824K,   0% used [0x00000000e6ab0000, 0x00000000e6ab0000, 0x00000000e8000000)
 concurrent mark-sweep generation total 393216K, used 0K [0x00000000e8000000, 0x0000000100000000, 0x0000000100000000)
 Metaspace       used 18048K, capacity 18400K, committed 18688K, reserved 1064960K
  class space    used 2037K, capacity 2196K, committed 2304K, reserved 1048576K
2017-05-23T08:16:07.588+0200: 2,644: [GC (Allocation Failure) 2017-05-23T08:16:07.588+0200: 2,644: [ParNew
Desired survivor size 20112992 bytes, new threshold 8 (max 8)
- age   1:   12618584 bytes,   12618584 total
: 87424K->12440K(109248K), 0,0182987 secs] 87424K->12440K(502464K), 0,0184007 secs] [Times: user=0,06 sys=0,02, real=0,02 secs] 
Heap after GC invocations=1 (full 0):
 par new generation   total 109248K, used 12440K [0x00000000e0000000, 0x00000000e8000000, 0x00000000e8000000)
  eden space 87424K,   0% used [0x00000000e0000000, 0x00000000e0000000, 0x00000000e5560000)
  from space 21824K,  57% used [0x00000000e6ab0000, 0x00000000e76d6098, 0x00000000e8000000)
  to   space 21824K,   0% used [0x00000000e5560000, 0x00000000e5560000, 0x00000000e6ab0000)
 concurrent mark-sweep generation total 393216K, used 0K [0x00000000e8000000, 0x0000000100000000, 0x0000000100000000)
 Metaspace       used 18048K, capacity 18400K, committed 18688K, reserved 1064960K
  class space    used 2037K, capacity 2196K, committed 2304K, reserved 1048576K
}
2017-05-23T08:16:07.607+0200: 2,663: Total time for which application threads were stopped: 0,0186868 seconds, Stopping threads took: 0,0000375 seconds
2017-05-23T08:16:07.908+0200: 2,964: Total time for which application threads were stopped: 0,0004567 seconds, Stopping threads took: 0,0000726 seconds
{Heap before GC invocations=1 (full 0):
 par new generation   total 109248K, used 99849K [0x00000000e0000000, 0x00000000e8000000, 0x00000000e8000000)
  eden space 87424K,  99% used [0x00000000e0000000, 0x00000000e555c5b0, 0x00000000e5560000)
  from space 21824K,  57% used [0x00000000e6ab0000, 0x00000000e76d6098, 0x00000000e8000000)
  to   space 21824K,   0% used [0x00000000e5560000, 0x00000000e5560000, 0x00000000e6ab0000)
 concurrent mark-sweep generation total 393216K, used 0K [0x00000000e8000000, 0x0000000100000000, 0x0000000100000000)
 Metaspace       used 20056K, capacity 20364K, committed 20736K, reserved 1067008K
  class space    used 2294K, capacity 2468K, committed 2560K, reserved 1048576K
2017-05-23T08:16:07.963+0200: 3,019: [GC (Allocation Failure) 2017-05-23T08:16:07.963+0200: 3,019: [ParNew
Desired survivor size 20112992 bytes, new threshold 8 (max 8)
- age   1:    3649168 bytes,    3649168 total
- age   2:    6680880 bytes,   10330048 total
: 99849K->15605K(109248K), 0,0128998 secs] 99849K->15605K(502464K), 0,0129736 secs] [Times: user=0,05 sys=0,00, real=0,01 secs] 
Heap after GC invocations=2 (full 0):
 par new generation   total 109248K, used 15605K [0x00000000e0000000, 0x00000000e8000000, 0x00000000e8000000)
  eden space 87424K,   0% used [0x00000000e0000000, 0x00000000e0000000, 0x00000000e5560000)
  from space 21824K,  71% used [0x00000000e5560000, 0x00000000e649d600, 0x00000000e6ab0000)
  to   space 21824K,   0% used [0x00000000e6ab0000, 0x00000000e6ab0000, 0x00000000e8000000)
 concurrent mark-sweep generation total 393216K, used 0K [0x00000000e8000000, 0x0000000100000000, 0x0000000100000000)
 Metaspace       used 20056K, capacity 20364K, committed 20736K, reserved 1067008K
  class space    used 2294K, capacity 2468K, committed 2560K, reserved 1048576K
}
2017-05-23T08:16:07.976+0200: 3,032: Total time for which application threads were stopped: 0,0132411 seconds, Stopping threads took: 0,0001077 seconds
2017-05-23T08:16:07.986+0200: 3,042: Total time for which application threads were stopped: 0,0070265 seconds, Stopping threads took: 0,0067555 seconds
2017-05-23T08:16:08.020+0200: 3,076: Total time for which application threads were stopped: 0,0011588 seconds, Stopping threads took: 0,0002469 seconds
2017-05-23T08:16:08.155+0200: 3,211: Total time for which application threads were stopped: 0,0002350 seconds, Stopping threads took: 0,0000473 seconds
{Heap before GC invocations=2 (full 0):
 par new generation   total 109248K, used 103029K [0x00000000e0000000, 0x00000000e8000000, 0x00000000e8000000)
  eden space 87424K, 100% used [0x00000000e0000000, 0x00000000e5560000, 0x00000000e5560000)
  from space 21824K,  71% used [0x00000000e5560000, 0x00000000e649d600, 0x00000000e6ab0000)
  to   space 21824K,   0% used [0x00000000e6ab0000, 0x00000000e6ab0000, 0x00000000e8000000)
 concurrent mark-sweep generation total 393216K, used 0K [0x00000000e8000000, 0x0000000100000000, 0x0000000100000000)
 Metaspace       used 20998K, capacity 21350K, committed 21628K, reserved 1069056K
  class space    used 2416K, capacity 2587K, committed 2684K, reserved 1048576K
2017-05-23T08:16:08.201+0200: 3,257: [GC (Allocation Failure) 2017-05-23T08:16:08.201+0200: 3,257: [ParNew
Desired survivor size 20112992 bytes, new threshold 8 (max 8)
- age   1:    2229688 bytes,    2229688 total
- age   2:     860912 bytes,    3090600 total
- age   3:    6662704 bytes,    9753304 total
: 103029K->11181K(109248K), 0,0180940 secs] 103029K->11181K(502464K), 0,0181747 secs] [Times: user=0,07 sys=0,00, real=0,02 secs] 
Heap after GC invocations=3 (full 0):
 par new generation   total 109248K, used 11181K [0x00000000e0000000, 0x00000000e8000000, 0x00000000e8000000)
  eden space 87424K,   0% used [0x00000000e0000000, 0x00000000e0000000, 0x00000000e5560000)
  from space 21824K,  51% used [0x00000000e6ab0000, 0x00000000e759b690, 0x00000000e8000000)
  to   space 21824K,   0% used [0x00000000e5560000, 0x00000000e5560000, 0x00000000e6ab0000)
 concurrent mark-sweep generation total 393216K, used 0K [0x00000000e8000000, 0x0000000100000000, 0x0000000100000000)
 Metaspace       used 20998K, capacity 21350K, committed 21628K, reserved 1069056K
  class space    used 2416K, capacity 2587K, committed 2684K, reserved 1048576K
}
2017-05-23T08:16:08.219+0200: 3,275: Total time for which application threads were stopped: 0,0184045 seconds, Stopping threads took: 0,0000583 seconds
2017-05-23T08:16:08.219+0200: 3,275: [GC (CMS Initial Mark) [1 CMS-initial-mark: 0K(393216K)] 11927K(502464K), 0,0044081 secs] [Times: user=0,01 sys=0,00, real=0,01 secs] 
2017-05-23T08:16:08.224+0200: 3,280: Total time for which application threads were stopped: 0,0045579 seconds, Stopping threads took: 0,0000496 seconds
2017-05-23T08:16:08.224+0200: 3,280: [CMS-concurrent-mark-start]
2017-05-23T08:16:08.224+0200: 3,280: [CMS-concurrent-mark: 0,000/0,000 secs] [Times: user=0,00 sys=0,00, real=0,00 secs] 
2017-05-23T08:16:08.224+0200: 3,280: [CMS-concurrent-preclean-start]
2017-05-23T08:16:08.225+0200: 3,281: [CMS-concurrent-preclean: 0,001/0,001 secs] [Times: user=0,01 sys=0,00, real=0,00 secs] 
2017-05-23T08:16:08.226+0200: 3,282: [GC (CMS Final Remark) [YG occupancy: 11927 K (109248 K)]{Heap before GC invocations=3 (full 1):
 par new generation   total 109248K, used 11927K [0x00000000e0000000, 0x00000000e8000000, 0x00000000e8000000)
  eden space 87424K,   0% used [0x00000000e0000000, 0x00000000e00ba6d0, 0x00000000e5560000)
  from space 21824K,  51% used [0x00000000e6ab0000, 0x00000000e759b690, 0x00000000e8000000)
  to   space 21824K,   0% used [0x00000000e5560000, 0x00000000e5560000, 0x00000000e6ab0000)
 concurrent mark-sweep generation total 393216K, used 0K [0x00000000e8000000, 0x0000000100000000, 0x0000000100000000)
 Metaspace       used 21012K, capacity 21350K, committed 21628K, reserved 1069056K
  class space    used 2418K, capacity 2587K, committed 2684K, reserved 1048576K
2017-05-23T08:16:08.226+0200: 3,282: [GC (CMS Final Remark) 2017-05-23T08:16:08.226+0200: 3,282: [ParNew
Desired survivor size 20112992 bytes, new threshold 8 (max 8)
- age   1:     183472 bytes,     183472 total
- age   2:    2228456 bytes,    2411928 total
- age   3:     860912 bytes,    3272840 total
- age   4:    6662704 bytes,    9935544 total
: 11927K->12392K(109248K), 0,0166749 secs] 11927K->12392K(502464K), 0,0167304 secs] [Times: user=0,05 sys=0,01, real=0,02 secs] 
Heap after GC invocations=4 (full 1):
 par new generation   total 109248K, used 12392K [0x00000000e0000000, 0x00000000e8000000, 0x00000000e8000000)
  eden space 87424K,   0% used [0x00000000e0000000, 0x00000000e0000000, 0x00000000e5560000)
  from space 21824K,  56% used [0x00000000e5560000, 0x00000000e617a250, 0x00000000e6ab0000)
  to   space 21824K,   0% used [0x00000000e6ab0000, 0x00000000e6ab0000, 0x00000000e8000000)
 concurrent mark-sweep generation total 393216K, used 0K [0x00000000e8000000, 0x0000000100000000, 0x0000000100000000)
 Metaspace       used 21012K, capacity 21350K, committed 21628K, reserved 1069056K
  class space    used 2418K, capacity 2587K, committed 2684K, reserved 1048576K
}
2017-05-23T08:16:08.242+0200: 3,298: [Rescan (parallel) , 0,0047713 secs]2017-05-23T08:16:08.247+0200: 3,303: [weak refs processing, 0,0006716 secs]2017-05-23T08:16:08.248+0200: 3,304: [class unloading, 0,0029797 secs]2017-05-23T08:16:08.251+0200: 3,307: [scrub symbol table, 0,0030687 secs]2017-05-23T08:16:08.254+0200: 3,310: [scrub string table, 0,0003701 secs][1 CMS-remark: 0K(393216K)] 12392K(502464K), 0,0292638 secs] [Times: user=0,08 sys=0,01, real=0,03 secs] 
2017-05-23T08:16:08.255+0200: 3,311: Total time for which application threads were stopped: 0,0294210 seconds, Stopping threads took: 0,0000649 seconds
2017-05-23T08:16:08.255+0200: 3,311: [CMS-concurrent-sweep-start]
2017-05-23T08:16:08.255+0200: 3,311: [CMS-concurrent-sweep: 0,000/0,000 secs] [Times: user=0,00 sys=0,00, real=0,00 secs] 
2017-05-23T08:16:08.255+0200: 3,311: [CMS-concurrent-reset-start]
2017-05-23T08:16:08.257+0200: 3,313: [CMS-concurrent-reset: 0,002/0,002 secs] [Times: user=0,01 sys=0,00, real=0,00 secs] 
{Heap before GC invocations=4 (full 1):
 par new generation   total 109248K, used 99816K [0x00000000e0000000, 0x00000000e8000000, 0x00000000e8000000)
  eden space 87424K, 100% used [0x00000000e0000000, 0x00000000e5560000, 0x00000000e5560000)
  from space 21824K,  56% used [0x00000000e5560000, 0x00000000e617a250, 0x00000000e6ab0000)
  to   space 21824K,   0% used [0x00000000e6ab0000, 0x00000000e6ab0000, 0x00000000e8000000)
 concurrent mark-sweep generation total 393216K, used 0K [0x00000000e8000000, 0x0000000100000000, 0x0000000100000000)
 Metaspace       used 21256K, capacity 21632K, committed 21884K, reserved 1069056K
  class space    used 2448K, capacity 2603K, committed 2684K, reserved 1048576K
2017-05-23T08:16:08.356+0200: 3,412: [GC (Allocation Failure) 2017-05-23T08:16:08.356+0200: 3,412: [ParNew
Desired survivor size 20112992 bytes, new threshold 8 (max 8)
- age   1:     987104 bytes,     987104 total
- age   2:       1680 bytes,     988784 total
- age   3:    1442376 bytes,    2431160 total
- age   4:     827536 bytes,    3258696 total
- age   5:    6662808 bytes,    9921504 total
: 99816K->14013K(109248K), 0,0103768 secs] 99816K->14013K(502464K), 0,0104528 secs] [Times: user=0,04 sys=0,00, real=0,01 secs] 
Heap after GC invocations=5 (full 1):
 par new generation   total 109248K, used 14013K [0x00000000e0000000, 0x00000000e8000000, 0x00000000e8000000)
  eden space 87424K,   0% used [0x00000000e0000000, 0x00000000e0000000, 0x00000000e5560000)
  from space 21824K,  64% used [0x00000000e6ab0000, 0x00000000e785f6d0, 0x00000000e8000000)
  to   space 21824K,   0% used [0x00000000e5560000, 0x00000000e5560000, 0x00000000e6ab0000)
 concurrent mark-sweep generation total 393216K, used 0K [0x00000000e8000000, 0x0000000100000000, 0x0000000100000000)
 Metaspace       used 21256K, capacity 21632K, committed 21884K, reserved 1069056K
  class space    used 2448K, capacity 2603K, committed 2684K, reserved 1048576K
}
2017-05-23T08:16:08.367+0200: 3,423: Total time for which application threads were stopped: 0,0106836 seconds, Stopping threads took: 0,0000728 seconds
{Heap before GC invocations=5 (full 1):
 par new generation   total 109248K, used 101437K [0x00000000e0000000, 0x00000000e8000000, 0x00000000e8000000)
  eden space 87424K, 100% used [0x00000000e0000000, 0x00000000e5560000, 0x00000000e5560000)
  from space 21824K,  64% used [0x00000000e6ab0000, 0x00000000e785f6d0, 0x00000000e8000000)
  to   space 21824K,   0% used [0x00000000e5560000, 0x00000000e5560000, 0x00000000e6ab0000)
 concurrent mark-sweep generation total 393216K, used 0K [0x00000000e8000000, 0x0000000100000000, 0x0000000100000000)
 Metaspace       used 21444K, capacity 21804K, committed 21884K, reserved 1069056K
  class space    used 2468K, capacity 2637K, committed 2684K, reserved 1048576K
2017-05-23T08:16:08.457+0200: 3,513: [GC (Allocation Failure) 2017-05-23T08:16:08.457+0200: 3,513: [ParNew
Desired survivor size 20112992 bytes, new threshold 8 (max 8)
- age   1:     951448 bytes,     951448 total
- age   2:     184728 bytes,    1136176 total
- age   3:       1680 bytes,    1137856 total
- age   4:    1441888 bytes,    2579744 total
- age   5:     825520 bytes,    3405264 total
- age   6:    6662688 bytes,   10067952 total
: 101437K->10445K(109248K), 0,0313164 secs] 101437K->10445K(502464K), 0,0313830 secs] [Times: user=0,06 sys=0,00, real=0,03 secs] 
Heap after GC invocations=6 (full 1):
 par new generation   total 109248K, used 10445K [0x00000000e0000000, 0x00000000e8000000, 0x00000000e8000000)
  eden space 87424K,   0% used [0x00000000e0000000, 0x00000000e0000000, 0x00000000e5560000)
  from space 21824K,  47% used [0x00000000e5560000, 0x00000000e5f93690, 0x00000000e6ab0000)
  to   space 21824K,   0% used [0x00000000e6ab0000, 0x00000000e6ab0000, 0x00000000e8000000)
 concurrent mark-sweep generation total 393216K, used 0K [0x00000000e8000000, 0x0000000100000000, 0x0000000100000000)
 Metaspace       used 21444K, capacity 21804K, committed 21884K, reserved 1069056K
  class space    used 2468K, capacity 2637K, committed 2684K, reserved 1048576K
}
2017-05-23T08:16:08.488+0200: 3,544: Total time for which application threads were stopped: 0,0326971 seconds, Stopping threads took: 0,0011394 seconds
2017-05-23T08:16:08.526+0200: 3,582: Total time for which application threads were stopped: 0,0005222 seconds, Stopping threads took: 0,0000423 seconds
2017-05-23T08:16:08.925+0200: 3,981: Total time for which application threads were stopped: 0,0005908 seconds, Stopping threads took: 0,0000405 seconds
2017-05-23T08:16:08.946+0200: 4,002: Total time for which application threads were stopped: 0,0005394 seconds, Stopping threads took: 0,0000416 seconds
2017-05-23T08:16:09.017+0200: 4,073: Total time for which application threads were stopped: 0,0004319 seconds, Stopping threads took: 0,0001078 seconds
2017-05-23T08:16:09.058+0200: 4,114: Total time for which application threads were stopped: 0,0030464 seconds, Stopping threads took: 0,0029244 seconds
2017-05-23T08:16:09.075+0200: 4,131: Total time for which application threads were stopped: 0,0011920 seconds, Stopping threads took: 0,0010435 seconds
2017-05-23T08:16:09.098+0200: 4,154: Total time for which application threads were stopped: 0,0001677 seconds, Stopping threads took: 0,0000487 seconds
2017-05-23T08:16:09.119+0200: 4,175: Total time for which application threads were stopped: 0,0001528 seconds, Stopping threads took: 0,0000419 seconds
{Heap before GC invocations=6 (full 1):
 par new generation   total 109248K, used 97869K [0x00000000e0000000, 0x00000000e8000000, 0x00000000e8000000)
  eden space 87424K, 100% used [0x00000000e0000000, 0x00000000e5560000, 0x00000000e5560000)
  from space 21824K,  47% used [0x00000000e5560000, 0x00000000e5f93690, 0x00000000e6ab0000)
  to   space 21824K,   0% used [0x00000000e6ab0000, 0x00000000e6ab0000, 0x00000000e8000000)
 concurrent mark-sweep generation total 393216K, used 0K [0x00000000e8000000, 0x0000000100000000, 0x0000000100000000)
 Metaspace       used 23967K, capacity 24460K, committed 24572K, reserved 1071104K
  class space    used 2824K, capacity 3011K, committed 3068K, reserved 1048576K
2017-05-23T08:16:09.307+0200: 4,363: [GC (Allocation Failure) 2017-05-23T08:16:09.307+0200: 4,363: [ParNew
Desired survivor size 20112992 bytes, new threshold 8 (max 8)
- age   1:    5367656 bytes,    5367656 total
- age   2:     134728 bytes,    5502384 total
- age   3:     183616 bytes,    5686000 total
- age   4:       1680 bytes,    5687680 total
- age   5:     272312 bytes,    5959992 total
- age   6:     801256 bytes,    6761248 total
- age   7:    6654560 bytes,   13415808 total
: 97869K->17732K(109248K), 0,0984136 secs] 97869K->17732K(502464K), 0,0984917 secs] [Times: user=0,08 sys=0,00, real=0,10 secs] 
Heap after GC invocations=7 (full 1):
 par new generation   total 109248K, used 17732K [0x00000000e0000000, 0x00000000e8000000, 0x00000000e8000000)
  eden space 87424K,   0% used [0x00000000e0000000, 0x00000000e0000000, 0x00000000e5560000)
  from space 21824K,  81% used [0x00000000e6ab0000, 0x00000000e7c01200, 0x00000000e8000000)
  to   space 21824K,   0% used [0x00000000e5560000, 0x00000000e5560000, 0x00000000e6ab0000)
 concurrent mark-sweep generation total 393216K, used 0K [0x00000000e8000000, 0x0000000100000000, 0x0000000100000000)
 Metaspace       used 23967K, capacity 24460K, committed 24572K, reserved 1071104K
  class space    used 2824K, capacity 3011K, committed 3068K, reserved 1048576K
}
2017-05-23T08:16:09.406+0200: 4,462: Total time for which application threads were stopped: 0,1454309 seconds, Stopping threads took: 0,0467347 seconds
2017-05-23T08:16:09.431+0200: 4,487: Total time for which application threads were stopped: 0,0115444 seconds, Stopping threads took: 0,0113825 seconds
2017-05-23T08:16:09.431+0200: 4,487: Total time for which application threads were stopped: 0,0001235 seconds, Stopping threads took: 0,0000211 seconds
{Heap before GC invocations=7 (full 1):
 par new generation   total 109248K, used 105156K [0x00000000e0000000, 0x00000000e8000000, 0x00000000e8000000)
  eden space 87424K, 100% used [0x00000000e0000000, 0x00000000e5560000, 0x00000000e5560000)
  from space 21824K,  81% used [0x00000000e6ab0000, 0x00000000e7c01200, 0x00000000e8000000)
  to   space 21824K,   0% used [0x00000000e5560000, 0x00000000e5560000, 0x00000000e6ab0000)
 concurrent mark-sweep generation total 393216K, used 0K [0x00000000e8000000, 0x0000000100000000, 0x0000000100000000)
 Metaspace       used 24355K, capacity 24812K, committed 25084K, reserved 1071104K
  class space    used 2853K, capacity 3043K, committed 3068K, reserved 1048576K
2017-05-23T08:16:09.570+0200: 4,626: [GC (Allocation Failure) 2017-05-23T08:16:09.570+0200: 4,626: [ParNew
Desired survivor size 20112992 bytes, new threshold 8 (max 8)
- age   1:    1550168 bytes,    1550168 total
- age   2:    1768576 bytes,    3318744 total
- age   3:      73232 bytes,    3391976 total
- age   4:     108840 bytes,    3500816 total
- age   5:       1344 bytes,    3502160 total
- age   6:     184248 bytes,    3686408 total
- age   7:     750920 bytes,    4437328 total
- age   8:    6121848 bytes,   10559176 total
: 105156K->12476K(109248K), 0,0449103 secs] 105156K->12476K(502464K), 0,0450055 secs] [Times: user=0,08 sys=0,00, real=0,05 secs] 
Heap after GC invocations=8 (full 1):
 par new generation   total 109248K, used 12476K [0x00000000e0000000, 0x00000000e8000000, 0x00000000e8000000)
  eden space 87424K,   0% used [0x00000000e0000000, 0x00000000e0000000, 0x00000000e5560000)
  from space 21824K,  57% used [0x00000000e5560000, 0x00000000e618f328, 0x00000000e6ab0000)
  to   space 21824K,   0% used [0x00000000e6ab0000, 0x00000000e6ab0000, 0x00000000e8000000)
 concurrent mark-sweep generation total 393216K, used 0K [0x00000000e8000000, 0x0000000100000000, 0x0000000100000000)
 Metaspace       used 24355K, capacity 24812K, committed 25084K, reserved 1071104K
  class space    used 2853K, capacity 3043K, committed 3068K, reserved 1048576K
}
2017-05-23T08:16:09.615+0200: 4,671: Total time for which application threads were stopped: 0,0497200 seconds, Stopping threads took: 0,0043968 seconds
2017-05-23T08:16:09.619+0200: 4,675: Total time for which application threads were stopped: 0,0007026 seconds, Stopping threads took: 0,0004343 seconds
2017-05-23T08:16:09.619+0200: 4,675: Total time for which application threads were stopped: 0,0000936 seconds, Stopping threads took: 0,0000156 seconds
2017-05-23T08:16:09.722+0200: 4,778: Total time for which application threads were stopped: 0,0062341 seconds, Stopping threads took: 0,0061162 seconds
2017-05-23T08:16:09.781+0200: 4,837: Total time for which application threads were stopped: 0,0071128 seconds, Stopping threads took: 0,0069862 seconds
2017-05-23T08:16:09.783+0200: 4,839: Total time for which application threads were stopped: 0,0003263 seconds, Stopping threads took: 0,0002146 seconds
2017-05-23T08:16:09.787+0200: 4,843: Total time for which application threads were stopped: 0,0001289 seconds, Stopping threads took: 0,0000184 seconds
{Heap before GC invocations=8 (full 1):
 par new generation   total 109248K, used 99900K [0x00000000e0000000, 0x00000000e8000000, 0x00000000e8000000)
  eden space 87424K, 100% used [0x00000000e0000000, 0x00000000e5560000, 0x00000000e5560000)
  from space 21824K,  57% used [0x00000000e5560000, 0x00000000e618f328, 0x00000000e6ab0000)
  to   space 21824K,   0% used [0x00000000e6ab0000, 0x00000000e6ab0000, 0x00000000e8000000)
 concurrent mark-sweep generation total 393216K, used 0K [0x00000000e8000000, 0x0000000100000000, 0x0000000100000000)
 Metaspace       used 24835K, capacity 25324K, committed 25468K, reserved 1071104K
  class space    used 2893K, capacity 3081K, committed 3196K, reserved 1048576K
2017-05-23T08:16:09.788+0200: 4,844: [GC (Allocation Failure) 2017-05-23T08:16:09.788+0200: 4,844: [ParNew
Desired survivor size 20112992 bytes, new threshold 8 (max 8)
- age   1:    1158176 bytes,    1158176 total
- age   2:     598056 bytes,    1756232 total
- age   3:    1745544 bytes,    3501776 total
- age   4:      73200 bytes,    3574976 total
- age   5:     108568 bytes,    3683544 total
- age   6:       1344 bytes,    3684888 total
- age   7:     181448 bytes,    3866336 total
- age   8:     750152 bytes,    4616488 total
: 99900K->9516K(109248K), 0,0674888 secs] 99900K->16151K(502464K), 0,0675548 secs] [Times: user=0,09 sys=0,01, real=0,07 secs] 
Heap after GC invocations=9 (full 1):
 par new generation   total 109248K, used 9516K [0x00000000e0000000, 0x00000000e8000000, 0x00000000e8000000)
  eden space 87424K,   0% used [0x00000000e0000000, 0x00000000e0000000, 0x00000000e5560000)
  from space 21824K,  43% used [0x00000000e6ab0000, 0x00000000e73fb0c0, 0x00000000e8000000)
  to   space 21824K,   0% used [0x00000000e5560000, 0x00000000e5560000, 0x00000000e6ab0000)
 concurrent mark-sweep generation total 393216K, used 6635K [0x00000000e8000000, 0x0000000100000000, 0x0000000100000000)
 Metaspace       used 24835K, capacity 25324K, committed 25468K, reserved 1071104K
  class space    used 2893K, capacity 3081K, committed 3196K, reserved 1048576K
}
2017-05-23T08:16:09.856+0200: 4,912: Total time for which application threads were stopped: 0,0678067 seconds, Stopping threads took: 0,0001076 seconds
2017-05-23T08:16:09.857+0200: 4,913: Total time for which application threads were stopped: 0,0005576 seconds, Stopping threads took: 0,0004676 seconds
2017-05-23T08:16:09.861+0200: 4,917: Total time for which application threads were stopped: 0,0001583 seconds, Stopping threads took: 0,0000527 seconds
2017-05-23T08:16:09.862+0200: 4,918: Total time for which application threads were stopped: 0,0001159 seconds, Stopping threads took: 0,0000387 seconds
2017-05-23T08:16:09.863+0200: 4,919: Total time for which application threads were stopped: 0,0000861 seconds, Stopping threads took: 0,0000159 seconds
2017-05-23T08:16:09.863+0200: 4,919: Total time for which application threads were stopped: 0,0000826 seconds, Stopping threads took: 0,0000168 seconds
2017-05-23T08:16:09.864+0200: 4,920: Total time for which application threads were stopped: 0,0001007 seconds, Stopping threads took: 0,0000196 seconds
2017-05-23T08:16:09.870+0200: 4,926: Total time for which application threads were stopped: 0,0001721 seconds, Stopping threads took: 0,0000651 seconds
2017-05-23T08:16:09.886+0200: 4,942: Total time for which application threads were stopped: 0,0017068 seconds, Stopping threads took: 0,0015759 seconds
2017-05-23T08:16:09.895+0200: 4,951: Total time for which application threads were stopped: 0,0002167 seconds, Stopping threads took: 0,0001068 seconds
2017-05-23T08:16:09.903+0200: 4,959: Total time for which application threads were stopped: 0,0026797 seconds, Stopping threads took: 0,0025619 seconds
2017-05-23T08:16:09.911+0200: 4,967: Total time for which application threads were stopped: 0,0002526 seconds, Stopping threads took: 0,0001849 seconds
2017-05-23T08:16:09.934+0200: 4,990: Total time for which application threads were stopped: 0,0030402 seconds, Stopping threads took: 0,0028657 seconds
2017-05-23T08:16:09.942+0200: 4,998: Total time for which application threads were stopped: 0,0001285 seconds, Stopping threads took: 0,0000400 seconds
2017-05-23T08:16:09.946+0200: 5,002: Total time for which application threads were stopped: 0,0001888 seconds, Stopping threads took: 0,0001122 seconds
2017-05-23T08:16:09.959+0200: 5,015: Total time for which application threads were stopped: 0,0001538 seconds, Stopping threads took: 0,0000595 seconds
2017-05-23T08:16:09.964+0200: 5,020: Total time for which application threads were stopped: 0,0002547 seconds, Stopping threads took: 0,0001689 seconds
2017-05-23T08:16:09.982+0200: 5,038: Total time for which application threads were stopped: 0,0003818 seconds, Stopping threads took: 0,0002653 seconds
2017-05-23T08:16:09.996+0200: 5,052: Total time for which application threads were stopped: 0,0001275 seconds, Stopping threads took: 0,0000410 seconds
2017-05-23T08:16:10.002+0200: 5,058: Total time for which application threads were stopped: 0,0010942 seconds, Stopping threads took: 0,0010194 seconds
2017-05-23T08:16:10.032+0200: 5,088: Total time for which application threads were stopped: 0,0001231 seconds, Stopping threads took: 0,0000357 seconds
2017-05-23T08:16:10.042+0200: 5,098: Total time for which application threads were stopped: 0,0044914 seconds, Stopping threads took: 0,0044173 seconds
2017-05-23T08:16:10.042+0200: 5,098: Total time for which application threads were stopped: 0,0001603 seconds, Stopping threads took: 0,0001168 seconds
2017-05-23T08:16:10.042+0200: 5,098: Total time for which application threads were stopped: 0,0000527 seconds, Stopping threads took: 0,0000162 seconds
2017-05-23T08:16:10.042+0200: 5,098: Total time for which application threads were stopped: 0,0000425 seconds, Stopping threads took: 0,0000110 seconds
2017-05-23T08:16:10.042+0200: 5,098: Total time for which application threads were stopped: 0,0000691 seconds, Stopping threads took: 0,0000291 seconds
2017-05-23T08:16:10.042+0200: 5,099: Total time for which application threads were stopped: 0,0000522 seconds, Stopping threads took: 0,0000091 seconds
2017-05-23T08:16:10.043+0200: 5,099: Total time for which application threads were stopped: 0,0000586 seconds, Stopping threads took: 0,0000131 seconds
2017-05-23T08:16:10.043+0200: 5,099: Total time for which application threads were stopped: 0,0000472 seconds, Stopping threads took: 0,0000170 seconds
2017-05-23T08:16:10.043+0200: 5,099: Total time for which application threads were stopped: 0,0001060 seconds, Stopping threads took: 0,0000507 seconds
2017-05-23T08:16:10.043+0200: 5,099: Total time for which application threads were stopped: 0,0000857 seconds, Stopping threads took: 0,0000189 seconds
2017-05-23T08:16:10.043+0200: 5,099: Total time for which application threads were stopped: 0,0000681 seconds, Stopping threads took: 0,0000081 seconds
2017-05-23T08:16:10.043+0200: 5,099: Total time for which application threads were stopped: 0,0000670 seconds, Stopping threads took: 0,0000076 seconds
2017-05-23T08:16:10.043+0200: 5,099: Total time for which application threads were stopped: 0,0000626 seconds, Stopping threads took: 0,0000073 seconds
2017-05-23T08:16:10.043+0200: 5,099: Total time for which application threads were stopped: 0,0000629 seconds, Stopping threads took: 0,0000075 seconds
2017-05-23T08:16:10.044+0200: 5,100: Total time for which application threads were stopped: 0,0000625 seconds, Stopping threads took: 0,0000073 seconds
2017-05-23T08:16:10.044+0200: 5,100: Total time for which application threads were stopped: 0,0000704 seconds, Stopping threads took: 0,0000076 seconds
2017-05-23T08:16:10.044+0200: 5,100: Total time for which application threads were stopped: 0,0000673 seconds, Stopping threads took: 0,0000092 seconds
2017-05-23T08:16:10.044+0200: 5,100: Total time for which application threads were stopped: 0,0000675 seconds, Stopping threads took: 0,0000090 seconds
2017-05-23T08:16:10.044+0200: 5,100: Total time for which application threads were stopped: 0,0000678 seconds, Stopping threads took: 0,0000090 seconds
2017-05-23T08:16:10.044+0200: 5,100: Total time for which application threads were stopped: 0,0000651 seconds, Stopping threads took: 0,0000080 seconds
2017-05-23T08:16:10.044+0200: 5,100: Total time for which application threads were stopped: 0,0000655 seconds, Stopping threads took: 0,0000082 seconds
2017-05-23T08:16:10.044+0200: 5,100: Total time for which application threads were stopped: 0,0000677 seconds, Stopping threads took: 0,0000097 seconds
2017-05-23T08:16:10.044+0200: 5,100: Total time for which application threads were stopped: 0,0000643 seconds, Stopping threads took: 0,0000081 seconds
2017-05-23T08:16:10.044+0200: 5,100: Total time for which application threads were stopped: 0,0000664 seconds, Stopping threads took: 0,0000082 seconds
2017-05-23T08:16:10.045+0200: 5,101: Total time for which application threads were stopped: 0,0000720 seconds, Stopping threads took: 0,0000079 seconds
2017-05-23T08:16:10.045+0200: 5,101: Total time for which application threads were stopped: 0,0000676 seconds, Stopping threads took: 0,0000095 seconds
2017-05-23T08:16:10.045+0200: 5,101: Total time for which application threads were stopped: 0,0000692 seconds, Stopping threads took: 0,0000076 seconds
2017-05-23T08:16:10.045+0200: 5,101: Total time for which application threads were stopped: 0,0000682 seconds, Stopping threads took: 0,0000104 seconds
2017-05-23T08:16:10.045+0200: 5,101: Total time for which application threads were stopped: 0,0000931 seconds, Stopping threads took: 0,0000082 seconds
2017-05-23T08:16:10.045+0200: 5,101: Total time for which application threads were stopped: 0,0000698 seconds, Stopping threads took: 0,0000102 seconds
2017-05-23T08:16:10.045+0200: 5,101: Total time for which application threads were stopped: 0,0000654 seconds, Stopping threads took: 0,0000082 seconds
2017-05-23T08:16:10.045+0200: 5,101: Total time for which application threads were stopped: 0,0000692 seconds, Stopping threads took: 0,0000080 seconds
2017-05-23T08:16:10.045+0200: 5,102: Total time for which application threads were stopped: 0,0001725 seconds, Stopping threads took: 0,0000099 seconds
2017-05-23T08:16:10.046+0200: 5,102: Total time for which application threads were stopped: 0,0001085 seconds, Stopping threads took: 0,0000082 seconds
2017-05-23T08:16:10.046+0200: 5,102: Total time for which application threads were stopped: 0,0000780 seconds, Stopping threads took: 0,0000107 seconds
2017-05-23T08:16:10.046+0200: 5,102: Total time for which application threads were stopped: 0,0000825 seconds, Stopping threads took: 0,0000174 seconds
2017-05-23T08:16:10.047+0200: 5,103: Total time for which application threads were stopped: 0,0003952 seconds, Stopping threads took: 0,0002905 seconds
2017-05-23T08:16:10.060+0200: 5,116: Total time for which application threads were stopped: 0,0062268 seconds, Stopping threads took: 0,0060544 seconds
2017-05-23T08:16:10.060+0200: 5,116: Total time for which application threads were stopped: 0,0001316 seconds, Stopping threads took: 0,0000694 seconds
2017-05-23T08:16:10.062+0200: 5,118: Total time for which application threads were stopped: 0,0001914 seconds, Stopping threads took: 0,0000972 seconds
2017-05-23T08:16:10.062+0200: 5,118: Total time for which application threads were stopped: 0,0001320 seconds, Stopping threads took: 0,0000299 seconds
2017-05-23T08:16:10.063+0200: 5,119: Total time for which application threads were stopped: 0,0001562 seconds, Stopping threads took: 0,0000660 seconds
2017-05-23T08:16:10.074+0200: 5,130: Total time for which application threads were stopped: 0,0013745 seconds, Stopping threads took: 0,0012838 seconds
2017-05-23T08:16:10.074+0200: 5,130: Total time for which application threads were stopped: 0,0000717 seconds, Stopping threads took: 0,0000227 seconds
2017-05-23T08:16:10.075+0200: 5,131: Total time for which application threads were stopped: 0,0003930 seconds, Stopping threads took: 0,0003414 seconds
2017-05-23T08:16:10.075+0200: 5,131: Total time for which application threads were stopped: 0,0000590 seconds, Stopping threads took: 0,0000247 seconds
2017-05-23T08:16:10.076+0200: 5,132: Total time for which application threads were stopped: 0,0001579 seconds, Stopping threads took: 0,0000480 seconds
2017-05-23T08:16:10.077+0200: 5,133: Total time for which application threads were stopped: 0,0001717 seconds, Stopping threads took: 0,0000571 seconds
2017-05-23T08:16:10.077+0200: 5,133: Total time for which application threads were stopped: 0,0000909 seconds, Stopping threads took: 0,0000128 seconds
2017-05-23T08:16:10.077+0200: 5,133: Total time for which application threads were stopped: 0,0001243 seconds, Stopping threads took: 0,0000138 seconds
2017-05-23T08:16:10.077+0200: 5,133: Total time for which application threads were stopped: 0,0001234 seconds, Stopping threads took: 0,0000438 seconds
2017-05-23T08:16:10.080+0200: 5,136: Total time for which application threads were stopped: 0,0001443 seconds, Stopping threads took: 0,0000529 seconds
2017-05-23T08:16:10.080+0200: 5,136: Total time for which application threads were stopped: 0,0000919 seconds, Stopping threads took: 0,0000360 seconds
2017-05-23T08:16:10.082+0200: 5,138: Total time for which application threads were stopped: 0,0001245 seconds, Stopping threads took: 0,0000384 seconds
2017-05-23T08:16:10.082+0200: 5,138: Total time for which application threads were stopped: 0,0001332 seconds, Stopping threads took: 0,0000325 seconds
2017-05-23T08:16:10.086+0200: 5,142: Total time for which application threads were stopped: 0,0001419 seconds, Stopping threads took: 0,0000449 seconds
2017-05-23T08:16:10.088+0200: 5,144: Total time for which application threads were stopped: 0,0001476 seconds, Stopping threads took: 0,0000737 seconds
2017-05-23T08:16:10.090+0200: 5,146: Total time for which application threads were stopped: 0,0002374 seconds, Stopping threads took: 0,0001470 seconds
2017-05-23T08:16:10.091+0200: 5,147: Total time for which application threads were stopped: 0,0006020 seconds, Stopping threads took: 0,0005642 seconds
2017-05-23T08:16:10.109+0200: 5,165: Total time for which application threads were stopped: 0,0001536 seconds, Stopping threads took: 0,0000630 seconds
2017-05-23T08:16:10.115+0200: 5,171: Total time for which application threads were stopped: 0,0001305 seconds, Stopping threads took: 0,0000454 seconds
2017-05-23T08:16:10.118+0200: 5,174: Total time for which application threads were stopped: 0,0001506 seconds, Stopping threads took: 0,0000435 seconds
2017-05-23T08:16:10.125+0200: 5,181: Total time for which application threads were stopped: 0,0001855 seconds, Stopping threads took: 0,0000521 seconds
2017-05-23T08:16:10.125+0200: 5,181: Total time for which application threads were stopped: 0,0001509 seconds, Stopping threads took: 0,0000359 seconds
2017-05-23T08:16:10.127+0200: 5,183: Total time for which application threads were stopped: 0,0001711 seconds, Stopping threads took: 0,0000489 seconds
2017-05-23T08:16:10.127+0200: 5,183: Total time for which application threads were stopped: 0,0001369 seconds, Stopping threads took: 0,0000411 seconds
2017-05-23T08:16:10.128+0200: 5,184: Total time for which application threads were stopped: 0,0001105 seconds, Stopping threads took: 0,0000273 seconds
2017-05-23T08:16:10.128+0200: 5,184: Total time for which application threads were stopped: 0,0002729 seconds, Stopping threads took: 0,0000234 seconds
2017-05-23T08:16:10.139+0200: 5,195: Total time for which application threads were stopped: 0,0001220 seconds, Stopping threads took: 0,0000413 seconds
2017-05-23T08:16:10.183+0200: 5,239: Total time for which application threads were stopped: 0,0005571 seconds, Stopping threads took: 0,0000493 seconds
2017-05-23T08:16:10.201+0200: 5,257: Total time for which application threads were stopped: 0,0004753 seconds, Stopping threads took: 0,0000335 seconds
2017-05-23T08:16:10.350+0200: 5,406: Total time for which application threads were stopped: 0,0001594 seconds, Stopping threads took: 0,0000533 seconds
2017-05-23T08:16:10.388+0200: 5,444: Total time for which application threads were stopped: 0,0006732 seconds, Stopping threads took: 0,0002029 seconds
2017-05-23T08:16:10.430+0200: 5,487: Total time for which application threads were stopped: 0,0001588 seconds, Stopping threads took: 0,0000560 seconds
2017-05-23T08:16:10.433+0200: 5,489: Total time for which application threads were stopped: 0,0001526 seconds, Stopping threads took: 0,0000420 seconds
2017-05-23T08:16:10.448+0200: 5,504: Total time for which application threads were stopped: 0,0005187 seconds, Stopping threads took: 0,0000354 seconds
2017-05-23T08:16:10.463+0200: 5,519: Total time for which application threads were stopped: 0,0001282 seconds, Stopping threads took: 0,0000377 seconds
2017-05-23T08:16:10.473+0200: 5,529: Total time for which application threads were stopped: 0,0001267 seconds, Stopping threads took: 0,0000253 seconds
2017-05-23T08:16:10.481+0200: 5,537: Total time for which application threads were stopped: 0,0002141 seconds, Stopping threads took: 0,0000807 seconds
2017-05-23T08:16:10.483+0200: 5,539: Total time for which application threads were stopped: 0,0001309 seconds, Stopping threads took: 0,0000316 seconds
2017-05-23T08:16:10.484+0200: 5,540: Total time for which application threads were stopped: 0,0000848 seconds, Stopping threads took: 0,0000228 seconds
2017-05-23T08:16:10.490+0200: 5,546: Total time for which application threads were stopped: 0,0062741 seconds, Stopping threads took: 0,0061659 seconds
2017-05-23T08:16:10.491+0200: 5,547: Total time for which application threads were stopped: 0,0001588 seconds, Stopping threads took: 0,0000313 seconds
2017-05-23T08:16:10.491+0200: 5,547: Total time for which application threads were stopped: 0,0001737 seconds, Stopping threads took: 0,0000240 seconds
2017-05-23T08:16:10.493+0200: 5,549: Total time for which application threads were stopped: 0,0002270 seconds, Stopping threads took: 0,0000577 seconds
2017-05-23T08:16:10.493+0200: 5,549: Total time for which application threads were stopped: 0,0000921 seconds, Stopping threads took: 0,0000209 seconds
2017-05-23T08:16:10.493+0200: 5,549: Total time for which application threads were stopped: 0,0000772 seconds, Stopping threads took: 0,0000174 seconds
2017-05-23T08:16:10.497+0200: 5,553: Total time for which application threads were stopped: 0,0001431 seconds, Stopping threads took: 0,0000368 seconds
2017-05-23T08:16:10.517+0200: 5,573: Total time for which application threads were stopped: 0,0001854 seconds, Stopping threads took: 0,0000584 seconds
2017-05-23T08:16:10.518+0200: 5,574: Total time for which application threads were stopped: 0,0000993 seconds, Stopping threads took: 0,0000253 seconds
2017-05-23T08:16:10.518+0200: 5,574: Total time for which application threads were stopped: 0,0001055 seconds, Stopping threads took: 0,0000252 seconds
2017-05-23T08:16:10.518+0200: 5,574: Total time for which application threads were stopped: 0,0000843 seconds, Stopping threads took: 0,0000158 seconds
2017-05-23T08:16:10.518+0200: 5,574: Total time for which application threads were stopped: 0,0000830 seconds, Stopping threads took: 0,0000156 seconds
2017-05-23T08:16:10.555+0200: 5,611: Total time for which application threads were stopped: 0,0003325 seconds, Stopping threads took: 0,0000495 seconds
2017-05-23T08:16:10.555+0200: 5,611: Total time for which application threads were stopped: 0,0000969 seconds, Stopping threads took: 0,0000288 seconds
2017-05-23T08:16:10.610+0200: 5,666: Total time for which application threads were stopped: 0,0001980 seconds, Stopping threads took: 0,0000512 seconds
2017-05-23T08:16:10.704+0200: 5,760: Total time for which application threads were stopped: 0,0001561 seconds, Stopping threads took: 0,0000579 seconds
2017-05-23T08:16:10.922+0200: 5,978: Total time for which application threads were stopped: 0,0027395 seconds, Stopping threads took: 0,0025900 seconds
2017-05-23T08:16:10.926+0200: 5,982: Total time for which application threads were stopped: 0,0007421 seconds, Stopping threads took: 0,0000497 seconds
2017-05-23T08:16:11.926+0200: 6,982: Total time for which application threads were stopped: 0,0001159 seconds, Stopping threads took: 0,0000269 seconds
2017-05-23T08:17:27.433+0200: 82,994: Total time for which application threads were stopped: 0,0001076 seconds, Stopping threads took: 0,0000254 seconds
2017-05-23T08:18:02.436+0200: 117,997: Total time for which application threads were stopped: 0,0000827 seconds, Stopping threads took: 0,0000362 seconds
2017-05-23T08:18:07.437+0200: 122,998: Total time for which application threads were stopped: 0,0000635 seconds, Stopping threads took: 0,0000158 seconds
{Heap before GC invocations=9 (full 1):
 par new generation   total 109248K, used 96940K [0x00000000e0000000, 0x00000000e8000000, 0x00000000e8000000)
  eden space 87424K, 100% used [0x00000000e0000000, 0x00000000e5560000, 0x00000000e5560000)
  from space 21824K,  43% used [0x00000000e6ab0000, 0x00000000e73fb0c0, 0x00000000e8000000)
  to   space 21824K,   0% used [0x00000000e5560000, 0x00000000e5560000, 0x00000000e6ab0000)
 concurrent mark-sweep generation total 393216K, used 6635K [0x00000000e8000000, 0x0000000100000000, 0x0000000100000000)
 Metaspace       used 28089K, capacity 28614K, committed 28796K, reserved 1075200K
  class space    used 3210K, capacity 3386K, committed 3452K, reserved 1048576K
2017-05-23T08:19:00.370+0200: 175,931: [GC (Allocation Failure) 2017-05-23T08:19:00.370+0200: 175,931: [ParNew
Desired survivor size 20112992 bytes, new threshold 8 (max 8)
- age   1:   10921792 bytes,   10921792 total
- age   2:     280160 bytes,   11201952 total
- age   3:     198288 bytes,   11400240 total
- age   4:    1738616 bytes,   13138856 total
- age   5:      73168 bytes,   13212024 total
- age   6:     105864 bytes,   13317888 total
- age   7:       1344 bytes,   13319232 total
- age   8:     180824 bytes,   13500056 total
: 96940K->14267K(109248K), 0,0128486 secs] 103575K->21647K(502464K), 0,0129203 secs] [Times: user=0,04 sys=0,00, real=0,01 secs] 
Heap after GC invocations=10 (full 1):
 par new generation   total 109248K, used 14267K [0x00000000e0000000, 0x00000000e8000000, 0x00000000e8000000)
  eden space 87424K,   0% used [0x00000000e0000000, 0x00000000e0000000, 0x00000000e5560000)
  from space 21824K,  65% used [0x00000000e5560000, 0x00000000e634ed38, 0x00000000e6ab0000)
  to   space 21824K,   0% used [0x00000000e6ab0000, 0x00000000e6ab0000, 0x00000000e8000000)
 concurrent mark-sweep generation total 393216K, used 7379K [0x00000000e8000000, 0x0000000100000000, 0x0000000100000000)
 Metaspace       used 28089K, capacity 28614K, committed 28796K, reserved 1075200K
  class space    used 3210K, capacity 3386K, committed 3452K, reserved 1048576K
}
2017-05-23T08:19:00.383+0200: 175,944: Total time for which application threads were stopped: 0,0130728 seconds, Stopping threads took: 0,0000346 seconds
2017-05-23T08:19:00.384+0200: 175,944: Total time for which application threads were stopped: 0,0000664 seconds, Stopping threads took: 0,0000218 seconds
2017-05-23T08:19:00.384+0200: 175,945: Total time for which application threads were stopped: 0,0000629 seconds, Stopping threads took: 0,0000337 seconds
2017-05-23T08:20:42.397+0200: 277,958: Total time for which application threads were stopped: 0,0000972 seconds, Stopping threads took: 0,0000427 seconds
2017-05-23T08:39:30.533+0200: 1406,094: Total time for which application threads were stopped: 0,0003966 seconds, Stopping threads took: 0,0001432 seconds
2017-05-23T08:41:55.553+0200: 1551,114: Total time for which application threads were stopped: 0,0000964 seconds, Stopping threads took: 0,0000389 seconds
2017-05-23T08:54:30.643+0200: 2306,204: Total time for which application threads were stopped: 0,0001891 seconds, Stopping threads took: 0,0000739 seconds
2017-05-23T08:54:32.644+0200: 2308,205: Total time for which application threads were stopped: 0,0000875 seconds, Stopping threads took: 0,0000223 seconds
2017-05-23T09:09:17.750+0200: 3193,310: Total time for which application threads were stopped: 0,0000862 seconds, Stopping threads took: 0,0000367 seconds
2017-05-23T09:12:22.772+0200: 3378,333: Total time for which application threads were stopped: 0,0004958 seconds, Stopping threads took: 0,0002033 seconds
2017-05-23T09:17:20.812+0200: 3676,373: Total time for which application threads were stopped: 0,0000772 seconds, Stopping threads took: 0,0000305 seconds
2017-05-23T09:22:06.847+0200: 3962,408: Total time for which application threads were stopped: 0,0001003 seconds, Stopping threads took: 0,0000358 seconds
2017-05-23T09:25:05.873+0200: 4141,434: Total time for which application threads were stopped: 0,0000767 seconds, Stopping threads took: 0,0000287 seconds
2017-05-23T09:25:25.875+0200: 4161,436: Total time for which application threads were stopped: 0,0000621 seconds, Stopping threads took: 0,0000173 seconds
2017-05-23T09:26:12.140+0200: 4207,701: Total time for which application threads were stopped: 0,0000946 seconds, Stopping threads took: 0,0000429 seconds
2017-05-23T09:26:12.140+0200: 4207,701: Total time for which application threads were stopped: 0,0000696 seconds, Stopping threads took: 0,0000278 seconds
2017-05-23T09:26:12.141+0200: 4207,702: Total time for which application threads were stopped: 0,0000541 seconds, Stopping threads took: 0,0000121 seconds
2017-05-23T09:26:12.145+0200: 4207,706: Total time for which application threads were stopped: 0,0038245 seconds, Stopping threads took: 0,0037373 seconds
2017-05-23T09:26:12.145+0200: 4207,706: Total time for which application threads were stopped: 0,0001112 seconds, Stopping threads took: 0,0000592 seconds
2017-05-23T09:26:12.146+0200: 4207,707: Total time for which application threads were stopped: 0,0000547 seconds, Stopping threads took: 0,0000137 seconds
2017-05-23T09:26:12.146+0200: 4207,707: Total time for which application threads were stopped: 0,0000445 seconds, Stopping threads took: 0,0000129 seconds
2017-05-23T09:26:12.146+0200: 4207,707: Total time for which application threads were stopped: 0,0000409 seconds, Stopping threads took: 0,0000096 seconds
2017-05-23T09:26:12.146+0200: 4207,707: Total time for which application threads were stopped: 0,0000340 seconds, Stopping threads took: 0,0000070 seconds
2017-05-23T09:26:12.146+0200: 4207,707: Total time for which application threads were stopped: 0,0000282 seconds, Stopping threads took: 0,0000058 seconds
2017-05-23T09:26:12.146+0200: 4207,707: Total time for which application threads were stopped: 0,0000274 seconds, Stopping threads took: 0,0000057 seconds
2017-05-23T09:26:12.146+0200: 4207,707: Total time for which application threads were stopped: 0,0000454 seconds, Stopping threads took: 0,0000156 seconds
2017-05-23T09:26:12.146+0200: 4207,707: Total time for which application threads were stopped: 0,0000403 seconds, Stopping threads took: 0,0000165 seconds
2017-05-23T09:26:12.147+0200: 4207,707: Total time for which application threads were stopped: 0,0000369 seconds, Stopping threads took: 0,0000141 seconds
2017-05-23T09:26:12.147+0200: 4207,707: Total time for which application threads were stopped: 0,0000337 seconds, Stopping threads took: 0,0000113 seconds
2017-05-23T09:26:12.147+0200: 4207,708: Total time for which application threads were stopped: 0,0000243 seconds, Stopping threads took: 0,0000058 seconds
2017-05-23T09:26:12.147+0200: 4207,708: Total time for which application threads were stopped: 0,0000257 seconds, Stopping threads took: 0,0000061 seconds
2017-05-23T09:26:12.147+0200: 4207,708: Total time for which application threads were stopped: 0,0000233 seconds, Stopping threads took: 0,0000053 seconds
2017-05-23T09:26:12.147+0200: 4207,708: Total time for which application threads were stopped: 0,0000251 seconds, Stopping threads took: 0,0000060 seconds
2017-05-23T09:26:12.147+0200: 4207,708: Total time for which application threads were stopped: 0,0000248 seconds, Stopping threads took: 0,0000059 seconds
2017-05-23T09:26:12.147+0200: 4207,708: Total time for which application threads were stopped: 0,0000237 seconds, Stopping threads took: 0,0000055 seconds
2017-05-23T09:26:12.151+0200: 4207,712: Total time for which application threads were stopped: 0,0001069 seconds, Stopping threads took: 0,0000449 seconds
2017-05-23T09:26:12.151+0200: 4207,712: Total time for which application threads were stopped: 0,0000712 seconds, Stopping threads took: 0,0000314 seconds
2017-05-23T09:26:12.157+0200: 4207,718: Total time for which application threads were stopped: 0,0049574 seconds, Stopping threads took: 0,0048796 seconds
2017-05-23T09:26:12.157+0200: 4207,718: Total time for which application threads were stopped: 0,0000841 seconds, Stopping threads took: 0,0000508 seconds
2017-05-23T09:26:12.157+0200: 4207,718: Total time for which application threads were stopped: 0,0000509 seconds, Stopping threads took: 0,0000202 seconds
2017-05-23T09:26:12.157+0200: 4207,718: Total time for which application threads were stopped: 0,0000471 seconds, Stopping threads took: 0,0000162 seconds
2017-05-23T09:26:12.157+0200: 4207,718: Total time for which application threads were stopped: 0,0000513 seconds, Stopping threads took: 0,0000255 seconds
2017-05-23T09:26:12.159+0200: 4207,720: Total time for which application threads were stopped: 0,0001012 seconds, Stopping threads took: 0,0000228 seconds
2017-05-23T09:26:12.159+0200: 4207,720: Total time for which application threads were stopped: 0,0000654 seconds, Stopping threads took: 0,0000140 seconds
2017-05-23T09:26:12.159+0200: 4207,720: Total time for which application threads were stopped: 0,0000688 seconds, Stopping threads took: 0,0000198 seconds
2017-05-23T09:26:12.159+0200: 4207,720: Total time for which application threads were stopped: 0,0000488 seconds, Stopping threads took: 0,0000117 seconds
2017-05-23T09:26:12.160+0200: 4207,720: Total time for which application threads were stopped: 0,0000620 seconds, Stopping threads took: 0,0000199 seconds
2017-05-23T09:26:12.162+0200: 4207,723: Total time for which application threads were stopped: 0,0001008 seconds, Stopping threads took: 0,0000480 seconds
2017-05-23T09:26:12.162+0200: 4207,723: Total time for which application threads were stopped: 0,0000437 seconds, Stopping threads took: 0,0000209 seconds
2017-05-23T09:26:12.165+0200: 4207,726: Total time for which application threads were stopped: 0,0000784 seconds, Stopping threads took: 0,0000264 seconds
2017-05-23T09:26:12.165+0200: 4207,726: Total time for which application threads were stopped: 0,0000442 seconds, Stopping threads took: 0,0000200 seconds
2017-05-23T09:26:12.165+0200: 4207,726: Total time for which application threads were stopped: 0,0000328 seconds, Stopping threads took: 0,0000124 seconds
2017-05-23T09:26:12.165+0200: 4207,726: Total time for which application threads were stopped: 0,0000328 seconds, Stopping threads took: 0,0000132 seconds
2017-05-23T09:26:12.166+0200: 4207,727: Total time for which application threads were stopped: 0,0000746 seconds, Stopping threads took: 0,0000351 seconds
2017-05-23T09:26:12.166+0200: 4207,727: Total time for which application threads were stopped: 0,0000484 seconds, Stopping threads took: 0,0000214 seconds
2017-05-23T09:26:12.166+0200: 4207,727: Total time for which application threads were stopped: 0,0000371 seconds, Stopping threads took: 0,0000167 seconds
2017-05-23T09:26:12.167+0200: 4207,728: Total time for which application threads were stopped: 0,0000437 seconds, Stopping threads took: 0,0000158 seconds
2017-05-23T09:26:12.167+0200: 4207,728: Total time for which application threads were stopped: 0,0000443 seconds, Stopping threads took: 0,0000230 seconds
2017-05-23T09:26:12.167+0200: 4207,728: Total time for which application threads were stopped: 0,0000364 seconds, Stopping threads took: 0,0000083 seconds
2017-05-23T09:26:12.167+0200: 4207,728: Total time for which application threads were stopped: 0,0000516 seconds, Stopping threads took: 0,0000245 seconds
2017-05-23T09:26:12.167+0200: 4207,728: Total time for which application threads were stopped: 0,0000386 seconds, Stopping threads took: 0,0000180 seconds
2017-05-23T09:26:12.167+0200: 4207,728: Total time for which application threads were stopped: 0,0000327 seconds, Stopping threads took: 0,0000129 seconds
2017-05-23T09:26:12.167+0200: 4207,728: Total time for which application threads were stopped: 0,0000437 seconds, Stopping threads took: 0,0000164 seconds
2017-05-23T09:26:12.167+0200: 4207,728: Total time for which application threads were stopped: 0,0000283 seconds, Stopping threads took: 0,0000074 seconds
2017-05-23T09:26:12.167+0200: 4207,728: Total time for which application threads were stopped: 0,0000302 seconds, Stopping threads took: 0,0000091 seconds
2017-05-23T09:26:12.167+0200: 4207,728: Total time for which application threads were stopped: 0,0000417 seconds, Stopping threads took: 0,0000174 seconds
2017-05-23T09:26:12.168+0200: 4207,728: Total time for which application threads were stopped: 0,0000387 seconds, Stopping threads took: 0,0000147 seconds
2017-05-23T09:26:12.168+0200: 4207,728: Total time for which application threads were stopped: 0,0000363 seconds, Stopping threads took: 0,0000161 seconds
2017-05-23T09:26:12.168+0200: 4207,729: Total time for which application threads were stopped: 0,0001610 seconds, Stopping threads took: 0,0000342 seconds
2017-05-23T09:26:12.169+0200: 4207,730: Total time for which application threads were stopped: 0,0002673 seconds, Stopping threads took: 0,0000372 seconds
2017-05-23T09:26:12.176+0200: 4207,737: Total time for which application threads were stopped: 0,0000709 seconds, Stopping threads took: 0,0000234 seconds
2017-05-23T09:26:12.177+0200: 4207,737: Total time for which application threads were stopped: 0,0000548 seconds, Stopping threads took: 0,0000100 seconds
Heap
 par new generation   total 109248K, used 34269K [0x00000000e0000000, 0x00000000e8000000, 0x00000000e8000000)
  eden space 87424K,  22% used [0x00000000e0000000, 0x00000000e1388968, 0x00000000e5560000)
  from space 21824K,  65% used [0x00000000e5560000, 0x00000000e634ed38, 0x00000000e6ab0000)
  to   space 21824K,   0% used [0x00000000e6ab0000, 0x00000000e6ab0000, 0x00000000e8000000)
 concurrent mark-sweep generation total 393216K, used 7379K [0x00000000e8000000, 0x0000000100000000, 0x0000000100000000)
 Metaspace       used 28207K, capacity 28688K, committed 29052K, reserved 1075200K
  class space    used 3224K, capacity 3389K, committed 3452K, reserved 1048576K
