OpenJDK 64-Bit Server VM (25.131-b11) for linux-amd64 JRE (1.8.0_131-8u131-b11-2ubuntu1.16.04.3-b11), built on Jul 28 2017 01:23:32 by "buildd" with gcc 5.4.0 20160609
Memory: 4k page, physical 7867732k(7396448k free), swap 8076284k(8076284k free)
CommandLine flags: -XX:CMSInitiatingOccupancyFraction=50 -XX:CMSMaxAbortablePrecleanTime=6000 -XX:+CMSParallelRemarkEnabled -XX:+CMSScavengeBeforeRemark -XX:ConcGCThreads=4 -XX:InitialHeapSize=536870912 -XX:MaxHeapSize=536870912 -XX:MaxTenuringThreshold=8 -XX:NewRatio=3 -XX:OldPLABSize=16 -XX:OnOutOfMemoryError=/opt/solr/bin/oom_solr.sh 8983 /var/solr/logs -XX:ParallelGCThreads=4 -XX:+ParallelRefProcEnabled -XX:PretenureSizeThreshold=67108864 -XX:+PrintGC -XX:+PrintGCApplicationStoppedTime -XX:+PrintGCDateStamps -XX:+PrintGCDetails -XX:+PrintGCTimeStamps -XX:+PrintHeapAtGC -XX:+PrintTenuringDistribution -XX:SurvivorRatio=4 -XX:TargetSurvivorRatio=90 -XX:ThreadStackSize=256 -XX:+UseCMSInitiatingOccupancyOnly -XX:+UseCompressedClassPointers -XX:+UseCompressedOops -XX:+UseConcMarkSweepGC -XX:+UseParNewGC 
2017-08-27T10:36:59.626+0200: 0,163: Total time for which application threads were stopped: 0,0000753 seconds, Stopping threads took: 0,0000102 seconds
2017-08-27T10:36:59.719+0200: 0,255: Total time for which application threads were stopped: 0,0000929 seconds, Stopping threads took: 0,0000172 seconds
2017-08-27T10:36:59.737+0200: 0,273: Total time for which application threads were stopped: 0,0000980 seconds, Stopping threads took: 0,0000285 seconds
2017-08-27T10:36:59.955+0200: 0,491: Total time for which application threads were stopped: 0,0001513 seconds, Stopping threads took: 0,0000185 seconds
2017-08-27T10:37:00.399+0200: 0,935: Total time for which application threads were stopped: 0,0001559 seconds, Stopping threads took: 0,0000199 seconds
2017-08-27T10:37:00.525+0200: 1,061: Total time for which application threads were stopped: 0,0001732 seconds, Stopping threads took: 0,0000284 seconds
2017-08-27T10:37:00.572+0200: 1,109: Total time for which application threads were stopped: 0,0001824 seconds, Stopping threads took: 0,0000224 seconds
2017-08-27T10:37:00.881+0200: 1,417: Total time for which application threads were stopped: 0,0001618 seconds, Stopping threads took: 0,0000228 seconds
2017-08-27T10:37:01.120+0200: 1,656: Total time for which application threads were stopped: 0,0002422 seconds, Stopping threads took: 0,0000374 seconds
2017-08-27T10:37:01.149+0200: 1,685: Total time for which application threads were stopped: 0,0001612 seconds, Stopping threads took: 0,0000225 seconds
2017-08-27T10:37:01.184+0200: 1,720: Total time for which application threads were stopped: 0,0002186 seconds, Stopping threads took: 0,0000270 seconds
2017-08-27T10:37:01.185+0200: 1,721: Total time for which application threads were stopped: 0,0001798 seconds, Stopping threads took: 0,0000248 seconds
2017-08-27T10:37:01.203+0200: 1,740: Total time for which application threads were stopped: 0,0002017 seconds, Stopping threads took: 0,0000268 seconds
2017-08-27T10:37:01.301+0200: 1,837: Total time for which application threads were stopped: 0,0002345 seconds, Stopping threads took: 0,0000283 seconds
2017-08-27T10:37:01.467+0200: 2,003: Total time for which application threads were stopped: 0,0002557 seconds, Stopping threads took: 0,0000294 seconds
{Heap before GC invocations=0 (full 0):
 par new generation   total 109248K, used 87424K [0x00000000e0000000, 0x00000000e8000000, 0x00000000e8000000)
  eden space 87424K, 100% used [0x00000000e0000000, 0x00000000e5560000, 0x00000000e5560000)
  from space 21824K,   0% used [0x00000000e5560000, 0x00000000e5560000, 0x00000000e6ab0000)
  to   space 21824K,   0% used [0x00000000e6ab0000, 0x00000000e6ab0000, 0x00000000e8000000)
 concurrent mark-sweep generation total 393216K, used 0K [0x00000000e8000000, 0x0000000100000000, 0x0000000100000000)
 Metaspace       used 18037K, capacity 18336K, committed 18688K, reserved 1064960K
  class space    used 2037K, capacity 2196K, committed 2304K, reserved 1048576K
2017-08-27T10:37:01.567+0200: 2,104: [GC (Allocation Failure) 2017-08-27T10:37:01.567+0200: 2,104: [ParNew
Desired survivor size 20112992 bytes, new threshold 8 (max 8)
- age   1:   12634456 bytes,   12634456 total
: 87424K->12453K(109248K), 0,0158056 secs] 87424K->12453K(502464K), 0,0158986 secs] [Times: user=0,01 sys=0,05, real=0,02 secs] 
Heap after GC invocations=1 (full 0):
 par new generation   total 109248K, used 12453K [0x00000000e0000000, 0x00000000e8000000, 0x00000000e8000000)
  eden space 87424K,   0% used [0x00000000e0000000, 0x00000000e0000000, 0x00000000e5560000)
  from space 21824K,  57% used [0x00000000e6ab0000, 0x00000000e76d97b8, 0x00000000e8000000)
  to   space 21824K,   0% used [0x00000000e5560000, 0x00000000e5560000, 0x00000000e6ab0000)
 concurrent mark-sweep generation total 393216K, used 0K [0x00000000e8000000, 0x0000000100000000, 0x0000000100000000)
 Metaspace       used 18037K, capacity 18336K, committed 18688K, reserved 1064960K
  class space    used 2037K, capacity 2196K, committed 2304K, reserved 1048576K
}
2017-08-27T10:37:01.583+0200: 2,119: Total time for which application threads were stopped: 0,0165023 seconds, Stopping threads took: 0,0003326 seconds
2017-08-27T10:37:01.873+0200: 2,410: Total time for which application threads were stopped: 0,0003668 seconds, Stopping threads took: 0,0001180 seconds
2017-08-27T10:37:01.917+0200: 2,454: Total time for which application threads were stopped: 0,0004117 seconds, Stopping threads took: 0,0000808 seconds
{Heap before GC invocations=1 (full 0):
 par new generation   total 109248K, used 99877K [0x00000000e0000000, 0x00000000e8000000, 0x00000000e8000000)
  eden space 87424K, 100% used [0x00000000e0000000, 0x00000000e5560000, 0x00000000e5560000)
  from space 21824K,  57% used [0x00000000e6ab0000, 0x00000000e76d97b8, 0x00000000e8000000)
  to   space 21824K,   0% used [0x00000000e5560000, 0x00000000e5560000, 0x00000000e6ab0000)
 concurrent mark-sweep generation total 393216K, used 0K [0x00000000e8000000, 0x0000000100000000, 0x0000000100000000)
 Metaspace       used 20064K, capacity 20412K, committed 20736K, reserved 1067008K
  class space    used 2294K, capacity 2464K, committed 2560K, reserved 1048576K
2017-08-27T10:37:01.926+0200: 2,462: [GC (Allocation Failure) 2017-08-27T10:37:01.926+0200: 2,462: [ParNew
Desired survivor size 20112992 bytes, new threshold 8 (max 8)
- age   1:    3694312 bytes,    3694312 total
- age   2:    6675728 bytes,   10370040 total
: 99877K->11730K(109248K), 0,0123332 secs] 99877K->11730K(502464K), 0,0124040 secs] [Times: user=0,05 sys=0,00, real=0,01 secs] 
Heap after GC invocations=2 (full 0):
 par new generation   total 109248K, used 11730K [0x00000000e0000000, 0x00000000e8000000, 0x00000000e8000000)
  eden space 87424K,   0% used [0x00000000e0000000, 0x00000000e0000000, 0x00000000e5560000)
  from space 21824K,  53% used [0x00000000e5560000, 0x00000000e60d49e0, 0x00000000e6ab0000)
  to   space 21824K,   0% used [0x00000000e6ab0000, 0x00000000e6ab0000, 0x00000000e8000000)
 concurrent mark-sweep generation total 393216K, used 0K [0x00000000e8000000, 0x0000000100000000, 0x0000000100000000)
 Metaspace       used 20064K, capacity 20412K, committed 20736K, reserved 1067008K
  class space    used 2294K, capacity 2464K, committed 2560K, reserved 1048576K
}
2017-08-27T10:37:01.938+0200: 2,475: Total time for which application threads were stopped: 0,0125868 seconds, Stopping threads took: 0,0000415 seconds
2017-08-27T10:37:01.977+0200: 2,513: Total time for which application threads were stopped: 0,0011426 seconds, Stopping threads took: 0,0008734 seconds
2017-08-27T10:37:02.091+0200: 2,627: Total time for which application threads were stopped: 0,0002730 seconds, Stopping threads took: 0,0001678 seconds
{Heap before GC invocations=2 (full 0):
 par new generation   total 109248K, used 99154K [0x00000000e0000000, 0x00000000e8000000, 0x00000000e8000000)
  eden space 87424K, 100% used [0x00000000e0000000, 0x00000000e5560000, 0x00000000e5560000)
  from space 21824K,  53% used [0x00000000e5560000, 0x00000000e60d49e0, 0x00000000e6ab0000)
  to   space 21824K,   0% used [0x00000000e6ab0000, 0x00000000e6ab0000, 0x00000000e8000000)
 concurrent mark-sweep generation total 393216K, used 0K [0x00000000e8000000, 0x0000000100000000, 0x0000000100000000)
 Metaspace       used 20970K, capacity 21270K, committed 21628K, reserved 1069056K
  class space    used 2414K, capacity 2583K, committed 2684K, reserved 1048576K
2017-08-27T10:37:02.134+0200: 2,670: [GC (Allocation Failure) 2017-08-27T10:37:02.134+0200: 2,670: [ParNew
Desired survivor size 20112992 bytes, new threshold 8 (max 8)
- age   1:    2001632 bytes,    2001632 total
- age   2:     856736 bytes,    2858368 total
- age   3:    6674664 bytes,    9533032 total
: 99154K->14325K(109248K), 0,0095689 secs] 99154K->14325K(502464K), 0,0096479 secs] [Times: user=0,03 sys=0,00, real=0,01 secs] 
Heap after GC invocations=3 (full 0):
 par new generation   total 109248K, used 14325K [0x00000000e0000000, 0x00000000e8000000, 0x00000000e8000000)
  eden space 87424K,   0% used [0x00000000e0000000, 0x00000000e0000000, 0x00000000e5560000)
  from space 21824K,  65% used [0x00000000e6ab0000, 0x00000000e78ad610, 0x00000000e8000000)
  to   space 21824K,   0% used [0x00000000e5560000, 0x00000000e5560000, 0x00000000e6ab0000)
 concurrent mark-sweep generation total 393216K, used 0K [0x00000000e8000000, 0x0000000100000000, 0x0000000100000000)
 Metaspace       used 20970K, capacity 21270K, committed 21628K, reserved 1069056K
  class space    used 2414K, capacity 2583K, committed 2684K, reserved 1048576K
}
2017-08-27T10:37:02.143+0200: 2,680: Total time for which application threads were stopped: 0,0098695 seconds, Stopping threads took: 0,0000636 seconds
2017-08-27T10:37:02.144+0200: 2,680: [GC (CMS Initial Mark) [1 CMS-initial-mark: 0K(393216K)] 15038K(502464K), 0,0046349 secs] [Times: user=0,01 sys=0,00, real=0,00 secs] 
2017-08-27T10:37:02.149+0200: 2,685: Total time for which application threads were stopped: 0,0047780 seconds, Stopping threads took: 0,0000404 seconds
2017-08-27T10:37:02.149+0200: 2,685: [CMS-concurrent-mark-start]
2017-08-27T10:37:02.149+0200: 2,686: [CMS-concurrent-mark: 0,001/0,001 secs] [Times: user=0,00 sys=0,00, real=0,00 secs] 
2017-08-27T10:37:02.149+0200: 2,686: [CMS-concurrent-preclean-start]
2017-08-27T10:37:02.151+0200: 2,687: [CMS-concurrent-preclean: 0,001/0,001 secs] [Times: user=0,01 sys=0,00, real=0,00 secs] 
2017-08-27T10:37:02.151+0200: 2,687: [CMS-concurrent-abortable-preclean-start]
2017-08-27T10:37:02.229+0200: 2,765: Total time for which application threads were stopped: 0,0001758 seconds, Stopping threads took: 0,0000728 seconds
{Heap before GC invocations=3 (full 1):
 par new generation   total 109248K, used 101749K [0x00000000e0000000, 0x00000000e8000000, 0x00000000e8000000)
  eden space 87424K, 100% used [0x00000000e0000000, 0x00000000e5560000, 0x00000000e5560000)
  from space 21824K,  65% used [0x00000000e6ab0000, 0x00000000e78ad610, 0x00000000e8000000)
  to   space 21824K,   0% used [0x00000000e5560000, 0x00000000e5560000, 0x00000000e6ab0000)
 concurrent mark-sweep generation total 393216K, used 0K [0x00000000e8000000, 0x0000000100000000, 0x0000000100000000)
 Metaspace       used 21267K, capacity 21608K, committed 21884K, reserved 1069056K
  class space    used 2446K, capacity 2598K, committed 2684K, reserved 1048576K
2017-08-27T10:37:02.279+0200: 2,815: [GC (Allocation Failure) 2017-08-27T10:37:02.279+0200: 2,815: [ParNew
Desired survivor size 20112992 bytes, new threshold 8 (max 8)
- age   1:    1395624 bytes,    1395624 total
- age   2:    1463664 bytes,    2859288 total
- age   3:     823320 bytes,    3682608 total
- age   4:    6672136 bytes,   10354744 total
: 101749K->11785K(109248K), 0,0109276 secs] 101749K->11785K(502464K), 0,0109947 secs] [Times: user=0,04 sys=0,00, real=0,01 secs] 
Heap after GC invocations=4 (full 1):
 par new generation   total 109248K, used 11785K [0x00000000e0000000, 0x00000000e8000000, 0x00000000e8000000)
  eden space 87424K,   0% used [0x00000000e0000000, 0x00000000e0000000, 0x00000000e5560000)
  from space 21824K,  54% used [0x00000000e5560000, 0x00000000e60e25e0, 0x00000000e6ab0000)
  to   space 21824K,   0% used [0x00000000e6ab0000, 0x00000000e6ab0000, 0x00000000e8000000)
 concurrent mark-sweep generation total 393216K, used 0K [0x00000000e8000000, 0x0000000100000000, 0x0000000100000000)
 Metaspace       used 21267K, capacity 21608K, committed 21884K, reserved 1069056K
  class space    used 2446K, capacity 2598K, committed 2684K, reserved 1048576K
}
2017-08-27T10:37:02.290+0200: 2,826: Total time for which application threads were stopped: 0,0112150 seconds, Stopping threads took: 0,0000833 seconds
2017-08-27T10:37:02.290+0200: 2,826: [CMS-concurrent-abortable-preclean: 0,079/0,139 secs] [Times: user=0,53 sys=0,00, real=0,14 secs] 
2017-08-27T10:37:02.300+0200: 2,837: [GC (CMS Final Remark) [YG occupancy: 23714 K (109248 K)]{Heap before GC invocations=4 (full 1):
 par new generation   total 109248K, used 23714K [0x00000000e0000000, 0x00000000e8000000, 0x00000000e8000000)
  eden space 87424K,  13% used [0x00000000e0000000, 0x00000000e0ba64c0, 0x00000000e5560000)
  from space 21824K,  54% used [0x00000000e5560000, 0x00000000e60e25e0, 0x00000000e6ab0000)
  to   space 21824K,   0% used [0x00000000e6ab0000, 0x00000000e6ab0000, 0x00000000e8000000)
 concurrent mark-sweep generation total 393216K, used 0K [0x00000000e8000000, 0x0000000100000000, 0x0000000100000000)
 Metaspace       used 21270K, capacity 21608K, committed 21884K, reserved 1069056K
  class space    used 2446K, capacity 2598K, committed 2684K, reserved 1048576K
2017-08-27T10:37:02.300+0200: 2,837: [GC (CMS Final Remark) 2017-08-27T10:37:02.300+0200: 2,837: [ParNew
Desired survivor size 20112992 bytes, new threshold 8 (max 8)
- age   1:     334496 bytes,     334496 total
- age   2:     674264 bytes,    1008760 total
- age   3:    1463544 bytes,    2472304 total
- age   4:     823320 bytes,    3295624 total
- age   5:    6671832 bytes,    9967456 total
: 23714K->15334K(109248K), 0,0133155 secs] 23714K->15334K(502464K), 0,0133712 secs] [Times: user=0,04 sys=0,00, real=0,01 secs] 
Heap after GC invocations=5 (full 1):
 par new generation   total 109248K, used 15334K [0x00000000e0000000, 0x00000000e8000000, 0x00000000e8000000)
  eden space 87424K,   0% used [0x00000000e0000000, 0x00000000e0000000, 0x00000000e5560000)
  from space 21824K,  70% used [0x00000000e6ab0000, 0x00000000e79a9830, 0x00000000e8000000)
  to   space 21824K,   0% used [0x00000000e5560000, 0x00000000e5560000, 0x00000000e6ab0000)
 concurrent mark-sweep generation total 393216K, used 0K [0x00000000e8000000, 0x0000000100000000, 0x0000000100000000)
 Metaspace       used 21270K, capacity 21608K, committed 21884K, reserved 1069056K
  class space    used 2446K, capacity 2598K, committed 2684K, reserved 1048576K
}
2017-08-27T10:37:02.314+0200: 2,850: [Rescan (parallel) , 0,0039837 secs]2017-08-27T10:37:02.318+0200: 2,854: [weak refs processing, 0,0010879 secs]2017-08-27T10:37:02.319+0200: 2,855: [class unloading, 0,0027895 secs]2017-08-27T10:37:02.322+0200: 2,858: [scrub symbol table, 0,0026403 secs]2017-08-27T10:37:02.324+0200: 2,861: [scrub string table, 0,0003692 secs][1 CMS-remark: 0K(393216K)] 15334K(502464K), 0,0249413 secs] [Times: user=0,06 sys=0,00, real=0,02 secs] 
2017-08-27T10:37:02.325+0200: 2,862: Total time for which application threads were stopped: 0,0251049 seconds, Stopping threads took: 0,0000712 seconds
2017-08-27T10:37:02.326+0200: 2,862: [CMS-concurrent-sweep-start]
2017-08-27T10:37:02.326+0200: 2,862: [CMS-concurrent-sweep: 0,000/0,000 secs] [Times: user=0,00 sys=0,00, real=0,00 secs] 
2017-08-27T10:37:02.326+0200: 2,862: [CMS-concurrent-reset-start]
2017-08-27T10:37:02.328+0200: 2,865: [CMS-concurrent-reset: 0,003/0,003 secs] [Times: user=0,00 sys=0,00, real=0,00 secs] 
{Heap before GC invocations=5 (full 1):
 par new generation   total 109248K, used 102758K [0x00000000e0000000, 0x00000000e8000000, 0x00000000e8000000)
  eden space 87424K, 100% used [0x00000000e0000000, 0x00000000e5560000, 0x00000000e5560000)
  from space 21824K,  70% used [0x00000000e6ab0000, 0x00000000e79a9830, 0x00000000e8000000)
  to   space 21824K,   0% used [0x00000000e5560000, 0x00000000e5560000, 0x00000000e6ab0000)
 concurrent mark-sweep generation total 393216K, used 0K [0x00000000e8000000, 0x0000000100000000, 0x0000000100000000)
 Metaspace       used 21462K, capacity 21844K, committed 22140K, reserved 1069056K
  class space    used 2472K, capacity 2632K, committed 2684K, reserved 1048576K
2017-08-27T10:37:02.420+0200: 2,956: [GC (Allocation Failure) 2017-08-27T10:37:02.420+0200: 2,956: [ParNew
Desired survivor size 20112992 bytes, new threshold 8 (max 8)
- age   1:     668176 bytes,     668176 total
- age   2:      19896 bytes,     688072 total
- age   3:     180760 bytes,     868832 total
- age   4:    1461568 bytes,    2330400 total
- age   5:     821384 bytes,    3151784 total
- age   6:    6671800 bytes,    9823584 total
: 102758K->12716K(109248K), 0,0108731 secs] 102758K->12716K(502464K), 0,0109480 secs] [Times: user=0,04 sys=0,00, real=0,01 secs] 
Heap after GC invocations=6 (full 1):
 par new generation   total 109248K, used 12716K [0x00000000e0000000, 0x00000000e8000000, 0x00000000e8000000)
  eden space 87424K,   0% used [0x00000000e0000000, 0x00000000e0000000, 0x00000000e5560000)
  from space 21824K,  58% used [0x00000000e5560000, 0x00000000e61cb058, 0x00000000e6ab0000)
  to   space 21824K,   0% used [0x00000000e6ab0000, 0x00000000e6ab0000, 0x00000000e8000000)
 concurrent mark-sweep generation total 393216K, used 0K [0x00000000e8000000, 0x0000000100000000, 0x0000000100000000)
 Metaspace       used 21462K, capacity 21844K, committed 22140K, reserved 1069056K
  class space    used 2472K, capacity 2632K, committed 2684K, reserved 1048576K
}
2017-08-27T10:37:02.431+0200: 2,967: Total time for which application threads were stopped: 0,0111641 seconds, Stopping threads took: 0,0000699 seconds
2017-08-27T10:37:02.454+0200: 2,990: Total time for which application threads were stopped: 0,0003806 seconds, Stopping threads took: 0,0000275 seconds
2017-08-27T10:37:02.728+0200: 3,264: Total time for which application threads were stopped: 0,0004620 seconds, Stopping threads took: 0,0000190 seconds
2017-08-27T10:37:02.741+0200: 3,278: Total time for which application threads were stopped: 0,0004107 seconds, Stopping threads took: 0,0000375 seconds
2017-08-27T10:37:02.915+0200: 3,452: Total time for which application threads were stopped: 0,0002171 seconds, Stopping threads took: 0,0000770 seconds
{Heap before GC invocations=6 (full 1):
 par new generation   total 109248K, used 106698K [0x00000000e0000000, 0x00000000e8000000, 0x00000000e8000000)
  eden space 87424K, 100% used [0x00000000e0000000, 0x00000000e5560000, 0x00000000e5560000)
  from space 21824K,  88% used [0x00000000e5560000, 0x00000000e68328c0, 0x00000000e6ab0000)
  to   space 21824K,   0% used [0x00000000e6ab0000, 0x00000000e6ab0000, 0x00000000e8000000)
 concurrent mark-sweep generation total 393216K, used 0K [0x00000000e8000000, 0x0000000100000000, 0x0000000100000000)
 Metaspace       used 23934K, capacity 24436K, committed 24572K, reserved 1071104K
  class space    used 2814K, capacity 3006K, committed 3068K, reserved 1048576K
2017-08-27T10:37:02.924+0200: 3,461: [GC (GCLocker Initiated GC) 2017-08-27T10:37:02.924+0200: 3,461: [ParNew
Desired survivor size 20112992 bytes, new threshold 8 (max 8)
- age   1:    5167800 bytes,    5167800 total
- age   2:     186280 bytes,    5354080 total
- age   3:      19896 bytes,    5373976 total
- age   4:     180088 bytes,    5554064 total
- age   5:     293416 bytes,    5847480 total
- age   6:     797056 bytes,    6644536 total
- age   7:    6663592 bytes,   13308128 total
: 106698K->15448K(109248K), 0,0125611 secs] 106698K->15448K(502464K), 0,0126242 secs] [Times: user=0,05 sys=0,00, real=0,01 secs] 
Heap after GC invocations=7 (full 1):
 par new generation   total 109248K, used 15448K [0x00000000e0000000, 0x00000000e8000000, 0x00000000e8000000)
  eden space 87424K,   0% used [0x00000000e0000000, 0x00000000e0000000, 0x00000000e5560000)
  from space 21824K,  70% used [0x00000000e6ab0000, 0x00000000e79c6380, 0x00000000e8000000)
  to   space 21824K,   0% used [0x00000000e5560000, 0x00000000e5560000, 0x00000000e6ab0000)
 concurrent mark-sweep generation total 393216K, used 0K [0x00000000e8000000, 0x0000000100000000, 0x0000000100000000)
 Metaspace       used 23934K, capacity 24436K, committed 24572K, reserved 1071104K
  class space    used 2814K, capacity 3006K, committed 3068K, reserved 1048576K
}
2017-08-27T10:37:02.937+0200: 3,473: Total time for which application threads were stopped: 0,0127885 seconds, Stopping threads took: 0,0000248 seconds
{Heap before GC invocations=7 (full 1):
 par new generation   total 109248K, used 102872K [0x00000000e0000000, 0x00000000e8000000, 0x00000000e8000000)
  eden space 87424K, 100% used [0x00000000e0000000, 0x00000000e5560000, 0x00000000e5560000)
  from space 21824K,  70% used [0x00000000e6ab0000, 0x00000000e79c6380, 0x00000000e8000000)
  to   space 21824K,   0% used [0x00000000e5560000, 0x00000000e5560000, 0x00000000e6ab0000)
 concurrent mark-sweep generation total 393216K, used 0K [0x00000000e8000000, 0x0000000100000000, 0x0000000100000000)
 Metaspace       used 24434K, capacity 24868K, committed 25084K, reserved 1071104K
  class space    used 2857K, capacity 3041K, committed 3068K, reserved 1048576K
2017-08-27T10:37:03.026+0200: 3,562: [GC (Allocation Failure) 2017-08-27T10:37:03.026+0200: 3,562: [ParNew
Desired survivor size 20112992 bytes, new threshold 8 (max 8)
- age   1:    1774720 bytes,    1774720 total
- age   2:    1809552 bytes,    3584272 total
- age   3:      93176 bytes,    3677448 total
- age   4:      11784 bytes,    3689232 total
- age   5:      96008 bytes,    3785240 total
- age   6:     189280 bytes,    3974520 total
- age   7:     763008 bytes,    4737528 total
- age   8:    6130456 bytes,   10867984 total
: 102872K->16403K(109248K), 0,0108248 secs] 102872K->16403K(502464K), 0,0109077 secs] [Times: user=0,04 sys=0,00, real=0,01 secs] 
Heap after GC invocations=8 (full 1):
 par new generation   total 109248K, used 16403K [0x00000000e0000000, 0x00000000e8000000, 0x00000000e8000000)
  eden space 87424K,   0% used [0x00000000e0000000, 0x00000000e0000000, 0x00000000e5560000)
  from space 21824K,  75% used [0x00000000e5560000, 0x00000000e6564d00, 0x00000000e6ab0000)
  to   space 21824K,   0% used [0x00000000e6ab0000, 0x00000000e6ab0000, 0x00000000e8000000)
 concurrent mark-sweep generation total 393216K, used 0K [0x00000000e8000000, 0x0000000100000000, 0x0000000100000000)
 Metaspace       used 24434K, capacity 24868K, committed 25084K, reserved 1071104K
  class space    used 2857K, capacity 3041K, committed 3068K, reserved 1048576K
}
2017-08-27T10:37:03.037+0200: 3,573: Total time for which application threads were stopped: 0,0112605 seconds, Stopping threads took: 0,0001664 seconds
{Heap before GC invocations=8 (full 1):
 par new generation   total 109248K, used 103827K [0x00000000e0000000, 0x00000000e8000000, 0x00000000e8000000)
  eden space 87424K, 100% used [0x00000000e0000000, 0x00000000e5560000, 0x00000000e5560000)
  from space 21824K,  75% used [0x00000000e5560000, 0x00000000e6564d00, 0x00000000e6ab0000)
  to   space 21824K,   0% used [0x00000000e6ab0000, 0x00000000e6ab0000, 0x00000000e8000000)
 concurrent mark-sweep generation total 393216K, used 0K [0x00000000e8000000, 0x0000000100000000, 0x0000000100000000)
 Metaspace       used 25029K, capacity 25492K, committed 25724K, reserved 1071104K
  class space    used 2905K, capacity 3076K, committed 3196K, reserved 1048576K
2017-08-27T10:37:03.164+0200: 3,701: [GC (Allocation Failure) 2017-08-27T10:37:03.164+0200: 3,701: [ParNew
Desired survivor size 20112992 bytes, new threshold 8 (max 8)
- age   1:    1351976 bytes,    1351976 total
- age   2:     584968 bytes,    1936944 total
- age   3:    1784328 bytes,    3721272 total
- age   4:      93088 bytes,    3814360 total
- age   5:      11784 bytes,    3826144 total
- age   6:      93200 bytes,    3919344 total
- age   7:     185992 bytes,    4105336 total
- age   8:     761504 bytes,    4866840 total
: 103827K->8080K(109248K), 0,0288368 secs] 103827K->14149K(502464K), 0,0289022 secs] [Times: user=0,09 sys=0,00, real=0,03 secs] 
Heap after GC invocations=9 (full 1):
 par new generation   total 109248K, used 8080K [0x00000000e0000000, 0x00000000e8000000, 0x00000000e8000000)
  eden space 87424K,   0% used [0x00000000e0000000, 0x00000000e0000000, 0x00000000e5560000)
  from space 21824K,  37% used [0x00000000e6ab0000, 0x00000000e7294320, 0x00000000e8000000)
  to   space 21824K,   0% used [0x00000000e5560000, 0x00000000e5560000, 0x00000000e6ab0000)
 concurrent mark-sweep generation total 393216K, used 6069K [0x00000000e8000000, 0x0000000100000000, 0x0000000100000000)
 Metaspace       used 25029K, capacity 25492K, committed 25724K, reserved 1071104K
  class space    used 2905K, capacity 3076K, committed 3196K, reserved 1048576K
}
2017-08-27T10:37:03.193+0200: 3,730: Total time for which application threads were stopped: 0,0323985 seconds, Stopping threads took: 0,0033355 seconds
2017-08-27T10:37:03.461+0200: 3,997: Total time for which application threads were stopped: 0,0004196 seconds, Stopping threads took: 0,0000209 seconds
2017-08-27T10:37:03.520+0200: 4,057: Total time for which application threads were stopped: 0,0005339 seconds, Stopping threads took: 0,0000397 seconds
2017-08-27T10:37:03.523+0200: 4,059: Total time for which application threads were stopped: 0,0006139 seconds, Stopping threads took: 0,0000819 seconds
2017-08-27T10:37:03.540+0200: 4,077: Total time for which application threads were stopped: 0,0009399 seconds, Stopping threads took: 0,0008424 seconds
2017-08-27T10:37:03.541+0200: 4,077: Total time for which application threads were stopped: 0,0004486 seconds, Stopping threads took: 0,0000126 seconds
2017-08-27T10:37:03.552+0200: 4,089: Total time for which application threads were stopped: 0,0031094 seconds, Stopping threads took: 0,0029565 seconds
2017-08-27T10:37:03.558+0200: 4,094: Total time for which application threads were stopped: 0,0002647 seconds, Stopping threads took: 0,0001640 seconds
2017-08-27T10:37:03.558+0200: 4,094: Total time for which application threads were stopped: 0,0001034 seconds, Stopping threads took: 0,0000176 seconds
2017-08-27T10:37:03.559+0200: 4,095: Total time for which application threads were stopped: 0,0001342 seconds, Stopping threads took: 0,0000354 seconds
2017-08-27T10:37:03.601+0200: 4,138: Total time for which application threads were stopped: 0,0001198 seconds, Stopping threads took: 0,0000290 seconds
2017-08-27T10:37:03.603+0200: 4,139: Total time for which application threads were stopped: 0,0000897 seconds, Stopping threads took: 0,0000174 seconds
2017-08-27T10:37:03.604+0200: 4,140: Total time for which application threads were stopped: 0,0001241 seconds, Stopping threads took: 0,0000219 seconds
2017-08-27T10:37:03.605+0200: 4,141: Total time for which application threads were stopped: 0,0001082 seconds, Stopping threads took: 0,0000335 seconds
2017-08-27T10:37:03.609+0200: 4,145: Total time for which application threads were stopped: 0,0001067 seconds, Stopping threads took: 0,0000316 seconds
2017-08-27T10:37:03.612+0200: 4,148: Total time for which application threads were stopped: 0,0003459 seconds, Stopping threads took: 0,0000157 seconds
2017-08-27T10:37:03.612+0200: 4,149: Total time for which application threads were stopped: 0,0001252 seconds, Stopping threads took: 0,0000650 seconds
2017-08-27T10:37:03.615+0200: 4,152: Total time for which application threads were stopped: 0,0001166 seconds, Stopping threads took: 0,0000291 seconds
2017-08-27T10:37:03.616+0200: 4,152: Total time for which application threads were stopped: 0,0001285 seconds, Stopping threads took: 0,0000530 seconds
2017-08-27T10:37:03.617+0200: 4,154: Total time for which application threads were stopped: 0,0000787 seconds, Stopping threads took: 0,0000250 seconds
2017-08-27T10:37:03.625+0200: 4,162: Total time for which application threads were stopped: 0,0038767 seconds, Stopping threads took: 0,0038121 seconds
2017-08-27T10:37:03.627+0200: 4,164: Total time for which application threads were stopped: 0,0000826 seconds, Stopping threads took: 0,0000350 seconds
2017-08-27T10:37:03.633+0200: 4,170: Total time for which application threads were stopped: 0,0001581 seconds, Stopping threads took: 0,0001003 seconds
2017-08-27T10:37:03.634+0200: 4,170: Total time for which application threads were stopped: 0,0000806 seconds, Stopping threads took: 0,0000265 seconds
2017-08-27T10:37:03.634+0200: 4,170: Total time for which application threads were stopped: 0,0000762 seconds, Stopping threads took: 0,0000234 seconds
2017-08-27T10:37:03.635+0200: 4,171: Total time for which application threads were stopped: 0,0000846 seconds, Stopping threads took: 0,0000262 seconds
2017-08-27T10:37:03.636+0200: 4,172: Total time for which application threads were stopped: 0,0001143 seconds, Stopping threads took: 0,0000308 seconds
2017-08-27T10:37:03.636+0200: 4,172: Total time for which application threads were stopped: 0,0000824 seconds, Stopping threads took: 0,0000212 seconds
2017-08-27T10:37:03.636+0200: 4,173: Total time for which application threads were stopped: 0,0000784 seconds, Stopping threads took: 0,0000169 seconds
2017-08-27T10:37:03.636+0200: 4,173: Total time for which application threads were stopped: 0,0001353 seconds, Stopping threads took: 0,0000140 seconds
2017-08-27T10:37:03.637+0200: 4,173: Total time for which application threads were stopped: 0,0000692 seconds, Stopping threads took: 0,0000169 seconds
2017-08-27T10:37:03.637+0200: 4,173: Total time for which application threads were stopped: 0,0000599 seconds, Stopping threads took: 0,0000171 seconds
2017-08-27T10:37:03.637+0200: 4,173: Total time for which application threads were stopped: 0,0000633 seconds, Stopping threads took: 0,0000147 seconds
2017-08-27T10:37:03.637+0200: 4,173: Total time for which application threads were stopped: 0,0000595 seconds, Stopping threads took: 0,0000145 seconds
2017-08-27T10:37:03.637+0200: 4,173: Total time for which application threads were stopped: 0,0000543 seconds, Stopping threads took: 0,0000150 seconds
2017-08-27T10:37:03.637+0200: 4,174: Total time for which application threads were stopped: 0,0000599 seconds, Stopping threads took: 0,0000161 seconds
2017-08-27T10:37:03.638+0200: 4,174: Total time for which application threads were stopped: 0,0000719 seconds, Stopping threads took: 0,0000256 seconds
2017-08-27T10:37:03.641+0200: 4,177: Total time for which application threads were stopped: 0,0006870 seconds, Stopping threads took: 0,0005789 seconds
2017-08-27T10:37:03.643+0200: 4,179: Total time for which application threads were stopped: 0,0001559 seconds, Stopping threads took: 0,0000457 seconds
2017-08-27T10:37:03.644+0200: 4,181: Total time for which application threads were stopped: 0,0001205 seconds, Stopping threads took: 0,0000446 seconds
2017-08-27T10:37:03.648+0200: 4,185: Total time for which application threads were stopped: 0,0015568 seconds, Stopping threads took: 0,0014673 seconds
2017-08-27T10:37:03.652+0200: 4,188: Total time for which application threads were stopped: 0,0037238 seconds, Stopping threads took: 0,0036443 seconds
2017-08-27T10:37:03.653+0200: 4,190: Total time for which application threads were stopped: 0,0004746 seconds, Stopping threads took: 0,0003671 seconds
2017-08-27T10:37:03.654+0200: 4,190: Total time for which application threads were stopped: 0,0001031 seconds, Stopping threads took: 0,0000306 seconds
2017-08-27T10:37:03.654+0200: 4,190: Total time for which application threads were stopped: 0,0001210 seconds, Stopping threads took: 0,0000293 seconds
2017-08-27T10:37:03.655+0200: 4,191: Total time for which application threads were stopped: 0,0001307 seconds, Stopping threads took: 0,0000240 seconds
2017-08-27T10:37:03.656+0200: 4,192: Total time for which application threads were stopped: 0,0015556 seconds, Stopping threads took: 0,0014580 seconds
2017-08-27T10:37:03.656+0200: 4,193: Total time for which application threads were stopped: 0,0000895 seconds, Stopping threads took: 0,0000328 seconds
2017-08-27T10:37:03.657+0200: 4,193: Total time for which application threads were stopped: 0,0001780 seconds, Stopping threads took: 0,0001321 seconds
2017-08-27T10:37:03.657+0200: 4,193: Total time for which application threads were stopped: 0,0001486 seconds, Stopping threads took: 0,0000177 seconds
2017-08-27T10:37:03.659+0200: 4,196: Total time for which application threads were stopped: 0,0001275 seconds, Stopping threads took: 0,0000440 seconds
2017-08-27T10:37:03.662+0200: 4,198: Total time for which application threads were stopped: 0,0001601 seconds, Stopping threads took: 0,0000661 seconds
2017-08-27T10:37:03.687+0200: 4,223: Total time for which application threads were stopped: 0,0001622 seconds, Stopping threads took: 0,0000272 seconds
2017-08-27T10:37:03.793+0200: 4,329: Total time for which application threads were stopped: 0,0347177 seconds, Stopping threads took: 0,0346098 seconds
2017-08-27T10:37:03.837+0200: 4,373: Total time for which application threads were stopped: 0,0006341 seconds, Stopping threads took: 0,0000903 seconds
2017-08-27T10:37:04.837+0200: 5,373: Total time for which application threads were stopped: 0,0000831 seconds, Stopping threads took: 0,0000172 seconds
2017-08-27T10:38:21.853+0200: 82,389: Total time for which application threads were stopped: 0,0000679 seconds, Stopping threads took: 0,0000194 seconds
2017-08-27T10:38:56.857+0200: 117,393: Total time for which application threads were stopped: 0,0000894 seconds, Stopping threads took: 0,0000398 seconds
2017-08-27T10:39:01.857+0200: 122,394: Total time for which application threads were stopped: 0,0001261 seconds, Stopping threads took: 0,0000318 seconds
2017-08-27T10:39:51.913+0200: 172,450: Total time for which application threads were stopped: 0,0007185 seconds, Stopping threads took: 0,0006421 seconds
2017-08-27T10:39:51.915+0200: 172,452: Total time for which application threads were stopped: 0,0001005 seconds, Stopping threads took: 0,0000235 seconds
2017-08-27T10:39:51.943+0200: 172,479: Total time for which application threads were stopped: 0,0006163 seconds, Stopping threads took: 0,0005420 seconds
2017-08-27T10:39:51.962+0200: 172,498: Total time for which application threads were stopped: 0,0000725 seconds, Stopping threads took: 0,0000156 seconds
2017-08-27T10:39:51.962+0200: 172,499: Total time for which application threads were stopped: 0,0000512 seconds, Stopping threads took: 0,0000145 seconds
2017-08-27T10:39:51.962+0200: 172,499: Total time for which application threads were stopped: 0,0000450 seconds, Stopping threads took: 0,0000137 seconds
2017-08-27T10:39:51.964+0200: 172,500: Total time for which application threads were stopped: 0,0000790 seconds, Stopping threads took: 0,0000264 seconds
2017-08-27T10:39:51.964+0200: 172,500: Total time for which application threads were stopped: 0,0000492 seconds, Stopping threads took: 0,0000133 seconds
2017-08-27T10:39:51.964+0200: 172,500: Total time for which application threads were stopped: 0,0000437 seconds, Stopping threads took: 0,0000118 seconds
2017-08-27T10:39:51.964+0200: 172,500: Total time for which application threads were stopped: 0,0000426 seconds, Stopping threads took: 0,0000116 seconds
2017-08-27T10:39:51.964+0200: 172,500: Total time for which application threads were stopped: 0,0000412 seconds, Stopping threads took: 0,0000114 seconds
2017-08-27T10:39:51.964+0200: 172,500: Total time for which application threads were stopped: 0,0000408 seconds, Stopping threads took: 0,0000111 seconds
2017-08-27T10:39:51.976+0200: 172,512: Total time for which application threads were stopped: 0,0065028 seconds, Stopping threads took: 0,0064267 seconds
2017-08-27T10:39:51.978+0200: 172,514: Total time for which application threads were stopped: 0,0001326 seconds, Stopping threads took: 0,0000760 seconds
2017-08-27T10:39:51.978+0200: 172,514: Total time for which application threads were stopped: 0,0000669 seconds, Stopping threads took: 0,0000149 seconds
2017-08-27T10:39:51.982+0200: 172,518: Total time for which application threads were stopped: 0,0001787 seconds, Stopping threads took: 0,0001118 seconds
2017-08-27T10:39:51.984+0200: 172,520: Total time for which application threads were stopped: 0,0008595 seconds, Stopping threads took: 0,0007879 seconds
2017-08-27T10:39:51.984+0200: 172,521: Total time for which application threads were stopped: 0,0000835 seconds, Stopping threads took: 0,0000272 seconds
2017-08-27T10:39:51.985+0200: 172,521: Total time for which application threads were stopped: 0,0000584 seconds, Stopping threads took: 0,0000169 seconds
2017-08-27T10:39:51.985+0200: 172,522: Total time for which application threads were stopped: 0,0000860 seconds, Stopping threads took: 0,0000291 seconds
2017-08-27T10:39:51.986+0200: 172,522: Total time for which application threads were stopped: 0,0000522 seconds, Stopping threads took: 0,0000142 seconds
2017-08-27T10:39:51.990+0200: 172,527: Total time for which application threads were stopped: 0,0009287 seconds, Stopping threads took: 0,0000344 seconds
2017-08-27T10:39:51.993+0200: 172,529: Total time for which application threads were stopped: 0,0001209 seconds, Stopping threads took: 0,0000385 seconds
2017-08-27T10:39:51.993+0200: 172,529: Total time for which application threads were stopped: 0,0000635 seconds, Stopping threads took: 0,0000166 seconds
2017-08-27T10:39:51.993+0200: 172,529: Total time for which application threads were stopped: 0,0002842 seconds, Stopping threads took: 0,0002332 seconds
2017-08-27T10:39:51.993+0200: 172,530: Total time for which application threads were stopped: 0,0000469 seconds, Stopping threads took: 0,0000137 seconds
2017-08-27T10:39:51.996+0200: 172,533: Total time for which application threads were stopped: 0,0001058 seconds, Stopping threads took: 0,0000359 seconds
2017-08-27T10:39:51.997+0200: 172,533: Total time for which application threads were stopped: 0,0000526 seconds, Stopping threads took: 0,0000090 seconds
2017-08-27T10:39:51.997+0200: 172,533: Total time for which application threads were stopped: 0,0001815 seconds, Stopping threads took: 0,0000204 seconds
2017-08-27T10:39:51.998+0200: 172,534: Total time for which application threads were stopped: 0,0001171 seconds, Stopping threads took: 0,0000419 seconds
2017-08-27T10:39:52.002+0200: 172,538: Total time for which application threads were stopped: 0,0001947 seconds, Stopping threads took: 0,0000702 seconds
2017-08-27T10:39:52.006+0200: 172,542: Total time for which application threads were stopped: 0,0001013 seconds, Stopping threads took: 0,0000276 seconds
2017-08-27T10:39:52.006+0200: 172,543: Total time for which application threads were stopped: 0,0000934 seconds, Stopping threads took: 0,0000228 seconds
Heap
 par new generation   total 109248K, used 87830K [0x00000000e0000000, 0x00000000e8000000, 0x00000000e8000000)
  eden space 87424K,  91% used [0x00000000e0000000, 0x00000000e4de1560, 0x00000000e5560000)
  from space 21824K,  37% used [0x00000000e6ab0000, 0x00000000e7294320, 0x00000000e8000000)
  to   space 21824K,   0% used [0x00000000e5560000, 0x00000000e5560000, 0x00000000e6ab0000)
 concurrent mark-sweep generation total 393216K, used 6069K [0x00000000e8000000, 0x0000000100000000, 0x0000000100000000)
 Metaspace       used 28135K, capacity 28640K, committed 28796K, reserved 1075200K
  class space    used 3223K, capacity 3418K, committed 3452K, reserved 1048576K
