OpenJDK 64-Bit Server VM (25.131-b11) for linux-amd64 JRE (1.8.0_131-8u131-b11-2ubuntu1.16.04.3-b11), built on Jul 28 2017 01:23:32 by "buildd" with gcc 5.4.0 20160609
Memory: 4k page, physical 7867732k(7387576k free), swap 8076284k(8076284k free)
CommandLine flags: -XX:CMSInitiatingOccupancyFraction=50 -XX:CMSMaxAbortablePrecleanTime=6000 -XX:+CMSParallelRemarkEnabled -XX:+CMSScavengeBeforeRemark -XX:ConcGCThreads=4 -XX:InitialHeapSize=536870912 -XX:MaxHeapSize=536870912 -XX:MaxTenuringThreshold=8 -XX:NewRatio=3 -XX:OldPLABSize=16 -XX:OnOutOfMemoryError=/opt/solr/bin/oom_solr.sh 8983 /var/solr/logs -XX:ParallelGCThreads=4 -XX:+ParallelRefProcEnabled -XX:PretenureSizeThreshold=67108864 -XX:+PrintGC -XX:+PrintGCApplicationStoppedTime -XX:+PrintGCDateStamps -XX:+PrintGCDetails -XX:+PrintGCTimeStamps -XX:+PrintHeapAtGC -XX:+PrintTenuringDistribution -XX:SurvivorRatio=4 -XX:TargetSurvivorRatio=90 -XX:ThreadStackSize=256 -XX:+UseCMSInitiatingOccupancyOnly -XX:+UseCompressedClassPointers -XX:+UseCompressedOops -XX:+UseConcMarkSweepGC -XX:+UseParNewGC 
2017-09-05T10:29:32.000+0200: 0,180: Total time for which application threads were stopped: 0,0000708 seconds, Stopping threads took: 0,0000123 seconds
2017-09-05T10:29:32.079+0200: 0,259: Total time for which application threads were stopped: 0,0001339 seconds, Stopping threads took: 0,0000330 seconds
2017-09-05T10:29:32.094+0200: 0,273: Total time for which application threads were stopped: 0,0000872 seconds, Stopping threads took: 0,0000131 seconds
2017-09-05T10:29:32.701+0200: 0,881: Total time for which application threads were stopped: 0,0001781 seconds, Stopping threads took: 0,0000141 seconds
2017-09-05T10:29:32.813+0200: 0,993: Total time for which application threads were stopped: 0,0006266 seconds, Stopping threads took: 0,0004623 seconds
2017-09-05T10:29:32.905+0200: 1,085: Total time for which application threads were stopped: 0,0002090 seconds, Stopping threads took: 0,0000378 seconds
2017-09-05T10:29:33.476+0200: 1,656: Total time for which application threads were stopped: 0,0002333 seconds, Stopping threads took: 0,0000289 seconds
2017-09-05T10:29:33.709+0200: 1,889: Total time for which application threads were stopped: 0,0001759 seconds, Stopping threads took: 0,0000123 seconds
2017-09-05T10:29:33.726+0200: 1,906: Total time for which application threads were stopped: 0,0001772 seconds, Stopping threads took: 0,0000186 seconds
2017-09-05T10:29:33.752+0200: 1,931: Total time for which application threads were stopped: 0,0002309 seconds, Stopping threads took: 0,0000218 seconds
2017-09-05T10:29:33.753+0200: 1,932: Total time for which application threads were stopped: 0,0001722 seconds, Stopping threads took: 0,0000177 seconds
2017-09-05T10:29:33.769+0200: 1,949: Total time for which application threads were stopped: 0,0001779 seconds, Stopping threads took: 0,0000189 seconds
2017-09-05T10:29:33.843+0200: 2,023: Total time for which application threads were stopped: 0,0002032 seconds, Stopping threads took: 0,0000203 seconds
2017-09-05T10:29:33.998+0200: 2,178: Total time for which application threads were stopped: 0,0002556 seconds, Stopping threads took: 0,0000341 seconds
{Heap before GC invocations=0 (full 0):
 par new generation   total 109248K, used 87424K [0x00000000e0000000, 0x00000000e8000000, 0x00000000e8000000)
  eden space 87424K, 100% used [0x00000000e0000000, 0x00000000e5560000, 0x00000000e5560000)
  from space 21824K,   0% used [0x00000000e5560000, 0x00000000e5560000, 0x00000000e6ab0000)
  to   space 21824K,   0% used [0x00000000e6ab0000, 0x00000000e6ab0000, 0x00000000e8000000)
 concurrent mark-sweep generation total 393216K, used 0K [0x00000000e8000000, 0x0000000100000000, 0x0000000100000000)
 Metaspace       used 18060K, capacity 18400K, committed 18688K, reserved 1064960K
  class space    used 2037K, capacity 2196K, committed 2304K, reserved 1048576K
2017-09-05T10:29:34.101+0200: 2,280: [GC (Allocation Failure) 2017-09-05T10:29:34.101+0200: 2,280: [ParNew
Desired survivor size 20112992 bytes, new threshold 8 (max 8)
- age   1:   12628720 bytes,   12628720 total
: 87424K->12444K(109248K), 0,0156982 secs] 87424K->12444K(502464K), 0,0157824 secs] [Times: user=0,05 sys=0,00, real=0,02 secs] 
Heap after GC invocations=1 (full 0):
 par new generation   total 109248K, used 12444K [0x00000000e0000000, 0x00000000e8000000, 0x00000000e8000000)
  eden space 87424K,   0% used [0x00000000e0000000, 0x00000000e0000000, 0x00000000e5560000)
  from space 21824K,  57% used [0x00000000e6ab0000, 0x00000000e76d71b8, 0x00000000e8000000)
  to   space 21824K,   0% used [0x00000000e5560000, 0x00000000e5560000, 0x00000000e6ab0000)
 concurrent mark-sweep generation total 393216K, used 0K [0x00000000e8000000, 0x0000000100000000, 0x0000000100000000)
 Metaspace       used 18060K, capacity 18400K, committed 18688K, reserved 1064960K
  class space    used 2037K, capacity 2196K, committed 2304K, reserved 1048576K
}
2017-09-05T10:29:34.117+0200: 2,296: Total time for which application threads were stopped: 0,0160260 seconds, Stopping threads took: 0,0000230 seconds
2017-09-05T10:29:34.409+0200: 2,589: Total time for which application threads were stopped: 0,0003493 seconds, Stopping threads took: 0,0000457 seconds
{Heap before GC invocations=1 (full 0):
 par new generation   total 109248K, used 99868K [0x00000000e0000000, 0x00000000e8000000, 0x00000000e8000000)
  eden space 87424K, 100% used [0x00000000e0000000, 0x00000000e5560000, 0x00000000e5560000)
  from space 21824K,  57% used [0x00000000e6ab0000, 0x00000000e76d71b8, 0x00000000e8000000)
  to   space 21824K,   0% used [0x00000000e5560000, 0x00000000e5560000, 0x00000000e6ab0000)
 concurrent mark-sweep generation total 393216K, used 0K [0x00000000e8000000, 0x0000000100000000, 0x0000000100000000)
 Metaspace       used 20074K, capacity 20432K, committed 20736K, reserved 1067008K
  class space    used 2295K, capacity 2470K, committed 2560K, reserved 1048576K
2017-09-05T10:29:34.457+0200: 2,637: [GC (Allocation Failure) 2017-09-05T10:29:34.457+0200: 2,637: [ParNew
Desired survivor size 20112992 bytes, new threshold 8 (max 8)
- age   1:    3772416 bytes,    3772416 total
- age   2:    6692024 bytes,   10464440 total
: 99868K->13775K(109248K), 0,0198550 secs] 99868K->13775K(502464K), 0,0199320 secs] [Times: user=0,05 sys=0,00, real=0,02 secs] 
Heap after GC invocations=2 (full 0):
 par new generation   total 109248K, used 13775K [0x00000000e0000000, 0x00000000e8000000, 0x00000000e8000000)
  eden space 87424K,   0% used [0x00000000e0000000, 0x00000000e0000000, 0x00000000e5560000)
  from space 21824K,  63% used [0x00000000e5560000, 0x00000000e62d3ee8, 0x00000000e6ab0000)
  to   space 21824K,   0% used [0x00000000e6ab0000, 0x00000000e6ab0000, 0x00000000e8000000)
 concurrent mark-sweep generation total 393216K, used 0K [0x00000000e8000000, 0x0000000100000000, 0x0000000100000000)
 Metaspace       used 20074K, capacity 20432K, committed 20736K, reserved 1067008K
  class space    used 2295K, capacity 2470K, committed 2560K, reserved 1048576K
}
2017-09-05T10:29:34.477+0200: 2,657: Total time for which application threads were stopped: 0,0207626 seconds, Stopping threads took: 0,0006440 seconds
2017-09-05T10:29:34.480+0200: 2,660: Total time for which application threads were stopped: 0,0003550 seconds, Stopping threads took: 0,0000478 seconds
2017-09-05T10:29:34.512+0200: 2,691: Total time for which application threads were stopped: 0,0026252 seconds, Stopping threads took: 0,0023616 seconds
2017-09-05T10:29:34.638+0200: 2,817: Total time for which application threads were stopped: 0,0001736 seconds, Stopping threads took: 0,0000352 seconds
{Heap before GC invocations=2 (full 0):
 par new generation   total 109248K, used 101199K [0x00000000e0000000, 0x00000000e8000000, 0x00000000e8000000)
  eden space 87424K, 100% used [0x00000000e0000000, 0x00000000e5560000, 0x00000000e5560000)
  from space 21824K,  63% used [0x00000000e5560000, 0x00000000e62d3ee8, 0x00000000e6ab0000)
  to   space 21824K,   0% used [0x00000000e6ab0000, 0x00000000e6ab0000, 0x00000000e8000000)
 concurrent mark-sweep generation total 393216K, used 0K [0x00000000e8000000, 0x0000000100000000, 0x0000000100000000)
 Metaspace       used 21003K, capacity 21354K, committed 21628K, reserved 1069056K
  class space    used 2417K, capacity 2589K, committed 2684K, reserved 1048576K
2017-09-05T10:29:34.678+0200: 2,858: [GC (Allocation Failure) 2017-09-05T10:29:34.678+0200: 2,858: [ParNew
Desired survivor size 20112992 bytes, new threshold 8 (max 8)
- age   1:    2001464 bytes,    2001464 total
- age   2:     871600 bytes,    2873064 total
- age   3:    6672640 bytes,    9545704 total
: 101199K->13049K(109248K), 0,0095277 secs] 101199K->13049K(502464K), 0,0096072 secs] [Times: user=0,04 sys=0,00, real=0,00 secs] 
Heap after GC invocations=3 (full 0):
 par new generation   total 109248K, used 13049K [0x00000000e0000000, 0x00000000e8000000, 0x00000000e8000000)
  eden space 87424K,   0% used [0x00000000e0000000, 0x00000000e0000000, 0x00000000e5560000)
  from space 21824K,  59% used [0x00000000e6ab0000, 0x00000000e776e4a0, 0x00000000e8000000)
  to   space 21824K,   0% used [0x00000000e5560000, 0x00000000e5560000, 0x00000000e6ab0000)
 concurrent mark-sweep generation total 393216K, used 0K [0x00000000e8000000, 0x0000000100000000, 0x0000000100000000)
 Metaspace       used 21003K, capacity 21354K, committed 21628K, reserved 1069056K
  class space    used 2417K, capacity 2589K, committed 2684K, reserved 1048576K
}
2017-09-05T10:29:34.688+0200: 2,868: Total time for which application threads were stopped: 0,0097999 seconds, Stopping threads took: 0,0000553 seconds
2017-09-05T10:29:34.688+0200: 2,868: [GC (CMS Initial Mark) [1 CMS-initial-mark: 0K(393216K)] 13812K(502464K), 0,0034958 secs] [Times: user=0,00 sys=0,00, real=0,00 secs] 
2017-09-05T10:29:34.692+0200: 2,872: Total time for which application threads were stopped: 0,0036458 seconds, Stopping threads took: 0,0000600 seconds
2017-09-05T10:29:34.692+0200: 2,872: [CMS-concurrent-mark-start]
2017-09-05T10:29:34.693+0200: 2,872: [CMS-concurrent-mark: 0,001/0,001 secs] [Times: user=0,01 sys=0,00, real=0,00 secs] 
2017-09-05T10:29:34.693+0200: 2,872: [CMS-concurrent-preclean-start]
2017-09-05T10:29:34.693+0200: 2,873: [CMS-concurrent-preclean: 0,001/0,001 secs] [Times: user=0,00 sys=0,00, real=0,00 secs] 
2017-09-05T10:29:34.694+0200: 2,873: [GC (CMS Final Remark) [YG occupancy: 15241 K (109248 K)]{Heap before GC invocations=3 (full 1):
 par new generation   total 109248K, used 15241K [0x00000000e0000000, 0x00000000e8000000, 0x00000000e8000000)
  eden space 87424K,   2% used [0x00000000e0000000, 0x00000000e0224110, 0x00000000e5560000)
  from space 21824K,  59% used [0x00000000e6ab0000, 0x00000000e776e4a0, 0x00000000e8000000)
  to   space 21824K,   0% used [0x00000000e5560000, 0x00000000e5560000, 0x00000000e6ab0000)
 concurrent mark-sweep generation total 393216K, used 0K [0x00000000e8000000, 0x0000000100000000, 0x0000000100000000)
 Metaspace       used 21003K, capacity 21354K, committed 21628K, reserved 1069056K
  class space    used 2417K, capacity 2589K, committed 2684K, reserved 1048576K
2017-09-05T10:29:34.694+0200: 2,873: [GC (CMS Final Remark) 2017-09-05T10:29:34.694+0200: 2,873: [ParNew
Desired survivor size 20112992 bytes, new threshold 8 (max 8)
- age   1:      83656 bytes,      83656 total
- age   2:    1950944 bytes,    2034600 total
- age   3:     871600 bytes,    2906200 total
- age   4:    6672576 bytes,    9578776 total
: 15241K->12364K(109248K), 0,0102866 secs] 15241K->12364K(502464K), 0,0103354 secs] [Times: user=0,03 sys=0,00, real=0,01 secs] 
Heap after GC invocations=4 (full 1):
 par new generation   total 109248K, used 12364K [0x00000000e0000000, 0x00000000e8000000, 0x00000000e8000000)
  eden space 87424K,   0% used [0x00000000e0000000, 0x00000000e0000000, 0x00000000e5560000)
  from space 21824K,  56% used [0x00000000e5560000, 0x00000000e6173040, 0x00000000e6ab0000)
  to   space 21824K,   0% used [0x00000000e6ab0000, 0x00000000e6ab0000, 0x00000000e8000000)
 concurrent mark-sweep generation total 393216K, used 0K [0x00000000e8000000, 0x0000000100000000, 0x0000000100000000)
 Metaspace       used 21003K, capacity 21354K, committed 21628K, reserved 1069056K
  class space    used 2417K, capacity 2589K, committed 2684K, reserved 1048576K
}
2017-09-05T10:29:34.704+0200: 2,884: [Rescan (parallel) , 0,0033409 secs]2017-09-05T10:29:34.707+0200: 2,887: [weak refs processing, 0,0011570 secs]2017-09-05T10:29:34.709+0200: 2,888: [class unloading, 0,0030127 secs]2017-09-05T10:29:34.712+0200: 2,891: [scrub symbol table, 0,0030157 secs]2017-09-05T10:29:34.715+0200: 2,894: [scrub string table, 0,0003999 secs][1 CMS-remark: 0K(393216K)] 12364K(502464K), 0,0219324 secs] [Times: user=0,06 sys=0,00, real=0,02 secs] 
2017-09-05T10:29:34.716+0200: 2,895: Total time for which application threads were stopped: 0,0220570 seconds, Stopping threads took: 0,0000485 seconds
2017-09-05T10:29:34.716+0200: 2,895: [CMS-concurrent-sweep-start]
2017-09-05T10:29:34.716+0200: 2,895: [CMS-concurrent-sweep: 0,000/0,000 secs] [Times: user=0,00 sys=0,00, real=0,00 secs] 
2017-09-05T10:29:34.716+0200: 2,895: [CMS-concurrent-reset-start]
2017-09-05T10:29:34.718+0200: 2,898: [CMS-concurrent-reset: 0,003/0,003 secs] [Times: user=0,01 sys=0,00, real=0,01 secs] 
{Heap before GC invocations=4 (full 1):
 par new generation   total 109248K, used 99788K [0x00000000e0000000, 0x00000000e8000000, 0x00000000e8000000)
  eden space 87424K, 100% used [0x00000000e0000000, 0x00000000e5560000, 0x00000000e5560000)
  from space 21824K,  56% used [0x00000000e5560000, 0x00000000e6173040, 0x00000000e6ab0000)
  to   space 21824K,   0% used [0x00000000e6ab0000, 0x00000000e6ab0000, 0x00000000e8000000)
 concurrent mark-sweep generation total 393216K, used 0K [0x00000000e8000000, 0x0000000100000000, 0x0000000100000000)
 Metaspace       used 21244K, capacity 21624K, committed 21884K, reserved 1069056K
  class space    used 2448K, capacity 2603K, committed 2684K, reserved 1048576K
2017-09-05T10:29:34.831+0200: 3,011: [GC (Allocation Failure) 2017-09-05T10:29:34.832+0200: 3,011: [ParNew
Desired survivor size 20112992 bytes, new threshold 8 (max 8)
- age   1:    1237696 bytes,    1237696 total
- age   3:    1447192 bytes,    2684888 total
- age   4:     840192 bytes,    3525080 total
- age   5:    6672712 bytes,   10197792 total
: 99788K->11860K(109248K), 0,0124413 secs] 99788K->11860K(502464K), 0,0124990 secs] [Times: user=0,04 sys=0,00, real=0,01 secs] 
Heap after GC invocations=5 (full 1):
 par new generation   total 109248K, used 11860K [0x00000000e0000000, 0x00000000e8000000, 0x00000000e8000000)
  eden space 87424K,   0% used [0x00000000e0000000, 0x00000000e0000000, 0x00000000e5560000)
  from space 21824K,  54% used [0x00000000e6ab0000, 0x00000000e7645280, 0x00000000e8000000)
  to   space 21824K,   0% used [0x00000000e5560000, 0x00000000e5560000, 0x00000000e6ab0000)
 concurrent mark-sweep generation total 393216K, used 0K [0x00000000e8000000, 0x0000000100000000, 0x0000000100000000)
 Metaspace       used 21244K, capacity 21624K, committed 21884K, reserved 1069056K
  class space    used 2448K, capacity 2603K, committed 2684K, reserved 1048576K
}
2017-09-05T10:29:34.844+0200: 3,024: Total time for which application threads were stopped: 0,0127601 seconds, Stopping threads took: 0,0001209 seconds
{Heap before GC invocations=5 (full 1):
 par new generation   total 109248K, used 99284K [0x00000000e0000000, 0x00000000e8000000, 0x00000000e8000000)
  eden space 87424K, 100% used [0x00000000e0000000, 0x00000000e5560000, 0x00000000e5560000)
  from space 21824K,  54% used [0x00000000e6ab0000, 0x00000000e7645280, 0x00000000e8000000)
  to   space 21824K,   0% used [0x00000000e5560000, 0x00000000e5560000, 0x00000000e6ab0000)
 concurrent mark-sweep generation total 393216K, used 0K [0x00000000e8000000, 0x0000000100000000, 0x0000000100000000)
 Metaspace       used 21401K, capacity 21808K, committed 21884K, reserved 1069056K
  class space    used 2467K, capacity 2639K, committed 2684K, reserved 1048576K
2017-09-05T10:29:34.933+0200: 3,112: [GC (Allocation Failure) 2017-09-05T10:29:34.933+0200: 3,112: [ParNew
Desired survivor size 20112992 bytes, new threshold 8 (max 8)
- age   1:     569384 bytes,     569384 total
- age   2:     182096 bytes,     751480 total
- age   4:    1447024 bytes,    2198504 total
- age   5:     838144 bytes,    3036648 total
- age   6:    6672648 bytes,    9709296 total
: 99284K->15146K(109248K), 0,0095782 secs] 99284K->15146K(502464K), 0,0096522 secs] [Times: user=0,04 sys=0,00, real=0,01 secs] 
Heap after GC invocations=6 (full 1):
 par new generation   total 109248K, used 15146K [0x00000000e0000000, 0x00000000e8000000, 0x00000000e8000000)
  eden space 87424K,   0% used [0x00000000e0000000, 0x00000000e0000000, 0x00000000e5560000)
  from space 21824K,  69% used [0x00000000e5560000, 0x00000000e642a970, 0x00000000e6ab0000)
  to   space 21824K,   0% used [0x00000000e6ab0000, 0x00000000e6ab0000, 0x00000000e8000000)
 concurrent mark-sweep generation total 393216K, used 0K [0x00000000e8000000, 0x0000000100000000, 0x0000000100000000)
 Metaspace       used 21401K, capacity 21808K, committed 21884K, reserved 1069056K
  class space    used 2467K, capacity 2639K, committed 2684K, reserved 1048576K
}
2017-09-05T10:29:34.942+0200: 3,122: Total time for which application threads were stopped: 0,0098509 seconds, Stopping threads took: 0,0000622 seconds
2017-09-05T10:29:34.977+0200: 3,156: Total time for which application threads were stopped: 0,0003392 seconds, Stopping threads took: 0,0000297 seconds
2017-09-05T10:29:35.224+0200: 3,404: Total time for which application threads were stopped: 0,0004449 seconds, Stopping threads took: 0,0000268 seconds
2017-09-05T10:29:35.239+0200: 3,419: Total time for which application threads were stopped: 0,0004072 seconds, Stopping threads took: 0,0000561 seconds
{Heap before GC invocations=6 (full 1):
 par new generation   total 109248K, used 102570K [0x00000000e0000000, 0x00000000e8000000, 0x00000000e8000000)
  eden space 87424K, 100% used [0x00000000e0000000, 0x00000000e5560000, 0x00000000e5560000)
  from space 21824K,  69% used [0x00000000e5560000, 0x00000000e642a970, 0x00000000e6ab0000)
  to   space 21824K,   0% used [0x00000000e6ab0000, 0x00000000e6ab0000, 0x00000000e8000000)
 concurrent mark-sweep generation total 393216K, used 0K [0x00000000e8000000, 0x0000000100000000, 0x0000000100000000)
 Metaspace       used 23721K, capacity 24238K, committed 24572K, reserved 1071104K
  class space    used 2781K, capacity 2980K, committed 3068K, reserved 1048576K
2017-09-05T10:29:35.361+0200: 3,541: [GC (Allocation Failure) 2017-09-05T10:29:35.361+0200: 3,541: [ParNew
Desired survivor size 20112992 bytes, new threshold 8 (max 8)
- age   1:    5026592 bytes,    5026592 total
- age   2:     119296 bytes,    5145888 total
- age   3:     180632 bytes,    5326520 total
- age   5:     277120 bytes,    5603640 total
- age   6:     811912 bytes,    6415552 total
- age   7:    6664576 bytes,   13080128 total
: 102570K->14736K(109248K), 0,0116999 secs] 102570K->14736K(502464K), 0,0117649 secs] [Times: user=0,04 sys=0,00, real=0,01 secs] 
Heap after GC invocations=7 (full 1):
 par new generation   total 109248K, used 14736K [0x00000000e0000000, 0x00000000e8000000, 0x00000000e8000000)
  eden space 87424K,   0% used [0x00000000e0000000, 0x00000000e0000000, 0x00000000e5560000)
  from space 21824K,  67% used [0x00000000e6ab0000, 0x00000000e7914070, 0x00000000e8000000)
  to   space 21824K,   0% used [0x00000000e5560000, 0x00000000e5560000, 0x00000000e6ab0000)
 concurrent mark-sweep generation total 393216K, used 0K [0x00000000e8000000, 0x0000000100000000, 0x0000000100000000)
 Metaspace       used 23721K, capacity 24238K, committed 24572K, reserved 1071104K
  class space    used 2781K, capacity 2980K, committed 3068K, reserved 1048576K
}
2017-09-05T10:29:35.373+0200: 3,553: Total time for which application threads were stopped: 0,0120115 seconds, Stopping threads took: 0,0000751 seconds
{Heap before GC invocations=7 (full 1):
 par new generation   total 109248K, used 102160K [0x00000000e0000000, 0x00000000e8000000, 0x00000000e8000000)
  eden space 87424K, 100% used [0x00000000e0000000, 0x00000000e5560000, 0x00000000e5560000)
  from space 21824K,  67% used [0x00000000e6ab0000, 0x00000000e7914070, 0x00000000e8000000)
  to   space 21824K,   0% used [0x00000000e5560000, 0x00000000e5560000, 0x00000000e6ab0000)
 concurrent mark-sweep generation total 393216K, used 0K [0x00000000e8000000, 0x0000000100000000, 0x0000000100000000)
 Metaspace       used 24198K, capacity 24692K, committed 24828K, reserved 1071104K
  class space    used 2841K, capacity 3045K, committed 3068K, reserved 1048576K
2017-09-05T10:29:35.467+0200: 3,647: [GC (Allocation Failure) 2017-09-05T10:29:35.467+0200: 3,647: [ParNew
Desired survivor size 20112992 bytes, new threshold 8 (max 8)
- age   1:    2093424 bytes,    2093424 total
- age   2:    1760920 bytes,    3854344 total
- age   3:      51280 bytes,    3905624 total
- age   4:     108760 bytes,    4014384 total
- age   6:     179896 bytes,    4194280 total
- age   7:     769688 bytes,    4963968 total
- age   8:    6131808 bytes,   11095776 total
: 102160K->16070K(109248K), 0,0159468 secs] 102160K->16070K(502464K), 0,0160259 secs] [Times: user=0,05 sys=0,00, real=0,02 secs] 
Heap after GC invocations=8 (full 1):
 par new generation   total 109248K, used 16070K [0x00000000e0000000, 0x00000000e8000000, 0x00000000e8000000)
  eden space 87424K,   0% used [0x00000000e0000000, 0x00000000e0000000, 0x00000000e5560000)
  from space 21824K,  73% used [0x00000000e5560000, 0x00000000e65119c0, 0x00000000e6ab0000)
  to   space 21824K,   0% used [0x00000000e6ab0000, 0x00000000e6ab0000, 0x00000000e8000000)
 concurrent mark-sweep generation total 393216K, used 0K [0x00000000e8000000, 0x0000000100000000, 0x0000000100000000)
 Metaspace       used 24198K, capacity 24692K, committed 24828K, reserved 1071104K
  class space    used 2841K, capacity 3045K, committed 3068K, reserved 1048576K
}
2017-09-05T10:29:35.483+0200: 3,663: Total time for which application threads were stopped: 0,0170729 seconds, Stopping threads took: 0,0008546 seconds
{Heap before GC invocations=8 (full 1):
 par new generation   total 109248K, used 103494K [0x00000000e0000000, 0x00000000e8000000, 0x00000000e8000000)
  eden space 87424K, 100% used [0x00000000e0000000, 0x00000000e5560000, 0x00000000e5560000)
  from space 21824K,  73% used [0x00000000e5560000, 0x00000000e65119c0, 0x00000000e6ab0000)
  to   space 21824K,   0% used [0x00000000e6ab0000, 0x00000000e6ab0000, 0x00000000e8000000)
 concurrent mark-sweep generation total 393216K, used 0K [0x00000000e8000000, 0x0000000100000000, 0x0000000100000000)
 Metaspace       used 24509K, capacity 24974K, committed 25084K, reserved 1071104K
  class space    used 2864K, capacity 3050K, committed 3068K, reserved 1048576K
2017-09-05T10:29:35.572+0200: 3,752: [GC (Allocation Failure) 2017-09-05T10:29:35.572+0200: 3,752: [ParNew
Desired survivor size 20112992 bytes, new threshold 8 (max 8)
- age   1:     749368 bytes,     749368 total
- age   2:     999432 bytes,    1748800 total
- age   3:    1738664 bytes,    3487464 total
- age   4:      51280 bytes,    3538744 total
- age   5:     108656 bytes,    3647400 total
- age   7:     179896 bytes,    3827296 total
- age   8:     769688 bytes,    4596984 total
: 103494K->8427K(109248K), 0,0336991 secs] 103494K->14497K(502464K), 0,0337633 secs] [Times: user=0,09 sys=0,01, real=0,03 secs] 
Heap after GC invocations=9 (full 1):
 par new generation   total 109248K, used 8427K [0x00000000e0000000, 0x00000000e8000000, 0x00000000e8000000)
  eden space 87424K,   0% used [0x00000000e0000000, 0x00000000e0000000, 0x00000000e5560000)
  from space 21824K,  38% used [0x00000000e6ab0000, 0x00000000e72ead10, 0x00000000e8000000)
  to   space 21824K,   0% used [0x00000000e5560000, 0x00000000e5560000, 0x00000000e6ab0000)
 concurrent mark-sweep generation total 393216K, used 6070K [0x00000000e8000000, 0x0000000100000000, 0x0000000100000000)
 Metaspace       used 24509K, capacity 24974K, committed 25084K, reserved 1071104K
  class space    used 2864K, capacity 3050K, committed 3068K, reserved 1048576K
}
2017-09-05T10:29:35.606+0200: 3,786: Total time for which application threads were stopped: 0,0339350 seconds, Stopping threads took: 0,0000275 seconds
2017-09-05T10:29:35.883+0200: 4,063: Total time for which application threads were stopped: 0,0004694 seconds, Stopping threads took: 0,0001154 seconds
2017-09-05T10:29:35.889+0200: 4,068: Total time for which application threads were stopped: 0,0001350 seconds, Stopping threads took: 0,0000418 seconds
2017-09-05T10:29:35.889+0200: 4,069: Total time for which application threads were stopped: 0,0000835 seconds, Stopping threads took: 0,0000167 seconds
2017-09-05T10:29:35.890+0200: 4,070: Total time for which application threads were stopped: 0,0000691 seconds, Stopping threads took: 0,0000114 seconds
2017-09-05T10:29:35.890+0200: 4,070: Total time for which application threads were stopped: 0,0001148 seconds, Stopping threads took: 0,0000469 seconds
2017-09-05T10:29:35.891+0200: 4,070: Total time for which application threads were stopped: 0,0000964 seconds, Stopping threads took: 0,0000277 seconds
2017-09-05T10:29:35.891+0200: 4,071: Total time for which application threads were stopped: 0,0000742 seconds, Stopping threads took: 0,0000219 seconds
2017-09-05T10:29:35.894+0200: 4,074: Total time for which application threads were stopped: 0,0001071 seconds, Stopping threads took: 0,0000388 seconds
2017-09-05T10:29:35.895+0200: 4,075: Total time for which application threads were stopped: 0,0001165 seconds, Stopping threads took: 0,0000356 seconds
2017-09-05T10:29:35.896+0200: 4,076: Total time for which application threads were stopped: 0,0001109 seconds, Stopping threads took: 0,0000357 seconds
2017-09-05T10:29:35.897+0200: 4,077: Total time for which application threads were stopped: 0,0001286 seconds, Stopping threads took: 0,0000301 seconds
2017-09-05T10:29:35.899+0200: 4,079: Total time for which application threads were stopped: 0,0001499 seconds, Stopping threads took: 0,0000369 seconds
2017-09-05T10:29:35.900+0200: 4,080: Total time for which application threads were stopped: 0,0001417 seconds, Stopping threads took: 0,0000355 seconds
2017-09-05T10:29:35.902+0200: 4,082: Total time for which application threads were stopped: 0,0003418 seconds, Stopping threads took: 0,0002379 seconds
2017-09-05T10:29:35.903+0200: 4,082: Total time for which application threads were stopped: 0,0001228 seconds, Stopping threads took: 0,0000319 seconds
2017-09-05T10:29:35.903+0200: 4,083: Total time for which application threads were stopped: 0,0001062 seconds, Stopping threads took: 0,0000266 seconds
2017-09-05T10:29:35.915+0200: 4,095: Total time for which application threads were stopped: 0,0001138 seconds, Stopping threads took: 0,0000266 seconds
2017-09-05T10:29:35.916+0200: 4,096: Total time for which application threads were stopped: 0,0001222 seconds, Stopping threads took: 0,0000228 seconds
2017-09-05T10:29:35.919+0200: 4,099: Total time for which application threads were stopped: 0,0001533 seconds, Stopping threads took: 0,0000413 seconds
2017-09-05T10:29:35.924+0200: 4,104: Total time for which application threads were stopped: 0,0000854 seconds, Stopping threads took: 0,0000204 seconds
2017-09-05T10:29:35.927+0200: 4,107: Total time for which application threads were stopped: 0,0000833 seconds, Stopping threads took: 0,0000175 seconds
2017-09-05T10:29:35.928+0200: 4,107: Total time for which application threads were stopped: 0,0000474 seconds, Stopping threads took: 0,0000088 seconds
2017-09-05T10:29:35.928+0200: 4,108: Total time for which application threads were stopped: 0,0000510 seconds, Stopping threads took: 0,0000108 seconds
2017-09-05T10:29:35.929+0200: 4,108: Total time for which application threads were stopped: 0,0000692 seconds, Stopping threads took: 0,0000129 seconds
2017-09-05T10:29:35.929+0200: 4,109: Total time for which application threads were stopped: 0,0000666 seconds, Stopping threads took: 0,0000207 seconds
2017-09-05T10:29:35.930+0200: 4,109: Total time for which application threads were stopped: 0,0001196 seconds, Stopping threads took: 0,0000123 seconds
2017-09-05T10:29:35.930+0200: 4,109: Total time for which application threads were stopped: 0,0000534 seconds, Stopping threads took: 0,0000113 seconds
2017-09-05T10:29:35.930+0200: 4,110: Total time for which application threads were stopped: 0,0000527 seconds, Stopping threads took: 0,0000114 seconds
2017-09-05T10:29:35.932+0200: 4,112: Total time for which application threads were stopped: 0,0001001 seconds, Stopping threads took: 0,0000297 seconds
2017-09-05T10:29:35.934+0200: 4,114: Total time for which application threads were stopped: 0,0001013 seconds, Stopping threads took: 0,0000213 seconds
2017-09-05T10:29:35.936+0200: 4,116: Total time for which application threads were stopped: 0,0000764 seconds, Stopping threads took: 0,0000160 seconds
2017-09-05T10:29:35.937+0200: 4,116: Total time for which application threads were stopped: 0,0001833 seconds, Stopping threads took: 0,0001215 seconds
2017-09-05T10:29:35.937+0200: 4,117: Total time for which application threads were stopped: 0,0000757 seconds, Stopping threads took: 0,0000256 seconds
2017-09-05T10:29:35.938+0200: 4,118: Total time for which application threads were stopped: 0,0000799 seconds, Stopping threads took: 0,0000154 seconds
2017-09-05T10:29:35.939+0200: 4,119: Total time for which application threads were stopped: 0,0000679 seconds, Stopping threads took: 0,0000119 seconds
2017-09-05T10:29:35.940+0200: 4,119: Total time for which application threads were stopped: 0,0000644 seconds, Stopping threads took: 0,0000284 seconds
2017-09-05T10:29:35.940+0200: 4,120: Total time for which application threads were stopped: 0,0000400 seconds, Stopping threads took: 0,0000082 seconds
2017-09-05T10:29:35.945+0200: 4,124: Total time for which application threads were stopped: 0,0001267 seconds, Stopping threads took: 0,0000315 seconds
2017-09-05T10:29:35.956+0200: 4,136: Total time for which application threads were stopped: 0,0003543 seconds, Stopping threads took: 0,0002684 seconds
2017-09-05T10:29:35.958+0200: 4,138: Total time for which application threads were stopped: 0,0001135 seconds, Stopping threads took: 0,0000229 seconds
2017-09-05T10:29:35.959+0200: 4,139: Total time for which application threads were stopped: 0,0000953 seconds, Stopping threads took: 0,0000354 seconds
2017-09-05T10:29:35.959+0200: 4,139: Total time for which application threads were stopped: 0,0000841 seconds, Stopping threads took: 0,0000294 seconds
2017-09-05T10:29:35.961+0200: 4,141: Total time for which application threads were stopped: 0,0001141 seconds, Stopping threads took: 0,0000350 seconds
2017-09-05T10:29:35.961+0200: 4,141: Total time for which application threads were stopped: 0,0000836 seconds, Stopping threads took: 0,0000255 seconds
2017-09-05T10:29:35.971+0200: 4,151: Total time for which application threads were stopped: 0,0001600 seconds, Stopping threads took: 0,0000732 seconds
2017-09-05T10:29:35.974+0200: 4,154: Total time for which application threads were stopped: 0,0001059 seconds, Stopping threads took: 0,0000210 seconds
2017-09-05T10:29:35.976+0200: 4,155: Total time for which application threads were stopped: 0,0001662 seconds, Stopping threads took: 0,0000291 seconds
2017-09-05T10:29:35.978+0200: 4,158: Total time for which application threads were stopped: 0,0003981 seconds, Stopping threads took: 0,0000214 seconds
2017-09-05T10:29:35.989+0200: 4,169: Total time for which application threads were stopped: 0,0003699 seconds, Stopping threads took: 0,0000137 seconds
2017-09-05T10:29:36.046+0200: 4,226: Total time for which application threads were stopped: 0,0004929 seconds, Stopping threads took: 0,0000398 seconds
2017-09-05T10:29:36.059+0200: 4,238: Total time for which application threads were stopped: 0,0001864 seconds, Stopping threads took: 0,0000613 seconds
2017-09-05T10:29:36.062+0200: 4,242: Total time for which application threads were stopped: 0,0001467 seconds, Stopping threads took: 0,0000508 seconds
2017-09-05T10:29:36.068+0200: 4,248: Total time for which application threads were stopped: 0,0039511 seconds, Stopping threads took: 0,0038105 seconds
2017-09-05T10:29:36.078+0200: 4,257: Total time for which application threads were stopped: 0,0001275 seconds, Stopping threads took: 0,0000445 seconds
2017-09-05T10:29:36.095+0200: 4,275: Total time for which application threads were stopped: 0,0001813 seconds, Stopping threads took: 0,0000571 seconds
2017-09-05T10:29:36.098+0200: 4,278: Total time for which application threads were stopped: 0,0001762 seconds, Stopping threads took: 0,0000486 seconds
2017-09-05T10:29:36.104+0200: 4,284: Total time for which application threads were stopped: 0,0001459 seconds, Stopping threads took: 0,0000474 seconds
2017-09-05T10:29:36.113+0200: 4,292: Total time for which application threads were stopped: 0,0001888 seconds, Stopping threads took: 0,0000636 seconds
2017-09-05T10:29:36.119+0200: 4,298: Total time for which application threads were stopped: 0,0001477 seconds, Stopping threads took: 0,0000420 seconds
2017-09-05T10:29:36.135+0200: 4,314: Total time for which application threads were stopped: 0,0001645 seconds, Stopping threads took: 0,0000359 seconds
2017-09-05T10:29:36.152+0200: 4,332: Total time for which application threads were stopped: 0,0003738 seconds, Stopping threads took: 0,0002722 seconds
2017-09-05T10:29:36.170+0200: 4,350: Total time for which application threads were stopped: 0,0001991 seconds, Stopping threads took: 0,0000827 seconds
2017-09-05T10:29:36.185+0200: 4,364: Total time for which application threads were stopped: 0,0005000 seconds, Stopping threads took: 0,0000643 seconds
2017-09-05T10:29:36.187+0200: 4,367: Total time for which application threads were stopped: 0,0001448 seconds, Stopping threads took: 0,0000554 seconds
2017-09-05T10:29:37.187+0200: 5,367: Total time for which application threads were stopped: 0,0000716 seconds, Stopping threads took: 0,0000169 seconds
{Heap before GC invocations=9 (full 1):
 par new generation   total 109248K, used 95851K [0x00000000e0000000, 0x00000000e8000000, 0x00000000e8000000)
  eden space 87424K, 100% used [0x00000000e0000000, 0x00000000e5560000, 0x00000000e5560000)
  from space 21824K,  38% used [0x00000000e6ab0000, 0x00000000e72ead10, 0x00000000e8000000)
  to   space 21824K,   0% used [0x00000000e5560000, 0x00000000e5560000, 0x00000000e6ab0000)
 concurrent mark-sweep generation total 393216K, used 6070K [0x00000000e8000000, 0x0000000100000000, 0x0000000100000000)
 Metaspace       used 28045K, capacity 28554K, committed 28796K, reserved 1075200K
  class space    used 3211K, capacity 3388K, committed 3452K, reserved 1048576K
2017-09-05T10:29:37.717+0200: 5,897: [GC (Allocation Failure) 2017-09-05T10:29:37.717+0200: 5,897: [ParNew
Desired survivor size 20112992 bytes, new threshold 8 (max 8)
- age   1:   11354888 bytes,   11354888 total
- age   2:     163128 bytes,   11518016 total
- age   3:     220016 bytes,   11738032 total
- age   4:    1730048 bytes,   13468080 total
- age   5:      51280 bytes,   13519360 total
- age   6:     108368 bytes,   13627728 total
- age   8:     176536 bytes,   13804264 total
: 95851K->14124K(109248K), 0,0124369 secs] 101921K->21030K(502464K), 0,0125168 secs] [Times: user=0,05 sys=0,00, real=0,01 secs] 
Heap after GC invocations=10 (full 1):
 par new generation   total 109248K, used 14124K [0x00000000e0000000, 0x00000000e8000000, 0x00000000e8000000)
  eden space 87424K,   0% used [0x00000000e0000000, 0x00000000e0000000, 0x00000000e5560000)
  from space 21824K,  64% used [0x00000000e5560000, 0x00000000e632b1a0, 0x00000000e6ab0000)
  to   space 21824K,   0% used [0x00000000e6ab0000, 0x00000000e6ab0000, 0x00000000e8000000)
 concurrent mark-sweep generation total 393216K, used 6906K [0x00000000e8000000, 0x0000000100000000, 0x0000000100000000)
 Metaspace       used 28045K, capacity 28554K, committed 28796K, reserved 1075200K
  class space    used 3211K, capacity 3388K, committed 3452K, reserved 1048576K
}
2017-09-05T10:29:37.730+0200: 5,909: Total time for which application threads were stopped: 0,0126584 seconds, Stopping threads took: 0,0000238 seconds
2017-09-05T10:29:37.732+0200: 5,912: Total time for which application threads were stopped: 0,0000814 seconds, Stopping threads took: 0,0000249 seconds
2017-09-05T10:29:37.732+0200: 5,912: Total time for which application threads were stopped: 0,0000436 seconds, Stopping threads took: 0,0000101 seconds
2017-09-05T10:29:38.733+0200: 6,912: Total time for which application threads were stopped: 0,0000690 seconds, Stopping threads took: 0,0000161 seconds
2017-09-05T10:29:52.734+0200: 20,914: Total time for which application threads were stopped: 0,0000664 seconds, Stopping threads took: 0,0000168 seconds
2017-09-05T10:30:17.738+0200: 45,918: Total time for which application threads were stopped: 0,0000962 seconds, Stopping threads took: 0,0000428 seconds
2017-09-05T10:30:37.741+0200: 65,921: Total time for which application threads were stopped: 0,0001488 seconds, Stopping threads took: 0,0000369 seconds
2017-09-05T10:30:57.745+0200: 85,924: Total time for which application threads were stopped: 0,0000888 seconds, Stopping threads took: 0,0000187 seconds
2017-09-05T10:31:29.750+0200: 117,930: Total time for which application threads were stopped: 0,0001474 seconds, Stopping threads took: 0,0000545 seconds
2017-09-05T10:31:33.750+0200: 121,930: Total time for which application threads were stopped: 0,0000862 seconds, Stopping threads took: 0,0000193 seconds
2017-09-05T10:53:03.914+0200: 1412,094: Total time for which application threads were stopped: 0,0000825 seconds, Stopping threads took: 0,0000342 seconds
2017-09-05T10:57:08.650+0200: 1656,830: Total time for which application threads were stopped: 0,0003755 seconds, Stopping threads took: 0,0000164 seconds
2017-09-05T10:57:08.651+0200: 1656,831: Total time for which application threads were stopped: 0,0003995 seconds, Stopping threads took: 0,0000144 seconds
2017-09-05T10:57:08.659+0200: 1656,839: Total time for which application threads were stopped: 0,0001218 seconds, Stopping threads took: 0,0000514 seconds
2017-09-05T10:57:08.660+0200: 1656,840: Total time for which application threads were stopped: 0,0000759 seconds, Stopping threads took: 0,0000196 seconds
2017-09-05T10:57:08.661+0200: 1656,841: Total time for which application threads were stopped: 0,0001101 seconds, Stopping threads took: 0,0000447 seconds
2017-09-05T10:57:08.661+0200: 1656,841: Total time for which application threads were stopped: 0,0000840 seconds, Stopping threads took: 0,0000326 seconds
2017-09-05T10:57:08.661+0200: 1656,841: Total time for which application threads were stopped: 0,0001017 seconds, Stopping threads took: 0,0000553 seconds
2017-09-05T10:57:08.661+0200: 1656,841: Total time for which application threads were stopped: 0,0000617 seconds, Stopping threads took: 0,0000239 seconds
2017-09-05T10:57:08.662+0200: 1656,841: Total time for which application threads were stopped: 0,0000606 seconds, Stopping threads took: 0,0000194 seconds
2017-09-05T10:57:08.662+0200: 1656,841: Total time for which application threads were stopped: 0,0000527 seconds, Stopping threads took: 0,0000181 seconds
2017-09-05T10:57:08.662+0200: 1656,841: Total time for which application threads were stopped: 0,0000453 seconds, Stopping threads took: 0,0000191 seconds
2017-09-05T10:57:08.662+0200: 1656,842: Total time for which application threads were stopped: 0,0000442 seconds, Stopping threads took: 0,0000198 seconds
2017-09-05T10:57:08.662+0200: 1656,842: Total time for which application threads were stopped: 0,0000377 seconds, Stopping threads took: 0,0000158 seconds
2017-09-05T10:57:08.662+0200: 1656,842: Total time for which application threads were stopped: 0,0000396 seconds, Stopping threads took: 0,0000164 seconds
2017-09-05T10:57:08.662+0200: 1656,842: Total time for which application threads were stopped: 0,0000404 seconds, Stopping threads took: 0,0000190 seconds
2017-09-05T10:57:08.662+0200: 1656,842: Total time for which application threads were stopped: 0,0000490 seconds, Stopping threads took: 0,0000153 seconds
2017-09-05T10:57:08.662+0200: 1656,842: Total time for which application threads were stopped: 0,0000376 seconds, Stopping threads took: 0,0000146 seconds
2017-09-05T10:57:08.662+0200: 1656,842: Total time for which application threads were stopped: 0,0000479 seconds, Stopping threads took: 0,0000188 seconds
2017-09-05T10:57:08.665+0200: 1656,845: Total time for which application threads were stopped: 0,0000862 seconds, Stopping threads took: 0,0000304 seconds
2017-09-05T10:57:08.670+0200: 1656,850: Total time for which application threads were stopped: 0,0001800 seconds, Stopping threads took: 0,0001083 seconds
2017-09-05T10:57:08.672+0200: 1656,852: Total time for which application threads were stopped: 0,0017263 seconds, Stopping threads took: 0,0016801 seconds
2017-09-05T10:57:08.672+0200: 1656,852: Total time for which application threads were stopped: 0,0000453 seconds, Stopping threads took: 0,0000059 seconds
2017-09-05T10:57:08.672+0200: 1656,852: Total time for which application threads were stopped: 0,0000460 seconds, Stopping threads took: 0,0000098 seconds
2017-09-05T10:57:08.673+0200: 1656,852: Total time for which application threads were stopped: 0,0000688 seconds, Stopping threads took: 0,0000355 seconds
2017-09-05T10:57:08.673+0200: 1656,852: Total time for which application threads were stopped: 0,0000445 seconds, Stopping threads took: 0,0000226 seconds
2017-09-05T10:57:08.673+0200: 1656,852: Total time for which application threads were stopped: 0,0000483 seconds, Stopping threads took: 0,0000240 seconds
2017-09-05T10:57:08.673+0200: 1656,852: Total time for which application threads were stopped: 0,0000404 seconds, Stopping threads took: 0,0000164 seconds
2017-09-05T10:57:08.673+0200: 1656,853: Total time for which application threads were stopped: 0,0000338 seconds, Stopping threads took: 0,0000135 seconds
2017-09-05T10:57:08.673+0200: 1656,853: Total time for which application threads were stopped: 0,0000396 seconds, Stopping threads took: 0,0000149 seconds
2017-09-05T10:57:08.673+0200: 1656,853: Total time for which application threads were stopped: 0,0000400 seconds, Stopping threads took: 0,0000165 seconds
2017-09-05T10:57:08.673+0200: 1656,853: Total time for which application threads were stopped: 0,0000397 seconds, Stopping threads took: 0,0000146 seconds
2017-09-05T10:57:08.673+0200: 1656,853: Total time for which application threads were stopped: 0,0000424 seconds, Stopping threads took: 0,0000185 seconds
2017-09-05T10:57:08.673+0200: 1656,853: Total time for which application threads were stopped: 0,0000373 seconds, Stopping threads took: 0,0000162 seconds
2017-09-05T10:57:08.673+0200: 1656,853: Total time for which application threads were stopped: 0,0000341 seconds, Stopping threads took: 0,0000124 seconds
2017-09-05T10:57:08.673+0200: 1656,853: Total time for which application threads were stopped: 0,0000349 seconds, Stopping threads took: 0,0000132 seconds
2017-09-05T10:57:08.673+0200: 1656,853: Total time for which application threads were stopped: 0,0000340 seconds, Stopping threads took: 0,0000135 seconds
2017-09-05T10:57:08.673+0200: 1656,853: Total time for which application threads were stopped: 0,0000369 seconds, Stopping threads took: 0,0000138 seconds
2017-09-05T10:57:08.675+0200: 1656,855: Total time for which application threads were stopped: 0,0000619 seconds, Stopping threads took: 0,0000185 seconds
2017-09-05T10:57:08.675+0200: 1656,855: Total time for which application threads were stopped: 0,0000418 seconds, Stopping threads took: 0,0000088 seconds
2017-09-05T10:57:08.675+0200: 1656,855: Total time for which application threads were stopped: 0,0000593 seconds, Stopping threads took: 0,0000308 seconds
2017-09-05T10:57:08.675+0200: 1656,855: Total time for which application threads were stopped: 0,0000445 seconds, Stopping threads took: 0,0000195 seconds
2017-09-05T10:57:08.675+0200: 1656,855: Total time for which application threads were stopped: 0,0000352 seconds, Stopping threads took: 0,0000093 seconds
2017-09-05T10:57:08.675+0200: 1656,855: Total time for which application threads were stopped: 0,0000425 seconds, Stopping threads took: 0,0000148 seconds
2017-09-05T10:57:08.675+0200: 1656,855: Total time for which application threads were stopped: 0,0000336 seconds, Stopping threads took: 0,0000120 seconds
2017-09-05T10:57:08.675+0200: 1656,855: Total time for which application threads were stopped: 0,0000333 seconds, Stopping threads took: 0,0000126 seconds
2017-09-05T10:57:08.675+0200: 1656,855: Total time for which application threads were stopped: 0,0000377 seconds, Stopping threads took: 0,0000167 seconds
2017-09-05T10:57:08.675+0200: 1656,855: Total time for which application threads were stopped: 0,0000395 seconds, Stopping threads took: 0,0000141 seconds
2017-09-05T10:57:08.678+0200: 1656,858: Total time for which application threads were stopped: 0,0000674 seconds, Stopping threads took: 0,0000174 seconds
2017-09-05T10:57:08.678+0200: 1656,858: Total time for which application threads were stopped: 0,0000484 seconds, Stopping threads took: 0,0000246 seconds
2017-09-05T10:57:08.678+0200: 1656,858: Total time for which application threads were stopped: 0,0000278 seconds, Stopping threads took: 0,0000079 seconds
2017-09-05T10:57:08.678+0200: 1656,858: Total time for which application threads were stopped: 0,0000272 seconds, Stopping threads took: 0,0000093 seconds
2017-09-05T10:57:08.678+0200: 1656,858: Total time for which application threads were stopped: 0,0000324 seconds, Stopping threads took: 0,0000086 seconds
2017-09-05T10:57:08.680+0200: 1656,860: Total time for which application threads were stopped: 0,0000648 seconds, Stopping threads took: 0,0000156 seconds
2017-09-05T10:57:08.680+0200: 1656,860: Total time for which application threads were stopped: 0,0000312 seconds, Stopping threads took: 0,0000090 seconds
2017-09-05T10:57:08.680+0200: 1656,860: Total time for which application threads were stopped: 0,0000335 seconds, Stopping threads took: 0,0000127 seconds
2017-09-05T10:57:08.680+0200: 1656,860: Total time for which application threads were stopped: 0,0000412 seconds, Stopping threads took: 0,0000219 seconds
2017-09-05T10:57:08.681+0200: 1656,860: Total time for which application threads were stopped: 0,0000428 seconds, Stopping threads took: 0,0000201 seconds
2017-09-05T10:57:08.681+0200: 1656,861: Total time for which application threads were stopped: 0,0000355 seconds, Stopping threads took: 0,0000147 seconds
2017-09-05T10:57:08.681+0200: 1656,861: Total time for which application threads were stopped: 0,0000356 seconds, Stopping threads took: 0,0000164 seconds
2017-09-05T10:57:08.681+0200: 1656,861: Total time for which application threads were stopped: 0,0000445 seconds, Stopping threads took: 0,0000213 seconds
2017-09-05T10:57:08.681+0200: 1656,861: Total time for which application threads were stopped: 0,0000341 seconds, Stopping threads took: 0,0000135 seconds
2017-09-05T10:57:08.681+0200: 1656,861: Total time for which application threads were stopped: 0,0000358 seconds, Stopping threads took: 0,0000154 seconds
2017-09-05T10:57:08.681+0200: 1656,861: Total time for which application threads were stopped: 0,0001081 seconds, Stopping threads took: 0,0000150 seconds
2017-09-05T10:57:08.682+0200: 1656,861: Total time for which application threads were stopped: 0,0000443 seconds, Stopping threads took: 0,0000133 seconds
2017-09-05T10:57:08.682+0200: 1656,862: Total time for which application threads were stopped: 0,0000777 seconds, Stopping threads took: 0,0000332 seconds
2017-09-05T10:57:08.683+0200: 1656,863: Total time for which application threads were stopped: 0,0000958 seconds, Stopping threads took: 0,0000320 seconds
2017-09-05T10:57:08.683+0200: 1656,863: Total time for which application threads were stopped: 0,0000731 seconds, Stopping threads took: 0,0000263 seconds
Heap
 par new generation   total 109248K, used 40925K [0x00000000e0000000, 0x00000000e8000000, 0x00000000e8000000)
  eden space 87424K,  30% used [0x00000000e0000000, 0x00000000e1a2c568, 0x00000000e5560000)
  from space 21824K,  64% used [0x00000000e5560000, 0x00000000e632b1a0, 0x00000000e6ab0000)
  to   space 21824K,   0% used [0x00000000e6ab0000, 0x00000000e6ab0000, 0x00000000e8000000)
 concurrent mark-sweep generation total 393216K, used 6906K [0x00000000e8000000, 0x0000000100000000, 0x0000000100000000)
 Metaspace       used 28191K, capacity 28726K, committed 29052K, reserved 1075200K
  class space    used 3229K, capacity 3424K, committed 3452K, reserved 1048576K
