OpenJDK 64-Bit Server VM (25.121-b13) for linux-amd64 JRE (1.8.0_121-8u121-b13-0ubuntu1.16.04.2-b13), built on Jan 23 2017 15:51:29 by "buildd" with gcc 5.4.0 20160609
Memory: 4k page, physical 7867760k(7439068k free), swap 8076284k(8076284k free)
CommandLine flags: -XX:CMSInitiatingOccupancyFraction=50 -XX:CMSMaxAbortablePrecleanTime=6000 -XX:+CMSParallelRemarkEnabled -XX:+CMSScavengeBeforeRemark -XX:ConcGCThreads=4 -XX:InitialHeapSize=536870912 -XX:MaxHeapSize=536870912 -XX:MaxTenuringThreshold=8 -XX:NewRatio=3 -XX:OldPLABSize=16 -XX:OnOutOfMemoryError=/opt/solr/bin/oom_solr.sh 8983 /var/solr/logs -XX:ParallelGCThreads=4 -XX:+ParallelRefProcEnabled -XX:PretenureSizeThreshold=67108864 -XX:+PrintGC -XX:+PrintGCApplicationStoppedTime -XX:+PrintGCDateStamps -XX:+PrintGCDetails -XX:+PrintGCTimeStamps -XX:+PrintHeapAtGC -XX:+PrintTenuringDistribution -XX:SurvivorRatio=4 -XX:TargetSurvivorRatio=90 -XX:ThreadStackSize=256 -XX:+UseCMSInitiatingOccupancyOnly -XX:+UseCompressedClassPointers -XX:+UseCompressedOops -XX:+UseConcMarkSweepGC -XX:+UseParNewGC 
2017-03-13T13:22:32.854+0100: 0,153: Total time for which application threads were stopped: 0,0000930 seconds, Stopping threads took: 0,0000129 seconds
2017-03-13T13:22:32.956+0100: 0,254: Total time for which application threads were stopped: 0,0001189 seconds, Stopping threads took: 0,0000108 seconds
2017-03-13T13:22:32.983+0100: 0,281: Total time for which application threads were stopped: 0,0000833 seconds, Stopping threads took: 0,0000109 seconds
2017-03-13T13:22:33.312+0100: 0,610: Total time for which application threads were stopped: 0,0001693 seconds, Stopping threads took: 0,0000181 seconds
2017-03-13T13:22:33.795+0100: 1,094: Total time for which application threads were stopped: 0,0001823 seconds, Stopping threads took: 0,0000242 seconds
2017-03-13T13:22:33.858+0100: 1,156: Total time for which application threads were stopped: 0,0001662 seconds, Stopping threads took: 0,0000205 seconds
2017-03-13T13:22:33.874+0100: 1,173: Total time for which application threads were stopped: 0,0001843 seconds, Stopping threads took: 0,0000262 seconds
2017-03-13T13:22:34.143+0100: 1,442: Total time for which application threads were stopped: 0,0004013 seconds, Stopping threads took: 0,0000231 seconds
2017-03-13T13:22:34.397+0100: 1,695: Total time for which application threads were stopped: 0,0001949 seconds, Stopping threads took: 0,0000185 seconds
2017-03-13T13:22:34.423+0100: 1,721: Total time for which application threads were stopped: 0,0003589 seconds, Stopping threads took: 0,0000229 seconds
2017-03-13T13:22:34.459+0100: 1,758: Total time for which application threads were stopped: 0,0008385 seconds, Stopping threads took: 0,0001811 seconds
2017-03-13T13:22:34.460+0100: 1,759: Total time for which application threads were stopped: 0,0002365 seconds, Stopping threads took: 0,0000151 seconds
2017-03-13T13:22:34.485+0100: 1,783: Total time for which application threads were stopped: 0,0002079 seconds, Stopping threads took: 0,0000186 seconds
2017-03-13T13:22:34.558+0100: 1,856: Total time for which application threads were stopped: 0,0002671 seconds, Stopping threads took: 0,0000207 seconds
2017-03-13T13:22:34.717+0100: 2,015: Total time for which application threads were stopped: 0,0003115 seconds, Stopping threads took: 0,0000573 seconds
{Heap before GC invocations=0 (full 0):
 par new generation   total 109248K, used 87424K [0x00000000e0000000, 0x00000000e8000000, 0x00000000e8000000)
  eden space 87424K, 100% used [0x00000000e0000000, 0x00000000e5560000, 0x00000000e5560000)
  from space 21824K,   0% used [0x00000000e5560000, 0x00000000e5560000, 0x00000000e6ab0000)
  to   space 21824K,   0% used [0x00000000e6ab0000, 0x00000000e6ab0000, 0x00000000e8000000)
 concurrent mark-sweep generation total 393216K, used 0K [0x00000000e8000000, 0x0000000100000000, 0x0000000100000000)
 Metaspace       used 17784K, capacity 18112K, committed 18304K, reserved 1064960K
  class space    used 2021K, capacity 2164K, committed 2176K, reserved 1048576K
2017-03-13T13:22:34.743+0100: 2,041: [GC (Allocation Failure) 2017-03-13T13:22:34.743+0100: 2,041: [ParNew
Desired survivor size 20112992 bytes, new threshold 8 (max 8)
- age   1:   11501264 bytes,   11501264 total
: 87424K->11347K(109248K), 0,0149793 secs] 87424K->11347K(502464K), 0,0150659 secs] [Times: user=0,05 sys=0,00, real=0,01 secs] 
Heap after GC invocations=1 (full 0):
 par new generation   total 109248K, used 11347K [0x00000000e0000000, 0x00000000e8000000, 0x00000000e8000000)
  eden space 87424K,   0% used [0x00000000e0000000, 0x00000000e0000000, 0x00000000e5560000)
  from space 21824K,  51% used [0x00000000e6ab0000, 0x00000000e75c4f28, 0x00000000e8000000)
  to   space 21824K,   0% used [0x00000000e5560000, 0x00000000e5560000, 0x00000000e6ab0000)
 concurrent mark-sweep generation total 393216K, used 0K [0x00000000e8000000, 0x0000000100000000, 0x0000000100000000)
 Metaspace       used 17784K, capacity 18112K, committed 18304K, reserved 1064960K
  class space    used 2021K, capacity 2164K, committed 2176K, reserved 1048576K
}
2017-03-13T13:22:34.758+0100: 2,056: Total time for which application threads were stopped: 0,0153154 seconds, Stopping threads took: 0,0000742 seconds
2017-03-13T13:22:35.110+0100: 2,408: Total time for which application threads were stopped: 0,0006656 seconds, Stopping threads took: 0,0003475 seconds
{Heap before GC invocations=1 (full 0):
 par new generation   total 109248K, used 98771K [0x00000000e0000000, 0x00000000e8000000, 0x00000000e8000000)
  eden space 87424K, 100% used [0x00000000e0000000, 0x00000000e5560000, 0x00000000e5560000)
  from space 21824K,  51% used [0x00000000e6ab0000, 0x00000000e75c4f28, 0x00000000e8000000)
  to   space 21824K,   0% used [0x00000000e5560000, 0x00000000e5560000, 0x00000000e6ab0000)
 concurrent mark-sweep generation total 393216K, used 0K [0x00000000e8000000, 0x0000000100000000, 0x0000000100000000)
 Metaspace       used 20014K, capacity 20366K, committed 20736K, reserved 1067008K
  class space    used 2294K, capacity 2469K, committed 2560K, reserved 1048576K
2017-03-13T13:22:35.139+0100: 2,437: [GC (Allocation Failure) 2017-03-13T13:22:35.139+0100: 2,437: [ParNew
Desired survivor size 20112992 bytes, new threshold 8 (max 8)
- age   1:    4334176 bytes,    4334176 total
- age   2:    6044064 bytes,   10378240 total
: 98771K->12620K(109248K), 0,0141338 secs] 98771K->12620K(502464K), 0,0142113 secs] [Times: user=0,05 sys=0,00, real=0,02 secs] 
Heap after GC invocations=2 (full 0):
 par new generation   total 109248K, used 12620K [0x00000000e0000000, 0x00000000e8000000, 0x00000000e8000000)
  eden space 87424K,   0% used [0x00000000e0000000, 0x00000000e0000000, 0x00000000e5560000)
  from space 21824K,  57% used [0x00000000e5560000, 0x00000000e61b31d0, 0x00000000e6ab0000)
  to   space 21824K,   0% used [0x00000000e6ab0000, 0x00000000e6ab0000, 0x00000000e8000000)
 concurrent mark-sweep generation total 393216K, used 0K [0x00000000e8000000, 0x0000000100000000, 0x0000000100000000)
 Metaspace       used 20014K, capacity 20366K, committed 20736K, reserved 1067008K
  class space    used 2294K, capacity 2469K, committed 2560K, reserved 1048576K
}
2017-03-13T13:22:35.153+0100: 2,451: Total time for which application threads were stopped: 0,0144732 seconds, Stopping threads took: 0,0001003 seconds
2017-03-13T13:22:35.189+0100: 2,488: Total time for which application threads were stopped: 0,0004012 seconds, Stopping threads took: 0,0000469 seconds
2017-03-13T13:22:35.230+0100: 2,528: Total time for which application threads were stopped: 0,0004524 seconds, Stopping threads took: 0,0000659 seconds
2017-03-13T13:22:35.378+0100: 2,677: Total time for which application threads were stopped: 0,0001975 seconds, Stopping threads took: 0,0000414 seconds
{Heap before GC invocations=2 (full 0):
 par new generation   total 109248K, used 100044K [0x00000000e0000000, 0x00000000e8000000, 0x00000000e8000000)
  eden space 87424K, 100% used [0x00000000e0000000, 0x00000000e5560000, 0x00000000e5560000)
  from space 21824K,  57% used [0x00000000e5560000, 0x00000000e61b31d0, 0x00000000e6ab0000)
  to   space 21824K,   0% used [0x00000000e6ab0000, 0x00000000e6ab0000, 0x00000000e8000000)
 concurrent mark-sweep generation total 393216K, used 0K [0x00000000e8000000, 0x0000000100000000, 0x0000000100000000)
 Metaspace       used 20978K, capacity 21288K, committed 21628K, reserved 1069056K
  class space    used 2416K, capacity 2588K, committed 2684K, reserved 1048576K
2017-03-13T13:22:35.403+0100: 2,701: [GC (Allocation Failure) 2017-03-13T13:22:35.403+0100: 2,701: [ParNew
Desired survivor size 20112992 bytes, new threshold 8 (max 8)
- age   1:    2024336 bytes,    2024336 total
- age   2:    1412392 bytes,    3436728 total
- age   3:    6043624 bytes,    9480352 total
: 100044K->14106K(109248K), 0,0108490 secs] 100044K->14106K(502464K), 0,0109342 secs] [Times: user=0,04 sys=0,00, real=0,01 secs] 
Heap after GC invocations=3 (full 0):
 par new generation   total 109248K, used 14106K [0x00000000e0000000, 0x00000000e8000000, 0x00000000e8000000)
  eden space 87424K,   0% used [0x00000000e0000000, 0x00000000e0000000, 0x00000000e5560000)
  from space 21824K,  64% used [0x00000000e6ab0000, 0x00000000e7876950, 0x00000000e8000000)
  to   space 21824K,   0% used [0x00000000e5560000, 0x00000000e5560000, 0x00000000e6ab0000)
 concurrent mark-sweep generation total 393216K, used 0K [0x00000000e8000000, 0x0000000100000000, 0x0000000100000000)
 Metaspace       used 20978K, capacity 21288K, committed 21628K, reserved 1069056K
  class space    used 2416K, capacity 2588K, committed 2684K, reserved 1048576K
}
2017-03-13T13:22:35.414+0100: 2,712: Total time for which application threads were stopped: 0,0111734 seconds, Stopping threads took: 0,0000577 seconds
2017-03-13T13:22:35.422+0100: 2,721: [GC (CMS Initial Mark) [1 CMS-initial-mark: 0K(393216K)] 26031K(502464K), 0,0070818 secs] [Times: user=0,03 sys=0,00, real=0,00 secs] 
2017-03-13T13:22:35.430+0100: 2,728: Total time for which application threads were stopped: 0,0072726 seconds, Stopping threads took: 0,0000786 seconds
2017-03-13T13:22:35.430+0100: 2,728: [CMS-concurrent-mark-start]
2017-03-13T13:22:35.433+0100: 2,731: [CMS-concurrent-mark: 0,003/0,003 secs] [Times: user=0,01 sys=0,00, real=0,01 secs] 
2017-03-13T13:22:35.433+0100: 2,731: [CMS-concurrent-preclean-start]
2017-03-13T13:22:35.434+0100: 2,733: [CMS-concurrent-preclean: 0,001/0,001 secs] [Times: user=0,01 sys=0,00, real=0,00 secs] 
2017-03-13T13:22:35.434+0100: 2,733: [CMS-concurrent-abortable-preclean-start]
2017-03-13T13:22:35.484+0100: 2,782: Total time for which application threads were stopped: 0,0002576 seconds, Stopping threads took: 0,0001489 seconds
{Heap before GC invocations=3 (full 1):
 par new generation   total 109248K, used 101530K [0x00000000e0000000, 0x00000000e8000000, 0x00000000e8000000)
  eden space 87424K, 100% used [0x00000000e0000000, 0x00000000e5560000, 0x00000000e5560000)
  from space 21824K,  64% used [0x00000000e6ab0000, 0x00000000e7876950, 0x00000000e8000000)
  to   space 21824K,   0% used [0x00000000e5560000, 0x00000000e5560000, 0x00000000e6ab0000)
 concurrent mark-sweep generation total 393216K, used 0K [0x00000000e8000000, 0x0000000100000000, 0x0000000100000000)
 Metaspace       used 21259K, capacity 21640K, committed 21884K, reserved 1069056K
  class space    used 2446K, capacity 2605K, committed 2684K, reserved 1048576K
2017-03-13T13:22:35.520+0100: 2,818: [GC (Allocation Failure) 2017-03-13T13:22:35.520+0100: 2,818: [ParNew
Desired survivor size 20112992 bytes, new threshold 8 (max 8)
- age   1:     918240 bytes,     918240 total
- age   2:    1507384 bytes,    2425624 total
- age   3:    1375632 bytes,    3801256 total
- age   4:    6043728 bytes,    9844984 total
: 101530K->12830K(109248K), 0,0091872 secs] 101530K->12830K(502464K), 0,0092492 secs] [Times: user=0,04 sys=0,00, real=0,01 secs] 
Heap after GC invocations=4 (full 1):
 par new generation   total 109248K, used 12830K [0x00000000e0000000, 0x00000000e8000000, 0x00000000e8000000)
  eden space 87424K,   0% used [0x00000000e0000000, 0x00000000e0000000, 0x00000000e5560000)
  from space 21824K,  58% used [0x00000000e5560000, 0x00000000e61e78d8, 0x00000000e6ab0000)
  to   space 21824K,   0% used [0x00000000e6ab0000, 0x00000000e6ab0000, 0x00000000e8000000)
 concurrent mark-sweep generation total 393216K, used 0K [0x00000000e8000000, 0x0000000100000000, 0x0000000100000000)
 Metaspace       used 21259K, capacity 21640K, committed 21884K, reserved 1069056K
  class space    used 2446K, capacity 2605K, committed 2684K, reserved 1048576K
}
2017-03-13T13:22:35.529+0100: 2,827: Total time for which application threads were stopped: 0,0094561 seconds, Stopping threads took: 0,0000647 seconds
{Heap before GC invocations=4 (full 1):
 par new generation   total 109248K, used 100254K [0x00000000e0000000, 0x00000000e8000000, 0x00000000e8000000)
  eden space 87424K, 100% used [0x00000000e0000000, 0x00000000e5560000, 0x00000000e5560000)
  from space 21824K,  58% used [0x00000000e5560000, 0x00000000e61e78d8, 0x00000000e6ab0000)
  to   space 21824K,   0% used [0x00000000e6ab0000, 0x00000000e6ab0000, 0x00000000e8000000)
 concurrent mark-sweep generation total 393216K, used 0K [0x00000000e8000000, 0x0000000100000000, 0x0000000100000000)
 Metaspace       used 21408K, capacity 21800K, committed 21884K, reserved 1069056K
  class space    used 2466K, capacity 2637K, committed 2684K, reserved 1048576K
2017-03-13T13:22:35.610+0100: 2,909: [GC (Allocation Failure) 2017-03-13T13:22:35.610+0100: 2,909: [ParNew
Desired survivor size 20112992 bytes, new threshold 8 (max 8)
- age   1:    1273352 bytes,    1273352 total
- age   2:     169824 bytes,    1443176 total
- age   3:    1507504 bytes,    2950680 total
- age   4:    1375504 bytes,    4326184 total
- age   5:    6043640 bytes,   10369824 total
: 100254K->13122K(109248K), 0,0098163 secs] 100254K->13122K(502464K), 0,0098881 secs] [Times: user=0,04 sys=0,00, real=0,00 secs] 
Heap after GC invocations=5 (full 1):
 par new generation   total 109248K, used 13122K [0x00000000e0000000, 0x00000000e8000000, 0x00000000e8000000)
  eden space 87424K,   0% used [0x00000000e0000000, 0x00000000e0000000, 0x00000000e5560000)
  from space 21824K,  60% used [0x00000000e6ab0000, 0x00000000e7780838, 0x00000000e8000000)
  to   space 21824K,   0% used [0x00000000e5560000, 0x00000000e5560000, 0x00000000e6ab0000)
 concurrent mark-sweep generation total 393216K, used 0K [0x00000000e8000000, 0x0000000100000000, 0x0000000100000000)
 Metaspace       used 21408K, capacity 21800K, committed 21884K, reserved 1069056K
  class space    used 2466K, capacity 2637K, committed 2684K, reserved 1048576K
}
2017-03-13T13:22:35.620+0100: 2,919: Total time for which application threads were stopped: 0,0100746 seconds, Stopping threads took: 0,0000541 seconds
2017-03-13T13:22:35.670+0100: 2,968: Total time for which application threads were stopped: 0,0032117 seconds, Stopping threads took: 0,0031168 seconds
2017-03-13T13:22:35.680+0100: 2,978: Total time for which application threads were stopped: 0,0002931 seconds, Stopping threads took: 0,0000188 seconds
2017-03-13T13:22:35.701+0100: 3,000: Total time for which application threads were stopped: 0,0001046 seconds, Stopping threads took: 0,0000295 seconds
2017-03-13T13:22:35.722+0100: 3,020: Total time for which application threads were stopped: 0,0001340 seconds, Stopping threads took: 0,0000695 seconds
2017-03-13T13:22:35.819+0100: 3,117: Total time for which application threads were stopped: 0,0002004 seconds, Stopping threads took: 0,0000653 seconds
2017-03-13T13:22:35.857+0100: 3,155: Total time for which application threads were stopped: 0,0004071 seconds, Stopping threads took: 0,0000380 seconds
2017-03-13T13:22:35.865+0100: 3,163: Total time for which application threads were stopped: 0,0001620 seconds, Stopping threads took: 0,0000382 seconds
2017-03-13T13:22:35.874+0100: 3,172: [CMS-concurrent-abortable-preclean: 0,266/0,440 secs] [Times: user=1,60 sys=0,02, real=0,44 secs] 
2017-03-13T13:22:35.874+0100: 3,173: [GC (CMS Final Remark) [YG occupancy: 61103 K (109248 K)]{Heap before GC invocations=5 (full 1):
 par new generation   total 109248K, used 61103K [0x00000000e0000000, 0x00000000e8000000, 0x00000000e8000000)
  eden space 87424K,  54% used [0x00000000e0000000, 0x00000000e2edb5e0, 0x00000000e5560000)
  from space 21824K,  60% used [0x00000000e6ab0000, 0x00000000e7780838, 0x00000000e8000000)
  to   space 21824K,   0% used [0x00000000e5560000, 0x00000000e5560000, 0x00000000e6ab0000)
 concurrent mark-sweep generation total 393216K, used 0K [0x00000000e8000000, 0x0000000100000000, 0x0000000100000000)
 Metaspace       used 22982K, capacity 23394K, committed 23544K, reserved 1071104K
  class space    used 2644K, capacity 2802K, committed 2812K, reserved 1048576K
2017-03-13T13:22:35.874+0100: 3,173: [GC (CMS Final Remark) 2017-03-13T13:22:35.874+0100: 3,173: [ParNew
Desired survivor size 20112992 bytes, new threshold 8 (max 8)
- age   1:    2555792 bytes,    2555792 total
- age   2:     108320 bytes,    2664112 total
- age   3:     168688 bytes,    2832800 total
- age   4:     338288 bytes,    3171088 total
- age   5:    1363744 bytes,    4534832 total
- age   6:    6039792 bytes,   10574624 total
: 61103K->12475K(109248K), 0,0185441 secs] 61103K->12475K(502464K), 0,0185977 secs] [Times: user=0,05 sys=0,00, real=0,02 secs] 
Heap after GC invocations=6 (full 1):
 par new generation   total 109248K, used 12475K [0x00000000e0000000, 0x00000000e8000000, 0x00000000e8000000)
  eden space 87424K,   0% used [0x00000000e0000000, 0x00000000e0000000, 0x00000000e5560000)
  from space 21824K,  57% used [0x00000000e5560000, 0x00000000e618efc0, 0x00000000e6ab0000)
  to   space 21824K,   0% used [0x00000000e6ab0000, 0x00000000e6ab0000, 0x00000000e8000000)
 concurrent mark-sweep generation total 393216K, used 0K [0x00000000e8000000, 0x0000000100000000, 0x0000000100000000)
 Metaspace       used 22982K, capacity 23394K, committed 23544K, reserved 1071104K
  class space    used 2644K, capacity 2802K, committed 2812K, reserved 1048576K
}
2017-03-13T13:22:35.893+0100: 3,191: [Rescan (parallel) , 0,0035685 secs]2017-03-13T13:22:35.897+0100: 3,195: [weak refs processing, 0,0009526 secs]2017-03-13T13:22:35.898+0100: 3,196: [class unloading, 0,0032887 secs]2017-03-13T13:22:35.901+0100: 3,199: [scrub symbol table, 0,0028087 secs]2017-03-13T13:22:35.904+0100: 3,202: [scrub string table, 0,0003711 secs][1 CMS-remark: 0K(393216K)] 12475K(502464K), 0,0303273 secs] [Times: user=0,07 sys=0,00, real=0,03 secs] 
2017-03-13T13:22:35.905+0100: 3,203: Total time for which application threads were stopped: 0,0306646 seconds, Stopping threads took: 0,0002564 seconds
2017-03-13T13:22:35.905+0100: 3,203: [CMS-concurrent-sweep-start]
2017-03-13T13:22:35.905+0100: 3,203: [CMS-concurrent-sweep: 0,000/0,000 secs] [Times: user=0,00 sys=0,00, real=0,00 secs] 
2017-03-13T13:22:35.905+0100: 3,203: [CMS-concurrent-reset-start]
2017-03-13T13:22:35.909+0100: 3,208: [CMS-concurrent-reset: 0,005/0,005 secs] [Times: user=0,02 sys=0,00, real=0,00 secs] 
2017-03-13T13:22:35.910+0100: 3,208: Total time for which application threads were stopped: 0,0005031 seconds, Stopping threads took: 0,0000471 seconds
{Heap before GC invocations=6 (full 1):
 par new generation   total 109248K, used 99899K [0x00000000e0000000, 0x00000000e8000000, 0x00000000e8000000)
  eden space 87424K, 100% used [0x00000000e0000000, 0x00000000e5560000, 0x00000000e5560000)
  from space 21824K,  57% used [0x00000000e5560000, 0x00000000e618efc0, 0x00000000e6ab0000)
  to   space 21824K,   0% used [0x00000000e6ab0000, 0x00000000e6ab0000, 0x00000000e8000000)
 concurrent mark-sweep generation total 393216K, used 0K [0x00000000e8000000, 0x0000000100000000, 0x0000000100000000)
 Metaspace       used 23990K, capacity 24402K, committed 24568K, reserved 1071104K
  class space    used 2835K, capacity 3012K, committed 3068K, reserved 1048576K
2017-03-13T13:22:36.148+0100: 3,446: [GC (Allocation Failure) 2017-03-13T13:22:36.148+0100: 3,446: [ParNew
Desired survivor size 20112992 bytes, new threshold 8 (max 8)
- age   1:    3309600 bytes,    3309600 total
- age   2:    1450736 bytes,    4760336 total
- age   3:     108288 bytes,    4868624 total
- age   4:     168320 bytes,    5036944 total
- age   5:     337928 bytes,    5374872 total
- age   6:    1351040 bytes,    6725912 total
- age   7:    6035448 bytes,   12761360 total
: 99899K->17985K(109248K), 0,0331065 secs] 99899K->17985K(502464K), 0,0331948 secs] [Times: user=0,09 sys=0,00, real=0,03 secs] 
Heap after GC invocations=7 (full 1):
 par new generation   total 109248K, used 17985K [0x00000000e0000000, 0x00000000e8000000, 0x00000000e8000000)
  eden space 87424K,   0% used [0x00000000e0000000, 0x00000000e0000000, 0x00000000e5560000)
  from space 21824K,  82% used [0x00000000e6ab0000, 0x00000000e7c405c0, 0x00000000e8000000)
  to   space 21824K,   0% used [0x00000000e5560000, 0x00000000e5560000, 0x00000000e6ab0000)
 concurrent mark-sweep generation total 393216K, used 0K [0x00000000e8000000, 0x0000000100000000, 0x0000000100000000)
 Metaspace       used 23990K, capacity 24402K, committed 24568K, reserved 1071104K
  class space    used 2835K, capacity 3012K, committed 3068K, reserved 1048576K
}
2017-03-13T13:22:36.181+0100: 3,479: Total time for which application threads were stopped: 0,0335372 seconds, Stopping threads took: 0,0000696 seconds
{Heap before GC invocations=7 (full 1):
 par new generation   total 109248K, used 105409K [0x00000000e0000000, 0x00000000e8000000, 0x00000000e8000000)
  eden space 87424K, 100% used [0x00000000e0000000, 0x00000000e5560000, 0x00000000e5560000)
  from space 21824K,  82% used [0x00000000e6ab0000, 0x00000000e7c405c0, 0x00000000e8000000)
  to   space 21824K,   0% used [0x00000000e5560000, 0x00000000e5560000, 0x00000000e6ab0000)
 concurrent mark-sweep generation total 393216K, used 0K [0x00000000e8000000, 0x0000000100000000, 0x0000000100000000)
 Metaspace       used 24373K, capacity 24850K, committed 25080K, reserved 1071104K
  class space    used 2860K, capacity 3050K, committed 3068K, reserved 1048576K
2017-03-13T13:22:36.260+0100: 3,558: [GC (Allocation Failure) 2017-03-13T13:22:36.260+0100: 3,558: [ParNew
Desired survivor size 20112992 bytes, new threshold 8 (max 8)
- age   1:    1684184 bytes,    1684184 total
- age   2:    1658776 bytes,    3342960 total
- age   3:     625472 bytes,    3968432 total
- age   4:      55648 bytes,    4024080 total
- age   5:     102504 bytes,    4126584 total
- age   6:     203760 bytes,    4330344 total
- age   7:     995488 bytes,    5325832 total
- age   8:    5854768 bytes,   11180600 total
: 105409K->13843K(109248K), 0,0190863 secs] 105409K->13843K(502464K), 0,0191535 secs] [Times: user=0,07 sys=0,00, real=0,02 secs] 
Heap after GC invocations=8 (full 1):
 par new generation   total 109248K, used 13843K [0x00000000e0000000, 0x00000000e8000000, 0x00000000e8000000)
  eden space 87424K,   0% used [0x00000000e0000000, 0x00000000e0000000, 0x00000000e5560000)
  from space 21824K,  63% used [0x00000000e5560000, 0x00000000e62e4c00, 0x00000000e6ab0000)
  to   space 21824K,   0% used [0x00000000e6ab0000, 0x00000000e6ab0000, 0x00000000e8000000)
 concurrent mark-sweep generation total 393216K, used 0K [0x00000000e8000000, 0x0000000100000000, 0x0000000100000000)
 Metaspace       used 24373K, capacity 24850K, committed 25080K, reserved 1071104K
  class space    used 2860K, capacity 3050K, committed 3068K, reserved 1048576K
}
2017-03-13T13:22:36.279+0100: 3,578: Total time for which application threads were stopped: 0,0202031 seconds, Stopping threads took: 0,0008975 seconds
{Heap before GC invocations=8 (full 1):
 par new generation   total 109248K, used 101267K [0x00000000e0000000, 0x00000000e8000000, 0x00000000e8000000)
  eden space 87424K, 100% used [0x00000000e0000000, 0x00000000e5560000, 0x00000000e5560000)
  from space 21824K,  63% used [0x00000000e5560000, 0x00000000e62e4c00, 0x00000000e6ab0000)
  to   space 21824K,   0% used [0x00000000e6ab0000, 0x00000000e6ab0000, 0x00000000e8000000)
 concurrent mark-sweep generation total 393216K, used 0K [0x00000000e8000000, 0x0000000100000000, 0x0000000100000000)
 Metaspace       used 25038K, capacity 25528K, committed 25720K, reserved 1071104K
  class space    used 2911K, capacity 3083K, committed 3196K, reserved 1048576K
2017-03-13T13:22:36.448+0100: 3,747: [GC (Allocation Failure) 2017-03-13T13:22:36.448+0100: 3,747: [ParNew
Desired survivor size 20112992 bytes, new threshold 8 (max 8)
- age   1:    1790720 bytes,    1790720 total
- age   2:     158808 bytes,    1949528 total
- age   3:    1196192 bytes,    3145720 total
- age   4:     625256 bytes,    3770976 total
- age   5:      55648 bytes,    3826624 total
- age   6:      99928 bytes,    3926552 total
- age   7:     200592 bytes,    4127144 total
- age   8:     993888 bytes,    5121032 total
: 101267K->9919K(109248K), 0,0289476 secs] 101267K->15717K(502464K), 0,0290385 secs] [Times: user=0,09 sys=0,00, real=0,03 secs] 
Heap after GC invocations=9 (full 1):
 par new generation   total 109248K, used 9919K [0x00000000e0000000, 0x00000000e8000000, 0x00000000e8000000)
  eden space 87424K,   0% used [0x00000000e0000000, 0x00000000e0000000, 0x00000000e5560000)
  from space 21824K,  45% used [0x00000000e6ab0000, 0x00000000e745fd40, 0x00000000e8000000)
  to   space 21824K,   0% used [0x00000000e5560000, 0x00000000e5560000, 0x00000000e6ab0000)
 concurrent mark-sweep generation total 393216K, used 5798K [0x00000000e8000000, 0x0000000100000000, 0x0000000100000000)
 Metaspace       used 25038K, capacity 25528K, committed 25720K, reserved 1071104K
  class space    used 2911K, capacity 3083K, committed 3196K, reserved 1048576K
}
2017-03-13T13:22:36.477+0100: 3,776: Total time for which application threads were stopped: 0,0293121 seconds, Stopping threads took: 0,0000573 seconds
2017-03-13T13:22:36.672+0100: 3,971: Total time for which application threads were stopped: 0,0005480 seconds, Stopping threads took: 0,0000509 seconds
2017-03-13T13:22:36.689+0100: 3,987: Total time for which application threads were stopped: 0,0005072 seconds, Stopping threads took: 0,0000409 seconds
2017-03-13T13:22:36.747+0100: 4,045: Total time for which application threads were stopped: 0,0006118 seconds, Stopping threads took: 0,0000419 seconds
2017-03-13T13:22:36.751+0100: 4,049: Total time for which application threads were stopped: 0,0003931 seconds, Stopping threads took: 0,0000466 seconds
2017-03-13T13:22:36.758+0100: 4,056: Total time for which application threads were stopped: 0,0009382 seconds, Stopping threads took: 0,0008429 seconds
2017-03-13T13:22:36.765+0100: 4,064: Total time for which application threads were stopped: 0,0001152 seconds, Stopping threads took: 0,0000260 seconds
2017-03-13T13:22:36.766+0100: 4,064: Total time for which application threads were stopped: 0,0001062 seconds, Stopping threads took: 0,0000303 seconds
2017-03-13T13:22:36.766+0100: 4,065: Total time for which application threads were stopped: 0,0001022 seconds, Stopping threads took: 0,0000277 seconds
2017-03-13T13:22:36.770+0100: 4,068: Total time for which application threads were stopped: 0,0033414 seconds, Stopping threads took: 0,0032361 seconds
2017-03-13T13:22:36.772+0100: 4,070: Total time for which application threads were stopped: 0,0001378 seconds, Stopping threads took: 0,0000394 seconds
2017-03-13T13:22:36.772+0100: 4,070: Total time for which application threads were stopped: 0,0000829 seconds, Stopping threads took: 0,0000142 seconds
2017-03-13T13:22:36.774+0100: 4,072: Total time for which application threads were stopped: 0,0020313 seconds, Stopping threads took: 0,0019269 seconds
2017-03-13T13:22:36.774+0100: 4,073: Total time for which application threads were stopped: 0,0000896 seconds, Stopping threads took: 0,0000229 seconds
2017-03-13T13:22:36.774+0100: 4,073: Total time for which application threads were stopped: 0,0000776 seconds, Stopping threads took: 0,0000197 seconds
2017-03-13T13:22:36.775+0100: 4,073: Total time for which application threads were stopped: 0,0000743 seconds, Stopping threads took: 0,0000230 seconds
2017-03-13T13:22:36.775+0100: 4,073: Total time for which application threads were stopped: 0,0000784 seconds, Stopping threads took: 0,0000194 seconds
2017-03-13T13:22:36.775+0100: 4,073: Total time for which application threads were stopped: 0,0000752 seconds, Stopping threads took: 0,0000189 seconds
2017-03-13T13:22:36.775+0100: 4,073: Total time for which application threads were stopped: 0,0000713 seconds, Stopping threads took: 0,0000172 seconds
2017-03-13T13:22:36.775+0100: 4,074: Total time for which application threads were stopped: 0,0000719 seconds, Stopping threads took: 0,0000165 seconds
2017-03-13T13:22:36.775+0100: 4,074: Total time for which application threads were stopped: 0,0000890 seconds, Stopping threads took: 0,0000317 seconds
2017-03-13T13:22:36.776+0100: 4,074: Total time for which application threads were stopped: 0,0000720 seconds, Stopping threads took: 0,0000176 seconds
2017-03-13T13:22:36.776+0100: 4,074: Total time for which application threads were stopped: 0,0000727 seconds, Stopping threads took: 0,0000180 seconds
2017-03-13T13:22:36.776+0100: 4,074: Total time for which application threads were stopped: 0,0000582 seconds, Stopping threads took: 0,0000165 seconds
2017-03-13T13:22:36.776+0100: 4,074: Total time for which application threads were stopped: 0,0001728 seconds, Stopping threads took: 0,0000164 seconds
2017-03-13T13:22:36.777+0100: 4,075: Total time for which application threads were stopped: 0,0000961 seconds, Stopping threads took: 0,0000243 seconds
2017-03-13T13:22:36.777+0100: 4,075: Total time for which application threads were stopped: 0,0000639 seconds, Stopping threads took: 0,0000192 seconds
2017-03-13T13:22:36.777+0100: 4,075: Total time for which application threads were stopped: 0,0000737 seconds, Stopping threads took: 0,0000170 seconds
2017-03-13T13:22:36.777+0100: 4,075: Total time for which application threads were stopped: 0,0000790 seconds, Stopping threads took: 0,0000205 seconds
2017-03-13T13:22:36.777+0100: 4,075: Total time for which application threads were stopped: 0,0000688 seconds, Stopping threads took: 0,0000156 seconds
2017-03-13T13:22:36.777+0100: 4,076: Total time for which application threads were stopped: 0,0000918 seconds, Stopping threads took: 0,0000212 seconds
2017-03-13T13:22:36.778+0100: 4,076: Total time for which application threads were stopped: 0,0000789 seconds, Stopping threads took: 0,0000202 seconds
2017-03-13T13:22:36.778+0100: 4,076: Total time for which application threads were stopped: 0,0000755 seconds, Stopping threads took: 0,0000169 seconds
2017-03-13T13:22:36.778+0100: 4,076: Total time for which application threads were stopped: 0,0000712 seconds, Stopping threads took: 0,0000157 seconds
2017-03-13T13:22:36.778+0100: 4,076: Total time for which application threads were stopped: 0,0000646 seconds, Stopping threads took: 0,0000182 seconds
2017-03-13T13:22:36.778+0100: 4,077: Total time for which application threads were stopped: 0,0000857 seconds, Stopping threads took: 0,0000208 seconds
2017-03-13T13:22:36.778+0100: 4,077: Total time for which application threads were stopped: 0,0000752 seconds, Stopping threads took: 0,0000166 seconds
2017-03-13T13:22:36.779+0100: 4,077: Total time for which application threads were stopped: 0,0000829 seconds, Stopping threads took: 0,0000199 seconds
2017-03-13T13:22:36.779+0100: 4,077: Total time for which application threads were stopped: 0,0000795 seconds, Stopping threads took: 0,0000195 seconds
2017-03-13T13:22:36.779+0100: 4,077: Total time for which application threads were stopped: 0,0000775 seconds, Stopping threads took: 0,0000162 seconds
2017-03-13T13:22:36.779+0100: 4,077: Total time for which application threads were stopped: 0,0000868 seconds, Stopping threads took: 0,0000222 seconds
2017-03-13T13:22:36.779+0100: 4,078: Total time for which application threads were stopped: 0,0000856 seconds, Stopping threads took: 0,0000253 seconds
2017-03-13T13:22:36.779+0100: 4,078: Total time for which application threads were stopped: 0,0000848 seconds, Stopping threads took: 0,0000164 seconds
2017-03-13T13:22:36.779+0100: 4,078: Total time for which application threads were stopped: 0,0000721 seconds, Stopping threads took: 0,0000169 seconds
2017-03-13T13:22:36.780+0100: 4,078: Total time for which application threads were stopped: 0,0001830 seconds, Stopping threads took: 0,0000164 seconds
2017-03-13T13:22:36.784+0100: 4,082: Total time for which application threads were stopped: 0,0001286 seconds, Stopping threads took: 0,0000358 seconds
2017-03-13T13:22:36.787+0100: 4,085: Total time for which application threads were stopped: 0,0001871 seconds, Stopping threads took: 0,0000510 seconds
2017-03-13T13:22:36.791+0100: 4,090: Total time for which application threads were stopped: 0,0001479 seconds, Stopping threads took: 0,0000454 seconds
2017-03-13T13:22:36.828+0100: 4,126: Total time for which application threads were stopped: 0,0001688 seconds, Stopping threads took: 0,0000501 seconds
2017-03-13T13:22:36.830+0100: 4,129: Total time for which application threads were stopped: 0,0001406 seconds, Stopping threads took: 0,0000228 seconds
2017-03-13T13:22:36.861+0100: 4,159: Total time for which application threads were stopped: 0,0001270 seconds, Stopping threads took: 0,0000453 seconds
2017-03-13T13:22:37.862+0100: 5,161: Total time for which application threads were stopped: 0,0000819 seconds, Stopping threads took: 0,0000177 seconds
2017-03-13T13:24:29.880+0100: 117,179: Total time for which application threads were stopped: 0,0000785 seconds, Stopping threads took: 0,0000322 seconds
2017-03-13T13:24:34.881+0100: 122,179: Total time for which application threads were stopped: 0,0001138 seconds, Stopping threads took: 0,0000286 seconds
2017-03-13T13:25:04.885+0100: 152,184: Total time for which application threads were stopped: 0,0000804 seconds, Stopping threads took: 0,0000336 seconds
2017-03-13T13:25:33.890+0100: 181,188: Total time for which application threads were stopped: 0,0001002 seconds, Stopping threads took: 0,0000408 seconds
2017-03-13T13:27:08.906+0100: 276,204: Total time for which application threads were stopped: 0,0001961 seconds, Stopping threads took: 0,0000758 seconds
2017-03-13T13:46:04.092+0100: 1411,390: Total time for which application threads were stopped: 0,0001660 seconds, Stopping threads took: 0,0000634 seconds
2017-03-13T13:50:35.138+0100: 1682,436: Total time for which application threads were stopped: 0,0002115 seconds, Stopping threads took: 0,0000581 seconds
2017-03-13T14:00:54.237+0100: 2301,535: Total time for which application threads were stopped: 0,0001642 seconds, Stopping threads took: 0,0000603 seconds
2017-03-13T14:00:55.237+0100: 2302,536: Total time for which application threads were stopped: 0,0000719 seconds, Stopping threads took: 0,0000167 seconds
2017-03-13T14:15:50.373+0100: 3197,671: Total time for which application threads were stopped: 0,0001647 seconds, Stopping threads took: 0,0000625 seconds
2017-03-13T14:25:54.470+0100: 3801,768: Total time for which application threads were stopped: 0,0000776 seconds, Stopping threads took: 0,0000303 seconds
2017-03-13T14:25:59.471+0100: 3806,769: Total time for which application threads were stopped: 0,0001477 seconds, Stopping threads took: 0,0000320 seconds
2017-03-13T14:40:45.594+0100: 4692,893: Total time for which application threads were stopped: 0,0000787 seconds, Stopping threads took: 0,0000314 seconds
2017-03-13T14:40:50.595+0100: 4697,894: Total time for which application threads were stopped: 0,0001315 seconds, Stopping threads took: 0,0000293 seconds
2017-03-13T15:07:04.852+0100: 6272,151: Total time for which application threads were stopped: 0,0001590 seconds, Stopping threads took: 0,0000569 seconds
2017-03-13T15:25:19.126+0100: 7322,940: Total time for which application threads were stopped: 0,0001062 seconds, Stopping threads took: 0,0000437 seconds
2017-03-13T15:31:19.179+0100: 7682,992: Total time for which application threads were stopped: 0,0001792 seconds, Stopping threads took: 0,0000630 seconds
2017-03-13T16:37:56.262+0100: 11120,068: Total time for which application threads were stopped: 0,0001098 seconds, Stopping threads took: 0,0000270 seconds
2017-03-13T16:37:56.297+0100: 11120,102: Total time for which application threads were stopped: 0,0121052 seconds, Stopping threads took: 0,0120214 seconds
2017-03-13T16:37:56.298+0100: 11120,103: Total time for which application threads were stopped: 0,0001072 seconds, Stopping threads took: 0,0000161 seconds
2017-03-13T16:37:56.317+0100: 11120,123: Total time for which application threads were stopped: 0,0000771 seconds, Stopping threads took: 0,0000158 seconds
2017-03-13T16:37:56.318+0100: 11120,123: Total time for which application threads were stopped: 0,0001058 seconds, Stopping threads took: 0,0000215 seconds
Heap
 par new generation   total 109248K, used 75869K [0x00000000e0000000, 0x00000000e8000000, 0x00000000e8000000)
  eden space 87424K,  75% used [0x00000000e0000000, 0x00000000e4067790, 0x00000000e5560000)
  from space 21824K,  45% used [0x00000000e6ab0000, 0x00000000e745fd40, 0x00000000e8000000)
  to   space 21824K,   0% used [0x00000000e5560000, 0x00000000e5560000, 0x00000000e6ab0000)
 concurrent mark-sweep generation total 393216K, used 5798K [0x00000000e8000000, 0x0000000100000000, 0x0000000100000000)
 Metaspace       used 28113K, capacity 28632K, committed 28792K, reserved 1075200K
  class space    used 3225K, capacity 3389K, committed 3452K, reserved 1048576K
