OpenJDK 64-Bit Server VM (25.131-b11) for linux-amd64 JRE (1.8.0_131-8u131-b11-0ubuntu1.16.04.2-b11), built on May  6 2017 02:45:27 by "buildd" with gcc 5.4.0 20160609
Memory: 4k page, physical 7867740k(7393168k free), swap 8076284k(8076284k free)
CommandLine flags: -XX:CMSInitiatingOccupancyFraction=50 -XX:CMSMaxAbortablePrecleanTime=6000 -XX:+CMSParallelRemarkEnabled -XX:+CMSScavengeBeforeRemark -XX:ConcGCThreads=4 -XX:InitialHeapSize=536870912 -XX:MaxHeapSize=536870912 -XX:MaxTenuringThreshold=8 -XX:NewRatio=3 -XX:OldPLABSize=16 -XX:OnOutOfMemoryError=/opt/solr/bin/oom_solr.sh 8983 /var/solr/logs -XX:ParallelGCThreads=4 -XX:+ParallelRefProcEnabled -XX:PretenureSizeThreshold=67108864 -XX:+PrintGC -XX:+PrintGCApplicationStoppedTime -XX:+PrintGCDateStamps -XX:+PrintGCDetails -XX:+PrintGCTimeStamps -XX:+PrintHeapAtGC -XX:+PrintTenuringDistribution -XX:SurvivorRatio=4 -XX:TargetSurvivorRatio=90 -XX:ThreadStackSize=256 -XX:+UseCMSInitiatingOccupancyOnly -XX:+UseCompressedClassPointers -XX:+UseCompressedOops -XX:+UseConcMarkSweepGC -XX:+UseParNewGC 
2017-05-25T20:16:37.101+0200: 0,122: Total time for which application threads were stopped: 0,0000787 seconds, Stopping threads took: 0,0000191 seconds
2017-05-25T20:16:37.178+0200: 0,200: Total time for which application threads were stopped: 0,0001134 seconds, Stopping threads took: 0,0000327 seconds
2017-05-25T20:16:37.197+0200: 0,218: Total time for which application threads were stopped: 0,0001364 seconds, Stopping threads took: 0,0000476 seconds
2017-05-25T20:16:37.399+0200: 0,420: Total time for which application threads were stopped: 0,0001686 seconds, Stopping threads took: 0,0000225 seconds
2017-05-25T20:16:37.658+0200: 0,679: Total time for which application threads were stopped: 0,0001721 seconds, Stopping threads took: 0,0000295 seconds
2017-05-25T20:16:37.815+0200: 0,836: Total time for which application threads were stopped: 0,0001907 seconds, Stopping threads took: 0,0000325 seconds
2017-05-25T20:16:37.884+0200: 0,906: Total time for which application threads were stopped: 0,0001902 seconds, Stopping threads took: 0,0000292 seconds
2017-05-25T20:16:38.280+0200: 1,301: Total time for which application threads were stopped: 0,0002450 seconds, Stopping threads took: 0,0000329 seconds
2017-05-25T20:16:38.542+0200: 1,563: Total time for which application threads were stopped: 0,0002292 seconds, Stopping threads took: 0,0000495 seconds
2017-05-25T20:16:38.569+0200: 1,591: Total time for which application threads were stopped: 0,0017822 seconds, Stopping threads took: 0,0015498 seconds
2017-05-25T20:16:38.609+0200: 1,630: Total time for which application threads were stopped: 0,0002503 seconds, Stopping threads took: 0,0000317 seconds
2017-05-25T20:16:38.610+0200: 1,632: Total time for which application threads were stopped: 0,0002377 seconds, Stopping threads took: 0,0000309 seconds
2017-05-25T20:16:38.629+0200: 1,650: Total time for which application threads were stopped: 0,0001734 seconds, Stopping threads took: 0,0000216 seconds
2017-05-25T20:16:38.727+0200: 1,748: Total time for which application threads were stopped: 0,0001954 seconds, Stopping threads took: 0,0000156 seconds
2017-05-25T20:16:38.934+0200: 1,955: Total time for which application threads were stopped: 0,0002989 seconds, Stopping threads took: 0,0000828 seconds
2017-05-25T20:16:39.025+0200: 2,046: Total time for which application threads were stopped: 0,0001781 seconds, Stopping threads took: 0,0000358 seconds
{Heap before GC invocations=0 (full 0):
 par new generation   total 109248K, used 87492K [0x00000000e0000000, 0x00000000e8000000, 0x00000000e8000000)
  eden space 87424K, 100% used [0x00000000e0000000, 0x00000000e5560000, 0x00000000e5560000)
  from space 21824K,   0% used [0x00000000e5560000, 0x00000000e5571000, 0x00000000e6ab0000)
  to   space 21824K,   0% used [0x00000000e6ab0000, 0x00000000e6ab0000, 0x00000000e8000000)
 concurrent mark-sweep generation total 393216K, used 0K [0x00000000e8000000, 0x0000000100000000, 0x0000000100000000)
 Metaspace       used 18045K, capacity 18336K, committed 18688K, reserved 1064960K
  class space    used 2042K, capacity 2196K, committed 2304K, reserved 1048576K
2017-05-25T20:16:39.026+0200: 2,048: [GC (Allocation Failure) 2017-05-25T20:16:39.027+0200: 2,048: [ParNew
Desired survivor size 20112992 bytes, new threshold 8 (max 8)
- age   1:   12629280 bytes,   12629280 total
: 87492K->12457K(109248K), 0,0173359 secs] 87492K->12457K(502464K), 0,0174013 secs] [Times: user=0,06 sys=0,00, real=0,01 secs] 
Heap after GC invocations=1 (full 0):
 par new generation   total 109248K, used 12457K [0x00000000e0000000, 0x00000000e8000000, 0x00000000e8000000)
  eden space 87424K,   0% used [0x00000000e0000000, 0x00000000e0000000, 0x00000000e5560000)
  from space 21824K,  57% used [0x00000000e6ab0000, 0x00000000e76da508, 0x00000000e8000000)
  to   space 21824K,   0% used [0x00000000e5560000, 0x00000000e5560000, 0x00000000e6ab0000)
 concurrent mark-sweep generation total 393216K, used 0K [0x00000000e8000000, 0x0000000100000000, 0x0000000100000000)
 Metaspace       used 18045K, capacity 18336K, committed 18688K, reserved 1064960K
  class space    used 2042K, capacity 2196K, committed 2304K, reserved 1048576K
}
2017-05-25T20:16:39.044+0200: 2,065: Total time for which application threads were stopped: 0,0176212 seconds, Stopping threads took: 0,0000459 seconds
{Heap before GC invocations=1 (full 0):
 par new generation   total 109248K, used 15972K [0x00000000e0000000, 0x00000000e8000000, 0x00000000e8000000)
  eden space 87424K,   4% used [0x00000000e0000000, 0x00000000e036ee10, 0x00000000e5560000)
  from space 21824K,  57% used [0x00000000e6ab0000, 0x00000000e76da508, 0x00000000e8000000)
  to   space 21824K,   0% used [0x00000000e5560000, 0x00000000e5560000, 0x00000000e6ab0000)
 concurrent mark-sweep generation total 393216K, used 0K [0x00000000e8000000, 0x0000000100000000, 0x0000000100000000)
 Metaspace       used 18056K, capacity 18336K, committed 18688K, reserved 1064960K
  class space    used 2042K, capacity 2196K, committed 2304K, reserved 1048576K
2017-05-25T20:16:39.049+0200: 2,071: [GC (GCLocker Initiated GC) 2017-05-25T20:16:39.049+0200: 2,071: [ParNew
Desired survivor size 20112992 bytes, new threshold 8 (max 8)
- age   1:       1840 bytes,       1840 total
- age   2:   10183336 bytes,   10185176 total
: 15972K->13809K(109248K), 0,0126871 secs] 15972K->13809K(502464K), 0,0127698 secs] [Times: user=0,03 sys=0,00, real=0,01 secs] 
Heap after GC invocations=2 (full 0):
 par new generation   total 109248K, used 13809K [0x00000000e0000000, 0x00000000e8000000, 0x00000000e8000000)
  eden space 87424K,   0% used [0x00000000e0000000, 0x00000000e0000000, 0x00000000e5560000)
  from space 21824K,  63% used [0x00000000e5560000, 0x00000000e62dc538, 0x00000000e6ab0000)
  to   space 21824K,   0% used [0x00000000e6ab0000, 0x00000000e6ab0000, 0x00000000e8000000)
 concurrent mark-sweep generation total 393216K, used 0K [0x00000000e8000000, 0x0000000100000000, 0x0000000100000000)
 Metaspace       used 18056K, capacity 18336K, committed 18688K, reserved 1064960K
  class space    used 2042K, capacity 2196K, committed 2304K, reserved 1048576K
}
2017-05-25T20:16:39.062+0200: 2,083: Total time for which application threads were stopped: 0,0129701 seconds, Stopping threads took: 0,0000533 seconds
2017-05-25T20:16:39.351+0200: 2,373: Total time for which application threads were stopped: 0,0003518 seconds, Stopping threads took: 0,0000450 seconds
2017-05-25T20:16:39.391+0200: 2,413: Total time for which application threads were stopped: 0,0004029 seconds, Stopping threads took: 0,0000738 seconds
{Heap before GC invocations=2 (full 0):
 par new generation   total 109248K, used 101233K [0x00000000e0000000, 0x00000000e8000000, 0x00000000e8000000)
  eden space 87424K, 100% used [0x00000000e0000000, 0x00000000e5560000, 0x00000000e5560000)
  from space 21824K,  63% used [0x00000000e5560000, 0x00000000e62dc538, 0x00000000e6ab0000)
  to   space 21824K,   0% used [0x00000000e6ab0000, 0x00000000e6ab0000, 0x00000000e8000000)
 concurrent mark-sweep generation total 393216K, used 0K [0x00000000e8000000, 0x0000000100000000, 0x0000000100000000)
 Metaspace       used 20066K, capacity 20428K, committed 20736K, reserved 1067008K
  class space    used 2297K, capacity 2470K, committed 2560K, reserved 1048576K
2017-05-25T20:16:39.400+0200: 2,421: [GC (Allocation Failure) 2017-05-25T20:16:39.400+0200: 2,421: [ParNew
Desired survivor size 20112992 bytes, new threshold 8 (max 8)
- age   1:    3574752 bytes,    3574752 total
- age   2:       1768 bytes,    3576520 total
- age   3:    6675384 bytes,   10251904 total
: 101233K->12830K(109248K), 0,0158000 secs] 101233K->12830K(502464K), 0,0158932 secs] [Times: user=0,05 sys=0,00, real=0,01 secs] 
Heap after GC invocations=3 (full 0):
 par new generation   total 109248K, used 12830K [0x00000000e0000000, 0x00000000e8000000, 0x00000000e8000000)
  eden space 87424K,   0% used [0x00000000e0000000, 0x00000000e0000000, 0x00000000e5560000)
  from space 21824K,  58% used [0x00000000e6ab0000, 0x00000000e7737ba0, 0x00000000e8000000)
  to   space 21824K,   0% used [0x00000000e5560000, 0x00000000e5560000, 0x00000000e6ab0000)
 concurrent mark-sweep generation total 393216K, used 0K [0x00000000e8000000, 0x0000000100000000, 0x0000000100000000)
 Metaspace       used 20066K, capacity 20428K, committed 20736K, reserved 1067008K
  class space    used 2297K, capacity 2470K, committed 2560K, reserved 1048576K
}
2017-05-25T20:16:39.416+0200: 2,437: Total time for which application threads were stopped: 0,0164638 seconds, Stopping threads took: 0,0004204 seconds
2017-05-25T20:16:39.440+0200: 2,461: Total time for which application threads were stopped: 0,0004642 seconds, Stopping threads took: 0,0000876 seconds
2017-05-25T20:16:39.577+0200: 2,598: Total time for which application threads were stopped: 0,0002128 seconds, Stopping threads took: 0,0000824 seconds
{Heap before GC invocations=3 (full 0):
 par new generation   total 109248K, used 100254K [0x00000000e0000000, 0x00000000e8000000, 0x00000000e8000000)
  eden space 87424K, 100% used [0x00000000e0000000, 0x00000000e5560000, 0x00000000e5560000)
  from space 21824K,  58% used [0x00000000e6ab0000, 0x00000000e7737ba0, 0x00000000e8000000)
  to   space 21824K,   0% used [0x00000000e5560000, 0x00000000e5560000, 0x00000000e6ab0000)
 concurrent mark-sweep generation total 393216K, used 0K [0x00000000e8000000, 0x0000000100000000, 0x0000000100000000)
 Metaspace       used 20989K, capacity 21286K, committed 21628K, reserved 1069056K
  class space    used 2419K, capacity 2589K, committed 2684K, reserved 1048576K
2017-05-25T20:16:39.626+0200: 2,647: [GC (Allocation Failure) 2017-05-25T20:16:39.626+0200: 2,647: [ParNew
Desired survivor size 20112992 bytes, new threshold 8 (max 8)
- age   1:    2072528 bytes,    2072528 total
- age   2:     847752 bytes,    2920280 total
- age   3:       1768 bytes,    2922048 total
- age   4:    6669336 bytes,    9591384 total
: 100254K->15635K(109248K), 0,0164305 secs] 100254K->15635K(502464K), 0,0165003 secs] [Times: user=0,06 sys=0,01, real=0,02 secs] 
Heap after GC invocations=4 (full 0):
 par new generation   total 109248K, used 15635K [0x00000000e0000000, 0x00000000e8000000, 0x00000000e8000000)
  eden space 87424K,   0% used [0x00000000e0000000, 0x00000000e0000000, 0x00000000e5560000)
  from space 21824K,  71% used [0x00000000e5560000, 0x00000000e64a4cd8, 0x00000000e6ab0000)
  to   space 21824K,   0% used [0x00000000e6ab0000, 0x00000000e6ab0000, 0x00000000e8000000)
 concurrent mark-sweep generation total 393216K, used 0K [0x00000000e8000000, 0x0000000100000000, 0x0000000100000000)
 Metaspace       used 20989K, capacity 21286K, committed 21628K, reserved 1069056K
  class space    used 2419K, capacity 2589K, committed 2684K, reserved 1048576K
}
2017-05-25T20:16:39.643+0200: 2,664: Total time for which application threads were stopped: 0,0167260 seconds, Stopping threads took: 0,0000810 seconds
2017-05-25T20:16:39.644+0200: 2,665: [GC (CMS Initial Mark) [1 CMS-initial-mark: 0K(393216K)] 17754K(502464K), 0,0046191 secs] [Times: user=0,02 sys=0,00, real=0,01 secs] 
2017-05-25T20:16:39.648+0200: 2,670: Total time for which application threads were stopped: 0,0047945 seconds, Stopping threads took: 0,0000656 seconds
2017-05-25T20:16:39.649+0200: 2,670: [CMS-concurrent-mark-start]
2017-05-25T20:16:39.649+0200: 2,670: [CMS-concurrent-mark: 0,000/0,000 secs] [Times: user=0,00 sys=0,00, real=0,00 secs] 
2017-05-25T20:16:39.649+0200: 2,670: [CMS-concurrent-preclean-start]
2017-05-25T20:16:39.650+0200: 2,672: [CMS-concurrent-preclean: 0,001/0,001 secs] [Times: user=0,00 sys=0,00, real=0,00 secs] 
2017-05-25T20:16:39.650+0200: 2,672: [CMS-concurrent-abortable-preclean-start]
2017-05-25T20:16:39.711+0200: 2,732: Total time for which application threads were stopped: 0,0001437 seconds, Stopping threads took: 0,0000652 seconds
{Heap before GC invocations=4 (full 1):
 par new generation   total 109248K, used 103059K [0x00000000e0000000, 0x00000000e8000000, 0x00000000e8000000)
  eden space 87424K, 100% used [0x00000000e0000000, 0x00000000e5560000, 0x00000000e5560000)
  from space 21824K,  71% used [0x00000000e5560000, 0x00000000e64a4cd8, 0x00000000e6ab0000)
  to   space 21824K,   0% used [0x00000000e6ab0000, 0x00000000e6ab0000, 0x00000000e8000000)
 concurrent mark-sweep generation total 393216K, used 0K [0x00000000e8000000, 0x0000000100000000, 0x0000000100000000)
 Metaspace       used 21265K, capacity 21638K, committed 21884K, reserved 1069056K
  class space    used 2448K, capacity 2606K, committed 2684K, reserved 1048576K
2017-05-25T20:16:39.770+0200: 2,792: [GC (Allocation Failure) 2017-05-25T20:16:39.770+0200: 2,792: [ParNew
Desired survivor size 20112992 bytes, new threshold 8 (max 8)
- age   1:     979824 bytes,     979824 total
- age   2:    1448824 bytes,    2428648 total
- age   3:     814408 bytes,    3243056 total
- age   4:       1768 bytes,    3244824 total
- age   5:    6668304 bytes,    9913128 total
: 103059K->12581K(109248K), 0,0110973 secs] 103059K->12581K(502464K), 0,0111672 secs] [Times: user=0,03 sys=0,00, real=0,01 secs] 
Heap after GC invocations=5 (full 1):
 par new generation   total 109248K, used 12581K [0x00000000e0000000, 0x00000000e8000000, 0x00000000e8000000)
  eden space 87424K,   0% used [0x00000000e0000000, 0x00000000e0000000, 0x00000000e5560000)
  from space 21824K,  57% used [0x00000000e6ab0000, 0x00000000e76f9450, 0x00000000e8000000)
  to   space 21824K,   0% used [0x00000000e5560000, 0x00000000e5560000, 0x00000000e6ab0000)
 concurrent mark-sweep generation total 393216K, used 0K [0x00000000e8000000, 0x0000000100000000, 0x0000000100000000)
 Metaspace       used 21265K, capacity 21638K, committed 21884K, reserved 1069056K
  class space    used 2448K, capacity 2606K, committed 2684K, reserved 1048576K
}
2017-05-25T20:16:39.782+0200: 2,803: Total time for which application threads were stopped: 0,0135074 seconds, Stopping threads took: 0,0021960 seconds
2017-05-25T20:16:39.782+0200: 2,803: [CMS-concurrent-abortable-preclean: 0,062/0,131 secs] [Times: user=0,48 sys=0,01, real=0,13 secs] 
2017-05-25T20:16:39.782+0200: 2,803: [GC (CMS Final Remark) [YG occupancy: 12583 K (109248 K)]{Heap before GC invocations=5 (full 1):
 par new generation   total 109248K, used 12583K [0x00000000e0000000, 0x00000000e8000000, 0x00000000e8000000)
  eden space 87424K,   0% used [0x00000000e0000000, 0x00000000e0000810, 0x00000000e5560000)
  from space 21824K,  57% used [0x00000000e6ab0000, 0x00000000e76f9450, 0x00000000e8000000)
  to   space 21824K,   0% used [0x00000000e5560000, 0x00000000e5560000, 0x00000000e6ab0000)
 concurrent mark-sweep generation total 393216K, used 0K [0x00000000e8000000, 0x0000000100000000, 0x0000000100000000)
 Metaspace       used 21265K, capacity 21638K, committed 21884K, reserved 1069056K
  class space    used 2448K, capacity 2606K, committed 2684K, reserved 1048576K
2017-05-25T20:16:39.782+0200: 2,803: [GC (CMS Final Remark) 2017-05-25T20:16:39.782+0200: 2,803: [ParNew
Desired survivor size 20112992 bytes, new threshold 8 (max 8)
- age   1:       2064 bytes,       2064 total
- age   2:     978360 bytes,     980424 total
- age   3:    1448824 bytes,    2429248 total
- age   4:     814408 bytes,    3243656 total
- age   5:       1768 bytes,    3245424 total
- age   6:    6668632 bytes,    9914056 total
: 12583K->11935K(109248K), 0,0114043 secs] 12583K->11935K(502464K), 0,0114598 secs] [Times: user=0,04 sys=0,00, real=0,01 secs] 
Heap after GC invocations=6 (full 1):
 par new generation   total 109248K, used 11935K [0x00000000e0000000, 0x00000000e8000000, 0x00000000e8000000)
  eden space 87424K,   0% used [0x00000000e0000000, 0x00000000e0000000, 0x00000000e5560000)
  from space 21824K,  54% used [0x00000000e5560000, 0x00000000e6107c50, 0x00000000e6ab0000)
  to   space 21824K,   0% used [0x00000000e6ab0000, 0x00000000e6ab0000, 0x00000000e8000000)
 concurrent mark-sweep generation total 393216K, used 0K [0x00000000e8000000, 0x0000000100000000, 0x0000000100000000)
 Metaspace       used 21265K, capacity 21638K, committed 21884K, reserved 1069056K
  class space    used 2448K, capacity 2606K, committed 2684K, reserved 1048576K
}
2017-05-25T20:16:39.793+0200: 2,815: [Rescan (parallel) , 0,0033994 secs]2017-05-25T20:16:39.797+0200: 2,818: [weak refs processing, 0,0009101 secs]2017-05-25T20:16:39.798+0200: 2,819: [class unloading, 0,0028394 secs]2017-05-25T20:16:39.801+0200: 2,822: [scrub symbol table, 0,0029204 secs]2017-05-25T20:16:39.803+0200: 2,825: [scrub string table, 0,0003985 secs][1 CMS-remark: 0K(393216K)] 11935K(502464K), 0,0226370 secs] [Times: user=0,06 sys=0,00, real=0,02 secs] 
2017-05-25T20:16:39.804+0200: 2,826: Total time for which application threads were stopped: 0,0227775 seconds, Stopping threads took: 0,0000426 seconds
2017-05-25T20:16:39.805+0200: 2,826: [CMS-concurrent-sweep-start]
2017-05-25T20:16:39.805+0200: 2,826: [CMS-concurrent-sweep: 0,000/0,000 secs] [Times: user=0,00 sys=0,00, real=0,00 secs] 
2017-05-25T20:16:39.805+0200: 2,826: [CMS-concurrent-reset-start]
2017-05-25T20:16:39.806+0200: 2,828: [CMS-concurrent-reset: 0,002/0,002 secs] [Times: user=0,01 sys=0,00, real=0,01 secs] 
{Heap before GC invocations=6 (full 1):
 par new generation   total 109248K, used 99359K [0x00000000e0000000, 0x00000000e8000000, 0x00000000e8000000)
  eden space 87424K, 100% used [0x00000000e0000000, 0x00000000e5560000, 0x00000000e5560000)
  from space 21824K,  54% used [0x00000000e5560000, 0x00000000e6107c50, 0x00000000e6ab0000)
  to   space 21824K,   0% used [0x00000000e6ab0000, 0x00000000e6ab0000, 0x00000000e8000000)
 concurrent mark-sweep generation total 393216K, used 0K [0x00000000e8000000, 0x0000000100000000, 0x0000000100000000)
 Metaspace       used 21410K, capacity 21810K, committed 21884K, reserved 1069056K
  class space    used 2469K, capacity 2640K, committed 2684K, reserved 1048576K
2017-05-25T20:16:39.893+0200: 2,914: [GC (Allocation Failure) 2017-05-25T20:16:39.893+0200: 2,914: [ParNew
Desired survivor size 20112992 bytes, new threshold 8 (max 8)
- age   1:     533056 bytes,     533056 total
- age   3:     190904 bytes,     723960 total
- age   4:    1448576 bytes,    2172536 total
- age   5:     814296 bytes,    2986832 total
- age   6:       1768 bytes,    2988600 total
- age   7:    6668984 bytes,    9657584 total
: 99359K->14795K(109248K), 0,0112449 secs] 99359K->14795K(502464K), 0,0113033 secs] [Times: user=0,03 sys=0,00, real=0,01 secs] 
Heap after GC invocations=7 (full 1):
 par new generation   total 109248K, used 14795K [0x00000000e0000000, 0x00000000e8000000, 0x00000000e8000000)
  eden space 87424K,   0% used [0x00000000e0000000, 0x00000000e0000000, 0x00000000e5560000)
  from space 21824K,  67% used [0x00000000e6ab0000, 0x00000000e7922df0, 0x00000000e8000000)
  to   space 21824K,   0% used [0x00000000e5560000, 0x00000000e5560000, 0x00000000e6ab0000)
 concurrent mark-sweep generation total 393216K, used 0K [0x00000000e8000000, 0x0000000100000000, 0x0000000100000000)
 Metaspace       used 21410K, capacity 21810K, committed 21884K, reserved 1069056K
  class space    used 2469K, capacity 2640K, committed 2684K, reserved 1048576K
}
2017-05-25T20:16:39.904+0200: 2,926: Total time for which application threads were stopped: 0,0129242 seconds, Stopping threads took: 0,0014734 seconds
2017-05-25T20:16:39.931+0200: 2,953: Total time for which application threads were stopped: 0,0003408 seconds, Stopping threads took: 0,0000394 seconds
2017-05-25T20:16:40.189+0200: 3,210: Total time for which application threads were stopped: 0,0004466 seconds, Stopping threads took: 0,0000450 seconds
2017-05-25T20:16:40.202+0200: 3,223: Total time for which application threads were stopped: 0,0003601 seconds, Stopping threads took: 0,0000218 seconds
{Heap before GC invocations=7 (full 1):
 par new generation   total 109248K, used 102219K [0x00000000e0000000, 0x00000000e8000000, 0x00000000e8000000)
  eden space 87424K, 100% used [0x00000000e0000000, 0x00000000e5560000, 0x00000000e5560000)
  from space 21824K,  67% used [0x00000000e6ab0000, 0x00000000e7922df0, 0x00000000e8000000)
  to   space 21824K,   0% used [0x00000000e5560000, 0x00000000e5560000, 0x00000000e6ab0000)
 concurrent mark-sweep generation total 393216K, used 0K [0x00000000e8000000, 0x0000000100000000, 0x0000000100000000)
 Metaspace       used 23854K, capacity 24308K, committed 24572K, reserved 1071104K
  class space    used 2808K, capacity 2983K, committed 3068K, reserved 1048576K
2017-05-25T20:16:40.333+0200: 3,354: [GC (Allocation Failure) 2017-05-25T20:16:40.333+0200: 3,354: [ParNew
Desired survivor size 20112992 bytes, new threshold 8 (max 8)
- age   1:    5201264 bytes,    5201264 total
- age   2:     124880 bytes,    5326144 total
- age   4:     189480 bytes,    5515624 total
- age   5:     278672 bytes,    5794296 total
- age   6:     788128 bytes,    6582424 total
- age   7:       1768 bytes,    6584192 total
- age   8:    6660016 bytes,   13244208 total
: 102219K->15649K(109248K), 0,0124133 secs] 102219K->15649K(502464K), 0,0125039 secs] [Times: user=0,05 sys=0,00, real=0,01 secs] 
Heap after GC invocations=8 (full 1):
 par new generation   total 109248K, used 15649K [0x00000000e0000000, 0x00000000e8000000, 0x00000000e8000000)
  eden space 87424K,   0% used [0x00000000e0000000, 0x00000000e0000000, 0x00000000e5560000)
  from space 21824K,  71% used [0x00000000e5560000, 0x00000000e64a85f0, 0x00000000e6ab0000)
  to   space 21824K,   0% used [0x00000000e6ab0000, 0x00000000e6ab0000, 0x00000000e8000000)
 concurrent mark-sweep generation total 393216K, used 0K [0x00000000e8000000, 0x0000000100000000, 0x0000000100000000)
 Metaspace       used 23854K, capacity 24308K, committed 24572K, reserved 1071104K
  class space    used 2808K, capacity 2983K, committed 3068K, reserved 1048576K
}
2017-05-25T20:16:40.346+0200: 3,367: Total time for which application threads were stopped: 0,0127988 seconds, Stopping threads took: 0,0000673 seconds
{Heap before GC invocations=8 (full 1):
 par new generation   total 109248K, used 103073K [0x00000000e0000000, 0x00000000e8000000, 0x00000000e8000000)
  eden space 87424K, 100% used [0x00000000e0000000, 0x00000000e5560000, 0x00000000e5560000)
  from space 21824K,  71% used [0x00000000e5560000, 0x00000000e64a85f0, 0x00000000e6ab0000)
  to   space 21824K,   0% used [0x00000000e6ab0000, 0x00000000e6ab0000, 0x00000000e8000000)
 concurrent mark-sweep generation total 393216K, used 0K [0x00000000e8000000, 0x0000000100000000, 0x0000000100000000)
 Metaspace       used 24337K, capacity 24826K, committed 25084K, reserved 1071104K
  class space    used 2856K, capacity 3048K, committed 3068K, reserved 1048576K
2017-05-25T20:16:40.445+0200: 3,466: [GC (Allocation Failure) 2017-05-25T20:16:40.445+0200: 3,466: [ParNew
Desired survivor size 20112992 bytes, new threshold 8 (max 8)
- age   1:    2048256 bytes,    2048256 total
- age   2:    1789584 bytes,    3837840 total
- age   3:      59640 bytes,    3897480 total
- age   5:     105376 bytes,    4002856 total
- age   6:     190776 bytes,    4193632 total
- age   7:     737768 bytes,    4931400 total
- age   8:       1768 bytes,    4933168 total
: 103073K->13522K(109248K), 0,0421330 secs] 103073K->19585K(502464K), 0,0422049 secs] [Times: user=0,14 sys=0,00, real=0,05 secs] 
Heap after GC invocations=9 (full 1):
 par new generation   total 109248K, used 13522K [0x00000000e0000000, 0x00000000e8000000, 0x00000000e8000000)
  eden space 87424K,   0% used [0x00000000e0000000, 0x00000000e0000000, 0x00000000e5560000)
  from space 21824K,  61% used [0x00000000e6ab0000, 0x00000000e77e4af0, 0x00000000e8000000)
  to   space 21824K,   0% used [0x00000000e5560000, 0x00000000e5560000, 0x00000000e6ab0000)
 concurrent mark-sweep generation total 393216K, used 6062K [0x00000000e8000000, 0x0000000100000000, 0x0000000100000000)
 Metaspace       used 24337K, capacity 24826K, committed 25084K, reserved 1071104K
  class space    used 2856K, capacity 3048K, committed 3068K, reserved 1048576K
}
2017-05-25T20:16:40.487+0200: 3,508: Total time for which application threads were stopped: 0,0425397 seconds, Stopping threads took: 0,0001472 seconds
{Heap before GC invocations=9 (full 1):
 par new generation   total 109248K, used 100946K [0x00000000e0000000, 0x00000000e8000000, 0x00000000e8000000)
  eden space 87424K, 100% used [0x00000000e0000000, 0x00000000e5560000, 0x00000000e5560000)
  from space 21824K,  61% used [0x00000000e6ab0000, 0x00000000e77e4af0, 0x00000000e8000000)
  to   space 21824K,   0% used [0x00000000e5560000, 0x00000000e5560000, 0x00000000e6ab0000)
 concurrent mark-sweep generation total 393216K, used 6062K [0x00000000e8000000, 0x0000000100000000, 0x0000000100000000)
 Metaspace       used 24955K, capacity 25396K, committed 25724K, reserved 1071104K
  class space    used 2909K, capacity 3085K, committed 3196K, reserved 1048576K
2017-05-25T20:16:40.597+0200: 3,619: [GC (Allocation Failure) 2017-05-25T20:16:40.597+0200: 3,619: [ParNew
Desired survivor size 20112992 bytes, new threshold 8 (max 8)
- age   1:    1238440 bytes,    1238440 total
- age   2:     972488 bytes,    2210928 total
- age   3:    1765560 bytes,    3976488 total
- age   4:      59608 bytes,    4036096 total
- age   6:     105208 bytes,    4141304 total
- age   7:     187640 bytes,    4328944 total
- age   8:     737000 bytes,    5065944 total
: 100946K->6854K(109248K), 0,0334805 secs] 107009K->12918K(502464K), 0,0335558 secs] [Times: user=0,08 sys=0,00, real=0,04 secs] 
Heap after GC invocations=10 (full 1):
 par new generation   total 109248K, used 6854K [0x00000000e0000000, 0x00000000e8000000, 0x00000000e8000000)
  eden space 87424K,   0% used [0x00000000e0000000, 0x00000000e0000000, 0x00000000e5560000)
  from space 21824K,  31% used [0x00000000e5560000, 0x00000000e5c11940, 0x00000000e6ab0000)
  to   space 21824K,   0% used [0x00000000e6ab0000, 0x00000000e6ab0000, 0x00000000e8000000)
 concurrent mark-sweep generation total 393216K, used 6064K [0x00000000e8000000, 0x0000000100000000, 0x0000000100000000)
 Metaspace       used 24955K, capacity 25396K, committed 25724K, reserved 1071104K
  class space    used 2909K, capacity 3085K, committed 3196K, reserved 1048576K
}
2017-05-25T20:16:40.631+0200: 3,652: Total time for which application threads were stopped: 0,0365920 seconds, Stopping threads took: 0,0028617 seconds
2017-05-25T20:16:40.824+0200: 3,846: Total time for which application threads were stopped: 0,0004769 seconds, Stopping threads took: 0,0000222 seconds
2017-05-25T20:16:40.867+0200: 3,888: Total time for which application threads were stopped: 0,0003965 seconds, Stopping threads took: 0,0000413 seconds
2017-05-25T20:16:40.882+0200: 3,903: Total time for which application threads were stopped: 0,0004063 seconds, Stopping threads took: 0,0000229 seconds
2017-05-25T20:16:40.939+0200: 3,961: Total time for which application threads were stopped: 0,0003766 seconds, Stopping threads took: 0,0000272 seconds
2017-05-25T20:16:41.026+0200: 4,047: Total time for which application threads were stopped: 0,0004167 seconds, Stopping threads took: 0,0000811 seconds
2017-05-25T20:16:41.034+0200: 4,056: Total time for which application threads were stopped: 0,0003174 seconds, Stopping threads took: 0,0002336 seconds
2017-05-25T20:16:41.060+0200: 4,081: Total time for which application threads were stopped: 0,0018208 seconds, Stopping threads took: 0,0017450 seconds
2017-05-25T20:16:41.062+0200: 4,084: Total time for which application threads were stopped: 0,0001153 seconds, Stopping threads took: 0,0000372 seconds
2017-05-25T20:16:41.072+0200: 4,094: Total time for which application threads were stopped: 0,0005251 seconds, Stopping threads took: 0,0003987 seconds
2017-05-25T20:16:41.089+0200: 4,110: Total time for which application threads were stopped: 0,0005183 seconds, Stopping threads took: 0,0000333 seconds
2017-05-25T20:16:41.101+0200: 4,122: Total time for which application threads were stopped: 0,0001011 seconds, Stopping threads took: 0,0000277 seconds
2017-05-25T20:16:41.102+0200: 4,123: Total time for which application threads were stopped: 0,0000772 seconds, Stopping threads took: 0,0000175 seconds
2017-05-25T20:16:41.110+0200: 4,131: Total time for which application threads were stopped: 0,0001098 seconds, Stopping threads took: 0,0000184 seconds
2017-05-25T20:16:41.116+0200: 4,138: Total time for which application threads were stopped: 0,0001295 seconds, Stopping threads took: 0,0000523 seconds
2017-05-25T20:16:41.117+0200: 4,139: Total time for which application threads were stopped: 0,0001163 seconds, Stopping threads took: 0,0000320 seconds
2017-05-25T20:16:41.118+0200: 4,139: Total time for which application threads were stopped: 0,0000892 seconds, Stopping threads took: 0,0000264 seconds
2017-05-25T20:17:09.122+0200: 32,143: Total time for which application threads were stopped: 0,0000702 seconds, Stopping threads took: 0,0000207 seconds
2017-05-25T20:18:44.132+0200: 127,154: Total time for which application threads were stopped: 0,0000848 seconds, Stopping threads took: 0,0000356 seconds
2017-05-25T20:18:49.133+0200: 132,154: Total time for which application threads were stopped: 0,0000704 seconds, Stopping threads took: 0,0000162 seconds
{Heap before GC invocations=10 (full 1):
 par new generation   total 109248K, used 94278K [0x00000000e0000000, 0x00000000e8000000, 0x00000000e8000000)
  eden space 87424K, 100% used [0x00000000e0000000, 0x00000000e5560000, 0x00000000e5560000)
  from space 21824K,  31% used [0x00000000e5560000, 0x00000000e5c11940, 0x00000000e6ab0000)
  to   space 21824K,   0% used [0x00000000e6ab0000, 0x00000000e6ab0000, 0x00000000e8000000)
 concurrent mark-sweep generation total 393216K, used 6064K [0x00000000e8000000, 0x0000000100000000, 0x0000000100000000)
 Metaspace       used 28029K, capacity 28524K, committed 28796K, reserved 1075200K
  class space    used 3216K, capacity 3395K, committed 3452K, reserved 1048576K
2017-05-25T20:19:32.697+0200: 175,718: [GC (Allocation Failure) 2017-05-25T20:19:32.697+0200: 175,718: [ParNew
Desired survivor size 20112992 bytes, new threshold 8 (max 8)
- age   1:   10771056 bytes,   10771056 total
- age   2:     286760 bytes,   11057816 total
- age   3:     184776 bytes,   11242592 total
- age   4:    1758048 bytes,   13000640 total
- age   5:      59608 bytes,   13060248 total
- age   7:     104984 bytes,   13165232 total
- age   8:     187480 bytes,   13352712 total
: 94278K->14891K(109248K), 0,0341108 secs] 100342K->21771K(502464K), 0,0341727 secs] [Times: user=0,06 sys=0,00, real=0,04 secs] 
Heap after GC invocations=11 (full 1):
 par new generation   total 109248K, used 14891K [0x00000000e0000000, 0x00000000e8000000, 0x00000000e8000000)
  eden space 87424K,   0% used [0x00000000e0000000, 0x00000000e0000000, 0x00000000e5560000)
  from space 21824K,  68% used [0x00000000e6ab0000, 0x00000000e793afa0, 0x00000000e8000000)
  to   space 21824K,   0% used [0x00000000e5560000, 0x00000000e5560000, 0x00000000e6ab0000)
 concurrent mark-sweep generation total 393216K, used 6879K [0x00000000e8000000, 0x0000000100000000, 0x0000000100000000)
 Metaspace       used 28029K, capacity 28524K, committed 28796K, reserved 1075200K
  class space    used 3216K, capacity 3395K, committed 3452K, reserved 1048576K
}
2017-05-25T20:19:32.731+0200: 175,752: Total time for which application threads were stopped: 0,0343841 seconds, Stopping threads took: 0,0000482 seconds
2017-05-25T20:19:37.732+0200: 180,753: Total time for which application threads were stopped: 0,0000845 seconds, Stopping threads took: 0,0000309 seconds
2017-05-25T20:21:12.742+0200: 275,764: Total time for which application threads were stopped: 0,0000799 seconds, Stopping threads took: 0,0000335 seconds
2017-05-25T20:40:07.879+0200: 1410,900: Total time for which application threads were stopped: 0,0000878 seconds, Stopping threads took: 0,0000314 seconds
2017-05-25T20:43:18.901+0200: 1601,922: Total time for which application threads were stopped: 0,0000748 seconds, Stopping threads took: 0,0000285 seconds
2017-05-25T20:44:02.906+0200: 1645,927: Total time for which application threads were stopped: 0,0000865 seconds, Stopping threads took: 0,0000350 seconds
2017-05-25T20:44:07.907+0200: 1650,928: Total time for which application threads were stopped: 0,0000738 seconds, Stopping threads took: 0,0000146 seconds
2017-05-25T23:59:14.108+0200: 1861,577: Total time for which application threads were stopped: 0,0000760 seconds, Stopping threads took: 0,0000274 seconds
2017-05-26T00:06:35.158+0200: 2302,627: Total time for which application threads were stopped: 0,0000887 seconds, Stopping threads took: 0,0000340 seconds
2017-05-26T00:06:39.159+0200: 2306,627: Total time for which application threads were stopped: 0,0000614 seconds, Stopping threads took: 0,0000150 seconds
2017-05-26T00:13:29.213+0200: 2716,682: Total time for which application threads were stopped: 0,0000835 seconds, Stopping threads took: 0,0000319 seconds
2017-05-26T00:21:30.266+0200: 3197,735: Total time for which application threads were stopped: 0,0000782 seconds, Stopping threads took: 0,0000258 seconds
2017-05-26T00:22:14.270+0200: 3241,739: Total time for which application threads were stopped: 0,0000976 seconds, Stopping threads took: 0,0000407 seconds
2017-05-26T00:25:44.292+0200: 3451,760: Total time for which application threads were stopped: 0,0001275 seconds, Stopping threads took: 0,0000423 seconds
2017-05-26T00:26:44.298+0200: 3511,766: Total time for which application threads were stopped: 0,0000777 seconds, Stopping threads took: 0,0000310 seconds
2017-05-26T00:33:24.339+0200: 3911,807: Total time for which application threads were stopped: 0,0001149 seconds, Stopping threads took: 0,0000371 seconds
2017-05-26T00:46:40.425+0200: 4707,894: Total time for which application threads were stopped: 0,0000789 seconds, Stopping threads took: 0,0000314 seconds
2017-05-26T01:07:59.568+0200: 5987,037: Total time for which application threads were stopped: 0,0003205 seconds, Stopping threads took: 0,0001356 seconds
2017-05-26T01:12:44.603+0200: 6272,071: Total time for which application threads were stopped: 0,0001818 seconds, Stopping threads took: 0,0000728 seconds
2017-05-26T01:29:44.688+0200: 7292,156: Total time for which application threads were stopped: 0,0001151 seconds, Stopping threads took: 0,0000600 seconds
2017-05-26T01:30:14.691+0200: 7322,159: Total time for which application threads were stopped: 0,0000892 seconds, Stopping threads took: 0,0000271 seconds
2017-05-26T01:31:14.695+0200: 7382,164: Total time for which application threads were stopped: 0,0001271 seconds, Stopping threads took: 0,0000472 seconds
2017-05-26T01:35:19.310+0200: 7626,778: Total time for which application threads were stopped: 0,0035379 seconds, Stopping threads took: 0,0034746 seconds
2017-05-26T01:35:19.311+0200: 7626,780: Total time for which application threads were stopped: 0,0001199 seconds, Stopping threads took: 0,0000292 seconds
2017-05-26T01:35:19.315+0200: 7626,783: Total time for which application threads were stopped: 0,0001482 seconds, Stopping threads took: 0,0000562 seconds
2017-05-26T01:35:19.363+0200: 7626,831: Total time for which application threads were stopped: 0,0001637 seconds, Stopping threads took: 0,0000495 seconds
2017-05-26T01:35:19.395+0200: 7626,863: Total time for which application threads were stopped: 0,0001755 seconds, Stopping threads took: 0,0000289 seconds
Heap
 par new generation   total 109248K, used 36309K [0x00000000e0000000, 0x00000000e8000000, 0x00000000e8000000)
  eden space 87424K,  24% used [0x00000000e0000000, 0x00000000e14ea668, 0x00000000e5560000)
  from space 21824K,  68% used [0x00000000e6ab0000, 0x00000000e793afa0, 0x00000000e8000000)
  to   space 21824K,   0% used [0x00000000e5560000, 0x00000000e5560000, 0x00000000e6ab0000)
 concurrent mark-sweep generation total 393216K, used 6879K [0x00000000e8000000, 0x0000000100000000, 0x0000000100000000)
 Metaspace       used 28162K, capacity 28758K, committed 29052K, reserved 1075200K
  class space    used 3231K, capacity 3430K, committed 3452K, reserved 1048576K
