OpenJDK 64-Bit Server VM (25.121-b13) for linux-amd64 JRE (1.8.0_121-8u121-b13-0ubuntu1.16.04.2-b13), built on Jan 23 2017 15:51:29 by "buildd" with gcc 5.4.0 20160609
Memory: 4k page, physical 7867800k(7502256k free), swap 8076284k(8076284k free)
CommandLine flags: -XX:CMSInitiatingOccupancyFraction=50 -XX:CMSMaxAbortablePrecleanTime=6000 -XX:+CMSParallelRemarkEnabled -XX:+CMSScavengeBeforeRemark -XX:ConcGCThreads=4 -XX:InitialHeapSize=536870912 -XX:MaxHeapSize=536870912 -XX:MaxTenuringThreshold=8 -XX:NewRatio=3 -XX:OldPLABSize=16 -XX:OnOutOfMemoryError=/opt/solr/bin/oom_solr.sh 8983 /var/solr/logs -XX:ParallelGCThreads=4 -XX:+ParallelRefProcEnabled -XX:PretenureSizeThreshold=67108864 -XX:+PrintGC -XX:+PrintGCApplicationStoppedTime -XX:+PrintGCDateStamps -XX:+PrintGCDetails -XX:+PrintGCTimeStamps -XX:+PrintHeapAtGC -XX:+PrintTenuringDistribution -XX:SurvivorRatio=4 -XX:TargetSurvivorRatio=90 -XX:ThreadStackSize=256 -XX:+UseCMSInitiatingOccupancyOnly -XX:+UseCompressedClassPointers -XX:+UseCompressedOops -XX:+UseConcMarkSweepGC -XX:+UseParNewGC 
2017-02-14T07:21:06.765+0100: 0,151: Total time for which application threads were stopped: 0,0001185 seconds, Stopping threads took: 0,0000195 seconds
2017-02-14T07:21:06.848+0100: 0,234: Total time for which application threads were stopped: 0,0001321 seconds, Stopping threads took: 0,0000304 seconds
2017-02-14T07:21:06.876+0100: 0,262: Total time for which application threads were stopped: 0,0001099 seconds, Stopping threads took: 0,0000231 seconds
2017-02-14T07:21:07.107+0100: 0,493: Total time for which application threads were stopped: 0,0001462 seconds, Stopping threads took: 0,0000129 seconds
2017-02-14T07:21:07.656+0100: 1,042: Total time for which application threads were stopped: 0,0001923 seconds, Stopping threads took: 0,0000286 seconds
2017-02-14T07:21:07.726+0100: 1,113: Total time for which application threads were stopped: 0,0002208 seconds, Stopping threads took: 0,0000313 seconds
2017-02-14T07:21:07.753+0100: 1,140: Total time for which application threads were stopped: 0,0001491 seconds, Stopping threads took: 0,0000163 seconds
2017-02-14T07:21:08.002+0100: 1,388: Total time for which application threads were stopped: 0,0002165 seconds, Stopping threads took: 0,0000417 seconds
2017-02-14T07:21:08.205+0100: 1,591: Total time for which application threads were stopped: 0,0002425 seconds, Stopping threads took: 0,0000218 seconds
2017-02-14T07:21:08.229+0100: 1,615: Total time for which application threads were stopped: 0,0001644 seconds, Stopping threads took: 0,0000203 seconds
2017-02-14T07:21:08.267+0100: 1,653: Total time for which application threads were stopped: 0,0002520 seconds, Stopping threads took: 0,0000304 seconds
2017-02-14T07:21:08.271+0100: 1,657: Total time for which application threads were stopped: 0,0018602 seconds, Stopping threads took: 0,0010782 seconds
2017-02-14T07:21:08.294+0100: 1,680: Total time for which application threads were stopped: 0,0001879 seconds, Stopping threads took: 0,0000218 seconds
2017-02-14T07:21:08.372+0100: 1,758: Total time for which application threads were stopped: 0,0002385 seconds, Stopping threads took: 0,0000214 seconds
2017-02-14T07:21:08.521+0100: 1,907: Total time for which application threads were stopped: 0,0003262 seconds, Stopping threads took: 0,0001067 seconds
{Heap before GC invocations=0 (full 0):
 par new generation   total 109248K, used 87424K [0x00000000e0000000, 0x00000000e8000000, 0x00000000e8000000)
  eden space 87424K, 100% used [0x00000000e0000000, 0x00000000e5560000, 0x00000000e5560000)
  from space 21824K,   0% used [0x00000000e5560000, 0x00000000e5560000, 0x00000000e6ab0000)
  to   space 21824K,   0% used [0x00000000e6ab0000, 0x00000000e6ab0000, 0x00000000e8000000)
 concurrent mark-sweep generation total 393216K, used 0K [0x00000000e8000000, 0x0000000100000000, 0x0000000100000000)
 Metaspace       used 18015K, capacity 18336K, committed 18688K, reserved 1064960K
  class space    used 2036K, capacity 2196K, committed 2304K, reserved 1048576K
2017-02-14T07:21:08.617+0100: 2,003: [GC (Allocation Failure) 2017-02-14T07:21:08.617+0100: 2,003: [ParNew
Desired survivor size 20112992 bytes, new threshold 8 (max 8)
- age   1:   12584064 bytes,   12584064 total
: 87424K->12406K(109248K), 0,0163775 secs] 87424K->12406K(502464K), 0,0164667 secs] [Times: user=0,04 sys=0,01, real=0,02 secs] 
Heap after GC invocations=1 (full 0):
 par new generation   total 109248K, used 12406K [0x00000000e0000000, 0x00000000e8000000, 0x00000000e8000000)
  eden space 87424K,   0% used [0x00000000e0000000, 0x00000000e0000000, 0x00000000e5560000)
  from space 21824K,  56% used [0x00000000e6ab0000, 0x00000000e76cdba8, 0x00000000e8000000)
  to   space 21824K,   0% used [0x00000000e5560000, 0x00000000e5560000, 0x00000000e6ab0000)
 concurrent mark-sweep generation total 393216K, used 0K [0x00000000e8000000, 0x0000000100000000, 0x0000000100000000)
 Metaspace       used 18015K, capacity 18336K, committed 18688K, reserved 1064960K
  class space    used 2036K, capacity 2196K, committed 2304K, reserved 1048576K
}
2017-02-14T07:21:08.634+0100: 2,020: Total time for which application threads were stopped: 0,0167864 seconds, Stopping threads took: 0,0000884 seconds
2017-02-14T07:21:08.910+0100: 2,296: Total time for which application threads were stopped: 0,0018303 seconds, Stopping threads took: 0,0015019 seconds
{Heap before GC invocations=1 (full 0):
 par new generation   total 109248K, used 99830K [0x00000000e0000000, 0x00000000e8000000, 0x00000000e8000000)
  eden space 87424K, 100% used [0x00000000e0000000, 0x00000000e5560000, 0x00000000e5560000)
  from space 21824K,  56% used [0x00000000e6ab0000, 0x00000000e76cdba8, 0x00000000e8000000)
  to   space 21824K,   0% used [0x00000000e5560000, 0x00000000e5560000, 0x00000000e6ab0000)
 concurrent mark-sweep generation total 393216K, used 0K [0x00000000e8000000, 0x0000000100000000, 0x0000000100000000)
 Metaspace       used 20053K, capacity 20416K, committed 20736K, reserved 1067008K
  class space    used 2292K, capacity 2466K, committed 2560K, reserved 1048576K
2017-02-14T07:21:08.957+0100: 2,343: [GC (Allocation Failure) 2017-02-14T07:21:08.957+0100: 2,343: [ParNew
Desired survivor size 20112992 bytes, new threshold 8 (max 8)
- age   1:    3751312 bytes,    3751312 total
- age   2:    6654688 bytes,   10406000 total
: 99830K->13667K(109248K), 0,0100090 secs] 99830K->13667K(502464K), 0,0100830 secs] [Times: user=0,03 sys=0,01, real=0,02 secs] 
Heap after GC invocations=2 (full 0):
 par new generation   total 109248K, used 13667K [0x00000000e0000000, 0x00000000e8000000, 0x00000000e8000000)
  eden space 87424K,   0% used [0x00000000e0000000, 0x00000000e0000000, 0x00000000e5560000)
  from space 21824K,  62% used [0x00000000e5560000, 0x00000000e62b8fc0, 0x00000000e6ab0000)
  to   space 21824K,   0% used [0x00000000e6ab0000, 0x00000000e6ab0000, 0x00000000e8000000)
 concurrent mark-sweep generation total 393216K, used 0K [0x00000000e8000000, 0x0000000100000000, 0x0000000100000000)
 Metaspace       used 20053K, capacity 20416K, committed 20736K, reserved 1067008K
  class space    used 2292K, capacity 2466K, committed 2560K, reserved 1048576K
}
2017-02-14T07:21:08.967+0100: 2,354: Total time for which application threads were stopped: 0,0103169 seconds, Stopping threads took: 0,0000963 seconds
2017-02-14T07:21:08.974+0100: 2,360: Total time for which application threads were stopped: 0,0040254 seconds, Stopping threads took: 0,0037571 seconds
2017-02-14T07:21:09.022+0100: 2,408: Total time for which application threads were stopped: 0,0020010 seconds, Stopping threads took: 0,0017080 seconds
2017-02-14T07:21:09.134+0100: 2,520: Total time for which application threads were stopped: 0,0002105 seconds, Stopping threads took: 0,0000862 seconds
{Heap before GC invocations=2 (full 0):
 par new generation   total 109248K, used 101091K [0x00000000e0000000, 0x00000000e8000000, 0x00000000e8000000)
  eden space 87424K, 100% used [0x00000000e0000000, 0x00000000e5560000, 0x00000000e5560000)
  from space 21824K,  62% used [0x00000000e5560000, 0x00000000e62b8fc0, 0x00000000e6ab0000)
  to   space 21824K,   0% used [0x00000000e6ab0000, 0x00000000e6ab0000, 0x00000000e8000000)
 concurrent mark-sweep generation total 393216K, used 0K [0x00000000e8000000, 0x0000000100000000, 0x0000000100000000)
 Metaspace       used 20971K, capacity 21274K, committed 21628K, reserved 1069056K
  class space    used 2418K, capacity 2585K, committed 2684K, reserved 1048576K
2017-02-14T07:21:09.178+0100: 2,564: [GC (Allocation Failure) 2017-02-14T07:21:09.178+0100: 2,564: [ParNew
Desired survivor size 20112992 bytes, new threshold 8 (max 8)
- age   1:    2130776 bytes,    2130776 total
- age   2:     852576 bytes,    2983352 total
- age   3:    6651528 bytes,    9634880 total
: 101091K->11526K(109248K), 0,0117691 secs] 101091K->11526K(502464K), 0,0118840 secs] [Times: user=0,04 sys=0,00, real=0,01 secs] 
Heap after GC invocations=3 (full 0):
 par new generation   total 109248K, used 11526K [0x00000000e0000000, 0x00000000e8000000, 0x00000000e8000000)
  eden space 87424K,   0% used [0x00000000e0000000, 0x00000000e0000000, 0x00000000e5560000)
  from space 21824K,  52% used [0x00000000e6ab0000, 0x00000000e75f1ac0, 0x00000000e8000000)
  to   space 21824K,   0% used [0x00000000e5560000, 0x00000000e5560000, 0x00000000e6ab0000)
 concurrent mark-sweep generation total 393216K, used 0K [0x00000000e8000000, 0x0000000100000000, 0x0000000100000000)
 Metaspace       used 20971K, capacity 21274K, committed 21628K, reserved 1069056K
  class space    used 2418K, capacity 2585K, committed 2684K, reserved 1048576K
}
2017-02-14T07:21:09.190+0100: 2,576: Total time for which application threads were stopped: 0,0138020 seconds, Stopping threads took: 0,0017531 seconds
2017-02-14T07:21:09.203+0100: 2,589: [GC (CMS Initial Mark) [1 CMS-initial-mark: 0K(393216K)] 23176K(502464K), 0,0045903 secs] [Times: user=0,01 sys=0,00, real=0,01 secs] 
2017-02-14T07:21:09.208+0100: 2,594: Total time for which application threads were stopped: 0,0058748 seconds, Stopping threads took: 0,0010621 seconds
2017-02-14T07:21:09.208+0100: 2,594: [CMS-concurrent-mark-start]
2017-02-14T07:21:09.208+0100: 2,594: [CMS-concurrent-mark: 0,000/0,000 secs] [Times: user=0,00 sys=0,00, real=0,00 secs] 
2017-02-14T07:21:09.208+0100: 2,594: [CMS-concurrent-preclean-start]
2017-02-14T07:21:09.209+0100: 2,596: [CMS-concurrent-preclean: 0,001/0,001 secs] [Times: user=0,01 sys=0,00, real=0,00 secs] 
2017-02-14T07:21:09.209+0100: 2,596: [CMS-concurrent-abortable-preclean-start]
2017-02-14T07:21:09.270+0100: 2,657: Total time for which application threads were stopped: 0,0001539 seconds, Stopping threads took: 0,0000520 seconds
{Heap before GC invocations=3 (full 1):
 par new generation   total 109248K, used 98950K [0x00000000e0000000, 0x00000000e8000000, 0x00000000e8000000)
  eden space 87424K, 100% used [0x00000000e0000000, 0x00000000e5560000, 0x00000000e5560000)
  from space 21824K,  52% used [0x00000000e6ab0000, 0x00000000e75f1ac0, 0x00000000e8000000)
  to   space 21824K,   0% used [0x00000000e5560000, 0x00000000e5560000, 0x00000000e6ab0000)
 concurrent mark-sweep generation total 393216K, used 0K [0x00000000e8000000, 0x0000000100000000, 0x0000000100000000)
 Metaspace       used 21231K, capacity 21614K, committed 21884K, reserved 1069056K
  class space    used 2445K, capacity 2600K, committed 2684K, reserved 1048576K
2017-02-14T07:21:09.326+0100: 2,712: [GC (Allocation Failure) 2017-02-14T07:21:09.326+0100: 2,712: [ParNew
Desired survivor size 20112992 bytes, new threshold 8 (max 8)
- age   1:    1124840 bytes,    1124840 total
- age   2:    1446648 bytes,    2571488 total
- age   3:     821136 bytes,    3392624 total
- age   4:    6651816 bytes,   10044440 total
: 98950K->14870K(109248K), 0,0159791 secs] 98950K->14870K(502464K), 0,0160562 secs] [Times: user=0,04 sys=0,00, real=0,01 secs] 
Heap after GC invocations=4 (full 1):
 par new generation   total 109248K, used 14870K [0x00000000e0000000, 0x00000000e8000000, 0x00000000e8000000)
  eden space 87424K,   0% used [0x00000000e0000000, 0x00000000e0000000, 0x00000000e5560000)
  from space 21824K,  68% used [0x00000000e5560000, 0x00000000e63e5b98, 0x00000000e6ab0000)
  to   space 21824K,   0% used [0x00000000e6ab0000, 0x00000000e6ab0000, 0x00000000e8000000)
 concurrent mark-sweep generation total 393216K, used 0K [0x00000000e8000000, 0x0000000100000000, 0x0000000100000000)
 Metaspace       used 21231K, capacity 21614K, committed 21884K, reserved 1069056K
  class space    used 2445K, capacity 2600K, committed 2684K, reserved 1048576K
}
2017-02-14T07:21:09.342+0100: 2,728: Total time for which application threads were stopped: 0,0163442 seconds, Stopping threads took: 0,0001144 seconds
{Heap before GC invocations=4 (full 1):
 par new generation   total 109248K, used 102294K [0x00000000e0000000, 0x00000000e8000000, 0x00000000e8000000)
  eden space 87424K, 100% used [0x00000000e0000000, 0x00000000e5560000, 0x00000000e5560000)
  from space 21824K,  68% used [0x00000000e5560000, 0x00000000e63e5b98, 0x00000000e6ab0000)
  to   space 21824K,   0% used [0x00000000e6ab0000, 0x00000000e6ab0000, 0x00000000e8000000)
 concurrent mark-sweep generation total 393216K, used 0K [0x00000000e8000000, 0x0000000100000000, 0x0000000100000000)
 Metaspace       used 21407K, capacity 21786K, committed 21884K, reserved 1069056K
  class space    used 2466K, capacity 2634K, committed 2684K, reserved 1048576K
2017-02-14T07:21:09.453+0100: 2,839: [GC (Allocation Failure) 2017-02-14T07:21:09.453+0100: 2,839: [ParNew
Desired survivor size 20112992 bytes, new threshold 8 (max 8)
- age   1:     276120 bytes,     276120 total
- age   2:     178000 bytes,     454120 total
- age   3:    1446224 bytes,    1900344 total
- age   4:     819152 bytes,    2719496 total
- age   5:    6651536 bytes,    9371032 total
: 102294K->12585K(109248K), 0,0124701 secs] 102294K->12585K(502464K), 0,0125567 secs] [Times: user=0,04 sys=0,00, real=0,01 secs] 
Heap after GC invocations=5 (full 1):
 par new generation   total 109248K, used 12585K [0x00000000e0000000, 0x00000000e8000000, 0x00000000e8000000)
  eden space 87424K,   0% used [0x00000000e0000000, 0x00000000e0000000, 0x00000000e5560000)
  from space 21824K,  57% used [0x00000000e6ab0000, 0x00000000e76fa688, 0x00000000e8000000)
  to   space 21824K,   0% used [0x00000000e5560000, 0x00000000e5560000, 0x00000000e6ab0000)
 concurrent mark-sweep generation total 393216K, used 0K [0x00000000e8000000, 0x0000000100000000, 0x0000000100000000)
 Metaspace       used 21407K, capacity 21786K, committed 21884K, reserved 1069056K
  class space    used 2466K, capacity 2634K, committed 2684K, reserved 1048576K
}
2017-02-14T07:21:09.465+0100: 2,851: Total time for which application threads were stopped: 0,0127409 seconds, Stopping threads took: 0,0000293 seconds
2017-02-14T07:21:09.465+0100: 2,851: [CMS-concurrent-abortable-preclean: 0,178/0,256 secs] [Times: user=0,94 sys=0,01, real=0,25 secs] 
2017-02-14T07:21:09.470+0100: 2,856: [GC (CMS Final Remark) [YG occupancy: 15129 K (109248 K)]{Heap before GC invocations=5 (full 1):
 par new generation   total 109248K, used 15129K [0x00000000e0000000, 0x00000000e8000000, 0x00000000e8000000)
  eden space 87424K,   2% used [0x00000000e0000000, 0x00000000e027c170, 0x00000000e5560000)
  from space 21824K,  57% used [0x00000000e6ab0000, 0x00000000e76fa688, 0x00000000e8000000)
  to   space 21824K,   0% used [0x00000000e5560000, 0x00000000e5560000, 0x00000000e6ab0000)
 concurrent mark-sweep generation total 393216K, used 0K [0x00000000e8000000, 0x0000000100000000, 0x0000000100000000)
 Metaspace       used 21442K, capacity 21786K, committed 21884K, reserved 1069056K
  class space    used 2467K, capacity 2634K, committed 2684K, reserved 1048576K
2017-02-14T07:21:09.470+0100: 2,856: [GC (CMS Final Remark) 2017-02-14T07:21:09.470+0100: 2,856: [ParNew
Desired survivor size 20112992 bytes, new threshold 8 (max 8)
- age   1:     399216 bytes,     399216 total
- age   2:     131424 bytes,     530640 total
- age   3:     177488 bytes,     708128 total
- age   4:    1445368 bytes,    2153496 total
- age   5:     817312 bytes,    2970808 total
- age   6:    6651536 bytes,    9622344 total
: 15129K->11439K(109248K), 0,0149316 secs] 15129K->11439K(502464K), 0,0149780 secs] [Times: user=0,04 sys=0,00, real=0,01 secs] 
Heap after GC invocations=6 (full 1):
 par new generation   total 109248K, used 11439K [0x00000000e0000000, 0x00000000e8000000, 0x00000000e8000000)
  eden space 87424K,   0% used [0x00000000e0000000, 0x00000000e0000000, 0x00000000e5560000)
  from space 21824K,  52% used [0x00000000e5560000, 0x00000000e608bf10, 0x00000000e6ab0000)
  to   space 21824K,   0% used [0x00000000e6ab0000, 0x00000000e6ab0000, 0x00000000e8000000)
 concurrent mark-sweep generation total 393216K, used 0K [0x00000000e8000000, 0x0000000100000000, 0x0000000100000000)
 Metaspace       used 21442K, capacity 21786K, committed 21884K, reserved 1069056K
  class space    used 2467K, capacity 2634K, committed 2684K, reserved 1048576K
}
2017-02-14T07:21:09.485+0100: 2,871: [Rescan (parallel) , 0,0032338 secs]2017-02-14T07:21:09.489+0100: 2,875: [weak refs processing, 0,0006373 secs]2017-02-14T07:21:09.489+0100: 2,875: [class unloading, 0,0029287 secs]2017-02-14T07:21:09.492+0100: 2,878: [scrub symbol table, 0,0034773 secs]2017-02-14T07:21:09.496+0100: 2,882: [scrub string table, 0,0003946 secs][1 CMS-remark: 0K(393216K)] 11439K(502464K), 0,0263867 secs] [Times: user=0,06 sys=0,00, real=0,02 secs] 
2017-02-14T07:21:09.497+0100: 2,883: Total time for which application threads were stopped: 0,0266513 seconds, Stopping threads took: 0,0001761 seconds
2017-02-14T07:21:09.497+0100: 2,883: [CMS-concurrent-sweep-start]
2017-02-14T07:21:09.497+0100: 2,883: [CMS-concurrent-sweep: 0,000/0,000 secs] [Times: user=0,00 sys=0,00, real=0,00 secs] 
2017-02-14T07:21:09.497+0100: 2,883: [CMS-concurrent-reset-start]
2017-02-14T07:21:09.499+0100: 2,885: [CMS-concurrent-reset: 0,002/0,002 secs] [Times: user=0,00 sys=0,00, real=0,01 secs] 
2017-02-14T07:21:09.530+0100: 2,916: Total time for which application threads were stopped: 0,0003183 seconds, Stopping threads took: 0,0000389 seconds
2017-02-14T07:21:09.696+0100: 3,082: Total time for which application threads were stopped: 0,0004042 seconds, Stopping threads took: 0,0000322 seconds
2017-02-14T07:21:09.710+0100: 3,096: Total time for which application threads were stopped: 0,0004527 seconds, Stopping threads took: 0,0000358 seconds
{Heap before GC invocations=6 (full 1):
 par new generation   total 109248K, used 98863K [0x00000000e0000000, 0x00000000e8000000, 0x00000000e8000000)
  eden space 87424K, 100% used [0x00000000e0000000, 0x00000000e5560000, 0x00000000e5560000)
  from space 21824K,  52% used [0x00000000e5560000, 0x00000000e608bf10, 0x00000000e6ab0000)
  to   space 21824K,   0% used [0x00000000e6ab0000, 0x00000000e6ab0000, 0x00000000e8000000)
 concurrent mark-sweep generation total 393216K, used 0K [0x00000000e8000000, 0x0000000100000000, 0x0000000100000000)
 Metaspace       used 24897K, capacity 25352K, committed 25724K, reserved 1071104K
  class space    used 2901K, capacity 3075K, committed 3196K, reserved 1048576K
2017-02-14T07:21:09.978+0100: 3,365: [GC (Allocation Failure) 2017-02-14T07:21:09.978+0100: 3,365: [ParNew
Desired survivor size 20112992 bytes, new threshold 8 (max 8)
- age   1:    5047648 bytes,    5047648 total
- age   2:      17688 bytes,    5065336 total
- age   3:     127544 bytes,    5192880 total
- age   4:     173872 bytes,    5366752 total
- age   5:     273504 bytes,    5640256 total
- age   6:     797424 bytes,    6437680 total
- age   7:    6645448 bytes,   13083128 total
: 98863K->18431K(109248K), 0,0144971 secs] 98863K->18431K(502464K), 0,0145700 secs] [Times: user=0,05 sys=0,00, real=0,01 secs] 
Heap after GC invocations=7 (full 1):
 par new generation   total 109248K, used 18431K [0x00000000e0000000, 0x00000000e8000000, 0x00000000e8000000)
  eden space 87424K,   0% used [0x00000000e0000000, 0x00000000e0000000, 0x00000000e5560000)
  from space 21824K,  84% used [0x00000000e6ab0000, 0x00000000e7cafc58, 0x00000000e8000000)
  to   space 21824K,   0% used [0x00000000e5560000, 0x00000000e5560000, 0x00000000e6ab0000)
 concurrent mark-sweep generation total 393216K, used 0K [0x00000000e8000000, 0x0000000100000000, 0x0000000100000000)
 Metaspace       used 24897K, capacity 25352K, committed 25724K, reserved 1071104K
  class space    used 2901K, capacity 3075K, committed 3196K, reserved 1048576K
}
2017-02-14T07:21:09.993+0100: 3,379: Total time for which application threads were stopped: 0,0148526 seconds, Stopping threads took: 0,0000718 seconds
2017-02-14T07:21:10.163+0100: 3,549: Total time for which application threads were stopped: 0,0004514 seconds, Stopping threads took: 0,0000210 seconds
2017-02-14T07:21:10.178+0100: 3,564: Total time for which application threads were stopped: 0,0003761 seconds, Stopping threads took: 0,0000215 seconds
2017-02-14T07:21:10.232+0100: 3,618: Total time for which application threads were stopped: 0,0004276 seconds, Stopping threads took: 0,0000374 seconds
2017-02-14T07:21:10.664+0100: 4,050: Total time for which application threads were stopped: 0,0005640 seconds, Stopping threads took: 0,0000265 seconds
2017-02-14T07:21:38.134+0100: 32,053: Total time for which application threads were stopped: 0,0001156 seconds, Stopping threads took: 0,0000428 seconds
2017-02-14T07:23:13.144+0100: 127,064: Total time for which application threads were stopped: 0,0000844 seconds, Stopping threads took: 0,0000329 seconds
2017-02-14T07:23:23.145+0100: 137,065: Total time for which application threads were stopped: 0,0001201 seconds, Stopping threads took: 0,0000481 seconds
2017-02-14T07:44:37.286+0100: 1411,206: Total time for which application threads were stopped: 0,0001239 seconds, Stopping threads took: 0,0000472 seconds
2017-02-14T07:49:27.322+0100: 1701,241: Total time for which application threads were stopped: 0,0004558 seconds, Stopping threads took: 0,0001575 seconds
2017-02-14T07:59:33.386+0100: 2307,306: Total time for which application threads were stopped: 0,0001510 seconds, Stopping threads took: 0,0000528 seconds
2017-02-14T07:59:37.387+0100: 2311,306: Total time for which application threads were stopped: 0,0004603 seconds, Stopping threads took: 0,0001815 seconds
2017-02-14T08:14:23.482+0100: 3197,402: Total time for which application threads were stopped: 0,0004108 seconds, Stopping threads took: 0,0001579 seconds
2017-02-14T08:25:42.554+0100: 3876,473: Total time for which application threads were stopped: 0,0001319 seconds, Stopping threads took: 0,0000501 seconds
2017-02-14T08:25:47.555+0100: 3881,474: Total time for which application threads were stopped: 0,0000962 seconds, Stopping threads took: 0,0000346 seconds
2017-02-14T08:27:22.565+0100: 3976,485: Total time for which application threads were stopped: 0,0000877 seconds, Stopping threads took: 0,0000300 seconds
2017-02-14T08:28:37.574+0100: 4051,493: Total time for which application threads were stopped: 0,0000834 seconds, Stopping threads took: 0,0000297 seconds
2017-02-14T08:42:35.909+0100: 4889,829: Total time for which application threads were stopped: 0,0021427 seconds, Stopping threads took: 0,0020032 seconds
2017-02-14T08:42:35.923+0100: 4889,843: Total time for which application threads were stopped: 0,0001956 seconds, Stopping threads took: 0,0000749 seconds
2017-02-14T08:42:35.940+0100: 4889,859: Total time for which application threads were stopped: 0,0013946 seconds, Stopping threads took: 0,0012831 seconds
2017-02-14T08:42:35.945+0100: 4889,865: Total time for which application threads were stopped: 0,0001337 seconds, Stopping threads took: 0,0000265 seconds
Heap
 par new generation   total 109248K, used 86862K [0x00000000e0000000, 0x00000000e8000000, 0x00000000e8000000)
  eden space 87424K,  78% used [0x00000000e0000000, 0x00000000e42d3cc8, 0x00000000e5560000)
  from space 21824K,  84% used [0x00000000e6ab0000, 0x00000000e7cafc58, 0x00000000e8000000)
  to   space 21824K,   0% used [0x00000000e5560000, 0x00000000e5560000, 0x00000000e6ab0000)
 concurrent mark-sweep generation total 393216K, used 0K [0x00000000e8000000, 0x0000000100000000, 0x0000000100000000)
 Metaspace       used 28024K, capacity 28552K, committed 28796K, reserved 1075200K
  class space    used 3226K, capacity 3391K, committed 3452K, reserved 1048576K
