OpenJDK 64-Bit Server VM (25.131-b11) for linux-amd64 JRE (1.8.0_131-8u131-b11-0ubuntu1.16.04.2-b11), built on May  6 2017 02:45:27 by "buildd" with gcc 5.4.0 20160609
Memory: 4k page, physical 7867740k(7468552k free), swap 8076284k(8076284k free)
CommandLine flags: -XX:CMSInitiatingOccupancyFraction=50 -XX:CMSMaxAbortablePrecleanTime=6000 -XX:+CMSParallelRemarkEnabled -XX:+CMSScavengeBeforeRemark -XX:ConcGCThreads=4 -XX:InitialHeapSize=536870912 -XX:MaxHeapSize=536870912 -XX:MaxTenuringThreshold=8 -XX:NewRatio=3 -XX:OldPLABSize=16 -XX:OnOutOfMemoryError=/opt/solr/bin/oom_solr.sh 8983 /var/solr/logs -XX:ParallelGCThreads=4 -XX:+ParallelRefProcEnabled -XX:PretenureSizeThreshold=67108864 -XX:+PrintGC -XX:+PrintGCApplicationStoppedTime -XX:+PrintGCDateStamps -XX:+PrintGCDetails -XX:+PrintGCTimeStamps -XX:+PrintHeapAtGC -XX:+PrintTenuringDistribution -XX:SurvivorRatio=4 -XX:TargetSurvivorRatio=90 -XX:ThreadStackSize=256 -XX:+UseCMSInitiatingOccupancyOnly -XX:+UseCompressedClassPointers -XX:+UseCompressedOops -XX:+UseConcMarkSweepGC -XX:+UseParNewGC 
2017-07-02T14:35:18.899+0200: 0,186: Total time for which application threads were stopped: 0,0000655 seconds, Stopping threads took: 0,0000084 seconds
2017-07-02T14:35:19.014+0200: 0,301: Total time for which application threads were stopped: 0,0001248 seconds, Stopping threads took: 0,0000146 seconds
2017-07-02T14:35:19.060+0200: 0,346: Total time for which application threads were stopped: 0,0001120 seconds, Stopping threads took: 0,0000151 seconds
2017-07-02T14:35:19.379+0200: 0,665: Total time for which application threads were stopped: 0,0001622 seconds, Stopping threads took: 0,0000134 seconds
2017-07-02T14:35:19.801+0200: 1,088: Total time for which application threads were stopped: 0,0003923 seconds, Stopping threads took: 0,0000907 seconds
2017-07-02T14:35:19.888+0200: 1,175: Total time for which application threads were stopped: 0,0004107 seconds, Stopping threads took: 0,0000947 seconds
2017-07-02T14:35:19.913+0200: 1,200: Total time for which application threads were stopped: 0,0001662 seconds, Stopping threads took: 0,0000318 seconds
2017-07-02T14:35:20.212+0200: 1,498: Total time for which application threads were stopped: 0,0001825 seconds, Stopping threads took: 0,0000246 seconds
2017-07-02T14:35:20.470+0200: 1,756: Total time for which application threads were stopped: 0,0013999 seconds, Stopping threads took: 0,0001210 seconds
2017-07-02T14:35:20.498+0200: 1,785: Total time for which application threads were stopped: 0,0001574 seconds, Stopping threads took: 0,0000112 seconds
2017-07-02T14:35:20.534+0200: 1,821: Total time for which application threads were stopped: 0,0002185 seconds, Stopping threads took: 0,0000216 seconds
2017-07-02T14:35:20.535+0200: 1,822: Total time for which application threads were stopped: 0,0001833 seconds, Stopping threads took: 0,0000173 seconds
2017-07-02T14:35:20.558+0200: 1,845: Total time for which application threads were stopped: 0,0001850 seconds, Stopping threads took: 0,0000169 seconds
2017-07-02T14:35:20.639+0200: 1,926: Total time for which application threads were stopped: 0,0002442 seconds, Stopping threads took: 0,0000212 seconds
{Heap before GC invocations=0 (full 0):
 par new generation   total 109248K, used 87424K [0x00000000e0000000, 0x00000000e8000000, 0x00000000e8000000)
  eden space 87424K, 100% used [0x00000000e0000000, 0x00000000e5560000, 0x00000000e5560000)
  from space 21824K,   0% used [0x00000000e5560000, 0x00000000e5560000, 0x00000000e6ab0000)
  to   space 21824K,   0% used [0x00000000e6ab0000, 0x00000000e6ab0000, 0x00000000e8000000)
 concurrent mark-sweep generation total 393216K, used 0K [0x00000000e8000000, 0x0000000100000000, 0x0000000100000000)
 Metaspace       used 17277K, capacity 17562K, committed 17792K, reserved 1064960K
  class space    used 1967K, capacity 2131K, committed 2176K, reserved 1048576K
2017-07-02T14:35:20.808+0200: 2,094: [GC (Allocation Failure) 2017-07-02T14:35:20.808+0200: 2,095: [ParNew
Desired survivor size 20112992 bytes, new threshold 8 (max 8)
- age   1:   10673248 bytes,   10673248 total
: 87424K->10524K(109248K), 0,0135157 secs] 87424K->10524K(502464K), 0,0136074 secs] [Times: user=0,05 sys=0,00, real=0,01 secs] 
Heap after GC invocations=1 (full 0):
 par new generation   total 109248K, used 10524K [0x00000000e0000000, 0x00000000e8000000, 0x00000000e8000000)
  eden space 87424K,   0% used [0x00000000e0000000, 0x00000000e0000000, 0x00000000e5560000)
  from space 21824K,  48% used [0x00000000e6ab0000, 0x00000000e74f72d0, 0x00000000e8000000)
  to   space 21824K,   0% used [0x00000000e5560000, 0x00000000e5560000, 0x00000000e6ab0000)
 concurrent mark-sweep generation total 393216K, used 0K [0x00000000e8000000, 0x0000000100000000, 0x0000000100000000)
 Metaspace       used 17277K, capacity 17562K, committed 17792K, reserved 1064960K
  class space    used 1967K, capacity 2131K, committed 2176K, reserved 1048576K
}
2017-07-02T14:35:20.821+0200: 2,108: Total time for which application threads were stopped: 0,0138698 seconds, Stopping threads took: 0,0000617 seconds
2017-07-02T14:35:20.829+0200: 2,116: Total time for which application threads were stopped: 0,0002496 seconds, Stopping threads took: 0,0000560 seconds
2017-07-02T14:35:21.283+0200: 2,569: Total time for which application threads were stopped: 0,0003525 seconds, Stopping threads took: 0,0000364 seconds
{Heap before GC invocations=1 (full 0):
 par new generation   total 109248K, used 97948K [0x00000000e0000000, 0x00000000e8000000, 0x00000000e8000000)
  eden space 87424K, 100% used [0x00000000e0000000, 0x00000000e5560000, 0x00000000e5560000)
  from space 21824K,  48% used [0x00000000e6ab0000, 0x00000000e74f72d0, 0x00000000e8000000)
  to   space 21824K,   0% used [0x00000000e5560000, 0x00000000e5560000, 0x00000000e6ab0000)
 concurrent mark-sweep generation total 393216K, used 0K [0x00000000e8000000, 0x0000000100000000, 0x0000000100000000)
 Metaspace       used 20025K, capacity 20368K, committed 20736K, reserved 1067008K
  class space    used 2294K, capacity 2470K, committed 2560K, reserved 1048576K
2017-07-02T14:35:21.325+0200: 2,612: [GC (Allocation Failure) 2017-07-02T14:35:21.325+0200: 2,612: [ParNew
Desired survivor size 20112992 bytes, new threshold 8 (max 8)
- age   1:    4937928 bytes,    4937928 total
- age   2:    5517840 bytes,   10455768 total
: 97948K->13692K(109248K), 0,0202923 secs] 97948K->13692K(502464K), 0,0203696 secs] [Times: user=0,06 sys=0,00, real=0,02 secs] 
Heap after GC invocations=2 (full 0):
 par new generation   total 109248K, used 13692K [0x00000000e0000000, 0x00000000e8000000, 0x00000000e8000000)
  eden space 87424K,   0% used [0x00000000e0000000, 0x00000000e0000000, 0x00000000e5560000)
  from space 21824K,  62% used [0x00000000e5560000, 0x00000000e62bf200, 0x00000000e6ab0000)
  to   space 21824K,   0% used [0x00000000e6ab0000, 0x00000000e6ab0000, 0x00000000e8000000)
 concurrent mark-sweep generation total 393216K, used 0K [0x00000000e8000000, 0x0000000100000000, 0x0000000100000000)
 Metaspace       used 20025K, capacity 20368K, committed 20736K, reserved 1067008K
  class space    used 2294K, capacity 2470K, committed 2560K, reserved 1048576K
}
2017-07-02T14:35:21.345+0200: 2,632: Total time for which application threads were stopped: 0,0206649 seconds, Stopping threads took: 0,0001032 seconds
2017-07-02T14:35:21.362+0200: 2,649: Total time for which application threads were stopped: 0,0018780 seconds, Stopping threads took: 0,0016078 seconds
2017-07-02T14:35:21.413+0200: 2,699: Total time for which application threads were stopped: 0,0003124 seconds, Stopping threads took: 0,0000228 seconds
2017-07-02T14:35:21.533+0200: 2,820: Total time for which application threads were stopped: 0,0001720 seconds, Stopping threads took: 0,0000321 seconds
{Heap before GC invocations=2 (full 0):
 par new generation   total 109248K, used 101116K [0x00000000e0000000, 0x00000000e8000000, 0x00000000e8000000)
  eden space 87424K, 100% used [0x00000000e0000000, 0x00000000e5560000, 0x00000000e5560000)
  from space 21824K,  62% used [0x00000000e5560000, 0x00000000e62bf200, 0x00000000e6ab0000)
  to   space 21824K,   0% used [0x00000000e6ab0000, 0x00000000e6ab0000, 0x00000000e8000000)
 concurrent mark-sweep generation total 393216K, used 0K [0x00000000e8000000, 0x0000000100000000, 0x0000000100000000)
 Metaspace       used 20963K, capacity 21296K, committed 21628K, reserved 1069056K
  class space    used 2416K, capacity 2590K, committed 2684K, reserved 1048576K
2017-07-02T14:35:21.569+0200: 2,855: [GC (Allocation Failure) 2017-07-02T14:35:21.569+0200: 2,855: [ParNew
Desired survivor size 20112992 bytes, new threshold 8 (max 8)
- age   1:    2110176 bytes,    2110176 total
- age   2:    1940912 bytes,    4051088 total
- age   3:    5516040 bytes,    9567128 total
: 101116K->11081K(109248K), 0,0103800 secs] 101116K->11081K(502464K), 0,0104604 secs] [Times: user=0,04 sys=0,00, real=0,01 secs] 
Heap after GC invocations=3 (full 0):
 par new generation   total 109248K, used 11081K [0x00000000e0000000, 0x00000000e8000000, 0x00000000e8000000)
  eden space 87424K,   0% used [0x00000000e0000000, 0x00000000e0000000, 0x00000000e5560000)
  from space 21824K,  50% used [0x00000000e6ab0000, 0x00000000e7582440, 0x00000000e8000000)
  to   space 21824K,   0% used [0x00000000e5560000, 0x00000000e5560000, 0x00000000e6ab0000)
 concurrent mark-sweep generation total 393216K, used 0K [0x00000000e8000000, 0x0000000100000000, 0x0000000100000000)
 Metaspace       used 20963K, capacity 21296K, committed 21628K, reserved 1069056K
  class space    used 2416K, capacity 2590K, committed 2684K, reserved 1048576K
}
2017-07-02T14:35:21.579+0200: 2,866: Total time for which application threads were stopped: 0,0107041 seconds, Stopping threads took: 0,0000926 seconds
2017-07-02T14:35:21.579+0200: 2,866: [GC (CMS Initial Mark) [1 CMS-initial-mark: 0K(393216K)] 12796K(502464K), 0,0034773 secs] [Times: user=0,02 sys=0,00, real=0,01 secs] 
2017-07-02T14:35:21.583+0200: 2,870: Total time for which application threads were stopped: 0,0036246 seconds, Stopping threads took: 0,0000501 seconds
2017-07-02T14:35:21.583+0200: 2,870: [CMS-concurrent-mark-start]
2017-07-02T14:35:21.583+0200: 2,870: [CMS-concurrent-mark: 0,001/0,001 secs] [Times: user=0,00 sys=0,00, real=0,00 secs] 
2017-07-02T14:35:21.584+0200: 2,870: [CMS-concurrent-preclean-start]
2017-07-02T14:35:21.585+0200: 2,871: [CMS-concurrent-preclean: 0,001/0,001 secs] [Times: user=0,00 sys=0,00, real=0,00 secs] 
2017-07-02T14:35:21.585+0200: 2,872: [GC (CMS Final Remark) [YG occupancy: 12796 K (109248 K)]{Heap before GC invocations=3 (full 1):
 par new generation   total 109248K, used 12796K [0x00000000e0000000, 0x00000000e8000000, 0x00000000e8000000)
  eden space 87424K,   1% used [0x00000000e0000000, 0x00000000e01acbf0, 0x00000000e5560000)
  from space 21824K,  50% used [0x00000000e6ab0000, 0x00000000e7582440, 0x00000000e8000000)
  to   space 21824K,   0% used [0x00000000e5560000, 0x00000000e5560000, 0x00000000e6ab0000)
 concurrent mark-sweep generation total 393216K, used 0K [0x00000000e8000000, 0x0000000100000000, 0x0000000100000000)
 Metaspace       used 20963K, capacity 21296K, committed 21628K, reserved 1069056K
  class space    used 2416K, capacity 2590K, committed 2684K, reserved 1048576K
2017-07-02T14:35:21.585+0200: 2,872: [GC (CMS Final Remark) 2017-07-02T14:35:21.585+0200: 2,872: [ParNew
Desired survivor size 20112992 bytes, new threshold 8 (max 8)
- age   1:     200464 bytes,     200464 total
- age   2:    1677288 bytes,    1877752 total
- age   3:    1910200 bytes,    3787952 total
- age   4:    5515976 bytes,    9303928 total
: 12796K->12588K(109248K), 0,0159626 secs] 12796K->12588K(502464K), 0,0160028 secs] [Times: user=0,05 sys=0,00, real=0,01 secs] 
Heap after GC invocations=4 (full 1):
 par new generation   total 109248K, used 12588K [0x00000000e0000000, 0x00000000e8000000, 0x00000000e8000000)
  eden space 87424K,   0% used [0x00000000e0000000, 0x00000000e0000000, 0x00000000e5560000)
  from space 21824K,  57% used [0x00000000e5560000, 0x00000000e61ab1b0, 0x00000000e6ab0000)
  to   space 21824K,   0% used [0x00000000e6ab0000, 0x00000000e6ab0000, 0x00000000e8000000)
 concurrent mark-sweep generation total 393216K, used 0K [0x00000000e8000000, 0x0000000100000000, 0x0000000100000000)
 Metaspace       used 20963K, capacity 21296K, committed 21628K, reserved 1069056K
  class space    used 2416K, capacity 2590K, committed 2684K, reserved 1048576K
}
2017-07-02T14:35:21.601+0200: 2,888: [Rescan (parallel) , 0,0046631 secs]2017-07-02T14:35:21.606+0200: 2,893: [weak refs processing, 0,0015753 secs]2017-07-02T14:35:21.607+0200: 2,894: [class unloading, 0,0038417 secs]2017-07-02T14:35:21.611+0200: 2,898: [scrub symbol table, 0,0039107 secs]2017-07-02T14:35:21.615+0200: 2,902: [scrub string table, 0,0004586 secs][1 CMS-remark: 0K(393216K)] 12588K(502464K), 0,0313662 secs] [Times: user=0,10 sys=0,00, real=0,03 secs] 
2017-07-02T14:35:21.616+0200: 2,903: Total time for which application threads were stopped: 0,0315245 seconds, Stopping threads took: 0,0000539 seconds
2017-07-02T14:35:21.621+0200: 2,907: [CMS-concurrent-sweep-start]
2017-07-02T14:35:21.621+0200: 2,908: [CMS-concurrent-sweep: 0,000/0,000 secs] [Times: user=0,00 sys=0,00, real=0,00 secs] 
2017-07-02T14:35:21.621+0200: 2,908: [CMS-concurrent-reset-start]
2017-07-02T14:35:21.623+0200: 2,910: [CMS-concurrent-reset: 0,002/0,002 secs] [Times: user=0,01 sys=0,01, real=0,01 secs] 
{Heap before GC invocations=4 (full 1):
 par new generation   total 109248K, used 100012K [0x00000000e0000000, 0x00000000e8000000, 0x00000000e8000000)
  eden space 87424K, 100% used [0x00000000e0000000, 0x00000000e5560000, 0x00000000e5560000)
  from space 21824K,  57% used [0x00000000e5560000, 0x00000000e61ab1b0, 0x00000000e6ab0000)
  to   space 21824K,   0% used [0x00000000e6ab0000, 0x00000000e6ab0000, 0x00000000e8000000)
 concurrent mark-sweep generation total 393216K, used 0K [0x00000000e8000000, 0x0000000100000000, 0x0000000100000000)
 Metaspace       used 21217K, capacity 21578K, committed 21884K, reserved 1069056K
  class space    used 2446K, capacity 2606K, committed 2684K, reserved 1048576K
2017-07-02T14:35:21.709+0200: 2,996: [GC (Allocation Failure) 2017-07-02T14:35:21.710+0200: 2,996: [ParNew
Desired survivor size 20112992 bytes, new threshold 8 (max 8)
- age   1:    1118432 bytes,    1118432 total
- age   3:    1506128 bytes,    2624560 total
- age   4:    1906088 bytes,    4530648 total
- age   5:    5516000 bytes,   10046648 total
: 100012K->12386K(109248K), 0,0096945 secs] 100012K->12386K(502464K), 0,0097577 secs] [Times: user=0,04 sys=0,00, real=0,00 secs] 
Heap after GC invocations=5 (full 1):
 par new generation   total 109248K, used 12386K [0x00000000e0000000, 0x00000000e8000000, 0x00000000e8000000)
  eden space 87424K,   0% used [0x00000000e0000000, 0x00000000e0000000, 0x00000000e5560000)
  from space 21824K,  56% used [0x00000000e6ab0000, 0x00000000e76c8b40, 0x00000000e8000000)
  to   space 21824K,   0% used [0x00000000e5560000, 0x00000000e5560000, 0x00000000e6ab0000)
 concurrent mark-sweep generation total 393216K, used 0K [0x00000000e8000000, 0x0000000100000000, 0x0000000100000000)
 Metaspace       used 21217K, capacity 21578K, committed 21884K, reserved 1069056K
  class space    used 2446K, capacity 2606K, committed 2684K, reserved 1048576K
}
2017-07-02T14:35:21.719+0200: 3,006: Total time for which application threads were stopped: 0,0119909 seconds, Stopping threads took: 0,0021021 seconds
{Heap before GC invocations=5 (full 1):
 par new generation   total 109248K, used 99810K [0x00000000e0000000, 0x00000000e8000000, 0x00000000e8000000)
  eden space 87424K, 100% used [0x00000000e0000000, 0x00000000e5560000, 0x00000000e5560000)
  from space 21824K,  56% used [0x00000000e6ab0000, 0x00000000e76c8b40, 0x00000000e8000000)
  to   space 21824K,   0% used [0x00000000e5560000, 0x00000000e5560000, 0x00000000e6ab0000)
 concurrent mark-sweep generation total 393216K, used 0K [0x00000000e8000000, 0x0000000100000000, 0x0000000100000000)
 Metaspace       used 21364K, capacity 21802K, committed 21884K, reserved 1069056K
  class space    used 2465K, capacity 2638K, committed 2684K, reserved 1048576K
2017-07-02T14:35:21.803+0200: 3,090: [GC (Allocation Failure) 2017-07-02T14:35:21.803+0200: 3,090: [ParNew
Desired survivor size 20112992 bytes, new threshold 8 (max 8)
- age   1:     684064 bytes,     684064 total
- age   2:     178456 bytes,     862520 total
- age   4:    1506192 bytes,    2368712 total
- age   5:    1904056 bytes,    4272768 total
- age   6:    5516320 bytes,    9789088 total
: 99810K->13102K(109248K), 0,0103810 secs] 99810K->13102K(502464K), 0,0104661 secs] [Times: user=0,04 sys=0,01, real=0,01 secs] 
Heap after GC invocations=6 (full 1):
 par new generation   total 109248K, used 13102K [0x00000000e0000000, 0x00000000e8000000, 0x00000000e8000000)
  eden space 87424K,   0% used [0x00000000e0000000, 0x00000000e0000000, 0x00000000e5560000)
  from space 21824K,  60% used [0x00000000e5560000, 0x00000000e622b850, 0x00000000e6ab0000)
  to   space 21824K,   0% used [0x00000000e6ab0000, 0x00000000e6ab0000, 0x00000000e8000000)
 concurrent mark-sweep generation total 393216K, used 0K [0x00000000e8000000, 0x0000000100000000, 0x0000000100000000)
 Metaspace       used 21364K, capacity 21802K, committed 21884K, reserved 1069056K
  class space    used 2465K, capacity 2638K, committed 2684K, reserved 1048576K
}
2017-07-02T14:35:21.814+0200: 3,101: Total time for which application threads were stopped: 0,0107122 seconds, Stopping threads took: 0,0000907 seconds
2017-07-02T14:35:21.857+0200: 3,144: Total time for which application threads were stopped: 0,0003703 seconds, Stopping threads took: 0,0000203 seconds
2017-07-02T14:35:22.091+0200: 3,378: Total time for which application threads were stopped: 0,0004193 seconds, Stopping threads took: 0,0000420 seconds
2017-07-02T14:35:22.106+0200: 3,393: Total time for which application threads were stopped: 0,0003788 seconds, Stopping threads took: 0,0000197 seconds
2017-07-02T14:35:22.140+0200: 3,427: Total time for which application threads were stopped: 0,0003768 seconds, Stopping threads took: 0,0000220 seconds
2017-07-02T14:35:22.259+0200: 3,546: Total time for which application threads were stopped: 0,0002342 seconds, Stopping threads took: 0,0000973 seconds
{Heap before GC invocations=6 (full 1):
 par new generation   total 109248K, used 100558K [0x00000000e0000000, 0x00000000e8000000, 0x00000000e8000000)
  eden space 87424K, 100% used [0x00000000e0000000, 0x00000000e5560000, 0x00000000e5560000)
  from space 21824K,  60% used [0x00000000e5560000, 0x00000000e6233860, 0x00000000e6ab0000)
  to   space 21824K,   0% used [0x00000000e6ab0000, 0x00000000e6ab0000, 0x00000000e8000000)
 concurrent mark-sweep generation total 393216K, used 0K [0x00000000e8000000, 0x0000000100000000, 0x0000000100000000)
 Metaspace       used 23898K, capacity 24342K, committed 24572K, reserved 1071104K
  class space    used 2813K, capacity 3014K, committed 3068K, reserved 1048576K
2017-07-02T14:35:22.260+0200: 3,547: [GC (GCLocker Initiated GC) 2017-07-02T14:35:22.260+0200: 3,547: [ParNew
Desired survivor size 20112992 bytes, new threshold 8 (max 8)
- age   1:    5360480 bytes,    5360480 total
- age   2:     114520 bytes,    5475000 total
- age   3:     176936 bytes,    5651936 total
- age   5:     336312 bytes,    5988248 total
- age   6:    1879488 bytes,    7867736 total
- age   7:    5507928 bytes,   13375664 total
: 100558K->17305K(109248K), 0,0124645 secs] 100558K->17305K(502464K), 0,0125315 secs] [Times: user=0,04 sys=0,00, real=0,02 secs] 
Heap after GC invocations=7 (full 1):
 par new generation   total 109248K, used 17305K [0x00000000e0000000, 0x00000000e8000000, 0x00000000e8000000)
  eden space 87424K,   0% used [0x00000000e0000000, 0x00000000e0000000, 0x00000000e5560000)
  from space 21824K,  79% used [0x00000000e6ab0000, 0x00000000e7b96480, 0x00000000e8000000)
  to   space 21824K,   0% used [0x00000000e5560000, 0x00000000e5560000, 0x00000000e6ab0000)
 concurrent mark-sweep generation total 393216K, used 0K [0x00000000e8000000, 0x0000000100000000, 0x0000000100000000)
 Metaspace       used 23898K, capacity 24342K, committed 24572K, reserved 1071104K
  class space    used 2813K, capacity 3014K, committed 3068K, reserved 1048576K
}
2017-07-02T14:35:22.272+0200: 3,559: Total time for which application threads were stopped: 0,0130253 seconds, Stopping threads took: 0,0003565 seconds
{Heap before GC invocations=7 (full 1):
 par new generation   total 109248K, used 104729K [0x00000000e0000000, 0x00000000e8000000, 0x00000000e8000000)
  eden space 87424K, 100% used [0x00000000e0000000, 0x00000000e5560000, 0x00000000e5560000)
  from space 21824K,  79% used [0x00000000e6ab0000, 0x00000000e7b96480, 0x00000000e8000000)
  to   space 21824K,   0% used [0x00000000e5560000, 0x00000000e5560000, 0x00000000e6ab0000)
 concurrent mark-sweep generation total 393216K, used 0K [0x00000000e8000000, 0x0000000100000000, 0x0000000100000000)
 Metaspace       used 24444K, capacity 24898K, committed 25084K, reserved 1071104K
  class space    used 2861K, capacity 3048K, committed 3068K, reserved 1048576K
2017-07-02T14:35:22.372+0200: 3,659: [GC (Allocation Failure) 2017-07-02T14:35:22.372+0200: 3,659: [ParNew
Desired survivor size 20112992 bytes, new threshold 8 (max 8)
- age   1:    1678432 bytes,    1678432 total
- age   2:    1784808 bytes,    3463240 total
- age   3:      58152 bytes,    3521392 total
- age   4:     101184 bytes,    3622576 total
- age   6:     202896 bytes,    3825472 total
- age   7:    1343488 bytes,    5168960 total
- age   8:    5507512 bytes,   10676472 total
: 104729K->14265K(109248K), 0,0280264 secs] 104729K->14265K(502464K), 0,0280985 secs] [Times: user=0,05 sys=0,00, real=0,02 secs] 
Heap after GC invocations=8 (full 1):
 par new generation   total 109248K, used 14265K [0x00000000e0000000, 0x00000000e8000000, 0x00000000e8000000)
  eden space 87424K,   0% used [0x00000000e0000000, 0x00000000e0000000, 0x00000000e5560000)
  from space 21824K,  65% used [0x00000000e5560000, 0x00000000e634e760, 0x00000000e6ab0000)
  to   space 21824K,   0% used [0x00000000e6ab0000, 0x00000000e6ab0000, 0x00000000e8000000)
 concurrent mark-sweep generation total 393216K, used 0K [0x00000000e8000000, 0x0000000100000000, 0x0000000100000000)
 Metaspace       used 24444K, capacity 24898K, committed 25084K, reserved 1071104K
  class space    used 2861K, capacity 3048K, committed 3068K, reserved 1048576K
}
2017-07-02T14:35:22.400+0200: 3,687: Total time for which application threads were stopped: 0,0283331 seconds, Stopping threads took: 0,0000371 seconds
2017-07-02T14:35:22.488+0200: 3,775: Total time for which application threads were stopped: 0,0001463 seconds, Stopping threads took: 0,0000485 seconds
{Heap before GC invocations=8 (full 1):
 par new generation   total 109248K, used 101721K [0x00000000e0000000, 0x00000000e8000000, 0x00000000e8000000)
  eden space 87424K, 100% used [0x00000000e0000000, 0x00000000e5560000, 0x00000000e5560000)
  from space 21824K,  65% used [0x00000000e5560000, 0x00000000e6356770, 0x00000000e6ab0000)
  to   space 21824K,   0% used [0x00000000e6ab0000, 0x00000000e6ab0000, 0x00000000e8000000)
 concurrent mark-sweep generation total 393216K, used 0K [0x00000000e8000000, 0x0000000100000000, 0x0000000100000000)
 Metaspace       used 24585K, capacity 25046K, committed 25084K, reserved 1071104K
  class space    used 2873K, capacity 3052K, committed 3068K, reserved 1048576K
2017-07-02T14:35:22.488+0200: 3,775: [GC (Allocation Failure) 2017-07-02T14:35:22.488+0200: 3,775: [ParNew
Desired survivor size 20112992 bytes, new threshold 8 (max 8)
- age   1:     468376 bytes,     468376 total
- age   2:     995160 bytes,    1463536 total
- age   3:    1756880 bytes,    3220416 total
- age   4:      58152 bytes,    3278568 total
- age   5:     101056 bytes,    3379624 total
- age   7:     200160 bytes,    3579784 total
- age   8:    1342720 bytes,    4922504 total
: 101721K->6868K(109248K), 0,0297588 secs] 101721K->12327K(502464K), 0,0298212 secs] [Times: user=0,10 sys=0,00, real=0,03 secs] 
Heap after GC invocations=9 (full 1):
 par new generation   total 109248K, used 6868K [0x00000000e0000000, 0x00000000e8000000, 0x00000000e8000000)
  eden space 87424K,   0% used [0x00000000e0000000, 0x00000000e0000000, 0x00000000e5560000)
  from space 21824K,  31% used [0x00000000e6ab0000, 0x00000000e71652b0, 0x00000000e8000000)
  to   space 21824K,   0% used [0x00000000e5560000, 0x00000000e5560000, 0x00000000e6ab0000)
 concurrent mark-sweep generation total 393216K, used 5458K [0x00000000e8000000, 0x0000000100000000, 0x0000000100000000)
 Metaspace       used 24585K, capacity 25046K, committed 25084K, reserved 1071104K
  class space    used 2873K, capacity 3052K, committed 3068K, reserved 1048576K
}
2017-07-02T14:35:22.518+0200: 3,805: Total time for which application threads were stopped: 0,0299838 seconds, Stopping threads took: 0,0000394 seconds
{Heap before GC invocations=9 (full 1):
 par new generation   total 109248K, used 16343K [0x00000000e0000000, 0x00000000e8000000, 0x00000000e8000000)
  eden space 87424K,  10% used [0x00000000e0000000, 0x00000000e0940998, 0x00000000e5560000)
  from space 21824K,  31% used [0x00000000e6ab0000, 0x00000000e71652b0, 0x00000000e8000000)
  to   space 21824K,   0% used [0x00000000e5560000, 0x00000000e5560000, 0x00000000e6ab0000)
 concurrent mark-sweep generation total 393216K, used 5458K [0x00000000e8000000, 0x0000000100000000, 0x0000000100000000)
 Metaspace       used 24591K, capacity 25052K, committed 25084K, reserved 1071104K
  class space    used 2873K, capacity 3053K, committed 3068K, reserved 1048576K
2017-07-02T14:35:22.528+0200: 3,815: [GC (GCLocker Initiated GC) 2017-07-02T14:35:22.528+0200: 3,815: [ParNew
Desired survivor size 20112992 bytes, new threshold 8 (max 8)
- age   1:     527648 bytes,     527648 total
- age   2:     313816 bytes,     841464 total
- age   3:     995208 bytes,    1836672 total
- age   4:    1756880 bytes,    3593552 total
- age   5:      58152 bytes,    3651704 total
- age   6:     100952 bytes,    3752656 total
- age   8:     200160 bytes,    3952816 total
: 16343K->5558K(109248K), 0,0080490 secs] 21801K->12343K(502464K), 0,0081223 secs] [Times: user=0,02 sys=0,00, real=0,01 secs] 
Heap after GC invocations=10 (full 1):
 par new generation   total 109248K, used 5558K [0x00000000e0000000, 0x00000000e8000000, 0x00000000e8000000)
  eden space 87424K,   0% used [0x00000000e0000000, 0x00000000e0000000, 0x00000000e5560000)
  from space 21824K,  25% used [0x00000000e5560000, 0x00000000e5acdad8, 0x00000000e6ab0000)
  to   space 21824K,   0% used [0x00000000e6ab0000, 0x00000000e6ab0000, 0x00000000e8000000)
 concurrent mark-sweep generation total 393216K, used 6785K [0x00000000e8000000, 0x0000000100000000, 0x0000000100000000)
 Metaspace       used 24591K, capacity 25052K, committed 25084K, reserved 1071104K
  class space    used 2873K, capacity 3053K, committed 3068K, reserved 1048576K
}
2017-07-02T14:35:22.537+0200: 3,823: Total time for which application threads were stopped: 0,0087157 seconds, Stopping threads took: 0,0004548 seconds
2017-07-02T14:35:22.766+0200: 4,053: Total time for which application threads were stopped: 0,0004660 seconds, Stopping threads took: 0,0000361 seconds
2017-07-02T14:35:22.767+0200: 4,054: Total time for which application threads were stopped: 0,0001068 seconds, Stopping threads took: 0,0000332 seconds
2017-07-02T14:35:22.768+0200: 4,055: Total time for which application threads were stopped: 0,0000875 seconds, Stopping threads took: 0,0000264 seconds
2017-07-02T14:35:22.772+0200: 4,059: Total time for which application threads were stopped: 0,0002984 seconds, Stopping threads took: 0,0002015 seconds
2017-07-02T14:35:22.773+0200: 4,060: Total time for which application threads were stopped: 0,0006778 seconds, Stopping threads took: 0,0006156 seconds
2017-07-02T14:35:22.774+0200: 4,061: Total time for which application threads were stopped: 0,0001316 seconds, Stopping threads took: 0,0000353 seconds
2017-07-02T14:35:22.777+0200: 4,064: Total time for which application threads were stopped: 0,0001429 seconds, Stopping threads took: 0,0000420 seconds
2017-07-02T14:35:22.780+0200: 4,067: Total time for which application threads were stopped: 0,0001137 seconds, Stopping threads took: 0,0000430 seconds
2017-07-02T14:35:22.785+0200: 4,072: Total time for which application threads were stopped: 0,0034961 seconds, Stopping threads took: 0,0034160 seconds
2017-07-02T14:35:22.786+0200: 4,073: Total time for which application threads were stopped: 0,0001028 seconds, Stopping threads took: 0,0000360 seconds
2017-07-02T14:35:22.786+0200: 4,073: Total time for which application threads were stopped: 0,0000970 seconds, Stopping threads took: 0,0000266 seconds
2017-07-02T14:35:22.839+0200: 4,126: Total time for which application threads were stopped: 0,0006151 seconds, Stopping threads took: 0,0001762 seconds
2017-07-02T14:35:22.849+0200: 4,136: Total time for which application threads were stopped: 0,0001494 seconds, Stopping threads took: 0,0000568 seconds
2017-07-02T14:35:22.853+0200: 4,140: Total time for which application threads were stopped: 0,0001179 seconds, Stopping threads took: 0,0000276 seconds
2017-07-02T14:35:22.854+0200: 4,141: Total time for which application threads were stopped: 0,0003990 seconds, Stopping threads took: 0,0000174 seconds
2017-07-02T14:35:22.855+0200: 4,142: Total time for which application threads were stopped: 0,0001350 seconds, Stopping threads took: 0,0000405 seconds
2017-07-02T14:35:22.858+0200: 4,145: Total time for which application threads were stopped: 0,0000900 seconds, Stopping threads took: 0,0000180 seconds
2017-07-02T14:35:22.859+0200: 4,146: Total time for which application threads were stopped: 0,0000793 seconds, Stopping threads took: 0,0000236 seconds
2017-07-02T14:35:22.862+0200: 4,149: Total time for which application threads were stopped: 0,0001174 seconds, Stopping threads took: 0,0000298 seconds
2017-07-02T14:35:22.863+0200: 4,150: Total time for which application threads were stopped: 0,0001512 seconds, Stopping threads took: 0,0000397 seconds
2017-07-02T14:35:22.866+0200: 4,153: Total time for which application threads were stopped: 0,0001642 seconds, Stopping threads took: 0,0000664 seconds
2017-07-02T14:35:22.867+0200: 4,154: Total time for which application threads were stopped: 0,0000855 seconds, Stopping threads took: 0,0000211 seconds
2017-07-02T14:35:22.867+0200: 4,154: Total time for which application threads were stopped: 0,0001383 seconds, Stopping threads took: 0,0000571 seconds
2017-07-02T14:35:22.904+0200: 4,191: Total time for which application threads were stopped: 0,0004060 seconds, Stopping threads took: 0,0000486 seconds
2017-07-02T14:35:22.905+0200: 4,192: Total time for which application threads were stopped: 0,0001668 seconds, Stopping threads took: 0,0000404 seconds
2017-07-02T14:35:22.906+0200: 4,193: Total time for which application threads were stopped: 0,0001621 seconds, Stopping threads took: 0,0000878 seconds
2017-07-02T14:35:22.909+0200: 4,196: Total time for which application threads were stopped: 0,0001139 seconds, Stopping threads took: 0,0000309 seconds
2017-07-02T14:35:22.910+0200: 4,197: Total time for which application threads were stopped: 0,0001098 seconds, Stopping threads took: 0,0000282 seconds
2017-07-02T14:35:22.934+0200: 4,221: Total time for which application threads were stopped: 0,0001996 seconds, Stopping threads took: 0,0001147 seconds
2017-07-02T14:35:22.934+0200: 4,221: Total time for which application threads were stopped: 0,0001934 seconds, Stopping threads took: 0,0001523 seconds
2017-07-02T14:35:22.935+0200: 4,221: Total time for which application threads were stopped: 0,0001122 seconds, Stopping threads took: 0,0000275 seconds
2017-07-02T14:35:22.936+0200: 4,223: Total time for which application threads were stopped: 0,0000969 seconds, Stopping threads took: 0,0000242 seconds
2017-07-02T14:35:22.943+0200: 4,230: Total time for which application threads were stopped: 0,0001105 seconds, Stopping threads took: 0,0000234 seconds
2017-07-02T14:35:22.946+0200: 4,233: Total time for which application threads were stopped: 0,0004690 seconds, Stopping threads took: 0,0003405 seconds
2017-07-02T14:35:22.946+0200: 4,233: Total time for which application threads were stopped: 0,0001540 seconds, Stopping threads took: 0,0001022 seconds
2017-07-02T14:35:22.946+0200: 4,233: Total time for which application threads were stopped: 0,0000674 seconds, Stopping threads took: 0,0000251 seconds
2017-07-02T14:35:22.947+0200: 4,233: Total time for which application threads were stopped: 0,0000909 seconds, Stopping threads took: 0,0000228 seconds
2017-07-02T14:35:22.949+0200: 4,236: Total time for which application threads were stopped: 0,0028551 seconds, Stopping threads took: 0,0027996 seconds
2017-07-02T14:35:22.954+0200: 4,241: Total time for which application threads were stopped: 0,0001855 seconds, Stopping threads took: 0,0000854 seconds
2017-07-02T14:35:22.954+0200: 4,241: Total time for which application threads were stopped: 0,0000798 seconds, Stopping threads took: 0,0000279 seconds
2017-07-02T14:35:22.954+0200: 4,241: Total time for which application threads were stopped: 0,0000985 seconds, Stopping threads took: 0,0000224 seconds
2017-07-02T14:35:22.954+0200: 4,241: Total time for which application threads were stopped: 0,0002138 seconds, Stopping threads took: 0,0001573 seconds
2017-07-02T14:35:22.955+0200: 4,241: Total time for which application threads were stopped: 0,0000973 seconds, Stopping threads took: 0,0000279 seconds
2017-07-02T14:35:22.955+0200: 4,242: Total time for which application threads were stopped: 0,0000803 seconds, Stopping threads took: 0,0000385 seconds
2017-07-02T14:35:22.955+0200: 4,242: Total time for which application threads were stopped: 0,0000586 seconds, Stopping threads took: 0,0000180 seconds
2017-07-02T14:35:22.955+0200: 4,242: Total time for which application threads were stopped: 0,0000487 seconds, Stopping threads took: 0,0000152 seconds
2017-07-02T14:35:22.955+0200: 4,242: Total time for which application threads were stopped: 0,0004367 seconds, Stopping threads took: 0,0003928 seconds
2017-07-02T14:35:22.956+0200: 4,242: Total time for which application threads were stopped: 0,0000728 seconds, Stopping threads took: 0,0000365 seconds
2017-07-02T14:35:22.956+0200: 4,24