OpenJDK 64-Bit Server VM (25.131-b11) for linux-amd64 JRE (1.8.0_131-8u131-b11-2ubuntu1.16.04.3-b11), built on Jul 28 2017 01:23:32 by "buildd" with gcc 5.4.0 20160609
Memory: 4k page, physical 7867732k(7481000k free), swap 8076284k(8076284k free)
CommandLine flags: -XX:CMSInitiatingOccupancyFraction=50 -XX:CMSMaxAbortablePrecleanTime=6000 -XX:+CMSParallelRemarkEnabled -XX:+CMSScavengeBeforeRemark -XX:ConcGCThreads=4 -XX:InitialHeapSize=536870912 -XX:MaxHeapSize=536870912 -XX:MaxTenuringThreshold=8 -XX:NewRatio=3 -XX:OldPLABSize=16 -XX:OnOutOfMemoryError=/opt/solr/bin/oom_solr.sh 8983 /var/solr/logs -XX:ParallelGCThreads=4 -XX:+ParallelRefProcEnabled -XX:PretenureSizeThreshold=67108864 -XX:+PrintGC -XX:+PrintGCApplicationStoppedTime -XX:+PrintGCDateStamps -XX:+PrintGCDetails -XX:+PrintGCTimeStamps -XX:+PrintHeapAtGC -XX:+PrintTenuringDistribution -XX:SurvivorRatio=4 -XX:TargetSurvivorRatio=90 -XX:ThreadStackSize=256 -XX:+UseCMSInitiatingOccupancyOnly -XX:+UseCompressedClassPointers -XX:+UseCompressedOops -XX:+UseConcMarkSweepGC -XX:+UseParNewGC 
2017-09-06T09:16:40.826+0200: 0,184: Total time for which application threads were stopped: 0,0001718 seconds, Stopping threads took: 0,0000097 seconds
2017-09-06T09:16:40.911+0200: 0,269: Total time for which application threads were stopped: 0,0001204 seconds, Stopping threads took: 0,0000253 seconds
2017-09-06T09:16:40.928+0200: 0,286: Total time for which application threads were stopped: 0,0000945 seconds, Stopping threads took: 0,0000288 seconds
2017-09-06T09:16:41.147+0200: 0,505: Total time for which application threads were stopped: 0,0001740 seconds, Stopping threads took: 0,0000183 seconds
2017-09-06T09:16:41.680+0200: 1,038: Total time for which application threads were stopped: 0,0002203 seconds, Stopping threads took: 0,0000195 seconds
2017-09-06T09:16:41.782+0200: 1,140: Total time for which application threads were stopped: 0,0001346 seconds, Stopping threads took: 0,0000142 seconds
2017-09-06T09:16:41.800+0200: 1,158: Total time for which application threads were stopped: 0,0001631 seconds, Stopping threads took: 0,0000335 seconds
2017-09-06T09:16:42.037+0200: 1,395: Total time for which application threads were stopped: 0,0001637 seconds, Stopping threads took: 0,0000181 seconds
2017-09-06T09:16:42.250+0200: 1,608: Total time for which application threads were stopped: 0,0002321 seconds, Stopping threads took: 0,0000217 seconds
2017-09-06T09:16:42.272+0200: 1,630: Total time for which application threads were stopped: 0,0001846 seconds, Stopping threads took: 0,0000174 seconds
2017-09-06T09:16:42.306+0200: 1,664: Total time for which application threads were stopped: 0,0002026 seconds, Stopping threads took: 0,0000186 seconds
2017-09-06T09:16:42.308+0200: 1,666: Total time for which application threads were stopped: 0,0001769 seconds, Stopping threads took: 0,0000146 seconds
2017-09-06T09:16:42.329+0200: 1,687: Total time for which application threads were stopped: 0,0006899 seconds, Stopping threads took: 0,0002301 seconds
2017-09-06T09:16:42.420+0200: 1,778: Total time for which application threads were stopped: 0,0002331 seconds, Stopping threads took: 0,0000209 seconds
2017-09-06T09:16:42.565+0200: 1,923: Total time for which application threads were stopped: 0,0002666 seconds, Stopping threads took: 0,0000651 seconds
{Heap before GC invocations=0 (full 0):
 par new generation   total 109248K, used 87424K [0x00000000e0000000, 0x00000000e8000000, 0x00000000e8000000)
  eden space 87424K, 100% used [0x00000000e0000000, 0x00000000e5560000, 0x00000000e5560000)
  from space 21824K,   0% used [0x00000000e5560000, 0x00000000e5560000, 0x00000000e6ab0000)
  to   space 21824K,   0% used [0x00000000e6ab0000, 0x00000000e6ab0000, 0x00000000e8000000)
 concurrent mark-sweep generation total 393216K, used 0K [0x00000000e8000000, 0x0000000100000000, 0x0000000100000000)
 Metaspace       used 18038K, capacity 18400K, committed 18688K, reserved 1064960K
  class space    used 2036K, capacity 2196K, committed 2304K, reserved 1048576K
2017-09-06T09:16:42.659+0200: 2,017: [GC (Allocation Failure) 2017-09-06T09:16:42.659+0200: 2,017: [ParNew
Desired survivor size 20112992 bytes, new threshold 8 (max 8)
- age   1:   12602400 bytes,   12602400 total
: 87424K->12417K(109248K), 0,0162199 secs] 87424K->12417K(502464K), 0,0163007 secs] [Times: user=0,04 sys=0,01, real=0,02 secs] 
Heap after GC invocations=1 (full 0):
 par new generation   total 109248K, used 12417K [0x00000000e0000000, 0x00000000e8000000, 0x00000000e8000000)
  eden space 87424K,   0% used [0x00000000e0000000, 0x00000000e0000000, 0x00000000e5560000)
  from space 21824K,  56% used [0x00000000e6ab0000, 0x00000000e76d0660, 0x00000000e8000000)
  to   space 21824K,   0% used [0x00000000e5560000, 0x00000000e5560000, 0x00000000e6ab0000)
 concurrent mark-sweep generation total 393216K, used 0K [0x00000000e8000000, 0x0000000100000000, 0x0000000100000000)
 Metaspace       used 18038K, capacity 18400K, committed 18688K, reserved 1064960K
  class space    used 2036K, capacity 2196K, committed 2304K, reserved 1048576K
}
2017-09-06T09:16:42.675+0200: 2,033: Total time for which application threads were stopped: 0,0165327 seconds, Stopping threads took: 0,0000407 seconds
2017-09-06T09:16:42.974+0200: 2,332: Total time for which application threads were stopped: 0,0004485 seconds, Stopping threads took: 0,0000766 seconds
2017-09-06T09:16:43.026+0200: 2,385: Total time for which application threads were stopped: 0,0003910 seconds, Stopping threads took: 0,0000943 seconds
{Heap before GC invocations=1 (full 0):
 par new generation   total 109248K, used 99841K [0x00000000e0000000, 0x00000000e8000000, 0x00000000e8000000)
  eden space 87424K, 100% used [0x00000000e0000000, 0x00000000e5560000, 0x00000000e5560000)
  from space 21824K,  56% used [0x00000000e6ab0000, 0x00000000e76d0660, 0x00000000e8000000)
  to   space 21824K,   0% used [0x00000000e5560000, 0x00000000e5560000, 0x00000000e6ab0000)
 concurrent mark-sweep generation total 393216K, used 0K [0x00000000e8000000, 0x0000000100000000, 0x0000000100000000)
 Metaspace       used 20074K, capacity 20424K, committed 20736K, reserved 1067008K
  class space    used 2296K, capacity 2468K, committed 2560K, reserved 1048576K
2017-09-06T09:16:43.028+0200: 2,386: [GC (Allocation Failure) 2017-09-06T09:16:43.028+0200: 2,386: [ParNew
Desired survivor size 20112992 bytes, new threshold 8 (max 8)
- age   1:    3792304 bytes,    3792304 total
- age   2:    6674912 bytes,   10467216 total
: 99841K->13848K(109248K), 0,0109410 secs] 99841K->13848K(502464K), 0,0110209 secs] [Times: user=0,04 sys=0,00, real=0,01 secs] 
Heap after GC invocations=2 (full 0):
 par new generation   total 109248K, used 13848K [0x00000000e0000000, 0x00000000e8000000, 0x00000000e8000000)
  eden space 87424K,   0% used [0x00000000e0000000, 0x00000000e0000000, 0x00000000e5560000)
  from space 21824K,  63% used [0x00000000e5560000, 0x00000000e62e6248, 0x00000000e6ab0000)
  to   space 21824K,   0% used [0x00000000e6ab0000, 0x00000000e6ab0000, 0x00000000e8000000)
 concurrent mark-sweep generation total 393216K, used 0K [0x00000000e8000000, 0x0000000100000000, 0x0000000100000000)
 Metaspace       used 20074K, capacity 20424K, committed 20736K, reserved 1067008K
  class space    used 2296K, capacity 2468K, committed 2560K, reserved 1048576K
}
2017-09-06T09:16:43.039+0200: 2,397: Total time for which application threads were stopped: 0,0112630 seconds, Stopping threads took: 0,0000627 seconds
2017-09-06T09:16:43.069+0200: 2,427: Total time for which application threads were stopped: 0,0006812 seconds, Stopping threads took: 0,0003437 seconds
2017-09-06T09:16:43.194+0200: 2,552: Total time for which application threads were stopped: 0,0002065 seconds, Stopping threads took: 0,0000935 seconds
{Heap before GC invocations=2 (full 0):
 par new generation   total 109248K, used 101272K [0x00000000e0000000, 0x00000000e8000000, 0x00000000e8000000)
  eden space 87424K, 100% used [0x00000000e0000000, 0x00000000e5560000, 0x00000000e5560000)
  from space 21824K,  63% used [0x00000000e5560000, 0x00000000e62e6248, 0x00000000e6ab0000)
  to   space 21824K,   0% used [0x00000000e6ab0000, 0x00000000e6ab0000, 0x00000000e8000000)
 concurrent mark-sweep generation total 393216K, used 0K [0x00000000e8000000, 0x0000000100000000, 0x0000000100000000)
 Metaspace       used 21003K, capacity 21346K, committed 21628K, reserved 1069056K
  class space    used 2418K, capacity 2587K, committed 2684K, reserved 1048576K
2017-09-06T09:16:43.230+0200: 2,588: [GC (Allocation Failure) 2017-09-06T09:16:43.230+0200: 2,588: [ParNew
Desired survivor size 20112992 bytes, new threshold 8 (max 8)
- age   1:    2374624 bytes,    2374624 total
- age   2:     871096 bytes,    3245720 total
- age   3:    6668584 bytes,    9914304 total
: 101272K->11620K(109248K), 0,0158123 secs] 101272K->11620K(502464K), 0,0158994 secs] [Times: user=0,03 sys=0,01, real=0,01 secs] 
Heap after GC invocations=3 (full 0):
 par new generation   total 109248K, used 11620K [0x00000000e0000000, 0x00000000e8000000, 0x00000000e8000000)
  eden space 87424K,   0% used [0x00000000e0000000, 0x00000000e0000000, 0x00000000e5560000)
  from space 21824K,  53% used [0x00000000e6ab0000, 0x00000000e7609300, 0x00000000e8000000)
  to   space 21824K,   0% used [0x00000000e5560000, 0x00000000e5560000, 0x00000000e6ab0000)
 concurrent mark-sweep generation total 393216K, used 0K [0x00000000e8000000, 0x0000000100000000, 0x0000000100000000)
 Metaspace       used 21003K, capacity 21346K, committed 21628K, reserved 1069056K
  class space    used 2418K, capacity 2587K, committed 2684K, reserved 1048576K
}
2017-09-06T09:16:43.246+0200: 2,604: Total time for which application threads were stopped: 0,0161334 seconds, Stopping threads took: 0,0000700 seconds
2017-09-06T09:16:43.262+0200: 2,620: [GC (CMS Initial Mark) [1 CMS-initial-mark: 0K(393216K)] 19761K(502464K), 0,0040983 secs] [Times: user=0,02 sys=0,00, real=0,00 secs] 
2017-09-06T09:16:43.266+0200: 2,624: Total time for which application threads were stopped: 0,0055725 seconds, Stopping threads took: 0,0013642 seconds
2017-09-06T09:16:43.266+0200: 2,624: [CMS-concurrent-mark-start]
2017-09-06T09:16:43.267+0200: 2,625: [CMS-concurrent-mark: 0,001/0,001 secs] [Times: user=0,00 sys=0,00, real=0,00 secs] 
2017-09-06T09:16:43.267+0200: 2,625: [CMS-concurrent-preclean-start]
2017-09-06T09:16:43.268+0200: 2,626: [CMS-concurrent-preclean: 0,001/0,001 secs] [Times: user=0,01 sys=0,00, real=0,00 secs] 
2017-09-06T09:16:43.268+0200: 2,626: [CMS-concurrent-abortable-preclean-start]
2017-09-06T09:16:43.332+0200: 2,690: Total time for which application threads were stopped: 0,0022253 seconds, Stopping threads took: 0,0021376 seconds
{Heap before GC invocations=3 (full 1):
 par new generation   total 109248K, used 99044K [0x00000000e0000000, 0x00000000e8000000, 0x00000000e8000000)
  eden space 87424K, 100% used [0x00000000e0000000, 0x00000000e5560000, 0x00000000e5560000)
  from space 21824K,  53% used [0x00000000e6ab0000, 0x00000000e7609300, 0x00000000e8000000)
  to   space 21824K,   0% used [0x00000000e5560000, 0x00000000e5560000, 0x00000000e6ab0000)
 concurrent mark-sweep generation total 393216K, used 0K [0x00000000e8000000, 0x0000000100000000, 0x0000000100000000)
 Metaspace       used 21282K, capacity 21634K, committed 21884K, reserved 1069056K
  class space    used 2447K, capacity 2604K, committed 2684K, reserved 1048576K
2017-09-06T09:16:43.389+0200: 2,747: [GC (Allocation Failure) 2017-09-06T09:16:43.389+0200: 2,747: [ParNew
Desired survivor size 20112992 bytes, new threshold 8 (max 8)
- age   1:    1038488 bytes,    1038488 total
- age   2:    1457208 bytes,    2495696 total
- age   3:     835848 bytes,    3331544 total
- age   4:    6668272 bytes,    9999816 total
: 99044K->15249K(109248K), 0,0108841 secs] 99044K->15249K(502464K), 0,0109647 secs] [Times: user=0,04 sys=0,00, real=0,00 secs] 
Heap after GC invocations=4 (full 1):
 par new generation   total 109248K, used 15249K [0x00000000e0000000, 0x00000000e8000000, 0x00000000e8000000)
  eden space 87424K,   0% used [0x00000000e0000000, 0x00000000e0000000, 0x00000000e5560000)
  from space 21824K,  69% used [0x00000000e5560000, 0x00000000e6444408, 0x00000000e6ab0000)
  to   space 21824K,   0% used [0x00000000e6ab0000, 0x00000000e6ab0000, 0x00000000e8000000)
 concurrent mark-sweep generation total 393216K, used 0K [0x00000000e8000000, 0x0000000100000000, 0x0000000100000000)
 Metaspace       used 21282K, capacity 21634K, committed 21884K, reserved 1069056K
  class space    used 2447K, capacity 2604K, committed 2684K, reserved 1048576K
}
2017-09-06T09:16:43.400+0200: 2,758: Total time for which application threads were stopped: 0,0112220 seconds, Stopping threads took: 0,0001232 seconds
{Heap before GC invocations=4 (full 1):
 par new generation   total 109248K, used 102673K [0x00000000e0000000, 0x00000000e8000000, 0x00000000e8000000)
  eden space 87424K, 100% used [0x00000000e0000000, 0x00000000e5560000, 0x00000000e5560000)
  from space 21824K,  69% used [0x00000000e5560000, 0x00000000e6444408, 0x00000000e6ab0000)
  to   space 21824K,   0% used [0x00000000e6ab0000, 0x00000000e6ab0000, 0x00000000e8000000)
 concurrent mark-sweep generation total 393216K, used 0K [0x00000000e8000000, 0x0000000100000000, 0x0000000100000000)
 Metaspace       used 21434K, capacity 21806K, committed 21884K, reserved 1069056K
  class space    used 2466K, capacity 2638K, committed 2684K, reserved 1048576K
2017-09-06T09:16:43.516+0200: 2,874: [GC (Allocation Failure) 2017-09-06T09:16:43.516+0200: 2,874: [ParNew
Desired survivor size 20112992 bytes, new threshold 8 (max 8)
- age   1:     585144 bytes,     585144 total
- age   2:     192480 bytes,     777624 total
- age   3:    1456960 bytes,    2234584 total
- age   4:     835736 bytes,    3070320 total
- age   5:    6668352 bytes,    9738672 total
: 102673K->11549K(109248K), 0,0104420 secs] 102673K->11549K(502464K), 0,0105332 secs] [Times: user=0,04 sys=0,00, real=0,01 secs] 
Heap after GC invocations=5 (full 1):
 par new generation   total 109248K, used 11549K [0x00000000e0000000, 0x00000000e8000000, 0x00000000e8000000)
  eden space 87424K,   0% used [0x00000000e0000000, 0x00000000e0000000, 0x00000000e5560000)
  from space 21824K,  52% used [0x00000000e6ab0000, 0x00000000e75f75d0, 0x00000000e8000000)
  to   space 21824K,   0% used [0x00000000e5560000, 0x00000000e5560000, 0x00000000e6ab0000)
 concurrent mark-sweep generation total 393216K, used 0K [0x00000000e8000000, 0x0000000100000000, 0x0000000100000000)
 Metaspace       used 21434K, capacity 21806K, committed 21884K, reserved 1069056K
  class space    used 2466K, capacity 2638K, committed 2684K, reserved 1048576K
}
2017-09-06T09:16:43.526+0200: 2,884: Total time for which application threads were stopped: 0,0107937 seconds, Stopping threads took: 0,0000853 seconds
2017-09-06T09:16:43.526+0200: 2,884: [CMS-concurrent-abortable-preclean: 0,175/0,258 secs] [Times: user=0,96 sys=0,01, real=0,26 secs] 
2017-09-06T09:16:43.527+0200: 2,885: [GC (CMS Final Remark) [YG occupancy: 11581 K (109248 K)]{Heap before GC invocations=5 (full 1):
 par new generation   total 109248K, used 11581K [0x00000000e0000000, 0x00000000e8000000, 0x00000000e8000000)
  eden space 87424K,   0% used [0x00000000e0000000, 0x00000000e0008010, 0x00000000e5560000)
  from space 21824K,  52% used [0x00000000e6ab0000, 0x00000000e75f75d0, 0x00000000e8000000)
  to   space 21824K,   0% used [0x00000000e5560000, 0x00000000e5560000, 0x00000000e6ab0000)
 concurrent mark-sweep generation total 393216K, used 0K [0x00000000e8000000, 0x0000000100000000, 0x0000000100000000)
 Metaspace       used 21434K, capacity 21806K, committed 21884K, reserved 1069056K
  class space    used 2466K, capacity 2638K, committed 2684K, reserved 1048576K
2017-09-06T09:16:43.527+0200: 2,885: [GC (CMS Final Remark) 2017-09-06T09:16:43.527+0200: 2,885: [ParNew
Desired survivor size 20112992 bytes, new threshold 8 (max 8)
- age   1:      32784 bytes,      32784 total
- age   2:     585104 bytes,     617888 total
- age   3:     192480 bytes,     810368 total
- age   4:    1456960 bytes,    2267328 total
- age   5:     835736 bytes,    3103064 total
- age   6:    6668592 bytes,    9771656 total
: 11581K->14503K(109248K), 0,0107231 secs] 11581K->14503K(502464K), 0,0107584 secs] [Times: user=0,03 sys=0,00, real=0,01 secs] 
Heap after GC invocations=6 (full 1):
 par new generation   total 109248K, used 14503K [0x00000000e0000000, 0x00000000e8000000, 0x00000000e8000000)
  eden space 87424K,   0% used [0x00000000e0000000, 0x00000000e0000000, 0x00000000e5560000)
  from space 21824K,  66% used [0x00000000e5560000, 0x00000000e6389e08, 0x00000000e6ab0000)
  to   space 21824K,   0% used [0x00000000e6ab0000, 0x00000000e6ab0000, 0x00000000e8000000)
 concurrent mark-sweep generation total 393216K, used 0K [0x00000000e8000000, 0x0000000100000000, 0x0000000100000000)
 Metaspace       used 21434K, capacity 21806K, committed 21884K, reserved 1069056K
  class space    used 2466K, capacity 2638K, committed 2684K, reserved 1048576K
}
2017-09-06T09:16:43.537+0200: 2,895: [Rescan (parallel) , 0,0038999 secs]2017-09-06T09:16:43.541+0200: 2,899: [weak refs processing, 0,0020169 secs]2017-09-06T09:16:43.543+0200: 2,901: [class unloading, 0,0028976 secs]2017-09-06T09:16:43.546+0200: 2,904: [scrub symbol table, 0,0024624 secs]2017-09-06T09:16:43.549+0200: 2,907: [scrub string table, 0,0003760 secs][1 CMS-remark: 0K(393216K)] 14503K(502464K), 0,0230744 secs] [Times: user=0,06 sys=0,00, real=0,03 secs] 
2017-09-06T09:16:43.550+0200: 2,908: Total time for which application threads were stopped: 0,0232691 seconds, Stopping threads took: 0,0001160 seconds
2017-09-06T09:16:43.550+0200: 2,908: [CMS-concurrent-sweep-start]
2017-09-06T09:16:43.550+0200: 2,908: [CMS-concurrent-sweep: 0,000/0,000 secs] [Times: user=0,00 sys=0,00, real=0,00 secs] 
2017-09-06T09:16:43.550+0200: 2,908: [CMS-concurrent-reset-start]
2017-09-06T09:16:43.552+0200: 2,910: [CMS-concurrent-reset: 0,002/0,002 secs] [Times: user=0,00 sys=0,00, real=0,00 secs] 
2017-09-06T09:16:43.591+0200: 2,949: Total time for which application threads were stopped: 0,0003135 seconds, Stopping threads took: 0,0000211 seconds
2017-09-06T09:16:43.880+0200: 3,238: Total time for which application threads were stopped: 0,0004377 seconds, Stopping threads took: 0,0000226 seconds
2017-09-06T09:16:43.894+0200: 3,252: Total time for which application threads were stopped: 0,0004375 seconds, Stopping threads took: 0,0000539 seconds
{Heap before GC invocations=6 (full 1):
 par new generation   total 109248K, used 101927K [0x00000000e0000000, 0x00000000e8000000, 0x00000000e8000000)
  eden space 87424K, 100% used [0x00000000e0000000, 0x00000000e5560000, 0x00000000e5560000)
  from space 21824K,  66% used [0x00000000e5560000, 0x00000000e6389e08, 0x00000000e6ab0000)
  to   space 21824K,   0% used [0x00000000e6ab0000, 0x00000000e6ab0000, 0x00000000e8000000)
 concurrent mark-sweep generation total 393216K, used 0K [0x00000000e8000000, 0x0000000100000000, 0x0000000100000000)
 Metaspace       used 23958K, capacity 24460K, committed 24572K, reserved 1071104K
  class space    used 2822K, capacity 3011K, committed 3068K, reserved 1048576K
2017-09-06T09:16:44.046+0200: 3,404: [GC (Allocation Failure) 2017-09-06T09:16:44.046+0200: 3,404: [ParNew
Desired survivor size 20112992 bytes, new threshold 8 (max 8)
- age   1:    5332680 bytes,    5332680 total
- age   3:     106720 bytes,    5439400 total
- age   4:     191056 bytes,    5630456 total
- age   5:     287168 bytes,    5917624 total
- age   6:     811408 bytes,    6729032 total
- age   7:    6659912 bytes,   13388944 total
: 101927K->14486K(109248K), 0,0173131 secs] 101927K->14486K(502464K), 0,0173875 secs] [Times: user=0,06 sys=0,00, real=0,02 secs] 
Heap after GC invocations=7 (full 1):
 par new generation   total 109248K, used 14486K [0x00000000e0000000, 0x00000000e8000000, 0x00000000e8000000)
  eden space 87424K,   0% used [0x00000000e0000000, 0x00000000e0000000, 0x00000000e5560000)
  from space 21824K,  66% used [0x00000000e6ab0000, 0x00000000e78d5b80, 0x00000000e8000000)
  to   space 21824K,   0% used [0x00000000e5560000, 0x00000000e5560000, 0x00000000e6ab0000)
 concurrent mark-sweep generation total 393216K, used 0K [0x00000000e8000000, 0x0000000100000000, 0x0000000100000000)
 Metaspace       used 23958K, capacity 24460K, committed 24572K, reserved 1071104K
  class space    used 2822K, capacity 3011K, committed 3068K, reserved 1048576K
}
2017-09-06T09:16:44.064+0200: 3,422: Total time for which application threads were stopped: 0,0176755 seconds, Stopping threads took: 0,0000543 seconds
{Heap before GC invocations=7 (full 1):
 par new generation   total 109248K, used 101910K [0x00000000e0000000, 0x00000000e8000000, 0x00000000e8000000)
  eden space 87424K, 100% used [0x00000000e0000000, 0x00000000e5560000, 0x00000000e5560000)
  from space 21824K,  66% used [0x00000000e6ab0000, 0x00000000e78d5b80, 0x00000000e8000000)
  to   space 21824K,   0% used [0x00000000e5560000, 0x00000000e5560000, 0x00000000e6ab0000)
 concurrent mark-sweep generation total 393216K, used 0K [0x00000000e8000000, 0x0000000100000000, 0x0000000100000000)
 Metaspace       used 24551K, capacity 25010K, committed 25084K, reserved 1071104K
  class space    used 2869K, capacity 3044K, committed 3068K, reserved 1048576K
2017-09-06T09:16:44.165+0200: 3,523: [GC (Allocation Failure) 2017-09-06T09:16:44.165+0200: 3,524: [ParNew
Desired survivor size 20112992 bytes, new threshold 8 (max 8)
- age   1:    1958328 bytes,    1958328 total
- age   2:    1800984 bytes,    3759312 total
- age   4:      56464 bytes,    3815776 total
- age   5:     104496 bytes,    3920272 total
- age   6:     180112 bytes,    4100384 total
- age   7:     776576 bytes,    4876960 total
- age   8:    6126888 bytes,   11003848 total
: 101910K->16381K(109248K), 0,0174092 secs] 101910K->16381K(502464K), 0,0175006 secs] [Times: user=0,06 sys=0,00, real=0,02 secs] 
Heap after GC invocations=8 (full 1):
 par new generation   total 109248K, used 16381K [0x00000000e0000000, 0x00000000e8000000, 0x00000000e8000000)
  eden space 87424K,   0% used [0x00000000e0000000, 0x00000000e0000000, 0x00000000e5560000)
  from space 21824K,  75% used [0x00000000e5560000, 0x00000000e655f480, 0x00000000e6ab0000)
  to   space 21824K,   0% used [0x00000000e6ab0000, 0x00000000e6ab0000, 0x00000000e8000000)
 concurrent mark-sweep generation total 393216K, used 0K [0x00000000e8000000, 0x0000000100000000, 0x0000000100000000)
 Metaspace       used 24551K, capacity 25010K, committed 25084K, reserved 1071104K
  class space    used 2869K, capacity 3044K, committed 3068K, reserved 1048576K
}
2017-09-06T09:16:44.183+0200: 3,541: Total time for which application threads were stopped: 0,0194083 seconds, Stopping threads took: 0,0016386 seconds
{Heap before GC invocations=8 (full 1):
 par new generation   total 109248K, used 103805K [0x00000000e0000000, 0x00000000e8000000, 0x00000000e8000000)
  eden space 87424K, 100% used [0x00000000e0000000, 0x00000000e5560000, 0x00000000e5560000)
  from space 21824K,  75% used [0x00000000e5560000, 0x00000000e655f480, 0x00000000e6ab0000)
  to   space 21824K,   0% used [0x00000000e6ab0000, 0x00000000e6ab0000, 0x00000000e8000000)
 concurrent mark-sweep generation total 393216K, used 0K [0x00000000e8000000, 0x0000000100000000, 0x0000000100000000)
 Metaspace       used 25007K, capacity 25516K, committed 25724K, reserved 1071104K
  class space    used 2908K, capacity 3081K, committed 3196K, reserved 1048576K
2017-09-06T09:16:44.272+0200: 3,631: [GC (Allocation Failure) 2017-09-06T09:16:44.272+0200: 3,631: [ParNew
Desired survivor size 20112992 bytes, new threshold 8 (max 8)
- age   1:     839264 bytes,     839264 total
- age   2:    1042768 bytes,    1882032 total
- age   3:    1778048 bytes,    3660080 total
- age   5:      56464 bytes,    3716544 total
- age   6:     101848 bytes,    3818392 total
- age   7:     179584 bytes,    3997976 total
- age   8:     775776 bytes,    4773752 total
: 103805K->6770K(109248K), 0,0275743 secs] 103805K->12836K(502464K), 0,0276390 secs] [Times: user=0,10 sys=0,00, real=0,02 secs] 
Heap after GC invocations=9 (full 1):
 par new generation   total 109248K, used 6770K [0x00000000e0000000, 0x00000000e8000000, 0x00000000e8000000)
  eden space 87424K,   0% used [0x00000000e0000000, 0x00000000e0000000, 0x00000000e5560000)
  from space 21824K,  31% used [0x00000000e6ab0000, 0x00000000e714cb70, 0x00000000e8000000)
  to   space 21824K,   0% used [0x00000000e5560000, 0x00000000e5560000, 0x00000000e6ab0000)
 concurrent mark-sweep generation total 393216K, used 6065K [0x00000000e8000000, 0x0000000100000000, 0x0000000100000000)
 Metaspace       used 25007K, capacity 25516K, committed 25724K, reserved 1071104K
  class space    used 2908K, capacity 3081K, committed 3196K, reserved 1048576K
}
2017-09-06T09:16:44.300+0200: 3,658: Total time for which application threads were stopped: 0,0278935 seconds, Stopping threads took: 0,0001165 seconds
2017-09-06T09:16:44.452+0200: 3,810: Total time for which application threads were stopped: 0,0004142 seconds, Stopping threads took: 0,0000281 seconds
2017-09-06T09:16:44.547+0200: 3,905: Total time for which application threads were stopped: 0,0004003 seconds, Stopping threads took: 0,0000228 seconds
2017-09-06T09:16:44.565+0200: 3,923: Total time for which application threads were stopped: 0,0004790 seconds, Stopping threads took: 0,0000376 seconds
2017-09-06T09:16:44.643+0200: 4,001: Total time for which application threads were stopped: 0,0005206 seconds, Stopping threads took: 0,0000380 seconds
2017-09-06T09:16:44.710+0200: 4,068: Total time for which application threads were stopped: 0,0009511 seconds, Stopping threads took: 0,0005764 seconds
2017-09-06T09:16:44.713+0200: 4,071: Total time for which application threads were stopped: 0,0001308 seconds, Stopping threads took: 0,0000384 seconds
2017-09-06T09:16:44.714+0200: 4,072: Total time for which application threads were stopped: 0,0001461 seconds, Stopping threads took: 0,0000402 seconds
2017-09-06T09:16:44.714+0200: 4,072: Total time for which application threads were stopped: 0,0000790 seconds, Stopping threads took: 0,0000130 seconds
2017-09-06T09:16:44.717+0200: 4,075: Total time for which application threads were stopped: 0,0016185 seconds, Stopping threads took: 0,0015008 seconds
2017-09-06T09:16:44.730+0200: 4,089: Total time for which application threads were stopped: 0,0001481 seconds, Stopping threads took: 0,0000622 seconds
2017-09-06T09:16:44.738+0200: 4,096: Total time for which application threads were stopped: 0,0008000 seconds, Stopping threads took: 0,0006327 seconds
2017-09-06T09:16:44.773+0200: 4,132: Total time for which application threads were stopped: 0,0002268 seconds, Stopping threads took: 0,0000633 seconds
2017-09-06T09:16:44.774+0200: 4,132: Total time for which application threads were stopped: 0,0001590 seconds, Stopping threads took: 0,0000480 seconds
2017-09-06T09:16:44.774+0200: 4,132: Total time for which application threads were stopped: 0,0004594 seconds, Stopping threads took: 0,0000180 seconds
2017-09-06T09:16:44.775+0200: 4,133: Total time for which application threads were stopped: 0,0001636 seconds, Stopping threads took: 0,0000635 seconds
2017-09-06T09:16:44.777+0200: 4,135: Total time for which application threads were stopped: 0,0001350 seconds, Stopping threads took: 0,0000489 seconds
2017-09-06T09:16:44.778+0200: 4,136: Total time for which application threads were stopped: 0,0001430 seconds, Stopping threads took: 0,0000393 seconds
2017-09-06T09:16:44.788+0200: 4,147: Total time for which application threads were stopped: 0,0001935 seconds, Stopping threads took: 0,0001120 seconds
2017-09-06T09:16:44.790+0200: 4,148: Total time for which application threads were stopped: 0,0001564 seconds, Stopping threads took: 0,0000474 seconds
2017-09-06T09:16:44.791+0200: 4,149: Total time for which application threads were stopped: 0,0001233 seconds, Stopping threads took: 0,0000362 seconds
2017-09-06T09:16:44.801+0200: 4,159: Total time for which application threads were stopped: 0,0012997 seconds, Stopping threads took: 0,0012111 seconds
2017-09-06T09:16:44.807+0200: 4,165: Total time for which application threads were stopped: 0,0001745 seconds, Stopping threads took: 0,0000846 seconds
2017-09-06T09:16:44.807+0200: 4,165: Total time for which application threads were stopped: 0,0000886 seconds, Stopping threads took: 0,0000205 seconds
2017-09-06T09:16:44.809+0200: 4,167: Total time for which application threads were stopped: 0,0001231 seconds, Stopping threads took: 0,0000406 seconds
2017-09-06T09:16:44.810+0200: 4,168: Total time for which application threads were stopped: 0,0001198 seconds, Stopping threads took: 0,0000367 seconds
2017-09-06T09:16:44.811+0200: 4,169: Total time for which application threads were stopped: 0,0000919 seconds, Stopping threads took: 0,0000306 seconds
2017-09-06T09:16:46.811+0200: 6,169: Total time for which application threads were stopped: 0,0000865 seconds, Stopping threads took: 0,0000222 seconds
2017-09-06T09:17:02.814+0200: 22,172: Total time for which application threads were stopped: 0,0000703 seconds, Stopping threads took: 0,0000181 seconds
2017-09-06T09:17:12.815+0200: 32,173: Total time for which application threads were stopped: 0,0002640 seconds, Stopping threads took: 0,0000731 seconds
2017-09-06T09:18:02.820+0200: 82,178: Total time for which application threads were stopped: 0,0000610 seconds, Stopping threads took: 0,0000175 seconds
2017-09-06T09:18:37.824+0200: 117,182: Total time for which application threads were stopped: 0,0000768 seconds, Stopping threads took: 0,0000336 seconds
2017-09-06T09:18:47.825+0200: 127,184: Total time for which application threads were stopped: 0,0000873 seconds, Stopping threads took: 0,0000335 seconds
{Heap before GC invocations=9 (full 1):
 par new generation   total 109248K, used 94194K [0x00000000e0000000, 0x00000000e8000000, 0x00000000e8000000)
  eden space 87424K, 100% used [0x00000000e0000000, 0x00000000e5560000, 0x00000000e5560000)
  from space 21824K,  31% used [0x00000000e6ab0000, 0x00000000e714cb70, 0x00000000e8000000)
  to   space 21824K,   0% used [0x00000000e5560000, 0x00000000e5560000, 0x00000000e6ab0000)
 concurrent mark-sweep generation total 393216K, used 6065K [0x00000000e8000000, 0x0000000100000000, 0x0000000100000000)
 Metaspace       used 27999K, capacity 28490K, committed 28796K, reserved 1075200K
  class space    used 3210K, capacity 3386K, committed 3452K, reserved 1048576K
2017-09-06T09:19:31.715+0200: 171,073: [GC (Allocation Failure) 2017-09-06T09:19:31.715+0200: 171,073: [ParNew
Desired survivor size 20112992 bytes, new threshold 8 (max 8)
- age   1:   10715864 bytes,   10715864 total
- age   2:     233208 bytes,   10949072 total
- age   3:     258664 bytes,   11207736 total
- age   4:    1773536 bytes,   12981272 total
- age   6:      56464 bytes,   13037736 total
- age   7:     101720 bytes,   13139456 total
- age   8:     179488 bytes,   13318944 total
: 94194K->14841K(109248K), 0,0131477 secs] 100260K->21765K(502464K), 0,0132149 secs] [Times: user=0,04 sys=0,00, real=0,01 secs] 
Heap after GC invocations=10 (full 1):
 par new generation   total 109248K, used 14841K [0x00000000e0000000, 0x00000000e8000000, 0x00000000e8000000)
  eden space 87424K,   0% used [0x00000000e0000000, 0x00000000e0000000, 0x00000000e5560000)
  from space 21824K,  68% used [0x00000000e5560000, 0x00000000e63de620, 0x00000000e6ab0000)
  to   space 21824K,   0% used [0x00000000e6ab0000, 0x00000000e6ab0000, 0x00000000e8000000)
 concurrent mark-sweep generation total 393216K, used 6923K [0x00000000e8000000, 0x0000000100000000, 0x0000000100000000)
 Metaspace       used 27999K, capacity 28490K, committed 28796K, reserved 1075200K
  class space    used 3210K, capacity 3386K, committed 3452K, reserved 1048576K
}
2017-09-06T09:19:31.728+0200: 171,086: Total time for which application threads were stopped: 0,0133563 seconds, Stopping threads took: 0,0000322 seconds
2017-09-06T09:20:20.913+0200: 220,271: Total time for which application threads were stopped: 0,0000972 seconds, Stopping threads took: 0,0000192 seconds
2017-09-06T09:20:20.916+0200: 220,274: Total time for which application threads were stopped: 0,0001217 seconds, Stopping threads took: 0,0000246 seconds
2017-09-06T09:20:20.937+0200: 220,295: Total time for which application threads were stopped: 0,0001398 seconds, Stopping threads took: 0,0000466 seconds
2017-09-06T09:20:20.949+0200: 220,307: Total time for which application threads were stopped: 0,0000750 seconds, Stopping threads took: 0,0000236 seconds
2017-09-06T09:20:20.950+0200: 220,308: Total time for which application threads were stopped: 0,0000910 seconds, Stopping threads took: 0,0000187 seconds
Heap
 par new generation   total 109248K, used 36823K [0x00000000e0000000, 0x00000000e8000000, 0x00000000e8000000)
  eden space 87424K,  25% used [0x00000000e0000000, 0x00000000e1577920, 0x00000000e5560000)
  from space 21824K,  68% used [0x00000000e5560000, 0x00000000e63de620, 0x00000000e6ab0000)
  to   space 21824K,   0% used [0x00000000e6ab0000, 0x00000000e6ab0000, 0x00000000e8000000)
 concurrent mark-sweep generation total 393216K, used 6923K [0x00000000e8000000, 0x0000000100000000, 0x0000000100000000)
 Metaspace       used 28106K, capacity 28562K, committed 28796K, reserved 1075200K
  class space    used 3224K, capacity 3388K, committed 3452K, reserved 1048576K
