OpenJDK 64-Bit Server VM (25.111-b14) for linux-amd64 JRE (1.8.0_111-8u111-b14-2ubuntu0.16.04.2-b14), built on Oct 27 2016 18:10:19 by "buildd" with gcc 5.4.0 20160609
Memory: 4k page, physical 7867804k(7512948k free), swap 8076284k(8076284k free)
CommandLine flags: -XX:CMSInitiatingOccupancyFraction=50 -XX:CMSMaxAbortablePrecleanTime=6000 -XX:+CMSParallelRemarkEnabled -XX:+CMSScavengeBeforeRemark -XX:ConcGCThreads=4 -XX:InitialHeapSize=536870912 -XX:MaxHeapSize=536870912 -XX:MaxTenuringThreshold=8 -XX:NewRatio=3 -XX:OldPLABSize=16 -XX:OnOutOfMemoryError=/opt/solr/bin/oom_solr.sh 8983 /var/solr/logs -XX:ParallelGCThreads=4 -XX:+ParallelRefProcEnabled -XX:PretenureSizeThreshold=67108864 -XX:+PrintGC -XX:+PrintGCApplicationStoppedTime -XX:+PrintGCDateStamps -XX:+PrintGCDetails -XX:+PrintGCTimeStamps -XX:+PrintHeapAtGC -XX:+PrintTenuringDistribution -XX:SurvivorRatio=4 -XX:TargetSurvivorRatio=90 -XX:ThreadStackSize=256 -XX:+UseCMSInitiatingOccupancyOnly -XX:+UseCompressedClassPointers -XX:+UseCompressedOops -XX:+UseConcMarkSweepGC -XX:+UseParNewGC 
2017-01-13T14:09:21.715+0100: 0,119: Total time for which application threads were stopped: 0,0001097 seconds, Stopping threads took: 0,0000217 seconds
2017-01-13T14:09:21.808+0100: 0,212: Total time for which application threads were stopped: 0,0001209 seconds, Stopping threads took: 0,0000184 seconds
2017-01-13T14:09:21.820+0100: 0,223: Total time for which application threads were stopped: 0,0000817 seconds, Stopping threads took: 0,0000089 seconds
2017-01-13T14:09:22.029+0100: 0,433: Total time for which application threads were stopped: 0,0001186 seconds, Stopping threads took: 0,0000092 seconds
2017-01-13T14:09:22.442+0100: 0,846: Total time for which application threads were stopped: 0,0001765 seconds, Stopping threads took: 0,0000153 seconds
2017-01-13T14:09:22.615+0100: 1,019: Total time for which application threads were stopped: 0,0001957 seconds, Stopping threads took: 0,0000209 seconds
2017-01-13T14:09:22.640+0100: 1,044: Total time for which application threads were stopped: 0,0001676 seconds, Stopping threads took: 0,0000199 seconds
2017-01-13T14:09:22.885+0100: 1,289: Total time for which application threads were stopped: 0,0001651 seconds, Stopping threads took: 0,0000190 seconds
2017-01-13T14:09:23.095+0100: 1,499: Total time for which application threads were stopped: 0,0002264 seconds, Stopping threads took: 0,0000230 seconds
2017-01-13T14:09:23.124+0100: 1,528: Total time for which application threads were stopped: 0,0008162 seconds, Stopping threads took: 0,0000880 seconds
2017-01-13T14:09:23.125+0100: 1,529: Total time for which application threads were stopped: 0,0001486 seconds, Stopping threads took: 0,0000197 seconds
2017-01-13T14:09:23.137+0100: 1,540: Total time for which application threads were stopped: 0,0002021 seconds, Stopping threads took: 0,0000231 seconds
2017-01-13T14:09:23.248+0100: 1,652: Total time for which application threads were stopped: 0,0002389 seconds, Stopping threads took: 0,0000204 seconds
2017-01-13T14:09:23.414+0100: 1,818: Total time for which application threads were stopped: 0,0003215 seconds, Stopping threads took: 0,0001233 seconds
{Heap before GC invocations=0 (full 0):
 par new generation   total 109248K, used 87424K [0x00000000e0000000, 0x00000000e8000000, 0x00000000e8000000)
  eden space 87424K, 100% used [0x00000000e0000000, 0x00000000e5560000, 0x00000000e5560000)
  from space 21824K,   0% used [0x00000000e5560000, 0x00000000e5560000, 0x00000000e6ab0000)
  to   space 21824K,   0% used [0x00000000e6ab0000, 0x00000000e6ab0000, 0x00000000e8000000)
 concurrent mark-sweep generation total 393216K, used 0K [0x00000000e8000000, 0x0000000100000000, 0x0000000100000000)
 Metaspace       used 18350K, capacity 18686K, committed 18944K, reserved 1067008K
  class space    used 2089K, capacity 2226K, committed 2304K, reserved 1048576K
2017-01-13T14:09:23.550+0100: 1,954: [GC (Allocation Failure) 2017-01-13T14:09:23.550+0100: 1,954: [ParNew
Desired survivor size 20112992 bytes, new threshold 8 (max 8)
- age   1:   12573864 bytes,   12573864 total
: 87424K->12402K(109248K), 0,0162487 secs] 87424K->12402K(502464K), 0,0163452 secs] [Times: user=0,04 sys=0,03, real=0,02 secs] 
Heap after GC invocations=1 (full 0):
 par new generation   total 109248K, used 12402K [0x00000000e0000000, 0x00000000e8000000, 0x00000000e8000000)
  eden space 87424K,   0% used [0x00000000e0000000, 0x00000000e0000000, 0x00000000e5560000)
  from space 21824K,  56% used [0x00000000e6ab0000, 0x00000000e76cca98, 0x00000000e8000000)
  to   space 21824K,   0% used [0x00000000e5560000, 0x00000000e5560000, 0x00000000e6ab0000)
 concurrent mark-sweep generation total 393216K, used 0K [0x00000000e8000000, 0x0000000100000000, 0x0000000100000000)
 Metaspace       used 18350K, capacity 18686K, committed 18944K, reserved 1067008K
  class space    used 2089K, capacity 2226K, committed 2304K, reserved 1048576K
}
2017-01-13T14:09:23.567+0100: 1,971: Total time for which application threads were stopped: 0,0165638 seconds, Stopping threads took: 0,0000284 seconds
2017-01-13T14:09:23.722+0100: 2,126: Total time for which application threads were stopped: 0,0002999 seconds, Stopping threads took: 0,0000575 seconds
2017-01-13T14:09:23.767+0100: 2,171: Total time for which application threads were stopped: 0,0003623 seconds, Stopping threads took: 0,0000299 seconds
2017-01-13T14:09:23.796+0100: 2,200: Total time for which application threads were stopped: 0,0003611 seconds, Stopping threads took: 0,0000347 seconds
{Heap before GC invocations=1 (full 0):
 par new generation   total 109248K, used 99826K [0x00000000e0000000, 0x00000000e8000000, 0x00000000e8000000)
  eden space 87424K, 100% used [0x00000000e0000000, 0x00000000e5560000, 0x00000000e5560000)
  from space 21824K,  56% used [0x00000000e6ab0000, 0x00000000e76cca98, 0x00000000e8000000)
  to   space 21824K,   0% used [0x00000000e5560000, 0x00000000e5560000, 0x00000000e6ab0000)
 concurrent mark-sweep generation total 393216K, used 0K [0x00000000e8000000, 0x0000000100000000, 0x0000000100000000)
 Metaspace       used 20723K, capacity 21020K, committed 21248K, reserved 1069056K
  class space    used 2403K, capacity 2518K, committed 2560K, reserved 1048576K
2017-01-13T14:09:23.974+0100: 2,378: [GC (Allocation Failure) 2017-01-13T14:09:23.974+0100: 2,378: [ParNew
Desired survivor size 20112992 bytes, new threshold 8 (max 8)
- age   1:    2720232 bytes,    2720232 total
- age   2:    6139512 bytes,    8859744 total
: 99826K->11382K(109248K), 0,0142714 secs] 99826K->11382K(502464K), 0,0143483 secs] [Times: user=0,04 sys=0,00, real=0,02 secs] 
Heap after GC invocations=2 (full 0):
 par new generation   total 109248K, used 11382K [0x00000000e0000000, 0x00000000e8000000, 0x00000000e8000000)
  eden space 87424K,   0% used [0x00000000e0000000, 0x00000000e0000000, 0x00000000e5560000)
  from space 21824K,  52% used [0x00000000e5560000, 0x00000000e607db30, 0x00000000e6ab0000)
  to   space 21824K,   0% used [0x00000000e6ab0000, 0x00000000e6ab0000, 0x00000000e8000000)
 concurrent mark-sweep generation total 393216K, used 0K [0x00000000e8000000, 0x0000000100000000, 0x0000000100000000)
 Metaspace       used 20723K, capacity 21020K, committed 21248K, reserved 1069056K
  class space    used 2403K, capacity 2518K, committed 2560K, reserved 1048576K
}
2017-01-13T14:09:23.988+0100: 2,392: Total time for which application threads were stopped: 0,0145675 seconds, Stopping threads took: 0,0000321 seconds
2017-01-13T14:09:24.040+0100: 2,444: Total time for which application threads were stopped: 0,0000760 seconds, Stopping threads took: 0,0000138 seconds
2017-01-13T14:09:24.073+0100: 2,477: Total time for which application threads were stopped: 0,0000733 seconds, Stopping threads took: 0,0000128 seconds
2017-01-13T14:09:24.073+0100: 2,477: Total time for which application threads were stopped: 0,0002230 seconds, Stopping threads took: 0,0000057 seconds
2017-01-13T14:09:24.101+0100: 2,505: Total time for which application threads were stopped: 0,0000818 seconds, Stopping threads took: 0,0000211 seconds
2017-01-13T14:09:24.180+0100: 2,583: Total time for which application threads were stopped: 0,0001839 seconds, Stopping threads took: 0,0000498 seconds
2017-01-13T14:09:24.199+0100: 2,603: Total time for which application threads were stopped: 0,0000934 seconds, Stopping threads took: 0,0000284 seconds
2017-01-13T14:09:24.206+0100: 2,610: Total time for which application threads were stopped: 0,0002910 seconds, Stopping threads took: 0,0000178 seconds
2017-01-13T14:09:24.214+0100: 2,617: Total time for which application threads were stopped: 0,0002812 seconds, Stopping threads took: 0,0000140 seconds
2017-01-13T14:09:24.230+0100: 2,634: Total time for which application threads were stopped: 0,0000777 seconds, Stopping threads took: 0,0000192 seconds
2017-01-13T14:09:24.263+0100: 2,667: Total time for which application threads were stopped: 0,0000852 seconds, Stopping threads took: 0,0000211 seconds
2017-01-13T14:09:24.280+0100: 2,684: Total time for which application threads were stopped: 0,0000772 seconds, Stopping threads took: 0,0000244 seconds
2017-01-13T14:09:24.296+0100: 2,700: Total time for which application threads were stopped: 0,0000826 seconds, Stopping threads took: 0,0000239 seconds
2017-01-13T14:09:24.321+0100: 2,725: Total time for which application threads were stopped: 0,0000771 seconds, Stopping threads took: 0,0000157 seconds
2017-01-13T14:09:24.361+0100: 2,765: Total time for which application threads were stopped: 0,0001265 seconds, Stopping threads took: 0,0000275 seconds
2017-01-13T14:09:24.415+0100: 2,819: Total time for which application threads were stopped: 0,0001155 seconds, Stopping threads took: 0,0000283 seconds
2017-01-13T14:09:24.444+0100: 2,848: Total time for which application threads were stopped: 0,0003408 seconds, Stopping threads took: 0,0000202 seconds
2017-01-13T14:09:24.451+0100: 2,855: Total time for which application threads were stopped: 0,0001114 seconds, Stopping threads took: 0,0000366 seconds
{Heap before GC invocations=2 (full 0):
 par new generation   total 109248K, used 98806K [0x00000000e0000000, 0x00000000e8000000, 0x00000000e8000000)
  eden space 87424K, 100% used [0x00000000e0000000, 0x00000000e5560000, 0x00000000e5560000)
  from space 21824K,  52% used [0x00000000e5560000, 0x00000000e607db30, 0x00000000e6ab0000)
  to   space 21824K,   0% used [0x00000000e6ab0000, 0x00000000e6ab0000, 0x00000000e8000000)
 concurrent mark-sweep generation total 393216K, used 0K [0x00000000e8000000, 0x0000000100000000, 0x0000000100000000)
 Metaspace       used 25117K, capacity 25508K, committed 25612K, reserved 1073152K
  class space    used 2922K, capacity 3056K, committed 3064K, reserved 1048576K
2017-01-13T14:09:24.488+0100: 2,892: [GC (Allocation Failure) 2017-01-13T14:09:24.488+0100: 2,892: [ParNew
Desired survivor size 20112992 bytes, new threshold 8 (max 8)
- age   1:    6925448 bytes,    6925448 total
- age   2:     515360 bytes,    7440808 total
- age   3:    6121152 bytes,   13561960 total
: 98806K->16707K(109248K), 0,0256959 secs] 98806K->16707K(502464K), 0,0257656 secs] [Times: user=0,09 sys=0,00, real=0,02 secs] 
Heap after GC invocations=3 (full 0):
 par new generation   total 109248K, used 16707K [0x00000000e0000000, 0x00000000e8000000, 0x00000000e8000000)
  eden space 87424K,   0% used [0x00000000e0000000, 0x00000000e0000000, 0x00000000e5560000)
  from space 21824K,  76% used [0x00000000e6ab0000, 0x00000000e7b00c88, 0x00000000e8000000)
  to   space 21824K,   0% used [0x00000000e5560000, 0x00000000e5560000, 0x00000000e6ab0000)
 concurrent mark-sweep generation total 393216K, used 0K [0x00000000e8000000, 0x0000000100000000, 0x0000000100000000)
 Metaspace       used 25117K, capacity 25508K, committed 25612K, reserved 1073152K
  class space    used 2922K, capacity 3056K, committed 3064K, reserved 1048576K
}
2017-01-13T14:09:24.514+0100: 2,917: Total time for which application threads were stopped: 0,0260000 seconds, Stopping threads took: 0,0000410 seconds
2017-01-13T14:09:24.514+0100: 2,918: [GC (CMS Initial Mark) [1 CMS-initial-mark: 0K(393216K)] 16707K(502464K), 0,0029973 secs] [Times: user=0,02 sys=0,00, real=0,01 secs] 
2017-01-13T14:09:24.517+0100: 2,921: Total time for which application threads were stopped: 0,0031152 seconds, Stopping threads took: 0,0000376 seconds
2017-01-13T14:09:24.517+0100: 2,921: [CMS-concurrent-mark-start]
2017-01-13T14:09:24.529+0100: 2,933: Total time for which application threads were stopped: 0,0001301 seconds, Stopping threads took: 0,0000271 seconds
2017-01-13T14:09:24.530+0100: 2,934: [CMS-concurrent-mark: 0,012/0,013 secs] [Times: user=0,04 sys=0,00, real=0,01 secs] 
2017-01-13T14:09:24.530+0100: 2,934: [CMS-concurrent-preclean-start]
2017-01-13T14:09:24.532+0100: 2,935: [CMS-concurrent-preclean: 0,001/0,001 secs] [Times: user=0,01 sys=0,00, real=0,00 secs] 
2017-01-13T14:09:24.532+0100: 2,936: [GC (CMS Final Remark) [YG occupancy: 18111 K (109248 K)]{Heap before GC invocations=3 (full 1):
 par new generation   total 109248K, used 18111K [0x00000000e0000000, 0x00000000e8000000, 0x00000000e8000000)
  eden space 87424K,   1% used [0x00000000e0000000, 0x00000000e015efe8, 0x00000000e5560000)
  from space 21824K,  76% used [0x00000000e6ab0000, 0x00000000e7b00c88, 0x00000000e8000000)
  to   space 21824K,   0% used [0x00000000e5560000, 0x00000000e5560000, 0x00000000e6ab0000)
 concurrent mark-sweep generation total 393216K, used 0K [0x00000000e8000000, 0x0000000100000000, 0x0000000100000000)
 Metaspace       used 25205K, capacity 25580K, committed 25868K, reserved 1073152K
  class space    used 2931K, capacity 3058K, committed 3064K, reserved 1048576K
2017-01-13T14:09:24.532+0100: 2,936: [GC (CMS Final Remark) 2017-01-13T14:09:24.532+0100: 2,936: [ParNew
Desired survivor size 20112992 bytes, new threshold 8 (max 8)
- age   1:      77760 bytes,      77760 total
- age   2:    3204616 bytes,    3282376 total
- age   3:     515200 bytes,    3797576 total
- age   4:    6120048 bytes,    9917624 total
: 18111K->16824K(109248K), 0,0161260 secs] 18111K->16824K(502464K), 0,0161915 secs] [Times: user=0,06 sys=0,00, real=0,02 secs] 
Heap after GC invocations=4 (full 1):
 par new generation   total 109248K, used 16824K [0x00000000e0000000, 0x00000000e8000000, 0x00000000e8000000)
  eden space 87424K,   0% used [0x00000000e0000000, 0x00000000e0000000, 0x00000000e5560000)
  from space 21824K,  77% used [0x00000000e5560000, 0x00000000e65ce180, 0x00000000e6ab0000)
  to   space 21824K,   0% used [0x00000000e6ab0000, 0x00000000e6ab0000, 0x00000000e8000000)
 concurrent mark-sweep generation total 393216K, used 0K [0x00000000e8000000, 0x0000000100000000, 0x0000000100000000)
 Metaspace       used 25205K, capacity 25580K, committed 25868K, reserved 1073152K
  class space    used 2931K, capacity 3058K, committed 3064K, reserved 1048576K
}
2017-01-13T14:09:24.548+0100: 2,952: [Rescan (parallel) , 0,0052818 secs]2017-01-13T14:09:24.553+0100: 2,957: [weak refs processing, 0,0008638 secs]2017-01-13T14:09:24.554+0100: 2,958: [class unloading, 0,0031865 secs]2017-01-13T14:09:24.557+0100: 2,961: [scrub symbol table, 0,0032965 secs]2017-01-13T14:09:24.561+0100: 2,965: [scrub string table, 0,0003790 secs][1 CMS-remark: 0K(393216K)] 16824K(502464K), 0,0299598 secs] [Times: user=0,09 sys=0,00, real=0,03 secs] 
2017-01-13T14:09:24.562+0100: 2,966: Total time for which application threads were stopped: 0,0300898 seconds, Stopping threads took: 0,0000515 seconds
2017-01-13T14:09:24.562+0100: 2,966: [CMS-concurrent-sweep-start]
2017-01-13T14:09:24.562+0100: 2,966: [CMS-concurrent-sweep: 0,000/0,000 secs] [Times: user=0,00 sys=0,00, real=0,00 secs] 
2017-01-13T14:09:24.562+0100: 2,966: [CMS-concurrent-reset-start]
2017-01-13T14:09:24.564+0100: 2,968: [CMS-concurrent-reset: 0,002/0,002 secs] [Times: user=0,00 sys=0,00, real=0,01 secs] 
2017-01-13T14:09:24.597+0100: 3,001: Total time for which application threads were stopped: 0,0004644 seconds, Stopping threads took: 0,0000319 seconds
2017-01-13T14:09:24.611+0100: 3,015: Total time for which application threads were stopped: 0,0003136 seconds, Stopping threads took: 0,0000228 seconds
2017-01-13T14:09:25.612+0100: 4,015: Total time for which application threads were stopped: 0,0000858 seconds, Stopping threads took: 0,0000162 seconds
2017-01-13T14:09:25.645+0100: 4,049: Total time for which application threads were stopped: 0,0002644 seconds, Stopping threads took: 0,0000152 seconds
2017-01-13T14:09:53.649+0100: 32,052: Total time for which application threads were stopped: 0,0000708 seconds, Stopping threads took: 0,0000324 seconds
2017-01-13T14:12:02.989+0100: 162,071: Total time for which application threads were stopped: 0,0000689 seconds, Stopping threads took: 0,0000303 seconds
2017-01-13T14:12:07.990+0100: 167,071: Total time for which application threads were stopped: 0,0000705 seconds, Stopping threads took: 0,0000204 seconds
2017-01-13T14:12:11.990+0100: 171,072: Total time for which application threads were stopped: 0,0000712 seconds, Stopping threads took: 0,0000315 seconds
2017-01-13T14:12:16.991+0100: 176,072: Total time for which application threads were stopped: 0,0000567 seconds, Stopping threads took: 0,0000172 seconds
2017-01-13T14:12:21.991+0100: 181,073: Total time for which application threads were stopped: 0,0003414 seconds, Stopping threads took: 0,0000927 seconds
2017-01-13T14:13:02.997+0100: 222,078: Total time for which application threads were stopped: 0,0000940 seconds, Stopping threads took: 0,0000391 seconds
2017-01-13T14:13:12.998+0100: 232,080: Total time for which application threads were stopped: 0,0001793 seconds, Stopping threads took: 0,0000643 seconds
2017-01-13T14:13:47.003+0100: 266,084: Total time for which application threads were stopped: 0,0001603 seconds, Stopping threads took: 0,0000654 seconds
2017-01-13T14:13:52.004+0100: 271,085: Total time for which application threads were stopped: 0,0000688 seconds, Stopping threads took: 0,0000156 seconds
2017-01-13T14:14:08.006+0100: 287,087: Total time for which application threads were stopped: 0,0000565 seconds, Stopping threads took: 0,0000159 seconds
2017-01-13T14:33:02.141+0100: 1421,222: Total time for which application threads were stopped: 0,0000735 seconds, Stopping threads took: 0,0000299 seconds
2017-01-13T14:36:48.166+0100: 1647,247: Total time for which application threads were stopped: 0,0000790 seconds, Stopping threads took: 0,0000328 seconds
2017-01-13T14:37:32.171+0100: 1691,252: Total time for which application threads were stopped: 0,0000822 seconds, Stopping threads took: 0,0000344 seconds
2017-01-13T14:48:12.240+0100: 2331,322: Total time for which application threads were stopped: 0,0000737 seconds, Stopping threads took: 0,0000305 seconds
2017-01-13T14:48:13.241+0100: 2332,322: Total time for which application threads were stopped: 0,0000548 seconds, Stopping threads took: 0,0000145 seconds
2017-01-13T15:03:55.689+0100: 3274,771: Total time for which application threads were stopped: 0,0000936 seconds, Stopping threads took: 0,0000160 seconds
Heap
 par new generation   total 109248K, used 60684K [0x00000000e0000000, 0x00000000e8000000, 0x00000000e8000000)
  eden space 87424K,  50% used [0x00000000e0000000, 0x00000000e2ad4ff8, 0x00000000e5560000)
  from space 21824K,  77% used [0x00000000e5560000, 0x00000000e65ce180, 0x00000000e6ab0000)
  to   space 21824K,   0% used [0x00000000e6ab0000, 0x00000000e6ab0000, 0x00000000e8000000)
 concurrent mark-sweep generation total 393216K, used 0K [0x00000000e8000000, 0x0000000100000000, 0x0000000100000000)
 Metaspace       used 27222K, capacity 27664K, committed 27840K, reserved 1073152K
  class space    used 3166K, capacity 3320K, committed 3320K, reserved 1048576K
