OpenJDK 64-Bit Server VM (25.131-b11) for linux-amd64 JRE (1.8.0_131-8u131-b11-0ubuntu1.16.04.2-b11), built on May  6 2017 02:45:27 by "buildd" with gcc 5.4.0 20160609
Memory: 4k page, physical 7867740k(7411412k free), swap 8076284k(8076284k free)
CommandLine flags: -XX:CMSInitiatingOccupancyFraction=50 -XX:CMSMaxAbortablePrecleanTime=6000 -XX:+CMSParallelRemarkEnabled -XX:+CMSScavengeBeforeRemark -XX:ConcGCThreads=4 -XX:InitialHeapSize=536870912 -XX:MaxHeapSize=536870912 -XX:MaxTenuringThreshold=8 -XX:NewRatio=3 -XX:OldPLABSize=16 -XX:OnOutOfMemoryError=/opt/solr/bin/oom_solr.sh 8983 /var/solr/logs -XX:ParallelGCThreads=4 -XX:+ParallelRefProcEnabled -XX:PretenureSizeThreshold=67108864 -XX:+PrintGC -XX:+PrintGCApplicationStoppedTime -XX:+PrintGCDateStamps -XX:+PrintGCDetails -XX:+PrintGCTimeStamps -XX:+PrintHeapAtGC -XX:+PrintTenuringDistribution -XX:SurvivorRatio=4 -XX:TargetSurvivorRatio=90 -XX:ThreadStackSize=256 -XX:+UseCMSInitiatingOccupancyOnly -XX:+UseCompressedClassPointers -XX:+UseCompressedOops -XX:+UseConcMarkSweepGC -XX:+UseParNewGC 
2017-06-14T19:15:19.573+0200: 0,133: Total time for which application threads were stopped: 0,0000676 seconds, Stopping threads took: 0,0000131 seconds
2017-06-14T19:15:19.657+0200: 0,217: Total time for which application threads were stopped: 0,0001265 seconds, Stopping threads took: 0,0000307 seconds
2017-06-14T19:15:19.673+0200: 0,233: Total time for which application threads were stopped: 0,0001256 seconds, Stopping threads took: 0,0000122 seconds
2017-06-14T19:15:19.897+0200: 0,457: Total time for which application threads were stopped: 0,0001792 seconds, Stopping threads took: 0,0000273 seconds
2017-06-14T19:15:20.291+0200: 0,851: Total time for which application threads were stopped: 0,0002260 seconds, Stopping threads took: 0,0000639 seconds
2017-06-14T19:15:20.448+0200: 1,008: Total time for which application threads were stopped: 0,0001542 seconds, Stopping threads took: 0,0000148 seconds
2017-06-14T19:15:20.497+0200: 1,057: Total time for which application threads were stopped: 0,0002218 seconds, Stopping threads took: 0,0000470 seconds
2017-06-14T19:15:20.790+0200: 1,350: Total time for which application threads were stopped: 0,0003015 seconds, Stopping threads took: 0,0000379 seconds
2017-06-14T19:15:21.016+0200: 1,576: Total time for which application threads were stopped: 0,0002803 seconds, Stopping threads took: 0,0000196 seconds
2017-06-14T19:15:21.046+0200: 1,606: Total time for which application threads were stopped: 0,0002501 seconds, Stopping threads took: 0,0000496 seconds
2017-06-14T19:15:21.082+0200: 1,642: Total time for which application threads were stopped: 0,0002095 seconds, Stopping threads took: 0,0000286 seconds
2017-06-14T19:15:21.083+0200: 1,643: Total time for which application threads were stopped: 0,0002727 seconds, Stopping threads took: 0,0000571 seconds
2017-06-14T19:15:21.105+0200: 1,665: Total time for which application threads were stopped: 0,0002010 seconds, Stopping threads took: 0,0000210 seconds
2017-06-14T19:15:21.199+0200: 1,759: Total time for which application threads were stopped: 0,0002045 seconds, Stopping threads took: 0,0000219 seconds
2017-06-14T19:15:21.358+0200: 1,918: Total time for which application threads were stopped: 0,0002814 seconds, Stopping threads took: 0,0000695 seconds
{Heap before GC invocations=0 (full 0):
 par new generation   total 109248K, used 87424K [0x00000000e0000000, 0x00000000e8000000, 0x00000000e8000000)
  eden space 87424K, 100% used [0x00000000e0000000, 0x00000000e5560000, 0x00000000e5560000)
  from space 21824K,   0% used [0x00000000e5560000, 0x00000000e5560000, 0x00000000e6ab0000)
  to   space 21824K,   0% used [0x00000000e6ab0000, 0x00000000e6ab0000, 0x00000000e8000000)
 concurrent mark-sweep generation total 393216K, used 0K [0x00000000e8000000, 0x0000000100000000, 0x0000000100000000)
 Metaspace       used 18044K, capacity 18400K, committed 18688K, reserved 1064960K
  class space    used 2036K, capacity 2196K, committed 2304K, reserved 1048576K
2017-06-14T19:15:21.440+0200: 2,000: [GC (Allocation Failure) 2017-06-14T19:15:21.440+0200: 2,000: [ParNew
Desired survivor size 20112992 bytes, new threshold 8 (max 8)
- age   1:   12523496 bytes,   12523496 total
: 87424K->12335K(109248K), 0,0155820 secs] 87424K->12335K(502464K), 0,0156553 secs] [Times: user=0,04 sys=0,01, real=0,01 secs] 
Heap after GC invocations=1 (full 0):
 par new generation   total 109248K, used 12335K [0x00000000e0000000, 0x00000000e8000000, 0x00000000e8000000)
  eden space 87424K,   0% used [0x00000000e0000000, 0x00000000e0000000, 0x00000000e5560000)
  from space 21824K,  56% used [0x00000000e6ab0000, 0x00000000e76bbfb0, 0x00000000e8000000)
  to   space 21824K,   0% used [0x00000000e5560000, 0x00000000e5560000, 0x00000000e6ab0000)
 concurrent mark-sweep generation total 393216K, used 0K [0x00000000e8000000, 0x0000000100000000, 0x0000000100000000)
 Metaspace       used 18044K, capacity 18400K, committed 18688K, reserved 1064960K
  class space    used 2036K, capacity 2196K, committed 2304K, reserved 1048576K
}
2017-06-14T19:15:21.456+0200: 2,015: Total time for which application threads were stopped: 0,0158951 seconds, Stopping threads took: 0,0000575 seconds
2017-06-14T19:15:21.731+0200: 2,291: Total time for which application threads were stopped: 0,0003158 seconds, Stopping threads took: 0,0000414 seconds
{Heap before GC invocations=1 (full 0):
 par new generation   total 109248K, used 99759K [0x00000000e0000000, 0x00000000e8000000, 0x00000000e8000000)
  eden space 87424K, 100% used [0x00000000e0000000, 0x00000000e5560000, 0x00000000e5560000)
  from space 21824K,  56% used [0x00000000e6ab0000, 0x00000000e76bbfb0, 0x00000000e8000000)
  to   space 21824K,   0% used [0x00000000e5560000, 0x00000000e5560000, 0x00000000e6ab0000)
 concurrent mark-sweep generation total 393216K, used 0K [0x00000000e8000000, 0x0000000100000000, 0x0000000100000000)
 Metaspace       used 20079K, capacity 20436K, committed 20736K, reserved 1067008K
  class space    used 2296K, capacity 2472K, committed 2560K, reserved 1048576K
2017-06-14T19:15:21.776+0200: 2,336: [GC (Allocation Failure) 2017-06-14T19:15:21.776+0200: 2,336: [ParNew
Desired survivor size 20112992 bytes, new threshold 8 (max 8)
- age   1:    3828064 bytes,    3828064 total
- age   2:    6651064 bytes,   10479128 total
: 99759K->15612K(109248K), 0,0147191 secs] 99759K->15612K(502464K), 0,0147921 secs] [Times: user=0,06 sys=0,00, real=0,02 secs] 
Heap after GC invocations=2 (full 0):
 par new generation   total 109248K, used 15612K [0x00000000e0000000, 0x00000000e8000000, 0x00000000e8000000)
  eden space 87424K,   0% used [0x00000000e0000000, 0x00000000e0000000, 0x00000000e5560000)
  from space 21824K,  71% used [0x00000000e5560000, 0x00000000e649f0c0, 0x00000000e6ab0000)
  to   space 21824K,   0% used [0x00000000e6ab0000, 0x00000000e6ab0000, 0x00000000e8000000)
 concurrent mark-sweep generation total 393216K, used 0K [0x00000000e8000000, 0x0000000100000000, 0x0000000100000000)
 Metaspace       used 20079K, capacity 20436K, committed 20736K, reserved 1067008K
  class space    used 2296K, capacity 2472K, committed 2560K, reserved 1048576K
}
2017-06-14T19:15:21.791+0200: 2,351: Total time for which application threads were stopped: 0,0150058 seconds, Stopping threads took: 0,0000520 seconds
2017-06-14T19:15:21.796+0200: 2,356: Total time for which application threads were stopped: 0,0004026 seconds, Stopping threads took: 0,0000751 seconds
2017-06-14T19:15:21.827+0200: 2,387: Total time for which application threads were stopped: 0,0004489 seconds, Stopping threads took: 0,0000579 seconds
2017-06-14T19:15:21.932+0200: 2,492: Total time for which application threads were stopped: 0,0001893 seconds, Stopping threads took: 0,0000464 seconds
{Heap before GC invocations=2 (full 0):
 par new generation   total 109248K, used 103036K [0x00000000e0000000, 0x00000000e8000000, 0x00000000e8000000)
  eden space 87424K, 100% used [0x00000000e0000000, 0x00000000e5560000, 0x00000000e5560000)
  from space 21824K,  71% used [0x00000000e5560000, 0x00000000e649f0c0, 0x00000000e6ab0000)
  to   space 21824K,   0% used [0x00000000e6ab0000, 0x00000000e6ab0000, 0x00000000e8000000)
 concurrent mark-sweep generation total 393216K, used 0K [0x00000000e8000000, 0x0000000100000000, 0x0000000100000000)
 Metaspace       used 20990K, capacity 21294K, committed 21628K, reserved 1069056K
  class space    used 2418K, capacity 2591K, committed 2684K, reserved 1048576K
2017-06-14T19:15:21.988+0200: 2,548: [GC (Allocation Failure) 2017-06-14T19:15:21.988+0200: 2,548: [ParNew
Desired survivor size 20112992 bytes, new threshold 8 (max 8)
- age   1:    2197424 bytes,    2197424 total
- age   2:     871544 bytes,    3068968 total
- age   3:    6647336 bytes,    9716304 total
: 103036K->11274K(109248K), 0,0116822 secs] 103036K->11274K(502464K), 0,0117714 secs] [Times: user=0,04 sys=0,00, real=0,02 secs] 
Heap after GC invocations=3 (full 0):
 par new generation   total 109248K, used 11274K [0x00000000e0000000, 0x00000000e8000000, 0x00000000e8000000)
  eden space 87424K,   0% used [0x00000000e0000000, 0x00000000e0000000, 0x00000000e5560000)
  from space 21824K,  51% used [0x00000000e6ab0000, 0x00000000e75b2ac0, 0x00000000e8000000)
  to   space 21824K,   0% used [0x00000000e5560000, 0x00000000e5560000, 0x00000000e6ab0000)
 concurrent mark-sweep generation total 393216K, used 0K [0x00000000e8000000, 0x0000000100000000, 0x0000000100000000)
 Metaspace       used 20990K, capacity 21294K, committed 21628K, reserved 1069056K
  class space    used 2418K, capacity 2591K, committed 2684K, reserved 1048576K
}
2017-06-14T19:15:22.000+0200: 2,560: Total time for which application threads were stopped: 0,0121061 seconds, Stopping threads took: 0,0001490 seconds
2017-06-14T19:15:22.000+0200: 2,560: [GC (CMS Initial Mark) [1 CMS-initial-mark: 0K(393216K)] 11276K(502464K), 0,0051799 secs] [Times: user=0,01 sys=0,00, real=0,00 secs] 
2017-06-14T19:15:22.005+0200: 2,565: Total time for which application threads were stopped: 0,0053437 seconds, Stopping threads took: 0,0000462 seconds
2017-06-14T19:15:22.005+0200: 2,565: [CMS-concurrent-mark-start]
2017-06-14T19:15:22.006+0200: 2,566: [CMS-concurrent-mark: 0,001/0,001 secs] [Times: user=0,00 sys=0,00, real=0,00 secs] 
2017-06-14T19:15:22.006+0200: 2,566: [CMS-concurrent-preclean-start]
2017-06-14T19:15:22.007+0200: 2,567: [CMS-concurrent-preclean: 0,001/0,001 secs] [Times: user=0,00 sys=0,00, real=0,00 secs] 
2017-06-14T19:15:22.007+0200: 2,567: [GC (CMS Final Remark) [YG occupancy: 12718 K (109248 K)]{Heap before GC invocations=3 (full 1):
 par new generation   total 109248K, used 12718K [0x00000000e0000000, 0x00000000e8000000, 0x00000000e8000000)
  eden space 87424K,   1% used [0x00000000e0000000, 0x00000000e0168fb0, 0x00000000e5560000)
  from space 21824K,  51% used [0x00000000e6ab0000, 0x00000000e75b2ac0, 0x00000000e8000000)
  to   space 21824K,   0% used [0x00000000e5560000, 0x00000000e5560000, 0x00000000e6ab0000)
 concurrent mark-sweep generation total 393216K, used 0K [0x00000000e8000000, 0x0000000100000000, 0x0000000100000000)
 Metaspace       used 21000K, capacity 21294K, committed 21628K, reserved 1069056K
  class space    used 2420K, capacity 2591K, committed 2684K, reserved 1048576K
2017-06-14T19:15:22.007+0200: 2,567: [GC (CMS Final Remark) 2017-06-14T19:15:22.007+0200: 2,567: [ParNew
Desired survivor size 20112992 bytes, new threshold 8 (max 8)
- age   1:     152488 bytes,     152488 total
- age   2:    2194616 bytes,    2347104 total
- age   3:     871544 bytes,    3218648 total
- age   4:    6647336 bytes,    9865984 total
: 12718K->14426K(109248K), 0,0111036 secs] 12718K->14426K(502464K), 0,0111518 secs] [Times: user=0,04 sys=0,00, real=0,02 secs] 
Heap after GC invocations=4 (full 1):
 par new generation   total 109248K, used 14426K [0x00000000e0000000, 0x00000000e8000000, 0x00000000e8000000)
  eden space 87424K,   0% used [0x00000000e0000000, 0x00000000e0000000, 0x00000000e5560000)
  from space 21824K,  66% used [0x00000000e5560000, 0x00000000e6376ae8, 0x00000000e6ab0000)
  to   space 21824K,   0% used [0x00000000e6ab0000, 0x00000000e6ab0000, 0x00000000e8000000)
 concurrent mark-sweep generation total 393216K, used 0K [0x00000000e8000000, 0x0000000100000000, 0x0000000100000000)
 Metaspace       used 21000K, capacity 21294K, committed 21628K, reserved 1069056K
  class space    used 2420K, capacity 2591K, committed 2684K, reserved 1048576K
}
2017-06-14T19:15:22.019+0200: 2,578: [Rescan (parallel) , 0,0036395 secs]2017-06-14T19:15:22.022+0200: 2,582: [weak refs processing, 0,0009131 secs]2017-06-14T19:15:22.023+0200: 2,583: [class unloading, 0,0027616 secs]2017-06-14T19:15:22.026+0200: 2,586: [scrub symbol table, 0,0024340 secs]2017-06-14T19:15:22.028+0200: 2,588: [scrub string table, 0,0003664 secs][1 CMS-remark: 0K(393216K)] 14426K(502464K), 0,0219166 secs] [Times: user=0,06 sys=0,00, real=0,02 secs] 
2017-06-14T19:15:22.029+0200: 2,589: Total time for which application threads were stopped: 0,0220640 seconds, Stopping threads took: 0,0000543 seconds
2017-06-14T19:15:22.029+0200: 2,589: [CMS-concurrent-sweep-start]
2017-06-14T19:15:22.029+0200: 2,589: [CMS-concurrent-sweep: 0,000/0,000 secs] [Times: user=0,00 sys=0,00, real=0,00 secs] 
2017-06-14T19:15:22.029+0200: 2,589: [CMS-concurrent-reset-start]
2017-06-14T19:15:22.032+0200: 2,592: [CMS-concurrent-reset: 0,003/0,003 secs] [Times: user=0,01 sys=0,00, real=0,00 secs] 
2017-06-14T19:15:22.113+0200: 2,673: Total time for which application threads were stopped: 0,0003138 seconds, Stopping threads took: 0,0002079 seconds
{Heap before GC invocations=4 (full 1):
 par new generation   total 109248K, used 103074K [0x00000000e0000000, 0x00000000e8000000, 0x00000000e8000000)
  eden space 87424K, 100% used [0x00000000e0000000, 0x00000000e5560000, 0x00000000e5560000)
  from space 21824K,  71% used [0x00000000e5560000, 0x00000000e64a8b08, 0x00000000e6ab0000)
  to   space 21824K,   0% used [0x00000000e6ab0000, 0x00000000e6ab0000, 0x00000000e8000000)
 concurrent mark-sweep generation total 393216K, used 0K [0x00000000e8000000, 0x0000000100000000, 0x0000000100000000)
 Metaspace       used 21239K, capacity 21634K, committed 21884K, reserved 1069056K
  class space    used 2449K, capacity 2606K, committed 2684K, reserved 1048576K
2017-06-14T19:15:22.118+0200: 2,678: [GC (Allocation Failure) 2017-06-14T19:15:22.118+0200: 2,678: [ParNew
Desired survivor size 20112992 bytes, new threshold 8 (max 8)
- age   1:    1340392 bytes,    1340392 total
- age   2:       1424 bytes,    1341816 total
- age   3:    1447336 bytes,    2789152 total
- age   4:     840088 bytes,    3629240 total
- age   5:    6647384 bytes,   10276624 total
: 103074K->11348K(109248K), 0,0094768 secs] 103074K->11348K(502464K), 0,0095390 secs] [Times: user=0,04 sys=0,00, real=0,00 secs] 
Heap after GC invocations=5 (full 1):
 par new generation   total 109248K, used 11348K [0x00000000e0000000, 0x00000000e8000000, 0x00000000e8000000)
  eden space 87424K,   0% used [0x00000000e0000000, 0x00000000e0000000, 0x00000000e5560000)
  from space 21824K,  51% used [0x00000000e6ab0000, 0x00000000e75c5000, 0x00000000e8000000)
  to   space 21824K,   0% used [0x00000000e5560000, 0x00000000e5560000, 0x00000000e6ab0000)
 concurrent mark-sweep generation total 393216K, used 0K [0x00000000e8000000, 0x0000000100000000, 0x0000000100000000)
 Metaspace       used 21239K, capacity 21634K, committed 21884K, reserved 1069056K
  class space    used 2449K, capacity 2606K, committed 2684K, reserved 1048576K
}
2017-06-14T19:15:22.127+0200: 2,687: Total time for which application threads were stopped: 0,0097289 seconds, Stopping threads took: 0,0000644 seconds
{Heap before GC invocations=5 (full 1):
 par new generation   total 109248K, used 20731K [0x00000000e0000000, 0x00000000e8000000, 0x00000000e8000000)
  eden space 87424K,  10% used [0x00000000e0000000, 0x00000000e0929ef0, 0x00000000e5560000)
  from space 21824K,  51% used [0x00000000e6ab0000, 0x00000000e75c5000, 0x00000000e8000000)
  to   space 21824K,   0% used [0x00000000e5560000, 0x00000000e5560000, 0x00000000e6ab0000)
 concurrent mark-sweep generation total 393216K, used 0K [0x00000000e8000000, 0x0000000100000000, 0x0000000100000000)
 Metaspace       used 21240K, capacity 21634K, committed 21884K, reserved 1069056K
  class space    used 2449K, capacity 2606K, committed 2684K, reserved 1048576K
2017-06-14T19:15:22.138+0200: 2,697: [GC (GCLocker Initiated GC) 2017-06-14T19:15:22.138+0200: 2,697: [ParNew
Desired survivor size 20112992 bytes, new threshold 8 (max 8)
- age   1:     983832 bytes,     983832 total
- age   2:     677728 bytes,    1661560 total
- age   3:       1424 bytes,    1662984 total
- age   4:    1447376 bytes,    3110360 total
- age   5:     840088 bytes,    3950448 total
- age   6:    6647360 bytes,   10597808 total
: 20731K->15654K(109248K), 0,0103556 secs] 20731K->15654K(502464K), 0,0104307 secs] [Times: user=0,03 sys=0,00, real=0,00 secs] 
Heap after GC invocations=6 (full 1):
 par new generation   total 109248K, used 15654K [0x00000000e0000000, 0x00000000e8000000, 0x00000000e8000000)
  eden space 87424K,   0% used [0x00000000e0000000, 0x00000000e0000000, 0x00000000e5560000)
  from space 21824K,  71% used [0x00000000e5560000, 0x00000000e64a9930, 0x00000000e6ab0000)
  to   space 21824K,   0% used [0x00000000e6ab0000, 0x00000000e6ab0000, 0x00000000e8000000)
 concurrent mark-sweep generation total 393216K, used 0K [0x00000000e8000000, 0x0000000100000000, 0x0000000100000000)
 Metaspace       used 21240K, capacity 21634K, committed 21884K, reserved 1069056K
  class space    used 2449K, capacity 2606K, committed 2684K, reserved 1048576K
}
2017-06-14T19:15:22.148+0200: 2,708: Total time for which application threads were stopped: 0,0106005 seconds, Stopping threads took: 0,0000425 seconds
{Heap before GC invocations=6 (full 1):
 par new generation   total 109248K, used 103078K [0x00000000e0000000, 0x00000000e8000000, 0x00000000e8000000)
  eden space 87424K, 100% used [0x00000000e0000000, 0x00000000e5560000, 0x00000000e5560000)
  from space 21824K,  71% used [0x00000000e5560000, 0x00000000e64a9930, 0x00000000e6ab0000)
  to   space 21824K,   0% used [0x00000000e6ab0000, 0x00000000e6ab0000, 0x00000000e8000000)
 concurrent mark-sweep generation total 393216K, used 0K [0x00000000e8000000, 0x0000000100000000, 0x0000000100000000)
 Metaspace       used 21493K, capacity 21870K, committed 22140K, reserved 1069056K
  class space    used 2480K, capacity 2640K, committed 2684K, reserved 1048576K
2017-06-14T19:15:22.262+0200: 2,822: [GC (Allocation Failure) 2017-06-14T19:15:22.262+0200: 2,822: [ParNew
Desired survivor size 20112992 bytes, new threshold 8 (max 8)
- age   1:     688096 bytes,     688096 total
- age   2:      11016 bytes,     699112 total
- age   3:     187760 bytes,     886872 total
- age   4:       1424 bytes,     888296 total
- age   5:    1056968 bytes,    1945264 total
- age   6:     836088 bytes,    2781352 total
- age   7:    6647272 bytes,    9428624 total
: 103078K->12059K(109248K), 0,0159582 secs] 103078K->12059K(502464K), 0,0160408 secs] [Times: user=0,05 sys=0,00, real=0,02 secs] 
Heap after GC invocations=7 (full 1):
 par new generation   total 109248K, used 12059K [0x00000000e0000000, 0x00000000e8000000, 0x00000000e8000000)
  eden space 87424K,   0% used [0x00000000e0000000, 0x00000000e0000000, 0x00000000e5560000)
  from space 21824K,  55% used [0x00000000e6ab0000, 0x00000000e7676c90, 0x00000000e8000000)
  to   space 21824K,   0% used [0x00000000e5560000, 0x00000000e5560000, 0x00000000e6ab0000)
 concurrent mark-sweep generation total 393216K, used 0K [0x00000000e8000000, 0x0000000100000000, 0x0000000100000000)
 Metaspace       used 21493K, capacity 21870K, committed 22140K, reserved 1069056K
  class space    used 2480K, capacity 2640K, committed 2684K, reserved 1048576K
}
2017-06-14T19:15:22.278+0200: 2,838: Total time for which application threads were stopped: 0,0164804 seconds, Stopping threads took: 0,0002586 seconds
2017-06-14T19:15:22.296+0200: 2,856: Total time for which application threads were stopped: 0,0003807 seconds, Stopping threads took: 0,0000467 seconds
2017-06-14T19:15:22.569+0200: 3,129: Total time for which application threads were stopped: 0,0004438 seconds, Stopping threads took: 0,0000206 seconds
2017-06-14T19:15:22.585+0200: 3,145: Total time for which application threads were stopped: 0,0004606 seconds, Stopping threads took: 0,0000363 seconds
{Heap before GC invocations=7 (full 1):
 par new generation   total 109248K, used 99483K [0x00000000e0000000, 0x00000000e8000000, 0x00000000e8000000)
  eden space 87424K, 100% used [0x00000000e0000000, 0x00000000e5560000, 0x00000000e5560000)
  from space 21824K,  55% used [0x00000000e6ab0000, 0x00000000e7676c90, 0x00000000e8000000)
  to   space 21824K,   0% used [0x00000000e5560000, 0x00000000e5560000, 0x00000000e6ab0000)
 concurrent mark-sweep generation total 393216K, used 0K [0x00000000e8000000, 0x0000000100000000, 0x0000000100000000)
 Metaspace       used 24027K, capacity 24528K, committed 24828K, reserved 1071104K
  class space    used 2834K, capacity 3015K, committed 3068K, reserved 1048576K
2017-06-14T19:15:22.782+0200: 3,342: [GC (Allocation Failure) 2017-06-14T19:15:22.782+0200: 3,342: [ParNew
Desired survivor size 20112992 bytes, new threshold 8 (max 8)
- age   1:    5206352 bytes,    5206352 total
- age   2:     189808 bytes,    5396160 total
- age   3:      11016 bytes,    5407176 total
- age   4:     184392 bytes,    5591568 total
- age   5:       1424 bytes,    5592992 total
- age   6:     277080 bytes,    5870072 total
- age   7:     811696 bytes,    6681768 total
- age   8:    6638992 bytes,   13320760 total
: 99483K->16305K(109248K), 0,0112348 secs] 99483K->16305K(502464K), 0,0113123 secs] [Times: user=0,04 sys=0,00, real=0,01 secs] 
Heap after GC invocations=8 (full 1):
 par new generation   total 109248K, used 16305K [0x00000000e0000000, 0x00000000e8000000, 0x00000000e8000000)
  eden space 87424K,   0% used [0x00000000e0000000, 0x00000000e0000000, 0x00000000e5560000)
  from space 21824K,  74% used [0x00000000e5560000, 0x00000000e654c680, 0x00000000e6ab0000)
  to   space 21824K,   0% used [0x00000000e6ab0000, 0x00000000e6ab0000, 0x00000000e8000000)
 concurrent mark-sweep generation total 393216K, used 0K [0x00000000e8000000, 0x0000000100000000, 0x0000000100000000)
 Metaspace       used 24027K, capacity 24528K, committed 24828K, reserved 1071104K
  class space    used 2834K, capacity 3015K, committed 3068K, reserved 1048576K
}
2017-06-14T19:15:22.793+0200: 3,353: Total time for which application threads were stopped: 0,0115508 seconds, Stopping threads took: 0,0000544 seconds
{Heap before GC invocations=8 (full 1):
 par new generation   total 109248K, used 103729K [0x00000000e0000000, 0x00000000e8000000, 0x00000000e8000000)
  eden space 87424K, 100% used [0x00000000e0000000, 0x00000000e5560000, 0x00000000e5560000)
  from space 21824K,  74% used [0x00000000e5560000, 0x00000000e654c680, 0x00000000e6ab0000)
  to   space 21824K,   0% used [0x00000000e6ab0000, 0x00000000e6ab0000, 0x00000000e8000000)
 concurrent mark-sweep generation total 393216K, used 0K [0x00000000e8000000, 0x0000000100000000, 0x0000000100000000)
 Metaspace       used 24419K, capacity 24902K, committed 25084K, reserved 1071104K
  class space    used 2861K, capacity 3051K, committed 3068K, reserved 1048576K
2017-06-14T19:15:22.878+0200: 3,437: [GC (Allocation Failure) 2017-06-14T19:15:22.878+0200: 3,437: [ParNew
Desired survivor size 20112992 bytes, new threshold 8 (max 8)
- age   1:    1650656 bytes,    1650656 total
- age   2:    1797160 bytes,    3447816 total
- age   3:      94736 bytes,    3542552 total
- age   4:       6152 bytes,    3548704 total
- age   5:      99264 bytes,    3647968 total
- age   6:       1088 bytes,    3649056 total
- age   7:     181160 bytes,    3830216 total
- age   8:     769616 bytes,    4599832 total
: 103729K->10921K(109248K), 0,0262580 secs] 103729K->16966K(502464K), 0,0263231 secs] [Times: user=0,09 sys=0,00, real=0,02 secs] 
Heap after GC invocations=9 (full 1):
 par new generation   total 109248K, used 10921K [0x00000000e0000000, 0x00000000e8000000, 0x00000000e8000000)
  eden space 87424K,   0% used [0x00000000e0000000, 0x00000000e0000000, 0x00000000e5560000)
  from space 21824K,  50% used [0x00000000e6ab0000, 0x00000000e755a480, 0x00000000e8000000)
  to   space 21824K,   0% used [0x00000000e5560000, 0x00000000e5560000, 0x00000000e6ab0000)
 concurrent mark-sweep generation total 393216K, used 6045K [0x00000000e8000000, 0x0000000100000000, 0x0000000100000000)
 Metaspace       used 24419K, capacity 24902K, committed 25084K, reserved 1071104K
  class space    used 2861K, capacity 3051K, committed 3068K, reserved 1048576K
}
2017-06-14T19:15:22.904+0200: 3,464: Total time for which application threads were stopped: 0,0301317 seconds, Stopping threads took: 0,0036499 seconds
{Heap before GC invocations=9 (full 1):
 par new generation   total 109248K, used 98345K [0x00000000e0000000, 0x00000000e8000000, 0x00000000e8000000)
  eden space 87424K, 100% used [0x00000000e0000000, 0x00000000e5560000, 0x00000000e5560000)
  from space 21824K,  50% used [0x00000000e6ab0000, 0x00000000e755a480, 0x00000000e8000000)
  to   space 21824K,   0% used [0x00000000e5560000, 0x00000000e5560000, 0x00000000e6ab0000)
 concurrent mark-sweep generation total 393216K, used 6045K [0x00000000e8000000, 0x0000000100000000, 0x0000000100000000)
 Metaspace       used 24982K, capacity 25456K, committed 25724K, reserved 1071104K
  class space    used 2908K, capacity 3085K, committed 3196K, reserved 1048576K
2017-06-14T19:15:22.998+0200: 3,557: [GC (Allocation Failure) 2017-06-14T19:15:22.998+0200: 3,558: [ParNew
Desired survivor size 20112992 bytes, new threshold 8 (max 8)
- age   1:    1389056 bytes,    1389056 total
- age   2:     586168 bytes,    1975224 total
- age   3:    1763576 bytes,    3738800 total
- age   4:      92136 bytes,    3830936 total
- age   5:       6152 bytes,    3837088 total
- age   6:      99104 bytes,    3936192 total
- age   7:       1088 bytes,    3937280 total
- age   8:     177728 bytes,    4115008 total
: 98345K->5106K(109248K), 0,0175048 secs] 104390K->11914K(502464K), 0,0175868 secs] [Times: user=0,06 sys=0,00, real=0,01 secs] 
Heap after GC invocations=10 (full 1):
 par new generation   total 109248K, used 5106K [0x00000000e0000000, 0x00000000e8000000, 0x00000000e8000000)
  eden space 87424K,   0% used [0x00000000e0000000, 0x00000000e0000000, 0x00000000e5560000)
  from space 21824K,  23% used [0x00000000e5560000, 0x00000000e5a5c830, 0x00000000e6ab0000)
  to   space 21824K,   0% used [0x00000000e6ab0000, 0x00000000e6ab0000, 0x00000000e8000000)
 concurrent mark-sweep generation total 393216K, used 6808K [0x00000000e8000000, 0x0000000100000000, 0x0000000100000000)
 Metaspace       used 24982K, capacity 25456K, committed 25724K, reserved 1071104K
  class space    used 2908K, capacity 3085K, committed 3196K, reserved 1048576K
}
2017-06-14T19:15:23.015+0200: 3,575: Total time for which application threads were stopped: 0,0178060 seconds, Stopping threads took: 0,0000381 seconds
2017-06-14T19:15:23.237+0200: 3,796: Total time for which application threads were stopped: 0,0005108 seconds, Stopping threads took: 0,0000407 seconds
2017-06-14T19:15:23.252+0200: 3,812: Total time for which application threads were stopped: 0,0004795 seconds, Stopping threads took: 0,0000401 seconds
2017-06-14T19:15:23.317+0200: 3,877: Total time for which application threads were stopped: 0,0005222 seconds, Stopping threads took: 0,0000428 seconds
2017-06-14T19:15:23.428+0200: 3,988: Total time for which application threads were stopped: 0,0005558 seconds, Stopping threads took: 0,0000648 seconds
2017-06-14T19:15:23.500+0200: 4,060: Total time for which application threads were stopped: 0,0004788 seconds, Stopping threads took: 0,0000234 seconds
2017-06-14T19:15:25.500+0200: 6,060: Total time for which application threads were stopped: 0,0000852 seconds, Stopping threads took: 0,0000185 seconds
2017-06-14T19:15:41.502+0200: 22,062: Total time for which application threads were stopped: 0,0000701 seconds, Stopping threads took: 0,0000187 seconds
2017-06-14T19:15:51.504+0200: 32,064: Total time for which application threads were stopped: 0,0000655 seconds, Stopping threads took: 0,0000159 seconds
2017-06-14T19:17:21.514+0200: 122,074: Total time for which application threads were stopped: 0,0000799 seconds, Stopping threads took: 0,0000327 seconds
2017-06-14T19:17:26.515+0200: 127,075: Total time for which application threads were stopped: 0,0000821 seconds, Stopping threads took: 0,0000336 seconds
2017-06-14T19:17:51.519+0200: 152,079: Total time for which application threads were stopped: 0,0000970 seconds, Stopping threads took: 0,0000248 seconds
2017-06-14T19:17:55.519+0200: 156,079: Total time for which application threads were stopped: 0,0000912 seconds, Stopping threads took: 0,0000372 seconds
2017-06-14T19:18:05.521+0200: 166,081: Total time for which application threads were stopped: 0,0000668 seconds, Stopping threads took: 0,0000163 seconds
2017-06-14T19:18:10.521+0200: 171,081: Total time for which application threads were stopped: 0,0000695 seconds, Stopping threads took: 0,0000171 seconds
2017-06-14T19:18:20.522+0200: 181,082: Total time for which application threads were stopped: 0,0000771 seconds, Stopping threads took: 0,0000178 seconds
2017-06-14T19:18:25.523+0200: 186,083: Total time for which application threads were stopped: 0,0000852 seconds, Stopping threads took: 0,0000355 seconds
2017-06-14T19:18:30.523+0200: 191,083: Total time for which application threads were stopped: 0,0000684 seconds, Stopping threads took: 0,0000168 seconds
2017-06-14T19:19:45.530+0200: 266,090: Total time for which application threads were stopped: 0,0005193 seconds, Stopping threads took: 0,0002022 seconds
2017-06-14T19:19:50.530+0200: 271,090: Total time for which application threads were stopped: 0,0000951 seconds, Stopping threads took: 0,0000230 seconds
2017-06-14T19:38:45.657+0200: 1406,217: Total time for which application threads were stopped: 0,0002092 seconds, Stopping threads took: 0,0000642 seconds
2017-06-14T19:44:05.693+0200: 1726,253: Total time for which application threads were stopped: 0,0000788 seconds, Stopping threads took: 0,0000301 seconds
2017-06-14T19:53:40.760+0200: 2301,319: Total time for which application threads were stopped: 0,0003004 seconds, Stopping threads took: 0,0001117 seconds
2017-06-14T19:53:41.760+0200: 2302,320: Total time for which application threads were stopped: 0,0000837 seconds, Stopping threads took: 0,0000286 seconds
{Heap before GC invocations=10 (full 1):
 par new generation   total 109248K, used 92530K [0x00000000e0000000, 0x00000000e8000000, 0x00000000e8000000)
  eden space 87424K, 100% used [0x00000000e0000000, 0x00000000e5560000, 0x00000000e5560000)
  from space 21824K,  23% used [0x00000000e5560000, 0x00000000e5a5c830, 0x00000000e6ab0000)
  to   space 21824K,   0% used [0x00000000e6ab0000, 0x00000000e6ab0000, 0x00000000e8000000)
 concurrent mark-sweep generation total 393216K, used 6808K [0x00000000e8000000, 0x0000000100000000, 0x0000000100000000)
 Metaspace       used 28063K, capacity 28558K, committed 28796K, reserved 1075200K
  class space    used 3214K, capacity 3390K, committed 3452K, reserved 1048576K
2017-06-14T20:07:51.086+0200: 3151,646: [GC (Allocation Failure) 2017-06-14T20:07:51.086+0200: 3151,646: [ParNew
Desired survivor size 20112992 bytes, new threshold 8 (max 8)
- age   1:   10477688 bytes,   10477688 total
- age   2:     548504 bytes,   11026192 total
- age   3:     195920 bytes,   11222112 total
- age   4:    1758856 bytes,   12980968 total
- age   5:      92048 bytes,   13073016 total
- age   6:       6152 bytes,   13079168 total
- age   7:      98976 bytes,   13178144 total
- age   8:       1088 bytes,   13179232 total
: 92530K->14993K(109248K), 0,1627465 secs] 99338K->21996K(502464K), 0,1628427 secs] [Times: user=0,05 sys=0,00, real=0,16 secs] 
Heap after GC invocations=11 (full 1):
 par new generation   total 109248K, used 14993K [0x00000000e0000000, 0x00000000e8000000, 0x00000000e8000000)
  eden space 87424K,   0% used [0x00000000e0000000, 0x00000000e0000000, 0x00000000e5560000)
  from space 21824K,  68% used [0x00000000e6ab0000, 0x00000000e79544b8, 0x00000000e8000000)
  to   space 21824K,   0% used [0x00000000e5560000, 0x00000000e5560000, 0x00000000e6ab0000)
 concurrent mark-sweep generation total 393216K, used 7003K [0x00000000e8000000, 0x0000000100000000, 0x0000000100000000)
 Metaspace       used 28063K, capacity 28558K, committed 28796K, reserved 1075200K
  class space    used 3214K, capacity 3390K, committed 3452K, reserved 1048576K
}
2017-06-14T20:07:51.249+0200: 3151,809: Total time for which application threads were stopped: 0,1630288 seconds, Stopping threads took: 0,0000179 seconds
2017-06-14T20:07:51.281+0200: 3151,840: Total time for which application threads were stopped: 0,0001460 seconds, Stopping threads took: 0,0000361 seconds
2017-06-14T20:07:51.281+0200: 3151,841: Total time for which application threads were stopped: 0,0001034 seconds, Stopping threads took: 0,0000279 seconds
2017-06-14T20:07:51.284+0200: 3151,844: Total time for which application threads were stopped: 0,0001307 seconds, Stopping threads took: 0,0000522 seconds
2017-06-14T20:07:51.294+0200: 3151,853: Total time for which application threads were stopped: 0,0040108 seconds, Stopping threads took: 0,0039183 seconds
2017-06-14T20:07:51.297+0200: 3151,857: Total time for which application threads were stopped: 0,0001126 seconds, Stopping threads took: 0,0000211 seconds
Heap
 par new generation   total 109248K, used 24623K [0x00000000e0000000, 0x00000000e8000000, 0x00000000e8000000)
  eden space 87424K,  11% used [0x00000000e0000000, 0x00000000e0967b18, 0x00000000e5560000)
  from space 21824K,  68% used [0x00000000e6ab0000, 0x00000000e79544b8, 0x00000000e8000000)
  to   space 21824K,   0% used [0x00000000e5560000, 0x00000000e5560000, 0x00000000e6ab0000)
 concurrent mark-sweep generation total 393216K, used 7003K [0x00000000e8000000, 0x0000000100000000, 0x0000000100000000)
 Metaspace       used 28152K, capacity 28728K, committed 29052K, reserved 1075200K
  class space    used 3228K, capacity 3425K, committed 3452K, reserved 1048576K
