OpenJDK 64-Bit Server VM (25.131-b11) for linux-amd64 JRE (1.8.0_131-8u131-b11-0ubuntu1.16.04.2-b11), built on May  6 2017 02:45:27 by "buildd" with gcc 5.4.0 20160609
Memory: 4k page, physical 7867740k(7409364k free), swap 8076284k(8076284k free)
CommandLine flags: -XX:CMSInitiatingOccupancyFraction=50 -XX:CMSMaxAbortablePrecleanTime=6000 -XX:+CMSParallelRemarkEnabled -XX:+CMSScavengeBeforeRemark -XX:ConcGCThreads=4 -XX:InitialHeapSize=536870912 -XX:MaxHeapSize=536870912 -XX:MaxTenuringThreshold=8 -XX:NewRatio=3 -XX:OldPLABSize=16 -XX:OnOutOfMemoryError=/opt/solr/bin/oom_solr.sh 8983 /var/solr/logs -XX:ParallelGCThreads=4 -XX:+ParallelRefProcEnabled -XX:PretenureSizeThreshold=67108864 -XX:+PrintGC -XX:+PrintGCApplicationStoppedTime -XX:+PrintGCDateStamps -XX:+PrintGCDetails -XX:+PrintGCTimeStamps -XX:+PrintHeapAtGC -XX:+PrintTenuringDistribution -XX:SurvivorRatio=4 -XX:TargetSurvivorRatio=90 -XX:ThreadStackSize=256 -XX:+UseCMSInitiatingOccupancyOnly -XX:+UseCompressedClassPointers -XX:+UseCompressedOops -XX:+UseConcMarkSweepGC -XX:+UseParNewGC 
2017-05-30T08:46:33.553+0200: 0,148: Total time for which application threads were stopped: 0,0000654 seconds, Stopping threads took: 0,0000103 seconds
2017-05-30T08:46:33.649+0200: 0,244: Total time for which application threads were stopped: 0,0001187 seconds, Stopping threads took: 0,0000275 seconds
2017-05-30T08:46:33.663+0200: 0,258: Total time for which application threads were stopped: 0,0001020 seconds, Stopping threads took: 0,0000230 seconds
2017-05-30T08:46:33.875+0200: 0,470: Total time for which application threads were stopped: 0,0001498 seconds, Stopping threads took: 0,0000262 seconds
2017-05-30T08:46:34.395+0200: 0,990: Total time for which application threads were stopped: 0,0001293 seconds, Stopping threads took: 0,0000160 seconds
2017-05-30T08:46:34.498+0200: 1,093: Total time for which application threads were stopped: 0,0005961 seconds, Stopping threads took: 0,0000624 seconds
2017-05-30T08:46:34.524+0200: 1,119: Total time for which application threads were stopped: 0,0002019 seconds, Stopping threads took: 0,0000388 seconds
2017-05-30T08:46:34.920+0200: 1,515: Total time for which application threads were stopped: 0,0001545 seconds, Stopping threads took: 0,0000118 seconds
2017-05-30T08:46:35.160+0200: 1,754: Total time for which application threads were stopped: 0,0004194 seconds, Stopping threads took: 0,0000810 seconds
2017-05-30T08:46:35.180+0200: 1,775: Total time for which application threads were stopped: 0,0001723 seconds, Stopping threads took: 0,0000210 seconds
2017-05-30T08:46:35.204+0200: 1,799: Total time for which application threads were stopped: 0,0002188 seconds, Stopping threads took: 0,0000261 seconds
2017-05-30T08:46:35.205+0200: 1,800: Total time for which application threads were stopped: 0,0001770 seconds, Stopping threads took: 0,0000159 seconds
2017-05-30T08:46:35.216+0200: 1,811: Total time for which application threads were stopped: 0,0002010 seconds, Stopping threads took: 0,0000205 seconds
2017-05-30T08:46:35.295+0200: 1,890: Total time for which application threads were stopped: 0,0002032 seconds, Stopping threads took: 0,0000165 seconds
2017-05-30T08:46:35.457+0200: 2,051: Total time for which application threads were stopped: 0,0003112 seconds, Stopping threads took: 0,0000770 seconds
{Heap before GC invocations=0 (full 0):
 par new generation   total 109248K, used 87424K [0x00000000e0000000, 0x00000000e8000000, 0x00000000e8000000)
  eden space 87424K, 100% used [0x00000000e0000000, 0x00000000e5560000, 0x00000000e5560000)
  from space 21824K,   0% used [0x00000000e5560000, 0x00000000e5560000, 0x00000000e6ab0000)
  to   space 21824K,   0% used [0x00000000e6ab0000, 0x00000000e6ab0000, 0x00000000e8000000)
 concurrent mark-sweep generation total 393216K, used 0K [0x00000000e8000000, 0x0000000100000000, 0x0000000100000000)
 Metaspace       used 18059K, capacity 18400K, committed 18688K, reserved 1064960K
  class space    used 2041K, capacity 2196K, committed 2304K, reserved 1048576K
2017-05-30T08:46:35.557+0200: 2,152: [GC (Allocation Failure) 2017-05-30T08:46:35.557+0200: 2,152: [ParNew
Desired survivor size 20112992 bytes, new threshold 8 (max 8)
- age   1:   12617464 bytes,   12617464 total
: 87424K->12442K(109248K), 0,0154371 secs] 87424K->12442K(502464K), 0,0155149 secs] [Times: user=0,04 sys=0,01, real=0,02 secs] 
Heap after GC invocations=1 (full 0):
 par new generation   total 109248K, used 12442K [0x00000000e0000000, 0x00000000e8000000, 0x00000000e8000000)
  eden space 87424K,   0% used [0x00000000e0000000, 0x00000000e0000000, 0x00000000e5560000)
  from space 21824K,  57% used [0x00000000e6ab0000, 0x00000000e76d69c0, 0x00000000e8000000)
  to   space 21824K,   0% used [0x00000000e5560000, 0x00000000e5560000, 0x00000000e6ab0000)
 concurrent mark-sweep generation total 393216K, used 0K [0x00000000e8000000, 0x0000000100000000, 0x0000000100000000)
 Metaspace       used 18059K, capacity 18400K, committed 18688K, reserved 1064960K
  class space    used 2041K, capacity 2196K, committed 2304K, reserved 1048576K
}
2017-05-30T08:46:35.573+0200: 2,167: Total time for which application threads were stopped: 0,0157515 seconds, Stopping threads took: 0,0000404 seconds
2017-05-30T08:46:35.884+0200: 2,478: Total time for which application threads were stopped: 0,0004012 seconds, Stopping threads took: 0,0000415 seconds
2017-05-30T08:46:35.925+0200: 2,520: Total time for which application threads were stopped: 0,0004240 seconds, Stopping threads took: 0,0000785 seconds
{Heap before GC invocations=1 (full 0):
 par new generation   total 109248K, used 99866K [0x00000000e0000000, 0x00000000e8000000, 0x00000000e8000000)
  eden space 87424K, 100% used [0x00000000e0000000, 0x00000000e5560000, 0x00000000e5560000)
  from space 21824K,  57% used [0x00000000e6ab0000, 0x00000000e76d69c0, 0x00000000e8000000)
  to   space 21824K,   0% used [0x00000000e5560000, 0x00000000e5560000, 0x00000000e6ab0000)
 concurrent mark-sweep generation total 393216K, used 0K [0x00000000e8000000, 0x0000000100000000, 0x0000000100000000)
 Metaspace       used 20077K, capacity 20430K, committed 20736K, reserved 1067008K
  class space    used 2298K, capacity 2471K, committed 2560K, reserved 1048576K
2017-05-30T08:46:35.933+0200: 2,528: [GC (Allocation Failure) 2017-05-30T08:46:35.933+0200: 2,528: [ParNew
Desired survivor size 20112992 bytes, new threshold 8 (max 8)
- age   1:    3798104 bytes,    3798104 total
- age   2:    6671176 bytes,   10469280 total
: 99866K->13704K(109248K), 0,0164143 secs] 99866K->13704K(502464K), 0,0164859 secs] [Times: user=0,06 sys=0,00, real=0,02 secs] 
Heap after GC invocations=2 (full 0):
 par new generation   total 109248K, used 13704K [0x00000000e0000000, 0x00000000e8000000, 0x00000000e8000000)
  eden space 87424K,   0% used [0x00000000e0000000, 0x00000000e0000000, 0x00000000e5560000)
  from space 21824K,  62% used [0x00000000e5560000, 0x00000000e62c2368, 0x00000000e6ab0000)
  to   space 21824K,   0% used [0x00000000e6ab0000, 0x00000000e6ab0000, 0x00000000e8000000)
 concurrent mark-sweep generation total 393216K, used 0K [0x00000000e8000000, 0x0000000100000000, 0x0000000100000000)
 Metaspace       used 20077K, capacity 20430K, committed 20736K, reserved 1067008K
  class space    used 2298K, capacity 2471K, committed 2560K, reserved 1048576K
}
2017-05-30T08:46:35.950+0200: 2,544: Total time for which application threads were stopped: 0,0167459 seconds, Stopping threads took: 0,0001128 seconds
2017-05-30T08:46:35.985+0200: 2,580: Total time for which application threads were stopped: 0,0003788 seconds, Stopping threads took: 0,0000791 seconds
2017-05-30T08:46:36.117+0200: 2,712: Total time for which application threads were stopped: 0,0002222 seconds, Stopping threads took: 0,0001007 seconds
{Heap before GC invocations=2 (full 0):
 par new generation   total 109248K, used 101126K [0x00000000e0000000, 0x00000000e8000000, 0x00000000e8000000)
  eden space 87424K,  99% used [0x00000000e0000000, 0x00000000e555f548, 0x00000000e5560000)
  from space 21824K,  62% used [0x00000000e5560000, 0x00000000e62c2368, 0x00000000e6ab0000)
  to   space 21824K,   0% used [0x00000000e6ab0000, 0x00000000e6ab0000, 0x00000000e8000000)
 concurrent mark-sweep generation total 393216K, used 0K [0x00000000e8000000, 0x0000000100000000, 0x0000000100000000)
 Metaspace       used 21005K, capacity 21358K, committed 21628K, reserved 1069056K
  class space    used 2418K, capacity 2591K, committed 2684K, reserved 1048576K
2017-05-30T08:46:36.157+0200: 2,752: [GC (Allocation Failure) 2017-05-30T08:46:36.157+0200: 2,752: [ParNew
Desired survivor size 20112992 bytes, new threshold 8 (max 8)
- age   1:    1930400 bytes,    1930400 total
- age   2:     846112 bytes,    2776512 total
- age   3:    6666040 bytes,    9442552 total
: 101126K->11582K(109248K), 0,0153635 secs] 101126K->11582K(502464K), 0,0154531 secs] [Times: user=0,05 sys=0,00, real=0,02 secs] 
Heap after GC invocations=3 (full 0):
 par new generation   total 109248K, used 11582K [0x00000000e0000000, 0x00000000e8000000, 0x00000000e8000000)
  eden space 87424K,   0% used [0x00000000e0000000, 0x00000000e0000000, 0x00000000e5560000)
  from space 21824K,  53% used [0x00000000e6ab0000, 0x00000000e75ffa00, 0x00000000e8000000)
  to   space 21824K,   0% used [0x00000000e5560000, 0x00000000e5560000, 0x00000000e6ab0000)
 concurrent mark-sweep generation total 393216K, used 0K [0x00000000e8000000, 0x0000000100000000, 0x0000000100000000)
 Metaspace       used 21005K, capacity 21358K, committed 21628K, reserved 1069056K
  class space    used 2418K, capacity 2591K, committed 2684K, reserved 1048576K
}
2017-05-30T08:46:36.173+0200: 2,767: Total time for which application threads were stopped: 0,0159410 seconds, Stopping threads took: 0,0003296 seconds
2017-05-30T08:46:36.173+0200: 2,768: [GC (CMS Initial Mark) [1 CMS-initial-mark: 0K(393216K)] 12296K(502464K), 0,0038471 secs] [Times: user=0,01 sys=0,00, real=0,00 secs] 
2017-05-30T08:46:36.177+0200: 2,771: Total time for which application threads were stopped: 0,0040731 seconds, Stopping threads took: 0,0001066 seconds
2017-05-30T08:46:36.177+0200: 2,772: [CMS-concurrent-mark-start]
2017-05-30T08:46:36.178+0200: 2,773: [CMS-concurrent-mark: 0,001/0,001 secs] [Times: user=0,01 sys=0,00, real=0,00 secs] 
2017-05-30T08:46:36.178+0200: 2,773: [CMS-concurrent-preclean-start]
2017-05-30T08:46:36.179+0200: 2,774: [CMS-concurrent-preclean: 0,001/0,001 secs] [Times: user=0,00 sys=0,00, real=0,01 secs] 
2017-05-30T08:46:36.179+0200: 2,774: [CMS-concurrent-abortable-preclean-start]
2017-05-30T08:46:36.245+0200: 2,840: Total time for which application threads were stopped: 0,0024112 seconds, Stopping threads took: 0,0023285 seconds
{Heap before GC invocations=3 (full 1):
 par new generation   total 109248K, used 99006K [0x00000000e0000000, 0x00000000e8000000, 0x00000000e8000000)
  eden space 87424K, 100% used [0x00000000e0000000, 0x00000000e5560000, 0x00000000e5560000)
  from space 21824K,  53% used [0x00000000e6ab0000, 0x00000000e75ffa00, 0x00000000e8000000)
  to   space 21824K,   0% used [0x00000000e5560000, 0x00000000e5560000, 0x00000000e6ab0000)
 concurrent mark-sweep generation total 393216K, used 0K [0x00000000e8000000, 0x0000000100000000, 0x0000000100000000)
 Metaspace       used 21279K, capacity 21637K, committed 21884K, reserved 1069056K
  class space    used 2449K, capacity 2607K, committed 2684K, reserved 1048576K
2017-05-30T08:46:36.285+0200: 2,879: [GC (Allocation Failure) 2017-05-30T08:46:36.285+0200: 2,879: [ParNew
Desired survivor size 20112992 bytes, new threshold 8 (max 8)
- age   1:     705984 bytes,     705984 total
- age   2:    1457760 bytes,    2163744 total
- age   3:     812672 bytes,    2976416 total
- age   4:    6665840 bytes,    9642256 total
: 99006K->12545K(109248K), 0,0097035 secs] 99006K->12545K(502464K), 0,0097705 secs] [Times: user=0,04 sys=0,00, real=0,01 secs] 
Heap after GC invocations=4 (full 1):
 par new generation   total 109248K, used 12545K [0x00000000e0000000, 0x00000000e8000000, 0x00000000e8000000)
  eden space 87424K,   0% used [0x00000000e0000000, 0x00000000e0000000, 0x00000000e5560000)
  from space 21824K,  57% used [0x00000000e5560000, 0x00000000e61a0590, 0x00000000e6ab0000)
  to   space 21824K,   0% used [0x00000000e6ab0000, 0x00000000e6ab0000, 0x00000000e8000000)
 concurrent mark-sweep generation total 393216K, used 0K [0x00000000e8000000, 0x0000000100000000, 0x0000000100000000)
 Metaspace       used 21279K, capacity 21637K, committed 21884K, reserved 1069056K
  class space    used 2449K, capacity 2607K, committed 2684K, reserved 1048576K
}
2017-05-30T08:46:36.295+0200: 2,889: Total time for which application threads were stopped: 0,0100354 seconds, Stopping threads took: 0,0001164 seconds
2017-05-30T08:46:36.295+0200: 2,889: [CMS-concurrent-abortable-preclean: 0,065/0,115 secs] [Times: user=0,44 sys=0,00, real=0,11 secs] 
2017-05-30T08:46:36.310+0200: 2,905: [GC (CMS Final Remark) [YG occupancy: 20466 K (109248 K)]{Heap before GC invocations=4 (full 1):
 par new generation   total 109248K, used 20466K [0x00000000e0000000, 0x00000000e8000000, 0x00000000e8000000)
  eden space 87424K,   9% used [0x00000000e0000000, 0x00000000e07bc5a0, 0x00000000e5560000)
  from space 21824K,  57% used [0x00000000e5560000, 0x00000000e61a0590, 0x00000000e6ab0000)
  to   space 21824K,   0% used [0x00000000e6ab0000, 0x00000000e6ab0000, 0x00000000e8000000)
 concurrent mark-sweep generation total 393216K, used 0K [0x00000000e8000000, 0x0000000100000000, 0x0000000100000000)
 Metaspace       used 21282K, capacity 21637K, committed 21884K, reserved 1069056K
  class space    used 2449K, capacity 2607K, committed 2684K, reserved 1048576K
2017-05-30T08:46:36.310+0200: 2,905: [GC (CMS Final Remark) 2017-05-30T08:46:36.310+0200: 2,905: [ParNew
Desired survivor size 20112992 bytes, new threshold 8 (max 8)
- age   1:     305680 bytes,     305680 total
- age   2:     495024 bytes,     800704 total
- age   3:    1457760 bytes,    2258464 total
- age   4:     812672 bytes,    3071136 total
- age   5:    6665904 bytes,    9737040 total
: 20466K->11243K(109248K), 0,0091727 secs] 20466K->11243K(502464K), 0,0092185 secs] [Times: user=0,03 sys=0,00, real=0,01 secs] 
Heap after GC invocations=5 (full 1):
 par new generation   total 109248K, used 11243K [0x00000000e0000000, 0x00000000e8000000, 0x00000000e8000000)
  eden space 87424K,   0% used [0x00000000e0000000, 0x00000000e0000000, 0x00000000e5560000)
  from space 21824K,  51% used [0x00000000e6ab0000, 0x00000000e75aafc0, 0x00000000e8000000)
  to   space 21824K,   0% used [0x00000000e5560000, 0x00000000e5560000, 0x00000000e6ab0000)
 concurrent mark-sweep generation total 393216K, used 0K [0x00000000e8000000, 0x0000000100000000, 0x0000000100000000)
 Metaspace       used 21282K, capacity 21637K, committed 21884K, reserved 1069056K
  class space    used 2449K, capacity 2607K, committed 2684K, reserved 1048576K
}
2017-05-30T08:46:36.320+0200: 2,914: [Rescan (parallel) , 0,0037678 secs]2017-05-30T08:46:36.323+0200: 2,918: [weak refs processing, 0,0009877 secs]2017-05-30T08:46:36.324+0200: 2,919: [class unloading, 0,0028733 secs]2017-05-30T08:46:36.327+0200: 2,922: [scrub symbol table, 0,0032335 secs]2017-05-30T08:46:36.331+0200: 2,925: [scrub string table, 0,0003969 secs][1 CMS-remark: 0K(393216K)] 11243K(502464K), 0,0211896 secs] [Times: user=0,05 sys=0,00, real=0,02 secs] 
2017-05-30T08:46:36.332+0200: 2,926: Total time for which application threads were stopped: 0,0252251 seconds, Stopping threads took: 0,0039472 seconds
2017-05-30T08:46:36.332+0200: 2,926: [CMS-concurrent-sweep-start]
2017-05-30T08:46:36.332+0200: 2,926: [CMS-concurrent-sweep: 0,000/0,000 secs] [Times: user=0,00 sys=0,00, real=0,00 secs] 
2017-05-30T08:46:36.332+0200: 2,927: [CMS-concurrent-reset-start]
2017-05-30T08:46:36.334+0200: 2,929: [CMS-concurrent-reset: 0,003/0,003 secs] [Times: user=0,01 sys=0,01, real=0,00 secs] 
{Heap before GC invocations=5 (full 1):
 par new generation   total 109248K, used 98667K [0x00000000e0000000, 0x00000000e8000000, 0x00000000e8000000)
  eden space 87424K, 100% used [0x00000000e0000000, 0x00000000e5560000, 0x00000000e5560000)
  from space 21824K,  51% used [0x00000000e6ab0000, 0x00000000e75aafc0, 0x00000000e8000000)
  to   space 21824K,   0% used [0x00000000e5560000, 0x00000000e5560000, 0x00000000e6ab0000)
 concurrent mark-sweep generation total 393216K, used 0K [0x00000000e8000000, 0x0000000100000000, 0x0000000100000000)
 Metaspace       used 21471K, capacity 21821K, committed 21884K, reserved 1069056K
  class space    used 2475K, capacity 2643K, committed 2684K, reserved 1048576K
2017-05-30T08:46:36.426+0200: 3,021: [GC (Allocation Failure) 2017-05-30T08:46:36.426+0200: 3,021: [ParNew
Desired survivor size 20112992 bytes, new threshold 8 (max 8)
- age   1:     760944 bytes,     760944 total
- age   2:       8408 bytes,     769352 total
- age   3:     190880 bytes,     960232 total
- age   4:    1456032 bytes,    2416264 total
- age   5:     810656 bytes,    3226920 total
- age   6:    6665824 bytes,    9892744 total
: 98667K->14939K(109248K), 0,0107942 secs] 98667K->14939K(502464K), 0,0108667 secs] [Times: user=0,03 sys=0,00, real=0,00 secs] 
Heap after GC invocations=6 (full 1):
 par new generation   total 109248K, used 14939K [0x00000000e0000000, 0x00000000e8000000, 0x00000000e8000000)
  eden space 87424K,   0% used [0x00000000e0000000, 0x00000000e0000000, 0x00000000e5560000)
  from space 21824K,  68% used [0x00000000e5560000, 0x00000000e63f6f70, 0x00000000e6ab0000)
  to   space 21824K,   0% used [0x00000000e6ab0000, 0x00000000e6ab0000, 0x00000000e8000000)
 concurrent mark-sweep generation total 393216K, used 0K [0x00000000e8000000, 0x0000000100000000, 0x0000000100000000)
 Metaspace       used 21471K, capacity 21821K, committed 21884K, reserved 1069056K
  class space    used 2475K, capacity 2643K, committed 2684K, reserved 1048576K
}
2017-05-30T08:46:36.437+0200: 3,032: Total time for which application threads were stopped: 0,0111251 seconds, Stopping threads took: 0,0000883 seconds
2017-05-30T08:46:36.455+0200: 3,049: Total time for which application threads were stopped: 0,0003158 seconds, Stopping threads took: 0,0000365 seconds
2017-05-30T08:46:36.686+0200: 3,280: Total time for which application threads were stopped: 0,0005010 seconds, Stopping threads took: 0,0000256 seconds
2017-05-30T08:46:36.699+0200: 3,293: Total time for which application threads were stopped: 0,0003542 seconds, Stopping threads took: 0,0000332 seconds
{Heap before GC invocations=6 (full 1):
 par new generation   total 109248K, used 102363K [0x00000000e0000000, 0x00000000e8000000, 0x00000000e8000000)
  eden space 87424K, 100% used [0x00000000e0000000, 0x00000000e5560000, 0x00000000e5560000)
  from space 21824K,  68% used [0x00000000e5560000, 0x00000000e63f6f70, 0x00000000e6ab0000)
  to   space 21824K,   0% used [0x00000000e6ab0000, 0x00000000e6ab0000, 0x00000000e8000000)
 concurrent mark-sweep generation total 393216K, used 0K [0x00000000e8000000, 0x0000000100000000, 0x0000000100000000)
 Metaspace       used 23780K, capacity 24261K, committed 24572K, reserved 1071104K
  class space    used 2796K, capacity 2987K, committed 3068K, reserved 1048576K
2017-05-30T08:46:36.873+0200: 3,468: [GC (Allocation Failure) 2017-05-30T08:46:36.873+0200: 3,468: [ParNew
Desired survivor size 20112992 bytes, new threshold 8 (max 8)
- age   1:    5015024 bytes,    5015024 total
- age   2:     182480 bytes,    5197504 total
- age   3:       8408 bytes,    5205912 total
- age   4:     190272 bytes,    5396184 total
- age   5:     287576 bytes,    5683760 total
- age   6:     786392 bytes,    6470152 total
- age   7:    6657744 bytes,   13127896 total
: 102363K->14785K(109248K), 0,0117887 secs] 102363K->14785K(502464K), 0,0118563 secs] [Times: user=0,04 sys=0,00, real=0,01 secs] 
Heap after GC invocations=7 (full 1):
 par new generation   total 109248K, used 14785K [0x00000000e0000000, 0x00000000e8000000, 0x00000000e8000000)
  eden space 87424K,   0% used [0x00000000e0000000, 0x00000000e0000000, 0x00000000e5560000)
  from space 21824K,  67% used [0x00000000e6ab0000, 0x00000000e7920718, 0x00000000e8000000)
  to   space 21824K,   0% used [0x00000000e5560000, 0x00000000e5560000, 0x00000000e6ab0000)
 concurrent mark-sweep generation total 393216K, used 0K [0x00000000e8000000, 0x0000000100000000, 0x0000000100000000)
 Metaspace       used 23780K, capacity 24261K, committed 24572K, reserved 1071104K
  class space    used 2796K, capacity 2987K, committed 3068K, reserved 1048576K
}
2017-05-30T08:46:36.885+0200: 3,480: Total time for which application threads were stopped: 0,0121236 seconds, Stopping threads took: 0,0000515 seconds
{Heap before GC invocations=7 (full 1):
 par new generation   total 109248K, used 102209K [0x00000000e0000000, 0x00000000e8000000, 0x00000000e8000000)
  eden space 87424K, 100% used [0x00000000e0000000, 0x00000000e5560000, 0x00000000e5560000)
  from space 21824K,  67% used [0x00000000e6ab0000, 0x00000000e7920718, 0x00000000e8000000)
  to   space 21824K,   0% used [0x00000000e5560000, 0x00000000e5560000, 0x00000000e6ab0000)
 concurrent mark-sweep generation total 393216K, used 0K [0x00000000e8000000, 0x0000000100000000, 0x0000000100000000)
 Metaspace       used 24408K, capacity 24923K, committed 25084K, reserved 1071104K
  class space    used 2862K, capacity 3055K, committed 3068K, reserved 1048576K
2017-05-30T08:46:36.982+0200: 3,577: [GC (Allocation Failure) 2017-05-30T08:46:36.982+0200: 3,577: [ParNew
Desired survivor size 20112992 bytes, new threshold 8 (max 8)
- age   1:    1823864 bytes,    1823864 total
- age   2:    1759648 bytes,    3583512 total
- age   3:      85888 bytes,    3669400 total
- age   4:        296 bytes,    3669696 total
- age   5:     110272 bytes,    3779968 total
- age   6:     182576 bytes,    3962544 total
- age   7:     751536 bytes,    4714080 total
- age   8:    6124424 bytes,   10838504 total
: 102209K->16128K(109248K), 0,0152624 secs] 102209K->16128K(502464K), 0,0153565 secs] [Times: user=0,05 sys=0,00, real=0,01 secs] 
Heap after GC invocations=8 (full 1):
 par new generation   total 109248K, used 16128K [0x00000000e0000000, 0x00000000e8000000, 0x00000000e8000000)
  eden space 87424K,   0% used [0x00000000e0000000, 0x00000000e0000000, 0x00000000e5560000)
  from space 21824K,  73% used [0x00000000e5560000, 0x00000000e65202d0, 0x00000000e6ab0000)
  to   space 21824K,   0% used [0x00000000e6ab0000, 0x00000000e6ab0000, 0x00000000e8000000)
 concurrent mark-sweep generation total 393216K, used 0K [0x00000000e8000000, 0x0000000100000000, 0x0000000100000000)
 Metaspace       used 24408K, capacity 24923K, committed 25084K, reserved 1071104K
  class space    used 2862K, capacity 3055K, committed 3068K, reserved 1048576K
}
2017-05-30T08:46:36.998+0200: 3,592: Total time for which application threads were stopped: 0,0173514 seconds, Stopping threads took: 0,0018308 seconds
{Heap before GC invocations=8 (full 1):
 par new generation   total 109248K, used 103552K [0x00000000e0000000, 0x00000000e8000000, 0x00000000e8000000)
  eden space 87424K, 100% used [0x00000000e0000000, 0x00000000e5560000, 0x00000000e5560000)
  from space 21824K,  73% used [0x00000000e5560000, 0x00000000e65202d0, 0x00000000e6ab0000)
  to   space 21824K,   0% used [0x00000000e6ab0000, 0x00000000e6ab0000, 0x00000000e8000000)
 concurrent mark-sweep generation total 393216K, used 0K [0x00000000e8000000, 0x0000000100000000, 0x0000000100000000)
 Metaspace       used 24594K, capacity 25061K, committed 25084K, reserved 1071104K
  class space    used 2876K, capacity 3057K, committed 3068K, reserved 1048576K
2017-05-30T08:46:37.081+0200: 3,676: [GC (Allocation Failure) 2017-05-30T08:46:37.081+0200: 3,676: [ParNew
Desired survivor size 20112992 bytes, new threshold 8 (max 8)
- age   1:     648856 bytes,     648856 total
- age   2:     617224 bytes,    1266080 total
- age   3:    1752264 bytes,    3018344 total
- age   4:      85856 bytes,    3104200 total
- age   5:        296 bytes,    3104496 total
- age   6:     107568 bytes,    3212064 total
- age   7:     179528 bytes,    3391592 total
- age   8:     750064 bytes,    4141656 total
: 103552K->6667K(109248K), 0,0434930 secs] 103552K->12731K(502464K), 0,0435681 secs] [Times: user=0,10 sys=0,00, real=0,04 secs] 
Heap after GC invocations=9 (full 1):
 par new generation   total 109248K, used 6667K [0x00000000e0000000, 0x00000000e8000000, 0x00000000e8000000)
  eden space 87424K,   0% used [0x00000000e0000000, 0x00000000e0000000, 0x00000000e5560000)
  from space 21824K,  30% used [0x00000000e6ab0000, 0x00000000e7132f18, 0x00000000e8000000)
  to   space 21824K,   0% used [0x00000000e5560000, 0x00000000e5560000, 0x00000000e6ab0000)
 concurrent mark-sweep generation total 393216K, used 6063K [0x00000000e8000000, 0x0000000100000000, 0x0000000100000000)
 Metaspace       used 24594K, capacity 25061K, committed 25084K, reserved 1071104K
  class space    used 2876K, capacity 3057K, committed 3068K, reserved 1048576K
}
2017-05-30T08:46:37.125+0200: 3,719: Total time for which application threads were stopped: 0,0438601 seconds, Stopping threads took: 0,0000669 seconds
2017-05-30T08:46:37.462+0200: 4,057: Total time for which application threads were stopped: 0,0040640 seconds, Stopping threads took: 0,0037523 seconds
2017-05-30T08:46:37.468+0200: 4,063: Total time for which application threads were stopped: 0,0006912 seconds, Stopping threads took: 0,0005988 seconds
2017-05-30T08:46:37.468+0200: 4,063: Total time for which application threads were stopped: 0,0000899 seconds, Stopping threads took: 0,0000237 seconds
2017-05-30T08:46:37.471+0200: 4,065: Total time for which application threads were stopped: 0,0001914 seconds, Stopping threads took: 0,0000250 seconds
2017-05-30T08:46:37.472+0200: 4,067: Total time for which application threads were stopped: 0,0001405 seconds, Stopping threads took: 0,0000342 seconds
2017-05-30T08:46:37.473+0200: 4,068: Total time for which application threads were stopped: 0,0006346 seconds, Stopping threads took: 0,0005298 seconds
2017-05-30T08:46:37.473+0200: 4,068: Total time for which application threads were stopped: 0,0000938 seconds, Stopping threads took: 0,0000143 seconds
2017-05-30T08:46:37.473+0200: 4,068: Total time for which application threads were stopped: 0,0001469 seconds, Stopping threads took: 0,0000774 seconds
2017-05-30T08:46:37.474+0200: 4,069: Total time for which application threads were stopped: 0,0001484 seconds, Stopping threads took: 0,0000556 seconds
2017-05-30T08:46:37.474+0200: 4,069: Total time for which application threads were stopped: 0,0000710 seconds, Stopping threads took: 0,0000103 seconds
2017-05-30T08:46:37.474+0200: 4,069: Total time for which application threads were stopped: 0,0001549 seconds, Stopping threads took: 0,0000863 seconds
2017-05-30T08:46:37.474+0200: 4,069: Total time for which application threads were stopped: 0,0001670 seconds, Stopping threads took: 0,0001129 seconds
2017-05-30T08:46:37.475+0200: 4,069: Total time for which application threads were stopped: 0,0001738 seconds, Stopping threads took: 0,0001403 seconds
2017-05-30T08:46:37.475+0200: 4,070: Total time for which application threads were stopped: 0,0001188 seconds, Stopping threads took: 0,0000803 seconds
2017-05-30T08:46:37.475+0200: 4,070: Total time for which application threads were stopped: 0,0000554 seconds, Stopping threads took: 0,0000171 seconds
2017-05-30T08:46:37.475+0200: 4,070: Total time for which application threads were stopped: 0,0000822 seconds, Stopping threads took: 0,0000324 seconds
2017-05-30T08:46:37.475+0200: 4,070: Total time for which application threads were stopped: 0,0000462 seconds, Stopping threads took: 0,0000087 seconds
2017-05-30T08:46:37.475+0200: 4,070: Total time for which application threads were stopped: 0,0000571 seconds, Stopping threads took: 0,0000198 seconds
2017-05-30T08:46:37.476+0200: 4,071: Total time for which application threads were stopped: 0,0004053 seconds, Stopping threads took: 0,0003171 seconds
2017-05-30T08:46:37.476+0200: 4,071: Total time for which application threads were stopped: 0,0000571 seconds, Stopping threads took: 0,0000121 seconds
2017-05-30T08:46:37.478+0200: 4,072: Total time for which application threads were stopped: 0,0011878 seconds, Stopping threads took: 0,0011140 seconds
2017-05-30T08:46:37.478+0200: 4,072: Total time for which application threads were stopped: 0,0001303 seconds, Stopping threads took: 0,0000205 seconds
2017-05-30T08:46:37.479+0200: 4,074: Total time for which application threads were stopped: 0,0003321 seconds, Stopping threads took: 0,0002581 seconds
2017-05-30T08:46:37.483+0200: 4,078: Total time for which application threads were stopped: 0,0001415 seconds, Stopping threads took: 0,0000506 seconds
2017-05-30T08:46:37.486+0200: 4,080: Total time for which application threads were stopped: 0,0004696 seconds, Stopping threads took: 0,0000442 seconds
2017-05-30T08:46:37.486+0200: 4,081: Total time for which application threads were stopped: 0,0000765 seconds, Stopping threads took: 0,0000138 seconds
2017-05-30T08:46:37.496+0200: 4,091: Total time for which application threads were stopped: 0,0013827 seconds, Stopping threads took: 0,0012376 seconds
2017-05-30T08:46:37.506+0200: 4,101: Total time for which application threads were stopped: 0,0001488 seconds, Stopping threads took: 0,0000496 seconds
2017-05-30T08:46:37.511+0200: 4,105: Total time for which application threads were stopped: 0,0005218 seconds, Stopping threads took: 0,0004285 seconds
2017-05-30T08:46:37.519+0200: 4,113: Total time for which application threads were stopped: 0,0003307 seconds, Stopping threads took: 0,0001995 seconds
2017-05-30T08:46:37.535+0200: 4,130: Total time for which application threads were stopped: 0,0005070 seconds, Stopping threads took: 0,0003694 seconds
2017-05-30T08:46:37.535+0200: 4,130: Total time for which application threads were stopped: 0,0000984 seconds, Stopping threads took: 0,0000224 seconds
2017-05-30T08:46:37.536+0200: 4,130: Total time for which application threads were stopped: 0,0001081 seconds, Stopping threads took: 0,0000261 seconds
2017-05-30T08:46:37.544+0200: 4,138: Total time for which application threads were stopped: 0,0008549 seconds, Stopping threads took: 0,0007211 seconds
2017-05-30T08:46:37.546+0200: 4,140: Total time for which application threads were stopped: 0,0001492 seconds, Stopping threads took: 0,0000339 seconds
2017-05-30T08:46:37.550+0200: 4,145: Total time for which application threads were stopped: 0,0001824 seconds, Stopping threads took: 0,0000591 seconds
2017-05-30T08:46:37.552+0200: 4,146: Total time for which application threads were stopped: 0,0001988 seconds, Stopping threads took: 0,0001028 seconds
2017-05-30T08:46:37.582+0200: 4,177: Total time for which application threads were stopped: 0,0051621 seconds, Stopping threads took: 0,0050442 seconds
2017-05-30T08:46:37.597+0200: 4,191: Total time for which application threads were stopped: 0,0003436 seconds, Stopping threads took: 0,0002292 seconds
2017-05-30T08:46:37.598+0200: 4,193: Total time for which application threads were stopped: 0,0001687 seconds, Stopping threads took: 0,0000251 seconds
2017-05-30T08:46:37.599+0200: 4,193: Total time for which application threads were stopped: 0,0001269 seconds, Stopping threads took: 0,0000295 seconds
2017-05-30T08:46:37.601+0200: 4,195: Total time for which application threads were stopped: 0,0001389 seconds, Stopping threads took: 0,0000321 seconds
2017-05-30T08:46:37.616+0200: 4,210: Total time for which application threads were stopped: 0,0006872 seconds, Stopping threads took: 0,0000646 seconds
2017-05-30T08:46:37.623+0200: 4,217: Total time for which application threads were stopped: 0,0001689 seconds, Stopping threads took: 0,0000627 seconds
2017-05-30T08:46:37.631+0200: 4,226: Total time for which application threads were stopped: 0,0001671 seconds, Stopping threads took: 0,0000439 seconds
2017-05-30T08:46:37.641+0200: 4,236: Total time for which application threads were stopped: 0,0004489 seconds, Stopping threads took: 0,0000370 seconds
2017-05-30T08:46:37.661+0200: 4,256: Total time for which application threads were stopped: 0,0002755 seconds, Stopping threads took: 0,0000592 seconds
2017-05-30T08:46:37.747+0200: 4,342: Total time for which application threads were stopped: 0,0001506 seconds, Stopping threads took: 0,0000328 seconds
2017-05-30T08:46:37.755+0200: 4,350: Total time for which application threads were stopped: 0,0005364 seconds, Stopping threads took: 0,0000503 seconds
2017-05-30T08:46:37.761+0200: 4,356: Total time for which application threads were stopped: 0,0001790 seconds, Stopping threads took: 0,0000715 seconds
2017-05-30T08:46:37.769+0200: 4,364: Total time for which application threads were stopped: 0,0039405 seconds, Stopping threads took: 0,0037732 seconds
2017-05-30T08:46:37.779+0200: 4,374: Total time for which application threads were stopped: 0,0090065 seconds, Stopping threads took: 0,0087026 seconds
2017-05-30T08:46:37.783+0200: 4,377: Total time for which application threads were stopped: 0,0008864 seconds, Stopping threads took: 0,0008026 seconds
2017-05-30T08:46:37.803+0200: 4,398: Total time for which application threads were stopped: 0,0001118 seconds, Stopping threads took: 0,0000314 seconds
2017-05-30T08:46:37.938+0200: 4,533: Total time for which application threads were stopped: 0,0147202 seconds, Stopping threads took: 0,0145552 seconds
2017-05-30T08:46:37.942+0200: 4,537: Total time for which application threads were stopped: 0,0005788 seconds, Stopping threads took: 0,0004279 seconds
2017-05-30T08:46:37.960+0200: 4,555: Total time for which application threads were stopped: 0,0001261 seconds, Stopping threads took: 0,0000414 seconds
2017-05-30T08:46:38.083+0200: 4,677: Total time for which application threads were stopped: 0,0149799 seconds, Stopping threads took: 0,0147843 seconds
2017-05-30T08:46:38.110+0200: 4,704: Total time for which application threads were stopped: 0,0031854 seconds, Stopping threads took: 0,0030649 seconds
2017-05-30T08:46:38.113+0200: 4,708: Total time for which application threads were stopped: 0,0001408 seconds, Stopping threads took: 0,0000466 seconds
2017-05-30T08:46:38.163+0200: 4,758: Total time for which application threads were stopped: 0,0004847 seconds, Stopping threads took: 0,0000380 seconds
2017-05-30T08:46:38.207+0200: 4,801: Total time for which application threads were stopped: 0,0001253 seconds, Stopping threads took: 0,0000291 seconds
2017-05-30T08:46:39.207+0200: 5,801: Total time for which application threads were stopped: 0,0000861 seconds, Stopping threads took: 0,0000201 seconds
2017-05-30T08:47:56.215+0200: 82,810: Total time for which application threads were stopped: 0,0000620 seconds, Stopping threads took: 0,0000174 seconds
2017-05-30T08:48:31.220+0200: 117,815: Total time for which application threads were stopped: 0,0000792 seconds, Stopping threads took: 0,0000341 seconds
2017-05-30T08:48:36.221+0200: 122,815: Total time for which application threads were stopped: 0,0000984 seconds, Stopping threads took: 0,0000381 seconds
2017-05-30T08:49:40.228+0200: 186,822: Total time for which application threads were stopped: 0,0000788 seconds, Stopping threads took: 0,0000339 seconds
{Heap before GC invocations=9 (full 1):
 par new generation   total 109248K, used 94091K [0x00000000e0000000, 0x00000000e8000000, 0x00000000e8000000)
  eden space 87424K, 100% used [0x00000000e0000000, 0x00000000e5560000, 0x00000000e5560000)
  from space 21824K,  30% used [0x00000000e6ab0000, 0x00000000e7132f18, 0x00000000e8000000)
  to   space 21824K,   0% used [0x00000000e5560000, 0x00000000e5560000, 0x00000000e6ab0000)
 concurrent mark-sweep generation total 393216K, used 6063K [0x00000000e8000000, 0x0000000100000000, 0x0000000100000000)
 Metaspace       used 28033K, capacity 28577K, committed 28796K, reserved 1075200K
  class space    used 3214K, capacity 3395K, committed 3452K, reserved 1048576K
2017-05-30T08:51:04.419+0200: 271,013: [GC (Allocation Failure) 2017-05-30T08:51:04.419+0200: 271,013: [ParNew
Desired survivor size 20112992 bytes, new threshold 8 (max 8)
- age   1:   11098872 bytes,   11098872 total
- age   2:     268288 bytes,   11367160 total
- age   3:     226480 bytes,   11593640 total
- age   4:    1746264 bytes,   13339904 total
- age   5:      85856 bytes,   13425760 total
- age   6:        296 bytes,   13426056 total
- age   7:     107440 bytes,   13533496 total
- age   8:     179096 bytes,   13712592 total
: 94091K->14741K(109248K), 0,0229322 secs] 100155K->21621K(502464K), 0,0230694 secs] [Times: user=0,06 sys=0,00, real=0,02 secs] 
Heap after GC invocations=10 (full 1):
 par new generation   total 109248K, used 14741K [0x00000000e0000000, 0x00000000e8000000, 0x00000000e8000000)
  eden space 87424K,   0% used [0x00000000e0000000, 0x00000000e0000000, 0x00000000e5560000)
  from space 21824K,  67% used [0x00000000e5560000, 0x00000000e63c5690, 0x00000000e6ab0000)
  to   space 21824K,   0% used [0x00000000e6ab0000, 0x00000000e6ab0000, 0x00000000e8000000)
 concurrent mark-sweep generation total 393216K, used 6879K [0x00000000e8000000, 0x0000000100000000, 0x0000000100000000)
 Metaspace       used 28033K, capacity 28577K, committed 28796K, reserved 1075200K
  class space    used 3214K, capacity 3395K, committed 3452K, reserved 1048576K
}
2017-05-30T08:51:04.442+0200: 271,037: Total time for which application threads were stopped: 0,0233186 seconds, Stopping threads took: 0,0000573 seconds
2017-05-30T08:51:04.443+0200: 271,037: Total time for which application threads were stopped: 0,0001046 seconds, Stopping threads took: 0,0000362 seconds
2017-05-30T08:51:04.443+0200: 271,037: Total time for which application threads were stopped: 0,0000446 seconds, Stopping threads took: 0,0000158 seconds
2017-05-30T08:51:09.443+0200: 276,038: Total time for which application threads were stopped: 0,0001466 seconds, Stopping threads took: 0,0000319 seconds
2017-05-30T08:51:10.444+0200: 277,038: Total time for which application threads were stopped: 0,0001546 seconds, Stopping threads took: 0,0000307 seconds
2017-05-30T08:51:55.450+0200: 322,044: Total time for which application threads were stopped: 0,0001859 seconds, Stopping threads took: 0,0000672 seconds
2017-05-30T08:52:19.453+0200: 346,047: Total time for which application threads were stopped: 0,0000819 seconds, Stopping threads took: 0,0000338 seconds
2017-05-30T08:54:35.468+0200: 482,062: Total time for which application threads were stopped: 0,0001165 seconds, Stopping threads took: 0,0000458 seconds
2017-05-30T09:09:59.582+0200: 1406,177: Total time for which application threads were stopped: 0,0000916 seconds, Stopping threads took: 0,0000299 seconds
2017-05-30T09:13:19.607+0200: 1606,202: Total time for which application threads were stopped: 0,0000816 seconds, Stopping threads took: 0,0000314 seconds
2017-05-30T09:13:24.608+0200: 1611,203: Total time for which application threads were stopped: 0,0001078 seconds, Stopping threads took: 0,0000241 seconds
2017-05-30T09:17:55.642+0200: 1882,236: Total time for which application threads were stopped: 0,0001175 seconds, Stopping threads took: 0,0000474 seconds
2017-05-30T09:18:05.643+0200: 1892,237: Total time for which application threads were stopped: 0,0000900 seconds, Stopping threads took: 0,0000345 seconds
2017-05-30T09:24:54.690+0200: 2301,285: Total time for which application threads were stopped: 0,0000803 seconds, Stopping threads took: 0,0000327 seconds
2017-05-30T09:24:55.690+0200: 2302,285: Total time for which application threads were stopped: 0,0001012 seconds, Stopping threads took: 0,0000413 seconds
2017-05-30T09:39:50.789+0200: 3197,384: Total time for which application threads were stopped: 0,0000845 seconds, Stopping threads took: 0,0000337 seconds
2017-05-30T09:53:29.891+0200: 4016,486: Total time for which application threads were stopped: 0,0000754 seconds, Stopping threads took: 0,0000278 seconds
2017-05-30T09:53:34.892+0200: 4021,487: Total time for which application threads were stopped: 0,0000872 seconds, Stopping threads took: 0,0000340 seconds
2017-05-30T10:05:45.988+0200: 4752,583: Total time for which application threads were stopped: 0,0000861 seconds, Stopping threads took: 0,0000349 seconds
2017-05-30T10:27:01.147+0200: 6027,742: Total time for which application threads were stopped: 0,0000800 seconds, Stopping threads took: 0,0000291 seconds
2017-05-30T10:30:56.174+0200: 6262,769: Total time for which application threads were stopped: 0,0000864 seconds, Stopping threads took: 0,0000340 seconds
2017-05-30T10:48:35.305+0200: 7321,900: Total time for which application threads were stopped: 0,0000748 seconds, Stopping threads took: 0,0000286 seconds
2017-05-30T10:54:35.351+0200: 7681,945: Total time for which application threads were stopped: 0,0001112 seconds, Stopping threads took: 0,0000372 seconds
2017-05-30T11:59:05.831+0200: 11552,425: Total time for which application threads were stopped: 0,0006674 seconds, Stopping threads took: 0,0001933 seconds
2017-05-30T13:49:38.272+0200: 14582,669: Total time for which application threads were stopped: 0,0000890 seconds, Stopping threads took: 0,0000340 seconds
2017-05-30T14:02:37.364+0200: 15361,762: Total time for which application threads were stopped: 0,0000803 seconds, Stopping threads took: 0,0000318 seconds
2017-05-30T14:04:37.378+0200: 15481,775: Total time for which application threads were stopped: 0,0000797 seconds, Stopping threads took: 0,0000319 seconds
2017-05-30T17:07:58.073+0200: 26101,975: Total time for which application threads were stopped: 0,0001024 seconds, Stopping threads took: 0,0000390 seconds
2017-05-30T17:33:19.176+0200: 27341,574: Total time for which application threads were stopped: 0,0002428 seconds, Stopping threads took: 0,0000230 seconds
2017-05-30T17:33:19.184+0200: 27341,581: Total time for which application threads were stopped: 0,0009561 seconds, Stopping threads took: 0,0008613 seconds
2017-05-30T17:33:19.195+0200: 27341,593: Total time for which application threads were stopped: 0,0097334 seconds, Stopping threads took: 0,0096223 seconds
2017-05-30T17:33:19.196+0200: 27341,593: Total time for which application threads were stopped: 0,0000936 seconds, Stopping threads took: 0,0000158 seconds
2017-05-30T17:33:19.196+0200: 27341,594: Total time for which application threads were stopped: 0,0000797 seconds, Stopping threads took: 0,0000206 seconds
2017-05-30T17:33:19.196+0200: 27341,594: Total time for which application threads were stopped: 0,0000510 seconds, Stopping threads took: 0,0000117 seconds
2017-05-30T17:33:19.197+0200: 27341,594: Total time for which application threads were stopped: 0,0000561 seconds, Stopping threads took: 0,0000186 seconds
2017-05-30T17:33:19.197+0200: 27341,594: Total time for which application threads were stopped: 0,0000476 seconds, Stopping threads took: 0,0000147 seconds
2017-05-30T17:33:19.197+0200: 27341,595: Total time for which application threads were stopped: 0,0000403 seconds, Stopping threads took: 0,0000106 seconds
2017-05-30T17:33:19.197+0200: 27341,595: Total time for which application threads were stopped: 0,0000416 seconds, Stopping threads took: 0,0000105 seconds
2017-05-30T17:33:19.197+0200: 27341,595: Total time for which application threads were stopped: 0,0000435 seconds, Stopping threads took: 0,0000118 seconds
2017-05-30T17:33:19.197+0200: 27341,595: Total time for which application threads were stopped: 0,0000406 seconds, Stopping threads took: 0,0000113 seconds
2017-05-30T17:33:19.197+0200: 27341,595: Total time for which application threads were stopped: 0,0000401 seconds, Stopping threads took: 0,0000108 seconds
2017-05-30T17:33:19.200+0200: 27341,598: Total time for which application threads were stopped: 0,0026341 seconds, Stopping threads took: 0,0025387 seconds
2017-05-30T17:33:19.201+0200: 27341,599: Total time for which application threads were stopped: 0,0000950 seconds, Stopping threads took: 0,0000227 seconds
2017-05-30T17:33:19.201+0200: 27341,599: Total time for which application threads were stopped: 0,0000673 seconds, Stopping threads took: 0,0000201 seconds
2017-05-30T17:33:19.201+0200: 27341,599: Total time for which application threads were stopped: 0,0000579 seconds, Stopping threads took: 0,0000174 seconds
2017-05-30T17:33:19.205+0200: 27341,603: Total time for which application threads were stopped: 0,0002467 seconds, Stopping threads took: 0,0001613 seconds
2017-05-30T17:33:19.206+0200: 27341,603: Total time for which application threads were stopped: 0,0000719 seconds, Stopping threads took: 0,0000187 seconds
2017-05-30T17:33:19.206+0200: 27341,603: Total time for which application threads were stopped: 0,0000613 seconds, Stopping threads took: 0,0000153 seconds
2017-05-30T17:33:19.206+0200: 27341,604: Total time for which application threads were stopped: 0,0000889 seconds, Stopping threads took: 0,0000172 seconds
2017-05-30T17:33:19.206+0200: 27341,604: Total time for which application threads were stopped: 0,0000568 seconds, Stopping threads took: 0,0000143 seconds
2017-05-30T17:33:19.206+0200: 27341,604: Total time for which application threads were stopped: 0,0000517 seconds, Stopping threads took: 0,0000137 seconds
2017-05-30T17:33:19.207+0200: 27341,605: Total time for which application threads were stopped: 0,0001611 seconds, Stopping threads took: 0,0000871 seconds
2017-05-30T17:33:19.207+0200: 27341,605: Total time for which application threads were stopped: 0,0000766 seconds, Stopping threads took: 0,0000207 seconds
2017-05-30T17:33:19.208+0200: 27341,605: Total time for which application threads were stopped: 0,0000626 seconds, Stopping threads took: 0,0000188 seconds
2017-05-30T17:33:19.208+0200: 27341,605: Total time for which application threads were stopped: 0,0000573 seconds, Stopping threads took: 0,0000140 seconds
2017-05-30T17:33:19.208+0200: 27341,605: Total time for which application threads were stopped: 0,0000554 seconds, Stopping threads took: 0,0000157 seconds
2017-05-30T17:33:19.208+0200: 27341,606: Total time for which application threads were stopped: 0,0000517 seconds, Stopping threads took: 0,0000132 seconds
2017-05-30T17:33:19.208+0200: 27341,606: Total time for which application threads were stopped: 0,0000500 seconds, Stopping threads took: 0,0000156 seconds
2017-05-30T17:33:19.208+0200: 27341,606: Total time for which application threads were stopped: 0,0000467 seconds, Stopping threads took: 0,0000129 seconds
2017-05-30T17:33:19.208+0200: 27341,606: Total time for which application threads were stopped: 0,0000505 seconds, Stopping threads took: 0,0000122 seconds
2017-05-30T17:33:19.219+0200: 27341,617: Total time for which application threads were stopped: 0,0053600 seconds, Stopping threads took: 0,0052609 seconds
2017-05-30T17:33:19.229+0200: 27341,627: Total time for which application threads were stopped: 0,0001023 seconds, Stopping threads took: 0,0000259 seconds
2017-05-30T17:33:19.230+0200: 27341,627: Total time for which application threads were stopped: 0,0000734 seconds, Stopping threads took: 0,0000206 seconds
2017-05-30T17:33:19.230+0200: 27341,627: Total time for which application threads were stopped: 0,0000644 seconds, Stopping threads took: 0,0000150 seconds
2017-05-30T17:33:19.230+0200: 27341,627: Total time for which application threads were stopped: 0,0000591 seconds, Stopping threads took: 0,0000146 seconds
2017-05-30T17:33:19.230+0200: 27341,627: Total time for which application threads were stopped: 0,0000517 seconds, Stopping threads took: 0,0000131 seconds
2017-05-30T17:33:19.230+0200: 27341,628: Total time for which application threads were stopped: 0,0000544 seconds, Stopping threads took: 0,0000128 seconds
2017-05-30T17:33:19.230+0200: 27341,628: Total time for which application threads were stopped: 0,0000543 seconds, Stopping threads took: 0,0000134 seconds
2017-05-30T17:33:19.230+0200: 27341,628: Total time for which application threads were stopped: 0,0000503 seconds, Stopping threads took: 0,0000148 seconds
2017-05-30T17:33:19.230+0200: 27341,628: Total time for which application threads were stopped: 0,0000486 seconds, Stopping threads took: 0,0000127 seconds
2017-05-30T17:33:19.233+0200: 27341,631: Total time for which application threads were stopped: 0,0001610 seconds, Stopping threads took: 0,0000659 seconds
2017-05-30T17:33:19.238+0200: 27341,636: Total time for which application threads were stopped: 0,0041908 seconds, Stopping threads took: 0,0041067 seconds
2017-05-30T17:33:19.238+0200: 27341,636: Total time for which application threads were stopped: 0,0000701 seconds, Stopping threads took: 0,0000215 seconds
2017-05-30T17:33:19.238+0200: 27341,636: Total time for which application threads were stopped: 0,0000525 seconds, Stopping threads took: 0,0000134 seconds
2017-05-30T17:33:19.241+0200: 27341,638: Total time for which application threads were stopped: 0,0002487 seconds, Stopping threads took: 0,0001615 seconds
2017-05-30T17:33:19.244+0200: 27341,642: Total time for which application threads were stopped: 0,0001038 seconds, Stopping threads took: 0,0000252 seconds
2017-05-30T17:33:19.246+0200: 27341,644: Total time for which application threads were stopped: 0,0009031 seconds, Stopping threads took: 0,0008186 seconds
2017-05-30T17:33:19.246+0200: 27341,644: Total time for which application threads were stopped: 0,0000669 seconds, Stopping threads took: 0,0000154 seconds
2017-05-30T17:33:19.247+0200: 27341,645: Total time for which application threads were stopped: 0,0000930 seconds, Stopping threads took: 0,0000310 seconds
2017-05-30T17:33:19.250+0200: 27341,648: Total time for which application threads were stopped: 0,0000986 seconds, Stopping threads took: 0,0000323 seconds
2017-05-30T17:33:19.250+0200: 27341,648: Total time for which application threads were stopped: 0,0000576 seconds, Stopping threads took: 0,0000154 seconds
2017-05-30T17:33:19.250+0200: 27341,648: Total time for which application threads were stopped: 0,0000527 seconds, Stopping threads took: 0,0000130 seconds
2017-05-30T17:33:19.250+0200: 27341,648: Total time for which application threads were stopped: 0,0000492 seconds, Stopping threads took: 0,0000124 seconds
2017-05-30T17:33:19.250+0200: 27341,648: Total time for which application threads were stopped: 0,0000552 seconds, Stopping threads took: 0,0000161 seconds
2017-05-30T17:33:19.251+0200: 27341,648: Total time for which application threads were stopped: 0,0000546 seconds, Stopping threads took: 0,0000156 seconds
2017-05-30T17:33:19.251+0200: 27341,648: Total time for which application threads were stopped: 0,0000511 seconds, Stopping threads took: 0,0000166 seconds
2017-05-30T17:33:19.251+0200: 27341,648: Total time for which application threads were stopped: 0,0000480 seconds, Stopping threads took: 0,0000138 seconds
2017-05-30T17:33:19.251+0200: 27341,649: Total time for which application threads were stopped: 0,0000526 seconds, Stopping threads took: 0,0000156 seconds
2017-05-30T17:33:19.251+0200: 27341,649: Total time for which application threads were stopped: 0,0000537 seconds, Stopping threads took: 0,0000188 seconds
2017-05-30T17:33:19.251+0200: 27341,649: Total time for which application threads were stopped: 0,0003195 seconds, Stopping threads took: 0,0000257 seconds
2017-05-30T17:33:19.252+0200: 27341,650: Total time for which application threads were stopped: 0,0001983 seconds, Stopping threads took: 0,0001434 seconds
2017-05-30T17:33:19.252+0200: 27341,650: Total time for which application threads were stopped: 0,0000997 seconds, Stopping threads took: 0,0000545 seconds
2017-05-30T17:33:19.252+0200: 27341,650: Total time for which application threads were stopped: 0,0000586 seconds, Stopping threads took: 0,0000178 seconds
2017-05-30T17:33:19.252+0200: 27341,650: Total time for which application threads were stopped: 0,0000669 seconds, Stopping threads took: 0,0000287 seconds
2017-05-30T17:33:19.253+0200: 27341,650: Total time for which application threads were stopped: 0,0000577 seconds, Stopping threads took: 0,0000195 seconds
2017-05-30T17:33:19.253+0200: 27341,650: Total time for which application threads were stopped: 0,0000664 seconds, Stopping threads took: 0,0000292 seconds
2017-05-30T17:33:19.253+0200: 27341,651: Total time for which application threads were stopped: 0,0000842 seconds, Stopping threads took: 0,0000269 seconds
2017-05-30T17:33:19.253+0200: 27341,651: Total time for which application threads were stopped: 0,0000939 seconds, Stopping threads took: 0,0000425 seconds
2017-05-30T17:33:19.254+0200: 27341,651: Total time for which application threads were stopped: 0,0001751 seconds, Stopping threads took: 0,0000202 seconds
2017-05-30T17:33:19.256+0200: 27341,653: Total time for which application threads were stopped: 0,0001222 seconds, Stopping threads took: 0,0000330 seconds
2017-05-30T17:33:19.262+0200: 27341,660: Total time for which application threads were stopped: 0,0019079 seconds, Stopping threads took: 0,0018149 seconds
2017-05-30T17:33:19.275+0200: 27341,672: Total time for which application threads were stopped: 0,0001167 seconds, Stopping threads took: 0,0000157 seconds
2017-05-30T17:33:19.276+0200: 27341,673: Total time for which application threads were stopped: 0,0001297 seconds, Stopping threads took: 0,0000266 seconds
Heap
 par new generation   total 109248K, used 35690K [0x00000000e0000000, 0x00000000e8000000, 0x00000000e8000000)
  eden space 87424K,  23% used [0x00000000e0000000, 0x00000000e14753b8, 0x00000000e5560000)
  from space 21824K,  67% used [0x00000000e5560000, 0x00000000e63c5690, 0x00000000e6ab0000)
  to   space 21824K,   0% used [0x00000000e6ab0000, 0x00000000e6ab0000, 0x00000000e8000000)
 concurrent mark-sweep generation total 393216K, used 6879K [0x00000000e8000000, 0x0000000100000000, 0x0000000100000000)
 Metaspace       used 28189K, capacity 28717K, committed 28796K, reserved 1075200K
  class space    used 3229K, capacity 3397K, committed 3452K, reserved 1048576K
