OpenJDK 64-Bit Server VM (25.131-b11) for linux-amd64 JRE (1.8.0_131-8u131-b11-0ubuntu1.16.04.2-b11), built on May  6 2017 02:45:27 by "buildd" with gcc 5.4.0 20160609
Memory: 4k page, physical 7867740k(7408196k free), swap 8076284k(8076284k free)
CommandLine flags: -XX:CMSInitiatingOccupancyFraction=50 -XX:CMSMaxAbortablePrecleanTime=6000 -XX:+CMSParallelRemarkEnabled -XX:+CMSScavengeBeforeRemark -XX:ConcGCThreads=4 -XX:InitialHeapSize=536870912 -XX:MaxHeapSize=536870912 -XX:MaxTenuringThreshold=8 -XX:NewRatio=3 -XX:OldPLABSize=16 -XX:OnOutOfMemoryError=/opt/solr/bin/oom_solr.sh 8983 /var/solr/logs -XX:ParallelGCThreads=4 -XX:+ParallelRefProcEnabled -XX:PretenureSizeThreshold=67108864 -XX:+PrintGC -XX:+PrintGCApplicationStoppedTime -XX:+PrintGCDateStamps -XX:+PrintGCDetails -XX:+PrintGCTimeStamps -XX:+PrintHeapAtGC -XX:+PrintTenuringDistribution -XX:SurvivorRatio=4 -XX:TargetSurvivorRatio=90 -XX:ThreadStackSize=256 -XX:+UseCMSInitiatingOccupancyOnly -XX:+UseCompressedClassPointers -XX:+UseCompressedOops -XX:+UseConcMarkSweepGC -XX:+UseParNewGC 
2017-06-10T10:20:16.102+0200: 0,139: Total time for which application threads were stopped: 0,0000692 seconds, Stopping threads took: 0,0000095 seconds
2017-06-10T10:20:16.188+0200: 0,226: Total time for which application threads were stopped: 0,0001002 seconds, Stopping threads took: 0,0000110 seconds
2017-06-10T10:20:16.205+0200: 0,242: Total time for which application threads were stopped: 0,0001249 seconds, Stopping threads took: 0,0000139 seconds
2017-06-10T10:20:16.418+0200: 0,455: Total time for which application threads were stopped: 0,0001703 seconds, Stopping threads took: 0,0000162 seconds
2017-06-10T10:20:16.774+0200: 0,811: Total time for which application threads were stopped: 0,0001628 seconds, Stopping threads took: 0,0000149 seconds
2017-06-10T10:20:16.954+0200: 0,992: Total time for which application threads were stopped: 0,0002053 seconds, Stopping threads took: 0,0000280 seconds
2017-06-10T10:20:17.008+0200: 1,045: Total time for which application threads were stopped: 0,0040704 seconds, Stopping threads took: 0,0000332 seconds
2017-06-10T10:20:17.403+0200: 1,441: Total time for which application threads were stopped: 0,0002715 seconds, Stopping threads took: 0,0000185 seconds
2017-06-10T10:20:17.636+0200: 1,673: Total time for which application threads were stopped: 0,0001940 seconds, Stopping threads took: 0,0000108 seconds
2017-06-10T10:20:17.656+0200: 1,694: Total time for which application threads were stopped: 0,0002321 seconds, Stopping threads took: 0,0000680 seconds
2017-06-10T10:20:17.697+0200: 1,735: Total time for which application threads were stopped: 0,0009518 seconds, Stopping threads took: 0,0001361 seconds
2017-06-10T10:20:17.699+0200: 1,736: Total time for which application threads were stopped: 0,0001562 seconds, Stopping threads took: 0,0000215 seconds
2017-06-10T10:20:17.714+0200: 1,752: Total time for which application threads were stopped: 0,0005210 seconds, Stopping threads took: 0,0000177 seconds
2017-06-10T10:20:17.817+0200: 1,854: Total time for which application threads were stopped: 0,0004339 seconds, Stopping threads took: 0,0000459 seconds
2017-06-10T10:20:17.978+0200: 2,015: Total time for which application threads were stopped: 0,0013978 seconds, Stopping threads took: 0,0011267 seconds
{Heap before GC invocations=0 (full 0):
 par new generation   total 109248K, used 87424K [0x00000000e0000000, 0x00000000e8000000, 0x00000000e8000000)
  eden space 87424K, 100% used [0x00000000e0000000, 0x00000000e5560000, 0x00000000e5560000)
  from space 21824K,   0% used [0x00000000e5560000, 0x00000000e5560000, 0x00000000e6ab0000)
  to   space 21824K,   0% used [0x00000000e6ab0000, 0x00000000e6ab0000, 0x00000000e8000000)
 concurrent mark-sweep generation total 393216K, used 0K [0x00000000e8000000, 0x0000000100000000, 0x0000000100000000)
 Metaspace       used 18028K, capacity 18336K, committed 18688K, reserved 1064960K
  class space    used 2036K, capacity 2196K, committed 2304K, reserved 1048576K
2017-06-10T10:20:18.075+0200: 2,113: [GC (Allocation Failure) 2017-06-10T10:20:18.075+0200: 2,113: [ParNew
Desired survivor size 20112992 bytes, new threshold 8 (max 8)
- age   1:   12615544 bytes,   12615544 total
: 87424K->12430K(109248K), 0,0179540 secs] 87424K->12430K(502464K), 0,0180277 secs] [Times: user=0,02 sys=0,03, real=0,01 secs] 
Heap after GC invocations=1 (full 0):
 par new generation   total 109248K, used 12430K [0x00000000e0000000, 0x00000000e8000000, 0x00000000e8000000)
  eden space 87424K,   0% used [0x00000000e0000000, 0x00000000e0000000, 0x00000000e5560000)
  from space 21824K,  56% used [0x00000000e6ab0000, 0x00000000e76d3880, 0x00000000e8000000)
  to   space 21824K,   0% used [0x00000000e5560000, 0x00000000e5560000, 0x00000000e6ab0000)
 concurrent mark-sweep generation total 393216K, used 0K [0x00000000e8000000, 0x0000000100000000, 0x0000000100000000)
 Metaspace       used 18028K, capacity 18336K, committed 18688K, reserved 1064960K
  class space    used 2036K, capacity 2196K, committed 2304K, reserved 1048576K
}
2017-06-10T10:20:18.093+0200: 2,131: Total time for which application threads were stopped: 0,0182761 seconds, Stopping threads took: 0,0000427 seconds
2017-06-10T10:20:18.384+0200: 2,422: Total time for which application threads were stopped: 0,0003590 seconds, Stopping threads took: 0,0000453 seconds
{Heap before GC invocations=1 (full 0):
 par new generation   total 109248K, used 99854K [0x00000000e0000000, 0x00000000e8000000, 0x00000000e8000000)
  eden space 87424K, 100% used [0x00000000e0000000, 0x00000000e5560000, 0x00000000e5560000)
  from space 21824K,  56% used [0x00000000e6ab0000, 0x00000000e76d3880, 0x00000000e8000000)
  to   space 21824K,   0% used [0x00000000e5560000, 0x00000000e5560000, 0x00000000e6ab0000)
 concurrent mark-sweep generation total 393216K, used 0K [0x00000000e8000000, 0x0000000100000000, 0x0000000100000000)
 Metaspace       used 20083K, capacity 20428K, committed 20736K, reserved 1067008K
  class space    used 2295K, capacity 2470K, committed 2560K, reserved 1048576K
2017-06-10T10:20:18.448+0200: 2,486: [GC (Allocation Failure) 2017-06-10T10:20:18.448+0200: 2,486: [ParNew
Desired survivor size 20112992 bytes, new threshold 8 (max 8)
- age   1:    3477680 bytes,    3477680 total
- age   2:    6678776 bytes,   10156456 total
: 99854K->13675K(109248K), 0,0105446 secs] 99854K->13675K(502464K), 0,0106124 secs] [Times: user=0,04 sys=0,00, real=0,01 secs] 
Heap after GC invocations=2 (full 0):
 par new generation   total 109248K, used 13675K [0x00000000e0000000, 0x00000000e8000000, 0x00000000e8000000)
  eden space 87424K,   0% used [0x00000000e0000000, 0x00000000e0000000, 0x00000000e5560000)
  from space 21824K,  62% used [0x00000000e5560000, 0x00000000e62bafe8, 0x00000000e6ab0000)
  to   space 21824K,   0% used [0x00000000e6ab0000, 0x00000000e6ab0000, 0x00000000e8000000)
 concurrent mark-sweep generation total 393216K, used 0K [0x00000000e8000000, 0x0000000100000000, 0x0000000100000000)
 Metaspace       used 20083K, capacity 20428K, committed 20736K, reserved 1067008K
  class space    used 2295K, capacity 2470K, committed 2560K, reserved 1048576K
}
2017-06-10T10:20:18.459+0200: 2,496: Total time for which application threads were stopped: 0,0109932 seconds, Stopping threads took: 0,0002409 seconds
2017-06-10T10:20:18.460+0200: 2,498: Total time for which application threads were stopped: 0,0009696 seconds, Stopping threads took: 0,0007078 seconds
2017-06-10T10:20:18.496+0200: 2,534: Total time for which application threads were stopped: 0,0003478 seconds, Stopping threads took: 0,0000399 seconds
2017-06-10T10:20:18.624+0200: 2,662: Total time for which application threads were stopped: 0,0002083 seconds, Stopping threads took: 0,0000440 seconds
{Heap before GC invocations=2 (full 0):
 par new generation   total 109248K, used 101099K [0x00000000e0000000, 0x00000000e8000000, 0x00000000e8000000)
  eden space 87424K, 100% used [0x00000000e0000000, 0x00000000e5560000, 0x00000000e5560000)
  from space 21824K,  62% used [0x00000000e5560000, 0x00000000e62bafe8, 0x00000000e6ab0000)
  to   space 21824K,   0% used [0x00000000e6ab0000, 0x00000000e6ab0000, 0x00000000e8000000)
 concurrent mark-sweep generation total 393216K, used 0K [0x00000000e8000000, 0x0000000100000000, 0x0000000100000000)
 Metaspace       used 21021K, capacity 21350K, committed 21628K, reserved 1069056K
  class space    used 2422K, capacity 2589K, committed 2684K, reserved 1048576K
2017-06-10T10:20:18.674+0200: 2,711: [GC (Allocation Failure) 2017-06-10T10:20:18.674+0200: 2,711: [ParNew
Desired survivor size 20112992 bytes, new threshold 8 (max 8)
- age   1:    2209552 bytes,    2209552 total
- age   2:     862560 bytes,    3072112 total
- age   3:    6661928 bytes,    9734040 total
: 101099K->14182K(109248K), 0,0183656 secs] 101099K->14182K(502464K), 0,0184589 secs] [Times: user=0,07 sys=0,00, real=0,01 secs] 
Heap after GC invocations=3 (full 0):
 par new generation   total 109248K, used 14182K [0x00000000e0000000, 0x00000000e8000000, 0x00000000e8000000)
  eden space 87424K,   0% used [0x00000000e0000000, 0x00000000e0000000, 0x00000000e5560000)
  from space 21824K,  64% used [0x00000000e6ab0000, 0x00000000e7889b40, 0x00000000e8000000)
  to   space 21824K,   0% used [0x00000000e5560000, 0x00000000e5560000, 0x00000000e6ab0000)
 concurrent mark-sweep generation total 393216K, used 0K [0x00000000e8000000, 0x0000000100000000, 0x0000000100000000)
 Metaspace       used 21021K, capacity 21350K, committed 21628K, reserved 1069056K
  class space    used 2422K, capacity 2589K, committed 2684K, reserved 1048576K
}
2017-06-10T10:20:18.692+0200: 2,730: Total time for which application threads were stopped: 0,0187413 seconds, Stopping threads took: 0,0001088 seconds
2017-06-10T10:20:18.701+0200: 2,738: [GC (CMS Initial Mark) [1 CMS-initial-mark: 0K(393216K)] 22312K(502464K), 0,0051528 secs] [Times: user=0,02 sys=0,00, real=0,01 secs] 
2017-06-10T10:20:18.706+0200: 2,744: Total time for which application threads were stopped: 0,0082291 seconds, Stopping threads took: 0,0029696 seconds
2017-06-10T10:20:18.706+0200: 2,744: [CMS-concurrent-mark-start]
2017-06-10T10:20:18.707+0200: 2,744: [CMS-concurrent-mark: 0,001/0,001 secs] [Times: user=0,00 sys=0,00, real=0,00 secs] 
2017-06-10T10:20:18.707+0200: 2,744: [CMS-concurrent-preclean-start]
2017-06-10T10:20:18.708+0200: 2,746: [CMS-concurrent-preclean: 0,001/0,001 secs] [Times: user=0,01 sys=0,00, real=0,00 secs] 
2017-06-10T10:20:18.708+0200: 2,746: [CMS-concurrent-abortable-preclean-start]
2017-06-10T10:20:18.756+0200: 2,794: Total time for which application threads were stopped: 0,0001680 seconds, Stopping threads took: 0,0000353 seconds
2017-06-10T10:20:18.756+0200: 2,794: Total time for which application threads were stopped: 0,0000903 seconds, Stopping threads took: 0,0000391 seconds
{Heap before GC invocations=3 (full 1):
 par new generation   total 109248K, used 101606K [0x00000000e0000000, 0x00000000e8000000, 0x00000000e8000000)
  eden space 87424K, 100% used [0x00000000e0000000, 0x00000000e5560000, 0x00000000e5560000)
  from space 21824K,  64% used [0x00000000e6ab0000, 0x00000000e7889b40, 0x00000000e8000000)
  to   space 21824K,   0% used [0x00000000e5560000, 0x00000000e5560000, 0x00000000e6ab0000)
 concurrent mark-sweep generation total 393216K, used 0K [0x00000000e8000000, 0x0000000100000000, 0x0000000100000000)
 Metaspace       used 21271K, capacity 21626K, committed 21884K, reserved 1069056K
  class space    used 2448K, capacity 2604K, committed 2684K, reserved 1048576K
2017-06-10T10:20:18.813+0200: 2,850: [GC (Allocation Failure) 2017-06-10T10:20:18.813+0200: 2,850: [ParNew
Desired survivor size 20112992 bytes, new threshold 8 (max 8)
- age   1:    1592600 bytes,    1592600 total
- age   2:    1445384 bytes,    3037984 total
- age   3:     831104 bytes,    3869088 total
- age   4:    6661944 bytes,   10531032 total
: 101606K->13703K(109248K), 0,0098446 secs] 101606K->13703K(502464K), 0,0099043 secs] [Times: user=0,04 sys=0,00, real=0,02 secs] 
Heap after GC invocations=4 (full 1):
 par new generation   total 109248K, used 13703K [0x00000000e0000000, 0x00000000e8000000, 0x00000000e8000000)
  eden space 87424K,   0% used [0x00000000e0000000, 0x00000000e0000000, 0x00000000e5560000)
  from space 21824K,  62% used [0x00000000e5560000, 0x00000000e62c1d00, 0x00000000e6ab0000)
  to   space 21824K,   0% used [0x00000000e6ab0000, 0x00000000e6ab0000, 0x00000000e8000000)
 concurrent mark-sweep generation total 393216K, used 0K [0x00000000e8000000, 0x0000000100000000, 0x0000000100000000)
 Metaspace       used 21271K, capacity 21626K, committed 21884K, reserved 1069056K
  class space    used 2448K, capacity 2604K, committed 2684K, reserved 1048576K
}
2017-06-10T10:20:18.822+0200: 2,860: Total time for which application threads were stopped: 0,0100941 seconds, Stopping threads took: 0,0000608 seconds
{Heap before GC invocations=4 (full 1):
 par new generation   total 109248K, used 101127K [0x00000000e0000000, 0x00000000e8000000, 0x00000000e8000000)
  eden space 87424K, 100% used [0x00000000e0000000, 0x00000000e5560000, 0x00000000e5560000)
  from space 21824K,  62% used [0x00000000e5560000, 0x00000000e62c1d00, 0x00000000e6ab0000)
  to   space 21824K,   0% used [0x00000000e6ab0000, 0x00000000e6ab0000, 0x00000000e8000000)
 concurrent mark-sweep generation total 393216K, used 0K [0x00000000e8000000, 0x0000000100000000, 0x0000000100000000)
 Metaspace       used 21440K, capacity 21804K, committed 21884K, reserved 1069056K
  class space    used 2467K, capacity 2639K, committed 2684K, reserved 1048576K
2017-06-10T10:20:18.921+0200: 2,959: [GC (Allocation Failure) 2017-06-10T10:20:18.921+0200: 2,959: [ParNew2017-06-10T10:20:18.932+0200: 2,969: [CMS-concurrent-abortable-preclean: 0,105/0,224 secs] [Times: user=0,81 sys=0,01, real=0,22 secs] 

Desired survivor size 20112992 bytes, new threshold 8 (max 8)
- age   1:     719544 bytes,     719544 total
- age   2:     177552 bytes,     897096 total
- age   3:    1445176 bytes,    2342272 total
- age   4:     831040 bytes,    3173312 total
- age   5:    6661928 bytes,    9835240 total
: 101127K->12755K(109248K), 0,0125022 secs] 101127K->12755K(502464K), 0,0125773 secs] [Times: user=0,03 sys=0,00, real=0,02 secs] 
Heap after GC invocations=5 (full 1):
 par new generation   total 109248K, used 12755K [0x00000000e0000000, 0x00000000e8000000, 0x00000000e8000000)
  eden space 87424K,   0% used [0x00000000e0000000, 0x00000000e0000000, 0x00000000e5560000)
  from space 21824K,  58% used [0x00000000e6ab0000, 0x00000000e7724f70, 0x00000000e8000000)
  to   space 21824K,   0% used [0x00000000e5560000, 0x00000000e5560000, 0x00000000e6ab0000)
 concurrent mark-sweep generation total 393216K, used 0K [0x00000000e8000000, 0x0000000100000000, 0x0000000100000000)
 Metaspace       used 21440K, capacity 21804K, committed 21884K, reserved 1069056K
  class space    used 2467K, capacity 2639K, committed 2684K, reserved 1048576K
}
2017-06-10T10:20:18.934+0200: 2,971: Total time for which application threads were stopped: 0,0127511 seconds, Stopping threads took: 0,0000429 seconds
2017-06-10T10:20:18.937+0200: 2,975: [GC (CMS Final Remark) [YG occupancy: 14009 K (109248 K)]{Heap before GC invocations=5 (full 1):
 par new generation   total 109248K, used 14009K [0x00000000e0000000, 0x00000000e8000000, 0x00000000e8000000)
  eden space 87424K,   1% used [0x00000000e0000000, 0x00000000e0139680, 0x00000000e5560000)
  from space 21824K,  58% used [0x00000000e6ab0000, 0x00000000e7724f70, 0x00000000e8000000)
  to   space 21824K,   0% used [0x00000000e5560000, 0x00000000e5560000, 0x00000000e6ab0000)
 concurrent mark-sweep generation total 393216K, used 0K [0x00000000e8000000, 0x0000000100000000, 0x0000000100000000)
 Metaspace       used 21440K, capacity 21804K, committed 21884K, reserved 1069056K
  class space    used 2467K, capacity 2639K, committed 2684K, reserved 1048576K
2017-06-10T10:20:18.937+0200: 2,975: [GC (CMS Final Remark) 2017-06-10T10:20:18.937+0200: 2,975: [ParNew
Desired survivor size 20112992 bytes, new threshold 8 (max 8)
- age   1:      10208 bytes,      10208 total
- age   2:     719520 bytes,     729728 total
- age   3:     177552 bytes,     907280 total
- age   4:    1445160 bytes,    2352440 total
- age   5:     831040 bytes,    3183480 total
- age   6:    6662192 bytes,    9845672 total
: 14009K->10974K(109248K), 0,0090269 secs] 14009K->10974K(502464K), 0,0090699 secs] [Times: user=0,04 sys=0,00, real=0,01 secs] 
Heap after GC invocations=6 (full 1):
 par new generation   total 109248K, used 10974K [0x00000000e0000000, 0x00000000e8000000, 0x00000000e8000000)
  eden space 87424K,   0% used [0x00000000e0000000, 0x00000000e0000000, 0x00000000e5560000)
  from space 21824K,  50% used [0x00000000e5560000, 0x00000000e6017818, 0x00000000e6ab0000)
  to   space 21824K,   0% used [0x00000000e6ab0000, 0x00000000e6ab0000, 0x00000000e8000000)
 concurrent mark-sweep generation total 393216K, used 0K [0x00000000e8000000, 0x0000000100000000, 0x0000000100000000)
 Metaspace       used 21440K, capacity 21804K, committed 21884K, reserved 1069056K
  class space    used 2467K, capacity 2639K, committed 2684K, reserved 1048576K
}
2017-06-10T10:20:18.947+0200: 2,984: [Rescan (parallel) , 0,0032540 secs]2017-06-10T10:20:18.950+0200: 2,987: [weak refs processing, 0,0005860 secs]2017-06-10T10:20:18.950+0200: 2,988: [class unloading, 0,0028942 secs]2017-06-10T10:20:18.953+0200: 2,991: [scrub symbol table, 0,0034724 secs]2017-06-10T10:20:18.957+0200: 2,994: [scrub string table, 0,0003663 secs][1 CMS-remark: 0K(393216K)] 10974K(502464K), 0,0203687 secs] [Times: user=0,06 sys=0,00, real=0,02 secs] 
2017-06-10T10:20:18.958+0200: 2,995: Total time for which application threads were stopped: 0,0238108 seconds, Stopping threads took: 0,0033657 seconds
2017-06-10T10:20:18.958+0200: 2,995: [CMS-concurrent-sweep-start]
2017-06-10T10:20:18.958+0200: 2,996: [CMS-concurrent-sweep: 0,000/0,000 secs] [Times: user=0,00 sys=0,00, real=0,00 secs] 
2017-06-10T10:20:18.958+0200: 2,996: [CMS-concurrent-reset-start]
2017-06-10T10:20:18.960+0200: 2,998: [CMS-concurrent-reset: 0,002/0,002 secs] [Times: user=0,01 sys=0,00, real=0,00 secs] 
2017-06-10T10:20:18.985+0200: 3,023: Total time for which application threads were stopped: 0,0003276 seconds, Stopping threads took: 0,0000191 seconds
2017-06-10T10:20:19.186+0200: 3,223: Total time for which application threads were stopped: 0,0040042 seconds, Stopping threads took: 0,0038207 seconds
2017-06-10T10:20:19.244+0200: 3,282: Total time for which application threads were stopped: 0,0004867 seconds, Stopping threads took: 0,0000426 seconds
2017-06-10T10:20:19.259+0200: 3,297: Total time for which application threads were stopped: 0,0004947 seconds, Stopping threads took: 0,0000659 seconds
{Heap before GC invocations=6 (full 1):
 par new generation   total 109248K, used 98398K [0x00000000e0000000, 0x00000000e8000000, 0x00000000e8000000)
  eden space 87424K, 100% used [0x00000000e0000000, 0x00000000e5560000, 0x00000000e5560000)
  from space 21824K,  50% used [0x00000000e5560000, 0x00000000e6017818, 0x00000000e6ab0000)
  to   space 21824K,   0% used [0x00000000e6ab0000, 0x00000000e6ab0000, 0x00000000e8000000)
 concurrent mark-sweep generation total 393216K, used 0K [0x00000000e8000000, 0x0000000100000000, 0x0000000100000000)
 Metaspace       used 23896K, capacity 24372K, committed 24572K, reserved 1071104K
  class space    used 2807K, capacity 2983K, committed 3068K, reserved 1048576K
2017-06-10T10:20:19.506+0200: 3,543: [GC (Allocation Failure) 2017-06-10T10:20:19.506+0200: 3,543: [ParNew
Desired survivor size 20112992 bytes, new threshold 8 (max 8)
- age   1:    5158560 bytes,    5158560 total
- age   2:       1296 bytes,    5159856 total
- age   3:     127688 bytes,    5287544 total
- age   4:     176056 bytes,    5463600 total
- age   5:     275152 bytes,    5738752 total
- age   6:     802904 bytes,    6541656 total
- age   7:    6653992 bytes,   13195648 total
: 98398K->18968K(109248K), 0,0200711 secs] 98398K->18968K(502464K), 0,0201492 secs] [Times: user=0,05 sys=0,00, real=0,02 secs] 
Heap after GC invocations=7 (full 1):
 par new generation   total 109248K, used 18968K [0x00000000e0000000, 0x00000000e8000000, 0x00000000e8000000)
  eden space 87424K,   0% used [0x00000000e0000000, 0x00000000e0000000, 0x00000000e5560000)
  from space 21824K,  86% used [0x00000000e6ab0000, 0x00000000e7d360d0, 0x00000000e8000000)
  to   space 21824K,   0% used [0x00000000e5560000, 0x00000000e5560000, 0x00000000e6ab0000)
 concurrent mark-sweep generation total 393216K, used 0K [0x00000000e8000000, 0x0000000100000000, 0x0000000100000000)
 Metaspace       used 23896K, capacity 24372K, committed 24572K, reserved 1071104K
  class space    used 2807K, capacity 2983K, committed 3068K, reserved 1048576K
}
2017-06-10T10:20:19.526+0200: 3,563: Total time for which application threads were stopped: 0,0215607 seconds, Stopping threads took: 0,0011789 seconds
{Heap before GC invocations=7 (full 1):
 par new generation   total 109248K, used 106392K [0x00000000e0000000, 0x00000000e8000000, 0x00000000e8000000)
  eden space 87424K, 100% used [0x00000000e0000000, 0x00000000e5560000, 0x00000000e5560000)
  from space 21824K,  86% used [0x00000000e6ab0000, 0x00000000e7d360d0, 0x00000000e8000000)
  to   space 21824K,   0% used [0x00000000e5560000, 0x00000000e5560000, 0x00000000e6ab0000)
 concurrent mark-sweep generation total 393216K, used 0K [0x00000000e8000000, 0x0000000100000000, 0x0000000100000000)
 Metaspace       used 24315K, capacity 24826K, committed 25084K, reserved 1071104K
  class space    used 2851K, capacity 3048K, committed 3068K, reserved 1048576K
2017-06-10T10:20:19.641+0200: 3,679: [GC (Allocation Failure) 2017-06-10T10:20:19.641+0200: 3,679: [ParNew
Desired survivor size 20112992 bytes, new threshold 8 (max 8)
- age   1:    2041824 bytes,    2041824 total
- age   2:    1797048 bytes,    3838872 total
- age   3:       1296 bytes,    3840168 total
- age   4:      61688 bytes,    3901856 total
- age   5:      91568 bytes,    3993424 total
- age   6:     186544 bytes,    4179968 total
- age   7:     752568 bytes,    4932536 total
- age   8:    6120768 bytes,   11053304 total
: 106392K->15614K(109248K), 0,0419466 secs] 106392K->15614K(502464K), 0,0420389 secs] [Times: user=0,04 sys=0,00, real=0,04 secs] 
Heap after GC invocations=8 (full 1):
 par new generation   total 109248K, used 15614K [0x00000000e0000000, 0x00000000e8000000, 0x00000000e8000000)
  eden space 87424K,   0% used [0x00000000e0000000, 0x00000000e0000000, 0x00000000e5560000)
  from space 21824K,  71% used [0x00000000e5560000, 0x00000000e649fa98, 0x00000000e6ab0000)
  to   space 21824K,   0% used [0x00000000e6ab0000, 0x00000000e6ab0000, 0x00000000e8000000)
 concurrent mark-sweep generation total 393216K, used 0K [0x00000000e8000000, 0x0000000100000000, 0x0000000100000000)
 Metaspace       used 24315K, capacity 24826K, committed 25084K, reserved 1071104K
  class space    used 2851K, capacity 3048K, committed 3068K, reserved 1048576K
}
2017-06-10T10:20:19.683+0200: 3,721: Total time for which application threads were stopped: 0,0424732 seconds, Stopping threads took: 0,0001980 seconds
{Heap before GC invocations=8 (full 1):
 par new generation   total 109248K, used 103038K [0x00000000e0000000, 0x00000000e8000000, 0x00000000e8000000)
  eden space 87424K, 100% used [0x00000000e0000000, 0x00000000e5560000, 0x00000000e5560000)
  from space 21824K,  71% used [0x00000000e5560000, 0x00000000e649fa98, 0x00000000e6ab0000)
  to   space 21824K,   0% used [0x00000000e6ab0000, 0x00000000e6ab0000, 0x00000000e8000000)
 concurrent mark-sweep generation total 393216K, used 0K [0x00000000e8000000, 0x0000000100000000, 0x0000000100000000)
 Metaspace       used 24720K, capacity 25204K, committed 25468K, reserved 1071104K
  class space    used 2887K, capacity 3085K, committed 3196K, reserved 1048576K
2017-06-10T10:20:19.790+0200: 3,827: [GC (Allocation Failure) 2017-06-10T10:20:19.790+0200: 3,827: [ParNew
Desired survivor size 20112992 bytes, new threshold 8 (max 8)
- age   1:     874608 bytes,     874608 total
- age   2:     971464 bytes,    1846072 total
- age   3:    1773576 bytes,    3619648 total
- age   4:       1296 bytes,    3620944 total
- age   5:      61688 bytes,    3682632 total
- age   6:      91432 bytes,    3774064 total
- age   7:     183712 bytes,    3957776 total
- age   8:     751800 bytes,    4709576 total
: 103038K->7228K(109248K), 0,0468037 secs] 103038K->13287K(502464K), 0,0468736 secs] [Times: user=0,09 sys=0,00, real=0,05 secs] 
Heap after GC invocations=9 (full 1):
 par new generation   total 109248K, used 7228K [0x00000000e0000000, 0x00000000e8000000, 0x00000000e8000000)
  eden space 87424K,   0% used [0x00000000e0000000, 0x00000000e0000000, 0x00000000e5560000)
  from space 21824K,  33% used [0x00000000e6ab0000, 0x00000000e71bf1e8, 0x00000000e8000000)
  to   space 21824K,   0% used [0x00000000e5560000, 0x00000000e5560000, 0x00000000e6ab0000)
 concurrent mark-sweep generation total 393216K, used 6059K [0x00000000e8000000, 0x0000000100000000, 0x0000000100000000)
 Metaspace       used 24720K, capacity 25204K, committed 25468K, reserved 1071104K
  class space    used 2887K, capacity 3085K, committed 3196K, reserved 1048576K
}
2017-06-10T10:20:19.836+0200: 3,874: Total time for which application threads were stopped: 0,0503423 seconds, Stopping threads took: 0,0032942 seconds
2017-06-10T10:20:20.025+0200: 4,062: Total time for which application threads were stopped: 0,0030201 seconds, Stopping threads took: 0,0025552 seconds
2017-06-10T10:20:20.146+0200: 4,184: Total time for which application threads were stopped: 0,0050405 seconds, Stopping threads took: 0,0049512 seconds
2017-06-10T10:20:20.163+0200: 4,200: Total time for which application threads were stopped: 0,0001486 seconds, Stopping threads took: 0,0000393 seconds
2017-06-10T10:20:20.163+0200: 4,201: Total time for which application threads were stopped: 0,0000838 seconds, Stopping threads took: 0,0000206 seconds
2017-06-10T10:20:20.163+0200: 4,201: Total time for which application threads were stopped: 0,0001061 seconds, Stopping threads took: 0,0000227 seconds
2017-06-10T10:20:20.164+0200: 4,201: Total time for which application threads were stopped: 0,0000812 seconds, Stopping threads took: 0,0000187 seconds
2017-06-10T10:20:20.164+0200: 4,201: Total time for which application threads were stopped: 0,0000880 seconds, Stopping threads took: 0,0000189 seconds
2017-06-10T10:20:20.164+0200: 4,201: Total time for which application threads were stopped: 0,0000788 seconds, Stopping threads took: 0,0000188 seconds
2017-06-10T10:20:20.164+0200: 4,202: Total time for which application threads were stopped: 0,0000904 seconds, Stopping threads took: 0,0000196 seconds
2017-06-10T10:20:20.164+0200: 4,202: Total time for which application threads were stopped: 0,0000800 seconds, Stopping threads took: 0,0000172 seconds
2017-06-10T10:20:20.165+0200: 4,202: Total time for which application threads were stopped: 0,0000876 seconds, Stopping threads took: 0,0000254 seconds
2017-06-10T10:20:20.165+0200: 4,203: Total time for which application threads were stopped: 0,0001476 seconds, Stopping threads took: 0,0000492 seconds
2017-06-10T10:20:20.170+0200: 4,207: Total time for which application threads were stopped: 0,0001524 seconds, Stopping threads took: 0,0000331 seconds
2017-06-10T10:20:20.170+0200: 4,207: Total time for which application threads were stopped: 0,0001073 seconds, Stopping threads took: 0,0000204 seconds
2017-06-10T10:20:20.170+0200: 4,208: Total time for which application threads were stopped: 0,0000766 seconds, Stopping threads took: 0,0000157 seconds
2017-06-10T10:20:20.170+0200: 4,208: Total time for which application threads were stopped: 0,0000926 seconds, Stopping threads took: 0,0000188 seconds
2017-06-10T10:20:20.171+0200: 4,208: Total time for which application threads were stopped: 0,0000928 seconds, Stopping threads took: 0,0000177 seconds
2017-06-10T10:20:20.171+0200: 4,208: Total time for which application threads were stopped: 0,0000967 seconds, Stopping threads took: 0,0000190 seconds
2017-06-10T10:20:20.174+0200: 4,211: Total time for which application threads were stopped: 0,0001249 seconds, Stopping threads took: 0,0000364 seconds
2017-06-10T10:20:20.174+0200: 4,211: Total time for which application threads were stopped: 0,0000698 seconds, Stopping threads took: 0,0000193 seconds
2017-06-10T10:20:20.174+0200: 4,211: Total time for which application threads were stopped: 0,0000603 seconds, Stopping threads took: 0,0000148 seconds
2017-06-10T10:20:20.174+0200: 4,212: Total time for which application threads were stopped: 0,0001550 seconds, Stopping threads took: 0,0000161 seconds
2017-06-10T10:20:20.175+0200: 4,212: Total time for which application threads were stopped: 0,0001103 seconds, Stopping threads took: 0,0000274 seconds
2017-06-10T10:20:20.178+0200: 4,215: Total time for which application threads were stopped: 0,0001416 seconds, Stopping threads took: 0,0000371 seconds
2017-06-10T10:20:20.178+0200: 4,215: Total time for which application threads were stopped: 0,0000795 seconds, Stopping threads took: 0,0000162 seconds
2017-06-10T10:20:20.180+0200: 4,217: Total time for which application threads were stopped: 0,0001253 seconds, Stopping threads took: 0,0000400 seconds
2017-06-10T10:20:20.180+0200: 4,217: Total time for which application threads were stopped: 0,0000902 seconds, Stopping threads took: 0,0000451 seconds
2017-06-10T10:20:20.180+0200: 4,218: Total time for which application threads were stopped: 0,0000990 seconds, Stopping threads took: 0,0000461 seconds
2017-06-10T10:20:20.188+0200: 4,226: Total time for which application threads were stopped: 0,0005491 seconds, Stopping threads took: 0,0004122 seconds
2017-06-10T10:20:20.194+0200: 4,231: Total time for which application threads were stopped: 0,0001186 seconds, Stopping threads took: 0,0000184 seconds
2017-06-10T10:20:20.194+0200: 4,231: Total time for which application threads were stopped: 0,0000891 seconds, Stopping threads took: 0,0000150 seconds
2017-06-10T10:20:20.194+0200: 4,231: Total time for which application threads were stopped: 0,0000826 seconds, Stopping threads took: 0,0000206 seconds
2017-06-10T10:20:20.194+0200: 4,232: Total time for which application threads were stopped: 0,0000716 seconds, Stopping threads took: 0,0000165 seconds
2017-06-10T10:20:20.194+0200: 4,232: Total time for which application threads were stopped: 0,0000674 seconds, Stopping threads took: 0,0000172 seconds
2017-06-10T10:20:20.195+0200: 4,233: Total time for which application threads were stopped: 0,0004510 seconds, Stopping threads took: 0,0000344 seconds
2017-06-10T10:20:20.195+0200: 4,233: Total time for which application threads were stopped: 0,0000901 seconds, Stopping threads took: 0,0000190 seconds
2017-06-10T10:20:20.195+0200: 4,233: Total time for which application threads were stopped: 0,0000676 seconds, Stopping threads took: 0,0000151 seconds
2017-06-10T10:20:20.196+0200: 4,233: Total time for which application threads were stopped: 0,0000633 seconds, Stopping threads took: 0,0000162 seconds
2017-06-10T10:20:20.196+0200: 4,234: Total time for which application threads were stopped: 0,0002181 seconds, Stopping threads took: 0,0000457 seconds
2017-06-10T10:20:20.197+0200: 4,234: Total time for which application threads were stopped: 0,0001479 seconds, Stopping threads took: 0,0000276 seconds
2017-06-10T10:20:20.197+0200: 4,234: Total time for which application threads were stopped: 0,0000683 seconds, Stopping threads took: 0,0000188 seconds
2017-06-10T10:20:20.197+0200: 4,234: Total time for which application threads were stopped: 0,0000571 seconds, Stopping threads took: 0,0000115 seconds
2017-06-10T10:20:20.197+0200: 4,234: Total time for which application threads were stopped: 0,0000582 seconds, Stopping threads took: 0,0000118 seconds
2017-06-10T10:20:20.197+0200: 4,234: Total time for which application threads were stopped: 0,0000568 seconds, Stopping threads took: 0,0000124 seconds
2017-06-10T10:20:20.197+0200: 4,235: Total time for which application threads were stopped: 0,0000919 seconds, Stopping threads took: 0,0000209 seconds
2017-06-10T10:20:20.198+0200: 4,235: Total time for which application threads were stopped: 0,0000815 seconds, Stopping threads took: 0,0000191 seconds
2017-06-10T10:20:20.198+0200: 4,235: Total time for which application threads were stopped: 0,0000789 seconds, Stopping threads took: 0,0000149 seconds
2017-06-10T10:20:20.198+0200: 4,235: Total time for which application threads were stopped: 0,0000632 seconds, Stopping threads took: 0,0000123 seconds
2017-06-10T10:20:20.198+0200: 4,236: Total time for which application threads were stopped: 0,0002014 seconds, Stopping threads took: 0,0000139 seconds
2017-06-10T10:20:20.202+0200: 4,240: Total time for which application threads were stopped: 0,0008928 seconds, Stopping threads took: 0,0007824 seconds
2017-06-10T10:20:20.206+0200: 4,243: Total time for which application threads were stopped: 0,0001452 seconds, Stopping threads took: 0,0000400 seconds
2017-06-10T10:20:20.208+0200: 4,245: Total time for which application threads were stopped: 0,0001255 seconds, Stopping threads took: 0,0000374 seconds
2017-06-10T10:20:20.218+0200: 4,256: Total time for which application threads were stopped: 0,0005619 seconds, Stopping threads took: 0,0004319 seconds
2017-06-10T10:20:20.221+0200: 4,258: Total time for which application threads were stopped: 0,0001350 seconds, Stopping threads took: 0,0000324 seconds
2017-06-10T10:20:20.221+0200: 4,259: Total time for which application threads were stopped: 0,0001351 seconds, Stopping threads took: 0,0000256 seconds
2017-06-10T10:20:20.222+0200: 4,259: Total time for which application threads were stopped: 0,0000905 seconds, Stopping threads took: 0,0000192 seconds
2017-06-10T10:20:20.222+0200: 4,259: Total time for which application threads were stopped: 0,0000675 seconds, Stopping threads took: 0,0000144 seconds
2017-06-10T10:20:20.222+0200: 4,260: Total time for which application threads were stopped: 0,0000637 seconds, Stopping threads took: 0,0000138 seconds
2017-06-10T10:20:20.230+0200: 4,267: Total time for which application threads were stopped: 0,0001352 seconds, Stopping threads took: 0,0000304 seconds
2017-06-10T10:20:20.253+0200: 4,291: Total time for which application threads were stopped: 0,0001680 seconds, Stopping threads took: 0,0000269 seconds
2017-06-10T10:20:20.255+0200: 4,292: Total time for which application threads were stopped: 0,0002040 seconds, Stopping threads took: 0,0000292 seconds
2017-06-10T10:20:20.269+0200: 4,307: Total time for which application threads were stopped: 0,0003656 seconds, Stopping threads took: 0,0002733 seconds
2017-06-10T10:20:20.272+0200: 4,309: Total time for which application threads were stopped: 0,0001488 seconds, Stopping threads took: 0,0000547 seconds
2017-06-10T10:20:20.277+0200: 4,314: Total time for which application threads were stopped: 0,0001607 seconds, Stopping threads took: 0,0000465 seconds
2017-06-10T10:20:20.281+0200: 4,319: Total time for which application threads were stopped: 0,0001272 seconds, Stopping threads took: 0,0000363 seconds
2017-06-10T10:20:20.282+0200: 4,319: Total time for which application threads were stopped: 0,0001343 seconds, Stopping threads took: 0,0000696 seconds
2017-06-10T10:20:20.314+0200: 4,352: Total time for which application threads were stopped: 0,0001788 seconds, Stopping threads took: 0,0000350 seconds
2017-06-10T10:20:20.334+0200: 4,371: Total time for which application threads were stopped: 0,0039878 seconds, Stopping threads took: 0,0038922 seconds
2017-06-10T10:20:20.374+0200: 4,411: Total time for which application threads were stopped: 0,0001247 seconds, Stopping threads took: 0,0000408 seconds
2017-06-10T10:20:20.406+0200: 4,443: Total time for which application threads were stopped: 0,0005104 seconds, Stopping threads took: 0,0000566 seconds
2017-06-10T10:20:20.427+0200: 4,464: Total time for which application threads were stopped: 0,0004956 seconds, Stopping threads took: 0,0000512 seconds
2017-06-10T10:20:20.494+0200: 4,532: Total time for which application threads were stopped: 0,0004947 seconds, Stopping threads took: 0,0000345 seconds
2017-06-10T10:20:20.495+0200: 4,532: Total time for which application threads were stopped: 0,0001043 seconds, Stopping threads took: 0,0000347 seconds
2017-06-10T10:20:20.501+0200: 4,538: Total time for which application threads were stopped: 0,0001299 seconds, Stopping threads took: 0,0000341 seconds
2017-06-10T10:20:20.501+0200: 4,538: Total time for which application threads were stopped: 0,0000807 seconds, Stopping threads took: 0,0000184 seconds
2017-06-10T10:20:20.536+0200: 4,573: Total time for which application threads were stopped: 0,0001946 seconds, Stopping threads took: 0,0000465 seconds
2017-06-10T10:20:20.541+0200: 4,579: Total time for which application threads were stopped: 0,0048768 seconds, Stopping threads took: 0,0047535 seconds
2017-06-10T10:20:20.546+0200: 4,584: Total time for which application threads were stopped: 0,0001549 seconds, Stopping threads took: 0,0000485 seconds
2017-06-10T10:20:20.550+0200: 4,587: Total time for which application threads were stopped: 0,0002886 seconds, Stopping threads took: 0,0000404 seconds
2017-06-10T10:20:20.554+0200: 4,592: Total time for which application threads were stopped: 0,0001561 seconds, Stopping threads took: 0,0000473 seconds
2017-06-10T10:20:20.572+0200: 4,610: Total time for which application threads were stopped: 0,0002424 seconds, Stopping threads took: 0,0001086 seconds
2017-06-10T10:20:20.581+0200: 4,619: Total time for which application threads were stopped: 0,0001712 seconds, Stopping threads took: 0,0000515 seconds
2017-06-10T10:20:20.588+0200: 4,626: Total time for which application threads were stopped: 0,0001714 seconds, Stopping threads took: 0,0000845 seconds
2017-06-10T10:20:20.598+0200: 4,635: Total time for which application threads were stopped: 0,0001654 seconds, Stopping threads took: 0,0000497 seconds
2017-06-10T10:20:20.601+0200: 4,638: Total time for which application threads were stopped: 0,0001317 seconds, Stopping threads took: 0,0000416 seconds
2017-06-10T10:20:20.617+0200: 4,654: Total time for which application threads were stopped: 0,0017469 seconds, Stopping threads took: 0,0012798 seconds
2017-06-10T10:20:20.618+0200: 4,655: Total time for which application threads were stopped: 0,0001320 seconds, Stopping threads took: 0,0000394 seconds
2017-06-10T10:20:20.621+0200: 4,659: Total time for which application threads were stopped: 0,0036983 seconds, Stopping threads took: 0,0036270 seconds
2017-06-10T10:20:20.628+0200: 4,665: Total time for which application threads were stopped: 0,0001368 seconds, Stopping threads took: 0,0000535 seconds
2017-06-10T10:20:21.628+0200: 5,666: Total time for which application threads were stopped: 0,0000906 seconds, Stopping threads took: 0,0000213 seconds
2017-06-10T10:22:13.641+0200: 117,678: Total time for which application threads were stopped: 0,0000814 seconds, Stopping threads took: 0,0000332 seconds
2017-06-10T10:22:18.641+0200: 122,679: Total time for which application threads were stopped: 0,0001036 seconds, Stopping threads took: 0,0000277 seconds
{Heap before GC invocations=9 (full 1):
 par new generation   total 109248K, used 94652K [0x00000000e0000000, 0x00000000e8000000, 0x00000000e8000000)
  eden space 87424K, 100% used [0x00000000e0000000, 0x00000000e5560000, 0x00000000e5560000)
  from space 21824K,  33% used [0x00000000e6ab0000, 0x00000000e71bf1e8, 0x00000000e8000000)
  to   space 21824K,   0% used [0x00000000e5560000, 0x00000000e5560000, 0x00000000e6ab0000)
 concurrent mark-sweep generation total 393216K, used 6059K [0x00000000e8000000, 0x0000000100000000, 0x0000000100000000)
 Metaspace       used 28037K, capacity 28552K, committed 28796K, reserved 1075200K
  class space    used 3212K, capacity 3389K, committed 3452K, reserved 1048576K
2017-06-10T10:23:11.811+0200: 175,848: [GC (Allocation Failure) 2017-06-10T10:23:11.811+0200: 175,848: [ParNew
Desired survivor size 20112992 bytes, new threshold 8 (max 8)
- age   1:   11064456 bytes,   11064456 total
- age   2:     219848 bytes,   11284304 total
- age   3:     188680 bytes,   11472984 total
- age   4:    1767936 bytes,   13240920 total
- age   5:       1296 bytes,   13242216 total
- age   6:      61688 bytes,   13303904 total
- age   7:      88728 bytes,   13392632 total
- age   8:     183088 bytes,   13575720 total
: 94652K->14367K(109248K), 0,0215093 secs] 100711K->21248K(502464K), 0,0216157 secs] [Times: user=0,07 sys=0,00, real=0,02 secs] 
Heap after GC invocations=10 (full 1):
 par new generation   total 109248K, used 14367K [0x00000000e0000000, 0x00000000e8000000, 0x00000000e8000000)
  eden space 87424K,   0% used [0x00000000e0000000, 0x00000000e0000000, 0x00000000e5560000)
  from space 21824K,  65% used [0x00000000e5560000, 0x00000000e6367ea0, 0x00000000e6ab0000)
  to   space 21824K,   0% used [0x00000000e6ab0000, 0x00000000e6ab0000, 0x00000000e8000000)
 concurrent mark-sweep generation total 393216K, used 6880K [0x00000000e8000000, 0x0000000100000000, 0x0000000100000000)
 Metaspace       used 28037K, capacity 28552K, committed 28796K, reserved 1075200K
  class space    used 3212K, capacity 3389K, committed 3452K, reserved 1048576K
}
2017-06-10T10:23:11.832+0200: 175,870: Total time for which application threads were stopped: 0,0219552 seconds, Stopping threads took: 0,0001386 seconds
2017-06-10T10:23:11.833+0200: 175,871: Total time for which application threads were stopped: 0,0000683 seconds, Stopping threads took: 0,0000172 seconds
2017-06-10T10:23:11.833+0200: 175,871: Total time for which application threads were stopped: 0,0000363 seconds, Stopping threads took: 0,0000092 seconds
2017-06-10T10:23:16.834+0200: 180,871: Total time for which application threads were stopped: 0,0000621 seconds, Stopping threads took: 0,0000160 seconds
2017-06-10T10:24:51.845+0200: 275,883: Total time for which application threads were stopped: 0,0000975 seconds, Stopping threads took: 0,0000330 seconds
2017-06-10T10:25:21.849+0200: 305,887: Total time for which application threads were stopped: 0,0002128 seconds, Stopping threads took: 0,0000638 seconds
2017-06-10T10:42:48.176+0200: 1352,213: Total time for which application threads were stopped: 0,0001258 seconds, Stopping threads took: 0,0000241 seconds
2017-06-10T10:42:48.177+0200: 1352,214: Total time for which application threads were stopped: 0,0000826 seconds, Stopping threads took: 0,0000212 seconds
2017-06-10T10:42:48.185+0200: 1352,222: Total time for which application threads were stopped: 0,0001220 seconds, Stopping threads took: 0,0000384 seconds
2017-06-10T10:42:48.185+0200: 1352,222: Total time for which application threads were stopped: 0,0001041 seconds, Stopping threads took: 0,0000205 seconds
2017-06-10T10:42:48.189+0200: 1352,227: Total time for which application threads were stopped: 0,0001418 seconds, Stopping threads took: 0,0000583 seconds
2017-06-10T10:42:48.213+0200: 1352,250: Total time for which application threads were stopped: 0,0227350 seconds, Stopping threads took: 0,0226484 seconds
2017-06-10T10:42:48.214+0200: 1352,252: Total time for which application threads were stopped: 0,0001051 seconds, Stopping threads took: 0,0000299 seconds
2017-06-10T10:42:48.214+0200: 1352,252: Total time for which application threads were stopped: 0,0000623 seconds, Stopping threads took: 0,0000104 seconds
2017-06-10T10:42:48.214+0200: 1352,252: Total time for which application threads were stopped: 0,0000647 seconds, Stopping threads took: 0,0000145 seconds
2017-06-10T10:42:48.214+0200: 1352,252: Total time for which application threads were stopped: 0,0000517 seconds, Stopping threads took: 0,0000067 seconds
2017-06-10T10:42:48.214+0200: 1352,252: Total time for which application threads were stopped: 0,0000457 seconds, Stopping threads took: 0,0000053 seconds
2017-06-10T10:42:48.214+0200: 1352,252: Total time for which application threads were stopped: 0,0000476 seconds, Stopping threads took: 0,0000061 seconds
2017-06-10T10:42:48.215+0200: 1352,252: Total time for which application threads were stopped: 0,0000438 seconds, Stopping threads took: 0,0000058 seconds
2017-06-10T10:42:48.215+0200: 1352,252: Total time for which application threads were stopped: 0,0000407 seconds, Stopping threads took: 0,0000054 seconds
2017-06-10T10:42:48.215+0200: 1352,252: Total time for which application threads were stopped: 0,0000420 seconds, Stopping threads took: 0,0000054 seconds
2017-06-10T10:42:48.215+0200: 1352,252: Total time for which application threads were stopped: 0,0000456 seconds, Stopping threads took: 0,0000057 seconds
2017-06-10T10:42:48.215+0200: 1352,252: Total time for which application threads were stopped: 0,0000427 seconds, Stopping threads took: 0,0000056 seconds
2017-06-10T10:42:48.215+0200: 1352,253: Total time for which application threads were stopped: 0,0000474 seconds, Stopping threads took: 0,0000069 seconds
2017-06-10T10:42:48.215+0200: 1352,253: Total time for which application threads were stopped: 0,0000401 seconds, Stopping threads took: 0,0000056 seconds
2017-06-10T10:42:48.215+0200: 1352,253: Total time for which application threads were stopped: 0,0000400 seconds, Stopping threads took: 0,0000059 seconds
2017-06-10T10:42:48.215+0200: 1352,253: Total time for which application threads were stopped: 0,0000396 seconds, Stopping threads took: 0,0000051 seconds
2017-06-10T10:42:48.215+0200: 1352,253: Total time for which application threads were stopped: 0,0000396 seconds, Stopping threads took: 0,0000051 seconds
2017-06-10T10:42:48.215+0200: 1352,253: Total time for which application threads were stopped: 0,0000398 seconds, Stopping threads took: 0,0000048 seconds
2017-06-10T10:42:48.216+0200: 1352,253: Total time for which application threads were stopped: 0,0000408 seconds, Stopping threads took: 0,0000053 seconds
2017-06-10T10:42:48.216+0200: 1352,253: Total time for which application threads were stopped: 0,0000397 seconds, Stopping threads took: 0,0000078 seconds
2017-06-10T10:42:48.216+0200: 1352,253: Total time for which application threads were stopped: 0,0000376 seconds, Stopping threads took: 0,0000046 seconds
2017-06-10T10:42:48.216+0200: 1352,253: Total time for which application threads were stopped: 0,0000379 seconds, Stopping threads took: 0,0000051 seconds
2017-06-10T10:42:48.216+0200: 1352,254: Total time for which application threads were stopped: 0,0000520 seconds, Stopping threads took: 0,0000082 seconds
2017-06-10T10:42:48.216+0200: 1352,254: Total time for which application threads were stopped: 0,0000396 seconds, Stopping threads took: 0,0000055 seconds
2017-06-10T10:42:48.221+0200: 1352,259: Total time for which application threads were stopped: 0,0001231 seconds, Stopping threads took: 0,0000280 seconds
2017-06-10T10:42:48.243+0200: 1352,280: Total time for which application threads were stopped: 0,0001366 seconds, Stopping threads took: 0,0000665 seconds
2017-06-10T10:42:48.243+0200: 1352,280: Total time for which application threads were stopped: 0,0000769 seconds, Stopping threads took: 0,0000154 seconds
2017-06-10T10:42:48.243+0200: 1352,281: Total time for which application threads were stopped: 0,0000688 seconds, Stopping threads took: 0,0000204 seconds
2017-06-10T10:42:48.243+0200: 1352,281: Total time for which application threads were stopped: 0,0000465 seconds, Stopping threads took: 0,0000139 seconds
2017-06-10T10:42:48.244+0200: 1352,281: Total time for which application threads were stopped: 0,0000670 seconds, Stopping threads took: 0,0000135 seconds
2017-06-10T10:42:48.245+0200: 1352,283: Total time for which application threads were stopped: 0,0000924 seconds, Stopping threads took: 0,0000263 seconds
2017-06-10T10:42:48.245+0200: 1352,283: Total time for which application threads were stopped: 0,0000515 seconds, Stopping threads took: 0,0000147 seconds
2017-06-10T10:42:48.245+0200: 1352,283: Total time for which application threads were stopped: 0,0000963 seconds, Stopping threads took: 0,0000181 seconds
2017-06-10T10:42:48.247+0200: 1352,284: Total time for which application threads were stopped: 0,0000925 seconds, Stopping threads took: 0,0000292 seconds
2017-06-10T10:42:48.247+0200: 1352,284: Total time for which application threads were stopped: 0,0000642 seconds, Stopping threads took: 0,0000182 seconds
2017-06-10T10:42:48.247+0200: 1352,284: Total time for which application threads were stopped: 0,0000753 seconds, Stopping threads took: 0,0000345 seconds
2017-06-10T10:42:48.247+0200: 1352,285: Total time for which application threads were stopped: 0,0000763 seconds, Stopping threads took: 0,0000184 seconds
2017-06-10T10:42:48.247+0200: 1352,285: Total time for which application threads were stopped: 0,0000566 seconds, Stopping threads took: 0,0000187 seconds
2017-06-10T10:42:48.247+0200: 1352,285: Total time for which application threads were stopped: 0,0000613 seconds, Stopping threads took: 0,0000180 seconds
2017-06-10T10:42:48.248+0200: 1352,285: Total time for which application threads were stopped: 0,0000513 seconds, Stopping threads took: 0,0000108 seconds
2017-06-10T10:42:48.248+0200: 1352,285: Total time for which application threads were stopped: 0,0000763 seconds, Stopping threads took: 0,0000129 seconds
2017-06-10T10:42:48.248+0200: 1352,285: Total time for which application threads were stopped: 0,0000448 seconds, Stopping threads took: 0,0000123 seconds
2017-06-10T10:42:48.248+0200: 1352,285: Total time for which application threads were stopped: 0,0000698 seconds, Stopping threads took: 0,0000141 seconds
2017-06-10T10:42:48.248+0200: 1352,286: Total time for which application threads were stopped: 0,0000748 seconds, Stopping threads took: 0,0000345 seconds
2017-06-10T10:42:48.251+0200: 1352,288: Total time for which application threads were stopped: 0,0000947 seconds, Stopping threads took: 0,0000312 seconds
2017-06-10T10:42:48.251+0200: 1352,289: Total time for which application threads were stopped: 0,0000859 seconds, Stopping threads took: 0,0000183 seconds
2017-06-10T10:42:48.252+0200: 1352,289: Total time for which application threads were stopped: 0,0001001 seconds, Stopping threads took: 0,0000292 seconds
2017-06-10T10:42:48.252+0200: 1352,290: Total time for which application threads were stopped: 0,0000514 seconds, Stopping threads took: 0,0000137 seconds
2017-06-10T10:42:48.252+0200: 1352,290: Total time for which application threads were stopped: 0,0000418 seconds, Stopping threads took: 0,0000120 seconds
2017-06-10T10:42:48.252+0200: 1352,290: Total time for which application threads were stopped: 0,0000639 seconds, Stopping threads took: 0,0000216 seconds
2017-06-10T10:42:48.252+0200: 1352,290: Total time for which application threads were stopped: 0,0000501 seconds, Stopping threads took: 0,0000160 seconds
2017-06-10T10:42:48.253+0200: 1352,290: Total time for which application threads were stopped: 0,0000480 seconds, Stopping threads took: 0,0000156 seconds
2017-06-10T10:42:48.253+0200: 1352,290: Total time for which application threads were stopped: 0,0000360 seconds, Stopping threads took: 0,0000051 seconds
2017-06-10T10:42:48.253+0200: 1352,290: Total time for which application threads were stopped: 0,0000441 seconds, Stopping threads took: 0,0000123 seconds
2017-06-10T10:42:48.253+0200: 1352,290: Total time for which application threads were stopped: 0,0000398 seconds, Stopping threads took: 0,0000118 seconds
2017-06-10T10:42:48.253+0200: 1352,291: Total time for which application threads were stopped: 0,0000578 seconds, Stopping threads took: 0,0000200 seconds
2017-06-10T10:42:48.253+0200: 1352,291: Total time for which application threads were stopped: 0,0000459 seconds, Stopping threads took: 0,0000121 seconds
2017-06-10T10:42:48.253+0200: 1352,291: Total time for which application threads were stopped: 0,0000432 seconds, Stopping threads took: 0,0000132 seconds
2017-06-10T10:42:48.254+0200: 1352,291: Total time for which application threads were stopped: 0,0000578 seconds, Stopping threads took: 0,0000180 seconds
2017-06-10T10:42:48.254+0200: 1352,291: Total time for which application threads were stopped: 0,0000417 seconds, Stopping threads took: 0,0000118 seconds
2017-06-10T10:42:48.254+0200: 1352,292: Total time for which application threads were stopped: 0,0000420 seconds, Stopping threads took: 0,0000115 seconds
2017-06-10T10:42:48.254+0200: 1352,292: Total time for which application threads were stopped: 0,0000410 seconds, Stopping threads took: 0,0000117 seconds
2017-06-10T10:42:48.254+0200: 1352,292: Total time for which application threads were stopped: 0,0000374 seconds, Stopping threads took: 0,0000103 seconds
2017-06-10T10:42:48.254+0200: 1352,292: Total time for which application threads were stopped: 0,0000506 seconds, Stopping threads took: 0,0000164 seconds
2017-06-10T10:42:48.254+0200: 1352,292: Total time for which application threads were stopped: 0,0000434 seconds, Stopping threads took: 0,0000141 seconds
2017-06-10T10:42:48.254+0200: 1352,292: Total time for which application threads were stopped: 0,0000428 seconds, Stopping threads took: 0,0000111 seconds
2017-06-10T10:42:48.254+0200: 1352,292: Total time for which application threads were stopped: 0,0000411 seconds, Stopping threads took: 0,0000114 seconds
2017-06-10T10:42:48.255+0200: 1352,292: Total time for which application threads were stopped: 0,0000411 seconds, Stopping threads took: 0,0000114 seconds
2017-06-10T10:42:48.255+0200: 1352,292: Total time for which application threads were stopped: 0,0000400 seconds, Stopping threads took: 0,0000120 seconds
2017-06-10T10:42:48.255+0200: 1352,292: Total time for which application threads were stopped: 0,0000420 seconds, Stopping threads took: 0,0000115 seconds
2017-06-10T10:42:48.255+0200: 1352,292: Total time for which application threads were stopped: 0,0000409 seconds, Stopping threads took: 0,0000114 seconds
2017-06-10T10:42:48.255+0200: 1352,293: Total time for which application threads were stopped: 0,0000574 seconds, Stopping threads took: 0,0000177 seconds
2017-06-10T10:42:48.255+0200: 1352,293: Total time for which application threads were stopped: 0,0000457 seconds, Stopping threads took: 0,0000124 seconds
2017-06-10T10:42:48.255+0200: 1352,293: Total time for which application threads were stopped: 0,0001676 seconds, Stopping threads took: 0,0000118 seconds
2017-06-10T10:42:48.259+0200: 1352,297: Total time for which application threads were stopped: 0,0008268 seconds, Stopping threads took: 0,0007174 seconds
2017-06-10T10:42:48.261+0200: 1352,298: Total time for which application threads were stopped: 0,0000797 seconds, Stopping threads took: 0,0000201 seconds
2017-06-10T10:42:48.261+0200: 1352,298: Total time for which application threads were stopped: 0,0000421 seconds, Stopping threads took: 0,0000122 seconds
2017-06-10T10:42:48.261+0200: 1352,298: Total time for which application threads were stopped: 0,0000421 seconds, Stopping threads took: 0,0000113 seconds
2017-06-10T10:42:48.262+0200: 1352,299: Total time for which application threads were stopped: 0,0000928 seconds, Stopping threads took: 0,0000271 seconds
2017-06-10T10:42:48.262+0200: 1352,299: Total time for which application threads were stopped: 0,0000854 seconds, Stopping threads took: 0,0000163 seconds
Heap
 par new generation   total 109248K, used 33567K [0x00000000e0000000, 0x00000000e8000000, 0x00000000e8000000)
  eden space 87424K,  21% used [0x00000000e0000000, 0x00000000e12c0108, 0x00000000e5560000)
  from space 21824K,  65% used [0x00000000e5560000, 0x00000000e6367ea0, 0x00000000e6ab0000)
  to   space 21824K,   0% used [0x00000000e6ab0000, 0x00000000e6ab0000, 0x00000000e8000000)
 concurrent mark-sweep generation total 393216K, used 6880K [0x00000000e8000000, 0x0000000100000000, 0x0000000100000000)
 Metaspace       used 28146K, capacity 28720K, committed 29052K, reserved 1075200K
  class space    used 3226K, capacity 3423K, committed 3452K, reserved 1048576K
