OpenJDK 64-Bit Server VM (25.131-b11) for linux-amd64 JRE (1.8.0_131-8u131-b11-2ubuntu1.16.04.3-b11), built on Jul 28 2017 01:23:32 by "buildd" with gcc 5.4.0 20160609
Memory: 4k page, physical 7867732k(7479916k free), swap 8076284k(8076284k free)
CommandLine flags: -XX:CMSInitiatingOccupancyFraction=50 -XX:CMSMaxAbortablePrecleanTime=6000 -XX:+CMSParallelRemarkEnabled -XX:+CMSScavengeBeforeRemark -XX:ConcGCThreads=4 -XX:InitialHeapSize=536870912 -XX:MaxHeapSize=536870912 -XX:MaxTenuringThreshold=8 -XX:NewRatio=3 -XX:OldPLABSize=16 -XX:OnOutOfMemoryError=/opt/solr/bin/oom_solr.sh 8983 /var/solr/logs -XX:ParallelGCThreads=4 -XX:+ParallelRefProcEnabled -XX:PretenureSizeThreshold=67108864 -XX:+PrintGC -XX:+PrintGCApplicationStoppedTime -XX:+PrintGCDateStamps -XX:+PrintGCDetails -XX:+PrintGCTimeStamps -XX:+PrintHeapAtGC -XX:+PrintTenuringDistribution -XX:SurvivorRatio=4 -XX:TargetSurvivorRatio=90 -XX:ThreadStackSize=256 -XX:+UseCMSInitiatingOccupancyOnly -XX:+UseCompressedClassPointers -XX:+UseCompressedOops -XX:+UseConcMarkSweepGC -XX:+UseParNewGC 
2017-08-09T13:31:23.775+0200: 0,210: Total time for which application threads were stopped: 0,0000729 seconds, Stopping threads took: 0,0000100 seconds
2017-08-09T13:31:23.878+0200: 0,313: Total time for which application threads were stopped: 0,0001192 seconds, Stopping threads took: 0,0000185 seconds
2017-08-09T13:31:23.894+0200: 0,329: Total time for which application threads were stopped: 0,0000847 seconds, Stopping threads took: 0,0000156 seconds
2017-08-09T13:31:24.253+0200: 0,688: Total time for which application threads were stopped: 0,0001545 seconds, Stopping threads took: 0,0000237 seconds
2017-08-09T13:31:24.752+0200: 1,187: Total time for which application threads were stopped: 0,0002050 seconds, Stopping threads took: 0,0000258 seconds
2017-08-09T13:31:24.826+0200: 1,261: Total time for which application threads were stopped: 0,0001731 seconds, Stopping threads took: 0,0000263 seconds
2017-08-09T13:31:24.850+0200: 1,285: Total time for which application threads were stopped: 0,0001782 seconds, Stopping threads took: 0,0000186 seconds
2017-08-09T13:31:25.128+0200: 1,563: Total time for which application threads were stopped: 0,0001647 seconds, Stopping threads took: 0,0000227 seconds
2017-08-09T13:31:25.383+0200: 1,817: Total time for which application threads were stopped: 0,0001895 seconds, Stopping threads took: 0,0000119 seconds
2017-08-09T13:31:25.404+0200: 1,839: Total time for which application threads were stopped: 0,0002010 seconds, Stopping threads took: 0,0000198 seconds
2017-08-09T13:31:25.442+0200: 1,877: Total time for which application threads were stopped: 0,0007779 seconds, Stopping threads took: 0,0001089 seconds
2017-08-09T13:31:25.445+0200: 1,880: Total time for which application threads were stopped: 0,0003949 seconds, Stopping threads took: 0,0000560 seconds
2017-08-09T13:31:25.470+0200: 1,905: Total time for which application threads were stopped: 0,0001837 seconds, Stopping threads took: 0,0000202 seconds
2017-08-09T13:31:25.547+0200: 1,982: Total time for which application threads were stopped: 0,0002534 seconds, Stopping threads took: 0,0000345 seconds
2017-08-09T13:31:25.715+0200: 2,150: Total time for which application threads were stopped: 0,0002800 seconds, Stopping threads took: 0,0000673 seconds
{Heap before GC invocations=0 (full 0):
 par new generation   total 109248K, used 87424K [0x00000000e0000000, 0x00000000e8000000, 0x00000000e8000000)
  eden space 87424K, 100% used [0x00000000e0000000, 0x00000000e5560000, 0x00000000e5560000)
  from space 21824K,   0% used [0x00000000e5560000, 0x00000000e5560000, 0x00000000e6ab0000)
  to   space 21824K,   0% used [0x00000000e6ab0000, 0x00000000e6ab0000, 0x00000000e8000000)
 concurrent mark-sweep generation total 393216K, used 0K [0x00000000e8000000, 0x0000000100000000, 0x0000000100000000)
 Metaspace       used 17798K, capacity 18112K, committed 18304K, reserved 1064960K
  class space    used 2025K, capacity 2164K, committed 2176K, reserved 1048576K
2017-08-09T13:31:25.743+0200: 2,178: [GC (Allocation Failure) 2017-08-09T13:31:25.743+0200: 2,178: [ParNew
Desired survivor size 20112992 bytes, new threshold 8 (max 8)
- age   1:   11545560 bytes,   11545560 total
: 87424K->11375K(109248K), 0,0155107 secs] 87424K->11375K(502464K), 0,0155908 secs] [Times: user=0,05 sys=0,00, real=0,02 secs] 
Heap after GC invocations=1 (full 0):
 par new generation   total 109248K, used 11375K [0x00000000e0000000, 0x00000000e8000000, 0x00000000e8000000)
  eden space 87424K,   0% used [0x00000000e0000000, 0x00000000e0000000, 0x00000000e5560000)
  from space 21824K,  52% used [0x00000000e6ab0000, 0x00000000e75cbc48, 0x00000000e8000000)
  to   space 21824K,   0% used [0x00000000e5560000, 0x00000000e5560000, 0x00000000e6ab0000)
 concurrent mark-sweep generation total 393216K, used 0K [0x00000000e8000000, 0x0000000100000000, 0x0000000100000000)
 Metaspace       used 17798K, capacity 18112K, committed 18304K, reserved 1064960K
  class space    used 2025K, capacity 2164K, committed 2176K, reserved 1048576K
}
2017-08-09T13:31:25.759+0200: 2,194: Total time for which application threads were stopped: 0,0158253 seconds, Stopping threads took: 0,0001020 seconds
2017-08-09T13:31:26.190+0200: 2,625: Total time for which application threads were stopped: 0,0004432 seconds, Stopping threads took: 0,0001060 seconds
{Heap before GC invocations=1 (full 0):
 par new generation   total 109248K, used 98799K [0x00000000e0000000, 0x00000000e8000000, 0x00000000e8000000)
  eden space 87424K, 100% used [0x00000000e0000000, 0x00000000e5560000, 0x00000000e5560000)
  from space 21824K,  52% used [0x00000000e6ab0000, 0x00000000e75cbc48, 0x00000000e8000000)
  to   space 21824K,   0% used [0x00000000e5560000, 0x00000000e5560000, 0x00000000e6ab0000)
 concurrent mark-sweep generation total 393216K, used 0K [0x00000000e8000000, 0x0000000100000000, 0x0000000100000000)
 Metaspace       used 20030K, capacity 20374K, committed 20736K, reserved 1067008K
  class space    used 2297K, capacity 2473K, committed 2560K, reserved 1048576K
2017-08-09T13:31:26.239+0200: 2,674: [GC (Allocation Failure) 2017-08-09T13:31:26.239+0200: 2,674: [ParNew
Desired survivor size 20112992 bytes, new threshold 8 (max 8)
- age   1:    4250840 bytes,    4250840 total
- age   2:    6125352 bytes,   10376192 total
: 98799K->12704K(109248K), 0,0171889 secs] 98799K->12704K(502464K), 0,0172633 secs] [Times: user=0,06 sys=0,00, real=0,01 secs] 
Heap after GC invocations=2 (full 0):
 par new generation   total 109248K, used 12704K [0x00000000e0000000, 0x00000000e8000000, 0x00000000e8000000)
  eden space 87424K,   0% used [0x00000000e0000000, 0x00000000e0000000, 0x00000000e5560000)
  from space 21824K,  58% used [0x00000000e5560000, 0x00000000e61c82b0, 0x00000000e6ab0000)
  to   space 21824K,   0% used [0x00000000e6ab0000, 0x00000000e6ab0000, 0x00000000e8000000)
 concurrent mark-sweep generation total 393216K, used 0K [0x00000000e8000000, 0x0000000100000000, 0x0000000100000000)
 Metaspace       used 20030K, capacity 20374K, committed 20736K, reserved 1067008K
  class space    used 2297K, capacity 2473K, committed 2560K, reserved 1048576K
}
2017-08-09T13:31:26.257+0200: 2,692: Total time for which application threads were stopped: 0,0174997 seconds, Stopping threads took: 0,0000670 seconds
2017-08-09T13:31:26.263+0200: 2,698: Total time for which application threads were stopped: 0,0003503 seconds, Stopping threads took: 0,0000701 seconds
2017-08-09T13:31:26.300+0200: 2,735: Total time for which application threads were stopped: 0,0003557 seconds, Stopping threads took: 0,0000363 seconds
2017-08-09T13:31:26.430+0200: 2,865: Total time for which application threads were stopped: 0,0002052 seconds, Stopping threads took: 0,0000398 seconds
{Heap before GC invocations=2 (full 0):
 par new generation   total 109248K, used 100128K [0x00000000e0000000, 0x00000000e8000000, 0x00000000e8000000)
  eden space 87424K, 100% used [0x00000000e0000000, 0x00000000e5560000, 0x00000000e5560000)
  from space 21824K,  58% used [0x00000000e5560000, 0x00000000e61c82b0, 0x00000000e6ab0000)
  to   space 21824K,   0% used [0x00000000e6ab0000, 0x00000000e6ab0000, 0x00000000e8000000)
 concurrent mark-sweep generation total 393216K, used 0K [0x00000000e8000000, 0x0000000100000000, 0x0000000100000000)
 Metaspace       used 20967K, capacity 21296K, committed 21628K, reserved 1069056K
  class space    used 2421K, capacity 2592K, committed 2684K, reserved 1048576K
2017-08-09T13:31:26.467+0200: 2,902: [GC (Allocation Failure) 2017-08-09T13:31:26.467+0200: 2,902: [ParNew
Desired survivor size 20112992 bytes, new threshold 8 (max 8)
- age   1:    2198000 bytes,    2198000 total
- age   2:    1390248 bytes,    3588248 total
- age   3:    6122696 bytes,    9710944 total
: 100128K->16474K(109248K), 0,0127377 secs] 100128K->16474K(502464K), 0,0128133 secs] [Times: user=0,04 sys=0,00, real=0,01 secs] 
Heap after GC invocations=3 (full 0):
 par new generation   total 109248K, used 16474K [0x00000000e0000000, 0x00000000e8000000, 0x00000000e8000000)
  eden space 87424K,   0% used [0x00000000e0000000, 0x00000000e0000000, 0x00000000e5560000)
  from space 21824K,  75% used [0x00000000e6ab0000, 0x00000000e7ac69c8, 0x00000000e8000000)
  to   space 21824K,   0% used [0x00000000e5560000, 0x00000000e5560000, 0x00000000e6ab0000)
 concurrent mark-sweep generation total 393216K, used 0K [0x00000000e8000000, 0x0000000100000000, 0x0000000100000000)
 Metaspace       used 20967K, capacity 21296K, committed 21628K, reserved 1069056K
  class space    used 2421K, capacity 2592K, committed 2684K, reserved 1048576K
}
2017-08-09T13:31:26.480+0200: 2,915: Total time for which application threads were stopped: 0,0147827 seconds, Stopping threads took: 0,0018414 seconds
2017-08-09T13:31:26.481+0200: 2,916: [GC (CMS Initial Mark) [1 CMS-initial-mark: 0K(393216K)] 17225K(502464K), 0,0047906 secs] [Times: user=0,01 sys=0,00, real=0,01 secs] 
2017-08-09T13:31:26.486+0200: 2,921: Total time for which application threads were stopped: 0,0058952 seconds, Stopping threads took: 0,0010144 seconds
2017-08-09T13:31:26.486+0200: 2,921: [CMS-concurrent-mark-start]
2017-08-09T13:31:26.486+0200: 2,921: [CMS-concurrent-mark: 0,000/0,000 secs] [Times: user=0,00 sys=0,00, real=0,00 secs] 
2017-08-09T13:31:26.486+0200: 2,921: [CMS-concurrent-preclean-start]
2017-08-09T13:31:26.487+0200: 2,922: [CMS-concurrent-preclean: 0,001/0,001 secs] [Times: user=0,01 sys=0,00, real=0,00 secs] 
2017-08-09T13:31:26.487+0200: 2,922: [CMS-concurrent-abortable-preclean-start]
{Heap before GC invocations=3 (full 1):
 par new generation   total 109248K, used 103898K [0x00000000e0000000, 0x00000000e8000000, 0x00000000e8000000)
  eden space 87424K, 100% used [0x00000000e0000000, 0x00000000e5560000, 0x00000000e5560000)
  from space 21824K,  75% used [0x00000000e6ab0000, 0x00000000e7ac69c8, 0x00000000e8000000)
  to   space 21824K,   0% used [0x00000000e5560000, 0x00000000e5560000, 0x00000000e6ab0000)
 concurrent mark-sweep generation total 393216K, used 0K [0x00000000e8000000, 0x0000000100000000, 0x0000000100000000)
 Metaspace       used 21227K, capacity 21538K, committed 21628K, reserved 1069056K
  class space    used 2449K, capacity 2602K, committed 2684K, reserved 1048576K
2017-08-09T13:31:26.593+0200: 3,028: [GC (Allocation Failure) 2017-08-09T13:31:26.593+0200: 3,028: [ParNew
Desired survivor size 20112992 bytes, new threshold 8 (max 8)
- age   1:    1142848 bytes,    1142848 total
- age   2:    1482368 bytes,    2625216 total
- age   3:    1357296 bytes,    3982512 total
- age   4:    6122672 bytes,   10105184 total
: 103898K->12991K(109248K), 0,0194807 secs] 103898K->12991K(502464K), 0,0195623 secs] [Times: user=0,06 sys=0,00, real=0,02 secs] 
Heap after GC invocations=4 (full 1):
 par new generation   total 109248K, used 12991K [0x00000000e0000000, 0x00000000e8000000, 0x00000000e8000000)
  eden space 87424K,   0% used [0x00000000e0000000, 0x00000000e0000000, 0x00000000e5560000)
  from space 21824K,  59% used [0x00000000e5560000, 0x00000000e620ff70, 0x00000000e6ab0000)
  to   space 21824K,   0% used [0x00000000e6ab0000, 0x00000000e6ab0000, 0x00000000e8000000)
 concurrent mark-sweep generation total 393216K, used 0K [0x00000000e8000000, 0x0000000100000000, 0x0000000100000000)
 Metaspace       used 21227K, capacity 21538K, committed 21628K, reserved 1069056K
  class space    used 2449K, capacity 2602K, committed 2684K, reserved 1048576K
}
2017-08-09T13:31:26.612+0200: 3,047: Total time for which application threads were stopped: 0,0197822 seconds, Stopping threads took: 0,0000627 seconds
2017-08-09T13:31:26.612+0200: 3,047: [CMS-concurrent-abortable-preclean: 0,072/0,125 secs] [Times: user=0,48 sys=0,00, real=0,12 secs] 
2017-08-09T13:31:26.616+0200: 3,051: [GC (CMS Final Remark) [YG occupancy: 16424 K (109248 K)]{Heap before GC invocations=4 (full 1):
 par new generation   total 109248K, used 16424K [0x00000000e0000000, 0x00000000e8000000, 0x00000000e8000000)
  eden space 87424K,   3% used [0x00000000e0000000, 0x00000000e035a2c0, 0x00000000e5560000)
  from space 21824K,  59% used [0x00000000e5560000, 0x00000000e620ff70, 0x00000000e6ab0000)
  to   space 21824K,   0% used [0x00000000e6ab0000, 0x00000000e6ab0000, 0x00000000e8000000)
 concurrent mark-sweep generation total 393216K, used 0K [0x00000000e8000000, 0x0000000100000000, 0x0000000100000000)
 Metaspace       used 21246K, capacity 21548K, committed 21628K, reserved 1069056K
  class space    used 2451K, capacity 2604K, committed 2684K, reserved 1048576K
2017-08-09T13:31:26.616+0200: 3,051: [GC (CMS Final Remark) 2017-08-09T13:31:26.616+0200: 3,051: [ParNew
Desired survivor size 20112992 bytes, new threshold 8 (max 8)
- age   1:     177200 bytes,     177200 total
- age   2:     635992 bytes,     813192 total
- age   3:    1482368 bytes,    2295560 total
- age   4:    1357280 bytes,    3652840 total
- age   5:    6122616 bytes,    9775456 total
: 16424K->10983K(109248K), 0,0148752 secs] 16424K->10983K(502464K), 0,0149182 secs] [Times: user=0,04 sys=0,00, real=0,02 secs] 
Heap after GC invocations=5 (full 1):
 par new generation   total 109248K, used 10983K [0x00000000e0000000, 0x00000000e8000000, 0x00000000e8000000)
  eden space 87424K,   0% used [0x00000000e0000000, 0x00000000e0000000, 0x00000000e5560000)
  from space 21824K,  50% used [0x00000000e6ab0000, 0x00000000e7569f30, 0x00000000e8000000)
  to   space 21824K,   0% used [0x00000000e5560000, 0x00000000e5560000, 0x00000000e6ab0000)
 concurrent mark-sweep generation total 393216K, used 0K [0x00000000e8000000, 0x0000000100000000, 0x0000000100000000)
 Metaspace       used 21246K, capacity 21548K, committed 21628K, reserved 1069056K
  class space    used 2451K, capacity 2604K, committed 2684K, reserved 1048576K
}
2017-08-09T13:31:26.631+0200: 3,066: [Rescan (parallel) , 0,0044353 secs]2017-08-09T13:31:26.635+0200: 3,070: [weak refs processing, 0,0006055 secs]2017-08-09T13:31:26.636+0200: 3,071: [class unloading, 0,0028173 secs]2017-08-09T13:31:26.639+0200: 3,074: [scrub symbol table, 0,0033550 secs]2017-08-09T13:31:26.642+0200: 3,077: [scrub string table, 0,0004022 secs][1 CMS-remark: 0K(393216K)] 10983K(502464K), 0,0271859 secs] [Times: user=0,07 sys=0,00, real=0,03 secs] 
2017-08-09T13:31:26.643+0200: 3,078: Total time for which application threads were stopped: 0,0273039 seconds, Stopping threads took: 0,0000433 seconds
2017-08-09T13:31:26.643+0200: 3,078: [CMS-concurrent-sweep-start]
2017-08-09T13:31:26.643+0200: 3,078: [CMS-concurrent-sweep: 0,000/0,000 secs] [Times: user=0,00 sys=0,00, real=0,00 secs] 
2017-08-09T13:31:26.643+0200: 3,078: [CMS-concurrent-reset-start]
2017-08-09T13:31:26.645+0200: 3,080: [CMS-concurrent-reset: 0,002/0,002 secs] [Times: user=0,01 sys=0,00, real=0,01 secs] 
{Heap before GC invocations=5 (full 1):
 par new generation   total 109248K, used 98407K [0x00000000e0000000, 0x00000000e8000000, 0x00000000e8000000)
  eden space 87424K, 100% used [0x00000000e0000000, 0x00000000e5560000, 0x00000000e5560000)
  from space 21824K,  50% used [0x00000000e6ab0000, 0x00000000e7569f30, 0x00000000e8000000)
  to   space 21824K,   0% used [0x00000000e5560000, 0x00000000e5560000, 0x00000000e6ab0000)
 concurrent mark-sweep generation total 393216K, used 0K [0x00000000e8000000, 0x0000000100000000, 0x0000000100000000)
 Metaspace       used 21437K, capacity 21804K, committed 21884K, reserved 1069056K
  class space    used 2477K, capacity 2642K, committed 2684K, reserved 1048576K
2017-08-09T13:31:26.752+0200: 3,187: [GC (Allocation Failure) 2017-08-09T13:31:26.752+0200: 3,187: [ParNew
Desired survivor size 20112992 bytes, new threshold 8 (max 8)
- age   1:     629096 bytes,     629096 total
- age   2:       6000 bytes,     635096 total
- age   3:     156752 bytes,     791848 total
- age   4:    1481544 bytes,    2273392 total
- age   5:    1355344 bytes,    3628736 total
- age   6:    6122712 bytes,    9751448 total
: 98407K->14665K(109248K), 0,0108624 secs] 98407K->14665K(502464K), 0,0109358 secs] [Times: user=0,03 sys=0,00, real=0,01 secs] 
Heap after GC invocations=6 (full 1):
 par new generation   total 109248K, used 14665K [0x00000000e0000000, 0x00000000e8000000, 0x00000000e8000000)
  eden space 87424K,   0% used [0x00000000e0000000, 0x00000000e0000000, 0x00000000e5560000)
  from space 21824K,  67% used [0x00000000e5560000, 0x00000000e63b2550, 0x00000000e6ab0000)
  to   space 21824K,   0% used [0x00000000e6ab0000, 0x00000000e6ab0000, 0x00000000e8000000)
 concurrent mark-sweep generation total 393216K, used 0K [0x00000000e8000000, 0x0000000100000000, 0x0000000100000000)
 Metaspace       used 21437K, capacity 21804K, committed 21884K, reserved 1069056K
  class space    used 2477K, capacity 2642K, committed 2684K, reserved 1048576K
}
2017-08-09T13:31:26.763+0200: 3,198: Total time for which application threads were stopped: 0,0118471 seconds, Stopping threads took: 0,0007783 seconds
2017-08-09T13:31:26.793+0200: 3,228: Total time for which application threads were stopped: 0,0047441 seconds, Stopping threads took: 0,0044432 seconds
2017-08-09T13:31:27.063+0200: 3,498: Total time for which application threads were stopped: 0,0005102 seconds, Stopping threads took: 0,0000456 seconds
2017-08-09T13:31:27.081+0200: 3,516: Total time for which application threads were stopped: 0,0004913 seconds, Stopping threads took: 0,0000575 seconds
{Heap before GC invocations=6 (full 1):
 par new generation   total 109248K, used 102089K [0x00000000e0000000, 0x00000000e8000000, 0x00000000e8000000)
  eden space 87424K, 100% used [0x00000000e0000000, 0x00000000e5560000, 0x00000000e5560000)
  from space 21824K,  67% used [0x00000000e5560000, 0x00000000e63b2550, 0x00000000e6ab0000)
  to   space 21824K,   0% used [0x00000000e6ab0000, 0x00000000e6ab0000, 0x00000000e8000000)
 concurrent mark-sweep generation total 393216K, used 0K [0x00000000e8000000, 0x0000000100000000, 0x0000000100000000)
 Metaspace       used 24077K, capacity 24536K, committed 24828K, reserved 1071104K
  class space    used 2840K, capacity 3018K, committed 3068K, reserved 1048576K
2017-08-09T13:31:27.218+0200: 3,653: [GC (Allocation Failure) 2017-08-09T13:31:27.218+0200: 3,653: [ParNew
Desired survivor size 20112992 bytes, new threshold 8 (max 8)
- age   1:    5562280 bytes,    5562280 total
- age   2:     161888 bytes,    5724168 total
- age   3:       6000 bytes,    5730168 total
- age   4:     155576 bytes,    5885744 total
- age   5:     312248 bytes,    6197992 total
- age   6:    1328896 bytes,    7526888 total
- age   7:    6114488 bytes,   13641376 total
: 102089K->15665K(109248K), 0,0159975 secs] 102089K->15665K(502464K), 0,0160705 secs] [Times: user=0,04 sys=0,00, real=0,01 secs] 
Heap after GC invocations=7 (full 1):
 par new generation   total 109248K, used 15665K [0x00000000e0000000, 0x00000000e8000000, 0x00000000e8000000)
  eden space 87424K,   0% used [0x00000000e0000000, 0x00000000e0000000, 0x00000000e5560000)
  from space 21824K,  71% used [0x00000000e6ab0000, 0x00000000e79fc410, 0x00000000e8000000)
  to   space 21824K,   0% used [0x00000000e5560000, 0x00000000e5560000, 0x00000000e6ab0000)
 concurrent mark-sweep generation total 393216K, used 0K [0x00000000e8000000, 0x0000000100000000, 0x0000000100000000)
 Metaspace       used 24077K, capacity 24536K, committed 24828K, reserved 1071104K
  class space    used 2840K, capacity 3018K, committed 3068K, reserved 1048576K
}
2017-08-09T13:31:27.234+0200: 3,669: Total time for which application threads were stopped: 0,0163850 seconds, Stopping threads took: 0,0000949 seconds
{Heap before GC invocations=7 (full 1):
 par new generation   total 109248K, used 103089K [0x00000000e0000000, 0x00000000e8000000, 0x00000000e8000000)
  eden space 87424K, 100% used [0x00000000e0000000, 0x00000000e5560000, 0x00000000e5560000)
  from space 21824K,  71% used [0x00000000e6ab0000, 0x00000000e79fc410, 0x00000000e8000000)
  to   space 21824K,   0% used [0x00000000e5560000, 0x00000000e5560000, 0x00000000e6ab0000)
 concurrent mark-sweep generation total 393216K, used 0K [0x00000000e8000000, 0x0000000100000000, 0x0000000100000000)
 Metaspace       used 24493K, capacity 25022K, committed 25084K, reserved 1071104K
  class space    used 2870K, capacity 3051K, committed 3068K, reserved 1048576K
2017-08-09T13:31:27.343+0200: 3,778: [GC (Allocation Failure) 2017-08-09T13:31:27.343+0200: 3,778: [ParNew
Desired survivor size 20112992 bytes, new threshold 8 (max 8)
- age   1:    1791112 bytes,    1791112 total
- age   2:    1811392 bytes,    3602504 total
- age   3:      83096 bytes,    3685600 total
- age   4:       5248 bytes,    3690848 total
- age   5:      75712 bytes,    3766560 total
- age   6:     191560 bytes,    3958120 total
- age   7:     949088 bytes,    4907208 total
- age   8:    5941880 bytes,   10849088 total
: 103089K->13887K(109248K), 0,0100969 secs] 103089K->13887K(502464K), 0,0101706 secs] [Times: user=0,04 sys=0,00, real=0,01 secs] 
Heap after GC invocations=8 (full 1):
 par new generation   total 109248K, used 13887K [0x00000000e0000000, 0x00000000e8000000, 0x00000000e8000000)
  eden space 87424K,   0% used [0x00000000e0000000, 0x00000000e0000000, 0x00000000e5560000)
  from space 21824K,  63% used [0x00000000e5560000, 0x00000000e62eff18, 0x00000000e6ab0000)
  to   space 21824K,   0% used [0x00000000e6ab0000, 0x00000000e6ab0000, 0x00000000e8000000)
 concurrent mark-sweep generation total 393216K, used 0K [0x00000000e8000000, 0x0000000100000000, 0x0000000100000000)
 Metaspace       used 24493K, capacity 25022K, committed 25084K, reserved 1071104K
  class space    used 2870K, capacity 3051K, committed 3068K, reserved 1048576K
}
2017-08-09T13:31:27.353+0200: 3,788: Total time for which application threads were stopped: 0,0108481 seconds, Stopping threads took: 0,0004849 seconds
{Heap before GC invocations=8 (full 1):
 par new generation   total 109248K, used 101311K [0x00000000e0000000, 0x00000000e8000000, 0x00000000e8000000)
  eden space 87424K, 100% used [0x00000000e0000000, 0x00000000e5560000, 0x00000000e5560000)
  from space 21824K,  63% used [0x00000000e5560000, 0x00000000e62eff18, 0x00000000e6ab0000)
  to   space 21824K,   0% used [0x00000000e6ab0000, 0x00000000e6ab0000, 0x00000000e8000000)
 concurrent mark-sweep generation total 393216K, used 0K [0x00000000e8000000, 0x0000000100000000, 0x0000000100000000)
 Metaspace       used 24814K, capacity 25272K, committed 25468K, reserved 1071104K
  class space    used 2902K, capacity 3088K, committed 3196K, reserved 1048576K
2017-08-09T13:31:27.433+0200: 3,868: [GC (Allocation Failure) 2017-08-09T13:31:27.433+0200: 3,868: [ParNew
Desired survivor size 20112992 bytes, new threshold 8 (max 8)
- age   1:    1339664 bytes,    1339664 total
- age   2:    1009480 bytes,    2349144 total
- age   3:    1788736 bytes,    4137880 total
- age   4:      83096 bytes,    4220976 total
- age   5:       5248 bytes,    4226224 total
- age   6:      75608 bytes,    4301832 total
- age   7:     191560 bytes,    4493392 total
- age   8:     949088 bytes,    5442480 total
: 101311K->8438K(109248K), 0,0274307 secs] 101311K->14323K(502464K), 0,0274900 secs] [Times: user=0,09 sys=0,00, real=0,03 secs] 
Heap after GC invocations=9 (full 1):
 par new generation   total 109248K, used 8438K [0x00000000e0000000, 0x00000000e8000000, 0x00000000e8000000)
  eden space 87424K,   0% used [0x00000000e0000000, 0x00000000e0000000, 0x00000000e5560000)
  from space 21824K,  38% used [0x00000000e6ab0000, 0x00000000e72ed920, 0x00000000e8000000)
  to   space 21824K,   0% used [0x00000000e5560000, 0x00000000e5560000, 0x00000000e6ab0000)
 concurrent mark-sweep generation total 393216K, used 5884K [0x00000000e8000000, 0x0000000100000000, 0x0000000100000000)
 Metaspace       used 24814K, capacity 25272K, committed 25468K, reserved 1071104K
  class space    used 2902K, capacity 3088K, committed 3196K, reserved 1048576K
}
2017-08-09T13:31:27.460+0200: 3,895: Total time for which application threads were stopped: 0,0309475 seconds, Stopping threads took: 0,0033216 seconds
2017-08-09T13:31:27.629+0200: 4,064: Total time for which application threads were stopped: 0,0021742 seconds, Stopping threads took: 0,0016673 seconds
2017-08-09T13:31:27.632+0200: 4,067: Total time for which application threads were stopped: 0,0004484 seconds, Stopping threads took: 0,0000269 seconds
2017-08-09T13:31:27.664+0200: 4,099: Total time for which application threads were stopped: 0,0001729 seconds, Stopping threads took: 0,0000595 seconds
2017-08-09T13:31:27.674+0200: 4,109: Total time for which application threads were stopped: 0,0003142 seconds, Stopping threads took: 0,0002320 seconds
2017-08-09T13:31:27.676+0200: 4,111: Total time for which application threads were stopped: 0,0001342 seconds, Stopping threads took: 0,0000363 seconds
2017-08-09T13:31:27.676+0200: 4,111: Total time for which application threads were stopped: 0,0001147 seconds, Stopping threads took: 0,0000301 seconds
2017-08-09T13:31:27.678+0200: 4,113: Total time for which application threads were stopped: 0,0001126 seconds, Stopping threads took: 0,0000179 seconds
2017-08-09T13:31:27.681+0200: 4,116: Total time for which application threads were stopped: 0,0001344 seconds, Stopping threads took: 0,0000235 seconds
2017-08-09T13:31:27.686+0200: 4,121: Total time for which application threads were stopped: 0,0006072 seconds, Stopping threads took: 0,0004553 seconds
2017-08-09T13:31:27.687+0200: 4,122: Total time for which application threads were stopped: 0,0002333 seconds, Stopping threads took: 0,0001180 seconds
2017-08-09T13:31:27.688+0200: 4,123: Total time for which application threads were stopped: 0,0001250 seconds, Stopping threads took: 0,0000360 seconds
2017-08-09T13:31:27.688+0200: 4,123: Total time for which application threads were stopped: 0,0000992 seconds, Stopping threads took: 0,0000288 seconds
2017-08-09T13:31:27.690+0200: 4,125: Total time for which application threads were stopped: 0,0004716 seconds, Stopping threads took: 0,0000172 seconds
2017-08-09T13:31:27.743+0200: 4,178: Total time for which application threads were stopped: 0,0001578 seconds, Stopping threads took: 0,0000484 seconds
2017-08-09T13:31:27.749+0200: 4,183: Total time for which application threads were stopped: 0,0004050 seconds, Stopping threads took: 0,0000405 seconds
2017-08-09T13:31:27.751+0200: 4,186: Total time for which application threads were stopped: 0,0001428 seconds, Stopping threads took: 0,0000371 seconds
2017-08-09T13:31:27.767+0200: 4,202: Total time for which application threads were stopped: 0,0062729 seconds, Stopping threads took: 0,0061331 seconds
2017-08-09T13:31:27.773+0200: 4,208: Total time for which application threads were stopped: 0,0005571 seconds, Stopping threads took: 0,0000356 seconds
2017-08-09T13:31:27.775+0200: 4,210: Total time for which application threads were stopped: 0,0007573 seconds, Stopping threads took: 0,0006684 seconds
2017-08-09T13:31:27.779+0200: 4,214: Total time for which application threads were stopped: 0,0001588 seconds, Stopping threads took: 0,0000354 seconds
2017-08-09T13:31:27.785+0200: 4,220: Total time for which application threads were stopped: 0,0001304 seconds, Stopping threads took: 0,0000359 seconds
2017-08-09T13:31:27.791+0200: 4,226: Total time for which application threads were stopped: 0,0001456 seconds, Stopping threads took: 0,0000461 seconds
2017-08-09T13:31:27.794+0200: 4,229: Total time for which application threads were stopped: 0,0001516 seconds, Stopping threads took: 0,0000328 seconds
2017-08-09T13:31:27.844+0200: 4,279: Total time for which application threads were stopped: 0,0006239 seconds, Stopping threads took: 0,0001259 seconds
2017-08-09T13:31:27.851+0200: 4,286: Total time for which application threads were stopped: 0,0001471 seconds, Stopping threads took: 0,0000453 seconds
2017-08-09T13:31:27.871+0200: 4,306: Total time for which application threads were stopped: 0,0001542 seconds, Stopping threads took: 0,0000514 seconds
2017-08-09T13:31:27.873+0200: 4,308: Total time for which application threads were stopped: 0,0001838 seconds, Stopping threads took: 0,0000269 seconds
2017-08-09T13:31:27.874+0200: 4,309: Total time for which application threads were stopped: 0,0001684 seconds, Stopping threads took: 0,0000295 seconds
2017-08-09T13:31:27.877+0200: 4,312: Total time for which application threads were stopped: 0,0027783 seconds, Stopping threads took: 0,0026298 seconds
2017-08-09T13:31:27.877+0200: 4,312: Total time for which application threads were stopped: 0,0001126 seconds, Stopping threads took: 0,0000244 seconds
2017-08-09T13:31:27.877+0200: 4,312: Total time for which application threads were stopped: 0,0001397 seconds, Stopping threads took: 0,0000739 seconds
2017-08-09T13:31:27.878+0200: 4,313: Total time for which application threads were stopped: 0,0003036 seconds, Stopping threads took: 0,0000162 seconds
2017-08-09T13:31:27.883+0200: 4,318: Total time for which application threads were stopped: 0,0017584 seconds, Stopping threads took: 0,0016280 seconds
2017-08-09T13:31:27.883+0200: 4,318: Total time for which application threads were stopped: 0,0000993 seconds, Stopping threads took: 0,0000232 seconds
2017-08-09T13:31:27.883+0200: 4,318: Total time for which application threads were stopped: 0,0002992 seconds, Stopping threads took: 0,0002169 seconds
2017-08-09T13:31:27.884+0200: 4,319: Total time for which application threads were stopped: 0,0003241 seconds, Stopping threads took: 0,0002427 seconds
2017-08-09T13:31:27.885+0200: 4,320: Total time for which application threads were stopped: 0,0001252 seconds, Stopping threads took: 0,0000391 seconds
2017-08-09T13:31:27.889+0200: 4,324: Total time for which application threads were stopped: 0,0002369 seconds, Stopping threads took: 0,0001046 seconds
2017-08-09T13:31:27.893+0200: 4,328: Total time for which application threads were stopped: 0,0031023 seconds, Stopping threads took: 0,0029907 seconds
2017-08-09T13:31:27.893+0200: 4,328: Total time for which application threads were stopped: 0,0000780 seconds, Stopping threads took: 0,0000156 seconds
2017-08-09T13:31:27.893+0200: 4,328: Total time for which application threads were stopped: 0,0000760 seconds, Stopping threads took: 0,0000219 seconds
2017-08-09T13:31:27.893+0200: 4,328: Total time for which application threads were stopped: 0,0000646 seconds, Stopping threads took: 0,0000097 seconds
2017-08-09T13:31:27.894+0200: 4,329: Total time for which application threads were stopped: 0,0000724 seconds, Stopping threads took: 0,0000116 seconds
2017-08-09T13:31:27.894+0200: 4,329: Total time for which application threads were stopped: 0,0000638 seconds, Stopping threads took: 0,0000105 seconds
2017-08-09T13:31:27.894+0200: 4,329: Total time for which application threads were stopped: 0,0000711 seconds, Stopping threads took: 0,0000103 seconds
2017-08-09T13:31:27.894+0200: 4,329: Total time for which application threads were stopped: 0,0000740 seconds, Stopping threads took: 0,0000206 seconds
2017-08-09T13:31:27.894+0200: 4,329: Total time for which application threads were stopped: 0,0000820 seconds, Stopping threads took: 0,0000198 seconds
2017-08-09T13:31:27.895+0200: 4,330: Total time for which application threads were stopped: 0,0000877 seconds, Stopping threads took: 0,0000139 seconds
2017-08-09T13:31:27.903+0200: 4,338: Total time for which application threads were stopped: 0,0001725 seconds, Stopping threads took: 0,0000327 seconds
2017-08-09T13:31:27.904+0200: 4,338: Total time for which application threads were stopped: 0,0000793 seconds, Stopping threads took: 0,0000144 seconds
2017-08-09T13:31:27.904+0200: 4,339: Total time for which application threads were stopped: 0,0001131 seconds, Stopping threads took: 0,0000473 seconds
2017-08-09T13:31:27.904+0200: 4,339: Total time for which application threads were stopped: 0,0000937 seconds, Stopping threads took: 0,0000190 seconds
2017-08-09T13:31:27.904+0200: 4,339: Total time for which application threads were stopped: 0,0002035 seconds, Stopping threads took: 0,0001409 seconds
2017-08-09T13:31:27.905+0200: 4,340: Total time for which application threads were stopped: 0,0001992 seconds, Stopping threads took: 0,0000302 seconds
2017-08-09T13:31:27.905+0200: 4,340: Total time for which application threads were stopped: 0,0000940 seconds, Stopping threads took: 0,0000368 seconds
2017-08-09T13:31:27.912+0200: 4,347: Total time for which application threads were stopped: 0,0001663 seconds, Stopping threads took: 0,0000460 seconds
2017-08-09T13:31:27.921+0200: 4,356: Total time for which application threads were stopped: 0,0025393 seconds, Stopping threads took: 0,0024367 seconds
2017-08-09T13:31:27.933+0200: 4,368: Total time for which application threads were stopped: 0,0008147 seconds, Stopping threads took: 0,0007057 seconds
2017-08-09T13:31:27.941+0200: 4,376: Total time for which application threads were stopped: 0,0001508 seconds, Stopping threads took: 0,0000589 seconds
2017-08-09T13:31:27.965+0200: 4,400: Total time for which application threads were stopped: 0,0001645 seconds, Stopping threads took: 0,0000582 seconds
2017-08-09T13:31:27.970+0200: 4,405: Total time for which application threads were stopped: 0,0001120 seconds, Stopping threads took: 0,0000280 seconds
2017-08-09T13:31:27.982+0200: 4,417: Total time for which application threads were stopped: 0,0001467 seconds, Stopping threads took: 0,0000451 seconds
2017-08-09T13:31:27.983+0200: 4,418: Total time for which application threads were stopped: 0,0005265 seconds, Stopping threads took: 0,0000200 seconds
2017-08-09T13:31:27.984+0200: 4,419: Total time for which application threads were stopped: 0,0002598 seconds, Stopping threads took: 0,0001696 seconds
2017-08-09T13:31:28.985+0200: 5,420: Total time for which application threads were stopped: 0,0001010 seconds, Stopping threads took: 0,0000198 seconds
2017-08-09T13:31:44.987+0200: 21,422: Total time for which application threads were stopped: 0,0000855 seconds, Stopping threads took: 0,0000331 seconds
2017-08-09T13:31:55.989+0200: 32,424: Total time for which application threads were stopped: 0,0000801 seconds, Stopping threads took: 0,0000172 seconds
2017-08-09T13:32:46.393+0200: 82,428: Total time for which application threads were stopped: 0,0001010 seconds, Stopping threads took: 0,0000280 seconds
2017-08-09T13:33:21.396+0200: 117,431: Total time for which application threads were stopped: 0,0000796 seconds, Stopping threads took: 0,0000326 seconds
2017-08-09T13:33:26.396+0200: 122,431: Total time for which application threads were stopped: 0,0000631 seconds, Stopping threads took: 0,0000147 seconds
{Heap before GC invocations=9 (full 1):
 par new generation   total 109248K, used 95862K [0x00000000e0000000, 0x00000000e8000000, 0x00000000e8000000)
  eden space 87424K, 100% used [0x00000000e0000000, 0x00000000e5560000, 0x00000000e5560000)
  from space 21824K,  38% used [0x00000000e6ab0000, 0x00000000e72ed920, 0x00000000e8000000)
  to   space 21824K,   0% used [0x00000000e5560000, 0x00000000e5560000, 0x00000000e6ab0000)
 concurrent mark-sweep generation total 393216K, used 5884K [0x00000000e8000000, 0x0000000100000000, 0x0000000100000000)
 Metaspace       used 28011K, capacity 28502K, committed 28796K, reserved 1075200K
  class space    used 3214K, capacity 3393K, committed 3452K, reserved 1048576K
2017-08-09T13:34:15.171+0200: 171,206: [GC (Allocation Failure) 2017-08-09T13:34:15.171+0200: 171,206: [ParNew
Desired survivor size 20112992 bytes, new threshold 8 (max 8)
- age   1:   10935976 bytes,   10935976 total
- age   2:     193136 bytes,   11129112 total
- age   3:     229880 bytes,   11358992 total
- age   4:    1783712 bytes,   13142704 total
- age   5:      80584 bytes,   13223288 total
- age   6:       5248 bytes,   13228536 total
- age   7:      75448 bytes,   13303984 total
- age   8:     190968 bytes,   13494952 total
: 95862K->15251K(109248K), 0,0338798 secs] 101747K->22174K(502464K), 0,0339548 secs] [Times: user=0,06 sys=0,00, real=0,03 secs] 
Heap after GC invocations=10 (full 1):
 par new generation   total 109248K, used 15251K [0x00000000e0000000, 0x00000000e8000000, 0x00000000e8000000)
  eden space 87424K,   0% used [0x00000000e0000000, 0x00000000e0000000, 0x00000000e5560000)
  from space 21824K,  69% used [0x00000000e5560000, 0x00000000e6444e80, 0x00000000e6ab0000)
  to   space 21824K,   0% used [0x00000000e6ab0000, 0x00000000e6ab0000, 0x00000000e8000000)
 concurrent mark-sweep generation total 393216K, used 6923K [0x00000000e8000000, 0x0000000100000000, 0x0000000100000000)
 Metaspace       used 28011K, capacity 28502K, committed 28796K, reserved 1075200K
  class space    used 3214K, capacity 3393K, committed 3452K, reserved 1048576K
}
2017-08-09T13:34:15.205+0200: 171,240: Total time for which application threads were stopped: 0,0341147 seconds, Stopping threads took: 0,0000366 seconds
2017-08-09T13:34:15.205+0200: 171,240: Total time for which application threads were stopped: 0,0000504 seconds, Stopping threads took: 0,0000142 seconds
2017-08-09T13:34:15.206+0200: 171,241: Total time for which application threads were stopped: 0,0000814 seconds, Stopping threads took: 0,0000249 seconds
2017-08-09T13:34:25.208+0200: 181,243: Total time for which application threads were stopped: 0,0000618 seconds, Stopping threads took: 0,0000144 seconds
2017-08-09T13:35:55.218+0200: 271,253: Total time for which application threads were stopped: 0,0000812 seconds, Stopping threads took: 0,0000322 seconds
2017-08-09T13:36:01.219+0200: 277,253: Total time for which application threads were stopped: 0,0000790 seconds, Stopping threads took: 0,0000169 seconds
2017-08-09T13:58:10.136+0200: 1411,828: Total time for which application threads were stopped: 0,0000901 seconds, Stopping threads took: 0,0000380 seconds
2017-08-09T14:02:55.164+0200: 1696,857: Total time for which application threads were stopped: 0,0000854 seconds, Stopping threads took: 0,0000329 seconds
2017-08-09T14:09:30.208+0200: 2091,901: Total time for which application threads were stopped: 0,0000884 seconds, Stopping threads took: 0,0000319 seconds
2017-08-09T14:11:36.221+0200: 2217,914: Total time for which application threads were stopped: 0,0000893 seconds, Stopping threads took: 0,0000318 seconds
2017-08-09T14:11:40.222+0200: 2221,915: Total time for which application threads were stopped: 0,0005466 seconds, Stopping threads took: 0,0000950 seconds
2017-08-09T14:13:25.235+0200: 2326,928: Total time for which application threads were stopped: 0,0001186 seconds, Stopping threads took: 0,0000595 seconds
2017-08-09T14:13:26.235+0200: 2327,928: Total time for which application threads were stopped: 0,0000759 seconds, Stopping threads took: 0,0000175 seconds
2017-08-09T14:31:11.335+0200: 3393,028: Total time for which application threads were stopped: 0,0000801 seconds, Stopping threads took: 0,0000294 seconds
2017-08-09T14:36:55.370+0200: 3737,062: Total time for which application threads were stopped: 0,0000966 seconds, Stopping threads took: 0,0000292 seconds
2017-08-09T14:39:45.385+0200: 3907,077: Total time for which application threads were stopped: 0,0001062 seconds, Stopping threads took: 0,0000396 seconds
2017-08-09T14:39:50.385+0200: 3912,078: Total time for which application threads were stopped: 0,0000738 seconds, Stopping threads took: 0,0000179 seconds
2017-08-09T14:40:40.390+0200: 3962,082: Total time for which application threads were stopped: 0,0000969 seconds, Stopping threads took: 0,0000390 seconds
2017-08-09T14:55:43.203+0200: 4752,212: Total time for which application threads were stopped: 0,0000977 seconds, Stopping threads took: 0,0000369 seconds
2017-08-09T14:56:38.209+0200: 4807,218: Total time for which application threads were stopped: 0,0000730 seconds, Stopping threads took: 0,0000273 seconds
2017-08-09T16:44:15.154+0200: 6513,003: Total time for which application threads were stopped: 0,0000823 seconds, Stopping threads took: 0,0000331 seconds
2017-08-09T16:56:15.254+0200: 7233,103: Total time for which application threads were stopped: 0,0000815 seconds, Stopping threads took: 0,0000349 seconds
2017-08-09T16:57:45.974+0200: 7323,110: Total time for which application threads were stopped: 0,0000776 seconds, Stopping threads took: 0,0000306 seconds
2017-08-09T17:03:46.009+0200: 7683,146: Total time for which application threads were stopped: 0,0000906 seconds, Stopping threads took: 0,0000356 seconds
2017-08-09T17:04:16.012+0200: 7713,148: Total time for which application threads were stopped: 0,0000980 seconds, Stopping threads took: 0,0000414 seconds
2017-08-09T19:01:26.705+0200: 14743,841: Total time for which application threads were stopped: 0,0001368 seconds, Stopping threads took: 0,0000550 seconds
2017-08-09T19:11:46.770+0200: 15363,907: Total time for which application threads were stopped: 0,0000815 seconds, Stopping threads took: 0,0000296 seconds
2017-08-09T19:19:16.814+0200: 15813,951: Total time for which application threads were stopped: 0,0000843 seconds, Stopping threads took: 0,0000340 seconds
2017-08-09T21:11:16.474+0200: 22533,610: Total time for which application threads were stopped: 0,0000893 seconds, Stopping threads took: 0,0000319 seconds
2017-08-09T23:04:16.114+0200: 29313,251: Total time for which application threads were stopped: 0,0000776 seconds, Stopping threads took: 0,0000297 seconds
2017-08-10T01:29:46.943+0200: 38044,080: Total time for which application threads were stopped: 0,0001172 seconds, Stopping threads took: 0,0000303 seconds
2017-08-10T01:39:18.230+0200: 38615,367: Total time for which application threads were stopped: 0,0007959 seconds, Stopping threads took: 0,0006778 seconds
2017-08-10T01:39:18.363+0200: 38615,500: Total time for which application threads were stopped: 0,0366090 seconds, Stopping threads took: 0,0365103 seconds
2017-08-10T01:39:18.364+0200: 38615,501: Total time for which application threads were stopped: 0,0000854 seconds, Stopping threads took: 0,0000164 seconds
2017-08-10T01:39:18.365+0200: 38615,501: Total time for which application threads were stopped: 0,0000780 seconds, Stopping threads took: 0,0000156 seconds
2017-08-10T01:39:18.365+0200: 38615,501: Total time for which application threads were stopped: 0,0000415 seconds, Stopping threads took: 0,0000050 seconds
2017-08-10T01:39:18.365+0200: 38615,502: Total time for which application threads were stopped: 0,0000443 seconds, Stopping threads took: 0,0000068 seconds
2017-08-10T01:39:18.365+0200: 38615,502: Total time for which application threads were stopped: 0,0000349 seconds, Stopping threads took: 0,0000053 seconds
2017-08-10T01:39:18.365+0200: 38615,502: Total time for which application threads were stopped: 0,0000337 seconds, Stopping threads took: 0,0000047 seconds
2017-08-10T01:39:18.365+0200: 38615,502: Total time for which application threads were stopped: 0,0000363 seconds, Stopping threads took: 0,0000071 seconds
2017-08-10T01:39:18.366+0200: 38615,502: Total time for which application threads were stopped: 0,0000350 seconds, Stopping threads took: 0,0000051 seconds
2017-08-10T01:39:18.366+0200: 38615,502: Total time for which application threads were stopped: 0,0000322 seconds, Stopping threads took: 0,0000048 seconds
2017-08-10T01:39:18.366+0200: 38615,502: Total time for which application threads were stopped: 0,0000329 seconds, Stopping threads took: 0,0000045 seconds
2017-08-10T01:39:18.366+0200: 38615,502: Total time for which application threads were stopped: 0,0000317 seconds, Stopping threads took: 0,0000047 seconds
2017-08-10T01:39:18.366+0200: 38615,502: Total time for which application threads were stopped: 0,0000329 seconds, Stopping threads took: 0,0000052 seconds
2017-08-10T01:39:18.366+0200: 38615,502: Total time for which application threads were stopped: 0,0000340 seconds, Stopping threads took: 0,0000048 seconds
2017-08-10T01:39:18.366+0200: 38615,502: Total time for which application threads were stopped: 0,0000349 seconds, Stopping threads took: 0,0000049 seconds
2017-08-10T01:39:18.368+0200: 38615,505: Total time for which application threads were stopped: 0,0001304 seconds, Stopping threads took: 0,0000442 seconds
2017-08-10T01:39:18.369+0200: 38615,506: Total time for which application threads were stopped: 0,0000904 seconds, Stopping threads took: 0,0000127 seconds
2017-08-10T01:39:18.369+0200: 38615,506: Total time for which application threads were stopped: 0,0000462 seconds, Stopping threads took: 0,0000080 seconds
2017-08-10T01:39:18.369+0200: 38615,506: Total time for which application threads were stopped: 0,0000383 seconds, Stopping threads took: 0,0000047 seconds
2017-08-10T01:39:18.369+0200: 38615,506: Total time for which application threads were stopped: 0,0000374 seconds, Stopping threads took: 0,0000049 seconds
2017-08-10T01:39:18.369+0200: 38615,506: Total time for which application threads were stopped: 0,0000386 seconds, Stopping threads took: 0,0000047 seconds
2017-08-10T01:39:18.369+0200: 38615,506: Total time for which application threads were stopped: 0,0000378 seconds, Stopping threads took: 0,0000046 seconds
2017-08-10T01:39:18.370+0200: 38615,506: Total time for which application threads were stopped: 0,0000370 seconds, Stopping threads took: 0,0000048 seconds
2017-08-10T01:39:18.370+0200: 38615,506: Total time for which application threads were stopped: 0,0000373 seconds, Stopping threads took: 0,0000046 seconds
2017-08-10T01:39:18.370+0200: 38615,506: Total time for which application threads were stopped: 0,0000368 seconds, Stopping threads took: 0,0000045 seconds
2017-08-10T01:39:18.370+0200: 38615,506: Total time for which application threads were stopped: 0,0000378 seconds, Stopping threads took: 0,0000049 seconds
2017-08-10T01:39:18.370+0200: 38615,506: Total time for which application threads were stopped: 0,0000376 seconds, Stopping threads took: 0,0000046 seconds
2017-08-10T01:39:18.370+0200: 38615,506: Total time for which application threads were stopped: 0,0000364 seconds, Stopping threads took: 0,0000045 seconds
2017-08-10T01:39:18.370+0200: 38615,506: Total time for which application threads were stopped: 0,0000366 seconds, Stopping threads took: 0,0000044 seconds
2017-08-10T01:39:18.370+0200: 38615,506: Total time for which application threads were stopped: 0,0000362 seconds, Stopping threads took: 0,0000047 seconds
2017-08-10T01:39:18.370+0200: 38615,506: Total time for which application threads were stopped: 0,0000365 seconds, Stopping threads took: 0,0000047 seconds
2017-08-10T01:39:18.370+0200: 38615,507: Total time for which application threads were stopped: 0,0000372 seconds, Stopping threads took: 0,0000048 seconds
2017-08-10T01:39:18.394+0200: 38615,531: Total time for which application threads were stopped: 0,0001422 seconds, Stopping threads took: 0,0000254 seconds
2017-08-10T01:39:18.395+0200: 38615,531: Total time for which application threads were stopped: 0,0000539 seconds, Stopping threads took: 0,0000143 seconds
2017-08-10T01:39:18.395+0200: 38615,531: Total time for which application threads were stopped: 0,0000468 seconds, Stopping threads took: 0,0000116 seconds
2017-08-10T01:39:18.395+0200: 38615,531: Total time for which application threads were stopped: 0,0000437 seconds, Stopping threads took: 0,0000110 seconds
2017-08-10T01:39:18.395+0200: 38615,531: Total time for which application threads were stopped: 0,0000406 seconds, Stopping threads took: 0,0000111 seconds
2017-08-10T01:39:18.395+0200: 38615,531: Total time for which application threads were stopped: 0,0000423 seconds, Stopping threads took: 0,0000113 seconds
2017-08-10T01:39:18.395+0200: 38615,531: Total time for which application threads were stopped: 0,0000404 seconds, Stopping threads took: 0,0000113 seconds
2017-08-10T01:39:18.395+0200: 38615,531: Total time for which application threads were stopped: 0,0000418 seconds, Stopping threads took: 0,0000113 seconds
2017-08-10T01:39:18.395+0200: 38615,531: Total time for which application threads were stopped: 0,0000442 seconds, Stopping threads took: 0,0000113 seconds
2017-08-10T01:39:18.395+0200: 38615,532: Total time for which application threads were stopped: 0,0000440 seconds, Stopping threads took: 0,0000132 seconds
2017-08-10T01:39:18.397+0200: 38615,534: Total time for which application threads were stopped: 0,0001004 seconds, Stopping threads took: 0,0000324 seconds
2017-08-10T01:39:18.398+0200: 38615,534: Total time for which application threads were stopped: 0,0000540 seconds, Stopping threads took: 0,0000154 seconds
2017-08-10T01:39:18.398+0200: 38615,534: Total time for which application threads were stopped: 0,0000511 seconds, Stopping threads took: 0,0000172 seconds
2017-08-10T01:39:18.409+0200: 38615,545: Total time for which application threads were stopped: 0,0000880 seconds, Stopping threads took: 0,0000165 seconds
2017-08-10T01:39:18.409+0200: 38615,545: Total time for which application threads were stopped: 0,0000492 seconds, Stopping threads took: 0,0000140 seconds
2017-08-10T01:39:18.409+0200: 38615,546: Total time for which application threads were stopped: 0,0000461 seconds, Stopping threads took: 0,0000147 seconds
2017-08-10T01:39:18.410+0200: 38615,547: Total time for which application threads were stopped: 0,0001111 seconds, Stopping threads took: 0,0000340 seconds
2017-08-10T01:39:18.411+0200: 38615,547: Total time for which application threads were stopped: 0,0002125 seconds, Stopping threads took: 0,0001534 seconds
2017-08-10T01:39:18.433+0200: 38615,570: Total time for which application threads were stopped: 0,0000951 seconds, Stopping threads took: 0,0000260 seconds
2017-08-10T01:39:18.433+0200: 38615,570: Total time for which application threads were stopped: 0,0000369 seconds, Stopping threads took: 0,0000056 seconds
2017-08-10T01:39:18.433+0200: 38615,570: Total time for which application threads were stopped: 0,0000437 seconds, Stopping threads took: 0,0000135 seconds
2017-08-10T01:39:18.433+0200: 38615,570: Total time for which application threads were stopped: 0,0000398 seconds, Stopping threads took: 0,0000116 seconds
2017-08-10T01:39:18.434+0200: 38615,570: Total time for which application threads were stopped: 0,0000400 seconds, Stopping threads took: 0,0000124 seconds
2017-08-10T01:39:18.436+0200: 38615,572: Total time for which application threads were stopped: 0,0001024 seconds, Stopping threads took: 0,0000321 seconds
2017-08-10T01:39:18.436+0200: 38615,572: Total time for which application threads were stopped: 0,0000578 seconds, Stopping threads took: 0,0000168 seconds
2017-08-10T01:39:18.439+0200: 38615,575: Total time for which application threads were stopped: 0,0000956 seconds, Stopping threads took: 0,0000310 seconds
2017-08-10T01:39:18.439+0200: 38615,575: Total time for which application threads were stopped: 0,0000455 seconds, Stopping threads took: 0,0000130 seconds
2017-08-10T01:39:18.439+0200: 38615,575: Total time for which application threads were stopped: 0,0000439 seconds, Stopping threads took: 0,0000115 seconds
2017-08-10T01:39:18.439+0200: 38615,575: Total time for which application threads were stopped: 0,0000564 seconds, Stopping threads took: 0,0000162 seconds
2017-08-10T01:39:18.439+0200: 38615,575: Total time for which application threads were stopped: 0,0000486 seconds, Stopping threads took: 0,0000170 seconds
2017-08-10T01:39:18.439+0200: 38615,576: Total time for which application threads were stopped: 0,0000431 seconds, Stopping threads took: 0,0000135 seconds
2017-08-10T01:39:18.439+0200: 38615,576: Total time for which application threads were stopped: 0,0000623 seconds, Stopping threads took: 0,0000150 seconds
2017-08-10T01:39:18.439+0200: 38615,576: Total time for which application threads were stopped: 0,0000423 seconds, Stopping threads took: 0,0000117 seconds
2017-08-10T01:39:18.440+0200: 38615,576: Total time for which application threads were stopped: 0,0000426 seconds, Stopping threads took: 0,0000112 seconds
2017-08-10T01:39:18.442+0200: 38615,579: Total time for which application threads were stopped: 0,0000917 seconds, Stopping threads took: 0,0000277 seconds
2017-08-10T01:39:18.442+0200: 38615,579: Total time for which application threads were stopped: 0,0000401 seconds, Stopping threads took: 0,0000063 seconds
2017-08-10T01:39:18.443+0200: 38615,579: Total time for which application threads were stopped: 0,0001747 seconds, Stopping threads took: 0,0000116 seconds
2017-08-10T01:39:18.443+0200: 38615,579: Total time for which application threads were stopped: 0,0000551 seconds, Stopping threads took: 0,0000164 seconds
2017-08-10T01:39:18.443+0200: 38615,580: Total time for which application threads were stopped: 0,0000409 seconds, Stopping threads took: 0,0000129 seconds
2017-08-10T01:39:18.443+0200: 38615,580: Total time for which application threads were stopped: 0,0000386 seconds, Stopping threads took: 0,0000112 seconds
2017-08-10T01:39:18.443+0200: 38615,580: Total time for which application threads were stopped: 0,0000384 seconds, Stopping threads took: 0,0000108 seconds
2017-08-10T01:39:18.443+0200: 38615,580: Total time for which application threads were stopped: 0,0000374 seconds, Stopping threads took: 0,0000109 seconds
2017-08-10T01:39:18.443+0200: 38615,580: Total time for which application threads were stopped: 0,0000481 seconds, Stopping threads took: 0,0000203 seconds
2017-08-10T01:39:18.443+0200: 38615,580: Total time for which application threads were stopped: 0,0000383 seconds, Stopping threads took: 0,0000112 seconds
2017-08-10T01:39:18.451+0200: 38615,588: Total time for which application threads were stopped: 0,0001364 seconds, Stopping threads took: 0,0000429 seconds
2017-08-10T01:39:18.464+0200: 38615,601: Total time for which application threads were stopped: 0,0000967 seconds, Stopping threads took: 0,0000252 seconds
2017-08-10T01:39:18.465+0200: 38615,601: Total time for which application threads were stopped: 0,0001145 seconds, Stopping threads took: 0,0000228 seconds
Heap
 par new generation   total 109248K, used 35489K [0x00000000e0000000, 0x00000000e8000000, 0x00000000e8000000)
  eden space 87424K,  23% used [0x00000000e0000000, 0x00000000e13c3798, 0x00000000e5560000)
  from space 21824K,  69% used [0x00000000e5560000, 0x00000000e6444e80, 0x00000000e6ab0000)
  to   space 21824K,   0% used [0x00000000e6ab0000, 0x00000000e6ab0000, 0x00000000e8000000)
 concurrent mark-sweep generation total 393216K, used 6923K [0x00000000e8000000, 0x0000000100000000, 0x0000000100000000)
 Metaspace       used 28174K, capacity 28734K, committed 29052K, reserved 1075200K
  class space    used 3229K, capacity 3427K, committed 3452K, reserved 1048576K
