OpenJDK 64-Bit Server VM (25.131-b11) for linux-amd64 JRE (1.8.0_131-8u131-b11-0ubuntu1.16.04.2-b11), built on May  6 2017 02:45:27 by "buildd" with gcc 5.4.0 20160609
Memory: 4k page, physical 7867740k(7476852k free), swap 8076284k(8076284k free)
CommandLine flags: -XX:CMSInitiatingOccupancyFraction=50 -XX:CMSMaxAbortablePrecleanTime=6000 -XX:+CMSParallelRemarkEnabled -XX:+CMSScavengeBeforeRemark -XX:ConcGCThreads=4 -XX:InitialHeapSize=536870912 -XX:MaxHeapSize=536870912 -XX:MaxTenuringThreshold=8 -XX:NewRatio=3 -XX:OldPLABSize=16 -XX:OnOutOfMemoryError=/opt/solr/bin/oom_solr.sh 8983 /var/solr/logs -XX:ParallelGCThreads=4 -XX:+ParallelRefProcEnabled -XX:PretenureSizeThreshold=67108864 -XX:+PrintGC -XX:+PrintGCApplicationStoppedTime -XX:+PrintGCDateStamps -XX:+PrintGCDetails -XX:+PrintGCTimeStamps -XX:+PrintHeapAtGC -XX:+PrintTenuringDistribution -XX:SurvivorRatio=4 -XX:TargetSurvivorRatio=90 -XX:ThreadStackSize=256 -XX:+UseCMSInitiatingOccupancyOnly -XX:+UseCompressedClassPointers -XX:+UseCompressedOops -XX:+UseConcMarkSweepGC -XX:+UseParNewGC 
2017-07-19T18:13:20.574+0200: 0,195: Total time for which application threads were stopped: 0,0000876 seconds, Stopping threads took: 0,0000106 seconds
2017-07-19T18:13:20.678+0200: 0,300: Total time for which application threads were stopped: 0,0000963 seconds, Stopping threads took: 0,0000167 seconds
2017-07-19T18:13:20.693+0200: 0,314: Total time for which application threads were stopped: 0,0000796 seconds, Stopping threads took: 0,0000165 seconds
2017-07-19T18:13:21.032+0200: 0,654: Total time for which application threads were stopped: 0,0001436 seconds, Stopping threads took: 0,0000176 seconds
2017-07-19T18:13:21.538+0200: 1,160: Total time for which application threads were stopped: 0,0003637 seconds, Stopping threads took: 0,0001100 seconds
2017-07-19T18:13:21.601+0200: 1,222: Total time for which application threads were stopped: 0,0001280 seconds, Stopping threads took: 0,0000126 seconds
2017-07-19T18:13:21.628+0200: 1,250: Total time for which application threads were stopped: 0,0004966 seconds, Stopping threads took: 0,0000249 seconds
2017-07-19T18:13:21.879+0200: 1,500: Total time for which application threads were stopped: 0,0003050 seconds, Stopping threads took: 0,0000149 seconds
2017-07-19T18:13:22.124+0200: 1,745: Total time for which application threads were stopped: 0,0002132 seconds, Stopping threads took: 0,0000237 seconds
2017-07-19T18:13:22.150+0200: 1,772: Total time for which application threads were stopped: 0,0001717 seconds, Stopping threads took: 0,0000177 seconds
2017-07-19T18:13:22.186+0200: 1,808: Total time for which application threads were stopped: 0,0002209 seconds, Stopping threads took: 0,0000193 seconds
2017-07-19T18:13:22.187+0200: 1,809: Total time for which application threads were stopped: 0,0001553 seconds, Stopping threads took: 0,0000175 seconds
2017-07-19T18:13:22.204+0200: 1,826: Total time for which application threads were stopped: 0,0001945 seconds, Stopping threads took: 0,0000161 seconds
2017-07-19T18:13:22.291+0200: 1,913: Total time for which application threads were stopped: 0,0002075 seconds, Stopping threads took: 0,0000197 seconds
2017-07-19T18:13:22.474+0200: 2,095: Total time for which application threads were stopped: 0,0003070 seconds, Stopping threads took: 0,0000340 seconds
{Heap before GC invocations=0 (full 0):
 par new generation   total 109248K, used 87424K [0x00000000e0000000, 0x00000000e8000000, 0x00000000e8000000)
  eden space 87424K, 100% used [0x00000000e0000000, 0x00000000e5560000, 0x00000000e5560000)
  from space 21824K,   0% used [0x00000000e5560000, 0x00000000e5560000, 0x00000000e6ab0000)
  to   space 21824K,   0% used [0x00000000e6ab0000, 0x00000000e6ab0000, 0x00000000e8000000)
 concurrent mark-sweep generation total 393216K, used 0K [0x00000000e8000000, 0x0000000100000000, 0x0000000100000000)
 Metaspace       used 18018K, capacity 18336K, committed 18688K, reserved 1064960K
  class space    used 2036K, capacity 2196K, committed 2304K, reserved 1048576K
2017-07-19T18:13:22.573+0200: 2,195: [GC (Allocation Failure) 2017-07-19T18:13:22.573+0200: 2,195: [ParNew
Desired survivor size 20112992 bytes, new threshold 8 (max 8)
- age   1:   12583968 bytes,   12583968 total
: 87424K->12408K(109248K), 0,0158350 secs] 87424K->12408K(502464K), 0,0159121 secs] [Times: user=0,04 sys=0,01, real=0,02 secs] 
Heap after GC invocations=1 (full 0):
 par new generation   total 109248K, used 12408K [0x00000000e0000000, 0x00000000e8000000, 0x00000000e8000000)
  eden space 87424K,   0% used [0x00000000e0000000, 0x00000000e0000000, 0x00000000e5560000)
  from space 21824K,  56% used [0x00000000e6ab0000, 0x00000000e76ce348, 0x00000000e8000000)
  to   space 21824K,   0% used [0x00000000e5560000, 0x00000000e5560000, 0x00000000e6ab0000)
 concurrent mark-sweep generation total 393216K, used 0K [0x00000000e8000000, 0x0000000100000000, 0x0000000100000000)
 Metaspace       used 18018K, capacity 18336K, committed 18688K, reserved 1064960K
  class space    used 2036K, capacity 2196K, committed 2304K, reserved 1048576K
}
2017-07-19T18:13:22.589+0200: 2,211: Total time for which application threads were stopped: 0,0161579 seconds, Stopping threads took: 0,0000579 seconds
2017-07-19T18:13:22.962+0200: 2,583: Total time for which application threads were stopped: 0,0003382 seconds, Stopping threads took: 0,0000387 seconds
{Heap before GC invocations=1 (full 0):
 par new generation   total 109248K, used 99832K [0x00000000e0000000, 0x00000000e8000000, 0x00000000e8000000)
  eden space 87424K, 100% used [0x00000000e0000000, 0x00000000e5560000, 0x00000000e5560000)
  from space 21824K,  56% used [0x00000000e6ab0000, 0x00000000e76ce348, 0x00000000e8000000)
  to   space 21824K,   0% used [0x00000000e5560000, 0x00000000e5560000, 0x00000000e6ab0000)
 concurrent mark-sweep generation total 393216K, used 0K [0x00000000e8000000, 0x0000000100000000, 0x0000000100000000)
 Metaspace       used 20063K, capacity 20370K, committed 20736K, reserved 1067008K
  class space    used 2297K, capacity 2473K, committed 2560K, reserved 1048576K
2017-07-19T18:13:23.013+0200: 2,635: [GC (Allocation Failure) 2017-07-19T18:13:23.013+0200: 2,635: [ParNew
Desired survivor size 20112992 bytes, new threshold 8 (max 8)
- age   1:    3851864 bytes,    3851864 total
- age   2:    6653896 bytes,   10505760 total
: 99832K->13650K(109248K), 0,0114954 secs] 99832K->13650K(502464K), 0,0115698 secs] [Times: user=0,04 sys=0,00, real=0,01 secs] 
Heap after GC invocations=2 (full 0):
 par new generation   total 109248K, used 13650K [0x00000000e0000000, 0x00000000e8000000, 0x00000000e8000000)
  eden space 87424K,   0% used [0x00000000e0000000, 0x00000000e0000000, 0x00000000e5560000)
  from space 21824K,  62% used [0x00000000e5560000, 0x00000000e62b49c0, 0x00000000e6ab0000)
  to   space 21824K,   0% used [0x00000000e6ab0000, 0x00000000e6ab0000, 0x00000000e8000000)
 concurrent mark-sweep generation total 393216K, used 0K [0x00000000e8000000, 0x0000000100000000, 0x0000000100000000)
 Metaspace       used 20063K, capacity 20370K, committed 20736K, reserved 1067008K
  class space    used 2297K, capacity 2473K, committed 2560K, reserved 1048576K
}
2017-07-19T18:13:23.025+0200: 2,646: Total time for which application threads were stopped: 0,0118114 seconds, Stopping threads took: 0,0000675 seconds
2017-07-19T18:13:23.030+0200: 2,651: Total time for which application threads were stopped: 0,0004716 seconds, Stopping threads took: 0,0001635 seconds
2017-07-19T18:13:23.065+0200: 2,687: Total time for which application threads were stopped: 0,0003472 seconds, Stopping threads took: 0,0000771 seconds
2017-07-19T18:13:23.168+0200: 2,789: Total time for which application threads were stopped: 0,0001902 seconds, Stopping threads took: 0,0000721 seconds
{Heap before GC invocations=2 (full 0):
 par new generation   total 109248K, used 101074K [0x00000000e0000000, 0x00000000e8000000, 0x00000000e8000000)
  eden space 87424K, 100% used [0x00000000e0000000, 0x00000000e5560000, 0x00000000e5560000)
  from space 21824K,  62% used [0x00000000e5560000, 0x00000000e62b49c0, 0x00000000e6ab0000)
  to   space 21824K,   0% used [0x00000000e6ab0000, 0x00000000e6ab0000, 0x00000000e8000000)
 concurrent mark-sweep generation total 393216K, used 0K [0x00000000e8000000, 0x0000000100000000, 0x0000000100000000)
 Metaspace       used 20960K, capacity 21292K, committed 21628K, reserved 1069056K
  class space    used 2419K, capacity 2592K, committed 2684K, reserved 1048576K
2017-07-19T18:13:23.206+0200: 2,827: [GC (Allocation Failure) 2017-07-19T18:13:23.206+0200: 2,827: [ParNew
Desired survivor size 20112992 bytes, new threshold 8 (max 8)
- age   1:    1956720 bytes,    1956720 total
- age   2:     866744 bytes,    2823464 total
- age   3:    6649728 bytes,    9473192 total
: 101074K->11594K(109248K), 0,0111731 secs] 101074K->11594K(502464K), 0,0112536 secs] [Times: user=0,04 sys=0,00, real=0,00 secs] 
Heap after GC invocations=3 (full 0):
 par new generation   total 109248K, used 11594K [0x00000000e0000000, 0x00000000e8000000, 0x00000000e8000000)
  eden space 87424K,   0% used [0x00000000e0000000, 0x00000000e0000000, 0x00000000e5560000)
  from space 21824K,  53% used [0x00000000e6ab0000, 0x00000000e7602980, 0x00000000e8000000)
  to   space 21824K,   0% used [0x00000000e5560000, 0x00000000e5560000, 0x00000000e6ab0000)
 concurrent mark-sweep generation total 393216K, used 0K [0x00000000e8000000, 0x0000000100000000, 0x0000000100000000)
 Metaspace       used 20960K, capacity 21292K, committed 21628K, reserved 1069056K
  class space    used 2419K, capacity 2592K, committed 2684K, reserved 1048576K
}
2017-07-19T18:13:23.217+0200: 2,838: Total time for which application threads were stopped: 0,0117085 seconds, Stopping threads took: 0,0003198 seconds
2017-07-19T18:13:23.217+0200: 2,839: [GC (CMS Initial Mark) [1 CMS-initial-mark: 0K(393216K)] 11604K(502464K), 0,0045106 secs] [Times: user=0,01 sys=0,00, real=0,01 secs] 
2017-07-19T18:13:23.222+0200: 2,843: Total time for which application threads were stopped: 0,0046600 seconds, Stopping threads took: 0,0000360 seconds
2017-07-19T18:13:23.222+0200: 2,843: [CMS-concurrent-mark-start]
2017-07-19T18:13:23.222+0200: 2,844: [CMS-concurrent-mark: 0,000/0,000 secs] [Times: user=0,01 sys=0,00, real=0,00 secs] 
2017-07-19T18:13:23.222+0200: 2,844: [CMS-concurrent-preclean-start]
2017-07-19T18:13:23.223+0200: 2,845: [CMS-concurrent-preclean: 0,001/0,001 secs] [Times: user=0,00 sys=0,00, real=0,00 secs] 
2017-07-19T18:13:23.223+0200: 2,845: [CMS-concurrent-abortable-preclean-start]
2017-07-19T18:13:23.322+0200: 2,943: Total time for which application threads were stopped: 0,0014683 seconds, Stopping threads took: 0,0013769 seconds
2017-07-19T18:13:23.322+0200: 2,943: [CMS-concurrent-abortable-preclean: 0,070/0,098 secs] [Times: user=0,38 sys=0,00, real=0,10 secs] 
2017-07-19T18:13:23.326+0200: 2,947: [GC (CMS Final Remark) [YG occupancy: 81626 K (109248 K)]{Heap before GC invocations=3 (full 1):
 par new generation   total 109248K, used 81626K [0x00000000e0000000, 0x00000000e8000000, 0x00000000e8000000)
  eden space 87424K,  80% used [0x00000000e0000000, 0x00000000e4463f40, 0x00000000e5560000)
  from space 21824K,  53% used [0x00000000e6ab0000, 0x00000000e7602980, 0x00000000e8000000)
  to   space 21824K,   0% used [0x00000000e5560000, 0x00000000e5560000, 0x00000000e6ab0000)
 concurrent mark-sweep generation total 393216K, used 0K [0x00000000e8000000, 0x0000000100000000, 0x0000000100000000)
 Metaspace       used 21221K, capacity 21608K, committed 21884K, reserved 1069056K
  class space    used 2446K, capacity 2604K, committed 2684K, reserved 1048576K
2017-07-19T18:13:23.326+0200: 2,947: [GC (CMS Final Remark) 2017-07-19T18:13:23.326+0200: 2,947: [ParNew
Desired survivor size 20112992 bytes, new threshold 8 (max 8)
- age   1:     914328 bytes,     914328 total
- age   2:    1455952 bytes,    2370280 total
- age   3:     847016 bytes,    3217296 total
- age   4:    6649664 bytes,    9866960 total
: 81626K->14678K(109248K), 0,0102759 secs] 81626K->14678K(502464K), 0,0103214 secs] [Times: user=0,03 sys=0,00, real=0,00 secs] 
Heap after GC invocations=4 (full 1):
 par new generation   total 109248K, used 14678K [0x00000000e0000000, 0x00000000e8000000, 0x00000000e8000000)
  eden space 87424K,   0% used [0x00000000e0000000, 0x00000000e0000000, 0x00000000e5560000)
  from space 21824K,  67% used [0x00000000e5560000, 0x00000000e63b5960, 0x00000000e6ab0000)
  to   space 21824K,   0% used [0x00000000e6ab0000, 0x00000000e6ab0000, 0x00000000e8000000)
 concurrent mark-sweep generation total 393216K, used 0K [0x00000000e8000000, 0x0000000100000000, 0x0000000100000000)
 Metaspace       used 21221K, capacity 21608K, committed 21884K, reserved 1069056K
  class space    used 2446K, capacity 2604K, committed 2684K, reserved 1048576K
}
2017-07-19T18:13:23.336+0200: 2,958: [Rescan (parallel) , 0,0036387 secs]2017-07-19T18:13:23.340+0200: 2,961: [weak refs processing, 0,0011744 secs]2017-07-19T18:13:23.341+0200: 2,962: [class unloading, 0,0028104 secs]2017-07-19T18:13:23.344+0200: 2,965: [scrub symbol table, 0,0029109 secs]2017-07-19T18:13:23.347+0200: 2,968: [scrub string table, 0,0004001 secs][1 CMS-remark: 0K(393216K)] 14678K(502464K), 0,0219353 secs] [Times: user=0,05 sys=0,00, real=0,02 secs] 
2017-07-19T18:13:23.348+0200: 2,969: Total time for which application threads were stopped: 0,0258384 seconds, Stopping threads took: 0,0038229 seconds
2017-07-19T18:13:23.348+0200: 2,969: [CMS-concurrent-sweep-start]
2017-07-19T18:13:23.348+0200: 2,969: [CMS-concurrent-sweep: 0,000/0,000 secs] [Times: user=0,00 sys=0,00, real=0,00 secs] 
2017-07-19T18:13:23.348+0200: 2,969: [CMS-concurrent-reset-start]
2017-07-19T18:13:23.350+0200: 2,971: [CMS-concurrent-reset: 0,002/0,002 secs] [Times: user=0,00 sys=0,00, real=0,00 secs] 
{Heap before GC invocations=4 (full 1):
 par new generation   total 109248K, used 102102K [0x00000000e0000000, 0x00000000e8000000, 0x00000000e8000000)
  eden space 87424K, 100% used [0x00000000e0000000, 0x00000000e5560000, 0x00000000e5560000)
  from space 21824K,  67% used [0x00000000e5560000, 0x00000000e63b5960, 0x00000000e6ab0000)
  to   space 21824K,   0% used [0x00000000e6ab0000, 0x00000000e6ab0000, 0x00000000e8000000)
 concurrent mark-sweep generation total 393216K, used 0K [0x00000000e8000000, 0x0000000100000000, 0x0000000100000000)
 Metaspace       used 21348K, capacity 21720K, committed 21884K, reserved 1069056K
  class space    used 2466K, capacity 2639K, committed 2684K, reserved 1048576K
2017-07-19T18:13:23.438+0200: 3,059: [GC (Allocation Failure) 2017-07-19T18:13:23.438+0200: 3,059: [ParNew
Desired survivor size 20112992 bytes, new threshold 8 (max 8)
- age   1:    1416976 bytes,    1416976 total
- age   2:     142816 bytes,    1559792 total
- age   3:    1450464 bytes,    3010256 total
- age   4:     845064 bytes,    3855320 total
- age   5:    6650144 bytes,   10505464 total
: 102102K->12390K(109248K), 0,0104913 secs] 102102K->12390K(502464K), 0,0105493 secs] [Times: user=0,04 sys=0,00, real=0,01 secs] 
Heap after GC invocations=5 (full 1):
 par new generation   total 109248K, used 12390K [0x00000000e0000000, 0x00000000e8000000, 0x00000000e8000000)
  eden space 87424K,   0% used [0x00000000e0000000, 0x00000000e0000000, 0x00000000e5560000)
  from space 21824K,  56% used [0x00000000e6ab0000, 0x00000000e76c9bf0, 0x00000000e8000000)
  to   space 21824K,   0% used [0x00000000e5560000, 0x00000000e5560000, 0x00000000e6ab0000)
 concurrent mark-sweep generation total 393216K, used 0K [0x00000000e8000000, 0x0000000100000000, 0x0000000100000000)
 Metaspace       used 21348K, capacity 21720K, committed 21884K, reserved 1069056K
  class space    used 2466K, capacity 2639K, committed 2684K, reserved 1048576K
}
2017-07-19T18:13:23.448+0200: 3,070: Total time for which application threads were stopped: 0,0138285 seconds, Stopping threads took: 0,0031400 seconds
2017-07-19T18:13:23.502+0200: 3,123: Total time for which application threads were stopped: 0,0003761 seconds, Stopping threads took: 0,0000255 seconds
2017-07-19T18:13:23.737+0200: 3,359: Total time for which application threads were stopped: 0,0005459 seconds, Stopping threads took: 0,0000580 seconds
2017-07-19T18:13:23.752+0200: 3,374: Total time for which application threads were stopped: 0,0004229 seconds, Stopping threads took: 0,0000600 seconds
{Heap before GC invocations=5 (full 1):
 par new generation   total 109248K, used 99814K [0x00000000e0000000, 0x00000000e8000000, 0x00000000e8000000)
  eden space 87424K, 100% used [0x00000000e0000000, 0x00000000e5560000, 0x00000000e5560000)
  from space 21824K,  56% used [0x00000000e6ab0000, 0x00000000e76c9bf0, 0x00000000e8000000)
  to   space 21824K,   0% used [0x00000000e5560000, 0x00000000e5560000, 0x00000000e6ab0000)
 concurrent mark-sweep generation total 393216K, used 0K [0x00000000e8000000, 0x0000000100000000, 0x0000000100000000)
 Metaspace       used 23705K, capacity 24180K, committed 24316K, reserved 1071104K
  class space    used 2784K, capacity 2985K, committed 3068K, reserved 1048576K
2017-07-19T18:13:23.878+0200: 3,499: [GC (Allocation Failure) 2017-07-19T18:13:23.878+0200: 3,499: [ParNew
Desired survivor size 20112992 bytes, new threshold 8 (max 8)
- age   1:    5074392 bytes,    5074392 total
- age   2:     108808 bytes,    5183200 total
- age   3:     141512 bytes,    5324712 total
- age   4:     280552 bytes,    5605264 total
- age   5:     818832 bytes,    6424096 total
- age   6:    6641456 bytes,   13065552 total
: 99814K->19846K(109248K), 0,0217037 secs] 99814K->19846K(502464K), 0,0217881 secs] [Times: user=0,04 sys=0,01, real=0,02 secs] 
Heap after GC invocations=6 (full 1):
 par new generation   total 109248K, used 19846K [0x00000000e0000000, 0x00000000e8000000, 0x00000000e8000000)
  eden space 87424K,   0% used [0x00000000e0000000, 0x00000000e0000000, 0x00000000e5560000)
  from space 21824K,  90% used [0x00000000e5560000, 0x00000000e68c1910, 0x00000000e6ab0000)
  to   space 21824K,   0% used [0x00000000e6ab0000, 0x00000000e6ab0000, 0x00000000e8000000)
 concurrent mark-sweep generation total 393216K, used 0K [0x00000000e8000000, 0x0000000100000000, 0x0000000100000000)
 Metaspace       used 23705K, capacity 24180K, committed 24316K, reserved 1071104K
  class space    used 2784K, capacity 2985K, committed 3068K, reserved 1048576K
}
2017-07-19T18:13:23.900+0200: 3,521: Total time for which application threads were stopped: 0,0238784 seconds, Stopping threads took: 0,0018634 seconds
{Heap before GC invocations=6 (full 1):
 par new generation   total 109248K, used 107270K [0x00000000e0000000, 0x00000000e8000000, 0x00000000e8000000)
  eden space 87424K, 100% used [0x00000000e0000000, 0x00000000e5560000, 0x00000000e5560000)
  from space 21824K,  90% used [0x00000000e5560000, 0x00000000e68c1910, 0x00000000e6ab0000)
  to   space 21824K,   0% used [0x00000000e6ab0000, 0x00000000e6ab0000, 0x00000000e8000000)
 concurrent mark-sweep generation total 393216K, used 0K [0x00000000e8000000, 0x0000000100000000, 0x0000000100000000)
 Metaspace       used 24201K, capacity 24628K, committed 24828K, reserved 1071104K
  class space    used 2844K, capacity 3049K, committed 3068K, reserved 1048576K
2017-07-19T18:13:24.052+0200: 3,674: [GC (Allocation Failure) 2017-07-19T18:13:24.052+0200: 3,674: [ParNew
Desired survivor size 20112992 bytes, new threshold 8 (max 8)
- age   1:    1683824 bytes,    1683824 total
- age   2:    1764648 bytes,    3448472 total
- age   3:      66912 bytes,    3515384 total
- age   4:      72504 bytes,    3587888 total
- age   5:     183928 bytes,    3771816 total
- age   6:     777416 bytes,    4549232 total
- age   7:    6108720 bytes,   10657952 total
: 107270K->13487K(109248K), 0,0275061 secs] 107270K->13487K(502464K), 0,0275806 secs] [Times: user=0,07 sys=0,00, real=0,03 secs] 
Heap after GC invocations=7 (full 1):
 par new generation   total 109248K, used 13487K [0x00000000e0000000, 0x00000000e8000000, 0x00000000e8000000)
  eden space 87424K,   0% used [0x00000000e0000000, 0x00000000e0000000, 0x00000000e5560000)
  from space 21824K,  61% used [0x00000000e6ab0000, 0x00000000e77dbd60, 0x00000000e8000000)
  to   space 21824K,   0% used [0x00000000e5560000, 0x00000000e5560000, 0x00000000e6ab0000)
 concurrent mark-sweep generation total 393216K, used 0K [0x00000000e8000000, 0x0000000100000000, 0x0000000100000000)
 Metaspace       used 24201K, capacity 24628K, committed 24828K, reserved 1071104K
  class space    used 2844K, capacity 3049K, committed 3068K, reserved 1048576K
}
2017-07-19T18:13:24.080+0200: 3,702: Total time for which application threads were stopped: 0,0311804 seconds, Stopping threads took: 0,0033726 seconds
{Heap before GC invocations=7 (full 1):
 par new generation   total 109248K, used 100911K [0x00000000e0000000, 0x00000000e8000000, 0x00000000e8000000)
  eden space 87424K, 100% used [0x00000000e0000000, 0x00000000e5560000, 0x00000000e5560000)
  from space 21824K,  61% used [0x00000000e6ab0000, 0x00000000e77dbd60, 0x00000000e8000000)
  to   space 21824K,   0% used [0x00000000e5560000, 0x00000000e5560000, 0x00000000e6ab0000)
 concurrent mark-sweep generation total 393216K, used 0K [0x00000000e8000000, 0x0000000100000000, 0x0000000100000000)
 Metaspace       used 24484K, capacity 24986K, committed 25084K, reserved 1071104K
  class space    used 2867K, capacity 3056K, committed 3068K, reserved 1048576K
2017-07-19T18:13:24.156+0200: 3,777: [GC (Allocation Failure) 2017-07-19T18:13:24.156+0200: 3,777: [ParNew
Desired survivor size 20112992 bytes, new threshold 8 (max 8)
- age   1:     877024 bytes,     877024 total
- age   2:     992360 bytes,    1869384 total
- age   3:    1742544 bytes,    3611928 total
- age   4:      66912 bytes,    3678840 total
- age   5:      72296 bytes,    3751136 total
- age   6:     183928 bytes,    3935064 total
- age   7:     777416 bytes,    4712480 total
- age   8:    6108272 bytes,   10820752 total
: 100911K->13129K(109248K), 0,0170580 secs] 100911K->13129K(502464K), 0,0171228 secs] [Times: user=0,04 sys=0,00, real=0,02 secs] 
Heap after GC invocations=8 (full 1):
 par new generation   total 109248K, used 13129K [0x00000000e0000000, 0x00000000e8000000, 0x00000000e8000000)
  eden space 87424K,   0% used [0x00000000e0000000, 0x00000000e0000000, 0x00000000e5560000)
  from space 21824K,  60% used [0x00000000e5560000, 0x00000000e6232580, 0x00000000e6ab0000)
  to   space 21824K,   0% used [0x00000000e6ab0000, 0x00000000e6ab0000, 0x00000000e8000000)
 concurrent mark-sweep generation total 393216K, used 0K [0x00000000e8000000, 0x0000000100000000, 0x0000000100000000)
 Metaspace       used 24484K, capacity 24986K, committed 25084K, reserved 1071104K
  class space    used 2867K, capacity 3056K, committed 3068K, reserved 1048576K
}
2017-07-19T18:13:24.173+0200: 3,795: Total time for which application threads were stopped: 0,0183093 seconds, Stopping threads took: 0,0010322 seconds
2017-07-19T18:13:24.434+0200: 4,055: Total time for which application threads were stopped: 0,0005295 seconds, Stopping threads took: 0,0000297 seconds
2017-07-19T18:13:24.443+0200: 4,064: Total time for which application threads were stopped: 0,0001486 seconds, Stopping threads took: 0,0000512 seconds
2017-07-19T18:13:24.443+0200: 4,065: Total time for which application threads were stopped: 0,0001254 seconds, Stopping threads took: 0,0000339 seconds
2017-07-19T18:13:24.444+0200: 4,065: Total time for which application threads were stopped: 0,0001157 seconds, Stopping threads took: 0,0000262 seconds
2017-07-19T18:13:24.444+0200: 4,065: Total time for which application threads were stopped: 0,0000913 seconds, Stopping threads took: 0,0000226 seconds
2017-07-19T18:13:24.444+0200: 4,066: Total time for which application threads were stopped: 0,0000635 seconds, Stopping threads took: 0,0000153 seconds
2017-07-19T18:13:24.447+0200: 4,068: Total time for which application threads were stopped: 0,0001371 seconds, Stopping threads took: 0,0000417 seconds
2017-07-19T18:13:24.447+0200: 4,069: Total time for which application threads were stopped: 0,0000779 seconds, Stopping threads took: 0,0000222 seconds
2017-07-19T18:13:24.471+0200: 4,092: Total time for which application threads were stopped: 0,0007241 seconds, Stopping threads took: 0,0006099 seconds
2017-07-19T18:13:24.472+0200: 4,094: Total time for which application threads were stopped: 0,0001609 seconds, Stopping threads took: 0,0000465 seconds
2017-07-19T18:13:24.489+0200: 4,110: Total time for which application threads were stopped: 0,0103123 seconds, Stopping threads took: 0,0101856 seconds
2017-07-19T18:13:24.490+0200: 4,111: Total time for which application threads were stopped: 0,0001361 seconds, Stopping threads took: 0,0000296 seconds
2017-07-19T18:13:24.490+0200: 4,111: Total time for which application threads were stopped: 0,0000744 seconds, Stopping threads took: 0,0000102 seconds
2017-07-19T18:13:24.490+0200: 4,111: Total time for which application threads were stopped: 0,0000665 seconds, Stopping threads took: 0,0000078 seconds
2017-07-19T18:13:24.490+0200: 4,112: Total time for which application threads were stopped: 0,0000775 seconds, Stopping threads took: 0,0000099 seconds
2017-07-19T18:13:24.490+0200: 4,112: Total time for which application threads were stopped: 0,0001328 seconds, Stopping threads took: 0,0000077 seconds
2017-07-19T18:13:24.491+0200: 4,112: Total time for which application threads were stopped: 0,0001086 seconds, Stopping threads took: 0,0000165 seconds
2017-07-19T18:13:24.491+0200: 4,112: Total time for which application threads were stopped: 0,0000685 seconds, Stopping threads took: 0,0000084 seconds
2017-07-19T18:13:24.491+0200: 4,112: Total time for which application threads were stopped: 0,0000659 seconds, Stopping threads took: 0,0000087 seconds
2017-07-19T18:13:24.492+0200: 4,113: Total time for which application threads were stopped: 0,0001337 seconds, Stopping threads took: 0,0000335 seconds
2017-07-19T18:13:24.492+0200: 4,114: Total time for which application threads were stopped: 0,0001897 seconds, Stopping threads took: 0,0000098 seconds
2017-07-19T18:13:24.493+0200: 4,115: Total time for which application threads were stopped: 0,0002148 seconds, Stopping threads took: 0,0000380 seconds
2017-07-19T18:13:24.498+0200: 4,119: Total time for which application threads were stopped: 0,0002098 seconds, Stopping threads took: 0,0001188 seconds
2017-07-19T18:13:24.499+0200: 4,121: Total time for which application threads were stopped: 0,0001333 seconds, Stopping threads took: 0,0000219 seconds
2017-07-19T18:13:24.500+0200: 4,121: Total time for which application threads were stopped: 0,0000795 seconds, Stopping threads took: 0,0000094 seconds
2017-07-19T18:13:24.500+0200: 4,121: Total time for which application threads were stopped: 0,0003594 seconds, Stopping threads took: 0,0002769 seconds
2017-07-19T18:13:24.500+0200: 4,122: Total time for which application threads were stopped: 0,0001173 seconds, Stopping threads took: 0,0000200 seconds
2017-07-19T18:13:24.501+0200: 4,122: Total time for which application threads were stopped: 0,0000553 seconds, Stopping threads took: 0,0000095 seconds
2017-07-19T18:13:24.501+0200: 4,122: Total time for which application threads were stopped: 0,0001066 seconds, Stopping threads took: 0,0000250 seconds
2017-07-19T18:13:24.513+0200: 4,135: Total time for which application threads were stopped: 0,0001297 seconds, Stopping threads took: 0,0000313 seconds
2017-07-19T18:13:24.514+0200: 4,135: Total time for which application threads were stopped: 0,0000993 seconds, Stopping threads took: 0,0000270 seconds
2017-07-19T18:13:24.536+0200: 4,157: Total time for which application threads were stopped: 0,0001378 seconds, Stopping threads took: 0,0000292 seconds
2017-07-19T18:13:24.569+0200: 4,191: Total time for which application threads were stopped: 0,0027546 seconds, Stopping threads took: 0,0002407 seconds
2017-07-19T18:13:24.597+0200: 4,218: Total time for which application threads were stopped: 0,0001574 seconds, Stopping threads took: 0,0000330 seconds
2017-07-19T18:13:24.641+0200: 4,263: Total time for which application threads were stopped: 0,0323620 seconds, Stopping threads took: 0,0322315 seconds
2017-07-19T18:13:24.641+0200: 4,263: Total time for which application threads were stopped: 0,0001126 seconds, Stopping threads took: 0,0000241 seconds
2017-07-19T18:13:24.673+0200: 4,295: Total time for which application threads were stopped: 0,0001514 seconds, Stopping threads took: 0,0000347 seconds
2017-07-19T18:13:24.860+0200: 4,481: Total time for which application threads were stopped: 0,0005278 seconds, Stopping threads took: 0,0000351 seconds
2017-07-19T18:13:24.878+0200: 4,499: Total time for which application threads were stopped: 0,0001806 seconds, Stopping threads took: 0,0000463 seconds
2017-07-19T18:13:24.893+0200: 4,514: Total time for which application threads were stopped: 0,0005197 seconds, Stopping threads took: 0,0000332 seconds
2017-07-19T18:13:24.894+0200: 4,516: Total time for which application threads were stopped: 0,0001375 seconds, Stopping threads took: 0,0000313 seconds
2017-07-19T18:13:24.897+0200: 4,519: Total time for which application threads were stopped: 0,0001228 seconds, Stopping threads took: 0,0000291 seconds
2017-07-19T18:13:24.902+0200: 4,523: Total time for which application threads were stopped: 0,0036623 seconds, Stopping threads took: 0,0035688 seconds
2017-07-19T18:13:24.908+0200: 4,529: Total time for which application threads were stopped: 0,0031310 seconds, Stopping threads took: 0,0030473 seconds
2017-07-19T18:13:24.913+0200: 4,534: Total time for which application threads were stopped: 0,0001414 seconds, Stopping threads took: 0,0000337 seconds
2017-07-19T18:13:24.914+0200: 4,535: Total time for which application threads were stopped: 0,0001127 seconds, Stopping threads took: 0,0000351 seconds
2017-07-19T18:13:24.914+0200: 4,536: Total time for which application threads were stopped: 0,0002248 seconds, Stopping threads took: 0,0000312 seconds
{Heap before GC invocations=8 (full 1):
 par new generation   total 109248K, used 100553K [0x00000000e0000000, 0x00000000e8000000, 0x00000000e8000000)
  eden space 87424K, 100% used [0x00000000e0000000, 0x00000000e5560000, 0x00000000e5560000)
  from space 21824K,  60% used [0x00000000e5560000, 0x00000000e6232580, 0x00000000e6ab0000)
  to   space 21824K,   0% used [0x00000000e6ab0000, 0x00000000e6ab0000, 0x00000000e8000000)
 concurrent mark-sweep generation total 393216K, used 0K [0x00000000e8000000, 0x0000000100000000, 0x0000000100000000)
 Metaspace       used 26519K, capacity 27048K, committed 27388K, reserved 1073152K
  class space    used 3039K, capacity 3231K, committed 3324K, reserved 1048576K
2017-07-19T18:13:24.926+0200: 4,547: [GC (Allocation Failure) 2017-07-19T18:13:24.926+0200: 4,547: [ParNew
Desired survivor size 20112992 bytes, new threshold 8 (max 8)
- age   1:    7433592 bytes,    7433592 total
- age   2:     162456 bytes,    7596048 total
- age   3:     203920 bytes,    7799968 total
- age   4:    1735224 bytes,    9535192 total
- age   5:      66848 bytes,    9602040 total
- age   6:      72232 bytes,    9674272 total
- age   7:     180728 bytes,    9855000 total
- age   8:     775352 bytes,   10630352 total
: 100553K->13857K(109248K), 0,0757250 secs] 100553K->20451K(502464K), 0,0758468 secs] [Times: user=0,12 sys=0,00, real=0,07 secs] 
Heap after GC invocations=9 (full 1):
 par new generation   total 109248K, used 13857K [0x00000000e0000000, 0x00000000e8000000, 0x00000000e8000000)
  eden space 87424K,   0% used [0x00000000e0000000, 0x00000000e0000000, 0x00000000e5560000)
  from space 21824K,  63% used [0x00000000e6ab0000, 0x00000000e78385b0, 0x00000000e8000000)
  to   space 21824K,   0% used [0x00000000e5560000, 0x00000000e5560000, 0x00000000e6ab0000)
 concurrent mark-sweep generation total 393216K, used 6593K [0x00000000e8000000, 0x0000000100000000, 0x0000000100000000)
 Metaspace       used 26519K, capacity 27048K, committed 27388K, reserved 1073152K
  class space    used 3039K, capacity 3231K, committed 3324K, reserved 1048576K
}
2017-07-19T18:13:25.002+0200: 4,623: Total time for which application threads were stopped: 0,0774964 seconds, Stopping threads took: 0,0014360 seconds
2017-07-19T18:13:25.054+0200: 4,676: Total time for which application threads were stopped: 0,0004426 seconds, Stopping threads took: 0,0000179 seconds
2017-07-19T18:13:25.064+0200: 4,685: Total time for which application threads were stopped: 0,0002547 seconds, Stopping threads took: 0,0000575 seconds
2017-07-19T18:13:25.071+0200: 4,692: Total time for which application threads were stopped: 0,0001149 seconds, Stopping threads took: 0,0000252 seconds
2017-07-19T18:13:25.071+0200: 4,693: Total time for which application threads were stopped: 0,0001379 seconds, Stopping threads took: 0,0000430 seconds
2017-07-19T18:13:25.087+0200: 4,708: Total time for which application threads were stopped: 0,0001411 seconds, Stopping threads took: 0,0000470 seconds
2017-07-19T18:13:25.128+0200: 4,750: Total time for which application threads were stopped: 0,0026732 seconds, Stopping threads took: 0,0025169 seconds
2017-07-19T18:13:25.140+0200: 4,761: Total time for which application threads were stopped: 0,0011311 seconds, Stopping threads took: 0,0010313 seconds
2017-07-19T18:13:25.143+0200: 4,765: Total time for which application threads were stopped: 0,0008200 seconds, Stopping threads took: 0,0007349 seconds
2017-07-19T18:13:25.165+0200: 4,786: Total time for which application threads were stopped: 0,0001244 seconds, Stopping threads took: 0,0000373 seconds
2017-07-19T18:13:25.176+0200: 4,797: Total time for which application threads were stopped: 0,0004982 seconds, Stopping threads took: 0,0003836 seconds
2017-07-19T18:13:25.184+0200: 4,806: Total time for which application threads were stopped: 0,0008811 seconds, Stopping threads took: 0,0007956 seconds
2017-07-19T18:13:25.203+0200: 4,825: Total time for which application threads were stopped: 0,0004964 seconds, Stopping threads took: 0,0003733 seconds
2017-07-19T18:13:25.213+0200: 4,834: Total time for which application threads were stopped: 0,0001276 seconds, Stopping threads took: 0,0000593 seconds
2017-07-19T18:13:25.238+0200: 4,860: Total time for which application threads were stopped: 0,0005261 seconds, Stopping threads took: 0,0000624 seconds
2017-07-19T18:13:26.239+0200: 5,861: Total time for which application threads were stopped: 0,0001034 seconds, Stopping threads took: 0,0000266 seconds
2017-07-19T18:13:28.240+0200: 7,861: Total time for which application threads were stopped: 0,0000705 seconds, Stopping threads took: 0,0000176 seconds
2017-07-19T18:15:19.580+0200: 117,873: Total time for which application threads were stopped: 0,0000932 seconds, Stopping threads took: 0,0000374 seconds
2017-07-19T18:15:23.580+0200: 121,874: Total time for which application threads were stopped: 0,0000775 seconds, Stopping threads took: 0,0000184 seconds
2017-07-19T18:36:53.724+0200: 1412,018: Total time for which application threads were stopped: 0,0001247 seconds, Stopping threads took: 0,0000538 seconds
2017-07-19T18:41:13.752+0200: 1672,045: Total time for which application threads were stopped: 0,0003978 seconds, Stopping threads took: 0,0001645 seconds
2017-07-19T18:51:43.819+0200: 2302,112: Total time for which application threads were stopped: 0,0001122 seconds, Stopping threads took: 0,0000402 seconds
2017-07-19T18:51:48.819+0200: 2307,113: Total time for which application threads were stopped: 0,0001009 seconds, Stopping threads took: 0,0000292 seconds
2017-07-19T19:06:38.937+0200: 3197,230: Total time for which application threads were stopped: 0,0001063 seconds, Stopping threads took: 0,0000383 seconds
2017-07-19T19:17:53.019+0200: 3871,312: Total time for which application threads were stopped: 0,0000933 seconds, Stopping threads took: 0,0000378 seconds
2017-07-19T19:18:03.020+0200: 3881,313: Total time for which application threads were stopped: 0,0000877 seconds, Stopping threads took: 0,0000196 seconds
2017-07-19T19:31:44.113+0200: 4702,406: Total time for which application threads were stopped: 0,0001174 seconds, Stopping threads took: 0,0000411 seconds
2017-07-19T20:00:04.301+0200: 6402,594: Total time for which application threads were stopped: 0,0000893 seconds, Stopping threads took: 0,0000319 seconds
2017-07-19T20:06:19.339+0200: 6777,632: Total time for which application threads were stopped: 0,0004202 seconds, Stopping threads took: 0,0001367 seconds
2017-07-19T20:15:53.401+0200: 7351,694: Total time for which application threads were stopped: 0,0001547 seconds, Stopping threads took: 0,0000537 seconds
2017-07-19T20:21:23.444+0200: 7681,737: Total time for which application threads were stopped: 0,0002201 seconds, Stopping threads took: 0,0000686 seconds
2017-07-19T20:33:39.531+0200: 8417,825: Total time for which application threads were stopped: 0,0596755 seconds, Stopping threads took: 0,0595913 seconds
2017-07-19T20:33:39.532+0200: 8417,825: Total time for which application threads were stopped: 0,0000646 seconds, Stopping threads took: 0,0000113 seconds
2017-07-19T20:33:39.533+0200: 8417,826: Total time for which application threads were stopped: 0,0000689 seconds, Stopping threads took: 0,0000103 seconds
2017-07-19T20:33:39.533+0200: 8417,826: Total time for which application threads were stopped: 0,0000380 seconds, Stopping threads took: 0,0000052 seconds
2017-07-19T20:33:39.533+0200: 8417,826: Total time for which application threads were stopped: 0,0000432 seconds, Stopping threads took: 0,0000058 seconds
2017-07-19T20:33:39.533+0200: 8417,826: Total time for which application threads were stopped: 0,0000389 seconds, Stopping threads took: 0,0000052 seconds
2017-07-19T20:33:39.533+0200: 8417,826: Total time for which application threads were stopped: 0,0000350 seconds, Stopping threads took: 0,0000044 seconds
2017-07-19T20:33:39.533+0200: 8417,826: Total time for which application threads were stopped: 0,0000336 seconds, Stopping threads took: 0,0000044 seconds
2017-07-19T20:33:39.533+0200: 8417,827: Total time for which application threads were stopped: 0,0000313 seconds, Stopping threads took: 0,0000044 seconds
2017-07-19T20:33:39.533+0200: 8417,827: Total time for which application threads were stopped: 0,0000346 seconds, Stopping threads took: 0,0000043 seconds
2017-07-19T20:33:39.533+0200: 8417,827: Total time for which application threads were stopped: 0,0000333 seconds, Stopping threads took: 0,0000047 seconds
2017-07-19T20:33:39.533+0200: 8417,827: Total time for which application threads were stopped: 0,0000353 seconds, Stopping threads took: 0,0000052 seconds
2017-07-19T20:33:39.534+0200: 8417,827: Total time for which application threads were stopped: 0,0000364 seconds, Stopping threads took: 0,0000068 seconds
2017-07-19T20:33:39.534+0200: 8417,827: Total time for which application threads were stopped: 0,0000336 seconds, Stopping threads took: 0,0000057 seconds
2017-07-19T20:33:39.534+0200: 8417,827: Total time for which application threads were stopped: 0,0000323 seconds, Stopping threads took: 0,0000046 seconds
2017-07-19T20:33:39.534+0200: 8417,827: Total time for which application threads were stopped: 0,0000412 seconds, Stopping threads took: 0,0000053 seconds
2017-07-19T20:33:39.534+0200: 8417,827: Total time for which application threads were stopped: 0,0000320 seconds, Stopping threads took: 0,0000049 seconds
2017-07-19T20:33:39.534+0200: 8417,827: Total time for which application threads were stopped: 0,0000338 seconds, Stopping threads took: 0,0000044 seconds
2017-07-19T20:33:39.545+0200: 8417,838: Total time for which application threads were stopped: 0,0001068 seconds, Stopping threads took: 0,0000353 seconds
2017-07-19T20:33:39.552+0200: 8417,846: Total time for which application threads were stopped: 0,0001167 seconds, Stopping threads took: 0,0000312 seconds
2017-07-19T20:33:39.552+0200: 8417,846: Total time for which application threads were stopped: 0,0000434 seconds, Stopping threads took: 0,0000062 seconds
2017-07-19T20:33:39.553+0200: 8417,846: Total time for which application threads were stopped: 0,0000727 seconds, Stopping threads took: 0,0000156 seconds
2017-07-19T20:33:39.553+0200: 8417,847: Total time for which application threads were stopped: 0,0000680 seconds, Stopping threads took: 0,0000071 seconds
2017-07-19T20:33:39.554+0200: 8417,847: Total time for which application threads were stopped: 0,0000623 seconds, Stopping threads took: 0,0000131 seconds
2017-07-19T20:33:39.554+0200: 8417,847: Total time for which application threads were stopped: 0,0000683 seconds, Stopping threads took: 0,0000105 seconds
2017-07-19T20:33:39.558+0200: 8417,851: Total time for which application threads were stopped: 0,0001011 seconds, Stopping threads took: 0,0000219 seconds
2017-07-19T20:33:39.558+0200: 8417,851: Total time for which application threads were stopped: 0,0000450 seconds, Stopping threads took: 0,0000056 seconds
2017-07-19T20:33:39.558+0200: 8417,851: Total time for which application threads were stopped: 0,0000376 seconds, Stopping threads took: 0,0000048 seconds
2017-07-19T20:33:39.558+0200: 8417,852: Total time for which application threads were stopped: 0,0000350 seconds, Stopping threads took: 0,0000046 seconds
2017-07-19T20:33:39.558+0200: 8417,852: Total time for which application threads were stopped: 0,0001375 seconds, Stopping threads took: 0,0000048 seconds
2017-07-19T20:33:39.558+0200: 8417,852: Total time for which application threads were stopped: 0,0000415 seconds, Stopping threads took: 0,0000061 seconds
2017-07-19T20:33:39.559+0200: 8417,852: Total time for which application threads were stopped: 0,0000414 seconds, Stopping threads took: 0,0000054 seconds
2017-07-19T20:33:39.559+0200: 8417,852: Total time for which application threads were stopped: 0,0000376 seconds, Stopping threads took: 0,0000047 seconds
2017-07-19T20:33:39.559+0200: 8417,852: Total time for which application threads were stopped: 0,0000404 seconds, Stopping threads took: 0,0000073 seconds
2017-07-19T20:33:39.559+0200: 8417,852: Total time for which application threads were stopped: 0,0000362 seconds, Stopping threads took: 0,0000046 seconds
2017-07-19T20:33:39.561+0200: 8417,854: Total time for which application threads were stopped: 0,0000930 seconds, Stopping threads took: 0,0000226 seconds
2017-07-19T20:33:39.561+0200: 8417,854: Total time for which application threads were stopped: 0,0000412 seconds, Stopping threads took: 0,0000059 seconds
2017-07-19T20:33:39.561+0200: 8417,854: Total time for which application threads were stopped: 0,0000514 seconds, Stopping threads took: 0,0000132 seconds
2017-07-19T20:33:39.561+0200: 8417,854: Total time for which application threads were stopped: 0,0000398 seconds, Stopping threads took: 0,0000051 seconds
2017-07-19T20:33:39.561+0200: 8417,855: Total time for which application threads were stopped: 0,0000742 seconds, Stopping threads took: 0,0000187 seconds
2017-07-19T20:33:39.561+0200: 8417,855: Total time for which application threads were stopped: 0,0000414 seconds, Stopping threads took: 0,0000057 seconds
2017-07-19T20:33:39.561+0200: 8417,855: Total time for which application threads were stopped: 0,0000402 seconds, Stopping threads took: 0,0000051 seconds
2017-07-19T20:33:39.563+0200: 8417,856: Total time for which application threads were stopped: 0,0000799 seconds, Stopping threads took: 0,0000136 seconds
2017-07-19T20:33:39.563+0200: 8417,856: Total time for which application threads were stopped: 0,0000436 seconds, Stopping threads took: 0,0000061 seconds
2017-07-19T20:33:39.563+0200: 8417,856: Total time for which application threads were stopped: 0,0000647 seconds, Stopping threads took: 0,0000051 seconds
2017-07-19T20:33:39.563+0200: 8417,856: Total time for which application threads were stopped: 0,0000406 seconds, Stopping threads took: 0,0000050 seconds
2017-07-19T20:33:39.563+0200: 8417,856: Total time for which application threads were stopped: 0,0000360 seconds, Stopping threads took: 0,0000049 seconds
2017-07-19T20:33:39.578+0200: 8417,871: Total time for which application threads were stopped: 0,0011055 seconds, Stopping threads took: 0,0010096 seconds
2017-07-19T20:33:39.578+0200: 8417,871: Total time for which application threads were stopped: 0,0000618 seconds, Stopping threads took: 0,0000237 seconds
2017-07-19T20:33:39.579+0200: 8417,872: Total time for which application threads were stopped: 0,0001018 seconds, Stopping threads took: 0,0000324 seconds
2017-07-19T20:33:39.579+0200: 8417,873: Total time for which application threads were stopped: 0,0003597 seconds, Stopping threads took: 0,0000297 seconds
2017-07-19T20:33:39.580+0200: 8417,873: Total time for which application threads were stopped: 0,0002502 seconds, Stopping threads took: 0,0001876 seconds
2017-07-19T20:33:39.580+0200: 8417,873: Total time for which application threads were stopped: 0,0000715 seconds, Stopping threads took: 0,0000268 seconds
2017-07-19T20:33:39.581+0200: 8417,874: Total time for which application threads were stopped: 0,0001363 seconds, Stopping threads took: 0,0000512 seconds
2017-07-19T20:33:39.581+0200: 8417,875: Total time for which application threads were stopped: 0,0000589 seconds, Stopping threads took: 0,0000218 seconds
2017-07-19T20:33:39.581+0200: 8417,875: Total time for which application threads were stopped: 0,0000499 seconds, Stopping threads took: 0,0000166 seconds
2017-07-19T20:33:39.582+0200: 8417,875: Total time for which application threads were stopped: 0,0000895 seconds, Stopping threads took: 0,0000318 seconds
2017-07-19T20:33:39.582+0200: 8417,876: Total time for which application threads were stopped: 0,0000769 seconds, Stopping threads took: 0,0000158 seconds
2017-07-19T20:33:39.583+0200: 8417,876: Total time for which application threads were stopped: 0,0000568 seconds, Stopping threads took: 0,0000225 seconds
2017-07-19T20:33:39.583+0200: 8417,876: Total time for which application threads were stopped: 0,0000395 seconds, Stopping threads took: 0,0000082 seconds
2017-07-19T20:33:39.584+0200: 8417,877: Total time for which application threads were stopped: 0,0003627 seconds, Stopping threads took: 0,0000401 seconds
2017-07-19T20:33:39.584+0200: 8417,877: Total time for which application threads were stopped: 0,0000728 seconds, Stopping threads took: 0,0000294 seconds
2017-07-19T20:33:39.584+0200: 8417,877: Total time for which application threads were stopped: 0,0000588 seconds, Stopping threads took: 0,0000187 seconds
2017-07-19T20:33:39.584+0200: 8417,878: Total time for which application threads were stopped: 0,0001018 seconds, Stopping threads took: 0,0000448 seconds
2017-07-19T20:33:39.585+0200: 8417,878: Total time for which application threads were stopped: 0,0000619 seconds, Stopping threads took: 0,0000195 seconds
2017-07-19T20:33:39.585+0200: 8417,878: Total time for which application threads were stopped: 0,0000458 seconds, Stopping threads took: 0,0000088 seconds
2017-07-19T20:33:39.585+0200: 8417,878: Total time for which application threads were stopped: 0,0000524 seconds, Stopping threads took: 0,0000179 seconds
2017-07-19T20:33:39.585+0200: 8417,878: Total time for which application threads were stopped: 0,0001565 seconds, Stopping threads took: 0,0000158 seconds
2017-07-19T20:33:39.585+0200: 8417,879: Total time for which application threads were stopped: 0,0000788 seconds, Stopping threads took: 0,0000283 seconds
2017-07-19T20:33:39.586+0200: 8417,879: Total time for which application threads were stopped: 0,0000753 seconds, Stopping threads took: 0,0000270 seconds
2017-07-19T20:33:39.587+0200: 8417,880: Total time for which application threads were stopped: 0,0001217 seconds, Stopping threads took: 0,0000304 seconds
2017-07-19T20:33:39.588+0200: 8417,881: Total time for which application threads were stopped: 0,0000830 seconds, Stopping threads took: 0,0000269 seconds
2017-07-19T20:33:39.588+0200: 8417,881: Total time for which application threads were stopped: 0,0000568 seconds, Stopping threads took: 0,0000227 seconds
2017-07-19T20:33:39.589+0200: 8417,882: Total time for which application threads were stopped: 0,0001184 seconds, Stopping threads took: 0,0000254 seconds
Heap
 par new generation   total 109248K, used 56434K [0x00000000e0000000, 0x00000000e8000000, 0x00000000e8000000)
  eden space 87424K,  48% used [0x00000000e0000000, 0x00000000e2994608, 0x00000000e5560000)
  from space 21824K,  63% used [0x00000000e6ab0000, 0x00000000e78385b0, 0x00000000e8000000)
  to   space 21824K,   0% used [0x00000000e5560000, 0x00000000e5560000, 0x00000000e6ab0000)
 concurrent mark-sweep generation total 393216K, used 6593K [0x00000000e8000000, 0x0000000100000000, 0x0000000100000000)
 Metaspace       used 28139K, capacity 28642K, committed 28796K, reserved 1075200K
  class space    used 3228K, capacity 3396K, committed 3452K, reserved 1048576K
