OpenJDK 64-Bit Server VM (25.111-b14) for linux-amd64 JRE (1.8.0_111-8u111-b14-2ubuntu0.16.04.2-b14), built on Oct 27 2016 18:10:19 by "buildd" with gcc 5.4.0 20160609
Memory: 4k page, physical 7867876k(7485060k free), swap 8076284k(8076284k free)
CommandLine flags: -XX:CMSInitiatingOccupancyFraction=50 -XX:CMSMaxAbortablePrecleanTime=6000 -XX:+CMSParallelRemarkEnabled -XX:+CMSScavengeBeforeRemark -XX:ConcGCThreads=4 -XX:InitialHeapSize=536870912 -XX:MaxHeapSize=536870912 -XX:MaxTenuringThreshold=8 -XX:NewRatio=3 -XX:OldPLABSize=16 -XX:OnOutOfMemoryError=/opt/solr/bin/oom_solr.sh 8983 /var/solr/logs -XX:ParallelGCThreads=4 -XX:+ParallelRefProcEnabled -XX:PretenureSizeThreshold=67108864 -XX:+PrintGC -XX:+PrintGCApplicationStoppedTime -XX:+PrintGCDateStamps -XX:+PrintGCDetails -XX:+PrintGCTimeStamps -XX:+PrintHeapAtGC -XX:+PrintTenuringDistribution -XX:SurvivorRatio=4 -XX:TargetSurvivorRatio=90 -XX:ThreadStackSize=256 -XX:+UseCMSInitiatingOccupancyOnly -XX:+UseCompressedClassPointers -XX:+UseCompressedOops -XX:+UseConcMarkSweepGC -XX:+UseParNewGC 
2016-11-12T09:26:00.331+0100: 0,111: Total time for which application threads were stopped: 0,0000685 seconds, Stopping threads took: 0,0000089 seconds
2016-11-12T09:26:00.411+0100: 0,190: Total time for which application threads were stopped: 0,0000942 seconds, Stopping threads took: 0,0000151 seconds
2016-11-12T09:26:00.425+0100: 0,205: Total time for which application threads were stopped: 0,0000714 seconds, Stopping threads took: 0,0000082 seconds
2016-11-12T09:26:00.575+0100: 0,355: Total time for which application threads were stopped: 0,0001313 seconds, Stopping threads took: 0,0000145 seconds
2016-11-12T09:26:00.747+0100: 0,527: Total time for which application threads were stopped: 0,0001224 seconds, Stopping threads took: 0,0000141 seconds
2016-11-12T09:26:00.805+0100: 0,584: Total time for which application threads were stopped: 0,0001461 seconds, Stopping threads took: 0,0000156 seconds
2016-11-12T09:26:00.821+0100: 0,601: Total time for which application threads were stopped: 0,0001934 seconds, Stopping threads took: 0,0000363 seconds
2016-11-12T09:26:01.064+0100: 0,844: Total time for which application threads were stopped: 0,0002130 seconds, Stopping threads took: 0,0000357 seconds
2016-11-12T09:26:01.462+0100: 1,241: Total time for which application threads were stopped: 0,0002670 seconds, Stopping threads took: 0,0000261 seconds
2016-11-12T09:26:01.496+0100: 1,276: Total time for which application threads were stopped: 0,0002205 seconds, Stopping threads took: 0,0000284 seconds
2016-11-12T09:26:01.498+0100: 1,277: Total time for which application threads were stopped: 0,0001852 seconds, Stopping threads took: 0,0000196 seconds
2016-11-12T09:26:01.515+0100: 1,295: Total time for which application threads were stopped: 0,0002729 seconds, Stopping threads took: 0,0000363 seconds
2016-11-12T09:26:01.635+0100: 1,415: Total time for which application threads were stopped: 0,0003718 seconds, Stopping threads took: 0,0000561 seconds
2016-11-12T09:26:01.859+0100: 1,638: Total time for which application threads were stopped: 0,0005016 seconds, Stopping threads took: 0,0002742 seconds
{Heap before GC invocations=0 (full 0):
 par new generation   total 109248K, used 87424K [0x00000000e0000000, 0x00000000e8000000, 0x00000000e8000000)
  eden space 87424K, 100% used [0x00000000e0000000, 0x00000000e5560000, 0x00000000e5560000)
  from space 21824K,   0% used [0x00000000e5560000, 0x00000000e5560000, 0x00000000e6ab0000)
  to   space 21824K,   0% used [0x00000000e6ab0000, 0x00000000e6ab0000, 0x00000000e8000000)
 concurrent mark-sweep generation total 393216K, used 0K [0x00000000e8000000, 0x0000000100000000, 0x0000000100000000)
 Metaspace       used 17940K, capacity 18238K, committed 18304K, reserved 1064960K
  class space    used 2044K, capacity 2162K, committed 2176K, reserved 1048576K
2016-11-12T09:26:01.996+0100: 1,775: [GC (Allocation Failure) 2016-11-12T09:26:01.996+0100: 1,775: [ParNew
Desired survivor size 20112992 bytes, new threshold 8 (max 8)
- age   1:   12036208 bytes,   12036208 total
: 87424K->11869K(109248K), 0,0291166 secs] 87424K->11869K(502464K), 0,0292063 secs] [Times: user=0,07 sys=0,02, real=0,02 secs] 
Heap after GC invocations=1 (full 0):
 par new generation   total 109248K, used 11869K [0x00000000e0000000, 0x00000000e8000000, 0x00000000e8000000)
  eden space 87424K,   0% used [0x00000000e0000000, 0x00000000e0000000, 0x00000000e5560000)
  from space 21824K,  54% used [0x00000000e6ab0000, 0x00000000e7647640, 0x00000000e8000000)
  to   space 21824K,   0% used [0x00000000e5560000, 0x00000000e5560000, 0x00000000e6ab0000)
 concurrent mark-sweep generation total 393216K, used 0K [0x00000000e8000000, 0x0000000100000000, 0x0000000100000000)
 Metaspace       used 17940K, capacity 18238K, committed 18304K, reserved 1064960K
  class space    used 2044K, capacity 2162K, committed 2176K, reserved 1048576K
}
2016-11-12T09:26:02.025+0100: 1,805: Total time for which application threads were stopped: 0,0293766 seconds, Stopping threads took: 0,0000193 seconds
2016-11-12T09:26:02.299+0100: 2,078: Total time for which application threads were stopped: 0,0018096 seconds, Stopping threads took: 0,0006396 seconds
2016-11-12T09:26:02.360+0100: 2,140: Total time for which application threads were stopped: 0,0003135 seconds, Stopping threads took: 0,0000382 seconds
2016-11-12T09:26:02.397+0100: 2,177: Total time for which application threads were stopped: 0,0014683 seconds, Stopping threads took: 0,0000270 seconds
{Heap before GC invocations=1 (full 0):
 par new generation   total 109248K, used 99293K [0x00000000e0000000, 0x00000000e8000000, 0x00000000e8000000)
  eden space 87424K, 100% used [0x00000000e0000000, 0x00000000e5560000, 0x00000000e5560000)
  from space 21824K,  54% used [0x00000000e6ab0000, 0x00000000e7647640, 0x00000000e8000000)
  to   space 21824K,   0% used [0x00000000e5560000, 0x00000000e5560000, 0x00000000e6ab0000)
 concurrent mark-sweep generation total 393216K, used 0K [0x00000000e8000000, 0x0000000100000000, 0x0000000100000000)
 Metaspace       used 20689K, capacity 21016K, committed 21248K, reserved 1069056K
  class space    used 2403K, capacity 2518K, committed 2560K, reserved 1048576K
2016-11-12T09:26:02.614+0100: 2,393: [GC (Allocation Failure) 2016-11-12T09:26:02.614+0100: 2,393: [ParNew
Desired survivor size 20112992 bytes, new threshold 8 (max 8)
- age   1:    3671440 bytes,    3671440 total
- age   2:    6067792 bytes,    9739232 total
: 99293K->14825K(109248K), 0,0182319 secs] 99293K->14825K(502464K), 0,0183214 secs] [Times: user=0,06 sys=0,00, real=0,02 secs] 
Heap after GC invocations=2 (full 0):
 par new generation   total 109248K, used 14825K [0x00000000e0000000, 0x00000000e8000000, 0x00000000e8000000)
  eden space 87424K,   0% used [0x00000000e0000000, 0x00000000e0000000, 0x00000000e5560000)
  from space 21824K,  67% used [0x00000000e5560000, 0x00000000e63da4c0, 0x00000000e6ab0000)
  to   space 21824K,   0% used [0x00000000e6ab0000, 0x00000000e6ab0000, 0x00000000e8000000)
 concurrent mark-sweep generation total 393216K, used 0K [0x00000000e8000000, 0x0000000100000000, 0x0000000100000000)
 Metaspace       used 20689K, capacity 21016K, committed 21248K, reserved 1069056K
  class space    used 2403K, capacity 2518K, committed 2560K, reserved 1048576K
}
2016-11-12T09:26:02.632+0100: 2,412: Total time for which application threads were stopped: 0,0185311 seconds, Stopping threads took: 0,0000390 seconds
2016-11-12T09:26:02.694+0100: 2,474: Total time for which application threads were stopped: 0,0000854 seconds, Stopping threads took: 0,0000144 seconds
2016-11-12T09:26:02.724+0100: 2,504: Total time for which application threads were stopped: 0,0002685 seconds, Stopping threads took: 0,0000209 seconds
2016-11-12T09:26:02.730+0100: 2,510: Total time for which application threads were stopped: 0,0000715 seconds, Stopping threads took: 0,0000124 seconds
2016-11-12T09:26:02.752+0100: 2,532: Total time for which application threads were stopped: 0,0000822 seconds, Stopping threads took: 0,0000220 seconds
2016-11-12T09:26:02.834+0100: 2,614: Total time for which application threads were stopped: 0,0001420 seconds, Stopping threads took: 0,0000397 seconds
2016-11-12T09:26:02.854+0100: 2,633: Total time for which application threads were stopped: 0,0000869 seconds, Stopping threads took: 0,0000274 seconds
2016-11-12T09:26:02.862+0100: 2,641: Total time for which application threads were stopped: 0,0003086 seconds, Stopping threads took: 0,0000146 seconds
2016-11-12T09:26:02.870+0100: 2,649: Total time for which application threads were stopped: 0,0003005 seconds, Stopping threads took: 0,0000185 seconds
2016-11-12T09:26:02.878+0100: 2,657: Total time for which application threads were stopped: 0,0001006 seconds, Stopping threads took: 0,0000303 seconds
2016-11-12T09:26:02.913+0100: 2,692: Total time for which application threads were stopped: 0,0000697 seconds, Stopping threads took: 0,0000142 seconds
2016-11-12T09:26:02.925+0100: 2,704: Total time for which application threads were stopped: 0,0000815 seconds, Stopping threads took: 0,0000180 seconds
2016-11-12T09:26:02.947+0100: 2,727: Total time for which application threads were stopped: 0,0000861 seconds, Stopping threads took: 0,0000200 seconds
2016-11-12T09:26:02.965+0100: 2,745: Total time for which application threads were stopped: 0,0000767 seconds, Stopping threads took: 0,0000171 seconds
2016-11-12T09:26:03.010+0100: 2,790: Total time for which application threads were stopped: 0,0001103 seconds, Stopping threads took: 0,0000207 seconds
2016-11-12T09:26:03.058+0100: 2,838: Total time for which application threads were stopped: 0,0001636 seconds, Stopping threads took: 0,0000835 seconds
2016-11-12T09:26:03.088+0100: 2,868: Total time for which application threads were stopped: 0,0001034 seconds, Stopping threads took: 0,0000312 seconds
{Heap before GC invocations=2 (full 0):
 par new generation   total 109248K, used 102249K [0x00000000e0000000, 0x00000000e8000000, 0x00000000e8000000)
  eden space 87424K, 100% used [0x00000000e0000000, 0x00000000e5560000, 0x00000000e5560000)
  from space 21824K,  67% used [0x00000000e5560000, 0x00000000e63da4c0, 0x00000000e6ab0000)
  to   space 21824K,   0% used [0x00000000e6ab0000, 0x00000000e6ab0000, 0x00000000e8000000)
 concurrent mark-sweep generation total 393216K, used 0K [0x00000000e8000000, 0x0000000100000000, 0x0000000100000000)
 Metaspace       used 24795K, capacity 25160K, committed 25536K, reserved 1071104K
  class space    used 2894K, capacity 3025K, committed 3092K, reserved 1048576K
2016-11-12T09:26:03.096+0100: 2,875: [GC (Allocation Failure) 2016-11-12T09:26:03.096+0100: 2,875: [ParNew
Desired survivor size 20112992 bytes, new threshold 8 (max 8)
- age   1:    5275384 bytes,    5275384 total
- age   2:     583344 bytes,    5858728 total
- age   3:    6051880 bytes,   11910608 total
: 102249K->12692K(109248K), 0,0188257 secs] 102249K->12692K(502464K), 0,0189054 secs] [Times: user=0,07 sys=0,00, real=0,01 secs] 
Heap after GC invocations=3 (full 0):
 par new generation   total 109248K, used 12692K [0x00000000e0000000, 0x00000000e8000000, 0x00000000e8000000)
  eden space 87424K,   0% used [0x00000000e0000000, 0x00000000e0000000, 0x00000000e5560000)
  from space 21824K,  58% used [0x00000000e6ab0000, 0x00000000e7715220, 0x00000000e8000000)
  to   space 21824K,   0% used [0x00000000e5560000, 0x00000000e5560000, 0x00000000e6ab0000)
 concurrent mark-sweep generation total 393216K, used 0K [0x00000000e8000000, 0x0000000100000000, 0x0000000100000000)
 Metaspace       used 24795K, capacity 25160K, committed 25536K, reserved 1071104K
  class space    used 2894K, capacity 3025K, committed 3092K, reserved 1048576K
}
2016-11-12T09:26:03.115+0100: 2,894: Total time for which application threads were stopped: 0,0190680 seconds, Stopping threads took: 0,0000252 seconds
2016-11-12T09:26:03.115+0100: 2,894: [GC (CMS Initial Mark) [1 CMS-initial-mark: 0K(393216K)] 12693K(502464K), 0,0045002 secs] [Times: user=0,01 sys=0,00, real=0,01 secs] 
2016-11-12T09:26:03.119+0100: 2,899: Total time for which application threads were stopped: 0,0046192 seconds, Stopping threads took: 0,0000399 seconds
2016-11-12T09:26:03.119+0100: 2,899: [CMS-concurrent-mark-start]
2016-11-12T09:26:03.120+0100: 2,900: [CMS-concurrent-mark: 0,001/0,001 secs] [Times: user=0,00 sys=0,00, real=0,00 secs] 
2016-11-12T09:26:03.120+0100: 2,900: [CMS-concurrent-preclean-start]
2016-11-12T09:26:03.121+0100: 2,901: [CMS-concurrent-preclean: 0,001/0,001 secs] [Times: user=0,01 sys=0,00, real=0,00 secs] 
2016-11-12T09:26:03.121+0100: 2,901: [GC (CMS Final Remark) [YG occupancy: 13285 K (109248 K)]{Heap before GC invocations=3 (full 1):
 par new generation   total 109248K, used 13285K [0x00000000e0000000, 0x00000000e8000000, 0x00000000e8000000)
  eden space 87424K,   0% used [0x00000000e0000000, 0x00000000e0094548, 0x00000000e5560000)
  from space 21824K,  58% used [0x00000000e6ab0000, 0x00000000e7715220, 0x00000000e8000000)
  to   space 21824K,   0% used [0x00000000e5560000, 0x00000000e5560000, 0x00000000e6ab0000)
 concurrent mark-sweep generation total 393216K, used 0K [0x00000000e8000000, 0x0000000100000000, 0x0000000100000000)
 Metaspace       used 24795K, capacity 25160K, committed 25536K, reserved 1071104K
  class space    used 2894K, capacity 3025K, committed 3092K, reserved 1048576K
2016-11-12T09:26:03.121+0100: 2,901: [GC (CMS Final Remark) 2016-11-12T09:26:03.121+0100: 2,901: [ParNew
Desired survivor size 20112992 bytes, new threshold 8 (max 8)
- age   1:     607560 bytes,     607560 total
- age   2:    5275384 bytes,    5882944 total
- age   3:     583344 bytes,    6466288 total
- age   4:    6051960 bytes,   12518248 total
: 13285K->14671K(109248K), 0,0093869 secs] 13285K->14671K(502464K), 0,0094194 secs] [Times: user=0,03 sys=0,00, real=0,01 secs] 
Heap after GC invocations=4 (full 1):
 par new generation   total 109248K, used 14671K [0x00000000e0000000, 0x00000000e8000000, 0x00000000e8000000)
  eden space 87424K,   0% used [0x00000000e0000000, 0x00000000e0000000, 0x00000000e5560000)
  from space 21824K,  67% used [0x00000000e5560000, 0x00000000e63b3fe0, 0x00000000e6ab0000)
  to   space 21824K,   0% used [0x00000000e6ab0000, 0x00000000e6ab0000, 0x00000000e8000000)
 concurrent mark-sweep generation total 393216K, used 0K [0x00000000e8000000, 0x0000000100000000, 0x0000000100000000)
 Metaspace       used 24795K, capacity 25160K, committed 25536K, reserved 1071104K
  class space    used 2894K, capacity 3025K, committed 3092K, reserved 1048576K
}
2016-11-12T09:26:03.131+0100: 2,910: [Rescan (parallel) , 0,0036518 secs]2016-11-12T09:26:03.134+0100: 2,914: [weak refs processing, 0,0008503 secs]2016-11-12T09:26:03.135+0100: 2,915: [class unloading, 0,0030854 secs]2016-11-12T09:26:03.138+0100: 2,918: [scrub symbol table, 0,0034151 secs]2016-11-12T09:26:03.142+0100: 2,921: [scrub string table, 0,0004109 secs][1 CMS-remark: 0K(393216K)] 14671K(502464K), 0,0215559 secs] [Times: user=0,06 sys=0,00, real=0,02 secs] 
2016-11-12T09:26:03.143+0100: 2,922: Total time for which application threads were stopped: 0,0216689 seconds, Stopping threads took: 0,0000430 seconds
2016-11-12T09:26:03.143+0100: 2,922: [CMS-concurrent-sweep-start]
2016-11-12T09:26:03.143+0100: 2,922: [CMS-concurrent-sweep: 0,000/0,000 secs] [Times: user=0,00 sys=0,00, real=0,00 secs] 
2016-11-12T09:26:03.143+0100: 2,922: [CMS-concurrent-reset-start]
2016-11-12T09:26:03.144+0100: 2,924: [CMS-concurrent-reset: 0,001/0,001 secs] [Times: user=0,00 sys=0,00, real=0,00 secs] 
2016-11-12T09:26:03.224+0100: 3,003: Total time for which application threads were stopped: 0,0003792 seconds, Stopping threads took: 0,0000237 seconds
2016-11-12T09:26:04.224+0100: 4,004: Total time for which application threads were stopped: 0,0000911 seconds, Stopping threads took: 0,0000162 seconds
2016-11-12T09:26:04.267+0100: 4,047: Total time for which application threads were stopped: 0,0003240 seconds, Stopping threads took: 0,0000177 seconds
2016-11-12T09:28:42.285+0100: 162,064: Total time for which application threads were stopped: 0,0000937 seconds, Stopping threads took: 0,0000404 seconds
2016-11-12T09:28:47.285+0100: 167,065: Total time for which application threads were stopped: 0,0001559 seconds, Stopping threads took: 0,0000567 seconds
2016-11-12T09:29:37.291+0100: 217,071: Total time for which application threads were stopped: 0,0003933 seconds, Stopping threads took: 0,0001573 seconds
2016-11-12T09:30:47.299+0100: 287,079: Total time for which application threads were stopped: 0,0000754 seconds, Stopping threads took: 0,0000318 seconds
2016-11-12T09:46:32.400+0100: 1232,180: Total time for which application threads were stopped: 0,0000754 seconds, Stopping threads took: 0,0000316 seconds
2016-11-12T09:49:41.419+0100: 1421,198: Total time for which application threads were stopped: 0,0000926 seconds, Stopping threads took: 0,0000424 seconds
2016-11-12T09:52:31.436+0100: 1591,216: Total time for which application threads were stopped: 0,0000808 seconds, Stopping threads took: 0,0000316 seconds
2016-11-12T09:54:26.449+0100: 1706,229: Total time for which application threads were stopped: 0,0001188 seconds, Stopping threads took: 0,0000462 seconds
2016-11-12T09:54:31.450+0100: 1711,230: Total time for which application threads were stopped: 0,0000604 seconds, Stopping threads took: 0,0000147 seconds
2016-11-12T09:56:26.462+0100: 1826,241: Total time for which application threads were stopped: 0,0000881 seconds, Stopping threads took: 0,0000321 seconds
2016-11-12T10:04:41.507+0100: 2321,286: Total time for which application threads were stopped: 0,0004535 seconds, Stopping threads took: 0,0001548 seconds
2016-11-12T10:04:42.507+0100: 2322,287: Total time for which application threads were stopped: 0,0003471 seconds, Stopping threads took: 0,0001456 seconds
2016-11-12T10:08:51.530+0100: 2571,310: Total time for which application threads were stopped: 0,0000743 seconds, Stopping threads took: 0,0000301 seconds
2016-11-12T10:09:06.532+0100: 2586,311: Total time for which application threads were stopped: 0,0000752 seconds, Stopping threads took: 0,0000307 seconds
2016-11-12T10:21:52.605+0100: 3352,384: Total time for which application threads were stopped: 0,0001118 seconds, Stopping threads took: 0,0000361 seconds
2016-11-12T10:22:01.606+0100: 3361,385: Total time for which application threads were stopped: 0,0000568 seconds, Stopping threads took: 0,0000141 seconds
2016-11-12T10:30:06.655+0100: 3846,434: Total time for which application threads were stopped: 0,0000970 seconds, Stopping threads took: 0,0000369 seconds
2016-11-12T10:30:21.656+0100: 3861,436: Total time for which application threads were stopped: 0,0000672 seconds, Stopping threads took: 0,0000161 seconds
2016-11-12T10:31:36.664+0100: 3936,443: Total time for which application threads were stopped: 0,0001012 seconds, Stopping threads took: 0,0000472 seconds
2016-11-12T10:33:01.672+0100: 4021,452: Total time for which application threads were stopped: 0,0000743 seconds, Stopping threads took: 0,0000309 seconds
2016-11-12T11:13:11.919+0100: 6431,699: Total time for which application threads were stopped: 0,0000788 seconds, Stopping threads took: 0,0000334 seconds
2016-11-12T11:15:31.934+0100: 6571,713: Total time for which application threads were stopped: 0,0000763 seconds, Stopping threads took: 0,0000286 seconds
2016-11-12T11:21:56.976+0100: 6956,755: Total time for which application threads were stopped: 0,0001151 seconds, Stopping threads took: 0,0000491 seconds
2016-11-12T11:31:02.035+0100: 7501,815: Total time for which application threads were stopped: 0,0000840 seconds, Stopping threads took: 0,0000305 seconds
2016-11-12T11:31:32.039+0100: 7531,818: Total time for which application threads were stopped: 0,0000732 seconds, Stopping threads took: 0,0000292 seconds
2016-11-12T11:34:02.054+0100: 7681,833: Total time for which application threads were stopped: 0,0000838 seconds, Stopping threads took: 0,0000331 seconds
2016-11-12T11:34:32.057+0100: 7711,837: Total time for which application threads were stopped: 0,0001015 seconds, Stopping threads took: 0,0000407 seconds
2016-11-12T12:30:05.356+0100: 11045,136: Total time for which application threads were stopped: 0,0001298 seconds, Stopping threads took: 0,0000288 seconds
Heap
 par new generation   total 109248K, used 59018K [0x00000000e0000000, 0x00000000e8000000, 0x00000000e8000000)
  eden space 87424K,  50% used [0x00000000e0000000, 0x00000000e2b4eb00, 0x00000000e5560000)
  from space 21824K,  67% used [0x00000000e5560000, 0x00000000e63b3fe0, 0x00000000e6ab0000)
  to   space 21824K,   0% used [0x00000000e6ab0000, 0x00000000e6ab0000, 0x00000000e8000000)
 concurrent mark-sweep generation total 393216K, used 0K [0x00000000e8000000, 0x0000000100000000, 0x0000000100000000)
 Metaspace       used 27252K, capacity 27732K, committed 27924K, reserved 1073152K
  class space    used 3167K, capacity 3321K, committed 3348K, reserved 1048576K
