OpenJDK 64-Bit Server VM (25.111-b14) for linux-amd64 JRE (1.8.0_111-8u111-b14-2ubuntu0.16.04.2-b14), built on Oct 27 2016 18:10:19 by "buildd" with gcc 5.4.0 20160609
Memory: 4k page, physical 7867804k(7512620k free), swap 8076284k(8076284k free)
CommandLine flags: -XX:CMSInitiatingOccupancyFraction=50 -XX:CMSMaxAbortablePrecleanTime=6000 -XX:+CMSParallelRemarkEnabled -XX:+CMSScavengeBeforeRemark -XX:ConcGCThreads=4 -XX:InitialHeapSize=536870912 -XX:MaxHeapSize=536870912 -XX:MaxTenuringThreshold=8 -XX:NewRatio=3 -XX:OldPLABSize=16 -XX:OnOutOfMemoryError=/opt/solr/bin/oom_solr.sh 8983 /var/solr/logs -XX:ParallelGCThreads=4 -XX:+ParallelRefProcEnabled -XX:PretenureSizeThreshold=67108864 -XX:+PrintGC -XX:+PrintGCApplicationStoppedTime -XX:+PrintGCDateStamps -XX:+PrintGCDetails -XX:+PrintGCTimeStamps -XX:+PrintHeapAtGC -XX:+PrintTenuringDistribution -XX:SurvivorRatio=4 -XX:TargetSurvivorRatio=90 -XX:ThreadStackSize=256 -XX:+UseCMSInitiatingOccupancyOnly -XX:+UseCompressedClassPointers -XX:+UseCompressedOops -XX:+UseConcMarkSweepGC -XX:+UseParNewGC 
2017-01-10T22:36:01.770+0100: 0,146: Total time for which application threads were stopped: 0,0000740 seconds, Stopping threads took: 0,0000138 seconds
2017-01-10T22:36:01.857+0100: 0,232: Total time for which application threads were stopped: 0,0001232 seconds, Stopping threads took: 0,0000165 seconds
2017-01-10T22:36:01.871+0100: 0,246: Total time for which application threads were stopped: 0,0000695 seconds, Stopping threads took: 0,0000087 seconds
2017-01-10T22:36:02.057+0100: 0,432: Total time for which application threads were stopped: 0,0001352 seconds, Stopping threads took: 0,0000196 seconds
2017-01-10T22:36:02.498+0100: 0,873: Total time for which application threads were stopped: 0,0001756 seconds, Stopping threads took: 0,0000231 seconds
2017-01-10T22:36:02.615+0100: 0,991: Total time for which application threads were stopped: 0,0001876 seconds, Stopping threads took: 0,0000224 seconds
2017-01-10T22:36:02.707+0100: 1,082: Total time for which application threads were stopped: 0,0002096 seconds, Stopping threads took: 0,0000233 seconds
2017-01-10T22:36:03.082+0100: 1,457: Total time for which application threads were stopped: 0,0002513 seconds, Stopping threads took: 0,0000229 seconds
2017-01-10T22:36:03.306+0100: 1,681: Total time for which application threads were stopped: 0,0003661 seconds, Stopping threads took: 0,0000249 seconds
2017-01-10T22:36:03.333+0100: 1,709: Total time for which application threads were stopped: 0,0002366 seconds, Stopping threads took: 0,0000263 seconds
2017-01-10T22:36:03.334+0100: 1,710: Total time for which application threads were stopped: 0,0002240 seconds, Stopping threads took: 0,0000194 seconds
2017-01-10T22:36:03.349+0100: 1,725: Total time for which application threads were stopped: 0,0002146 seconds, Stopping threads took: 0,0000266 seconds
2017-01-10T22:36:03.421+0100: 1,797: Total time for which application threads were stopped: 0,0002379 seconds, Stopping threads took: 0,0000212 seconds
2017-01-10T22:36:03.565+0100: 1,940: Total time for which application threads were stopped: 0,0002607 seconds, Stopping threads took: 0,0000704 seconds
{Heap before GC invocations=0 (full 0):
 par new generation   total 109248K, used 87424K [0x00000000e0000000, 0x00000000e8000000, 0x00000000e8000000)
  eden space 87424K, 100% used [0x00000000e0000000, 0x00000000e5560000, 0x00000000e5560000)
  from space 21824K,   0% used [0x00000000e5560000, 0x00000000e5560000, 0x00000000e6ab0000)
  to   space 21824K,   0% used [0x00000000e6ab0000, 0x00000000e6ab0000, 0x00000000e8000000)
 concurrent mark-sweep generation total 393216K, used 0K [0x00000000e8000000, 0x0000000100000000, 0x0000000100000000)
 Metaspace       used 18331K, capacity 18686K, committed 18944K, reserved 1067008K
  class space    used 2092K, capacity 2226K, committed 2304K, reserved 1048576K
2017-01-10T22:36:03.690+0100: 2,065: [GC (Allocation Failure) 2017-01-10T22:36:03.690+0100: 2,065: [ParNew
Desired survivor size 20112992 bytes, new threshold 8 (max 8)
- age   1:   12576840 bytes,   12576840 total
: 87424K->12401K(109248K), 0,0186103 secs] 87424K->12401K(502464K), 0,0187127 secs] [Times: user=0,05 sys=0,02, real=0,02 secs] 
Heap after GC invocations=1 (full 0):
 par new generation   total 109248K, used 12401K [0x00000000e0000000, 0x00000000e8000000, 0x00000000e8000000)
  eden space 87424K,   0% used [0x00000000e0000000, 0x00000000e0000000, 0x00000000e5560000)
  from space 21824K,  56% used [0x00000000e6ab0000, 0x00000000e76cc478, 0x00000000e8000000)
  to   space 21824K,   0% used [0x00000000e5560000, 0x00000000e5560000, 0x00000000e6ab0000)
 concurrent mark-sweep generation total 393216K, used 0K [0x00000000e8000000, 0x0000000100000000, 0x0000000100000000)
 Metaspace       used 18331K, capacity 18686K, committed 18944K, reserved 1067008K
  class space    used 2092K, capacity 2226K, committed 2304K, reserved 1048576K
}
2017-01-10T22:36:03.709+0100: 2,084: Total time for which application threads were stopped: 0,0189046 seconds, Stopping threads took: 0,0000327 seconds
2017-01-10T22:36:03.860+0100: 2,235: Total time for which application threads were stopped: 0,0003067 seconds, Stopping threads took: 0,0000471 seconds
2017-01-10T22:36:03.894+0100: 2,270: Total time for which application threads were stopped: 0,0003660 seconds, Stopping threads took: 0,0000447 seconds
2017-01-10T22:36:03.921+0100: 2,296: Total time for which application threads were stopped: 0,0003412 seconds, Stopping threads took: 0,0000360 seconds
{Heap before GC invocations=1 (full 0):
 par new generation   total 109248K, used 99825K [0x00000000e0000000, 0x00000000e8000000, 0x00000000e8000000)
  eden space 87424K, 100% used [0x00000000e0000000, 0x00000000e5560000, 0x00000000e5560000)
  from space 21824K,  56% used [0x00000000e6ab0000, 0x00000000e76cc478, 0x00000000e8000000)
  to   space 21824K,   0% used [0x00000000e5560000, 0x00000000e5560000, 0x00000000e6ab0000)
 concurrent mark-sweep generation total 393216K, used 0K [0x00000000e8000000, 0x0000000100000000, 0x0000000100000000)
 Metaspace       used 20729K, capacity 21020K, committed 21248K, reserved 1069056K
  class space    used 2405K, capacity 2518K, committed 2560K, reserved 1048576K
2017-01-10T22:36:04.094+0100: 2,470: [GC (Allocation Failure) 2017-01-10T22:36:04.095+0100: 2,470: [ParNew
Desired survivor size 20112992 bytes, new threshold 8 (max 8)
- age   1:    2770344 bytes,    2770344 total
- age   2:    6138592 bytes,    8908936 total
: 99825K->11413K(109248K), 0,0103670 secs] 99825K->11413K(502464K), 0,0104405 secs] [Times: user=0,04 sys=0,00, real=0,01 secs] 
Heap after GC invocations=2 (full 0):
 par new generation   total 109248K, used 11413K [0x00000000e0000000, 0x00000000e8000000, 0x00000000e8000000)
  eden space 87424K,   0% used [0x00000000e0000000, 0x00000000e0000000, 0x00000000e5560000)
  from space 21824K,  52% used [0x00000000e5560000, 0x00000000e60855a0, 0x00000000e6ab0000)
  to   space 21824K,   0% used [0x00000000e6ab0000, 0x00000000e6ab0000, 0x00000000e8000000)
 concurrent mark-sweep generation total 393216K, used 0K [0x00000000e8000000, 0x0000000100000000, 0x0000000100000000)
 Metaspace       used 20729K, capacity 21020K, committed 21248K, reserved 1069056K
  class space    used 2405K, capacity 2518K, committed 2560K, reserved 1048576K
}
2017-01-10T22:36:04.105+0100: 2,480: Total time for which application threads were stopped: 0,0106919 seconds, Stopping threads took: 0,0000448 seconds
2017-01-10T22:36:04.160+0100: 2,536: Total time for which application threads were stopped: 0,0000732 seconds, Stopping threads took: 0,0000130 seconds
2017-01-10T22:36:04.199+0100: 2,575: Total time for which application threads were stopped: 0,0003149 seconds, Stopping threads took: 0,0000289 seconds
2017-01-10T22:36:04.204+0100: 2,579: Total time for which application threads were stopped: 0,0001028 seconds, Stopping threads took: 0,0000325 seconds
2017-01-10T22:36:04.225+0100: 2,600: Total time for which application threads were stopped: 0,0001023 seconds, Stopping threads took: 0,0000385 seconds
2017-01-10T22:36:04.310+0100: 2,686: Total time for which application threads were stopped: 0,0001657 seconds, Stopping threads took: 0,0000245 seconds
2017-01-10T22:36:04.329+0100: 2,705: Total time for which application threads were stopped: 0,0000742 seconds, Stopping threads took: 0,0000133 seconds
2017-01-10T22:36:04.337+0100: 2,712: Total time for which application threads were stopped: 0,0002899 seconds, Stopping threads took: 0,0000334 seconds
2017-01-10T22:36:04.344+0100: 2,719: Total time for which application threads were stopped: 0,0002438 seconds, Stopping threads took: 0,0000140 seconds
2017-01-10T22:36:04.352+0100: 2,727: Total time for which application threads were stopped: 0,0001261 seconds, Stopping threads took: 0,0000572 seconds
2017-01-10T22:36:04.379+0100: 2,755: Total time for which application threads were stopped: 0,0001681 seconds, Stopping threads took: 0,0000939 seconds
2017-01-10T22:36:04.396+0100: 2,771: Total time for which application threads were stopped: 0,0000778 seconds, Stopping threads took: 0,0000176 seconds
2017-01-10T22:36:04.413+0100: 2,788: Total time for which application threads were stopped: 0,0000777 seconds, Stopping threads took: 0,0000137 seconds
2017-01-10T22:36:04.431+0100: 2,807: Total time for which application threads were stopped: 0,0000775 seconds, Stopping threads took: 0,0000169 seconds
2017-01-10T22:36:04.464+0100: 2,840: Total time for which application threads were stopped: 0,0001494 seconds, Stopping threads took: 0,0000631 seconds
2017-01-10T22:36:04.511+0100: 2,886: Total time for which application threads were stopped: 0,0001093 seconds, Stopping threads took: 0,0000263 seconds
2017-01-10T22:36:04.534+0100: 2,910: Total time for which application threads were stopped: 0,0001213 seconds, Stopping threads took: 0,0000355 seconds
2017-01-10T22:36:04.572+0100: 2,948: Total time for which application threads were stopped: 0,0001595 seconds, Stopping threads took: 0,0000321 seconds
{Heap before GC invocations=2 (full 0):
 par new generation   total 109248K, used 98837K [0x00000000e0000000, 0x00000000e8000000, 0x00000000e8000000)
  eden space 87424K, 100% used [0x00000000e0000000, 0x00000000e5560000, 0x00000000e5560000)
  from space 21824K,  52% used [0x00000000e5560000, 0x00000000e60855a0, 0x00000000e6ab0000)
  to   space 21824K,   0% used [0x00000000e6ab0000, 0x00000000e6ab0000, 0x00000000e8000000)
 concurrent mark-sweep generation total 393216K, used 0K [0x00000000e8000000, 0x0000000100000000, 0x0000000100000000)
 Metaspace       used 25106K, capacity 25512K, committed 25868K, reserved 1073152K
  class space    used 2924K, capacity 3057K, committed 3092K, reserved 1048576K
2017-01-10T22:36:04.574+0100: 2,949: [GC (Allocation Failure) 2017-01-10T22:36:04.574+0100: 2,949: [ParNew
Desired survivor size 20112992 bytes, new threshold 8 (max 8)
- age   1:    6935808 bytes,    6935808 total
- age   2:     517584 bytes,    7453392 total
- age   3:    6129040 bytes,   13582432 total
: 98837K->16784K(109248K), 0,0125456 secs] 98837K->16784K(502464K), 0,0126456 secs] [Times: user=0,04 sys=0,01, real=0,02 secs] 
Heap after GC invocations=3 (full 0):
 par new generation   total 109248K, used 16784K [0x00000000e0000000, 0x00000000e8000000, 0x00000000e8000000)
  eden space 87424K,   0% used [0x00000000e0000000, 0x00000000e0000000, 0x00000000e5560000)
  from space 21824K,  76% used [0x00000000e6ab0000, 0x00000000e7b14350, 0x00000000e8000000)
  to   space 21824K,   0% used [0x00000000e5560000, 0x00000000e5560000, 0x00000000e6ab0000)
 concurrent mark-sweep generation total 393216K, used 0K [0x00000000e8000000, 0x0000000100000000, 0x0000000100000000)
 Metaspace       used 25106K, capacity 25512K, committed 25868K, reserved 1073152K
  class space    used 2924K, capacity 3057K, committed 3092K, reserved 1048576K
}
2017-01-10T22:36:04.586+0100: 2,962: Total time for which application threads were stopped: 0,0128647 seconds, Stopping threads took: 0,0000226 seconds
2017-01-10T22:36:04.587+0100: 2,962: [GC (CMS Initial Mark) [1 CMS-initial-mark: 0K(393216K)] 16791K(502464K), 0,0056806 secs] [Times: user=0,02 sys=0,00, real=0,00 secs] 
2017-01-10T22:36:04.592+0100: 2,968: Total time for which application threads were stopped: 0,0058312 seconds, Stopping threads took: 0,0000410 seconds
2017-01-10T22:36:04.592+0100: 2,968: [CMS-concurrent-mark-start]
2017-01-10T22:36:04.594+0100: 2,969: [CMS-concurrent-mark: 0,002/0,002 secs] [Times: user=0,00 sys=0,00, real=0,00 secs] 
2017-01-10T22:36:04.594+0100: 2,969: [CMS-concurrent-preclean-start]
2017-01-10T22:36:04.597+0100: 2,973: [CMS-concurrent-preclean: 0,003/0,003 secs] [Times: user=0,02 sys=0,00, real=0,01 secs] 
2017-01-10T22:36:04.597+0100: 2,973: [GC (CMS Final Remark) [YG occupancy: 18199 K (109248 K)]{Heap before GC invocations=3 (full 1):
 par new generation   total 109248K, used 18199K [0x00000000e0000000, 0x00000000e8000000, 0x00000000e8000000)
  eden space 87424K,   1% used [0x00000000e0000000, 0x00000000e0161990, 0x00000000e5560000)
  from space 21824K,  76% used [0x00000000e6ab0000, 0x00000000e7b14350, 0x00000000e8000000)
  to   space 21824K,   0% used [0x00000000e5560000, 0x00000000e5560000, 0x00000000e6ab0000)
 concurrent mark-sweep generation total 393216K, used 0K [0x00000000e8000000, 0x0000000100000000, 0x0000000100000000)
 Metaspace       used 25141K, capacity 25512K, committed 25868K, reserved 1073152K
  class space    used 2927K, capacity 3057K, committed 3092K, reserved 1048576K
2017-01-10T22:36:04.597+0100: 2,973: [GC (CMS Final Remark) 2017-01-10T22:36:04.597+0100: 2,973: [ParNew
Desired survivor size 20112992 bytes, new threshold 8 (max 8)
- age   1:      17840 bytes,      17840 total
- age   2:    3182000 bytes,    3199840 total
- age   3:     517584 bytes,    3717424 total
- age   4:    6129040 bytes,    9846464 total
: 18199K->16858K(109248K), 0,0170188 secs] 18199K->16858K(502464K), 0,0170662 secs] [Times: user=0,05 sys=0,00, real=0,02 secs] 
Heap after GC invocations=4 (full 1):
 par new generation   total 109248K, used 16858K [0x00000000e0000000, 0x00000000e8000000, 0x00000000e8000000)
  eden space 87424K,   0% used [0x00000000e0000000, 0x00000000e0000000, 0x00000000e5560000)
  from space 21824K,  77% used [0x00000000e5560000, 0x00000000e65d6b80, 0x00000000e6ab0000)
  to   space 21824K,   0% used [0x00000000e6ab0000, 0x00000000e6ab0000, 0x00000000e8000000)
 concurrent mark-sweep generation total 393216K, used 0K [0x00000000e8000000, 0x0000000100000000, 0x0000000100000000)
 Metaspace       used 25141K, capacity 25512K, committed 25868K, reserved 1073152K
  class space    used 2927K, capacity 3057K, committed 3092K, reserved 1048576K
}
2017-01-10T22:36:04.615+0100: 2,990: [Rescan (parallel) , 0,0040468 secs]2017-01-10T22:36:04.619+0100: 2,994: [weak refs processing, 0,0013680 secs]2017-01-10T22:36:04.620+0100: 2,995: [class unloading, 0,0031489 secs]2017-01-10T22:36:04.623+0100: 2,999: [scrub symbol table, 0,0033770 secs]2017-01-10T22:36:04.627+0100: 3,002: [scrub string table, 0,0004005 secs][1 CMS-remark: 0K(393216K)] 16858K(502464K), 0,0301662 secs] [Times: user=0,08 sys=0,00, real=0,03 secs] 
2017-01-10T22:36:04.628+0100: 3,003: Total time for which application threads were stopped: 0,0303025 seconds, Stopping threads took: 0,0000403 seconds
2017-01-10T22:36:04.628+0100: 3,003: [CMS-concurrent-sweep-start]
2017-01-10T22:36:04.628+0100: 3,003: [CMS-concurrent-sweep: 0,000/0,000 secs] [Times: user=0,00 sys=0,00, real=0,00 secs] 
2017-01-10T22:36:04.628+0100: 3,003: [CMS-concurrent-reset-start]
2017-01-10T22:36:04.631+0100: 3,007: [CMS-concurrent-reset: 0,003/0,003 secs] [Times: user=0,01 sys=0,00, real=0,00 secs] 
2017-01-10T22:36:05.628+0100: 4,003: Total time for which application threads were stopped: 0,0001114 seconds, Stopping threads took: 0,0000202 seconds
2017-01-10T22:36:05.692+0100: 4,067: Total time for which application threads were stopped: 0,0003199 seconds, Stopping threads took: 0,0000214 seconds
2017-01-10T22:38:43.269+0100: 162,084: Total time for which application threads were stopped: 0,0000827 seconds, Stopping threads took: 0,0000358 seconds
2017-01-10T22:38:48.269+0100: 167,084: Total time for which application threads were stopped: 0,0000929 seconds, Stopping threads took: 0,0000262 seconds
2017-01-10T22:39:02.271+0100: 181,086: Total time for which application threads were stopped: 0,0004541 seconds, Stopping threads took: 0,0001979 seconds
2017-01-10T22:39:43.276+0100: 222,090: Total time for which application threads were stopped: 0,0001607 seconds, Stopping threads took: 0,0000616 seconds
2017-01-10T22:40:32.281+0100: 271,096: Total time for which application threads were stopped: 0,0000797 seconds, Stopping threads took: 0,0000331 seconds
2017-01-10T22:40:43.282+0100: 282,097: Total time for which application threads were stopped: 0,0001146 seconds, Stopping threads took: 0,0000451 seconds
2017-01-10T22:40:48.283+0100: 287,098: Total time for which application threads were stopped: 0,0000626 seconds, Stopping threads took: 0,0000160 seconds
2017-01-10T22:40:58.284+0100: 297,099: Total time for which application threads were stopped: 0,0000669 seconds, Stopping threads took: 0,0000179 seconds
2017-01-10T22:41:23.286+0100: 322,101: Total time for which application threads were stopped: 0,0000821 seconds, Stopping threads took: 0,0000331 seconds
2017-01-10T22:43:33.300+0100: 452,115: Total time for which application threads were stopped: 0,0000837 seconds, Stopping threads took: 0,0000371 seconds
2017-01-10T22:44:43.307+0100: 522,122: Total time for which application threads were stopped: 0,0000842 seconds, Stopping threads took: 0,0000356 seconds
2017-01-10T22:59:42.402+0100: 1421,217: Total time for which application threads were stopped: 0,0000840 seconds, Stopping threads took: 0,0000284 seconds
2017-01-10T23:03:28.425+0100: 1647,240: Total time for which application threads were stopped: 0,0000726 seconds, Stopping threads took: 0,0000302 seconds
2017-01-10T23:04:47.433+0100: 1726,248: Total time for which application threads were stopped: 0,0000835 seconds, Stopping threads took: 0,0000323 seconds
2017-01-10T23:14:42.499+0100: 2321,314: Total time for which application threads were stopped: 0,0000852 seconds, Stopping threads took: 0,0000337 seconds
2017-01-10T23:14:43.499+0100: 2322,314: Total time for which application threads were stopped: 0,0000648 seconds, Stopping threads took: 0,0000161 seconds
2017-01-10T23:29:18.605+0100: 3197,420: Total time for which application threads were stopped: 0,0000743 seconds, Stopping threads took: 0,0000309 seconds
2017-01-10T23:40:52.678+0100: 3891,493: Total time for which application threads were stopped: 0,0000736 seconds, Stopping threads took: 0,0000301 seconds
2017-01-10T23:43:02.693+0100: 4021,507: Total time for which application threads were stopped: 0,0000839 seconds, Stopping threads took: 0,0000276 seconds
2017-01-11T00:19:58.933+0100: 6237,747: Total time for which application threads were stopped: 0,0000825 seconds, Stopping threads took: 0,0000374 seconds
2017-01-11T00:21:08.943+0100: 6307,758: Total time for which application threads were stopped: 0,0000719 seconds, Stopping threads took: 0,0000287 seconds
2017-01-11T00:25:02.958+0100: 6541,773: Total time for which application threads were stopped: 0,0001774 seconds, Stopping threads took: 0,0000379 seconds
Heap
 par new generation   total 109248K, used 60848K [0x00000000e0000000, 0x00000000e8000000, 0x00000000e8000000)
  eden space 87424K,  50% used [0x00000000e0000000, 0x00000000e2af56e0, 0x00000000e5560000)
  from space 21824K,  77% used [0x00000000e5560000, 0x00000000e65d6b80, 0x00000000e6ab0000)
  to   space 21824K,   0% used [0x00000000e6ab0000, 0x00000000e6ab0000, 0x00000000e8000000)
 concurrent mark-sweep generation total 393216K, used 0K [0x00000000e8000000, 0x0000000100000000, 0x0000000100000000)
 Metaspace       used 27222K, capacity 27668K, committed 27916K, reserved 1073152K
  class space    used 3169K, capacity 3321K, committed 3348K, reserved 1048576K
