OpenJDK 64-Bit Server VM (25.111-b14) for linux-amd64 JRE (1.8.0_111-8u111-b14-2ubuntu0.16.04.2-b14), built on Oct 27 2016 18:10:19 by "buildd" with gcc 5.4.0 20160609
Memory: 4k page, physical 7867804k(7511616k free), swap 8076284k(8076284k free)
CommandLine flags: -XX:CMSInitiatingOccupancyFraction=50 -XX:CMSMaxAbortablePrecleanTime=6000 -XX:+CMSParallelRemarkEnabled -XX:+CMSScavengeBeforeRemark -XX:ConcGCThreads=4 -XX:InitialHeapSize=536870912 -XX:MaxHeapSize=536870912 -XX:MaxTenuringThreshold=8 -XX:NewRatio=3 -XX:OldPLABSize=16 -XX:OnOutOfMemoryError=/opt/solr/bin/oom_solr.sh 8983 /var/solr/logs -XX:ParallelGCThreads=4 -XX:+ParallelRefProcEnabled -XX:PretenureSizeThreshold=67108864 -XX:+PrintGC -XX:+PrintGCApplicationStoppedTime -XX:+PrintGCDateStamps -XX:+PrintGCDetails -XX:+PrintGCTimeStamps -XX:+PrintHeapAtGC -XX:+PrintTenuringDistribution -XX:SurvivorRatio=4 -XX:TargetSurvivorRatio=90 -XX:ThreadStackSize=256 -XX:+UseCMSInitiatingOccupancyOnly -XX:+UseCompressedClassPointers -XX:+UseCompressedOops -XX:+UseConcMarkSweepGC -XX:+UseParNewGC 
2017-01-07T00:21:34.465+0100: 0,117: Total time for which application threads were stopped: 0,0000764 seconds, Stopping threads took: 0,0000161 seconds
2017-01-07T00:21:34.529+0100: 0,181: Total time for which application threads were stopped: 0,0000991 seconds, Stopping threads took: 0,0000096 seconds
2017-01-07T00:21:34.540+0100: 0,192: Total time for which application threads were stopped: 0,0001168 seconds, Stopping threads took: 0,0000275 seconds
2017-01-07T00:21:34.757+0100: 0,409: Total time for which application threads were stopped: 0,0001057 seconds, Stopping threads took: 0,0000118 seconds
2017-01-07T00:21:35.269+0100: 0,922: Total time for which application threads were stopped: 0,0001523 seconds, Stopping threads took: 0,0000143 seconds
2017-01-07T00:21:35.384+0100: 1,036: Total time for which application threads were stopped: 0,0002199 seconds, Stopping threads took: 0,0000245 seconds
2017-01-07T00:21:35.404+0100: 1,056: Total time for which application threads were stopped: 0,0002396 seconds, Stopping threads took: 0,0000318 seconds
2017-01-07T00:21:35.670+0100: 1,322: Total time for which application threads were stopped: 0,0001502 seconds, Stopping threads took: 0,0000113 seconds
2017-01-07T00:21:35.884+0100: 1,536: Total time for which application threads were stopped: 0,0002079 seconds, Stopping threads took: 0,0000169 seconds
2017-01-07T00:21:35.908+0100: 1,560: Total time for which application threads were stopped: 0,0001861 seconds, Stopping threads took: 0,0000202 seconds
2017-01-07T00:21:35.912+0100: 1,564: Total time for which application threads were stopped: 0,0008213 seconds, Stopping threads took: 0,0000914 seconds
2017-01-07T00:21:35.925+0100: 1,577: Total time for which application threads were stopped: 0,0007080 seconds, Stopping threads took: 0,0000467 seconds
2017-01-07T00:21:36.033+0100: 1,686: Total time for which application threads were stopped: 0,0003533 seconds, Stopping threads took: 0,0001113 seconds
2017-01-07T00:21:36.198+0100: 1,850: Total time for which application threads were stopped: 0,0005105 seconds, Stopping threads took: 0,0003097 seconds
{Heap before GC invocations=0 (full 0):
 par new generation   total 109248K, used 87424K [0x00000000e0000000, 0x00000000e8000000, 0x00000000e8000000)
  eden space 87424K, 100% used [0x00000000e0000000, 0x00000000e5560000, 0x00000000e5560000)
  from space 21824K,   0% used [0x00000000e5560000, 0x00000000e5560000, 0x00000000e6ab0000)
  to   space 21824K,   0% used [0x00000000e6ab0000, 0x00000000e6ab0000, 0x00000000e8000000)
 concurrent mark-sweep generation total 393216K, used 0K [0x00000000e8000000, 0x0000000100000000, 0x0000000100000000)
 Metaspace       used 18086K, capacity 18366K, committed 18560K, reserved 1064960K
  class space    used 2054K, capacity 2162K, committed 2176K, reserved 1048576K
2017-01-07T00:21:36.321+0100: 1,973: [GC (Allocation Failure) 2017-01-07T00:21:36.321+0100: 1,973: [ParNew
Desired survivor size 20112992 bytes, new threshold 8 (max 8)
- age   1:   12323232 bytes,   12323232 total
: 87424K->12155K(109248K), 0,0155894 secs] 87424K->12155K(502464K), 0,0156766 secs] [Times: user=0,03 sys=0,02, real=0,02 secs] 
Heap after GC invocations=1 (full 0):
 par new generation   total 109248K, used 12155K [0x00000000e0000000, 0x00000000e8000000, 0x00000000e8000000)
  eden space 87424K,   0% used [0x00000000e0000000, 0x00000000e0000000, 0x00000000e5560000)
  from space 21824K,  55% used [0x00000000e6ab0000, 0x00000000e768ee90, 0x00000000e8000000)
  to   space 21824K,   0% used [0x00000000e5560000, 0x00000000e5560000, 0x00000000e6ab0000)
 concurrent mark-sweep generation total 393216K, used 0K [0x00000000e8000000, 0x0000000100000000, 0x0000000100000000)
 Metaspace       used 18086K, capacity 18366K, committed 18560K, reserved 1064960K
  class space    used 2054K, capacity 2162K, committed 2176K, reserved 1048576K
}
2017-01-07T00:21:36.336+0100: 1,988: Total time for which application threads were stopped: 0,0158590 seconds, Stopping threads took: 0,0000176 seconds
2017-01-07T00:21:36.482+0100: 2,134: Total time for which application threads were stopped: 0,0002843 seconds, Stopping threads took: 0,0000275 seconds
2017-01-07T00:21:36.520+0100: 2,172: Total time for which application threads were stopped: 0,0003005 seconds, Stopping threads took: 0,0000472 seconds
2017-01-07T00:21:36.541+0100: 2,193: Total time for which application threads were stopped: 0,0002513 seconds, Stopping threads took: 0,0000223 seconds
{Heap before GC invocations=1 (full 0):
 par new generation   total 109248K, used 99579K [0x00000000e0000000, 0x00000000e8000000, 0x00000000e8000000)
  eden space 87424K, 100% used [0x00000000e0000000, 0x00000000e5560000, 0x00000000e5560000)
  from space 21824K,  55% used [0x00000000e6ab0000, 0x00000000e768ee90, 0x00000000e8000000)
  to   space 21824K,   0% used [0x00000000e5560000, 0x00000000e5560000, 0x00000000e6ab0000)
 concurrent mark-sweep generation total 393216K, used 0K [0x00000000e8000000, 0x0000000100000000, 0x0000000100000000)
 Metaspace       used 20737K, capacity 21084K, committed 21248K, reserved 1069056K
  class space    used 2404K, capacity 2518K, committed 2560K, reserved 1048576K
2017-01-07T00:21:36.715+0100: 2,367: [GC (Allocation Failure) 2017-01-07T00:21:36.715+0100: 2,367: [ParNew
Desired survivor size 20112992 bytes, new threshold 8 (max 8)
- age   1:    2925168 bytes,    2925168 total
- age   2:    6101592 bytes,    9026760 total
: 99579K->13143K(109248K), 0,0175154 secs] 99579K->13143K(502464K), 0,0175905 secs] [Times: user=0,04 sys=0,02, real=0,02 secs] 
Heap after GC invocations=2 (full 0):
 par new generation   total 109248K, used 13143K [0x00000000e0000000, 0x00000000e8000000, 0x00000000e8000000)
  eden space 87424K,   0% used [0x00000000e0000000, 0x00000000e0000000, 0x00000000e5560000)
  from space 21824K,  60% used [0x00000000e5560000, 0x00000000e6235d10, 0x00000000e6ab0000)
  to   space 21824K,   0% used [0x00000000e6ab0000, 0x00000000e6ab0000, 0x00000000e8000000)
 concurrent mark-sweep generation total 393216K, used 0K [0x00000000e8000000, 0x0000000100000000, 0x0000000100000000)
 Metaspace       used 20737K, capacity 21084K, committed 21248K, reserved 1069056K
  class space    used 2404K, capacity 2518K, committed 2560K, reserved 1048576K
}
2017-01-07T00:21:36.732+0100: 2,384: Total time for which application threads were stopped: 0,0214169 seconds, Stopping threads took: 0,0036455 seconds
2017-01-07T00:21:36.792+0100: 2,444: Total time for which application threads were stopped: 0,0000744 seconds, Stopping threads took: 0,0000130 seconds
2017-01-07T00:21:36.823+0100: 2,475: Total time for which application threads were stopped: 0,0000797 seconds, Stopping threads took: 0,0000179 seconds
2017-01-07T00:21:36.824+0100: 2,476: Total time for which application threads were stopped: 0,0002432 seconds, Stopping threads took: 0,0000197 seconds
2017-01-07T00:21:36.850+0100: 2,502: Total time for which application threads were stopped: 0,0000837 seconds, Stopping threads took: 0,0000243 seconds
2017-01-07T00:21:36.923+0100: 2,575: Total time for which application threads were stopped: 0,0001462 seconds, Stopping threads took: 0,0000247 seconds
2017-01-07T00:21:36.944+0100: 2,597: Total time for which application threads were stopped: 0,0000878 seconds, Stopping threads took: 0,0000221 seconds
2017-01-07T00:21:36.953+0100: 2,605: Total time for which application threads were stopped: 0,0003609 seconds, Stopping threads took: 0,0000338 seconds
2017-01-07T00:21:36.960+0100: 2,612: Total time for which application threads were stopped: 0,0002918 seconds, Stopping threads took: 0,0000230 seconds
2017-01-07T00:21:36.968+0100: 2,620: Total time for which application threads were stopped: 0,0001231 seconds, Stopping threads took: 0,0000479 seconds
2017-01-07T00:21:36.999+0100: 2,651: Total time for which application threads were stopped: 0,0000895 seconds, Stopping threads took: 0,0000238 seconds
2017-01-07T00:21:37.019+0100: 2,671: Total time for which application threads were stopped: 0,0001191 seconds, Stopping threads took: 0,0000357 seconds
2017-01-07T00:21:37.038+0100: 2,690: Total time for which application threads were stopped: 0,0001004 seconds, Stopping threads took: 0,0000139 seconds
2017-01-07T00:21:37.058+0100: 2,710: Total time for which application threads were stopped: 0,0000935 seconds, Stopping threads took: 0,0000243 seconds
2017-01-07T00:21:37.095+0100: 2,747: Total time for which application threads were stopped: 0,0001578 seconds, Stopping threads took: 0,0000235 seconds
2017-01-07T00:21:37.146+0100: 2,798: Total time for which application threads were stopped: 0,0002091 seconds, Stopping threads took: 0,0001289 seconds
2017-01-07T00:21:37.175+0100: 2,827: Total time for which application threads were stopped: 0,0001405 seconds, Stopping threads took: 0,0000274 seconds
{Heap before GC invocations=2 (full 0):
 par new generation   total 109248K, used 100567K [0x00000000e0000000, 0x00000000e8000000, 0x00000000e8000000)
  eden space 87424K, 100% used [0x00000000e0000000, 0x00000000e5560000, 0x00000000e5560000)
  from space 21824K,  60% used [0x00000000e5560000, 0x00000000e6235d10, 0x00000000e6ab0000)
  to   space 21824K,   0% used [0x00000000e6ab0000, 0x00000000e6ab0000, 0x00000000e8000000)
 concurrent mark-sweep generation total 393216K, used 0K [0x00000000e8000000, 0x0000000100000000, 0x0000000100000000)
 Metaspace       used 24854K, capacity 25221K, committed 25536K, reserved 1071104K
  class space    used 2897K, capacity 3025K, committed 3144K, reserved 1048576K
2017-01-07T00:21:37.202+0100: 2,854: [GC (Allocation Failure) 2017-01-07T00:21:37.202+0100: 2,854: [ParNew
Desired survivor size 20112992 bytes, new threshold 8 (max 8)
- age   1:    6697176 bytes,    6697176 total
- age   2:     547544 bytes,    7244720 total
- age   3:    6083392 bytes,   13328112 total
: 100567K->15549K(109248K), 0,0130047 secs] 100567K->15549K(502464K), 0,0131071 secs] [Times: user=0,05 sys=0,00, real=0,02 secs] 
Heap after GC invocations=3 (full 0):
 par new generation   total 109248K, used 15549K [0x00000000e0000000, 0x00000000e8000000, 0x00000000e8000000)
  eden space 87424K,   0% used [0x00000000e0000000, 0x00000000e0000000, 0x00000000e5560000)
  from space 21824K,  71% used [0x00000000e6ab0000, 0x00000000e79df7c0, 0x00000000e8000000)
  to   space 21824K,   0% used [0x00000000e5560000, 0x00000000e5560000, 0x00000000e6ab0000)
 concurrent mark-sweep generation total 393216K, used 0K [0x00000000e8000000, 0x0000000100000000, 0x0000000100000000)
 Metaspace       used 24854K, capacity 25221K, committed 25536K, reserved 1071104K
  class space    used 2897K, capacity 3025K, committed 3144K, reserved 1048576K
}
2017-01-07T00:21:37.215+0100: 2,867: Total time for which application threads were stopped: 0,0132798 seconds, Stopping threads took: 0,0000240 seconds
2017-01-07T00:21:37.216+0100: 2,868: [GC (CMS Initial Mark) [1 CMS-initial-mark: 0K(393216K)] 16952K(502464K), 0,0039659 secs] [Times: user=0,02 sys=0,00, real=0,00 secs] 
2017-01-07T00:21:37.220+0100: 2,872: Total time for which application threads were stopped: 0,0041574 seconds, Stopping threads took: 0,0000752 seconds
2017-01-07T00:21:37.220+0100: 2,872: [CMS-concurrent-mark-start]
2017-01-07T00:21:37.221+0100: 2,873: [CMS-concurrent-mark: 0,001/0,001 secs] [Times: user=0,00 sys=0,00, real=0,00 secs] 
2017-01-07T00:21:37.221+0100: 2,873: [CMS-concurrent-preclean-start]
2017-01-07T00:21:37.222+0100: 2,874: [CMS-concurrent-preclean: 0,001/0,001 secs] [Times: user=0,00 sys=0,00, real=0,00 secs] 
2017-01-07T00:21:37.222+0100: 2,874: [GC (CMS Final Remark) [YG occupancy: 16952 K (109248 K)]{Heap before GC invocations=3 (full 1):
 par new generation   total 109248K, used 16952K [0x00000000e0000000, 0x00000000e8000000, 0x00000000e8000000)
  eden space 87424K,   1% used [0x00000000e0000000, 0x00000000e015ea40, 0x00000000e5560000)
  from space 21824K,  71% used [0x00000000e6ab0000, 0x00000000e79df7c0, 0x00000000e8000000)
  to   space 21824K,   0% used [0x00000000e5560000, 0x00000000e5560000, 0x00000000e6ab0000)
 concurrent mark-sweep generation total 393216K, used 0K [0x00000000e8000000, 0x0000000100000000, 0x0000000100000000)
 Metaspace       used 24887K, capacity 25317K, committed 25536K, reserved 1071104K
  class space    used 2900K, capacity 3057K, committed 3144K, reserved 1048576K
2017-01-07T00:21:37.222+0100: 2,874: [GC (CMS Final Remark) 2017-01-07T00:21:37.222+0100: 2,874: [ParNew
Desired survivor size 20112992 bytes, new threshold 8 (max 8)
- age   1:      32536 bytes,      32536 total
- age   2:    3154864 bytes,    3187400 total
- age   3:     547544 bytes,    3734944 total
- age   4:    6083392 bytes,    9818336 total
: 16952K->16586K(109248K), 0,0110899 secs] 16952K->16586K(502464K), 0,0111314 secs] [Times: user=0,03 sys=0,00, real=0,01 secs] 
Heap after GC invocations=4 (full 1):
 par new generation   total 109248K, used 16586K [0x00000000e0000000, 0x00000000e8000000, 0x00000000e8000000)
  eden space 87424K,   0% used [0x00000000e0000000, 0x00000000e0000000, 0x00000000e5560000)
  from space 21824K,  76% used [0x00000000e5560000, 0x00000000e65929f0, 0x00000000e6ab0000)
  to   space 21824K,   0% used [0x00000000e6ab0000, 0x00000000e6ab0000, 0x00000000e8000000)
 concurrent mark-sweep generation total 393216K, used 0K [0x00000000e8000000, 0x0000000100000000, 0x0000000100000000)
 Metaspace       used 24887K, capacity 25317K, committed 25536K, reserved 1071104K
  class space    used 2900K, capacity 3057K, committed 3144K, reserved 1048576K
}
2017-01-07T00:21:37.233+0100: 2,885: [Rescan (parallel) , 0,0037058 secs]2017-01-07T00:21:37.237+0100: 2,889: [weak refs processing, 0,0007267 secs]2017-01-07T00:21:37.238+0100: 2,890: [class unloading, 0,0030929 secs]2017-01-07T00:21:37.241+0100: 2,893: [scrub symbol table, 0,0033694 secs]2017-01-07T00:21:37.244+0100: 2,896: [scrub string table, 0,0003785 secs][1 CMS-remark: 0K(393216K)] 16586K(502464K), 0,0231015 secs] [Times: user=0,06 sys=0,00, real=0,03 secs] 
2017-01-07T00:21:37.245+0100: 2,897: Total time for which application threads were stopped: 0,0232230 seconds, Stopping threads took: 0,0000451 seconds
2017-01-07T00:21:37.246+0100: 2,898: [CMS-concurrent-sweep-start]
2017-01-07T00:21:37.246+0100: 2,898: [CMS-concurrent-sweep: 0,000/0,000 secs] [Times: user=0,00 sys=0,00, real=0,00 secs] 
2017-01-07T00:21:37.246+0100: 2,898: [CMS-concurrent-reset-start]
2017-01-07T00:21:37.247+0100: 2,899: [CMS-concurrent-reset: 0,002/0,002 secs] [Times: user=0,00 sys=0,00, real=0,00 secs] 
2017-01-07T00:21:37.294+0100: 2,946: Total time for which application threads were stopped: 0,0003481 seconds, Stopping threads took: 0,0000251 seconds
2017-01-07T00:21:37.306+0100: 2,958: Total time for which application threads were stopped: 0,0003076 seconds, Stopping threads took: 0,0000211 seconds
2017-01-07T00:21:38.306+0100: 3,959: Total time for which application threads were stopped: 0,0001082 seconds, Stopping threads took: 0,0000248 seconds
2017-01-07T00:21:38.396+0100: 4,048: Total time for which application threads were stopped: 0,0002694 seconds, Stopping threads took: 0,0000155 seconds
2017-01-07T00:22:05.647+0100: 32,051: Total time for which application threads were stopped: 0,0004010 seconds, Stopping threads took: 0,0001137 seconds
2017-01-07T00:24:15.661+0100: 162,066: Total time for which application threads were stopped: 0,0000735 seconds, Stopping threads took: 0,0000326 seconds
2017-01-07T00:24:20.662+0100: 167,067: Total time for which application threads were stopped: 0,0000586 seconds, Stopping threads took: 0,0000158 seconds
2017-01-07T00:25:15.667+0100: 222,072: Total time for which application threads were stopped: 0,0000896 seconds, Stopping threads took: 0,0000359 seconds
2017-01-07T00:25:49.671+0100: 256,076: Total time for which application threads were stopped: 0,0001097 seconds, Stopping threads took: 0,0000407 seconds
2017-01-07T00:26:15.674+0100: 282,079: Total time for which application threads were stopped: 0,0000878 seconds, Stopping threads took: 0,0000388 seconds
2017-01-07T00:26:20.675+0100: 287,079: Total time for which application threads were stopped: 0,0000668 seconds, Stopping threads took: 0,0000179 seconds
2017-01-07T00:26:55.678+0100: 322,083: Total time for which application threads were stopped: 0,0000846 seconds, Stopping threads took: 0,0000338 seconds
2017-01-07T00:29:19.692+0100: 466,097: Total time for which application threads were stopped: 0,0001005 seconds, Stopping threads took: 0,0000378 seconds
2017-01-07T00:45:14.799+0100: 1421,204: Total time for which application threads were stopped: 0,0000905 seconds, Stopping threads took: 0,0000284 seconds
2017-01-07T00:50:14.835+0100: 1721,240: Total time for which application threads were stopped: 0,0000726 seconds, Stopping threads took: 0,0000284 seconds
2017-01-07T00:51:40.846+0100: 1807,251: Total time for which application threads were stopped: 0,0000765 seconds, Stopping threads took: 0,0000325 seconds
2017-01-07T01:00:14.899+0100: 2321,303: Total time for which application threads were stopped: 0,0003257 seconds, Stopping threads took: 0,0001414 seconds
2017-01-07T01:00:15.899+0100: 2322,303: Total time for which application threads were stopped: 0,0000575 seconds, Stopping threads took: 0,0000144 seconds
2017-01-07T01:14:50.985+0100: 3197,390: Total time for which application threads were stopped: 0,0000989 seconds, Stopping threads took: 0,0000390 seconds
2017-01-07T01:18:23.646+0100: 3410,051: Total time for which application threads were stopped: 0,0001643 seconds, Stopping threads took: 0,0000340 seconds
Heap
 par new generation   total 109248K, used 61527K [0x00000000e0000000, 0x00000000e8000000, 0x00000000e8000000)
  eden space 87424K,  51% used [0x00000000e0000000, 0x00000000e2be34f0, 0x00000000e5560000)
  from space 21824K,  76% used [0x00000000e5560000, 0x00000000e65929f0, 0x00000000e6ab0000)
  to   space 21824K,   0% used [0x00000000e6ab0000, 0x00000000e6ab0000, 0x00000000e8000000)
 concurrent mark-sweep generation total 393216K, used 0K [0x00000000e8000000, 0x0000000100000000, 0x0000000100000000)
 Metaspace       used 27249K, capacity 27729K, committed 27976K, reserved 1073152K
  class space    used 3167K, capacity 3321K, committed 3400K, reserved 1048576K
