OpenJDK 64-Bit Server VM (25.121-b13) for linux-amd64 JRE (1.8.0_121-8u121-b13-0ubuntu1.16.04.2-b13), built on Jan 23 2017 15:51:29 by "buildd" with gcc 5.4.0 20160609
Memory: 4k page, physical 7867760k(7443240k free), swap 8076284k(8076284k free)
CommandLine flags: -XX:CMSInitiatingOccupancyFraction=50 -XX:CMSMaxAbortablePrecleanTime=6000 -XX:+CMSParallelRemarkEnabled -XX:+CMSScavengeBeforeRemark -XX:ConcGCThreads=4 -XX:InitialHeapSize=536870912 -XX:MaxHeapSize=536870912 -XX:MaxTenuringThreshold=8 -XX:NewRatio=3 -XX:OldPLABSize=16 -XX:OnOutOfMemoryError=/opt/solr/bin/oom_solr.sh 8983 /var/solr/logs -XX:ParallelGCThreads=4 -XX:+ParallelRefProcEnabled -XX:PretenureSizeThreshold=67108864 -XX:+PrintGC -XX:+PrintGCApplicationStoppedTime -XX:+PrintGCDateStamps -XX:+PrintGCDetails -XX:+PrintGCTimeStamps -XX:+PrintHeapAtGC -XX:+PrintTenuringDistribution -XX:SurvivorRatio=4 -XX:TargetSurvivorRatio=90 -XX:ThreadStackSize=256 -XX:+UseCMSInitiatingOccupancyOnly -XX:+UseCompressedClassPointers -XX:+UseCompressedOops -XX:+UseConcMarkSweepGC -XX:+UseParNewGC 
2017-03-27T16:03:10.782+0200: 0,118: Total time for which application threads were stopped: 0,0001670 seconds, Stopping threads took: 0,0000731 seconds
2017-03-27T16:03:10.871+0200: 0,206: Total time for which application threads were stopped: 0,0001079 seconds, Stopping threads took: 0,0000214 seconds
2017-03-27T16:03:10.886+0200: 0,221: Total time for which application threads were stopped: 0,0001563 seconds, Stopping threads took: 0,0000627 seconds
2017-03-27T16:03:11.685+0200: 1,020: Total time for which application threads were stopped: 0,0001430 seconds, Stopping threads took: 0,0000161 seconds
2017-03-27T16:03:11.753+0200: 1,088: Total time for which application threads were stopped: 0,0001634 seconds, Stopping threads took: 0,0000237 seconds
2017-03-27T16:03:11.770+0200: 1,105: Total time for which application threads were stopped: 0,0001397 seconds, Stopping threads took: 0,0000183 seconds
2017-03-27T16:03:12.028+0200: 1,364: Total time for which application threads were stopped: 0,0001644 seconds, Stopping threads took: 0,0000239 seconds
2017-03-27T16:03:12.247+0200: 1,582: Total time for which application threads were stopped: 0,0001828 seconds, Stopping threads took: 0,0000107 seconds
2017-03-27T16:03:12.272+0200: 1,607: Total time for which application threads were stopped: 0,0009207 seconds, Stopping threads took: 0,0000552 seconds
2017-03-27T16:03:12.305+0200: 1,640: Total time for which application threads were stopped: 0,0003306 seconds, Stopping threads took: 0,0000666 seconds
2017-03-27T16:03:12.307+0200: 1,643: Total time for which application threads were stopped: 0,0002010 seconds, Stopping threads took: 0,0000180 seconds
2017-03-27T16:03:12.326+0200: 1,661: Total time for which application threads were stopped: 0,0001904 seconds, Stopping threads took: 0,0000222 seconds
2017-03-27T16:03:12.424+0200: 1,759: Total time for which application threads were stopped: 0,0002441 seconds, Stopping threads took: 0,0000305 seconds
2017-03-27T16:03:12.617+0200: 1,952: Total time for which application threads were stopped: 0,0002998 seconds, Stopping threads took: 0,0000655 seconds
{Heap before GC invocations=0 (full 0):
 par new generation   total 109248K, used 87424K [0x00000000e0000000, 0x00000000e8000000, 0x00000000e8000000)
  eden space 87424K, 100% used [0x00000000e0000000, 0x00000000e5560000, 0x00000000e5560000)
  from space 21824K,   0% used [0x00000000e5560000, 0x00000000e5560000, 0x00000000e6ab0000)
  to   space 21824K,   0% used [0x00000000e6ab0000, 0x00000000e6ab0000, 0x00000000e8000000)
 concurrent mark-sweep generation total 393216K, used 0K [0x00000000e8000000, 0x0000000100000000, 0x0000000100000000)
 Metaspace       used 17990K, capacity 18336K, committed 18688K, reserved 1064960K
  class space    used 2036K, capacity 2196K, committed 2304K, reserved 1048576K
2017-03-27T16:03:12.728+0200: 2,063: [GC (Allocation Failure) 2017-03-27T16:03:12.728+0200: 2,063: [ParNew
Desired survivor size 20112992 bytes, new threshold 8 (max 8)
- age   1:   12416880 bytes,   12416880 total
: 87424K->12235K(109248K), 0,0162375 secs] 87424K->12235K(502464K), 0,0163190 secs] [Times: user=0,04 sys=0,01, real=0,01 secs] 
Heap after GC invocations=1 (full 0):
 par new generation   total 109248K, used 12235K [0x00000000e0000000, 0x00000000e8000000, 0x00000000e8000000)
  eden space 87424K,   0% used [0x00000000e0000000, 0x00000000e0000000, 0x00000000e5560000)
  from space 21824K,  56% used [0x00000000e6ab0000, 0x00000000e76a2dc8, 0x00000000e8000000)
  to   space 21824K,   0% used [0x00000000e5560000, 0x00000000e5560000, 0x00000000e6ab0000)
 concurrent mark-sweep generation total 393216K, used 0K [0x00000000e8000000, 0x0000000100000000, 0x0000000100000000)
 Metaspace       used 17990K, capacity 18336K, committed 18688K, reserved 1064960K
  class space    used 2036K, capacity 2196K, committed 2304K, reserved 1048576K
}
2017-03-27T16:03:12.744+0200: 2,080: Total time for which application threads were stopped: 0,0166739 seconds, Stopping threads took: 0,0001908 seconds
2017-03-27T16:03:13.032+0200: 2,367: Total time for which application threads were stopped: 0,0004178 seconds, Stopping threads took: 0,0000687 seconds
{Heap before GC invocations=1 (full 0):
 par new generation   total 109248K, used 99659K [0x00000000e0000000, 0x00000000e8000000, 0x00000000e8000000)
  eden space 87424K, 100% used [0x00000000e0000000, 0x00000000e5560000, 0x00000000e5560000)
  from space 21824K,  56% used [0x00000000e6ab0000, 0x00000000e76a2dc8, 0x00000000e8000000)
  to   space 21824K,   0% used [0x00000000e5560000, 0x00000000e5560000, 0x00000000e6ab0000)
 concurrent mark-sweep generation total 393216K, used 0K [0x00000000e8000000, 0x0000000100000000, 0x0000000100000000)
 Metaspace       used 20026K, capacity 20364K, committed 20736K, reserved 1067008K
  class space    used 2294K, capacity 2468K, committed 2560K, reserved 1048576K
2017-03-27T16:03:13.085+0200: 2,420: [GC (Allocation Failure) 2017-03-27T16:03:13.085+0200: 2,421: [ParNew
Desired survivor size 20112992 bytes, new threshold 8 (max 8)
- age   1:    3675488 bytes,    3675488 total
- age   2:    6647304 bytes,   10322792 total
: 99659K->13695K(109248K), 0,0143370 secs] 99659K->13695K(502464K), 0,0144097 secs] [Times: user=0,06 sys=0,00, real=0,02 secs] 
Heap after GC invocations=2 (full 0):
 par new generation   total 109248K, used 13695K [0x00000000e0000000, 0x00000000e8000000, 0x00000000e8000000)
  eden space 87424K,   0% used [0x00000000e0000000, 0x00000000e0000000, 0x00000000e5560000)
  from space 21824K,  62% used [0x00000000e5560000, 0x00000000e62bfea8, 0x00000000e6ab0000)
  to   space 21824K,   0% used [0x00000000e6ab0000, 0x00000000e6ab0000, 0x00000000e8000000)
 concurrent mark-sweep generation total 393216K, used 0K [0x00000000e8000000, 0x0000000100000000, 0x0000000100000000)
 Metaspace       used 20026K, capacity 20364K, committed 20736K, reserved 1067008K
  class space    used 2294K, capacity 2468K, committed 2560K, reserved 1048576K
}
2017-03-27T16:03:13.099+0200: 2,435: Total time for which application threads were stopped: 0,0146829 seconds, Stopping threads took: 0,0000973 seconds
2017-03-27T16:03:13.108+0200: 2,443: Total time for which application threads were stopped: 0,0003409 seconds, Stopping threads took: 0,0000756 seconds
2017-03-27T16:03:13.138+0200: 2,474: Total time for which application threads were stopped: 0,0008688 seconds, Stopping threads took: 0,0005596 seconds
2017-03-27T16:03:13.285+0200: 2,621: Total time for which application threads were stopped: 0,0001822 seconds, Stopping threads took: 0,0000521 seconds
{Heap before GC invocations=2 (full 0):
 par new generation   total 109248K, used 101119K [0x00000000e0000000, 0x00000000e8000000, 0x00000000e8000000)
  eden space 87424K, 100% used [0x00000000e0000000, 0x00000000e5560000, 0x00000000e5560000)
  from space 21824K,  62% used [0x00000000e5560000, 0x00000000e62bfea8, 0x00000000e6ab0000)
  to   space 21824K,   0% used [0x00000000e6ab0000, 0x00000000e6ab0000, 0x00000000e8000000)
 concurrent mark-sweep generation total 393216K, used 0K [0x00000000e8000000, 0x0000000100000000, 0x0000000100000000)
 Metaspace       used 20948K, capacity 21286K, committed 21552K, reserved 1069056K
  class space    used 2418K, capacity 2587K, committed 2608K, reserved 1048576K
2017-03-27T16:03:13.312+0200: 2,648: [GC (Allocation Failure) 2017-03-27T16:03:13.312+0200: 2,648: [ParNew
Desired survivor size 20112992 bytes, new threshold 8 (max 8)
- age   1:    2324312 bytes,    2324312 total
- age   2:     870936 bytes,    3195248 total
- age   3:    6645008 bytes,    9840256 total
: 101119K->12907K(109248K), 0,0144984 secs] 101119K->12907K(502464K), 0,0145876 secs] [Times: user=0,06 sys=0,00, real=0,02 secs] 
Heap after GC invocations=3 (full 0):
 par new generation   total 109248K, used 12907K [0x00000000e0000000, 0x00000000e8000000, 0x00000000e8000000)
  eden space 87424K,   0% used [0x00000000e0000000, 0x00000000e0000000, 0x00000000e5560000)
  from space 21824K,  59% used [0x00000000e6ab0000, 0x00000000e774af98, 0x00000000e8000000)
  to   space 21824K,   0% used [0x00000000e5560000, 0x00000000e5560000, 0x00000000e6ab0000)
 concurrent mark-sweep generation total 393216K, used 0K [0x00000000e8000000, 0x0000000100000000, 0x0000000100000000)
 Metaspace       used 20948K, capacity 21286K, committed 21552K, reserved 1069056K
  class space    used 2418K, capacity 2587K, committed 2608K, reserved 1048576K
}
2017-03-27T16:03:13.327+0200: 2,662: Total time for which application threads were stopped: 0,0157002 seconds, Stopping threads took: 0,0009408 seconds
2017-03-27T16:03:13.330+0200: 2,666: [GC (CMS Initial Mark) [1 CMS-initial-mark: 0K(393216K)] 13639K(502464K), 0,0048855 secs] [Times: user=0,02 sys=0,00, real=0,01 secs] 
2017-03-27T16:03:13.335+0200: 2,670: Total time for which application threads were stopped: 0,0079616 seconds, Stopping threads took: 0,0029582 seconds
2017-03-27T16:03:13.335+0200: 2,670: [CMS-concurrent-mark-start]
2017-03-27T16:03:13.336+0200: 2,671: [CMS-concurrent-mark: 0,001/0,001 secs] [Times: user=0,00 sys=0,00, real=0,00 secs] 
2017-03-27T16:03:13.336+0200: 2,671: [CMS-concurrent-preclean-start]
2017-03-27T16:03:13.337+0200: 2,672: [CMS-concurrent-preclean: 0,001/0,001 secs] [Times: user=0,01 sys=0,00, real=0,00 secs] 
2017-03-27T16:03:13.337+0200: 2,673: [GC (CMS Final Remark) [YG occupancy: 14316 K (109248 K)]{Heap before GC invocations=3 (full 1):
 par new generation   total 109248K, used 14316K [0x00000000e0000000, 0x00000000e8000000, 0x00000000e8000000)
  eden space 87424K,   1% used [0x00000000e0000000, 0x00000000e01600a8, 0x00000000e5560000)
  from space 21824K,  59% used [0x00000000e6ab0000, 0x00000000e774af98, 0x00000000e8000000)
  to   space 21824K,   0% used [0x00000000e5560000, 0x00000000e5560000, 0x00000000e6ab0000)
 concurrent mark-sweep generation total 393216K, used 0K [0x00000000e8000000, 0x0000000100000000, 0x0000000100000000)
 Metaspace       used 20948K, capacity 21286K, committed 21552K, reserved 1069056K
  class space    used 2418K, capacity 2587K, committed 2608K, reserved 1048576K
2017-03-27T16:03:13.337+0200: 2,673: [GC (CMS Final Remark) 2017-03-27T16:03:13.337+0200: 2,673: [ParNew
Desired survivor size 20112992 bytes, new threshold 8 (max 8)
- age   1:     131120 bytes,     131120 total
- age   2:    2139048 bytes,    2270168 total
- age   3:     870936 bytes,    3141104 total
- age   4:    6645048 bytes,    9786152 total
: 14316K->11335K(109248K), 0,0114924 secs] 14316K->11335K(502464K), 0,0115413 secs] [Times: user=0,04 sys=0,00, real=0,01 secs] 
Heap after GC invocations=4 (full 1):
 par new generation   total 109248K, used 11335K [0x00000000e0000000, 0x00000000e8000000, 0x00000000e8000000)
  eden space 87424K,   0% used [0x00000000e0000000, 0x00000000e0000000, 0x00000000e5560000)
  from space 21824K,  51% used [0x00000000e5560000, 0x00000000e6071c98, 0x00000000e6ab0000)
  to   space 21824K,   0% used [0x00000000e6ab0000, 0x00000000e6ab0000, 0x00000000e8000000)
 concurrent mark-sweep generation total 393216K, used 0K [0x00000000e8000000, 0x0000000100000000, 0x0000000100000000)
 Metaspace       used 20948K, capacity 21286K, committed 21552K, reserved 1069056K
  class space    used 2418K, capacity 2587K, committed 2608K, reserved 1048576K
}
2017-03-27T16:03:13.349+0200: 2,684: [Rescan (parallel) , 0,0041692 secs]2017-03-27T16:03:13.353+0200: 2,688: [weak refs processing, 0,0026582 secs]2017-03-27T16:03:13.356+0200: 2,691: [class unloading, 0,0029300 secs]2017-03-27T16:03:13.358+0200: 2,694: [scrub symbol table, 0,0027985 secs]2017-03-27T16:03:13.361+0200: 2,697: [scrub string table, 0,0003617 secs][1 CMS-remark: 0K(393216K)] 11335K(502464K), 0,0250865 secs] [Times: user=0,08 sys=0,00, real=0,02 secs] 
2017-03-27T16:03:13.362+0200: 2,698: Total time for which application threads were stopped: 0,0252421 seconds, Stopping threads took: 0,0000710 seconds
2017-03-27T16:03:13.362+0200: 2,698: [CMS-concurrent-sweep-start]
2017-03-27T16:03:13.362+0200: 2,698: [CMS-concurrent-sweep: 0,000/0,000 secs] [Times: user=0,00 sys=0,00, real=0,00 secs] 
2017-03-27T16:03:13.363+0200: 2,698: [CMS-concurrent-reset-start]
2017-03-27T16:03:13.365+0200: 2,700: [CMS-concurrent-reset: 0,002/0,002 secs] [Times: user=0,01 sys=0,00, real=0,00 secs] 
{Heap before GC invocations=4 (full 1):
 par new generation   total 109248K, used 98759K [0x00000000e0000000, 0x00000000e8000000, 0x00000000e8000000)
  eden space 87424K, 100% used [0x00000000e0000000, 0x00000000e5560000, 0x00000000e5560000)
  from space 21824K,  51% used [0x00000000e5560000, 0x00000000e6071c98, 0x00000000e6ab0000)
  to   space 21824K,   0% used [0x00000000e6ab0000, 0x00000000e6ab0000, 0x00000000e8000000)
 concurrent mark-sweep generation total 393216K, used 0K [0x00000000e8000000, 0x0000000100000000, 0x0000000100000000)
 Metaspace       used 21182K, capacity 21556K, committed 21808K, reserved 1069056K
  class space    used 2446K, capacity 2601K, committed 2608K, reserved 1048576K
2017-03-27T16:03:13.459+0200: 2,795: [GC (Allocation Failure) 2017-03-27T16:03:13.460+0200: 2,795: [ParNew
Desired survivor size 20112992 bytes, new threshold 8 (max 8)
- age   1:    1601688 bytes,    1601688 total
- age   3:    1458936 bytes,    3060624 total
- age   4:     837592 bytes,    3898216 total
- age   5:    6645088 bytes,   10543304 total
: 98759K->16854K(109248K), 0,0100144 secs] 98759K->16854K(502464K), 0,0100785 secs] [Times: user=0,04 sys=0,00, real=0,01 secs] 
Heap after GC invocations=5 (full 1):
 par new generation   total 109248K, used 16854K [0x00000000e0000000, 0x00000000e8000000, 0x00000000e8000000)
  eden space 87424K,   0% used [0x00000000e0000000, 0x00000000e0000000, 0x00000000e5560000)
  from space 21824K,  77% used [0x00000000e6ab0000, 0x00000000e7b25880, 0x00000000e8000000)
  to   space 21824K,   0% used [0x00000000e5560000, 0x00000000e5560000, 0x00000000e6ab0000)
 concurrent mark-sweep generation total 393216K, used 0K [0x00000000e8000000, 0x0000000100000000, 0x0000000100000000)
 Metaspace       used 21182K, capacity 21556K, committed 21808K, reserved 1069056K
  class space    used 2446K, capacity 2601K, committed 2608K, reserved 1048576K
}
2017-03-27T16:03:13.470+0200: 2,805: Total time for which application threads were stopped: 0,0107138 seconds, Stopping threads took: 0,0005071 seconds
{Heap before GC invocations=5 (full 1):
 par new generation   total 109248K, used 104278K [0x00000000e0000000, 0x00000000e8000000, 0x00000000e8000000)
  eden space 87424K, 100% used [0x00000000e0000000, 0x00000000e5560000, 0x00000000e5560000)
  from space 21824K,  77% used [0x00000000e6ab0000, 0x00000000e7b25880, 0x00000000e8000000)
  to   space 21824K,   0% used [0x00000000e5560000, 0x00000000e5560000, 0x00000000e6ab0000)
 concurrent mark-sweep generation total 393216K, used 0K [0x00000000e8000000, 0x0000000100000000, 0x0000000100000000)
 Metaspace       used 21334K, capacity 21722K, committed 21936K, reserved 1069056K
  class space    used 2466K, capacity 2634K, committed 2736K, reserved 1048576K
2017-03-27T16:03:13.560+0200: 2,895: [GC (Allocation Failure) 2017-03-27T16:03:13.560+0200: 2,895: [ParNew
Desired survivor size 20112992 bytes, new threshold 8 (max 8)
- age   1:     793736 bytes,     793736 total
- age   2:     182616 bytes,     976352 total
- age   4:    1458624 bytes,    2434976 total
- age   5:     835576 bytes,    3270552 total
- age   6:    6645032 bytes,    9915584 total
: 104278K->12872K(109248K), 0,0094856 secs] 104278K->12872K(502464K), 0,0095612 secs] [Times: user=0,03 sys=0,00, real=0,01 secs] 
Heap after GC invocations=6 (full 1):
 par new generation   total 109248K, used 12872K [0x00000000e0000000, 0x00000000e8000000, 0x00000000e8000000)
  eden space 87424K,   0% used [0x00000000e0000000, 0x00000000e0000000, 0x00000000e5560000)
  from space 21824K,  58% used [0x00000000e5560000, 0x00000000e61f2098, 0x00000000e6ab0000)
  to   space 21824K,   0% used [0x00000000e6ab0000, 0x00000000e6ab0000, 0x00000000e8000000)
 concurrent mark-sweep generation total 393216K, used 0K [0x00000000e8000000, 0x0000000100000000, 0x0000000100000000)
 Metaspace       used 21334K, capacity 21722K, committed 21936K, reserved 1069056K
  class space    used 2466K, capacity 2634K, committed 2736K, reserved 1048576K
}
2017-03-27T16:03:13.569+0200: 2,905: Total time for which application threads were stopped: 0,0098249 seconds, Stopping threads took: 0,0001255 seconds
2017-03-27T16:03:13.605+0200: 2,941: Total time for which application threads were stopped: 0,0003079 seconds, Stopping threads took: 0,0000201 seconds
2017-03-27T16:03:13.793+0200: 3,129: Total time for which application threads were stopped: 0,0004975 seconds, Stopping threads took: 0,0000518 seconds
2017-03-27T16:03:13.812+0200: 3,147: Total time for which application threads were stopped: 0,0003365 seconds, Stopping threads took: 0,0000239 seconds
{Heap before GC invocations=6 (full 1):
 par new generation   total 109248K, used 100296K [0x00000000e0000000, 0x00000000e8000000, 0x00000000e8000000)
  eden space 87424K, 100% used [0x00000000e0000000, 0x00000000e5560000, 0x00000000e5560000)
  from space 21824K,  58% used [0x00000000e5560000, 0x00000000e61f2098, 0x00000000e6ab0000)
  to   space 21824K,   0% used [0x00000000e6ab0000, 0x00000000e6ab0000, 0x00000000e8000000)
 concurrent mark-sweep generation total 393216K, used 0K [0x00000000e8000000, 0x0000000100000000, 0x0000000100000000)
 Metaspace       used 24169K, capacity 24614K, committed 24880K, reserved 1071104K
  class space    used 2844K, capacity 3042K, committed 3120K, reserved 1048576K
2017-03-27T16:03:13.983+0200: 3,318: [GC (Allocation Failure) 2017-03-27T16:03:13.983+0200: 3,318: [ParNew
Desired survivor size 20112992 bytes, new threshold 8 (max 8)
- age   1:    5779464 bytes,    5779464 total
- age   2:     112336 bytes,    5891800 total
- age   3:     181232 bytes,    6073032 total
- age   5:     281176 bytes,    6354208 total
- age   6:     811280 bytes,    7165488 total
- age   7:    6636856 bytes,   13802344 total
: 100296K->15604K(109248K), 0,0166128 secs] 100296K->15604K(502464K), 0,0166955 secs] [Times: user=0,06 sys=0,00, real=0,02 secs] 
Heap after GC invocations=7 (full 1):
 par new generation   total 109248K, used 15604K [0x00000000e0000000, 0x00000000e8000000, 0x00000000e8000000)
  eden space 87424K,   0% used [0x00000000e0000000, 0x00000000e0000000, 0x00000000e5560000)
  from space 21824K,  71% used [0x00000000e6ab0000, 0x00000000e79ed1e0, 0x00000000e8000000)
  to   space 21824K,   0% used [0x00000000e5560000, 0x00000000e5560000, 0x00000000e6ab0000)
 concurrent mark-sweep generation total 393216K, used 0K [0x00000000e8000000, 0x0000000100000000, 0x0000000100000000)
 Metaspace       used 24169K, capacity 24614K, committed 24880K, reserved 1071104K
  class space    used 2844K, capacity 3042K, committed 3120K, reserved 1048576K
}
2017-03-27T16:03:14.000+0200: 3,335: Total time for which application threads were stopped: 0,0175738 seconds, Stopping threads took: 0,0006340 seconds
{Heap before GC invocations=7 (full 1):
 par new generation   total 109248K, used 103028K [0x00000000e0000000, 0x00000000e8000000, 0x00000000e8000000)
  eden space 87424K, 100% used [0x00000000e0000000, 0x00000000e5560000, 0x00000000e5560000)
  from space 21824K,  71% used [0x00000000e6ab0000, 0x00000000e79ed1e0, 0x00000000e8000000)
  to   space 21824K,   0% used [0x00000000e5560000, 0x00000000e5560000, 0x00000000e6ab0000)
 concurrent mark-sweep generation total 393216K, used 0K [0x00000000e8000000, 0x0000000100000000, 0x0000000100000000)
 Metaspace       used 24634K, capacity 25100K, committed 25392K, reserved 1071104K
  class space    used 2887K, capacity 3075K, committed 3120K, reserved 1048576K
2017-03-27T16:03:14.106+0200: 3,442: [GC (Allocation Failure) 2017-03-27T16:03:14.106+0200: 3,442: [ParNew
Desired survivor size 20112992 bytes, new threshold 8 (max 8)
- age   1:    1503488 bytes,    1503488 total
- age   2:    1859712 bytes,    3363200 total
- age   3:      57512 bytes,    3420712 total
- age   4:      96152 bytes,    3516864 total
- age   6:     180976 bytes,    3697840 total
- age   7:     768280 bytes,    4466120 total
- age   8:    6101824 bytes,   10567944 total
: 103028K->16964K(109248K), 0,0138152 secs] 103028K->16964K(502464K), 0,0138988 secs] [Times: user=0,04 sys=0,00, real=0,01 secs] 
Heap after GC invocations=8 (full 1):
 par new generation   total 109248K, used 16964K [0x00000000e0000000, 0x00000000e8000000, 0x00000000e8000000)
  eden space 87424K,   0% used [0x00000000e0000000, 0x00000000e0000000, 0x00000000e5560000)
  from space 21824K,  77% used [0x00000000e5560000, 0x00000000e65f10a0, 0x00000000e6ab0000)
  to   space 21824K,   0% used [0x00000000e6ab0000, 0x00000000e6ab0000, 0x00000000e8000000)
 concurrent mark-sweep generation total 393216K, used 0K [0x00000000e8000000, 0x0000000100000000, 0x0000000100000000)
 Metaspace       used 24634K, capacity 25100K, committed 25392K, reserved 1071104K
  class space    used 2887K, capacity 3075K, committed 3120K, reserved 1048576K
}
2017-03-27T16:03:14.120+0200: 3,456: Total time for which application threads were stopped: 0,0168873 seconds, Stopping threads took: 0,0027515 seconds
{Heap before GC invocations=8 (full 1):
 par new generation   total 109248K, used 104388K [0x00000000e0000000, 0x00000000e8000000, 0x00000000e8000000)
  eden space 87424K, 100% used [0x00000000e0000000, 0x00000000e5560000, 0x00000000e5560000)
  from space 21824K,  77% used [0x00000000e5560000, 0x00000000e65f10a0, 0x00000000e6ab0000)
  to   space 21824K,   0% used [0x00000000e6ab0000, 0x00000000e6ab0000, 0x00000000e8000000)
 concurrent mark-sweep generation total 393216K, used 0K [0x00000000e8000000, 0x0000000100000000, 0x0000000100000000)
 Metaspace       used 24986K, capacity 25446K, committed 25648K, reserved 1071104K
  class space    used 2910K, capacity 3080K, committed 3120K, reserved 1048576K
2017-03-27T16:03:14.234+0200: 3,570: [GC (Allocation Failure) 2017-03-27T16:03:14.234+0200: 3,570: [ParNew
Desired survivor size 20112992 bytes, new threshold 8 (max 8)
- age   1:     973424 bytes,     973424 total
- age   2:    1092096 bytes,    2065520 total
- age   3:    1836800 bytes,    3902320 total
- age   4:      57512 bytes,    3959832 total
- age   5:      93472 bytes,    4053304 total
- age   7:     180480 bytes,    4233784 total
- age   8:     767544 bytes,    5001328 total
: 104388K->8111K(109248K), 0,0555616 secs] 104388K->14152K(502464K), 0,0556444 secs] [Times: user=0,13 sys=0,01, real=0,05 secs] 
Heap after GC invocations=9 (full 1):
 par new generation   total 109248K, used 8111K [0x00000000e0000000, 0x00000000e8000000, 0x00000000e8000000)
  eden space 87424K,   0% used [0x00000000e0000000, 0x00000000e0000000, 0x00000000e5560000)
  from space 21824K,  37% used [0x00000000e6ab0000, 0x00000000e729bc70, 0x00000000e8000000)
  to   space 21824K,   0% used [0x00000000e5560000, 0x00000000e5560000, 0x00000000e6ab0000)
 concurrent mark-sweep generation total 393216K, used 6041K [0x00000000e8000000, 0x0000000100000000, 0x0000000100000000)
 Metaspace       used 24986K, capacity 25446K, committed 25648K, reserved 1071104K
  class space    used 2910K, capacity 3080K, committed 3120K, reserved 1048576K
}
2017-03-27T16:03:14.290+0200: 3,625: Total time for which application threads were stopped: 0,0570236 seconds, Stopping threads took: 0,0011671 seconds
2017-03-27T16:03:14.540+0200: 3,876: Total time for which application threads were stopped: 0,0004668 seconds, Stopping threads took: 0,0000221 seconds
2017-03-27T16:03:14.554+0200: 3,890: Total time for which application threads were stopped: 0,0005308 seconds, Stopping threads took: 0,0000419 seconds
2017-03-27T16:03:14.621+0200: 3,957: Total time for which application threads were stopped: 0,0004495 seconds, Stopping threads took: 0,0000204 seconds
2017-03-27T16:03:14.714+0200: 4,050: Total time for which application threads were stopped: 0,0027404 seconds, Stopping threads took: 0,0024351 seconds
2017-03-27T16:03:14.718+0200: 4,053: Total time for which application threads were stopped: 0,0001445 seconds, Stopping threads took: 0,0000398 seconds
2017-03-27T16:03:14.718+0200: 4,054: Total time for which application threads were stopped: 0,0000936 seconds, Stopping threads took: 0,0000251 seconds
2017-03-27T16:03:14.719+0200: 4,055: Total time for which application threads were stopped: 0,0002100 seconds, Stopping threads took: 0,0001327 seconds
2017-03-27T16:03:14.720+0200: 4,055: Total time for which application threads were stopped: 0,0000771 seconds, Stopping threads took: 0,0000252 seconds
2017-03-27T16:03:14.720+0200: 4,055: Total time for which application threads were stopped: 0,0000732 seconds, Stopping threads took: 0,0000181 seconds
2017-03-27T16:03:14.720+0200: 4,056: Total time for which application threads were stopped: 0,0003401 seconds, Stopping threads took: 0,0000101 seconds
2017-03-27T16:03:14.721+0200: 4,056: Total time for which application threads were stopped: 0,0000667 seconds, Stopping threads took: 0,0000202 seconds
2017-03-27T16:03:14.722+0200: 4,058: Total time for which application threads were stopped: 0,0000973 seconds, Stopping threads took: 0,0000213 seconds
2017-03-27T16:03:14.723+0200: 4,059: Total time for which application threads were stopped: 0,0000583 seconds, Stopping threads took: 0,0000100 seconds
2017-03-27T16:03:14.724+0200: 4,060: Total time for which application threads were stopped: 0,0000761 seconds, Stopping threads took: 0,0000159 seconds
2017-03-27T16:03:14.725+0200: 4,060: Total time for which application threads were stopped: 0,0000539 seconds, Stopping threads took: 0,0000146 seconds
2017-03-27T16:03:14.725+0200: 4,060: Total time for which application threads were stopped: 0,0000541 seconds, Stopping threads took: 0,0000092 seconds
2017-03-27T16:03:14.725+0200: 4,061: Total time for which application threads were stopped: 0,0000440 seconds, Stopping threads took: 0,0000102 seconds
2017-03-27T16:03:14.726+0200: 4,062: Total time for which application threads were stopped: 0,0000448 seconds, Stopping threads took: 0,0000102 seconds
2017-03-27T16:03:14.727+0200: 4,062: Total time for which application threads were stopped: 0,0000582 seconds, Stopping threads took: 0,0000242 seconds
2017-03-27T16:03:14.728+0200: 4,063: Total time for which application threads were stopped: 0,0000705 seconds, Stopping threads took: 0,0000243 seconds
2017-03-27T16:03:14.728+0200: 4,063: Total time for which application threads were stopped: 0,0000843 seconds, Stopping threads took: 0,0000146 seconds
2017-03-27T16:03:14.728+0200: 4,064: Total time for which application threads were stopped: 0,0000700 seconds, Stopping threads took: 0,0000277 seconds
2017-03-27T16:03:14.729+0200: 4,065: Total time for which application threads were stopped: 0,0000458 seconds, Stopping threads took: 0,0000092 seconds
2017-03-27T16:03:14.730+0200: 4,065: Total time for which application threads were stopped: 0,0000434 seconds, Stopping threads took: 0,0000093 seconds
2017-03-27T16:03:14.734+0200: 4,070: Total time for which application threads were stopped: 0,0000690 seconds, Stopping threads took: 0,0000130 seconds
2017-03-27T16:03:14.736+0200: 4,071: Total time for which application threads were stopped: 0,0000807 seconds, Stopping threads took: 0,0000186 seconds
2017-03-27T16:03:14.736+0200: 4,072: Total time for which application threads were stopped: 0,0001387 seconds, Stopping threads took: 0,0000227 seconds
2017-03-27T16:03:14.739+0200: 4,074: Total time for which application threads were stopped: 0,0001118 seconds, Stopping threads took: 0,0000401 seconds
2017-03-27T16:03:14.740+0200: 4,075: Total time for which application threads were stopped: 0,0001371 seconds, Stopping threads took: 0,0000622 seconds
2017-03-27T16:03:14.741+0200: 4,077: Total time for which application threads were stopped: 0,0000802 seconds, Stopping threads took: 0,0000188 seconds
2017-03-27T16:03:14.742+0200: 4,078: Total time for which application threads were stopped: 0,0000641 seconds, Stopping threads took: 0,0000136 seconds
2017-03-27T16:03:14.744+0200: 4,080: Total time for which application threads were stopped: 0,0000994 seconds, Stopping threads took: 0,0000449 seconds
2017-03-27T16:03:15.745+0200: 5,080: Total time for which application threads were stopped: 0,0000658 seconds, Stopping threads took: 0,0000155 seconds
2017-03-27T16:03:16.745+0200: 6,080: Total time for which application threads were stopped: 0,0000967 seconds, Stopping threads took: 0,0000212 seconds
2017-03-27T16:03:17.745+0200: 7,081: Total time for which application threads were stopped: 0,0000830 seconds, Stopping threads took: 0,0000177 seconds
2017-03-27T16:03:26.747+0200: 16,083: Total time for which application threads were stopped: 0,0001045 seconds, Stopping threads took: 0,0000254 seconds
2017-03-27T16:03:32.748+0200: 22,084: Total time for which application threads were stopped: 0,0000815 seconds, Stopping threads took: 0,0000206 seconds
2017-03-27T16:03:42.749+0200: 32,085: Total time for which application threads were stopped: 0,0000651 seconds, Stopping threads took: 0,0000154 seconds
2017-03-27T16:03:51.750+0200: 41,085: Total time for which application threads were stopped: 0,0000834 seconds, Stopping threads took: 0,0000256 seconds
2017-03-27T16:04:32.754+0200: 82,090: Total time for which application threads were stopped: 0,0000668 seconds, Stopping threads took: 0,0000169 seconds
2017-03-27T16:05:12.759+0200: 122,094: Total time for which application threads were stopped: 0,0000932 seconds, Stopping threads took: 0,0000366 seconds
2017-03-27T16:05:17.760+0200: 127,095: Total time for which application threads were stopped: 0,0000922 seconds, Stopping threads took: 0,0000366 seconds
{Heap before GC invocations=9 (full 1):
 par new generation   total 109248K, used 95535K [0x00000000e0000000, 0x00000000e8000000, 0x00000000e8000000)
  eden space 87424K, 100% used [0x00000000e0000000, 0x00000000e5560000, 0x00000000e5560000)
  from space 21824K,  37% used [0x00000000e6ab0000, 0x00000000e729bc70, 0x00000000e8000000)
  to   space 21824K,   0% used [0x00000000e5560000, 0x00000000e5560000, 0x00000000e6ab0000)
 concurrent mark-sweep generation total 393216K, used 6041K [0x00000000e8000000, 0x0000000100000000, 0x0000000100000000)
 Metaspace       used 28006K, capacity 28548K, committed 28848K, reserved 1075200K
  class space    used 3213K, capacity 3385K, committed 3504K, reserved 1048576K
2017-03-27T16:06:06.698+0200: 176,034: [GC (Allocation Failure) 2017-03-27T16:06:06.698+0200: 176,034: [ParNew
Desired survivor size 20112992 bytes, new threshold 8 (max 8)
- age   1:   10915424 bytes,   10915424 total
- age   2:     203464 bytes,   11118888 total
- age   3:     293120 bytes,   11412008 total
- age   4:    1832016 bytes,   13244024 total
- age   5:      57512 bytes,   13301536 total
- age   6:      93344 bytes,   13394880 total
- age   8:     180384 bytes,   13575264 total
: 95535K->14265K(109248K), 0,0227054 secs] 101576K->21152K(502464K), 0,0230207 secs] [Times: user=0,05 sys=0,01, real=0,02 secs] 
Heap after GC invocations=10 (full 1):
 par new generation   total 109248K, used 14265K [0x00000000e0000000, 0x00000000e8000000, 0x00000000e8000000)
  eden space 87424K,   0% used [0x00000000e0000000, 0x00000000e0000000, 0x00000000e5560000)
  from space 21824K,  65% used [0x00000000e5560000, 0x00000000e634e7f0, 0x00000000e6ab0000)
  to   space 21824K,   0% used [0x00000000e6ab0000, 0x00000000e6ab0000, 0x00000000e8000000)
 concurrent mark-sweep generation total 393216K, used 6886K [0x00000000e8000000, 0x0000000100000000, 0x0000000100000000)
 Metaspace       used 28006K, capacity 28548K, committed 28848K, reserved 1075200K
  class space    used 3213K, capacity 3385K, committed 3504K, reserved 1048576K
}
2017-03-27T16:06:06.722+0200: 176,057: Total time for which application threads were stopped: 0,0235611 seconds, Stopping threads took: 0,0000732 seconds
2017-03-27T16:07:47.734+0200: 277,070: Total time for which application threads were stopped: 0,0000823 seconds, Stopping threads took: 0,0000270 seconds
2017-03-27T16:26:41.864+0200: 1411,199: Total time for which application threads were stopped: 0,0001414 seconds, Stopping threads took: 0,0000711 seconds
2017-03-27T16:31:36.905+0200: 1706,241: Total time for which application threads were stopped: 0,0001921 seconds, Stopping threads took: 0,0000685 seconds
2017-03-27T16:41:32.993+0200: 2302,328: Total time for which application threads were stopped: 0,0000862 seconds, Stopping threads took: 0,0000279 seconds
2017-03-27T16:41:36.993+0200: 2306,329: Total time for which application threads were stopped: 0,0000728 seconds, Stopping threads took: 0,0000145 seconds
2017-03-27T16:56:28.056+0200: 3197,392: Total time for which application threads were stopped: 0,0000932 seconds, Stopping threads took: 0,0000347 seconds
2017-03-27T17:07:02.094+0200: 3831,430: Total time for which application threads were stopped: 0,0001968 seconds, Stopping threads took: 0,0000498 seconds
2017-03-27T17:07:07.095+0200: 3836,430: Total time for which application threads were stopped: 0,0000732 seconds, Stopping threads took: 0,0000150 seconds
2017-03-27T17:09:12.107+0200: 3961,442: Total time for which application threads were stopped: 0,0000812 seconds, Stopping threads took: 0,0000314 seconds
2017-03-27T17:21:03.179+0200: 4672,514: Total time for which application threads were stopped: 0,0001104 seconds, Stopping threads took: 0,0000434 seconds
2017-03-27T17:47:33.345+0200: 6262,680: Total time for which application threads were stopped: 0,0000777 seconds, Stopping threads took: 0,0000285 seconds
2017-03-27T18:04:42.473+0200: 7291,809: Total time for which application threads were stopped: 0,0001629 seconds, Stopping threads took: 0,0000563 seconds
2017-03-27T18:05:12.478+0200: 7321,814: Total time for which application threads were stopped: 0,0000887 seconds, Stopping threads took: 0,0000317 seconds
2017-03-27T18:05:42.483+0200: 7351,818: Total time for which application threads were stopped: 0,0000818 seconds, Stopping threads took: 0,0000303 seconds
2017-03-27T18:11:12.521+0200: 7681,857: Total time for which application threads were stopped: 0,0000868 seconds, Stopping threads took: 0,0000297 seconds
2017-03-27T18:11:42.524+0200: 7711,860: Total time for which application threads were stopped: 0,0000937 seconds, Stopping threads took: 0,0000393 seconds
2017-03-27T18:13:42.536+0200: 7831,872: Total time for which application threads were stopped: 0,0001577 seconds, Stopping threads took: 0,0000491 seconds
2017-03-27T20:19:12.492+0200: 15361,828: Total time for which application threads were stopped: 0,0002005 seconds, Stopping threads took: 0,0000619 seconds
2017-03-27T20:20:42.507+0200: 15451,842: Total time for which application threads were stopped: 0,0001881 seconds, Stopping threads took: 0,0000639 seconds
2017-03-27T23:34:35.763+0200: 27085,099: Total time for which application threads were stopped: 0,0001105 seconds, Stopping threads took: 0,0000252 seconds
2017-03-27T23:34:35.795+0200: 27085,131: Total time for which application threads were stopped: 0,0005770 seconds, Stopping threads took: 0,0004183 seconds
2017-03-27T23:34:35.821+0200: 27085,156: Total time for which application threads were stopped: 0,0002220 seconds, Stopping threads took: 0,0000654 seconds
2017-03-27T23:34:35.825+0200: 27085,161: Total time for which application threads were stopped: 0,0001175 seconds, Stopping threads took: 0,0000148 seconds
Heap
 par new generation   total 109248K, used 35392K [0x00000000e0000000, 0x00000000e8000000, 0x00000000e8000000)
  eden space 87424K,  24% used [0x00000000e0000000, 0x00000000e14a1ae0, 0x00000000e5560000)
  from space 21824K,  65% used [0x00000000e5560000, 0x00000000e634e7f0, 0x00000000e6ab0000)
  to   space 21824K,   0% used [0x00000000e6ab0000, 0x00000000e6ab0000, 0x00000000e8000000)
 concurrent mark-sweep generation total 393216K, used 6886K [0x00000000e8000000, 0x0000000100000000, 0x0000000100000000)
 Metaspace       used 28171K, capacity 28780K, committed 29104K, reserved 1075200K
  class space    used 3228K, capacity 3419K, committed 3504K, reserved 1048576K
