OpenJDK 64-Bit Server VM (25.111-b14) for linux-amd64 JRE (1.8.0_111-8u111-b14-2ubuntu0.16.04.2-b14), built on Oct 27 2016 18:10:19 by "buildd" with gcc 5.4.0 20160609
Memory: 4k page, physical 7867804k(7515124k free), swap 8076284k(8076284k free)
CommandLine flags: -XX:CMSInitiatingOccupancyFraction=50 -XX:CMSMaxAbortablePrecleanTime=6000 -XX:+CMSParallelRemarkEnabled -XX:+CMSScavengeBeforeRemark -XX:ConcGCThreads=4 -XX:InitialHeapSize=536870912 -XX:MaxHeapSize=536870912 -XX:MaxTenuringThreshold=8 -XX:NewRatio=3 -XX:OldPLABSize=16 -XX:OnOutOfMemoryError=/opt/solr/bin/oom_solr.sh 8983 /var/solr/logs -XX:ParallelGCThreads=4 -XX:+ParallelRefProcEnabled -XX:PretenureSizeThreshold=67108864 -XX:+PrintGC -XX:+PrintGCApplicationStoppedTime -XX:+PrintGCDateStamps -XX:+PrintGCDetails -XX:+PrintGCTimeStamps -XX:+PrintHeapAtGC -XX:+PrintTenuringDistribution -XX:SurvivorRatio=4 -XX:TargetSurvivorRatio=90 -XX:ThreadStackSize=256 -XX:+UseCMSInitiatingOccupancyOnly -XX:+UseCompressedClassPointers -XX:+UseCompressedOops -XX:+UseConcMarkSweepGC -XX:+UseParNewGC 
2017-01-07T12:06:59.466+0100: 0,127: Total time for which application threads were stopped: 0,0000729 seconds, Stopping threads took: 0,0000202 seconds
2017-01-07T12:06:59.541+0100: 0,201: Total time for which application threads were stopped: 0,0001064 seconds, Stopping threads took: 0,0000109 seconds
2017-01-07T12:06:59.558+0100: 0,218: Total time for which application threads were stopped: 0,0001125 seconds, Stopping threads took: 0,0000289 seconds
2017-01-07T12:06:59.770+0100: 0,431: Total time for which application threads were stopped: 0,0001327 seconds, Stopping threads took: 0,0000112 seconds
2017-01-07T12:07:00.210+0100: 0,870: Total time for which application threads were stopped: 0,0006155 seconds, Stopping threads took: 0,0003166 seconds
2017-01-07T12:07:00.317+0100: 0,978: Total time for which application threads were stopped: 0,0009932 seconds, Stopping threads took: 0,0000291 seconds
2017-01-07T12:07:00.354+0100: 1,014: Total time for which application threads were stopped: 0,0002010 seconds, Stopping threads took: 0,0000245 seconds
2017-01-07T12:07:00.589+0100: 1,249: Total time for which application threads were stopped: 0,0001722 seconds, Stopping threads took: 0,0000189 seconds
2017-01-07T12:07:00.790+0100: 1,450: Total time for which application threads were stopped: 0,0001982 seconds, Stopping threads took: 0,0000235 seconds
2017-01-07T12:07:00.816+0100: 1,476: Total time for which application threads were stopped: 0,0007747 seconds, Stopping threads took: 0,0000603 seconds
2017-01-07T12:07:00.817+0100: 1,477: Total time for which application threads were stopped: 0,0001155 seconds, Stopping threads took: 0,0000169 seconds
2017-01-07T12:07:00.831+0100: 1,491: Total time for which application threads were stopped: 0,0003375 seconds, Stopping threads took: 0,0000275 seconds
2017-01-07T12:07:00.922+0100: 1,583: Total time for which application threads were stopped: 0,0002537 seconds, Stopping threads took: 0,0000218 seconds
2017-01-07T12:07:01.090+0100: 1,750: Total time for which application threads were stopped: 0,0004837 seconds, Stopping threads took: 0,0002632 seconds
{Heap before GC invocations=0 (full 0):
 par new generation   total 109248K, used 87424K [0x00000000e0000000, 0x00000000e8000000, 0x00000000e8000000)
  eden space 87424K, 100% used [0x00000000e0000000, 0x00000000e5560000, 0x00000000e5560000)
  from space 21824K,   0% used [0x00000000e5560000, 0x00000000e5560000, 0x00000000e6ab0000)
  to   space 21824K,   0% used [0x00000000e6ab0000, 0x00000000e6ab0000, 0x00000000e8000000)
 concurrent mark-sweep generation total 393216K, used 0K [0x00000000e8000000, 0x0000000100000000, 0x0000000100000000)
 Metaspace       used 18359K, capacity 18686K, committed 18944K, reserved 1067008K
  class space    used 2091K, capacity 2226K, committed 2304K, reserved 1048576K
2017-01-07T12:07:01.214+0100: 1,875: [GC (Allocation Failure) 2017-01-07T12:07:01.214+0100: 1,875: [ParNew
Desired survivor size 20112992 bytes, new threshold 8 (max 8)
- age   1:   12577408 bytes,   12577408 total
: 87424K->12393K(109248K), 0,0176986 secs] 87424K->12393K(502464K), 0,0177950 secs] [Times: user=0,06 sys=0,00, real=0,02 secs] 
Heap after GC invocations=1 (full 0):
 par new generation   total 109248K, used 12393K [0x00000000e0000000, 0x00000000e8000000, 0x00000000e8000000)
  eden space 87424K,   0% used [0x00000000e0000000, 0x00000000e0000000, 0x00000000e5560000)
  from space 21824K,  56% used [0x00000000e6ab0000, 0x00000000e76ca7c0, 0x00000000e8000000)
  to   space 21824K,   0% used [0x00000000e5560000, 0x00000000e5560000, 0x00000000e6ab0000)
 concurrent mark-sweep generation total 393216K, used 0K [0x00000000e8000000, 0x0000000100000000, 0x0000000100000000)
 Metaspace       used 18359K, capacity 18686K, committed 18944K, reserved 1067008K
  class space    used 2091K, capacity 2226K, committed 2304K, reserved 1048576K
}
2017-01-07T12:07:01.232+0100: 1,893: Total time for which application threads were stopped: 0,0179776 seconds, Stopping threads took: 0,0000192 seconds
2017-01-07T12:07:01.360+0100: 2,021: Total time for which application threads were stopped: 0,0003289 seconds, Stopping threads took: 0,0000266 seconds
2017-01-07T12:07:01.393+0100: 2,054: Total time for which application threads were stopped: 0,0002746 seconds, Stopping threads took: 0,0000268 seconds
2017-01-07T12:07:01.420+0100: 2,080: Total time for which application threads were stopped: 0,0003322 seconds, Stopping threads took: 0,0000349 seconds
{Heap before GC invocations=1 (full 0):
 par new generation   total 109248K, used 99817K [0x00000000e0000000, 0x00000000e8000000, 0x00000000e8000000)
  eden space 87424K, 100% used [0x00000000e0000000, 0x00000000e5560000, 0x00000000e5560000)
  from space 21824K,  56% used [0x00000000e6ab0000, 0x00000000e76ca7c0, 0x00000000e8000000)
  to   space 21824K,   0% used [0x00000000e5560000, 0x00000000e5560000, 0x00000000e6ab0000)
 concurrent mark-sweep generation total 393216K, used 0K [0x00000000e8000000, 0x0000000100000000, 0x0000000100000000)
 Metaspace       used 20734K, capacity 21084K, committed 21248K, reserved 1069056K
  class space    used 2404K, capacity 2518K, committed 2560K, reserved 1048576K
2017-01-07T12:07:01.597+0100: 2,258: [GC (Allocation Failure) 2017-01-07T12:07:01.597+0100: 2,258: [ParNew
Desired survivor size 20112992 bytes, new threshold 8 (max 8)
- age   1:    2798848 bytes,    2798848 total
- age   2:    6138960 bytes,    8937808 total
: 99817K->13357K(109248K), 0,0101771 secs] 99817K->13357K(502464K), 0,0102531 secs] [Times: user=0,04 sys=0,00, real=0,01 secs] 
Heap after GC invocations=2 (full 0):
 par new generation   total 109248K, used 13357K [0x00000000e0000000, 0x00000000e8000000, 0x00000000e8000000)
  eden space 87424K,   0% used [0x00000000e0000000, 0x00000000e0000000, 0x00000000e5560000)
  from space 21824K,  61% used [0x00000000e5560000, 0x00000000e626b540, 0x00000000e6ab0000)
  to   space 21824K,   0% used [0x00000000e6ab0000, 0x00000000e6ab0000, 0x00000000e8000000)
 concurrent mark-sweep generation total 393216K, used 0K [0x00000000e8000000, 0x0000000100000000, 0x0000000100000000)
 Metaspace       used 20734K, capacity 21084K, committed 21248K, reserved 1069056K
  class space    used 2404K, capacity 2518K, committed 2560K, reserved 1048576K
}
2017-01-07T12:07:01.607+0100: 2,268: Total time for which application threads were stopped: 0,0104866 seconds, Stopping threads took: 0,0000272 seconds
2017-01-07T12:07:01.660+0100: 2,320: Total time for which application threads were stopped: 0,0000693 seconds, Stopping threads took: 0,0000134 seconds
2017-01-07T12:07:01.692+0100: 2,353: Total time for which application threads were stopped: 0,0000989 seconds, Stopping threads took: 0,0000316 seconds
2017-01-07T12:07:01.693+0100: 2,353: Total time for which application threads were stopped: 0,0002562 seconds, Stopping threads took: 0,0000167 seconds
2017-01-07T12:07:01.717+0100: 2,377: Total time for which application threads were stopped: 0,0000686 seconds, Stopping threads took: 0,0000117 seconds
2017-01-07T12:07:01.796+0100: 2,456: Total time for which application threads were stopped: 0,0001507 seconds, Stopping threads took: 0,0000278 seconds
2017-01-07T12:07:01.815+0100: 2,475: Total time for which application threads were stopped: 0,0000932 seconds, Stopping threads took: 0,0000210 seconds
2017-01-07T12:07:01.822+0100: 2,483: Total time for which application threads were stopped: 0,0002990 seconds, Stopping threads took: 0,0000212 seconds
2017-01-07T12:07:01.832+0100: 2,493: Total time for which application threads were stopped: 0,0002922 seconds, Stopping threads took: 0,0000178 seconds
2017-01-07T12:07:01.839+0100: 2,500: Total time for which application threads were stopped: 0,0001679 seconds, Stopping threads took: 0,0000954 seconds
2017-01-07T12:07:01.865+0100: 2,526: Total time for which application threads were stopped: 0,0000992 seconds, Stopping threads took: 0,0000315 seconds
2017-01-07T12:07:01.882+0100: 2,542: Total time for which application threads were stopped: 0,0000797 seconds, Stopping threads took: 0,0000162 seconds
2017-01-07T12:07:01.901+0100: 2,562: Total time for which application threads were stopped: 0,0000694 seconds, Stopping threads took: 0,0000119 seconds
2017-01-07T12:07:01.921+0100: 2,581: Total time for which application threads were stopped: 0,0000769 seconds, Stopping threads took: 0,0000130 seconds
2017-01-07T12:07:01.956+0100: 2,617: Total time for which application threads were stopped: 0,0001533 seconds, Stopping threads took: 0,0000316 seconds
2017-01-07T12:07:02.011+0100: 2,672: Total time for which application threads were stopped: 0,0001118 seconds, Stopping threads took: 0,0000240 seconds
2017-01-07T12:07:02.040+0100: 2,701: Total time for which application threads were stopped: 0,0001281 seconds, Stopping threads took: 0,0000288 seconds
2017-01-07T12:07:02.093+0100: 2,754: Total time for which application threads were stopped: 0,0001361 seconds, Stopping threads took: 0,0000281 seconds
{Heap before GC invocations=2 (full 0):
 par new generation   total 109248K, used 100781K [0x00000000e0000000, 0x00000000e8000000, 0x00000000e8000000)
  eden space 87424K, 100% used [0x00000000e0000000, 0x00000000e5560000, 0x00000000e5560000)
  from space 21824K,  61% used [0x00000000e5560000, 0x00000000e626b540, 0x00000000e6ab0000)
  to   space 21824K,   0% used [0x00000000e6ab0000, 0x00000000e6ab0000, 0x00000000e8000000)
 concurrent mark-sweep generation total 393216K, used 0K [0x00000000e8000000, 0x0000000100000000, 0x0000000100000000)
 Metaspace       used 25144K, capacity 25509K, committed 25868K, reserved 1073152K
  class space    used 2924K, capacity 3057K, committed 3144K, reserved 1048576K
2017-01-07T12:07:02.096+0100: 2,757: [GC (Allocation Failure) 2017-01-07T12:07:02.096+0100: 2,757: [ParNew
Desired survivor size 20112992 bytes, new threshold 8 (max 8)
- age   1:    6937128 bytes,    6937128 total
- age   2:     513328 bytes,    7450456 total
- age   3:    6120288 bytes,   13570744 total
: 100781K->15594K(109248K), 0,0151573 secs] 100781K->15594K(502464K), 0,0152275 secs] [Times: user=0,05 sys=0,00, real=0,02 secs] 
Heap after GC invocations=3 (full 0):
 par new generation   total 109248K, used 15594K [0x00000000e0000000, 0x00000000e8000000, 0x00000000e8000000)
  eden space 87424K,   0% used [0x00000000e0000000, 0x00000000e0000000, 0x00000000e5560000)
  from space 21824K,  71% used [0x00000000e6ab0000, 0x00000000e79ea958, 0x00000000e8000000)
  to   space 21824K,   0% used [0x00000000e5560000, 0x00000000e5560000, 0x00000000e6ab0000)
 concurrent mark-sweep generation total 393216K, used 0K [0x00000000e8000000, 0x0000000100000000, 0x0000000100000000)
 Metaspace       used 25144K, capacity 25509K, committed 25868K, reserved 1073152K
  class space    used 2924K, capacity 3057K, committed 3144K, reserved 1048576K
}
2017-01-07T12:07:02.111+0100: 2,772: Total time for which application threads were stopped: 0,0154377 seconds, Stopping threads took: 0,0000226 seconds
2017-01-07T12:07:02.112+0100: 2,772: [GC (CMS Initial Mark) [1 CMS-initial-mark: 0K(393216K)] 15594K(502464K), 0,0047565 secs] [Times: user=0,01 sys=0,00, real=0,00 secs] 
2017-01-07T12:07:02.116+0100: 2,777: Total time for which application threads were stopped: 0,0048768 seconds, Stopping threads took: 0,0000309 seconds
2017-01-07T12:07:02.116+0100: 2,777: [CMS-concurrent-mark-start]
2017-01-07T12:07:02.117+0100: 2,777: [CMS-concurrent-mark: 0,000/0,000 secs] [Times: user=0,00 sys=0,00, real=0,00 secs] 
2017-01-07T12:07:02.117+0100: 2,777: [CMS-concurrent-preclean-start]
2017-01-07T12:07:02.118+0100: 2,779: [CMS-concurrent-preclean: 0,001/0,001 secs] [Times: user=0,01 sys=0,00, real=0,00 secs] 
2017-01-07T12:07:02.118+0100: 2,779: [GC (CMS Final Remark) [YG occupancy: 16998 K (109248 K)]{Heap before GC invocations=3 (full 1):
 par new generation   total 109248K, used 16998K [0x00000000e0000000, 0x00000000e8000000, 0x00000000e8000000)
  eden space 87424K,   1% used [0x00000000e0000000, 0x00000000e015f148, 0x00000000e5560000)
  from space 21824K,  71% used [0x00000000e6ab0000, 0x00000000e79ea958, 0x00000000e8000000)
  to   space 21824K,   0% used [0x00000000e5560000, 0x00000000e5560000, 0x00000000e6ab0000)
 concurrent mark-sweep generation total 393216K, used 0K [0x00000000e8000000, 0x0000000100000000, 0x0000000100000000)
 Metaspace       used 25144K, capacity 25509K, committed 25868K, reserved 1073152K
  class space    used 2924K, capacity 3057K, committed 3144K, reserved 1048576K
2017-01-07T12:07:02.118+0100: 2,779: [GC (CMS Final Remark) 2017-01-07T12:07:02.118+0100: 2,779: [ParNew
Desired survivor size 20112992 bytes, new threshold 8 (max 8)
- age   1:        312 bytes,        312 total
- age   2:    6936840 bytes,    6937152 total
- age   3:     513304 bytes,    7450456 total
- age   4:    6120128 bytes,   13570584 total
: 16998K->18847K(109248K), 0,0118255 secs] 16998K->18847K(502464K), 0,0118668 secs] [Times: user=0,04 sys=0,00, real=0,02 secs] 
Heap after GC invocations=4 (full 1):
 par new generation   total 109248K, used 18847K [0x00000000e0000000, 0x00000000e8000000, 0x00000000e8000000)
  eden space 87424K,   0% used [0x00000000e0000000, 0x00000000e0000000, 0x00000000e5560000)
  from space 21824K,  86% used [0x00000000e5560000, 0x00000000e67c7c08, 0x00000000e6ab0000)
  to   space 21824K,   0% used [0x00000000e6ab0000, 0x00000000e6ab0000, 0x00000000e8000000)
 concurrent mark-sweep generation total 393216K, used 0K [0x00000000e8000000, 0x0000000100000000, 0x0000000100000000)
 Metaspace       used 25144K, capacity 25509K, committed 25868K, reserved 1073152K
  class space    used 2924K, capacity 3057K, committed 3144K, reserved 1048576K
}
2017-01-07T12:07:02.130+0100: 2,791: [Rescan (parallel) , 0,0039272 secs]2017-01-07T12:07:02.134+0100: 2,795: [weak refs processing, 0,0011631 secs]2017-01-07T12:07:02.135+0100: 2,796: [class unloading, 0,0032029 secs]2017-01-07T12:07:02.139+0100: 2,799: [scrub symbol table, 0,0032463 secs]2017-01-07T12:07:02.142+0100: 2,802: [scrub string table, 0,0003864 secs][1 CMS-remark: 0K(393216K)] 18847K(502464K), 0,0244942 secs] [Times: user=0,06 sys=0,00, real=0,03 secs] 
2017-01-07T12:07:02.143+0100: 2,803: Total time for which application threads were stopped: 0,0245996 seconds, Stopping threads took: 0,0000365 seconds
2017-01-07T12:07:02.145+0100: 2,805: [CMS-concurrent-sweep-start]
2017-01-07T12:07:02.145+0100: 2,805: [CMS-concurrent-sweep: 0,000/0,000 secs] [Times: user=0,00 sys=0,00, real=0,00 secs] 
2017-01-07T12:07:02.145+0100: 2,805: [CMS-concurrent-reset-start]
2017-01-07T12:07:02.146+0100: 2,807: [CMS-concurrent-reset: 0,002/0,002 secs] [Times: user=0,01 sys=0,00, real=0,00 secs] 
2017-01-07T12:07:02.180+0100: 2,840: Total time for which application threads were stopped: 0,0004265 seconds, Stopping threads took: 0,0000309 seconds
2017-01-07T12:07:03.180+0100: 3,841: Total time for which application threads were stopped: 0,0000907 seconds, Stopping threads took: 0,0000162 seconds
2017-01-07T12:07:03.389+0100: 4,049: Total time for which application threads were stopped: 0,0002656 seconds, Stopping threads took: 0,0000145 seconds
2017-01-07T12:07:31.391+0100: 32,052: Total time for which application threads were stopped: 0,0000523 seconds, Stopping threads took: 0,0000148 seconds
2017-01-07T12:09:41.407+0100: 162,068: Total time for which application threads were stopped: 0,0000707 seconds, Stopping threads took: 0,0000308 seconds
2017-01-07T12:09:46.408+0100: 167,068: Total time for which application threads were stopped: 0,0000554 seconds, Stopping threads took: 0,0000151 seconds
2017-01-07T12:10:41.415+0100: 222,075: Total time for which application threads were stopped: 0,0001010 seconds, Stopping threads took: 0,0000385 seconds
2017-01-07T12:11:30.421+0100: 271,081: Total time for which application threads were stopped: 0,0000900 seconds, Stopping threads took: 0,0000379 seconds
2017-01-07T12:11:41.422+0100: 282,082: Total time for which application threads were stopped: 0,0000745 seconds, Stopping threads took: 0,0000301 seconds
2017-01-07T12:11:46.422+0100: 287,083: Total time for which application threads were stopped: 0,0000887 seconds, Stopping threads took: 0,0000238 seconds
2017-01-07T12:12:50.430+0100: 351,090: Total time for which application threads were stopped: 0,0000750 seconds, Stopping threads took: 0,0000319 seconds
2017-01-07T12:14:44.894+0100: 465,555: Total time for which application threads were stopped: 0,0001358 seconds, Stopping threads took: 0,0000178 seconds
Heap
 par new generation   total 109248K, used 62719K [0x00000000e0000000, 0x00000000e8000000, 0x00000000e8000000)
  eden space 87424K,  50% used [0x00000000e0000000, 0x00000000e2ad8000, 0x00000000e5560000)
  from space 21824K,  86% used [0x00000000e5560000, 0x00000000e67c7c08, 0x00000000e6ab0000)
  to   space 21824K,   0% used [0x00000000e6ab0000, 0x00000000e6ab0000, 0x00000000e8000000)
 concurrent mark-sweep generation total 393216K, used 0K [0x00000000e8000000, 0x0000000100000000, 0x0000000100000000)
 Metaspace       used 27250K, capacity 27729K, committed 27916K, reserved 1073152K
  class space    used 3167K, capacity 3321K, committed 3400K, reserved 1048576K
