OpenJDK 64-Bit Server VM (25.111-b14) for linux-amd64 JRE (1.8.0_111-8u111-b14-2ubuntu0.16.04.2-b14), built on Oct 27 2016 18:10:19 by "buildd" with gcc 5.4.0 20160609
Memory: 4k page, physical 7867848k(7458852k free), swap 8076284k(8076284k free)
CommandLine flags: -XX:CMSInitiatingOccupancyFraction=50 -XX:CMSMaxAbortablePrecleanTime=6000 -XX:+CMSParallelRemarkEnabled -XX:+CMSScavengeBeforeRemark -XX:ConcGCThreads=4 -XX:InitialHeapSize=536870912 -XX:MaxHeapSize=536870912 -XX:MaxTenuringThreshold=8 -XX:NewRatio=3 -XX:OldPLABSize=16 -XX:OnOutOfMemoryError=/opt/solr/bin/oom_solr.sh 8983 /var/solr/logs -XX:ParallelGCThreads=4 -XX:+ParallelRefProcEnabled -XX:PretenureSizeThreshold=67108864 -XX:+PrintGC -XX:+PrintGCApplicationStoppedTime -XX:+PrintGCDateStamps -XX:+PrintGCDetails -XX:+PrintGCTimeStamps -XX:+PrintHeapAtGC -XX:+PrintTenuringDistribution -XX:SurvivorRatio=4 -XX:TargetSurvivorRatio=90 -XX:ThreadStackSize=256 -XX:+UseCMSInitiatingOccupancyOnly -XX:+UseCompressedClassPointers -XX:+UseCompressedOops -XX:+UseConcMarkSweepGC -XX:+UseParNewGC 
2016-11-27T22:23:34.574+0100: 0,133: Total time for which application threads were stopped: 0,0001055 seconds, Stopping threads took: 0,0000210 seconds
2016-11-27T22:23:34.676+0100: 0,236: Total time for which application threads were stopped: 0,0001436 seconds, Stopping threads took: 0,0000284 seconds
2016-11-27T22:23:34.694+0100: 0,254: Total time for which application threads were stopped: 0,0001011 seconds, Stopping threads took: 0,0000203 seconds
2016-11-27T22:23:34.893+0100: 0,453: Total time for which application threads were stopped: 0,0001579 seconds, Stopping threads took: 0,0000137 seconds
2016-11-27T22:23:35.386+0100: 0,946: Total time for which application threads were stopped: 0,0001253 seconds, Stopping threads took: 0,0000133 seconds
2016-11-27T22:23:35.495+0100: 1,055: Total time for which application threads were stopped: 0,0001684 seconds, Stopping threads took: 0,0000221 seconds
2016-11-27T22:23:35.517+0100: 1,077: Total time for which application threads were stopped: 0,0001582 seconds, Stopping threads took: 0,0000186 seconds
2016-11-27T22:23:35.806+0100: 1,366: Total time for which application threads were stopped: 0,0001665 seconds, Stopping threads took: 0,0000167 seconds
2016-11-27T22:23:36.030+0100: 1,590: Total time for which application threads were stopped: 0,0002383 seconds, Stopping threads took: 0,0000166 seconds
2016-11-27T22:23:36.061+0100: 1,621: Total time for which application threads were stopped: 0,0001834 seconds, Stopping threads took: 0,0000181 seconds
2016-11-27T22:23:36.062+0100: 1,622: Total time for which application threads were stopped: 0,0002942 seconds, Stopping threads took: 0,0000238 seconds
2016-11-27T22:23:36.078+0100: 1,638: Total time for which application threads were stopped: 0,0001845 seconds, Stopping threads took: 0,0000113 seconds
2016-11-27T22:23:36.215+0100: 1,775: Total time for which application threads were stopped: 0,0002446 seconds, Stopping threads took: 0,0000227 seconds
2016-11-27T22:23:36.376+0100: 1,936: Total time for which application threads were stopped: 0,0005592 seconds, Stopping threads took: 0,0003574 seconds
{Heap before GC invocations=0 (full 0):
 par new generation   total 109248K, used 87424K [0x00000000e0000000, 0x00000000e8000000, 0x00000000e8000000)
  eden space 87424K, 100% used [0x00000000e0000000, 0x00000000e5560000, 0x00000000e5560000)
  from space 21824K,   0% used [0x00000000e5560000, 0x00000000e5560000, 0x00000000e6ab0000)
  to   space 21824K,   0% used [0x00000000e6ab0000, 0x00000000e6ab0000, 0x00000000e8000000)
 concurrent mark-sweep generation total 393216K, used 0K [0x00000000e8000000, 0x0000000100000000, 0x0000000100000000)
 Metaspace       used 17965K, capacity 18302K, committed 18560K, reserved 1064960K
  class space    used 2044K, capacity 2162K, committed 2176K, reserved 1048576K
2016-11-27T22:23:36.477+0100: 2,037: [GC (Allocation Failure) 2016-11-27T22:23:36.477+0100: 2,037: [ParNew
Desired survivor size 20112992 bytes, new threshold 8 (max 8)
- age   1:   12035496 bytes,   12035496 total
: 87424K->11876K(109248K), 0,0197697 secs] 87424K->11876K(502464K), 0,0198578 secs] [Times: user=0,06 sys=0,00, real=0,02 secs] 
Heap after GC invocations=1 (full 0):
 par new generation   total 109248K, used 11876K [0x00000000e0000000, 0x00000000e8000000, 0x00000000e8000000)
  eden space 87424K,   0% used [0x00000000e0000000, 0x00000000e0000000, 0x00000000e5560000)
  from space 21824K,  54% used [0x00000000e6ab0000, 0x00000000e7649158, 0x00000000e8000000)
  to   space 21824K,   0% used [0x00000000e5560000, 0x00000000e5560000, 0x00000000e6ab0000)
 concurrent mark-sweep generation total 393216K, used 0K [0x00000000e8000000, 0x0000000100000000, 0x0000000100000000)
 Metaspace       used 17965K, capacity 18302K, committed 18560K, reserved 1064960K
  class space    used 2044K, capacity 2162K, committed 2176K, reserved 1048576K
}
2016-11-27T22:23:36.497+0100: 2,057: Total time for which application threads were stopped: 0,0200365 seconds, Stopping threads took: 0,0000250 seconds
2016-11-27T22:23:36.697+0100: 2,257: Total time for which application threads were stopped: 0,0003062 seconds, Stopping threads took: 0,0000236 seconds
2016-11-27T22:23:36.729+0100: 2,288: Total time for which application threads were stopped: 0,0003394 seconds, Stopping threads took: 0,0000741 seconds
2016-11-27T22:23:36.754+0100: 2,314: Total time for which application threads were stopped: 0,0002996 seconds, Stopping threads took: 0,0000233 seconds
{Heap before GC invocations=1 (full 0):
 par new generation   total 109248K, used 99300K [0x00000000e0000000, 0x00000000e8000000, 0x00000000e8000000)
  eden space 87424K, 100% used [0x00000000e0000000, 0x00000000e5560000, 0x00000000e5560000)
  from space 21824K,  54% used [0x00000000e6ab0000, 0x00000000e7649158, 0x00000000e8000000)
  to   space 21824K,   0% used [0x00000000e5560000, 0x00000000e5560000, 0x00000000e6ab0000)
 concurrent mark-sweep generation total 393216K, used 0K [0x00000000e8000000, 0x0000000100000000, 0x0000000100000000)
 Metaspace       used 20704K, capacity 21016K, committed 21248K, reserved 1069056K
  class space    used 2403K, capacity 2518K, committed 2560K, reserved 1048576K
2016-11-27T22:23:36.930+0100: 2,490: [GC (Allocation Failure) 2016-11-27T22:23:36.930+0100: 2,490: [ParNew
Desired survivor size 20112992 bytes, new threshold 8 (max 8)
- age   1:    3671792 bytes,    3671792 total
- age   2:    6066872 bytes,    9738664 total
: 99300K->12874K(109248K), 0,0143412 secs] 99300K->12874K(502464K), 0,0144108 secs] [Times: user=0,04 sys=0,00, real=0,02 secs] 
Heap after GC invocations=2 (full 0):
 par new generation   total 109248K, used 12874K [0x00000000e0000000, 0x00000000e8000000, 0x00000000e8000000)
  eden space 87424K,   0% used [0x00000000e0000000, 0x00000000e0000000, 0x00000000e5560000)
  from space 21824K,  58% used [0x00000000e5560000, 0x00000000e61f2ac8, 0x00000000e6ab0000)
  to   space 21824K,   0% used [0x00000000e6ab0000, 0x00000000e6ab0000, 0x00000000e8000000)
 concurrent mark-sweep generation total 393216K, used 0K [0x00000000e8000000, 0x0000000100000000, 0x0000000100000000)
 Metaspace       used 20704K, capacity 21016K, committed 21248K, reserved 1069056K
  class space    used 2403K, capacity 2518K, committed 2560K, reserved 1048576K
}
2016-11-27T22:23:36.944+0100: 2,504: Total time for which application threads were stopped: 0,0146097 seconds, Stopping threads took: 0,0000322 seconds
2016-11-27T22:23:37.004+0100: 2,564: Total time for which application threads were stopped: 0,0000968 seconds, Stopping threads took: 0,0000150 seconds
2016-11-27T22:23:37.036+0100: 2,596: Total time for which application threads were stopped: 0,0002784 seconds, Stopping threads took: 0,0000161 seconds
2016-11-27T22:23:37.037+0100: 2,597: Total time for which application threads were stopped: 0,0000800 seconds, Stopping threads took: 0,0000228 seconds
2016-11-27T22:23:37.065+0100: 2,624: Total time for which application threads were stopped: 0,0000767 seconds, Stopping threads took: 0,0000183 seconds
2016-11-27T22:23:37.149+0100: 2,709: Total time for which application threads were stopped: 0,0001149 seconds, Stopping threads took: 0,0000196 seconds
2016-11-27T22:23:37.169+0100: 2,728: Total time for which application threads were stopped: 0,0001021 seconds, Stopping threads took: 0,0000328 seconds
2016-11-27T22:23:37.177+0100: 2,737: Total time for which application threads were stopped: 0,0002961 seconds, Stopping threads took: 0,0000236 seconds
2016-11-27T22:23:37.187+0100: 2,747: Total time for which application threads were stopped: 0,0000855 seconds, Stopping threads took: 0,0000188 seconds
2016-11-27T22:23:37.188+0100: 2,748: Total time for which application threads were stopped: 0,0002924 seconds, Stopping threads took: 0,0000171 seconds
2016-11-27T22:23:37.229+0100: 2,789: Total time for which application threads were stopped: 0,0000732 seconds, Stopping threads took: 0,0000140 seconds
2016-11-27T22:23:37.246+0100: 2,806: Total time for which application threads were stopped: 0,0000876 seconds, Stopping threads took: 0,0000184 seconds
2016-11-27T22:23:37.265+0100: 2,825: Total time for which application threads were stopped: 0,0001084 seconds, Stopping threads took: 0,0000287 seconds
2016-11-27T22:23:37.285+0100: 2,845: Total time for which application threads were stopped: 0,0000887 seconds, Stopping threads took: 0,0000179 seconds
2016-11-27T22:23:37.308+0100: 2,868: Total time for which application threads were stopped: 0,0000912 seconds, Stopping threads took: 0,0000132 seconds
2016-11-27T22:23:37.375+0100: 2,935: Total time for which application threads were stopped: 0,0001264 seconds, Stopping threads took: 0,0000405 seconds
2016-11-27T22:23:37.408+0100: 2,968: Total time for which application threads were stopped: 0,0001489 seconds, Stopping threads took: 0,0000296 seconds
{Heap before GC invocations=2 (full 0):
 par new generation   total 109248K, used 100070K [0x00000000e0000000, 0x00000000e8000000, 0x00000000e8000000)
  eden space 87424K,  99% used [0x00000000e0000000, 0x00000000e5526d90, 0x00000000e5560000)
  from space 21824K,  58% used [0x00000000e5560000, 0x00000000e61f2ac8, 0x00000000e6ab0000)
  to   space 21824K,   0% used [0x00000000e6ab0000, 0x00000000e6ab0000, 0x00000000e8000000)
 concurrent mark-sweep generation total 393216K, used 0K [0x00000000e8000000, 0x0000000100000000, 0x0000000100000000)
 Metaspace       used 24821K, capacity 25156K, committed 25536K, reserved 1071104K
  class space    used 2894K, capacity 3024K, committed 3144K, reserved 1048576K
2016-11-27T22:23:37.426+0100: 2,986: [GC (Allocation Failure) 2016-11-27T22:23:37.427+0100: 2,986: [ParNew
Desired survivor size 20112992 bytes, new threshold 8 (max 8)
- age   1:    4851232 bytes,    4851232 total
- age   2:     583760 bytes,    5434992 total
- age   3:    6051032 bytes,   11486024 total
: 100070K->13513K(109248K), 0,0122501 secs] 100070K->13513K(502464K), 0,0123483 secs] [Times: user=0,04 sys=0,00, real=0,01 secs] 
Heap after GC invocations=3 (full 0):
 par new generation   total 109248K, used 13513K [0x00000000e0000000, 0x00000000e8000000, 0x00000000e8000000)
  eden space 87424K,   0% used [0x00000000e0000000, 0x00000000e0000000, 0x00000000e5560000)
  from space 21824K,  61% used [0x00000000e6ab0000, 0x00000000e77e27f0, 0x00000000e8000000)
  to   space 21824K,   0% used [0x00000000e5560000, 0x00000000e5560000, 0x00000000e6ab0000)
 concurrent mark-sweep generation total 393216K, used 0K [0x00000000e8000000, 0x0000000100000000, 0x0000000100000000)
 Metaspace       used 24821K, capacity 25156K, committed 25536K, reserved 1071104K
  class space    used 2894K, capacity 3024K, committed 3144K, reserved 1048576K
}
2016-11-27T22:23:37.439+0100: 2,999: Total time for which application threads were stopped: 0,0125285 seconds, Stopping threads took: 0,0000313 seconds
2016-11-27T22:23:37.439+0100: 2,999: [GC (CMS Initial Mark) [1 CMS-initial-mark: 0K(393216K)] 13770K(502464K), 0,0036796 secs] [Times: user=0,01 sys=0,00, real=0,01 secs] 
2016-11-27T22:23:37.443+0100: 3,003: Total time for which application threads were stopped: 0,0038359 seconds, Stopping threads took: 0,0000565 seconds
2016-11-27T22:23:37.443+0100: 3,003: [CMS-concurrent-mark-start]
2016-11-27T22:23:37.443+0100: 3,003: [CMS-concurrent-mark: 0,000/0,000 secs] [Times: user=0,00 sys=0,00, real=0,00 secs] 
2016-11-27T22:23:37.443+0100: 3,003: [CMS-concurrent-preclean-start]
2016-11-27T22:23:37.444+0100: 3,004: [CMS-concurrent-preclean: 0,001/0,001 secs] [Times: user=0,00 sys=0,00, real=0,00 secs] 
2016-11-27T22:23:37.449+0100: 3,009: [GC (CMS Final Remark) [YG occupancy: 15143 K (109248 K)]{Heap before GC invocations=3 (full 1):
 par new generation   total 109248K, used 15143K [0x00000000e0000000, 0x00000000e8000000, 0x00000000e8000000)
  eden space 87424K,   1% used [0x00000000e0000000, 0x00000000e0197730, 0x00000000e5560000)
  from space 21824K,  61% used [0x00000000e6ab0000, 0x00000000e77e27f0, 0x00000000e8000000)
  to   space 21824K,   0% used [0x00000000e5560000, 0x00000000e5560000, 0x00000000e6ab0000)
 concurrent mark-sweep generation total 393216K, used 0K [0x00000000e8000000, 0x0000000100000000, 0x0000000100000000)
 Metaspace       used 24821K, capacity 25156K, committed 25536K, reserved 1071104K
  class space    used 2894K, capacity 3024K, committed 3144K, reserved 1048576K
2016-11-27T22:23:37.449+0100: 3,009: [GC (CMS Final Remark) 2016-11-27T22:23:37.449+0100: 3,009: [ParNew
Desired survivor size 20112992 bytes, new threshold 8 (max 8)
- age   1:     566504 bytes,     566504 total
- age   2:    1315096 bytes,    1881600 total
- age   3:     583760 bytes,    2465360 total
- age   4:    6049544 bytes,    8514904 total
: 15143K->14902K(109248K), 0,0135569 secs] 15143K->14902K(502464K), 0,0136153 secs] [Times: user=0,04 sys=0,00, real=0,01 secs] 
Heap after GC invocations=4 (full 1):
 par new generation   total 109248K, used 14902K [0x00000000e0000000, 0x00000000e8000000, 0x00000000e8000000)
  eden space 87424K,   0% used [0x00000000e0000000, 0x00000000e0000000, 0x00000000e5560000)
  from space 21824K,  68% used [0x00000000e5560000, 0x00000000e63ed840, 0x00000000e6ab0000)
  to   space 21824K,   0% used [0x00000000e6ab0000, 0x00000000e6ab0000, 0x00000000e8000000)
 concurrent mark-sweep generation total 393216K, used 0K [0x00000000e8000000, 0x0000000100000000, 0x0000000100000000)
 Metaspace       used 24821K, capacity 25156K, committed 25536K, reserved 1071104K
  class space    used 2894K, capacity 3024K, committed 3144K, reserved 1048576K
}
2016-11-27T22:23:37.462+0100: 3,022: [Rescan (parallel) , 0,0060505 secs]2016-11-27T22:23:37.469+0100: 3,028: [weak refs processing, 0,0005415 secs]2016-11-27T22:23:37.469+0100: 3,029: [class unloading, 0,0033510 secs]2016-11-27T22:23:37.472+0100: 3,032: [scrub symbol table, 0,0034627 secs]2016-11-27T22:23:37.476+0100: 3,036: [scrub string table, 0,0003932 secs][1 CMS-remark: 0K(393216K)] 14902K(502464K), 0,0281544 secs] [Times: user=0,07 sys=0,00, real=0,03 secs] 
2016-11-27T22:23:37.477+0100: 3,037: Total time for which application threads were stopped: 0,0282789 seconds, Stopping threads took: 0,0000486 seconds
2016-11-27T22:23:37.479+0100: 3,039: [CMS-concurrent-sweep-start]
2016-11-27T22:23:37.479+0100: 3,039: [CMS-concurrent-sweep: 0,000/0,000 secs] [Times: user=0,00 sys=0,00, real=0,00 secs] 
2016-11-27T22:23:37.479+0100: 3,039: [CMS-concurrent-reset-start]
2016-11-27T22:23:37.481+0100: 3,041: [CMS-concurrent-reset: 0,002/0,002 secs] [Times: user=0,01 sys=0,00, real=0,00 secs] 
2016-11-27T22:23:38.477+0100: 4,037: Total time for which application threads were stopped: 0,0001032 seconds, Stopping threads took: 0,0000229 seconds
2016-11-27T22:23:38.488+0100: 4,048: Total time for which application threads were stopped: 0,0002990 seconds, Stopping threads took: 0,0000182 seconds
2016-11-27T22:24:06.492+0100: 32,052: Total time for which application threads were stopped: 0,0000766 seconds, Stopping threads took: 0,0000355 seconds
2016-11-27T22:26:16.509+0100: 162,069: Total time for which application threads were stopped: 0,0000838 seconds, Stopping threads took: 0,0000368 seconds
2016-11-27T22:26:21.509+0100: 167,069: Total time for which application threads were stopped: 0,0000879 seconds, Stopping threads took: 0,0000340 seconds
2016-11-27T22:26:35.511+0100: 181,071: Total time for which application threads were stopped: 0,0003133 seconds, Stopping threads took: 0,0001358 seconds
2016-11-27T22:27:31.520+0100: 237,080: Total time for which application threads were stopped: 0,0001027 seconds, Stopping threads took: 0,0000449 seconds
2016-11-27T22:28:05.525+0100: 271,085: Total time for which application threads were stopped: 0,0000800 seconds, Stopping threads took: 0,0000305 seconds
2016-11-27T22:28:16.527+0100: 282,087: Total time for which application threads were stopped: 0,0000626 seconds, Stopping threads took: 0,0000184 seconds
2016-11-27T22:28:21.527+0100: 287,087: Total time for which application threads were stopped: 0,0000782 seconds, Stopping threads took: 0,0000325 seconds
2016-11-27T22:28:55.531+0100: 321,091: Total time for which application threads were stopped: 0,0000831 seconds, Stopping threads took: 0,0000334 seconds
2016-11-27T22:30:34.972+0100: 420,532: Total time for which application threads were stopped: 0,0001726 seconds, Stopping threads took: 0,0000242 seconds
Heap
 par new generation   total 109248K, used 58322K [0x00000000e0000000, 0x00000000e8000000, 0x00000000e8000000)
  eden space 87424K,  49% used [0x00000000e0000000, 0x00000000e2a67370, 0x00000000e5560000)
  from space 21824K,  68% used [0x00000000e5560000, 0x00000000e63ed840, 0x00000000e6ab0000)
  to   space 21824K,   0% used [0x00000000e6ab0000, 0x00000000e6ab0000, 0x00000000e8000000)
 concurrent mark-sweep generation total 393216K, used 0K [0x00000000e8000000, 0x0000000100000000, 0x0000000100000000)
 Metaspace       used 27183K, capacity 27658K, committed 27972K, reserved 1073152K
  class space    used 3161K, capacity 3319K, committed 3400K, reserved 1048576K
