OpenJDK 64-Bit Server VM (25.121-b13) for linux-amd64 JRE (1.8.0_121-8u121-b13-0ubuntu1.16.04.2-b13), built on Jan 23 2017 15:51:29 by "buildd" with gcc 5.4.0 20160609
Memory: 4k page, physical 7867760k(7437756k free), swap 8076284k(8076284k free)
CommandLine flags: -XX:CMSInitiatingOccupancyFraction=50 -XX:CMSMaxAbortablePrecleanTime=6000 -XX:+CMSParallelRemarkEnabled -XX:+CMSScavengeBeforeRemark -XX:ConcGCThreads=4 -XX:InitialHeapSize=536870912 -XX:MaxHeapSize=536870912 -XX:MaxTenuringThreshold=8 -XX:NewRatio=3 -XX:OldPLABSize=16 -XX:OnOutOfMemoryError=/opt/solr/bin/oom_solr.sh 8983 /var/solr/logs -XX:ParallelGCThreads=4 -XX:+ParallelRefProcEnabled -XX:PretenureSizeThreshold=67108864 -XX:+PrintGC -XX:+PrintGCApplicationStoppedTime -XX:+PrintGCDateStamps -XX:+PrintGCDetails -XX:+PrintGCTimeStamps -XX:+PrintHeapAtGC -XX:+PrintTenuringDistribution -XX:SurvivorRatio=4 -XX:TargetSurvivorRatio=90 -XX:ThreadStackSize=256 -XX:+UseCMSInitiatingOccupancyOnly -XX:+UseCompressedClassPointers -XX:+UseCompressedOops -XX:+UseConcMarkSweepGC -XX:+UseParNewGC 
2017-03-15T03:08:21.823+0100: 0,154: Total time for which application threads were stopped: 0,0000708 seconds, Stopping threads took: 0,0000123 seconds
2017-03-15T03:08:21.911+0100: 0,242: Total time for which application threads were stopped: 0,0001081 seconds, Stopping threads took: 0,0000185 seconds
2017-03-15T03:08:21.938+0100: 0,269: Total time for which application threads were stopped: 0,0001354 seconds, Stopping threads took: 0,0000438 seconds
2017-03-15T03:08:22.261+0100: 0,592: Total time for which application threads were stopped: 0,0001662 seconds, Stopping threads took: 0,0000198 seconds
2017-03-15T03:08:22.784+0100: 1,115: Total time for which application threads were stopped: 0,0001213 seconds, Stopping threads took: 0,0000110 seconds
2017-03-15T03:08:22.868+0100: 1,200: Total time for which application threads were stopped: 0,0001703 seconds, Stopping threads took: 0,0000268 seconds
2017-03-15T03:08:22.915+0100: 1,246: Total time for which application threads were stopped: 0,0001992 seconds, Stopping threads took: 0,0000475 seconds
2017-03-15T03:08:23.244+0100: 1,575: Total time for which application threads were stopped: 0,0001694 seconds, Stopping threads took: 0,0000179 seconds
2017-03-15T03:08:23.511+0100: 1,842: Total time for which application threads were stopped: 0,0001970 seconds, Stopping threads took: 0,0000163 seconds
2017-03-15T03:08:23.532+0100: 1,864: Total time for which application threads were stopped: 0,0001643 seconds, Stopping threads took: 0,0000197 seconds
2017-03-15T03:08:23.560+0100: 1,891: Total time for which application threads were stopped: 0,0001903 seconds, Stopping threads took: 0,0000174 seconds
2017-03-15T03:08:23.561+0100: 1,892: Total time for which application threads were stopped: 0,0001631 seconds, Stopping threads took: 0,0000145 seconds
2017-03-15T03:08:23.575+0100: 1,906: Total time for which application threads were stopped: 0,0001608 seconds, Stopping threads took: 0,0000118 seconds
2017-03-15T03:08:23.643+0100: 1,974: Total time for which application threads were stopped: 0,0002065 seconds, Stopping threads took: 0,0000185 seconds
2017-03-15T03:08:23.818+0100: 2,149: Total time for which application threads were stopped: 0,0002491 seconds, Stopping threads took: 0,0000401 seconds
{Heap before GC invocations=0 (full 0):
 par new generation   total 109248K, used 87424K [0x00000000e0000000, 0x00000000e8000000, 0x00000000e8000000)
  eden space 87424K, 100% used [0x00000000e0000000, 0x00000000e5560000, 0x00000000e5560000)
  from space 21824K,   0% used [0x00000000e5560000, 0x00000000e5560000, 0x00000000e6ab0000)
  to   space 21824K,   0% used [0x00000000e6ab0000, 0x00000000e6ab0000, 0x00000000e8000000)
 concurrent mark-sweep generation total 393216K, used 0K [0x00000000e8000000, 0x0000000100000000, 0x0000000100000000)
 Metaspace       used 18037K, capacity 18336K, committed 18688K, reserved 1064960K
  class space    used 2036K, capacity 2196K, committed 2304K, reserved 1048576K
2017-03-15T03:08:23.914+0100: 2,245: [GC (Allocation Failure) 2017-03-15T03:08:23.914+0100: 2,245: [ParNew
Desired survivor size 20112992 bytes, new threshold 8 (max 8)
- age   1:   12621104 bytes,   12621104 total
: 87424K->12446K(109248K), 0,0163936 secs] 87424K->12446K(502464K), 0,0164770 secs] [Times: user=0,04 sys=0,02, real=0,02 secs] 
Heap after GC invocations=1 (full 0):
 par new generation   total 109248K, used 12446K [0x00000000e0000000, 0x00000000e8000000, 0x00000000e8000000)
  eden space 87424K,   0% used [0x00000000e0000000, 0x00000000e0000000, 0x00000000e5560000)
  from space 21824K,  57% used [0x00000000e6ab0000, 0x00000000e76d7a30, 0x00000000e8000000)
  to   space 21824K,   0% used [0x00000000e5560000, 0x00000000e5560000, 0x00000000e6ab0000)
 concurrent mark-sweep generation total 393216K, used 0K [0x00000000e8000000, 0x0000000100000000, 0x0000000100000000)
 Metaspace       used 18037K, capacity 18336K, committed 18688K, reserved 1064960K
  class space    used 2036K, capacity 2196K, committed 2304K, reserved 1048576K
}
2017-03-15T03:08:23.931+0100: 2,262: Total time for which application threads were stopped: 0,0219041 seconds, Stopping threads took: 0,0052353 seconds
2017-03-15T03:08:24.220+0100: 2,551: Total time for which application threads were stopped: 0,0003381 seconds, Stopping threads took: 0,0000857 seconds
{Heap before GC invocations=1 (full 0):
 par new generation   total 109248K, used 99870K [0x00000000e0000000, 0x00000000e8000000, 0x00000000e8000000)
  eden space 87424K, 100% used [0x00000000e0000000, 0x00000000e5560000, 0x00000000e5560000)
  from space 21824K,  57% used [0x00000000e6ab0000, 0x00000000e76d7a30, 0x00000000e8000000)
  to   space 21824K,   0% used [0x00000000e5560000, 0x00000000e5560000, 0x00000000e6ab0000)
 concurrent mark-sweep generation total 393216K, used 0K [0x00000000e8000000, 0x0000000100000000, 0x0000000100000000)
 Metaspace       used 20051K, capacity 20360K, committed 20736K, reserved 1067008K
  class space    used 2293K, capacity 2468K, committed 2560K, reserved 1048576K
2017-03-15T03:08:24.270+0100: 2,601: [GC (Allocation Failure) 2017-03-15T03:08:24.270+0100: 2,601: [ParNew
Desired survivor size 20112992 bytes, new threshold 8 (max 8)
- age   1:    3548400 bytes,    3548400 total
- age   2:    6663016 bytes,   10211416 total
: 99870K->13731K(109248K), 0,0228606 secs] 99870K->13731K(502464K), 0,0229552 secs] [Times: user=0,07 sys=0,00, real=0,03 secs] 
Heap after GC invocations=2 (full 0):
 par new generation   total 109248K, used 13731K [0x00000000e0000000, 0x00000000e8000000, 0x00000000e8000000)
  eden space 87424K,   0% used [0x00000000e0000000, 0x00000000e0000000, 0x00000000e5560000)
  from space 21824K,  62% used [0x00000000e5560000, 0x00000000e62c8e28, 0x00000000e6ab0000)
  to   space 21824K,   0% used [0x00000000e6ab0000, 0x00000000e6ab0000, 0x00000000e8000000)
 concurrent mark-sweep generation total 393216K, used 0K [0x00000000e8000000, 0x0000000100000000, 0x0000000100000000)
 Metaspace       used 20051K, capacity 20360K, committed 20736K, reserved 1067008K
  class space    used 2293K, capacity 2468K, committed 2560K, reserved 1048576K
}
2017-03-15T03:08:24.293+0100: 2,624: Total time for which application threads were stopped: 0,0232462 seconds, Stopping threads took: 0,0001041 seconds
2017-03-15T03:08:24.296+0100: 2,627: Total time for which application threads were stopped: 0,0003905 seconds, Stopping threads took: 0,0000478 seconds
2017-03-15T03:08:24.322+0100: 2,653: Total time for which application threads were stopped: 0,0003330 seconds, Stopping threads took: 0,0000605 seconds
2017-03-15T03:08:24.471+0100: 2,802: Total time for which application threads were stopped: 0,0001514 seconds, Stopping threads took: 0,0000274 seconds
{Heap before GC invocations=2 (full 0):
 par new generation   total 109248K, used 101155K [0x00000000e0000000, 0x00000000e8000000, 0x00000000e8000000)
  eden space 87424K, 100% used [0x00000000e0000000, 0x00000000e5560000, 0x00000000e5560000)
  from space 21824K,  62% used [0x00000000e5560000, 0x00000000e62c8e28, 0x00000000e6ab0000)
  to   space 21824K,   0% used [0x00000000e6ab0000, 0x00000000e6ab0000, 0x00000000e8000000)
 concurrent mark-sweep generation total 393216K, used 0K [0x00000000e8000000, 0x0000000100000000, 0x0000000100000000)
 Metaspace       used 20980K, capacity 21282K, committed 21628K, reserved 1069056K
  class space    used 2419K, capacity 2587K, committed 2684K, reserved 1048576K
2017-03-15T03:08:24.507+0100: 2,838: [GC (Allocation Failure) 2017-03-15T03:08:24.507+0100: 2,838: [ParNew
Desired survivor size 20112992 bytes, new threshold 8 (max 8)
- age   1:    2239544 bytes,    2239544 total
- age   2:     860272 bytes,    3099816 total
- age   3:    6659176 bytes,    9758992 total
: 101155K->12827K(109248K), 0,0201360 secs] 101155K->12827K(502464K), 0,0202342 secs] [Times: user=0,07 sys=0,00, real=0,02 secs] 
Heap after GC invocations=3 (full 0):
 par new generation   total 109248K, used 12827K [0x00000000e0000000, 0x00000000e8000000, 0x00000000e8000000)
  eden space 87424K,   0% used [0x00000000e0000000, 0x00000000e0000000, 0x00000000e5560000)
  from space 21824K,  58% used [0x00000000e6ab0000, 0x00000000e7736eb0, 0x00000000e8000000)
  to   space 21824K,   0% used [0x00000000e5560000, 0x00000000e5560000, 0x00000000e6ab0000)
 concurrent mark-sweep generation total 393216K, used 0K [0x00000000e8000000, 0x0000000100000000, 0x0000000100000000)
 Metaspace       used 20980K, capacity 21282K, committed 21628K, reserved 1069056K
  class space    used 2419K, capacity 2587K, committed 2684K, reserved 1048576K
}
2017-03-15T03:08:24.527+0100: 2,858: Total time for which application threads were stopped: 0,0204532 seconds, Stopping threads took: 0,0000757 seconds
2017-03-15T03:08:24.531+0100: 2,862: [GC (CMS Initial Mark) [1 CMS-initial-mark: 0K(393216K)] 14972K(502464K), 0,0035823 secs] [Times: user=0,02 sys=0,00, real=0,00 secs] 
2017-03-15T03:08:24.535+0100: 2,866: Total time for which application threads were stopped: 0,0061483 seconds, Stopping threads took: 0,0024679 seconds
2017-03-15T03:08:24.535+0100: 2,866: [CMS-concurrent-mark-start]
2017-03-15T03:08:24.550+0100: 2,881: [CMS-concurrent-mark: 0,015/0,015 secs] [Times: user=0,06 sys=0,00, real=0,02 secs] 
2017-03-15T03:08:24.550+0100: 2,881: [CMS-concurrent-preclean-start]
2017-03-15T03:08:24.551+0100: 2,882: [CMS-concurrent-preclean: 0,001/0,001 secs] [Times: user=0,00 sys=0,00, real=0,00 secs] 
2017-03-15T03:08:24.551+0100: 2,882: [CMS-concurrent-abortable-preclean-start]
2017-03-15T03:08:24.587+0100: 2,918: Total time for which application threads were stopped: 0,0001625 seconds, Stopping threads took: 0,0000746 seconds
{Heap before GC invocations=3 (full 1):
 par new generation   total 109248K, used 100251K [0x00000000e0000000, 0x00000000e8000000, 0x00000000e8000000)
  eden space 87424K, 100% used [0x00000000e0000000, 0x00000000e5560000, 0x00000000e5560000)
  from space 21824K,  58% used [0x00000000e6ab0000, 0x00000000e7736eb0, 0x00000000e8000000)
  to   space 21824K,   0% used [0x00000000e5560000, 0x00000000e5560000, 0x00000000e6ab0000)
 concurrent mark-sweep generation total 393216K, used 0K [0x00000000e8000000, 0x0000000100000000, 0x0000000100000000)
 Metaspace       used 21224K, capacity 21552K, committed 21884K, reserved 1069056K
  class space    used 2445K, capacity 2601K, committed 2684K, reserved 1048576K
2017-03-15T03:08:24.632+0100: 2,963: [GC (Allocation Failure) 2017-03-15T03:08:24.632+0100: 2,963: [ParNew
Desired survivor size 20112992 bytes, new threshold 8 (max 8)
- age   1:     637672 bytes,     637672 total
- age   2:    1448168 bytes,    2085840 total
- age   3:     847024 bytes,    2932864 total
- age   4:    6659344 bytes,    9592208 total
: 100251K->12497K(109248K), 0,0092477 secs] 100251K->12497K(502464K), 0,0093158 secs] [Times: user=0,03 sys=0,00, real=0,01 secs] 
Heap after GC invocations=4 (full 1):
 par new generation   total 109248K, used 12497K [0x00000000e0000000, 0x00000000e8000000, 0x00000000e8000000)
  eden space 87424K,   0% used [0x00000000e0000000, 0x00000000e0000000, 0x00000000e5560000)
  from space 21824K,  57% used [0x00000000e5560000, 0x00000000e6194790, 0x00000000e6ab0000)
  to   space 21824K,   0% used [0x00000000e6ab0000, 0x00000000e6ab0000, 0x00000000e8000000)
 concurrent mark-sweep generation total 393216K, used 0K [0x00000000e8000000, 0x0000000100000000, 0x0000000100000000)
 Metaspace       used 21224K, capacity 21552K, committed 21884K, reserved 1069056K
  class space    used 2445K, capacity 2601K, committed 2684K, reserved 1048576K
}
2017-03-15T03:08:24.641+0100: 2,973: Total time for which application threads were stopped: 0,0095429 seconds, Stopping threads took: 0,0000989 seconds
{Heap before GC invocations=4 (full 1):
 par new generation   total 109248K, used 99921K [0x00000000e0000000, 0x00000000e8000000, 0x00000000e8000000)
  eden space 87424K, 100% used [0x00000000e0000000, 0x00000000e5560000, 0x00000000e5560000)
  from space 21824K,  57% used [0x00000000e5560000, 0x00000000e6194790, 0x00000000e6ab0000)
  to   space 21824K,   0% used [0x00000000e6ab0000, 0x00000000e6ab0000, 0x00000000e8000000)
 concurrent mark-sweep generation total 393216K, used 0K [0x00000000e8000000, 0x0000000100000000, 0x0000000100000000)
 Metaspace       used 21393K, capacity 21794K, committed 21884K, reserved 1069056K
  class space    used 2466K, capacity 2636K, committed 2684K, reserved 1048576K
2017-03-15T03:08:24.746+0100: 3,077: [GC (Allocation Failure) 2017-03-15T03:08:24.746+0100: 3,077: [ParNew
Desired survivor size 20112992 bytes, new threshold 8 (max 8)
- age   1:     656976 bytes,     656976 total
- age   2:     175064 bytes,     832040 total
- age   3:    1447776 bytes,    2279816 total
- age   4:     847128 bytes,    3126944 total
- age   5:    6659408 bytes,    9786352 total
: 99921K->10715K(109248K), 0,0102281 secs] 99921K->10715K(502464K), 0,0103042 secs] [Times: user=0,04 sys=0,00, real=0,01 secs] 
Heap after GC invocations=5 (full 1):
 par new generation   total 109248K, used 10715K [0x00000000e0000000, 0x00000000e8000000, 0x00000000e8000000)
  eden space 87424K,   0% used [0x00000000e0000000, 0x00000000e0000000, 0x00000000e5560000)
  from space 21824K,  49% used [0x00000000e6ab0000, 0x00000000e7526e80, 0x00000000e8000000)
  to   space 21824K,   0% used [0x00000000e5560000, 0x00000000e5560000, 0x00000000e6ab0000)
 concurrent mark-sweep generation total 393216K, used 0K [0x00000000e8000000, 0x0000000100000000, 0x0000000100000000)
 Metaspace       used 21393K, capacity 21794K, committed 21884K, reserved 1069056K
  class space    used 2466K, capacity 2636K, committed 2684K, reserved 1048576K
}
2017-03-15T03:08:24.756+0100: 3,087: Total time for which application threads were stopped: 0,0108378 seconds, Stopping threads took: 0,0004016 seconds
2017-03-15T03:08:24.756+0100: 3,087: [CMS-concurrent-abortable-preclean: 0,163/0,205 secs] [Times: user=0,76 sys=0,01, real=0,20 secs] 
2017-03-15T03:08:24.766+0100: 3,097: [GC (CMS Final Remark) [YG occupancy: 16557 K (109248 K)]{Heap before GC invocations=5 (full 1):
 par new generation   total 109248K, used 16557K [0x00000000e0000000, 0x00000000e8000000, 0x00000000e8000000)
  eden space 87424K,   6% used [0x00000000e0000000, 0x00000000e05b4970, 0x00000000e5560000)
  from space 21824K,  49% used [0x00000000e6ab0000, 0x00000000e7526e80, 0x00000000e8000000)
  to   space 21824K,   0% used [0x00000000e5560000, 0x00000000e5560000, 0x00000000e6ab0000)
 concurrent mark-sweep generation total 393216K, used 0K [0x00000000e8000000, 0x0000000100000000, 0x0000000100000000)
 Metaspace       used 21411K, capacity 21794K, committed 21884K, reserved 1069056K
  class space    used 2468K, capacity 2636K, committed 2684K, reserved 1048576K
2017-03-15T03:08:24.766+0100: 3,097: [GC (CMS Final Remark) 2017-03-15T03:08:24.766+0100: 3,097: [ParNew
Desired survivor size 20112992 bytes, new threshold 8 (max 8)
- age   1:     120312 bytes,     120312 total
- age   2:     233840 bytes,     354152 total
- age   3:     175064 bytes,     529216 total
- age   4:    1447776 bytes,    1976992 total
- age   5:     846912 bytes,    2823904 total
- age   6:    6659160 bytes,    9483064 total
: 16557K->12537K(109248K), 0,0149480 secs] 16557K->12537K(502464K), 0,0149929 secs] [Times: user=0,05 sys=0,00, real=0,02 secs] 
Heap after GC invocations=6 (full 1):
 par new generation   total 109248K, used 12537K [0x00000000e0000000, 0x00000000e8000000, 0x00000000e8000000)
  eden space 87424K,   0% used [0x00000000e0000000, 0x00000000e0000000, 0x00000000e5560000)
  from space 21824K,  57% used [0x00000000e5560000, 0x00000000e619e460, 0x00000000e6ab0000)
  to   space 21824K,   0% used [0x00000000e6ab0000, 0x00000000e6ab0000, 0x00000000e8000000)
 concurrent mark-sweep generation total 393216K, used 0K [0x00000000e8000000, 0x0000000100000000, 0x0000000100000000)
 Metaspace       used 21411K, capacity 21794K, committed 21884K, reserved 1069056K
  class space    used 2468K, capacity 2636K, committed 2684K, reserved 1048576K
}
2017-03-15T03:08:24.781+0100: 3,112: [Rescan (parallel) , 0,0038070 secs]2017-03-15T03:08:24.785+0100: 3,116: [weak refs processing, 0,0004939 secs]2017-03-15T03:08:24.785+0100: 3,117: [class unloading, 0,0028535 secs]2017-03-15T03:08:24.788+0100: 3,120: [scrub symbol table, 0,0027295 secs]2017-03-15T03:08:24.791+0100: 3,122: [scrub string table, 0,0004573 secs][1 CMS-remark: 0K(393216K)] 12537K(502464K), 0,0263072 secs] [Times: user=0,07 sys=0,00, real=0,03 secs] 
2017-03-15T03:08:24.792+0100: 3,124: Total time for which application threads were stopped: 0,0289510 seconds, Stopping threads took: 0,0025221 seconds
2017-03-15T03:08:24.798+0100: 3,130: [CMS-concurrent-sweep-start]
2017-03-15T03:08:24.798+0100: 3,130: [CMS-concurrent-sweep: 0,000/0,000 secs] [Times: user=0,00 sys=0,00, real=0,00 secs] 
2017-03-15T03:08:24.798+0100: 3,130: [CMS-concurrent-reset-start]
2017-03-15T03:08:24.800+0100: 3,132: [CMS-concurrent-reset: 0,002/0,002 secs] [Times: user=0,00 sys=0,00, real=0,00 secs] 
2017-03-15T03:08:24.828+0100: 3,159: Total time for which application threads were stopped: 0,0003615 seconds, Stopping threads took: 0,0000294 seconds
2017-03-15T03:08:25.027+0100: 3,358: Total time for which application threads were stopped: 0,0004460 seconds, Stopping threads took: 0,0000628 seconds
2017-03-15T03:08:25.039+0100: 3,370: Total time for which application threads were stopped: 0,0004023 seconds, Stopping threads took: 0,0000454 seconds
{Heap before GC invocations=6 (full 1):
 par new generation   total 109248K, used 99950K [0x00000000e0000000, 0x00000000e8000000, 0x00000000e8000000)
  eden space 87424K,  99% used [0x00000000e0000000, 0x00000000e555d578, 0x00000000e5560000)
  from space 21824K,  57% used [0x00000000e5560000, 0x00000000e619e460, 0x00000000e6ab0000)
  to   space 21824K,   0% used [0x00000000e6ab0000, 0x00000000e6ab0000, 0x00000000e8000000)
 concurrent mark-sweep generation total 393216K, used 0K [0x00000000e8000000, 0x0000000100000000, 0x0000000100000000)
 Metaspace       used 23962K, capacity 24450K, committed 24572K, reserved 1071104K
  class space    used 2834K, capacity 3010K, committed 3068K, reserved 1048576K
2017-03-15T03:08:25.222+0100: 3,553: [GC (Allocation Failure) 2017-03-15T03:08:25.222+0100: 3,553: [ParNew
Desired survivor size 20112992 bytes, new threshold 8 (max 8)
- age   1:    5260384 bytes,    5260384 total
- age   2:      28760 bytes,    5289144 total
- age   3:     114984 bytes,    5404128 total
- age   4:     173712 bytes,    5577840 total
- age   5:     278024 bytes,    5855864 total
- age   6:     820560 bytes,    6676424 total
- age   7:    6650920 bytes,   13327344 total
: 99950K->15296K(109248K), 0,0195983 secs] 99950K->15296K(502464K), 0,0196772 secs] [Times: user=0,07 sys=0,00, real=0,02 secs] 
Heap after GC invocations=7 (full 1):
 par new generation   total 109248K, used 15296K [0x00000000e0000000, 0x00000000e8000000, 0x00000000e8000000)
  eden space 87424K,   0% used [0x00000000e0000000, 0x00000000e0000000, 0x00000000e5560000)
  from space 21824K,  70% used [0x00000000e6ab0000, 0x00000000e79a0170, 0x00000000e8000000)
  to   space 21824K,   0% used [0x00000000e5560000, 0x00000000e5560000, 0x00000000e6ab0000)
 concurrent mark-sweep generation total 393216K, used 0K [0x00000000e8000000, 0x0000000100000000, 0x0000000100000000)
 Metaspace       used 23962K, capacity 24450K, committed 24572K, reserved 1071104K
  class space    used 2834K, capacity 3010K, committed 3068K, reserved 1048576K
}
2017-03-15T03:08:25.242+0100: 3,573: Total time for which application threads were stopped: 0,0215759 seconds, Stopping threads took: 0,0016884 seconds
{Heap before GC invocations=7 (full 1):
 par new generation   total 109248K, used 102720K [0x00000000e0000000, 0x00000000e8000000, 0x00000000e8000000)
  eden space 87424K, 100% used [0x00000000e0000000, 0x00000000e5560000, 0x00000000e5560000)
  from space 21824K,  70% used [0x00000000e6ab0000, 0x00000000e79a0170, 0x00000000e8000000)
  to   space 21824K,   0% used [0x00000000e5560000, 0x00000000e5560000, 0x00000000e6ab0000)
 concurrent mark-sweep generation total 393216K, used 0K [0x00000000e8000000, 0x0000000100000000, 0x0000000100000000)
 Metaspace       used 24437K, capacity 24872K, committed 25084K, reserved 1071104K
  class space    used 2866K, capacity 3043K, committed 3068K, reserved 1048576K
2017-03-15T03:08:25.368+0100: 3,699: [GC (Allocation Failure) 2017-03-15T03:08:25.368+0100: 3,699: [ParNew
Desired survivor size 20112992 bytes, new threshold 8 (max 8)
- age   1:    1539528 bytes,    1539528 total
- age   2:    1819456 bytes,    3358984 total
- age   3:       2432 bytes,    3361416 total
- age   4:      56176 bytes,    3417592 total
- age   5:      97488 bytes,    3515080 total
- age   6:     185480 bytes,    3700560 total
- age   7:     769424 bytes,    4469984 total
- age   8:    6117896 bytes,   10587880 total
: 102720K->13939K(109248K), 0,0200845 secs] 102720K->13939K(502464K), 0,0201685 secs] [Times: user=0,04 sys=0,00, real=0,02 secs] 
Heap after GC invocations=8 (full 1):
 par new generation   total 109248K, used 13939K [0x00000000e0000000, 0x00000000e8000000, 0x00000000e8000000)
  eden space 87424K,   0% used [0x00000000e0000000, 0x00000000e0000000, 0x00000000e5560000)
  from space 21824K,  63% used [0x00000000e5560000, 0x00000000e62fcf38, 0x00000000e6ab0000)
  to   space 21824K,   0% used [0x00000000e6ab0000, 0x00000000e6ab0000, 0x00000000e8000000)
 concurrent mark-sweep generation total 393216K, used 0K [0x00000000e8000000, 0x0000000100000000, 0x0000000100000000)
 Metaspace       used 24437K, capacity 24872K, committed 25084K, reserved 1071104K
  class space    used 2866K, capacity 3043K, committed 3068K, reserved 1048576K
}
2017-03-15T03:08:25.388+0100: 3,719: Total time for which application threads were stopped: 0,0204184 seconds, Stopping threads took: 0,0000546 seconds
{Heap before GC invocations=8 (full 1):
 par new generation   total 109248K, used 101363K [0x00000000e0000000, 0x00000000e8000000, 0x00000000e8000000)
  eden space 87424K, 100% used [0x00000000e0000000, 0x00000000e5560000, 0x00000000e5560000)
  from space 21824K,  63% used [0x00000000e5560000, 0x00000000e62fcf38, 0x00000000e6ab0000)
  to   space 21824K,   0% used [0x00000000e6ab0000, 0x00000000e6ab0000, 0x00000000e8000000)
 concurrent mark-sweep generation total 393216K, used 0K [0x00000000e8000000, 0x0000000100000000, 0x0000000100000000)
 Metaspace       used 24968K, capacity 25442K, committed 25724K, reserved 1071104K
  class space    used 2908K, capacity 3080K, committed 3196K, reserved 1048576K
2017-03-15T03:08:25.502+0100: 3,833: [GC (Allocation Failure) 2017-03-15T03:08:25.502+0100: 3,833: [ParNew
Desired survivor size 20112992 bytes, new threshold 8 (max 8)
- age   1:     849736 bytes,     849736 total
- age   2:    1044864 bytes,    1894600 total
- age   3:    1743016 bytes,    3637616 total
- age   4:       2432 bytes,    3640048 total
- age   5:      56176 bytes,    3696224 total
- age   6:      97288 bytes,    3793512 total
- age   7:     185008 bytes,    3978520 total
- age   8:     768624 bytes,    4747144 total
: 101363K->9998K(109248K), 0,0280991 secs] 101363K->16053K(502464K), 0,0281636 secs] [Times: user=0,09 sys=0,00, real=0,03 secs] 
Heap after GC invocations=9 (full 1):
 par new generation   total 109248K, used 9998K [0x00000000e0000000, 0x00000000e8000000, 0x00000000e8000000)
  eden space 87424K,   0% used [0x00000000e0000000, 0x00000000e0000000, 0x00000000e5560000)
  from space 21824K,  45% used [0x00000000e6ab0000, 0x00000000e7473810, 0x00000000e8000000)
  to   space 21824K,   0% used [0x00000000e5560000, 0x00000000e5560000, 0x00000000e6ab0000)
 concurrent mark-sweep generation total 393216K, used 6054K [0x00000000e8000000, 0x0000000100000000, 0x0000000100000000)
 Metaspace       used 24968K, capacity 25442K, committed 25724K, reserved 1071104K
  class space    used 2908K, capacity 3080K, committed 3196K, reserved 1048576K
}
2017-03-15T03:08:25.530+0100: 3,861: Total time for which application threads were stopped: 0,0285373 seconds, Stopping threads took: 0,0002218 seconds
2017-03-15T03:08:25.718+0100: 4,049: Total time for which application threads were stopped: 0,0025841 seconds, Stopping threads took: 0,0021483 seconds
2017-03-15T03:08:25.770+0100: 4,101: Total time for which application threads were stopped: 0,0038447 seconds, Stopping threads took: 0,0037444 seconds
2017-03-15T03:08:25.787+0100: 4,118: Total time for which application threads were stopped: 0,0002364 seconds, Stopping threads took: 0,0000977 seconds
2017-03-15T03:08:25.799+0100: 4,130: Total time for which application threads were stopped: 0,0003953 seconds, Stopping threads took: 0,0000258 seconds
2017-03-15T03:08:25.820+0100: 4,152: Total time for which application threads were stopped: 0,0001346 seconds, Stopping threads took: 0,0000234 seconds
2017-03-15T03:08:25.821+0100: 4,152: Total time for which application threads were stopped: 0,0004182 seconds, Stopping threads took: 0,0000246 seconds
2017-03-15T03:08:25.827+0100: 4,158: Total time for which application threads were stopped: 0,0012597 seconds, Stopping threads took: 0,0011780 seconds
2017-03-15T03:08:25.831+0100: 4,163: Total time for which application threads were stopped: 0,0001427 seconds, Stopping threads took: 0,0000375 seconds
2017-03-15T03:08:25.834+0100: 4,165: Total time for which application threads were stopped: 0,0011258 seconds, Stopping threads took: 0,0010531 seconds
2017-03-15T03:08:25.838+0100: 4,169: Total time for which application threads were stopped: 0,0003484 seconds, Stopping threads took: 0,0002732 seconds
2017-03-15T03:08:25.842+0100: 4,173: Total time for which application threads were stopped: 0,0043509 seconds, Stopping threads took: 0,0042776 seconds
2017-03-15T03:08:25.843+0100: 4,174: Total time for which application threads were stopped: 0,0001588 seconds, Stopping threads took: 0,0000672 seconds
2017-03-15T03:08:25.899+0100: 4,230: Total time for which application threads were stopped: 0,0002828 seconds, Stopping threads took: 0,0001657 seconds
2017-03-15T03:08:25.901+0100: 4,232: Total time for which application threads were stopped: 0,0001234 seconds, Stopping threads took: 0,0000343 seconds
2017-03-15T03:08:25.906+0100: 4,237: Total time for which application threads were stopped: 0,0002333 seconds, Stopping threads took: 0,0001635 seconds
2017-03-15T03:08:25.907+0100: 4,238: Total time for which application threads were stopped: 0,0004206 seconds, Stopping threads took: 0,0000227 seconds
2017-03-15T03:08:25.908+0100: 4,239: Total time for which application threads were stopped: 0,0001422 seconds, Stopping threads took: 0,0000547 seconds
2017-03-15T03:08:25.910+0100: 4,241: Total time for which application threads were stopped: 0,0017157 seconds, Stopping threads took: 0,0016508 seconds
2017-03-15T03:08:25.914+0100: 4,245: Total time for which application threads were stopped: 0,0001203 seconds, Stopping threads took: 0,0000381 seconds
2017-03-15T03:08:25.921+0100: 4,253: Total time for which application threads were stopped: 0,0001276 seconds, Stopping threads took: 0,0000418 seconds
2017-03-15T03:08:25.934+0100: 4,265: Total time for which application threads were stopped: 0,0044497 seconds, Stopping threads took: 0,0043583 seconds
2017-03-15T03:08:25.934+0100: 4,265: Total time for which application threads were stopped: 0,0000675 seconds, Stopping threads took: 0,0000254 seconds
2017-03-15T03:08:25.934+0100: 4,266: Total time for which application threads were stopped: 0,0000792 seconds, Stopping threads took: 0,0000200 seconds
2017-03-15T03:08:25.934+0100: 4,266: Total time for which application threads were stopped: 0,0000448 seconds, Stopping threads took: 0,0000104 seconds
2017-03-15T03:08:25.935+0100: 4,266: Total time for which application threads were stopped: 0,0000405 seconds, Stopping threads took: 0,0000100 seconds
2017-03-15T03:08:25.935+0100: 4,266: Total time for which application threads were stopped: 0,0000695 seconds, Stopping threads took: 0,0000175 seconds
2017-03-15T03:08:25.935+0100: 4,266: Total time for which application threads were stopped: 0,0001270 seconds, Stopping threads took: 0,0000172 seconds
2017-03-15T03:08:25.937+0100: 4,268: Total time for which application threads were stopped: 0,0002100 seconds, Stopping threads took: 0,0001521 seconds
2017-03-15T03:08:25.937+0100: 4,268: Total time for which application threads were stopped: 0,0000610 seconds, Stopping threads took: 0,0000259 seconds
2017-03-15T03:08:25.937+0100: 4,269: Total time for which application threads were stopped: 0,0000764 seconds, Stopping threads took: 0,0000374 seconds
2017-03-15T03:08:25.937+0100: 4,269: Total time for which application threads were stopped: 0,0000757 seconds, Stopping threads took: 0,0000401 seconds
2017-03-15T03:08:25.938+0100: 4,269: Total time for which application threads were stopped: 0,0001263 seconds, Stopping threads took: 0,0000158 seconds
2017-03-15T03:08:25.938+0100: 4,270: Total time for which application threads were stopped: 0,0002433 seconds, Stopping threads took: 0,0001743 seconds
2017-03-15T03:08:25.939+0100: 4,270: Total time for which application threads were stopped: 0,0000790 seconds, Stopping threads took: 0,0000400 seconds
2017-03-15T03:08:25.939+0100: 4,270: Total time for which application threads were stopped: 0,0001996 seconds, Stopping threads took: 0,0001588 seconds
2017-03-15T03:08:25.939+0100: 4,270: Total time for which application threads were stopped: 0,0000673 seconds, Stopping threads took: 0,0000162 seconds
2017-03-15T03:08:25.939+0100: 4,270: Total time for which application threads were stopped: 0,0000892 seconds, Stopping threads took: 0,0000363 seconds
2017-03-15T03:08:25.940+0100: 4,271: Total time for which application threads were stopped: 0,0000922 seconds, Stopping threads took: 0,0000425 seconds
2017-03-15T03:08:25.940+0100: 4,271: Total time for which application threads were stopped: 0,0000729 seconds, Stopping threads took: 0,0000301 seconds
2017-03-15T03:08:25.940+0100: 4,271: Total time for which application threads were stopped: 0,0001163 seconds, Stopping threads took: 0,0000588 seconds
2017-03-15T03:08:25.940+0100: 4,271: Total time for which application threads were stopped: 0,0000820 seconds, Stopping threads took: 0,0000182 seconds
2017-03-15T03:08:25.940+0100: 4,271: Total time for which application threads were stopped: 0,0000601 seconds, Stopping threads took: 0,0000148 seconds
2017-03-15T03:08:25.941+0100: 4,272: Total time for which application threads were stopped: 0,0001415 seconds, Stopping threads took: 0,0000718 seconds
2017-03-15T03:08:25.941+0100: 4,272: Total time for which application threads were stopped: 0,0000737 seconds, Stopping threads took: 0,0000206 seconds
2017-03-15T03:08:25.941+0100: 4,272: Total time for which application threads were stopped: 0,0001317 seconds, Stopping threads took: 0,0000858 seconds
2017-03-15T03:08:25.941+0100: 4,272: Total time for which application threads were stopped: 0,0000632 seconds, Stopping threads took: 0,0000173 seconds
2017-03-15T03:08:25.941+0100: 4,272: Total time for which application threads were stopped: 0,0001354 seconds, Stopping threads took: 0,0000144 seconds
2017-03-15T03:08:25.942+0100: 4,273: Total time for which application threads were stopped: 0,0000990 seconds, Stopping threads took: 0,0000371 seconds
2017-03-15T03:08:25.950+0100: 4,281: Total time for which application threads were stopped: 0,0001504 seconds, Stopping threads took: 0,0000400 seconds
2017-03-15T03:08:25.950+0100: 4,281: Total time for which application threads were stopped: 0,0001196 seconds, Stopping threads took: 0,0000343 seconds
2017-03-15T03:08:25.966+0100: 4,297: Total time for which application threads were stopped: 0,0033932 seconds, Stopping threads took: 0,0032875 seconds
2017-03-15T03:08:26.006+0100: 4,338: Total time for which application threads were stopped: 0,0001613 seconds, Stopping threads took: 0,0000804 seconds
2017-03-15T03:08:26.008+0100: 4,340: Total time for which application threads were stopped: 0,0001157 seconds, Stopping threads took: 0,0000336 seconds
2017-03-15T03:08:27.009+0100: 5,340: Total time for which application threads were stopped: 0,0000980 seconds, Stopping threads took: 0,0000160 seconds
2017-03-15T03:08:28.009+0100: 6,340: Total time for which application threads were stopped: 0,0000703 seconds, Stopping threads took: 0,0000189 seconds
2017-03-15T03:08:43.010+0100: 21,342: Total time for which application threads were stopped: 0,0000820 seconds, Stopping threads took: 0,0000181 seconds
2017-03-15T03:08:54.011+0100: 32,343: Total time for which application threads were stopped: 0,0000701 seconds, Stopping threads took: 0,0000196 seconds
2017-03-15T03:10:19.021+0100: 117,353: Total time for which application threads were stopped: 0,0001261 seconds, Stopping threads took: 0,0000525 seconds
2017-03-15T03:10:24.022+0100: 122,353: Total time for which application threads were stopped: 0,0001139 seconds, Stopping threads took: 0,0000238 seconds
2017-03-15T03:11:23.029+0100: 181,361: Total time for which application threads were stopped: 0,0000803 seconds, Stopping threads took: 0,0000310 seconds
2017-03-15T03:12:58.041+0100: 276,373: Total time for which application threads were stopped: 0,0000836 seconds, Stopping threads took: 0,0000335 seconds
2017-03-15T03:31:53.174+0100: 1411,505: Total time for which application threads were stopped: 0,0001037 seconds, Stopping threads took: 0,0000377 seconds
2017-03-15T03:36:24.208+0100: 1682,539: Total time for which application threads were stopped: 0,0001299 seconds, Stopping threads took: 0,0000503 seconds
2017-03-15T03:36:43.211+0100: 1701,542: Total time for which application threads were stopped: 0,0000643 seconds, Stopping threads took: 0,0000147 seconds
2017-03-15T03:47:14.283+0100: 2332,614: Total time for which application threads were stopped: 0,0001075 seconds, Stopping threads took: 0,0000445 seconds
2017-03-15T03:47:18.284+0100: 2336,615: Total time for which application threads were stopped: 0,0000796 seconds, Stopping threads took: 0,0000288 seconds
{Heap before GC invocations=9 (full 1):
 par new generation   total 109248K, used 97422K [0x00000000e0000000, 0x00000000e8000000, 0x00000000e8000000)
  eden space 87424K, 100% used [0x00000000e0000000, 0x00000000e5560000, 0x00000000e5560000)
  from space 21824K,  45% used [0x00000000e6ab0000, 0x00000000e7473810, 0x00000000e8000000)
  to   space 21824K,   0% used [0x00000000e5560000, 0x00000000e5560000, 0x00000000e6ab0000)
 concurrent mark-sweep generation total 393216K, used 6054K [0x00000000e8000000, 0x0000000100000000, 0x0000000100000000)
 Metaspace       used 28017K, capacity 28544K, committed 28796K, reserved 1075200K
  class space    used 3217K, capacity 3385K, committed 3452K, reserved 1048576K
2017-03-15T04:00:27.709+0100: 3126,040: [GC (Allocation Failure) 2017-03-15T04:00:27.709+0100: 3126,040: [ParNew
Desired survivor size 20112992 bytes, new threshold 8 (max 8)
- age   1:   10577944 bytes,   10577944 total
- age   2:     259464 bytes,   10837408 total
- age   3:     215496 bytes,   11052904 total
- age   4:    1738160 bytes,   12791064 total
- age   5:       2432 bytes,   12793496 total
- age   6:      56176 bytes,   12849672 total
- age   7:      97160 bytes,   12946832 total
- age   8:     184888 bytes,   13131720 total
: 97422K->13969K(109248K), 0,0520670 secs] 103477K->20865K(502464K), 0,0521569 secs] [Times: user=0,05 sys=0,00, real=0,06 secs] 
Heap after GC invocations=10 (full 1):
 par new generation   total 109248K, used 13969K [0x00000000e0000000, 0x00000000e8000000, 0x00000000e8000000)
  eden space 87424K,   0% used [0x00000000e0000000, 0x00000000e0000000, 0x00000000e5560000)
  from space 21824K,  64% used [0x00000000e5560000, 0x00000000e63047d0, 0x00000000e6ab0000)
  to   space 21824K,   0% used [0x00000000e6ab0000, 0x00000000e6ab0000, 0x00000000e8000000)
 concurrent mark-sweep generation total 393216K, used 6895K [0x00000000e8000000, 0x0000000100000000, 0x0000000100000000)
 Metaspace       used 28017K, capacity 28544K, committed 28796K, reserved 1075200K
  class space    used 3217K, capacity 3385K, committed 3452K, reserved 1048576K
}
2017-03-15T04:00:27.761+0100: 3126,092: Total time for which application threads were stopped: 0,0523385 seconds, Stopping threads took: 0,0000212 seconds
2017-03-15T04:00:27.762+0100: 3126,093: Total time for which application threads were stopped: 0,0001215 seconds, Stopping threads took: 0,0000406 seconds
2017-03-15T04:00:27.766+0100: 3126,097: Total time for which application threads were stopped: 0,0001121 seconds, Stopping threads took: 0,0000488 seconds
2017-03-15T04:00:27.768+0100: 3126,099: Total time for which application threads were stopped: 0,0000934 seconds, Stopping threads took: 0,0000353 seconds
2017-03-15T04:00:27.778+0100: 3126,109: Total time for which application threads were stopped: 0,0025819 seconds, Stopping threads took: 0,0024827 seconds
2017-03-15T04:00:27.802+0100: 3126,133: Total time for which application threads were stopped: 0,0001381 seconds, Stopping threads took: 0,0000513 seconds
2017-03-15T04:00:27.804+0100: 3126,135: Total time for which application threads were stopped: 0,0008122 seconds, Stopping threads took: 0,0007352 seconds
2017-03-15T04:00:27.805+0100: 3126,136: Total time for which application threads were stopped: 0,0001076 seconds, Stopping threads took: 0,0000313 seconds
2017-03-15T04:00:27.818+0100: 3126,149: Total time for which application threads were stopped: 0,0001126 seconds, Stopping threads took: 0,0000384 seconds
2017-03-15T04:00:27.821+0100: 3126,153: Total time for which application threads were stopped: 0,0001134 seconds, Stopping threads took: 0,0000315 seconds
2017-03-15T04:00:27.822+0100: 3126,153: Total time for which application threads were stopped: 0,0000896 seconds, Stopping threads took: 0,0000376 seconds
2017-03-15T04:00:27.822+0100: 3126,153: Total time for which application threads were stopped: 0,0000693 seconds, Stopping threads took: 0,0000268 seconds
2017-03-15T04:00:27.822+0100: 3126,153: Total time for which application threads were stopped: 0,0000684 seconds, Stopping threads took: 0,0000252 seconds
2017-03-15T04:00:27.823+0100: 3126,154: Total time for which application threads were stopped: 0,0001499 seconds, Stopping threads took: 0,0000711 seconds
2017-03-15T04:00:27.825+0100: 3126,156: Total time for which application threads were stopped: 0,0001189 seconds, Stopping threads took: 0,0000388 seconds
2017-03-15T04:00:27.834+0100: 3126,165: Total time for which application threads were stopped: 0,0045960 seconds, Stopping threads took: 0,0045073 seconds
2017-03-15T04:00:27.834+0100: 3126,165: Total time for which application threads were stopped: 0,0001023 seconds, Stopping threads took: 0,0000579 seconds
2017-03-15T04:00:27.834+0100: 3126,165: Total time for which application threads were stopped: 0,0002839 seconds, Stopping threads took: 0,0002343 seconds
2017-03-15T04:00:27.834+0100: 3126,166: Total time for which application threads were stopped: 0,0002828 seconds, Stopping threads took: 0,0002429 seconds
2017-03-15T04:00:27.835+0100: 3126,166: Total time for which application threads were stopped: 0,0000456 seconds, Stopping threads took: 0,0000186 seconds
2017-03-15T04:00:27.835+0100: 3126,166: Total time for which application threads were stopped: 0,0000668 seconds, Stopping threads took: 0,0000305 seconds
2017-03-15T04:00:27.835+0100: 3126,166: Total time for which application threads were stopped: 0,0000539 seconds, Stopping threads took: 0,0000234 seconds
2017-03-15T04:00:27.838+0100: 3126,169: Total time for which application threads were stopped: 0,0002505 seconds, Stopping threads took: 0,0000226 seconds
2017-03-15T04:00:27.838+0100: 3126,170: Total time for which application threads were stopped: 0,0000366 seconds, Stopping threads took: 0,0000102 seconds
2017-03-15T04:00:27.839+0100: 3126,170: Total time for which application threads were stopped: 0,0000479 seconds, Stopping threads took: 0,0000166 seconds
2017-03-15T04:00:27.839+0100: 3126,170: Total time for which application threads were stopped: 0,0000414 seconds, Stopping threads took: 0,0000137 seconds
2017-03-15T04:00:27.844+0100: 3126,175: Total time for which application threads were stopped: 0,0047367 seconds, Stopping threads took: 0,0046801 seconds
2017-03-15T04:00:27.844+0100: 3126,175: Total time for which application threads were stopped: 0,0000356 seconds, Stopping threads took: 0,0000106 seconds
2017-03-15T04:00:27.844+0100: 3126,175: Total time for which application threads were stopped: 0,0000528 seconds, Stopping threads took: 0,0000217 seconds
2017-03-15T04:00:27.844+0100: 3126,175: Total time for which application threads were stopped: 0,0000467 seconds, Stopping threads took: 0,0000206 seconds
2017-03-15T04:00:27.844+0100: 3126,175: Total time for which application threads were stopped: 0,0000434 seconds, Stopping threads took: 0,0000192 seconds
2017-03-15T04:00:27.844+0100: 3126,175: Total time for which application threads were stopped: 0,0001161 seconds, Stopping threads took: 0,0000135 seconds
2017-03-15T04:00:27.845+0100: 3126,176: Total time for which application threads were stopped: 0,0000606 seconds, Stopping threads took: 0,0000280 seconds
2017-03-15T04:00:27.845+0100: 3126,177: Total time for which application threads were stopped: 0,0000676 seconds, Stopping threads took: 0,0000161 seconds
2017-03-15T04:00:27.846+0100: 3126,177: Total time for which application threads were stopped: 0,0001541 seconds, Stopping threads took: 0,0000904 seconds
2017-03-15T04:00:27.846+0100: 3126,178: Total time for which application threads were stopped: 0,0000671 seconds, Stopping threads took: 0,0000171 seconds
Heap
 par new generation   total 109248K, used 21446K [0x00000000e0000000, 0x00000000e8000000, 0x00000000e8000000)
  eden space 87424K,   8% used [0x00000000e0000000, 0x00000000e074d2b8, 0x00000000e5560000)
  from space 21824K,  64% used [0x00000000e5560000, 0x00000000e63047d0, 0x00000000e6ab0000)
  to   space 21824K,   0% used [0x00000000e6ab0000, 0x00000000e6ab0000, 0x00000000e8000000)
 concurrent mark-sweep generation total 393216K, used 6895K [0x00000000e8000000, 0x0000000100000000, 0x0000000100000000)
 Metaspace       used 28081K, capacity 28584K, committed 28796K, reserved 1075200K
  class space    used 3225K, capacity 3419K, committed 3452K, reserved 1048576K
