OpenJDK 64-Bit Server VM (25.121-b13) for linux-amd64 JRE (1.8.0_121-8u121-b13-0ubuntu1.16.04.2-b13), built on Jan 23 2017 15:51:29 by "buildd" with gcc 5.4.0 20160609
Memory: 4k page, physical 7867760k(7458512k free), swap 8076284k(8076284k free)
CommandLine flags: -XX:CMSInitiatingOccupancyFraction=50 -XX:CMSMaxAbortablePrecleanTime=6000 -XX:+CMSParallelRemarkEnabled -XX:+CMSScavengeBeforeRemark -XX:ConcGCThreads=4 -XX:InitialHeapSize=536870912 -XX:MaxHeapSize=536870912 -XX:MaxTenuringThreshold=8 -XX:NewRatio=3 -XX:OldPLABSize=16 -XX:OnOutOfMemoryError=/opt/solr/bin/oom_solr.sh 8983 /var/solr/logs -XX:ParallelGCThreads=4 -XX:+ParallelRefProcEnabled -XX:PretenureSizeThreshold=67108864 -XX:+PrintGC -XX:+PrintGCApplicationStoppedTime -XX:+PrintGCDateStamps -XX:+PrintGCDetails -XX:+PrintGCTimeStamps -XX:+PrintHeapAtGC -XX:+PrintTenuringDistribution -XX:SurvivorRatio=4 -XX:TargetSurvivorRatio=90 -XX:ThreadStackSize=256 -XX:+UseCMSInitiatingOccupancyOnly -XX:+UseCompressedClassPointers -XX:+UseCompressedOops -XX:+UseConcMarkSweepGC -XX:+UseParNewGC 
2017-03-25T16:28:10.640+0100: 0,139: Total time for which application threads were stopped: 0,0000740 seconds, Stopping threads took: 0,0000129 seconds
2017-03-25T16:28:10.723+0100: 0,222: Total time for which application threads were stopped: 0,0027940 seconds, Stopping threads took: 0,0026693 seconds
2017-03-25T16:28:10.760+0100: 0,259: Total time for which application threads were stopped: 0,0000898 seconds, Stopping threads took: 0,0000165 seconds
2017-03-25T16:28:10.964+0100: 0,463: Total time for which application threads were stopped: 0,0001144 seconds, Stopping threads took: 0,0000115 seconds
2017-03-25T16:28:11.414+0100: 0,913: Total time for which application threads were stopped: 0,0001615 seconds, Stopping threads took: 0,0000150 seconds
2017-03-25T16:28:11.517+0100: 1,016: Total time for which application threads were stopped: 0,0001937 seconds, Stopping threads took: 0,0000349 seconds
2017-03-25T16:28:11.561+0100: 1,059: Total time for which application threads were stopped: 0,0003088 seconds, Stopping threads took: 0,0000423 seconds
2017-03-25T16:28:11.878+0100: 1,377: Total time for which application threads were stopped: 0,0002185 seconds, Stopping threads took: 0,0000121 seconds
2017-03-25T16:28:12.095+0100: 1,593: Total time for which application threads were stopped: 0,0001957 seconds, Stopping threads took: 0,0000240 seconds
2017-03-25T16:28:12.124+0100: 1,623: Total time for which application threads were stopped: 0,0001832 seconds, Stopping threads took: 0,0000211 seconds
2017-03-25T16:28:12.149+0100: 1,648: Total time for which application threads were stopped: 0,0002122 seconds, Stopping threads took: 0,0000225 seconds
2017-03-25T16:28:12.151+0100: 1,650: Total time for which application threads were stopped: 0,0010562 seconds, Stopping threads took: 0,0000216 seconds
2017-03-25T16:28:12.171+0100: 1,669: Total time for which application threads were stopped: 0,0002358 seconds, Stopping threads took: 0,0000485 seconds
2017-03-25T16:28:12.268+0100: 1,767: Total time for which application threads were stopped: 0,0014853 seconds, Stopping threads took: 0,0003061 seconds
2017-03-25T16:28:12.441+0100: 1,939: Total time for which application threads were stopped: 0,0002971 seconds, Stopping threads took: 0,0000843 seconds
{Heap before GC invocations=0 (full 0):
 par new generation   total 109248K, used 87424K [0x00000000e0000000, 0x00000000e8000000, 0x00000000e8000000)
  eden space 87424K, 100% used [0x00000000e0000000, 0x00000000e5560000, 0x00000000e5560000)
  from space 21824K,   0% used [0x00000000e5560000, 0x00000000e5560000, 0x00000000e6ab0000)
  to   space 21824K,   0% used [0x00000000e6ab0000, 0x00000000e6ab0000, 0x00000000e8000000)
 concurrent mark-sweep generation total 393216K, used 0K [0x00000000e8000000, 0x0000000100000000, 0x0000000100000000)
 Metaspace       used 18028K, capacity 18336K, committed 18688K, reserved 1064960K
  class space    used 2037K, capacity 2196K, committed 2304K, reserved 1048576K
2017-03-25T16:28:12.527+0100: 2,025: [GC (Allocation Failure) 2017-03-25T16:28:12.527+0100: 2,025: [ParNew
Desired survivor size 20112992 bytes, new threshold 8 (max 8)
- age   1:   12615936 bytes,   12615936 total
: 87424K->12429K(109248K), 0,0151783 secs] 87424K->12429K(502464K), 0,0152532 secs] [Times: user=0,04 sys=0,01, real=0,01 secs] 
Heap after GC invocations=1 (full 0):
 par new generation   total 109248K, used 12429K [0x00000000e0000000, 0x00000000e8000000, 0x00000000e8000000)
  eden space 87424K,   0% used [0x00000000e0000000, 0x00000000e0000000, 0x00000000e5560000)
  from space 21824K,  56% used [0x00000000e6ab0000, 0x00000000e76d34e8, 0x00000000e8000000)
  to   space 21824K,   0% used [0x00000000e5560000, 0x00000000e5560000, 0x00000000e6ab0000)
 concurrent mark-sweep generation total 393216K, used 0K [0x00000000e8000000, 0x0000000100000000, 0x0000000100000000)
 Metaspace       used 18028K, capacity 18336K, committed 18688K, reserved 1064960K
  class space    used 2037K, capacity 2196K, committed 2304K, reserved 1048576K
}
2017-03-25T16:28:12.542+0100: 2,041: Total time for which application threads were stopped: 0,0155009 seconds, Stopping threads took: 0,0000554 seconds
2017-03-25T16:28:12.833+0100: 2,332: Total time for which application threads were stopped: 0,0003268 seconds, Stopping threads took: 0,0000485 seconds
{Heap before GC invocations=1 (full 0):
 par new generation   total 109248K, used 99853K [0x00000000e0000000, 0x00000000e8000000, 0x00000000e8000000)
  eden space 87424K, 100% used [0x00000000e0000000, 0x00000000e5560000, 0x00000000e5560000)
  from space 21824K,  56% used [0x00000000e6ab0000, 0x00000000e76d34e8, 0x00000000e8000000)
  to   space 21824K,   0% used [0x00000000e5560000, 0x00000000e5560000, 0x00000000e6ab0000)
 concurrent mark-sweep generation total 393216K, used 0K [0x00000000e8000000, 0x0000000100000000, 0x0000000100000000)
 Metaspace       used 20026K, capacity 20364K, committed 20736K, reserved 1067008K
  class space    used 2295K, capacity 2470K, committed 2560K, reserved 1048576K
2017-03-25T16:28:12.867+0100: 2,366: [GC (Allocation Failure) 2017-03-25T16:28:12.867+0100: 2,366: [ParNew
Desired survivor size 20112992 bytes, new threshold 8 (max 8)
- age   1:    3664240 bytes,    3664240 total
- age   2:    6677744 bytes,   10341984 total
: 99853K->13767K(109248K), 0,0104787 secs] 99853K->13767K(502464K), 0,0105504 secs] [Times: user=0,04 sys=0,00, real=0,00 secs] 
Heap after GC invocations=2 (full 0):
 par new generation   total 109248K, used 13767K [0x00000000e0000000, 0x00000000e8000000, 0x00000000e8000000)
  eden space 87424K,   0% used [0x00000000e0000000, 0x00000000e0000000, 0x00000000e5560000)
  from space 21824K,  63% used [0x00000000e5560000, 0x00000000e62d1d70, 0x00000000e6ab0000)
  to   space 21824K,   0% used [0x00000000e6ab0000, 0x00000000e6ab0000, 0x00000000e8000000)
 concurrent mark-sweep generation total 393216K, used 0K [0x00000000e8000000, 0x0000000100000000, 0x0000000100000000)
 Metaspace       used 20026K, capacity 20364K, committed 20736K, reserved 1067008K
  class space    used 2295K, capacity 2470K, committed 2560K, reserved 1048576K
}
2017-03-25T16:28:12.878+0100: 2,377: Total time for which application threads were stopped: 0,0108379 seconds, Stopping threads took: 0,0001463 seconds
2017-03-25T16:28:12.882+0100: 2,381: Total time for which application threads were stopped: 0,0003328 seconds, Stopping threads took: 0,0000613 seconds
2017-03-25T16:28:12.917+0100: 2,415: Total time for which application threads were stopped: 0,0006611 seconds, Stopping threads took: 0,0003524 seconds
2017-03-25T16:28:13.055+0100: 2,554: Total time for which application threads were stopped: 0,0001867 seconds, Stopping threads took: 0,0000578 seconds
{Heap before GC invocations=2 (full 0):
 par new generation   total 109248K, used 101191K [0x00000000e0000000, 0x00000000e8000000, 0x00000000e8000000)
  eden space 87424K, 100% used [0x00000000e0000000, 0x00000000e5560000, 0x00000000e5560000)
  from space 21824K,  63% used [0x00000000e5560000, 0x00000000e62d1d70, 0x00000000e6ab0000)
  to   space 21824K,   0% used [0x00000000e6ab0000, 0x00000000e6ab0000, 0x00000000e8000000)
 concurrent mark-sweep generation total 393216K, used 0K [0x00000000e8000000, 0x0000000100000000, 0x0000000100000000)
 Metaspace       used 20964K, capacity 21286K, committed 21628K, reserved 1069056K
  class space    used 2417K, capacity 2589K, committed 2684K, reserved 1048576K
2017-03-25T16:28:13.085+0100: 2,584: [GC (Allocation Failure) 2017-03-25T16:28:13.085+0100: 2,584: [ParNew
Desired survivor size 20112992 bytes, new threshold 8 (max 8)
- age   1:    1938392 bytes,    1938392 total
- age   2:     852240 bytes,    2790632 total
- age   3:    6659336 bytes,    9449968 total
: 101191K->11507K(109248K), 0,0118940 secs] 101191K->11507K(502464K), 0,0119805 secs] [Times: user=0,04 sys=0,00, real=0,01 secs] 
Heap after GC invocations=3 (full 0):
 par new generation   total 109248K, used 11507K [0x00000000e0000000, 0x00000000e8000000, 0x00000000e8000000)
  eden space 87424K,   0% used [0x00000000e0000000, 0x00000000e0000000, 0x00000000e5560000)
  from space 21824K,  52% used [0x00000000e6ab0000, 0x00000000e75ecfc0, 0x00000000e8000000)
  to   space 21824K,   0% used [0x00000000e5560000, 0x00000000e5560000, 0x00000000e6ab0000)
 concurrent mark-sweep generation total 393216K, used 0K [0x00000000e8000000, 0x0000000100000000, 0x0000000100000000)
 Metaspace       used 20964K, capacity 21286K, committed 21628K, reserved 1069056K
  class space    used 2417K, capacity 2589K, committed 2684K, reserved 1048576K
}
2017-03-25T16:28:13.097+0100: 2,596: Total time for which application threads were stopped: 0,0122074 seconds, Stopping threads took: 0,0000550 seconds
2017-03-25T16:28:13.103+0100: 2,601: [GC (CMS Initial Mark) [1 CMS-initial-mark: 0K(393216K)] 13619K(502464K), 0,0052884 secs] [Times: user=0,02 sys=0,00, real=0,01 secs] 
2017-03-25T16:28:13.108+0100: 2,607: Total time for which application threads were stopped: 0,0054565 seconds, Stopping threads took: 0,0000619 seconds
2017-03-25T16:28:13.108+0100: 2,607: [CMS-concurrent-mark-start]
2017-03-25T16:28:13.109+0100: 2,607: [CMS-concurrent-mark: 0,001/0,001 secs] [Times: user=0,00 sys=0,00, real=0,00 secs] 
2017-03-25T16:28:13.109+0100: 2,607: [CMS-concurrent-preclean-start]
2017-03-25T16:28:13.110+0100: 2,609: [CMS-concurrent-preclean: 0,001/0,001 secs] [Times: user=0,00 sys=0,00, real=0,00 secs] 
2017-03-25T16:28:13.110+0100: 2,609: [CMS-concurrent-abortable-preclean-start]
2017-03-25T16:28:13.188+0100: 2,686: Total time for which application threads were stopped: 0,0001666 seconds, Stopping threads took: 0,0000700 seconds
{Heap before GC invocations=3 (full 1):
 par new generation   total 109248K, used 98931K [0x00000000e0000000, 0x00000000e8000000, 0x00000000e8000000)
  eden space 87424K, 100% used [0x00000000e0000000, 0x00000000e5560000, 0x00000000e5560000)
  from space 21824K,  52% used [0x00000000e6ab0000, 0x00000000e75ecfc0, 0x00000000e8000000)
  to   space 21824K,   0% used [0x00000000e5560000, 0x00000000e5560000, 0x00000000e6ab0000)
 concurrent mark-sweep generation total 393216K, used 0K [0x00000000e8000000, 0x0000000100000000, 0x0000000100000000)
 Metaspace       used 21261K, capacity 21626K, committed 21884K, reserved 1069056K
  class space    used 2450K, capacity 2604K, committed 2684K, reserved 1048576K
2017-03-25T16:28:13.235+0100: 2,734: [GC (Allocation Failure) 2017-03-25T16:28:13.235+0100: 2,734: [ParNew
Desired survivor size 20112992 bytes, new threshold 8 (max 8)
- age   1:     894824 bytes,     894824 total
- age   2:    1462672 bytes,    2357496 total
- age   3:     820816 bytes,    3178312 total
- age   4:    6659232 bytes,    9837544 total
: 98931K->14629K(109248K), 0,0141775 secs] 98931K->14629K(502464K), 0,0142478 secs] [Times: user=0,04 sys=0,00, real=0,02 secs] 
Heap after GC invocations=4 (full 1):
 par new generation   total 109248K, used 14629K [0x00000000e0000000, 0x00000000e8000000, 0x00000000e8000000)
  eden space 87424K,   0% used [0x00000000e0000000, 0x00000000e0000000, 0x00000000e5560000)
  from space 21824K,  67% used [0x00000000e5560000, 0x00000000e63a9678, 0x00000000e6ab0000)
  to   space 21824K,   0% used [0x00000000e6ab0000, 0x00000000e6ab0000, 0x00000000e8000000)
 concurrent mark-sweep generation total 393216K, used 0K [0x00000000e8000000, 0x0000000100000000, 0x0000000100000000)
 Metaspace       used 21261K, capacity 21626K, committed 21884K, reserved 1069056K
  class space    used 2450K, capacity 2604K, committed 2684K, reserved 1048576K
}
2017-03-25T16:28:13.249+0100: 2,748: Total time for which application threads were stopped: 0,0144560 seconds, Stopping threads took: 0,0000529 seconds
2017-03-25T16:28:13.249+0100: 2,748: [CMS-concurrent-abortable-preclean: 0,078/0,139 secs] [Times: user=0,51 sys=0,01, real=0,14 secs] 
2017-03-25T16:28:13.250+0100: 2,749: [GC (CMS Final Remark) [YG occupancy: 15334 K (109248 K)]{Heap before GC invocations=4 (full 1):
 par new generation   total 109248K, used 15334K [0x00000000e0000000, 0x00000000e8000000, 0x00000000e8000000)
  eden space 87424K,   0% used [0x00000000e0000000, 0x00000000e00b0410, 0x00000000e5560000)
  from space 21824K,  67% used [0x00000000e5560000, 0x00000000e63a9678, 0x00000000e6ab0000)
  to   space 21824K,   0% used [0x00000000e6ab0000, 0x00000000e6ab0000, 0x00000000e8000000)
 concurrent mark-sweep generation total 393216K, used 0K [0x00000000e8000000, 0x0000000100000000, 0x0000000100000000)
 Metaspace       used 21261K, capacity 21626K, committed 21884K, reserved 1069056K
  class space    used 2450K, capacity 2604K, committed 2684K, reserved 1048576K
2017-03-25T16:28:13.250+0100: 2,749: [GC (CMS Final Remark) 2017-03-25T16:28:13.250+0100: 2,749: [ParNew
Desired survivor size 20112992 bytes, new threshold 8 (max 8)
- age   1:      95760 bytes,      95760 total
- age   2:     812824 bytes,     908584 total
- age   3:    1462816 bytes,    2371400 total
- age   4:     820816 bytes,    3192216 total
- age   5:    6659240 bytes,    9851456 total
: 15334K->12352K(109248K), 0,0098762 secs] 15334K->12352K(502464K), 0,0099118 secs] [Times: user=0,03 sys=0,00, real=0,01 secs] 
Heap after GC invocations=5 (full 1):
 par new generation   total 109248K, used 12352K [0x00000000e0000000, 0x00000000e8000000, 0x00000000e8000000)
  eden space 87424K,   0% used [0x00000000e0000000, 0x00000000e0000000, 0x00000000e5560000)
  from space 21824K,  56% used [0x00000000e6ab0000, 0x00000000e76c0038, 0x00000000e8000000)
  to   space 21824K,   0% used [0x00000000e5560000, 0x00000000e5560000, 0x00000000e6ab0000)
 concurrent mark-sweep generation total 393216K, used 0K [0x00000000e8000000, 0x0000000100000000, 0x0000000100000000)
 Metaspace       used 21261K, capacity 21626K, committed 21884K, reserved 1069056K
  class space    used 2450K, capacity 2604K, committed 2684K, reserved 1048576K
}
2017-03-25T16:28:13.260+0100: 2,759: [Rescan (parallel) , 0,0033274 secs]2017-03-25T16:28:13.264+0100: 2,762: [weak refs processing, 0,0007010 secs]2017-03-25T16:28:13.264+0100: 2,763: [class unloading, 0,0028120 secs]2017-03-25T16:28:13.267+0100: 2,766: [scrub symbol table, 0,0025872 secs]2017-03-25T16:28:13.270+0100: 2,768: [scrub string table, 0,0004020 secs][1 CMS-remark: 0K(393216K)] 12352K(502464K), 0,0204334 secs] [Times: user=0,04 sys=0,00, real=0,02 secs] 
2017-03-25T16:28:13.271+0100: 2,769: Total time for which application threads were stopped: 0,0215207 seconds, Stopping threads took: 0,0010164 seconds
2017-03-25T16:28:13.271+0100: 2,770: [CMS-concurrent-sweep-start]
2017-03-25T16:28:13.271+0100: 2,770: [CMS-concurrent-sweep: 0,000/0,000 secs] [Times: user=0,00 sys=0,00, real=0,00 secs] 
2017-03-25T16:28:13.271+0100: 2,770: [CMS-concurrent-reset-start]
2017-03-25T16:28:13.272+0100: 2,771: [CMS-concurrent-reset: 0,001/0,001 secs] [Times: user=0,01 sys=0,00, real=0,00 secs] 
{Heap before GC invocations=5 (full 1):
 par new generation   total 109248K, used 99776K [0x00000000e0000000, 0x00000000e8000000, 0x00000000e8000000)
  eden space 87424K, 100% used [0x00000000e0000000, 0x00000000e5560000, 0x00000000e5560000)
  from space 21824K,  56% used [0x00000000e6ab0000, 0x00000000e76c0038, 0x00000000e8000000)
  to   space 21824K,   0% used [0x00000000e5560000, 0x00000000e5560000, 0x00000000e6ab0000)
 concurrent mark-sweep generation total 393216K, used 0K [0x00000000e8000000, 0x0000000100000000, 0x0000000100000000)
 Metaspace       used 21369K, capacity 21798K, committed 21884K, reserved 1069056K
  class space    used 2468K, capacity 2638K, committed 2684K, reserved 1048576K
2017-03-25T16:28:13.351+0100: 2,849: [GC (Allocation Failure) 2017-03-25T16:28:13.351+0100: 2,849: [ParNew
Desired survivor size 20112992 bytes, new threshold 8 (max 8)
- age   1:     910304 bytes,     910304 total
- age   3:     185432 bytes,    1095736 total
- age   4:    1462608 bytes,    2558344 total
- age   5:     818784 bytes,    3377128 total
- age   6:    6659216 bytes,   10036344 total
: 99776K->16676K(109248K), 0,0104409 secs] 99776K->16676K(502464K), 0,0105161 secs] [Times: user=0,04 sys=0,00, real=0,01 secs] 
Heap after GC invocations=6 (full 1):
 par new generation   total 109248K, used 16676K [0x00000000e0000000, 0x00000000e8000000, 0x00000000e8000000)
  eden space 87424K,   0% used [0x00000000e0000000, 0x00000000e0000000, 0x00000000e5560000)
  from space 21824K,  76% used [0x00000000e5560000, 0x00000000e65a91c0, 0x00000000e6ab0000)
  to   space 21824K,   0% used [0x00000000e6ab0000, 0x00000000e6ab0000, 0x00000000e8000000)
 concurrent mark-sweep generation total 393216K, used 0K [0x00000000e8000000, 0x0000000100000000, 0x0000000100000000)
 Metaspace       used 21369K, capacity 21798K, committed 21884K, reserved 1069056K
  class space    used 2468K, capacity 2638K, committed 2684K, reserved 1048576K
}
2017-03-25T16:28:13.361+0100: 2,860: Total time for which application threads were stopped: 0,0111015 seconds, Stopping threads took: 0,0004371 seconds
2017-03-25T16:28:13.401+0100: 2,900: Total time for which application threads were stopped: 0,0003505 seconds, Stopping threads took: 0,0000389 seconds
2017-03-25T16:28:13.575+0100: 3,073: Total time for which application threads were stopped: 0,0004623 seconds, Stopping threads took: 0,0000220 seconds
2017-03-25T16:28:13.589+0100: 3,088: Total time for which application threads were stopped: 0,0003580 seconds, Stopping threads took: 0,0000327 seconds
{Heap before GC invocations=6 (full 1):
 par new generation   total 109248K, used 104100K [0x00000000e0000000, 0x00000000e8000000, 0x00000000e8000000)
  eden space 87424K, 100% used [0x00000000e0000000, 0x00000000e5560000, 0x00000000e5560000)
  from space 21824K,  76% used [0x00000000e5560000, 0x00000000e65a91c0, 0x00000000e6ab0000)
  to   space 21824K,   0% used [0x00000000e6ab0000, 0x00000000e6ab0000, 0x00000000e8000000)
 concurrent mark-sweep generation total 393216K, used 0K [0x00000000e8000000, 0x0000000100000000, 0x0000000100000000)
 Metaspace       used 23750K, capacity 24172K, committed 24316K, reserved 1071104K
  class space    used 2792K, capacity 2981K, committed 3068K, reserved 1048576K
2017-03-25T16:28:13.761+0100: 3,260: [GC (Allocation Failure) 2017-03-25T16:28:13.762+0100: 3,260: [ParNew
Desired survivor size 20112992 bytes, new threshold 8 (max 8)
- age   1:    5227992 bytes,    5227992 total
- age   2:     110712 bytes,    5338704 total
- age   4:     183904 bytes,    5522608 total
- age   5:     285032 bytes,    5807640 total
- age   6:     794520 bytes,    6602160 total
- age   7:    6651048 bytes,   13253208 total
: 104100K->15871K(109248K), 0,0183889 secs] 104100K->15871K(502464K), 0,0184665 secs] [Times: user=0,06 sys=0,00, real=0,02 secs] 
Heap after GC invocations=7 (full 1):
 par new generation   total 109248K, used 15871K [0x00000000e0000000, 0x00000000e8000000, 0x00000000e8000000)
  eden space 87424K,   0% used [0x00000000e0000000, 0x00000000e0000000, 0x00000000e5560000)
  from space 21824K,  72% used [0x00000000e6ab0000, 0x00000000e7a2ff60, 0x00000000e8000000)
  to   space 21824K,   0% used [0x00000000e5560000, 0x00000000e5560000, 0x00000000e6ab0000)
 concurrent mark-sweep generation total 393216K, used 0K [0x00000000e8000000, 0x0000000100000000, 0x0000000100000000)
 Metaspace       used 23750K, capacity 24172K, committed 24316K, reserved 1071104K
  class space    used 2792K, capacity 2981K, committed 3068K, reserved 1048576K
}
2017-03-25T16:28:13.780+0100: 3,279: Total time for which application threads were stopped: 0,0187757 seconds, Stopping threads took: 0,0000652 seconds
{Heap before GC invocations=7 (full 1):
 par new generation   total 109248K, used 103295K [0x00000000e0000000, 0x00000000e8000000, 0x00000000e8000000)
  eden space 87424K, 100% used [0x00000000e0000000, 0x00000000e5560000, 0x00000000e5560000)
  from space 21824K,  72% used [0x00000000e6ab0000, 0x00000000e7a2ff60, 0x00000000e8000000)
  to   space 21824K,   0% used [0x00000000e5560000, 0x00000000e5560000, 0x00000000e6ab0000)
 concurrent mark-sweep generation total 393216K, used 0K [0x00000000e8000000, 0x0000000100000000, 0x0000000100000000)
 Metaspace       used 24514K, capacity 24952K, committed 25084K, reserved 1071104K
  class space    used 2872K, capacity 3047K, committed 3068K, reserved 1048576K
2017-03-25T16:28:13.894+0100: 3,393: [GC (Allocation Failure) 2017-03-25T16:28:13.894+0100: 3,393: [ParNew
Desired survivor size 20112992 bytes, new threshold 8 (max 8)
- age   1:    1883112 bytes,    1883112 total
- age   2:    1804952 bytes,    3688064 total
- age   3:      41656 bytes,    3729720 total
- age   5:     116160 bytes,    3845880 total
- age   6:     190800 bytes,    4036680 total
- age   7:     743384 bytes,    4780064 total
- age   8:    6183752 bytes,   10963816 total
: 103295K->13550K(109248K), 0,0101811 secs] 103295K->13550K(502464K), 0,0102573 secs] [Times: user=0,04 sys=0,00, real=0,01 secs] 
Heap after GC invocations=8 (full 1):
 par new generation   total 109248K, used 13550K [0x00000000e0000000, 0x00000000e8000000, 0x00000000e8000000)
  eden space 87424K,   0% used [0x00000000e0000000, 0x00000000e0000000, 0x00000000e5560000)
  from space 21824K,  62% used [0x00000000e5560000, 0x00000000e629bb48, 0x00000000e6ab0000)
  to   space 21824K,   0% used [0x00000000e6ab0000, 0x00000000e6ab0000, 0x00000000e8000000)
 concurrent mark-sweep generation total 393216K, used 0K [0x00000000e8000000, 0x0000000100000000, 0x0000000100000000)
 Metaspace       used 24514K, capacity 24952K, committed 25084K, reserved 1071104K
  class space    used 2872K, capacity 3047K, committed 3068K, reserved 1048576K
}
2017-03-25T16:28:13.905+0100: 3,403: Total time for which application threads were stopped: 0,0141522 seconds, Stopping threads took: 0,0037262 seconds
{Heap before GC invocations=8 (full 1):
 par new generation   total 109248K, used 100974K [0x00000000e0000000, 0x00000000e8000000, 0x00000000e8000000)
  eden space 87424K, 100% used [0x00000000e0000000, 0x00000000e5560000, 0x00000000e5560000)
  from space 21824K,  62% used [0x00000000e5560000, 0x00000000e629bb48, 0x00000000e6ab0000)
  to   space 21824K,   0% used [0x00000000e6ab0000, 0x00000000e6ab0000, 0x00000000e8000000)
 concurrent mark-sweep generation total 393216K, used 0K [0x00000000e8000000, 0x0000000100000000, 0x0000000100000000)
 Metaspace       used 24936K, capacity 25394K, committed 25724K, reserved 1071104K
  class space    used 2909K, capacity 3084K, committed 3196K, reserved 1048576K
2017-03-25T16:28:13.994+0100: 3,493: [GC (Allocation Failure) 2017-03-25T16:28:13.994+0100: 3,493: [ParNew
Desired survivor size 20112992 bytes, new threshold 8 (max 8)
- age   1:    1087040 bytes,    1087040 total
- age   2:    1056152 bytes,    2143192 total
- age   3:    1782104 bytes,    3925296 total
- age   4:      41656 bytes,    3966952 total
- age   6:     113416 bytes,    4080368 total
- age   7:     190304 bytes,    4270672 total
- age   8:     742648 bytes,    5013320 total
: 100974K->10692K(109248K), 0,0423155 secs] 100974K->16749K(502464K), 0,0423944 secs] [Times: user=0,13 sys=0,00, real=0,04 secs] 
Heap after GC invocations=9 (full 1):
 par new generation   total 109248K, used 10692K [0x00000000e0000000, 0x00000000e8000000, 0x00000000e8000000)
  eden space 87424K,   0% used [0x00000000e0000000, 0x00000000e0000000, 0x00000000e5560000)
  from space 21824K,  48% used [0x00000000e6ab0000, 0x00000000e75210e0, 0x00000000e8000000)
  to   space 21824K,   0% used [0x00000000e5560000, 0x00000000e5560000, 0x00000000e6ab0000)
 concurrent mark-sweep generation total 393216K, used 6057K [0x00000000e8000000, 0x0000000100000000, 0x0000000100000000)
 Metaspace       used 24936K, capacity 25394K, committed 25724K, reserved 1071104K
  class space    used 2909K, capacity 3084K, committed 3196K, reserved 1048576K
}
2017-03-25T16:28:14.037+0100: 3,535: Total time for which application threads were stopped: 0,0426728 seconds, Stopping threads took: 0,0000685 seconds
2017-03-25T16:28:14.303+0100: 3,802: Total time for which application threads were stopped: 0,0005466 seconds, Stopping threads took: 0,0000542 seconds
2017-03-25T16:28:14.320+0100: 3,819: Total time for which application threads were stopped: 0,0004581 seconds, Stopping threads took: 0,0000291 seconds
2017-03-25T16:28:14.383+0100: 3,882: Total time for which application threads were stopped: 0,0005278 seconds, Stopping threads took: 0,0000374 seconds
2017-03-25T16:28:14.470+0100: 3,969: Total time for which application threads were stopped: 0,0004398 seconds, Stopping threads took: 0,0000341 seconds
2017-03-25T16:28:14.553+0100: 4,052: Total time for which application threads were stopped: 0,0003337 seconds, Stopping threads took: 0,0000171 seconds
{Heap before GC invocations=9 (full 1):
 par new generation   total 109248K, used 98116K [0x00000000e0000000, 0x00000000e8000000, 0x00000000e8000000)
  eden space 87424K, 100% used [0x00000000e0000000, 0x00000000e5560000, 0x00000000e5560000)
  from space 21824K,  48% used [0x00000000e6ab0000, 0x00000000e75210e0, 0x00000000e8000000)
  to   space 21824K,   0% used [0x00000000e5560000, 0x00000000e5560000, 0x00000000e6ab0000)
 concurrent mark-sweep generation total 393216K, used 6057K [0x00000000e8000000, 0x0000000100000000, 0x0000000100000000)
 Metaspace       used 28040K, capacity 28576K, committed 28796K, reserved 1075200K
  class space    used 3216K, capacity 3393K, committed 3452K, reserved 1048576K
2017-03-25T16:31:06.433+0100: 175,932: [GC (Allocation Failure) 2017-03-25T16:31:06.433+0100: 175,932: [ParNew
Desired survivor size 20112992 bytes, new threshold 8 (max 8)
- age   1:   10758528 bytes,   10758528 total
- age   2:     232288 bytes,   10990816 total
- age   3:     274968 bytes,   11265784 total
- age   4:    1777296 bytes,   13043080 total
- age   5:      41656 bytes,   13084736 total
- age   7:     113288 bytes,   13198024 total
- age   8:     190152 bytes,   13388176 total
: 98116K->14744K(109248K), 0,0153816 secs] 104173K->21620K(502464K), 0,0156633 secs] [Times: user=0,05 sys=0,00, real=0,02 secs] 
Heap after GC invocations=10 (full 1):
 par new generation   total 109248K, used 14744K [0x00000000e0000000, 0x00000000e8000000, 0x00000000e8000000)
  eden space 87424K,   0% used [0x00000000e0000000, 0x00000000e0000000, 0x00000000e5560000)
  from space 21824K,  67% used [0x00000000e5560000, 0x00000000e63c6280, 0x00000000e6ab0000)
  to   space 21824K,   0% used [0x00000000e6ab0000, 0x00000000e6ab0000, 0x00000000e8000000)
 concurrent mark-sweep generation total 393216K, used 6876K [0x00000000e8000000, 0x0000000100000000, 0x0000000100000000)
 Metaspace       used 28040K, capacity 28576K, committed 28796K, reserved 1075200K
  class space    used 3216K, capacity 3393K, committed 3452K, reserved 1048576K
}
2017-03-25T16:31:06.449+0100: 175,948: Total time for which application threads were stopped: 0,0165179 seconds, Stopping threads took: 0,0004465 seconds
2017-03-25T16:31:12.450+0100: 181,948: Total time for which application threads were stopped: 0,0001151 seconds, Stopping threads took: 0,0000449 seconds
2017-03-25T16:32:46.460+0100: 275,958: Total time for which application threads were stopped: 0,0000929 seconds, Stopping threads took: 0,0000349 seconds
2017-03-25T16:40:07.508+0100: 717,007: Total time for which application threads were stopped: 0,0001667 seconds, Stopping threads took: 0,0000625 seconds
2017-03-25T16:40:37.511+0100: 747,010: Total time for which application threads were stopped: 0,0002181 seconds, Stopping threads took: 0,0000830 seconds
2017-03-25T16:52:01.579+0100: 1431,078: Total time for which application threads were stopped: 0,0006920 seconds, Stopping threads took: 0,0001796 seconds
2017-03-25T16:56:26.607+0100: 1696,106: Total time for which application threads were stopped: 0,0000752 seconds, Stopping threads took: 0,0000281 seconds
2017-03-25T16:58:41.621+0100: 1831,120: Total time for which application threads were stopped: 0,0001038 seconds, Stopping threads took: 0,0000344 seconds
2017-03-25T16:58:57.623+0100: 1847,121: Total time for which application threads were stopped: 0,0001091 seconds, Stopping threads took: 0,0000286 seconds
2017-03-25T17:00:11.630+0100: 1921,129: Total time for which application threads were stopped: 0,0000779 seconds, Stopping threads took: 0,0000301 seconds
2017-03-25T17:01:31.639+0100: 2001,138: Total time for which application threads were stopped: 0,0000940 seconds, Stopping threads took: 0,0000376 seconds
2017-03-25T17:03:11.650+0100: 2101,149: Total time for which application threads were stopped: 0,0007531 seconds, Stopping threads took: 0,0001784 seconds
2017-03-25T17:08:26.687+0100: 2416,186: Total time for which application threads were stopped: 0,0004516 seconds, Stopping threads took: 0,0001731 seconds
2017-03-25T17:08:27.688+0100: 2417,187: Total time for which application threads were stopped: 0,0003565 seconds, Stopping threads took: 0,0000406 seconds
2017-03-25T17:10:42.703+0100: 2552,201: Total time for which application threads were stopped: 0,0000926 seconds, Stopping threads took: 0,0000310 seconds
2017-03-25T17:18:42.760+0100: 3032,259: Total time for which application threads were stopped: 0,0000963 seconds, Stopping threads took: 0,0000299 seconds
2017-03-25T17:22:42.794+0100: 3272,293: Total time for which application threads were stopped: 0,0001793 seconds, Stopping threads took: 0,0000642 seconds
2017-03-25T17:25:42.821+0100: 3452,319: Total time for which application threads were stopped: 0,0000926 seconds, Stopping threads took: 0,0000342 seconds
2017-03-25T17:29:42.847+0100: 3692,345: Total time for which application threads were stopped: 0,0000855 seconds, Stopping threads took: 0,0000355 seconds
2017-03-25T17:30:31.852+0100: 3741,351: Total time for which application threads were stopped: 0,0004681 seconds, Stopping threads took: 0,0001650 seconds
2017-03-25T17:30:36.853+0100: 3746,352: Total time for which application threads were stopped: 0,0000951 seconds, Stopping threads took: 0,0000197 seconds
2017-03-25T17:34:12.877+0100: 3962,376: Total time for which application threads were stopped: 0,0002656 seconds, Stopping threads took: 0,0000721 seconds
2017-03-25T17:34:16.878+0100: 3966,377: Total time for which application threads were stopped: 0,0004782 seconds, Stopping threads took: 0,0000965 seconds
2017-03-25T17:34:41.881+0100: 3991,380: Total time for which application threads were stopped: 0,0001033 seconds, Stopping threads took: 0,0000393 seconds
2017-03-25T17:53:28.004+0100: 5117,503: Total time for which application threads were stopped: 0,0000869 seconds, Stopping threads took: 0,0000333 seconds
2017-03-25T17:53:38.005+0100: 5127,504: Total time for which application threads were stopped: 0,0000820 seconds, Stopping threads took: 0,0000170 seconds
2017-03-25T21:34:46.304+0100: 7097,634: Total time for which application threads were stopped: 0,0003820 seconds, Stopping threads took: 0,0000963 seconds
2017-03-25T21:37:30.321+0100: 7261,650: Total time for which application threads were stopped: 0,0001116 seconds, Stopping threads took: 0,0000405 seconds
2017-03-25T21:38:30.327+0100: 7321,657: Total time for which application threads were stopped: 0,0000788 seconds, Stopping threads took: 0,0000308 seconds
2017-03-25T21:39:00.330+0100: 7351,660: Total time for which application threads were stopped: 0,0000952 seconds, Stopping threads took: 0,0000390 seconds
2017-03-25T21:44:31.070+0100: 7681,696: Total time for which application threads were stopped: 0,0000886 seconds, Stopping threads took: 0,0000339 seconds
2017-03-25T21:45:01.075+0100: 7711,700: Total time for which application threads were stopped: 0,0000922 seconds, Stopping threads took: 0,0000355 seconds
2017-03-25T23:52:30.904+0100: 15361,530: Total time for which application threads were stopped: 0,0000936 seconds, Stopping threads took: 0,0000330 seconds
2017-03-26T00:16:31.043+0100: 16801,669: Total time for which application threads were stopped: 0,0001655 seconds, Stopping threads took: 0,0000582 seconds
2017-03-26T01:15:33.251+0100: 20343,877: Total time for which application threads were stopped: 0,0006770 seconds, Stopping threads took: 0,0000192 seconds
2017-03-26T01:15:33.275+0100: 20343,901: Total time for which application threads were stopped: 0,0001308 seconds, Stopping threads took: 0,0000371 seconds
2017-03-26T01:15:33.277+0100: 20343,903: Total time for which application threads were stopped: 0,0001234 seconds, Stopping threads took: 0,0000252 seconds
Heap
 par new generation   total 109248K, used 35943K [0x00000000e0000000, 0x00000000e8000000, 0x00000000e8000000)
  eden space 87424K,  24% used [0x00000000e0000000, 0x00000000e14b3c78, 0x00000000e5560000)
  from space 21824K,  67% used [0x00000000e5560000, 0x00000000e63c6280, 0x00000000e6ab0000)
  to   space 21824K,   0% used [0x00000000e6ab0000, 0x00000000e6ab0000, 0x00000000e8000000)
 concurrent mark-sweep generation total 393216K, used 6876K [0x00000000e8000000, 0x0000000100000000, 0x0000000100000000)
 Metaspace       used 28197K, capacity 28808K, committed 29052K, reserved 1075200K
  class space    used 3230K, capacity 3427K, committed 3452K, reserved 1048576K
