OpenJDK 64-Bit Server VM (25.121-b13) for linux-amd64 JRE (1.8.0_121-8u121-b13-0ubuntu1.16.04.2-b13), built on Jan 23 2017 15:51:29 by "buildd" with gcc 5.4.0 20160609
Memory: 4k page, physical 7867764k(7494624k free), swap 8076284k(8076284k free)
CommandLine flags: -XX:CMSInitiatingOccupancyFraction=50 -XX:CMSMaxAbortablePrecleanTime=6000 -XX:+CMSParallelRemarkEnabled -XX:+CMSScavengeBeforeRemark -XX:ConcGCThreads=4 -XX:InitialHeapSize=536870912 -XX:MaxHeapSize=536870912 -XX:MaxTenuringThreshold=8 -XX:NewRatio=3 -XX:OldPLABSize=16 -XX:OnOutOfMemoryError=/opt/solr/bin/oom_solr.sh 8983 /var/solr/logs -XX:ParallelGCThreads=4 -XX:+ParallelRefProcEnabled -XX:PretenureSizeThreshold=67108864 -XX:+PrintGC -XX:+PrintGCApplicationStoppedTime -XX:+PrintGCDateStamps -XX:+PrintGCDetails -XX:+PrintGCTimeStamps -XX:+PrintHeapAtGC -XX:+PrintTenuringDistribution -XX:SurvivorRatio=4 -XX:TargetSurvivorRatio=90 -XX:ThreadStackSize=256 -XX:+UseCMSInitiatingOccupancyOnly -XX:+UseCompressedClassPointers -XX:+UseCompressedOops -XX:+UseConcMarkSweepGC -XX:+UseParNewGC 
2017-04-02T20:59:59.526+0200: 0,125: Total time for which application threads were stopped: 0,0000604 seconds, Stopping threads took: 0,0000112 seconds
2017-04-02T20:59:59.604+0200: 0,203: Total time for which application threads were stopped: 0,0001014 seconds, Stopping threads took: 0,0000138 seconds
2017-04-02T20:59:59.617+0200: 0,216: Total time for which application threads were stopped: 0,0000749 seconds, Stopping threads took: 0,0000087 seconds
2017-04-02T20:59:59.846+0200: 0,445: Total time for which application threads were stopped: 0,0001081 seconds, Stopping threads took: 0,0000138 seconds
2017-04-02T21:00:00.301+0200: 0,900: Total time for which application threads were stopped: 0,0001690 seconds, Stopping threads took: 0,0000225 seconds
2017-04-02T21:00:00.416+0200: 1,015: Total time for which application threads were stopped: 0,0001737 seconds, Stopping threads took: 0,0000263 seconds
2017-04-02T21:00:00.475+0200: 1,073: Total time for which application threads were stopped: 0,0001769 seconds, Stopping threads took: 0,0000217 seconds
2017-04-02T21:00:00.711+0200: 1,310: Total time for which application threads were stopped: 0,0001693 seconds, Stopping threads took: 0,0000179 seconds
2017-04-02T21:00:00.915+0200: 1,514: Total time for which application threads were stopped: 0,0001971 seconds, Stopping threads took: 0,0000230 seconds
2017-04-02T21:00:00.940+0200: 1,539: Total time for which application threads were stopped: 0,0011183 seconds, Stopping threads took: 0,0001731 seconds
2017-04-02T21:00:00.984+0200: 1,583: Total time for which application threads were stopped: 0,0001981 seconds, Stopping threads took: 0,0000181 seconds
2017-04-02T21:00:00.985+0200: 1,584: Total time for which application threads were stopped: 0,0002110 seconds, Stopping threads took: 0,0000214 seconds
2017-04-02T21:00:01.002+0200: 1,601: Total time for which application threads were stopped: 0,0001658 seconds, Stopping threads took: 0,0000132 seconds
2017-04-02T21:00:01.111+0200: 1,710: Total time for which application threads were stopped: 0,0002359 seconds, Stopping threads took: 0,0000293 seconds
2017-04-02T21:00:01.295+0200: 1,893: Total time for which application threads were stopped: 0,0002797 seconds, Stopping threads took: 0,0000560 seconds
{Heap before GC invocations=0 (full 0):
 par new generation   total 109248K, used 87424K [0x00000000e0000000, 0x00000000e8000000, 0x00000000e8000000)
  eden space 87424K, 100% used [0x00000000e0000000, 0x00000000e5560000, 0x00000000e5560000)
  from space 21824K,   0% used [0x00000000e5560000, 0x00000000e5560000, 0x00000000e6ab0000)
  to   space 21824K,   0% used [0x00000000e6ab0000, 0x00000000e6ab0000, 0x00000000e8000000)
 concurrent mark-sweep generation total 393216K, used 0K [0x00000000e8000000, 0x0000000100000000, 0x0000000100000000)
 Metaspace       used 17991K, capacity 18336K, committed 18688K, reserved 1064960K
  class space    used 2035K, capacity 2196K, committed 2304K, reserved 1048576K
2017-04-02T21:00:01.382+0200: 1,981: [GC (Allocation Failure) 2017-04-02T21:00:01.382+0200: 1,981: [ParNew
Desired survivor size 20112992 bytes, new threshold 8 (max 8)
- age   1:   12591216 bytes,   12591216 total
: 87424K->12414K(109248K), 0,0171306 secs] 87424K->12414K(502464K), 0,0172152 secs] [Times: user=0,06 sys=0,00, real=0,01 secs] 
Heap after GC invocations=1 (full 0):
 par new generation   total 109248K, used 12414K [0x00000000e0000000, 0x00000000e8000000, 0x00000000e8000000)
  eden space 87424K,   0% used [0x00000000e0000000, 0x00000000e0000000, 0x00000000e5560000)
  from space 21824K,  56% used [0x00000000e6ab0000, 0x00000000e76cf8d0, 0x00000000e8000000)
  to   space 21824K,   0% used [0x00000000e5560000, 0x00000000e5560000, 0x00000000e6ab0000)
 concurrent mark-sweep generation total 393216K, used 0K [0x00000000e8000000, 0x0000000100000000, 0x0000000100000000)
 Metaspace       used 17991K, capacity 18336K, committed 18688K, reserved 1064960K
  class space    used 2035K, capacity 2196K, committed 2304K, reserved 1048576K
}
2017-04-02T21:00:01.400+0200: 1,998: Total time for which application threads were stopped: 0,0174951 seconds, Stopping threads took: 0,0000557 seconds
2017-04-02T21:00:01.710+0200: 2,309: Total time for which application threads were stopped: 0,0014125 seconds, Stopping threads took: 0,0010990 seconds
{Heap before GC invocations=1 (full 0):
 par new generation   total 109248K, used 99838K [0x00000000e0000000, 0x00000000e8000000, 0x00000000e8000000)
  eden space 87424K, 100% used [0x00000000e0000000, 0x00000000e5560000, 0x00000000e5560000)
  from space 21824K,  56% used [0x00000000e6ab0000, 0x00000000e76cf8d0, 0x00000000e8000000)
  to   space 21824K,   0% used [0x00000000e5560000, 0x00000000e5560000, 0x00000000e6ab0000)
 concurrent mark-sweep generation total 393216K, used 0K [0x00000000e8000000, 0x0000000100000000, 0x0000000100000000)
 Metaspace       used 20033K, capacity 20370K, committed 20736K, reserved 1067008K
  class space    used 2297K, capacity 2471K, committed 2560K, reserved 1048576K
2017-04-02T21:00:01.753+0200: 2,352: [GC (Allocation Failure) 2017-04-02T21:00:01.753+0200: 2,352: [ParNew
Desired survivor size 20112992 bytes, new threshold 8 (max 8)
- age   1:    3674328 bytes,    3674328 total
- age   2:    6660416 bytes,   10334744 total
: 99838K->13807K(109248K), 0,0119817 secs] 99838K->13807K(502464K), 0,0120485 secs] [Times: user=0,03 sys=0,00, real=0,01 secs] 
Heap after GC invocations=2 (full 0):
 par new generation   total 109248K, used 13807K [0x00000000e0000000, 0x00000000e8000000, 0x00000000e8000000)
  eden space 87424K,   0% used [0x00000000e0000000, 0x00000000e0000000, 0x00000000e5560000)
  from space 21824K,  63% used [0x00000000e5560000, 0x00000000e62dbd90, 0x00000000e6ab0000)
  to   space 21824K,   0% used [0x00000000e6ab0000, 0x00000000e6ab0000, 0x00000000e8000000)
 concurrent mark-sweep generation total 393216K, used 0K [0x00000000e8000000, 0x0000000100000000, 0x0000000100000000)
 Metaspace       used 20033K, capacity 20370K, committed 20736K, reserved 1067008K
  class space    used 2297K, capacity 2471K, committed 2560K, reserved 1048576K
}
2017-04-02T21:00:01.765+0200: 2,364: Total time for which application threads were stopped: 0,0122541 seconds, Stopping threads took: 0,0000472 seconds
2017-04-02T21:00:01.770+0200: 2,369: Total time for which application threads were stopped: 0,0043459 seconds, Stopping threads took: 0,0040827 seconds
2017-04-02T21:00:01.801+0200: 2,399: Total time for which application threads were stopped: 0,0004051 seconds, Stopping threads took: 0,0000815 seconds
2017-04-02T21:00:01.944+0200: 2,543: Total time for which application threads were stopped: 0,0001324 seconds, Stopping threads took: 0,0000238 seconds
{Heap before GC invocations=2 (full 0):
 par new generation   total 109248K, used 101231K [0x00000000e0000000, 0x00000000e8000000, 0x00000000e8000000)
  eden space 87424K, 100% used [0x00000000e0000000, 0x00000000e5560000, 0x00000000e5560000)
  from space 21824K,  63% used [0x00000000e5560000, 0x00000000e62dbd90, 0x00000000e6ab0000)
  to   space 21824K,   0% used [0x00000000e6ab0000, 0x00000000e6ab0000, 0x00000000e8000000)
 concurrent mark-sweep generation total 393216K, used 0K [0x00000000e8000000, 0x0000000100000000, 0x0000000100000000)
 Metaspace       used 20971K, capacity 21292K, committed 21628K, reserved 1069056K
  class space    used 2419K, capacity 2590K, committed 2684K, reserved 1048576K
2017-04-02T21:00:01.980+0200: 2,579: [GC (Allocation Failure) 2017-04-02T21:00:01.981+0200: 2,579: [ParNew
Desired survivor size 20112992 bytes, new threshold 8 (max 8)
- age   1:    2006480 bytes,    2006480 total
- age   2:     856368 bytes,    2862848 total
- age   3:    6658080 bytes,    9520928 total
: 101231K->11514K(109248K), 0,0194225 secs] 101231K->11514K(502464K), 0,0195227 secs] [Times: user=0,07 sys=0,00, real=0,02 secs] 
Heap after GC invocations=3 (full 0):
 par new generation   total 109248K, used 11514K [0x00000000e0000000, 0x00000000e8000000, 0x00000000e8000000)
  eden space 87424K,   0% used [0x00000000e0000000, 0x00000000e0000000, 0x00000000e5560000)
  from space 21824K,  52% used [0x00000000e6ab0000, 0x00000000e75ee900, 0x00000000e8000000)
  to   space 21824K,   0% used [0x00000000e5560000, 0x00000000e5560000, 0x00000000e6ab0000)
 concurrent mark-sweep generation total 393216K, used 0K [0x00000000e8000000, 0x0000000100000000, 0x0000000100000000)
 Metaspace       used 20971K, capacity 21292K, committed 21628K, reserved 1069056K
  class space    used 2419K, capacity 2590K, committed 2684K, reserved 1048576K
}
2017-04-02T21:00:02.000+0200: 2,599: Total time for which application threads were stopped: 0,0197648 seconds, Stopping threads took: 0,0000624 seconds
2017-04-02T21:00:02.005+0200: 2,604: [GC (CMS Initial Mark) [1 CMS-initial-mark: 0K(393216K)] 15058K(502464K), 0,0065605 secs] [Times: user=0,02 sys=0,00, real=0,01 secs] 
2017-04-02T21:00:02.011+0200: 2,610: Total time for which application threads were stopped: 0,0067053 seconds, Stopping threads took: 0,0000286 seconds
2017-04-02T21:00:02.014+0200: 2,613: [CMS-concurrent-mark-start]
2017-04-02T21:00:02.014+0200: 2,613: [CMS-concurrent-mark: 0,001/0,001 secs] [Times: user=0,00 sys=0,00, real=0,00 secs] 
2017-04-02T21:00:02.014+0200: 2,613: [CMS-concurrent-preclean-start]
2017-04-02T21:00:02.016+0200: 2,614: [CMS-concurrent-preclean: 0,001/0,001 secs] [Times: user=0,00 sys=0,00, real=0,00 secs] 
2017-04-02T21:00:02.016+0200: 2,614: [CMS-concurrent-abortable-preclean-start]
2017-04-02T21:00:02.074+0200: 2,673: Total time for which application threads were stopped: 0,0007621 seconds, Stopping threads took: 0,0006848 seconds
{Heap before GC invocations=3 (full 1):
 par new generation   total 109248K, used 98938K [0x00000000e0000000, 0x00000000e8000000, 0x00000000e8000000)
  eden space 87424K, 100% used [0x00000000e0000000, 0x00000000e5560000, 0x00000000e5560000)
  from space 21824K,  52% used [0x00000000e6ab0000, 0x00000000e75ee900, 0x00000000e8000000)
  to   space 21824K,   0% used [0x00000000e5560000, 0x00000000e5560000, 0x00000000e6ab0000)
 concurrent mark-sweep generation total 393216K, used 0K [0x00000000e8000000, 0x0000000100000000, 0x0000000100000000)
 Metaspace       used 21242K, capacity 21568K, committed 21884K, reserved 1069056K
  class space    used 2448K, capacity 2605K, committed 2684K, reserved 1048576K
2017-04-02T21:00:02.116+0200: 2,715: [GC (Allocation Failure) 2017-04-02T21:00:02.116+0200: 2,715: [ParNew
Desired survivor size 20112992 bytes, new threshold 8 (max 8)
- age   1:    1179976 bytes,    1179976 total
- age   2:    1466032 bytes,    2646008 total
- age   3:     834640 bytes,    3480648 total
- age   4:    6658080 bytes,   10138728 total
: 98938K->14722K(109248K), 0,0131858 secs] 98938K->14722K(502464K), 0,0132583 secs] [Times: user=0,03 sys=0,00, real=0,01 secs] 
Heap after GC invocations=4 (full 1):
 par new generation   total 109248K, used 14722K [0x00000000e0000000, 0x00000000e8000000, 0x00000000e8000000)
  eden space 87424K,   0% used [0x00000000e0000000, 0x00000000e0000000, 0x00000000e5560000)
  from space 21824K,  67% used [0x00000000e5560000, 0x00000000e63c0898, 0x00000000e6ab0000)
  to   space 21824K,   0% used [0x00000000e6ab0000, 0x00000000e6ab0000, 0x00000000e8000000)
 concurrent mark-sweep generation total 393216K, used 0K [0x00000000e8000000, 0x0000000100000000, 0x0000000100000000)
 Metaspace       used 21242K, capacity 21568K, committed 21884K, reserved 1069056K
  class space    used 2448K, capacity 2605K, committed 2684K, reserved 1048576K
}
2017-04-02T21:00:02.129+0200: 2,728: Total time for which application threads were stopped: 0,0135211 seconds, Stopping threads took: 0,0001094 seconds
2017-04-02T21:00:02.129+0200: 2,728: [CMS-concurrent-abortable-preclean: 0,059/0,114 secs] [Times: user=0,42 sys=0,01, real=0,11 secs] 
2017-04-02T21:00:02.135+0200: 2,734: [GC (CMS Final Remark) [YG occupancy: 18711 K (109248 K)]{Heap before GC invocations=4 (full 1):
 par new generation   total 109248K, used 18711K [0x00000000e0000000, 0x00000000e8000000, 0x00000000e8000000)
  eden space 87424K,   4% used [0x00000000e0000000, 0x00000000e03e5500, 0x00000000e5560000)
  from space 21824K,  67% used [0x00000000e5560000, 0x00000000e63c0898, 0x00000000e6ab0000)
  to   space 21824K,   0% used [0x00000000e6ab0000, 0x00000000e6ab0000, 0x00000000e8000000)
 concurrent mark-sweep generation total 393216K, used 0K [0x00000000e8000000, 0x0000000100000000, 0x0000000100000000)
 Metaspace       used 21245K, capacity 21568K, committed 21884K, reserved 1069056K
  class space    used 2449K, capacity 2605K, committed 2684K, reserved 1048576K
2017-04-02T21:00:02.135+0200: 2,734: [GC (CMS Final Remark) 2017-04-02T21:00:02.135+0200: 2,734: [ParNew
Desired survivor size 20112992 bytes, new threshold 8 (max 8)
- age   1:     771432 bytes,     771432 total
- age   2:     508680 bytes,    1280112 total
- age   3:    1460784 bytes,    2740896 total
- age   4:     834640 bytes,    3575536 total
- age   5:    6658408 bytes,   10233944 total
: 18711K->11632K(109248K), 0,0099138 secs] 18711K->11632K(502464K), 0,0099582 secs] [Times: user=0,04 sys=0,00, real=0,01 secs] 
Heap after GC invocations=5 (full 1):
 par new generation   total 109248K, used 11632K [0x00000000e0000000, 0x00000000e8000000, 0x00000000e8000000)
  eden space 87424K,   0% used [0x00000000e0000000, 0x00000000e0000000, 0x00000000e5560000)
  from space 21824K,  53% used [0x00000000e6ab0000, 0x00000000e760c080, 0x00000000e8000000)
  to   space 21824K,   0% used [0x00000000e5560000, 0x00000000e5560000, 0x00000000e6ab0000)
 concurrent mark-sweep generation total 393216K, used 0K [0x00000000e8000000, 0x0000000100000000, 0x0000000100000000)
 Metaspace       used 21245K, capacity 21568K, committed 21884K, reserved 1069056K
  class space    used 2449K, capacity 2605K, committed 2684K, reserved 1048576K
}
2017-04-02T21:00:02.145+0200: 2,744: [Rescan (parallel) , 0,0034014 secs]2017-04-02T21:00:02.149+0200: 2,747: [weak refs processing, 0,0009421 secs]2017-04-02T21:00:02.150+0200: 2,748: [class unloading, 0,0028474 secs]2017-04-02T21:00:02.152+0200: 2,751: [scrub symbol table, 0,0026344 secs]2017-04-02T21:00:02.155+0200: 2,754: [scrub string table, 0,0004004 secs][1 CMS-remark: 0K(393216K)] 11632K(502464K), 0,0209041 secs] [Times: user=0,06 sys=0,00, real=0,02 secs] 
2017-04-02T21:00:02.156+0200: 2,755: Total time for which application threads were stopped: 0,0218128 seconds, Stopping threads took: 0,0008128 seconds
2017-04-02T21:00:02.156+0200: 2,755: [CMS-concurrent-sweep-start]
2017-04-02T21:00:02.156+0200: 2,755: [CMS-concurrent-sweep: 0,000/0,000 secs] [Times: user=0,00 sys=0,00, real=0,00 secs] 
2017-04-02T21:00:02.156+0200: 2,755: [CMS-concurrent-reset-start]
2017-04-02T21:00:02.159+0200: 2,758: [CMS-concurrent-reset: 0,002/0,002 secs] [Times: user=0,01 sys=0,00, real=0,00 secs] 
{Heap before GC invocations=5 (full 1):
 par new generation   total 109248K, used 99056K [0x00000000e0000000, 0x00000000e8000000, 0x00000000e8000000)
  eden space 87424K, 100% used [0x00000000e0000000, 0x00000000e5560000, 0x00000000e5560000)
  from space 21824K,  53% used [0x00000000e6ab0000, 0x00000000e760c080, 0x00000000e8000000)
  to   space 21824K,   0% used [0x00000000e5560000, 0x00000000e5560000, 0x00000000e6ab0000)
 concurrent mark-sweep generation total 393216K, used 0K [0x00000000e8000000, 0x0000000100000000, 0x0000000100000000)
 Metaspace       used 21367K, capacity 21804K, committed 21884K, reserved 1069056K
  class space    used 2468K, capacity 2639K, committed 2684K, reserved 1048576K
2017-04-02T21:00:02.234+0200: 2,833: [GC (Allocation Failure) 2017-04-02T21:00:02.234+0200: 2,833: [ParNew
Desired survivor size 20112992 bytes, new threshold 8 (max 8)
- age   1:     942408 bytes,     942408 total
- age   2:       3472 bytes,     945880 total
- age   3:     183584 bytes,    1129464 total
- age   4:    1460408 bytes,    2589872 total
- age   5:     830720 bytes,    3420592 total
- age   6:    6658168 bytes,   10078760 total
: 99056K->17898K(109248K), 0,0103318 secs] 99056K->17898K(502464K), 0,0104085 secs] [Times: user=0,03 sys=0,00, real=0,01 secs] 
Heap after GC invocations=6 (full 1):
 par new generation   total 109248K, used 17898K [0x00000000e0000000, 0x00000000e8000000, 0x00000000e8000000)
  eden space 87424K,   0% used [0x00000000e0000000, 0x00000000e0000000, 0x00000000e5560000)
  from space 21824K,  82% used [0x00000000e5560000, 0x00000000e66dab00, 0x00000000e6ab0000)
  to   space 21824K,   0% used [0x00000000e6ab0000, 0x00000000e6ab0000, 0x00000000e8000000)
 concurrent mark-sweep generation total 393216K, used 0K [0x00000000e8000000, 0x0000000100000000, 0x0000000100000000)
 Metaspace       used 21367K, capacity 21804K, committed 21884K, reserved 1069056K
  class space    used 2468K, capacity 2639K, committed 2684K, reserved 1048576K
}
2017-04-02T21:00:02.245+0200: 2,843: Total time for which application threads were stopped: 0,0111800 seconds, Stopping threads took: 0,0006168 seconds
2017-04-02T21:00:02.277+0200: 2,876: Total time for which application threads were stopped: 0,0003227 seconds, Stopping threads took: 0,0000266 seconds
2017-04-02T21:00:02.422+0200: 3,021: Total time for which application threads were stopped: 0,0005324 seconds, Stopping threads took: 0,0000512 seconds
2017-04-02T21:00:02.459+0200: 3,057: Total time for which application threads were stopped: 0,0021587 seconds, Stopping threads took: 0,0017269 seconds
2017-04-02T21:00:02.473+0200: 3,072: Total time for which application threads were stopped: 0,0003554 seconds, Stopping threads took: 0,0000414 seconds
{Heap before GC invocations=6 (full 1):
 par new generation   total 109248K, used 105322K [0x00000000e0000000, 0x00000000e8000000, 0x00000000e8000000)
  eden space 87424K, 100% used [0x00000000e0000000, 0x00000000e5560000, 0x00000000e5560000)
  from space 21824K,  82% used [0x00000000e5560000, 0x00000000e66dab00, 0x00000000e6ab0000)
  to   space 21824K,   0% used [0x00000000e6ab0000, 0x00000000e6ab0000, 0x00000000e8000000)
 concurrent mark-sweep generation total 393216K, used 0K [0x00000000e8000000, 0x0000000100000000, 0x0000000100000000)
 Metaspace       used 24253K, capacity 24756K, committed 24828K, reserved 1071104K
  class space    used 2853K, capacity 3047K, committed 3068K, reserved 1048576K
2017-04-02T21:00:02.652+0200: 3,251: [GC (Allocation Failure) 2017-04-02T21:00:02.652+0200: 3,251: [ParNew
Desired survivor size 20112992 bytes, new threshold 8 (max 8)
- age   1:    5760464 bytes,    5760464 total
- age   2:     124488 bytes,    5884952 total
- age   3:       3448 bytes,    5888400 total
- age   4:     182224 bytes,    6070624 total
- age   5:     282744 bytes,    6353368 total
- age   6:     806456 bytes,    7159824 total
- age   7:    6649872 bytes,   13809696 total
: 105322K->16331K(109248K), 0,0130679 secs] 105322K->16331K(502464K), 0,0131484 secs] [Times: user=0,05 sys=0,00, real=0,01 secs] 
Heap after GC invocations=7 (full 1):
 par new generation   total 109248K, used 16331K [0x00000000e0000000, 0x00000000e8000000, 0x00000000e8000000)
  eden space 87424K,   0% used [0x00000000e0000000, 0x00000000e0000000, 0x00000000e5560000)
  from space 21824K,  74% used [0x00000000e6ab0000, 0x00000000e7aa2c80, 0x00000000e8000000)
  to   space 21824K,   0% used [0x00000000e5560000, 0x00000000e5560000, 0x00000000e6ab0000)
 concurrent mark-sweep generation total 393216K, used 0K [0x00000000e8000000, 0x0000000100000000, 0x0000000100000000)
 Metaspace       used 24253K, capacity 24756K, committed 24828K, reserved 1071104K
  class space    used 2853K, capacity 3047K, committed 3068K, reserved 1048576K
}
2017-04-02T21:00:02.665+0200: 3,264: Total time for which application threads were stopped: 0,0136526 seconds, Stopping threads took: 0,0002920 seconds
{Heap before GC invocations=7 (full 1):
 par new generation   total 109248K, used 103755K [0x00000000e0000000, 0x00000000e8000000, 0x00000000e8000000)
  eden space 87424K, 100% used [0x00000000e0000000, 0x00000000e5560000, 0x00000000e5560000)
  from space 21824K,  74% used [0x00000000e6ab0000, 0x00000000e7aa2c80, 0x00000000e8000000)
  to   space 21824K,   0% used [0x00000000e5560000, 0x00000000e5560000, 0x00000000e6ab0000)
 concurrent mark-sweep generation total 393216K, used 0K [0x00000000e8000000, 0x0000000100000000, 0x0000000100000000)
 Metaspace       used 24521K, capacity 24970K, committed 25084K, reserved 1071104K
  class space    used 2874K, capacity 3051K, committed 3068K, reserved 1048576K
2017-04-02T21:00:02.758+0200: 3,357: [GC (Allocation Failure) 2017-04-02T21:00:02.758+0200: 3,357: [ParNew
Desired survivor size 20112992 bytes, new threshold 8 (max 8)
- age   1:    1542504 bytes,    1542504 total
- age   2:    1881712 bytes,    3424216 total
- age   3:      52472 bytes,    3476688 total
- age   4:       3448 bytes,    3480136 total
- age   5:     103816 bytes,    3583952 total
- age   6:     189120 bytes,    3773072 total
- age   7:     755296 bytes,    4528368 total
- age   8:    6115408 bytes,   10643776 total
: 103755K->16702K(109248K), 0,0168125 secs] 103755K->16702K(502464K), 0,0168917 secs] [Times: user=0,05 sys=0,00, real=0,02 secs] 
Heap after GC invocations=8 (full 1):
 par new generation   total 109248K, used 16702K [0x00000000e0000000, 0x00000000e8000000, 0x00000000e8000000)
  eden space 87424K,   0% used [0x00000000e0000000, 0x00000000e0000000, 0x00000000e5560000)
  from space 21824K,  76% used [0x00000000e5560000, 0x00000000e65afb80, 0x00000000e6ab0000)
  to   space 21824K,   0% used [0x00000000e6ab0000, 0x00000000e6ab0000, 0x00000000e8000000)
 concurrent mark-sweep generation total 393216K, used 0K [0x00000000e8000000, 0x0000000100000000, 0x0000000100000000)
 Metaspace       used 24521K, capacity 24970K, committed 25084K, reserved 1071104K
  class space    used 2874K, capacity 3051K, committed 3068K, reserved 1048576K
}
2017-04-02T21:00:02.775+0200: 3,374: Total time for which application threads were stopped: 0,0171251 seconds, Stopping threads took: 0,0000393 seconds
{Heap before GC invocations=8 (full 1):
 par new generation   total 109248K, used 104126K [0x00000000e0000000, 0x00000000e8000000, 0x00000000e8000000)
  eden space 87424K, 100% used [0x00000000e0000000, 0x00000000e5560000, 0x00000000e5560000)
  from space 21824K,  76% used [0x00000000e5560000, 0x00000000e65afb80, 0x00000000e6ab0000)
  to   space 21824K,   0% used [0x00000000e6ab0000, 0x00000000e6ab0000, 0x00000000e8000000)
 concurrent mark-sweep generation total 393216K, used 0K [0x00000000e8000000, 0x0000000100000000, 0x0000000100000000)
 Metaspace       used 24948K, capacity 25396K, committed 25724K, reserved 1071104K
  class space    used 2909K, capacity 3085K, committed 3196K, reserved 1048576K
2017-04-02T21:00:02.892+0200: 3,491: [GC (Allocation Failure) 2017-04-02T21:00:02.892+0200: 3,491: [ParNew
Desired survivor size 20112992 bytes, new threshold 8 (max 8)
- age   1:     913968 bytes,     913968 total
- age   2:     638888 bytes,    1552856 total
- age   3:    1858536 bytes,    3411392 total
- age   4:      50024 bytes,    3461416 total
- age   5:       3448 bytes,    3464864 total
- age   6:     103752 bytes,    3568616 total
- age   7:     188624 bytes,    3757240 total
- age   8:     754528 bytes,    4511768 total
: 104126K->6727K(109248K), 0,0311139 secs] 104126K->12782K(502464K), 0,0311877 secs] [Times: user=0,10 sys=0,01, real=0,03 secs] 
Heap after GC invocations=9 (full 1):
 par new generation   total 109248K, used 6727K [0x00000000e0000000, 0x00000000e8000000, 0x00000000e8000000)
  eden space 87424K,   0% used [0x00000000e0000000, 0x00000000e0000000, 0x00000000e5560000)
  from space 21824K,  30% used [0x00000000e6ab0000, 0x00000000e7141fe0, 0x00000000e8000000)
  to   space 21824K,   0% used [0x00000000e5560000, 0x00000000e5560000, 0x00000000e6ab0000)
 concurrent mark-sweep generation total 393216K, used 6054K [0x00000000e8000000, 0x0000000100000000, 0x0000000100000000)
 Metaspace       used 24948K, capacity 25396K, committed 25724K, reserved 1071104K
  class space    used 2909K, capacity 3085K, committed 3196K, reserved 1048576K
}
2017-04-02T21:00:02.924+0200: 3,522: Total time for which application threads were stopped: 0,0314108 seconds, Stopping threads took: 0,0000421 seconds
2017-04-02T21:00:03.102+0200: 3,701: Total time for which application threads were stopped: 0,0004614 seconds, Stopping threads took: 0,0000384 seconds
2017-04-02T21:00:03.205+0200: 3,804: Total time for which application threads were stopped: 0,0004375 seconds, Stopping threads took: 0,0000473 seconds
2017-04-02T21:00:03.219+0200: 3,818: Total time for which application threads were stopped: 0,0004073 seconds, Stopping threads took: 0,0000203 seconds
2017-04-02T21:00:03.272+0200: 3,870: Total time for which application threads were stopped: 0,0004775 seconds, Stopping threads took: 0,0000371 seconds
2017-04-02T21:00:03.386+0200: 3,985: Total time for which application threads were stopped: 0,0006108 seconds, Stopping threads took: 0,0000422 seconds
2017-04-02T21:00:03.451+0200: 4,050: Total time for which application threads were stopped: 0,0004157 seconds, Stopping threads took: 0,0000472 seconds
2017-04-02T21:01:20.671+0200: 82,058: Total time for which application threads were stopped: 0,0000728 seconds, Stopping threads took: 0,0000185 seconds
2017-04-02T21:01:55.675+0200: 117,062: Total time for which application threads were stopped: 0,0001319 seconds, Stopping threads took: 0,0000492 seconds
2017-04-02T21:02:00.676+0200: 122,063: Total time for which application threads were stopped: 0,0000746 seconds, Stopping threads took: 0,0000184 seconds
2017-04-02T21:02:25.679+0200: 147,066: Total time for which application threads were stopped: 0,0001776 seconds, Stopping threads took: 0,0000666 seconds
2017-04-02T21:02:39.681+0200: 161,068: Total time for which application threads were stopped: 0,0005727 seconds, Stopping threads took: 0,0002530 seconds
2017-04-02T21:02:44.682+0200: 166,069: Total time for which application threads were stopped: 0,0000678 seconds, Stopping threads took: 0,0000156 seconds
2017-04-02T21:02:49.682+0200: 171,069: Total time for which application threads were stopped: 0,0000821 seconds, Stopping threads took: 0,0000193 seconds
2017-04-02T21:02:59.684+0200: 181,071: Total time for which application threads were stopped: 0,0000811 seconds, Stopping threads took: 0,0000194 seconds
2017-04-02T21:03:14.686+0200: 196,073: Total time for which application threads were stopped: 0,0001362 seconds, Stopping threads took: 0,0000535 seconds
2017-04-02T21:04:19.695+0200: 261,082: Total time for which application threads were stopped: 0,0001749 seconds, Stopping threads took: 0,0000648 seconds
2017-04-02T21:04:24.696+0200: 266,083: Total time for which application threads were stopped: 0,0000690 seconds, Stopping threads took: 0,0000162 seconds
{Heap before GC invocations=9 (full 1):
 par new generation   total 109248K, used 94151K [0x00000000e0000000, 0x00000000e8000000, 0x00000000e8000000)
  eden space 87424K, 100% used [0x00000000e0000000, 0x00000000e5560000, 0x00000000e5560000)
  from space 21824K,  30% used [0x00000000e6ab0000, 0x00000000e7141fe0, 0x00000000e8000000)
  to   space 21824K,   0% used [0x00000000e5560000, 0x00000000e5560000, 0x00000000e6ab0000)
 concurrent mark-sweep generation total 393216K, used 6054K [0x00000000e8000000, 0x0000000100000000, 0x0000000100000000)
 Metaspace       used 28002K, capacity 28496K, committed 28796K, reserved 1075200K
  class space    used 3213K, capacity 3391K, committed 3452K, reserved 1048576K
2017-04-02T21:04:29.552+0200: 270,939: [GC (Allocation Failure) 2017-04-02T21:04:29.552+0200: 270,939: [ParNew
Desired survivor size 20112992 bytes, new threshold 8 (max 8)
- age   1:   10757616 bytes,   10757616 total
- age   2:     424072 bytes,   11181688 total
- age   3:     236144 bytes,   11417832 total
- age   4:    1853616 bytes,   13271448 total
- age   5:      50024 bytes,   13321472 total
- age   6:       3448 bytes,   13324920 total
- age   7:     103624 bytes,   13428544 total
- age   8:     188528 bytes,   13617072 total
: 94151K->14055K(109248K), 0,0336928 secs] 100206K->20942K(502464K), 0,0337803 secs] [Times: user=0,05 sys=0,00, real=0,04 secs] 
Heap after GC invocations=10 (full 1):
 par new generation   total 109248K, used 14055K [0x00000000e0000000, 0x00000000e8000000, 0x00000000e8000000)
  eden space 87424K,   0% used [0x00000000e0000000, 0x00000000e0000000, 0x00000000e5560000)
  from space 21824K,  64% used [0x00000000e5560000, 0x00000000e6319ee8, 0x00000000e6ab0000)
  to   space 21824K,   0% used [0x00000000e6ab0000, 0x00000000e6ab0000, 0x00000000e8000000)
 concurrent mark-sweep generation total 393216K, used 6887K [0x00000000e8000000, 0x0000000100000000, 0x0000000100000000)
 Metaspace       used 28002K, capacity 28496K, committed 28796K, reserved 1075200K
  class space    used 3213K, capacity 3391K, committed 3452K, reserved 1048576K
}
2017-04-02T21:04:29.586+0200: 270,973: Total time for which application threads were stopped: 0,0340515 seconds, Stopping threads took: 0,0000482 seconds
2017-04-02T21:04:30.586+0200: 271,973: Total time for which application threads were stopped: 0,0000684 seconds, Stopping threads took: 0,0000162 seconds
2017-04-02T21:04:35.587+0200: 276,974: Total time for which application threads were stopped: 0,0000848 seconds, Stopping threads took: 0,0000332 seconds
2017-04-02T21:23:24.753+0200: 1406,140: Total time for which application threads were stopped: 0,0000949 seconds, Stopping threads took: 0,0000349 seconds
2017-04-02T21:26:49.781+0200: 1611,168: Total time for which application threads were stopped: 0,0000953 seconds, Stopping threads took: 0,0000365 seconds
2017-04-02T21:26:54.782+0200: 1616,169: Total time for which application threads were stopped: 0,0001451 seconds, Stopping threads took: 0,0000310 seconds
2017-04-02T21:38:19.878+0200: 2301,265: Total time for which application threads were stopped: 0,0001024 seconds, Stopping threads took: 0,0000526 seconds
2017-04-02T21:38:20.878+0200: 2302,265: Total time for which application threads were stopped: 0,0001339 seconds, Stopping threads took: 0,0000290 seconds
2017-04-02T21:53:15.987+0200: 3197,374: Total time for which application threads were stopped: 0,0000917 seconds, Stopping threads took: 0,0000342 seconds
2017-04-02T22:04:50.083+0200: 3891,470: Total time for which application threads were stopped: 0,0000802 seconds, Stopping threads took: 0,0000296 seconds
2017-04-02T22:05:00.084+0200: 3901,471: Total time for which application threads were stopped: 0,0000724 seconds, Stopping threads took: 0,0000160 seconds
2017-04-02T22:19:21.185+0200: 4762,572: Total time for which application threads were stopped: 0,0000916 seconds, Stopping threads took: 0,0000371 seconds
2017-04-02T22:19:26.186+0200: 4767,573: Total time for which application threads were stopped: 0,0000776 seconds, Stopping threads took: 0,0000154 seconds
2017-04-02T22:51:16.408+0200: 6677,795: Total time for which application threads were stopped: 0,0000937 seconds, Stopping threads took: 0,0000367 seconds
2017-04-02T22:56:30.443+0200: 6991,830: Total time for which application threads were stopped: 0,0000807 seconds, Stopping threads took: 0,0000301 seconds
2017-04-02T22:59:00.459+0200: 7141,846: Total time for which application threads were stopped: 0,0000953 seconds, Stopping threads took: 0,0000340 seconds
2017-04-02T23:02:00.482+0200: 7321,869: Total time for which application threads were stopped: 0,0000784 seconds, Stopping threads took: 0,0000255 seconds
2017-04-02T23:08:00.524+0200: 7681,912: Total time for which application threads were stopped: 0,0001342 seconds, Stopping threads took: 0,0000452 seconds
2017-04-03T00:12:30.961+0200: 11552,349: Total time for which application threads were stopped: 0,0001404 seconds, Stopping threads took: 0,0000511 seconds
2017-04-03T00:52:41.432+0200: 13962,819: Total time for which application threads were stopped: 0,0002031 seconds, Stopping threads took: 0,0000626 seconds
2017-04-03T00:52:41.459+0200: 13962,846: Total time for which application threads were stopped: 0,0001187 seconds, Stopping threads took: 0,0000292 seconds
Heap
 par new generation   total 109248K, used 33251K [0x00000000e0000000, 0x00000000e8000000, 0x00000000e8000000)
  eden space 87424K,  21% used [0x00000000e0000000, 0x00000000e12befc0, 0x00000000e5560000)
  from space 21824K,  64% used [0x00000000e5560000, 0x00000000e6319ee8, 0x00000000e6ab0000)
  to   space 21824K,   0% used [0x00000000e6ab0000, 0x00000000e6ab0000, 0x00000000e8000000)
 concurrent mark-sweep generation total 393216K, used 6887K [0x00000000e8000000, 0x0000000100000000, 0x0000000100000000)
 Metaspace       used 28144K, capacity 28636K, committed 28796K, reserved 1075200K
  class space    used 3227K, capacity 3393K, committed 3452K, reserved 1048576K
