OpenJDK 64-Bit Server VM (25.121-b13) for linux-amd64 JRE (1.8.0_121-8u121-b13-0ubuntu1.16.04.2-b13), built on Jan 23 2017 15:51:29 by "buildd" with gcc 5.4.0 20160609
Memory: 4k page, physical 7867760k(7507688k free), swap 8076284k(8076284k free)
CommandLine flags: -XX:CMSInitiatingOccupancyFraction=50 -XX:CMSMaxAbortablePrecleanTime=6000 -XX:+CMSParallelRemarkEnabled -XX:+CMSScavengeBeforeRemark -XX:ConcGCThreads=4 -XX:InitialHeapSize=536870912 -XX:MaxHeapSize=536870912 -XX:MaxTenuringThreshold=8 -XX:NewRatio=3 -XX:OldPLABSize=16 -XX:OnOutOfMemoryError=/opt/solr/bin/oom_solr.sh 8983 /var/solr/logs -XX:ParallelGCThreads=4 -XX:+ParallelRefProcEnabled -XX:PretenureSizeThreshold=67108864 -XX:+PrintGC -XX:+PrintGCApplicationStoppedTime -XX:+PrintGCDateStamps -XX:+PrintGCDetails -XX:+PrintGCTimeStamps -XX:+PrintHeapAtGC -XX:+PrintTenuringDistribution -XX:SurvivorRatio=4 -XX:TargetSurvivorRatio=90 -XX:ThreadStackSize=256 -XX:+UseCMSInitiatingOccupancyOnly -XX:+UseCompressedClassPointers -XX:+UseCompressedOops -XX:+UseConcMarkSweepGC -XX:+UseParNewGC 
2017-02-28T08:33:18.740+0100: 0,145: Total time for which application threads were stopped: 0,0000661 seconds, Stopping threads took: 0,0000094 seconds
2017-02-28T08:33:18.836+0100: 0,241: Total time for which application threads were stopped: 0,0001317 seconds, Stopping threads took: 0,0000145 seconds
2017-02-28T08:33:18.881+0100: 0,287: Total time for which application threads were stopped: 0,0000805 seconds, Stopping threads took: 0,0000118 seconds
2017-02-28T08:33:19.346+0100: 0,751: Total time for which application threads were stopped: 0,0002780 seconds, Stopping threads took: 0,0000451 seconds
2017-02-28T08:33:19.670+0100: 1,075: Total time for which application threads were stopped: 0,0001250 seconds, Stopping threads took: 0,0000152 seconds
2017-02-28T08:33:19.740+0100: 1,145: Total time for which application threads were stopped: 0,0001634 seconds, Stopping threads took: 0,0000369 seconds
2017-02-28T08:33:19.770+0100: 1,175: Total time for which application threads were stopped: 0,0002690 seconds, Stopping threads took: 0,0000317 seconds
2017-02-28T08:33:20.096+0100: 1,501: Total time for which application threads were stopped: 0,0003128 seconds, Stopping threads took: 0,0000153 seconds
2017-02-28T08:33:20.308+0100: 1,713: Total time for which application threads were stopped: 0,0001994 seconds, Stopping threads took: 0,0000163 seconds
2017-02-28T08:33:20.333+0100: 1,738: Total time for which application threads were stopped: 0,0002232 seconds, Stopping threads took: 0,0000370 seconds
2017-02-28T08:33:20.365+0100: 1,771: Total time for which application threads were stopped: 0,0002188 seconds, Stopping threads took: 0,0000288 seconds
2017-02-28T08:33:20.366+0100: 1,771: Total time for which application threads were stopped: 0,0002329 seconds, Stopping threads took: 0,0000239 seconds
2017-02-28T08:33:20.378+0100: 1,783: Total time for which application threads were stopped: 0,0001856 seconds, Stopping threads took: 0,0000363 seconds
2017-02-28T08:33:20.446+0100: 1,851: Total time for which application threads were stopped: 0,0002464 seconds, Stopping threads took: 0,0000232 seconds
2017-02-28T08:33:20.597+0100: 2,002: Total time for which application threads were stopped: 0,0006006 seconds, Stopping threads took: 0,0003408 seconds
{Heap before GC invocations=0 (full 0):
 par new generation   total 109248K, used 87424K [0x00000000e0000000, 0x00000000e8000000, 0x00000000e8000000)
  eden space 87424K, 100% used [0x00000000e0000000, 0x00000000e5560000, 0x00000000e5560000)
  from space 21824K,   0% used [0x00000000e5560000, 0x00000000e5560000, 0x00000000e6ab0000)
  to   space 21824K,   0% used [0x00000000e6ab0000, 0x00000000e6ab0000, 0x00000000e8000000)
 concurrent mark-sweep generation total 393216K, used 0K [0x00000000e8000000, 0x0000000100000000, 0x0000000100000000)
 Metaspace       used 17972K, capacity 18336K, committed 18688K, reserved 1064960K
  class space    used 2034K, capacity 2196K, committed 2304K, reserved 1048576K
2017-02-28T08:33:20.659+0100: 2,064: [GC (Allocation Failure) 2017-02-28T08:33:20.659+0100: 2,064: [ParNew
Desired survivor size 20112992 bytes, new threshold 8 (max 8)
- age   1:   12054696 bytes,   12054696 total
: 87424K->11883K(109248K), 0,0146572 secs] 87424K->11883K(502464K), 0,0147431 secs] [Times: user=0,04 sys=0,01, real=0,02 secs] 
Heap after GC invocations=1 (full 0):
 par new generation   total 109248K, used 11883K [0x00000000e0000000, 0x00000000e8000000, 0x00000000e8000000)
  eden space 87424K,   0% used [0x00000000e0000000, 0x00000000e0000000, 0x00000000e5560000)
  from space 21824K,  54% used [0x00000000e6ab0000, 0x00000000e764aec8, 0x00000000e8000000)
  to   space 21824K,   0% used [0x00000000e5560000, 0x00000000e5560000, 0x00000000e6ab0000)
 concurrent mark-sweep generation total 393216K, used 0K [0x00000000e8000000, 0x0000000100000000, 0x0000000100000000)
 Metaspace       used 17972K, capacity 18336K, committed 18688K, reserved 1064960K
  class space    used 2034K, capacity 2196K, committed 2304K, reserved 1048576K
}
2017-02-28T08:33:20.673+0100: 2,079: Total time for which application threads were stopped: 0,0149495 seconds, Stopping threads took: 0,0000561 seconds
2017-02-28T08:33:20.970+0100: 2,376: Total time for which application threads were stopped: 0,0003515 seconds, Stopping threads took: 0,0000437 seconds
{Heap before GC invocations=1 (full 0):
 par new generation   total 109248K, used 99307K [0x00000000e0000000, 0x00000000e8000000, 0x00000000e8000000)
  eden space 87424K, 100% used [0x00000000e0000000, 0x00000000e5560000, 0x00000000e5560000)
  from space 21824K,  54% used [0x00000000e6ab0000, 0x00000000e764aec8, 0x00000000e8000000)
  to   space 21824K,   0% used [0x00000000e5560000, 0x00000000e5560000, 0x00000000e6ab0000)
 concurrent mark-sweep generation total 393216K, used 0K [0x00000000e8000000, 0x0000000100000000, 0x0000000100000000)
 Metaspace       used 20005K, capacity 20366K, committed 20736K, reserved 1067008K
  class space    used 2294K, capacity 2469K, committed 2560K, reserved 1048576K
2017-02-28T08:33:21.008+0100: 2,413: [GC (Allocation Failure) 2017-02-28T08:33:21.008+0100: 2,413: [ParNew
Desired survivor size 20112992 bytes, new threshold 8 (max 8)
- age   1:    3952312 bytes,    3952312 total
- age   2:    6488304 bytes,   10440616 total
: 99307K->13202K(109248K), 0,0105903 secs] 99307K->13202K(502464K), 0,0106710 secs] [Times: user=0,05 sys=0,00, real=0,01 secs] 
Heap after GC invocations=2 (full 0):
 par new generation   total 109248K, used 13202K [0x00000000e0000000, 0x00000000e8000000, 0x00000000e8000000)
  eden space 87424K,   0% used [0x00000000e0000000, 0x00000000e0000000, 0x00000000e5560000)
  from space 21824K,  60% used [0x00000000e5560000, 0x00000000e6244bb8, 0x00000000e6ab0000)
  to   space 21824K,   0% used [0x00000000e6ab0000, 0x00000000e6ab0000, 0x00000000e8000000)
 concurrent mark-sweep generation total 393216K, used 0K [0x00000000e8000000, 0x0000000100000000, 0x0000000100000000)
 Metaspace       used 20005K, capacity 20366K, committed 20736K, reserved 1067008K
  class space    used 2294K, capacity 2469K, committed 2560K, reserved 1048576K
}
2017-02-28T08:33:21.018+0100: 2,424: Total time for which application threads were stopped: 0,0120297 seconds, Stopping threads took: 0,0012165 seconds
2017-02-28T08:33:21.034+0100: 2,439: Total time for which application threads were stopped: 0,0003595 seconds, Stopping threads took: 0,0000499 seconds
2017-02-28T08:33:21.059+0100: 2,465: Total time for which application threads were stopped: 0,0003492 seconds, Stopping threads took: 0,0000724 seconds
2017-02-28T08:33:21.214+0100: 2,619: Total time for which application threads were stopped: 0,0001943 seconds, Stopping threads took: 0,0000739 seconds
{Heap before GC invocations=2 (full 0):
 par new generation   total 109248K, used 100626K [0x00000000e0000000, 0x00000000e8000000, 0x00000000e8000000)
  eden space 87424K, 100% used [0x00000000e0000000, 0x00000000e5560000, 0x00000000e5560000)
  from space 21824K,  60% used [0x00000000e5560000, 0x00000000e6244bb8, 0x00000000e6ab0000)
  to   space 21824K,   0% used [0x00000000e6ab0000, 0x00000000e6ab0000, 0x00000000e8000000)
 concurrent mark-sweep generation total 393216K, used 0K [0x00000000e8000000, 0x0000000100000000, 0x0000000100000000)
 Metaspace       used 20926K, capacity 21288K, committed 21552K, reserved 1069056K
  class space    used 2418K, capacity 2588K, committed 2608K, reserved 1048576K
2017-02-28T08:33:21.220+0100: 2,625: [GC (Allocation Failure) 2017-02-28T08:33:21.220+0100: 2,625: [ParNew
Desired survivor size 20112992 bytes, new threshold 8 (max 8)
- age   1:    2156880 bytes,    2156880 total
- age   2:     999704 bytes,    3156584 total
- age   3:    6486560 bytes,    9643144 total
: 100626K->14273K(109248K), 0,0098603 secs] 100626K->14273K(502464K), 0,0099464 secs] [Times: user=0,04 sys=0,00, real=0,02 secs] 
Heap after GC invocations=3 (full 0):
 par new generation   total 109248K, used 14273K [0x00000000e0000000, 0x00000000e8000000, 0x00000000e8000000)
  eden space 87424K,   0% used [0x00000000e0000000, 0x00000000e0000000, 0x00000000e5560000)
  from space 21824K,  65% used [0x00000000e6ab0000, 0x00000000e78a0480, 0x00000000e8000000)
  to   space 21824K,   0% used [0x00000000e5560000, 0x00000000e5560000, 0x00000000e6ab0000)
 concurrent mark-sweep generation total 393216K, used 0K [0x00000000e8000000, 0x0000000100000000, 0x0000000100000000)
 Metaspace       used 20926K, capacity 21288K, committed 21552K, reserved 1069056K
  class space    used 2418K, capacity 2588K, committed 2608K, reserved 1048576K
}
2017-02-28T08:33:21.230+0100: 2,635: Total time for which application threads were stopped: 0,0101452 seconds, Stopping threads took: 0,0000650 seconds
2017-02-28T08:33:21.234+0100: 2,639: [GC (CMS Initial Mark) [1 CMS-initial-mark: 0K(393216K)] 14305K(502464K), 0,0032798 secs] [Times: user=0,01 sys=0,00, real=0,00 secs] 
2017-02-28T08:33:21.237+0100: 2,642: Total time for which application threads were stopped: 0,0070323 seconds, Stopping threads took: 0,0036702 seconds
2017-02-28T08:33:21.237+0100: 2,642: [CMS-concurrent-mark-start]
2017-02-28T08:33:21.238+0100: 2,643: [CMS-concurrent-mark: 0,000/0,000 secs] [Times: user=0,00 sys=0,00, real=0,00 secs] 
2017-02-28T08:33:21.238+0100: 2,643: [CMS-concurrent-preclean-start]
2017-02-28T08:33:21.239+0100: 2,644: [CMS-concurrent-preclean: 0,001/0,001 secs] [Times: user=0,00 sys=0,00, real=0,00 secs] 
2017-02-28T08:33:21.239+0100: 2,644: [CMS-concurrent-abortable-preclean-start]
{Heap before GC invocations=3 (full 1):
 par new generation   total 109248K, used 101697K [0x00000000e0000000, 0x00000000e8000000, 0x00000000e8000000)
  eden space 87424K, 100% used [0x00000000e0000000, 0x00000000e5560000, 0x00000000e5560000)
  from space 21824K,  65% used [0x00000000e6ab0000, 0x00000000e78a0480, 0x00000000e8000000)
  to   space 21824K,   0% used [0x00000000e5560000, 0x00000000e5560000, 0x00000000e6ab0000)
 concurrent mark-sweep generation total 393216K, used 0K [0x00000000e8000000, 0x0000000100000000, 0x0000000100000000)
 Metaspace       used 21217K, capacity 21576K, committed 21628K, reserved 1069056K
  class space    used 2447K, capacity 2605K, committed 2608K, reserved 1048576K
2017-02-28T08:33:21.368+0100: 2,773: [GC (Allocation Failure) 2017-02-28T08:33:21.368+0100: 2,773: [ParNew
Desired survivor size 20112992 bytes, new threshold 8 (max 8)
- age   1:    1630920 bytes,    1630920 total
- age   2:    1474280 bytes,    3105200 total
- age   3:     964488 bytes,    4069688 total
- age   4:    6486616 bytes,   10556304 total
: 101697K->12290K(109248K), 0,0109941 secs] 101697K->12290K(502464K), 0,0110741 secs] [Times: user=0,04 sys=0,00, real=0,01 secs] 
Heap after GC invocations=4 (full 1):
 par new generation   total 109248K, used 12290K [0x00000000e0000000, 0x00000000e8000000, 0x00000000e8000000)
  eden space 87424K,   0% used [0x00000000e0000000, 0x00000000e0000000, 0x00000000e5560000)
  from space 21824K,  56% used [0x00000000e5560000, 0x00000000e6160850, 0x00000000e6ab0000)
  to   space 21824K,   0% used [0x00000000e6ab0000, 0x00000000e6ab0000, 0x00000000e8000000)
 concurrent mark-sweep generation total 393216K, used 0K [0x00000000e8000000, 0x0000000100000000, 0x0000000100000000)
 Metaspace       used 21217K, capacity 21576K, committed 21628K, reserved 1069056K
  class space    used 2447K, capacity 2605K, committed 2608K, reserved 1048576K
}
2017-02-28T08:33:21.379+0100: 2,785: Total time for which application threads were stopped: 0,0113412 seconds, Stopping threads took: 0,0000852 seconds
2017-02-28T08:33:21.379+0100: 2,785: [CMS-concurrent-abortable-preclean: 0,078/0,140 secs] [Times: user=0,53 sys=0,00, real=0,14 secs] 
2017-02-28T08:33:21.382+0100: 2,787: [GC (CMS Final Remark) [YG occupancy: 13658 K (109248 K)]{Heap before GC invocations=4 (full 1):
 par new generation   total 109248K, used 13658K [0x00000000e0000000, 0x00000000e8000000, 0x00000000e8000000)
  eden space 87424K,   1% used [0x00000000e0000000, 0x00000000e0156128, 0x00000000e5560000)
  from space 21824K,  56% used [0x00000000e5560000, 0x00000000e6160850, 0x00000000e6ab0000)
  to   space 21824K,   0% used [0x00000000e6ab0000, 0x00000000e6ab0000, 0x00000000e8000000)
 concurrent mark-sweep generation total 393216K, used 0K [0x00000000e8000000, 0x0000000100000000, 0x0000000100000000)
 Metaspace       used 21217K, capacity 21576K, committed 21628K, reserved 1069056K
  class space    used 2447K, capacity 2605K, committed 2608K, reserved 1048576K
2017-02-28T08:33:21.382+0100: 2,787: [GC (CMS Final Remark) 2017-02-28T08:33:21.382+0100: 2,787: [ParNew
Desired survivor size 20112992 bytes, new threshold 8 (max 8)
- age   1:     182880 bytes,     182880 total
- age   2:    1112400 bytes,    1295280 total
- age   3:    1474280 bytes,    2769560 total
- age   4:     964488 bytes,    3734048 total
- age   5:    6486744 bytes,   10220792 total
: 13658K->15184K(109248K), 0,0094927 secs] 13658K->15184K(502464K), 0,0095349 secs] [Times: user=0,03 sys=0,00, real=0,01 secs] 
Heap after GC invocations=5 (full 1):
 par new generation   total 109248K, used 15184K [0x00000000e0000000, 0x00000000e8000000, 0x00000000e8000000)
  eden space 87424K,   0% used [0x00000000e0000000, 0x00000000e0000000, 0x00000000e5560000)
  from space 21824K,  69% used [0x00000000e6ab0000, 0x00000000e7984300, 0x00000000e8000000)
  to   space 21824K,   0% used [0x00000000e5560000, 0x00000000e5560000, 0x00000000e6ab0000)
 concurrent mark-sweep generation total 393216K, used 0K [0x00000000e8000000, 0x0000000100000000, 0x0000000100000000)
 Metaspace       used 21217K, capacity 21576K, committed 21628K, reserved 1069056K
  class space    used 2447K, capacity 2605K, committed 2608K, reserved 1048576K
}
2017-02-28T08:33:21.392+0100: 2,797: [Rescan (parallel) , 0,0033012 secs]2017-02-28T08:33:21.395+0100: 2,800: [weak refs processing, 0,0009858 secs]2017-02-28T08:33:21.396+0100: 2,801: [class unloading, 0,0027753 secs]2017-02-28T08:33:21.399+0100: 2,804: [scrub symbol table, 0,0026034 secs]2017-02-28T08:33:21.401+0100: 2,807: [scrub string table, 0,0004015 secs][1 CMS-remark: 0K(393216K)] 15184K(502464K), 0,0202787 secs] [Times: user=0,05 sys=0,00, real=0,02 secs] 
2017-02-28T08:33:21.402+0100: 2,807: Total time for which application threads were stopped: 0,0216656 seconds, Stopping threads took: 0,0013021 seconds
2017-02-28T08:33:21.402+0100: 2,808: [CMS-concurrent-sweep-start]
2017-02-28T08:33:21.402+0100: 2,808: [CMS-concurrent-sweep: 0,000/0,000 secs] [Times: user=0,00 sys=0,00, real=0,00 secs] 
2017-02-28T08:33:21.402+0100: 2,808: [CMS-concurrent-reset-start]
2017-02-28T08:33:21.404+0100: 2,810: [CMS-concurrent-reset: 0,002/0,002 secs] [Times: user=0,01 sys=0,00, real=0,00 secs] 
{Heap before GC invocations=5 (full 1):
 par new generation   total 109248K, used 102608K [0x00000000e0000000, 0x00000000e8000000, 0x00000000e8000000)
  eden space 87424K, 100% used [0x00000000e0000000, 0x00000000e5560000, 0x00000000e5560000)
  from space 21824K,  69% used [0x00000000e6ab0000, 0x00000000e7984300, 0x00000000e8000000)
  to   space 21824K,   0% used [0x00000000e5560000, 0x00000000e5560000, 0x00000000e6ab0000)
 concurrent mark-sweep generation total 393216K, used 0K [0x00000000e8000000, 0x0000000100000000, 0x0000000100000000)
 Metaspace       used 21347K, capacity 21736K, committed 22012K, reserved 1069056K
  class space    used 2467K, capacity 2637K, committed 2736K, reserved 1048576K
2017-02-28T08:33:21.496+0100: 2,901: [GC (Allocation Failure) 2017-02-28T08:33:21.496+0100: 2,901: [ParNew
Desired survivor size 20112992 bytes, new threshold 8 (max 8)
- age   1:     602224 bytes,     602224 total
- age   2:        640 bytes,     602864 total
- age   3:     177384 bytes,     780248 total
- age   4:    1474280 bytes,    2254528 total
- age   5:     964376 bytes,    3218904 total
- age   6:    6486832 bytes,    9705736 total
: 102608K->12827K(109248K), 0,0090621 secs] 102608K->12827K(502464K), 0,0091326 secs] [Times: user=0,03 sys=0,00, real=0,01 secs] 
Heap after GC invocations=6 (full 1):
 par new generation   total 109248K, used 12827K [0x00000000e0000000, 0x00000000e8000000, 0x00000000e8000000)
  eden space 87424K,   0% used [0x00000000e0000000, 0x00000000e0000000, 0x00000000e5560000)
  from space 21824K,  58% used [0x00000000e5560000, 0x00000000e61e6d80, 0x00000000e6ab0000)
  to   space 21824K,   0% used [0x00000000e6ab0000, 0x00000000e6ab0000, 0x00000000e8000000)
 concurrent mark-sweep generation total 393216K, used 0K [0x00000000e8000000, 0x0000000100000000, 0x0000000100000000)
 Metaspace       used 21347K, capacity 21736K, committed 22012K, reserved 1069056K
  class space    used 2467K, capacity 2637K, committed 2736K, reserved 1048576K
}
2017-02-28T08:33:21.505+0100: 2,911: Total time for which application threads were stopped: 0,0093413 seconds, Stopping threads took: 0,0000735 seconds
2017-02-28T08:33:21.551+0100: 2,956: Total time for which application threads were stopped: 0,0003148 seconds, Stopping threads took: 0,0000323 seconds
2017-02-28T08:33:21.740+0100: 3,145: Total time for which application threads were stopped: 0,0004447 seconds, Stopping threads took: 0,0000423 seconds
2017-02-28T08:33:21.754+0100: 3,159: Total time for which application threads were stopped: 0,0004370 seconds, Stopping threads took: 0,0000384 seconds
{Heap before GC invocations=6 (full 1):
 par new generation   total 109248K, used 100251K [0x00000000e0000000, 0x00000000e8000000, 0x00000000e8000000)
  eden space 87424K, 100% used [0x00000000e0000000, 0x00000000e5560000, 0x00000000e5560000)
  from space 21824K,  58% used [0x00000000e5560000, 0x00000000e61e6d80, 0x00000000e6ab0000)
  to   space 21824K,   0% used [0x00000000e6ab0000, 0x00000000e6ab0000, 0x00000000e8000000)
 concurrent mark-sweep generation total 393216K, used 0K [0x00000000e8000000, 0x0000000100000000, 0x0000000100000000)
 Metaspace       used 24260K, capacity 24764K, committed 24880K, reserved 1071104K
  class space    used 2852K, capacity 3047K, committed 3120K, reserved 1048576K
2017-02-28T08:33:21.966+0100: 3,371: [GC (Allocation Failure) 2017-02-28T08:33:21.966+0100: 3,371: [ParNew
Desired survivor size 20112992 bytes, new threshold 8 (max 8)
- age   1:    5212976 bytes,    5212976 total
- age   2:     112312 bytes,    5325288 total
- age   3:        640 bytes,    5325928 total
- age   4:     175952 bytes,    5501880 total
- age   5:     304280 bytes,    5806160 total
- age   6:     940112 bytes,    6746272 total
- age   7:    6478848 bytes,   13225120 total
: 100251K->15341K(109248K), 0,0125023 secs] 100251K->15341K(502464K), 0,0125711 secs] [Times: user=0,05 sys=0,00, real=0,01 secs] 
Heap after GC invocations=7 (full 1):
 par new generation   total 109248K, used 15341K [0x00000000e0000000, 0x00000000e8000000, 0x00000000e8000000)
  eden space 87424K,   0% used [0x00000000e0000000, 0x00000000e0000000, 0x00000000e5560000)
  from space 21824K,  70% used [0x00000000e6ab0000, 0x00000000e79ab4e0, 0x00000000e8000000)
  to   space 21824K,   0% used [0x00000000e5560000, 0x00000000e5560000, 0x00000000e6ab0000)
 concurrent mark-sweep generation total 393216K, used 0K [0x00000000e8000000, 0x0000000100000000, 0x0000000100000000)
 Metaspace       used 24260K, capacity 24764K, committed 24880K, reserved 1071104K
  class space    used 2852K, capacity 3047K, committed 3120K, reserved 1048576K
}
2017-02-28T08:33:21.978+0100: 3,383: Total time for which application threads were stopped: 0,0128577 seconds, Stopping threads took: 0,0000797 seconds
{Heap before GC invocations=7 (full 1):
 par new generation   total 109248K, used 102765K [0x00000000e0000000, 0x00000000e8000000, 0x00000000e8000000)
  eden space 87424K, 100% used [0x00000000e0000000, 0x00000000e5560000, 0x00000000e5560000)
  from space 21824K,  70% used [0x00000000e6ab0000, 0x00000000e79ab4e0, 0x00000000e8000000)
  to   space 21824K,   0% used [0x00000000e5560000, 0x00000000e5560000, 0x00000000e6ab0000)
 concurrent mark-sweep generation total 393216K, used 0K [0x00000000e8000000, 0x0000000100000000, 0x0000000100000000)
 Metaspace       used 24940K, capacity 25394K, committed 25648K, reserved 1071104K
  class space    used 2910K, capacity 3083K, committed 3120K, reserved 1048576K
2017-02-28T08:33:22.111+0100: 3,516: [GC (Allocation Failure) 2017-02-28T08:33:22.111+0100: 3,516: [ParNew
Desired survivor size 20112992 bytes, new threshold 8 (max 8)
- age   1:    1011848 bytes,    1011848 total
- age   2:    1388616 bytes,    2400464 total
- age   3:      56512 bytes,    2456976 total
- age   5:      98864 bytes,    2555840 total
- age   6:     190304 bytes,    2746144 total
- age   7:     789336 bytes,    3535480 total
- age   8:    6066024 bytes,    9601504 total
: 102765K->13582K(109248K), 0,0106519 secs] 102765K->13582K(502464K), 0,0107321 secs] [Times: user=0,04 sys=0,00, real=0,00 secs] 
Heap after GC invocations=8 (full 1):
 par new generation   total 109248K, used 13582K [0x00000000e0000000, 0x00000000e8000000, 0x00000000e8000000)
  eden space 87424K,   0% used [0x00000000e0000000, 0x00000000e0000000, 0x00000000e5560000)
  from space 21824K,  62% used [0x00000000e5560000, 0x00000000e62a3a78, 0x00000000e6ab0000)
  to   space 21824K,   0% used [0x00000000e6ab0000, 0x00000000e6ab0000, 0x00000000e8000000)
 concurrent mark-sweep generation total 393216K, used 0K [0x00000000e8000000, 0x0000000100000000, 0x0000000100000000)
 Metaspace       used 24940K, capacity 25394K, committed 25648K, reserved 1071104K
  class space    used 2910K, capacity 3083K, committed 3120K, reserved 1048576K
}
2017-02-28T08:33:22.121+0100: 3,527: Total time for which application threads were stopped: 0,0110896 seconds, Stopping threads took: 0,0001913 seconds
2017-02-28T08:33:22.359+0100: 3,764: Total time for which application threads were stopped: 0,0004745 seconds, Stopping threads took: 0,0000526 seconds
2017-02-28T08:33:22.380+0100: 3,785: Total time for which application threads were stopped: 0,0005715 seconds, Stopping threads took: 0,0000416 seconds
2017-02-28T08:33:22.437+0100: 3,842: Total time for which application threads were stopped: 0,0005782 seconds, Stopping threads took: 0,0001508 seconds
2017-02-28T08:33:22.545+0100: 3,951: Total time for which application threads were stopped: 0,0004901 seconds, Stopping threads took: 0,0000410 seconds
2017-02-28T08:33:22.658+0100: 4,063: Total time for which application threads were stopped: 0,0004316 seconds, Stopping threads took: 0,0000260 seconds
2017-02-28T08:33:25.658+0100: 7,064: Total time for which application threads were stopped: 0,0000907 seconds, Stopping threads took: 0,0000202 seconds
2017-02-28T08:33:30.659+0100: 12,065: Total time for which application threads were stopped: 0,0004416 seconds, Stopping threads took: 0,0001092 seconds
2017-02-28T08:33:45.661+0100: 27,066: Total time for which application threads were stopped: 0,0003657 seconds, Stopping threads took: 0,0000952 seconds
2017-02-28T08:33:50.662+0100: 32,067: Total time for which application threads were stopped: 0,0000631 seconds, Stopping threads took: 0,0000147 seconds
2017-02-28T08:35:20.672+0100: 122,077: Total time for which application threads were stopped: 0,0000935 seconds, Stopping threads took: 0,0000394 seconds
2017-02-28T08:35:25.673+0100: 127,078: Total time for which application threads were stopped: 0,0001487 seconds, Stopping threads took: 0,0000574 seconds
2017-02-28T08:36:25.683+0100: 187,088: Total time for which application threads were stopped: 0,0001949 seconds, Stopping threads took: 0,0000733 seconds
2017-02-28T08:37:39.695+0100: 261,100: Total time for which application threads were stopped: 0,0000879 seconds, Stopping threads took: 0,0000274 seconds
2017-02-28T08:37:45.696+0100: 267,101: Total time for which application threads were stopped: 0,0004214 seconds, Stopping threads took: 0,0001659 seconds
2017-02-28T08:37:49.697+0100: 271,102: Total time for which application threads were stopped: 0,0001815 seconds, Stopping threads took: 0,0000953 seconds
2017-02-28T08:37:50.697+0100: 272,102: Total time for which application threads were stopped: 0,0000711 seconds, Stopping threads took: 0,0000153 seconds
2017-02-28T08:37:55.698+0100: 277,103: Total time for which application threads were stopped: 0,0001677 seconds, Stopping threads took: 0,0000583 seconds
2017-02-28T08:38:05.699+0100: 287,105: Total time for which application threads were stopped: 0,0000833 seconds, Stopping threads took: 0,0000315 seconds
2017-02-28T08:38:40.705+0100: 322,110: Total time for which application threads were stopped: 0,0000967 seconds, Stopping threads took: 0,0000355 seconds
2017-02-28T08:38:50.706+0100: 332,112: Total time for which application threads were stopped: 0,0001680 seconds, Stopping threads took: 0,0000391 seconds
2017-02-28T08:38:54.707+0100: 336,112: Total time for which application threads were stopped: 0,0000801 seconds, Stopping threads took: 0,0000161 seconds
2017-02-28T08:41:20.729+0100: 482,134: Total time for which application threads were stopped: 0,0002622 seconds, Stopping threads took: 0,0000621 seconds
2017-02-28T08:43:20.035+0100: 601,440: Total time for which application threads were stopped: 0,0001801 seconds, Stopping threads took: 0,0000578 seconds
2017-02-28T08:43:20.043+0100: 601,448: Total time for which application threads were stopped: 0,0001536 seconds, Stopping threads took: 0,0000383 seconds
Heap
 par new generation   total 109248K, used 83688K [0x00000000e0000000, 0x00000000e8000000, 0x00000000e8000000)
  eden space 87424K,  80% used [0x00000000e0000000, 0x00000000e44767e8, 0x00000000e5560000)
  from space 21824K,  62% used [0x00000000e5560000, 0x00000000e62a3a78, 0x00000000e6ab0000)
  to   space 21824K,   0% used [0x00000000e6ab0000, 0x00000000e6ab0000, 0x00000000e8000000)
 concurrent mark-sweep generation total 393216K, used 0K [0x00000000e8000000, 0x0000000100000000, 0x0000000100000000)
 Metaspace       used 28094K, capacity 28602K, committed 28848K, reserved 1075200K
  class space    used 3229K, capacity 3423K, committed 3504K, reserved 1048576K
