OpenJDK 64-Bit Server VM (25.111-b14) for linux-amd64 JRE (1.8.0_111-8u111-b14-2ubuntu0.16.04.2-b14), built on Oct 27 2016 18:10:19 by "buildd" with gcc 5.4.0 20160609
Memory: 4k page, physical 7867840k(7453984k free), swap 8076284k(8076284k free)
CommandLine flags: -XX:CMSInitiatingOccupancyFraction=50 -XX:CMSMaxAbortablePrecleanTime=6000 -XX:+CMSParallelRemarkEnabled -XX:+CMSScavengeBeforeRemark -XX:ConcGCThreads=4 -XX:InitialHeapSize=536870912 -XX:MaxHeapSize=536870912 -XX:MaxTenuringThreshold=8 -XX:NewRatio=3 -XX:OldPLABSize=16 -XX:OnOutOfMemoryError=/opt/solr/bin/oom_solr.sh 8983 /var/solr/logs -XX:ParallelGCThreads=4 -XX:+ParallelRefProcEnabled -XX:PretenureSizeThreshold=67108864 -XX:+PrintGC -XX:+PrintGCApplicationStoppedTime -XX:+PrintGCDateStamps -XX:+PrintGCDetails -XX:+PrintGCTimeStamps -XX:+PrintHeapAtGC -XX:+PrintTenuringDistribution -XX:SurvivorRatio=4 -XX:TargetSurvivorRatio=90 -XX:ThreadStackSize=256 -XX:+UseCMSInitiatingOccupancyOnly -XX:+UseCompressedClassPointers -XX:+UseCompressedOops -XX:+UseConcMarkSweepGC -XX:+UseParNewGC 
2016-12-07T08:10:12.743+0100: 0,127: Total time for which application threads were stopped: 0,0000922 seconds, Stopping threads took: 0,0000097 seconds
2016-12-07T08:10:12.845+0100: 0,229: Total time for which application threads were stopped: 0,0001175 seconds, Stopping threads took: 0,0000127 seconds
2016-12-07T08:10:12.860+0100: 0,244: Total time for which application threads were stopped: 0,0001241 seconds, Stopping threads took: 0,0000289 seconds
2016-12-07T08:10:13.056+0100: 0,441: Total time for which application threads were stopped: 0,0001496 seconds, Stopping threads took: 0,0000212 seconds
2016-12-07T08:10:13.542+0100: 0,927: Total time for which application threads were stopped: 0,0001941 seconds, Stopping threads took: 0,0000187 seconds
2016-12-07T08:10:13.620+0100: 1,004: Total time for which application threads were stopped: 0,0001915 seconds, Stopping threads took: 0,0000223 seconds
2016-12-07T08:10:13.637+0100: 1,022: Total time for which application threads were stopped: 0,0001663 seconds, Stopping threads took: 0,0000218 seconds
2016-12-07T08:10:13.896+0100: 1,280: Total time for which application threads were stopped: 0,0001892 seconds, Stopping threads took: 0,0000220 seconds
2016-12-07T08:10:14.094+0100: 1,479: Total time for which application threads were stopped: 0,0001975 seconds, Stopping threads took: 0,0000191 seconds
2016-12-07T08:10:14.123+0100: 1,508: Total time for which application threads were stopped: 0,0004396 seconds, Stopping threads took: 0,0000496 seconds
2016-12-07T08:10:14.125+0100: 1,510: Total time for which application threads were stopped: 0,0001484 seconds, Stopping threads took: 0,0000217 seconds
2016-12-07T08:10:14.137+0100: 1,522: Total time for which application threads were stopped: 0,0001701 seconds, Stopping threads took: 0,0000210 seconds
2016-12-07T08:10:14.247+0100: 1,631: Total time for which application threads were stopped: 0,0002362 seconds, Stopping threads took: 0,0000217 seconds
2016-12-07T08:10:14.415+0100: 1,800: Total time for which application threads were stopped: 0,0002614 seconds, Stopping threads took: 0,0000542 seconds
{Heap before GC invocations=0 (full 0):
 par new generation   total 109248K, used 87424K [0x00000000e0000000, 0x00000000e8000000, 0x00000000e8000000)
  eden space 87424K, 100% used [0x00000000e0000000, 0x00000000e5560000, 0x00000000e5560000)
  from space 21824K,   0% used [0x00000000e5560000, 0x00000000e5560000, 0x00000000e6ab0000)
  to   space 21824K,   0% used [0x00000000e6ab0000, 0x00000000e6ab0000, 0x00000000e8000000)
 concurrent mark-sweep generation total 393216K, used 0K [0x00000000e8000000, 0x0000000100000000, 0x0000000100000000)
 Metaspace       used 18374K, capacity 18686K, committed 18944K, reserved 1067008K
  class space    used 2091K, capacity 2226K, committed 2304K, reserved 1048576K
2016-12-07T08:10:14.561+0100: 1,946: [GC (Allocation Failure) 2016-12-07T08:10:14.562+0100: 1,946: [ParNew
Desired survivor size 20112992 bytes, new threshold 8 (max 8)
- age   1:   12578680 bytes,   12578680 total
: 87424K->12401K(109248K), 0,0170771 secs] 87424K->12401K(502464K), 0,0171652 secs] [Times: user=0,04 sys=0,01, real=0,02 secs] 
Heap after GC invocations=1 (full 0):
 par new generation   total 109248K, used 12401K [0x00000000e0000000, 0x00000000e8000000, 0x00000000e8000000)
  eden space 87424K,   0% used [0x00000000e0000000, 0x00000000e0000000, 0x00000000e5560000)
  from space 21824K,  56% used [0x00000000e6ab0000, 0x00000000e76cc538, 0x00000000e8000000)
  to   space 21824K,   0% used [0x00000000e5560000, 0x00000000e5560000, 0x00000000e6ab0000)
 concurrent mark-sweep generation total 393216K, used 0K [0x00000000e8000000, 0x0000000100000000, 0x0000000100000000)
 Metaspace       used 18374K, capacity 18686K, committed 18944K, reserved 1067008K
  class space    used 2091K, capacity 2226K, committed 2304K, reserved 1048576K
}
2016-12-07T08:10:14.579+0100: 1,963: Total time for which application threads were stopped: 0,0173515 seconds, Stopping threads took: 0,0000197 seconds
2016-12-07T08:10:14.713+0100: 2,097: Total time for which application threads were stopped: 0,0003207 seconds, Stopping threads took: 0,0000276 seconds
2016-12-07T08:10:14.740+0100: 2,125: Total time for which application threads were stopped: 0,0003666 seconds, Stopping threads took: 0,0000365 seconds
2016-12-07T08:10:14.762+0100: 2,147: Total time for which application threads were stopped: 0,0002683 seconds, Stopping threads took: 0,0000208 seconds
{Heap before GC invocations=1 (full 0):
 par new generation   total 109248K, used 99825K [0x00000000e0000000, 0x00000000e8000000, 0x00000000e8000000)
  eden space 87424K, 100% used [0x00000000e0000000, 0x00000000e5560000, 0x00000000e5560000)
  from space 21824K,  56% used [0x00000000e6ab0000, 0x00000000e76cc538, 0x00000000e8000000)
  to   space 21824K,   0% used [0x00000000e5560000, 0x00000000e5560000, 0x00000000e6ab0000)
 concurrent mark-sweep generation total 393216K, used 0K [0x00000000e8000000, 0x0000000100000000, 0x0000000100000000)
 Metaspace       used 20742K, capacity 21084K, committed 21248K, reserved 1069056K
  class space    used 2404K, capacity 2518K, committed 2560K, reserved 1048576K
2016-12-07T08:10:14.940+0100: 2,325: [GC (Allocation Failure) 2016-12-07T08:10:14.940+0100: 2,325: [ParNew
Desired survivor size 20112992 bytes, new threshold 8 (max 8)
- age   1:    2767392 bytes,    2767392 total
- age   2:    6140096 bytes,    8907488 total
: 99825K->11415K(109248K), 0,0092973 secs] 99825K->11415K(502464K), 0,0093719 secs] [Times: user=0,04 sys=0,00, real=0,01 secs] 
Heap after GC invocations=2 (full 0):
 par new generation   total 109248K, used 11415K [0x00000000e0000000, 0x00000000e8000000, 0x00000000e8000000)
  eden space 87424K,   0% used [0x00000000e0000000, 0x00000000e0000000, 0x00000000e5560000)
  from space 21824K,  52% used [0x00000000e5560000, 0x00000000e6085ea0, 0x00000000e6ab0000)
  to   space 21824K,   0% used [0x00000000e6ab0000, 0x00000000e6ab0000, 0x00000000e8000000)
 concurrent mark-sweep generation total 393216K, used 0K [0x00000000e8000000, 0x0000000100000000, 0x0000000100000000)
 Metaspace       used 20742K, capacity 21084K, committed 21248K, reserved 1069056K
  class space    used 2404K, capacity 2518K, committed 2560K, reserved 1048576K
}
2016-12-07T08:10:14.950+0100: 2,334: Total time for which application threads were stopped: 0,0096632 seconds, Stopping threads took: 0,0000895 seconds
2016-12-07T08:10:15.005+0100: 2,390: Total time for which application threads were stopped: 0,0000755 seconds, Stopping threads took: 0,0000122 seconds
2016-12-07T08:10:15.037+0100: 2,421: Total time for which application threads were stopped: 0,0000766 seconds, Stopping threads took: 0,0000134 seconds
2016-12-07T08:10:15.037+0100: 2,422: Total time for which application threads were stopped: 0,0002482 seconds, Stopping threads took: 0,0000212 seconds
2016-12-07T08:10:15.061+0100: 2,445: Total time for which application threads were stopped: 0,0000699 seconds, Stopping threads took: 0,0000146 seconds
2016-12-07T08:10:15.132+0100: 2,516: Total time for which application threads were stopped: 0,0001264 seconds, Stopping threads took: 0,0000285 seconds
2016-12-07T08:10:15.151+0100: 2,536: Total time for which application threads were stopped: 0,0001401 seconds, Stopping threads took: 0,0000299 seconds
2016-12-07T08:10:15.159+0100: 2,544: Total time for which application threads were stopped: 0,0003441 seconds, Stopping threads took: 0,0000295 seconds
2016-12-07T08:10:15.167+0100: 2,552: Total time for which application threads were stopped: 0,0003938 seconds, Stopping threads took: 0,0000308 seconds
2016-12-07T08:10:15.177+0100: 2,561: Total time for which application threads were stopped: 0,0000960 seconds, Stopping threads took: 0,0000242 seconds
2016-12-07T08:10:15.214+0100: 2,598: Total time for which application threads were stopped: 0,0002018 seconds, Stopping threads took: 0,0001363 seconds
2016-12-07T08:10:15.238+0100: 2,623: Total time for which application threads were stopped: 0,0000923 seconds, Stopping threads took: 0,0000224 seconds
2016-12-07T08:10:15.256+0100: 2,641: Total time for which application threads were stopped: 0,0000708 seconds, Stopping threads took: 0,0000126 seconds
2016-12-07T08:10:15.275+0100: 2,659: Total time for which application threads were stopped: 0,0000739 seconds, Stopping threads took: 0,0000122 seconds
2016-12-07T08:10:15.322+0100: 2,706: Total time for which application threads were stopped: 0,0001031 seconds, Stopping threads took: 0,0000199 seconds
2016-12-07T08:10:15.373+0100: 2,757: Total time for which application threads were stopped: 0,0001045 seconds, Stopping threads took: 0,0000217 seconds
2016-12-07T08:10:15.397+0100: 2,782: Total time for which application threads were stopped: 0,0001263 seconds, Stopping threads took: 0,0000328 seconds
2016-12-07T08:10:15.429+0100: 2,813: Total time for which application threads were stopped: 0,0001264 seconds, Stopping threads took: 0,0000309 seconds
{Heap before GC invocations=2 (full 0):
 par new generation   total 109248K, used 98839K [0x00000000e0000000, 0x00000000e8000000, 0x00000000e8000000)
  eden space 87424K, 100% used [0x00000000e0000000, 0x00000000e5560000, 0x00000000e5560000)
  from space 21824K,  52% used [0x00000000e5560000, 0x00000000e6085ea0, 0x00000000e6ab0000)
  to   space 21824K,   0% used [0x00000000e6ab0000, 0x00000000e6ab0000, 0x00000000e8000000)
 concurrent mark-sweep generation total 393216K, used 0K [0x00000000e8000000, 0x0000000100000000, 0x0000000100000000)
 Metaspace       used 25150K, capacity 25509K, committed 25868K, reserved 1073152K
  class space    used 2925K, capacity 3057K, committed 3092K, reserved 1048576K
2016-12-07T08:10:15.432+0100: 2,817: [GC (Allocation Failure) 2016-12-07T08:10:15.432+0100: 2,817: [ParNew
Desired survivor size 20112992 bytes, new threshold 8 (max 8)
- age   1:    6941504 bytes,    6941504 total
- age   2:     514176 bytes,    7455680 total
- age   3:    6130400 bytes,   13586080 total
: 98839K->16783K(109248K), 0,0161550 secs] 98839K->16783K(502464K), 0,0162127 secs] [Times: user=0,05 sys=0,01, real=0,02 secs] 
Heap after GC invocations=3 (full 0):
 par new generation   total 109248K, used 16783K [0x00000000e0000000, 0x00000000e8000000, 0x00000000e8000000)
  eden space 87424K,   0% used [0x00000000e0000000, 0x00000000e0000000, 0x00000000e5560000)
  from space 21824K,  76% used [0x00000000e6ab0000, 0x00000000e7b13e70, 0x00000000e8000000)
  to   space 21824K,   0% used [0x00000000e5560000, 0x00000000e5560000, 0x00000000e6ab0000)
 concurrent mark-sweep generation total 393216K, used 0K [0x00000000e8000000, 0x0000000100000000, 0x0000000100000000)
 Metaspace       used 25150K, capacity 25509K, committed 25868K, reserved 1073152K
  class space    used 2925K, capacity 3057K, committed 3092K, reserved 1048576K
}
2016-12-07T08:10:15.448+0100: 2,833: Total time for which application threads were stopped: 0,0163993 seconds, Stopping threads took: 0,0000235 seconds
2016-12-07T08:10:15.448+0100: 2,833: [GC (CMS Initial Mark) [1 CMS-initial-mark: 0K(393216K)] 16783K(502464K), 0,0030851 secs] [Times: user=0,01 sys=0,00, real=0,00 secs] 
2016-12-07T08:10:15.452+0100: 2,836: Total time for which application threads were stopped: 0,0032502 seconds, Stopping threads took: 0,0000916 seconds
2016-12-07T08:10:15.452+0100: 2,836: [CMS-concurrent-mark-start]
2016-12-07T08:10:15.454+0100: 2,838: [CMS-concurrent-mark: 0,002/0,002 secs] [Times: user=0,01 sys=0,00, real=0,00 secs] 
2016-12-07T08:10:15.454+0100: 2,838: [CMS-concurrent-preclean-start]
2016-12-07T08:10:15.455+0100: 2,839: [CMS-concurrent-preclean: 0,001/0,001 secs] [Times: user=0,00 sys=0,00, real=0,00 secs] 
2016-12-07T08:10:15.455+0100: 2,840: [GC (CMS Final Remark) [YG occupancy: 18188 K (109248 K)]{Heap before GC invocations=3 (full 1):
 par new generation   total 109248K, used 18188K [0x00000000e0000000, 0x00000000e8000000, 0x00000000e8000000)
  eden space 87424K,   1% used [0x00000000e0000000, 0x00000000e015f4d8, 0x00000000e5560000)
  from space 21824K,  76% used [0x00000000e6ab0000, 0x00000000e7b13e70, 0x00000000e8000000)
  to   space 21824K,   0% used [0x00000000e5560000, 0x00000000e5560000, 0x00000000e6ab0000)
 concurrent mark-sweep generation total 393216K, used 0K [0x00000000e8000000, 0x0000000100000000, 0x0000000100000000)
 Metaspace       used 25179K, capacity 25517K, committed 25868K, reserved 1073152K
  class space    used 2928K, capacity 3059K, committed 3092K, reserved 1048576K
2016-12-07T08:10:15.455+0100: 2,840: [GC (CMS Final Remark) 2016-12-07T08:10:15.455+0100: 2,840: [ParNew
Desired survivor size 20112992 bytes, new threshold 8 (max 8)
- age   1:      22176 bytes,      22176 total
- age   2:    3175784 bytes,    3197960 total
- age   3:     514416 bytes,    3712376 total
- age   4:    6132608 bytes,    9844984 total
: 18188K->16862K(109248K), 0,0116945 secs] 18188K->16862K(502464K), 0,0117349 secs] [Times: user=0,04 sys=0,00, real=0,01 secs] 
Heap after GC invocations=4 (full 1):
 par new generation   total 109248K, used 16862K [0x00000000e0000000, 0x00000000e8000000, 0x00000000e8000000)
  eden space 87424K,   0% used [0x00000000e0000000, 0x00000000e0000000, 0x00000000e5560000)
  from space 21824K,  77% used [0x00000000e5560000, 0x00000000e65d7ae0, 0x00000000e6ab0000)
  to   space 21824K,   0% used [0x00000000e6ab0000, 0x00000000e6ab0000, 0x00000000e8000000)
 concurrent mark-sweep generation total 393216K, used 0K [0x00000000e8000000, 0x0000000100000000, 0x0000000100000000)
 Metaspace       used 25179K, capacity 25517K, committed 25868K, reserved 1073152K
  class space    used 2928K, capacity 3059K, committed 3092K, reserved 1048576K
}
2016-12-07T08:10:15.467+0100: 2,851: [Rescan (parallel) , 0,0039896 secs]2016-12-07T08:10:15.471+0100: 2,855: [weak refs processing, 0,0005305 secs]2016-12-07T08:10:15.471+0100: 2,856: [class unloading, 0,0030768 secs]2016-12-07T08:10:15.474+0100: 2,859: [scrub symbol table, 0,0033875 secs]2016-12-07T08:10:15.478+0100: 2,862: [scrub string table, 0,0004162 secs][1 CMS-remark: 0K(393216K)] 16862K(502464K), 0,0238737 secs] [Times: user=0,07 sys=0,00, real=0,03 secs] 
2016-12-07T08:10:15.479+0100: 2,863: Total time for which application threads were stopped: 0,0240895 seconds, Stopping threads took: 0,0001511 seconds
2016-12-07T08:10:15.479+0100: 2,864: [CMS-concurrent-sweep-start]
2016-12-07T08:10:15.479+0100: 2,864: [CMS-concurrent-sweep: 0,000/0,000 secs] [Times: user=0,00 sys=0,00, real=0,00 secs] 
2016-12-07T08:10:15.479+0100: 2,864: [CMS-concurrent-reset-start]
2016-12-07T08:10:15.482+0100: 2,866: [CMS-concurrent-reset: 0,003/0,003 secs] [Times: user=0,01 sys=0,00, real=0,00 secs] 
2016-12-07T08:10:16.479+0100: 3,864: Total time for which application threads were stopped: 0,0001004 seconds, Stopping threads took: 0,0000307 seconds
2016-12-07T08:10:16.668+0100: 4,053: Total time for which application threads were stopped: 0,0002811 seconds, Stopping threads took: 0,0000155 seconds
2016-12-07T08:10:44.254+0100: 32,056: Total time for which application threads were stopped: 0,0000533 seconds, Stopping threads took: 0,0000146 seconds
2016-12-07T08:12:54.270+0100: 162,071: Total time for which application threads were stopped: 0,0000665 seconds, Stopping threads took: 0,0000273 seconds
2016-12-07T08:12:59.270+0100: 167,072: Total time for which application threads were stopped: 0,0000796 seconds, Stopping threads took: 0,0000329 seconds
2016-12-07T08:13:13.273+0100: 181,074: Total time for which application threads were stopped: 0,0003198 seconds, Stopping threads took: 0,0000977 seconds
2016-12-07T08:14:09.278+0100: 237,080: Total time for which application threads were stopped: 0,0000681 seconds, Stopping threads took: 0,0000262 seconds
2016-12-07T08:14:33.281+0100: 261,082: Total time for which application threads were stopped: 0,0000824 seconds, Stopping threads took: 0,0000372 seconds
2016-12-07T08:14:43.282+0100: 271,083: Total time for which application threads were stopped: 0,0000868 seconds, Stopping threads took: 0,0000235 seconds
2016-12-07T08:14:58.284+0100: 286,085: Total time for which application threads were stopped: 0,0003728 seconds, Stopping threads took: 0,0001880 seconds
2016-12-07T08:14:59.284+0100: 287,085: Total time for which application threads were stopped: 0,0000699 seconds, Stopping threads took: 0,0000183 seconds
2016-12-07T08:15:34.288+0100: 322,089: Total time for which application threads were stopped: 0,0000763 seconds, Stopping threads took: 0,0000282 seconds
2016-12-07T08:33:53.439+0100: 1421,241: Total time for which application threads were stopped: 0,0000816 seconds, Stopping threads took: 0,0000279 seconds
2016-12-07T08:39:08.481+0100: 1736,282: Total time for which application threads were stopped: 0,0000704 seconds, Stopping threads took: 0,0000282 seconds
2016-12-07T08:48:53.563+0100: 2321,365: Total time for which application threads were stopped: 0,0000838 seconds, Stopping threads took: 0,0000352 seconds
2016-12-07T08:48:54.563+0100: 2322,365: Total time for which application threads were stopped: 0,0001183 seconds, Stopping threads took: 0,0000282 seconds
2016-12-07T08:51:29.590+0100: 2477,391: Total time for which application threads were stopped: 0,0000918 seconds, Stopping threads took: 0,0000383 seconds
2016-12-07T09:03:29.714+0100: 3197,516: Total time for which application threads were stopped: 0,0001665 seconds, Stopping threads took: 0,0000680 seconds
2016-12-07T09:13:48.818+0100: 3816,620: Total time for which application threads were stopped: 0,0001527 seconds, Stopping threads took: 0,0000637 seconds
2016-12-07T09:13:53.819+0100: 3821,621: Total time for which application threads were stopped: 0,0000845 seconds, Stopping threads took: 0,0000326 seconds
2016-12-07T09:17:13.850+0100: 4021,652: Total time for which application threads were stopped: 0,0000804 seconds, Stopping threads took: 0,0000340 seconds
2016-12-07T09:21:45.226+0100: 4293,028: Total time for which application threads were stopped: 0,0001268 seconds, Stopping threads took: 0,0000291 seconds
Heap
 par new generation   total 109248K, used 60753K [0x00000000e0000000, 0x00000000e8000000, 0x00000000e8000000)
  eden space 87424K,  50% used [0x00000000e0000000, 0x00000000e2adca80, 0x00000000e5560000)
  from space 21824K,  77% used [0x00000000e5560000, 0x00000000e65d7ae0, 0x00000000e6ab0000)
  to   space 21824K,   0% used [0x00000000e6ab0000, 0x00000000e6ab0000, 0x00000000e8000000)
 concurrent mark-sweep generation total 393216K, used 0K [0x00000000e8000000, 0x0000000100000000, 0x0000000100000000)
 Metaspace       used 27178K, capacity 27595K, committed 27916K, reserved 1073152K
  class space    used 3161K, capacity 3320K, committed 3348K, reserved 1048576K
