OpenJDK 64-Bit Server VM (25.121-b13) for linux-amd64 JRE (1.8.0_121-8u121-b13-0ubuntu1.16.04.2-b13), built on Jan 23 2017 15:51:29 by "buildd" with gcc 5.4.0 20160609
Memory: 4k page, physical 7867800k(7503208k free), swap 8076284k(8076284k free)
CommandLine flags: -XX:CMSInitiatingOccupancyFraction=50 -XX:CMSMaxAbortablePrecleanTime=6000 -XX:+CMSParallelRemarkEnabled -XX:+CMSScavengeBeforeRemark -XX:ConcGCThreads=4 -XX:InitialHeapSize=536870912 -XX:MaxHeapSize=536870912 -XX:MaxTenuringThreshold=8 -XX:NewRatio=3 -XX:OldPLABSize=16 -XX:OnOutOfMemoryError=/opt/solr/bin/oom_solr.sh 8983 /var/solr/logs -XX:ParallelGCThreads=4 -XX:+ParallelRefProcEnabled -XX:PretenureSizeThreshold=67108864 -XX:+PrintGC -XX:+PrintGCApplicationStoppedTime -XX:+PrintGCDateStamps -XX:+PrintGCDetails -XX:+PrintGCTimeStamps -XX:+PrintHeapAtGC -XX:+PrintTenuringDistribution -XX:SurvivorRatio=4 -XX:TargetSurvivorRatio=90 -XX:ThreadStackSize=256 -XX:+UseCMSInitiatingOccupancyOnly -XX:+UseCompressedClassPointers -XX:+UseCompressedOops -XX:+UseConcMarkSweepGC -XX:+UseParNewGC 
2017-02-18T09:44:08.489+0100: 0,132: Total time for which application threads were stopped: 0,0000945 seconds, Stopping threads took: 0,0000159 seconds
2017-02-18T09:44:08.579+0100: 0,222: Total time for which application threads were stopped: 0,0001257 seconds, Stopping threads took: 0,0000222 seconds
2017-02-18T09:44:08.606+0100: 0,249: Total time for which application threads were stopped: 0,0009637 seconds, Stopping threads took: 0,0008626 seconds
2017-02-18T09:44:08.861+0100: 0,504: Total time for which application threads were stopped: 0,0001512 seconds, Stopping threads took: 0,0000199 seconds
2017-02-18T09:44:09.291+0100: 0,934: Total time for which application threads were stopped: 0,0001977 seconds, Stopping threads took: 0,0000258 seconds
2017-02-18T09:44:09.381+0100: 1,023: Total time for which application threads were stopped: 0,0007966 seconds, Stopping threads took: 0,0001335 seconds
2017-02-18T09:44:09.401+0100: 1,044: Total time for which application threads were stopped: 0,0010543 seconds, Stopping threads took: 0,0002160 seconds
2017-02-18T09:44:09.647+0100: 1,290: Total time for which application threads were stopped: 0,0001653 seconds, Stopping threads took: 0,0000173 seconds
2017-02-18T09:44:09.852+0100: 1,495: Total time for which application threads were stopped: 0,0001847 seconds, Stopping threads took: 0,0000114 seconds
2017-02-18T09:44:09.874+0100: 1,517: Total time for which application threads were stopped: 0,0002651 seconds, Stopping threads took: 0,0000329 seconds
2017-02-18T09:44:09.913+0100: 1,556: Total time for which application threads were stopped: 0,0008697 seconds, Stopping threads took: 0,0001281 seconds
2017-02-18T09:44:09.914+0100: 1,557: Total time for which application threads were stopped: 0,0001667 seconds, Stopping threads took: 0,0000184 seconds
2017-02-18T09:44:09.931+0100: 1,573: Total time for which application threads were stopped: 0,0002083 seconds, Stopping threads took: 0,0000289 seconds
2017-02-18T09:44:10.035+0100: 1,678: Total time for which application threads were stopped: 0,0002320 seconds, Stopping threads took: 0,0000227 seconds
2017-02-18T09:44:10.200+0100: 1,843: Total time for which application threads were stopped: 0,0002918 seconds, Stopping threads took: 0,0000505 seconds
{Heap before GC invocations=0 (full 0):
 par new generation   total 109248K, used 87424K [0x00000000e0000000, 0x00000000e8000000, 0x00000000e8000000)
  eden space 87424K, 100% used [0x00000000e0000000, 0x00000000e5560000, 0x00000000e5560000)
  from space 21824K,   0% used [0x00000000e5560000, 0x00000000e5560000, 0x00000000e6ab0000)
  to   space 21824K,   0% used [0x00000000e6ab0000, 0x00000000e6ab0000, 0x00000000e8000000)
 concurrent mark-sweep generation total 393216K, used 0K [0x00000000e8000000, 0x0000000100000000, 0x0000000100000000)
 Metaspace       used 17977K, capacity 18336K, committed 18688K, reserved 1064960K
  class space    used 2035K, capacity 2196K, committed 2304K, reserved 1048576K
2017-02-18T09:44:10.280+0100: 1,923: [GC (Allocation Failure) 2017-02-18T09:44:10.280+0100: 1,923: [ParNew
Desired survivor size 20112992 bytes, new threshold 8 (max 8)
- age   1:   12570592 bytes,   12570592 total
: 87424K->12398K(109248K), 0,0153947 secs] 87424K->12398K(502464K), 0,0154653 secs] [Times: user=0,05 sys=0,00, real=0,02 secs] 
Heap after GC invocations=1 (full 0):
 par new generation   total 109248K, used 12398K [0x00000000e0000000, 0x00000000e8000000, 0x00000000e8000000)
  eden space 87424K,   0% used [0x00000000e0000000, 0x00000000e0000000, 0x00000000e5560000)
  from space 21824K,  56% used [0x00000000e6ab0000, 0x00000000e76cb890, 0x00000000e8000000)
  to   space 21824K,   0% used [0x00000000e5560000, 0x00000000e5560000, 0x00000000e6ab0000)
 concurrent mark-sweep generation total 393216K, used 0K [0x00000000e8000000, 0x0000000100000000, 0x0000000100000000)
 Metaspace       used 17977K, capacity 18336K, committed 18688K, reserved 1064960K
  class space    used 2035K, capacity 2196K, committed 2304K, reserved 1048576K
}
2017-02-18T09:44:10.296+0100: 1,938: Total time for which application threads were stopped: 0,0161325 seconds, Stopping threads took: 0,0005019 seconds
2017-02-18T09:44:10.601+0100: 2,244: Total time for which application threads were stopped: 0,0003197 seconds, Stopping threads took: 0,0000364 seconds
{Heap before GC invocations=1 (full 0):
 par new generation   total 109248K, used 99822K [0x00000000e0000000, 0x00000000e8000000, 0x00000000e8000000)
  eden space 87424K, 100% used [0x00000000e0000000, 0x00000000e5560000, 0x00000000e5560000)
  from space 21824K,  56% used [0x00000000e6ab0000, 0x00000000e76cb890, 0x00000000e8000000)
  to   space 21824K,   0% used [0x00000000e5560000, 0x00000000e5560000, 0x00000000e6ab0000)
 concurrent mark-sweep generation total 393216K, used 0K [0x00000000e8000000, 0x0000000100000000, 0x0000000100000000)
 Metaspace       used 20013K, capacity 20364K, committed 20736K, reserved 1067008K
  class space    used 2293K, capacity 2468K, committed 2560K, reserved 1048576K
2017-02-18T09:44:10.642+0100: 2,285: [GC (Allocation Failure) 2017-02-18T09:44:10.642+0100: 2,285: [ParNew
Desired survivor size 20112992 bytes, new threshold 8 (max 8)
- age   1:    3553752 bytes,    3553752 total
- age   2:    6639888 bytes,   10193640 total
: 99822K->13730K(109248K), 0,0156564 secs] 99822K->13730K(502464K), 0,0157267 secs] [Times: user=0,05 sys=0,00, real=0,02 secs] 
Heap after GC invocations=2 (full 0):
 par new generation   total 109248K, used 13730K [0x00000000e0000000, 0x00000000e8000000, 0x00000000e8000000)
  eden space 87424K,   0% used [0x00000000e0000000, 0x00000000e0000000, 0x00000000e5560000)
  from space 21824K,  62% used [0x00000000e5560000, 0x00000000e62c8920, 0x00000000e6ab0000)
  to   space 21824K,   0% used [0x00000000e6ab0000, 0x00000000e6ab0000, 0x00000000e8000000)
 concurrent mark-sweep generation total 393216K, used 0K [0x00000000e8000000, 0x0000000100000000, 0x0000000100000000)
 Metaspace       used 20013K, capacity 20364K, committed 20736K, reserved 1067008K
  class space    used 2293K, capacity 2468K, committed 2560K, reserved 1048576K
}
2017-02-18T09:44:10.658+0100: 2,301: Total time for which application threads were stopped: 0,0163224 seconds, Stopping threads took: 0,0004569 seconds
2017-02-18T09:44:10.663+0100: 2,306: Total time for which application threads were stopped: 0,0003114 seconds, Stopping threads took: 0,0000353 seconds
2017-02-18T09:44:10.697+0100: 2,339: Total time for which application threads were stopped: 0,0008028 seconds, Stopping threads took: 0,0005361 seconds
2017-02-18T09:44:10.848+0100: 2,490: Total time for which application threads were stopped: 0,0002367 seconds, Stopping threads took: 0,0000553 seconds
{Heap before GC invocations=2 (full 0):
 par new generation   total 109248K, used 101154K [0x00000000e0000000, 0x00000000e8000000, 0x00000000e8000000)
  eden space 87424K, 100% used [0x00000000e0000000, 0x00000000e5560000, 0x00000000e5560000)
  from space 21824K,  62% used [0x00000000e5560000, 0x00000000e62c8920, 0x00000000e6ab0000)
  to   space 21824K,   0% used [0x00000000e6ab0000, 0x00000000e6ab0000, 0x00000000e8000000)
 concurrent mark-sweep generation total 393216K, used 0K [0x00000000e8000000, 0x0000000100000000, 0x0000000100000000)
 Metaspace       used 20941K, capacity 21286K, committed 21552K, reserved 1069056K
  class space    used 2417K, capacity 2587K, committed 2608K, reserved 1048576K
2017-02-18T09:44:10.868+0100: 2,510: [GC (Allocation Failure) 2017-02-18T09:44:10.868+0100: 2,510: [ParNew
Desired survivor size 20112992 bytes, new threshold 8 (max 8)
- age   1:    2180656 bytes,    2180656 total
- age   2:     871800 bytes,    3052456 total
- age   3:    6637816 bytes,    9690272 total
: 101154K->12812K(109248K), 0,0156608 secs] 101154K->12812K(502464K), 0,0157377 secs] [Times: user=0,05 sys=0,00, real=0,01 secs] 
Heap after GC invocations=3 (full 0):
 par new generation   total 109248K, used 12812K [0x00000000e0000000, 0x00000000e8000000, 0x00000000e8000000)
  eden space 87424K,   0% used [0x00000000e0000000, 0x00000000e0000000, 0x00000000e5560000)
  from space 21824K,  58% used [0x00000000e6ab0000, 0x00000000e7733280, 0x00000000e8000000)
  to   space 21824K,   0% used [0x00000000e5560000, 0x00000000e5560000, 0x00000000e6ab0000)
 concurrent mark-sweep generation total 393216K, used 0K [0x00000000e8000000, 0x0000000100000000, 0x0000000100000000)
 Metaspace       used 20941K, capacity 21286K, committed 21552K, reserved 1069056K
  class space    used 2417K, capacity 2587K, committed 2608K, reserved 1048576K
}
2017-02-18T09:44:10.883+0100: 2,526: Total time for which application threads were stopped: 0,0159249 seconds, Stopping threads took: 0,0000523 seconds
2017-02-18T09:44:10.884+0100: 2,526: [GC (CMS Initial Mark) [1 CMS-initial-mark: 0K(393216K)] 12860K(502464K), 0,0037250 secs] [Times: user=0,02 sys=0,00, real=0,01 secs] 
2017-02-18T09:44:10.887+0100: 2,530: Total time for which application threads were stopped: 0,0038614 seconds, Stopping threads took: 0,0000569 seconds
2017-02-18T09:44:10.887+0100: 2,530: [CMS-concurrent-mark-start]
2017-02-18T09:44:10.888+0100: 2,531: [CMS-concurrent-mark: 0,000/0,000 secs] [Times: user=0,00 sys=0,00, real=0,00 secs] 
2017-02-18T09:44:10.888+0100: 2,531: [CMS-concurrent-preclean-start]
2017-02-18T09:44:10.889+0100: 2,532: [CMS-concurrent-preclean: 0,001/0,001 secs] [Times: user=0,00 sys=0,00, real=0,00 secs] 
2017-02-18T09:44:10.889+0100: 2,532: [GC (CMS Final Remark) [YG occupancy: 12860 K (109248 K)]{Heap before GC invocations=3 (full 1):
 par new generation   total 109248K, used 12860K [0x00000000e0000000, 0x00000000e8000000, 0x00000000e8000000)
  eden space 87424K,   0% used [0x00000000e0000000, 0x00000000e000c020, 0x00000000e5560000)
  from space 21824K,  58% used [0x00000000e6ab0000, 0x00000000e7733280, 0x00000000e8000000)
  to   space 21824K,   0% used [0x00000000e5560000, 0x00000000e5560000, 0x00000000e6ab0000)
 concurrent mark-sweep generation total 393216K, used 0K [0x00000000e8000000, 0x0000000100000000, 0x0000000100000000)
 Metaspace       used 20941K, capacity 21286K, committed 21552K, reserved 1069056K
  class space    used 2417K, capacity 2587K, committed 2608K, reserved 1048576K
2017-02-18T09:44:10.889+0100: 2,532: [GC (CMS Final Remark) 2017-02-18T09:44:10.889+0100: 2,532: [ParNew
Desired survivor size 20112992 bytes, new threshold 8 (max 8)
- age   1:      49184 bytes,      49184 total
- age   2:    2098656 bytes,    2147840 total
- age   3:     871800 bytes,    3019640 total
- age   4:    6637816 bytes,    9657456 total
: 12860K->12430K(109248K), 0,0123732 secs] 12860K->12430K(502464K), 0,0124163 secs] [Times: user=0,05 sys=0,00, real=0,01 secs] 
Heap after GC invocations=4 (full 1):
 par new generation   total 109248K, used 12430K [0x00000000e0000000, 0x00000000e8000000, 0x00000000e8000000)
  eden space 87424K,   0% used [0x00000000e0000000, 0x00000000e0000000, 0x00000000e5560000)
  from space 21824K,  56% used [0x00000000e5560000, 0x00000000e6183b20, 0x00000000e6ab0000)
  to   space 21824K,   0% used [0x00000000e6ab0000, 0x00000000e6ab0000, 0x00000000e8000000)
 concurrent mark-sweep generation total 393216K, used 0K [0x00000000e8000000, 0x0000000100000000, 0x0000000100000000)
 Metaspace       used 20941K, capacity 21286K, committed 21552K, reserved 1069056K
  class space    used 2417K, capacity 2587K, committed 2608K, reserved 1048576K
}
2017-02-18T09:44:10.902+0100: 2,544: [Rescan (parallel) , 0,0049850 secs]2017-02-18T09:44:10.907+0100: 2,549: [weak refs processing, 0,0018712 secs]2017-02-18T09:44:10.908+0100: 2,551: [class unloading, 0,0037363 secs]2017-02-18T09:44:10.912+0100: 2,555: [scrub symbol table, 0,0036422 secs]2017-02-18T09:44:10.916+0100: 2,559: [scrub string table, 0,0004661 secs][1 CMS-remark: 0K(393216K)] 12430K(502464K), 0,0279462 secs] [Times: user=0,09 sys=0,00, real=0,03 secs] 
2017-02-18T09:44:10.917+0100: 2,560: Total time for which application threads were stopped: 0,0280621 seconds, Stopping threads took: 0,0000195 seconds
2017-02-18T09:44:10.918+0100: 2,561: [CMS-concurrent-sweep-start]
2017-02-18T09:44:10.918+0100: 2,561: [CMS-concurrent-sweep: 0,000/0,000 secs] [Times: user=0,00 sys=0,00, real=0,00 secs] 
2017-02-18T09:44:10.918+0100: 2,561: [CMS-concurrent-reset-start]
2017-02-18T09:44:10.921+0100: 2,564: [CMS-concurrent-reset: 0,003/0,003 secs] [Times: user=0,02 sys=0,00, real=0,00 secs] 
{Heap before GC invocations=4 (full 1):
 par new generation   total 109248K, used 99854K [0x00000000e0000000, 0x00000000e8000000, 0x00000000e8000000)
  eden space 87424K, 100% used [0x00000000e0000000, 0x00000000e5560000, 0x00000000e5560000)
  from space 21824K,  56% used [0x00000000e5560000, 0x00000000e6183b20, 0x00000000e6ab0000)
  to   space 21824K,   0% used [0x00000000e6ab0000, 0x00000000e6ab0000, 0x00000000e8000000)
 concurrent mark-sweep generation total 393216K, used 0K [0x00000000e8000000, 0x0000000100000000, 0x0000000100000000)
 Metaspace       used 21180K, capacity 21562K, committed 21808K, reserved 1069056K
  class space    used 2446K, capacity 2602K, committed 2608K, reserved 1048576K
2017-02-18T09:44:11.013+0100: 2,656: [GC (Allocation Failure) 2017-02-18T09:44:11.013+0100: 2,656: [ParNew
Desired survivor size 20112992 bytes, new threshold 8 (max 8)
- age   1:     528816 bytes,     528816 total
- age   3:    1451792 bytes,    1980608 total
- age   4:     857912 bytes,    2838520 total
- age   5:    6638016 bytes,    9476536 total
: 99854K->10754K(109248K), 0,0111095 secs] 99854K->10754K(502464K), 0,0111790 secs] [Times: user=0,04 sys=0,00, real=0,01 secs] 
Heap after GC invocations=5 (full 1):
 par new generation   total 109248K, used 10754K [0x00000000e0000000, 0x00000000e8000000, 0x00000000e8000000)
  eden space 87424K,   0% used [0x00000000e0000000, 0x00000000e0000000, 0x00000000e5560000)
  from space 21824K,  49% used [0x00000000e6ab0000, 0x00000000e75309c0, 0x00000000e8000000)
  to   space 21824K,   0% used [0x00000000e5560000, 0x00000000e5560000, 0x00000000e6ab0000)
 concurrent mark-sweep generation total 393216K, used 0K [0x00000000e8000000, 0x0000000100000000, 0x0000000100000000)
 Metaspace       used 21180K, capacity 21562K, committed 21808K, reserved 1069056K
  class space    used 2446K, capacity 2602K, committed 2608K, reserved 1048576K
}
2017-02-18T09:44:11.024+0100: 2,667: Total time for which application threads were stopped: 0,0114334 seconds, Stopping threads took: 0,0001016 seconds
{Heap before GC invocations=5 (full 1):
 par new generation   total 109248K, used 98178K [0x00000000e0000000, 0x00000000e8000000, 0x00000000e8000000)
  eden space 87424K, 100% used [0x00000000e0000000, 0x00000000e5560000, 0x00000000e5560000)
  from space 21824K,  49% used [0x00000000e6ab0000, 0x00000000e75309c0, 0x00000000e8000000)
  to   space 21824K,   0% used [0x00000000e5560000, 0x00000000e5560000, 0x00000000e6ab0000)
 concurrent mark-sweep generation total 393216K, used 0K [0x00000000e8000000, 0x0000000100000000, 0x0000000100000000)
 Metaspace       used 21341K, capacity 21722K, committed 21936K, reserved 1069056K
  class space    used 2465K, capacity 2634K, committed 2736K, reserved 1048576K
2017-02-18T09:44:11.114+0100: 2,757: [GC (Allocation Failure) 2017-02-18T09:44:11.114+0100: 2,757: [ParNew
Desired survivor size 20112992 bytes, new threshold 8 (max 8)
- age   1:     794664 bytes,     794664 total
- age   2:     181536 bytes,     976200 total
- age   4:    1451408 bytes,    2427608 total
- age   5:     855960 bytes,    3283568 total
- age   6:    6638056 bytes,    9921624 total
: 98178K->16271K(109248K), 0,0102166 secs] 98178K->16271K(502464K), 0,0102921 secs] [Times: user=0,03 sys=0,00, real=0,00 secs] 
Heap after GC invocations=6 (full 1):
 par new generation   total 109248K, used 16271K [0x00000000e0000000, 0x00000000e8000000, 0x00000000e8000000)
  eden space 87424K,   0% used [0x00000000e0000000, 0x00000000e0000000, 0x00000000e5560000)
  from space 21824K,  74% used [0x00000000e5560000, 0x00000000e6543d00, 0x00000000e6ab0000)
  to   space 21824K,   0% used [0x00000000e6ab0000, 0x00000000e6ab0000, 0x00000000e8000000)
 concurrent mark-sweep generation total 393216K, used 0K [0x00000000e8000000, 0x0000000100000000, 0x0000000100000000)
 Metaspace       used 21341K, capacity 21722K, committed 21936K, reserved 1069056K
  class space    used 2465K, capacity 2634K, committed 2736K, reserved 1048576K
}
2017-02-18T09:44:11.125+0100: 2,767: Total time for which application threads were stopped: 0,0104805 seconds, Stopping threads took: 0,0000585 seconds
2017-02-18T09:44:11.164+0100: 2,807: Total time for which application threads were stopped: 0,0003200 seconds, Stopping threads took: 0,0000198 seconds
2017-02-18T09:44:11.345+0100: 2,988: Total time for which application threads were stopped: 0,0010353 seconds, Stopping threads took: 0,0006258 seconds
2017-02-18T09:44:11.362+0100: 3,005: Total time for which application threads were stopped: 0,0004093 seconds, Stopping threads took: 0,0000259 seconds
{Heap before GC invocations=6 (full 1):
 par new generation   total 109248K, used 103695K [0x00000000e0000000, 0x00000000e8000000, 0x00000000e8000000)
  eden space 87424K, 100% used [0x00000000e0000000, 0x00000000e5560000, 0x00000000e5560000)
  from space 21824K,  74% used [0x00000000e5560000, 0x00000000e6543d00, 0x00000000e6ab0000)
  to   space 21824K,   0% used [0x00000000e6ab0000, 0x00000000e6ab0000, 0x00000000e8000000)
 concurrent mark-sweep generation total 393216K, used 0K [0x00000000e8000000, 0x0000000100000000, 0x0000000100000000)
 Metaspace       used 24403K, capacity 24882K, committed 25136K, reserved 1071104K
  class space    used 2862K, capacity 3044K, committed 3120K, reserved 1048576K
2017-02-18T09:44:11.552+0100: 3,195: [GC (Allocation Failure) 2017-02-18T09:44:11.552+0100: 3,195: [ParNew
Desired survivor size 20112992 bytes, new threshold 8 (max 8)
- age   1:    5113184 bytes,    5113184 total
- age   2:     111648 bytes,    5224832 total
- age   3:     180152 bytes,    5404984 total
- age   5:     281336 bytes,    5686320 total
- age   6:     831664 bytes,    6517984 total
- age   7:    6630480 bytes,   13148464 total
: 103695K->15596K(109248K), 0,0134487 secs] 103695K->15596K(502464K), 0,0135326 secs] [Times: user=0,04 sys=0,00, real=0,01 secs] 
Heap after GC invocations=7 (full 1):
 par new generation   total 109248K, used 15596K [0x00000000e0000000, 0x00000000e8000000, 0x00000000e8000000)
  eden space 87424K,   0% used [0x00000000e0000000, 0x00000000e0000000, 0x00000000e5560000)
  from space 21824K,  71% used [0x00000000e6ab0000, 0x00000000e79eb1c0, 0x00000000e8000000)
  to   space 21824K,   0% used [0x00000000e5560000, 0x00000000e5560000, 0x00000000e6ab0000)
 concurrent mark-sweep generation total 393216K, used 0K [0x00000000e8000000, 0x0000000100000000, 0x0000000100000000)
 Metaspace       used 24403K, capacity 24882K, committed 25136K, reserved 1071104K
  class space    used 2862K, capacity 3044K, committed 3120K, reserved 1048576K
}
2017-02-18T09:44:11.565+0100: 3,208: Total time for which application threads were stopped: 0,0140686 seconds, Stopping threads took: 0,0003026 seconds
{Heap before GC invocations=7 (full 1):
 par new generation   total 109248K, used 103020K [0x00000000e0000000, 0x00000000e8000000, 0x00000000e8000000)
  eden space 87424K, 100% used [0x00000000e0000000, 0x00000000e5560000, 0x00000000e5560000)
  from space 21824K,  71% used [0x00000000e6ab0000, 0x00000000e79eb1c0, 0x00000000e8000000)
  to   space 21824K,   0% used [0x00000000e5560000, 0x00000000e5560000, 0x00000000e6ab0000)
 concurrent mark-sweep generation total 393216K, used 0K [0x00000000e8000000, 0x0000000100000000, 0x0000000100000000)
 Metaspace       used 24958K, capacity 25384K, committed 25648K, reserved 1071104K
  class space    used 2909K, capacity 3080K, committed 3120K, reserved 1048576K
2017-02-18T09:44:11.717+0100: 3,359: [GC (Allocation Failure) 2017-02-18T09:44:11.717+0100: 3,359: [ParNew
Desired survivor size 20112992 bytes, new threshold 8 (max 8)
- age   1:    1100320 bytes,    1100320 total
- age   2:    1975720 bytes,    3076040 total
- age   3:      78568 bytes,    3154608 total
- age   4:     138128 bytes,    3292736 total
- age   6:     234576 bytes,    3527312 total
- age   7:     804224 bytes,    4331536 total
- age   8:    6362480 bytes,   10694016 total
: 103020K->16116K(109248K), 0,0126945 secs] 103020K->16116K(502464K), 0,0127894 secs] [Times: user=0,04 sys=0,00, real=0,01 secs] 
Heap after GC invocations=8 (full 1):
 par new generation   total 109248K, used 16116K [0x00000000e0000000, 0x00000000e8000000, 0x00000000e8000000)
  eden space 87424K,   0% used [0x00000000e0000000, 0x00000000e0000000, 0x00000000e5560000)
  from space 21824K,  73% used [0x00000000e5560000, 0x00000000e651d180, 0x00000000e6ab0000)
  to   space 21824K,   0% used [0x00000000e6ab0000, 0x00000000e6ab0000, 0x00000000e8000000)
 concurrent mark-sweep generation total 393216K, used 0K [0x00000000e8000000, 0x0000000100000000, 0x0000000100000000)
 Metaspace       used 24958K, capacity 25384K, committed 25648K, reserved 1071104K
  class space    used 2909K, capacity 3080K, committed 3120K, reserved 1048576K
}
2017-02-18T09:44:11.730+0100: 3,372: Total time for which application threads were stopped: 0,0130411 seconds, Stopping threads took: 0,0000682 seconds
2017-02-18T09:44:11.926+0100: 3,569: Total time for which application threads were stopped: 0,0005526 seconds, Stopping threads took: 0,0000382 seconds
2017-02-18T09:44:11.943+0100: 3,586: Total time for which application threads were stopped: 0,0004484 seconds, Stopping threads took: 0,0000323 seconds
2017-02-18T09:44:12.034+0100: 3,677: Total time for which application threads were stopped: 0,0006666 seconds, Stopping threads took: 0,0000948 seconds
2017-02-18T09:44:12.149+0100: 3,792: Total time for which application threads were stopped: 0,0004925 seconds, Stopping threads took: 0,0000350 seconds
2017-02-18T09:44:12.403+0100: 4,045: Total time for which application threads were stopped: 0,0007330 seconds, Stopping threads took: 0,0000514 seconds
2017-02-18T09:44:40.406+0100: 32,049: Total time for which application threads were stopped: 0,0000835 seconds, Stopping threads took: 0,0000216 seconds
2017-02-18T09:45:00.409+0100: 52,051: Total time for which application threads were stopped: 0,0001054 seconds, Stopping threads took: 0,0000417 seconds
2017-02-18T09:46:05.416+0100: 117,059: Total time for which application threads were stopped: 0,0000856 seconds, Stopping threads took: 0,0000325 seconds
2017-02-18T09:46:10.417+0100: 122,060: Total time for which application threads were stopped: 0,0000687 seconds, Stopping threads took: 0,0000156 seconds
2017-02-18T09:48:30.434+0100: 262,077: Total time for which application threads were stopped: 0,0001059 seconds, Stopping threads took: 0,0000346 seconds
2017-02-18T10:07:34.553+0100: 1406,195: Total time for which application threads were stopped: 0,0001062 seconds, Stopping threads took: 0,0000339 seconds
2017-02-18T10:12:29.582+0100: 1701,225: Total time for which application threads were stopped: 0,0001162 seconds, Stopping threads took: 0,0000324 seconds
2017-02-18T10:22:19.640+0100: 2291,282: Total time for which application threads were stopped: 0,0000908 seconds, Stopping threads took: 0,0000316 seconds
2017-02-18T10:22:24.640+0100: 2296,283: Total time for which application threads were stopped: 0,0000800 seconds, Stopping threads took: 0,0000174 seconds
2017-02-18T10:22:29.641+0100: 2301,284: Total time for which application threads were stopped: 0,0000964 seconds, Stopping threads took: 0,0000321 seconds
2017-02-18T10:22:30.641+0100: 2302,284: Total time for which application threads were stopped: 0,0000777 seconds, Stopping threads took: 0,0000157 seconds
2017-02-18T10:24:24.652+0100: 2416,295: Total time for which application threads were stopped: 0,0000919 seconds, Stopping threads took: 0,0000332 seconds
2017-02-18T10:26:40.667+0100: 2552,310: Total time for which application threads were stopped: 0,0000975 seconds, Stopping threads took: 0,0000323 seconds
2017-02-18T10:35:09.726+0100: 3061,368: Total time for which application threads were stopped: 0,0000848 seconds, Stopping threads took: 0,0000296 seconds
2017-02-18T10:37:20.746+0100: 3192,388: Total time for which application threads were stopped: 0,0001711 seconds, Stopping threads took: 0,0000564 seconds
2017-02-18T10:37:25.747+0100: 3197,389: Total time for which application threads were stopped: 0,0000945 seconds, Stopping threads took: 0,0000324 seconds
2017-02-18T10:38:09.753+0100: 3241,396: Total time for which application threads were stopped: 0,0001231 seconds, Stopping threads took: 0,0000325 seconds
2017-02-18T10:42:09.791+0100: 3481,434: Total time for which application threads were stopped: 0,0001945 seconds, Stopping threads took: 0,0000635 seconds
2017-02-18T10:43:29.804+0100: 3561,447: Total time for which application threads were stopped: 0,0001521 seconds, Stopping threads took: 0,0000478 seconds
2017-02-18T10:45:09.818+0100: 3661,461: Total time for which application threads were stopped: 0,0001081 seconds, Stopping threads took: 0,0000392 seconds
2017-02-18T10:45:59.826+0100: 3711,469: Total time for which application threads were stopped: 0,0000938 seconds, Stopping threads took: 0,0000330 seconds
2017-02-18T10:46:09.828+0100: 3721,471: Total time for which application threads were stopped: 0,0000958 seconds, Stopping threads took: 0,0000161 seconds
2017-02-18T10:48:14.848+0100: 3846,491: Total time for which application threads were stopped: 0,0002095 seconds, Stopping threads took: 0,0000733 seconds
2017-02-18T10:50:39.871+0100: 3991,514: Total time for which application threads were stopped: 0,0000963 seconds, Stopping threads took: 0,0000365 seconds
2017-02-18T11:09:50.995+0100: 5142,637: Total time for which application threads were stopped: 0,0003957 seconds, Stopping threads took: 0,0001582 seconds
2017-02-18T11:09:55.995+0100: 5147,638: Total time for which application threads were stopped: 0,0000945 seconds, Stopping threads took: 0,0000327 seconds
2017-02-18T11:28:31.110+0100: 6262,753: Total time for which application threads were stopped: 0,0001199 seconds, Stopping threads took: 0,0000357 seconds
{Heap before GC invocations=8 (full 1):
 par new generation   total 109248K, used 103540K [0x00000000e0000000, 0x00000000e8000000, 0x00000000e8000000)
  eden space 87424K, 100% used [0x00000000e0000000, 0x00000000e5560000, 0x00000000e5560000)
  from space 21824K,  73% used [0x00000000e5560000, 0x00000000e651d180, 0x00000000e6ab0000)
  to   space 21824K,   0% used [0x00000000e6ab0000, 0x00000000e6ab0000, 0x00000000e8000000)
 concurrent mark-sweep generation total 393216K, used 0K [0x00000000e8000000, 0x0000000100000000, 0x0000000100000000)
 Metaspace       used 28061K, capacity 28582K, committed 28848K, reserved 1075200K
  class space    used 3225K, capacity 3395K, committed 3504K, reserved 1048576K
2017-02-18T11:31:10.403+0100: 6422,046: [GC (Allocation Failure) 2017-02-18T11:31:10.403+0100: 6422,046: [ParNew
Desired survivor size 20112992 bytes, new threshold 8 (max 8)
- age   1:   12714728 bytes,   12714728 total
- age   2:     322760 bytes,   13037488 total
- age   3:    1818528 bytes,   14856016 total
- age   4:      78568 bytes,   14934584 total
- age   5:     138000 bytes,   15072584 total
- age   7:     234480 bytes,   15307064 total
- age   8:     802896 bytes,   16109960 total
: 103540K->18578K(109248K), 0,1470962 secs] 103540K->25255K(502464K), 0,1471728 secs] [Times: user=0,12 sys=0,00, real=0,15 secs] 
Heap after GC invocations=9 (full 1):
 par new generation   total 109248K, used 18578K [0x00000000e0000000, 0x00000000e8000000, 0x00000000e8000000)
  eden space 87424K,   0% used [0x00000000e0000000, 0x00000000e0000000, 0x00000000e5560000)
  from space 21824K,  85% used [0x00000000e6ab0000, 0x00000000e7cd4b10, 0x00000000e8000000)
  to   space 21824K,   0% used [0x00000000e5560000, 0x00000000e5560000, 0x00000000e6ab0000)
 concurrent mark-sweep generation total 393216K, used 6676K [0x00000000e8000000, 0x0000000100000000, 0x0000000100000000)
 Metaspace       used 28061K, capacity 28582K, committed 28848K, reserved 1075200K
  class space    used 3225K, capacity 3395K, committed 3504K, reserved 1048576K
}
2017-02-18T11:31:10.551+0100: 6422,193: Total time for which application threads were stopped: 0,1473658 seconds, Stopping threads took: 0,0000191 seconds
2017-02-18T11:31:10.553+0100: 6422,196: Total time for which application threads were stopped: 0,0002025 seconds, Stopping threads took: 0,0001070 seconds
2017-02-18T11:31:10.560+0100: 6422,203: Total time for which application threads were stopped: 0,0001234 seconds, Stopping threads took: 0,0000309 seconds
2017-02-18T11:31:10.561+0100: 6422,204: Total time for which application threads were stopped: 0,0001635 seconds, Stopping threads took: 0,0000360 seconds
2017-02-18T11:31:10.561+0100: 6422,204: Total time for which application threads were stopped: 0,0000673 seconds, Stopping threads took: 0,0000079 seconds
2017-02-18T11:31:10.561+0100: 6422,204: Total time for which application threads were stopped: 0,0000579 seconds, Stopping threads took: 0,0000060 seconds
2017-02-18T11:31:10.570+0100: 6422,213: Total time for which application threads were stopped: 0,0001283 seconds, Stopping threads took: 0,0000381 seconds
2017-02-18T11:31:10.573+0100: 6422,216: Total time for which application threads were stopped: 0,0001588 seconds, Stopping threads took: 0,0000407 seconds
2017-02-18T11:31:10.573+0100: 6422,216: Total time for which application threads were stopped: 0,0000477 seconds, Stopping threads took: 0,0000099 seconds
2017-02-18T11:31:10.575+0100: 6422,218: Total time for which application threads were stopped: 0,0001223 seconds, Stopping threads took: 0,0000324 seconds
Heap
 par new generation   total 109248K, used 23247K [0x00000000e0000000, 0x00000000e8000000, 0x00000000e8000000)
  eden space 87424K,   5% used [0x00000000e0000000, 0x00000000e048f4b8, 0x00000000e5560000)
  from space 21824K,  85% used [0x00000000e6ab0000, 0x00000000e7cd4b10, 0x00000000e8000000)
  to   space 21824K,   0% used [0x00000000e5560000, 0x00000000e5560000, 0x00000000e6ab0000)
 concurrent mark-sweep generation total 393216K, used 6676K [0x00000000e8000000, 0x0000000100000000, 0x0000000100000000)
 Metaspace       used 28126K, capacity 28742K, committed 28848K, reserved 1075200K
  class space    used 3232K, capacity 3427K, committed 3504K, reserved 1048576K
