OpenJDK 64-Bit Server VM (25.131-b11) for linux-amd64 JRE (1.8.0_131-8u131-b11-0ubuntu1.16.04.2-b11), built on May  6 2017 02:45:27 by "buildd" with gcc 5.4.0 20160609
Memory: 4k page, physical 7867740k(7407232k free), swap 8076284k(8076284k free)
CommandLine flags: -XX:CMSInitiatingOccupancyFraction=50 -XX:CMSMaxAbortablePrecleanTime=6000 -XX:+CMSParallelRemarkEnabled -XX:+CMSScavengeBeforeRemark -XX:ConcGCThreads=4 -XX:InitialHeapSize=536870912 -XX:MaxHeapSize=536870912 -XX:MaxTenuringThreshold=8 -XX:NewRatio=3 -XX:OldPLABSize=16 -XX:OnOutOfMemoryError=/opt/solr/bin/oom_solr.sh 8983 /var/solr/logs -XX:ParallelGCThreads=4 -XX:+ParallelRefProcEnabled -XX:PretenureSizeThreshold=67108864 -XX:+PrintGC -XX:+PrintGCApplicationStoppedTime -XX:+PrintGCDateStamps -XX:+PrintGCDetails -XX:+PrintGCTimeStamps -XX:+PrintHeapAtGC -XX:+PrintTenuringDistribution -XX:SurvivorRatio=4 -XX:TargetSurvivorRatio=90 -XX:ThreadStackSize=256 -XX:+UseCMSInitiatingOccupancyOnly -XX:+UseCompressedClassPointers -XX:+UseCompressedOops -XX:+UseConcMarkSweepGC -XX:+UseParNewGC 
2017-06-09T08:07:23.393+0200: 0,143: Total time for which application threads were stopped: 0,0000839 seconds, Stopping threads took: 0,0000108 seconds
2017-06-09T08:07:23.465+0200: 0,215: Total time for which application threads were stopped: 0,0001328 seconds, Stopping threads took: 0,0000295 seconds
2017-06-09T08:07:23.483+0200: 0,234: Total time for which application threads were stopped: 0,0000911 seconds, Stopping threads took: 0,0000133 seconds
2017-06-09T08:07:23.734+0200: 0,484: Total time for which application threads were stopped: 0,0001360 seconds, Stopping threads took: 0,0000150 seconds
2017-06-09T08:07:24.163+0200: 0,913: Total time for which application threads were stopped: 0,0001572 seconds, Stopping threads took: 0,0000243 seconds
2017-06-09T08:07:24.357+0200: 1,107: Total time for which application threads were stopped: 0,0023587 seconds, Stopping threads took: 0,0021829 seconds
2017-06-09T08:07:24.440+0200: 1,190: Total time for which application threads were stopped: 0,0001992 seconds, Stopping threads took: 0,0000282 seconds
2017-06-09T08:07:24.820+0200: 1,571: Total time for which application threads were stopped: 0,0001922 seconds, Stopping threads took: 0,0000132 seconds
2017-06-09T08:07:25.069+0200: 1,819: Total time for which application threads were stopped: 0,0003383 seconds, Stopping threads took: 0,0000398 seconds
2017-06-09T08:07:25.083+0200: 1,834: Total time for which application threads were stopped: 0,0001997 seconds, Stopping threads took: 0,0000242 seconds
2017-06-09T08:07:25.105+0200: 1,856: Total time for which application threads were stopped: 0,0002111 seconds, Stopping threads took: 0,0000205 seconds
2017-06-09T08:07:25.106+0200: 1,857: Total time for which application threads were stopped: 0,0001735 seconds, Stopping threads took: 0,0000187 seconds
2017-06-09T08:07:25.119+0200: 1,869: Total time for which application threads were stopped: 0,0001729 seconds, Stopping threads took: 0,0000157 seconds
2017-06-09T08:07:25.186+0200: 1,936: Total time for which application threads were stopped: 0,0002642 seconds, Stopping threads took: 0,0000234 seconds
2017-06-09T08:07:25.347+0200: 2,098: Total time for which application threads were stopped: 0,0003225 seconds, Stopping threads took: 0,0001183 seconds
{Heap before GC invocations=0 (full 0):
 par new generation   total 109248K, used 87424K [0x00000000e0000000, 0x00000000e8000000, 0x00000000e8000000)
  eden space 87424K, 100% used [0x00000000e0000000, 0x00000000e5560000, 0x00000000e5560000)
  from space 21824K,   0% used [0x00000000e5560000, 0x00000000e5560000, 0x00000000e6ab0000)
  to   space 21824K,   0% used [0x00000000e6ab0000, 0x00000000e6ab0000, 0x00000000e8000000)
 concurrent mark-sweep generation total 393216K, used 0K [0x00000000e8000000, 0x0000000100000000, 0x0000000100000000)
 Metaspace       used 18039K, capacity 18336K, committed 18688K, reserved 1064960K
  class space    used 2041K, capacity 2196K, committed 2304K, reserved 1048576K
2017-06-09T08:07:25.443+0200: 2,193: [GC (Allocation Failure) 2017-06-09T08:07:25.443+0200: 2,193: [ParNew
Desired survivor size 20112992 bytes, new threshold 8 (max 8)
- age   1:   12625304 bytes,   12625304 total
: 87424K->12445K(109248K), 0,0182682 secs] 87424K->12445K(502464K), 0,0183492 secs] [Times: user=0,06 sys=0,00, real=0,02 secs] 
Heap after GC invocations=1 (full 0):
 par new generation   total 109248K, used 12445K [0x00000000e0000000, 0x00000000e8000000, 0x00000000e8000000)
  eden space 87424K,   0% used [0x00000000e0000000, 0x00000000e0000000, 0x00000000e5560000)
  from space 21824K,  57% used [0x00000000e6ab0000, 0x00000000e76d7570, 0x00000000e8000000)
  to   space 21824K,   0% used [0x00000000e5560000, 0x00000000e5560000, 0x00000000e6ab0000)
 concurrent mark-sweep generation total 393216K, used 0K [0x00000000e8000000, 0x0000000100000000, 0x0000000100000000)
 Metaspace       used 18039K, capacity 18336K, committed 18688K, reserved 1064960K
  class space    used 2041K, capacity 2196K, committed 2304K, reserved 1048576K
}
2017-06-09T08:07:25.461+0200: 2,212: Total time for which application threads were stopped: 0,0185914 seconds, Stopping threads took: 0,0000499 seconds
2017-06-09T08:07:25.758+0200: 2,509: Total time for which application threads were stopped: 0,0003290 seconds, Stopping threads took: 0,0000411 seconds
{Heap before GC invocations=1 (full 0):
 par new generation   total 109248K, used 99869K [0x00000000e0000000, 0x00000000e8000000, 0x00000000e8000000)
  eden space 87424K, 100% used [0x00000000e0000000, 0x00000000e5560000, 0x00000000e5560000)
  from space 21824K,  57% used [0x00000000e6ab0000, 0x00000000e76d7570, 0x00000000e8000000)
  to   space 21824K,   0% used [0x00000000e5560000, 0x00000000e5560000, 0x00000000e6ab0000)
 concurrent mark-sweep generation total 393216K, used 0K [0x00000000e8000000, 0x0000000100000000, 0x0000000100000000)
 Metaspace       used 20058K, capacity 20410K, committed 20736K, reserved 1067008K
  class space    used 2291K, capacity 2463K, committed 2560K, reserved 1048576K
2017-06-09T08:07:25.802+0200: 2,552: [GC (Allocation Failure) 2017-06-09T08:07:25.802+0200: 2,552: [ParNew
Desired survivor size 20112992 bytes, new threshold 8 (max 8)
- age   1:    3676520 bytes,    3676520 total
- age   2:    6675024 bytes,   10351544 total
: 99869K->13838K(109248K), 0,0113444 secs] 99869K->13838K(502464K), 0,0114319 secs] [Times: user=0,03 sys=0,02, real=0,01 secs] 
Heap after GC invocations=2 (full 0):
 par new generation   total 109248K, used 13838K [0x00000000e0000000, 0x00000000e8000000, 0x00000000e8000000)
  eden space 87424K,   0% used [0x00000000e0000000, 0x00000000e0000000, 0x00000000e5560000)
  from space 21824K,  63% used [0x00000000e5560000, 0x00000000e62e3a40, 0x00000000e6ab0000)
  to   space 21824K,   0% used [0x00000000e6ab0000, 0x00000000e6ab0000, 0x00000000e8000000)
 concurrent mark-sweep generation total 393216K, used 0K [0x00000000e8000000, 0x0000000100000000, 0x0000000100000000)
 Metaspace       used 20058K, capacity 20410K, committed 20736K, reserved 1067008K
  class space    used 2291K, capacity 2463K, committed 2560K, reserved 1048576K
}
2017-06-09T08:07:25.813+0200: 2,564: Total time for which application threads were stopped: 0,0117037 seconds, Stopping threads took: 0,0000957 seconds
2017-06-09T08:07:25.822+0200: 2,573: Total time for which application threads were stopped: 0,0003116 seconds, Stopping threads took: 0,0000444 seconds
2017-06-09T08:07:25.850+0200: 2,601: Total time for which application threads were stopped: 0,0003604 seconds, Stopping threads took: 0,0000437 seconds
2017-06-09T08:07:26.004+0200: 2,754: Total time for which application threads were stopped: 0,0002227 seconds, Stopping threads took: 0,0000428 seconds
{Heap before GC invocations=2 (full 0):
 par new generation   total 109248K, used 101262K [0x00000000e0000000, 0x00000000e8000000, 0x00000000e8000000)
  eden space 87424K, 100% used [0x00000000e0000000, 0x00000000e5560000, 0x00000000e5560000)
  from space 21824K,  63% used [0x00000000e5560000, 0x00000000e62e3a40, 0x00000000e6ab0000)
  to   space 21824K,   0% used [0x00000000e6ab0000, 0x00000000e6ab0000, 0x00000000e8000000)
 concurrent mark-sweep generation total 393216K, used 0K [0x00000000e8000000, 0x0000000100000000, 0x0000000100000000)
 Metaspace       used 20983K, capacity 21332K, committed 21628K, reserved 1069056K
  class space    used 2413K, capacity 2582K, committed 2684K, reserved 1048576K
2017-06-09T08:07:26.043+0200: 2,793: [GC (Allocation Failure) 2017-06-09T08:07:26.043+0200: 2,793: [ParNew
Desired survivor size 20112992 bytes, new threshold 8 (max 8)
- age   1:    2019192 bytes,    2019192 total
- age   2:     842280 bytes,    2861472 total
- age   3:    6666016 bytes,    9527488 total
: 101262K->11535K(109248K), 0,0159637 secs] 101262K->11535K(502464K), 0,0160655 secs] [Times: user=0,06 sys=0,00, real=0,02 secs] 
Heap after GC invocations=3 (full 0):
 par new generation   total 109248K, used 11535K [0x00000000e0000000, 0x00000000e8000000, 0x00000000e8000000)
  eden space 87424K,   0% used [0x00000000e0000000, 0x00000000e0000000, 0x00000000e5560000)
  from space 21824K,  52% used [0x00000000e6ab0000, 0x00000000e75f3c40, 0x00000000e8000000)
  to   space 21824K,   0% used [0x00000000e5560000, 0x00000000e5560000, 0x00000000e6ab0000)
 concurrent mark-sweep generation total 393216K, used 0K [0x00000000e8000000, 0x0000000100000000, 0x0000000100000000)
 Metaspace       used 20983K, capacity 21332K, committed 21628K, reserved 1069056K
  class space    used 2413K, capacity 2582K, committed 2684K, reserved 1048576K
}
2017-06-09T08:07:26.059+0200: 2,809: Total time for which application threads were stopped: 0,0162680 seconds, Stopping threads took: 0,0000508 seconds
2017-06-09T08:07:26.062+0200: 2,812: [GC (CMS Initial Mark) [1 CMS-initial-mark: 0K(393216K)] 16384K(502464K), 0,0059023 secs] [Times: user=0,02 sys=0,00, real=0,01 secs] 
2017-06-09T08:07:26.068+0200: 2,818: Total time for which application threads were stopped: 0,0061060 seconds, Stopping threads took: 0,0000800 seconds
2017-06-09T08:07:26.068+0200: 2,818: [CMS-concurrent-mark-start]
2017-06-09T08:07:26.077+0200: 2,827: [CMS-concurrent-mark: 0,008/0,008 secs] [Times: user=0,04 sys=0,00, real=0,00 secs] 
2017-06-09T08:07:26.077+0200: 2,827: [CMS-concurrent-preclean-start]
2017-06-09T08:07:26.078+0200: 2,828: [CMS-concurrent-preclean: 0,001/0,001 secs] [Times: user=0,00 sys=0,00, real=0,00 secs] 
2017-06-09T08:07:26.078+0200: 2,828: [CMS-concurrent-abortable-preclean-start]
2017-06-09T08:07:26.135+0200: 2,885: Total time for which application threads were stopped: 0,0001723 seconds, Stopping threads took: 0,0000366 seconds
{Heap before GC invocations=3 (full 1):
 par new generation   total 109248K, used 98959K [0x00000000e0000000, 0x00000000e8000000, 0x00000000e8000000)
  eden space 87424K, 100% used [0x00000000e0000000, 0x00000000e5560000, 0x00000000e5560000)
  from space 21824K,  52% used [0x00000000e6ab0000, 0x00000000e75f3c40, 0x00000000e8000000)
  to   space 21824K,   0% used [0x00000000e5560000, 0x00000000e5560000, 0x00000000e6ab0000)
 concurrent mark-sweep generation total 393216K, used 0K [0x00000000e8000000, 0x0000000100000000, 0x0000000100000000)
 Metaspace       used 21235K, capacity 21601K, committed 21884K, reserved 1069056K
  class space    used 2441K, capacity 2596K, committed 2684K, reserved 1048576K
2017-06-09T08:07:26.184+0200: 2,934: [GC (Allocation Failure) 2017-06-09T08:07:26.184+0200: 2,934: [ParNew
Desired survivor size 20112992 bytes, new threshold 8 (max 8)
- age   1:     996904 bytes,     996904 total
- age   2:    1455848 bytes,    2452752 total
- age   3:     807000 bytes,    3259752 total
- age   4:    6666016 bytes,    9925768 total
: 98959K->14735K(109248K), 0,0133739 secs] 98959K->14735K(502464K), 0,0134383 secs] [Times: user=0,05 sys=0,00, real=0,01 secs] 
Heap after GC invocations=4 (full 1):
 par new generation   total 109248K, used 14735K [0x00000000e0000000, 0x00000000e8000000, 0x00000000e8000000)
  eden space 87424K,   0% used [0x00000000e0000000, 0x00000000e0000000, 0x00000000e5560000)
  from space 21824K,  67% used [0x00000000e5560000, 0x00000000e63c3c70, 0x00000000e6ab0000)
  to   space 21824K,   0% used [0x00000000e6ab0000, 0x00000000e6ab0000, 0x00000000e8000000)
 concurrent mark-sweep generation total 393216K, used 0K [0x00000000e8000000, 0x0000000100000000, 0x0000000100000000)
 Metaspace       used 21235K, capacity 21601K, committed 21884K, reserved 1069056K
  class space    used 2441K, capacity 2596K, committed 2684K, reserved 1048576K
}
2017-06-09T08:07:26.197+0200: 2,948: Total time for which application threads were stopped: 0,0136375 seconds, Stopping threads took: 0,0000706 seconds
{Heap before GC invocations=4 (full 1):
 par new generation   total 109248K, used 102159K [0x00000000e0000000, 0x00000000e8000000, 0x00000000e8000000)
  eden space 87424K, 100% used [0x00000000e0000000, 0x00000000e5560000, 0x00000000e5560000)
  from space 21824K,  67% used [0x00000000e5560000, 0x00000000e63c3c70, 0x00000000e6ab0000)
  to   space 21824K,   0% used [0x00000000e6ab0000, 0x00000000e6ab0000, 0x00000000e8000000)
 concurrent mark-sweep generation total 393216K, used 0K [0x00000000e8000000, 0x0000000100000000, 0x0000000100000000)
 Metaspace       used 21386K, capacity 21767K, committed 21884K, reserved 1069056K
  class space    used 2461K, capacity 2629K, committed 2684K, reserved 1048576K
2017-06-09T08:07:26.278+0200: 3,029: [GC (Allocation Failure) 2017-06-09T08:07:26.278+0200: 3,029: [ParNew
Desired survivor size 20112992 bytes, new threshold 8 (max 8)
- age   1:    1062888 bytes,    1062888 total
- age   2:     188752 bytes,    1251640 total
- age   3:    1455744 bytes,    2707384 total
- age   4:     806888 bytes,    3514272 total
- age   5:    6666016 bytes,   10180288 total
: 102159K->12452K(109248K), 0,0097939 secs] 102159K->12452K(502464K), 0,0098703 secs] [Times: user=0,04 sys=0,00, real=0,01 secs] 
Heap after GC invocations=5 (full 1):
 par new generation   total 109248K, used 12452K [0x00000000e0000000, 0x00000000e8000000, 0x00000000e8000000)
  eden space 87424K,   0% used [0x00000000e0000000, 0x00000000e0000000, 0x00000000e5560000)
  from space 21824K,  57% used [0x00000000e6ab0000, 0x00000000e76d9370, 0x00000000e8000000)
  to   space 21824K,   0% used [0x00000000e5560000, 0x00000000e5560000, 0x00000000e6ab0000)
 concurrent mark-sweep generation total 393216K, used 0K [0x00000000e8000000, 0x0000000100000000, 0x0000000100000000)
 Metaspace       used 21386K, capacity 21767K, committed 21884K, reserved 1069056K
  class space    used 2461K, capacity 2629K, committed 2684K, reserved 1048576K
}
2017-06-09T08:07:26.288+0200: 3,039: Total time for which application threads were stopped: 0,0100918 seconds, Stopping threads took: 0,0000918 seconds
2017-06-09T08:07:26.321+0200: 3,071: Total time for which application threads were stopped: 0,0001422 seconds, Stopping threads took: 0,0000456 seconds
2017-06-09T08:07:26.324+0200: 3,074: Total time for which application threads were stopped: 0,0003216 seconds, Stopping threads took: 0,0000499 seconds
2017-06-09T08:07:26.362+0200: 3,112: Total time for which application threads were stopped: 0,0001019 seconds, Stopping threads took: 0,0000257 seconds
2017-06-09T08:07:26.385+0200: 3,135: Total time for which application threads were stopped: 0,0001164 seconds, Stopping threads took: 0,0000152 seconds
2017-06-09T08:07:26.538+0200: 3,288: Total time for which application threads were stopped: 0,0011771 seconds, Stopping threads took: 0,0010245 seconds
2017-06-09T08:07:26.594+0200: 3,344: Total time for which application threads were stopped: 0,0004320 seconds, Stopping threads took: 0,0000621 seconds
2017-06-09T08:07:26.596+0200: 3,347: Total time for which application threads were stopped: 0,0001491 seconds, Stopping threads took: 0,0000399 seconds
2017-06-09T08:07:26.615+0200: 3,365: Total time for which application threads were stopped: 0,0004455 seconds, Stopping threads took: 0,0000473 seconds
2017-06-09T08:07:26.644+0200: 3,395: Total time for which application threads were stopped: 0,0000877 seconds, Stopping threads took: 0,0000187 seconds
2017-06-09T08:07:26.695+0200: 3,446: Total time for which application threads were stopped: 0,0002042 seconds, Stopping threads took: 0,0000640 seconds
{Heap before GC invocations=5 (full 1):
 par new generation   total 109248K, used 99876K [0x00000000e0000000, 0x00000000e8000000, 0x00000000e8000000)
  eden space 87424K, 100% used [0x00000000e0000000, 0x00000000e5560000, 0x00000000e5560000)
  from space 21824K,  57% used [0x00000000e6ab0000, 0x00000000e76d9370, 0x00000000e8000000)
  to   space 21824K,   0% used [0x00000000e5560000, 0x00000000e5560000, 0x00000000e6ab0000)
 concurrent mark-sweep generation total 393216K, used 0K [0x00000000e8000000, 0x0000000100000000, 0x0000000100000000)
 Metaspace       used 23737K, capacity 24209K, committed 24284K, reserved 1071104K
  class space    used 2778K, capacity 2972K, committed 3016K, reserved 1048576K
2017-06-09T08:07:26.775+0200: 3,525: [GC (Allocation Failure) 2017-06-09T08:07:26.775+0200: 3,525: [ParNew
Desired survivor size 20112992 bytes, new threshold 8 (max 8)
- age   1:    5104096 bytes,    5104096 total
- age   2:     108640 bytes,    5212736 total
- age   3:     187304 bytes,    5400040 total
- age   4:     286080 bytes,    5686120 total
- age   5:     782608 bytes,    6468728 total
- age   6:    6657912 bytes,   13126640 total
: 99876K->17176K(109248K), 0,0131261 secs] 99876K->17176K(502464K), 0,0132125 secs] [Times: user=0,05 sys=0,00, real=0,02 secs] 
Heap after GC invocations=6 (full 1):
 par new generation   total 109248K, used 17176K [0x00000000e0000000, 0x00000000e8000000, 0x00000000e8000000)
  eden space 87424K,   0% used [0x00000000e0000000, 0x00000000e0000000, 0x00000000e5560000)
  from space 21824K,  78% used [0x00000000e5560000, 0x00000000e6626300, 0x00000000e6ab0000)
  to   space 21824K,   0% used [0x00000000e6ab0000, 0x00000000e6ab0000, 0x00000000e8000000)
 concurrent mark-sweep generation total 393216K, used 0K [0x00000000e8000000, 0x0000000100000000, 0x0000000100000000)
 Metaspace       used 23737K, capacity 24209K, committed 24284K, reserved 1071104K
  class space    used 2778K, capacity 2972K, committed 3016K, reserved 1048576K
}
2017-06-09T08:07:26.788+0200: 3,538: Total time for which application threads were stopped: 0,0134581 seconds, Stopping threads took: 0,0000617 seconds
2017-06-09T08:07:26.788+0200: 3,538: [CMS-concurrent-abortable-preclean: 0,416/0,710 secs] [Times: user=2,61 sys=0,04, real=0,72 secs] 
2017-06-09T08:07:26.789+0200: 3,539: [GC (CMS Final Remark) [YG occupancy: 19230 K (109248 K)]{Heap before GC invocations=6 (full 1):
 par new generation   total 109248K, used 19230K [0x00000000e0000000, 0x00000000e8000000, 0x00000000e8000000)
  eden space 87424K,   2% used [0x00000000e0000000, 0x00000000e02017c0, 0x00000000e5560000)
  from space 21824K,  78% used [0x00000000e5560000, 0x00000000e6626300, 0x00000000e6ab0000)
  to   space 21824K,   0% used [0x00000000e6ab0000, 0x00000000e6ab0000, 0x00000000e8000000)
 concurrent mark-sweep generation total 393216K, used 0K [0x00000000e8000000, 0x0000000100000000, 0x0000000100000000)
 Metaspace       used 23737K, capacity 24209K, committed 24284K, reserved 1071104K
  class space    used 2778K, capacity 2972K, committed 3016K, reserved 1048576K
2017-06-09T08:07:26.789+0200: 3,539: [GC (CMS Final Remark) 2017-06-09T08:07:26.789+0200: 3,539: [ParNew
Desired survivor size 20112992 bytes, new threshold 8 (max 8)
- age   1:     132704 bytes,     132704 total
- age   2:    1841320 bytes,    1974024 total
- age   3:      55696 bytes,    2029720 total
- age   4:     106696 bytes,    2136416 total
- age   5:     190184 bytes,    2326600 total
- age   6:     740392 bytes,    3066992 total
- age   7:    6123744 bytes,    9190736 total
: 19230K->12148K(109248K), 0,0101309 secs] 19230K->12148K(502464K), 0,0101772 secs] [Times: user=0,03 sys=0,00, real=0,01 secs] 
Heap after GC invocations=7 (full 1):
 par new generation   total 109248K, used 12148K [0x00000000e0000000, 0x00000000e8000000, 0x00000000e8000000)
  eden space 87424K,   0% used [0x00000000e0000000, 0x00000000e0000000, 0x00000000e5560000)
  from space 21824K,  55% used [0x00000000e6ab0000, 0x00000000e768d270, 0x00000000e8000000)
  to   space 21824K,   0% used [0x00000000e5560000, 0x00000000e5560000, 0x00000000e6ab0000)
 concurrent mark-sweep generation total 393216K, used 0K [0x00000000e8000000, 0x0000000100000000, 0x0000000100000000)
 Metaspace       used 23737K, capacity 24209K, committed 24284K, reserved 1071104K
  class space    used 2778K, capacity 2972K, committed 3016K, reserved 1048576K
}
2017-06-09T08:07:26.799+0200: 3,550: [Rescan (parallel) , 0,0034310 secs]2017-06-09T08:07:26.803+0200: 3,553: [weak refs processing, 0,0014083 secs]2017-06-09T08:07:26.804+0200: 3,554: [class unloading, 0,0033191 secs]2017-06-09T08:07:26.807+0200: 3,558: [scrub symbol table, 0,0049136 secs]2017-06-09T08:07:26.812+0200: 3,563: [scrub string table, 0,0004157 secs][1 CMS-remark: 0K(393216K)] 12148K(502464K), 0,0244845 secs] [Times: user=0,06 sys=0,00, real=0,02 secs] 
2017-06-09T08:07:26.813+0200: 3,564: Total time for which application threads were stopped: 0,0246426 seconds, Stopping threads took: 0,0000631 seconds
2017-06-09T08:07:26.817+0200: 3,567: [CMS-concurrent-sweep-start]
2017-06-09T08:07:26.817+0200: 3,567: [CMS-concurrent-sweep: 0,000/0,000 secs] [Times: user=0,00 sys=0,00, real=0,00 secs] 
2017-06-09T08:07:26.817+0200: 3,567: [CMS-concurrent-reset-start]
2017-06-09T08:07:26.819+0200: 3,570: [CMS-concurrent-reset: 0,002/0,002 secs] [Times: user=0,01 sys=0,01, real=0,01 secs] 
{Heap before GC invocations=7 (full 1):
 par new generation   total 109248K, used 99572K [0x00000000e0000000, 0x00000000e8000000, 0x00000000e8000000)
  eden space 87424K, 100% used [0x00000000e0000000, 0x00000000e5560000, 0x00000000e5560000)
  from space 21824K,  55% used [0x00000000e6ab0000, 0x00000000e768d270, 0x00000000e8000000)
  to   space 21824K,   0% used [0x00000000e5560000, 0x00000000e5560000, 0x00000000e6ab0000)
 concurrent mark-sweep generation total 393216K, used 0K [0x00000000e8000000, 0x0000000100000000, 0x0000000100000000)
 Metaspace       used 24384K, capacity 24855K, committed 25180K, reserved 1071104K
  class space    used 2853K, capacity 3037K, committed 3144K, reserved 1048576K
2017-06-09T08:07:26.922+0200: 3,673: [GC (Allocation Failure) 2017-06-09T08:07:26.923+0200: 3,673: [ParNew
Desired survivor size 20112992 bytes, new threshold 8 (max 8)
- age   1:    2471792 bytes,    2471792 total
- age   3:    1768864 bytes,    4240656 total
- age   4:      55696 bytes,    4296352 total
- age   5:     106592 bytes,    4402944 total
- age   6:     190184 bytes,    4593128 total
- age   7:     740392 bytes,    5333520 total
- age   8:    6123368 bytes,   11456888 total
: 99572K->14028K(109248K), 0,0134775 secs] 99572K->14028K(502464K), 0,0135531 secs] [Times: user=0,05 sys=0,00, real=0,01 secs] 
Heap after GC invocations=8 (full 1):
 par new generation   total 109248K, used 14028K [0x00000000e0000000, 0x00000000e8000000, 0x00000000e8000000)
  eden space 87424K,   0% used [0x00000000e0000000, 0x00000000e0000000, 0x00000000e5560000)
  from space 21824K,  64% used [0x00000000e5560000, 0x00000000e6313218, 0x00000000e6ab0000)
  to   space 21824K,   0% used [0x00000000e6ab0000, 0x00000000e6ab0000, 0x00000000e8000000)
 concurrent mark-sweep generation total 393216K, used 0K [0x00000000e8000000, 0x0000000100000000, 0x0000000100000000)
 Metaspace       used 24384K, capacity 24855K, committed 25180K, reserved 1071104K
  class space    used 2853K, capacity 3037K, committed 3144K, reserved 1048576K
}
2017-06-09T08:07:26.936+0200: 3,686: Total time for which application threads were stopped: 0,0139201 seconds, Stopping threads took: 0,0001613 seconds
{Heap before GC invocations=8 (full 1):
 par new generation   total 109248K, used 101452K [0x00000000e0000000, 0x00000000e8000000, 0x00000000e8000000)
  eden space 87424K, 100% used [0x00000000e0000000, 0x00000000e5560000, 0x00000000e5560000)
  from space 21824K,  64% used [0x00000000e5560000, 0x00000000e6313218, 0x00000000e6ab0000)
  to   space 21824K,   0% used [0x00000000e6ab0000, 0x00000000e6ab0000, 0x00000000e8000000)
 concurrent mark-sweep generation total 393216K, used 0K [0x00000000e8000000, 0x0000000100000000, 0x0000000100000000)
 Metaspace       used 24800K, capacity 25297K, committed 25436K, reserved 1071104K
  class space    used 2894K, capacity 3074K, committed 3144K, reserved 1048576K
2017-06-09T08:07:27.089+0200: 3,839: [GC (Allocation Failure) 2017-06-09T08:07:27.089+0200: 3,839: [ParNew
Desired survivor size 20112992 bytes, new threshold 8 (max 8)
- age   1:     981160 bytes,     981160 total
- age   2:     997688 bytes,    1978848 total
- age   4:    1768648 bytes,    3747496 total
- age   5:      55696 bytes,    3803192 total
- age   6:     106392 bytes,    3909584 total
- age   7:     187416 bytes,    4097000 total
- age   8:     739624 bytes,    4836624 total
: 101452K->12083K(109248K), 0,0522567 secs] 101452K->18145K(502464K), 0,0523368 secs] [Times: user=0,11 sys=0,00, real=0,05 secs] 
Heap after GC invocations=9 (full 1):
 par new generation   total 109248K, used 12083K [0x00000000e0000000, 0x00000000e8000000, 0x00000000e8000000)
  eden space 87424K,   0% used [0x00000000e0000000, 0x00000000e0000000, 0x00000000e5560000)
  from space 21824K,  55% used [0x00000000e6ab0000, 0x00000000e767ccd0, 0x00000000e8000000)
  to   space 21824K,   0% used [0x00000000e5560000, 0x00000000e5560000, 0x00000000e6ab0000)
 concurrent mark-sweep generation total 393216K, used 6062K [0x00000000e8000000, 0x0000000100000000, 0x0000000100000000)
 Metaspace       used 24800K, capacity 25297K, committed 25436K, reserved 1071104K
  class space    used 2894K, capacity 3074K, committed 3144K, reserved 1048576K
}
2017-06-09T08:07:27.141+0200: 3,892: Total time for which application threads were stopped: 0,0530537 seconds, Stopping threads took: 0,0005457 seconds
2017-06-09T08:07:27.302+0200: 4,053: Total time for which application threads were stopped: 0,0010913 seconds, Stopping threads took: 0,0007061 seconds
2017-06-09T08:07:27.310+0200: 4,061: Total time for which application threads were stopped: 0,0001789 seconds, Stopping threads took: 0,0001009 seconds
2017-06-09T08:07:27.311+0200: 4,061: Total time for which application threads were stopped: 0,0001674 seconds, Stopping threads took: 0,0001331 seconds
2017-06-09T08:07:27.318+0200: 4,068: Total time for which application threads were stopped: 0,0038306 seconds, Stopping threads took: 0,0037292 seconds
2017-06-09T08:07:27.318+0200: 4,069: Total time for which application threads were stopped: 0,0000793 seconds, Stopping threads took: 0,0000184 seconds
2017-06-09T08:07:27.318+0200: 4,069: Total time for which application threads were stopped: 0,0000688 seconds, Stopping threads took: 0,0000267 seconds
2017-06-09T08:07:27.319+0200: 4,069: Total time for which application threads were stopped: 0,0000988 seconds, Stopping threads took: 0,0000433 seconds
2017-06-09T08:07:27.319+0200: 4,069: Total time for which application threads were stopped: 0,0001301 seconds, Stopping threads took: 0,0000741 seconds
2017-06-09T08:07:27.319+0200: 4,069: Total time for which application threads were stopped: 0,0000608 seconds, Stopping threads took: 0,0000196 seconds
2017-06-09T08:07:27.319+0200: 4,070: Total time for which application threads were stopped: 0,0000487 seconds, Stopping threads took: 0,0000173 seconds
2017-06-09T08:07:27.319+0200: 4,070: Total time for which application threads were stopped: 0,0000453 seconds, Stopping threads took: 0,0000153 seconds
2017-06-09T08:07:27.319+0200: 4,070: Total time for which application threads were stopped: 0,0000950 seconds, Stopping threads took: 0,0000581 seconds
2017-06-09T08:07:27.320+0200: 4,070: Total time for which application threads were stopped: 0,0000385 seconds, Stopping threads took: 0,0000081 seconds
2017-06-09T08:07:27.320+0200: 4,070: Total time for which application threads were stopped: 0,0000535 seconds, Stopping threads took: 0,0000226 seconds
2017-06-09T08:07:27.320+0200: 4,070: Total time for which application threads were stopped: 0,0000575 seconds, Stopping threads took: 0,0000218 seconds
2017-06-09T08:07:27.320+0200: 4,070: Total time for which application threads were stopped: 0,0000526 seconds, Stopping threads took: 0,0000179 seconds
2017-06-09T08:07:27.320+0200: 4,070: Total time for which application threads were stopped: 0,0000952 seconds, Stopping threads took: 0,0000265 seconds
2017-06-09T08:07:27.320+0200: 4,071: Total time for which application threads were stopped: 0,0000762 seconds, Stopping threads took: 0,0000383 seconds
2017-06-09T08:07:27.321+0200: 4,072: Total time for which application threads were stopped: 0,0001025 seconds, Stopping threads took: 0,0000449 seconds
2017-06-09T08:07:27.321+0200: 4,072: Total time for which application threads were stopped: 0,0000561 seconds, Stopping threads took: 0,0000175 seconds
2017-06-09T08:07:27.321+0200: 4,072: Total time for which application threads were stopped: 0,0001141 seconds, Stopping threads took: 0,0000188 seconds
2017-06-09T08:07:27.324+0200: 4,075: Total time for which application threads were stopped: 0,0005294 seconds, Stopping threads took: 0,0004532 seconds
2017-06-09T08:07:27.325+0200: 4,075: Total time for which application threads were stopped: 0,0001147 seconds, Stopping threads took: 0,0000794 seconds
2017-06-09T08:07:27.325+0200: 4,075: Total time for which application threads were stopped: 0,0000513 seconds, Stopping threads took: 0,0000116 seconds
2017-06-09T08:07:27.325+0200: 4,075: Total time for which application threads were stopped: 0,0000438 seconds, Stopping threads took: 0,0000094 seconds
2017-06-09T08:07:27.325+0200: 4,075: Total time for which application threads were stopped: 0,0000419 seconds, Stopping threads took: 0,0000097 seconds
2017-06-09T08:07:27.325+0200: 4,076: Total time for which application threads were stopped: 0,0000566 seconds, Stopping threads took: 0,0000130 seconds
2017-06-09T08:07:27.325+0200: 4,076: Total time for which application threads were stopped: 0,0000705 seconds, Stopping threads took: 0,0000212 seconds
2017-06-09T08:07:27.326+0200: 4,076: Total time for which application threads were stopped: 0,0000429 seconds, Stopping threads took: 0,0000087 seconds
2017-06-09T08:07:27.330+0200: 4,081: Total time for which application threads were stopped: 0,0001266 seconds, Stopping threads took: 0,0000570 seconds
2017-06-09T08:07:27.330+0200: 4,081: Total time for which application threads were stopped: 0,0000718 seconds, Stopping threads took: 0,0000220 seconds
2017-06-09T08:07:27.330+0200: 4,081: Total time for which application threads were stopped: 0,0000581 seconds, Stopping threads took: 0,0000173 seconds
2017-06-09T08:07:27.331+0200: 4,082: Total time for which application threads were stopped: 0,0000984 seconds, Stopping threads took: 0,0000385 seconds
2017-06-09T08:07:27.331+0200: 4,082: Total time for which application threads were stopped: 0,0000659 seconds, Stopping threads took: 0,0000148 seconds
2017-06-09T08:07:27.332+0200: 4,082: Total time for which application threads were stopped: 0,0000711 seconds, Stopping threads took: 0,0000227 seconds
2017-06-09T08:07:27.332+0200: 4,082: Total time for which application threads were stopped: 0,0000550 seconds, Stopping threads took: 0,0000217 seconds
2017-06-09T08:07:27.332+0200: 4,082: Total time for which application threads were stopped: 0,0000644 seconds, Stopping threads took: 0,0000218 seconds
2017-06-09T08:07:27.332+0200: 4,082: Total time for which application threads were stopped: 0,0000571 seconds, Stopping threads took: 0,0000145 seconds
2017-06-09T08:07:27.332+0200: 4,082: Total time for which application threads were stopped: 0,0000611 seconds, Stopping threads took: 0,0000175 seconds
2017-06-09T08:07:27.332+0200: 4,082: Total time for which application threads were stopped: 0,0000489 seconds, Stopping threads took: 0,0000112 seconds
2017-06-09T08:07:27.332+0200: 4,083: Total time for which application threads were stopped: 0,0001241 seconds, Stopping threads took: 0,0000178 seconds
2017-06-09T08:07:27.339+0200: 4,089: Total time for which application threads were stopped: 0,0001434 seconds, Stopping threads took: 0,0000361 seconds
2017-06-09T08:07:27.344+0200: 4,095: Total time for which application threads were stopped: 0,0006963 seconds, Stopping threads took: 0,0006315 seconds
2017-06-09T08:07:27.355+0200: 4,105: Total time for which application threads were stopped: 0,0001234 seconds, Stopping threads took: 0,0000410 seconds
2017-06-09T08:07:27.355+0200: 4,105: Total time for which application threads were stopped: 0,0001844 seconds, Stopping threads took: 0,0001213 seconds
2017-06-09T08:07:27.376+0200: 4,127: Total time for which application threads were stopped: 0,0001421 seconds, Stopping threads took: 0,0000437 seconds
2017-06-09T08:07:27.394+0200: 4,144: Total time for which application threads were stopped: 0,0001215 seconds, Stopping threads took: 0,0000410 seconds
2017-06-09T08:07:27.446+0200: 4,196: Total time for which application threads were stopped: 0,0005363 seconds, Stopping threads took: 0,0000221 seconds
2017-06-09T08:07:27.459+0200: 4,210: Total time for which application threads were stopped: 0,0005007 seconds, Stopping threads took: 0,0000247 seconds
2017-06-09T08:07:27.507+0200: 4,257: Total time for which application threads were stopped: 0,0005073 seconds, Stopping threads took: 0,0000392 seconds
2017-06-09T08:07:27.514+0200: 4,265: Total time for which application threads were stopped: 0,0001050 seconds, Stopping threads took: 0,0000406 seconds
2017-06-09T08:07:27.515+0200: 4,266: Total time for which application threads were stopped: 0,0001282 seconds, Stopping threads took: 0,0000500 seconds
2017-06-09T08:07:27.516+0200: 4,266: Total time for which application threads were stopped: 0,0000821 seconds, Stopping threads took: 0,0000236 seconds
2017-06-09T08:07:27.521+0200: 4,271: Total time for which application threads were stopped: 0,0001169 seconds, Stopping threads took: 0,0000672 seconds
2017-06-09T08:07:27.538+0200: 4,288: Total time for which application threads were stopped: 0,0001532 seconds, Stopping threads took: 0,0000745 seconds
2017-06-09T08:07:27.546+0200: 4,297: Total time for which application threads were stopped: 0,0001193 seconds, Stopping threads took: 0,0000422 seconds
2017-06-09T08:07:27.547+0200: 4,297: Total time for which application threads were stopped: 0,0000883 seconds, Stopping threads took: 0,0000289 seconds
2017-06-09T08:07:27.551+0200: 4,301: Total time for which application threads were stopped: 0,0001617 seconds, Stopping threads took: 0,0000678 seconds
2017-06-09T08:07:27.553+0200: 4,304: Total time for which application threads were stopped: 0,0001721 seconds, Stopping threads took: 0,0000414 seconds
2017-06-09T08:07:27.559+0200: 4,309: Total time for which application threads were stopped: 0,0001415 seconds, Stopping threads took: 0,0000405 seconds
2017-06-09T08:07:27.565+0200: 4,316: Total time for which application threads were stopped: 0,0001819 seconds, Stopping threads took: 0,0000493 seconds
2017-06-09T08:07:27.577+0200: 4,327: Total time for which application threads were stopped: 0,0004392 seconds, Stopping threads took: 0,0003600 seconds
2017-06-09T08:07:27.590+0200: 4,340: Total time for which application threads were stopped: 0,0038523 seconds, Stopping threads took: 0,0037955 seconds
2017-06-09T08:07:27.592+0200: 4,342: Total time for which application threads were stopped: 0,0001513 seconds, Stopping threads took: 0,0000921 seconds
2017-06-09T08:07:27.603+0200: 4,354: Total time for which application threads were stopped: 0,0002095 seconds, Stopping threads took: 0,0001119 seconds
2017-06-09T08:07:27.611+0200: 4,361: Total time for which application threads were stopped: 0,0003359 seconds, Stopping threads took: 0,0002294 seconds
2017-06-09T08:07:27.622+0200: 4,372: Total time for which application threads were stopped: 0,0029291 seconds, Stopping threads took: 0,0028566 seconds
2017-06-09T08:07:27.625+0200: 4,376: Total time for which application threads were stopped: 0,0001006 seconds, Stopping threads took: 0,0000397 seconds
2017-06-09T08:07:27.632+0200: 4,382: Total time for which application threads were stopped: 0,0001186 seconds, Stopping threads took: 0,0000402 seconds
2017-06-09T08:07:27.633+0200: 4,383: Total time for which application threads were stopped: 0,0005749 seconds, Stopping threads took: 0,0000271 seconds
2017-06-09T08:07:27.634+0200: 4,384: Total time for which application threads were stopped: 0,0007445 seconds, Stopping threads took: 0,0006268 seconds
2017-06-09T08:07:28.634+0200: 5,385: Total time for which application threads were stopped: 0,0000712 seconds, Stopping threads took: 0,0000163 seconds
{Heap before GC invocations=9 (full 1):
 par new generation   total 109248K, used 99507K [0x00000000e0000000, 0x00000000e8000000, 0x00000000e8000000)
  eden space 87424K, 100% used [0x00000000e0000000, 0x00000000e5560000, 0x00000000e5560000)
  from space 21824K,  55% used [0x00000000e6ab0000, 0x00000000e767ccd0, 0x00000000e8000000)
  to   space 21824K,   0% used [0x00000000e5560000, 0x00000000e5560000, 0x00000000e6ab0000)
 concurrent mark-sweep generation total 393216K, used 6062K [0x00000000e8000000, 0x0000000100000000, 0x0000000100000000)
 Metaspace       used 27994K, capacity 28523K, committed 28740K, reserved 1075200K
  class space    used 3205K, capacity 3379K, committed 3400K, reserved 1048576K
2017-06-09T08:07:29.180+0200: 5,931: [GC (Allocation Failure) 2017-06-09T08:07:29.180+0200: 5,931: [ParNew
Desired survivor size 20112992 bytes, new threshold 8 (max 8)
- age   1:   10938192 bytes,   10938192 total
- age   2:     255392 bytes,   11193584 total
- age   3:     218560 bytes,   11412144 total
- age   5:    1762664 bytes,   13174808 total
- age   6:      55696 bytes,   13230504 total
- age   7:     103784 bytes,   13334288 total
- age   8:     186792 bytes,   13521080 total
: 99507K->15457K(109248K), 0,0132726 secs] 105569K->22327K(502464K), 0,0133235 secs] [Times: user=0,05 sys=0,00, real=0,01 secs] 
Heap after GC invocations=10 (full 1):
 par new generation   total 109248K, used 15457K [0x00000000e0000000, 0x00000000e8000000, 0x00000000e8000000)
  eden space 87424K,   0% used [0x00000000e0000000, 0x00000000e0000000, 0x00000000e5560000)
  from space 21824K,  70% used [0x00000000e5560000, 0x00000000e6478730, 0x00000000e6ab0000)
  to   space 21824K,   0% used [0x00000000e6ab0000, 0x00000000e6ab0000, 0x00000000e8000000)
 concurrent mark-sweep generation total 393216K, used 6869K [0x00000000e8000000, 0x0000000100000000, 0x0000000100000000)
 Metaspace       used 27994K, capacity 28523K, committed 28740K, reserved 1075200K
  class space    used 3205K, capacity 3379K, committed 3400K, reserved 1048576K
}
2017-06-09T08:07:29.194+0200: 5,944: Total time for which application threads were stopped: 0,0134907 seconds, Stopping threads took: 0,0000211 seconds
2017-06-09T08:07:29.195+0200: 5,945: Total time for which application threads were stopped: 0,0000603 seconds, Stopping threads took: 0,0000204 seconds
2017-06-09T08:07:29.195+0200: 5,945: Total time for which application threads were stopped: 0,0000696 seconds, Stopping threads took: 0,0000421 seconds
2017-06-09T08:07:31.195+0200: 7,945: Total time for which application threads were stopped: 0,0000662 seconds, Stopping threads took: 0,0000183 seconds
2017-06-09T08:09:21.210+0200: 117,960: Total time for which application threads were stopped: 0,0000964 seconds, Stopping threads took: 0,0000418 seconds
2017-06-09T08:09:25.210+0200: 121,961: Total time for which application threads were stopped: 0,0003875 seconds, Stopping threads took: 0,0001022 seconds
2017-06-09T08:10:14.216+0200: 170,966: Total time for which application threads were stopped: 0,0000986 seconds, Stopping threads took: 0,0000377 seconds
2017-06-09T08:10:24.217+0200: 180,968: Total time for which application threads were stopped: 0,0000572 seconds, Stopping threads took: 0,0000141 seconds
2017-06-09T08:11:44.226+0200: 260,977: Total time for which application threads were stopped: 0,0004306 seconds, Stopping threads took: 0,0002152 seconds
2017-06-09T08:11:50.227+0200: 266,977: Total time for which application threads were stopped: 0,0000647 seconds, Stopping threads took: 0,0000143 seconds
2017-06-09T08:11:54.228+0200: 270,978: Total time for which application threads were stopped: 0,0003673 seconds, Stopping threads took: 0,0001062 seconds
2017-06-09T08:18:10.264+0200: 647,015: Total time for which application threads were stopped: 0,0000758 seconds, Stopping threads took: 0,0000304 seconds
2017-06-09T08:23:30.297+0200: 967,047: Total time for which application threads were stopped: 0,0000854 seconds, Stopping threads took: 0,0000330 seconds
2017-06-09T08:29:01.049+0200: 1297,800: Total time for which application threads were stopped: 0,0001246 seconds, Stopping threads took: 0,0000424 seconds
2017-06-09T08:29:01.050+0200: 1297,800: Total time for which application threads were stopped: 0,0000836 seconds, Stopping threads took: 0,0000172 seconds
2017-06-09T08:29:01.051+0200: 1297,802: Total time for which application threads were stopped: 0,0000964 seconds, Stopping threads took: 0,0000319 seconds
2017-06-09T08:29:01.052+0200: 1297,803: Total time for which application threads were stopped: 0,0001122 seconds, Stopping threads took: 0,0000380 seconds
2017-06-09T08:29:01.053+0200: 1297,803: Total time for which application threads were stopped: 0,0000791 seconds, Stopping threads took: 0,0000249 seconds
2017-06-09T08:29:01.053+0200: 1297,804: Total time for which application threads were stopped: 0,0001537 seconds, Stopping threads took: 0,0000831 seconds
2017-06-09T08:29:01.057+0200: 1297,807: Total time for which application threads were stopped: 0,0005338 seconds, Stopping threads took: 0,0004627 seconds
2017-06-09T08:29:01.098+0200: 1297,848: Total time for which application threads were stopped: 0,0001566 seconds, Stopping threads took: 0,0000710 seconds
2017-06-09T08:29:01.106+0200: 1297,856: Total time for which application threads were stopped: 0,0001031 seconds, Stopping threads took: 0,0000215 seconds
2017-06-09T08:29:01.107+0200: 1297,858: Total time for which application threads were stopped: 0,0000976 seconds, Stopping threads took: 0,0000246 seconds
2017-06-09T08:29:01.108+0200: 1297,858: Total time for which application threads were stopped: 0,0000963 seconds, Stopping threads took: 0,0000184 seconds
2017-06-09T08:29:01.108+0200: 1297,859: Total time for which application threads were stopped: 0,0000707 seconds, Stopping threads took: 0,0000240 seconds
2017-06-09T08:29:01.110+0200: 1297,860: Total time for which application threads were stopped: 0,0001167 seconds, Stopping threads took: 0,0000371 seconds
2017-06-09T08:29:01.110+0200: 1297,860: Total time for which application threads were stopped: 0,0000552 seconds, Stopping threads took: 0,0000139 seconds
2017-06-09T08:29:01.110+0200: 1297,860: Total time for which application threads were stopped: 0,0000480 seconds, Stopping threads took: 0,0000158 seconds
2017-06-09T08:29:01.110+0200: 1297,861: Total time for which application threads were stopped: 0,0000431 seconds, Stopping threads took: 0,0000144 seconds
2017-06-09T08:29:01.110+0200: 1297,861: Total time for which application threads were stopped: 0,0000477 seconds, Stopping threads took: 0,0000147 seconds
2017-06-09T08:29:01.110+0200: 1297,861: Total time for which application threads were stopped: 0,0000429 seconds, Stopping threads took: 0,0000131 seconds
2017-06-09T08:29:01.110+0200: 1297,861: Total time for which application threads were stopped: 0,0000438 seconds, Stopping threads took: 0,0000112 seconds
2017-06-09T08:29:01.111+0200: 1297,861: Total time for which application threads were stopped: 0,0000414 seconds, Stopping threads took: 0,0000111 seconds
2017-06-09T08:29:01.144+0200: 1297,894: Total time for which application threads were stopped: 0,0000973 seconds, Stopping threads took: 0,0000346 seconds
2017-06-09T08:29:01.157+0200: 1297,908: Total time for which application threads were stopped: 0,0000970 seconds, Stopping threads took: 0,0000253 seconds
2017-06-09T08:29:01.158+0200: 1297,908: Total time for which application threads were stopped: 0,0000466 seconds, Stopping threads took: 0,0000117 seconds
2017-06-09T08:29:01.158+0200: 1297,908: Total time for which application threads were stopped: 0,0000396 seconds, Stopping threads took: 0,0000112 seconds
2017-06-09T08:29:01.158+0200: 1297,908: Total time for which application threads were stopped: 0,0000390 seconds, Stopping threads took: 0,0000111 seconds
2017-06-09T08:29:01.158+0200: 1297,908: Total time for which application threads were stopped: 0,0000432 seconds, Stopping threads took: 0,0000114 seconds
2017-06-09T08:29:01.162+0200: 1297,912: Total time for which application threads were stopped: 0,0000997 seconds, Stopping threads took: 0,0000272 seconds
2017-06-09T08:29:01.162+0200: 1297,913: Total time for which application threads were stopped: 0,0000472 seconds, Stopping threads took: 0,0000125 seconds
2017-06-09T08:29:01.162+0200: 1297,913: Total time for which application threads were stopped: 0,0000446 seconds, Stopping threads took: 0,0000130 seconds
2017-06-09T08:29:01.162+0200: 1297,913: Total time for which application threads were stopped: 0,0000418 seconds, Stopping threads took: 0,0000123 seconds
2017-06-09T08:29:01.166+0200: 1297,916: Total time for which application threads were stopped: 0,0000964 seconds, Stopping threads took: 0,0000314 seconds
2017-06-09T08:29:01.167+0200: 1297,917: Total time for which application threads were stopped: 0,0010708 seconds, Stopping threads took: 0,0000118 seconds
2017-06-09T08:29:01.168+0200: 1297,919: Total time for which application threads were stopped: 0,0000896 seconds, Stopping threads took: 0,0000293 seconds
2017-06-09T08:29:01.168+0200: 1297,919: Total time for which application threads were stopped: 0,0000506 seconds, Stopping threads took: 0,0000159 seconds
2017-06-09T08:29:01.169+0200: 1297,919: Total time for which application threads were stopped: 0,0000488 seconds, Stopping threads took: 0,0000148 seconds
2017-06-09T08:29:01.169+0200: 1297,920: Total time for which application threads were stopped: 0,0006448 seconds, Stopping threads took: 0,0005999 seconds
2017-06-09T08:29:01.169+0200: 1297,920: Total time for which application threads were stopped: 0,0000721 seconds, Stopping threads took: 0,0000341 seconds
2017-06-09T08:29:01.179+0200: 1297,929: Total time for which application threads were stopped: 0,0001093 seconds, Stopping threads took: 0,0000340 seconds
2017-06-09T08:29:01.180+0200: 1297,931: Total time for which application threads were stopped: 0,0001001 seconds, Stopping threads took: 0,0000320 seconds
2017-06-09T08:29:01.181+0200: 1297,932: Total time for which application threads were stopped: 0,0000945 seconds, Stopping threads took: 0,0000299 seconds
2017-06-09T08:29:01.182+0200: 1297,932: Total time for which application threads were stopped: 0,0000539 seconds, Stopping threads took: 0,0000146 seconds
2017-06-09T08:29:01.182+0200: 1297,932: Total time for which application threads were stopped: 0,0000441 seconds, Stopping threads took: 0,0000139 seconds
2017-06-09T08:29:01.182+0200: 1297,932: Total time for which application threads were stopped: 0,0000407 seconds, Stopping threads took: 0,0000115 seconds
2017-06-09T08:29:01.183+0200: 1297,933: Total time for which application threads were stopped: 0,0000916 seconds, Stopping threads took: 0,0000293 seconds
2017-06-09T08:29:01.183+0200: 1297,933: Total time for which application threads were stopped: 0,0000569 seconds, Stopping threads took: 0,0000179 seconds
2017-06-09T08:29:01.183+0200: 1297,933: Total time for which application threads were stopped: 0,0000515 seconds, Stopping threads took: 0,0000159 seconds
2017-06-09T08:29:01.183+0200: 1297,934: Total time for which application threads were stopped: 0,0000514 seconds, Stopping threads took: 0,0000178 seconds
2017-06-09T08:29:01.183+0200: 1297,934: Total time for which application threads were stopped: 0,0000371 seconds, Stopping threads took: 0,0000059 seconds
2017-06-09T08:29:01.193+0200: 1297,943: Total time for which application threads were stopped: 0,0092522 seconds, Stopping threads took: 0,0091722 seconds
2017-06-09T08:29:01.193+0200: 1297,943: Total time for which application threads were stopped: 0,0000604 seconds, Stopping threads took: 0,0000114 seconds
2017-06-09T08:29:01.193+0200: 1297,944: Total time for which application threads were stopped: 0,0000798 seconds, Stopping threads took: 0,0000227 seconds
2017-06-09T08:29:01.193+0200: 1297,944: Total time for which application threads were stopped: 0,0000443 seconds, Stopping threads took: 0,0000087 seconds
2017-06-09T08:29:01.194+0200: 1297,944: Total time for which application threads were stopped: 0,0000330 seconds, Stopping threads took: 0,0000051 seconds
2017-06-09T08:29:01.194+0200: 1297,944: Total time for which application threads were stopped: 0,0000307 seconds, Stopping threads took: 0,0000046 seconds
2017-06-09T08:29:01.194+0200: 1297,944: Total time for which application threads were stopped: 0,0000325 seconds, Stopping threads took: 0,0000042 seconds
2017-06-09T08:29:01.194+0200: 1297,944: Total time for which application threads were stopped: 0,0000318 seconds, Stopping threads took: 0,0000044 seconds
2017-06-09T08:29:01.194+0200: 1297,944: Total time for which application threads were stopped: 0,0000759 seconds, Stopping threads took: 0,0000259 seconds
2017-06-09T08:29:01.194+0200: 1297,945: Total time for which application threads were stopped: 0,0000483 seconds, Stopping threads took: 0,0000177 seconds
2017-06-09T08:29:01.198+0200: 1297,948: Total time for which application threads were stopped: 0,0008127 seconds, Stopping threads took: 0,0005502 seconds
2017-06-09T08:29:01.207+0200: 1297,957: Total time for which application threads were stopped: 0,0001040 seconds, Stopping threads took: 0,0000375 seconds
2017-06-09T08:29:01.208+0200: 1297,958: Total time for which application threads were stopped: 0,0000709 seconds, Stopping threads took: 0,0000220 seconds
2017-06-09T08:29:01.208+0200: 1297,958: Total time for which application threads were stopped: 0,0000412 seconds, Stopping threads took: 0,0000114 seconds
2017-06-09T08:29:01.209+0200: 1297,960: Total time for which application threads were stopped: 0,0001110 seconds, Stopping threads took: 0,0000394 seconds
2017-06-09T08:29:01.210+0200: 1297,960: Total time for which application threads were stopped: 0,0000355 seconds, Stopping threads took: 0,0000052 seconds
2017-06-09T08:29:01.210+0200: 1297,961: Total time for which application threads were stopped: 0,0000850 seconds, Stopping threads took: 0,0000093 seconds
2017-06-09T08:29:01.212+0200: 1297,962: Total time for which application threads were stopped: 0,0004575 seconds, Stopping threads took: 0,0003927 seconds
2017-06-09T08:29:01.212+0200: 1297,963: Total time for which application threads were stopped: 0,0001013 seconds, Stopping threads took: 0,0000164 seconds
Heap
 par new generation   total 109248K, used 43104K [0x00000000e0000000, 0x00000000e8000000, 0x00000000e8000000)
  eden space 87424K,  31% used [0x00000000e0000000, 0x00000000e1affb50, 0x00000000e5560000)
  from space 21824K,  70% used [0x00000000e5560000, 0x00000000e6478730, 0x00000000e6ab0000)
  to   space 21824K,   0% used [0x00000000e6ab0000, 0x00000000e6ab0000, 0x00000000e8000000)
 concurrent mark-sweep generation total 393216K, used 6869K [0x00000000e8000000, 0x0000000100000000, 0x0000000100000000)
 Metaspace       used 28126K, capacity 28595K, committed 28740K, reserved 1075200K
  class space    used 3219K, capacity 3381K, committed 3400K, reserved 1048576K
