OpenJDK 64-Bit Server VM (25.121-b13) for linux-amd64 JRE (1.8.0_121-8u121-b13-0ubuntu1.16.04.2-b13), built on Jan 23 2017 15:51:29 by "buildd" with gcc 5.4.0 20160609
Memory: 4k page, physical 7867764k(7422596k free), swap 8076284k(8076284k free)
CommandLine flags: -XX:CMSInitiatingOccupancyFraction=50 -XX:CMSMaxAbortablePrecleanTime=6000 -XX:+CMSParallelRemarkEnabled -XX:+CMSScavengeBeforeRemark -XX:ConcGCThreads=4 -XX:InitialHeapSize=536870912 -XX:MaxHeapSize=536870912 -XX:MaxTenuringThreshold=8 -XX:NewRatio=3 -XX:OldPLABSize=16 -XX:OnOutOfMemoryError=/opt/solr/bin/oom_solr.sh 8983 /var/solr/logs -XX:ParallelGCThreads=4 -XX:+ParallelRefProcEnabled -XX:PretenureSizeThreshold=67108864 -XX:+PrintGC -XX:+PrintGCApplicationStoppedTime -XX:+PrintGCDateStamps -XX:+PrintGCDetails -XX:+PrintGCTimeStamps -XX:+PrintHeapAtGC -XX:+PrintTenuringDistribution -XX:SurvivorRatio=4 -XX:TargetSurvivorRatio=90 -XX:ThreadStackSize=256 -XX:+UseCMSInitiatingOccupancyOnly -XX:+UseCompressedClassPointers -XX:+UseCompressedOops -XX:+UseConcMarkSweepGC -XX:+UseParNewGC 
2017-04-22T15:28:04.979+0200: 0,151: Total time for which application threads were stopped: 0,0000727 seconds, Stopping threads took: 0,0000099 seconds
2017-04-22T15:28:05.065+0200: 0,237: Total time for which application threads were stopped: 0,0001331 seconds, Stopping threads took: 0,0000160 seconds
2017-04-22T15:28:05.089+0200: 0,261: Total time for which application threads were stopped: 0,0001337 seconds, Stopping threads took: 0,0000344 seconds
2017-04-22T15:28:05.401+0200: 0,574: Total time for which application threads were stopped: 0,0001523 seconds, Stopping threads took: 0,0000123 seconds
2017-04-22T15:28:05.917+0200: 1,090: Total time for which application threads were stopped: 0,0001938 seconds, Stopping threads took: 0,0000286 seconds
2017-04-22T15:28:06.027+0200: 1,199: Total time for which application threads were stopped: 0,0001305 seconds, Stopping threads took: 0,0000234 seconds
2017-04-22T15:28:06.055+0200: 1,227: Total time for which application threads were stopped: 0,0001887 seconds, Stopping threads took: 0,0000478 seconds
2017-04-22T15:28:06.336+0200: 1,508: Total time for which application threads were stopped: 0,0003841 seconds, Stopping threads took: 0,0000969 seconds
2017-04-22T15:28:06.600+0200: 1,772: Total time for which application threads were stopped: 0,0005695 seconds, Stopping threads took: 0,0000142 seconds
2017-04-22T15:28:06.628+0200: 1,800: Total time for which application threads were stopped: 0,0001764 seconds, Stopping threads took: 0,0000144 seconds
2017-04-22T15:28:06.661+0200: 1,833: Total time for which application threads were stopped: 0,0002212 seconds, Stopping threads took: 0,0000303 seconds
2017-04-22T15:28:06.661+0200: 1,834: Total time for which application threads were stopped: 0,0001606 seconds, Stopping threads took: 0,0000107 seconds
2017-04-22T15:28:06.678+0200: 1,850: Total time for which application threads were stopped: 0,0001844 seconds, Stopping threads took: 0,0000210 seconds
2017-04-22T15:28:06.755+0200: 1,927: Total time for which application threads were stopped: 0,0002318 seconds, Stopping threads took: 0,0000262 seconds
2017-04-22T15:28:06.935+0200: 2,107: Total time for which application threads were stopped: 0,0006225 seconds, Stopping threads took: 0,0003655 seconds
{Heap before GC invocations=0 (full 0):
 par new generation   total 109248K, used 87424K [0x00000000e0000000, 0x00000000e8000000, 0x00000000e8000000)
  eden space 87424K, 100% used [0x00000000e0000000, 0x00000000e5560000, 0x00000000e5560000)
  from space 21824K,   0% used [0x00000000e5560000, 0x00000000e5560000, 0x00000000e6ab0000)
  to   space 21824K,   0% used [0x00000000e6ab0000, 0x00000000e6ab0000, 0x00000000e8000000)
 concurrent mark-sweep generation total 393216K, used 0K [0x00000000e8000000, 0x0000000100000000, 0x0000000100000000)
 Metaspace       used 18031K, capacity 18336K, committed 18688K, reserved 1064960K
  class space    used 2038K, capacity 2196K, committed 2304K, reserved 1048576K
2017-04-22T15:28:07.039+0200: 2,211: [GC (Allocation Failure) 2017-04-22T15:28:07.039+0200: 2,211: [ParNew
Desired survivor size 20112992 bytes, new threshold 8 (max 8)
- age   1:   12607224 bytes,   12607224 total
: 87424K->12427K(109248K), 0,0183145 secs] 87424K->12427K(502464K), 0,0184114 secs] [Times: user=0,04 sys=0,02, real=0,01 secs] 
Heap after GC invocations=1 (full 0):
 par new generation   total 109248K, used 12427K [0x00000000e0000000, 0x00000000e8000000, 0x00000000e8000000)
  eden space 87424K,   0% used [0x00000000e0000000, 0x00000000e0000000, 0x00000000e5560000)
  from space 21824K,  56% used [0x00000000e6ab0000, 0x00000000e76d2f80, 0x00000000e8000000)
  to   space 21824K,   0% used [0x00000000e5560000, 0x00000000e5560000, 0x00000000e6ab0000)
 concurrent mark-sweep generation total 393216K, used 0K [0x00000000e8000000, 0x0000000100000000, 0x0000000100000000)
 Metaspace       used 18031K, capacity 18336K, committed 18688K, reserved 1064960K
  class space    used 2038K, capacity 2196K, committed 2304K, reserved 1048576K
}
2017-04-22T15:28:07.057+0200: 2,230: Total time for which application threads were stopped: 0,0187501 seconds, Stopping threads took: 0,0001015 seconds
2017-04-22T15:28:07.368+0200: 2,540: Total time for which application threads were stopped: 0,0003759 seconds, Stopping threads took: 0,0000653 seconds
{Heap before GC invocations=1 (full 0):
 par new generation   total 109248K, used 99851K [0x00000000e0000000, 0x00000000e8000000, 0x00000000e8000000)
  eden space 87424K, 100% used [0x00000000e0000000, 0x00000000e5560000, 0x00000000e5560000)
  from space 21824K,  56% used [0x00000000e6ab0000, 0x00000000e76d2f80, 0x00000000e8000000)
  to   space 21824K,   0% used [0x00000000e5560000, 0x00000000e5560000, 0x00000000e6ab0000)
 concurrent mark-sweep generation total 393216K, used 0K [0x00000000e8000000, 0x0000000100000000, 0x0000000100000000)
 Metaspace       used 20050K, capacity 20352K, committed 20736K, reserved 1067008K
  class space    used 2295K, capacity 2466K, committed 2560K, reserved 1048576K
2017-04-22T15:28:07.419+0200: 2,592: [GC (Allocation Failure) 2017-04-22T15:28:07.419+0200: 2,592: [ParNew
Desired survivor size 20112992 bytes, new threshold 8 (max 8)
- age   1:    3663880 bytes,    3663880 total
- age   2:    6663040 bytes,   10326920 total
: 99851K->13712K(109248K), 0,0185540 secs] 99851K->13712K(502464K), 0,0186352 secs] [Times: user=0,06 sys=0,00, real=0,01 secs] 
Heap after GC invocations=2 (full 0):
 par new generation   total 109248K, used 13712K [0x00000000e0000000, 0x00000000e8000000, 0x00000000e8000000)
  eden space 87424K,   0% used [0x00000000e0000000, 0x00000000e0000000, 0x00000000e5560000)
  from space 21824K,  62% used [0x00000000e5560000, 0x00000000e62c42b0, 0x00000000e6ab0000)
  to   space 21824K,   0% used [0x00000000e6ab0000, 0x00000000e6ab0000, 0x00000000e8000000)
 concurrent mark-sweep generation total 393216K, used 0K [0x00000000e8000000, 0x0000000100000000, 0x0000000100000000)
 Metaspace       used 20050K, capacity 20352K, committed 20736K, reserved 1067008K
  class space    used 2295K, capacity 2466K, committed 2560K, reserved 1048576K
}
2017-04-22T15:28:07.438+0200: 2,610: Total time for which application threads were stopped: 0,0188603 seconds, Stopping threads took: 0,0000629 seconds
2017-04-22T15:28:07.440+0200: 2,613: Total time for which application threads were stopped: 0,0023641 seconds, Stopping threads took: 0,0020860 seconds
2017-04-22T15:28:07.482+0200: 2,654: Total time for which application threads were stopped: 0,0003420 seconds, Stopping threads took: 0,0000237 seconds
2017-04-22T15:28:07.610+0200: 2,783: Total time for which application threads were stopped: 0,0001573 seconds, Stopping threads took: 0,0000326 seconds
2017-04-22T15:28:07.654+0200: 2,826: Total time for which application threads were stopped: 0,0001685 seconds, Stopping threads took: 0,0000590 seconds
{Heap before GC invocations=2 (full 0):
 par new generation   total 109248K, used 101152K [0x00000000e0000000, 0x00000000e8000000, 0x00000000e8000000)
  eden space 87424K, 100% used [0x00000000e0000000, 0x00000000e5560000, 0x00000000e5560000)
  from space 21824K,  62% used [0x00000000e5560000, 0x00000000e62c82c0, 0x00000000e6ab0000)
  to   space 21824K,   0% used [0x00000000e6ab0000, 0x00000000e6ab0000, 0x00000000e8000000)
 concurrent mark-sweep generation total 393216K, used 0K [0x00000000e8000000, 0x0000000100000000, 0x0000000100000000)
 Metaspace       used 21020K, capacity 21402K, committed 21628K, reserved 1069056K
  class space    used 2420K, capacity 2585K, committed 2684K, reserved 1048576K
2017-04-22T15:28:07.659+0200: 2,831: [GC (Allocation Failure) 2017-04-22T15:28:07.659+0200: 2,831: [ParNew
Desired survivor size 20112992 bytes, new threshold 8 (max 8)
- age   1:    2077608 bytes,    2077608 total
- age   2:     854344 bytes,    2931952 total
- age   3:    6660768 bytes,    9592720 total
: 101152K->11481K(109248K), 0,0096443 secs] 101152K->11481K(502464K), 0,0097248 secs] [Times: user=0,04 sys=0,00, real=0,01 secs] 
Heap after GC invocations=3 (full 0):
 par new generation   total 109248K, used 11481K [0x00000000e0000000, 0x00000000e8000000, 0x00000000e8000000)
  eden space 87424K,   0% used [0x00000000e0000000, 0x00000000e0000000, 0x00000000e5560000)
  from space 21824K,  52% used [0x00000000e6ab0000, 0x00000000e75e6640, 0x00000000e8000000)
  to   space 21824K,   0% used [0x00000000e5560000, 0x00000000e5560000, 0x00000000e6ab0000)
 concurrent mark-sweep generation total 393216K, used 0K [0x00000000e8000000, 0x0000000100000000, 0x0000000100000000)
 Metaspace       used 21020K, capacity 21402K, committed 21628K, reserved 1069056K
  class space    used 2420K, capacity 2585K, committed 2684K, reserved 1048576K
}
2017-04-22T15:28:07.669+0200: 2,841: Total time for which application threads were stopped: 0,0099418 seconds, Stopping threads took: 0,0000456 seconds
{Heap before GC invocations=3 (full 0):
 par new generation   total 109248K, used 16991K [0x00000000e0000000, 0x00000000e8000000, 0x00000000e8000000)
  eden space 87424K,   6% used [0x00000000e0000000, 0x00000000e0561890, 0x00000000e5560000)
  from space 21824K,  52% used [0x00000000e6ab0000, 0x00000000e75e6640, 0x00000000e8000000)
  to   space 21824K,   0% used [0x00000000e5560000, 0x00000000e5560000, 0x00000000e6ab0000)
 concurrent mark-sweep generation total 393216K, used 0K [0x00000000e8000000, 0x0000000100000000, 0x0000000100000000)
 Metaspace       used 21020K, capacity 21402K, committed 21628K, reserved 1069056K
  class space    used 2420K, capacity 2585K, committed 2684K, reserved 1048576K
2017-04-22T15:28:07.676+0200: 2,849: [GC (GCLocker Initiated GC) 2017-04-22T15:28:07.676+0200: 2,849: [ParNew
Desired survivor size 20112992 bytes, new threshold 8 (max 8)
- age   1:     137864 bytes,     137864 total
- age   2:    1462864 bytes,    1600728 total
- age   3:     825112 bytes,    2425840 total
- age   4:    6660704 bytes,    9086544 total
: 16991K->14806K(109248K), 0,0126929 secs] 16991K->14806K(502464K), 0,0127774 secs] [Times: user=0,04 sys=0,00, real=0,02 secs] 
Heap after GC invocations=4 (full 0):
 par new generation   total 109248K, used 14806K [0x00000000e0000000, 0x00000000e8000000, 0x00000000e8000000)
  eden space 87424K,   0% used [0x00000000e0000000, 0x00000000e0000000, 0x00000000e5560000)
  from space 21824K,  67% used [0x00000000e5560000, 0x00000000e63d5b70, 0x00000000e6ab0000)
  to   space 21824K,   0% used [0x00000000e6ab0000, 0x00000000e6ab0000, 0x00000000e8000000)
 concurrent mark-sweep generation total 393216K, used 0K [0x00000000e8000000, 0x0000000100000000, 0x0000000100000000)
 Metaspace       used 21020K, capacity 21402K, committed 21628K, reserved 1069056K
  class space    used 2420K, capacity 2585K, committed 2684K, reserved 1048576K
}
2017-04-22T15:28:07.689+0200: 2,861: Total time for which application threads were stopped: 0,0129976 seconds, Stopping threads took: 0,0000450 seconds
2017-04-22T15:28:07.689+0200: 2,862: [GC (CMS Initial Mark) [1 CMS-initial-mark: 0K(393216K)] 16214K(502464K), 0,0034912 secs] [Times: user=0,01 sys=0,00, real=0,00 secs] 
2017-04-22T15:28:07.693+0200: 2,865: Total time for which application threads were stopped: 0,0036495 seconds, Stopping threads took: 0,0000441 seconds
2017-04-22T15:28:07.693+0200: 2,865: [CMS-concurrent-mark-start]
2017-04-22T15:28:07.705+0200: 2,878: [CMS-concurrent-mark: 0,013/0,013 secs] [Times: user=0,05 sys=0,00, real=0,01 secs] 
2017-04-22T15:28:07.705+0200: 2,878: [CMS-concurrent-preclean-start]
2017-04-22T15:28:07.706+0200: 2,879: [CMS-concurrent-preclean: 0,001/0,001 secs] [Times: user=0,00 sys=0,00, real=0,01 secs] 
2017-04-22T15:28:07.706+0200: 2,879: [CMS-concurrent-abortable-preclean-start]
2017-04-22T15:28:07.738+0200: 2,911: Total time for which application threads were stopped: 0,0001590 seconds, Stopping threads took: 0,0000574 seconds
{Heap before GC invocations=4 (full 1):
 par new generation   total 109248K, used 102230K [0x00000000e0000000, 0x00000000e8000000, 0x00000000e8000000)
  eden space 87424K, 100% used [0x00000000e0000000, 0x00000000e5560000, 0x00000000e5560000)
  from space 21824K,  67% used [0x00000000e5560000, 0x00000000e63d5b70, 0x00000000e6ab0000)
  to   space 21824K,   0% used [0x00000000e6ab0000, 0x00000000e6ab0000, 0x00000000e8000000)
 concurrent mark-sweep generation total 393216K, used 0K [0x00000000e8000000, 0x0000000100000000, 0x0000000100000000)
 Metaspace       used 21281K, capacity 21632K, committed 21884K, reserved 1069056K
  class space    used 2448K, capacity 2603K, committed 2684K, reserved 1048576K
2017-04-22T15:28:07.816+0200: 2,988: [GC (Allocation Failure) 2017-04-22T15:28:07.816+0200: 2,988: [ParNew
Desired survivor size 20112992 bytes, new threshold 8 (max 8)
- age   1:     920496 bytes,     920496 total
- age   2:       2328 bytes,     922824 total
- age   3:    1458896 bytes,    2381720 total
- age   4:     819064 bytes,    3200784 total
- age   5:    6660816 bytes,    9861600 total
: 102230K->11917K(109248K), 0,0104834 secs] 102230K->11917K(502464K), 0,0105586 secs] [Times: user=0,03 sys=0,00, real=0,01 secs] 
Heap after GC invocations=5 (full 1):
 par new generation   total 109248K, used 11917K [0x00000000e0000000, 0x00000000e8000000, 0x00000000e8000000)
  eden space 87424K,   0% used [0x00000000e0000000, 0x00000000e0000000, 0x00000000e5560000)
  from space 21824K,  54% used [0x00000000e6ab0000, 0x00000000e76535e0, 0x00000000e8000000)
  to   space 21824K,   0% used [0x00000000e5560000, 0x00000000e5560000, 0x00000000e6ab0000)
 concurrent mark-sweep generation total 393216K, used 0K [0x00000000e8000000, 0x0000000100000000, 0x0000000100000000)
 Metaspace       used 21281K, capacity 21632K, committed 21884K, reserved 1069056K
  class space    used 2448K, capacity 2603K, committed 2684K, reserved 1048576K
}
2017-04-22T15:28:07.826+0200: 2,999: Total time for which application threads were stopped: 0,0108464 seconds, Stopping threads took: 0,0001233 seconds
{Heap before GC invocations=5 (full 1):
 par new generation   total 109248K, used 99341K [0x00000000e0000000, 0x00000000e8000000, 0x00000000e8000000)
  eden space 87424K, 100% used [0x00000000e0000000, 0x00000000e5560000, 0x00000000e5560000)
  from space 21824K,  54% used [0x00000000e6ab0000, 0x00000000e76535e0, 0x00000000e8000000)
  to   space 21824K,   0% used [0x00000000e5560000, 0x00000000e5560000, 0x00000000e6ab0000)
 concurrent mark-sweep generation total 393216K, used 0K [0x00000000e8000000, 0x0000000100000000, 0x0000000100000000)
 Metaspace       used 21531K, capacity 21868K, committed 21960K, reserved 1069056K
  class space    used 2475K, capacity 2637K, committed 2684K, reserved 1048576K
2017-04-22T15:28:07.923+0200: 3,095: [GC (Allocation Failure) 2017-04-22T15:28:07.923+0200: 3,095: [ParNew2017-04-22T15:28:07.928+0200: 3,100: [CMS-concurrent-abortable-preclean: 0,110/0,221 secs] [Times: user=0,82 sys=0,00, real=0,22 secs] 

Desired survivor size 20112992 bytes, new threshold 8 (max 8)
- age   1:     444440 bytes,     444440 total
- age   2:     198856 bytes,     643296 total
- age   3:       2088 bytes,     645384 total
- age   4:    1453800 bytes,    2099184 total
- age   5:     819008 bytes,    2918192 total
- age   6:    6660776 bytes,    9578968 total
: 99341K->14535K(109248K), 0,0098842 secs] 99341K->14535K(502464K), 0,0099549 secs] [Times: user=0,03 sys=0,00, real=0,01 secs] 
Heap after GC invocations=6 (full 1):
 par new generation   total 109248K, used 14535K [0x00000000e0000000, 0x00000000e8000000, 0x00000000e8000000)
  eden space 87424K,   0% used [0x00000000e0000000, 0x00000000e0000000, 0x00000000e5560000)
  from space 21824K,  66% used [0x00000000e5560000, 0x00000000e6391f50, 0x00000000e6ab0000)
  to   space 21824K,   0% used [0x00000000e6ab0000, 0x00000000e6ab0000, 0x00000000e8000000)
 concurrent mark-sweep generation total 393216K, used 0K [0x00000000e8000000, 0x0000000100000000, 0x0000000100000000)
 Metaspace       used 21531K, capacity 21868K, committed 21960K, reserved 1069056K
  class space    used 2475K, capacity 2637K, committed 2684K, reserved 1048576K
}
2017-04-22T15:28:07.933+0200: 3,105: Total time for which application threads were stopped: 0,0101485 seconds, Stopping threads took: 0,0000504 seconds
2017-04-22T15:28:07.933+0200: 3,105: [GC (CMS Final Remark) [YG occupancy: 15197 K (109248 K)]{Heap before GC invocations=6 (full 1):
 par new generation   total 109248K, used 15197K [0x00000000e0000000, 0x00000000e8000000, 0x00000000e8000000)
  eden space 87424K,   0% used [0x00000000e0000000, 0x00000000e00a5720, 0x00000000e5560000)
  from space 21824K,  66% used [0x00000000e5560000, 0x00000000e6391f50, 0x00000000e6ab0000)
  to   space 21824K,   0% used [0x00000000e6ab0000, 0x00000000e6ab0000, 0x00000000e8000000)
 concurrent mark-sweep generation total 393216K, used 0K [0x00000000e8000000, 0x0000000100000000, 0x0000000100000000)
 Metaspace       used 21531K, capacity 21868K, committed 21960K, reserved 1069056K
  class space    used 2475K, capacity 2637K, committed 2684K, reserved 1048576K
2017-04-22T15:28:07.933+0200: 3,105: [GC (CMS Final Remark) 2017-04-22T15:28:07.933+0200: 3,105: [ParNew
Desired survivor size 20112992 bytes, new threshold 8 (max 8)
- age   1:      29016 bytes,      29016 total
- age   2:     444440 bytes,     473456 total
- age   3:     198856 bytes,     672312 total
- age   4:       2088 bytes,     674400 total
- age   5:    1453800 bytes,    2128200 total
- age   6:     818984 bytes,    2947184 total
- age   7:    6660840 bytes,    9608024 total
: 15197K->12141K(109248K), 0,0095792 secs] 15197K->12141K(502464K), 0,0096139 secs] [Times: user=0,03 sys=0,00, real=0,01 secs] 
Heap after GC invocations=7 (full 1):
 par new generation   total 109248K, used 12141K [0x00000000e0000000, 0x00000000e8000000, 0x00000000e8000000)
  eden space 87424K,   0% used [0x00000000e0000000, 0x00000000e0000000, 0x00000000e5560000)
  from space 21824K,  55% used [0x00000000e6ab0000, 0x00000000e768b660, 0x00000000e8000000)
  to   space 21824K,   0% used [0x00000000e5560000, 0x00000000e5560000, 0x00000000e6ab0000)
 concurrent mark-sweep generation total 393216K, used 0K [0x00000000e8000000, 0x0000000100000000, 0x0000000100000000)
 Metaspace       used 21531K, capacity 21868K, committed 21960K, reserved 1069056K
  class space    used 2475K, capacity 2637K, committed 2684K, reserved 1048576K
}
2017-04-22T15:28:07.943+0200: 3,115: [Rescan (parallel) , 0,0035099 secs]2017-04-22T15:28:07.946+0200: 3,119: [weak refs processing, 0,0027384 secs]2017-04-22T15:28:07.949+0200: 3,121: [class unloading, 0,0031491 secs]2017-04-22T15:28:07.952+0200: 3,124: [scrub symbol table, 0,0032350 secs]2017-04-22T15:28:07.955+0200: 3,128: [scrub string table, 0,0003986 secs][1 CMS-remark: 0K(393216K)] 12141K(502464K), 0,0233533 secs] [Times: user=0,06 sys=0,00, real=0,02 secs] 
2017-04-22T15:28:07.956+0200: 3,129: Total time for which application threads were stopped: 0,0234721 seconds, Stopping threads took: 0,0000376 seconds
2017-04-22T15:28:07.956+0200: 3,129: [CMS-concurrent-sweep-start]
2017-04-22T15:28:07.956+0200: 3,129: [CMS-concurrent-sweep: 0,000/0,000 secs] [Times: user=0,00 sys=0,00, real=0,00 secs] 
2017-04-22T15:28:07.956+0200: 3,129: [CMS-concurrent-reset-start]
2017-04-22T15:28:07.958+0200: 3,131: [CMS-concurrent-reset: 0,002/0,002 secs] [Times: user=0,00 sys=0,01, real=0,01 secs] 
2017-04-22T15:28:07.972+0200: 3,144: Total time for which application threads were stopped: 0,0003679 seconds, Stopping threads took: 0,0000283 seconds
2017-04-22T15:28:08.107+0200: 3,279: Total time for which application threads were stopped: 0,0004999 seconds, Stopping threads took: 0,0000637 seconds
2017-04-22T15:28:08.155+0200: 3,327: Total time for which application threads were stopped: 0,0004057 seconds, Stopping threads took: 0,0000400 seconds
2017-04-22T15:28:08.173+0200: 3,345: Total time for which application threads were stopped: 0,0003611 seconds, Stopping threads took: 0,0000273 seconds
{Heap before GC invocations=7 (full 1):
 par new generation   total 109248K, used 99565K [0x00000000e0000000, 0x00000000e8000000, 0x00000000e8000000)
  eden space 87424K, 100% used [0x00000000e0000000, 0x00000000e5560000, 0x00000000e5560000)
  from space 21824K,  55% used [0x00000000e6ab0000, 0x00000000e768b660, 0x00000000e8000000)
  to   space 21824K,   0% used [0x00000000e5560000, 0x00000000e5560000, 0x00000000e6ab0000)
 concurrent mark-sweep generation total 393216K, used 0K [0x00000000e8000000, 0x0000000100000000, 0x0000000100000000)
 Metaspace       used 23806K, capacity 24238K, committed 24572K, reserved 1071104K
  class space    used 2792K, capacity 2980K, committed 3068K, reserved 1048576K
2017-04-22T15:28:08.335+0200: 3,507: [GC (Allocation Failure) 2017-04-22T15:28:08.335+0200: 3,508: [ParNew
Desired survivor size 20112992 bytes, new threshold 8 (max 8)
- age   1:    5106096 bytes,    5106096 total
- age   3:     180520 bytes,    5286616 total
- age   4:     198248 bytes,    5484864 total
- age   5:       2088 bytes,    5486952 total
- age   6:     285568 bytes,    5772520 total
- age   7:     794720 bytes,    6567240 total
- age   8:    6652600 bytes,   13219840 total
: 99565K->15022K(109248K), 0,0142035 secs] 99565K->15022K(502464K), 0,0143150 secs] [Times: user=0,04 sys=0,00, real=0,02 secs] 
Heap after GC invocations=8 (full 1):
 par new generation   total 109248K, used 15022K [0x00000000e0000000, 0x00000000e8000000, 0x00000000e8000000)
  eden space 87424K,   0% used [0x00000000e0000000, 0x00000000e0000000, 0x00000000e5560000)
  from space 21824K,  68% used [0x00000000e5560000, 0x00000000e640b9a8, 0x00000000e6ab0000)
  to   space 21824K,   0% used [0x00000000e6ab0000, 0x00000000e6ab0000, 0x00000000e8000000)
 concurrent mark-sweep generation total 393216K, used 0K [0x00000000e8000000, 0x0000000100000000, 0x0000000100000000)
 Metaspace       used 23806K, capacity 24238K, committed 24572K, reserved 1071104K
  class space    used 2792K, capacity 2980K, committed 3068K, reserved 1048576K
}
2017-04-22T15:28:08.349+0200: 3,522: Total time for which application threads were stopped: 0,0146710 seconds, Stopping threads took: 0,0000913 seconds
{Heap before GC invocations=8 (full 1):
 par new generation   total 109248K, used 102446K [0x00000000e0000000, 0x00000000e8000000, 0x00000000e8000000)
  eden space 87424K, 100% used [0x00000000e0000000, 0x00000000e5560000, 0x00000000e5560000)
  from space 21824K,  68% used [0x00000000e5560000, 0x00000000e640b9a8, 0x00000000e6ab0000)
  to   space 21824K,   0% used [0x00000000e6ab0000, 0x00000000e6ab0000, 0x00000000e8000000)
 concurrent mark-sweep generation total 393216K, used 0K [0x00000000e8000000, 0x0000000100000000, 0x0000000100000000)
 Metaspace       used 24106K, capacity 24612K, committed 24828K, reserved 1071104K
  class space    used 2837K, capacity 3016K, committed 3068K, reserved 1048576K
2017-04-22T15:28:08.423+0200: 3,595: [GC (Allocation Failure) 2017-04-22T15:28:08.423+0200: 3,595: [ParNew
Desired survivor size 20112992 bytes, new threshold 8 (max 8)
- age   1:    1325568 bytes,    1325568 total
- age   2:    1950384 bytes,    3275952 total
- age   4:      81432 bytes,    3357384 total
- age   5:     113048 bytes,    3470432 total
- age   6:        936 bytes,    3471368 total
- age   7:     197264 bytes,    3668632 total
- age   8:     744336 bytes,    4412968 total
: 102446K->10838K(109248K), 0,0484674 secs] 102446K->16895K(502464K), 0,0485533 secs] [Times: user=0,14 sys=0,00, real=0,05 secs] 
Heap after GC invocations=9 (full 1):
 par new generation   total 109248K, used 10838K [0x00000000e0000000, 0x00000000e8000000, 0x00000000e8000000)
  eden space 87424K,   0% used [0x00000000e0000000, 0x00000000e0000000, 0x00000000e5560000)
  from space 21824K,  49% used [0x00000000e6ab0000, 0x00000000e7545800, 0x00000000e8000000)
  to   space 21824K,   0% used [0x00000000e5560000, 0x00000000e5560000, 0x00000000e6ab0000)
 concurrent mark-sweep generation total 393216K, used 6057K [0x00000000e8000000, 0x0000000100000000, 0x0000000100000000)
 Metaspace       used 24106K, capacity 24612K, committed 24828K, reserved 1071104K
  class space    used 2837K, capacity 3016K, committed 3068K, reserved 1048576K
}
2017-04-22T15:28:08.472+0200: 3,644: Total time for which application threads were stopped: 0,0498173 seconds, Stopping threads took: 0,0010507 seconds
2017-04-22T15:28:08.627+0200: 3,799: Total time for which application threads were stopped: 0,0001854 seconds, Stopping threads took: 0,0000462 seconds
{Heap before GC invocations=9 (full 1):
 par new generation   total 109248K, used 98294K [0x00000000e0000000, 0x00000000e8000000, 0x00000000e8000000)
  eden space 87424K, 100% used [0x00000000e0000000, 0x00000000e5560000, 0x00000000e5560000)
  from space 21824K,  49% used [0x00000000e6ab0000, 0x00000000e754d810, 0x00000000e8000000)
  to   space 21824K,   0% used [0x00000000e5560000, 0x00000000e5560000, 0x00000000e6ab0000)
 concurrent mark-sweep generation total 393216K, used 6057K [0x00000000e8000000, 0x0000000100000000, 0x0000000100000000)
 Metaspace       used 24574K, capacity 25038K, committed 25084K, reserved 1071104K
  class space    used 2869K, capacity 3050K, committed 3068K, reserved 1048576K
2017-04-22T15:28:08.627+0200: 3,800: [GC (Allocation Failure) 2017-04-22T15:28:08.627+0200: 3,800: [ParNew
Desired survivor size 20112992 bytes, new threshold 8 (max 8)
- age   1:    1219992 bytes,    1219992 total
- age   2:     568528 bytes,    1788520 total
- age   3:    1743312 bytes,    3531832 total
- age   5:      81400 bytes,    3613232 total
- age   6:     113016 bytes,    3726248 total
- age   7:        936 bytes,    3727184 total
- age   8:     194432 bytes,    3921616 total
: 98294K->5872K(109248K), 0,0204249 secs] 104351K->12669K(502464K), 0,0204949 secs] [Times: user=0,05 sys=0,00, real=0,02 secs] 
Heap after GC invocations=10 (full 1):
 par new generation   total 109248K, used 5872K [0x00000000e0000000, 0x00000000e8000000, 0x00000000e8000000)
  eden space 87424K,   0% used [0x00000000e0000000, 0x00000000e0000000, 0x00000000e5560000)
  from space 21824K,  26% used [0x00000000e5560000, 0x00000000e5b1c358, 0x00000000e6ab0000)
  to   space 21824K,   0% used [0x00000000e6ab0000, 0x00000000e6ab0000, 0x00000000e8000000)
 concurrent mark-sweep generation total 393216K, used 6796K [0x00000000e8000000, 0x0000000100000000, 0x0000000100000000)
 Metaspace       used 24574K, capacity 25038K, committed 25084K, reserved 1071104K
  class space    used 2869K, capacity 3050K, committed 3068K, reserved 1048576K
}
2017-04-22T15:28:08.648+0200: 3,820: Total time for which application threads were stopped: 0,0206697 seconds, Stopping threads took: 0,0000217 seconds
{Heap before GC invocations=10 (full 1):
 par new generation   total 109248K, used 6652K [0x00000000e0000000, 0x00000000e8000000, 0x00000000e8000000)
  eden space 87424K,   0% used [0x00000000e0000000, 0x00000000e00c2f58, 0x00000000e5560000)
  from space 21824K,  26% used [0x00000000e5560000, 0x00000000e5b1c358, 0x00000000e6ab0000)
  to   space 21824K,   0% used [0x00000000e6ab0000, 0x00000000e6ab0000, 0x00000000e8000000)
 concurrent mark-sweep generation total 393216K, used 6796K [0x00000000e8000000, 0x0000000100000000, 0x0000000100000000)
 Metaspace       used 24574K, capacity 25038K, committed 25084K, reserved 1071104K
  class space    used 2869K, capacity 3050K, committed 3068K, reserved 1048576K
2017-04-22T15:28:08.648+0200: 3,820: [GC (GCLocker Initiated GC) 2017-04-22T15:28:08.648+0200: 3,820: [ParNew
Desired survivor size 20112992 bytes, new threshold 8 (max 8)
- age   1:     135864 bytes,     135864 total
- age   2:    1187208 bytes,    1323072 total
- age   3:     568528 bytes,    1891600 total
- age   4:    1743312 bytes,    3634912 total
- age   6:      81400 bytes,    3716312 total
- age   7:     113016 bytes,    3829328 total
- age   8:        936 bytes,    3830264 total
: 6652K->4041K(109248K), 0,0087700 secs] 13449K->11034K(502464K), 0,0088353 secs] [Times: user=0,03 sys=0,00, real=0,00 secs] 
Heap after GC invocations=11 (full 1):
 par new generation   total 109248K, used 4041K [0x00000000e0000000, 0x00000000e8000000, 0x00000000e8000000)
  eden space 87424K,   0% used [0x00000000e0000000, 0x00000000e0000000, 0x00000000e5560000)
  from space 21824K,  18% used [0x00000000e6ab0000, 0x00000000e6ea2760, 0x00000000e8000000)
  to   space 21824K,   0% used [0x00000000e5560000, 0x00000000e5560000, 0x00000000e6ab0000)
 concurrent mark-sweep generation total 393216K, used 6992K [0x00000000e8000000, 0x0000000100000000, 0x0000000100000000)
 Metaspace       used 24574K, capacity 25038K, committed 25084K, reserved 1071104K
  class space    used 2869K, capacity 3050K, committed 3068K, reserved 1048576K
}
2017-04-22T15:28:08.657+0200: 3,829: Total time for which application threads were stopped: 0,0090216 seconds, Stopping threads took: 0,0000525 seconds
2017-04-22T15:28:08.879+0200: 4,051: Total time for which application threads were stopped: 0,0011182 seconds, Stopping threads took: 0,0008527 seconds
2017-04-22T15:28:08.881+0200: 4,053: Total time for which application threads were stopped: 0,0001382 seconds, Stopping threads took: 0,0000491 seconds
2017-04-22T15:28:08.881+0200: 4,054: Total time for which application threads were stopped: 0,0003529 seconds, Stopping threads took: 0,0002886 seconds
2017-04-22T15:28:08.884+0200: 4,056: Total time for which application threads were stopped: 0,0001241 seconds, Stopping threads took: 0,0000429 seconds
2017-04-22T15:28:08.885+0200: 4,057: Total time for which application threads were stopped: 0,0000913 seconds, Stopping threads took: 0,0000165 seconds
2017-04-22T15:28:08.886+0200: 4,059: Total time for which application threads were stopped: 0,0001245 seconds, Stopping threads took: 0,0000442 seconds
2017-04-22T15:28:08.887+0200: 4,059: Total time for which application threads were stopped: 0,0000684 seconds, Stopping threads took: 0,0000295 seconds
2017-04-22T15:28:08.891+0200: 4,063: Total time for which application threads were stopped: 0,0001599 seconds, Stopping threads took: 0,0000754 seconds
2017-04-22T15:28:08.891+0200: 4,064: Total time for which application threads were stopped: 0,0001085 seconds, Stopping threads took: 0,0000355 seconds
2017-04-22T15:28:08.895+0200: 4,067: Total time for which application threads were stopped: 0,0001520 seconds, Stopping threads took: 0,0000578 seconds
2017-04-22T15:28:08.910+0200: 4,082: Total time for which application threads were stopped: 0,0004282 seconds, Stopping threads took: 0,0001189 seconds
2017-04-22T15:28:08.919+0200: 4,091: Total time for which application threads were stopped: 0,0002509 seconds, Stopping threads took: 0,0001698 seconds
2017-04-22T15:28:08.923+0200: 4,095: Total time for which application threads were stopped: 0,0001350 seconds, Stopping threads took: 0,0000442 seconds
2017-04-22T15:28:08.928+0200: 4,100: Total time for which application threads were stopped: 0,0001325 seconds, Stopping threads took: 0,0000398 seconds
2017-04-22T15:28:08.930+0200: 4,103: Total time for which application threads were stopped: 0,0018560 seconds, Stopping threads took: 0,0017924 seconds
2017-04-22T15:28:08.931+0200: 4,104: Total time for which application threads were stopped: 0,0001082 seconds, Stopping threads took: 0,0000325 seconds
2017-04-22T15:28:08.935+0200: 4,107: Total time for which application threads were stopped: 0,0001080 seconds, Stopping threads took: 0,0000355 seconds
2017-04-22T15:28:08.938+0200: 4,111: Total time for which application threads were stopped: 0,0032770 seconds, Stopping threads took: 0,0031857 seconds
2017-04-22T15:28:08.939+0200: 4,111: Total time for which application threads were stopped: 0,0001044 seconds, Stopping threads took: 0,0000353 seconds
2017-04-22T15:28:08.939+0200: 4,112: Total time for which application threads were stopped: 0,0001145 seconds, Stopping threads took: 0,0000340 seconds
2017-04-22T15:28:08.942+0200: 4,114: Total time for which application threads were stopped: 0,0001198 seconds, Stopping threads took: 0,0000341 seconds
2017-04-22T15:28:08.945+0200: 4,117: Total time for which application threads were stopped: 0,0001332 seconds, Stopping threads took: 0,0000368 seconds
2017-04-22T15:28:08.947+0200: 4,119: Total time for which application threads were stopped: 0,0001273 seconds, Stopping threads took: 0,0000387 seconds
2017-04-22T15:28:08.951+0200: 4,123: Total time for which application threads were stopped: 0,0029340 seconds, Stopping threads took: 0,0026500 seconds
2017-04-22T15:28:08.951+0200: 4,124: Total time for which application threads were stopped: 0,0001043 seconds, Stopping threads took: 0,0000386 seconds
2017-04-22T15:28:08.954+0200: 4,127: Total time for which application threads were stopped: 0,0023694 seconds, Stopping threads took: 0,0022840 seconds
2017-04-22T15:28:08.957+0200: 4,129: Total time for which application threads were stopped: 0,0001407 seconds, Stopping threads took: 0,0000404 seconds
2017-04-22T15:28:08.957+0200: 4,129: Total time for which application threads were stopped: 0,0000998 seconds, Stopping threads took: 0,0000311 seconds
2017-04-22T15:28:08.957+0200: 4,130: Total time for which application threads were stopped: 0,0000891 seconds, Stopping threads took: 0,0000262 seconds
2017-04-22T15:28:08.976+0200: 4,148: Total time for which application threads were stopped: 0,0002274 seconds, Stopping threads took: 0,0000519 seconds
2017-04-22T15:28:08.978+0200: 4,150: Total time for which application threads were stopped: 0,0001229 seconds, Stopping threads took: 0,0000263 seconds
2017-04-22T15:28:08.990+0200: 4,163: Total time for which application threads were stopped: 0,0001481 seconds, Stopping threads took: 0,0000272 seconds
2017-04-22T15:28:08.992+0200: 4,165: Total time for which application threads were stopped: 0,0000996 seconds, Stopping threads took: 0,0000214 seconds
2017-04-22T15:28:08.992+0200: 4,165: Total time for which application threads were stopped: 0,0000905 seconds, Stopping threads took: 0,0000144 seconds
2017-04-22T15:28:08.994+0200: 4,166: Total time for which application threads were stopped: 0,0001031 seconds, Stopping threads took: 0,0000191 seconds
2017-04-22T15:28:08.995+0200: 4,167: Total time for which application threads were stopped: 0,0000903 seconds, Stopping threads took: 0,0000150 seconds
2017-04-22T15:28:08.996+0200: 4,168: Total time for which application threads were stopped: 0,0001112 seconds, Stopping threads took: 0,0000318 seconds
2017-04-22T15:28:09.003+0200: 4,175: Total time for which application threads were stopped: 0,0001448 seconds, Stopping threads took: 0,0000393 seconds
2017-04-22T15:28:09.010+0200: 4,183: Total time for which application threads were stopped: 0,0001661 seconds, Stopping threads took: 0,0000418 seconds
2017-04-22T15:28:09.014+0200: 4,186: Total time for which application threads were stopped: 0,0004731 seconds, Stopping threads took: 0,0000266 seconds
2017-04-22T15:28:09.016+0200: 4,188: Total time for which application threads were stopped: 0,0001507 seconds, Stopping threads took: 0,0000387 seconds
2017-04-22T15:28:09.018+0200: 4,190: Total time for which application threads were stopped: 0,0001398 seconds, Stopping threads took: 0,0000343 seconds
2017-04-22T15:28:09.025+0200: 4,197: Total time for which application threads were stopped: 0,0003579 seconds, Stopping threads took: 0,0002417 seconds
2017-04-22T15:28:09.030+0200: 4,202: Total time for which application threads were stopped: 0,0001414 seconds, Stopping threads took: 0,0000337 seconds
2017-04-22T15:28:09.030+0200: 4,203: Total time for which application threads were stopped: 0,0004426 seconds, Stopping threads took: 0,0000163 seconds
2017-04-22T15:28:09.036+0200: 4,208: Total time for which application threads were stopped: 0,0001487 seconds, Stopping threads took: 0,0000395 seconds
2017-04-22T15:28:09.039+0200: 4,211: Total time for which application threads were stopped: 0,0002534 seconds, Stopping threads took: 0,0000347 seconds
2017-04-22T15:28:09.089+0200: 4,262: Total time for which application threads were stopped: 0,0004624 seconds, Stopping threads took: 0,0000407 seconds
2017-04-22T15:28:09.099+0200: 4,271: Total time for which application threads were stopped: 0,0002447 seconds, Stopping threads took: 0,0000985 seconds
2017-04-22T15:28:09.099+0200: 4,271: Total time for which application threads were stopped: 0,0002526 seconds, Stopping threads took: 0,0001710 seconds
2017-04-22T15:28:09.101+0200: 4,273: Total time for which application threads were stopped: 0,0001317 seconds, Stopping threads took: 0,0000435 seconds
2017-04-22T15:28:09.106+0200: 4,279: Total time for which application threads were stopped: 0,0000929 seconds, Stopping threads took: 0,0000244 seconds
2017-04-22T15:28:09.110+0200: 4,282: Total time for which application threads were stopped: 0,0001196 seconds, Stopping threads took: 0,0000463 seconds
2017-04-22T15:28:09.128+0200: 4,301: Total time for which application threads were stopped: 0,0001498 seconds, Stopping threads took: 0,0000516 seconds
2017-04-22T15:28:09.136+0200: 4,308: Total time for which application threads were stopped: 0,0001518 seconds, Stopping threads took: 0,0000459 seconds
2017-04-22T15:28:09.142+0200: 4,315: Total time for which application threads were stopped: 0,0016784 seconds, Stopping threads took: 0,0015407 seconds
2017-04-22T15:28:09.151+0200: 4,324: Total time for which application threads were stopped: 0,0001525 seconds, Stopping threads took: 0,0000421 seconds
2017-04-22T15:28:09.157+0200: 4,330: Total time for which application threads were stopped: 0,0001384 seconds, Stopping threads took: 0,0000396 seconds
2017-04-22T15:28:09.170+0200: 4,343: Total time for which application threads were stopped: 0,0002181 seconds, Stopping threads took: 0,0001091 seconds
2017-04-22T15:28:09.183+0200: 4,355: Total time for which application threads were stopped: 0,0001445 seconds, Stopping threads took: 0,0000529 seconds
2017-04-22T15:28:09.188+0200: 4,360: Total time for which application threads were stopped: 0,0001939 seconds, Stopping threads took: 0,0000667 seconds
2017-04-22T15:28:09.224+0200: 4,397: Total time for which application threads were stopped: 0,0004377 seconds, Stopping threads took: 0,0000359 seconds
2017-04-22T15:28:09.230+0200: 4,402: Total time for which application threads were stopped: 0,0002247 seconds, Stopping threads took: 0,0001023 seconds
2017-04-22T15:28:10.230+0200: 5,402: Total time for which application threads were stopped: 0,0000631 seconds, Stopping threads took: 0,0000169 seconds
2017-04-22T15:29:26.774+0200: 82,415: Total time for which application threads were stopped: 0,0000644 seconds, Stopping threads took: 0,0000163 seconds
2017-04-22T15:30:06.780+0200: 122,420: Total time for which application threads were stopped: 0,0000887 seconds, Stopping threads took: 0,0000370 seconds
{Heap before GC invocations=11 (full 1):
 par new generation   total 109248K, used 91465K [0x00000000e0000000, 0x00000000e8000000, 0x00000000e8000000)
  eden space 87424K, 100% used [0x00000000e0000000, 0x00000000e5560000, 0x00000000e5560000)
  from space 21824K,  18% used [0x00000000e6ab0000, 0x00000000e6ea2760, 0x00000000e8000000)
  to   space 21824K,   0% used [0x00000000e5560000, 0x00000000e5560000, 0x00000000e6ab0000)
 concurrent mark-sweep generation total 393216K, used 6992K [0x00000000e8000000, 0x0000000100000000, 0x0000000100000000)
 Metaspace       used 28037K, capacity 28552K, committed 28796K, reserved 1075200K
  class space    used 3212K, capacity 3387K, committed 3452K, reserved 1048576K
2017-04-22T15:31:00.475+0200: 176,116: [GC (Allocation Failure) 2017-04-22T15:31:00.475+0200: 176,116: [ParNew
Desired survivor size 20112992 bytes, new threshold 8 (max 8)
- age   1:   10768520 bytes,   10768520 total
- age   3:     680528 bytes,   11449048 total
- age   4:     179320 bytes,   11628368 total
- age   5:    1739160 bytes,   13367528 total
- age   7:      81320 bytes,   13448848 total
- age   8:     110344 bytes,   13559192 total
: 91465K->15193K(109248K), 0,0191199 secs] 98458K->22187K(502464K), 0,0192021 secs] [Times: user=0,07 sys=0,00, real=0,02 secs] 
Heap after GC invocations=12 (full 1):
 par new generation   total 109248K, used 15193K [0x00000000e0000000, 0x00000000e8000000, 0x00000000e8000000)
  eden space 87424K,   0% used [0x00000000e0000000, 0x00000000e0000000, 0x00000000e5560000)
  from space 21824K,  69% used [0x00000000e5560000, 0x00000000e6436790, 0x00000000e6ab0000)
  to   space 21824K,   0% used [0x00000000e6ab0000, 0x00000000e6ab0000, 0x00000000e8000000)
 concurrent mark-sweep generation total 393216K, used 6993K [0x00000000e8000000, 0x0000000100000000, 0x0000000100000000)
 Metaspace       used 28037K, capacity 28552K, committed 28796K, reserved 1075200K
  class space    used 3212K, capacity 3387K, committed 3452K, reserved 1048576K
}
2017-04-22T15:31:00.495+0200: 176,135: Total time for which application threads were stopped: 0,0194223 seconds, Stopping threads took: 0,0000795 seconds
2017-04-22T15:31:00.497+0200: 176,137: Total time for which application threads were stopped: 0,0000920 seconds, Stopping threads took: 0,0000339 seconds
2017-04-22T15:31:00.497+0200: 176,138: Total time for which application threads were stopped: 0,0000392 seconds, Stopping threads took: 0,0000134 seconds
2017-04-22T15:31:01.497+0200: 177,138: Total time for which application threads were stopped: 0,0000803 seconds, Stopping threads took: 0,0000185 seconds
2017-04-22T15:31:10.498+0200: 186,139: Total time for which application threads were stopped: 0,0000773 seconds, Stopping threads took: 0,0000293 seconds
2017-04-22T15:32:41.512+0200: 277,152: Total time for which application threads were stopped: 0,0000781 seconds, Stopping threads took: 0,0000316 seconds
2017-04-22T15:32:51.513+0200: 287,154: Total time for which application threads were stopped: 0,0001379 seconds, Stopping threads took: 0,0000292 seconds
2017-04-22T15:50:11.631+0200: 1327,271: Total time for which application threads were stopped: 0,0001237 seconds, Stopping threads took: 0,0000525 seconds
2017-04-22T15:50:36.633+0200: 1352,274: Total time for which application threads were stopped: 0,0000748 seconds, Stopping threads took: 0,0000299 seconds
2017-04-22T15:51:35.639+0200: 1411,280: Total time for which application threads were stopped: 0,0000858 seconds, Stopping threads took: 0,0000317 seconds
2017-04-22T15:55:40.665+0200: 1656,305: Total time for which application threads were stopped: 0,0000762 seconds, Stopping threads took: 0,0000302 seconds
2017-04-22T15:55:45.665+0200: 1661,306: Total time for which application threads were stopped: 0,0000673 seconds, Stopping threads took: 0,0000170 seconds
2017-04-22T16:06:45.732+0200: 2321,372: Total time for which application threads were stopped: 0,0001256 seconds, Stopping threads took: 0,0000548 seconds
2017-04-22T16:06:46.732+0200: 2322,372: Total time for which application threads were stopped: 0,0000616 seconds, Stopping threads took: 0,0000138 seconds
2017-04-22T16:24:51.836+0200: 3407,476: Total time for which application threads were stopped: 0,0000991 seconds, Stopping threads took: 0,0000465 seconds
2017-04-22T16:34:00.893+0200: 3956,533: Total time for which application threads were stopped: 0,0000913 seconds, Stopping threads took: 0,0000345 seconds
2017-04-22T16:49:37.011+0200: 4892,652: Total time for which application threads were stopped: 0,0001084 seconds, Stopping threads took: 0,0000404 seconds
2017-04-22T16:49:47.012+0200: 4902,653: Total time for which application threads were stopped: 0,0000668 seconds, Stopping threads took: 0,0000171 seconds
2017-04-22T16:58:43.521+0200: 5439,162: Total time for which application threads were stopped: 0,0001026 seconds, Stopping threads took: 0,0000247 seconds
2017-04-22T16:58:43.523+0200: 5439,164: Total time for which application threads were stopped: 0,0000881 seconds, Stopping threads took: 0,0000251 seconds
2017-04-22T16:58:43.524+0200: 5439,165: Total time for which application threads were stopped: 0,0000753 seconds, Stopping threads took: 0,0000234 seconds
2017-04-22T16:58:43.524+0200: 5439,165: Total time for which application threads were stopped: 0,0000466 seconds, Stopping threads took: 0,0000133 seconds
2017-04-22T16:58:43.524+0200: 5439,165: Total time for which application threads were stopped: 0,0000541 seconds, Stopping threads took: 0,0000146 seconds
2017-04-22T16:58:43.525+0200: 5439,165: Total time for which application threads were stopped: 0,0000439 seconds, Stopping threads took: 0,0000126 seconds
2017-04-22T16:58:43.525+0200: 5439,165: Total time for which application threads were stopped: 0,0000429 seconds, Stopping threads took: 0,0000109 seconds
2017-04-22T16:58:43.525+0200: 5439,165: Total time for which application threads were stopped: 0,0000391 seconds, Stopping threads took: 0,0000109 seconds
2017-04-22T16:58:43.525+0200: 5439,165: Total time for which application threads were stopped: 0,0000395 seconds, Stopping threads took: 0,0000115 seconds
2017-04-22T16:58:43.525+0200: 5439,165: Total time for which application threads were stopped: 0,0000399 seconds, Stopping threads took: 0,0000112 seconds
2017-04-22T16:58:43.525+0200: 5439,165: Total time for which application threads were stopped: 0,0000391 seconds, Stopping threads took: 0,0000112 seconds
2017-04-22T16:58:43.525+0200: 5439,166: Total time for which application threads were stopped: 0,0000403 seconds, Stopping threads took: 0,0000122 seconds
2017-04-22T16:58:43.525+0200: 5439,166: Total time for which application threads were stopped: 0,0000678 seconds, Stopping threads took: 0,0000125 seconds
2017-04-22T16:58:43.525+0200: 5439,166: Total time for which application threads were stopped: 0,0000417 seconds, Stopping threads took: 0,0000114 seconds
2017-04-22T16:58:43.525+0200: 5439,166: Total time for which application threads were stopped: 0,0000394 seconds, Stopping threads took: 0,0000108 seconds
2017-04-22T16:58:43.526+0200: 5439,166: Total time for which application threads were stopped: 0,0000633 seconds, Stopping threads took: 0,0000177 seconds
2017-04-22T16:58:43.526+0200: 5439,167: Total time for which application threads were stopped: 0,0000446 seconds, Stopping threads took: 0,0000145 seconds
2017-04-22T16:58:43.526+0200: 5439,167: Total time for which application threads were stopped: 0,0000401 seconds, Stopping threads took: 0,0000114 seconds
2017-04-22T16:58:43.542+0200: 5439,183: Total time for which application threads were stopped: 0,0000987 seconds, Stopping threads took: 0,0000213 seconds
2017-04-22T16:58:43.553+0200: 5439,193: Total time for which application threads were stopped: 0,0001205 seconds, Stopping threads took: 0,0000185 seconds
2017-04-22T16:58:43.557+0200: 5439,198: Total time for which application threads were stopped: 0,0036100 seconds, Stopping threads took: 0,0025117 seconds
2017-04-22T16:58:43.572+0200: 5439,212: Total time for which application threads were stopped: 0,0132758 seconds, Stopping threads took: 0,0132023 seconds
2017-04-22T16:58:43.582+0200: 5439,222: Total time for which application threads were stopped: 0,0001089 seconds, Stopping threads took: 0,0000399 seconds
2017-04-22T16:58:43.582+0200: 5439,222: Total time for which application threads were stopped: 0,0000558 seconds, Stopping threads took: 0,0000080 seconds
2017-04-22T16:58:43.582+0200: 5439,223: Total time for which application threads were stopped: 0,0000487 seconds, Stopping threads took: 0,0000073 seconds
2017-04-22T16:58:43.582+0200: 5439,223: Total time for which application threads were stopped: 0,0000481 seconds, Stopping threads took: 0,0000067 seconds
2017-04-22T16:58:43.582+0200: 5439,223: Total time for which application threads were stopped: 0,0000432 seconds, Stopping threads took: 0,0000078 seconds
2017-04-22T16:58:43.582+0200: 5439,223: Total time for which application threads were stopped: 0,0000376 seconds, Stopping threads took: 0,0000051 seconds
2017-04-22T16:58:43.582+0200: 5439,223: Total time for which application threads were stopped: 0,0000367 seconds, Stopping threads took: 0,0000053 seconds
2017-04-22T16:58:43.582+0200: 5439,223: Total time for which application threads were stopped: 0,0000365 seconds, Stopping threads took: 0,0000068 seconds
2017-04-22T16:58:43.583+0200: 5439,223: Total time for which application threads were stopped: 0,0000386 seconds, Stopping threads took: 0,0000052 seconds
2017-04-22T16:58:43.583+0200: 5439,223: Total time for which application threads were stopped: 0,0016351 seconds, Stopping threads took: 0,0000056 seconds
2017-04-22T16:58:43.584+0200: 5439,225: Total time for which application threads were stopped: 0,0000873 seconds, Stopping threads took: 0,0000193 seconds
2017-04-22T16:58:43.585+0200: 5439,225: Total time for which application threads were stopped: 0,0000522 seconds, Stopping threads took: 0,0000081 seconds
2017-04-22T16:58:43.585+0200: 5439,225: Total time for which application threads were stopped: 0,0000485 seconds, Stopping threads took: 0,0000075 seconds
2017-04-22T16:58:43.585+0200: 5439,225: Total time for which application threads were stopped: 0,0000425 seconds, Stopping threads took: 0,0000066 seconds
2017-04-22T16:58:43.585+0200: 5439,225: Total time for which application threads were stopped: 0,0000384 seconds, Stopping threads took: 0,0000053 seconds
2017-04-22T16:58:43.585+0200: 5439,225: Total time for which application threads were stopped: 0,0000368 seconds, Stopping threads took: 0,0000052 seconds
2017-04-22T16:58:43.585+0200: 5439,225: Total time for which application threads were stopped: 0,0000398 seconds, Stopping threads took: 0,0000056 seconds
2017-04-22T16:58:43.585+0200: 5439,225: Total time for which application threads were stopped: 0,0000378 seconds, Stopping threads took: 0,0000049 seconds
2017-04-22T16:58:43.585+0200: 5439,226: Total time for which application threads were stopped: 0,0000388 seconds, Stopping threads took: 0,0000054 seconds
2017-04-22T16:58:43.585+0200: 5439,226: Total time for which application threads were stopped: 0,0000377 seconds, Stopping threads took: 0,0000048 seconds
2017-04-22T16:58:43.585+0200: 5439,226: Total time for which application threads were stopped: 0,0000366 seconds, Stopping threads took: 0,0000051 seconds
2017-04-22T16:58:43.589+0200: 5439,230: Total time for which application threads were stopped: 0,0011212 seconds, Stopping threads took: 0,0010485 seconds
2017-04-22T16:58:43.590+0200: 5439,231: Total time for which application threads were stopped: 0,0004302 seconds, Stopping threads took: 0,0003846 seconds
2017-04-22T16:58:43.590+0200: 5439,231: Total time for which application threads were stopped: 0,0000653 seconds, Stopping threads took: 0,0000219 seconds
2017-04-22T16:58:43.590+0200: 5439,231: Total time for which application threads were stopped: 0,0000515 seconds, Stopping threads took: 0,0000176 seconds
2017-04-22T16:58:43.592+0200: 5439,232: Total time for which application threads were stopped: 0,0004384 seconds, Stopping threads took: 0,0003785 seconds
2017-04-22T16:58:43.599+0200: 5439,239: Total time for which application threads were stopped: 0,0020264 seconds, Stopping threads took: 0,0018370 seconds
2017-04-22T16:58:43.599+0200: 5439,239: Total time for which application threads were stopped: 0,0000527 seconds, Stopping threads took: 0,0000089 seconds
2017-04-22T16:58:43.601+0200: 5439,242: Total time for which application threads were stopped: 0,0011731 seconds, Stopping threads took: 0,0010936 seconds
2017-04-22T16:58:43.602+0200: 5439,243: Total time for which application threads were stopped: 0,0000970 seconds, Stopping threads took: 0,0000240 seconds
2017-04-22T16:58:43.603+0200: 5439,243: Total time for which application threads were stopped: 0,0000736 seconds, Stopping threads took: 0,0000168 seconds
2017-04-22T16:58:43.605+0200: 5439,245: Total time for which application threads were stopped: 0,0000864 seconds, Stopping threads took: 0,0000204 seconds
2017-04-22T16:58:43.607+0200: 5439,247: Total time for which application threads were stopped: 0,0017605 seconds, Stopping threads took: 0,0016822 seconds
2017-04-22T16:58:43.607+0200: 5439,247: Total time for which application threads were stopped: 0,0000452 seconds, Stopping threads took: 0,0000100 seconds
2017-04-22T16:58:43.610+0200: 5439,251: Total time for which application threads were stopped: 0,0001327 seconds, Stopping threads took: 0,0000543 seconds
2017-04-22T16:58:43.610+0200: 5439,251: Total time for which application threads were stopped: 0,0000719 seconds, Stopping threads took: 0,0000103 seconds
2017-04-22T16:58:43.611+0200: 5439,251: Total time for which application threads were stopped: 0,0000603 seconds, Stopping threads took: 0,0000088 seconds
2017-04-22T16:58:43.611+0200: 5439,251: Total time for which application threads were stopped: 0,0000493 seconds, Stopping threads took: 0,0000066 seconds
2017-04-22T16:58:43.612+0200: 5439,253: Total time for which application threads were stopped: 0,0002981 seconds, Stopping threads took: 0,0002278 seconds
2017-04-22T16:58:43.613+0200: 5439,253: Total time for which application threads were stopped: 0,0003637 seconds, Stopping threads took: 0,0003250 seconds
2017-04-22T16:58:43.613+0200: 5439,254: Total time for which application threads were stopped: 0,0000680 seconds, Stopping threads took: 0,0000178 seconds
2017-04-22T16:58:43.613+0200: 5439,254: Total time for which application threads were stopped: 0,0000463 seconds, Stopping threads took: 0,0000119 seconds
2017-04-22T16:58:43.614+0200: 5439,254: Total time for which application threads were stopped: 0,0000459 seconds, Stopping threads took: 0,0000116 seconds
2017-04-22T16:58:43.614+0200: 5439,254: Total time for which application threads were stopped: 0,0000325 seconds, Stopping threads took: 0,0000044 seconds
2017-04-22T16:58:43.614+0200: 5439,254: Total time for which application threads were stopped: 0,0000402 seconds, Stopping threads took: 0,0000107 seconds
2017-04-22T16:58:43.614+0200: 5439,254: Total time for which application threads were stopped: 0,0000423 seconds, Stopping threads took: 0,0000103 seconds
2017-04-22T16:58:43.614+0200: 5439,255: Total time for which application threads were stopped: 0,0000334 seconds, Stopping threads took: 0,0000049 seconds
2017-04-22T16:58:43.616+0200: 5439,257: Total time for which application threads were stopped: 0,0000807 seconds, Stopping threads took: 0,0000254 seconds
2017-04-22T16:58:43.616+0200: 5439,257: Total time for which application threads were stopped: 0,0000354 seconds, Stopping threads took: 0,0000058 seconds
2017-04-22T16:58:43.616+0200: 5439,257: Total time for which application threads were stopped: 0,0001472 seconds, Stopping threads took: 0,0000106 seconds
2017-04-22T16:58:43.618+0200: 5439,258: Total time for which application threads were stopped: 0,0000723 seconds, Stopping threads took: 0,0000244 seconds
2017-04-22T16:58:43.618+0200: 5439,259: Total time for which application threads were stopped: 0,0000955 seconds, Stopping threads took: 0,0000205 seconds
2017-04-22T16:58:43.621+0200: 5439,261: Total time for which application threads were stopped: 0,0000673 seconds, Stopping threads took: 0,0000145 seconds
2017-04-22T16:58:43.630+0200: 5439,270: Total time for which application threads were stopped: 0,0001031 seconds, Stopping threads took: 0,0000148 seconds
Heap
 par new generation   total 109248K, used 35372K [0x00000000e0000000, 0x00000000e8000000, 0x00000000e8000000)
  eden space 87424K,  23% used [0x00000000e0000000, 0x00000000e13b49f8, 0x00000000e5560000)
  from space 21824K,  69% used [0x00000000e5560000, 0x00000000e6436790, 0x00000000e6ab0000)
  to   space 21824K,   0% used [0x00000000e6ab0000, 0x00000000e6ab0000, 0x00000000e8000000)
 concurrent mark-sweep generation total 393216K, used 6993K [0x00000000e8000000, 0x0000000100000000, 0x0000000100000000)
 Metaspace       used 28156K, capacity 28658K, committed 28796K, reserved 1075200K
  class space    used 3226K, capacity 3422K, committed 3452K, reserved 1048576K
