OpenJDK 64-Bit Server VM (25.121-b13) for linux-amd64 JRE (1.8.0_121-8u121-b13-0ubuntu1.16.04.2-b13), built on Jan 23 2017 15:51:29 by "buildd" with gcc 5.4.0 20160609
Memory: 4k page, physical 7867760k(7439788k free), swap 8076284k(8076284k free)
CommandLine flags: -XX:CMSInitiatingOccupancyFraction=50 -XX:CMSMaxAbortablePrecleanTime=6000 -XX:+CMSParallelRemarkEnabled -XX:+CMSScavengeBeforeRemark -XX:ConcGCThreads=4 -XX:InitialHeapSize=536870912 -XX:MaxHeapSize=536870912 -XX:MaxTenuringThreshold=8 -XX:NewRatio=3 -XX:OldPLABSize=16 -XX:OnOutOfMemoryError=/opt/solr/bin/oom_solr.sh 8983 /var/solr/logs -XX:ParallelGCThreads=4 -XX:+ParallelRefProcEnabled -XX:PretenureSizeThreshold=67108864 -XX:+PrintGC -XX:+PrintGCApplicationStoppedTime -XX:+PrintGCDateStamps -XX:+PrintGCDetails -XX:+PrintGCTimeStamps -XX:+PrintHeapAtGC -XX:+PrintTenuringDistribution -XX:SurvivorRatio=4 -XX:TargetSurvivorRatio=90 -XX:ThreadStackSize=256 -XX:+UseCMSInitiatingOccupancyOnly -XX:+UseCompressedClassPointers -XX:+UseCompressedOops -XX:+UseConcMarkSweepGC -XX:+UseParNewGC 
2017-03-29T00:18:04.080+0200: 0,142: Total time for which application threads were stopped: 0,0000990 seconds, Stopping threads took: 0,0000179 seconds
2017-03-29T00:18:04.197+0200: 0,260: Total time for which application threads were stopped: 0,0001294 seconds, Stopping threads took: 0,0000275 seconds
2017-03-29T00:18:04.213+0200: 0,276: Total time for which application threads were stopped: 0,0000993 seconds, Stopping threads took: 0,0000211 seconds
2017-03-29T00:18:04.420+0200: 0,482: Total time for which application threads were stopped: 0,0001439 seconds, Stopping threads took: 0,0000148 seconds
2017-03-29T00:18:04.779+0200: 0,841: Total time for which application threads were stopped: 0,0001625 seconds, Stopping threads took: 0,0000150 seconds
2017-03-29T00:18:04.870+0200: 0,932: Total time for which application threads were stopped: 0,0002350 seconds, Stopping threads took: 0,0000261 seconds
2017-03-29T00:18:04.891+0200: 0,953: Total time for which application threads were stopped: 0,0001447 seconds, Stopping threads took: 0,0000213 seconds
2017-03-29T00:18:05.338+0200: 1,400: Total time for which application threads were stopped: 0,0002429 seconds, Stopping threads took: 0,0000203 seconds
2017-03-29T00:18:05.593+0200: 1,656: Total time for which application threads were stopped: 0,0002042 seconds, Stopping threads took: 0,0000134 seconds
2017-03-29T00:18:05.621+0200: 1,684: Total time for which application threads were stopped: 0,0001865 seconds, Stopping threads took: 0,0000159 seconds
2017-03-29T00:18:05.660+0200: 1,722: Total time for which application threads were stopped: 0,0001784 seconds, Stopping threads took: 0,0000139 seconds
2017-03-29T00:18:05.661+0200: 1,723: Total time for which application threads were stopped: 0,0001205 seconds, Stopping threads took: 0,0000289 seconds
2017-03-29T00:18:05.675+0200: 1,738: Total time for which application threads were stopped: 0,0001751 seconds, Stopping threads took: 0,0000246 seconds
2017-03-29T00:18:05.772+0200: 1,835: Total time for which application threads were stopped: 0,0004700 seconds, Stopping threads took: 0,0000303 seconds
2017-03-29T00:18:05.952+0200: 2,015: Total time for which application threads were stopped: 0,0002535 seconds, Stopping threads took: 0,0000282 seconds
{Heap before GC invocations=0 (full 0):
 par new generation   total 109248K, used 87424K [0x00000000e0000000, 0x00000000e8000000, 0x00000000e8000000)
  eden space 87424K, 100% used [0x00000000e0000000, 0x00000000e5560000, 0x00000000e5560000)
  from space 21824K,   0% used [0x00000000e5560000, 0x00000000e5560000, 0x00000000e6ab0000)
  to   space 21824K,   0% used [0x00000000e6ab0000, 0x00000000e6ab0000, 0x00000000e8000000)
 concurrent mark-sweep generation total 393216K, used 0K [0x00000000e8000000, 0x0000000100000000, 0x0000000100000000)
 Metaspace       used 17999K, capacity 18336K, committed 18688K, reserved 1064960K
  class space    used 2036K, capacity 2196K, committed 2304K, reserved 1048576K
2017-03-29T00:18:06.054+0200: 2,117: [GC (Allocation Failure) 2017-03-29T00:18:06.054+0200: 2,117: [ParNew
Desired survivor size 20112992 bytes, new threshold 8 (max 8)
- age   1:   12379216 bytes,   12379216 total
: 87424K->12193K(109248K), 0,0149379 secs] 87424K->12193K(502464K), 0,0150219 secs] [Times: user=0,03 sys=0,02, real=0,01 secs] 
Heap after GC invocations=1 (full 0):
 par new generation   total 109248K, used 12193K [0x00000000e0000000, 0x00000000e8000000, 0x00000000e8000000)
  eden space 87424K,   0% used [0x00000000e0000000, 0x00000000e0000000, 0x00000000e5560000)
  from space 21824K,  55% used [0x00000000e6ab0000, 0x00000000e7698568, 0x00000000e8000000)
  to   space 21824K,   0% used [0x00000000e5560000, 0x00000000e5560000, 0x00000000e6ab0000)
 concurrent mark-sweep generation total 393216K, used 0K [0x00000000e8000000, 0x0000000100000000, 0x0000000100000000)
 Metaspace       used 17999K, capacity 18336K, committed 18688K, reserved 1064960K
  class space    used 2036K, capacity 2196K, committed 2304K, reserved 1048576K
}
2017-03-29T00:18:06.069+0200: 2,132: Total time for which application threads were stopped: 0,0153009 seconds, Stopping threads took: 0,0000953 seconds
2017-03-29T00:18:06.360+0200: 2,423: Total time for which application threads were stopped: 0,0003123 seconds, Stopping threads took: 0,0000401 seconds
{Heap before GC invocations=1 (full 0):
 par new generation   total 109248K, used 99617K [0x00000000e0000000, 0x00000000e8000000, 0x00000000e8000000)
  eden space 87424K, 100% used [0x00000000e0000000, 0x00000000e5560000, 0x00000000e5560000)
  from space 21824K,  55% used [0x00000000e6ab0000, 0x00000000e7698568, 0x00000000e8000000)
  to   space 21824K,   0% used [0x00000000e5560000, 0x00000000e5560000, 0x00000000e6ab0000)
 concurrent mark-sweep generation total 393216K, used 0K [0x00000000e8000000, 0x0000000100000000, 0x0000000100000000)
 Metaspace       used 20065K, capacity 20438K, committed 20736K, reserved 1067008K
  class space    used 2296K, capacity 2473K, committed 2560K, reserved 1048576K
2017-03-29T00:18:06.410+0200: 2,473: [GC (Allocation Failure) 2017-03-29T00:18:06.410+0200: 2,473: [ParNew
Desired survivor size 20112992 bytes, new threshold 8 (max 8)
- age   1:    3742992 bytes,    3742992 total
- age   2:    6647248 bytes,   10390240 total
: 99617K->15615K(109248K), 0,0099586 secs] 99617K->15615K(502464K), 0,0100322 secs] [Times: user=0,03 sys=0,01, real=0,01 secs] 
Heap after GC invocations=2 (full 0):
 par new generation   total 109248K, used 15615K [0x00000000e0000000, 0x00000000e8000000, 0x00000000e8000000)
  eden space 87424K,   0% used [0x00000000e0000000, 0x00000000e0000000, 0x00000000e5560000)
  from space 21824K,  71% used [0x00000000e5560000, 0x00000000e649fd00, 0x00000000e6ab0000)
  to   space 21824K,   0% used [0x00000000e6ab0000, 0x00000000e6ab0000, 0x00000000e8000000)
 concurrent mark-sweep generation total 393216K, used 0K [0x00000000e8000000, 0x0000000100000000, 0x0000000100000000)
 Metaspace       used 20065K, capacity 20438K, committed 20736K, reserved 1067008K
  class space    used 2296K, capacity 2473K, committed 2560K, reserved 1048576K
}
2017-03-29T00:18:06.420+0200: 2,483: Total time for which application threads were stopped: 0,0101994 seconds, Stopping threads took: 0,0000234 seconds
2017-03-29T00:18:06.426+0200: 2,489: Total time for which application threads were stopped: 0,0033190 seconds, Stopping threads took: 0,0030601 seconds
2017-03-29T00:18:06.465+0200: 2,527: Total time for which application threads were stopped: 0,0003377 seconds, Stopping threads took: 0,0000411 seconds
2017-03-29T00:18:06.573+0200: 2,636: Total time for which application threads were stopped: 0,0001714 seconds, Stopping threads took: 0,0000208 seconds
{Heap before GC invocations=2 (full 0):
 par new generation   total 109248K, used 103039K [0x00000000e0000000, 0x00000000e8000000, 0x00000000e8000000)
  eden space 87424K, 100% used [0x00000000e0000000, 0x00000000e5560000, 0x00000000e5560000)
  from space 21824K,  71% used [0x00000000e5560000, 0x00000000e649fd00, 0x00000000e6ab0000)
  to   space 21824K,   0% used [0x00000000e6ab0000, 0x00000000e6ab0000, 0x00000000e8000000)
 concurrent mark-sweep generation total 393216K, used 0K [0x00000000e8000000, 0x0000000100000000, 0x0000000100000000)
 Metaspace       used 21000K, capacity 21296K, committed 21628K, reserved 1069056K
  class space    used 2421K, capacity 2592K, committed 2684K, reserved 1048576K
2017-03-29T00:18:06.610+0200: 2,673: [GC (Allocation Failure) 2017-03-29T00:18:06.610+0200: 2,673: [ParNew
Desired survivor size 20112992 bytes, new threshold 8 (max 8)
- age   1:    2260456 bytes,    2260456 total
- age   2:     861968 bytes,    3122424 total
- age   3:    6642600 bytes,    9765024 total
: 103039K->11220K(109248K), 0,0109031 secs] 103039K->11220K(502464K), 0,0109948 secs] [Times: user=0,03 sys=0,00, real=0,00 secs] 
Heap after GC invocations=3 (full 0):
 par new generation   total 109248K, used 11220K [0x00000000e0000000, 0x00000000e8000000, 0x00000000e8000000)
  eden space 87424K,   0% used [0x00000000e0000000, 0x00000000e0000000, 0x00000000e5560000)
  from space 21824K,  51% used [0x00000000e6ab0000, 0x00000000e75a5320, 0x00000000e8000000)
  to   space 21824K,   0% used [0x00000000e5560000, 0x00000000e5560000, 0x00000000e6ab0000)
 concurrent mark-sweep generation total 393216K, used 0K [0x00000000e8000000, 0x0000000100000000, 0x0000000100000000)
 Metaspace       used 21000K, capacity 21296K, committed 21628K, reserved 1069056K
  class space    used 2421K, capacity 2592K, committed 2684K, reserved 1048576K
}
2017-03-29T00:18:06.621+0200: 2,684: Total time for which application threads were stopped: 0,0112228 seconds, Stopping threads took: 0,0000588 seconds
2017-03-29T00:18:06.621+0200: 2,684: [GC (CMS Initial Mark) [1 CMS-initial-mark: 0K(393216K)] 12032K(502464K), 0,0027971 secs] [Times: user=0,02 sys=0,00, real=0,01 secs] 
2017-03-29T00:18:06.624+0200: 2,687: Total time for which application threads were stopped: 0,0029221 seconds, Stopping threads took: 0,0000395 seconds
2017-03-29T00:18:06.624+0200: 2,687: [CMS-concurrent-mark-start]
2017-03-29T00:18:06.625+0200: 2,687: [CMS-concurrent-mark: 0,000/0,000 secs] [Times: user=0,00 sys=0,00, real=0,00 secs] 
2017-03-29T00:18:06.625+0200: 2,687: [CMS-concurrent-preclean-start]
2017-03-29T00:18:06.625+0200: 2,688: [CMS-concurrent-preclean: 0,001/0,001 secs] [Times: user=0,00 sys=0,00, real=0,00 secs] 
2017-03-29T00:18:06.625+0200: 2,688: [CMS-concurrent-abortable-preclean-start]
2017-03-29T00:18:06.694+0200: 2,757: Total time for which application threads were stopped: 0,0001210 seconds, Stopping threads took: 0,0000258 seconds
2017-03-29T00:18:06.702+0200: 2,765: Total time for which application threads were stopped: 0,0000953 seconds, Stopping threads took: 0,0000227 seconds
2017-03-29T00:18:06.702+0200: 2,765: [CMS-concurrent-abortable-preclean: 0,070/0,077 secs] [Times: user=0,28 sys=0,01, real=0,08 secs] 
2017-03-29T00:18:06.703+0200: 2,765: [GC (CMS Final Remark) [YG occupancy: 69096 K (109248 K)]{Heap before GC invocations=3 (full 1):
 par new generation   total 109248K, used 69096K [0x00000000e0000000, 0x00000000e8000000, 0x00000000e8000000)
  eden space 87424K,  66% used [0x00000000e0000000, 0x00000000e3884d68, 0x00000000e5560000)
  from space 21824K,  51% used [0x00000000e6ab0000, 0x00000000e75a5320, 0x00000000e8000000)
  to   space 21824K,   0% used [0x00000000e5560000, 0x00000000e5560000, 0x00000000e6ab0000)
 concurrent mark-sweep generation total 393216K, used 0K [0x00000000e8000000, 0x0000000100000000, 0x0000000100000000)
 Metaspace       used 21191K, capacity 21582K, committed 21884K, reserved 1069056K
  class space    used 2441K, capacity 2597K, committed 2684K, reserved 1048576K
2017-03-29T00:18:06.703+0200: 2,765: [GC (CMS Final Remark) 2017-03-29T00:18:06.703+0200: 2,765: [ParNew
Desired survivor size 20112992 bytes, new threshold 8 (max 8)
- age   1:    1619712 bytes,    1619712 total
- age   2:    1471688 bytes,    3091400 total
- age   3:     832544 bytes,    3923944 total
- age   4:    6642624 bytes,   10566568 total
: 69096K->16548K(109248K), 0,0171386 secs] 69096K->16548K(502464K), 0,0171912 secs] [Times: user=0,06 sys=0,00, real=0,01 secs] 
Heap after GC invocations=4 (full 1):
 par new generation   total 109248K, used 16548K [0x00000000e0000000, 0x00000000e8000000, 0x00000000e8000000)
  eden space 87424K,   0% used [0x00000000e0000000, 0x00000000e0000000, 0x00000000e5560000)
  from space 21824K,  75% used [0x00000000e5560000, 0x00000000e65891c0, 0x00000000e6ab0000)
  to   space 21824K,   0% used [0x00000000e6ab0000, 0x00000000e6ab0000, 0x00000000e8000000)
 concurrent mark-sweep generation total 393216K, used 0K [0x00000000e8000000, 0x0000000100000000, 0x0000000100000000)
 Metaspace       used 21191K, capacity 21582K, committed 21884K, reserved 1069056K
  class space    used 2441K, capacity 2597K, committed 2684K, reserved 1048576K
}
2017-03-29T00:18:06.720+0200: 2,782: [Rescan (parallel) , 0,0057922 secs]2017-03-29T00:18:06.726+0200: 2,788: [weak refs processing, 0,0027172 secs]2017-03-29T00:18:06.728+0200: 2,791: [class unloading, 0,0031359 secs]2017-03-29T00:18:06.732+0200: 2,794: [scrub symbol table, 0,0030149 secs]2017-03-29T00:18:06.735+0200: 2,797: [scrub string table, 0,0003731 secs][1 CMS-remark: 0K(393216K)] 16548K(502464K), 0,0329549 secs] [Times: user=0,10 sys=0,00, real=0,03 secs] 
2017-03-29T00:18:06.736+0200: 2,798: Total time for which application threads were stopped: 0,0330974 seconds, Stopping threads took: 0,0000537 seconds
2017-03-29T00:18:06.744+0200: 2,807: [CMS-concurrent-sweep-start]
2017-03-29T00:18:06.744+0200: 2,807: [CMS-concurrent-sweep: 0,000/0,000 secs] [Times: user=0,00 sys=0,00, real=0,00 secs] 
2017-03-29T00:18:06.744+0200: 2,807: [CMS-concurrent-reset-start]
2017-03-29T00:18:06.747+0200: 2,809: [CMS-concurrent-reset: 0,002/0,002 secs] [Times: user=0,01 sys=0,00, real=0,00 secs] 
{Heap before GC invocations=4 (full 1):
 par new generation   total 109248K, used 103972K [0x00000000e0000000, 0x00000000e8000000, 0x00000000e8000000)
  eden space 87424K, 100% used [0x00000000e0000000, 0x00000000e5560000, 0x00000000e5560000)
  from space 21824K,  75% used [0x00000000e5560000, 0x00000000e65891c0, 0x00000000e6ab0000)
  to   space 21824K,   0% used [0x00000000e6ab0000, 0x00000000e6ab0000, 0x00000000e8000000)
 concurrent mark-sweep generation total 393216K, used 0K [0x00000000e8000000, 0x0000000100000000, 0x0000000100000000)
 Metaspace       used 21255K, capacity 21662K, committed 21884K, reserved 1069056K
  class space    used 2454K, capacity 2638K, committed 2684K, reserved 1048576K
2017-03-29T00:18:06.821+0200: 2,884: [GC (Allocation Failure) 2017-03-29T00:18:06.821+0200: 2,884: [ParNew
Desired survivor size 20112992 bytes, new threshold 8 (max 8)
- age   1:     377808 bytes,     377808 total
- age   2:      92112 bytes,     469920 total
- age   3:    1471400 bytes,    1941320 total
- age   4:     832416 bytes,    2773736 total
- age   5:    6642648 bytes,    9416384 total
: 103972K->11620K(109248K), 0,0100346 secs] 103972K->11620K(502464K), 0,0101090 secs] [Times: user=0,04 sys=0,00, real=0,02 secs] 
Heap after GC invocations=5 (full 1):
 par new generation   total 109248K, used 11620K [0x00000000e0000000, 0x00000000e8000000, 0x00000000e8000000)
  eden space 87424K,   0% used [0x00000000e0000000, 0x00000000e0000000, 0x00000000e5560000)
  from space 21824K,  53% used [0x00000000e6ab0000, 0x00000000e7609280, 0x00000000e8000000)
  to   space 21824K,   0% used [0x00000000e5560000, 0x00000000e5560000, 0x00000000e6ab0000)
 concurrent mark-sweep generation total 393216K, used 0K [0x00000000e8000000, 0x0000000100000000, 0x0000000100000000)
 Metaspace       used 21255K, capacity 21662K, committed 21884K, reserved 1069056K
  class space    used 2454K, capacity 2638K, committed 2684K, reserved 1048576K
}
2017-03-29T00:18:06.831+0200: 2,894: Total time for which application threads were stopped: 0,0103677 seconds, Stopping threads took: 0,0000789 seconds
2017-03-29T00:18:06.904+0200: 2,967: Total time for which application threads were stopped: 0,0002963 seconds, Stopping threads took: 0,0000143 seconds
2017-03-29T00:18:07.109+0200: 3,172: Total time for which application threads were stopped: 0,0004751 seconds, Stopping threads took: 0,0000449 seconds
2017-03-29T00:18:07.126+0200: 3,188: Total time for which application threads were stopped: 0,0020092 seconds, Stopping threads took: 0,0017094 seconds
{Heap before GC invocations=5 (full 1):
 par new generation   total 109248K, used 99044K [0x00000000e0000000, 0x00000000e8000000, 0x00000000e8000000)
  eden space 87424K, 100% used [0x00000000e0000000, 0x00000000e5560000, 0x00000000e5560000)
  from space 21824K,  53% used [0x00000000e6ab0000, 0x00000000e7609280, 0x00000000e8000000)
  to   space 21824K,   0% used [0x00000000e5560000, 0x00000000e5560000, 0x00000000e6ab0000)
 concurrent mark-sweep generation total 393216K, used 0K [0x00000000e8000000, 0x0000000100000000, 0x0000000100000000)
 Metaspace       used 23691K, capacity 24140K, committed 24316K, reserved 1071104K
  class space    used 2774K, capacity 2951K, committed 3068K, reserved 1048576K
2017-03-29T00:18:07.260+0200: 3,322: [GC (Allocation Failure) 2017-03-29T00:18:07.260+0200: 3,322: [ParNew
Desired survivor size 20112992 bytes, new threshold 8 (max 8)
- age   1:    5229608 bytes,    5229608 total
- age   2:     137272 bytes,    5366880 total
- age   3:      91000 bytes,    5457880 total
- age   4:     293592 bytes,    5751472 total
- age   5:     804392 bytes,    6555864 total
- age   6:    6634624 bytes,   13190488 total
: 99044K->16117K(109248K), 0,0143616 secs] 99044K->16117K(502464K), 0,0144797 secs] [Times: user=0,04 sys=0,01, real=0,02 secs] 
Heap after GC invocations=6 (full 1):
 par new generation   total 109248K, used 16117K [0x00000000e0000000, 0x00000000e8000000, 0x00000000e8000000)
  eden space 87424K,   0% used [0x00000000e0000000, 0x00000000e0000000, 0x00000000e5560000)
  from space 21824K,  73% used [0x00000000e5560000, 0x00000000e651d680, 0x00000000e6ab0000)
  to   space 21824K,   0% used [0x00000000e6ab0000, 0x00000000e6ab0000, 0x00000000e8000000)
 concurrent mark-sweep generation total 393216K, used 0K [0x00000000e8000000, 0x0000000100000000, 0x0000000100000000)
 Metaspace       used 23691K, capacity 24140K, committed 24316K, reserved 1071104K
  class space    used 2774K, capacity 2951K, committed 3068K, reserved 1048576K
}
2017-03-29T00:18:07.274+0200: 3,337: Total time for which application threads were stopped: 0,0182086 seconds, Stopping threads took: 0,0034694 seconds
{Heap before GC invocations=6 (full 1):
 par new generation   total 109248K, used 103541K [0x00000000e0000000, 0x00000000e8000000, 0x00000000e8000000)
  eden space 87424K, 100% used [0x00000000e0000000, 0x00000000e5560000, 0x00000000e5560000)
  from space 21824K,  73% used [0x00000000e5560000, 0x00000000e651d680, 0x00000000e6ab0000)
  to   space 21824K,   0% used [0x00000000e6ab0000, 0x00000000e6ab0000, 0x00000000e8000000)
 concurrent mark-sweep generation total 393216K, used 0K [0x00000000e8000000, 0x0000000100000000, 0x0000000100000000)
 Metaspace       used 24029K, capacity 24466K, committed 24572K, reserved 1071104K
  class space    used 2836K, capacity 3016K, committed 3068K, reserved 1048576K
2017-03-29T00:18:07.362+0200: 3,424: [GC (Allocation Failure) 2017-03-29T00:18:07.362+0200: 3,424: [ParNew
Desired survivor size 20112992 bytes, new threshold 8 (max 8)
- age   1:    1433072 bytes,    1433072 total
- age   2:    1824288 bytes,    3257360 total
- age   3:      68944 bytes,    3326304 total
- age   4:      49712 bytes,    3376016 total
- age   5:     193688 bytes,    3569704 total
- age   6:     762704 bytes,    4332408 total
- age   7:    6103032 bytes,   10435440 total
: 103541K->14594K(109248K), 0,0207916 secs] 103541K->14594K(502464K), 0,0208761 secs] [Times: user=0,07 sys=0,00, real=0,03 secs] 
Heap after GC invocations=7 (full 1):
 par new generation   total 109248K, used 14594K [0x00000000e0000000, 0x00000000e8000000, 0x00000000e8000000)
  eden space 87424K,   0% used [0x00000000e0000000, 0x00000000e0000000, 0x00000000e5560000)
  from space 21824K,  66% used [0x00000000e6ab0000, 0x00000000e78f0930, 0x00000000e8000000)
  to   space 21824K,   0% used [0x00000000e5560000, 0x00000000e5560000, 0x00000000e6ab0000)
 concurrent mark-sweep generation total 393216K, used 0K [0x00000000e8000000, 0x0000000100000000, 0x0000000100000000)
 Metaspace       used 24029K, capacity 24466K, committed 24572K, reserved 1071104K
  class space    used 2836K, capacity 3016K, committed 3068K, reserved 1048576K
}
2017-03-29T00:18:07.382+0200: 3,445: Total time for which application threads were stopped: 0,0211896 seconds, Stopping threads took: 0,0000905 seconds
{Heap before GC invocations=7 (full 1):
 par new generation   total 109248K, used 102018K [0x00000000e0000000, 0x00000000e8000000, 0x00000000e8000000)
  eden space 87424K, 100% used [0x00000000e0000000, 0x00000000e5560000, 0x00000000e5560000)
  from space 21824K,  66% used [0x00000000e6ab0000, 0x00000000e78f0930, 0x00000000e8000000)
  to   space 21824K,   0% used [0x00000000e5560000, 0x00000000e5560000, 0x00000000e6ab0000)
 concurrent mark-sweep generation total 393216K, used 0K [0x00000000e8000000, 0x0000000100000000, 0x0000000100000000)
 Metaspace       used 24511K, capacity 24972K, committed 25084K, reserved 1071104K
  class space    used 2868K, capacity 3053K, committed 3068K, reserved 1048576K
2017-03-29T00:18:07.494+0200: 3,556: [GC (Allocation Failure) 2017-03-29T00:18:07.494+0200: 3,557: [ParNew
Desired survivor size 20112992 bytes, new threshold 8 (max 8)
- age   1:    1743512 bytes,    1743512 total
- age   2:     703360 bytes,    2446872 total
- age   3:    1800056 bytes,    4246928 total
- age   4:      68840 bytes,    4315768 total
- age   5:      49712 bytes,    4365480 total
- age   6:     193792 bytes,    4559272 total
- age   7:     762704 bytes,    5321976 total
- age   8:    6101640 bytes,   11423616 total
: 102018K->13480K(109248K), 0,0246753 secs] 102018K->13480K(502464K), 0,0247590 secs] [Times: user=0,05 sys=0,00, real=0,02 secs] 
Heap after GC invocations=8 (full 1):
 par new generation   total 109248K, used 13480K [0x00000000e0000000, 0x00000000e8000000, 0x00000000e8000000)
  eden space 87424K,   0% used [0x00000000e0000000, 0x00000000e0000000, 0x00000000e5560000)
  from space 21824K,  61% used [0x00000000e5560000, 0x00000000e628a040, 0x00000000e6ab0000)
  to   space 21824K,   0% used [0x00000000e6ab0000, 0x00000000e6ab0000, 0x00000000e8000000)
 concurrent mark-sweep generation total 393216K, used 0K [0x00000000e8000000, 0x0000000100000000, 0x0000000100000000)
 Metaspace       used 24511K, capacity 24972K, committed 25084K, reserved 1071104K
  class space    used 2868K, capacity 3053K, committed 3068K, reserved 1048576K
}
2017-03-29T00:18:07.519+0200: 3,581: Total time for which application threads were stopped: 0,0337145 seconds, Stopping threads took: 0,0087695 seconds
{Heap before GC invocations=8 (full 1):
 par new generation   total 109248K, used 100904K [0x00000000e0000000, 0x00000000e8000000, 0x00000000e8000000)
  eden space 87424K, 100% used [0x00000000e0000000, 0x00000000e5560000, 0x00000000e5560000)
  from space 21824K,  61% used [0x00000000e5560000, 0x00000000e628a040, 0x00000000e6ab0000)
  to   space 21824K,   0% used [0x00000000e6ab0000, 0x00000000e6ab0000, 0x00000000e8000000)
 concurrent mark-sweep generation total 393216K, used 0K [0x00000000e8000000, 0x0000000100000000, 0x0000000100000000)
 Metaspace       used 25409K, capacity 25946K, committed 26236K, reserved 1073152K
  class space    used 2937K, capacity 3126K, committed 3196K, reserved 1048576K
2017-03-29T00:18:07.771+0200: 3,833: [GC (Allocation Failure) 2017-03-29T00:18:07.771+0200: 3,833: [ParNew
Desired survivor size 20112992 bytes, new threshold 8 (max 8)
- age   1:    2429504 bytes,    2429504 total
- age   2:     151288 bytes,    2580792 total
- age   3:     201808 bytes,    2782600 total
- age   4:    1794096 bytes,    4576696 total
- age   5:      68744 bytes,    4645440 total
- age   6:      49648 bytes,    4695088 total
- age   7:     190368 bytes,    4885456 total
- age   8:     761104 bytes,    5646560 total
: 100904K->10051K(109248K), 0,0316496 secs] 100904K->16090K(502464K), 0,0317169 secs] [Times: user=0,10 sys=0,00, real=0,03 secs] 
Heap after GC invocations=9 (full 1):
 par new generation   total 109248K, used 10051K [0x00000000e0000000, 0x00000000e8000000, 0x00000000e8000000)
  eden space 87424K,   0% used [0x00000000e0000000, 0x00000000e0000000, 0x00000000e5560000)
  from space 21824K,  46% used [0x00000000e6ab0000, 0x00000000e7480f20, 0x00000000e8000000)
  to   space 21824K,   0% used [0x00000000e5560000, 0x00000000e5560000, 0x00000000e6ab0000)
 concurrent mark-sweep generation total 393216K, used 6039K [0x00000000e8000000, 0x0000000100000000, 0x0000000100000000)
 Metaspace       used 25409K, capacity 25946K, committed 26236K, reserved 1073152K
  class space    used 2937K, capacity 3126K, committed 3196K, reserved 1048576K
}
2017-03-29T00:18:07.802+0200: 3,865: Total time for which application threads were stopped: 0,0319551 seconds, Stopping threads took: 0,0000416 seconds
2017-03-29T00:18:07.849+0200: 3,911: Total time for which application threads were stopped: 0,0003546 seconds, Stopping threads took: 0,0000171 seconds
2017-03-29T00:18:07.889+0200: 3,951: Total time for which application threads were stopped: 0,0004917 seconds, Stopping threads took: 0,0000237 seconds
2017-03-29T00:18:07.905+0200: 3,967: Total time for which application threads were stopped: 0,0004089 seconds, Stopping threads took: 0,0000194 seconds
2017-03-29T00:18:07.954+0200: 4,016: Total time for which application threads were stopped: 0,0005057 seconds, Stopping threads took: 0,0000198 seconds
2017-03-29T00:18:07.989+0200: 4,052: Total time for which application threads were stopped: 0,0009324 seconds, Stopping threads took: 0,0004795 seconds
2017-03-29T00:18:07.993+0200: 4,056: Total time for which application threads were stopped: 0,0001404 seconds, Stopping threads took: 0,0000483 seconds
2017-03-29T00:18:08.006+0200: 4,069: Total time for which application threads were stopped: 0,0017290 seconds, Stopping threads took: 0,0016606 seconds
2017-03-29T00:18:08.008+0200: 4,070: Total time for which application threads were stopped: 0,0001186 seconds, Stopping threads took: 0,0000370 seconds
2017-03-29T00:18:08.008+0200: 4,071: Total time for which application threads were stopped: 0,0000910 seconds, Stopping threads took: 0,0000348 seconds
2017-03-29T00:18:08.010+0200: 4,073: Total time for which application threads were stopped: 0,0001865 seconds, Stopping threads took: 0,0000837 seconds
2017-03-29T00:18:08.013+0200: 4,076: Total time for which application threads were stopped: 0,0001367 seconds, Stopping threads took: 0,0000243 seconds
2017-03-29T00:18:08.014+0200: 4,076: Total time for which application threads were stopped: 0,0001008 seconds, Stopping threads took: 0,0000250 seconds
2017-03-29T00:18:08.014+0200: 4,077: Total time for which application threads were stopped: 0,0003234 seconds, Stopping threads took: 0,0002250 seconds
2017-03-29T00:18:08.016+0200: 4,078: Total time for which application threads were stopped: 0,0003390 seconds, Stopping threads took: 0,0001072 seconds
2017-03-29T00:18:08.017+0200: 4,080: Total time for which application threads were stopped: 0,0002781 seconds, Stopping threads took: 0,0001469 seconds
2017-03-29T00:18:08.018+0200: 4,080: Total time for which application threads were stopped: 0,0000784 seconds, Stopping threads took: 0,0000234 seconds
2017-03-29T00:18:08.019+0200: 4,082: Total time for which application threads were stopped: 0,0001193 seconds, Stopping threads took: 0,0000390 seconds
2017-03-29T00:18:08.019+0200: 4,082: Total time for which application threads were stopped: 0,0000868 seconds, Stopping threads took: 0,0000210 seconds
2017-03-29T00:18:08.020+0200: 4,083: Total time for which application threads were stopped: 0,0006690 seconds, Stopping threads took: 0,0005615 seconds
2017-03-29T00:18:08.032+0200: 4,095: Total time for which application threads were stopped: 0,0003367 seconds, Stopping threads took: 0,0001985 seconds
2017-03-29T00:18:08.047+0200: 4,110: Total time for which application threads were stopped: 0,0148175 seconds, Stopping threads took: 0,0147220 seconds
2017-03-29T00:18:08.048+0200: 4,110: Total time for which application threads were stopped: 0,0001086 seconds, Stopping threads took: 0,0000330 seconds
2017-03-29T00:18:08.050+0200: 4,113: Total time for which application threads were stopped: 0,0001259 seconds, Stopping threads took: 0,0000415 seconds
2017-03-29T00:18:08.055+0200: 4,117: Total time for which application threads were stopped: 0,0002377 seconds, Stopping threads took: 0,0001212 seconds
2017-03-29T00:18:08.058+0200: 4,121: Total time for which application threads were stopped: 0,0033776 seconds, Stopping threads took: 0,0032801 seconds
2017-03-29T00:18:08.066+0200: 4,128: Total time for which application threads were stopped: 0,0028328 seconds, Stopping threads took: 0,0025723 seconds
2017-03-29T00:18:08.090+0200: 4,153: Total time for which application threads were stopped: 0,0023005 seconds, Stopping threads took: 0,0021945 seconds
2017-03-29T00:18:08.098+0200: 4,161: Total time for which application threads were stopped: 0,0001701 seconds, Stopping threads took: 0,0000581 seconds
2017-03-29T00:18:08.106+0200: 4,168: Total time for which application threads were stopped: 0,0024861 seconds, Stopping threads took: 0,0023493 seconds
2017-03-29T00:18:08.119+0200: 4,181: Total time for which application threads were stopped: 0,0003723 seconds, Stopping threads took: 0,0001678 seconds
2017-03-29T00:18:08.121+0200: 4,183: Total time for which application threads were stopped: 0,0007411 seconds, Stopping threads took: 0,0006071 seconds
2017-03-29T00:18:08.126+0200: 4,189: Total time for which application threads were stopped: 0,0002638 seconds, Stopping threads took: 0,0001665 seconds
2017-03-29T00:18:08.131+0200: 4,194: Total time for which application threads were stopped: 0,0001820 seconds, Stopping threads took: 0,0000505 seconds
2017-03-29T00:18:08.149+0200: 4,211: Total time for which application threads were stopped: 0,0008912 seconds, Stopping threads took: 0,0007786 seconds
2017-03-29T00:18:08.151+0200: 4,214: Total time for which application threads were stopped: 0,0006260 seconds, Stopping threads took: 0,0005237 seconds
2017-03-29T00:18:08.168+0200: 4,230: Total time for which application threads were stopped: 0,0005730 seconds, Stopping threads took: 0,0000378 seconds
2017-03-29T00:18:08.172+0200: 4,235: Total time for which application threads were stopped: 0,0001199 seconds, Stopping threads took: 0,0000303 seconds
2017-03-29T00:18:08.175+0200: 4,237: Total time for which application threads were stopped: 0,0001526 seconds, Stopping threads took: 0,0000674 seconds
2017-03-29T00:18:08.187+0200: 4,249: Total time for which application threads were stopped: 0,0001673 seconds, Stopping threads took: 0,0000384 seconds
2017-03-29T00:18:08.189+0200: 4,252: Total time for which application threads were stopped: 0,0001282 seconds, Stopping threads took: 0,0000488 seconds
2017-03-29T00:18:08.190+0200: 4,252: Total time for which application threads were stopped: 0,0001354 seconds, Stopping threads took: 0,0000597 seconds
2017-03-29T00:18:08.190+0200: 4,253: Total time for which application threads were stopped: 0,0001251 seconds, Stopping threads took: 0,0000246 seconds
2017-03-29T00:18:08.196+0200: 4,259: Total time for which application threads were stopped: 0,0001620 seconds, Stopping threads took: 0,0000406 seconds
2017-03-29T00:18:08.198+0200: 4,261: Total time for which application threads were stopped: 0,0001609 seconds, Stopping threads took: 0,0000364 seconds
2017-03-29T00:18:08.211+0200: 4,273: Total time for which application threads were stopped: 0,0094947 seconds, Stopping threads took: 0,0093841 seconds
2017-03-29T00:18:08.212+0200: 4,275: Total time for which application threads were stopped: 0,0000995 seconds, Stopping threads took: 0,0000362 seconds
2017-03-29T00:18:08.212+0200: 4,275: Total time for which application threads were stopped: 0,0000945 seconds, Stopping threads took: 0,0000248 seconds
2017-03-29T00:19:31.223+0200: 87,286: Total time for which application threads were stopped: 0,0004706 seconds, Stopping threads took: 0,0001146 seconds
2017-03-29T00:20:01.227+0200: 117,289: Total time for which application threads were stopped: 0,0001163 seconds, Stopping threads took: 0,0000375 seconds
2017-03-29T00:20:06.227+0200: 122,290: Total time for which application threads were stopped: 0,0001349 seconds, Stopping threads took: 0,0000334 seconds
2017-03-29T00:22:41.244+0200: 277,307: Total time for which application threads were stopped: 0,0000938 seconds, Stopping threads took: 0,0000314 seconds
2017-03-29T00:41:30.379+0200: 1406,441: Total time for which application threads were stopped: 0,0002708 seconds, Stopping threads took: 0,0001227 seconds
2017-03-29T00:47:00.419+0200: 1736,481: Total time for which application threads were stopped: 0,0000901 seconds, Stopping threads took: 0,0000315 seconds
2017-03-29T00:56:25.477+0200: 2301,539: Total time for which application threads were stopped: 0,0000874 seconds, Stopping threads took: 0,0000343 seconds
2017-03-29T00:56:26.477+0200: 2302,540: Total time for which application threads were stopped: 0,0000884 seconds, Stopping threads took: 0,0000354 seconds
2017-03-29T01:11:21.585+0200: 3197,648: Total time for which application threads were stopped: 0,0000825 seconds, Stopping threads took: 0,0000316 seconds
2017-03-29T01:22:20.664+0200: 3856,727: Total time for which application threads were stopped: 0,0000926 seconds, Stopping threads took: 0,0000329 seconds
2017-03-29T01:36:01.746+0200: 4677,808: Total time for which application threads were stopped: 0,0004063 seconds, Stopping threads took: 0,0001262 seconds
2017-03-29T01:36:06.747+0200: 4682,809: Total time for which application threads were stopped: 0,0000642 seconds, Stopping threads took: 0,0000168 seconds
2017-03-29T02:02:26.918+0200: 6262,981: Total time for which application threads were stopped: 0,0001390 seconds, Stopping threads took: 0,0000744 seconds
2017-03-29T02:14:16.918+0200: 6972,981: Total time for which application threads were stopped: 0,0000962 seconds, Stopping threads took: 0,0000162 seconds
2017-03-29T02:14:16.931+0200: 6972,993: Total time for which application threads were stopped: 0,0006442 seconds, Stopping threads took: 0,0002443 seconds
2017-03-29T02:14:16.957+0200: 6973,020: Total time for which application threads were stopped: 0,0001623 seconds, Stopping threads took: 0,0000801 seconds
2017-03-29T02:14:16.962+0200: 6973,025: Total time for which application threads were stopped: 0,0000916 seconds, Stopping threads took: 0,0000316 seconds
2017-03-29T02:14:16.963+0200: 6973,026: Total time for which application threads were stopped: 0,0001240 seconds, Stopping threads took: 0,0000337 seconds
2017-03-29T02:14:16.967+0200: 6973,029: Total time for which application threads were stopped: 0,0001101 seconds, Stopping threads took: 0,0000298 seconds
2017-03-29T02:14:16.970+0200: 6973,032: Total time for which application threads were stopped: 0,0001062 seconds, Stopping threads took: 0,0000231 seconds
Heap
 par new generation   total 109248K, used 65317K [0x00000000e0000000, 0x00000000e8000000, 0x00000000e8000000)
  eden space 87424K,  63% used [0x00000000e0000000, 0x00000000e35f8738, 0x00000000e5560000)
  from space 21824K,  46% used [0x00000000e6ab0000, 0x00000000e7480f20, 0x00000000e8000000)
  to   space 21824K,   0% used [0x00000000e5560000, 0x00000000e5560000, 0x00000000e6ab0000)
 concurrent mark-sweep generation total 393216K, used 6039K [0x00000000e8000000, 0x0000000100000000, 0x0000000100000000)
 Metaspace       used 28176K, capacity 28726K, committed 28796K, reserved 1075200K
  class space    used 3230K, capacity 3426K, committed 3452K, reserved 1048576K
