OpenJDK 64-Bit Server VM (25.121-b13) for linux-amd64 JRE (1.8.0_121-8u121-b13-0ubuntu1.16.04.2-b13), built on Jan 23 2017 15:51:29 by "buildd" with gcc 5.4.0 20160609
Memory: 4k page, physical 7867760k(7498736k free), swap 8076284k(8076284k free)
CommandLine flags: -XX:CMSInitiatingOccupancyFraction=50 -XX:CMSMaxAbortablePrecleanTime=6000 -XX:+CMSParallelRemarkEnabled -XX:+CMSScavengeBeforeRemark -XX:ConcGCThreads=4 -XX:InitialHeapSize=536870912 -XX:MaxHeapSize=536870912 -XX:MaxTenuringThreshold=8 -XX:NewRatio=3 -XX:OldPLABSize=16 -XX:OnOutOfMemoryError=/opt/solr/bin/oom_solr.sh 8983 /var/solr/logs -XX:ParallelGCThreads=4 -XX:+ParallelRefProcEnabled -XX:PretenureSizeThreshold=67108864 -XX:+PrintGC -XX:+PrintGCApplicationStoppedTime -XX:+PrintGCDateStamps -XX:+PrintGCDetails -XX:+PrintGCTimeStamps -XX:+PrintHeapAtGC -XX:+PrintTenuringDistribution -XX:SurvivorRatio=4 -XX:TargetSurvivorRatio=90 -XX:ThreadStackSize=256 -XX:+UseCMSInitiatingOccupancyOnly -XX:+UseCompressedClassPointers -XX:+UseCompressedOops -XX:+UseConcMarkSweepGC -XX:+UseParNewGC 
2017-02-25T05:53:22.767+0100: 0,148: Total time for which application threads were stopped: 0,0000649 seconds, Stopping threads took: 0,0000095 seconds
2017-02-25T05:53:22.869+0100: 0,251: Total time for which application threads were stopped: 0,0000964 seconds, Stopping threads took: 0,0000184 seconds
2017-02-25T05:53:22.884+0100: 0,265: Total time for which application threads were stopped: 0,0000732 seconds, Stopping threads took: 0,0000089 seconds
2017-02-25T05:53:23.196+0100: 0,577: Total time for which application threads were stopped: 0,0001428 seconds, Stopping threads took: 0,0000207 seconds
2017-02-25T05:53:23.609+0100: 0,990: Total time for which application threads were stopped: 0,0001561 seconds, Stopping threads took: 0,0000293 seconds
2017-02-25T05:53:23.682+0100: 1,063: Total time for which application threads were stopped: 0,0001736 seconds, Stopping threads took: 0,0000255 seconds
2017-02-25T05:53:23.708+0100: 1,089: Total time for which application threads were stopped: 0,0002042 seconds, Stopping threads took: 0,0000323 seconds
2017-02-25T05:53:23.982+0100: 1,363: Total time for which application threads were stopped: 0,0001780 seconds, Stopping threads took: 0,0000128 seconds
2017-02-25T05:53:24.194+0100: 1,576: Total time for which application threads were stopped: 0,0012330 seconds, Stopping threads took: 0,0001137 seconds
2017-02-25T05:53:24.226+0100: 1,608: Total time for which application threads were stopped: 0,0007613 seconds, Stopping threads took: 0,0003094 seconds
2017-02-25T05:53:24.266+0100: 1,647: Total time for which application threads were stopped: 0,0001897 seconds, Stopping threads took: 0,0000184 seconds
2017-02-25T05:53:24.267+0100: 1,649: Total time for which application threads were stopped: 0,0001409 seconds, Stopping threads took: 0,0000116 seconds
2017-02-25T05:53:24.287+0100: 1,668: Total time for which application threads were stopped: 0,0001898 seconds, Stopping threads took: 0,0000206 seconds
2017-02-25T05:53:24.374+0100: 1,756: Total time for which application threads were stopped: 0,0002611 seconds, Stopping threads took: 0,0000208 seconds
2017-02-25T05:53:24.522+0100: 1,904: Total time for which application threads were stopped: 0,0002459 seconds, Stopping threads took: 0,0000306 seconds
{Heap before GC invocations=0 (full 0):
 par new generation   total 109248K, used 87424K [0x00000000e0000000, 0x00000000e8000000, 0x00000000e8000000)
  eden space 87424K, 100% used [0x00000000e0000000, 0x00000000e5560000, 0x00000000e5560000)
  from space 21824K,   0% used [0x00000000e5560000, 0x00000000e5560000, 0x00000000e6ab0000)
  to   space 21824K,   0% used [0x00000000e6ab0000, 0x00000000e6ab0000, 0x00000000e8000000)
 concurrent mark-sweep generation total 393216K, used 0K [0x00000000e8000000, 0x0000000100000000, 0x0000000100000000)
 Metaspace       used 18064K, capacity 18400K, committed 18688K, reserved 1064960K
  class space    used 2039K, capacity 2196K, committed 2304K, reserved 1048576K
2017-02-25T05:53:24.625+0100: 2,006: [GC (Allocation Failure) 2017-02-25T05:53:24.625+0100: 2,006: [ParNew
Desired survivor size 20112992 bytes, new threshold 8 (max 8)
- age   1:   12611824 bytes,   12611824 total
: 87424K->12440K(109248K), 0,0152990 secs] 87424K->12440K(502464K), 0,0153997 secs] [Times: user=0,05 sys=0,01, real=0,02 secs] 
Heap after GC invocations=1 (full 0):
 par new generation   total 109248K, used 12440K [0x00000000e0000000, 0x00000000e8000000, 0x00000000e8000000)
  eden space 87424K,   0% used [0x00000000e0000000, 0x00000000e0000000, 0x00000000e5560000)
  from space 21824K,  57% used [0x00000000e6ab0000, 0x00000000e76d6080, 0x00000000e8000000)
  to   space 21824K,   0% used [0x00000000e5560000, 0x00000000e5560000, 0x00000000e6ab0000)
 concurrent mark-sweep generation total 393216K, used 0K [0x00000000e8000000, 0x0000000100000000, 0x0000000100000000)
 Metaspace       used 18064K, capacity 18400K, committed 18688K, reserved 1064960K
  class space    used 2039K, capacity 2196K, committed 2304K, reserved 1048576K
}
2017-02-25T05:53:24.640+0100: 2,022: Total time for which application threads were stopped: 0,0157168 seconds, Stopping threads took: 0,0000574 seconds
2017-02-25T05:53:24.938+0100: 2,320: Total time for which application threads were stopped: 0,0004077 seconds, Stopping threads took: 0,0000585 seconds
2017-02-25T05:53:24.996+0100: 2,377: Total time for which application threads were stopped: 0,0003892 seconds, Stopping threads took: 0,0000819 seconds
{Heap before GC invocations=1 (full 0):
 par new generation   total 109248K, used 99864K [0x00000000e0000000, 0x00000000e8000000, 0x00000000e8000000)
  eden space 87424K, 100% used [0x00000000e0000000, 0x00000000e5560000, 0x00000000e5560000)
  from space 21824K,  57% used [0x00000000e6ab0000, 0x00000000e76d6080, 0x00000000e8000000)
  to   space 21824K,   0% used [0x00000000e5560000, 0x00000000e5560000, 0x00000000e6ab0000)
 concurrent mark-sweep generation total 393216K, used 0K [0x00000000e8000000, 0x0000000100000000, 0x0000000100000000)
 Metaspace       used 20059K, capacity 20364K, committed 20736K, reserved 1067008K
  class space    used 2297K, capacity 2470K, committed 2560K, reserved 1048576K
2017-02-25T05:53:24.997+0100: 2,378: [GC (Allocation Failure) 2017-02-25T05:53:24.997+0100: 2,378: [ParNew
Desired survivor size 20112992 bytes, new threshold 8 (max 8)
- age   1:    3756416 bytes,    3756416 total
- age   2:    6663080 bytes,   10419496 total
: 99864K->13741K(109248K), 0,0103228 secs] 99864K->13741K(502464K), 0,0103902 secs] [Times: user=0,03 sys=0,00, real=0,02 secs] 
Heap after GC invocations=2 (full 0):
 par new generation   total 109248K, used 13741K [0x00000000e0000000, 0x00000000e8000000, 0x00000000e8000000)
  eden space 87424K,   0% used [0x00000000e0000000, 0x00000000e0000000, 0x00000000e5560000)
  from space 21824K,  62% used [0x00000000e5560000, 0x00000000e62cb438, 0x00000000e6ab0000)
  to   space 21824K,   0% used [0x00000000e6ab0000, 0x00000000e6ab0000, 0x00000000e8000000)
 concurrent mark-sweep generation total 393216K, used 0K [0x00000000e8000000, 0x0000000100000000, 0x0000000100000000)
 Metaspace       used 20059K, capacity 20364K, committed 20736K, reserved 1067008K
  class space    used 2297K, capacity 2470K, committed 2560K, reserved 1048576K
}
2017-02-25T05:53:25.007+0100: 2,388: Total time for which application threads were stopped: 0,0106173 seconds, Stopping threads took: 0,0001027 seconds
2017-02-25T05:53:25.037+0100: 2,418: Total time for which application threads were stopped: 0,0004002 seconds, Stopping threads took: 0,0000853 seconds
2017-02-25T05:53:25.143+0100: 2,524: Total time for which application threads were stopped: 0,0001741 seconds, Stopping threads took: 0,0000503 seconds
{Heap before GC invocations=2 (full 0):
 par new generation   total 109248K, used 101159K [0x00000000e0000000, 0x00000000e8000000, 0x00000000e8000000)
  eden space 87424K,  99% used [0x00000000e0000000, 0x00000000e555e968, 0x00000000e5560000)
  from space 21824K,  62% used [0x00000000e5560000, 0x00000000e62cb438, 0x00000000e6ab0000)
  to   space 21824K,   0% used [0x00000000e6ab0000, 0x00000000e6ab0000, 0x00000000e8000000)
 concurrent mark-sweep generation total 393216K, used 0K [0x00000000e8000000, 0x0000000100000000, 0x0000000100000000)
 Metaspace       used 20978K, capacity 21286K, committed 21628K, reserved 1069056K
  class space    used 2418K, capacity 2589K, committed 2684K, reserved 1048576K
2017-02-25T05:53:25.181+0100: 2,563: [GC (Allocation Failure) 2017-02-25T05:53:25.181+0100: 2,563: [ParNew
Desired survivor size 20112992 bytes, new threshold 8 (max 8)
- age   1:    2197472 bytes,    2197472 total
- age   2:     860800 bytes,    3058272 total
- age   3:    6660672 bytes,    9718944 total
: 101159K->11557K(109248K), 0,0106266 secs] 101159K->11557K(502464K), 0,0107105 secs] [Times: user=0,04 sys=0,00, real=0,01 secs] 
Heap after GC invocations=3 (full 0):
 par new generation   total 109248K, used 11557K [0x00000000e0000000, 0x00000000e8000000, 0x00000000e8000000)
  eden space 87424K,   0% used [0x00000000e0000000, 0x00000000e0000000, 0x00000000e5560000)
  from space 21824K,  52% used [0x00000000e6ab0000, 0x00000000e75f95c0, 0x00000000e8000000)
  to   space 21824K,   0% used [0x00000000e5560000, 0x00000000e5560000, 0x00000000e6ab0000)
 concurrent mark-sweep generation total 393216K, used 0K [0x00000000e8000000, 0x0000000100000000, 0x0000000100000000)
 Metaspace       used 20978K, capacity 21286K, committed 21628K, reserved 1069056K
  class space    used 2418K, capacity 2589K, committed 2684K, reserved 1048576K
}
2017-02-25T05:53:25.192+0100: 2,573: Total time for which application threads were stopped: 0,0109193 seconds, Stopping threads took: 0,0000752 seconds
2017-02-25T05:53:25.192+0100: 2,574: [GC (CMS Initial Mark) [1 CMS-initial-mark: 0K(393216K)] 11573K(502464K), 0,0052024 secs] [Times: user=0,02 sys=0,00, real=0,00 secs] 
2017-02-25T05:53:25.197+0100: 2,579: Total time for which application threads were stopped: 0,0053347 seconds, Stopping threads took: 0,0000412 seconds
2017-02-25T05:53:25.197+0100: 2,579: [CMS-concurrent-mark-start]
2017-02-25T05:53:25.200+0100: 2,581: [CMS-concurrent-mark: 0,002/0,002 secs] [Times: user=0,00 sys=0,00, real=0,01 secs] 
2017-02-25T05:53:25.200+0100: 2,581: [CMS-concurrent-preclean-start]
2017-02-25T05:53:25.201+0100: 2,582: [CMS-concurrent-preclean: 0,001/0,001 secs] [Times: user=0,01 sys=0,00, real=0,00 secs] 
2017-02-25T05:53:25.201+0100: 2,583: [CMS-concurrent-abortable-preclean-start]
2017-02-25T05:53:25.288+0100: 2,670: Total time for which application threads were stopped: 0,0021742 seconds, Stopping threads took: 0,0020766 seconds
2017-02-25T05:53:25.294+0100: 2,675: [CMS-concurrent-abortable-preclean: 0,082/0,093 secs] [Times: user=0,33 sys=0,01, real=0,09 secs] 
2017-02-25T05:53:25.298+0100: 2,679: [GC (CMS Final Remark) [YG occupancy: 64090 K (109248 K)]{Heap before GC invocations=3 (full 1):
 par new generation   total 109248K, used 64090K [0x00000000e0000000, 0x00000000e8000000, 0x00000000e8000000)
  eden space 87424K,  60% used [0x00000000e0000000, 0x00000000e334d538, 0x00000000e5560000)
  from space 21824K,  52% used [0x00000000e6ab0000, 0x00000000e75f95c0, 0x00000000e8000000)
  to   space 21824K,   0% used [0x00000000e5560000, 0x00000000e5560000, 0x00000000e6ab0000)
 concurrent mark-sweep generation total 393216K, used 0K [0x00000000e8000000, 0x0000000100000000, 0x0000000100000000)
 Metaspace       used 21180K, capacity 21508K, committed 21884K, reserved 1069056K
  class space    used 2439K, capacity 2594K, committed 2684K, reserved 1048576K
2017-02-25T05:53:25.298+0100: 2,679: [GC (CMS Final Remark) 2017-02-25T05:53:25.298+0100: 2,679: [ParNew
Desired survivor size 20112992 bytes, new threshold 8 (max 8)
- age   1:    1628712 bytes,    1628712 total
- age   2:    1440336 bytes,    3069048 total
- age   3:     829392 bytes,    3898440 total
- age   4:    6660856 bytes,   10559296 total
: 64090K->14985K(109248K), 0,0096553 secs] 64090K->14985K(502464K), 0,0096992 secs] [Times: user=0,03 sys=0,00, real=0,01 secs] 
Heap after GC invocations=4 (full 1):
 par new generation   total 109248K, used 14985K [0x00000000e0000000, 0x00000000e8000000, 0x00000000e8000000)
  eden space 87424K,   0% used [0x00000000e0000000, 0x00000000e0000000, 0x00000000e5560000)
  from space 21824K,  68% used [0x00000000e5560000, 0x00000000e6402500, 0x00000000e6ab0000)
  to   space 21824K,   0% used [0x00000000e6ab0000, 0x00000000e6ab0000, 0x00000000e8000000)
 concurrent mark-sweep generation total 393216K, used 0K [0x00000000e8000000, 0x0000000100000000, 0x0000000100000000)
 Metaspace       used 21180K, capacity 21508K, committed 21884K, reserved 1069056K
  class space    used 2439K, capacity 2594K, committed 2684K, reserved 1048576K
}
2017-02-25T05:53:25.307+0100: 2,689: [Rescan (parallel) , 0,0035816 secs]2017-02-25T05:53:25.311+0100: 2,693: [weak refs processing, 0,0009197 secs]2017-02-25T05:53:25.312+0100: 2,693: [class unloading, 0,0027592 secs]2017-02-25T05:53:25.315+0100: 2,696: [scrub symbol table, 0,0025811 secs]2017-02-25T05:53:25.317+0100: 2,699: [scrub string table, 0,0004193 secs][1 CMS-remark: 0K(393216K)] 14985K(502464K), 0,0206318 secs] [Times: user=0,05 sys=0,00, real=0,02 secs] 
2017-02-25T05:53:25.318+0100: 2,700: Total time for which application threads were stopped: 0,0246767 seconds, Stopping threads took: 0,0039484 seconds
2017-02-25T05:53:25.318+0100: 2,700: [CMS-concurrent-sweep-start]
2017-02-25T05:53:25.318+0100: 2,700: [CMS-concurrent-sweep: 0,000/0,000 secs] [Times: user=0,00 sys=0,00, real=0,00 secs] 
2017-02-25T05:53:25.318+0100: 2,700: [CMS-concurrent-reset-start]
2017-02-25T05:53:25.321+0100: 2,702: [CMS-concurrent-reset: 0,002/0,002 secs] [Times: user=0,01 sys=0,00, real=0,00 secs] 
{Heap before GC invocations=4 (full 1):
 par new generation   total 109248K, used 102409K [0x00000000e0000000, 0x00000000e8000000, 0x00000000e8000000)
  eden space 87424K, 100% used [0x00000000e0000000, 0x00000000e5560000, 0x00000000e5560000)
  from space 21824K,  68% used [0x00000000e5560000, 0x00000000e6402500, 0x00000000e6ab0000)
  to   space 21824K,   0% used [0x00000000e6ab0000, 0x00000000e6ab0000, 0x00000000e8000000)
 concurrent mark-sweep generation total 393216K, used 0K [0x00000000e8000000, 0x0000000100000000, 0x0000000100000000)
 Metaspace       used 21307K, capacity 21722K, committed 21884K, reserved 1069056K
  class space    used 2458K, capacity 2636K, committed 2684K, reserved 1048576K
2017-02-25T05:53:25.426+0100: 2,808: [GC (Allocation Failure) 2017-02-25T05:53:25.426+0100: 2,808: [ParNew
Desired survivor size 20112992 bytes, new threshold 8 (max 8)
- age   1:     429696 bytes,     429696 total
- age   2:      92872 bytes,     522568 total
- age   3:    1440160 bytes,    1962728 total
- age   4:     827312 bytes,    2790040 total
- age   5:    6660696 bytes,    9450736 total
: 102409K->12015K(109248K), 0,0095678 secs] 102409K->12015K(502464K), 0,0096313 secs] [Times: user=0,03 sys=0,00, real=0,00 secs] 
Heap after GC invocations=5 (full 1):
 par new generation   total 109248K, used 12015K [0x00000000e0000000, 0x00000000e8000000, 0x00000000e8000000)
  eden space 87424K,   0% used [0x00000000e0000000, 0x00000000e0000000, 0x00000000e5560000)
  from space 21824K,  55% used [0x00000000e6ab0000, 0x00000000e766bc80, 0x00000000e8000000)
  to   space 21824K,   0% used [0x00000000e5560000, 0x00000000e5560000, 0x00000000e6ab0000)
 concurrent mark-sweep generation total 393216K, used 0K [0x00000000e8000000, 0x0000000100000000, 0x0000000100000000)
 Metaspace       used 21307K, capacity 21722K, committed 21884K, reserved 1069056K
  class space    used 2458K, capacity 2636K, committed 2684K, reserved 1048576K
}
2017-02-25T05:53:25.436+0100: 2,817: Total time for which application threads were stopped: 0,0105069 seconds, Stopping threads took: 0,0007382 seconds
2017-02-25T05:53:25.499+0100: 2,880: Total time for which application threads were stopped: 0,0003293 seconds, Stopping threads took: 0,0000407 seconds
2017-02-25T05:53:25.661+0100: 3,042: Total time for which application threads were stopped: 0,0004368 seconds, Stopping threads took: 0,0000277 seconds
2017-02-25T05:53:25.696+0100: 3,078: Total time for which application threads were stopped: 0,0004162 seconds, Stopping threads took: 0,0000366 seconds
2017-02-25T05:53:25.709+0100: 3,091: Total time for which application threads were stopped: 0,0003958 seconds, Stopping threads took: 0,0000553 seconds
{Heap before GC invocations=5 (full 1):
 par new generation   total 109248K, used 99439K [0x00000000e0000000, 0x00000000e8000000, 0x00000000e8000000)
  eden space 87424K, 100% used [0x00000000e0000000, 0x00000000e5560000, 0x00000000e5560000)
  from space 21824K,  55% used [0x00000000e6ab0000, 0x00000000e766bc80, 0x00000000e8000000)
  to   space 21824K,   0% used [0x00000000e5560000, 0x00000000e5560000, 0x00000000e6ab0000)
 concurrent mark-sweep generation total 393216K, used 0K [0x00000000e8000000, 0x0000000100000000, 0x0000000100000000)
 Metaspace       used 23577K, capacity 24080K, committed 24316K, reserved 1071104K
  class space    used 2748K, capacity 2951K, committed 3068K, reserved 1048576K
2017-02-25T05:53:25.799+0100: 3,180: [GC (Allocation Failure) 2017-02-25T05:53:25.799+0100: 3,180: [ParNew
Desired survivor size 20112992 bytes, new threshold 8 (max 8)
- age   1:    4065760 bytes,    4065760 total
- age   2:     147048 bytes,    4212808 total
- age   3:      91776 bytes,    4304584 total
- age   4:     270032 bytes,    4574616 total
- age   5:     801112 bytes,    5375728 total
- age   6:    6653648 bytes,   12029376 total
: 99439K->13647K(109248K), 0,0158638 secs] 99439K->13647K(502464K), 0,0159697 secs] [Times: user=0,04 sys=0,00, real=0,01 secs] 
Heap after GC invocations=6 (full 1):
 par new generation   total 109248K, used 13647K [0x00000000e0000000, 0x00000000e8000000, 0x00000000e8000000)
  eden space 87424K,   0% used [0x00000000e0000000, 0x00000000e0000000, 0x00000000e5560000)
  from space 21824K,  62% used [0x00000000e5560000, 0x00000000e62b3ef0, 0x00000000e6ab0000)
  to   space 21824K,   0% used [0x00000000e6ab0000, 0x00000000e6ab0000, 0x00000000e8000000)
 concurrent mark-sweep generation total 393216K, used 0K [0x00000000e8000000, 0x0000000100000000, 0x0000000100000000)
 Metaspace       used 23577K, capacity 24080K, committed 24316K, reserved 1071104K
  class space    used 2748K, capacity 2951K, committed 3068K, reserved 1048576K
}
2017-02-25T05:53:25.815+0100: 3,196: Total time for which application threads were stopped: 0,0162577 seconds, Stopping threads took: 0,0000493 seconds
2017-02-25T05:53:25.974+0100: 3,355: Total time for which application threads were stopped: 0,0001777 seconds, Stopping threads took: 0,0000781 seconds
{Heap before GC invocations=6 (full 1):
 par new generation   total 109248K, used 104148K [0x00000000e0000000, 0x00000000e8000000, 0x00000000e8000000)
  eden space 87424K, 100% used [0x00000000e0000000, 0x00000000e5560000, 0x00000000e5560000)
  from space 21824K,  76% used [0x00000000e5560000, 0x00000000e65b5028, 0x00000000e6ab0000)
  to   space 21824K,   0% used [0x00000000e6ab0000, 0x00000000e6ab0000, 0x00000000e8000000)
 concurrent mark-sweep generation total 393216K, used 0K [0x00000000e8000000, 0x0000000100000000, 0x0000000100000000)
 Metaspace       used 24536K, capacity 24966K, committed 25084K, reserved 1071104K
  class space    used 2875K, capacity 3051K, committed 3068K, reserved 1048576K
2017-02-25T05:53:25.978+0100: 3,359: [GC (GCLocker Initiated GC) 2017-02-25T05:53:25.978+0100: 3,359: [ParNew
Desired survivor size 20112992 bytes, new threshold 8 (max 8)
- age   1:    1845456 bytes,    1845456 total
- age   2:    1685520 bytes,    3530976 total
- age   3:     111392 bytes,    3642368 total
- age   4:      74528 bytes,    3716896 total
- age   5:     222296 bytes,    3939192 total
- age   6:     775120 bytes,    4714312 total
- age   7:    6385504 bytes,   11099816 total
: 104148K->17589K(109248K), 0,0156421 secs] 104148K->17589K(502464K), 0,0157399 secs] [Times: user=0,05 sys=0,00, real=0,01 secs] 
Heap after GC invocations=7 (full 1):
 par new generation   total 109248K, used 17589K [0x00000000e0000000, 0x00000000e8000000, 0x00000000e8000000)
  eden space 87424K,   0% used [0x00000000e0000000, 0x00000000e0000000, 0x00000000e5560000)
  from space 21824K,  80% used [0x00000000e6ab0000, 0x00000000e7bdd730, 0x00000000e8000000)
  to   space 21824K,   0% used [0x00000000e5560000, 0x00000000e5560000, 0x00000000e6ab0000)
 concurrent mark-sweep generation total 393216K, used 0K [0x00000000e8000000, 0x0000000100000000, 0x0000000100000000)
 Metaspace       used 24536K, capacity 24966K, committed 25084K, reserved 1071104K
  class space    used 2875K, capacity 3051K, committed 3068K, reserved 1048576K
}
2017-02-25T05:53:25.994+0100: 3,375: Total time for which application threads were stopped: 0,0159355 seconds, Stopping threads took: 0,0000422 seconds
2017-02-25T05:53:26.336+0100: 3,717: Total time for which application threads were stopped: 0,0007059 seconds, Stopping threads took: 0,0000364 seconds
2017-02-25T05:53:26.363+0100: 3,745: Total time for which application threads were stopped: 0,0004187 seconds, Stopping threads took: 0,0000447 seconds
2017-02-25T05:53:26.434+0100: 3,816: Total time for which application threads were stopped: 0,0004428 seconds, Stopping threads took: 0,0000449 seconds
{Heap before GC invocations=7 (full 1):
 par new generation   total 109248K, used 105013K [0x00000000e0000000, 0x00000000e8000000, 0x00000000e8000000)
  eden space 87424K, 100% used [0x00000000e0000000, 0x00000000e5560000, 0x00000000e5560000)
  from space 21824K,  80% used [0x00000000e6ab0000, 0x00000000e7bdd730, 0x00000000e8000000)
  to   space 21824K,   0% used [0x00000000e5560000, 0x00000000e5560000, 0x00000000e6ab0000)
 concurrent mark-sweep generation total 393216K, used 0K [0x00000000e8000000, 0x0000000100000000, 0x0000000100000000)
 Metaspace       used 27061K, capacity 27614K, committed 27900K, reserved 1073152K
  class space    used 3110K, capacity 3295K, committed 3324K, reserved 1048576K
2017-02-25T05:53:26.478+0100: 3,859: [GC (Allocation Failure) 2017-02-25T05:53:26.478+0100: 3,859: [ParNew
Desired survivor size 20112992 bytes, new threshold 8 (max 8)
- age   1:   10171320 bytes,   10171320 total
- age   2:     305168 bytes,   10476488 total
- age   3:    1665432 bytes,   12141920 total
- age   4:     111296 bytes,   12253216 total
- age   5:      71952 bytes,   12325168 total
- age   6:     221456 bytes,   12546624 total
- age   7:     772864 bytes,   13319488 total
- age   8:    6383528 bytes,   19703016 total
: 105013K->21824K(109248K), 0,0218901 secs] 105013K->21824K(502464K), 0,0219762 secs] [Times: user=0,07 sys=0,00, real=0,02 secs] 
Heap after GC invocations=8 (full 1):
 par new generation   total 109248K, used 21824K [0x00000000e0000000, 0x00000000e8000000, 0x00000000e8000000)
  eden space 87424K,   0% used [0x00000000e0000000, 0x00000000e0000000, 0x00000000e5560000)
  from space 21824K, 100% used [0x00000000e5560000, 0x00000000e6ab0000, 0x00000000e6ab0000)
  to   space 21824K,   0% used [0x00000000e6ab0000, 0x00000000e6ab0000, 0x00000000e8000000)
 concurrent mark-sweep generation total 393216K, used 0K [0x00000000e8000000, 0x0000000100000000, 0x0000000100000000)
 Metaspace       used 27061K, capacity 27614K, committed 27900K, reserved 1073152K
  class space    used 3110K, capacity 3295K, committed 3324K, reserved 1048576K
}
2017-02-25T05:53:26.500+0100: 3,881: Total time for which application threads were stopped: 0,0221869 seconds, Stopping threads took: 0,0000236 seconds
2017-02-25T05:53:26.572+0100: 3,954: Total time for which application threads were stopped: 0,0004065 seconds, Stopping threads took: 0,0000325 seconds
2017-02-25T05:53:26.667+0100: 4,049: Total time for which application threads were stopped: 0,0004774 seconds, Stopping threads took: 0,0000286 seconds
2017-02-25T05:53:59.671+0100: 37,052: Total time for which application threads were stopped: 0,0000813 seconds, Stopping threads took: 0,0000338 seconds
2017-02-25T05:55:19.682+0100: 117,063: Total time for which application threads were stopped: 0,0001679 seconds, Stopping threads took: 0,0000649 seconds
2017-02-25T05:55:24.683+0100: 122,064: Total time for which application threads were stopped: 0,0001513 seconds, Stopping threads took: 0,0000364 seconds
2017-02-25T05:55:54.687+0100: 152,069: Total time for which application threads were stopped: 0,0001886 seconds, Stopping threads took: 0,0000725 seconds
2017-02-25T05:56:23.692+0100: 181,073: Total time for which application threads were stopped: 0,0000898 seconds, Stopping threads took: 0,0000351 seconds
2017-02-25T05:57:34.702+0100: 252,084: Total time for which application threads were stopped: 0,0000828 seconds, Stopping threads took: 0,0000328 seconds
2017-02-25T05:57:44.704+0100: 262,085: Total time for which application threads were stopped: 0,0000833 seconds, Stopping threads took: 0,0000325 seconds
2017-02-25T05:57:49.704+0100: 267,085: Total time for which application threads were stopped: 0,0000795 seconds, Stopping threads took: 0,0000181 seconds
2017-02-25T05:57:53.705+0100: 271,086: Total time for which application threads were stopped: 0,0000725 seconds, Stopping threads took: 0,0000174 seconds
2017-02-25T05:57:58.705+0100: 276,087: Total time for which application threads were stopped: 0,0000701 seconds, Stopping threads took: 0,0000184 seconds
2017-02-25T05:57:59.706+0100: 277,087: Total time for which application threads were stopped: 0,0000874 seconds, Stopping threads took: 0,0000191 seconds
2017-02-25T05:58:18.708+0100: 296,089: Total time for which application threads were stopped: 0,0000889 seconds, Stopping threads took: 0,0000320 seconds
2017-02-25T05:58:44.711+0100: 322,092: Total time for which application threads were stopped: 0,0005604 seconds, Stopping threads took: 0,0001920 seconds
2017-02-25T06:01:08.727+0100: 466,108: Total time for which application threads were stopped: 0,0000928 seconds, Stopping threads took: 0,0000322 seconds
2017-02-25T06:16:48.833+0100: 1406,214: Total time for which application threads were stopped: 0,0001289 seconds, Stopping threads took: 0,0000421 seconds
2017-02-25T06:21:23.864+0100: 1681,245: Total time for which application threads were stopped: 0,0001237 seconds, Stopping threads took: 0,0000510 seconds
2017-02-25T06:32:04.926+0100: 2322,308: Total time for which application threads were stopped: 0,0000776 seconds, Stopping threads took: 0,0000276 seconds
2017-02-25T06:32:08.927+0100: 2326,308: Total time for which application threads were stopped: 0,0000649 seconds, Stopping threads took: 0,0000148 seconds
2017-02-25T06:35:24.946+0100: 2522,328: Total time for which application threads were stopped: 0,0001382 seconds, Stopping threads took: 0,0000678 seconds
2017-02-25T06:49:30.031+0100: 3367,412: Total time for which application threads were stopped: 0,0006119 seconds, Stopping threads took: 0,0001996 seconds
2017-02-25T06:57:59.086+0100: 3876,468: Total time for which application threads were stopped: 0,0000934 seconds, Stopping threads took: 0,0000388 seconds
2017-02-25T06:58:04.087+0100: 3881,468: Total time for which application threads were stopped: 0,0000642 seconds, Stopping threads took: 0,0000152 seconds
2017-02-25T07:22:55.251+0100: 5372,632: Total time for which application threads were stopped: 0,0001198 seconds, Stopping threads took: 0,0000461 seconds
2017-02-25T07:23:05.252+0100: 5382,634: Total time for which application threads were stopped: 0,0000793 seconds, Stopping threads took: 0,0000307 seconds
2017-02-25T07:28:03.507+0100: 5680,889: Total time for which application threads were stopped: 0,0265208 seconds, Stopping threads took: 0,0263870 seconds
2017-02-25T07:28:03.517+0100: 5680,898: Total time for which application threads were stopped: 0,0038504 seconds, Stopping threads took: 0,0037367 seconds
2017-02-25T07:28:03.543+0100: 5680,925: Total time for which application threads were stopped: 0,0001112 seconds, Stopping threads took: 0,0000189 seconds
Heap
 par new generation   total 109248K, used 58911K [0x00000000e0000000, 0x00000000e8000000, 0x00000000e8000000)
  eden space 87424K,  42% used [0x00000000e0000000, 0x00000000e2437d88, 0x00000000e5560000)
  from space 21824K, 100% used [0x00000000e5560000, 0x00000000e6ab0000, 0x00000000e6ab0000)
  to   space 21824K,   0% used [0x00000000e6ab0000, 0x00000000e6ab0000, 0x00000000e8000000)
 concurrent mark-sweep generation total 393216K, used 0K [0x00000000e8000000, 0x0000000100000000, 0x0000000100000000)
 Metaspace       used 28181K, capacity 28714K, committed 29052K, reserved 1075200K
  class space    used 3231K, capacity 3395K, committed 3452K, reserved 1048576K
