OpenJDK 64-Bit Server VM (25.111-b14) for linux-amd64 JRE (1.8.0_111-8u111-b14-2ubuntu0.16.04.2-b14), built on Oct 27 2016 18:10:19 by "buildd" with gcc 5.4.0 20160609
Memory: 4k page, physical 7867804k(7518448k free), swap 8076284k(8076284k free)
CommandLine flags: -XX:CMSInitiatingOccupancyFraction=50 -XX:CMSMaxAbortablePrecleanTime=6000 -XX:+CMSParallelRemarkEnabled -XX:+CMSScavengeBeforeRemark -XX:ConcGCThreads=4 -XX:InitialHeapSize=536870912 -XX:MaxHeapSize=536870912 -XX:MaxTenuringThreshold=8 -XX:NewRatio=3 -XX:OldPLABSize=16 -XX:OnOutOfMemoryError=/opt/solr/bin/oom_solr.sh 8983 /var/solr/logs -XX:ParallelGCThreads=4 -XX:+ParallelRefProcEnabled -XX:PretenureSizeThreshold=67108864 -XX:+PrintGC -XX:+PrintGCApplicationStoppedTime -XX:+PrintGCDateStamps -XX:+PrintGCDetails -XX:+PrintGCTimeStamps -XX:+PrintHeapAtGC -XX:+PrintTenuringDistribution -XX:SurvivorRatio=4 -XX:TargetSurvivorRatio=90 -XX:ThreadStackSize=256 -XX:+UseCMSInitiatingOccupancyOnly -XX:+UseCompressedClassPointers -XX:+UseCompressedOops -XX:+UseConcMarkSweepGC -XX:+UseParNewGC 
2016-12-26T22:16:35.498+0100: 0,121: Total time for which application threads were stopped: 0,0000645 seconds, Stopping threads took: 0,0000130 seconds
2016-12-26T22:16:35.562+0100: 0,185: Total time for which application threads were stopped: 0,0000916 seconds, Stopping threads took: 0,0000167 seconds
2016-12-26T22:16:35.571+0100: 0,194: Total time for which application threads were stopped: 0,0000741 seconds, Stopping threads took: 0,0000186 seconds
2016-12-26T22:16:35.678+0100: 0,301: Total time for which application threads were stopped: 0,0001337 seconds, Stopping threads took: 0,0000224 seconds
2016-12-26T22:16:35.818+0100: 0,442: Total time for which application threads were stopped: 0,0001362 seconds, Stopping threads took: 0,0000137 seconds
2016-12-26T22:16:35.859+0100: 0,482: Total time for which application threads were stopped: 0,0001269 seconds, Stopping threads took: 0,0000119 seconds
2016-12-26T22:16:35.870+0100: 0,493: Total time for which application threads were stopped: 0,0001762 seconds, Stopping threads took: 0,0000293 seconds
2016-12-26T22:16:36.113+0100: 0,736: Total time for which application threads were stopped: 0,0001752 seconds, Stopping threads took: 0,0000181 seconds
2016-12-26T22:16:36.266+0100: 0,890: Total time for which application threads were stopped: 0,0002426 seconds, Stopping threads took: 0,0000329 seconds
2016-12-26T22:16:36.287+0100: 0,910: Total time for which application threads were stopped: 0,0001800 seconds, Stopping threads took: 0,0000179 seconds
2016-12-26T22:16:36.288+0100: 0,911: Total time for which application threads were stopped: 0,0001494 seconds, Stopping threads took: 0,0000133 seconds
2016-12-26T22:16:36.297+0100: 0,921: Total time for which application threads were stopped: 0,0001533 seconds, Stopping threads took: 0,0000109 seconds
2016-12-26T22:16:36.386+0100: 1,009: Total time for which application threads were stopped: 0,0002496 seconds, Stopping threads took: 0,0000297 seconds
2016-12-26T22:16:36.597+0100: 1,221: Total time for which application threads were stopped: 0,0002457 seconds, Stopping threads took: 0,0000368 seconds
{Heap before GC invocations=0 (full 0):
 par new generation   total 109248K, used 87424K [0x00000000e0000000, 0x00000000e8000000, 0x00000000e8000000)
  eden space 87424K, 100% used [0x00000000e0000000, 0x00000000e5560000, 0x00000000e5560000)
  from space 21824K,   0% used [0x00000000e5560000, 0x00000000e5560000, 0x00000000e6ab0000)
  to   space 21824K,   0% used [0x00000000e6ab0000, 0x00000000e6ab0000, 0x00000000e8000000)
 concurrent mark-sweep generation total 393216K, used 0K [0x00000000e8000000, 0x0000000100000000, 0x0000000100000000)
 Metaspace       used 18094K, capacity 18366K, committed 18560K, reserved 1064960K
  class space    used 2053K, capacity 2162K, committed 2176K, reserved 1048576K
2016-12-26T22:16:36.874+0100: 1,498: [GC (Allocation Failure) 2016-12-26T22:16:36.874+0100: 1,498: [ParNew
Desired survivor size 20112992 bytes, new threshold 8 (max 8)
- age   1:   12322416 bytes,   12322416 total
: 87424K->12150K(109248K), 0,0628133 secs] 87424K->12150K(502464K), 0,0629034 secs] [Times: user=0,05 sys=0,01, real=0,06 secs] 
Heap after GC invocations=1 (full 0):
 par new generation   total 109248K, used 12150K [0x00000000e0000000, 0x00000000e8000000, 0x00000000e8000000)
  eden space 87424K,   0% used [0x00000000e0000000, 0x00000000e0000000, 0x00000000e5560000)
  from space 21824K,  55% used [0x00000000e6ab0000, 0x00000000e768daf0, 0x00000000e8000000)
  to   space 21824K,   0% used [0x00000000e5560000, 0x00000000e5560000, 0x00000000e6ab0000)
 concurrent mark-sweep generation total 393216K, used 0K [0x00000000e8000000, 0x0000000100000000, 0x0000000100000000)
 Metaspace       used 18094K, capacity 18366K, committed 18560K, reserved 1064960K
  class space    used 2053K, capacity 2162K, committed 2176K, reserved 1048576K
}
2016-12-26T22:16:36.937+0100: 1,561: Total time for which application threads were stopped: 0,0631589 seconds, Stopping threads took: 0,0000168 seconds
2016-12-26T22:16:37.317+0100: 1,940: Total time for which application threads were stopped: 0,0002900 seconds, Stopping threads took: 0,0000221 seconds
2016-12-26T22:16:37.360+0100: 1,983: Total time for which application threads were stopped: 0,0005868 seconds, Stopping threads took: 0,0000499 seconds
2016-12-26T22:16:37.394+0100: 2,018: Total time for which application threads were stopped: 0,0016164 seconds, Stopping threads took: 0,0001906 seconds
{Heap before GC invocations=1 (full 0):
 par new generation   total 109248K, used 99574K [0x00000000e0000000, 0x00000000e8000000, 0x00000000e8000000)
  eden space 87424K, 100% used [0x00000000e0000000, 0x00000000e5560000, 0x00000000e5560000)
  from space 21824K,  55% used [0x00000000e6ab0000, 0x00000000e768daf0, 0x00000000e8000000)
  to   space 21824K,   0% used [0x00000000e5560000, 0x00000000e5560000, 0x00000000e6ab0000)
 concurrent mark-sweep generation total 393216K, used 0K [0x00000000e8000000, 0x0000000100000000, 0x0000000100000000)
 Metaspace       used 20723K, capacity 21020K, committed 21248K, reserved 1069056K
  class space    used 2403K, capacity 2518K, committed 2560K, reserved 1048576K
2016-12-26T22:16:37.632+0100: 2,255: [GC (Allocation Failure) 2016-12-26T22:16:37.632+0100: 2,256: [ParNew
Desired survivor size 20112992 bytes, new threshold 8 (max 8)
- age   1:    2906192 bytes,    2906192 total
- age   2:    6101072 bytes,    9007264 total
: 99574K->13095K(109248K), 0,0240721 secs] 99574K->13095K(502464K), 0,0241540 secs] [Times: user=0,07 sys=0,00, real=0,03 secs] 
Heap after GC invocations=2 (full 0):
 par new generation   total 109248K, used 13095K [0x00000000e0000000, 0x00000000e8000000, 0x00000000e8000000)
  eden space 87424K,   0% used [0x00000000e0000000, 0x00000000e0000000, 0x00000000e5560000)
  from space 21824K,  60% used [0x00000000e5560000, 0x00000000e6229c90, 0x00000000e6ab0000)
  to   space 21824K,   0% used [0x00000000e6ab0000, 0x00000000e6ab0000, 0x00000000e8000000)
 concurrent mark-sweep generation total 393216K, used 0K [0x00000000e8000000, 0x0000000100000000, 0x0000000100000000)
 Metaspace       used 20723K, capacity 21020K, committed 21248K, reserved 1069056K
  class space    used 2403K, capacity 2518K, committed 2560K, reserved 1048576K
}
2016-12-26T22:16:37.657+0100: 2,280: Total time for which application threads were stopped: 0,0244110 seconds, Stopping threads took: 0,0000458 seconds
2016-12-26T22:16:37.750+0100: 2,373: Total time for which application threads were stopped: 0,0001070 seconds, Stopping threads took: 0,0000234 seconds
2016-12-26T22:16:37.800+0100: 2,423: Total time for which application threads were stopped: 0,0000859 seconds, Stopping threads took: 0,0000242 seconds
2016-12-26T22:16:37.800+0100: 2,423: Total time for which application threads were stopped: 0,0002407 seconds, Stopping threads took: 0,0000170 seconds
2016-12-26T22:16:37.844+0100: 2,467: Total time for which application threads were stopped: 0,0000826 seconds, Stopping threads took: 0,0000252 seconds
2016-12-26T22:16:37.948+0100: 2,571: Total time for which application threads were stopped: 0,0001485 seconds, Stopping threads took: 0,0000321 seconds
2016-12-26T22:16:37.968+0100: 2,591: Total time for which application threads were stopped: 0,0000834 seconds, Stopping threads took: 0,0000204 seconds
2016-12-26T22:16:37.976+0100: 2,599: Total time for which application threads were stopped: 0,0003121 seconds, Stopping threads took: 0,0000275 seconds
2016-12-26T22:16:37.983+0100: 2,606: Total time for which application threads were stopped: 0,0002721 seconds, Stopping threads took: 0,0000194 seconds
2016-12-26T22:16:37.997+0100: 2,620: Total time for which application threads were stopped: 0,0000726 seconds, Stopping threads took: 0,0000152 seconds
2016-12-26T22:16:38.027+0100: 2,650: Total time for which application threads were stopped: 0,0000953 seconds, Stopping threads took: 0,0000213 seconds
2016-12-26T22:16:38.045+0100: 2,668: Total time for which application threads were stopped: 0,0000757 seconds, Stopping threads took: 0,0000208 seconds
2016-12-26T22:16:38.060+0100: 2,683: Total time for which application threads were stopped: 0,0001812 seconds, Stopping threads took: 0,0000906 seconds
2016-12-26T22:16:38.086+0100: 2,710: Total time for which application threads were stopped: 0,0000996 seconds, Stopping threads took: 0,0000151 seconds
2016-12-26T22:16:38.112+0100: 2,735: Total time for which application threads were stopped: 0,0001351 seconds, Stopping threads took: 0,0000261 seconds
2016-12-26T22:16:38.169+0100: 2,792: Total time for which application threads were stopped: 0,0002147 seconds, Stopping threads took: 0,0001284 seconds
2016-12-26T22:16:38.209+0100: 2,832: Total time for which application threads were stopped: 0,0001029 seconds, Stopping threads took: 0,0000203 seconds
{Heap before GC invocations=2 (full 0):
 par new generation   total 109248K, used 100519K [0x00000000e0000000, 0x00000000e8000000, 0x00000000e8000000)
  eden space 87424K, 100% used [0x00000000e0000000, 0x00000000e5560000, 0x00000000e5560000)
  from space 21824K,  60% used [0x00000000e5560000, 0x00000000e6229c90, 0x00000000e6ab0000)
  to   space 21824K,   0% used [0x00000000e6ab0000, 0x00000000e6ab0000, 0x00000000e8000000)
 concurrent mark-sweep generation total 393216K, used 0K [0x00000000e8000000, 0x0000000100000000, 0x0000000100000000)
 Metaspace       used 24865K, capacity 25220K, committed 25536K, reserved 1071104K
  class space    used 2895K, capacity 3024K, committed 3064K, reserved 1048576K
2016-12-26T22:16:38.218+0100: 2,841: [GC (Allocation Failure) 2016-12-26T22:16:38.218+0100: 2,841: [ParNew
Desired survivor size 20112992 bytes, new threshold 8 (max 8)
- age   1:    6688072 bytes,    6688072 total
- age   2:     547616 bytes,    7235688 total
- age   3:    6083184 bytes,   13318872 total
: 100519K->16800K(109248K), 0,0187366 secs] 100519K->16800K(502464K), 0,0188103 secs] [Times: user=0,06 sys=0,00, real=0,02 secs] 
Heap after GC invocations=3 (full 0):
 par new generation   total 109248K, used 16800K [0x00000000e0000000, 0x00000000e8000000, 0x00000000e8000000)
  eden space 87424K,   0% used [0x00000000e0000000, 0x00000000e0000000, 0x00000000e5560000)
  from space 21824K,  76% used [0x00000000e6ab0000, 0x00000000e7b180a8, 0x00000000e8000000)
  to   space 21824K,   0% used [0x00000000e5560000, 0x00000000e5560000, 0x00000000e6ab0000)
 concurrent mark-sweep generation total 393216K, used 0K [0x00000000e8000000, 0x0000000100000000, 0x0000000100000000)
 Metaspace       used 24865K, capacity 25220K, committed 25536K, reserved 1071104K
  class space    used 2895K, capacity 3024K, committed 3064K, reserved 1048576K
}
2016-12-26T22:16:38.237+0100: 2,860: Total time for which application threads were stopped: 0,0189544 seconds, Stopping threads took: 0,0000272 seconds
2016-12-26T22:16:38.237+0100: 2,860: [GC (CMS Initial Mark) [1 CMS-initial-mark: 0K(393216K)] 16800K(502464K), 0,0030057 secs] [Times: user=0,02 sys=0,00, real=0,00 secs] 
2016-12-26T22:16:38.240+0100: 2,863: Total time for which application threads were stopped: 0,0031230 seconds, Stopping threads took: 0,0000379 seconds
2016-12-26T22:16:38.240+0100: 2,863: [CMS-concurrent-mark-start]
2016-12-26T22:16:38.241+0100: 2,864: [CMS-concurrent-mark: 0,000/0,000 secs] [Times: user=0,00 sys=0,00, real=0,00 secs] 
2016-12-26T22:16:38.241+0100: 2,864: [CMS-concurrent-preclean-start]
2016-12-26T22:16:38.242+0100: 2,865: [CMS-concurrent-preclean: 0,001/0,001 secs] [Times: user=0,00 sys=0,00, real=0,00 secs] 
2016-12-26T22:16:38.242+0100: 2,865: [GC (CMS Final Remark) [YG occupancy: 18197 K (109248 K)]{Heap before GC invocations=3 (full 1):
 par new generation   total 109248K, used 18197K [0x00000000e0000000, 0x00000000e8000000, 0x00000000e8000000)
  eden space 87424K,   1% used [0x00000000e0000000, 0x00000000e015d590, 0x00000000e5560000)
  from space 21824K,  76% used [0x00000000e6ab0000, 0x00000000e7b180a8, 0x00000000e8000000)
  to   space 21824K,   0% used [0x00000000e5560000, 0x00000000e5560000, 0x00000000e6ab0000)
 concurrent mark-sweep generation total 393216K, used 0K [0x00000000e8000000, 0x0000000100000000, 0x0000000100000000)
 Metaspace       used 24875K, capacity 25220K, committed 25536K, reserved 1071104K
  class space    used 2896K, capacity 3024K, committed 3064K, reserved 1048576K
2016-12-26T22:16:38.242+0100: 2,865: [GC (CMS Final Remark) 2016-12-26T22:16:38.242+0100: 2,865: [ParNew
Desired survivor size 20112992 bytes, new threshold 8 (max 8)
- age   1:      15976 bytes,      15976 total
- age   2:    3147648 bytes,    3163624 total
- age   3:     547568 bytes,    3711192 total
- age   4:    6082872 bytes,    9794064 total
: 18197K->16569K(109248K), 0,0105058 secs] 18197K->16569K(502464K), 0,0105474 secs] [Times: user=0,03 sys=0,00, real=0,00 secs] 
Heap after GC invocations=4 (full 1):
 par new generation   total 109248K, used 16569K [0x00000000e0000000, 0x00000000e8000000, 0x00000000e8000000)
  eden space 87424K,   0% used [0x00000000e0000000, 0x00000000e0000000, 0x00000000e5560000)
  from space 21824K,  75% used [0x00000000e5560000, 0x00000000e658e550, 0x00000000e6ab0000)
  to   space 21824K,   0% used [0x00000000e6ab0000, 0x00000000e6ab0000, 0x00000000e8000000)
 concurrent mark-sweep generation total 393216K, used 0K [0x00000000e8000000, 0x0000000100000000, 0x0000000100000000)
 Metaspace       used 24875K, capacity 25220K, committed 25536K, reserved 1071104K
  class space    used 2896K, capacity 3024K, committed 3064K, reserved 1048576K
}
2016-12-26T22:16:38.253+0100: 2,876: [Rescan (parallel) , 0,0041370 secs]2016-12-26T22:16:38.257+0100: 2,880: [weak refs processing, 0,0004938 secs]2016-12-26T22:16:38.258+0100: 2,881: [class unloading, 0,0031164 secs]2016-12-26T22:16:38.261+0100: 2,884: [scrub symbol table, 0,0033658 secs]2016-12-26T22:16:38.264+0100: 2,887: [scrub string table, 0,0004075 secs][1 CMS-remark: 0K(393216K)] 16569K(502464K), 0,0228002 secs] [Times: user=0,06 sys=0,00, real=0,02 secs] 
2016-12-26T22:16:38.265+0100: 2,888: Total time for which application threads were stopped: 0,0229292 seconds, Stopping threads took: 0,0000463 seconds
2016-12-26T22:16:38.265+0100: 2,888: [CMS-concurrent-sweep-start]
2016-12-26T22:16:38.265+0100: 2,888: [CMS-concurrent-sweep: 0,000/0,000 secs] [Times: user=0,00 sys=0,00, real=0,00 secs] 
2016-12-26T22:16:38.265+0100: 2,888: [CMS-concurrent-reset-start]
2016-12-26T22:16:38.267+0100: 2,890: [CMS-concurrent-reset: 0,002/0,002 secs] [Times: user=0,00 sys=0,00, real=0,00 secs] 
2016-12-26T22:16:38.315+0100: 2,938: Total time for which application threads were stopped: 0,0004055 seconds, Stopping threads took: 0,0000404 seconds
2016-12-26T22:16:38.328+0100: 2,951: Total time for which application threads were stopped: 0,0003134 seconds, Stopping threads took: 0,0000237 seconds
2016-12-26T22:16:39.329+0100: 3,952: Total time for which application threads were stopped: 0,0000830 seconds, Stopping threads took: 0,0000162 seconds
2016-12-26T22:16:39.429+0100: 4,052: Total time for which application threads were stopped: 0,0002685 seconds, Stopping threads took: 0,0000154 seconds
2016-12-26T22:16:41.423+0100: 6,046: Total time for which application threads were stopped: 0,0000793 seconds, Stopping threads took: 0,0000217 seconds
2016-12-26T22:17:06.426+0100: 31,049: Total time for which application threads were stopped: 0,0000572 seconds, Stopping threads took: 0,0000137 seconds
2016-12-26T22:19:36.449+0100: 181,072: Total time for which application threads were stopped: 0,0001324 seconds, Stopping threads took: 0,0000552 seconds
2016-12-26T22:19:41.449+0100: 186,072: Total time for which application threads were stopped: 0,0000864 seconds, Stopping threads took: 0,0000339 seconds
2016-12-26T22:20:41.457+0100: 246,080: Total time for which application threads were stopped: 0,0000764 seconds, Stopping threads took: 0,0000328 seconds
2016-12-26T22:21:01.459+0100: 266,082: Total time for which application threads were stopped: 0,0000734 seconds, Stopping threads took: 0,0000187 seconds
2016-12-26T22:21:06.459+0100: 271,082: Total time for which application threads were stopped: 0,0000636 seconds, Stopping threads took: 0,0000151 seconds
2016-12-26T22:21:31.462+0100: 296,086: Total time for which application threads were stopped: 0,0000737 seconds, Stopping threads took: 0,0000303 seconds
2016-12-26T22:21:36.463+0100: 301,086: Total time for which application threads were stopped: 0,0000601 seconds, Stopping threads took: 0,0000156 seconds
2016-12-26T22:24:41.486+0100: 486,109: Total time for which application threads were stopped: 0,0000860 seconds, Stopping threads took: 0,0000340 seconds
2016-12-26T22:27:26.814+0100: 651,438: Total time for which application threads were stopped: 0,0001470 seconds, Stopping threads took: 0,0000410 seconds
Heap
 par new generation   total 109248K, used 61483K [0x00000000e0000000, 0x00000000e8000000, 0x00000000e8000000)
  eden space 87424K,  51% used [0x00000000e0000000, 0x00000000e2bdc6b0, 0x00000000e5560000)
  from space 21824K,  75% used [0x00000000e5560000, 0x00000000e658e550, 0x00000000e6ab0000)
  to   space 21824K,   0% used [0x00000000e6ab0000, 0x00000000e6ab0000, 0x00000000e8000000)
 concurrent mark-sweep generation total 393216K, used 0K [0x00000000e8000000, 0x0000000100000000, 0x0000000100000000)
 Metaspace       used 27247K, capacity 27724K, committed 27840K, reserved 1073152K
  class space    used 3166K, capacity 3320K, committed 3320K, reserved 1048576K
