OpenJDK 64-Bit Server VM (25.131-b11) for linux-amd64 JRE (1.8.0_131-8u131-b11-0ubuntu1.16.04.2-b11), built on May  6 2017 02:45:27 by "buildd" with gcc 5.4.0 20160609
Memory: 4k page, physical 7867740k(7477172k free), swap 8076284k(8076284k free)
CommandLine flags: -XX:CMSInitiatingOccupancyFraction=50 -XX:CMSMaxAbortablePrecleanTime=6000 -XX:+CMSParallelRemarkEnabled -XX:+CMSScavengeBeforeRemark -XX:ConcGCThreads=4 -XX:InitialHeapSize=536870912 -XX:MaxHeapSize=536870912 -XX:MaxTenuringThreshold=8 -XX:NewRatio=3 -XX:OldPLABSize=16 -XX:OnOutOfMemoryError=/opt/solr/bin/oom_solr.sh 8983 /var/solr/logs -XX:ParallelGCThreads=4 -XX:+ParallelRefProcEnabled -XX:PretenureSizeThreshold=67108864 -XX:+PrintGC -XX:+PrintGCApplicationStoppedTime -XX:+PrintGCDateStamps -XX:+PrintGCDetails -XX:+PrintGCTimeStamps -XX:+PrintHeapAtGC -XX:+PrintTenuringDistribution -XX:SurvivorRatio=4 -XX:TargetSurvivorRatio=90 -XX:ThreadStackSize=256 -XX:+UseCMSInitiatingOccupancyOnly -XX:+UseCompressedClassPointers -XX:+UseCompressedOops -XX:+UseConcMarkSweepGC -XX:+UseParNewGC 
2017-07-17T09:33:32.777+0200: 0,192: Total time for which application threads were stopped: 0,0001121 seconds, Stopping threads took: 0,0000147 seconds
2017-07-17T09:33:32.880+0200: 0,295: Total time for which application threads were stopped: 0,0001327 seconds, Stopping threads took: 0,0000304 seconds
2017-07-17T09:33:32.913+0200: 0,327: Total time for which application threads were stopped: 0,0099943 seconds, Stopping threads took: 0,0099139 seconds
2017-07-17T09:33:33.204+0200: 0,618: Total time for which application threads were stopped: 0,0001490 seconds, Stopping threads took: 0,0000290 seconds
2017-07-17T09:33:33.657+0200: 1,072: Total time for which application threads were stopped: 0,0001212 seconds, Stopping threads took: 0,0000164 seconds
2017-07-17T09:33:33.758+0200: 1,172: Total time for which application threads were stopped: 0,0001954 seconds, Stopping threads took: 0,0000287 seconds
2017-07-17T09:33:33.819+0200: 1,233: Total time for which application threads were stopped: 0,0001950 seconds, Stopping threads took: 0,0000218 seconds
2017-07-17T09:33:34.157+0200: 1,571: Total time for which application threads were stopped: 0,0001743 seconds, Stopping threads took: 0,0000218 seconds
2017-07-17T09:33:34.407+0200: 1,821: Total time for which application threads were stopped: 0,0001913 seconds, Stopping threads took: 0,0000110 seconds
2017-07-17T09:33:34.435+0200: 1,850: Total time for which application threads were stopped: 0,0001684 seconds, Stopping threads took: 0,0000155 seconds
2017-07-17T09:33:34.472+0200: 1,887: Total time for which application threads were stopped: 0,0002147 seconds, Stopping threads took: 0,0000286 seconds
2017-07-17T09:33:34.473+0200: 1,888: Total time for which application threads were stopped: 0,0001782 seconds, Stopping threads took: 0,0000198 seconds
2017-07-17T09:33:34.491+0200: 1,906: Total time for which application threads were stopped: 0,0002135 seconds, Stopping threads took: 0,0000219 seconds
2017-07-17T09:33:34.583+0200: 1,998: Total time for which application threads were stopped: 0,0002206 seconds, Stopping threads took: 0,0000213 seconds
2017-07-17T09:33:34.757+0200: 2,171: Total time for which application threads were stopped: 0,0002579 seconds, Stopping threads took: 0,0000381 seconds
{Heap before GC invocations=0 (full 0):
 par new generation   total 109248K, used 87424K [0x00000000e0000000, 0x00000000e8000000, 0x00000000e8000000)
  eden space 87424K, 100% used [0x00000000e0000000, 0x00000000e5560000, 0x00000000e5560000)
  from space 21824K,   0% used [0x00000000e5560000, 0x00000000e5560000, 0x00000000e6ab0000)
  to   space 21824K,   0% used [0x00000000e6ab0000, 0x00000000e6ab0000, 0x00000000e8000000)
 concurrent mark-sweep generation total 393216K, used 0K [0x00000000e8000000, 0x0000000100000000, 0x0000000100000000)
 Metaspace       used 18015K, capacity 18336K, committed 18688K, reserved 1064960K
  class space    used 2035K, capacity 2196K, committed 2304K, reserved 1048576K
2017-07-17T09:33:34.837+0200: 2,251: [GC (Allocation Failure) 2017-07-17T09:33:34.837+0200: 2,251: [ParNew
Desired survivor size 20112992 bytes, new threshold 8 (max 8)
- age   1:   12596024 bytes,   12596024 total
: 87424K->12418K(109248K), 0,0160327 secs] 87424K->12418K(502464K), 0,0161062 secs] [Times: user=0,05 sys=0,01, real=0,01 secs] 
Heap after GC invocations=1 (full 0):
 par new generation   total 109248K, used 12418K [0x00000000e0000000, 0x00000000e8000000, 0x00000000e8000000)
  eden space 87424K,   0% used [0x00000000e0000000, 0x00000000e0000000, 0x00000000e5560000)
  from space 21824K,  56% used [0x00000000e6ab0000, 0x00000000e76d0b20, 0x00000000e8000000)
  to   space 21824K,   0% used [0x00000000e5560000, 0x00000000e5560000, 0x00000000e6ab0000)
 concurrent mark-sweep generation total 393216K, used 0K [0x00000000e8000000, 0x0000000100000000, 0x0000000100000000)
 Metaspace       used 18015K, capacity 18336K, committed 18688K, reserved 1064960K
  class space    used 2035K, capacity 2196K, committed 2304K, reserved 1048576K
}
2017-07-17T09:33:34.853+0200: 2,267: Total time for which application threads were stopped: 0,0163090 seconds, Stopping threads took: 0,0000248 seconds
2017-07-17T09:33:35.220+0200: 2,634: Total time for which application threads were stopped: 0,0002943 seconds, Stopping threads took: 0,0000477 seconds
2017-07-17T09:33:35.262+0200: 2,676: Total time for which application threads were stopped: 0,0035949 seconds, Stopping threads took: 0,0033278 seconds
{Heap before GC invocations=1 (full 0):
 par new generation   total 109248K, used 99842K [0x00000000e0000000, 0x00000000e8000000, 0x00000000e8000000)
  eden space 87424K, 100% used [0x00000000e0000000, 0x00000000e5560000, 0x00000000e5560000)
  from space 21824K,  56% used [0x00000000e6ab0000, 0x00000000e76d0b20, 0x00000000e8000000)
  to   space 21824K,   0% used [0x00000000e5560000, 0x00000000e5560000, 0x00000000e6ab0000)
 concurrent mark-sweep generation total 393216K, used 0K [0x00000000e8000000, 0x0000000100000000, 0x0000000100000000)
 Metaspace       used 20052K, capacity 20364K, committed 20736K, reserved 1067008K
  class space    used 2297K, capacity 2470K, committed 2560K, reserved 1048576K
2017-07-17T09:33:35.266+0200: 2,681: [GC (Allocation Failure) 2017-07-17T09:33:35.266+0200: 2,681: [ParNew
Desired survivor size 20112992 bytes, new threshold 8 (max 8)
- age   1:    3649904 bytes,    3649904 total
- age   2:    6659336 bytes,   10309240 total
: 99842K->13769K(109248K), 0,0106129 secs] 99842K->13769K(502464K), 0,0106927 secs] [Times: user=0,03 sys=0,01, real=0,01 secs] 
Heap after GC invocations=2 (full 0):
 par new generation   total 109248K, used 13769K [0x00000000e0000000, 0x00000000e8000000, 0x00000000e8000000)
  eden space 87424K,   0% used [0x00000000e0000000, 0x00000000e0000000, 0x00000000e5560000)
  from space 21824K,  63% used [0x00000000e5560000, 0x00000000e62d2470, 0x00000000e6ab0000)
  to   space 21824K,   0% used [0x00000000e6ab0000, 0x00000000e6ab0000, 0x00000000e8000000)
 concurrent mark-sweep generation total 393216K, used 0K [0x00000000e8000000, 0x0000000100000000, 0x0000000100000000)
 Metaspace       used 20052K, capacity 20364K, committed 20736K, reserved 1067008K
  class space    used 2297K, capacity 2470K, committed 2560K, reserved 1048576K
}
2017-07-17T09:33:35.277+0200: 2,691: Total time for which application threads were stopped: 0,0109128 seconds, Stopping threads took: 0,0000603 seconds
2017-07-17T09:33:35.305+0200: 2,719: Total time for which application threads were stopped: 0,0004998 seconds, Stopping threads took: 0,0001132 seconds
2017-07-17T09:33:35.422+0200: 2,836: Total time for which application threads were stopped: 0,0001647 seconds, Stopping threads took: 0,0000296 seconds
{Heap before GC invocations=2 (full 0):
 par new generation   total 109248K, used 101193K [0x00000000e0000000, 0x00000000e8000000, 0x00000000e8000000)
  eden space 87424K, 100% used [0x00000000e0000000, 0x00000000e5560000, 0x00000000e5560000)
  from space 21824K,  63% used [0x00000000e5560000, 0x00000000e62d2470, 0x00000000e6ab0000)
  to   space 21824K,   0% used [0x00000000e6ab0000, 0x00000000e6ab0000, 0x00000000e8000000)
 concurrent mark-sweep generation total 393216K, used 0K [0x00000000e8000000, 0x0000000100000000, 0x0000000100000000)
 Metaspace       used 20978K, capacity 21298K, committed 21628K, reserved 1069056K
  class space    used 2418K, capacity 2591K, committed 2684K, reserved 1048576K
2017-07-17T09:33:35.468+0200: 2,882: [GC (Allocation Failure) 2017-07-17T09:33:35.468+0200: 2,882: [ParNew
Desired survivor size 20112992 bytes, new threshold 8 (max 8)
- age   1:    2003544 bytes,    2003544 total
- age   2:     854488 bytes,    2858032 total
- age   3:    6655552 bytes,    9513584 total
: 101193K->12920K(109248K), 0,0091154 secs] 101193K->12920K(502464K), 0,0091952 secs] [Times: user=0,03 sys=0,01, real=0,01 secs] 
Heap after GC invocations=3 (full 0):
 par new generation   total 109248K, used 12920K [0x00000000e0000000, 0x00000000e8000000, 0x00000000e8000000)
  eden space 87424K,   0% used [0x00000000e0000000, 0x00000000e0000000, 0x00000000e5560000)
  from space 21824K,  59% used [0x00000000e6ab0000, 0x00000000e774e118, 0x00000000e8000000)
  to   space 21824K,   0% used [0x00000000e5560000, 0x00000000e5560000, 0x00000000e6ab0000)
 concurrent mark-sweep generation total 393216K, used 0K [0x00000000e8000000, 0x0000000100000000, 0x0000000100000000)
 Metaspace       used 20978K, capacity 21298K, committed 21628K, reserved 1069056K
  class space    used 2418K, capacity 2591K, committed 2684K, reserved 1048576K
}
2017-07-17T09:33:35.477+0200: 2,891: Total time for which application threads were stopped: 0,0093870 seconds, Stopping threads took: 0,0000544 seconds
2017-07-17T09:33:35.477+0200: 2,892: [GC (CMS Initial Mark) [1 CMS-initial-mark: 0K(393216K)] 12952K(502464K), 0,0028946 secs] [Times: user=0,01 sys=0,00, real=0,00 secs] 
2017-07-17T09:33:35.480+0200: 2,894: Total time for which application threads were stopped: 0,0030597 seconds, Stopping threads took: 0,0000778 seconds
2017-07-17T09:33:35.480+0200: 2,895: [CMS-concurrent-mark-start]
2017-07-17T09:33:35.485+0200: 2,899: [CMS-concurrent-mark: 0,005/0,005 secs] [Times: user=0,02 sys=0,00, real=0,01 secs] 
2017-07-17T09:33:35.485+0200: 2,899: [CMS-concurrent-preclean-start]
2017-07-17T09:33:35.486+0200: 2,900: [CMS-concurrent-preclean: 0,001/0,001 secs] [Times: user=0,00 sys=0,00, real=0,00 secs] 
2017-07-17T09:33:35.486+0200: 2,900: [CMS-concurrent-abortable-preclean-start]
2017-07-17T09:33:35.556+0200: 2,971: Total time for which application threads were stopped: 0,0019580 seconds, Stopping threads took: 0,0018501 seconds
{Heap before GC invocations=3 (full 1):
 par new generation   total 109248K, used 100344K [0x00000000e0000000, 0x00000000e8000000, 0x00000000e8000000)
  eden space 87424K, 100% used [0x00000000e0000000, 0x00000000e5560000, 0x00000000e5560000)
  from space 21824K,  59% used [0x00000000e6ab0000, 0x00000000e774e118, 0x00000000e8000000)
  to   space 21824K,   0% used [0x00000000e5560000, 0x00000000e5560000, 0x00000000e6ab0000)
 concurrent mark-sweep generation total 393216K, used 0K [0x00000000e8000000, 0x0000000100000000, 0x0000000100000000)
 Metaspace       used 21272K, capacity 21632K, committed 21884K, reserved 1069056K
  class space    used 2448K, capacity 2605K, committed 2684K, reserved 1048576K
2017-07-17T09:33:35.614+0200: 3,028: [GC (Allocation Failure) 2017-07-17T09:33:35.614+0200: 3,029: [ParNew
Desired survivor size 20112992 bytes, new threshold 8 (max 8)
- age   1:    1178136 bytes,    1178136 total
- age   2:    1463792 bytes,    2641928 total
- age   3:     821080 bytes,    3463008 total
- age   4:    6655544 bytes,   10118552 total
: 100344K->12298K(109248K), 0,0188635 secs] 100344K->12298K(502464K), 0,0189325 secs] [Times: user=0,06 sys=0,00, real=0,01 secs] 
Heap after GC invocations=4 (full 1):
 par new generation   total 109248K, used 12298K [0x00000000e0000000, 0x00000000e8000000, 0x00000000e8000000)
  eden space 87424K,   0% used [0x00000000e0000000, 0x00000000e0000000, 0x00000000e5560000)
  from space 21824K,  56% used [0x00000000e5560000, 0x00000000e6162ba0, 0x00000000e6ab0000)
  to   space 21824K,   0% used [0x00000000e6ab0000, 0x00000000e6ab0000, 0x00000000e8000000)
 concurrent mark-sweep generation total 393216K, used 0K [0x00000000e8000000, 0x0000000100000000, 0x0000000100000000)
 Metaspace       used 21272K, capacity 21632K, committed 21884K, reserved 1069056K
  class space    used 2448K, capacity 2605K, committed 2684K, reserved 1048576K
}
2017-07-17T09:33:35.633+0200: 3,047: Total time for which application threads were stopped: 0,0191391 seconds, Stopping threads took: 0,0000523 seconds
2017-07-17T09:33:35.633+0200: 3,047: [CMS-concurrent-abortable-preclean: 0,069/0,147 secs] [Times: user=0,57 sys=0,00, real=0,14 secs] 
2017-07-17T09:33:35.633+0200: 3,048: [GC (CMS Final Remark) [YG occupancy: 13690 K (109248 K)]{Heap before GC invocations=4 (full 1):
 par new generation   total 109248K, used 13690K [0x00000000e0000000, 0x00000000e8000000, 0x00000000e8000000)
  eden space 87424K,   1% used [0x00000000e0000000, 0x00000000e015bcf0, 0x00000000e5560000)
  from space 21824K,  56% used [0x00000000e5560000, 0x00000000e6162ba0, 0x00000000e6ab0000)
  to   space 21824K,   0% used [0x00000000e6ab0000, 0x00000000e6ab0000, 0x00000000e8000000)
 concurrent mark-sweep generation total 393216K, used 0K [0x00000000e8000000, 0x0000000100000000, 0x0000000100000000)
 Metaspace       used 21272K, capacity 21632K, committed 21884K, reserved 1069056K
  class space    used 2448K, capacity 2605K, committed 2684K, reserved 1048576K
2017-07-17T09:33:35.633+0200: 3,048: [GC (CMS Final Remark) 2017-07-17T09:33:35.633+0200: 3,048: [ParNew
Desired survivor size 20112992 bytes, new threshold 8 (max 8)
- age   1:     207800 bytes,     207800 total
- age   2:     970416 bytes,    1178216 total
- age   3:    1458520 bytes,    2636736 total
- age   4:     821080 bytes,    3457816 total
- age   5:    6655616 bytes,   10113432 total
: 13690K->15121K(109248K), 0,0092441 secs] 13690K->15121K(502464K), 0,0092813 secs] [Times: user=0,03 sys=0,00, real=0,01 secs] 
Heap after GC invocations=5 (full 1):
 par new generation   total 109248K, used 15121K [0x00000000e0000000, 0x00000000e8000000, 0x00000000e8000000)
  eden space 87424K,   0% used [0x00000000e0000000, 0x00000000e0000000, 0x00000000e5560000)
  from space 21824K,  69% used [0x00000000e6ab0000, 0x00000000e7974690, 0x00000000e8000000)
  to   space 21824K,   0% used [0x00000000e5560000, 0x00000000e5560000, 0x00000000e6ab0000)
 concurrent mark-sweep generation total 393216K, used 0K [0x00000000e8000000, 0x0000000100000000, 0x0000000100000000)
 Metaspace       used 21272K, capacity 21632K, committed 21884K, reserved 1069056K
  class space    used 2448K, capacity 2605K, committed 2684K, reserved 1048576K
}
2017-07-17T09:33:35.643+0200: 3,057: [Rescan (parallel) , 0,0032467 secs]2017-07-17T09:33:35.646+0200: 3,060: [weak refs processing, 0,0014973 secs]2017-07-17T09:33:35.648+0200: 3,062: [class unloading, 0,0028301 secs]2017-07-17T09:33:35.650+0200: 3,065: [scrub symbol table, 0,0026992 secs]2017-07-17T09:33:35.653+0200: 3,068: [scrub string table, 0,0004220 secs][1 CMS-remark: 0K(393216K)] 15121K(502464K), 0,0206398 secs] [Times: user=0,05 sys=0,00, real=0,02 secs] 
2017-07-17T09:33:35.654+0200: 3,068: Total time for which application threads were stopped: 0,0207572 seconds, Stopping threads took: 0,0000376 seconds
2017-07-17T09:33:35.654+0200: 3,069: [CMS-concurrent-sweep-start]
2017-07-17T09:33:35.654+0200: 3,069: [CMS-concurrent-sweep: 0,000/0,000 secs] [Times: user=0,00 sys=0,00, real=0,00 secs] 
2017-07-17T09:33:35.654+0200: 3,069: [CMS-concurrent-reset-start]
2017-07-17T09:33:35.657+0200: 3,071: [CMS-concurrent-reset: 0,002/0,002 secs] [Times: user=0,01 sys=0,00, real=0,00 secs] 
{Heap before GC invocations=5 (full 1):
 par new generation   total 109248K, used 102545K [0x00000000e0000000, 0x00000000e8000000, 0x00000000e8000000)
  eden space 87424K, 100% used [0x00000000e0000000, 0x00000000e5560000, 0x00000000e5560000)
  from space 21824K,  69% used [0x00000000e6ab0000, 0x00000000e7974690, 0x00000000e8000000)
  to   space 21824K,   0% used [0x00000000e5560000, 0x00000000e5560000, 0x00000000e6ab0000)
 concurrent mark-sweep generation total 393216K, used 0K [0x00000000e8000000, 0x0000000100000000, 0x0000000100000000)
 Metaspace       used 21447K, capacity 21804K, committed 21884K, reserved 1069056K
  class space    used 2471K, capacity 2639K, committed 2684K, reserved 1048576K
2017-07-17T09:33:35.752+0200: 3,167: [GC (Allocation Failure) 2017-07-17T09:33:35.752+0200: 3,167: [ParNew
Desired survivor size 20112992 bytes, new threshold 8 (max 8)
- age   1:     697776 bytes,     697776 total
- age   3:     186672 bytes,     884448 total
- age   4:    1457760 bytes,    2342208 total
- age   5:     819128 bytes,    3161336 total
- age   6:    6655504 bytes,    9816840 total
: 102545K->12730K(109248K), 0,0169512 secs] 102545K->12730K(502464K), 0,0170204 secs] [Times: user=0,06 sys=0,00, real=0,02 secs] 
Heap after GC invocations=6 (full 1):
 par new generation   total 109248K, used 12730K [0x00000000e0000000, 0x00000000e8000000, 0x00000000e8000000)
  eden space 87424K,   0% used [0x00000000e0000000, 0x00000000e0000000, 0x00000000e5560000)
  from space 21824K,  58% used [0x00000000e5560000, 0x00000000e61cea18, 0x00000000e6ab0000)
  to   space 21824K,   0% used [0x00000000e6ab0000, 0x00000000e6ab0000, 0x00000000e8000000)
 concurrent mark-sweep generation total 393216K, used 0K [0x00000000e8000000, 0x0000000100000000, 0x0000000100000000)
 Metaspace       used 21447K, capacity 21804K, committed 21884K, reserved 1069056K
  class space    used 2471K, capacity 2639K, committed 2684K, reserved 1048576K
}
2017-07-17T09:33:35.769+0200: 3,184: Total time for which application threads were stopped: 0,0172346 seconds, Stopping threads took: 0,0000814 seconds
2017-07-17T09:33:35.798+0200: 3,212: Total time for which application threads were stopped: 0,0003204 seconds, Stopping threads took: 0,0000224 seconds
2017-07-17T09:33:36.027+0200: 3,442: Total time for which application threads were stopped: 0,0004187 seconds, Stopping threads took: 0,0000287 seconds
2017-07-17T09:33:36.047+0200: 3,462: Total time for which application threads were stopped: 0,0004378 seconds, Stopping threads took: 0,0000452 seconds
{Heap before GC invocations=6 (full 1):
 par new generation   total 109248K, used 100154K [0x00000000e0000000, 0x00000000e8000000, 0x00000000e8000000)
  eden space 87424K, 100% used [0x00000000e0000000, 0x00000000e5560000, 0x00000000e5560000)
  from space 21824K,  58% used [0x00000000e5560000, 0x00000000e61cea18, 0x00000000e6ab0000)
  to   space 21824K,   0% used [0x00000000e6ab0000, 0x00000000e6ab0000, 0x00000000e8000000)
 concurrent mark-sweep generation total 393216K, used 0K [0x00000000e8000000, 0x0000000100000000, 0x0000000100000000)
 Metaspace       used 23861K, capacity 24336K, committed 24572K, reserved 1071104K
  class space    used 2809K, capacity 3013K, committed 3068K, reserved 1048576K
2017-07-17T09:33:36.234+0200: 3,648: [GC (Allocation Failure) 2017-07-17T09:33:36.234+0200: 3,648: [ParNew
Desired survivor size 20112992 bytes, new threshold 8 (max 8)
- age   1:    5063112 bytes,    5063112 total
- age   2:     141152 bytes,    5204264 total
- age   4:     185512 bytes,    5389776 total
- age   5:     288232 bytes,    5678008 total
- age   6:     794776 bytes,    6472784 total
- age   7:    6647328 bytes,   13120112 total
: 100154K->15445K(109248K), 0,0179772 secs] 100154K->15445K(502464K), 0,0180461 secs] [Times: user=0,05 sys=0,00, real=0,01 secs] 
Heap after GC invocations=7 (full 1):
 par new generation   total 109248K, used 15445K [0x00000000e0000000, 0x00000000e8000000, 0x00000000e8000000)
  eden space 87424K,   0% used [0x00000000e0000000, 0x00000000e0000000, 0x00000000e5560000)
  from space 21824K,  70% used [0x00000000e6ab0000, 0x00000000e79c54e0, 0x00000000e8000000)
  to   space 21824K,   0% used [0x00000000e5560000, 0x00000000e5560000, 0x00000000e6ab0000)
 concurrent mark-sweep generation total 393216K, used 0K [0x00000000e8000000, 0x0000000100000000, 0x0000000100000000)
 Metaspace       used 23861K, capacity 24336K, committed 24572K, reserved 1071104K
  class space    used 2809K, capacity 3013K, committed 3068K, reserved 1048576K
}
2017-07-17T09:33:36.252+0200: 3,666: Total time for which application threads were stopped: 0,0183674 seconds, Stopping threads took: 0,0001293 seconds
{Heap before GC invocations=7 (full 1):
 par new generation   total 109248K, used 102869K [0x00000000e0000000, 0x00000000e8000000, 0x00000000e8000000)
  eden space 87424K, 100% used [0x00000000e0000000, 0x00000000e5560000, 0x00000000e5560000)
  from space 21824K,  70% used [0x00000000e6ab0000, 0x00000000e79c54e0, 0x00000000e8000000)
  to   space 21824K,   0% used [0x00000000e5560000, 0x00000000e5560000, 0x00000000e6ab0000)
 concurrent mark-sweep generation total 393216K, used 0K [0x00000000e8000000, 0x0000000100000000, 0x0000000100000000)
 Metaspace       used 24381K, capacity 24886K, committed 25084K, reserved 1071104K
  class space    used 2857K, capacity 3046K, committed 3068K, reserved 1048576K
2017-07-17T09:33:36.361+0200: 3,776: [GC (Allocation Failure) 2017-07-17T09:33:36.362+0200: 3,776: [ParNew
Desired survivor size 20112992 bytes, new threshold 8 (max 8)
- age   1:    1828720 bytes,    1828720 total
- age   2:    1776344 bytes,    3605064 total
- age   3:      70088 bytes,    3675152 total
- age   5:      98608 bytes,    3773760 total
- age   6:     193672 bytes,    3967432 total
- age   7:     750584 bytes,    4718016 total
- age   8:    6114296 bytes,   10832312 total
: 102869K->16196K(109248K), 0,0183185 secs] 102869K->16196K(502464K), 0,0184090 secs] [Times: user=0,05 sys=0,00, real=0,01 secs] 
Heap after GC invocations=8 (full 1):
 par new generation   total 109248K, used 16196K [0x00000000e0000000, 0x00000000e8000000, 0x00000000e8000000)
  eden space 87424K,   0% used [0x00000000e0000000, 0x00000000e0000000, 0x00000000e5560000)
  from space 21824K,  74% used [0x00000000e5560000, 0x00000000e6531160, 0x00000000e6ab0000)
  to   space 21824K,   0% used [0x00000000e6ab0000, 0x00000000e6ab0000, 0x00000000e8000000)
 concurrent mark-sweep generation total 393216K, used 0K [0x00000000e8000000, 0x0000000100000000, 0x0000000100000000)
 Metaspace       used 24381K, capacity 24886K, committed 25084K, reserved 1071104K
  class space    used 2857K, capacity 3046K, committed 3068K, reserved 1048576K
}
2017-07-17T09:33:36.380+0200: 3,794: Total time for which application threads were stopped: 0,0223830 seconds, Stopping threads took: 0,0037695 seconds
{Heap before GC invocations=8 (full 1):
 par new generation   total 109248K, used 103620K [0x00000000e0000000, 0x00000000e8000000, 0x00000000e8000000)
  eden space 87424K, 100% used [0x00000000e0000000, 0x00000000e5560000, 0x00000000e5560000)
  from space 21824K,  74% used [0x00000000e5560000, 0x00000000e6531160, 0x00000000e6ab0000)
  to   space 21824K,   0% used [0x00000000e6ab0000, 0x00000000e6ab0000, 0x00000000e8000000)
 concurrent mark-sweep generation total 393216K, used 0K [0x00000000e8000000, 0x0000000100000000, 0x0000000100000000)
 Metaspace       used 24833K, capacity 25264K, committed 25468K, reserved 1071104K
  class space    used 2898K, capacity 3083K, committed 3196K, reserved 1048576K
2017-07-17T09:33:36.518+0200: 3,932: [GC (Allocation Failure) 2017-07-17T09:33:36.518+0200: 3,932: [ParNew
Desired survivor size 20112992 bytes, new threshold 8 (max 8)
- age   1:    1035760 bytes,    1035760 total
- age   2:    1021496 bytes,    2057256 total
- age   3:    1753528 bytes,    3810784 total
- age   4:      70056 bytes,    3880840 total
- age   6:      98440 bytes,    3979280 total
- age   7:     190872 bytes,    4170152 total
- age   8:     749816 bytes,    4919968 total
: 103620K->6679K(109248K), 0,0305333 secs] 103620K->12733K(502464K), 0,0306161 secs] [Times: user=0,10 sys=0,01, real=0,03 secs] 
Heap after GC invocations=9 (full 1):
 par new generation   total 109248K, used 6679K [0x00000000e0000000, 0x00000000e8000000, 0x00000000e8000000)
  eden space 87424K,   0% used [0x00000000e0000000, 0x00000000e0000000, 0x00000000e5560000)
  from space 21824K,  30% used [0x00000000e6ab0000, 0x00000000e7135fd8, 0x00000000e8000000)
  to   space 21824K,   0% used [0x00000000e5560000, 0x00000000e5560000, 0x00000000e6ab0000)
 concurrent mark-sweep generation total 393216K, used 6053K [0x00000000e8000000, 0x0000000100000000, 0x0000000100000000)
 Metaspace       used 24833K, capacity 25264K, committed 25468K, reserved 1071104K
  class space    used 2898K, capacity 3083K, committed 3196K, reserved 1048576K
}
2017-07-17T09:33:36.549+0200: 3,963: Total time for which application threads were stopped: 0,0308968 seconds, Stopping threads took: 0,0000608 seconds
2017-07-17T09:33:36.647+0200: 4,062: Total time for which application threads were stopped: 0,0006383 seconds, Stopping threads took: 0,0002550 seconds
2017-07-17T09:33:36.655+0200: 4,070: Total time for which application threads were stopped: 0,0004847 seconds, Stopping threads took: 0,0003905 seconds
2017-07-17T09:33:36.655+0200: 4,070: Total time for which application threads were stopped: 0,0000956 seconds, Stopping threads took: 0,0000397 seconds
2017-07-17T09:33:36.656+0200: 4,070: Total time for which application threads were stopped: 0,0000858 seconds, Stopping threads took: 0,0000223 seconds
2017-07-17T09:33:36.656+0200: 4,070: Total time for which application threads were stopped: 0,0000802 seconds, Stopping threads took: 0,0000321 seconds
2017-07-17T09:33:36.657+0200: 4,071: Total time for which application threads were stopped: 0,0001297 seconds, Stopping threads took: 0,0000345 seconds
2017-07-17T09:33:36.662+0200: 4,076: Total time for which application threads were stopped: 0,0001267 seconds, Stopping threads took: 0,0000440 seconds
2017-07-17T09:33:36.665+0200: 4,080: Total time for which application threads were stopped: 0,0035799 seconds, Stopping threads took: 0,0035012 seconds
2017-07-17T09:33:36.666+0200: 4,080: Total time for which application threads were stopped: 0,0003042 seconds, Stopping threads took: 0,0002405 seconds
2017-07-17T09:33:36.666+0200: 4,080: Total time for which application threads were stopped: 0,0000750 seconds, Stopping threads took: 0,0000215 seconds
2017-07-17T09:33:36.666+0200: 4,080: Total time for which application threads were stopped: 0,0000976 seconds, Stopping threads took: 0,0000346 seconds
2017-07-17T09:33:36.666+0200: 4,081: Total time for which application threads were stopped: 0,0000722 seconds, Stopping threads took: 0,0000103 seconds
2017-07-17T09:33:36.666+0200: 4,081: Total time for which application threads were stopped: 0,0000650 seconds, Stopping threads took: 0,0000102 seconds
2017-07-17T09:33:36.667+0200: 4,081: Total time for which application threads were stopped: 0,0000680 seconds, Stopping threads took: 0,0000086 seconds
2017-07-17T09:33:36.667+0200: 4,081: Total time for which application threads were stopped: 0,0000632 seconds, Stopping threads took: 0,0000080 seconds
2017-07-17T09:33:36.667+0200: 4,081: Total time for which application threads were stopped: 0,0000602 seconds, Stopping threads took: 0,0000081 seconds
2017-07-17T09:33:36.667+0200: 4,082: Total time for which application threads were stopped: 0,0000693 seconds, Stopping threads took: 0,0000099 seconds
2017-07-17T09:33:36.667+0200: 4,082: Total time for which application threads were stopped: 0,0000617 seconds, Stopping threads took: 0,0000080 seconds
2017-07-17T09:33:36.667+0200: 4,082: Total time for which application threads were stopped: 0,0000634 seconds, Stopping threads took: 0,0000085 seconds
2017-07-17T09:33:36.667+0200: 4,082: Total time for which application threads were stopped: 0,0000617 seconds, Stopping threads took: 0,0000079 seconds
2017-07-17T09:33:36.668+0200: 4,082: Total time for which application threads were stopped: 0,0001567 seconds, Stopping threads took: 0,0000076 seconds
2017-07-17T09:33:36.686+0200: 4,100: Total time for which application threads were stopped: 0,0001304 seconds, Stopping threads took: 0,0000312 seconds
2017-07-17T09:33:36.686+0200: 4,100: Total time for which application threads were stopped: 0,0000931 seconds, Stopping threads took: 0,0000383 seconds
2017-07-17T09:33:36.686+0200: 4,101: Total time for which application threads were stopped: 0,0000798 seconds, Stopping threads took: 0,0000219 seconds
2017-07-17T09:33:36.686+0200: 4,101: Total time for which application threads were stopped: 0,0000748 seconds, Stopping threads took: 0,0000235 seconds
2017-07-17T09:33:36.686+0200: 4,101: Total time for which application threads were stopped: 0,0000549 seconds, Stopping threads took: 0,0000095 seconds
2017-07-17T09:33:36.687+0200: 4,102: Total time for which application threads were stopped: 0,0001073 seconds, Stopping threads took: 0,0000248 seconds
2017-07-17T09:33:36.687+0200: 4,102: Total time for which application threads were stopped: 0,0000758 seconds, Stopping threads took: 0,0000229 seconds
2017-07-17T09:33:36.688+0200: 4,102: Total time for which application threads were stopped: 0,0000965 seconds, Stopping threads took: 0,0000355 seconds
2017-07-17T09:33:36.688+0200: 4,102: Total time for which application threads were stopped: 0,0000656 seconds, Stopping threads took: 0,0000187 seconds
2017-07-17T09:33:36.688+0200: 4,102: Total time for which application threads were stopped: 0,0000594 seconds, Stopping threads took: 0,0000179 seconds
2017-07-17T09:33:36.688+0200: 4,102: Total time for which application threads were stopped: 0,0000670 seconds, Stopping threads took: 0,0000183 seconds
2017-07-17T09:33:36.688+0200: 4,102: Total time for which application threads were stopped: 0,0000559 seconds, Stopping threads took: 0,0000109 seconds
2017-07-17T09:33:36.688+0200: 4,103: Total time for which application threads were stopped: 0,0000547 seconds, Stopping threads took: 0,0000090 seconds
2017-07-17T09:33:36.688+0200: 4,103: Total time for which application threads were stopped: 0,0000562 seconds, Stopping threads took: 0,0000177 seconds
2017-07-17T09:33:36.688+0200: 4,103: Total time for which application threads were stopped: 0,0001358 seconds, Stopping threads took: 0,0000991 seconds
2017-07-17T09:33:36.688+0200: 4,103: Total time for which application threads were stopped: 0,0000621 seconds, Stopping threads took: 0,0000173 seconds
2017-07-17T09:33:36.689+0200: 4,103: Total time for which application threads were stopped: 0,0000641 seconds, Stopping threads took: 0,0000169 seconds
2017-07-17T09:33:36.689+0200: 4,103: Total time for which application threads were stopped: 0,0000666 seconds, Stopping threads took: 0,0000174 seconds
2017-07-17T09:33:36.689+0200: 4,103: Total time for which application threads were stopped: 0,0000611 seconds, Stopping threads took: 0,0000115 seconds
2017-07-17T09:33:36.689+0200: 4,103: Total time for which application threads were stopped: 0,0001485 seconds, Stopping threads took: 0,0000093 seconds
2017-07-17T09:33:36.698+0200: 4,112: Total time for which application threads were stopped: 0,0001329 seconds, Stopping threads took: 0,0000467 seconds
2017-07-17T09:33:36.709+0200: 4,123: Total time for which application threads were stopped: 0,0001809 seconds, Stopping threads took: 0,0000947 seconds
2017-07-17T09:33:36.709+0200: 4,124: Total time for which application threads were stopped: 0,0000810 seconds, Stopping threads took: 0,0000343 seconds
2017-07-17T09:33:36.713+0200: 4,128: Total time for which application threads were stopped: 0,0031477 seconds, Stopping threads took: 0,0030824 seconds
2017-07-17T09:33:36.736+0200: 4,150: Total time for which application threads were stopped: 0,0001553 seconds, Stopping threads took: 0,0000683 seconds
2017-07-17T09:33:36.763+0200: 4,177: Total time for which application threads were stopped: 0,0001115 seconds, Stopping threads took: 0,0000329 seconds
2017-07-17T09:33:36.817+0200: 4,232: Total time for which application threads were stopped: 0,0004357 seconds, Stopping threads took: 0,0000206 seconds
2017-07-17T09:33:36.831+0200: 4,245: Total time for which application threads were stopped: 0,0004651 seconds, Stopping threads took: 0,0000281 seconds
2017-07-17T09:33:36.899+0200: 4,314: Total time for which application threads were stopped: 0,0004638 seconds, Stopping threads took: 0,0000272 seconds
2017-07-17T09:33:36.901+0200: 4,315: Total time for which application threads were stopped: 0,0001337 seconds, Stopping threads took: 0,0000533 seconds
2017-07-17T09:33:36.901+0200: 4,315: Total time for which application threads were stopped: 0,0000751 seconds, Stopping threads took: 0,0000235 seconds
2017-07-17T09:33:36.901+0200: 4,316: Total time for which application threads were stopped: 0,0000821 seconds, Stopping threads took: 0,0000205 seconds
2017-07-17T09:33:36.913+0200: 4,328: Total time for which application threads were stopped: 0,0001236 seconds, Stopping threads took: 0,0000550 seconds
2017-07-17T09:33:36.937+0200: 4,352: Total time for which application threads were stopped: 0,0056330 seconds, Stopping threads took: 0,0055159 seconds
2017-07-17T09:33:36.941+0200: 4,356: Total time for which application threads were stopped: 0,0013980 seconds, Stopping threads took: 0,0012855 seconds
2017-07-17T09:33:36.953+0200: 4,368: Total time for which application threads were stopped: 0,0003251 seconds, Stopping threads took: 0,0002207 seconds
2017-07-17T09:33:36.954+0200: 4,369: Total time for which application threads were stopped: 0,0003868 seconds, Stopping threads took: 0,0002848 seconds
2017-07-17T09:33:36.957+0200: 4,372: Total time for which application threads were stopped: 0,0022823 seconds, Stopping threads took: 0,0021214 seconds
2017-07-17T09:33:36.963+0200: 4,377: Total time for which application threads were stopped: 0,0001295 seconds, Stopping threads took: 0,0000343 seconds
2017-07-17T09:33:36.968+0200: 4,383: Total time for which application threads were stopped: 0,0002079 seconds, Stopping threads took: 0,0000457 seconds
2017-07-17T09:33:36.983+0200: 4,397: Total time for which application threads were stopped: 0,0004210 seconds, Stopping threads took: 0,0003124 seconds
2017-07-17T09:33:36.993+0200: 4,408: Total time for which application threads were stopped: 0,0057096 seconds, Stopping threads took: 0,0055993 seconds
2017-07-17T09:33:37.009+0200: 4,424: Total time for which application threads were stopped: 0,0001756 seconds, Stopping threads took: 0,0000594 seconds
2017-07-17T09:33:37.020+0200: 4,435: Total time for which application threads were stopped: 0,0001612 seconds, Stopping threads took: 0,0000587 seconds
2017-07-17T09:33:37.029+0200: 4,444: Total time for which application threads were stopped: 0,0040645 seconds, Stopping threads took: 0,0039691 seconds
2017-07-17T09:33:37.038+0200: 4,452: Total time for which application threads were stopped: 0,0001361 seconds, Stopping threads took: 0,0000453 seconds
2017-07-17T09:33:37.039+0200: 4,453: Total time for which application threads were stopped: 0,0004197 seconds, Stopping threads took: 0,0000126 seconds
2017-07-17T09:33:37.039+0200: 4,454: Total time for which application threads were stopped: 0,0001211 seconds, Stopping threads took: 0,0000391 seconds
2017-07-17T09:33:37.045+0200: 4,460: Total time for which application threads were stopped: 0,0013686 seconds, Stopping threads took: 0,0012745 seconds
2017-07-17T09:33:37.069+0200: 4,483: Total time for which application threads were stopped: 0,0000989 seconds, Stopping threads took: 0,0000360 seconds
2017-07-17T09:33:39.069+0200: 6,484: Total time for which application threads were stopped: 0,0000602 seconds, Stopping threads took: 0,0000171 seconds
2017-07-17T09:33:40.069+0200: 7,484: Total time for which application threads were stopped: 0,0000597 seconds, Stopping threads took: 0,0000155 seconds
2017-07-17T09:33:55.071+0200: 22,486: Total time for which application threads were stopped: 0,0000745 seconds, Stopping threads took: 0,0000205 seconds
2017-07-17T09:34:05.074+0200: 32,489: Total time for which application threads were stopped: 0,0000699 seconds, Stopping threads took: 0,0000163 seconds
2017-07-17T09:34:55.085+0200: 82,500: Total time for which application threads were stopped: 0,0001053 seconds, Stopping threads took: 0,0000204 seconds
2017-07-17T09:35:35.091+0200: 122,506: Total time for which application threads were stopped: 0,0000805 seconds, Stopping threads took: 0,0000344 seconds
2017-07-17T09:35:38.330+0200: 125,745: Total time for which application threads were stopped: 0,0001130 seconds, Stopping threads took: 0,0000222 seconds
2017-07-17T09:35:38.334+0200: 125,748: Total time for which application threads were stopped: 0,0004602 seconds, Stopping threads took: 0,0003853 seconds
2017-07-17T09:35:38.345+0200: 125,760: Total time for which application threads were stopped: 0,0001212 seconds, Stopping threads took: 0,0000285 seconds
2017-07-17T09:35:38.349+0200: 125,763: Total time for which application threads were stopped: 0,0001368 seconds, Stopping threads took: 0,0000226 seconds
2017-07-17T09:35:38.352+0200: 125,766: Total time for which application threads were stopped: 0,0001854 seconds, Stopping threads took: 0,0000367 seconds
2017-07-17T09:35:38.353+0200: 125,767: Total time for which application threads were stopped: 0,0004246 seconds, Stopping threads took: 0,0003183 seconds
2017-07-17T09:35:38.354+0200: 125,768: Total time for which application threads were stopped: 0,0001241 seconds, Stopping threads took: 0,0000270 seconds
2017-07-17T09:35:38.354+0200: 125,769: Total time for which application threads were stopped: 0,0000837 seconds, Stopping threads took: 0,0000161 seconds
2017-07-17T09:35:38.355+0200: 125,770: Total time for which application threads were stopped: 0,0000878 seconds, Stopping threads took: 0,0000222 seconds
2017-07-17T09:35:38.363+0200: 125,777: Total time for which application threads were stopped: 0,0000800 seconds, Stopping threads took: 0,0000157 seconds
2017-07-17T09:35:38.363+0200: 125,777: Total time for which application threads were stopped: 0,0000484 seconds, Stopping threads took: 0,0000106 seconds
2017-07-17T09:35:38.363+0200: 125,778: Total time for which application threads were stopped: 0,0000750 seconds, Stopping threads took: 0,0000170 seconds
2017-07-17T09:35:38.364+0200: 125,778: Total time for which application threads were stopped: 0,0000514 seconds, Stopping threads took: 0,0000113 seconds
2017-07-17T09:35:38.364+0200: 125,779: Total time for which application threads were stopped: 0,0005129 seconds, Stopping threads took: 0,0004528 seconds
2017-07-17T09:35:38.365+0200: 125,780: Total time for which application threads were stopped: 0,0008893 seconds, Stopping threads took: 0,0008207 seconds
2017-07-17T09:35:38.367+0200: 125,781: Total time for which application threads were stopped: 0,0017487 seconds, Stopping threads took: 0,0016554 seconds
2017-07-17T09:35:38.369+0200: 125,783: Total time for which application threads were stopped: 0,0009021 seconds, Stopping threads took: 0,0008175 seconds
2017-07-17T09:35:38.369+0200: 125,784: Total time for which application threads were stopped: 0,0000652 seconds, Stopping threads took: 0,0000133 seconds
2017-07-17T09:35:38.373+0200: 125,787: Total time for which application threads were stopped: 0,0001968 seconds, Stopping threads took: 0,0001281 seconds
2017-07-17T09:35:38.373+0200: 125,787: Total time for which application threads were stopped: 0,0000501 seconds, Stopping threads took: 0,0000163 seconds
2017-07-17T09:35:38.373+0200: 125,787: Total time for which application threads were stopped: 0,0000459 seconds, Stopping threads took: 0,0000126 seconds
2017-07-17T09:35:38.373+0200: 125,788: Total time for which application threads were stopped: 0,0000428 seconds, Stopping threads took: 0,0000128 seconds
2017-07-17T09:35:38.373+0200: 125,788: Total time for which application threads were stopped: 0,0000419 seconds, Stopping threads took: 0,0000121 seconds
2017-07-17T09:35:38.376+0200: 125,790: Total time for which application threads were stopped: 0,0001113 seconds, Stopping threads took: 0,0000432 seconds
2017-07-17T09:35:38.378+0200: 125,792: Total time for which application threads were stopped: 0,0001074 seconds, Stopping threads took: 0,0000294 seconds
2017-07-17T09:35:38.378+0200: 125,792: Total time for which application threads were stopped: 0,0000603 seconds, Stopping threads took: 0,0000155 seconds
2017-07-17T09:35:38.378+0200: 125,793: Total time for which application threads were stopped: 0,0002520 seconds, Stopping threads took: 0,0000123 seconds
2017-07-17T09:35:38.378+0200: 125,793: Total time for which application threads were stopped: 0,0000618 seconds, Stopping threads took: 0,0000166 seconds
2017-07-17T09:35:38.382+0200: 125,797: Total time for which application threads were stopped: 0,0000969 seconds, Stopping threads took: 0,0000329 seconds
2017-07-17T09:35:38.382+0200: 125,797: Total time for which application threads were stopped: 0,0000460 seconds, Stopping threads took: 0,0000129 seconds
2017-07-17T09:35:38.382+0200: 125,797: Total time for which application threads were stopped: 0,0000446 seconds, Stopping threads took: 0,0000148 seconds
2017-07-17T09:35:38.382+0200: 125,797: Total time for which application threads were stopped: 0,0000461 seconds, Stopping threads took: 0,0000142 seconds
2017-07-17T09:35:38.383+0200: 125,797: Total time for which application threads were stopped: 0,0000433 seconds, Stopping threads took: 0,0000142 seconds
2017-07-17T09:35:38.383+0200: 125,797: Total time for which application threads were stopped: 0,0000441 seconds, Stopping threads took: 0,0000142 seconds
2017-07-17T09:35:38.383+0200: 125,797: Total time for which application threads were stopped: 0,0000453 seconds, Stopping threads took: 0,0000167 seconds
2017-07-17T09:35:38.383+0200: 125,797: Total time for which application threads were stopped: 0,0000392 seconds, Stopping threads took: 0,0000111 seconds
2017-07-17T09:35:38.383+0200: 125,797: Total time for which application threads were stopped: 0,0000394 seconds, Stopping threads took: 0,0000110 seconds
2017-07-17T09:35:38.383+0200: 125,797: Total time for which application threads were stopped: 0,0000390 seconds, Stopping threads took: 0,0000109 seconds
2017-07-17T09:35:38.385+0200: 125,800: Total time for which application threads were stopped: 0,0001194 seconds, Stopping threads took: 0,0000347 seconds
2017-07-17T09:35:38.385+0200: 125,800: Total time for which application threads were stopped: 0,0000731 seconds, Stopping threads took: 0,0000204 seconds
2017-07-17T09:35:38.410+0200: 125,824: Total time for which application threads were stopped: 0,0036246 seconds, Stopping threads took: 0,0035341 seconds
2017-07-17T09:35:38.410+0200: 125,824: Total time for which application threads were stopped: 0,0000550 seconds, Stopping threads took: 0,0000219 seconds
2017-07-17T09:35:38.416+0200: 125,831: Total time for which application threads were stopped: 0,0048234 seconds, Stopping threads took: 0,0047528 seconds
2017-07-17T09:35:38.417+0200: 125,832: Total time for which application threads were stopped: 0,0000739 seconds, Stopping threads took: 0,0000221 seconds
2017-07-17T09:35:38.417+0200: 125,832: Total time for which application threads were stopped: 0,0000457 seconds, Stopping threads took: 0,0000151 seconds
2017-07-17T09:35:38.418+0200: 125,832: Total time for which application threads were stopped: 0,0000415 seconds, Stopping threads took: 0,0000131 seconds
2017-07-17T09:35:38.429+0200: 125,843: Total time for which application threads were stopped: 0,0011119 seconds, Stopping threads took: 0,0010397 seconds
2017-07-17T09:35:38.430+0200: 125,845: Total time for which application threads were stopped: 0,0000927 seconds, Stopping threads took: 0,0000332 seconds
2017-07-17T09:35:38.431+0200: 125,845: Total time for which application threads were stopped: 0,0000488 seconds, Stopping threads took: 0,0000173 seconds
2017-07-17T09:35:38.431+0200: 125,845: Total time for which application threads were stopped: 0,0000392 seconds, Stopping threads took: 0,0000113 seconds
2017-07-17T09:35:38.431+0200: 125,845: Total time for which application threads were stopped: 0,0000485 seconds, Stopping threads took: 0,0000158 seconds
2017-07-17T09:35:38.431+0200: 125,845: Total time for which application threads were stopped: 0,0000448 seconds, Stopping threads took: 0,0000162 seconds
2017-07-17T09:35:38.431+0200: 125,846: Total time for which application threads were stopped: 0,0000452 seconds, Stopping threads took: 0,0000155 seconds
2017-07-17T09:35:38.431+0200: 125,846: Total time for which application threads were stopped: 0,0000464 seconds, Stopping threads took: 0,0000152 seconds
2017-07-17T09:35:38.431+0200: 125,846: Total time for which application threads were stopped: 0,0000408 seconds, Stopping threads took: 0,0000133 seconds
2017-07-17T09:35:38.431+0200: 125,846: Total time for which application threads were stopped: 0,0000404 seconds, Stopping threads took: 0,0000131 seconds
2017-07-17T09:35:38.432+0200: 125,846: Total time for which application threads were stopped: 0,0000478 seconds, Stopping threads took: 0,0000155 seconds
2017-07-17T09:35:38.432+0200: 125,846: Total time for which application threads were stopped: 0,0000456 seconds, Stopping threads took: 0,0000158 seconds
2017-07-17T09:35:38.432+0200: 125,846: Total time for which application threads were stopped: 0,0000437 seconds, Stopping threads took: 0,0000146 seconds
2017-07-17T09:35:38.432+0200: 125,847: Total time for which application threads were stopped: 0,0000457 seconds, Stopping threads took: 0,0000156 seconds
2017-07-17T09:35:38.432+0200: 125,847: Total time for which application threads were stopped: 0,0000405 seconds, Stopping threads took: 0,0000122 seconds
2017-07-17T09:35:38.432+0200: 125,847: Total time for which application threads were stopped: 0,0001673 seconds, Stopping threads took: 0,0000150 seconds
2017-07-17T09:35:38.433+0200: 125,847: Total time for which application threads were stopped: 0,0000665 seconds, Stopping threads took: 0,0000243 seconds
2017-07-17T09:35:38.434+0200: 125,849: Total time for which application threads were stopped: 0,0001150 seconds, Stopping threads took: 0,0000281 seconds
2017-07-17T09:35:38.436+0200: 125,850: Total time for which application threads were stopped: 0,0000752 seconds, Stopping threads took: 0,0000230 seconds
2017-07-17T09:35:38.436+0200: 125,850: Total time for which application threads were stopped: 0,0000384 seconds, Stopping threads took: 0,0000119 seconds
2017-07-17T09:35:38.436+0200: 125,850: Total time for which application threads were stopped: 0,0000358 seconds, Stopping threads took: 0,0000108 seconds
2017-07-17T09:35:38.441+0200: 125,855: Total time for which application threads were stopped: 0,0000944 seconds, Stopping threads took: 0,0000360 seconds
2017-07-17T09:35:38.441+0200: 125,855: Total time for which application threads were stopped: 0,0000764 seconds, Stopping threads took: 0,0000132 seconds
Heap
 par new generation   total 109248K, used 94103K [0x00000000e0000000, 0x00000000e8000000, 0x00000000e8000000)
  eden space 87424K, 100% used [0x00000000e0000000, 0x00000000e5560000, 0x00000000e5560000)
  from space 21824K,  30% used [0x00000000e6ab0000, 0x00000000e7135fd8, 0x00000000e8000000)
  to   space 21824K,   0% used [0x00000000e5560000, 0x00000000e5560000, 0x00000000e6ab0000)
 concurrent mark-sweep generation total 393216K, used 6053K [0x00000000e8000000, 0x0000000100000000, 0x0000000100000000)
 Metaspace       used 28107K, capacity 28626K, committed 28796K, reserved 1075200K
  class space    used 3224K, capacity 3390K, committed 3452K, reserved 1048576K
