OpenJDK 64-Bit Server VM (25.131-b11) for linux-amd64 JRE (1.8.0_131-8u131-b11-0ubuntu1.16.04.2-b11), built on May  6 2017 02:45:27 by "buildd" with gcc 5.4.0 20160609
Memory: 4k page, physical 7867740k(7413748k free), swap 8076284k(8076284k free)
CommandLine flags: -XX:CMSInitiatingOccupancyFraction=50 -XX:CMSMaxAbortablePrecleanTime=6000 -XX:+CMSParallelRemarkEnabled -XX:+CMSScavengeBeforeRemark -XX:ConcGCThreads=4 -XX:InitialHeapSize=536870912 -XX:MaxHeapSize=536870912 -XX:MaxTenuringThreshold=8 -XX:NewRatio=3 -XX:OldPLABSize=16 -XX:OnOutOfMemoryError=/opt/solr/bin/oom_solr.sh 8983 /var/solr/logs -XX:ParallelGCThreads=4 -XX:+ParallelRefProcEnabled -XX:PretenureSizeThreshold=67108864 -XX:+PrintGC -XX:+PrintGCApplicationStoppedTime -XX:+PrintGCDateStamps -XX:+PrintGCDetails -XX:+PrintGCTimeStamps -XX:+PrintHeapAtGC -XX:+PrintTenuringDistribution -XX:SurvivorRatio=4 -XX:TargetSurvivorRatio=90 -XX:ThreadStackSize=256 -XX:+UseCMSInitiatingOccupancyOnly -XX:+UseCompressedClassPointers -XX:+UseCompressedOops -XX:+UseConcMarkSweepGC -XX:+UseParNewGC 
2017-06-08T07:42:45.782+0200: 0,139: Total time for which application threads were stopped: 0,0000779 seconds, Stopping threads took: 0,0000124 seconds
2017-06-08T07:42:45.866+0200: 0,223: Total time for which application threads were stopped: 0,0001061 seconds, Stopping threads took: 0,0000140 seconds
2017-06-08T07:42:45.879+0200: 0,236: Total time for which application threads were stopped: 0,0000759 seconds, Stopping threads took: 0,0000125 seconds
2017-06-08T07:42:46.124+0200: 0,482: Total time for which application threads were stopped: 0,0001130 seconds, Stopping threads took: 0,0000105 seconds
2017-06-08T07:42:46.606+0200: 0,964: Total time for which application threads were stopped: 0,0002186 seconds, Stopping threads took: 0,0000522 seconds
2017-06-08T07:42:46.774+0200: 1,132: Total time for which application threads were stopped: 0,0002051 seconds, Stopping threads took: 0,0000249 seconds
2017-06-08T07:42:46.852+0200: 1,210: Total time for which application threads were stopped: 0,0001836 seconds, Stopping threads took: 0,0000230 seconds
2017-06-08T07:42:47.197+0200: 1,554: Total time for which application threads were stopped: 0,0001596 seconds, Stopping threads took: 0,0000145 seconds
2017-06-08T07:42:47.439+0200: 1,797: Total time for which application threads were stopped: 0,0002068 seconds, Stopping threads took: 0,0000208 seconds
2017-06-08T07:42:47.467+0200: 1,825: Total time for which application threads were stopped: 0,0001588 seconds, Stopping threads took: 0,0000107 seconds
2017-06-08T07:42:47.497+0200: 1,854: Total time for which application threads were stopped: 0,0002264 seconds, Stopping threads took: 0,0000260 seconds
2017-06-08T07:42:47.498+0200: 1,855: Total time for which application threads were stopped: 0,0001556 seconds, Stopping threads took: 0,0000151 seconds
2017-06-08T07:42:47.511+0200: 1,868: Total time for which application threads were stopped: 0,0002750 seconds, Stopping threads took: 0,0000263 seconds
2017-06-08T07:42:47.594+0200: 1,951: Total time for which application threads were stopped: 0,0002327 seconds, Stopping threads took: 0,0000275 seconds
2017-06-08T07:42:47.760+0200: 2,118: Total time for which application threads were stopped: 0,0002750 seconds, Stopping threads took: 0,0000401 seconds
{Heap before GC invocations=0 (full 0):
 par new generation   total 109248K, used 87424K [0x00000000e0000000, 0x00000000e8000000, 0x00000000e8000000)
  eden space 87424K, 100% used [0x00000000e0000000, 0x00000000e5560000, 0x00000000e5560000)
  from space 21824K,   0% used [0x00000000e5560000, 0x00000000e5560000, 0x00000000e6ab0000)
  to   space 21824K,   0% used [0x00000000e6ab0000, 0x00000000e6ab0000, 0x00000000e8000000)
 concurrent mark-sweep generation total 393216K, used 0K [0x00000000e8000000, 0x0000000100000000, 0x0000000100000000)
 Metaspace       used 18053K, capacity 18336K, committed 18688K, reserved 1064960K
  class space    used 2039K, capacity 2196K, committed 2304K, reserved 1048576K
2017-06-08T07:42:47.853+0200: 2,210: [GC (Allocation Failure) 2017-06-08T07:42:47.853+0200: 2,210: [ParNew
Desired survivor size 20112992 bytes, new threshold 8 (max 8)
- age   1:   12627512 bytes,   12627512 total
: 87424K->12430K(109248K), 0,0163495 secs] 87424K->12430K(502464K), 0,0164394 secs] [Times: user=0,04 sys=0,02, real=0,01 secs] 
Heap after GC invocations=1 (full 0):
 par new generation   total 109248K, used 12430K [0x00000000e0000000, 0x00000000e8000000, 0x00000000e8000000)
  eden space 87424K,   0% used [0x00000000e0000000, 0x00000000e0000000, 0x00000000e5560000)
  from space 21824K,  56% used [0x00000000e6ab0000, 0x00000000e76d3b08, 0x00000000e8000000)
  to   space 21824K,   0% used [0x00000000e5560000, 0x00000000e5560000, 0x00000000e6ab0000)
 concurrent mark-sweep generation total 393216K, used 0K [0x00000000e8000000, 0x0000000100000000, 0x0000000100000000)
 Metaspace       used 18053K, capacity 18336K, committed 18688K, reserved 1064960K
  class space    used 2039K, capacity 2196K, committed 2304K, reserved 1048576K
}
2017-06-08T07:42:47.869+0200: 2,227: Total time for which application threads were stopped: 0,0167141 seconds, Stopping threads took: 0,0000438 seconds
2017-06-08T07:42:48.160+0200: 2,518: Total time for which application threads were stopped: 0,0003538 seconds, Stopping threads took: 0,0000461 seconds
{Heap before GC invocations=1 (full 0):
 par new generation   total 109248K, used 99854K [0x00000000e0000000, 0x00000000e8000000, 0x00000000e8000000)
  eden space 87424K, 100% used [0x00000000e0000000, 0x00000000e5560000, 0x00000000e5560000)
  from space 21824K,  56% used [0x00000000e6ab0000, 0x00000000e76d3b08, 0x00000000e8000000)
  to   space 21824K,   0% used [0x00000000e5560000, 0x00000000e5560000, 0x00000000e6ab0000)
 concurrent mark-sweep generation total 393216K, used 0K [0x00000000e8000000, 0x0000000100000000, 0x0000000100000000)
 Metaspace       used 20060K, capacity 20412K, committed 20736K, reserved 1067008K
  class space    used 2291K, capacity 2464K, committed 2560K, reserved 1048576K
2017-06-08T07:42:48.215+0200: 2,572: [GC (Allocation Failure) 2017-06-08T07:42:48.215+0200: 2,572: [ParNew
Desired survivor size 20112992 bytes, new threshold 8 (max 8)
- age   1:    3609176 bytes,    3609176 total
- age   2:    6667248 bytes,   10276424 total
: 99854K->11762K(109248K), 0,0143779 secs] 99854K->11762K(502464K), 0,0144439 secs] [Times: user=0,06 sys=0,00, real=0,01 secs] 
Heap after GC invocations=2 (full 0):
 par new generation   total 109248K, used 11762K [0x00000000e0000000, 0x00000000e8000000, 0x00000000e8000000)
  eden space 87424K,   0% used [0x00000000e0000000, 0x00000000e0000000, 0x00000000e5560000)
  from space 21824K,  53% used [0x00000000e5560000, 0x00000000e60dcba0, 0x00000000e6ab0000)
  to   space 21824K,   0% used [0x00000000e6ab0000, 0x00000000e6ab0000, 0x00000000e8000000)
 concurrent mark-sweep generation total 393216K, used 0K [0x00000000e8000000, 0x0000000100000000, 0x0000000100000000)
 Metaspace       used 20060K, capacity 20412K, committed 20736K, reserved 1067008K
  class space    used 2291K, capacity 2464K, committed 2560K, reserved 1048576K
}
2017-06-08T07:42:48.229+0200: 2,587: Total time for which application threads were stopped: 0,0146316 seconds, Stopping threads took: 0,0000434 seconds
2017-06-08T07:42:48.232+0200: 2,589: Total time for which application threads were stopped: 0,0003916 seconds, Stopping threads took: 0,0000554 seconds
2017-06-08T07:42:48.266+0200: 2,624: Total time for which application threads were stopped: 0,0003800 seconds, Stopping threads took: 0,0000627 seconds
2017-06-08T07:42:48.389+0200: 2,746: Total time for which application threads were stopped: 0,0002220 seconds, Stopping threads took: 0,0000977 seconds
{Heap before GC invocations=2 (full 0):
 par new generation   total 109248K, used 99186K [0x00000000e0000000, 0x00000000e8000000, 0x00000000e8000000)
  eden space 87424K, 100% used [0x00000000e0000000, 0x00000000e5560000, 0x00000000e5560000)
  from space 21824K,  53% used [0x00000000e5560000, 0x00000000e60dcba0, 0x00000000e6ab0000)
  to   space 21824K,   0% used [0x00000000e6ab0000, 0x00000000e6ab0000, 0x00000000e8000000)
 concurrent mark-sweep generation total 393216K, used 0K [0x00000000e8000000, 0x0000000100000000, 0x0000000100000000)
 Metaspace       used 20972K, capacity 21334K, committed 21552K, reserved 1069056K
  class space    used 2420K, capacity 2583K, committed 2608K, reserved 1048576K
2017-06-08T07:42:48.421+0200: 2,778: [GC (Allocation Failure) 2017-06-08T07:42:48.421+0200: 2,778: [ParNew
Desired survivor size 20112992 bytes, new threshold 8 (max 8)
- age   1:    2129504 bytes,    2129504 total
- age   2:     851952 bytes,    2981456 total
- age   3:    6662936 bytes,    9644392 total
: 99186K->11858K(109248K), 0,0106630 secs] 99186K->11858K(502464K), 0,0107492 secs] [Times: user=0,04 sys=0,00, real=0,01 secs] 
Heap after GC invocations=3 (full 0):
 par new generation   total 109248K, used 11858K [0x00000000e0000000, 0x00000000e8000000, 0x00000000e8000000)
  eden space 87424K,   0% used [0x00000000e0000000, 0x00000000e0000000, 0x00000000e5560000)
  from space 21824K,  54% used [0x00000000e6ab0000, 0x00000000e7644bf0, 0x00000000e8000000)
  to   space 21824K,   0% used [0x00000000e5560000, 0x00000000e5560000, 0x00000000e6ab0000)
 concurrent mark-sweep generation total 393216K, used 0K [0x00000000e8000000, 0x0000000100000000, 0x0000000100000000)
 Metaspace       used 20972K, capacity 21334K, committed 21552K, reserved 1069056K
  class space    used 2420K, capacity 2583K, committed 2608K, reserved 1048576K
}
2017-06-08T07:42:48.431+0200: 2,789: Total time for which application threads were stopped: 0,0109525 seconds, Stopping threads took: 0,0000737 seconds
2017-06-08T07:42:48.434+0200: 2,792: [GC (CMS Initial Mark) [1 CMS-initial-mark: 0K(393216K)] 11875K(502464K), 0,0030828 secs] [Times: user=0,01 sys=0,00, real=0,00 secs] 
2017-06-08T07:42:48.438+0200: 2,795: Total time for which application threads were stopped: 0,0060589 seconds, Stopping threads took: 0,0028999 seconds
2017-06-08T07:42:48.438+0200: 2,795: [CMS-concurrent-mark-start]
2017-06-08T07:42:48.438+0200: 2,796: [CMS-concurrent-mark: 0,000/0,000 secs] [Times: user=0,01 sys=0,00, real=0,00 secs] 
2017-06-08T07:42:48.438+0200: 2,796: [CMS-concurrent-preclean-start]
2017-06-08T07:42:48.439+0200: 2,797: [CMS-concurrent-preclean: 0,001/0,001 secs] [Times: user=0,00 sys=0,00, real=0,01 secs] 
2017-06-08T07:42:48.439+0200: 2,797: [GC (CMS Final Remark) [YG occupancy: 13269 K (109248 K)]{Heap before GC invocations=3 (full 1):
 par new generation   total 109248K, used 13269K [0x00000000e0000000, 0x00000000e8000000, 0x00000000e8000000)
  eden space 87424K,   1% used [0x00000000e0000000, 0x00000000e0160bd0, 0x00000000e5560000)
  from space 21824K,  54% used [0x00000000e6ab0000, 0x00000000e7644bf0, 0x00000000e8000000)
  to   space 21824K,   0% used [0x00000000e5560000, 0x00000000e5560000, 0x00000000e6ab0000)
 concurrent mark-sweep generation total 393216K, used 0K [0x00000000e8000000, 0x0000000100000000, 0x0000000100000000)
 Metaspace       used 20979K, capacity 21334K, committed 21552K, reserved 1069056K
  class space    used 2420K, capacity 2583K, committed 2608K, reserved 1048576K
2017-06-08T07:42:48.439+0200: 2,797: [GC (CMS Final Remark) 2017-06-08T07:42:48.439+0200: 2,797: [ParNew
Desired survivor size 20112992 bytes, new threshold 8 (max 8)
- age   1:     309984 bytes,     309984 total
- age   2:    1600496 bytes,    1910480 total
- age   3:     822720 bytes,    2733200 total
- age   4:    6662376 bytes,    9395576 total
: 13269K->16511K(109248K), 0,0091754 secs] 13269K->16511K(502464K), 0,0092254 secs] [Times: user=0,03 sys=0,00, real=0,00 secs] 
Heap after GC invocations=4 (full 1):
 par new generation   total 109248K, used 16511K [0x00000000e0000000, 0x00000000e8000000, 0x00000000e8000000)
  eden space 87424K,   0% used [0x00000000e0000000, 0x00000000e0000000, 0x00000000e5560000)
  from space 21824K,  75% used [0x00000000e5560000, 0x00000000e657fe18, 0x00000000e6ab0000)
  to   space 21824K,   0% used [0x00000000e6ab0000, 0x00000000e6ab0000, 0x00000000e8000000)
 concurrent mark-sweep generation total 393216K, used 0K [0x00000000e8000000, 0x0000000100000000, 0x0000000100000000)
 Metaspace       used 20979K, capacity 21334K, committed 21552K, reserved 1069056K
  class space    used 2420K, capacity 2583K, committed 2608K, reserved 1048576K
}
2017-06-08T07:42:48.449+0200: 2,806: [Rescan (parallel) , 0,0035810 secs]2017-06-08T07:42:48.452+0200: 2,810: [weak refs processing, 0,0006442 secs]2017-06-08T07:42:48.453+0200: 2,811: [class unloading, 0,0026976 secs]2017-06-08T07:42:48.456+0200: 2,813: [scrub symbol table, 0,0024644 secs]2017-06-08T07:42:48.458+0200: 2,816: [scrub string table, 0,0003765 secs][1 CMS-remark: 0K(393216K)] 16511K(502464K), 0,0195921 secs] [Times: user=0,05 sys=0,00, real=0,02 secs] 
2017-06-08T07:42:48.459+0200: 2,817: Total time for which application threads were stopped: 0,0197770 seconds, Stopping threads took: 0,0000925 seconds
2017-06-08T07:42:48.462+0200: 2,820: [CMS-concurrent-sweep-start]
2017-06-08T07:42:48.462+0200: 2,820: [CMS-concurrent-sweep: 0,000/0,000 secs] [Times: user=0,00 sys=0,00, real=0,00 secs] 
2017-06-08T07:42:48.462+0200: 2,820: [CMS-concurrent-reset-start]
2017-06-08T07:42:48.465+0200: 2,823: [CMS-concurrent-reset: 0,002/0,002 secs] [Times: user=0,01 sys=0,01, real=0,00 secs] 
{Heap before GC invocations=4 (full 1):
 par new generation   total 109248K, used 103935K [0x00000000e0000000, 0x00000000e8000000, 0x00000000e8000000)
  eden space 87424K, 100% used [0x00000000e0000000, 0x00000000e5560000, 0x00000000e5560000)
  from space 21824K,  75% used [0x00000000e5560000, 0x00000000e657fe18, 0x00000000e6ab0000)
  to   space 21824K,   0% used [0x00000000e6ab0000, 0x00000000e6ab0000, 0x00000000e8000000)
 concurrent mark-sweep generation total 393216K, used 0K [0x00000000e8000000, 0x0000000100000000, 0x0000000100000000)
 Metaspace       used 21189K, capacity 21540K, committed 21808K, reserved 1069056K
  class space    used 2444K, capacity 2597K, committed 2608K, reserved 1048576K
2017-06-08T07:42:48.571+0200: 2,929: [GC (Allocation Failure) 2017-06-08T07:42:48.571+0200: 2,929: [ParNew
Desired survivor size 20112992 bytes, new threshold 8 (max 8)
- age   1:    1248200 bytes,    1248200 total
- age   2:        936 bytes,    1249136 total
- age   3:    1452624 bytes,    2701760 total
- age   4:     820544 bytes,    3522304 total
- age   5:    6662536 bytes,   10184840 total
: 103935K->12794K(109248K), 0,0104665 secs] 103935K->12794K(502464K), 0,0105442 secs] [Times: user=0,04 sys=0,00, real=0,01 secs] 
Heap after GC invocations=5 (full 1):
 par new generation   total 109248K, used 12794K [0x00000000e0000000, 0x00000000e8000000, 0x00000000e8000000)
  eden space 87424K,   0% used [0x00000000e0000000, 0x00000000e0000000, 0x00000000e5560000)
  from space 21824K,  58% used [0x00000000e6ab0000, 0x00000000e772eae0, 0x00000000e8000000)
  to   space 21824K,   0% used [0x00000000e5560000, 0x00000000e5560000, 0x00000000e6ab0000)
 concurrent mark-sweep generation total 393216K, used 0K [0x00000000e8000000, 0x0000000100000000, 0x0000000100000000)
 Metaspace       used 21189K, capacity 21540K, committed 21808K, reserved 1069056K
  class space    used 2444K, capacity 2597K, committed 2608K, reserved 1048576K
}
2017-06-08T07:42:48.582+0200: 2,940: Total time for which application threads were stopped: 0,0111222 seconds, Stopping threads took: 0,0004103 seconds
{Heap before GC invocations=5 (full 1):
 par new generation   total 109248K, used 100218K [0x00000000e0000000, 0x00000000e8000000, 0x00000000e8000000)
  eden space 87424K, 100% used [0x00000000e0000000, 0x00000000e5560000, 0x00000000e5560000)
  from space 21824K,  58% used [0x00000000e6ab0000, 0x00000000e772eae0, 0x00000000e8000000)
  to   space 21824K,   0% used [0x00000000e5560000, 0x00000000e5560000, 0x00000000e6ab0000)
 concurrent mark-sweep generation total 393216K, used 0K [0x00000000e8000000, 0x0000000100000000, 0x0000000100000000)
 Metaspace       used 21386K, capacity 21776K, committed 21936K, reserved 1069056K
  class space    used 2464K, capacity 2631K, committed 2736K, reserved 1048576K
2017-06-08T07:42:48.672+0200: 3,030: [GC (Allocation Failure) 2017-06-08T07:42:48.672+0200: 3,030: [ParNew
Desired survivor size 20112992 bytes, new threshold 8 (max 8)
- age   1:    1001928 bytes,    1001928 total
- age   2:     179624 bytes,    1181552 total
- age   3:        936 bytes,    1182488 total
- age   4:    1452040 bytes,    2634528 total
- age   5:     818528 bytes,    3453056 total
- age   6:    6662376 bytes,   10115432 total
: 100218K->15089K(109248K), 0,0135837 secs] 100218K->15089K(502464K), 0,0136444 secs] [Times: user=0,04 sys=0,00, real=0,01 secs] 
Heap after GC invocations=6 (full 1):
 par new generation   total 109248K, used 15089K [0x00000000e0000000, 0x00000000e8000000, 0x00000000e8000000)
  eden space 87424K,   0% used [0x00000000e0000000, 0x00000000e0000000, 0x00000000e5560000)
  from space 21824K,  69% used [0x00000000e5560000, 0x00000000e641c698, 0x00000000e6ab0000)
  to   space 21824K,   0% used [0x00000000e6ab0000, 0x00000000e6ab0000, 0x00000000e8000000)
 concurrent mark-sweep generation total 393216K, used 0K [0x00000000e8000000, 0x0000000100000000, 0x0000000100000000)
 Metaspace       used 21386K, capacity 21776K, committed 21936K, reserved 1069056K
  class space    used 2464K, capacity 2631K, committed 2736K, reserved 1048576K
}
2017-06-08T07:42:48.686+0200: 3,043: Total time for which application threads were stopped: 0,0141849 seconds, Stopping threads took: 0,0003876 seconds
2017-06-08T07:42:48.710+0200: 3,067: Total time for which application threads were stopped: 0,0003013 seconds, Stopping threads took: 0,0000153 seconds
2017-06-08T07:42:48.966+0200: 3,324: Total time for which application threads were stopped: 0,0005220 seconds, Stopping threads took: 0,0000585 seconds
2017-06-08T07:42:48.983+0200: 3,341: Total time for which application threads were stopped: 0,0004136 seconds, Stopping threads took: 0,0000615 seconds
{Heap before GC invocations=6 (full 1):
 par new generation   total 109248K, used 102513K [0x00000000e0000000, 0x00000000e8000000, 0x00000000e8000000)
  eden space 87424K, 100% used [0x00000000e0000000, 0x00000000e5560000, 0x00000000e5560000)
  from space 21824K,  69% used [0x00000000e5560000, 0x00000000e641c698, 0x00000000e6ab0000)
  to   space 21824K,   0% used [0x00000000e6ab0000, 0x00000000e6ab0000, 0x00000000e8000000)
 concurrent mark-sweep generation total 393216K, used 0K [0x00000000e8000000, 0x0000000100000000, 0x0000000100000000)
 Metaspace       used 23832K, capacity 24272K, committed 24496K, reserved 1071104K
  class space    used 2802K, capacity 2973K, committed 2992K, reserved 1048576K
2017-06-08T07:42:49.237+0200: 3,594: [GC (Allocation Failure) 2017-06-08T07:42:49.237+0200: 3,595: [ParNew
Desired survivor size 20112992 bytes, new threshold 8 (max 8)
- age   1:    5222080 bytes,    5222080 total
- age   2:     128720 bytes,    5350800 total
- age   3:     178480 bytes,    5529280 total
- age   4:        896 bytes,    5530176 total
- age   5:     282520 bytes,    5812696 total
- age   6:     792336 bytes,    6605032 total
- age   7:    6654184 bytes,   13259216 total
: 102513K->16188K(109248K), 0,0564233 secs] 102513K->16188K(502464K), 0,0565022 secs] [Times: user=0,10 sys=0,00, real=0,06 secs] 
Heap after GC invocations=7 (full 1):
 par new generation   total 109248K, used 16188K [0x00000000e0000000, 0x00000000e8000000, 0x00000000e8000000)
  eden space 87424K,   0% used [0x00000000e0000000, 0x00000000e0000000, 0x00000000e5560000)
  from space 21824K,  74% used [0x00000000e6ab0000, 0x00000000e7a7f180, 0x00000000e8000000)
  to   space 21824K,   0% used [0x00000000e5560000, 0x00000000e5560000, 0x00000000e6ab0000)
 concurrent mark-sweep generation total 393216K, used 0K [0x00000000e8000000, 0x0000000100000000, 0x0000000100000000)
 Metaspace       used 23832K, capacity 24272K, committed 24496K, reserved 1071104K
  class space    used 2802K, capacity 2973K, committed 2992K, reserved 1048576K
}
2017-06-08T07:42:49.293+0200: 3,651: Total time for which application threads were stopped: 0,0579340 seconds, Stopping threads took: 0,0011545 seconds
{Heap before GC invocations=7 (full 1):
 par new generation   total 109248K, used 103612K [0x00000000e0000000, 0x00000000e8000000, 0x00000000e8000000)
  eden space 87424K, 100% used [0x00000000e0000000, 0x00000000e5560000, 0x00000000e5560000)
  from space 21824K,  74% used [0x00000000e6ab0000, 0x00000000e7a7f180, 0x00000000e8000000)
  to   space 21824K,   0% used [0x00000000e5560000, 0x00000000e5560000, 0x00000000e6ab0000)
 concurrent mark-sweep generation total 393216K, used 0K [0x00000000e8000000, 0x0000000100000000, 0x0000000100000000)
 Metaspace       used 24303K, capacity 24806K, committed 25136K, reserved 1071104K
  class space    used 2848K, capacity 3041K, committed 3120K, reserved 1048576K
2017-06-08T07:42:49.421+0200: 3,779: [GC (Allocation Failure) 2017-06-08T07:42:49.421+0200: 3,779: [ParNew
Desired survivor size 20112992 bytes, new threshold 8 (max 8)
- age   1:    1649320 bytes,    1649320 total
- age   2:    1784448 bytes,    3433768 total
- age   3:      64304 bytes,    3498072 total
- age   4:      90224 bytes,    3588296 total
- age   5:        808 bytes,    3589104 total
- age   6:     186416 bytes,    3775520 total
- age   7:     750112 bytes,    4525632 total
- age   8:    6121608 bytes,   10647240 total
: 103612K->16301K(109248K), 0,0284021 secs] 103612K->16301K(502464K), 0,0284759 secs] [Times: user=0,08 sys=0,00, real=0,02 secs] 
Heap after GC invocations=8 (full 1):
 par new generation   total 109248K, used 16301K [0x00000000e0000000, 0x00000000e8000000, 0x00000000e8000000)
  eden space 87424K,   0% used [0x00000000e0000000, 0x00000000e0000000, 0x00000000e5560000)
  from space 21824K,  74% used [0x00000000e5560000, 0x00000000e654b620, 0x00000000e6ab0000)
  to   space 21824K,   0% used [0x00000000e6ab0000, 0x00000000e6ab0000, 0x00000000e8000000)
 concurrent mark-sweep generation total 393216K, used 0K [0x00000000e8000000, 0x0000000100000000, 0x0000000100000000)
 Metaspace       used 24303K, capacity 24806K, committed 25136K, reserved 1071104K
  class space    used 2848K, capacity 3041K, committed 3120K, reserved 1048576K
}
2017-06-08T07:42:49.449+0200: 3,807: Total time for which application threads were stopped: 0,0342044 seconds, Stopping threads took: 0,0055281 seconds
{Heap before GC invocations=8 (full 1):
 par new generation   total 109248K, used 103725K [0x00000000e0000000, 0x00000000e8000000, 0x00000000e8000000)
  eden space 87424K, 100% used [0x00000000e0000000, 0x00000000e5560000, 0x00000000e5560000)
  from space 21824K,  74% used [0x00000000e5560000, 0x00000000e654b620, 0x00000000e6ab0000)
  to   space 21824K,   0% used [0x00000000e6ab0000, 0x00000000e6ab0000, 0x00000000e8000000)
 concurrent mark-sweep generation total 393216K, used 0K [0x00000000e8000000, 0x0000000100000000, 0x0000000100000000)
 Metaspace       used 24558K, capacity 25008K, committed 25136K, reserved 1071104K
  class space    used 2867K, capacity 3043K, committed 3120K, reserved 1048576K
2017-06-08T07:42:49.578+0200: 3,936: [GC (Allocation Failure) 2017-06-08T07:42:49.578+0200: 3,936: [ParNew
Desired survivor size 20112992 bytes, new threshold 8 (max 8)
- age   1:     945312 bytes,     945312 total
- age   2:     614600 bytes,    1559912 total
- age   3:    1762184 bytes,    3322096 total
- age   4:      64272 bytes,    3386368 total
- age   5:      90192 bytes,    3476560 total
- age   6:        808 bytes,    3477368 total
- age   7:     183584 bytes,    3660952 total
- age   8:     749344 bytes,    4410296 total
: 103725K->6645K(109248K), 0,0527802 secs] 103725K->12705K(502464K), 0,0528548 secs] [Times: user=0,09 sys=0,00, real=0,06 secs] 
Heap after GC invocations=9 (full 1):
 par new generation   total 109248K, used 6645K [0x00000000e0000000, 0x00000000e8000000, 0x00000000e8000000)
  eden space 87424K,   0% used [0x00000000e0000000, 0x00000000e0000000, 0x00000000e5560000)
  from space 21824K,  30% used [0x00000000e6ab0000, 0x00000000e712d568, 0x00000000e8000000)
  to   space 21824K,   0% used [0x00000000e5560000, 0x00000000e5560000, 0x00000000e6ab0000)
 concurrent mark-sweep generation total 393216K, used 6060K [0x00000000e8000000, 0x0000000100000000, 0x0000000100000000)
 Metaspace       used 24558K, capacity 25008K, committed 25136K, reserved 1071104K
  class space    used 2867K, capacity 3043K, committed 3120K, reserved 1048576K
}
2017-06-08T07:42:49.631+0200: 3,989: Total time for which application threads were stopped: 0,0531743 seconds, Stopping threads took: 0,0001132 seconds
2017-06-08T07:42:49.703+0200: 4,061: Total time for which application threads were stopped: 0,0020608 seconds, Stopping threads took: 0,0014719 seconds
2017-06-08T07:42:49.931+0200: 4,288: Total time for which application threads were stopped: 0,0116399 seconds, Stopping threads took: 0,0115202 seconds
2017-06-08T07:42:49.949+0200: 4,306: Total time for which application threads were stopped: 0,0001601 seconds, Stopping threads took: 0,0000338 seconds
2017-06-08T07:42:49.949+0200: 4,306: Total time for which application threads were stopped: 0,0001029 seconds, Stopping threads took: 0,0000165 seconds
2017-06-08T07:42:49.949+0200: 4,307: Total time for which application threads were stopped: 0,0000941 seconds, Stopping threads took: 0,0000207 seconds
2017-06-08T07:42:49.949+0200: 4,307: Total time for which application threads were stopped: 0,0000865 seconds, Stopping threads took: 0,0000142 seconds
2017-06-08T07:42:49.950+0200: 4,307: Total time for which application threads were stopped: 0,0000910 seconds, Stopping threads took: 0,0000136 seconds
2017-06-08T07:42:49.950+0200: 4,307: Total time for which application threads were stopped: 0,0000719 seconds, Stopping threads took: 0,0000105 seconds
2017-06-08T07:42:49.950+0200: 4,308: Total time for which application threads were stopped: 0,0000868 seconds, Stopping threads took: 0,0000128 seconds
2017-06-08T07:42:49.950+0200: 4,308: Total time for which application threads were stopped: 0,0000726 seconds, Stopping threads took: 0,0000101 seconds
2017-06-08T07:42:49.951+0200: 4,308: Total time for which application threads were stopped: 0,0003208 seconds, Stopping threads took: 0,0002329 seconds
2017-06-08T07:42:49.955+0200: 4,313: Total time for which application threads were stopped: 0,0007581 seconds, Stopping threads took: 0,0006497 seconds
2017-06-08T07:42:49.956+0200: 4,313: Total time for which application threads were stopped: 0,0000973 seconds, Stopping threads took: 0,0000144 seconds
2017-06-08T07:42:49.956+0200: 4,313: Total time for which application threads were stopped: 0,0000649 seconds, Stopping threads took: 0,0000090 seconds
2017-06-08T07:42:49.956+0200: 4,314: Total time for which application threads were stopped: 0,0001087 seconds, Stopping threads took: 0,0000120 seconds
2017-06-08T07:42:49.956+0200: 4,314: Total time for which application threads were stopped: 0,0000665 seconds, Stopping threads took: 0,0000096 seconds
2017-06-08T07:42:49.956+0200: 4,314: Total time for which application threads were stopped: 0,0000744 seconds, Stopping threads took: 0,0000117 seconds
2017-06-08T07:42:49.957+0200: 4,314: Total time for which application threads were stopped: 0,0000728 seconds, Stopping threads took: 0,0000105 seconds
2017-06-08T07:42:49.957+0200: 4,314: Total time for which application threads were stopped: 0,0000658 seconds, Stopping threads took: 0,0000102 seconds
2017-06-08T07:42:49.957+0200: 4,315: Total time for which application threads were stopped: 0,0000802 seconds, Stopping threads took: 0,0000120 seconds
2017-06-08T07:42:49.957+0200: 4,315: Total time for which application threads were stopped: 0,0000648 seconds, Stopping threads took: 0,0000112 seconds
2017-06-08T07:42:49.957+0200: 4,315: Total time for which application threads were stopped: 0,0001648 seconds, Stopping threads took: 0,0000111 seconds
2017-06-08T07:42:49.962+0200: 4,320: Total time for which application threads were stopped: 0,0001298 seconds, Stopping threads took: 0,0000249 seconds
2017-06-08T07:42:49.969+0200: 4,327: Total time for which application threads were stopped: 0,0027346 seconds, Stopping threads took: 0,0026403 seconds
2017-06-08T07:42:49.977+0200: 4,335: Total time for which application threads were stopped: 0,0006235 seconds, Stopping threads took: 0,0005046 seconds
2017-06-08T07:42:49.979+0200: 4,337: Total time for which application threads were stopped: 0,0001379 seconds, Stopping threads took: 0,0000330 seconds
2017-06-08T07:42:49.980+0200: 4,337: Total time for which application threads were stopped: 0,0000655 seconds, Stopping threads took: 0,0000098 seconds
2017-06-08T07:42:49.981+0200: 4,338: Total time for which application threads were stopped: 0,0001619 seconds, Stopping threads took: 0,0000409 seconds
2017-06-08T07:42:49.981+0200: 4,338: Total time for which application threads were stopped: 0,0000753 seconds, Stopping threads took: 0,0000103 seconds
2017-06-08T07:42:49.981+0200: 4,338: Total time for which application threads were stopped: 0,0000683 seconds, Stopping threads took: 0,0000095 seconds
2017-06-08T07:42:49.981+0200: 4,339: Total time for which application threads were stopped: 0,0000913 seconds, Stopping threads took: 0,0000147 seconds
2017-06-08T07:42:49.981+0200: 4,339: Total time for which application threads were stopped: 0,0000686 seconds, Stopping threads took: 0,0000097 seconds
2017-06-08T07:42:49.981+0200: 4,339: Total time for which application threads were stopped: 0,0000744 seconds, Stopping threads took: 0,0000109 seconds
2017-06-08T07:42:49.982+0200: 4,339: Total time for which application threads were stopped: 0,0000657 seconds, Stopping threads took: 0,0000090 seconds
2017-06-08T07:42:49.982+0200: 4,339: Total time for which application threads were stopped: 0,0000617 seconds, Stopping threads took: 0,0000083 seconds
2017-06-08T07:42:49.982+0200: 4,340: Total time for which application threads were stopped: 0,0000819 seconds, Stopping threads took: 0,0000136 seconds
2017-06-08T07:42:49.982+0200: 4,340: Total time for which application threads were stopped: 0,0000674 seconds, Stopping threads took: 0,0000097 seconds
2017-06-08T07:42:49.982+0200: 4,340: Total time for which application threads were stopped: 0,0000625 seconds, Stopping threads took: 0,0000094 seconds
2017-06-08T07:42:49.982+0200: 4,340: Total time for which application threads were stopped: 0,0000821 seconds, Stopping threads took: 0,0000191 seconds
2017-06-08T07:42:49.983+0200: 4,340: Total time for which application threads were stopped: 0,0000623 seconds, Stopping threads took: 0,0000089 seconds
2017-06-08T07:42:49.987+0200: 4,344: Total time for which application threads were stopped: 0,0001313 seconds, Stopping threads took: 0,0000356 seconds
2017-06-08T07:42:49.990+0200: 4,347: Total time for which application threads were stopped: 0,0002211 seconds, Stopping threads took: 0,0000211 seconds
2017-06-08T07:42:49.991+0200: 4,349: Total time for which application threads were stopped: 0,0001454 seconds, Stopping threads took: 0,0000372 seconds
2017-06-08T07:42:49.998+0200: 4,356: Total time for which application threads were stopped: 0,0036582 seconds, Stopping threads took: 0,0035386 seconds
2017-06-08T07:42:49.998+0200: 4,356: Total time for which application threads were stopped: 0,0000867 seconds, Stopping threads took: 0,0000288 seconds
2017-06-08T07:42:49.998+0200: 4,356: Total time for which application threads were stopped: 0,0000997 seconds, Stopping threads took: 0,0000487 seconds
2017-06-08T07:42:49.999+0200: 4,356: Total time for which application threads were stopped: 0,0000627 seconds, Stopping threads took: 0,0000234 seconds
2017-06-08T07:42:50.000+0200: 4,357: Total time for which application threads were stopped: 0,0001506 seconds, Stopping threads took: 0,0000404 seconds
2017-06-08T07:42:50.016+0200: 4,374: Total time for which application threads were stopped: 0,0003039 seconds, Stopping threads took: 0,0001829 seconds
2017-06-08T07:42:50.016+0200: 4,374: Total time for which application threads were stopped: 0,0000672 seconds, Stopping threads took: 0,0000233 seconds
2017-06-08T07:42:50.016+0200: 4,374: Total time for which application threads were stopped: 0,0000681 seconds, Stopping threads took: 0,0000190 seconds
2017-06-08T07:42:50.016+0200: 4,374: Total time for which application threads were stopped: 0,0000605 seconds, Stopping threads took: 0,0000194 seconds
2017-06-08T07:42:50.016+0200: 4,374: Total time for which application threads were stopped: 0,0000596 seconds, Stopping threads took: 0,0000174 seconds
2017-06-08T07:42:50.020+0200: 4,378: Total time for which application threads were stopped: 0,0001314 seconds, Stopping threads took: 0,0000435 seconds
2017-06-08T07:42:50.021+0200: 4,378: Total time for which application threads were stopped: 0,0000892 seconds, Stopping threads took: 0,0000266 seconds
2017-06-08T07:42:50.021+0200: 4,379: Total time for which application threads were stopped: 0,0000830 seconds, Stopping threads took: 0,0000257 seconds
2017-06-08T07:42:50.031+0200: 4,388: Total time for which application threads were stopped: 0,0001878 seconds, Stopping threads took: 0,0000595 seconds
2017-06-08T07:42:50.031+0200: 4,389: Total time for which application threads were stopped: 0,0001377 seconds, Stopping threads took: 0,0000364 seconds
2017-06-08T07:42:50.031+0200: 4,389: Total time for which application threads were stopped: 0,0000987 seconds, Stopping threads took: 0,0000309 seconds
2017-06-08T07:42:50.032+0200: 4,390: Total time for which application threads were stopped: 0,0002676 seconds, Stopping threads took: 0,0000479 seconds
2017-06-08T07:42:50.036+0200: 4,393: Total time for which application threads were stopped: 0,0001493 seconds, Stopping threads took: 0,0000396 seconds
2017-06-08T07:42:50.036+0200: 4,394: Total time for which application threads were stopped: 0,0001453 seconds, Stopping threads took: 0,0000452 seconds
2017-06-08T07:42:50.036+0200: 4,394: Total time for which application threads were stopped: 0,0001168 seconds, Stopping threads took: 0,0000323 seconds
2017-06-08T07:42:50.037+0200: 4,394: Total time for which application threads were stopped: 0,0000955 seconds, Stopping threads took: 0,0000252 seconds
2017-06-08T07:42:50.038+0200: 4,395: Total time for which application threads were stopped: 0,0001576 seconds, Stopping threads took: 0,0000544 seconds
2017-06-08T07:42:50.049+0200: 4,407: Total time for which application threads were stopped: 0,0005433 seconds, Stopping threads took: 0,0004264 seconds
2017-06-08T07:42:50.052+0200: 4,409: Total time for which application threads were stopped: 0,0001482 seconds, Stopping threads took: 0,0000408 seconds
2017-06-08T07:42:50.052+0200: 4,410: Total time for which application threads were stopped: 0,0001083 seconds, Stopping threads took: 0,0000214 seconds
2017-06-08T07:42:50.052+0200: 4,410: Total time for which application threads were stopped: 0,0001039 seconds, Stopping threads took: 0,0000424 seconds
2017-06-08T07:42:50.055+0200: 4,413: Total time for which application threads were stopped: 0,0001323 seconds, Stopping threads took: 0,0000238 seconds
2017-06-08T07:42:50.087+0200: 4,444: Total time for which application threads were stopped: 0,0002419 seconds, Stopping threads took: 0,0001188 seconds
2017-06-08T07:42:50.090+0200: 4,447: Total time for which application threads were stopped: 0,0001410 seconds, Stopping threads took: 0,0000485 seconds
2017-06-08T07:42:50.094+0200: 4,451: Total time for which application threads were stopped: 0,0002500 seconds, Stopping threads took: 0,0000507 seconds
2017-06-08T07:42:50.107+0200: 4,465: Total time for which application threads were stopped: 0,0002756 seconds, Stopping threads took: 0,0001809 seconds
2017-06-08T07:42:50.107+0200: 4,465: Total time for which application threads were stopped: 0,0001003 seconds, Stopping threads took: 0,0000394 seconds
2017-06-08T07:42:50.108+0200: 4,466: Total time for which application threads were stopped: 0,0003066 seconds, Stopping threads took: 0,0002123 seconds
2017-06-08T07:42:50.127+0200: 4,484: Total time for which application threads were stopped: 0,0002142 seconds, Stopping threads took: 0,0001428 seconds
2017-06-08T07:42:50.138+0200: 4,496: Total time for which application threads were stopped: 0,0001013 seconds, Stopping threads took: 0,0000242 seconds
2017-06-08T07:42:50.151+0200: 4,508: Total time for which application threads were stopped: 0,0001855 seconds, Stopping threads took: 0,0000512 seconds
2017-06-08T07:42:50.214+0200: 4,571: Total time for which application threads were stopped: 0,0005710 seconds, Stopping threads took: 0,0000393 seconds
2017-06-08T07:42:50.233+0200: 4,591: Total time for which application threads were stopped: 0,0005835 seconds, Stopping threads took: 0,0000427 seconds
2017-06-08T07:42:50.307+0200: 4,664: Total time for which application threads were stopped: 0,0033138 seconds, Stopping threads took: 0,0028987 seconds
2017-06-08T07:42:50.317+0200: 4,674: Total time for which application threads were stopped: 0,0002970 seconds, Stopping threads took: 0,0002150 seconds
2017-06-08T07:42:50.317+0200: 4,674: Total time for which application threads were stopped: 0,0000874 seconds, Stopping threads took: 0,0000262 seconds
2017-06-08T07:42:50.334+0200: 4,692: Total time for which application threads were stopped: 0,0001397 seconds, Stopping threads took: 0,0000276 seconds
2017-06-08T07:42:50.337+0200: 4,695: Total time for which application threads were stopped: 0,0001669 seconds, Stopping threads took: 0,0000748 seconds
2017-06-08T07:42:50.342+0200: 4,700: Total time for which application threads were stopped: 0,0031061 seconds, Stopping threads took: 0,0030268 seconds
2017-06-08T07:42:50.345+0200: 4,702: Total time for which application threads were stopped: 0,0001238 seconds, Stopping threads took: 0,0000582 seconds
2017-06-08T07:42:50.347+0200: 4,705: Total time for which application threads were stopped: 0,0001462 seconds, Stopping threads took: 0,0000601 seconds
2017-06-08T07:42:50.348+0200: 4,706: Total time for which application threads were stopped: 0,0001567 seconds, Stopping threads took: 0,0000609 seconds
2017-06-08T07:42:50.351+0200: 4,709: Total time for which application threads were stopped: 0,0001828 seconds, Stopping threads took: 0,0000425 seconds
2017-06-08T07:42:50.354+0200: 4,712: Total time for which application threads were stopped: 0,0016709 seconds, Stopping threads took: 0,0016103 seconds
2017-06-08T07:42:50.376+0200: 4,733: Total time for which application threads were stopped: 0,0003303 seconds, Stopping threads took: 0,0002506 seconds
2017-06-08T07:42:50.403+0200: 4,760: Total time for which application threads were stopped: 0,0001304 seconds, Stopping threads took: 0,0000598 seconds
2017-06-08T07:42:50.412+0200: 4,770: Total time for which application threads were stopped: 0,0001223 seconds, Stopping threads took: 0,0000506 seconds
2017-06-08T07:42:50.413+0200: 4,770: Total time for which application threads were stopped: 0,0003883 seconds, Stopping threads took: 0,0000267 seconds
2017-06-08T07:42:50.413+0200: 4,771: Total time for which application threads were stopped: 0,0001012 seconds, Stopping threads took: 0,0000396 seconds
2017-06-08T07:42:51.419+0200: 5,776: Total time for which application threads were stopped: 0,0002734 seconds, Stopping threads took: 0,0000626 seconds
2017-06-08T07:44:43.431+0200: 117,789: Total time for which application threads were stopped: 0,0000793 seconds, Stopping threads took: 0,0000334 seconds
2017-06-08T07:44:48.432+0200: 122,789: Total time for which application threads were stopped: 0,0000631 seconds, Stopping threads took: 0,0000158 seconds
2017-06-08T07:45:22.436+0200: 156,794: Total time for which application threads were stopped: 0,0000885 seconds, Stopping threads took: 0,0000329 seconds
2017-06-08T07:45:32.437+0200: 166,795: Total time for which application threads were stopped: 0,0000628 seconds, Stopping threads took: 0,0000162 seconds
{Heap before GC invocations=9 (full 1):
 par new generation   total 109248K, used 94069K [0x00000000e0000000, 0x00000000e8000000, 0x00000000e8000000)
  eden space 87424K, 100% used [0x00000000e0000000, 0x00000000e5560000, 0x00000000e5560000)
  from space 21824K,  30% used [0x00000000e6ab0000, 0x00000000e712d568, 0x00000000e8000000)
  to   space 21824K,   0% used [0x00000000e5560000, 0x00000000e5560000, 0x00000000e6ab0000)
 concurrent mark-sweep generation total 393216K, used 6060K [0x00000000e8000000, 0x0000000100000000, 0x0000000100000000)
 Metaspace       used 28029K, capacity 28522K, committed 28848K, reserved 1075200K
  class space    used 3208K, capacity 3380K, committed 3504K, reserved 1048576K
2017-06-08T07:45:41.627+0200: 175,985: [GC (Allocation Failure) 2017-06-08T07:45:41.627+0200: 175,985: [ParNew
Desired survivor size 20112992 bytes, new threshold 8 (max 8)
- age   1:   10981544 bytes,   10981544 total
- age   2:     407272 bytes,   11388816 total
- age   3:     224160 bytes,   11612976 total
- age   4:    1755936 bytes,   13368912 total
- age   5:      61792 bytes,   13430704 total
- age   6:      89968 bytes,   13520672 total
- age   7:        808 bytes,   13521480 total
- age   8:     183024 bytes,   13704504 total
: 94069K->14525K(109248K), 0,0196633 secs] 100129K->21391K(502464K), 0,0197155 secs] [Times: user=0,08 sys=0,00, real=0,02 secs] 
Heap after GC invocations=10 (full 1):
 par new generation   total 109248K, used 14525K [0x00000000e0000000, 0x00000000e8000000, 0x00000000e8000000)
  eden space 87424K,   0% used [0x00000000e0000000, 0x00000000e0000000, 0x00000000e5560000)
  from space 21824K,  66% used [0x00000000e5560000, 0x00000000e638f470, 0x00000000e6ab0000)
  to   space 21824K,   0% used [0x00000000e6ab0000, 0x00000000e6ab0000, 0x00000000e8000000)
 concurrent mark-sweep generation total 393216K, used 6866K [0x00000000e8000000, 0x0000000100000000, 0x0000000100000000)
 Metaspace       used 28029K, capacity 28522K, committed 28848K, reserved 1075200K
  class space    used 3208K, capacity 3380K, committed 3504K, reserved 1048576K
}
2017-06-08T07:45:41.647+0200: 176,005: Total time for which application threads were stopped: 0,0199060 seconds, Stopping threads took: 0,0000487 seconds
2017-06-08T07:45:41.653+0200: 176,011: Total time for which application threads were stopped: 0,0000574 seconds, Stopping threads took: 0,0000147 seconds
2017-06-08T07:45:41.653+0200: 176,011: Total time for which application threads were stopped: 0,0000396 seconds, Stopping threads took: 0,0000069 seconds
2017-06-08T07:45:46.654+0200: 181,012: Total time for which application threads were stopped: 0,0000983 seconds, Stopping threads took: 0,0000207 seconds
2017-06-08T07:47:21.666+0200: 276,024: Total time for which application threads were stopped: 0,0000902 seconds, Stopping threads took: 0,0000361 seconds
2017-06-08T08:06:16.836+0200: 1411,194: Total time for which application threads were stopped: 0,0002293 seconds, Stopping threads took: 0,0000765 seconds
2017-06-08T08:11:16.885+0200: 1711,242: Total time for which application threads were stopped: 0,0001738 seconds, Stopping threads took: 0,0000617 seconds
2017-06-08T08:21:06.982+0200: 2301,340: Total time for which application threads were stopped: 0,0002104 seconds, Stopping threads took: 0,0000634 seconds
2017-06-08T08:21:07.983+0200: 2302,340: Total time for which application threads were stopped: 0,0000724 seconds, Stopping threads took: 0,0000167 seconds
2017-06-08T08:36:03.133+0200: 3197,491: Total time for which application threads were stopped: 0,0001839 seconds, Stopping threads took: 0,0000720 seconds
2017-06-08T08:46:12.235+0200: 3806,592: Total time for which application threads were stopped: 0,0001922 seconds, Stopping threads took: 0,0000706 seconds
2017-06-08T08:46:17.236+0200: 3811,593: Total time for which application threads were stopped: 0,0001330 seconds, Stopping threads took: 0,0000290 seconds
2017-06-08T09:01:43.392+0200: 4737,750: Total time for which application threads were stopped: 0,0001652 seconds, Stopping threads took: 0,0000636 seconds
2017-06-08T09:02:08.397+0200: 4762,754: Total time for which application threads were stopped: 0,0001729 seconds, Stopping threads took: 0,0000623 seconds
2017-06-08T09:37:18.741+0200: 6873,099: Total time for which application threads were stopped: 0,0000965 seconds, Stopping threads took: 0,0000374 seconds
2017-06-08T09:45:17.809+0200: 7352,166: Total time for which application threads were stopped: 0,0000875 seconds, Stopping threads took: 0,0000341 seconds
2017-06-08T09:46:17.816+0200: 7412,174: Total time for which application threads were stopped: 0,0001181 seconds, Stopping threads took: 0,0000483 seconds
2017-06-08T09:50:47.841+0200: 7682,199: Total time for which application threads were stopped: 0,0001438 seconds, Stopping threads took: 0,0000480 seconds
2017-06-08T10:49:48.232+0200: 11222,590: Total time for which application threads were stopped: 0,0000814 seconds, Stopping threads took: 0,0000323 seconds
2017-06-08T10:55:18.274+0200: 11552,632: Total time for which application threads were stopped: 0,0001129 seconds, Stopping threads took: 0,0000363 seconds
2017-06-08T11:56:38.800+0200: 15233,157: Total time for which application threads were stopped: 0,0000654 seconds, Stopping threads took: 0,0000154 seconds
2017-06-08T11:58:47.813+0200: 15362,171: Total time for which application threads were stopped: 0,0000834 seconds, Stopping threads took: 0,0000317 seconds
2017-06-08T12:08:47.874+0200: 15962,231: Total time for which application threads were stopped: 0,0000853 seconds, Stopping threads took: 0,0000346 seconds
2017-06-08T13:36:56.841+0200: 21251,199: Total time for which application threads were stopped: 0,0504817 seconds, Stopping threads took: 0,0503859 seconds
2017-06-08T13:36:56.842+0200: 21251,200: Total time for which application threads were stopped: 0,0001008 seconds, Stopping threads took: 0,0000304 seconds
2017-06-08T13:36:56.843+0200: 21251,201: Total time for which application threads were stopped: 0,0001030 seconds, Stopping threads took: 0,0000348 seconds
2017-06-08T13:36:56.844+0200: 21251,202: Total time for which application threads were stopped: 0,0001002 seconds, Stopping threads took: 0,0000260 seconds
2017-06-08T13:36:56.851+0200: 21251,208: Total time for which application threads were stopped: 0,0001386 seconds, Stopping threads took: 0,0000526 seconds
2017-06-08T13:36:56.860+0200: 21251,218: Total time for which application threads were stopped: 0,0000994 seconds, Stopping threads took: 0,0000158 seconds
2017-06-08T13:36:56.860+0200: 21251,218: Total time for which application threads were stopped: 0,0000840 seconds, Stopping threads took: 0,0000196 seconds
2017-06-08T13:36:56.862+0200: 21251,220: Total time for which application threads were stopped: 0,0001924 seconds, Stopping threads took: 0,0000802 seconds
2017-06-08T13:36:56.862+0200: 21251,220: Total time for which application threads were stopped: 0,0000760 seconds, Stopping threads took: 0,0000211 seconds
2017-06-08T13:36:56.864+0200: 21251,221: Total time for which application threads were stopped: 0,0001199 seconds, Stopping threads took: 0,0000350 seconds
2017-06-08T13:36:56.864+0200: 21251,222: Total time for which application threads were stopped: 0,0000715 seconds, Stopping threads took: 0,0000171 seconds
2017-06-08T13:36:56.864+0200: 21251,222: Total time for which application threads were stopped: 0,0000649 seconds, Stopping threads took: 0,0000232 seconds
2017-06-08T13:36:56.864+0200: 21251,222: Total time for which application threads were stopped: 0,0000662 seconds, Stopping threads took: 0,0000189 seconds
2017-06-08T13:36:56.864+0200: 21251,222: Total time for which application threads were stopped: 0,0000806 seconds, Stopping threads took: 0,0000286 seconds
2017-06-08T13:36:56.865+0200: 21251,222: Total time for which application threads were stopped: 0,0000682 seconds, Stopping threads took: 0,0000219 seconds
2017-06-08T13:36:56.865+0200: 21251,222: Total time for which application threads were stopped: 0,0000611 seconds, Stopping threads took: 0,0000227 seconds
2017-06-08T13:36:56.865+0200: 21251,223: Total time for which application threads were stopped: 0,0005547 seconds, Stopping threads took: 0,0004936 seconds
2017-06-08T13:36:56.865+0200: 21251,223: Total time for which application threads were stopped: 0,0000549 seconds, Stopping threads took: 0,0000066 seconds
2017-06-08T13:36:56.865+0200: 21251,223: Total time for which application threads were stopped: 0,0000464 seconds, Stopping threads took: 0,0000088 seconds
2017-06-08T13:36:56.865+0200: 21251,223: Total time for which application threads were stopped: 0,0000365 seconds, Stopping threads took: 0,0000055 seconds
2017-06-08T13:36:56.866+0200: 21251,223: Total time for which application threads were stopped: 0,0000389 seconds, Stopping threads took: 0,0000048 seconds
2017-06-08T13:36:56.866+0200: 21251,223: Total time for which application threads were stopped: 0,0000421 seconds, Stopping threads took: 0,0000048 seconds
2017-06-08T13:36:56.866+0200: 21251,223: Total time for which application threads were stopped: 0,0000393 seconds, Stopping threads took: 0,0000049 seconds
2017-06-08T13:36:56.866+0200: 21251,223: Total time for which application threads were stopped: 0,0000360 seconds, Stopping threads took: 0,0000048 seconds
2017-06-08T13:36:56.866+0200: 21251,223: Total time for which application threads were stopped: 0,0000363 seconds, Stopping threads took: 0,0000047 seconds
2017-06-08T13:36:56.866+0200: 21251,224: Total time for which application threads were stopped: 0,0000695 seconds, Stopping threads took: 0,0000048 seconds
2017-06-08T13:36:56.870+0200: 21251,228: Total time for which application threads were stopped: 0,0001187 seconds, Stopping threads took: 0,0000165 seconds
2017-06-08T13:36:56.871+0200: 21251,228: Total time for which application threads were stopped: 0,0000418 seconds, Stopping threads took: 0,0000066 seconds
2017-06-08T13:36:56.871+0200: 21251,228: Total time for which application threads were stopped: 0,0000350 seconds, Stopping threads took: 0,0000048 seconds
2017-06-08T13:36:56.871+0200: 21251,228: Total time for which application threads were stopped: 0,0000384 seconds, Stopping threads took: 0,0000049 seconds
2017-06-08T13:36:56.871+0200: 21251,228: Total time for which application threads were stopped: 0,0000373 seconds, Stopping threads took: 0,0000048 seconds
2017-06-08T13:36:56.871+0200: 21251,228: Total time for which application threads were stopped: 0,0000362 seconds, Stopping threads took: 0,0000048 seconds
2017-06-08T13:36:56.893+0200: 21251,250: Total time for which application threads were stopped: 0,0001432 seconds, Stopping threads took: 0,0000508 seconds
2017-06-08T13:36:56.893+0200: 21251,251: Total time for which application threads were stopped: 0,0000818 seconds, Stopping threads took: 0,0000224 seconds
2017-06-08T13:36:56.893+0200: 21251,251: Total time for which application threads were stopped: 0,0000831 seconds, Stopping threads took: 0,0000216 seconds
2017-06-08T13:36:56.893+0200: 21251,251: Total time for which application threads were stopped: 0,0000705 seconds, Stopping threads took: 0,0000143 seconds
2017-06-08T13:36:56.893+0200: 21251,251: Total time for which application threads were stopped: 0,0000678 seconds, Stopping threads took: 0,0000147 seconds
2017-06-08T13:36:56.893+0200: 21251,251: Total time for which application threads were stopped: 0,0000539 seconds, Stopping threads took: 0,0000132 seconds
2017-06-08T13:36:56.894+0200: 21251,251: Total time for which application threads were stopped: 0,0000551 seconds, Stopping threads took: 0,0000155 seconds
2017-06-08T13:36:56.894+0200: 21251,251: Total time for which application threads were stopped: 0,0000498 seconds, Stopping threads took: 0,0000122 seconds
2017-06-08T13:36:56.894+0200: 21251,251: Total time for which application threads were stopped: 0,0000487 seconds, Stopping threads took: 0,0000126 seconds
2017-06-08T13:36:56.894+0200: 21251,251: Total time for which application threads were stopped: 0,0000528 seconds, Stopping threads took: 0,0000156 seconds
2017-06-08T13:36:56.898+0200: 21251,256: Total time for which application threads were stopped: 0,0001130 seconds, Stopping threads took: 0,0000322 seconds
2017-06-08T13:36:56.903+0200: 21251,260: Total time for which application threads were stopped: 0,0043730 seconds, Stopping threads took: 0,0000170 seconds
2017-06-08T13:36:56.903+0200: 21251,261: Total time for which application threads were stopped: 0,0001042 seconds, Stopping threads took: 0,0000299 seconds
2017-06-08T13:36:56.903+0200: 21251,261: Total time for which application threads were stopped: 0,0000673 seconds, Stopping threads took: 0,0000162 seconds
2017-06-08T13:36:56.903+0200: 21251,261: Total time for which application threads were stopped: 0,0000599 seconds, Stopping threads took: 0,0000135 seconds
2017-06-08T13:36:56.903+0200: 21251,261: Total time for which application threads were stopped: 0,0000490 seconds, Stopping threads took: 0,0000131 seconds
2017-06-08T13:36:56.906+0200: 21251,264: Total time for which application threads were stopped: 0,0001262 seconds, Stopping threads took: 0,0000277 seconds
2017-06-08T13:36:56.907+0200: 21251,264: Total time for which application threads were stopped: 0,0000909 seconds, Stopping threads took: 0,0000208 seconds
2017-06-08T13:36:56.907+0200: 21251,265: Total time for which application threads were stopped: 0,0000769 seconds, Stopping threads took: 0,0000211 seconds
2017-06-08T13:36:56.915+0200: 21251,273: Total time for which application threads were stopped: 0,0015309 seconds, Stopping threads took: 0,0014420 seconds
2017-06-08T13:36:56.915+0200: 21251,273: Total time for which application threads were stopped: 0,0000893 seconds, Stopping threads took: 0,0000259 seconds
2017-06-08T13:36:56.926+0200: 21251,284: Total time for which application threads were stopped: 0,0001371 seconds, Stopping threads took: 0,0000288 seconds
2017-06-08T13:36:56.926+0200: 21251,284: Total time for which application threads were stopped: 0,0001485 seconds, Stopping threads took: 0,0000200 seconds
2017-06-08T13:36:56.927+0200: 21251,284: Total time for which application threads were stopped: 0,0000694 seconds, Stopping threads took: 0,0000179 seconds
2017-06-08T13:36:56.927+0200: 21251,284: Total time for which application threads were stopped: 0,0000610 seconds, Stopping threads took: 0,0000158 seconds
2017-06-08T13:36:56.935+0200: 21251,292: Total time for which application threads were stopped: 0,0001130 seconds, Stopping threads took: 0,0000183 seconds
2017-06-08T13:36:56.938+0200: 21251,295: Total time for which application threads were stopped: 0,0031246 seconds, Stopping threads took: 0,0030477 seconds
2017-06-08T13:36:56.938+0200: 21251,296: Total time for which application threads were stopped: 0,0000661 seconds, Stopping threads took: 0,0000209 seconds
2017-06-08T13:36:56.939+0200: 21251,297: Total time for which application threads were stopped: 0,0008520 seconds, Stopping threads took: 0,0007740 seconds
2017-06-08T13:36:56.940+0200: 21251,298: Total time for which application threads were stopped: 0,0001247 seconds, Stopping threads took: 0,0000477 seconds
2017-06-08T13:36:56.943+0200: 21251,301: Total time for which application threads were stopped: 0,0001155 seconds, Stopping threads took: 0,0000344 seconds
2017-06-08T13:36:56.943+0200: 21251,301: Total time for which application threads were stopped: 0,0000740 seconds, Stopping threads took: 0,0000229 seconds
2017-06-08T13:36:56.953+0200: 21251,310: Total time for which application threads were stopped: 0,0096032 seconds, Stopping threads took: 0,0094982 seconds
2017-06-08T13:36:56.954+0200: 21251,311: Total time for which application threads were stopped: 0,0000935 seconds, Stopping threads took: 0,0000247 seconds
2017-06-08T13:36:56.954+0200: 21251,312: Total time for which application threads were stopped: 0,0000596 seconds, Stopping threads took: 0,0000107 seconds
2017-06-08T13:36:56.954+0200: 21251,312: Total time for which application threads were stopped: 0,0001655 seconds, Stopping threads took: 0,0000077 seconds
2017-06-08T13:36:56.956+0200: 21251,314: Total time for which application threads were stopped: 0,0001283 seconds, Stopping threads took: 0,0000295 seconds
2017-06-08T13:36:56.973+0200: 21251,330: Total time for which application threads were stopped: 0,0001052 seconds, Stopping threads took: 0,0000336 seconds
2017-06-08T13:36:56.973+0200: 21251,330: Total time for which application threads were stopped: 0,0000973 seconds, Stopping threads took: 0,0000166 seconds
Heap
 par new generation   total 109248K, used 37487K [0x00000000e0000000, 0x00000000e8000000, 0x00000000e8000000)
  eden space 87424K,  26% used [0x00000000e0000000, 0x00000000e166c9a0, 0x00000000e5560000)
  from space 21824K,  66% used [0x00000000e5560000, 0x00000000e638f470, 0x00000000e6ab0000)
  to   space 21824K,   0% used [0x00000000e6ab0000, 0x00000000e6ab0000, 0x00000000e8000000)
 concurrent mark-sweep generation total 393216K, used 6866K [0x00000000e8000000, 0x0000000100000000, 0x0000000100000000)
 Metaspace       used 28189K, capacity 28690K, committed 28848K, reserved 1075200K
  class space    used 3223K, capacity 3414K, committed 3504K, reserved 1048576K
