OpenJDK 64-Bit Server VM (25.111-b14) for linux-amd64 JRE (1.8.0_111-8u111-b14-2ubuntu0.16.04.2-b14), built on Oct 27 2016 18:10:19 by "buildd" with gcc 5.4.0 20160609
Memory: 4k page, physical 7867848k(7452692k free), swap 8076284k(8076284k free)
CommandLine flags: -XX:CMSInitiatingOccupancyFraction=50 -XX:CMSMaxAbortablePrecleanTime=6000 -XX:+CMSParallelRemarkEnabled -XX:+CMSScavengeBeforeRemark -XX:ConcGCThreads=4 -XX:InitialHeapSize=536870912 -XX:MaxHeapSize=536870912 -XX:MaxTenuringThreshold=8 -XX:NewRatio=3 -XX:OldPLABSize=16 -XX:OnOutOfMemoryError=/opt/solr/bin/oom_solr.sh 8983 /var/solr/logs -XX:ParallelGCThreads=4 -XX:+ParallelRefProcEnabled -XX:PretenureSizeThreshold=67108864 -XX:+PrintGC -XX:+PrintGCApplicationStoppedTime -XX:+PrintGCDateStamps -XX:+PrintGCDetails -XX:+PrintGCTimeStamps -XX:+PrintHeapAtGC -XX:+PrintTenuringDistribution -XX:SurvivorRatio=4 -XX:TargetSurvivorRatio=90 -XX:ThreadStackSize=256 -XX:+UseCMSInitiatingOccupancyOnly -XX:+UseCompressedClassPointers -XX:+UseCompressedOops -XX:+UseConcMarkSweepGC -XX:+UseParNewGC 
2016-11-22T06:07:47.273+0100: 0,117: Total time for which application threads were stopped: 0,0000764 seconds, Stopping threads took: 0,0000144 seconds
2016-11-22T06:07:47.343+0100: 0,187: Total time for which application threads were stopped: 0,0001250 seconds, Stopping threads took: 0,0000163 seconds
2016-11-22T06:07:47.355+0100: 0,200: Total time for which application threads were stopped: 0,0000872 seconds, Stopping threads took: 0,0000137 seconds
2016-11-22T06:07:47.539+0100: 0,383: Total time for which application threads were stopped: 0,0001330 seconds, Stopping threads took: 0,0000177 seconds
2016-11-22T06:07:47.861+0100: 0,705: Total time for which application threads were stopped: 0,0002099 seconds, Stopping threads took: 0,0000239 seconds
2016-11-22T06:07:48.009+0100: 0,854: Total time for which application threads were stopped: 0,0001933 seconds, Stopping threads took: 0,0000247 seconds
2016-11-22T06:07:48.037+0100: 0,881: Total time for which application threads were stopped: 0,0001871 seconds, Stopping threads took: 0,0000247 seconds
2016-11-22T06:07:48.342+0100: 1,186: Total time for which application threads were stopped: 0,0001756 seconds, Stopping threads took: 0,0000186 seconds
2016-11-22T06:07:48.502+0100: 1,346: Total time for which application threads were stopped: 0,0002068 seconds, Stopping threads took: 0,0000235 seconds
2016-11-22T06:07:48.534+0100: 1,378: Total time for which application threads were stopped: 0,0002948 seconds, Stopping threads took: 0,0000224 seconds
2016-11-22T06:07:48.536+0100: 1,380: Total time for which application threads were stopped: 0,0001730 seconds, Stopping threads took: 0,0000136 seconds
2016-11-22T06:07:48.553+0100: 1,397: Total time for which application threads were stopped: 0,0001996 seconds, Stopping threads took: 0,0000171 seconds
2016-11-22T06:07:48.690+0100: 1,535: Total time for which application threads were stopped: 0,0002025 seconds, Stopping threads took: 0,0000199 seconds
2016-11-22T06:07:48.897+0100: 1,742: Total time for which application threads were stopped: 0,0002688 seconds, Stopping threads took: 0,0000754 seconds
{Heap before GC invocations=0 (full 0):
 par new generation   total 109248K, used 87424K [0x00000000e0000000, 0x00000000e8000000, 0x00000000e8000000)
  eden space 87424K, 100% used [0x00000000e0000000, 0x00000000e5560000, 0x00000000e5560000)
  from space 21824K,   0% used [0x00000000e5560000, 0x00000000e5560000, 0x00000000e6ab0000)
  to   space 21824K,   0% used [0x00000000e6ab0000, 0x00000000e6ab0000, 0x00000000e8000000)
 concurrent mark-sweep generation total 393216K, used 0K [0x00000000e8000000, 0x0000000100000000, 0x0000000100000000)
 Metaspace       used 18084K, capacity 18366K, committed 18560K, reserved 1064960K
  class space    used 2053K, capacity 2162K, committed 2176K, reserved 1048576K
2016-11-22T06:07:49.078+0100: 1,922: [GC (Allocation Failure) 2016-11-22T06:07:49.078+0100: 1,922: [ParNew
Desired survivor size 20112992 bytes, new threshold 8 (max 8)
- age   1:   12330416 bytes,   12330416 total
: 87424K->12155K(109248K), 0,0253184 secs] 87424K->12155K(502464K), 0,0255402 secs] [Times: user=0,05 sys=0,04, real=0,02 secs] 
Heap after GC invocations=1 (full 0):
 par new generation   total 109248K, used 12155K [0x00000000e0000000, 0x00000000e8000000, 0x00000000e8000000)
  eden space 87424K,   0% used [0x00000000e0000000, 0x00000000e0000000, 0x00000000e5560000)
  from space 21824K,  55% used [0x00000000e6ab0000, 0x00000000e768eeb0, 0x00000000e8000000)
  to   space 21824K,   0% used [0x00000000e5560000, 0x00000000e5560000, 0x00000000e6ab0000)
 concurrent mark-sweep generation total 393216K, used 0K [0x00000000e8000000, 0x0000000100000000, 0x0000000100000000)
 Metaspace       used 18084K, capacity 18366K, committed 18560K, reserved 1064960K
  class space    used 2053K, capacity 2162K, committed 2176K, reserved 1048576K
}
2016-11-22T06:07:49.103+0100: 1,948: Total time for which application threads were stopped: 0,0258082 seconds, Stopping threads took: 0,0000162 seconds
2016-11-22T06:07:49.331+0100: 2,175: Total time for which application threads were stopped: 0,0003469 seconds, Stopping threads took: 0,0000437 seconds
2016-11-22T06:07:49.364+0100: 2,208: Total time for which application threads were stopped: 0,0003700 seconds, Stopping threads took: 0,0000425 seconds
2016-11-22T06:07:49.393+0100: 2,237: Total time for which application threads were stopped: 0,0003667 seconds, Stopping threads took: 0,0000408 seconds
{Heap before GC invocations=1 (full 0):
 par new generation   total 109248K, used 99579K [0x00000000e0000000, 0x00000000e8000000, 0x00000000e8000000)
  eden space 87424K, 100% used [0x00000000e0000000, 0x00000000e5560000, 0x00000000e5560000)
  from space 21824K,  55% used [0x00000000e6ab0000, 0x00000000e768eeb0, 0x00000000e8000000)
  to   space 21824K,   0% used [0x00000000e5560000, 0x00000000e5560000, 0x00000000e6ab0000)
 concurrent mark-sweep generation total 393216K, used 0K [0x00000000e8000000, 0x0000000100000000, 0x0000000100000000)
 Metaspace       used 20724K, capacity 21020K, committed 21248K, reserved 1069056K
  class space    used 2404K, capacity 2518K, committed 2560K, reserved 1048576K
2016-11-22T06:07:49.565+0100: 2,410: [GC (Allocation Failure) 2016-11-22T06:07:49.566+0100: 2,410: [ParNew
Desired survivor size 20112992 bytes, new threshold 8 (max 8)
- age   1:    2906344 bytes,    2906344 total
- age   2:    6112056 bytes,    9018400 total
: 99579K->13100K(109248K), 0,0099047 secs] 99579K->13100K(502464K), 0,0099842 secs] [Times: user=0,04 sys=0,00, real=0,02 secs] 
Heap after GC invocations=2 (full 0):
 par new generation   total 109248K, used 13100K [0x00000000e0000000, 0x00000000e8000000, 0x00000000e8000000)
  eden space 87424K,   0% used [0x00000000e0000000, 0x00000000e0000000, 0x00000000e5560000)
  from space 21824K,  60% used [0x00000000e5560000, 0x00000000e622b0b0, 0x00000000e6ab0000)
  to   space 21824K,   0% used [0x00000000e6ab0000, 0x00000000e6ab0000, 0x00000000e8000000)
 concurrent mark-sweep generation total 393216K, used 0K [0x00000000e8000000, 0x0000000100000000, 0x0000000100000000)
 Metaspace       used 20724K, capacity 21020K, committed 21248K, reserved 1069056K
  class space    used 2404K, capacity 2518K, committed 2560K, reserved 1048576K
}
2016-11-22T06:07:49.576+0100: 2,420: Total time for which application threads were stopped: 0,0102733 seconds, Stopping threads took: 0,0000913 seconds
2016-11-22T06:07:49.636+0100: 2,480: Total time for which application threads were stopped: 0,0000740 seconds, Stopping threads took: 0,0000134 seconds
2016-11-22T06:07:49.669+0100: 2,513: Total time for which application threads were stopped: 0,0000847 seconds, Stopping threads took: 0,0000184 seconds
2016-11-22T06:07:49.670+0100: 2,514: Total time for which application threads were stopped: 0,0002527 seconds, Stopping threads took: 0,0000331 seconds
2016-11-22T06:07:49.694+0100: 2,539: Total time for which application threads were stopped: 0,0000779 seconds, Stopping threads took: 0,0000156 seconds
2016-11-22T06:07:49.778+0100: 2,622: Total time for which application threads were stopped: 0,0001195 seconds, Stopping threads took: 0,0000223 seconds
2016-11-22T06:07:49.798+0100: 2,642: Total time for which application threads were stopped: 0,0000835 seconds, Stopping threads took: 0,0000210 seconds
2016-11-22T06:07:49.806+0100: 2,650: Total time for which application threads were stopped: 0,0002874 seconds, Stopping threads took: 0,0000183 seconds
2016-11-22T06:07:49.813+0100: 2,657: Total time for which application threads were stopped: 0,0002647 seconds, Stopping threads took: 0,0000132 seconds
2016-11-22T06:07:49.821+0100: 2,665: Total time for which application threads were stopped: 0,0000933 seconds, Stopping threads took: 0,0000297 seconds
2016-11-22T06:07:49.849+0100: 2,693: Total time for which application threads were stopped: 0,0001025 seconds, Stopping threads took: 0,0000322 seconds
2016-11-22T06:07:49.866+0100: 2,710: Total time for which application threads were stopped: 0,0000723 seconds, Stopping threads took: 0,0000147 seconds
2016-11-22T06:07:49.887+0100: 2,731: Total time for which application threads were stopped: 0,0000860 seconds, Stopping threads took: 0,0000157 seconds
2016-11-22T06:07:49.909+0100: 2,753: Total time for which application threads were stopped: 0,0000750 seconds, Stopping threads took: 0,0000137 seconds
2016-11-22T06:07:49.940+0100: 2,784: Total time for which application threads were stopped: 0,0001556 seconds, Stopping threads took: 0,0000614 seconds
2016-11-22T06:07:49.998+0100: 2,842: Total time for which application threads were stopped: 0,0001199 seconds, Stopping threads took: 0,0000429 seconds
2016-11-22T06:07:50.021+0100: 2,865: Total time for which application threads were stopped: 0,0001133 seconds, Stopping threads took: 0,0000313 seconds
{Heap before GC invocations=2 (full 0):
 par new generation   total 109248K, used 100524K [0x00000000e0000000, 0x00000000e8000000, 0x00000000e8000000)
  eden space 87424K, 100% used [0x00000000e0000000, 0x00000000e5560000, 0x00000000e5560000)
  from space 21824K,  60% used [0x00000000e5560000, 0x00000000e622b0b0, 0x00000000e6ab0000)
  to   space 21824K,   0% used [0x00000000e6ab0000, 0x00000000e6ab0000, 0x00000000e8000000)
 concurrent mark-sweep generation total 393216K, used 0K [0x00000000e8000000, 0x0000000100000000, 0x0000000100000000)
 Metaspace       used 24865K, capacity 25221K, committed 25536K, reserved 1071104K
  class space    used 2897K, capacity 3025K, committed 3144K, reserved 1048576K
2016-11-22T06:07:50.045+0100: 2,890: [GC (Allocation Failure) 2016-11-22T06:07:50.045+0100: 2,890: [ParNew
Desired survivor size 20112992 bytes, new threshold 8 (max 8)
- age   1:    6691432 bytes,    6691432 total
- age   2:     547856 bytes,    7239288 total
- age   3:    6099232 bytes,   13338520 total
: 100524K->15522K(109248K), 0,0123743 secs] 100524K->15522K(502464K), 0,0124554 secs] [Times: user=0,05 sys=0,00, real=0,02 secs] 
Heap after GC invocations=3 (full 0):
 par new generation   total 109248K, used 15522K [0x00000000e0000000, 0x00000000e8000000, 0x00000000e8000000)
  eden space 87424K,   0% used [0x00000000e0000000, 0x00000000e0000000, 0x00000000e5560000)
  from space 21824K,  71% used [0x00000000e6ab0000, 0x00000000e79d8860, 0x00000000e8000000)
  to   space 21824K,   0% used [0x00000000e5560000, 0x00000000e5560000, 0x00000000e6ab0000)
 concurrent mark-sweep generation total 393216K, used 0K [0x00000000e8000000, 0x0000000100000000, 0x0000000100000000)
 Metaspace       used 24865K, capacity 25221K, committed 25536K, reserved 1071104K
  class space    used 2897K, capacity 3025K, committed 3144K, reserved 1048576K
}
2016-11-22T06:07:50.058+0100: 2,902: Total time for which application threads were stopped: 0,0126196 seconds, Stopping threads took: 0,0000289 seconds
2016-11-22T06:07:50.058+0100: 2,902: [GC (CMS Initial Mark) [1 CMS-initial-mark: 0K(393216K)] 16925K(502464K), 0,0040160 secs] [Times: user=0,01 sys=0,00, real=0,00 secs] 
2016-11-22T06:07:50.062+0100: 2,906: Total time for which application threads were stopped: 0,0042673 seconds, Stopping threads took: 0,0001672 seconds
2016-11-22T06:07:50.062+0100: 2,906: [CMS-concurrent-mark-start]
2016-11-22T06:07:50.067+0100: 2,911: [CMS-concurrent-mark: 0,005/0,005 secs] [Times: user=0,01 sys=0,01, real=0,01 secs] 
2016-11-22T06:07:50.067+0100: 2,911: [CMS-concurrent-preclean-start]
2016-11-22T06:07:50.068+0100: 2,912: [CMS-concurrent-preclean: 0,001/0,001 secs] [Times: user=0,01 sys=0,00, real=0,00 secs] 
2016-11-22T06:07:50.068+0100: 2,912: [GC (CMS Final Remark) [YG occupancy: 16925 K (109248 K)]{Heap before GC invocations=3 (full 1):
 par new generation   total 109248K, used 16925K [0x00000000e0000000, 0x00000000e8000000, 0x00000000e8000000)
  eden space 87424K,   1% used [0x00000000e0000000, 0x00000000e015ec78, 0x00000000e5560000)
  from space 21824K,  71% used [0x00000000e6ab0000, 0x00000000e79d8860, 0x00000000e8000000)
  to   space 21824K,   0% used [0x00000000e5560000, 0x00000000e5560000, 0x00000000e6ab0000)
 concurrent mark-sweep generation total 393216K, used 0K [0x00000000e8000000, 0x0000000100000000, 0x0000000100000000)
 Metaspace       used 24939K, capacity 25317K, committed 25536K, reserved 1071104K
  class space    used 2905K, capacity 3057K, committed 3144K, reserved 1048576K
2016-11-22T06:07:50.068+0100: 2,913: [GC (CMS Final Remark) 2016-11-22T06:07:50.068+0100: 2,913: [ParNew
Desired survivor size 20112992 bytes, new threshold 8 (max 8)
- age   1:      82264 bytes,      82264 total
- age   2:    3148416 bytes,    3230680 total
- age   3:     547664 bytes,    3778344 total
- age   4:    6094656 bytes,    9873000 total
: 16925K->16588K(109248K), 0,0111549 secs] 16925K->16588K(502464K), 0,0112038 secs] [Times: user=0,04 sys=0,00, real=0,01 secs] 
Heap after GC invocations=4 (full 1):
 par new generation   total 109248K, used 16588K [0x00000000e0000000, 0x00000000e8000000, 0x00000000e8000000)
  eden space 87424K,   0% used [0x00000000e0000000, 0x00000000e0000000, 0x00000000e5560000)
  from space 21824K,  76% used [0x00000000e5560000, 0x00000000e6593170, 0x00000000e6ab0000)
  to   space 21824K,   0% used [0x00000000e6ab0000, 0x00000000e6ab0000, 0x00000000e8000000)
 concurrent mark-sweep generation total 393216K, used 0K [0x00000000e8000000, 0x0000000100000000, 0x0000000100000000)
 Metaspace       used 24939K, capacity 25317K, committed 25536K, reserved 1071104K
  class space    used 2905K, capacity 3057K, committed 3144K, reserved 1048576K
}
2016-11-22T06:07:50.080+0100: 2,924: [Rescan (parallel) , 0,0041618 secs]2016-11-22T06:07:50.084+0100: 2,928: [weak refs processing, 0,0011027 secs]2016-11-22T06:07:50.085+0100: 2,929: [class unloading, 0,0031812 secs]2016-11-22T06:07:50.088+0100: 2,932: [scrub symbol table, 0,0034161 secs]2016-11-22T06:07:50.092+0100: 2,936: [scrub string table, 0,0004103 secs][1 CMS-remark: 0K(393216K)] 16588K(502464K), 0,0242337 secs] [Times: user=0,06 sys=0,00, real=0,02 secs] 
2016-11-22T06:07:50.093+0100: 2,937: Total time for which application threads were stopped: 0,0243691 seconds, Stopping threads took: 0,0000578 seconds
2016-11-22T06:07:50.093+0100: 2,937: [CMS-concurrent-sweep-start]
2016-11-22T06:07:50.093+0100: 2,937: [CMS-concurrent-sweep: 0,000/0,000 secs] [Times: user=0,00 sys=0,00, real=0,00 secs] 
2016-11-22T06:07:50.093+0100: 2,937: [CMS-concurrent-reset-start]
2016-11-22T06:07:50.095+0100: 2,939: [CMS-concurrent-reset: 0,002/0,002 secs] [Times: user=0,02 sys=0,00, real=0,01 secs] 
2016-11-22T06:07:50.138+0100: 2,982: Total time for which application threads were stopped: 0,0003656 seconds, Stopping threads took: 0,0000279 seconds
2016-11-22T06:07:50.150+0100: 2,995: Total time for which application threads were stopped: 0,0003373 seconds, Stopping threads took: 0,0000237 seconds
2016-11-22T06:07:51.151+0100: 3,995: Total time for which application threads were stopped: 0,0000894 seconds, Stopping threads took: 0,0000198 seconds
2016-11-22T06:07:51.214+0100: 4,058: Total time for which application threads were stopped: 0,0002312 seconds, Stopping threads took: 0,0000162 seconds
2016-11-22T06:10:28.753+0100: 162,075: Total time for which application threads were stopped: 0,0000820 seconds, Stopping threads took: 0,0000361 seconds
2016-11-22T06:10:33.753+0100: 167,076: Total time for which application threads were stopped: 0,0000620 seconds, Stopping threads took: 0,0000164 seconds
2016-11-22T06:11:43.762+0100: 237,085: Total time for which application threads were stopped: 0,0000803 seconds, Stopping threads took: 0,0000345 seconds
2016-11-22T06:12:33.768+0100: 287,091: Total time for which application threads were stopped: 0,0000742 seconds, Stopping threads took: 0,0000326 seconds
2016-11-22T06:13:08.772+0100: 322,095: Total time for which application threads were stopped: 0,0000939 seconds, Stopping threads took: 0,0000375 seconds
2016-11-22T06:15:01.928+0100: 435,251: Total time for which application threads were stopped: 0,0001530 seconds, Stopping threads took: 0,0000258 seconds
Heap
 par new generation   total 109248K, used 60186K [0x00000000e0000000, 0x00000000e8000000, 0x00000000e8000000)
  eden space 87424K,  49% used [0x00000000e0000000, 0x00000000e2a937f0, 0x00000000e5560000)
  from space 21824K,  76% used [0x00000000e5560000, 0x00000000e6593170, 0x00000000e6ab0000)
  to   space 21824K,   0% used [0x00000000e6ab0000, 0x00000000e6ab0000, 0x00000000e8000000)
 concurrent mark-sweep generation total 393216K, used 0K [0x00000000e8000000, 0x0000000100000000, 0x0000000100000000)
 Metaspace       used 27168K, capacity 27595K, committed 27976K, reserved 1073152K
  class space    used 3161K, capacity 3320K, committed 3400K, reserved 1048576K
