OpenJDK 64-Bit Server VM (25.111-b14) for linux-amd64 JRE (1.8.0_111-8u111-b14-2ubuntu0.16.04.2-b14), built on Oct 27 2016 18:10:19 by "buildd" with gcc 5.4.0 20160609
Memory: 4k page, physical 7867840k(7462976k free), swap 8076284k(8076284k free)
CommandLine flags: -XX:CMSInitiatingOccupancyFraction=50 -XX:CMSMaxAbortablePrecleanTime=6000 -XX:+CMSParallelRemarkEnabled -XX:+CMSScavengeBeforeRemark -XX:ConcGCThreads=4 -XX:InitialHeapSize=536870912 -XX:MaxHeapSize=536870912 -XX:MaxTenuringThreshold=8 -XX:NewRatio=3 -XX:OldPLABSize=16 -XX:OnOutOfMemoryError=/opt/solr/bin/oom_solr.sh 8983 /var/solr/logs -XX:ParallelGCThreads=4 -XX:+ParallelRefProcEnabled -XX:PretenureSizeThreshold=67108864 -XX:+PrintGC -XX:+PrintGCApplicationStoppedTime -XX:+PrintGCDateStamps -XX:+PrintGCDetails -XX:+PrintGCTimeStamps -XX:+PrintHeapAtGC -XX:+PrintTenuringDistribution -XX:SurvivorRatio=4 -XX:TargetSurvivorRatio=90 -XX:ThreadStackSize=256 -XX:+UseCMSInitiatingOccupancyOnly -XX:+UseCompressedClassPointers -XX:+UseCompressedOops -XX:+UseConcMarkSweepGC -XX:+UseParNewGC 
2016-12-04T16:26:40.966+0100: 0,119: Total time for which application threads were stopped: 0,0000861 seconds, Stopping threads took: 0,0000222 seconds
2016-12-04T16:26:41.050+0100: 0,203: Total time for which application threads were stopped: 0,0001225 seconds, Stopping threads took: 0,0000185 seconds
2016-12-04T16:26:41.074+0100: 0,227: Total time for which application threads were stopped: 0,0001041 seconds, Stopping threads took: 0,0000207 seconds
2016-12-04T16:26:41.269+0100: 0,421: Total time for which application threads were stopped: 0,0001421 seconds, Stopping threads took: 0,0000173 seconds
2016-12-04T16:26:41.997+0100: 1,149: Total time for which application threads were stopped: 0,0001574 seconds, Stopping threads took: 0,0000214 seconds
2016-12-04T16:26:42.066+0100: 1,219: Total time for which application threads were stopped: 0,0002208 seconds, Stopping threads took: 0,0000464 seconds
2016-12-04T16:26:42.100+0100: 1,252: Total time for which application threads were stopped: 0,0002013 seconds, Stopping threads took: 0,0000231 seconds
2016-12-04T16:26:42.353+0100: 1,506: Total time for which application threads were stopped: 0,0002150 seconds, Stopping threads took: 0,0000290 seconds
2016-12-04T16:26:42.563+0100: 1,716: Total time for which application threads were stopped: 0,0009950 seconds, Stopping threads took: 0,0002128 seconds
2016-12-04T16:26:42.590+0100: 1,743: Total time for which application threads were stopped: 0,0001703 seconds, Stopping threads took: 0,0000198 seconds
2016-12-04T16:26:42.591+0100: 1,744: Total time for which application threads were stopped: 0,0001050 seconds, Stopping threads took: 0,0000181 seconds
2016-12-04T16:26:42.606+0100: 1,759: Total time for which application threads were stopped: 0,0001764 seconds, Stopping threads took: 0,0000225 seconds
2016-12-04T16:26:42.707+0100: 1,859: Total time for which application threads were stopped: 0,0001973 seconds, Stopping threads took: 0,0000239 seconds
2016-12-04T16:26:42.895+0100: 2,048: Total time for which application threads were stopped: 0,0003968 seconds, Stopping threads took: 0,0002015 seconds
{Heap before GC invocations=0 (full 0):
 par new generation   total 109248K, used 87424K [0x00000000e0000000, 0x00000000e8000000, 0x00000000e8000000)
  eden space 87424K, 100% used [0x00000000e0000000, 0x00000000e5560000, 0x00000000e5560000)
  from space 21824K,   0% used [0x00000000e5560000, 0x00000000e5560000, 0x00000000e6ab0000)
  to   space 21824K,   0% used [0x00000000e6ab0000, 0x00000000e6ab0000, 0x00000000e8000000)
 concurrent mark-sweep generation total 393216K, used 0K [0x00000000e8000000, 0x0000000100000000, 0x0000000100000000)
 Metaspace       used 18370K, capacity 18686K, committed 18944K, reserved 1067008K
  class space    used 2090K, capacity 2226K, committed 2304K, reserved 1048576K
2016-12-04T16:26:43.024+0100: 2,177: [GC (Allocation Failure) 2016-12-04T16:26:43.024+0100: 2,177: [ParNew
Desired survivor size 20112992 bytes, new threshold 8 (max 8)
- age   1:   12577904 bytes,   12577904 total
: 87424K->12408K(109248K), 0,0186115 secs] 87424K->12408K(502464K), 0,0187049 secs] [Times: user=0,03 sys=0,03, real=0,02 secs] 
Heap after GC invocations=1 (full 0):
 par new generation   total 109248K, used 12408K [0x00000000e0000000, 0x00000000e8000000, 0x00000000e8000000)
  eden space 87424K,   0% used [0x00000000e0000000, 0x00000000e0000000, 0x00000000e5560000)
  from space 21824K,  56% used [0x00000000e6ab0000, 0x00000000e76ce2b0, 0x00000000e8000000)
  to   space 21824K,   0% used [0x00000000e5560000, 0x00000000e5560000, 0x00000000e6ab0000)
 concurrent mark-sweep generation total 393216K, used 0K [0x00000000e8000000, 0x0000000100000000, 0x0000000100000000)
 Metaspace       used 18370K, capacity 18686K, committed 18944K, reserved 1067008K
  class space    used 2090K, capacity 2226K, committed 2304K, reserved 1048576K
}
2016-12-04T16:26:43.043+0100: 2,195: Total time for which application threads were stopped: 0,0188899 seconds, Stopping threads took: 0,0000199 seconds
2016-12-04T16:26:43.196+0100: 2,349: Total time for which application threads were stopped: 0,0003514 seconds, Stopping threads took: 0,0000441 seconds
2016-12-04T16:26:43.229+0100: 2,382: Total time for which application threads were stopped: 0,0003628 seconds, Stopping threads took: 0,0000390 seconds
2016-12-04T16:26:43.257+0100: 2,410: Total time for which application threads were stopped: 0,0003690 seconds, Stopping threads took: 0,0000568 seconds
{Heap before GC invocations=1 (full 0):
 par new generation   total 109248K, used 99832K [0x00000000e0000000, 0x00000000e8000000, 0x00000000e8000000)
  eden space 87424K, 100% used [0x00000000e0000000, 0x00000000e5560000, 0x00000000e5560000)
  from space 21824K,  56% used [0x00000000e6ab0000, 0x00000000e76ce2b0, 0x00000000e8000000)
  to   space 21824K,   0% used [0x00000000e5560000, 0x00000000e5560000, 0x00000000e6ab0000)
 concurrent mark-sweep generation total 393216K, used 0K [0x00000000e8000000, 0x0000000100000000, 0x0000000100000000)
 Metaspace       used 20735K, capacity 21084K, committed 21248K, reserved 1069056K
  class space    used 2403K, capacity 2518K, committed 2560K, reserved 1048576K
2016-12-04T16:26:43.428+0100: 2,580: [GC (Allocation Failure) 2016-12-04T16:26:43.428+0100: 2,580: [ParNew
Desired survivor size 20112992 bytes, new threshold 8 (max 8)
- age   1:    2800688 bytes,    2800688 total
- age   2:    6138888 bytes,    8939576 total
: 99832K->13346K(109248K), 0,0127924 secs] 99832K->13346K(502464K), 0,0128608 secs] [Times: user=0,04 sys=0,00, real=0,01 secs] 
Heap after GC invocations=2 (full 0):
 par new generation   total 109248K, used 13346K [0x00000000e0000000, 0x00000000e8000000, 0x00000000e8000000)
  eden space 87424K,   0% used [0x00000000e0000000, 0x00000000e0000000, 0x00000000e5560000)
  from space 21824K,  61% used [0x00000000e5560000, 0x00000000e62688d8, 0x00000000e6ab0000)
  to   space 21824K,   0% used [0x00000000e6ab0000, 0x00000000e6ab0000, 0x00000000e8000000)
 concurrent mark-sweep generation total 393216K, used 0K [0x00000000e8000000, 0x0000000100000000, 0x0000000100000000)
 Metaspace       used 20735K, capacity 21084K, committed 21248K, reserved 1069056K
  class space    used 2403K, capacity 2518K, committed 2560K, reserved 1048576K
}
2016-12-04T16:26:43.441+0100: 2,593: Total time for which application threads were stopped: 0,0130536 seconds, Stopping threads took: 0,0000285 seconds
2016-12-04T16:26:43.497+0100: 2,650: Total time for which application threads were stopped: 0,0000750 seconds, Stopping threads took: 0,0000162 seconds
2016-12-04T16:26:43.530+0100: 2,682: Total time for which application threads were stopped: 0,0000724 seconds, Stopping threads took: 0,0000134 seconds
2016-12-04T16:26:43.530+0100: 2,683: Total time for which application threads were stopped: 0,0002248 seconds, Stopping threads took: 0,0000087 seconds
2016-12-04T16:26:43.557+0100: 2,710: Total time for which application threads were stopped: 0,0000734 seconds, Stopping threads took: 0,0000170 seconds
2016-12-04T16:26:43.636+0100: 2,788: Total time for which application threads were stopped: 0,0001661 seconds, Stopping threads took: 0,0000486 seconds
2016-12-04T16:26:43.653+0100: 2,806: Total time for which application threads were stopped: 0,0000749 seconds, Stopping threads took: 0,0000209 seconds
2016-12-04T16:26:43.661+0100: 2,814: Total time for which application threads were stopped: 0,0003157 seconds, Stopping threads took: 0,0000295 seconds
2016-12-04T16:26:43.671+0100: 2,824: Total time for which application threads were stopped: 0,0002912 seconds, Stopping threads took: 0,0000211 seconds
2016-12-04T16:26:43.687+0100: 2,840: Total time for which application threads were stopped: 0,0000903 seconds, Stopping threads took: 0,0000280 seconds
2016-12-04T16:26:43.711+0100: 2,864: Total time for which application threads were stopped: 0,0001045 seconds, Stopping threads took: 0,0000352 seconds
2016-12-04T16:26:43.730+0100: 2,882: Total time for which application threads were stopped: 0,0001042 seconds, Stopping threads took: 0,0000517 seconds
2016-12-04T16:26:43.744+0100: 2,896: Total time for which application threads were stopped: 0,0000952 seconds, Stopping threads took: 0,0000322 seconds
2016-12-04T16:26:43.771+0100: 2,924: Total time for which application threads were stopped: 0,0000879 seconds, Stopping threads took: 0,0000199 seconds
2016-12-04T16:26:43.795+0100: 2,948: Total time for which application threads were stopped: 0,0001246 seconds, Stopping threads took: 0,0000243 seconds
2016-12-04T16:26:43.853+0100: 3,006: Total time for which application threads were stopped: 0,0001232 seconds, Stopping threads took: 0,0000397 seconds
2016-12-04T16:26:43.899+0100: 3,051: Total time for which application threads were stopped: 0,0001122 seconds, Stopping threads took: 0,0000283 seconds
{Heap before GC invocations=2 (full 0):
 par new generation   total 109248K, used 100770K [0x00000000e0000000, 0x00000000e8000000, 0x00000000e8000000)
  eden space 87424K, 100% used [0x00000000e0000000, 0x00000000e5560000, 0x00000000e5560000)
  from space 21824K,  61% used [0x00000000e5560000, 0x00000000e62688d8, 0x00000000e6ab0000)
  to   space 21824K,   0% used [0x00000000e6ab0000, 0x00000000e6ab0000, 0x00000000e8000000)
 concurrent mark-sweep generation total 393216K, used 0K [0x00000000e8000000, 0x0000000100000000, 0x0000000100000000)
 Metaspace       used 25154K, capacity 25508K, committed 25612K, reserved 1073152K
  class space    used 2924K, capacity 3056K, committed 3064K, reserved 1048576K
2016-12-04T16:26:43.932+0100: 3,085: [GC (Allocation Failure) 2016-12-04T16:26:43.932+0100: 3,085: [ParNew
Desired survivor size 20112992 bytes, new threshold 8 (max 8)
- age   1:    6941232 bytes,    6941232 total
- age   2:     515144 bytes,    7456376 total
- age   3:    6130976 bytes,   13587352 total
: 100770K->15333K(109248K), 0,0170698 secs] 100770K->15333K(502464K), 0,0171449 secs] [Times: user=0,06 sys=0,00, real=0,02 secs] 
Heap after GC invocations=3 (full 0):
 par new generation   total 109248K, used 15333K [0x00000000e0000000, 0x00000000e8000000, 0x00000000e8000000)
  eden space 87424K,   0% used [0x00000000e0000000, 0x00000000e0000000, 0x00000000e5560000)
  from space 21824K,  70% used [0x00000000e6ab0000, 0x00000000e79a9700, 0x00000000e8000000)
  to   space 21824K,   0% used [0x00000000e5560000, 0x00000000e5560000, 0x00000000e6ab0000)
 concurrent mark-sweep generation total 393216K, used 0K [0x00000000e8000000, 0x0000000100000000, 0x0000000100000000)
 Metaspace       used 25154K, capacity 25508K, committed 25612K, reserved 1073152K
  class space    used 2924K, capacity 3056K, committed 3064K, reserved 1048576K
}
2016-12-04T16:26:43.949+0100: 3,102: Total time for which application threads were stopped: 0,0172853 seconds, Stopping threads took: 0,0000187 seconds
2016-12-04T16:26:43.951+0100: 3,104: [GC (CMS Initial Mark) [1 CMS-initial-mark: 0K(393216K)] 16737K(502464K), 0,0029160 secs] [Times: user=0,01 sys=0,00, real=0,00 secs] 
2016-12-04T16:26:43.954+0100: 3,107: Total time for which application threads were stopped: 0,0048553 seconds, Stopping threads took: 0,0018584 seconds
2016-12-04T16:26:43.954+0100: 3,107: [CMS-concurrent-mark-start]
2016-12-04T16:26:43.956+0100: 3,108: [CMS-concurrent-mark: 0,001/0,001 secs] [Times: user=0,01 sys=0,00, real=0,01 secs] 
2016-12-04T16:26:43.956+0100: 3,108: [CMS-concurrent-preclean-start]
2016-12-04T16:26:43.957+0100: 3,109: [CMS-concurrent-preclean: 0,001/0,001 secs] [Times: user=0,00 sys=0,00, real=0,00 secs] 
2016-12-04T16:26:43.957+0100: 3,109: [GC (CMS Final Remark) [YG occupancy: 16737 K (109248 K)]{Heap before GC invocations=3 (full 1):
 par new generation   total 109248K, used 16737K [0x00000000e0000000, 0x00000000e8000000, 0x00000000e8000000)
  eden space 87424K,   1% used [0x00000000e0000000, 0x00000000e015f0e0, 0x00000000e5560000)
  from space 21824K,  70% used [0x00000000e6ab0000, 0x00000000e79a9700, 0x00000000e8000000)
  to   space 21824K,   0% used [0x00000000e5560000, 0x00000000e5560000, 0x00000000e6ab0000)
 concurrent mark-sweep generation total 393216K, used 0K [0x00000000e8000000, 0x0000000100000000, 0x0000000100000000)
 Metaspace       used 25154K, capacity 25508K, committed 25612K, reserved 1073152K
  class space    used 2924K, capacity 3056K, committed 3064K, reserved 1048576K
2016-12-04T16:26:43.957+0100: 3,109: [GC (CMS Final Remark) 2016-12-04T16:26:43.957+0100: 3,109: [ParNew
Desired survivor size 20112992 bytes, new threshold 8 (max 8)
- age   1:         80 bytes,         80 total
- age   2:    3177808 bytes,    3177888 total
- age   3:     515144 bytes,    3693032 total
- age   4:    6195048 bytes,    9888080 total
: 16737K->16460K(109248K), 0,0129777 secs] 16737K->16460K(502464K), 0,0130214 secs] [Times: user=0,04 sys=0,00, real=0,01 secs] 
Heap after GC invocations=4 (full 1):
 par new generation   total 109248K, used 16460K [0x00000000e0000000, 0x00000000e8000000, 0x00000000e8000000)
  eden space 87424K,   0% used [0x00000000e0000000, 0x00000000e0000000, 0x00000000e5560000)
  from space 21824K,  75% used [0x00000000e5560000, 0x00000000e65733a0, 0x00000000e6ab0000)
  to   space 21824K,   0% used [0x00000000e6ab0000, 0x00000000e6ab0000, 0x00000000e8000000)
 concurrent mark-sweep generation total 393216K, used 0K [0x00000000e8000000, 0x0000000100000000, 0x0000000100000000)
 Metaspace       used 25154K, capacity 25508K, committed 25612K, reserved 1073152K
  class space    used 2924K, capacity 3056K, committed 3064K, reserved 1048576K
}
2016-12-04T16:26:43.970+0100: 3,122: [Rescan (parallel) , 0,0061393 secs]2016-12-04T16:26:43.976+0100: 3,129: [weak refs processing, 0,0011253 secs]2016-12-04T16:26:43.977+0100: 3,130: [class unloading, 0,0033196 secs]2016-12-04T16:26:43.980+0100: 3,133: [scrub symbol table, 0,0033367 secs]2016-12-04T16:26:43.984+0100: 3,136: [scrub string table, 0,0003733 secs][1 CMS-remark: 0K(393216K)] 16460K(502464K), 0,0280535 secs] [Times: user=0,07 sys=0,00, real=0,02 secs] 
2016-12-04T16:26:43.985+0100: 3,137: Total time for which application threads were stopped: 0,0281433 seconds, Stopping threads took: 0,0000228 seconds
2016-12-04T16:26:43.985+0100: 3,137: [CMS-concurrent-sweep-start]
2016-12-04T16:26:43.985+0100: 3,138: [CMS-concurrent-sweep: 0,000/0,000 secs] [Times: user=0,00 sys=0,00, real=0,00 secs] 
2016-12-04T16:26:43.985+0100: 3,138: [CMS-concurrent-reset-start]
2016-12-04T16:26:43.987+0100: 3,140: [CMS-concurrent-reset: 0,002/0,002 secs] [Times: user=0,01 sys=0,01, real=0,01 secs] 
2016-12-04T16:26:44.026+0100: 3,178: Total time for which application threads were stopped: 0,0004917 seconds, Stopping threads took: 0,0000328 seconds
2016-12-04T16:26:44.896+0100: 4,048: Total time for which application threads were stopped: 0,0002896 seconds, Stopping threads took: 0,0000169 seconds
2016-12-04T16:27:12.898+0100: 32,051: Total time for which application threads were stopped: 0,0000803 seconds, Stopping threads took: 0,0000154 seconds
2016-12-04T16:29:22.912+0100: 162,064: Total time for which application threads were stopped: 0,0000886 seconds, Stopping threads took: 0,0000360 seconds
2016-12-04T16:29:27.912+0100: 167,065: Total time for which application threads were stopped: 0,0000912 seconds, Stopping threads took: 0,0000243 seconds
2016-12-04T16:30:37.920+0100: 237,073: Total time for which application threads were stopped: 0,0000922 seconds, Stopping threads took: 0,0000381 seconds
2016-12-04T16:31:27.926+0100: 287,078: Total time for which application threads were stopped: 0,0001007 seconds, Stopping threads took: 0,0000518 seconds
2016-12-04T16:50:28.040+0100: 1427,193: Total time for which application threads were stopped: 0,0000864 seconds, Stopping threads took: 0,0000381 seconds
2016-12-04T16:55:07.068+0100: 1706,221: Total time for which application threads were stopped: 0,0000734 seconds, Stopping threads took: 0,0000319 seconds
2016-12-04T17:02:27.112+0100: 2146,264: Total time for which application threads were stopped: 0,0003609 seconds, Stopping threads took: 0,0001037 seconds
2016-12-04T17:03:17.117+0100: 2196,269: Total time for which application threads were stopped: 0,0000706 seconds, Stopping threads took: 0,0000300 seconds
2016-12-04T17:05:23.129+0100: 2322,282: Total time for which application threads were stopped: 0,0001213 seconds, Stopping threads took: 0,0000469 seconds
2016-12-04T17:05:27.130+0100: 2326,283: Total time for which application threads were stopped: 0,0002136 seconds, Stopping threads took: 0,0000613 seconds
2016-12-04T17:05:57.133+0100: 2356,286: Total time for which application threads were stopped: 0,0003858 seconds, Stopping threads took: 0,0001692 seconds
2016-12-04T17:06:07.134+0100: 2366,287: Total time for which application threads were stopped: 0,0000758 seconds, Stopping threads took: 0,0000168 seconds
2016-12-04T17:07:53.144+0100: 2472,297: Total time for which application threads were stopped: 0,0000707 seconds, Stopping threads took: 0,0000287 seconds
2016-12-04T17:19:58.218+0100: 3197,371: Total time for which application threads were stopped: 0,0000794 seconds, Stopping threads took: 0,0000354 seconds
2016-12-04T17:26:13.253+0100: 3572,405: Total time for which application threads were stopped: 0,0000737 seconds, Stopping threads took: 0,0000296 seconds
2016-12-04T17:31:07.281+0100: 3866,434: Total time for which application threads were stopped: 0,0002999 seconds, Stopping threads took: 0,0001445 seconds
2016-12-04T17:33:43.294+0100: 4022,447: Total time for which application threads were stopped: 0,0000986 seconds, Stopping threads took: 0,0000533 seconds
2016-12-04T18:10:43.519+0100: 6242,671: Total time for which application threads were stopped: 0,0000731 seconds, Stopping threads took: 0,0000343 seconds
2016-12-04T18:11:18.522+0100: 6277,674: Total time for which application threads were stopped: 0,0000687 seconds, Stopping threads took: 0,0000294 seconds
2016-12-04T18:11:48.525+0100: 6307,677: Total time for which application threads were stopped: 0,0000748 seconds, Stopping threads took: 0,0000313 seconds
2016-12-04T18:31:42.645+0100: 7501,798: Total time for which application threads were stopped: 0,0000968 seconds, Stopping threads took: 0,0000411 seconds
2016-12-04T18:32:12.648+0100: 7531,800: Total time for which application threads were stopped: 0,0000909 seconds, Stopping threads took: 0,0000326 seconds
2016-12-04T18:34:42.660+0100: 7681,812: Total time for which application threads were stopped: 0,0000721 seconds, Stopping threads took: 0,0000259 seconds
2016-12-04T18:35:12.663+0100: 7711,815: Total time for which application threads were stopped: 0,0000877 seconds, Stopping threads took: 0,0000375 seconds
2016-12-04T20:20:28.106+0100: 14027,259: Total time for which application threads were stopped: 0,0002252 seconds, Stopping threads took: 0,0000442 seconds
2016-12-04T20:42:43.292+0100: 15362,445: Total time for which application threads were stopped: 0,0000966 seconds, Stopping threads took: 0,0000404 seconds
2016-12-04T20:43:13.295+0100: 15392,448: Total time for which application threads were stopped: 0,0001006 seconds, Stopping threads took: 0,0000429 seconds
2016-12-04T21:45:42.707+0100: 19141,859: Total time for which application threads were stopped: 0,0002115 seconds, Stopping threads took: 0,0001113 seconds
2016-12-04T23:58:15.550+0100: 27094,703: Total time for which application threads were stopped: 0,0001379 seconds, Stopping threads took: 0,0000287 seconds
Heap
 par new generation   total 109248K, used 60354K [0x00000000e0000000, 0x00000000e8000000, 0x00000000e8000000)
  eden space 87424K,  50% used [0x00000000e0000000, 0x00000000e2add6e8, 0x00000000e5560000)
  from space 21824K,  75% used [0x00000000e5560000, 0x00000000e65733a0, 0x00000000e6ab0000)
  to   space 21824K,   0% used [0x00000000e6ab0000, 0x00000000e6ab0000, 0x00000000e8000000)
 concurrent mark-sweep generation total 393216K, used 0K [0x00000000e8000000, 0x0000000100000000, 0x0000000100000000)
 Metaspace       used 27227K, capacity 27658K, committed 27840K, reserved 1073152K
  class space    used 3160K, capacity 3319K, committed 3320K, reserved 1048576K
