OpenJDK 64-Bit Server VM (25.111-b14) for linux-amd64 JRE (1.8.0_111-8u111-b14-2ubuntu0.16.04.2-b14), built on Oct 27 2016 18:10:19 by "buildd" with gcc 5.4.0 20160609
Memory: 4k page, physical 7867804k(7508532k free), swap 8076284k(8076284k free)
CommandLine flags: -XX:CMSInitiatingOccupancyFraction=50 -XX:CMSMaxAbortablePrecleanTime=6000 -XX:+CMSParallelRemarkEnabled -XX:+CMSScavengeBeforeRemark -XX:ConcGCThreads=4 -XX:InitialHeapSize=536870912 -XX:MaxHeapSize=536870912 -XX:MaxTenuringThreshold=8 -XX:NewRatio=3 -XX:OldPLABSize=16 -XX:OnOutOfMemoryError=/opt/solr/bin/oom_solr.sh 8983 /var/solr/logs -XX:ParallelGCThreads=4 -XX:+ParallelRefProcEnabled -XX:PretenureSizeThreshold=67108864 -XX:+PrintGC -XX:+PrintGCApplicationStoppedTime -XX:+PrintGCDateStamps -XX:+PrintGCDetails -XX:+PrintGCTimeStamps -XX:+PrintHeapAtGC -XX:+PrintTenuringDistribution -XX:SurvivorRatio=4 -XX:TargetSurvivorRatio=90 -XX:ThreadStackSize=256 -XX:+UseCMSInitiatingOccupancyOnly -XX:+UseCompressedClassPointers -XX:+UseCompressedOops -XX:+UseConcMarkSweepGC -XX:+UseParNewGC 
2017-01-12T08:51:46.716+0100: 0,115: Total time for which application threads were stopped: 0,0000701 seconds, Stopping threads took: 0,0000124 seconds
2017-01-12T08:51:46.785+0100: 0,184: Total time for which application threads were stopped: 0,0000945 seconds, Stopping threads took: 0,0000137 seconds
2017-01-12T08:51:46.796+0100: 0,195: Total time for which application threads were stopped: 0,0000811 seconds, Stopping threads took: 0,0000084 seconds
2017-01-12T08:51:46.994+0100: 0,393: Total time for which application threads were stopped: 0,0001176 seconds, Stopping threads took: 0,0000104 seconds
2017-01-12T08:51:47.439+0100: 0,838: Total time for which application threads were stopped: 0,0001539 seconds, Stopping threads took: 0,0000151 seconds
2017-01-12T08:51:47.534+0100: 0,933: Total time for which application threads were stopped: 0,0001831 seconds, Stopping threads took: 0,0000183 seconds
2017-01-12T08:51:47.619+0100: 1,018: Total time for which application threads were stopped: 0,0001884 seconds, Stopping threads took: 0,0000237 seconds
2017-01-12T08:51:47.859+0100: 1,258: Total time for which application threads were stopped: 0,0002004 seconds, Stopping threads took: 0,0000384 seconds
2017-01-12T08:51:48.052+0100: 1,451: Total time for which application threads were stopped: 0,0002091 seconds, Stopping threads took: 0,0000175 seconds
2017-01-12T08:51:48.079+0100: 1,478: Total time for which application threads were stopped: 0,0002737 seconds, Stopping threads took: 0,0000240 seconds
2017-01-12T08:51:48.080+0100: 1,479: Total time for which application threads were stopped: 0,0001740 seconds, Stopping threads took: 0,0000134 seconds
2017-01-12T08:51:48.091+0100: 1,490: Total time for which application threads were stopped: 0,0008142 seconds, Stopping threads took: 0,0000603 seconds
2017-01-12T08:51:48.195+0100: 1,594: Total time for which application threads were stopped: 0,0007747 seconds, Stopping threads took: 0,0000250 seconds
2017-01-12T08:51:48.377+0100: 1,777: Total time for which application threads were stopped: 0,0002583 seconds, Stopping threads took: 0,0000321 seconds
{Heap before GC invocations=0 (full 0):
 par new generation   total 109248K, used 87424K [0x00000000e0000000, 0x00000000e8000000, 0x00000000e8000000)
  eden space 87424K, 100% used [0x00000000e0000000, 0x00000000e5560000, 0x00000000e5560000)
  from space 21824K,   0% used [0x00000000e5560000, 0x00000000e5560000, 0x00000000e6ab0000)
  to   space 21824K,   0% used [0x00000000e6ab0000, 0x00000000e6ab0000, 0x00000000e8000000)
 concurrent mark-sweep generation total 393216K, used 0K [0x00000000e8000000, 0x0000000100000000, 0x0000000100000000)
 Metaspace       used 18060K, capacity 18366K, committed 18560K, reserved 1064960K
  class space    used 2053K, capacity 2162K, committed 2176K, reserved 1048576K
2017-01-12T08:51:48.492+0100: 1,891: [GC (Allocation Failure) 2017-01-12T08:51:48.492+0100: 1,892: [ParNew
Desired survivor size 20112992 bytes, new threshold 8 (max 8)
- age   1:   12311552 bytes,   12311552 total
: 87424K->12131K(109248K), 0,0154249 secs] 87424K->12131K(502464K), 0,0155121 secs] [Times: user=0,03 sys=0,03, real=0,01 secs] 
Heap after GC invocations=1 (full 0):
 par new generation   total 109248K, used 12131K [0x00000000e0000000, 0x00000000e8000000, 0x00000000e8000000)
  eden space 87424K,   0% used [0x00000000e0000000, 0x00000000e0000000, 0x00000000e5560000)
  from space 21824K,  55% used [0x00000000e6ab0000, 0x00000000e7688e90, 0x00000000e8000000)
  to   space 21824K,   0% used [0x00000000e5560000, 0x00000000e5560000, 0x00000000e6ab0000)
 concurrent mark-sweep generation total 393216K, used 0K [0x00000000e8000000, 0x0000000100000000, 0x0000000100000000)
 Metaspace       used 18060K, capacity 18366K, committed 18560K, reserved 1064960K
  class space    used 2053K, capacity 2162K, committed 2176K, reserved 1048576K
}
2017-01-12T08:51:48.508+0100: 1,907: Total time for which application threads were stopped: 0,0156785 seconds, Stopping threads took: 0,0000138 seconds
2017-01-12T08:51:48.677+0100: 2,076: Total time for which application threads were stopped: 0,0003229 seconds, Stopping threads took: 0,0000401 seconds
2017-01-12T08:51:48.710+0100: 2,109: Total time for which application threads were stopped: 0,0003279 seconds, Stopping threads took: 0,0000412 seconds
2017-01-12T08:51:48.739+0100: 2,138: Total time for which application threads were stopped: 0,0003442 seconds, Stopping threads took: 0,0000409 seconds
{Heap before GC invocations=1 (full 0):
 par new generation   total 109248K, used 99555K [0x00000000e0000000, 0x00000000e8000000, 0x00000000e8000000)
  eden space 87424K, 100% used [0x00000000e0000000, 0x00000000e5560000, 0x00000000e5560000)
  from space 21824K,  55% used [0x00000000e6ab0000, 0x00000000e7688e90, 0x00000000e8000000)
  to   space 21824K,   0% used [0x00000000e5560000, 0x00000000e5560000, 0x00000000e6ab0000)
 concurrent mark-sweep generation total 393216K, used 0K [0x00000000e8000000, 0x0000000100000000, 0x0000000100000000)
 Metaspace       used 20713K, capacity 21020K, committed 21248K, reserved 1069056K
  class space    used 2403K, capacity 2518K, committed 2560K, reserved 1048576K
2017-01-12T08:51:48.924+0100: 2,323: [GC (Allocation Failure) 2017-01-12T08:51:48.924+0100: 2,323: [ParNew
Desired survivor size 20112992 bytes, new threshold 8 (max 8)
- age   1:    2917808 bytes,    2917808 total
- age   2:    6100592 bytes,    9018400 total
: 99555K->13095K(109248K), 0,0155070 secs] 99555K->13095K(502464K), 0,0155744 secs] [Times: user=0,05 sys=0,00, real=0,02 secs] 
Heap after GC invocations=2 (full 0):
 par new generation   total 109248K, used 13095K [0x00000000e0000000, 0x00000000e8000000, 0x00000000e8000000)
  eden space 87424K,   0% used [0x00000000e0000000, 0x00000000e0000000, 0x00000000e5560000)
  from space 21824K,  60% used [0x00000000e5560000, 0x00000000e6229f30, 0x00000000e6ab0000)
  to   space 21824K,   0% used [0x00000000e6ab0000, 0x00000000e6ab0000, 0x00000000e8000000)
 concurrent mark-sweep generation total 393216K, used 0K [0x00000000e8000000, 0x0000000100000000, 0x0000000100000000)
 Metaspace       used 20713K, capacity 21020K, committed 21248K, reserved 1069056K
  class space    used 2403K, capacity 2518K, committed 2560K, reserved 1048576K
}
2017-01-12T08:51:48.940+0100: 2,339: Total time for which application threads were stopped: 0,0157950 seconds, Stopping threads took: 0,0000656 seconds
2017-01-12T08:51:48.993+0100: 2,392: Total time for which application threads were stopped: 0,0000954 seconds, Stopping threads took: 0,0000142 seconds
2017-01-12T08:51:49.025+0100: 2,424: Total time for which application threads were stopped: 0,0000873 seconds, Stopping threads took: 0,0000172 seconds
2017-01-12T08:51:49.025+0100: 2,424: Total time for which application threads were stopped: 0,0002570 seconds, Stopping threads took: 0,0000191 seconds
2017-01-12T08:51:49.048+0100: 2,447: Total time for which application threads were stopped: 0,0000791 seconds, Stopping threads took: 0,0000202 seconds
2017-01-12T08:51:49.124+0100: 2,524: Total time for which application threads were stopped: 0,0001132 seconds, Stopping threads took: 0,0000183 seconds
2017-01-12T08:51:49.141+0100: 2,540: Total time for which application threads were stopped: 0,0001014 seconds, Stopping threads took: 0,0000293 seconds
2017-01-12T08:51:49.148+0100: 2,547: Total time for which application threads were stopped: 0,0002841 seconds, Stopping threads took: 0,0000129 seconds
2017-01-12T08:51:49.155+0100: 2,554: Total time for which application threads were stopped: 0,0002883 seconds, Stopping threads took: 0,0000223 seconds
2017-01-12T08:51:49.170+0100: 2,569: Total time for which application threads were stopped: 0,0000744 seconds, Stopping threads took: 0,0000183 seconds
2017-01-12T08:51:49.200+0100: 2,599: Total time for which application threads were stopped: 0,0000808 seconds, Stopping threads took: 0,0000124 seconds
2017-01-12T08:51:49.218+0100: 2,617: Total time for which application threads were stopped: 0,0001989 seconds, Stopping threads took: 0,0001163 seconds
2017-01-12T08:51:49.233+0100: 2,632: Total time for which application threads were stopped: 0,0000932 seconds, Stopping threads took: 0,0000199 seconds
2017-01-12T08:51:49.258+0100: 2,657: Total time for which application threads were stopped: 0,0001205 seconds, Stopping threads took: 0,0000245 seconds
2017-01-12T08:51:49.296+0100: 2,696: Total time for which application threads were stopped: 0,0001143 seconds, Stopping threads took: 0,0000227 seconds
2017-01-12T08:51:49.352+0100: 2,752: Total time for which application threads were stopped: 0,0001187 seconds, Stopping threads took: 0,0000420 seconds
2017-01-12T08:51:49.389+0100: 2,788: Total time for which application threads were stopped: 0,0001003 seconds, Stopping threads took: 0,0000218 seconds
{Heap before GC invocations=2 (full 0):
 par new generation   total 109248K, used 100519K [0x00000000e0000000, 0x00000000e8000000, 0x00000000e8000000)
  eden space 87424K, 100% used [0x00000000e0000000, 0x00000000e5560000, 0x00000000e5560000)
  from space 21824K,  60% used [0x00000000e5560000, 0x00000000e6229f30, 0x00000000e6ab0000)
  to   space 21824K,   0% used [0x00000000e6ab0000, 0x00000000e6ab0000, 0x00000000e8000000)
 concurrent mark-sweep generation total 393216K, used 0K [0x00000000e8000000, 0x0000000100000000, 0x0000000100000000)
 Metaspace       used 24850K, capacity 25220K, committed 25536K, reserved 1071104K
  class space    used 2895K, capacity 3024K, committed 3064K, reserved 1048576K
2017-01-12T08:51:49.400+0100: 2,800: [GC (Allocation Failure) 2017-01-12T08:51:49.400+0100: 2,800: [ParNew
Desired survivor size 20112992 bytes, new threshold 8 (max 8)
- age   1:    6688424 bytes,    6688424 total
- age   2:     549128 bytes,    7237552 total
- age   3:    6083824 bytes,   13321376 total
: 100519K->15776K(109248K), 0,0127036 secs] 100519K->15776K(502464K), 0,0127889 secs] [Times: user=0,04 sys=0,00, real=0,01 secs] 
Heap after GC invocations=3 (full 0):
 par new generation   total 109248K, used 15776K [0x00000000e0000000, 0x00000000e8000000, 0x00000000e8000000)
  eden space 87424K,   0% used [0x00000000e0000000, 0x00000000e0000000, 0x00000000e5560000)
  from space 21824K,  72% used [0x00000000e6ab0000, 0x00000000e7a181b0, 0x00000000e8000000)
  to   space 21824K,   0% used [0x00000000e5560000, 0x00000000e5560000, 0x00000000e6ab0000)
 concurrent mark-sweep generation total 393216K, used 0K [0x00000000e8000000, 0x0000000100000000, 0x0000000100000000)
 Metaspace       used 24850K, capacity 25220K, committed 25536K, reserved 1071104K
  class space    used 2895K, capacity 3024K, committed 3064K, reserved 1048576K
}
2017-01-12T08:51:49.413+0100: 2,813: Total time for which application threads were stopped: 0,0129702 seconds, Stopping threads took: 0,0000426 seconds
2017-01-12T08:51:49.413+0100: 2,813: [GC (CMS Initial Mark) [1 CMS-initial-mark: 0K(393216K)] 17173K(502464K), 0,0056071 secs] [Times: user=0,01 sys=0,00, real=0,01 secs] 
2017-01-12T08:51:49.419+0100: 2,818: Total time for which application threads were stopped: 0,0057254 seconds, Stopping threads took: 0,0000344 seconds
2017-01-12T08:51:49.419+0100: 2,818: [CMS-concurrent-mark-start]
2017-01-12T08:51:49.419+0100: 2,819: [CMS-concurrent-mark: 0,000/0,000 secs] [Times: user=0,01 sys=0,00, real=0,00 secs] 
2017-01-12T08:51:49.419+0100: 2,819: [CMS-concurrent-preclean-start]
2017-01-12T08:51:49.420+0100: 2,819: [CMS-concurrent-preclean: 0,001/0,001 secs] [Times: user=0,00 sys=0,00, real=0,00 secs] 
2017-01-12T08:51:49.429+0100: 2,828: [GC (CMS Final Remark) [YG occupancy: 17173 K (109248 K)]{Heap before GC invocations=3 (full 1):
 par new generation   total 109248K, used 17173K [0x00000000e0000000, 0x00000000e8000000, 0x00000000e8000000)
  eden space 87424K,   1% used [0x00000000e0000000, 0x00000000e015d588, 0x00000000e5560000)
  from space 21824K,  72% used [0x00000000e6ab0000, 0x00000000e7a181b0, 0x00000000e8000000)
  to   space 21824K,   0% used [0x00000000e5560000, 0x00000000e5560000, 0x00000000e6ab0000)
 concurrent mark-sweep generation total 393216K, used 0K [0x00000000e8000000, 0x0000000100000000, 0x0000000100000000)
 Metaspace       used 24850K, capacity 25220K, committed 25536K, reserved 1071104K
  class space    used 2895K, capacity 3024K, committed 3064K, reserved 1048576K
2017-01-12T08:51:49.429+0100: 2,828: [GC (CMS Final Remark) 2017-01-12T08:51:49.429+0100: 2,828: [ParNew
Desired survivor size 20112992 bytes, new threshold 8 (max 8)
- age   1:        224 bytes,        224 total
- age   2:    3149760 bytes,    3149984 total
- age   3:     549128 bytes,    3699112 total
- age   4:    6082328 bytes,    9781440 total
: 17173K->16287K(109248K), 0,0142408 secs] 17173K->16287K(502464K), 0,0142885 secs] [Times: user=0,05 sys=0,00, real=0,02 secs] 
Heap after GC invocations=4 (full 1):
 par new generation   total 109248K, used 16287K [0x00000000e0000000, 0x00000000e8000000, 0x00000000e8000000)
  eden space 87424K,   0% used [0x00000000e0000000, 0x00000000e0000000, 0x00000000e5560000)
  from space 21824K,  74% used [0x00000000e5560000, 0x00000000e6547d80, 0x00000000e6ab0000)
  to   space 21824K,   0% used [0x00000000e6ab0000, 0x00000000e6ab0000, 0x00000000e8000000)
 concurrent mark-sweep generation total 393216K, used 0K [0x00000000e8000000, 0x0000000100000000, 0x0000000100000000)
 Metaspace       used 24850K, capacity 25220K, committed 25536K, reserved 1071104K
  class space    used 2895K, capacity 3024K, committed 3064K, reserved 1048576K
}
2017-01-12T08:51:49.443+0100: 2,842: [Rescan (parallel) , 0,0040450 secs]2017-01-12T08:51:49.447+0100: 2,846: [weak refs processing, 0,0007111 secs]2017-01-12T08:51:49.448+0100: 2,847: [class unloading, 0,0031870 secs]2017-01-12T08:51:49.451+0100: 2,850: [scrub symbol table, 0,0038375 secs]2017-01-12T08:51:49.455+0100: 2,854: [scrub string table, 0,0004218 secs][1 CMS-remark: 0K(393216K)] 16287K(502464K), 0,0272703 secs] [Times: user=0,07 sys=0,00, real=0,03 secs] 
2017-01-12T08:51:49.456+0100: 2,855: Total time for which application threads were stopped: 0,0274068 seconds, Stopping threads took: 0,0000615 seconds
2017-01-12T08:51:49.456+0100: 2,855: [CMS-concurrent-sweep-start]
2017-01-12T08:51:49.456+0100: 2,855: [CMS-concurrent-sweep: 0,000/0,000 secs] [Times: user=0,00 sys=0,00, real=0,00 secs] 
2017-01-12T08:51:49.456+0100: 2,855: [CMS-concurrent-reset-start]
2017-01-12T08:51:49.458+0100: 2,857: [CMS-concurrent-reset: 0,002/0,002 secs] [Times: user=0,01 sys=0,00, real=0,00 secs] 
2017-01-12T08:51:49.521+0100: 2,921: Total time for which application threads were stopped: 0,0003721 seconds, Stopping threads took: 0,0000283 seconds
2017-01-12T08:51:49.532+0100: 2,931: Total time for which application threads were stopped: 0,0003431 seconds, Stopping threads took: 0,0000274 seconds
2017-01-12T08:51:50.532+0100: 3,932: Total time for which application threads were stopped: 0,0000931 seconds, Stopping threads took: 0,0000161 seconds
2017-01-12T08:51:50.648+0100: 4,047: Total time for which application threads were stopped: 0,0002340 seconds, Stopping threads took: 0,0000148 seconds
2017-01-12T08:52:18.140+0100: 32,050: Total time for which application threads were stopped: 0,0000831 seconds, Stopping threads took: 0,0000172 seconds
2017-01-12T08:54:28.155+0100: 162,065: Total time for which application threads were stopped: 0,0001597 seconds, Stopping threads took: 0,0000632 seconds
2017-01-12T08:54:33.156+0100: 167,066: Total time for which application threads were stopped: 0,0000623 seconds, Stopping threads took: 0,0000152 seconds
2017-01-12T08:55:28.162+0100: 222,073: Total time for which application threads were stopped: 0,0000904 seconds, Stopping threads took: 0,0000371 seconds
2017-01-12T08:56:02.166+0100: 256,076: Total time for which application threads were stopped: 0,0000921 seconds, Stopping threads took: 0,0000369 seconds
2017-01-12T08:56:12.167+0100: 266,078: Total time for which application threads were stopped: 0,0000615 seconds, Stopping threads took: 0,0000163 seconds
2017-01-12T08:56:17.168+0100: 271,078: Total time for which application threads were stopped: 0,0000752 seconds, Stopping threads took: 0,0000294 seconds
2017-01-12T08:56:33.170+0100: 287,081: Total time for which application threads were stopped: 0,0005730 seconds, Stopping threads took: 0,0001089 seconds
2017-01-12T08:56:43.172+0100: 297,082: Total time for which application threads were stopped: 0,0000742 seconds, Stopping threads took: 0,0000190 seconds
2017-01-12T08:57:08.175+0100: 322,085: Total time for which application threads were stopped: 0,0002106 seconds, Stopping threads took: 0,0000802 seconds
2017-01-12T09:15:27.312+0100: 1421,222: Total time for which application threads were stopped: 0,0000940 seconds, Stopping threads took: 0,0000329 seconds
2017-01-12T09:19:13.338+0100: 1647,248: Total time for which application threads were stopped: 0,0000796 seconds, Stopping threads took: 0,0000308 seconds
2017-01-12T09:20:27.346+0100: 1721,256: Total time for which application threads were stopped: 0,0003524 seconds, Stopping threads took: 0,0001300 seconds
2017-01-12T09:30:27.403+0100: 2321,314: Total time for which application threads were stopped: 0,0000726 seconds, Stopping threads took: 0,0000292 seconds
2017-01-12T09:30:28.404+0100: 2322,314: Total time for which application threads were stopped: 0,0001056 seconds, Stopping threads took: 0,0000248 seconds
2017-01-12T09:45:03.490+0100: 3197,400: Total time for which application threads were stopped: 0,0000820 seconds, Stopping threads took: 0,0000337 seconds
2017-01-12T09:55:52.558+0100: 3846,468: Total time for which application threads were stopped: 0,0000734 seconds, Stopping threads took: 0,0000281 seconds
2017-01-12T09:55:57.559+0100: 3851,469: Total time for which application threads were stopped: 0,0000579 seconds, Stopping threads took: 0,0000142 seconds
2017-01-12T09:58:47.579+0100: 4021,489: Total time for which application threads were stopped: 0,0001156 seconds, Stopping threads took: 0,0000455 seconds
2017-01-12T10:35:42.929+0100: 6236,839: Total time for which application threads were stopped: 0,0001753 seconds, Stopping threads took: 0,0000655 seconds
2017-01-12T10:36:52.940+0100: 6306,850: Total time for which application threads were stopped: 0,0000902 seconds, Stopping threads took: 0,0000359 seconds
2017-01-12T10:56:48.124+0100: 7502,035: Total time for which application threads were stopped: 0,0000702 seconds, Stopping threads took: 0,0000280 seconds
2017-01-12T10:57:18.127+0100: 7532,038: Total time for which application threads were stopped: 0,0000709 seconds, Stopping threads took: 0,0000281 seconds
2017-01-12T10:59:48.142+0100: 7682,053: Total time for which application threads were stopped: 0,0001177 seconds, Stopping threads took: 0,0000464 seconds
2017-01-12T12:01:17.552+0100: 11371,462: Total time for which application threads were stopped: 0,0005423 seconds, Stopping threads took: 0,0002337 seconds
2017-01-12T12:04:17.569+0100: 11551,479: Total time for which application threads were stopped: 0,0001480 seconds, Stopping threads took: 0,0000554 seconds
2017-01-12T13:07:47.926+0100: 15361,836: Total time for which application threads were stopped: 0,0002083 seconds, Stopping threads took: 0,0000643 seconds
2017-01-12T13:08:17.930+0100: 15391,840: Total time for which application threads were stopped: 0,0007079 seconds, Stopping threads took: 0,0002781 seconds
2017-01-12T20:05:03.767+0100: 33325,430: Total time for which application threads were stopped: 0,0001532 seconds, Stopping threads took: 0,0000461 seconds
Heap
 par new generation   total 109248K, used 59688K [0x00000000e0000000, 0x00000000e8000000, 0x00000000e8000000)
  eden space 87424K,  49% used [0x00000000e0000000, 0x00000000e2a62358, 0x00000000e5560000)
  from space 21824K,  74% used [0x00000000e5560000, 0x00000000e6547d80, 0x00000000e6ab0000)
  to   space 21824K,   0% used [0x00000000e6ab0000, 0x00000000e6ab0000, 0x00000000e8000000)
 concurrent mark-sweep generation total 393216K, used 0K [0x00000000e8000000, 0x0000000100000000, 0x0000000100000000)
 Metaspace       used 27277K, capacity 27728K, committed 27840K, reserved 1073152K
  class space    used 3166K, capacity 3320K, committed 3320K, reserved 1048576K
