OpenJDK 64-Bit Server VM (25.111-b14) for linux-amd64 JRE (1.8.0_111-8u111-b14-2ubuntu0.16.04.2-b14), built on Oct 27 2016 18:10:19 by "buildd" with gcc 5.4.0 20160609
Memory: 4k page, physical 7867840k(7386456k free), swap 8076284k(8076284k free)
CommandLine flags: -XX:CMSInitiatingOccupancyFraction=50 -XX:CMSMaxAbortablePrecleanTime=6000 -XX:+CMSParallelRemarkEnabled -XX:+CMSScavengeBeforeRemark -XX:ConcGCThreads=4 -XX:InitialHeapSize=536870912 -XX:MaxHeapSize=536870912 -XX:MaxTenuringThreshold=8 -XX:NewRatio=3 -XX:OldPLABSize=16 -XX:OnOutOfMemoryError=/opt/solr/bin/oom_solr.sh 8983 /var/solr/logs -XX:ParallelGCThreads=4 -XX:+ParallelRefProcEnabled -XX:PretenureSizeThreshold=67108864 -XX:+PrintGC -XX:+PrintGCApplicationStoppedTime -XX:+PrintGCDateStamps -XX:+PrintGCDetails -XX:+PrintGCTimeStamps -XX:+PrintHeapAtGC -XX:+PrintTenuringDistribution -XX:SurvivorRatio=4 -XX:TargetSurvivorRatio=90 -XX:ThreadStackSize=256 -XX:+UseCMSInitiatingOccupancyOnly -XX:+UseCompressedClassPointers -XX:+UseCompressedOops -XX:+UseConcMarkSweepGC -XX:+UseParNewGC 
2016-12-10T00:47:30.864+0100: 0,163: Total time for which application threads were stopped: 0,0000866 seconds, Stopping threads took: 0,0000127 seconds
2016-12-10T00:47:30.980+0100: 0,279: Total time for which application threads were stopped: 0,0001131 seconds, Stopping threads took: 0,0000118 seconds
2016-12-10T00:47:30.996+0100: 0,295: Total time for which application threads were stopped: 0,0000683 seconds, Stopping threads took: 0,0000082 seconds
2016-12-10T00:47:31.348+0100: 0,647: Total time for which application threads were stopped: 0,0001451 seconds, Stopping threads took: 0,0000119 seconds
2016-12-10T00:47:31.845+0100: 1,144: Total time for which application threads were stopped: 0,0001769 seconds, Stopping threads took: 0,0000225 seconds
2016-12-10T00:47:31.924+0100: 1,223: Total time for which application threads were stopped: 0,0001829 seconds, Stopping threads took: 0,0000276 seconds
2016-12-10T00:47:31.945+0100: 1,244: Total time for which application threads were stopped: 0,0001477 seconds, Stopping threads took: 0,0000164 seconds
2016-12-10T00:47:32.280+0100: 1,579: Total time for which application threads were stopped: 0,0001798 seconds, Stopping threads took: 0,0000169 seconds
2016-12-10T00:47:32.553+0100: 1,852: Total time for which application threads were stopped: 0,0002127 seconds, Stopping threads took: 0,0000126 seconds
2016-12-10T00:47:32.580+0100: 1,879: Total time for which application threads were stopped: 0,0001659 seconds, Stopping threads took: 0,0000128 seconds
2016-12-10T00:47:32.582+0100: 1,881: Total time for which application threads were stopped: 0,0008430 seconds, Stopping threads took: 0,0000181 seconds
2016-12-10T00:47:32.597+0100: 1,896: Total time for which application threads were stopped: 0,0001630 seconds, Stopping threads took: 0,0000113 seconds
2016-12-10T00:47:32.685+0100: 1,984: Total time for which application threads were stopped: 0,0002400 seconds, Stopping threads took: 0,0000293 seconds
2016-12-10T00:47:32.865+0100: 2,164: Total time for which application threads were stopped: 0,0003222 seconds, Stopping threads took: 0,0001260 seconds
{Heap before GC invocations=0 (full 0):
 par new generation   total 109248K, used 87424K [0x00000000e0000000, 0x00000000e8000000, 0x00000000e8000000)
  eden space 87424K, 100% used [0x00000000e0000000, 0x00000000e5560000, 0x00000000e5560000)
  from space 21824K,   0% used [0x00000000e5560000, 0x00000000e5560000, 0x00000000e6ab0000)
  to   space 21824K,   0% used [0x00000000e6ab0000, 0x00000000e6ab0000, 0x00000000e8000000)
 concurrent mark-sweep generation total 393216K, used 0K [0x00000000e8000000, 0x0000000100000000, 0x0000000100000000)
 Metaspace       used 18329K, capacity 18686K, committed 18944K, reserved 1067008K
  class space    used 2090K, capacity 2226K, committed 2304K, reserved 1048576K
2016-12-10T00:47:33.042+0100: 2,342: [GC (Allocation Failure) 2016-12-10T00:47:33.042+0100: 2,342: [ParNew
Desired survivor size 20112992 bytes, new threshold 8 (max 8)
- age   1:   12572824 bytes,   12572824 total
: 87424K->12404K(109248K), 0,0241670 secs] 87424K->12404K(502464K), 0,0242632 secs] [Times: user=0,06 sys=0,00, real=0,03 secs] 
Heap after GC invocations=1 (full 0):
 par new generation   total 109248K, used 12404K [0x00000000e0000000, 0x00000000e8000000, 0x00000000e8000000)
  eden space 87424K,   0% used [0x00000000e0000000, 0x00000000e0000000, 0x00000000e5560000)
  from space 21824K,  56% used [0x00000000e6ab0000, 0x00000000e76cd2d8, 0x00000000e8000000)
  to   space 21824K,   0% used [0x00000000e5560000, 0x00000000e5560000, 0x00000000e6ab0000)
 concurrent mark-sweep generation total 393216K, used 0K [0x00000000e8000000, 0x0000000100000000, 0x0000000100000000)
 Metaspace       used 18329K, capacity 18686K, committed 18944K, reserved 1067008K
  class space    used 2090K, capacity 2226K, committed 2304K, reserved 1048576K
}
2016-12-10T00:47:33.067+0100: 2,366: Total time for which application threads were stopped: 0,0244712 seconds, Stopping threads took: 0,0000361 seconds
2016-12-10T00:47:33.248+0100: 2,547: Total time for which application threads were stopped: 0,0003275 seconds, Stopping threads took: 0,0000373 seconds
2016-12-10T00:47:33.293+0100: 2,592: Total time for which application threads were stopped: 0,0003677 seconds, Stopping threads took: 0,0000417 seconds
2016-12-10T00:47:33.336+0100: 2,635: Total time for which application threads were stopped: 0,0003586 seconds, Stopping threads took: 0,0000382 seconds
{Heap before GC invocations=1 (full 0):
 par new generation   total 109248K, used 99828K [0x00000000e0000000, 0x00000000e8000000, 0x00000000e8000000)
  eden space 87424K, 100% used [0x00000000e0000000, 0x00000000e5560000, 0x00000000e5560000)
  from space 21824K,  56% used [0x00000000e6ab0000, 0x00000000e76cd2d8, 0x00000000e8000000)
  to   space 21824K,   0% used [0x00000000e5560000, 0x00000000e5560000, 0x00000000e6ab0000)
 concurrent mark-sweep generation total 393216K, used 0K [0x00000000e8000000, 0x0000000100000000, 0x0000000100000000)
 Metaspace       used 20683K, capacity 21020K, committed 21248K, reserved 1069056K
  class space    used 2404K, capacity 2518K, committed 2560K, reserved 1048576K
2016-12-10T00:47:33.541+0100: 2,840: [GC (Allocation Failure) 2016-12-10T00:47:33.541+0100: 2,840: [ParNew
Desired survivor size 20112992 bytes, new threshold 8 (max 8)
- age   1:    2649296 bytes,    2649296 total
- age   2:    6137808 bytes,    8787104 total
: 99828K->13274K(109248K), 0,0188171 secs] 99828K->13274K(502464K), 0,0189063 secs] [Times: user=0,06 sys=0,00, real=0,02 secs] 
Heap after GC invocations=2 (full 0):
 par new generation   total 109248K, used 13274K [0x00000000e0000000, 0x00000000e8000000, 0x00000000e8000000)
  eden space 87424K,   0% used [0x00000000e0000000, 0x00000000e0000000, 0x00000000e5560000)
  from space 21824K,  60% used [0x00000000e5560000, 0x00000000e6256a80, 0x00000000e6ab0000)
  to   space 21824K,   0% used [0x00000000e6ab0000, 0x00000000e6ab0000, 0x00000000e8000000)
 concurrent mark-sweep generation total 393216K, used 0K [0x00000000e8000000, 0x0000000100000000, 0x0000000100000000)
 Metaspace       used 20683K, capacity 21020K, committed 21248K, reserved 1069056K
  class space    used 2404K, capacity 2518K, committed 2560K, reserved 1048576K
}
2016-12-10T00:47:33.559+0100: 2,859: Total time for which application threads were stopped: 0,0191576 seconds, Stopping threads took: 0,0000402 seconds
2016-12-10T00:47:33.647+0100: 2,946: Total time for which application threads were stopped: 0,0001015 seconds, Stopping threads took: 0,0000130 seconds
2016-12-10T00:47:33.691+0100: 2,990: Total time for which application threads were stopped: 0,0002684 seconds, Stopping threads took: 0,0000190 seconds
2016-12-10T00:47:33.698+0100: 2,997: Total time for which application threads were stopped: 0,0000718 seconds, Stopping threads took: 0,0000122 seconds
2016-12-10T00:47:33.725+0100: 3,024: Total time for which application threads were stopped: 0,0000890 seconds, Stopping threads took: 0,0000220 seconds
2016-12-10T00:47:33.802+0100: 3,102: Total time for which application threads were stopped: 0,0001217 seconds, Stopping threads took: 0,0000189 seconds
2016-12-10T00:47:33.829+0100: 3,128: Total time for which application threads were stopped: 0,0000997 seconds, Stopping threads took: 0,0000308 seconds
2016-12-10T00:47:33.837+0100: 3,136: Total time for which application threads were stopped: 0,0003327 seconds, Stopping threads took: 0,0000201 seconds
2016-12-10T00:47:33.848+0100: 3,147: Total time for which application threads were stopped: 0,0003016 seconds, Stopping threads took: 0,0000208 seconds
2016-12-10T00:47:33.857+0100: 3,157: Total time for which application threads were stopped: 0,0001035 seconds, Stopping threads took: 0,0000388 seconds
2016-12-10T00:47:33.906+0100: 3,205: Total time for which application threads were stopped: 0,0000783 seconds, Stopping threads took: 0,0000185 seconds
2016-12-10T00:47:33.920+0100: 3,220: Total time for which application threads were stopped: 0,0000941 seconds, Stopping threads took: 0,0000199 seconds
2016-12-10T00:47:33.950+0100: 3,249: Total time for which application threads were stopped: 0,0001092 seconds, Stopping threads took: 0,0000244 seconds
2016-12-10T00:47:33.984+0100: 3,283: Total time for which application threads were stopped: 0,0001572 seconds, Stopping threads took: 0,0000756 seconds
2016-12-10T00:47:34.021+0100: 3,320: Total time for which application threads were stopped: 0,0001374 seconds, Stopping threads took: 0,0000233 seconds
2016-12-10T00:47:34.087+0100: 3,386: Total time for which application threads were stopped: 0,0001280 seconds, Stopping threads took: 0,0000452 seconds
2016-12-10T00:47:34.128+0100: 3,427: Total time for which application threads were stopped: 0,0001289 seconds, Stopping threads took: 0,0000213 seconds
{Heap before GC invocations=2 (full 0):
 par new generation   total 109248K, used 100698K [0x00000000e0000000, 0x00000000e8000000, 0x00000000e8000000)
  eden space 87424K, 100% used [0x00000000e0000000, 0x00000000e5560000, 0x00000000e5560000)
  from space 21824K,  60% used [0x00000000e5560000, 0x00000000e6256a80, 0x00000000e6ab0000)
  to   space 21824K,   0% used [0x00000000e6ab0000, 0x00000000e6ab0000, 0x00000000e8000000)
 concurrent mark-sweep generation total 393216K, used 0K [0x00000000e8000000, 0x0000000100000000, 0x0000000100000000)
 Metaspace       used 24824K, capacity 25224K, committed 25536K, reserved 1071104K
  class space    used 2896K, capacity 3025K, committed 3092K, reserved 1048576K
2016-12-10T00:47:34.144+0100: 3,443: [GC (Allocation Failure) 2016-12-10T00:47:34.144+0100: 3,443: [ParNew
Desired survivor size 20112992 bytes, new threshold 8 (max 8)
- age   1:    6689384 bytes,    6689384 total
- age   2:     512376 bytes,    7201760 total
- age   3:    6120616 bytes,   13322376 total
: 100698K->14145K(109248K), 0,0161441 secs] 100698K->14145K(502464K), 0,0162291 secs] [Times: user=0,04 sys=0,00, real=0,01 secs] 
Heap after GC invocations=3 (full 0):
 par new generation   total 109248K, used 14145K [0x00000000e0000000, 0x00000000e8000000, 0x00000000e8000000)
  eden space 87424K,   0% used [0x00000000e0000000, 0x00000000e0000000, 0x00000000e5560000)
  from space 21824K,  64% used [0x00000000e6ab0000, 0x00000000e7880730, 0x00000000e8000000)
  to   space 21824K,   0% used [0x00000000e5560000, 0x00000000e5560000, 0x00000000e6ab0000)
 concurrent mark-sweep generation total 393216K, used 0K [0x00000000e8000000, 0x0000000100000000, 0x0000000100000000)
 Metaspace       used 24824K, capacity 25224K, committed 25536K, reserved 1071104K
  class space    used 2896K, capacity 3025K, committed 3092K, reserved 1048576K
}
2016-12-10T00:47:34.160+0100: 3,459: Total time for which application threads were stopped: 0,0164554 seconds, Stopping threads took: 0,0000792 seconds
2016-12-10T00:47:34.160+0100: 3,459: [GC (CMS Initial Mark) [1 CMS-initial-mark: 0K(393216K)] 14146K(502464K), 0,0037767 secs] [Times: user=0,01 sys=0,00, real=0,01 secs] 
2016-12-10T00:47:34.164+0100: 3,463: Total time for which application threads were stopped: 0,0040262 seconds, Stopping threads took: 0,0001652 seconds
2016-12-10T00:47:34.164+0100: 3,463: [CMS-concurrent-mark-start]
2016-12-10T00:47:34.167+0100: 3,466: [CMS-concurrent-mark: 0,003/0,003 secs] [Times: user=0,01 sys=0,00, real=0,00 secs] 
2016-12-10T00:47:34.167+0100: 3,466: [CMS-concurrent-preclean-start]
2016-12-10T00:47:34.168+0100: 3,467: [CMS-concurrent-preclean: 0,001/0,001 secs] [Times: user=0,01 sys=0,00, real=0,00 secs] 
2016-12-10T00:47:34.169+0100: 3,468: [GC (CMS Final Remark) [YG occupancy: 15535 K (109248 K)]{Heap before GC invocations=3 (full 1):
 par new generation   total 109248K, used 15535K [0x00000000e0000000, 0x00000000e8000000, 0x00000000e8000000)
  eden space 87424K,   1% used [0x00000000e0000000, 0x00000000e015b708, 0x00000000e5560000)
  from space 21824K,  64% used [0x00000000e6ab0000, 0x00000000e7880730, 0x00000000e8000000)
  to   space 21824K,   0% used [0x00000000e5560000, 0x00000000e5560000, 0x00000000e6ab0000)
 concurrent mark-sweep generation total 393216K, used 0K [0x00000000e8000000, 0x0000000100000000, 0x0000000100000000)
 Metaspace       used 24876K, capacity 25320K, committed 25536K, reserved 1071104K
  class space    used 2902K, capacity 3057K, committed 3092K, reserved 1048576K
2016-12-10T00:47:34.169+0100: 3,468: [GC (CMS Final Remark) 2016-12-10T00:47:34.169+0100: 3,468: [ParNew
Desired survivor size 20112992 bytes, new threshold 8 (max 8)
- age   1:      51560 bytes,      51560 total
- age   2:    3150360 bytes,    3201920 total
- age   3:     512344 bytes,    3714264 total
- age   4:    6119256 bytes,    9833520 total
: 15535K->16152K(109248K), 0,0282597 secs] 15535K->16152K(502464K), 0,0283069 secs] [Times: user=0,05 sys=0,00, real=0,03 secs] 
Heap after GC invocations=4 (full 1):
 par new generation   total 109248K, used 16152K [0x00000000e0000000, 0x00000000e8000000, 0x00000000e8000000)
  eden space 87424K,   0% used [0x00000000e0000000, 0x00000000e0000000, 0x00000000e5560000)
  from space 21824K,  74% used [0x00000000e5560000, 0x00000000e6526030, 0x00000000e6ab0000)
  to   space 21824K,   0% used [0x00000000e6ab0000, 0x00000000e6ab0000, 0x00000000e8000000)
 concurrent mark-sweep generation total 393216K, used 0K [0x00000000e8000000, 0x0000000100000000, 0x0000000100000000)
 Metaspace       used 24876K, capacity 25320K, committed 25536K, reserved 1071104K
  class space    used 2902K, capacity 3057K, committed 3092K, reserved 1048576K
}
2016-12-10T00:47:34.197+0100: 3,496: [Rescan (parallel) , 0,0180792 secs]2016-12-10T00:47:34.216+0100: 3,515: [weak refs processing, 0,0052824 secs]2016-12-10T00:47:34.221+0100: 3,520: [class unloading, 0,0044354 secs]2016-12-10T00:47:34.225+0100: 3,524: [scrub symbol table, 0,0051355 secs]2016-12-10T00:47:34.230+0100: 3,530: [scrub string table, 0,0004760 secs][1 CMS-remark: 0K(393216K)] 16152K(502464K), 0,0628792 secs] [Times: user=0,09 sys=0,01, real=0,06 secs] 
2016-12-10T00:47:34.232+0100: 3,531: Total time for which application threads were stopped: 0,0633577 seconds, Stopping threads took: 0,0004006 seconds
2016-12-10T00:47:34.239+0100: 3,538: [CMS-concurrent-sweep-start]
2016-12-10T00:47:34.239+0100: 3,538: [CMS-concurrent-sweep: 0,000/0,000 secs] [Times: user=0,00 sys=0,00, real=0,00 secs] 
2016-12-10T00:47:34.239+0100: 3,538: [CMS-concurrent-reset-start]
2016-12-10T00:47:34.241+0100: 3,540: [CMS-concurrent-reset: 0,002/0,002 secs] [Times: user=0,01 sys=0,00, real=0,00 secs] 
2016-12-10T00:47:34.337+0100: 3,637: Total time for which application threads were stopped: 0,0004436 seconds, Stopping threads took: 0,0000266 seconds
2016-12-10T00:47:34.768+0100: 4,067: Total time for which application threads were stopped: 0,0002901 seconds, Stopping threads took: 0,0000246 seconds
2016-12-10T00:50:12.787+0100: 162,086: Total time for which application threads were stopped: 0,0002153 seconds, Stopping threads took: 0,0000691 seconds
2016-12-10T00:50:17.788+0100: 167,087: Total time for which application threads were stopped: 0,0001476 seconds, Stopping threads took: 0,0000595 seconds
2016-12-10T00:50:32.790+0100: 182,089: Total time for which application threads were stopped: 0,0000770 seconds, Stopping threads took: 0,0000322 seconds
2016-12-10T00:50:37.791+0100: 187,090: Total time for which application threads were stopped: 0,0000601 seconds, Stopping threads took: 0,0000171 seconds
2016-12-10T00:51:27.797+0100: 237,096: Total time for which application threads were stopped: 0,0000805 seconds, Stopping threads took: 0,0000355 seconds
2016-12-10T00:52:07.803+0100: 277,102: Total time for which application threads were stopped: 0,0001728 seconds, Stopping threads took: 0,0000596 seconds
2016-12-10T00:52:12.803+0100: 282,103: Total time for which application threads were stopped: 0,0003125 seconds, Stopping threads took: 0,0000882 seconds
2016-12-10T00:52:17.804+0100: 287,103: Total time for which application threads were stopped: 0,0000715 seconds, Stopping threads took: 0,0000211 seconds
2016-12-10T00:52:27.806+0100: 297,105: Total time for which application threads were stopped: 0,0000567 seconds, Stopping threads took: 0,0000151 seconds
2016-12-10T00:52:52.809+0100: 322,108: Total time for which application threads were stopped: 0,0003833 seconds, Stopping threads took: 0,0001916 seconds
2016-12-10T00:58:12.849+0100: 642,148: Total time for which application threads were stopped: 0,0000918 seconds, Stopping threads took: 0,0000342 seconds
2016-12-10T01:11:16.938+0100: 1426,237: Total time for which application threads were stopped: 0,0000795 seconds, Stopping threads took: 0,0000399 seconds
2016-12-10T01:15:56.969+0100: 1706,268: Total time for which application threads were stopped: 0,0000856 seconds, Stopping threads took: 0,0000337 seconds
2016-12-10T01:26:12.038+0100: 2321,337: Total time for which application threads were stopped: 0,0000844 seconds, Stopping threads took: 0,0000361 seconds
2016-12-10T01:26:13.038+0100: 2322,337: Total time for which application threads were stopped: 0,0000741 seconds, Stopping threads took: 0,0000178 seconds
2016-12-10T01:28:43.054+0100: 2472,353: Total time for which application threads were stopped: 0,0000771 seconds, Stopping threads took: 0,0000329 seconds
2016-12-10T01:40:48.127+0100: 3197,426: Total time for which application threads were stopped: 0,0000899 seconds, Stopping threads took: 0,0000422 seconds
2016-12-10T01:49:51.630+0100: 3740,929: Total time for which application threads were stopped: 0,0001370 seconds, Stopping threads took: 0,0000288 seconds
Heap
 par new generation   total 109248K, used 60428K [0x00000000e0000000, 0x00000000e8000000, 0x00000000e8000000)
  eden space 87424K,  50% used [0x00000000e0000000, 0x00000000e2b3d048, 0x00000000e5560000)
  from space 21824K,  74% used [0x00000000e5560000, 0x00000000e6526030, 0x00000000e6ab0000)
  to   space 21824K,   0% used [0x00000000e6ab0000, 0x00000000e6ab0000, 0x00000000e8000000)
 concurrent mark-sweep generation total 393216K, used 0K [0x00000000e8000000, 0x0000000100000000, 0x0000000100000000)
 Metaspace       used 27149K, capacity 27598K, committed 27924K, reserved 1073152K
  class space    used 3161K, capacity 3320K, committed 3348K, reserved 1048576K
