OpenJDK 64-Bit Server VM (25.121-b13) for linux-amd64 JRE (1.8.0_121-8u121-b13-0ubuntu1.16.04.2-b13), built on Jan 23 2017 15:51:29 by "buildd" with gcc 5.4.0 20160609
Memory: 4k page, physical 7867764k(7420696k free), swap 8076284k(8076284k free)
CommandLine flags: -XX:CMSInitiatingOccupancyFraction=50 -XX:CMSMaxAbortablePrecleanTime=6000 -XX:+CMSParallelRemarkEnabled -XX:+CMSScavengeBeforeRemark -XX:ConcGCThreads=4 -XX:InitialHeapSize=536870912 -XX:MaxHeapSize=536870912 -XX:MaxTenuringThreshold=8 -XX:NewRatio=3 -XX:OldPLABSize=16 -XX:OnOutOfMemoryError=/opt/solr/bin/oom_solr.sh 8983 /var/solr/logs -XX:ParallelGCThreads=4 -XX:+ParallelRefProcEnabled -XX:PretenureSizeThreshold=67108864 -XX:+PrintGC -XX:+PrintGCApplicationStoppedTime -XX:+PrintGCDateStamps -XX:+PrintGCDetails -XX:+PrintGCTimeStamps -XX:+PrintHeapAtGC -XX:+PrintTenuringDistribution -XX:SurvivorRatio=4 -XX:TargetSurvivorRatio=90 -XX:ThreadStackSize=256 -XX:+UseCMSInitiatingOccupancyOnly -XX:+UseCompressedClassPointers -XX:+UseCompressedOops -XX:+UseConcMarkSweepGC -XX:+UseParNewGC 
2017-05-03T07:59:11.709+0200: 0,163: Total time for which application threads were stopped: 0,0000751 seconds, Stopping threads took: 0,0000105 seconds
2017-05-03T07:59:11.801+0200: 0,256: Total time for which application threads were stopped: 0,0001205 seconds, Stopping threads took: 0,0000201 seconds
2017-05-03T07:59:11.833+0200: 0,287: Total time for which application threads were stopped: 0,0000825 seconds, Stopping threads took: 0,0000134 seconds
2017-05-03T07:59:12.297+0200: 0,752: Total time for which application threads were stopped: 0,0005993 seconds, Stopping threads took: 0,0001321 seconds
2017-05-03T07:59:12.699+0200: 1,153: Total time for which application threads were stopped: 0,0001877 seconds, Stopping threads took: 0,0000280 seconds
2017-05-03T07:59:12.813+0200: 1,267: Total time for which application threads were stopped: 0,0002362 seconds, Stopping threads took: 0,0000300 seconds
2017-05-03T07:59:12.843+0200: 1,297: Total time for which application threads were stopped: 0,0002157 seconds, Stopping threads took: 0,0000268 seconds
2017-05-03T07:59:13.290+0200: 1,744: Total time for which application threads were stopped: 0,0007295 seconds, Stopping threads took: 0,0000242 seconds
2017-05-03T07:59:13.498+0200: 1,953: Total time for which application threads were stopped: 0,0002024 seconds, Stopping threads took: 0,0000140 seconds
2017-05-03T07:59:13.518+0200: 1,973: Total time for which application threads were stopped: 0,0002084 seconds, Stopping threads took: 0,0000198 seconds
2017-05-03T07:59:13.545+0200: 1,999: Total time for which application threads were stopped: 0,0002271 seconds, Stopping threads took: 0,0000223 seconds
2017-05-03T07:59:13.546+0200: 2,000: Total time for which application threads were stopped: 0,0001724 seconds, Stopping threads took: 0,0000200 seconds
2017-05-03T07:59:13.560+0200: 2,015: Total time for which application threads were stopped: 0,0001692 seconds, Stopping threads took: 0,0000215 seconds
2017-05-03T07:59:13.645+0200: 2,100: Total time for which application threads were stopped: 0,0002328 seconds, Stopping threads took: 0,0000348 seconds
2017-05-03T07:59:13.816+0200: 2,271: Total time for which application threads were stopped: 0,0003786 seconds, Stopping threads took: 0,0001520 seconds
{Heap before GC invocations=0 (full 0):
 par new generation   total 109248K, used 87424K [0x00000000e0000000, 0x00000000e8000000, 0x00000000e8000000)
  eden space 87424K, 100% used [0x00000000e0000000, 0x00000000e5560000, 0x00000000e5560000)
  from space 21824K,   0% used [0x00000000e5560000, 0x00000000e5560000, 0x00000000e6ab0000)
  to   space 21824K,   0% used [0x00000000e6ab0000, 0x00000000e6ab0000, 0x00000000e8000000)
 concurrent mark-sweep generation total 393216K, used 0K [0x00000000e8000000, 0x0000000100000000, 0x0000000100000000)
 Metaspace       used 18003K, capacity 18336K, committed 18688K, reserved 1064960K
  class space    used 2035K, capacity 2196K, committed 2304K, reserved 1048576K
2017-05-03T07:59:13.892+0200: 2,347: [GC (Allocation Failure) 2017-05-03T07:59:13.892+0200: 2,347: [ParNew
Desired survivor size 20112992 bytes, new threshold 8 (max 8)
- age   1:   12399376 bytes,   12399376 total
: 87424K->12230K(109248K), 0,0145753 secs] 87424K->12230K(502464K), 0,0146600 secs] [Times: user=0,04 sys=0,00, real=0,01 secs] 
Heap after GC invocations=1 (full 0):
 par new generation   total 109248K, used 12230K [0x00000000e0000000, 0x00000000e8000000, 0x00000000e8000000)
  eden space 87424K,   0% used [0x00000000e0000000, 0x00000000e0000000, 0x00000000e5560000)
  from space 21824K,  56% used [0x00000000e6ab0000, 0x00000000e76a1960, 0x00000000e8000000)
  to   space 21824K,   0% used [0x00000000e5560000, 0x00000000e5560000, 0x00000000e6ab0000)
 concurrent mark-sweep generation total 393216K, used 0K [0x00000000e8000000, 0x0000000100000000, 0x0000000100000000)
 Metaspace       used 18003K, capacity 18336K, committed 18688K, reserved 1064960K
  class space    used 2035K, capacity 2196K, committed 2304K, reserved 1048576K
}
2017-05-03T07:59:13.907+0200: 2,362: Total time for which application threads were stopped: 0,0152409 seconds, Stopping threads took: 0,0003974 seconds
2017-05-03T07:59:14.386+0200: 2,840: Total time for which application threads were stopped: 0,0002973 seconds, Stopping threads took: 0,0000204 seconds
{Heap before GC invocations=1 (full 0):
 par new generation   total 109248K, used 99654K [0x00000000e0000000, 0x00000000e8000000, 0x00000000e8000000)
  eden space 87424K, 100% used [0x00000000e0000000, 0x00000000e5560000, 0x00000000e5560000)
  from space 21824K,  56% used [0x00000000e6ab0000, 0x00000000e76a1960, 0x00000000e8000000)
  to   space 21824K,   0% used [0x00000000e5560000, 0x00000000e5560000, 0x00000000e6ab0000)
 concurrent mark-sweep generation total 393216K, used 0K [0x00000000e8000000, 0x0000000100000000, 0x0000000100000000)
 Metaspace       used 20052K, capacity 20386K, committed 20736K, reserved 1067008K
  class space    used 2301K, capacity 2479K, committed 2560K, reserved 1048576K
2017-05-03T07:59:14.424+0200: 2,879: [GC (Allocation Failure) 2017-05-03T07:59:14.424+0200: 2,879: [ParNew
Desired survivor size 20112992 bytes, new threshold 8 (max 8)
- age   1:    3771520 bytes,    3771520 total
- age   2:    6620760 bytes,   10392280 total
: 99654K->13716K(109248K), 0,0156301 secs] 99654K->13716K(502464K), 0,0157032 secs] [Times: user=0,06 sys=0,00, real=0,02 secs] 
Heap after GC invocations=2 (full 0):
 par new generation   total 109248K, used 13716K [0x00000000e0000000, 0x00000000e8000000, 0x00000000e8000000)
  eden space 87424K,   0% used [0x00000000e0000000, 0x00000000e0000000, 0x00000000e5560000)
  from space 21824K,  62% used [0x00000000e5560000, 0x00000000e62c53c0, 0x00000000e6ab0000)
  to   space 21824K,   0% used [0x00000000e6ab0000, 0x00000000e6ab0000, 0x00000000e8000000)
 concurrent mark-sweep generation total 393216K, used 0K [0x00000000e8000000, 0x0000000100000000, 0x0000000100000000)
 Metaspace       used 20052K, capacity 20386K, committed 20736K, reserved 1067008K
  class space    used 2301K, capacity 2479K, committed 2560K, reserved 1048576K
}
2017-05-03T07:59:14.440+0200: 2,895: Total time for which application threads were stopped: 0,0161170 seconds, Stopping threads took: 0,0000808 seconds
2017-05-03T07:59:14.483+0200: 2,937: Total time for which application threads were stopped: 0,0003382 seconds, Stopping threads took: 0,0000545 seconds
2017-05-03T07:59:14.618+0200: 3,073: Total time for which application threads were stopped: 0,0002179 seconds, Stopping threads took: 0,0000879 seconds
{Heap before GC invocations=2 (full 0):
 par new generation   total 109248K, used 101140K [0x00000000e0000000, 0x00000000e8000000, 0x00000000e8000000)
  eden space 87424K, 100% used [0x00000000e0000000, 0x00000000e5560000, 0x00000000e5560000)
  from space 21824K,  62% used [0x00000000e5560000, 0x00000000e62c53c0, 0x00000000e6ab0000)
  to   space 21824K,   0% used [0x00000000e6ab0000, 0x00000000e6ab0000, 0x00000000e8000000)
 concurrent mark-sweep generation total 393216K, used 0K [0x00000000e8000000, 0x0000000100000000, 0x0000000100000000)
 Metaspace       used 21005K, capacity 21378K, committed 21552K, reserved 1069056K
  class space    used 2430K, capacity 2599K, committed 2608K, reserved 1048576K
2017-05-03T07:59:14.642+0200: 3,097: [GC (Allocation Failure) 2017-05-03T07:59:14.642+0200: 3,097: [ParNew
Desired survivor size 20112992 bytes, new threshold 8 (max 8)
- age   1:    2354328 bytes,    2354328 total
- age   2:     899512 bytes,    3253840 total
- age   3:    6618544 bytes,    9872384 total
: 101140K->12972K(109248K), 0,0092997 secs] 101140K->12972K(502464K), 0,0093803 secs] [Times: user=0,03 sys=0,00, real=0,01 secs] 
Heap after GC invocations=3 (full 0):
 par new generation   total 109248K, used 12972K [0x00000000e0000000, 0x00000000e8000000, 0x00000000e8000000)
  eden space 87424K,   0% used [0x00000000e0000000, 0x00000000e0000000, 0x00000000e5560000)
  from space 21824K,  59% used [0x00000000e6ab0000, 0x00000000e775b018, 0x00000000e8000000)
  to   space 21824K,   0% used [0x00000000e5560000, 0x00000000e5560000, 0x00000000e6ab0000)
 concurrent mark-sweep generation total 393216K, used 0K [0x00000000e8000000, 0x0000000100000000, 0x0000000100000000)
 Metaspace       used 21005K, capacity 21378K, committed 21552K, reserved 1069056K
  class space    used 2430K, capacity 2599K, committed 2608K, reserved 1048576K
}
2017-05-03T07:59:14.652+0200: 3,106: Total time for which application threads were stopped: 0,0109117 seconds, Stopping threads took: 0,0014119 seconds
2017-05-03T07:59:14.658+0200: 3,113: [GC (CMS Initial Mark) [1 CMS-initial-mark: 0K(393216K)] 15692K(502464K), 0,0029964 secs] [Times: user=0,01 sys=0,00, real=0,00 secs] 
2017-05-03T07:59:14.661+0200: 3,116: Total time for which application threads were stopped: 0,0069953 seconds, Stopping threads took: 0,0039102 seconds
2017-05-03T07:59:14.661+0200: 3,116: [CMS-concurrent-mark-start]
2017-05-03T07:59:14.662+0200: 3,116: [CMS-concurrent-mark: 0,000/0,000 secs] [Times: user=0,00 sys=0,00, real=0,00 secs] 
2017-05-03T07:59:14.662+0200: 3,116: [CMS-concurrent-preclean-start]
2017-05-03T07:59:14.663+0200: 3,117: [CMS-concurrent-preclean: 0,001/0,001 secs] [Times: user=0,01 sys=0,00, real=0,00 secs] 
2017-05-03T07:59:14.663+0200: 3,118: [CMS-concurrent-abortable-preclean-start]
2017-05-03T07:59:14.759+0200: 3,213: Total time for which application threads were stopped: 0,0003305 seconds, Stopping threads took: 0,0002571 seconds
{Heap before GC invocations=3 (full 1):
 par new generation   total 109248K, used 100396K [0x00000000e0000000, 0x00000000e8000000, 0x00000000e8000000)
  eden space 87424K, 100% used [0x00000000e0000000, 0x00000000e5560000, 0x00000000e5560000)
  from space 21824K,  59% used [0x00000000e6ab0000, 0x00000000e775b018, 0x00000000e8000000)
  to   space 21824K,   0% used [0x00000000e5560000, 0x00000000e5560000, 0x00000000e6ab0000)
 concurrent mark-sweep generation total 393216K, used 0K [0x00000000e8000000, 0x0000000100000000, 0x0000000100000000)
 Metaspace       used 21251K, capacity 21590K, committed 21756K, reserved 1069056K
  class space    used 2452K, capacity 2614K, committed 2736K, reserved 1048576K
2017-05-03T07:59:14.788+0200: 3,243: [GC (Allocation Failure) 2017-05-03T07:59:14.788+0200: 3,243: [ParNew
Desired survivor size 20112992 bytes, new threshold 8 (max 8)
- age   1:    1018448 bytes,    1018448 total
- age   2:    1457992 bytes,    2476440 total
- age   3:     870056 bytes,    3346496 total
- age   4:    6618544 bytes,    9965040 total
: 100396K->11377K(109248K), 0,0094431 secs] 100396K->11377K(502464K), 0,0095090 secs] [Times: user=0,03 sys=0,00, real=0,01 secs] 
Heap after GC invocations=4 (full 1):
 par new generation   total 109248K, used 11377K [0x00000000e0000000, 0x00000000e8000000, 0x00000000e8000000)
  eden space 87424K,   0% used [0x00000000e0000000, 0x00000000e0000000, 0x00000000e5560000)
  from space 21824K,  52% used [0x00000000e5560000, 0x00000000e607c678, 0x00000000e6ab0000)
  to   space 21824K,   0% used [0x00000000e6ab0000, 0x00000000e6ab0000, 0x00000000e8000000)
 concurrent mark-sweep generation total 393216K, used 0K [0x00000000e8000000, 0x0000000100000000, 0x0000000100000000)
 Metaspace       used 21251K, capacity 21590K, committed 21756K, reserved 1069056K
  class space    used 2452K, capacity 2614K, committed 2736K, reserved 1048576K
}
2017-05-03T07:59:14.797+0200: 3,252: Total time for which application threads were stopped: 0,0097276 seconds, Stopping threads took: 0,0000840 seconds
2017-05-03T07:59:14.797+0200: 3,252: [CMS-concurrent-abortable-preclean: 0,097/0,135 secs] [Times: user=0,50 sys=0,00, real=0,13 secs] 
2017-05-03T07:59:14.802+0200: 3,257: [GC (CMS Final Remark) [YG occupancy: 13351 K (109248 K)]{Heap before GC invocations=4 (full 1):
 par new generation   total 109248K, used 13351K [0x00000000e0000000, 0x00000000e8000000, 0x00000000e8000000)
  eden space 87424K,   2% used [0x00000000e0000000, 0x00000000e01ed628, 0x00000000e5560000)
  from space 21824K,  52% used [0x00000000e5560000, 0x00000000e607c678, 0x00000000e6ab0000)
  to   space 21824K,   0% used [0x00000000e6ab0000, 0x00000000e6ab0000, 0x00000000e8000000)
 concurrent mark-sweep generation total 393216K, used 0K [0x00000000e8000000, 0x0000000100000000, 0x0000000100000000)
 Metaspace       used 21251K, capacity 21590K, committed 21756K, reserved 1069056K
  class space    used 2452K, capacity 2614K, committed 2736K, reserved 1048576K
2017-05-03T07:59:14.802+0200: 3,257: [GC (CMS Final Remark) 2017-05-03T07:59:14.802+0200: 3,257: [ParNew
Desired survivor size 20112992 bytes, new threshold 8 (max 8)
- age   1:     435328 bytes,     435328 total
- age   2:     844344 bytes,    1279672 total
- age   3:    1457992 bytes,    2737664 total
- age   4:     870056 bytes,    3607720 total
- age   5:    6618568 bytes,   10226288 total
: 13351K->14984K(109248K), 0,0092164 secs] 13351K->14984K(502464K), 0,0092620 secs] [Times: user=0,04 sys=0,00, real=0,01 secs] 
Heap after GC invocations=5 (full 1):
 par new generation   total 109248K, used 14984K [0x00000000e0000000, 0x00000000e8000000, 0x00000000e8000000)
  eden space 87424K,   0% used [0x00000000e0000000, 0x00000000e0000000, 0x00000000e5560000)
  from space 21824K,  68% used [0x00000000e6ab0000, 0x00000000e79523b0, 0x00000000e8000000)
  to   space 21824K,   0% used [0x00000000e5560000, 0x00000000e5560000, 0x00000000e6ab0000)
 concurrent mark-sweep generation total 393216K, used 0K [0x00000000e8000000, 0x0000000100000000, 0x0000000100000000)
 Metaspace       used 21251K, capacity 21590K, committed 21756K, reserved 1069056K
  class space    used 2452K, capacity 2614K, committed 2736K, reserved 1048576K
}
2017-05-03T07:59:14.812+0200: 3,266: [Rescan (parallel) , 0,0040995 secs]2017-05-03T07:59:14.816+0200: 3,270: [weak refs processing, 0,0015989 secs]2017-05-03T07:59:14.817+0200: 3,272: [class unloading, 0,0027925 secs]2017-05-03T07:59:14.820+0200: 3,275: [scrub symbol table, 0,0034219 secs]2017-05-03T07:59:14.824+0200: 3,278: [scrub string table, 0,0004042 secs][1 CMS-remark: 0K(393216K)] 14984K(502464K), 0,0222421 secs] [Times: user=0,06 sys=0,00, real=0,02 secs] 
2017-05-03T07:59:14.825+0200: 3,279: Total time for which application threads were stopped: 0,0261576 seconds, Stopping threads took: 0,0038372 seconds
2017-05-03T07:59:14.825+0200: 3,279: [CMS-concurrent-sweep-start]
2017-05-03T07:59:14.825+0200: 3,279: [CMS-concurrent-sweep: 0,000/0,000 secs] [Times: user=0,00 sys=0,00, real=0,00 secs] 
2017-05-03T07:59:14.825+0200: 3,279: [CMS-concurrent-reset-start]
2017-05-03T07:59:14.827+0200: 3,282: [CMS-concurrent-reset: 0,002/0,002 secs] [Times: user=0,01 sys=0,00, real=0,00 secs] 
{Heap before GC invocations=5 (full 1):
 par new generation   total 109248K, used 102408K [0x00000000e0000000, 0x00000000e8000000, 0x00000000e8000000)
  eden space 87424K, 100% used [0x00000000e0000000, 0x00000000e5560000, 0x00000000e5560000)
  from space 21824K,  68% used [0x00000000e6ab0000, 0x00000000e79523b0, 0x00000000e8000000)
  to   space 21824K,   0% used [0x00000000e5560000, 0x00000000e5560000, 0x00000000e6ab0000)
 concurrent mark-sweep generation total 393216K, used 0K [0x00000000e8000000, 0x0000000100000000, 0x0000000100000000)
 Metaspace       used 21410K, capacity 21832K, committed 22012K, reserved 1069056K
  class space    used 2473K, capacity 2649K, committed 2736K, reserved 1048576K
2017-05-03T07:59:14.917+0200: 3,372: [GC (Allocation Failure) 2017-05-03T07:59:14.917+0200: 3,372: [ParNew
Desired survivor size 20112992 bytes, new threshold 8 (max 8)
- age   1:    1087064 bytes,    1087064 total
- age   2:        664 bytes,    1087728 total
- age   3:     176528 bytes,    1264256 total
- age   4:    1457432 bytes,    2721688 total
- age   5:     868104 bytes,    3589792 total
- age   6:    6618776 bytes,   10208568 total
: 102408K->11771K(109248K), 0,0093057 secs] 102408K->11771K(502464K), 0,0093856 secs] [Times: user=0,03 sys=0,00, real=0,01 secs] 
Heap after GC invocations=6 (full 1):
 par new generation   total 109248K, used 11771K [0x00000000e0000000, 0x00000000e8000000, 0x00000000e8000000)
  eden space 87424K,   0% used [0x00000000e0000000, 0x00000000e0000000, 0x00000000e5560000)
  from space 21824K,  53% used [0x00000000e5560000, 0x00000000e60ded80, 0x00000000e6ab0000)
  to   space 21824K,   0% used [0x00000000e6ab0000, 0x00000000e6ab0000, 0x00000000e8000000)
 concurrent mark-sweep generation total 393216K, used 0K [0x00000000e8000000, 0x0000000100000000, 0x0000000100000000)
 Metaspace       used 21410K, capacity 21832K, committed 22012K, reserved 1069056K
  class space    used 2473K, capacity 2649K, committed 2736K, reserved 1048576K
}
2017-05-03T07:59:14.926+0200: 3,381: Total time for which application threads were stopped: 0,0096444 seconds, Stopping threads took: 0,0001121 seconds
2017-05-03T07:59:14.960+0200: 3,415: Total time for which application threads were stopped: 0,0004459 seconds, Stopping threads took: 0,0000438 seconds
2017-05-03T07:59:15.198+0200: 3,652: Total time for which application threads were stopped: 0,0004318 seconds, Stopping threads took: 0,0000298 seconds
2017-05-03T07:59:15.216+0200: 3,670: Total time for which application threads were stopped: 0,0004031 seconds, Stopping threads took: 0,0000422 seconds
{Heap before GC invocations=6 (full 1):
 par new generation   total 109248K, used 99195K [0x00000000e0000000, 0x00000000e8000000, 0x00000000e8000000)
  eden space 87424K, 100% used [0x00000000e0000000, 0x00000000e5560000, 0x00000000e5560000)
  from space 21824K,  53% used [0x00000000e5560000, 0x00000000e60ded80, 0x00000000e6ab0000)
  to   space 21824K,   0% used [0x00000000e6ab0000, 0x00000000e6ab0000, 0x00000000e8000000)
 concurrent mark-sweep generation total 393216K, used 0K [0x00000000e8000000, 0x0000000100000000, 0x0000000100000000)
 Metaspace       used 23755K, capacity 24198K, committed 24240K, reserved 1071104K
  class space    used 2797K, capacity 2990K, committed 2992K, reserved 1048576K
2017-05-03T07:59:15.427+0200: 3,882: [GC (Allocation Failure) 2017-05-03T07:59:15.427+0200: 3,882: [ParNew
Desired survivor size 20112992 bytes, new threshold 8 (max 8)
- age   1:    5181936 bytes,    5181936 total
- age   2:     128536 bytes,    5310472 total
- age   3:        664 bytes,    5311136 total
- age   4:     175464 bytes,    5486600 total
- age   5:     287768 bytes,    5774368 total
- age   6:     841912 bytes,    6616280 total
- age   7:    6610376 bytes,   13226656 total
: 99195K->15659K(109248K), 0,0163204 secs] 99195K->15659K(502464K), 0,0163945 secs] [Times: user=0,06 sys=0,00, real=0,02 secs] 
Heap after GC invocations=7 (full 1):
 par new generation   total 109248K, used 15659K [0x00000000e0000000, 0x00000000e8000000, 0x00000000e8000000)
  eden space 87424K,   0% used [0x00000000e0000000, 0x00000000e0000000, 0x00000000e5560000)
  from space 21824K,  71% used [0x00000000e6ab0000, 0x00000000e79fadc0, 0x00000000e8000000)
  to   space 21824K,   0% used [0x00000000e5560000, 0x00000000e5560000, 0x00000000e6ab0000)
 concurrent mark-sweep generation total 393216K, used 0K [0x00000000e8000000, 0x0000000100000000, 0x0000000100000000)
 Metaspace       used 23755K, capacity 24198K, committed 24240K, reserved 1071104K
  class space    used 2797K, capacity 2990K, committed 2992K, reserved 1048576K
}
2017-05-03T07:59:15.444+0200: 3,899: Total time for which application threads were stopped: 0,0166941 seconds, Stopping threads took: 0,0000870 seconds
{Heap before GC invocations=7 (full 1):
 par new generation   total 109248K, used 103083K [0x00000000e0000000, 0x00000000e8000000, 0x00000000e8000000)
  eden space 87424K, 100% used [0x00000000e0000000, 0x00000000e5560000, 0x00000000e5560000)
  from space 21824K,  71% used [0x00000000e6ab0000, 0x00000000e79fadc0, 0x00000000e8000000)
  to   space 21824K,   0% used [0x00000000e5560000, 0x00000000e5560000, 0x00000000e6ab0000)
 concurrent mark-sweep generation total 393216K, used 0K [0x00000000e8000000, 0x0000000100000000, 0x0000000100000000)
 Metaspace       used 24345K, capacity 24844K, committed 25136K, reserved 1071104K
  class space    used 2859K, capacity 3055K, committed 3120K, reserved 1048576K
2017-05-03T07:59:15.536+0200: 3,991: [GC (Allocation Failure) 2017-05-03T07:59:15.536+0200: 3,991: [ParNew
Desired survivor size 20112992 bytes, new threshold 8 (max 8)
- age   1:    1870096 bytes,    1870096 total
- age   2:    1781320 bytes,    3651416 total
- age   3:      59600 bytes,    3711016 total
- age   5:      89992 bytes,    3801008 total
- age   6:     199512 bytes,    4000520 total
- age   7:     764240 bytes,    4764760 total
- age   8:    6103640 bytes,   10868400 total
: 103083K->17886K(109248K), 0,0193743 secs] 103083K->17886K(502464K), 0,0194652 secs] [Times: user=0,06 sys=0,00, real=0,02 secs] 
Heap after GC invocations=8 (full 1):
 par new generation   total 109248K, used 17886K [0x00000000e0000000, 0x00000000e8000000, 0x00000000e8000000)
  eden space 87424K,   0% used [0x00000000e0000000, 0x00000000e0000000, 0x00000000e5560000)
  from space 21824K,  81% used [0x00000000e5560000, 0x00000000e66d7b90, 0x00000000e6ab0000)
  to   space 21824K,   0% used [0x00000000e6ab0000, 0x00000000e6ab0000, 0x00000000e8000000)
 concurrent mark-sweep generation total 393216K, used 0K [0x00000000e8000000, 0x0000000100000000, 0x0000000100000000)
 Metaspace       used 24345K, capacity 24844K, committed 25136K, reserved 1071104K
  class space    used 2859K, capacity 3055K, committed 3120K, reserved 1048576K
}
2017-05-03T07:59:15.556+0200: 4,011: Total time for which application threads were stopped: 0,0200934 seconds, Stopping threads took: 0,0004108 seconds
2017-05-03T07:59:15.598+0200: 4,052: Total time for which application threads were stopped: 0,0027918 seconds, Stopping threads took: 0,0024552 seconds
{Heap before GC invocations=8 (full 1):
 par new generation   total 109248K, used 105310K [0x00000000e0000000, 0x00000000e8000000, 0x00000000e8000000)
  eden space 87424K, 100% used [0x00000000e0000000, 0x00000000e5560000, 0x00000000e5560000)
  from space 21824K,  81% used [0x00000000e5560000, 0x00000000e66d7b90, 0x00000000e6ab0000)
  to   space 21824K,   0% used [0x00000000e6ab0000, 0x00000000e6ab0000, 0x00000000e8000000)
 concurrent mark-sweep generation total 393216K, used 0K [0x00000000e8000000, 0x0000000100000000, 0x0000000100000000)
 Metaspace       used 24627K, capacity 25094K, committed 25136K, reserved 1071104K
  class space    used 2881K, capacity 3092K, committed 3120K, reserved 1048576K
2017-05-03T07:59:15.670+0200: 4,125: [GC (Allocation Failure) 2017-05-03T07:59:15.670+0200: 4,125: [ParNew
Desired survivor size 20112992 bytes, new threshold 8 (max 8)
- age   1:     623640 bytes,     623640 total
- age   2:     606784 bytes,    1230424 total
- age   3:    1754648 bytes,    2985072 total
- age   4:      59568 bytes,    3044640 total
- age   6:      89792 bytes,    3134432 total
- age   7:     193944 bytes,    3328376 total
- age   8:     762728 bytes,    4091104 total
: 105310K->8451K(109248K), 0,0297898 secs] 105310K->15069K(502464K), 0,0298493 secs] [Times: user=0,10 sys=0,01, real=0,03 secs] 
Heap after GC invocations=9 (full 1):
 par new generation   total 109248K, used 8451K [0x00000000e0000000, 0x00000000e8000000, 0x00000000e8000000)
  eden space 87424K,   0% used [0x00000000e0000000, 0x00000000e0000000, 0x00000000e5560000)
  from space 21824K,  38% used [0x00000000e6ab0000, 0x00000000e72f0f60, 0x00000000e8000000)
  to   space 21824K,   0% used [0x00000000e5560000, 0x00000000e5560000, 0x00000000e6ab0000)
 concurrent mark-sweep generation total 393216K, used 6617K [0x00000000e8000000, 0x0000000100000000, 0x0000000100000000)
 Metaspace       used 24627K, capacity 25094K, committed 25136K, reserved 1071104K
  class space    used 2881K, capacity 3092K, committed 3120K, reserved 1048576K
}
2017-05-03T07:59:15.700+0200: 4,155: Total time for which application threads were stopped: 0,0313745 seconds, Stopping threads took: 0,0013625 seconds
2017-05-03T07:59:15.777+0200: 4,232: Total time for which application threads were stopped: 0,0001619 seconds, Stopping threads took: 0,0000293 seconds
2017-05-03T07:59:15.790+0200: 4,244: Total time for which application threads were stopped: 0,0002378 seconds, Stopping threads took: 0,0001184 seconds
2017-05-03T07:59:15.863+0200: 4,318: Total time for which application threads were stopped: 0,0001361 seconds, Stopping threads took: 0,0000464 seconds
2017-05-03T07:59:15.874+0200: 4,328: Total time for which application threads were stopped: 0,0040530 seconds, Stopping threads took: 0,0039634 seconds
2017-05-03T07:59:15.875+0200: 4,329: Total time for which application threads were stopped: 0,0003006 seconds, Stopping threads took: 0,0002270 seconds
2017-05-03T07:59:15.876+0200: 4,331: Total time for which application threads were stopped: 0,0001417 seconds, Stopping threads took: 0,0000392 seconds
2017-05-03T07:59:15.876+0200: 4,331: Total time for which application threads were stopped: 0,0003477 seconds, Stopping threads took: 0,0002550 seconds
2017-05-03T07:59:15.878+0200: 4,332: Total time for which application threads were stopped: 0,0005158 seconds, Stopping threads took: 0,0003917 seconds
2017-05-03T07:59:15.881+0200: 4,336: Total time for which application threads were stopped: 0,0003239 seconds, Stopping threads took: 0,0002245 seconds
2017-05-03T07:59:15.889+0200: 4,344: Total time for which application threads were stopped: 0,0033859 seconds, Stopping threads took: 0,0032662 seconds
2017-05-03T07:59:15.889+0200: 4,344: Total time for which application threads were stopped: 0,0001249 seconds, Stopping threads took: 0,0000320 seconds
2017-05-03T07:59:15.890+0200: 4,345: Total time for which application threads were stopped: 0,0001049 seconds, Stopping threads took: 0,0000223 seconds
2017-05-03T07:59:15.890+0200: 4,345: Total time for which application threads were stopped: 0,0000889 seconds, Stopping threads took: 0,0000181 seconds
2017-05-03T07:59:15.890+0200: 4,345: Total time for which application threads were stopped: 0,0001304 seconds, Stopping threads took: 0,0000529 seconds
2017-05-03T07:59:15.890+0200: 4,345: Total time for which application threads were stopped: 0,0000874 seconds, Stopping threads took: 0,0000197 seconds
2017-05-03T07:59:15.891+0200: 4,345: Total time for which application threads were stopped: 0,0000957 seconds, Stopping threads took: 0,0000214 seconds
2017-05-03T07:59:15.891+0200: 4,346: Total time for which application threads were stopped: 0,0000848 seconds, Stopping threads took: 0,0000191 seconds
2017-05-03T07:59:15.891+0200: 4,346: Total time for which application threads were stopped: 0,0000873 seconds, Stopping threads took: 0,0000206 seconds
2017-05-03T07:59:15.891+0200: 4,346: Total time for which application threads were stopped: 0,0000783 seconds, Stopping threads took: 0,0000163 seconds
2017-05-03T07:59:15.892+0200: 4,347: Total time for which application threads were stopped: 0,0001263 seconds, Stopping threads took: 0,0000300 seconds
2017-05-03T07:59:15.892+0200: 4,347: Total time for which application threads were stopped: 0,0000908 seconds, Stopping threads took: 0,0000187 seconds
2017-05-03T07:59:15.892+0200: 4,347: Total time for which application threads were stopped: 0,0000889 seconds, Stopping threads took: 0,0000178 seconds
2017-05-03T07:59:15.893+0200: 4,347: Total time for which application threads were stopped: 0,0000856 seconds, Stopping threads took: 0,0000172 seconds
2017-05-03T07:59:15.893+0200: 4,347: Total time for which application threads were stopped: 0,0000826 seconds, Stopping threads took: 0,0000189 seconds
2017-05-03T07:59:15.898+0200: 4,353: Total time for which application threads were stopped: 0,0038618 seconds, Stopping threads took: 0,0037839 seconds
2017-05-03T07:59:15.899+0200: 4,354: Total time for which application threads were stopped: 0,0005628 seconds, Stopping threads took: 0,0005144 seconds
2017-05-03T07:59:15.899+0200: 4,354: Total time for which application threads were stopped: 0,0001564 seconds, Stopping threads took: 0,0000353 seconds
2017-05-03T07:59:15.900+0200: 4,354: Total time for which application threads were stopped: 0,0000809 seconds, Stopping threads took: 0,0000222 seconds
2017-05-03T07:59:15.904+0200: 4,359: Total time for which application threads were stopped: 0,0001358 seconds, Stopping threads took: 0,0000454 seconds
2017-05-03T07:59:15.906+0200: 4,361: Total time for which application threads were stopped: 0,0001289 seconds, Stopping threads took: 0,0000229 seconds
2017-05-03T07:59:15.915+0200: 4,370: Total time for which application threads were stopped: 0,0001116 seconds, Stopping threads took: 0,0000441 seconds
2017-05-03T07:59:15.917+0200: 4,371: Total time for which application threads were stopped: 0,0017288 seconds, Stopping threads took: 0,0016537 seconds
2017-05-03T07:59:15.919+0200: 4,374: Total time for which application threads were stopped: 0,0001301 seconds, Stopping threads took: 0,0000494 seconds
2017-05-03T07:59:15.919+0200: 4,374: Total time for which application threads were stopped: 0,0000636 seconds, Stopping threads took: 0,0000227 seconds
2017-05-03T07:59:15.919+0200: 4,374: Total time for which application threads were stopped: 0,0000694 seconds, Stopping threads took: 0,0000204 seconds
2017-05-03T07:59:15.919+0200: 4,374: Total time for which application threads were stopped: 0,0000824 seconds, Stopping threads took: 0,0000227 seconds
2017-05-03T07:59:15.919+0200: 4,374: Total time for which application threads were stopped: 0,0000629 seconds, Stopping threads took: 0,0000162 seconds
2017-05-03T07:59:15.920+0200: 4,374: Total time for which application threads were stopped: 0,0000719 seconds, Stopping threads took: 0,0000167 seconds
2017-05-03T07:59:15.920+0200: 4,374: Total time for which application threads were stopped: 0,0000668 seconds, Stopping threads took: 0,0000162 seconds
2017-05-03T07:59:15.920+0200: 4,374: Total time for which application threads were stopped: 0,0000702 seconds, Stopping threads took: 0,0000186 seconds
2017-05-03T07:59:15.920+0200: 4,375: Total time for which application threads were stopped: 0,0000808 seconds, Stopping threads took: 0,0000195 seconds
2017-05-03T07:59:15.920+0200: 4,375: Total time for which application threads were stopped: 0,0000757 seconds, Stopping threads took: 0,0000222 seconds
2017-05-03T07:59:15.920+0200: 4,375: Total time for which application threads were stopped: 0,0000719 seconds, Stopping threads took: 0,0000190 seconds
2017-05-03T07:59:15.920+0200: 4,375: Total time for which application threads were stopped: 0,0000739 seconds, Stopping threads took: 0,0000187 seconds
2017-05-03T07:59:15.921+0200: 4,375: Total time for which application threads were stopped: 0,0000675 seconds, Stopping threads took: 0,0000183 seconds
2017-05-03T07:59:15.921+0200: 4,375: Total time for which application threads were stopped: 0,0000738 seconds, Stopping threads took: 0,0000189 seconds
2017-05-03T07:59:15.921+0200: 4,376: Total time for which application threads were stopped: 0,0000664 seconds, Stopping threads took: 0,0000161 seconds
2017-05-03T07:59:15.921+0200: 4,376: Total time for which application threads were stopped: 0,0000767 seconds, Stopping threads took: 0,0000204 seconds
2017-05-03T07:59:15.921+0200: 4,376: Total time for which application threads were stopped: 0,0000929 seconds, Stopping threads took: 0,0000158 seconds
2017-05-03T07:59:15.921+0200: 4,376: Total time for which application threads were stopped: 0,0001679 seconds, Stopping threads took: 0,0000158 seconds
2017-05-03T07:59:15.923+0200: 4,377: Total time for which application threads were stopped: 0,0010190 seconds, Stopping threads took: 0,0009496 seconds
2017-05-03T07:59:15.931+0200: 4,386: Total time for which application threads were stopped: 0,0001433 seconds, Stopping threads took: 0,0000319 seconds
2017-05-03T07:59:15.933+0200: 4,387: Total time for which application threads were stopped: 0,0001235 seconds, Stopping threads took: 0,0000449 seconds
2017-05-03T07:59:15.939+0200: 4,394: Total time for which application threads were stopped: 0,0001314 seconds, Stopping threads took: 0,0000382 seconds
2017-05-03T07:59:15.939+0200: 4,394: Total time for which application threads were stopped: 0,0000668 seconds, Stopping threads took: 0,0000250 seconds
2017-05-03T07:59:15.939+0200: 4,394: Total time for which application threads were stopped: 0,0000649 seconds, Stopping threads took: 0,0000174 seconds
2017-05-03T07:59:15.939+0200: 4,394: Total time for which application threads were stopped: 0,0000689 seconds, Stopping threads took: 0,0000194 seconds
2017-05-03T07:59:15.940+0200: 4,395: Total time for which application threads were stopped: 0,0000827 seconds, Stopping threads took: 0,0000176 seconds
2017-05-03T07:59:15.940+0200: 4,395: Total time for which application threads were stopped: 0,0000702 seconds, Stopping threads took: 0,0000124 seconds
2017-05-03T07:59:15.943+0200: 4,398: Total time for which application threads were stopped: 0,0001246 seconds, Stopping threads took: 0,0000298 seconds
2017-05-03T07:59:15.944+0200: 4,399: Total time for which application threads were stopped: 0,0000983 seconds, Stopping threads took: 0,0000316 seconds
2017-05-03T07:59:15.947+0200: 4,401: Total time for which application threads were stopped: 0,0001474 seconds, Stopping threads took: 0,0000410 seconds
2017-05-03T07:59:15.950+0200: 4,404: Total time for which application threads were stopped: 0,0001210 seconds, Stopping threads took: 0,0000462 seconds
2017-05-03T07:59:15.951+0200: 4,406: Total time for which application threads were stopped: 0,0001115 seconds, Stopping threads took: 0,0000351 seconds
2017-05-03T07:59:15.952+0200: 4,407: Total time for which application threads were stopped: 0,0001754 seconds, Stopping threads took: 0,0000320 seconds
2017-05-03T07:59:15.952+0200: 4,407: Total time for which application threads were stopped: 0,0000561 seconds, Stopping threads took: 0,0000112 seconds
2017-05-03T07:59:15.953+0200: 4,407: Total time for which application threads were stopped: 0,0000840 seconds, Stopping threads took: 0,0000295 seconds
2017-05-03T07:59:15.955+0200: 4,410: Total time for which application threads were stopped: 0,0001079 seconds, Stopping threads took: 0,0000244 seconds
2017-05-03T07:59:15.959+0200: 4,413: Total time for which application threads were stopped: 0,0001614 seconds, Stopping threads took: 0,0000552 seconds
2017-05-03T07:59:15.959+0200: 4,413: Total time for which application threads were stopped: 0,0001100 seconds, Stopping threads took: 0,0000280 seconds
2017-05-03T07:59:15.959+0200: 4,414: Total time for which application threads were stopped: 0,0000987 seconds, Stopping threads took: 0,0000324 seconds
2017-05-03T07:59:15.959+0200: 4,414: Total time for which application threads were stopped: 0,0000888 seconds, Stopping threads took: 0,0000272 seconds
2017-05-03T07:59:15.959+0200: 4,414: Total time for which application threads were stopped: 0,0001043 seconds, Stopping threads took: 0,0000307 seconds
2017-05-03T07:59:15.960+0200: 4,415: Total time for which application threads were stopped: 0,0001378 seconds, Stopping threads took: 0,0000364 seconds
2017-05-03T07:59:15.960+0200: 4,415: Total time for which application threads were stopped: 0,0000802 seconds, Stopping threads took: 0,0000267 seconds
2017-05-03T07:59:15.960+0200: 4,415: Total time for which application threads were stopped: 0,0001031 seconds, Stopping threads took: 0,0000289 seconds
2017-05-03T07:59:15.961+0200: 4,416: Total time for which application threads were stopped: 0,0001198 seconds, Stopping threads took: 0,0000393 seconds
2017-05-03T07:59:15.962+0200: 4,416: Total time for which application threads were stopped: 0,0000951 seconds, Stopping threads took: 0,0000202 seconds
2017-05-03T07:59:15.965+0200: 4,420: Total time for which application threads were stopped: 0,0035267 seconds, Stopping threads took: 0,0034555 seconds
2017-05-03T07:59:15.966+0200: 4,420: Total time for which application threads were stopped: 0,0000844 seconds, Stopping threads took: 0,0000276 seconds
2017-05-03T07:59:15.966+0200: 4,421: Total time for which application threads were stopped: 0,0000894 seconds, Stopping threads took: 0,0000316 seconds
2017-05-03T07:59:15.966+0200: 4,421: Total time for which application threads were stopped: 0,0000699 seconds, Stopping threads took: 0,0000183 seconds
2017-05-03T07:59:15.970+0200: 4,425: Total time for which application threads were stopped: 0,0022005 seconds, Stopping threads took: 0,0021268 seconds
2017-05-03T07:59:15.970+0200: 4,425: Total time for which application threads were stopped: 0,0001331 seconds, Stopping threads took: 0,0000185 seconds
2017-05-03T07:59:16.015+0200: 4,470: Total time for which application threads were stopped: 0,0002419 seconds, Stopping threads took: 0,0001151 seconds
2017-05-03T07:59:16.023+0200: 4,478: Total time for which application threads were stopped: 0,0002242 seconds, Stopping threads took: 0,0001433 seconds
2017-05-03T07:59:16.031+0200: 4,486: Total time for which application threads were stopped: 0,0001696 seconds, Stopping threads took: 0,0000674 seconds
2017-05-03T07:59:16.031+0200: 4,486: Total time for which application threads were stopped: 0,0003643 seconds, Stopping threads took: 0,0000177 seconds
2017-05-03T07:59:16.033+0200: 4,487: Total time for which application threads were stopped: 0,0001649 seconds, Stopping threads took: 0,0000709 seconds
2017-05-03T07:59:16.033+0200: 4,488: Total time for which application threads were stopped: 0,0001247 seconds, Stopping threads took: 0,0000474 seconds
2017-05-03T07:59:16.059+0200: 4,513: Total time for which application threads were stopped: 0,0001440 seconds, Stopping threads took: 0,0000237 seconds
2017-05-03T07:59:16.078+0200: 4,533: Total time for which application threads were stopped: 0,0001740 seconds, Stopping threads took: 0,0000647 seconds
2017-05-03T07:59:16.124+0200: 4,578: Total time for which application threads were stopped: 0,0005158 seconds, Stopping threads took: 0,0000415 seconds
2017-05-03T07:59:16.153+0200: 4,608: Total time for which application threads were stopped: 0,0007179 seconds, Stopping threads took: 0,0000409 seconds
2017-05-03T07:59:16.227+0200: 4,682: Total time for which application threads were stopped: 0,0004392 seconds, Stopping threads took: 0,0000525 seconds
2017-05-03T07:59:16.229+0200: 4,684: Total time for which application threads were stopped: 0,0001028 seconds, Stopping threads took: 0,0000254 seconds
2017-05-03T07:59:16.230+0200: 4,684: Total time for which application threads were stopped: 0,0002116 seconds, Stopping threads took: 0,0001643 seconds
2017-05-03T07:59:16.243+0200: 4,697: Total time for which application threads were stopped: 0,0000916 seconds, Stopping threads took: 0,0000234 seconds
2017-05-03T07:59:16.259+0200: 4,713: Total time for which application threads were stopped: 0,0001520 seconds, Stopping threads took: 0,0000512 seconds
2017-05-03T07:59:16.277+0200: 4,732: Total time for which application threads were stopped: 0,0001146 seconds, Stopping threads took: 0,0000235 seconds
2017-05-03T07:59:16.298+0200: 4,753: Total time for which application threads were stopped: 0,0002497 seconds, Stopping threads took: 0,0001470 seconds
2017-05-03T07:59:16.310+0200: 4,765: Total time for which application threads were stopped: 0,0064025 seconds, Stopping threads took: 0,0062949 seconds
2017-05-03T07:59:16.353+0200: 4,808: Total time for which application threads were stopped: 0,0063974 seconds, Stopping threads took: 0,0060527 seconds
2017-05-03T07:59:16.364+0200: 4,819: Total time for which application threads were stopped: 0,0004323 seconds, Stopping threads took: 0,0000236 seconds
2017-05-03T07:59:16.378+0200: 4,833: Total time for which application threads were stopped: 0,0001078 seconds, Stopping threads took: 0,0000369 seconds
2017-05-03T07:59:17.378+0200: 5,833: Total time for which application threads were stopped: 0,0000847 seconds, Stopping threads took: 0,0000167 seconds
{Heap before GC invocations=9 (full 1):
 par new generation   total 109248K, used 95875K [0x00000000e0000000, 0x00000000e8000000, 0x00000000e8000000)
  eden space 87424K, 100% used [0x00000000e0000000, 0x00000000e5560000, 0x00000000e5560000)
  from space 21824K,  38% used [0x00000000e6ab0000, 0x00000000e72f0f60, 0x00000000e8000000)
  to   space 21824K,   0% used [0x00000000e5560000, 0x00000000e5560000, 0x00000000e6ab0000)
 concurrent mark-sweep generation total 393216K, used 6617K [0x00000000e8000000, 0x0000000100000000, 0x0000000100000000)
 Metaspace       used 28038K, capacity 28600K, committed 28848K, reserved 1075200K
  class space    used 3218K, capacity 3401K, committed 3504K, reserved 1048576K
2017-05-03T07:59:18.682+0200: 7,137: [GC (Allocation Failure) 2017-05-03T07:59:18.682+0200: 7,137: [ParNew
Desired survivor size 20112992 bytes, new threshold 8 (max 8)
- age   1:   11112312 bytes,   11112312 total
- age   2:     255264 bytes,   11367576 total
- age   3:     207808 bytes,   11575384 total
- age   4:    1748560 bytes,   13323944 total
- age   5:      59568 bytes,   13383512 total
- age   7:      89664 bytes,   13473176 total
- age   8:     193512 bytes,   13666688 total
: 95875K->14619K(109248K), 0,0504270 secs] 102493K->21994K(502464K), 0,0505212 secs] [Times: user=0,05 sys=0,00, real=0,05 secs] 
Heap after GC invocations=10 (full 1):
 par new generation   total 109248K, used 14619K [0x00000000e0000000, 0x00000000e8000000, 0x00000000e8000000)
  eden space 87424K,   0% used [0x00000000e0000000, 0x00000000e0000000, 0x00000000e5560000)
  from space 21824K,  66% used [0x00000000e5560000, 0x00000000e63a6ec0, 0x00000000e6ab0000)
  to   space 21824K,   0% used [0x00000000e6ab0000, 0x00000000e6ab0000, 0x00000000e8000000)
 concurrent mark-sweep generation total 393216K, used 7374K [0x00000000e8000000, 0x0000000100000000, 0x0000000100000000)
 Metaspace       used 28038K, capacity 28600K, committed 28848K, reserved 1075200K
  class space    used 3218K, capacity 3401K, committed 3504K, reserved 1048576K
}
2017-05-03T07:59:18.732+0200: 7,187: Total time for which application threads were stopped: 0,0506916 seconds, Stopping threads took: 0,0000207 seconds
2017-05-03T07:59:18.734+0200: 7,188: Total time for which application threads were stopped: 0,0000697 seconds, Stopping threads took: 0,0000186 seconds
2017-05-03T07:59:18.734+0200: 7,188: Total time for which application threads were stopped: 0,0000286 seconds, Stopping threads took: 0,0000054 seconds
2017-05-03T08:02:17.754+0200: 186,208: Total time for which application threads were stopped: 0,0004674 seconds, Stopping threads took: 0,0001647 seconds
2017-05-03T08:03:47.763+0200: 276,218: Total time for which application threads were stopped: 0,0001419 seconds, Stopping threads took: 0,0000589 seconds
2017-05-03T08:22:42.912+0200: 1411,366: Total time for which application threads were stopped: 0,0000815 seconds, Stopping threads took: 0,0000313 seconds
2017-05-03T08:27:52.945+0200: 1721,400: Total time for which application threads were stopped: 0,0000855 seconds, Stopping threads took: 0,0000304 seconds
2017-05-03T08:27:57.946+0200: 1726,401: Total time for which application threads were stopped: 0,0000871 seconds, Stopping threads took: 0,0000206 seconds
2017-05-03T08:31:13.966+0200: 1922,420: Total time for which application threads were stopped: 0,0000821 seconds, Stopping threads took: 0,0000319 seconds
2017-05-03T08:37:34.010+0200: 2302,465: Total time for which application threads were stopped: 0,0000895 seconds, Stopping threads took: 0,0000333 seconds
2017-05-03T08:37:38.011+0200: 2306,465: Total time for which application threads were stopped: 0,0000662 seconds, Stopping threads took: 0,0000145 seconds
2017-05-03T08:52:29.104+0200: 3197,559: Total time for which application threads were stopped: 0,0000815 seconds, Stopping threads took: 0,0000309 seconds
2017-05-03T09:03:18.193+0200: 3846,648: Total time for which application threads were stopped: 0,0000837 seconds, Stopping threads took: 0,0000325 seconds
2017-05-03T09:03:28.194+0200: 3856,649: Total time for which application threads were stopped: 0,0000748 seconds, Stopping threads took: 0,0000146 seconds
2017-05-03T09:04:58.207+0200: 3946,661: Total time for which application threads were stopped: 0,0000914 seconds, Stopping threads took: 0,0000325 seconds
2017-05-03T09:17:39.313+0200: 4707,768: Total time for which application threads were stopped: 0,0000825 seconds, Stopping threads took: 0,0000307 seconds
2017-05-03T09:17:44.314+0200: 4712,769: Total time for which application threads were stopped: 0,0000654 seconds, Stopping threads took: 0,0000148 seconds
2017-05-03T09:35:13.439+0200: 5761,893: Total time for which application threads were stopped: 0,0001029 seconds, Stopping threads took: 0,0000400 seconds
2017-05-03T09:43:39.494+0200: 6267,949: Total time for which application threads were stopped: 0,0000761 seconds, Stopping threads took: 0,0000274 seconds
2017-05-03T09:49:13.533+0200: 6601,987: Total time for which application threads were stopped: 0,0000793 seconds, Stopping threads took: 0,0000291 seconds
2017-05-03T09:59:13.605+0200: 7202,060: Total time for which application threads were stopped: 0,0000995 seconds, Stopping threads took: 0,0000296 seconds
2017-05-03T10:01:13.620+0200: 7322,074: Total time for which application threads were stopped: 0,0000897 seconds, Stopping threads took: 0,0000319 seconds
2017-05-03T10:07:13.659+0200: 7682,114: Total time for which application threads were stopped: 0,0000831 seconds, Stopping threads took: 0,0000284 seconds
2017-05-03T10:07:43.663+0200: 7712,118: Total time for which application threads were stopped: 0,0007671 seconds, Stopping threads took: 0,0003112 seconds
2017-05-03T10:16:26.515+0200: 8234,970: Total time for which application threads were stopped: 0,0544359 seconds, Stopping threads took: 0,0543378 seconds
2017-05-03T10:16:26.516+0200: 8234,970: Total time for which application threads were stopped: 0,0000825 seconds, Stopping threads took: 0,0000140 seconds
2017-05-03T10:16:26.517+0200: 8234,971: Total time for which application threads were stopped: 0,0001057 seconds, Stopping threads took: 0,0000261 seconds
2017-05-03T10:16:26.522+0200: 8234,977: Total time for which application threads were stopped: 0,0053626 seconds, Stopping threads took: 0,0052640 seconds
2017-05-03T10:16:26.527+0200: 8234,982: Total time for which application threads were stopped: 0,0001135 seconds, Stopping threads took: 0,0000186 seconds
2017-05-03T10:16:26.530+0200: 8234,985: Total time for which application threads were stopped: 0,0001320 seconds, Stopping threads took: 0,0000243 seconds
2017-05-03T10:16:26.530+0200: 8234,985: Total time for which application threads were stopped: 0,0000530 seconds, Stopping threads took: 0,0000069 seconds
2017-05-03T10:16:26.531+0200: 8234,986: Total time for which application threads were stopped: 0,0001557 seconds, Stopping threads took: 0,0000139 seconds
2017-05-03T10:16:26.531+0200: 8234,986: Total time for which application threads were stopped: 0,0000490 seconds, Stopping threads took: 0,0000069 seconds
2017-05-03T10:16:26.531+0200: 8234,986: Total time for which application threads were stopped: 0,0000402 seconds, Stopping threads took: 0,0000056 seconds
2017-05-03T10:16:26.531+0200: 8234,986: Total time for which application threads were stopped: 0,0000379 seconds, Stopping threads took: 0,0000051 seconds
2017-05-03T10:16:26.531+0200: 8234,986: Total time for which application threads were stopped: 0,0000372 seconds, Stopping threads took: 0,0000049 seconds
2017-05-03T10:16:26.531+0200: 8234,986: Total time for which application threads were stopped: 0,0000352 seconds, Stopping threads took: 0,0000045 seconds
2017-05-03T10:16:26.531+0200: 8234,986: Total time for which application threads were stopped: 0,0000354 seconds, Stopping threads took: 0,0000058 seconds
2017-05-03T10:16:26.531+0200: 8234,986: Total time for which application threads were stopped: 0,0000330 seconds, Stopping threads took: 0,0000048 seconds
2017-05-03T10:16:26.531+0200: 8234,986: Total time for which application threads were stopped: 0,0000342 seconds, Stopping threads took: 0,0000048 seconds
2017-05-03T10:16:26.532+0200: 8234,986: Total time for which application threads were stopped: 0,0000418 seconds, Stopping threads took: 0,0000063 seconds
2017-05-03T10:16:26.532+0200: 8234,986: Total time for which application threads were stopped: 0,0000377 seconds, Stopping threads took: 0,0000055 seconds
2017-05-03T10:16:26.532+0200: 8234,986: Total time for which application threads were stopped: 0,0000386 seconds, Stopping threads took: 0,0000055 seconds
2017-05-03T10:16:26.532+0200: 8234,986: Total time for which application threads were stopped: 0,0000358 seconds, Stopping threads took: 0,0000061 seconds
2017-05-03T10:16:26.532+0200: 8234,987: Total time for which application threads were stopped: 0,0000366 seconds, Stopping threads took: 0,0000052 seconds
2017-05-03T10:16:26.532+0200: 8234,987: Total time for which application threads were stopped: 0,0000349 seconds, Stopping threads took: 0,0000050 seconds
2017-05-03T10:16:26.532+0200: 8234,987: Total time for which application threads were stopped: 0,0000324 seconds, Stopping threads took: 0,0000048 seconds
2017-05-03T10:16:26.532+0200: 8234,987: Total time for which application threads were stopped: 0,0000352 seconds, Stopping threads took: 0,0000047 seconds
2017-05-03T10:16:26.532+0200: 8234,987: Total time for which application threads were stopped: 0,0000336 seconds, Stopping threads took: 0,0000048 seconds
2017-05-03T10:16:26.532+0200: 8234,987: Total time for which application threads were stopped: 0,0000368 seconds, Stopping threads took: 0,0000051 seconds
2017-05-03T10:16:26.532+0200: 8234,987: Total time for which application threads were stopped: 0,0000385 seconds, Stopping threads took: 0,0000075 seconds
2017-05-03T10:16:26.532+0200: 8234,987: Total time for which application threads were stopped: 0,0000357 seconds, Stopping threads took: 0,0000053 seconds
2017-05-03T10:16:26.532+0200: 8234,987: Total time for which application threads were stopped: 0,0000362 seconds, Stopping threads took: 0,0000053 seconds
2017-05-03T10:16:26.532+0200: 8234,987: Total time for which application threads were stopped: 0,0000372 seconds, Stopping threads took: 0,0000052 seconds
2017-05-03T10:16:26.534+0200: 8234,989: Total time for which application threads were stopped: 0,0001185 seconds, Stopping threads took: 0,0000191 seconds
2017-05-03T10:16:26.545+0200: 8235,000: Total time for which application threads were stopped: 0,0001157 seconds, Stopping threads took: 0,0000425 seconds
2017-05-03T10:16:26.556+0200: 8235,010: Total time for which application threads were stopped: 0,0000962 seconds, Stopping threads took: 0,0000267 seconds
2017-05-03T10:16:26.556+0200: 8235,010: Total time for which application threads were stopped: 0,0000494 seconds, Stopping threads took: 0,0000131 seconds
2017-05-03T10:16:26.556+0200: 8235,010: Total time for which application threads were stopped: 0,0000448 seconds, Stopping threads took: 0,0000122 seconds
2017-05-03T10:16:26.556+0200: 8235,011: Total time for which application threads were stopped: 0,0000434 seconds, Stopping threads took: 0,0000115 seconds
2017-05-03T10:16:26.559+0200: 8235,013: Total time for which application threads were stopped: 0,0001245 seconds, Stopping threads took: 0,0000352 seconds
2017-05-03T10:16:26.559+0200: 8235,013: Total time for which application threads were stopped: 0,0000564 seconds, Stopping threads took: 0,0000143 seconds
2017-05-03T10:16:26.559+0200: 8235,014: Total time for which application threads were stopped: 0,0000629 seconds, Stopping threads took: 0,0000155 seconds
2017-05-03T10:16:26.563+0200: 8235,017: Total time for which application threads were stopped: 0,0004932 seconds, Stopping threads took: 0,0003935 seconds
2017-05-03T10:16:26.563+0200: 8235,018: Total time for which application threads were stopped: 0,0000869 seconds, Stopping threads took: 0,0000230 seconds
2017-05-03T10:16:26.564+0200: 8235,018: Total time for which application threads were stopped: 0,0000590 seconds, Stopping threads took: 0,0000164 seconds
2017-05-03T10:16:26.564+0200: 8235,018: Total time for which application threads were stopped: 0,0000538 seconds, Stopping threads took: 0,0000167 seconds
2017-05-03T10:16:26.564+0200: 8235,019: Total time for which application threads were stopped: 0,0000501 seconds, Stopping threads took: 0,0000150 seconds
2017-05-03T10:16:26.564+0200: 8235,019: Total time for which application threads were stopped: 0,0000495 seconds, Stopping threads took: 0,0000153 seconds
2017-05-03T10:16:26.565+0200: 8235,019: Total time for which application threads were stopped: 0,0000854 seconds, Stopping threads took: 0,0000265 seconds
2017-05-03T10:16:26.565+0200: 8235,020: Total time for which application threads were stopped: 0,0000891 seconds, Stopping threads took: 0,0000231 seconds
2017-05-03T10:16:26.566+0200: 8235,020: Total time for which application threads were stopped: 0,0000563 seconds, Stopping threads took: 0,0000138 seconds
2017-05-03T10:16:26.566+0200: 8235,020: Total time for which application threads were stopped: 0,0000457 seconds, Stopping threads took: 0,0000129 seconds
2017-05-03T10:16:26.568+0200: 8235,023: Total time for which application threads were stopped: 0,0000976 seconds, Stopping threads took: 0,0000350 seconds
2017-05-03T10:16:26.570+0200: 8235,025: Total time for which application threads were stopped: 0,0001113 seconds, Stopping threads took: 0,0000374 seconds
2017-05-03T10:16:26.573+0200: 8235,028: Total time for which application threads were stopped: 0,0000912 seconds, Stopping threads took: 0,0000261 seconds
2017-05-03T10:16:26.573+0200: 8235,028: Total time for which application threads were stopped: 0,0000501 seconds, Stopping threads took: 0,0000160 seconds
2017-05-03T10:16:26.578+0200: 8235,032: Total time for which application threads were stopped: 0,0001347 seconds, Stopping threads took: 0,0000317 seconds
2017-05-03T10:16:26.578+0200: 8235,033: Total time for which application threads were stopped: 0,0000794 seconds, Stopping threads took: 0,0000239 seconds
2017-05-03T10:16:26.579+0200: 8235,033: Total time for which application threads were stopped: 0,0001112 seconds, Stopping threads took: 0,0000263 seconds
2017-05-03T10:16:26.580+0200: 8235,036: Total time for which application threads were stopped: 0,0020008 seconds, Stopping threads took: 0,0000330 seconds
2017-05-03T10:16:26.583+0200: 8235,037: Total time for which application threads were stopped: 0,0010369 seconds, Stopping threads took: 0,0009504 seconds
2017-05-03T10:16:26.590+0200: 8235,045: Total time for which application threads were stopped: 0,0071733 seconds, Stopping threads took: 0,0070793 seconds
2017-05-03T10:16:26.593+0200: 8235,047: Total time for which application threads were stopped: 0,0015248 seconds, Stopping threads took: 0,0014398 seconds
2017-05-03T10:16:26.593+0200: 8235,048: Total time for which application threads were stopped: 0,0000652 seconds, Stopping threads took: 0,0000128 seconds
2017-05-03T10:16:26.593+0200: 8235,048: Total time for which application threads were stopped: 0,0000593 seconds, Stopping threads took: 0,0000167 seconds
2017-05-03T10:16:26.593+0200: 8235,048: Total time for which application threads were stopped: 0,0000543 seconds, Stopping threads took: 0,0000151 seconds
2017-05-03T10:16:26.593+0200: 8235,048: Total time for which application threads were stopped: 0,0000513 seconds, Stopping threads took: 0,0000117 seconds
2017-05-03T10:16:26.593+0200: 8235,048: Total time for which application threads were stopped: 0,0000440 seconds, Stopping threads took: 0,0000057 seconds
2017-05-03T10:16:26.594+0200: 8235,048: Total time for which application threads were stopped: 0,0000411 seconds, Stopping threads took: 0,0000054 seconds
2017-05-03T10:16:26.594+0200: 8235,048: Total time for which application threads were stopped: 0,0000380 seconds, Stopping threads took: 0,0000051 seconds
2017-05-03T10:16:26.594+0200: 8235,048: Total time for which application threads were stopped: 0,0000492 seconds, Stopping threads took: 0,0000125 seconds
2017-05-03T10:16:26.597+0200: 8235,052: Total time for which application threads were stopped: 0,0001497 seconds, Stopping threads took: 0,0000362 seconds
2017-05-03T10:16:26.602+0200: 8235,056: Total time for which application threads were stopped: 0,0000756 seconds, Stopping threads took: 0,0000151 seconds
2017-05-03T10:16:26.602+0200: 8235,056: Total time for which application threads were stopped: 0,0000512 seconds, Stopping threads took: 0,0000130 seconds
2017-05-03T10:16:26.602+0200: 8235,057: Total time for which application threads were stopped: 0,0001172 seconds, Stopping threads took: 0,0000080 seconds
2017-05-03T10:16:26.603+0200: 8235,058: Total time for which application threads were stopped: 0,0000696 seconds, Stopping threads took: 0,0000195 seconds
2017-05-03T10:16:26.604+0200: 8235,058: Total time for which application threads were stopped: 0,0000811 seconds, Stopping threads took: 0,0000108 seconds
Heap
 par new generation   total 109248K, used 40110K [0x00000000e0000000, 0x00000000e8000000, 0x00000000e8000000)
  eden space 87424K,  29% used [0x00000000e0000000, 0x00000000e18e4ba0, 0x00000000e5560000)
  from space 21824K,  66% used [0x00000000e5560000, 0x00000000e63a6ec0, 0x00000000e6ab0000)
  to   space 21824K,   0% used [0x00000000e6ab0000, 0x00000000e6ab0000, 0x00000000e8000000)
 concurrent mark-sweep generation total 393216K, used 7374K [0x00000000e8000000, 0x0000000100000000, 0x0000000100000000)
 Metaspace       used 28192K, capacity 28740K, committed 29104K, reserved 1075200K
  class space    used 3232K, capacity 3403K, committed 3504K, reserved 1048576K
