OpenJDK 64-Bit Server VM (25.131-b11) for linux-amd64 JRE (1.8.0_131-8u131-b11-0ubuntu1.16.04.2-b11), built on May  6 2017 02:45:27 by "buildd" with gcc 5.4.0 20160609
Memory: 4k page, physical 7867740k(7412940k free), swap 8076284k(8076284k free)
CommandLine flags: -XX:CMSInitiatingOccupancyFraction=50 -XX:CMSMaxAbortablePrecleanTime=6000 -XX:+CMSParallelRemarkEnabled -XX:+CMSScavengeBeforeRemark -XX:ConcGCThreads=4 -XX:InitialHeapSize=536870912 -XX:MaxHeapSize=536870912 -XX:MaxTenuringThreshold=8 -XX:NewRatio=3 -XX:OldPLABSize=16 -XX:OnOutOfMemoryError=/opt/solr/bin/oom_solr.sh 8983 /var/solr/logs -XX:ParallelGCThreads=4 -XX:+ParallelRefProcEnabled -XX:PretenureSizeThreshold=67108864 -XX:+PrintGC -XX:+PrintGCApplicationStoppedTime -XX:+PrintGCDateStamps -XX:+PrintGCDetails -XX:+PrintGCTimeStamps -XX:+PrintHeapAtGC -XX:+PrintTenuringDistribution -XX:SurvivorRatio=4 -XX:TargetSurvivorRatio=90 -XX:ThreadStackSize=256 -XX:+UseCMSInitiatingOccupancyOnly -XX:+UseCompressedClassPointers -XX:+UseCompressedOops -XX:+UseConcMarkSweepGC -XX:+UseParNewGC 
2017-05-27T12:17:09.633+0200: 0,132: Total time for which application threads were stopped: 0,0000782 seconds, Stopping threads took: 0,0000138 seconds
2017-05-27T12:17:09.701+0200: 0,200: Total time for which application threads were stopped: 0,0001022 seconds, Stopping threads took: 0,0000140 seconds
2017-05-27T12:17:09.714+0200: 0,213: Total time for which application threads were stopped: 0,0000861 seconds, Stopping threads took: 0,0000127 seconds
2017-05-27T12:17:09.892+0200: 0,392: Total time for which application threads were stopped: 0,0001900 seconds, Stopping threads took: 0,0000166 seconds
2017-05-27T12:17:10.127+0200: 0,626: Total time for which application threads were stopped: 0,0001512 seconds, Stopping threads took: 0,0000159 seconds
2017-05-27T12:17:10.263+0200: 0,762: Total time for which application threads were stopped: 0,0003208 seconds, Stopping threads took: 0,0000516 seconds
2017-05-27T12:17:10.365+0200: 0,864: Total time for which application threads were stopped: 0,0002499 seconds, Stopping threads took: 0,0000350 seconds
2017-05-27T12:17:10.874+0200: 1,374: Total time for which application threads were stopped: 0,0002785 seconds, Stopping threads took: 0,0000311 seconds
2017-05-27T12:17:11.146+0200: 1,646: Total time for which application threads were stopped: 0,0002006 seconds, Stopping threads took: 0,0000148 seconds
2017-05-27T12:17:11.196+0200: 1,696: Total time for which application threads were stopped: 0,0007868 seconds, Stopping threads took: 0,0000697 seconds
2017-05-27T12:17:11.277+0200: 1,777: Total time for which application threads were stopped: 0,0007327 seconds, Stopping threads took: 0,0000340 seconds
2017-05-27T12:17:11.282+0200: 1,782: Total time for which application threads were stopped: 0,0002723 seconds, Stopping threads took: 0,0000378 seconds
2017-05-27T12:17:11.355+0200: 1,855: Total time for which application threads were stopped: 0,0013158 seconds, Stopping threads took: 0,0000918 seconds
2017-05-27T12:17:11.663+0200: 2,162: Total time for which application threads were stopped: 0,0011984 seconds, Stopping threads took: 0,0000793 seconds
2017-05-27T12:17:12.044+0200: 2,544: Total time for which application threads were stopped: 0,0002560 seconds, Stopping threads took: 0,0000197 seconds
{Heap before GC invocations=0 (full 0):
 par new generation   total 109248K, used 87424K [0x00000000e0000000, 0x00000000e8000000, 0x00000000e8000000)
  eden space 87424K, 100% used [0x00000000e0000000, 0x00000000e5560000, 0x00000000e5560000)
  from space 21824K,   0% used [0x00000000e5560000, 0x00000000e5560000, 0x00000000e6ab0000)
  to   space 21824K,   0% used [0x00000000e6ab0000, 0x00000000e6ab0000, 0x00000000e8000000)
 concurrent mark-sweep generation total 393216K, used 0K [0x00000000e8000000, 0x0000000100000000, 0x0000000100000000)
 Metaspace       used 17913K, capacity 18176K, committed 18304K, reserved 1064960K
  class space    used 2029K, capacity 2164K, committed 2176K, reserved 1048576K
2017-05-27T12:17:12.103+0200: 2,602: [GC (Allocation Failure) 2017-05-27T12:17:12.103+0200: 2,602: [ParNew
Desired survivor size 20112992 bytes, new threshold 8 (max 8)
- age   1:   11897864 bytes,   11897864 total
: 87424K->11731K(109248K), 0,0165727 secs] 87424K->11731K(502464K), 0,0166533 secs] [Times: user=0,05 sys=0,02, real=0,02 secs] 
Heap after GC invocations=1 (full 0):
 par new generation   total 109248K, used 11731K [0x00000000e0000000, 0x00000000e8000000, 0x00000000e8000000)
  eden space 87424K,   0% used [0x00000000e0000000, 0x00000000e0000000, 0x00000000e5560000)
  from space 21824K,  53% used [0x00000000e6ab0000, 0x00000000e7624ed8, 0x00000000e8000000)
  to   space 21824K,   0% used [0x00000000e5560000, 0x00000000e5560000, 0x00000000e6ab0000)
 concurrent mark-sweep generation total 393216K, used 0K [0x00000000e8000000, 0x0000000100000000, 0x0000000100000000)
 Metaspace       used 17913K, capacity 18176K, committed 18304K, reserved 1064960K
  class space    used 2029K, capacity 2164K, committed 2176K, reserved 1048576K
}
2017-05-27T12:17:12.119+0200: 2,619: Total time for which application threads were stopped: 0,0212435 seconds, Stopping threads took: 0,0044083 seconds
2017-05-27T12:17:12.444+0200: 2,944: Total time for which application threads were stopped: 0,0003973 seconds, Stopping threads took: 0,0000461 seconds
{Heap before GC invocations=1 (full 0):
 par new generation   total 109248K, used 99155K [0x00000000e0000000, 0x00000000e8000000, 0x00000000e8000000)
  eden space 87424K, 100% used [0x00000000e0000000, 0x00000000e5560000, 0x00000000e5560000)
  from space 21824K,  53% used [0x00000000e6ab0000, 0x00000000e7624ed8, 0x00000000e8000000)
  to   space 21824K,   0% used [0x00000000e5560000, 0x00000000e5560000, 0x00000000e6ab0000)
 concurrent mark-sweep generation total 393216K, used 0K [0x00000000e8000000, 0x0000000100000000, 0x0000000100000000)
 Metaspace       used 20011K, capacity 20356K, committed 20736K, reserved 1067008K
  class space    used 2292K, capacity 2466K, committed 2560K, reserved 1048576K
2017-05-27T12:17:12.486+0200: 2,986: [GC (Allocation Failure) 2017-05-27T12:17:12.487+0200: 2,986: [ParNew
Desired survivor size 20112992 bytes, new threshold 8 (max 8)
- age   1:    3912488 bytes,    3912488 total
- age   2:    6396656 bytes,   10309144 total
: 99155K->13284K(109248K), 0,0101689 secs] 99155K->13284K(502464K), 0,0102442 secs] [Times: user=0,03 sys=0,00, real=0,01 secs] 
Heap after GC invocations=2 (full 0):
 par new generation   total 109248K, used 13284K [0x00000000e0000000, 0x00000000e8000000, 0x00000000e8000000)
  eden space 87424K,   0% used [0x00000000e0000000, 0x00000000e0000000, 0x00000000e5560000)
  from space 21824K,  60% used [0x00000000e5560000, 0x00000000e6259368, 0x00000000e6ab0000)
  to   space 21824K,   0% used [0x00000000e6ab0000, 0x00000000e6ab0000, 0x00000000e8000000)
 concurrent mark-sweep generation total 393216K, used 0K [0x00000000e8000000, 0x0000000100000000, 0x0000000100000000)
 Metaspace       used 20011K, capacity 20356K, committed 20736K, reserved 1067008K
  class space    used 2292K, capacity 2466K, committed 2560K, reserved 1048576K
}
2017-05-27T12:17:12.497+0200: 2,996: Total time for which application threads were stopped: 0,0105525 seconds, Stopping threads took: 0,0001332 seconds
2017-05-27T12:17:12.516+0200: 3,016: Total time for which application threads were stopped: 0,0010654 seconds, Stopping threads took: 0,0007938 seconds
2017-05-27T12:17:12.553+0200: 3,052: Total time for which application threads were stopped: 0,0004385 seconds, Stopping threads took: 0,0000975 seconds
2017-05-27T12:17:12.712+0200: 3,211: Total time for which application threads were stopped: 0,0001627 seconds, Stopping threads took: 0,0000213 seconds
{Heap before GC invocations=2 (full 0):
 par new generation   total 109248K, used 100708K [0x00000000e0000000, 0x00000000e8000000, 0x00000000e8000000)
  eden space 87424K, 100% used [0x00000000e0000000, 0x00000000e5560000, 0x00000000e5560000)
  from space 21824K,  60% used [0x00000000e5560000, 0x00000000e6259368, 0x00000000e6ab0000)
  to   space 21824K,   0% used [0x00000000e6ab0000, 0x00000000e6ab0000, 0x00000000e8000000)
 concurrent mark-sweep generation total 393216K, used 0K [0x00000000e8000000, 0x0000000100000000, 0x0000000100000000)
 Metaspace       used 20960K, capacity 21278K, committed 21628K, reserved 1069056K
  class space    used 2415K, capacity 2585K, committed 2684K, reserved 1048576K
2017-05-27T12:17:12.744+0200: 3,243: [GC (Allocation Failure) 2017-05-27T12:17:12.744+0200: 3,243: [ParNew
Desired survivor size 20112992 bytes, new threshold 8 (max 8)
- age   1:    2146984 bytes,    2146984 total
- age   2:    1081880 bytes,    3228864 total
- age   3:    6393784 bytes,    9622648 total
: 100708K->12764K(109248K), 0,0116694 secs] 100708K->12764K(502464K), 0,0117493 secs] [Times: user=0,03 sys=0,00, real=0,01 secs] 
Heap after GC invocations=3 (full 0):
 par new generation   total 109248K, used 12764K [0x00000000e0000000, 0x00000000e8000000, 0x00000000e8000000)
  eden space 87424K,   0% used [0x00000000e0000000, 0x00000000e0000000, 0x00000000e5560000)
  from space 21824K,  58% used [0x00000000e6ab0000, 0x00000000e7727268, 0x00000000e8000000)
  to   space 21824K,   0% used [0x00000000e5560000, 0x00000000e5560000, 0x00000000e6ab0000)
 concurrent mark-sweep generation total 393216K, used 0K [0x00000000e8000000, 0x0000000100000000, 0x0000000100000000)
 Metaspace       used 20960K, capacity 21278K, committed 21628K, reserved 1069056K
  class space    used 2415K, capacity 2585K, committed 2684K, reserved 1048576K
}
2017-05-27T12:17:12.756+0200: 3,255: Total time for which application threads were stopped: 0,0120238 seconds, Stopping threads took: 0,0001274 seconds
2017-05-27T12:17:12.767+0200: 3,266: [GC (CMS Initial Mark) [1 CMS-initial-mark: 0K(393216K)] 25338K(502464K), 0,0059935 secs] [Times: user=0,02 sys=0,00, real=0,01 secs] 
2017-05-27T12:17:12.773+0200: 3,272: Total time for which application threads were stopped: 0,0061779 seconds, Stopping threads took: 0,0000763 seconds
2017-05-27T12:17:12.773+0200: 3,272: [CMS-concurrent-mark-start]
2017-05-27T12:17:12.773+0200: 3,273: [CMS-concurrent-mark: 0,001/0,001 secs] [Times: user=0,00 sys=0,00, real=0,00 secs] 
2017-05-27T12:17:12.773+0200: 3,273: [CMS-concurrent-preclean-start]
2017-05-27T12:17:12.775+0200: 3,274: [CMS-concurrent-preclean: 0,001/0,001 secs] [Times: user=0,01 sys=0,00, real=0,00 secs] 
2017-05-27T12:17:12.775+0200: 3,274: [CMS-concurrent-abortable-preclean-start]
2017-05-27T12:17:12.844+0200: 3,344: Total time for which application threads were stopped: 0,0001797 seconds, Stopping threads took: 0,0000872 seconds
{Heap before GC invocations=3 (full 1):
 par new generation   total 109248K, used 100188K [0x00000000e0000000, 0x00000000e8000000, 0x00000000e8000000)
  eden space 87424K, 100% used [0x00000000e0000000, 0x00000000e5560000, 0x00000000e5560000)
  from space 21824K,  58% used [0x00000000e6ab0000, 0x00000000e7727268, 0x00000000e8000000)
  to   space 21824K,   0% used [0x00000000e5560000, 0x00000000e5560000, 0x00000000e6ab0000)
 concurrent mark-sweep generation total 393216K, used 0K [0x00000000e8000000, 0x0000000100000000, 0x0000000100000000)
 Metaspace       used 21236K, capacity 21612K, committed 21884K, reserved 1069056K
  class space    used 2444K, capacity 2599K, committed 2684K, reserved 1048576K
2017-05-27T12:17:12.890+0200: 3,390: [GC (Allocation Failure) 2017-05-27T12:17:12.890+0200: 3,390: [ParNew
Desired survivor size 20112992 bytes, new threshold 8 (max 8)
- age   1:     499144 bytes,     499144 total
- age   2:    1483432 bytes,    1982576 total
- age   3:    1050496 bytes,    3033072 total
- age   4:    6392304 bytes,    9425376 total
: 100188K->12355K(109248K), 0,0117684 secs] 100188K->12355K(502464K), 0,0118268 secs] [Times: user=0,04 sys=0,00, real=0,01 secs] 
Heap after GC invocations=4 (full 1):
 par new generation   total 109248K, used 12355K [0x00000000e0000000, 0x00000000e8000000, 0x00000000e8000000)
  eden space 87424K,   0% used [0x00000000e0000000, 0x00000000e0000000, 0x00000000e5560000)
  from space 21824K,  56% used [0x00000000e5560000, 0x00000000e6170de0, 0x00000000e6ab0000)
  to   space 21824K,   0% used [0x00000000e6ab0000, 0x00000000e6ab0000, 0x00000000e8000000)
 concurrent mark-sweep generation total 393216K, used 0K [0x00000000e8000000, 0x0000000100000000, 0x0000000100000000)
 Metaspace       used 21236K, capacity 21612K, committed 21884K, reserved 1069056K
  class space    used 2444K, capacity 2599K, committed 2684K, reserved 1048576K
}
2017-05-27T12:17:12.902+0200: 3,402: Total time for which application threads were stopped: 0,0120005 seconds, Stopping threads took: 0,0000290 seconds
{Heap before GC invocations=4 (full 1):
 par new generation   total 109248K, used 99779K [0x00000000e0000000, 0x00000000e8000000, 0x00000000e8000000)
  eden space 87424K, 100% used [0x00000000e0000000, 0x00000000e5560000, 0x00000000e5560000)
  from space 21824K,  56% used [0x00000000e5560000, 0x00000000e6170de0, 0x00000000e6ab0000)
  to   space 21824K,   0% used [0x00000000e6ab0000, 0x00000000e6ab0000, 0x00000000e8000000)
 concurrent mark-sweep generation total 393216K, used 0K [0x00000000e8000000, 0x0000000100000000, 0x0000000100000000)
 Metaspace       used 21388K, capacity 21790K, committed 21884K, reserved 1069056K
  class space    used 2463K, capacity 2634K, committed 2684K, reserved 1048576K
2017-05-27T12:17:12.998+0200: 3,497: [GC (Allocation Failure) 2017-05-27T12:17:12.998+0200: 3,498: [ParNew
Desired survivor size 20112992 bytes, new threshold 8 (max 8)
- age   1:     511624 bytes,     511624 total
- age   2:     179760 bytes,     691384 total
- age   3:    1483072 bytes,    2174456 total
- age   4:    1046552 bytes,    3221008 total
- age   5:    6392352 bytes,    9613360 total
: 99779K->11718K(109248K), 0,0113180 secs] 99779K->11718K(502464K), 0,0113894 secs] [Times: user=0,04 sys=0,00, real=0,01 secs] 
Heap after GC invocations=5 (full 1):
 par new generation   total 109248K, used 11718K [0x00000000e0000000, 0x00000000e8000000, 0x00000000e8000000)
  eden space 87424K,   0% used [0x00000000e0000000, 0x00000000e0000000, 0x00000000e5560000)
  from space 21824K,  53% used [0x00000000e6ab0000, 0x00000000e7621830, 0x00000000e8000000)
  to   space 21824K,   0% used [0x00000000e5560000, 0x00000000e5560000, 0x00000000e6ab0000)
 concurrent mark-sweep generation total 393216K, used 0K [0x00000000e8000000, 0x0000000100000000, 0x0000000100000000)
 Metaspace       used 21388K, capacity 21790K, committed 21884K, reserved 1069056K
  class space    used 2463K, capacity 2634K, committed 2684K, reserved 1048576K
}
2017-05-27T12:17:13.009+0200: 3,509: Total time for which application threads were stopped: 0,0117422 seconds, Stopping threads took: 0,0002081 seconds
2017-05-27T12:17:13.009+0200: 3,509: [CMS-concurrent-abortable-preclean: 0,150/0,235 secs] [Times: user=0,89 sys=0,00, real=0,23 secs] 
2017-05-27T12:17:13.009+0200: 3,509: [GC (CMS Final Remark) [YG occupancy: 12347 K (109248 K)]{Heap before GC invocations=5 (full 1):
 par new generation   total 109248K, used 12347K [0x00000000e0000000, 0x00000000e8000000, 0x00000000e8000000)
  eden space 87424K,   0% used [0x00000000e0000000, 0x00000000e009d708, 0x00000000e5560000)
  from space 21824K,  53% used [0x00000000e6ab0000, 0x00000000e7621830, 0x00000000e8000000)
  to   space 21824K,   0% used [0x00000000e5560000, 0x00000000e5560000, 0x00000000e6ab0000)
 concurrent mark-sweep generation total 393216K, used 0K [0x00000000e8000000, 0x0000000100000000, 0x0000000100000000)
 Metaspace       used 21388K, capacity 21790K, committed 21884K, reserved 1069056K
  class space    used 2463K, capacity 2634K, committed 2684K, reserved 1048576K
2017-05-27T12:17:13.009+0200: 3,509: [GC (CMS Final Remark) 2017-05-27T12:17:13.009+0200: 3,509: [ParNew
Desired survivor size 20112992 bytes, new threshold 8 (max 8)
- age   1:      10472 bytes,      10472 total
- age   2:     511136 bytes,     521608 total
- age   3:     179760 bytes,     701368 total
- age   4:    1483536 bytes,    2184904 total
- age   5:    1046552 bytes,    3231456 total
- age   6:    6393144 bytes,    9624600 total
: 12347K->14372K(109248K), 0,0092839 secs] 12347K->14372K(502464K), 0,0093237 secs] [Times: user=0,03 sys=0,01, real=0,02 secs] 
Heap after GC invocations=6 (full 1):
 par new generation   total 109248K, used 14372K [0x00000000e0000000, 0x00000000e8000000, 0x00000000e8000000)
  eden space 87424K,   0% used [0x00000000e0000000, 0x00000000e0000000, 0x00000000e5560000)
  from space 21824K,  65% used [0x00000000e5560000, 0x00000000e63691e8, 0x00000000e6ab0000)
  to   space 21824K,   0% used [0x00000000e6ab0000, 0x00000000e6ab0000, 0x00000000e8000000)
 concurrent mark-sweep generation total 393216K, used 0K [0x00000000e8000000, 0x0000000100000000, 0x0000000100000000)
 Metaspace       used 21388K, capacity 21790K, committed 21884K, reserved 1069056K
  class space    used 2463K, capacity 2634K, committed 2684K, reserved 1048576K
}
2017-05-27T12:17:13.019+0200: 3,519: [Rescan (parallel) , 0,0036854 secs]2017-05-27T12:17:13.023+0200: 3,522: [weak refs processing, 0,0014563 secs]2017-05-27T12:17:13.024+0200: 3,524: [class unloading, 0,0030182 secs]2017-05-27T12:17:13.027+0200: 3,527: [scrub symbol table, 0,0031127 secs]2017-05-27T12:17:13.030+0200: 3,530: [scrub string table, 0,0003997 secs][1 CMS-remark: 0K(393216K)] 14372K(502464K), 0,0216461 secs] [Times: user=0,05 sys=0,01, real=0,03 secs] 
2017-05-27T12:17:13.031+0200: 3,531: Total time for which application threads were stopped: 0,0217882 seconds, Stopping threads took: 0,0000561 seconds
2017-05-27T12:17:13.038+0200: 3,537: [CMS-concurrent-sweep-start]
2017-05-27T12:17:13.038+0200: 3,537: [CMS-concurrent-sweep: 0,000/0,000 secs] [Times: user=0,00 sys=0,00, real=0,00 secs] 
2017-05-27T12:17:13.038+0200: 3,537: [CMS-concurrent-reset-start]
2017-05-27T12:17:13.040+0200: 3,540: [CMS-concurrent-reset: 0,002/0,002 secs] [Times: user=0,00 sys=0,00, real=0,01 secs] 
2017-05-27T12:17:13.078+0200: 3,577: Total time for which application threads were stopped: 0,0004073 seconds, Stopping threads took: 0,0000350 seconds
2017-05-27T12:17:13.409+0200: 3,909: Total time for which application threads were stopped: 0,0004367 seconds, Stopping threads took: 0,0000205 seconds
2017-05-27T12:17:13.424+0200: 3,923: Total time for which application threads were stopped: 0,0004096 seconds, Stopping threads took: 0,0000211 seconds
{Heap before GC invocations=6 (full 1):
 par new generation   total 109248K, used 101796K [0x00000000e0000000, 0x00000000e8000000, 0x00000000e8000000)
  eden space 87424K, 100% used [0x00000000e0000000, 0x00000000e5560000, 0x00000000e5560000)
  from space 21824K,  65% used [0x00000000e5560000, 0x00000000e63691e8, 0x00000000e6ab0000)
  to   space 21824K,   0% used [0x00000000e6ab0000, 0x00000000e6ab0000, 0x00000000e8000000)
 concurrent mark-sweep generation total 393216K, used 0K [0x00000000e8000000, 0x0000000100000000, 0x0000000100000000)
 Metaspace       used 23672K, capacity 24156K, committed 24316K, reserved 1071104K
  class space    used 2778K, capacity 2975K, committed 3068K, reserved 1048576K
2017-05-27T12:17:13.562+0200: 4,062: [GC (Allocation Failure) 2017-05-27T12:17:13.562+0200: 4,062: [ParNew
Desired survivor size 20112992 bytes, new threshold 8 (max 8)
- age   1:    4947520 bytes,    4947520 total
- age   3:     120664 bytes,    5068184 total
- age   4:     178280 bytes,    5246464 total
- age   5:     313440 bytes,    5559904 total
- age   6:    1022288 bytes,    6582192 total
- age   7:    6384216 bytes,   12966408 total
: 101796K->14308K(109248K), 0,0132359 secs] 101796K->14308K(502464K), 0,0133031 secs] [Times: user=0,04 sys=0,00, real=0,01 secs] 
Heap after GC invocations=7 (full 1):
 par new generation   total 109248K, used 14308K [0x00000000e0000000, 0x00000000e8000000, 0x00000000e8000000)
  eden space 87424K,   0% used [0x00000000e0000000, 0x00000000e0000000, 0x00000000e5560000)
  from space 21824K,  65% used [0x00000000e6ab0000, 0x00000000e78a9288, 0x00000000e8000000)
  to   space 21824K,   0% used [0x00000000e5560000, 0x00000000e5560000, 0x00000000e6ab0000)
 concurrent mark-sweep generation total 393216K, used 0K [0x00000000e8000000, 0x0000000100000000, 0x0000000100000000)
 Metaspace       used 23672K, capacity 24156K, committed 24316K, reserved 1071104K
  class space    used 2778K, capacity 2975K, committed 3068K, reserved 1048576K
}
2017-05-27T12:17:13.576+0200: 4,076: Total time for which application threads were stopped: 0,0137969 seconds, Stopping threads took: 0,0000448 seconds
{Heap before GC invocations=7 (full 1):
 par new generation   total 109248K, used 101732K [0x00000000e0000000, 0x00000000e8000000, 0x00000000e8000000)
  eden space 87424K, 100% used [0x00000000e0000000, 0x00000000e5560000, 0x00000000e5560000)
  from space 21824K,  65% used [0x00000000e6ab0000, 0x00000000e78a9288, 0x00000000e8000000)
  to   space 21824K,   0% used [0x00000000e5560000, 0x00000000e5560000, 0x00000000e6ab0000)
 concurrent mark-sweep generation total 393216K, used 0K [0x00000000e8000000, 0x0000000100000000, 0x0000000100000000)
 Metaspace       used 24403K, capacity 24876K, committed 25084K, reserved 1071104K
  class space    used 2858K, capacity 3042K, committed 3068K, reserved 1048576K
2017-05-27T12:17:13.689+0200: 4,189: [GC (Allocation Failure) 2017-05-27T12:17:13.689+0200: 4,189: [ParNew
Desired survivor size 20112992 bytes, new threshold 8 (max 8)
- age   1:    2201568 bytes,    2201568 total
- age   2:    1764384 bytes,    3965952 total
- age   4:      56640 bytes,    4022592 total
- age   5:     105560 bytes,    4128152 total
- age   6:     201560 bytes,    4329712 total
- age   7:     881168 bytes,    5210880 total
- age   8:    5965240 bytes,   11176120 total
: 101732K->15895K(109248K), 0,0185535 secs] 101732K->15895K(502464K), 0,0186323 secs] [Times: user=0,04 sys=0,01, real=0,02 secs] 
Heap after GC invocations=8 (full 1):
 par new generation   total 109248K, used 15895K [0x00000000e0000000, 0x00000000e8000000, 0x00000000e8000000)
  eden space 87424K,   0% used [0x00000000e0000000, 0x00000000e0000000, 0x00000000e5560000)
  from space 21824K,  72% used [0x00000000e5560000, 0x00000000e64e5e90, 0x00000000e6ab0000)
  to   space 21824K,   0% used [0x00000000e6ab0000, 0x00000000e6ab0000, 0x00000000e8000000)
 concurrent mark-sweep generation total 393216K, used 0K [0x00000000e8000000, 0x0000000100000000, 0x0000000100000000)
 Metaspace       used 24403K, capacity 24876K, committed 25084K, reserved 1071104K
  class space    used 2858K, capacity 3042K, committed 3068K, reserved 1048576K
}
2017-05-27T12:17:13.708+0200: 4,207: Total time for which application threads were stopped: 0,0250681 seconds, Stopping threads took: 0,0062330 seconds
{Heap before GC invocations=8 (full 1):
 par new generation   total 109248K, used 103319K [0x00000000e0000000, 0x00000000e8000000, 0x00000000e8000000)
  eden space 87424K, 100% used [0x00000000e0000000, 0x00000000e5560000, 0x00000000e5560000)
  from space 21824K,  72% used [0x00000000e5560000, 0x00000000e64e5e90, 0x00000000e6ab0000)
  to   space 21824K,   0% used [0x00000000e6ab0000, 0x00000000e6ab0000, 0x00000000e8000000)
 concurrent mark-sweep generation total 393216K, used 0K [0x00000000e8000000, 0x0000000100000000, 0x0000000100000000)
 Metaspace       used 24569K, capacity 25116K, committed 25468K, reserved 1071104K
  class space    used 2873K, capacity 3077K, committed 3196K, reserved 1048576K
2017-05-27T12:17:13.836+0200: 4,335: [GC (Allocation Failure) 2017-05-27T12:17:13.836+0200: 4,335: [ParNew
Desired survivor size 20112992 bytes, new threshold 8 (max 8)
- age   1:     550872 bytes,     550872 total
- age   2:    1029824 bytes,    1580696 total
- age   3:    1740760 bytes,    3321456 total
- age   5:      56640 bytes,    3378096 total
- age   6:     105360 bytes,    3483456 total
- age   7:     198792 bytes,    3682248 total
- age   8:     880400 bytes,    4562648 total
: 103319K->8427K(109248K), 0,0341015 secs] 103319K->14890K(502464K), 0,0341733 secs] [Times: user=0,10 sys=0,00, real=0,03 secs] 
Heap after GC invocations=9 (full 1):
 par new generation   total 109248K, used 8427K [0x00000000e0000000, 0x00000000e8000000, 0x00000000e8000000)
  eden space 87424K,   0% used [0x00000000e0000000, 0x00000000e0000000, 0x00000000e5560000)
  from space 21824K,  38% used [0x00000000e6ab0000, 0x00000000e72eae78, 0x00000000e8000000)
  to   space 21824K,   0% used [0x00000000e5560000, 0x00000000e5560000, 0x00000000e6ab0000)
 concurrent mark-sweep generation total 393216K, used 6462K [0x00000000e8000000, 0x0000000100000000, 0x0000000100000000)
 Metaspace       used 24569K, capacity 25116K, committed 25468K, reserved 1071104K
  class space    used 2873K, capacity 3077K, committed 3196K, reserved 1048576K
}
2017-05-27T12:17:13.870+0200: 4,370: Total time for which application threads were stopped: 0,0357761 seconds, Stopping threads took: 0,0014212 seconds
2017-05-27T12:17:13.930+0200: 4,430: Total time for which application threads were stopped: 0,0011551 seconds, Stopping threads took: 0,0010675 seconds
2017-05-27T12:17:13.983+0200: 4,483: Total time for which application threads were stopped: 0,0002407 seconds, Stopping threads took: 0,0001466 seconds
2017-05-27T12:17:13.984+0200: 4,484: Total time for which application threads were stopped: 0,0001028 seconds, Stopping threads took: 0,0000301 seconds
2017-05-27T12:17:13.985+0200: 4,485: Total time for which application threads were stopped: 0,0001582 seconds, Stopping threads took: 0,0000828 seconds
2017-05-27T12:17:13.985+0200: 4,485: Total time for which application threads were stopped: 0,0000682 seconds, Stopping threads took: 0,0000180 seconds
2017-05-27T12:17:13.985+0200: 4,485: Total time for which application threads were stopped: 0,0000858 seconds, Stopping threads took: 0,0000322 seconds
2017-05-27T12:17:13.986+0200: 4,485: Total time for which application threads were stopped: 0,0000569 seconds, Stopping threads took: 0,0000122 seconds
2017-05-27T12:17:13.986+0200: 4,485: Total time for which application threads were stopped: 0,0000681 seconds, Stopping threads took: 0,0000256 seconds
2017-05-27T12:17:13.986+0200: 4,485: Total time for which application threads were stopped: 0,0000662 seconds, Stopping threads took: 0,0000230 seconds
2017-05-27T12:17:13.986+0200: 4,485: Total time for which application threads were stopped: 0,0000652 seconds, Stopping threads took: 0,0000314 seconds
2017-05-27T12:17:13.986+0200: 4,486: Total time for which application threads were stopped: 0,0000544 seconds, Stopping threads took: 0,0000178 seconds
2017-05-27T12:17:13.986+0200: 4,486: Total time for which application threads were stopped: 0,0000558 seconds, Stopping threads took: 0,0000226 seconds
2017-05-27T12:17:13.986+0200: 4,486: Total time for which application threads were stopped: 0,0000583 seconds, Stopping threads took: 0,0000221 seconds
2017-05-27T12:17:13.986+0200: 4,486: Total time for which application threads were stopped: 0,0000520 seconds, Stopping threads took: 0,0000168 seconds
2017-05-27T12:17:13.986+0200: 4,486: Total time for which application threads were stopped: 0,0000468 seconds, Stopping threads took: 0,0000095 seconds
2017-05-27T12:17:13.986+0200: 4,486: Total time for which application threads were stopped: 0,0001024 seconds, Stopping threads took: 0,0000590 seconds
2017-05-27T12:17:13.986+0200: 4,486: Total time for which application threads were stopped: 0,0000652 seconds, Stopping threads took: 0,0000251 seconds
2017-05-27T12:17:13.987+0200: 4,486: Total time for which application threads were stopped: 0,0000502 seconds, Stopping threads took: 0,0000113 seconds
2017-05-27T12:17:13.987+0200: 4,486: Total time for which application threads were stopped: 0,0000571 seconds, Stopping threads took: 0,0000234 seconds
2017-05-27T12:17:13.987+0200: 4,486: Total time for which application threads were stopped: 0,0000595 seconds, Stopping threads took: 0,0000231 seconds
2017-05-27T12:17:13.987+0200: 4,486: Total time for which application threads were stopped: 0,0000807 seconds, Stopping threads took: 0,0000196 seconds
2017-05-27T12:17:13.987+0200: 4,487: Total time for which application threads were stopped: 0,0000602 seconds, Stopping threads took: 0,0000286 seconds
2017-05-27T12:17:13.987+0200: 4,487: Total time for which application threads were stopped: 0,0000581 seconds, Stopping threads took: 0,0000192 seconds
2017-05-27T12:17:13.987+0200: 4,487: Total time for which application threads were stopped: 0,0000515 seconds, Stopping threads took: 0,0000184 seconds
2017-05-27T12:17:13.987+0200: 4,487: Total time for which application threads were stopped: 0,0000547 seconds, Stopping threads took: 0,0000197 seconds
2017-05-27T12:17:13.987+0200: 4,487: Total time for which application threads were stopped: 0,0000423 seconds, Stopping threads took: 0,0000146 seconds
2017-05-27T12:17:13.987+0200: 4,487: Total time for which application threads were stopped: 0,0000556 seconds, Stopping threads took: 0,0000257 seconds
2017-05-27T12:17:13.987+0200: 4,487: Total time for which application threads were stopped: 0,0000550 seconds, Stopping threads took: 0,0000238 seconds
2017-05-27T12:17:13.988+0200: 4,487: Total time for which application threads were stopped: 0,0000569 seconds, Stopping threads took: 0,0000249 seconds
2017-05-27T12:17:13.988+0200: 4,487: Total time for which application threads were stopped: 0,0000563 seconds, Stopping threads took: 0,0000149 seconds
2017-05-27T12:17:13.988+0200: 4,487: Total time for which application threads were stopped: 0,0000512 seconds, Stopping threads took: 0,0000130 seconds
2017-05-27T12:17:13.988+0200: 4,487: Total time for which application threads were stopped: 0,0000571 seconds, Stopping threads took: 0,0000233 seconds
2017-05-27T12:17:13.988+0200: 4,488: Total time for which application threads were stopped: 0,0000592 seconds, Stopping threads took: 0,0000163 seconds
2017-05-27T12:17:13.988+0200: 4,488: Total time for which application threads were stopped: 0,0001232 seconds, Stopping threads took: 0,0000097 seconds
2017-05-27T12:17:13.989+0200: 4,489: Total time for which application threads were stopped: 0,0001447 seconds, Stopping threads took: 0,0000264 seconds
2017-05-27T12:17:13.994+0200: 4,494: Total time for which application threads were stopped: 0,0026385 seconds, Stopping threads took: 0,0025500 seconds
2017-05-27T12:17:13.995+0200: 4,495: Total time for which application threads were stopped: 0,0000975 seconds, Stopping threads took: 0,0000261 seconds
2017-05-27T12:17:14.000+0200: 4,500: Total time for which application threads were stopped: 0,0001721 seconds, Stopping threads took: 0,0000801 seconds
2017-05-27T12:17:14.000+0200: 4,500: Total time for which application threads were stopped: 0,0000801 seconds, Stopping threads took: 0,0000163 seconds
2017-05-27T12:17:14.001+0200: 4,500: Total time for which application threads were stopped: 0,0000617 seconds, Stopping threads took: 0,0000108 seconds
2017-05-27T12:17:14.001+0200: 4,500: Total time for which application threads were stopped: 0,0000637 seconds, Stopping threads took: 0,0000254 seconds
2017-05-27T12:17:14.003+0200: 4,502: Total time for which application threads were stopped: 0,0001405 seconds, Stopping threads took: 0,0000427 seconds
2017-05-27T12:17:14.003+0200: 4,502: Total time for which application threads were stopped: 0,0000802 seconds, Stopping threads took: 0,0000131 seconds
2017-05-27T12:17:14.003+0200: 4,502: Total time for which application threads were stopped: 0,0000743 seconds, Stopping threads took: 0,0000158 seconds
2017-05-27T12:17:14.003+0200: 4,503: Total time for which application threads were stopped: 0,0000837 seconds, Stopping threads took: 0,0000136 seconds
2017-05-27T12:17:14.003+0200: 4,503: Total time for which application threads were stopped: 0,0000922 seconds, Stopping threads took: 0,0000284 seconds
2017-05-27T12:17:14.003+0200: 4,503: Total time for which application threads were stopped: 0,0000722 seconds, Stopping threads took: 0,0000101 seconds
2017-05-27T12:17:14.003+0200: 4,503: Total time for which application threads were stopped: 0,0000701 seconds, Stopping threads took: 0,0000091 seconds
2017-05-27T12:17:14.004+0200: 4,503: Total time for which application threads were stopped: 0,0000998 seconds, Stopping threads took: 0,0000119 seconds
2017-05-27T12:17:14.004+0200: 4,504: Total time for which application threads were stopped: 0,0001096 seconds, Stopping threads took: 0,0000370 seconds
2017-05-27T12:17:14.004+0200: 4,504: Total time for which application threads were stopped: 0,0000756 seconds, Stopping threads took: 0,0000242 seconds
2017-05-27T12:17:14.008+0200: 4,508: Total time for which application threads were stopped: 0,0001422 seconds, Stopping threads took: 0,0000453 seconds
2017-05-27T12:17:14.008+0200: 4,508: Total time for which application threads were stopped: 0,0000901 seconds, Stopping threads took: 0,0000280 seconds
2017-05-27T12:17:14.008+0200: 4,508: Total time for which application threads were stopped: 0,0000445 seconds, Stopping threads took: 0,0000101 seconds
2017-05-27T12:17:14.009+0200: 4,508: Total time for which application threads were stopped: 0,0001081 seconds, Stopping threads took: 0,0000348 seconds
2017-05-27T12:17:14.009+0200: 4,509: Total time for which application threads were stopped: 0,0000796 seconds, Stopping threads took: 0,0000154 seconds
2017-05-27T12:17:14.009+0200: 4,509: Total time for which application threads were stopped: 0,0000737 seconds, Stopping threads took: 0,0000102 seconds
2017-05-27T12:17:14.010+0200: 4,509: Total time for which application threads were stopped: 0,0005896 seconds, Stopping threads took: 0,0004499 seconds
2017-05-27T12:17:14.011+0200: 4,511: Total time for which application threads were stopped: 0,0007112 seconds, Stopping threads took: 0,0005887 seconds
2017-05-27T12:17:14.013+0200: 4,512: Total time for which application threads were stopped: 0,0004127 seconds, Stopping threads took: 0,0003341 seconds
2017-05-27T12:17:14.014+0200: 4,514: Total time for which application threads were stopped: 0,0011855 seconds, Stopping threads took: 0,0010865 seconds
2017-05-27T12:17:14.015+0200: 4,514: Total time for which application threads were stopped: 0,0005050 seconds, Stopping threads took: 0,0004350 seconds
2017-05-27T12:17:14.016+0200: 4,516: Total time for which application threads were stopped: 0,0002258 seconds, Stopping threads took: 0,0000199 seconds
2017-05-27T12:17:14.021+0200: 4,520: Total time for which application threads were stopped: 0,0001712 seconds, Stopping threads took: 0,0000967 seconds
2017-05-27T12:17:14.021+0200: 4,521: Total time for which application threads were stopped: 0,0001344 seconds, Stopping threads took: 0,0000712 seconds
2017-05-27T12:17:14.022+0200: 4,522: Total time for which application threads were stopped: 0,0001062 seconds, Stopping threads took: 0,0000439 seconds
2017-05-27T12:17:14.022+0200: 4,522: Total time for which application threads were stopped: 0,0000867 seconds, Stopping threads took: 0,0000252 seconds
2017-05-27T12:17:14.022+0200: 4,522: Total time for which application threads were stopped: 0,0000990 seconds, Stopping threads took: 0,0000244 seconds
2017-05-27T12:17:14.022+0200: 4,522: Total time for which application threads were stopped: 0,0000559 seconds, Stopping threads took: 0,0000198 seconds
2017-05-27T12:17:14.024+0200: 4,523: Total time for which application threads were stopped: 0,0000976 seconds, Stopping threads took: 0,0000452 seconds
2017-05-27T12:17:14.025+0200: 4,524: Total time for which application threads were stopped: 0,0000935 seconds, Stopping threads took: 0,0000267 seconds
2017-05-27T12:17:14.029+0200: 4,528: Total time for which application threads were stopped: 0,0001827 seconds, Stopping threads took: 0,0001084 seconds
2017-05-27T12:17:14.029+0200: 4,528: Total time for which application threads were stopped: 0,0000866 seconds, Stopping threads took: 0,0000386 seconds
2017-05-27T12:17:14.029+0200: 4,529: Total time for which application threads were stopped: 0,0001172 seconds, Stopping threads took: 0,0000512 seconds
2017-05-27T12:17:14.034+0200: 4,534: Total time for which application threads were stopped: 0,0032200 seconds, Stopping threads took: 0,0031477 seconds
2017-05-27T12:17:14.035+0200: 4,534: Total time for which application threads were stopped: 0,0001011 seconds, Stopping threads took: 0,0000136 seconds
2017-05-27T12:17:14.035+0200: 4,534: Total time for which application threads were stopped: 0,0000639 seconds, Stopping threads took: 0,0000099 seconds
2017-05-27T12:17:14.035+0200: 4,534: Total time for which application threads were stopped: 0,0000568 seconds, Stopping threads took: 0,0000080 seconds
2017-05-27T12:17:14.036+0200: 4,535: Total time for which application threads were stopped: 0,0000978 seconds, Stopping threads took: 0,0000317 seconds
2017-05-27T12:17:14.036+0200: 4,536: Total time for which application threads were stopped: 0,0001202 seconds, Stopping threads took: 0,0000597 seconds
2017-05-27T12:17:14.037+0200: 4,537: Total time for which application threads were stopped: 0,0000972 seconds, Stopping threads took: 0,0000404 seconds
2017-05-27T12:17:14.037+0200: 4,537: Total time for which application threads were stopped: 0,0000814 seconds, Stopping threads took: 0,0000290 seconds
2017-05-27T12:17:14.038+0200: 4,537: Total time for which application threads were stopped: 0,0001617 seconds, Stopping threads took: 0,0000431 seconds
2017-05-27T12:17:14.098+0200: 4,598: Total time for which application threads were stopped: 0,0041029 seconds, Stopping threads took: 0,0040146 seconds
2017-05-27T12:17:14.099+0200: 4,599: Total time for which application threads were stopped: 0,0001552 seconds, Stopping threads took: 0,0000771 seconds
2017-05-27T12:17:14.100+0200: 4,600: Total time for which application threads were stopped: 0,0001519 seconds, Stopping threads took: 0,0000792 seconds
2017-05-27T12:17:14.106+0200: 4,606: Total time for which application threads were stopped: 0,0001360 seconds, Stopping threads took: 0,0000590 seconds
2017-05-27T12:17:14.114+0200: 4,614: Total time for which application threads were stopped: 0,0001567 seconds, Stopping threads took: 0,0000431 seconds
2017-05-27T12:17:14.130+0200: 4,629: Total time for which application threads were stopped: 0,0018132 seconds, Stopping threads took: 0,0017087 seconds
2017-05-27T12:17:14.150+0200: 4,649: Total time for which application threads were stopped: 0,0000979 seconds, Stopping threads took: 0,0000333 seconds
2017-05-27T12:17:14.200+0200: 4,699: Total time for which application threads were stopped: 0,0005461 seconds, Stopping threads took: 0,0000281 seconds
2017-05-27T12:17:14.215+0200: 4,714: Total time for which application threads were stopped: 0,0005592 seconds, Stopping threads took: 0,0000338 seconds
2017-05-27T12:17:14.302+0200: 4,801: Total time for which application threads were stopped: 0,0064853 seconds, Stopping threads took: 0,0060844 seconds
2017-05-27T12:17:14.306+0200: 4,806: Total time for which application threads were stopped: 0,0001055 seconds, Stopping threads took: 0,0000315 seconds
2017-05-27T12:17:14.307+0200: 4,806: Total time for which application threads were stopped: 0,0000819 seconds, Stopping threads took: 0,0000229 seconds
2017-05-27T12:17:14.314+0200: 4,813: Total time for which application threads were stopped: 0,0000814 seconds, Stopping threads took: 0,0000200 seconds
2017-05-27T12:17:14.322+0200: 4,822: Total time for which application threads were stopped: 0,0001188 seconds, Stopping threads took: 0,0000410 seconds
2017-05-27T12:17:14.329+0200: 4,828: Total time for which application threads were stopped: 0,0001308 seconds, Stopping threads took: 0,0000491 seconds
2017-05-27T12:17:14.340+0200: 4,840: Total time for which application threads were stopped: 0,0001468 seconds, Stopping threads took: 0,0000432 seconds
2017-05-27T12:17:14.359+0200: 4,858: Total time for which application threads were stopped: 0,0004311 seconds, Stopping threads took: 0,0003322 seconds
2017-05-27T12:17:14.399+0200: 4,899: Total time for which application threads were stopped: 0,0001481 seconds, Stopping threads took: 0,0000652 seconds
2017-05-27T12:17:14.413+0200: 4,912: Total time for which application threads were stopped: 0,0006225 seconds, Stopping threads took: 0,0000586 seconds
{Heap before GC invocations=9 (full 1):
 par new generation   total 109248K, used 95851K [0x00000000e0000000, 0x00000000e8000000, 0x00000000e8000000)
  eden space 87424K, 100% used [0x00000000e0000000, 0x00000000e5560000, 0x00000000e5560000)
  from space 21824K,  38% used [0x00000000e6ab0000, 0x00000000e72eae78, 0x00000000e8000000)
  to   space 21824K,   0% used [0x00000000e5560000, 0x00000000e5560000, 0x00000000e6ab0000)
 concurrent mark-sweep generation total 393216K, used 6462K [0x00000000e8000000, 0x0000000100000000, 0x0000000100000000)
 Metaspace       used 27792K, capacity 28316K, committed 28540K, reserved 1075200K
  class space    used 3179K, capacity 3351K, committed 3452K, reserved 1048576K
2017-05-27T12:17:14.430+0200: 4,930: [GC (Allocation Failure) 2017-05-27T12:17:14.431+0200: 4,930: [ParNew
Desired survivor size 20112992 bytes, new threshold 8 (max 8)
- age   1:   11039800 bytes,   11039800 total
- age   2:     152040 bytes,   11191840 total
- age   3:     248888 bytes,   11440728 total
- age   4:    1734912 bytes,   13175640 total
- age   6:      54160 bytes,   13229800 total
- age   7:     105168 bytes,   13334968 total
- age   8:     198232 bytes,   13533200 total
: 95851K->14406K(109248K), 0,0189389 secs] 102314K->21740K(502464K), 0,0190024 secs] [Times: user=0,07 sys=0,00, real=0,01 secs] 
Heap after GC invocations=10 (full 1):
 par new generation   total 109248K, used 14406K [0x00000000e0000000, 0x00000000e8000000, 0x00000000e8000000)
  eden space 87424K,   0% used [0x00000000e0000000, 0x00000000e0000000, 0x00000000e5560000)
  from space 21824K,  66% used [0x00000000e5560000, 0x00000000e6371a88, 0x00000000e6ab0000)
  to   space 21824K,   0% used [0x00000000e6ab0000, 0x00000000e6ab0000, 0x00000000e8000000)
 concurrent mark-sweep generation total 393216K, used 7333K [0x00000000e8000000, 0x0000000100000000, 0x0000000100000000)
 Metaspace       used 27792K, capacity 28316K, committed 28540K, reserved 1075200K
  class space    used 3179K, capacity 3351K, committed 3452K, reserved 1048576K
}
2017-05-27T12:17:14.450+0200: 4,949: Total time for which application threads were stopped: 0,0232487 seconds, Stopping threads took: 0,0040053 seconds
2017-05-27T12:17:14.455+0200: 4,954: Total time for which application threads were stopped: 0,0002072 seconds, Stopping threads took: 0,0001337 seconds
2017-05-27T12:17:14.455+0200: 4,954: Total time for which application threads were stopped: 0,0000444 seconds, Stopping threads took: 0,0000105 seconds
2017-05-27T12:17:15.455+0200: 5,955: Total time for which application threads were stopped: 0,0000693 seconds, Stopping threads took: 0,0000166 seconds
2017-05-27T12:18:37.469+0200: 87,969: Total time for which application threads were stopped: 0,0000868 seconds, Stopping threads took: 0,0000193 seconds
2017-05-27T12:19:07.474+0200: 117,973: Total time for which application threads were stopped: 0,0004148 seconds, Stopping threads took: 0,0001633 seconds
2017-05-27T12:19:11.474+0200: 121,974: Total time for which application threads were stopped: 0,0000732 seconds, Stopping threads took: 0,0000190 seconds
2017-05-27T12:20:15.482+0200: 185,982: Total time for which application threads were stopped: 0,0001148 seconds, Stopping threads took: 0,0000484 seconds
2017-05-27T12:21:40.493+0200: 270,993: Total time for which application threads were stopped: 0,0004377 seconds, Stopping threads took: 0,0001828 seconds
2017-05-27T12:21:47.494+0200: 277,994: Total time for which application threads were stopped: 0,0000996 seconds, Stopping threads took: 0,0000197 seconds
2017-05-27T12:40:40.623+0200: 1411,123: Total time for which application threads were stopped: 0,0000810 seconds, Stopping threads took: 0,0000335 seconds
2017-05-27T12:45:41.658+0200: 1712,158: Total time for which application threads were stopped: 0,0000802 seconds, Stopping threads took: 0,0000299 seconds
2017-05-27T12:55:32.732+0200: 2303,231: Total time for which application threads were stopped: 0,0001437 seconds, Stopping threads took: 0,0000509 seconds
2017-05-27T12:55:35.732+0200: 2306,232: Total time for which application threads were stopped: 0,0000774 seconds, Stopping threads took: 0,0000193 seconds
2017-05-27T13:10:27.837+0200: 3198,336: Total time for which application threads were stopped: 0,0001658 seconds, Stopping threads took: 0,0000596 seconds
2017-05-27T13:21:55.951+0200: 3886,450: Total time for which application threads were stopped: 0,0002278 seconds, Stopping threads took: 0,0000739 seconds
2017-05-27T13:22:05.952+0200: 3896,452: Total time for which application threads were stopped: 0,0001388 seconds, Stopping threads took: 0,0000300 seconds
2017-05-27T13:35:28.894+0200: 4699,394: Total time for which application threads were stopped: 0,0004303 seconds, Stopping threads took: 0,0000177 seconds
2017-05-27T13:35:28.939+0200: 4699,439: Total time for which application threads were stopped: 0,0001148 seconds, Stopping threads took: 0,0000398 seconds
2017-05-27T13:35:28.960+0200: 4699,460: Total time for which application threads were stopped: 0,0000827 seconds, Stopping threads took: 0,0000234 seconds
2017-05-27T13:35:28.960+0200: 4699,460: Total time for which application threads were stopped: 0,0000452 seconds, Stopping threads took: 0,0000086 seconds
2017-05-27T13:35:29.028+0200: 4699,528: Total time for which application threads were stopped: 0,0001405 seconds, Stopping threads took: 0,0000743 seconds
2017-05-27T13:35:29.707+0200: 4700,207: Total time for which application threads were stopped: 0,0001287 seconds, Stopping threads took: 0,0000227 seconds
2017-05-27T13:35:29.707+0200: 4700,207: Total time for which application threads were stopped: 0,0000443 seconds, Stopping threads took: 0,0000059 seconds
2017-05-27T13:35:29.708+0200: 4700,207: Total time for which application threads were stopped: 0,0000774 seconds, Stopping threads took: 0,0000116 seconds
2017-05-27T13:35:29.733+0200: 4700,232: Total time for which application threads were stopped: 0,0001744 seconds, Stopping threads took: 0,0000376 seconds
2017-05-27T13:35:29.734+0200: 4700,234: Total time for which application threads were stopped: 0,0000950 seconds, Stopping threads took: 0,0000161 seconds
2017-05-27T13:35:29.749+0200: 4700,249: Total time for which application threads were stopped: 0,0002391 seconds, Stopping threads took: 0,0000475 seconds
2017-05-27T13:35:30.360+0200: 4700,859: Total time for which application threads were stopped: 0,0001196 seconds, Stopping threads took: 0,0000289 seconds
2017-05-27T13:35:30.360+0200: 4700,860: Total time for which application threads were stopped: 0,0001047 seconds, Stopping threads took: 0,0000440 seconds
2017-05-27T13:35:31.362+0200: 4701,862: Total time for which application threads were stopped: 0,0021888 seconds, Stopping threads took: 0,0019911 seconds
2017-05-27T13:35:32.363+0200: 4702,862: Total time for which application threads were stopped: 0,0001578 seconds, Stopping threads took: 0,0000208 seconds
{Heap before GC invocations=10 (full 1):
 par new generation   total 109248K, used 101830K [0x00000000e0000000, 0x00000000e8000000, 0x00000000e8000000)
  eden space 87424K, 100% used [0x00000000e0000000, 0x00000000e5560000, 0x00000000e5560000)
  from space 21824K,  66% used [0x00000000e5560000, 0x00000000e6371a88, 0x00000000e6ab0000)
  to   space 21824K,   0% used [0x00000000e6ab0000, 0x00000000e6ab0000, 0x00000000e8000000)
 concurrent mark-sweep generation total 393216K, used 7333K [0x00000000e8000000, 0x0000000100000000, 0x0000000100000000)
 Metaspace       used 30333K, capacity 30930K, committed 31100K, reserved 1077248K
  class space    used 3405K, capacity 3643K, committed 3708K, reserved 1048576K
2017-05-27T13:35:32.577+0200: 4703,076: [GC (Allocation Failure) 2017-05-27T13:35:32.577+0200: 4703,077: [ParNew
Desired survivor size 20112992 bytes, new threshold 8 (max 8)
- age   1:    2459464 bytes,    2459464 total
- age   2:    7864472 bytes,   10323936 total
- age   3:     112296 bytes,   10436232 total
- age   4:     164272 bytes,   10600504 total
- age   5:    1451024 bytes,   12051528 total
- age   7:      54032 bytes,   12105560 total
- age   8:     104992 bytes,   12210552 total
: 101830K->15253K(109248K), 0,0371084 secs] 109164K->22784K(502464K), 0,0372024 secs] [Times: user=0,10 sys=0,01, real=0,04 secs] 
Heap after GC invocations=11 (full 1):
 par new generation   total 109248K, used 15253K [0x00000000e0000000, 0x00000000e8000000, 0x00000000e8000000)
  eden space 87424K,   0% used [0x00000000e0000000, 0x00000000e0000000, 0x00000000e5560000)
  from space 21824K,  69% used [0x00000000e6ab0000, 0x00000000e7995440, 0x00000000e8000000)
  to   space 21824K,   0% used [0x00000000e5560000, 0x00000000e5560000, 0x00000000e6ab0000)
 concurrent mark-sweep generation total 393216K, used 7531K [0x00000000e8000000, 0x0000000100000000, 0x0000000100000000)
 Metaspace       used 30333K, capacity 30930K, committed 31100K, reserved 1077248K
  class space    used 3405K, capacity 3643K, committed 3708K, reserved 1048576K
}
2017-05-27T13:35:32.614+0200: 4703,114: Total time for which application threads were stopped: 0,0375806 seconds, Stopping threads took: 0,0001554 seconds
2017-05-27T13:35:33.614+0200: 4704,114: Total time for which application threads were stopped: 0,0002241 seconds, Stopping threads took: 0,0000744 seconds
2017-05-27T13:35:34.615+0200: 4705,115: Total time for which application threads were stopped: 0,0008698 seconds, Stopping threads took: 0,0001501 seconds
2017-05-27T13:35:35.015+0200: 4705,515: Total time for which application threads were stopped: 0,0004683 seconds, Stopping threads took: 0,0000289 seconds
2017-05-27T13:35:35.016+0200: 4705,516: Total time for which application threads were stopped: 0,0005190 seconds, Stopping threads took: 0,0000197 seconds
2017-05-27T13:35:35.021+0200: 4705,521: Total time for which application threads were stopped: 0,0001190 seconds, Stopping threads took: 0,0000284 seconds
2017-05-27T13:35:35.026+0200: 4705,526: Total time for which application threads were stopped: 0,0015216 seconds, Stopping threads took: 0,0014410 seconds
2017-05-27T13:35:35.027+0200: 4705,527: Total time for which application threads were stopped: 0,0001204 seconds, Stopping threads took: 0,0000494 seconds
2017-05-27T13:35:35.028+0200: 4705,527: Total time for which application threads were stopped: 0,0000804 seconds, Stopping threads took: 0,0000172 seconds
2017-05-27T13:35:35.029+0200: 4705,528: Total time for which application threads were stopped: 0,0001087 seconds, Stopping threads took: 0,0000193 seconds
2017-05-27T13:35:35.029+0200: 4705,529: Total time for which application threads were stopped: 0,0000805 seconds, Stopping threads took: 0,0000167 seconds
2017-05-27T13:35:35.030+0200: 4705,529: Total time for which application threads were stopped: 0,0000439 seconds, Stopping threads took: 0,0000058 seconds
2017-05-27T13:35:35.030+0200: 4705,529: Total time for which application threads were stopped: 0,0000497 seconds, Stopping threads took: 0,0000060 seconds
2017-05-27T13:35:35.030+0200: 4705,530: Total time for which application threads were stopped: 0,0000400 seconds, Stopping threads took: 0,0000053 seconds
2017-05-27T13:35:35.030+0200: 4705,530: Total time for which application threads were stopped: 0,0000474 seconds, Stopping threads took: 0,0000086 seconds
2017-05-27T13:35:35.030+0200: 4705,530: Total time for which application threads were stopped: 0,0000402 seconds, Stopping threads took: 0,0000065 seconds
2017-05-27T13:35:35.030+0200: 4705,530: Total time for which application threads were stopped: 0,0000473 seconds, Stopping threads took: 0,0000154 seconds
2017-05-27T13:35:35.030+0200: 4705,530: Total time for which application threads were stopped: 0,0000383 seconds, Stopping threads took: 0,0000071 seconds
2017-05-27T13:35:35.030+0200: 4705,530: Total time for which application threads were stopped: 0,0000788 seconds, Stopping threads took: 0,0000165 seconds
2017-05-27T13:35:35.030+0200: 4705,530: Total time for which application threads were stopped: 0,0000338 seconds, Stopping threads took: 0,0000049 seconds
2017-05-27T13:35:35.031+0200: 4705,530: Total time for which application threads were stopped: 0,0000373 seconds, Stopping threads took: 0,0000048 seconds
2017-05-27T13:35:35.031+0200: 4705,530: Total time for which application threads were stopped: 0,0000403 seconds, Stopping threads took: 0,0000041 seconds
2017-05-27T13:35:35.031+0200: 4705,530: Total time for which application threads were stopped: 0,0000364 seconds, Stopping threads took: 0,0000064 seconds
2017-05-27T13:35:35.031+0200: 4705,530: Total time for which application threads were stopped: 0,0000361 seconds, Stopping threads took: 0,0000062 seconds
2017-05-27T13:35:35.031+0200: 4705,530: Total time for which application threads were stopped: 0,0000381 seconds, Stopping threads took: 0,0000067 seconds
2017-05-27T13:35:35.031+0200: 4705,531: Total time for which application threads were stopped: 0,0000367 seconds, Stopping threads took: 0,0000058 seconds
2017-05-27T13:35:35.031+0200: 4705,531: Total time for which application threads were stopped: 0,0000382 seconds, Stopping threads took: 0,0000063 seconds
2017-05-27T13:35:35.034+0200: 4705,534: Total time for which application threads were stopped: 0,0001107 seconds, Stopping threads took: 0,0000315 seconds
2017-05-27T13:35:35.037+0200: 4705,537: Total time for which application threads were stopped: 0,0013334 seconds, Stopping threads took: 0,0012613 seconds
2017-05-27T13:35:35.038+0200: 4705,537: Total time for which application threads were stopped: 0,0000663 seconds, Stopping threads took: 0,0000250 seconds
2017-05-27T13:35:35.040+0200: 4705,539: Total time for which application threads were stopped: 0,0002661 seconds, Stopping threads took: 0,0001860 seconds
2017-05-27T13:35:35.040+0200: 4705,540: Total time for which application threads were stopped: 0,0000774 seconds, Stopping threads took: 0,0000387 seconds
2017-05-27T13:35:35.044+0200: 4705,544: Total time for which application threads were stopped: 0,0016075 seconds, Stopping threads took: 0,0015108 seconds
2017-05-27T13:35:35.044+0200: 4705,544: Total time for which application threads were stopped: 0,0000747 seconds, Stopping threads took: 0,0000375 seconds
2017-05-27T13:35:35.044+0200: 4705,544: Total time for which application threads were stopped: 0,0000385 seconds, Stopping threads took: 0,0000076 seconds
2017-05-27T13:35:35.046+0200: 4705,545: Total time for which application threads were stopped: 0,0001217 seconds, Stopping threads took: 0,0000402 seconds
2017-05-27T13:35:35.046+0200: 4705,546: Total time for which application threads were stopped: 0,0000683 seconds, Stopping threads took: 0,0000317 seconds
2017-05-27T13:35:35.047+0200: 4705,546: Total time for which application threads were stopped: 0,0000692 seconds, Stopping threads took: 0,0000158 seconds
2017-05-27T13:35:35.047+0200: 4705,546: Total time for which application threads were stopped: 0,0000557 seconds, Stopping threads took: 0,0000217 seconds
2017-05-27T13:35:35.047+0200: 4705,547: Total time for which application threads were stopped: 0,0000389 seconds, Stopping threads took: 0,0000075 seconds
2017-05-27T13:35:35.047+0200: 4705,547: Total time for which application threads were stopped: 0,0000397 seconds, Stopping threads took: 0,0000087 seconds
2017-05-27T13:35:35.047+0200: 4705,547: Total time for which application threads were stopped: 0,0000471 seconds, Stopping threads took: 0,0000150 seconds
2017-05-27T13:35:35.047+0200: 4705,547: Total time for which application threads were stopped: 0,0000451 seconds, Stopping threads took: 0,0000128 seconds
2017-05-27T13:35:35.047+0200: 4705,547: Total time for which application threads were stopped: 0,0000354 seconds, Stopping threads took: 0,0000059 seconds
2017-05-27T13:35:35.047+0200: 4705,547: Total time for which application threads were stopped: 0,0000458 seconds, Stopping threads took: 0,0000151 seconds
2017-05-27T13:35:35.047+0200: 4705,547: Total time for which application threads were stopped: 0,0000436 seconds, Stopping threads took: 0,0000123 seconds
2017-05-27T13:35:35.047+0200: 4705,547: Total time for which application threads were stopped: 0,0000382 seconds, Stopping threads took: 0,0000086 seconds
2017-05-27T13:35:35.049+0200: 4705,549: Total time for which application threads were stopped: 0,0001118 seconds, Stopping threads took: 0,0000398 seconds
2017-05-27T13:35:35.049+0200: 4705,549: Total time for which application threads were stopped: 0,0000676 seconds, Stopping threads took: 0,0000203 seconds
2017-05-27T13:35:35.050+0200: 4705,549: Total time for which application threads were stopped: 0,0000560 seconds, Stopping threads took: 0,0000176 seconds
2017-05-27T13:35:35.051+0200: 4705,550: Total time for which application threads were stopped: 0,0000574 seconds, Stopping threads took: 0,0000152 seconds
2017-05-27T13:35:35.051+0200: 4705,550: Total time for which application threads were stopped: 0,0000472 seconds, Stopping threads took: 0,0000172 seconds
2017-05-27T13:35:35.051+0200: 4705,551: Total time for which application threads were stopped: 0,0000475 seconds, Stopping threads took: 0,0000187 seconds
2017-05-27T13:35:35.051+0200: 4705,551: Total time for which application threads were stopped: 0,0000326 seconds, Stopping threads took: 0,0000071 seconds
2017-05-27T13:35:35.051+0200: 4705,551: Total time for which application threads were stopped: 0,0000414 seconds, Stopping threads took: 0,0000154 seconds
2017-05-27T13:35:35.052+0200: 4705,551: Total time for which application threads were stopped: 0,0000743 seconds, Stopping threads took: 0,0000135 seconds
2017-05-27T13:35:35.052+0200: 4705,552: Total time for which application threads were stopped: 0,0000363 seconds, Stopping threads took: 0,0000123 seconds
2017-05-27T13:35:35.052+0200: 4705,552: Total time for which application threads were stopped: 0,0000323 seconds, Stopping threads took: 0,0000120 seconds
2017-05-27T13:35:35.052+0200: 4705,552: Total time for which application threads were stopped: 0,0000576 seconds, Stopping threads took: 0,0000168 seconds
2017-05-27T13:35:35.052+0200: 4705,552: Total time for which application threads were stopped: 0,0000681 seconds, Stopping threads took: 0,0000210 seconds
2017-05-27T13:35:35.052+0200: 4705,552: Total time for which application threads were stopped: 0,0000468 seconds, Stopping threads took: 0,0000137 seconds
2017-05-27T13:35:35.052+0200: 4705,552: Total time for which application threads were stopped: 0,0000422 seconds, Stopping threads took: 0,0000125 seconds
2017-05-27T13:35:35.053+0200: 4705,552: Total time for which application threads were stopped: 0,0000530 seconds, Stopping threads took: 0,0000158 seconds
2017-05-27T13:35:35.053+0200: 4705,552: Total time for which application threads were stopped: 0,0000367 seconds, Stopping threads took: 0,0000079 seconds
2017-05-27T13:35:35.053+0200: 4705,552: Total time for which application threads were stopped: 0,0000359 seconds, Stopping threads took: 0,0000081 seconds
2017-05-27T13:35:35.053+0200: 4705,552: Total time for which application threads were stopped: 0,0000477 seconds, Stopping threads took: 0,0000179 seconds
2017-05-27T13:35:35.054+0200: 4705,554: Total time for which application threads were stopped: 0,0001029 seconds, Stopping threads took: 0,0000255 seconds
2017-05-27T13:35:35.055+0200: 4705,555: Total time for which application threads were stopped: 0,0000589 seconds, Stopping threads took: 0,0000125 seconds
2017-05-27T13:35:35.055+0200: 4705,555: Total time for which application threads were stopped: 0,0000327 seconds, Stopping threads took: 0,0000050 seconds
2017-05-27T13:35:35.055+0200: 4705,555: Total time for which application threads were stopped: 0,0000264 seconds, Stopping threads took: 0,0000039 seconds
2017-05-27T13:35:35.055+0200: 4705,555: Total time for which application threads were stopped: 0,0001022 seconds, Stopping threads took: 0,0000040 seconds
2017-05-27T13:35:35.058+0200: 4705,557: Total time for which application threads were stopped: 0,0000978 seconds, Stopping threads took: 0,0000318 seconds
2017-05-27T13:35:35.058+0200: 4705,558: Total time for which application threads were stopped: 0,0000646 seconds, Stopping threads took: 0,0000196 seconds
Heap
 par new generation   total 109248K, used 68597K [0x00000000e0000000, 0x00000000e8000000, 0x00000000e8000000)
  eden space 87424K,  61% used [0x00000000e0000000, 0x00000000e3418038, 0x00000000e5560000)
  from space 21824K,  69% used [0x00000000e6ab0000, 0x00000000e7995440, 0x00000000e8000000)
  to   space 21824K,   0% used [0x00000000e5560000, 0x00000000e5560000, 0x00000000e6ab0000)
 concurrent mark-sweep generation total 393216K, used 7531K [0x00000000e8000000, 0x0000000100000000, 0x0000000100000000)
 Metaspace       used 30548K, capacity 31196K, committed 31612K, reserved 1077248K
  class space    used 3422K, capacity 3646K, committed 3708K, reserved 1048576K
