OpenJDK 64-Bit Server VM (25.131-b11) for linux-amd64 JRE (1.8.0_131-8u131-b11-0ubuntu1.16.04.2-b11), built on May  6 2017 02:45:27 by "buildd" with gcc 5.4.0 20160609
Memory: 4k page, physical 7867740k(7467372k free), swap 8076284k(8076284k free)
CommandLine flags: -XX:CMSInitiatingOccupancyFraction=50 -XX:CMSMaxAbortablePrecleanTime=6000 -XX:+CMSParallelRemarkEnabled -XX:+CMSScavengeBeforeRemark -XX:ConcGCThreads=4 -XX:InitialHeapSize=536870912 -XX:MaxHeapSize=536870912 -XX:MaxTenuringThreshold=8 -XX:NewRatio=3 -XX:OldPLABSize=16 -XX:OnOutOfMemoryError=/opt/solr/bin/oom_solr.sh 8983 /var/solr/logs -XX:ParallelGCThreads=4 -XX:+ParallelRefProcEnabled -XX:PretenureSizeThreshold=67108864 -XX:+PrintGC -XX:+PrintGCApplicationStoppedTime -XX:+PrintGCDateStamps -XX:+PrintGCDetails -XX:+PrintGCTimeStamps -XX:+PrintHeapAtGC -XX:+PrintTenuringDistribution -XX:SurvivorRatio=4 -XX:TargetSurvivorRatio=90 -XX:ThreadStackSize=256 -XX:+UseCMSInitiatingOccupancyOnly -XX:+UseCompressedClassPointers -XX:+UseCompressedOops -XX:+UseConcMarkSweepGC -XX:+UseParNewGC 
2017-07-16T03:02:58.952+0200: 0,210: Total time for which application threads were stopped: 0,0000782 seconds, Stopping threads took: 0,0000101 seconds
2017-07-16T03:02:59.056+0200: 0,314: Total time for which application threads were stopped: 0,0001126 seconds, Stopping threads took: 0,0000164 seconds
2017-07-16T03:02:59.071+0200: 0,329: Total time for which application threads were stopped: 0,0000853 seconds, Stopping threads took: 0,0000122 seconds
2017-07-16T03:02:59.399+0200: 0,658: Total time for which application threads were stopped: 0,0001395 seconds, Stopping threads took: 0,0000198 seconds
2017-07-16T03:02:59.915+0200: 1,173: Total time for which application threads were stopped: 0,0001480 seconds, Stopping threads took: 0,0000112 seconds
2017-07-16T03:02:59.994+0200: 1,252: Total time for which application threads were stopped: 0,0001910 seconds, Stopping threads took: 0,0000240 seconds
2017-07-16T03:03:00.016+0200: 1,274: Total time for which application threads were stopped: 0,0001692 seconds, Stopping threads took: 0,0000271 seconds
2017-07-16T03:03:00.294+0200: 1,552: Total time for which application threads were stopped: 0,0007937 seconds, Stopping threads took: 0,0000959 seconds
2017-07-16T03:03:00.552+0200: 1,810: Total time for which application threads were stopped: 0,0002236 seconds, Stopping threads took: 0,0000250 seconds
2017-07-16T03:03:00.571+0200: 1,829: Total time for which application threads were stopped: 0,0001662 seconds, Stopping threads took: 0,0000199 seconds
2017-07-16T03:03:00.609+0200: 1,867: Total time for which application threads were stopped: 0,0001928 seconds, Stopping threads took: 0,0000178 seconds
2017-07-16T03:03:00.610+0200: 1,868: Total time for which application threads were stopped: 0,0002539 seconds, Stopping threads took: 0,0000222 seconds
2017-07-16T03:03:00.631+0200: 1,889: Total time for which application threads were stopped: 0,0001937 seconds, Stopping threads took: 0,0000251 seconds
2017-07-16T03:03:00.729+0200: 1,988: Total time for which application threads were stopped: 0,0002229 seconds, Stopping threads took: 0,0000232 seconds
2017-07-16T03:03:00.905+0200: 2,164: Total time for which application threads were stopped: 0,0002917 seconds, Stopping threads took: 0,0000623 seconds
{Heap before GC invocations=0 (full 0):
 par new generation   total 109248K, used 87424K [0x00000000e0000000, 0x00000000e8000000, 0x00000000e8000000)
  eden space 87424K, 100% used [0x00000000e0000000, 0x00000000e5560000, 0x00000000e5560000)
  from space 21824K,   0% used [0x00000000e5560000, 0x00000000e5560000, 0x00000000e6ab0000)
  to   space 21824K,   0% used [0x00000000e6ab0000, 0x00000000e6ab0000, 0x00000000e8000000)
 concurrent mark-sweep generation total 393216K, used 0K [0x00000000e8000000, 0x0000000100000000, 0x0000000100000000)
 Metaspace       used 17847K, capacity 18176K, committed 18304K, reserved 1064960K
  class space    used 2024K, capacity 2164K, committed 2176K, reserved 1048576K
2017-07-16T03:03:00.954+0200: 2,212: [GC (Allocation Failure) 2017-07-16T03:03:00.954+0200: 2,213: [ParNew
Desired survivor size 20112992 bytes, new threshold 8 (max 8)
- age   1:   11761408 bytes,   11761408 total
: 87424K->11598K(109248K), 0,0158092 secs] 87424K->11598K(502464K), 0,0159011 secs] [Times: user=0,05 sys=0,00, real=0,01 secs] 
Heap after GC invocations=1 (full 0):
 par new generation   total 109248K, used 11598K [0x00000000e0000000, 0x00000000e8000000, 0x00000000e8000000)
  eden space 87424K,   0% used [0x00000000e0000000, 0x00000000e0000000, 0x00000000e5560000)
  from space 21824K,  53% used [0x00000000e6ab0000, 0x00000000e7603b30, 0x00000000e8000000)
  to   space 21824K,   0% used [0x00000000e5560000, 0x00000000e5560000, 0x00000000e6ab0000)
 concurrent mark-sweep generation total 393216K, used 0K [0x00000000e8000000, 0x0000000100000000, 0x0000000100000000)
 Metaspace       used 17847K, capacity 18176K, committed 18304K, reserved 1064960K
  class space    used 2024K, capacity 2164K, committed 2176K, reserved 1048576K
}
2017-07-16T03:03:00.970+0200: 2,228: Total time for which application threads were stopped: 0,0174934 seconds, Stopping threads took: 0,0014028 seconds
2017-07-16T03:03:01.332+0200: 2,590: Total time for which application threads were stopped: 0,0003634 seconds, Stopping threads took: 0,0000481 seconds
{Heap before GC invocations=1 (full 0):
 par new generation   total 109248K, used 99022K [0x00000000e0000000, 0x00000000e8000000, 0x00000000e8000000)
  eden space 87424K, 100% used [0x00000000e0000000, 0x00000000e5560000, 0x00000000e5560000)
  from space 21824K,  53% used [0x00000000e6ab0000, 0x00000000e7603b30, 0x00000000e8000000)
  to   space 21824K,   0% used [0x00000000e5560000, 0x00000000e5560000, 0x00000000e6ab0000)
 concurrent mark-sweep generation total 393216K, used 0K [0x00000000e8000000, 0x0000000100000000, 0x0000000100000000)
 Metaspace       used 20032K, capacity 20362K, committed 20736K, reserved 1067008K
  class space    used 2294K, capacity 2469K, committed 2560K, reserved 1048576K
2017-07-16T03:03:01.385+0200: 2,644: [GC (Allocation Failure) 2017-07-16T03:03:01.385+0200: 2,644: [ParNew
Desired survivor size 20112992 bytes, new threshold 8 (max 8)
- age   1:    3982456 bytes,    3982456 total
- age   2:    6330440 bytes,   10312896 total
: 99022K->13116K(109248K), 0,0103130 secs] 99022K->13116K(502464K), 0,0103871 secs] [Times: user=0,02 sys=0,01, real=0,02 secs] 
Heap after GC invocations=2 (full 0):
 par new generation   total 109248K, used 13116K [0x00000000e0000000, 0x00000000e8000000, 0x00000000e8000000)
  eden space 87424K,   0% used [0x00000000e0000000, 0x00000000e0000000, 0x00000000e5560000)
  from space 21824K,  60% used [0x00000000e5560000, 0x00000000e622f090, 0x00000000e6ab0000)
  to   space 21824K,   0% used [0x00000000e6ab0000, 0x00000000e6ab0000, 0x00000000e8000000)
 concurrent mark-sweep generation total 393216K, used 0K [0x00000000e8000000, 0x0000000100000000, 0x0000000100000000)
 Metaspace       used 20032K, capacity 20362K, committed 20736K, reserved 1067008K
  class space    used 2294K, capacity 2469K, committed 2560K, reserved 1048576K
}
2017-07-16T03:03:01.396+0200: 2,654: Total time for which application threads were stopped: 0,0123568 seconds, Stopping threads took: 0,0018155 seconds
2017-07-16T03:03:01.405+0200: 2,664: Total time for which application threads were stopped: 0,0004377 seconds, Stopping threads took: 0,0000791 seconds
2017-07-16T03:03:01.434+0200: 2,693: Total time for which application threads were stopped: 0,0010191 seconds, Stopping threads took: 0,0006815 seconds
2017-07-16T03:03:01.575+0200: 2,834: Total time for which application threads were stopped: 0,0002300 seconds, Stopping threads took: 0,0000633 seconds
{Heap before GC invocations=2 (full 0):
 par new generation   total 109248K, used 100540K [0x00000000e0000000, 0x00000000e8000000, 0x00000000e8000000)
  eden space 87424K, 100% used [0x00000000e0000000, 0x00000000e5560000, 0x00000000e5560000)
  from space 21824K,  60% used [0x00000000e5560000, 0x00000000e622f090, 0x00000000e6ab0000)
  to   space 21824K,   0% used [0x00000000e6ab0000, 0x00000000e6ab0000, 0x00000000e8000000)
 concurrent mark-sweep generation total 393216K, used 0K [0x00000000e8000000, 0x0000000100000000, 0x0000000100000000)
 Metaspace       used 20990K, capacity 21348K, committed 21628K, reserved 1069056K
  class space    used 2416K, capacity 2588K, committed 2684K, reserved 1048576K
2017-07-16T03:03:01.614+0200: 2,872: [GC (Allocation Failure) 2017-07-16T03:03:01.614+0200: 2,872: [ParNew
Desired survivor size 20112992 bytes, new threshold 8 (max 8)
- age   1:    2306936 bytes,    2306936 total
- age   2:    1167856 bytes,    3474792 total
- age   3:    6328696 bytes,    9803488 total
: 100540K->12713K(109248K), 0,0102193 secs] 100540K->12713K(502464K), 0,0103015 secs] [Times: user=0,04 sys=0,00, real=0,00 secs] 
Heap after GC invocations=3 (full 0):
 par new generation   total 109248K, used 12713K [0x00000000e0000000, 0x00000000e8000000, 0x00000000e8000000)
  eden space 87424K,   0% used [0x00000000e0000000, 0x00000000e0000000, 0x00000000e5560000)
  from space 21824K,  58% used [0x00000000e6ab0000, 0x00000000e771a5f0, 0x00000000e8000000)
  to   space 21824K,   0% used [0x00000000e5560000, 0x00000000e5560000, 0x00000000e6ab0000)
 concurrent mark-sweep generation total 393216K, used 0K [0x00000000e8000000, 0x0000000100000000, 0x0000000100000000)
 Metaspace       used 20990K, capacity 21348K, committed 21628K, reserved 1069056K
  class space    used 2416K, capacity 2588K, committed 2684K, reserved 1048576K
}
2017-07-16T03:03:01.624+0200: 2,883: Total time for which application threads were stopped: 0,0126055 seconds, Stopping threads took: 0,0021536 seconds
2017-07-16T03:03:01.638+0200: 2,896: [GC (CMS Initial Mark) [1 CMS-initial-mark: 0K(393216K)] 18308K(502464K), 0,0045351 secs] [Times: user=0,02 sys=0,00, real=0,00 secs] 
2017-07-16T03:03:01.643+0200: 2,901: Total time for which application threads were stopped: 0,0086235 seconds, Stopping threads took: 0,0039832 seconds
2017-07-16T03:03:01.643+0200: 2,901: [CMS-concurrent-mark-start]
2017-07-16T03:03:01.646+0200: 2,904: [CMS-concurrent-mark: 0,003/0,003 secs] [Times: user=0,00 sys=0,00, real=0,01 secs] 
2017-07-16T03:03:01.646+0200: 2,904: [CMS-concurrent-preclean-start]
2017-07-16T03:03:01.647+0200: 2,906: [CMS-concurrent-preclean: 0,001/0,001 secs] [Times: user=0,01 sys=0,00, real=0,00 secs] 
2017-07-16T03:03:01.647+0200: 2,906: [CMS-concurrent-abortable-preclean-start]
2017-07-16T03:03:01.718+0200: 2,976: Total time for which application threads were stopped: 0,0026548 seconds, Stopping threads took: 0,0025692 seconds
{Heap before GC invocations=3 (full 1):
 par new generation   total 109248K, used 100126K [0x00000000e0000000, 0x00000000e8000000, 0x00000000e8000000)
  eden space 87424K,  99% used [0x00000000e0000000, 0x00000000e555d368, 0x00000000e5560000)
  from space 21824K,  58% used [0x00000000e6ab0000, 0x00000000e771a5f0, 0x00000000e8000000)
  to   space 21824K,   0% used [0x00000000e5560000, 0x00000000e5560000, 0x00000000e6ab0000)
 concurrent mark-sweep generation total 393216K, used 0K [0x00000000e8000000, 0x0000000100000000, 0x0000000100000000)
 Metaspace       used 21243K, capacity 21615K, committed 21884K, reserved 1069056K
  class space    used 2444K, capacity 2602K, committed 2684K, reserved 1048576K
2017-07-16T03:03:01.750+0200: 3,008: [GC (Allocation Failure) 2017-07-16T03:03:01.750+0200: 3,008: [ParNew
Desired survivor size 20112992 bytes, new threshold 8 (max 8)
- age   1:    1551808 bytes,    1551808 total
- age   2:    1464928 bytes,    3016736 total
- age   3:    1134936 bytes,    4151672 total
- age   4:    6328616 bytes,   10480288 total
: 100126K->12506K(109248K), 0,0097123 secs] 100126K->12506K(502464K), 0,0097712 secs] [Times: user=0,03 sys=0,01, real=0,01 secs] 
Heap after GC invocations=4 (full 1):
 par new generation   total 109248K, used 12506K [0x00000000e0000000, 0x00000000e8000000, 0x00000000e8000000)
  eden space 87424K,   0% used [0x00000000e0000000, 0x00000000e0000000, 0x00000000e5560000)
  from space 21824K,  57% used [0x00000000e5560000, 0x00000000e6196b30, 0x00000000e6ab0000)
  to   space 21824K,   0% used [0x00000000e6ab0000, 0x00000000e6ab0000, 0x00000000e8000000)
 concurrent mark-sweep generation total 393216K, used 0K [0x00000000e8000000, 0x0000000100000000, 0x0000000100000000)
 Metaspace       used 21243K, capacity 21615K, committed 21884K, reserved 1069056K
  class space    used 2444K, capacity 2602K, committed 2684K, reserved 1048576K
}
2017-07-16T03:03:01.760+0200: 3,018: Total time for which application threads were stopped: 0,0099521 seconds, Stopping threads took: 0,0000621 seconds
2017-07-16T03:03:01.760+0200: 3,018: [CMS-concurrent-abortable-preclean: 0,072/0,112 secs] [Times: user=0,41 sys=0,02, real=0,11 secs] 
2017-07-16T03:03:01.762+0200: 3,020: [GC (CMS Final Remark) [YG occupancy: 14506 K (109248 K)]{Heap before GC invocations=4 (full 1):
 par new generation   total 109248K, used 14506K [0x00000000e0000000, 0x00000000e8000000, 0x00000000e8000000)
  eden space 87424K,   2% used [0x00000000e0000000, 0x00000000e01f3f50, 0x00000000e5560000)
  from space 21824K,  57% used [0x00000000e5560000, 0x00000000e6196b30, 0x00000000e6ab0000)
  to   space 21824K,   0% used [0x00000000e6ab0000, 0x00000000e6ab0000, 0x00000000e8000000)
 concurrent mark-sweep generation total 393216K, used 0K [0x00000000e8000000, 0x0000000100000000, 0x0000000100000000)
 Metaspace       used 21243K, capacity 21615K, committed 21884K, reserved 1069056K
  class space    used 2444K, capacity 2602K, committed 2684K, reserved 1048576K
2017-07-16T03:03:01.762+0200: 3,020: [GC (CMS Final Remark) 2017-07-16T03:03:01.762+0200: 3,020: [ParNew
Desired survivor size 20112992 bytes, new threshold 8 (max 8)
- age   1:     260336 bytes,     260336 total
- age   2:    1326336 bytes,    1586672 total
- age   3:    1464928 bytes,    3051600 total
- age   4:    1134936 bytes,    4186536 total
- age   5:    6328840 bytes,   10515376 total
: 14506K->15621K(109248K), 0,0100722 secs] 14506K->15621K(502464K), 0,0101121 secs] [Times: user=0,03 sys=0,00, real=0,01 secs] 
Heap after GC invocations=5 (full 1):
 par new generation   total 109248K, used 15621K [0x00000000e0000000, 0x00000000e8000000, 0x00000000e8000000)
  eden space 87424K,   0% used [0x00000000e0000000, 0x00000000e0000000, 0x00000000e5560000)
  from space 21824K,  71% used [0x00000000e6ab0000, 0x00000000e79f1660, 0x00000000e8000000)
  to   space 21824K,   0% used [0x00000000e5560000, 0x00000000e5560000, 0x00000000e6ab0000)
 concurrent mark-sweep generation total 393216K, used 0K [0x00000000e8000000, 0x0000000100000000, 0x0000000100000000)
 Metaspace       used 21243K, capacity 21615K, committed 21884K, reserved 1069056K
  class space    used 2444K, capacity 2602K, committed 2684K, reserved 1048576K
}
2017-07-16T03:03:01.772+0200: 3,031: [Rescan (parallel) , 0,0035885 secs]2017-07-16T03:03:01.776+0200: 3,034: [weak refs processing, 0,0003560 secs]2017-07-16T03:03:01.776+0200: 3,035: [class unloading, 0,0028197 secs]2017-07-16T03:03:01.779+0200: 3,037: [scrub symbol table, 0,0024851 secs]2017-07-16T03:03:01.782+0200: 3,040: [scrub string table, 0,0003686 secs][1 CMS-remark: 0K(393216K)] 15621K(502464K), 0,0203755 secs] [Times: user=0,05 sys=0,00, real=0,02 secs] 
2017-07-16T03:03:01.782+0200: 3,041: Total time for which application threads were stopped: 0,0226579 seconds, Stopping threads took: 0,0022081 seconds
2017-07-16T03:03:01.790+0200: 3,048: [CMS-concurrent-sweep-start]
2017-07-16T03:03:01.790+0200: 3,048: [CMS-concurrent-sweep: 0,000/0,000 secs] [Times: user=0,00 sys=0,00, real=0,00 secs] 
2017-07-16T03:03:01.790+0200: 3,048: [CMS-concurrent-reset-start]
2017-07-16T03:03:01.793+0200: 3,051: [CMS-concurrent-reset: 0,002/0,002 secs] [Times: user=0,01 sys=0,00, real=0,00 secs] 
{Heap before GC invocations=5 (full 1):
 par new generation   total 109248K, used 103045K [0x00000000e0000000, 0x00000000e8000000, 0x00000000e8000000)
  eden space 87424K, 100% used [0x00000000e0000000, 0x00000000e5560000, 0x00000000e5560000)
  from space 21824K,  71% used [0x00000000e6ab0000, 0x00000000e79f1660, 0x00000000e8000000)
  to   space 21824K,   0% used [0x00000000e5560000, 0x00000000e5560000, 0x00000000e6ab0000)
 concurrent mark-sweep generation total 393216K, used 0K [0x00000000e8000000, 0x0000000100000000, 0x0000000100000000)
 Metaspace       used 21378K, capacity 21799K, committed 21884K, reserved 1069056K
  class space    used 2466K, capacity 2638K, committed 2684K, reserved 1048576K
2017-07-16T03:03:01.864+0200: 3,123: [GC (Allocation Failure) 2017-07-16T03:03:01.864+0200: 3,123: [ParNew
Desired survivor size 20112992 bytes, new threshold 8 (max 8)
- age   1:     820040 bytes,     820040 total
- age   2:        328 bytes,     820368 total
- age   3:     176016 bytes,     996384 total
- age   4:    1464600 bytes,    2460984 total
- age   5:    1131048 bytes,    3592032 total
- age   6:    6328752 bytes,    9920784 total
: 103045K->11997K(109248K), 0,0095733 secs] 103045K->11997K(502464K), 0,0096385 secs] [Times: user=0,04 sys=0,00, real=0,01 secs] 
Heap after GC invocations=6 (full 1):
 par new generation   total 109248K, used 11997K [0x00000000e0000000, 0x00000000e8000000, 0x00000000e8000000)
  eden space 87424K,   0% used [0x00000000e0000000, 0x00000000e0000000, 0x00000000e5560000)
  from space 21824K,  54% used [0x00000000e5560000, 0x00000000e6117420, 0x00000000e6ab0000)
  to   space 21824K,   0% used [0x00000000e6ab0000, 0x00000000e6ab0000, 0x00000000e8000000)
 concurrent mark-sweep generation total 393216K, used 0K [0x00000000e8000000, 0x0000000100000000, 0x0000000100000000)
 Metaspace       used 21378K, capacity 21799K, committed 21884K, reserved 1069056K
  class space    used 2466K, capacity 2638K, committed 2684K, reserved 1048576K
}
2017-07-16T03:03:01.874+0200: 3,132: Total time for which application threads were stopped: 0,0098615 seconds, Stopping threads took: 0,0000769 seconds
2017-07-16T03:03:01.911+0200: 3,169: Total time for which application threads were stopped: 0,0003972 seconds, Stopping threads took: 0,0000206 seconds
2017-07-16T03:03:02.145+0200: 3,404: Total time for which application threads were stopped: 0,0005067 seconds, Stopping threads took: 0,0000376 seconds
2017-07-16T03:03:02.159+0200: 3,418: Total time for which application threads were stopped: 0,0004514 seconds, Stopping threads took: 0,0000427 seconds
{Heap before GC invocations=6 (full 1):
 par new generation   total 109248K, used 99421K [0x00000000e0000000, 0x00000000e8000000, 0x00000000e8000000)
  eden space 87424K, 100% used [0x00000000e0000000, 0x00000000e5560000, 0x00000000e5560000)
  from space 21824K,  54% used [0x00000000e5560000, 0x00000000e6117420, 0x00000000e6ab0000)
  to   space 21824K,   0% used [0x00000000e6ab0000, 0x00000000e6ab0000, 0x00000000e8000000)
 concurrent mark-sweep generation total 393216K, used 0K [0x00000000e8000000, 0x0000000100000000, 0x0000000100000000)
 Metaspace       used 23716K, capacity 24167K, committed 24316K, reserved 1071104K
  class space    used 2788K, capacity 2980K, committed 3068K, reserved 1048576K
2017-07-16T03:03:02.293+0200: 3,551: [GC (Allocation Failure) 2017-07-16T03:03:02.293+0200: 3,551: [ParNew
Desired survivor size 20112992 bytes, new threshold 8 (max 8)
- age   1:    5046616 bytes,    5046616 total
- age   2:     123728 bytes,    5170344 total
- age   3:        328 bytes,    5170672 total
- age   4:     174568 bytes,    5345240 total
- age   5:     294920 bytes,    5640160 total
- age   6:    1106568 bytes,    6746728 total
- age   7:    6320528 bytes,   13067256 total
: 99421K->16931K(109248K), 0,0116961 secs] 99421K->16931K(502464K), 0,0117630 secs] [Times: user=0,04 sys=0,00, real=0,01 secs] 
Heap after GC invocations=7 (full 1):
 par new generation   total 109248K, used 16931K [0x00000000e0000000, 0x00000000e8000000, 0x00000000e8000000)
  eden space 87424K,   0% used [0x00000000e0000000, 0x00000000e0000000, 0x00000000e5560000)
  from space 21824K,  77% used [0x00000000e6ab0000, 0x00000000e7b38dc0, 0x00000000e8000000)
  to   space 21824K,   0% used [0x00000000e5560000, 0x00000000e5560000, 0x00000000e6ab0000)
 concurrent mark-sweep generation total 393216K, used 0K [0x00000000e8000000, 0x0000000100000000, 0x0000000100000000)
 Metaspace       used 23716K, capacity 24167K, committed 24316K, reserved 1071104K
  class space    used 2788K, capacity 2980K, committed 3068K, reserved 1048576K
}
2017-07-16T03:03:02.305+0200: 3,563: Total time for which application threads were stopped: 0,0120400 seconds, Stopping threads took: 0,0000539 seconds
{Heap before GC invocations=7 (full 1):
 par new generation   total 109248K, used 104355K [0x00000000e0000000, 0x00000000e8000000, 0x00000000e8000000)
  eden space 87424K, 100% used [0x00000000e0000000, 0x00000000e5560000, 0x00000000e5560000)
  from space 21824K,  77% used [0x00000000e6ab0000, 0x00000000e7b38dc0, 0x00000000e8000000)
  to   space 21824K,   0% used [0x00000000e5560000, 0x00000000e5560000, 0x00000000e6ab0000)
 concurrent mark-sweep generation total 393216K, used 0K [0x00000000e8000000, 0x0000000100000000, 0x0000000100000000)
 Metaspace       used 24407K, capacity 24877K, committed 25084K, reserved 1071104K
  class space    used 2861K, capacity 3045K, committed 3068K, reserved 1048576K
2017-07-16T03:03:02.432+0200: 3,690: [GC (Allocation Failure) 2017-07-16T03:03:02.432+0200: 3,690: [ParNew
Desired survivor size 20112992 bytes, new threshold 8 (max 8)
- age   1:    2243168 bytes,    2243168 total
- age   2:    1753896 bytes,    3997064 total
- age   3:      62944 bytes,    4060008 total
- age   5:     100680 bytes,    4160688 total
- age   6:     189920 bytes,    4350608 total
- age   7:     821344 bytes,    5171952 total
- age   8:    6039064 bytes,   11211016 total
: 104355K->13803K(109248K), 0,0193611 secs] 104355K->13803K(502464K), 0,0194398 secs] [Times: user=0,06 sys=0,00, real=0,02 secs] 
Heap after GC invocations=8 (full 1):
 par new generation   total 109248K, used 13803K [0x00000000e0000000, 0x00000000e8000000, 0x00000000e8000000)
  eden space 87424K,   0% used [0x00000000e0000000, 0x00000000e0000000, 0x00000000e5560000)
  from space 21824K,  63% used [0x00000000e5560000, 0x00000000e62dae40, 0x00000000e6ab0000)
  to   space 21824K,   0% used [0x00000000e6ab0000, 0x00000000e6ab0000, 0x00000000e8000000)
 concurrent mark-sweep generation total 393216K, used 0K [0x00000000e8000000, 0x0000000100000000, 0x0000000100000000)
 Metaspace       used 24407K, capacity 24877K, committed 25084K, reserved 1071104K
  class space    used 2861K, capacity 3045K, committed 3068K, reserved 1048576K
}
2017-07-16T03:03:02.451+0200: 3,710: Total time for which application threads were stopped: 0,0206782 seconds, Stopping threads took: 0,0010116 seconds
{Heap before GC invocations=8 (full 1):
 par new generation   total 109248K, used 101227K [0x00000000e0000000, 0x00000000e8000000, 0x00000000e8000000)
  eden space 87424K, 100% used [0x00000000e0000000, 0x00000000e5560000, 0x00000000e5560000)
  from space 21824K,  63% used [0x00000000e5560000, 0x00000000e62dae40, 0x00000000e6ab0000)
  to   space 21824K,   0% used [0x00000000e6ab0000, 0x00000000e6ab0000, 0x00000000e8000000)
 concurrent mark-sweep generation total 393216K, used 0K [0x00000000e8000000, 0x0000000100000000, 0x0000000100000000)
 Metaspace       used 24900K, capacity 25383K, committed 25724K, reserved 1071104K
  class space    used 2905K, capacity 3082K, committed 3196K, reserved 1048576K
2017-07-16T03:03:02.580+0200: 3,838: [GC (Allocation Failure) 2017-07-16T03:03:02.580+0200: 3,839: [ParNew
Desired survivor size 20112992 bytes, new threshold 8 (max 8)
- age   1:    1033008 bytes,    1033008 total
- age   2:     628760 bytes,    1661768 total
- age   3:    1728752 bytes,    3390520 total
- age   4:      62944 bytes,    3453464 total
- age   6:      97904 bytes,    3551368 total
- age   7:     186624 bytes,    3737992 total
- age   8:     819808 bytes,    4557800 total
: 101227K->9936K(109248K), 0,0360665 secs] 101227K->15916K(502464K), 0,0361360 secs] [Times: user=0,07 sys=0,01, real=0,04 secs] 
Heap after GC invocations=9 (full 1):
 par new generation   total 109248K, used 9936K [0x00000000e0000000, 0x00000000e8000000, 0x00000000e8000000)
  eden space 87424K,   0% used [0x00000000e0000000, 0x00000000e0000000, 0x00000000e5560000)
  from space 21824K,  45% used [0x00000000e6ab0000, 0x00000000e7464280, 0x00000000e8000000)
  to   space 21824K,   0% used [0x00000000e5560000, 0x00000000e5560000, 0x00000000e6ab0000)
 concurrent mark-sweep generation total 393216K, used 5979K [0x00000000e8000000, 0x0000000100000000, 0x0000000100000000)
 Metaspace       used 24900K, capacity 25383K, committed 25724K, reserved 1071104K
  class space    used 2905K, capacity 3082K, committed 3196K, reserved 1048576K
}
2017-07-16T03:03:02.616+0200: 3,875: Total time for which application threads were stopped: 0,0363626 seconds, Stopping threads took: 0,0000555 seconds
2017-07-16T03:03:02.799+0200: 4,058: Total time for which application threads were stopped: 0,0006144 seconds, Stopping threads took: 0,0002440 seconds
2017-07-16T03:03:02.812+0200: 4,070: Total time for which application threads were stopped: 0,0001321 seconds, Stopping threads took: 0,0000372 seconds
2017-07-16T03:03:02.813+0200: 4,071: Total time for which application threads were stopped: 0,0001363 seconds, Stopping threads took: 0,0000560 seconds
2017-07-16T03:03:02.814+0200: 4,072: Total time for which application threads were stopped: 0,0002247 seconds, Stopping threads took: 0,0001408 seconds
2017-07-16T03:03:02.820+0200: 4,078: Total time for which application threads were stopped: 0,0001537 seconds, Stopping threads took: 0,0000474 seconds
2017-07-16T03:03:02.841+0200: 4,099: Total time for which application threads were stopped: 0,0001156 seconds, Stopping threads took: 0,0000390 seconds
2017-07-16T03:03:02.842+0200: 4,100: Total time for which application threads were stopped: 0,0001209 seconds, Stopping threads took: 0,0000675 seconds
2017-07-16T03:03:02.842+0200: 4,101: Total time for which application threads were stopped: 0,0003922 seconds, Stopping threads took: 0,0003310 seconds
2017-07-16T03:03:02.844+0200: 4,102: Total time for which application threads were stopped: 0,0001240 seconds, Stopping threads took: 0,0000363 seconds
2017-07-16T03:03:02.845+0200: 4,103: Total time for which application threads were stopped: 0,0001051 seconds, Stopping threads took: 0,0000346 seconds
2017-07-16T03:03:02.850+0200: 4,108: Total time for which application threads were stopped: 0,0035597 seconds, Stopping threads took: 0,0034920 seconds
2017-07-16T03:03:02.854+0200: 4,112: Total time for which application threads were stopped: 0,0001299 seconds, Stopping threads took: 0,0000375 seconds
2017-07-16T03:03:02.855+0200: 4,113: Total time for which application threads were stopped: 0,0001376 seconds, Stopping threads took: 0,0000455 seconds
2017-07-16T03:03:02.856+0200: 4,114: Total time for which application threads were stopped: 0,0001483 seconds, Stopping threads took: 0,0000650 seconds
2017-07-16T03:03:02.857+0200: 4,115: Total time for which application threads were stopped: 0,0001476 seconds, Stopping threads took: 0,0000424 seconds
2017-07-16T03:03:02.865+0200: 4,123: Total time for which application threads were stopped: 0,0004733 seconds, Stopping threads took: 0,0000584 seconds
2017-07-16T03:03:02.867+0200: 4,125: Total time for which application threads were stopped: 0,0001284 seconds, Stopping threads took: 0,0000409 seconds
2017-07-16T03:03:02.870+0200: 4,128: Total time for which application threads were stopped: 0,0012666 seconds, Stopping threads took: 0,0011727 seconds
2017-07-16T03:03:02.877+0200: 4,136: Total time for which application threads were stopped: 0,0001171 seconds, Stopping threads took: 0,0000245 seconds
2017-07-16T03:03:02.881+0200: 4,139: Total time for which application threads were stopped: 0,0001057 seconds, Stopping threads took: 0,0000261 seconds
2017-07-16T03:03:02.881+0200: 4,140: Total time for which application threads were stopped: 0,0003806 seconds, Stopping threads took: 0,0000147 seconds
2017-07-16T03:03:02.883+0200: 4,141: Total time for which application threads were stopped: 0,0001605 seconds, Stopping threads took: 0,0000653 seconds
2017-07-16T03:03:02.890+0200: 4,148: Total time for which application threads were stopped: 0,0043024 seconds, Stopping threads took: 0,0042051 seconds
2017-07-16T03:03:02.894+0200: 4,152: Total time for which application threads were stopped: 0,0025769 seconds, Stopping threads took: 0,0023922 seconds
2017-07-16T03:03:02.897+0200: 4,155: Total time for which application threads were stopped: 0,0001309 seconds, Stopping threads took: 0,0000344 seconds
2017-07-16T03:03:02.899+0200: 4,157: Total time for which application threads were stopped: 0,0001208 seconds, Stopping threads took: 0,0000302 seconds
2017-07-16T03:03:02.903+0200: 4,161: Total time for which application threads were stopped: 0,0001271 seconds, Stopping threads took: 0,0000419 seconds
2017-07-16T03:03:02.904+0200: 4,162: Total time for which application threads were stopped: 0,0001042 seconds, Stopping threads took: 0,0000328 seconds
2017-07-16T03:03:02.942+0200: 4,201: Total time for which application threads were stopped: 0,0004847 seconds, Stopping threads took: 0,0001077 seconds
2017-07-16T03:03:02.944+0200: 4,202: Total time for which application threads were stopped: 0,0001434 seconds, Stopping threads took: 0,0000709 seconds
2017-07-16T03:03:02.944+0200: 4,203: Total time for which application threads were stopped: 0,0001332 seconds, Stopping threads took: 0,0000775 seconds
2017-07-16T03:03:02.945+0200: 4,203: Total time for which application threads were stopped: 0,0001160 seconds, Stopping threads took: 0,0000472 seconds
2017-07-16T03:03:02.945+0200: 4,203: Total time for which application threads were stopped: 0,0000522 seconds, Stopping threads took: 0,0000178 seconds
2017-07-16T03:03:02.946+0200: 4,204: Total time for which application threads were stopped: 0,0001209 seconds, Stopping threads took: 0,0000481 seconds
2017-07-16T03:03:02.954+0200: 4,212: Total time for which application threads were stopped: 0,0000731 seconds, Stopping threads took: 0,0000237 seconds
2017-07-16T03:03:02.954+0200: 4,213: Total time for which application threads were stopped: 0,0001060 seconds, Stopping threads took: 0,0000332 seconds
2017-07-16T03:03:02.966+0200: 4,224: Total time for which application threads were stopped: 0,0001762 seconds, Stopping threads took: 0,0000486 seconds
2017-07-16T03:03:02.966+0200: 4,225: Total time for which application threads were stopped: 0,0001126 seconds, Stopping threads took: 0,0000323 seconds
2017-07-16T03:03:02.967+0200: 4,225: Total time for which application threads were stopped: 0,0000986 seconds, Stopping threads took: 0,0000248 seconds
2017-07-16T03:03:02.967+0200: 4,225: Total time for which application threads were stopped: 0,0000838 seconds, Stopping threads took: 0,0000215 seconds
2017-07-16T03:03:02.967+0200: 4,225: Total time for which application threads were stopped: 0,0000771 seconds, Stopping threads took: 0,0000178 seconds
2017-07-16T03:03:02.967+0200: 4,225: Total time for which application threads were stopped: 0,0000849 seconds, Stopping threads took: 0,0000319 seconds
2017-07-16T03:03:02.967+0200: 4,226: Total time for which application threads were stopped: 0,0000716 seconds, Stopping threads took: 0,0000172 seconds
2017-07-16T03:03:02.967+0200: 4,226: Total time for which application threads were stopped: 0,0000893 seconds, Stopping threads took: 0,0000220 seconds
2017-07-16T03:03:02.968+0200: 4,226: Total time for which application threads were stopped: 0,0000815 seconds, Stopping threads took: 0,0000207 seconds
2017-07-16T03:03:02.968+0200: 4,226: Total time for which application threads were stopped: 0,0000774 seconds, Stopping threads took: 0,0000201 seconds
2017-07-16T03:03:02.968+0200: 4,226: Total time for which application threads were stopped: 0,0000915 seconds, Stopping threads took: 0,0000244 seconds
2017-07-16T03:03:02.974+0200: 4,232: Total time for which application threads were stopped: 0,0001150 seconds, Stopping threads took: 0,0000358 seconds
2017-07-16T03:03:02.974+0200: 4,233: Total time for which application threads were stopped: 0,0001562 seconds, Stopping threads took: 0,0000205 seconds
2017-07-16T03:03:02.977+0200: 4,235: Total time for which application threads were stopped: 0,0001005 seconds, Stopping threads took: 0,0000305 seconds
2017-07-16T03:03:02.978+0200: 4,236: Total time for which application threads were stopped: 0,0001143 seconds, Stopping threads took: 0,0000458 seconds
2017-07-16T03:03:02.981+0200: 4,239: Total time for which application threads were stopped: 0,0001217 seconds, Stopping threads took: 0,0000411 seconds
2017-07-16T03:03:02.991+0200: 4,249: Total time for which application threads were stopped: 0,0001124 seconds, Stopping threads took: 0,0000289 seconds
2017-07-16T03:03:02.991+0200: 4,250: Total time for which application threads were stopped: 0,0001329 seconds, Stopping threads took: 0,0000482 seconds
2017-07-16T03:03:03.012+0200: 4,270: Total time for which application threads were stopped: 0,0001367 seconds, Stopping threads took: 0,0000539 seconds
2017-07-16T03:03:03.047+0200: 4,305: Total time for which application threads were stopped: 0,0001124 seconds, Stopping threads took: 0,0000338 seconds
2017-07-16T03:03:03.047+0200: 4,306: Total time for which application threads were stopped: 0,0003406 seconds, Stopping threads took: 0,0000091 seconds
2017-07-16T03:03:03.048+0200: 4,306: Total time for which application threads were stopped: 0,0000726 seconds, Stopping threads took: 0,0000218 seconds
2017-07-16T03:03:03.051+0200: 4,310: Total time for which application threads were stopped: 0,0000931 seconds, Stopping threads took: 0,0000180 seconds
2017-07-16T03:03:04.052+0200: 5,310: Total time for which application threads were stopped: 0,0000869 seconds, Stopping threads took: 0,0000196 seconds
2017-07-16T03:03:06.052+0200: 7,310: Total time for which application threads were stopped: 0,0000752 seconds, Stopping threads took: 0,0000187 seconds
2017-07-16T03:03:21.055+0200: 22,313: Total time for which application threads were stopped: 0,0002616 seconds, Stopping threads took: 0,0000840 seconds
2017-07-16T03:03:30.297+0200: 32,315: Total time for which application threads were stopped: 0,0000647 seconds, Stopping threads took: 0,0000161 seconds
2017-07-16T03:04:25.303+0200: 87,321: Total time for which application threads were stopped: 0,0000599 seconds, Stopping threads took: 0,0000173 seconds
2017-07-16T03:05:00.307+0200: 122,325: Total time for which application threads were stopped: 0,0000767 seconds, Stopping threads took: 0,0000325 seconds
{Heap before GC invocations=9 (full 1):
 par new generation   total 109248K, used 97360K [0x00000000e0000000, 0x00000000e8000000, 0x00000000e8000000)
  eden space 87424K, 100% used [0x00000000e0000000, 0x00000000e5560000, 0x00000000e5560000)
  from space 21824K,  45% used [0x00000000e6ab0000, 0x00000000e7464280, 0x00000000e8000000)
  to   space 21824K,   0% used [0x00000000e5560000, 0x00000000e5560000, 0x00000000e6ab0000)
 concurrent mark-sweep generation total 393216K, used 5979K [0x00000000e8000000, 0x0000000100000000, 0x0000000100000000)
 Metaspace       used 27999K, capacity 28557K, committed 28796K, reserved 1075200K
  class space    used 3212K, capacity 3389K, committed 3452K, reserved 1048576K
2017-07-16T03:05:54.182+0200: 176,200: [GC (Allocation Failure) 2017-07-16T03:05:54.183+0200: 176,201: [ParNew
Desired survivor size 20112992 bytes, new threshold 8 (max 8)
- age   1:   10659232 bytes,   10659232 total
- age   2:     402968 bytes,   11062200 total
- age   3:     238376 bytes,   11300576 total
- age   4:    1723888 bytes,   13024464 total
- age   5:      62944 bytes,   13087408 total
- age   7:      97776 bytes,   13185184 total
- age   8:     186528 bytes,   13371712 total
: 97360K->14877K(109248K), 0,0138803 secs] 103340K->21751K(502464K), 0,0139550 secs] [Times: user=0,05 sys=0,00, real=0,02 secs] 
Heap after GC invocations=10 (full 1):
 par new generation   total 109248K, used 14877K [0x00000000e0000000, 0x00000000e8000000, 0x00000000e8000000)
  eden space 87424K,   0% used [0x00000000e0000000, 0x00000000e0000000, 0x00000000e5560000)
  from space 21824K,  68% used [0x00000000e5560000, 0x00000000e63e74e8, 0x00000000e6ab0000)
  to   space 21824K,   0% used [0x00000000e6ab0000, 0x00000000e6ab0000, 0x00000000e8000000)
 concurrent mark-sweep generation total 393216K, used 6874K [0x00000000e8000000, 0x0000000100000000, 0x0000000100000000)
 Metaspace       used 27999K, capacity 28557K, committed 28796K, reserved 1075200K
  class space    used 3212K, capacity 3389K, committed 3452K, reserved 1048576K
}
2017-07-16T03:05:54.196+0200: 176,214: Total time for which application threads were stopped: 0,0141284 seconds, Stopping threads took: 0,0000453 seconds
2017-07-16T03:05:54.197+0200: 176,215: Total time for which application threads were stopped: 0,0000706 seconds, Stopping threads took: 0,0000267 seconds
2017-07-16T03:05:54.197+0200: 176,215: Total time for which application threads were stopped: 0,0000366 seconds, Stopping threads took: 0,0000146 seconds
2017-07-16T03:06:04.198+0200: 186,216: Total time for which application threads were stopped: 0,0000768 seconds, Stopping threads took: 0,0000312 seconds
2017-07-16T03:07:30.209+0200: 272,227: Total time for which application threads were stopped: 0,0000801 seconds, Stopping threads took: 0,0000333 seconds
2017-07-16T03:07:34.209+0200: 276,227: Total time for which application threads were stopped: 0,0000846 seconds, Stopping threads took: 0,0000329 seconds
2017-07-16T03:07:35.210+0200: 277,228: Total time for which application threads were stopped: 0,0000713 seconds, Stopping threads took: 0,0000189 seconds
2017-07-16T03:11:00.234+0200: 482,252: Total time for which application threads were stopped: 0,0001050 seconds, Stopping threads took: 0,0000364 seconds
2017-07-16T03:11:40.238+0200: 522,256: Total time for which application threads were stopped: 0,0001311 seconds, Stopping threads took: 0,0000539 seconds
2017-07-16T03:26:29.344+0200: 1411,362: Total time for which application threads were stopped: 0,0000964 seconds, Stopping threads took: 0,0000329 seconds
2017-07-16T03:31:44.384+0200: 1726,402: Total time for which application threads were stopped: 0,0001493 seconds, Stopping threads took: 0,0000556 seconds
2017-07-16T03:41:20.459+0200: 2302,477: Total time for which application threads were stopped: 0,0000750 seconds, Stopping threads took: 0,0000287 seconds
2017-07-16T03:41:24.460+0200: 2306,478: Total time for which application threads were stopped: 0,0000835 seconds, Stopping threads took: 0,0000172 seconds
2017-07-16T03:57:45.596+0200: 3287,614: Total time for which application threads were stopped: 0,0000882 seconds, Stopping threads took: 0,0000350 seconds
2017-07-16T04:01:44.018+0200: 3526,036: Total time for which application threads were stopped: 0,0004689 seconds, Stopping threads took: 0,0004084 seconds
2017-07-16T04:01:44.019+0200: 3526,037: Total time for which application threads were stopped: 0,0001090 seconds, Stopping threads took: 0,0000297 seconds
2017-07-16T04:01:44.021+0200: 3526,039: Total time for which application threads were stopped: 0,0000677 seconds, Stopping threads took: 0,0000206 seconds
2017-07-16T04:01:44.021+0200: 3526,039: Total time for which application threads were stopped: 0,0000466 seconds, Stopping threads took: 0,0000213 seconds
2017-07-16T04:01:44.021+0200: 3526,039: Total time for which application threads were stopped: 0,0000335 seconds, Stopping threads took: 0,0000138 seconds
2017-07-16T04:01:44.021+0200: 3526,039: Total time for which application threads were stopped: 0,0000264 seconds, Stopping threads took: 0,0000081 seconds
2017-07-16T04:01:44.021+0200: 3526,039: Total time for which application threads were stopped: 0,0000234 seconds, Stopping threads took: 0,0000057 seconds
2017-07-16T04:01:44.021+0200: 3526,039: Total time for which application threads were stopped: 0,0000382 seconds, Stopping threads took: 0,0000182 seconds
2017-07-16T04:01:44.021+0200: 3526,039: Total time for which application threads were stopped: 0,0000251 seconds, Stopping threads took: 0,0000064 seconds
2017-07-16T04:01:44.021+0200: 3526,039: Total time for which application threads were stopped: 0,0000374 seconds, Stopping threads took: 0,0000181 seconds
2017-07-16T04:01:44.021+0200: 3526,039: Total time for which application threads were stopped: 0,0000327 seconds, Stopping threads took: 0,0000135 seconds
2017-07-16T04:01:44.021+0200: 3526,039: Total time for which application threads were stopped: 0,0000365 seconds, Stopping threads took: 0,0000149 seconds
2017-07-16T04:01:44.021+0200: 3526,039: Total time for which application threads were stopped: 0,0000271 seconds, Stopping threads took: 0,0000063 seconds
2017-07-16T04:01:44.021+0200: 3526,039: Total time for which application threads were stopped: 0,0000253 seconds, Stopping threads took: 0,0000062 seconds
2017-07-16T04:01:44.022+0200: 3526,039: Total time for which application threads were stopped: 0,0000252 seconds, Stopping threads took: 0,0000063 seconds
2017-07-16T04:01:44.022+0200: 3526,040: Total time for which application threads were stopped: 0,0000477 seconds, Stopping threads took: 0,0000247 seconds
2017-07-16T04:01:44.025+0200: 3526,043: Total time for which application threads were stopped: 0,0000972 seconds, Stopping threads took: 0,0000431 seconds
2017-07-16T04:01:44.025+0200: 3526,043: Total time for which application threads were stopped: 0,0000593 seconds, Stopping threads took: 0,0000298 seconds
2017-07-16T04:01:44.025+0200: 3526,043: Total time for which application threads were stopped: 0,0000454 seconds, Stopping threads took: 0,0000189 seconds
2017-07-16T04:01:44.025+0200: 3526,043: Total time for which application threads were stopped: 0,0000412 seconds, Stopping threads took: 0,0000166 seconds
2017-07-16T04:01:44.113+0200: 3526,131: Total time for which application threads were stopped: 0,0001098 seconds, Stopping threads took: 0,0000315 seconds
2017-07-16T04:01:44.152+0200: 3526,170: Total time for which application threads were stopped: 0,0286442 seconds, Stopping threads took: 0,0285758 seconds
2017-07-16T04:01:44.152+0200: 3526,170: Total time for which application threads were stopped: 0,0000513 seconds, Stopping threads took: 0,0000089 seconds
2017-07-16T04:01:44.152+0200: 3526,170: Total time for which application threads were stopped: 0,0000365 seconds, Stopping threads took: 0,0000052 seconds
2017-07-16T04:01:44.152+0200: 3526,170: Total time for which application threads were stopped: 0,0000369 seconds, Stopping threads took: 0,0000068 seconds
2017-07-16T04:01:44.152+0200: 3526,170: Total time for which application threads were stopped: 0,0000334 seconds, Stopping threads took: 0,0000043 seconds
2017-07-16T04:01:44.160+0200: 3526,178: Total time for which application threads were stopped: 0,0000944 seconds, Stopping threads took: 0,0000287 seconds
2017-07-16T04:01:44.160+0200: 3526,178: Total time for which application threads were stopped: 0,0000492 seconds, Stopping threads took: 0,0000153 seconds
2017-07-16T04:01:44.160+0200: 3526,178: Total time for which application threads were stopped: 0,0000586 seconds, Stopping threads took: 0,0000160 seconds
2017-07-16T04:01:44.163+0200: 3526,181: Total time for which application threads were stopped: 0,0000867 seconds, Stopping threads took: 0,0000297 seconds
2017-07-16T04:01:44.164+0200: 3526,182: Total time for which application threads were stopped: 0,0000656 seconds, Stopping threads took: 0,0000200 seconds
2017-07-16T04:01:44.164+0200: 3526,182: Total time for which application threads were stopped: 0,0000433 seconds, Stopping threads took: 0,0000133 seconds
2017-07-16T04:01:44.164+0200: 3526,182: Total time for which application threads were stopped: 0,0000398 seconds, Stopping threads took: 0,0000125 seconds
2017-07-16T04:01:44.171+0200: 3526,189: Total time for which application threads were stopped: 0,0001022 seconds, Stopping threads took: 0,0000328 seconds
2017-07-16T04:01:44.171+0200: 3526,189: Total time for which application threads were stopped: 0,0000510 seconds, Stopping threads took: 0,0000143 seconds
2017-07-16T04:01:44.171+0200: 3526,189: Total time for which application threads were stopped: 0,0000481 seconds, Stopping threads took: 0,0000133 seconds
2017-07-16T04:01:44.171+0200: 3526,189: Total time for which application threads were stopped: 0,0000428 seconds, Stopping threads took: 0,0000128 seconds
2017-07-16T04:01:44.175+0200: 3526,193: Total time for which application threads were stopped: 0,0000980 seconds, Stopping threads took: 0,0000302 seconds
2017-07-16T04:01:44.175+0200: 3526,193: Total time for which application threads were stopped: 0,0000548 seconds, Stopping threads took: 0,0000172 seconds
2017-07-16T04:01:44.175+0200: 3526,193: Total time for which application threads were stopped: 0,0000350 seconds, Stopping threads took: 0,0000056 seconds
2017-07-16T04:01:44.175+0200: 3526,193: Total time for which application threads were stopped: 0,0000406 seconds, Stopping threads took: 0,0000126 seconds
2017-07-16T04:01:44.175+0200: 3526,193: Total time for which application threads were stopped: 0,0000787 seconds, Stopping threads took: 0,0000349 seconds
2017-07-16T04:01:44.177+0200: 3526,195: Total time for which application threads were stopped: 0,0000987 seconds, Stopping threads took: 0,0000267 seconds
2017-07-16T04:01:44.178+0200: 3526,196: Total time for which application threads were stopped: 0,0000799 seconds, Stopping threads took: 0,0000256 seconds
2017-07-16T04:01:44.178+0200: 3526,196: Total time for which application threads were stopped: 0,0000393 seconds, Stopping threads took: 0,0000059 seconds
2017-07-16T04:01:44.178+0200: 3526,196: Total time for which application threads were stopped: 0,0000434 seconds, Stopping threads took: 0,0000122 seconds
2017-07-16T04:01:44.178+0200: 3526,196: Total time for which application threads were stopped: 0,0001514 seconds, Stopping threads took: 0,0000120 seconds
2017-07-16T04:01:44.180+0200: 3526,198: Total time for which application threads were stopped: 0,0001028 seconds, Stopping threads took: 0,0000236 seconds
2017-07-16T04:01:44.186+0200: 3526,204: Total time for which application threads were stopped: 0,0052775 seconds, Stopping threads took: 0,0051509 seconds
2017-07-16T04:01:44.193+0200: 3526,211: Total time for which application threads were stopped: 0,0001063 seconds, Stopping threads took: 0,0000223 seconds
2017-07-16T04:01:44.195+0200: 3526,213: Total time for which application threads were stopped: 0,0001412 seconds, Stopping threads took: 0,0000310 seconds
Heap
 par new generation   total 109248K, used 36682K [0x00000000e0000000, 0x00000000e8000000, 0x00000000e8000000)
  eden space 87424K,  24% used [0x00000000e0000000, 0x00000000e154b4a0, 0x00000000e5560000)
  from space 21824K,  68% used [0x00000000e5560000, 0x00000000e63e74e8, 0x00000000e6ab0000)
  to   space 21824K,   0% used [0x00000000e6ab0000, 0x00000000e6ab0000, 0x00000000e8000000)
 concurrent mark-sweep generation total 393216K, used 6874K [0x00000000e8000000, 0x0000000100000000, 0x0000000100000000)
 Metaspace       used 28117K, capacity 28661K, committed 28796K, reserved 1075200K
  class space    used 3226K, capacity 3423K, committed 3452K, reserved 1048576K
