OpenJDK 64-Bit Server VM (25.91-b14) for linux-amd64 JRE (1.8.0_91-8u91-b14-3ubuntu1~16.04.1-b14), built on Jul 21 2016 04:13:34 by "buildd" with gcc 5.3.1 20160413
Memory: 4k page, physical 7867876k(7545708k free), swap 8076284k(8076284k free)
CommandLine flags: -XX:CMSInitiatingOccupancyFraction=50 -XX:CMSMaxAbortablePrecleanTime=6000 -XX:+CMSParallelRemarkEnabled -XX:+CMSScavengeBeforeRemark -XX:ConcGCThreads=4 -XX:InitialHeapSize=536870912 -XX:MaxHeapSize=536870912 -XX:MaxTenuringThreshold=8 -XX:NewRatio=3 -XX:OldPLABSize=16 -XX:OnOutOfMemoryError=/opt/solr/bin/oom_solr.sh 8983 /var/solr/logs -XX:ParallelGCThreads=4 -XX:+ParallelRefProcEnabled -XX:PretenureSizeThreshold=67108864 -XX:+PrintGC -XX:+PrintGCApplicationStoppedTime -XX:+PrintGCDateStamps -XX:+PrintGCDetails -XX:+PrintGCTimeStamps -XX:+PrintHeapAtGC -XX:+PrintTenuringDistribution -XX:SurvivorRatio=4 -XX:TargetSurvivorRatio=90 -XX:ThreadStackSize=256 -XX:+UseCMSInitiatingOccupancyOnly -XX:+UseCompressedClassPointers -XX:+UseCompressedOops -XX:+UseConcMarkSweepGC -XX:+UseParNewGC 
2016-11-03T23:58:59.301+0100: 0,123: Total time for which application threads were stopped: 0,0000999 seconds, Stopping threads took: 0,0000224 seconds
2016-11-03T23:58:59.397+0100: 0,219: Total time for which application threads were stopped: 0,0000865 seconds, Stopping threads took: 0,0000144 seconds
2016-11-03T23:58:59.411+0100: 0,233: Total time for which application threads were stopped: 0,0000743 seconds, Stopping threads took: 0,0000113 seconds
2016-11-03T23:58:59.537+0100: 0,358: Total time for which application threads were stopped: 0,0001477 seconds, Stopping threads took: 0,0000159 seconds
2016-11-03T23:58:59.722+0100: 0,543: Total time for which application threads were stopped: 0,0001230 seconds, Stopping threads took: 0,0000108 seconds
2016-11-03T23:58:59.793+0100: 0,614: Total time for which application threads were stopped: 0,0001693 seconds, Stopping threads took: 0,0000144 seconds
2016-11-03T23:58:59.809+0100: 0,630: Total time for which application threads were stopped: 0,0001586 seconds, Stopping threads took: 0,0000217 seconds
2016-11-03T23:59:00.239+0100: 1,061: Total time for which application threads were stopped: 0,0001928 seconds, Stopping threads took: 0,0000151 seconds
2016-11-03T23:59:00.493+0100: 1,314: Total time for which application threads were stopped: 0,0002014 seconds, Stopping threads took: 0,0000161 seconds
2016-11-03T23:59:00.575+0100: 1,396: Total time for which application threads were stopped: 0,0034244 seconds, Stopping threads took: 0,0032217 seconds
2016-11-03T23:59:00.576+0100: 1,397: Total time for which application threads were stopped: 0,0001606 seconds, Stopping threads took: 0,0000109 seconds
2016-11-03T23:59:00.603+0100: 1,424: Total time for which application threads were stopped: 0,0002323 seconds, Stopping threads took: 0,0000252 seconds
2016-11-03T23:59:00.715+0100: 1,536: Total time for which application threads were stopped: 0,0002548 seconds, Stopping threads took: 0,0000323 seconds
2016-11-03T23:59:00.860+0100: 1,681: Total time for which application threads were stopped: 0,0005352 seconds, Stopping threads took: 0,0000492 seconds
{Heap before GC invocations=0 (full 0):
 par new generation   total 109248K, used 87424K [0x00000000e0000000, 0x00000000e8000000, 0x00000000e8000000)
  eden space 87424K, 100% used [0x00000000e0000000, 0x00000000e5560000, 0x00000000e5560000)
  from space 21824K,   0% used [0x00000000e5560000, 0x00000000e5560000, 0x00000000e6ab0000)
  to   space 21824K,   0% used [0x00000000e6ab0000, 0x00000000e6ab0000, 0x00000000e8000000)
 concurrent mark-sweep generation total 393216K, used 0K [0x00000000e8000000, 0x0000000100000000, 0x0000000100000000)
 Metaspace       used 17998K, capacity 18310K, committed 18560K, reserved 1064960K
  class space    used 2041K, capacity 2164K, committed 2176K, reserved 1048576K
2016-11-03T23:59:01.011+0100: 1,832: [GC (Allocation Failure) 2016-11-03T23:59:01.011+0100: 1,832: [ParNew
Desired survivor size 20112992 bytes, new threshold 8 (max 8)
- age   1:   12343136 bytes,   12343136 total
: 87424K->12168K(109248K), 0,0235582 secs] 87424K->12168K(502464K), 0,0237264 secs] [Times: user=0,07 sys=0,01, real=0,03 secs] 
Heap after GC invocations=1 (full 0):
 par new generation   total 109248K, used 12168K [0x00000000e0000000, 0x00000000e8000000, 0x00000000e8000000)
  eden space 87424K,   0% used [0x00000000e0000000, 0x00000000e0000000, 0x00000000e5560000)
  from space 21824K,  55% used [0x00000000e6ab0000, 0x00000000e7692240, 0x00000000e8000000)
  to   space 21824K,   0% used [0x00000000e5560000, 0x00000000e5560000, 0x00000000e6ab0000)
 concurrent mark-sweep generation total 393216K, used 0K [0x00000000e8000000, 0x0000000100000000, 0x0000000100000000)
 Metaspace       used 17998K, capacity 18310K, committed 18560K, reserved 1064960K
  class space    used 2041K, capacity 2164K, committed 2176K, reserved 1048576K
}
2016-11-03T23:59:01.035+0100: 1,856: Total time for which application threads were stopped: 0,0240197 seconds, Stopping threads took: 0,0000559 seconds
2016-11-03T23:59:01.376+0100: 2,198: Total time for which application threads were stopped: 0,0003131 seconds, Stopping threads took: 0,0000457 seconds
2016-11-03T23:59:01.416+0100: 2,237: Total time for which application threads were stopped: 0,0007128 seconds, Stopping threads took: 0,0004153 seconds
2016-11-03T23:59:01.463+0100: 2,284: Total time for which application threads were stopped: 0,0019781 seconds, Stopping threads took: 0,0016886 seconds
{Heap before GC invocations=1 (full 0):
 par new generation   total 109248K, used 99592K [0x00000000e0000000, 0x00000000e8000000, 0x00000000e8000000)
  eden space 87424K, 100% used [0x00000000e0000000, 0x00000000e5560000, 0x00000000e5560000)
  from space 21824K,  55% used [0x00000000e6ab0000, 0x00000000e7692240, 0x00000000e8000000)
  to   space 21824K,   0% used [0x00000000e5560000, 0x00000000e5560000, 0x00000000e6ab0000)
 concurrent mark-sweep generation total 393216K, used 0K [0x00000000e8000000, 0x0000000100000000, 0x0000000100000000)
 Metaspace       used 20355K, capacity 20660K, committed 20992K, reserved 1067008K
  class space    used 2350K, capacity 2485K, committed 2560K, reserved 1048576K
2016-11-03T23:59:01.562+0100: 2,383: [GC (Allocation Failure) 2016-11-03T23:59:01.562+0100: 2,383: [ParNew
Desired survivor size 20112992 bytes, new threshold 8 (max 8)
- age   1:    4389512 bytes,    4389512 total
- age   2:    6270768 bytes,   10660280 total
: 99592K->15088K(109248K), 0,0103842 secs] 99592K->15088K(502464K), 0,0104534 secs] [Times: user=0,02 sys=0,02, real=0,01 secs] 
Heap after GC invocations=2 (full 0):
 par new generation   total 109248K, used 15088K [0x00000000e0000000, 0x00000000e8000000, 0x00000000e8000000)
  eden space 87424K,   0% used [0x00000000e0000000, 0x00000000e0000000, 0x00000000e5560000)
  from space 21824K,  69% used [0x00000000e5560000, 0x00000000e641c000, 0x00000000e6ab0000)
  to   space 21824K,   0% used [0x00000000e6ab0000, 0x00000000e6ab0000, 0x00000000e8000000)
 concurrent mark-sweep generation total 393216K, used 0K [0x00000000e8000000, 0x0000000100000000, 0x0000000100000000)
 Metaspace       used 20355K, capacity 20660K, committed 20992K, reserved 1067008K
  class space    used 2350K, capacity 2485K, committed 2560K, reserved 1048576K
}
2016-11-03T23:59:01.572+0100: 2,394: Total time for which application threads were stopped: 0,0106745 seconds, Stopping threads took: 0,0000613 seconds
{Heap before GC invocations=2 (full 0):
 par new generation   total 109248K, used 102512K [0x00000000e0000000, 0x00000000e8000000, 0x00000000e8000000)
  eden space 87424K, 100% used [0x00000000e0000000, 0x00000000e5560000, 0x00000000e5560000)
  from space 21824K,  69% used [0x00000000e5560000, 0x00000000e641c000, 0x00000000e6ab0000)
  to   space 21824K,   0% used [0x00000000e6ab0000, 0x00000000e6ab0000, 0x00000000e8000000)
 concurrent mark-sweep generation total 393216K, used 0K [0x00000000e8000000, 0x0000000100000000, 0x0000000100000000)
 Metaspace       used 20812K, capacity 21150K, committed 21248K, reserved 1069056K
  class space    used 2407K, capacity 2530K, committed 2560K, reserved 1048576K
2016-11-03T23:59:01.703+0100: 2,525: [GC (Allocation Failure) 2016-11-03T23:59:01.704+0100: 2,525: [ParNew
Desired survivor size 20112992 bytes, new threshold 8 (max 8)
- age   1:     780760 bytes,     780760 total
- age   2:    1583944 bytes,    2364704 total
- age   3:    6265816 bytes,    8630520 total
: 102512K->13026K(109248K), 0,0087617 secs] 102512K->13026K(502464K), 0,0088484 secs] [Times: user=0,02 sys=0,00, real=0,01 secs] 
Heap after GC invocations=3 (full 0):
 par new generation   total 109248K, used 13026K [0x00000000e0000000, 0x00000000e8000000, 0x00000000e8000000)
  eden space 87424K,   0% used [0x00000000e0000000, 0x00000000e0000000, 0x00000000e5560000)
  from space 21824K,  59% used [0x00000000e6ab0000, 0x00000000e7768bc0, 0x00000000e8000000)
  to   space 21824K,   0% used [0x00000000e5560000, 0x00000000e5560000, 0x00000000e6ab0000)
 concurrent mark-sweep generation total 393216K, used 0K [0x00000000e8000000, 0x0000000100000000, 0x0000000100000000)
 Metaspace       used 20812K, capacity 21150K, committed 21248K, reserved 1069056K
  class space    used 2407K, capacity 2530K, committed 2560K, reserved 1048576K
}
2016-11-03T23:59:01.712+0100: 2,534: Total time for which application threads were stopped: 0,0090844 seconds, Stopping threads took: 0,0000772 seconds
2016-11-03T23:59:01.738+0100: 2,559: Total time for which application threads were stopped: 0,0001371 seconds, Stopping threads took: 0,0000515 seconds
2016-11-03T23:59:01.820+0100: 2,641: Total time for which application threads were stopped: 0,0001547 seconds, Stopping threads took: 0,0000376 seconds
2016-11-03T23:59:01.828+0100: 2,649: Total time for which application threads were stopped: 0,0002785 seconds, Stopping threads took: 0,0000184 seconds
2016-11-03T23:59:01.852+0100: 2,673: Total time for which application threads were stopped: 0,0001009 seconds, Stopping threads took: 0,0000252 seconds
2016-11-03T23:59:01.895+0100: 2,716: Total time for which application threads were stopped: 0,0002423 seconds, Stopping threads took: 0,0001593 seconds
2016-11-03T23:59:01.927+0100: 2,748: Total time for which application threads were stopped: 0,0001612 seconds, Stopping threads took: 0,0000543 seconds
2016-11-03T23:59:01.941+0100: 2,763: Total time for which application threads were stopped: 0,0003548 seconds, Stopping threads took: 0,0000232 seconds
2016-11-03T23:59:01.970+0100: 2,791: Total time for which application threads were stopped: 0,0003324 seconds, Stopping threads took: 0,0000257 seconds
2016-11-03T23:59:01.975+0100: 2,796: Total time for which application threads were stopped: 0,0020463 seconds, Stopping threads took: 0,0019656 seconds
{Heap before GC invocations=3 (full 0):
 par new generation   total 109248K, used 100450K [0x00000000e0000000, 0x00000000e8000000, 0x00000000e8000000)
  eden space 87424K, 100% used [0x00000000e0000000, 0x00000000e5560000, 0x00000000e5560000)
  from space 21824K,  59% used [0x00000000e6ab0000, 0x00000000e7768bc0, 0x00000000e8000000)
  to   space 21824K,   0% used [0x00000000e5560000, 0x00000000e5560000, 0x00000000e6ab0000)
 concurrent mark-sweep generation total 393216K, used 0K [0x00000000e8000000, 0x0000000100000000, 0x0000000100000000)
 Metaspace       used 22834K, capacity 23256K, committed 23288K, reserved 1069056K
  class space    used 2646K, capacity 2807K, committed 2836K, reserved 1048576K
2016-11-03T23:59:02.019+0100: 2,840: [GC (Allocation Failure) 2016-11-03T23:59:02.019+0100: 2,840: [ParNew
Desired survivor size 20112992 bytes, new threshold 8 (max 8)
- age   1:    2563064 bytes,    2563064 total
- age   2:     184312 bytes,    2747376 total
- age   3:     772976 bytes,    3520352 total
- age   4:    6260352 bytes,    9780704 total
: 100450K->12440K(109248K), 0,0184313 secs] 100450K->12440K(502464K), 0,0185007 secs] [Times: user=0,06 sys=0,00, real=0,02 secs] 
Heap after GC invocations=4 (full 0):
 par new generation   total 109248K, used 12440K [0x00000000e0000000, 0x00000000e8000000, 0x00000000e8000000)
  eden space 87424K,   0% used [0x00000000e0000000, 0x00000000e0000000, 0x00000000e5560000)
  from space 21824K,  57% used [0x00000000e5560000, 0x00000000e6186290, 0x00000000e6ab0000)
  to   space 21824K,   0% used [0x00000000e6ab0000, 0x00000000e6ab0000, 0x00000000e8000000)
 concurrent mark-sweep generation total 393216K, used 0K [0x00000000e8000000, 0x0000000100000000, 0x0000000100000000)
 Metaspace       used 22834K, capacity 23256K, committed 23288K, reserved 1069056K
  class space    used 2646K, capacity 2807K, committed 2836K, reserved 1048576K
}
2016-11-03T23:59:02.037+0100: 2,859: Total time for which application threads were stopped: 0,0194024 seconds, Stopping threads took: 0,0007250 seconds
2016-11-03T23:59:02.039+0100: 2,861: [GC (CMS Initial Mark) [1 CMS-initial-mark: 0K(393216K)] 14005K(502464K), 0,0034896 secs] [Times: user=0,01 sys=0,00, real=0,00 secs] 
2016-11-03T23:59:02.043+0100: 2,864: Total time for which application threads were stopped: 0,0036758 seconds, Stopping threads took: 0,0000930 seconds
2016-11-03T23:59:02.043+0100: 2,864: [CMS-concurrent-mark-start]
2016-11-03T23:59:02.044+0100: 2,865: [CMS-concurrent-mark: 0,001/0,001 secs] [Times: user=0,00 sys=0,00, real=0,00 secs] 
2016-11-03T23:59:02.044+0100: 2,865: [CMS-concurrent-preclean-start]
2016-11-03T23:59:02.045+0100: 2,866: [CMS-concurrent-preclean: 0,001/0,001 secs] [Times: user=0,01 sys=0,00, real=0,00 secs] 
2016-11-03T23:59:02.045+0100: 2,866: [GC (CMS Final Remark) [YG occupancy: 14005 K (109248 K)]{Heap before GC invocations=4 (full 1):
 par new generation   total 109248K, used 14005K [0x00000000e0000000, 0x00000000e8000000, 0x00000000e8000000)
  eden space 87424K,   1% used [0x00000000e0000000, 0x00000000e0187328, 0x00000000e5560000)
  from space 21824K,  57% used [0x00000000e5560000, 0x00000000e6186290, 0x00000000e6ab0000)
  to   space 21824K,   0% used [0x00000000e6ab0000, 0x00000000e6ab0000, 0x00000000e8000000)
 concurrent mark-sweep generation total 393216K, used 0K [0x00000000e8000000, 0x0000000100000000, 0x0000000100000000)
 Metaspace       used 22863K, capacity 23256K, committed 23288K, reserved 1069056K
  class space    used 2651K, capacity 2807K, committed 2836K, reserved 1048576K
2016-11-03T23:59:02.045+0100: 2,866: [GC (CMS Final Remark) 2016-11-03T23:59:02.045+0100: 2,866: [ParNew
Desired survivor size 20112992 bytes, new threshold 8 (max 8)
- age   1:      28968 bytes,      28968 total
- age   2:     751184 bytes,     780152 total
- age   3:     139800 bytes,     919952 total
- age   4:     711496 bytes,    1631448 total
- age   5:    5997368 bytes,    7628816 total
: 14005K->8940K(109248K), 0,0110155 secs] 14005K->8940K(502464K), 0,0110580 secs] [Times: user=0,03 sys=0,01, real=0,02 secs] 
Heap after GC invocations=5 (full 1):
 par new generation   total 109248K, used 8940K [0x00000000e0000000, 0x00000000e8000000, 0x00000000e8000000)
  eden space 87424K,   0% used [0x00000000e0000000, 0x00000000e0000000, 0x00000000e5560000)
  from space 21824K,  40% used [0x00000000e6ab0000, 0x00000000e736b340, 0x00000000e8000000)
  to   space 21824K,   0% used [0x00000000e5560000, 0x00000000e5560000, 0x00000000e6ab0000)
 concurrent mark-sweep generation total 393216K, used 0K [0x00000000e8000000, 0x0000000100000000, 0x0000000100000000)
 Metaspace       used 22863K, capacity 23256K, committed 23288K, reserved 1069056K
  class space    used 2651K, capacity 2807K, committed 2836K, reserved 1048576K
}
2016-11-03T23:59:02.056+0100: 2,877: [Rescan (parallel) , 0,0030817 secs]2016-11-03T23:59:02.059+0100: 2,880: [weak refs processing, 0,0004145 secs]2016-11-03T23:59:02.059+0100: 2,881: [class unloading, 0,0030089 secs]2016-11-03T23:59:02.063+0100: 2,884: [scrub symbol table, 0,0034962 secs]2016-11-03T23:59:02.066+0100: 2,887: [scrub string table, 0,0003661 secs][1 CMS-remark: 0K(393216K)] 8940K(502464K), 0,0221285 secs] [Times: user=0,05 sys=0,01, real=0,03 secs] 
2016-11-03T23:59:02.067+0100: 2,888: Total time for which application threads were stopped: 0,0222358 seconds, Stopping threads took: 0,0000345 seconds
2016-11-03T23:59:02.067+0100: 2,888: [CMS-concurrent-sweep-start]
2016-11-03T23:59:02.067+0100: 2,888: [CMS-concurrent-sweep: 0,000/0,000 secs] [Times: user=0,00 sys=0,00, real=0,00 secs] 
2016-11-03T23:59:02.067+0100: 2,888: [CMS-concurrent-reset-start]
2016-11-03T23:59:02.069+0100: 2,890: [CMS-concurrent-reset: 0,002/0,002 secs] [Times: user=0,01 sys=0,00, real=0,00 secs] 
2016-11-03T23:59:02.397+0100: 3,218: Total time for which application threads were stopped: 0,0003806 seconds, Stopping threads took: 0,0000246 seconds
2016-11-03T23:59:03.228+0100: 4,049: Total time for which application threads were stopped: 0,0003041 seconds, Stopping threads took: 0,0000166 seconds
2016-11-03T23:59:30.595+0100: 32,053: Total time for which application threads were stopped: 0,0003311 seconds, Stopping threads took: 0,0000968 seconds
2016-11-04T00:01:30.609+0100: 152,067: Total time for which application threads were stopped: 0,0000753 seconds, Stopping threads took: 0,0000324 seconds
2016-11-04T00:01:35.609+0100: 157,068: Total time for which application threads were stopped: 0,0000854 seconds, Stopping threads took: 0,0000343 seconds
2016-11-04T00:01:59.612+0100: 181,070: Total time for which application threads were stopped: 0,0000592 seconds, Stopping threads took: 0,0000153 seconds
2016-11-04T00:02:40.616+0100: 222,075: Total time for which application threads were stopped: 0,0000951 seconds, Stopping threads took: 0,0000381 seconds
2016-11-04T00:03:34.622+0100: 276,080: Total time for which application threads were stopped: 0,0000820 seconds, Stopping threads took: 0,0000309 seconds
2016-11-04T00:03:45.624+0100: 287,082: Total time for which application threads were stopped: 0,0000672 seconds, Stopping threads took: 0,0000202 seconds
2016-11-04T00:22:34.749+0100: 1416,208: Total time for which application threads were stopped: 0,0000810 seconds, Stopping threads took: 0,0000328 seconds
2016-11-04T00:26:59.779+0100: 1681,237: Total time for which application threads were stopped: 0,0000873 seconds, Stopping threads took: 0,0000366 seconds
2016-11-04T00:35:29.837+0100: 2191,295: Total time for which application threads were stopped: 0,0001597 seconds, Stopping threads took: 0,0000611 seconds
2016-11-04T00:37:34.852+0100: 2316,310: Total time for which application threads were stopped: 0,0001333 seconds, Stopping threads took: 0,0000499 seconds
2016-11-04T00:37:35.852+0100: 2317,311: Total time for which application threads were stopped: 0,0001112 seconds, Stopping threads took: 0,0000256 seconds
2016-11-04T00:39:54.869+0100: 2456,327: Total time for which application threads were stopped: 0,0000902 seconds, Stopping threads took: 0,0000345 seconds
2016-11-04T00:40:39.874+0100: 2501,332: Total time for which application threads were stopped: 0,0000964 seconds, Stopping threads took: 0,0000343 seconds
2016-11-04T00:52:15.962+0100: 3197,420: Total time for which application threads were stopped: 0,0001606 seconds, Stopping threads took: 0,0000631 seconds
2016-11-04T00:54:59.984+0100: 3361,443: Total time for which application threads were stopped: 0,0000929 seconds, Stopping threads took: 0,0000375 seconds
2016-11-04T01:01:25.029+0100: 3746,488: Total time for which application threads were stopped: 0,0001882 seconds, Stopping threads took: 0,0000666 seconds
2016-11-04T01:01:30.030+0100: 3751,488: Total time for which application threads were stopped: 0,0002004 seconds, Stopping threads took: 0,0000519 seconds
2016-11-04T01:03:20.041+0100: 3861,499: Total time for which application threads were stopped: 0,0000747 seconds, Stopping threads took: 0,0000297 seconds
2016-11-04T01:06:00.057+0100: 4021,515: Total time for which application threads were stopped: 0,0000754 seconds, Stopping threads took: 0,0000314 seconds
2016-11-04T01:35:26.271+0100: 5787,730: Total time for which application threads were stopped: 0,0001599 seconds, Stopping threads took: 0,0000632 seconds
2016-11-04T01:40:40.321+0100: 6101,779: Total time for which application threads were stopped: 0,0001744 seconds, Stopping threads took: 0,0000675 seconds
2016-11-04T01:44:00.353+0100: 6301,812: Total time for which application threads were stopped: 0,0001044 seconds, Stopping threads took: 0,0000394 seconds
2016-11-04T01:52:18.301+0100: 6799,759: Total time for which application threads were stopped: 0,0001224 seconds, Stopping threads took: 0,0000190 seconds
Heap
 par new generation   total 109248K, used 84432K [0x00000000e0000000, 0x00000000e8000000, 0x00000000e8000000)
  eden space 87424K,  86% used [0x00000000e0000000, 0x00000000e49b8ef8, 0x00000000e5560000)
  from space 21824K,  40% used [0x00000000e6ab0000, 0x00000000e736b340, 0x00000000e8000000)
  to   space 21824K,   0% used [0x00000000e5560000, 0x00000000e5560000, 0x00000000e6ab0000)
 concurrent mark-sweep generation total 393216K, used 0K [0x00000000e8000000, 0x0000000100000000, 0x0000000100000000)
 Metaspace       used 27287K, capacity 27758K, committed 27896K, reserved 1073152K
  class space    used 3167K, capacity 3300K, committed 3348K, reserved 1048576K
