OpenJDK 64-Bit Server VM (25.121-b13) for linux-amd64 JRE (1.8.0_121-8u121-b13-0ubuntu1.16.04.2-b13), built on Jan 23 2017 15:51:29 by "buildd" with gcc 5.4.0 20160609
Memory: 4k page, physical 7867800k(7503252k free), swap 8076284k(8076284k free)
CommandLine flags: -XX:CMSInitiatingOccupancyFraction=50 -XX:CMSMaxAbortablePrecleanTime=6000 -XX:+CMSParallelRemarkEnabled -XX:+CMSScavengeBeforeRemark -XX:ConcGCThreads=4 -XX:InitialHeapSize=536870912 -XX:MaxHeapSize=536870912 -XX:MaxTenuringThreshold=8 -XX:NewRatio=3 -XX:OldPLABSize=16 -XX:OnOutOfMemoryError=/opt/solr/bin/oom_solr.sh 8983 /var/solr/logs -XX:ParallelGCThreads=4 -XX:+ParallelRefProcEnabled -XX:PretenureSizeThreshold=67108864 -XX:+PrintGC -XX:+PrintGCApplicationStoppedTime -XX:+PrintGCDateStamps -XX:+PrintGCDetails -XX:+PrintGCTimeStamps -XX:+PrintHeapAtGC -XX:+PrintTenuringDistribution -XX:SurvivorRatio=4 -XX:TargetSurvivorRatio=90 -XX:ThreadStackSize=256 -XX:+UseCMSInitiatingOccupancyOnly -XX:+UseCompressedClassPointers -XX:+UseCompressedOops -XX:+UseConcMarkSweepGC -XX:+UseParNewGC 
2017-02-19T10:00:44.743+0100: 0,146: Total time for which application threads were stopped: 0,0000614 seconds, Stopping threads took: 0,0000095 seconds
2017-02-19T10:00:44.821+0100: 0,224: Total time for which application threads were stopped: 0,0001172 seconds, Stopping threads took: 0,0000115 seconds
2017-02-19T10:00:44.846+0100: 0,249: Total time for which application threads were stopped: 0,0000987 seconds, Stopping threads took: 0,0000228 seconds
2017-02-19T10:00:45.184+0100: 0,587: Total time for which application threads were stopped: 0,0001484 seconds, Stopping threads took: 0,0000138 seconds
2017-02-19T10:00:45.587+0100: 0,990: Total time for which application threads were stopped: 0,0002064 seconds, Stopping threads took: 0,0000174 seconds
2017-02-19T10:00:45.640+0100: 1,043: Total time for which application threads were stopped: 0,0001510 seconds, Stopping threads took: 0,0000170 seconds
2017-02-19T10:00:45.659+0100: 1,062: Total time for which application threads were stopped: 0,0001437 seconds, Stopping threads took: 0,0000299 seconds
2017-02-19T10:00:45.925+0100: 1,328: Total time for which application threads were stopped: 0,0008682 seconds, Stopping threads took: 0,0000781 seconds
2017-02-19T10:00:46.132+0100: 1,535: Total time for which application threads were stopped: 0,0002030 seconds, Stopping threads took: 0,0000171 seconds
2017-02-19T10:00:46.157+0100: 1,560: Total time for which application threads were stopped: 0,0001750 seconds, Stopping threads took: 0,0000146 seconds
2017-02-19T10:00:46.194+0100: 1,597: Total time for which application threads were stopped: 0,0002292 seconds, Stopping threads took: 0,0000303 seconds
2017-02-19T10:00:46.195+0100: 1,598: Total time for which application threads were stopped: 0,0002606 seconds, Stopping threads took: 0,0000721 seconds
2017-02-19T10:00:46.214+0100: 1,616: Total time for which application threads were stopped: 0,0001963 seconds, Stopping threads took: 0,0000252 seconds
2017-02-19T10:00:46.317+0100: 1,719: Total time for which application threads were stopped: 0,0002387 seconds, Stopping threads took: 0,0000300 seconds
2017-02-19T10:00:46.489+0100: 1,892: Total time for which application threads were stopped: 0,0002955 seconds, Stopping threads took: 0,0000862 seconds
2017-02-19T10:00:46.589+0100: 1,992: Total time for which application threads were stopped: 0,0002026 seconds, Stopping threads took: 0,0000470 seconds
{Heap before GC invocations=0 (full 0):
 par new generation   total 109248K, used 87424K [0x00000000e0000000, 0x00000000e8000000, 0x00000000e8000000)
  eden space 87424K, 100% used [0x00000000e0000000, 0x00000000e5560000, 0x00000000e5560000)
  from space 21824K,   0% used [0x00000000e5560000, 0x00000000e55600a8, 0x00000000e6ab0000)
  to   space 21824K,   0% used [0x00000000e6ab0000, 0x00000000e6ab0000, 0x00000000e8000000)
 concurrent mark-sweep generation total 393216K, used 0K [0x00000000e8000000, 0x0000000100000000, 0x0000000100000000)
 Metaspace       used 18081K, capacity 18336K, committed 18688K, reserved 1064960K
  class space    used 2044K, capacity 2196K, committed 2304K, reserved 1048576K
2017-02-19T10:00:46.589+0100: 1,992: [GC (GCLocker Initiated GC) 2017-02-19T10:00:46.589+0100: 1,992: [ParNew
Desired survivor size 20112992 bytes, new threshold 8 (max 8)
- age   1:   12654880 bytes,   12654880 total
: 87424K->12477K(109248K), 0,0157552 secs] 87424K->12477K(502464K), 0,0158188 secs] [Times: user=0,03 sys=0,03, real=0,01 secs] 
Heap after GC invocations=1 (full 0):
 par new generation   total 109248K, used 12477K [0x00000000e0000000, 0x00000000e8000000, 0x00000000e8000000)
  eden space 87424K,   0% used [0x00000000e0000000, 0x00000000e0000000, 0x00000000e5560000)
  from space 21824K,  57% used [0x00000000e6ab0000, 0x00000000e76df488, 0x00000000e8000000)
  to   space 21824K,   0% used [0x00000000e5560000, 0x00000000e5560000, 0x00000000e6ab0000)
 concurrent mark-sweep generation total 393216K, used 0K [0x00000000e8000000, 0x0000000100000000, 0x0000000100000000)
 Metaspace       used 18081K, capacity 18336K, committed 18688K, reserved 1064960K
  class space    used 2044K, capacity 2196K, committed 2304K, reserved 1048576K
}
2017-02-19T10:00:46.605+0100: 2,008: Total time for which application threads were stopped: 0,0159861 seconds, Stopping threads took: 0,0000315 seconds
2017-02-19T10:00:46.874+0100: 2,276: Total time for which application threads were stopped: 0,0003327 seconds, Stopping threads took: 0,0000501 seconds
2017-02-19T10:00:46.912+0100: 2,315: Total time for which application threads were stopped: 0,0003750 seconds, Stopping threads took: 0,0000563 seconds
{Heap before GC invocations=1 (full 0):
 par new generation   total 109248K, used 99901K [0x00000000e0000000, 0x00000000e8000000, 0x00000000e8000000)
  eden space 87424K, 100% used [0x00000000e0000000, 0x00000000e5560000, 0x00000000e5560000)
  from space 21824K,  57% used [0x00000000e6ab0000, 0x00000000e76df488, 0x00000000e8000000)
  to   space 21824K,   0% used [0x00000000e5560000, 0x00000000e5560000, 0x00000000e6ab0000)
 concurrent mark-sweep generation total 393216K, used 0K [0x00000000e8000000, 0x0000000100000000, 0x0000000100000000)
 Metaspace       used 20061K, capacity 20426K, committed 20736K, reserved 1067008K
  class space    used 2296K, capacity 2469K, committed 2560K, reserved 1048576K
2017-02-19T10:00:46.916+0100: 2,318: [GC (Allocation Failure) 2017-02-19T10:00:46.916+0100: 2,318: [ParNew
Desired survivor size 20112992 bytes, new threshold 8 (max 8)
- age   1:    3626904 bytes,    3626904 total
- age   2:    6675072 bytes,   10301976 total
: 99901K->13777K(109248K), 0,0161250 secs] 99901K->13777K(502464K), 0,0161917 secs] [Times: user=0,04 sys=0,00, real=0,01 secs] 
Heap after GC invocations=2 (full 0):
 par new generation   total 109248K, used 13777K [0x00000000e0000000, 0x00000000e8000000, 0x00000000e8000000)
  eden space 87424K,   0% used [0x00000000e0000000, 0x00000000e0000000, 0x00000000e5560000)
  from space 21824K,  63% used [0x00000000e5560000, 0x00000000e62d4770, 0x00000000e6ab0000)
  to   space 21824K,   0% used [0x00000000e6ab0000, 0x00000000e6ab0000, 0x00000000e8000000)
 concurrent mark-sweep generation total 393216K, used 0K [0x00000000e8000000, 0x0000000100000000, 0x0000000100000000)
 Metaspace       used 20061K, capacity 20426K, committed 20736K, reserved 1067008K
  class space    used 2296K, capacity 2469K, committed 2560K, reserved 1048576K
}
2017-02-19T10:00:46.932+0100: 2,335: Total time for which application threads were stopped: 0,0163663 seconds, Stopping threads took: 0,0000460 seconds
2017-02-19T10:00:46.958+0100: 2,361: Total time for which application threads were stopped: 0,0003203 seconds, Stopping threads took: 0,0000422 seconds
2017-02-19T10:00:47.105+0100: 2,508: Total time for which application threads were stopped: 0,0001798 seconds, Stopping threads took: 0,0000702 seconds
{Heap before GC invocations=2 (full 0):
 par new generation   total 109248K, used 101201K [0x00000000e0000000, 0x00000000e8000000, 0x00000000e8000000)
  eden space 87424K, 100% used [0x00000000e0000000, 0x00000000e5560000, 0x00000000e5560000)
  from space 21824K,  63% used [0x00000000e5560000, 0x00000000e62d4770, 0x00000000e6ab0000)
  to   space 21824K,   0% used [0x00000000e6ab0000, 0x00000000e6ab0000, 0x00000000e8000000)
 concurrent mark-sweep generation total 393216K, used 0K [0x00000000e8000000, 0x0000000100000000, 0x0000000100000000)
 Metaspace       used 20991K, capacity 21348K, committed 21628K, reserved 1069056K
  class space    used 2418K, capacity 2588K, committed 2684K, reserved 1048576K
2017-02-19T10:00:47.146+0100: 2,549: [GC (Allocation Failure) 2017-02-19T10:00:47.146+0100: 2,549: [ParNew
Desired survivor size 20112992 bytes, new threshold 8 (max 8)
- age   1:    2393008 bytes,    2393008 total
- age   2:     829792 bytes,    3222800 total
- age   3:    6666032 bytes,    9888832 total
: 101201K->12917K(109248K), 0,0096826 secs] 101201K->12917K(502464K), 0,0097596 secs] [Times: user=0,03 sys=0,00, real=0,02 secs] 
Heap after GC invocations=3 (full 0):
 par new generation   total 109248K, used 12917K [0x00000000e0000000, 0x00000000e8000000, 0x00000000e8000000)
  eden space 87424K,   0% used [0x00000000e0000000, 0x00000000e0000000, 0x00000000e5560000)
  from space 21824K,  59% used [0x00000000e6ab0000, 0x00000000e774d470, 0x00000000e8000000)
  to   space 21824K,   0% used [0x00000000e5560000, 0x00000000e5560000, 0x00000000e6ab0000)
 concurrent mark-sweep generation total 393216K, used 0K [0x00000000e8000000, 0x0000000100000000, 0x0000000100000000)
 Metaspace       used 20991K, capacity 21348K, committed 21628K, reserved 1069056K
  class space    used 2418K, capacity 2588K, committed 2684K, reserved 1048576K
}
2017-02-19T10:00:47.156+0100: 2,559: Total time for which application threads were stopped: 0,0111881 seconds, Stopping threads took: 0,0012919 seconds
2017-02-19T10:00:47.156+0100: 2,559: [GC (CMS Initial Mark) [1 CMS-initial-mark: 0K(393216K)] 12949K(502464K), 0,0035710 secs] [Times: user=0,02 sys=0,00, real=0,00 secs] 
2017-02-19T10:00:47.160+0100: 2,562: Total time for which application threads were stopped: 0,0036991 seconds, Stopping threads took: 0,0000366 seconds
2017-02-19T10:00:47.160+0100: 2,562: [CMS-concurrent-mark-start]
2017-02-19T10:00:47.160+0100: 2,563: [CMS-concurrent-mark: 0,001/0,001 secs] [Times: user=0,00 sys=0,00, real=0,00 secs] 
2017-02-19T10:00:47.160+0100: 2,563: [CMS-concurrent-preclean-start]
2017-02-19T10:00:47.161+0100: 2,564: [CMS-concurrent-preclean: 0,001/0,001 secs] [Times: user=0,00 sys=0,00, real=0,00 secs] 
2017-02-19T10:00:47.161+0100: 2,564: [GC (CMS Final Remark) [YG occupancy: 14329 K (109248 K)]{Heap before GC invocations=3 (full 1):
 par new generation   total 109248K, used 14329K [0x00000000e0000000, 0x00000000e8000000, 0x00000000e8000000)
  eden space 87424K,   1% used [0x00000000e0000000, 0x00000000e0161150, 0x00000000e5560000)
  from space 21824K,  59% used [0x00000000e6ab0000, 0x00000000e774d470, 0x00000000e8000000)
  to   space 21824K,   0% used [0x00000000e5560000, 0x00000000e5560000, 0x00000000e6ab0000)
 concurrent mark-sweep generation total 393216K, used 0K [0x00000000e8000000, 0x0000000100000000, 0x0000000100000000)
 Metaspace       used 20991K, capacity 21348K, committed 21628K, reserved 1069056K
  class space    used 2418K, capacity 2588K, committed 2684K, reserved 1048576K
2017-02-19T10:00:47.161+0100: 2,564: [GC (CMS Final Remark) 2017-02-19T10:00:47.161+0100: 2,564: [ParNew
Desired survivor size 20112992 bytes, new threshold 8 (max 8)
- age   1:      35960 bytes,      35960 total
- age   2:    2249552 bytes,    2285512 total
- age   3:     829816 bytes,    3115328 total
- age   4:    6666024 bytes,    9781352 total
: 14329K->12641K(109248K), 0,0139627 secs] 14329K->12641K(502464K), 0,0140099 secs] [Times: user=0,06 sys=0,00, real=0,02 secs] 
Heap after GC invocations=4 (full 1):
 par new generation   total 109248K, used 12641K [0x00000000e0000000, 0x00000000e8000000, 0x00000000e8000000)
  eden space 87424K,   0% used [0x00000000e0000000, 0x00000000e0000000, 0x00000000e5560000)
  from space 21824K,  57% used [0x00000000e5560000, 0x00000000e61b85f0, 0x00000000e6ab0000)
  to   space 21824K,   0% used [0x00000000e6ab0000, 0x00000000e6ab0000, 0x00000000e8000000)
 concurrent mark-sweep generation total 393216K, used 0K [0x00000000e8000000, 0x0000000100000000, 0x0000000100000000)
 Metaspace       used 20991K, capacity 21348K, committed 21628K, reserved 1069056K
  class space    used 2418K, capacity 2588K, committed 2684K, reserved 1048576K
}
2017-02-19T10:00:47.176+0100: 2,578: [Rescan (parallel) , 0,0045012 secs]2017-02-19T10:00:47.180+0100: 2,583: [weak refs processing, 0,0032073 secs]2017-02-19T10:00:47.183+0100: 2,586: [class unloading, 0,0030515 secs]2017-02-19T10:00:47.186+0100: 2,589: [scrub symbol table, 0,0043648 secs]2017-02-19T10:00:47.191+0100: 2,594: [scrub string table, 0,0004559 secs][1 CMS-remark: 0K(393216K)] 12641K(502464K), 0,0302172 secs] [Times: user=0,10 sys=0,01, real=0,03 secs] 
2017-02-19T10:00:47.192+0100: 2,595: Total time for which application threads were stopped: 0,0303507 seconds, Stopping threads took: 0,0000414 seconds
2017-02-19T10:00:47.193+0100: 2,595: [CMS-concurrent-sweep-start]
2017-02-19T10:00:47.193+0100: 2,596: [CMS-concurrent-sweep: 0,000/0,000 secs] [Times: user=0,00 sys=0,00, real=0,00 secs] 
2017-02-19T10:00:47.193+0100: 2,596: [CMS-concurrent-reset-start]
2017-02-19T10:00:47.195+0100: 2,597: [CMS-concurrent-reset: 0,002/0,002 secs] [Times: user=0,00 sys=0,00, real=0,01 secs] 
{Heap before GC invocations=4 (full 1):
 par new generation   total 109248K, used 100054K [0x00000000e0000000, 0x00000000e8000000, 0x00000000e8000000)
  eden space 87424K,  99% used [0x00000000e0000000, 0x00000000e555d5c0, 0x00000000e5560000)
  from space 21824K,  57% used [0x00000000e5560000, 0x00000000e61b85f0, 0x00000000e6ab0000)
  to   space 21824K,   0% used [0x00000000e6ab0000, 0x00000000e6ab0000, 0x00000000e8000000)
 concurrent mark-sweep generation total 393216K, used 0K [0x00000000e8000000, 0x0000000100000000, 0x0000000100000000)
 Metaspace       used 21240K, capacity 21636K, committed 21884K, reserved 1069056K
  class space    used 2449K, capacity 2605K, committed 2684K, reserved 1048576K
2017-02-19T10:00:47.285+0100: 2,688: [GC (Allocation Failure) 2017-02-19T10:00:47.285+0100: 2,688: [ParNew
Desired survivor size 20112992 bytes, new threshold 8 (max 8)
- age   1:    1285416 bytes,    1285416 total
- age   2:       1456 bytes,    1286872 total
- age   3:    1467448 bytes,    2754320 total
- age   4:     796384 bytes,    3550704 total
- age   5:    6666224 bytes,   10216928 total
: 100054K->12115K(109248K), 0,0107504 secs] 100054K->12115K(502464K), 0,0108129 secs] [Times: user=0,04 sys=0,00, real=0,02 secs] 
Heap after GC invocations=5 (full 1):
 par new generation   total 109248K, used 12115K [0x00000000e0000000, 0x00000000e8000000, 0x00000000e8000000)
  eden space 87424K,   0% used [0x00000000e0000000, 0x00000000e0000000, 0x00000000e5560000)
  from space 21824K,  55% used [0x00000000e6ab0000, 0x00000000e7684d40, 0x00000000e8000000)
  to   space 21824K,   0% used [0x00000000e5560000, 0x00000000e5560000, 0x00000000e6ab0000)
 concurrent mark-sweep generation total 393216K, used 0K [0x00000000e8000000, 0x0000000100000000, 0x0000000100000000)
 Metaspace       used 21240K, capacity 21636K, committed 21884K, reserved 1069056K
  class space    used 2449K, capacity 2605K, committed 2684K, reserved 1048576K
}
2017-02-19T10:00:47.296+0100: 2,698: Total time for which application threads were stopped: 0,0110235 seconds, Stopping threads took: 0,0000693 seconds
{Heap before GC invocations=5 (full 1):
 par new generation   total 109248K, used 99539K [0x00000000e0000000, 0x00000000e8000000, 0x00000000e8000000)
  eden space 87424K, 100% used [0x00000000e0000000, 0x00000000e5560000, 0x00000000e5560000)
  from space 21824K,  55% used [0x00000000e6ab0000, 0x00000000e7684d40, 0x00000000e8000000)
  to   space 21824K,   0% used [0x00000000e5560000, 0x00000000e5560000, 0x00000000e6ab0000)
 concurrent mark-sweep generation total 393216K, used 0K [0x00000000e8000000, 0x0000000100000000, 0x0000000100000000)
 Metaspace       used 21395K, capacity 21808K, committed 21884K, reserved 1069056K
  class space    used 2468K, capacity 2639K, committed 2684K, reserved 1048576K
2017-02-19T10:00:47.400+0100: 2,803: [GC (Allocation Failure) 2017-02-19T10:00:47.400+0100: 2,803: [ParNew
Desired survivor size 20112992 bytes, new threshold 8 (max 8)
- age   1:    1423600 bytes,    1423600 total
- age   2:     185952 bytes,    1609552 total
- age   3:       1456 bytes,    1611008 total
- age   4:    1467104 bytes,    3078112 total
- age   5:     794400 bytes,    3872512 total
- age   6:    6666128 bytes,   10538640 total
: 99539K->17388K(109248K), 0,0105569 secs] 99539K->17388K(502464K), 0,0106497 secs] [Times: user=0,05 sys=0,00, real=0,01 secs] 
Heap after GC invocations=6 (full 1):
 par new generation   total 109248K, used 17388K [0x00000000e0000000, 0x00000000e8000000, 0x00000000e8000000)
  eden space 87424K,   0% used [0x00000000e0000000, 0x00000000e0000000, 0x00000000e5560000)
  from space 21824K,  79% used [0x00000000e5560000, 0x00000000e665b3c0, 0x00000000e6ab0000)
  to   space 21824K,   0% used [0x00000000e6ab0000, 0x00000000e6ab0000, 0x00000000e8000000)
 concurrent mark-sweep generation total 393216K, used 0K [0x00000000e8000000, 0x0000000100000000, 0x0000000100000000)
 Metaspace       used 21395K, capacity 21808K, committed 21884K, reserved 1069056K
  class space    used 2468K, capacity 2639K, committed 2684K, reserved 1048576K
}
2017-02-19T10:00:47.411+0100: 2,814: Total time for which application threads were stopped: 0,0108650 seconds, Stopping threads took: 0,0000528 seconds
2017-02-19T10:00:47.449+0100: 2,852: Total time for which application threads were stopped: 0,0003701 seconds, Stopping threads took: 0,0000222 seconds
2017-02-19T10:00:47.642+0100: 3,045: Total time for which application threads were stopped: 0,0004165 seconds, Stopping threads took: 0,0000293 seconds
2017-02-19T10:00:47.658+0100: 3,060: Total time for which application threads were stopped: 0,0003991 seconds, Stopping threads took: 0,0000407 seconds
{Heap before GC invocations=6 (full 1):
 par new generation   total 109248K, used 104812K [0x00000000e0000000, 0x00000000e8000000, 0x00000000e8000000)
  eden space 87424K, 100% used [0x00000000e0000000, 0x00000000e5560000, 0x00000000e5560000)
  from space 21824K,  79% used [0x00000000e5560000, 0x00000000e665b3c0, 0x00000000e6ab0000)
  to   space 21824K,   0% used [0x00000000e6ab0000, 0x00000000e6ab0000, 0x00000000e8000000)
 concurrent mark-sweep generation total 393216K, used 0K [0x00000000e8000000, 0x0000000100000000, 0x0000000100000000)
 Metaspace       used 24411K, capacity 24824K, committed 25084K, reserved 1071104K
  class space    used 2863K, capacity 3047K, committed 3068K, reserved 1048576K
2017-02-19T10:00:47.855+0100: 3,258: [GC (Allocation Failure) 2017-02-19T10:00:47.855+0100: 3,258: [ParNew
Desired survivor size 20112992 bytes, new threshold 8 (max 8)
- age   1:    5140520 bytes,    5140520 total
- age   2:     110376 bytes,    5250896 total
- age   3:     184592 bytes,    5435488 total
- age   4:       1400 bytes,    5436888 total
- age   5:     297144 bytes,    5734032 total
- age   6:     770136 bytes,    6504168 total
- age   7:    6658544 bytes,   13162712 total
: 104812K->15426K(109248K), 0,0277442 secs] 104812K->15426K(502464K), 0,0278386 secs] [Times: user=0,09 sys=0,00, real=0,02 secs] 
Heap after GC invocations=7 (full 1):
 par new generation   total 109248K, used 15426K [0x00000000e0000000, 0x00000000e8000000, 0x00000000e8000000)
  eden space 87424K,   0% used [0x00000000e0000000, 0x00000000e0000000, 0x00000000e5560000)
  from space 21824K,  70% used [0x00000000e6ab0000, 0x00000000e79c0818, 0x00000000e8000000)
  to   space 21824K,   0% used [0x00000000e5560000, 0x00000000e5560000, 0x00000000e6ab0000)
 concurrent mark-sweep generation total 393216K, used 0K [0x00000000e8000000, 0x0000000100000000, 0x0000000100000000)
 Metaspace       used 24411K, capacity 24824K, committed 25084K, reserved 1071104K
  class space    used 2863K, capacity 3047K, committed 3068K, reserved 1048576K
}
2017-02-19T10:00:47.883+0100: 3,285: Total time for which application threads were stopped: 0,0314633 seconds, Stopping threads took: 0,0032925 seconds
{Heap before GC invocations=7 (full 1):
 par new generation   total 109248K, used 102850K [0x00000000e0000000, 0x00000000e8000000, 0x00000000e8000000)
  eden space 87424K, 100% used [0x00000000e0000000, 0x00000000e5560000, 0x00000000e5560000)
  from space 21824K,  70% used [0x00000000e6ab0000, 0x00000000e79c0818, 0x00000000e8000000)
  to   space 21824K,   0% used [0x00000000e5560000, 0x00000000e5560000, 0x00000000e6ab0000)
 concurrent mark-sweep generation total 393216K, used 0K [0x00000000e8000000, 0x0000000100000000, 0x0000000100000000)
 Metaspace       used 24955K, capacity 25390K, committed 25724K, reserved 1071104K
  class space    used 2910K, capacity 3083K, committed 3196K, reserved 1048576K
2017-02-19T10:00:48.006+0100: 3,409: [GC (Allocation Failure) 2017-02-19T10:00:48.006+0100: 3,409: [ParNew
Desired survivor size 20112992 bytes, new threshold 8 (max 8)
- age   1:    1238752 bytes,    1238752 total
- age   2:    2040032 bytes,    3278784 total
- age   3:      78728 bytes,    3357512 total
- age   4:     146184 bytes,    3503696 total
- age   5:       1336 bytes,    3505032 total
- age   6:     249048 bytes,    3754080 total
- age   7:     742576 bytes,    4496656 total
- age   8:    6392320 bytes,   10888976 total
: 102850K->16240K(109248K), 0,0121819 secs] 102850K->16240K(502464K), 0,0122805 secs] [Times: user=0,04 sys=0,01, real=0,02 secs] 
Heap after GC invocations=8 (full 1):
 par new generation   total 109248K, used 16240K [0x00000000e0000000, 0x00000000e8000000, 0x00000000e8000000)
  eden space 87424K,   0% used [0x00000000e0000000, 0x00000000e0000000, 0x00000000e5560000)
  from space 21824K,  74% used [0x00000000e5560000, 0x00000000e653c380, 0x00000000e6ab0000)
  to   space 21824K,   0% used [0x00000000e6ab0000, 0x00000000e6ab0000, 0x00000000e8000000)
 concurrent mark-sweep generation total 393216K, used 0K [0x00000000e8000000, 0x0000000100000000, 0x0000000100000000)
 Metaspace       used 24955K, capacity 25390K, committed 25724K, reserved 1071104K
  class space    used 2910K, capacity 3083K, committed 3196K, reserved 1048576K
}
2017-02-19T10:00:48.018+0100: 3,421: Total time for which application threads were stopped: 0,0124954 seconds, Stopping threads took: 0,0000666 seconds
2017-02-19T10:00:48.197+0100: 3,599: Total time for which application threads were stopped: 0,0005086 seconds, Stopping threads took: 0,0000361 seconds
2017-02-19T10:00:48.250+0100: 3,653: Total time for which application threads were stopped: 0,0004746 seconds, Stopping threads took: 0,0000502 seconds
2017-02-19T10:00:48.271+0100: 3,674: Total time for which application threads were stopped: 0,0004779 seconds, Stopping threads took: 0,0000214 seconds
2017-02-19T10:00:48.367+0100: 3,770: Total time for which application threads were stopped: 0,0005441 seconds, Stopping threads took: 0,0000350 seconds
2017-02-19T10:00:48.657+0100: 4,059: Total time for which application threads were stopped: 0,0003863 seconds, Stopping threads took: 0,0000268 seconds
2017-02-19T10:01:16.659+0100: 32,062: Total time for which application threads were stopped: 0,0000672 seconds, Stopping threads took: 0,0000171 seconds
2017-02-19T10:01:36.662+0100: 52,065: Total time for which application threads were stopped: 0,0000930 seconds, Stopping threads took: 0,0000387 seconds
2017-02-19T10:02:41.669+0100: 117,072: Total time for which application threads were stopped: 0,0004126 seconds, Stopping threads took: 0,0001665 seconds
2017-02-19T10:02:46.669+0100: 122,072: Total time for which application threads were stopped: 0,0000654 seconds, Stopping threads took: 0,0000159 seconds
2017-02-19T10:03:45.676+0100: 181,078: Total time for which application threads were stopped: 0,0000813 seconds, Stopping threads took: 0,0000321 seconds
2017-02-19T10:05:11.685+0100: 267,088: Total time for which application threads were stopped: 0,0003360 seconds, Stopping threads took: 0,0001686 seconds
2017-02-19T10:05:20.686+0100: 276,089: Total time for which application threads were stopped: 0,0001213 seconds, Stopping threads took: 0,0000469 seconds
2017-02-19T10:05:40.689+0100: 296,091: Total time for which application threads were stopped: 0,0000987 seconds, Stopping threads took: 0,0000209 seconds
2017-02-19T10:05:45.689+0100: 301,092: Total time for which application threads were stopped: 0,0000692 seconds, Stopping threads took: 0,0000157 seconds
2017-02-19T10:06:06.692+0100: 322,095: Total time for which application threads were stopped: 0,0004322 seconds, Stopping threads took: 0,0001649 seconds
2017-02-19T10:06:20.693+0100: 336,096: Total time for which application threads were stopped: 0,0000822 seconds, Stopping threads took: 0,0000300 seconds
2017-02-19T10:08:46.711+0100: 482,114: Total time for which application threads were stopped: 0,0000979 seconds, Stopping threads took: 0,0000353 seconds
2017-02-19T10:09:26.717+0100: 522,119: Total time for which application threads were stopped: 0,0000807 seconds, Stopping threads took: 0,0000294 seconds
2017-02-19T10:11:21.728+0100: 637,131: Total time for which application threads were stopped: 0,0001581 seconds, Stopping threads took: 0,0000691 seconds
2017-02-19T10:11:26.729+0100: 642,131: Total time for which application threads were stopped: 0,0004340 seconds, Stopping threads took: 0,0000438 seconds
2017-02-19T10:11:31.729+0100: 647,132: Total time for which application threads were stopped: 0,0001086 seconds, Stopping threads took: 0,0000206 seconds
2017-02-19T10:16:51.766+0100: 967,169: Total time for which application threads were stopped: 0,0001299 seconds, Stopping threads took: 0,0000349 seconds
2017-02-19T10:24:15.824+0100: 1411,227: Total time for which application threads were stopped: 0,0001218 seconds, Stopping threads took: 0,0000421 seconds
2017-02-19T10:28:46.858+0100: 1682,261: Total time for which application threads were stopped: 0,0001387 seconds, Stopping threads took: 0,0000405 seconds
2017-02-19T10:39:06.937+0100: 2302,340: Total time for which application threads were stopped: 0,0000968 seconds, Stopping threads took: 0,0000356 seconds
2017-02-19T10:39:10.938+0100: 2306,341: Total time for which application threads were stopped: 0,0000666 seconds, Stopping threads took: 0,0000144 seconds
2017-02-19T10:54:27.054+0100: 3222,457: Total time for which application threads were stopped: 0,0001718 seconds, Stopping threads took: 0,0000645 seconds
{Heap before GC invocations=8 (full 1):
 par new generation   total 109248K, used 103664K [0x00000000e0000000, 0x00000000e8000000, 0x00000000e8000000)
  eden space 87424K, 100% used [0x00000000e0000000, 0x00000000e5560000, 0x00000000e5560000)
  from space 21824K,  74% used [0x00000000e5560000, 0x00000000e653c380, 0x00000000e6ab0000)
  to   space 21824K,   0% used [0x00000000e6ab0000, 0x00000000e6ab0000, 0x00000000e8000000)
 concurrent mark-sweep generation total 393216K, used 0K [0x00000000e8000000, 0x0000000100000000, 0x0000000100000000)
 Metaspace       used 28090K, capacity 28628K, committed 28796K, reserved 1075200K
  class space    used 3224K, capacity 3394K, committed 3452K, reserved 1048576K
2017-02-19T10:54:32.309+0100: 3227,712: [GC (Allocation Failure) 2017-02-19T10:54:32.309+0100: 3227,712: [ParNew
Desired survivor size 20112992 bytes, new threshold 8 (max 8)
- age   1:   12734416 bytes,   12734416 total
- age   2:     316920 bytes,   13051336 total
- age   3:    1821000 bytes,   14872336 total
- age   4:      78728 bytes,   14951064 total
- age   5:     146056 bytes,   15097120 total
- age   6:       1336 bytes,   15098456 total
- age   7:     248896 bytes,   15347352 total
- age   8:     741568 bytes,   16088920 total
: 103664K->16930K(109248K), 0,1010923 secs] 103664K->23639K(502464K), 0,1011868 secs] [Times: user=0,13 sys=0,00, real=0,10 secs] 
Heap after GC invocations=9 (full 1):
 par new generation   total 109248K, used 16930K [0x00000000e0000000, 0x00000000e8000000, 0x00000000e8000000)
  eden space 87424K,   0% used [0x00000000e0000000, 0x00000000e0000000, 0x00000000e5560000)
  from space 21824K,  77% used [0x00000000e6ab0000, 0x00000000e7b38978, 0x00000000e8000000)
  to   space 21824K,   0% used [0x00000000e5560000, 0x00000000e5560000, 0x00000000e6ab0000)
 concurrent mark-sweep generation total 393216K, used 6709K [0x00000000e8000000, 0x0000000100000000, 0x0000000100000000)
 Metaspace       used 28090K, capacity 28628K, committed 28796K, reserved 1075200K
  class space    used 3224K, capacity 3394K, committed 3452K, reserved 1048576K
}
2017-02-19T10:54:32.411+0100: 3227,814: Total time for which application threads were stopped: 0,1092786 seconds, Stopping threads took: 0,0075839 seconds
2017-02-19T10:54:32.415+0100: 3227,818: Total time for which application threads were stopped: 0,0001388 seconds, Stopping threads took: 0,0000410 seconds
2017-02-19T10:54:32.436+0100: 3227,839: Total time for which application threads were stopped: 0,0001105 seconds, Stopping threads took: 0,0000257 seconds
2017-02-19T10:54:32.437+0100: 3227,840: Total time for which application threads were stopped: 0,0001253 seconds, Stopping threads took: 0,0000283 seconds
2017-02-19T10:54:32.438+0100: 3227,841: Total time for which application threads were stopped: 0,0001152 seconds, Stopping threads took: 0,0000314 seconds
Heap
 par new generation   total 109248K, used 21969K [0x00000000e0000000, 0x00000000e8000000, 0x00000000e8000000)
  eden space 87424K,   5% used [0x00000000e0000000, 0x00000000e04ebe68, 0x00000000e5560000)
  from space 21824K,  77% used [0x00000000e6ab0000, 0x00000000e7b38978, 0x00000000e8000000)
  to   space 21824K,   0% used [0x00000000e5560000, 0x00000000e5560000, 0x00000000e6ab0000)
 concurrent mark-sweep generation total 393216K, used 6709K [0x00000000e8000000, 0x0000000100000000, 0x0000000100000000)
 Metaspace       used 28171K, capacity 28732K, committed 29052K, reserved 1075200K
  class space    used 3231K, capacity 3426K, committed 3452K, reserved 1048576K
