OpenJDK 64-Bit Server VM (25.91-b14) for linux-amd64 JRE (1.8.0_91-8u91-b14-3ubuntu1~16.04.1-b14), built on Jul 21 2016 04:13:34 by "buildd" with gcc 5.3.1 20160413
Memory: 4k page, physical 7867876k(7538336k free), swap 8076284k(8076284k free)
CommandLine flags: -XX:CMSInitiatingOccupancyFraction=50 -XX:CMSMaxAbortablePrecleanTime=6000 -XX:+CMSParallelRemarkEnabled -XX:+CMSScavengeBeforeRemark -XX:ConcGCThreads=4 -XX:InitialHeapSize=536870912 -XX:MaxHeapSize=536870912 -XX:MaxTenuringThreshold=8 -XX:NewRatio=3 -XX:OldPLABSize=16 -XX:OnOutOfMemoryError=/opt/solr/bin/oom_solr.sh 8983 /var/solr/logs -XX:ParallelGCThreads=4 -XX:+ParallelRefProcEnabled -XX:PretenureSizeThreshold=67108864 -XX:+PrintGC -XX:+PrintGCApplicationStoppedTime -XX:+PrintGCDateStamps -XX:+PrintGCDetails -XX:+PrintGCTimeStamps -XX:+PrintHeapAtGC -XX:+PrintTenuringDistribution -XX:SurvivorRatio=4 -XX:TargetSurvivorRatio=90 -XX:ThreadStackSize=256 -XX:+UseCMSInitiatingOccupancyOnly -XX:+UseCompressedClassPointers -XX:+UseCompressedOops -XX:+UseConcMarkSweepGC -XX:+UseParNewGC 
2016-10-23T11:35:36.713+0200: 0,099: Total time for which application threads were stopped: 0,0000690 seconds, Stopping threads took: 0,0000129 seconds
2016-10-23T11:35:36.783+0200: 0,169: Total time for which application threads were stopped: 0,0001330 seconds, Stopping threads took: 0,0000388 seconds
2016-10-23T11:35:36.796+0200: 0,182: Total time for which application threads were stopped: 0,0000790 seconds, Stopping threads took: 0,0000238 seconds
2016-10-23T11:35:36.906+0200: 0,292: Total time for which application threads were stopped: 0,0001137 seconds, Stopping threads took: 0,0000158 seconds
2016-10-23T11:35:37.059+0200: 0,445: Total time for which application threads were stopped: 0,0001097 seconds, Stopping threads took: 0,0000091 seconds
2016-10-23T11:35:37.098+0200: 0,485: Total time for which application threads were stopped: 0,0001616 seconds, Stopping threads took: 0,0000191 seconds
2016-10-23T11:35:37.109+0200: 0,495: Total time for which application threads were stopped: 0,0001642 seconds, Stopping threads took: 0,0000284 seconds
2016-10-23T11:35:37.282+0200: 0,668: Total time for which application threads were stopped: 0,0001696 seconds, Stopping threads took: 0,0000169 seconds
2016-10-23T11:35:37.430+0200: 0,816: Total time for which application threads were stopped: 0,0001945 seconds, Stopping threads took: 0,0000115 seconds
2016-10-23T11:35:37.520+0200: 0,906: Total time for which application threads were stopped: 0,0001866 seconds, Stopping threads took: 0,0000123 seconds
2016-10-23T11:35:37.521+0200: 0,907: Total time for which application threads were stopped: 0,0001141 seconds, Stopping threads took: 0,0000189 seconds
2016-10-23T11:35:37.533+0200: 0,919: Total time for which application threads were stopped: 0,0001956 seconds, Stopping threads took: 0,0000210 seconds
2016-10-23T11:35:37.604+0200: 0,990: Total time for which application threads were stopped: 0,0002383 seconds, Stopping threads took: 0,0000229 seconds
2016-10-23T11:35:37.699+0200: 1,085: Total time for which application threads were stopped: 0,0002236 seconds, Stopping threads took: 0,0000175 seconds
{Heap before GC invocations=0 (full 0):
 par new generation   total 109248K, used 87424K [0x00000000e0000000, 0x00000000e8000000, 0x00000000e8000000)
  eden space 87424K, 100% used [0x00000000e0000000, 0x00000000e5560000, 0x00000000e5560000)
  from space 21824K,   0% used [0x00000000e5560000, 0x00000000e5560000, 0x00000000e6ab0000)
  to   space 21824K,   0% used [0x00000000e6ab0000, 0x00000000e6ab0000, 0x00000000e8000000)
 concurrent mark-sweep generation total 393216K, used 0K [0x00000000e8000000, 0x0000000100000000, 0x0000000100000000)
 Metaspace       used 18310K, capacity 18662K, committed 18944K, reserved 1067008K
  class space    used 2084K, capacity 2196K, committed 2304K, reserved 1048576K
2016-10-23T11:35:37.795+0200: 1,181: [GC (Allocation Failure) 2016-10-23T11:35:37.795+0200: 1,181: [ParNew
Desired survivor size 20112992 bytes, new threshold 8 (max 8)
- age   1:   12245536 bytes,   12245536 total
: 87424K->12071K(109248K), 0,0154261 secs] 87424K->12071K(502464K), 0,0155265 secs] [Times: user=0,05 sys=0,00, real=0,01 secs] 
Heap after GC invocations=1 (full 0):
 par new generation   total 109248K, used 12071K [0x00000000e0000000, 0x00000000e8000000, 0x00000000e8000000)
  eden space 87424K,   0% used [0x00000000e0000000, 0x00000000e0000000, 0x00000000e5560000)
  from space 21824K,  55% used [0x00000000e6ab0000, 0x00000000e7679f08, 0x00000000e8000000)
  to   space 21824K,   0% used [0x00000000e5560000, 0x00000000e5560000, 0x00000000e6ab0000)
 concurrent mark-sweep generation total 393216K, used 0K [0x00000000e8000000, 0x0000000100000000, 0x0000000100000000)
 Metaspace       used 18310K, capacity 18662K, committed 18944K, reserved 1067008K
  class space    used 2084K, capacity 2196K, committed 2304K, reserved 1048576K
}
2016-10-23T11:35:37.810+0200: 1,197: Total time for which application threads were stopped: 0,0157084 seconds, Stopping threads took: 0,0000200 seconds
2016-10-23T11:35:37.988+0200: 1,375: Total time for which application threads were stopped: 0,0002407 seconds, Stopping threads took: 0,0000225 seconds
2016-10-23T11:35:38.032+0200: 1,418: Total time for which application threads were stopped: 0,0004025 seconds, Stopping threads took: 0,0000480 seconds
2016-10-23T11:35:38.075+0200: 1,461: Total time for which application threads were stopped: 0,0003586 seconds, Stopping threads took: 0,0000347 seconds
{Heap before GC invocations=1 (full 0):
 par new generation   total 109248K, used 99495K [0x00000000e0000000, 0x00000000e8000000, 0x00000000e8000000)
  eden space 87424K, 100% used [0x00000000e0000000, 0x00000000e5560000, 0x00000000e5560000)
  from space 21824K,  55% used [0x00000000e6ab0000, 0x00000000e7679f08, 0x00000000e8000000)
  to   space 21824K,   0% used [0x00000000e5560000, 0x00000000e5560000, 0x00000000e6ab0000)
 concurrent mark-sweep generation total 393216K, used 0K [0x00000000e8000000, 0x0000000100000000, 0x0000000100000000)
 Metaspace       used 20689K, capacity 21026K, committed 21248K, reserved 1069056K
  class space    used 2401K, capacity 2519K, committed 2560K, reserved 1048576K
2016-10-23T11:35:38.259+0200: 1,645: [GC (Allocation Failure) 2016-10-23T11:35:38.259+0200: 1,645: [ParNew
Desired survivor size 20112992 bytes, new threshold 8 (max 8)
- age   1:    2707056 bytes,    2707056 total
- age   2:    5991800 bytes,    8698856 total
: 99495K->11109K(109248K), 0,0182438 secs] 99495K->11109K(502464K), 0,0183172 secs] [Times: user=0,05 sys=0,00, real=0,02 secs] 
Heap after GC invocations=2 (full 0):
 par new generation   total 109248K, used 11109K [0x00000000e0000000, 0x00000000e8000000, 0x00000000e8000000)
  eden space 87424K,   0% used [0x00000000e0000000, 0x00000000e0000000, 0x00000000e5560000)
  from space 21824K,  50% used [0x00000000e5560000, 0x00000000e60397f0, 0x00000000e6ab0000)
  to   space 21824K,   0% used [0x00000000e6ab0000, 0x00000000e6ab0000, 0x00000000e8000000)
 concurrent mark-sweep generation total 393216K, used 0K [0x00000000e8000000, 0x0000000100000000, 0x0000000100000000)
 Metaspace       used 20689K, capacity 21026K, committed 21248K, reserved 1069056K
  class space    used 2401K, capacity 2519K, committed 2560K, reserved 1048576K
}
2016-10-23T11:35:38.278+0200: 1,664: Total time for which application threads were stopped: 0,0185713 seconds, Stopping threads took: 0,0000593 seconds
2016-10-23T11:35:38.356+0200: 1,742: Total time for which application threads were stopped: 0,0001431 seconds, Stopping threads took: 0,0000270 seconds
2016-10-23T11:35:38.369+0200: 1,756: Total time for which application threads were stopped: 0,0002933 seconds, Stopping threads took: 0,0000139 seconds
2016-10-23T11:35:38.376+0200: 1,762: Total time for which application threads were stopped: 0,0000777 seconds, Stopping threads took: 0,0000139 seconds
2016-10-23T11:35:38.444+0200: 1,830: Total time for which application threads were stopped: 0,0001171 seconds, Stopping threads took: 0,0000379 seconds
2016-10-23T11:35:38.484+0200: 1,870: Total time for which application threads were stopped: 0,0001212 seconds, Stopping threads took: 0,0000352 seconds
2016-10-23T11:35:38.518+0200: 1,905: Total time for which application threads were stopped: 0,0001400 seconds, Stopping threads took: 0,0000362 seconds
2016-10-23T11:35:38.522+0200: 1,908: Total time for which application threads were stopped: 0,0003198 seconds, Stopping threads took: 0,0000208 seconds
2016-10-23T11:35:38.565+0200: 1,952: Total time for which application threads were stopped: 0,0000780 seconds, Stopping threads took: 0,0000221 seconds
2016-10-23T11:35:38.612+0200: 1,998: Total time for which application threads were stopped: 0,0001140 seconds, Stopping threads took: 0,0000167 seconds
2016-10-23T11:35:38.634+0200: 2,020: Total time for which application threads were stopped: 0,0000650 seconds, Stopping threads took: 0,0000139 seconds
2016-10-23T11:35:38.652+0200: 2,038: Total time for which application threads were stopped: 0,0000970 seconds, Stopping threads took: 0,0000237 seconds
2016-10-23T11:35:38.801+0200: 2,187: Total time for which application threads were stopped: 0,0001280 seconds, Stopping threads took: 0,0000416 seconds
2016-10-23T11:35:38.936+0200: 2,322: Total time for which application threads were stopped: 0,0001200 seconds, Stopping threads took: 0,0000260 seconds
2016-10-23T11:35:38.971+0200: 2,357: Total time for which application threads were stopped: 0,0002316 seconds, Stopping threads took: 0,0001673 seconds
2016-10-23T11:35:39.039+0200: 2,425: Total time for which application threads were stopped: 0,0001019 seconds, Stopping threads took: 0,0000204 seconds
2016-10-23T11:35:39.077+0200: 2,463: Total time for which application threads were stopped: 0,0001209 seconds, Stopping threads took: 0,0000286 seconds
2016-10-23T11:35:39.120+0200: 2,507: Total time for which application threads were stopped: 0,0001200 seconds, Stopping threads took: 0,0000347 seconds
2016-10-23T11:35:39.155+0200: 2,541: Total time for which application threads were stopped: 0,0001247 seconds, Stopping threads took: 0,0000290 seconds
2016-10-23T11:35:39.277+0200: 2,663: Total time for which application threads were stopped: 0,0001327 seconds, Stopping threads took: 0,0000373 seconds
2016-10-23T11:35:39.325+0200: 2,711: Total time for which application threads were stopped: 0,0001486 seconds, Stopping threads took: 0,0000378 seconds
2016-10-23T11:35:39.330+0200: 2,716: Total time for which application threads were stopped: 0,0001120 seconds, Stopping threads took: 0,0000463 seconds
{Heap before GC invocations=2 (full 0):
 par new generation   total 109248K, used 98533K [0x00000000e0000000, 0x00000000e8000000, 0x00000000e8000000)
  eden space 87424K, 100% used [0x00000000e0000000, 0x00000000e5560000, 0x00000000e5560000)
  from space 21824K,  50% used [0x00000000e5560000, 0x00000000e60397f0, 0x00000000e6ab0000)
  to   space 21824K,   0% used [0x00000000e6ab0000, 0x00000000e6ab0000, 0x00000000e8000000)
 concurrent mark-sweep generation total 393216K, used 0K [0x00000000e8000000, 0x0000000100000000, 0x0000000100000000)
 Metaspace       used 26599K, capacity 26980K, committed 27272K, reserved 1073152K
  class space    used 3095K, capacity 3222K, committed 3348K, reserved 1048576K
2016-10-23T11:35:39.368+0200: 2,754: [GC (Allocation Failure) 2016-10-23T11:35:39.368+0200: 2,754: [ParNew
Desired survivor size 20112992 bytes, new threshold 8 (max 8)
- age   1:    8634504 bytes,    8634504 total
- age   2:     516240 bytes,    9150744 total
- age   3:    5982592 bytes,   15133336 total
: 98533K->17885K(109248K), 0,0469063 secs] 98533K->17885K(502464K), 0,0469600 secs] [Times: user=0,11 sys=0,00, real=0,05 secs] 
Heap after GC invocations=3 (full 0):
 par new generation   total 109248K, used 17885K [0x00000000e0000000, 0x00000000e8000000, 0x00000000e8000000)
  eden space 87424K,   0% used [0x00000000e0000000, 0x00000000e0000000, 0x00000000e5560000)
  from space 21824K,  81% used [0x00000000e6ab0000, 0x00000000e7c277d0, 0x00000000e8000000)
  to   space 21824K,   0% used [0x00000000e5560000, 0x00000000e5560000, 0x00000000e6ab0000)
 concurrent mark-sweep generation total 393216K, used 0K [0x00000000e8000000, 0x0000000100000000, 0x0000000100000000)
 Metaspace       used 26599K, capacity 26980K, committed 27272K, reserved 1073152K
  class space    used 3095K, capacity 3222K, committed 3348K, reserved 1048576K
}
2016-10-23T11:35:39.415+0200: 2,801: Total time for which application threads were stopped: 0,0472139 seconds, Stopping threads took: 0,0000738 seconds
2016-10-23T11:35:39.417+0200: 2,803: [GC (CMS Initial Mark) [1 CMS-initial-mark: 0K(393216K)] 20936K(502464K), 0,0113572 secs] [Times: user=0,03 sys=0,00, real=0,01 secs] 
2016-10-23T11:35:39.428+0200: 2,814: Total time for which application threads were stopped: 0,0129992 seconds, Stopping threads took: 0,0013752 seconds
2016-10-23T11:35:39.428+0200: 2,814: [CMS-concurrent-mark-start]
2016-10-23T11:35:39.434+0200: 2,820: [CMS-concurrent-mark: 0,006/0,006 secs] [Times: user=0,02 sys=0,00, real=0,01 secs] 
2016-10-23T11:35:39.435+0200: 2,821: [CMS-concurrent-preclean-start]
2016-10-23T11:35:39.436+0200: 2,822: [CMS-concurrent-preclean: 0,001/0,001 secs] [Times: user=0,00 sys=0,00, real=0,00 secs] 
2016-10-23T11:35:39.436+0200: 2,822: [CMS-concurrent-abortable-preclean-start]
2016-10-23T11:35:39.455+0200: 2,841: Total time for which application threads were stopped: 0,0001078 seconds, Stopping threads took: 0,0000226 seconds
2016-10-23T11:35:40.455+0200: 3,841: Total time for which application threads were stopped: 0,0000723 seconds, Stopping threads took: 0,0000209 seconds
2016-10-23T11:35:40.662+0200: 4,049: Total time for which application threads were stopped: 0,0002391 seconds, Stopping threads took: 0,0000174 seconds
 CMS: abort preclean due to time 2016-10-23T11:35:45.531+0200: 8,917: [CMS-concurrent-abortable-preclean: 2,524/6,095 secs] [Times: user=3,05 sys=0,02, real=6,09 secs] 
2016-10-23T11:35:45.531+0200: 8,917: [GC (CMS Final Remark) [YG occupancy: 27672 K (109248 K)]{Heap before GC invocations=3 (full 1):
 par new generation   total 109248K, used 27672K [0x00000000e0000000, 0x00000000e8000000, 0x00000000e8000000)
  eden space 87424K,  11% used [0x00000000e0000000, 0x00000000e098e9e8, 0x00000000e5560000)
  from space 21824K,  81% used [0x00000000e6ab0000, 0x00000000e7c277d0, 0x00000000e8000000)
  to   space 21824K,   0% used [0x00000000e5560000, 0x00000000e5560000, 0x00000000e6ab0000)
 concurrent mark-sweep generation total 393216K, used 0K [0x00000000e8000000, 0x0000000100000000, 0x0000000100000000)
 Metaspace       used 26894K, capacity 27300K, committed 27528K, reserved 1073152K
  class space    used 3138K, capacity 3286K, committed 3348K, reserved 1048576K
2016-10-23T11:35:45.531+0200: 8,917: [GC (CMS Final Remark) 2016-10-23T11:35:45.531+0200: 8,917: [ParNew
Desired survivor size 20112992 bytes, new threshold 8 (max 8)
- age   1:    2484528 bytes,    2484528 total
- age   2:    3388008 bytes,    5872536 total
- age   3:     516000 bytes,    6388536 total
- age   4:    5947320 bytes,   12335856 total
: 27672K->21264K(109248K), 0,0270091 secs] 27672K->21264K(502464K), 0,0270592 secs] [Times: user=0,04 sys=0,00, real=0,03 secs] 
Heap after GC invocations=4 (full 1):
 par new generation   total 109248K, used 21264K [0x00000000e0000000, 0x00000000e8000000, 0x00000000e8000000)
  eden space 87424K,   0% used [0x00000000e0000000, 0x00000000e0000000, 0x00000000e5560000)
  from space 21824K,  97% used [0x00000000e5560000, 0x00000000e6a242f8, 0x00000000e6ab0000)
  to   space 21824K,   0% used [0x00000000e6ab0000, 0x00000000e6ab0000, 0x00000000e8000000)
 concurrent mark-sweep generation total 393216K, used 0K [0x00000000e8000000, 0x0000000100000000, 0x0000000100000000)
 Metaspace       used 26894K, capacity 27300K, committed 27528K, reserved 1073152K
  class space    used 3138K, capacity 3286K, committed 3348K, reserved 1048576K
}
2016-10-23T11:35:45.558+0200: 8,944: [Rescan (parallel) , 0,0360078 secs]2016-10-23T11:35:45.594+0200: 8,980: [weak refs processing, 0,0089114 secs]2016-10-23T11:35:45.603+0200: 8,989: [class unloading, 0,0045621 secs]2016-10-23T11:35:45.608+0200: 8,994: [scrub symbol table, 0,0062845 secs]2016-10-23T11:35:45.614+0200: 9,000: [scrub string table, 0,0005107 secs][1 CMS-remark: 0K(393216K)] 21264K(502464K), 0,0844809 secs] [Times: user=0,11 sys=0,00, real=0,09 secs] 
2016-10-23T11:35:45.615+0200: 9,001: Total time for which application threads were stopped: 0,0845842 seconds, Stopping threads took: 0,0000195 seconds
2016-10-23T11:35:45.615+0200: 9,001: [CMS-concurrent-sweep-start]
2016-10-23T11:35:45.615+0200: 9,001: [CMS-concurrent-sweep: 0,000/0,000 secs] [Times: user=0,00 sys=0,00, real=0,00 secs] 
2016-10-23T11:35:45.615+0200: 9,001: [CMS-concurrent-reset-start]
2016-10-23T11:35:45.617+0200: 9,003: [CMS-concurrent-reset: 0,002/0,002 secs] [Times: user=0,00 sys=0,00, real=0,00 secs] 
2016-10-23T11:36:02.620+0200: 26,006: Total time for which application threads were stopped: 0,0000588 seconds, Stopping threads took: 0,0000163 seconds
2016-10-23T11:36:07.620+0200: 31,006: Total time for which application threads were stopped: 0,0000580 seconds, Stopping threads took: 0,0000154 seconds
2016-10-23T11:36:12.621+0200: 36,007: Total time for which application threads were stopped: 0,0000894 seconds, Stopping threads took: 0,0000335 seconds
2016-10-23T11:36:37.624+0200: 61,010: Total time for which application threads were stopped: 0,0000573 seconds, Stopping threads took: 0,0000160 seconds
2016-10-23T11:36:47.625+0200: 71,011: Total time for which application threads were stopped: 0,0000899 seconds, Stopping threads took: 0,0000378 seconds
2016-10-23T11:37:02.627+0200: 86,013: Total time for which application threads were stopped: 0,0000653 seconds, Stopping threads took: 0,0000184 seconds
2016-10-23T11:38:18.636+0200: 162,022: Total time for which application threads were stopped: 0,0000950 seconds, Stopping threads took: 0,0000359 seconds
2016-10-23T11:38:42.639+0200: 186,025: Total time for which application threads were stopped: 0,0000820 seconds, Stopping threads took: 0,0000335 seconds
2016-10-23T11:39:32.645+0200: 236,031: Total time for which application threads were stopped: 0,0000752 seconds, Stopping threads took: 0,0000326 seconds
2016-10-23T11:40:02.648+0200: 266,035: Total time for which application threads were stopped: 0,0004691 seconds, Stopping threads took: 0,0002086 seconds
2016-10-23T11:40:22.652+0200: 286,038: Total time for which application threads were stopped: 0,0000761 seconds, Stopping threads took: 0,0000323 seconds
2016-10-23T11:59:17.770+0200: 1421,156: Total time for which application threads were stopped: 0,0000930 seconds, Stopping threads took: 0,0000368 seconds
2016-10-23T12:04:07.801+0200: 1711,187: Total time for which application threads were stopped: 0,0003485 seconds, Stopping threads took: 0,0001564 seconds
2016-10-23T12:14:17.861+0200: 2321,247: Total time for which application threads were stopped: 0,0001128 seconds, Stopping threads took: 0,0000452 seconds
2016-10-23T12:23:37.921+0200: 2881,307: Total time for which application threads were stopped: 0,0000860 seconds, Stopping threads took: 0,0000320 seconds
2016-10-23T12:28:52.954+0200: 3196,340: Total time for which application threads were stopped: 0,0003805 seconds, Stopping threads took: 0,0002031 seconds
2016-10-23T12:39:53.025+0200: 3856,411: Total time for which application threads were stopped: 0,0000834 seconds, Stopping threads took: 0,0000350 seconds
2016-10-23T12:41:28.036+0200: 3951,422: Total time for which application threads were stopped: 0,0000806 seconds, Stopping threads took: 0,0000324 seconds
2016-10-23T12:42:38.043+0200: 4021,429: Total time for which application threads were stopped: 0,0006348 seconds, Stopping threads took: 0,0002167 seconds
2016-10-23T13:20:43.277+0200: 6306,663: Total time for which application threads were stopped: 0,0000888 seconds, Stopping threads took: 0,0000409 seconds
2016-10-23T13:21:03.279+0200: 6326,665: Total time for which application threads were stopped: 0,0000910 seconds, Stopping threads took: 0,0000315 seconds
2016-10-23T13:22:23.288+0200: 6406,674: Total time for which application threads were stopped: 0,0001165 seconds, Stopping threads took: 0,0000498 seconds
2016-10-23T13:40:37.400+0200: 7500,786: Total time for which application threads were stopped: 0,0001497 seconds, Stopping threads took: 0,0000623 seconds
2016-10-23T13:41:07.402+0200: 7530,788: Total time for which application threads were stopped: 0,0000951 seconds, Stopping threads took: 0,0000423 seconds
2016-10-23T13:43:37.418+0200: 7680,804: Total time for which application threads were stopped: 0,0001450 seconds, Stopping threads took: 0,0000471 seconds
2016-10-23T14:48:07.789+0200: 11551,175: Total time for which application threads were stopped: 0,0000805 seconds, Stopping threads took: 0,0000346 seconds
2016-10-23T15:39:28.276+0200: 14631,663: Total time for which application threads were stopped: 0,0001221 seconds, Stopping threads took: 0,0000164 seconds
Heap
 par new generation   total 109248K, used 48543K [0x00000000e0000000, 0x00000000e8000000, 0x00000000e8000000)
  eden space 87424K,  31% used [0x00000000e0000000, 0x00000000e1aa3a90, 0x00000000e5560000)
  from space 21824K,  97% used [0x00000000e5560000, 0x00000000e6a242f8, 0x00000000e6ab0000)
  to   space 21824K,   0% used [0x00000000e6ab0000, 0x00000000e6ab0000, 0x00000000e8000000)
 concurrent mark-sweep generation total 393216K, used 0K [0x00000000e8000000, 0x0000000100000000, 0x0000000100000000)
 Metaspace       used 27046K, capacity 27498K, committed 27784K, reserved 1073152K
  class space    used 3155K, capacity 3287K, committed 3348K, reserved 1048576K
