OpenJDK 64-Bit Server VM (25.131-b11) for linux-amd64 JRE (1.8.0_131-8u131-b11-0ubuntu1.16.04.2-b11), built on May  6 2017 02:45:27 by "buildd" with gcc 5.4.0 20160609
Memory: 4k page, physical 7867740k(7419128k free), swap 8076284k(8076284k free)
CommandLine flags: -XX:CMSInitiatingOccupancyFraction=50 -XX:CMSMaxAbortablePrecleanTime=6000 -XX:+CMSParallelRemarkEnabled -XX:+CMSScavengeBeforeRemark -XX:ConcGCThreads=4 -XX:InitialHeapSize=536870912 -XX:MaxHeapSize=536870912 -XX:MaxTenuringThreshold=8 -XX:NewRatio=3 -XX:OldPLABSize=16 -XX:OnOutOfMemoryError=/opt/solr/bin/oom_solr.sh 8983 /var/solr/logs -XX:ParallelGCThreads=4 -XX:+ParallelRefProcEnabled -XX:PretenureSizeThreshold=67108864 -XX:+PrintGC -XX:+PrintGCApplicationStoppedTime -XX:+PrintGCDateStamps -XX:+PrintGCDetails -XX:+PrintGCTimeStamps -XX:+PrintHeapAtGC -XX:+PrintTenuringDistribution -XX:SurvivorRatio=4 -XX:TargetSurvivorRatio=90 -XX:ThreadStackSize=256 -XX:+UseCMSInitiatingOccupancyOnly -XX:+UseCompressedClassPointers -XX:+UseCompressedOops -XX:+UseConcMarkSweepGC -XX:+UseParNewGC 
2017-07-25T20:39:48.169+0200: 0,162: Total time for which application threads were stopped: 0,0000868 seconds, Stopping threads took: 0,0000179 seconds
2017-07-25T20:39:48.553+0200: 0,547: Total time for which application threads were stopped: 0,0001359 seconds, Stopping threads took: 0,0000175 seconds
2017-07-25T20:39:48.581+0200: 0,574: Total time for which application threads were stopped: 0,0001029 seconds, Stopping threads took: 0,0000128 seconds
2017-07-25T20:39:48.816+0200: 0,809: Total time for which application threads were stopped: 0,0001148 seconds, Stopping threads took: 0,0000190 seconds
2017-07-25T20:39:49.174+0200: 1,167: Total time for which application threads were stopped: 0,0001687 seconds, Stopping threads took: 0,0000259 seconds
2017-07-25T20:39:49.279+0200: 1,273: Total time for which application threads were stopped: 0,0003931 seconds, Stopping threads took: 0,0001571 seconds
2017-07-25T20:39:49.301+0200: 1,294: Total time for which application threads were stopped: 0,0001908 seconds, Stopping threads took: 0,0000284 seconds
2017-07-25T20:39:49.726+0200: 1,719: Total time for which application threads were stopped: 0,0010619 seconds, Stopping threads took: 0,0001043 seconds
2017-07-25T20:39:49.955+0200: 1,948: Total time for which application threads were stopped: 0,0002149 seconds, Stopping threads took: 0,0000108 seconds
2017-07-25T20:39:49.981+0200: 1,974: Total time for which application threads were stopped: 0,0004601 seconds, Stopping threads took: 0,0000716 seconds
2017-07-25T20:39:50.016+0200: 2,009: Total time for which application threads were stopped: 0,0009248 seconds, Stopping threads took: 0,0001437 seconds
2017-07-25T20:39:50.017+0200: 2,011: Total time for which application threads were stopped: 0,0001743 seconds, Stopping threads took: 0,0000193 seconds
2017-07-25T20:39:50.034+0200: 2,027: Total time for which application threads were stopped: 0,0002026 seconds, Stopping threads took: 0,0000185 seconds
2017-07-25T20:39:50.137+0200: 2,130: Total time for which application threads were stopped: 0,0002457 seconds, Stopping threads took: 0,0000206 seconds
2017-07-25T20:39:50.328+0200: 2,321: Total time for which application threads were stopped: 0,0002642 seconds, Stopping threads took: 0,0000369 seconds
{Heap before GC invocations=0 (full 0):
 par new generation   total 109248K, used 87424K [0x00000000e0000000, 0x00000000e8000000, 0x00000000e8000000)
  eden space 87424K, 100% used [0x00000000e0000000, 0x00000000e5560000, 0x00000000e5560000)
  from space 21824K,   0% used [0x00000000e5560000, 0x00000000e5560000, 0x00000000e6ab0000)
  to   space 21824K,   0% used [0x00000000e6ab0000, 0x00000000e6ab0000, 0x00000000e8000000)
 concurrent mark-sweep generation total 393216K, used 0K [0x00000000e8000000, 0x0000000100000000, 0x0000000100000000)
 Metaspace       used 18010K, capacity 18336K, committed 18688K, reserved 1064960K
  class space    used 2036K, capacity 2196K, committed 2304K, reserved 1048576K
2017-07-25T20:39:50.416+0200: 2,409: [GC (Allocation Failure) 2017-07-25T20:39:50.416+0200: 2,409: [ParNew
Desired survivor size 20112992 bytes, new threshold 8 (max 8)
- age   1:   12588128 bytes,   12588128 total
: 87424K->12411K(109248K), 0,0156832 secs] 87424K->12411K(502464K), 0,0157690 secs] [Times: user=0,04 sys=0,02, real=0,01 secs] 
Heap after GC invocations=1 (full 0):
 par new generation   total 109248K, used 12411K [0x00000000e0000000, 0x00000000e8000000, 0x00000000e8000000)
  eden space 87424K,   0% used [0x00000000e0000000, 0x00000000e0000000, 0x00000000e5560000)
  from space 21824K,  56% used [0x00000000e6ab0000, 0x00000000e76cee30, 0x00000000e8000000)
  to   space 21824K,   0% used [0x00000000e5560000, 0x00000000e5560000, 0x00000000e6ab0000)
 concurrent mark-sweep generation total 393216K, used 0K [0x00000000e8000000, 0x0000000100000000, 0x0000000100000000)
 Metaspace       used 18010K, capacity 18336K, committed 18688K, reserved 1064960K
  class space    used 2036K, capacity 2196K, committed 2304K, reserved 1048576K
}
2017-07-25T20:39:50.432+0200: 2,425: Total time for which application threads were stopped: 0,0159945 seconds, Stopping threads took: 0,0000368 seconds
2017-07-25T20:39:50.738+0200: 2,731: Total time for which application threads were stopped: 0,0003337 seconds, Stopping threads took: 0,0000596 seconds
{Heap before GC invocations=1 (full 0):
 par new generation   total 109248K, used 99835K [0x00000000e0000000, 0x00000000e8000000, 0x00000000e8000000)
  eden space 87424K, 100% used [0x00000000e0000000, 0x00000000e5560000, 0x00000000e5560000)
  from space 21824K,  56% used [0x00000000e6ab0000, 0x00000000e76cee30, 0x00000000e8000000)
  to   space 21824K,   0% used [0x00000000e5560000, 0x00000000e5560000, 0x00000000e6ab0000)
 concurrent mark-sweep generation total 393216K, used 0K [0x00000000e8000000, 0x0000000100000000, 0x0000000100000000)
 Metaspace       used 20069K, capacity 20434K, committed 20736K, reserved 1067008K
  class space    used 2295K, capacity 2471K, committed 2560K, reserved 1048576K
2017-07-25T20:39:50.788+0200: 2,781: [GC (Allocation Failure) 2017-07-25T20:39:50.788+0200: 2,781: [ParNew
Desired survivor size 20112992 bytes, new threshold 8 (max 8)
- age   1:    3800360 bytes,    3800360 total
- age   2:    6657224 bytes,   10457584 total
: 99835K->13750K(109248K), 0,0168955 secs] 99835K->13750K(502464K), 0,0169695 secs] [Times: user=0,06 sys=0,00, real=0,02 secs] 
Heap after GC invocations=2 (full 0):
 par new generation   total 109248K, used 13750K [0x00000000e0000000, 0x00000000e8000000, 0x00000000e8000000)
  eden space 87424K,   0% used [0x00000000e0000000, 0x00000000e0000000, 0x00000000e5560000)
  from space 21824K,  63% used [0x00000000e5560000, 0x00000000e62cdb28, 0x00000000e6ab0000)
  to   space 21824K,   0% used [0x00000000e6ab0000, 0x00000000e6ab0000, 0x00000000e8000000)
 concurrent mark-sweep generation total 393216K, used 0K [0x00000000e8000000, 0x0000000100000000, 0x0000000100000000)
 Metaspace       used 20069K, capacity 20434K, committed 20736K, reserved 1067008K
  class space    used 2295K, capacity 2471K, committed 2560K, reserved 1048576K
}
2017-07-25T20:39:50.805+0200: 2,798: Total time for which application threads were stopped: 0,0172244 seconds, Stopping threads took: 0,0000748 seconds
2017-07-25T20:39:50.813+0200: 2,806: Total time for which application threads were stopped: 0,0003632 seconds, Stopping threads took: 0,0000475 seconds
2017-07-25T20:39:50.851+0200: 2,845: Total time for which application threads were stopped: 0,0003252 seconds, Stopping threads took: 0,0000388 seconds
2017-07-25T20:39:50.983+0200: 2,976: Total time for which application threads were stopped: 0,0001497 seconds, Stopping threads took: 0,0000222 seconds
{Heap before GC invocations=2 (full 0):
 par new generation   total 109248K, used 101174K [0x00000000e0000000, 0x00000000e8000000, 0x00000000e8000000)
  eden space 87424K, 100% used [0x00000000e0000000, 0x00000000e5560000, 0x00000000e5560000)
  from space 21824K,  63% used [0x00000000e5560000, 0x00000000e62cdb28, 0x00000000e6ab0000)
  to   space 21824K,   0% used [0x00000000e6ab0000, 0x00000000e6ab0000, 0x00000000e8000000)
 concurrent mark-sweep generation total 393216K, used 0K [0x00000000e8000000, 0x0000000100000000, 0x0000000100000000)
 Metaspace       used 20988K, capacity 21356K, committed 21628K, reserved 1069056K
  class space    used 2418K, capacity 2590K, committed 2684K, reserved 1048576K
2017-07-25T20:39:51.018+0200: 3,011: [GC (Allocation Failure) 2017-07-25T20:39:51.018+0200: 3,011: [ParNew
Desired survivor size 20112992 bytes, new threshold 8 (max 8)
- age   1:    2133904 bytes,    2133904 total
- age   2:     855024 bytes,    2988928 total
- age   3:    6653552 bytes,    9642480 total
: 101174K->11588K(109248K), 0,0138579 secs] 101174K->11588K(502464K), 0,0139618 secs] [Times: user=0,05 sys=0,00, real=0,01 secs] 
Heap after GC invocations=3 (full 0):
 par new generation   total 109248K, used 11588K [0x00000000e0000000, 0x00000000e8000000, 0x00000000e8000000)
  eden space 87424K,   0% used [0x00000000e0000000, 0x00000000e0000000, 0x00000000e5560000)
  from space 21824K,  53% used [0x00000000e6ab0000, 0x00000000e7601080, 0x00000000e8000000)
  to   space 21824K,   0% used [0x00000000e5560000, 0x00000000e5560000, 0x00000000e6ab0000)
 concurrent mark-sweep generation total 393216K, used 0K [0x00000000e8000000, 0x0000000100000000, 0x0000000100000000)
 Metaspace       used 20988K, capacity 21356K, committed 21628K, reserved 1069056K
  class space    used 2418K, capacity 2590K, committed 2684K, reserved 1048576K
}
2017-07-25T20:39:51.032+0200: 3,025: Total time for which application threads were stopped: 0,0142239 seconds, Stopping threads took: 0,0000813 seconds
2017-07-25T20:39:51.041+0200: 3,034: [GC (CMS Initial Mark) [1 CMS-initial-mark: 0K(393216K)] 19727K(502464K), 0,0053148 secs] [Times: user=0,02 sys=0,00, real=0,01 secs] 
2017-07-25T20:39:51.046+0200: 3,040: Total time for which application threads were stopped: 0,0079915 seconds, Stopping threads took: 0,0025638 seconds
2017-07-25T20:39:51.046+0200: 3,040: [CMS-concurrent-mark-start]
2017-07-25T20:39:51.050+0200: 3,044: [CMS-concurrent-mark: 0,004/0,004 secs] [Times: user=0,02 sys=0,00, real=0,00 secs] 
2017-07-25T20:39:51.050+0200: 3,044: [CMS-concurrent-preclean-start]
2017-07-25T20:39:51.051+0200: 3,045: [CMS-concurrent-preclean: 0,001/0,001 secs] [Times: user=0,00 sys=0,00, real=0,00 secs] 
2017-07-25T20:39:51.052+0200: 3,045: [CMS-concurrent-abortable-preclean-start]
2017-07-25T20:39:51.104+0200: 3,097: Total time for which application threads were stopped: 0,0019702 seconds, Stopping threads took: 0,0018904 seconds
{Heap before GC invocations=3 (full 1):
 par new generation   total 109248K, used 99012K [0x00000000e0000000, 0x00000000e8000000, 0x00000000e8000000)
  eden space 87424K, 100% used [0x00000000e0000000, 0x00000000e5560000, 0x00000000e5560000)
  from space 21824K,  53% used [0x00000000e6ab0000, 0x00000000e7601080, 0x00000000e8000000)
  to   space 21824K,   0% used [0x00000000e5560000, 0x00000000e5560000, 0x00000000e6ab0000)
 concurrent mark-sweep generation total 393216K, used 0K [0x00000000e8000000, 0x0000000100000000, 0x0000000100000000)
 Metaspace       used 21275K, capacity 21638K, committed 21884K, reserved 1069056K
  class space    used 2450K, capacity 2606K, committed 2684K, reserved 1048576K
2017-07-25T20:39:51.154+0200: 3,148: [GC (Allocation Failure) 2017-07-25T20:39:51.154+0200: 3,148: [ParNew
Desired survivor size 20112992 bytes, new threshold 8 (max 8)
- age   1:     584104 bytes,     584104 total
- age   2:    1464336 bytes,    2048440 total
- age   3:     829408 bytes,    2877848 total
- age   4:    6653752 bytes,    9531600 total
: 99012K->12766K(109248K), 0,0167430 secs] 99012K->12766K(502464K), 0,0168113 secs] [Times: user=0,04 sys=0,00, real=0,01 secs] 
Heap after GC invocations=4 (full 1):
 par new generation   total 109248K, used 12766K [0x00000000e0000000, 0x00000000e8000000, 0x00000000e8000000)
  eden space 87424K,   0% used [0x00000000e0000000, 0x00000000e0000000, 0x00000000e5560000)
  from space 21824K,  58% used [0x00000000e5560000, 0x00000000e61d7940, 0x00000000e6ab0000)
  to   space 21824K,   0% used [0x00000000e6ab0000, 0x00000000e6ab0000, 0x00000000e8000000)
 concurrent mark-sweep generation total 393216K, used 0K [0x00000000e8000000, 0x0000000100000000, 0x0000000100000000)
 Metaspace       used 21275K, capacity 21638K, committed 21884K, reserved 1069056K
  class space    used 2450K, capacity 2606K, committed 2684K, reserved 1048576K
}
2017-07-25T20:39:51.171+0200: 3,165: Total time for which application threads were stopped: 0,0169927 seconds, Stopping threads took: 0,0000254 seconds
{Heap before GC invocations=4 (full 1):
 par new generation   total 109248K, used 100190K [0x00000000e0000000, 0x00000000e8000000, 0x00000000e8000000)
  eden space 87424K, 100% used [0x00000000e0000000, 0x00000000e5560000, 0x00000000e5560000)
  from space 21824K,  58% used [0x00000000e5560000, 0x00000000e61d7940, 0x00000000e6ab0000)
  to   space 21824K,   0% used [0x00000000e6ab0000, 0x00000000e6ab0000, 0x00000000e8000000)
 concurrent mark-sweep generation total 393216K, used 0K [0x00000000e8000000, 0x0000000100000000, 0x0000000100000000)
 Metaspace       used 21446K, capacity 21810K, committed 21884K, reserved 1069056K
  class space    used 2469K, capacity 2640K, committed 2684K, reserved 1048576K
2017-07-25T20:39:51.262+0200: 3,256: [GC (Allocation Failure) 2017-07-25T20:39:51.262+0200: 3,256: [ParNew2017-07-25T20:39:51.272+0200: 3,265: [CMS-concurrent-abortable-preclean: 0,102/0,221 secs] [Times: user=0,80 sys=0,00, real=0,22 secs] 

Desired survivor size 20112992 bytes, new threshold 8 (max 8)
- age   1:     404616 bytes,     404616 total
- age   2:     188448 bytes,     593064 total
- age   3:    1458984 bytes,    2052048 total
- age   4:     829344 bytes,    2881392 total
- age   5:    6653592 bytes,    9534984 total
: 100190K->12640K(109248K), 0,0108102 secs] 100190K->12640K(502464K), 0,0108739 secs] [Times: user=0,03 sys=0,00, real=0,00 secs] 
Heap after GC invocations=5 (full 1):
 par new generation   total 109248K, used 12640K [0x00000000e0000000, 0x00000000e8000000, 0x00000000e8000000)
  eden space 87424K,   0% used [0x00000000e0000000, 0x00000000e0000000, 0x00000000e5560000)
  from space 21824K,  57% used [0x00000000e6ab0000, 0x00000000e77083f8, 0x00000000e8000000)
  to   space 21824K,   0% used [0x00000000e5560000, 0x00000000e5560000, 0x00000000e6ab0000)
 concurrent mark-sweep generation total 393216K, used 0K [0x00000000e8000000, 0x0000000100000000, 0x0000000100000000)
 Metaspace       used 21446K, capacity 21810K, committed 21884K, reserved 1069056K
  class space    used 2469K, capacity 2640K, committed 2684K, reserved 1048576K
}
2017-07-25T20:39:51.273+0200: 3,266: Total time for which application threads were stopped: 0,0110928 seconds, Stopping threads took: 0,0000646 seconds
2017-07-25T20:39:51.273+0200: 3,267: [GC (CMS Final Remark) [YG occupancy: 12642 K (109248 K)]{Heap before GC invocations=5 (full 1):
 par new generation   total 109248K, used 12642K [0x00000000e0000000, 0x00000000e8000000, 0x00000000e8000000)
  eden space 87424K,   0% used [0x00000000e0000000, 0x00000000e0000510, 0x00000000e5560000)
  from space 21824K,  57% used [0x00000000e6ab0000, 0x00000000e77083f8, 0x00000000e8000000)
  to   space 21824K,   0% used [0x00000000e5560000, 0x00000000e5560000, 0x00000000e6ab0000)
 concurrent mark-sweep generation total 393216K, used 0K [0x00000000e8000000, 0x0000000100000000, 0x0000000100000000)
 Metaspace       used 21446K, capacity 21810K, committed 21884K, reserved 1069056K
  class space    used 2469K, capacity 2640K, committed 2684K, reserved 1048576K
2017-07-25T20:39:51.273+0200: 3,267: [GC (CMS Final Remark) 2017-07-25T20:39:51.273+0200: 3,267: [ParNew
Desired survivor size 20112992 bytes, new threshold 8 (max 8)
- age   1:       1296 bytes,       1296 total
- age   2:     403960 bytes,     405256 total
- age   3:     188448 bytes,     593704 total
- age   4:    1459064 bytes,    2052768 total
- age   5:     829344 bytes,    2882112 total
- age   6:    6653904 bytes,    9536016 total
: 12642K->11016K(109248K), 0,0092366 secs] 12642K->11016K(502464K), 0,0092816 secs] [Times: user=0,04 sys=0,00, real=0,02 secs] 
Heap after GC invocations=6 (full 1):
 par new generation   total 109248K, used 11016K [0x00000000e0000000, 0x00000000e8000000, 0x00000000e8000000)
  eden space 87424K,   0% used [0x00000000e0000000, 0x00000000e0000000, 0x00000000e5560000)
  from space 21824K,  50% used [0x00000000e5560000, 0x00000000e6022318, 0x00000000e6ab0000)
  to   space 21824K,   0% used [0x00000000e6ab0000, 0x00000000e6ab0000, 0x00000000e8000000)
 concurrent mark-sweep generation total 393216K, used 0K [0x00000000e8000000, 0x0000000100000000, 0x0000000100000000)
 Metaspace       used 21446K, capacity 21810K, committed 21884K, reserved 1069056K
  class space    used 2469K, capacity 2640K, committed 2684K, reserved 1048576K
}
2017-07-25T20:39:51.283+0200: 3,276: [Rescan (parallel) , 0,0034411 secs]2017-07-25T20:39:51.286+0200: 3,279: [weak refs processing, 0,0008573 secs]2017-07-25T20:39:51.287+0200: 3,280: [class unloading, 0,0029067 secs]2017-07-25T20:39:51.290+0200: 3,283: [scrub symbol table, 0,0026762 secs]2017-07-25T20:39:51.293+0200: 3,286: [scrub string table, 0,0004014 secs][1 CMS-remark: 0K(393216K)] 11016K(502464K), 0,0202903 secs] [Times: user=0,06 sys=0,00, real=0,02 secs] 
2017-07-25T20:39:51.294+0200: 3,287: Total time for which application threads were stopped: 0,0203972 seconds, Stopping threads took: 0,0000317 seconds
2017-07-25T20:39:51.295+0200: 3,288: [CMS-concurrent-sweep-start]
2017-07-25T20:39:51.295+0200: 3,288: [CMS-concurrent-sweep: 0,000/0,000 secs] [Times: user=0,00 sys=0,00, real=0,00 secs] 
2017-07-25T20:39:51.295+0200: 3,288: [CMS-concurrent-reset-start]
2017-07-25T20:39:51.297+0200: 3,290: [CMS-concurrent-reset: 0,002/0,002 secs] [Times: user=0,01 sys=0,00, real=0,00 secs] 
2017-07-25T20:39:51.323+0200: 3,316: Total time for which application threads were stopped: 0,0003297 seconds, Stopping threads took: 0,0000377 seconds
2017-07-25T20:39:51.577+0200: 3,570: Total time for which application threads were stopped: 0,0005393 seconds, Stopping threads took: 0,0000761 seconds
2017-07-25T20:39:51.589+0200: 3,582: Total time for which application threads were stopped: 0,0004203 seconds, Stopping threads took: 0,0000282 seconds
{Heap before GC invocations=6 (full 1):
 par new generation   total 109248K, used 98440K [0x00000000e0000000, 0x00000000e8000000, 0x00000000e8000000)
  eden space 87424K, 100% used [0x00000000e0000000, 0x00000000e5560000, 0x00000000e5560000)
  from space 21824K,  50% used [0x00000000e5560000, 0x00000000e6022318, 0x00000000e6ab0000)
  to   space 21824K,   0% used [0x00000000e6ab0000, 0x00000000e6ab0000, 0x00000000e8000000)
 concurrent mark-sweep generation total 393216K, used 0K [0x00000000e8000000, 0x0000000100000000, 0x0000000100000000)
 Metaspace       used 24201K, capacity 24626K, committed 24828K, reserved 1071104K
  class space    used 2843K, capacity 3046K, committed 3068K, reserved 1048576K
2017-07-25T20:39:51.778+0200: 3,771: [GC (Allocation Failure) 2017-07-25T20:39:51.778+0200: 3,771: [ParNew
Desired survivor size 20112992 bytes, new threshold 8 (max 8)
- age   1:    5671464 bytes,    5671464 total
- age   3:     133232 bytes,    5804696 total
- age   4:     186968 bytes,    5991664 total
- age   5:     289248 bytes,    6280912 total
- age   6:     805080 bytes,    7085992 total
- age   7:    6645584 bytes,   13731576 total
: 98440K->18468K(109248K), 0,0124328 secs] 98440K->18468K(502464K), 0,0125057 secs] [Times: user=0,05 sys=0,00, real=0,01 secs] 
Heap after GC invocations=7 (full 1):
 par new generation   total 109248K, used 18468K [0x00000000e0000000, 0x00000000e8000000, 0x00000000e8000000)
  eden space 87424K,   0% used [0x00000000e0000000, 0x00000000e0000000, 0x00000000e5560000)
  from space 21824K,  84% used [0x00000000e6ab0000, 0x00000000e7cb9168, 0x00000000e8000000)
  to   space 21824K,   0% used [0x00000000e5560000, 0x00000000e5560000, 0x00000000e6ab0000)
 concurrent mark-sweep generation total 393216K, used 0K [0x00000000e8000000, 0x0000000100000000, 0x0000000100000000)
 Metaspace       used 24201K, capacity 24626K, committed 24828K, reserved 1071104K
  class space    used 2843K, capacity 3046K, committed 3068K, reserved 1048576K
}
2017-07-25T20:39:51.790+0200: 3,783: Total time for which application threads were stopped: 0,0128418 seconds, Stopping threads took: 0,0000765 seconds
{Heap before GC invocations=7 (full 1):
 par new generation   total 109248K, used 105892K [0x00000000e0000000, 0x00000000e8000000, 0x00000000e8000000)
  eden space 87424K, 100% used [0x00000000e0000000, 0x00000000e5560000, 0x00000000e5560000)
  from space 21824K,  84% used [0x00000000e6ab0000, 0x00000000e7cb9168, 0x00000000e8000000)
  to   space 21824K,   0% used [0x00000000e5560000, 0x00000000e5560000, 0x00000000e6ab0000)
 concurrent mark-sweep generation total 393216K, used 0K [0x00000000e8000000, 0x0000000100000000, 0x0000000100000000)
 Metaspace       used 24473K, capacity 24952K, committed 25084K, reserved 1071104K
  class space    used 2865K, capacity 3047K, committed 3068K, reserved 1048576K
2017-07-25T20:39:51.894+0200: 3,888: [GC (Allocation Failure) 2017-07-25T20:39:51.895+0200: 3,888: [ParNew
Desired survivor size 20112992 bytes, new threshold 8 (max 8)
- age   1:    1407432 bytes,    1407432 total
- age   2:    1796336 bytes,    3203768 total
- age   4:      59472 bytes,    3263240 total
- age   5:     117624 bytes,    3380864 total
- age   6:     180408 bytes,    3561272 total
- age   7:     771008 bytes,    4332280 total
- age   8:    6112104 bytes,   10444384 total
: 105892K->14161K(109248K), 0,0153638 secs] 105892K->14161K(502464K), 0,0154530 secs] [Times: user=0,05 sys=0,00, real=0,01 secs] 
Heap after GC invocations=8 (full 1):
 par new generation   total 109248K, used 14161K [0x00000000e0000000, 0x00000000e8000000, 0x00000000e8000000)
  eden space 87424K,   0% used [0x00000000e0000000, 0x00000000e0000000, 0x00000000e5560000)
  from space 21824K,  64% used [0x00000000e5560000, 0x00000000e63344c0, 0x00000000e6ab0000)
  to   space 21824K,   0% used [0x00000000e6ab0000, 0x00000000e6ab0000, 0x00000000e8000000)
 concurrent mark-sweep generation total 393216K, used 0K [0x00000000e8000000, 0x0000000100000000, 0x0000000100000000)
 Metaspace       used 24473K, capacity 24952K, committed 25084K, reserved 1071104K
  class space    used 2865K, capacity 3047K, committed 3068K, reserved 1048576K
}
2017-07-25T20:39:51.910+0200: 3,903: Total time for which application threads were stopped: 0,0168327 seconds, Stopping threads took: 0,0011611 seconds
{Heap before GC invocations=8 (full 1):
 par new generation   total 109248K, used 101585K [0x00000000e0000000, 0x00000000e8000000, 0x00000000e8000000)
  eden space 87424K, 100% used [0x00000000e0000000, 0x00000000e5560000, 0x00000000e5560000)
  from space 21824K,  64% used [0x00000000e5560000, 0x00000000e63344c0, 0x00000000e6ab0000)
  to   space 21824K,   0% used [0x00000000e6ab0000, 0x00000000e6ab0000, 0x00000000e8000000)
 concurrent mark-sweep generation total 393216K, used 0K [0x00000000e8000000, 0x0000000100000000, 0x0000000100000000)
 Metaspace       used 24871K, capacity 25394K, committed 25724K, reserved 1071104K
  class space    used 2902K, capacity 3084K, committed 3196K, reserved 1048576K
2017-07-25T20:39:52.026+0200: 4,019: [GC (Allocation Failure) 2017-07-25T20:39:52.026+0200: 4,019: [ParNew
Desired survivor size 20112992 bytes, new threshold 8 (max 8)
- age   1:     630784 bytes,     630784 total
- age   2:    1005816 bytes,    1636600 total
- age   3:    1783968 bytes,    3420568 total
- age   5:      59440 bytes,    3480008 total
- age   6:     114912 bytes,    3594920 total
- age   7:     179912 bytes,    3774832 total
- age   8:     770272 bytes,    4545104 total
: 101585K->6993K(109248K), 0,0425545 secs] 101585K->13045K(502464K), 0,0426392 secs] [Times: user=0,08 sys=0,00, real=0,04 secs] 
Heap after GC invocations=9 (full 1):
 par new generation   total 109248K, used 6993K [0x00000000e0000000, 0x00000000e8000000, 0x00000000e8000000)
  eden space 87424K,   0% used [0x00000000e0000000, 0x00000000e0000000, 0x00000000e5560000)
  from space 21824K,  32% used [0x00000000e6ab0000, 0x00000000e7184700, 0x00000000e8000000)
  to   space 21824K,   0% used [0x00000000e5560000, 0x00000000e5560000, 0x00000000e6ab0000)
 concurrent mark-sweep generation total 393216K, used 6051K [0x00000000e8000000, 0x0000000100000000, 0x0000000100000000)
 Metaspace       used 24871K, capacity 25394K, committed 25724K, reserved 1071104K
  class space    used 2902K, capacity 3084K, committed 3196K, reserved 1048576K
}
2017-07-25T20:39:52.068+0200: 4,062: Total time for which application threads were stopped: 0,0428476 seconds, Stopping threads took: 0,0000479 seconds
2017-07-25T20:39:52.076+0200: 4,069: Total time for which application threads were stopped: 0,0011820 seconds, Stopping threads took: 0,0007832 seconds
2017-07-25T20:39:52.171+0200: 4,164: Total time for which application threads were stopped: 0,0001804 seconds, Stopping threads took: 0,0000780 seconds
2017-07-25T20:39:52.178+0200: 4,171: Total time for which application threads were stopped: 0,0001724 seconds, Stopping threads took: 0,0001017 seconds
2017-07-25T20:39:52.190+0200: 4,184: Total time for which application threads were stopped: 0,0041316 seconds, Stopping threads took: 0,0040268 seconds
2017-07-25T20:39:52.191+0200: 4,184: Total time for which application threads were stopped: 0,0001348 seconds, Stopping threads took: 0,0000388 seconds
2017-07-25T20:39:52.192+0200: 4,185: Total time for which application threads were stopped: 0,0004648 seconds, Stopping threads took: 0,0003846 seconds
2017-07-25T20:39:52.192+0200: 4,185: Total time for which application threads were stopped: 0,0000759 seconds, Stopping threads took: 0,0000121 seconds
2017-07-25T20:39:52.192+0200: 4,185: Total time for which application threads were stopped: 0,0000514 seconds, Stopping threads took: 0,0000090 seconds
2017-07-25T20:39:52.192+0200: 4,185: Total time for which application threads were stopped: 0,0000623 seconds, Stopping threads took: 0,0000102 seconds
2017-07-25T20:39:52.192+0200: 4,186: Total time for which application threads were stopped: 0,0000476 seconds, Stopping threads took: 0,0000100 seconds
2017-07-25T20:39:52.192+0200: 4,186: Total time for which application threads were stopped: 0,0000497 seconds, Stopping threads took: 0,0000099 seconds
2017-07-25T20:39:52.192+0200: 4,186: Total time for which application threads were stopped: 0,0000475 seconds, Stopping threads took: 0,0000081 seconds
2017-07-25T20:39:52.193+0200: 4,186: Total time for which application threads were stopped: 0,0000528 seconds, Stopping threads took: 0,0000094 seconds
2017-07-25T20:39:52.193+0200: 4,186: Total time for which application threads were stopped: 0,0000509 seconds, Stopping threads took: 0,0000088 seconds
2017-07-25T20:39:52.193+0200: 4,186: Total time for which application threads were stopped: 0,0000436 seconds, Stopping threads took: 0,0000079 seconds
2017-07-25T20:39:52.193+0200: 4,186: Total time for which application threads were stopped: 0,0000495 seconds, Stopping threads took: 0,0000087 seconds
2017-07-25T20:39:52.193+0200: 4,186: Total time for which application threads were stopped: 0,0000408 seconds, Stopping threads took: 0,0000078 seconds
2017-07-25T20:39:52.193+0200: 4,186: Total time for which application threads were stopped: 0,0000524 seconds, Stopping threads took: 0,0000091 seconds
2017-07-25T20:39:52.194+0200: 4,187: Total time for which application threads were stopped: 0,0000805 seconds, Stopping threads took: 0,0000161 seconds
2017-07-25T20:39:52.194+0200: 4,187: Total time for which application threads were stopped: 0,0000601 seconds, Stopping threads took: 0,0000131 seconds
2017-07-25T20:39:52.194+0200: 4,187: Total time for which application threads were stopped: 0,0000419 seconds, Stopping threads took: 0,0000080 seconds
2017-07-25T20:39:52.194+0200: 4,187: Total time for which application threads were stopped: 0,0001224 seconds, Stopping threads took: 0,0000084 seconds
2017-07-25T20:39:52.195+0200: 4,188: Total time for which application threads were stopped: 0,0001610 seconds, Stopping threads took: 0,0000842 seconds
2017-07-25T20:39:52.205+0200: 4,198: Total time for which application threads were stopped: 0,0001312 seconds, Stopping threads took: 0,0000412 seconds
2017-07-25T20:39:52.205+0200: 4,198: Total time for which application threads were stopped: 0,0000842 seconds, Stopping threads took: 0,0000291 seconds
2017-07-25T20:39:52.205+0200: 4,198: Total time for which application threads were stopped: 0,0000570 seconds, Stopping threads took: 0,0000186 seconds
2017-07-25T20:39:52.205+0200: 4,198: Total time for which application threads were stopped: 0,0000891 seconds, Stopping threads took: 0,0000340 seconds
2017-07-25T20:39:52.210+0200: 4,204: Total time for which application threads were stopped: 0,0001440 seconds, Stopping threads took: 0,0000464 seconds
2017-07-25T20:39:52.213+0200: 4,206: Total time for which application threads were stopped: 0,0002259 seconds, Stopping threads took: 0,0001376 seconds
2017-07-25T20:39:52.220+0200: 4,213: Total time for which application threads were stopped: 0,0001827 seconds, Stopping threads took: 0,0000714 seconds
2017-07-25T20:39:52.221+0200: 4,214: Total time for which application threads were stopped: 0,0002117 seconds, Stopping threads took: 0,0001195 seconds
2017-07-25T20:39:52.221+0200: 4,215: Total time for which application threads were stopped: 0,0001395 seconds, Stopping threads took: 0,0000608 seconds
2017-07-25T20:39:52.222+0200: 4,215: Total time for which application threads were stopped: 0,0001055 seconds, Stopping threads took: 0,0000298 seconds
2017-07-25T20:39:52.222+0200: 4,215: Total time for which application threads were stopped: 0,0000757 seconds, Stopping threads took: 0,0000173 seconds
2017-07-25T20:39:52.222+0200: 4,215: Total time for which application threads were stopped: 0,0000898 seconds, Stopping threads took: 0,0000462 seconds
2017-07-25T20:39:52.222+0200: 4,216: Total time for which application threads were stopped: 0,0001075 seconds, Stopping threads took: 0,0000225 seconds
2017-07-25T20:39:52.223+0200: 4,216: Total time for which application threads were stopped: 0,0000812 seconds, Stopping threads took: 0,0000174 seconds
2017-07-25T20:39:52.223+0200: 4,216: Total time for which application threads were stopped: 0,0000925 seconds, Stopping threads took: 0,0000227 seconds
2017-07-25T20:39:52.223+0200: 4,216: Total time for which application threads were stopped: 0,0000956 seconds, Stopping threads took: 0,0000297 seconds
2017-07-25T20:39:52.223+0200: 4,217: Total time for which application threads were stopped: 0,0000688 seconds, Stopping threads took: 0,0000178 seconds
2017-07-25T20:39:52.226+0200: 4,219: Total time for which application threads were stopped: 0,0001119 seconds, Stopping threads took: 0,0000380 seconds
2017-07-25T20:39:52.226+0200: 4,219: Total time for which application threads were stopped: 0,0000726 seconds, Stopping threads took: 0,0000206 seconds
2017-07-25T20:39:52.226+0200: 4,219: Total time for which application threads were stopped: 0,0000639 seconds, Stopping threads took: 0,0000147 seconds
2017-07-25T20:39:52.230+0200: 4,224: Total time for which application threads were stopped: 0,0001424 seconds, Stopping threads took: 0,0000314 seconds
2017-07-25T20:39:52.231+0200: 4,224: Total time for which application threads were stopped: 0,0001041 seconds, Stopping threads took: 0,0000219 seconds
2017-07-25T20:39:52.231+0200: 4,224: Total time for which application threads were stopped: 0,0000786 seconds, Stopping threads took: 0,0000184 seconds
2017-07-25T20:39:52.234+0200: 4,228: Total time for which application threads were stopped: 0,0016683 seconds, Stopping threads took: 0,0015799 seconds
2017-07-25T20:39:52.234+0200: 4,228: Total time for which application threads were stopped: 0,0000533 seconds, Stopping threads took: 0,0000103 seconds
2017-07-25T20:39:52.235+0200: 4,228: Total time for which application threads were stopped: 0,0001131 seconds, Stopping threads took: 0,0000186 seconds
2017-07-25T20:39:52.235+0200: 4,228: Total time for which application threads were stopped: 0,0001331 seconds, Stopping threads took: 0,0000403 seconds
2017-07-25T20:39:52.235+0200: 4,229: Total time for which application threads were stopped: 0,0001587 seconds, Stopping threads took: 0,0000179 seconds
2017-07-25T20:39:52.237+0200: 4,230: Total time for which application threads were stopped: 0,0001671 seconds, Stopping threads took: 0,0000371 seconds
2017-07-25T20:39:52.247+0200: 4,241: Total time for which application threads were stopped: 0,0002010 seconds, Stopping threads took: 0,0000924 seconds
2017-07-25T20:39:52.248+0200: 4,241: Total time for which application threads were stopped: 0,0001053 seconds, Stopping threads took: 0,0000209 seconds
2017-07-25T20:39:52.248+0200: 4,242: Total time for which application threads were stopped: 0,0001034 seconds, Stopping threads took: 0,0000185 seconds
2017-07-25T20:39:52.249+0200: 4,243: Total time for which application threads were stopped: 0,0001207 seconds, Stopping threads took: 0,0000232 seconds
2017-07-25T20:39:52.249+0200: 4,243: Total time for which application threads were stopped: 0,0000691 seconds, Stopping threads took: 0,0000092 seconds
2017-07-25T20:39:52.261+0200: 4,255: Total time for which application threads were stopped: 0,0001609 seconds, Stopping threads took: 0,0000670 seconds
2017-07-25T20:39:52.264+0200: 4,257: Total time for which application threads were stopped: 0,0001416 seconds, Stopping threads took: 0,0000249 seconds
2017-07-25T20:39:52.283+0200: 4,276: Total time for which application threads were stopped: 0,0002034 seconds, Stopping threads took: 0,0000498 seconds
2017-07-25T20:39:52.292+0200: 4,286: Total time for which application threads were stopped: 0,0016081 seconds, Stopping threads took: 0,0014971 seconds
2017-07-25T20:39:52.293+0200: 4,286: Total time for which application threads were stopped: 0,0001036 seconds, Stopping threads took: 0,0000415 seconds
2017-07-25T20:39:52.294+0200: 4,287: Total time for which application threads were stopped: 0,0001497 seconds, Stopping threads took: 0,0000527 seconds
2017-07-25T20:39:52.298+0200: 4,291: Total time for which application threads were stopped: 0,0005233 seconds, Stopping threads took: 0,0000473 seconds
2017-07-25T20:39:52.331+0200: 4,324: Total time for which application threads were stopped: 0,0001400 seconds, Stopping threads took: 0,0000385 seconds
2017-07-25T20:39:52.344+0200: 4,337: Total time for which application threads were stopped: 0,0000740 seconds, Stopping threads took: 0,0000199 seconds
2017-07-25T20:39:52.345+0200: 4,338: Total time for which application threads were stopped: 0,0001066 seconds, Stopping threads took: 0,0000425 seconds
2017-07-25T20:39:52.352+0200: 4,345: Total time for which application threads were stopped: 0,0000847 seconds, Stopping threads took: 0,0000278 seconds
2017-07-25T20:39:52.389+0200: 4,383: Total time for which application threads were stopped: 0,0003968 seconds, Stopping threads took: 0,0000224 seconds
2017-07-25T20:39:52.401+0200: 4,394: Total time for which application threads were stopped: 0,0003534 seconds, Stopping threads took: 0,0000162 seconds
2017-07-25T20:39:52.445+0200: 4,438: Total time for which application threads were stopped: 0,0003640 seconds, Stopping threads took: 0,0000255 seconds
2017-07-25T20:39:52.447+0200: 4,440: Total time for which application threads were stopped: 0,0002569 seconds, Stopping threads took: 0,0001928 seconds
2017-07-25T20:39:52.447+0200: 4,440: Total time for which application threads were stopped: 0,0001469 seconds, Stopping threads took: 0,0000935 seconds
2017-07-25T20:39:52.447+0200: 4,441: Total time for which application threads were stopped: 0,0002779 seconds, Stopping threads took: 0,0001602 seconds
2017-07-25T20:39:52.455+0200: 4,448: Total time for which application threads were stopped: 0,0000924 seconds, Stopping threads took: 0,0000295 seconds
2017-07-25T20:39:52.466+0200: 4,459: Total time for which application threads were stopped: 0,0001737 seconds, Stopping threads took: 0,0000389 seconds
2017-07-25T20:39:52.469+0200: 4,462: Total time for which application threads were stopped: 0,0002001 seconds, Stopping threads took: 0,0000983 seconds
2017-07-25T20:39:52.470+0200: 4,464: Total time for which application threads were stopped: 0,0001345 seconds, Stopping threads took: 0,0000554 seconds
2017-07-25T20:39:52.475+0200: 4,468: Total time for which application threads were stopped: 0,0001338 seconds, Stopping threads took: 0,0000572 seconds
2017-07-25T20:39:52.478+0200: 4,471: Total time for which application threads were stopped: 0,0001055 seconds, Stopping threads took: 0,0000355 seconds
2017-07-25T20:39:52.480+0200: 4,473: Total time for which application threads were stopped: 0,0001365 seconds, Stopping threads took: 0,0000368 seconds
2017-07-25T20:39:52.483+0200: 4,476: Total time for which application threads were stopped: 0,0001258 seconds, Stopping threads took: 0,0000723 seconds
2017-07-25T20:39:52.486+0200: 4,480: Total time for which application threads were stopped: 0,0035664 seconds, Stopping threads took: 0,0035102 seconds
2017-07-25T20:39:52.491+0200: 4,484: Total time for which application threads were stopped: 0,0002032 seconds, Stopping threads took: 0,0001055 seconds
2017-07-25T20:39:52.494+0200: 4,487: Total time for which application threads were stopped: 0,0001939 seconds, Stopping threads took: 0,0001109 seconds
2017-07-25T20:39:52.496+0200: 4,489: Total time for which application threads were stopped: 0,0000814 seconds, Stopping threads took: 0,0000188 seconds
2017-07-25T20:39:52.501+0200: 4,494: Total time for which application threads were stopped: 0,0001906 seconds, Stopping threads took: 0,0001288 seconds
2017-07-25T20:39:52.523+0200: 4,517: Total time for which application threads were stopped: 0,0001407 seconds, Stopping threads took: 0,0000614 seconds
2017-07-25T20:39:52.525+0200: 4,518: Total time for which application threads were stopped: 0,0001163 seconds, Stopping threads took: 0,0000432 seconds
2017-07-25T20:39:52.532+0200: 4,525: Total time for which application threads were stopped: 0,0001356 seconds, Stopping threads took: 0,0000604 seconds
2017-07-25T20:39:52.540+0200: 4,533: Total time for which application threads were stopped: 0,0001472 seconds, Stopping threads took: 0,0000609 seconds
2017-07-25T20:39:52.541+0200: 4,534: Total time for which application threads were stopped: 0,0003740 seconds, Stopping threads took: 0,0000200 seconds
2017-07-25T20:39:52.541+0200: 4,534: Total time for which application threads were stopped: 0,0001188 seconds, Stopping threads took: 0,0000512 seconds
2017-07-25T20:39:52.545+0200: 4,538: Total time for which application threads were stopped: 0,0000886 seconds, Stopping threads took: 0,0000185 seconds
2017-07-25T20:39:52.559+0200: 4,552: Total time for which application threads were stopped: 0,0000875 seconds, Stopping threads took: 0,0000200 seconds
2017-07-25T20:40:20.562+0200: 32,555: Total time for which application threads were stopped: 0,0000639 seconds, Stopping threads took: 0,0000163 seconds
2017-07-25T20:41:10.570+0200: 82,564: Total time for which application threads were stopped: 0,0000989 seconds, Stopping threads took: 0,0000197 seconds
2017-07-25T20:41:45.575+0200: 117,568: Total time for which application threads were stopped: 0,0000857 seconds, Stopping threads took: 0,0000314 seconds
2017-07-25T20:41:50.575+0200: 122,569: Total time for which application threads were stopped: 0,0000633 seconds, Stopping threads took: 0,0000158 seconds
{Heap before GC invocations=9 (full 1):
 par new generation   total 109248K, used 94417K [0x00000000e0000000, 0x00000000e8000000, 0x00000000e8000000)
  eden space 87424K, 100% used [0x00000000e0000000, 0x00000000e5560000, 0x00000000e5560000)
  from space 21824K,  32% used [0x00000000e6ab0000, 0x00000000e7184700, 0x00000000e8000000)
  to   space 21824K,   0% used [0x00000000e5560000, 0x00000000e5560000, 0x00000000e6ab0000)
 concurrent mark-sweep generation total 393216K, used 6051K [0x00000000e8000000, 0x0000000100000000, 0x0000000100000000)
 Metaspace       used 28052K, capacity 28636K, committed 28796K, reserved 1075200K
  class space    used 3214K, capacity 3393K, committed 3452K, reserved 1048576K
2017-07-25T20:42:44.195+0200: 176,189: [GC (Allocation Failure) 2017-07-25T20:42:44.195+0200: 176,189: [ParNew
Desired survivor size 20112992 bytes, new threshold 8 (max 8)
- age   1:   10895552 bytes,   10895552 total
- age   2:     210632 bytes,   11106184 total
- age   3:     224600 bytes,   11330784 total
- age   4:    1779128 bytes,   13109912 total
- age   6:      59440 bytes,   13169352 total
- age   7:     114784 bytes,   13284136 total
- age   8:     179816 bytes,   13463952 total
: 94417K->14973K(109248K), 0,0198945 secs] 100469K->21867K(502464K), 0,0199379 secs] [Times: user=0,05 sys=0,00, real=0,02 secs] 
Heap after GC invocations=10 (full 1):
 par new generation   total 109248K, used 14973K [0x00000000e0000000, 0x00000000e8000000, 0x00000000e8000000)
  eden space 87424K,   0% used [0x00000000e0000000, 0x00000000e0000000, 0x00000000e5560000)
  from space 21824K,  68% used [0x00000000e5560000, 0x00000000e63ff7a0, 0x00000000e6ab0000)
  to   space 21824K,   0% used [0x00000000e6ab0000, 0x00000000e6ab0000, 0x00000000e8000000)
 concurrent mark-sweep generation total 393216K, used 6893K [0x00000000e8000000, 0x0000000100000000, 0x0000000100000000)
 Metaspace       used 28052K, capacity 28636K, committed 28796K, reserved 1075200K
  class space    used 3214K, capacity 3393K, committed 3452K, reserved 1048576K
}
2017-07-25T20:42:44.215+0200: 176,209: Total time for which application threads were stopped: 0,0201119 seconds, Stopping threads took: 0,0000457 seconds
2017-07-25T20:42:44.216+0200: 176,209: Total time for which application threads were stopped: 0,0000610 seconds, Stopping threads took: 0,0000213 seconds
2017-07-25T20:42:44.216+0200: 176,209: Total time for which application threads were stopped: 0,0000295 seconds, Stopping threads took: 0,0000101 seconds
2017-07-25T20:42:45.216+0200: 177,209: Total time for which application threads were stopped: 0,0000690 seconds, Stopping threads took: 0,0000174 seconds
2017-07-25T20:42:49.217+0200: 181,210: Total time for which application threads were stopped: 0,0000775 seconds, Stopping threads took: 0,0000316 seconds
2017-07-25T20:44:25.228+0200: 277,221: Total time for which application threads were stopped: 0,0000831 seconds, Stopping threads took: 0,0000335 seconds
2017-07-25T21:03:19.359+0200: 1411,352: Total time for which application threads were stopped: 0,0001044 seconds, Stopping threads took: 0,0000330 seconds
2017-07-25T21:07:19.386+0200: 1651,379: Total time for which application threads were stopped: 0,0004237 seconds, Stopping threads took: 0,0001551 seconds
2017-07-25T21:07:24.386+0200: 1656,380: Total time for which application threads were stopped: 0,0000941 seconds, Stopping threads took: 0,0000218 seconds
2017-07-25T21:18:09.436+0200: 2301,430: Total time for which application threads were stopped: 0,0000804 seconds, Stopping threads took: 0,0000328 seconds
2017-07-25T21:18:10.436+0200: 2302,430: Total time for which application threads were stopped: 0,0000657 seconds, Stopping threads took: 0,0000174 seconds
2017-07-25T21:33:05.505+0200: 3197,498: Total time for which application threads were stopped: 0,0000769 seconds, Stopping threads took: 0,0000290 seconds
2017-07-25T21:46:09.564+0200: 3981,557: Total time for which application threads were stopped: 0,0000821 seconds, Stopping threads took: 0,0000318 seconds
2017-07-25T21:46:19.565+0200: 3991,558: Total time for which application threads were stopped: 0,0001211 seconds, Stopping threads took: 0,0000282 seconds
2017-07-25T21:48:14.574+0200: 4106,567: Total time for which application threads were stopped: 0,0000777 seconds, Stopping threads took: 0,0000269 seconds
2017-07-25T21:58:35.622+0200: 4727,615: Total time for which application threads were stopped: 0,0000963 seconds, Stopping threads took: 0,0000388 seconds
2017-07-25T21:58:45.623+0200: 4737,616: Total time for which application threads were stopped: 0,0000684 seconds, Stopping threads took: 0,0000159 seconds
2017-07-25T22:31:30.771+0200: 6702,764: Total time for which application threads were stopped: 0,0000837 seconds, Stopping threads took: 0,0000335 seconds
2017-07-25T22:42:19.823+0200: 7351,816: Total time for which application threads were stopped: 0,0000756 seconds, Stopping threads took: 0,0000271 seconds
2017-07-25T22:47:49.848+0200: 7681,841: Total time for which application threads were stopped: 0,0000997 seconds, Stopping threads took: 0,0000354 seconds
2017-07-25T22:48:19.850+0200: 7711,844: Total time for which application threads were stopped: 0,0000800 seconds, Stopping threads took: 0,0000311 seconds
2017-07-25T23:38:11.169+0200: 10703,163: Total time for which application threads were stopped: 0,0003164 seconds, Stopping threads took: 0,0001565 seconds
2017-07-25T23:51:50.261+0200: 11522,254: Total time for which application threads were stopped: 0,0000984 seconds, Stopping threads took: 0,0000304 seconds
2017-07-26T00:53:44.242+0200: 15236,236: Total time for which application threads were stopped: 0,0429035 seconds, Stopping threads took: 0,0428075 seconds
2017-07-26T00:53:44.243+0200: 15236,236: Total time for which application threads were stopped: 0,0000659 seconds, Stopping threads took: 0,0000117 seconds
2017-07-26T00:53:44.243+0200: 15236,237: Total time for which application threads were stopped: 0,0000674 seconds, Stopping threads took: 0,0000131 seconds
2017-07-26T00:53:44.244+0200: 15236,238: Total time for which application threads were stopped: 0,0000928 seconds, Stopping threads took: 0,0000329 seconds
2017-07-26T00:53:44.246+0200: 15236,240: Total time for which application threads were stopped: 0,0004119 seconds, Stopping threads took: 0,0003405 seconds
2017-07-26T00:53:44.247+0200: 15236,240: Total time for which application threads were stopped: 0,0000715 seconds, Stopping threads took: 0,0000132 seconds
2017-07-26T00:53:44.247+0200: 15236,240: Total time for which application threads were stopped: 0,0000729 seconds, Stopping threads took: 0,0000088 seconds
2017-07-26T00:53:44.247+0200: 15236,241: Total time for which application threads were stopped: 0,0000543 seconds, Stopping threads took: 0,0000076 seconds
2017-07-26T00:53:44.248+0200: 15236,241: Total time for which application threads were stopped: 0,0000531 seconds, Stopping threads took: 0,0000071 seconds
2017-07-26T00:53:44.248+0200: 15236,241: Total time for which application threads were stopped: 0,0000412 seconds, Stopping threads took: 0,0000051 seconds
2017-07-26T00:53:44.248+0200: 15236,241: Total time for which application threads were stopped: 0,0000426 seconds, Stopping threads took: 0,0000080 seconds
2017-07-26T00:53:44.248+0200: 15236,241: Total time for which application threads were stopped: 0,0000386 seconds, Stopping threads took: 0,0000052 seconds
2017-07-26T00:53:44.248+0200: 15236,241: Total time for which application threads were stopped: 0,0000446 seconds, Stopping threads took: 0,0000055 seconds
2017-07-26T00:53:44.248+0200: 15236,241: Total time for which application threads were stopped: 0,0000409 seconds, Stopping threads took: 0,0000052 seconds
2017-07-26T00:53:44.248+0200: 15236,241: Total time for which application threads were stopped: 0,0000410 seconds, Stopping threads took: 0,0000049 seconds
2017-07-26T00:53:44.248+0200: 15236,242: Total time for which application threads were stopped: 0,0000400 seconds, Stopping threads took: 0,0000058 seconds
2017-07-26T00:53:44.249+0200: 15236,242: Total time for which application threads were stopped: 0,0000791 seconds, Stopping threads took: 0,0000147 seconds
2017-07-26T00:53:44.249+0200: 15236,242: Total time for which application threads were stopped: 0,0000433 seconds, Stopping threads took: 0,0000058 seconds
2017-07-26T00:53:44.249+0200: 15236,242: Total time for which application threads were stopped: 0,0000407 seconds, Stopping threads took: 0,0000058 seconds
2017-07-26T00:53:44.253+0200: 15236,246: Total time for which application threads were stopped: 0,0001063 seconds, Stopping threads took: 0,0000356 seconds
2017-07-26T00:53:44.268+0200: 15236,262: Total time for which application threads were stopped: 0,0000823 seconds, Stopping threads took: 0,0000177 seconds
2017-07-26T00:53:44.269+0200: 15236,262: Total time for which application threads were stopped: 0,0000596 seconds, Stopping threads took: 0,0000102 seconds
2017-07-26T00:53:44.272+0200: 15236,265: Total time for which application threads were stopped: 0,0006631 seconds, Stopping threads took: 0,0005581 seconds
2017-07-26T00:53:44.279+0200: 15236,272: Total time for which application threads were stopped: 0,0000863 seconds, Stopping threads took: 0,0000177 seconds
2017-07-26T00:53:44.279+0200: 15236,272: Total time for which application threads were stopped: 0,0000437 seconds, Stopping threads took: 0,0000083 seconds
2017-07-26T00:53:44.279+0200: 15236,272: Total time for which application threads were stopped: 0,0000690 seconds, Stopping threads took: 0,0000051 seconds
2017-07-26T00:53:44.279+0200: 15236,272: Total time for which application threads were stopped: 0,0000387 seconds, Stopping threads took: 0,0000046 seconds
2017-07-26T00:53:44.279+0200: 15236,272: Total time for which application threads were stopped: 0,0000369 seconds, Stopping threads took: 0,0000046 seconds
2017-07-26T00:53:44.280+0200: 15236,273: Total time for which application threads were stopped: 0,0000812 seconds, Stopping threads took: 0,0000134 seconds
2017-07-26T00:53:44.280+0200: 15236,273: Total time for which application threads were stopped: 0,0000400 seconds, Stopping threads took: 0,0000058 seconds
2017-07-26T00:53:44.280+0200: 15236,274: Total time for which application threads were stopped: 0,0000386 seconds, Stopping threads took: 0,0000052 seconds
2017-07-26T00:53:44.280+0200: 15236,274: Total time for which application threads were stopped: 0,0000377 seconds, Stopping threads took: 0,0000047 seconds
2017-07-26T00:53:44.280+0200: 15236,274: Total time for which application threads were stopped: 0,0000384 seconds, Stopping threads took: 0,0000054 seconds
2017-07-26T00:53:44.281+0200: 15236,274: Total time for which application threads were stopped: 0,0000369 seconds, Stopping threads took: 0,0000050 seconds
2017-07-26T00:53:44.283+0200: 15236,276: Total time for which application threads were stopped: 0,0001156 seconds, Stopping threads took: 0,0000442 seconds
2017-07-26T00:53:44.283+0200: 15236,276: Total time for which application threads were stopped: 0,0000615 seconds, Stopping threads took: 0,0000247 seconds
2017-07-26T00:53:44.283+0200: 15236,276: Total time for which application threads were stopped: 0,0000694 seconds, Stopping threads took: 0,0000347 seconds
2017-07-26T00:53:44.283+0200: 15236,276: Total time for which application threads were stopped: 0,0000583 seconds, Stopping threads took: 0,0000252 seconds
2017-07-26T00:53:44.284+0200: 15236,278: Total time for which application threads were stopped: 0,0001293 seconds, Stopping threads took: 0,0000659 seconds
2017-07-26T00:53:44.285+0200: 15236,278: Total time for which application threads were stopped: 0,0003704 seconds, Stopping threads took: 0,0003126 seconds
2017-07-26T00:53:44.285+0200: 15236,278: Total time for which application threads were stopped: 0,0001043 seconds, Stopping threads took: 0,0000642 seconds
2017-07-26T00:53:44.285+0200: 15236,278: Total time for which application threads were stopped: 0,0000768 seconds, Stopping threads took: 0,0000310 seconds
2017-07-26T00:53:44.285+0200: 15236,278: Total time for which application threads were stopped: 0,0000580 seconds, Stopping threads took: 0,0000236 seconds
2017-07-26T00:53:44.285+0200: 15236,279: Total time for which application threads were stopped: 0,0000516 seconds, Stopping threads took: 0,0000182 seconds
2017-07-26T00:53:44.286+0200: 15236,279: Total time for which application threads were stopped: 0,0000600 seconds, Stopping threads took: 0,0000218 seconds
2017-07-26T00:53:44.286+0200: 15236,279: Total time for which application threads were stopped: 0,0002632 seconds, Stopping threads took: 0,0002186 seconds
2017-07-26T00:53:44.286+0200: 15236,279: Total time for which application threads were stopped: 0,0000515 seconds, Stopping threads took: 0,0000167 seconds
2017-07-26T00:53:44.286+0200: 15236,280: Total time for which application threads were stopped: 0,0001820 seconds, Stopping threads took: 0,0001308 seconds
2017-07-26T00:53:44.286+0200: 15236,280: Total time for which application threads were stopped: 0,0000536 seconds, Stopping threads took: 0,0000189 seconds
2017-07-26T00:53:44.287+0200: 15236,280: Total time for which application threads were stopped: 0,0000558 seconds, Stopping threads took: 0,0000208 seconds
2017-07-26T00:53:44.287+0200: 15236,280: Total time for which application threads were stopped: 0,0000560 seconds, Stopping threads took: 0,0000237 seconds
2017-07-26T00:53:44.287+0200: 15236,280: Total time for which application threads were stopped: 0,0000635 seconds, Stopping threads took: 0,0000313 seconds
2017-07-26T00:53:44.287+0200: 15236,280: Total time for which application threads were stopped: 0,0000508 seconds, Stopping threads took: 0,0000181 seconds
2017-07-26T00:53:44.287+0200: 15236,280: Total time for which application threads were stopped: 0,0000524 seconds, Stopping threads took: 0,0000208 seconds
2017-07-26T00:53:44.287+0200: 15236,280: Total time for which application threads were stopped: 0,0000494 seconds, Stopping threads took: 0,0000174 seconds
2017-07-26T00:53:44.287+0200: 15236,280: Total time for which application threads were stopped: 0,0000485 seconds, Stopping threads took: 0,0000172 seconds
2017-07-26T00:53:44.287+0200: 15236,280: Total time for which application threads were stopped: 0,0000468 seconds, Stopping threads took: 0,0000161 seconds
2017-07-26T00:53:44.287+0200: 15236,280: Total time for which application threads were stopped: 0,0000433 seconds, Stopping threads took: 0,0000102 seconds
2017-07-26T00:53:44.288+0200: 15236,281: Total time for which application threads were stopped: 0,0001171 seconds, Stopping threads took: 0,0000209 seconds
2017-07-26T00:53:44.291+0200: 15236,284: Total time for which application threads were stopped: 0,0000808 seconds, Stopping threads took: 0,0000154 seconds
2017-07-26T00:53:44.292+0200: 15236,285: Total time for which application threads were stopped: 0,0000688 seconds, Stopping threads took: 0,0000139 seconds
2017-07-26T00:53:44.292+0200: 15236,285: Total time for which application threads were stopped: 0,0002441 seconds, Stopping threads took: 0,0000089 seconds
2017-07-26T00:53:44.292+0200: 15236,285: Total time for which application threads were stopped: 0,0000412 seconds, Stopping threads took: 0,0000084 seconds
2017-07-26T00:53:44.292+0200: 15236,286: Total time for which application threads were stopped: 0,0000366 seconds, Stopping threads took: 0,0000068 seconds
2017-07-26T00:53:44.293+0200: 15236,287: Total time for which application threads were stopped: 0,0001085 seconds, Stopping threads took: 0,0000217 seconds
2017-07-26T00:53:44.294+0200: 15236,287: Total time for which application threads were stopped: 0,0000400 seconds, Stopping threads took: 0,0000089 seconds
2017-07-26T00:53:44.294+0200: 15236,287: Total time for which application threads were stopped: 0,0001376 seconds, Stopping threads took: 0,0000062 seconds
2017-07-26T00:53:44.297+0200: 15236,291: Total time for which application threads were stopped: 0,0000881 seconds, Stopping threads took: 0,0000212 seconds
2017-07-26T00:53:44.298+0200: 15236,291: Total time for which application threads were stopped: 0,0000393 seconds, Stopping threads took: 0,0000074 seconds
2017-07-26T00:53:44.298+0200: 15236,291: Total time for which application threads were stopped: 0,0000368 seconds, Stopping threads took: 0,0000080 seconds
2017-07-26T00:53:44.298+0200: 15236,291: Total time for which application threads were stopped: 0,0000406 seconds, Stopping threads took: 0,0000079 seconds
2017-07-26T00:53:44.298+0200: 15236,292: Total time for which application threads were stopped: 0,0000763 seconds, Stopping threads took: 0,0000084 seconds
Heap
 par new generation   total 109248K, used 35793K [0x00000000e0000000, 0x00000000e8000000, 0x00000000e8000000)
  eden space 87424K,  23% used [0x00000000e0000000, 0x00000000e1454ee0, 0x00000000e5560000)
  from space 21824K,  68% used [0x00000000e5560000, 0x00000000e63ff7a0, 0x00000000e6ab0000)
  to   space 21824K,   0% used [0x00000000e6ab0000, 0x00000000e6ab0000, 0x00000000e8000000)
 concurrent mark-sweep generation total 393216K, used 6893K [0x00000000e8000000, 0x0000000100000000, 0x0000000100000000)
 Metaspace       used 28203K, capacity 28744K, committed 29052K, reserved 1075200K
  class space    used 3228K, capacity 3427K, committed 3452K, reserved 1048576K
