OpenJDK 64-Bit Server VM (25.111-b14) for linux-amd64 JRE (1.8.0_111-8u111-b14-2ubuntu0.16.04.2-b14), built on Oct 27 2016 18:10:19 by "buildd" with gcc 5.4.0 20160609
Memory: 4k page, physical 7867804k(7519996k free), swap 8076284k(8076284k free)
CommandLine flags: -XX:CMSInitiatingOccupancyFraction=50 -XX:CMSMaxAbortablePrecleanTime=6000 -XX:+CMSParallelRemarkEnabled -XX:+CMSScavengeBeforeRemark -XX:ConcGCThreads=4 -XX:InitialHeapSize=536870912 -XX:MaxHeapSize=536870912 -XX:MaxTenuringThreshold=8 -XX:NewRatio=3 -XX:OldPLABSize=16 -XX:OnOutOfMemoryError=/opt/solr/bin/oom_solr.sh 8983 /var/solr/logs -XX:ParallelGCThreads=4 -XX:+ParallelRefProcEnabled -XX:PretenureSizeThreshold=67108864 -XX:+PrintGC -XX:+PrintGCApplicationStoppedTime -XX:+PrintGCDateStamps -XX:+PrintGCDetails -XX:+PrintGCTimeStamps -XX:+PrintHeapAtGC -XX:+PrintTenuringDistribution -XX:SurvivorRatio=4 -XX:TargetSurvivorRatio=90 -XX:ThreadStackSize=256 -XX:+UseCMSInitiatingOccupancyOnly -XX:+UseCompressedClassPointers -XX:+UseCompressedOops -XX:+UseConcMarkSweepGC -XX:+UseParNewGC 
2017-01-11T06:41:49.771+0100: 0,136: Total time for which application threads were stopped: 0,0000693 seconds, Stopping threads took: 0,0000105 seconds
2017-01-11T06:41:49.872+0100: 0,238: Total time for which application threads were stopped: 0,0001329 seconds, Stopping threads took: 0,0000204 seconds
2017-01-11T06:41:49.887+0100: 0,252: Total time for which application threads were stopped: 0,0001217 seconds, Stopping threads took: 0,0000326 seconds
2017-01-11T06:41:50.119+0100: 0,485: Total time for which application threads were stopped: 0,0001317 seconds, Stopping threads took: 0,0000176 seconds
2017-01-11T06:41:50.641+0100: 1,006: Total time for which application threads were stopped: 0,0001266 seconds, Stopping threads took: 0,0000105 seconds
2017-01-11T06:41:50.734+0100: 1,100: Total time for which application threads were stopped: 0,0002250 seconds, Stopping threads took: 0,0000298 seconds
2017-01-11T06:41:50.821+0100: 1,186: Total time for which application threads were stopped: 0,0001750 seconds, Stopping threads took: 0,0000205 seconds
2017-01-11T06:41:51.203+0100: 1,568: Total time for which application threads were stopped: 0,0001665 seconds, Stopping threads took: 0,0000150 seconds
2017-01-11T06:41:51.414+0100: 1,779: Total time for which application threads were stopped: 0,0002458 seconds, Stopping threads took: 0,0000218 seconds
2017-01-11T06:41:51.435+0100: 1,800: Total time for which application threads were stopped: 0,0001970 seconds, Stopping threads took: 0,0000154 seconds
2017-01-11T06:41:51.437+0100: 1,803: Total time for which application threads were stopped: 0,0001625 seconds, Stopping threads took: 0,0000126 seconds
2017-01-11T06:41:51.452+0100: 1,817: Total time for which application threads were stopped: 0,0002143 seconds, Stopping threads took: 0,0000185 seconds
2017-01-11T06:41:51.536+0100: 1,902: Total time for which application threads were stopped: 0,0002192 seconds, Stopping threads took: 0,0000197 seconds
2017-01-11T06:41:51.673+0100: 2,039: Total time for which application threads were stopped: 0,0002185 seconds, Stopping threads took: 0,0000267 seconds
{Heap before GC invocations=0 (full 0):
 par new generation   total 109248K, used 87424K [0x00000000e0000000, 0x00000000e8000000, 0x00000000e8000000)
  eden space 87424K, 100% used [0x00000000e0000000, 0x00000000e5560000, 0x00000000e5560000)
  from space 21824K,   0% used [0x00000000e5560000, 0x00000000e5560000, 0x00000000e6ab0000)
  to   space 21824K,   0% used [0x00000000e6ab0000, 0x00000000e6ab0000, 0x00000000e8000000)
 concurrent mark-sweep generation total 393216K, used 0K [0x00000000e8000000, 0x0000000100000000, 0x0000000100000000)
 Metaspace       used 18097K, capacity 18366K, committed 18560K, reserved 1064960K
  class space    used 2054K, capacity 2162K, committed 2176K, reserved 1048576K
2017-01-11T06:41:51.797+0100: 2,162: [GC (Allocation Failure) 2017-01-11T06:41:51.797+0100: 2,162: [ParNew
Desired survivor size 20112992 bytes, new threshold 8 (max 8)
- age   1:   12322224 bytes,   12322224 total
: 87424K->12147K(109248K), 0,0165928 secs] 87424K->12147K(502464K), 0,0166872 secs] [Times: user=0,04 sys=0,01, real=0,01 secs] 
Heap after GC invocations=1 (full 0):
 par new generation   total 109248K, used 12147K [0x00000000e0000000, 0x00000000e8000000, 0x00000000e8000000)
  eden space 87424K,   0% used [0x00000000e0000000, 0x00000000e0000000, 0x00000000e5560000)
  from space 21824K,  55% used [0x00000000e6ab0000, 0x00000000e768cd10, 0x00000000e8000000)
  to   space 21824K,   0% used [0x00000000e5560000, 0x00000000e5560000, 0x00000000e6ab0000)
 concurrent mark-sweep generation total 393216K, used 0K [0x00000000e8000000, 0x0000000100000000, 0x0000000100000000)
 Metaspace       used 18097K, capacity 18366K, committed 18560K, reserved 1064960K
  class space    used 2054K, capacity 2162K, committed 2176K, reserved 1048576K
}
2017-01-11T06:41:51.814+0100: 2,179: Total time for which application threads were stopped: 0,0168869 seconds, Stopping threads took: 0,0000338 seconds
2017-01-11T06:41:51.970+0100: 2,336: Total time for which application threads were stopped: 0,0003327 seconds, Stopping threads took: 0,0000330 seconds
2017-01-11T06:41:51.999+0100: 2,364: Total time for which application threads were stopped: 0,0003151 seconds, Stopping threads took: 0,0000299 seconds
2017-01-11T06:41:52.021+0100: 2,387: Total time for which application threads were stopped: 0,0002971 seconds, Stopping threads took: 0,0000285 seconds
{Heap before GC invocations=1 (full 0):
 par new generation   total 109248K, used 99571K [0x00000000e0000000, 0x00000000e8000000, 0x00000000e8000000)
  eden space 87424K, 100% used [0x00000000e0000000, 0x00000000e5560000, 0x00000000e5560000)
  from space 21824K,  55% used [0x00000000e6ab0000, 0x00000000e768cd10, 0x00000000e8000000)
  to   space 21824K,   0% used [0x00000000e5560000, 0x00000000e5560000, 0x00000000e6ab0000)
 concurrent mark-sweep generation total 393216K, used 0K [0x00000000e8000000, 0x0000000100000000, 0x0000000100000000)
 Metaspace       used 20732K, capacity 21020K, committed 21248K, reserved 1069056K
  class space    used 2404K, capacity 2518K, committed 2560K, reserved 1048576K
2017-01-11T06:41:52.181+0100: 2,547: [GC (Allocation Failure) 2017-01-11T06:41:52.181+0100: 2,547: [ParNew
Desired survivor size 20112992 bytes, new threshold 8 (max 8)
- age   1:    3379856 bytes,    3379856 total
- age   2:    6101416 bytes,    9481272 total
: 99571K->13100K(109248K), 0,0107576 secs] 99571K->13100K(502464K), 0,0108361 secs] [Times: user=0,03 sys=0,01, real=0,01 secs] 
Heap after GC invocations=2 (full 0):
 par new generation   total 109248K, used 13100K [0x00000000e0000000, 0x00000000e8000000, 0x00000000e8000000)
  eden space 87424K,   0% used [0x00000000e0000000, 0x00000000e0000000, 0x00000000e5560000)
  from space 21824K,  60% used [0x00000000e5560000, 0x00000000e622b388, 0x00000000e6ab0000)
  to   space 21824K,   0% used [0x00000000e6ab0000, 0x00000000e6ab0000, 0x00000000e8000000)
 concurrent mark-sweep generation total 393216K, used 0K [0x00000000e8000000, 0x0000000100000000, 0x0000000100000000)
 Metaspace       used 20732K, capacity 21020K, committed 21248K, reserved 1069056K
  class space    used 2404K, capacity 2518K, committed 2560K, reserved 1048576K
}
2017-01-11T06:41:52.192+0100: 2,558: Total time for which application threads were stopped: 0,0110862 seconds, Stopping threads took: 0,0000549 seconds
2017-01-11T06:41:52.251+0100: 2,617: Total time for which application threads were stopped: 0,0000782 seconds, Stopping threads took: 0,0000139 seconds
2017-01-11T06:41:52.290+0100: 2,655: Total time for which application threads were stopped: 0,0000806 seconds, Stopping threads took: 0,0000139 seconds
2017-01-11T06:41:52.290+0100: 2,656: Total time for which application threads were stopped: 0,0002216 seconds, Stopping threads took: 0,0000097 seconds
2017-01-11T06:41:52.316+0100: 2,681: Total time for which application threads were stopped: 0,0000725 seconds, Stopping threads took: 0,0000118 seconds
2017-01-11T06:41:52.413+0100: 2,778: Total time for which application threads were stopped: 0,0001479 seconds, Stopping threads took: 0,0000439 seconds
2017-01-11T06:41:52.433+0100: 2,798: Total time for which application threads were stopped: 0,0000983 seconds, Stopping threads took: 0,0000341 seconds
2017-01-11T06:41:52.439+0100: 2,805: Total time for which application threads were stopped: 0,0002789 seconds, Stopping threads took: 0,0000230 seconds
2017-01-11T06:41:52.446+0100: 2,812: Total time for which application threads were stopped: 0,0002878 seconds, Stopping threads took: 0,0000152 seconds
2017-01-11T06:41:52.455+0100: 2,820: Total time for which application threads were stopped: 0,0001111 seconds, Stopping threads took: 0,0000218 seconds
2017-01-11T06:41:52.484+0100: 2,849: Total time for which application threads were stopped: 0,0000803 seconds, Stopping threads took: 0,0000207 seconds
2017-01-11T06:41:52.501+0100: 2,866: Total time for which application threads were stopped: 0,0000785 seconds, Stopping threads took: 0,0000152 seconds
2017-01-11T06:41:52.518+0100: 2,883: Total time for which application threads were stopped: 0,0000750 seconds, Stopping threads took: 0,0000123 seconds
2017-01-11T06:41:52.537+0100: 2,902: Total time for which application threads were stopped: 0,0000764 seconds, Stopping threads took: 0,0000128 seconds
2017-01-11T06:41:52.568+0100: 2,933: Total time for which application threads were stopped: 0,0001232 seconds, Stopping threads took: 0,0000361 seconds
2017-01-11T06:41:52.615+0100: 2,981: Total time for which application threads were stopped: 0,0001095 seconds, Stopping threads took: 0,0000453 seconds
2017-01-11T06:41:52.638+0100: 3,003: Total time for which application threads were stopped: 0,0000972 seconds, Stopping threads took: 0,0000238 seconds
{Heap before GC invocations=2 (full 0):
 par new generation   total 109248K, used 100524K [0x00000000e0000000, 0x00000000e8000000, 0x00000000e8000000)
  eden space 87424K, 100% used [0x00000000e0000000, 0x00000000e5560000, 0x00000000e5560000)
  from space 21824K,  60% used [0x00000000e5560000, 0x00000000e622b388, 0x00000000e6ab0000)
  to   space 21824K,   0% used [0x00000000e6ab0000, 0x00000000e6ab0000, 0x00000000e8000000)
 concurrent mark-sweep generation total 393216K, used 0K [0x00000000e8000000, 0x0000000100000000, 0x0000000100000000)
 Metaspace       used 24856K, capacity 25221K, committed 25536K, reserved 1071104K
  class space    used 2896K, capacity 3025K, committed 3144K, reserved 1048576K
2017-01-11T06:41:52.659+0100: 3,024: [GC (Allocation Failure) 2017-01-11T06:41:52.659+0100: 3,024: [ParNew
Desired survivor size 20112992 bytes, new threshold 8 (max 8)
- age   1:    6690632 bytes,    6690632 total
- age   2:     545208 bytes,    7235840 total
- age   3:    6084688 bytes,   13320528 total
: 100524K->16031K(109248K), 0,0139341 secs] 100524K->16031K(502464K), 0,0140197 secs] [Times: user=0,05 sys=0,00, real=0,01 secs] 
Heap after GC invocations=3 (full 0):
 par new generation   total 109248K, used 16031K [0x00000000e0000000, 0x00000000e8000000, 0x00000000e8000000)
  eden space 87424K,   0% used [0x00000000e0000000, 0x00000000e0000000, 0x00000000e5560000)
  from space 21824K,  73% used [0x00000000e6ab0000, 0x00000000e7a57c40, 0x00000000e8000000)
  to   space 21824K,   0% used [0x00000000e5560000, 0x00000000e5560000, 0x00000000e6ab0000)
 concurrent mark-sweep generation total 393216K, used 0K [0x00000000e8000000, 0x0000000100000000, 0x0000000100000000)
 Metaspace       used 24856K, capacity 25221K, committed 25536K, reserved 1071104K
  class space    used 2896K, capacity 3025K, committed 3144K, reserved 1048576K
}
2017-01-11T06:41:52.673+0100: 3,038: Total time for which application threads were stopped: 0,0144421 seconds, Stopping threads took: 0,0002514 seconds
2017-01-11T06:41:52.673+0100: 3,038: [GC (CMS Initial Mark) [1 CMS-initial-mark: 0K(393216K)] 16031K(502464K), 0,0035921 secs] [Times: user=0,01 sys=0,00, real=0,01 secs] 
2017-01-11T06:41:52.677+0100: 3,042: Total time for which application threads were stopped: 0,0038089 seconds, Stopping threads took: 0,0001309 seconds
2017-01-11T06:41:52.677+0100: 3,042: [CMS-concurrent-mark-start]
2017-01-11T06:41:52.678+0100: 3,044: [CMS-concurrent-mark: 0,001/0,001 secs] [Times: user=0,01 sys=0,00, real=0,00 secs] 
2017-01-11T06:41:52.678+0100: 3,044: [CMS-concurrent-preclean-start]
2017-01-11T06:41:52.679+0100: 3,045: [CMS-concurrent-preclean: 0,001/0,001 secs] [Times: user=0,00 sys=0,00, real=0,00 secs] 
2017-01-11T06:41:52.679+0100: 3,045: [GC (CMS Final Remark) [YG occupancy: 17434 K (109248 K)]2017-01-11T06:41:52.679+0100: 3,045: [Rescan (parallel) , 0,0040797 secs]2017-01-11T06:41:52.684+0100: 3,049: [weak refs processing, 0,0026062 secs]2017-01-11T06:41:52.686+0100: 3,052: [class unloading, 0,0045548 secs]2017-01-11T06:41:52.691+0100: 3,056: [scrub symbol table, 0,0048239 secs]2017-01-11T06:41:52.696+0100: 3,061: [scrub string table, 0,0003698 secs][1 CMS-remark: 0K(393216K)] 17434K(502464K), 0,0171224 secs] [Times: user=0,05 sys=0,00, real=0,02 secs] 
2017-01-11T06:41:52.697+0100: 3,062: Total time for which application threads were stopped: 0,0172286 seconds, Stopping threads took: 0,0000218 seconds
2017-01-11T06:41:52.697+0100: 3,062: [CMS-concurrent-sweep-start]
2017-01-11T06:41:52.697+0100: 3,062: [CMS-concurrent-sweep: 0,000/0,000 secs] [Times: user=0,00 sys=0,00, real=0,00 secs] 
{Heap before GC invocations=3 (full 1):
 par new generation   total 109248K, used 17434K [0x00000000e0000000, 0x00000000e8000000, 0x00000000e8000000)
  eden space 87424K,   1% used [0x00000000e0000000, 0x00000000e015ecd0, 0x00000000e5560000)
  from space 21824K,  73% used [0x00000000e6ab0000, 0x00000000e7a57c40, 0x00000000e8000000)
  to   space 21824K,   0% used [0x00000000e5560000, 0x00000000e5560000, 0x00000000e6ab0000)
 concurrent mark-sweep generation total 393216K, used 0K [0x00000000e8000000, 0x0000000100000000, 0x0000000100000000)
 Metaspace       used 24863K, capacity 25221K, committed 25536K, reserved 1071104K
  class space    used 2897K, capacity 3025K, committed 3144K, reserved 1048576K
2017-01-11T06:41:52.699+0100: 3,064: [GC (GCLocker Initiated GC) 2017-01-11T06:41:52.699+0100: 3,064: [ParNew
Desired survivor size 20112992 bytes, new threshold 8 (max 8)
- age   1:      26784 bytes,      26784 total
- age   2:    3217360 bytes,    3244144 total
- age   3:     545208 bytes,    3789352 total
- age   4:    6083208 bytes,    9872560 total
: 17434K->16638K(109248K), 0,0102386 secs] 17434K->16638K(502464K), 0,0102971 secs] [Times: user=0,03 sys=0,00, real=0,01 secs] 
Heap after GC invocations=4 (full 1):
 par new generation   total 109248K, used 16638K [0x00000000e0000000, 0x00000000e8000000, 0x00000000e8000000)
  eden space 87424K,   0% used [0x00000000e0000000, 0x00000000e0000000, 0x00000000e5560000)
  from space 21824K,  76% used [0x00000000e5560000, 0x00000000e659f920, 0x00000000e6ab0000)
  to   space 21824K,   0% used [0x00000000e6ab0000, 0x00000000e6ab0000, 0x00000000e8000000)
 concurrent mark-sweep generation total 393216K, used 0K [0x00000000e8000000, 0x0000000100000000, 0x0000000100000000)
 Metaspace       used 24863K, capacity 25221K, committed 25536K, reserved 1071104K
  class space    used 2897K, capacity 3025K, committed 3144K, reserved 1048576K
}
2017-01-11T06:41:52.709+0100: 3,074: Total time for which application threads were stopped: 0,0104334 seconds, Stopping threads took: 0,0000204 seconds
2017-01-11T06:41:52.709+0100: 3,074: [CMS-concurrent-reset-start]
2017-01-11T06:41:52.711+0100: 3,077: [CMS-concurrent-reset: 0,003/0,003 secs] [Times: user=0,01 sys=0,00, real=0,00 secs] 
2017-01-11T06:41:52.769+0100: 3,134: Total time for which application threads were stopped: 0,0003524 seconds, Stopping threads took: 0,0000260 seconds
2017-01-11T06:41:52.786+0100: 3,151: Total time for which application threads were stopped: 0,0003859 seconds, Stopping threads took: 0,0000332 seconds
2017-01-11T06:41:53.689+0100: 4,055: Total time for which application threads were stopped: 0,0003033 seconds, Stopping threads took: 0,0000159 seconds
2017-01-11T06:41:56.690+0100: 7,055: Total time for which application threads were stopped: 0,0000672 seconds, Stopping threads took: 0,0000186 seconds
2017-01-11T06:42:21.693+0100: 32,058: Total time for which application threads were stopped: 0,0000582 seconds, Stopping threads took: 0,0000161 seconds
2017-01-11T06:44:31.711+0100: 162,076: Total time for which application threads were stopped: 0,0000859 seconds, Stopping threads took: 0,0000368 seconds
2017-01-11T06:44:36.712+0100: 167,077: Total time for which application threads were stopped: 0,0001759 seconds, Stopping threads took: 0,0000733 seconds
2017-01-11T06:44:40.713+0100: 171,078: Total time for which application threads were stopped: 0,0000807 seconds, Stopping threads took: 0,0000204 seconds
2017-01-11T06:44:50.714+0100: 181,080: Total time for which application threads were stopped: 0,0001758 seconds, Stopping threads took: 0,0000657 seconds
2017-01-11T06:45:31.719+0100: 222,085: Total time for which application threads were stopped: 0,0001185 seconds, Stopping threads took: 0,0000580 seconds
2017-01-11T06:46:20.725+0100: 271,091: Total time for which application threads were stopped: 0,0000870 seconds, Stopping threads took: 0,0000367 seconds
2017-01-11T06:46:25.726+0100: 276,091: Total time for which application threads were stopped: 0,0000760 seconds, Stopping threads took: 0,0000180 seconds
2017-01-11T06:46:31.727+0100: 282,092: Total time for which application threads were stopped: 0,0000978 seconds, Stopping threads took: 0,0000356 seconds
2017-01-11T06:46:36.727+0100: 287,093: Total time for which application threads were stopped: 0,0000692 seconds, Stopping threads took: 0,0000179 seconds
2017-01-11T07:05:30.855+0100: 1421,220: Total time for which application threads were stopped: 0,0000698 seconds, Stopping threads took: 0,0000272 seconds
2017-01-11T07:07:43.014+0100: 1553,379: Total time for which application threads were stopped: 0,0001389 seconds, Stopping threads took: 0,0000229 seconds
Heap
 par new generation   total 109248K, used 60084K [0x00000000e0000000, 0x00000000e8000000, 0x00000000e8000000)
  eden space 87424K,  49% used [0x00000000e0000000, 0x00000000e2a6d8c0, 0x00000000e5560000)
  from space 21824K,  76% used [0x00000000e5560000, 0x00000000e659f920, 0x00000000e6ab0000)
  to   space 21824K,   0% used [0x00000000e6ab0000, 0x00000000e6ab0000, 0x00000000e8000000)
 concurrent mark-sweep generation total 393216K, used 0K [0x00000000e8000000, 0x0000000100000000, 0x0000000100000000)
 Metaspace       used 27235K, capacity 27729K, committed 27976K, reserved 1073152K
  class space    used 3167K, capacity 3321K, committed 3400K, reserved 1048576K
