OpenJDK 64-Bit Server VM (25.121-b13) for linux-amd64 JRE (1.8.0_121-8u121-b13-0ubuntu1.16.04.2-b13), built on Jan 23 2017 15:51:29 by "buildd" with gcc 5.4.0 20160609
Memory: 4k page, physical 7867764k(7418964k free), swap 8076284k(8076284k free)
CommandLine flags: -XX:CMSInitiatingOccupancyFraction=50 -XX:CMSMaxAbortablePrecleanTime=6000 -XX:+CMSParallelRemarkEnabled -XX:+CMSScavengeBeforeRemark -XX:ConcGCThreads=4 -XX:InitialHeapSize=536870912 -XX:MaxHeapSize=536870912 -XX:MaxTenuringThreshold=8 -XX:NewRatio=3 -XX:OldPLABSize=16 -XX:OnOutOfMemoryError=/opt/solr/bin/oom_solr.sh 8983 /var/solr/logs -XX:ParallelGCThreads=4 -XX:+ParallelRefProcEnabled -XX:PretenureSizeThreshold=67108864 -XX:+PrintGC -XX:+PrintGCApplicationStoppedTime -XX:+PrintGCDateStamps -XX:+PrintGCDetails -XX:+PrintGCTimeStamps -XX:+PrintHeapAtGC -XX:+PrintTenuringDistribution -XX:SurvivorRatio=4 -XX:TargetSurvivorRatio=90 -XX:ThreadStackSize=256 -XX:+UseCMSInitiatingOccupancyOnly -XX:+UseCompressedClassPointers -XX:+UseCompressedOops -XX:+UseConcMarkSweepGC -XX:+UseParNewGC 
2017-04-12T23:31:13.556+0200: 0,154: Total time for which application threads were stopped: 0,0000842 seconds, Stopping threads took: 0,0000136 seconds
2017-04-12T23:31:13.640+0200: 0,238: Total time for which application threads were stopped: 0,0001322 seconds, Stopping threads took: 0,0000284 seconds
2017-04-12T23:31:13.663+0200: 0,262: Total time for which application threads were stopped: 0,0001282 seconds, Stopping threads took: 0,0000298 seconds
2017-04-12T23:31:14.022+0200: 0,621: Total time for which application threads were stopped: 0,0001643 seconds, Stopping threads took: 0,0000185 seconds
2017-04-12T23:31:14.555+0200: 1,154: Total time for which application threads were stopped: 0,0001922 seconds, Stopping threads took: 0,0000243 seconds
2017-04-12T23:31:14.654+0200: 1,252: Total time for which application threads were stopped: 0,0001468 seconds, Stopping threads took: 0,0000260 seconds
2017-04-12T23:31:14.679+0200: 1,278: Total time for which application threads were stopped: 0,0001595 seconds, Stopping threads took: 0,0000154 seconds
2017-04-12T23:31:15.301+0200: 1,900: Total time for which application threads were stopped: 0,0001593 seconds, Stopping threads took: 0,0000121 seconds
2017-04-12T23:31:15.487+0200: 2,086: Total time for which application threads were stopped: 0,0001868 seconds, Stopping threads took: 0,0000115 seconds
2017-04-12T23:31:15.508+0200: 2,106: Total time for which application threads were stopped: 0,0001711 seconds, Stopping threads took: 0,0000146 seconds
2017-04-12T23:31:15.534+0200: 2,133: Total time for which application threads were stopped: 0,0002044 seconds, Stopping threads took: 0,0000218 seconds
2017-04-12T23:31:15.535+0200: 2,134: Total time for which application threads were stopped: 0,0001626 seconds, Stopping threads took: 0,0000168 seconds
2017-04-12T23:31:15.570+0200: 2,169: Total time for which application threads were stopped: 0,0001929 seconds, Stopping threads took: 0,0000153 seconds
2017-04-12T23:31:15.638+0200: 2,237: Total time for which application threads were stopped: 0,0002570 seconds, Stopping threads took: 0,0000250 seconds
2017-04-12T23:31:15.803+0200: 2,401: Total time for which application threads were stopped: 0,0003827 seconds, Stopping threads took: 0,0001775 seconds
{Heap before GC invocations=0 (full 0):
 par new generation   total 109248K, used 87424K [0x00000000e0000000, 0x00000000e8000000, 0x00000000e8000000)
  eden space 87424K, 100% used [0x00000000e0000000, 0x00000000e5560000, 0x00000000e5560000)
  from space 21824K,   0% used [0x00000000e5560000, 0x00000000e5560000, 0x00000000e6ab0000)
  to   space 21824K,   0% used [0x00000000e6ab0000, 0x00000000e6ab0000, 0x00000000e8000000)
 concurrent mark-sweep generation total 393216K, used 0K [0x00000000e8000000, 0x0000000100000000, 0x0000000100000000)
 Metaspace       used 18032K, capacity 18336K, committed 18688K, reserved 1064960K
  class space    used 2036K, capacity 2196K, committed 2304K, reserved 1048576K
2017-04-12T23:31:15.890+0200: 2,488: [GC (Allocation Failure) 2017-04-12T23:31:15.890+0200: 2,488: [ParNew
Desired survivor size 20112992 bytes, new threshold 8 (max 8)
- age   1:   12578968 bytes,   12578968 total
: 87424K->12402K(109248K), 0,0157434 secs] 87424K->12402K(502464K), 0,0158182 secs] [Times: user=0,03 sys=0,02, real=0,02 secs] 
Heap after GC invocations=1 (full 0):
 par new generation   total 109248K, used 12402K [0x00000000e0000000, 0x00000000e8000000, 0x00000000e8000000)
  eden space 87424K,   0% used [0x00000000e0000000, 0x00000000e0000000, 0x00000000e5560000)
  from space 21824K,  56% used [0x00000000e6ab0000, 0x00000000e76ccb10, 0x00000000e8000000)
  to   space 21824K,   0% used [0x00000000e5560000, 0x00000000e5560000, 0x00000000e6ab0000)
 concurrent mark-sweep generation total 393216K, used 0K [0x00000000e8000000, 0x0000000100000000, 0x0000000100000000)
 Metaspace       used 18032K, capacity 18336K, committed 18688K, reserved 1064960K
  class space    used 2036K, capacity 2196K, committed 2304K, reserved 1048576K
}
2017-04-12T23:31:15.905+0200: 2,504: Total time for which application threads were stopped: 0,0161503 seconds, Stopping threads took: 0,0001400 seconds
2017-04-12T23:31:16.203+0200: 2,802: Total time for which application threads were stopped: 0,0004062 seconds, Stopping threads took: 0,0001174 seconds
{Heap before GC invocations=1 (full 0):
 par new generation   total 109248K, used 99826K [0x00000000e0000000, 0x00000000e8000000, 0x00000000e8000000)
  eden space 87424K, 100% used [0x00000000e0000000, 0x00000000e5560000, 0x00000000e5560000)
  from space 21824K,  56% used [0x00000000e6ab0000, 0x00000000e76ccb10, 0x00000000e8000000)
  to   space 21824K,   0% used [0x00000000e5560000, 0x00000000e5560000, 0x00000000e6ab0000)
 concurrent mark-sweep generation total 393216K, used 0K [0x00000000e8000000, 0x0000000100000000, 0x0000000100000000)
 Metaspace       used 20038K, capacity 20364K, committed 20736K, reserved 1067008K
  class space    used 2294K, capacity 2468K, committed 2560K, reserved 1048576K
2017-04-12T23:31:16.239+0200: 2,838: [GC (Allocation Failure) 2017-04-12T23:31:16.239+0200: 2,838: [ParNew
Desired survivor size 20112992 bytes, new threshold 8 (max 8)
- age   1:    3840128 bytes,    3840128 total
- age   2:    6647456 bytes,   10487584 total
: 99826K->13749K(109248K), 0,0107605 secs] 99826K->13749K(502464K), 0,0108329 secs] [Times: user=0,04 sys=0,00, real=0,02 secs] 
Heap after GC invocations=2 (full 0):
 par new generation   total 109248K, used 13749K [0x00000000e0000000, 0x00000000e8000000, 0x00000000e8000000)
  eden space 87424K,   0% used [0x00000000e0000000, 0x00000000e0000000, 0x00000000e5560000)
  from space 21824K,  63% used [0x00000000e5560000, 0x00000000e62cd620, 0x00000000e6ab0000)
  to   space 21824K,   0% used [0x00000000e6ab0000, 0x00000000e6ab0000, 0x00000000e8000000)
 concurrent mark-sweep generation total 393216K, used 0K [0x00000000e8000000, 0x0000000100000000, 0x0000000100000000)
 Metaspace       used 20038K, capacity 20364K, committed 20736K, reserved 1067008K
  class space    used 2294K, capacity 2468K, committed 2560K, reserved 1048576K
}
2017-04-12T23:31:16.250+0200: 2,849: Total time for which application threads were stopped: 0,0111008 seconds, Stopping threads took: 0,0001120 seconds
2017-04-12T23:31:16.258+0200: 2,857: Total time for which application threads were stopped: 0,0003430 seconds, Stopping threads took: 0,0000358 seconds
2017-04-12T23:31:16.304+0200: 2,903: Total time for which application threads were stopped: 0,0016534 seconds, Stopping threads took: 0,0013677 seconds
2017-04-12T23:31:16.438+0200: 3,037: Total time for which application threads were stopped: 0,0017112 seconds, Stopping threads took: 0,0015581 seconds
{Heap before GC invocations=2 (full 0):
 par new generation   total 109248K, used 101173K [0x00000000e0000000, 0x00000000e8000000, 0x00000000e8000000)
  eden space 87424K, 100% used [0x00000000e0000000, 0x00000000e5560000, 0x00000000e5560000)
  from space 21824K,  63% used [0x00000000e5560000, 0x00000000e62cd620, 0x00000000e6ab0000)
  to   space 21824K,   0% used [0x00000000e6ab0000, 0x00000000e6ab0000, 0x00000000e8000000)
 concurrent mark-sweep generation total 393216K, used 0K [0x00000000e8000000, 0x0000000100000000, 0x0000000100000000)
 Metaspace       used 20995K, capacity 21298K, committed 21628K, reserved 1069056K
  class space    used 2419K, capacity 2589K, committed 2684K, reserved 1048576K
2017-04-12T23:31:16.469+0200: 3,068: [GC (Allocation Failure) 2017-04-12T23:31:16.469+0200: 3,068: [ParNew
Desired survivor size 20112992 bytes, new threshold 8 (max 8)
- age   1:    2145048 bytes,    2145048 total
- age   2:     855744 bytes,    3000792 total
- age   3:    6643872 bytes,    9644664 total
: 101173K->13060K(109248K), 0,0183598 secs] 101173K->13060K(502464K), 0,0184505 secs] [Times: user=0,08 sys=0,00, real=0,02 secs] 
Heap after GC invocations=3 (full 0):
 par new generation   total 109248K, used 13060K [0x00000000e0000000, 0x00000000e8000000, 0x00000000e8000000)
  eden space 87424K,   0% used [0x00000000e0000000, 0x00000000e0000000, 0x00000000e5560000)
  from space 21824K,  59% used [0x00000000e6ab0000, 0x00000000e7771350, 0x00000000e8000000)
  to   space 21824K,   0% used [0x00000000e5560000, 0x00000000e5560000, 0x00000000e6ab0000)
 concurrent mark-sweep generation total 393216K, used 0K [0x00000000e8000000, 0x0000000100000000, 0x0000000100000000)
 Metaspace       used 20995K, capacity 21298K, committed 21628K, reserved 1069056K
  class space    used 2419K, capacity 2589K, committed 2684K, reserved 1048576K
}
2017-04-12T23:31:16.488+0200: 3,087: Total time for which application threads were stopped: 0,0186797 seconds, Stopping threads took: 0,0000542 seconds
2017-04-12T23:31:16.490+0200: 3,089: [GC (CMS Initial Mark) [1 CMS-initial-mark: 0K(393216K)] 15888K(502464K), 0,0055667 secs] [Times: user=0,02 sys=0,00, real=0,00 secs] 
2017-04-12T23:31:16.496+0200: 3,095: Total time for which application threads were stopped: 0,0057389 seconds, Stopping threads took: 0,0000490 seconds
2017-04-12T23:31:16.496+0200: 3,095: [CMS-concurrent-mark-start]
2017-04-12T23:31:16.514+0200: 3,113: [CMS-concurrent-mark: 0,018/0,018 secs] [Times: user=0,06 sys=0,01, real=0,02 secs] 
2017-04-12T23:31:16.514+0200: 3,113: [CMS-concurrent-preclean-start]
2017-04-12T23:31:16.515+0200: 3,114: [CMS-concurrent-preclean: 0,001/0,001 secs] [Times: user=0,01 sys=0,00, real=0,00 secs] 
2017-04-12T23:31:16.515+0200: 3,114: [CMS-concurrent-abortable-preclean-start]
2017-04-12T23:31:16.559+0200: 3,158: Total time for which application threads were stopped: 0,0002287 seconds, Stopping threads took: 0,0001269 seconds
{Heap before GC invocations=3 (full 1):
 par new generation   total 109248K, used 100484K [0x00000000e0000000, 0x00000000e8000000, 0x00000000e8000000)
  eden space 87424K, 100% used [0x00000000e0000000, 0x00000000e5560000, 0x00000000e5560000)
  from space 21824K,  59% used [0x00000000e6ab0000, 0x00000000e7771350, 0x00000000e8000000)
  to   space 21824K,   0% used [0x00000000e5560000, 0x00000000e5560000, 0x00000000e6ab0000)
 concurrent mark-sweep generation total 393216K, used 0K [0x00000000e8000000, 0x0000000100000000, 0x0000000100000000)
 Metaspace       used 21274K, capacity 21632K, committed 21884K, reserved 1069056K
  class space    used 2450K, capacity 2603K, committed 2684K, reserved 1048576K
2017-04-12T23:31:16.601+0200: 3,200: [GC (Allocation Failure) 2017-04-12T23:31:16.601+0200: 3,200: [ParNew
Desired survivor size 20112992 bytes, new threshold 8 (max 8)
- age   1:    1340192 bytes,    1340192 total
- age   2:    1475200 bytes,    2815392 total
- age   3:     820344 bytes,    3635736 total
- age   4:    6643824 bytes,   10279560 total
: 100484K->13703K(109248K), 0,0101804 secs] 100484K->13703K(502464K), 0,0102475 secs] [Times: user=0,04 sys=0,00, real=0,02 secs] 
Heap after GC invocations=4 (full 1):
 par new generation   total 109248K, used 13703K [0x00000000e0000000, 0x00000000e8000000, 0x00000000e8000000)
  eden space 87424K,   0% used [0x00000000e0000000, 0x00000000e0000000, 0x00000000e5560000)
  from space 21824K,  62% used [0x00000000e5560000, 0x00000000e62c1e60, 0x00000000e6ab0000)
  to   space 21824K,   0% used [0x00000000e6ab0000, 0x00000000e6ab0000, 0x00000000e8000000)
 concurrent mark-sweep generation total 393216K, used 0K [0x00000000e8000000, 0x0000000100000000, 0x0000000100000000)
 Metaspace       used 21274K, capacity 21632K, committed 21884K, reserved 1069056K
  class space    used 2450K, capacity 2603K, committed 2684K, reserved 1048576K
}
2017-04-12T23:31:16.611+0200: 3,210: Total time for which application threads were stopped: 0,0104525 seconds, Stopping threads took: 0,0000744 seconds
{Heap before GC invocations=4 (full 1):
 par new generation   total 109248K, used 101127K [0x00000000e0000000, 0x00000000e8000000, 0x00000000e8000000)
  eden space 87424K, 100% used [0x00000000e0000000, 0x00000000e5560000, 0x00000000e5560000)
  from space 21824K,  62% used [0x00000000e5560000, 0x00000000e62c1e60, 0x00000000e6ab0000)
  to   space 21824K,   0% used [0x00000000e6ab0000, 0x00000000e6ab0000, 0x00000000e8000000)
 concurrent mark-sweep generation total 393216K, used 0K [0x00000000e8000000, 0x0000000100000000, 0x0000000100000000)
 Metaspace       used 21414K, capacity 21792K, committed 21884K, reserved 1069056K
  class space    used 2466K, capacity 2635K, committed 2684K, reserved 1048576K
2017-04-12T23:31:16.706+0200: 3,305: [GC (Allocation Failure) 2017-04-12T23:31:16.706+0200: 3,305: [ParNew
Desired survivor size 20112992 bytes, new threshold 8 (max 8)
- age   1:    1092080 bytes,    1092080 total
- age   2:     183256 bytes,    1275336 total
- age   3:    1475096 bytes,    2750432 total
- age   4:     820264 bytes,    3570696 total
- age   5:    6643752 bytes,   10214448 total
: 101127K->13778K(109248K), 0,0097203 secs] 101127K->13778K(502464K), 0,0097983 secs] [Times: user=0,03 sys=0,00, real=0,01 secs] 
Heap after GC invocations=5 (full 1):
 par new generation   total 109248K, used 13778K [0x00000000e0000000, 0x00000000e8000000, 0x00000000e8000000)
  eden space 87424K,   0% used [0x00000000e0000000, 0x00000000e0000000, 0x00000000e5560000)
  from space 21824K,  63% used [0x00000000e6ab0000, 0x00000000e7824868, 0x00000000e8000000)
  to   space 21824K,   0% used [0x00000000e5560000, 0x00000000e5560000, 0x00000000e6ab0000)
 concurrent mark-sweep generation total 393216K, used 0K [0x00000000e8000000, 0x0000000100000000, 0x0000000100000000)
 Metaspace       used 21414K, capacity 21792K, committed 21884K, reserved 1069056K
  class space    used 2466K, capacity 2635K, committed 2684K, reserved 1048576K
}
2017-04-12T23:31:16.716+0200: 3,315: Total time for which application threads were stopped: 0,0133152 seconds, Stopping threads took: 0,0033499 seconds
2017-04-12T23:31:16.716+0200: 3,315: [CMS-concurrent-abortable-preclean: 0,144/0,201 secs] [Times: user=0,74 sys=0,00, real=0,20 secs] 
2017-04-12T23:31:16.718+0200: 3,317: [GC (CMS Final Remark) [YG occupancy: 16949 K (109248 K)]{Heap before GC invocations=5 (full 1):
 par new generation   total 109248K, used 16949K [0x00000000e0000000, 0x00000000e8000000, 0x00000000e8000000)
  eden space 87424K,   3% used [0x00000000e0000000, 0x00000000e0318d40, 0x00000000e5560000)
  from space 21824K,  63% used [0x00000000e6ab0000, 0x00000000e7824868, 0x00000000e8000000)
  to   space 21824K,   0% used [0x00000000e5560000, 0x00000000e5560000, 0x00000000e6ab0000)
 concurrent mark-sweep generation total 393216K, used 0K [0x00000000e8000000, 0x0000000100000000, 0x0000000100000000)
 Metaspace       used 21417K, capacity 21798K, committed 21884K, reserved 1069056K
  class space    used 2467K, capacity 2636K, committed 2684K, reserved 1048576K
2017-04-12T23:31:16.718+0200: 3,317: [GC (CMS Final Remark) 2017-04-12T23:31:16.718+0200: 3,317: [ParNew
Desired survivor size 20112992 bytes, new threshold 8 (max 8)
- age   1:     269728 bytes,     269728 total
- age   2:     741640 bytes,    1011368 total
- age   3:     183256 bytes,    1194624 total
- age   4:    1474952 bytes,    2669576 total
- age   5:     820264 bytes,    3489840 total
- age   6:    6643992 bytes,   10133832 total
: 16949K->12482K(109248K), 0,0094804 secs] 16949K->12482K(502464K), 0,0095229 secs] [Times: user=0,03 sys=0,00, real=0,01 secs] 
Heap after GC invocations=6 (full 1):
 par new generation   total 109248K, used 12482K [0x00000000e0000000, 0x00000000e8000000, 0x00000000e8000000)
  eden space 87424K,   0% used [0x00000000e0000000, 0x00000000e0000000, 0x00000000e5560000)
  from space 21824K,  57% used [0x00000000e5560000, 0x00000000e6190b90, 0x00000000e6ab0000)
  to   space 21824K,   0% used [0x00000000e6ab0000, 0x00000000e6ab0000, 0x00000000e8000000)
 concurrent mark-sweep generation total 393216K, used 0K [0x00000000e8000000, 0x0000000100000000, 0x0000000100000000)
 Metaspace       used 21417K, capacity 21798K, committed 21884K, reserved 1069056K
  class space    used 2467K, capacity 2636K, committed 2684K, reserved 1048576K
}
2017-04-12T23:31:16.728+0200: 3,327: [Rescan (parallel) , 0,0032597 secs]2017-04-12T23:31:16.731+0200: 3,330: [weak refs processing, 0,0005106 secs]2017-04-12T23:31:16.732+0200: 3,330: [class unloading, 0,0028814 secs]2017-04-12T23:31:16.735+0200: 3,333: [scrub symbol table, 0,0025888 secs]2017-04-12T23:31:16.737+0200: 3,336: [scrub string table, 0,0003983 secs][1 CMS-remark: 0K(393216K)] 12482K(502464K), 0,0199029 secs] [Times: user=0,05 sys=0,00, real=0,02 secs] 
2017-04-12T23:31:16.738+0200: 3,337: Total time for which application threads were stopped: 0,0200551 seconds, Stopping threads took: 0,0000670 seconds
2017-04-12T23:31:16.738+0200: 3,337: [CMS-concurrent-sweep-start]
2017-04-12T23:31:16.738+0200: 3,337: [CMS-concurrent-sweep: 0,000/0,000 secs] [Times: user=0,00 sys=0,00, real=0,00 secs] 
2017-04-12T23:31:16.738+0200: 3,337: [CMS-concurrent-reset-start]
2017-04-12T23:31:16.740+0200: 3,339: [CMS-concurrent-reset: 0,002/0,002 secs] [Times: user=0,01 sys=0,00, real=0,00 secs] 
2017-04-12T23:31:16.774+0200: 3,373: Total time for which application threads were stopped: 0,0003190 seconds, Stopping threads took: 0,0000266 seconds
2017-04-12T23:31:16.971+0200: 3,570: Total time for which application threads were stopped: 0,0004271 seconds, Stopping threads took: 0,0000398 seconds
2017-04-12T23:31:16.987+0200: 3,585: Total time for which application threads were stopped: 0,0004297 seconds, Stopping threads took: 0,0000326 seconds
{Heap before GC invocations=6 (full 1):
 par new generation   total 109248K, used 99906K [0x00000000e0000000, 0x00000000e8000000, 0x00000000e8000000)
  eden space 87424K, 100% used [0x00000000e0000000, 0x00000000e5560000, 0x00000000e5560000)
  from space 21824K,  57% used [0x00000000e5560000, 0x00000000e6190b90, 0x00000000e6ab0000)
  to   space 21824K,   0% used [0x00000000e6ab0000, 0x00000000e6ab0000, 0x00000000e8000000)
 concurrent mark-sweep generation total 393216K, used 0K [0x00000000e8000000, 0x0000000100000000, 0x0000000100000000)
 Metaspace       used 23907K, capacity 24352K, committed 24572K, reserved 1071104K
  class space    used 2817K, capacity 3015K, committed 3068K, reserved 1048576K
2017-04-12T23:31:17.138+0200: 3,737: [GC (Allocation Failure) 2017-04-12T23:31:17.138+0200: 3,737: [ParNew
Desired survivor size 20112992 bytes, new threshold 8 (max 8)
- age   1:    5508128 bytes,    5508128 total
- age   2:       4448 bytes,    5512576 total
- age   3:     108936 bytes,    5621512 total
- age   4:     181704 bytes,    5803216 total
- age   5:     297528 bytes,    6100744 total
- age   6:     795944 bytes,    6896688 total
- age   7:    6635568 bytes,   13532256 total
: 99906K->17340K(109248K), 0,0123460 secs] 99906K->17340K(502464K), 0,0124090 secs] [Times: user=0,04 sys=0,00, real=0,02 secs] 
Heap after GC invocations=7 (full 1):
 par new generation   total 109248K, used 17340K [0x00000000e0000000, 0x00000000e8000000, 0x00000000e8000000)
  eden space 87424K,   0% used [0x00000000e0000000, 0x00000000e0000000, 0x00000000e5560000)
  from space 21824K,  79% used [0x00000000e6ab0000, 0x00000000e7b9f300, 0x00000000e8000000)
  to   space 21824K,   0% used [0x00000000e5560000, 0x00000000e5560000, 0x00000000e6ab0000)
 concurrent mark-sweep generation total 393216K, used 0K [0x00000000e8000000, 0x0000000100000000, 0x0000000100000000)
 Metaspace       used 23907K, capacity 24352K, committed 24572K, reserved 1071104K
  class space    used 2817K, capacity 3015K, committed 3068K, reserved 1048576K
}
2017-04-12T23:31:17.151+0200: 3,749: Total time for which application threads were stopped: 0,0147291 seconds, Stopping threads took: 0,0021084 seconds
{Heap before GC invocations=7 (full 1):
 par new generation   total 109248K, used 104764K [0x00000000e0000000, 0x00000000e8000000, 0x00000000e8000000)
  eden space 87424K, 100% used [0x00000000e0000000, 0x00000000e5560000, 0x00000000e5560000)
  from space 21824K,  79% used [0x00000000e6ab0000, 0x00000000e7b9f300, 0x00000000e8000000)
  to   space 21824K,   0% used [0x00000000e5560000, 0x00000000e5560000, 0x00000000e6ab0000)
 concurrent mark-sweep generation total 393216K, used 0K [0x00000000e8000000, 0x0000000100000000, 0x0000000100000000)
 Metaspace       used 24411K, capacity 24912K, committed 25084K, reserved 1071104K
  class space    used 2862K, capacity 3050K, committed 3068K, reserved 1048576K
2017-04-12T23:31:17.251+0200: 3,850: [GC (Allocation Failure) 2017-04-12T23:31:17.251+0200: 3,850: [ParNew
Desired survivor size 20112992 bytes, new threshold 8 (max 8)
- age   1:    1708616 bytes,    1708616 total
- age   2:    1836984 bytes,    3545600 total
- age   3:       1032 bytes,    3546632 total
- age   4:      39656 bytes,    3586288 total
- age   5:     117664 bytes,    3703952 total
- age   6:     207136 bytes,    3911088 total
- age   7:     745608 bytes,    4656696 total
- age   8:    6102576 bytes,   10759272 total
: 104764K->14246K(109248K), 0,0219377 secs] 104764K->14246K(502464K), 0,0220265 secs] [Times: user=0,06 sys=0,00, real=0,02 secs] 
Heap after GC invocations=8 (full 1):
 par new generation   total 109248K, used 14246K [0x00000000e0000000, 0x00000000e8000000, 0x00000000e8000000)
  eden space 87424K,   0% used [0x00000000e0000000, 0x00000000e0000000, 0x00000000e5560000)
  from space 21824K,  65% used [0x00000000e5560000, 0x00000000e6349a00, 0x00000000e6ab0000)
  to   space 21824K,   0% used [0x00000000e6ab0000, 0x00000000e6ab0000, 0x00000000e8000000)
 concurrent mark-sweep generation total 393216K, used 0K [0x00000000e8000000, 0x0000000100000000, 0x0000000100000000)
 Metaspace       used 24411K, capacity 24912K, committed 25084K, reserved 1071104K
  class space    used 2862K, capacity 3050K, committed 3068K, reserved 1048576K
}
2017-04-12T23:31:17.273+0200: 3,872: Total time for which application threads were stopped: 0,0222873 seconds, Stopping threads took: 0,0000474 seconds
{Heap before GC invocations=8 (full 1):
 par new generation   total 109248K, used 101670K [0x00000000e0000000, 0x00000000e8000000, 0x00000000e8000000)
  eden space 87424K, 100% used [0x00000000e0000000, 0x00000000e5560000, 0x00000000e5560000)
  from space 21824K,  65% used [0x00000000e5560000, 0x00000000e6349a00, 0x00000000e6ab0000)
  to   space 21824K,   0% used [0x00000000e6ab0000, 0x00000000e6ab0000, 0x00000000e8000000)
 concurrent mark-sweep generation total 393216K, used 0K [0x00000000e8000000, 0x0000000100000000, 0x0000000100000000)
 Metaspace       used 24939K, capacity 25344K, committed 25468K, reserved 1071104K
  class space    used 2906K, capacity 3085K, committed 3196K, reserved 1048576K
2017-04-12T23:31:17.419+0200: 4,018: [GC (Allocation Failure) 2017-04-12T23:31:17.419+0200: 4,018: [ParNew
Desired survivor size 20112992 bytes, new threshold 8 (max 8)
- age   1:    1226632 bytes,    1226632 total
- age   2:     631688 bytes,    1858320 total
- age   3:    1812008 bytes,    3670328 total
- age   4:       1032 bytes,    3671360 total
- age   5:      39656 bytes,    3711016 total
- age   6:     114920 bytes,    3825936 total
- age   7:     203872 bytes,    4029808 total
- age   8:     744040 bytes,    4773848 total
: 101670K->7151K(109248K), 0,0332312 secs] 101670K->13193K(502464K), 0,0332992 secs] [Times: user=0,09 sys=0,00, real=0,04 secs] 
Heap after GC invocations=9 (full 1):
 par new generation   total 109248K, used 7151K [0x00000000e0000000, 0x00000000e8000000, 0x00000000e8000000)
  eden space 87424K,   0% used [0x00000000e0000000, 0x00000000e0000000, 0x00000000e5560000)
  from space 21824K,  32% used [0x00000000e6ab0000, 0x00000000e71abcb0, 0x00000000e8000000)
  to   space 21824K,   0% used [0x00000000e5560000, 0x00000000e5560000, 0x00000000e6ab0000)
 concurrent mark-sweep generation total 393216K, used 6042K [0x00000000e8000000, 0x0000000100000000, 0x0000000100000000)
 Metaspace       used 24939K, capacity 25344K, committed 25468K, reserved 1071104K
  class space    used 2906K, capacity 3085K, committed 3196K, reserved 1048576K
}
2017-04-12T23:31:17.453+0200: 4,052: Total time for which application threads were stopped: 0,0337947 seconds, Stopping threads took: 0,0000801 seconds
2017-04-12T23:31:17.462+0200: 4,061: Total time for which application threads were stopped: 0,0001699 seconds, Stopping threads took: 0,0000849 seconds
2017-04-12T23:31:17.465+0200: 4,064: Total time for which application threads were stopped: 0,0032233 seconds, Stopping threads took: 0,0031842 seconds
2017-04-12T23:31:17.486+0200: 4,085: Total time for which application threads were stopped: 0,0039370 seconds, Stopping threads took: 0,0038427 seconds
2017-04-12T23:31:17.486+0200: 4,085: Total time for which application threads were stopped: 0,0001433 seconds, Stopping threads took: 0,0000744 seconds
2017-04-12T23:31:17.486+0200: 4,085: Total time for which application threads were stopped: 0,0000668 seconds, Stopping threads took: 0,0000152 seconds
2017-04-12T23:31:17.487+0200: 4,086: Total time for which application threads were stopped: 0,0000997 seconds, Stopping threads took: 0,0000389 seconds
2017-04-12T23:31:17.487+0200: 4,086: Total time for which application threads were stopped: 0,0000800 seconds, Stopping threads took: 0,0000290 seconds
2017-04-12T23:31:17.487+0200: 4,086: Total time for which application threads were stopped: 0,0000758 seconds, Stopping threads took: 0,0000260 seconds
2017-04-12T23:31:17.487+0200: 4,086: Total time for which application threads were stopped: 0,0000644 seconds, Stopping threads took: 0,0000233 seconds
2017-04-12T23:31:17.487+0200: 4,086: Total time for which application threads were stopped: 0,0000602 seconds, Stopping threads took: 0,0000190 seconds
2017-04-12T23:31:17.488+0200: 4,086: Total time for which application threads were stopped: 0,0000769 seconds, Stopping threads took: 0,0000311 seconds
2017-04-12T23:31:17.488+0200: 4,086: Total time for which application threads were stopped: 0,0000603 seconds, Stopping threads took: 0,0000185 seconds
2017-04-12T23:31:17.488+0200: 4,087: Total time for which application threads were stopped: 0,0000563 seconds, Stopping threads took: 0,0000138 seconds
2017-04-12T23:31:17.488+0200: 4,087: Total time for which application threads were stopped: 0,0000524 seconds, Stopping threads took: 0,0000087 seconds
2017-04-12T23:31:17.488+0200: 4,087: Total time for which application threads were stopped: 0,0000667 seconds, Stopping threads took: 0,0000227 seconds
2017-04-12T23:31:17.488+0200: 4,087: Total time for which application threads were stopped: 0,0000613 seconds, Stopping threads took: 0,0000187 seconds
2017-04-12T23:31:17.488+0200: 4,087: Total time for which application threads were stopped: 0,0000547 seconds, Stopping threads took: 0,0000202 seconds
2017-04-12T23:31:17.488+0200: 4,087: Total time for which application threads were stopped: 0,0000579 seconds, Stopping threads took: 0,0000106 seconds
2017-04-12T23:31:17.488+0200: 4,087: Total time for which application threads were stopped: 0,0000571 seconds, Stopping threads took: 0,0000161 seconds
2017-04-12T23:31:17.489+0200: 4,087: Total time for which application threads were stopped: 0,0001239 seconds, Stopping threads took: 0,0000180 seconds
2017-04-12T23:31:17.491+0200: 4,089: Total time for which application threads were stopped: 0,0001213 seconds, Stopping threads took: 0,0000351 seconds
2017-04-12T23:31:17.491+0200: 4,090: Total time for which application threads were stopped: 0,0001097 seconds, Stopping threads took: 0,0000439 seconds
2017-04-12T23:31:17.491+0200: 4,090: Total time for which application threads were stopped: 0,0000770 seconds, Stopping threads took: 0,0000201 seconds
2017-04-12T23:31:17.491+0200: 4,090: Total time for which application threads were stopped: 0,0000761 seconds, Stopping threads took: 0,0000283 seconds
2017-04-12T23:31:17.491+0200: 4,090: Total time for which application threads were stopped: 0,0000840 seconds, Stopping threads took: 0,0000323 seconds
2017-04-12T23:31:17.495+0200: 4,094: Total time for which application threads were stopped: 0,0002315 seconds, Stopping threads took: 0,0001455 seconds
2017-04-12T23:31:17.495+0200: 4,094: Total time for which application threads were stopped: 0,0000823 seconds, Stopping threads took: 0,0000154 seconds
2017-04-12T23:31:17.496+0200: 4,095: Total time for which application threads were stopped: 0,0006229 seconds, Stopping threads took: 0,0005726 seconds
2017-04-12T23:31:17.496+0200: 4,095: Total time for which application threads were stopped: 0,0000605 seconds, Stopping threads took: 0,0000221 seconds
2017-04-12T23:31:17.496+0200: 4,095: Total time for which application threads were stopped: 0,0000622 seconds, Stopping threads took: 0,0000094 seconds
2017-04-12T23:31:17.497+0200: 4,095: Total time for which application threads were stopped: 0,0000614 seconds, Stopping threads took: 0,0000161 seconds
2017-04-12T23:31:17.497+0200: 4,096: Total time for which application threads were stopped: 0,0000890 seconds, Stopping threads took: 0,0000433 seconds
2017-04-12T23:31:17.497+0200: 4,096: Total time for which application threads were stopped: 0,0000532 seconds, Stopping threads took: 0,0000135 seconds
2017-04-12T23:31:17.497+0200: 4,096: Total time for which application threads were stopped: 0,0000667 seconds, Stopping threads took: 0,0000300 seconds
2017-04-12T23:31:17.497+0200: 4,096: Total time for which application threads were stopped: 0,0000465 seconds, Stopping threads took: 0,0000129 seconds
2017-04-12T23:31:17.497+0200: 4,096: Total time for which application threads were stopped: 0,0000923 seconds, Stopping threads took: 0,0000418 seconds
2017-04-12T23:31:17.498+0200: 4,096: Total time for which application threads were stopped: 0,0000581 seconds, Stopping threads took: 0,0000101 seconds
2017-04-12T23:31:17.498+0200: 4,096: Total time for which application threads were stopped: 0,0000654 seconds, Stopping threads took: 0,0000286 seconds
2017-04-12T23:31:17.498+0200: 4,097: Total time for which application threads were stopped: 0,0000819 seconds, Stopping threads took: 0,0000298 seconds
2017-04-12T23:31:17.498+0200: 4,097: Total time for which application threads were stopped: 0,0000991 seconds, Stopping threads took: 0,0000121 seconds
2017-04-12T23:31:17.498+0200: 4,097: Total time for which application threads were stopped: 0,0001421 seconds, Stopping threads took: 0,0000248 seconds
2017-04-12T23:31:17.510+0200: 4,109: Total time for which application threads were stopped: 0,0001594 seconds, Stopping threads took: 0,0000581 seconds
2017-04-12T23:31:17.517+0200: 4,116: Total time for which application threads were stopped: 0,0019421 seconds, Stopping threads took: 0,0018055 seconds
2017-04-12T23:31:17.528+0200: 4,127: Total time for which application threads were stopped: 0,0002020 seconds, Stopping threads took: 0,0000691 seconds
2017-04-12T23:31:17.531+0200: 4,130: Total time for which application threads were stopped: 0,0001468 seconds, Stopping threads took: 0,0000554 seconds
2017-04-12T23:31:17.549+0200: 4,148: Total time for which application threads were stopped: 0,0001712 seconds, Stopping threads took: 0,0000460 seconds
2017-04-12T23:31:17.550+0200: 4,149: Total time for which application threads were stopped: 0,0009130 seconds, Stopping threads took: 0,0008293 seconds
2017-04-12T23:31:17.550+0200: 4,149: Total time for which application threads were stopped: 0,0001043 seconds, Stopping threads took: 0,0000284 seconds
2017-04-12T23:31:17.562+0200: 4,161: Total time for which application threads were stopped: 0,0014319 seconds, Stopping threads took: 0,0012950 seconds
2017-04-12T23:31:17.565+0200: 4,164: Total time for which application threads were stopped: 0,0001436 seconds, Stopping threads took: 0,0000487 seconds
2017-04-12T23:31:17.570+0200: 4,168: Total time for which application threads were stopped: 0,0033709 seconds, Stopping threads took: 0,0032810 seconds
2017-04-12T23:31:17.570+0200: 4,169: Total time for which application threads were stopped: 0,0000915 seconds, Stopping threads took: 0,0000433 seconds
2017-04-12T23:31:17.570+0200: 4,169: Total time for which application threads were stopped: 0,0000588 seconds, Stopping threads took: 0,0000122 seconds
2017-04-12T23:31:17.575+0200: 4,174: Total time for which application threads were stopped: 0,0003523 seconds, Stopping threads took: 0,0002708 seconds
2017-04-12T23:31:17.587+0200: 4,186: Total time for which application threads were stopped: 0,0001926 seconds, Stopping threads took: 0,0000494 seconds
2017-04-12T23:31:17.594+0200: 4,193: Total time for which application threads were stopped: 0,0001917 seconds, Stopping threads took: 0,0000376 seconds
2017-04-12T23:31:17.597+0200: 4,195: Total time for which application threads were stopped: 0,0002566 seconds, Stopping threads took: 0,0000322 seconds
2017-04-12T23:31:17.617+0200: 4,216: Total time for which application threads were stopped: 0,0002180 seconds, Stopping threads took: 0,0001326 seconds
2017-04-12T23:31:17.624+0200: 4,223: Total time for which application threads were stopped: 0,0004037 seconds, Stopping threads took: 0,0003140 seconds
2017-04-12T23:31:17.624+0200: 4,223: Total time for which application threads were stopped: 0,0000659 seconds, Stopping threads took: 0,0000337 seconds
2017-04-12T23:31:17.624+0200: 4,223: Total time for which application threads were stopped: 0,0000683 seconds, Stopping threads took: 0,0000301 seconds
2017-04-12T23:31:17.626+0200: 4,225: Total time for which application threads were stopped: 0,0001240 seconds, Stopping threads took: 0,0000505 seconds
2017-04-12T23:31:17.642+0200: 4,241: Total time for which application threads were stopped: 0,0003728 seconds, Stopping threads took: 0,0002842 seconds
2017-04-12T23:31:17.644+0200: 4,243: Total time for which application threads were stopped: 0,0001295 seconds, Stopping threads took: 0,0000561 seconds
2017-04-12T23:31:17.648+0200: 4,247: Total time for which application threads were stopped: 0,0001453 seconds, Stopping threads took: 0,0000486 seconds
2017-04-12T23:31:17.661+0200: 4,260: Total time for which application threads were stopped: 0,0025781 seconds, Stopping threads took: 0,0024834 seconds
2017-04-12T23:31:17.674+0200: 4,272: Total time for which application threads were stopped: 0,0001511 seconds, Stopping threads took: 0,0000588 seconds
2017-04-12T23:31:17.678+0200: 4,277: Total time for which application threads were stopped: 0,0042558 seconds, Stopping threads took: 0,0041706 seconds
2017-04-12T23:31:17.690+0200: 4,289: Total time for which application threads were stopped: 0,0001257 seconds, Stopping threads took: 0,0000473 seconds
2017-04-12T23:31:17.698+0200: 4,297: Total time for which application threads were stopped: 0,0001390 seconds, Stopping threads took: 0,0000634 seconds
2017-04-12T23:31:17.706+0200: 4,305: Total time for which application threads were stopped: 0,0001130 seconds, Stopping threads took: 0,0000511 seconds
2017-04-12T23:31:17.757+0200: 4,355: Total time for which application threads were stopped: 0,0003863 seconds, Stopping threads took: 0,0000358 seconds
2017-04-12T23:31:17.772+0200: 4,371: Total time for which application threads were stopped: 0,0003509 seconds, Stopping threads took: 0,0000152 seconds
2017-04-12T23:31:17.814+0200: 4,413: Total time for which application threads were stopped: 0,0004864 seconds, Stopping threads took: 0,0000370 seconds
2017-04-12T23:31:17.818+0200: 4,417: Total time for which application threads were stopped: 0,0001321 seconds, Stopping threads took: 0,0000544 seconds
2017-04-12T23:31:17.819+0200: 4,418: Total time for which application threads were stopped: 0,0002269 seconds, Stopping threads took: 0,0001424 seconds
2017-04-12T23:31:17.829+0200: 4,427: Total time for which application threads were stopped: 0,0001010 seconds, Stopping threads took: 0,0000438 seconds
2017-04-12T23:31:17.836+0200: 4,434: Total time for which application threads were stopped: 0,0002101 seconds, Stopping threads took: 0,0001180 seconds
2017-04-12T23:31:17.837+0200: 4,436: Total time for which application threads were stopped: 0,0002508 seconds, Stopping threads took: 0,0001502 seconds
2017-04-12T23:31:17.838+0200: 4,437: Total time for which application threads were stopped: 0,0001627 seconds, Stopping threads took: 0,0000476 seconds
2017-04-12T23:31:17.842+0200: 4,441: Total time for which application threads were stopped: 0,0017507 seconds, Stopping threads took: 0,0016798 seconds
2017-04-12T23:31:17.846+0200: 4,445: Total time for which application threads were stopped: 0,0034828 seconds, Stopping threads took: 0,0033897 seconds
2017-04-12T23:31:17.855+0200: 4,453: Total time for which application threads were stopped: 0,0001638 seconds, Stopping threads took: 0,0000713 seconds
2017-04-12T23:31:17.855+0200: 4,454: Total time for which application threads were stopped: 0,0001284 seconds, Stopping threads took: 0,0000426 seconds
2017-04-12T23:31:17.859+0200: 4,458: Total time for which application threads were stopped: 0,0001523 seconds, Stopping threads took: 0,0000298 seconds
2017-04-12T23:31:17.866+0200: 4,465: Total time for which application threads were stopped: 0,0034649 seconds, Stopping threads took: 0,0033862 seconds
2017-04-12T23:31:17.871+0200: 4,470: Total time for which application threads were stopped: 0,0001412 seconds, Stopping threads took: 0,0000429 seconds
2017-04-12T23:31:17.879+0200: 4,478: Total time for which application threads were stopped: 0,0002195 seconds, Stopping threads took: 0,0001132 seconds
2017-04-12T23:31:17.894+0200: 4,493: Total time for which application threads were stopped: 0,0025293 seconds, Stopping threads took: 0,0023856 seconds
2017-04-12T23:31:17.906+0200: 4,505: Total time for which application threads were stopped: 0,0041947 seconds, Stopping threads took: 0,0039041 seconds
2017-04-12T23:31:17.919+0200: 4,518: Total time for which application threads were stopped: 0,0001837 seconds, Stopping threads took: 0,0001012 seconds
2017-04-12T23:31:17.951+0200: 4,549: Total time for which application threads were stopped: 0,0125940 seconds, Stopping threads took: 0,0124561 seconds
2017-04-12T23:31:17.952+0200: 4,550: Total time for which application threads were stopped: 0,0004950 seconds, Stopping threads took: 0,0000309 seconds
2017-04-12T23:31:18.952+0200: 5,551: Total time for which application threads were stopped: 0,0000899 seconds, Stopping threads took: 0,0000198 seconds
{Heap before GC invocations=9 (full 1):
 par new generation   total 109248K, used 94575K [0x00000000e0000000, 0x00000000e8000000, 0x00000000e8000000)
  eden space 87424K, 100% used [0x00000000e0000000, 0x00000000e5560000, 0x00000000e5560000)
  from space 21824K,  32% used [0x00000000e6ab0000, 0x00000000e71abcb0, 0x00000000e8000000)
  to   space 21824K,   0% used [0x00000000e5560000, 0x00000000e5560000, 0x00000000e6ab0000)
 concurrent mark-sweep generation total 393216K, used 6042K [0x00000000e8000000, 0x0000000100000000, 0x0000000100000000)
 Metaspace       used 28053K, capacity 28590K, committed 28796K, reserved 1075200K
  class space    used 3217K, capacity 3394K, committed 3452K, reserved 1048576K
2017-04-12T23:31:20.671+0200: 7,270: [GC (Allocation Failure) 2017-04-12T23:31:20.671+0200: 7,270: [ParNew
Desired survivor size 20112992 bytes, new threshold 8 (max 8)
- age   1:   10625512 bytes,   10625512 total
- age   2:     684304 bytes,   11309816 total
- age   3:     234112 bytes,   11543928 total
- age   4:    1808528 bytes,   13352456 total
- age   5:       1032 bytes,   13353488 total
- age   6:      39656 bytes,   13393144 total
- age   7:     114792 bytes,   13507936 total
- age   8:     203776 bytes,   13711712 total
: 94575K->14761K(109248K), 0,0267111 secs] 100617K->21607K(502464K), 0,0267916 secs] [Times: user=0,06 sys=0,00, real=0,02 secs] 
Heap after GC invocations=10 (full 1):
 par new generation   total 109248K, used 14761K [0x00000000e0000000, 0x00000000e8000000, 0x00000000e8000000)
  eden space 87424K,   0% used [0x00000000e0000000, 0x00000000e0000000, 0x00000000e5560000)
  from space 21824K,  67% used [0x00000000e5560000, 0x00000000e63ca6c8, 0x00000000e6ab0000)
  to   space 21824K,   0% used [0x00000000e6ab0000, 0x00000000e6ab0000, 0x00000000e8000000)
 concurrent mark-sweep generation total 393216K, used 6845K [0x00000000e8000000, 0x0000000100000000, 0x0000000100000000)
 Metaspace       used 28053K, capacity 28590K, committed 28796K, reserved 1075200K
  class space    used 3217K, capacity 3394K, committed 3452K, reserved 1048576K
}
2017-04-12T23:31:20.698+0200: 7,297: Total time for which application threads were stopped: 0,0269518 seconds, Stopping threads took: 0,0000140 seconds
2017-04-12T23:31:20.699+0200: 7,298: Total time for which application threads were stopped: 0,0000841 seconds, Stopping threads took: 0,0000279 seconds
2017-04-12T23:31:20.700+0200: 7,299: Total time for which application threads were stopped: 0,0006637 seconds, Stopping threads took: 0,0005921 seconds
2017-04-12T23:32:58.712+0200: 105,311: Total time for which application threads were stopped: 0,0001949 seconds, Stopping threads took: 0,0001022 seconds
2017-04-12T23:32:58.750+0200: 105,348: Total time for which application threads were stopped: 0,0001115 seconds, Stopping threads took: 0,0000273 seconds
2017-04-12T23:32:58.756+0200: 105,354: Total time for which application threads were stopped: 0,0035067 seconds, Stopping threads took: 0,0033503 seconds
2017-04-12T23:32:58.762+0200: 105,361: Total time for which application threads were stopped: 0,0001642 seconds, Stopping threads took: 0,0000382 seconds
2017-04-12T23:32:58.764+0200: 105,362: Total time for which application threads were stopped: 0,0010366 seconds, Stopping threads took: 0,0007857 seconds
2017-04-12T23:32:58.764+0200: 105,363: Total time for which application threads were stopped: 0,0001391 seconds, Stopping threads took: 0,0000247 seconds
2017-04-12T23:32:58.765+0200: 105,364: Total time for which application threads were stopped: 0,0000923 seconds, Stopping threads took: 0,0000185 seconds
2017-04-12T23:32:58.766+0200: 105,365: Total time for which application threads were stopped: 0,0000782 seconds, Stopping threads took: 0,0000160 seconds
2017-04-12T23:32:58.767+0200: 105,365: Total time for which application threads were stopped: 0,0000937 seconds, Stopping threads took: 0,0000239 seconds
2017-04-12T23:32:58.767+0200: 105,366: Total time for which application threads were stopped: 0,0000585 seconds, Stopping threads took: 0,0000190 seconds
2017-04-12T23:32:58.767+0200: 105,366: Total time for which application threads were stopped: 0,0000427 seconds, Stopping threads took: 0,0000129 seconds
2017-04-12T23:32:58.767+0200: 105,366: Total time for which application threads were stopped: 0,0000440 seconds, Stopping threads took: 0,0000138 seconds
2017-04-12T23:32:58.767+0200: 105,366: Total time for which application threads were stopped: 0,0000479 seconds, Stopping threads took: 0,0000146 seconds
2017-04-12T23:32:58.767+0200: 105,366: Total time for which application threads were stopped: 0,0000470 seconds, Stopping threads took: 0,0000150 seconds
2017-04-12T23:32:58.767+0200: 105,366: Total time for which application threads were stopped: 0,0000437 seconds, Stopping threads took: 0,0000121 seconds
2017-04-12T23:32:58.767+0200: 105,366: Total time for which application threads were stopped: 0,0000532 seconds, Stopping threads took: 0,0000215 seconds
2017-04-12T23:32:58.767+0200: 105,366: Total time for which application threads were stopped: 0,0000424 seconds, Stopping threads took: 0,0000123 seconds
2017-04-12T23:32:58.768+0200: 105,366: Total time for which application threads were stopped: 0,0000439 seconds, Stopping threads took: 0,0000125 seconds
2017-04-12T23:32:58.768+0200: 105,366: Total time for which application threads were stopped: 0,0000443 seconds, Stopping threads took: 0,0000126 seconds
2017-04-12T23:32:58.769+0200: 105,368: Total time for which application threads were stopped: 0,0001151 seconds, Stopping threads took: 0,0000252 seconds
2017-04-12T23:32:58.770+0200: 105,369: Total time for which application threads were stopped: 0,0000954 seconds, Stopping threads took: 0,0000287 seconds
2017-04-12T23:32:58.770+0200: 105,369: Total time for which application threads were stopped: 0,0000504 seconds, Stopping threads took: 0,0000145 seconds
2017-04-12T23:32:58.770+0200: 105,369: Total time for which application threads were stopped: 0,0000424 seconds, Stopping threads took: 0,0000119 seconds
2017-04-12T23:32:58.770+0200: 105,369: Total time for which application threads were stopped: 0,0000457 seconds, Stopping threads took: 0,0000125 seconds
2017-04-12T23:32:58.770+0200: 105,369: Total time for which application threads were stopped: 0,0000491 seconds, Stopping threads took: 0,0000102 seconds
2017-04-12T23:32:58.773+0200: 105,372: Total time for which application threads were stopped: 0,0000893 seconds, Stopping threads took: 0,0000295 seconds
2017-04-12T23:32:58.773+0200: 105,372: Total time for which application threads were stopped: 0,0000497 seconds, Stopping threads took: 0,0000142 seconds
2017-04-12T23:32:58.773+0200: 105,372: Total time for which application threads were stopped: 0,0000467 seconds, Stopping threads took: 0,0000129 seconds
2017-04-12T23:32:58.780+0200: 105,378: Total time for which application threads were stopped: 0,0001109 seconds, Stopping threads took: 0,0000421 seconds
2017-04-12T23:32:58.780+0200: 105,379: Total time for which application threads were stopped: 0,0000770 seconds, Stopping threads took: 0,0000264 seconds
2017-04-12T23:32:58.780+0200: 105,379: Total time for which application threads were stopped: 0,0000698 seconds, Stopping threads took: 0,0000203 seconds
2017-04-12T23:32:58.783+0200: 105,382: Total time for which application threads were stopped: 0,0000850 seconds, Stopping threads took: 0,0000184 seconds
2017-04-12T23:32:58.791+0200: 105,390: Total time for which application threads were stopped: 0,0000792 seconds, Stopping threads took: 0,0000234 seconds
2017-04-12T23:32:58.797+0200: 105,396: Total time for which application threads were stopped: 0,0046708 seconds, Stopping threads took: 0,0045994 seconds
2017-04-12T23:32:58.798+0200: 105,396: Total time for which application threads were stopped: 0,0000452 seconds, Stopping threads took: 0,0000109 seconds
2017-04-12T23:32:58.798+0200: 105,396: Total time for which application threads were stopped: 0,0000325 seconds, Stopping threads took: 0,0000048 seconds
2017-04-12T23:32:58.799+0200: 105,398: Total time for which application threads were stopped: 0,0000985 seconds, Stopping threads took: 0,0000311 seconds
2017-04-12T23:32:58.799+0200: 105,398: Total time for which application threads were stopped: 0,0000501 seconds, Stopping threads took: 0,0000137 seconds
2017-04-12T23:32:58.800+0200: 105,399: Total time for which application threads were stopped: 0,0005184 seconds, Stopping threads took: 0,0004474 seconds
2017-04-12T23:32:58.800+0200: 105,399: Total time for which application threads were stopped: 0,0000669 seconds, Stopping threads took: 0,0000166 seconds
2017-04-12T23:32:58.800+0200: 105,399: Total time for which application threads were stopped: 0,0000429 seconds, Stopping threads took: 0,0000123 seconds
2017-04-12T23:32:58.800+0200: 105,399: Total time for which application threads were stopped: 0,0000464 seconds, Stopping threads took: 0,0000127 seconds
2017-04-12T23:32:58.802+0200: 105,401: Total time for which application threads were stopped: 0,0001294 seconds, Stopping threads took: 0,0000457 seconds
2017-04-12T23:32:58.802+0200: 105,401: Total time for which application threads were stopped: 0,0000546 seconds, Stopping threads took: 0,0000172 seconds
2017-04-12T23:32:58.808+0200: 105,407: Total time for which application threads were stopped: 0,0014511 seconds, Stopping threads took: 0,0013770 seconds
2017-04-12T23:32:58.809+0200: 105,408: Total time for which application threads were stopped: 0,0002895 seconds, Stopping threads took: 0,0002227 seconds
2017-04-12T23:32:58.814+0200: 105,413: Total time for which application threads were stopped: 0,0001322 seconds, Stopping threads took: 0,0000373 seconds
2017-04-12T23:32:58.814+0200: 105,413: Total time for which application threads were stopped: 0,0000669 seconds, Stopping threads took: 0,0000177 seconds
2017-04-12T23:32:58.817+0200: 105,416: Total time for which application threads were stopped: 0,0000898 seconds, Stopping threads took: 0,0000281 seconds
2017-04-12T23:32:58.817+0200: 105,416: Total time for which application threads were stopped: 0,0000487 seconds, Stopping threads took: 0,0000160 seconds
2017-04-12T23:32:58.817+0200: 105,416: Total time for which application threads were stopped: 0,0000435 seconds, Stopping threads took: 0,0000124 seconds
2017-04-12T23:32:58.817+0200: 105,416: Total time for which application threads were stopped: 0,0000516 seconds, Stopping threads took: 0,0000153 seconds
2017-04-12T23:32:58.817+0200: 105,416: Total time for which application threads were stopped: 0,0000439 seconds, Stopping threads took: 0,0000120 seconds
2017-04-12T23:32:58.817+0200: 105,416: Total time for which application threads were stopped: 0,0000431 seconds, Stopping threads took: 0,0000121 seconds
2017-04-12T23:32:58.818+0200: 105,416: Total time for which application threads were stopped: 0,0000530 seconds, Stopping threads took: 0,0000154 seconds
2017-04-12T23:32:58.818+0200: 105,417: Total time for which application threads were stopped: 0,0000450 seconds, Stopping threads took: 0,0000118 seconds
2017-04-12T23:32:58.818+0200: 105,417: Total time for which application threads were stopped: 0,0000422 seconds, Stopping threads took: 0,0000119 seconds
2017-04-12T23:32:58.818+0200: 105,417: Total time for which application threads were stopped: 0,0000515 seconds, Stopping threads took: 0,0000154 seconds
2017-04-12T23:32:58.818+0200: 105,417: Total time for which application threads were stopped: 0,0000455 seconds, Stopping threads took: 0,0000133 seconds
2017-04-12T23:32:58.818+0200: 105,417: Total time for which application threads were stopped: 0,0000437 seconds, Stopping threads took: 0,0000115 seconds
2017-04-12T23:32:58.820+0200: 105,418: Total time for which application threads were stopped: 0,0000817 seconds, Stopping threads took: 0,0000257 seconds
2017-04-12T23:32:58.820+0200: 105,419: Total time for which application threads were stopped: 0,0000411 seconds, Stopping threads took: 0,0000115 seconds
2017-04-12T23:32:58.820+0200: 105,419: Total time for which application threads were stopped: 0,0000393 seconds, Stopping threads took: 0,0000109 seconds
2017-04-12T23:32:58.820+0200: 105,419: Total time for which application threads were stopped: 0,0001616 seconds, Stopping threads took: 0,0000143 seconds
2017-04-12T23:32:58.822+0200: 105,421: Total time for which application threads were stopped: 0,0001121 seconds, Stopping threads took: 0,0000247 seconds
2017-04-12T23:32:58.830+0200: 105,429: Total time for which application threads were stopped: 0,0001401 seconds, Stopping threads took: 0,0000206 seconds
2017-04-12T23:32:58.831+0200: 105,429: Total time for which application threads were stopped: 0,0000991 seconds, Stopping threads took: 0,0000111 seconds
Heap
 par new generation   total 109248K, used 28967K [0x00000000e0000000, 0x00000000e8000000, 0x00000000e8000000)
  eden space 87424K,  16% used [0x00000000e0000000, 0x00000000e0ddf698, 0x00000000e5560000)
  from space 21824K,  67% used [0x00000000e5560000, 0x00000000e63ca6c8, 0x00000000e6ab0000)
  to   space 21824K,   0% used [0x00000000e6ab0000, 0x00000000e6ab0000, 0x00000000e8000000)
 concurrent mark-sweep generation total 393216K, used 6845K [0x00000000e8000000, 0x0000000100000000, 0x0000000100000000)
 Metaspace       used 28154K, capacity 28694K, committed 28796K, reserved 1075200K
  class space    used 3231K, capacity 3428K, committed 3452K, reserved 1048576K
