OpenJDK 64-Bit Server VM (25.111-b14) for linux-amd64 JRE (1.8.0_111-8u111-b14-2ubuntu0.16.04.2-b14), built on Oct 27 2016 18:10:19 by "buildd" with gcc 5.4.0 20160609
Memory: 4k page, physical 7867804k(7516560k free), swap 8076284k(8076284k free)
CommandLine flags: -XX:CMSInitiatingOccupancyFraction=50 -XX:CMSMaxAbortablePrecleanTime=6000 -XX:+CMSParallelRemarkEnabled -XX:+CMSScavengeBeforeRemark -XX:ConcGCThreads=4 -XX:InitialHeapSize=536870912 -XX:MaxHeapSize=536870912 -XX:MaxTenuringThreshold=8 -XX:NewRatio=3 -XX:OldPLABSize=16 -XX:OnOutOfMemoryError=/opt/solr/bin/oom_solr.sh 8983 /var/solr/logs -XX:ParallelGCThreads=4 -XX:+ParallelRefProcEnabled -XX:PretenureSizeThreshold=67108864 -XX:+PrintGC -XX:+PrintGCApplicationStoppedTime -XX:+PrintGCDateStamps -XX:+PrintGCDetails -XX:+PrintGCTimeStamps -XX:+PrintHeapAtGC -XX:+PrintTenuringDistribution -XX:SurvivorRatio=4 -XX:TargetSurvivorRatio=90 -XX:ThreadStackSize=256 -XX:+UseCMSInitiatingOccupancyOnly -XX:+UseCompressedClassPointers -XX:+UseCompressedOops -XX:+UseConcMarkSweepGC -XX:+UseParNewGC 
2016-12-22T06:16:16.531+0100: 0,130: Total time for which application threads were stopped: 0,0000855 seconds, Stopping threads took: 0,0000184 seconds
2016-12-22T06:16:16.612+0100: 0,211: Total time for which application threads were stopped: 0,0001029 seconds, Stopping threads took: 0,0000100 seconds
2016-12-22T06:16:16.633+0100: 0,232: Total time for which application threads were stopped: 0,0001092 seconds, Stopping threads took: 0,0000131 seconds
2016-12-22T06:16:16.826+0100: 0,425: Total time for which application threads were stopped: 0,0001163 seconds, Stopping threads took: 0,0000093 seconds
2016-12-22T06:16:17.339+0100: 0,938: Total time for which application threads were stopped: 0,0001734 seconds, Stopping threads took: 0,0000300 seconds
2016-12-22T06:16:17.449+0100: 1,048: Total time for which application threads were stopped: 0,0002939 seconds, Stopping threads took: 0,0000531 seconds
2016-12-22T06:16:17.485+0100: 1,084: Total time for which application threads were stopped: 0,0001816 seconds, Stopping threads took: 0,0000287 seconds
2016-12-22T06:16:17.792+0100: 1,391: Total time for which application threads were stopped: 0,0001663 seconds, Stopping threads took: 0,0000140 seconds
2016-12-22T06:16:17.986+0100: 1,585: Total time for which application threads were stopped: 0,0002014 seconds, Stopping threads took: 0,0000157 seconds
2016-12-22T06:16:18.009+0100: 1,608: Total time for which application threads were stopped: 0,0002019 seconds, Stopping threads took: 0,0000166 seconds
2016-12-22T06:16:18.010+0100: 1,609: Total time for which application threads were stopped: 0,0001077 seconds, Stopping threads took: 0,0000191 seconds
2016-12-22T06:16:18.024+0100: 1,623: Total time for which application threads were stopped: 0,0005301 seconds, Stopping threads took: 0,0000882 seconds
2016-12-22T06:16:18.122+0100: 1,721: Total time for which application threads were stopped: 0,0002751 seconds, Stopping threads took: 0,0000328 seconds
2016-12-22T06:16:18.277+0100: 1,876: Total time for which application threads were stopped: 0,0004301 seconds, Stopping threads took: 0,0002340 seconds
{Heap before GC invocations=0 (full 0):
 par new generation   total 109248K, used 87424K [0x00000000e0000000, 0x00000000e8000000, 0x00000000e8000000)
  eden space 87424K, 100% used [0x00000000e0000000, 0x00000000e5560000, 0x00000000e5560000)
  from space 21824K,   0% used [0x00000000e5560000, 0x00000000e5560000, 0x00000000e6ab0000)
  to   space 21824K,   0% used [0x00000000e6ab0000, 0x00000000e6ab0000, 0x00000000e8000000)
 concurrent mark-sweep generation total 393216K, used 0K [0x00000000e8000000, 0x0000000100000000, 0x0000000100000000)
 Metaspace       used 18076K, capacity 18366K, committed 18560K, reserved 1064960K
  class space    used 2053K, capacity 2162K, committed 2176K, reserved 1048576K
2016-12-22T06:16:18.391+0100: 1,990: [GC (Allocation Failure) 2016-12-22T06:16:18.391+0100: 1,990: [ParNew
Desired survivor size 20112992 bytes, new threshold 8 (max 8)
- age   1:   12332944 bytes,   12332944 total
: 87424K->12152K(109248K), 0,0156906 secs] 87424K->12152K(502464K), 0,0157896 secs] [Times: user=0,06 sys=0,00, real=0,01 secs] 
Heap after GC invocations=1 (full 0):
 par new generation   total 109248K, used 12152K [0x00000000e0000000, 0x00000000e8000000, 0x00000000e8000000)
  eden space 87424K,   0% used [0x00000000e0000000, 0x00000000e0000000, 0x00000000e5560000)
  from space 21824K,  55% used [0x00000000e6ab0000, 0x00000000e768e238, 0x00000000e8000000)
  to   space 21824K,   0% used [0x00000000e5560000, 0x00000000e5560000, 0x00000000e6ab0000)
 concurrent mark-sweep generation total 393216K, used 0K [0x00000000e8000000, 0x0000000100000000, 0x0000000100000000)
 Metaspace       used 18076K, capacity 18366K, committed 18560K, reserved 1064960K
  class space    used 2053K, capacity 2162K, committed 2176K, reserved 1048576K
}
2016-12-22T06:16:18.407+0100: 2,006: Total time for which application threads were stopped: 0,0159657 seconds, Stopping threads took: 0,0000136 seconds
2016-12-22T06:16:18.572+0100: 2,171: Total time for which application threads were stopped: 0,0003157 seconds, Stopping threads took: 0,0000283 seconds
2016-12-22T06:16:18.605+0100: 2,204: Total time for which application threads were stopped: 0,0002812 seconds, Stopping threads took: 0,0000384 seconds
2016-12-22T06:16:18.639+0100: 2,238: Total time for which application threads were stopped: 0,0003595 seconds, Stopping threads took: 0,0000471 seconds
{Heap before GC invocations=1 (full 0):
 par new generation   total 109248K, used 99576K [0x00000000e0000000, 0x00000000e8000000, 0x00000000e8000000)
  eden space 87424K, 100% used [0x00000000e0000000, 0x00000000e5560000, 0x00000000e5560000)
  from space 21824K,  55% used [0x00000000e6ab0000, 0x00000000e768e238, 0x00000000e8000000)
  to   space 21824K,   0% used [0x00000000e5560000, 0x00000000e5560000, 0x00000000e6ab0000)
 concurrent mark-sweep generation total 393216K, used 0K [0x00000000e8000000, 0x0000000100000000, 0x0000000100000000)
 Metaspace       used 20717K, capacity 21020K, committed 21248K, reserved 1069056K
  class space    used 2403K, capacity 2518K, committed 2560K, reserved 1048576K
2016-12-22T06:16:18.811+0100: 2,410: [GC (Allocation Failure) 2016-12-22T06:16:18.811+0100: 2,410: [ParNew
Desired survivor size 20112992 bytes, new threshold 8 (max 8)
- age   1:    2901192 bytes,    2901192 total
- age   2:    6110592 bytes,    9011784 total
: 99576K->11255K(109248K), 0,0149338 secs] 99576K->11255K(502464K), 0,0150016 secs] [Times: user=0,05 sys=0,01, real=0,01 secs] 
Heap after GC invocations=2 (full 0):
 par new generation   total 109248K, used 11255K [0x00000000e0000000, 0x00000000e8000000, 0x00000000e8000000)
  eden space 87424K,   0% used [0x00000000e0000000, 0x00000000e0000000, 0x00000000e5560000)
  from space 21824K,  51% used [0x00000000e5560000, 0x00000000e605dd90, 0x00000000e6ab0000)
  to   space 21824K,   0% used [0x00000000e6ab0000, 0x00000000e6ab0000, 0x00000000e8000000)
 concurrent mark-sweep generation total 393216K, used 0K [0x00000000e8000000, 0x0000000100000000, 0x0000000100000000)
 Metaspace       used 20717K, capacity 21020K, committed 21248K, reserved 1069056K
  class space    used 2403K, capacity 2518K, committed 2560K, reserved 1048576K
}
2016-12-22T06:16:18.826+0100: 2,425: Total time for which application threads were stopped: 0,0151908 seconds, Stopping threads took: 0,0000225 seconds
2016-12-22T06:16:18.875+0100: 2,474: Total time for which application threads were stopped: 0,0000756 seconds, Stopping threads took: 0,0000139 seconds
2016-12-22T06:16:18.907+0100: 2,506: Total time for which application threads were stopped: 0,0000850 seconds, Stopping threads took: 0,0000193 seconds
2016-12-22T06:16:18.907+0100: 2,506: Total time for which application threads were stopped: 0,0002403 seconds, Stopping threads took: 0,0000216 seconds
2016-12-22T06:16:18.935+0100: 2,535: Total time for which application threads were stopped: 0,0000714 seconds, Stopping threads took: 0,0000125 seconds
2016-12-22T06:16:19.017+0100: 2,616: Total time for which application threads were stopped: 0,0001364 seconds, Stopping threads took: 0,0000395 seconds
2016-12-22T06:16:19.035+0100: 2,634: Total time for which application threads were stopped: 0,0001004 seconds, Stopping threads took: 0,0000304 seconds
2016-12-22T06:16:19.042+0100: 2,641: Total time for which application threads were stopped: 0,0002813 seconds, Stopping threads took: 0,0000182 seconds
2016-12-22T06:16:19.050+0100: 2,649: Total time for which application threads were stopped: 0,0002857 seconds, Stopping threads took: 0,0000276 seconds
2016-12-22T06:16:19.063+0100: 2,662: Total time for which application threads were stopped: 0,0000980 seconds, Stopping threads took: 0,0000279 seconds
2016-12-22T06:16:19.088+0100: 2,688: Total time for which application threads were stopped: 0,0001980 seconds, Stopping threads took: 0,0001012 seconds
2016-12-22T06:16:19.106+0100: 2,705: Total time for which application threads were stopped: 0,0000894 seconds, Stopping threads took: 0,0000176 seconds
2016-12-22T06:16:19.123+0100: 2,722: Total time for which application threads were stopped: 0,0001045 seconds, Stopping threads took: 0,0000265 seconds
2016-12-22T06:16:19.150+0100: 2,749: Total time for which application threads were stopped: 0,0000791 seconds, Stopping threads took: 0,0000132 seconds
2016-12-22T06:16:19.188+0100: 2,787: Total time for which application threads were stopped: 0,0001238 seconds, Stopping threads took: 0,0000232 seconds
2016-12-22T06:16:19.237+0100: 2,836: Total time for which application threads were stopped: 0,0001157 seconds, Stopping threads took: 0,0000316 seconds
2016-12-22T06:16:19.262+0100: 2,861: Total time for which application threads were stopped: 0,0003834 seconds, Stopping threads took: 0,0000984 seconds
2016-12-22T06:16:19.267+0100: 2,866: Total time for which application threads were stopped: 0,0001225 seconds, Stopping threads took: 0,0000440 seconds
{Heap before GC invocations=2 (full 0):
 par new generation   total 109248K, used 98679K [0x00000000e0000000, 0x00000000e8000000, 0x00000000e8000000)
  eden space 87424K, 100% used [0x00000000e0000000, 0x00000000e5560000, 0x00000000e5560000)
  from space 21824K,  51% used [0x00000000e5560000, 0x00000000e605dd90, 0x00000000e6ab0000)
  to   space 21824K,   0% used [0x00000000e6ab0000, 0x00000000e6ab0000, 0x00000000e8000000)
 concurrent mark-sweep generation total 393216K, used 0K [0x00000000e8000000, 0x0000000100000000, 0x0000000100000000)
 Metaspace       used 24851K, capacity 25220K, committed 25536K, reserved 1071104K
  class space    used 2896K, capacity 3024K, committed 3064K, reserved 1048576K
2016-12-22T06:16:19.276+0100: 2,875: [GC (Allocation Failure) 2016-12-22T06:16:19.276+0100: 2,875: [ParNew
Desired survivor size 20112992 bytes, new threshold 8 (max 8)
- age   1:    6691960 bytes,    6691960 total
- age   2:     550048 bytes,    7242008 total
- age   3:    6083584 bytes,   13325592 total
: 98679K->19071K(109248K), 0,0116702 secs] 98679K->19071K(502464K), 0,0117282 secs] [Times: user=0,04 sys=0,00, real=0,01 secs] 
Heap after GC invocations=3 (full 0):
 par new generation   total 109248K, used 19071K [0x00000000e0000000, 0x00000000e8000000, 0x00000000e8000000)
  eden space 87424K,   0% used [0x00000000e0000000, 0x00000000e0000000, 0x00000000e5560000)
  from space 21824K,  87% used [0x00000000e6ab0000, 0x00000000e7d4fe40, 0x00000000e8000000)
  to   space 21824K,   0% used [0x00000000e5560000, 0x00000000e5560000, 0x00000000e6ab0000)
 concurrent mark-sweep generation total 393216K, used 0K [0x00000000e8000000, 0x0000000100000000, 0x0000000100000000)
 Metaspace       used 24851K, capacity 25220K, committed 25536K, reserved 1071104K
  class space    used 2896K, capacity 3024K, committed 3064K, reserved 1048576K
}
2016-12-22T06:16:19.288+0100: 2,887: Total time for which application threads were stopped: 0,0126911 seconds, Stopping threads took: 0,0007849 seconds
2016-12-22T06:16:19.294+0100: 2,893: [GC (CMS Initial Mark) [1 CMS-initial-mark: 0K(393216K)] 20850K(502464K), 0,0029859 secs] [Times: user=0,01 sys=0,00, real=0,00 secs] 
2016-12-22T06:16:19.297+0100: 2,896: Total time for which application threads were stopped: 0,0073106 seconds, Stopping threads took: 0,0042508 seconds
2016-12-22T06:16:19.297+0100: 2,896: [CMS-concurrent-mark-start]
2016-12-22T06:16:19.298+0100: 2,897: [CMS-concurrent-mark: 0,001/0,001 secs] [Times: user=0,00 sys=0,00, real=0,00 secs] 
2016-12-22T06:16:19.298+0100: 2,897: [CMS-concurrent-preclean-start]
2016-12-22T06:16:19.299+0100: 2,898: [CMS-concurrent-preclean: 0,001/0,001 secs] [Times: user=0,00 sys=0,00, real=0,01 secs] 
2016-12-22T06:16:19.299+0100: 2,898: [GC (CMS Final Remark) [YG occupancy: 20850 K (109248 K)]{Heap before GC invocations=3 (full 1):
 par new generation   total 109248K, used 20850K [0x00000000e0000000, 0x00000000e8000000, 0x00000000e8000000)
  eden space 87424K,   2% used [0x00000000e0000000, 0x00000000e01bca90, 0x00000000e5560000)
  from space 21824K,  87% used [0x00000000e6ab0000, 0x00000000e7d4fe40, 0x00000000e8000000)
  to   space 21824K,   0% used [0x00000000e5560000, 0x00000000e5560000, 0x00000000e6ab0000)
 concurrent mark-sweep generation total 393216K, used 0K [0x00000000e8000000, 0x0000000100000000, 0x0000000100000000)
 Metaspace       used 24872K, capacity 25284K, committed 25536K, reserved 1071104K
  class space    used 2897K, capacity 3024K, committed 3064K, reserved 1048576K
2016-12-22T06:16:19.299+0100: 2,898: [GC (CMS Final Remark) 2016-12-22T06:16:19.299+0100: 2,898: [ParNew
Desired survivor size 20112992 bytes, new threshold 8 (max 8)
- age   1:      29496 bytes,      29496 total
- age   2:    3151344 bytes,    3180840 total
- age   3:     550048 bytes,    3730888 total
- age   4:    6082104 bytes,    9812992 total
: 20850K->13998K(109248K), 0,0144767 secs] 20850K->13998K(502464K), 0,0145136 secs] [Times: user=0,06 sys=0,00, real=0,01 secs] 
Heap after GC invocations=4 (full 1):
 par new generation   total 109248K, used 13998K [0x00000000e0000000, 0x00000000e8000000, 0x00000000e8000000)
  eden space 87424K,   0% used [0x00000000e0000000, 0x00000000e0000000, 0x00000000e5560000)
  from space 21824K,  64% used [0x00000000e5560000, 0x00000000e630b840, 0x00000000e6ab0000)
  to   space 21824K,   0% used [0x00000000e6ab0000, 0x00000000e6ab0000, 0x00000000e8000000)
 concurrent mark-sweep generation total 393216K, used 0K [0x00000000e8000000, 0x0000000100000000, 0x0000000100000000)
 Metaspace       used 24872K, capacity 25284K, committed 25536K, reserved 1071104K
  class space    used 2897K, capacity 3024K, committed 3064K, reserved 1048576K
}
2016-12-22T06:16:19.313+0100: 2,912: [Rescan (parallel) , 0,0032719 secs]2016-12-22T06:16:19.317+0100: 2,916: [weak refs processing, 0,0003740 secs]2016-12-22T06:16:19.317+0100: 2,916: [class unloading, 0,0031789 secs]2016-12-22T06:16:19.320+0100: 2,919: [scrub symbol table, 0,0041897 secs]2016-12-22T06:16:19.324+0100: 2,923: [scrub string table, 0,0003769 secs][1 CMS-remark: 0K(393216K)] 13998K(502464K), 0,0266039 secs] [Times: user=0,08 sys=0,00, real=0,02 secs] 
2016-12-22T06:16:19.325+0100: 2,924: Total time for which application threads were stopped: 0,0267566 seconds, Stopping threads took: 0,0000669 seconds
2016-12-22T06:16:19.325+0100: 2,924: [CMS-concurrent-sweep-start]
2016-12-22T06:16:19.325+0100: 2,924: [CMS-concurrent-sweep: 0,000/0,000 secs] [Times: user=0,00 sys=0,00, real=0,00 secs] 
2016-12-22T06:16:19.325+0100: 2,924: [CMS-concurrent-reset-start]
2016-12-22T06:16:19.327+0100: 2,926: [CMS-concurrent-reset: 0,002/0,002 secs] [Times: user=0,01 sys=0,00, real=0,00 secs] 
2016-12-22T06:16:19.412+0100: 3,011: Total time for which application threads were stopped: 0,0004351 seconds, Stopping threads took: 0,0000305 seconds
2016-12-22T06:16:20.412+0100: 4,011: Total time for which application threads were stopped: 0,0000985 seconds, Stopping threads took: 0,0000203 seconds
2016-12-22T06:16:20.453+0100: 4,052: Total time for which application threads were stopped: 0,0002917 seconds, Stopping threads took: 0,0000157 seconds
2016-12-22T06:16:28.743+0100: 12,342: Total time for which application threads were stopped: 0,0001366 seconds, Stopping threads took: 0,0000376 seconds
Heap
 par new generation   total 109248K, used 45156K [0x00000000e0000000, 0x00000000e8000000, 0x00000000e8000000)
  eden space 87424K,  35% used [0x00000000e0000000, 0x00000000e1e6daf0, 0x00000000e5560000)
  from space 21824K,  64% used [0x00000000e5560000, 0x00000000e630b840, 0x00000000e6ab0000)
  to   space 21824K,   0% used [0x00000000e6ab0000, 0x00000000e6ab0000, 0x00000000e8000000)
 concurrent mark-sweep generation total 393216K, used 0K [0x00000000e8000000, 0x0000000100000000, 0x0000000100000000)
 Metaspace       used 27193K, capacity 27664K, committed 27840K, reserved 1073152K
  class space    used 3167K, capacity 3320K, committed 3320K, reserved 1048576K
