OpenJDK 64-Bit Server VM (25.111-b14) for linux-amd64 JRE (1.8.0_111-8u111-b14-2ubuntu0.16.04.2-b14), built on Oct 27 2016 18:10:19 by "buildd" with gcc 5.4.0 20160609
Memory: 4k page, physical 7867840k(7522960k free), swap 8076284k(8076284k free)
CommandLine flags: -XX:CMSInitiatingOccupancyFraction=50 -XX:CMSMaxAbortablePrecleanTime=6000 -XX:+CMSParallelRemarkEnabled -XX:+CMSScavengeBeforeRemark -XX:ConcGCThreads=4 -XX:InitialHeapSize=536870912 -XX:MaxHeapSize=536870912 -XX:MaxTenuringThreshold=8 -XX:NewRatio=3 -XX:OldPLABSize=16 -XX:OnOutOfMemoryError=/opt/solr/bin/oom_solr.sh 8983 /var/solr/logs -XX:ParallelGCThreads=4 -XX:+ParallelRefProcEnabled -XX:PretenureSizeThreshold=67108864 -XX:+PrintGC -XX:+PrintGCApplicationStoppedTime -XX:+PrintGCDateStamps -XX:+PrintGCDetails -XX:+PrintGCTimeStamps -XX:+PrintHeapAtGC -XX:+PrintTenuringDistribution -XX:SurvivorRatio=4 -XX:TargetSurvivorRatio=90 -XX:ThreadStackSize=256 -XX:+UseCMSInitiatingOccupancyOnly -XX:+UseCompressedClassPointers -XX:+UseCompressedOops -XX:+UseConcMarkSweepGC -XX:+UseParNewGC 
2016-12-18T09:50:36.518+0100: 0,123: Total time for which application threads were stopped: 0,0000733 seconds, Stopping threads took: 0,0000103 seconds
2016-12-18T09:50:36.597+0100: 0,202: Total time for which application threads were stopped: 0,0001419 seconds, Stopping threads took: 0,0000251 seconds
2016-12-18T09:50:36.622+0100: 0,227: Total time for which application threads were stopped: 0,0000793 seconds, Stopping threads took: 0,0000095 seconds
2016-12-18T09:50:36.824+0100: 0,429: Total time for which application threads were stopped: 0,0001485 seconds, Stopping threads took: 0,0000178 seconds
2016-12-18T09:50:37.338+0100: 0,943: Total time for which application threads were stopped: 0,0001288 seconds, Stopping threads took: 0,0000152 seconds
2016-12-18T09:50:37.400+0100: 1,005: Total time for which application threads were stopped: 0,0001400 seconds, Stopping threads took: 0,0000158 seconds
2016-12-18T09:50:37.423+0100: 1,028: Total time for which application threads were stopped: 0,0001696 seconds, Stopping threads took: 0,0000334 seconds
2016-12-18T09:50:37.668+0100: 1,273: Total time for which application threads were stopped: 0,0002268 seconds, Stopping threads took: 0,0000268 seconds
2016-12-18T09:50:37.892+0100: 1,497: Total time for which application threads were stopped: 0,0003335 seconds, Stopping threads took: 0,0000372 seconds
2016-12-18T09:50:37.914+0100: 1,519: Total time for which application threads were stopped: 0,0002326 seconds, Stopping threads took: 0,0000304 seconds
2016-12-18T09:50:37.915+0100: 1,520: Total time for which application threads were stopped: 0,0001742 seconds, Stopping threads took: 0,0000238 seconds
2016-12-18T09:50:37.930+0100: 1,535: Total time for which application threads were stopped: 0,0001538 seconds, Stopping threads took: 0,0000145 seconds
2016-12-18T09:50:38.027+0100: 1,632: Total time for which application threads were stopped: 0,0003527 seconds, Stopping threads took: 0,0000229 seconds
2016-12-18T09:50:38.189+0100: 1,794: Total time for which application threads were stopped: 0,0002304 seconds, Stopping threads took: 0,0000325 seconds
{Heap before GC invocations=0 (full 0):
 par new generation   total 109248K, used 87424K [0x00000000e0000000, 0x00000000e8000000, 0x00000000e8000000)
  eden space 87424K, 100% used [0x00000000e0000000, 0x00000000e5560000, 0x00000000e5560000)
  from space 21824K,   0% used [0x00000000e5560000, 0x00000000e5560000, 0x00000000e6ab0000)
  to   space 21824K,   0% used [0x00000000e6ab0000, 0x00000000e6ab0000, 0x00000000e8000000)
 concurrent mark-sweep generation total 393216K, used 0K [0x00000000e8000000, 0x0000000100000000, 0x0000000100000000)
 Metaspace       used 18086K, capacity 18366K, committed 18560K, reserved 1064960K
  class space    used 2054K, capacity 2162K, committed 2176K, reserved 1048576K
2016-12-18T09:50:38.294+0100: 1,899: [GC (Allocation Failure) 2016-12-18T09:50:38.294+0100: 1,899: [ParNew
Desired survivor size 20112992 bytes, new threshold 8 (max 8)
- age   1:   12322288 bytes,   12322288 total
: 87424K->12136K(109248K), 0,0164090 secs] 87424K->12136K(502464K), 0,0164962 secs] [Times: user=0,03 sys=0,03, real=0,01 secs] 
Heap after GC invocations=1 (full 0):
 par new generation   total 109248K, used 12136K [0x00000000e0000000, 0x00000000e8000000, 0x00000000e8000000)
  eden space 87424K,   0% used [0x00000000e0000000, 0x00000000e0000000, 0x00000000e5560000)
  from space 21824K,  55% used [0x00000000e6ab0000, 0x00000000e768a180, 0x00000000e8000000)
  to   space 21824K,   0% used [0x00000000e5560000, 0x00000000e5560000, 0x00000000e6ab0000)
 concurrent mark-sweep generation total 393216K, used 0K [0x00000000e8000000, 0x0000000100000000, 0x0000000100000000)
 Metaspace       used 18086K, capacity 18366K, committed 18560K, reserved 1064960K
  class space    used 2054K, capacity 2162K, committed 2176K, reserved 1048576K
}
2016-12-18T09:50:38.310+0100: 1,916: Total time for which application threads were stopped: 0,0166734 seconds, Stopping threads took: 0,0000162 seconds
2016-12-18T09:50:38.465+0100: 2,070: Total time for which application threads were stopped: 0,0004063 seconds, Stopping threads took: 0,0001383 seconds
2016-12-18T09:50:38.493+0100: 2,098: Total time for which application threads were stopped: 0,0002547 seconds, Stopping threads took: 0,0000241 seconds
2016-12-18T09:50:38.512+0100: 2,117: Total time for which application threads were stopped: 0,0002771 seconds, Stopping threads took: 0,0000246 seconds
{Heap before GC invocations=1 (full 0):
 par new generation   total 109248K, used 99560K [0x00000000e0000000, 0x00000000e8000000, 0x00000000e8000000)
  eden space 87424K, 100% used [0x00000000e0000000, 0x00000000e5560000, 0x00000000e5560000)
  from space 21824K,  55% used [0x00000000e6ab0000, 0x00000000e768a180, 0x00000000e8000000)
  to   space 21824K,   0% used [0x00000000e5560000, 0x00000000e5560000, 0x00000000e6ab0000)
 concurrent mark-sweep generation total 393216K, used 0K [0x00000000e8000000, 0x0000000100000000, 0x0000000100000000)
 Metaspace       used 20711K, capacity 21020K, committed 21248K, reserved 1069056K
  class space    used 2404K, capacity 2518K, committed 2560K, reserved 1048576K
2016-12-18T09:50:38.676+0100: 2,281: [GC (Allocation Failure) 2016-12-18T09:50:38.676+0100: 2,281: [ParNew
Desired survivor size 20112992 bytes, new threshold 8 (max 8)
- age   1:    2924176 bytes,    2924176 total
- age   2:    6101032 bytes,    9025208 total
: 99560K->13147K(109248K), 0,0132372 secs] 99560K->13147K(502464K), 0,0133016 secs] [Times: user=0,05 sys=0,00, real=0,01 secs] 
Heap after GC invocations=2 (full 0):
 par new generation   total 109248K, used 13147K [0x00000000e0000000, 0x00000000e8000000, 0x00000000e8000000)
  eden space 87424K,   0% used [0x00000000e0000000, 0x00000000e0000000, 0x00000000e5560000)
  from space 21824K,  60% used [0x00000000e5560000, 0x00000000e6236f70, 0x00000000e6ab0000)
  to   space 21824K,   0% used [0x00000000e6ab0000, 0x00000000e6ab0000, 0x00000000e8000000)
 concurrent mark-sweep generation total 393216K, used 0K [0x00000000e8000000, 0x0000000100000000, 0x0000000100000000)
 Metaspace       used 20711K, capacity 21020K, committed 21248K, reserved 1069056K
  class space    used 2404K, capacity 2518K, committed 2560K, reserved 1048576K
}
2016-12-18T09:50:38.689+0100: 2,294: Total time for which application threads were stopped: 0,0135005 seconds, Stopping threads took: 0,0000488 seconds
2016-12-18T09:50:38.744+0100: 2,349: Total time for which application threads were stopped: 0,0000700 seconds, Stopping threads took: 0,0000159 seconds
2016-12-18T09:50:38.781+0100: 2,386: Total time for which application threads were stopped: 0,0002546 seconds, Stopping threads took: 0,0000129 seconds
2016-12-18T09:50:38.786+0100: 2,391: Total time for which application threads were stopped: 0,0000878 seconds, Stopping threads took: 0,0000299 seconds
2016-12-18T09:50:38.807+0100: 2,412: Total time for which application threads were stopped: 0,0000698 seconds, Stopping threads took: 0,0000152 seconds
2016-12-18T09:50:38.888+0100: 2,493: Total time for which application threads were stopped: 0,0001133 seconds, Stopping threads took: 0,0000205 seconds
2016-12-18T09:50:38.905+0100: 2,511: Total time for which application threads were stopped: 0,0000862 seconds, Stopping threads took: 0,0000226 seconds
2016-12-18T09:50:38.913+0100: 2,518: Total time for which application threads were stopped: 0,0002894 seconds, Stopping threads took: 0,0000224 seconds
2016-12-18T09:50:38.920+0100: 2,525: Total time for which application threads were stopped: 0,0002811 seconds, Stopping threads took: 0,0000208 seconds
2016-12-18T09:50:38.928+0100: 2,533: Total time for which application threads were stopped: 0,0000709 seconds, Stopping threads took: 0,0000193 seconds
2016-12-18T09:50:38.957+0100: 2,562: Total time for which application threads were stopped: 0,0001140 seconds, Stopping threads took: 0,0000347 seconds
2016-12-18T09:50:38.973+0100: 2,578: Total time for which application threads were stopped: 0,0000725 seconds, Stopping threads took: 0,0000143 seconds
2016-12-18T09:50:38.992+0100: 2,597: Total time for which application threads were stopped: 0,0000738 seconds, Stopping threads took: 0,0000129 seconds
2016-12-18T09:50:39.013+0100: 2,618: Total time for which application threads were stopped: 0,0000774 seconds, Stopping threads took: 0,0000121 seconds
2016-12-18T09:50:39.044+0100: 2,650: Total time for which application threads were stopped: 0,0001535 seconds, Stopping threads took: 0,0000362 seconds
2016-12-18T09:50:39.101+0100: 2,706: Total time for which application threads were stopped: 0,0001134 seconds, Stopping threads took: 0,0000273 seconds
2016-12-18T09:50:39.137+0100: 2,742: Total time for which application threads were stopped: 0,0000928 seconds, Stopping threads took: 0,0000216 seconds
{Heap before GC invocations=2 (full 0):
 par new generation   total 109248K, used 100571K [0x00000000e0000000, 0x00000000e8000000, 0x00000000e8000000)
  eden space 87424K, 100% used [0x00000000e0000000, 0x00000000e5560000, 0x00000000e5560000)
  from space 21824K,  60% used [0x00000000e5560000, 0x00000000e6236f70, 0x00000000e6ab0000)
  to   space 21824K,   0% used [0x00000000e6ab0000, 0x00000000e6ab0000, 0x00000000e8000000)
 concurrent mark-sweep generation total 393216K, used 0K [0x00000000e8000000, 0x0000000100000000, 0x0000000100000000)
 Metaspace       used 24851K, capacity 25224K, committed 25536K, reserved 1071104K
  class space    used 2896K, capacity 3025K, committed 3092K, reserved 1048576K
2016-12-18T09:50:39.152+0100: 2,757: [GC (Allocation Failure) 2016-12-18T09:50:39.152+0100: 2,757: [ParNew
Desired survivor size 20112992 bytes, new threshold 8 (max 8)
- age   1:    6687968 bytes,    6687968 total
- age   2:     549104 bytes,    7237072 total
- age   3:    6093880 bytes,   13330952 total
: 100571K->15550K(109248K), 0,0130157 secs] 100571K->15550K(502464K), 0,0130996 secs] [Times: user=0,05 sys=0,00, real=0,01 secs] 
Heap after GC invocations=3 (full 0):
 par new generation   total 109248K, used 15550K [0x00000000e0000000, 0x00000000e8000000, 0x00000000e8000000)
  eden space 87424K,   0% used [0x00000000e0000000, 0x00000000e0000000, 0x00000000e5560000)
  from space 21824K,  71% used [0x00000000e6ab0000, 0x00000000e79df880, 0x00000000e8000000)
  to   space 21824K,   0% used [0x00000000e5560000, 0x00000000e5560000, 0x00000000e6ab0000)
 concurrent mark-sweep generation total 393216K, used 0K [0x00000000e8000000, 0x0000000100000000, 0x0000000100000000)
 Metaspace       used 24851K, capacity 25224K, committed 25536K, reserved 1071104K
  class space    used 2896K, capacity 3025K, committed 3092K, reserved 1048576K
}
2016-12-18T09:50:39.165+0100: 2,770: Total time for which application threads were stopped: 0,0132447 seconds, Stopping threads took: 0,0000183 seconds
2016-12-18T09:50:39.165+0100: 2,770: [GC (CMS Initial Mark) [1 CMS-initial-mark: 0K(393216K)] 16952K(502464K), 0,0040178 secs] [Times: user=0,01 sys=0,00, real=0,00 secs] 
2016-12-18T09:50:39.169+0100: 2,774: Total time for which application threads were stopped: 0,0041594 seconds, Stopping threads took: 0,0000351 seconds
2016-12-18T09:50:39.169+0100: 2,774: [CMS-concurrent-mark-start]
2016-12-18T09:50:39.170+0100: 2,775: [CMS-concurrent-mark: 0,000/0,000 secs] [Times: user=0,00 sys=0,00, real=0,00 secs] 
2016-12-18T09:50:39.170+0100: 2,775: [CMS-concurrent-preclean-start]
2016-12-18T09:50:39.171+0100: 2,776: [CMS-concurrent-preclean: 0,001/0,001 secs] [Times: user=0,01 sys=0,00, real=0,00 secs] 
2016-12-18T09:50:39.171+0100: 2,776: [GC (CMS Final Remark) [YG occupancy: 16952 K (109248 K)]{Heap before GC invocations=3 (full 1):
 par new generation   total 109248K, used 16952K [0x00000000e0000000, 0x00000000e8000000, 0x00000000e8000000)
  eden space 87424K,   1% used [0x00000000e0000000, 0x00000000e015e7a8, 0x00000000e5560000)
  from space 21824K,  71% used [0x00000000e6ab0000, 0x00000000e79df880, 0x00000000e8000000)
  to   space 21824K,   0% used [0x00000000e5560000, 0x00000000e5560000, 0x00000000e6ab0000)
 concurrent mark-sweep generation total 393216K, used 0K [0x00000000e8000000, 0x0000000100000000, 0x0000000100000000)
 Metaspace       used 24851K, capacity 25224K, committed 25536K, reserved 1071104K
  class space    used 2896K, capacity 3025K, committed 3092K, reserved 1048576K
2016-12-18T09:50:39.171+0100: 2,776: [GC (CMS Final Remark) 2016-12-18T09:50:39.171+0100: 2,776: [ParNew
Desired survivor size 20112992 bytes, new threshold 8 (max 8)
- age   1:         80 bytes,         80 total
- age   2:    6687824 bytes,    6687904 total
- age   3:     549104 bytes,    7237008 total
- age   4:    6093904 bytes,   13330912 total
: 16952K->19354K(109248K), 0,0107178 secs] 16952K->19354K(502464K), 0,0107603 secs] [Times: user=0,03 sys=0,00, real=0,01 secs] 
Heap after GC invocations=4 (full 1):
 par new generation   total 109248K, used 19354K [0x00000000e0000000, 0x00000000e8000000, 0x00000000e8000000)
  eden space 87424K,   0% used [0x00000000e0000000, 0x00000000e0000000, 0x00000000e5560000)
  from space 21824K,  88% used [0x00000000e5560000, 0x00000000e6846a40, 0x00000000e6ab0000)
  to   space 21824K,   0% used [0x00000000e6ab0000, 0x00000000e6ab0000, 0x00000000e8000000)
 concurrent mark-sweep generation total 393216K, used 0K [0x00000000e8000000, 0x0000000100000000, 0x0000000100000000)
 Metaspace       used 24851K, capacity 25224K, committed 25536K, reserved 1071104K
  class space    used 2896K, capacity 3025K, committed 3092K, reserved 1048576K
}
2016-12-18T09:50:39.182+0100: 2,787: [Rescan (parallel) , 0,0040191 secs]2016-12-18T09:50:39.186+0100: 2,791: [weak refs processing, 0,0005954 secs]2016-12-18T09:50:39.186+0100: 2,791: [class unloading, 0,0031854 secs]2016-12-18T09:50:39.189+0100: 2,794: [scrub symbol table, 0,0041774 secs]2016-12-18T09:50:39.194+0100: 2,799: [scrub string table, 0,0004123 secs][1 CMS-remark: 0K(393216K)] 19354K(502464K), 0,0238507 secs] [Times: user=0,06 sys=0,00, real=0,03 secs] 
2016-12-18T09:50:39.195+0100: 2,800: Total time for which application threads were stopped: 0,0239656 seconds, Stopping threads took: 0,0000430 seconds
2016-12-18T09:50:39.195+0100: 2,801: [CMS-concurrent-sweep-start]
2016-12-18T09:50:39.196+0100: 2,801: [CMS-concurrent-sweep: 0,000/0,000 secs] [Times: user=0,00 sys=0,00, real=0,00 secs] 
2016-12-18T09:50:39.196+0100: 2,801: [CMS-concurrent-reset-start]
2016-12-18T09:50:39.197+0100: 2,802: [CMS-concurrent-reset: 0,002/0,002 secs] [Times: user=0,00 sys=0,00, real=0,00 secs] 
2016-12-18T09:50:40.195+0100: 3,800: Total time for which application threads were stopped: 0,0000983 seconds, Stopping threads took: 0,0000172 seconds
2016-12-18T09:50:40.445+0100: 4,050: Total time for which application threads were stopped: 0,0002327 seconds, Stopping threads took: 0,0000154 seconds
2016-12-18T09:50:43.445+0100: 7,050: Total time for which application threads were stopped: 0,0000568 seconds, Stopping threads took: 0,0000171 seconds
2016-12-18T09:51:08.923+0100: 32,053: Total time for which application threads were stopped: 0,0000953 seconds, Stopping threads took: 0,0000223 seconds
2016-12-18T09:53:18.937+0100: 162,067: Total time for which application threads were stopped: 0,0000791 seconds, Stopping threads took: 0,0000334 seconds
2016-12-18T09:53:23.937+0100: 167,067: Total time for which application threads were stopped: 0,0000576 seconds, Stopping threads took: 0,0000165 seconds
2016-12-18T09:53:37.939+0100: 181,069: Total time for which application threads were stopped: 0,0000572 seconds, Stopping threads took: 0,0000166 seconds
2016-12-18T09:54:18.946+0100: 222,076: Total time for which application threads were stopped: 0,0001491 seconds, Stopping threads took: 0,0000609 seconds
2016-12-18T09:54:57.952+0100: 261,082: Total time for which application threads were stopped: 0,0001777 seconds, Stopping threads took: 0,0000737 seconds
2016-12-18T09:55:07.953+0100: 271,083: Total time for which application threads were stopped: 0,0000573 seconds, Stopping threads took: 0,0000169 seconds
2016-12-18T09:55:12.954+0100: 276,084: Total time for which application threads were stopped: 0,0001468 seconds, Stopping threads took: 0,0000472 seconds
2016-12-18T09:55:17.955+0100: 281,085: Total time for which application threads were stopped: 0,0001330 seconds, Stopping threads took: 0,0000336 seconds
2016-12-18T09:55:23.956+0100: 287,086: Total time for which application threads were stopped: 0,0000591 seconds, Stopping threads took: 0,0000168 seconds
2016-12-18T09:55:33.958+0100: 297,088: Total time for which application threads were stopped: 0,0000596 seconds, Stopping threads took: 0,0000170 seconds
2016-12-18T09:55:57.961+0100: 321,091: Total time for which application threads were stopped: 0,0001532 seconds, Stopping threads took: 0,0000602 seconds
2016-12-18T09:56:59.480+0100: 382,610: Total time for which application threads were stopped: 0,0001431 seconds, Stopping threads took: 0,0000291 seconds
Heap
 par new generation   total 109248K, used 64100K [0x00000000e0000000, 0x00000000e8000000, 0x00000000e8000000)
  eden space 87424K,  51% used [0x00000000e0000000, 0x00000000e2bb27a0, 0x00000000e5560000)
  from space 21824K,  88% used [0x00000000e5560000, 0x00000000e6846a40, 0x00000000e6ab0000)
  to   space 21824K,   0% used [0x00000000e6ab0000, 0x00000000e6ab0000, 0x00000000e8000000)
 concurrent mark-sweep generation total 393216K, used 0K [0x00000000e8000000, 0x0000000100000000, 0x0000000100000000)
 Metaspace       used 27218K, capacity 27668K, committed 27924K, reserved 1073152K
  class space    used 3167K, capacity 3321K, committed 3348K, reserved 1048576K
