OpenJDK 64-Bit Server VM (25.131-b11) for linux-amd64 JRE (1.8.0_131-8u131-b11-0ubuntu1.16.04.2-b11), built on May  6 2017 02:45:27 by "buildd" with gcc 5.4.0 20160609
Memory: 4k page, physical 7867740k(7412964k free), swap 8076284k(8076284k free)
CommandLine flags: -XX:CMSInitiatingOccupancyFraction=50 -XX:CMSMaxAbortablePrecleanTime=6000 -XX:+CMSParallelRemarkEnabled -XX:+CMSScavengeBeforeRemark -XX:ConcGCThreads=4 -XX:InitialHeapSize=536870912 -XX:MaxHeapSize=536870912 -XX:MaxTenuringThreshold=8 -XX:NewRatio=3 -XX:OldPLABSize=16 -XX:OnOutOfMemoryError=/opt/solr/bin/oom_solr.sh 8983 /var/solr/logs -XX:ParallelGCThreads=4 -XX:+ParallelRefProcEnabled -XX:PretenureSizeThreshold=67108864 -XX:+PrintGC -XX:+PrintGCApplicationStoppedTime -XX:+PrintGCDateStamps -XX:+PrintGCDetails -XX:+PrintGCTimeStamps -XX:+PrintHeapAtGC -XX:+PrintTenuringDistribution -XX:SurvivorRatio=4 -XX:TargetSurvivorRatio=90 -XX:ThreadStackSize=256 -XX:+UseCMSInitiatingOccupancyOnly -XX:+UseCompressedClassPointers -XX:+UseCompressedOops -XX:+UseConcMarkSweepGC -XX:+UseParNewGC 
2017-06-11T19:45:47.547+0200: 0,138: Total time for which application threads were stopped: 0,0000631 seconds, Stopping threads took: 0,0000130 seconds
2017-06-11T19:45:47.619+0200: 0,210: Total time for which application threads were stopped: 0,0001258 seconds, Stopping threads took: 0,0000228 seconds
2017-06-11T19:45:47.635+0200: 0,226: Total time for which application threads were stopped: 0,0001137 seconds, Stopping threads took: 0,0000192 seconds
2017-06-11T19:45:47.854+0200: 0,445: Total time for which application threads were stopped: 0,0001539 seconds, Stopping threads took: 0,0000265 seconds
2017-06-11T19:45:48.282+0200: 0,873: Total time for which application threads were stopped: 0,0001739 seconds, Stopping threads took: 0,0000243 seconds
2017-06-11T19:45:48.467+0200: 1,058: Total time for which application threads were stopped: 0,0002135 seconds, Stopping threads took: 0,0000322 seconds
2017-06-11T19:45:48.493+0200: 1,084: Total time for which application threads were stopped: 0,0014220 seconds, Stopping threads took: 0,0012335 seconds
2017-06-11T19:45:48.839+0200: 1,429: Total time for which application threads were stopped: 0,0001773 seconds, Stopping threads took: 0,0000163 seconds
2017-06-11T19:45:49.063+0200: 1,654: Total time for which application threads were stopped: 0,0002413 seconds, Stopping threads took: 0,0000184 seconds
2017-06-11T19:45:49.089+0200: 1,680: Total time for which application threads were stopped: 0,0001850 seconds, Stopping threads took: 0,0000179 seconds
2017-06-11T19:45:49.122+0200: 1,713: Total time for which application threads were stopped: 0,0002021 seconds, Stopping threads took: 0,0000226 seconds
2017-06-11T19:45:49.124+0200: 1,714: Total time for which application threads were stopped: 0,0002266 seconds, Stopping threads took: 0,0000176 seconds
2017-06-11T19:45:49.140+0200: 1,731: Total time for which application threads were stopped: 0,0001672 seconds, Stopping threads took: 0,0000121 seconds
2017-06-11T19:45:49.224+0200: 1,814: Total time for which application threads were stopped: 0,0002416 seconds, Stopping threads took: 0,0000196 seconds
2017-06-11T19:45:49.377+0200: 1,968: Total time for which application threads were stopped: 0,0003080 seconds, Stopping threads took: 0,0000557 seconds
{Heap before GC invocations=0 (full 0):
 par new generation   total 109248K, used 87424K [0x00000000e0000000, 0x00000000e8000000, 0x00000000e8000000)
  eden space 87424K, 100% used [0x00000000e0000000, 0x00000000e5560000, 0x00000000e5560000)
  from space 21824K,   0% used [0x00000000e5560000, 0x00000000e5560000, 0x00000000e6ab0000)
  to   space 21824K,   0% used [0x00000000e6ab0000, 0x00000000e6ab0000, 0x00000000e8000000)
 concurrent mark-sweep generation total 393216K, used 0K [0x00000000e8000000, 0x0000000100000000, 0x0000000100000000)
 Metaspace       used 18209K, capacity 18464K, committed 18688K, reserved 1064960K
  class space    used 2058K, capacity 2196K, committed 2304K, reserved 1048576K
2017-06-11T19:45:49.504+0200: 2,095: [GC (Allocation Failure) 2017-06-11T19:45:49.504+0200: 2,095: [ParNew
Desired survivor size 20112992 bytes, new threshold 8 (max 8)
- age   1:   12812776 bytes,   12812776 total
: 87424K->12639K(109248K), 0,0164858 secs] 87424K->12639K(502464K), 0,0165616 secs] [Times: user=0,04 sys=0,01, real=0,01 secs] 
Heap after GC invocations=1 (full 0):
 par new generation   total 109248K, used 12639K [0x00000000e0000000, 0x00000000e8000000, 0x00000000e8000000)
  eden space 87424K,   0% used [0x00000000e0000000, 0x00000000e0000000, 0x00000000e5560000)
  from space 21824K,  57% used [0x00000000e6ab0000, 0x00000000e7707e28, 0x00000000e8000000)
  to   space 21824K,   0% used [0x00000000e5560000, 0x00000000e5560000, 0x00000000e6ab0000)
 concurrent mark-sweep generation total 393216K, used 0K [0x00000000e8000000, 0x0000000100000000, 0x0000000100000000)
 Metaspace       used 18209K, capacity 18464K, committed 18688K, reserved 1064960K
  class space    used 2058K, capacity 2196K, committed 2304K, reserved 1048576K
}
2017-06-11T19:45:49.521+0200: 2,112: Total time for which application threads were stopped: 0,0167688 seconds, Stopping threads took: 0,0000177 seconds
2017-06-11T19:45:49.781+0200: 2,372: Total time for which application threads were stopped: 0,0003876 seconds, Stopping threads took: 0,0000421 seconds
2017-06-11T19:45:49.849+0200: 2,439: Total time for which application threads were stopped: 0,0003753 seconds, Stopping threads took: 0,0000628 seconds
{Heap before GC invocations=1 (full 0):
 par new generation   total 109248K, used 100063K [0x00000000e0000000, 0x00000000e8000000, 0x00000000e8000000)
  eden space 87424K, 100% used [0x00000000e0000000, 0x00000000e5560000, 0x00000000e5560000)
  from space 21824K,  57% used [0x00000000e6ab0000, 0x00000000e7707e28, 0x00000000e8000000)
  to   space 21824K,   0% used [0x00000000e5560000, 0x00000000e5560000, 0x00000000e6ab0000)
 concurrent mark-sweep generation total 393216K, used 0K [0x00000000e8000000, 0x0000000100000000, 0x0000000100000000)
 Metaspace       used 20081K, capacity 20424K, committed 20736K, reserved 1067008K
  class space    used 2296K, capacity 2468K, committed 2560K, reserved 1048576K
2017-06-11T19:45:49.854+0200: 2,445: [GC (Allocation Failure) 2017-06-11T19:45:49.854+0200: 2,445: [ParNew
Desired survivor size 20112992 bytes, new threshold 8 (max 8)
- age   1:    3562192 bytes,    3562192 total
- age   2:    6693256 bytes,   10255448 total
: 100063K->11928K(109248K), 0,0103842 secs] 100063K->11928K(502464K), 0,0104557 secs] [Times: user=0,04 sys=0,01, real=0,01 secs] 
Heap after GC invocations=2 (full 0):
 par new generation   total 109248K, used 11928K [0x00000000e0000000, 0x00000000e8000000, 0x00000000e8000000)
  eden space 87424K,   0% used [0x00000000e0000000, 0x00000000e0000000, 0x00000000e5560000)
  from space 21824K,  54% used [0x00000000e5560000, 0x00000000e61062a0, 0x00000000e6ab0000)
  to   space 21824K,   0% used [0x00000000e6ab0000, 0x00000000e6ab0000, 0x00000000e8000000)
 concurrent mark-sweep generation total 393216K, used 0K [0x00000000e8000000, 0x0000000100000000, 0x0000000100000000)
 Metaspace       used 20081K, capacity 20424K, committed 20736K, reserved 1067008K
  class space    used 2296K, capacity 2468K, committed 2560K, reserved 1048576K
}
2017-06-11T19:45:49.864+0200: 2,455: Total time for which application threads were stopped: 0,0127934 seconds, Stopping threads took: 0,0022100 seconds
2017-06-11T19:45:49.910+0200: 2,501: Total time for which application threads were stopped: 0,0008977 seconds, Stopping threads took: 0,0006355 seconds
2017-06-11T19:45:50.018+0200: 2,609: Total time for which application threads were stopped: 0,0002175 seconds, Stopping threads took: 0,0000387 seconds
{Heap before GC invocations=2 (full 0):
 par new generation   total 109248K, used 99352K [0x00000000e0000000, 0x00000000e8000000, 0x00000000e8000000)
  eden space 87424K, 100% used [0x00000000e0000000, 0x00000000e5560000, 0x00000000e5560000)
  from space 21824K,  54% used [0x00000000e5560000, 0x00000000e61062a0, 0x00000000e6ab0000)
  to   space 21824K,   0% used [0x00000000e6ab0000, 0x00000000e6ab0000, 0x00000000e8000000)
 concurrent mark-sweep generation total 393216K, used 0K [0x00000000e8000000, 0x0000000100000000, 0x0000000100000000)
 Metaspace       used 20988K, capacity 21282K, committed 21628K, reserved 1069056K
  class space    used 2417K, capacity 2587K, committed 2684K, reserved 1048576K
2017-06-11T19:45:50.071+0200: 2,662: [GC (Allocation Failure) 2017-06-11T19:45:50.071+0200: 2,662: [ParNew
Desired survivor size 20112992 bytes, new threshold 8 (max 8)
- age   1:    2237416 bytes,    2237416 total
- age   2:     825184 bytes,    3062600 total
- age   3:    6689464 bytes,    9752064 total
: 99352K->14249K(109248K), 0,0099541 secs] 99352K->14249K(502464K), 0,0100264 secs] [Times: user=0,03 sys=0,00, real=0,01 secs] 
Heap after GC invocations=3 (full 0):
 par new generation   total 109248K, used 14249K [0x00000000e0000000, 0x00000000e8000000, 0x00000000e8000000)
  eden space 87424K,   0% used [0x00000000e0000000, 0x00000000e0000000, 0x00000000e5560000)
  from space 21824K,  65% used [0x00000000e6ab0000, 0x00000000e789a470, 0x00000000e8000000)
  to   space 21824K,   0% used [0x00000000e5560000, 0x00000000e5560000, 0x00000000e6ab0000)
 concurrent mark-sweep generation total 393216K, used 0K [0x00000000e8000000, 0x0000000100000000, 0x0000000100000000)
 Metaspace       used 20988K, capacity 21282K, committed 21628K, reserved 1069056K
  class space    used 2417K, capacity 2587K, committed 2684K, reserved 1048576K
}
2017-06-11T19:45:50.081+0200: 2,672: Total time for which application threads were stopped: 0,0101809 seconds, Stopping threads took: 0,0000312 seconds
2017-06-11T19:45:50.082+0200: 2,672: [GC (CMS Initial Mark) [1 CMS-initial-mark: 0K(393216K)] 14973K(502464K), 0,0041575 secs] [Times: user=0,02 sys=0,00, real=0,01 secs] 
2017-06-11T19:45:50.086+0200: 2,676: Total time for which application threads were stopped: 0,0042760 seconds, Stopping threads took: 0,0000342 seconds
2017-06-11T19:45:50.086+0200: 2,676: [CMS-concurrent-mark-start]
2017-06-11T19:45:50.086+0200: 2,677: [CMS-concurrent-mark: 0,001/0,001 secs] [Times: user=0,00 sys=0,00, real=0,00 secs] 
2017-06-11T19:45:50.086+0200: 2,677: [CMS-concurrent-preclean-start]
2017-06-11T19:45:50.087+0200: 2,678: [CMS-concurrent-preclean: 0,001/0,001 secs] [Times: user=0,00 sys=0,00, real=0,00 secs] 
2017-06-11T19:45:50.088+0200: 2,678: [GC (CMS Final Remark) [YG occupancy: 15794 K (109248 K)]{Heap before GC invocations=3 (full 1):
 par new generation   total 109248K, used 15794K [0x00000000e0000000, 0x00000000e8000000, 0x00000000e8000000)
  eden space 87424K,   1% used [0x00000000e0000000, 0x00000000e0182660, 0x00000000e5560000)
  from space 21824K,  65% used [0x00000000e6ab0000, 0x00000000e789a470, 0x00000000e8000000)
  to   space 21824K,   0% used [0x00000000e5560000, 0x00000000e5560000, 0x00000000e6ab0000)
 concurrent mark-sweep generation total 393216K, used 0K [0x00000000e8000000, 0x0000000100000000, 0x0000000100000000)
 Metaspace       used 20989K, capacity 21282K, committed 21628K, reserved 1069056K
  class space    used 2417K, capacity 2587K, committed 2684K, reserved 1048576K
2017-06-11T19:45:50.088+0200: 2,678: [GC (CMS Final Remark) 2017-06-11T19:45:50.088+0200: 2,678: [ParNew
Desired survivor size 20112992 bytes, new threshold 8 (max 8)
- age   1:      39464 bytes,      39464 total
- age   2:    1591240 bytes,    1630704 total
- age   3:     795952 bytes,    2426656 total
- age   4:    6689872 bytes,    9116528 total
: 15794K->11892K(109248K), 0,0091472 secs] 15794K->11892K(502464K), 0,0091898 secs] [Times: user=0,03 sys=0,01, real=0,01 secs] 
Heap after GC invocations=4 (full 1):
 par new generation   total 109248K, used 11892K [0x00000000e0000000, 0x00000000e8000000, 0x00000000e8000000)
  eden space 87424K,   0% used [0x00000000e0000000, 0x00000000e0000000, 0x00000000e5560000)
  from space 21824K,  54% used [0x00000000e5560000, 0x00000000e60fd100, 0x00000000e6ab0000)
  to   space 21824K,   0% used [0x00000000e6ab0000, 0x00000000e6ab0000, 0x00000000e8000000)
 concurrent mark-sweep generation total 393216K, used 0K [0x00000000e8000000, 0x0000000100000000, 0x0000000100000000)
 Metaspace       used 20989K, capacity 21282K, committed 21628K, reserved 1069056K
  class space    used 2417K, capacity 2587K, committed 2684K, reserved 1048576K
}
2017-06-11T19:45:50.097+0200: 2,687: [Rescan (parallel) , 0,0036819 secs]2017-06-11T19:45:50.101+0200: 2,691: [weak refs processing, 0,0003699 secs]2017-06-11T19:45:50.101+0200: 2,692: [class unloading, 0,0027607 secs]2017-06-11T19:45:50.104+0200: 2,694: [scrub symbol table, 0,0025393 secs]2017-06-11T19:45:50.106+0200: 2,697: [scrub string table, 0,0003618 secs][1 CMS-remark: 0K(393216K)] 11892K(502464K), 0,0195460 secs] [Times: user=0,05 sys=0,01, real=0,02 secs] 
2017-06-11T19:45:50.107+0200: 2,698: Total time for which application threads were stopped: 0,0196788 seconds, Stopping threads took: 0,0000554 seconds
2017-06-11T19:45:50.108+0200: 2,699: [CMS-concurrent-sweep-start]
2017-06-11T19:45:50.108+0200: 2,699: [CMS-concurrent-sweep: 0,000/0,000 secs] [Times: user=0,00 sys=0,00, real=0,00 secs] 
2017-06-11T19:45:50.108+0200: 2,699: [CMS-concurrent-reset-start]
2017-06-11T19:45:50.110+0200: 2,700: [CMS-concurrent-reset: 0,002/0,002 secs] [Times: user=0,01 sys=0,00, real=0,00 secs] 
{Heap before GC invocations=4 (full 1):
 par new generation   total 109248K, used 99316K [0x00000000e0000000, 0x00000000e8000000, 0x00000000e8000000)
  eden space 87424K, 100% used [0x00000000e0000000, 0x00000000e5560000, 0x00000000e5560000)
  from space 21824K,  54% used [0x00000000e5560000, 0x00000000e60fd100, 0x00000000e6ab0000)
  to   space 21824K,   0% used [0x00000000e6ab0000, 0x00000000e6ab0000, 0x00000000e8000000)
 concurrent mark-sweep generation total 393216K, used 0K [0x00000000e8000000, 0x0000000100000000, 0x0000000100000000)
 Metaspace       used 21223K, capacity 21564K, committed 21884K, reserved 1069056K
  class space    used 2448K, capacity 2603K, committed 2684K, reserved 1048576K
2017-06-11T19:45:50.204+0200: 2,795: [GC (Allocation Failure) 2017-06-11T19:45:50.204+0200: 2,795: [ParNew
Desired survivor size 20112992 bytes, new threshold 8 (max 8)
- age   1:    1703872 bytes,    1703872 total
- age   2:        696 bytes,    1704568 total
- age   3:    1450872 bytes,    3155440 total
- age   4:     791856 bytes,    3947296 total
- age   5:    6689392 bytes,   10636688 total
: 99316K->12062K(109248K), 0,0141931 secs] 99316K->12062K(502464K), 0,0142566 secs] [Times: user=0,05 sys=0,00, real=0,01 secs] 
Heap after GC invocations=5 (full 1):
 par new generation   total 109248K, used 12062K [0x00000000e0000000, 0x00000000e8000000, 0x00000000e8000000)
  eden space 87424K,   0% used [0x00000000e0000000, 0x00000000e0000000, 0x00000000e5560000)
  from space 21824K,  55% used [0x00000000e6ab0000, 0x00000000e7677960, 0x00000000e8000000)
  to   space 21824K,   0% used [0x00000000e5560000, 0x00000000e5560000, 0x00000000e6ab0000)
 concurrent mark-sweep generation total 393216K, used 0K [0x00000000e8000000, 0x0000000100000000, 0x0000000100000000)
 Metaspace       used 21223K, capacity 21564K, committed 21884K, reserved 1069056K
  class space    used 2448K, capacity 2603K, committed 2684K, reserved 1048576K
}
2017-06-11T19:45:50.218+0200: 2,809: Total time for which application threads were stopped: 0,0144857 seconds, Stopping threads took: 0,0000908 seconds
{Heap before GC invocations=5 (full 1):
 par new generation   total 109248K, used 99486K [0x00000000e0000000, 0x00000000e8000000, 0x00000000e8000000)
  eden space 87424K, 100% used [0x00000000e0000000, 0x00000000e5560000, 0x00000000e5560000)
  from space 21824K,  55% used [0x00000000e6ab0000, 0x00000000e7677960, 0x00000000e8000000)
  to   space 21824K,   0% used [0x00000000e5560000, 0x00000000e5560000, 0x00000000e6ab0000)
 concurrent mark-sweep generation total 393216K, used 0K [0x00000000e8000000, 0x0000000100000000, 0x0000000100000000)
 Metaspace       used 21422K, capacity 21800K, committed 21884K, reserved 1069056K
  class space    used 2470K, capacity 2637K, committed 2684K, reserved 1048576K
2017-06-11T19:45:50.301+0200: 2,891: [GC (Allocation Failure) 2017-06-11T19:45:50.301+0200: 2,891: [ParNew
Desired survivor size 20112992 bytes, new threshold 8 (max 8)
- age   1:     820960 bytes,     820960 total
- age   2:     186832 bytes,    1007792 total
- age   3:        528 bytes,    1008320 total
- age   4:    1449960 bytes,    2458280 total
- age   5:     789856 bytes,    3248136 total
- age   6:    6689536 bytes,    9937672 total
: 99486K->13495K(109248K), 0,0105909 secs] 99486K->13495K(502464K), 0,0106572 secs] [Times: user=0,04 sys=0,00, real=0,01 secs] 
Heap after GC invocations=6 (full 1):
 par new generation   total 109248K, used 13495K [0x00000000e0000000, 0x00000000e8000000, 0x00000000e8000000)
  eden space 87424K,   0% used [0x00000000e0000000, 0x00000000e0000000, 0x00000000e5560000)
  from space 21824K,  61% used [0x00000000e5560000, 0x00000000e628dce0, 0x00000000e6ab0000)
  to   space 21824K,   0% used [0x00000000e6ab0000, 0x00000000e6ab0000, 0x00000000e8000000)
 concurrent mark-sweep generation total 393216K, used 0K [0x00000000e8000000, 0x0000000100000000, 0x0000000100000000)
 Metaspace       used 21422K, capacity 21800K, committed 21884K, reserved 1069056K
  class space    used 2470K, capacity 2637K, committed 2684K, reserved 1048576K
}
2017-06-11T19:45:50.311+0200: 2,902: Total time for which application threads were stopped: 0,0108990 seconds, Stopping threads took: 0,0000867 seconds
2017-06-11T19:45:50.337+0200: 2,927: Total time for which application threads were stopped: 0,0003019 seconds, Stopping threads took: 0,0000203 seconds
2017-06-11T19:45:50.563+0200: 3,154: Total time for which application threads were stopped: 0,0001473 seconds, Stopping threads took: 0,0000240 seconds
2017-06-11T19:45:50.589+0200: 3,179: Total time for which application threads were stopped: 0,0008995 seconds, Stopping threads took: 0,0005107 seconds
2017-06-11T19:45:50.609+0200: 3,200: Total time for which application threads were stopped: 0,0004400 seconds, Stopping threads took: 0,0000399 seconds
{Heap before GC invocations=6 (full 1):
 par new generation   total 109248K, used 100919K [0x00000000e0000000, 0x00000000e8000000, 0x00000000e8000000)
  eden space 87424K, 100% used [0x00000000e0000000, 0x00000000e5560000, 0x00000000e5560000)
  from space 21824K,  61% used [0x00000000e5560000, 0x00000000e628dce0, 0x00000000e6ab0000)
  to   space 21824K,   0% used [0x00000000e6ab0000, 0x00000000e6ab0000, 0x00000000e8000000)
 concurrent mark-sweep generation total 393216K, used 0K [0x00000000e8000000, 0x0000000100000000, 0x0000000100000000)
 Metaspace       used 24138K, capacity 24618K, committed 24828K, reserved 1071104K
  class space    used 2840K, capacity 3044K, committed 3068K, reserved 1048576K
2017-06-11T19:45:50.777+0200: 3,368: [GC (Allocation Failure) 2017-06-11T19:45:50.777+0200: 3,368: [ParNew
Desired survivor size 20112992 bytes, new threshold 8 (max 8)
- age   1:    5518608 bytes,    5518608 total
- age   2:     152448 bytes,    5671056 total
- age   3:     185952 bytes,    5857008 total
- age   4:        528 bytes,    5857536 total
- age   5:     280744 bytes,    6138280 total
- age   6:     765672 bytes,    6903952 total
- age   7:    6681112 bytes,   13585064 total
: 100919K->16193K(109248K), 0,0116941 secs] 100919K->16193K(502464K), 0,0117544 secs] [Times: user=0,04 sys=0,00, real=0,01 secs] 
Heap after GC invocations=7 (full 1):
 par new generation   total 109248K, used 16193K [0x00000000e0000000, 0x00000000e8000000, 0x00000000e8000000)
  eden space 87424K,   0% used [0x00000000e0000000, 0x00000000e0000000, 0x00000000e5560000)
  from space 21824K,  74% used [0x00000000e6ab0000, 0x00000000e7a804d0, 0x00000000e8000000)
  to   space 21824K,   0% used [0x00000000e5560000, 0x00000000e5560000, 0x00000000e6ab0000)
 concurrent mark-sweep generation total 393216K, used 0K [0x00000000e8000000, 0x0000000100000000, 0x0000000100000000)
 Metaspace       used 24138K, capacity 24618K, committed 24828K, reserved 1071104K
  class space    used 2840K, capacity 3044K, committed 3068K, reserved 1048576K
}
2017-06-11T19:45:50.789+0200: 3,380: Total time for which application threads were stopped: 0,0119925 seconds, Stopping threads took: 0,0000331 seconds
{Heap before GC invocations=7 (full 1):
 par new generation   total 109248K, used 103617K [0x00000000e0000000, 0x00000000e8000000, 0x00000000e8000000)
  eden space 87424K, 100% used [0x00000000e0000000, 0x00000000e5560000, 0x00000000e5560000)
  from space 21824K,  74% used [0x00000000e6ab0000, 0x00000000e7a804d0, 0x00000000e8000000)
  to   space 21824K,   0% used [0x00000000e5560000, 0x00000000e5560000, 0x00000000e6ab0000)
 concurrent mark-sweep generation total 393216K, used 0K [0x00000000e8000000, 0x0000000100000000, 0x0000000100000000)
 Metaspace       used 24592K, capacity 25098K, committed 25468K, reserved 1071104K
  class space    used 2880K, capacity 3076K, committed 3196K, reserved 1048576K
2017-06-11T19:45:50.882+0200: 3,473: [GC (Allocation Failure) 2017-06-11T19:45:50.882+0200: 3,473: [ParNew
Desired survivor size 20112992 bytes, new threshold 8 (max 8)
- age   1:    1533536 bytes,    1533536 total
- age   2:    1812400 bytes,    3345936 total
- age   3:      68568 bytes,    3414504 total
- age   4:     113768 bytes,    3528272 total
- age   5:        160 bytes,    3528432 total
- age   6:     187872 bytes,    3716304 total
- age   7:     714520 bytes,    4430824 total
- age   8:    6148088 bytes,   10578912 total
: 103617K->17133K(109248K), 0,0105150 secs] 103617K->17133K(502464K), 0,0105899 secs] [Times: user=0,04 sys=0,00, real=0,00 secs] 
Heap after GC invocations=8 (full 1):
 par new generation   total 109248K, used 17133K [0x00000000e0000000, 0x00000000e8000000, 0x00000000e8000000)
  eden space 87424K,   0% used [0x00000000e0000000, 0x00000000e0000000, 0x00000000e5560000)
  from space 21824K,  78% used [0x00000000e5560000, 0x00000000e661b4c0, 0x00000000e6ab0000)
  to   space 21824K,   0% used [0x00000000e6ab0000, 0x00000000e6ab0000, 0x00000000e8000000)
 concurrent mark-sweep generation total 393216K, used 0K [0x00000000e8000000, 0x0000000100000000, 0x0000000100000000)
 Metaspace       used 24592K, capacity 25098K, committed 25468K, reserved 1071104K
  class space    used 2880K, capacity 3076K, committed 3196K, reserved 1048576K
}
2017-06-11T19:45:50.893+0200: 3,483: Total time for which application threads were stopped: 0,0143093 seconds, Stopping threads took: 0,0035471 seconds
{Heap before GC invocations=8 (full 1):
 par new generation   total 109248K, used 104557K [0x00000000e0000000, 0x00000000e8000000, 0x00000000e8000000)
  eden space 87424K, 100% used [0x00000000e0000000, 0x00000000e5560000, 0x00000000e5560000)
  from space 21824K,  78% used [0x00000000e5560000, 0x00000000e661b4c0, 0x00000000e6ab0000)
  to   space 21824K,   0% used [0x00000000e6ab0000, 0x00000000e6ab0000, 0x00000000e8000000)
 concurrent mark-sweep generation total 393216K, used 0K [0x00000000e8000000, 0x0000000100000000, 0x0000000100000000)
 Metaspace       used 24980K, capacity 25450K, committed 25724K, reserved 1071104K
  class space    used 2909K, capacity 3082K, committed 3196K, reserved 1048576K
2017-06-11T19:45:50.982+0200: 3,573: [GC (Allocation Failure) 2017-06-11T19:45:50.982+0200: 3,573: [ParNew
Desired survivor size 20112992 bytes, new threshold 8 (max 8)
- age   1:     641960 bytes,     641960 total
- age   2:    1031424 bytes,    1673384 total
- age   3:    1780504 bytes,    3453888 total
- age   4:      68568 bytes,    3522456 total
- age   5:     111112 bytes,    3633568 total
- age   6:        160 bytes,    3633728 total
- age   7:     187312 bytes,    3821040 total
- age   8:     713688 bytes,    4534728 total
: 104557K->6797K(109248K), 0,0548258 secs] 104557K->12885K(502464K), 0,0548994 secs] [Times: user=0,13 sys=0,00, real=0,05 secs] 
Heap after GC invocations=9 (full 1):
 par new generation   total 109248K, used 6797K [0x00000000e0000000, 0x00000000e8000000, 0x00000000e8000000)
  eden space 87424K,   0% used [0x00000000e0000000, 0x00000000e0000000, 0x00000000e5560000)
  from space 21824K,  31% used [0x00000000e6ab0000, 0x00000000e7153740, 0x00000000e8000000)
  to   space 21824K,   0% used [0x00000000e5560000, 0x00000000e5560000, 0x00000000e6ab0000)
 concurrent mark-sweep generation total 393216K, used 6087K [0x00000000e8000000, 0x0000000100000000, 0x0000000100000000)
 Metaspace       used 24980K, capacity 25450K, committed 25724K, reserved 1071104K
  class space    used 2909K, capacity 3082K, committed 3196K, reserved 1048576K
}
2017-06-11T19:45:51.037+0200: 3,628: Total time for which application threads were stopped: 0,0557171 seconds, Stopping threads took: 0,0006460 seconds
2017-06-11T19:45:51.188+0200: 3,779: Total time for which application threads were stopped: 0,0004928 seconds, Stopping threads took: 0,0000343 seconds
2017-06-11T19:45:51.297+0200: 3,888: Total time for which application threads were stopped: 0,0004670 seconds, Stopping threads took: 0,0000622 seconds
2017-06-11T19:45:51.319+0200: 3,910: Total time for which application threads were stopped: 0,0003960 seconds, Stopping threads took: 0,0000181 seconds
2017-06-11T19:45:51.403+0200: 3,994: Total time for which application threads were stopped: 0,0004914 seconds, Stopping threads took: 0,0000402 seconds
2017-06-11T19:45:51.468+0200: 4,059: Total time for which application threads were stopped: 0,0003774 seconds, Stopping threads took: 0,0000689 seconds
2017-06-11T19:45:51.470+0200: 4,061: Total time for which application threads were stopped: 0,0005283 seconds, Stopping threads took: 0,0000243 seconds
2017-06-11T19:45:51.482+0200: 4,073: Total time for which application threads were stopped: 0,0001624 seconds, Stopping threads took: 0,0000556 seconds
2017-06-11T19:45:51.483+0200: 4,073: Total time for which application threads were stopped: 0,0001476 seconds, Stopping threads took: 0,0000374 seconds
2017-06-11T19:45:51.485+0200: 4,076: Total time for which application threads were stopped: 0,0005726 seconds, Stopping threads took: 0,0004856 seconds
2017-06-11T19:45:51.491+0200: 4,082: Total time for which application threads were stopped: 0,0004574 seconds, Stopping threads took: 0,0003311 seconds
2017-06-11T19:45:51.502+0200: 4,093: Total time for which application threads were stopped: 0,0001636 seconds, Stopping threads took: 0,0000375 seconds
2017-06-11T19:45:51.502+0200: 4,093: Total time for which application threads were stopped: 0,0001184 seconds, Stopping threads took: 0,0000631 seconds
2017-06-11T19:45:51.504+0200: 4,095: Total time for which application threads were stopped: 0,0001850 seconds, Stopping threads took: 0,0000845 seconds
2017-06-11T19:45:51.506+0200: 4,096: Total time for which application threads were stopped: 0,0005793 seconds, Stopping threads took: 0,0004986 seconds
2017-06-11T19:45:51.553+0200: 4,144: Total time for which application threads were stopped: 0,0006298 seconds, Stopping threads took: 0,0000934 seconds
2017-06-11T19:45:51.558+0200: 4,149: Total time for which application threads were stopped: 0,0001475 seconds, Stopping threads took: 0,0000564 seconds
2017-06-11T19:45:51.559+0200: 4,150: Total time for which application threads were stopped: 0,0001365 seconds, Stopping threads took: 0,0000461 seconds
2017-06-11T19:45:51.560+0200: 4,151: Total time for which application threads were stopped: 0,0001320 seconds, Stopping threads took: 0,0000481 seconds
2017-06-11T19:45:51.562+0200: 4,153: Total time for which application threads were stopped: 0,0016975 seconds, Stopping threads took: 0,0016190 seconds
2017-06-11T19:45:51.563+0200: 4,154: Total time for which application threads were stopped: 0,0001220 seconds, Stopping threads took: 0,0000346 seconds
2017-06-11T19:45:51.564+0200: 4,155: Total time for which application threads were stopped: 0,0001135 seconds, Stopping threads took: 0,0000310 seconds
2017-06-11T19:45:51.565+0200: 4,155: Total time for which application threads were stopped: 0,0000946 seconds, Stopping threads took: 0,0000204 seconds
2017-06-11T19:45:51.568+0200: 4,159: Total time for which application threads were stopped: 0,0001696 seconds, Stopping threads took: 0,0000695 seconds
2017-06-11T19:45:51.569+0200: 4,159: Total time for which application threads were stopped: 0,0000980 seconds, Stopping threads took: 0,0000289 seconds
2017-06-11T19:45:51.570+0200: 4,161: Total time for which application threads were stopped: 0,0001349 seconds, Stopping threads took: 0,0000338 seconds
2017-06-11T19:45:51.571+0200: 4,162: Total time for which application threads were stopped: 0,0002118 seconds, Stopping threads took: 0,0000342 seconds
2017-06-11T19:45:51.580+0200: 4,171: Total time for which application threads were stopped: 0,0001437 seconds, Stopping threads took: 0,0000394 seconds
2017-06-11T19:45:51.583+0200: 4,174: Total time for which application threads were stopped: 0,0001553 seconds, Stopping threads took: 0,0000487 seconds
2017-06-11T19:45:51.584+0200: 4,175: Total time for which application threads were stopped: 0,0001286 seconds, Stopping threads took: 0,0000405 seconds
2017-06-11T19:45:51.594+0200: 4,185: Total time for which application threads were stopped: 0,0001654 seconds, Stopping threads took: 0,0000628 seconds
2017-06-11T19:45:51.595+0200: 4,186: Total time for which application threads were stopped: 0,0001312 seconds, Stopping threads took: 0,0000379 seconds
2017-06-11T19:45:51.596+0200: 4,187: Total time for which application threads were stopped: 0,0001427 seconds, Stopping threads took: 0,0000396 seconds
2017-06-11T19:45:52.597+0200: 5,187: Total time for which application threads were stopped: 0,0000914 seconds, Stopping threads took: 0,0000174 seconds
2017-06-11T19:47:08.223+0200: 82,196: Total time for which application threads were stopped: 0,0001333 seconds, Stopping threads took: 0,0000336 seconds
2017-06-11T19:47:43.227+0200: 117,201: Total time for which application threads were stopped: 0,0001812 seconds, Stopping threads took: 0,0000745 seconds
2017-06-11T19:47:48.228+0200: 122,202: Total time for which application threads were stopped: 0,0000616 seconds, Stopping threads took: 0,0000154 seconds
{Heap before GC invocations=9 (full 1):
 par new generation   total 109248K, used 94221K [0x00000000e0000000, 0x00000000e8000000, 0x00000000e8000000)
  eden space 87424K, 100% used [0x00000000e0000000, 0x00000000e5560000, 0x00000000e5560000)
  from space 21824K,  31% used [0x00000000e6ab0000, 0x00000000e7153740, 0x00000000e8000000)
  to   space 21824K,   0% used [0x00000000e5560000, 0x00000000e5560000, 0x00000000e6ab0000)
 concurrent mark-sweep generation total 393216K, used 6087K [0x00000000e8000000, 0x0000000100000000, 0x0000000100000000)
 Metaspace       used 27972K, capacity 28552K, committed 28796K, reserved 1075200K
  class space    used 3211K, capacity 3387K, committed 3452K, reserved 1048576K
2017-06-11T19:48:41.929+0200: 175,902: [GC (Allocation Failure) 2017-06-11T19:48:41.929+0200: 175,902: [ParNew
Desired survivor size 20112992 bytes, new threshold 8 (max 8)
- age   1:   10727872 bytes,   10727872 total
- age   2:     236624 bytes,   10964496 total
- age   3:     247208 bytes,   11211704 total
- age   4:    1775664 bytes,   12987368 total
- age   5:      68568 bytes,   13055936 total
- age   6:     110984 bytes,   13166920 total
- age   7:        160 bytes,   13167080 total
- age   8:     187216 bytes,   13354296 total
: 94221K->14340K(109248K), 0,0148617 secs] 100309K->21214K(502464K), 0,0149499 secs] [Times: user=0,04 sys=0,01, real=0,02 secs] 
Heap after GC invocations=10 (full 1):
 par new generation   total 109248K, used 14340K [0x00000000e0000000, 0x00000000e8000000, 0x00000000e8000000)
  eden space 87424K,   0% used [0x00000000e0000000, 0x00000000e0000000, 0x00000000e5560000)
  from space 21824K,  65% used [0x00000000e5560000, 0x00000000e63612c8, 0x00000000e6ab0000)
  to   space 21824K,   0% used [0x00000000e6ab0000, 0x00000000e6ab0000, 0x00000000e8000000)
 concurrent mark-sweep generation total 393216K, used 6873K [0x00000000e8000000, 0x0000000100000000, 0x0000000100000000)
 Metaspace       used 27972K, capacity 28552K, committed 28796K, reserved 1075200K
  class space    used 3211K, capacity 3387K, committed 3452K, reserved 1048576K
}
2017-06-11T19:48:41.944+0200: 175,917: Total time for which application threads were stopped: 0,0151037 seconds, Stopping threads took: 0,0000249 seconds
2017-06-11T19:48:46.945+0200: 180,918: Total time for which application threads were stopped: 0,0000785 seconds, Stopping threads took: 0,0000170 seconds
2017-06-11T19:50:21.956+0200: 275,930: Total time for which application threads were stopped: 0,0000987 seconds, Stopping threads took: 0,0000371 seconds
2017-06-11T19:50:22.957+0200: 276,930: Total time for which application threads were stopped: 0,0000652 seconds, Stopping threads took: 0,0000162 seconds
2017-06-11T19:56:33.001+0200: 646,975: Total time for which application threads were stopped: 0,0000948 seconds, Stopping threads took: 0,0000364 seconds
2017-06-11T20:01:53.039+0200: 967,013: Total time for which application threads were stopped: 0,0000979 seconds, Stopping threads took: 0,0000357 seconds
2017-06-11T20:09:17.097+0200: 1411,071: Total time for which application threads were stopped: 0,0003479 seconds, Stopping threads took: 0,0001778 seconds
2017-06-11T21:47:25.122+0200: 1731,307: Total time for which application threads were stopped: 0,0000911 seconds, Stopping threads took: 0,0000355 seconds
2017-06-11T21:57:25.195+0200: 2331,381: Total time for which application threads were stopped: 0,0001022 seconds, Stopping threads took: 0,0000352 seconds
2017-06-11T21:57:26.196+0200: 2332,381: Total time for which application threads were stopped: 0,0000625 seconds, Stopping threads took: 0,0000144 seconds
2017-06-11T22:16:11.345+0200: 3457,530: Total time for which application threads were stopped: 0,0000807 seconds, Stopping threads took: 0,0000331 seconds
2017-06-11T22:22:25.329+0200: 3831,514: Total time for which application threads were stopped: 0,0076457 seconds, Stopping threads took: 0,0075402 seconds
2017-06-11T22:22:25.329+0200: 3831,514: Total time for which application threads were stopped: 0,0000688 seconds, Stopping threads took: 0,0000185 seconds
2017-06-11T22:22:25.334+0200: 3831,519: Total time for which application threads were stopped: 0,0001971 seconds, Stopping threads took: 0,0000847 seconds
2017-06-11T22:22:25.377+0200: 3831,563: Total time for which application threads were stopped: 0,0012030 seconds, Stopping threads took: 0,0011117 seconds
2017-06-11T22:22:25.383+0200: 3831,569: Total time for which application threads were stopped: 0,0001070 seconds, Stopping threads took: 0,0000224 seconds
2017-06-11T22:22:25.385+0200: 3831,570: Total time for which application threads were stopped: 0,0001340 seconds, Stopping threads took: 0,0000233 seconds
Heap
 par new generation   total 109248K, used 32608K [0x00000000e0000000, 0x00000000e8000000, 0x00000000e8000000)
  eden space 87424K,  20% used [0x00000000e0000000, 0x00000000e11d6fd0, 0x00000000e5560000)
  from space 21824K,  65% used [0x00000000e5560000, 0x00000000e63612c8, 0x00000000e6ab0000)
  to   space 21824K,   0% used [0x00000000e6ab0000, 0x00000000e6ab0000, 0x00000000e8000000)
 concurrent mark-sweep generation total 393216K, used 6873K [0x00000000e8000000, 0x0000000100000000, 0x0000000100000000)
 Metaspace       used 28090K, capacity 28594K, committed 28796K, reserved 1075200K
  class space    used 3225K, capacity 3422K, committed 3452K, reserved 1048576K
