OpenJDK 64-Bit Server VM (25.131-b11) for linux-amd64 JRE (1.8.0_131-8u131-b11-2ubuntu1.16.04.3-b11), built on Jul 28 2017 01:23:32 by "buildd" with gcc 5.4.0 20160609
Memory: 4k page, physical 7867732k(7416084k free), swap 8076284k(8076284k free)
CommandLine flags: -XX:CMSInitiatingOccupancyFraction=50 -XX:CMSMaxAbortablePrecleanTime=6000 -XX:+CMSParallelRemarkEnabled -XX:+CMSScavengeBeforeRemark -XX:ConcGCThreads=4 -XX:InitialHeapSize=536870912 -XX:MaxHeapSize=536870912 -XX:MaxTenuringThreshold=8 -XX:NewRatio=3 -XX:OldPLABSize=16 -XX:OnOutOfMemoryError=/opt/solr/bin/oom_solr.sh 8983 /var/solr/logs -XX:ParallelGCThreads=4 -XX:+ParallelRefProcEnabled -XX:PretenureSizeThreshold=67108864 -XX:+PrintGC -XX:+PrintGCApplicationStoppedTime -XX:+PrintGCDateStamps -XX:+PrintGCDetails -XX:+PrintGCTimeStamps -XX:+PrintHeapAtGC -XX:+PrintTenuringDistribution -XX:SurvivorRatio=4 -XX:TargetSurvivorRatio=90 -XX:ThreadStackSize=256 -XX:+UseCMSInitiatingOccupancyOnly -XX:+UseCompressedClassPointers -XX:+UseCompressedOops -XX:+UseConcMarkSweepGC -XX:+UseParNewGC 
2017-08-04T20:31:25.113+0200: 0,250: Total time for which application threads were stopped: 0,0000975 seconds, Stopping threads took: 0,0000130 seconds
2017-08-04T20:31:25.236+0200: 0,373: Total time for which application threads were stopped: 0,0000956 seconds, Stopping threads took: 0,0000132 seconds
2017-08-04T20:31:25.373+0200: 0,509: Total time for which application threads were stopped: 0,0000980 seconds, Stopping threads took: 0,0000174 seconds
2017-08-04T20:31:25.876+0200: 1,013: Total time for which application threads were stopped: 0,0002613 seconds, Stopping threads took: 0,0000135 seconds
2017-08-04T20:31:26.368+0200: 1,504: Total time for which application threads were stopped: 0,0001746 seconds, Stopping threads took: 0,0000170 seconds
2017-08-04T20:31:26.475+0200: 1,611: Total time for which application threads were stopped: 0,0001772 seconds, Stopping threads took: 0,0000167 seconds
2017-08-04T20:31:26.505+0200: 1,641: Total time for which application threads were stopped: 0,0002049 seconds, Stopping threads took: 0,0000310 seconds
2017-08-04T20:31:26.905+0200: 2,042: Total time for which application threads were stopped: 0,0010005 seconds, Stopping threads took: 0,0000785 seconds
2017-08-04T20:31:27.186+0200: 2,323: Total time for which application threads were stopped: 0,0002429 seconds, Stopping threads took: 0,0000214 seconds
2017-08-04T20:31:27.225+0200: 2,361: Total time for which application threads were stopped: 0,0001957 seconds, Stopping threads took: 0,0000264 seconds
2017-08-04T20:31:27.264+0200: 2,400: Total time for which application threads were stopped: 0,0002394 seconds, Stopping threads took: 0,0000238 seconds
2017-08-04T20:31:27.265+0200: 2,401: Total time for which application threads were stopped: 0,0002064 seconds, Stopping threads took: 0,0000205 seconds
2017-08-04T20:31:27.294+0200: 2,430: Total time for which application threads were stopped: 0,0001843 seconds, Stopping threads took: 0,0000131 seconds
2017-08-04T20:31:27.381+0200: 2,517: Total time for which application threads were stopped: 0,0002553 seconds, Stopping threads took: 0,0000285 seconds
2017-08-04T20:31:27.609+0200: 2,746: Total time for which application threads were stopped: 0,0002707 seconds, Stopping threads took: 0,0000477 seconds
{Heap before GC invocations=0 (full 0):
 par new generation   total 109248K, used 87424K [0x00000000e0000000, 0x00000000e8000000, 0x00000000e8000000)
  eden space 87424K, 100% used [0x00000000e0000000, 0x00000000e5560000, 0x00000000e5560000)
  from space 21824K,   0% used [0x00000000e5560000, 0x00000000e5560000, 0x00000000e6ab0000)
  to   space 21824K,   0% used [0x00000000e6ab0000, 0x00000000e6ab0000, 0x00000000e8000000)
 concurrent mark-sweep generation total 393216K, used 0K [0x00000000e8000000, 0x0000000100000000, 0x0000000100000000)
 Metaspace       used 18046K, capacity 18400K, committed 18688K, reserved 1064960K
  class space    used 2035K, capacity 2196K, committed 2304K, reserved 1048576K
2017-08-04T20:31:27.729+0200: 2,866: [GC (Allocation Failure) 2017-08-04T20:31:27.730+0200: 2,866: [ParNew
Desired survivor size 20112992 bytes, new threshold 8 (max 8)
- age   1:   12601912 bytes,   12601912 total
: 87424K->12423K(109248K), 0,0256330 secs] 87424K->12423K(502464K), 0,0257107 secs] [Times: user=0,05 sys=0,00, real=0,02 secs] 
Heap after GC invocations=1 (full 0):
 par new generation   total 109248K, used 12423K [0x00000000e0000000, 0x00000000e8000000, 0x00000000e8000000)
  eden space 87424K,   0% used [0x00000000e0000000, 0x00000000e0000000, 0x00000000e5560000)
  from space 21824K,  56% used [0x00000000e6ab0000, 0x00000000e76d1ee0, 0x00000000e8000000)
  to   space 21824K,   0% used [0x00000000e5560000, 0x00000000e5560000, 0x00000000e6ab0000)
 concurrent mark-sweep generation total 393216K, used 0K [0x00000000e8000000, 0x0000000100000000, 0x0000000100000000)
 Metaspace       used 18046K, capacity 18400K, committed 18688K, reserved 1064960K
  class space    used 2035K, capacity 2196K, committed 2304K, reserved 1048576K
}
2017-08-04T20:31:27.755+0200: 2,892: Total time for which application threads were stopped: 0,0308045 seconds, Stopping threads took: 0,0048676 seconds
2017-08-04T20:31:28.193+0200: 3,329: Total time for which application threads were stopped: 0,0002875 seconds, Stopping threads took: 0,0000362 seconds
{Heap before GC invocations=1 (full 0):
 par new generation   total 109248K, used 99847K [0x00000000e0000000, 0x00000000e8000000, 0x00000000e8000000)
  eden space 87424K, 100% used [0x00000000e0000000, 0x00000000e5560000, 0x00000000e5560000)
  from space 21824K,  56% used [0x00000000e6ab0000, 0x00000000e76d1ee0, 0x00000000e8000000)
  to   space 21824K,   0% used [0x00000000e5560000, 0x00000000e5560000, 0x00000000e6ab0000)
 concurrent mark-sweep generation total 393216K, used 0K [0x00000000e8000000, 0x0000000100000000, 0x0000000100000000)
 Metaspace       used 20068K, capacity 20414K, committed 20736K, reserved 1067008K
  class space    used 2294K, capacity 2465K, committed 2560K, reserved 1048576K
2017-08-04T20:31:28.251+0200: 3,387: [GC (Allocation Failure) 2017-08-04T20:31:28.251+0200: 3,387: [ParNew
Desired survivor size 20112992 bytes, new threshold 8 (max 8)
- age   1:    3606024 bytes,    3606024 total
- age   2:    6670016 bytes,   10276040 total
: 99847K->15764K(109248K), 0,0201996 secs] 99847K->15764K(502464K), 0,0202790 secs] [Times: user=0,04 sys=0,00, real=0,02 secs] 
Heap after GC invocations=2 (full 0):
 par new generation   total 109248K, used 15764K [0x00000000e0000000, 0x00000000e8000000, 0x00000000e8000000)
  eden space 87424K,   0% used [0x00000000e0000000, 0x00000000e0000000, 0x00000000e5560000)
  from space 21824K,  72% used [0x00000000e5560000, 0x00000000e64c5140, 0x00000000e6ab0000)
  to   space 21824K,   0% used [0x00000000e6ab0000, 0x00000000e6ab0000, 0x00000000e8000000)
 concurrent mark-sweep generation total 393216K, used 0K [0x00000000e8000000, 0x0000000100000000, 0x0000000100000000)
 Metaspace       used 20068K, capacity 20414K, committed 20736K, reserved 1067008K
  class space    used 2294K, capacity 2465K, committed 2560K, reserved 1048576K
}
2017-08-04T20:31:28.271+0200: 3,408: Total time for which application threads were stopped: 0,0207656 seconds, Stopping threads took: 0,0000511 seconds
2017-08-04T20:31:28.317+0200: 3,454: Total time for which application threads were stopped: 0,0004400 seconds, Stopping threads took: 0,0001000 seconds
2017-08-04T20:31:28.494+0200: 3,630: Total time for which application threads were stopped: 0,0002680 seconds, Stopping threads took: 0,0000894 seconds
{Heap before GC invocations=2 (full 0):
 par new generation   total 109248K, used 103188K [0x00000000e0000000, 0x00000000e8000000, 0x00000000e8000000)
  eden space 87424K, 100% used [0x00000000e0000000, 0x00000000e5560000, 0x00000000e5560000)
  from space 21824K,  72% used [0x00000000e5560000, 0x00000000e64c5140, 0x00000000e6ab0000)
  to   space 21824K,   0% used [0x00000000e6ab0000, 0x00000000e6ab0000, 0x00000000e8000000)
 concurrent mark-sweep generation total 393216K, used 0K [0x00000000e8000000, 0x0000000100000000, 0x0000000100000000)
 Metaspace       used 20963K, capacity 21272K, committed 21628K, reserved 1069056K
  class space    used 2414K, capacity 2584K, committed 2684K, reserved 1048576K
2017-08-04T20:31:28.541+0200: 3,678: [GC (Allocation Failure) 2017-08-04T20:31:28.541+0200: 3,678: [ParNew
Desired survivor size 20112992 bytes, new threshold 8 (max 8)
- age   1:    2331176 bytes,    2331176 total
- age   2:     876296 bytes,    3207472 total
- age   3:    6666320 bytes,    9873792 total
: 103188K->12318K(109248K), 0,0295972 secs] 103188K->12318K(502464K), 0,0296899 secs] [Times: user=0,08 sys=0,00, real=0,03 secs] 
Heap after GC invocations=3 (full 0):
 par new generation   total 109248K, used 12318K [0x00000000e0000000, 0x00000000e8000000, 0x00000000e8000000)
  eden space 87424K,   0% used [0x00000000e0000000, 0x00000000e0000000, 0x00000000e5560000)
  from space 21824K,  56% used [0x00000000e6ab0000, 0x00000000e76b7870, 0x00000000e8000000)
  to   space 21824K,   0% used [0x00000000e5560000, 0x00000000e5560000, 0x00000000e6ab0000)
 concurrent mark-sweep generation total 393216K, used 0K [0x00000000e8000000, 0x0000000100000000, 0x0000000100000000)
 Metaspace       used 20963K, capacity 21272K, committed 21628K, reserved 1069056K
  class space    used 2414K, capacity 2584K, committed 2684K, reserved 1048576K
}
2017-08-04T20:31:28.571+0200: 3,708: Total time for which application threads were stopped: 0,0335797 seconds, Stopping threads took: 0,0037067 seconds
2017-08-04T20:31:28.581+0200: 3,718: [GC (CMS Initial Mark) [1 CMS-initial-mark: 0K(393216K)] 18627K(502464K), 0,0114322 secs] [Times: user=0,02 sys=0,00, real=0,01 secs] 
2017-08-04T20:31:28.593+0200: 3,729: Total time for which application threads were stopped: 0,0116369 seconds, Stopping threads took: 0,0000633 seconds
2017-08-04T20:31:28.593+0200: 3,729: [CMS-concurrent-mark-start]
2017-08-04T20:31:28.593+0200: 3,730: [CMS-concurrent-mark: 0,000/0,000 secs] [Times: user=0,00 sys=0,00, real=0,00 secs] 
2017-08-04T20:31:28.593+0200: 3,730: [CMS-concurrent-preclean-start]
2017-08-04T20:31:28.595+0200: 3,731: [CMS-concurrent-preclean: 0,001/0,001 secs] [Times: user=0,00 sys=0,01, real=0,00 secs] 
2017-08-04T20:31:28.595+0200: 3,731: [CMS-concurrent-abortable-preclean-start]
2017-08-04T20:31:28.677+0200: 3,814: Total time for which application threads were stopped: 0,0001805 seconds, Stopping threads took: 0,0000682 seconds
2017-08-04T20:31:28.677+0200: 3,814: [CMS-concurrent-abortable-preclean: 0,077/0,083 secs] [Times: user=0,25 sys=0,00, real=0,08 secs] 
2017-08-04T20:31:28.677+0200: 3,814: [GC (CMS Final Remark) [YG occupancy: 60734 K (109248 K)]{Heap before GC invocations=3 (full 1):
 par new generation   total 109248K, used 60734K [0x00000000e0000000, 0x00000000e8000000, 0x00000000e8000000)
  eden space 87424K,  55% used [0x00000000e0000000, 0x00000000e2f481f8, 0x00000000e5560000)
  from space 21824K,  56% used [0x00000000e6ab0000, 0x00000000e76b7870, 0x00000000e8000000)
  to   space 21824K,   0% used [0x00000000e5560000, 0x00000000e5560000, 0x00000000e6ab0000)
 concurrent mark-sweep generation total 393216K, used 0K [0x00000000e8000000, 0x0000000100000000, 0x0000000100000000)
 Metaspace       used 21165K, capacity 21488K, committed 21884K, reserved 1069056K
  class space    used 2433K, capacity 2588K, committed 2684K, reserved 1048576K
2017-08-04T20:31:28.677+0200: 3,814: [GC (CMS Final Remark) 2017-08-04T20:31:28.677+0200: 3,814: [ParNew
Desired survivor size 20112992 bytes, new threshold 8 (max 8)
- age   1:    1304944 bytes,    1304944 total
- age   2:    1445488 bytes,    2750432 total
- age   3:     844952 bytes,    3595384 total
- age   4:    6666344 bytes,   10261728 total
: 60734K->14615K(109248K), 0,0175118 secs] 60734K->14615K(502464K), 0,0175491 secs] [Times: user=0,05 sys=0,00, real=0,01 secs] 
Heap after GC invocations=4 (full 1):
 par new generation   total 109248K, used 14615K [0x00000000e0000000, 0x00000000e8000000, 0x00000000e8000000)
  eden space 87424K,   0% used [0x00000000e0000000, 0x00000000e0000000, 0x00000000e5560000)
  from space 21824K,  66% used [0x00000000e5560000, 0x00000000e63a5d98, 0x00000000e6ab0000)
  to   space 21824K,   0% used [0x00000000e6ab0000, 0x00000000e6ab0000, 0x00000000e8000000)
 concurrent mark-sweep generation total 393216K, used 0K [0x00000000e8000000, 0x0000000100000000, 0x0000000100000000)
 Metaspace       used 21165K, capacity 21488K, committed 21884K, reserved 1069056K
  class space    used 2433K, capacity 2588K, committed 2684K, reserved 1048576K
}
2017-08-04T20:31:28.695+0200: 3,832: [Rescan (parallel) , 0,0054479 secs]2017-08-04T20:31:28.701+0200: 3,837: [weak refs processing, 0,0015984 secs]2017-08-04T20:31:28.702+0200: 3,839: [class unloading, 0,0036448 secs]2017-08-04T20:31:28.706+0200: 3,842: [scrub symbol table, 0,0036394 secs]2017-08-04T20:31:28.709+0200: 3,846: [scrub string table, 0,0004545 secs][1 CMS-remark: 0K(393216K)] 14615K(502464K), 0,0331677 secs] [Times: user=0,07 sys=0,00, real=0,03 secs] 
2017-08-04T20:31:28.711+0200: 3,847: Total time for which application threads were stopped: 0,0333430 seconds, Stopping threads took: 0,0000858 seconds
2017-08-04T20:31:28.711+0200: 3,847: [CMS-concurrent-sweep-start]
2017-08-04T20:31:28.711+0200: 3,847: [CMS-concurrent-sweep: 0,000/0,000 secs] [Times: user=0,00 sys=0,00, real=0,00 secs] 
2017-08-04T20:31:28.711+0200: 3,847: [CMS-concurrent-reset-start]
2017-08-04T20:31:28.713+0200: 3,849: [CMS-concurrent-reset: 0,002/0,002 secs] [Times: user=0,00 sys=0,00, real=0,00 secs] 
{Heap before GC invocations=4 (full 1):
 par new generation   total 109248K, used 102039K [0x00000000e0000000, 0x00000000e8000000, 0x00000000e8000000)
  eden space 87424K, 100% used [0x00000000e0000000, 0x00000000e5560000, 0x00000000e5560000)
  from space 21824K,  66% used [0x00000000e5560000, 0x00000000e63a5d98, 0x00000000e6ab0000)
  to   space 21824K,   0% used [0x00000000e6ab0000, 0x00000000e6ab0000, 0x00000000e8000000)
 concurrent mark-sweep generation total 393216K, used 0K [0x00000000e8000000, 0x0000000100000000, 0x0000000100000000)
 Metaspace       used 21247K, capacity 21606K, committed 21884K, reserved 1069056K
  class space    used 2447K, capacity 2598K, committed 2684K, reserved 1048576K
2017-08-04T20:31:28.862+0200: 3,999: [GC (Allocation Failure) 2017-08-04T20:31:28.862+0200: 3,999: [ParNew
Desired survivor size 20112992 bytes, new threshold 8 (max 8)
- age   1:     911272 bytes,     911272 total
- age   2:      80976 bytes,     992248 total
- age   3:    1445488 bytes,    2437736 total
- age   4:     844776 bytes,    3282512 total
- age   5:    6666344 bytes,    9948856 total
: 102039K->13153K(109248K), 0,0280286 secs] 102039K->13153K(502464K), 0,0281073 secs] [Times: user=0,05 sys=0,00, real=0,03 secs] 
Heap after GC invocations=5 (full 1):
 par new generation   total 109248K, used 13153K [0x00000000e0000000, 0x00000000e8000000, 0x00000000e8000000)
  eden space 87424K,   0% used [0x00000000e0000000, 0x00000000e0000000, 0x00000000e5560000)
  from space 21824K,  60% used [0x00000000e6ab0000, 0x00000000e7788498, 0x00000000e8000000)
  to   space 21824K,   0% used [0x00000000e5560000, 0x00000000e5560000, 0x00000000e6ab0000)
 concurrent mark-sweep generation total 393216K, used 0K [0x00000000e8000000, 0x0000000100000000, 0x0000000100000000)
 Metaspace       used 21247K, capacity 21606K, committed 21884K, reserved 1069056K
  class space    used 2447K, capacity 2598K, committed 2684K, reserved 1048576K
}
2017-08-04T20:31:28.891+0200: 4,027: Total time for which application threads were stopped: 0,0283914 seconds, Stopping threads took: 0,0001086 seconds
2017-08-04T20:31:28.950+0200: 4,086: Total time for which application threads were stopped: 0,0015642 seconds, Stopping threads took: 0,0012775 seconds
2017-08-04T20:31:28.960+0200: 4,096: Total time for which application threads were stopped: 0,0001514 seconds, Stopping threads took: 0,0000559 seconds
2017-08-04T20:31:28.960+0200: 4,096: Total time for which application threads were stopped: 0,0000932 seconds, Stopping threads took: 0,0000364 seconds
2017-08-04T20:31:28.980+0200: 4,117: Total time for which application threads were stopped: 0,0002439 seconds, Stopping threads took: 0,0001435 seconds
2017-08-04T20:31:28.983+0200: 4,119: Total time for which application threads were stopped: 0,0008768 seconds, Stopping threads took: 0,0007910 seconds
2017-08-04T20:31:28.994+0200: 4,131: Total time for which application threads were stopped: 0,0001242 seconds, Stopping threads took: 0,0000335 seconds
2017-08-04T20:31:29.006+0200: 4,143: Total time for which application threads were stopped: 0,0001422 seconds, Stopping threads took: 0,0000436 seconds
2017-08-04T20:31:29.006+0200: 4,143: Total time for which application threads were stopped: 0,0001002 seconds, Stopping threads took: 0,0000397 seconds
2017-08-04T20:31:29.008+0200: 4,145: Total time for which application threads were stopped: 0,0001484 seconds, Stopping threads took: 0,0000403 seconds
2017-08-04T20:31:29.009+0200: 4,145: Total time for which application threads were stopped: 0,0000891 seconds, Stopping threads took: 0,0000194 seconds
2017-08-04T20:31:29.009+0200: 4,145: Total time for which application threads were stopped: 0,0000916 seconds, Stopping threads took: 0,0000151 seconds
2017-08-04T20:31:29.009+0200: 4,145: Total time for which application threads were stopped: 0,0000702 seconds, Stopping threads took: 0,0000176 seconds
2017-08-04T20:31:29.011+0200: 4,147: Total time for which application threads were stopped: 0,0003843 seconds, Stopping threads took: 0,0000401 seconds
2017-08-04T20:31:29.011+0200: 4,148: Total time for which application threads were stopped: 0,0001112 seconds, Stopping threads took: 0,0000201 seconds
2017-08-04T20:31:29.012+0200: 4,148: Total time for which application threads were stopped: 0,0001138 seconds, Stopping threads took: 0,0000541 seconds
2017-08-04T20:31:29.013+0200: 4,150: Total time for which application threads were stopped: 0,0001204 seconds, Stopping threads took: 0,0000247 seconds
2017-08-04T20:31:29.015+0200: 4,152: Total time for which application threads were stopped: 0,0001454 seconds, Stopping threads took: 0,0000402 seconds
2017-08-04T20:31:29.016+0200: 4,153: Total time for which application threads were stopped: 0,0001342 seconds, Stopping threads took: 0,0000388 seconds
2017-08-04T20:31:29.018+0200: 4,154: Total time for which application threads were stopped: 0,0001141 seconds, Stopping threads took: 0,0000444 seconds
2017-08-04T20:31:29.018+0200: 4,155: Total time for which application threads were stopped: 0,0000497 seconds, Stopping threads took: 0,0000110 seconds
2017-08-04T20:31:29.021+0200: 4,157: Total time for which application threads were stopped: 0,0001236 seconds, Stopping threads took: 0,0000406 seconds
2017-08-04T20:31:29.021+0200: 4,157: Total time for which application threads were stopped: 0,0000773 seconds, Stopping threads took: 0,0000296 seconds
2017-08-04T20:31:29.021+0200: 4,158: Total time for which application threads were stopped: 0,0000899 seconds, Stopping threads took: 0,0000233 seconds
2017-08-04T20:31:29.022+0200: 4,158: Total time for which application threads were stopped: 0,0001471 seconds, Stopping threads took: 0,0000780 seconds
2017-08-04T20:31:29.029+0200: 4,166: Total time for which application threads were stopped: 0,0001430 seconds, Stopping threads took: 0,0000447 seconds
2017-08-04T20:31:29.060+0200: 4,197: Total time for which application threads were stopped: 0,0009513 seconds, Stopping threads took: 0,0008526 seconds
2017-08-04T20:31:29.084+0200: 4,220: Total time for which application threads were stopped: 0,0001168 seconds, Stopping threads took: 0,0000207 seconds
2017-08-04T20:31:29.193+0200: 4,330: Total time for which application threads were stopped: 0,0042562 seconds, Stopping threads took: 0,0040231 seconds
2017-08-04T20:31:29.210+0200: 4,347: Total time for which application threads were stopped: 0,0012345 seconds, Stopping threads took: 0,0011382 seconds
2017-08-04T20:31:29.249+0200: 4,386: Total time for which application threads were stopped: 0,0011197 seconds, Stopping threads took: 0,0009980 seconds
2017-08-04T20:31:29.297+0200: 4,434: Total time for which application threads were stopped: 0,0001542 seconds, Stopping threads took: 0,0000617 seconds
2017-08-04T20:31:29.314+0200: 4,451: Total time for which application threads were stopped: 0,0001697 seconds, Stopping threads took: 0,0000631 seconds
2017-08-04T20:31:29.317+0200: 4,454: Total time for which application threads were stopped: 0,0001110 seconds, Stopping threads took: 0,0000359 seconds
2017-08-04T20:31:29.317+0200: 4,454: Total time for which application threads were stopped: 0,0001671 seconds, Stopping threads took: 0,0001212 seconds
2017-08-04T20:31:29.318+0200: 4,455: Total time for which application threads were stopped: 0,0004049 seconds, Stopping threads took: 0,0003274 seconds
2017-08-04T20:31:29.327+0200: 4,464: Total time for which application threads were stopped: 0,0018872 seconds, Stopping threads took: 0,0017805 seconds
2017-08-04T20:31:29.328+0200: 4,465: Total time for which application threads were stopped: 0,0008211 seconds, Stopping threads took: 0,0007547 seconds
2017-08-04T20:31:29.328+0200: 4,465: Total time for which application threads were stopped: 0,0000630 seconds, Stopping threads took: 0,0000167 seconds
2017-08-04T20:31:29.329+0200: 4,465: Total time for which application threads were stopped: 0,0000807 seconds, Stopping threads took: 0,0000245 seconds
2017-08-04T20:31:29.329+0200: 4,465: Total time for which application threads were stopped: 0,0000496 seconds, Stopping threads took: 0,0000085 seconds
2017-08-04T20:31:29.329+0200: 4,466: Total time for which application threads were stopped: 0,0001051 seconds, Stopping threads took: 0,0000597 seconds
2017-08-04T20:31:29.329+0200: 4,466: Total time for which application threads were stopped: 0,0000622 seconds, Stopping threads took: 0,0000193 seconds
2017-08-04T20:31:29.329+0200: 4,466: Total time for which application threads were stopped: 0,0000702 seconds, Stopping threads took: 0,0000219 seconds
2017-08-04T20:31:29.330+0200: 4,466: Total time for which application threads were stopped: 0,0000684 seconds, Stopping threads took: 0,0000091 seconds
2017-08-04T20:31:29.330+0200: 4,466: Total time for which application threads were stopped: 0,0000561 seconds, Stopping threads took: 0,0000073 seconds
2017-08-04T20:31:29.330+0200: 4,466: Total time for which application threads were stopped: 0,0000608 seconds, Stopping threads took: 0,0000076 seconds
2017-08-04T20:31:29.330+0200: 4,466: Total time for which application threads were stopped: 0,0000592 seconds, Stopping threads took: 0,0000095 seconds
2017-08-04T20:31:29.330+0200: 4,466: Total time for which application threads were stopped: 0,0000692 seconds, Stopping threads took: 0,0000073 seconds
2017-08-04T20:31:29.330+0200: 4,467: Total time for which application threads were stopped: 0,0000749 seconds, Stopping threads took: 0,0000086 seconds
2017-08-04T20:31:29.330+0200: 4,467: Total time for which application threads were stopped: 0,0001605 seconds, Stopping threads took: 0,0000079 seconds
2017-08-04T20:31:29.332+0200: 4,468: Total time for which application threads were stopped: 0,0001011 seconds, Stopping threads took: 0,0000145 seconds
2017-08-04T20:31:29.334+0200: 4,470: Total time for which application threads were stopped: 0,0001992 seconds, Stopping threads took: 0,0001260 seconds
2017-08-04T20:31:29.334+0200: 4,471: Total time for which application threads were stopped: 0,0000694 seconds, Stopping threads took: 0,0000117 seconds
2017-08-04T20:31:29.336+0200: 4,473: Total time for which application threads were stopped: 0,0001528 seconds, Stopping threads took: 0,0000473 seconds
2017-08-04T20:31:29.336+0200: 4,473: Total time for which application threads were stopped: 0,0001412 seconds, Stopping threads took: 0,0000319 seconds
2017-08-04T20:31:29.336+0200: 4,473: Total time for which application threads were stopped: 0,0001055 seconds, Stopping threads took: 0,0000320 seconds
2017-08-04T20:31:29.337+0200: 4,473: Total time for which application threads were stopped: 0,0000578 seconds, Stopping threads took: 0,0000140 seconds
2017-08-04T20:31:29.337+0200: 4,473: Total time for which application threads were stopped: 0,0000751 seconds, Stopping threads took: 0,0000095 seconds
2017-08-04T20:31:29.337+0200: 4,473: Total time for which application threads were stopped: 0,0000649 seconds, Stopping threads took: 0,0000081 seconds
2017-08-04T20:31:29.337+0200: 4,473: Total time for which application threads were stopped: 0,0000658 seconds, Stopping threads took: 0,0000090 seconds
2017-08-04T20:31:29.337+0200: 4,474: Total time for which application threads were stopped: 0,0002765 seconds, Stopping threads took: 0,0000080 seconds
2017-08-04T20:31:29.342+0200: 4,478: Total time for which application threads were stopped: 0,0035193 seconds, Stopping threads took: 0,0030646 seconds
2017-08-04T20:31:29.344+0200: 4,480: Total time for which application threads were stopped: 0,0001358 seconds, Stopping threads took: 0,0000658 seconds
2017-08-04T20:31:29.344+0200: 4,480: Total time for which application threads were stopped: 0,0000458 seconds, Stopping threads took: 0,0000104 seconds
2017-08-04T20:31:29.348+0200: 4,484: Total time for which application threads were stopped: 0,0001565 seconds, Stopping threads took: 0,0000497 seconds
2017-08-04T20:31:29.350+0200: 4,486: Total time for which application threads were stopped: 0,0001534 seconds, Stopping threads took: 0,0000666 seconds
2017-08-04T20:31:29.350+0200: 4,487: Total time for which application threads were stopped: 0,0000968 seconds, Stopping threads took: 0,0000366 seconds
2017-08-04T20:31:29.350+0200: 4,487: Total time for which application threads were stopped: 0,0000678 seconds, Stopping threads took: 0,0000180 seconds
2017-08-04T20:31:29.350+0200: 4,487: Total time for which application threads were stopped: 0,0000649 seconds, Stopping threads took: 0,0000117 seconds
2017-08-04T20:31:29.356+0200: 4,492: Total time for which application threads were stopped: 0,0001222 seconds, Stopping threads took: 0,0000459 seconds
2017-08-04T20:31:29.359+0200: 4,496: Total time for which application threads were stopped: 0,0005233 seconds, Stopping threads took: 0,0000741 seconds
2017-08-04T20:31:29.365+0200: 4,502: Total time for which application threads were stopped: 0,0002064 seconds, Stopping threads took: 0,0001029 seconds
2017-08-04T20:31:29.366+0200: 4,502: Total time for which application threads were stopped: 0,0000617 seconds, Stopping threads took: 0,0000114 seconds
2017-08-04T20:31:29.366+0200: 4,503: Total time for which application threads were stopped: 0,0000930 seconds, Stopping threads took: 0,0000175 seconds
2017-08-04T20:31:29.367+0200: 4,503: Total time for which application threads were stopped: 0,0001244 seconds, Stopping threads took: 0,0000370 seconds
2017-08-04T20:31:29.367+0200: 4,504: Total time for which application threads were stopped: 0,0001251 seconds, Stopping threads took: 0,0000209 seconds
2017-08-04T20:31:29.367+0200: 4,504: Total time for which application threads were stopped: 0,0000708 seconds, Stopping threads took: 0,0000195 seconds
2017-08-04T20:31:29.367+0200: 4,504: Total time for which application threads were stopped: 0,0000744 seconds, Stopping threads took: 0,0000178 seconds
2017-08-04T20:31:29.368+0200: 4,504: Total time for which application threads were stopped: 0,0000786 seconds, Stopping threads took: 0,0000252 seconds
2017-08-04T20:31:29.368+0200: 4,504: Total time for which application threads were stopped: 0,0000678 seconds, Stopping threads took: 0,0000197 seconds
2017-08-04T20:31:29.368+0200: 4,504: Total time for which application threads were stopped: 0,0000635 seconds, Stopping threads took: 0,0000194 seconds
2017-08-04T20:31:29.368+0200: 4,505: Total time for which application threads were stopped: 0,0000776 seconds, Stopping threads took: 0,0000246 seconds
2017-08-04T20:31:29.368+0200: 4,505: Total time for which application threads were stopped: 0,0000629 seconds, Stopping threads took: 0,0000177 seconds
2017-08-04T20:31:29.368+0200: 4,505: Total time for which application threads were stopped: 0,0000704 seconds, Stopping threads took: 0,0000107 seconds
2017-08-04T20:31:29.372+0200: 4,509: Total time for which application threads were stopped: 0,0002372 seconds, Stopping threads took: 0,0000566 seconds
2017-08-04T20:31:29.375+0200: 4,512: Total time for which application threads were stopped: 0,0001350 seconds, Stopping threads took: 0,0000492 seconds
2017-08-04T20:31:29.384+0200: 4,521: Total time for which application threads were stopped: 0,0001540 seconds, Stopping threads took: 0,0000555 seconds
2017-08-04T20:31:29.385+0200: 4,522: Total time for which application threads were stopped: 0,0001281 seconds, Stopping threads took: 0,0000486 seconds
2017-08-04T20:31:29.405+0200: 4,542: Total time for which application threads were stopped: 0,0027529 seconds, Stopping threads took: 0,0026747 seconds
2017-08-04T20:31:29.411+0200: 4,547: Total time for which application threads were stopped: 0,0001349 seconds, Stopping threads took: 0,0000636 seconds
2017-08-04T20:31:29.411+0200: 4,548: Total time for which application threads were stopped: 0,0002154 seconds, Stopping threads took: 0,0001780 seconds
2017-08-04T20:31:29.413+0200: 4,550: Total time for which application threads were stopped: 0,0013127 seconds, Stopping threads took: 0,0012320 seconds
2017-08-04T20:31:29.419+0200: 4,556: Total time for which application threads were stopped: 0,0000983 seconds, Stopping threads took: 0,0000230 seconds
{Heap before GC invocations=5 (full 1):
 par new generation   total 109248K, used 100558K [0x00000000e0000000, 0x00000000e8000000, 0x00000000e8000000)
  eden space 87424K,  99% used [0x00000000e0000000, 0x00000000e555b588, 0x00000000e5560000)
  from space 21824K,  60% used [0x00000000e6ab0000, 0x00000000e7788498, 0x00000000e8000000)
  to   space 21824K,   0% used [0x00000000e5560000, 0x00000000e5560000, 0x00000000e6ab0000)
 concurrent mark-sweep generation total 393216K, used 0K [0x00000000e8000000, 0x0000000100000000, 0x0000000100000000)
 Metaspace       used 23451K, capacity 23890K, committed 24188K, reserved 1071104K
  class space    used 2718K, capacity 2910K, committed 2940K, reserved 1048576K
2017-08-04T20:31:29.454+0200: 4,590: [GC (Allocation Failure) 2017-08-04T20:31:29.454+0200: 4,591: [ParNew
Desired survivor size 20112992 bytes, new threshold 8 (max 8)
- age   1:    4024776 bytes,    4024776 total
- age   2:     149568 bytes,    4174344 total
- age   3:      79816 bytes,    4254160 total
- age   4:     275544 bytes,    4529704 total
- age   5:     829168 bytes,    5358872 total
- age   6:    6658080 bytes,   12016952 total
: 100558K->14038K(109248K), 0,0189806 secs] 100558K->14038K(502464K), 0,0190701 secs] [Times: user=0,05 sys=0,00, real=0,02 secs] 
Heap after GC invocations=6 (full 1):
 par new generation   total 109248K, used 14038K [0x00000000e0000000, 0x00000000e8000000, 0x00000000e8000000)
  eden space 87424K,   0% used [0x00000000e0000000, 0x00000000e0000000, 0x00000000e5560000)
  from space 21824K,  64% used [0x00000000e5560000, 0x00000000e6315948, 0x00000000e6ab0000)
  to   space 21824K,   0% used [0x00000000e6ab0000, 0x00000000e6ab0000, 0x00000000e8000000)
 concurrent mark-sweep generation total 393216K, used 0K [0x00000000e8000000, 0x0000000100000000, 0x0000000100000000)
 Metaspace       used 23451K, capacity 23890K, committed 24188K, reserved 1071104K
  class space    used 2718K, capacity 2910K, committed 2940K, reserved 1048576K
}
2017-08-04T20:31:29.473+0200: 4,610: Total time for which application threads were stopped: 0,0193414 seconds, Stopping threads took: 0,0000709 seconds
{Heap before GC invocations=6 (full 1):
 par new generation   total 109248K, used 101462K [0x00000000e0000000, 0x00000000e8000000, 0x00000000e8000000)
  eden space 87424K, 100% used [0x00000000e0000000, 0x00000000e5560000, 0x00000000e5560000)
  from space 21824K,  64% used [0x00000000e5560000, 0x00000000e6315948, 0x00000000e6ab0000)
  to   space 21824K,   0% used [0x00000000e6ab0000, 0x00000000e6ab0000, 0x00000000e8000000)
 concurrent mark-sweep generation total 393216K, used 0K [0x00000000e8000000, 0x0000000100000000, 0x0000000100000000)
 Metaspace       used 24175K, capacity 24658K, committed 24828K, reserved 1071104K
  class space    used 2837K, capacity 3038K, committed 3068K, reserved 1048576K
2017-08-04T20:31:29.674+0200: 4,810: [GC (Allocation Failure) 2017-08-04T20:31:29.674+0200: 4,810: [ParNew
Desired survivor size 20112992 bytes, new threshold 8 (max 8)
- age   1:    2401744 bytes,    2401744 total
- age   2:    1385896 bytes,    3787640 total
- age   3:      76776 bytes,    3864416 total
- age   4:      45904 bytes,    3910320 total
- age   5:     187280 bytes,    4097600 total
- age   6:     766224 bytes,    4863824 total
- age   7:    6125520 bytes,   10989344 total
: 101462K->17635K(109248K), 0,0219117 secs] 101462K->17635K(502464K), 0,0219995 secs] [Times: user=0,07 sys=0,00, real=0,02 secs] 
Heap after GC invocations=7 (full 1):
 par new generation   total 109248K, used 17635K [0x00000000e0000000, 0x00000000e8000000, 0x00000000e8000000)
  eden space 87424K,   0% used [0x00000000e0000000, 0x00000000e0000000, 0x00000000e5560000)
  from space 21824K,  80% used [0x00000000e6ab0000, 0x00000000e7be8fd0, 0x00000000e8000000)
  to   space 21824K,   0% used [0x00000000e5560000, 0x00000000e5560000, 0x00000000e6ab0000)
 concurrent mark-sweep generation total 393216K, used 0K [0x00000000e8000000, 0x0000000100000000, 0x0000000100000000)
 Metaspace       used 24175K, capacity 24658K, committed 24828K, reserved 1071104K
  class space    used 2837K, capacity 3038K, committed 3068K, reserved 1048576K
}
2017-08-04T20:31:29.696+0200: 4,832: Total time for which application threads were stopped: 0,0224628 seconds, Stopping threads took: 0,0002464 seconds
2017-08-04T20:31:29.700+0200: 4,836: Total time for which application threads were stopped: 0,0006266 seconds, Stopping threads took: 0,0005176 seconds
2017-08-04T20:31:29.709+0200: 4,846: Total time for which application threads were stopped: 0,0001648 seconds, Stopping threads took: 0,0000542 seconds
2017-08-04T20:31:29.710+0200: 4,846: Total time for which application threads were stopped: 0,0000905 seconds, Stopping threads took: 0,0000120 seconds
{Heap before GC invocations=7 (full 1):
 par new generation   total 109248K, used 105059K [0x00000000e0000000, 0x00000000e8000000, 0x00000000e8000000)
  eden space 87424K, 100% used [0x00000000e0000000, 0x00000000e5560000, 0x00000000e5560000)
  from space 21824K,  80% used [0x00000000e6ab0000, 0x00000000e7be8fd0, 0x00000000e8000000)
  to   space 21824K,   0% used [0x00000000e5560000, 0x00000000e5560000, 0x00000000e6ab0000)
 concurrent mark-sweep generation total 393216K, used 0K [0x00000000e8000000, 0x0000000100000000, 0x0000000100000000)
 Metaspace       used 24485K, capacity 24936K, committed 25084K, reserved 1071104K
  class space    used 2861K, capacity 3042K, committed 3068K, reserved 1048576K
2017-08-04T20:31:29.806+0200: 4,942: [GC (Allocation Failure) 2017-08-04T20:31:29.806+0200: 4,942: [ParNew
Desired survivor size 20112992 bytes, new threshold 8 (max 8)
- age   1:    1176256 bytes,    1176256 total
- age   2:    1035576 bytes,    2211832 total
- age   3:    1382512 bytes,    3594344 total
- age   4:      76640 bytes,    3670984 total
- age   5:      45736 bytes,    3716720 total
- age   6:     184512 bytes,    3901232 total
- age   7:     765456 bytes,    4666688 total
- age   8:    6125064 bytes,   10791752 total
: 105059K->13005K(109248K), 0,0269575 secs] 105059K->13005K(502464K), 0,0270461 secs] [Times: user=0,06 sys=0,00, real=0,02 secs] 
Heap after GC invocations=8 (full 1):
 par new generation   total 109248K, used 13005K [0x00000000e0000000, 0x00000000e8000000, 0x00000000e8000000)
  eden space 87424K,   0% used [0x00000000e0000000, 0x00000000e0000000, 0x00000000e5560000)
  from space 21824K,  59% used [0x00000000e5560000, 0x00000000e62137c0, 0x00000000e6ab0000)
  to   space 21824K,   0% used [0x00000000e6ab0000, 0x00000000e6ab0000, 0x00000000e8000000)
 concurrent mark-sweep generation total 393216K, used 0K [0x00000000e8000000, 0x0000000100000000, 0x0000000100000000)
 Metaspace       used 24485K, capacity 24936K, committed 25084K, reserved 1071104K
  class space    used 2861K, capacity 3042K, committed 3068K, reserved 1048576K
}
2017-08-04T20:31:29.833+0200: 4,969: Total time for which application threads were stopped: 0,0272969 seconds, Stopping threads took: 0,0000440 seconds
2017-08-04T20:31:29.833+0200: 4,970: Total time for which application threads were stopped: 0,0001526 seconds, Stopping threads took: 0,0000463 seconds
2017-08-04T20:31:29.833+0200: 4,970: Total time for which application threads were stopped: 0,0001004 seconds, Stopping threads took: 0,0000114 seconds
2017-08-04T20:31:30.101+0200: 5,238: Total time for which application threads were stopped: 0,0039280 seconds, Stopping threads took: 0,0037663 seconds
2017-08-04T20:31:30.103+0200: 5,239: Total time for which application threads were stopped: 0,0002059 seconds, Stopping threads took: 0,0001193 seconds
2017-08-04T20:31:30.105+0200: 5,241: Total time for which application threads were stopped: 0,0001599 seconds, Stopping threads took: 0,0000324 seconds
2017-08-04T20:31:30.105+0200: 5,242: Total time for which application threads were stopped: 0,0001890 seconds, Stopping threads took: 0,0000895 seconds
2017-08-04T20:31:30.106+0200: 5,242: Total time for which application threads were stopped: 0,0001133 seconds, Stopping threads took: 0,0000235 seconds
{Heap before GC invocations=8 (full 1):
 par new generation   total 109248K, used 100429K [0x00000000e0000000, 0x00000000e8000000, 0x00000000e8000000)
  eden space 87424K, 100% used [0x00000000e0000000, 0x00000000e5560000, 0x00000000e5560000)
  from space 21824K,  59% used [0x00000000e5560000, 0x00000000e62137c0, 0x00000000e6ab0000)
  to   space 21824K,   0% used [0x00000000e6ab0000, 0x00000000e6ab0000, 0x00000000e8000000)
 concurrent mark-sweep generation total 393216K, used 0K [0x00000000e8000000, 0x0000000100000000, 0x0000000100000000)
 Metaspace       used 25110K, capacity 25560K, committed 25724K, reserved 1071104K
  class space    used 2908K, capacity 3077K, committed 3196K, reserved 1048576K
2017-08-04T20:31:30.128+0200: 5,264: [GC (Allocation Failure) 2017-08-04T20:31:30.128+0200: 5,264: [ParNew
Desired survivor size 20112992 bytes, new threshold 8 (max 8)
- age   1:    1790784 bytes,    1790784 total
- age   2:     165216 bytes,    1956000 total
- age   3:     580864 bytes,    2536864 total
- age   4:    1378208 bytes,    3915072 total
- age   5:      76608 bytes,    3991680 total
- age   6:      45704 bytes,    4037384 total
- age   7:     184048 bytes,    4221432 total
- age   8:     764560 bytes,    4985992 total
: 100429K->9204K(109248K), 0,0670948 secs] 100429K->15789K(502464K), 0,0671865 secs] [Times: user=0,09 sys=0,00, real=0,06 secs] 
Heap after GC invocations=9 (full 1):
 par new generation   total 109248K, used 9204K [0x00000000e0000000, 0x00000000e8000000, 0x00000000e8000000)
  eden space 87424K,   0% used [0x00000000e0000000, 0x00000000e0000000, 0x00000000e5560000)
  from space 21824K,  42% used [0x00000000e6ab0000, 0x00000000e73ad300, 0x00000000e8000000)
  to   space 21824K,   0% used [0x00000000e5560000, 0x00000000e5560000, 0x00000000e6ab0000)
 concurrent mark-sweep generation total 393216K, used 6584K [0x00000000e8000000, 0x0000000100000000, 0x0000000100000000)
 Metaspace       used 25110K, capacity 25560K, committed 25724K, reserved 1071104K
  class space    used 2908K, capacity 3077K, committed 3196K, reserved 1048576K
}
2017-08-04T20:31:30.195+0200: 5,332: Total time for which application threads were stopped: 0,0674574 seconds, Stopping threads took: 0,0001139 seconds
2017-08-04T20:31:30.242+0200: 5,378: Total time for which application threads were stopped: 0,0001390 seconds, Stopping threads took: 0,0000316 seconds
2017-08-04T20:31:30.253+0200: 5,390: Total time for which application threads were stopped: 0,0003759 seconds, Stopping threads took: 0,0000398 seconds
2017-08-04T20:31:30.263+0200: 5,400: Total time for which application threads were stopped: 0,0001800 seconds, Stopping threads took: 0,0001037 seconds
2017-08-04T20:31:30.265+0200: 5,402: Total time for which application threads were stopped: 0,0015217 seconds, Stopping threads took: 0,0014578 seconds
2017-08-04T20:31:30.266+0200: 5,402: Total time for which application threads were stopped: 0,0000641 seconds, Stopping threads took: 0,0000262 seconds
2017-08-04T20:31:30.266+0200: 5,402: Total time for which application threads were stopped: 0,0001057 seconds, Stopping threads took: 0,0000245 seconds
2017-08-04T20:31:30.282+0200: 5,418: Total time for which application threads were stopped: 0,0001786 seconds, Stopping threads took: 0,0000817 seconds
2017-08-04T20:31:30.309+0200: 5,446: Total time for which application threads were stopped: 0,0007252 seconds, Stopping threads took: 0,0001410 seconds
2017-08-04T20:31:30.382+0200: 5,519: Total time for which application threads were stopped: 0,0001962 seconds, Stopping threads took: 0,0000805 seconds
2017-08-04T20:31:30.389+0200: 5,526: Total time for which application threads were stopped: 0,0005534 seconds, Stopping threads took: 0,0000463 seconds
2017-08-04T20:31:30.406+0200: 5,543: Total time for which application threads were stopped: 0,0004484 seconds, Stopping threads took: 0,0000390 seconds
2017-08-04T20:31:30.514+0200: 5,651: Total time for which application threads were stopped: 0,0005251 seconds, Stopping threads took: 0,0000433 seconds
2017-08-04T20:31:30.519+0200: 5,656: Total time for which application threads were stopped: 0,0001443 seconds, Stopping threads took: 0,0000414 seconds
2017-08-04T20:31:30.520+0200: 5,656: Total time for which application threads were stopped: 0,0002064 seconds, Stopping threads took: 0,0000244 seconds
2017-08-04T20:31:30.532+0200: 5,669: Total time for which application threads were stopped: 0,0001276 seconds, Stopping threads took: 0,0000485 seconds
2017-08-04T20:31:30.542+0200: 5,679: Total time for which application threads were stopped: 0,0001602 seconds, Stopping threads took: 0,0000495 seconds
2017-08-04T20:31:30.581+0200: 5,718: Total time for which application threads were stopped: 0,0170850 seconds, Stopping threads took: 0,0169813 seconds
2017-08-04T20:31:30.582+0200: 5,718: Total time for which application threads were stopped: 0,0000798 seconds, Stopping threads took: 0,0000172 seconds
2017-08-04T20:31:30.597+0200: 5,733: Total time for which application threads were stopped: 0,0001453 seconds, Stopping threads took: 0,0000417 seconds
2017-08-04T20:31:30.613+0200: 5,750: Total time for which application threads were stopped: 0,0001669 seconds, Stopping threads took: 0,0000528 seconds
2017-08-04T20:31:30.642+0200: 5,778: Total time for which application threads were stopped: 0,0050883 seconds, Stopping threads took: 0,0048243 seconds
2017-08-04T20:31:30.661+0200: 5,798: Total time for which application threads were stopped: 0,0018920 seconds, Stopping threads took: 0,0017931 seconds
2017-08-04T20:31:30.669+0200: 5,806: Total time for which application threads were stopped: 0,0001318 seconds, Stopping threads took: 0,0000481 seconds
2017-08-04T20:31:30.704+0200: 5,840: Total time for which application threads were stopped: 0,0006091 seconds, Stopping threads took: 0,0000482 seconds
2017-08-04T20:31:30.754+0200: 5,890: Total time for which application threads were stopped: 0,0001212 seconds, Stopping threads took: 0,0000357 seconds
2017-08-04T20:33:22.770+0200: 117,907: Total time for which application threads were stopped: 0,0001638 seconds, Stopping threads took: 0,0000677 seconds
2017-08-04T20:33:27.771+0200: 122,908: Total time for which application threads were stopped: 0,0001203 seconds, Stopping threads took: 0,0000340 seconds
2017-08-04T20:34:26.782+0200: 181,918: Total time for which application threads were stopped: 0,0001733 seconds, Stopping threads took: 0,0000718 seconds
2017-08-04T20:34:27.782+0200: 182,919: Total time for which application threads were stopped: 0,0000703 seconds, Stopping threads took: 0,0000183 seconds
2017-08-04T20:36:01.799+0200: 276,935: Total time for which application threads were stopped: 0,0001057 seconds, Stopping threads took: 0,0000471 seconds
2017-08-04T20:42:12.839+0200: 647,976: Total time for which application threads were stopped: 0,0000814 seconds, Stopping threads took: 0,0000330 seconds
2017-08-04T20:47:32.873+0200: 968,009: Total time for which application threads were stopped: 0,0001267 seconds, Stopping threads took: 0,0000500 seconds
2017-08-04T20:54:51.918+0200: 1407,054: Total time for which application threads were stopped: 0,0000950 seconds, Stopping threads took: 0,0000390 seconds
2017-08-04T20:59:46.950+0200: 1702,086: Total time for which application threads were stopped: 0,0000765 seconds, Stopping threads took: 0,0000316 seconds
2017-08-04T21:08:57.014+0200: 2252,151: Total time for which application threads were stopped: 0,0000925 seconds, Stopping threads took: 0,0000353 seconds
2017-08-04T21:09:47.020+0200: 2302,156: Total time for which application threads were stopped: 0,0000777 seconds, Stopping threads took: 0,0000316 seconds
2017-08-04T21:09:48.020+0200: 2303,157: Total time for which application threads were stopped: 0,0000583 seconds, Stopping threads took: 0,0000144 seconds
2017-08-04T21:25:08.123+0200: 3223,260: Total time for which application threads were stopped: 0,0001659 seconds, Stopping threads took: 0,0000649 seconds
2017-08-04T21:35:52.191+0200: 3867,328: Total time for which application threads were stopped: 0,0000991 seconds, Stopping threads took: 0,0000369 seconds
2017-08-04T21:35:57.192+0200: 3872,329: Total time for which application threads were stopped: 0,0000752 seconds, Stopping threads took: 0,0000294 seconds
2017-08-04T21:52:03.299+0200: 4838,435: Total time for which application threads were stopped: 0,0001616 seconds, Stopping threads took: 0,0000654 seconds
2017-08-04T21:52:48.304+0200: 4883,441: Total time for which application threads were stopped: 0,0000755 seconds, Stopping threads took: 0,0000301 seconds
2017-08-04T22:27:28.538+0200: 6963,675: Total time for which application threads were stopped: 0,0002909 seconds, Stopping threads took: 0,0001807 seconds
2017-08-04T22:33:27.577+0200: 7322,714: Total time for which application threads were stopped: 0,0000764 seconds, Stopping threads took: 0,0000316 seconds
2017-08-04T22:39:27.614+0200: 7682,751: Total time for which application threads were stopped: 0,0000839 seconds, Stopping threads took: 0,0000328 seconds
2017-08-04T22:39:57.618+0200: 7712,755: Total time for which application threads were stopped: 0,0004715 seconds, Stopping threads took: 0,0001897 seconds
2017-08-05T00:47:27.485+0200: 15362,621: Total time for which application threads were stopped: 0,0000805 seconds, Stopping threads took: 0,0000339 seconds
2017-08-05T00:58:27.578+0200: 16022,715: Total time for which application threads were stopped: 0,0000799 seconds, Stopping threads took: 0,0000333 seconds
2017-08-05T01:10:01.109+0200: 16716,245: Total time for which application threads were stopped: 0,0348351 seconds, Stopping threads took: 0,0347580 seconds
2017-08-05T01:10:01.110+0200: 16716,247: Total time for which application threads were stopped: 0,0001001 seconds, Stopping threads took: 0,0000171 seconds
2017-08-05T01:10:01.121+0200: 16716,258: Total time for which application threads were stopped: 0,0007140 seconds, Stopping threads took: 0,0005748 seconds
2017-08-05T01:10:01.124+0200: 16716,261: Total time for which application threads were stopped: 0,0002206 seconds, Stopping threads took: 0,0000809 seconds
2017-08-05T01:10:01.125+0200: 16716,262: Total time for which application threads were stopped: 0,0001055 seconds, Stopping threads took: 0,0000371 seconds
2017-08-05T01:10:01.125+0200: 16716,262: Total time for which application threads were stopped: 0,0000590 seconds, Stopping threads took: 0,0000084 seconds
2017-08-05T01:10:01.128+0200: 16716,264: Total time for which application threads were stopped: 0,0004387 seconds, Stopping threads took: 0,0003712 seconds
2017-08-05T01:10:01.128+0200: 16716,264: Total time for which application threads were stopped: 0,0000593 seconds, Stopping threads took: 0,0000097 seconds
2017-08-05T01:10:01.128+0200: 16716,265: Total time for which application threads were stopped: 0,0000494 seconds, Stopping threads took: 0,0000073 seconds
2017-08-05T01:10:01.128+0200: 16716,265: Total time for which application threads were stopped: 0,0000643 seconds, Stopping threads took: 0,0000071 seconds
2017-08-05T01:10:01.128+0200: 16716,265: Total time for which application threads were stopped: 0,0000489 seconds, Stopping threads took: 0,0000062 seconds
2017-08-05T01:10:01.128+0200: 16716,265: Total time for which application threads were stopped: 0,0000493 seconds, Stopping threads took: 0,0000068 seconds
2017-08-05T01:10:01.129+0200: 16716,265: Total time for which application threads were stopped: 0,0000435 seconds, Stopping threads took: 0,0000059 seconds
2017-08-05T01:10:01.129+0200: 16716,265: Total time for which application threads were stopped: 0,0000524 seconds, Stopping threads took: 0,0000086 seconds
2017-08-05T01:10:01.129+0200: 16716,265: Total time for which application threads were stopped: 0,0000373 seconds, Stopping threads took: 0,0000052 seconds
2017-08-05T01:10:01.129+0200: 16716,265: Total time for which application threads were stopped: 0,0000381 seconds, Stopping threads took: 0,0000050 seconds
2017-08-05T01:10:01.129+0200: 16716,266: Total time for which application threads were stopped: 0,0000380 seconds, Stopping threads took: 0,0000050 seconds
2017-08-05T01:10:01.129+0200: 16716,266: Total time for which application threads were stopped: 0,0000377 seconds, Stopping threads took: 0,0000048 seconds
2017-08-05T01:10:01.129+0200: 16716,266: Total time for which application threads were stopped: 0,0000360 seconds, Stopping threads took: 0,0000047 seconds
2017-08-05T01:10:01.129+0200: 16716,266: Total time for which application threads were stopped: 0,0000453 seconds, Stopping threads took: 0,0000049 seconds
2017-08-05T01:10:01.129+0200: 16716,266: Total time for which application threads were stopped: 0,0000431 seconds, Stopping threads took: 0,0000069 seconds
2017-08-05T01:10:01.129+0200: 16716,266: Total time for which application threads were stopped: 0,0000358 seconds, Stopping threads took: 0,0000045 seconds
2017-08-05T01:10:01.130+0200: 16716,266: Total time for which application threads were stopped: 0,0000387 seconds, Stopping threads took: 0,0000053 seconds
2017-08-05T01:10:01.130+0200: 16716,266: Total time for which application threads were stopped: 0,0000353 seconds, Stopping threads took: 0,0000047 seconds
2017-08-05T01:10:01.130+0200: 16716,266: Total time for which application threads were stopped: 0,0000361 seconds, Stopping threads took: 0,0000049 seconds
2017-08-05T01:10:01.130+0200: 16716,266: Total time for which application threads were stopped: 0,0000366 seconds, Stopping threads took: 0,0000051 seconds
2017-08-05T01:10:01.130+0200: 16716,266: Total time for which application threads were stopped: 0,0000630 seconds, Stopping threads took: 0,0000048 seconds
2017-08-05T01:10:01.130+0200: 16716,266: Total time for which application threads were stopped: 0,0000373 seconds, Stopping threads took: 0,0000055 seconds
2017-08-05T01:10:01.130+0200: 16716,267: Total time for which application threads were stopped: 0,0000374 seconds, Stopping threads took: 0,0000050 seconds
2017-08-05T01:10:01.130+0200: 16716,267: Total time for which application threads were stopped: 0,0000384 seconds, Stopping threads took: 0,0000047 seconds
2017-08-05T01:10:01.130+0200: 16716,267: Total time for which application threads were stopped: 0,0000357 seconds, Stopping threads took: 0,0000051 seconds
2017-08-05T01:10:01.130+0200: 16716,267: Total time for which application threads were stopped: 0,0000347 seconds, Stopping threads took: 0,0000046 seconds
2017-08-05T01:10:01.130+0200: 16716,267: Total time for which application threads were stopped: 0,0000369 seconds, Stopping threads took: 0,0000049 seconds
2017-08-05T01:10:01.130+0200: 16716,267: Total time for which application threads were stopped: 0,0000364 seconds, Stopping threads took: 0,0000051 seconds
2017-08-05T01:10:01.135+0200: 16716,271: Total time for which application threads were stopped: 0,0003156 seconds, Stopping threads took: 0,0000530 seconds
2017-08-05T01:10:01.142+0200: 16716,278: Total time for which application threads were stopped: 0,0000911 seconds, Stopping threads took: 0,0000269 seconds
2017-08-05T01:10:01.145+0200: 16716,282: Total time for which application threads were stopped: 0,0000830 seconds, Stopping threads took: 0,0000175 seconds
2017-08-05T01:10:01.146+0200: 16716,283: Total time for which application threads were stopped: 0,0000881 seconds, Stopping threads took: 0,0000165 seconds
2017-08-05T01:10:01.149+0200: 16716,286: Total time for which application threads were stopped: 0,0001310 seconds, Stopping threads took: 0,0000287 seconds
2017-08-05T01:10:01.154+0200: 16716,291: Total time for which application threads were stopped: 0,0001291 seconds, Stopping threads took: 0,0000334 seconds
2017-08-05T01:10:01.154+0200: 16716,291: Total time for which application threads were stopped: 0,0000635 seconds, Stopping threads took: 0,0000115 seconds
2017-08-05T01:10:01.154+0200: 16716,291: Total time for which application threads were stopped: 0,0000565 seconds, Stopping threads took: 0,0000084 seconds
2017-08-05T01:10:01.154+0200: 16716,291: Total time for which application threads were stopped: 0,0000481 seconds, Stopping threads took: 0,0000070 seconds
2017-08-05T01:10:01.158+0200: 16716,294: Total time for which application threads were stopped: 0,0000999 seconds, Stopping threads took: 0,0000184 seconds
2017-08-05T01:10:01.158+0200: 16716,294: Total time for which application threads were stopped: 0,0000686 seconds, Stopping threads took: 0,0000185 seconds
2017-08-05T01:10:01.158+0200: 16716,294: Total time for which application threads were stopped: 0,0000809 seconds, Stopping threads took: 0,0000218 seconds
2017-08-05T01:10:01.158+0200: 16716,295: Total time for which application threads were stopped: 0,0000763 seconds, Stopping threads took: 0,0000218 seconds
2017-08-05T01:10:01.158+0200: 16716,295: Total time for which application threads were stopped: 0,0000571 seconds, Stopping threads took: 0,0000165 seconds
2017-08-05T01:10:01.158+0200: 16716,295: Total time for which application threads were stopped: 0,0000546 seconds, Stopping threads took: 0,0000137 seconds
2017-08-05T01:10:01.163+0200: 16716,300: Total time for which application threads were stopped: 0,0000875 seconds, Stopping threads took: 0,0000166 seconds
2017-08-05T01:10:01.163+0200: 16716,300: Total time for which application threads were stopped: 0,0000584 seconds, Stopping threads took: 0,0000158 seconds
2017-08-05T01:10:01.164+0200: 16716,300: Total time for which application threads were stopped: 0,0000554 seconds, Stopping threads took: 0,0000187 seconds
2017-08-05T01:10:01.164+0200: 16716,300: Total time for which application threads were stopped: 0,0000444 seconds, Stopping threads took: 0,0000120 seconds
2017-08-05T01:10:01.164+0200: 16716,300: Total time for which application threads were stopped: 0,0000518 seconds, Stopping threads took: 0,0000179 seconds
2017-08-05T01:10:01.164+0200: 16716,300: Total time for which application threads were stopped: 0,0000481 seconds, Stopping threads took: 0,0000141 seconds
2017-08-05T01:10:01.164+0200: 16716,301: Total time for which application threads were stopped: 0,0000523 seconds, Stopping threads took: 0,0000165 seconds
2017-08-05T01:10:01.176+0200: 16716,313: Total time for which application threads were stopped: 0,0000981 seconds, Stopping threads took: 0,0000334 seconds
2017-08-05T01:10:01.178+0200: 16716,314: Total time for which application threads were stopped: 0,0000903 seconds, Stopping threads took: 0,0000299 seconds
2017-08-05T01:10:01.178+0200: 16716,314: Total time for which application threads were stopped: 0,0000477 seconds, Stopping threads took: 0,0000144 seconds
2017-08-05T01:10:01.178+0200: 16716,314: Total time for which application threads were stopped: 0,0000324 seconds, Stopping threads took: 0,0000047 seconds
2017-08-05T01:10:01.178+0200: 16716,315: Total time for which application threads were stopped: 0,0000459 seconds, Stopping threads took: 0,0000119 seconds
2017-08-05T01:10:01.178+0200: 16716,315: Total time for which application threads were stopped: 0,0000378 seconds, Stopping threads took: 0,0000108 seconds
2017-08-05T01:10:01.180+0200: 16716,316: Total time for which application threads were stopped: 0,0000953 seconds, Stopping threads took: 0,0000327 seconds
2017-08-05T01:10:01.180+0200: 16716,316: Total time for which application threads were stopped: 0,0000440 seconds, Stopping threads took: 0,0000122 seconds
2017-08-05T01:10:01.181+0200: 16716,317: Total time for which application threads were stopped: 0,0001170 seconds, Stopping threads took: 0,0000258 seconds
2017-08-05T01:10:01.181+0200: 16716,318: Total time for which application threads were stopped: 0,0000914 seconds, Stopping threads took: 0,0000204 seconds
2017-08-05T01:10:01.181+0200: 16716,318: Total time for which application threads were stopped: 0,0000548 seconds, Stopping threads took: 0,0000179 seconds
2017-08-05T01:10:01.182+0200: 16716,319: Total time for which application threads were stopped: 0,0000895 seconds, Stopping threads took: 0,0000277 seconds
2017-08-05T01:10:01.182+0200: 16716,319: Total time for which application threads were stopped: 0,0000706 seconds, Stopping threads took: 0,0000369 seconds
2017-08-05T01:10:01.184+0200: 16716,321: Total time for which application threads were stopped: 0,0020598 seconds, Stopping threads took: 0,0019857 seconds
2017-08-05T01:10:01.184+0200: 16716,321: Total time for which application threads were stopped: 0,0000733 seconds, Stopping threads took: 0,0000205 seconds
2017-08-05T01:10:01.185+0200: 16716,321: Total time for which application threads were stopped: 0,0000645 seconds, Stopping threads took: 0,0000171 seconds
2017-08-05T01:10:01.186+0200: 16716,323: Total time for which application threads were stopped: 0,0001410 seconds, Stopping threads took: 0,0000312 seconds
2017-08-05T01:10:01.187+0200: 16716,323: Total time for which application threads were stopped: 0,0000901 seconds, Stopping threads took: 0,0000252 seconds
2017-08-05T01:10:01.187+0200: 16716,324: Total time for which application threads were stopped: 0,0001794 seconds, Stopping threads took: 0,0000163 seconds
2017-08-05T01:10:01.189+0200: 16716,326: Total time for which application threads were stopped: 0,0001001 seconds, Stopping threads took: 0,0000314 seconds
2017-08-05T01:10:01.189+0200: 16716,326: Total time for which application threads were stopped: 0,0001081 seconds, Stopping threads took: 0,0000205 seconds
Heap
 par new generation   total 109248K, used 67015K [0x00000000e0000000, 0x00000000e8000000, 0x00000000e8000000)
  eden space 87424K,  66% used [0x00000000e0000000, 0x00000000e3874938, 0x00000000e5560000)
  from space 21824K,  42% used [0x00000000e6ab0000, 0x00000000e73ad300, 0x00000000e8000000)
  to   space 21824K,   0% used [0x00000000e5560000, 0x00000000e5560000, 0x00000000e6ab0000)
 concurrent mark-sweep generation total 393216K, used 6584K [0x00000000e8000000, 0x0000000100000000, 0x0000000100000000)
 Metaspace       used 28198K, capacity 28736K, committed 29052K, reserved 1075200K
  class space    used 3222K, capacity 3385K, committed 3452K, reserved 1048576K
