OpenJDK 64-Bit Server VM (25.111-b14) for linux-amd64 JRE (1.8.0_111-8u111-b14-2ubuntu0.16.04.2-b14), built on Oct 27 2016 18:10:19 by "buildd" with gcc 5.4.0 20160609
Memory: 4k page, physical 7867804k(7529716k free), swap 8076284k(8076284k free)
CommandLine flags: -XX:CMSInitiatingOccupancyFraction=50 -XX:CMSMaxAbortablePrecleanTime=6000 -XX:+CMSParallelRemarkEnabled -XX:+CMSScavengeBeforeRemark -XX:ConcGCThreads=4 -XX:InitialHeapSize=536870912 -XX:MaxHeapSize=536870912 -XX:MaxTenuringThreshold=8 -XX:NewRatio=3 -XX:OldPLABSize=16 -XX:OnOutOfMemoryError=/opt/solr/bin/oom_solr.sh 8983 /var/solr/logs -XX:ParallelGCThreads=4 -XX:+ParallelRefProcEnabled -XX:PretenureSizeThreshold=67108864 -XX:+PrintGC -XX:+PrintGCApplicationStoppedTime -XX:+PrintGCDateStamps -XX:+PrintGCDetails -XX:+PrintGCTimeStamps -XX:+PrintHeapAtGC -XX:+PrintTenuringDistribution -XX:SurvivorRatio=4 -XX:TargetSurvivorRatio=90 -XX:ThreadStackSize=256 -XX:+UseCMSInitiatingOccupancyOnly -XX:+UseCompressedClassPointers -XX:+UseCompressedOops -XX:+UseConcMarkSweepGC -XX:+UseParNewGC 
2016-12-21T09:37:03.674+0100: 0,139: Total time for which application threads were stopped: 0,0000679 seconds, Stopping threads took: 0,0000102 seconds
2016-12-21T09:37:03.754+0100: 0,219: Total time for which application threads were stopped: 0,0001791 seconds, Stopping threads took: 0,0000367 seconds
2016-12-21T09:37:03.770+0100: 0,235: Total time for which application threads were stopped: 0,0000965 seconds, Stopping threads took: 0,0000104 seconds
2016-12-21T09:37:03.954+0100: 0,419: Total time for which application threads were stopped: 0,0001399 seconds, Stopping threads took: 0,0000164 seconds
2016-12-21T09:37:04.464+0100: 0,929: Total time for which application threads were stopped: 0,0001565 seconds, Stopping threads took: 0,0000130 seconds
2016-12-21T09:37:04.570+0100: 1,035: Total time for which application threads were stopped: 0,0001941 seconds, Stopping threads took: 0,0000206 seconds
2016-12-21T09:37:04.597+0100: 1,062: Total time for which application threads were stopped: 0,0002118 seconds, Stopping threads took: 0,0000262 seconds
2016-12-21T09:37:04.926+0100: 1,391: Total time for which application threads were stopped: 0,0001936 seconds, Stopping threads took: 0,0000200 seconds
2016-12-21T09:37:05.131+0100: 1,596: Total time for which application threads were stopped: 0,0002065 seconds, Stopping threads took: 0,0000181 seconds
2016-12-21T09:37:05.158+0100: 1,623: Total time for which application threads were stopped: 0,0004031 seconds, Stopping threads took: 0,0000331 seconds
2016-12-21T09:37:05.161+0100: 1,626: Total time for which application threads were stopped: 0,0002686 seconds, Stopping threads took: 0,0000699 seconds
2016-12-21T09:37:05.175+0100: 1,640: Total time for which application threads were stopped: 0,0003324 seconds, Stopping threads took: 0,0000255 seconds
2016-12-21T09:37:05.282+0100: 1,747: Total time for which application threads were stopped: 0,0002268 seconds, Stopping threads took: 0,0000187 seconds
2016-12-21T09:37:05.429+0100: 1,894: Total time for which application threads were stopped: 0,0005220 seconds, Stopping threads took: 0,0003162 seconds
{Heap before GC invocations=0 (full 0):
 par new generation   total 109248K, used 87424K [0x00000000e0000000, 0x00000000e8000000, 0x00000000e8000000)
  eden space 87424K, 100% used [0x00000000e0000000, 0x00000000e5560000, 0x00000000e5560000)
  from space 21824K,   0% used [0x00000000e5560000, 0x00000000e5560000, 0x00000000e6ab0000)
  to   space 21824K,   0% used [0x00000000e6ab0000, 0x00000000e6ab0000, 0x00000000e8000000)
 concurrent mark-sweep generation total 393216K, used 0K [0x00000000e8000000, 0x0000000100000000, 0x0000000100000000)
 Metaspace       used 18081K, capacity 18366K, committed 18560K, reserved 1064960K
  class space    used 2053K, capacity 2162K, committed 2176K, reserved 1048576K
2016-12-21T09:37:05.546+0100: 2,011: [GC (Allocation Failure) 2016-12-21T09:37:05.546+0100: 2,011: [ParNew
Desired survivor size 20112992 bytes, new threshold 8 (max 8)
- age   1:   12328656 bytes,   12328656 total
: 87424K->12146K(109248K), 0,0162324 secs] 87424K->12146K(502464K), 0,0163127 secs] [Times: user=0,03 sys=0,03, real=0,02 secs] 
Heap after GC invocations=1 (full 0):
 par new generation   total 109248K, used 12146K [0x00000000e0000000, 0x00000000e8000000, 0x00000000e8000000)
  eden space 87424K,   0% used [0x00000000e0000000, 0x00000000e0000000, 0x00000000e5560000)
  from space 21824K,  55% used [0x00000000e6ab0000, 0x00000000e768c968, 0x00000000e8000000)
  to   space 21824K,   0% used [0x00000000e5560000, 0x00000000e5560000, 0x00000000e6ab0000)
 concurrent mark-sweep generation total 393216K, used 0K [0x00000000e8000000, 0x0000000100000000, 0x0000000100000000)
 Metaspace       used 18081K, capacity 18366K, committed 18560K, reserved 1064960K
  class space    used 2053K, capacity 2162K, committed 2176K, reserved 1048576K
}
2016-12-21T09:37:05.562+0100: 2,027: Total time for which application threads were stopped: 0,0164939 seconds, Stopping threads took: 0,0000178 seconds
2016-12-21T09:37:05.736+0100: 2,201: Total time for which application threads were stopped: 0,0004563 seconds, Stopping threads took: 0,0000311 seconds
2016-12-21T09:37:05.769+0100: 2,234: Total time for which application threads were stopped: 0,0003331 seconds, Stopping threads took: 0,0000471 seconds
2016-12-21T09:37:05.797+0100: 2,262: Total time for which application threads were stopped: 0,0004095 seconds, Stopping threads took: 0,0000311 seconds
{Heap before GC invocations=1 (full 0):
 par new generation   total 109248K, used 99570K [0x00000000e0000000, 0x00000000e8000000, 0x00000000e8000000)
  eden space 87424K, 100% used [0x00000000e0000000, 0x00000000e5560000, 0x00000000e5560000)
  from space 21824K,  55% used [0x00000000e6ab0000, 0x00000000e768c968, 0x00000000e8000000)
  to   space 21824K,   0% used [0x00000000e5560000, 0x00000000e5560000, 0x00000000e6ab0000)
 concurrent mark-sweep generation total 393216K, used 0K [0x00000000e8000000, 0x0000000100000000, 0x0000000100000000)
 Metaspace       used 20700K, capacity 21020K, committed 21248K, reserved 1069056K
  class space    used 2403K, capacity 2518K, committed 2560K, reserved 1048576K
2016-12-21T09:37:05.968+0100: 2,433: [GC (Allocation Failure) 2016-12-21T09:37:05.968+0100: 2,433: [ParNew
Desired survivor size 20112992 bytes, new threshold 8 (max 8)
- age   1:    2912568 bytes,    2912568 total
- age   2:    6102520 bytes,    9015088 total
: 99570K->13104K(109248K), 0,0129289 secs] 99570K->13104K(502464K), 0,0130106 secs] [Times: user=0,04 sys=0,00, real=0,01 secs] 
Heap after GC invocations=2 (full 0):
 par new generation   total 109248K, used 13104K [0x00000000e0000000, 0x00000000e8000000, 0x00000000e8000000)
  eden space 87424K,   0% used [0x00000000e0000000, 0x00000000e0000000, 0x00000000e5560000)
  from space 21824K,  60% used [0x00000000e5560000, 0x00000000e622c000, 0x00000000e6ab0000)
  to   space 21824K,   0% used [0x00000000e6ab0000, 0x00000000e6ab0000, 0x00000000e8000000)
 concurrent mark-sweep generation total 393216K, used 0K [0x00000000e8000000, 0x0000000100000000, 0x0000000100000000)
 Metaspace       used 20700K, capacity 21020K, committed 21248K, reserved 1069056K
  class space    used 2403K, capacity 2518K, committed 2560K, reserved 1048576K
}
2016-12-21T09:37:05.981+0100: 2,446: Total time for which application threads were stopped: 0,0132048 seconds, Stopping threads took: 0,0000225 seconds
2016-12-21T09:37:06.034+0100: 2,499: Total time for which application threads were stopped: 0,0000825 seconds, Stopping threads took: 0,0000165 seconds
2016-12-21T09:37:06.068+0100: 2,533: Total time for which application threads were stopped: 0,0003066 seconds, Stopping threads took: 0,0000211 seconds
2016-12-21T09:37:06.074+0100: 2,539: Total time for which application threads were stopped: 0,0001061 seconds, Stopping threads took: 0,0000315 seconds
2016-12-21T09:37:06.099+0100: 2,564: Total time for which application threads were stopped: 0,0000891 seconds, Stopping threads took: 0,0000191 seconds
2016-12-21T09:37:06.177+0100: 2,642: Total time for which application threads were stopped: 0,0001315 seconds, Stopping threads took: 0,0000352 seconds
2016-12-21T09:37:06.196+0100: 2,661: Total time for which application threads were stopped: 0,0000836 seconds, Stopping threads took: 0,0000210 seconds
2016-12-21T09:37:06.205+0100: 2,670: Total time for which application threads were stopped: 0,0002908 seconds, Stopping threads took: 0,0000188 seconds
2016-12-21T09:37:06.213+0100: 2,678: Total time for which application threads were stopped: 0,0002703 seconds, Stopping threads took: 0,0000123 seconds
2016-12-21T09:37:06.228+0100: 2,693: Total time for which application threads were stopped: 0,0001030 seconds, Stopping threads took: 0,0000301 seconds
2016-12-21T09:37:06.251+0100: 2,716: Total time for which application threads were stopped: 0,0001084 seconds, Stopping threads took: 0,0000361 seconds
2016-12-21T09:37:06.268+0100: 2,733: Total time for which application threads were stopped: 0,0000807 seconds, Stopping threads took: 0,0000178 seconds
2016-12-21T09:37:06.282+0100: 2,747: Total time for which application threads were stopped: 0,0000776 seconds, Stopping threads took: 0,0000130 seconds
2016-12-21T09:37:06.307+0100: 2,772: Total time for which application threads were stopped: 0,0000920 seconds, Stopping threads took: 0,0000129 seconds
2016-12-21T09:37:06.341+0100: 2,805: Total time for which application threads were stopped: 0,0001269 seconds, Stopping threads took: 0,0000268 seconds
2016-12-21T09:37:06.395+0100: 2,860: Total time for which application threads were stopped: 0,0001260 seconds, Stopping threads took: 0,0000385 seconds
2016-12-21T09:37:06.420+0100: 2,885: Total time for which application threads were stopped: 0,0000922 seconds, Stopping threads took: 0,0000216 seconds
{Heap before GC invocations=2 (full 0):
 par new generation   total 109248K, used 100528K [0x00000000e0000000, 0x00000000e8000000, 0x00000000e8000000)
  eden space 87424K, 100% used [0x00000000e0000000, 0x00000000e5560000, 0x00000000e5560000)
  from space 21824K,  60% used [0x00000000e5560000, 0x00000000e622c000, 0x00000000e6ab0000)
  to   space 21824K,   0% used [0x00000000e6ab0000, 0x00000000e6ab0000, 0x00000000e8000000)
 concurrent mark-sweep generation total 393216K, used 0K [0x00000000e8000000, 0x0000000100000000, 0x0000000100000000)
 Metaspace       used 24859K, capacity 25287K, committed 25536K, reserved 1071104K
  class space    used 2896K, capacity 3024K, committed 3064K, reserved 1048576K
2016-12-21T09:37:06.440+0100: 2,905: [GC (Allocation Failure) 2016-12-21T09:37:06.440+0100: 2,905: [ParNew
Desired survivor size 20112992 bytes, new threshold 8 (max 8)
- age   1:    6699560 bytes,    6699560 total
- age   2:     545024 bytes,    7244584 total
- age   3:    6094976 bytes,   13339560 total
: 100528K->14226K(109248K), 0,0170919 secs] 100528K->14226K(502464K), 0,0171710 secs] [Times: user=0,06 sys=0,00, real=0,02 secs] 
Heap after GC invocations=3 (full 0):
 par new generation   total 109248K, used 14226K [0x00000000e0000000, 0x00000000e8000000, 0x00000000e8000000)
  eden space 87424K,   0% used [0x00000000e0000000, 0x00000000e0000000, 0x00000000e5560000)
  from space 21824K,  65% used [0x00000000e6ab0000, 0x00000000e78949c0, 0x00000000e8000000)
  to   space 21824K,   0% used [0x00000000e5560000, 0x00000000e5560000, 0x00000000e6ab0000)
 concurrent mark-sweep generation total 393216K, used 0K [0x00000000e8000000, 0x0000000100000000, 0x0000000100000000)
 Metaspace       used 24859K, capacity 25287K, committed 25536K, reserved 1071104K
  class space    used 2896K, capacity 3024K, committed 3064K, reserved 1048576K
}
2016-12-21T09:37:06.458+0100: 2,922: Total time for which application threads were stopped: 0,0173261 seconds, Stopping threads took: 0,0000232 seconds
2016-12-21T09:37:06.458+0100: 2,923: [GC (CMS Initial Mark) [1 CMS-initial-mark: 0K(393216K)] 15625K(502464K), 0,0030011 secs] [Times: user=0,01 sys=0,00, real=0,00 secs] 
2016-12-21T09:37:06.461+0100: 2,926: Total time for which application threads were stopped: 0,0032171 seconds, Stopping threads took: 0,0001341 seconds
2016-12-21T09:37:06.461+0100: 2,926: [CMS-concurrent-mark-start]
2016-12-21T09:37:06.461+0100: 2,926: [CMS-concurrent-mark: 0,001/0,001 secs] [Times: user=0,00 sys=0,00, real=0,00 secs] 
2016-12-21T09:37:06.462+0100: 2,926: [CMS-concurrent-preclean-start]
2016-12-21T09:37:06.463+0100: 2,928: [CMS-concurrent-preclean: 0,001/0,001 secs] [Times: user=0,01 sys=0,00, real=0,00 secs] 
2016-12-21T09:37:06.467+0100: 2,932: [GC (CMS Final Remark) [YG occupancy: 15625 K (109248 K)]{Heap before GC invocations=3 (full 1):
 par new generation   total 109248K, used 15625K [0x00000000e0000000, 0x00000000e8000000, 0x00000000e8000000)
  eden space 87424K,   1% used [0x00000000e0000000, 0x00000000e015dca0, 0x00000000e5560000)
  from space 21824K,  65% used [0x00000000e6ab0000, 0x00000000e78949c0, 0x00000000e8000000)
  to   space 21824K,   0% used [0x00000000e5560000, 0x00000000e5560000, 0x00000000e6ab0000)
 concurrent mark-sweep generation total 393216K, used 0K [0x00000000e8000000, 0x0000000100000000, 0x0000000100000000)
 Metaspace       used 24921K, capacity 25383K, committed 25536K, reserved 1071104K
  class space    used 2902K, capacity 3056K, committed 3064K, reserved 1048576K
2016-12-21T09:37:06.468+0100: 2,933: [GC (CMS Final Remark) 2016-12-21T09:37:06.468+0100: 2,933: [ParNew
Desired survivor size 20112992 bytes, new threshold 8 (max 8)
- age   1:      84952 bytes,      84952 total
- age   2:    3152656 bytes,    3237608 total
- age   3:     544976 bytes,    3782584 total
- age   4:    6093480 bytes,    9876064 total
: 15625K->19361K(109248K), 0,0126576 secs] 15625K->19361K(502464K), 0,0127123 secs] [Times: user=0,03 sys=0,00, real=0,01 secs] 
Heap after GC invocations=4 (full 1):
 par new generation   total 109248K, used 19361K [0x00000000e0000000, 0x00000000e8000000, 0x00000000e8000000)
  eden space 87424K,   0% used [0x00000000e0000000, 0x00000000e0000000, 0x00000000e5560000)
  from space 21824K,  88% used [0x00000000e5560000, 0x00000000e6848480, 0x00000000e6ab0000)
  to   space 21824K,   0% used [0x00000000e6ab0000, 0x00000000e6ab0000, 0x00000000e8000000)
 concurrent mark-sweep generation total 393216K, used 0K [0x00000000e8000000, 0x0000000100000000, 0x0000000100000000)
 Metaspace       used 24921K, capacity 25383K, committed 25536K, reserved 1071104K
  class space    used 2902K, capacity 3056K, committed 3064K, reserved 1048576K
}
2016-12-21T09:37:06.480+0100: 2,945: [Rescan (parallel) , 0,0037077 secs]2016-12-21T09:37:06.484+0100: 2,949: [weak refs processing, 0,0005987 secs]2016-12-21T09:37:06.485+0100: 2,950: [class unloading, 0,0031863 secs]2016-12-21T09:37:06.488+0100: 2,953: [scrub symbol table, 0,0037805 secs]2016-12-21T09:37:06.492+0100: 2,957: [scrub string table, 0,0003764 secs][1 CMS-remark: 0K(393216K)] 19361K(502464K), 0,0250987 secs] [Times: user=0,05 sys=0,00, real=0,02 secs] 
2016-12-21T09:37:06.493+0100: 2,958: Total time for which application threads were stopped: 0,0255982 seconds, Stopping threads took: 0,0004058 seconds
2016-12-21T09:37:06.493+0100: 2,958: [CMS-concurrent-sweep-start]
2016-12-21T09:37:06.493+0100: 2,958: [CMS-concurrent-sweep: 0,000/0,000 secs] [Times: user=0,00 sys=0,00, real=0,00 secs] 
2016-12-21T09:37:06.493+0100: 2,958: [CMS-concurrent-reset-start]
2016-12-21T09:37:06.494+0100: 2,959: [CMS-concurrent-reset: 0,002/0,002 secs] [Times: user=0,00 sys=0,00, real=0,00 secs] 
2016-12-21T09:37:06.555+0100: 3,020: Total time for which application threads were stopped: 0,0004991 seconds, Stopping threads took: 0,0000366 seconds
2016-12-21T09:37:06.572+0100: 3,037: Total time for which application threads were stopped: 0,0004043 seconds, Stopping threads took: 0,0000359 seconds
2016-12-21T09:37:07.572+0100: 4,037: Total time for which application threads were stopped: 0,0000899 seconds, Stopping threads took: 0,0000168 seconds
2016-12-21T09:37:07.595+0100: 4,060: Total time for which application threads were stopped: 0,0002984 seconds, Stopping threads took: 0,0000163 seconds
2016-12-21T09:39:50.612+0100: 167,077: Total time for which application threads were stopped: 0,0001084 seconds, Stopping threads took: 0,0000463 seconds
2016-12-21T09:40:04.613+0100: 181,078: Total time for which application threads were stopped: 0,0001010 seconds, Stopping threads took: 0,0000381 seconds
2016-12-21T09:40:45.617+0100: 222,082: Total time for which application threads were stopped: 0,0000991 seconds, Stopping threads took: 0,0000396 seconds
2016-12-21T09:41:24.622+0100: 261,087: Total time for which application threads were stopped: 0,0001099 seconds, Stopping threads took: 0,0000438 seconds
2016-12-21T09:41:39.624+0100: 276,089: Total time for which application threads were stopped: 0,0000999 seconds, Stopping threads took: 0,0000357 seconds
2016-12-21T09:41:45.625+0100: 282,090: Total time for which application threads were stopped: 0,0000703 seconds, Stopping threads took: 0,0000175 seconds
2016-12-21T09:41:50.625+0100: 287,090: Total time for which application threads were stopped: 0,0001301 seconds, Stopping threads took: 0,0000331 seconds
2016-12-21T09:44:35.642+0100: 452,107: Total time for which application threads were stopped: 0,0001504 seconds, Stopping threads took: 0,0000554 seconds
2016-12-21T09:45:45.650+0100: 522,115: Total time for which application threads were stopped: 0,0000734 seconds, Stopping threads took: 0,0000296 seconds
2016-12-21T09:47:35.660+0100: 632,125: Total time for which application threads were stopped: 0,0000821 seconds, Stopping threads took: 0,0000245 seconds
2016-12-21T10:00:44.744+0100: 1421,209: Total time for which application threads were stopped: 0,0000743 seconds, Stopping threads took: 0,0000310 seconds
2016-12-21T10:04:30.772+0100: 1647,237: Total time for which application threads were stopped: 0,0000810 seconds, Stopping threads took: 0,0000333 seconds
2016-12-21T10:04:39.773+0100: 1656,238: Total time for which application threads were stopped: 0,0000605 seconds, Stopping threads took: 0,0000153 seconds
2016-12-21T10:04:49.775+0100: 1666,240: Total time for which application threads were stopped: 0,0001496 seconds, Stopping threads took: 0,0000349 seconds
2016-12-21T10:15:44.848+0100: 2321,313: Total time for which application threads were stopped: 0,0000734 seconds, Stopping threads took: 0,0000257 seconds
2016-12-21T10:15:45.848+0100: 2322,313: Total time for which application threads were stopped: 0,0000801 seconds, Stopping threads took: 0,0000191 seconds
2016-12-21T10:31:05.941+0100: 3242,406: Total time for which application threads were stopped: 0,0004470 seconds, Stopping threads took: 0,0001798 seconds
2016-12-21T10:35:34.969+0100: 3511,434: Total time for which application threads were stopped: 0,0005135 seconds, Stopping threads took: 0,0002025 seconds
2016-12-21T10:44:00.022+0100: 4016,487: Total time for which application threads were stopped: 0,0001039 seconds, Stopping threads took: 0,0000442 seconds
2016-12-21T10:44:05.023+0100: 4021,488: Total time for which application threads were stopped: 0,0000702 seconds, Stopping threads took: 0,0000182 seconds
2016-12-21T10:45:30.031+0100: 4106,496: Total time for which application threads were stopped: 0,0000717 seconds, Stopping threads took: 0,0000275 seconds
2016-12-21T11:24:51.274+0100: 6467,739: Total time for which application threads were stopped: 0,0000718 seconds, Stopping threads took: 0,0000292 seconds
2016-12-21T11:25:46.280+0100: 6522,745: Total time for which application threads were stopped: 0,0000731 seconds, Stopping threads took: 0,0000297 seconds
2016-12-21T11:29:36.307+0100: 6752,772: Total time for which application threads were stopped: 0,0000855 seconds, Stopping threads took: 0,0000359 seconds
2016-12-21T11:42:05.410+0100: 7501,875: Total time for which application threads were stopped: 0,0000782 seconds, Stopping threads took: 0,0000280 seconds
2016-12-21T11:42:35.412+0100: 7531,877: Total time for which application threads were stopped: 0,0000820 seconds, Stopping threads took: 0,0000297 seconds
2016-12-21T11:45:05.425+0100: 7681,890: Total time for which application threads were stopped: 0,0000984 seconds, Stopping threads took: 0,0000386 seconds
2016-12-21T11:45:35.428+0100: 7711,893: Total time for which application threads were stopped: 0,0000781 seconds, Stopping threads took: 0,0000333 seconds
2016-12-21T12:48:37.092+0100: 11493,557: Total time for which application threads were stopped: 0,0001363 seconds, Stopping threads took: 0,0000153 seconds
Heap
 par new generation   total 109248K, used 62775K [0x00000000e0000000, 0x00000000e8000000, 0x00000000e8000000)
  eden space 87424K,  49% used [0x00000000e0000000, 0x00000000e2a65940, 0x00000000e5560000)
  from space 21824K,  88% used [0x00000000e5560000, 0x00000000e6848480, 0x00000000e6ab0000)
  to   space 21824K,   0% used [0x00000000e6ab0000, 0x00000000e6ab0000, 0x00000000e8000000)
 concurrent mark-sweep generation total 393216K, used 0K [0x00000000e8000000, 0x0000000100000000, 0x0000000100000000)
 Metaspace       used 27273K, capacity 27731K, committed 27840K, reserved 1073152K
  class space    used 3166K, capacity 3320K, committed 3320K, reserved 1048576K
