OpenJDK 64-Bit Server VM (25.131-b11) for linux-amd64 JRE (1.8.0_131-8u131-b11-0ubuntu1.16.04.2-b11), built on May  6 2017 02:45:27 by "buildd" with gcc 5.4.0 20160609
Memory: 4k page, physical 7867740k(7468444k free), swap 8076284k(8076284k free)
CommandLine flags: -XX:CMSInitiatingOccupancyFraction=50 -XX:CMSMaxAbortablePrecleanTime=6000 -XX:+CMSParallelRemarkEnabled -XX:+CMSScavengeBeforeRemark -XX:ConcGCThreads=4 -XX:InitialHeapSize=536870912 -XX:MaxHeapSize=536870912 -XX:MaxTenuringThreshold=8 -XX:NewRatio=3 -XX:OldPLABSize=16 -XX:OnOutOfMemoryError=/opt/solr/bin/oom_solr.sh 8983 /var/solr/logs -XX:ParallelGCThreads=4 -XX:+ParallelRefProcEnabled -XX:PretenureSizeThreshold=67108864 -XX:+PrintGC -XX:+PrintGCApplicationStoppedTime -XX:+PrintGCDateStamps -XX:+PrintGCDetails -XX:+PrintGCTimeStamps -XX:+PrintHeapAtGC -XX:+PrintTenuringDistribution -XX:SurvivorRatio=4 -XX:TargetSurvivorRatio=90 -XX:ThreadStackSize=256 -XX:+UseCMSInitiatingOccupancyOnly -XX:+UseCompressedClassPointers -XX:+UseCompressedOops -XX:+UseConcMarkSweepGC -XX:+UseParNewGC 
2017-06-29T09:49:23.834+0200: 0,190: Total time for which application threads were stopped: 0,0000634 seconds, Stopping threads took: 0,0000088 seconds
2017-06-29T09:49:23.935+0200: 0,292: Total time for which application threads were stopped: 0,0001035 seconds, Stopping threads took: 0,0000193 seconds
2017-06-29T09:49:23.963+0200: 0,319: Total time for which application threads were stopped: 0,0001132 seconds, Stopping threads took: 0,0000276 seconds
2017-06-29T09:49:24.244+0200: 0,601: Total time for which application threads were stopped: 0,0001134 seconds, Stopping threads took: 0,0000157 seconds
2017-06-29T09:49:24.664+0200: 1,020: Total time for which application threads were stopped: 0,0001893 seconds, Stopping threads took: 0,0000164 seconds
2017-06-29T09:49:24.768+0200: 1,125: Total time for which application threads were stopped: 0,0001679 seconds, Stopping threads took: 0,0000316 seconds
2017-06-29T09:49:24.809+0200: 1,166: Total time for which application threads were stopped: 0,0001980 seconds, Stopping threads took: 0,0000377 seconds
2017-06-29T09:49:25.126+0200: 1,483: Total time for which application threads were stopped: 0,0001443 seconds, Stopping threads took: 0,0000116 seconds
2017-06-29T09:49:25.385+0200: 1,742: Total time for which application threads were stopped: 0,0010656 seconds, Stopping threads took: 0,0000906 seconds
2017-06-29T09:49:25.414+0200: 1,770: Total time for which application threads were stopped: 0,0001679 seconds, Stopping threads took: 0,0000210 seconds
2017-06-29T09:49:25.456+0200: 1,812: Total time for which application threads were stopped: 0,0008501 seconds, Stopping threads took: 0,0000240 seconds
2017-06-29T09:49:25.457+0200: 1,814: Total time for which application threads were stopped: 0,0002112 seconds, Stopping threads took: 0,0000167 seconds
2017-06-29T09:49:25.476+0200: 1,832: Total time for which application threads were stopped: 0,0001676 seconds, Stopping threads took: 0,0000160 seconds
2017-06-29T09:49:25.574+0200: 1,931: Total time for which application threads were stopped: 0,0002158 seconds, Stopping threads took: 0,0000212 seconds
2017-06-29T09:49:25.739+0200: 2,095: Total time for which application threads were stopped: 0,0002710 seconds, Stopping threads took: 0,0000564 seconds
{Heap before GC invocations=0 (full 0):
 par new generation   total 109248K, used 87424K [0x00000000e0000000, 0x00000000e8000000, 0x00000000e8000000)
  eden space 87424K, 100% used [0x00000000e0000000, 0x00000000e5560000, 0x00000000e5560000)
  from space 21824K,   0% used [0x00000000e5560000, 0x00000000e5560000, 0x00000000e6ab0000)
  to   space 21824K,   0% used [0x00000000e6ab0000, 0x00000000e6ab0000, 0x00000000e8000000)
 concurrent mark-sweep generation total 393216K, used 0K [0x00000000e8000000, 0x0000000100000000, 0x0000000100000000)
 Metaspace       used 18050K, capacity 18336K, committed 18688K, reserved 1064960K
  class space    used 2042K, capacity 2196K, committed 2304K, reserved 1048576K
2017-06-29T09:49:25.830+0200: 2,186: [GC (Allocation Failure) 2017-06-29T09:49:25.830+0200: 2,186: [ParNew
Desired survivor size 20112992 bytes, new threshold 8 (max 8)
- age   1:   12631848 bytes,   12631848 total
: 87424K->12442K(109248K), 0,0168064 secs] 87424K->12442K(502464K), 0,0168964 secs] [Times: user=0,03 sys=0,02, real=0,01 secs] 
Heap after GC invocations=1 (full 0):
 par new generation   total 109248K, used 12442K [0x00000000e0000000, 0x00000000e8000000, 0x00000000e8000000)
  eden space 87424K,   0% used [0x00000000e0000000, 0x00000000e0000000, 0x00000000e5560000)
  from space 21824K,  57% used [0x00000000e6ab0000, 0x00000000e76d6930, 0x00000000e8000000)
  to   space 21824K,   0% used [0x00000000e5560000, 0x00000000e5560000, 0x00000000e6ab0000)
 concurrent mark-sweep generation total 393216K, used 0K [0x00000000e8000000, 0x0000000100000000, 0x0000000100000000)
 Metaspace       used 18050K, capacity 18336K, committed 18688K, reserved 1064960K
  class space    used 2042K, capacity 2196K, committed 2304K, reserved 1048576K
}
2017-06-29T09:49:25.847+0200: 2,203: Total time for which application threads were stopped: 0,0173076 seconds, Stopping threads took: 0,0001659 seconds
2017-06-29T09:49:26.208+0200: 2,564: Total time for which application threads were stopped: 0,0003411 seconds, Stopping threads took: 0,0000273 seconds
{Heap before GC invocations=1 (full 0):
 par new generation   total 109248K, used 99866K [0x00000000e0000000, 0x00000000e8000000, 0x00000000e8000000)
  eden space 87424K, 100% used [0x00000000e0000000, 0x00000000e5560000, 0x00000000e5560000)
  from space 21824K,  57% used [0x00000000e6ab0000, 0x00000000e76d6930, 0x00000000e8000000)
  to   space 21824K,   0% used [0x00000000e5560000, 0x00000000e5560000, 0x00000000e6ab0000)
 concurrent mark-sweep generation total 393216K, used 0K [0x00000000e8000000, 0x0000000100000000, 0x0000000100000000)
 Metaspace       used 20030K, capacity 20366K, committed 20736K, reserved 1067008K
  class space    used 2297K, capacity 2471K, committed 2560K, reserved 1048576K
2017-06-29T09:49:26.250+0200: 2,606: [GC (Allocation Failure) 2017-06-29T09:49:26.250+0200: 2,606: [ParNew
Desired survivor size 20112992 bytes, new threshold 8 (max 8)
- age   1:    3529104 bytes,    3529104 total
- age   2:    6671032 bytes,   10200136 total
: 99866K->15690K(109248K), 0,0102407 secs] 99866K->15690K(502464K), 0,0103121 secs] [Times: user=0,04 sys=0,00, real=0,00 secs] 
Heap after GC invocations=2 (full 0):
 par new generation   total 109248K, used 15690K [0x00000000e0000000, 0x00000000e8000000, 0x00000000e8000000)
  eden space 87424K,   0% used [0x00000000e0000000, 0x00000000e0000000, 0x00000000e5560000)
  from space 21824K,  71% used [0x00000000e5560000, 0x00000000e64b2b80, 0x00000000e6ab0000)
  to   space 21824K,   0% used [0x00000000e6ab0000, 0x00000000e6ab0000, 0x00000000e8000000)
 concurrent mark-sweep generation total 393216K, used 0K [0x00000000e8000000, 0x0000000100000000, 0x0000000100000000)
 Metaspace       used 20030K, capacity 20366K, committed 20736K, reserved 1067008K
  class space    used 2297K, capacity 2471K, committed 2560K, reserved 1048576K
}
2017-06-29T09:49:26.260+0200: 2,616: Total time for which application threads were stopped: 0,0108666 seconds, Stopping threads took: 0,0003959 seconds
2017-06-29T09:49:26.293+0200: 2,649: Total time for which application threads were stopped: 0,0019534 seconds, Stopping threads took: 0,0016285 seconds
2017-06-29T09:49:26.425+0200: 2,782: Total time for which application threads were stopped: 0,0001572 seconds, Stopping threads took: 0,0000280 seconds
{Heap before GC invocations=2 (full 0):
 par new generation   total 109248K, used 103114K [0x00000000e0000000, 0x00000000e8000000, 0x00000000e8000000)
  eden space 87424K, 100% used [0x00000000e0000000, 0x00000000e5560000, 0x00000000e5560000)
  from space 21824K,  71% used [0x00000000e5560000, 0x00000000e64b2b80, 0x00000000e6ab0000)
  to   space 21824K,   0% used [0x00000000e6ab0000, 0x00000000e6ab0000, 0x00000000e8000000)
 concurrent mark-sweep generation total 393216K, used 0K [0x00000000e8000000, 0x0000000100000000, 0x0000000100000000)
 Metaspace       used 20994K, capacity 21294K, committed 21628K, reserved 1069056K
  class space    used 2420K, capacity 2591K, committed 2684K, reserved 1048576K
2017-06-29T09:49:26.461+0200: 2,818: [GC (Allocation Failure) 2017-06-29T09:49:26.461+0200: 2,818: [ParNew
Desired survivor size 20112992 bytes, new threshold 8 (max 8)
- age   1:    2034968 bytes,    2034968 total
- age   2:     829096 bytes,    2864064 total
- age   3:    6668648 bytes,    9532712 total
: 103114K->11128K(109248K), 0,0098963 secs] 103114K->11128K(502464K), 0,0099654 secs] [Times: user=0,03 sys=0,00, real=0,01 secs] 
Heap after GC invocations=3 (full 0):
 par new generation   total 109248K, used 11128K [0x00000000e0000000, 0x00000000e8000000, 0x00000000e8000000)
  eden space 87424K,   0% used [0x00000000e0000000, 0x00000000e0000000, 0x00000000e5560000)
  from space 21824K,  50% used [0x00000000e6ab0000, 0x00000000e758e3f0, 0x00000000e8000000)
  to   space 21824K,   0% used [0x00000000e5560000, 0x00000000e5560000, 0x00000000e6ab0000)
 concurrent mark-sweep generation total 393216K, used 0K [0x00000000e8000000, 0x0000000100000000, 0x0000000100000000)
 Metaspace       used 20994K, capacity 21294K, committed 21628K, reserved 1069056K
  class space    used 2420K, capacity 2591K, committed 2684K, reserved 1048576K
}
2017-06-29T09:49:26.471+0200: 2,828: Total time for which application threads were stopped: 0,0102591 seconds, Stopping threads took: 0,0001411 seconds
2017-06-29T09:49:26.472+0200: 2,828: [GC (CMS Initial Mark) [1 CMS-initial-mark: 0K(393216K)] 11145K(502464K), 0,0028721 secs] [Times: user=0,01 sys=0,00, real=0,00 secs] 
2017-06-29T09:49:26.475+0200: 2,831: Total time for which application threads were stopped: 0,0030205 seconds, Stopping threads took: 0,0000443 seconds
2017-06-29T09:49:26.475+0200: 2,831: [CMS-concurrent-mark-start]
2017-06-29T09:49:26.476+0200: 2,832: [CMS-concurrent-mark: 0,001/0,001 secs] [Times: user=0,01 sys=0,00, real=0,00 secs] 
2017-06-29T09:49:26.476+0200: 2,832: [CMS-concurrent-preclean-start]
2017-06-29T09:49:26.477+0200: 2,833: [CMS-concurrent-preclean: 0,001/0,001 secs] [Times: user=0,00 sys=0,00, real=0,00 secs] 
2017-06-29T09:49:26.477+0200: 2,833: [CMS-concurrent-abortable-preclean-start]
2017-06-29T09:49:26.555+0200: 2,912: Total time for which application threads were stopped: 0,0001154 seconds, Stopping threads took: 0,0000247 seconds
{Heap before GC invocations=3 (full 1):
 par new generation   total 109248K, used 98552K [0x00000000e0000000, 0x00000000e8000000, 0x00000000e8000000)
  eden space 87424K, 100% used [0x00000000e0000000, 0x00000000e5560000, 0x00000000e5560000)
  from space 21824K,  50% used [0x00000000e6ab0000, 0x00000000e758e3f0, 0x00000000e8000000)
  to   space 21824K,   0% used [0x00000000e5560000, 0x00000000e5560000, 0x00000000e6ab0000)
 concurrent mark-sweep generation total 393216K, used 0K [0x00000000e8000000, 0x0000000100000000, 0x0000000100000000)
 Metaspace       used 21259K, capacity 21642K, committed 21884K, reserved 1069056K
  class space    used 2449K, capacity 2608K, committed 2684K, reserved 1048576K
2017-06-29T09:49:26.585+0200: 2,942: [GC (Allocation Failure) 2017-06-29T09:49:26.585+0200: 2,942: [ParNew
Desired survivor size 20112992 bytes, new threshold 8 (max 8)
- age   1:     540008 bytes,     540008 total
- age   2:    1475256 bytes,    2015264 total
- age   3:     805592 bytes,    2820856 total
- age   4:    6668832 bytes,    9489688 total
: 98552K->12142K(109248K), 0,0114719 secs] 98552K->12142K(502464K), 0,0115464 secs] [Times: user=0,03 sys=0,00, real=0,01 secs] 
Heap after GC invocations=4 (full 1):
 par new generation   total 109248K, used 12142K [0x00000000e0000000, 0x00000000e8000000, 0x00000000e8000000)
  eden space 87424K,   0% used [0x00000000e0000000, 0x00000000e0000000, 0x00000000e5560000)
  from space 21824K,  55% used [0x00000000e5560000, 0x00000000e613b970, 0x00000000e6ab0000)
  to   space 21824K,   0% used [0x00000000e6ab0000, 0x00000000e6ab0000, 0x00000000e8000000)
 concurrent mark-sweep generation total 393216K, used 0K [0x00000000e8000000, 0x0000000100000000, 0x0000000100000000)
 Metaspace       used 21259K, capacity 21642K, committed 21884K, reserved 1069056K
  class space    used 2449K, capacity 2608K, committed 2684K, reserved 1048576K
}
2017-06-29T09:49:26.597+0200: 2,953: Total time for which application threads were stopped: 0,0117557 seconds, Stopping threads took: 0,0000768 seconds
2017-06-29T09:49:26.597+0200: 2,953: [CMS-concurrent-abortable-preclean: 0,079/0,120 secs] [Times: user=0,46 sys=0,01, real=0,12 secs] 
2017-06-29T09:49:26.597+0200: 2,954: [GC (CMS Final Remark) [YG occupancy: 12861 K (109248 K)]{Heap before GC invocations=4 (full 1):
 par new generation   total 109248K, used 12861K [0x00000000e0000000, 0x00000000e8000000, 0x00000000e8000000)
  eden space 87424K,   0% used [0x00000000e0000000, 0x00000000e00b3c58, 0x00000000e5560000)
  from space 21824K,  55% used [0x00000000e5560000, 0x00000000e613b970, 0x00000000e6ab0000)
  to   space 21824K,   0% used [0x00000000e6ab0000, 0x00000000e6ab0000, 0x00000000e8000000)
 concurrent mark-sweep generation total 393216K, used 0K [0x00000000e8000000, 0x0000000100000000, 0x0000000100000000)
 Metaspace       used 21259K, capacity 21642K, committed 21884K, reserved 1069056K
  class space    used 2449K, capacity 2608K, committed 2684K, reserved 1048576K
2017-06-29T09:49:26.597+0200: 2,954: [GC (CMS Final Remark) 2017-06-29T09:49:26.597+0200: 2,954: [ParNew
Desired survivor size 20112992 bytes, new threshold 8 (max 8)
- age   1:      32808 bytes,      32808 total
- age   2:     458008 bytes,     490816 total
- age   3:    1475256 bytes,    1966072 total
- age   4:     805592 bytes,    2771664 total
- age   5:    6668896 bytes,    9440560 total
: 12861K->13747K(109248K), 0,0093283 secs] 12861K->13747K(502464K), 0,0093742 secs] [Times: user=0,04 sys=0,00, real=0,01 secs] 
Heap after GC invocations=5 (full 1):
 par new generation   total 109248K, used 13747K [0x00000000e0000000, 0x00000000e8000000, 0x00000000e8000000)
  eden space 87424K,   0% used [0x00000000e0000000, 0x00000000e0000000, 0x00000000e5560000)
  from space 21824K,  62% used [0x00000000e6ab0000, 0x00000000e781ccc0, 0x00000000e8000000)
  to   space 21824K,   0% used [0x00000000e5560000, 0x00000000e5560000, 0x00000000e6ab0000)
 concurrent mark-sweep generation total 393216K, used 0K [0x00000000e8000000, 0x0000000100000000, 0x0000000100000000)
 Metaspace       used 21259K, capacity 21642K, committed 21884K, reserved 1069056K
  class space    used 2449K, capacity 2608K, committed 2684K, reserved 1048576K
}
2017-06-29T09:49:26.607+0200: 2,963: [Rescan (parallel) , 0,0035210 secs]2017-06-29T09:49:26.610+0200: 2,967: [weak refs processing, 0,0003652 secs]2017-06-29T09:49:26.611+0200: 2,967: [class unloading, 0,0028223 secs]2017-06-29T09:49:26.613+0200: 2,970: [scrub symbol table, 0,0029909 secs]2017-06-29T09:49:26.616+0200: 2,973: [scrub string table, 0,0003658 secs][1 CMS-remark: 0K(393216K)] 13747K(502464K), 0,0200558 secs] [Times: user=0,06 sys=0,00, real=0,02 secs] 
2017-06-29T09:49:26.617+0200: 2,974: Total time for which application threads were stopped: 0,0204041 seconds, Stopping threads took: 0,0002600 seconds
2017-06-29T09:49:26.617+0200: 2,974: [CMS-concurrent-sweep-start]
2017-06-29T09:49:26.618+0200: 2,974: [CMS-concurrent-sweep: 0,000/0,000 secs] [Times: user=0,00 sys=0,00, real=0,00 secs] 
2017-06-29T09:49:26.618+0200: 2,974: [CMS-concurrent-reset-start]
2017-06-29T09:49:26.620+0200: 2,976: [CMS-concurrent-reset: 0,002/0,002 secs] [Times: user=0,00 sys=0,00, real=0,00 secs] 
{Heap before GC invocations=5 (full 1):
 par new generation   total 109248K, used 101171K [0x00000000e0000000, 0x00000000e8000000, 0x00000000e8000000)
  eden space 87424K, 100% used [0x00000000e0000000, 0x00000000e5560000, 0x00000000e5560000)
  from space 21824K,  62% used [0x00000000e6ab0000, 0x00000000e781ccc0, 0x00000000e8000000)
  to   space 21824K,   0% used [0x00000000e5560000, 0x00000000e5560000, 0x00000000e6ab0000)
 concurrent mark-sweep generation total 393216K, used 0K [0x00000000e8000000, 0x0000000100000000, 0x0000000100000000)
 Metaspace       used 21411K, capacity 21814K, committed 21884K, reserved 1069056K
  class space    used 2471K, capacity 2642K, committed 2684K, reserved 1048576K
2017-06-29T09:49:26.711+0200: 3,067: [GC (Allocation Failure) 2017-06-29T09:49:26.711+0200: 3,067: [ParNew
Desired survivor size 20112992 bytes, new threshold 8 (max 8)
- age   1:    1065704 bytes,    1065704 total
- age   3:     186856 bytes,    1252560 total
- age   4:    1472016 bytes,    2724576 total
- age   5:     803576 bytes,    3528152 total
- age   6:    6668784 bytes,   10196936 total
: 101171K->13287K(109248K), 0,0098623 secs] 101171K->13287K(502464K), 0,0099530 secs] [Times: user=0,04 sys=0,00, real=0,00 secs] 
Heap after GC invocations=6 (full 1):
 par new generation   total 109248K, used 13287K [0x00000000e0000000, 0x00000000e8000000, 0x00000000e8000000)
  eden space 87424K,   0% used [0x00000000e0000000, 0x00000000e0000000, 0x00000000e5560000)
  from space 21824K,  60% used [0x00000000e5560000, 0x00000000e6259e48, 0x00000000e6ab0000)
  to   space 21824K,   0% used [0x00000000e6ab0000, 0x00000000e6ab0000, 0x00000000e8000000)
 concurrent mark-sweep generation total 393216K, used 0K [0x00000000e8000000, 0x0000000100000000, 0x0000000100000000)
 Metaspace       used 21411K, capacity 21814K, committed 21884K, reserved 1069056K
  class space    used 2471K, capacity 2642K, committed 2684K, reserved 1048576K
}
2017-06-29T09:49:26.721+0200: 3,077: Total time for which application threads were stopped: 0,0101978 seconds, Stopping threads took: 0,0000661 seconds
2017-06-29T09:49:26.751+0200: 3,108: Total time for which application threads were stopped: 0,0003992 seconds, Stopping threads took: 0,0000382 seconds
2017-06-29T09:49:26.999+0200: 3,356: Total time for which application threads were stopped: 0,0004648 seconds, Stopping threads took: 0,0000307 seconds
2017-06-29T09:49:27.017+0200: 3,373: Total time for which application threads were stopped: 0,0003955 seconds, Stopping threads took: 0,0000642 seconds
{Heap before GC invocations=6 (full 1):
 par new generation   total 109248K, used 100711K [0x00000000e0000000, 0x00000000e8000000, 0x00000000e8000000)
  eden space 87424K, 100% used [0x00000000e0000000, 0x00000000e5560000, 0x00000000e5560000)
  from space 21824K,  60% used [0x00000000e5560000, 0x00000000e6259e48, 0x00000000e6ab0000)
  to   space 21824K,   0% used [0x00000000e6ab0000, 0x00000000e6ab0000, 0x00000000e8000000)
 concurrent mark-sweep generation total 393216K, used 0K [0x00000000e8000000, 0x0000000100000000, 0x0000000100000000)
 Metaspace       used 23745K, capacity 24180K, committed 24316K, reserved 1071104K
  class space    used 2790K, capacity 2983K, committed 3068K, reserved 1048576K
2017-06-29T09:49:27.178+0200: 3,534: [GC (Allocation Failure) 2017-06-29T09:49:27.178+0200: 3,534: [ParNew
Desired survivor size 20112992 bytes, new threshold 8 (max 8)
- age   1:    4991264 bytes,    4991264 total
- age   2:     129136 bytes,    5120400 total
- age   4:     185792 bytes,    5306192 total
- age   5:     302408 bytes,    5608600 total
- age   6:     779256 bytes,    6387856 total
- age   7:    6660496 bytes,   13048352 total
: 100711K->14826K(109248K), 0,0129942 secs] 100711K->14826K(502464K), 0,0130658 secs] [Times: user=0,04 sys=0,00, real=0,02 secs] 
Heap after GC invocations=7 (full 1):
 par new generation   total 109248K, used 14826K [0x00000000e0000000, 0x00000000e8000000, 0x00000000e8000000)
  eden space 87424K,   0% used [0x00000000e0000000, 0x00000000e0000000, 0x00000000e5560000)
  from space 21824K,  67% used [0x00000000e6ab0000, 0x00000000e792a980, 0x00000000e8000000)
  to   space 21824K,   0% used [0x00000000e5560000, 0x00000000e5560000, 0x00000000e6ab0000)
 concurrent mark-sweep generation total 393216K, used 0K [0x00000000e8000000, 0x0000000100000000, 0x0000000100000000)
 Metaspace       used 23745K, capacity 24180K, committed 24316K, reserved 1071104K
  class space    used 2790K, capacity 2983K, committed 3068K, reserved 1048576K
}
2017-06-29T09:49:27.191+0200: 3,548: Total time for which application threads were stopped: 0,0133783 seconds, Stopping threads took: 0,0000618 seconds
{Heap before GC invocations=7 (full 1):
 par new generation   total 109248K, used 102250K [0x00000000e0000000, 0x00000000e8000000, 0x00000000e8000000)
  eden space 87424K, 100% used [0x00000000e0000000, 0x00000000e5560000, 0x00000000e5560000)
  from space 21824K,  67% used [0x00000000e6ab0000, 0x00000000e792a980, 0x00000000e8000000)
  to   space 21824K,   0% used [0x00000000e5560000, 0x00000000e5560000, 0x00000000e6ab0000)
 concurrent mark-sweep generation total 393216K, used 0K [0x00000000e8000000, 0x0000000100000000, 0x0000000100000000)
 Metaspace       used 24326K, capacity 24826K, committed 25084K, reserved 1071104K
  class space    used 2855K, capacity 3048K, committed 3068K, reserved 1048576K
2017-06-29T09:49:27.321+0200: 3,678: [GC (Allocation Failure) 2017-06-29T09:49:27.322+0200: 3,678: [ParNew
Desired survivor size 20112992 bytes, new threshold 8 (max 8)
- age   1:    1829344 bytes,    1829344 total
- age   2:    1771328 bytes,    3600672 total
- age   3:      56392 bytes,    3657064 total
- age   5:     105512 bytes,    3762576 total
- age   6:     181888 bytes,    3944464 total
- age   7:     760496 bytes,    4704960 total
- age   8:    6126160 bytes,   10831120 total
: 102250K->16188K(109248K), 0,0323604 secs] 102250K->16188K(502464K), 0,0324606 secs] [Times: user=0,06 sys=0,00, real=0,03 secs] 
Heap after GC invocations=8 (full 1):
 par new generation   total 109248K, used 16188K [0x00000000e0000000, 0x00000000e8000000, 0x00000000e8000000)
  eden space 87424K,   0% used [0x00000000e0000000, 0x00000000e0000000, 0x00000000e5560000)
  from space 21824K,  74% used [0x00000000e5560000, 0x00000000e652f240, 0x00000000e6ab0000)
  to   space 21824K,   0% used [0x00000000e6ab0000, 0x00000000e6ab0000, 0x00000000e8000000)
 concurrent mark-sweep generation total 393216K, used 0K [0x00000000e8000000, 0x0000000100000000, 0x0000000100000000)
 Metaspace       used 24326K, capacity 24826K, committed 25084K, reserved 1071104K
  class space    used 2855K, capacity 3048K, committed 3068K, reserved 1048576K
}
2017-06-29T09:49:27.354+0200: 3,710: Total time for which application threads were stopped: 0,0333526 seconds, Stopping threads took: 0,0006639 seconds
{Heap before GC invocations=8 (full 1):
 par new generation   total 109248K, used 103609K [0x00000000e0000000, 0x00000000e8000000, 0x00000000e8000000)
  eden space 87424K,  99% used [0x00000000e0000000, 0x00000000e555f280, 0x00000000e5560000)
  from space 21824K,  74% used [0x00000000e5560000, 0x00000000e652f240, 0x00000000e6ab0000)
  to   space 21824K,   0% used [0x00000000e6ab0000, 0x00000000e6ab0000, 0x00000000e8000000)
 concurrent mark-sweep generation total 393216K, used 0K [0x00000000e8000000, 0x0000000100000000, 0x0000000100000000)
 Metaspace       used 24797K, capacity 25268K, committed 25468K, reserved 1071104K
  class space    used 2895K, capacity 3085K, committed 3196K, reserved 1048576K
2017-06-29T09:49:27.493+0200: 3,849: [GC (Allocation Failure) 2017-06-29T09:49:27.493+0200: 3,849: [ParNew
Desired survivor size 20112992 bytes, new threshold 8 (max 8)
- age   1:     870120 bytes,     870120 total
- age   2:     987432 bytes,    1857552 total
- age   3:    1749040 bytes,    3606592 total
- age   4:      56360 bytes,    3662952 total
- age   6:     105376 bytes,    3768328 total
- age   7:     179056 bytes,    3947384 total
- age   8:     759728 bytes,    4707112 total
: 103609K->6677K(109248K), 0,0301462 secs] 103609K->12742K(502464K), 0,0302159 secs] [Times: user=0,10 sys=0,00, real=0,03 secs] 
Heap after GC invocations=9 (full 1):
 par new generation   total 109248K, used 6677K [0x00000000e0000000, 0x00000000e8000000, 0x00000000e8000000)
  eden space 87424K,   0% used [0x00000000e0000000, 0x00000000e0000000, 0x00000000e5560000)
  from space 21824K,  30% used [0x00000000e6ab0000, 0x00000000e71357e0, 0x00000000e8000000)
  to   space 21824K,   0% used [0x00000000e5560000, 0x00000000e5560000, 0x00000000e6ab0000)
 concurrent mark-sweep generation total 393216K, used 6064K [0x00000000e8000000, 0x0000000100000000, 0x0000000100000000)
 Metaspace       used 24797K, capacity 25268K, committed 25468K, reserved 1071104K
  class space    used 2895K, capacity 3085K, committed 3196K, reserved 1048576K
}
2017-06-29T09:49:27.523+0200: 3,880: Total time for which application threads were stopped: 0,0304578 seconds, Stopping threads took: 0,0000621 seconds
2017-06-29T09:49:27.710+0200: 4,066: Total time for which application threads were stopped: 0,0005638 seconds, Stopping threads took: 0,0000461 seconds
2017-06-29T09:49:27.718+0200: 4,074: Total time for which application threads were stopped: 0,0002775 seconds, Stopping threads took: 0,0001452 seconds
2017-06-29T09:49:27.722+0200: 4,078: Total time for which application threads were stopped: 0,0002496 seconds, Stopping threads took: 0,0001551 seconds
2017-06-29T09:49:27.722+0200: 4,078: Total time for which application threads were stopped: 0,0001113 seconds, Stopping threads took: 0,0000173 seconds
2017-06-29T09:49:27.722+0200: 4,079: Total time for which application threads were stopped: 0,0000924 seconds, Stopping threads took: 0,0000101 seconds
2017-06-29T09:49:27.722+0200: 4,079: Total time for which application threads were stopped: 0,0000803 seconds, Stopping threads took: 0,0000118 seconds
2017-06-29T09:49:27.723+0200: 4,079: Total time for which application threads were stopped: 0,0005050 seconds, Stopping threads took: 0,0004395 seconds
2017-06-29T09:49:27.723+0200: 4,080: Total time for which application threads were stopped: 0,0000830 seconds, Stopping threads took: 0,0000222 seconds
2017-06-29T09:49:27.723+0200: 4,080: Total time for which application threads were stopped: 0,0000817 seconds, Stopping threads took: 0,0000239 seconds
2017-06-29T09:49:27.723+0200: 4,080: Total time for which application threads were stopped: 0,0000748 seconds, Stopping threads took: 0,0000191 seconds
2017-06-29T09:49:27.723+0200: 4,080: Total time for which application threads were stopped: 0,0000766 seconds, Stopping threads took: 0,0000195 seconds
2017-06-29T09:49:27.724+0200: 4,080: Total time for which application threads were stopped: 0,0001144 seconds, Stopping threads took: 0,0000260 seconds
2017-06-29T09:49:27.724+0200: 4,080: Total time for which application threads were stopped: 0,0000989 seconds, Stopping threads took: 0,0000445 seconds
2017-06-29T09:49:27.724+0200: 4,081: Total time for which application threads were stopped: 0,0000763 seconds, Stopping threads took: 0,0000229 seconds
2017-06-29T09:49:27.724+0200: 4,081: Total time for which application threads were stopped: 0,0000609 seconds, Stopping threads took: 0,0000251 seconds
2017-06-29T09:49:27.724+0200: 4,081: Total time for which application threads were stopped: 0,0000717 seconds, Stopping threads took: 0,0000126 seconds
2017-06-29T09:49:27.725+0200: 4,081: Total time for which application threads were stopped: 0,0001008 seconds, Stopping threads took: 0,0000199 seconds
2017-06-29T09:49:27.725+0200: 4,081: Total time for which application threads were stopped: 0,0001280 seconds, Stopping threads took: 0,0000703 seconds
2017-06-29T09:49:27.725+0200: 4,081: Total time for which application threads were stopped: 0,0000798 seconds, Stopping threads took: 0,0000245 seconds
2017-06-29T09:49:27.725+0200: 4,082: Total time for which application threads were stopped: 0,0000723 seconds, Stopping threads took: 0,0000193 seconds
2017-06-29T09:49:27.725+0200: 4,082: Total time for which application threads were stopped: 0,0001727 seconds, Stopping threads took: 0,0000191 seconds
2017-06-29T09:49:27.726+0200: 4,083: Total time for which application threads were stopped: 0,0000908 seconds, Stopping threads took: 0,0000262 seconds
2017-06-29T09:49:27.727+0200: 4,083: Total time for which application threads were stopped: 0,0000826 seconds, Stopping threads took: 0,0000295 seconds
2017-06-29T09:49:27.730+0200: 4,087: Total time for which application threads were stopped: 0,0001272 seconds, Stopping threads took: 0,0000499 seconds
2017-06-29T09:49:27.731+0200: 4,087: Total time for which application threads were stopped: 0,0000798 seconds, Stopping threads took: 0,0000204 seconds
2017-06-29T09:49:27.732+0200: 4,088: Total time for which application threads were stopped: 0,0000678 seconds, Stopping threads took: 0,0000125 seconds
2017-06-29T09:49:27.733+0200: 4,090: Total time for which application threads were stopped: 0,0000724 seconds, Stopping threads took: 0,0000232 seconds
2017-06-29T09:49:27.734+0200: 4,090: Total time for which application threads were stopped: 0,0000599 seconds, Stopping threads took: 0,0000098 seconds
2017-06-29T09:49:27.735+0200: 4,092: Total time for which application threads were stopped: 0,0002746 seconds, Stopping threads took: 0,0002185 seconds
2017-06-29T09:49:27.736+0200: 4,092: Total time for which application threads were stopped: 0,0000597 seconds, Stopping threads took: 0,0000134 seconds
2017-06-29T09:49:27.736+0200: 4,093: Total time for which application threads were stopped: 0,0000489 seconds, Stopping threads took: 0,0000107 seconds
2017-06-29T09:49:27.740+0200: 4,097: Total time for which application threads were stopped: 0,0001116 seconds, Stopping threads took: 0,0000332 seconds
2017-06-29T09:49:27.742+0200: 4,098: Total time for which application threads were stopped: 0,0001281 seconds, Stopping threads took: 0,0000347 seconds
2017-06-29T09:49:27.743+0200: 4,100: Total time for which application threads were stopped: 0,0001419 seconds, Stopping threads took: 0,0000635 seconds
2017-06-29T09:49:27.748+0200: 4,104: Total time for which application threads were stopped: 0,0000945 seconds, Stopping threads took: 0,0000182 seconds
2017-06-29T09:49:27.751+0200: 4,108: Total time for which application threads were stopped: 0,0000821 seconds, Stopping threads took: 0,0000167 seconds
2017-06-29T09:49:27.751+0200: 4,108: Total time for which application threads were stopped: 0,0000475 seconds, Stopping threads took: 0,0000087 seconds
2017-06-29T09:49:27.752+0200: 4,108: Total time for which application threads were stopped: 0,0000451 seconds, Stopping threads took: 0,0000114 seconds
2017-06-29T09:49:27.752+0200: 4,109: Total time for which application threads were stopped: 0,0000489 seconds, Stopping threads took: 0,0000096 seconds
2017-06-29T09:49:27.753+0200: 4,109: Total time for which application threads were stopped: 0,0000600 seconds, Stopping threads took: 0,0000250 seconds
2017-06-29T09:49:27.753+0200: 4,109: Total time for which application threads were stopped: 0,0000454 seconds, Stopping threads took: 0,0000155 seconds
2017-06-29T09:49:27.753+0200: 4,110: Total time for which application threads were stopped: 0,0000432 seconds, Stopping threads took: 0,0000137 seconds
2017-06-29T09:49:27.754+0200: 4,110: Total time for which application threads were stopped: 0,0000443 seconds, Stopping threads took: 0,0000095 seconds
2017-06-29T09:49:27.755+0200: 4,112: Total time for which application threads were stopped: 0,0000695 seconds, Stopping threads took: 0,0000145 seconds
2017-06-29T09:49:27.758+0200: 4,114: Total time for which application threads were stopped: 0,0001736 seconds, Stopping threads took: 0,0000339 seconds
2017-06-29T09:49:27.760+0200: 4,117: Total time for which application threads were stopped: 0,0001656 seconds, Stopping threads took: 0,0001050 seconds
2017-06-29T09:49:27.804+0200: 4,161: Total time for which application threads were stopped: 0,0004963 seconds, Stopping threads took: 0,0000354 seconds
2017-06-29T09:49:27.820+0200: 4,177: Total time for which application threads were stopped: 0,0004661 seconds, Stopping threads took: 0,0000357 seconds
2017-06-29T09:49:27.875+0200: 4,231: Total time for which application threads were stopped: 0,0004324 seconds, Stopping threads took: 0,0000448 seconds
2017-06-29T09:49:27.882+0200: 4,238: Total time for which application threads were stopped: 0,0001558 seconds, Stopping threads took: 0,0000762 seconds
2017-06-29T09:49:27.886+0200: 4,242: Total time for which application threads were stopped: 0,0035483 seconds, Stopping threads took: 0,0034674 seconds
2017-06-29T09:49:27.905+0200: 4,261: Total time for which application threads were stopped: 0,0001293 seconds, Stopping threads took: 0,0000376 seconds
2017-06-29T09:49:27.910+0200: 4,266: Total time for which application threads were stopped: 0,0001309 seconds, Stopping threads took: 0,0000535 seconds
2017-06-29T09:49:27.912+0200: 4,269: Total time for which application threads were stopped: 0,0001151 seconds, Stopping threads took: 0,0000313 seconds
2017-06-29T09:49:27.915+0200: 4,272: Total time for which application threads were stopped: 0,0000787 seconds, Stopping threads took: 0,0000171 seconds
2017-06-29T09:49:27.919+0200: 4,276: Total time for which application threads were stopped: 0,0000886 seconds, Stopping threads took: 0,0000216 seconds
2017-06-29T09:49:27.923+0200: 4,280: Total time for which application threads were stopped: 0,0001079 seconds, Stopping threads took: 0,0000368 seconds
2017-06-29T09:49:27.930+0200: 4,286: Total time for which application threads were stopped: 0,0013026 seconds, Stopping threads took: 0,0012168 seconds
2017-06-29T09:49:27.965+0200: 4,321: Total time for which application threads were stopped: 0,0001202 seconds, Stopping threads took: 0,0000449 seconds
2017-06-29T09:49:27.976+0200: 4,333: Total time for which application threads were stopped: 0,0001777 seconds, Stopping threads took: 0,0000720 seconds
2017-06-29T09:49:27.977+0200: 4,333: Total time for which application threads were stopped: 0,0004098 seconds, Stopping threads took: 0,0000121 seconds
2017-06-29T09:49:27.977+0200: 4,334: Total time for which application threads were stopped: 0,0000822 seconds, Stopping threads took: 0,0000263 seconds
2017-06-29T09:49:27.982+0200: 4,338: Total time for which application threads were stopped: 0,0001465 seconds, Stopping threads took: 0,0000656 seconds
2017-06-29T09:49:28.982+0200: 5,339: Total time for which application threads were stopped: 0,0000789 seconds, Stopping threads took: 0,0000197 seconds
2017-06-29T09:49:29.982+0200: 6,339: Total time for which application threads were stopped: 0,0000842 seconds, Stopping threads took: 0,0000168 seconds
2017-06-29T09:49:45.985+0200: 22,341: Total time for which application threads were stopped: 0,0000658 seconds, Stopping threads took: 0,0000157 seconds
2017-06-29T09:49:55.986+0200: 32,342: Total time for which application threads were stopped: 0,0000850 seconds, Stopping threads took: 0,0000206 seconds
2017-06-29T09:50:50.993+0200: 87,350: Total time for which application threads were stopped: 0,0001387 seconds, Stopping threads took: 0,0000368 seconds
2017-06-29T09:51:20.999+0200: 117,355: Total time for which application threads were stopped: 0,0001874 seconds, Stopping threads took: 0,0000737 seconds
2017-06-29T09:51:26.000+0200: 122,356: Total time for which application threads were stopped: 0,0001376 seconds, Stopping threads took: 0,0000329 seconds
{Heap before GC invocations=9 (full 1):
 par new generation   total 109248K, used 94101K [0x00000000e0000000, 0x00000000e8000000, 0x00000000e8000000)
  eden space 87424K, 100% used [0x00000000e0000000, 0x00000000e5560000, 0x00000000e5560000)
  from space 21824K,  30% used [0x00000000e6ab0000, 0x00000000e71357e0, 0x00000000e8000000)
  to   space 21824K,   0% used [0x00000000e5560000, 0x00000000e5560000, 0x00000000e6ab0000)
 concurrent mark-sweep generation total 393216K, used 6064K [0x00000000e8000000, 0x0000000100000000, 0x0000000100000000)
 Metaspace       used 28010K, capacity 28502K, committed 28796K, reserved 1075200K
  class space    used 3214K, capacity 3392K, committed 3452K, reserved 1048576K
2017-06-29T09:52:19.688+0200: 176,044: [GC (Allocation Failure) 2017-06-29T09:52:19.688+0200: 176,044: [ParNew
Desired survivor size 20112992 bytes, new threshold 8 (max 8)
- age   1:   10985800 bytes,   10985800 total
- age   2:     236816 bytes,   11222616 total
- age   3:     207752 bytes,   11430368 total
- age   4:    1743456 bytes,   13173824 total
- age   5:      56360 bytes,   13230184 total
- age   7:     102672 bytes,   13332856 total
- age   8:     178496 bytes,   13511352 total
: 94101K->14669K(109248K), 0,0247705 secs] 100166K->21563K(502464K), 0,0248934 secs] [Times: user=0,08 sys=0,00, real=0,03 secs] 
Heap after GC invocations=10 (full 1):
 par new generation   total 109248K, used 14669K [0x00000000e0000000, 0x00000000e8000000, 0x00000000e8000000)
  eden space 87424K,   0% used [0x00000000e0000000, 0x00000000e0000000, 0x00000000e5560000)
  from space 21824K,  67% used [0x00000000e5560000, 0x00000000e63b3620, 0x00000000e6ab0000)
  to   space 21824K,   0% used [0x00000000e6ab0000, 0x00000000e6ab0000, 0x00000000e8000000)
 concurrent mark-sweep generation total 393216K, used 6893K [0x00000000e8000000, 0x0000000100000000, 0x0000000100000000)
 Metaspace       used 28010K, capacity 28502K, committed 28796K, reserved 1075200K
  class space    used 3214K, capacity 3392K, committed 3452K, reserved 1048576K
}
2017-06-29T09:52:19.713+0200: 176,069: Total time for which application threads were stopped: 0,0252079 seconds, Stopping threads took: 0,0000914 seconds
2017-06-29T09:52:19.714+0200: 176,071: Total time for which application threads were stopped: 0,0000905 seconds, Stopping threads took: 0,0000294 seconds
2017-06-29T09:52:19.719+0200: 176,076: Total time for which application threads were stopped: 0,0000682 seconds, Stopping threads took: 0,0000200 seconds
2017-06-29T09:54:00.736+0200: 277,092: Total time for which application threads were stopped: 0,0001769 seconds, Stopping threads took: 0,0000660 seconds
2017-06-29T10:12:54.870+0200: 1411,227: Total time for which application threads were stopped: 0,0000814 seconds, Stopping threads took: 0,0000315 seconds
2017-06-29T10:16:29.895+0200: 1626,251: Total time for which application threads were stopped: 0,0001031 seconds, Stopping threads took: 0,0000378 seconds
2017-06-29T10:27:44.970+0200: 2301,327: Total time for which application threads were stopped: 0,0000908 seconds, Stopping threads took: 0,0000359 seconds
2017-06-29T10:27:45.970+0200: 2302,327: Total time for which application threads were stopped: 0,0001130 seconds, Stopping threads took: 0,0000365 seconds
2017-06-29T10:42:41.082+0200: 3197,438: Total time for which application threads were stopped: 0,0001334 seconds, Stopping threads took: 0,0000488 seconds
2017-06-29T10:46:56.112+0200: 3452,469: Total time for which application threads were stopped: 0,0000821 seconds, Stopping threads took: 0,0000308 seconds
2017-06-29T10:55:10.172+0200: 3946,528: Total time for which application threads were stopped: 0,0001496 seconds, Stopping threads took: 0,0000472 seconds
2017-06-29T10:55:25.173+0200: 3961,530: Total time for which application threads were stopped: 0,0000651 seconds, Stopping threads took: 0,0000151 seconds
2017-06-29T10:55:40.175+0200: 3976,531: Total time for which application threads were stopped: 0,0001441 seconds, Stopping threads took: 0,0000504 seconds
2017-06-29T11:08:41.269+0200: 4757,626: Total time for which application threads were stopped: 0,0000922 seconds, Stopping threads took: 0,0000333 seconds
2017-06-29T11:08:46.270+0200: 4762,626: Total time for which application threads were stopped: 0,0000641 seconds, Stopping threads took: 0,0000150 seconds
2017-06-29T11:33:46.452+0200: 6262,809: Total time for which application threads were stopped: 0,0001005 seconds, Stopping threads took: 0,0000345 seconds
2017-06-29T11:49:55.563+0200: 7231,919: Total time for which application threads were stopped: 0,0000814 seconds, Stopping threads took: 0,0000303 seconds
2017-06-29T11:51:25.571+0200: 7321,928: Total time for which application threads were stopped: 0,0001244 seconds, Stopping threads took: 0,0000420 seconds
2017-06-29T11:57:25.612+0200: 7681,968: Total time for which application threads were stopped: 0,0000825 seconds, Stopping threads took: 0,0000323 seconds
2017-06-29T11:57:55.615+0200: 7711,971: Total time for which application threads were stopped: 0,0000841 seconds, Stopping threads took: 0,0000334 seconds
2017-06-29T23:16:02.000+0200: 15362,095: Total time for which application threads were stopped: 0,0000961 seconds, Stopping threads took: 0,0000353 seconds
2017-06-29T23:18:32.022+0200: 15512,117: Total time for which application threads were stopped: 0,0000908 seconds, Stopping threads t