OpenJDK 64-Bit Server VM (25.111-b14) for linux-amd64 JRE (1.8.0_111-8u111-b14-2ubuntu0.16.04.2-b14), built on Oct 27 2016 18:10:19 by "buildd" with gcc 5.4.0 20160609
Memory: 4k page, physical 7867804k(7509272k free), swap 8076284k(8076284k free)
CommandLine flags: -XX:CMSInitiatingOccupancyFraction=50 -XX:CMSMaxAbortablePrecleanTime=6000 -XX:+CMSParallelRemarkEnabled -XX:+CMSScavengeBeforeRemark -XX:ConcGCThreads=4 -XX:InitialHeapSize=536870912 -XX:MaxHeapSize=536870912 -XX:MaxTenuringThreshold=8 -XX:NewRatio=3 -XX:OldPLABSize=16 -XX:OnOutOfMemoryError=/opt/solr/bin/oom_solr.sh 8983 /var/solr/logs -XX:ParallelGCThreads=4 -XX:+ParallelRefProcEnabled -XX:PretenureSizeThreshold=67108864 -XX:+PrintGC -XX:+PrintGCApplicationStoppedTime -XX:+PrintGCDateStamps -XX:+PrintGCDetails -XX:+PrintGCTimeStamps -XX:+PrintHeapAtGC -XX:+PrintTenuringDistribution -XX:SurvivorRatio=4 -XX:TargetSurvivorRatio=90 -XX:ThreadStackSize=256 -XX:+UseCMSInitiatingOccupancyOnly -XX:+UseCompressedClassPointers -XX:+UseCompressedOops -XX:+UseConcMarkSweepGC -XX:+UseParNewGC 
2017-01-08T09:44:05.501+0100: 0,132: Total time for which application threads were stopped: 0,0000670 seconds, Stopping threads took: 0,0000123 seconds
2017-01-08T09:44:05.593+0100: 0,223: Total time for which application threads were stopped: 0,0001119 seconds, Stopping threads took: 0,0000271 seconds
2017-01-08T09:44:05.608+0100: 0,238: Total time for which application threads were stopped: 0,0000941 seconds, Stopping threads took: 0,0000237 seconds
2017-01-08T09:44:05.798+0100: 0,428: Total time for which application threads were stopped: 0,0001184 seconds, Stopping threads took: 0,0000143 seconds
2017-01-08T09:44:06.325+0100: 0,955: Total time for which application threads were stopped: 0,0001757 seconds, Stopping threads took: 0,0000259 seconds
2017-01-08T09:44:06.406+0100: 1,036: Total time for which application threads were stopped: 0,0001746 seconds, Stopping threads took: 0,0000240 seconds
2017-01-08T09:44:06.429+0100: 1,059: Total time for which application threads were stopped: 0,0001801 seconds, Stopping threads took: 0,0000337 seconds
2017-01-08T09:44:06.688+0100: 1,318: Total time for which application threads were stopped: 0,0002778 seconds, Stopping threads took: 0,0000308 seconds
2017-01-08T09:44:06.889+0100: 1,519: Total time for which application threads were stopped: 0,0003011 seconds, Stopping threads took: 0,0000230 seconds
2017-01-08T09:44:06.913+0100: 1,543: Total time for which application threads were stopped: 0,0001743 seconds, Stopping threads took: 0,0000164 seconds
2017-01-08T09:44:06.914+0100: 1,544: Total time for which application threads were stopped: 0,0001427 seconds, Stopping threads took: 0,0000177 seconds
2017-01-08T09:44:06.928+0100: 1,558: Total time for which application threads were stopped: 0,0001653 seconds, Stopping threads took: 0,0000229 seconds
2017-01-08T09:44:07.013+0100: 1,643: Total time for which application threads were stopped: 0,0002293 seconds, Stopping threads took: 0,0000222 seconds
2017-01-08T09:44:07.176+0100: 1,806: Total time for which application threads were stopped: 0,0002253 seconds, Stopping threads took: 0,0000330 seconds
{Heap before GC invocations=0 (full 0):
 par new generation   total 109248K, used 87424K [0x00000000e0000000, 0x00000000e8000000, 0x00000000e8000000)
  eden space 87424K, 100% used [0x00000000e0000000, 0x00000000e5560000, 0x00000000e5560000)
  from space 21824K,   0% used [0x00000000e5560000, 0x00000000e5560000, 0x00000000e6ab0000)
  to   space 21824K,   0% used [0x00000000e6ab0000, 0x00000000e6ab0000, 0x00000000e8000000)
 concurrent mark-sweep generation total 393216K, used 0K [0x00000000e8000000, 0x0000000100000000, 0x0000000100000000)
 Metaspace       used 18111K, capacity 18430K, committed 18560K, reserved 1064960K
  class space    used 2053K, capacity 2162K, committed 2176K, reserved 1048576K
2017-01-08T09:44:07.291+0100: 1,921: [GC (Allocation Failure) 2017-01-08T09:44:07.291+0100: 1,921: [ParNew
Desired survivor size 20112992 bytes, new threshold 8 (max 8)
- age   1:   12325608 bytes,   12325608 total
: 87424K->12149K(109248K), 0,0160028 secs] 87424K->12149K(502464K), 0,0160913 secs] [Times: user=0,03 sys=0,03, real=0,02 secs] 
Heap after GC invocations=1 (full 0):
 par new generation   total 109248K, used 12149K [0x00000000e0000000, 0x00000000e8000000, 0x00000000e8000000)
  eden space 87424K,   0% used [0x00000000e0000000, 0x00000000e0000000, 0x00000000e5560000)
  from space 21824K,  55% used [0x00000000e6ab0000, 0x00000000e768d5f0, 0x00000000e8000000)
  to   space 21824K,   0% used [0x00000000e5560000, 0x00000000e5560000, 0x00000000e6ab0000)
 concurrent mark-sweep generation total 393216K, used 0K [0x00000000e8000000, 0x0000000100000000, 0x0000000100000000)
 Metaspace       used 18111K, capacity 18430K, committed 18560K, reserved 1064960K
  class space    used 2053K, capacity 2162K, committed 2176K, reserved 1048576K
}
2017-01-08T09:44:07.307+0100: 1,937: Total time for which application threads were stopped: 0,0162732 seconds, Stopping threads took: 0,0000174 seconds
2017-01-08T09:44:07.474+0100: 2,104: Total time for which application threads were stopped: 0,0003176 seconds, Stopping threads took: 0,0000338 seconds
2017-01-08T09:44:07.506+0100: 2,136: Total time for which application threads were stopped: 0,0003563 seconds, Stopping threads took: 0,0000383 seconds
2017-01-08T09:44:07.532+0100: 2,162: Total time for which application threads were stopped: 0,0003347 seconds, Stopping threads took: 0,0000341 seconds
{Heap before GC invocations=1 (full 0):
 par new generation   total 109248K, used 99573K [0x00000000e0000000, 0x00000000e8000000, 0x00000000e8000000)
  eden space 87424K, 100% used [0x00000000e0000000, 0x00000000e5560000, 0x00000000e5560000)
  from space 21824K,  55% used [0x00000000e6ab0000, 0x00000000e768d5f0, 0x00000000e8000000)
  to   space 21824K,   0% used [0x00000000e5560000, 0x00000000e5560000, 0x00000000e6ab0000)
 concurrent mark-sweep generation total 393216K, used 0K [0x00000000e8000000, 0x0000000100000000, 0x0000000100000000)
 Metaspace       used 20727K, capacity 21020K, committed 21248K, reserved 1069056K
  class space    used 2403K, capacity 2518K, committed 2560K, reserved 1048576K
2017-01-08T09:44:07.696+0100: 2,326: [GC (Allocation Failure) 2017-01-08T09:44:07.696+0100: 2,326: [ParNew
Desired survivor size 20112992 bytes, new threshold 8 (max 8)
- age   1:    2917496 bytes,    2917496 total
- age   2:    6101888 bytes,    9019384 total
: 99573K->13111K(109248K), 0,0106208 secs] 99573K->13111K(502464K), 0,0107063 secs] [Times: user=0,04 sys=0,00, real=0,01 secs] 
Heap after GC invocations=2 (full 0):
 par new generation   total 109248K, used 13111K [0x00000000e0000000, 0x00000000e8000000, 0x00000000e8000000)
  eden space 87424K,   0% used [0x00000000e0000000, 0x00000000e0000000, 0x00000000e5560000)
  from space 21824K,  60% used [0x00000000e5560000, 0x00000000e622df48, 0x00000000e6ab0000)
  to   space 21824K,   0% used [0x00000000e6ab0000, 0x00000000e6ab0000, 0x00000000e8000000)
 concurrent mark-sweep generation total 393216K, used 0K [0x00000000e8000000, 0x0000000100000000, 0x0000000100000000)
 Metaspace       used 20727K, capacity 21020K, committed 21248K, reserved 1069056K
  class space    used 2403K, capacity 2518K, committed 2560K, reserved 1048576K
}
2017-01-08T09:44:07.707+0100: 2,337: Total time for which application threads were stopped: 0,0109324 seconds, Stopping threads took: 0,0000368 seconds
2017-01-08T09:44:07.771+0100: 2,401: Total time for which application threads were stopped: 0,0000813 seconds, Stopping threads took: 0,0000179 seconds
2017-01-08T09:44:07.802+0100: 2,432: Total time for which application threads were stopped: 0,0000791 seconds, Stopping threads took: 0,0000169 seconds
2017-01-08T09:44:07.803+0100: 2,433: Total time for which application threads were stopped: 0,0002218 seconds, Stopping threads took: 0,0000086 seconds
2017-01-08T09:44:07.830+0100: 2,460: Total time for which application threads were stopped: 0,0001162 seconds, Stopping threads took: 0,0000487 seconds
2017-01-08T09:44:07.907+0100: 2,537: Total time for which application threads were stopped: 0,0001160 seconds, Stopping threads took: 0,0000250 seconds
2017-01-08T09:44:07.924+0100: 2,554: Total time for which application threads were stopped: 0,0000771 seconds, Stopping threads took: 0,0000240 seconds
2017-01-08T09:44:07.931+0100: 2,561: Total time for which application threads were stopped: 0,0002811 seconds, Stopping threads took: 0,0000187 seconds
2017-01-08T09:44:07.938+0100: 2,568: Total time for which application threads were stopped: 0,0003315 seconds, Stopping threads took: 0,0000131 seconds
2017-01-08T09:44:07.950+0100: 2,580: Total time for which application threads were stopped: 0,0001118 seconds, Stopping threads took: 0,0000208 seconds
2017-01-08T09:44:07.977+0100: 2,607: Total time for which application threads were stopped: 0,0000941 seconds, Stopping threads took: 0,0000195 seconds
2017-01-08T09:44:07.995+0100: 2,625: Total time for which application threads were stopped: 0,0000928 seconds, Stopping threads took: 0,0000349 seconds
2017-01-08T09:44:08.010+0100: 2,640: Total time for which application threads were stopped: 0,0000798 seconds, Stopping threads took: 0,0000187 seconds
2017-01-08T09:44:08.038+0100: 2,668: Total time for which application threads were stopped: 0,0000772 seconds, Stopping threads took: 0,0000153 seconds
2017-01-08T09:44:08.066+0100: 2,696: Total time for which application threads were stopped: 0,0001167 seconds, Stopping threads took: 0,0000317 seconds
2017-01-08T09:44:08.117+0100: 2,747: Total time for which application threads were stopped: 0,0001081 seconds, Stopping threads took: 0,0000345 seconds
2017-01-08T09:44:08.149+0100: 2,779: Total time for which application threads were stopped: 0,0001130 seconds, Stopping threads took: 0,0000217 seconds
{Heap before GC invocations=2 (full 0):
 par new generation   total 109248K, used 100535K [0x00000000e0000000, 0x00000000e8000000, 0x00000000e8000000)
  eden space 87424K, 100% used [0x00000000e0000000, 0x00000000e5560000, 0x00000000e5560000)
  from space 21824K,  60% used [0x00000000e5560000, 0x00000000e622df48, 0x00000000e6ab0000)
  to   space 21824K,   0% used [0x00000000e6ab0000, 0x00000000e6ab0000, 0x00000000e8000000)
 concurrent mark-sweep generation total 393216K, used 0K [0x00000000e8000000, 0x0000000100000000, 0x0000000100000000)
 Metaspace       used 24863K, capacity 25220K, committed 25536K, reserved 1071104K
  class space    used 2896K, capacity 3024K, committed 3064K, reserved 1048576K
2017-01-08T09:44:08.158+0100: 2,788: [GC (Allocation Failure) 2017-01-08T09:44:08.158+0100: 2,788: [ParNew
Desired survivor size 20112992 bytes, new threshold 8 (max 8)
- age   1:    6714840 bytes,    6714840 total
- age   2:     550048 bytes,    7264888 total
- age   3:    6094256 bytes,   13359144 total
: 100535K->14234K(109248K), 0,0124553 secs] 100535K->14234K(502464K), 0,0125373 secs] [Times: user=0,05 sys=0,00, real=0,01 secs] 
Heap after GC invocations=3 (full 0):
 par new generation   total 109248K, used 14234K [0x00000000e0000000, 0x00000000e8000000, 0x00000000e8000000)
  eden space 87424K,   0% used [0x00000000e0000000, 0x00000000e0000000, 0x00000000e5560000)
  from space 21824K,  65% used [0x00000000e6ab0000, 0x00000000e7896908, 0x00000000e8000000)
  to   space 21824K,   0% used [0x00000000e5560000, 0x00000000e5560000, 0x00000000e6ab0000)
 concurrent mark-sweep generation total 393216K, used 0K [0x00000000e8000000, 0x0000000100000000, 0x0000000100000000)
 Metaspace       used 24863K, capacity 25220K, committed 25536K, reserved 1071104K
  class space    used 2896K, capacity 3024K, committed 3064K, reserved 1048576K
}
2017-01-08T09:44:08.170+0100: 2,800: Total time for which application threads were stopped: 0,0127267 seconds, Stopping threads took: 0,0000453 seconds
2017-01-08T09:44:08.170+0100: 2,800: [GC (CMS Initial Mark) [1 CMS-initial-mark: 0K(393216K)] 14237K(502464K), 0,0034204 secs] [Times: user=0,01 sys=0,00, real=0,00 secs] 
2017-01-08T09:44:08.174+0100: 2,804: Total time for which application threads were stopped: 0,0035676 seconds, Stopping threads took: 0,0000490 seconds
2017-01-08T09:44:08.174+0100: 2,804: [CMS-concurrent-mark-start]
2017-01-08T09:44:08.174+0100: 2,804: [CMS-concurrent-mark: 0,000/0,000 secs] [Times: user=0,00 sys=0,00, real=0,01 secs] 
2017-01-08T09:44:08.174+0100: 2,804: [CMS-concurrent-preclean-start]
2017-01-08T09:44:08.176+0100: 2,806: [CMS-concurrent-preclean: 0,001/0,001 secs] [Times: user=0,00 sys=0,00, real=0,00 secs] 
2017-01-08T09:44:08.176+0100: 2,806: [GC (CMS Final Remark) [YG occupancy: 15636 K (109248 K)]{Heap before GC invocations=3 (full 1):
 par new generation   total 109248K, used 15636K [0x00000000e0000000, 0x00000000e8000000, 0x00000000e8000000)
  eden space 87424K,   1% used [0x00000000e0000000, 0x00000000e015ea10, 0x00000000e5560000)
  from space 21824K,  65% used [0x00000000e6ab0000, 0x00000000e7896908, 0x00000000e8000000)
  to   space 21824K,   0% used [0x00000000e5560000, 0x00000000e5560000, 0x00000000e6ab0000)
 concurrent mark-sweep generation total 393216K, used 0K [0x00000000e8000000, 0x0000000100000000, 0x0000000100000000)
 Metaspace       used 24878K, capacity 25220K, committed 25536K, reserved 1071104K
  class space    used 2897K, capacity 3024K, committed 3064K, reserved 1048576K
2017-01-08T09:44:08.176+0100: 2,806: [GC (CMS Final Remark) 2017-01-08T09:44:08.176+0100: 2,806: [ParNew
Desired survivor size 20112992 bytes, new threshold 8 (max 8)
- age   1:      16184 bytes,      16184 total
- age   2:    3166144 bytes,    3182328 total
- age   3:     549952 bytes,    3732280 total
- age   4:    6093328 bytes,    9825608 total
: 15636K->16615K(109248K), 0,0100337 secs] 15636K->16615K(502464K), 0,0100796 secs] [Times: user=0,03 sys=0,00, real=0,01 secs] 
Heap after GC invocations=4 (full 1):
 par new generation   total 109248K, used 16615K [0x00000000e0000000, 0x00000000e8000000, 0x00000000e8000000)
  eden space 87424K,   0% used [0x00000000e0000000, 0x00000000e0000000, 0x00000000e5560000)
  from space 21824K,  76% used [0x00000000e5560000, 0x00000000e6599f20, 0x00000000e6ab0000)
  to   space 21824K,   0% used [0x00000000e6ab0000, 0x00000000e6ab0000, 0x00000000e8000000)
 concurrent mark-sweep generation total 393216K, used 0K [0x00000000e8000000, 0x0000000100000000, 0x0000000100000000)
 Metaspace       used 24878K, capacity 25220K, committed 25536K, reserved 1071104K
  class space    used 2897K, capacity 3024K, committed 3064K, reserved 1048576K
}
2017-01-08T09:44:08.186+0100: 2,816: [Rescan (parallel) , 0,0038428 secs]2017-01-08T09:44:08.190+0100: 2,820: [weak refs processing, 0,0008271 secs]2017-01-08T09:44:08.191+0100: 2,821: [class unloading, 0,0031675 secs]2017-01-08T09:44:08.194+0100: 2,824: [scrub symbol table, 0,0034698 secs]2017-01-08T09:44:08.197+0100: 2,828: [scrub string table, 0,0003753 secs][1 CMS-remark: 0K(393216K)] 16615K(502464K), 0,0224448 secs] [Times: user=0,05 sys=0,01, real=0,02 secs] 
2017-01-08T09:44:08.198+0100: 2,829: Total time for which application threads were stopped: 0,0228146 seconds, Stopping threads took: 0,0002917 seconds
2017-01-08T09:44:08.199+0100: 2,829: [CMS-concurrent-sweep-start]
2017-01-08T09:44:08.199+0100: 2,829: [CMS-concurrent-sweep: 0,000/0,000 secs] [Times: user=0,00 sys=0,00, real=0,00 secs] 
2017-01-08T09:44:08.199+0100: 2,829: [CMS-concurrent-reset-start]
2017-01-08T09:44:08.201+0100: 2,831: [CMS-concurrent-reset: 0,002/0,002 secs] [Times: user=0,01 sys=0,00, real=0,00 secs] 
2017-01-08T09:44:08.245+0100: 2,875: Total time for which application threads were stopped: 0,0003190 seconds, Stopping threads took: 0,0000202 seconds
2017-01-08T09:44:08.258+0100: 2,888: Total time for which application threads were stopped: 0,0003311 seconds, Stopping threads took: 0,0000245 seconds
2017-01-08T09:44:09.258+0100: 3,888: Total time for which application threads were stopped: 0,0000805 seconds, Stopping threads took: 0,0000160 seconds
2017-01-08T09:44:09.421+0100: 4,051: Total time for which application threads were stopped: 0,0002946 seconds, Stopping threads took: 0,0000181 seconds
2017-01-08T09:44:35.909+0100: 32,054: Total time for which application threads were stopped: 0,0000973 seconds, Stopping threads took: 0,0000530 seconds
2017-01-08T09:46:45.924+0100: 162,069: Total time for which application threads were stopped: 0,0000791 seconds, Stopping threads took: 0,0000409 seconds
2017-01-08T09:46:50.924+0100: 167,070: Total time for which application threads were stopped: 0,0000740 seconds, Stopping threads took: 0,0000208 seconds
2017-01-08T09:47:04.926+0100: 181,071: Total time for which application threads were stopped: 0,0000724 seconds, Stopping threads took: 0,0000207 seconds
2017-01-08T09:47:09.927+0100: 186,072: Total time for which application threads were stopped: 0,0001199 seconds, Stopping threads took: 0,0000373 seconds
2017-01-08T09:47:45.930+0100: 222,076: Total time for which application threads were stopped: 0,0000704 seconds, Stopping threads took: 0,0000288 seconds
2017-01-08T09:48:24.935+0100: 261,080: Total time for which application threads were stopped: 0,0001588 seconds, Stopping threads took: 0,0000662 seconds
2017-01-08T09:48:34.937+0100: 271,082: Total time for which application threads were stopped: 0,0003676 seconds, Stopping threads took: 0,0001188 seconds
2017-01-08T09:48:39.938+0100: 276,083: Total time for which application threads were stopped: 0,0005326 seconds, Stopping threads took: 0,0002364 seconds
2017-01-08T09:48:45.939+0100: 282,084: Total time for which application threads were stopped: 0,0000678 seconds, Stopping threads took: 0,0000185 seconds
2017-01-08T09:48:50.939+0100: 287,085: Total time for which application threads were stopped: 0,0000586 seconds, Stopping threads took: 0,0000179 seconds
2017-01-08T09:49:04.941+0100: 301,086: Total time for which application threads were stopped: 0,0000681 seconds, Stopping threads took: 0,0000177 seconds
2017-01-08T09:49:25.943+0100: 322,088: Total time for which application threads were stopped: 0,0001017 seconds, Stopping threads took: 0,0000314 seconds
2017-01-08T09:50:31.850+0100: 387,995: Total time for which application threads were stopped: 0,0001186 seconds, Stopping threads took: 0,0000311 seconds
Heap
 par new generation   total 109248K, used 61579K [0x00000000e0000000, 0x00000000e8000000, 0x00000000e8000000)
  eden space 87424K,  51% used [0x00000000e0000000, 0x00000000e2be90d8, 0x00000000e5560000)
  from space 21824K,  76% used [0x00000000e5560000, 0x00000000e6599f20, 0x00000000e6ab0000)
  to   space 21824K,   0% used [0x00000000e6ab0000, 0x00000000e6ab0000, 0x00000000e8000000)
 concurrent mark-sweep generation total 393216K, used 0K [0x00000000e8000000, 0x0000000100000000, 0x0000000100000000)
 Metaspace       used 27246K, capacity 27724K, committed 27840K, reserved 1073152K
  class space    used 3167K, capacity 3320K, committed 3320K, reserved 1048576K
