OpenJDK 64-Bit Server VM (25.131-b11) for linux-amd64 JRE (1.8.0_131-8u131-b11-0ubuntu1.16.04.2-b11), built on May  6 2017 02:45:27 by "buildd" with gcc 5.4.0 20160609
Memory: 4k page, physical 7867740k(7413404k free), swap 8076284k(8076284k free)
CommandLine flags: -XX:CMSInitiatingOccupancyFraction=50 -XX:CMSMaxAbortablePrecleanTime=6000 -XX:+CMSParallelRemarkEnabled -XX:+CMSScavengeBeforeRemark -XX:ConcGCThreads=4 -XX:InitialHeapSize=536870912 -XX:MaxHeapSize=536870912 -XX:MaxTenuringThreshold=8 -XX:NewRatio=3 -XX:OldPLABSize=16 -XX:OnOutOfMemoryError=/opt/solr/bin/oom_solr.sh 8983 /var/solr/logs -XX:ParallelGCThreads=4 -XX:+ParallelRefProcEnabled -XX:PretenureSizeThreshold=67108864 -XX:+PrintGC -XX:+PrintGCApplicationStoppedTime -XX:+PrintGCDateStamps -XX:+PrintGCDetails -XX:+PrintGCTimeStamps -XX:+PrintHeapAtGC -XX:+PrintTenuringDistribution -XX:SurvivorRatio=4 -XX:TargetSurvivorRatio=90 -XX:ThreadStackSize=256 -XX:+UseCMSInitiatingOccupancyOnly -XX:+UseCompressedClassPointers -XX:+UseCompressedOops -XX:+UseConcMarkSweepGC -XX:+UseParNewGC 
2017-06-02T10:31:31.363+0200: 0,133: Total time for which application threads were stopped: 0,0000751 seconds, Stopping threads took: 0,0000179 seconds
2017-06-02T10:31:31.448+0200: 0,218: Total time for which application threads were stopped: 0,0001117 seconds, Stopping threads took: 0,0000134 seconds
2017-06-02T10:31:31.462+0200: 0,232: Total time for which application threads were stopped: 0,0001135 seconds, Stopping threads took: 0,0000232 seconds
2017-06-02T10:31:31.769+0200: 0,539: Total time for which application threads were stopped: 0,0001480 seconds, Stopping threads took: 0,0000160 seconds
2017-06-02T10:31:32.098+0200: 0,869: Total time for which application threads were stopped: 0,0001715 seconds, Stopping threads took: 0,0000163 seconds
2017-06-02T10:31:32.307+0200: 1,077: Total time for which application threads were stopped: 0,0002102 seconds, Stopping threads took: 0,0000295 seconds
2017-06-02T10:31:32.384+0200: 1,154: Total time for which application threads were stopped: 0,0001919 seconds, Stopping threads took: 0,0000212 seconds
2017-06-02T10:31:32.759+0200: 1,530: Total time for which application threads were stopped: 0,0002097 seconds, Stopping threads took: 0,0000184 seconds
2017-06-02T10:31:33.021+0200: 1,791: Total time for which application threads were stopped: 0,0013090 seconds, Stopping threads took: 0,0001255 seconds
2017-06-02T10:31:33.047+0200: 1,818: Total time for which application threads were stopped: 0,0002159 seconds, Stopping threads took: 0,0000489 seconds
2017-06-02T10:31:33.082+0200: 1,852: Total time for which application threads were stopped: 0,0003115 seconds, Stopping threads took: 0,0000361 seconds
2017-06-02T10:31:33.083+0200: 1,853: Total time for which application threads were stopped: 0,0002619 seconds, Stopping threads took: 0,0000337 seconds
2017-06-02T10:31:33.097+0200: 1,867: Total time for which application threads were stopped: 0,0001715 seconds, Stopping threads took: 0,0000221 seconds
2017-06-02T10:31:33.202+0200: 1,972: Total time for which application threads were stopped: 0,0002702 seconds, Stopping threads took: 0,0000545 seconds
2017-06-02T10:31:33.368+0200: 2,138: Total time for which application threads were stopped: 0,0002750 seconds, Stopping threads took: 0,0000607 seconds
{Heap before GC invocations=0 (full 0):
 par new generation   total 109248K, used 87424K [0x00000000e0000000, 0x00000000e8000000, 0x00000000e8000000)
  eden space 87424K, 100% used [0x00000000e0000000, 0x00000000e5560000, 0x00000000e5560000)
  from space 21824K,   0% used [0x00000000e5560000, 0x00000000e5560000, 0x00000000e6ab0000)
  to   space 21824K,   0% used [0x00000000e6ab0000, 0x00000000e6ab0000, 0x00000000e8000000)
 concurrent mark-sweep generation total 393216K, used 0K [0x00000000e8000000, 0x0000000100000000, 0x0000000100000000)
 Metaspace       used 18020K, capacity 18336K, committed 18688K, reserved 1064960K
  class space    used 2035K, capacity 2196K, committed 2304K, reserved 1048576K
2017-06-02T10:31:33.450+0200: 2,220: [GC (Allocation Failure) 2017-06-02T10:31:33.450+0200: 2,220: [ParNew
Desired survivor size 20112992 bytes, new threshold 8 (max 8)
- age   1:   12593272 bytes,   12593272 total
: 87424K->12424K(109248K), 0,0155270 secs] 87424K->12424K(502464K), 0,0156173 secs] [Times: user=0,03 sys=0,01, real=0,01 secs] 
Heap after GC invocations=1 (full 0):
 par new generation   total 109248K, used 12424K [0x00000000e0000000, 0x00000000e8000000, 0x00000000e8000000)
  eden space 87424K,   0% used [0x00000000e0000000, 0x00000000e0000000, 0x00000000e5560000)
  from space 21824K,  56% used [0x00000000e6ab0000, 0x00000000e76d2188, 0x00000000e8000000)
  to   space 21824K,   0% used [0x00000000e5560000, 0x00000000e5560000, 0x00000000e6ab0000)
 concurrent mark-sweep generation total 393216K, used 0K [0x00000000e8000000, 0x0000000100000000, 0x0000000100000000)
 Metaspace       used 18020K, capacity 18336K, committed 18688K, reserved 1064960K
  class space    used 2035K, capacity 2196K, committed 2304K, reserved 1048576K
}
2017-06-02T10:31:33.466+0200: 2,236: Total time for which application threads were stopped: 0,0158833 seconds, Stopping threads took: 0,0000222 seconds
2017-06-02T10:31:34.040+0200: 2,810: Total time for which application threads were stopped: 0,0003634 seconds, Stopping threads took: 0,0000727 seconds
{Heap before GC invocations=1 (full 0):
 par new generation   total 109248K, used 99848K [0x00000000e0000000, 0x00000000e8000000, 0x00000000e8000000)
  eden space 87424K, 100% used [0x00000000e0000000, 0x00000000e5560000, 0x00000000e5560000)
  from space 21824K,  56% used [0x00000000e6ab0000, 0x00000000e76d2188, 0x00000000e8000000)
  to   space 21824K,   0% used [0x00000000e5560000, 0x00000000e5560000, 0x00000000e6ab0000)
 concurrent mark-sweep generation total 393216K, used 0K [0x00000000e8000000, 0x0000000100000000, 0x0000000100000000)
 Metaspace       used 20065K, capacity 20436K, committed 20736K, reserved 1067008K
  class space    used 2295K, capacity 2472K, committed 2560K, reserved 1048576K
2017-06-02T10:31:34.098+0200: 2,868: [GC (Allocation Failure) 2017-06-02T10:31:34.098+0200: 2,869: [ParNew
Desired survivor size 20112992 bytes, new threshold 8 (max 8)
- age   1:    3774768 bytes,    3774768 total
- age   2:    6660240 bytes,   10435008 total
: 99848K->13734K(109248K), 0,0105041 secs] 99848K->13734K(502464K), 0,0105705 secs] [Times: user=0,04 sys=0,00, real=0,01 secs] 
Heap after GC invocations=2 (full 0):
 par new generation   total 109248K, used 13734K [0x00000000e0000000, 0x00000000e8000000, 0x00000000e8000000)
  eden space 87424K,   0% used [0x00000000e0000000, 0x00000000e0000000, 0x00000000e5560000)
  from space 21824K,  62% used [0x00000000e5560000, 0x00000000e62c9b10, 0x00000000e6ab0000)
  to   space 21824K,   0% used [0x00000000e6ab0000, 0x00000000e6ab0000, 0x00000000e8000000)
 concurrent mark-sweep generation total 393216K, used 0K [0x00000000e8000000, 0x0000000100000000, 0x0000000100000000)
 Metaspace       used 20065K, capacity 20436K, committed 20736K, reserved 1067008K
  class space    used 2295K, capacity 2472K, committed 2560K, reserved 1048576K
}
2017-06-02T10:31:34.109+0200: 2,879: Total time for which application threads were stopped: 0,0130508 seconds, Stopping threads took: 0,0023393 seconds
2017-06-02T10:31:34.115+0200: 2,885: Total time for which application threads were stopped: 0,0003551 seconds, Stopping threads took: 0,0000557 seconds
2017-06-02T10:31:34.160+0200: 2,930: Total time for which application threads were stopped: 0,0004059 seconds, Stopping threads took: 0,0000601 seconds
2017-06-02T10:31:34.271+0200: 3,042: Total time for which application threads were stopped: 0,0002143 seconds, Stopping threads took: 0,0000483 seconds
{Heap before GC invocations=2 (full 0):
 par new generation   total 109248K, used 101158K [0x00000000e0000000, 0x00000000e8000000, 0x00000000e8000000)
  eden space 87424K, 100% used [0x00000000e0000000, 0x00000000e5560000, 0x00000000e5560000)
  from space 21824K,  62% used [0x00000000e5560000, 0x00000000e62c9b10, 0x00000000e6ab0000)
  to   space 21824K,   0% used [0x00000000e6ab0000, 0x00000000e6ab0000, 0x00000000e8000000)
 concurrent mark-sweep generation total 393216K, used 0K [0x00000000e8000000, 0x0000000100000000, 0x0000000100000000)
 Metaspace       used 20994K, capacity 21300K, committed 21628K, reserved 1069056K
  class space    used 2419K, capacity 2592K, committed 2684K, reserved 1048576K
2017-06-02T10:31:34.321+0200: 3,091: [GC (Allocation Failure) 2017-06-02T10:31:34.321+0200: 3,091: [ParNew
Desired survivor size 20112992 bytes, new threshold 8 (max 8)
- age   1:    2086424 bytes,    2086424 total
- age   2:     859024 bytes,    2945448 total
- age   3:    6658120 bytes,    9603568 total
: 101158K->13012K(109248K), 0,0124921 secs] 101158K->13012K(502464K), 0,0125773 secs] [Times: user=0,04 sys=0,00, real=0,01 secs] 
Heap after GC invocations=3 (full 0):
 par new generation   total 109248K, used 13012K [0x00000000e0000000, 0x00000000e8000000, 0x00000000e8000000)
  eden space 87424K,   0% used [0x00000000e0000000, 0x00000000e0000000, 0x00000000e5560000)
  from space 21824K,  59% used [0x00000000e6ab0000, 0x00000000e7765380, 0x00000000e8000000)
  to   space 21824K,   0% used [0x00000000e5560000, 0x00000000e5560000, 0x00000000e6ab0000)
 concurrent mark-sweep generation total 393216K, used 0K [0x00000000e8000000, 0x0000000100000000, 0x0000000100000000)
 Metaspace       used 20994K, capacity 21300K, committed 21628K, reserved 1069056K
  class space    used 2419K, capacity 2592K, committed 2684K, reserved 1048576K
}
2017-06-02T10:31:34.333+0200: 3,104: Total time for which application threads were stopped: 0,0144627 seconds, Stopping threads took: 0,0017146 seconds
2017-06-02T10:31:34.334+0200: 3,104: [GC (CMS Initial Mark) [1 CMS-initial-mark: 0K(393216K)] 13028K(502464K), 0,0035700 secs] [Times: user=0,01 sys=0,00, real=0,00 secs] 
2017-06-02T10:31:34.337+0200: 3,107: Total time for which application threads were stopped: 0,0037209 seconds, Stopping threads took: 0,0000445 seconds
2017-06-02T10:31:34.341+0200: 3,111: [CMS-concurrent-mark-start]
2017-06-02T10:31:34.342+0200: 3,112: [CMS-concurrent-mark: 0,001/0,001 secs] [Times: user=0,00 sys=0,00, real=0,00 secs] 
2017-06-02T10:31:34.342+0200: 3,112: [CMS-concurrent-preclean-start]
2017-06-02T10:31:34.343+0200: 3,113: [CMS-concurrent-preclean: 0,001/0,001 secs] [Times: user=0,00 sys=0,00, real=0,00 secs] 
2017-06-02T10:31:34.343+0200: 3,113: [CMS-concurrent-abortable-preclean-start]
2017-06-02T10:31:34.391+0200: 3,161: Total time for which application threads were stopped: 0,0007835 seconds, Stopping threads took: 0,0006674 seconds
{Heap before GC invocations=3 (full 1):
 par new generation   total 109248K, used 100422K [0x00000000e0000000, 0x00000000e8000000, 0x00000000e8000000)
  eden space 87424K,  99% used [0x00000000e0000000, 0x00000000e555c610, 0x00000000e5560000)
  from space 21824K,  59% used [0x00000000e6ab0000, 0x00000000e7765380, 0x00000000e8000000)
  to   space 21824K,   0% used [0x00000000e5560000, 0x00000000e5560000, 0x00000000e6ab0000)
 concurrent mark-sweep generation total 393216K, used 0K [0x00000000e8000000, 0x0000000100000000, 0x0000000100000000)
 Metaspace       used 21276K, capacity 21644K, committed 21884K, reserved 1069056K
  class space    used 2448K, capacity 2608K, committed 2684K, reserved 1048576K
2017-06-02T10:31:34.448+0200: 3,218: [GC (Allocation Failure) 2017-06-02T10:31:34.448+0200: 3,218: [ParNew
Desired survivor size 20112992 bytes, new threshold 8 (max 8)
- age   1:    1753048 bytes,    1753048 total
- age   2:    1453192 bytes,    3206240 total
- age   3:     827648 bytes,    4033888 total
- age   4:    6657920 bytes,   10691808 total
: 100422K->12406K(109248K), 0,0103883 secs] 100422K->12406K(502464K), 0,0104565 secs] [Times: user=0,03 sys=0,00, real=0,01 secs] 
Heap after GC invocations=4 (full 1):
 par new generation   total 109248K, used 12406K [0x00000000e0000000, 0x00000000e8000000, 0x00000000e8000000)
  eden space 87424K,   0% used [0x00000000e0000000, 0x00000000e0000000, 0x00000000e5560000)
  from space 21824K,  56% used [0x00000000e5560000, 0x00000000e617db30, 0x00000000e6ab0000)
  to   space 21824K,   0% used [0x00000000e6ab0000, 0x00000000e6ab0000, 0x00000000e8000000)
 concurrent mark-sweep generation total 393216K, used 0K [0x00000000e8000000, 0x0000000100000000, 0x0000000100000000)
 Metaspace       used 21276K, capacity 21644K, committed 21884K, reserved 1069056K
  class space    used 2448K, capacity 2608K, committed 2684K, reserved 1048576K
}
2017-06-02T10:31:34.459+0200: 3,229: Total time for which application threads were stopped: 0,0107591 seconds, Stopping threads took: 0,0001421 seconds
2017-06-02T10:31:34.459+0200: 3,229: [CMS-concurrent-abortable-preclean: 0,048/0,116 secs] [Times: user=0,43 sys=0,00, real=0,12 secs] 
2017-06-02T10:31:34.459+0200: 3,229: [GC (CMS Final Remark) [YG occupancy: 13087 K (109248 K)]{Heap before GC invocations=4 (full 1):
 par new generation   total 109248K, used 13087K [0x00000000e0000000, 0x00000000e8000000, 0x00000000e8000000)
  eden space 87424K,   0% used [0x00000000e0000000, 0x00000000e00aa2d0, 0x00000000e5560000)
  from space 21824K,  56% used [0x00000000e5560000, 0x00000000e617db30, 0x00000000e6ab0000)
  to   space 21824K,   0% used [0x00000000e6ab0000, 0x00000000e6ab0000, 0x00000000e8000000)
 concurrent mark-sweep generation total 393216K, used 0K [0x00000000e8000000, 0x0000000100000000, 0x0000000100000000)
 Metaspace       used 21276K, capacity 21644K, committed 21884K, reserved 1069056K
  class space    used 2448K, capacity 2608K, committed 2684K, reserved 1048576K
2017-06-02T10:31:34.459+0200: 3,229: [GC (CMS Final Remark) 2017-06-02T10:31:34.459+0200: 3,229: [ParNew
Desired survivor size 20112992 bytes, new threshold 8 (max 8)
- age   1:      68736 bytes,      68736 total
- age   2:    1631584 bytes,    1700320 total
- age   3:    1449776 bytes,    3150096 total
- age   4:     827648 bytes,    3977744 total
- age   5:    6657992 bytes,   10635736 total
: 13087K->15875K(109248K), 0,0092935 secs] 13087K->15875K(502464K), 0,0093280 secs] [Times: user=0,03 sys=0,00, real=0,01 secs] 
Heap after GC invocations=5 (full 1):
 par new generation   total 109248K, used 15875K [0x00000000e0000000, 0x00000000e8000000, 0x00000000e8000000)
  eden space 87424K,   0% used [0x00000000e0000000, 0x00000000e0000000, 0x00000000e5560000)
  from space 21824K,  72% used [0x00000000e6ab0000, 0x00000000e7a30d60, 0x00000000e8000000)
  to   space 21824K,   0% used [0x00000000e5560000, 0x00000000e5560000, 0x00000000e6ab0000)
 concurrent mark-sweep generation total 393216K, used 0K [0x00000000e8000000, 0x0000000100000000, 0x0000000100000000)
 Metaspace       used 21276K, capacity 21644K, committed 21884K, reserved 1069056K
  class space    used 2448K, capacity 2608K, committed 2684K, reserved 1048576K
}
2017-06-02T10:31:34.468+0200: 3,238: [Rescan (parallel) , 0,0032807 secs]2017-06-02T10:31:34.472+0200: 3,242: [weak refs processing, 0,0008745 secs]2017-06-02T10:31:34.472+0200: 3,243: [class unloading, 0,0032465 secs]2017-06-02T10:31:34.476+0200: 3,246: [scrub symbol table, 0,0025983 secs]2017-06-02T10:31:34.478+0200: 3,248: [scrub string table, 0,0003988 secs][1 CMS-remark: 0K(393216K)] 15875K(502464K), 0,0204368 secs] [Times: user=0,06 sys=0,00, real=0,02 secs] 
2017-06-02T10:31:34.479+0200: 3,250: Total time for which application threads were stopped: 0,0205655 seconds, Stopping threads took: 0,0000384 seconds
2017-06-02T10:31:34.480+0200: 3,250: [CMS-concurrent-sweep-start]
2017-06-02T10:31:34.480+0200: 3,250: [CMS-concurrent-sweep: 0,000/0,000 secs] [Times: user=0,00 sys=0,00, real=0,00 secs] 
2017-06-02T10:31:34.480+0200: 3,250: [CMS-concurrent-reset-start]
2017-06-02T10:31:34.482+0200: 3,252: [CMS-concurrent-reset: 0,003/0,003 secs] [Times: user=0,01 sys=0,00, real=0,00 secs] 
{Heap before GC invocations=5 (full 1):
 par new generation   total 109248K, used 103299K [0x00000000e0000000, 0x00000000e8000000, 0x00000000e8000000)
  eden space 87424K, 100% used [0x00000000e0000000, 0x00000000e5560000, 0x00000000e5560000)
  from space 21824K,  72% used [0x00000000e6ab0000, 0x00000000e7a30d60, 0x00000000e8000000)
  to   space 21824K,   0% used [0x00000000e5560000, 0x00000000e5560000, 0x00000000e6ab0000)
 concurrent mark-sweep generation total 393216K, used 0K [0x00000000e8000000, 0x0000000100000000, 0x0000000100000000)
 Metaspace       used 21457K, capacity 21816K, committed 21884K, reserved 1069056K
  class space    used 2474K, capacity 2642K, committed 2684K, reserved 1048576K
2017-06-02T10:31:34.571+0200: 3,341: [GC (Allocation Failure) 2017-06-02T10:31:34.571+0200: 3,341: [ParNew
Desired survivor size 20112992 bytes, new threshold 8 (max 8)
- age   1:     961040 bytes,     961040 total
- age   3:     185424 bytes,    1146464 total
- age   4:    1448768 bytes,    2595232 total
- age   5:     823728 bytes,    3418960 total
- age   6:    6657992 bytes,   10076952 total
: 103299K->12161K(109248K), 0,0106040 secs] 103299K->12161K(502464K), 0,0106972 secs] [Times: user=0,04 sys=0,00, real=0,01 secs] 
Heap after GC invocations=6 (full 1):
 par new generation   total 109248K, used 12161K [0x00000000e0000000, 0x00000000e8000000, 0x00000000e8000000)
  eden space 87424K,   0% used [0x00000000e0000000, 0x00000000e0000000, 0x00000000e5560000)
  from space 21824K,  55% used [0x00000000e5560000, 0x00000000e6140500, 0x00000000e6ab0000)
  to   space 21824K,   0% used [0x00000000e6ab0000, 0x00000000e6ab0000, 0x00000000e8000000)
 concurrent mark-sweep generation total 393216K, used 0K [0x00000000e8000000, 0x0000000100000000, 0x0000000100000000)
 Metaspace       used 21457K, capacity 21816K, committed 21884K, reserved 1069056K
  class space    used 2474K, capacity 2642K, committed 2684K, reserved 1048576K
}
2017-06-02T10:31:34.582+0200: 3,352: Total time for which application threads were stopped: 0,0109331 seconds, Stopping threads took: 0,0000651 seconds
2017-06-02T10:31:34.606+0200: 3,376: Total time for which application threads were stopped: 0,0003269 seconds, Stopping threads took: 0,0000243 seconds
2017-06-02T10:31:34.848+0200: 3,618: Total time for which application threads were stopped: 0,0004757 seconds, Stopping threads took: 0,0000455 seconds
2017-06-02T10:31:34.862+0200: 3,632: Total time for which application threads were stopped: 0,0004514 seconds, Stopping threads took: 0,0000464 seconds
{Heap before GC invocations=6 (full 1):
 par new generation   total 109248K, used 99582K [0x00000000e0000000, 0x00000000e8000000, 0x00000000e8000000)
  eden space 87424K,  99% used [0x00000000e0000000, 0x00000000e555f678, 0x00000000e5560000)
  from space 21824K,  55% used [0x00000000e5560000, 0x00000000e6140500, 0x00000000e6ab0000)
  to   space 21824K,   0% used [0x00000000e6ab0000, 0x00000000e6ab0000, 0x00000000e8000000)
 concurrent mark-sweep generation total 393216K, used 0K [0x00000000e8000000, 0x0000000100000000, 0x0000000100000000)
 Metaspace       used 24333K, capacity 24764K, committed 24828K, reserved 1071104K
  class space    used 2857K, capacity 3048K, committed 3068K, reserved 1048576K
2017-06-02T10:31:35.070+0200: 3,840: [GC (Allocation Failure) 2017-06-02T10:31:35.070+0200: 3,840: [ParNew
Desired survivor size 20112992 bytes, new threshold 8 (max 8)
- age   1:    5756600 bytes,    5756600 total
- age   2:     142656 bytes,    5899256 total
- age   4:     184288 bytes,    6083544 total
- age   5:     279408 bytes,    6362952 total
- age   6:     799432 bytes,    7162384 total
- age   7:    6649360 bytes,   13811744 total
: 99582K->17193K(109248K), 0,0166649 secs] 99582K->17193K(502464K), 0,0167475 secs] [Times: user=0,05 sys=0,00, real=0,02 secs] 
Heap after GC invocations=7 (full 1):
 par new generation   total 109248K, used 17193K [0x00000000e0000000, 0x00000000e8000000, 0x00000000e8000000)
  eden space 87424K,   0% used [0x00000000e0000000, 0x00000000e0000000, 0x00000000e5560000)
  from space 21824K,  78% used [0x00000000e6ab0000, 0x00000000e7b7a580, 0x00000000e8000000)
  to   space 21824K,   0% used [0x00000000e5560000, 0x00000000e5560000, 0x00000000e6ab0000)
 concurrent mark-sweep generation total 393216K, used 0K [0x00000000e8000000, 0x0000000100000000, 0x0000000100000000)
 Metaspace       used 24333K, capacity 24764K, committed 24828K, reserved 1071104K
  class space    used 2857K, capacity 3048K, committed 3068K, reserved 1048576K
}
2017-06-02T10:31:35.087+0200: 3,857: Total time for which application threads were stopped: 0,0172565 seconds, Stopping threads took: 0,0002297 seconds
{Heap before GC invocations=7 (full 1):
 par new generation   total 109248K, used 104617K [0x00000000e0000000, 0x00000000e8000000, 0x00000000e8000000)
  eden space 87424K, 100% used [0x00000000e0000000, 0x00000000e5560000, 0x00000000e5560000)
  from space 21824K,  78% used [0x00000000e6ab0000, 0x00000000e7b7a580, 0x00000000e8000000)
  to   space 21824K,   0% used [0x00000000e5560000, 0x00000000e5560000, 0x00000000e6ab0000)
 concurrent mark-sweep generation total 393216K, used 0K [0x00000000e8000000, 0x0000000100000000, 0x0000000100000000)
 Metaspace       used 24668K, capacity 25122K, committed 25468K, reserved 1071104K
  class space    used 2885K, capacity 3081K, committed 3196K, reserved 1048576K
2017-06-02T10:31:35.210+0200: 3,980: [GC (Allocation Failure) 2017-06-02T10:31:35.210+0200: 3,980: [ParNew
Desired survivor size 20112992 bytes, new threshold 8 (max 8)
- age   1:    1783352 bytes,    1783352 total
- age   2:    1836816 bytes,    3620168 total
- age   3:      68296 bytes,    3688464 total
- age   5:     100904 bytes,    3789368 total
- age   6:     179352 bytes,    3968720 total
- age   7:     756440 bytes,    4725160 total
- age   8:    6114672 bytes,   10839832 total
: 104617K->15331K(109248K), 0,0138719 secs] 104617K->15331K(502464K), 0,0139576 secs] [Times: user=0,04 sys=0,00, real=0,01 secs] 
Heap after GC invocations=8 (full 1):
 par new generation   total 109248K, used 15331K [0x00000000e0000000, 0x00000000e8000000, 0x00000000e8000000)
  eden space 87424K,   0% used [0x00000000e0000000, 0x00000000e0000000, 0x00000000e5560000)
  from space 21824K,  70% used [0x00000000e5560000, 0x00000000e6458dc8, 0x00000000e6ab0000)
  to   space 21824K,   0% used [0x00000000e6ab0000, 0x00000000e6ab0000, 0x00000000e8000000)
 concurrent mark-sweep generation total 393216K, used 0K [0x00000000e8000000, 0x0000000100000000, 0x0000000100000000)
 Metaspace       used 24668K, capacity 25122K, committed 25468K, reserved 1071104K
  class space    used 2885K, capacity 3081K, committed 3196K, reserved 1048576K
}
2017-06-02T10:31:35.224+0200: 3,994: Total time for which application threads were stopped: 0,0143134 seconds, Stopping threads took: 0,0001441 seconds
2017-06-02T10:31:35.294+0200: 4,064: Total time for which application threads were stopped: 0,0037260 seconds, Stopping threads took: 0,0032535 seconds
{Heap before GC invocations=8 (full 1):
 par new generation   total 109248K, used 102755K [0x00000000e0000000, 0x00000000e8000000, 0x00000000e8000000)
  eden space 87424K, 100% used [0x00000000e0000000, 0x00000000e5560000, 0x00000000e5560000)
  from space 21824K,  70% used [0x00000000e5560000, 0x00000000e6458dc8, 0x00000000e6ab0000)
  to   space 21824K,   0% used [0x00000000e6ab0000, 0x00000000e6ab0000, 0x00000000e8000000)
 concurrent mark-sweep generation total 393216K, used 0K [0x00000000e8000000, 0x0000000100000000, 0x0000000100000000)
 Metaspace       used 24964K, capacity 25468K, committed 25724K, reserved 1071104K
  class space    used 2909K, capacity 3086K, committed 3196K, reserved 1048576K
2017-06-02T10:31:35.338+0200: 4,108: [GC (Allocation Failure) 2017-06-02T10:31:35.338+0200: 4,108: [ParNew
Desired survivor size 20112992 bytes, new threshold 8 (max 8)
- age   1:     824216 bytes,     824216 total
- age   2:    1019912 bytes,    1844128 total
- age   3:    1813592 bytes,    3657720 total
- age   4:      68296 bytes,    3726016 total
- age   6:      98256 bytes,    3824272 total
- age   7:     178792 bytes,    4003064 total
- age   8:     755672 bytes,    4758736 total
: 102755K->8794K(109248K), 0,0379676 secs] 102755K->15426K(502464K), 0,0380307 secs] [Times: user=0,10 sys=0,00, real=0,04 secs] 
Heap after GC invocations=9 (full 1):
 par new generation   total 109248K, used 8794K [0x00000000e0000000, 0x00000000e8000000, 0x00000000e8000000)
  eden space 87424K,   0% used [0x00000000e0000000, 0x00000000e0000000, 0x00000000e5560000)
  from space 21824K,  40% used [0x00000000e6ab0000, 0x00000000e7346bd8, 0x00000000e8000000)
  to   space 21824K,   0% used [0x00000000e5560000, 0x00000000e5560000, 0x00000000e6ab0000)
 concurrent mark-sweep generation total 393216K, used 6631K [0x00000000e8000000, 0x0000000100000000, 0x0000000100000000)
 Metaspace       used 24964K, capacity 25468K, committed 25724K, reserved 1071104K
  class space    used 2909K, capacity 3086K, committed 3196K, reserved 1048576K
}
2017-06-02T10:31:35.376+0200: 4,146: Total time for which application threads were stopped: 0,0392830 seconds, Stopping threads took: 0,0011132 seconds
2017-06-02T10:31:35.495+0200: 4,265: Total time for which application threads were stopped: 0,0002096 seconds, Stopping threads took: 0,0000844 seconds
2017-06-02T10:31:35.502+0200: 4,272: Total time for which application threads were stopped: 0,0003027 seconds, Stopping threads took: 0,0002221 seconds
2017-06-02T10:31:35.503+0200: 4,273: Total time for which application threads were stopped: 0,0008805 seconds, Stopping threads took: 0,0007902 seconds
2017-06-02T10:31:35.506+0200: 4,276: Total time for which application threads were stopped: 0,0031585 seconds, Stopping threads took: 0,0031011 seconds
2017-06-02T10:31:35.506+0200: 4,277: Total time for which application threads were stopped: 0,0000522 seconds, Stopping threads took: 0,0000238 seconds
2017-06-02T10:31:35.507+0200: 4,277: Total time for which application threads were stopped: 0,0000501 seconds, Stopping threads took: 0,0000092 seconds
2017-06-02T10:31:35.507+0200: 4,277: Total time for which application threads were stopped: 0,0000447 seconds, Stopping threads took: 0,0000084 seconds
2017-06-02T10:31:35.507+0200: 4,277: Total time for which application threads were stopped: 0,0000502 seconds, Stopping threads took: 0,0000232 seconds
2017-06-02T10:31:35.507+0200: 4,277: Total time for which application threads were stopped: 0,0000535 seconds, Stopping threads took: 0,0000260 seconds
2017-06-02T10:31:35.507+0200: 4,277: Total time for which application threads were stopped: 0,0000520 seconds, Stopping threads took: 0,0000238 seconds
2017-06-02T10:31:35.507+0200: 4,278: Total time for which application threads were stopped: 0,0000721 seconds, Stopping threads took: 0,0000233 seconds
2017-06-02T10:31:35.508+0200: 4,278: Total time for which application threads were stopped: 0,0000457 seconds, Stopping threads took: 0,0000107 seconds
2017-06-02T10:31:35.508+0200: 4,278: Total time for which application threads were stopped: 0,0000630 seconds, Stopping threads took: 0,0000273 seconds
2017-06-02T10:31:35.508+0200: 4,278: Total time for which application threads were stopped: 0,0000469 seconds, Stopping threads took: 0,0000165 seconds
2017-06-02T10:31:35.508+0200: 4,278: Total time for which application threads were stopped: 0,0001424 seconds, Stopping threads took: 0,0001054 seconds
2017-06-02T10:31:35.508+0200: 4,278: Total time for which application threads were stopped: 0,0000594 seconds, Stopping threads took: 0,0000313 seconds
2017-06-02T10:31:35.508+0200: 4,278: Total time for which application threads were stopped: 0,0000548 seconds, Stopping threads took: 0,0000202 seconds
2017-06-02T10:31:35.508+0200: 4,278: Total time for which application threads were stopped: 0,0000453 seconds, Stopping threads took: 0,0000192 seconds
2017-06-02T10:31:35.509+0200: 4,279: Total time for which application threads were stopped: 0,0000385 seconds, Stopping threads took: 0,0000094 seconds
2017-06-02T10:31:35.509+0200: 4,279: Total time for which application threads were stopped: 0,0000416 seconds, Stopping threads took: 0,0000158 seconds
2017-06-02T10:31:35.509+0200: 4,279: Total time for which application threads were stopped: 0,0000662 seconds, Stopping threads took: 0,0000139 seconds
2017-06-02T10:31:35.509+0200: 4,279: Total time for which application threads were stopped: 0,0000559 seconds, Stopping threads took: 0,0000205 seconds
2017-06-02T10:31:35.509+0200: 4,279: Total time for which application threads were stopped: 0,0000561 seconds, Stopping threads took: 0,0000206 seconds
2017-06-02T10:31:35.509+0200: 4,279: Total time for which application threads were stopped: 0,0000616 seconds, Stopping threads took: 0,0000208 seconds
2017-06-02T10:31:35.509+0200: 4,279: Total time for which application threads were stopped: 0,0000492 seconds, Stopping threads took: 0,0000175 seconds
2017-06-02T10:31:35.509+0200: 4,280: Total time for which application threads were stopped: 0,0001103 seconds, Stopping threads took: 0,0000153 seconds
2017-06-02T10:31:35.510+0200: 4,280: Total time for which application threads were stopped: 0,0000881 seconds, Stopping threads took: 0,0000262 seconds
2017-06-02T10:31:35.511+0200: 4,281: Total time for which application threads were stopped: 0,0001060 seconds, Stopping threads took: 0,0000328 seconds
2017-06-02T10:31:35.514+0200: 4,285: Total time for which application threads were stopped: 0,0001150 seconds, Stopping threads took: 0,0000321 seconds
2017-06-02T10:31:35.518+0200: 4,288: Total time for which application threads were stopped: 0,0011286 seconds, Stopping threads took: 0,0010568 seconds
2017-06-02T10:31:35.518+0200: 4,288: Total time for which application threads were stopped: 0,0000602 seconds, Stopping threads took: 0,0000146 seconds
2017-06-02T10:31:35.518+0200: 4,288: Total time for which application threads were stopped: 0,0000479 seconds, Stopping threads took: 0,0000089 seconds
2017-06-02T10:31:35.519+0200: 4,289: Total time for which application threads were stopped: 0,0000998 seconds, Stopping threads took: 0,0000186 seconds
2017-06-02T10:31:35.519+0200: 4,289: Total time for which application threads were stopped: 0,0003042 seconds, Stopping threads took: 0,0002479 seconds
2017-06-02T10:31:35.520+0200: 4,290: Total time for which application threads were stopped: 0,0004312 seconds, Stopping threads took: 0,0003936 seconds
2017-06-02T10:31:35.520+0200: 4,290: Total time for which application threads were stopped: 0,0000488 seconds, Stopping threads took: 0,0000176 seconds
2017-06-02T10:31:35.520+0200: 4,290: Total time for which application threads were stopped: 0,0000537 seconds, Stopping threads took: 0,0000192 seconds
2017-06-02T10:31:35.520+0200: 4,290: Total time for which application threads were stopped: 0,0000472 seconds, Stopping threads took: 0,0000175 seconds
2017-06-02T10:31:35.520+0200: 4,290: Total time for which application threads were stopped: 0,0000453 seconds, Stopping threads took: 0,0000163 seconds
2017-06-02T10:31:35.520+0200: 4,290: Total time for which application threads were stopped: 0,0000613 seconds, Stopping threads took: 0,0000187 seconds
2017-06-02T10:31:35.520+0200: 4,290: Total time for which application threads were stopped: 0,0000807 seconds, Stopping threads took: 0,0000464 seconds
2017-06-02T10:31:35.520+0200: 4,290: Total time for which application threads were stopped: 0,0000451 seconds, Stopping threads took: 0,0000174 seconds
2017-06-02T10:31:35.521+0200: 4,291: Total time for which application threads were stopped: 0,0001153 seconds, Stopping threads took: 0,0000353 seconds
2017-06-02T10:31:35.521+0200: 4,291: Total time for which application threads were stopped: 0,0000891 seconds, Stopping threads took: 0,0000353 seconds
2017-06-02T10:31:35.522+0200: 4,292: Total time for which application threads were stopped: 0,0004221 seconds, Stopping threads took: 0,0003782 seconds
2017-06-02T10:31:35.522+0200: 4,292: Total time for which application threads were stopped: 0,0000692 seconds, Stopping threads took: 0,0000340 seconds
2017-06-02T10:31:35.522+0200: 4,292: Total time for which application threads were stopped: 0,0001077 seconds, Stopping threads took: 0,0000143 seconds
2017-06-02T10:31:35.524+0200: 4,294: Total time for which application threads were stopped: 0,0001812 seconds, Stopping threads took: 0,0000945 seconds
2017-06-02T10:31:35.527+0200: 4,297: Total time for which application threads were stopped: 0,0001478 seconds, Stopping threads took: 0,0000496 seconds
2017-06-02T10:31:35.539+0200: 4,309: Total time for which application threads were stopped: 0,0001764 seconds, Stopping threads took: 0,0000745 seconds
2017-06-02T10:31:35.539+0200: 4,309: Total time for which application threads were stopped: 0,0004456 seconds, Stopping threads took: 0,0004015 seconds
2017-06-02T10:31:35.541+0200: 4,311: Total time for which application threads were stopped: 0,0001225 seconds, Stopping threads took: 0,0000480 seconds
2017-06-02T10:31:35.541+0200: 4,311: Total time for which application threads were stopped: 0,0001029 seconds, Stopping threads took: 0,0000329 seconds
2017-06-02T10:31:35.545+0200: 4,315: Total time for which application threads were stopped: 0,0001248 seconds, Stopping threads took: 0,0000550 seconds
2017-06-02T10:31:35.562+0200: 4,333: Total time for which application threads were stopped: 0,0029474 seconds, Stopping threads took: 0,0028553 seconds
2017-06-02T10:31:35.579+0200: 4,349: Total time for which application threads were stopped: 0,0001592 seconds, Stopping threads took: 0,0000846 seconds
2017-06-02T10:31:35.588+0200: 4,358: Total time for which application threads were stopped: 0,0001377 seconds, Stopping threads took: 0,0000810 seconds
2017-06-02T10:31:35.632+0200: 4,402: Total time for which application threads were stopped: 0,0004897 seconds, Stopping threads took: 0,0000627 seconds
2017-06-02T10:31:35.647+0200: 4,417: Total time for which application threads were stopped: 0,0003995 seconds, Stopping threads took: 0,0000398 seconds
2017-06-02T10:31:35.688+0200: 4,458: Total time for which application threads were stopped: 0,0004512 seconds, Stopping threads took: 0,0000239 seconds
2017-06-02T10:31:35.689+0200: 4,459: Total time for which application threads were stopped: 0,0001114 seconds, Stopping threads took: 0,0000553 seconds
2017-06-02T10:31:35.695+0200: 4,465: Total time for which application threads were stopped: 0,0002018 seconds, Stopping threads took: 0,0000996 seconds
2017-06-02T10:31:35.695+0200: 4,465: Total time for which application threads were stopped: 0,0001266 seconds, Stopping threads took: 0,0000518 seconds
2017-06-02T10:31:35.696+0200: 4,466: Total time for which application threads were stopped: 0,0001017 seconds, Stopping threads took: 0,0000363 seconds
2017-06-02T10:31:35.713+0200: 4,483: Total time for which application threads were stopped: 0,0001249 seconds, Stopping threads took: 0,0000568 seconds
2017-06-02T10:31:35.718+0200: 4,488: Total time for which application threads were stopped: 0,0001470 seconds, Stopping threads took: 0,0000536 seconds
2017-06-02T10:31:35.720+0200: 4,490: Total time for which application threads were stopped: 0,0001885 seconds, Stopping threads took: 0,0000693 seconds
2017-06-02T10:31:35.726+0200: 4,497: Total time for which application threads were stopped: 0,0034123 seconds, Stopping threads took: 0,0033388 seconds
2017-06-02T10:31:35.734+0200: 4,504: Total time for which application threads were stopped: 0,0001360 seconds, Stopping threads took: 0,0000280 seconds
2017-06-02T10:31:35.734+0200: 4,504: Total time for which application threads were stopped: 0,0000685 seconds, Stopping threads took: 0,0000115 seconds
2017-06-02T10:31:35.735+0200: 4,505: Total time for which application threads were stopped: 0,0001105 seconds, Stopping threads took: 0,0000216 seconds
2017-06-02T10:31:35.739+0200: 4,509: Total time for which application threads were stopped: 0,0001316 seconds, Stopping threads took: 0,0000479 seconds
2017-06-02T10:31:35.744+0200: 4,514: Total time for which application threads were stopped: 0,0001169 seconds, Stopping threads took: 0,0000310 seconds
2017-06-02T10:31:35.749+0200: 4,519: Total time for which application threads were stopped: 0,0001862 seconds, Stopping threads took: 0,0000236 seconds
2017-06-02T10:31:35.759+0200: 4,529: Total time for which application threads were stopped: 0,0001682 seconds, Stopping threads took: 0,0000734 seconds
2017-06-02T10:31:35.772+0200: 4,542: Total time for which application threads were stopped: 0,0004784 seconds, Stopping threads took: 0,0003696 seconds
2017-06-02T10:31:35.773+0200: 4,543: Total time for which application threads were stopped: 0,0002468 seconds, Stopping threads took: 0,0001853 seconds
2017-06-02T10:31:35.795+0200: 4,565: Total time for which application threads were stopped: 0,0002271 seconds, Stopping threads took: 0,0001244 seconds
2017-06-02T10:31:35.815+0200: 4,585: Total time for which application threads were stopped: 0,0001640 seconds, Stopping threads took: 0,0000584 seconds
2017-06-02T10:31:35.815+0200: 4,585: Total time for which application threads were stopped: 0,0004512 seconds, Stopping threads took: 0,0000208 seconds
2017-06-02T10:31:35.818+0200: 4,589: Total time for which application threads were stopped: 0,0001278 seconds, Stopping threads took: 0,0000337 seconds
2017-06-02T10:31:35.842+0200: 4,612: Total time for which application threads were stopped: 0,0001530 seconds, Stopping threads took: 0,0000329 seconds
2017-06-02T10:32:52.873+0200: 82,623: Total time for which application threads were stopped: 0,0000676 seconds, Stopping threads took: 0,0000189 seconds
2017-06-02T10:33:37.880+0200: 127,630: Total time for which application threads were stopped: 0,0004659 seconds, Stopping threads took: 0,0001874 seconds
2017-06-02T10:33:42.881+0200: 132,631: Total time for which application threads were stopped: 0,0007899 seconds, Stopping threads took: 0,0001660 seconds
2017-06-02T10:34:31.888+0200: 181,638: Total time for which application threads were stopped: 0,0005306 seconds, Stopping threads took: 0,0002331 seconds
{Heap before GC invocations=9 (full 1):
 par new generation   total 109248K, used 96218K [0x00000000e0000000, 0x00000000e8000000, 0x00000000e8000000)
  eden space 87424K, 100% used [0x00000000e0000000, 0x00000000e5560000, 0x00000000e5560000)
  from space 21824K,  40% used [0x00000000e6ab0000, 0x00000000e7346bd8, 0x00000000e8000000)
  to   space 21824K,   0% used [0x00000000e5560000, 0x00000000e5560000, 0x00000000e6ab0000)
 concurrent mark-sweep generation total 393216K, used 6631K [0x00000000e8000000, 0x0000000100000000, 0x0000000100000000)
 Metaspace       used 28104K, capacity 28656K, committed 28796K, reserved 1075200K
  class space    used 3217K, capacity 3396K, committed 3452K, reserved 1048576K
2017-06-02T10:35:56.177+0200: 265,927: [GC (Allocation Failure) 2017-06-02T10:35:56.177+0200: 265,927: [ParNew
Desired survivor size 20112992 bytes, new threshold 8 (max 8)
- age   1:   10766408 bytes,   10766408 total
- age   2:     189968 bytes,   10956376 total
- age   3:     235896 bytes,   11192272 total
- age   4:    1808728 bytes,   13001000 total
- age   5:      68296 bytes,   13069296 total
- age   7:      98128 bytes,   13167424 total
- age   8:     178696 bytes,   13346120 total
: 96218K->14524K(109248K), 0,0187954 secs] 102850K->21905K(502464K), 0,0190220 secs] [Times: user=0,06 sys=0,00, real=0,02 secs] 
Heap after GC invocations=10 (full 1):
 par new generation   total 109248K, used 14524K [0x00000000e0000000, 0x00000000e8000000, 0x00000000e8000000)
  eden space 87424K,   0% used [0x00000000e0000000, 0x00000000e0000000, 0x00000000e5560000)
  from space 21824K,  66% used [0x00000000e5560000, 0x00000000e638f260, 0x00000000e6ab0000)
  to   space 21824K,   0% used [0x00000000e6ab0000, 0x00000000e6ab0000, 0x00000000e8000000)
 concurrent mark-sweep generation total 393216K, used 7381K [0x00000000e8000000, 0x0000000100000000, 0x0000000100000000)
 Metaspace       used 28104K, capacity 28656K, committed 28796K, reserved 1075200K
  class space    used 3217K, capacity 3396K, committed 3452K, reserved 1048576K
}
2017-06-02T10:35:56.196+0200: 265,946: Total time for which application threads were stopped: 0,0196214 seconds, Stopping threads took: 0,0002437 seconds
2017-06-02T10:35:56.204+0200: 265,954: Total time for which application threads were stopped: 0,0004922 seconds, Stopping threads took: 0,0002245 seconds
2017-06-02T10:35:56.208+0200: 265,958: Total time for which application threads were stopped: 0,0000857 seconds, Stopping threads took: 0,0000250 seconds
2017-06-02T10:36:01.209+0200: 270,959: Total time for which application threads were stopped: 0,0000967 seconds, Stopping threads took: 0,0000219 seconds
2017-06-02T10:36:08.210+0200: 277,960: Total time for which application threads were stopped: 0,0001082 seconds, Stopping threads took: 0,0000411 seconds
2017-06-02T10:40:13.239+0200: 522,989: Total time for which application threads were stopped: 0,0000914 seconds, Stopping threads took: 0,0000348 seconds
2017-06-02T10:54:56.348+0200: 1406,098: Total time for which application threads were stopped: 0,0001342 seconds, Stopping threads took: 0,0000441 seconds
2017-06-02T10:59:21.382+0200: 1671,132: Total time for which application threads were stopped: 0,0000775 seconds, Stopping threads took: 0,0000292 seconds
2017-06-02T11:09:51.466+0200: 2301,216: Total time for which application threads were stopped: 0,0001070 seconds, Stopping threads took: 0,0000353 seconds
2017-06-02T11:09:52.466+0200: 2302,216: Total time for which application threads were stopped: 0,0000894 seconds, Stopping threads took: 0,0000179 seconds
2017-06-02T11:29:13.333+0200: 3418,527: Total time for which application threads were stopped: 0,0000801 seconds, Stopping threads took: 0,0000322 seconds
2017-06-02T11:36:11.397+0200: 3836,590: Total time for which application threads were stopped: 0,0000774 seconds, Stopping threads took: 0,0000286 seconds
2017-06-02T11:38:16.417+0200: 3961,610: Total time for which application threads were stopped: 0,0001560 seconds, Stopping threads took: 0,0000564 seconds
2017-06-02T11:53:38.589+0200: 4883,782: Total time for which application threads were stopped: 0,0001594 seconds, Stopping threads took: 0,0000582 seconds
2017-06-02T11:55:43.609+0200: 5008,803: Total time for which application threads were stopped: 0,0001645 seconds, Stopping threads took: 0,0000609 seconds
2017-06-02T13:13:43.132+0200: 7150,042: Total time for which application threads were stopped: 0,0001050 seconds, Stopping threads took: 0,0000393 seconds
2017-06-02T13:14:35.135+0200: 7202,045: Total time for which application threads were stopped: 0,0000913 seconds, Stopping threads took: 0,0000334 seconds
2017-06-02T13:16:35.144+0200: 7322,055: Total time for which application threads were stopped: 0,0000966 seconds, Stopping threads took: 0,0000388 seconds
2017-06-02T13:22:35.176+0200: 7682,086: Total time for which application threads were stopped: 0,0002553 seconds, Stopping threads took: 0,0000756 seconds
2017-06-02T13:23:05.179+0200: 7712,089: Total time for which application threads were stopped: 0,0000907 seconds, Stopping threads took: 0,0000366 seconds
2017-06-02T14:26:35.508+0200: 11522,419: Total time for which application threads were stopped: 0,0001892 seconds, Stopping threads took: 0,0000566 seconds
2017-06-02T15:30:34.899+0200: 15361,809: Total time for which application threads were stopped: 0,0000909 seconds, Stopping threads took: 0,0000315 seconds
2017-06-02T15:41:10.290+0200: 15997,200: Total time for which application threads were stopped: 0,0200619 seconds, Stopping threads took: 0,0199687 seconds
2017-06-02T15:41:10.292+0200: 15997,203: Total time for which application threads were stopped: 0,0000896 seconds, Stopping threads took: 0,0000166 seconds
2017-06-02T15:41:10.294+0200: 15997,205: Total time for which application threads were stopped: 0,0001104 seconds, Stopping threads took: 0,0000377 seconds
2017-06-02T15:41:10.296+0200: 15997,206: Total time for which application threads were stopped: 0,0000890 seconds, Stopping threads took: 0,0000248 seconds
2017-06-02T15:41:10.296+0200: 15997,206: Total time for which application threads were stopped: 0,0000917 seconds, Stopping threads took: 0,0000183 seconds
2017-06-02T15:41:10.296+0200: 15997,206: Total time for which application threads were stopped: 0,0000713 seconds, Stopping threads took: 0,0000200 seconds
2017-06-02T15:41:10.296+0200: 15997,207: Total time for which application threads were stopped: 0,0000513 seconds, Stopping threads took: 0,0000147 seconds
2017-06-02T15:41:10.296+0200: 15997,207: Total time for which application threads were stopped: 0,0000458 seconds, Stopping threads took: 0,0000154 seconds
2017-06-02T15:41:10.297+0200: 15997,207: Total time for which application threads were stopped: 0,0000402 seconds, Stopping threads took: 0,0000103 seconds
2017-06-02T15:41:10.297+0200: 15997,207: Total time for which application threads were stopped: 0,0000358 seconds, Stopping threads took: 0,0000049 seconds
2017-06-02T15:41:10.297+0200: 15997,207: Total time for which application threads were stopped: 0,0000694 seconds, Stopping threads took: 0,0000051 seconds
2017-06-02T15:41:10.297+0200: 15997,207: Total time for which application threads were stopped: 0,0000446 seconds, Stopping threads took: 0,0000066 seconds
2017-06-02T15:41:10.297+0200: 15997,207: Total time for which application threads were stopped: 0,0000621 seconds, Stopping threads took: 0,0000169 seconds
2017-06-02T15:41:10.297+0200: 15997,208: Total time for which application threads were stopped: 0,0000410 seconds, Stopping threads took: 0,0000057 seconds
2017-06-02T15:41:10.297+0200: 15997,208: Total time for which application threads were stopped: 0,0000481 seconds, Stopping threads took: 0,0000138 seconds
2017-06-02T15:41:10.297+0200: 15997,208: Total time for which application threads were stopped: 0,0000407 seconds, Stopping threads took: 0,0000059 seconds
2017-06-02T15:41:10.298+0200: 15997,208: Total time for which application threads were stopped: 0,0000373 seconds, Stopping threads took: 0,0000052 seconds
2017-06-02T15:41:10.298+0200: 15997,208: Total time for which application threads were stopped: 0,0000345 seconds, Stopping threads took: 0,0000050 seconds
2017-06-02T15:41:10.298+0200: 15997,208: Total time for which application threads were stopped: 0,0000319 seconds, Stopping threads took: 0,0000051 seconds
2017-06-02T15:41:10.298+0200: 15997,208: Total time for which application threads were stopped: 0,0000362 seconds, Stopping threads took: 0,0000050 seconds
2017-06-02T15:41:10.298+0200: 15997,208: Total time for which application threads were stopped: 0,0000376 seconds, Stopping threads took: 0,0000052 seconds
2017-06-02T15:41:10.315+0200: 15997,225: Total time for which application threads were stopped: 0,0001294 seconds, Stopping threads took: 0,0000475 seconds
2017-06-02T15:41:10.337+0200: 15997,248: Total time for which application threads were stopped: 0,0001261 seconds, Stopping threads took: 0,0000344 seconds
2017-06-02T15:41:10.339+0200: 15997,249: Total time for which application threads were stopped: 0,0000955 seconds, Stopping threads took: 0,0000200 seconds
2017-06-02T15:41:10.339+0200: 15997,250: Total time for which application threads were stopped: 0,0000848 seconds, Stopping threads took: 0,0000156 seconds
2017-06-02T15:41:10.346+0200: 15997,257: Total time for which application threads were stopped: 0,0054161 seconds, Stopping threads took: 0,0052919 seconds
2017-06-02T15:41:10.362+0200: 15997,272: Total time for which application threads were stopped: 0,0001840 seconds, Stopping threads took: 0,0000293 seconds
2017-06-02T15:41:10.362+0200: 15997,273: Total time for which application threads were stopped: 0,0000606 seconds, Stopping threads took: 0,0000158 seconds
2017-06-02T15:41:10.362+0200: 15997,273: Total time for which application threads were stopped: 0,0000471 seconds, Stopping threads took: 0,0000138 seconds
2017-06-02T15:41:10.363+0200: 15997,273: Total time for which application threads were stopped: 0,0000521 seconds, Stopping threads took: 0,0000130 seconds
2017-06-02T15:41:10.363+0200: 15997,273: Total time for which application threads were stopped: 0,0000455 seconds, Stopping threads took: 0,0000124 seconds
2017-06-02T15:41:10.363+0200: 15997,273: Total time for which application threads were stopped: 0,0000443 seconds, Stopping threads took: 0,0000148 seconds
2017-06-02T15:41:10.363+0200: 15997,273: Total time for which application threads were stopped: 0,0000418 seconds, Stopping threads took: 0,0000117 seconds
2017-06-02T15:41:10.364+0200: 15997,274: Total time for which application threads were stopped: 0,0004108 seconds, Stopping threads took: 0,0003322 seconds
2017-06-02T15:41:10.371+0200: 15997,281: Total time for which application threads were stopped: 0,0001057 seconds, Stopping threads took: 0,0000278 seconds
2017-06-02T15:41:10.381+0200: 15997,291: Total time for which application threads were stopped: 0,0001152 seconds, Stopping threads took: 0,0000434 seconds
2017-06-02T15:41:10.383+0200: 15997,294: Total time for which application threads were stopped: 0,0001011 seconds, Stopping threads took: 0,0000280 seconds
2017-06-02T15:41:10.384+0200: 15997,294: Total time for which application threads were stopped: 0,0000527 seconds, Stopping threads took: 0,0000142 seconds
2017-06-02T15:41:10.384+0200: 15997,294: Total time for which application threads were stopped: 0,0000486 seconds, Stopping threads took: 0,0000130 seconds
2017-06-02T15:41:10.384+0200: 15997,294: Total time for which application threads were stopped: 0,0000488 seconds, Stopping threads took: 0,0000122 seconds
2017-06-02T15:41:10.386+0200: 15997,296: Total time for which application threads were stopped: 0,0001133 seconds, Stopping threads took: 0,0000376 seconds
2017-06-02T15:41:10.394+0200: 15997,304: Total time for which application threads were stopped: 0,0000897 seconds, Stopping threads took: 0,0000264 seconds
2017-06-02T15:41:10.396+0200: 15997,306: Total time for which application threads were stopped: 0,0000953 seconds, Stopping threads took: 0,0000256 seconds
2017-06-02T15:41:10.396+0200: 15997,306: Total time for which application threads were stopped: 0,0000486 seconds, Stopping threads took: 0,0000150 seconds
2017-06-02T15:41:10.396+0200: 15997,306: Total time for which application threads were stopped: 0,0000459 seconds, Stopping threads took: 0,0000123 seconds
2017-06-02T15:41:10.419+0200: 15997,329: Total time for which application threads were stopped: 0,0001012 seconds, Stopping threads took: 0,0000317 seconds
2017-06-02T15:41:10.421+0200: 15997,332: Total time for which application threads were stopped: 0,0000769 seconds, Stopping threads took: 0,0000132 seconds
2017-06-02T15:41:10.422+0200: 15997,332: Total time for which application threads were stopped: 0,0000449 seconds, Stopping threads took: 0,0000125 seconds
2017-06-02T15:41:10.422+0200: 15997,332: Total time for which application threads were stopped: 0,0000420 seconds, Stopping threads took: 0,0000123 seconds
2017-06-02T15:41:10.422+0200: 15997,332: Total time for which application threads were stopped: 0,0000437 seconds, Stopping threads took: 0,0000138 seconds
2017-06-02T15:41:10.433+0200: 15997,343: Total time for which application threads were stopped: 0,0000997 seconds, Stopping threads took: 0,0000330 seconds
2017-06-02T15:41:10.433+0200: 15997,343: Total time for which application threads were stopped: 0,0000522 seconds, Stopping threads took: 0,0000155 seconds
2017-06-02T15:41:10.434+0200: 15997,344: Total time for which application threads were stopped: 0,0000860 seconds, Stopping threads took: 0,0000260 seconds
2017-06-02T15:41:10.435+0200: 15997,345: Total time for which application threads were stopped: 0,0001108 seconds, Stopping threads took: 0,0000382 seconds
2017-06-02T15:41:10.435+0200: 15997,346: Total time for which application threads were stopped: 0,0000747 seconds, Stopping threads took: 0,0000216 seconds
2017-06-02T15:41:10.435+0200: 15997,346: Total time for which application threads were stopped: 0,0000419 seconds, Stopping threads took: 0,0000059 seconds
2017-06-02T15:41:10.440+0200: 15997,350: Total time for which application threads were stopped: 0,0001297 seconds, Stopping threads took: 0,0000374 seconds
2017-06-02T15:41:10.440+0200: 15997,350: Total time for which application threads were stopped: 0,0000547 seconds, Stopping threads took: 0,0000150 seconds
2017-06-02T15:41:10.443+0200: 15997,353: Total time for which application threads were stopped: 0,0000865 seconds, Stopping threads took: 0,0000156 seconds
2017-06-02T15:41:10.443+0200: 15997,354: Total time for which application threads were stopped: 0,0000487 seconds, Stopping threads took: 0,0000153 seconds
2017-06-02T15:41:10.444+0200: 15997,354: Total time for which application threads were stopped: 0,0000694 seconds, Stopping threads took: 0,0000193 seconds
2017-06-02T15:41:10.451+0200: 15997,361: Total time for which application threads were stopped: 0,0002627 seconds, Stopping threads took: 0,0000330 seconds
2017-06-02T15:41:10.452+0200: 15997,362: Total time for which application threads were stopped: 0,0000850 seconds, Stopping threads took: 0,0000265 seconds
2017-06-02T15:41:10.452+0200: 15997,362: Total time for which application threads were stopped: 0,0000499 seconds, Stopping threads took: 0,0000150 seconds
2017-06-02T15:41:10.452+0200: 15997,362: Total time for which application threads were stopped: 0,0000486 seconds, Stopping threads took: 0,0000165 seconds
2017-06-02T15:41:10.452+0200: 15997,362: Total time for which application threads were stopped: 0,0000473 seconds, Stopping threads took: 0,0000140 seconds
2017-06-02T15:41:10.452+0200: 15997,362: Total time for which application threads were stopped: 0,0000439 seconds, Stopping threads took: 0,0000145 seconds
2017-06-02T15:41:10.452+0200: 15997,362: Total time for which application threads were stopped: 0,0000479 seconds, Stopping threads took: 0,0000144 seconds
2017-06-02T15:41:10.452+0200: 15997,362: Total time for which application threads were stopped: 0,0000440 seconds, Stopping threads took: 0,0000139 seconds
2017-06-02T15:41:10.452+0200: 15997,363: Total time for which application threads were stopped: 0,0000432 seconds, Stopping threads took: 0,0000136 seconds
2017-06-02T15:41:10.452+0200: 15997,363: Total time for which application threads were stopped: 0,0000439 seconds, Stopping threads took: 0,0000144 seconds
2017-06-02T15:41:10.453+0200: 15997,363: Total time for which application threads were stopped: 0,0000456 seconds, Stopping threads took: 0,0000145 seconds
2017-06-02T15:41:10.453+0200: 15997,363: Total time for which application threads were stopped: 0,0000424 seconds, Stopping threads took: 0,0000136 seconds
2017-06-02T15:41:10.457+0200: 15997,367: Total time for which application threads were stopped: 0,0001427 seconds, Stopping threads took: 0,0000372 seconds
2017-06-02T15:41:10.481+0200: 15997,392: Total time for which application threads were stopped: 0,0001184 seconds, Stopping threads took: 0,0000454 seconds
2017-06-02T15:41:10.483+0200: 15997,393: Total time for which application threads were stopped: 0,0001040 seconds, Stopping threads took: 0,0000296 seconds
2017-06-02T15:41:10.483+0200: 15997,393: Total time for which application threads were stopped: 0,0000446 seconds, Stopping threads took: 0,0000140 seconds
2017-06-02T15:41:10.484+0200: 15997,394: Total time for which application threads were stopped: 0,0000975 seconds, Stopping threads took: 0,0000272 seconds
2017-06-02T15:41:10.484+0200: 15997,394: Total time for which application threads were stopped: 0,0000920 seconds, Stopping threads took: 0,0000142 seconds
Heap
 par new generation   total 109248K, used 34558K [0x00000000e0000000, 0x00000000e8000000, 0x00000000e8000000)
  eden space 87424K,  22% used [0x00000000e0000000, 0x00000000e13905d8, 0x00000000e5560000)
  from space 21824K,  66% used [0x00000000e5560000, 0x00000000e638f260, 0x00000000e6ab0000)
  to   space 21824K,   0% used [0x00000000e6ab0000, 0x00000000e6ab0000, 0x00000000e8000000)
 concurrent mark-sweep generation total 393216K, used 7381K [0x00000000e8000000, 0x0000000100000000, 0x0000000100000000)
 Metaspace       used 28262K, capacity 28888K, committed 29052K, reserved 1075200K
  class space    used 3232K, capacity 3430K, committed 3452K, reserved 1048576K
