OpenJDK 64-Bit Server VM (25.131-b11) for linux-amd64 JRE (1.8.0_131-8u131-b11-2ubuntu1.16.04.2-b11), built on Jul 22 2017 00:56:41 by "buildd" with gcc 5.4.0 20160609
Memory: 4k page, physical 7867736k(7423280k free), swap 8076284k(8076284k free)
CommandLine flags: -XX:CMSInitiatingOccupancyFraction=50 -XX:CMSMaxAbortablePrecleanTime=6000 -XX:+CMSParallelRemarkEnabled -XX:+CMSScavengeBeforeRemark -XX:ConcGCThreads=4 -XX:InitialHeapSize=536870912 -XX:MaxHeapSize=536870912 -XX:MaxTenuringThreshold=8 -XX:NewRatio=3 -XX:OldPLABSize=16 -XX:OnOutOfMemoryError=/opt/solr/bin/oom_solr.sh 8983 /var/solr/logs -XX:ParallelGCThreads=4 -XX:+ParallelRefProcEnabled -XX:PretenureSizeThreshold=67108864 -XX:+PrintGC -XX:+PrintGCApplicationStoppedTime -XX:+PrintGCDateStamps -XX:+PrintGCDetails -XX:+PrintGCTimeStamps -XX:+PrintHeapAtGC -XX:+PrintTenuringDistribution -XX:SurvivorRatio=4 -XX:TargetSurvivorRatio=90 -XX:ThreadStackSize=256 -XX:+UseCMSInitiatingOccupancyOnly -XX:+UseCompressedClassPointers -XX:+UseCompressedOops -XX:+UseConcMarkSweepGC -XX:+UseParNewGC 
2017-07-29T20:49:04.771+0200: 0,153: Total time for which application threads were stopped: 0,0000658 seconds, Stopping threads took: 0,0000084 seconds
2017-07-29T20:49:04.871+0200: 0,253: Total time for which application threads were stopped: 0,0001076 seconds, Stopping threads took: 0,0000140 seconds
2017-07-29T20:49:04.890+0200: 0,272: Total time for which application threads were stopped: 0,0001154 seconds, Stopping threads took: 0,0000344 seconds
2017-07-29T20:49:05.147+0200: 0,530: Total time for which application threads were stopped: 0,0001325 seconds, Stopping threads took: 0,0000136 seconds
2017-07-29T20:49:05.549+0200: 0,932: Total time for which application threads were stopped: 0,0001843 seconds, Stopping threads took: 0,0000165 seconds
2017-07-29T20:49:05.698+0200: 1,081: Total time for which application threads were stopped: 0,0002132 seconds, Stopping threads took: 0,0000269 seconds
2017-07-29T20:49:05.781+0200: 1,163: Total time for which application threads were stopped: 0,0002099 seconds, Stopping threads took: 0,0000250 seconds
2017-07-29T20:49:06.063+0200: 1,446: Total time for which application threads were stopped: 0,0001694 seconds, Stopping threads took: 0,0000157 seconds
2017-07-29T20:49:06.307+0200: 1,690: Total time for which application threads were stopped: 0,0001933 seconds, Stopping threads took: 0,0000122 seconds
2017-07-29T20:49:06.335+0200: 1,717: Total time for which application threads were stopped: 0,0001916 seconds, Stopping threads took: 0,0000269 seconds
2017-07-29T20:49:06.376+0200: 1,759: Total time for which application threads were stopped: 0,0002192 seconds, Stopping threads took: 0,0000290 seconds
2017-07-29T20:49:06.377+0200: 1,760: Total time for which application threads were stopped: 0,0001969 seconds, Stopping threads took: 0,0000161 seconds
2017-07-29T20:49:06.396+0200: 1,779: Total time for which application threads were stopped: 0,0002163 seconds, Stopping threads took: 0,0000281 seconds
2017-07-29T20:49:06.497+0200: 1,880: Total time for which application threads were stopped: 0,0002433 seconds, Stopping threads took: 0,0000296 seconds
2017-07-29T20:49:06.709+0200: 2,091: Total time for which application threads were stopped: 0,0003600 seconds, Stopping threads took: 0,0000859 seconds
{Heap before GC invocations=0 (full 0):
 par new generation   total 109248K, used 87424K [0x00000000e0000000, 0x00000000e8000000, 0x00000000e8000000)
  eden space 87424K, 100% used [0x00000000e0000000, 0x00000000e5560000, 0x00000000e5560000)
  from space 21824K,   0% used [0x00000000e5560000, 0x00000000e5560000, 0x00000000e6ab0000)
  to   space 21824K,   0% used [0x00000000e6ab0000, 0x00000000e6ab0000, 0x00000000e8000000)
 concurrent mark-sweep generation total 393216K, used 0K [0x00000000e8000000, 0x0000000100000000, 0x0000000100000000)
 Metaspace       used 18162K, capacity 18464K, committed 18688K, reserved 1064960K
  class space    used 2054K, capacity 2196K, committed 2304K, reserved 1048576K
2017-07-29T20:49:06.816+0200: 2,199: [GC (Allocation Failure) 2017-07-29T20:49:06.817+0200: 2,199: [ParNew
Desired survivor size 20112992 bytes, new threshold 8 (max 8)
- age   1:   12732192 bytes,   12732192 total
: 87424K->12554K(109248K), 0,0159252 secs] 87424K->12554K(502464K), 0,0160063 secs] [Times: user=0,05 sys=0,01, real=0,01 secs] 
Heap after GC invocations=1 (full 0):
 par new generation   total 109248K, used 12554K [0x00000000e0000000, 0x00000000e8000000, 0x00000000e8000000)
  eden space 87424K,   0% used [0x00000000e0000000, 0x00000000e0000000, 0x00000000e5560000)
  from space 21824K,  57% used [0x00000000e6ab0000, 0x00000000e76f29c0, 0x00000000e8000000)
  to   space 21824K,   0% used [0x00000000e5560000, 0x00000000e5560000, 0x00000000e6ab0000)
 concurrent mark-sweep generation total 393216K, used 0K [0x00000000e8000000, 0x0000000100000000, 0x0000000100000000)
 Metaspace       used 18162K, capacity 18464K, committed 18688K, reserved 1064960K
  class space    used 2054K, capacity 2196K, committed 2304K, reserved 1048576K
}
2017-07-29T20:49:06.833+0200: 2,215: Total time for which application threads were stopped: 0,0162894 seconds, Stopping threads took: 0,0000855 seconds
2017-07-29T20:49:07.144+0200: 2,526: Total time for which application threads were stopped: 0,0007997 seconds, Stopping threads took: 0,0005096 seconds
2017-07-29T20:49:07.192+0200: 2,575: Total time for which application threads were stopped: 0,0003914 seconds, Stopping threads took: 0,0000967 seconds
{Heap before GC invocations=1 (full 0):
 par new generation   total 109248K, used 99978K [0x00000000e0000000, 0x00000000e8000000, 0x00000000e8000000)
  eden space 87424K, 100% used [0x00000000e0000000, 0x00000000e5560000, 0x00000000e5560000)
  from space 21824K,  57% used [0x00000000e6ab0000, 0x00000000e76f29c0, 0x00000000e8000000)
  to   space 21824K,   0% used [0x00000000e5560000, 0x00000000e5560000, 0x00000000e6ab0000)
 concurrent mark-sweep generation total 393216K, used 0K [0x00000000e8000000, 0x0000000100000000, 0x0000000100000000)
 Metaspace       used 20079K, capacity 20438K, committed 20736K, reserved 1067008K
  class space    used 2298K, capacity 2473K, committed 2560K, reserved 1048576K
2017-07-29T20:49:07.194+0200: 2,577: [GC (Allocation Failure) 2017-07-29T20:49:07.194+0200: 2,577: [ParNew
Desired survivor size 20112992 bytes, new threshold 8 (max 8)
- age   1:    3599112 bytes,    3599112 total
- age   2:    6673616 bytes,   10272728 total
: 99978K->13816K(109248K), 0,0119352 secs] 99978K->13816K(502464K), 0,0120044 secs] [Times: user=0,03 sys=0,00, real=0,02 secs] 
Heap after GC invocations=2 (full 0):
 par new generation   total 109248K, used 13816K [0x00000000e0000000, 0x00000000e8000000, 0x00000000e8000000)
  eden space 87424K,   0% used [0x00000000e0000000, 0x00000000e0000000, 0x00000000e5560000)
  from space 21824K,  63% used [0x00000000e5560000, 0x00000000e62de3d8, 0x00000000e6ab0000)
  to   space 21824K,   0% used [0x00000000e6ab0000, 0x00000000e6ab0000, 0x00000000e8000000)
 concurrent mark-sweep generation total 393216K, used 0K [0x00000000e8000000, 0x0000000100000000, 0x0000000100000000)
 Metaspace       used 20079K, capacity 20438K, committed 20736K, reserved 1067008K
  class space    used 2298K, capacity 2473K, committed 2560K, reserved 1048576K
}
2017-07-29T20:49:07.206+0200: 2,589: Total time for which application threads were stopped: 0,0122004 seconds, Stopping threads took: 0,0000494 seconds
2017-07-29T20:49:07.245+0200: 2,627: Total time for which application threads were stopped: 0,0003377 seconds, Stopping threads took: 0,0000227 seconds
2017-07-29T20:49:07.368+0200: 2,751: Total time for which application threads were stopped: 0,0002356 seconds, Stopping threads took: 0,0000916 seconds
{Heap before GC invocations=2 (full 0):
 par new generation   total 109248K, used 101240K [0x00000000e0000000, 0x00000000e8000000, 0x00000000e8000000)
  eden space 87424K, 100% used [0x00000000e0000000, 0x00000000e5560000, 0x00000000e5560000)
  from space 21824K,  63% used [0x00000000e5560000, 0x00000000e62de3d8, 0x00000000e6ab0000)
  to   space 21824K,   0% used [0x00000000e6ab0000, 0x00000000e6ab0000, 0x00000000e8000000)
 concurrent mark-sweep generation total 393216K, used 0K [0x00000000e8000000, 0x0000000100000000, 0x0000000100000000)
 Metaspace       used 20991K, capacity 21360K, committed 21628K, reserved 1069056K
  class space    used 2418K, capacity 2592K, committed 2684K, reserved 1048576K
2017-07-29T20:49:07.411+0200: 2,794: [GC (Allocation Failure) 2017-07-29T20:49:07.411+0200: 2,794: [ParNew
Desired survivor size 20112992 bytes, new threshold 8 (max 8)
- age   1:    1979016 bytes,    1979016 total
- age   2:     854904 bytes,    2833920 total
- age   3:    6669696 bytes,    9503616 total
: 101240K->12905K(109248K), 0,0142066 secs] 101240K->12905K(502464K), 0,0142892 secs] [Times: user=0,05 sys=0,00, real=0,02 secs] 
Heap after GC invocations=3 (full 0):
 par new generation   total 109248K, used 12905K [0x00000000e0000000, 0x00000000e8000000, 0x00000000e8000000)
  eden space 87424K,   0% used [0x00000000e0000000, 0x00000000e0000000, 0x00000000e5560000)
  from space 21824K,  59% used [0x00000000e6ab0000, 0x00000000e774a578, 0x00000000e8000000)
  to   space 21824K,   0% used [0x00000000e5560000, 0x00000000e5560000, 0x00000000e6ab0000)
 concurrent mark-sweep generation total 393216K, used 0K [0x00000000e8000000, 0x0000000100000000, 0x0000000100000000)
 Metaspace       used 20991K, capacity 21360K, committed 21628K, reserved 1069056K
  class space    used 2418K, capacity 2592K, committed 2684K, reserved 1048576K
}
2017-07-29T20:49:07.425+0200: 2,808: Total time for which application threads were stopped: 0,0145209 seconds, Stopping threads took: 0,0000780 seconds
2017-07-29T20:49:07.425+0200: 2,808: [GC (CMS Initial Mark) [1 CMS-initial-mark: 0K(393216K)] 12921K(502464K), 0,0033650 secs] [Times: user=0,02 sys=0,00, real=0,00 secs] 
2017-07-29T20:49:07.429+0200: 2,811: Total time for which application threads were stopped: 0,0035113 seconds, Stopping threads took: 0,0000452 seconds
2017-07-29T20:49:07.429+0200: 2,811: [CMS-concurrent-mark-start]
2017-07-29T20:49:07.432+0200: 2,814: [CMS-concurrent-mark: 0,003/0,003 secs] [Times: user=0,00 sys=0,00, real=0,00 secs] 
2017-07-29T20:49:07.432+0200: 2,814: [CMS-concurrent-preclean-start]
2017-07-29T20:49:07.433+0200: 2,815: [CMS-concurrent-preclean: 0,001/0,001 secs] [Times: user=0,01 sys=0,00, real=0,00 secs] 
2017-07-29T20:49:07.433+0200: 2,815: [CMS-concurrent-abortable-preclean-start]
2017-07-29T20:49:07.470+0200: 2,852: Total time for which application threads were stopped: 0,0001736 seconds, Stopping threads took: 0,0000895 seconds
{Heap before GC invocations=3 (full 1):
 par new generation   total 109248K, used 100329K [0x00000000e0000000, 0x00000000e8000000, 0x00000000e8000000)
  eden space 87424K, 100% used [0x00000000e0000000, 0x00000000e5560000, 0x00000000e5560000)
  from space 21824K,  59% used [0x00000000e6ab0000, 0x00000000e774a578, 0x00000000e8000000)
  to   space 21824K,   0% used [0x00000000e5560000, 0x00000000e5560000, 0x00000000e6ab0000)
 concurrent mark-sweep generation total 393216K, used 0K [0x00000000e8000000, 0x0000000100000000, 0x0000000100000000)
 Metaspace       used 21281K, capacity 21642K, committed 21884K, reserved 1069056K
  class space    used 2451K, capacity 2608K, committed 2684K, reserved 1048576K
2017-07-29T20:49:07.537+0200: 2,920: [GC (Allocation Failure) 2017-07-29T20:49:07.537+0200: 2,920: [ParNew
Desired survivor size 20112992 bytes, new threshold 8 (max 8)
- age   1:     934688 bytes,     934688 total
- age   2:    1441696 bytes,    2376384 total
- age   3:     821432 bytes,    3197816 total
- age   4:    6669696 bytes,    9867512 total
: 100329K->11056K(109248K), 0,0184425 secs] 100329K->11056K(502464K), 0,0185077 secs] [Times: user=0,06 sys=0,00, real=0,02 secs] 
Heap after GC invocations=4 (full 1):
 par new generation   total 109248K, used 11056K [0x00000000e0000000, 0x00000000e8000000, 0x00000000e8000000)
  eden space 87424K,   0% used [0x00000000e0000000, 0x00000000e0000000, 0x00000000e5560000)
  from space 21824K,  50% used [0x00000000e5560000, 0x00000000e602c3f8, 0x00000000e6ab0000)
  to   space 21824K,   0% used [0x00000000e6ab0000, 0x00000000e6ab0000, 0x00000000e8000000)
 concurrent mark-sweep generation total 393216K, used 0K [0x00000000e8000000, 0x0000000100000000, 0x0000000100000000)
 Metaspace       used 21281K, capacity 21642K, committed 21884K, reserved 1069056K
  class space    used 2451K, capacity 2608K, committed 2684K, reserved 1048576K
}
2017-07-29T20:49:07.556+0200: 2,938: Total time for which application threads were stopped: 0,0187240 seconds, Stopping threads took: 0,0000678 seconds
{Heap before GC invocations=4 (full 1):
 par new generation   total 109248K, used 98480K [0x00000000e0000000, 0x00000000e8000000, 0x00000000e8000000)
  eden space 87424K, 100% used [0x00000000e0000000, 0x00000000e5560000, 0x00000000e5560000)
  from space 21824K,  50% used [0x00000000e5560000, 0x00000000e602c3f8, 0x00000000e6ab0000)
  to   space 21824K,   0% used [0x00000000e6ab0000, 0x00000000e6ab0000, 0x00000000e8000000)
 concurrent mark-sweep generation total 393216K, used 0K [0x00000000e8000000, 0x0000000100000000, 0x0000000100000000)
 Metaspace       used 21438K, capacity 21814K, committed 21884K, reserved 1069056K
  class space    used 2468K, capacity 2642K, committed 2684K, reserved 1048576K
2017-07-29T20:49:07.653+0200: 3,035: [GC (Allocation Failure) 2017-07-29T20:49:07.653+0200: 3,035: [ParNew2017-07-29T20:49:07.662+0200: 3,044: [CMS-concurrent-abortable-preclean: 0,100/0,229 secs] [Times: user=0,87 sys=0,01, real=0,23 secs] 

Desired survivor size 20112992 bytes, new threshold 8 (max 8)
- age   1:     803224 bytes,     803224 total
- age   2:     188384 bytes,     991608 total
- age   3:    1441480 bytes,    2433088 total
- age   4:     819448 bytes,    3252536 total
- age   5:    6669776 bytes,    9922312 total
: 98480K->12683K(109248K), 0,0104842 secs] 98480K->12683K(502464K), 0,0105598 secs] [Times: user=0,04 sys=0,00, real=0,02 secs] 
Heap after GC invocations=5 (full 1):
 par new generation   total 109248K, used 12683K [0x00000000e0000000, 0x00000000e8000000, 0x00000000e8000000)
  eden space 87424K,   0% used [0x00000000e0000000, 0x00000000e0000000, 0x00000000e5560000)
  from space 21824K,  58% used [0x00000000e6ab0000, 0x00000000e7712e20, 0x00000000e8000000)
  to   space 21824K,   0% used [0x00000000e5560000, 0x00000000e5560000, 0x00000000e6ab0000)
 concurrent mark-sweep generation total 393216K, used 0K [0x00000000e8000000, 0x0000000100000000, 0x0000000100000000)
 Metaspace       used 21438K, capacity 21814K, committed 21884K, reserved 1069056K
  class space    used 2468K, capacity 2642K, committed 2684K, reserved 1048576K
}
2017-07-29T20:49:07.663+0200: 3,046: Total time for which application threads were stopped: 0,0108062 seconds, Stopping threads took: 0,0000587 seconds
2017-07-29T20:49:07.669+0200: 3,052: [GC (CMS Final Remark) [YG occupancy: 14620 K (109248 K)]{Heap before GC invocations=5 (full 1):
 par new generation   total 109248K, used 14620K [0x00000000e0000000, 0x00000000e8000000, 0x00000000e8000000)
  eden space 87424K,   2% used [0x00000000e0000000, 0x00000000e01e42f0, 0x00000000e5560000)
  from space 21824K,  58% used [0x00000000e6ab0000, 0x00000000e7712e20, 0x00000000e8000000)
  to   space 21824K,   0% used [0x00000000e5560000, 0x00000000e5560000, 0x00000000e6ab0000)
 concurrent mark-sweep generation total 393216K, used 0K [0x00000000e8000000, 0x0000000100000000, 0x0000000100000000)
 Metaspace       used 21450K, capacity 21814K, committed 21884K, reserved 1069056K
  class space    used 2469K, capacity 2642K, committed 2684K, reserved 1048576K
2017-07-29T20:49:07.669+0200: 3,052: [GC (CMS Final Remark) 2017-07-29T20:49:07.669+0200: 3,052: [ParNew
Desired survivor size 20112992 bytes, new threshold 8 (max 8)
- age   1:      96312 bytes,      96312 total
- age   2:     170296 bytes,     266608 total
- age   3:     188384 bytes,     454992 total
- age   4:    1441480 bytes,    1896472 total
- age   5:     819448 bytes,    2715920 total
- age   6:    6669672 bytes,    9385592 total
: 14620K->11495K(109248K), 0,0142621 secs] 14620K->11495K(502464K), 0,0143071 secs] [Times: user=0,05 sys=0,00, real=0,02 secs] 
Heap after GC invocations=6 (full 1):
 par new generation   total 109248K, used 11495K [0x00000000e0000000, 0x00000000e8000000, 0x00000000e8000000)
  eden space 87424K,   0% used [0x00000000e0000000, 0x00000000e0000000, 0x00000000e5560000)
  from space 21824K,  52% used [0x00000000e5560000, 0x00000000e6099c40, 0x00000000e6ab0000)
  to   space 21824K,   0% used [0x00000000e6ab0000, 0x00000000e6ab0000, 0x00000000e8000000)
 concurrent mark-sweep generation total 393216K, used 0K [0x00000000e8000000, 0x0000000100000000, 0x0000000100000000)
 Metaspace       used 21450K, capacity 21814K, committed 21884K, reserved 1069056K
  class space    used 2469K, capacity 2642K, committed 2684K, reserved 1048576K
}
2017-07-29T20:49:07.683+0200: 3,066: [Rescan (parallel) , 0,0037436 secs]2017-07-29T20:49:07.687+0200: 3,070: [weak refs processing, 0,0008007 secs]2017-07-29T20:49:07.688+0200: 3,071: [class unloading, 0,0029169 secs]2017-07-29T20:49:07.691+0200: 3,073: [scrub symbol table, 0,0038459 secs]2017-07-29T20:49:07.695+0200: 3,077: [scrub string table, 0,0004238 secs][1 CMS-remark: 0K(393216K)] 11495K(502464K), 0,0267262 secs] [Times: user=0,07 sys=0,00, real=0,03 secs] 
2017-07-29T20:49:07.696+0200: 3,078: Total time for which application threads were stopped: 0,0269754 seconds, Stopping threads took: 0,0001545 seconds
2017-07-29T20:49:07.696+0200: 3,079: [CMS-concurrent-sweep-start]
2017-07-29T20:49:07.696+0200: 3,079: [CMS-concurrent-sweep: 0,000/0,000 secs] [Times: user=0,00 sys=0,00, real=0,00 secs] 
2017-07-29T20:49:07.696+0200: 3,079: [CMS-concurrent-reset-start]
2017-07-29T20:49:07.704+0200: 3,087: [CMS-concurrent-reset: 0,008/0,008 secs] [Times: user=0,04 sys=0,00, real=0,01 secs] 
2017-07-29T20:49:07.738+0200: 3,121: Total time for which application threads were stopped: 0,0004839 seconds, Stopping threads took: 0,0000461 seconds
2017-07-29T20:49:08.011+0200: 3,394: Total time for which application threads were stopped: 0,0004230 seconds, Stopping threads took: 0,0000190 seconds
2017-07-29T20:49:08.027+0200: 3,409: Total time for which application threads were stopped: 0,0004709 seconds, Stopping threads took: 0,0000589 seconds
{Heap before GC invocations=6 (full 1):
 par new generation   total 109248K, used 98919K [0x00000000e0000000, 0x00000000e8000000, 0x00000000e8000000)
  eden space 87424K, 100% used [0x00000000e0000000, 0x00000000e5560000, 0x00000000e5560000)
  from space 21824K,  52% used [0x00000000e5560000, 0x00000000e6099c40, 0x00000000e6ab0000)
  to   space 21824K,   0% used [0x00000000e6ab0000, 0x00000000e6ab0000, 0x00000000e8000000)
 concurrent mark-sweep generation total 393216K, used 0K [0x00000000e8000000, 0x0000000100000000, 0x0000000100000000)
 Metaspace       used 23870K, capacity 24374K, committed 24572K, reserved 1071104K
  class space    used 2803K, capacity 2984K, committed 3068K, reserved 1048576K
2017-07-29T20:49:08.197+0200: 3,579: [GC (Allocation Failure) 2017-07-29T20:49:08.197+0200: 3,579: [ParNew
Desired survivor size 20112992 bytes, new threshold 8 (max 8)
- age   1:    5230472 bytes,    5230472 total
- age   2:      23096 bytes,    5253568 total
- age   3:     118168 bytes,    5371736 total
- age   4:     186928 bytes,    5558664 total
- age   5:     271664 bytes,    5830328 total
- age   6:     795176 bytes,    6625504 total
- age   7:    6663152 bytes,   13288656 total
: 98919K->18699K(109248K), 0,0165413 secs] 98919K->18699K(502464K), 0,0166074 secs] [Times: user=0,06 sys=0,00, real=0,01 secs] 
Heap after GC invocations=7 (full 1):
 par new generation   total 109248K, used 18699K [0x00000000e0000000, 0x00000000e8000000, 0x00000000e8000000)
  eden space 87424K,   0% used [0x00000000e0000000, 0x00000000e0000000, 0x00000000e5560000)
  from space 21824K,  85% used [0x00000000e6ab0000, 0x00000000e7cf2f90, 0x00000000e8000000)
  to   space 21824K,   0% used [0x00000000e5560000, 0x00000000e5560000, 0x00000000e6ab0000)
 concurrent mark-sweep generation total 393216K, used 0K [0x00000000e8000000, 0x0000000100000000, 0x0000000100000000)
 Metaspace       used 23870K, capacity 24374K, committed 24572K, reserved 1071104K
  class space    used 2803K, capacity 2984K, committed 3068K, reserved 1048576K
}
2017-07-29T20:49:08.213+0200: 3,596: Total time for which application threads were stopped: 0,0169274 seconds, Stopping threads took: 0,0000926 seconds
{Heap before GC invocations=7 (full 1):
 par new generation   total 109248K, used 106123K [0x00000000e0000000, 0x00000000e8000000, 0x00000000e8000000)
  eden space 87424K, 100% used [0x00000000e0000000, 0x00000000e5560000, 0x00000000e5560000)
  from space 21824K,  85% used [0x00000000e6ab0000, 0x00000000e7cf2f90, 0x00000000e8000000)
  to   space 21824K,   0% used [0x00000000e5560000, 0x00000000e5560000, 0x00000000e6ab0000)
 concurrent mark-sweep generation total 393216K, used 0K [0x00000000e8000000, 0x0000000100000000, 0x0000000100000000)
 Metaspace       used 24482K, capacity 24956K, committed 25084K, reserved 1071104K
  class space    used 2862K, capacity 3049K, committed 3068K, reserved 1048576K
2017-07-29T20:49:08.331+0200: 3,713: [GC (Allocation Failure) 2017-07-29T20:49:08.331+0200: 3,713: [ParNew
Desired survivor size 20112992 bytes, new threshold 8 (max 8)
- age   1:    2096608 bytes,    2096608 total
- age   2:    1779312 bytes,    3875920 total
- age   3:       3024 bytes,    3878944 total
- age   4:      64736 bytes,    3943680 total
- age   5:      97640 bytes,    4041320 total
- age   6:     180928 bytes,    4222248 total
- age   7:     744048 bytes,    4966296 total
- age   8:    6127792 bytes,   11094088 total
: 106123K->13886K(109248K), 0,0138174 secs] 106123K->13886K(502464K), 0,0138978 secs] [Times: user=0,04 sys=0,00, real=0,02 secs] 
Heap after GC invocations=8 (full 1):
 par new generation   total 109248K, used 13886K [0x00000000e0000000, 0x00000000e8000000, 0x00000000e8000000)
  eden space 87424K,   0% used [0x00000000e0000000, 0x00000000e0000000, 0x00000000e5560000)
  from space 21824K,  63% used [0x00000000e5560000, 0x00000000e62efa40, 0x00000000e6ab0000)
  to   space 21824K,   0% used [0x00000000e6ab0000, 0x00000000e6ab0000, 0x00000000e8000000)
 concurrent mark-sweep generation total 393216K, used 0K [0x00000000e8000000, 0x0000000100000000, 0x0000000100000000)
 Metaspace       used 24482K, capacity 24956K, committed 25084K, reserved 1071104K
  class space    used 2862K, capacity 3049K, committed 3068K, reserved 1048576K
}
2017-07-29T20:49:08.344+0200: 3,727: Total time for which application threads were stopped: 0,0202077 seconds, Stopping threads took: 0,0061144 seconds
2017-07-29T20:49:08.431+0200: 3,813: Total time for which application threads were stopped: 0,0001825 seconds, Stopping threads took: 0,0000808 seconds
{Heap before GC invocations=8 (full 1):
 par new generation   total 109248K, used 101326K [0x00000000e0000000, 0x00000000e8000000, 0x00000000e8000000)
  eden space 87424K, 100% used [0x00000000e0000000, 0x00000000e5560000, 0x00000000e5560000)
  from space 21824K,  63% used [0x00000000e5560000, 0x00000000e62f3a50, 0x00000000e6ab0000)
  to   space 21824K,   0% used [0x00000000e6ab0000, 0x00000000e6ab0000, 0x00000000e8000000)
 concurrent mark-sweep generation total 393216K, used 0K [0x00000000e8000000, 0x0000000100000000, 0x0000000100000000)
 Metaspace       used 24861K, capacity 25334K, committed 25468K, reserved 1071104K
  class space    used 2900K, capacity 3086K, committed 3196K, reserved 1048576K
2017-07-29T20:49:08.434+0200: 3,817: [GC (GCLocker Initiated GC) 2017-07-29T20:49:08.434+0200: 3,817: [ParNew
Desired survivor size 20112992 bytes, new threshold 8 (max 8)
- age   1:     606016 bytes,     606016 total
- age   2:    1010624 bytes,    1616640 total
- age   3:    1756656 bytes,    3373296 total
- age   4:       3024 bytes,    3376320 total
- age   5:      64736 bytes,    3441056 total
- age   6:      97536 bytes,    3538592 total
- age   7:     180928 bytes,    3719520 total
- age   8:     744048 bytes,    4463568 total
: 101326K->9861K(109248K), 0,0456761 secs] 101326K->15928K(502464K), 0,0457326 secs] [Times: user=0,10 sys=0,00, real=0,04 secs] 
Heap after GC invocations=9 (full 1):
 par new generation   total 109248K, used 9861K [0x00000000e0000000, 0x00000000e8000000, 0x00000000e8000000)
  eden space 87424K,   0% used [0x00000000e0000000, 0x00000000e0000000, 0x00000000e5560000)
  from space 21824K,  45% used [0x00000000e6ab0000, 0x00000000e74515a0, 0x00000000e8000000)
  to   space 21824K,   0% used [0x00000000e5560000, 0x00000000e5560000, 0x00000000e6ab0000)
 concurrent mark-sweep generation total 393216K, used 6067K [0x00000000e8000000, 0x0000000100000000, 0x0000000100000000)
 Metaspace       used 24861K, capacity 25334K, committed 25468K, reserved 1071104K
  class space    used 2900K, capacity 3086K, committed 3196K, reserved 1048576K
}
2017-07-29T20:49:08.480+0200: 3,863: Total time for which application threads were stopped: 0,0494306 seconds, Stopping threads took: 0,0035487 seconds
2017-07-29T20:49:08.671+0200: 4,054: Total time for which application threads were stopped: 0,0008006 seconds, Stopping threads took: 0,0000804 seconds
2017-07-29T20:49:08.714+0200: 4,097: Total time for which application threads were stopped: 0,0009269 seconds, Stopping threads took: 0,0008210 seconds
2017-07-29T20:49:08.750+0200: 4,133: Total time for which application threads were stopped: 0,0041327 seconds, Stopping threads took: 0,0040006 seconds
2017-07-29T20:49:08.753+0200: 4,135: Total time for which application threads were stopped: 0,0003569 seconds, Stopping threads took: 0,0002512 seconds
2017-07-29T20:49:08.758+0200: 4,141: Total time for which application threads were stopped: 0,0011737 seconds, Stopping threads took: 0,0010634 seconds
2017-07-29T20:49:08.786+0200: 4,169: Total time for which application threads were stopped: 0,0006249 seconds, Stopping threads took: 0,0000445 seconds
2017-07-29T20:49:08.790+0200: 4,173: Total time for which application threads were stopped: 0,0016762 seconds, Stopping threads took: 0,0015858 seconds
2017-07-29T20:49:08.792+0200: 4,174: Total time for which application threads were stopped: 0,0001197 seconds, Stopping threads took: 0,0000324 seconds
2017-07-29T20:49:08.802+0200: 4,185: Total time for which application threads were stopped: 0,0020787 seconds, Stopping threads took: 0,0019947 seconds
2017-07-29T20:49:08.806+0200: 4,189: Total time for which application threads were stopped: 0,0001512 seconds, Stopping threads took: 0,0000644 seconds
2017-07-29T20:49:08.807+0200: 4,190: Total time for which application threads were stopped: 0,0003836 seconds, Stopping threads took: 0,0000142 seconds
2017-07-29T20:49:08.812+0200: 4,194: Total time for which application threads were stopped: 0,0001623 seconds, Stopping threads took: 0,0000534 seconds
2017-07-29T20:49:08.813+0200: 4,196: Total time for which application threads were stopped: 0,0001695 seconds, Stopping threads took: 0,0000515 seconds
2017-07-29T20:49:08.816+0200: 4,199: Total time for which application threads were stopped: 0,0001315 seconds, Stopping threads took: 0,0000383 seconds
2017-07-29T20:49:08.822+0200: 4,205: Total time for which application threads were stopped: 0,0020618 seconds, Stopping threads took: 0,0019717 seconds
2017-07-29T20:49:08.823+0200: 4,206: Total time for which application threads were stopped: 0,0001373 seconds, Stopping threads took: 0,0000591 seconds
2017-07-29T20:49:08.824+0200: 4,206: Total time for which application threads were stopped: 0,0001193 seconds, Stopping threads took: 0,0000375 seconds
2017-07-29T20:49:08.863+0200: 4,246: Total time for which application threads were stopped: 0,0002502 seconds, Stopping threads took: 0,0001292 seconds
2017-07-29T20:49:08.864+0200: 4,246: Total time for which application threads were stopped: 0,0000887 seconds, Stopping threads took: 0,0000178 seconds
2017-07-29T20:49:08.864+0200: 4,247: Total time for which application threads were stopped: 0,0000616 seconds, Stopping threads took: 0,0000109 seconds
2017-07-29T20:49:08.866+0200: 4,249: Total time for which application threads were stopped: 0,0000996 seconds, Stopping threads took: 0,0000299 seconds
2017-07-29T20:49:08.867+0200: 4,249: Total time for which application threads were stopped: 0,0000978 seconds, Stopping threads took: 0,0000200 seconds
2017-07-29T20:49:08.867+0200: 4,250: Total time for which application threads were stopped: 0,0001492 seconds, Stopping threads took: 0,0000225 seconds
2017-07-29T20:49:08.868+0200: 4,251: Total time for which application threads were stopped: 0,0000743 seconds, Stopping threads took: 0,0000142 seconds
2017-07-29T20:49:08.871+0200: 4,253: Total time for which application threads were stopped: 0,0000818 seconds, Stopping threads took: 0,0000157 seconds
2017-07-29T20:49:08.872+0200: 4,254: Total time for which application threads were stopped: 0,0001326 seconds, Stopping threads took: 0,0000418 seconds
2017-07-29T20:49:08.873+0200: 4,256: Total time for which application threads were stopped: 0,0000906 seconds, Stopping threads took: 0,0000197 seconds
2017-07-29T20:49:08.874+0200: 4,256: Total time for which application threads were stopped: 0,0000860 seconds, Stopping threads took: 0,0000206 seconds
2017-07-29T20:49:08.878+0200: 4,260: Total time for which application threads were stopped: 0,0004321 seconds, Stopping threads took: 0,0000523 seconds
2017-07-29T20:49:08.878+0200: 4,261: Total time for which application threads were stopped: 0,0000890 seconds, Stopping threads took: 0,0000272 seconds
2017-07-29T20:49:08.879+0200: 4,262: Total time for which application threads were stopped: 0,0001031 seconds, Stopping threads took: 0,0000440 seconds
2017-07-29T20:49:08.879+0200: 4,262: Total time for which application threads were stopped: 0,0000677 seconds, Stopping threads took: 0,0000129 seconds
2017-07-29T20:49:08.880+0200: 4,262: Total time for which application threads were stopped: 0,0000592 seconds, Stopping threads took: 0,0000094 seconds
2017-07-29T20:49:08.880+0200: 4,262: Total time for which application threads were stopped: 0,0000637 seconds, Stopping threads took: 0,0000078 seconds
2017-07-29T20:49:08.880+0200: 4,263: Total time for which application threads were stopped: 0,0000555 seconds, Stopping threads took: 0,0000111 seconds
2017-07-29T20:49:08.887+0200: 4,269: Total time for which application threads were stopped: 0,0001316 seconds, Stopping threads took: 0,0000568 seconds
2017-07-29T20:49:08.888+0200: 4,271: Total time for which application threads were stopped: 0,0000718 seconds, Stopping threads took: 0,0000180 seconds
2017-07-29T20:49:08.894+0200: 4,277: Total time for which application threads were stopped: 0,0011623 seconds, Stopping threads took: 0,0010818 seconds
2017-07-29T20:49:08.898+0200: 4,281: Total time for which application threads were stopped: 0,0032784 seconds, Stopping threads took: 0,0032131 seconds
2017-07-29T20:49:08.899+0200: 4,281: Total time for which application threads were stopped: 0,0001185 seconds, Stopping threads took: 0,0000446 seconds
2017-07-29T20:49:08.899+0200: 4,282: Total time for which application threads were stopped: 0,0000904 seconds, Stopping threads took: 0,0000284 seconds
2017-07-29T20:49:08.902+0200: 4,285: Total time for which application threads were stopped: 0,0013858 seconds, Stopping threads took: 0,0013053 seconds
2017-07-29T20:49:08.903+0200: 4,285: Total time for which application threads were stopped: 0,0000919 seconds, Stopping threads took: 0,0000280 seconds
2017-07-29T20:49:08.903+0200: 4,285: Total time for which application threads were stopped: 0,0000835 seconds, Stopping threads took: 0,0000229 seconds
2017-07-29T20:49:08.903+0200: 4,285: Total time for which application threads were stopped: 0,0000674 seconds, Stopping threads took: 0,0000181 seconds
2017-07-29T20:49:08.903+0200: 4,286: Total time for which application threads were stopped: 0,0000737 seconds, Stopping threads took: 0,0000173 seconds
2017-07-29T20:49:08.903+0200: 4,286: Total time for which application threads were stopped: 0,0000737 seconds, Stopping threads took: 0,0000193 seconds
2017-07-29T20:49:08.904+0200: 4,286: Total time for which application threads were stopped: 0,0001423 seconds, Stopping threads took: 0,0000170 seconds
2017-07-29T20:49:08.910+0200: 4,292: Total time for which application threads were stopped: 0,0001247 seconds, Stopping threads took: 0,0000380 seconds
2017-07-29T20:49:08.913+0200: 4,295: Total time for which application threads were stopped: 0,0001358 seconds, Stopping threads took: 0,0000509 seconds
2017-07-29T20:49:08.919+0200: 4,302: Total time for which application threads were stopped: 0,0001130 seconds, Stopping threads took: 0,0000471 seconds
2017-07-29T20:49:08.929+0200: 4,312: Total time for which application threads were stopped: 0,0001225 seconds, Stopping threads took: 0,0000419 seconds
2017-07-29T20:49:08.934+0200: 4,317: Total time for which application threads were stopped: 0,0005287 seconds, Stopping threads took: 0,0004451 seconds
2017-07-29T20:49:08.951+0200: 4,334: Total time for which application threads were stopped: 0,0001609 seconds, Stopping threads took: 0,0000899 seconds
2017-07-29T20:49:08.981+0200: 4,363: Total time for which application threads were stopped: 0,0001178 seconds, Stopping threads took: 0,0000349 seconds
2017-07-29T20:49:08.981+0200: 4,364: Total time for which application threads were stopped: 0,0003665 seconds, Stopping threads took: 0,0000119 seconds
2017-07-29T20:49:08.982+0200: 4,364: Total time for which application threads were stopped: 0,0000700 seconds, Stopping threads took: 0,0000186 seconds
2017-07-29T20:49:09.982+0200: 5,365: Total time for which application threads were stopped: 0,0000853 seconds, Stopping threads took: 0,0000178 seconds
2017-07-29T20:49:36.986+0200: 32,368: Total time for which application threads were stopped: 0,0000800 seconds, Stopping threads took: 0,0000331 seconds
2017-07-29T20:50:26.994+0200: 82,376: Total time for which application threads were stopped: 0,0000884 seconds, Stopping threads took: 0,0000348 seconds
2017-07-29T20:51:01.999+0200: 117,381: Total time for which application threads were stopped: 0,0001869 seconds, Stopping threads took: 0,0000750 seconds
2017-07-29T20:51:06.480+0200: 122,382: Total time for which application threads were stopped: 0,0000641 seconds, Stopping threads took: 0,0000159 seconds
{Heap before GC invocations=9 (full 1):
 par new generation   total 109248K, used 97285K [0x00000000e0000000, 0x00000000e8000000, 0x00000000e8000000)
  eden space 87424K, 100% used [0x00000000e0000000, 0x00000000e5560000, 0x00000000e5560000)
  from space 21824K,  45% used [0x00000000e6ab0000, 0x00000000e74515a0, 0x00000000e8000000)
  to   space 21824K,   0% used [0x00000000e5560000, 0x00000000e5560000, 0x00000000e6ab0000)
 concurrent mark-sweep generation total 393216K, used 6067K [0x00000000e8000000, 0x0000000100000000, 0x0000000100000000)
 Metaspace       used 28059K, capacity 28560K, committed 28796K, reserved 1075200K
  class space    used 3212K, capacity 3391K, committed 3452K, reserved 1048576K
2017-07-29T20:52:00.078+0200: 175,980: [GC (Allocation Failure) 2017-07-29T20:52:00.078+0200: 175,980: [ParNew
Desired survivor size 20112992 bytes, new threshold 8 (max 8)
- age   1:   10912152 bytes,   10912152 total
- age   2:     233864 bytes,   11146016 total
- age   3:     230936 bytes,   11376952 total
- age   4:    1751600 bytes,   13128552 total
- age   5:       3024 bytes,   13131576 total
- age   6:      62352 bytes,   13193928 total
- age   7:      97312 bytes,   13291240 total
- age   8:     180368 bytes,   13471608 total
: 97285K->15164K(109248K), 0,0141279 secs] 103352K->22045K(502464K), 0,0142101 secs] [Times: user=0,05 sys=0,00, real=0,01 secs] 
Heap after GC invocations=10 (full 1):
 par new generation   total 109248K, used 15164K [0x00000000e0000000, 0x00000000e8000000, 0x00000000e8000000)
  eden space 87424K,   0% used [0x00000000e0000000, 0x00000000e0000000, 0x00000000e5560000)
  from space 21824K,  69% used [0x00000000e5560000, 0x00000000e642f330, 0x00000000e6ab0000)
  to   space 21824K,   0% used [0x00000000e6ab0000, 0x00000000e6ab0000, 0x00000000e8000000)
 concurrent mark-sweep generation total 393216K, used 6880K [0x00000000e8000000, 0x0000000100000000, 0x0000000100000000)
 Metaspace       used 28059K, capacity 28560K, committed 28796K, reserved 1075200K
  class space    used 3212K, capacity 3391K, committed 3452K, reserved 1048576K
}
2017-07-29T20:52:00.093+0200: 175,995: Total time for which application threads were stopped: 0,0144152 seconds, Stopping threads took: 0,0000332 seconds
2017-07-29T20:52:00.094+0200: 175,996: Total time for which application threads were stopped: 0,0004562 seconds, Stopping threads took: 0,0001758 seconds
2017-07-29T20:52:00.095+0200: 175,996: Total time for which application threads were stopped: 0,0003729 seconds, Stopping threads took: 0,0001776 seconds
2017-07-29T20:52:05.095+0200: 180,997: Total time for which application threads were stopped: 0,0001569 seconds, Stopping threads took: 0,0000373 seconds
2017-07-29T20:53:35.109+0200: 271,011: Total time for which application threads were stopped: 0,0001816 seconds, Stopping threads took: 0,0000718 seconds
2017-07-29T20:53:41.110+0200: 277,012: Total time for which application threads were stopped: 0,0000878 seconds, Stopping threads took: 0,0000216 seconds
2017-07-29T20:57:46.149+0200: 522,051: Total time for which application threads were stopped: 0,0000928 seconds, Stopping threads took: 0,0000327 seconds
2017-07-29T20:59:46.162+0200: 642,064: Total time for which application threads were stopped: 0,0000950 seconds, Stopping threads took: 0,0000363 seconds
2017-07-29T20:59:51.163+0200: 647,065: Total time for which application threads were stopped: 0,0000746 seconds, Stopping threads took: 0,0000171 seconds
2017-07-29T21:05:11.199+0200: 967,101: Total time for which application threads were stopped: 0,0002873 seconds, Stopping threads took: 0,0000667 seconds
2017-07-29T21:12:30.253+0200: 1406,155: Total time for which application threads were stopped: 0,0000950 seconds, Stopping threads took: 0,0000360 seconds
2017-07-29T21:15:50.276+0200: 1606,178: Total time for which application threads were stopped: 0,0000952 seconds, Stopping threads took: 0,0000382 seconds
2017-07-29T21:15:55.277+0200: 1611,178: Total time for which application threads were stopped: 0,0000670 seconds, Stopping threads took: 0,0000154 seconds
2017-07-29T21:27:25.362+0200: 2301,264: Total time for which application threads were stopped: 0,0001192 seconds, Stopping threads took: 0,0000409 seconds
2017-07-29T21:27:26.362+0200: 2302,264: Total time for which application threads were stopped: 0,0000836 seconds, Stopping threads took: 0,0000321 seconds
2017-07-29T21:42:21.479+0200: 3197,381: Total time for which application threads were stopped: 0,0006513 seconds, Stopping threads took: 0,0002062 seconds
2017-07-29T21:55:05.591+0200: 3961,493: Total time for which application threads were stopped: 0,0000835 seconds, Stopping threads took: 0,0000322 seconds
2017-07-29T21:55:45.597+0200: 4001,499: Total time for which application threads were stopped: 0,0001738 seconds, Stopping threads took: 0,0000640 seconds
2017-07-29T21:55:50.598+0200: 4006,500: Total time for which application threads were stopped: 0,0000660 seconds, Stopping threads took: 0,0000147 seconds
2017-07-29T22:05:11.687+0200: 4567,589: Total time for which application threads were stopped: 0,0001390 seconds, Stopping threads took: 0,0000502 seconds
2017-07-29T22:05:16.688+0200: 4572,590: Total time for which application threads were stopped: 0,0000674 seconds, Stopping threads took: 0,0000149 seconds
2017-07-29T22:33:26.958+0200: 6262,859: Total time for which application threads were stopped: 0,0002039 seconds, Stopping threads took: 0,0000765 seconds
2017-07-29T22:49:36.107+0200: 7232,009: Total time for which application threads were stopped: 0,0000989 seconds, Stopping threads took: 0,0000392 seconds
2017-07-29T22:51:06.121+0200: 7322,023: Total time for which application threads were stopped: 0,0000797 seconds, Stopping threads took: 0,0000294 seconds
2017-07-29T22:57:06.176+0200: 7682,078: Total time for which application threads were stopped: 0,0000861 seconds, Stopping threads took: 0,0000337 seconds
2017-07-29T23:01:06.213+0200: 7922,115: Total time for which application threads were stopped: 0,0001095 seconds, Stopping threads took: 0,0000382 seconds
2017-07-30T00:01:35.781+0200: 11551,683: Total time for which application threads were stopped: 0,0001067 seconds, Stopping threads took: 0,0000378 seconds
2017-07-30T00:38:32.095+0200: 13767,997: Total time for which application threads were stopped: 0,0000826 seconds, Stopping threads took: 0,0000313 seconds
2017-07-30T01:05:06.265+0200: 15362,167: Total time for which application threads were stopped: 0,0000815 seconds, Stopping threads took: 0,0000325 seconds
2017-07-30T01:07:06.279+0200: 15482,181: Total time for which application threads were stopped: 0,0001323 seconds, Stopping threads took: 0,0000512 seconds
2017-07-30T02:07:05.701+0200: 19081,603: Total time for which application threads were stopped: 0,0000882 seconds, Stopping threads took: 0,0000345 seconds
2017-07-30T04:28:41.357+0200: 25206,513: Total time for which application threads were stopped: 0,0096389 seconds, Stopping threads took: 0,0095657 seconds
2017-07-30T04:28:41.359+0200: 25206,514: Total time for which application threads were stopped: 0,0000986 seconds, Stopping threads took: 0,0000328 seconds
2017-07-30T04:28:41.361+0200: 25206,517: Total time for which application threads were stopped: 0,0010033 seconds, Stopping threads took: 0,0009299 seconds
2017-07-30T04:28:41.362+0200: 25206,517: Total time for which application threads were stopped: 0,0000480 seconds, Stopping threads took: 0,0000089 seconds
2017-07-30T04:28:41.362+0200: 25206,517: Total time for which application threads were stopped: 0,0000536 seconds, Stopping threads took: 0,0000154 seconds
2017-07-30T04:28:41.362+0200: 25206,517: Total time for which application threads were stopped: 0,0000355 seconds, Stopping threads took: 0,0000043 seconds
2017-07-30T04:28:41.362+0200: 25206,517: Total time for which application threads were stopped: 0,0000324 seconds, Stopping threads took: 0,0000041 seconds
2017-07-30T04:28:41.362+0200: 25206,518: Total time for which application threads were stopped: 0,0000316 seconds, Stopping threads took: 0,0000042 seconds
2017-07-30T04:28:41.362+0200: 25206,518: Total time for which application threads were stopped: 0,0000426 seconds, Stopping threads took: 0,0000061 seconds
2017-07-30T04:28:41.362+0200: 25206,518: Total time for which application threads were stopped: 0,0000318 seconds, Stopping threads took: 0,0000041 seconds
2017-07-30T04:28:41.362+0200: 25206,518: Total time for which application threads were stopped: 0,0000324 seconds, Stopping threads took: 0,0000043 seconds
2017-07-30T04:28:41.362+0200: 25206,518: Total time for which application threads were stopped: 0,0000313 seconds, Stopping threads took: 0,0000040 seconds
2017-07-30T04:28:41.363+0200: 25206,518: Total time for which application threads were stopped: 0,0000309 seconds, Stopping threads took: 0,0000040 seconds
2017-07-30T04:28:41.363+0200: 25206,518: Total time for which application threads were stopped: 0,0000310 seconds, Stopping threads took: 0,0000041 seconds
2017-07-30T04:28:41.363+0200: 25206,518: Total time for which application threads were stopped: 0,0000317 seconds, Stopping threads took: 0,0000043 seconds
2017-07-30T04:28:41.363+0200: 25206,518: Total time for which application threads were stopped: 0,0000309 seconds, Stopping threads took: 0,0000041 seconds
2017-07-30T04:28:41.363+0200: 25206,518: Total time for which application threads were stopped: 0,0000311 seconds, Stopping threads took: 0,0000040 seconds
2017-07-30T04:28:41.368+0200: 25206,523: Total time for which application threads were stopped: 0,0001269 seconds, Stopping threads took: 0,0000171 seconds
2017-07-30T04:28:41.369+0200: 25206,524: Total time for which application threads were stopped: 0,0000916 seconds, Stopping threads took: 0,0000147 seconds
2017-07-30T04:28:41.369+0200: 25206,524: Total time for which application threads were stopped: 0,0000680 seconds, Stopping threads took: 0,0000116 seconds
2017-07-30T04:28:41.369+0200: 25206,524: Total time for which application threads were stopped: 0,0000534 seconds, Stopping threads took: 0,0000063 seconds
2017-07-30T04:28:41.369+0200: 25206,524: Total time for which application threads were stopped: 0,0000499 seconds, Stopping threads took: 0,0000068 seconds
2017-07-30T04:28:41.371+0200: 25206,526: Total time for which application threads were stopped: 0,0001227 seconds, Stopping threads took: 0,0000307 seconds
2017-07-30T04:28:41.374+0200: 25206,530: Total time for which application threads were stopped: 0,0001128 seconds, Stopping threads took: 0,0000336 seconds
2017-07-30T04:28:41.374+0200: 25206,530: Total time for which application threads were stopped: 0,0000766 seconds, Stopping threads took: 0,0000191 seconds
2017-07-30T04:28:41.388+0200: 25206,543: Total time for which application threads were stopped: 0,0001122 seconds, Stopping threads took: 0,0000382 seconds
2017-07-30T04:28:41.388+0200: 25206,543: Total time for which application threads were stopped: 0,0000760 seconds, Stopping threads took: 0,0000241 seconds
2017-07-30T04:28:41.388+0200: 25206,543: Total time for which application threads were stopped: 0,0000604 seconds, Stopping threads took: 0,0000168 seconds
2017-07-30T04:28:41.389+0200: 25206,544: Total time for which application threads were stopped: 0,0000878 seconds, Stopping threads took: 0,0000297 seconds
2017-07-30T04:28:41.389+0200: 25206,544: Total time for which application threads were stopped: 0,0000761 seconds, Stopping threads took: 0,0000269 seconds
2017-07-30T04:28:41.389+0200: 25206,544: Total time for which application threads were stopped: 0,0000645 seconds, Stopping threads took: 0,0000214 seconds
2017-07-30T04:28:41.389+0200: 25206,545: Total time for which application threads were stopped: 0,0000529 seconds, Stopping threads took: 0,0000106 seconds
2017-07-30T04:28:41.389+0200: 25206,545: Total time for which application threads were stopped: 0,0000583 seconds, Stopping threads took: 0,0000153 seconds
2017-07-30T04:28:41.389+0200: 25206,545: Total time for which application threads were stopped: 0,0000504 seconds, Stopping threads took: 0,0000126 seconds
2017-07-30T04:28:41.390+0200: 25206,545: Total time for which application threads were stopped: 0,0000477 seconds, Stopping threads took: 0,0000137 seconds
2017-07-30T04:28:41.390+0200: 25206,545: Total time for which application threads were stopped: 0,0000462 seconds, Stopping threads took: 0,0000137 seconds
2017-07-30T04:28:41.390+0200: 25206,545: Total time for which application threads were stopped: 0,0000483 seconds, Stopping threads took: 0,0000141 seconds
2017-07-30T04:28:41.402+0200: 25206,557: Total time for which application threads were stopped: 0,0037598 seconds, Stopping threads took: 0,0036751 seconds
2017-07-30T04:28:41.402+0200: 25206,557: Total time for which application threads were stopped: 0,0000633 seconds, Stopping threads took: 0,0000118 seconds
2017-07-30T04:28:41.402+0200: 25206,557: Total time for which application threads were stopped: 0,0000559 seconds, Stopping threads took: 0,0000069 seconds
2017-07-30T04:28:41.402+0200: 25206,558: Total time for which application threads were stopped: 0,0000624 seconds, Stopping threads took: 0,0000099 seconds
2017-07-30T04:28:41.402+0200: 25206,558: Total time for which application threads were stopped: 0,0000484 seconds, Stopping threads took: 0,0000058 seconds
2017-07-30T04:28:41.402+0200: 25206,558: Total time for which application threads were stopped: 0,0000444 seconds, Stopping threads took: 0,0000054 seconds
2017-07-30T04:28:41.405+0200: 25206,560: Total time for which application threads were stopped: 0,0001062 seconds, Stopping threads took: 0,0000189 seconds
2017-07-30T04:28:41.405+0200: 25206,560: Total time for which application threads were stopped: 0,0000696 seconds, Stopping threads took: 0,0000114 seconds
2017-07-30T04:28:41.405+0200: 25206,561: Total time for which application threads were stopped: 0,0000481 seconds, Stopping threads took: 0,0000070 seconds
2017-07-30T04:28:41.406+0200: 25206,561: Total time for which application threads were stopped: 0,0000776 seconds, Stopping threads took: 0,0000150 seconds
2017-07-30T04:28:41.406+0200: 25206,562: Total time for which application threads were stopped: 0,0000834 seconds, Stopping threads took: 0,0000214 seconds
2017-07-30T04:28:41.407+0200: 25206,562: Total time for which application threads were stopped: 0,0000542 seconds, Stopping threads took: 0,0000145 seconds
2017-07-30T04:28:41.407+0200: 25206,562: Total time for which application threads were stopped: 0,0000457 seconds, Stopping threads took: 0,0000119 seconds
2017-07-30T04:28:41.407+0200: 25206,562: Total time for which application threads were stopped: 0,0000423 seconds, Stopping threads took: 0,0000111 seconds
2017-07-30T04:28:41.408+0200: 25206,564: Total time for which application threads were stopped: 0,0001140 seconds, Stopping threads took: 0,0000527 seconds
2017-07-30T04:28:41.408+0200: 25206,564: Total time for which application threads were stopped: 0,0000491 seconds, Stopping threads took: 0,0000253 seconds
2017-07-30T04:28:41.410+0200: 25206,565: Total time for which application threads were stopped: 0,0003791 seconds, Stopping threads took: 0,0000306 seconds
2017-07-30T04:28:41.410+0200: 25206,565: Total time for which application threads were stopped: 0,0000755 seconds, Stopping threads took: 0,0000136 seconds
2017-07-30T04:28:41.410+0200: 25206,565: Total time for which application threads were stopped: 0,0000415 seconds, Stopping threads took: 0,0000058 seconds
2017-07-30T04:28:41.410+0200: 25206,566: Total time for which application threads were stopped: 0,0000344 seconds, Stopping threads took: 0,0000051 seconds
2017-07-30T04:28:41.410+0200: 25206,566: Total time for which application threads were stopped: 0,0000332 seconds, Stopping threads took: 0,0000048 seconds
2017-07-30T04:28:41.411+0200: 25206,567: Total time for which application threads were stopped: 0,0000714 seconds, Stopping threads took: 0,0000134 seconds
2017-07-30T04:28:41.411+0200: 25206,567: Total time for which application threads were stopped: 0,0000391 seconds, Stopping threads took: 0,0000053 seconds
2017-07-30T04:28:41.411+0200: 25206,567: Total time for which application threads were stopped: 0,0001340 seconds, Stopping threads took: 0,0000049 seconds
2017-07-30T04:28:41.413+0200: 25206,568: Total time for which application threads were stopped: 0,0000933 seconds, Stopping threads took: 0,0000292 seconds
2017-07-30T04:28:41.413+0200: 25206,569: Total time for which application threads were stopped: 0,0001862 seconds, Stopping threads took: 0,0000642 seconds
Heap
 par new generation   total 109248K, used 35273K [0x00000000e0000000, 0x00000000e8000000, 0x00000000e8000000)
  eden space 87424K,  23% used [0x00000000e0000000, 0x00000000e13a3318, 0x00000000e5560000)
  from space 21824K,  69% used [0x00000000e5560000, 0x00000000e642f330, 0x00000000e6ab0000)
  to   space 21824K,   0% used [0x00000000e6ab0000, 0x00000000e6ab0000, 0x00000000e8000000)
 concurrent mark-sweep generation total 393216K, used 6880K [0x00000000e8000000, 0x0000000100000000, 0x0000000100000000)
 Metaspace       used 28217K, capacity 28792K, committed 29052K, reserved 1075200K
  class space    used 3227K, capacity 3425K, committed 3452K, reserved 1048576K
