OpenJDK 64-Bit Server VM (25.111-b14) for linux-amd64 JRE (1.8.0_111-8u111-b14-2ubuntu0.16.04.2-b14), built on Oct 27 2016 18:10:19 by "buildd" with gcc 5.4.0 20160609
Memory: 4k page, physical 7867804k(7521704k free), swap 8076284k(8076284k free)
CommandLine flags: -XX:CMSInitiatingOccupancyFraction=50 -XX:CMSMaxAbortablePrecleanTime=6000 -XX:+CMSParallelRemarkEnabled -XX:+CMSScavengeBeforeRemark -XX:ConcGCThreads=4 -XX:InitialHeapSize=536870912 -XX:MaxHeapSize=536870912 -XX:MaxTenuringThreshold=8 -XX:NewRatio=3 -XX:OldPLABSize=16 -XX:OnOutOfMemoryError=/opt/solr/bin/oom_solr.sh 8983 /var/solr/logs -XX:ParallelGCThreads=4 -XX:+ParallelRefProcEnabled -XX:PretenureSizeThreshold=67108864 -XX:+PrintGC -XX:+PrintGCApplicationStoppedTime -XX:+PrintGCDateStamps -XX:+PrintGCDetails -XX:+PrintGCTimeStamps -XX:+PrintHeapAtGC -XX:+PrintTenuringDistribution -XX:SurvivorRatio=4 -XX:TargetSurvivorRatio=90 -XX:ThreadStackSize=256 -XX:+UseCMSInitiatingOccupancyOnly -XX:+UseCompressedClassPointers -XX:+UseCompressedOops -XX:+UseConcMarkSweepGC -XX:+UseParNewGC 
2016-12-21T14:27:18.724+0100: 0,135: Total time for which application threads were stopped: 0,0000683 seconds, Stopping threads took: 0,0000090 seconds
2016-12-21T14:27:18.824+0100: 0,235: Total time for which application threads were stopped: 0,0001074 seconds, Stopping threads took: 0,0000168 seconds
2016-12-21T14:27:18.838+0100: 0,249: Total time for which application threads were stopped: 0,0000989 seconds, Stopping threads took: 0,0000192 seconds
2016-12-21T14:27:19.008+0100: 0,420: Total time for which application threads were stopped: 0,0001590 seconds, Stopping threads took: 0,0000173 seconds
2016-12-21T14:27:19.503+0100: 0,914: Total time for which application threads were stopped: 0,0001966 seconds, Stopping threads took: 0,0000291 seconds
2016-12-21T14:27:19.639+0100: 1,050: Total time for which application threads were stopped: 0,0001888 seconds, Stopping threads took: 0,0000306 seconds
2016-12-21T14:27:19.666+0100: 1,078: Total time for which application threads were stopped: 0,0002149 seconds, Stopping threads took: 0,0000318 seconds
2016-12-21T14:27:19.970+0100: 1,381: Total time for which application threads were stopped: 0,0001957 seconds, Stopping threads took: 0,0000183 seconds
2016-12-21T14:27:20.185+0100: 1,596: Total time for which application threads were stopped: 0,0002021 seconds, Stopping threads took: 0,0000157 seconds
2016-12-21T14:27:20.214+0100: 1,625: Total time for which application threads were stopped: 0,0002069 seconds, Stopping threads took: 0,0000257 seconds
2016-12-21T14:27:20.215+0100: 1,626: Total time for which application threads were stopped: 0,0001318 seconds, Stopping threads took: 0,0000223 seconds
2016-12-21T14:27:20.229+0100: 1,640: Total time for which application threads were stopped: 0,0001780 seconds, Stopping threads took: 0,0000197 seconds
2016-12-21T14:27:20.337+0100: 1,748: Total time for which application threads were stopped: 0,0002178 seconds, Stopping threads took: 0,0000190 seconds
2016-12-21T14:27:20.473+0100: 1,884: Total time for which application threads were stopped: 0,0004018 seconds, Stopping threads took: 0,0001904 seconds
{Heap before GC invocations=0 (full 0):
 par new generation   total 109248K, used 87424K [0x00000000e0000000, 0x00000000e8000000, 0x00000000e8000000)
  eden space 87424K, 100% used [0x00000000e0000000, 0x00000000e5560000, 0x00000000e5560000)
  from space 21824K,   0% used [0x00000000e5560000, 0x00000000e5560000, 0x00000000e6ab0000)
  to   space 21824K,   0% used [0x00000000e6ab0000, 0x00000000e6ab0000, 0x00000000e8000000)
 concurrent mark-sweep generation total 393216K, used 0K [0x00000000e8000000, 0x0000000100000000, 0x0000000100000000)
 Metaspace       used 18367K, capacity 18686K, committed 18944K, reserved 1067008K
  class space    used 2089K, capacity 2226K, committed 2304K, reserved 1048576K
2016-12-21T14:27:20.604+0100: 2,015: [GC (Allocation Failure) 2016-12-21T14:27:20.604+0100: 2,015: [ParNew
Desired survivor size 20112992 bytes, new threshold 8 (max 8)
- age   1:   12579056 bytes,   12579056 total
: 87424K->12403K(109248K), 0,0161792 secs] 87424K->12403K(502464K), 0,0162680 secs] [Times: user=0,03 sys=0,02, real=0,01 secs] 
Heap after GC invocations=1 (full 0):
 par new generation   total 109248K, used 12403K [0x00000000e0000000, 0x00000000e8000000, 0x00000000e8000000)
  eden space 87424K,   0% used [0x00000000e0000000, 0x00000000e0000000, 0x00000000e5560000)
  from space 21824K,  56% used [0x00000000e6ab0000, 0x00000000e76ccdc0, 0x00000000e8000000)
  to   space 21824K,   0% used [0x00000000e5560000, 0x00000000e5560000, 0x00000000e6ab0000)
 concurrent mark-sweep generation total 393216K, used 0K [0x00000000e8000000, 0x0000000100000000, 0x0000000100000000)
 Metaspace       used 18367K, capacity 18686K, committed 18944K, reserved 1067008K
  class space    used 2089K, capacity 2226K, committed 2304K, reserved 1048576K
}
2016-12-21T14:27:20.620+0100: 2,031: Total time for which application threads were stopped: 0,0164470 seconds, Stopping threads took: 0,0000198 seconds
2016-12-21T14:27:20.756+0100: 2,168: Total time for which application threads were stopped: 0,0003926 seconds, Stopping threads took: 0,0000414 seconds
2016-12-21T14:27:20.786+0100: 2,197: Total time for which application threads were stopped: 0,0002578 seconds, Stopping threads took: 0,0000211 seconds
2016-12-21T14:27:20.812+0100: 2,223: Total time for which application threads were stopped: 0,0003084 seconds, Stopping threads took: 0,0000415 seconds
{Heap before GC invocations=1 (full 0):
 par new generation   total 109248K, used 99827K [0x00000000e0000000, 0x00000000e8000000, 0x00000000e8000000)
  eden space 87424K, 100% used [0x00000000e0000000, 0x00000000e5560000, 0x00000000e5560000)
  from space 21824K,  56% used [0x00000000e6ab0000, 0x00000000e76ccdc0, 0x00000000e8000000)
  to   space 21824K,   0% used [0x00000000e5560000, 0x00000000e5560000, 0x00000000e6ab0000)
 concurrent mark-sweep generation total 393216K, used 0K [0x00000000e8000000, 0x0000000100000000, 0x0000000100000000)
 Metaspace       used 20737K, capacity 21020K, committed 21248K, reserved 1069056K
  class space    used 2403K, capacity 2518K, committed 2560K, reserved 1048576K
2016-12-21T14:27:20.974+0100: 2,385: [GC (Allocation Failure) 2016-12-21T14:27:20.974+0100: 2,385: [ParNew
Desired survivor size 20112992 bytes, new threshold 8 (max 8)
- age   1:    2713688 bytes,    2713688 total
- age   2:    6143648 bytes,    8857336 total
: 99827K->13273K(109248K), 0,0176303 secs] 99827K->13273K(502464K), 0,0177095 secs] [Times: user=0,06 sys=0,00, real=0,01 secs] 
Heap after GC invocations=2 (full 0):
 par new generation   total 109248K, used 13273K [0x00000000e0000000, 0x00000000e8000000, 0x00000000e8000000)
  eden space 87424K,   0% used [0x00000000e0000000, 0x00000000e0000000, 0x00000000e5560000)
  from space 21824K,  60% used [0x00000000e5560000, 0x00000000e62565e8, 0x00000000e6ab0000)
  to   space 21824K,   0% used [0x00000000e6ab0000, 0x00000000e6ab0000, 0x00000000e8000000)
 concurrent mark-sweep generation total 393216K, used 0K [0x00000000e8000000, 0x0000000100000000, 0x0000000100000000)
 Metaspace       used 20737K, capacity 21020K, committed 21248K, reserved 1069056K
  class space    used 2403K, capacity 2518K, committed 2560K, reserved 1048576K
}
2016-12-21T14:27:20.991+0100: 2,403: Total time for which application threads were stopped: 0,0212709 seconds, Stopping threads took: 0,0033561 seconds
2016-12-21T14:27:21.046+0100: 2,457: Total time for which application threads were stopped: 0,0000866 seconds, Stopping threads took: 0,0000168 seconds
2016-12-21T14:27:21.079+0100: 2,491: Total time for which application threads were stopped: 0,0000982 seconds, Stopping threads took: 0,0000197 seconds
2016-12-21T14:27:21.080+0100: 2,491: Total time for which application threads were stopped: 0,0002819 seconds, Stopping threads took: 0,0000217 seconds
2016-12-21T14:27:21.107+0100: 2,518: Total time for which application threads were stopped: 0,0000749 seconds, Stopping threads took: 0,0000158 seconds
2016-12-21T14:27:21.182+0100: 2,593: Total time for which application threads were stopped: 0,0001377 seconds, Stopping threads took: 0,0000454 seconds
2016-12-21T14:27:21.182+0100: 2,593: Total time for which application threads were stopped: 0,0000419 seconds, Stopping threads took: 0,0000197 seconds
2016-12-21T14:27:21.200+0100: 2,611: Total time for which application threads were stopped: 0,0000775 seconds, Stopping threads took: 0,0000207 seconds
2016-12-21T14:27:21.208+0100: 2,619: Total time for which application threads were stopped: 0,0003133 seconds, Stopping threads took: 0,0000286 seconds
2016-12-21T14:27:21.213+0100: 2,624: Total time for which application threads were stopped: 0,0000689 seconds, Stopping threads took: 0,0000125 seconds
2016-12-21T14:27:21.215+0100: 2,626: Total time for which application threads were stopped: 0,0002580 seconds, Stopping threads took: 0,0000148 seconds
2016-12-21T14:27:21.254+0100: 2,666: Total time for which application threads were stopped: 0,0000968 seconds, Stopping threads took: 0,0000179 seconds
2016-12-21T14:27:21.270+0100: 2,681: Total time for which application threads were stopped: 0,0000697 seconds, Stopping threads took: 0,0000138 seconds
2016-12-21T14:27:21.287+0100: 2,698: Total time for which application threads were stopped: 0,0000689 seconds, Stopping threads took: 0,0000133 seconds
2016-12-21T14:27:21.305+0100: 2,716: Total time for which application threads were stopped: 0,0000700 seconds, Stopping threads took: 0,0000130 seconds
2016-12-21T14:27:21.326+0100: 2,738: Total time for which application threads were stopped: 0,0000984 seconds, Stopping threads took: 0,0000292 seconds
2016-12-21T14:27:21.396+0100: 2,807: Total time for which application threads were stopped: 0,0001039 seconds, Stopping threads took: 0,0000282 seconds
2016-12-21T14:27:21.424+0100: 2,835: Total time for which application threads were stopped: 0,0001082 seconds, Stopping threads took: 0,0000252 seconds
2016-12-21T14:27:21.432+0100: 2,843: Total time for which application threads were stopped: 0,0004419 seconds, Stopping threads took: 0,0000261 seconds
2016-12-21T14:27:21.466+0100: 2,878: Total time for which application threads were stopped: 0,0001036 seconds, Stopping threads took: 0,0000236 seconds
{Heap before GC invocations=2 (full 0):
 par new generation   total 109248K, used 100697K [0x00000000e0000000, 0x00000000e8000000, 0x00000000e8000000)
  eden space 87424K, 100% used [0x00000000e0000000, 0x00000000e5560000, 0x00000000e5560000)
  from space 21824K,  60% used [0x00000000e5560000, 0x00000000e62565e8, 0x00000000e6ab0000)
  to   space 21824K,   0% used [0x00000000e6ab0000, 0x00000000e6ab0000, 0x00000000e8000000)
 concurrent mark-sweep generation total 393216K, used 0K [0x00000000e8000000, 0x0000000100000000, 0x0000000100000000)
 Metaspace       used 25129K, capacity 25508K, committed 25868K, reserved 1073152K
  class space    used 2920K, capacity 3056K, committed 3144K, reserved 1048576K
2016-12-21T14:27:21.467+0100: 2,878: [GC (Allocation Failure) 2016-12-21T14:27:21.467+0100: 2,878: [ParNew
Desired survivor size 20112992 bytes, new threshold 8 (max 8)
- age   1:    6916424 bytes,    6916424 total
- age   2:     513384 bytes,    7429808 total
- age   3:    6121992 bytes,   13551800 total
: 100697K->16234K(109248K), 0,0129409 secs] 100697K->16234K(502464K), 0,0129970 secs] [Times: user=0,05 sys=0,00, real=0,01 secs] 
Heap after GC invocations=3 (full 0):
 par new generation   total 109248K, used 16234K [0x00000000e0000000, 0x00000000e8000000, 0x00000000e8000000)
  eden space 87424K,   0% used [0x00000000e0000000, 0x00000000e0000000, 0x00000000e5560000)
  from space 21824K,  74% used [0x00000000e6ab0000, 0x00000000e7a8aa00, 0x00000000e8000000)
  to   space 21824K,   0% used [0x00000000e5560000, 0x00000000e5560000, 0x00000000e6ab0000)
 concurrent mark-sweep generation total 393216K, used 0K [0x00000000e8000000, 0x0000000100000000, 0x0000000100000000)
 Metaspace       used 25129K, capacity 25508K, committed 25868K, reserved 1073152K
  class space    used 2920K, capacity 3056K, committed 3144K, reserved 1048576K
}
2016-12-21T14:27:21.480+0100: 2,891: Total time for which application threads were stopped: 0,0131607 seconds, Stopping threads took: 0,0000188 seconds
2016-12-21T14:27:21.480+0100: 2,891: [GC (CMS Initial Mark) [1 CMS-initial-mark: 0K(393216K)] 16234K(502464K), 0,0039770 secs] [Times: user=0,02 sys=0,00, real=0,01 secs] 
2016-12-21T14:27:21.484+0100: 2,895: Total time for which application threads were stopped: 0,0040903 seconds, Stopping threads took: 0,0000320 seconds
2016-12-21T14:27:21.484+0100: 2,896: [CMS-concurrent-mark-start]
2016-12-21T14:27:21.486+0100: 2,897: [CMS-concurrent-mark: 0,002/0,002 secs] [Times: user=0,00 sys=0,00, real=0,00 secs] 
2016-12-21T14:27:21.486+0100: 2,897: [CMS-concurrent-preclean-start]
2016-12-21T14:27:21.487+0100: 2,899: [CMS-concurrent-preclean: 0,001/0,001 secs] [Times: user=0,01 sys=0,00, real=0,00 secs] 
2016-12-21T14:27:21.488+0100: 2,899: [GC (CMS Final Remark) [YG occupancy: 17644 K (109248 K)]{Heap before GC invocations=3 (full 1):
 par new generation   total 109248K, used 17644K [0x00000000e0000000, 0x00000000e8000000, 0x00000000e8000000)
  eden space 87424K,   1% used [0x00000000e0000000, 0x00000000e01606d0, 0x00000000e5560000)
  from space 21824K,  74% used [0x00000000e6ab0000, 0x00000000e7a8aa00, 0x00000000e8000000)
  to   space 21824K,   0% used [0x00000000e5560000, 0x00000000e5560000, 0x00000000e6ab0000)
 concurrent mark-sweep generation total 393216K, used 0K [0x00000000e8000000, 0x0000000100000000, 0x0000000100000000)
 Metaspace       used 25161K, capacity 25508K, committed 25868K, reserved 1073152K
  class space    used 2923K, capacity 3056K, committed 3144K, reserved 1048576K
2016-12-21T14:27:21.488+0100: 2,899: [GC (CMS Final Remark) 2016-12-21T14:27:21.488+0100: 2,899: [ParNew
Desired survivor size 20112992 bytes, new threshold 8 (max 8)
- age   1:      22464 bytes,      22464 total
- age   2:    3237432 bytes,    3259896 total
- age   3:     513384 bytes,    3773280 total
- age   4:    6121992 bytes,    9895272 total
: 17644K->16410K(109248K), 0,0119950 secs] 17644K->16410K(502464K), 0,0120406 secs] [Times: user=0,03 sys=0,00, real=0,01 secs] 
Heap after GC invocations=4 (full 1):
 par new generation   total 109248K, used 16410K [0x00000000e0000000, 0x00000000e8000000, 0x00000000e8000000)
  eden space 87424K,   0% used [0x00000000e0000000, 0x00000000e0000000, 0x00000000e5560000)
  from space 21824K,  75% used [0x00000000e5560000, 0x00000000e65669e0, 0x00000000e6ab0000)
  to   space 21824K,   0% used [0x00000000e6ab0000, 0x00000000e6ab0000, 0x00000000e8000000)
 concurrent mark-sweep generation total 393216K, used 0K [0x00000000e8000000, 0x0000000100000000, 0x0000000100000000)
 Metaspace       used 25161K, capacity 25508K, committed 25868K, reserved 1073152K
  class space    used 2923K, capacity 3056K, committed 3144K, reserved 1048576K
}
2016-12-21T14:27:21.500+0100: 2,911: [Rescan (parallel) , 0,0035942 secs]2016-12-21T14:27:21.503+0100: 2,915: [weak refs processing, 0,0004900 secs]2016-12-21T14:27:21.504+0100: 2,915: [class unloading, 0,0031992 secs]2016-12-21T14:27:21.507+0100: 2,918: [scrub symbol table, 0,0034102 secs]2016-12-21T14:27:21.511+0100: 2,922: [scrub string table, 0,0004111 secs][1 CMS-remark: 0K(393216K)] 16410K(502464K), 0,0238576 secs] [Times: user=0,06 sys=0,00, real=0,02 secs] 
2016-12-21T14:27:21.512+0100: 2,923: Total time for which application threads were stopped: 0,0240714 seconds, Stopping threads took: 0,0001428 seconds
2016-12-21T14:27:21.512+0100: 2,923: [CMS-concurrent-sweep-start]
2016-12-21T14:27:21.512+0100: 2,923: [CMS-concurrent-sweep: 0,000/0,000 secs] [Times: user=0,00 sys=0,00, real=0,00 secs] 
2016-12-21T14:27:21.512+0100: 2,923: [CMS-concurrent-reset-start]
2016-12-21T14:27:21.515+0100: 2,926: [CMS-concurrent-reset: 0,003/0,003 secs] [Times: user=0,01 sys=0,00, real=0,01 secs] 
2016-12-21T14:27:21.542+0100: 2,953: Total time for which application threads were stopped: 0,0003303 seconds, Stopping threads took: 0,0000235 seconds
2016-12-21T14:27:22.543+0100: 3,954: Total time for which application threads were stopped: 0,0000913 seconds, Stopping threads took: 0,0000153 seconds
2016-12-21T14:27:22.641+0100: 4,052: Total time for which application threads were stopped: 0,0002865 seconds, Stopping threads took: 0,0000149 seconds
2016-12-21T14:27:50.643+0100: 32,055: Total time for which application threads were stopped: 0,0000487 seconds, Stopping threads took: 0,0000142 seconds
2016-12-21T14:28:19.646+0100: 61,057: Total time for which application threads were stopped: 0,0000747 seconds, Stopping threads took: 0,0000351 seconds
2016-12-21T14:28:44.649+0100: 86,060: Total time for which application threads were stopped: 0,0000897 seconds, Stopping threads took: 0,0000390 seconds
2016-12-21T14:29:39.656+0100: 141,067: Total time for which application threads were stopped: 0,0000705 seconds, Stopping threads took: 0,0000313 seconds
2016-12-21T14:29:54.658+0100: 156,069: Total time for which application threads were stopped: 0,0000715 seconds, Stopping threads took: 0,0000314 seconds
2016-12-21T14:30:00.658+0100: 162,070: Total time for which application threads were stopped: 0,0000713 seconds, Stopping threads took: 0,0000174 seconds
2016-12-21T14:30:05.659+0100: 167,070: Total time for which application threads were stopped: 0,0001200 seconds, Stopping threads took: 0,0000326 seconds
2016-12-21T14:30:19.661+0100: 181,072: Total time for which application threads were stopped: 0,0000615 seconds, Stopping threads took: 0,0000154 seconds
2016-12-21T14:31:00.666+0100: 222,077: Total time for which application threads were stopped: 0,0000810 seconds, Stopping threads took: 0,0000336 seconds
2016-12-21T14:32:05.675+0100: 287,086: Total time for which application threads were stopped: 0,0001602 seconds, Stopping threads took: 0,0000668 seconds
2016-12-21T14:50:59.809+0100: 1421,220: Total time for which application threads were stopped: 0,0000915 seconds, Stopping threads took: 0,0000461 seconds
2016-12-21T14:54:24.827+0100: 1626,238: Total time for which application threads were stopped: 0,0000743 seconds, Stopping threads took: 0,0000273 seconds
2016-12-21T14:54:39.829+0100: 1641,240: Total time for which application threads were stopped: 0,0000762 seconds, Stopping threads took: 0,0000207 seconds
2016-12-21T14:54:45.829+0100: 1647,241: Total time for which application threads were stopped: 0,0001297 seconds, Stopping threads took: 0,0000601 seconds
2016-12-21T15:05:59.890+0100: 2321,301: Total time for which application threads were stopped: 0,0000894 seconds, Stopping threads took: 0,0000426 seconds
2016-12-21T15:06:00.890+0100: 2322,301: Total time for which application threads were stopped: 0,0000649 seconds, Stopping threads took: 0,0000166 seconds
2016-12-21T15:20:55.982+0100: 3217,394: Total time for which application threads were stopped: 0,0000732 seconds, Stopping threads took: 0,0000322 seconds
2016-12-21T15:32:25.053+0100: 3906,464: Total time for which application threads were stopped: 0,0000729 seconds, Stopping threads took: 0,0000285 seconds
2016-12-21T15:34:20.065+0100: 4021,476: Total time for which application threads were stopped: 0,0000711 seconds, Stopping threads took: 0,0000294 seconds
2016-12-21T16:15:36.324+0100: 6497,735: Total time for which application threads were stopped: 0,0000713 seconds, Stopping threads took: 0,0000308 seconds
2016-12-21T16:15:51.326+0100: 6512,737: Total time for which application threads were stopped: 0,0002404 seconds, Stopping threads took: 0,0000718 seconds
2016-12-21T16:20:20.354+0100: 6781,766: Total time for which application threads were stopped: 0,0000768 seconds, Stopping threads took: 0,0000312 seconds
2016-12-21T16:21:11.360+0100: 6832,772: Total time for which application threads were stopped: 0,0000685 seconds, Stopping threads took: 0,0000280 seconds
2016-12-21T16:31:50.437+0100: 7471,849: Total time for which application threads were stopped: 0,0001616 seconds, Stopping threads took: 0,0000556 seconds
2016-12-21T16:32:20.442+0100: 7501,853: Total time for which application threads were stopped: 0,0000755 seconds, Stopping threads took: 0,0000329 seconds
2016-12-21T16:32:50.446+0100: 7531,857: Total time for which application threads were stopped: 0,0001820 seconds, Stopping threads took: 0,0000633 seconds
2016-12-21T16:35:20.466+0100: 7681,877: Total time for which application threads were stopped: 0,0000941 seconds, Stopping threads took: 0,0000370 seconds
2016-12-21T17:39:50.923+0100: 11552,334: Total time for which application threads were stopped: 0,0001230 seconds, Stopping threads took: 0,0000569 seconds
2016-12-21T18:43:20.314+0100: 15361,725: Total time for which application threads were stopped: 0,0000789 seconds, Stopping threads took: 0,0000328 seconds
2016-12-21T18:45:21.325+0100: 15482,737: Total time for which application threads were stopped: 0,0000761 seconds, Stopping threads took: 0,0000332 seconds
2016-12-21T19:44:20.670+0100: 19022,081: Total time for which application threads were stopped: 0,0001156 seconds, Stopping threads took: 0,0000491 seconds
2016-12-22T00:24:17.347+0100: 35818,758: Total time for which application threads were stopped: 0,0001880 seconds, Stopping threads took: 0,0000244 seconds
Heap
 par new generation   total 109248K, used 60323K [0x00000000e0000000, 0x00000000e8000000, 0x00000000e8000000)
  eden space 87424K,  50% used [0x00000000e0000000, 0x00000000e2ae2530, 0x00000000e5560000)
  from space 21824K,  75% used [0x00000000e5560000, 0x00000000e65669e0, 0x00000000e6ab0000)
  to   space 21824K,   0% used [0x00000000e6ab0000, 0x00000000e6ab0000, 0x00000000e8000000)
 concurrent mark-sweep generation total 393216K, used 0K [0x00000000e8000000, 0x0000000100000000, 0x0000000100000000)
 Metaspace       used 27314K, capacity 27728K, committed 27916K, reserved 1073152K
  class space    used 3167K, capacity 3320K, committed 3400K, reserved 1048576K
