OpenJDK 64-Bit Server VM (25.121-b13) for linux-amd64 JRE (1.8.0_121-8u121-b13-0ubuntu1.16.04.2-b13), built on Jan 23 2017 15:51:29 by "buildd" with gcc 5.4.0 20160609
Memory: 4k page, physical 7867764k(7420176k free), swap 8076284k(8076284k free)
CommandLine flags: -XX:CMSInitiatingOccupancyFraction=50 -XX:CMSMaxAbortablePrecleanTime=6000 -XX:+CMSParallelRemarkEnabled -XX:+CMSScavengeBeforeRemark -XX:ConcGCThreads=4 -XX:InitialHeapSize=536870912 -XX:MaxHeapSize=536870912 -XX:MaxTenuringThreshold=8 -XX:NewRatio=3 -XX:OldPLABSize=16 -XX:OnOutOfMemoryError=/opt/solr/bin/oom_solr.sh 8983 /var/solr/logs -XX:ParallelGCThreads=4 -XX:+ParallelRefProcEnabled -XX:PretenureSizeThreshold=67108864 -XX:+PrintGC -XX:+PrintGCApplicationStoppedTime -XX:+PrintGCDateStamps -XX:+PrintGCDetails -XX:+PrintGCTimeStamps -XX:+PrintHeapAtGC -XX:+PrintTenuringDistribution -XX:SurvivorRatio=4 -XX:TargetSurvivorRatio=90 -XX:ThreadStackSize=256 -XX:+UseCMSInitiatingOccupancyOnly -XX:+UseCompressedClassPointers -XX:+UseCompressedOops -XX:+UseConcMarkSweepGC -XX:+UseParNewGC 
2017-05-05T20:26:27.255+0200: 0,231: Total time for which application threads were stopped: 0,0000820 seconds, Stopping threads took: 0,0000135 seconds
2017-05-05T20:26:27.381+0200: 0,356: Total time for which application threads were stopped: 0,0001233 seconds, Stopping threads took: 0,0000224 seconds
2017-05-05T20:26:27.426+0200: 0,401: Total time for which application threads were stopped: 0,0001177 seconds, Stopping threads took: 0,0000229 seconds
2017-05-05T20:26:27.949+0200: 0,924: Total time for which application threads were stopped: 0,0001350 seconds, Stopping threads took: 0,0000164 seconds
2017-05-05T20:26:27.994+0200: 0,969: Total time for which application threads were stopped: 0,0001424 seconds, Stopping threads took: 0,0000266 seconds
2017-05-05T20:26:28.257+0200: 1,233: Total time for which application threads were stopped: 0,0001207 seconds, Stopping threads took: 0,0000116 seconds
2017-05-05T20:26:28.329+0200: 1,304: Total time for which application threads were stopped: 0,0001924 seconds, Stopping threads took: 0,0000255 seconds
2017-05-05T20:26:28.348+0200: 1,323: Total time for which application threads were stopped: 0,0002993 seconds, Stopping threads took: 0,0000478 seconds
2017-05-05T20:26:28.621+0200: 1,597: Total time for which application threads were stopped: 0,0010158 seconds, Stopping threads took: 0,0002054 seconds
2017-05-05T20:26:28.841+0200: 1,817: Total time for which application threads were stopped: 0,0002189 seconds, Stopping threads took: 0,0000203 seconds
2017-05-05T20:26:28.862+0200: 1,838: Total time for which application threads were stopped: 0,0002621 seconds, Stopping threads took: 0,0000181 seconds
2017-05-05T20:26:28.890+0200: 1,865: Total time for which application threads were stopped: 0,0002165 seconds, Stopping threads took: 0,0000254 seconds
2017-05-05T20:26:28.890+0200: 1,866: Total time for which application threads were stopped: 0,0001516 seconds, Stopping threads took: 0,0000096 seconds
2017-05-05T20:26:28.904+0200: 1,880: Total time for which application threads were stopped: 0,0002268 seconds, Stopping threads took: 0,0000275 seconds
2017-05-05T20:26:28.984+0200: 1,960: Total time for which application threads were stopped: 0,0003264 seconds, Stopping threads took: 0,0000351 seconds
2017-05-05T20:26:29.156+0200: 2,132: Total time for which application threads were stopped: 0,0002569 seconds, Stopping threads took: 0,0000310 seconds
{Heap before GC invocations=0 (full 0):
 par new generation   total 109248K, used 87424K [0x00000000e0000000, 0x00000000e8000000, 0x00000000e8000000)
  eden space 87424K, 100% used [0x00000000e0000000, 0x00000000e5560000, 0x00000000e5560000)
  from space 21824K,   0% used [0x00000000e5560000, 0x00000000e5560000, 0x00000000e6ab0000)
  to   space 21824K,   0% used [0x00000000e6ab0000, 0x00000000e6ab0000, 0x00000000e8000000)
 concurrent mark-sweep generation total 393216K, used 0K [0x00000000e8000000, 0x0000000100000000, 0x0000000100000000)
 Metaspace       used 17833K, capacity 18176K, committed 18304K, reserved 1064960K
  class space    used 2027K, capacity 2164K, committed 2176K, reserved 1048576K
2017-05-05T20:26:29.202+0200: 2,177: [GC (Allocation Failure) 2017-05-05T20:26:29.202+0200: 2,177: [ParNew
Desired survivor size 20112992 bytes, new threshold 8 (max 8)
- age   1:   11791624 bytes,   11791624 total
: 87424K->11625K(109248K), 0,0159723 secs] 87424K->11625K(502464K), 0,0160339 secs] [Times: user=0,03 sys=0,03, real=0,01 secs] 
Heap after GC invocations=1 (full 0):
 par new generation   total 109248K, used 11625K [0x00000000e0000000, 0x00000000e8000000, 0x00000000e8000000)
  eden space 87424K,   0% used [0x00000000e0000000, 0x00000000e0000000, 0x00000000e5560000)
  from space 21824K,  53% used [0x00000000e6ab0000, 0x00000000e760a728, 0x00000000e8000000)
  to   space 21824K,   0% used [0x00000000e5560000, 0x00000000e5560000, 0x00000000e6ab0000)
 concurrent mark-sweep generation total 393216K, used 0K [0x00000000e8000000, 0x0000000100000000, 0x0000000100000000)
 Metaspace       used 17833K, capacity 18176K, committed 18304K, reserved 1064960K
  class space    used 2027K, capacity 2164K, committed 2176K, reserved 1048576K
}
2017-05-05T20:26:29.218+0200: 2,193: Total time for which application threads were stopped: 0,0162706 seconds, Stopping threads took: 0,0000581 seconds
2017-05-05T20:26:29.580+0200: 2,556: Total time for which application threads were stopped: 0,0003251 seconds, Stopping threads took: 0,0000469 seconds
{Heap before GC invocations=1 (full 0):
 par new generation   total 109248K, used 99049K [0x00000000e0000000, 0x00000000e8000000, 0x00000000e8000000)
  eden space 87424K, 100% used [0x00000000e0000000, 0x00000000e5560000, 0x00000000e5560000)
  from space 21824K,  53% used [0x00000000e6ab0000, 0x00000000e760a728, 0x00000000e8000000)
  to   space 21824K,   0% used [0x00000000e5560000, 0x00000000e5560000, 0x00000000e6ab0000)
 concurrent mark-sweep generation total 393216K, used 0K [0x00000000e8000000, 0x0000000100000000, 0x0000000100000000)
 Metaspace       used 20011K, capacity 20372K, committed 20736K, reserved 1067008K
  class space    used 2297K, capacity 2474K, committed 2560K, reserved 1048576K
2017-05-05T20:26:29.610+0200: 2,586: [GC (Allocation Failure) 2017-05-05T20:26:29.610+0200: 2,586: [ParNew
Desired survivor size 20112992 bytes, new threshold 8 (max 8)
- age   1:    3906592 bytes,    3906592 total
- age   2:    6320792 bytes,   10227384 total
: 99049K->13134K(109248K), 0,0103009 secs] 99049K->13134K(502464K), 0,0103783 secs] [Times: user=0,04 sys=0,00, real=0,01 secs] 
Heap after GC invocations=2 (full 0):
 par new generation   total 109248K, used 13134K [0x00000000e0000000, 0x00000000e8000000, 0x00000000e8000000)
  eden space 87424K,   0% used [0x00000000e0000000, 0x00000000e0000000, 0x00000000e5560000)
  from space 21824K,  60% used [0x00000000e5560000, 0x00000000e6233ab8, 0x00000000e6ab0000)
  to   space 21824K,   0% used [0x00000000e6ab0000, 0x00000000e6ab0000, 0x00000000e8000000)
 concurrent mark-sweep generation total 393216K, used 0K [0x00000000e8000000, 0x0000000100000000, 0x0000000100000000)
 Metaspace       used 20011K, capacity 20372K, committed 20736K, reserved 1067008K
  class space    used 2297K, capacity 2474K, committed 2560K, reserved 1048576K
}
2017-05-05T20:26:29.621+0200: 2,596: Total time for which application threads were stopped: 0,0116668 seconds, Stopping threads took: 0,0011181 seconds
2017-05-05T20:26:29.634+0200: 2,610: Total time for which application threads were stopped: 0,0004044 seconds, Stopping threads took: 0,0000915 seconds
2017-05-05T20:26:29.687+0200: 2,663: Total time for which application threads were stopped: 0,0003865 seconds, Stopping threads took: 0,0000415 seconds
2017-05-05T20:26:29.820+0200: 2,795: Total time for which application threads were stopped: 0,0002125 seconds, Stopping threads took: 0,0000417 seconds
{Heap before GC invocations=2 (full 0):
 par new generation   total 109248K, used 100558K [0x00000000e0000000, 0x00000000e8000000, 0x00000000e8000000)
  eden space 87424K, 100% used [0x00000000e0000000, 0x00000000e5560000, 0x00000000e5560000)
  from space 21824K,  60% used [0x00000000e5560000, 0x00000000e6233ab8, 0x00000000e6ab0000)
  to   space 21824K,   0% used [0x00000000e6ab0000, 0x00000000e6ab0000, 0x00000000e8000000)
 concurrent mark-sweep generation total 393216K, used 0K [0x00000000e8000000, 0x0000000100000000, 0x0000000100000000)
 Metaspace       used 20967K, capacity 21300K, committed 21628K, reserved 1069056K
  class space    used 2419K, capacity 2594K, committed 2684K, reserved 1048576K
2017-05-05T20:26:29.850+0200: 2,825: [GC (Allocation Failure) 2017-05-05T20:26:29.850+0200: 2,826: [ParNew
Desired survivor size 20112992 bytes, new threshold 8 (max 8)
- age   1:    2243136 bytes,    2243136 total
- age   2:    1152448 bytes,    3395584 total
- age   3:    6317496 bytes,    9713080 total
: 100558K->12647K(109248K), 0,0153408 secs] 100558K->12647K(502464K), 0,0154185 secs] [Times: user=0,04 sys=0,00, real=0,02 secs] 
Heap after GC invocations=3 (full 0):
 par new generation   total 109248K, used 12647K [0x00000000e0000000, 0x00000000e8000000, 0x00000000e8000000)
  eden space 87424K,   0% used [0x00000000e0000000, 0x00000000e0000000, 0x00000000e5560000)
  from space 21824K,  57% used [0x00000000e6ab0000, 0x00000000e7709fd0, 0x00000000e8000000)
  to   space 21824K,   0% used [0x00000000e5560000, 0x00000000e5560000, 0x00000000e6ab0000)
 concurrent mark-sweep generation total 393216K, used 0K [0x00000000e8000000, 0x0000000100000000, 0x0000000100000000)
 Metaspace       used 20967K, capacity 21300K, committed 21628K, reserved 1069056K
  class space    used 2419K, capacity 2594K, committed 2684K, reserved 1048576K
}
2017-05-05T20:26:29.865+0200: 2,841: Total time for which application threads were stopped: 0,0157402 seconds, Stopping threads took: 0,0001763 seconds
2017-05-05T20:26:29.876+0200: 2,851: [GC (CMS Initial Mark) [1 CMS-initial-mark: 0K(393216K)] 20922K(502464K), 0,0045685 secs] [Times: user=0,01 sys=0,00, real=0,01 secs] 
2017-05-05T20:26:29.880+0200: 2,856: Total time for which application threads were stopped: 0,0047315 seconds, Stopping threads took: 0,0000553 seconds
2017-05-05T20:26:29.880+0200: 2,856: [CMS-concurrent-mark-start]
2017-05-05T20:26:29.881+0200: 2,857: [CMS-concurrent-mark: 0,001/0,001 secs] [Times: user=0,01 sys=0,00, real=0,00 secs] 
2017-05-05T20:26:29.881+0200: 2,857: [CMS-concurrent-preclean-start]
2017-05-05T20:26:29.882+0200: 2,858: [CMS-concurrent-preclean: 0,001/0,001 secs] [Times: user=0,00 sys=0,00, real=0,00 secs] 
2017-05-05T20:26:29.882+0200: 2,858: [CMS-concurrent-abortable-preclean-start]
2017-05-05T20:26:29.924+0200: 2,899: Total time for which application threads were stopped: 0,0018120 seconds, Stopping threads took: 0,0016996 seconds
{Heap before GC invocations=3 (full 1):
 par new generation   total 109248K, used 100071K [0x00000000e0000000, 0x00000000e8000000, 0x00000000e8000000)
  eden space 87424K, 100% used [0x00000000e0000000, 0x00000000e5560000, 0x00000000e5560000)
  from space 21824K,  57% used [0x00000000e6ab0000, 0x00000000e7709fd0, 0x00000000e8000000)
  to   space 21824K,   0% used [0x00000000e5560000, 0x00000000e5560000, 0x00000000e6ab0000)
 concurrent mark-sweep generation total 393216K, used 0K [0x00000000e8000000, 0x0000000100000000, 0x0000000100000000)
 Metaspace       used 21227K, capacity 21560K, committed 21884K, reserved 1069056K
  class space    used 2447K, capacity 2606K, committed 2684K, reserved 1048576K
2017-05-05T20:26:29.970+0200: 2,946: [GC (Allocation Failure) 2017-05-05T20:26:29.970+0200: 2,946: [ParNew
Desired survivor size 20112992 bytes, new threshold 8 (max 8)
- age   1:    1282128 bytes,    1282128 total
- age   2:    1493904 bytes,    2776032 total
- age   3:    1119560 bytes,    3895592 total
- age   4:    6317496 bytes,   10213088 total
: 100071K->13646K(109248K), 0,0146359 secs] 100071K->13646K(502464K), 0,0146951 secs] [Times: user=0,04 sys=0,00, real=0,01 secs] 
Heap after GC invocations=4 (full 1):
 par new generation   total 109248K, used 13646K [0x00000000e0000000, 0x00000000e8000000, 0x00000000e8000000)
  eden space 87424K,   0% used [0x00000000e0000000, 0x00000000e0000000, 0x00000000e5560000)
  from space 21824K,  62% used [0x00000000e5560000, 0x00000000e62b39c8, 0x00000000e6ab0000)
  to   space 21824K,   0% used [0x00000000e6ab0000, 0x00000000e6ab0000, 0x00000000e8000000)
 concurrent mark-sweep generation total 393216K, used 0K [0x00000000e8000000, 0x0000000100000000, 0x0000000100000000)
 Metaspace       used 21227K, capacity 21560K, committed 21884K, reserved 1069056K
  class space    used 2447K, capacity 2606K, committed 2684K, reserved 1048576K
}
2017-05-05T20:26:29.985+0200: 2,960: Total time for which application threads were stopped: 0,0170593 seconds, Stopping threads took: 0,0022478 seconds
2017-05-05T20:26:29.985+0200: 2,960: [CMS-concurrent-abortable-preclean: 0,041/0,103 secs] [Times: user=0,37 sys=0,00, real=0,10 secs] 
2017-05-05T20:26:29.985+0200: 2,961: [GC (CMS Final Remark) [YG occupancy: 14363 K (109248 K)]{Heap before GC invocations=4 (full 1):
 par new generation   total 109248K, used 14363K [0x00000000e0000000, 0x00000000e8000000, 0x00000000e8000000)
  eden space 87424K,   0% used [0x00000000e0000000, 0x00000000e00b3260, 0x00000000e5560000)
  from space 21824K,  62% used [0x00000000e5560000, 0x00000000e62b39c8, 0x00000000e6ab0000)
  to   space 21824K,   0% used [0x00000000e6ab0000, 0x00000000e6ab0000, 0x00000000e8000000)
 concurrent mark-sweep generation total 393216K, used 0K [0x00000000e8000000, 0x0000000100000000, 0x0000000100000000)
 Metaspace       used 21227K, capacity 21560K, committed 21884K, reserved 1069056K
  class space    used 2447K, capacity 2606K, committed 2684K, reserved 1048576K
2017-05-05T20:26:29.985+0200: 2,961: [GC (CMS Final Remark) 2017-05-05T20:26:29.985+0200: 2,961: [ParNew
Desired survivor size 20112992 bytes, new threshold 8 (max 8)
- age   1:      36992 bytes,      36992 total
- age   2:    1243888 bytes,    1280880 total
- age   3:    1493904 bytes,    2774784 total
- age   4:    1119560 bytes,    3894344 total
- age   5:    6317704 bytes,   10212048 total
: 14363K->12451K(109248K), 0,0091244 secs] 14363K->12451K(502464K), 0,0091599 secs] [Times: user=0,04 sys=0,00, real=0,01 secs] 
Heap after GC invocations=5 (full 1):
 par new generation   total 109248K, used 12451K [0x00000000e0000000, 0x00000000e8000000, 0x00000000e8000000)
  eden space 87424K,   0% used [0x00000000e0000000, 0x00000000e0000000, 0x00000000e5560000)
  from space 21824K,  57% used [0x00000000e6ab0000, 0x00000000e76d8f30, 0x00000000e8000000)
  to   space 21824K,   0% used [0x00000000e5560000, 0x00000000e5560000, 0x00000000e6ab0000)
 concurrent mark-sweep generation total 393216K, used 0K [0x00000000e8000000, 0x0000000100000000, 0x0000000100000000)
 Metaspace       used 21227K, capacity 21560K, committed 21884K, reserved 1069056K
  class space    used 2447K, capacity 2606K, committed 2684K, reserved 1048576K
}
2017-05-05T20:26:29.994+0200: 2,970: [Rescan (parallel) , 0,0032130 secs]2017-05-05T20:26:29.997+0200: 2,973: [weak refs processing, 0,0007357 secs]2017-05-05T20:26:29.998+0200: 2,974: [class unloading, 0,0027549 secs]2017-05-05T20:26:30.001+0200: 2,977: [scrub symbol table, 0,0025665 secs]2017-05-05T20:26:30.004+0200: 2,979: [scrub string table, 0,0004053 secs][1 CMS-remark: 0K(393216K)] 12451K(502464K), 0,0194522 secs] [Times: user=0,06 sys=0,00, real=0,02 secs] 
2017-05-05T20:26:30.004+0200: 2,980: Total time for which application threads were stopped: 0,0195616 seconds, Stopping threads took: 0,0000401 seconds
2017-05-05T20:26:30.005+0200: 2,980: [CMS-concurrent-sweep-start]
2017-05-05T20:26:30.005+0200: 2,980: [CMS-concurrent-sweep: 0,000/0,000 secs] [Times: user=0,00 sys=0,00, real=0,00 secs] 
2017-05-05T20:26:30.005+0200: 2,980: [CMS-concurrent-reset-start]
2017-05-05T20:26:30.007+0200: 2,983: [CMS-concurrent-reset: 0,002/0,002 secs] [Times: user=0,00 sys=0,01, real=0,00 secs] 
{Heap before GC invocations=5 (full 1):
 par new generation   total 109248K, used 99875K [0x00000000e0000000, 0x00000000e8000000, 0x00000000e8000000)
  eden space 87424K, 100% used [0x00000000e0000000, 0x00000000e5560000, 0x00000000e5560000)
  from space 21824K,  57% used [0x00000000e6ab0000, 0x00000000e76d8f30, 0x00000000e8000000)
  to   space 21824K,   0% used [0x00000000e5560000, 0x00000000e5560000, 0x00000000e6ab0000)
 concurrent mark-sweep generation total 393216K, used 0K [0x00000000e8000000, 0x0000000100000000, 0x0000000100000000)
 Metaspace       used 21362K, capacity 21800K, committed 21884K, reserved 1069056K
  class space    used 2467K, capacity 2641K, committed 2684K, reserved 1048576K
2017-05-05T20:26:30.102+0200: 3,078: [GC (Allocation Failure) 2017-05-05T20:26:30.102+0200: 3,078: [ParNew
Desired survivor size 20112992 bytes, new threshold 8 (max 8)
- age   1:     437472 bytes,     437472 total
- age   3:     165952 bytes,     603424 total
- age   4:    1493640 bytes,    2097064 total
- age   5:    1115576 bytes,    3212640 total
- age   6:    6317520 bytes,    9530160 total
: 99875K->15268K(109248K), 0,0094480 secs] 99875K->15268K(502464K), 0,0095280 secs] [Times: user=0,03 sys=0,00, real=0,01 secs] 
Heap after GC invocations=6 (full 1):
 par new generation   total 109248K, used 15268K [0x00000000e0000000, 0x00000000e8000000, 0x00000000e8000000)
  eden space 87424K,   0% used [0x00000000e0000000, 0x00000000e0000000, 0x00000000e5560000)
  from space 21824K,  69% used [0x00000000e5560000, 0x00000000e6449028, 0x00000000e6ab0000)
  to   space 21824K,   0% used [0x00000000e6ab0000, 0x00000000e6ab0000, 0x00000000e8000000)
 concurrent mark-sweep generation total 393216K, used 0K [0x00000000e8000000, 0x0000000100000000, 0x0000000100000000)
 Metaspace       used 21362K, capacity 21800K, committed 21884K, reserved 1069056K
  class space    used 2467K, capacity 2641K, committed 2684K, reserved 1048576K
}
2017-05-05T20:26:30.112+0200: 3,087: Total time for which application threads were stopped: 0,0097599 seconds, Stopping threads took: 0,0000656 seconds
2017-05-05T20:26:30.154+0200: 3,129: Total time for which application threads were stopped: 0,0003360 seconds, Stopping threads took: 0,0000228 seconds
2017-05-05T20:26:30.422+0200: 3,397: Total time for which application threads were stopped: 0,0004518 seconds, Stopping threads took: 0,0000646 seconds
2017-05-05T20:26:30.438+0200: 3,413: Total time for which application threads were stopped: 0,0003301 seconds, Stopping threads took: 0,0000196 seconds
2017-05-05T20:26:30.615+0200: 3,591: Total time for which application threads were stopped: 0,0002161 seconds, Stopping threads took: 0,0000441 seconds
{Heap before GC invocations=6 (full 1):
 par new generation   total 109248K, used 102883K [0x00000000e0000000, 0x00000000e8000000, 0x00000000e8000000)
  eden space 87424K, 100% used [0x00000000e0000000, 0x00000000e5560000, 0x00000000e5560000)
  from space 21824K,  70% used [0x00000000e5560000, 0x00000000e6478c78, 0x00000000e6ab0000)
  to   space 21824K,   0% used [0x00000000e6ab0000, 0x00000000e6ab0000, 0x00000000e8000000)
 concurrent mark-sweep generation total 393216K, used 0K [0x00000000e8000000, 0x0000000100000000, 0x0000000100000000)
 Metaspace       used 24152K, capacity 24626K, committed 24828K, reserved 1071104K
  class space    used 2842K, capacity 3048K, committed 3068K, reserved 1048576K
2017-05-05T20:26:30.625+0200: 3,601: [GC (GCLocker Initiated GC) 2017-05-05T20:26:30.625+0200: 3,601: [ParNew
Desired survivor size 20112992 bytes, new threshold 8 (max 8)
- age   1:    5747088 bytes,    5747088 total
- age   2:     126296 bytes,    5873384 total
- age   4:     164424 bytes,    6037808 total
- age   5:     324032 bytes,    6361840 total
- age   6:    1091216 bytes,    7453056 total
- age   7:    6309200 bytes,   13762256 total
: 102883K->15777K(109248K), 0,0208054 secs] 102883K->15777K(502464K), 0,0208909 secs] [Times: user=0,08 sys=0,00, real=0,02 secs] 
Heap after GC invocations=7 (full 1):
 par new generation   total 109248K, used 15777K [0x00000000e0000000, 0x00000000e8000000, 0x00000000e8000000)
  eden space 87424K,   0% used [0x00000000e0000000, 0x00000000e0000000, 0x00000000e5560000)
  from space 21824K,  72% used [0x00000000e6ab0000, 0x00000000e7a18560, 0x00000000e8000000)
  to   space 21824K,   0% used [0x00000000e5560000, 0x00000000e5560000, 0x00000000e6ab0000)
 concurrent mark-sweep generation total 393216K, used 0K [0x00000000e8000000, 0x0000000100000000, 0x0000000100000000)
 Metaspace       used 24152K, capacity 24626K, committed 24828K, reserved 1071104K
  class space    used 2842K, capacity 3048K, committed 3068K, reserved 1048576K
}
2017-05-05T20:26:30.646+0200: 3,622: Total time for which application threads were stopped: 0,0271785 seconds, Stopping threads took: 0,0061039 seconds
{Heap before GC invocations=7 (full 1):
 par new generation   total 109248K, used 103201K [0x00000000e0000000, 0x00000000e8000000, 0x00000000e8000000)
  eden space 87424K, 100% used [0x00000000e0000000, 0x00000000e5560000, 0x00000000e5560000)
  from space 21824K,  72% used [0x00000000e6ab0000, 0x00000000e7a18560, 0x00000000e8000000)
  to   space 21824K,   0% used [0x00000000e5560000, 0x00000000e5560000, 0x00000000e6ab0000)
 concurrent mark-sweep generation total 393216K, used 0K [0x00000000e8000000, 0x0000000100000000, 0x0000000100000000)
 Metaspace       used 24907K, capacity 25362K, committed 25724K, reserved 1071104K
  class space    used 2906K, capacity 3080K, committed 3196K, reserved 1048576K
2017-05-05T20:26:30.792+0200: 3,768: [GC (Allocation Failure) 2017-05-05T20:26:30.792+0200: 3,768: [ParNew
Desired survivor size 20112992 bytes, new threshold 8 (max 8)
- age   1:    1975024 bytes,    1975024 total
- age   2:    1831712 bytes,    3806736 total
- age   3:      59928 bytes,    3866664 total
- age   5:      97824 bytes,    3964488 total
- age   6:     185312 bytes,    4149800 total
- age   7:     820296 bytes,    4970096 total
- age   8:    6042088 bytes,   11012184 total
: 103201K->19611K(109248K), 0,0212013 secs] 103201K->19611K(502464K), 0,0212866 secs] [Times: user=0,07 sys=0,00, real=0,02 secs] 
Heap after GC invocations=8 (full 1):
 par new generation   total 109248K, used 19611K [0x00000000e0000000, 0x00000000e8000000, 0x00000000e8000000)
  eden space 87424K,   0% used [0x00000000e0000000, 0x00000000e0000000, 0x00000000e5560000)
  from space 21824K,  89% used [0x00000000e5560000, 0x00000000e6886f40, 0x00000000e6ab0000)
  to   space 21824K,   0% used [0x00000000e6ab0000, 0x00000000e6ab0000, 0x00000000e8000000)
 concurrent mark-sweep generation total 393216K, used 0K [0x00000000e8000000, 0x0000000100000000, 0x0000000100000000)
 Metaspace       used 24907K, capacity 25362K, committed 25724K, reserved 1071104K
  class space    used 2906K, capacity 3080K, committed 3196K, reserved 1048576K
}
2017-05-05T20:26:30.814+0200: 3,789: Total time for which application threads were stopped: 0,0215413 seconds, Stopping threads took: 0,0000347 seconds
{Heap before GC invocations=8 (full 1):
 par new generation   total 109248K, used 107035K [0x00000000e0000000, 0x00000000e8000000, 0x00000000e8000000)
  eden space 87424K, 100% used [0x00000000e0000000, 0x00000000e5560000, 0x00000000e5560000)
  from space 21824K,  89% used [0x00000000e5560000, 0x00000000e6886f40, 0x00000000e6ab0000)
  to   space 21824K,   0% used [0x00000000e6ab0000, 0x00000000e6ab0000, 0x00000000e8000000)
 concurrent mark-sweep generation total 393216K, used 0K [0x00000000e8000000, 0x0000000100000000, 0x0000000100000000)
 Metaspace       used 25245K, capacity 25750K, committed 25980K, reserved 1073152K
  class space    used 2930K, capacity 3122K, committed 3196K, reserved 1048576K
2017-05-05T20:26:30.950+0200: 3,926: [GC (Allocation Failure) 2017-05-05T20:26:30.950+0200: 3,926: [ParNew
Desired survivor size 20112992 bytes, new threshold 8 (max 8)
- age   1:    1207624 bytes,    1207624 total
- age   2:    1135120 bytes,    2342744 total
- age   3:    1779368 bytes,    4122112 total
- age   4:      59928 bytes,    4182040 total
- age   6:      97616 bytes,    4279656 total
- age   7:     185312 bytes,    4464968 total
- age   8:     820296 bytes,    5285264 total
: 107035K->7227K(109248K), 0,0346282 secs] 107035K->13209K(502464K), 0,0347098 secs] [Times: user=0,08 sys=0,01, real=0,03 secs] 
Heap after GC invocations=9 (full 1):
 par new generation   total 109248K, used 7227K [0x00000000e0000000, 0x00000000e8000000, 0x00000000e8000000)
  eden space 87424K,   0% used [0x00000000e0000000, 0x00000000e0000000, 0x00000000e5560000)
  from space 21824K,  33% used [0x00000000e6ab0000, 0x00000000e71bec60, 0x00000000e8000000)
  to   space 21824K,   0% used [0x00000000e5560000, 0x00000000e5560000, 0x00000000e6ab0000)
 concurrent mark-sweep generation total 393216K, used 5982K [0x00000000e8000000, 0x0000000100000000, 0x0000000100000000)
 Metaspace       used 25245K, capacity 25750K, committed 25980K, reserved 1073152K
  class space    used 2930K, capacity 3122K, committed 3196K, reserved 1048576K
}
2017-05-05T20:26:30.985+0200: 3,961: Total time for which application threads were stopped: 0,0349209 seconds, Stopping threads took: 0,0000528 seconds
2017-05-05T20:26:31.082+0200: 4,058: Total time for which application threads were stopped: 0,0003668 seconds, Stopping threads took: 0,0000638 seconds
2017-05-05T20:26:31.134+0200: 4,109: Total time for which application threads were stopped: 0,0005000 seconds, Stopping threads took: 0,0000846 seconds
2017-05-05T20:26:31.142+0200: 4,118: Total time for which application threads were stopped: 0,0002577 seconds, Stopping threads took: 0,0001682 seconds
2017-05-05T20:26:31.168+0200: 4,144: Total time for which application threads were stopped: 0,0001890 seconds, Stopping threads took: 0,0000957 seconds
2017-05-05T20:26:31.168+0200: 4,144: Total time for which application threads were stopped: 0,0000732 seconds, Stopping threads took: 0,0000126 seconds
2017-05-05T20:26:31.174+0200: 4,150: Total time for which application threads were stopped: 0,0001438 seconds, Stopping threads took: 0,0000657 seconds
2017-05-05T20:26:31.178+0200: 4,154: Total time for which application threads were stopped: 0,0001057 seconds, Stopping threads took: 0,0000362 seconds
2017-05-05T20:26:31.180+0200: 4,155: Total time for which application threads were stopped: 0,0004845 seconds, Stopping threads took: 0,0004103 seconds
2017-05-05T20:26:31.202+0200: 4,177: Total time for which application threads were stopped: 0,0001794 seconds, Stopping threads took: 0,0000405 seconds
2017-05-05T20:26:31.206+0200: 4,182: Total time for which application threads were stopped: 0,0000781 seconds, Stopping threads took: 0,0000175 seconds
2017-05-05T20:26:31.208+0200: 4,183: Total time for which application threads were stopped: 0,0000596 seconds, Stopping threads took: 0,0000138 seconds
2017-05-05T20:26:31.210+0200: 4,185: Total time for which application threads were stopped: 0,0003246 seconds, Stopping threads took: 0,0000136 seconds
2017-05-05T20:26:31.211+0200: 4,186: Total time for which application threads were stopped: 0,0000673 seconds, Stopping threads took: 0,0000130 seconds
2017-05-05T20:26:31.212+0200: 4,188: Total time for which application threads were stopped: 0,0001470 seconds, Stopping threads took: 0,0000829 seconds
2017-05-05T20:26:31.218+0200: 4,194: Total time for which application threads were stopped: 0,0001016 seconds, Stopping threads took: 0,0000268 seconds
2017-05-05T20:26:31.222+0200: 4,197: Total time for which application threads were stopped: 0,0001530 seconds, Stopping threads took: 0,0000706 seconds
2017-05-05T20:26:31.222+0200: 4,198: Total time for which application threads were stopped: 0,0003503 seconds, Stopping threads took: 0,0000139 seconds
2017-05-05T20:26:31.230+0200: 4,206: Total time for which application threads were stopped: 0,0001250 seconds, Stopping threads took: 0,0000383 seconds
2017-05-05T20:26:31.234+0200: 4,209: Total time for which application threads were stopped: 0,0021117 seconds, Stopping threads took: 0,0020344 seconds
2017-05-05T20:26:31.270+0200: 4,246: Total time for which application threads were stopped: 0,0002050 seconds, Stopping threads took: 0,0001050 seconds
2017-05-05T20:26:31.274+0200: 4,250: Total time for which application threads were stopped: 0,0001838 seconds, Stopping threads took: 0,0000907 seconds
2017-05-05T20:26:31.275+0200: 4,251: Total time for which application threads were stopped: 0,0004007 seconds, Stopping threads took: 0,0000618 seconds
2017-05-05T20:26:31.276+0200: 4,252: Total time for which application threads were stopped: 0,0001227 seconds, Stopping threads took: 0,0000373 seconds
2017-05-05T20:26:31.282+0200: 4,258: Total time for which application threads were stopped: 0,0042826 seconds, Stopping threads took: 0,0041962 seconds
2017-05-05T20:26:31.282+0200: 4,258: Total time for which application threads were stopped: 0,0001138 seconds, Stopping threads took: 0,0000627 seconds
2017-05-05T20:26:31.293+0200: 4,268: Total time for which application threads were stopped: 0,0000985 seconds, Stopping threads took: 0,0000277 seconds
2017-05-05T20:26:31.293+0200: 4,269: Total time for which application threads were stopped: 0,0001065 seconds, Stopping threads took: 0,0000343 seconds
2017-05-05T20:26:31.301+0200: 4,276: Total time for which application threads were stopped: 0,0001056 seconds, Stopping threads took: 0,0000365 seconds
2017-05-05T20:26:31.301+0200: 4,277: Total time for which application threads were stopped: 0,0000889 seconds, Stopping threads took: 0,0000255 seconds
2017-05-05T20:26:31.302+0200: 4,277: Total time for which application threads were stopped: 0,0000766 seconds, Stopping threads took: 0,0000187 seconds
2017-05-05T20:26:31.302+0200: 4,278: Total time for which application threads were stopped: 0,0000875 seconds, Stopping threads took: 0,0000149 seconds
2017-05-05T20:26:31.303+0200: 4,279: Total time for which application threads were stopped: 0,0001940 seconds, Stopping threads took: 0,0000314 seconds
2017-05-05T20:26:31.303+0200: 4,279: Total time for which application threads were stopped: 0,0000686 seconds, Stopping threads took: 0,0000152 seconds
2017-05-05T20:26:31.304+0200: 4,279: Total time for which application threads were stopped: 0,0000749 seconds, Stopping threads took: 0,0000221 seconds
2017-05-05T20:26:31.304+0200: 4,279: Total time for which application threads were stopped: 0,0000624 seconds, Stopping threads took: 0,0000116 seconds
2017-05-05T20:26:31.304+0200: 4,279: Total time for which application threads were stopped: 0,0000599 seconds, Stopping threads took: 0,0000164 seconds
2017-05-05T20:26:31.304+0200: 4,280: Total time for which application threads were stopped: 0,0000692 seconds, Stopping threads took: 0,0000216 seconds
2017-05-05T20:26:31.304+0200: 4,280: Total time for which application threads were stopped: 0,0000616 seconds, Stopping threads took: 0,0000169 seconds
2017-05-05T20:26:31.304+0200: 4,280: Total time for which application threads were stopped: 0,0000528 seconds, Stopping threads took: 0,0000105 seconds
2017-05-05T20:26:31.304+0200: 4,280: Total time for which application threads were stopped: 0,0000482 seconds, Stopping threads took: 0,0000149 seconds
2017-05-05T20:26:31.304+0200: 4,280: Total time for which application threads were stopped: 0,0000503 seconds, Stopping threads took: 0,0000167 seconds
2017-05-05T20:26:31.305+0200: 4,280: Total time for which application threads were stopped: 0,0000854 seconds, Stopping threads took: 0,0000281 seconds
2017-05-05T20:26:31.305+0200: 4,281: Total time for which application threads were stopped: 0,0004803 seconds, Stopping threads took: 0,0004376 seconds
2017-05-05T20:26:31.306+0200: 4,281: Total time for which application threads were stopped: 0,0000617 seconds, Stopping threads took: 0,0000195 seconds
2017-05-05T20:26:31.306+0200: 4,281: Total time for which application threads were stopped: 0,0000493 seconds, Stopping threads took: 0,0000133 seconds
2017-05-05T20:26:31.306+0200: 4,281: Total time for which application threads were stopped: 0,0000603 seconds, Stopping threads took: 0,0000188 seconds
2017-05-05T20:26:31.306+0200: 4,282: Total time for which application threads were stopped: 0,0000649 seconds, Stopping threads took: 0,0000200 seconds
2017-05-05T20:26:31.308+0200: 4,284: Total time for which application threads were stopped: 0,0003007 seconds, Stopping threads took: 0,0002175 seconds
2017-05-05T20:26:31.309+0200: 4,284: Total time for which application threads were stopped: 0,0001290 seconds, Stopping threads took: 0,0000577 seconds
2017-05-05T20:26:31.309+0200: 4,284: Total time for which application threads were stopped: 0,0000901 seconds, Stopping threads took: 0,0000536 seconds
2017-05-05T20:26:31.309+0200: 4,285: Total time for which application threads were stopped: 0,0001554 seconds, Stopping threads took: 0,0001180 seconds
2017-05-05T20:26:31.309+0200: 4,285: Total time for which application threads were stopped: 0,0001429 seconds, Stopping threads took: 0,0000203 seconds
2017-05-05T20:26:31.311+0200: 4,287: Total time for which application threads were stopped: 0,0000995 seconds, Stopping threads took: 0,0000354 seconds
2017-05-05T20:26:31.313+0200: 4,289: Total time for which application threads were stopped: 0,0001113 seconds, Stopping threads took: 0,0000418 seconds
2017-05-05T20:26:31.316+0200: 4,291: Total time for which application threads were stopped: 0,0001337 seconds, Stopping threads took: 0,0000456 seconds
2017-05-05T20:26:31.326+0200: 4,301: Total time for which application threads were stopped: 0,0001100 seconds, Stopping threads took: 0,0000273 seconds
2017-05-05T20:26:31.349+0200: 4,324: Total time for which application threads were stopped: 0,0001647 seconds, Stopping threads took: 0,0000713 seconds
2017-05-05T20:26:31.358+0200: 4,334: Total time for which application threads were stopped: 0,0001431 seconds, Stopping threads took: 0,0000695 seconds
2017-05-05T20:26:31.377+0200: 4,352: Total time for which application threads were stopped: 0,0004334 seconds, Stopping threads took: 0,0000468 seconds
2017-05-05T20:26:31.377+0200: 4,353: Total time for which application threads were stopped: 0,0001500 seconds, Stopping threads took: 0,0000787 seconds
2017-05-05T20:26:31.377+0200: 4,353: Total time for which application threads were stopped: 0,0001499 seconds, Stopping threads took: 0,0000952 seconds
2017-05-05T20:26:31.401+0200: 4,377: Total time for which application threads were stopped: 0,0001000 seconds, Stopping threads took: 0,0000421 seconds
2017-05-05T20:26:31.401+0200: 4,377: Total time for which application threads were stopped: 0,0000553 seconds, Stopping threads took: 0,0000281 seconds
2017-05-05T20:26:33.402+0200: 6,377: Total time for which application threads were stopped: 0,0000673 seconds, Stopping threads took: 0,0000190 seconds
{Heap before GC invocations=9 (full 1):
 par new generation   total 109248K, used 94651K [0x00000000e0000000, 0x00000000e8000000, 0x00000000e8000000)
  eden space 87424K, 100% used [0x00000000e0000000, 0x00000000e5560000, 0x00000000e5560000)
  from space 21824K,  33% used [0x00000000e6ab0000, 0x00000000e71bec60, 0x00000000e8000000)
  to   space 21824K,   0% used [0x00000000e5560000, 0x00000000e5560000, 0x00000000e6ab0000)
 concurrent mark-sweep generation total 393216K, used 5982K [0x00000000e8000000, 0x0000000100000000, 0x0000000100000000)
 Metaspace       used 27963K, capacity 28492K, committed 28796K, reserved 1075200K
  class space    used 3214K, capacity 3391K, committed 3452K, reserved 1048576K
2017-05-05T20:26:38.271+0200: 11,246: [GC (Allocation Failure) 2017-05-05T20:26:38.271+0200: 11,246: [ParNew
Desired survivor size 20112992 bytes, new threshold 8 (max 8)
- age   1:   10314776 bytes,   10314776 total
- age   2:     237688 bytes,   10552464 total
- age   3:     350712 bytes,   10903176 total
- age   4:    1774544 bytes,   12677720 total
- age   5:      59928 bytes,   12737648 total
- age   7:      97488 bytes,   12835136 total
- age   8:     185216 bytes,   13020352 total
: 94651K->14736K(109248K), 0,0561930 secs] 100633K->21613K(502464K), 0,0565463 secs] [Times: user=0,08 sys=0,00, real=0,05 secs] 
