OpenJDK 64-Bit Server VM (25.131-b11) for linux-amd64 JRE (1.8.0_131-8u131-b11-0ubuntu1.16.04.2-b11), built on May  6 2017 02:45:27 by "buildd" with gcc 5.4.0 20160609
Memory: 4k page, physical 7867740k(7397492k free), swap 8076284k(8076284k free)
CommandLine flags: -XX:CMSInitiatingOccupancyFraction=50 -XX:CMSMaxAbortablePrecleanTime=6000 -XX:+CMSParallelRemarkEnabled -XX:+CMSScavengeBeforeRemark -XX:ConcGCThreads=4 -XX:InitialHeapSize=536870912 -XX:MaxHeapSize=536870912 -XX:MaxTenuringThreshold=8 -XX:NewRatio=3 -XX:OldPLABSize=16 -XX:OnOutOfMemoryError=/opt/solr/bin/oom_solr.sh 8983 /var/solr/logs -XX:ParallelGCThreads=4 -XX:+ParallelRefProcEnabled -XX:PretenureSizeThreshold=67108864 -XX:+PrintGC -XX:+PrintGCApplicationStoppedTime -XX:+PrintGCDateStamps -XX:+PrintGCDetails -XX:+PrintGCTimeStamps -XX:+PrintHeapAtGC -XX:+PrintTenuringDistribution -XX:SurvivorRatio=4 -XX:TargetSurvivorRatio=90 -XX:ThreadStackSize=256 -XX:+UseCMSInitiatingOccupancyOnly -XX:+UseCompressedClassPointers -XX:+UseCompressedOops -XX:+UseConcMarkSweepGC -XX:+UseParNewGC 
2017-05-20T01:30:35.777+0200: 0,130: Total time for which application threads were stopped: 0,0000980 seconds, Stopping threads took: 0,0000160 seconds
2017-05-20T01:30:35.864+0200: 0,216: Total time for which application threads were stopped: 0,0000877 seconds, Stopping threads took: 0,0000118 seconds
2017-05-20T01:30:35.880+0200: 0,232: Total time for which application threads were stopped: 0,0000958 seconds, Stopping threads took: 0,0000169 seconds
2017-05-20T01:30:36.498+0200: 0,851: Total time for which application threads were stopped: 0,0002028 seconds, Stopping threads took: 0,0000164 seconds
2017-05-20T01:30:36.612+0200: 0,964: Total time for which application threads were stopped: 0,0002111 seconds, Stopping threads took: 0,0000280 seconds
2017-05-20T01:30:36.634+0200: 0,987: Total time for which application threads were stopped: 0,0002018 seconds, Stopping threads took: 0,0000341 seconds
2017-05-20T01:30:36.960+0200: 1,313: Total time for which application threads were stopped: 0,0001882 seconds, Stopping threads took: 0,0000182 seconds
2017-05-20T01:30:37.187+0200: 1,540: Total time for which application threads were stopped: 0,0001976 seconds, Stopping threads took: 0,0000157 seconds
2017-05-20T01:30:37.214+0200: 1,566: Total time for which application threads were stopped: 0,0003096 seconds, Stopping threads took: 0,0000375 seconds
2017-05-20T01:30:37.251+0200: 1,603: Total time for which application threads were stopped: 0,0002563 seconds, Stopping threads took: 0,0000212 seconds
2017-05-20T01:30:37.252+0200: 1,605: Total time for which application threads were stopped: 0,0001858 seconds, Stopping threads took: 0,0000174 seconds
2017-05-20T01:30:37.274+0200: 1,626: Total time for which application threads were stopped: 0,0001853 seconds, Stopping threads took: 0,0000200 seconds
2017-05-20T01:30:37.372+0200: 1,725: Total time for which application threads were stopped: 0,0002942 seconds, Stopping threads took: 0,0000251 seconds
2017-05-20T01:30:37.551+0200: 1,903: Total time for which application threads were stopped: 0,0005112 seconds, Stopping threads took: 0,0002951 seconds
{Heap before GC invocations=0 (full 0):
 par new generation   total 109248K, used 87424K [0x00000000e0000000, 0x00000000e8000000, 0x00000000e8000000)
  eden space 87424K, 100% used [0x00000000e0000000, 0x00000000e5560000, 0x00000000e5560000)
  from space 21824K,   0% used [0x00000000e5560000, 0x00000000e5560000, 0x00000000e6ab0000)
  to   space 21824K,   0% used [0x00000000e6ab0000, 0x00000000e6ab0000, 0x00000000e8000000)
 concurrent mark-sweep generation total 393216K, used 0K [0x00000000e8000000, 0x0000000100000000, 0x0000000100000000)
 Metaspace       used 18020K, capacity 18336K, committed 18688K, reserved 1064960K
  class space    used 2036K, capacity 2196K, committed 2304K, reserved 1048576K
2017-05-20T01:30:37.632+0200: 1,985: [GC (Allocation Failure) 2017-05-20T01:30:37.632+0200: 1,985: [ParNew
Desired survivor size 20112992 bytes, new threshold 8 (max 8)
- age   1:   12380776 bytes,   12380776 total
: 87424K->12201K(109248K), 0,0165695 secs] 87424K->12201K(502464K), 0,0166549 secs] [Times: user=0,06 sys=0,00, real=0,02 secs] 
Heap after GC invocations=1 (full 0):
 par new generation   total 109248K, used 12201K [0x00000000e0000000, 0x00000000e8000000, 0x00000000e8000000)
  eden space 87424K,   0% used [0x00000000e0000000, 0x00000000e0000000, 0x00000000e5560000)
  from space 21824K,  55% used [0x00000000e6ab0000, 0x00000000e769a7b0, 0x00000000e8000000)
  to   space 21824K,   0% used [0x00000000e5560000, 0x00000000e5560000, 0x00000000e6ab0000)
 concurrent mark-sweep generation total 393216K, used 0K [0x00000000e8000000, 0x0000000100000000, 0x0000000100000000)
 Metaspace       used 18020K, capacity 18336K, committed 18688K, reserved 1064960K
  class space    used 2036K, capacity 2196K, committed 2304K, reserved 1048576K
}
2017-05-20T01:30:37.649+0200: 2,001: Total time for which application threads were stopped: 0,0168848 seconds, Stopping threads took: 0,0000594 seconds
2017-05-20T01:30:37.989+0200: 2,341: Total time for which application threads were stopped: 0,0002966 seconds, Stopping threads took: 0,0000429 seconds
2017-05-20T01:30:38.020+0200: 2,372: Total time for which application threads were stopped: 0,0003360 seconds, Stopping threads took: 0,0000736 seconds
{Heap before GC invocations=1 (full 0):
 par new generation   total 109248K, used 99625K [0x00000000e0000000, 0x00000000e8000000, 0x00000000e8000000)
  eden space 87424K, 100% used [0x00000000e0000000, 0x00000000e5560000, 0x00000000e5560000)
  from space 21824K,  55% used [0x00000000e6ab0000, 0x00000000e769a7b0, 0x00000000e8000000)
  to   space 21824K,   0% used [0x00000000e5560000, 0x00000000e5560000, 0x00000000e6ab0000)
 concurrent mark-sweep generation total 393216K, used 0K [0x00000000e8000000, 0x0000000100000000, 0x0000000100000000)
 Metaspace       used 20066K, capacity 20434K, committed 20736K, reserved 1067008K
  class space    used 2299K, capacity 2473K, committed 2560K, reserved 1048576K
2017-05-20T01:30:38.025+0200: 2,378: [GC (Allocation Failure) 2017-05-20T01:30:38.025+0200: 2,378: [ParNew
Desired survivor size 20112992 bytes, new threshold 8 (max 8)
- age   1:    3669992 bytes,    3669992 total
- age   2:    6647424 bytes,   10317416 total
: 99625K->13665K(109248K), 0,0099532 secs] 99625K->13665K(502464K), 0,0100206 secs] [Times: user=0,03 sys=0,00, real=0,02 secs] 
Heap after GC invocations=2 (full 0):
 par new generation   total 109248K, used 13665K [0x00000000e0000000, 0x00000000e8000000, 0x00000000e8000000)
  eden space 87424K,   0% used [0x00000000e0000000, 0x00000000e0000000, 0x00000000e5560000)
  from space 21824K,  62% used [0x00000000e5560000, 0x00000000e62b8508, 0x00000000e6ab0000)
  to   space 21824K,   0% used [0x00000000e6ab0000, 0x00000000e6ab0000, 0x00000000e8000000)
 concurrent mark-sweep generation total 393216K, used 0K [0x00000000e8000000, 0x0000000100000000, 0x0000000100000000)
 Metaspace       used 20066K, capacity 20434K, committed 20736K, reserved 1067008K
  class space    used 2299K, capacity 2473K, committed 2560K, reserved 1048576K
}
2017-05-20T01:30:38.035+0200: 2,388: Total time for which application threads were stopped: 0,0102553 seconds, Stopping threads took: 0,0001091 seconds
2017-05-20T01:30:38.068+0200: 2,421: Total time for which application threads were stopped: 0,0003251 seconds, Stopping threads took: 0,0000274 seconds
2017-05-20T01:30:38.198+0200: 2,550: Total time for which application threads were stopped: 0,0015172 seconds, Stopping threads took: 0,0013747 seconds
{Heap before GC invocations=2 (full 0):
 par new generation   total 109248K, used 101089K [0x00000000e0000000, 0x00000000e8000000, 0x00000000e8000000)
  eden space 87424K, 100% used [0x00000000e0000000, 0x00000000e5560000, 0x00000000e5560000)
  from space 21824K,  62% used [0x00000000e5560000, 0x00000000e62b8508, 0x00000000e6ab0000)
  to   space 21824K,   0% used [0x00000000e6ab0000, 0x00000000e6ab0000, 0x00000000e8000000)
 concurrent mark-sweep generation total 393216K, used 0K [0x00000000e8000000, 0x0000000100000000, 0x0000000100000000)
 Metaspace       used 20995K, capacity 21292K, committed 21628K, reserved 1069056K
  class space    used 2420K, capacity 2592K, committed 2684K, reserved 1048576K
2017-05-20T01:30:38.238+0200: 2,590: [GC (Allocation Failure) 2017-05-20T01:30:38.238+0200: 2,590: [ParNew
Desired survivor size 20112992 bytes, new threshold 8 (max 8)
- age   1:    2099312 bytes,    2099312 total
- age   2:     853296 bytes,    2952608 total
- age   3:    6643312 bytes,    9595920 total
: 101089K->11460K(109248K), 0,0117664 secs] 101089K->11460K(502464K), 0,0118588 secs] [Times: user=0,04 sys=0,00, real=0,01 secs] 
Heap after GC invocations=3 (full 0):
 par new generation   total 109248K, used 11460K [0x00000000e0000000, 0x00000000e8000000, 0x00000000e8000000)
  eden space 87424K,   0% used [0x00000000e0000000, 0x00000000e0000000, 0x00000000e5560000)
  from space 21824K,  52% used [0x00000000e6ab0000, 0x00000000e75e1300, 0x00000000e8000000)
  to   space 21824K,   0% used [0x00000000e5560000, 0x00000000e5560000, 0x00000000e6ab0000)
 concurrent mark-sweep generation total 393216K, used 0K [0x00000000e8000000, 0x0000000100000000, 0x0000000100000000)
 Metaspace       used 20995K, capacity 21292K, committed 21628K, reserved 1069056K
  class space    used 2420K, capacity 2592K, committed 2684K, reserved 1048576K
}
2017-05-20T01:30:38.250+0200: 2,602: Total time for which application threads were stopped: 0,0120550 seconds, Stopping threads took: 0,0000419 seconds
2017-05-20T01:30:38.250+0200: 2,602: [GC (CMS Initial Mark) [1 CMS-initial-mark: 0K(393216K)] 11492K(502464K), 0,0034188 secs] [Times: user=0,01 sys=0,00, real=0,00 secs] 
2017-05-20T01:30:38.253+0200: 2,606: Total time for which application threads were stopped: 0,0036261 seconds, Stopping threads took: 0,0001190 seconds
2017-05-20T01:30:38.253+0200: 2,606: [CMS-concurrent-mark-start]
2017-05-20T01:30:38.254+0200: 2,607: [CMS-concurrent-mark: 0,001/0,001 secs] [Times: user=0,00 sys=0,01, real=0,01 secs] 
2017-05-20T01:30:38.254+0200: 2,607: [CMS-concurrent-preclean-start]
2017-05-20T01:30:38.256+0200: 2,608: [CMS-concurrent-preclean: 0,001/0,001 secs] [Times: user=0,01 sys=0,00, real=0,00 secs] 
2017-05-20T01:30:38.256+0200: 2,608: [CMS-concurrent-abortable-preclean-start]
2017-05-20T01:30:38.313+0200: 2,665: Total time for which application threads were stopped: 0,0001863 seconds, Stopping threads took: 0,0000738 seconds
{Heap before GC invocations=3 (full 1):
 par new generation   total 109248K, used 98884K [0x00000000e0000000, 0x00000000e8000000, 0x00000000e8000000)
  eden space 87424K, 100% used [0x00000000e0000000, 0x00000000e5560000, 0x00000000e5560000)
  from space 21824K,  52% used [0x00000000e6ab0000, 0x00000000e75e1300, 0x00000000e8000000)
  to   space 21824K,   0% used [0x00000000e5560000, 0x00000000e5560000, 0x00000000e6ab0000)
 concurrent mark-sweep generation total 393216K, used 0K [0x00000000e8000000, 0x0000000100000000, 0x0000000100000000)
 Metaspace       used 21261K, capacity 21632K, committed 21884K, reserved 1069056K
  class space    used 2449K, capacity 2607K, committed 2684K, reserved 1048576K
2017-05-20T01:30:38.373+0200: 2,726: [GC (Allocation Failure) 2017-05-20T01:30:38.373+0200: 2,726: [ParNew
Desired survivor size 20112992 bytes, new threshold 8 (max 8)
- age   1:    1376824 bytes,    1376824 total
- age   2:    1469944 bytes,    2846768 total
- age   3:     819984 bytes,    3666752 total
- age   4:    6643376 bytes,   10310128 total
: 98884K->14806K(109248K), 0,0117788 secs] 98884K->14806K(502464K), 0,0118508 secs] [Times: user=0,05 sys=0,00, real=0,01 secs] 
Heap after GC invocations=4 (full 1):
 par new generation   total 109248K, used 14806K [0x00000000e0000000, 0x00000000e8000000, 0x00000000e8000000)
  eden space 87424K,   0% used [0x00000000e0000000, 0x00000000e0000000, 0x00000000e5560000)
  from space 21824K,  67% used [0x00000000e5560000, 0x00000000e63d5a20, 0x00000000e6ab0000)
  to   space 21824K,   0% used [0x00000000e6ab0000, 0x00000000e6ab0000, 0x00000000e8000000)
 concurrent mark-sweep generation total 393216K, used 0K [0x00000000e8000000, 0x0000000100000000, 0x0000000100000000)
 Metaspace       used 21261K, capacity 21632K, committed 21884K, reserved 1069056K
  class space    used 2449K, capacity 2607K, committed 2684K, reserved 1048576K
}
2017-05-20T01:30:38.385+0200: 2,738: Total time for which application threads were stopped: 0,0148776 seconds, Stopping threads took: 0,0028659 seconds
2017-05-20T01:30:38.385+0200: 2,738: [CMS-concurrent-abortable-preclean: 0,058/0,129 secs] [Times: user=0,47 sys=0,00, real=0,12 secs] 
2017-05-20T01:30:38.385+0200: 2,738: [GC (CMS Final Remark) [YG occupancy: 16157 K (109248 K)]{Heap before GC invocations=4 (full 1):
 par new generation   total 109248K, used 16157K [0x00000000e0000000, 0x00000000e8000000, 0x00000000e8000000)
  eden space 87424K,   1% used [0x00000000e0000000, 0x00000000e0151a08, 0x00000000e5560000)
  from space 21824K,  67% used [0x00000000e5560000, 0x00000000e63d5a20, 0x00000000e6ab0000)
  to   space 21824K,   0% used [0x00000000e6ab0000, 0x00000000e6ab0000, 0x00000000e8000000)
 concurrent mark-sweep generation total 393216K, used 0K [0x00000000e8000000, 0x0000000100000000, 0x0000000100000000)
 Metaspace       used 21261K, capacity 21632K, committed 21884K, reserved 1069056K
  class space    used 2449K, capacity 2607K, committed 2684K, reserved 1048576K
2017-05-20T01:30:38.385+0200: 2,738: [GC (CMS Final Remark) 2017-05-20T01:30:38.385+0200: 2,738: [ParNew
Desired survivor size 20112992 bytes, new threshold 8 (max 8)
- age   1:     129376 bytes,     129376 total
- age   2:    1174736 bytes,    1304112 total
- age   3:    1469944 bytes,    2774056 total
- age   4:     819984 bytes,    3594040 total
- age   5:    6643512 bytes,   10237552 total
: 16157K->11781K(109248K), 0,0097092 secs] 16157K->11781K(502464K), 0,0097504 secs] [Times: user=0,03 sys=0,00, real=0,02 secs] 
Heap after GC invocations=5 (full 1):
 par new generation   total 109248K, used 11781K [0x00000000e0000000, 0x00000000e8000000, 0x00000000e8000000)
  eden space 87424K,   0% used [0x00000000e0000000, 0x00000000e0000000, 0x00000000e5560000)
  from space 21824K,  53% used [0x00000000e6ab0000, 0x00000000e7631700, 0x00000000e8000000)
  to   space 21824K,   0% used [0x00000000e5560000, 0x00000000e5560000, 0x00000000e6ab0000)
 concurrent mark-sweep generation total 393216K, used 0K [0x00000000e8000000, 0x0000000100000000, 0x0000000100000000)
 Metaspace       used 21261K, capacity 21632K, committed 21884K, reserved 1069056K
  class space    used 2449K, capacity 2607K, committed 2684K, reserved 1048576K
}
2017-05-20T01:30:38.395+0200: 2,748: [Rescan (parallel) , 0,0040222 secs]2017-05-20T01:30:38.399+0200: 2,752: [weak refs processing, 0,0003876 secs]2017-05-20T01:30:38.400+0200: 2,752: [class unloading, 0,0028526 secs]2017-05-20T01:30:38.403+0200: 2,755: [scrub symbol table, 0,0026782 secs]2017-05-20T01:30:38.405+0200: 2,758: [scrub string table, 0,0004087 secs][1 CMS-remark: 0K(393216K)] 11781K(502464K), 0,0208183 secs] [Times: user=0,05 sys=0,00, real=0,03 secs] 
2017-05-20T01:30:38.406+0200: 2,759: Total time for which application threads were stopped: 0,0209870 seconds, Stopping threads took: 0,0000676 seconds
2017-05-20T01:30:38.406+0200: 2,759: [CMS-concurrent-sweep-start]
2017-05-20T01:30:38.406+0200: 2,759: [CMS-concurrent-sweep: 0,000/0,000 secs] [Times: user=0,00 sys=0,00, real=0,00 secs] 
2017-05-20T01:30:38.406+0200: 2,759: [CMS-concurrent-reset-start]
2017-05-20T01:30:38.409+0200: 2,761: [CMS-concurrent-reset: 0,002/0,002 secs] [Times: user=0,02 sys=0,00, real=0,00 secs] 
{Heap before GC invocations=5 (full 1):
 par new generation   total 109248K, used 99205K [0x00000000e0000000, 0x00000000e8000000, 0x00000000e8000000)
  eden space 87424K, 100% used [0x00000000e0000000, 0x00000000e5560000, 0x00000000e5560000)
  from space 21824K,  53% used [0x00000000e6ab0000, 0x00000000e7631700, 0x00000000e8000000)
  to   space 21824K,   0% used [0x00000000e5560000, 0x00000000e5560000, 0x00000000e6ab0000)
 concurrent mark-sweep generation total 393216K, used 0K [0x00000000e8000000, 0x0000000100000000, 0x0000000100000000)
 Metaspace       used 21389K, capacity 21804K, committed 21884K, reserved 1069056K
  class space    used 2469K, capacity 2641K, committed 2684K, reserved 1048576K
2017-05-20T01:30:38.487+0200: 2,839: [GC (Allocation Failure) 2017-05-20T01:30:38.487+0200: 2,839: [ParNew
Desired survivor size 20112992 bytes, new threshold 8 (max 8)
- age   1:     703944 bytes,     703944 total
- age   3:     186368 bytes,     890312 total
- age   4:    1469600 bytes,    2359912 total
- age   5:     817936 bytes,    3177848 total
- age   6:    6643296 bytes,    9821144 total
: 99205K->13456K(109248K), 0,0099642 secs] 99205K->13456K(502464K), 0,0100502 secs] [Times: user=0,04 sys=0,00, real=0,01 secs] 
Heap after GC invocations=6 (full 1):
 par new generation   total 109248K, used 13456K [0x00000000e0000000, 0x00000000e8000000, 0x00000000e8000000)
  eden space 87424K,   0% used [0x00000000e0000000, 0x00000000e0000000, 0x00000000e5560000)
  from space 21824K,  61% used [0x00000000e5560000, 0x00000000e62840b0, 0x00000000e6ab0000)
  to   space 21824K,   0% used [0x00000000e6ab0000, 0x00000000e6ab0000, 0x00000000e8000000)
 concurrent mark-sweep generation total 393216K, used 0K [0x00000000e8000000, 0x0000000100000000, 0x0000000100000000)
 Metaspace       used 21389K, capacity 21804K, committed 21884K, reserved 1069056K
  class space    used 2469K, capacity 2641K, committed 2684K, reserved 1048576K
}
2017-05-20T01:30:38.497+0200: 2,850: Total time for which application threads were stopped: 0,0103134 seconds, Stopping threads took: 0,0000788 seconds
2017-05-20T01:30:38.536+0200: 2,888: Total time for which application threads were stopped: 0,0003290 seconds, Stopping threads took: 0,0000348 seconds
2017-05-20T01:30:38.804+0200: 3,157: Total time for which application threads were stopped: 0,0004919 seconds, Stopping threads took: 0,0000648 seconds
2017-05-20T01:30:38.823+0200: 3,175: Total time for which application threads were stopped: 0,0003796 seconds, Stopping threads took: 0,0000547 seconds
{Heap before GC invocations=6 (full 1):
 par new generation   total 109248K, used 100880K [0x00000000e0000000, 0x00000000e8000000, 0x00000000e8000000)
  eden space 87424K, 100% used [0x00000000e0000000, 0x00000000e5560000, 0x00000000e5560000)
  from space 21824K,  61% used [0x00000000e5560000, 0x00000000e62840b0, 0x00000000e6ab0000)
  to   space 21824K,   0% used [0x00000000e6ab0000, 0x00000000e6ab0000, 0x00000000e8000000)
 concurrent mark-sweep generation total 393216K, used 0K [0x00000000e8000000, 0x0000000100000000, 0x0000000100000000)
 Metaspace       used 24310K, capacity 24748K, committed 24828K, reserved 1071104K
  class space    used 2856K, capacity 3047K, committed 3068K, reserved 1048576K
2017-05-20T01:30:38.984+0200: 3,337: [GC (Allocation Failure) 2017-05-20T01:30:38.984+0200: 3,337: [ParNew
Desired survivor size 20112992 bytes, new threshold 8 (max 8)
- age   1:    5805120 bytes,    5805120 total
- age   2:     133096 bytes,    5938216 total
- age   4:     184920 bytes,    6123136 total
- age   5:     299840 bytes,    6422976 total
- age   6:     793672 bytes,    7216648 total
- age   7:    6635128 bytes,   13851776 total
: 100880K->17517K(109248K), 0,0206103 secs] 100880K->17517K(502464K), 0,0206812 secs] [Times: user=0,08 sys=0,00, real=0,02 secs] 
Heap after GC invocations=7 (full 1):
 par new generation   total 109248K, used 17517K [0x00000000e0000000, 0x00000000e8000000, 0x00000000e8000000)
  eden space 87424K,   0% used [0x00000000e0000000, 0x00000000e0000000, 0x00000000e5560000)
  from space 21824K,  80% used [0x00000000e6ab0000, 0x00000000e7bcb7c0, 0x00000000e8000000)
  to   space 21824K,   0% used [0x00000000e5560000, 0x00000000e5560000, 0x00000000e6ab0000)
 concurrent mark-sweep generation total 393216K, used 0K [0x00000000e8000000, 0x0000000100000000, 0x0000000100000000)
 Metaspace       used 24310K, capacity 24748K, committed 24828K, reserved 1071104K
  class space    used 2856K, capacity 3047K, committed 3068K, reserved 1048576K
}
2017-05-20T01:30:39.005+0200: 3,358: Total time for which application threads were stopped: 0,0211522 seconds, Stopping threads took: 0,0002447 seconds
{Heap before GC invocations=7 (full 1):
 par new generation   total 109248K, used 104941K [0x00000000e0000000, 0x00000000e8000000, 0x00000000e8000000)
  eden space 87424K, 100% used [0x00000000e0000000, 0x00000000e5560000, 0x00000000e5560000)
  from space 21824K,  80% used [0x00000000e6ab0000, 0x00000000e7bcb7c0, 0x00000000e8000000)
  to   space 21824K,   0% used [0x00000000e5560000, 0x00000000e5560000, 0x00000000e6ab0000)
 concurrent mark-sweep generation total 393216K, used 0K [0x00000000e8000000, 0x0000000100000000, 0x0000000100000000)
 Metaspace       used 24790K, capacity 25250K, committed 25468K, reserved 1071104K
  class space    used 2898K, capacity 3083K, committed 3196K, reserved 1048576K
2017-05-20T01:30:39.110+0200: 3,463: [GC (Allocation Failure) 2017-05-20T01:30:39.110+0200: 3,463: [ParNew
Desired survivor size 20112992 bytes, new threshold 8 (max 8)
- age   1:    1669920 bytes,    1669920 total
- age   2:    1848792 bytes,    3518712 total
- age   3:      55608 bytes,    3574320 total
- age   5:     105272 bytes,    3679592 total
- age   6:     177088 bytes,    3856680 total
- age   7:     774192 bytes,    4630872 total
- age   8:    6101848 bytes,   10732720 total
: 104941K->14698K(109248K), 0,0159976 secs] 104941K->14698K(502464K), 0,0160668 secs] [Times: user=0,05 sys=0,00, real=0,02 secs] 
Heap after GC invocations=8 (full 1):
 par new generation   total 109248K, used 14698K [0x00000000e0000000, 0x00000000e8000000, 0x00000000e8000000)
  eden space 87424K,   0% used [0x00000000e0000000, 0x00000000e0000000, 0x00000000e5560000)
  from space 21824K,  67% used [0x00000000e5560000, 0x00000000e63ba880, 0x00000000e6ab0000)
  to   space 21824K,   0% used [0x00000000e6ab0000, 0x00000000e6ab0000, 0x00000000e8000000)
 concurrent mark-sweep generation total 393216K, used 0K [0x00000000e8000000, 0x0000000100000000, 0x0000000100000000)
 Metaspace       used 24790K, capacity 25250K, committed 25468K, reserved 1071104K
  class space    used 2898K, capacity 3083K, committed 3196K, reserved 1048576K
}
2017-05-20T01:30:39.126+0200: 3,479: Total time for which application threads were stopped: 0,0163467 seconds, Stopping threads took: 0,0000892 seconds
{Heap before GC invocations=8 (full 1):
 par new generation   total 109248K, used 102122K [0x00000000e0000000, 0x00000000e8000000, 0x00000000e8000000)
  eden space 87424K, 100% used [0x00000000e0000000, 0x00000000e5560000, 0x00000000e5560000)
  from space 21824K,  67% used [0x00000000e5560000, 0x00000000e63ba880, 0x00000000e6ab0000)
  to   space 21824K,   0% used [0x00000000e6ab0000, 0x00000000e6ab0000, 0x00000000e8000000)
 concurrent mark-sweep generation total 393216K, used 0K [0x00000000e8000000, 0x0000000100000000, 0x0000000100000000)
 Metaspace       used 25013K, capacity 25516K, committed 25724K, reserved 1071104K
  class space    used 2911K, capacity 3085K, committed 3196K, reserved 1048576K
2017-05-20T01:30:39.225+0200: 3,578: [GC (Allocation Failure) 2017-05-20T01:30:39.225+0200: 3,578: [ParNew
Desired survivor size 20112992 bytes, new threshold 8 (max 8)
- age   1:     984528 bytes,     984528 total
- age   2:    1057400 bytes,    2041928 total
- age   3:    1817256 bytes,    3859184 total
- age   4:      55608 bytes,    3914792 total
- age   6:     102696 bytes,    4017488 total
- age   7:     176624 bytes,    4194112 total
- age   8:     773456 bytes,    4967568 total
: 102122K->8345K(109248K), 0,0599206 secs] 102122K->14386K(502464K), 0,0599858 secs] [Times: user=0,10 sys=0,01, real=0,06 secs] 
Heap after GC invocations=9 (full 1):
 par new generation   total 109248K, used 8345K [0x00000000e0000000, 0x00000000e8000000, 0x00000000e8000000)
  eden space 87424K,   0% used [0x00000000e0000000, 0x00000000e0000000, 0x00000000e5560000)
  from space 21824K,  38% used [0x00000000e6ab0000, 0x00000000e72d6560, 0x00000000e8000000)
  to   space 21824K,   0% used [0x00000000e5560000, 0x00000000e5560000, 0x00000000e6ab0000)
 concurrent mark-sweep generation total 393216K, used 6041K [0x00000000e8000000, 0x0000000100000000, 0x0000000100000000)
 Metaspace       used 25013K, capacity 25516K, committed 25724K, reserved 1071104K
  class space    used 2911K, capacity 3085K, committed 3196K, reserved 1048576K
}
2017-05-20T01:30:39.285+0200: 3,638: Total time for which application threads were stopped: 0,0606824 seconds, Stopping threads took: 0,0005217 seconds
2017-05-20T01:30:39.475+0200: 3,827: Total time for which application threads were stopped: 0,0004988 seconds, Stopping threads took: 0,0000518 seconds
2017-05-20T01:30:39.488+0200: 3,841: Total time for which application threads were stopped: 0,0004156 seconds, Stopping threads took: 0,0000219 seconds
2017-05-20T01:30:39.528+0200: 3,881: Total time for which application threads were stopped: 0,0004567 seconds, Stopping threads took: 0,0000482 seconds
2017-05-20T01:30:39.620+0200: 3,973: Total time for which application threads were stopped: 0,0004236 seconds, Stopping threads took: 0,0000396 seconds
2017-05-20T01:30:39.696+0200: 4,048: Total time for which application threads were stopped: 0,0004452 seconds, Stopping threads took: 0,0000241 seconds
2017-05-20T01:30:41.696+0200: 6,048: Total time for which application threads were stopped: 0,0000928 seconds, Stopping threads took: 0,0000225 seconds
2017-05-20T01:30:56.698+0200: 21,050: Total time for which application threads were stopped: 0,0000774 seconds, Stopping threads took: 0,0000202 seconds
2017-05-20T01:31:07.699+0200: 32,052: Total time for which application threads were stopped: 0,0000674 seconds, Stopping threads took: 0,0000194 seconds
2017-05-20T01:31:57.704+0200: 82,056: Total time for which application threads were stopped: 0,0000670 seconds, Stopping threads took: 0,0000176 seconds
2017-05-20T01:32:32.707+0200: 117,060: Total time for which application threads were stopped: 0,0004019 seconds, Stopping threads took: 0,0001291 seconds
2017-05-20T01:32:37.708+0200: 122,061: Total time for which application threads were stopped: 0,0000644 seconds, Stopping threads took: 0,0000161 seconds
2017-05-20T01:33:06.712+0200: 151,064: Total time for which application threads were stopped: 0,0000851 seconds, Stopping threads took: 0,0000338 seconds
2017-05-20T01:33:11.713+0200: 156,065: Total time for which application threads were stopped: 0,0001681 seconds, Stopping threads took: 0,0000595 seconds
2017-05-20T01:33:21.714+0200: 166,067: Total time for which application threads were stopped: 0,0000922 seconds, Stopping threads took: 0,0000183 seconds
2017-05-20T01:33:26.715+0200: 171,068: Total time for which application threads were stopped: 0,0004766 seconds, Stopping threads took: 0,0001021 seconds
{Heap before GC invocations=9 (full 1):
 par new generation   total 109248K, used 95769K [0x00000000e0000000, 0x00000000e8000000, 0x00000000e8000000)
  eden space 87424K, 100% used [0x00000000e0000000, 0x00000000e5560000, 0x00000000e5560000)
  from space 21824K,  38% used [0x00000000e6ab0000, 0x00000000e72d6560, 0x00000000e8000000)
  to   space 21824K,   0% used [0x00000000e5560000, 0x00000000e5560000, 0x00000000e6ab0000)
 concurrent mark-sweep generation total 393216K, used 6041K [0x00000000e8000000, 0x0000000100000000, 0x0000000100000000)
 Metaspace       used 28001K, capacity 28500K, committed 28796K, reserved 1075200K
  class space    used 3215K, capacity 3393K, committed 3452K, reserved 1048576K
2017-05-20T01:33:31.526+0200: 175,878: [GC (Allocation Failure) 2017-05-20T01:33:31.526+0200: 175,878: [ParNew
Desired survivor size 20112992 bytes, new threshold 8 (max 8)
- age   1:   10707512 bytes,   10707512 total
- age   2:     171784 bytes,   10879296 total
- age   3:     273472 bytes,   11152768 total
- age   4:    1812416 bytes,   12965184 total
- age   5:      55608 bytes,   13020792 total
- age   7:     102568 bytes,   13123360 total
- age   8:     176528 bytes,   13299888 total
: 95769K->14543K(109248K), 0,0253246 secs] 101810K->21436K(502464K), 0,0254265 secs] [Times: user=0,06 sys=0,00, real=0,03 secs] 
Heap after GC invocations=10 (full 1):
 par new generation   total 109248K, used 14543K [0x00000000e0000000, 0x00000000e8000000, 0x00000000e8000000)
  eden space 87424K,   0% used [0x00000000e0000000, 0x00000000e0000000, 0x00000000e5560000)
  from space 21824K,  66% used [0x00000000e5560000, 0x00000000e6393e20, 0x00000000e6ab0000)
  to   space 21824K,   0% used [0x00000000e6ab0000, 0x00000000e6ab0000, 0x00000000e8000000)
 concurrent mark-sweep generation total 393216K, used 6892K [0x00000000e8000000, 0x0000000100000000, 0x0000000100000000)
 Metaspace       used 28001K, capacity 28500K, committed 28796K, reserved 1075200K
  class space    used 3215K, capacity 3393K, committed 3452K, reserved 1048576K
}
2017-05-20T01:33:31.551+0200: 175,904: Total time for which application threads were stopped: 0,0256067 seconds, Stopping threads took: 0,0000391 seconds
2017-05-20T01:33:32.551+0200: 176,904: Total time for which application threads were stopped: 0,0000819 seconds, Stopping threads took: 0,0000209 seconds
2017-05-20T01:33:37.552+0200: 181,904: Total time for which application threads were stopped: 0,0001169 seconds, Stopping threads took: 0,0000238 seconds
2017-05-20T01:33:41.552+0200: 185,905: Total time for which application threads were stopped: 0,0001504 seconds, Stopping threads took: 0,0000519 seconds
2017-05-20T01:35:12.563+0200: 276,916: Total time for which application threads were stopped: 0,0001133 seconds, Stopping threads took: 0,0000373 seconds
2017-05-20T01:39:51.597+0200: 555,949: Total time for which application threads were stopped: 0,0000878 seconds, Stopping threads took: 0,0000330 seconds
2017-05-20T01:54:01.695+0200: 1406,048: Total time for which application threads were stopped: 0,0002282 seconds, Stopping threads took: 0,0001166 seconds
2017-05-20T01:59:06.729+0200: 1711,082: Total time for which application threads were stopped: 0,0001062 seconds, Stopping threads took: 0,0000357 seconds
2017-05-20T02:08:56.789+0200: 2301,141: Total time for which application threads were stopped: 0,0004688 seconds, Stopping threads took: 0,0001934 seconds
2017-05-20T02:08:57.789+0200: 2302,142: Total time for which application threads were stopped: 0,0003044 seconds, Stopping threads took: 0,0000790 seconds
2017-05-20T02:24:07.881+0200: 3212,234: Total time for which application threads were stopped: 0,0000900 seconds, Stopping threads took: 0,0000356 seconds
2017-05-20T02:32:42.403+0200: 3726,756: Total time for which application threads were stopped: 0,0076753 seconds, Stopping threads took: 0,0075567 seconds
2017-05-20T02:32:42.433+0200: 3726,786: Total time for which application threads were stopped: 0,0034687 seconds, Stopping threads took: 0,0033391 seconds
2017-05-20T02:32:42.442+0200: 3726,795: Total time for which application threads were stopped: 0,0001256 seconds, Stopping threads took: 0,0000208 seconds
Heap
 par new generation   total 109248K, used 35450K [0x00000000e0000000, 0x00000000e8000000, 0x00000000e8000000)
  eden space 87424K,  23% used [0x00000000e0000000, 0x00000000e146ac10, 0x00000000e5560000)
  from space 21824K,  66% used [0x00000000e5560000, 0x00000000e6393e20, 0x00000000e6ab0000)
  to   space 21824K,   0% used [0x00000000e6ab0000, 0x00000000e6ab0000, 0x00000000e8000000)
 concurrent mark-sweep generation total 393216K, used 6892K [0x00000000e8000000, 0x0000000100000000, 0x0000000100000000)
 Metaspace       used 28123K, capacity 28676K, committed 28796K, reserved 1075200K
  class space    used 3230K, capacity 3427K, committed 3452K, reserved 1048576K
