OpenJDK 64-Bit Server VM (25.121-b13) for linux-amd64 JRE (1.8.0_121-8u121-b13-0ubuntu1.16.04.2-b13), built on Jan 23 2017 15:51:29 by "buildd" with gcc 5.4.0 20160609
Memory: 4k page, physical 7867800k(7502208k free), swap 8076284k(8076284k free)
CommandLine flags: -XX:CMSInitiatingOccupancyFraction=50 -XX:CMSMaxAbortablePrecleanTime=6000 -XX:+CMSParallelRemarkEnabled -XX:+CMSScavengeBeforeRemark -XX:ConcGCThreads=4 -XX:InitialHeapSize=536870912 -XX:MaxHeapSize=536870912 -XX:MaxTenuringThreshold=8 -XX:NewRatio=3 -XX:OldPLABSize=16 -XX:OnOutOfMemoryError=/opt/solr/bin/oom_solr.sh 8983 /var/solr/logs -XX:ParallelGCThreads=4 -XX:+ParallelRefProcEnabled -XX:PretenureSizeThreshold=67108864 -XX:+PrintGC -XX:+PrintGCApplicationStoppedTime -XX:+PrintGCDateStamps -XX:+PrintGCDetails -XX:+PrintGCTimeStamps -XX:+PrintHeapAtGC -XX:+PrintTenuringDistribution -XX:SurvivorRatio=4 -XX:TargetSurvivorRatio=90 -XX:ThreadStackSize=256 -XX:+UseCMSInitiatingOccupancyOnly -XX:+UseCompressedClassPointers -XX:+UseCompressedOops -XX:+UseConcMarkSweepGC -XX:+UseParNewGC 
2017-02-15T23:01:21.741+0100: 0,132: Total time for which application threads were stopped: 0,0000653 seconds, Stopping threads took: 0,0000093 seconds
2017-02-15T23:01:21.827+0100: 0,217: Total time for which application threads were stopped: 0,0001250 seconds, Stopping threads took: 0,0000142 seconds
2017-02-15T23:01:21.847+0100: 0,238: Total time for which application threads were stopped: 0,0000874 seconds, Stopping threads took: 0,0000093 seconds
2017-02-15T23:01:22.595+0100: 0,985: Total time for which application threads were stopped: 0,0002014 seconds, Stopping threads took: 0,0000281 seconds
2017-02-15T23:01:22.700+0100: 1,091: Total time for which application threads were stopped: 0,0001997 seconds, Stopping threads took: 0,0000353 seconds
2017-02-15T23:01:22.725+0100: 1,116: Total time for which application threads were stopped: 0,0002882 seconds, Stopping threads took: 0,0000230 seconds
2017-02-15T23:01:23.071+0100: 1,462: Total time for which application threads were stopped: 0,0002048 seconds, Stopping threads took: 0,0000137 seconds
2017-02-15T23:01:23.315+0100: 1,706: Total time for which application threads were stopped: 0,0002038 seconds, Stopping threads took: 0,0000167 seconds
2017-02-15T23:01:23.341+0100: 1,732: Total time for which application threads were stopped: 0,0002084 seconds, Stopping threads took: 0,0000179 seconds
2017-02-15T23:01:23.382+0100: 1,773: Total time for which application threads were stopped: 0,0002611 seconds, Stopping threads took: 0,0000293 seconds
2017-02-15T23:01:23.383+0100: 1,774: Total time for which application threads were stopped: 0,0001697 seconds, Stopping threads took: 0,0000164 seconds
2017-02-15T23:01:23.402+0100: 1,793: Total time for which application threads were stopped: 0,0002376 seconds, Stopping threads took: 0,0000237 seconds
2017-02-15T23:01:23.477+0100: 1,867: Total time for which application threads were stopped: 0,0002414 seconds, Stopping threads took: 0,0000254 seconds
2017-02-15T23:01:23.633+0100: 2,023: Total time for which application threads were stopped: 0,0002843 seconds, Stopping threads took: 0,0000450 seconds
{Heap before GC invocations=0 (full 0):
 par new generation   total 109248K, used 87424K [0x00000000e0000000, 0x00000000e8000000, 0x00000000e8000000)
  eden space 87424K, 100% used [0x00000000e0000000, 0x00000000e5560000, 0x00000000e5560000)
  from space 21824K,   0% used [0x00000000e5560000, 0x00000000e5560000, 0x00000000e6ab0000)
  to   space 21824K,   0% used [0x00000000e6ab0000, 0x00000000e6ab0000, 0x00000000e8000000)
 concurrent mark-sweep generation total 393216K, used 0K [0x00000000e8000000, 0x0000000100000000, 0x0000000100000000)
 Metaspace       used 18086K, capacity 18400K, committed 18688K, reserved 1064960K
  class space    used 2043K, capacity 2196K, committed 2304K, reserved 1048576K
2017-02-15T23:01:23.747+0100: 2,138: [GC (Allocation Failure) 2017-02-15T23:01:23.747+0100: 2,138: [ParNew
Desired survivor size 20112992 bytes, new threshold 8 (max 8)
- age   1:   12632048 bytes,   12632048 total
: 87424K->12458K(109248K), 0,0170836 secs] 87424K->12458K(502464K), 0,0171805 secs] [Times: user=0,04 sys=0,01, real=0,01 secs] 
Heap after GC invocations=1 (full 0):
 par new generation   total 109248K, used 12458K [0x00000000e0000000, 0x00000000e8000000, 0x00000000e8000000)
  eden space 87424K,   0% used [0x00000000e0000000, 0x00000000e0000000, 0x00000000e5560000)
  from space 21824K,  57% used [0x00000000e6ab0000, 0x00000000e76da968, 0x00000000e8000000)
  to   space 21824K,   0% used [0x00000000e5560000, 0x00000000e5560000, 0x00000000e6ab0000)
 concurrent mark-sweep generation total 393216K, used 0K [0x00000000e8000000, 0x0000000100000000, 0x0000000100000000)
 Metaspace       used 18086K, capacity 18400K, committed 18688K, reserved 1064960K
  class space    used 2043K, capacity 2196K, committed 2304K, reserved 1048576K
}
2017-02-15T23:01:23.765+0100: 2,155: Total time for which application threads were stopped: 0,0175011 seconds, Stopping threads took: 0,0000975 seconds
2017-02-15T23:01:24.091+0100: 2,481: Total time for which application threads were stopped: 0,0004433 seconds, Stopping threads took: 0,0000765 seconds
{Heap before GC invocations=1 (full 0):
 par new generation   total 109248K, used 99882K [0x00000000e0000000, 0x00000000e8000000, 0x00000000e8000000)
  eden space 87424K, 100% used [0x00000000e0000000, 0x00000000e5560000, 0x00000000e5560000)
  from space 21824K,  57% used [0x00000000e6ab0000, 0x00000000e76da968, 0x00000000e8000000)
  to   space 21824K,   0% used [0x00000000e5560000, 0x00000000e5560000, 0x00000000e6ab0000)
 concurrent mark-sweep generation total 393216K, used 0K [0x00000000e8000000, 0x0000000100000000, 0x0000000100000000)
 Metaspace       used 20095K, capacity 20440K, committed 20736K, reserved 1067008K
  class space    used 2297K, capacity 2474K, committed 2560K, reserved 1048576K
2017-02-15T23:01:24.135+0100: 2,525: [GC (Allocation Failure) 2017-02-15T23:01:24.135+0100: 2,525: [ParNew
Desired survivor size 20112992 bytes, new threshold 8 (max 8)
- age   1:    3753408 bytes,    3753408 total
- age   2:    6661904 bytes,   10415312 total
: 99882K->13715K(109248K), 0,0101664 secs] 99882K->13715K(502464K), 0,0102363 secs] [Times: user=0,04 sys=0,00, real=0,01 secs] 
Heap after GC invocations=2 (full 0):
 par new generation   total 109248K, used 13715K [0x00000000e0000000, 0x00000000e8000000, 0x00000000e8000000)
  eden space 87424K,   0% used [0x00000000e0000000, 0x00000000e0000000, 0x00000000e5560000)
  from space 21824K,  62% used [0x00000000e5560000, 0x00000000e62c4eb8, 0x00000000e6ab0000)
  to   space 21824K,   0% used [0x00000000e6ab0000, 0x00000000e6ab0000, 0x00000000e8000000)
 concurrent mark-sweep generation total 393216K, used 0K [0x00000000e8000000, 0x0000000100000000, 0x0000000100000000)
 Metaspace       used 20095K, capacity 20440K, committed 20736K, reserved 1067008K
  class space    used 2297K, capacity 2474K, committed 2560K, reserved 1048576K
}
2017-02-15T23:01:24.145+0100: 2,536: Total time for which application threads were stopped: 0,0107243 seconds, Stopping threads took: 0,0003132 seconds
2017-02-15T23:01:24.151+0100: 2,541: Total time for which application threads were stopped: 0,0025738 seconds, Stopping threads took: 0,0023018 seconds
2017-02-15T23:01:24.182+0100: 2,573: Total time for which application threads were stopped: 0,0004158 seconds, Stopping threads took: 0,0000663 seconds
2017-02-15T23:01:24.307+0100: 2,698: Total time for which application threads were stopped: 0,0001667 seconds, Stopping threads took: 0,0000486 seconds
{Heap before GC invocations=2 (full 0):
 par new generation   total 109248K, used 101139K [0x00000000e0000000, 0x00000000e8000000, 0x00000000e8000000)
  eden space 87424K, 100% used [0x00000000e0000000, 0x00000000e5560000, 0x00000000e5560000)
  from space 21824K,  62% used [0x00000000e5560000, 0x00000000e62c4eb8, 0x00000000e6ab0000)
  to   space 21824K,   0% used [0x00000000e6ab0000, 0x00000000e6ab0000, 0x00000000e8000000)
 concurrent mark-sweep generation total 393216K, used 0K [0x00000000e8000000, 0x0000000100000000, 0x0000000100000000)
 Metaspace       used 21013K, capacity 21368K, committed 21628K, reserved 1069056K
  class space    used 2421K, capacity 2594K, committed 2684K, reserved 1048576K
2017-02-15T23:01:24.345+0100: 2,736: [GC (Allocation Failure) 2017-02-15T23:01:24.345+0100: 2,736: [ParNew
Desired survivor size 20112992 bytes, new threshold 8 (max 8)
- age   1:    2167992 bytes,    2167992 total
- age   2:     861368 bytes,    3029360 total
- age   3:    6658200 bytes,    9687560 total
: 101139K->11547K(109248K), 0,0136320 secs] 101139K->11547K(502464K), 0,0137200 secs] [Times: user=0,04 sys=0,00, real=0,02 secs] 
Heap after GC invocations=3 (full 0):
 par new generation   total 109248K, used 11547K [0x00000000e0000000, 0x00000000e8000000, 0x00000000e8000000)
  eden space 87424K,   0% used [0x00000000e0000000, 0x00000000e0000000, 0x00000000e5560000)
  from space 21824K,  52% used [0x00000000e6ab0000, 0x00000000e75f6c40, 0x00000000e8000000)
  to   space 21824K,   0% used [0x00000000e5560000, 0x00000000e5560000, 0x00000000e6ab0000)
 concurrent mark-sweep generation total 393216K, used 0K [0x00000000e8000000, 0x0000000100000000, 0x0000000100000000)
 Metaspace       used 21013K, capacity 21368K, committed 21628K, reserved 1069056K
  class space    used 2421K, capacity 2594K, committed 2684K, reserved 1048576K
}
2017-02-15T23:01:24.359+0100: 2,750: Total time for which application threads were stopped: 0,0139593 seconds, Stopping threads took: 0,0000743 seconds
2017-02-15T23:01:24.359+0100: 2,750: [GC (CMS Initial Mark) [1 CMS-initial-mark: 0K(393216K)] 11579K(502464K), 0,0052142 secs] [Times: user=0,03 sys=0,00, real=0,00 secs] 
2017-02-15T23:01:24.364+0100: 2,755: Total time for which application threads were stopped: 0,0053729 seconds, Stopping threads took: 0,0000374 seconds
2017-02-15T23:01:24.364+0100: 2,755: [CMS-concurrent-mark-start]
2017-02-15T23:01:24.365+0100: 2,755: [CMS-concurrent-mark: 0,000/0,000 secs] [Times: user=0,00 sys=0,00, real=0,00 secs] 
2017-02-15T23:01:24.365+0100: 2,756: [CMS-concurrent-preclean-start]
2017-02-15T23:01:24.366+0100: 2,757: [CMS-concurrent-preclean: 0,001/0,001 secs] [Times: user=0,00 sys=0,00, real=0,00 secs] 
2017-02-15T23:01:24.366+0100: 2,757: [CMS-concurrent-abortable-preclean-start]
2017-02-15T23:01:24.424+0100: 2,815: Total time for which application threads were stopped: 0,0001690 seconds, Stopping threads took: 0,0000729 seconds
{Heap before GC invocations=3 (full 1):
 par new generation   total 109248K, used 98971K [0x00000000e0000000, 0x00000000e8000000, 0x00000000e8000000)
  eden space 87424K, 100% used [0x00000000e0000000, 0x00000000e5560000, 0x00000000e5560000)
  from space 21824K,  52% used [0x00000000e6ab0000, 0x00000000e75f6c40, 0x00000000e8000000)
  to   space 21824K,   0% used [0x00000000e5560000, 0x00000000e5560000, 0x00000000e6ab0000)
 concurrent mark-sweep generation total 393216K, used 0K [0x00000000e8000000, 0x0000000100000000, 0x0000000100000000)
 Metaspace       used 21294K, capacity 21650K, committed 21884K, reserved 1069056K
  class space    used 2452K, capacity 2610K, committed 2684K, reserved 1048576K
2017-02-15T23:01:24.486+0100: 2,877: [GC (Allocation Failure) 2017-02-15T23:01:24.486+0100: 2,877: [ParNew
Desired survivor size 20112992 bytes, new threshold 8 (max 8)
- age   1:    1135648 bytes,    1135648 total
- age   2:    1451088 bytes,    2586736 total
- age   3:     826056 bytes,    3412792 total
- age   4:    6658080 bytes,   10070872 total
: 98971K->14942K(109248K), 0,0109014 secs] 98971K->14942K(502464K), 0,0109691 secs] [Times: user=0,03 sys=0,00, real=0,01 secs] 
Heap after GC invocations=4 (full 1):
 par new generation   total 109248K, used 14942K [0x00000000e0000000, 0x00000000e8000000, 0x00000000e8000000)
  eden space 87424K,   0% used [0x00000000e0000000, 0x00000000e0000000, 0x00000000e5560000)
  from space 21824K,  68% used [0x00000000e5560000, 0x00000000e63f7ad0, 0x00000000e6ab0000)
  to   space 21824K,   0% used [0x00000000e6ab0000, 0x00000000e6ab0000, 0x00000000e8000000)
 concurrent mark-sweep generation total 393216K, used 0K [0x00000000e8000000, 0x0000000100000000, 0x0000000100000000)
 Metaspace       used 21294K, capacity 21650K, committed 21884K, reserved 1069056K
  class space    used 2452K, capacity 2610K, committed 2684K, reserved 1048576K
}
2017-02-15T23:01:24.497+0100: 2,888: Total time for which application threads were stopped: 0,0137443 seconds, Stopping threads took: 0,0026452 seconds
2017-02-15T23:01:24.497+0100: 2,888: [CMS-concurrent-abortable-preclean: 0,075/0,131 secs] [Times: user=0,50 sys=0,00, real=0,13 secs] 
2017-02-15T23:01:24.497+0100: 2,888: [GC (CMS Final Remark) [YG occupancy: 16955 K (109248 K)]{Heap before GC invocations=4 (full 1):
 par new generation   total 109248K, used 16955K [0x00000000e0000000, 0x00000000e8000000, 0x00000000e8000000)
  eden space 87424K,   2% used [0x00000000e0000000, 0x00000000e01f7508, 0x00000000e5560000)
  from space 21824K,  68% used [0x00000000e5560000, 0x00000000e63f7ad0, 0x00000000e6ab0000)
  to   space 21824K,   0% used [0x00000000e6ab0000, 0x00000000e6ab0000, 0x00000000e8000000)
 concurrent mark-sweep generation total 393216K, used 0K [0x00000000e8000000, 0x0000000100000000, 0x0000000100000000)
 Metaspace       used 21294K, capacity 21650K, committed 21884K, reserved 1069056K
  class space    used 2452K, capacity 2610K, committed 2684K, reserved 1048576K
2017-02-15T23:01:24.497+0100: 2,888: [GC (CMS Final Remark) 2017-02-15T23:01:24.497+0100: 2,888: [ParNew
Desired survivor size 20112992 bytes, new threshold 8 (max 8)
- age   1:      56792 bytes,      56792 total
- age   2:     895000 bytes,     951792 total
- age   3:    1446096 bytes,    2397888 total
- age   4:     826056 bytes,    3223944 total
- age   5:    6658296 bytes,    9882240 total
: 16955K->11483K(109248K), 0,0091283 secs] 16955K->11483K(502464K), 0,0091666 secs] [Times: user=0,03 sys=0,00, real=0,02 secs] 
Heap after GC invocations=5 (full 1):
 par new generation   total 109248K, used 11483K [0x00000000e0000000, 0x00000000e8000000, 0x00000000e8000000)
  eden space 87424K,   0% used [0x00000000e0000000, 0x00000000e0000000, 0x00000000e5560000)
  from space 21824K,  52% used [0x00000000e6ab0000, 0x00000000e75e6dc0, 0x00000000e8000000)
  to   space 21824K,   0% used [0x00000000e5560000, 0x00000000e5560000, 0x00000000e6ab0000)
 concurrent mark-sweep generation total 393216K, used 0K [0x00000000e8000000, 0x0000000100000000, 0x0000000100000000)
 Metaspace       used 21294K, capacity 21650K, committed 21884K, reserved 1069056K
  class space    used 2452K, capacity 2610K, committed 2684K, reserved 1048576K
}
2017-02-15T23:01:24.507+0100: 2,897: [Rescan (parallel) , 0,0034064 secs]2017-02-15T23:01:24.510+0100: 2,901: [weak refs processing, 0,0004798 secs]2017-02-15T23:01:24.511+0100: 2,901: [class unloading, 0,0028936 secs]2017-02-15T23:01:24.513+0100: 2,904: [scrub symbol table, 0,0029593 secs]2017-02-15T23:01:24.516+0100: 2,907: [scrub string table, 0,0003635 secs][1 CMS-remark: 0K(393216K)] 11483K(502464K), 0,0199008 secs] [Times: user=0,05 sys=0,00, real=0,02 secs] 
2017-02-15T23:01:24.517+0100: 2,908: Total time for which application threads were stopped: 0,0200381 seconds, Stopping threads took: 0,0000646 seconds
2017-02-15T23:01:24.517+0100: 2,908: [CMS-concurrent-sweep-start]
2017-02-15T23:01:24.517+0100: 2,908: [CMS-concurrent-sweep: 0,000/0,000 secs] [Times: user=0,00 sys=0,00, real=0,00 secs] 
2017-02-15T23:01:24.517+0100: 2,908: [CMS-concurrent-reset-start]
2017-02-15T23:01:24.523+0100: 2,914: [CMS-concurrent-reset: 0,005/0,005 secs] [Times: user=0,02 sys=0,01, real=0,01 secs] 
{Heap before GC invocations=5 (full 1):
 par new generation   total 109248K, used 98907K [0x00000000e0000000, 0x00000000e8000000, 0x00000000e8000000)
  eden space 87424K, 100% used [0x00000000e0000000, 0x00000000e5560000, 0x00000000e5560000)
  from space 21824K,  52% used [0x00000000e6ab0000, 0x00000000e75e6dc0, 0x00000000e8000000)
  to   space 21824K,   0% used [0x00000000e5560000, 0x00000000e5560000, 0x00000000e6ab0000)
 concurrent mark-sweep generation total 393216K, used 0K [0x00000000e8000000, 0x0000000100000000, 0x0000000100000000)
 Metaspace       used 21410K, capacity 21828K, committed 21884K, reserved 1069056K
  class space    used 2471K, capacity 2645K, committed 2684K, reserved 1048576K
2017-02-15T23:01:24.605+0100: 2,996: [GC (Allocation Failure) 2017-02-15T23:01:24.605+0100: 2,996: [ParNew
Desired survivor size 20112992 bytes, new threshold 8 (max 8)
- age   1:     607000 bytes,     607000 total
- age   2:        264 bytes,     607264 total
- age   3:     182088 bytes,     789352 total
- age   4:    1445592 bytes,    2234944 total
- age   5:     825976 bytes,    3060920 total
- age   6:    6658136 bytes,    9719056 total
: 98907K->14675K(109248K), 0,0121956 secs] 98907K->14675K(502464K), 0,0122765 secs] [Times: user=0,04 sys=0,00, real=0,01 secs] 
Heap after GC invocations=6 (full 1):
 par new generation   total 109248K, used 14675K [0x00000000e0000000, 0x00000000e8000000, 0x00000000e8000000)
  eden space 87424K,   0% used [0x00000000e0000000, 0x00000000e0000000, 0x00000000e5560000)
  from space 21824K,  67% used [0x00000000e5560000, 0x00000000e63b4d90, 0x00000000e6ab0000)
  to   space 21824K,   0% used [0x00000000e6ab0000, 0x00000000e6ab0000, 0x00000000e8000000)
 concurrent mark-sweep generation total 393216K, used 0K [0x00000000e8000000, 0x0000000100000000, 0x0000000100000000)
 Metaspace       used 21410K, capacity 21828K, committed 21884K, reserved 1069056K
  class space    used 2471K, capacity 2645K, committed 2684K, reserved 1048576K
}
2017-02-15T23:01:24.617+0100: 3,008: Total time for which application threads were stopped: 0,0125955 seconds, Stopping threads took: 0,0001475 seconds
2017-02-15T23:01:24.651+0100: 3,041: Total time for which application threads were stopped: 0,0004329 seconds, Stopping threads took: 0,0000268 seconds
2017-02-15T23:01:24.844+0100: 3,235: Total time for which application threads were stopped: 0,0004749 seconds, Stopping threads took: 0,0000451 seconds
2017-02-15T23:01:24.860+0100: 3,250: Total time for which application threads were stopped: 0,0003750 seconds, Stopping threads took: 0,0000286 seconds
{Heap before GC invocations=6 (full 1):
 par new generation   total 109248K, used 102099K [0x00000000e0000000, 0x00000000e8000000, 0x00000000e8000000)
  eden space 87424K, 100% used [0x00000000e0000000, 0x00000000e5560000, 0x00000000e5560000)
  from space 21824K,  67% used [0x00000000e5560000, 0x00000000e63b4d90, 0x00000000e6ab0000)
  to   space 21824K,   0% used [0x00000000e6ab0000, 0x00000000e6ab0000, 0x00000000e8000000)
 concurrent mark-sweep generation total 393216K, used 0K [0x00000000e8000000, 0x0000000100000000, 0x0000000100000000)
 Metaspace       used 24401K, capacity 24908K, committed 25084K, reserved 1071104K
  class space    used 2865K, capacity 3053K, committed 3068K, reserved 1048576K
2017-02-15T23:01:25.055+0100: 3,445: [GC (Allocation Failure) 2017-02-15T23:01:25.055+0100: 3,445: [ParNew
Desired survivor size 20112992 bytes, new threshold 8 (max 8)
- age   1:    5652576 bytes,    5652576 total
- age   2:     114832 bytes,    5767408 total
- age   3:        264 bytes,    5767672 total
- age   4:     180704 bytes,    5948376 total
- age   5:     275624 bytes,    6224000 total
- age   6:     801624 bytes,    7025624 total
- age   7:    6650904 bytes,   13676528 total
: 102099K->15642K(109248K), 0,0141444 secs] 102099K->15642K(502464K), 0,0142244 secs] [Times: user=0,06 sys=0,00, real=0,02 secs] 
Heap after GC invocations=7 (full 1):
 par new generation   total 109248K, used 15642K [0x00000000e0000000, 0x00000000e8000000, 0x00000000e8000000)
  eden space 87424K,   0% used [0x00000000e0000000, 0x00000000e0000000, 0x00000000e5560000)
  from space 21824K,  71% used [0x00000000e6ab0000, 0x00000000e79f6980, 0x00000000e8000000)
  to   space 21824K,   0% used [0x00000000e5560000, 0x00000000e5560000, 0x00000000e6ab0000)
 concurrent mark-sweep generation total 393216K, used 0K [0x00000000e8000000, 0x0000000100000000, 0x0000000100000000)
 Metaspace       used 24401K, capacity 24908K, committed 25084K, reserved 1071104K
  class space    used 2865K, capacity 3053K, committed 3068K, reserved 1048576K
}
2017-02-15T23:01:25.069+0100: 3,460: Total time for which application threads were stopped: 0,0153181 seconds, Stopping threads took: 0,0007869 seconds
{Heap before GC invocations=7 (full 1):
 par new generation   total 109248K, used 103066K [0x00000000e0000000, 0x00000000e8000000, 0x00000000e8000000)
  eden space 87424K, 100% used [0x00000000e0000000, 0x00000000e5560000, 0x00000000e5560000)
  from space 21824K,  71% used [0x00000000e6ab0000, 0x00000000e79f6980, 0x00000000e8000000)
  to   space 21824K,   0% used [0x00000000e5560000, 0x00000000e5560000, 0x00000000e6ab0000)
 concurrent mark-sweep generation total 393216K, used 0K [0x00000000e8000000, 0x0000000100000000, 0x0000000100000000)
 Metaspace       used 24850K, capacity 25346K, committed 25468K, reserved 1071104K
  class space    used 2906K, capacity 3089K, committed 3196K, reserved 1048576K
2017-02-15T23:01:25.198+0100: 3,589: [GC (Allocation Failure) 2017-02-15T23:01:25.198+0100: 3,589: [ParNew
Desired survivor size 20112992 bytes, new threshold 8 (max 8)
- age   1:     886024 bytes,     886024 total
- age   2:    1825816 bytes,    2711840 total
- age   3:      79392 bytes,    2791232 total
- age   5:     147200 bytes,    2938432 total
- age   6:     228912 bytes,    3167344 total
- age   7:     775656 bytes,    3943000 total
- age   8:    6384200 bytes,   10327200 total
: 103066K->16701K(109248K), 0,0123395 secs] 103066K->16701K(502464K), 0,0124172 secs] [Times: user=0,03 sys=0,00, real=0,02 secs] 
Heap after GC invocations=8 (full 1):
 par new generation   total 109248K, used 16701K [0x00000000e0000000, 0x00000000e8000000, 0x00000000e8000000)
  eden space 87424K,   0% used [0x00000000e0000000, 0x00000000e0000000, 0x00000000e5560000)
  from space 21824K,  76% used [0x00000000e5560000, 0x00000000e65af580, 0x00000000e6ab0000)
  to   space 21824K,   0% used [0x00000000e6ab0000, 0x00000000e6ab0000, 0x00000000e8000000)
 concurrent mark-sweep generation total 393216K, used 0K [0x00000000e8000000, 0x0000000100000000, 0x0000000100000000)
 Metaspace       used 24850K, capacity 25346K, committed 25468K, reserved 1071104K
  class space    used 2906K, capacity 3089K, committed 3196K, reserved 1048576K
}
2017-02-15T23:01:25.210+0100: 3,601: Total time for which application threads were stopped: 0,0167129 seconds, Stopping threads took: 0,0041310 seconds
2017-02-15T23:01:25.419+0100: 3,810: Total time for which application threads were stopped: 0,0004536 seconds, Stopping threads took: 0,0000359 seconds
2017-02-15T23:01:25.439+0100: 3,830: Total time for which application threads were stopped: 0,0032607 seconds, Stopping threads took: 0,0028863 seconds
2017-02-15T23:01:25.484+0100: 3,875: Total time for which application threads were stopped: 0,0003632 seconds, Stopping threads took: 0,0000289 seconds
2017-02-15T23:01:25.660+0100: 4,051: Total time for which application threads were stopped: 0,0005143 seconds, Stopping threads took: 0,0000165 seconds
2017-02-15T23:01:53.664+0100: 32,055: Total time for which application threads were stopped: 0,0000813 seconds, Stopping threads took: 0,0000316 seconds
2017-02-15T23:02:18.668+0100: 57,059: Total time for which application threads were stopped: 0,0000782 seconds, Stopping threads took: 0,0000301 seconds
2017-02-15T23:03:28.686+0100: 127,077: Total time for which application threads were stopped: 0,0008786 seconds, Stopping threads took: 0,0006223 seconds
2017-02-15T23:03:33.687+0100: 132,078: Total time for which application threads were stopped: 0,0002891 seconds, Stopping threads took: 0,0000916 seconds
2017-02-15T23:04:22.691+0100: 181,082: Total time for which application threads were stopped: 0,0000899 seconds, Stopping threads took: 0,0000343 seconds
2017-02-15T23:05:48.700+0100: 267,091: Total time for which application threads were stopped: 0,0004787 seconds, Stopping threads took: 0,0001866 seconds
2017-02-15T23:05:52.701+0100: 271,092: Total time for which application threads were stopped: 0,0001146 seconds, Stopping threads took: 0,0000266 seconds
2017-02-15T23:12:08.738+0100: 647,129: Total time for which application threads were stopped: 0,0004081 seconds, Stopping threads took: 0,0001634 seconds
2017-02-15T23:15:18.756+0100: 837,147: Total time for which application threads were stopped: 0,0000853 seconds, Stopping threads took: 0,0000298 seconds
2017-02-15T23:17:23.769+0100: 962,159: Total time for which application threads were stopped: 0,0000818 seconds, Stopping threads took: 0,0000254 seconds
2017-02-15T23:17:28.769+0100: 967,160: Total time for which application threads were stopped: 0,0000696 seconds, Stopping threads took: 0,0000162 seconds
2017-02-15T23:24:52.812+0100: 1411,202: Total time for which application threads were stopped: 0,0001280 seconds, Stopping threads took: 0,0000391 seconds
2017-02-15T23:28:03.830+0100: 1602,220: Total time for which application threads were stopped: 0,0000849 seconds, Stopping threads took: 0,0000293 seconds
2017-02-15T23:30:07.843+0100: 1726,234: Total time for which application threads were stopped: 0,0004668 seconds, Stopping threads took: 0,0001611 seconds
2017-02-15T23:35:12.871+0100: 2031,261: Total time for which application threads were stopped: 0,0000881 seconds, Stopping threads took: 0,0000299 seconds
2017-02-15T23:39:42.898+0100: 2301,289: Total time for which application threads were stopped: 0,0005601 seconds, Stopping threads took: 0,0002540 seconds
2017-02-15T23:39:43.899+0100: 2302,289: Total time for which application threads were stopped: 0,0001375 seconds, Stopping threads took: 0,0000325 seconds
2017-02-15T23:42:22.913+0100: 2461,304: Total time for which application threads were stopped: 0,0001213 seconds, Stopping threads took: 0,0000366 seconds
2017-02-15T23:43:53.922+0100: 2552,313: Total time for which application threads were stopped: 0,0001062 seconds, Stopping threads took: 0,0000363 seconds
2017-02-15T23:49:23.956+0100: 2882,346: Total time for which application threads were stopped: 0,0000967 seconds, Stopping threads took: 0,0000303 seconds
2017-02-15T23:49:53.958+0100: 2912,349: Total time for which application threads were stopped: 0,0001186 seconds, Stopping threads took: 0,0000353 seconds
{Heap before GC invocations=8 (full 1):
 par new generation   total 109248K, used 104125K [0x00000000e0000000, 0x00000000e8000000, 0x00000000e8000000)
  eden space 87424K, 100% used [0x00000000e0000000, 0x00000000e5560000, 0x00000000e5560000)
  from space 21824K,  76% used [0x00000000e5560000, 0x00000000e65af580, 0x00000000e6ab0000)
  to   space 21824K,   0% used [0x00000000e6ab0000, 0x00000000e6ab0000, 0x00000000e8000000)
 concurrent mark-sweep generation total 393216K, used 0K [0x00000000e8000000, 0x0000000100000000, 0x0000000100000000)
 Metaspace       used 28091K, capacity 28678K, committed 28796K, reserved 1075200K
  class space    used 3230K, capacity 3405K, committed 3452K, reserved 1048576K
2017-02-15T23:51:35.899+0100: 3014,290: [GC (Allocation Failure) 2017-02-15T23:51:35.899+0100: 3014,290: [ParNew
Desired survivor size 20112992 bytes, new threshold 8 (max 8)
- age   1:   12757200 bytes,   12757200 total
- age   2:     435496 bytes,   13192696 total
- age   3:    1805032 bytes,   14997728 total
- age   4:      79392 bytes,   15077120 total
- age   6:     142016 bytes,   15219136 total
- age   7:     228528 bytes,   15447664 total
- age   8:     772600 bytes,   16220264 total
: 104125K->18602K(109248K), 0,1086371 secs] 104125K->25300K(502464K), 0,1087369 secs] [Times: user=0,13 sys=0,00, real=0,11 secs] 
Heap after GC invocations=9 (full 1):
 par new generation   total 109248K, used 18602K [0x00000000e0000000, 0x00000000e8000000, 0x00000000e8000000)
  eden space 87424K,   0% used [0x00000000e0000000, 0x00000000e0000000, 0x00000000e5560000)
  from space 21824K,  85% used [0x00000000e6ab0000, 0x00000000e7cdaa50, 0x00000000e8000000)
  to   space 21824K,   0% used [0x00000000e5560000, 0x00000000e5560000, 0x00000000e6ab0000)
 concurrent mark-sweep generation total 393216K, used 6697K [0x00000000e8000000, 0x0000000100000000, 0x0000000100000000)
 Metaspace       used 28091K, capacity 28678K, committed 28796K, reserved 1075200K
  class space    used 3230K, capacity 3405K, committed 3452K, reserved 1048576K
}
2017-02-15T23:51:36.008+0100: 3014,399: Total time for which application threads were stopped: 0,1148563 seconds, Stopping threads took: 0,0058910 seconds
2017-02-15T23:51:36.025+0100: 3014,416: Total time for which application threads were stopped: 0,0002251 seconds, Stopping threads took: 0,0001035 seconds
2017-02-15T23:51:36.027+0100: 3014,418: Total time for which application threads were stopped: 0,0001978 seconds, Stopping threads took: 0,0000609 seconds
2017-02-15T23:51:36.038+0100: 3014,429: Total time for which application threads were stopped: 0,0001757 seconds, Stopping threads took: 0,0000458 seconds
Heap
 par new generation   total 109248K, used 23621K [0x00000000e0000000, 0x00000000e8000000, 0x00000000e8000000)
  eden space 87424K,   5% used [0x00000000e0000000, 0x00000000e04e6d40, 0x00000000e5560000)
  from space 21824K,  85% used [0x00000000e6ab0000, 0x00000000e7cdaa50, 0x00000000e8000000)
  to   space 21824K,   0% used [0x00000000e5560000, 0x00000000e5560000, 0x00000000e6ab0000)
 concurrent mark-sweep generation total 393216K, used 6697K [0x00000000e8000000, 0x0000000100000000, 0x0000000100000000)
 Metaspace       used 28164K, capacity 28774K, committed 29052K, reserved 1075200K
  class space    used 3237K, capacity 3437K, committed 3452K, reserved 1048576K
