OpenJDK 64-Bit Server VM (25.121-b13) for linux-amd64 JRE (1.8.0_121-8u121-b13-0ubuntu1.16.04.2-b13), built on Jan 23 2017 15:51:29 by "buildd" with gcc 5.4.0 20160609
Memory: 4k page, physical 7867760k(7438540k free), swap 8076284k(8076284k free)
CommandLine flags: -XX:CMSInitiatingOccupancyFraction=50 -XX:CMSMaxAbortablePrecleanTime=6000 -XX:+CMSParallelRemarkEnabled -XX:+CMSScavengeBeforeRemark -XX:ConcGCThreads=4 -XX:InitialHeapSize=536870912 -XX:MaxHeapSize=536870912 -XX:MaxTenuringThreshold=8 -XX:NewRatio=3 -XX:OldPLABSize=16 -XX:OnOutOfMemoryError=/opt/solr/bin/oom_solr.sh 8983 /var/solr/logs -XX:ParallelGCThreads=4 -XX:+ParallelRefProcEnabled -XX:PretenureSizeThreshold=67108864 -XX:+PrintGC -XX:+PrintGCApplicationStoppedTime -XX:+PrintGCDateStamps -XX:+PrintGCDetails -XX:+PrintGCTimeStamps -XX:+PrintHeapAtGC -XX:+PrintTenuringDistribution -XX:SurvivorRatio=4 -XX:TargetSurvivorRatio=90 -XX:ThreadStackSize=256 -XX:+UseCMSInitiatingOccupancyOnly -XX:+UseCompressedClassPointers -XX:+UseCompressedOops -XX:+UseConcMarkSweepGC -XX:+UseParNewGC 
2017-03-29T15:11:41.696+0200: 0,120: Total time for which application threads were stopped: 0,0000642 seconds, Stopping threads took: 0,0000094 seconds
2017-03-29T15:11:41.773+0200: 0,198: Total time for which application threads were stopped: 0,0001004 seconds, Stopping threads took: 0,0000136 seconds
2017-03-29T15:11:41.786+0200: 0,210: Total time for which application threads were stopped: 0,0000717 seconds, Stopping threads took: 0,0000085 seconds
2017-03-29T15:11:42.506+0200: 0,931: Total time for which application threads were stopped: 0,0001990 seconds, Stopping threads took: 0,0000235 seconds
2017-03-29T15:11:42.585+0200: 1,010: Total time for which application threads were stopped: 0,0001819 seconds, Stopping threads took: 0,0000337 seconds
2017-03-29T15:11:42.637+0200: 1,062: Total time for which application threads were stopped: 0,0001772 seconds, Stopping threads took: 0,0000177 seconds
2017-03-29T15:11:43.049+0200: 1,474: Total time for which application threads were stopped: 0,0002223 seconds, Stopping threads took: 0,0000228 seconds
2017-03-29T15:11:43.275+0200: 1,700: Total time for which application threads were stopped: 0,0002045 seconds, Stopping threads took: 0,0000143 seconds
2017-03-29T15:11:43.303+0200: 1,728: Total time for which application threads were stopped: 0,0002562 seconds, Stopping threads took: 0,0000176 seconds
2017-03-29T15:11:43.336+0200: 1,760: Total time for which application threads were stopped: 0,0002051 seconds, Stopping threads took: 0,0000266 seconds
2017-03-29T15:11:43.337+0200: 1,761: Total time for which application threads were stopped: 0,0002313 seconds, Stopping threads took: 0,0000341 seconds
2017-03-29T15:11:43.354+0200: 1,778: Total time for which application threads were stopped: 0,0002161 seconds, Stopping threads took: 0,0000232 seconds
2017-03-29T15:11:43.455+0200: 1,880: Total time for which application threads were stopped: 0,0002213 seconds, Stopping threads took: 0,0000189 seconds
2017-03-29T15:11:43.652+0200: 2,077: Total time for which application threads were stopped: 0,0003051 seconds, Stopping threads took: 0,0000531 seconds
{Heap before GC invocations=0 (full 0):
 par new generation   total 109248K, used 87424K [0x00000000e0000000, 0x00000000e8000000, 0x00000000e8000000)
  eden space 87424K, 100% used [0x00000000e0000000, 0x00000000e5560000, 0x00000000e5560000)
  from space 21824K,   0% used [0x00000000e5560000, 0x00000000e5560000, 0x00000000e6ab0000)
  to   space 21824K,   0% used [0x00000000e6ab0000, 0x00000000e6ab0000, 0x00000000e8000000)
 concurrent mark-sweep generation total 393216K, used 0K [0x00000000e8000000, 0x0000000100000000, 0x0000000100000000)
 Metaspace       used 18014K, capacity 18336K, committed 18688K, reserved 1064960K
  class space    used 2036K, capacity 2196K, committed 2304K, reserved 1048576K
2017-03-29T15:11:43.744+0200: 2,168: [GC (Allocation Failure) 2017-03-29T15:11:43.744+0200: 2,168: [ParNew
Desired survivor size 20112992 bytes, new threshold 8 (max 8)
- age   1:   12594528 bytes,   12594528 total
: 87424K->12417K(109248K), 0,0160149 secs] 87424K->12417K(502464K), 0,0161086 secs] [Times: user=0,05 sys=0,01, real=0,02 secs] 
Heap after GC invocations=1 (full 0):
 par new generation   total 109248K, used 12417K [0x00000000e0000000, 0x00000000e8000000, 0x00000000e8000000)
  eden space 87424K,   0% used [0x00000000e0000000, 0x00000000e0000000, 0x00000000e5560000)
  from space 21824K,  56% used [0x00000000e6ab0000, 0x00000000e76d06b0, 0x00000000e8000000)
  to   space 21824K,   0% used [0x00000000e5560000, 0x00000000e5560000, 0x00000000e6ab0000)
 concurrent mark-sweep generation total 393216K, used 0K [0x00000000e8000000, 0x0000000100000000, 0x0000000100000000)
 Metaspace       used 18014K, capacity 18336K, committed 18688K, reserved 1064960K
  class space    used 2036K, capacity 2196K, committed 2304K, reserved 1048576K
}
2017-03-29T15:11:43.760+0200: 2,185: Total time for which application threads were stopped: 0,0163781 seconds, Stopping threads took: 0,0000540 seconds
2017-03-29T15:11:44.069+0200: 2,494: Total time for which application threads were stopped: 0,0003777 seconds, Stopping threads took: 0,0000571 seconds
2017-03-29T15:11:44.111+0200: 2,535: Total time for which application threads were stopped: 0,0009636 seconds, Stopping threads took: 0,0007045 seconds
{Heap before GC invocations=1 (full 0):
 par new generation   total 109248K, used 99841K [0x00000000e0000000, 0x00000000e8000000, 0x00000000e8000000)
  eden space 87424K, 100% used [0x00000000e0000000, 0x00000000e5560000, 0x00000000e5560000)
  from space 21824K,  56% used [0x00000000e6ab0000, 0x00000000e76d06b0, 0x00000000e8000000)
  to   space 21824K,   0% used [0x00000000e5560000, 0x00000000e5560000, 0x00000000e6ab0000)
 concurrent mark-sweep generation total 393216K, used 0K [0x00000000e8000000, 0x0000000100000000, 0x0000000100000000)
 Metaspace       used 20043K, capacity 20362K, committed 20736K, reserved 1067008K
  class space    used 2295K, capacity 2467K, committed 2560K, reserved 1048576K
2017-03-29T15:11:44.115+0200: 2,540: [GC (Allocation Failure) 2017-03-29T15:11:44.115+0200: 2,540: [ParNew
Desired survivor size 20112992 bytes, new threshold 8 (max 8)
- age   1:    3746472 bytes,    3746472 total
- age   2:    6664792 bytes,   10411264 total
: 99841K->13722K(109248K), 0,0139015 secs] 99841K->13722K(502464K), 0,0139730 secs] [Times: user=0,04 sys=0,00, real=0,01 secs] 
Heap after GC invocations=2 (full 0):
 par new generation   total 109248K, used 13722K [0x00000000e0000000, 0x00000000e8000000, 0x00000000e8000000)
  eden space 87424K,   0% used [0x00000000e0000000, 0x00000000e0000000, 0x00000000e5560000)
  from space 21824K,  62% used [0x00000000e5560000, 0x00000000e62c6b60, 0x00000000e6ab0000)
  to   space 21824K,   0% used [0x00000000e6ab0000, 0x00000000e6ab0000, 0x00000000e8000000)
 concurrent mark-sweep generation total 393216K, used 0K [0x00000000e8000000, 0x0000000100000000, 0x0000000100000000)
 Metaspace       used 20043K, capacity 20362K, committed 20736K, reserved 1067008K
  class space    used 2295K, capacity 2467K, committed 2560K, reserved 1048576K
}
2017-03-29T15:11:44.129+0200: 2,554: Total time for which application threads were stopped: 0,0147525 seconds, Stopping threads took: 0,0006552 seconds
2017-03-29T15:11:44.163+0200: 2,587: Total time for which application threads were stopped: 0,0041423 seconds, Stopping threads took: 0,0036223 seconds
2017-03-29T15:11:44.322+0200: 2,747: Total time for which application threads were stopped: 0,0001930 seconds, Stopping threads took: 0,0000380 seconds
{Heap before GC invocations=2 (full 0):
 par new generation   total 109248K, used 101146K [0x00000000e0000000, 0x00000000e8000000, 0x00000000e8000000)
  eden space 87424K, 100% used [0x00000000e0000000, 0x00000000e5560000, 0x00000000e5560000)
  from space 21824K,  62% used [0x00000000e5560000, 0x00000000e62c6b60, 0x00000000e6ab0000)
  to   space 21824K,   0% used [0x00000000e6ab0000, 0x00000000e6ab0000, 0x00000000e8000000)
 concurrent mark-sweep generation total 393216K, used 0K [0x00000000e8000000, 0x0000000100000000, 0x0000000100000000)
 Metaspace       used 20965K, capacity 21284K, committed 21628K, reserved 1069056K
  class space    used 2417K, capacity 2586K, committed 2684K, reserved 1048576K
2017-03-29T15:11:44.360+0200: 2,785: [GC (Allocation Failure) 2017-03-29T15:11:44.360+0200: 2,785: [ParNew
Desired survivor size 20112992 bytes, new threshold 8 (max 8)
- age   1:    1998008 bytes,    1998008 total
- age   2:     846184 bytes,    2844192 total
- age   3:    6659472 bytes,    9503664 total
: 101146K->11545K(109248K), 0,0134002 secs] 101146K->11545K(502464K), 0,0134898 secs] [Times: user=0,05 sys=0,00, real=0,01 secs] 
Heap after GC invocations=3 (full 0):
 par new generation   total 109248K, used 11545K [0x00000000e0000000, 0x00000000e8000000, 0x00000000e8000000)
  eden space 87424K,   0% used [0x00000000e0000000, 0x00000000e0000000, 0x00000000e5560000)
  from space 21824K,  52% used [0x00000000e6ab0000, 0x00000000e75f6600, 0x00000000e8000000)
  to   space 21824K,   0% used [0x00000000e5560000, 0x00000000e5560000, 0x00000000e6ab0000)
 concurrent mark-sweep generation total 393216K, used 0K [0x00000000e8000000, 0x0000000100000000, 0x0000000100000000)
 Metaspace       used 20965K, capacity 21284K, committed 21628K, reserved 1069056K
  class space    used 2417K, capacity 2586K, committed 2684K, reserved 1048576K
}
2017-03-29T15:11:44.374+0200: 2,799: Total time for which application threads were stopped: 0,0139749 seconds, Stopping threads took: 0,0002952 seconds
2017-03-29T15:11:44.374+0200: 2,799: [GC (CMS Initial Mark) [1 CMS-initial-mark: 0K(393216K)] 12255K(502464K), 0,0051347 secs] [Times: user=0,01 sys=0,00, real=0,01 secs] 
2017-03-29T15:11:44.379+0200: 2,804: Total time for which application threads were stopped: 0,0053052 seconds, Stopping threads took: 0,0000312 seconds
2017-03-29T15:11:44.379+0200: 2,804: [CMS-concurrent-mark-start]
2017-03-29T15:11:44.380+0200: 2,804: [CMS-concurrent-mark: 0,000/0,000 secs] [Times: user=0,01 sys=0,00, real=0,00 secs] 
2017-03-29T15:11:44.380+0200: 2,804: [CMS-concurrent-preclean-start]
2017-03-29T15:11:44.380+0200: 2,805: [CMS-concurrent-preclean: 0,001/0,001 secs] [Times: user=0,00 sys=0,00, real=0,00 secs] 
2017-03-29T15:11:44.389+0200: 2,814: [GC (CMS Final Remark) [YG occupancy: 24494 K (109248 K)]{Heap before GC invocations=3 (full 1):
 par new generation   total 109248K, used 24494K [0x00000000e0000000, 0x00000000e8000000, 0x00000000e8000000)
  eden space 87424K,  14% used [0x00000000e0000000, 0x00000000e0ca52a8, 0x00000000e5560000)
  from space 21824K,  52% used [0x00000000e6ab0000, 0x00000000e75f6600, 0x00000000e8000000)
  to   space 21824K,   0% used [0x00000000e5560000, 0x00000000e5560000, 0x00000000e6ab0000)
 concurrent mark-sweep generation total 393216K, used 0K [0x00000000e8000000, 0x0000000100000000, 0x0000000100000000)
 Metaspace       used 20998K, capacity 21348K, committed 21628K, reserved 1069056K
  class space    used 2421K, capacity 2586K, committed 2684K, reserved 1048576K
2017-03-29T15:11:44.389+0200: 2,814: [GC (CMS Final Remark) 2017-03-29T15:11:44.389+0200: 2,814: [ParNew
Desired survivor size 20112992 bytes, new threshold 8 (max 8)
- age   1:      39488 bytes,      39488 total
- age   2:    1469416 bytes,    1508904 total
- age   3:     815016 bytes,    2323920 total
- age   4:    6659328 bytes,    8983248 total
: 24494K->12605K(109248K), 0,0092050 secs] 24494K->12605K(502464K), 0,0092446 secs] [Times: user=0,03 sys=0,00, real=0,02 secs] 
Heap after GC invocations=4 (full 1):
 par new generation   total 109248K, used 12605K [0x00000000e0000000, 0x00000000e8000000, 0x00000000e8000000)
  eden space 87424K,   0% used [0x00000000e0000000, 0x00000000e0000000, 0x00000000e5560000)
  from space 21824K,  57% used [0x00000000e5560000, 0x00000000e61af650, 0x00000000e6ab0000)
  to   space 21824K,   0% used [0x00000000e6ab0000, 0x00000000e6ab0000, 0x00000000e8000000)
 concurrent mark-sweep generation total 393216K, used 0K [0x00000000e8000000, 0x0000000100000000, 0x0000000100000000)
 Metaspace       used 20998K, capacity 21348K, committed 21628K, reserved 1069056K
  class space    used 2421K, capacity 2586K, committed 2684K, reserved 1048576K
}
2017-03-29T15:11:44.399+0200: 2,823: [Rescan (parallel) , 0,0035393 secs]2017-03-29T15:11:44.402+0200: 2,827: [weak refs processing, 0,0007762 secs]2017-03-29T15:11:44.403+0200: 2,828: [class unloading, 0,0027444 secs]2017-03-29T15:11:44.406+0200: 2,830: [scrub symbol table, 0,0024672 secs]2017-03-29T15:11:44.408+0200: 2,833: [scrub string table, 0,0003637 secs][1 CMS-remark: 0K(393216K)] 12605K(502464K), 0,0197930 secs] [Times: user=0,05 sys=0,00, real=0,02 secs] 
2017-03-29T15:11:44.409+0200: 2,834: Total time for which application threads were stopped: 0,0199523 seconds, Stopping threads took: 0,0000629 seconds
2017-03-29T15:11:44.410+0200: 2,835: [CMS-concurrent-sweep-start]
2017-03-29T15:11:44.410+0200: 2,835: [CMS-concurrent-sweep: 0,000/0,000 secs] [Times: user=0,00 sys=0,00, real=0,00 secs] 
2017-03-29T15:11:44.410+0200: 2,835: [CMS-concurrent-reset-start]
2017-03-29T15:11:44.412+0200: 2,837: [CMS-concurrent-reset: 0,002/0,002 secs] [Times: user=0,01 sys=0,00, real=0,00 secs] 
{Heap before GC invocations=4 (full 1):
 par new generation   total 109248K, used 100029K [0x00000000e0000000, 0x00000000e8000000, 0x00000000e8000000)
  eden space 87424K, 100% used [0x00000000e0000000, 0x00000000e5560000, 0x00000000e5560000)
  from space 21824K,  57% used [0x00000000e5560000, 0x00000000e61af650, 0x00000000e6ab0000)
  to   space 21824K,   0% used [0x00000000e6ab0000, 0x00000000e6ab0000, 0x00000000e8000000)
 concurrent mark-sweep generation total 393216K, used 0K [0x00000000e8000000, 0x0000000100000000, 0x0000000100000000)
 Metaspace       used 21224K, capacity 21554K, committed 21884K, reserved 1069056K
  class space    used 2448K, capacity 2600K, committed 2684K, reserved 1048576K
2017-03-29T15:11:44.527+0200: 2,952: [GC (Allocation Failure) 2017-03-29T15:11:44.527+0200: 2,952: [ParNew
Desired survivor size 20112992 bytes, new threshold 8 (max 8)
- age   1:     826696 bytes,     826696 total
- age   2:      14560 bytes,     841256 total
- age   3:    1468952 bytes,    2310208 total
- age   4:     810912 bytes,    3121120 total
- age   5:    6659296 bytes,    9780416 total
: 100029K->12128K(109248K), 0,0103877 secs] 100029K->12128K(502464K), 0,0104507 secs] [Times: user=0,04 sys=0,00, real=0,01 secs] 
Heap after GC invocations=5 (full 1):
 par new generation   total 109248K, used 12128K [0x00000000e0000000, 0x00000000e8000000, 0x00000000e8000000)
  eden space 87424K,   0% used [0x00000000e0000000, 0x00000000e0000000, 0x00000000e5560000)
  from space 21824K,  55% used [0x00000000e6ab0000, 0x00000000e76883e8, 0x00000000e8000000)
  to   space 21824K,   0% used [0x00000000e5560000, 0x00000000e5560000, 0x00000000e6ab0000)
 concurrent mark-sweep generation total 393216K, used 0K [0x00000000e8000000, 0x0000000100000000, 0x0000000100000000)
 Metaspace       used 21224K, capacity 21554K, committed 21884K, reserved 1069056K
  class space    used 2448K, capacity 2600K, committed 2684K, reserved 1048576K
}
2017-03-29T15:11:44.537+0200: 2,962: Total time for which application threads were stopped: 0,0106554 seconds, Stopping threads took: 0,0000638 seconds
{Heap before GC invocations=5 (full 1):
 par new generation   total 109248K, used 99552K [0x00000000e0000000, 0x00000000e8000000, 0x00000000e8000000)
  eden space 87424K, 100% used [0x00000000e0000000, 0x00000000e5560000, 0x00000000e5560000)
  from space 21824K,  55% used [0x00000000e6ab0000, 0x00000000e76883e8, 0x00000000e8000000)
  to   space 21824K,   0% used [0x00000000e5560000, 0x00000000e5560000, 0x00000000e6ab0000)
 concurrent mark-sweep generation total 393216K, used 0K [0x00000000e8000000, 0x0000000100000000, 0x0000000100000000)
 Metaspace       used 21445K, capacity 21796K, committed 21884K, reserved 1069056K
  class space    used 2472K, capacity 2635K, committed 2684K, reserved 1048576K
2017-03-29T15:11:44.638+0200: 3,063: [GC (Allocation Failure) 2017-03-29T15:11:44.638+0200: 3,063: [ParNew
Desired survivor size 20112992 bytes, new threshold 8 (max 8)
- age   1:     695512 bytes,     695512 total
- age   2:     192560 bytes,     888072 total
- age   3:      14032 bytes,     902104 total
- age   4:    1467496 bytes,    2369600 total
- age   5:     810824 bytes,    3180424 total
- age   6:    6659288 bytes,    9839712 total
: 99552K->14893K(109248K), 0,0161904 secs] 99552K->14893K(502464K), 0,0165883 secs] [Times: user=0,06 sys=0,00, real=0,02 secs] 
Heap after GC invocations=6 (full 1):
 par new generation   total 109248K, used 14893K [0x00000000e0000000, 0x00000000e8000000, 0x00000000e8000000)
  eden space 87424K,   0% used [0x00000000e0000000, 0x00000000e0000000, 0x00000000e5560000)
  from space 21824K,  68% used [0x00000000e5560000, 0x00000000e63eb7e8, 0x00000000e6ab0000)
  to   space 21824K,   0% used [0x00000000e6ab0000, 0x00000000e6ab0000, 0x00000000e8000000)
 concurrent mark-sweep generation total 393216K, used 0K [0x00000000e8000000, 0x0000000100000000, 0x0000000100000000)
 Metaspace       used 21445K, capacity 21796K, committed 21884K, reserved 1069056K
  class space    used 2472K, capacity 2635K, committed 2684K, reserved 1048576K
}
2017-03-29T15:11:44.655+0200: 3,079: Total time for which application threads were stopped: 0,0168076 seconds, Stopping threads took: 0,0000410 seconds
2017-03-29T15:11:44.680+0200: 3,105: Total time for which application threads were stopped: 0,0004783 seconds, Stopping threads took: 0,0000439 seconds
2017-03-29T15:11:44.919+0200: 3,344: Total time for which application threads were stopped: 0,0004247 seconds, Stopping threads took: 0,0000405 seconds
2017-03-29T15:11:44.930+0200: 3,355: Total time for which application threads were stopped: 0,0003557 seconds, Stopping threads took: 0,0000451 seconds
{Heap before GC invocations=6 (full 1):
 par new generation   total 109248K, used 102317K [0x00000000e0000000, 0x00000000e8000000, 0x00000000e8000000)
  eden space 87424K, 100% used [0x00000000e0000000, 0x00000000e5560000, 0x00000000e5560000)
  from space 21824K,  68% used [0x00000000e5560000, 0x00000000e63eb7e8, 0x00000000e6ab0000)
  to   space 21824K,   0% used [0x00000000e6ab0000, 0x00000000e6ab0000, 0x00000000e8000000)
 concurrent mark-sweep generation total 393216K, used 0K [0x00000000e8000000, 0x0000000100000000, 0x0000000100000000)
 Metaspace       used 24366K, capacity 24806K, committed 25084K, reserved 1071104K
  class space    used 2858K, capacity 3042K, committed 3068K, reserved 1048576K
2017-03-29T15:11:45.130+0200: 3,554: [GC (Allocation Failure) 2017-03-29T15:11:45.130+0200: 3,554: [ParNew
Desired survivor size 20112992 bytes, new threshold 8 (max 8)
- age   1:    6029056 bytes,    6029056 total
- age   2:     178048 bytes,    6207104 total
- age   3:     191984 bytes,    6399088 total
- age   4:      14000 bytes,    6413088 total
- age   5:     291184 bytes,    6704272 total
- age   6:     786472 bytes,    7490744 total
- age   7:    6650504 bytes,   14141248 total
: 102317K->15854K(109248K), 0,0130661 secs] 102317K->15854K(502464K), 0,0131390 secs] [Times: user=0,05 sys=0,00, real=0,02 secs] 
Heap after GC invocations=7 (full 1):
 par new generation   total 109248K, used 15854K [0x00000000e0000000, 0x00000000e8000000, 0x00000000e8000000)
  eden space 87424K,   0% used [0x00000000e0000000, 0x00000000e0000000, 0x00000000e5560000)
  from space 21824K,  72% used [0x00000000e6ab0000, 0x00000000e7a2bb20, 0x00000000e8000000)
  to   space 21824K,   0% used [0x00000000e5560000, 0x00000000e5560000, 0x00000000e6ab0000)
 concurrent mark-sweep generation total 393216K, used 0K [0x00000000e8000000, 0x0000000100000000, 0x0000000100000000)
 Metaspace       used 24366K, capacity 24806K, committed 25084K, reserved 1071104K
  class space    used 2858K, capacity 3042K, committed 3068K, reserved 1048576K
}
2017-03-29T15:11:45.143+0200: 3,568: Total time for which application threads were stopped: 0,0134365 seconds, Stopping threads took: 0,0000760 seconds
{Heap before GC invocations=7 (full 1):
 par new generation   total 109248K, used 103278K [0x00000000e0000000, 0x00000000e8000000, 0x00000000e8000000)
  eden space 87424K, 100% used [0x00000000e0000000, 0x00000000e5560000, 0x00000000e5560000)
  from space 21824K,  72% used [0x00000000e6ab0000, 0x00000000e7a2bb20, 0x00000000e8000000)
  to   space 21824K,   0% used [0x00000000e5560000, 0x00000000e5560000, 0x00000000e6ab0000)
 concurrent mark-sweep generation total 393216K, used 0K [0x00000000e8000000, 0x0000000100000000, 0x0000000100000000)
 Metaspace       used 24556K, capacity 24988K, committed 25212K, reserved 1071104K
  class space    used 2876K, capacity 3078K, committed 3196K, reserved 1048576K
2017-03-29T15:11:45.234+0200: 3,659: [GC (Allocation Failure) 2017-03-29T15:11:45.234+0200: 3,659: [ParNew
Desired survivor size 20112992 bytes, new threshold 8 (max 8)
- age   1:    1647928 bytes,    1647928 total
- age   2:    1876896 bytes,    3524824 total
- age   3:      79984 bytes,    3604808 total
- age   4:     107024 bytes,    3711832 total
- age   5:      12040 bytes,    3723872 total
- age   6:     189688 bytes,    3913560 total
- age   7:     743448 bytes,    4657008 total
- age   8:    6117888 bytes,   10774896 total
: 103278K->17234K(109248K), 0,0188751 secs] 103278K->17234K(502464K), 0,0189488 secs] [Times: user=0,05 sys=0,00, real=0,02 secs] 
Heap after GC invocations=8 (full 1):
 par new generation   total 109248K, used 17234K [0x00000000e0000000, 0x00000000e8000000, 0x00000000e8000000)
  eden space 87424K,   0% used [0x00000000e0000000, 0x00000000e0000000, 0x00000000e5560000)
  from space 21824K,  78% used [0x00000000e5560000, 0x00000000e6634b40, 0x00000000e6ab0000)
  to   space 21824K,   0% used [0x00000000e6ab0000, 0x00000000e6ab0000, 0x00000000e8000000)
 concurrent mark-sweep generation total 393216K, used 0K [0x00000000e8000000, 0x0000000100000000, 0x0000000100000000)
 Metaspace       used 24556K, capacity 24988K, committed 25212K, reserved 1071104K
  class space    used 2876K, capacity 3078K, committed 3196K, reserved 1048576K
}
2017-03-29T15:11:45.253+0200: 3,678: Total time for which application threads were stopped: 0,0211281 seconds, Stopping threads took: 0,0019666 seconds
{Heap before GC invocations=8 (full 1):
 par new generation   total 109248K, used 104658K [0x00000000e0000000, 0x00000000e8000000, 0x00000000e8000000)
  eden space 87424K, 100% used [0x00000000e0000000, 0x00000000e5560000, 0x00000000e5560000)
  from space 21824K,  78% used [0x00000000e5560000, 0x00000000e6634b40, 0x00000000e6ab0000)
  to   space 21824K,   0% used [0x00000000e6ab0000, 0x00000000e6ab0000, 0x00000000e8000000)
 concurrent mark-sweep generation total 393216K, used 0K [0x00000000e8000000, 0x0000000100000000, 0x0000000100000000)
 Metaspace       used 24866K, capacity 25318K, committed 25468K, reserved 1071104K
  class space    used 2901K, capacity 3080K, committed 3196K, reserved 1048576K
2017-03-29T15:11:45.377+0200: 3,801: [GC (Allocation Failure) 2017-03-29T15:11:45.377+0200: 3,801: [ParNew
Desired survivor size 20112992 bytes, new threshold 8 (max 8)
- age   1:     901384 bytes,     901384 total
- age   2:     631144 bytes,    1532528 total
- age   3:    1849544 bytes,    3382072 total
- age   4:      79952 bytes,    3462024 total
- age   5:     104544 bytes,    3566568 total
- age   6:      12008 bytes,    3578576 total
- age   7:     189224 bytes,    3767800 total
- age   8:     742680 bytes,    4510480 total
: 104658K->6878K(109248K), 0,0461243 secs] 104658K->12935K(502464K), 0,0461904 secs] [Times: user=0,12 sys=0,00, real=0,05 secs] 
Heap after GC invocations=9 (full 1):
 par new generation   total 109248K, used 6878K [0x00000000e0000000, 0x00000000e8000000, 0x00000000e8000000)
  eden space 87424K,   0% used [0x00000000e0000000, 0x00000000e0000000, 0x00000000e5560000)
  from space 21824K,  31% used [0x00000000e6ab0000, 0x00000000e7167b50, 0x00000000e8000000)
  to   space 21824K,   0% used [0x00000000e5560000, 0x00000000e5560000, 0x00000000e6ab0000)
 concurrent mark-sweep generation total 393216K, used 6057K [0x00000000e8000000, 0x0000000100000000, 0x0000000100000000)
 Metaspace       used 24866K, capacity 25318K, committed 25468K, reserved 1071104K
  class space    used 2901K, capacity 3080K, committed 3196K, reserved 1048576K
}
2017-03-29T15:11:45.423+0200: 3,848: Total time for which application threads were stopped: 0,0468488 seconds, Stopping threads took: 0,0004860 seconds
2017-03-29T15:11:45.624+0200: 4,049: Total time for which application threads were stopped: 0,0006246 seconds, Stopping threads took: 0,0000666 seconds
2017-03-29T15:11:45.627+0200: 4,051: Total time for which application threads were stopped: 0,0001564 seconds, Stopping threads took: 0,0000462 seconds
2017-03-29T15:11:45.631+0200: 4,055: Total time for which application threads were stopped: 0,0008465 seconds, Stopping threads took: 0,0007515 seconds
2017-03-29T15:11:45.632+0200: 4,057: Total time for which application threads were stopped: 0,0000871 seconds, Stopping threads took: 0,0000260 seconds
2017-03-29T15:11:45.633+0200: 4,058: Total time for which application threads were stopped: 0,0001704 seconds, Stopping threads took: 0,0000606 seconds
2017-03-29T15:11:45.634+0200: 4,059: Total time for which application threads were stopped: 0,0001085 seconds, Stopping threads took: 0,0000397 seconds
2017-03-29T15:11:45.637+0200: 4,062: Total time for which application threads were stopped: 0,0001348 seconds, Stopping threads took: 0,0000412 seconds
2017-03-29T15:11:45.638+0200: 4,063: Total time for which application threads were stopped: 0,0001021 seconds, Stopping threads took: 0,0000345 seconds
2017-03-29T15:11:45.638+0200: 4,063: Total time for which application threads were stopped: 0,0001101 seconds, Stopping threads took: 0,0000340 seconds
2017-03-29T15:11:45.667+0200: 4,092: Total time for which application threads were stopped: 0,0001317 seconds, Stopping threads took: 0,0000233 seconds
2017-03-29T15:11:45.668+0200: 4,093: Total time for which application threads were stopped: 0,0001109 seconds, Stopping threads took: 0,0000331 seconds
2017-03-29T15:11:45.671+0200: 4,096: Total time for which application threads were stopped: 0,0001005 seconds, Stopping threads took: 0,0000319 seconds
2017-03-29T15:11:45.672+0200: 4,097: Total time for which application threads were stopped: 0,0000751 seconds, Stopping threads took: 0,0000277 seconds
2017-03-29T15:11:45.674+0200: 4,099: Total time for which application threads were stopped: 0,0019030 seconds, Stopping threads took: 0,0018396 seconds
2017-03-29T15:11:45.676+0200: 4,100: Total time for which application threads were stopped: 0,0001090 seconds, Stopping threads took: 0,0000331 seconds
2017-03-29T15:11:45.676+0200: 4,101: Total time for which application threads were stopped: 0,0000982 seconds, Stopping threads took: 0,0000272 seconds
2017-03-29T15:11:45.692+0200: 4,117: Total time for which application threads were stopped: 0,0004202 seconds, Stopping threads took: 0,0000371 seconds
2017-03-29T15:11:45.704+0200: 4,129: Total time for which application threads were stopped: 0,0001632 seconds, Stopping threads took: 0,0000507 seconds
2017-03-29T15:11:45.708+0200: 4,133: Total time for which application threads were stopped: 0,0001308 seconds, Stopping threads took: 0,0000388 seconds
2017-03-29T15:11:45.709+0200: 4,133: Total time for which application threads were stopped: 0,0003288 seconds, Stopping threads took: 0,0000115 seconds
2017-03-29T15:11:45.710+0200: 4,135: Total time for which application threads were stopped: 0,0001247 seconds, Stopping threads took: 0,0000380 seconds
2017-03-29T15:11:45.713+0200: 4,138: Total time for which application threads were stopped: 0,0001385 seconds, Stopping threads took: 0,0000573 seconds
2017-03-29T15:11:45.714+0200: 4,139: Total time for which application threads were stopped: 0,0000965 seconds, Stopping threads took: 0,0000247 seconds
2017-03-29T15:11:45.717+0200: 4,142: Total time for which application threads were stopped: 0,0002130 seconds, Stopping threads took: 0,0000359 seconds
2017-03-29T15:11:45.719+0200: 4,144: Total time for which application threads were stopped: 0,0001381 seconds, Stopping threads took: 0,0000383 seconds
2017-03-29T15:11:45.723+0200: 4,148: Total time for which application threads were stopped: 0,0002490 seconds, Stopping threads took: 0,0001470 seconds
2017-03-29T15:11:45.724+0200: 4,149: Total time for which application threads were stopped: 0,0001138 seconds, Stopping threads took: 0,0000302 seconds
2017-03-29T15:11:45.725+0200: 4,150: Total time for which application threads were stopped: 0,0001401 seconds, Stopping threads took: 0,0000358 seconds
2017-03-29T15:11:45.777+0200: 4,202: Total time for which application threads were stopped: 0,0004593 seconds, Stopping threads took: 0,0000378 seconds
2017-03-29T15:11:45.784+0200: 4,208: Total time for which application threads were stopped: 0,0001344 seconds, Stopping threads took: 0,0000296 seconds
2017-03-29T15:11:45.784+0200: 4,209: Total time for which application threads were stopped: 0,0001174 seconds, Stopping threads took: 0,0000394 seconds
2017-03-29T15:11:45.784+0200: 4,209: Total time for which application threads were stopped: 0,0001037 seconds, Stopping threads took: 0,0000264 seconds
2017-03-29T15:11:45.791+0200: 4,215: Total time for which application threads were stopped: 0,0001053 seconds, Stopping threads took: 0,0000347 seconds
2017-03-29T15:11:45.795+0200: 4,220: Total time for which application threads were stopped: 0,0001137 seconds, Stopping threads took: 0,0000441 seconds
2017-03-29T15:11:45.806+0200: 4,231: Total time for which application threads were stopped: 0,0028624 seconds, Stopping threads took: 0,0027486 seconds
2017-03-29T15:11:45.807+0200: 4,232: Total time for which application threads were stopped: 0,0001329 seconds, Stopping threads took: 0,0000448 seconds
2017-03-29T15:11:45.808+0200: 4,232: Total time for which application threads were stopped: 0,0001036 seconds, Stopping threads took: 0,0000368 seconds
2017-03-29T15:11:45.808+0200: 4,233: Total time for which application threads were stopped: 0,0001223 seconds, Stopping threads took: 0,0000497 seconds
2017-03-29T15:11:45.810+0200: 4,234: Total time for which application threads were stopped: 0,0001365 seconds, Stopping threads took: 0,0000332 seconds
2017-03-29T15:11:45.810+0200: 4,235: Total time for which application threads were stopped: 0,0000966 seconds, Stopping threads took: 0,0000252 seconds
2017-03-29T15:11:45.810+0200: 4,235: Total time for which application threads were stopped: 0,0000913 seconds, Stopping threads took: 0,0000236 seconds
2017-03-29T15:11:45.810+0200: 4,235: Total time for which application threads were stopped: 0,0000785 seconds, Stopping threads took: 0,0000191 seconds
2017-03-29T15:11:45.811+0200: 4,235: Total time for which application threads were stopped: 0,0000742 seconds, Stopping threads took: 0,0000164 seconds
2017-03-29T15:11:45.811+0200: 4,236: Total time for which application threads were stopped: 0,0000912 seconds, Stopping threads took: 0,0000219 seconds
2017-03-29T15:11:45.811+0200: 4,236: Total time for which application threads were stopped: 0,0000799 seconds, Stopping threads took: 0,0000202 seconds
2017-03-29T15:11:45.811+0200: 4,236: Total time for which application threads were stopped: 0,0000794 seconds, Stopping threads took: 0,0000199 seconds
2017-03-29T15:11:45.811+0200: 4,236: Total time for which application threads were stopped: 0,0000873 seconds, Stopping threads took: 0,0000223 seconds
2017-03-29T15:11:45.811+0200: 4,236: Total time for which application threads were stopped: 0,0000797 seconds, Stopping threads took: 0,0000203 seconds
2017-03-29T15:11:45.812+0200: 4,237: Total time for which application threads were stopped: 0,0002484 seconds, Stopping threads took: 0,0000258 seconds
2017-03-29T15:11:45.822+0200: 4,247: Total time for which application threads were stopped: 0,0037019 seconds, Stopping threads took: 0,0036221 seconds
2017-03-29T15:11:45.825+0200: 4,250: Total time for which application threads were stopped: 0,0001236 seconds, Stopping threads took: 0,0000438 seconds
2017-03-29T15:11:45.831+0200: 4,255: Total time for which application threads were stopped: 0,0001286 seconds, Stopping threads took: 0,0000438 seconds
2017-03-29T15:11:45.845+0200: 4,270: Total time for which application threads were stopped: 0,0001322 seconds, Stopping threads took: 0,0000366 seconds
2017-03-29T15:11:45.878+0200: 4,303: Total time for which application threads were stopped: 0,0012201 seconds, Stopping threads took: 0,0011378 seconds
2017-03-29T15:11:45.899+0200: 4,324: Total time for which application threads were stopped: 0,0001166 seconds, Stopping threads took: 0,0000265 seconds
2017-03-29T15:11:45.900+0200: 4,324: Total time for which application threads were stopped: 0,0003774 seconds, Stopping threads took: 0,0000164 seconds
2017-03-29T15:11:45.900+0200: 4,325: Total time for which application threads were stopped: 0,0000878 seconds, Stopping threads took: 0,0000249 seconds
2017-03-29T15:11:46.900+0200: 5,325: Total time for which application threads were stopped: 0,0000761 seconds, Stopping threads took: 0,0000193 seconds
2017-03-29T15:11:47.901+0200: 6,325: Total time for which application threads were stopped: 0,0000616 seconds, Stopping threads took: 0,0000155 seconds
2017-03-29T15:12:03.903+0200: 22,327: Total time for which application threads were stopped: 0,0000626 seconds, Stopping threads took: 0,0000159 seconds
2017-03-29T15:12:13.904+0200: 32,329: Total time for which application threads were stopped: 0,0000625 seconds, Stopping threads took: 0,0000155 seconds
2017-03-29T15:13:38.914+0200: 117,338: Total time for which application threads were stopped: 0,0000924 seconds, Stopping threads took: 0,0000384 seconds
2017-03-29T15:13:43.915+0200: 122,339: Total time for which application threads were stopped: 0,0001225 seconds, Stopping threads took: 0,0000289 seconds
{Heap before GC invocations=9 (full 1):
 par new generation   total 109248K, used 94302K [0x00000000e0000000, 0x00000000e8000000, 0x00000000e8000000)
  eden space 87424K, 100% used [0x00000000e0000000, 0x00000000e5560000, 0x00000000e5560000)
  from space 21824K,  31% used [0x00000000e6ab0000, 0x00000000e7167b50, 0x00000000e8000000)
  to   space 21824K,   0% used [0x00000000e5560000, 0x00000000e5560000, 0x00000000e6ab0000)
 concurrent mark-sweep generation total 393216K, used 6057K [0x00000000e8000000, 0x0000000100000000, 0x0000000100000000)
 Metaspace       used 28006K, capacity 28550K, committed 28796K, reserved 1075200K
  class space    used 3213K, capacity 3386K, committed 3452K, reserved 1048576K
2017-03-29T15:14:37.529+0200: 175,954: [GC (Allocation Failure) 2017-03-29T15:14:37.529+0200: 175,954: [ParNew
Desired survivor size 20112992 bytes, new threshold 8 (max 8)
- age   1:   10666800 bytes,   10666800 total
- age   2:     616528 bytes,   11283328 total
- age   3:     228880 bytes,   11512208 total
- age   4:    1846072 bytes,   13358280 total
- age   5:      79952 bytes,   13438232 total
- age   6:     104416 bytes,   13542648 total
- age   7:      12008 bytes,   13554656 total
- age   8:     189128 bytes,   13743784 total
: 94302K->14261K(109248K), 0,0145490 secs] 100359K->21127K(502464K), 0,0146218 secs] [Times: user=0,06 sys=0,00, real=0,02 secs] 
Heap after GC invocations=10 (full 1):
 par new generation   total 109248K, used 14261K [0x00000000e0000000, 0x00000000e8000000, 0x00000000e8000000)
  eden space 87424K,   0% used [0x00000000e0000000, 0x00000000e0000000, 0x00000000e5560000)
  from space 21824K,  65% used [0x00000000e5560000, 0x00000000e634d600, 0x00000000e6ab0000)
  to   space 21824K,   0% used [0x00000000e6ab0000, 0x00000000e6ab0000, 0x00000000e8000000)
 concurrent mark-sweep generation total 393216K, used 6865K [0x00000000e8000000, 0x0000000100000000, 0x0000000100000000)
 Metaspace       used 28006K, capacity 28550K, committed 28796K, reserved 1075200K
  class space    used 3213K, capacity 3386K, committed 3452K, reserved 1048576K
}
2017-03-29T15:14:37.544+0200: 175,969: Total time for which application threads were stopped: 0,0148853 seconds, Stopping threads took: 0,0001312 seconds
2017-03-29T15:14:37.544+0200: 175,969: Total time for which application threads were stopped: 0,0000686 seconds, Stopping threads took: 0,0000222 seconds
2017-03-29T15:14:37.545+0200: 175,969: Total time for which application threads were stopped: 0,0000465 seconds, Stopping threads took: 0,0000155 seconds
2017-03-29T15:14:42.545+0200: 180,970: Total time for which application threads were stopped: 0,0000758 seconds, Stopping threads took: 0,0000180 seconds
2017-03-29T15:16:17.555+0200: 275,980: Total time for which application threads were stopped: 0,0001478 seconds, Stopping threads took: 0,0000455 seconds
2017-03-29T15:35:12.678+0200: 1411,103: Total time for which application threads were stopped: 0,0001089 seconds, Stopping threads took: 0,0000364 seconds
2017-03-29T15:39:02.701+0200: 1641,126: Total time for which application threads were stopped: 0,0005318 seconds, Stopping threads took: 0,0001982 seconds
2017-03-29T15:39:17.703+0200: 1656,127: Total time for which application threads were stopped: 0,0001074 seconds, Stopping threads took: 0,0000411 seconds
2017-03-29T15:50:02.766+0200: 2301,191: Total time for which application threads were stopped: 0,0000902 seconds, Stopping threads took: 0,0000378 seconds
2017-03-29T15:50:03.767+0200: 2302,191: Total time for which application threads were stopped: 0,0000634 seconds, Stopping threads took: 0,0000146 seconds
2017-03-29T15:51:48.777+0200: 2407,201: Total time for which application threads were stopped: 0,0000855 seconds, Stopping threads took: 0,0000313 seconds
2017-03-29T16:05:53.880+0200: 3252,305: Total time for which application threads were stopped: 0,0001826 seconds, Stopping threads took: 0,0000669 seconds
2017-03-29T16:17:43.973+0200: 3962,397: Total time for which application threads were stopped: 0,0000871 seconds, Stopping threads took: 0,0000350 seconds
2017-03-29T16:18:57.979+0200: 4036,404: Total time for which application threads were stopped: 0,0000769 seconds, Stopping threads took: 0,0000281 seconds
2017-03-29T16:19:07.980+0200: 4046,405: Total time for which application threads were stopped: 0,0000743 seconds, Stopping threads took: 0,0000154 seconds
2017-03-29T16:32:19.054+0200: 4837,479: Total time for which application threads were stopped: 0,0001258 seconds, Stopping threads took: 0,0000350 seconds
2017-03-29T16:32:24.055+0200: 4842,479: Total time for which application threads were stopped: 0,0000617 seconds, Stopping threads took: 0,0000141 seconds
2017-03-29T17:06:44.332+0200: 6902,756: Total time for which application threads were stopped: 0,0001102 seconds, Stopping threads took: 0,0000390 seconds
2017-03-29T17:11:43.359+0200: 7201,784: Total time for which application threads were stopped: 0,0000889 seconds, Stopping threads took: 0,0000358 seconds
2017-03-29T17:13:43.371+0200: 7321,795: Total time for which application threads were stopped: 0,0000750 seconds, Stopping threads took: 0,0000267 seconds
2017-03-29T17:19:13.401+0200: 7651,826: Total time for which application threads were stopped: 0,0000866 seconds, Stopping threads took: 0,0000330 seconds
2017-03-29T17:19:43.404+0200: 7681,829: Total time for which application threads were stopped: 0,0001297 seconds, Stopping threads took: 0,0000465 seconds
2017-03-29T17:20:13.407+0200: 7711,832: Total time for which application threads were stopped: 0,0000921 seconds, Stopping threads took: 0,0000367 seconds
2017-03-29T19:28:34.209+0200: 15361,773: Total time for which application threads were stopped: 0,0000909 seconds, Stopping threads took: 0,0000325 seconds
2017-03-29T19:46:04.324+0200: 16411,888: Total time for which application threads were stopped: 0,0001109 seconds, Stopping threads took: 0,0000424 seconds
2017-03-30T00:24:21.619+0200: 25481,615: Total time for which application threads were stopped: 0,0001065 seconds, Stopping threads took: 0,0000215 seconds
2017-03-30T00:24:21.639+0200: 25481,635: Total time for which application threads were stopped: 0,0001058 seconds, Stopping threads took: 0,0000331 seconds
2017-03-30T00:24:21.639+0200: 25481,635: Total time for which application threads were stopped: 0,0000489 seconds, Stopping threads took: 0,0000145 seconds
2017-03-30T00:24:21.639+0200: 25481,635: Total time for which application threads were stopped: 0,0000487 seconds, Stopping threads took: 0,0000156 seconds
2017-03-30T00:24:21.639+0200: 25481,636: Total time for which application threads were stopped: 0,0000559 seconds, Stopping threads took: 0,0000116 seconds
2017-03-30T00:24:21.640+0200: 25481,636: Total time for which application threads were stopped: 0,0000384 seconds, Stopping threads took: 0,0000106 seconds
2017-03-30T00:24:21.651+0200: 25481,647: Total time for which application threads were stopped: 0,0001315 seconds, Stopping threads took: 0,0000281 seconds
2017-03-30T00:24:21.653+0200: 25481,649: Total time for which application threads were stopped: 0,0001193 seconds, Stopping threads took: 0,0000339 seconds
2017-03-30T00:24:21.653+0200: 25481,649: Total time for which application threads were stopped: 0,0000606 seconds, Stopping threads took: 0,0000153 seconds
2017-03-30T00:24:21.653+0200: 25481,649: Total time for which application threads were stopped: 0,0000416 seconds, Stopping threads took: 0,0000117 seconds
2017-03-30T00:24:21.665+0200: 25481,661: Total time for which application threads were stopped: 0,0001707 seconds, Stopping threads took: 0,0000837 seconds
2017-03-30T00:24:21.671+0200: 25481,667: Total time for which application threads were stopped: 0,0001020 seconds, Stopping threads took: 0,0000226 seconds
2017-03-30T00:24:21.678+0200: 25481,674: Total time for which application threads were stopped: 0,0007825 seconds, Stopping threads took: 0,0000171 seconds
2017-03-30T00:24:21.678+0200: 25481,674: Total time for which application threads were stopped: 0,0000579 seconds, Stopping threads took: 0,0000083 seconds
2017-03-30T00:24:21.678+0200: 25481,675: Total time for which application threads were stopped: 0,0000684 seconds, Stopping threads took: 0,0000114 seconds
2017-03-30T00:24:21.679+0200: 25481,675: Total time for which application threads were stopped: 0,0000688 seconds, Stopping threads took: 0,0000130 seconds
2017-03-30T00:24:21.679+0200: 25481,675: Total time for which application threads were stopped: 0,0000642 seconds, Stopping threads took: 0,0000097 seconds
2017-03-30T00:24:21.680+0200: 25481,676: Total time for which application threads were stopped: 0,0000439 seconds, Stopping threads took: 0,0000085 seconds
2017-03-30T00:24:21.680+0200: 25481,676: Total time for which application threads were stopped: 0,0000440 seconds, Stopping threads took: 0,0000065 seconds
2017-03-30T00:24:21.702+0200: 25481,698: Total time for which application threads were stopped: 0,0001025 seconds, Stopping threads took: 0,0000343 seconds
2017-03-30T00:24:21.702+0200: 25481,698: Total time for which application threads were stopped: 0,0000553 seconds, Stopping threads took: 0,0000159 seconds
2017-03-30T00:24:21.702+0200: 25481,698: Total time for which application threads were stopped: 0,0000453 seconds, Stopping threads took: 0,0000136 seconds
2017-03-30T00:24:21.702+0200: 25481,699: Total time for which application threads were stopped: 0,0000496 seconds, Stopping threads took: 0,0000144 seconds
2017-03-30T00:24:21.708+0200: 25481,704: Total time for which application threads were stopped: 0,0001293 seconds, Stopping threads took: 0,0000275 seconds
2017-03-30T00:24:21.708+0200: 25481,704: Total time for which application threads were stopped: 0,0000489 seconds, Stopping threads took: 0,0000135 seconds
2017-03-30T00:24:21.708+0200: 25481,704: Total time for which application threads were stopped: 0,0000419 seconds, Stopping threads took: 0,0000108 seconds
2017-03-30T00:24:21.708+0200: 25481,704: Total time for which application threads were stopped: 0,0000394 seconds, Stopping threads took: 0,0000108 seconds
2017-03-30T00:24:21.712+0200: 25481,708: Total time for which application threads were stopped: 0,0001159 seconds, Stopping threads took: 0,0000324 seconds
2017-03-30T00:24:21.712+0200: 25481,708: Total time for which application threads were stopped: 0,0000536 seconds, Stopping threads took: 0,0000144 seconds
2017-03-30T00:24:21.712+0200: 25481,708: Total time for which application threads were stopped: 0,0000388 seconds, Stopping threads took: 0,0000061 seconds
2017-03-30T00:24:21.712+0200: 25481,708: Total time for which application threads were stopped: 0,0000459 seconds, Stopping threads took: 0,0000127 seconds
2017-03-30T00:24:21.712+0200: 25481,708: Total time for which application threads were stopped: 0,0000445 seconds, Stopping threads took: 0,0000148 seconds
2017-03-30T00:24:21.712+0200: 25481,708: Total time for which application threads were stopped: 0,0000504 seconds, Stopping threads took: 0,0000183 seconds
2017-03-30T00:24:21.712+0200: 25481,709: Total time for which application threads were stopped: 0,0000532 seconds, Stopping threads took: 0,0000185 seconds
2017-03-30T00:24:21.713+0200: 25481,709: Total time for which application threads were stopped: 0,0000431 seconds, Stopping threads took: 0,0000127 seconds
2017-03-30T00:24:21.713+0200: 25481,709: Total time for which application threads were stopped: 0,0000429 seconds, Stopping threads took: 0,0000123 seconds
2017-03-30T00:24:21.713+0200: 25481,709: Total time for which application threads were stopped: 0,0000456 seconds, Stopping threads took: 0,0000150 seconds
2017-03-30T00:24:21.713+0200: 25481,709: Total time for which application threads were stopped: 0,0000485 seconds, Stopping threads took: 0,0000157 seconds
2017-03-30T00:24:21.713+0200: 25481,709: Total time for which application threads were stopped: 0,0000465 seconds, Stopping threads took: 0,0000162 seconds
2017-03-30T00:24:21.713+0200: 25481,709: Total time for which application threads were stopped: 0,0000502 seconds, Stopping threads took: 0,0000166 seconds
2017-03-30T00:24:21.713+0200: 25481,709: Total time for which application threads were stopped: 0,0000432 seconds, Stopping threads took: 0,0000123 seconds
2017-03-30T00:24:21.713+0200: 25481,710: Total time for which application threads were stopped: 0,0001620 seconds, Stopping threads took: 0,0000125 seconds
2017-03-30T00:24:21.715+0200: 25481,711: Total time for which application threads were stopped: 0,0000936 seconds, Stopping threads took: 0,0000306 seconds
2017-03-30T00:24:21.718+0200: 25481,714: Total time for which application threads were stopped: 0,0001349 seconds, Stopping threads took: 0,0000337 seconds
2017-03-30T00:24:21.722+0200: 25481,718: Total time for which application threads were stopped: 0,0000858 seconds, Stopping threads took: 0,0000251 seconds
2017-03-30T00:24:21.722+0200: 25481,718: Total time for which application threads were stopped: 0,0001235 seconds, Stopping threads took: 0,0000289 seconds
Heap
 par new generation   total 109248K, used 34351K [0x00000000e0000000, 0x00000000e8000000, 0x00000000e8000000)
  eden space 87424K,  22% used [0x00000000e0000000, 0x00000000e139e7a0, 0x00000000e5560000)
  from space 21824K,  65% used [0x00000000e5560000, 0x00000000e634d600, 0x00000000e6ab0000)
  to   space 21824K,   0% used [0x00000000e6ab0000, 0x00000000e6ab0000, 0x00000000e8000000)
 concurrent mark-sweep generation total 393216K, used 6865K [0x00000000e8000000, 0x0000000100000000, 0x0000000100000000)
 Metaspace       used 28171K, capacity 28654K, committed 28796K, reserved 1075200K
  class space    used 3227K, capacity 3420K, committed 3452K, reserved 1048576K
