OpenJDK 64-Bit Server VM (25.111-b14) for linux-amd64 JRE (1.8.0_111-8u111-b14-2ubuntu0.16.04.2-b14), built on Oct 27 2016 18:10:19 by "buildd" with gcc 5.4.0 20160609
Memory: 4k page, physical 7867876k(7458996k free), swap 8076284k(8076284k free)
CommandLine flags: -XX:CMSInitiatingOccupancyFraction=50 -XX:CMSMaxAbortablePrecleanTime=6000 -XX:+CMSParallelRemarkEnabled -XX:+CMSScavengeBeforeRemark -XX:ConcGCThreads=4 -XX:InitialHeapSize=536870912 -XX:MaxHeapSize=536870912 -XX:MaxTenuringThreshold=8 -XX:NewRatio=3 -XX:OldPLABSize=16 -XX:OnOutOfMemoryError=/opt/solr/bin/oom_solr.sh 8983 /var/solr/logs -XX:ParallelGCThreads=4 -XX:+ParallelRefProcEnabled -XX:PretenureSizeThreshold=67108864 -XX:+PrintGC -XX:+PrintGCApplicationStoppedTime -XX:+PrintGCDateStamps -XX:+PrintGCDetails -XX:+PrintGCTimeStamps -XX:+PrintHeapAtGC -XX:+PrintTenuringDistribution -XX:SurvivorRatio=4 -XX:TargetSurvivorRatio=90 -XX:ThreadStackSize=256 -XX:+UseCMSInitiatingOccupancyOnly -XX:+UseCompressedClassPointers -XX:+UseCompressedOops -XX:+UseConcMarkSweepGC -XX:+UseParNewGC 
2016-11-08T09:31:11.994+0100: 0,116: Total time for which application threads were stopped: 0,0000672 seconds, Stopping threads took: 0,0000128 seconds
2016-11-08T09:31:12.065+0100: 0,187: Total time for which application threads were stopped: 0,0000945 seconds, Stopping threads took: 0,0000164 seconds
2016-11-08T09:31:12.077+0100: 0,199: Total time for which application threads were stopped: 0,0000717 seconds, Stopping threads took: 0,0000104 seconds
2016-11-08T09:31:12.190+0100: 0,312: Total time for which application threads were stopped: 0,0001463 seconds, Stopping threads took: 0,0000394 seconds
2016-11-08T09:31:12.339+0100: 0,461: Total time for which application threads were stopped: 0,0001105 seconds, Stopping threads took: 0,0000095 seconds
2016-11-08T09:31:12.378+0100: 0,500: Total time for which application threads were stopped: 0,0001476 seconds, Stopping threads took: 0,0000257 seconds
2016-11-08T09:31:12.391+0100: 0,513: Total time for which application threads were stopped: 0,0001421 seconds, Stopping threads took: 0,0000203 seconds
2016-11-08T09:31:12.558+0100: 0,680: Total time for which application threads were stopped: 0,0001617 seconds, Stopping threads took: 0,0000227 seconds
2016-11-08T09:31:12.730+0100: 0,852: Total time for which application threads were stopped: 0,0001950 seconds, Stopping threads took: 0,0000146 seconds
2016-11-08T09:31:12.748+0100: 0,871: Total time for which application threads were stopped: 0,0002097 seconds, Stopping threads took: 0,0000291 seconds
2016-11-08T09:31:12.749+0100: 0,872: Total time for which application threads were stopped: 0,0001967 seconds, Stopping threads took: 0,0000169 seconds
2016-11-08T09:31:12.761+0100: 0,884: Total time for which application threads were stopped: 0,0001647 seconds, Stopping threads took: 0,0000205 seconds
2016-11-08T09:31:12.841+0100: 0,963: Total time for which application threads were stopped: 0,0002245 seconds, Stopping threads took: 0,0000199 seconds
2016-11-08T09:31:13.009+0100: 1,132: Total time for which application threads were stopped: 0,0003481 seconds, Stopping threads took: 0,0000943 seconds
{Heap before GC invocations=0 (full 0):
 par new generation   total 109248K, used 87424K [0x00000000e0000000, 0x00000000e8000000, 0x00000000e8000000)
  eden space 87424K, 100% used [0x00000000e0000000, 0x00000000e5560000, 0x00000000e5560000)
  from space 21824K,   0% used [0x00000000e5560000, 0x00000000e5560000, 0x00000000e6ab0000)
  to   space 21824K,   0% used [0x00000000e6ab0000, 0x00000000e6ab0000, 0x00000000e8000000)
 concurrent mark-sweep generation total 393216K, used 0K [0x00000000e8000000, 0x0000000100000000, 0x0000000100000000)
 Metaspace       used 17691K, capacity 18014K, committed 18304K, reserved 1064960K
  class space    used 2006K, capacity 2130K, committed 2176K, reserved 1048576K
2016-11-08T09:31:13.099+0100: 1,221: [GC (Allocation Failure) 2016-11-08T09:31:13.099+0100: 1,221: [ParNew
Desired survivor size 20112992 bytes, new threshold 8 (max 8)
- age   1:   11972120 bytes,   11972120 total
: 87424K->11796K(109248K), 0,0245892 secs] 87424K->11796K(502464K), 0,0246501 secs] [Times: user=0,04 sys=0,02, real=0,03 secs] 
Heap after GC invocations=1 (full 0):
 par new generation   total 109248K, used 11796K [0x00000000e0000000, 0x00000000e8000000, 0x00000000e8000000)
  eden space 87424K,   0% used [0x00000000e0000000, 0x00000000e0000000, 0x00000000e5560000)
  from space 21824K,  54% used [0x00000000e6ab0000, 0x00000000e76352e0, 0x00000000e8000000)
  to   space 21824K,   0% used [0x00000000e5560000, 0x00000000e5560000, 0x00000000e6ab0000)
 concurrent mark-sweep generation total 393216K, used 0K [0x00000000e8000000, 0x0000000100000000, 0x0000000100000000)
 Metaspace       used 17691K, capacity 18014K, committed 18304K, reserved 1064960K
  class space    used 2006K, capacity 2130K, committed 2176K, reserved 1048576K
}
2016-11-08T09:31:13.124+0100: 1,246: Total time for which application threads were stopped: 0,0248513 seconds, Stopping threads took: 0,0000221 seconds
2016-11-08T09:31:13.428+0100: 1,550: Total time for which application threads were stopped: 0,0002875 seconds, Stopping threads took: 0,0000331 seconds
2016-11-08T09:31:13.468+0100: 1,590: Total time for which application threads were stopped: 0,0004029 seconds, Stopping threads took: 0,0000373 seconds
2016-11-08T09:31:13.525+0100: 1,648: Total time for which application threads were stopped: 0,0004556 seconds, Stopping threads took: 0,0001449 seconds
{Heap before GC invocations=1 (full 0):
 par new generation   total 109248K, used 99220K [0x00000000e0000000, 0x00000000e8000000, 0x00000000e8000000)
  eden space 87424K, 100% used [0x00000000e0000000, 0x00000000e5560000, 0x00000000e5560000)
  from space 21824K,  54% used [0x00000000e6ab0000, 0x00000000e76352e0, 0x00000000e8000000)
  to   space 21824K,   0% used [0x00000000e5560000, 0x00000000e5560000, 0x00000000e6ab0000)
 concurrent mark-sweep generation total 393216K, used 0K [0x00000000e8000000, 0x0000000100000000, 0x0000000100000000)
 Metaspace       used 20302K, capacity 20670K, committed 20992K, reserved 1067008K
  class space    used 2343K, capacity 2490K, committed 2560K, reserved 1048576K
2016-11-08T09:31:13.623+0100: 1,745: [GC (Allocation Failure) 2016-11-08T09:31:13.623+0100: 1,745: [ParNew
Desired survivor size 20112992 bytes, new threshold 8 (max 8)
- age   1:    4076424 bytes,    4076424 total
- age   2:    6256288 bytes,   10332712 total
: 99220K->14828K(109248K), 0,0137771 secs] 99220K->14828K(502464K), 0,0138420 secs] [Times: user=0,04 sys=0,00, real=0,01 secs] 
Heap after GC invocations=2 (full 0):
 par new generation   total 109248K, used 14828K [0x00000000e0000000, 0x00000000e8000000, 0x00000000e8000000)
  eden space 87424K,   0% used [0x00000000e0000000, 0x00000000e0000000, 0x00000000e5560000)
  from space 21824K,  67% used [0x00000000e5560000, 0x00000000e63db000, 0x00000000e6ab0000)
  to   space 21824K,   0% used [0x00000000e6ab0000, 0x00000000e6ab0000, 0x00000000e8000000)
 concurrent mark-sweep generation total 393216K, used 0K [0x00000000e8000000, 0x0000000100000000, 0x0000000100000000)
 Metaspace       used 20302K, capacity 20670K, committed 20992K, reserved 1067008K
  class space    used 2343K, capacity 2490K, committed 2560K, reserved 1048576K
}
2016-11-08T09:31:13.636+0100: 1,759: Total time for which application threads were stopped: 0,0140601 seconds, Stopping threads took: 0,0000557 seconds
{Heap before GC invocations=2 (full 0):
 par new generation   total 109248K, used 102252K [0x00000000e0000000, 0x00000000e8000000, 0x00000000e8000000)
  eden space 87424K, 100% used [0x00000000e0000000, 0x00000000e5560000, 0x00000000e5560000)
  from space 21824K,  67% used [0x00000000e5560000, 0x00000000e63db000, 0x00000000e6ab0000)
  to   space 21824K,   0% used [0x00000000e6ab0000, 0x00000000e6ab0000, 0x00000000e8000000)
 concurrent mark-sweep generation total 393216K, used 0K [0x00000000e8000000, 0x0000000100000000, 0x0000000100000000)
 Metaspace       used 20855K, capacity 21206K, committed 21296K, reserved 1069056K
  class space    used 2412K, capacity 2532K, committed 2560K, reserved 1048576K
2016-11-08T09:31:13.936+0100: 2,059: [GC (Allocation Failure) 2016-11-08T09:31:13.939+0100: 2,061: [ParNew
Desired survivor size 20112992 bytes, new threshold 8 (max 8)
- age   1:    1194088 bytes,    1194088 total
- age   2:    1569080 bytes,    2763168 total
- age   3:    6238952 bytes,    9002120 total
: 102252K->11274K(109248K), 0,0480100 secs] 102252K->11274K(502464K), 0,0509722 secs] [Times: user=0,04 sys=0,00, real=0,05 secs] 
Heap after GC invocations=3 (full 0):
 par new generation   total 109248K, used 11274K [0x00000000e0000000, 0x00000000e8000000, 0x00000000e8000000)
  eden space 87424K,   0% used [0x00000000e0000000, 0x00000000e0000000, 0x00000000e5560000)
  from space 21824K,  51% used [0x00000000e6ab0000, 0x00000000e75b2b80, 0x00000000e8000000)
  to   space 21824K,   0% used [0x00000000e5560000, 0x00000000e5560000, 0x00000000e6ab0000)
 concurrent mark-sweep generation total 393216K, used 0K [0x00000000e8000000, 0x0000000100000000, 0x0000000100000000)
 Metaspace       used 20855K, capacity 21206K, committed 21296K, reserved 1069056K
  class space    used 2412K, capacity 2532K, committed 2560K, reserved 1048576K
}
2016-11-08T09:31:13.987+0100: 2,110: Total time for which application threads were stopped: 0,0518870 seconds, Stopping threads took: 0,0005995 seconds
2016-11-08T09:31:14.032+0100: 2,154: Total time for which application threads were stopped: 0,0015769 seconds, Stopping threads took: 0,0014593 seconds
2016-11-08T09:31:14.228+0100: 2,350: Total time for which application threads were stopped: 0,0030320 seconds, Stopping threads took: 0,0029448 seconds
2016-11-08T09:31:14.241+0100: 2,363: Total time for which application threads were stopped: 0,0004500 seconds, Stopping threads took: 0,0001673 seconds
2016-11-08T09:31:14.264+0100: 2,387: Total time for which application threads were stopped: 0,0001547 seconds, Stopping threads took: 0,0000144 seconds
2016-11-08T09:31:14.292+0100: 2,414: Total time for which application threads were stopped: 0,0001441 seconds, Stopping threads took: 0,0000481 seconds
2016-11-08T09:31:14.374+0100: 2,496: Total time for which application threads were stopped: 0,0010592 seconds, Stopping threads took: 0,0009339 seconds
2016-11-08T09:31:14.387+0100: 2,509: Total time for which application threads were stopped: 0,0001387 seconds, Stopping threads took: 0,0000475 seconds
2016-11-08T09:31:14.387+0100: 2,510: Total time for which application threads were stopped: 0,0004059 seconds, Stopping threads took: 0,0000556 seconds
{Heap before GC invocations=3 (full 0):
 par new generation   total 109248K, used 98698K [0x00000000e0000000, 0x00000000e8000000, 0x00000000e8000000)
  eden space 87424K, 100% used [0x00000000e0000000, 0x00000000e5560000, 0x00000000e5560000)
  from space 21824K,  51% used [0x00000000e6ab0000, 0x00000000e75b2b80, 0x00000000e8000000)
  to   space 21824K,   0% used [0x00000000e5560000, 0x00000000e5560000, 0x00000000e6ab0000)
 concurrent mark-sweep generation total 393216K, used 0K [0x00000000e8000000, 0x0000000100000000, 0x0000000100000000)
 Metaspace       used 22505K, capacity 22898K, committed 23212K, reserved 1069056K
  class space    used 2602K, capacity 2730K, committed 2840K, reserved 1048576K
2016-11-08T09:31:14.391+0100: 2,513: [GC (Allocation Failure) 2016-11-08T09:31:14.391+0100: 2,513: [ParNew
Desired survivor size 20112992 bytes, new threshold 8 (max 8)
- age   1:    2290648 bytes,    2290648 total
- age   2:     186720 bytes,    2477368 total
- age   3:     810088 bytes,    3287456 total
- age   4:    6235336 bytes,    9522792 total
: 98698K->12004K(109248K), 0,0155098 secs] 98698K->12004K(502464K), 0,0155873 secs] [Times: user=0,06 sys=0,00, real=0,02 secs] 
Heap after GC invocations=4 (full 0):
 par new generation   total 109248K, used 12004K [0x00000000e0000000, 0x00000000e8000000, 0x00000000e8000000)
  eden space 87424K,   0% used [0x00000000e0000000, 0x00000000e0000000, 0x00000000e5560000)
  from space 21824K,  55% used [0x00000000e5560000, 0x00000000e6119080, 0x00000000e6ab0000)
  to   space 21824K,   0% used [0x00000000e6ab0000, 0x00000000e6ab0000, 0x00000000e8000000)
 concurrent mark-sweep generation total 393216K, used 0K [0x00000000e8000000, 0x0000000100000000, 0x0000000100000000)
 Metaspace       used 22505K, capacity 22898K, committed 23212K, reserved 1069056K
  class space    used 2602K, capacity 2730K, committed 2840K, reserved 1048576K
}
2016-11-08T09:31:14.407+0100: 2,529: Total time for which application threads were stopped: 0,0157483 seconds, Stopping threads took: 0,0000268 seconds
2016-11-08T09:31:14.409+0100: 2,531: [GC (CMS Initial Mark) [1 CMS-initial-mark: 0K(393216K)] 13743K(502464K), 0,0031795 secs] [Times: user=0,01 sys=0,00, real=0,01 secs] 
2016-11-08T09:31:14.412+0100: 2,534: Total time for which application threads were stopped: 0,0033066 seconds, Stopping threads took: 0,0000340 seconds
2016-11-08T09:31:14.412+0100: 2,534: [CMS-concurrent-mark-start]
2016-11-08T09:31:14.412+0100: 2,535: [CMS-concurrent-mark: 0,001/0,001 secs] [Times: user=0,01 sys=0,00, real=0,00 secs] 
2016-11-08T09:31:14.412+0100: 2,535: [CMS-concurrent-preclean-start]
2016-11-08T09:31:14.414+0100: 2,536: [CMS-concurrent-preclean: 0,001/0,001 secs] [Times: user=0,00 sys=0,00, real=0,00 secs] 
2016-11-08T09:31:14.414+0100: 2,536: [GC (CMS Final Remark) [YG occupancy: 13743 K (109248 K)]{Heap before GC invocations=4 (full 1):
 par new generation   total 109248K, used 13743K [0x00000000e0000000, 0x00000000e8000000, 0x00000000e8000000)
  eden space 87424K,   1% used [0x00000000e0000000, 0x00000000e01b2e88, 0x00000000e5560000)
  from space 21824K,  55% used [0x00000000e5560000, 0x00000000e6119080, 0x00000000e6ab0000)
  to   space 21824K,   0% used [0x00000000e6ab0000, 0x00000000e6ab0000, 0x00000000e8000000)
 concurrent mark-sweep generation total 393216K, used 0K [0x00000000e8000000, 0x0000000100000000, 0x0000000100000000)
 Metaspace       used 22512K, capacity 22898K, committed 23212K, reserved 1069056K
  class space    used 2603K, capacity 2730K, committed 2840K, reserved 1048576K
2016-11-08T09:31:14.414+0100: 2,536: [GC (CMS Final Remark) 2016-11-08T09:31:14.414+0100: 2,536: [ParNew
Desired survivor size 20112992 bytes, new threshold 8 (max 8)
- age   1:      21640 bytes,      21640 total
- age   2:    1093592 bytes,    1115232 total
- age   3:     186720 bytes,    1301952 total
- age   4:     810088 bytes,    2112040 total
- age   5:    6235376 bytes,    8347416 total
: 13743K->12348K(109248K), 0,0113133 secs] 13743K->12348K(502464K), 0,0113608 secs] [Times: user=0,05 sys=0,00, real=0,01 secs] 
Heap after GC invocations=5 (full 1):
 par new generation   total 109248K, used 12348K [0x00000000e0000000, 0x00000000e8000000, 0x00000000e8000000)
  eden space 87424K,   0% used [0x00000000e0000000, 0x00000000e0000000, 0x00000000e5560000)
  from space 21824K,  56% used [0x00000000e6ab0000, 0x00000000e76bf048, 0x00000000e8000000)
  to   space 21824K,   0% used [0x00000000e5560000, 0x00000000e5560000, 0x00000000e6ab0000)
 concurrent mark-sweep generation total 393216K, used 0K [0x00000000e8000000, 0x0000000100000000, 0x0000000100000000)
 Metaspace       used 22512K, capacity 22898K, committed 23212K, reserved 1069056K
  class space    used 2603K, capacity 2730K, committed 2840K, reserved 1048576K
}
2016-11-08T09:31:14.425+0100: 2,548: [Rescan (parallel) , 0,0035685 secs]2016-11-08T09:31:14.429+0100: 2,551: [weak refs processing, 0,0004985 secs]2016-11-08T09:31:14.430+0100: 2,552: [class unloading, 0,0029656 secs]2016-11-08T09:31:14.432+0100: 2,555: [scrub symbol table, 0,0036425 secs]2016-11-08T09:31:14.436+0100: 2,558: [scrub string table, 0,0003970 secs][1 CMS-remark: 0K(393216K)] 12348K(502464K), 0,0231559 secs] [Times: user=0,07 sys=0,00, real=0,02 secs] 
2016-11-08T09:31:14.437+0100: 2,559: Total time for which application threads were stopped: 0,0233710 seconds, Stopping threads took: 0,0001158 seconds
2016-11-08T09:31:14.437+0100: 2,559: [CMS-concurrent-sweep-start]
2016-11-08T09:31:14.437+0100: 2,559: [CMS-concurrent-sweep: 0,000/0,000 secs] [Times: user=0,00 sys=0,00, real=0,00 secs] 
2016-11-08T09:31:14.437+0100: 2,559: [CMS-concurrent-reset-start]
2016-11-08T09:31:14.439+0100: 2,561: [CMS-concurrent-reset: 0,002/0,002 secs] [Times: user=0,00 sys=0,00, real=0,00 secs] 
2016-11-08T09:31:14.462+0100: 2,584: Total time for which application threads were stopped: 0,0005314 seconds, Stopping threads took: 0,0000165 seconds
2016-11-08T09:31:14.996+0100: 3,118: Total time for which application threads were stopped: 0,0005508 seconds, Stopping threads took: 0,0000300 seconds
2016-11-08T09:31:15.929+0100: 4,051: Total time for which application threads were stopped: 0,0002712 seconds, Stopping threads took: 0,0000174 seconds
2016-11-08T09:31:42.932+0100: 31,054: Total time for which application threads were stopped: 0,0000794 seconds, Stopping threads took: 0,0000339 seconds
2016-11-08T09:41:25.138+0100: 156,437: Total time for which application threads were stopped: 0,0000791 seconds, Stopping threads took: 0,0000329 seconds
2016-11-08T09:41:55.142+0100: 186,441: Total time for which application threads were stopped: 0,0000890 seconds, Stopping threads took: 0,0000368 seconds
2016-11-08T09:42:35.148+0100: 226,447: Total time for which application threads were stopped: 0,0000770 seconds, Stopping threads took: 0,0000314 seconds
2016-11-08T09:43:25.156+0100: 276,455: Total time for which application threads were stopped: 0,0002136 seconds, Stopping threads took: 0,0000690 seconds
2016-11-08T09:43:35.158+0100: 286,456: Total time for which application threads were stopped: 0,0000625 seconds, Stopping threads took: 0,0000156 seconds
2016-11-08T09:47:00.190+0100: 491,489: Total time for which application threads were stopped: 0,0000896 seconds, Stopping threads took: 0,0000369 seconds
2016-11-08T10:02:29.332+0100: 1420,630: Total time for which application threads were stopped: 0,0000883 seconds, Stopping threads took: 0,0000361 seconds
2016-11-08T10:06:50.371+0100: 1681,670: Total time for which application threads were stopped: 0,0001071 seconds, Stopping threads took: 0,0000540 seconds
2016-11-08T10:17:25.467+0100: 2316,766: Total time for which application threads were stopped: 0,0000751 seconds, Stopping threads took: 0,0000295 seconds
2016-11-08T10:17:29.468+0100: 2320,766: Total time for which application threads were stopped: 0,0000603 seconds, Stopping threads took: 0,0000150 seconds
2016-11-08T10:54:20.136+0100: 3197,518: Total time for which application threads were stopped: 0,0000735 seconds, Stopping threads took: 0,0000291 seconds
2016-11-08T11:08:37.123+0100: 3451,425: Total time for which application threads were stopped: 0,0000804 seconds, Stopping threads took: 0,0000317 seconds
2016-11-08T11:12:07.149+0100: 3661,451: Total time for which application threads were stopped: 0,0000755 seconds, Stopping threads took: 0,0000287 seconds
2016-11-08T11:13:02.156+0100: 3716,459: Total time for which application threads were stopped: 0,0000874 seconds, Stopping threads took: 0,0000357 seconds
2016-11-08T11:13:37.161+0100: 3751,463: Total time for which application threads were stopped: 0,0001025 seconds, Stopping threads took: 0,0000412 seconds
2016-11-08T11:15:07.175+0100: 3841,478: Total time for which application threads were stopped: 0,0001992 seconds, Stopping threads took: 0,0000566 seconds
2016-11-08T11:15:27.178+0100: 3861,480: Total time for which application threads were stopped: 0,0000836 seconds, Stopping threads took: 0,0000178 seconds
2016-11-08T11:18:07.200+0100: 4021,502: Total time for which application threads were stopped: 0,0000764 seconds, Stopping threads took: 0,0000321 seconds
2016-11-08T11:49:44.345+0100: 5917,766: Total time for which application threads were stopped: 0,0000745 seconds, Stopping threads took: 0,0000303 seconds
2016-11-08T11:52:49.370+0100: 6102,791: Total time for which application threads were stopped: 0,0000905 seconds, Stopping threads took: 0,0000388 seconds
2016-11-08T11:56:09.397+0100: 6302,818: Total time for which application threads were stopped: 0,0001332 seconds, Stopping threads took: 0,0000524 seconds
2016-11-08T12:15:07.556+0100: 7440,977: Total time for which application threads were stopped: 0,0001266 seconds, Stopping threads took: 0,0000503 seconds
2016-11-08T12:16:07.565+0100: 7500,986: Total time for which application threads were stopped: 0,0000765 seconds, Stopping threads took: 0,0000316 seconds
2016-11-08T12:19:07.590+0100: 7681,011: Total time for which application threads were stopped: 0,0000783 seconds, Stopping threads took: 0,0000308 seconds
2016-11-08T12:19:37.595+0100: 7711,016: Total time for which application threads were stopped: 0,0001123 seconds, Stopping threads took: 0,0000434 seconds
2016-11-08T14:53:01.246+0100: 11219,881: Total time for which application threads were stopped: 0,0001271 seconds, Stopping threads took: 0,0000318 seconds
2016-11-08T14:53:01.252+0100: 11219,886: Total time for which application threads were stopped: 0,0002900 seconds, Stopping threads took: 0,0001832 seconds
2016-11-08T14:53:01.252+0100: 11219,886: Total time for which application threads were stopped: 0,0000632 seconds, Stopping threads took: 0,0000110 seconds
2016-11-08T14:53:01.252+0100: 11219,887: Total time for which application threads were stopped: 0,0000941 seconds, Stopping threads took: 0,0000268 seconds
2016-11-08T14:53:01.256+0100: 11219,890: Total time for which application threads were stopped: 0,0001722 seconds, Stopping threads took: 0,0000615 seconds
2016-11-08T14:53:01.256+0100: 11219,890: Total time for which application threads were stopped: 0,0000527 seconds, Stopping threads took: 0,0000092 seconds
2016-11-08T14:53:01.258+0100: 11219,893: Total time for which application threads were stopped: 0,0022241 seconds, Stopping threads took: 0,0021411 seconds
2016-11-08T14:53:01.260+0100: 11219,894: Total time for which application threads were stopped: 0,0001133 seconds, Stopping threads took: 0,0000223 seconds
2016-11-08T14:53:01.261+0100: 11219,895: Total time for which application threads were stopped: 0,0002948 seconds, Stopping threads took: 0,0000320 seconds
2016-11-08T14:53:01.262+0100: 11219,897: Total time for which application threads were stopped: 0,0006263 seconds, Stopping threads took: 0,0004456 seconds
2016-11-08T14:53:01.266+0100: 11219,901: Total time for which application threads were stopped: 0,0000980 seconds, Stopping threads took: 0,0000313 seconds
2016-11-08T14:53:01.269+0100: 11219,904: Total time for which application threads were stopped: 0,0001239 seconds, Stopping threads took: 0,0000333 seconds
2016-11-08T14:53:01.272+0100: 11219,906: Total time for which application threads were stopped: 0,0005426 seconds, Stopping threads took: 0,0003732 seconds
2016-11-08T14:53:01.275+0100: 11219,909: Total time for which application threads were stopped: 0,0001286 seconds, Stopping threads took: 0,0000371 seconds
2016-11-08T14:53:01.281+0100: 11219,915: Total time for which application threads were stopped: 0,0008612 seconds, Stopping threads took: 0,0003899 seconds
2016-11-08T14:53:01.284+0100: 11219,919: Total time for which application threads were stopped: 0,0004648 seconds, Stopping threads took: 0,0003871 seconds
2016-11-08T14:53:01.292+0100: 11219,927: Total time for which application threads were stopped: 0,0001136 seconds, Stopping threads took: 0,0000352 seconds
2016-11-08T14:53:01.296+0100: 11219,930: Total time for which application threads were stopped: 0,0003164 seconds, Stopping threads took: 0,0000204 seconds
2016-11-08T14:53:01.299+0100: 11219,933: Total time for which application threads were stopped: 0,0001762 seconds, Stopping threads took: 0,0000350 seconds
2016-11-08T14:53:01.300+0100: 11219,934: Total time for which application threads were stopped: 0,0001149 seconds, Stopping threads took: 0,0000453 seconds
2016-11-08T14:53:01.304+0100: 11219,939: Total time for which application threads were stopped: 0,0000924 seconds, Stopping threads took: 0,0000344 seconds
2016-11-08T14:53:01.326+0100: 11219,961: Total time for which application threads were stopped: 0,0001170 seconds, Stopping threads took: 0,0000252 seconds
2016-11-08T14:53:01.326+0100: 11219,961: Total time for which application threads were stopped: 0,0000539 seconds, Stopping threads took: 0,0000092 seconds
2016-11-08T14:53:01.384+0100: 11220,018: Total time for which application threads were stopped: 0,0001857 seconds, Stopping threads took: 0,0000674 seconds
2016-11-08T14:53:01.386+0100: 11220,020: Total time for which application threads were stopped: 0,0005691 seconds, Stopping threads took: 0,0004316 seconds
2016-11-08T14:53:01.390+0100: 11220,025: Total time for which application threads were stopped: 0,0034819 seconds, Stopping threads took: 0,0033601 seconds
2016-11-08T14:53:01.391+0100: 11220,025: Total time for which application threads were stopped: 0,0002757 seconds, Stopping threads took: 0,0000365 seconds
2016-11-08T14:53:01.391+0100: 11220,025: Total time for which application threads were stopped: 0,0000793 seconds, Stopping threads took: 0,0000193 seconds
2016-11-08T14:53:01.391+0100: 11220,025: Total time for which application threads were stopped: 0,0000760 seconds, Stopping threads took: 0,0000164 seconds
2016-11-08T14:53:01.395+0100: 11220,029: Total time for which application threads were stopped: 0,0001529 seconds, Stopping threads took: 0,0000371 seconds
2016-11-08T14:53:01.411+0100: 11220,046: Total time for which application threads were stopped: 0,0010314 seconds, Stopping threads took: 0,0008882 seconds
2016-11-08T14:53:01.419+0100: 11220,054: Total time for which application threads were stopped: 0,0065420 seconds, Stopping threads took: 0,0064406 seconds
2016-11-08T14:53:01.431+0100: 11220,065: Total time for which application threads were stopped: 0,0001026 seconds, Stopping threads took: 0,0000274 seconds
2016-11-08T14:53:01.432+0100: 11220,066: Total time for which application threads were stopped: 0,0001210 seconds, Stopping threads took: 0,0000532 seconds
2016-11-08T14:53:01.438+0100: 11220,073: Total time for which application threads were stopped: 0,0001139 seconds, Stopping threads took: 0,0000255 seconds
2016-11-08T14:53:01.439+0100: 11220,074: Total time for which application threads were stopped: 0,0001334 seconds, Stopping threads took: 0,0000200 seconds
2016-11-08T14:53:01.440+0100: 11220,075: Total time for which application threads were stopped: 0,0001085 seconds, Stopping threads took: 0,0000159 seconds
2016-11-08T14:53:01.485+0100: 11220,120: Total time for which application threads were stopped: 0,0001006 seconds, Stopping threads took: 0,0000196 seconds
2016-11-08T14:53:01.485+0100: 11220,120: Total time for which application threads were stopped: 0,0000632 seconds, Stopping threads took: 0,0000100 seconds
2016-11-08T14:53:01.485+0100: 11220,120: Total time for which application threads were stopped: 0,0000536 seconds, Stopping threads took: 0,0000082 seconds
2016-11-08T14:53:01.485+0100: 11220,120: Total time for which application threads were stopped: 0,0000463 seconds, Stopping threads took: 0,0000071 seconds
2016-11-08T14:53:01.486+0100: 11220,120: Total time for which application threads were stopped: 0,0000432 seconds, Stopping threads took: 0,0000064 seconds
2016-11-08T14:53:01.486+0100: 11220,120: Total time for which application threads were stopped: 0,0000406 seconds, Stopping threads took: 0,0000058 seconds
2016-11-08T14:53:01.486+0100: 11220,120: Total time for which application threads were stopped: 0,0000380 seconds, Stopping threads took: 0,0000053 seconds
2016-11-08T14:53:01.487+0100: 11220,121: Total time for which application threads were stopped: 0,0001192 seconds, Stopping threads took: 0,0000436 seconds
2016-11-08T14:53:01.488+0100: 11220,122: Total time for which application threads were stopped: 0,0004509 seconds, Stopping threads took: 0,0003654 seconds
2016-11-08T14:53:01.499+0100: 11220,134: Total time for which application threads were stopped: 0,0002033 seconds, Stopping threads took: 0,0000173 seconds
2016-11-08T14:53:02.124+0100: 11220,758: Total time for which application threads were stopped: 0,0006336 seconds, Stopping threads took: 0,0001370 seconds
2016-11-08T14:53:02.127+0100: 11220,761: Total time for which application threads were stopped: 0,0001440 seconds, Stopping threads took: 0,0000427 seconds
2016-11-08T14:53:02.127+0100: 11220,762: Total time for which application threads were stopped: 0,0000949 seconds, Stopping threads took: 0,0000237 seconds
2016-11-08T14:53:02.134+0100: 11220,768: Total time for which application threads were stopped: 0,0001539 seconds, Stopping threads took: 0,0000339 seconds
2016-11-08T14:53:02.134+0100: 11220,769: Total time for which application threads were stopped: 0,0000769 seconds, Stopping threads took: 0,0000158 seconds
2016-11-08T14:53:02.142+0100: 11220,777: Total time for which application threads were stopped: 0,0011817 seconds, Stopping threads took: 0,0010589 seconds
2016-11-08T14:53:02.142+0100: 11220,777: Total time for which application threads were stopped: 0,0001015 seconds, Stopping threads took: 0,0000172 seconds
2016-11-08T14:53:02.152+0100: 11220,787: Total time for which application threads were stopped: 0,0068777 seconds, Stopping threads took: 0,0067223 seconds
2016-11-08T14:53:02.183+0100: 11220,817: Total time for which application threads were stopped: 0,0005414 seconds, Stopping threads took: 0,0000935 seconds
2016-11-08T14:53:02.184+0100: 11220,818: Total time for which application threads were stopped: 0,0002797 seconds, Stopping threads took: 0,0000506 seconds
2016-11-08T14:53:02.184+0100: 11220,818: Total time for which application threads were stopped: 0,0000905 seconds, Stopping threads took: 0,0000299 seconds
2016-11-08T14:53:02.184+0100: 11220,819: Total time for which application threads were stopped: 0,0000695 seconds, Stopping threads took: 0,0000286 seconds
2016-11-08T14:53:02.184+0100: 11220,819: Total time for which application threads were stopped: 0,0000438 seconds, Stopping threads took: 0,0000083 seconds
2016-11-08T14:53:02.185+0100: 11220,820: Total time for which application threads were stopped: 0,0000828 seconds, Stopping threads took: 0,0000228 seconds
2016-11-08T14:53:02.185+0100: 11220,820: Total time for which application threads were stopped: 0,0000423 seconds, Stopping threads took: 0,0000097 seconds
2016-11-08T14:53:02.185+0100: 11220,820: Total time for which application threads were stopped: 0,0000339 seconds, Stopping threads took: 0,0000075 seconds
2016-11-08T14:53:02.185+0100: 11220,820: Total time for which application threads were stopped: 0,0000347 seconds, Stopping threads took: 0,0000106 seconds
2016-11-08T14:53:02.186+0100: 11220,820: Total time for which application threads were stopped: 0,0000312 seconds, Stopping threads took: 0,0000089 seconds
2016-11-08T14:53:02.186+0100: 11220,820: Total time for which application threads were stopped: 0,0000281 seconds, Stopping threads took: 0,0000074 seconds
2016-11-08T14:53:02.186+0100: 11220,820: Total time for which application threads were stopped: 0,0000287 seconds, Stopping threads took: 0,0000071 seconds
2016-11-08T14:53:02.186+0100: 11220,820: Total time for which application threads were stopped: 0,0000308 seconds, Stopping threads took: 0,0000090 seconds
2016-11-08T14:53:02.186+0100: 11220,821: Total time for which application threads were stopped: 0,0000708 seconds, Stopping threads took: 0,0000224 seconds
2016-11-08T14:53:02.187+0100: 11220,821: Total time for which application threads were stopped: 0,0000469 seconds, Stopping threads took: 0,0000113 seconds
2016-11-08T14:53:02.189+0100: 11220,823: Total time for which application threads were stopped: 0,0001266 seconds, Stopping threads took: 0,0000277 seconds
2016-11-08T14:53:02.189+0100: 11220,823: Total time for which application threads were stopped: 0,0000644 seconds, Stopping threads took: 0,0000083 seconds
2016-11-08T14:53:02.195+0100: 11220,829: Total time for which application threads were stopped: 0,0001143 seconds, Stopping threads took: 0,0000502 seconds
2016-11-08T14:53:02.195+0100: 11220,830: Total time for which application threads were stopped: 0,0000528 seconds, Stopping threads took: 0,0000228 seconds
2016-11-08T14:53:03.195+0100: 11221,830: Total time for which application threads were stopped: 0,0000661 seconds, Stopping threads took: 0,0000150 seconds
2016-11-08T14:53:52.200+0100: 11270,835: Total time for which application threads were stopped: 0,0001381 seconds, Stopping threads took: 0,0000254 seconds
2016-11-08T14:54:02.196+0100: 11280,830: Total time for which application threads were stopped: 0,0001193 seconds, Stopping threads took: 0,0000234 seconds
2016-11-08T14:54:42.201+0100: 11320,835: Total time for which application threads were stopped: 0,0000723 seconds, Stopping threads took: 0,0000192 seconds
2016-11-08T14:59:16.854+0100: 11593,870: Total time for which application threads were stopped: 0,0000803 seconds, Stopping threads took: 0,0000168 seconds
2016-11-08T15:03:13.784+0100: 11830,800: Total time for which application threads were stopped: 0,0001323 seconds, Stopping threads took: 0,0000303 seconds
2016-11-08T15:03:13.787+0100: 11830,802: Total time for which application threads were stopped: 0,0001920 seconds, Stopping threads took: 0,0000893 seconds
2016-11-08T15:03:13.798+0100: 11830,813: Total time for which application threads were stopped: 0,0030292 seconds, Stopping threads took: 0,0029171 seconds
2016-11-08T15:03:13.798+0100: 11830,814: Total time for which application threads were stopped: 0,0001360 seconds, Stopping threads took: 0,0000376 seconds
2016-11-08T15:03:13.810+0100: 11830,826: Total time for which application threads were stopped: 0,0008446 seconds, Stopping threads took: 0,0007441 seconds
2016-11-08T15:03:13.816+0100: 11830,832: Total time for which application threads were stopped: 0,0001329 seconds, Stopping threads took: 0,0000382 seconds
2016-11-08T15:03:17.082+0100: 11834,097: Total time for which application threads were stopped: 0,0001323 seconds, Stopping threads took: 0,0000182 seconds
2016-11-08T15:03:17.082+0100: 11834,098: Total time for which application threads were stopped: 0,0000986 seconds, Stopping threads took: 0,0000106 seconds
2016-11-08T15:03:17.086+0100: 11834,101: Total time for which application threads were stopped: 0,0000923 seconds, Stopping threads took: 0,0000159 seconds
2016-11-08T15:03:17.086+0100: 11834,101: Total time for which application threads were stopped: 0,0000661 seconds, Stopping threads took: 0,0000150 seconds
2016-11-08T15:03:18.086+0100: 11835,102: Total time for which application threads were stopped: 0,0001003 seconds, Stopping threads took: 0,0000171 seconds
2016-11-08T15:03:27.087+0100: 11844,103: Total time for which application threads were stopped: 0,0001087 seconds, Stopping threads took: 0,0000180 seconds
2016-11-08T15:04:07.092+0100: 11884,108: Total time for which application threads were stopped: 0,0000736 seconds, Stopping threads took: 0,0000280 seconds
2016-11-08T15:04:13.814+0100: 11890,830: Total time for which application threads were stopped: 0,0000648 seconds, Stopping threads took: 0,0000130 seconds
2016-11-08T15:04:17.086+0100: 11894,102: Total time for which application threads were stopped: 0,0000656 seconds, Stopping threads took: 0,0000152 seconds
2016-11-08T15:07:51.113+0100: 12108,129: Total time for which application threads were stopped: 0,0000660 seconds, Stopping threads took: 0,0000145 seconds
2016-11-08T15:11:52.141+0100: 12349,157: Total time for which application threads were stopped: 0,0001039 seconds, Stopping threads took: 0,0000390 seconds
{Heap before GC invocations=5 (full 1):
 par new generation   total 109248K, used 99772K [0x00000000e0000000, 0x00000000e8000000, 0x00000000e8000000)
  eden space 87424K, 100% used [0x00000000e0000000, 0x00000000e5560000, 0x00000000e5560000)
  from space 21824K,  56% used [0x00000000e6ab0000, 0x00000000e76bf048, 0x00000000e8000000)
  to   space 21824K,   0% used [0x00000000e5560000, 0x00000000e5560000, 0x00000000e6ab0000)
 concurrent mark-sweep generation total 393216K, used 0K [0x00000000e8000000, 0x0000000100000000, 0x0000000100000000)
 Metaspace       used 30095K, capacity 30614K, committed 30872K, reserved 1077248K
  class space    used 3486K, capacity 3677K, committed 3736K, reserved 1048576K
2016-11-08T15:11:52.152+0100: 12349,168: [GC (Allocation Failure) 2016-11-08T15:11:52.152+0100: 12349,168: [ParNew
Desired survivor size 20112992 bytes, new threshold 6 (max 8)
- age   1:   12176904 bytes,   12176904 total
- age   2:       2544 bytes,   12179448 total
- age   3:    1089200 bytes,   13268648 total
- age   4:     180320 bytes,   13448968 total
- age   5:     798680 bytes,   14247648 total
- age   6:    6133336 bytes,   20380984 total
: 99772K->21783K(109248K), 0,0266663 secs] 99772K->21783K(502464K), 0,0267658 secs] [Times: user=0,07 sys=0,00, real=0,03 secs] 
Heap after GC invocations=6 (full 1):
 par new generation   total 109248K, used 21783K [0x00000000e0000000, 0x00000000e8000000, 0x00000000e8000000)
  eden space 87424K,   0% used [0x00000000e0000000, 0x00000000e0000000, 0x00000000e5560000)
  from space 21824K,  99% used [0x00000000e5560000, 0x00000000e6aa5ca0, 0x00000000e6ab0000)
  to   space 21824K,   0% used [0x00000000e6ab0000, 0x00000000e6ab0000, 0x00000000e8000000)
 concurrent mark-sweep generation total 393216K, used 0K [0x00000000e8000000, 0x0000000100000000, 0x0000000100000000)
 Metaspace       used 30095K, capacity 30614K, committed 30872K, reserved 1077248K
  class space    used 3486K, capacity 3677K, committed 3736K, reserved 1048576K
}
2016-11-08T15:11:52.179+0100: 12349,194: Total time for which application threads were stopped: 0,0269288 seconds, Stopping threads took: 0,0000146 seconds
2016-11-08T15:11:52.186+0100: 12349,202: Total time for which application threads were stopped: 0,0004442 seconds, Stopping threads took: 0,0000216 seconds
2016-11-08T15:11:52.376+0100: 12349,392: Total time for which application threads were stopped: 0,0001446 seconds, Stopping threads took: 0,0000221 seconds
2016-11-08T15:11:52.596+0100: 12349,612: Total time for which application threads were stopped: 0,0001915 seconds, Stopping threads took: 0,0000419 seconds
2016-11-08T15:11:52.604+0100: 12349,620: Total time for which application threads were stopped: 0,0001387 seconds, Stopping threads took: 0,0000401 seconds
2016-11-08T15:11:52.650+0100: 12349,666: Total time for which application threads were stopped: 0,0001499 seconds, Stopping threads took: 0,0000271 seconds
{Heap before GC invocations=6 (full 1):
 par new generation   total 109248K, used 109207K [0x00000000e0000000, 0x00000000e8000000, 0x00000000e8000000)
  eden space 87424K, 100% used [0x00000000e0000000, 0x00000000e5560000, 0x00000000e5560000)
  from space 21824K,  99% used [0x00000000e5560000, 0x00000000e6aa5ca0, 0x00000000e6ab0000)
  to   space 21824K,   0% used [0x00000000e6ab0000, 0x00000000e6ab0000, 0x00000000e8000000)
 concurrent mark-sweep generation total 393216K, used 0K [0x00000000e8000000, 0x0000000100000000, 0x0000000100000000)
 Metaspace       used 30736K, capacity 31222K, committed 31384K, reserved 1077248K
  class space    used 3505K, capacity 3709K, committed 3736K, reserved 1048576K
2016-11-08T15:11:52.662+0100: 12349,678: [GC (Allocation Failure) 2016-11-08T15:11:52.662+0100: 12349,678: [ParNew
Desired survivor size 20112992 bytes, new threshold 8 (max 8)
- age   1:    1496512 bytes,    1496512 total
- age   2:    6162648 bytes,    7659160 total
- age   3:       2480 bytes,    7661640 total
- age   4:     639216 bytes,    8300856 total
- age   5:     132704 bytes,    8433560 total
- age   6:     700360 bytes,    9133920 total
: 109207K->14147K(109248K), 0,0397879 secs] 109207K->20465K(502464K), 0,0399034 secs] [Times: user=0,10 sys=0,00, real=0,04 secs] 
Heap after GC invocations=7 (full 1):
 par new generation   total 109248K, used 14147K [0x00000000e0000000, 0x00000000e8000000, 0x00000000e8000000)
  eden space 87424K,   0% used [0x00000000e0000000, 0x00000000e0000000, 0x00000000e5560000)
  from space 21824K,  64% used [0x00000000e6ab0000, 0x00000000e7880f20, 0x00000000e8000000)
  to   space 21824K,   0% used [0x00000000e5560000, 0x00000000e5560000, 0x00000000e6ab0000)
 concurrent mark-sweep generation total 393216K, used 6318K [0x00000000e8000000, 0x0000000100000000, 0x0000000100000000)
 Metaspace       used 30736K, capacity 31222K, committed 31384K, reserved 1077248K
  class space    used 3505K, capacity 3709K, committed 3736K, reserved 1048576K
}
2016-11-08T15:11:52.702+0100: 12349,718: Total time for which application threads were stopped: 0,0401599 seconds, Stopping threads took: 0,0000728 seconds
2016-11-08T15:11:52.754+0100: 12349,770: Total time for which application threads were stopped: 0,0001723 seconds, Stopping threads took: 0,0000478 seconds
2016-11-08T15:11:52.758+0100: 12349,774: Total time for which application threads were stopped: 0,0036910 seconds, Stopping threads took: 0,0036052 seconds
2016-11-08T15:11:52.842+0100: 12349,857: Total time for which application threads were stopped: 0,0001906 seconds, Stopping threads took: 0,0000459 seconds
2016-11-08T15:11:52.846+0100: 12349,861: Total time for which application threads were stopped: 0,0000865 seconds, Stopping threads took: 0,0000227 seconds
2016-11-08T15:11:52.846+0100: 12349,862: Total time for which application threads were stopped: 0,0000777 seconds, Stopping threads took: 0,0000194 seconds
2016-11-08T15:11:53.847+0100: 12350,862: Total time for which application threads were stopped: 0,0002416 seconds, Stopping threads took: 0,0000489 seconds
2016-11-08T15:12:09.864+0100: 12366,879: Total time for which application threads were stopped: 0,0001294 seconds, Stopping threads took: 0,0000240 seconds
2016-11-08T15:12:09.864+0100: 12366,880: Total time for which application threads were stopped: 0,0000695 seconds, Stopping threads took: 0,0000187 seconds
2016-11-08T15:12:09.865+0100: 12366,881: Total time for which application threads were stopped: 0,0001875 seconds, Stopping threads took: 0,0001007 seconds
2016-11-08T15:12:09.866+0100: 12366,881: Total time for which application threads were stopped: 0,0001078 seconds, Stopping threads took: 0,0000354 seconds
2016-11-08T15:12:09.873+0100: 12366,889: Total time for which application threads were stopped: 0,0001129 seconds, Stopping threads took: 0,0000293 seconds
2016-11-08T15:12:09.873+0100: 12366,889: Total time for which application threads were stopped: 0,0000803 seconds, Stopping threads took: 0,0000144 seconds
2016-11-08T15:12:09.873+0100: 12366,889: Total time for which application threads were stopped: 0,0000656 seconds, Stopping threads took: 0,0000104 seconds
2016-11-08T15:12:09.873+0100: 12366,889: Total time for which application threads were stopped: 0,0000585 seconds, Stopping threads took: 0,0000095 seconds
2016-11-08T15:12:09.873+0100: 12366,889: Total time for which application threads were stopped: 0,0001818 seconds, Stopping threads took: 0,0000117 seconds
2016-11-08T15:12:09.878+0100: 12366,894: Total time for which application threads were stopped: 0,0001470 seconds, Stopping threads took: 0,0000334 seconds
2016-11-08T15:12:09.878+0100: 12366,894: Total time for which application threads were stopped: 0,0000975 seconds, Stopping threads took: 0,0000153 seconds
2016-11-08T15:12:09.881+0100: 12366,896: Total time for which application threads were stopped: 0,0001458 seconds, Stopping threads took: 0,0000367 seconds
2016-11-08T15:12:09.883+0100: 12366,898: Total time for which application threads were stopped: 0,0013179 seconds, Stopping threads took: 0,0012302 seconds
2016-11-08T15:12:10.883+0100: 12367,899: Total time for which application threads were stopped: 0,0004351 seconds, Stopping threads took: 0,0000980 seconds
2016-11-08T15:12:14.071+0100: 12371,087: Total time for which application threads were stopped: 0,0001296 seconds, Stopping threads took: 0,0000374 seconds
2016-11-08T15:12:14.072+0100: 12371,087: Total time for which application threads were stopped: 0,0001059 seconds, Stopping threads took: 0,0000286 seconds
2016-11-08T15:12:14.072+0100: 12371,088: Total time for which application threads were stopped: 0,0000906 seconds, Stopping threads took: 0,0000169 seconds
2016-11-08T15:12:14.072+0100: 12371,088: Total time for which application threads were stopped: 0,0000527 seconds, Stopping threads took: 0,0000104 seconds
2016-11-08T15:12:14.072+0100: 12371,088: Total time for which application threads were stopped: 0,0000604 seconds, Stopping threads took: 0,0000195 seconds
2016-11-08T15:12:14.072+0100: 12371,088: Total time for which application threads were stopped: 0,0000696 seconds, Stopping threads took: 0,0000332 seconds
2016-11-08T15:12:14.072+0100: 12371,088: Total time for which application threads were stopped: 0,0000543 seconds, Stopping threads took: 0,0000169 seconds
2016-11-08T15:12:14.072+0100: 12371,088: Total time for which application threads were stopped: 0,0000464 seconds, Stopping threads took: 0,0000152 seconds
2016-11-08T15:12:14.073+0100: 12371,088: Total time for which application threads were stopped: 0,0000407 seconds, Stopping threads took: 0,0000128 seconds
2016-11-08T15:12:14.074+0100: 12371,089: Total time for which application threads were stopped: 0,0001326 seconds, Stopping threads took: 0,0000500 seconds
2016-11-08T15:12:14.074+0100: 12371,090: Total time for which application threads were stopped: 0,0000995 seconds, Stopping threads took: 0,0000239 seconds
2016-11-08T15:12:14.076+0100: 12371,092: Total time for which application threads were stopped: 0,0001176 seconds, Stopping threads took: 0,0000202 seconds
2016-11-08T15:12:14.076+0100: 12371,092: Total time for which application threads were stopped: 0,0000427 seconds, Stopping threads took: 0,0000097 seconds
2016-11-08T15:12:14.078+0100: 12371,094: Total time for which application threads were stopped: 0,0002150 seconds, Stopping threads took: 0,0000526 seconds
2016-11-08T15:12:14.078+0100: 12371,094: Total time for which application threads were stopped: 0,0001145 seconds, Stopping threads took: 0,0000075 seconds
2016-11-08T15:12:14.089+0100: 12371,105: Total time for which application threads were stopped: 0,0001295 seconds, Stopping threads took: 0,0000250 seconds
2016-11-08T15:12:14.089+0100: 12371,105: Total time for which application threads were stopped: 0,0000748 seconds, Stopping threads took: 0,0000115 seconds
2016-11-08T15:12:14.093+0100: 12371,109: Total time for which application threads were stopped: 0,0001167 seconds, Stopping threads took: 0,0000204 seconds
2016-11-08T15:12:14.094+0100: 12371,110: Total time for which application threads were stopped: 0,0000749 seconds, Stopping threads took: 0,0000182 seconds
2016-11-08T15:12:17.517+0100: 12374,532: Total time for which application threads were stopped: 0,0001260 seconds, Stopping threads took: 0,0000236 seconds
2016-11-08T15:12:17.517+0100: 12374,533: Total time for which application threads were stopped: 0,0001239 seconds, Stopping threads took: 0,0000281 seconds
2016-11-08T15:12:17.519+0100: 12374,535: Total time for which application threads were stopped: 0,0007853 seconds, Stopping threads took: 0,0006162 seconds
2016-11-08T15:12:17.519+0100: 12374,535: Total time for which application threads were stopped: 0,0002163 seconds, Stopping threads took: 0,0000870 seconds
2016-11-08T15:12:17.519+0100: 12374,535: Total time for which application threads were stopped: 0,0001381 seconds, Stopping threads took: 0,0000267 seconds
2016-11-08T15:12:23.521+0100: 12380,536: Total time for which application threads were stopped: 0,0003802 seconds, Stopping threads took: 0,0000954 seconds
{Heap before GC invocations=7 (full 1):
 par new generation   total 109248K, used 101571K [0x00000000e0000000, 0x00000000e8000000, 0x00000000e8000000)
  eden space 87424K, 100% used [0x00000000e0000000, 0x00000000e5560000, 0x00000000e5560000)
  from space 21824K,  64% used [0x00000000e6ab0000, 0x00000000e7880f20, 0x00000000e8000000)
  to   space 21824K,   0% used [0x00000000e5560000, 0x00000000e5560000, 0x00000000e6ab0000)
 concurrent mark-sweep generation total 393216K, used 6318K [0x00000000e8000000, 0x0000000100000000, 0x0000000100000000)
 Metaspace       used 31215K, capacity 31702K, committed 32024K, reserved 1077248K
  class space    used 3545K, capacity 3741K, committed 3864K, reserved 1048576K
2016-11-08T15:12:34.720+0100: 12391,735: [GC (Allocation Failure) 2016-11-08T15:12:34.720+0100: 12391,735: [ParNew
Desired survivor size 20112992 bytes, new threshold 8 (max 8)
- age   1:    1510400 bytes,    1510400 total
- age   2:     493248 bytes,    2003648 total
- age   3:    8235184 bytes,   10238832 total
- age   4:       2480 bytes,   10241312 total
- age   5:     619264 bytes,   10860576 total
- age   6:     131968 bytes,   10992544 total
- age   7:     696864 bytes,   11689408 total
: 101571K->14444K(109248K), 0,0095804 secs] 107889K->20762K(502464K), 0,0096473 secs] [Times: user=0,03 sys=0,00, real=0,01 secs] 
Heap after GC invocations=8 (full 1):
 par new generation   total 109248K, used 14444K [0x00000000e0000000, 0x00000000e8000000, 0x00000000e8000000)
  eden space 87424K,   0% used [0x00000000e0000000, 0x00000000e0000000, 0x00000000e5560000)
  from space 21824K,  66% used [0x00000000e5560000, 0x00000000e637b078, 0x00000000e6ab0000)
  to   space 21824K,   0% used [0x00000000e6ab0000, 0x00000000e6ab0000, 0x00000000e8000000)
 concurrent mark-sweep generation total 393216K, used 6318K [0x00000000e8000000, 0x0000000100000000, 0x0000000100000000)
 Metaspace       used 31215K, capacity 31702K, committed 32024K, reserved 1077248K
  class space    used 3545K, capacity 3741K, committed 3864K, reserved 1048576K
}
2016-11-08T15:12:34.729+0100: 12391,745: Total time for which application threads were stopped: 0,0099319 seconds, Stopping threads took: 0,0000514 seconds
2016-11-08T15:12:34.864+0100: 12391,880: Total time for which application threads were stopped: 0,0001467 seconds, Stopping threads took: 0,0000240 seconds
2016-11-08T15:12:34.867+0100: 12391,883: Total time for which application threads were stopped: 0,0001229 seconds, Stopping threads took: 0,0000252 seconds
2016-11-08T15:12:34.883+0100: 12391,899: Total time for which application threads were stopped: 0,0001253 seconds, Stopping threads took: 0,0000354 seconds
2016-11-08T15:12:34.891+0100: 12391,907: Total time for which application threads were stopped: 0,0001443 seconds, Stopping threads took: 0,0000425 seconds
2016-11-08T15:12:34.928+0100: 12391,943: Total time for which application threads were stopped: 0,0001481 seconds, Stopping threads took: 0,0000461 seconds
2016-11-08T15:12:34.928+0100: 12391,943: Total time for which application threads were stopped: 0,0000892 seconds, Stopping threads took: 0,0000237 seconds
{Heap before GC invocations=8 (full 1):
 par new generation   total 109248K, used 101868K [0x00000000e0000000, 0x00000000e8000000, 0x00000000e8000000)
  eden space 87424K, 100% used [0x00000000e0000000, 0x00000000e5560000, 0x00000000e5560000)
  from space 21824K,  66% used [0x00000000e5560000, 0x00000000e637b078, 0x00000000e6ab0000)
  to   space 21824K,   0% used [0x00000000e6ab0000, 0x00000000e6ab0000, 0x00000000e8000000)
 concurrent mark-sweep generation total 393216K, used 6318K [0x00000000e8000000, 0x0000000100000000, 0x0000000100000000)
 Metaspace       used 31229K, capacity 31702K, committed 32024K, reserved 1077248K
  class space    used 3546K, capacity 3741K, committed 3864K, reserved 1048576K
2016-11-08T15:12:34.942+0100: 12391,957: [GC (Allocation Failure) 2016-11-08T15:12:34.942+0100: 12391,958: [ParNew
Desired survivor size 20112992 bytes, new threshold 8 (max 8)
- age   1:    1257648 bytes,    1257648 total
- age   2:    1169464 bytes,    2427112 total
- age   3:     493064 bytes,    2920176 total
- age   4:    6006808 bytes,    8926984 total
- age   5:       2480 bytes,    8929464 total
- age   6:     619264 bytes,    9548728 total
- age   7:     131968 bytes,    9680696 total
- age   8:     696864 bytes,   10377560 total
: 101868K->13424K(109248K), 0,0139578 secs] 108186K->19742K(502464K), 0,0140369 secs] [Times: user=0,05 sys=0,00, real=0,01 secs] 
Heap after GC invocations=9 (full 1):
 par new generation   total 109248K, used 13424K [0x00000000e0000000, 0x00000000e8000000, 0x00000000e8000000)
  eden space 87424K,   0% used [0x00000000e0000000, 0x00000000e0000000, 0x00000000e5560000)
  from space 21824K,  61% used [0x00000000e6ab0000, 0x00000000e77cc390, 0x00000000e8000000)
  to   space 21824K,   0% used [0x00000000e5560000, 0x00000000e5560000, 0x00000000e6ab0000)
 concurrent mark-sweep generation total 393216K, used 6318K [0x00000000e8000000, 0x0000000100000000, 0x0000000100000000)
 Metaspace       used 31229K, capacity 31702K, committed 32024K, reserved 1077248K
  class space    used 3546K, capacity 3741K, committed 3864K, reserved 1048576K
}
2016-11-08T15:12:34.956+0100: 12391,972: Total time for which application threads were stopped: 0,0144444 seconds, Stopping threads took: 0,0002321 seconds
2016-11-08T15:12:34.999+0100: 12392,015: Total time for which application threads were stopped: 0,0001160 seconds, Stopping threads took: 0,0000420 seconds
2016-11-08T15:12:35.001+0100: 12392,016: Total time for which application threads were stopped: 0,0001233 seconds, Stopping threads took: 0,0000472 seconds
2016-11-08T15:12:35.001+0100: 12392,017: Total time for which application threads were stopped: 0,0000857 seconds, Stopping threads took: 0,0000317 seconds
2016-11-08T15:12:35.074+0100: 12392,090: Total time for which application threads were stopped: 0,0001654 seconds, Stopping threads took: 0,0000613 seconds
2016-11-08T15:12:35.076+0100: 12392,092: Total time for which application threads were stopped: 0,0001641 seconds, Stopping threads took: 0,0000511 seconds
2016-11-08T15:12:36.076+0100: 12393,092: Total time for which application threads were stopped: 0,0001857 seconds, Stopping threads took: 0,0001083 seconds
2016-11-08T15:13:17.520+0100: 12434,536: Total time for which application threads were stopped: 0,0001787 seconds, Stopping threads took: 0,0000659 seconds
2016-11-08T15:13:35.790+0100: 12452,806: Total time for which application threads were stopped: 0,0003601 seconds, Stopping threads took: 0,0000464 seconds
2016-11-08T15:13:36.790+0100: 12453,806: Total time for which application threads were stopped: 0,0001125 seconds, Stopping threads took: 0,0000166 seconds
{Heap before GC invocations=9 (full 1):
 par new generation   total 109248K, used 100848K [0x00000000e0000000, 0x00000000e8000000, 0x00000000e8000000)
  eden space 87424K, 100% used [0x00000000e0000000, 0x00000000e5560000, 0x00000000e5560000)
  from space 21824K,  61% used [0x00000000e6ab0000, 0x00000000e77cc390, 0x00000000e8000000)
  to   space 21824K,   0% used [0x00000000e5560000, 0x00000000e5560000, 0x00000000e6ab0000)
 concurrent mark-sweep generation total 393216K, used 6318K [0x00000000e8000000, 0x0000000100000000, 0x0000000100000000)
 Metaspace       used 31288K, capacity 31766K, committed 32024K, reserved 1077248K
  class space    used 3546K, capacity 3741K, committed 3864K, reserved 1048576K
2016-11-08T15:14:39.284+0100: 12516,299: [GC (Allocation Failure) 2016-11-08T15:14:39.284+0100: 12516,299: [ParNew
Desired survivor size 20112992 bytes, new threshold 8 (max 8)
- age   1:    1484160 bytes,    1484160 total
- age   2:     392544 bytes,    1876704 total
- age   3:     744672 bytes,    2621376 total
- age   4:     492856 bytes,    3114232 total
- age   5:    6005936 bytes,    9120168 total
- age   6:       2480 bytes,    9122648 total
- age   7:     619264 bytes,    9741912 total
- age   8:     131968 bytes,    9873880 total
: 100848K->12193K(109248K), 0,0177159 secs] 107166K->19204K(502464K), 0,0177905 secs] [Times: user=0,05 sys=0,00, real=0,02 secs] 
Heap after GC invocations=10 (full 1):
 par new generation   total 109248K, used 12193K [0x00000000e0000000, 0x00000000e8000000, 0x00000000e8000000)
  eden space 87424K,   0% used [0x00000000e0000000, 0x00000000e0000000, 0x00000000e5560000)
  from space 21824K,  55% used [0x00000000e5560000, 0x00000000e6148610, 0x00000000e6ab0000)
  to   space 21824K,   0% used [0x00000000e6ab0000, 0x00000000e6ab0000, 0x00000000e8000000)
 concurrent mark-sweep generation total 393216K, used 7011K [0x00000000e8000000, 0x0000000100000000, 0x0000000100000000)
 Metaspace       used 31288K, capacity 31766K, committed 32024K, reserved 1077248K
  class space    used 3546K, capacity 3741K, committed 3864K, reserved 1048576K
}
2016-11-08T15:14:39.302+0100: 12516,317: Total time for which application threads were stopped: 0,0180406 seconds, Stopping threads took: 0,0000743 seconds
2016-11-08T15:14:39.383+0100: 12516,399: Total time for which application threads were stopped: 0,0001585 seconds, Stopping threads took: 0,0000473 seconds
2016-11-08T15:14:39.384+0100: 12516,400: Total time for which application threads were stopped: 0,0001249 seconds, Stopping threads took: 0,0000332 seconds
2016-11-08T15:14:39.387+0100: 12516,403: Total time for which application threads were stopped: 0,0001244 seconds, Stopping threads took: 0,0000370 seconds
2016-11-08T15:14:39.392+0100: 12516,408: Total time for which application threads were stopped: 0,0001483 seconds, Stopping threads took: 0,0000481 seconds
2016-11-08T15:14:39.414+0100: 12516,430: Total time for which application threads were stopped: 0,0001481 seconds, Stopping threads took: 0,0000365 seconds
2016-11-08T15:14:39.414+0100: 12516,430: Total time for which application threads were stopped: 0,0000720 seconds, Stopping threads took: 0,0000161 seconds
2016-11-08T15:14:39.458+0100: 12516,473: Total time for which application threads were stopped: 0,0001229 seconds, Stopping threads took: 0,0000308 seconds
2016-11-08T15:14:39.459+0100: 12516,475: Total time for which application threads were stopped: 0,0000966 seconds, Stopping threads took: 0,0000213 seconds
2016-11-08T15:14:39.460+0100: 12516,476: Total time for which application threads were stopped: 0,0000626 seconds, Stopping threads took: 0,0000131 seconds
2016-11-08T15:14:39.520+0100: 12516,536: Total time for which application threads were stopped: 0,0001215 seconds, Stopping threads took: 0,0000279 seconds
2016-11-08T15:14:39.522+0100: 12516,537: Total time for which application threads were stopped: 0,0000992 seconds, Stopping threads took: 0,0000199 seconds
2016-11-08T15:14:40.522+0100: 12517,537: Total time for which application threads were stopped: 0,0000866 seconds, Stopping threads took: 0,0000173 seconds
2016-11-08T15:19:50.870+0100: 12827,886: Total time for which application threads were stopped: 0,0001078 seconds, Stopping threads took: 0,0000384 seconds
{Heap before GC invocations=10 (full 1):
 par new generation   total 109248K, used 99617K [0x00000000e0000000, 0x00000000e8000000, 0x00000000e8000000)
  eden space 87424K, 100% used [0x00000000e0000000, 0x00000000e5560000, 0x00000000e5560000)
  from space 21824K,  55% used [0x00000000e5560000, 0x00000000e6148610, 0x00000000e6ab0000)
  to   space 21824K,   0% used [0x00000000e6ab0000, 0x00000000e6ab0000, 0x00000000e8000000)
 concurrent mark-sweep generation total 393216K, used 7011K [0x00000000e8000000, 0x0000000100000000, 0x0000000100000000)
 Metaspace       used 31350K, capacity 31904K, committed 32280K, reserved 1077248K
  class space    used 3552K, capacity 3744K, committed 3864K, reserved 1048576K
2016-11-08T15:19:50.873+0100: 12827,888: [GC (Allocation Failure) 2016-11-08T15:19:50.873+0100: 12827,888: [ParNew
Desired survivor size 20112992 bytes, new threshold 8 (max 8)
- age   1:     629576 bytes,     629576 total
- age   2:     652544 bytes,    1282120 total
- age   3:     392544 bytes,    1674664 total
- age   4:     587664 bytes,    2262328 total
- age   5:     164320 bytes,    2426648 total
- age   6:    6005200 bytes,    8431848 total
- age   7:       2480 bytes,    8434328 total
- age   8:     619264 bytes,    9053592 total
: 99617K->10729K(109248K), 0,0185599 secs] 106628K->17874K(502464K), 0,0186432 secs] [Times: user=0,04 sys=0,00, real=0,02 secs] 
Heap after GC invocations=11 (full 1):
 par new generation   total 109248K, used 10729K [0x00000000e0000000, 0x00000000e8000000, 0x00000000e8000000)
  eden space 87424K,   0% used [0x00000000e0000000, 0x00000000e0000000, 0x00000000e5560000)
  from space 21824K,  49% used [0x00000000e6ab0000, 0x00000000e752a740, 0x00000000e8000000)
  to   space 21824K,   0% used [0x00000000e5560000, 0x00000000e5560000, 0x00000000e6ab0000)
 concurrent mark-sweep generation total 393216K, used 7145K [0x00000000e8000000, 0x0000000100000000, 0x0000000100000000)
 Metaspace       used 31350K, capacity 31904K, committed 32280K, reserved 1077248K
  class space    used 3552K, capacity 3744K, committed 3864K, reserved 1048576K
}
2016-11-08T15:19:50.892+0100: 12827,907: Total time for which application threads were stopped: 0,0190467 seconds, Stopping threads took: 0,0000519 seconds
2016-11-08T15:19:50.894+0100: 12827,910: Total time for which application threads were stopped: 0,0000966 seconds, Stopping threads took: 0,0000323 seconds
2016-11-08T15:19:50.895+0100: 12827,911: Total time for which application threads were stopped: 0,0000647 seconds, Stopping threads took: 0,0000156 seconds
2016-11-08T15:19:50.908+0100: 12827,924: Total time for which application threads were stopped: 0,0000845 seconds, Stopping threads took: 0,0000171 seconds
2016-11-08T15:19:50.909+0100: 12827,924: Total time for which application threads were stopped: 0,0000439 seconds, Stopping threads took: 0,0000079 seconds
2016-11-08T15:19:50.909+0100: 12827,925: Total time for which application threads were stopped: 0,0000717 seconds, Stopping threads took: 0,0000121 seconds
2016-11-08T15:19:50.911+0100: 12827,927: Total time for which application threads were stopped: 0,0000709 seconds, Stopping threads took: 0,0000173 seconds
Heap
 par new generation   total 109248K, used 13772K [0x00000000e0000000, 0x00000000e8000000, 0x00000000e8000000)
  eden space 87424K,   3% used [0x00000000e0000000, 0x00000000e02f8a30, 0x00000000e5560000)
  from space 21824K,  49% used [0x00000000e6ab0000, 0x00000000e752a740, 0x00000000e8000000)
  to   space 21824K,   0% used [0x00000000e5560000, 0x00000000e5560000, 0x00000000e6ab0000)
 concurrent mark-sweep generation total 393216K, used 7145K [0x00000000e8000000, 0x0000000100000000, 0x0000000100000000)
 Metaspace       used 31369K, capacity 31906K, committed 32280K, reserved 1077248K
  class space    used 3555K, capacity 3745K, committed 3864K, reserved 1048576K
