OpenJDK 64-Bit Server VM (25.121-b13) for linux-amd64 JRE (1.8.0_121-8u121-b13-0ubuntu1.16.04.2-b13), built on Jan 23 2017 15:51:29 by "buildd" with gcc 5.4.0 20160609
Memory: 4k page, physical 7867760k(7499728k free), swap 8076284k(8076284k free)
CommandLine flags: -XX:CMSInitiatingOccupancyFraction=50 -XX:CMSMaxAbortablePrecleanTime=6000 -XX:+CMSParallelRemarkEnabled -XX:+CMSScavengeBeforeRemark -XX:ConcGCThreads=4 -XX:InitialHeapSize=536870912 -XX:MaxHeapSize=536870912 -XX:MaxTenuringThreshold=8 -XX:NewRatio=3 -XX:OldPLABSize=16 -XX:OnOutOfMemoryError=/opt/solr/bin/oom_solr.sh 8983 /var/solr/logs -XX:ParallelGCThreads=4 -XX:+ParallelRefProcEnabled -XX:PretenureSizeThreshold=67108864 -XX:+PrintGC -XX:+PrintGCApplicationStoppedTime -XX:+PrintGCDateStamps -XX:+PrintGCDetails -XX:+PrintGCTimeStamps -XX:+PrintHeapAtGC -XX:+PrintTenuringDistribution -XX:SurvivorRatio=4 -XX:TargetSurvivorRatio=90 -XX:ThreadStackSize=256 -XX:+UseCMSInitiatingOccupancyOnly -XX:+UseCompressedClassPointers -XX:+UseCompressedOops -XX:+UseConcMarkSweepGC -XX:+UseParNewGC 
2017-03-05T08:43:06.743+0100: 0,124: Total time for which application threads were stopped: 0,0000747 seconds, Stopping threads took: 0,0000157 seconds
2017-03-05T08:43:06.823+0100: 0,205: Total time for which application threads were stopped: 0,0001139 seconds, Stopping threads took: 0,0000250 seconds
2017-03-05T08:43:06.838+0100: 0,220: Total time for which application threads were stopped: 0,0001067 seconds, Stopping threads took: 0,0000253 seconds
2017-03-05T08:43:07.086+0100: 0,467: Total time for which application threads were stopped: 0,0001099 seconds, Stopping threads took: 0,0000177 seconds
2017-03-05T08:43:07.562+0100: 0,943: Total time for which application threads were stopped: 0,0001619 seconds, Stopping threads took: 0,0000133 seconds
2017-03-05T08:43:07.686+0100: 1,067: Total time for which application threads were stopped: 0,0005415 seconds, Stopping threads took: 0,0000267 seconds
2017-03-05T08:43:07.721+0100: 1,102: Total time for which application threads were stopped: 0,0001979 seconds, Stopping threads took: 0,0000319 seconds
2017-03-05T08:43:08.062+0100: 1,444: Total time for which application threads were stopped: 0,0001797 seconds, Stopping threads took: 0,0000151 seconds
2017-03-05T08:43:08.279+0100: 1,660: Total time for which application threads were stopped: 0,0001998 seconds, Stopping threads took: 0,0000181 seconds
2017-03-05T08:43:08.310+0100: 1,691: Total time for which application threads were stopped: 0,0001760 seconds, Stopping threads took: 0,0000121 seconds
2017-03-05T08:43:08.349+0100: 1,730: Total time for which application threads were stopped: 0,0002597 seconds, Stopping threads took: 0,0000562 seconds
2017-03-05T08:43:08.350+0100: 1,732: Total time for which application threads were stopped: 0,0008704 seconds, Stopping threads took: 0,0000230 seconds
2017-03-05T08:43:08.371+0100: 1,753: Total time for which application threads were stopped: 0,0002132 seconds, Stopping threads took: 0,0000198 seconds
2017-03-05T08:43:08.452+0100: 1,833: Total time for which application threads were stopped: 0,0001979 seconds, Stopping threads took: 0,0000203 seconds
2017-03-05T08:43:08.619+0100: 2,001: Total time for which application threads were stopped: 0,0018516 seconds, Stopping threads took: 0,0015871 seconds
{Heap before GC invocations=0 (full 0):
 par new generation   total 109248K, used 87424K [0x00000000e0000000, 0x00000000e8000000, 0x00000000e8000000)
  eden space 87424K, 100% used [0x00000000e0000000, 0x00000000e5560000, 0x00000000e5560000)
  from space 21824K,   0% used [0x00000000e5560000, 0x00000000e5560000, 0x00000000e6ab0000)
  to   space 21824K,   0% used [0x00000000e6ab0000, 0x00000000e6ab0000, 0x00000000e8000000)
 concurrent mark-sweep generation total 393216K, used 0K [0x00000000e8000000, 0x0000000100000000, 0x0000000100000000)
 Metaspace       used 18192K, capacity 18464K, committed 18688K, reserved 1064960K
  class space    used 2058K, capacity 2196K, committed 2304K, reserved 1048576K
2017-03-05T08:43:08.736+0100: 2,117: [GC (Allocation Failure) 2017-03-05T08:43:08.736+0100: 2,117: [ParNew
Desired survivor size 20112992 bytes, new threshold 8 (max 8)
- age   1:   12810504 bytes,   12810504 total
: 87424K->12630K(109248K), 0,0177252 secs] 87424K->12630K(502464K), 0,0178098 secs] [Times: user=0,05 sys=0,00, real=0,02 secs] 
Heap after GC invocations=1 (full 0):
 par new generation   total 109248K, used 12630K [0x00000000e0000000, 0x00000000e8000000, 0x00000000e8000000)
  eden space 87424K,   0% used [0x00000000e0000000, 0x00000000e0000000, 0x00000000e5560000)
  from space 21824K,  57% used [0x00000000e6ab0000, 0x00000000e7705b60, 0x00000000e8000000)
  to   space 21824K,   0% used [0x00000000e5560000, 0x00000000e5560000, 0x00000000e6ab0000)
 concurrent mark-sweep generation total 393216K, used 0K [0x00000000e8000000, 0x0000000100000000, 0x0000000100000000)
 Metaspace       used 18192K, capacity 18464K, committed 18688K, reserved 1064960K
  class space    used 2058K, capacity 2196K, committed 2304K, reserved 1048576K
}
2017-03-05T08:43:08.753+0100: 2,135: Total time for which application threads were stopped: 0,0180295 seconds, Stopping threads took: 0,0000226 seconds
2017-03-05T08:43:09.018+0100: 2,399: Total time for which application threads were stopped: 0,0002856 seconds, Stopping threads took: 0,0000245 seconds
2017-03-05T08:43:09.062+0100: 2,444: Total time for which application threads were stopped: 0,0004303 seconds, Stopping threads took: 0,0000719 seconds
{Heap before GC invocations=1 (full 0):
 par new generation   total 109248K, used 100054K [0x00000000e0000000, 0x00000000e8000000, 0x00000000e8000000)
  eden space 87424K, 100% used [0x00000000e0000000, 0x00000000e5560000, 0x00000000e5560000)
  from space 21824K,  57% used [0x00000000e6ab0000, 0x00000000e7705b60, 0x00000000e8000000)
  to   space 21824K,   0% used [0x00000000e5560000, 0x00000000e5560000, 0x00000000e6ab0000)
 concurrent mark-sweep generation total 393216K, used 0K [0x00000000e8000000, 0x0000000100000000, 0x0000000100000000)
 Metaspace       used 20068K, capacity 20444K, committed 20736K, reserved 1067008K
  class space    used 2300K, capacity 2476K, committed 2560K, reserved 1048576K
2017-03-05T08:43:09.066+0100: 2,448: [GC (Allocation Failure) 2017-03-05T08:43:09.066+0100: 2,448: [ParNew
Desired survivor size 20112992 bytes, new threshold 8 (max 8)
- age   1:    3313480 bytes,    3313480 total
- age   2:    6701808 bytes,   10015288 total
: 100054K->11972K(109248K), 0,0096750 secs] 100054K->11972K(502464K), 0,0097405 secs] [Times: user=0,03 sys=0,00, real=0,01 secs] 
Heap after GC invocations=2 (full 0):
 par new generation   total 109248K, used 11972K [0x00000000e0000000, 0x00000000e8000000, 0x00000000e8000000)
  eden space 87424K,   0% used [0x00000000e0000000, 0x00000000e0000000, 0x00000000e5560000)
  from space 21824K,  54% used [0x00000000e5560000, 0x00000000e61113a0, 0x00000000e6ab0000)
  to   space 21824K,   0% used [0x00000000e6ab0000, 0x00000000e6ab0000, 0x00000000e8000000)
 concurrent mark-sweep generation total 393216K, used 0K [0x00000000e8000000, 0x0000000100000000, 0x0000000100000000)
 Metaspace       used 20068K, capacity 20444K, committed 20736K, reserved 1067008K
  class space    used 2300K, capacity 2476K, committed 2560K, reserved 1048576K
}
2017-03-05T08:43:09.076+0100: 2,457: Total time for which application threads were stopped: 0,0101708 seconds, Stopping threads took: 0,0003002 seconds
2017-03-05T08:43:09.100+0100: 2,482: Total time for which application threads were stopped: 0,0003347 seconds, Stopping threads took: 0,0000489 seconds
2017-03-05T08:43:09.237+0100: 2,619: Total time for which application threads were stopped: 0,0004932 seconds, Stopping threads took: 0,0003711 seconds
{Heap before GC invocations=2 (full 0):
 par new generation   total 109248K, used 99396K [0x00000000e0000000, 0x00000000e8000000, 0x00000000e8000000)
  eden space 87424K, 100% used [0x00000000e0000000, 0x00000000e5560000, 0x00000000e5560000)
  from space 21824K,  54% used [0x00000000e5560000, 0x00000000e61113a0, 0x00000000e6ab0000)
  to   space 21824K,   0% used [0x00000000e6ab0000, 0x00000000e6ab0000, 0x00000000e8000000)
 concurrent mark-sweep generation total 393216K, used 0K [0x00000000e8000000, 0x0000000100000000, 0x0000000100000000)
 Metaspace       used 20954K, capacity 21302K, committed 21552K, reserved 1069056K
  class space    used 2424K, capacity 2595K, committed 2608K, reserved 1048576K
2017-03-05T08:43:09.257+0100: 2,638: [GC (Allocation Failure) 2017-03-05T08:43:09.257+0100: 2,638: [ParNew
Desired survivor size 20112992 bytes, new threshold 8 (max 8)
- age   1:    2102920 bytes,    2102920 total
- age   2:     837048 bytes,    2939968 total
- age   3:    6687360 bytes,    9627328 total
: 99396K->13995K(109248K), 0,0101332 secs] 99396K->13995K(502464K), 0,0102021 secs] [Times: user=0,04 sys=0,00, real=0,01 secs] 
Heap after GC invocations=3 (full 0):
 par new generation   total 109248K, used 13995K [0x00000000e0000000, 0x00000000e8000000, 0x00000000e8000000)
  eden space 87424K,   0% used [0x00000000e0000000, 0x00000000e0000000, 0x00000000e5560000)
  from space 21824K,  64% used [0x00000000e6ab0000, 0x00000000e785af90, 0x00000000e8000000)
  to   space 21824K,   0% used [0x00000000e5560000, 0x00000000e5560000, 0x00000000e6ab0000)
 concurrent mark-sweep generation total 393216K, used 0K [0x00000000e8000000, 0x0000000100000000, 0x0000000100000000)
 Metaspace       used 20954K, capacity 21302K, committed 21552K, reserved 1069056K
  class space    used 2424K, capacity 2595K, committed 2608K, reserved 1048576K
}
2017-03-05T08:43:09.267+0100: 2,649: Total time for which application threads were stopped: 0,0149909 seconds, Stopping threads took: 0,0046601 seconds
2017-03-05T08:43:09.268+0100: 2,649: [GC (CMS Initial Mark) [1 CMS-initial-mark: 0K(393216K)] 14705K(502464K), 0,0029770 secs] [Times: user=0,01 sys=0,00, real=0,00 secs] 
2017-03-05T08:43:09.271+0100: 2,652: Total time for which application threads were stopped: 0,0036569 seconds, Stopping threads took: 0,0005950 seconds
2017-03-05T08:43:09.271+0100: 2,652: [CMS-concurrent-mark-start]
2017-03-05T08:43:09.271+0100: 2,653: [CMS-concurrent-mark: 0,000/0,000 secs] [Times: user=0,00 sys=0,00, real=0,00 secs] 
2017-03-05T08:43:09.271+0100: 2,653: [CMS-concurrent-preclean-start]
2017-03-05T08:43:09.272+0100: 2,654: [CMS-concurrent-preclean: 0,001/0,001 secs] [Times: user=0,00 sys=0,00, real=0,00 secs] 
2017-03-05T08:43:09.272+0100: 2,654: [GC (CMS Final Remark) [YG occupancy: 14705 K (109248 K)]{Heap before GC invocations=3 (full 1):
 par new generation   total 109248K, used 14705K [0x00000000e0000000, 0x00000000e8000000, 0x00000000e8000000)
  eden space 87424K,   0% used [0x00000000e0000000, 0x00000000e00b1728, 0x00000000e5560000)
  from space 21824K,  64% used [0x00000000e6ab0000, 0x00000000e785af90, 0x00000000e8000000)
  to   space 21824K,   0% used [0x00000000e5560000, 0x00000000e5560000, 0x00000000e6ab0000)
 concurrent mark-sweep generation total 393216K, used 0K [0x00000000e8000000, 0x0000000100000000, 0x0000000100000000)
 Metaspace       used 20954K, capacity 21302K, committed 21552K, reserved 1069056K
  class space    used 2424K, capacity 2595K, committed 2608K, reserved 1048576K
2017-03-05T08:43:09.272+0100: 2,654: [GC (CMS Final Remark) 2017-03-05T08:43:09.272+0100: 2,654: [ParNew
Desired survivor size 20112992 bytes, new threshold 8 (max 8)
- age   1:      18032 bytes,      18032 total
- age   2:    2101256 bytes,    2119288 total
- age   3:     837048 bytes,    2956336 total
- age   4:    6687336 bytes,    9643672 total
: 14705K->11715K(109248K), 0,0094110 secs] 14705K->11715K(502464K), 0,0094538 secs] [Times: user=0,03 sys=0,00, real=0,02 secs] 
Heap after GC invocations=4 (full 1):
 par new generation   total 109248K, used 11715K [0x00000000e0000000, 0x00000000e8000000, 0x00000000e8000000)
  eden space 87424K,   0% used [0x00000000e0000000, 0x00000000e0000000, 0x00000000e5560000)
  from space 21824K,  53% used [0x00000000e5560000, 0x00000000e60d0d80, 0x00000000e6ab0000)
  to   space 21824K,   0% used [0x00000000e6ab0000, 0x00000000e6ab0000, 0x00000000e8000000)
 concurrent mark-sweep generation total 393216K, used 0K [0x00000000e8000000, 0x0000000100000000, 0x0000000100000000)
 Metaspace       used 20954K, capacity 21302K, committed 21552K, reserved 1069056K
  class space    used 2424K, capacity 2595K, committed 2608K, reserved 1048576K
}
2017-03-05T08:43:09.282+0100: 2,663: [Rescan (parallel) , 0,0036128 secs]2017-03-05T08:43:09.285+0100: 2,667: [weak refs processing, 0,0010079 secs]2017-03-05T08:43:09.286+0100: 2,668: [class unloading, 0,0026808 secs]2017-03-05T08:43:09.289+0100: 2,671: [scrub symbol table, 0,0025659 secs]2017-03-05T08:43:09.292+0100: 2,673: [scrub string table, 0,0003642 secs][1 CMS-remark: 0K(393216K)] 11715K(502464K), 0,0202600 secs] [Times: user=0,06 sys=0,00, real=0,02 secs] 
2017-03-05T08:43:09.293+0100: 2,674: Total time for which application threads were stopped: 0,0203517 seconds, Stopping threads took: 0,0000181 seconds
2017-03-05T08:43:09.293+0100: 2,674: [CMS-concurrent-sweep-start]
2017-03-05T08:43:09.293+0100: 2,674: [CMS-concurrent-sweep: 0,000/0,000 secs] [Times: user=0,00 sys=0,00, real=0,00 secs] 
2017-03-05T08:43:09.293+0100: 2,674: [CMS-concurrent-reset-start]
2017-03-05T08:43:09.295+0100: 2,676: [CMS-concurrent-reset: 0,002/0,002 secs] [Times: user=0,01 sys=0,00, real=0,01 secs] 
{Heap before GC invocations=4 (full 1):
 par new generation   total 109248K, used 99139K [0x00000000e0000000, 0x00000000e8000000, 0x00000000e8000000)
  eden space 87424K, 100% used [0x00000000e0000000, 0x00000000e5560000, 0x00000000e5560000)
  from space 21824K,  53% used [0x00000000e5560000, 0x00000000e60d0d80, 0x00000000e6ab0000)
  to   space 21824K,   0% used [0x00000000e6ab0000, 0x00000000e6ab0000, 0x00000000e8000000)
 concurrent mark-sweep generation total 393216K, used 0K [0x00000000e8000000, 0x0000000100000000, 0x0000000100000000)
 Metaspace       used 21192K, capacity 21584K, committed 21936K, reserved 1069056K
  class space    used 2451K, capacity 2611K, committed 2736K, reserved 1048576K
2017-03-05T08:43:09.423+0100: 2,805: [GC (Allocation Failure) 2017-03-05T08:43:09.423+0100: 2,805: [ParNew
Desired survivor size 20112992 bytes, new threshold 8 (max 8)
- age   1:    1325488 bytes,    1325488 total
- age   3:    1447104 bytes,    2772592 total
- age   4:     803672 bytes,    3576264 total
- age   5:    6687552 bytes,   10263816 total
: 99139K->17055K(109248K), 0,0105375 secs] 99139K->17055K(502464K), 0,0106028 secs] [Times: user=0,03 sys=0,00, real=0,01 secs] 
Heap after GC invocations=5 (full 1):
 par new generation   total 109248K, used 17055K [0x00000000e0000000, 0x00000000e8000000, 0x00000000e8000000)
  eden space 87424K,   0% used [0x00000000e0000000, 0x00000000e0000000, 0x00000000e5560000)
  from space 21824K,  78% used [0x00000000e6ab0000, 0x00000000e7b57d80, 0x00000000e8000000)
  to   space 21824K,   0% used [0x00000000e5560000, 0x00000000e5560000, 0x00000000e6ab0000)
 concurrent mark-sweep generation total 393216K, used 0K [0x00000000e8000000, 0x0000000100000000, 0x0000000100000000)
 Metaspace       used 21192K, capacity 21584K, committed 21936K, reserved 1069056K
  class space    used 2451K, capacity 2611K, committed 2736K, reserved 1048576K
}
2017-03-05T08:43:09.434+0100: 2,815: Total time for which application threads were stopped: 0,0107704 seconds, Stopping threads took: 0,0000248 seconds
{Heap before GC invocations=5 (full 1):
 par new generation   total 109248K, used 104479K [0x00000000e0000000, 0x00000000e8000000, 0x00000000e8000000)
  eden space 87424K, 100% used [0x00000000e0000000, 0x00000000e5560000, 0x00000000e5560000)
  from space 21824K,  78% used [0x00000000e6ab0000, 0x00000000e7b57d80, 0x00000000e8000000)
  to   space 21824K,   0% used [0x00000000e5560000, 0x00000000e5560000, 0x00000000e6ab0000)
 concurrent mark-sweep generation total 393216K, used 0K [0x00000000e8000000, 0x0000000100000000, 0x0000000100000000)
 Metaspace       used 21361K, capacity 21756K, committed 21936K, reserved 1069056K
  class space    used 2472K, capacity 2645K, committed 2736K, reserved 1048576K
2017-03-05T08:43:09.516+0100: 2,897: [GC (Allocation Failure) 2017-03-05T08:43:09.516+0100: 2,897: [ParNew
Desired survivor size 20112992 bytes, new threshold 8 (max 8)
- age   1:     675184 bytes,     675184 total
- age   2:     182520 bytes,     857704 total
- age   4:    1446776 bytes,    2304480 total
- age   5:     803560 bytes,    3108040 total
- age   6:    6688768 bytes,    9796808 total
: 104479K->12753K(109248K), 0,0094900 secs] 104479K->12753K(502464K), 0,0095712 secs] [Times: user=0,03 sys=0,00, real=0,01 secs] 
Heap after GC invocations=6 (full 1):
 par new generation   total 109248K, used 12753K [0x00000000e0000000, 0x00000000e8000000, 0x00000000e8000000)
  eden space 87424K,   0% used [0x00000000e0000000, 0x00000000e0000000, 0x00000000e5560000)
  from space 21824K,  58% used [0x00000000e5560000, 0x00000000e61d4690, 0x00000000e6ab0000)
  to   space 21824K,   0% used [0x00000000e6ab0000, 0x00000000e6ab0000, 0x00000000e8000000)
 concurrent mark-sweep generation total 393216K, used 0K [0x00000000e8000000, 0x0000000100000000, 0x0000000100000000)
 Metaspace       used 21361K, capacity 21756K, committed 21936K, reserved 1069056K
  class space    used 2472K, capacity 2645K, committed 2736K, reserved 1048576K
}
2017-03-05T08:43:09.525+0100: 2,907: Total time for which application threads were stopped: 0,0098294 seconds, Stopping threads took: 0,0000787 seconds
2017-03-05T08:43:09.556+0100: 2,938: Total time for which application threads were stopped: 0,0003256 seconds, Stopping threads took: 0,0000382 seconds
2017-03-05T08:43:09.688+0100: 3,069: Total time for which application threads were stopped: 0,0006184 seconds, Stopping threads took: 0,0000623 seconds
2017-03-05T08:43:09.742+0100: 3,123: Total time for which application threads were stopped: 0,0004541 seconds, Stopping threads took: 0,0000522 seconds
2017-03-05T08:43:09.757+0100: 3,138: Total time for which application threads were stopped: 0,0004174 seconds, Stopping threads took: 0,0000716 seconds
{Heap before GC invocations=6 (full 1):
 par new generation   total 109248K, used 100177K [0x00000000e0000000, 0x00000000e8000000, 0x00000000e8000000)
  eden space 87424K, 100% used [0x00000000e0000000, 0x00000000e5560000, 0x00000000e5560000)
  from space 21824K,  58% used [0x00000000e5560000, 0x00000000e61d4690, 0x00000000e6ab0000)
  to   space 21824K,   0% used [0x00000000e6ab0000, 0x00000000e6ab0000, 0x00000000e8000000)
 concurrent mark-sweep generation total 393216K, used 0K [0x00000000e8000000, 0x0000000100000000, 0x0000000100000000)
 Metaspace       used 23924K, capacity 24414K, committed 24624K, reserved 1071104K
  class space    used 2828K, capacity 3020K, committed 3120K, reserved 1048576K
2017-03-05T08:43:09.934+0100: 3,316: [GC (Allocation Failure) 2017-03-05T08:43:09.934+0100: 3,316: [ParNew
Desired survivor size 20112992 bytes, new threshold 8 (max 8)
- age   1:    5240216 bytes,    5240216 total
- age   2:     112808 bytes,    5353024 total
- age   3:     181144 bytes,    5534168 total
- age   5:     277056 bytes,    5811224 total
- age   6:     779376 bytes,    6590600 total
- age   7:    6678944 bytes,   13269544 total
: 100177K->15426K(109248K), 0,0125111 secs] 100177K->15426K(502464K), 0,0125835 secs] [Times: user=0,04 sys=0,00, real=0,01 secs] 
Heap after GC invocations=7 (full 1):
 par new generation   total 109248K, used 15426K [0x00000000e0000000, 0x00000000e8000000, 0x00000000e8000000)
  eden space 87424K,   0% used [0x00000000e0000000, 0x00000000e0000000, 0x00000000e5560000)
  from space 21824K,  70% used [0x00000000e6ab0000, 0x00000000e79c0950, 0x00000000e8000000)
  to   space 21824K,   0% used [0x00000000e5560000, 0x00000000e5560000, 0x00000000e6ab0000)
 concurrent mark-sweep generation total 393216K, used 0K [0x00000000e8000000, 0x0000000100000000, 0x0000000100000000)
 Metaspace       used 23924K, capacity 24414K, committed 24624K, reserved 1071104K
  class space    used 2828K, capacity 3020K, committed 3120K, reserved 1048576K
}
2017-03-05T08:43:09.947+0100: 3,328: Total time for which application threads were stopped: 0,0128855 seconds, Stopping threads took: 0,0000912 seconds
{Heap before GC invocations=7 (full 1):
 par new generation   total 109248K, used 102850K [0x00000000e0000000, 0x00000000e8000000, 0x00000000e8000000)
  eden space 87424K, 100% used [0x00000000e0000000, 0x00000000e5560000, 0x00000000e5560000)
  from space 21824K,  70% used [0x00000000e6ab0000, 0x00000000e79c0950, 0x00000000e8000000)
  to   space 21824K,   0% used [0x00000000e5560000, 0x00000000e5560000, 0x00000000e6ab0000)
 concurrent mark-sweep generation total 393216K, used 0K [0x00000000e8000000, 0x0000000100000000, 0x0000000100000000)
 Metaspace       used 24360K, capacity 24772K, committed 24880K, reserved 1071104K
  class space    used 2862K, capacity 3053K, committed 3120K, reserved 1048576K
2017-03-05T08:43:10.047+0100: 3,428: [GC (Allocation Failure) 2017-03-05T08:43:10.047+0100: 3,429: [ParNew
Desired survivor size 20112992 bytes, new threshold 8 (max 8)
- age   1:    1564640 bytes,    1564640 total
- age   2:    1734736 bytes,    3299376 total
- age   3:      58648 bytes,    3358024 total
- age   4:      98424 bytes,    3456448 total
- age   6:     190008 bytes,    3646456 total
- age   7:     727840 bytes,    4374296 total
- age   8:    6144304 bytes,   10518600 total
: 102850K->13631K(109248K), 0,0140386 secs] 102850K->13631K(502464K), 0,0141358 secs] [Times: user=0,05 sys=0,00, real=0,01 secs] 
Heap after GC invocations=8 (full 1):
 par new generation   total 109248K, used 13631K [0x00000000e0000000, 0x00000000e8000000, 0x00000000e8000000)
  eden space 87424K,   0% used [0x00000000e0000000, 0x00000000e0000000, 0x00000000e5560000)
  from space 21824K,  62% used [0x00000000e5560000, 0x00000000e62affd0, 0x00000000e6ab0000)
  to   space 21824K,   0% used [0x00000000e6ab0000, 0x00000000e6ab0000, 0x00000000e8000000)
 concurrent mark-sweep generation total 393216K, used 0K [0x00000000e8000000, 0x0000000100000000, 0x0000000100000000)
 Metaspace       used 24360K, capacity 24772K, committed 24880K, reserved 1071104K
  class space    used 2862K, capacity 3053K, committed 3120K, reserved 1048576K
}
2017-03-05T08:43:10.061+0100: 3,443: Total time for which application threads were stopped: 0,0146048 seconds, Stopping threads took: 0,0002822 seconds
{Heap before GC invocations=8 (full 1):
 par new generation   total 109248K, used 101055K [0x00000000e0000000, 0x00000000e8000000, 0x00000000e8000000)
  eden space 87424K, 100% used [0x00000000e0000000, 0x00000000e5560000, 0x00000000e5560000)
  from space 21824K,  62% used [0x00000000e5560000, 0x00000000e62affd0, 0x00000000e6ab0000)
  to   space 21824K,   0% used [0x00000000e6ab0000, 0x00000000e6ab0000, 0x00000000e8000000)
 concurrent mark-sweep generation total 393216K, used 0K [0x00000000e8000000, 0x0000000100000000, 0x0000000100000000)
 Metaspace       used 24803K, capacity 25278K, committed 25392K, reserved 1071104K
  class space    used 2900K, capacity 3090K, committed 3120K, reserved 1048576K
2017-03-05T08:43:10.161+0100: 3,543: [GC (Allocation Failure) 2017-03-05T08:43:10.161+0100: 3,543: [ParNew
Desired survivor size 20112992 bytes, new threshold 8 (max 8)
- age   1:     895144 bytes,     895144 total
- age   2:     589160 bytes,    1484304 total
- age   3:    1712256 bytes,    3196560 total
- age   4:      58648 bytes,    3255208 total
- age   5:      98160 bytes,    3353368 total
- age   7:     184512 bytes,    3537880 total
- age   8:     726304 bytes,    4264184 total
: 101055K->8223K(109248K), 0,0266787 secs] 101055K->14306K(502464K), 0,0267462 secs] [Times: user=0,09 sys=0,00, real=0,02 secs] 
Heap after GC invocations=9 (full 1):
 par new generation   total 109248K, used 8223K [0x00000000e0000000, 0x00000000e8000000, 0x00000000e8000000)
  eden space 87424K,   0% used [0x00000000e0000000, 0x00000000e0000000, 0x00000000e5560000)
  from space 21824K,  37% used [0x00000000e6ab0000, 0x00000000e72b7c08, 0x00000000e8000000)
  to   space 21824K,   0% used [0x00000000e5560000, 0x00000000e5560000, 0x00000000e6ab0000)
 concurrent mark-sweep generation total 393216K, used 6083K [0x00000000e8000000, 0x0000000100000000, 0x0000000100000000)
 Metaspace       used 24803K, capacity 25278K, committed 25392K, reserved 1071104K
  class space    used 2900K, capacity 3090K, committed 3120K, reserved 1048576K
}
2017-03-05T08:43:10.188+0100: 3,570: Total time for which application threads were stopped: 0,0319400 seconds, Stopping threads took: 0,0050389 seconds
2017-03-05T08:43:10.458+0100: 3,839: Total time for which application threads were stopped: 0,0004662 seconds, Stopping threads took: 0,0000505 seconds
2017-03-05T08:43:10.474+0100: 3,856: Total time for which application threads were stopped: 0,0004241 seconds, Stopping threads took: 0,0000214 seconds
2017-03-05T08:43:10.529+0100: 3,911: Total time for which application threads were stopped: 0,0004438 seconds, Stopping threads took: 0,0000275 seconds
2017-03-05T08:43:10.643+0100: 4,024: Total time for which application threads were stopped: 0,0005516 seconds, Stopping threads took: 0,0000848 seconds
2017-03-05T08:43:10.669+0100: 4,051: Total time for which application threads were stopped: 0,0006495 seconds, Stopping threads took: 0,0000525 seconds
2017-03-05T08:43:10.675+0100: 4,057: Total time for which application threads were stopped: 0,0001604 seconds, Stopping threads took: 0,0000742 seconds
2017-03-05T08:43:12.675+0100: 6,057: Total time for which application threads were stopped: 0,0000726 seconds, Stopping threads took: 0,0000195 seconds
2017-03-05T08:43:28.677+0100: 22,058: Total time for which application threads were stopped: 0,0000915 seconds, Stopping threads took: 0,0000206 seconds
2017-03-05T08:43:38.023+0100: 32,059: Total time for which application threads were stopped: 0,0000684 seconds, Stopping threads took: 0,0000158 seconds
2017-03-05T08:45:08.033+0100: 122,069: Total time for which application threads were stopped: 0,0000825 seconds, Stopping threads took: 0,0000334 seconds
2017-03-05T08:45:13.033+0100: 127,069: Total time for which application threads were stopped: 0,0000922 seconds, Stopping threads took: 0,0000322 seconds
2017-03-05T08:45:33.036+0100: 147,072: Total time for which application threads were stopped: 0,0000642 seconds, Stopping threads took: 0,0000153 seconds
2017-03-05T08:45:42.036+0100: 156,072: Total time for which application threads were stopped: 0,0001251 seconds, Stopping threads took: 0,0000510 seconds
2017-03-05T08:45:52.037+0100: 166,074: Total time for which application threads were stopped: 0,0000709 seconds, Stopping threads took: 0,0000174 seconds
2017-03-05T08:45:57.038+0100: 171,074: Total time for which application threads were stopped: 0,0000675 seconds, Stopping threads took: 0,0000155 seconds
{Heap before GC invocations=9 (full 1):
 par new generation   total 109248K, used 95647K [0x00000000e0000000, 0x00000000e8000000, 0x00000000e8000000)
  eden space 87424K, 100% used [0x00000000e0000000, 0x00000000e5560000, 0x00000000e5560000)
  from space 21824K,  37% used [0x00000000e6ab0000, 0x00000000e72b7c08, 0x00000000e8000000)
  to   space 21824K,   0% used [0x00000000e5560000, 0x00000000e5560000, 0x00000000e6ab0000)
 concurrent mark-sweep generation total 393216K, used 6083K [0x00000000e8000000, 0x0000000100000000, 0x0000000100000000)
 Metaspace       used 28027K, capacity 28528K, committed 28848K, reserved 1075200K
  class space    used 3218K, capacity 3399K, committed 3504K, reserved 1048576K
2017-03-05T08:46:01.927+0100: 175,964: [GC (Allocation Failure) 2017-03-05T08:46:01.928+0100: 175,964: [ParNew
Desired survivor size 20112992 bytes, new threshold 8 (max 8)
- age   1:   10800088 bytes,   10800088 total
- age   2:     294440 bytes,   11094528 total
- age   3:     198424 bytes,   11292952 total
- age   4:    1706216 bytes,   12999168 total
- age   5:      58648 bytes,   13057816 total
- age   6:      98032 bytes,   13155848 total
- age   8:     184080 bytes,   13339928 total
: 95647K->14622K(109248K), 0,0281141 secs] 101730K->21507K(502464K), 0,0283858 secs] [Times: user=0,06 sys=0,00, real=0,02 secs] 
Heap after GC invocations=10 (full 1):
 par new generation   total 109248K, used 14622K [0x00000000e0000000, 0x00000000e8000000, 0x00000000e8000000)
  eden space 87424K,   0% used [0x00000000e0000000, 0x00000000e0000000, 0x00000000e5560000)
  from space 21824K,  67% used [0x00000000e5560000, 0x00000000e63a7bb0, 0x00000000e6ab0000)
  to   space 21824K,   0% used [0x00000000e6ab0000, 0x00000000e6ab0000, 0x00000000e8000000)
 concurrent mark-sweep generation total 393216K, used 6884K [0x00000000e8000000, 0x0000000100000000, 0x0000000100000000)
 Metaspace       used 28027K, capacity 28528K, committed 28848K, reserved 1075200K
  class space    used 3218K, capacity 3399K, committed 3504K, reserved 1048576K
}
2017-03-05T08:46:01.956+0100: 175,992: Total time for which application threads were stopped: 0,0287820 seconds, Stopping threads took: 0,0000523 seconds
2017-03-05T08:46:02.956+0100: 176,993: Total time for which application threads were stopped: 0,0002531 seconds, Stopping threads took: 0,0000380 seconds
2017-03-05T08:46:06.957+0100: 180,993: Total time for which application threads were stopped: 0,0001251 seconds, Stopping threads took: 0,0000266 seconds
2017-03-05T09:06:37.093+0100: 1411,129: Total time for which application threads were stopped: 0,0001057 seconds, Stopping threads took: 0,0000419 seconds
2017-03-05T09:10:02.118+0100: 1616,154: Total time for which application threads were stopped: 0,0000834 seconds, Stopping threads took: 0,0000276 seconds
2017-03-05T09:20:08.189+0100: 2222,225: Total time for which application threads were stopped: 0,0005184 seconds, Stopping threads took: 0,0001777 seconds
2017-03-05T09:21:27.199+0100: 2301,235: Total time for which application threads were stopped: 0,0001113 seconds, Stopping threads took: 0,0000328 seconds
2017-03-05T09:21:28.199+0100: 2302,235: Total time for which application threads were stopped: 0,0000810 seconds, Stopping threads took: 0,0000168 seconds
2017-03-05T09:36:23.305+0100: 3197,341: Total time for which application threads were stopped: 0,0000823 seconds, Stopping threads took: 0,0000318 seconds
2017-03-05T09:48:42.393+0100: 3936,429: Total time for which application threads were stopped: 0,0000970 seconds, Stopping threads took: 0,0000324 seconds
2017-03-05T09:48:52.395+0100: 3946,431: Total time for which application threads were stopped: 0,0001574 seconds, Stopping threads took: 0,0000311 seconds
2017-03-05T10:02:28.479+0100: 4762,515: Total time for which application threads were stopped: 0,0001102 seconds, Stopping threads took: 0,0000341 seconds
2017-03-05T10:02:33.479+0100: 4767,515: Total time for which application threads were stopped: 0,0000849 seconds, Stopping threads took: 0,0000181 seconds
2017-03-05T10:32:58.656+0100: 6592,692: Total time for which application threads were stopped: 0,0001427 seconds, Stopping threads took: 0,0000548 seconds
2017-03-05T10:33:08.657+0100: 6602,693: Total time for which application threads were stopped: 0,0004175 seconds, Stopping threads took: 0,0001514 seconds
2017-03-05T10:43:07.736+0100: 7201,772: Total time for which application threads were stopped: 0,0001892 seconds, Stopping threads took: 0,0000688 seconds
2017-03-05T10:45:07.753+0100: 7321,789: Total time for which application threads were stopped: 0,0001410 seconds, Stopping threads took: 0,0000502 seconds
2017-03-05T10:50:37.802+0100: 7651,838: Total time for which application threads were stopped: 0,0001024 seconds, Stopping threads took: 0,0000408 seconds
2017-03-05T10:51:07.807+0100: 7681,843: Total time for which application threads were stopped: 0,0000903 seconds, Stopping threads took: 0,0000323 seconds
2017-03-05T10:53:37.832+0100: 7831,868: Total time for which application threads were stopped: 0,0001685 seconds, Stopping threads took: 0,0000596 seconds
2017-03-05T11:55:38.352+0100: 11552,388: Total time for which application threads were stopped: 0,0001677 seconds, Stopping threads took: 0,0000536 seconds
2017-03-05T12:59:07.858+0100: 15361,894: Total time for which application threads were stopped: 0,0000835 seconds, Stopping threads took: 0,0000308 seconds
2017-03-05T13:03:30.081+0100: 15624,117: Total time for which application threads were stopped: 0,0002266 seconds, Stopping threads took: 0,0000620 seconds
2017-03-05T13:03:30.137+0100: 15624,173: Total time for which application threads were stopped: 0,0001775 seconds, Stopping threads took: 0,0000500 seconds
2017-03-05T13:03:30.142+0100: 15624,178: Total time for which application threads were stopped: 0,0000997 seconds, Stopping threads took: 0,0000130 seconds
Heap
 par new generation   total 109248K, used 35529K [0x00000000e0000000, 0x00000000e8000000, 0x00000000e8000000)
  eden space 87424K,  23% used [0x00000000e0000000, 0x00000000e146ac00, 0x00000000e5560000)
  from space 21824K,  67% used [0x00000000e5560000, 0x00000000e63a7bb0, 0x00000000e6ab0000)
  to   space 21824K,   0% used [0x00000000e6ab0000, 0x00000000e6ab0000, 0x00000000e8000000)
 concurrent mark-sweep generation total 393216K, used 6884K [0x00000000e8000000, 0x0000000100000000, 0x0000000100000000)
 Metaspace       used 28186K, capacity 28794K, committed 29104K, reserved 1075200K
  class space    used 3233K, capacity 3402K, committed 3504K, reserved 1048576K
