OpenJDK 64-Bit Server VM (25.111-b14) for linux-amd64 JRE (1.8.0_111-8u111-b14-2ubuntu0.16.04.2-b14), built on Oct 27 2016 18:10:19 by "buildd" with gcc 5.4.0 20160609
Memory: 4k page, physical 7867840k(7452496k free), swap 8076284k(8076284k free)
CommandLine flags: -XX:CMSInitiatingOccupancyFraction=50 -XX:CMSMaxAbortablePrecleanTime=6000 -XX:+CMSParallelRemarkEnabled -XX:+CMSScavengeBeforeRemark -XX:ConcGCThreads=4 -XX:InitialHeapSize=536870912 -XX:MaxHeapSize=536870912 -XX:MaxTenuringThreshold=8 -XX:NewRatio=3 -XX:OldPLABSize=16 -XX:OnOutOfMemoryError=/opt/solr/bin/oom_solr.sh 8983 /var/solr/logs -XX:ParallelGCThreads=4 -XX:+ParallelRefProcEnabled -XX:PretenureSizeThreshold=67108864 -XX:+PrintGC -XX:+PrintGCApplicationStoppedTime -XX:+PrintGCDateStamps -XX:+PrintGCDetails -XX:+PrintGCTimeStamps -XX:+PrintHeapAtGC -XX:+PrintTenuringDistribution -XX:SurvivorRatio=4 -XX:TargetSurvivorRatio=90 -XX:ThreadStackSize=256 -XX:+UseCMSInitiatingOccupancyOnly -XX:+UseCompressedClassPointers -XX:+UseCompressedOops -XX:+UseConcMarkSweepGC -XX:+UseParNewGC 
2016-12-08T09:27:33.549+0100: 0,114: Total time for which application threads were stopped: 0,0000665 seconds, Stopping threads took: 0,0000134 seconds
2016-12-08T09:27:33.616+0100: 0,181: Total time for which application threads were stopped: 0,0001205 seconds, Stopping threads took: 0,0000177 seconds
2016-12-08T09:27:33.628+0100: 0,193: Total time for which application threads were stopped: 0,0000742 seconds, Stopping threads took: 0,0000182 seconds
2016-12-08T09:27:33.745+0100: 0,310: Total time for which application threads were stopped: 0,0001148 seconds, Stopping threads took: 0,0000141 seconds
2016-12-08T09:27:33.888+0100: 0,453: Total time for which application threads were stopped: 0,0001071 seconds, Stopping threads took: 0,0000099 seconds
2016-12-08T09:27:33.933+0100: 0,498: Total time for which application threads were stopped: 0,0001518 seconds, Stopping threads took: 0,0000165 seconds
2016-12-08T09:27:33.948+0100: 0,513: Total time for which application threads were stopped: 0,0002012 seconds, Stopping threads took: 0,0000196 seconds
2016-12-08T09:27:34.189+0100: 0,754: Total time for which application threads were stopped: 0,0001579 seconds, Stopping threads took: 0,0000114 seconds
2016-12-08T09:27:34.360+0100: 0,925: Total time for which application threads were stopped: 0,0001986 seconds, Stopping threads took: 0,0000120 seconds
2016-12-08T09:27:34.377+0100: 0,942: Total time for which application threads were stopped: 0,0001673 seconds, Stopping threads took: 0,0000169 seconds
2016-12-08T09:27:34.378+0100: 0,943: Total time for which application threads were stopped: 0,0001367 seconds, Stopping threads took: 0,0000106 seconds
2016-12-08T09:27:34.387+0100: 0,952: Total time for which application threads were stopped: 0,0001509 seconds, Stopping threads took: 0,0000120 seconds
2016-12-08T09:27:34.468+0100: 1,033: Total time for which application threads were stopped: 0,0002379 seconds, Stopping threads took: 0,0000382 seconds
2016-12-08T09:27:34.698+0100: 1,263: Total time for which application threads were stopped: 0,0003175 seconds, Stopping threads took: 0,0000247 seconds
{Heap before GC invocations=0 (full 0):
 par new generation   total 109248K, used 87424K [0x00000000e0000000, 0x00000000e8000000, 0x00000000e8000000)
  eden space 87424K, 100% used [0x00000000e0000000, 0x00000000e5560000, 0x00000000e5560000)
  from space 21824K,   0% used [0x00000000e5560000, 0x00000000e5560000, 0x00000000e6ab0000)
  to   space 21824K,   0% used [0x00000000e6ab0000, 0x00000000e6ab0000, 0x00000000e8000000)
 concurrent mark-sweep generation total 393216K, used 0K [0x00000000e8000000, 0x0000000100000000, 0x0000000100000000)
 Metaspace       used 17619K, capacity 17950K, committed 18048K, reserved 1064960K
  class space    used 2005K, capacity 2130K, committed 2176K, reserved 1048576K
2016-12-08T09:27:34.778+0100: 1,343: [GC (Allocation Failure) 2016-12-08T09:27:34.778+0100: 1,343: [ParNew
Desired survivor size 20112992 bytes, new threshold 8 (max 8)
- age   1:   11448736 bytes,   11448736 total
: 87424K->11284K(109248K), 0,0169421 secs] 87424K->11284K(502464K), 0,0170407 secs] [Times: user=0,03 sys=0,01, real=0,02 secs] 
Heap after GC invocations=1 (full 0):
 par new generation   total 109248K, used 11284K [0x00000000e0000000, 0x00000000e8000000, 0x00000000e8000000)
  eden space 87424K,   0% used [0x00000000e0000000, 0x00000000e0000000, 0x00000000e5560000)
  from space 21824K,  51% used [0x00000000e6ab0000, 0x00000000e75b5330, 0x00000000e8000000)
  to   space 21824K,   0% used [0x00000000e5560000, 0x00000000e5560000, 0x00000000e6ab0000)
 concurrent mark-sweep generation total 393216K, used 0K [0x00000000e8000000, 0x0000000100000000, 0x0000000100000000)
 Metaspace       used 17619K, capacity 17950K, committed 18048K, reserved 1064960K
  class space    used 2005K, capacity 2130K, committed 2176K, reserved 1048576K
}
2016-12-08T09:27:34.795+0100: 1,360: Total time for which application threads were stopped: 0,0172342 seconds, Stopping threads took: 0,0000223 seconds
2016-12-08T09:27:35.416+0100: 1,981: Total time for which application threads were stopped: 0,0002922 seconds, Stopping threads took: 0,0000213 seconds
2016-12-08T09:27:35.451+0100: 2,016: Total time for which application threads were stopped: 0,0002603 seconds, Stopping threads took: 0,0000271 seconds
2016-12-08T09:27:35.488+0100: 2,053: Total time for which application threads were stopped: 0,0008225 seconds, Stopping threads took: 0,0001035 seconds
{Heap before GC invocations=1 (full 0):
 par new generation   total 109248K, used 98708K [0x00000000e0000000, 0x00000000e8000000, 0x00000000e8000000)
  eden space 87424K, 100% used [0x00000000e0000000, 0x00000000e5560000, 0x00000000e5560000)
  from space 21824K,  51% used [0x00000000e6ab0000, 0x00000000e75b5330, 0x00000000e8000000)
  to   space 21824K,   0% used [0x00000000e5560000, 0x00000000e5560000, 0x00000000e6ab0000)
 concurrent mark-sweep generation total 393216K, used 0K [0x00000000e8000000, 0x0000000100000000, 0x0000000100000000)
 Metaspace       used 20685K, capacity 21010K, committed 21248K, reserved 1069056K
  class space    used 2401K, capacity 2516K, committed 2560K, reserved 1048576K
2016-12-08T09:27:35.710+0100: 2,275: [GC (Allocation Failure) 2016-12-08T09:27:35.710+0100: 2,275: [ParNew
Desired survivor size 20112992 bytes, new threshold 8 (max 8)
- age   1:    3763696 bytes,    3763696 total
- age   2:    5931960 bytes,    9695656 total
: 98708K->14190K(109248K), 0,0218217 secs] 98708K->14190K(502464K), 0,0218979 secs] [Times: user=0,08 sys=0,00, real=0,02 secs] 
Heap after GC invocations=2 (full 0):
 par new generation   total 109248K, used 14190K [0x00000000e0000000, 0x00000000e8000000, 0x00000000e8000000)
  eden space 87424K,   0% used [0x00000000e0000000, 0x00000000e0000000, 0x00000000e5560000)
  from space 21824K,  65% used [0x00000000e5560000, 0x00000000e633b880, 0x00000000e6ab0000)
  to   space 21824K,   0% used [0x00000000e6ab0000, 0x00000000e6ab0000, 0x00000000e8000000)
 concurrent mark-sweep generation total 393216K, used 0K [0x00000000e8000000, 0x0000000100000000, 0x0000000100000000)
 Metaspace       used 20685K, capacity 21010K, committed 21248K, reserved 1069056K
  class space    used 2401K, capacity 2516K, committed 2560K, reserved 1048576K
}
2016-12-08T09:27:35.732+0100: 2,297: Total time for which application threads were stopped: 0,0220890 seconds, Stopping threads took: 0,0000229 seconds
2016-12-08T09:27:35.842+0100: 2,407: Total time for which application threads were stopped: 0,0000860 seconds, Stopping threads took: 0,0000172 seconds
2016-12-08T09:27:35.894+0100: 2,459: Total time for which application threads were stopped: 0,0002714 seconds, Stopping threads took: 0,0000131 seconds
2016-12-08T09:27:35.898+0100: 2,463: Total time for which application threads were stopped: 0,0001733 seconds, Stopping threads took: 0,0001113 seconds
2016-12-08T09:27:35.929+0100: 2,494: Total time for which application threads were stopped: 0,0000730 seconds, Stopping threads took: 0,0000120 seconds
2016-12-08T09:27:36.045+0100: 2,610: Total time for which application threads were stopped: 0,0001406 seconds, Stopping threads took: 0,0000391 seconds
2016-12-08T09:27:36.071+0100: 2,636: Total time for which application threads were stopped: 0,0001101 seconds, Stopping threads took: 0,0000369 seconds
2016-12-08T09:27:36.080+0100: 2,645: Total time for which application threads were stopped: 0,0002786 seconds, Stopping threads took: 0,0000194 seconds
2016-12-08T09:27:36.087+0100: 2,652: Total time for which application threads were stopped: 0,0002780 seconds, Stopping threads took: 0,0000186 seconds
2016-12-08T09:27:36.089+0100: 2,654: Total time for which application threads were stopped: 0,0000841 seconds, Stopping threads took: 0,0000226 seconds
2016-12-08T09:27:36.126+0100: 2,691: Total time for which application threads were stopped: 0,0000716 seconds, Stopping threads took: 0,0000131 seconds
2016-12-08T09:27:36.143+0100: 2,708: Total time for which application threads were stopped: 0,0000787 seconds, Stopping threads took: 0,0000241 seconds
2016-12-08T09:27:36.161+0100: 2,726: Total time for which application threads were stopped: 0,0000802 seconds, Stopping threads took: 0,0000139 seconds
2016-12-08T09:27:36.178+0100: 2,743: Total time for which application threads were stopped: 0,0000847 seconds, Stopping threads took: 0,0000230 seconds
2016-12-08T09:27:36.210+0100: 2,775: Total time for which application threads were stopped: 0,0001322 seconds, Stopping threads took: 0,0000294 seconds
2016-12-08T09:27:36.261+0100: 2,826: Total time for which application threads were stopped: 0,0001227 seconds, Stopping threads took: 0,0000283 seconds
{Heap before GC invocations=2 (full 0):
 par new generation   total 109248K, used 101614K [0x00000000e0000000, 0x00000000e8000000, 0x00000000e8000000)
  eden space 87424K, 100% used [0x00000000e0000000, 0x00000000e5560000, 0x00000000e5560000)
  from space 21824K,  65% used [0x00000000e5560000, 0x00000000e633b880, 0x00000000e6ab0000)
  to   space 21824K,   0% used [0x00000000e6ab0000, 0x00000000e6ab0000, 0x00000000e8000000)
 concurrent mark-sweep generation total 393216K, used 0K [0x00000000e8000000, 0x0000000100000000, 0x0000000100000000)
 Metaspace       used 24474K, capacity 24829K, committed 25204K, reserved 1071104K
  class space    used 2868K, capacity 3019K, committed 3092K, reserved 1048576K
2016-12-08T09:27:36.263+0100: 2,828: [GC (Allocation Failure) 2016-12-08T09:27:36.263+0100: 2,828: [ParNew
Desired survivor size 20112992 bytes, new threshold 8 (max 8)
- age   1:    4470312 bytes,    4470312 total
- age   2:     702504 bytes,    5172816 total
- age   3:    5924456 bytes,   11097272 total
: 101614K->13310K(109248K), 0,0112813 secs] 101614K->13310K(502464K), 0,0113579 secs] [Times: user=0,04 sys=0,00, real=0,01 secs] 
Heap after GC invocations=3 (full 0):
 par new generation   total 109248K, used 13310K [0x00000000e0000000, 0x00000000e8000000, 0x00000000e8000000)
  eden space 87424K,   0% used [0x00000000e0000000, 0x00000000e0000000, 0x00000000e5560000)
  from space 21824K,  60% used [0x00000000e6ab0000, 0x00000000e77af940, 0x00000000e8000000)
  to   space 21824K,   0% used [0x00000000e5560000, 0x00000000e5560000, 0x00000000e6ab0000)
 concurrent mark-sweep generation total 393216K, used 0K [0x00000000e8000000, 0x0000000100000000, 0x0000000100000000)
 Metaspace       used 24474K, capacity 24829K, committed 25204K, reserved 1071104K
  class space    used 2868K, capacity 3019K, committed 3092K, reserved 1048576K
}
2016-12-08T09:27:36.274+0100: 2,839: Total time for which application threads were stopped: 0,0115544 seconds, Stopping threads took: 0,0000291 seconds
2016-12-08T09:27:36.274+0100: 2,839: [GC (CMS Initial Mark) [1 CMS-initial-mark: 0K(393216K)] 13320K(502464K), 0,0027962 secs] [Times: user=0,00 sys=0,00, real=0,00 secs] 
2016-12-08T09:27:36.277+0100: 2,842: Total time for which application threads were stopped: 0,0029107 seconds, Stopping threads took: 0,0000332 seconds
2016-12-08T09:27:36.277+0100: 2,842: [CMS-concurrent-mark-start]
2016-12-08T09:27:36.279+0100: 2,844: [CMS-concurrent-mark: 0,002/0,002 secs] [Times: user=0,00 sys=0,01, real=0,01 secs] 
2016-12-08T09:27:36.279+0100: 2,844: [CMS-concurrent-preclean-start]
2016-12-08T09:27:36.281+0100: 2,846: [CMS-concurrent-preclean: 0,001/0,001 secs] [Times: user=0,01 sys=0,00, real=0,00 secs] 
2016-12-08T09:27:36.281+0100: 2,846: [GC (CMS Final Remark) [YG occupancy: 14710 K (109248 K)]{Heap before GC invocations=3 (full 1):
 par new generation   total 109248K, used 14710K [0x00000000e0000000, 0x00000000e8000000, 0x00000000e8000000)
  eden space 87424K,   1% used [0x00000000e0000000, 0x00000000e015e118, 0x00000000e5560000)
  from space 21824K,  60% used [0x00000000e6ab0000, 0x00000000e77af940, 0x00000000e8000000)
  to   space 21824K,   0% used [0x00000000e5560000, 0x00000000e5560000, 0x00000000e6ab0000)
 concurrent mark-sweep generation total 393216K, used 0K [0x00000000e8000000, 0x0000000100000000, 0x0000000100000000)
 Metaspace       used 24523K, capacity 24893K, committed 25204K, reserved 1071104K
  class space    used 2870K, capacity 3019K, committed 3092K, reserved 1048576K
2016-12-08T09:27:36.281+0100: 2,846: [GC (CMS Final Remark) 2016-12-08T09:27:36.281+0100: 2,846: [ParNew
Desired survivor size 20112992 bytes, new threshold 8 (max 8)
- age   1:      63480 bytes,      63480 total
- age   2:    1204416 bytes,    1267896 total
- age   3:     692808 bytes,    1960704 total
- age   4:    5926048 bytes,    7886752 total
: 14710K->9458K(109248K), 0,0077503 secs] 14710K->9458K(502464K), 0,0077907 secs] [Times: user=0,03 sys=0,00, real=0,01 secs] 
Heap after GC invocations=4 (full 1):
 par new generation   total 109248K, used 9458K [0x00000000e0000000, 0x00000000e8000000, 0x00000000e8000000)
  eden space 87424K,   0% used [0x00000000e0000000, 0x00000000e0000000, 0x00000000e5560000)
  from space 21824K,  43% used [0x00000000e5560000, 0x00000000e5e9cbc0, 0x00000000e6ab0000)
  to   space 21824K,   0% used [0x00000000e6ab0000, 0x00000000e6ab0000, 0x00000000e8000000)
 concurrent mark-sweep generation total 393216K, used 0K [0x00000000e8000000, 0x0000000100000000, 0x0000000100000000)
 Metaspace       used 24523K, capacity 24893K, committed 25204K, reserved 1071104K
  class space    used 2870K, capacity 3019K, committed 3092K, reserved 1048576K
}
2016-12-08T09:27:36.289+0100: 2,854: [Rescan (parallel) , 0,0035256 secs]2016-12-08T09:27:36.292+0100: 2,857: [weak refs processing, 0,0008888 secs]2016-12-08T09:27:36.293+0100: 2,858: [class unloading, 0,0030355 secs]2016-12-08T09:27:36.296+0100: 2,861: [scrub symbol table, 0,0033648 secs]2016-12-08T09:27:36.300+0100: 2,864: [scrub string table, 0,0003722 secs][1 CMS-remark: 0K(393216K)] 9458K(502464K), 0,0196559 secs] [Times: user=0,05 sys=0,00, real=0,02 secs] 
2016-12-08T09:27:36.300+0100: 2,865: Total time for which application threads were stopped: 0,0197514 seconds, Stopping threads took: 0,0000316 seconds
2016-12-08T09:27:36.301+0100: 2,866: [CMS-concurrent-sweep-start]
2016-12-08T09:27:36.301+0100: 2,866: [CMS-concurrent-sweep: 0,000/0,000 secs] [Times: user=0,00 sys=0,00, real=0,00 secs] 
2016-12-08T09:27:36.301+0100: 2,866: [CMS-concurrent-reset-start]
2016-12-08T09:27:36.302+0100: 2,867: [CMS-concurrent-reset: 0,002/0,002 secs] [Times: user=0,00 sys=0,00, real=0,00 secs] 
2016-12-08T09:27:36.387+0100: 2,952: Total time for which application threads were stopped: 0,0003754 seconds, Stopping threads took: 0,0000274 seconds
2016-12-08T09:27:37.388+0100: 3,953: Total time for which application threads were stopped: 0,0000879 seconds, Stopping threads took: 0,0000162 seconds
2016-12-08T09:27:37.487+0100: 4,052: Total time for which application threads were stopped: 0,0002667 seconds, Stopping threads took: 0,0000144 seconds
2016-12-08T09:28:04.490+0100: 31,055: Total time for which application threads were stopped: 0,0000572 seconds, Stopping threads took: 0,0000176 seconds
2016-12-08T09:30:15.512+0100: 162,077: Total time for which application threads were stopped: 0,0001676 seconds, Stopping threads took: 0,0000644 seconds
2016-12-08T09:30:19.513+0100: 166,078: Total time for which application threads were stopped: 0,0000677 seconds, Stopping threads took: 0,0000174 seconds
2016-12-08T09:30:39.517+0100: 186,082: Total time for which application threads were stopped: 0,0001676 seconds, Stopping threads took: 0,0000637 seconds
2016-12-08T09:31:29.523+0100: 236,088: Total time for which application threads were stopped: 0,0000887 seconds, Stopping threads took: 0,0000382 seconds
2016-12-08T09:32:09.069+0100: 276,093: Total time for which application threads were stopped: 0,0000734 seconds, Stopping threads took: 0,0000287 seconds
2016-12-08T09:32:14.070+0100: 281,093: Total time for which application threads were stopped: 0,0001285 seconds, Stopping threads took: 0,0000341 seconds
2016-12-08T09:32:19.071+0100: 286,094: Total time for which application threads were stopped: 0,0000599 seconds, Stopping threads took: 0,0000157 seconds
2016-12-08T09:32:29.072+0100: 296,096: Total time for which application threads were stopped: 0,0000600 seconds, Stopping threads took: 0,0000153 seconds
2016-12-08T09:32:54.076+0100: 321,099: Total time for which application threads were stopped: 0,0001184 seconds, Stopping threads took: 0,0000441 seconds
2016-12-08T09:38:14.120+0100: 641,143: Total time for which application threads were stopped: 0,0000852 seconds, Stopping threads took: 0,0000289 seconds
2016-12-08T09:51:19.229+0100: 1426,253: Total time for which application threads were stopped: 0,0000953 seconds, Stopping threads took: 0,0000366 seconds
2016-12-08T09:56:04.268+0100: 1711,291: Total time for which application threads were stopped: 0,0001465 seconds, Stopping threads took: 0,0000582 seconds
2016-12-08T10:06:14.341+0100: 2321,365: Total time for which application threads were stopped: 0,0001283 seconds, Stopping threads took: 0,0000472 seconds
2016-12-08T10:06:19.342+0100: 2326,365: Total time for which application threads were stopped: 0,0000729 seconds, Stopping threads took: 0,0000296 seconds
2016-12-08T10:08:44.358+0100: 2471,382: Total time for which application threads were stopped: 0,0000722 seconds, Stopping threads took: 0,0000283 seconds
2016-12-08T10:20:49.450+0100: 3196,474: Total time for which application threads were stopped: 0,0000756 seconds, Stopping threads took: 0,0000315 seconds
2016-12-08T10:31:14.538+0100: 3821,561: Total time for which application threads were stopped: 0,0000787 seconds, Stopping threads took: 0,0000292 seconds
2016-12-08T10:31:19.539+0100: 3826,562: Total time for which application threads were stopped: 0,0000575 seconds, Stopping threads took: 0,0000142 seconds
2016-12-08T10:34:34.565+0100: 4021,589: Total time for which application threads were stopped: 0,0001153 seconds, Stopping threads took: 0,0000453 seconds
2016-12-08T11:11:34.881+0100: 6241,904: Total time for which application threads were stopped: 0,0000913 seconds, Stopping threads took: 0,0000351 seconds
2016-12-08T11:11:39.882+0100: 6246,905: Total time for which application threads were stopped: 0,0000567 seconds, Stopping threads took: 0,0000139 seconds
2016-12-08T11:12:39.891+0100: 6306,915: Total time for which application threads were stopped: 0,0000723 seconds, Stopping threads took: 0,0000289 seconds
2016-12-08T11:32:34.063+0100: 7501,086: Total time for which application threads were stopped: 0,0000791 seconds, Stopping threads took: 0,0000298 seconds
2016-12-08T11:33:04.066+0100: 7531,089: Total time for which application threads were stopped: 0,0000732 seconds, Stopping threads took: 0,0000305 seconds
2016-12-08T11:35:34.083+0100: 7681,107: Total time for which application threads were stopped: 0,0000686 seconds, Stopping threads took: 0,0000269 seconds
2016-12-08T11:36:04.087+0100: 7711,111: Total time for which application threads were stopped: 0,0000834 seconds, Stopping threads took: 0,0000337 seconds
2016-12-08T11:46:04.159+0100: 8311,183: Total time for which application threads were stopped: 0,0001231 seconds, Stopping threads took: 0,0000560 seconds
2016-12-08T13:25:19.489+0100: 14266,512: Total time for which application threads were stopped: 0,0001132 seconds, Stopping threads took: 0,0000320 seconds
2016-12-08T13:43:34.654+0100: 15361,677: Total time for which application threads were stopped: 0,0001667 seconds, Stopping threads took: 0,0000575 seconds
2016-12-08T13:44:04.659+0100: 15391,682: Total time for which application threads were stopped: 0,0001553 seconds, Stopping threads took: 0,0000604 seconds
2016-12-08T14:46:34.159+0100: 19141,182: Total time for which application threads were stopped: 0,0000693 seconds, Stopping threads took: 0,0000288 seconds
2016-12-08T14:47:04.161+0100: 19171,184: Total time for which application threads were stopped: 0,0000830 seconds, Stopping threads took: 0,0000259 seconds
2016-12-08T15:59:09.156+0100: 23496,179: Total time for which application threads were stopped: 0,0018409 seconds, Stopping threads took: 0,0006413 seconds
Heap
 par new generation   total 109248K, used 54346K [0x00000000e0000000, 0x00000000e8000000, 0x00000000e8000000)
  eden space 87424K,  51% used [0x00000000e0000000, 0x00000000e2bd5dd8, 0x00000000e5560000)
  from space 21824K,  43% used [0x00000000e5560000, 0x00000000e5e9cbc0, 0x00000000e6ab0000)
  to   space 21824K,   0% used [0x00000000e6ab0000, 0x00000000e6ab0000, 0x00000000e8000000)
 concurrent mark-sweep generation total 393216K, used 0K [0x00000000e8000000, 0x0000000100000000, 0x0000000100000000)
 Metaspace       used 27210K, capacity 27725K, committed 27920K, reserved 1073152K
  class space    used 3161K, capacity 3319K, committed 3348K, reserved 1048576K
