OpenJDK 64-Bit Server VM (25.131-b11) for linux-amd64 JRE (1.8.0_131-8u131-b11-0ubuntu1.16.04.2-b11), built on May  6 2017 02:45:27 by "buildd" with gcc 5.4.0 20160609
Memory: 4k page, physical 7867740k(7364352k free), swap 8076284k(8076284k free)
CommandLine flags: -XX:CMSInitiatingOccupancyFraction=50 -XX:CMSMaxAbortablePrecleanTime=6000 -XX:+CMSParallelRemarkEnabled -XX:+CMSScavengeBeforeRemark -XX:ConcGCThreads=4 -XX:InitialHeapSize=536870912 -XX:MaxHeapSize=536870912 -XX:MaxTenuringThreshold=8 -XX:NewRatio=3 -XX:OldPLABSize=16 -XX:OnOutOfMemoryError=/opt/solr/bin/oom_solr.sh 8983 /var/solr/logs -XX:ParallelGCThreads=4 -XX:+ParallelRefProcEnabled -XX:PretenureSizeThreshold=67108864 -XX:+PrintGC -XX:+PrintGCApplicationStoppedTime -XX:+PrintGCDateStamps -XX:+PrintGCDetails -XX:+PrintGCTimeStamps -XX:+PrintHeapAtGC -XX:+PrintTenuringDistribution -XX:SurvivorRatio=4 -XX:TargetSurvivorRatio=90 -XX:ThreadStackSize=256 -XX:+UseCMSInitiatingOccupancyOnly -XX:+UseCompressedClassPointers -XX:+UseCompressedOops -XX:+UseConcMarkSweepGC -XX:+UseParNewGC 
2017-07-23T23:39:24.437+0200: 0,186: Total time for which application threads were stopped: 0,0000991 seconds, Stopping threads took: 0,0000136 seconds
2017-07-23T23:39:24.541+0200: 0,290: Total time for which application threads were stopped: 0,0001603 seconds, Stopping threads took: 0,0000349 seconds
2017-07-23T23:39:24.561+0200: 0,310: Total time for which application threads were stopped: 0,0001413 seconds, Stopping threads took: 0,0000233 seconds
2017-07-23T23:39:25.137+0200: 0,887: Total time for which application threads were stopped: 0,0002378 seconds, Stopping threads took: 0,0000144 seconds
2017-07-23T23:39:25.272+0200: 1,021: Total time for which application threads were stopped: 0,0001889 seconds, Stopping threads took: 0,0000151 seconds
2017-07-23T23:39:25.331+0200: 1,080: Total time for which application threads were stopped: 0,0001973 seconds, Stopping threads took: 0,0000356 seconds
2017-07-23T23:39:25.692+0200: 1,441: Total time for which application threads were stopped: 0,0001965 seconds, Stopping threads took: 0,0000213 seconds
2017-07-23T23:39:25.910+0200: 1,659: Total time for which application threads were stopped: 0,0002519 seconds, Stopping threads took: 0,0000197 seconds
2017-07-23T23:39:25.940+0200: 1,689: Total time for which application threads were stopped: 0,0001760 seconds, Stopping threads took: 0,0000149 seconds
2017-07-23T23:39:25.969+0200: 1,718: Total time for which application threads were stopped: 0,0001950 seconds, Stopping threads took: 0,0000198 seconds
2017-07-23T23:39:25.970+0200: 1,719: Total time for which application threads were stopped: 0,0001596 seconds, Stopping threads took: 0,0000130 seconds
2017-07-23T23:39:25.988+0200: 1,737: Total time for which application threads were stopped: 0,0002528 seconds, Stopping threads took: 0,0000751 seconds
2017-07-23T23:39:26.091+0200: 1,840: Total time for which application threads were stopped: 0,0002104 seconds, Stopping threads took: 0,0000227 seconds
2017-07-23T23:39:26.289+0200: 2,038: Total time for which application threads were stopped: 0,0002562 seconds, Stopping threads took: 0,0000464 seconds
{Heap before GC invocations=0 (full 0):
 par new generation   total 109248K, used 87424K [0x00000000e0000000, 0x00000000e8000000, 0x00000000e8000000)
  eden space 87424K, 100% used [0x00000000e0000000, 0x00000000e5560000, 0x00000000e5560000)
  from space 21824K,   0% used [0x00000000e5560000, 0x00000000e5560000, 0x00000000e6ab0000)
  to   space 21824K,   0% used [0x00000000e6ab0000, 0x00000000e6ab0000, 0x00000000e8000000)
 concurrent mark-sweep generation total 393216K, used 0K [0x00000000e8000000, 0x0000000100000000, 0x0000000100000000)
 Metaspace       used 18049K, capacity 18336K, committed 18688K, reserved 1064960K
  class space    used 2039K, capacity 2196K, committed 2304K, reserved 1048576K
2017-07-23T23:39:26.388+0200: 2,137: [GC (Allocation Failure) 2017-07-23T23:39:26.388+0200: 2,137: [ParNew
Desired survivor size 20112992 bytes, new threshold 8 (max 8)
- age   1:   12581640 bytes,   12581640 total
: 87424K->12397K(109248K), 0,0151915 secs] 87424K->12397K(502464K), 0,0152761 secs] [Times: user=0,03 sys=0,02, real=0,02 secs] 
Heap after GC invocations=1 (full 0):
 par new generation   total 109248K, used 12397K [0x00000000e0000000, 0x00000000e8000000, 0x00000000e8000000)
  eden space 87424K,   0% used [0x00000000e0000000, 0x00000000e0000000, 0x00000000e5560000)
  from space 21824K,  56% used [0x00000000e6ab0000, 0x00000000e76cb690, 0x00000000e8000000)
  to   space 21824K,   0% used [0x00000000e5560000, 0x00000000e5560000, 0x00000000e6ab0000)
 concurrent mark-sweep generation total 393216K, used 0K [0x00000000e8000000, 0x0000000100000000, 0x0000000100000000)
 Metaspace       used 18049K, capacity 18336K, committed 18688K, reserved 1064960K
  class space    used 2039K, capacity 2196K, committed 2304K, reserved 1048576K
}
2017-07-23T23:39:26.404+0200: 2,153: Total time for which application threads were stopped: 0,0155102 seconds, Stopping threads took: 0,0000555 seconds
2017-07-23T23:39:26.702+0200: 2,451: Total time for which application threads were stopped: 0,0003439 seconds, Stopping threads took: 0,0000685 seconds
{Heap before GC invocations=1 (full 0):
 par new generation   total 109248K, used 99821K [0x00000000e0000000, 0x00000000e8000000, 0x00000000e8000000)
  eden space 87424K, 100% used [0x00000000e0000000, 0x00000000e5560000, 0x00000000e5560000)
  from space 21824K,  56% used [0x00000000e6ab0000, 0x00000000e76cb690, 0x00000000e8000000)
  to   space 21824K,   0% used [0x00000000e5560000, 0x00000000e5560000, 0x00000000e6ab0000)
 concurrent mark-sweep generation total 393216K, used 0K [0x00000000e8000000, 0x0000000100000000, 0x0000000100000000)
 Metaspace       used 20047K, capacity 20374K, committed 20736K, reserved 1067008K
  class space    used 2298K, capacity 2473K, committed 2560K, reserved 1048576K
2017-07-23T23:39:26.734+0200: 2,483: [GC (Allocation Failure) 2017-07-23T23:39:26.734+0200: 2,483: [ParNew
Desired survivor size 20112992 bytes, new threshold 8 (max 8)
- age   1:    3828736 bytes,    3828736 total
- age   2:    6656680 bytes,   10485416 total
: 99821K->13749K(109248K), 0,0096024 secs] 99821K->13749K(502464K), 0,0096680 secs] [Times: user=0,04 sys=0,00, real=0,01 secs] 
Heap after GC invocations=2 (full 0):
 par new generation   total 109248K, used 13749K [0x00000000e0000000, 0x00000000e8000000, 0x00000000e8000000)
  eden space 87424K,   0% used [0x00000000e0000000, 0x00000000e0000000, 0x00000000e5560000)
  from space 21824K,  62% used [0x00000000e5560000, 0x00000000e62cd428, 0x00000000e6ab0000)
  to   space 21824K,   0% used [0x00000000e6ab0000, 0x00000000e6ab0000, 0x00000000e8000000)
 concurrent mark-sweep generation total 393216K, used 0K [0x00000000e8000000, 0x0000000100000000, 0x0000000100000000)
 Metaspace       used 20047K, capacity 20374K, committed 20736K, reserved 1067008K
  class space    used 2298K, capacity 2473K, committed 2560K, reserved 1048576K
}
2017-07-23T23:39:26.743+0200: 2,492: Total time for which application threads were stopped: 0,0120824 seconds, Stopping threads took: 0,0022831 seconds
2017-07-23T23:39:26.745+0200: 2,494: Total time for which application threads were stopped: 0,0002838 seconds, Stopping threads took: 0,0000344 seconds
2017-07-23T23:39:26.800+0200: 2,549: Total time for which application threads were stopped: 0,0003662 seconds, Stopping threads took: 0,0000290 seconds
2017-07-23T23:39:26.932+0200: 2,681: Total time for which application threads were stopped: 0,0063015 seconds, Stopping threads took: 0,0061486 seconds
{Heap before GC invocations=2 (full 0):
 par new generation   total 109248K, used 101173K [0x00000000e0000000, 0x00000000e8000000, 0x00000000e8000000)
  eden space 87424K, 100% used [0x00000000e0000000, 0x00000000e5560000, 0x00000000e5560000)
  from space 21824K,  62% used [0x00000000e5560000, 0x00000000e62cd428, 0x00000000e6ab0000)
  to   space 21824K,   0% used [0x00000000e6ab0000, 0x00000000e6ab0000, 0x00000000e8000000)
 concurrent mark-sweep generation total 393216K, used 0K [0x00000000e8000000, 0x0000000100000000, 0x0000000100000000)
 Metaspace       used 20947K, capacity 21296K, committed 21552K, reserved 1069056K
  class space    used 2419K, capacity 2592K, committed 2608K, reserved 1048576K
2017-07-23T23:39:26.951+0200: 2,701: [GC (Allocation Failure) 2017-07-23T23:39:26.952+0200: 2,701: [ParNew
Desired survivor size 20112992 bytes, new threshold 8 (max 8)
- age   1:    1986632 bytes,    1986632 total
- age   2:     866256 bytes,    2852888 total
- age   3:    6651440 bytes,    9504328 total
: 101173K->10156K(109248K), 0,0095394 secs] 101173K->10156K(502464K), 0,0096192 secs] [Times: user=0,03 sys=0,00, real=0,01 secs] 
Heap after GC invocations=3 (full 0):
 par new generation   total 109248K, used 10156K [0x00000000e0000000, 0x00000000e8000000, 0x00000000e8000000)
  eden space 87424K,   0% used [0x00000000e0000000, 0x00000000e0000000, 0x00000000e5560000)
  from space 21824K,  46% used [0x00000000e6ab0000, 0x00000000e749b390, 0x00000000e8000000)
  to   space 21824K,   0% used [0x00000000e5560000, 0x00000000e5560000, 0x00000000e6ab0000)
 concurrent mark-sweep generation total 393216K, used 0K [0x00000000e8000000, 0x0000000100000000, 0x0000000100000000)
 Metaspace       used 20947K, capacity 21296K, committed 21552K, reserved 1069056K
  class space    used 2419K, capacity 2592K, committed 2608K, reserved 1048576K
}
2017-07-23T23:39:26.961+0200: 2,710: Total time for which application threads were stopped: 0,0098325 seconds, Stopping threads took: 0,0000759 seconds
2017-07-23T23:39:26.961+0200: 2,710: [GC (CMS Initial Mark) [1 CMS-initial-mark: 0K(393216K)] 10844K(502464K), 0,0027721 secs] [Times: user=0,01 sys=0,00, real=0,00 secs] 
2017-07-23T23:39:26.964+0200: 2,713: Total time for which application threads were stopped: 0,0029241 seconds, Stopping threads took: 0,0000707 seconds
2017-07-23T23:39:26.964+0200: 2,713: [CMS-concurrent-mark-start]
2017-07-23T23:39:26.965+0200: 2,714: [CMS-concurrent-mark: 0,001/0,001 secs] [Times: user=0,00 sys=0,00, real=0,00 secs] 
2017-07-23T23:39:26.965+0200: 2,714: [CMS-concurrent-preclean-start]
2017-07-23T23:39:26.967+0200: 2,716: [CMS-concurrent-preclean: 0,001/0,001 secs] [Times: user=0,01 sys=0,00, real=0,00 secs] 
2017-07-23T23:39:26.967+0200: 2,716: [CMS-concurrent-abortable-preclean-start]
{Heap before GC invocations=3 (full 1):
 par new generation   total 109248K, used 97580K [0x00000000e0000000, 0x00000000e8000000, 0x00000000e8000000)
  eden space 87424K, 100% used [0x00000000e0000000, 0x00000000e5560000, 0x00000000e5560000)
  from space 21824K,  46% used [0x00000000e6ab0000, 0x00000000e749b390, 0x00000000e8000000)
  to   space 21824K,   0% used [0x00000000e5560000, 0x00000000e5560000, 0x00000000e6ab0000)
 concurrent mark-sweep generation total 393216K, used 0K [0x00000000e8000000, 0x0000000100000000, 0x0000000100000000)
 Metaspace       used 21229K, capacity 21566K, committed 21628K, reserved 1069056K
  class space    used 2448K, capacity 2606K, committed 2608K, reserved 1048576K
2017-07-23T23:39:27.080+0200: 2,829: [GC (Allocation Failure) 2017-07-23T23:39:27.080+0200: 2,829: [ParNew
Desired survivor size 20112992 bytes, new threshold 8 (max 8)
- age   1:    1292120 bytes,    1292120 total
- age   2:    1448624 bytes,    2740744 total
- age   3:     832944 bytes,    3573688 total
- age   4:    6651464 bytes,   10225152 total
: 97580K->14721K(109248K), 0,0164974 secs] 97580K->14721K(502464K), 0,0165707 secs] [Times: user=0,06 sys=0,00, real=0,02 secs] 
Heap after GC invocations=4 (full 1):
 par new generation   total 109248K, used 14721K [0x00000000e0000000, 0x00000000e8000000, 0x00000000e8000000)
  eden space 87424K,   0% used [0x00000000e0000000, 0x00000000e0000000, 0x00000000e5560000)
  from space 21824K,  67% used [0x00000000e5560000, 0x00000000e63c0518, 0x00000000e6ab0000)
  to   space 21824K,   0% used [0x00000000e6ab0000, 0x00000000e6ab0000, 0x00000000e8000000)
 concurrent mark-sweep generation total 393216K, used 0K [0x00000000e8000000, 0x0000000100000000, 0x0000000100000000)
 Metaspace       used 21229K, capacity 21566K, committed 21628K, reserved 1069056K
  class space    used 2448K, capacity 2606K, committed 2608K, reserved 1048576K
}
2017-07-23T23:39:27.097+0200: 2,846: Total time for which application threads were stopped: 0,0168175 seconds, Stopping threads took: 0,0000737 seconds
2017-07-23T23:39:27.114+0200: 2,863: Total time for which application threads were stopped: 0,0001525 seconds, Stopping threads took: 0,0000642 seconds
2017-07-23T23:39:27.114+0200: 2,863: [CMS-concurrent-abortable-preclean: 0,114/0,148 secs] [Times: user=0,57 sys=0,00, real=0,15 secs] 
2017-07-23T23:39:27.114+0200: 2,863: [GC (CMS Final Remark) [YG occupancy: 32420 K (109248 K)]{Heap before GC invocations=4 (full 1):
 par new generation   total 109248K, used 32420K [0x00000000e0000000, 0x00000000e8000000, 0x00000000e8000000)
  eden space 87424K,  20% used [0x00000000e0000000, 0x00000000e1148c10, 0x00000000e5560000)
  from space 21824K,  67% used [0x00000000e5560000, 0x00000000e63c0518, 0x00000000e6ab0000)
  to   space 21824K,   0% used [0x00000000e6ab0000, 0x00000000e6ab0000, 0x00000000e8000000)
 concurrent mark-sweep generation total 393216K, used 0K [0x00000000e8000000, 0x0000000100000000, 0x0000000100000000)
 Metaspace       used 21255K, capacity 21630K, committed 21884K, reserved 1069056K
  class space    used 2451K, capacity 2606K, committed 2608K, reserved 1048576K
2017-07-23T23:39:27.114+0200: 2,863: [GC (CMS Final Remark) 2017-07-23T23:39:27.114+0200: 2,863: [ParNew
Desired survivor size 20112992 bytes, new threshold 8 (max 8)
- age   1:     703752 bytes,     703752 total
- age   2:     188760 bytes,     892512 total
- age   3:    1448480 bytes,    2340992 total
- age   4:     832880 bytes,    3173872 total
- age   5:    6651416 bytes,    9825288 total
: 32420K->13157K(109248K), 0,0111685 secs] 32420K->13157K(502464K), 0,0112103 secs] [Times: user=0,03 sys=0,00, real=0,01 secs] 
Heap after GC invocations=5 (full 1):
 par new generation   total 109248K, used 13157K [0x00000000e0000000, 0x00000000e8000000, 0x00000000e8000000)
  eden space 87424K,   0% used [0x00000000e0000000, 0x00000000e0000000, 0x00000000e5560000)
  from space 21824K,  60% used [0x00000000e6ab0000, 0x00000000e7789458, 0x00000000e8000000)
  to   space 21824K,   0% used [0x00000000e5560000, 0x00000000e5560000, 0x00000000e6ab0000)
 concurrent mark-sweep generation total 393216K, used 0K [0x00000000e8000000, 0x0000000100000000, 0x0000000100000000)
 Metaspace       used 21255K, capacity 21630K, committed 21884K, reserved 1069056K
  class space    used 2451K, capacity 2606K, committed 2608K, reserved 1048576K
}
2017-07-23T23:39:27.126+0200: 2,875: [Rescan (parallel) , 0,0043987 secs]2017-07-23T23:39:27.130+0200: 2,879: [weak refs processing, 0,0009047 secs]2017-07-23T23:39:27.131+0200: 2,880: [class unloading, 0,0027964 secs]2017-07-23T23:39:27.134+0200: 2,883: [scrub symbol table, 0,0026455 secs]2017-07-23T23:39:27.136+0200: 2,885: [scrub string table, 0,0003729 secs][1 CMS-remark: 0K(393216K)] 13157K(502464K), 0,0229824 secs] [Times: user=0,06 sys=0,00, real=0,02 secs] 
2017-07-23T23:39:27.137+0200: 2,886: Total time for which application threads were stopped: 0,0230880 seconds, Stopping threads took: 0,0000411 seconds
2017-07-23T23:39:27.137+0200: 2,886: [CMS-concurrent-sweep-start]
2017-07-23T23:39:27.137+0200: 2,886: [CMS-concurrent-sweep: 0,000/0,000 secs] [Times: user=0,00 sys=0,00, real=0,00 secs] 
2017-07-23T23:39:27.137+0200: 2,886: [CMS-concurrent-reset-start]
2017-07-23T23:39:27.139+0200: 2,888: [CMS-concurrent-reset: 0,002/0,002 secs] [Times: user=0,00 sys=0,00, real=0,00 secs] 
2017-07-23T23:39:27.240+0200: 2,989: Total time for which application threads were stopped: 0,0003004 seconds, Stopping threads took: 0,0000150 seconds
{Heap before GC invocations=5 (full 1):
 par new generation   total 109248K, used 100581K [0x00000000e0000000, 0x00000000e8000000, 0x00000000e8000000)
  eden space 87424K, 100% used [0x00000000e0000000, 0x00000000e5560000, 0x00000000e5560000)
  from space 21824K,  60% used [0x00000000e6ab0000, 0x00000000e7789458, 0x00000000e8000000)
  to   space 21824K,   0% used [0x00000000e5560000, 0x00000000e5560000, 0x00000000e6ab0000)
 concurrent mark-sweep generation total 393216K, used 0K [0x00000000e8000000, 0x0000000100000000, 0x0000000100000000)
 Metaspace       used 22052K, capacity 22390K, committed 22524K, reserved 1069056K
  class space    used 2556K, capacity 2708K, committed 2736K, reserved 1048576K
2017-07-23T23:39:27.284+0200: 3,033: [GC (Allocation Failure) 2017-07-23T23:39:27.284+0200: 3,033: [ParNew
Desired survivor size 20112992 bytes, new threshold 8 (max 8)
- age   1:    1166096 bytes,    1166096 total
- age   2:      23416 bytes,    1189512 total
- age   3:     187552 bytes,    1377064 total
- age   4:     280808 bytes,    1657872 total
- age   5:     830800 bytes,    2488672 total
- age   6:    6651440 bytes,    9140112 total
: 100581K->11385K(109248K), 0,0089989 secs] 100581K->11385K(502464K), 0,0090687 secs] [Times: user=0,03 sys=0,00, real=0,01 secs] 
Heap after GC invocations=6 (full 1):
 par new generation   total 109248K, used 11385K [0x00000000e0000000, 0x00000000e8000000, 0x00000000e8000000)
  eden space 87424K,   0% used [0x00000000e0000000, 0x00000000e0000000, 0x00000000e5560000)
  from space 21824K,  52% used [0x00000000e5560000, 0x00000000e607e448, 0x00000000e6ab0000)
  to   space 21824K,   0% used [0x00000000e6ab0000, 0x00000000e6ab0000, 0x00000000e8000000)
 concurrent mark-sweep generation total 393216K, used 0K [0x00000000e8000000, 0x0000000100000000, 0x0000000100000000)
 Metaspace       used 22052K, capacity 22390K, committed 22524K, reserved 1069056K
  class space    used 2556K, capacity 2708K, committed 2736K, reserved 1048576K
}
2017-07-23T23:39:27.293+0200: 3,042: Total time for which application threads were stopped: 0,0092199 seconds, Stopping threads took: 0,0000256 seconds
2017-07-23T23:39:27.480+0200: 3,229: Total time for which application threads were stopped: 0,0011889 seconds, Stopping threads took: 0,0007334 seconds
2017-07-23T23:39:27.492+0200: 3,241: Total time for which application threads were stopped: 0,0003897 seconds, Stopping threads took: 0,0000531 seconds
{Heap before GC invocations=6 (full 1):
 par new generation   total 109248K, used 98809K [0x00000000e0000000, 0x00000000e8000000, 0x00000000e8000000)
  eden space 87424K, 100% used [0x00000000e0000000, 0x00000000e5560000, 0x00000000e5560000)
  from space 21824K,  52% used [0x00000000e5560000, 0x00000000e607e448, 0x00000000e6ab0000)
  to   space 21824K,   0% used [0x00000000e6ab0000, 0x00000000e6ab0000, 0x00000000e8000000)
 concurrent mark-sweep generation total 393216K, used 0K [0x00000000e8000000, 0x0000000100000000, 0x0000000100000000)
 Metaspace       used 24018K, capacity 24530K, committed 24880K, reserved 1071104K
  class space    used 2835K, capacity 3016K, committed 3120K, reserved 1048576K
2017-07-23T23:39:27.681+0200: 3,430: [GC (Allocation Failure) 2017-07-23T23:39:27.681+0200: 3,430: [ParNew
Desired survivor size 20112992 bytes, new threshold 8 (max 8)
- age   1:    4809648 bytes,    4809648 total
- age   2:     349440 bytes,    5159088 total
- age   3:      23384 bytes,    5182472 total
- age   4:     187024 bytes,    5369496 total
- age   5:     278360 bytes,    5647856 total
- age   6:     806536 bytes,    6454392 total
- age   7:    6643144 bytes,   13097536 total
: 98809K->17908K(109248K), 0,0186247 secs] 98809K->17908K(502464K), 0,0187018 secs] [Times: user=0,06 sys=0,00, real=0,02 secs] 
Heap after GC invocations=7 (full 1):
 par new generation   total 109248K, used 17908K [0x00000000e0000000, 0x00000000e8000000, 0x00000000e8000000)
  eden space 87424K,   0% used [0x00000000e0000000, 0x00000000e0000000, 0x00000000e5560000)
  from space 21824K,  82% used [0x00000000e6ab0000, 0x00000000e7c2d218, 0x00000000e8000000)
  to   space 21824K,   0% used [0x00000000e5560000, 0x00000000e5560000, 0x00000000e6ab0000)
 concurrent mark-sweep generation total 393216K, used 0K [0x00000000e8000000, 0x0000000100000000, 0x0000000100000000)
 Metaspace       used 24018K, capacity 24530K, committed 24880K, reserved 1071104K
  class space    used 2835K, capacity 3016K, committed 3120K, reserved 1048576K
}
2017-07-23T23:39:27.699+0200: 3,449: Total time for which application threads were stopped: 0,0189949 seconds, Stopping threads took: 0,0000838 seconds
{Heap before GC invocations=7 (full 1):
 par new generation   total 109248K, used 105332K [0x00000000e0000000, 0x00000000e8000000, 0x00000000e8000000)
  eden space 87424K, 100% used [0x00000000e0000000, 0x00000000e5560000, 0x00000000e5560000)
  from space 21824K,  82% used [0x00000000e6ab0000, 0x00000000e7c2d218, 0x00000000e8000000)
  to   space 21824K,   0% used [0x00000000e5560000, 0x00000000e5560000, 0x00000000e6ab0000)
 concurrent mark-sweep generation total 393216K, used 0K [0x00000000e8000000, 0x0000000100000000, 0x0000000100000000)
 Metaspace       used 24441K, capacity 24882K, committed 25136K, reserved 1071104K
  class space    used 2861K, capacity 3048K, committed 3120K, reserved 1048576K
2017-07-23T23:39:27.789+0200: 3,539: [GC (Allocation Failure) 2017-07-23T23:39:27.790+0200: 3,539: [ParNew
Desired survivor size 20112992 bytes, new threshold 8 (max 8)
- age   1:    1510696 bytes,    1510696 total
- age   2:    1764656 bytes,    3275352 total
- age   3:     185232 bytes,    3460584 total
- age   4:       8304 bytes,    3468888 total
- age   5:     106216 bytes,    3575104 total
- age   6:     181784 bytes,    3756888 total
- age   7:     765096 bytes,    4521984 total
- age   8:    6108504 bytes,   10630488 total
: 105332K->15269K(109248K), 0,0103573 secs] 105332K->15269K(502464K), 0,0104379 secs] [Times: user=0,03 sys=0,00, real=0,01 secs] 
Heap after GC invocations=8 (full 1):
 par new generation   total 109248K, used 15269K [0x00000000e0000000, 0x00000000e8000000, 0x00000000e8000000)
  eden space 87424K,   0% used [0x00000000e0000000, 0x00000000e0000000, 0x00000000e5560000)
  from space 21824K,  69% used [0x00000000e5560000, 0x00000000e6449488, 0x00000000e6ab0000)
  to   space 21824K,   0% used [0x00000000e6ab0000, 0x00000000e6ab0000, 0x00000000e8000000)
 concurrent mark-sweep generation total 393216K, used 0K [0x00000000e8000000, 0x0000000100000000, 0x0000000100000000)
 Metaspace       used 24441K, capacity 24882K, committed 25136K, reserved 1071104K
  class space    used 2861K, capacity 3048K, committed 3120K, reserved 1048576K
}
2017-07-23T23:39:27.800+0200: 3,549: Total time for which application threads were stopped: 0,0118355 seconds, Stopping threads took: 0,0012063 seconds
{Heap before GC invocations=8 (full 1):
 par new generation   total 109248K, used 102693K [0x00000000e0000000, 0x00000000e8000000, 0x00000000e8000000)
  eden space 87424K, 100% used [0x00000000e0000000, 0x00000000e5560000, 0x00000000e5560000)
  from space 21824K,  69% used [0x00000000e5560000, 0x00000000e6449488, 0x00000000e6ab0000)
  to   space 21824K,   0% used [0x00000000e6ab0000, 0x00000000e6ab0000, 0x00000000e8000000)
 concurrent mark-sweep generation total 393216K, used 0K [0x00000000e8000000, 0x0000000100000000, 0x0000000100000000)
 Metaspace       used 24857K, capacity 25342K, committed 25392K, reserved 1071104K
  class space    used 2903K, capacity 3088K, committed 3120K, reserved 1048576K
2017-07-23T23:39:27.873+0200: 3,622: [GC (Allocation Failure) 2017-07-23T23:39:27.873+0200: 3,622: [ParNew
Desired survivor size 20112992 bytes, new threshold 8 (max 8)
- age   1:     793064 bytes,     793064 total
- age   2:     951648 bytes,    1744712 total
- age   3:    1702808 bytes,    3447520 total
- age   4:     185168 bytes,    3632688 total
- age   5:       8304 bytes,    3640992 total
- age   6:     103336 bytes,    3744328 total
- age   7:     178488 bytes,    3922816 total
- age   8:     763592 bytes,    4686408 total
: 102693K->8384K(109248K), 0,0439568 secs] 102693K->14430K(502464K), 0,0440303 secs] [Times: user=0,13 sys=0,00, real=0,05 secs] 
Heap after GC invocations=9 (full 1):
 par new generation   total 109248K, used 8384K [0x00000000e0000000, 0x00000000e8000000, 0x00000000e8000000)
  eden space 87424K,   0% used [0x00000000e0000000, 0x00000000e0000000, 0x00000000e5560000)
  from space 21824K,  38% used [0x00000000e6ab0000, 0x00000000e72e0160, 0x00000000e8000000)
  to   space 21824K,   0% used [0x00000000e5560000, 0x00000000e5560000, 0x00000000e6ab0000)
 concurrent mark-sweep generation total 393216K, used 6045K [0x00000000e8000000, 0x0000000100000000, 0x0000000100000000)
 Metaspace       used 24857K, capacity 25342K, committed 25392K, reserved 1071104K
  class space    used 2903K, capacity 3088K, committed 3120K, reserved 1048576K
}
2017-07-23T23:39:27.917+0200: 3,666: Total time for which application threads were stopped: 0,0455572 seconds, Stopping threads took: 0,0013495 seconds
2017-07-23T23:39:28.162+0200: 3,911: Total time for which application threads were stopped: 0,0016738 seconds, Stopping threads took: 0,0011276 seconds
2017-07-23T23:39:28.178+0200: 3,927: Total time for which application threads were stopped: 0,0004151 seconds, Stopping threads took: 0,0000184 seconds
2017-07-23T23:39:28.226+0200: 3,975: Total time for which application threads were stopped: 0,0003877 seconds, Stopping threads took: 0,0000317 seconds
2017-07-23T23:39:28.309+0200: 4,058: Total time for which application threads were stopped: 0,0032419 seconds, Stopping threads took: 0,0028308 seconds
2017-07-23T23:39:28.318+0200: 4,067: Total time for which application threads were stopped: 0,0004390 seconds, Stopping threads took: 0,0000471 seconds
2017-07-23T23:39:28.322+0200: 4,071: Total time for which application threads were stopped: 0,0001767 seconds, Stopping threads took: 0,0000881 seconds
2017-07-23T23:39:28.322+0200: 4,071: Total time for which application threads were stopped: 0,0000986 seconds, Stopping threads took: 0,0000214 seconds
2017-07-23T23:39:28.323+0200: 4,072: Total time for which application threads were stopped: 0,0001357 seconds, Stopping threads took: 0,0000607 seconds
2017-07-23T23:39:28.324+0200: 4,073: Total time for which application threads were stopped: 0,0001451 seconds, Stopping threads took: 0,0000725 seconds
2017-07-23T23:39:28.324+0200: 4,073: Total time for which application threads were stopped: 0,0000987 seconds, Stopping threads took: 0,0000378 seconds
2017-07-23T23:39:28.325+0200: 4,074: Total time for which application threads were stopped: 0,0001310 seconds, Stopping threads took: 0,0000481 seconds
2017-07-23T23:39:28.326+0200: 4,075: Total time for which application threads were stopped: 0,0001263 seconds, Stopping threads took: 0,0000497 seconds
2017-07-23T23:39:28.327+0200: 4,076: Total time for which application threads were stopped: 0,0001097 seconds, Stopping threads took: 0,0000354 seconds
2017-07-23T23:39:28.329+0200: 4,078: Total time for which application threads were stopped: 0,0001301 seconds, Stopping threads took: 0,0000586 seconds
2017-07-23T23:39:28.333+0200: 4,082: Total time for which application threads were stopped: 0,0028129 seconds, Stopping threads took: 0,0027315 seconds
2017-07-23T23:39:28.334+0200: 4,083: Total time for which application threads were stopped: 0,0001442 seconds, Stopping threads took: 0,0000945 seconds
2017-07-23T23:39:28.334+0200: 4,083: Total time for which application threads were stopped: 0,0000686 seconds, Stopping threads took: 0,0000155 seconds
2017-07-23T23:39:28.339+0200: 4,089: Total time for which application threads were stopped: 0,0001606 seconds, Stopping threads took: 0,0000728 seconds
2017-07-23T23:39:28.341+0200: 4,090: Total time for which application threads were stopped: 0,0001797 seconds, Stopping threads took: 0,0001038 seconds
2017-07-23T23:39:28.344+0200: 4,093: Total time for which application threads were stopped: 0,0001805 seconds, Stopping threads took: 0,0000738 seconds
2017-07-23T23:39:28.345+0200: 4,094: Total time for which application threads were stopped: 0,0001027 seconds, Stopping threads took: 0,0000358 seconds
2017-07-23T23:39:28.347+0200: 4,096: Total time for which application threads were stopped: 0,0001333 seconds, Stopping threads took: 0,0000530 seconds
2017-07-23T23:39:28.348+0200: 4,097: Total time for which application threads were stopped: 0,0001366 seconds, Stopping threads took: 0,0000707 seconds
2017-07-23T23:39:28.348+0200: 4,097: Total time for which application threads were stopped: 0,0000936 seconds, Stopping threads took: 0,0000390 seconds
2017-07-23T23:39:28.350+0200: 4,099: Total time for which application threads were stopped: 0,0001593 seconds, Stopping threads took: 0,0000665 seconds
2017-07-23T23:39:28.351+0200: 4,100: Total time for which application threads were stopped: 0,0001568 seconds, Stopping threads took: 0,0000214 seconds
2017-07-23T23:39:28.352+0200: 4,101: Total time for which application threads were stopped: 0,0000933 seconds, Stopping threads took: 0,0000207 seconds
2017-07-23T23:39:29.352+0200: 5,101: Total time for which application threads were stopped: 0,0000743 seconds, Stopping threads took: 0,0000193 seconds
2017-07-23T23:39:40.353+0200: 16,102: Total time for which application threads were stopped: 0,0001113 seconds, Stopping threads took: 0,0000350 seconds
2017-07-23T23:39:45.354+0200: 21,103: Total time for which application threads were stopped: 0,0000844 seconds, Stopping threads took: 0,0000182 seconds
2017-07-23T23:39:46.354+0200: 22,103: Total time for which application threads were stopped: 0,0000878 seconds, Stopping threads took: 0,0000169 seconds
2017-07-23T23:40:52.125+0200: 87,109: Total time for which application threads were stopped: 0,0001139 seconds, Stopping threads took: 0,0000489 seconds
2017-07-23T23:41:27.129+0200: 122,114: Total time for which application threads were stopped: 0,0000791 seconds, Stopping threads took: 0,0000354 seconds
2017-07-23T23:41:32.130+0200: 127,114: Total time for which application threads were stopped: 0,0003315 seconds, Stopping threads took: 0,0000802 seconds
2017-07-23T23:44:02.146+0200: 277,131: Total time for which application threads were stopped: 0,0001016 seconds, Stopping threads took: 0,0000354 seconds
2017-07-24T00:02:51.259+0200: 1406,244: Total time for which application threads were stopped: 0,0001242 seconds, Stopping threads took: 0,0000412 seconds
2017-07-24T00:07:46.290+0200: 1701,275: Total time for which application threads were stopped: 0,0001099 seconds, Stopping threads took: 0,0000319 seconds
2017-07-24T00:17:46.356+0200: 2301,341: Total time for which application threads were stopped: 0,0000901 seconds, Stopping threads took: 0,0000322 seconds
2017-07-24T00:17:47.356+0200: 2302,341: Total time for which application threads were stopped: 0,0000707 seconds, Stopping threads took: 0,0000149 seconds
2017-07-24T00:34:37.471+0200: 3312,455: Total time for which application threads were stopped: 0,0001396 seconds, Stopping threads took: 0,0000510 seconds
{Heap before GC invocations=9 (full 1):
 par new generation   total 109248K, used 95808K [0x00000000e0000000, 0x00000000e8000000, 0x00000000e8000000)
  eden space 87424K, 100% used [0x00000000e0000000, 0x00000000e5560000, 0x00000000e5560000)
  from space 21824K,  38% used [0x00000000e6ab0000, 0x00000000e72e0160, 0x00000000e8000000)
  to   space 21824K,   0% used [0x00000000e5560000, 0x00000000e5560000, 0x00000000e6ab0000)
 concurrent mark-sweep generation total 393216K, used 6045K [0x00000000e8000000, 0x0000000100000000, 0x0000000100000000)
 Metaspace       used 28050K, capacity 28580K, committed 28848K, reserved 1075200K
  class space    used 3219K, capacity 3395K, committed 3504K, reserved 1048576K
2017-07-24T00:36:40.599+0200: 3435,584: [GC (Allocation Failure) 2017-07-24T00:36:40.599+0200: 3435,584: [ParNew
Desired survivor size 20112992 bytes, new threshold 8 (max 8)
- age   1:   10892800 bytes,   10892800 total
- age   2:     263600 bytes,   11156400 total
- age   3:     172704 bytes,   11329104 total
- age   4:    1697448 bytes,   13026552 total
- age   5:     185024 bytes,   13211576 total
- age   6:       8304 bytes,   13219880 total
- age   7:     103208 bytes,   13323088 total
- age   8:     178392 bytes,   13501480 total
: 95808K->14209K(109248K), 0,0817216 secs] 101854K->21099K(502464K), 0,0818272 secs] [Times: user=0,06 sys=0,00, real=0,08 secs] 
Heap after GC invocations=10 (full 1):
 par new generation   total 109248K, used 14209K [0x00000000e0000000, 0x00000000e8000000, 0x00000000e8000000)
  eden space 87424K,   0% used [0x00000000e0000000, 0x00000000e0000000, 0x00000000e5560000)
  from space 21824K,  65% used [0x00000000e5560000, 0x00000000e63405c0, 0x00000000e6ab0000)
  to   space 21824K,   0% used [0x00000000e6ab0000, 0x00000000e6ab0000, 0x00000000e8000000)
 concurrent mark-sweep generation total 393216K, used 6889K [0x00000000e8000000, 0x0000000100000000, 0x0000000100000000)
 Metaspace       used 28050K, capacity 28580K, committed 28848K, reserved 1075200K
  class space    used 3219K, capacity 3395K, committed 3504K, reserved 1048576K
}
2017-07-24T00:36:40.681+0200: 3435,666: Total time for which application threads were stopped: 0,0820301 seconds, Stopping threads took: 0,0000269 seconds
2017-07-24T00:36:40.734+0200: 3435,718: Total time for which application threads were stopped: 0,0001738 seconds, Stopping threads took: 0,0000177 seconds
Heap
 par new generation   total 109248K, used 23518K [0x00000000e0000000, 0x00000000e8000000, 0x00000000e8000000)
  eden space 87424K,  10% used [0x00000000e0000000, 0x00000000e09174a0, 0x00000000e5560000)
  from space 21824K,  65% used [0x00000000e5560000, 0x00000000e63405c0, 0x00000000e6ab0000)
  to   space 21824K,   0% used [0x00000000e6ab0000, 0x00000000e6ab0000, 0x00000000e8000000)
 concurrent mark-sweep generation total 393216K, used 6889K [0x00000000e8000000, 0x0000000100000000, 0x0000000100000000)
 Metaspace       used 28122K, capacity 28588K, committed 28848K, reserved 1075200K
  class space    used 3228K, capacity 3397K, committed 3504K, reserved 1048576K
