OpenJDK 64-Bit Server VM (25.111-b14) for linux-amd64 JRE (1.8.0_111-8u111-b14-2ubuntu0.16.04.2-b14), built on Oct 27 2016 18:10:19 by "buildd" with gcc 5.4.0 20160609
Memory: 4k page, physical 7867804k(7518804k free), swap 8076284k(8076284k free)
CommandLine flags: -XX:CMSInitiatingOccupancyFraction=50 -XX:CMSMaxAbortablePrecleanTime=6000 -XX:+CMSParallelRemarkEnabled -XX:+CMSScavengeBeforeRemark -XX:ConcGCThreads=4 -XX:InitialHeapSize=536870912 -XX:MaxHeapSize=536870912 -XX:MaxTenuringThreshold=8 -XX:NewRatio=3 -XX:OldPLABSize=16 -XX:OnOutOfMemoryError=/opt/solr/bin/oom_solr.sh 8983 /var/solr/logs -XX:ParallelGCThreads=4 -XX:+ParallelRefProcEnabled -XX:PretenureSizeThreshold=67108864 -XX:+PrintGC -XX:+PrintGCApplicationStoppedTime -XX:+PrintGCDateStamps -XX:+PrintGCDetails -XX:+PrintGCTimeStamps -XX:+PrintHeapAtGC -XX:+PrintTenuringDistribution -XX:SurvivorRatio=4 -XX:TargetSurvivorRatio=90 -XX:ThreadStackSize=256 -XX:+UseCMSInitiatingOccupancyOnly -XX:+UseCompressedClassPointers -XX:+UseCompressedOops -XX:+UseConcMarkSweepGC -XX:+UseParNewGC 
2016-12-24T09:38:31.652+0100: 0,136: Total time for which application threads were stopped: 0,0000648 seconds, Stopping threads took: 0,0000094 seconds
2016-12-24T09:38:31.729+0100: 0,213: Total time for which application threads were stopped: 0,0001325 seconds, Stopping threads took: 0,0000194 seconds
2016-12-24T09:38:31.746+0100: 0,230: Total time for which application threads were stopped: 0,0001293 seconds, Stopping threads took: 0,0000185 seconds
2016-12-24T09:38:31.959+0100: 0,443: Total time for which application threads were stopped: 0,0001276 seconds, Stopping threads took: 0,0000146 seconds
2016-12-24T09:38:32.522+0100: 1,005: Total time for which application threads were stopped: 0,0002719 seconds, Stopping threads took: 0,0000385 seconds
2016-12-24T09:38:32.644+0100: 1,128: Total time for which application threads were stopped: 0,0002457 seconds, Stopping threads took: 0,0000792 seconds
2016-12-24T09:38:32.667+0100: 1,151: Total time for which application threads were stopped: 0,0003365 seconds, Stopping threads took: 0,0000339 seconds
2016-12-24T09:38:32.986+0100: 1,470: Total time for which application threads were stopped: 0,0001566 seconds, Stopping threads took: 0,0000207 seconds
2016-12-24T09:38:33.194+0100: 1,678: Total time for which application threads were stopped: 0,0005878 seconds, Stopping threads took: 0,0000855 seconds
2016-12-24T09:38:33.223+0100: 1,707: Total time for which application threads were stopped: 0,0001711 seconds, Stopping threads took: 0,0000164 seconds
2016-12-24T09:38:33.224+0100: 1,707: Total time for which application threads were stopped: 0,0001351 seconds, Stopping threads took: 0,0000115 seconds
2016-12-24T09:38:33.238+0100: 1,722: Total time for which application threads were stopped: 0,0001830 seconds, Stopping threads took: 0,0000209 seconds
2016-12-24T09:38:33.307+0100: 1,790: Total time for which application threads were stopped: 0,0002334 seconds, Stopping threads took: 0,0000223 seconds
2016-12-24T09:38:33.446+0100: 1,930: Total time for which application threads were stopped: 0,0002657 seconds, Stopping threads took: 0,0000748 seconds
{Heap before GC invocations=0 (full 0):
 par new generation   total 109248K, used 87424K [0x00000000e0000000, 0x00000000e8000000, 0x00000000e8000000)
  eden space 87424K, 100% used [0x00000000e0000000, 0x00000000e5560000, 0x00000000e5560000)
  from space 21824K,   0% used [0x00000000e5560000, 0x00000000e5560000, 0x00000000e6ab0000)
  to   space 21824K,   0% used [0x00000000e6ab0000, 0x00000000e6ab0000, 0x00000000e8000000)
 concurrent mark-sweep generation total 393216K, used 0K [0x00000000e8000000, 0x0000000100000000, 0x0000000100000000)
 Metaspace       used 17946K, capacity 18238K, committed 18304K, reserved 1064960K
  class space    used 2044K, capacity 2162K, committed 2176K, reserved 1048576K
2016-12-24T09:38:33.548+0100: 2,032: [GC (Allocation Failure) 2016-12-24T09:38:33.548+0100: 2,032: [ParNew
Desired survivor size 20112992 bytes, new threshold 8 (max 8)
- age   1:   12036400 bytes,   12036400 total
: 87424K->11867K(109248K), 0,0176378 secs] 87424K->11867K(502464K), 0,0177237 secs] [Times: user=0,04 sys=0,03, real=0,01 secs] 
Heap after GC invocations=1 (full 0):
 par new generation   total 109248K, used 11867K [0x00000000e0000000, 0x00000000e8000000, 0x00000000e8000000)
  eden space 87424K,   0% used [0x00000000e0000000, 0x00000000e0000000, 0x00000000e5560000)
  from space 21824K,  54% used [0x00000000e6ab0000, 0x00000000e7646c18, 0x00000000e8000000)
  to   space 21824K,   0% used [0x00000000e5560000, 0x00000000e5560000, 0x00000000e6ab0000)
 concurrent mark-sweep generation total 393216K, used 0K [0x00000000e8000000, 0x0000000100000000, 0x0000000100000000)
 Metaspace       used 17946K, capacity 18238K, committed 18304K, reserved 1064960K
  class space    used 2044K, capacity 2162K, committed 2176K, reserved 1048576K
}
2016-12-24T09:38:33.566+0100: 2,049: Total time for which application threads were stopped: 0,0179032 seconds, Stopping threads took: 0,0000206 seconds
2016-12-24T09:38:33.734+0100: 2,218: Total time for which application threads were stopped: 0,0003098 seconds, Stopping threads took: 0,0000298 seconds
2016-12-24T09:38:33.762+0100: 2,246: Total time for which application threads were stopped: 0,0011498 seconds, Stopping threads took: 0,0009066 seconds
2016-12-24T09:38:33.784+0100: 2,268: Total time for which application threads were stopped: 0,0002701 seconds, Stopping threads took: 0,0000206 seconds
{Heap before GC invocations=1 (full 0):
 par new generation   total 109248K, used 99291K [0x00000000e0000000, 0x00000000e8000000, 0x00000000e8000000)
  eden space 87424K, 100% used [0x00000000e0000000, 0x00000000e5560000, 0x00000000e5560000)
  from space 21824K,  54% used [0x00000000e6ab0000, 0x00000000e7646c18, 0x00000000e8000000)
  to   space 21824K,   0% used [0x00000000e5560000, 0x00000000e5560000, 0x00000000e6ab0000)
 concurrent mark-sweep generation total 393216K, used 0K [0x00000000e8000000, 0x0000000100000000, 0x0000000100000000)
 Metaspace       used 20708K, capacity 21016K, committed 21248K, reserved 1069056K
  class space    used 2403K, capacity 2518K, committed 2560K, reserved 1048576K
2016-12-24T09:38:33.948+0100: 2,432: [GC (Allocation Failure) 2016-12-24T09:38:33.948+0100: 2,432: [ParNew
Desired survivor size 20112992 bytes, new threshold 8 (max 8)
- age   1:    3671680 bytes,    3671680 total
- age   2:    6068680 bytes,    9740360 total
: 99291K->12962K(109248K), 0,0139559 secs] 99291K->12962K(502464K), 0,0140242 secs] [Times: user=0,05 sys=0,01, real=0,01 secs] 
Heap after GC invocations=2 (full 0):
 par new generation   total 109248K, used 12962K [0x00000000e0000000, 0x00000000e8000000, 0x00000000e8000000)
  eden space 87424K,   0% used [0x00000000e0000000, 0x00000000e0000000, 0x00000000e5560000)
  from space 21824K,  59% used [0x00000000e5560000, 0x00000000e6208af8, 0x00000000e6ab0000)
  to   space 21824K,   0% used [0x00000000e6ab0000, 0x00000000e6ab0000, 0x00000000e8000000)
 concurrent mark-sweep generation total 393216K, used 0K [0x00000000e8000000, 0x0000000100000000, 0x0000000100000000)
 Metaspace       used 20708K, capacity 21016K, committed 21248K, reserved 1069056K
  class space    used 2403K, capacity 2518K, committed 2560K, reserved 1048576K
}
2016-12-24T09:38:33.962+0100: 2,446: Total time for which application threads were stopped: 0,0142528 seconds, Stopping threads took: 0,0000429 seconds
2016-12-24T09:38:34.027+0100: 2,511: Total time for which application threads were stopped: 0,0000856 seconds, Stopping threads took: 0,0000225 seconds
2016-12-24T09:38:34.059+0100: 2,543: Total time for which application threads were stopped: 0,0000800 seconds, Stopping threads took: 0,0000130 seconds
2016-12-24T09:38:34.060+0100: 2,543: Total time for which application threads were stopped: 0,0002358 seconds, Stopping threads took: 0,0000094 seconds
2016-12-24T09:38:34.084+0100: 2,568: Total time for which application threads were stopped: 0,0000728 seconds, Stopping threads took: 0,0000124 seconds
2016-12-24T09:38:34.163+0100: 2,647: Total time for which application threads were stopped: 0,0001196 seconds, Stopping threads took: 0,0000173 seconds
2016-12-24T09:38:34.182+0100: 2,666: Total time for which application threads were stopped: 0,0001224 seconds, Stopping threads took: 0,0000240 seconds
2016-12-24T09:38:34.190+0100: 2,674: Total time for which application threads were stopped: 0,0002681 seconds, Stopping threads took: 0,0000118 seconds
2016-12-24T09:38:34.198+0100: 2,681: Total time for which application threads were stopped: 0,0002916 seconds, Stopping threads took: 0,0000292 seconds
2016-12-24T09:38:34.207+0100: 2,691: Total time for which application threads were stopped: 0,0001533 seconds, Stopping threads took: 0,0000783 seconds
2016-12-24T09:38:34.236+0100: 2,720: Total time for which application threads were stopped: 0,0001009 seconds, Stopping threads took: 0,0000193 seconds
2016-12-24T09:38:34.253+0100: 2,737: Total time for which application threads were stopped: 0,0000790 seconds, Stopping threads took: 0,0000178 seconds
2016-12-24T09:38:34.271+0100: 2,755: Total time for which application threads were stopped: 0,0000748 seconds, Stopping threads took: 0,0000134 seconds
2016-12-24T09:38:34.291+0100: 2,775: Total time for which application threads were stopped: 0,0000774 seconds, Stopping threads took: 0,0000128 seconds
2016-12-24T09:38:34.314+0100: 2,798: Total time for which application threads were stopped: 0,0000918 seconds, Stopping threads took: 0,0000118 seconds
2016-12-24T09:38:34.371+0100: 2,855: Total time for which application threads were stopped: 0,0000952 seconds, Stopping threads took: 0,0000263 seconds
2016-12-24T09:38:34.395+0100: 2,879: Total time for which application threads were stopped: 0,0001185 seconds, Stopping threads took: 0,0000284 seconds
2016-12-24T09:38:34.403+0100: 2,887: Total time for which application threads were stopped: 0,0003720 seconds, Stopping threads took: 0,0000256 seconds
{Heap before GC invocations=2 (full 0):
 par new generation   total 109248K, used 100386K [0x00000000e0000000, 0x00000000e8000000, 0x00000000e8000000)
  eden space 87424K, 100% used [0x00000000e0000000, 0x00000000e5560000, 0x00000000e5560000)
  from space 21824K,  59% used [0x00000000e5560000, 0x00000000e6208af8, 0x00000000e6ab0000)
  to   space 21824K,   0% used [0x00000000e6ab0000, 0x00000000e6ab0000, 0x00000000e8000000)
 concurrent mark-sweep generation total 393216K, used 0K [0x00000000e8000000, 0x0000000100000000, 0x0000000100000000)
 Metaspace       used 24816K, capacity 25157K, committed 25536K, reserved 1071104K
  class space    used 2894K, capacity 3025K, committed 3144K, reserved 1048576K
2016-12-24T09:38:34.409+0100: 2,893: [GC (Allocation Failure) 2016-12-24T09:38:34.409+0100: 2,893: [ParNew
Desired survivor size 20112992 bytes, new threshold 8 (max 8)
- age   1:    4852080 bytes,    4852080 total
- age   2:     583712 bytes,    5435792 total
- age   3:    6051016 bytes,   11486808 total
: 100386K->13546K(109248K), 0,0098314 secs] 100386K->13546K(502464K), 0,0098858 secs] [Times: user=0,04 sys=0,00, real=0,01 secs] 
Heap after GC invocations=3 (full 0):
 par new generation   total 109248K, used 13546K [0x00000000e0000000, 0x00000000e8000000, 0x00000000e8000000)
  eden space 87424K,   0% used [0x00000000e0000000, 0x00000000e0000000, 0x00000000e5560000)
  from space 21824K,  62% used [0x00000000e6ab0000, 0x00000000e77ea900, 0x00000000e8000000)
  to   space 21824K,   0% used [0x00000000e5560000, 0x00000000e5560000, 0x00000000e6ab0000)
 concurrent mark-sweep generation total 393216K, used 0K [0x00000000e8000000, 0x0000000100000000, 0x0000000100000000)
 Metaspace       used 24816K, capacity 25157K, committed 25536K, reserved 1071104K
  class space    used 2894K, capacity 3025K, committed 3144K, reserved 1048576K
}
2016-12-24T09:38:34.419+0100: 2,903: Total time for which application threads were stopped: 0,0100575 seconds, Stopping threads took: 0,0000199 seconds
2016-12-24T09:38:34.419+0100: 2,903: [GC (CMS Initial Mark) [1 CMS-initial-mark: 0K(393216K)] 13802K(502464K), 0,0026689 secs] [Times: user=0,00 sys=0,00, real=0,00 secs] 
2016-12-24T09:38:34.422+0100: 2,906: Total time for which application threads were stopped: 0,0027820 seconds, Stopping threads took: 0,0000333 seconds
2016-12-24T09:38:34.422+0100: 2,906: [CMS-concurrent-mark-start]
2016-12-24T09:38:34.423+0100: 2,907: [CMS-concurrent-mark: 0,001/0,001 secs] [Times: user=0,00 sys=0,00, real=0,00 secs] 
2016-12-24T09:38:34.424+0100: 2,907: [CMS-concurrent-preclean-start]
2016-12-24T09:38:34.425+0100: 2,909: [CMS-concurrent-preclean: 0,001/0,001 secs] [Times: user=0,01 sys=0,00, real=0,00 secs] 
2016-12-24T09:38:34.425+0100: 2,909: [GC (CMS Final Remark) [YG occupancy: 15189 K (109248 K)]{Heap before GC invocations=3 (full 1):
 par new generation   total 109248K, used 15189K [0x00000000e0000000, 0x00000000e8000000, 0x00000000e8000000)
  eden space 87424K,   1% used [0x00000000e0000000, 0x00000000e019abe0, 0x00000000e5560000)
  from space 21824K,  62% used [0x00000000e6ab0000, 0x00000000e77ea900, 0x00000000e8000000)
  to   space 21824K,   0% used [0x00000000e5560000, 0x00000000e5560000, 0x00000000e6ab0000)
 concurrent mark-sweep generation total 393216K, used 0K [0x00000000e8000000, 0x0000000100000000, 0x0000000100000000)
 Metaspace       used 24817K, capacity 25157K, committed 25536K, reserved 1071104K
  class space    used 2894K, capacity 3025K, committed 3144K, reserved 1048576K
2016-12-24T09:38:34.425+0100: 2,909: [GC (CMS Final Remark) 2016-12-24T09:38:34.425+0100: 2,909: [ParNew
Desired survivor size 20112992 bytes, new threshold 8 (max 8)
- age   1:     798368 bytes,     798368 total
- age   2:    1315080 bytes,    2113448 total
- age   3:     583640 bytes,    2697088 total
- age   4:    6050576 bytes,    8747664 total
: 15189K->14650K(109248K), 0,0094240 secs] 15189K->14650K(502464K), 0,0094659 secs] [Times: user=0,03 sys=0,00, real=0,02 secs] 
Heap after GC invocations=4 (full 1):
 par new generation   total 109248K, used 14650K [0x00000000e0000000, 0x00000000e8000000, 0x00000000e8000000)
  eden space 87424K,   0% used [0x00000000e0000000, 0x00000000e0000000, 0x00000000e5560000)
  from space 21824K,  67% used [0x00000000e5560000, 0x00000000e63ae8e0, 0x00000000e6ab0000)
  to   space 21824K,   0% used [0x00000000e6ab0000, 0x00000000e6ab0000, 0x00000000e8000000)
 concurrent mark-sweep generation total 393216K, used 0K [0x00000000e8000000, 0x0000000100000000, 0x0000000100000000)
 Metaspace       used 24817K, capacity 25157K, committed 25536K, reserved 1071104K
  class space    used 2894K, capacity 3025K, committed 3144K, reserved 1048576K
}
2016-12-24T09:38:34.434+0100: 2,918: [Rescan (parallel) , 0,0035945 secs]2016-12-24T09:38:34.438+0100: 2,922: [weak refs processing, 0,0010392 secs]2016-12-24T09:38:34.439+0100: 2,923: [class unloading, 0,0030764 secs]2016-12-24T09:38:34.442+0100: 2,926: [scrub symbol table, 0,0040824 secs]2016-12-24T09:38:34.446+0100: 2,930: [scrub string table, 0,0004205 secs][1 CMS-remark: 0K(393216K)] 14650K(502464K), 0,0223750 secs] [Times: user=0,04 sys=0,00, real=0,03 secs] 
2016-12-24T09:38:34.447+0100: 2,931: Total time for which application threads were stopped: 0,0224881 seconds, Stopping threads took: 0,0000454 seconds
2016-12-24T09:38:34.447+0100: 2,931: [CMS-concurrent-sweep-start]
2016-12-24T09:38:34.447+0100: 2,931: [CMS-concurrent-sweep: 0,000/0,000 secs] [Times: user=0,01 sys=0,00, real=0,00 secs] 
2016-12-24T09:38:34.447+0100: 2,931: [CMS-concurrent-reset-start]
2016-12-24T09:38:34.449+0100: 2,933: [CMS-concurrent-reset: 0,002/0,002 secs] [Times: user=0,00 sys=0,00, real=0,00 secs] 
2016-12-24T09:38:34.505+0100: 2,989: Total time for which application threads were stopped: 0,0003801 seconds, Stopping threads took: 0,0000256 seconds
2016-12-24T09:38:35.505+0100: 3,989: Total time for which application threads were stopped: 0,0000980 seconds, Stopping threads took: 0,0000192 seconds
2016-12-24T09:38:35.572+0100: 4,056: Total time for which application threads were stopped: 0,0003044 seconds, Stopping threads took: 0,0000180 seconds
2016-12-24T09:39:03.576+0100: 32,060: Total time for which application threads were stopped: 0,0000807 seconds, Stopping threads took: 0,0000344 seconds
2016-12-24T09:41:13.588+0100: 162,072: Total time for which application threads were stopped: 0,0001083 seconds, Stopping threads took: 0,0000481 seconds
2016-12-24T09:41:18.589+0100: 167,073: Total time for which application threads were stopped: 0,0002489 seconds, Stopping threads took: 0,0001187 seconds
2016-12-24T09:41:32.591+0100: 181,075: Total time for which application threads were stopped: 0,0000654 seconds, Stopping threads took: 0,0000198 seconds
2016-12-24T09:42:13.595+0100: 222,079: Total time for which application threads were stopped: 0,0000885 seconds, Stopping threads took: 0,0000363 seconds
2016-12-24T09:42:57.601+0100: 266,085: Total time for which application threads were stopped: 0,0000750 seconds, Stopping threads took: 0,0000286 seconds
2016-12-24T09:43:02.601+0100: 271,085: Total time for which application threads were stopped: 0,0000895 seconds, Stopping threads took: 0,0000199 seconds
2016-12-24T09:43:18.603+0100: 287,087: Total time for which application threads were stopped: 0,0000692 seconds, Stopping threads took: 0,0000262 seconds
2016-12-24T09:43:42.606+0100: 311,090: Total time for which application threads were stopped: 0,0002316 seconds, Stopping threads took: 0,0001552 seconds
2016-12-24T10:02:12.735+0100: 1421,219: Total time for which application threads were stopped: 0,0000865 seconds, Stopping threads took: 0,0000328 seconds
2016-12-24T10:06:12.771+0100: 1661,255: Total time for which application threads were stopped: 0,0001573 seconds, Stopping threads took: 0,0000605 seconds
2016-12-24T10:06:13.771+0100: 1662,255: Total time for which application threads were stopped: 0,0000667 seconds, Stopping threads took: 0,0000165 seconds
2016-12-24T10:06:27.773+0100: 1676,257: Total time for which application threads were stopped: 0,0000738 seconds, Stopping threads took: 0,0000307 seconds
2016-12-24T10:17:27.852+0100: 2336,336: Total time for which application threads were stopped: 0,0000824 seconds, Stopping threads took: 0,0000383 seconds
2016-12-24T10:17:28.852+0100: 2337,336: Total time for which application threads were stopped: 0,0000585 seconds, Stopping threads took: 0,0000146 seconds
2016-12-24T10:26:32.314+0100: 2880,798: Total time for which application threads were stopped: 0,0001253 seconds, Stopping threads took: 0,0000242 seconds
Heap
 par new generation   total 109248K, used 59617K [0x00000000e0000000, 0x00000000e8000000, 0x00000000e8000000)
  eden space 87424K,  51% used [0x00000000e0000000, 0x00000000e2be9ec0, 0x00000000e5560000)
  from space 21824K,  67% used [0x00000000e5560000, 0x00000000e63ae8e0, 0x00000000e6ab0000)
  to   space 21824K,   0% used [0x00000000e6ab0000, 0x00000000e6ab0000, 0x00000000e8000000)
 concurrent mark-sweep generation total 393216K, used 0K [0x00000000e8000000, 0x0000000100000000, 0x0000000100000000)
 Metaspace       used 27230K, capacity 27725K, committed 27976K, reserved 1073152K
  class space    used 3167K, capacity 3321K, committed 3400K, reserved 1048576K
