OpenJDK 64-Bit Server VM (25.111-b14) for linux-amd64 JRE (1.8.0_111-8u111-b14-2ubuntu0.16.04.2-b14), built on Oct 27 2016 18:10:19 by "buildd" with gcc 5.4.0 20160609
Memory: 4k page, physical 7867804k(7511316k free), swap 8076284k(8076284k free)
CommandLine flags: -XX:CMSInitiatingOccupancyFraction=50 -XX:CMSMaxAbortablePrecleanTime=6000 -XX:+CMSParallelRemarkEnabled -XX:+CMSScavengeBeforeRemark -XX:ConcGCThreads=4 -XX:InitialHeapSize=536870912 -XX:MaxHeapSize=536870912 -XX:MaxTenuringThreshold=8 -XX:NewRatio=3 -XX:OldPLABSize=16 -XX:OnOutOfMemoryError=/opt/solr/bin/oom_solr.sh 8983 /var/solr/logs -XX:ParallelGCThreads=4 -XX:+ParallelRefProcEnabled -XX:PretenureSizeThreshold=67108864 -XX:+PrintGC -XX:+PrintGCApplicationStoppedTime -XX:+PrintGCDateStamps -XX:+PrintGCDetails -XX:+PrintGCTimeStamps -XX:+PrintHeapAtGC -XX:+PrintTenuringDistribution -XX:SurvivorRatio=4 -XX:TargetSurvivorRatio=90 -XX:ThreadStackSize=256 -XX:+UseCMSInitiatingOccupancyOnly -XX:+UseCompressedClassPointers -XX:+UseCompressedOops -XX:+UseConcMarkSweepGC -XX:+UseParNewGC 
2016-12-29T06:37:58.710+0100: 0,131: Total time for which application threads were stopped: 0,0000739 seconds, Stopping threads took: 0,0000092 seconds
2016-12-29T06:37:58.809+0100: 0,229: Total time for which application threads were stopped: 0,0001486 seconds, Stopping threads took: 0,0000147 seconds
2016-12-29T06:37:58.835+0100: 0,255: Total time for which application threads were stopped: 0,0000891 seconds, Stopping threads took: 0,0000136 seconds
2016-12-29T06:37:59.026+0100: 0,446: Total time for which application threads were stopped: 0,0001787 seconds, Stopping threads took: 0,0000181 seconds
2016-12-29T06:37:59.483+0100: 0,903: Total time for which application threads were stopped: 0,0002320 seconds, Stopping threads took: 0,0000256 seconds
2016-12-29T06:37:59.591+0100: 1,011: Total time for which application threads were stopped: 0,0002125 seconds, Stopping threads took: 0,0000291 seconds
2016-12-29T06:37:59.609+0100: 1,029: Total time for which application threads were stopped: 0,0002004 seconds, Stopping threads took: 0,0000314 seconds
2016-12-29T06:37:59.953+0100: 1,373: Total time for which application threads were stopped: 0,0002193 seconds, Stopping threads took: 0,0000275 seconds
2016-12-29T06:38:00.177+0100: 1,598: Total time for which application threads were stopped: 0,0002596 seconds, Stopping threads took: 0,0000202 seconds
2016-12-29T06:38:00.202+0100: 1,622: Total time for which application threads were stopped: 0,0001802 seconds, Stopping threads took: 0,0000161 seconds
2016-12-29T06:38:00.203+0100: 1,623: Total time for which application threads were stopped: 0,0001203 seconds, Stopping threads took: 0,0000187 seconds
2016-12-29T06:38:00.217+0100: 1,637: Total time for which application threads were stopped: 0,0001715 seconds, Stopping threads took: 0,0000225 seconds
2016-12-29T06:38:00.322+0100: 1,742: Total time for which application threads were stopped: 0,0002389 seconds, Stopping threads took: 0,0000194 seconds
2016-12-29T06:38:00.473+0100: 1,894: Total time for which application threads were stopped: 0,0002283 seconds, Stopping threads took: 0,0000196 seconds
{Heap before GC invocations=0 (full 0):
 par new generation   total 109248K, used 87424K [0x00000000e0000000, 0x00000000e8000000, 0x00000000e8000000)
  eden space 87424K, 100% used [0x00000000e0000000, 0x00000000e5560000, 0x00000000e5560000)
  from space 21824K,   0% used [0x00000000e5560000, 0x00000000e5560000, 0x00000000e6ab0000)
  to   space 21824K,   0% used [0x00000000e6ab0000, 0x00000000e6ab0000, 0x00000000e8000000)
 concurrent mark-sweep generation total 393216K, used 0K [0x00000000e8000000, 0x0000000100000000, 0x0000000100000000)
 Metaspace       used 18090K, capacity 18366K, committed 18560K, reserved 1064960K
  class space    used 2053K, capacity 2162K, committed 2176K, reserved 1048576K
2016-12-29T06:38:00.581+0100: 2,002: [GC (Allocation Failure) 2016-12-29T06:38:00.581+0100: 2,002: [ParNew
Desired survivor size 20112992 bytes, new threshold 8 (max 8)
- age   1:   12324880 bytes,   12324880 total
: 87424K->12155K(109248K), 0,0169357 secs] 87424K->12155K(502464K), 0,0170113 secs] [Times: user=0,02 sys=0,05, real=0,01 secs] 
Heap after GC invocations=1 (full 0):
 par new generation   total 109248K, used 12155K [0x00000000e0000000, 0x00000000e8000000, 0x00000000e8000000)
  eden space 87424K,   0% used [0x00000000e0000000, 0x00000000e0000000, 0x00000000e5560000)
  from space 21824K,  55% used [0x00000000e6ab0000, 0x00000000e768ed28, 0x00000000e8000000)
  to   space 21824K,   0% used [0x00000000e5560000, 0x00000000e5560000, 0x00000000e6ab0000)
 concurrent mark-sweep generation total 393216K, used 0K [0x00000000e8000000, 0x0000000100000000, 0x0000000100000000)
 Metaspace       used 18090K, capacity 18366K, committed 18560K, reserved 1064960K
  class space    used 2053K, capacity 2162K, committed 2176K, reserved 1048576K
}
2016-12-29T06:38:00.598+0100: 2,019: Total time for which application threads were stopped: 0,0171976 seconds, Stopping threads took: 0,0000174 seconds
2016-12-29T06:38:00.777+0100: 2,197: Total time for which application threads were stopped: 0,0003392 seconds, Stopping threads took: 0,0000333 seconds
2016-12-29T06:38:00.819+0100: 2,239: Total time for which application threads were stopped: 0,0003520 seconds, Stopping threads took: 0,0000225 seconds
2016-12-29T06:38:00.845+0100: 2,266: Total time for which application threads were stopped: 0,0003542 seconds, Stopping threads took: 0,0000417 seconds
{Heap before GC invocations=1 (full 0):
 par new generation   total 109248K, used 99579K [0x00000000e0000000, 0x00000000e8000000, 0x00000000e8000000)
  eden space 87424K, 100% used [0x00000000e0000000, 0x00000000e5560000, 0x00000000e5560000)
  from space 21824K,  55% used [0x00000000e6ab0000, 0x00000000e768ed28, 0x00000000e8000000)
  to   space 21824K,   0% used [0x00000000e5560000, 0x00000000e5560000, 0x00000000e6ab0000)
 concurrent mark-sweep generation total 393216K, used 0K [0x00000000e8000000, 0x0000000100000000, 0x0000000100000000)
 Metaspace       used 20724K, capacity 21020K, committed 21248K, reserved 1069056K
  class space    used 2403K, capacity 2518K, committed 2560K, reserved 1048576K
2016-12-29T06:38:01.010+0100: 2,430: [GC (Allocation Failure) 2016-12-29T06:38:01.010+0100: 2,430: [ParNew
Desired survivor size 20112992 bytes, new threshold 8 (max 8)
- age   1:    2899800 bytes,    2899800 total
- age   2:    6103824 bytes,    9003624 total
: 99579K->11257K(109248K), 0,0103144 secs] 99579K->11257K(502464K), 0,0103920 secs] [Times: user=0,04 sys=0,00, real=0,01 secs] 
Heap after GC invocations=2 (full 0):
 par new generation   total 109248K, used 11257K [0x00000000e0000000, 0x00000000e8000000, 0x00000000e8000000)
  eden space 87424K,   0% used [0x00000000e0000000, 0x00000000e0000000, 0x00000000e5560000)
  from space 21824K,  51% used [0x00000000e5560000, 0x00000000e605e4b0, 0x00000000e6ab0000)
  to   space 21824K,   0% used [0x00000000e6ab0000, 0x00000000e6ab0000, 0x00000000e8000000)
 concurrent mark-sweep generation total 393216K, used 0K [0x00000000e8000000, 0x0000000100000000, 0x0000000100000000)
 Metaspace       used 20724K, capacity 21020K, committed 21248K, reserved 1069056K
  class space    used 2403K, capacity 2518K, committed 2560K, reserved 1048576K
}
2016-12-29T06:38:01.020+0100: 2,440: Total time for which application threads were stopped: 0,0106309 seconds, Stopping threads took: 0,0000547 seconds
2016-12-29T06:38:01.071+0100: 2,491: Total time for which application threads were stopped: 0,0000910 seconds, Stopping threads took: 0,0000183 seconds
2016-12-29T06:38:01.104+0100: 2,524: Total time for which application threads were stopped: 0,0000807 seconds, Stopping threads took: 0,0000129 seconds
2016-12-29T06:38:01.104+0100: 2,525: Total time for which application threads were stopped: 0,0002447 seconds, Stopping threads took: 0,0000093 seconds
2016-12-29T06:38:01.128+0100: 2,548: Total time for which application threads were stopped: 0,0000726 seconds, Stopping threads took: 0,0000126 seconds
2016-12-29T06:38:01.216+0100: 2,637: Total time for which application threads were stopped: 0,0002697 seconds, Stopping threads took: 0,0001062 seconds
2016-12-29T06:38:01.234+0100: 2,654: Total time for which application threads were stopped: 0,0000987 seconds, Stopping threads took: 0,0000269 seconds
2016-12-29T06:38:01.241+0100: 2,661: Total time for which application threads were stopped: 0,0002816 seconds, Stopping threads took: 0,0000128 seconds
2016-12-29T06:38:01.248+0100: 2,668: Total time for which application threads were stopped: 0,0002831 seconds, Stopping threads took: 0,0000210 seconds
2016-12-29T06:38:01.263+0100: 2,683: Total time for which application threads were stopped: 0,0000965 seconds, Stopping threads took: 0,0000278 seconds
2016-12-29T06:38:01.291+0100: 2,711: Total time for which application threads were stopped: 0,0001031 seconds, Stopping threads took: 0,0000322 seconds
2016-12-29T06:38:01.309+0100: 2,729: Total time for which application threads were stopped: 0,0000718 seconds, Stopping threads took: 0,0000145 seconds
2016-12-29T06:38:01.325+0100: 2,745: Total time for which application threads were stopped: 0,0000938 seconds, Stopping threads took: 0,0000300 seconds
2016-12-29T06:38:01.351+0100: 2,771: Total time for which application threads were stopped: 0,0000850 seconds, Stopping threads took: 0,0000226 seconds
2016-12-29T06:38:01.386+0100: 2,807: Total time for which application threads were stopped: 0,0001559 seconds, Stopping threads took: 0,0000295 seconds
2016-12-29T06:38:01.432+0100: 2,852: Total time for which application threads were stopped: 0,0001130 seconds, Stopping threads took: 0,0000215 seconds
2016-12-29T06:38:01.456+0100: 2,876: Total time for which application threads were stopped: 0,0003330 seconds, Stopping threads took: 0,0000265 seconds
2016-12-29T06:38:01.461+0100: 2,882: Total time for which application threads were stopped: 0,0001071 seconds, Stopping threads took: 0,0000287 seconds
{Heap before GC invocations=2 (full 0):
 par new generation   total 109248K, used 98681K [0x00000000e0000000, 0x00000000e8000000, 0x00000000e8000000)
  eden space 87424K, 100% used [0x00000000e0000000, 0x00000000e5560000, 0x00000000e5560000)
  from space 21824K,  51% used [0x00000000e5560000, 0x00000000e605e4b0, 0x00000000e6ab0000)
  to   space 21824K,   0% used [0x00000000e6ab0000, 0x00000000e6ab0000, 0x00000000e8000000)
 concurrent mark-sweep generation total 393216K, used 0K [0x00000000e8000000, 0x0000000100000000, 0x0000000100000000)
 Metaspace       used 24864K, capacity 25220K, committed 25536K, reserved 1071104K
  class space    used 2896K, capacity 3024K, committed 3064K, reserved 1048576K
2016-12-29T06:38:01.471+0100: 2,891: [GC (Allocation Failure) 2016-12-29T06:38:01.471+0100: 2,891: [ParNew
Desired survivor size 20112992 bytes, new threshold 8 (max 8)
- age   1:    6697528 bytes,    6697528 total
- age   2:     548584 bytes,    7246112 total
- age   3:    6085520 bytes,   13331632 total
: 98681K->19058K(109248K), 0,0126352 secs] 98681K->19058K(502464K), 0,0127002 secs] [Times: user=0,04 sys=0,01, real=0,01 secs] 
Heap after GC invocations=3 (full 0):
 par new generation   total 109248K, used 19058K [0x00000000e0000000, 0x00000000e8000000, 0x00000000e8000000)
  eden space 87424K,   0% used [0x00000000e0000000, 0x00000000e0000000, 0x00000000e5560000)
  from space 21824K,  87% used [0x00000000e6ab0000, 0x00000000e7d4cac8, 0x00000000e8000000)
  to   space 21824K,   0% used [0x00000000e5560000, 0x00000000e5560000, 0x00000000e6ab0000)
 concurrent mark-sweep generation total 393216K, used 0K [0x00000000e8000000, 0x0000000100000000, 0x0000000100000000)
 Metaspace       used 24864K, capacity 25220K, committed 25536K, reserved 1071104K
  class space    used 2896K, capacity 3024K, committed 3064K, reserved 1048576K
}
2016-12-29T06:38:01.483+0100: 2,904: Total time for which application threads were stopped: 0,0129535 seconds, Stopping threads took: 0,0000366 seconds
2016-12-29T06:38:01.484+0100: 2,904: [GC (CMS Initial Mark) [1 CMS-initial-mark: 0K(393216K)] 19058K(502464K), 0,0035794 secs] [Times: user=0,01 sys=0,00, real=0,01 secs] 
2016-12-29T06:38:01.487+0100: 2,908: Total time for which application threads were stopped: 0,0038753 seconds, Stopping threads took: 0,0001925 seconds
2016-12-29T06:38:01.487+0100: 2,908: [CMS-concurrent-mark-start]
2016-12-29T06:38:01.488+0100: 2,909: [CMS-concurrent-mark: 0,001/0,001 secs] [Times: user=0,00 sys=0,00, real=0,00 secs] 
2016-12-29T06:38:01.488+0100: 2,909: [CMS-concurrent-preclean-start]
2016-12-29T06:38:01.490+0100: 2,910: [CMS-concurrent-preclean: 0,001/0,001 secs] [Times: user=0,01 sys=0,00, real=0,00 secs] 
2016-12-29T06:38:01.490+0100: 2,910: [GC (CMS Final Remark) [YG occupancy: 20460 K (109248 K)]{Heap before GC invocations=3 (full 1):
 par new generation   total 109248K, used 20460K [0x00000000e0000000, 0x00000000e8000000, 0x00000000e8000000)
  eden space 87424K,   1% used [0x00000000e0000000, 0x00000000e015e918, 0x00000000e5560000)
  from space 21824K,  87% used [0x00000000e6ab0000, 0x00000000e7d4cac8, 0x00000000e8000000)
  to   space 21824K,   0% used [0x00000000e5560000, 0x00000000e5560000, 0x00000000e6ab0000)
 concurrent mark-sweep generation total 393216K, used 0K [0x00000000e8000000, 0x0000000100000000, 0x0000000100000000)
 Metaspace       used 24896K, capacity 25316K, committed 25536K, reserved 1071104K
  class space    used 2899K, capacity 3056K, committed 3064K, reserved 1048576K
2016-12-29T06:38:01.490+0100: 2,910: [GC (CMS Final Remark) 2016-12-29T06:38:01.490+0100: 2,910: [ParNew
Desired survivor size 20112992 bytes, new threshold 8 (max 8)
- age   1:      39272 bytes,      39272 total
- age   2:    3150760 bytes,    3190032 total
- age   3:     548584 bytes,    3738616 total
- age   4:    6085496 bytes,    9824112 total
: 20460K->12505K(109248K), 0,0103532 secs] 20460K->12505K(502464K), 0,0103951 secs] [Times: user=0,03 sys=0,00, real=0,01 secs] 
Heap after GC invocations=4 (full 1):
 par new generation   total 109248K, used 12505K [0x00000000e0000000, 0x00000000e8000000, 0x00000000e8000000)
  eden space 87424K,   0% used [0x00000000e0000000, 0x00000000e0000000, 0x00000000e5560000)
  from space 21824K,  57% used [0x00000000e5560000, 0x00000000e61966c0, 0x00000000e6ab0000)
  to   space 21824K,   0% used [0x00000000e6ab0000, 0x00000000e6ab0000, 0x00000000e8000000)
 concurrent mark-sweep generation total 393216K, used 0K [0x00000000e8000000, 0x0000000100000000, 0x0000000100000000)
 Metaspace       used 24896K, capacity 25316K, committed 25536K, reserved 1071104K
  class space    used 2899K, capacity 3056K, committed 3064K, reserved 1048576K
}
2016-12-29T06:38:01.500+0100: 2,920: [Rescan (parallel) , 0,0036967 secs]2016-12-29T06:38:01.504+0100: 2,924: [weak refs processing, 0,0013228 secs]2016-12-29T06:38:01.505+0100: 2,925: [class unloading, 0,0031457 secs]2016-12-29T06:38:01.508+0100: 2,929: [scrub symbol table, 0,0033828 secs]2016-12-29T06:38:01.512+0100: 2,932: [scrub string table, 0,0004086 secs][1 CMS-remark: 0K(393216K)] 12505K(502464K), 0,0230588 secs] [Times: user=0,05 sys=0,00, real=0,02 secs] 
2016-12-29T06:38:01.513+0100: 2,933: Total time for which application threads were stopped: 0,0231588 seconds, Stopping threads took: 0,0000251 seconds
2016-12-29T06:38:01.513+0100: 2,933: [CMS-concurrent-sweep-start]
2016-12-29T06:38:01.513+0100: 2,933: [CMS-concurrent-sweep: 0,000/0,000 secs] [Times: user=0,00 sys=0,00, real=0,00 secs] 
2016-12-29T06:38:01.513+0100: 2,933: [CMS-concurrent-reset-start]
2016-12-29T06:38:01.515+0100: 2,935: [CMS-concurrent-reset: 0,002/0,002 secs] [Times: user=0,01 sys=0,00, real=0,00 secs] 
2016-12-29T06:38:01.562+0100: 2,982: Total time for which application threads were stopped: 0,0004094 seconds, Stopping threads took: 0,0000403 seconds
2016-12-29T06:38:02.562+0100: 3,982: Total time for which application threads were stopped: 0,0000939 seconds, Stopping threads took: 0,0000176 seconds
2016-12-29T06:38:02.630+0100: 4,050: Total time for which application threads were stopped: 0,0002735 seconds, Stopping threads took: 0,0000157 seconds
2016-12-29T06:38:30.633+0100: 32,054: Total time for which application threads were stopped: 0,0000569 seconds, Stopping threads took: 0,0000149 seconds
2016-12-29T06:40:45.650+0100: 167,070: Total time for which application threads were stopped: 0,0000807 seconds, Stopping threads took: 0,0000312 seconds
2016-12-29T06:40:59.651+0100: 181,072: Total time for which application threads were stopped: 0,0001122 seconds, Stopping threads took: 0,0000294 seconds
2016-12-29T06:41:40.656+0100: 222,077: Total time for which application threads were stopped: 0,0000930 seconds, Stopping threads took: 0,0000395 seconds
2016-12-29T06:42:19.660+0100: 261,081: Total time for which application threads were stopped: 0,0000817 seconds, Stopping threads took: 0,0000312 seconds
2016-12-29T06:42:24.661+0100: 266,081: Total time for which application threads were stopped: 0,0000643 seconds, Stopping threads took: 0,0000177 seconds
2016-12-29T06:42:29.662+0100: 271,082: Total time for which application threads were stopped: 0,0000813 seconds, Stopping threads took: 0,0000181 seconds
2016-12-29T06:42:34.662+0100: 276,083: Total time for which application threads were stopped: 0,0004280 seconds, Stopping threads took: 0,0001653 seconds
2016-12-29T06:42:45.664+0100: 287,084: Total time for which application threads were stopped: 0,0000782 seconds, Stopping threads took: 0,0000209 seconds
2016-12-29T06:43:09.666+0100: 311,086: Total time for which application threads were stopped: 0,0000743 seconds, Stopping threads took: 0,0000305 seconds
2016-12-29T07:01:39.803+0100: 1421,224: Total time for which application threads were stopped: 0,0000909 seconds, Stopping threads took: 0,0000311 seconds
2016-12-29T07:05:25.834+0100: 1647,254: Total time for which application threads were stopped: 0,0004069 seconds, Stopping threads took: 0,0001911 seconds
2016-12-29T07:06:19.840+0100: 1701,261: Total time for which application threads were stopped: 0,0002192 seconds, Stopping threads took: 0,0001270 seconds
2016-12-29T07:16:39.914+0100: 2321,334: Total time for which application threads were stopped: 0,0000807 seconds, Stopping threads took: 0,0000320 seconds
2016-12-29T07:16:40.914+0100: 2322,334: Total time for which application threads were stopped: 0,0000628 seconds, Stopping threads took: 0,0000141 seconds
2016-12-29T07:31:16.016+0100: 3197,437: Total time for which application threads were stopped: 0,0001555 seconds, Stopping threads took: 0,0000616 seconds
2016-12-29T07:42:05.093+0100: 3846,514: Total time for which application threads were stopped: 0,0000761 seconds, Stopping threads took: 0,0000292 seconds
2016-12-29T07:45:00.113+0100: 4021,534: Total time for which application threads were stopped: 0,0004890 seconds, Stopping threads took: 0,0001724 seconds
2016-12-29T07:46:25.124+0100: 4106,544: Total time for which application threads were stopped: 0,0001048 seconds, Stopping threads took: 0,0000420 seconds
2016-12-29T07:46:25.159+0100: 4106,579: Total time for which application threads were stopped: 0,0001379 seconds, Stopping threads took: 0,0000304 seconds
Heap
 par new generation   total 109248K, used 56072K [0x00000000e0000000, 0x00000000e8000000, 0x00000000e8000000)
  eden space 87424K,  49% used [0x00000000e0000000, 0x00000000e2a8ba28, 0x00000000e5560000)
  from space 21824K,  57% used [0x00000000e5560000, 0x00000000e61966c0, 0x00000000e6ab0000)
  to   space 21824K,   0% used [0x00000000e6ab0000, 0x00000000e6ab0000, 0x00000000e8000000)
 concurrent mark-sweep generation total 393216K, used 0K [0x00000000e8000000, 0x0000000100000000, 0x0000000100000000)
 Metaspace       used 27249K, capacity 27728K, committed 27840K, reserved 1073152K
  class space    used 3167K, capacity 3320K, committed 3320K, reserved 1048576K
