OpenJDK 64-Bit Server VM (25.91-b14) for linux-amd64 JRE (1.8.0_91-8u91-b14-3ubuntu1~16.04.1-b14), built on Jul 21 2016 04:13:34 by "buildd" with gcc 5.3.1 20160413
Memory: 4k page, physical 7867876k(7533096k free), swap 8076284k(8076284k free)
CommandLine flags: -XX:CMSInitiatingOccupancyFraction=50 -XX:CMSMaxAbortablePrecleanTime=6000 -XX:+CMSParallelRemarkEnabled -XX:+CMSScavengeBeforeRemark -XX:ConcGCThreads=4 -XX:InitialHeapSize=536870912 -XX:MaxHeapSize=536870912 -XX:MaxTenuringThreshold=8 -XX:NewRatio=3 -XX:OldPLABSize=16 -XX:OnOutOfMemoryError=/opt/solr/bin/oom_solr.sh 8983 /var/solr/logs -XX:ParallelGCThreads=4 -XX:+ParallelRefProcEnabled -XX:PretenureSizeThreshold=67108864 -XX:+PrintGC -XX:+PrintGCApplicationStoppedTime -XX:+PrintGCDateStamps -XX:+PrintGCDetails -XX:+PrintGCTimeStamps -XX:+PrintHeapAtGC -XX:+PrintTenuringDistribution -XX:SurvivorRatio=4 -XX:TargetSurvivorRatio=90 -XX:ThreadStackSize=256 -XX:+UseCMSInitiatingOccupancyOnly -XX:+UseCompressedClassPointers -XX:+UseCompressedOops -XX:+UseConcMarkSweepGC -XX:+UseParNewGC 
2016-11-01T17:10:09.854+0100: 0,110: Total time for which application threads were stopped: 0,0000866 seconds, Stopping threads took: 0,0000330 seconds
2016-11-01T17:10:09.920+0100: 0,177: Total time for which application threads were stopped: 0,0001209 seconds, Stopping threads took: 0,0000158 seconds
2016-11-01T17:10:09.932+0100: 0,188: Total time for which application threads were stopped: 0,0001314 seconds, Stopping threads took: 0,0000715 seconds
2016-11-01T17:10:10.047+0100: 0,303: Total time for which application threads were stopped: 0,0001200 seconds, Stopping threads took: 0,0000168 seconds
2016-11-01T17:10:10.194+0100: 0,450: Total time for which application threads were stopped: 0,0001281 seconds, Stopping threads took: 0,0000138 seconds
2016-11-01T17:10:10.233+0100: 0,489: Total time for which application threads were stopped: 0,0001374 seconds, Stopping threads took: 0,0000216 seconds
2016-11-01T17:10:10.244+0100: 0,500: Total time for which application threads were stopped: 0,0001622 seconds, Stopping threads took: 0,0000270 seconds
2016-11-01T17:10:10.416+0100: 0,672: Total time for which application threads were stopped: 0,0001725 seconds, Stopping threads took: 0,0000193 seconds
2016-11-01T17:10:10.559+0100: 0,816: Total time for which application threads were stopped: 0,0001882 seconds, Stopping threads took: 0,0000159 seconds
2016-11-01T17:10:10.634+0100: 0,890: Total time for which application threads were stopped: 0,0001844 seconds, Stopping threads took: 0,0000164 seconds
2016-11-01T17:10:10.634+0100: 0,890: Total time for which application threads were stopped: 0,0001099 seconds, Stopping threads took: 0,0000199 seconds
2016-11-01T17:10:10.645+0100: 0,901: Total time for which application threads were stopped: 0,0001784 seconds, Stopping threads took: 0,0000215 seconds
2016-11-01T17:10:10.717+0100: 0,973: Total time for which application threads were stopped: 0,0002368 seconds, Stopping threads took: 0,0000212 seconds
2016-11-01T17:10:10.827+0100: 1,083: Total time for which application threads were stopped: 0,0002648 seconds, Stopping threads took: 0,0000171 seconds
{Heap before GC invocations=0 (full 0):
 par new generation   total 109248K, used 87424K [0x00000000e0000000, 0x00000000e8000000, 0x00000000e8000000)
  eden space 87424K, 100% used [0x00000000e0000000, 0x00000000e5560000, 0x00000000e5560000)
  from space 21824K,   0% used [0x00000000e5560000, 0x00000000e5560000, 0x00000000e6ab0000)
  to   space 21824K,   0% used [0x00000000e6ab0000, 0x00000000e6ab0000, 0x00000000e8000000)
 concurrent mark-sweep generation total 393216K, used 0K [0x00000000e8000000, 0x0000000100000000, 0x0000000100000000)
 Metaspace       used 18327K, capacity 18662K, committed 18944K, reserved 1067008K
  class space    used 2084K, capacity 2196K, committed 2304K, reserved 1048576K
2016-11-01T17:10:10.926+0100: 1,182: [GC (Allocation Failure) 2016-11-01T17:10:10.926+0100: 1,182: [ParNew
Desired survivor size 20112992 bytes, new threshold 8 (max 8)
- age   1:   12245328 bytes,   12245328 total
: 87424K->12071K(109248K), 0,0174823 secs] 87424K->12071K(502464K), 0,0175676 secs] [Times: user=0,05 sys=0,02, real=0,02 secs] 
Heap after GC invocations=1 (full 0):
 par new generation   total 109248K, used 12071K [0x00000000e0000000, 0x00000000e8000000, 0x00000000e8000000)
  eden space 87424K,   0% used [0x00000000e0000000, 0x00000000e0000000, 0x00000000e5560000)
  from space 21824K,  55% used [0x00000000e6ab0000, 0x00000000e7679dd0, 0x00000000e8000000)
  to   space 21824K,   0% used [0x00000000e5560000, 0x00000000e5560000, 0x00000000e6ab0000)
 concurrent mark-sweep generation total 393216K, used 0K [0x00000000e8000000, 0x0000000100000000, 0x0000000100000000)
 Metaspace       used 18327K, capacity 18662K, committed 18944K, reserved 1067008K
  class space    used 2084K, capacity 2196K, committed 2304K, reserved 1048576K
}
2016-11-01T17:10:10.944+0100: 1,200: Total time for which application threads were stopped: 0,0177492 seconds, Stopping threads took: 0,0000200 seconds
2016-11-01T17:10:11.116+0100: 1,372: Total time for which application threads were stopped: 0,0004396 seconds, Stopping threads took: 0,0000482 seconds
2016-11-01T17:10:11.157+0100: 1,413: Total time for which application threads were stopped: 0,0003334 seconds, Stopping threads took: 0,0000394 seconds
2016-11-01T17:10:11.185+0100: 1,441: Total time for which application threads were stopped: 0,0003599 seconds, Stopping threads took: 0,0000370 seconds
{Heap before GC invocations=1 (full 0):
 par new generation   total 109248K, used 99495K [0x00000000e0000000, 0x00000000e8000000, 0x00000000e8000000)
  eden space 87424K, 100% used [0x00000000e0000000, 0x00000000e5560000, 0x00000000e5560000)
  from space 21824K,  55% used [0x00000000e6ab0000, 0x00000000e7679dd0, 0x00000000e8000000)
  to   space 21824K,   0% used [0x00000000e5560000, 0x00000000e5560000, 0x00000000e6ab0000)
 concurrent mark-sweep generation total 393216K, used 0K [0x00000000e8000000, 0x0000000100000000, 0x0000000100000000)
 Metaspace       used 20675K, capacity 21026K, committed 21248K, reserved 1069056K
  class space    used 2401K, capacity 2519K, committed 2560K, reserved 1048576K
2016-11-01T17:10:11.373+0100: 1,629: [GC (Allocation Failure) 2016-11-01T17:10:11.373+0100: 1,629: [ParNew
Desired survivor size 20112992 bytes, new threshold 8 (max 8)
- age   1:    2706280 bytes,    2706280 total
- age   2:    5991424 bytes,    8697704 total
: 99495K->11098K(109248K), 0,0203105 secs] 99495K->11098K(502464K), 0,0204213 secs] [Times: user=0,06 sys=0,00, real=0,02 secs] 
Heap after GC invocations=2 (full 0):
 par new generation   total 109248K, used 11098K [0x00000000e0000000, 0x00000000e8000000, 0x00000000e8000000)
  eden space 87424K,   0% used [0x00000000e0000000, 0x00000000e0000000, 0x00000000e5560000)
  from space 21824K,  50% used [0x00000000e5560000, 0x00000000e60369a0, 0x00000000e6ab0000)
  to   space 21824K,   0% used [0x00000000e6ab0000, 0x00000000e6ab0000, 0x00000000e8000000)
 concurrent mark-sweep generation total 393216K, used 0K [0x00000000e8000000, 0x0000000100000000, 0x0000000100000000)
 Metaspace       used 20675K, capacity 21026K, committed 21248K, reserved 1069056K
  class space    used 2401K, capacity 2519K, committed 2560K, reserved 1048576K
}
2016-11-01T17:10:11.393+0100: 1,649: Total time for which application threads were stopped: 0,0206610 seconds, Stopping threads took: 0,0000282 seconds
2016-11-01T17:10:11.482+0100: 1,738: Total time for which application threads were stopped: 0,0000899 seconds, Stopping threads took: 0,0000145 seconds
2016-11-01T17:10:11.507+0100: 1,763: Total time for which application threads were stopped: 0,0008276 seconds, Stopping threads took: 0,0000274 seconds
2016-11-01T17:10:11.520+0100: 1,776: Total time for which application threads were stopped: 0,0000988 seconds, Stopping threads took: 0,0000261 seconds
2016-11-01T17:10:11.577+0100: 1,833: Total time for which application threads were stopped: 0,0000953 seconds, Stopping threads took: 0,0000162 seconds
2016-11-01T17:10:11.615+0100: 1,871: Total time for which application threads were stopped: 0,0000977 seconds, Stopping threads took: 0,0000280 seconds
2016-11-01T17:10:11.659+0100: 1,915: Total time for which application threads were stopped: 0,0000841 seconds, Stopping threads took: 0,0000155 seconds
2016-11-01T17:10:11.662+0100: 1,918: Total time for which application threads were stopped: 0,0002603 seconds, Stopping threads took: 0,0000122 seconds
2016-11-01T17:10:11.712+0100: 1,968: Total time for which application threads were stopped: 0,0000989 seconds, Stopping threads took: 0,0000182 seconds
2016-11-01T17:10:11.749+0100: 2,005: Total time for which application threads were stopped: 0,0001373 seconds, Stopping threads took: 0,0000182 seconds
2016-11-01T17:10:11.845+0100: 2,101: Total time for which application threads were stopped: 0,0001200 seconds, Stopping threads took: 0,0000353 seconds
2016-11-01T17:10:11.897+0100: 2,153: Total time for which application threads were stopped: 0,0001221 seconds, Stopping threads took: 0,0000323 seconds
2016-11-01T17:10:11.976+0100: 2,232: Total time for which application threads were stopped: 0,0001564 seconds, Stopping threads took: 0,0000391 seconds
2016-11-01T17:10:12.101+0100: 2,357: Total time for which application threads were stopped: 0,0001725 seconds, Stopping threads took: 0,0000421 seconds
2016-11-01T17:10:12.188+0100: 2,444: Total time for which application threads were stopped: 0,0002147 seconds, Stopping threads took: 0,0001418 seconds
2016-11-01T17:10:12.234+0100: 2,490: Total time for which application threads were stopped: 0,0000917 seconds, Stopping threads took: 0,0000249 seconds
2016-11-01T17:10:12.273+0100: 2,529: Total time for which application threads were stopped: 0,0001185 seconds, Stopping threads took: 0,0000352 seconds
2016-11-01T17:10:12.307+0100: 2,563: Total time for which application threads were stopped: 0,0001169 seconds, Stopping threads took: 0,0000331 seconds
2016-11-01T17:10:12.340+0100: 2,596: Total time for which application threads were stopped: 0,0001074 seconds, Stopping threads took: 0,0000353 seconds
2016-11-01T17:10:12.374+0100: 2,630: Total time for which application threads were stopped: 0,0001491 seconds, Stopping threads took: 0,0000359 seconds
2016-11-01T17:10:12.481+0100: 2,737: Total time for which application threads were stopped: 0,0001406 seconds, Stopping threads took: 0,0000417 seconds
2016-11-01T17:10:12.496+0100: 2,752: Total time for which application threads were stopped: 0,0029945 seconds, Stopping threads took: 0,0029005 seconds
{Heap before GC invocations=2 (full 0):
 par new generation   total 109248K, used 98522K [0x00000000e0000000, 0x00000000e8000000, 0x00000000e8000000)
  eden space 87424K, 100% used [0x00000000e0000000, 0x00000000e5560000, 0x00000000e5560000)
  from space 21824K,  50% used [0x00000000e5560000, 0x00000000e60369a0, 0x00000000e6ab0000)
  to   space 21824K,   0% used [0x00000000e6ab0000, 0x00000000e6ab0000, 0x00000000e8000000)
 concurrent mark-sweep generation total 393216K, used 0K [0x00000000e8000000, 0x0000000100000000, 0x0000000100000000)
 Metaspace       used 26581K, capacity 26980K, committed 27196K, reserved 1073152K
  class space    used 3092K, capacity 3222K, committed 3244K, reserved 1048576K
2016-11-01T17:10:12.530+0100: 2,786: [GC (Allocation Failure) 2016-11-01T17:10:12.530+0100: 2,786: [ParNew
Desired survivor size 20112992 bytes, new threshold 8 (max 8)
- age   1:    8606800 bytes,    8606800 total
- age   2:     515480 bytes,    9122280 total
- age   3:    5980696 bytes,   15102976 total
: 98522K->17878K(109248K), 0,0236050 secs] 98522K->17878K(502464K), 0,0236685 secs] [Times: user=0,07 sys=0,01, real=0,02 secs] 
Heap after GC invocations=3 (full 0):
 par new generation   total 109248K, used 17878K [0x00000000e0000000, 0x00000000e8000000, 0x00000000e8000000)
  eden space 87424K,   0% used [0x00000000e0000000, 0x00000000e0000000, 0x00000000e5560000)
  from space 21824K,  81% used [0x00000000e6ab0000, 0x00000000e7c25930, 0x00000000e8000000)
  to   space 21824K,   0% used [0x00000000e5560000, 0x00000000e5560000, 0x00000000e6ab0000)
 concurrent mark-sweep generation total 393216K, used 0K [0x00000000e8000000, 0x0000000100000000, 0x0000000100000000)
 Metaspace       used 26581K, capacity 26980K, committed 27196K, reserved 1073152K
  class space    used 3092K, capacity 3222K, committed 3244K, reserved 1048576K
}
2016-11-01T17:10:12.553+0100: 2,809: Total time for which application threads were stopped: 0,0239259 seconds, Stopping threads took: 0,0000483 seconds
2016-11-01T17:10:12.556+0100: 2,812: [GC (CMS Initial Mark) [1 CMS-initial-mark: 0K(393216K)] 18117K(502464K), 0,0077597 secs] [Times: user=0,02 sys=0,00, real=0,01 secs] 
2016-11-01T17:10:12.564+0100: 2,820: Total time for which application threads were stopped: 0,0080289 seconds, Stopping threads took: 0,0001486 seconds
2016-11-01T17:10:12.566+0100: 2,822: [CMS-concurrent-mark-start]
2016-11-01T17:10:12.568+0100: 2,824: [CMS-concurrent-mark: 0,002/0,002 secs] [Times: user=0,00 sys=0,00, real=0,01 secs] 
2016-11-01T17:10:12.568+0100: 2,824: [CMS-concurrent-preclean-start]
2016-11-01T17:10:12.569+0100: 2,825: [CMS-concurrent-preclean: 0,001/0,001 secs] [Times: user=0,01 sys=0,00, real=0,00 secs] 
2016-11-01T17:10:12.569+0100: 2,825: [CMS-concurrent-abortable-preclean-start]
2016-11-01T17:10:12.593+0100: 2,849: Total time for which application threads were stopped: 0,0001005 seconds, Stopping threads took: 0,0000227 seconds
2016-11-01T17:10:13.593+0100: 3,849: Total time for which application threads were stopped: 0,0000612 seconds, Stopping threads took: 0,0000209 seconds
2016-11-01T17:10:13.791+0100: 4,047: Total time for which application threads were stopped: 0,0002753 seconds, Stopping threads took: 0,0000155 seconds
2016-11-01T17:10:15.791+0100: 6,047: Total time for which application threads were stopped: 0,0000779 seconds, Stopping threads took: 0,0000202 seconds
 CMS: abort preclean due to time 2016-11-01T17:10:18.655+0100: 8,911: [CMS-concurrent-abortable-preclean: 2,738/6,086 secs] [Times: user=3,83 sys=0,03, real=6,08 secs] 
2016-11-01T17:10:18.655+0100: 8,911: [GC (CMS Final Remark) [YG occupancy: 27410 K (109248 K)]{Heap before GC invocations=3 (full 1):
 par new generation   total 109248K, used 27410K [0x00000000e0000000, 0x00000000e8000000, 0x00000000e8000000)
  eden space 87424K,  10% used [0x00000000e0000000, 0x00000000e094f048, 0x00000000e5560000)
  from space 21824K,  81% used [0x00000000e6ab0000, 0x00000000e7c25930, 0x00000000e8000000)
  to   space 21824K,   0% used [0x00000000e5560000, 0x00000000e5560000, 0x00000000e6ab0000)
 concurrent mark-sweep generation total 393216K, used 0K [0x00000000e8000000, 0x0000000100000000, 0x0000000100000000)
 Metaspace       used 26895K, capacity 27300K, committed 27528K, reserved 1073152K
  class space    used 3138K, capacity 3286K, committed 3320K, reserved 1048576K
2016-11-01T17:10:18.655+0100: 8,911: [GC (CMS Final Remark) 2016-11-01T17:10:18.655+0100: 8,911: [ParNew
Desired survivor size 20112992 bytes, new threshold 8 (max 8)
- age   1:    2511000 bytes,    2511000 total
- age   2:    3376936 bytes,    5887936 total
- age   3:     515224 bytes,    6403160 total
- age   4:    5947312 bytes,   12350472 total
: 27410K->18192K(109248K), 0,0184881 secs] 27410K->18192K(502464K), 0,0186456 secs] [Times: user=0,06 sys=0,00, real=0,02 secs] 
Heap after GC invocations=4 (full 1):
 par new generation   total 109248K, used 18192K [0x00000000e0000000, 0x00000000e8000000, 0x00000000e8000000)
  eden space 87424K,   0% used [0x00000000e0000000, 0x00000000e0000000, 0x00000000e5560000)
  from space 21824K,  83% used [0x00000000e5560000, 0x00000000e6724300, 0x00000000e6ab0000)
  to   space 21824K,   0% used [0x00000000e6ab0000, 0x00000000e6ab0000, 0x00000000e8000000)
 concurrent mark-sweep generation total 393216K, used 0K [0x00000000e8000000, 0x0000000100000000, 0x0000000100000000)
 Metaspace       used 26895K, capacity 27300K, committed 27528K, reserved 1073152K
  class space    used 3138K, capacity 3286K, committed 3320K, reserved 1048576K
}
2016-11-01T17:10:18.674+0100: 8,930: [Rescan (parallel) , 0,0081107 secs]2016-11-01T17:10:18.682+0100: 8,938: [weak refs processing, 0,0013096 secs]2016-11-01T17:10:18.684+0100: 8,940: [class unloading, 0,0093171 secs]2016-11-01T17:10:18.693+0100: 8,949: [scrub symbol table, 0,0088517 secs]2016-11-01T17:10:18.702+0100: 8,958: [scrub string table, 0,0005643 secs][1 CMS-remark: 0K(393216K)] 18192K(502464K), 0,0479647 secs] [Times: user=0,11 sys=0,00, real=0,05 secs] 
2016-11-01T17:10:18.703+0100: 8,959: Total time for which application threads were stopped: 0,0480481 seconds, Stopping threads took: 0,0000173 seconds
2016-11-01T17:10:18.704+0100: 8,960: [CMS-concurrent-sweep-start]
2016-11-01T17:10:18.704+0100: 8,960: [CMS-concurrent-sweep: 0,000/0,000 secs] [Times: user=0,00 sys=0,00, real=0,00 secs] 
2016-11-01T17:10:18.704+0100: 8,960: [CMS-concurrent-reset-start]
2016-11-01T17:10:18.705+0100: 8,961: [CMS-concurrent-reset: 0,002/0,002 secs] [Times: user=0,00 sys=0,00, real=0,00 secs] 
