OpenJDK 64-Bit Server VM (25.111-b14) for linux-amd64 JRE (1.8.0_111-8u111-b14-2ubuntu0.16.04.2-b14), built on Oct 27 2016 18:10:19 by "buildd" with gcc 5.4.0 20160609
Memory: 4k page, physical 7867800k(7505784k free), swap 8076284k(8076284k free)
CommandLine flags: -XX:CMSInitiatingOccupancyFraction=50 -XX:CMSMaxAbortablePrecleanTime=6000 -XX:+CMSParallelRemarkEnabled -XX:+CMSScavengeBeforeRemark -XX:ConcGCThreads=4 -XX:InitialHeapSize=536870912 -XX:MaxHeapSize=536870912 -XX:MaxTenuringThreshold=8 -XX:NewRatio=3 -XX:OldPLABSize=16 -XX:OnOutOfMemoryError=/opt/solr/bin/oom_solr.sh 8983 /var/solr/logs -XX:ParallelGCThreads=4 -XX:+ParallelRefProcEnabled -XX:PretenureSizeThreshold=67108864 -XX:+PrintGC -XX:+PrintGCApplicationStoppedTime -XX:+PrintGCDateStamps -XX:+PrintGCDetails -XX:+PrintGCTimeStamps -XX:+PrintHeapAtGC -XX:+PrintTenuringDistribution -XX:SurvivorRatio=4 -XX:TargetSurvivorRatio=90 -XX:ThreadStackSize=256 -XX:+UseCMSInitiatingOccupancyOnly -XX:+UseCompressedClassPointers -XX:+UseCompressedOops -XX:+UseConcMarkSweepGC -XX:+UseParNewGC 
2017-01-21T10:16:18.509+0100: 0,121: Total time for which application threads were stopped: 0,0000638 seconds, Stopping threads took: 0,0000124 seconds
2017-01-21T10:16:18.579+0100: 0,191: Total time for which application threads were stopped: 0,0003422 seconds, Stopping threads took: 0,0000273 seconds
2017-01-21T10:16:18.589+0100: 0,202: Total time for which application threads were stopped: 0,0001103 seconds, Stopping threads took: 0,0000428 seconds
2017-01-21T10:16:18.789+0100: 0,401: Total time for which application threads were stopped: 0,0001116 seconds, Stopping threads took: 0,0000191 seconds
2017-01-21T10:16:19.298+0100: 0,911: Total time for which application threads were stopped: 0,0001620 seconds, Stopping threads took: 0,0000239 seconds
2017-01-21T10:16:19.421+0100: 1,034: Total time for which application threads were stopped: 0,0001965 seconds, Stopping threads took: 0,0000158 seconds
2017-01-21T10:16:19.454+0100: 1,067: Total time for which application threads were stopped: 0,0001770 seconds, Stopping threads took: 0,0000483 seconds
2017-01-21T10:16:19.677+0100: 1,289: Total time for which application threads were stopped: 0,0001987 seconds, Stopping threads took: 0,0000210 seconds
2017-01-21T10:16:19.898+0100: 1,510: Total time for which application threads were stopped: 0,0008220 seconds, Stopping threads took: 0,0000704 seconds
2017-01-21T10:16:19.920+0100: 1,532: Total time for which application threads were stopped: 0,0001731 seconds, Stopping threads took: 0,0000167 seconds
2017-01-21T10:16:19.921+0100: 1,533: Total time for which application threads were stopped: 0,0001174 seconds, Stopping threads took: 0,0000080 seconds
2017-01-21T10:16:19.936+0100: 1,548: Total time for which application threads were stopped: 0,0001522 seconds, Stopping threads took: 0,0000106 seconds
2017-01-21T10:16:20.038+0100: 1,651: Total time for which application threads were stopped: 0,0002052 seconds, Stopping threads took: 0,0000194 seconds
2017-01-21T10:16:20.208+0100: 1,820: Total time for which application threads were stopped: 0,0003496 seconds, Stopping threads took: 0,0001503 seconds
{Heap before GC invocations=0 (full 0):
 par new generation   total 109248K, used 87424K [0x00000000e0000000, 0x00000000e8000000, 0x00000000e8000000)
  eden space 87424K, 100% used [0x00000000e0000000, 0x00000000e5560000, 0x00000000e5560000)
  from space 21824K,   0% used [0x00000000e5560000, 0x00000000e5560000, 0x00000000e6ab0000)
  to   space 21824K,   0% used [0x00000000e6ab0000, 0x00000000e6ab0000, 0x00000000e8000000)
 concurrent mark-sweep generation total 393216K, used 0K [0x00000000e8000000, 0x0000000100000000, 0x0000000100000000)
 Metaspace       used 18084K, capacity 18366K, committed 18560K, reserved 1064960K
  class space    used 2053K, capacity 2162K, committed 2176K, reserved 1048576K
2017-01-21T10:16:20.319+0100: 1,931: [GC (Allocation Failure) 2017-01-21T10:16:20.319+0100: 1,931: [ParNew
Desired survivor size 20112992 bytes, new threshold 8 (max 8)
- age   1:   12330472 bytes,   12330472 total
: 87424K->12156K(109248K), 0,0152353 secs] 87424K->12156K(502464K), 0,0153264 secs] [Times: user=0,04 sys=0,01, real=0,01 secs] 
Heap after GC invocations=1 (full 0):
 par new generation   total 109248K, used 12156K [0x00000000e0000000, 0x00000000e8000000, 0x00000000e8000000)
  eden space 87424K,   0% used [0x00000000e0000000, 0x00000000e0000000, 0x00000000e5560000)
  from space 21824K,  55% used [0x00000000e6ab0000, 0x00000000e768f188, 0x00000000e8000000)
  to   space 21824K,   0% used [0x00000000e5560000, 0x00000000e5560000, 0x00000000e6ab0000)
 concurrent mark-sweep generation total 393216K, used 0K [0x00000000e8000000, 0x0000000100000000, 0x0000000100000000)
 Metaspace       used 18084K, capacity 18366K, committed 18560K, reserved 1064960K
  class space    used 2053K, capacity 2162K, committed 2176K, reserved 1048576K
}
2017-01-21T10:16:20.334+0100: 1,947: Total time for which application threads were stopped: 0,0155277 seconds, Stopping threads took: 0,0000196 seconds
2017-01-21T10:16:20.500+0100: 2,112: Total time for which application threads were stopped: 0,0004008 seconds, Stopping threads took: 0,0000355 seconds
2017-01-21T10:16:20.534+0100: 2,147: Total time for which application threads were stopped: 0,0003291 seconds, Stopping threads took: 0,0000393 seconds
2017-01-21T10:16:20.563+0100: 2,175: Total time for which application threads were stopped: 0,0003848 seconds, Stopping threads took: 0,0000491 seconds
{Heap before GC invocations=1 (full 0):
 par new generation   total 109248K, used 99580K [0x00000000e0000000, 0x00000000e8000000, 0x00000000e8000000)
  eden space 87424K, 100% used [0x00000000e0000000, 0x00000000e5560000, 0x00000000e5560000)
  from space 21824K,  55% used [0x00000000e6ab0000, 0x00000000e768f188, 0x00000000e8000000)
  to   space 21824K,   0% used [0x00000000e5560000, 0x00000000e5560000, 0x00000000e6ab0000)
 concurrent mark-sweep generation total 393216K, used 0K [0x00000000e8000000, 0x0000000100000000, 0x0000000100000000)
 Metaspace       used 20725K, capacity 21020K, committed 21248K, reserved 1069056K
  class space    used 2404K, capacity 2518K, committed 2560K, reserved 1048576K
2017-01-21T10:16:20.728+0100: 2,340: [GC (Allocation Failure) 2017-01-21T10:16:20.728+0100: 2,340: [ParNew
Desired survivor size 20112992 bytes, new threshold 8 (max 8)
- age   1:    2928248 bytes,    2928248 total
- age   2:    6110848 bytes,    9039096 total
: 99580K->11275K(109248K), 0,0093865 secs] 99580K->11275K(502464K), 0,0094487 secs] [Times: user=0,04 sys=0,00, real=0,01 secs] 
Heap after GC invocations=2 (full 0):
 par new generation   total 109248K, used 11275K [0x00000000e0000000, 0x00000000e8000000, 0x00000000e8000000)
  eden space 87424K,   0% used [0x00000000e0000000, 0x00000000e0000000, 0x00000000e5560000)
  from space 21824K,  51% used [0x00000000e5560000, 0x00000000e6062ec0, 0x00000000e6ab0000)
  to   space 21824K,   0% used [0x00000000e6ab0000, 0x00000000e6ab0000, 0x00000000e8000000)
 concurrent mark-sweep generation total 393216K, used 0K [0x00000000e8000000, 0x0000000100000000, 0x0000000100000000)
 Metaspace       used 20725K, capacity 21020K, committed 21248K, reserved 1069056K
  class space    used 2404K, capacity 2518K, committed 2560K, reserved 1048576K
}
2017-01-21T10:16:20.737+0100: 2,350: Total time for which application threads were stopped: 0,0096679 seconds, Stopping threads took: 0,0000614 seconds
2017-01-21T10:16:20.794+0100: 2,406: Total time for which application threads were stopped: 0,0000836 seconds, Stopping threads took: 0,0000221 seconds
2017-01-21T10:16:20.823+0100: 2,435: Total time for which application threads were stopped: 0,0002637 seconds, Stopping threads took: 0,0000157 seconds
2017-01-21T10:16:20.824+0100: 2,436: Total time for which application threads were stopped: 0,0000733 seconds, Stopping threads took: 0,0000183 seconds
2017-01-21T10:16:20.848+0100: 2,460: Total time for which application threads were stopped: 0,0001699 seconds, Stopping threads took: 0,0000947 seconds
2017-01-21T10:16:20.925+0100: 2,537: Total time for which application threads were stopped: 0,0001184 seconds, Stopping threads took: 0,0000205 seconds
2017-01-21T10:16:20.943+0100: 2,556: Total time for which application threads were stopped: 0,0000709 seconds, Stopping threads took: 0,0000219 seconds
2017-01-21T10:16:20.950+0100: 2,562: Total time for which application threads were stopped: 0,0002865 seconds, Stopping threads took: 0,0000195 seconds
2017-01-21T10:16:20.957+0100: 2,569: Total time for which application threads were stopped: 0,0002828 seconds, Stopping threads took: 0,0000225 seconds
2017-01-21T10:16:20.967+0100: 2,579: Total time for which application threads were stopped: 0,0000766 seconds, Stopping threads took: 0,0000183 seconds
2017-01-21T10:16:21.011+0100: 2,623: Total time for which application threads were stopped: 0,0000692 seconds, Stopping threads took: 0,0000138 seconds
2017-01-21T10:16:21.023+0100: 2,635: Total time for which application threads were stopped: 0,0000854 seconds, Stopping threads took: 0,0000204 seconds
2017-01-21T10:16:21.040+0100: 2,652: Total time for which application threads were stopped: 0,0000727 seconds, Stopping threads took: 0,0000127 seconds
2017-01-21T10:16:21.062+0100: 2,674: Total time for which application threads were stopped: 0,0000725 seconds, Stopping threads took: 0,0000126 seconds
2017-01-21T10:16:21.091+0100: 2,703: Total time for which application threads were stopped: 0,0001381 seconds, Stopping threads took: 0,0000475 seconds
2017-01-21T10:16:21.147+0100: 2,760: Total time for which application threads were stopped: 0,0000905 seconds, Stopping threads took: 0,0000237 seconds
2017-01-21T10:16:21.178+0100: 2,790: Total time for which application threads were stopped: 0,0001011 seconds, Stopping threads took: 0,0000286 seconds
2017-01-21T10:16:21.178+0100: 2,790: Total time for which application threads were stopped: 0,0000538 seconds, Stopping threads took: 0,0000257 seconds
{Heap before GC invocations=2 (full 0):
 par new generation   total 109248K, used 98699K [0x00000000e0000000, 0x00000000e8000000, 0x00000000e8000000)
  eden space 87424K, 100% used [0x00000000e0000000, 0x00000000e5560000, 0x00000000e5560000)
  from space 21824K,  51% used [0x00000000e5560000, 0x00000000e6062ec0, 0x00000000e6ab0000)
  to   space 21824K,   0% used [0x00000000e6ab0000, 0x00000000e6ab0000, 0x00000000e8000000)
 concurrent mark-sweep generation total 393216K, used 0K [0x00000000e8000000, 0x0000000100000000, 0x0000000100000000)
 Metaspace       used 24830K, capacity 25220K, committed 25536K, reserved 1071104K
  class space    used 2898K, capacity 3024K, committed 3040K, reserved 1048576K
2017-01-21T10:16:21.181+0100: 2,794: [GC (Allocation Failure) 2017-01-21T10:16:21.181+0100: 2,794: [ParNew
Desired survivor size 20112992 bytes, new threshold 8 (max 8)
- age   1:    6711216 bytes,    6711216 total
- age   2:     550672 bytes,    7261888 total
- age   3:    6093656 bytes,   13355544 total
: 98699K->16999K(109248K), 0,0115390 secs] 98699K->16999K(502464K), 0,0115953 secs] [Times: user=0,04 sys=0,00, real=0,01 secs] 
Heap after GC invocations=3 (full 0):
 par new generation   total 109248K, used 16999K [0x00000000e0000000, 0x00000000e8000000, 0x00000000e8000000)
  eden space 87424K,   0% used [0x00000000e0000000, 0x00000000e0000000, 0x00000000e5560000)
  from space 21824K,  77% used [0x00000000e6ab0000, 0x00000000e7b49dc0, 0x00000000e8000000)
  to   space 21824K,   0% used [0x00000000e5560000, 0x00000000e5560000, 0x00000000e6ab0000)
 concurrent mark-sweep generation total 393216K, used 0K [0x00000000e8000000, 0x0000000100000000, 0x0000000100000000)
 Metaspace       used 24830K, capacity 25220K, committed 25536K, reserved 1071104K
  class space    used 2898K, capacity 3024K, committed 3040K, reserved 1048576K
}
2017-01-21T10:16:21.193+0100: 2,806: Total time for which application threads were stopped: 0,0117557 seconds, Stopping threads took: 0,0000178 seconds
2017-01-21T10:16:21.193+0100: 2,806: [GC (CMS Initial Mark) [1 CMS-initial-mark: 0K(393216K)] 16999K(502464K), 0,0037465 secs] [Times: user=0,01 sys=0,00, real=0,01 secs] 
2017-01-21T10:16:21.197+0100: 2,810: Total time for which application threads were stopped: 0,0038711 seconds, Stopping threads took: 0,0000379 seconds
2017-01-21T10:16:21.197+0100: 2,810: [CMS-concurrent-mark-start]
2017-01-21T10:16:21.199+0100: 2,811: [CMS-concurrent-mark: 0,002/0,002 secs] [Times: user=0,01 sys=0,00, real=0,00 secs] 
2017-01-21T10:16:21.199+0100: 2,811: [CMS-concurrent-preclean-start]
2017-01-21T10:16:21.200+0100: 2,813: [CMS-concurrent-preclean: 0,001/0,001 secs] [Times: user=0,00 sys=0,00, real=0,00 secs] 
2017-01-21T10:16:21.201+0100: 2,813: [GC (CMS Final Remark) [YG occupancy: 18404 K (109248 K)]{Heap before GC invocations=3 (full 1):
 par new generation   total 109248K, used 18404K [0x00000000e0000000, 0x00000000e8000000, 0x00000000e8000000)
  eden space 87424K,   1% used [0x00000000e0000000, 0x00000000e015f330, 0x00000000e5560000)
  from space 21824K,  77% used [0x00000000e6ab0000, 0x00000000e7b49dc0, 0x00000000e8000000)
  to   space 21824K,   0% used [0x00000000e5560000, 0x00000000e5560000, 0x00000000e6ab0000)
 concurrent mark-sweep generation total 393216K, used 0K [0x00000000e8000000, 0x0000000100000000, 0x0000000100000000)
 Metaspace       used 24877K, capacity 25316K, committed 25612K, reserved 1071104K
  class space    used 2903K, capacity 3056K, committed 3116K, reserved 1048576K
2017-01-21T10:16:21.201+0100: 2,813: [GC (CMS Final Remark) 2017-01-21T10:16:21.201+0100: 2,813: [ParNew
Desired survivor size 20112992 bytes, new threshold 8 (max 8)
- age   1:      68088 bytes,      68088 total
- age   2:    3147696 bytes,    3215784 total
- age   3:     550600 bytes,    3766384 total
- age   4:    6092176 bytes,    9858560 total
: 18404K->12277K(109248K), 0,0106259 secs] 18404K->12277K(502464K), 0,0106756 secs] [Times: user=0,03 sys=0,00, real=0,01 secs] 
Heap after GC invocations=4 (full 1):
 par new generation   total 109248K, used 12277K [0x00000000e0000000, 0x00000000e8000000, 0x00000000e8000000)
  eden space 87424K,   0% used [0x00000000e0000000, 0x00000000e0000000, 0x00000000e5560000)
  from space 21824K,  56% used [0x00000000e5560000, 0x00000000e615d720, 0x00000000e6ab0000)
  to   space 21824K,   0% used [0x00000000e6ab0000, 0x00000000e6ab0000, 0x00000000e8000000)
 concurrent mark-sweep generation total 393216K, used 0K [0x00000000e8000000, 0x0000000100000000, 0x0000000100000000)
 Metaspace       used 24877K, capacity 25316K, committed 25612K, reserved 1071104K
  class space    used 2903K, capacity 3056K, committed 3116K, reserved 1048576K
}
2017-01-21T10:16:21.211+0100: 2,824: [Rescan (parallel) , 0,0037166 secs]2017-01-21T10:16:21.215+0100: 2,828: [weak refs processing, 0,0008243 secs]2017-01-21T10:16:21.216+0100: 2,828: [class unloading, 0,0031212 secs]2017-01-21T10:16:21.219+0100: 2,832: [scrub symbol table, 0,0032101 secs]2017-01-21T10:16:21.222+0100: 2,835: [scrub string table, 0,0003887 secs][1 CMS-remark: 0K(393216K)] 12277K(502464K), 0,0226380 secs] [Times: user=0,06 sys=0,00, real=0,02 secs] 
2017-01-21T10:16:21.223+0100: 2,836: Total time for which application threads were stopped: 0,0229009 seconds, Stopping threads took: 0,0001853 seconds
2017-01-21T10:16:21.223+0100: 2,836: [CMS-concurrent-sweep-start]
2017-01-21T10:16:21.223+0100: 2,836: [CMS-concurrent-sweep: 0,000/0,000 secs] [Times: user=0,00 sys=0,00, real=0,00 secs] 
2017-01-21T10:16:21.223+0100: 2,836: [CMS-concurrent-reset-start]
2017-01-21T10:16:21.225+0100: 2,837: [CMS-concurrent-reset: 0,001/0,001 secs] [Times: user=0,00 sys=0,00, real=0,00 secs] 
2017-01-21T10:16:22.223+0100: 3,836: Total time for which application threads were stopped: 0,0000955 seconds, Stopping threads took: 0,0000158 seconds
2017-01-21T10:16:22.435+0100: 4,047: Total time for which application threads were stopped: 0,0002719 seconds, Stopping threads took: 0,0000145 seconds
2017-01-21T10:16:50.438+0100: 32,050: Total time for which application threads were stopped: 0,0000845 seconds, Stopping threads took: 0,0000231 seconds
2017-01-21T10:19:00.452+0100: 162,064: Total time for which application threads were stopped: 0,0000893 seconds, Stopping threads took: 0,0000501 seconds
2017-01-21T10:19:05.452+0100: 167,065: Total time for which application threads were stopped: 0,0000553 seconds, Stopping threads took: 0,0000151 seconds
2017-01-21T10:20:00.458+0100: 222,070: Total time for which application threads were stopped: 0,0000817 seconds, Stopping threads took: 0,0000337 seconds
2017-01-21T10:21:05.465+0100: 287,077: Total time for which application threads were stopped: 0,0000701 seconds, Stopping threads took: 0,0000261 seconds
2017-01-21T10:21:40.469+0100: 322,081: Total time for which application threads were stopped: 0,0000832 seconds, Stopping threads took: 0,0000356 seconds
2017-01-21T10:23:49.483+0100: 451,095: Total time for which application threads were stopped: 0,0000756 seconds, Stopping threads took: 0,0000318 seconds
2017-01-21T10:24:20.486+0100: 482,099: Total time for which application threads were stopped: 0,0000836 seconds, Stopping threads took: 0,0000333 seconds
2017-01-21T10:27:00.503+0100: 642,116: Total time for which application threads were stopped: 0,0000904 seconds, Stopping threads took: 0,0000352 seconds
2017-01-21T10:39:59.588+0100: 1421,200: Total time for which application threads were stopped: 0,0001276 seconds, Stopping threads took: 0,0000489 seconds
2017-01-21T10:44:50.623+0100: 1712,235: Total time for which application threads were stopped: 0,0000686 seconds, Stopping threads took: 0,0000273 seconds
2017-01-21T10:45:14.626+0100: 1736,239: Total time for which application threads were stopped: 0,0006331 seconds, Stopping threads took: 0,0001669 seconds
2017-01-21T10:54:55.697+0100: 2317,310: Total time for which application threads were stopped: 0,0000699 seconds, Stopping threads took: 0,0000288 seconds
2017-01-21T10:54:59.698+0100: 2321,310: Total time for which application threads were stopped: 0,0000560 seconds, Stopping threads took: 0,0000143 seconds
2017-01-21T10:57:13.007+0100: 2454,619: Total time for which application threads were stopped: 0,0001363 seconds, Stopping threads took: 0,0000282 seconds
Heap
 par new generation   total 109248K, used 55884K [0x00000000e0000000, 0x00000000e8000000, 0x00000000e8000000)
  eden space 87424K,  49% used [0x00000000e0000000, 0x00000000e2a959a0, 0x00000000e5560000)
  from space 21824K,  56% used [0x00000000e5560000, 0x00000000e615d720, 0x00000000e6ab0000)
  to   space 21824K,   0% used [0x00000000e6ab0000, 0x00000000e6ab0000, 0x00000000e8000000)
 concurrent mark-sweep generation total 393216K, used 0K [0x00000000e8000000, 0x0000000100000000, 0x0000000100000000)
 Metaspace       used 27189K, capacity 27664K, committed 27916K, reserved 1073152K
  class space    used 3168K, capacity 3320K, committed 3372K, reserved 1048576K
