OpenJDK 64-Bit Server VM (25.131-b11) for linux-amd64 JRE (1.8.0_131-8u131-b11-0ubuntu1.16.04.2-b11), built on May  6 2017 02:45:27 by "buildd" with gcc 5.4.0 20160609
Memory: 4k page, physical 7867740k(7391148k free), swap 8076284k(8076284k free)
CommandLine flags: -XX:CMSInitiatingOccupancyFraction=50 -XX:CMSMaxAbortablePrecleanTime=6000 -XX:+CMSParallelRemarkEnabled -XX:+CMSScavengeBeforeRemark -XX:ConcGCThreads=4 -XX:InitialHeapSize=536870912 -XX:MaxHeapSize=536870912 -XX:MaxTenuringThreshold=8 -XX:NewRatio=3 -XX:OldPLABSize=16 -XX:OnOutOfMemoryError=/opt/solr/bin/oom_solr.sh 8983 /var/solr/logs -XX:ParallelGCThreads=4 -XX:+ParallelRefProcEnabled -XX:PretenureSizeThreshold=67108864 -XX:+PrintGC -XX:+PrintGCApplicationStoppedTime -XX:+PrintGCDateStamps -XX:+PrintGCDetails -XX:+PrintGCTimeStamps -XX:+PrintHeapAtGC -XX:+PrintTenuringDistribution -XX:SurvivorRatio=4 -XX:TargetSurvivorRatio=90 -XX:ThreadStackSize=256 -XX:+UseCMSInitiatingOccupancyOnly -XX:+UseCompressedClassPointers -XX:+UseCompressedOops -XX:+UseConcMarkSweepGC -XX:+UseParNewGC 
2017-05-23T07:01:20.556+0200: 0,128: Total time for which application threads were stopped: 0,0000702 seconds, Stopping threads took: 0,0000134 seconds
2017-05-23T07:01:20.644+0200: 0,217: Total time for which application threads were stopped: 0,0001272 seconds, Stopping threads took: 0,0000290 seconds
2017-05-23T07:01:20.658+0200: 0,230: Total time for which application threads were stopped: 0,0000706 seconds, Stopping threads took: 0,0000092 seconds
2017-05-23T07:01:20.964+0200: 0,537: Total time for which application threads were stopped: 0,0001214 seconds, Stopping threads took: 0,0000099 seconds
2017-05-23T07:01:21.344+0200: 0,917: Total time for which application threads were stopped: 0,0001533 seconds, Stopping threads took: 0,0000237 seconds
2017-05-23T07:01:21.478+0200: 1,050: Total time for which application threads were stopped: 0,0001683 seconds, Stopping threads took: 0,0000173 seconds
2017-05-23T07:01:21.586+0200: 1,158: Total time for which application threads were stopped: 0,0001831 seconds, Stopping threads took: 0,0000280 seconds
2017-05-23T07:01:21.856+0200: 1,428: Total time for which application threads were stopped: 0,0001685 seconds, Stopping threads took: 0,0000206 seconds
2017-05-23T07:01:22.107+0200: 1,680: Total time for which application threads were stopped: 0,0002009 seconds, Stopping threads took: 0,0000163 seconds
2017-05-23T07:01:22.136+0200: 1,709: Total time for which application threads were stopped: 0,0001928 seconds, Stopping threads took: 0,0000429 seconds
2017-05-23T07:01:22.171+0200: 1,743: Total time for which application threads were stopped: 0,0002198 seconds, Stopping threads took: 0,0000213 seconds
2017-05-23T07:01:22.172+0200: 1,745: Total time for which application threads were stopped: 0,0002038 seconds, Stopping threads took: 0,0000231 seconds
2017-05-23T07:01:22.192+0200: 1,765: Total time for which application threads were stopped: 0,0001835 seconds, Stopping threads took: 0,0000178 seconds
2017-05-23T07:01:22.298+0200: 1,870: Total time for which application threads were stopped: 0,0013502 seconds, Stopping threads took: 0,0002888 seconds
2017-05-23T07:01:22.520+0200: 2,093: Total time for which application threads were stopped: 0,0002608 seconds, Stopping threads took: 0,0000446 seconds
{Heap before GC invocations=0 (full 0):
 par new generation   total 109248K, used 87424K [0x00000000e0000000, 0x00000000e8000000, 0x00000000e8000000)
  eden space 87424K, 100% used [0x00000000e0000000, 0x00000000e5560000, 0x00000000e5560000)
  from space 21824K,   0% used [0x00000000e5560000, 0x00000000e5560000, 0x00000000e6ab0000)
  to   space 21824K,   0% used [0x00000000e6ab0000, 0x00000000e6ab0000, 0x00000000e8000000)
 concurrent mark-sweep generation total 393216K, used 0K [0x00000000e8000000, 0x0000000100000000, 0x0000000100000000)
 Metaspace       used 18045K, capacity 18336K, committed 18688K, reserved 1064960K
  class space    used 2040K, capacity 2196K, committed 2304K, reserved 1048576K
2017-05-23T07:01:22.615+0200: 2,187: [GC (Allocation Failure) 2017-05-23T07:01:22.615+0200: 2,187: [ParNew
Desired survivor size 20112992 bytes, new threshold 8 (max 8)
- age   1:   12615776 bytes,   12615776 total
: 87424K->12439K(109248K), 0,0176041 secs] 87424K->12439K(502464K), 0,0176850 secs] [Times: user=0,01 sys=0,03, real=0,01 secs] 
Heap after GC invocations=1 (full 0):
 par new generation   total 109248K, used 12439K [0x00000000e0000000, 0x00000000e8000000, 0x00000000e8000000)
  eden space 87424K,   0% used [0x00000000e0000000, 0x00000000e0000000, 0x00000000e5560000)
  from space 21824K,  57% used [0x00000000e6ab0000, 0x00000000e76d5f80, 0x00000000e8000000)
  to   space 21824K,   0% used [0x00000000e5560000, 0x00000000e5560000, 0x00000000e6ab0000)
 concurrent mark-sweep generation total 393216K, used 0K [0x00000000e8000000, 0x0000000100000000, 0x0000000100000000)
 Metaspace       used 18045K, capacity 18336K, committed 18688K, reserved 1064960K
  class space    used 2040K, capacity 2196K, committed 2304K, reserved 1048576K
}
2017-05-23T07:01:22.633+0200: 2,205: Total time for which application threads were stopped: 0,0179162 seconds, Stopping threads took: 0,0000445 seconds
2017-05-23T07:01:22.936+0200: 2,508: Total time for which application threads were stopped: 0,0005194 seconds, Stopping threads took: 0,0002054 seconds
2017-05-23T07:01:22.975+0200: 2,547: Total time for which application threads were stopped: 0,0006035 seconds, Stopping threads took: 0,0003351 seconds
{Heap before GC invocations=1 (full 0):
 par new generation   total 109248K, used 99863K [0x00000000e0000000, 0x00000000e8000000, 0x00000000e8000000)
  eden space 87424K, 100% used [0x00000000e0000000, 0x00000000e5560000, 0x00000000e5560000)
  from space 21824K,  57% used [0x00000000e6ab0000, 0x00000000e76d5f80, 0x00000000e8000000)
  to   space 21824K,   0% used [0x00000000e5560000, 0x00000000e5560000, 0x00000000e6ab0000)
 concurrent mark-sweep generation total 393216K, used 0K [0x00000000e8000000, 0x0000000100000000, 0x0000000100000000)
 Metaspace       used 20064K, capacity 20426K, committed 20736K, reserved 1067008K
  class space    used 2297K, capacity 2469K, committed 2560K, reserved 1048576K
2017-05-23T07:01:22.980+0200: 2,552: [GC (Allocation Failure) 2017-05-23T07:01:22.980+0200: 2,552: [ParNew
Desired survivor size 20112992 bytes, new threshold 8 (max 8)
- age   1:    3385600 bytes,    3385600 total
- age   2:    6668488 bytes,   10054088 total
: 99863K->13720K(109248K), 0,0096349 secs] 99863K->13720K(502464K), 0,0096995 secs] [Times: user=0,04 sys=0,00, real=0,01 secs] 
Heap after GC invocations=2 (full 0):
 par new generation   total 109248K, used 13720K [0x00000000e0000000, 0x00000000e8000000, 0x00000000e8000000)
  eden space 87424K,   0% used [0x00000000e0000000, 0x00000000e0000000, 0x00000000e5560000)
  from space 21824K,  62% used [0x00000000e5560000, 0x00000000e62c61f8, 0x00000000e6ab0000)
  to   space 21824K,   0% used [0x00000000e6ab0000, 0x00000000e6ab0000, 0x00000000e8000000)
 concurrent mark-sweep generation total 393216K, used 0K [0x00000000e8000000, 0x0000000100000000, 0x0000000100000000)
 Metaspace       used 20064K, capacity 20426K, committed 20736K, reserved 1067008K
  class space    used 2297K, capacity 2469K, committed 2560K, reserved 1048576K
}
2017-05-23T07:01:22.990+0200: 2,562: Total time for which application threads were stopped: 0,0121592 seconds, Stopping threads took: 0,0023307 seconds
2017-05-23T07:01:23.030+0200: 2,602: Total time for which application threads were stopped: 0,0025584 seconds, Stopping threads took: 0,0022194 seconds
2017-05-23T07:01:23.161+0200: 2,733: Total time for which application threads were stopped: 0,0013698 seconds, Stopping threads took: 0,0012518 seconds
{Heap before GC invocations=2 (full 0):
 par new generation   total 109248K, used 101144K [0x00000000e0000000, 0x00000000e8000000, 0x00000000e8000000)
  eden space 87424K, 100% used [0x00000000e0000000, 0x00000000e5560000, 0x00000000e5560000)
  from space 21824K,  62% used [0x00000000e5560000, 0x00000000e62c61f8, 0x00000000e6ab0000)
  to   space 21824K,   0% used [0x00000000e6ab0000, 0x00000000e6ab0000, 0x00000000e8000000)
 concurrent mark-sweep generation total 393216K, used 0K [0x00000000e8000000, 0x0000000100000000, 0x0000000100000000)
 Metaspace       used 20962K, capacity 21284K, committed 21628K, reserved 1069056K
  class space    used 2418K, capacity 2588K, committed 2684K, reserved 1048576K
2017-05-23T07:01:23.205+0200: 2,777: [GC (Allocation Failure) 2017-05-23T07:01:23.205+0200: 2,777: [ParNew
Desired survivor size 20112992 bytes, new threshold 8 (max 8)
- age   1:    1969912 bytes,    1969912 total
- age   2:     848376 bytes,    2818288 total
- age   3:    6664544 bytes,    9482832 total
: 101144K->11283K(109248K), 0,0118398 secs] 101144K->11283K(502464K), 0,0119163 secs] [Times: user=0,04 sys=0,00, real=0,01 secs] 
Heap after GC invocations=3 (full 0):
 par new generation   total 109248K, used 11283K [0x00000000e0000000, 0x00000000e8000000, 0x00000000e8000000)
  eden space 87424K,   0% used [0x00000000e0000000, 0x00000000e0000000, 0x00000000e5560000)
  from space 21824K,  51% used [0x00000000e6ab0000, 0x00000000e75b4f80, 0x00000000e8000000)
  to   space 21824K,   0% used [0x00000000e5560000, 0x00000000e5560000, 0x00000000e6ab0000)
 concurrent mark-sweep generation total 393216K, used 0K [0x00000000e8000000, 0x0000000100000000, 0x0000000100000000)
 Metaspace       used 20962K, capacity 21284K, committed 21628K, reserved 1069056K
  class space    used 2418K, capacity 2588K, committed 2684K, reserved 1048576K
}
2017-05-23T07:01:23.217+0200: 2,789: Total time for which application threads were stopped: 0,0121097 seconds, Stopping threads took: 0,0000700 seconds
2017-05-23T07:01:23.217+0200: 2,789: [GC (CMS Initial Mark) [1 CMS-initial-mark: 0K(393216K)] 11978K(502464K), 0,0035684 secs] [Times: user=0,01 sys=0,00, real=0,00 secs] 
2017-05-23T07:01:23.221+0200: 2,793: Total time for which application threads were stopped: 0,0037096 seconds, Stopping threads took: 0,0000600 seconds
2017-05-23T07:01:23.221+0200: 2,793: [CMS-concurrent-mark-start]
2017-05-23T07:01:23.221+0200: 2,794: [CMS-concurrent-mark: 0,001/0,001 secs] [Times: user=0,01 sys=0,00, real=0,00 secs] 
2017-05-23T07:01:23.221+0200: 2,794: [CMS-concurrent-preclean-start]
2017-05-23T07:01:23.223+0200: 2,795: [CMS-concurrent-preclean: 0,001/0,001 secs] [Times: user=0,00 sys=0,00, real=0,01 secs] 
2017-05-23T07:01:23.223+0200: 2,795: [CMS-concurrent-abortable-preclean-start]
2017-05-23T07:01:23.290+0200: 2,862: Total time for which application threads were stopped: 0,0001671 seconds, Stopping threads took: 0,0000549 seconds
{Heap before GC invocations=3 (full 1):
 par new generation   total 109248K, used 98691K [0x00000000e0000000, 0x00000000e8000000, 0x00000000e8000000)
  eden space 87424K,  99% used [0x00000000e0000000, 0x00000000e555c038, 0x00000000e5560000)
  from space 21824K,  51% used [0x00000000e6ab0000, 0x00000000e75b4f80, 0x00000000e8000000)
  to   space 21824K,   0% used [0x00000000e5560000, 0x00000000e5560000, 0x00000000e6ab0000)
 concurrent mark-sweep generation total 393216K, used 0K [0x00000000e8000000, 0x0000000100000000, 0x0000000100000000)
 Metaspace       used 21230K, capacity 21560K, committed 21884K, reserved 1069056K
  class space    used 2448K, capacity 2603K, committed 2684K, reserved 1048576K
2017-05-23T07:01:23.335+0200: 2,908: [GC (Allocation Failure) 2017-05-23T07:01:23.335+0200: 2,908: [ParNew
Desired survivor size 20112992 bytes, new threshold 8 (max 8)
- age   1:     592240 bytes,     592240 total
- age   2:    1454192 bytes,    2046432 total
- age   3:     816904 bytes,    2863336 total
- age   4:    6664488 bytes,    9527824 total
: 98691K->12533K(109248K), 0,0115928 secs] 98691K->12533K(502464K), 0,0116599 secs] [Times: user=0,04 sys=0,00, real=0,01 secs] 
Heap after GC invocations=4 (full 1):
 par new generation   total 109248K, used 12533K [0x00000000e0000000, 0x00000000e8000000, 0x00000000e8000000)
  eden space 87424K,   0% used [0x00000000e0000000, 0x00000000e0000000, 0x00000000e5560000)
  from space 21824K,  57% used [0x00000000e5560000, 0x00000000e619d6e0, 0x00000000e6ab0000)
  to   space 21824K,   0% used [0x00000000e6ab0000, 0x00000000e6ab0000, 0x00000000e8000000)
 concurrent mark-sweep generation total 393216K, used 0K [0x00000000e8000000, 0x0000000100000000, 0x0000000100000000)
 Metaspace       used 21230K, capacity 21560K, committed 21884K, reserved 1069056K
  class space    used 2448K, capacity 2603K, committed 2684K, reserved 1048576K
}
2017-05-23T07:01:23.347+0200: 2,919: Total time for which application threads were stopped: 0,0129432 seconds, Stopping threads took: 0,0011322 seconds
2017-05-23T07:01:23.347+0200: 2,919: [CMS-concurrent-abortable-preclean: 0,068/0,124 secs] [Times: user=0,47 sys=0,00, real=0,12 secs] 
2017-05-23T07:01:23.362+0200: 2,934: [GC (CMS Final Remark) [YG occupancy: 25942 K (109248 K)]{Heap before GC invocations=4 (full 1):
 par new generation   total 109248K, used 25942K [0x00000000e0000000, 0x00000000e8000000, 0x00000000e8000000)
  eden space 87424K,  15% used [0x00000000e0000000, 0x00000000e0d18230, 0x00000000e5560000)
  from space 21824K,  57% used [0x00000000e5560000, 0x00000000e619d6e0, 0x00000000e6ab0000)
  to   space 21824K,   0% used [0x00000000e6ab0000, 0x00000000e6ab0000, 0x00000000e8000000)
 concurrent mark-sweep generation total 393216K, used 0K [0x00000000e8000000, 0x0000000100000000, 0x0000000100000000)
 Metaspace       used 21240K, capacity 21560K, committed 21884K, reserved 1069056K
  class space    used 2449K, capacity 2603K, committed 2684K, reserved 1048576K
2017-05-23T07:01:23.362+0200: 2,934: [GC (CMS Final Remark) 2017-05-23T07:01:23.362+0200: 2,934: [ParNew
Desired survivor size 20112992 bytes, new threshold 8 (max 8)
- age   1:     971016 bytes,     971016 total
- age   2:     220856 bytes,    1191872 total
- age   3:    1454048 bytes,    2645920 total
- age   4:     816872 bytes,    3462792 total
- age   5:    6664512 bytes,   10127304 total
: 25942K->12550K(109248K), 0,0093521 secs] 25942K->12550K(502464K), 0,0093944 secs] [Times: user=0,04 sys=0,00, real=0,01 secs] 
Heap after GC invocations=5 (full 1):
 par new generation   total 109248K, used 12550K [0x00000000e0000000, 0x00000000e8000000, 0x00000000e8000000)
  eden space 87424K,   0% used [0x00000000e0000000, 0x00000000e0000000, 0x00000000e5560000)
  from space 21824K,  57% used [0x00000000e6ab0000, 0x00000000e76f1ad8, 0x00000000e8000000)
  to   space 21824K,   0% used [0x00000000e5560000, 0x00000000e5560000, 0x00000000e6ab0000)
 concurrent mark-sweep generation total 393216K, used 0K [0x00000000e8000000, 0x0000000100000000, 0x0000000100000000)
 Metaspace       used 21240K, capacity 21560K, committed 21884K, reserved 1069056K
  class space    used 2449K, capacity 2603K, committed 2684K, reserved 1048576K
}
2017-05-23T07:01:23.371+0200: 2,944: [Rescan (parallel) , 0,0033647 secs]2017-05-23T07:01:23.375+0200: 2,947: [weak refs processing, 0,0008295 secs]2017-05-23T07:01:23.375+0200: 2,948: [class unloading, 0,0027878 secs]2017-05-23T07:01:23.378+0200: 2,951: [scrub symbol table, 0,0024383 secs]2017-05-23T07:01:23.381+0200: 2,953: [scrub string table, 0,0003679 secs][1 CMS-remark: 0K(393216K)] 12550K(502464K), 0,0198181 secs] [Times: user=0,06 sys=0,00, real=0,02 secs] 
2017-05-23T07:01:23.382+0200: 2,954: Total time for which application threads were stopped: 0,0199725 seconds, Stopping threads took: 0,0000706 seconds
2017-05-23T07:01:23.382+0200: 2,954: [CMS-concurrent-sweep-start]
2017-05-23T07:01:23.382+0200: 2,954: [CMS-concurrent-sweep: 0,000/0,000 secs] [Times: user=0,00 sys=0,00, real=0,00 secs] 
2017-05-23T07:01:23.382+0200: 2,954: [CMS-concurrent-reset-start]
2017-05-23T07:01:23.384+0200: 2,956: [CMS-concurrent-reset: 0,002/0,002 secs] [Times: user=0,00 sys=0,00, real=0,01 secs] 
2017-05-23T07:01:23.484+0200: 3,056: Total time for which application threads were stopped: 0,0003760 seconds, Stopping threads took: 0,0000794 seconds
{Heap before GC invocations=5 (full 1):
 par new generation   total 109248K, used 99974K [0x00000000e0000000, 0x00000000e8000000, 0x00000000e8000000)
  eden space 87424K, 100% used [0x00000000e0000000, 0x00000000e5560000, 0x00000000e5560000)
  from space 21824K,  57% used [0x00000000e6ab0000, 0x00000000e76f1ad8, 0x00000000e8000000)
  to   space 21824K,   0% used [0x00000000e5560000, 0x00000000e5560000, 0x00000000e6ab0000)
 concurrent mark-sweep generation total 393216K, used 0K [0x00000000e8000000, 0x0000000100000000, 0x0000000100000000)
 Metaspace       used 21710K, capacity 22088K, committed 22140K, reserved 1069056K
  class space    used 2513K, capacity 2671K, committed 2684K, reserved 1048576K
2017-05-23T07:01:23.503+0200: 3,076: [GC (Allocation Failure) 2017-05-23T07:01:23.504+0200: 3,076: [ParNew
Desired survivor size 20112992 bytes, new threshold 8 (max 8)
- age   1:     803784 bytes,     803784 total
- age   2:      15592 bytes,     819376 total
- age   3:     184552 bytes,    1003928 total
- age   4:     286616 bytes,    1290544 total
- age   5:     816792 bytes,    2107336 total
- age   6:    6664344 bytes,    8771680 total
: 99974K->15420K(109248K), 0,0109308 secs] 99974K->15420K(502464K), 0,0110073 secs] [Times: user=0,03 sys=0,00, real=0,01 secs] 
Heap after GC invocations=6 (full 1):
 par new generation   total 109248K, used 15420K [0x00000000e0000000, 0x00000000e8000000, 0x00000000e8000000)
  eden space 87424K,   0% used [0x00000000e0000000, 0x00000000e0000000, 0x00000000e5560000)
  from space 21824K,  70% used [0x00000000e5560000, 0x00000000e646f390, 0x00000000e6ab0000)
  to   space 21824K,   0% used [0x00000000e6ab0000, 0x00000000e6ab0000, 0x00000000e8000000)
 concurrent mark-sweep generation total 393216K, used 0K [0x00000000e8000000, 0x0000000100000000, 0x0000000100000000)
 Metaspace       used 21710K, capacity 22088K, committed 22140K, reserved 1069056K
  class space    used 2513K, capacity 2671K, committed 2684K, reserved 1048576K
}
2017-05-23T07:01:23.515+0200: 3,087: Total time for which application threads were stopped: 0,0112057 seconds, Stopping threads took: 0,0000690 seconds
2017-05-23T07:01:23.743+0200: 3,316: Total time for which application threads were stopped: 0,0004064 seconds, Stopping threads took: 0,0000268 seconds
2017-05-23T07:01:23.761+0200: 3,333: Total time for which application threads were stopped: 0,0004871 seconds, Stopping threads took: 0,0000671 seconds
{Heap before GC invocations=6 (full 1):
 par new generation   total 109248K, used 102844K [0x00000000e0000000, 0x00000000e8000000, 0x00000000e8000000)
  eden space 87424K, 100% used [0x00000000e0000000, 0x00000000e5560000, 0x00000000e5560000)
  from space 21824K,  70% used [0x00000000e5560000, 0x00000000e646f390, 0x00000000e6ab0000)
  to   space 21824K,   0% used [0x00000000e6ab0000, 0x00000000e6ab0000, 0x00000000e8000000)
 concurrent mark-sweep generation total 393216K, used 0K [0x00000000e8000000, 0x0000000100000000, 0x0000000100000000)
 Metaspace       used 24120K, capacity 24612K, committed 24828K, reserved 1071104K
  class space    used 2840K, capacity 3043K, committed 3068K, reserved 1048576K
2017-05-23T07:01:23.927+0200: 3,499: [GC (Allocation Failure) 2017-05-23T07:01:23.927+0200: 3,500: [ParNew
Desired survivor size 20112992 bytes, new threshold 8 (max 8)
- age   1:    5188792 bytes,    5188792 total
- age   2:     307544 bytes,    5496336 total
- age   3:      15560 bytes,    5511896 total
- age   4:     184056 bytes,    5695952 total
- age   5:     284040 bytes,    5979992 total
- age   6:     790592 bytes,    6770584 total
- age   7:    6656456 bytes,   13427040 total
: 102844K->16188K(109248K), 0,0158475 secs] 102844K->16188K(502464K), 0,0159219 secs] [Times: user=0,06 sys=0,01, real=0,02 secs] 
Heap after GC invocations=7 (full 1):
 par new generation   total 109248K, used 16188K [0x00000000e0000000, 0x00000000e8000000, 0x00000000e8000000)
  eden space 87424K,   0% used [0x00000000e0000000, 0x00000000e0000000, 0x00000000e5560000)
  from space 21824K,  74% used [0x00000000e6ab0000, 0x00000000e7a7f320, 0x00000000e8000000)
  to   space 21824K,   0% used [0x00000000e5560000, 0x00000000e5560000, 0x00000000e6ab0000)
 concurrent mark-sweep generation total 393216K, used 0K [0x00000000e8000000, 0x0000000100000000, 0x0000000100000000)
 Metaspace       used 24120K, capacity 24612K, committed 24828K, reserved 1071104K
  class space    used 2840K, capacity 3043K, committed 3068K, reserved 1048576K
}
2017-05-23T07:01:23.943+0200: 3,515: Total time for which application threads were stopped: 0,0162300 seconds, Stopping threads took: 0,0001090 seconds
{Heap before GC invocations=7 (full 1):
 par new generation   total 109248K, used 103612K [0x00000000e0000000, 0x00000000e8000000, 0x00000000e8000000)
  eden space 87424K, 100% used [0x00000000e0000000, 0x00000000e5560000, 0x00000000e5560000)
  from space 21824K,  74% used [0x00000000e6ab0000, 0x00000000e7a7f320, 0x00000000e8000000)
  to   space 21824K,   0% used [0x00000000e5560000, 0x00000000e5560000, 0x00000000e6ab0000)
 concurrent mark-sweep generation total 393216K, used 0K [0x00000000e8000000, 0x0000000100000000, 0x0000000100000000)
 Metaspace       used 24598K, capacity 25108K, committed 25468K, reserved 1071104K
  class space    used 2882K, capacity 3078K, committed 3196K, reserved 1048576K
2017-05-23T07:01:24.050+0200: 3,623: [GC (Allocation Failure) 2017-05-23T07:01:24.050+0200: 3,623: [ParNew
Desired survivor size 20112992 bytes, new threshold 8 (max 8)
- age   1:    1897216 bytes,    1897216 total
- age   2:    1752968 bytes,    3650184 total
- age   3:     134480 bytes,    3784664 total
- age   4:       7752 bytes,    3792416 total
- age   5:     107232 bytes,    3899648 total
- age   6:     182144 bytes,    4081792 total
- age   7:     745664 bytes,    4827456 total
- age   8:    6122768 bytes,   10950224 total
: 103612K->16179K(109248K), 0,0393391 secs] 103612K->16179K(502464K), 0,0394188 secs] [Times: user=0,06 sys=0,00, real=0,04 secs] 
Heap after GC invocations=8 (full 1):
 par new generation   total 109248K, used 16179K [0x00000000e0000000, 0x00000000e8000000, 0x00000000e8000000)
  eden space 87424K,   0% used [0x00000000e0000000, 0x00000000e0000000, 0x00000000e5560000)
  from space 21824K,  74% used [0x00000000e5560000, 0x00000000e652ce40, 0x00000000e6ab0000)
  to   space 21824K,   0% used [0x00000000e6ab0000, 0x00000000e6ab0000, 0x00000000e8000000)
 concurrent mark-sweep generation total 393216K, used 0K [0x00000000e8000000, 0x0000000100000000, 0x0000000100000000)
 Metaspace       used 24598K, capacity 25108K, committed 25468K, reserved 1071104K
  class space    used 2882K, capacity 3078K, committed 3196K, reserved 1048576K
}
2017-05-23T07:01:24.090+0200: 3,662: Total time for which application threads were stopped: 0,0413163 seconds, Stopping threads took: 0,0016633 seconds
{Heap before GC invocations=8 (full 1):
 par new generation   total 109248K, used 103603K [0x00000000e0000000, 0x00000000e8000000, 0x00000000e8000000)
  eden space 87424K, 100% used [0x00000000e0000000, 0x00000000e5560000, 0x00000000e5560000)
  from space 21824K,  74% used [0x00000000e5560000, 0x00000000e652ce40, 0x00000000e6ab0000)
  to   space 21824K,   0% used [0x00000000e6ab0000, 0x00000000e6ab0000, 0x00000000e8000000)
 concurrent mark-sweep generation total 393216K, used 0K [0x00000000e8000000, 0x0000000100000000, 0x0000000100000000)
 Metaspace       used 24938K, capacity 25380K, committed 25724K, reserved 1071104K
  class space    used 2907K, capacity 3081K, committed 3196K, reserved 1048576K
2017-05-23T07:01:24.210+0200: 3,782: [GC (Allocation Failure) 2017-05-23T07:01:24.210+0200: 3,782: [ParNew
Desired survivor size 20112992 bytes, new threshold 8 (max 8)
- age   1:    1331320 bytes,    1331320 total
- age   2:     650256 bytes,    1981576 total
- age   3:    1730336 bytes,    3711912 total
- age   4:     134424 bytes,    3846336 total
- age   5:       7752 bytes,    3854088 total
- age   6:     107128 bytes,    3961216 total
- age   7:     181808 bytes,    4143024 total
- age   8:     745664 bytes,    4888688 total
: 103603K->8054K(109248K), 0,0409760 secs] 103603K->14116K(502464K), 0,0410488 secs] [Times: user=0,12 sys=0,00, real=0,04 secs] 
Heap after GC invocations=9 (full 1):
 par new generation   total 109248K, used 8054K [0x00000000e0000000, 0x00000000e8000000, 0x00000000e8000000)
  eden space 87424K,   0% used [0x00000000e0000000, 0x00000000e0000000, 0x00000000e5560000)
  from space 21824K,  36% used [0x00000000e6ab0000, 0x00000000e728dbd0, 0x00000000e8000000)
  to   space 21824K,   0% used [0x00000000e5560000, 0x00000000e5560000, 0x00000000e6ab0000)
 concurrent mark-sweep generation total 393216K, used 6061K [0x00000000e8000000, 0x0000000100000000, 0x0000000100000000)
 Metaspace       used 24938K, capacity 25380K, committed 25724K, reserved 1071104K
  class space    used 2907K, capacity 3081K, committed 3196K, reserved 1048576K
}
2017-05-23T07:01:24.251+0200: 3,824: Total time for which application threads were stopped: 0,0445015 seconds, Stopping threads took: 0,0032622 seconds
2017-05-23T07:01:24.477+0200: 4,049: Total time for which application threads were stopped: 0,0013500 seconds, Stopping threads took: 0,0005174 seconds
2017-05-23T07:01:24.485+0200: 4,057: Total time for which application threads were stopped: 0,0001063 seconds, Stopping threads took: 0,0000251 seconds
2017-05-23T07:01:24.495+0200: 4,067: Total time for which application threads were stopped: 0,0004739 seconds, Stopping threads took: 0,0000478 seconds
2017-05-23T07:01:24.497+0200: 4,069: Total time for which application threads were stopped: 0,0001266 seconds, Stopping threads took: 0,0000305 seconds
2017-05-23T07:01:24.507+0200: 4,080: Total time for which application threads were stopped: 0,0001699 seconds, Stopping threads took: 0,0000555 seconds
2017-05-23T07:01:24.514+0200: 4,086: Total time for which application threads were stopped: 0,0025136 seconds, Stopping threads took: 0,0024413 seconds
2017-05-23T07:01:24.515+0200: 4,087: Total time for which application threads were stopped: 0,0003604 seconds, Stopping threads took: 0,0000119 seconds
2017-05-23T07:01:24.529+0200: 4,101: Total time for which application threads were stopped: 0,0001144 seconds, Stopping threads took: 0,0000311 seconds
2017-05-23T07:01:24.534+0200: 4,106: Total time for which application threads were stopped: 0,0043448 seconds, Stopping threads took: 0,0042657 seconds
2017-05-23T07:01:24.535+0200: 4,107: Total time for which application threads were stopped: 0,0001506 seconds, Stopping threads took: 0,0000757 seconds
2017-05-23T07:01:24.572+0200: 4,144: Total time for which application threads were stopped: 0,0000996 seconds, Stopping threads took: 0,0000184 seconds
2017-05-23T07:01:24.573+0200: 4,145: Total time for which application threads were stopped: 0,0003552 seconds, Stopping threads took: 0,0000199 seconds
2017-05-23T07:01:24.573+0200: 4,146: Total time for which application threads were stopped: 0,0000404 seconds, Stopping threads took: 0,0000129 seconds
2017-05-23T07:01:24.573+0200: 4,146: Total time for which application threads were stopped: 0,0000447 seconds, Stopping threads took: 0,0000083 seconds
2017-05-23T07:01:24.574+0200: 4,147: Total time for which application threads were stopped: 0,0001803 seconds, Stopping threads took: 0,0001076 seconds
2017-05-23T07:01:24.575+0200: 4,147: Total time for which application threads were stopped: 0,0000818 seconds, Stopping threads took: 0,0000371 seconds
2017-05-23T07:01:24.575+0200: 4,147: Total time for which application threads were stopped: 0,0000512 seconds, Stopping threads took: 0,0000083 seconds
2017-05-23T07:01:24.575+0200: 4,148: Total time for which application threads were stopped: 0,0000541 seconds, Stopping threads took: 0,0000126 seconds
2017-05-23T07:01:24.579+0200: 4,151: Total time for which application threads were stopped: 0,0000842 seconds, Stopping threads took: 0,0000205 seconds
2017-05-23T07:01:24.584+0200: 4,156: Total time for which application threads were stopped: 0,0001154 seconds, Stopping threads took: 0,0000269 seconds
2017-05-23T07:01:24.596+0200: 4,168: Total time for which application threads were stopped: 0,0001457 seconds, Stopping threads took: 0,0000375 seconds
2017-05-23T07:01:24.596+0200: 4,169: Total time for which application threads were stopped: 0,0001064 seconds, Stopping threads took: 0,0000256 seconds
2017-05-23T07:01:24.597+0200: 4,169: Total time for which application threads were stopped: 0,0000988 seconds, Stopping threads took: 0,0000241 seconds
2017-05-23T07:01:24.597+0200: 4,169: Total time for which application threads were stopped: 0,0000885 seconds, Stopping threads took: 0,0000215 seconds
2017-05-23T07:01:24.597+0200: 4,169: Total time for which application threads were stopped: 0,0000814 seconds, Stopping threads took: 0,0000192 seconds
2017-05-23T07:01:24.597+0200: 4,170: Total time for which application threads were stopped: 0,0000992 seconds, Stopping threads took: 0,0000246 seconds
2017-05-23T07:01:24.597+0200: 4,170: Total time for which application threads were stopped: 0,0000971 seconds, Stopping threads took: 0,0000407 seconds
2017-05-23T07:01:24.598+0200: 4,170: Total time for which application threads were stopped: 0,0002124 seconds, Stopping threads took: 0,0000233 seconds
2017-05-23T07:01:24.598+0200: 4,171: Total time for which application threads were stopped: 0,0001020 seconds, Stopping threads took: 0,0000411 seconds
2017-05-23T07:01:24.598+0200: 4,171: Total time for which application threads were stopped: 0,0001334 seconds, Stopping threads took: 0,0000904 seconds
2017-05-23T07:01:24.599+0200: 4,171: Total time for which application threads were stopped: 0,0000577 seconds, Stopping threads took: 0,0000161 seconds
2017-05-23T07:01:24.599+0200: 4,171: Total time for which application threads were stopped: 0,0000481 seconds, Stopping threads took: 0,0000093 seconds
2017-05-23T07:01:24.599+0200: 4,171: Total time for which application threads were stopped: 0,0000533 seconds, Stopping threads took: 0,0000143 seconds
2017-05-23T07:01:24.599+0200: 4,171: Total time for which application threads were stopped: 0,0000544 seconds, Stopping threads took: 0,0000141 seconds
2017-05-23T07:01:24.599+0200: 4,171: Total time for which application threads were stopped: 0,0000553 seconds, Stopping threads took: 0,0000147 seconds
2017-05-23T07:01:24.599+0200: 4,172: Total time for which application threads were stopped: 0,0000522 seconds, Stopping threads took: 0,0000164 seconds
2017-05-23T07:01:24.599+0200: 4,172: Total time for which application threads were stopped: 0,0000466 seconds, Stopping threads took: 0,0000157 seconds
2017-05-23T07:01:24.599+0200: 4,172: Total time for which application threads were stopped: 0,0000431 seconds, Stopping threads took: 0,0000146 seconds
2017-05-23T07:01:24.600+0200: 4,172: Total time for which application threads were stopped: 0,0000643 seconds, Stopping threads took: 0,0000226 seconds
2017-05-23T07:01:24.600+0200: 4,172: Total time for which application threads were stopped: 0,0000469 seconds, Stopping threads took: 0,0000091 seconds
2017-05-23T07:01:24.600+0200: 4,172: Total time for which application threads were stopped: 0,0000444 seconds, Stopping threads took: 0,0000080 seconds
2017-05-23T07:01:24.600+0200: 4,172: Total time for which application threads were stopped: 0,0000505 seconds, Stopping threads took: 0,0000152 seconds
2017-05-23T07:01:24.600+0200: 4,172: Total time for which application threads were stopped: 0,0000529 seconds, Stopping threads took: 0,0000161 seconds
2017-05-23T07:01:24.600+0200: 4,173: Total time for which application threads were stopped: 0,0000640 seconds, Stopping threads took: 0,0000133 seconds
2017-05-23T07:01:24.600+0200: 4,173: Total time for which application threads were stopped: 0,0000460 seconds, Stopping threads took: 0,0000079 seconds
2017-05-23T07:01:24.600+0200: 4,173: Total time for which application threads were stopped: 0,0000702 seconds, Stopping threads took: 0,0000201 seconds
2017-05-23T07:01:24.602+0200: 4,174: Total time for which application threads were stopped: 0,0015422 seconds, Stopping threads took: 0,0014667 seconds
2017-05-23T07:01:24.602+0200: 4,175: Total time for which application threads were stopped: 0,0001733 seconds, Stopping threads took: 0,0000313 seconds
2017-05-23T07:01:24.607+0200: 4,179: Total time for which application threads were stopped: 0,0001813 seconds, Stopping threads took: 0,0000890 seconds
2017-05-23T07:01:24.610+0200: 4,183: Total time for which application threads were stopped: 0,0001299 seconds, Stopping threads took: 0,0000512 seconds
2017-05-23T07:01:24.613+0200: 4,186: Total time for which application threads were stopped: 0,0001296 seconds, Stopping threads took: 0,0000448 seconds
2017-05-23T07:01:24.628+0200: 4,200: Total time for which application threads were stopped: 0,0001244 seconds, Stopping threads took: 0,0000335 seconds
2017-05-23T07:01:24.651+0200: 4,224: Total time for which application threads were stopped: 0,0001830 seconds, Stopping threads took: 0,0000827 seconds
2017-05-23T07:01:24.656+0200: 4,228: Total time for which application threads were stopped: 0,0002796 seconds, Stopping threads took: 0,0001921 seconds
2017-05-23T07:01:24.673+0200: 4,245: Total time for which application threads were stopped: 0,0001552 seconds, Stopping threads took: 0,0000501 seconds
2017-05-23T07:01:24.685+0200: 4,258: Total time for which application threads were stopped: 0,0001280 seconds, Stopping threads took: 0,0000423 seconds
2017-05-23T07:01:24.686+0200: 4,258: Total time for which application threads were stopped: 0,0004873 seconds, Stopping threads took: 0,0000285 seconds
2017-05-23T07:01:24.692+0200: 4,265: Total time for which application threads were stopped: 0,0001195 seconds, Stopping threads took: 0,0000341 seconds
2017-05-23T07:01:25.692+0200: 5,265: Total time for which application threads were stopped: 0,0000721 seconds, Stopping threads took: 0,0000205 seconds
2017-05-23T07:02:01.696+0200: 41,268: Total time for which application threads were stopped: 0,0000792 seconds, Stopping threads took: 0,0000326 seconds
2017-05-23T07:03:17.704+0200: 117,276: Total time for which application threads were stopped: 0,0001009 seconds, Stopping threads took: 0,0000374 seconds
2017-05-23T07:03:22.704+0200: 122,277: Total time for which application threads were stopped: 0,0000630 seconds, Stopping threads took: 0,0000156 seconds
{Heap before GC invocations=9 (full 1):
 par new generation   total 109248K, used 95478K [0x00000000e0000000, 0x00000000e8000000, 0x00000000e8000000)
  eden space 87424K, 100% used [0x00000000e0000000, 0x00000000e5560000, 0x00000000e5560000)
  from space 21824K,  36% used [0x00000000e6ab0000, 0x00000000e728dbd0, 0x00000000e8000000)
  to   space 21824K,   0% used [0x00000000e5560000, 0x00000000e5560000, 0x00000000e6ab0000)
 concurrent mark-sweep generation total 393216K, used 6061K [0x00000000e8000000, 0x0000000100000000, 0x0000000100000000)
 Metaspace       used 27988K, capacity 28488K, committed 28796K, reserved 1075200K
  class space    used 3213K, capacity 3389K, committed 3452K, reserved 1048576K
2017-05-23T07:04:16.374+0200: 175,946: [GC (Allocation Failure) 2017-05-23T07:04:16.374+0200: 175,946: [ParNew
Desired survivor size 20112992 bytes, new threshold 8 (max 8)
- age   1:   10382816 bytes,   10382816 total
- age   2:     600008 bytes,   10982824 total
- age   3:     253472 bytes,   11236296 total
- age   4:    1725088 bytes,   12961384 total
- age   5:     134392 bytes,   13095776 total
- age   6:       7752 bytes,   13103528 total
- age   7:     107000 bytes,   13210528 total
- age   8:     181712 bytes,   13392240 total
: 95478K->14798K(109248K), 0,0130629 secs] 101540K->21675K(502464K), 0,0131450 secs] [Times: user=0,04 sys=0,00, real=0,02 secs] 
Heap after GC invocations=10 (full 1):
 par new generation   total 109248K, used 14798K [0x00000000e0000000, 0x00000000e8000000, 0x00000000e8000000)
  eden space 87424K,   0% used [0x00000000e0000000, 0x00000000e0000000, 0x00000000e5560000)
  from space 21824K,  67% used [0x00000000e5560000, 0x00000000e63d3840, 0x00000000e6ab0000)
  to   space 21824K,   0% used [0x00000000e6ab0000, 0x00000000e6ab0000, 0x00000000e8000000)
 concurrent mark-sweep generation total 393216K, used 6877K [0x00000000e8000000, 0x0000000100000000, 0x0000000100000000)
 Metaspace       used 27988K, capacity 28488K, committed 28796K, reserved 1075200K
  class space    used 3213K, capacity 3389K, committed 3452K, reserved 1048576K
}
2017-05-23T07:04:16.387+0200: 175,959: Total time for which application threads were stopped: 0,0132935 seconds, Stopping threads took: 0,0000315 seconds
2017-05-23T07:04:16.387+0200: 175,960: Total time for which application threads were stopped: 0,0000503 seconds, Stopping threads took: 0,0000105 seconds
2017-05-23T07:04:16.388+0200: 175,960: Total time for which application threads were stopped: 0,0000481 seconds, Stopping threads took: 0,0000156 seconds
2017-05-23T07:04:21.389+0200: 180,961: Total time for which application threads were stopped: 0,0000905 seconds, Stopping threads took: 0,0000306 seconds
2017-05-23T07:05:51.400+0200: 270,972: Total time for which application threads were stopped: 0,0001147 seconds, Stopping threads took: 0,0000413 seconds
2017-05-23T07:10:58.340+0200: 577,912: Total time for which application threads were stopped: 0,0030882 seconds, Stopping threads took: 0,0029769 seconds
2017-05-23T07:10:58.342+0200: 577,915: Total time for which application threads were stopped: 0,0001335 seconds, Stopping threads took: 0,0000476 seconds
2017-05-23T07:10:58.350+0200: 577,923: Total time for which application threads were stopped: 0,0002325 seconds, Stopping threads took: 0,0000823 seconds
2017-05-23T07:10:58.357+0200: 577,929: Total time for which application threads were stopped: 0,0049997 seconds, Stopping threads took: 0,0049226 seconds
2017-05-23T07:10:58.372+0200: 577,944: Total time for which application threads were stopped: 0,0001012 seconds, Stopping threads took: 0,0000238 seconds
2017-05-23T07:10:58.374+0200: 577,946: Total time for which application threads were stopped: 0,0000915 seconds, Stopping threads took: 0,0000169 seconds
2017-05-23T07:10:58.375+0200: 577,947: Total time for which application threads were stopped: 0,0000819 seconds, Stopping threads took: 0,0000148 seconds
2017-05-23T07:10:58.380+0200: 577,952: Total time for which application threads were stopped: 0,0001044 seconds, Stopping threads took: 0,0000163 seconds
2017-05-23T07:10:58.384+0200: 577,956: Total time for which application threads were stopped: 0,0000905 seconds, Stopping threads took: 0,0000173 seconds
2017-05-23T07:10:58.388+0200: 577,960: Total time for which application threads were stopped: 0,0016449 seconds, Stopping threads took: 0,0012987 seconds
2017-05-23T07:10:58.388+0200: 577,960: Total time for which application threads were stopped: 0,0000626 seconds, Stopping threads took: 0,0000114 seconds
2017-05-23T07:10:58.406+0200: 577,979: Total time for which application threads were stopped: 0,0000985 seconds, Stopping threads took: 0,0000267 seconds
2017-05-23T07:10:58.406+0200: 577,979: Total time for which application threads were stopped: 0,0000511 seconds, Stopping threads took: 0,0000144 seconds
2017-05-23T07:10:58.406+0200: 577,979: Total time for which application threads were stopped: 0,0000450 seconds, Stopping threads took: 0,0000124 seconds
2017-05-23T07:10:58.407+0200: 577,979: Total time for which application threads were stopped: 0,0000441 seconds, Stopping threads took: 0,0000131 seconds
2017-05-23T07:10:58.418+0200: 577,990: Total time for which application threads were stopped: 0,0022249 seconds, Stopping threads took: 0,0021257 seconds
2017-05-23T07:10:58.418+0200: 577,990: Total time for which application threads were stopped: 0,0000924 seconds, Stopping threads took: 0,0000309 seconds
2017-05-23T07:10:58.418+0200: 577,991: Total time for which application threads were stopped: 0,0000660 seconds, Stopping threads took: 0,0000176 seconds
2017-05-23T07:10:58.418+0200: 577,991: Total time for which application threads were stopped: 0,0000575 seconds, Stopping threads took: 0,0000147 seconds
2017-05-23T07:10:58.419+0200: 577,991: Total time for which application threads were stopped: 0,0000649 seconds, Stopping threads took: 0,0000169 seconds
2017-05-23T07:10:58.419+0200: 577,991: Total time for which application threads were stopped: 0,0000536 seconds, Stopping threads took: 0,0000149 seconds
2017-05-23T07:10:58.419+0200: 577,991: Total time for which application threads were stopped: 0,0000502 seconds, Stopping threads took: 0,0000135 seconds
2017-05-23T07:10:58.419+0200: 577,992: Total time for which application threads were stopped: 0,0000722 seconds, Stopping threads took: 0,0000249 seconds
2017-05-23T07:10:58.419+0200: 577,992: Total time for which application threads were stopped: 0,0000516 seconds, Stopping threads took: 0,0000158 seconds
2017-05-23T07:10:58.419+0200: 577,992: Total time for which application threads were stopped: 0,0000478 seconds, Stopping threads took: 0,0000123 seconds
2017-05-23T07:10:58.420+0200: 577,992: Total time for which application threads were stopped: 0,0000557 seconds, Stopping threads took: 0,0000142 seconds
2017-05-23T07:10:58.423+0200: 577,996: Total time for which application threads were stopped: 0,0000960 seconds, Stopping threads took: 0,0000350 seconds
2017-05-23T07:10:58.423+0200: 577,996: Total time for which application threads were stopped: 0,0000636 seconds, Stopping threads took: 0,0000225 seconds
2017-05-23T07:10:58.424+0200: 577,996: Total time for which application threads were stopped: 0,0000601 seconds, Stopping threads took: 0,0000222 seconds
2017-05-23T07:10:58.425+0200: 577,997: Total time for which application threads were stopped: 0,0010779 seconds, Stopping threads took: 0,0010054 seconds
2017-05-23T07:10:58.425+0200: 577,998: Total time for which application threads were stopped: 0,0000759 seconds, Stopping threads took: 0,0000270 seconds
2017-05-23T07:10:58.425+0200: 577,998: Total time for which application threads were stopped: 0,0000552 seconds, Stopping threads took: 0,0000140 seconds
2017-05-23T07:10:58.426+0200: 577,998: Total time for which application threads were stopped: 0,0000981 seconds, Stopping threads took: 0,0000364 seconds
2017-05-23T07:10:58.426+0200: 577,999: Total time for which application threads were stopped: 0,0000930 seconds, Stopping threads took: 0,0000375 seconds
2017-05-23T07:10:58.428+0200: 578,001: Total time for which application threads were stopped: 0,0009624 seconds, Stopping threads took: 0,0008610 seconds
2017-05-23T07:10:58.428+0200: 578,001: Total time for which application threads were stopped: 0,0000763 seconds, Stopping threads took: 0,0000361 seconds
2017-05-23T07:10:58.429+0200: 578,001: Total time for which application threads were stopped: 0,0001095 seconds, Stopping threads took: 0,0000109 seconds
2017-05-23T07:10:58.430+0200: 578,003: Total time for which application threads were stopped: 0,0000944 seconds, Stopping threads took: 0,0000343 seconds
2017-05-23T07:10:58.431+0200: 578,003: Total time for which application threads were stopped: 0,0001401 seconds, Stopping threads took: 0,0000367 seconds
Heap
 par new generation   total 109248K, used 33036K [0x00000000e0000000, 0x00000000e8000000, 0x00000000e8000000)
  eden space 87424K,  20% used [0x00000000e0000000, 0x00000000e11cfaf8, 0x00000000e5560000)
  from space 21824K,  67% used [0x00000000e5560000, 0x00000000e63d3840, 0x00000000e6ab0000)
  to   space 21824K,   0% used [0x00000000e6ab0000, 0x00000000e6ab0000, 0x00000000e8000000)
 concurrent mark-sweep generation total 393216K, used 6877K [0x00000000e8000000, 0x0000000100000000, 0x0000000100000000)
 Metaspace       used 28096K, capacity 28662K, committed 28796K, reserved 1075200K
  class space    used 3227K, capacity 3424K, committed 3452K, reserved 1048576K
