OpenJDK 64-Bit Server VM (25.91-b14) for linux-amd64 JRE (1.8.0_91-8u91-b14-3ubuntu1~16.04.1-b14), built on Jul 21 2016 04:13:34 by "buildd" with gcc 5.3.1 20160413
Memory: 4k page, physical 7867876k(7539676k free), swap 8076284k(8076284k free)
CommandLine flags: -XX:CMSInitiatingOccupancyFraction=50 -XX:CMSMaxAbortablePrecleanTime=6000 -XX:+CMSParallelRemarkEnabled -XX:+CMSScavengeBeforeRemark -XX:ConcGCThreads=4 -XX:InitialHeapSize=536870912 -XX:MaxHeapSize=536870912 -XX:MaxTenuringThreshold=8 -XX:NewRatio=3 -XX:OldPLABSize=16 -XX:OnOutOfMemoryError=/opt/solr/bin/oom_solr.sh 8983 /var/solr/logs -XX:ParallelGCThreads=4 -XX:+ParallelRefProcEnabled -XX:PretenureSizeThreshold=67108864 -XX:+PrintGC -XX:+PrintGCApplicationStoppedTime -XX:+PrintGCDateStamps -XX:+PrintGCDetails -XX:+PrintGCTimeStamps -XX:+PrintHeapAtGC -XX:+PrintTenuringDistribution -XX:SurvivorRatio=4 -XX:TargetSurvivorRatio=90 -XX:ThreadStackSize=256 -XX:+UseCMSInitiatingOccupancyOnly -XX:+UseCompressedClassPointers -XX:+UseCompressedOops -XX:+UseConcMarkSweepGC -XX:+UseParNewGC 
2016-11-02T09:18:54.245+0100: 0,132: Total time for which application threads were stopped: 0,0000721 seconds, Stopping threads took: 0,0000160 seconds
2016-11-02T09:18:54.314+0100: 0,201: Total time for which application threads were stopped: 0,0001116 seconds, Stopping threads took: 0,0000169 seconds
2016-11-02T09:18:54.329+0100: 0,216: Total time for which application threads were stopped: 0,0000922 seconds, Stopping threads took: 0,0000224 seconds
2016-11-02T09:18:54.488+0100: 0,375: Total time for which application threads were stopped: 0,0001426 seconds, Stopping threads took: 0,0000147 seconds
2016-11-02T09:18:54.747+0100: 0,634: Total time for which application threads were stopped: 0,0004311 seconds, Stopping threads took: 0,0002818 seconds
2016-11-02T09:18:54.868+0100: 0,755: Total time for which application threads were stopped: 0,0001804 seconds, Stopping threads took: 0,0000241 seconds
2016-11-02T09:18:54.937+0100: 0,824: Total time for which application threads were stopped: 0,0002038 seconds, Stopping threads took: 0,0000207 seconds
2016-11-02T09:18:55.236+0100: 1,124: Total time for which application threads were stopped: 0,0001696 seconds, Stopping threads took: 0,0000203 seconds
2016-11-02T09:18:55.448+0100: 1,335: Total time for which application threads were stopped: 0,0002006 seconds, Stopping threads took: 0,0000192 seconds
2016-11-02T09:18:55.543+0100: 1,430: Total time for which application threads were stopped: 0,0001852 seconds, Stopping threads took: 0,0000163 seconds
2016-11-02T09:18:55.543+0100: 1,431: Total time for which application threads were stopped: 0,0000971 seconds, Stopping threads took: 0,0000055 seconds
2016-11-02T09:18:55.558+0100: 1,446: Total time for which application threads were stopped: 0,0001826 seconds, Stopping threads took: 0,0000212 seconds
2016-11-02T09:18:55.658+0100: 1,545: Total time for which application threads were stopped: 0,0011902 seconds, Stopping threads took: 0,0001230 seconds
2016-11-02T09:18:55.795+0100: 1,683: Total time for which application threads were stopped: 0,0003706 seconds, Stopping threads took: 0,0001707 seconds
{Heap before GC invocations=0 (full 0):
 par new generation   total 109248K, used 87424K [0x00000000e0000000, 0x00000000e8000000, 0x00000000e8000000)
  eden space 87424K, 100% used [0x00000000e0000000, 0x00000000e5560000, 0x00000000e5560000)
  from space 21824K,   0% used [0x00000000e5560000, 0x00000000e5560000, 0x00000000e6ab0000)
  to   space 21824K,   0% used [0x00000000e6ab0000, 0x00000000e6ab0000, 0x00000000e8000000)
 concurrent mark-sweep generation total 393216K, used 0K [0x00000000e8000000, 0x0000000100000000, 0x0000000100000000)
 Metaspace       used 18304K, capacity 18662K, committed 18944K, reserved 1067008K
  class space    used 2084K, capacity 2196K, committed 2304K, reserved 1048576K
2016-11-02T09:18:55.952+0100: 1,839: [GC (Allocation Failure) 2016-11-02T09:18:55.952+0100: 1,839: [ParNew
Desired survivor size 20112992 bytes, new threshold 8 (max 8)
- age   1:   12243200 bytes,   12243200 total
: 87424K->12079K(109248K), 0,0296076 secs] 87424K->12079K(502464K), 0,0296926 secs] [Times: user=0,07 sys=0,02, real=0,03 secs] 
Heap after GC invocations=1 (full 0):
 par new generation   total 109248K, used 12079K [0x00000000e0000000, 0x00000000e8000000, 0x00000000e8000000)
  eden space 87424K,   0% used [0x00000000e0000000, 0x00000000e0000000, 0x00000000e5560000)
  from space 21824K,  55% used [0x00000000e6ab0000, 0x00000000e767bef8, 0x00000000e8000000)
  to   space 21824K,   0% used [0x00000000e5560000, 0x00000000e5560000, 0x00000000e6ab0000)
 concurrent mark-sweep generation total 393216K, used 0K [0x00000000e8000000, 0x0000000100000000, 0x0000000100000000)
 Metaspace       used 18304K, capacity 18662K, committed 18944K, reserved 1067008K
  class space    used 2084K, capacity 2196K, committed 2304K, reserved 1048576K
}
2016-11-02T09:18:55.981+0100: 1,869: Total time for which application threads were stopped: 0,0298735 seconds, Stopping threads took: 0,0000192 seconds
2016-11-02T09:18:56.175+0100: 2,062: Total time for which application threads were stopped: 0,0029216 seconds, Stopping threads took: 0,0026180 seconds
2016-11-02T09:18:56.209+0100: 2,096: Total time for which application threads were stopped: 0,0002768 seconds, Stopping threads took: 0,0000274 seconds
2016-11-02T09:18:56.233+0100: 2,120: Total time for which application threads were stopped: 0,0002605 seconds, Stopping threads took: 0,0000224 seconds
{Heap before GC invocations=1 (full 0):
 par new generation   total 109248K, used 99503K [0x00000000e0000000, 0x00000000e8000000, 0x00000000e8000000)
  eden space 87424K, 100% used [0x00000000e0000000, 0x00000000e5560000, 0x00000000e5560000)
  from space 21824K,  55% used [0x00000000e6ab0000, 0x00000000e767bef8, 0x00000000e8000000)
  to   space 21824K,   0% used [0x00000000e5560000, 0x00000000e5560000, 0x00000000e6ab0000)
 concurrent mark-sweep generation total 393216K, used 0K [0x00000000e8000000, 0x0000000100000000, 0x0000000100000000)
 Metaspace       used 20659K, capacity 20962K, committed 21248K, reserved 1069056K
  class space    used 2401K, capacity 2519K, committed 2560K, reserved 1048576K
2016-11-02T09:18:56.415+0100: 2,302: [GC (Allocation Failure) 2016-11-02T09:18:56.415+0100: 2,302: [ParNew
Desired survivor size 20112992 bytes, new threshold 8 (max 8)
- age   1:    2677288 bytes,    2677288 total
- age   2:    5991296 bytes,    8668584 total
: 99503K->12929K(109248K), 0,0173545 secs] 99503K->12929K(502464K), 0,0174468 secs] [Times: user=0,06 sys=0,01, real=0,01 secs] 
Heap after GC invocations=2 (full 0):
 par new generation   total 109248K, used 12929K [0x00000000e0000000, 0x00000000e8000000, 0x00000000e8000000)
  eden space 87424K,   0% used [0x00000000e0000000, 0x00000000e0000000, 0x00000000e5560000)
  from space 21824K,  59% used [0x00000000e5560000, 0x00000000e6200470, 0x00000000e6ab0000)
  to   space 21824K,   0% used [0x00000000e6ab0000, 0x00000000e6ab0000, 0x00000000e8000000)
 concurrent mark-sweep generation total 393216K, used 0K [0x00000000e8000000, 0x0000000100000000, 0x0000000100000000)
 Metaspace       used 20659K, capacity 20962K, committed 21248K, reserved 1069056K
  class space    used 2401K, capacity 2519K, committed 2560K, reserved 1048576K
}
2016-11-02T09:18:56.433+0100: 2,320: Total time for which application threads were stopped: 0,0213871 seconds, Stopping threads took: 0,0037397 seconds
2016-11-02T09:18:56.496+0100: 2,383: Total time for which application threads were stopped: 0,0000882 seconds, Stopping threads took: 0,0000258 seconds
2016-11-02T09:18:56.509+0100: 2,396: Total time for which application threads were stopped: 0,0002774 seconds, Stopping threads took: 0,0000212 seconds
2016-11-02T09:18:56.519+0100: 2,407: Total time for which application threads were stopped: 0,0000733 seconds, Stopping threads took: 0,0000165 seconds
2016-11-02T09:18:56.560+0100: 2,447: Total time for which application threads were stopped: 0,0001285 seconds, Stopping threads took: 0,0000267 seconds
2016-11-02T09:18:56.583+0100: 2,470: Total time for which application threads were stopped: 0,0001012 seconds, Stopping threads took: 0,0000296 seconds
2016-11-02T09:18:56.604+0100: 2,491: Total time for which application threads were stopped: 0,0002748 seconds, Stopping threads took: 0,0000205 seconds
2016-11-02T09:18:56.607+0100: 2,494: Total time for which application threads were stopped: 0,0000659 seconds, Stopping threads took: 0,0000197 seconds
2016-11-02T09:18:56.641+0100: 2,528: Total time for which application threads were stopped: 0,0000811 seconds, Stopping threads took: 0,0000203 seconds
2016-11-02T09:18:56.658+0100: 2,545: Total time for which application threads were stopped: 0,0000753 seconds, Stopping threads took: 0,0000214 seconds
2016-11-02T09:18:56.671+0100: 2,558: Total time for which application threads were stopped: 0,0001151 seconds, Stopping threads took: 0,0000298 seconds
2016-11-02T09:18:56.688+0100: 2,575: Total time for which application threads were stopped: 0,0000656 seconds, Stopping threads took: 0,0000149 seconds
2016-11-02T09:18:56.718+0100: 2,605: Total time for which application threads were stopped: 0,0000795 seconds, Stopping threads took: 0,0000120 seconds
2016-11-02T09:18:56.767+0100: 2,655: Total time for which application threads were stopped: 0,0001186 seconds, Stopping threads took: 0,0000305 seconds
2016-11-02T09:18:56.791+0100: 2,679: Total time for which application threads were stopped: 0,0001028 seconds, Stopping threads took: 0,0000217 seconds
2016-11-02T09:18:56.820+0100: 2,708: Total time for which application threads were stopped: 0,0000965 seconds, Stopping threads took: 0,0000335 seconds
2016-11-02T09:18:56.858+0100: 2,745: Total time for which application threads were stopped: 0,0001261 seconds, Stopping threads took: 0,0000246 seconds
2016-11-02T09:18:56.882+0100: 2,770: Total time for which application threads were stopped: 0,0003454 seconds, Stopping threads took: 0,0000332 seconds
2016-11-02T09:18:56.885+0100: 2,773: Total time for which application threads were stopped: 0,0000985 seconds, Stopping threads took: 0,0000267 seconds
2016-11-02T09:18:56.945+0100: 2,832: Total time for which application threads were stopped: 0,0001291 seconds, Stopping threads took: 0,0000341 seconds
2016-11-02T09:18:56.980+0100: 2,867: Total time for which application threads were stopped: 0,0001119 seconds, Stopping threads took: 0,0000338 seconds
2016-11-02T09:18:57.005+0100: 2,893: Total time for which application threads were stopped: 0,0000957 seconds, Stopping threads took: 0,0000232 seconds
2016-11-02T09:18:57.006+0100: 2,893: Total time for which application threads were stopped: 0,0000647 seconds, Stopping threads took: 0,0000279 seconds
{Heap before GC invocations=2 (full 0):
 par new generation   total 109248K, used 100353K [0x00000000e0000000, 0x00000000e8000000, 0x00000000e8000000)
  eden space 87424K, 100% used [0x00000000e0000000, 0x00000000e5560000, 0x00000000e5560000)
  from space 21824K,  59% used [0x00000000e5560000, 0x00000000e6200470, 0x00000000e6ab0000)
  to   space 21824K,   0% used [0x00000000e6ab0000, 0x00000000e6ab0000, 0x00000000e8000000)
 concurrent mark-sweep generation total 393216K, used 0K [0x00000000e8000000, 0x0000000100000000, 0x0000000100000000)
 Metaspace       used 26504K, capacity 26918K, committed 27196K, reserved 1073152K
  class space    used 3082K, capacity 3223K, committed 3248K, reserved 1048576K
2016-11-02T09:18:57.011+0100: 2,898: [GC (Allocation Failure) 2016-11-02T09:18:57.011+0100: 2,898: [ParNew
Desired survivor size 20112992 bytes, new threshold 8 (max 8)
- age   1:    8685128 bytes,    8685128 total
- age   2:     517008 bytes,    9202136 total
- age   3:    5982368 bytes,   15184504 total
: 100353K->17100K(109248K), 0,0134789 secs] 100353K->17100K(502464K), 0,0135488 secs] [Times: user=0,04 sys=0,00, real=0,01 secs] 
Heap after GC invocations=3 (full 0):
 par new generation   total 109248K, used 17100K [0x00000000e0000000, 0x00000000e8000000, 0x00000000e8000000)
  eden space 87424K,   0% used [0x00000000e0000000, 0x00000000e0000000, 0x00000000e5560000)
  from space 21824K,  78% used [0x00000000e6ab0000, 0x00000000e7b63170, 0x00000000e8000000)
  to   space 21824K,   0% used [0x00000000e5560000, 0x00000000e5560000, 0x00000000e6ab0000)
 concurrent mark-sweep generation total 393216K, used 0K [0x00000000e8000000, 0x0000000100000000, 0x0000000100000000)
 Metaspace       used 26504K, capacity 26918K, committed 27196K, reserved 1073152K
  class space    used 3082K, capacity 3223K, committed 3248K, reserved 1048576K
}
2016-11-02T09:18:57.025+0100: 2,912: Total time for which application threads were stopped: 0,0137482 seconds, Stopping threads took: 0,0000704 seconds
2016-11-02T09:18:57.025+0100: 2,912: [GC (CMS Initial Mark) [1 CMS-initial-mark: 0K(393216K)] 17104K(502464K), 0,0044916 secs] [Times: user=0,02 sys=0,00, real=0,01 secs] 
2016-11-02T09:18:57.030+0100: 2,917: Total time for which application threads were stopped: 0,0046299 seconds, Stopping threads took: 0,0000416 seconds
2016-11-02T09:18:57.030+0100: 2,917: [CMS-concurrent-mark-start]
2016-11-02T09:18:57.030+0100: 2,918: [CMS-concurrent-mark: 0,001/0,001 secs] [Times: user=0,00 sys=0,00, real=0,00 secs] 
2016-11-02T09:18:57.030+0100: 2,918: [CMS-concurrent-preclean-start]
2016-11-02T09:18:57.032+0100: 2,919: [CMS-concurrent-preclean: 0,001/0,001 secs] [Times: user=0,01 sys=0,00, real=0,00 secs] 
2016-11-02T09:18:57.032+0100: 2,919: [GC (CMS Final Remark) [YG occupancy: 18498 K (109248 K)]2016-11-02T09:18:57.032+0100: 2,919: [Rescan (parallel) , 0,0051617 secs]2016-11-02T09:18:57.037+0100: 2,924: [weak refs processing, 0,0033449 secs]2016-11-02T09:18:57.040+0100: 2,928: [class unloading, 0,0034965 secs]2016-11-02T09:18:57.044+0100: 2,931: [scrub symbol table, 0,0036368 secs]2016-11-02T09:18:57.047+0100: 2,935: [scrub string table, 0,0003968 secs][1 CMS-remark: 0K(393216K)] 18498K(502464K), 0,0166953 secs] [Times: user=0,04 sys=0,00, real=0,02 secs] 
2016-11-02T09:18:57.048+0100: 2,936: Total time for which application threads were stopped: 0,0168056 seconds, Stopping threads took: 0,0000308 seconds
2016-11-02T09:18:57.049+0100: 2,936: [CMS-concurrent-sweep-start]
{Heap before GC invocations=3 (full 1):
 par new generation   total 109248K, used 18498K [0x00000000e0000000, 0x00000000e8000000, 0x00000000e8000000)
  eden space 87424K,   1% used [0x00000000e0000000, 0x00000000e015d850, 0x00000000e5560000)
  from space 21824K,  78% used [0x00000000e6ab0000, 0x00000000e7b63170, 0x00000000e8000000)
  to   space 21824K,   0% used [0x00000000e5560000, 0x00000000e5560000, 0x00000000e6ab0000)
 concurrent mark-sweep generation total 393216K, used 0K [0x00000000e8000000, 0x0000000100000000, 0x0000000100000000)
 Metaspace       used 26504K, capacity 26918K, committed 27196K, reserved 1073152K
  class space    used 3082K, capacity 3223K, committed 3248K, reserved 1048576K
2016-11-02T09:18:57.049+0100: 2,936: [GC (GCLocker Initiated GC) 2016-11-02T09:18:57.049+0100: 2,936: [ParNew
Desired survivor size 20112992 bytes, new threshold 8 (max 8)
- age   1:       4608 bytes,       4608 total
- age   2:    3552384 bytes,    3556992 total
- age   3:     517008 bytes,    4074000 total
- age   4:    5982440 bytes,   10056440 total
: 18498K->17880K(109248K), 0,0103444 secs] 18498K->17880K(502464K), 0,0103952 secs] [Times: user=0,03 sys=0,01, real=0,01 secs] 
Heap after GC invocations=4 (full 1):
 par new generation   total 109248K, used 17880K [0x00000000e0000000, 0x00000000e8000000, 0x00000000e8000000)
  eden space 87424K,   0% used [0x00000000e0000000, 0x00000000e0000000, 0x00000000e5560000)
  from space 21824K,  81% used [0x00000000e5560000, 0x00000000e66d61b0, 0x00000000e6ab0000)
  to   space 21824K,   0% used [0x00000000e6ab0000, 0x00000000e6ab0000, 0x00000000e8000000)
 concurrent mark-sweep generation total 393216K, used 0K [0x00000000e8000000, 0x0000000100000000, 0x0000000100000000)
 Metaspace       used 26504K, capacity 26918K, committed 27196K, reserved 1073152K
  class space    used 3082K, capacity 3223K, committed 3248K, reserved 1048576K
}
2016-11-02T09:18:57.059+0100: 2,946: Total time for which application threads were stopped: 0,0105313 seconds, Stopping threads took: 0,0000375 seconds
2016-11-02T09:18:57.059+0100: 2,946: [CMS-concurrent-sweep: 0,011/0,011 secs] [Times: user=0,03 sys=0,01, real=0,01 secs] 
2016-11-02T09:18:57.059+0100: 2,946: [CMS-concurrent-reset-start]
2016-11-02T09:18:57.061+0100: 2,948: [CMS-concurrent-reset: 0,002/0,002 secs] [Times: user=0,01 sys=0,00, real=0,00 secs] 
2016-11-02T09:18:58.059+0100: 3,946: Total time for which application threads were stopped: 0,0000825 seconds, Stopping threads took: 0,0000157 seconds
2016-11-02T09:18:58.175+0100: 4,062: Total time for which application threads were stopped: 0,0002721 seconds, Stopping threads took: 0,0000155 seconds
2016-11-02T09:21:35.383+0100: 162,082: Total time for which application threads were stopped: 0,0001368 seconds, Stopping threads took: 0,0000634 seconds
2016-11-02T09:21:40.384+0100: 167,083: Total time for which application threads were stopped: 0,0000678 seconds, Stopping threads took: 0,0000177 seconds
2016-11-02T09:21:54.385+0100: 181,085: Total time for which application threads were stopped: 0,0000586 seconds, Stopping threads took: 0,0000158 seconds
2016-11-02T09:22:30.390+0100: 217,089: Total time for which application threads were stopped: 0,0000823 seconds, Stopping threads took: 0,0000334 seconds
2016-11-02T09:23:24.396+0100: 271,095: Total time for which application threads were stopped: 0,0000848 seconds, Stopping threads took: 0,0000362 seconds
2016-11-02T09:23:40.398+0100: 287,098: Total time for which application threads were stopped: 0,0004155 seconds, Stopping threads took: 0,0001888 seconds
2016-11-02T09:42:34.532+0100: 1421,232: Total time for which application threads were stopped: 0,0001283 seconds, Stopping threads took: 0,0000488 seconds
2016-11-02T09:46:25.563+0100: 1652,262: Total time for which application threads were stopped: 0,0001160 seconds, Stopping threads took: 0,0000438 seconds
2016-11-02T09:47:34.572+0100: 1721,271: Total time for which application threads were stopped: 0,0000811 seconds, Stopping threads took: 0,0000316 seconds
2016-11-02T09:57:34.642+0100: 2321,342: Total time for which application threads were stopped: 0,0000778 seconds, Stopping threads took: 0,0000315 seconds
2016-11-02T09:57:35.643+0100: 2322,342: Total time for which application threads were stopped: 0,0000576 seconds, Stopping threads took: 0,0000145 seconds
2016-11-02T10:12:10.746+0100: 3197,445: Total time for which application threads were stopped: 0,0000830 seconds, Stopping threads took: 0,0000343 seconds
2016-11-02T10:21:19.810+0100: 3746,510: Total time for which application threads were stopped: 0,0001219 seconds, Stopping threads took: 0,0000313 seconds
2016-11-02T10:22:44.821+0100: 3831,520: Total time for which application threads were stopped: 0,0001125 seconds, Stopping threads took: 0,0000445 seconds
2016-11-02T10:22:49.822+0100: 3836,521: Total time for which application threads were stopped: 0,0000657 seconds, Stopping threads took: 0,0000171 seconds
2016-11-02T10:22:54.822+0100: 3841,522: Total time for which application threads were stopped: 0,0000686 seconds, Stopping threads took: 0,0000144 seconds
2016-11-02T10:25:54.843+0100: 4021,542: Total time for which application threads were stopped: 0,0000870 seconds, Stopping threads took: 0,0000382 seconds
2016-11-02T10:35:37.349+0100: 4604,048: Total time for which application threads were stopped: 0,0001275 seconds, Stopping threads took: 0,0000234 seconds
Heap
 par new generation   total 109248K, used 50604K [0x00000000e0000000, 0x00000000e8000000, 0x00000000e8000000)
  eden space 87424K,  37% used [0x00000000e0000000, 0x00000000e1ff4f30, 0x00000000e5560000)
  from space 21824K,  81% used [0x00000000e5560000, 0x00000000e66d61b0, 0x00000000e6ab0000)
  to   space 21824K,   0% used [0x00000000e6ab0000, 0x00000000e6ab0000, 0x00000000e8000000)
 concurrent mark-sweep generation total 393216K, used 0K [0x00000000e8000000, 0x0000000100000000, 0x0000000100000000)
 Metaspace       used 27066K, capacity 27510K, committed 27836K, reserved 1073152K
  class space    used 3160K, capacity 3289K, committed 3376K, reserved 1048576K
