OpenJDK 64-Bit Server VM (25.131-b11) for linux-amd64 JRE (1.8.0_131-8u131-b11-0ubuntu1.16.04.2-b11), built on May  6 2017 02:45:27 by "buildd" with gcc 5.4.0 20160609
Memory: 4k page, physical 7867740k(7411728k free), swap 8076284k(8076284k free)
CommandLine flags: -XX:CMSInitiatingOccupancyFraction=50 -XX:CMSMaxAbortablePrecleanTime=6000 -XX:+CMSParallelRemarkEnabled -XX:+CMSScavengeBeforeRemark -XX:ConcGCThreads=4 -XX:InitialHeapSize=536870912 -XX:MaxHeapSize=536870912 -XX:MaxTenuringThreshold=8 -XX:NewRatio=3 -XX:OldPLABSize=16 -XX:OnOutOfMemoryError=/opt/solr/bin/oom_solr.sh 8983 /var/solr/logs -XX:ParallelGCThreads=4 -XX:+ParallelRefProcEnabled -XX:PretenureSizeThreshold=67108864 -XX:+PrintGC -XX:+PrintGCApplicationStoppedTime -XX:+PrintGCDateStamps -XX:+PrintGCDetails -XX:+PrintGCTimeStamps -XX:+PrintHeapAtGC -XX:+PrintTenuringDistribution -XX:SurvivorRatio=4 -XX:TargetSurvivorRatio=90 -XX:ThreadStackSize=256 -XX:+UseCMSInitiatingOccupancyOnly -XX:+UseCompressedClassPointers -XX:+UseCompressedOops -XX:+UseConcMarkSweepGC -XX:+UseParNewGC 
2017-06-02T18:07:20.738+0200: 0,137: Total time for which application threads were stopped: 0,0000780 seconds, Stopping threads took: 0,0000129 seconds
2017-06-02T18:07:20.817+0200: 0,215: Total time for which application threads were stopped: 0,0001142 seconds, Stopping threads took: 0,0000235 seconds
2017-06-02T18:07:20.833+0200: 0,232: Total time for which application threads were stopped: 0,0000901 seconds, Stopping threads took: 0,0000139 seconds
2017-06-02T18:07:21.069+0200: 0,468: Total time for which application threads were stopped: 0,0001669 seconds, Stopping threads took: 0,0000213 seconds
2017-06-02T18:07:21.573+0200: 0,971: Total time for which application threads were stopped: 0,0001757 seconds, Stopping threads took: 0,0000219 seconds
2017-06-02T18:07:21.722+0200: 1,121: Total time for which application threads were stopped: 0,0002241 seconds, Stopping threads took: 0,0000294 seconds
2017-06-02T18:07:21.747+0200: 1,146: Total time for which application threads were stopped: 0,0002307 seconds, Stopping threads took: 0,0000658 seconds
2017-06-02T18:07:22.114+0200: 1,513: Total time for which application threads were stopped: 0,0011049 seconds, Stopping threads took: 0,0000910 seconds
2017-06-02T18:07:22.364+0200: 1,763: Total time for which application threads were stopped: 0,0001924 seconds, Stopping threads took: 0,0000158 seconds
2017-06-02T18:07:22.388+0200: 1,787: Total time for which application threads were stopped: 0,0001711 seconds, Stopping threads took: 0,0000225 seconds
2017-06-02T18:07:22.418+0200: 1,817: Total time for which application threads were stopped: 0,0002006 seconds, Stopping threads took: 0,0000178 seconds
2017-06-02T18:07:22.420+0200: 1,818: Total time for which application threads were stopped: 0,0001638 seconds, Stopping threads took: 0,0000193 seconds
2017-06-02T18:07:22.432+0200: 1,830: Total time for which application threads were stopped: 0,0002079 seconds, Stopping threads took: 0,0000227 seconds
2017-06-02T18:07:22.512+0200: 1,910: Total time for which application threads were stopped: 0,0002308 seconds, Stopping threads took: 0,0000255 seconds
2017-06-02T18:07:22.670+0200: 2,068: Total time for which application threads were stopped: 0,0003447 seconds, Stopping threads took: 0,0000593 seconds
{Heap before GC invocations=0 (full 0):
 par new generation   total 109248K, used 87424K [0x00000000e0000000, 0x00000000e8000000, 0x00000000e8000000)
  eden space 87424K, 100% used [0x00000000e0000000, 0x00000000e5560000, 0x00000000e5560000)
  from space 21824K,   0% used [0x00000000e5560000, 0x00000000e5560000, 0x00000000e6ab0000)
  to   space 21824K,   0% used [0x00000000e6ab0000, 0x00000000e6ab0000, 0x00000000e8000000)
 concurrent mark-sweep generation total 393216K, used 0K [0x00000000e8000000, 0x0000000100000000, 0x0000000100000000)
 Metaspace       used 18217K, capacity 18528K, committed 18688K, reserved 1064960K
  class space    used 2058K, capacity 2196K, committed 2304K, reserved 1048576K
2017-06-02T18:07:22.786+0200: 2,185: [GC (Allocation Failure) 2017-06-02T18:07:22.786+0200: 2,185: [ParNew
Desired survivor size 20112992 bytes, new threshold 8 (max 8)
- age   1:   12818744 bytes,   12818744 total
: 87424K->12633K(109248K), 0,0158575 secs] 87424K->12633K(502464K), 0,0159422 secs] [Times: user=0,03 sys=0,03, real=0,02 secs] 
Heap after GC invocations=1 (full 0):
 par new generation   total 109248K, used 12633K [0x00000000e0000000, 0x00000000e8000000, 0x00000000e8000000)
  eden space 87424K,   0% used [0x00000000e0000000, 0x00000000e0000000, 0x00000000e5560000)
  from space 21824K,  57% used [0x00000000e6ab0000, 0x00000000e7706540, 0x00000000e8000000)
  to   space 21824K,   0% used [0x00000000e5560000, 0x00000000e5560000, 0x00000000e6ab0000)
 concurrent mark-sweep generation total 393216K, used 0K [0x00000000e8000000, 0x0000000100000000, 0x0000000100000000)
 Metaspace       used 18217K, capacity 18528K, committed 18688K, reserved 1064960K
  class space    used 2058K, capacity 2196K, committed 2304K, reserved 1048576K
}
2017-06-02T18:07:22.802+0200: 2,201: Total time for which application threads were stopped: 0,0161639 seconds, Stopping threads took: 0,0000440 seconds
2017-06-02T18:07:23.083+0200: 2,481: Total time for which application threads were stopped: 0,0024216 seconds, Stopping threads took: 0,0021160 seconds
2017-06-02T18:07:23.134+0200: 2,533: Total time for which application threads were stopped: 0,0003781 seconds, Stopping threads took: 0,0000715 seconds
{Heap before GC invocations=1 (full 0):
 par new generation   total 109248K, used 100057K [0x00000000e0000000, 0x00000000e8000000, 0x00000000e8000000)
  eden space 87424K, 100% used [0x00000000e0000000, 0x00000000e5560000, 0x00000000e5560000)
  from space 21824K,  57% used [0x00000000e6ab0000, 0x00000000e7706540, 0x00000000e8000000)
  to   space 21824K,   0% used [0x00000000e5560000, 0x00000000e5560000, 0x00000000e6ab0000)
 concurrent mark-sweep generation total 393216K, used 0K [0x00000000e8000000, 0x0000000100000000, 0x0000000100000000)
 Metaspace       used 20091K, capacity 20438K, committed 20736K, reserved 1067008K
  class space    used 2298K, capacity 2473K, committed 2560K, reserved 1048576K
2017-06-02T18:07:23.139+0200: 2,537: [GC (Allocation Failure) 2017-06-02T18:07:23.139+0200: 2,538: [ParNew
Desired survivor size 20112992 bytes, new threshold 8 (max 8)
- age   1:    3605440 bytes,    3605440 total
- age   2:    6691888 bytes,   10297328 total
: 100057K->15928K(109248K), 0,0102327 secs] 100057K->15928K(502464K), 0,0103110 secs] [Times: user=0,03 sys=0,01, real=0,01 secs] 
Heap after GC invocations=2 (full 0):
 par new generation   total 109248K, used 15928K [0x00000000e0000000, 0x00000000e8000000, 0x00000000e8000000)
  eden space 87424K,   0% used [0x00000000e0000000, 0x00000000e0000000, 0x00000000e5560000)
  from space 21824K,  72% used [0x00000000e5560000, 0x00000000e64ee000, 0x00000000e6ab0000)
  to   space 21824K,   0% used [0x00000000e6ab0000, 0x00000000e6ab0000, 0x00000000e8000000)
 concurrent mark-sweep generation total 393216K, used 0K [0x00000000e8000000, 0x0000000100000000, 0x0000000100000000)
 Metaspace       used 20091K, capacity 20438K, committed 20736K, reserved 1067008K
  class space    used 2298K, capacity 2473K, committed 2560K, reserved 1048576K
}
2017-06-02T18:07:23.149+0200: 2,548: Total time for which application threads were stopped: 0,0104996 seconds, Stopping threads took: 0,0000507 seconds
2017-06-02T18:07:23.190+0200: 2,589: Total time for which application threads were stopped: 0,0004374 seconds, Stopping threads took: 0,0000388 seconds
2017-06-02T18:07:23.334+0200: 2,733: Total time for which application threads were stopped: 0,0002017 seconds, Stopping threads took: 0,0000626 seconds
{Heap before GC invocations=2 (full 0):
 par new generation   total 109248K, used 103352K [0x00000000e0000000, 0x00000000e8000000, 0x00000000e8000000)
  eden space 87424K, 100% used [0x00000000e0000000, 0x00000000e5560000, 0x00000000e5560000)
  from space 21824K,  72% used [0x00000000e5560000, 0x00000000e64ee000, 0x00000000e6ab0000)
  to   space 21824K,   0% used [0x00000000e6ab0000, 0x00000000e6ab0000, 0x00000000e8000000)
 concurrent mark-sweep generation total 393216K, used 0K [0x00000000e8000000, 0x0000000100000000, 0x0000000100000000)
 Metaspace       used 21008K, capacity 21360K, committed 21628K, reserved 1069056K
  class space    used 2425K, capacity 2592K, committed 2684K, reserved 1048576K
2017-06-02T18:07:23.369+0200: 2,768: [GC (Allocation Failure) 2017-06-02T18:07:23.369+0200: 2,768: [ParNew
Desired survivor size 20112992 bytes, new threshold 8 (max 8)
- age   1:    2337008 bytes,    2337008 total
- age   2:     835080 bytes,    3172088 total
- age   3:    6685752 bytes,    9857840 total
: 103352K->10135K(109248K), 0,0129821 secs] 103352K->10135K(502464K), 0,0130651 secs] [Times: user=0,04 sys=0,00, real=0,01 secs] 
Heap after GC invocations=3 (full 0):
 par new generation   total 109248K, used 10135K [0x00000000e0000000, 0x00000000e8000000, 0x00000000e8000000)
  eden space 87424K,   0% used [0x00000000e0000000, 0x00000000e0000000, 0x00000000e5560000)
  from space 21824K,  46% used [0x00000000e6ab0000, 0x00000000e7495f08, 0x00000000e8000000)
  to   space 21824K,   0% used [0x00000000e5560000, 0x00000000e5560000, 0x00000000e6ab0000)
 concurrent mark-sweep generation total 393216K, used 0K [0x00000000e8000000, 0x0000000100000000, 0x0000000100000000)
 Metaspace       used 21008K, capacity 21360K, committed 21628K, reserved 1069056K
  class space    used 2425K, capacity 2592K, committed 2684K, reserved 1048576K
}
2017-06-02T18:07:23.382+0200: 2,781: Total time for which application threads were stopped: 0,0132564 seconds, Stopping threads took: 0,0000551 seconds
2017-06-02T18:07:23.382+0200: 2,781: [GC (CMS Initial Mark) [1 CMS-initial-mark: 0K(393216K)] 10853K(502464K), 0,0034295 secs] [Times: user=0,01 sys=0,00, real=0,00 secs] 
2017-06-02T18:07:23.386+0200: 2,785: Total time for which application threads were stopped: 0,0035745 seconds, Stopping threads took: 0,0000644 seconds
2017-06-02T18:07:23.386+0200: 2,785: [CMS-concurrent-mark-start]
2017-06-02T18:07:23.390+0200: 2,789: [CMS-concurrent-mark: 0,005/0,005 secs] [Times: user=0,02 sys=0,00, real=0,01 secs] 
2017-06-02T18:07:23.391+0200: 2,789: [CMS-concurrent-preclean-start]
2017-06-02T18:07:23.392+0200: 2,791: [CMS-concurrent-preclean: 0,001/0,001 secs] [Times: user=0,01 sys=0,00, real=0,00 secs] 
2017-06-02T18:07:23.392+0200: 2,791: [CMS-concurrent-abortable-preclean-start]
2017-06-02T18:07:23.450+0200: 2,849: Total time for which application threads were stopped: 0,0001272 seconds, Stopping threads took: 0,0000456 seconds
{Heap before GC invocations=3 (full 1):
 par new generation   total 109248K, used 97559K [0x00000000e0000000, 0x00000000e8000000, 0x00000000e8000000)
  eden space 87424K, 100% used [0x00000000e0000000, 0x00000000e5560000, 0x00000000e5560000)
  from space 21824K,  46% used [0x00000000e6ab0000, 0x00000000e7495f08, 0x00000000e8000000)
  to   space 21824K,   0% used [0x00000000e5560000, 0x00000000e5560000, 0x00000000e6ab0000)
 concurrent mark-sweep generation total 393216K, used 0K [0x00000000e8000000, 0x0000000100000000, 0x0000000100000000)
 Metaspace       used 21250K, capacity 21631K, committed 21884K, reserved 1069056K
  class space    used 2448K, capacity 2607K, committed 2684K, reserved 1048576K
2017-06-02T18:07:23.486+0200: 2,885: [GC (Allocation Failure) 2017-06-02T18:07:23.486+0200: 2,885: [ParNew
Desired survivor size 20112992 bytes, new threshold 8 (max 8)
- age   1:    1381872 bytes,    1381872 total
- age   2:    1456000 bytes,    2837872 total
- age   3:     803672 bytes,    3641544 total
- age   4:    6685968 bytes,   10327512 total
: 97559K->14605K(109248K), 0,0108775 secs] 97559K->14605K(502464K), 0,0109357 secs] [Times: user=0,04 sys=0,00, real=0,01 secs] 
Heap after GC invocations=4 (full 1):
 par new generation   total 109248K, used 14605K [0x00000000e0000000, 0x00000000e8000000, 0x00000000e8000000)
  eden space 87424K,   0% used [0x00000000e0000000, 0x00000000e0000000, 0x00000000e5560000)
  from space 21824K,  66% used [0x00000000e5560000, 0x00000000e63a37c0, 0x00000000e6ab0000)
  to   space 21824K,   0% used [0x00000000e6ab0000, 0x00000000e6ab0000, 0x00000000e8000000)
 concurrent mark-sweep generation total 393216K, used 0K [0x00000000e8000000, 0x0000000100000000, 0x0000000100000000)
 Metaspace       used 21250K, capacity 21631K, committed 21884K, reserved 1069056K
  class space    used 2448K, capacity 2607K, committed 2684K, reserved 1048576K
}
2017-06-02T18:07:23.497+0200: 2,896: Total time for which application threads were stopped: 0,0132448 seconds, Stopping threads took: 0,0021848 seconds
2017-06-02T18:07:23.497+0200: 2,896: [CMS-concurrent-abortable-preclean: 0,060/0,106 secs] [Times: user=0,41 sys=0,00, real=0,11 secs] 
2017-06-02T18:07:23.498+0200: 2,896: [GC (CMS Final Remark) [YG occupancy: 15917 K (109248 K)]{Heap before GC invocations=4 (full 1):
 par new generation   total 109248K, used 15917K [0x00000000e0000000, 0x00000000e8000000, 0x00000000e8000000)
  eden space 87424K,   1% used [0x00000000e0000000, 0x00000000e0147ff8, 0x00000000e5560000)
  from space 21824K,  66% used [0x00000000e5560000, 0x00000000e63a37c0, 0x00000000e6ab0000)
  to   space 21824K,   0% used [0x00000000e6ab0000, 0x00000000e6ab0000, 0x00000000e8000000)
 concurrent mark-sweep generation total 393216K, used 0K [0x00000000e8000000, 0x0000000100000000, 0x0000000100000000)
 Metaspace       used 21250K, capacity 21631K, committed 21884K, reserved 1069056K
  class space    used 2448K, capacity 2607K, committed 2684K, reserved 1048576K
2017-06-02T18:07:23.498+0200: 2,896: [GC (CMS Final Remark) 2017-06-02T18:07:23.498+0200: 2,896: [ParNew
Desired survivor size 20112992 bytes, new threshold 8 (max 8)
- age   1:      22352 bytes,      22352 total
- age   2:    1247040 bytes,    1269392 total
- age   3:    1456000 bytes,    2725392 total
- age   4:     803672 bytes,    3529064 total
- age   5:    6685656 bytes,   10214720 total
: 15917K->11737K(109248K), 0,0178878 secs] 15917K->11737K(502464K), 0,0179237 secs] [Times: user=0,06 sys=0,00, real=0,02 secs] 
Heap after GC invocations=5 (full 1):
 par new generation   total 109248K, used 11737K [0x00000000e0000000, 0x00000000e8000000, 0x00000000e8000000)
  eden space 87424K,   0% used [0x00000000e0000000, 0x00000000e0000000, 0x00000000e5560000)
  from space 21824K,  53% used [0x00000000e6ab0000, 0x00000000e7626400, 0x00000000e8000000)
  to   space 21824K,   0% used [0x00000000e5560000, 0x00000000e5560000, 0x00000000e6ab0000)
 concurrent mark-sweep generation total 393216K, used 0K [0x00000000e8000000, 0x0000000100000000, 0x0000000100000000)
 Metaspace       used 21250K, capacity 21631K, committed 21884K, reserved 1069056K
  class space    used 2448K, capacity 2607K, committed 2684K, reserved 1048576K
}
2017-06-02T18:07:23.516+0200: 2,914: [Rescan (parallel) , 0,0032673 secs]2017-06-02T18:07:23.519+0200: 2,918: [weak refs processing, 0,0007185 secs]2017-06-02T18:07:23.520+0200: 2,918: [class unloading, 0,0027971 secs]2017-06-02T18:07:23.522+0200: 2,921: [scrub symbol table, 0,0024322 secs]2017-06-02T18:07:23.525+0200: 2,924: [scrub string table, 0,0003641 secs][1 CMS-remark: 0K(393216K)] 11737K(502464K), 0,0281421 secs] [Times: user=0,08 sys=0,00, real=0,02 secs] 
2017-06-02T18:07:23.526+0200: 2,925: Total time for which application threads were stopped: 0,0282594 seconds, Stopping threads took: 0,0000451 seconds
2017-06-02T18:07:23.527+0200: 2,926: [CMS-concurrent-sweep-start]
2017-06-02T18:07:23.527+0200: 2,926: [CMS-concurrent-sweep: 0,000/0,000 secs] [Times: user=0,00 sys=0,00, real=0,00 secs] 
2017-06-02T18:07:23.527+0200: 2,926: [CMS-concurrent-reset-start]
2017-06-02T18:07:23.529+0200: 2,928: [CMS-concurrent-reset: 0,002/0,002 secs] [Times: user=0,01 sys=0,00, real=0,00 secs] 
{Heap before GC invocations=5 (full 1):
 par new generation   total 109248K, used 99161K [0x00000000e0000000, 0x00000000e8000000, 0x00000000e8000000)
  eden space 87424K, 100% used [0x00000000e0000000, 0x00000000e5560000, 0x00000000e5560000)
  from space 21824K,  53% used [0x00000000e6ab0000, 0x00000000e7626400, 0x00000000e8000000)
  to   space 21824K,   0% used [0x00000000e5560000, 0x00000000e5560000, 0x00000000e6ab0000)
 concurrent mark-sweep generation total 393216K, used 0K [0x00000000e8000000, 0x0000000100000000, 0x0000000100000000)
 Metaspace       used 21383K, capacity 21809K, committed 21884K, reserved 1069056K
  class space    used 2469K, capacity 2642K, committed 2684K, reserved 1048576K
2017-06-02T18:07:23.603+0200: 3,002: [GC (Allocation Failure) 2017-06-02T18:07:23.603+0200: 3,002: [ParNew
Desired survivor size 20112992 bytes, new threshold 8 (max 8)
- age   1:     306744 bytes,     306744 total
- age   2:         32 bytes,     306776 total
- age   3:     181088 bytes,     487864 total
- age   4:    1455480 bytes,    1943344 total
- age   5:     801672 bytes,    2745016 total
- age   6:    6685928 bytes,    9430944 total
: 99161K->13422K(109248K), 0,0105837 secs] 99161K->13422K(502464K), 0,0106519 secs] [Times: user=0,04 sys=0,00, real=0,01 secs] 
Heap after GC invocations=6 (full 1):
 par new generation   total 109248K, used 13422K [0x00000000e0000000, 0x00000000e8000000, 0x00000000e8000000)
  eden space 87424K,   0% used [0x00000000e0000000, 0x00000000e0000000, 0x00000000e5560000)
  from space 21824K,  61% used [0x00000000e5560000, 0x00000000e627bbc0, 0x00000000e6ab0000)
  to   space 21824K,   0% used [0x00000000e6ab0000, 0x00000000e6ab0000, 0x00000000e8000000)
 concurrent mark-sweep generation total 393216K, used 0K [0x00000000e8000000, 0x0000000100000000, 0x0000000100000000)
 Metaspace       used 21383K, capacity 21809K, committed 21884K, reserved 1069056K
  class space    used 2469K, capacity 2642K, committed 2684K, reserved 1048576K
}
2017-06-02T18:07:23.614+0200: 3,012: Total time for which application threads were stopped: 0,0109317 seconds, Stopping threads took: 0,0001420 seconds
2017-06-02T18:07:23.642+0200: 3,041: Total time for which application threads were stopped: 0,0003156 seconds, Stopping threads took: 0,0000200 seconds
2017-06-02T18:07:23.889+0200: 3,287: Total time for which application threads were stopped: 0,0005164 seconds, Stopping threads took: 0,0000211 seconds
2017-06-02T18:07:23.905+0200: 3,304: Total time for which application threads were stopped: 0,0004614 seconds, Stopping threads took: 0,0000296 seconds
{Heap before GC invocations=6 (full 1):
 par new generation   total 109248K, used 100846K [0x00000000e0000000, 0x00000000e8000000, 0x00000000e8000000)
  eden space 87424K, 100% used [0x00000000e0000000, 0x00000000e5560000, 0x00000000e5560000)
  from space 21824K,  61% used [0x00000000e5560000, 0x00000000e627bbc0, 0x00000000e6ab0000)
  to   space 21824K,   0% used [0x00000000e6ab0000, 0x00000000e6ab0000, 0x00000000e8000000)
 concurrent mark-sweep generation total 393216K, used 0K [0x00000000e8000000, 0x0000000100000000, 0x0000000100000000)
 Metaspace       used 23742K, capacity 24187K, committed 24316K, reserved 1071104K
  class space    used 2790K, capacity 2985K, committed 3068K, reserved 1048576K
2017-06-02T18:07:24.044+0200: 3,443: [GC (Allocation Failure) 2017-06-02T18:07:24.044+0200: 3,443: [ParNew
Desired survivor size 20112992 bytes, new threshold 8 (max 8)
- age   1:    5073896 bytes,    5073896 total
- age   2:     137544 bytes,    5211440 total
- age   3:         32 bytes,    5211472 total
- age   4:     179712 bytes,    5391184 total
- age   5:     285624 bytes,    5676808 total
- age   6:     777448 bytes,    6454256 total
- age   7:    6677384 bytes,   13131640 total
: 100846K->15649K(109248K), 0,0158811 secs] 100846K->15649K(502464K), 0,0159518 secs] [Times: user=0,05 sys=0,00, real=0,02 secs] 
Heap after GC invocations=7 (full 1):
 par new generation   total 109248K, used 15649K [0x00000000e0000000, 0x00000000e8000000, 0x00000000e8000000)
  eden space 87424K,   0% used [0x00000000e0000000, 0x00000000e0000000, 0x00000000e5560000)
  from space 21824K,  71% used [0x00000000e6ab0000, 0x00000000e79f8640, 0x00000000e8000000)
  to   space 21824K,   0% used [0x00000000e5560000, 0x00000000e5560000, 0x00000000e6ab0000)
 concurrent mark-sweep generation total 393216K, used 0K [0x00000000e8000000, 0x0000000100000000, 0x0000000100000000)
 Metaspace       used 23742K, capacity 24187K, committed 24316K, reserved 1071104K
  class space    used 2790K, capacity 2985K, committed 3068K, reserved 1048576K
}
2017-06-02T18:07:24.060+0200: 3,459: Total time for which application threads were stopped: 0,0162218 seconds, Stopping threads took: 0,0000620 seconds
{Heap before GC invocations=7 (full 1):
 par new generation   total 109248K, used 103073K [0x00000000e0000000, 0x00000000e8000000, 0x00000000e8000000)
  eden space 87424K, 100% used [0x00000000e0000000, 0x00000000e5560000, 0x00000000e5560000)
  from space 21824K,  71% used [0x00000000e6ab0000, 0x00000000e79f8640, 0x00000000e8000000)
  to   space 21824K,   0% used [0x00000000e5560000, 0x00000000e5560000, 0x00000000e6ab0000)
 concurrent mark-sweep generation total 393216K, used 0K [0x00000000e8000000, 0x0000000100000000, 0x0000000100000000)
 Metaspace       used 24279K, capacity 24711K, committed 24828K, reserved 1071104K
  class space    used 2853K, capacity 3052K, committed 3068K, reserved 1048576K
2017-06-02T18:07:24.172+0200: 3,571: [GC (Allocation Failure) 2017-06-02T18:07:24.172+0200: 3,571: [ParNew
Desired survivor size 20112992 bytes, new threshold 8 (max 8)
- age   1:    2161736 bytes,    2161736 total
- age   2:    1755432 bytes,    3917168 total
- age   3:      72200 bytes,    3989368 total
- age   5:      95344 bytes,    4084712 total
- age   6:     192680 bytes,    4277392 total
- age   7:     731688 bytes,    5009080 total
- age   8:    6144512 bytes,   11153592 total
: 103073K->19321K(109248K), 0,0130827 secs] 103073K->19321K(502464K), 0,0131695 secs] [Times: user=0,04 sys=0,00, real=0,01 secs] 
Heap after GC invocations=8 (full 1):
 par new generation   total 109248K, used 19321K [0x00000000e0000000, 0x00000000e8000000, 0x00000000e8000000)
  eden space 87424K,   0% used [0x00000000e0000000, 0x00000000e0000000, 0x00000000e5560000)
  from space 21824K,  88% used [0x00000000e5560000, 0x00000000e683e428, 0x00000000e6ab0000)
  to   space 21824K,   0% used [0x00000000e6ab0000, 0x00000000e6ab0000, 0x00000000e8000000)
 concurrent mark-sweep generation total 393216K, used 0K [0x00000000e8000000, 0x0000000100000000, 0x0000000100000000)
 Metaspace       used 24279K, capacity 24711K, committed 24828K, reserved 1071104K
  class space    used 2853K, capacity 3052K, committed 3068K, reserved 1048576K
}
2017-06-02T18:07:24.185+0200: 3,584: Total time for which application threads were stopped: 0,0133940 seconds, Stopping threads took: 0,0000331 seconds
{Heap before GC invocations=8 (full 1):
 par new generation   total 109248K, used 106745K [0x00000000e0000000, 0x00000000e8000000, 0x00000000e8000000)
  eden space 87424K, 100% used [0x00000000e0000000, 0x00000000e5560000, 0x00000000e5560000)
  from space 21824K,  88% used [0x00000000e5560000, 0x00000000e683e428, 0x00000000e6ab0000)
  to   space 21824K,   0% used [0x00000000e6ab0000, 0x00000000e6ab0000, 0x00000000e8000000)
 concurrent mark-sweep generation total 393216K, used 0K [0x00000000e8000000, 0x0000000100000000, 0x0000000100000000)
 Metaspace       used 24960K, capacity 25403K, committed 25724K, reserved 1071104K
  class space    used 2909K, capacity 3087K, committed 3196K, reserved 1048576K
2017-06-02T18:07:24.311+0200: 3,710: [GC (Allocation Failure) 2017-06-02T18:07:24.312+0200: 3,710: [ParNew
Desired survivor size 20112992 bytes, new threshold 8 (max 8)
- age   1:    1289272 bytes,    1289272 total
- age   2:     618088 bytes,    1907360 total
- age   3:    1730232 bytes,    3637592 total
- age   4:      72200 bytes,    3709792 total
- age   6:      95144 bytes,    3804936 total
- age   7:     186776 bytes,    3991712 total
- age   8:     730152 bytes,    4721864 total
: 106745K->6853K(109248K), 0,0560039 secs] 106745K->12937K(502464K), 0,0560870 secs] [Times: user=0,10 sys=0,00, real=0,06 secs] 
Heap after GC invocations=9 (full 1):
 par new generation   total 109248K, used 6853K [0x00000000e0000000, 0x00000000e8000000, 0x00000000e8000000)
  eden space 87424K,   0% used [0x00000000e0000000, 0x00000000e0000000, 0x00000000e5560000)
  from space 21824K,  31% used [0x00000000e6ab0000, 0x00000000e71617f0, 0x00000000e8000000)
  to   space 21824K,   0% used [0x00000000e5560000, 0x00000000e5560000, 0x00000000e6ab0000)
 concurrent mark-sweep generation total 393216K, used 6083K [0x00000000e8000000, 0x0000000100000000, 0x0000000100000000)
 Metaspace       used 24960K, capacity 25403K, committed 25724K, reserved 1071104K
  class space    used 2909K, capacity 3087K, committed 3196K, reserved 1048576K
}
2017-06-02T18:07:24.368+0200: 3,766: Total time for which application threads were stopped: 0,0600018 seconds, Stopping threads took: 0,0037108 seconds
2017-06-02T18:07:24.610+0200: 4,008: Total time for which application threads were stopped: 0,0005395 seconds, Stopping threads took: 0,0000403 seconds
2017-06-02T18:07:24.630+0200: 4,029: Total time for which application threads were stopped: 0,0003933 seconds, Stopping threads took: 0,0000147 seconds
2017-06-02T18:07:24.665+0200: 4,064: Total time for which application threads were stopped: 0,0064925 seconds, Stopping threads took: 0,0060529 seconds
2017-06-02T18:07:24.697+0200: 4,095: Total time for which application threads were stopped: 0,0001618 seconds, Stopping threads took: 0,0000773 seconds
2017-06-02T18:07:24.697+0200: 4,096: Total time for which application threads were stopped: 0,0000739 seconds, Stopping threads took: 0,0000166 seconds
2017-06-02T18:07:24.698+0200: 4,097: Total time for which application threads were stopped: 0,0000667 seconds, Stopping threads took: 0,0000139 seconds
2017-06-02T18:07:24.701+0200: 4,100: Total time for which application threads were stopped: 0,0000884 seconds, Stopping threads took: 0,0000207 seconds
2017-06-02T18:07:24.702+0200: 4,100: Total time for which application threads were stopped: 0,0003683 seconds, Stopping threads took: 0,0000138 seconds
2017-06-02T18:07:24.702+0200: 4,101: Total time for which application threads were stopped: 0,0001139 seconds, Stopping threads took: 0,0000200 seconds
2017-06-02T18:07:24.703+0200: 4,102: Total time for which application threads were stopped: 0,0001137 seconds, Stopping threads took: 0,0000512 seconds
2017-06-02T18:07:24.703+0200: 4,102: Total time for which application threads were stopped: 0,0000771 seconds, Stopping threads took: 0,0000195 seconds
2017-06-02T18:07:24.703+0200: 4,102: Total time for which application threads were stopped: 0,0000794 seconds, Stopping threads took: 0,0000242 seconds
2017-06-02T18:07:24.706+0200: 4,105: Total time for which application threads were stopped: 0,0023305 seconds, Stopping threads took: 0,0022697 seconds
2017-06-02T18:07:24.730+0200: 4,129: Total time for which application threads were stopped: 0,0001188 seconds, Stopping threads took: 0,0000305 seconds
2017-06-02T18:07:24.731+0200: 4,130: Total time for which application threads were stopped: 0,0001001 seconds, Stopping threads took: 0,0000323 seconds
2017-06-02T18:07:24.731+0200: 4,130: Total time for which application threads were stopped: 0,0001012 seconds, Stopping threads took: 0,0000382 seconds
2017-06-02T18:07:24.732+0200: 4,131: Total time for which application threads were stopped: 0,0000673 seconds, Stopping threads took: 0,0000222 seconds
2017-06-02T18:07:24.733+0200: 4,132: Total time for which application threads were stopped: 0,0001317 seconds, Stopping threads took: 0,0000388 seconds
2017-06-02T18:07:24.734+0200: 4,132: Total time for which application threads were stopped: 0,0001153 seconds, Stopping threads took: 0,0000545 seconds
2017-06-02T18:07:24.734+0200: 4,133: Total time for which application threads were stopped: 0,0000746 seconds, Stopping threads took: 0,0000217 seconds
2017-06-02T18:07:24.734+0200: 4,133: Total time for which application threads were stopped: 0,0000651 seconds, Stopping threads took: 0,0000166 seconds
2017-06-02T18:07:24.734+0200: 4,133: Total time for which application threads were stopped: 0,0000817 seconds, Stopping threads took: 0,0000191 seconds
2017-06-02T18:07:24.734+0200: 4,133: Total time for which application threads were stopped: 0,0000778 seconds, Stopping threads took: 0,0000252 seconds
2017-06-02T18:07:24.735+0200: 4,133: Total time for which application threads were stopped: 0,0000566 seconds, Stopping threads took: 0,0000193 seconds
2017-06-02T18:07:24.735+0200: 4,133: Total time for which application threads were stopped: 0,0000629 seconds, Stopping threads took: 0,0000176 seconds
2017-06-02T18:07:24.738+0200: 4,137: Total time for which application threads were stopped: 0,0001943 seconds, Stopping threads took: 0,0000348 seconds
2017-06-02T18:07:24.742+0200: 4,141: Total time for which application threads were stopped: 0,0001514 seconds, Stopping threads took: 0,0000437 seconds
2017-06-02T18:07:24.744+0200: 4,143: Total time for which application threads were stopped: 0,0001178 seconds, Stopping threads took: 0,0000537 seconds
2017-06-02T18:07:24.744+0200: 4,143: Total time for which application threads were stopped: 0,0000818 seconds, Stopping threads took: 0,0000265 seconds
2017-06-02T18:07:24.745+0200: 4,143: Total time for which application threads were stopped: 0,0000654 seconds, Stopping threads took: 0,0000102 seconds
2017-06-02T18:07:24.745+0200: 4,143: Total time for which application threads were stopped: 0,0000700 seconds, Stopping threads took: 0,0000136 seconds
2017-06-02T18:07:24.745+0200: 4,143: Total time for which application threads were stopped: 0,0000736 seconds, Stopping threads took: 0,0000319 seconds
2017-06-02T18:07:24.745+0200: 4,144: Total time for which application threads were stopped: 0,0000843 seconds, Stopping threads took: 0,0000337 seconds
2017-06-02T18:07:24.745+0200: 4,144: Total time for which application threads were stopped: 0,0000640 seconds, Stopping threads took: 0,0000243 seconds
2017-06-02T18:07:24.745+0200: 4,144: Total time for which application threads were stopped: 0,0000634 seconds, Stopping threads took: 0,0000229 seconds
2017-06-02T18:07:24.745+0200: 4,144: Total time for which application threads were stopped: 0,0000739 seconds, Stopping threads took: 0,0000207 seconds
2017-06-02T18:07:24.746+0200: 4,144: Total time for which application threads were stopped: 0,0000727 seconds, Stopping threads took: 0,0000221 seconds
2017-06-02T18:07:24.746+0200: 4,145: Total time for which application threads were stopped: 0,0000626 seconds, Stopping threads took: 0,0000229 seconds
2017-06-02T18:07:24.750+0200: 4,149: Total time for which application threads were stopped: 0,0043517 seconds, Stopping threads took: 0,0043155 seconds
2017-06-02T18:07:24.750+0200: 4,149: Total time for which application threads were stopped: 0,0000572 seconds, Stopping threads took: 0,0000212 seconds
2017-06-02T18:07:24.751+0200: 4,149: Total time for which application threads were stopped: 0,0000975 seconds, Stopping threads took: 0,0000359 seconds
2017-06-02T18:07:24.751+0200: 4,150: Total time for which application threads were stopped: 0,0000669 seconds, Stopping threads took: 0,0000212 seconds
2017-06-02T18:07:24.751+0200: 4,150: Total time for which application threads were stopped: 0,0000596 seconds, Stopping threads took: 0,0000246 seconds
2017-06-02T18:07:24.751+0200: 4,150: Total time for which application threads were stopped: 0,0000733 seconds, Stopping threads took: 0,0000256 seconds
2017-06-02T18:07:24.751+0200: 4,150: Total time for which application threads were stopped: 0,0000632 seconds, Stopping threads took: 0,0000191 seconds
2017-06-02T18:07:24.754+0200: 4,153: Total time for which application threads were stopped: 0,0001331 seconds, Stopping threads took: 0,0000251 seconds
2017-06-02T18:07:24.755+0200: 4,154: Total time for which application threads were stopped: 0,0002339 seconds, Stopping threads took: 0,0001671 seconds
2017-06-02T18:07:24.755+0200: 4,154: Total time for which application threads were stopped: 0,0001379 seconds, Stopping threads took: 0,0000178 seconds
2017-06-02T18:07:24.755+0200: 4,154: Total time for which application threads were stopped: 0,0001072 seconds, Stopping threads took: 0,0000380 seconds
2017-06-02T18:07:24.784+0200: 4,183: Total time for which application threads were stopped: 0,0001597 seconds, Stopping threads took: 0,0000718 seconds
2017-06-02T18:07:24.790+0200: 4,188: Total time for which application threads were stopped: 0,0001264 seconds, Stopping threads took: 0,0000610 seconds
2017-06-02T18:07:24.809+0200: 4,208: Total time for which application threads were stopped: 0,0004318 seconds, Stopping threads took: 0,0000590 seconds
2017-06-02T18:07:24.810+0200: 4,208: Total time for which application threads were stopped: 0,0000930 seconds, Stopping threads took: 0,0000397 seconds
2017-06-02T18:07:24.815+0200: 4,214: Total time for which application threads were stopped: 0,0002065 seconds, Stopping threads took: 0,0001374 seconds
2017-06-02T18:07:25.816+0200: 5,214: Total time for which application threads were stopped: 0,0000781 seconds, Stopping threads took: 0,0000197 seconds
2017-06-02T18:07:26.816+0200: 6,215: Total time for which application threads were stopped: 0,0000602 seconds, Stopping threads took: 0,0000157 seconds
2017-06-02T18:07:42.817+0200: 22,216: Total time for which application threads were stopped: 0,0000866 seconds, Stopping threads took: 0,0000192 seconds
2017-06-02T18:07:52.819+0200: 32,217: Total time for which application threads were stopped: 0,0000732 seconds, Stopping threads took: 0,0000197 seconds
2017-06-02T18:08:42.829+0200: 82,228: Total time for which application threads were stopped: 0,0003418 seconds, Stopping threads took: 0,0000836 seconds
2017-06-02T18:09:17.833+0200: 117,232: Total time for which application threads were stopped: 0,0000980 seconds, Stopping threads took: 0,0000349 seconds
2017-06-02T18:09:22.834+0200: 122,233: Total time for which application threads were stopped: 0,0004328 seconds, Stopping threads took: 0,0001226 seconds
{Heap before GC invocations=9 (full 1):
 par new generation   total 109248K, used 94277K [0x00000000e0000000, 0x00000000e8000000, 0x00000000e8000000)
  eden space 87424K, 100% used [0x00000000e0000000, 0x00000000e5560000, 0x00000000e5560000)
  from space 21824K,  31% used [0x00000000e6ab0000, 0x00000000e71617f0, 0x00000000e8000000)
  to   space 21824K,   0% used [0x00000000e5560000, 0x00000000e5560000, 0x00000000e6ab0000)
 concurrent mark-sweep generation total 393216K, used 6083K [0x00000000e8000000, 0x0000000100000000, 0x0000000100000000)
 Metaspace       used 28020K, capacity 28523K, committed 28796K, reserved 1075200K
  class space    used 3215K, capacity 3395K, committed 3452K, reserved 1048576K
2017-06-02T18:10:16.597+0200: 175,996: [GC (Allocation Failure) 2017-06-02T18:10:16.597+0200: 175,996: [ParNew
Desired survivor size 20112992 bytes, new threshold 8 (max 8)
- age   1:   10739496 bytes,   10739496 total
- age   2:     341272 bytes,   11080768 total
- age   3:     224664 bytes,   11305432 total
- age   4:    1725792 bytes,   13031224 total
- age   5:      72200 bytes,   13103424 total
- age   7:      95016 bytes,   13198440 total
- age   8:     186680 bytes,   13385120 total
: 94277K->15351K(109248K), 0,0233036 secs] 100361K->22233K(502464K), 0,0233843 secs] [Times: user=0,08 sys=0,00, real=0,02 secs] 
Heap after GC invocations=10 (full 1):
 par new generation   total 109248K, used 15351K [0x00000000e0000000, 0x00000000e8000000, 0x00000000e8000000)
  eden space 87424K,   0% used [0x00000000e0000000, 0x00000000e0000000, 0x00000000e5560000)
  from space 21824K,  70% used [0x00000000e5560000, 0x00000000e645dc10, 0x00000000e6ab0000)
  to   space 21824K,   0% used [0x00000000e6ab0000, 0x00000000e6ab0000, 0x00000000e8000000)
 concurrent mark-sweep generation total 393216K, used 6882K [0x00000000e8000000, 0x0000000100000000, 0x0000000100000000)
 Metaspace       used 28020K, capacity 28523K, committed 28796K, reserved 1075200K
  class space    used 3215K, capacity 3395K, committed 3452K, reserved 1048576K
}
2017-06-02T18:10:16.621+0200: 176,019: Total time for which application threads were stopped: 0,0235849 seconds, Stopping threads took: 0,0000510 seconds
2017-06-02T18:10:16.621+0200: 176,020: Total time for which application threads were stopped: 0,0001214 seconds, Stopping threads took: 0,0000571 seconds
2017-06-02T18:10:16.623+0200: 176,021: Total time for which application threads were stopped: 0,0000747 seconds, Stopping threads took: 0,0000206 seconds
2017-06-02T18:11:46.634+0200: 266,032: Total time for which application threads were stopped: 0,0000916 seconds, Stopping threads took: 0,0000373 seconds
2017-06-02T18:11:47.634+0200: 267,033: Total time for which application threads were stopped: 0,0001129 seconds, Stopping threads took: 0,0000275 seconds
2017-06-02T18:11:52.635+0200: 272,033: Total time for which application threads were stopped: 0,0000974 seconds, Stopping threads took: 0,0000208 seconds
2017-06-02T18:11:57.635+0200: 277,034: Total time for which application threads were stopped: 0,0000704 seconds, Stopping threads took: 0,0000182 seconds
2017-06-02T18:18:07.679+0200: 647,078: Total time for which application threads were stopped: 0,0002229 seconds, Stopping threads took: 0,0001473 seconds
2017-06-02T18:23:27.715+0200: 967,114: Total time for which application threads were stopped: 0,0004145 seconds, Stopping threads took: 0,0001526 seconds
2017-06-02T18:30:51.759+0200: 1411,158: Total time for which application threads were stopped: 0,0001193 seconds, Stopping threads took: 0,0000479 seconds
2017-06-02T18:34:16.780+0200: 1616,178: Total time for which application threads were stopped: 0,0005029 seconds, Stopping threads took: 0,0002010 seconds
2017-06-02T18:34:26.781+0200: 1626,180: Total time for which application threads were stopped: 0,0000705 seconds, Stopping threads took: 0,0000176 seconds
2017-06-02T18:46:07.857+0200: 2327,255: Total time for which application threads were stopped: 0,0004482 seconds, Stopping threads took: 0,0001269 seconds
2017-06-02T18:46:11.857+0200: 2331,256: Total time for which application threads were stopped: 0,0004378 seconds, Stopping threads took: 0,0002573 seconds
2017-06-02T19:04:27.972+0200: 3427,370: Total time for which application threads were stopped: 0,0000784 seconds, Stopping threads took: 0,0000311 seconds
2017-06-02T19:13:23.041+0200: 3962,440: Total time for which application threads were stopped: 0,0001849 seconds, Stopping threads took: 0,0000717 seconds
2017-06-02T19:13:32.043+0200: 3971,441: Total time for which application threads were stopped: 0,0001339 seconds, Stopping threads took: 0,0000294 seconds
2017-06-02T19:13:47.045+0200: 3986,444: Total time for which application threads were stopped: 0,0001593 seconds, Stopping threads took: 0,0000581 seconds
2017-06-02T19:28:48.184+0200: 4887,583: Total time for which application threads were stopped: 0,0001893 seconds, Stopping threads took: 0,0000730 seconds
2017-06-02T19:29:48.194+0200: 4947,593: Total time for which application threads were stopped: 0,0001659 seconds, Stopping threads took: 0,0000656 seconds
2017-06-02T20:00:58.508+0200: 6817,907: Total time for which application threads were stopped: 0,0000911 seconds, Stopping threads took: 0,0000369 seconds
2017-06-02T20:06:52.561+0200: 7171,960: Total time for which application threads were stopped: 0,0000933 seconds, Stopping threads took: 0,0000351 seconds
2017-06-02T20:09:22.583+0200: 7321,982: Total time for which application threads were stopped: 0,0000900 seconds, Stopping threads took: 0,0000322 seconds
2017-06-02T20:14:22.628+0200: 7622,027: Total time for which application threads were stopped: 0,0001985 seconds, Stopping threads took: 0,0000631 seconds
2017-06-02T20:15:22.638+0200: 7682,037: Total time for which application threads were stopped: 0,0000863 seconds, Stopping threads took: 0,0000328 seconds
2017-06-02T21:19:52.258+0200: 11551,657: Total time for which application threads were stopped: 0,0001834 seconds, Stopping threads took: 0,0000688 seconds
2017-06-02T22:23:22.699+0200: 15362,097: Total time for which application threads were stopped: 0,0006449 seconds, Stopping threads took: 0,0001913 seconds
2017-06-02T22:27:00.661+0200: 15580,060: Total time for which application threads were stopped: 0,0001233 seconds, Stopping threads took: 0,0000440 seconds
2017-06-02T22:27:00.662+0200: 15580,060: Total time for which application threads were stopped: 0,0000998 seconds, Stopping threads took: 0,0000297 seconds
2017-06-02T22:27:00.699+0200: 15580,098: Total time for which application threads were stopped: 0,0001084 seconds, Stopping threads took: 0,0000365 seconds
2017-06-02T22:27:00.711+0200: 15580,109: Total time for which application threads were stopped: 0,0047492 seconds, Stopping threads took: 0,0045772 seconds
2017-06-02T22:27:00.718+0200: 15580,116: Total time for which application threads were stopped: 0,0061332 seconds, Stopping threads took: 0,0060435 seconds
2017-06-02T22:27:00.718+0200: 15580,116: Total time for which application threads were stopped: 0,0000731 seconds, Stopping threads took: 0,0000245 seconds
2017-06-02T22:27:00.718+0200: 15580,117: Total time for which application threads were stopped: 0,0000585 seconds, Stopping threads took: 0,0000146 seconds
2017-06-02T22:27:00.718+0200: 15580,117: Total time for which application threads were stopped: 0,0000544 seconds, Stopping threads took: 0,0000141 seconds
2017-06-02T22:27:00.718+0200: 15580,117: Total time for which application threads were stopped: 0,0000517 seconds, Stopping threads took: 0,0000157 seconds
2017-06-02T22:27:00.730+0200: 15580,129: Total time for which application threads were stopped: 0,0070106 seconds, Stopping threads took: 0,0069342 seconds
2017-06-02T22:27:00.730+0200: 15580,129: Total time for which application threads were stopped: 0,0003050 seconds, Stopping threads took: 0,0002375 seconds
2017-06-02T22:27:00.731+0200: 15580,129: Total time for which application threads were stopped: 0,0001429 seconds, Stopping threads took: 0,0000858 seconds
2017-06-02T22:27:00.743+0200: 15580,142: Total time for which application threads were stopped: 0,0050776 seconds, Stopping threads took: 0,0049881 seconds
2017-06-02T22:27:00.744+0200: 15580,143: Total time for which application threads were stopped: 0,0000748 seconds, Stopping threads took: 0,0000132 seconds
2017-06-02T22:27:00.744+0200: 15580,143: Total time for which application threads were stopped: 0,0000577 seconds, Stopping threads took: 0,0000088 seconds
2017-06-02T22:27:00.745+0200: 15580,144: Total time for which application threads were stopped: 0,0000931 seconds, Stopping threads took: 0,0000203 seconds
2017-06-02T22:27:00.747+0200: 15580,146: Total time for which application threads were stopped: 0,0000858 seconds, Stopping threads took: 0,0000165 seconds
2017-06-02T22:27:00.758+0200: 15580,157: Total time for which application threads were stopped: 0,0000818 seconds, Stopping threads took: 0,0000159 seconds
2017-06-02T22:27:00.760+0200: 15580,158: Total time for which application threads were stopped: 0,0001887 seconds, Stopping threads took: 0,0001126 seconds
2017-06-02T22:27:00.763+0200: 15580,161: Total time for which application threads were stopped: 0,0000882 seconds, Stopping threads took: 0,0000157 seconds
2017-06-02T22:27:00.764+0200: 15580,163: Total time for which application threads were stopped: 0,0000890 seconds, Stopping threads took: 0,0000276 seconds
2017-06-02T22:27:00.764+0200: 15580,163: Total time for which application threads were stopped: 0,0000739 seconds, Stopping threads took: 0,0000124 seconds
2017-06-02T22:27:00.764+0200: 15580,163: Total time for which application threads were stopped: 0,0001576 seconds, Stopping threads took: 0,0000131 seconds
2017-06-02T22:27:00.765+0200: 15580,164: Total time for which application threads were stopped: 0,0000654 seconds, Stopping threads took: 0,0000234 seconds
2017-06-02T22:27:00.768+0200: 15580,167: Total time for which application threads were stopped: 0,0022304 seconds, Stopping threads took: 0,0021211 seconds
2017-06-02T22:27:00.771+0200: 15580,170: Total time for which application threads were stopped: 0,0004323 seconds, Stopping threads took: 0,0003578 seconds
2017-06-02T22:27:00.773+0200: 15580,171: Total time for which application threads were stopped: 0,0001191 seconds, Stopping threads took: 0,0000231 seconds
Heap
 par new generation   total 109248K, used 34551K [0x00000000e0000000, 0x00000000e8000000, 0x00000000e8000000)
  eden space 87424K,  21% used [0x00000000e0000000, 0x00000000e12c0390, 0x00000000e5560000)
  from space 21824K,  70% used [0x00000000e5560000, 0x00000000e645dc10, 0x00000000e6ab0000)
  to   space 21824K,   0% used [0x00000000e6ab0000, 0x00000000e6ab0000, 0x00000000e8000000)
 concurrent mark-sweep generation total 393216K, used 6882K [0x00000000e8000000, 0x0000000100000000, 0x0000000100000000)
 Metaspace       used 28181K, capacity 28755K, committed 29052K, reserved 1075200K
  class space    used 3229K, capacity 3429K, committed 3452K, reserved 1048576K
