OpenJDK 64-Bit Server VM (25.121-b13) for linux-amd64 JRE (1.8.0_121-8u121-b13-0ubuntu1.16.04.2-b13), built on Jan 23 2017 15:51:29 by "buildd" with gcc 5.4.0 20160609
Memory: 4k page, physical 7867764k(7545696k free), swap 8076284k(8076284k free)
CommandLine flags: -XX:CMSInitiatingOccupancyFraction=50 -XX:CMSMaxAbortablePrecleanTime=6000 -XX:+CMSParallelRemarkEnabled -XX:+CMSScavengeBeforeRemark -XX:ConcGCThreads=4 -XX:InitialHeapSize=536870912 -XX:MaxHeapSize=536870912 -XX:MaxTenuringThreshold=8 -XX:NewRatio=3 -XX:OldPLABSize=16 -XX:OnOutOfMemoryError=/opt/solr/bin/oom_solr.sh 8983 /var/solr/logs -XX:ParallelGCThreads=4 -XX:+ParallelRefProcEnabled -XX:PretenureSizeThreshold=67108864 -XX:+PrintGC -XX:+PrintGCApplicationStoppedTime -XX:+PrintGCDateStamps -XX:+PrintGCDetails -XX:+PrintGCTimeStamps -XX:+PrintHeapAtGC -XX:+PrintTenuringDistribution -XX:SurvivorRatio=4 -XX:TargetSurvivorRatio=90 -XX:ThreadStackSize=256 -XX:+UseCMSInitiatingOccupancyOnly -XX:+UseCompressedClassPointers -XX:+UseCompressedOops -XX:+UseConcMarkSweepGC -XX:+UseParNewGC 
2017-05-12T08:23:15.833+0200: 0,172: Total time for which application threads were stopped: 0,0000786 seconds, Stopping threads took: 0,0000120 seconds
2017-05-12T08:23:15.926+0200: 0,265: Total time for which application threads were stopped: 0,0001049 seconds, Stopping threads took: 0,0000160 seconds
2017-05-12T08:23:15.954+0200: 0,294: Total time for which application threads were stopped: 0,0001219 seconds, Stopping threads took: 0,0000270 seconds
2017-05-12T08:23:16.288+0200: 0,627: Total time for which application threads were stopped: 0,0001231 seconds, Stopping threads took: 0,0000157 seconds
2017-05-12T08:23:16.737+0200: 1,077: Total time for which application threads were stopped: 0,0001454 seconds, Stopping threads took: 0,0000167 seconds
2017-05-12T08:23:16.832+0200: 1,171: Total time for which application threads were stopped: 0,0003617 seconds, Stopping threads took: 0,0000282 seconds
2017-05-12T08:23:16.879+0200: 1,218: Total time for which application threads were stopped: 0,0001984 seconds, Stopping threads took: 0,0000271 seconds
2017-05-12T08:23:17.347+0200: 1,686: Total time for which application threads were stopped: 0,0003286 seconds, Stopping threads took: 0,0000406 seconds
2017-05-12T08:23:17.622+0200: 1,961: Total time for which application threads were stopped: 0,0001984 seconds, Stopping threads took: 0,0000240 seconds
2017-05-12T08:23:17.646+0200: 1,985: Total time for which application threads were stopped: 0,0001794 seconds, Stopping threads took: 0,0000249 seconds
2017-05-12T08:23:17.693+0200: 2,032: Total time for which application threads were stopped: 0,0001968 seconds, Stopping threads took: 0,0000210 seconds
2017-05-12T08:23:17.694+0200: 2,033: Total time for which application threads were stopped: 0,0001671 seconds, Stopping threads took: 0,0000160 seconds
2017-05-12T08:23:17.714+0200: 2,053: Total time for which application threads were stopped: 0,0001724 seconds, Stopping threads took: 0,0000187 seconds
2017-05-12T08:23:17.782+0200: 2,121: Total time for which application threads were stopped: 0,0002093 seconds, Stopping threads took: 0,0000193 seconds
2017-05-12T08:23:17.964+0200: 2,303: Total time for which application threads were stopped: 0,0003263 seconds, Stopping threads took: 0,0000820 seconds
{Heap before GC invocations=0 (full 0):
 par new generation   total 109248K, used 87424K [0x00000000e0000000, 0x00000000e8000000, 0x00000000e8000000)
  eden space 87424K, 100% used [0x00000000e0000000, 0x00000000e5560000, 0x00000000e5560000)
  from space 21824K,   0% used [0x00000000e5560000, 0x00000000e5560000, 0x00000000e6ab0000)
  to   space 21824K,   0% used [0x00000000e6ab0000, 0x00000000e6ab0000, 0x00000000e8000000)
 concurrent mark-sweep generation total 393216K, used 0K [0x00000000e8000000, 0x0000000100000000, 0x0000000100000000)
 Metaspace       used 18004K, capacity 18336K, committed 18688K, reserved 1064960K
  class space    used 2036K, capacity 2196K, committed 2304K, reserved 1048576K
2017-05-12T08:23:18.044+0200: 2,383: [GC (Allocation Failure) 2017-05-12T08:23:18.044+0200: 2,383: [ParNew
Desired survivor size 20112992 bytes, new threshold 8 (max 8)
- age   1:   12382656 bytes,   12382656 total
: 87424K->12205K(109248K), 0,0170590 secs] 87424K->12205K(502464K), 0,0171347 secs] [Times: user=0,03 sys=0,02, real=0,02 secs] 
Heap after GC invocations=1 (full 0):
 par new generation   total 109248K, used 12205K [0x00000000e0000000, 0x00000000e8000000, 0x00000000e8000000)
  eden space 87424K,   0% used [0x00000000e0000000, 0x00000000e0000000, 0x00000000e5560000)
  from space 21824K,  55% used [0x00000000e6ab0000, 0x00000000e769b760, 0x00000000e8000000)
  to   space 21824K,   0% used [0x00000000e5560000, 0x00000000e5560000, 0x00000000e6ab0000)
 concurrent mark-sweep generation total 393216K, used 0K [0x00000000e8000000, 0x0000000100000000, 0x0000000100000000)
 Metaspace       used 18004K, capacity 18336K, committed 18688K, reserved 1064960K
  class space    used 2036K, capacity 2196K, committed 2304K, reserved 1048576K
}
2017-05-12T08:23:18.061+0200: 2,401: Total time for which application threads were stopped: 0,0173968 seconds, Stopping threads took: 0,0000415 seconds
2017-05-12T08:23:18.428+0200: 2,767: Total time for which application threads were stopped: 0,0003553 seconds, Stopping threads took: 0,0000794 seconds
{Heap before GC invocations=1 (full 0):
 par new generation   total 109248K, used 99629K [0x00000000e0000000, 0x00000000e8000000, 0x00000000e8000000)
  eden space 87424K, 100% used [0x00000000e0000000, 0x00000000e5560000, 0x00000000e5560000)
  from space 21824K,  55% used [0x00000000e6ab0000, 0x00000000e769b760, 0x00000000e8000000)
  to   space 21824K,   0% used [0x00000000e5560000, 0x00000000e5560000, 0x00000000e6ab0000)
 concurrent mark-sweep generation total 393216K, used 0K [0x00000000e8000000, 0x0000000100000000, 0x0000000100000000)
 Metaspace       used 20051K, capacity 20364K, committed 20736K, reserved 1067008K
  class space    used 2294K, capacity 2468K, committed 2560K, reserved 1048576K
2017-05-12T08:23:18.487+0200: 2,826: [GC (Allocation Failure) 2017-05-12T08:23:18.487+0200: 2,826: [ParNew
Desired survivor size 20112992 bytes, new threshold 8 (max 8)
- age   1:    3783488 bytes,    3783488 total
- age   2:    6647344 bytes,   10430832 total
: 99629K->13601K(109248K), 0,0230705 secs] 99629K->13601K(502464K), 0,0231441 secs] [Times: user=0,09 sys=0,00, real=0,02 secs] 
Heap after GC invocations=2 (full 0):
 par new generation   total 109248K, used 13601K [0x00000000e0000000, 0x00000000e8000000, 0x00000000e8000000)
  eden space 87424K,   0% used [0x00000000e0000000, 0x00000000e0000000, 0x00000000e5560000)
  from space 21824K,  62% used [0x00000000e5560000, 0x00000000e62a86a0, 0x00000000e6ab0000)
  to   space 21824K,   0% used [0x00000000e6ab0000, 0x00000000e6ab0000, 0x00000000e8000000)
 concurrent mark-sweep generation total 393216K, used 0K [0x00000000e8000000, 0x0000000100000000, 0x0000000100000000)
 Metaspace       used 20051K, capacity 20364K, committed 20736K, reserved 1067008K
  class space    used 2294K, capacity 2468K, committed 2560K, reserved 1048576K
}
2017-05-12T08:23:18.510+0200: 2,849: Total time for which application threads were stopped: 0,0233737 seconds, Stopping threads took: 0,0000754 seconds
2017-05-12T08:23:18.523+0200: 2,862: Total time for which application threads were stopped: 0,0017713 seconds, Stopping threads took: 0,0014438 seconds
2017-05-12T08:23:18.560+0200: 2,900: Total time for which application threads were stopped: 0,0003534 seconds, Stopping threads took: 0,0000774 seconds
2017-05-12T08:23:18.659+0200: 2,998: Total time for which application threads were stopped: 0,0036242 seconds, Stopping threads took: 0,0034943 seconds
{Heap before GC invocations=2 (full 0):
 par new generation   total 109248K, used 101025K [0x00000000e0000000, 0x00000000e8000000, 0x00000000e8000000)
  eden space 87424K, 100% used [0x00000000e0000000, 0x00000000e5560000, 0x00000000e5560000)
  from space 21824K,  62% used [0x00000000e5560000, 0x00000000e62a86a0, 0x00000000e6ab0000)
  to   space 21824K,   0% used [0x00000000e6ab0000, 0x00000000e6ab0000, 0x00000000e8000000)
 concurrent mark-sweep generation total 393216K, used 0K [0x00000000e8000000, 0x0000000100000000, 0x0000000100000000)
 Metaspace       used 20989K, capacity 21356K, committed 21628K, reserved 1069056K
  class space    used 2421K, capacity 2588K, committed 2684K, reserved 1048576K
2017-05-12T08:23:18.695+0200: 3,034: [GC (Allocation Failure) 2017-05-12T08:23:18.695+0200: 3,034: [ParNew
Desired survivor size 20112992 bytes, new threshold 8 (max 8)
- age   1:    2143568 bytes,    2143568 total
- age   2:     860232 bytes,    3003800 total
- age   3:    6643800 bytes,    9647600 total
: 101025K->12966K(109248K), 0,0102441 secs] 101025K->12966K(502464K), 0,0103571 secs] [Times: user=0,04 sys=0,00, real=0,00 secs] 
Heap after GC invocations=3 (full 0):
 par new generation   total 109248K, used 12966K [0x00000000e0000000, 0x00000000e8000000, 0x00000000e8000000)
  eden space 87424K,   0% used [0x00000000e0000000, 0x00000000e0000000, 0x00000000e5560000)
  from space 21824K,  59% used [0x00000000e6ab0000, 0x00000000e7759ab8, 0x00000000e8000000)
  to   space 21824K,   0% used [0x00000000e5560000, 0x00000000e5560000, 0x00000000e6ab0000)
 concurrent mark-sweep generation total 393216K, used 0K [0x00000000e8000000, 0x0000000100000000, 0x0000000100000000)
 Metaspace       used 20989K, capacity 21356K, committed 21628K, reserved 1069056K
  class space    used 2421K, capacity 2588K, committed 2684K, reserved 1048576K
}
2017-05-12T08:23:18.705+0200: 3,045: Total time for which application threads were stopped: 0,0106448 seconds, Stopping threads took: 0,0000931 seconds
2017-05-12T08:23:18.706+0200: 3,045: [GC (CMS Initial Mark) [1 CMS-initial-mark: 0K(393216K)] 13663K(502464K), 0,0037235 secs] [Times: user=0,01 sys=0,00, real=0,01 secs] 
2017-05-12T08:23:18.709+0200: 3,049: Total time for which application threads were stopped: 0,0039272 seconds, Stopping threads took: 0,0000623 seconds
2017-05-12T08:23:18.709+0200: 3,049: [CMS-concurrent-mark-start]
2017-05-12T08:23:18.710+0200: 3,049: [CMS-concurrent-mark: 0,000/0,000 secs] [Times: user=0,00 sys=0,00, real=0,00 secs] 
2017-05-12T08:23:18.710+0200: 3,049: [CMS-concurrent-preclean-start]
2017-05-12T08:23:18.711+0200: 3,050: [CMS-concurrent-preclean: 0,001/0,001 secs] [Times: user=0,01 sys=0,00, real=0,00 secs] 
2017-05-12T08:23:18.711+0200: 3,050: [GC (CMS Final Remark) [YG occupancy: 15081 K (109248 K)]{Heap before GC invocations=3 (full 1):
 par new generation   total 109248K, used 15081K [0x00000000e0000000, 0x00000000e8000000, 0x00000000e8000000)
  eden space 87424K,   2% used [0x00000000e0000000, 0x00000000e0210b68, 0x00000000e5560000)
  from space 21824K,  59% used [0x00000000e6ab0000, 0x00000000e7759ab8, 0x00000000e8000000)
  to   space 21824K,   0% used [0x00000000e5560000, 0x00000000e5560000, 0x00000000e6ab0000)
 concurrent mark-sweep generation total 393216K, used 0K [0x00000000e8000000, 0x0000000100000000, 0x0000000100000000)
 Metaspace       used 20999K, capacity 21356K, committed 21628K, reserved 1069056K
  class space    used 2423K, capacity 2588K, committed 2684K, reserved 1048576K
2017-05-12T08:23:18.711+0200: 3,050: [GC (CMS Final Remark) 2017-05-12T08:23:18.711+0200: 3,050: [ParNew
Desired survivor size 20112992 bytes, new threshold 8 (max 8)
- age   1:      60464 bytes,      60464 total
- age   2:    2059592 bytes,    2120056 total
- age   3:     860232 bytes,    2980288 total
- age   4:    6643648 bytes,    9623936 total
: 15081K->12434K(109248K), 0,0167100 secs] 15081K->12434K(502464K), 0,0167659 secs] [Times: user=0,06 sys=0,00, real=0,02 secs] 
Heap after GC invocations=4 (full 1):
 par new generation   total 109248K, used 12434K [0x00000000e0000000, 0x00000000e8000000, 0x00000000e8000000)
  eden space 87424K,   0% used [0x00000000e0000000, 0x00000000e0000000, 0x00000000e5560000)
  from space 21824K,  56% used [0x00000000e5560000, 0x00000000e6184980, 0x00000000e6ab0000)
  to   space 21824K,   0% used [0x00000000e6ab0000, 0x00000000e6ab0000, 0x00000000e8000000)
 concurrent mark-sweep generation total 393216K, used 0K [0x00000000e8000000, 0x0000000100000000, 0x0000000100000000)
 Metaspace       used 20999K, capacity 21356K, committed 21628K, reserved 1069056K
  class space    used 2423K, capacity 2588K, committed 2684K, reserved 1048576K
}
2017-05-12T08:23:18.728+0200: 3,067: [Rescan (parallel) , 0,0050899 secs]2017-05-12T08:23:18.733+0200: 3,072: [weak refs processing, 0,0020030 secs]2017-05-12T08:23:18.735+0200: 3,074: [class unloading, 0,0037107 secs]2017-05-12T08:23:18.739+0200: 3,078: [scrub symbol table, 0,0049058 secs]2017-05-12T08:23:18.744+0200: 3,083: [scrub string table, 0,0005687 secs][1 CMS-remark: 0K(393216K)] 12434K(502464K), 0,0339460 secs] [Times: user=0,10 sys=0,00, real=0,03 secs] 
2017-05-12T08:23:18.745+0200: 3,084: Total time for which application threads were stopped: 0,0341213 seconds, Stopping threads took: 0,0000776 seconds
2017-05-12T08:23:18.751+0200: 3,091: [CMS-concurrent-sweep-start]
2017-05-12T08:23:18.751+0200: 3,091: [CMS-concurrent-sweep: 0,000/0,000 secs] [Times: user=0,00 sys=0,00, real=0,00 secs] 
2017-05-12T08:23:18.752+0200: 3,091: [CMS-concurrent-reset-start]
2017-05-12T08:23:18.754+0200: 3,093: [CMS-concurrent-reset: 0,002/0,002 secs] [Times: user=0,01 sys=0,00, real=0,00 secs] 
{Heap before GC invocations=4 (full 1):
 par new generation   total 109248K, used 99858K [0x00000000e0000000, 0x00000000e8000000, 0x00000000e8000000)
  eden space 87424K, 100% used [0x00000000e0000000, 0x00000000e5560000, 0x00000000e5560000)
  from space 21824K,  56% used [0x00000000e5560000, 0x00000000e6184980, 0x00000000e6ab0000)
  to   space 21824K,   0% used [0x00000000e6ab0000, 0x00000000e6ab0000, 0x00000000e8000000)
 concurrent mark-sweep generation total 393216K, used 0K [0x00000000e8000000, 0x0000000100000000, 0x0000000100000000)
 Metaspace       used 21207K, capacity 21568K, committed 21884K, reserved 1069056K
  class space    used 2447K, capacity 2603K, committed 2684K, reserved 1048576K
2017-05-12T08:23:18.840+0200: 3,179: [GC (Allocation Failure) 2017-05-12T08:23:18.840+0200: 3,179: [ParNew
Desired survivor size 20112992 bytes, new threshold 8 (max 8)
- age   1:     688384 bytes,     688384 total
- age   2:       1880 bytes,     690264 total
- age   3:    1463336 bytes,    2153600 total
- age   4:     840504 bytes,    2994104 total
- age   5:    6643648 bytes,    9637752 total
: 99858K->11919K(109248K), 0,0123391 secs] 99858K->11919K(502464K), 0,0124135 secs] [Times: user=0,04 sys=0,00, real=0,01 secs] 
Heap after GC invocations=5 (full 1):
 par new generation   total 109248K, used 11919K [0x00000000e0000000, 0x00000000e8000000, 0x00000000e8000000)
  eden space 87424K,   0% used [0x00000000e0000000, 0x00000000e0000000, 0x00000000e5560000)
  from space 21824K,  54% used [0x00000000e6ab0000, 0x00000000e7653e70, 0x00000000e8000000)
  to   space 21824K,   0% used [0x00000000e5560000, 0x00000000e5560000, 0x00000000e6ab0000)
 concurrent mark-sweep generation total 393216K, used 0K [0x00000000e8000000, 0x0000000100000000, 0x0000000100000000)
 Metaspace       used 21207K, capacity 21568K, committed 21884K, reserved 1069056K
  class space    used 2447K, capacity 2603K, committed 2684K, reserved 1048576K
}
2017-05-12T08:23:18.852+0200: 3,191: Total time for which application threads were stopped: 0,0126696 seconds, Stopping threads took: 0,0000907 seconds
{Heap before GC invocations=5 (full 1):
 par new generation   total 109248K, used 99343K [0x00000000e0000000, 0x00000000e8000000, 0x00000000e8000000)
  eden space 87424K, 100% used [0x00000000e0000000, 0x00000000e5560000, 0x00000000e5560000)
  from space 21824K,  54% used [0x00000000e6ab0000, 0x00000000e7653e70, 0x00000000e8000000)
  to   space 21824K,   0% used [0x00000000e5560000, 0x00000000e5560000, 0x00000000e6ab0000)
 concurrent mark-sweep generation total 393216K, used 0K [0x00000000e8000000, 0x0000000100000000, 0x0000000100000000)
 Metaspace       used 21381K, capacity 21804K, committed 21884K, reserved 1069056K
  class space    used 2468K, capacity 2637K, committed 2684K, reserved 1048576K
2017-05-12T08:23:18.943+0200: 3,282: [GC (Allocation Failure) 2017-05-12T08:23:18.943+0200: 3,282: [ParNew
Desired survivor size 20112992 bytes, new threshold 8 (max 8)
- age   1:     456216 bytes,     456216 total
- age   2:     172352 bytes,     628568 total
- age   3:       1880 bytes,     630448 total
- age   4:    1462368 bytes,    2092816 total
- age   5:     838520 bytes,    2931336 total
- age   6:    6643696 bytes,    9575032 total
: 99343K->14439K(109248K), 0,0136156 secs] 99343K->14439K(502464K), 0,0136722 secs] [Times: user=0,04 sys=0,00, real=0,02 secs] 
Heap after GC invocations=6 (full 1):
 par new generation   total 109248K, used 14439K [0x00000000e0000000, 0x00000000e8000000, 0x00000000e8000000)
  eden space 87424K,   0% used [0x00000000e0000000, 0x00000000e0000000, 0x00000000e5560000)
  from space 21824K,  66% used [0x00000000e5560000, 0x00000000e6379c20, 0x00000000e6ab0000)
  to   space 21824K,   0% used [0x00000000e6ab0000, 0x00000000e6ab0000, 0x00000000e8000000)
 concurrent mark-sweep generation total 393216K, used 0K [0x00000000e8000000, 0x0000000100000000, 0x0000000100000000)
 Metaspace       used 21381K, capacity 21804K, committed 21884K, reserved 1069056K
  class space    used 2468K, capacity 2637K, committed 2684K, reserved 1048576K
}
2017-05-12T08:23:18.957+0200: 3,296: Total time for which application threads were stopped: 0,0138724 seconds, Stopping threads took: 0,0000768 seconds
2017-05-12T08:23:18.988+0200: 3,327: Total time for which application threads were stopped: 0,0004007 seconds, Stopping threads took: 0,0000499 seconds
2017-05-12T08:23:19.247+0200: 3,586: Total time for which application threads were stopped: 0,0004964 seconds, Stopping threads took: 0,0000582 seconds
2017-05-12T08:23:19.263+0200: 3,602: Total time for which application threads were stopped: 0,0004024 seconds, Stopping threads took: 0,0000540 seconds
{Heap before GC invocations=6 (full 1):
 par new generation   total 109248K, used 101863K [0x00000000e0000000, 0x00000000e8000000, 0x00000000e8000000)
  eden space 87424K, 100% used [0x00000000e0000000, 0x00000000e5560000, 0x00000000e5560000)
  from space 21824K,  66% used [0x00000000e5560000, 0x00000000e6379c20, 0x00000000e6ab0000)
  to   space 21824K,   0% used [0x00000000e6ab0000, 0x00000000e6ab0000, 0x00000000e8000000)
 concurrent mark-sweep generation total 393216K, used 0K [0x00000000e8000000, 0x0000000100000000, 0x0000000100000000)
 Metaspace       used 23716K, capacity 24170K, committed 24316K, reserved 1071104K
  class space    used 2785K, capacity 2978K, committed 3068K, reserved 1048576K
2017-05-12T08:23:19.467+0200: 3,806: [GC (Allocation Failure) 2017-05-12T08:23:19.467+0200: 3,806: [ParNew
Desired survivor size 20112992 bytes, new threshold 8 (max 8)
- age   1:    4985728 bytes,    4985728 total
- age   2:     141752 bytes,    5127480 total
- age   3:     171504 bytes,    5298984 total
- age   4:       1880 bytes,    5300864 total
- age   5:     293144 bytes,    5594008 total
- age   6:     812352 bytes,    6406360 total
- age   7:    6635768 bytes,   13042128 total
: 101863K->15401K(109248K), 0,0216508 secs] 101863K->15401K(502464K), 0,0217359 secs] [Times: user=0,06 sys=0,00, real=0,03 secs] 
Heap after GC invocations=7 (full 1):
 par new generation   total 109248K, used 15401K [0x00000000e0000000, 0x00000000e8000000, 0x00000000e8000000)
  eden space 87424K,   0% used [0x00000000e0000000, 0x00000000e0000000, 0x00000000e5560000)
  from space 21824K,  70% used [0x00000000e6ab0000, 0x00000000e79ba4d0, 0x00000000e8000000)
  to   space 21824K,   0% used [0x00000000e5560000, 0x00000000e5560000, 0x00000000e6ab0000)
 concurrent mark-sweep generation total 393216K, used 0K [0x00000000e8000000, 0x0000000100000000, 0x0000000100000000)
 Metaspace       used 23716K, capacity 24170K, committed 24316K, reserved 1071104K
  class space    used 2785K, capacity 2978K, committed 3068K, reserved 1048576K
}
2017-05-12T08:23:19.488+0200: 3,828: Total time for which application threads were stopped: 0,0297284 seconds, Stopping threads took: 0,0077696 seconds
{Heap before GC invocations=7 (full 1):
 par new generation   total 109248K, used 102825K [0x00000000e0000000, 0x00000000e8000000, 0x00000000e8000000)
  eden space 87424K, 100% used [0x00000000e0000000, 0x00000000e5560000, 0x00000000e5560000)
  from space 21824K,  70% used [0x00000000e6ab0000, 0x00000000e79ba4d0, 0x00000000e8000000)
  to   space 21824K,   0% used [0x00000000e5560000, 0x00000000e5560000, 0x00000000e6ab0000)
 concurrent mark-sweep generation total 393216K, used 0K [0x00000000e8000000, 0x0000000100000000, 0x0000000100000000)
 Metaspace       used 24291K, capacity 24752K, committed 24828K, reserved 1071104K
  class space    used 2851K, capacity 3043K, committed 3068K, reserved 1048576K
2017-05-12T08:23:19.590+0200: 3,929: [GC (Allocation Failure) 2017-05-12T08:23:19.590+0200: 3,929: [ParNew
Desired survivor size 20112992 bytes, new threshold 8 (max 8)
- age   1:    1948088 bytes,    1948088 total
- age   2:    1734928 bytes,    3683016 total
- age   3:      71080 bytes,    3754096 total
- age   4:      94088 bytes,    3848184 total
- age   5:       1880 bytes,    3850064 total
- age   6:     196128 bytes,    4046192 total
- age   7:     770048 bytes,    4816240 total
- age   8:    6102536 bytes,   10918776 total
: 102825K->18641K(109248K), 0,0106768 secs] 102825K->18641K(502464K), 0,0107522 secs] [Times: user=0,02 sys=0,02, real=0,01 secs] 
Heap after GC invocations=8 (full 1):
 par new generation   total 109248K, used 18641K [0x00000000e0000000, 0x00000000e8000000, 0x00000000e8000000)
  eden space 87424K,   0% used [0x00000000e0000000, 0x00000000e0000000, 0x00000000e5560000)
  from space 21824K,  85% used [0x00000000e5560000, 0x00000000e6794588, 0x00000000e6ab0000)
  to   space 21824K,   0% used [0x00000000e6ab0000, 0x00000000e6ab0000, 0x00000000e8000000)
 concurrent mark-sweep generation total 393216K, used 0K [0x00000000e8000000, 0x0000000100000000, 0x0000000100000000)
 Metaspace       used 24291K, capacity 24752K, committed 24828K, reserved 1071104K
  class space    used 2851K, capacity 3043K, committed 3068K, reserved 1048576K
}
2017-05-12T08:23:19.600+0200: 3,940: Total time for which application threads were stopped: 0,0110253 seconds, Stopping threads took: 0,0000725 seconds
{Heap before GC invocations=8 (full 1):
 par new generation   total 109248K, used 106065K [0x00000000e0000000, 0x00000000e8000000, 0x00000000e8000000)
  eden space 87424K, 100% used [0x00000000e0000000, 0x00000000e5560000, 0x00000000e5560000)
  from space 21824K,  85% used [0x00000000e5560000, 0x00000000e6794588, 0x00000000e6ab0000)
  to   space 21824K,   0% used [0x00000000e6ab0000, 0x00000000e6ab0000, 0x00000000e8000000)
 concurrent mark-sweep generation total 393216K, used 0K [0x00000000e8000000, 0x0000000100000000, 0x0000000100000000)
 Metaspace       used 24578K, capacity 25130K, committed 25468K, reserved 1071104K
  class space    used 2875K, capacity 3080K, committed 3196K, reserved 1048576K
2017-05-12T08:23:19.690+0200: 4,029: [GC (Allocation Failure) 2017-05-12T08:23:19.690+0200: 4,029: [ParNew
Desired survivor size 20112992 bytes, new threshold 8 (max 8)
- age   1:     551080 bytes,     551080 total
- age   2:     621344 bytes,    1172424 total
- age   3:    1712504 bytes,    2884928 total
- age   4:      71048 bytes,    2955976 total
- age   5:      93888 bytes,    3049864 total
- age   6:       1880 bytes,    3051744 total
- age   7:     190528 bytes,    3242272 total
- age   8:     768512 bytes,    4010784 total
: 106065K->6660K(109248K), 0,0316168 secs] 106065K->12702K(502464K), 0,0316765 secs] [Times: user=0,10 sys=0,00, real=0,03 secs] 
Heap after GC invocations=9 (full 1):
 par new generation   total 109248K, used 6660K [0x00000000e0000000, 0x00000000e8000000, 0x00000000e8000000)
  eden space 87424K,   0% used [0x00000000e0000000, 0x00000000e0000000, 0x00000000e5560000)
  from space 21824K,  30% used [0x00000000e6ab0000, 0x00000000e71313c0, 0x00000000e8000000)
  to   space 21824K,   0% used [0x00000000e5560000, 0x00000000e5560000, 0x00000000e6ab0000)
 concurrent mark-sweep generation total 393216K, used 6041K [0x00000000e8000000, 0x0000000100000000, 0x0000000100000000)
 Metaspace       used 24578K, capacity 25130K, committed 25468K, reserved 1071104K
  class space    used 2875K, capacity 3080K, committed 3196K, reserved 1048576K
}
2017-05-12T08:23:19.722+0200: 4,061: Total time for which application threads were stopped: 0,0326174 seconds, Stopping threads took: 0,0004682 seconds
2017-05-12T08:23:19.868+0200: 4,207: Total time for which application threads were stopped: 0,0008903 seconds, Stopping threads took: 0,0007207 seconds
2017-05-12T08:23:19.872+0200: 4,211: Total time for which application threads were stopped: 0,0012847 seconds, Stopping threads took: 0,0011516 seconds
2017-05-12T08:23:19.873+0200: 4,212: Total time for which application threads were stopped: 0,0001601 seconds, Stopping threads took: 0,0000616 seconds
2017-05-12T08:23:19.873+0200: 4,212: Total time for which application threads were stopped: 0,0001046 seconds, Stopping threads took: 0,0000185 seconds
2017-05-12T08:23:19.876+0200: 4,216: Total time for which application threads were stopped: 0,0001627 seconds, Stopping threads took: 0,0000446 seconds
2017-05-12T08:23:19.877+0200: 4,216: Total time for which application threads were stopped: 0,0001129 seconds, Stopping threads took: 0,0000323 seconds
2017-05-12T08:23:19.885+0200: 4,224: Total time for which application threads were stopped: 0,0001563 seconds, Stopping threads took: 0,0000396 seconds
2017-05-12T08:23:19.885+0200: 4,224: Total time for which application threads were stopped: 0,0001007 seconds, Stopping threads took: 0,0000240 seconds
2017-05-12T08:23:19.885+0200: 4,225: Total time for which application threads were stopped: 0,0001867 seconds, Stopping threads took: 0,0000985 seconds
2017-05-12T08:23:19.887+0200: 4,226: Total time for which application threads were stopped: 0,0013310 seconds, Stopping threads took: 0,0012311 seconds
2017-05-12T08:23:19.887+0200: 4,227: Total time for which application threads were stopped: 0,0001367 seconds, Stopping threads took: 0,0000808 seconds
2017-05-12T08:23:19.887+0200: 4,227: Total time for which application threads were stopped: 0,0000498 seconds, Stopping threads took: 0,0000090 seconds
2017-05-12T08:23:19.888+0200: 4,227: Total time for which application threads were stopped: 0,0000601 seconds, Stopping threads took: 0,0000111 seconds
2017-05-12T08:23:19.888+0200: 4,227: Total time for which application threads were stopped: 0,0000461 seconds, Stopping threads took: 0,0000082 seconds
2017-05-12T08:23:19.888+0200: 4,227: Total time for which application threads were stopped: 0,0000556 seconds, Stopping threads took: 0,0000099 seconds
2017-05-12T08:23:19.888+0200: 4,227: Total time for which application threads were stopped: 0,0000446 seconds, Stopping threads took: 0,0000080 seconds
2017-05-12T08:23:19.888+0200: 4,227: Total time for which application threads were stopped: 0,0000481 seconds, Stopping threads took: 0,0000090 seconds
2017-05-12T08:23:19.888+0200: 4,227: Total time for which application threads were stopped: 0,0000453 seconds, Stopping threads took: 0,0000085 seconds
2017-05-12T08:23:19.888+0200: 4,228: Total time for which application threads were stopped: 0,0000500 seconds, Stopping threads took: 0,0000091 seconds
2017-05-12T08:23:19.888+0200: 4,228: Total time for which application threads were stopped: 0,0000556 seconds, Stopping threads took: 0,0000100 seconds
2017-05-12T08:23:19.889+0200: 4,228: Total time for which application threads were stopped: 0,0000460 seconds, Stopping threads took: 0,0000084 seconds
2017-05-12T08:23:19.889+0200: 4,228: Total time for which application threads were stopped: 0,0000486 seconds, Stopping threads took: 0,0000090 seconds
2017-05-12T08:23:19.889+0200: 4,228: Total time for which application threads were stopped: 0,0000517 seconds, Stopping threads took: 0,0000093 seconds
2017-05-12T08:23:19.889+0200: 4,228: Total time for which application threads were stopped: 0,0001438 seconds, Stopping threads took: 0,0000091 seconds
2017-05-12T08:23:19.890+0200: 4,230: Total time for which application threads were stopped: 0,0000977 seconds, Stopping threads took: 0,0000206 seconds
2017-05-12T08:23:19.891+0200: 4,230: Total time for which application threads were stopped: 0,0000796 seconds, Stopping threads took: 0,0000181 seconds
2017-05-12T08:23:19.891+0200: 4,231: Total time for which application threads were stopped: 0,0000734 seconds, Stopping threads took: 0,0000155 seconds
2017-05-12T08:23:19.903+0200: 4,242: Total time for which application threads were stopped: 0,0001345 seconds, Stopping threads took: 0,0000491 seconds
2017-05-12T08:23:19.907+0200: 4,246: Total time for which application threads were stopped: 0,0020541 seconds, Stopping threads took: 0,0019699 seconds
2017-05-12T08:23:19.907+0200: 4,246: Total time for which application threads were stopped: 0,0000749 seconds, Stopping threads took: 0,0000198 seconds
2017-05-12T08:23:19.907+0200: 4,246: Total time for which application threads were stopped: 0,0001167 seconds, Stopping threads took: 0,0000615 seconds
2017-05-12T08:23:19.907+0200: 4,246: Total time for which application threads were stopped: 0,0000531 seconds, Stopping threads took: 0,0000179 seconds
2017-05-12T08:23:19.908+0200: 4,247: Total time for which application threads were stopped: 0,0003534 seconds, Stopping threads took: 0,0002747 seconds
2017-05-12T08:23:19.913+0200: 4,252: Total time for which application threads were stopped: 0,0001765 seconds, Stopping threads took: 0,0000712 seconds
2017-05-12T08:23:19.917+0200: 4,256: Total time for which application threads were stopped: 0,0001755 seconds, Stopping threads took: 0,0000797 seconds
2017-05-12T08:23:19.919+0200: 4,258: Total time for which application threads were stopped: 0,0001715 seconds, Stopping threads took: 0,0000226 seconds
2017-05-12T08:23:19.919+0200: 4,258: Total time for which application threads were stopped: 0,0000861 seconds, Stopping threads took: 0,0000170 seconds
2017-05-12T08:23:19.920+0200: 4,259: Total time for which application threads were stopped: 0,0001427 seconds, Stopping threads took: 0,0000433 seconds
2017-05-12T08:23:19.923+0200: 4,262: Total time for which application threads were stopped: 0,0001080 seconds, Stopping threads took: 0,0000410 seconds
2017-05-12T08:23:19.924+0200: 4,263: Total time for which application threads were stopped: 0,0000834 seconds, Stopping threads took: 0,0000162 seconds
2017-05-12T08:23:19.924+0200: 4,263: Total time for which application threads were stopped: 0,0000655 seconds, Stopping threads took: 0,0000136 seconds
2017-05-12T08:23:19.924+0200: 4,264: Total time for which application threads were stopped: 0,0000776 seconds, Stopping threads took: 0,0000130 seconds
2017-05-12T08:23:19.925+0200: 4,264: Total time for which application threads were stopped: 0,0000794 seconds, Stopping threads took: 0,0000208 seconds
2017-05-12T08:23:19.925+0200: 4,264: Total time for which application threads were stopped: 0,0000481 seconds, Stopping threads took: 0,0000078 seconds
2017-05-12T08:23:19.925+0200: 4,264: Total time for which application threads were stopped: 0,0000697 seconds, Stopping threads took: 0,0000105 seconds
2017-05-12T08:23:19.927+0200: 4,266: Total time for which application threads were stopped: 0,0001419 seconds, Stopping threads took: 0,0000655 seconds
2017-05-12T08:23:19.927+0200: 4,267: Total time for which application threads were stopped: 0,0000958 seconds, Stopping threads took: 0,0000167 seconds
2017-05-12T08:23:19.928+0200: 4,267: Total time for which application threads were stopped: 0,0000840 seconds, Stopping threads took: 0,0000244 seconds
2017-05-12T08:23:19.928+0200: 4,267: Total time for which application threads were stopped: 0,0001094 seconds, Stopping threads took: 0,0000345 seconds
2017-05-12T08:23:19.928+0200: 4,268: Total time for which application threads were stopped: 0,0003838 seconds, Stopping threads took: 0,0002602 seconds
2017-05-12T08:23:19.929+0200: 4,269: Total time for which application threads were stopped: 0,0001221 seconds, Stopping threads took: 0,0000471 seconds
2017-05-12T08:23:19.930+0200: 4,269: Total time for which application threads were stopped: 0,0000858 seconds, Stopping threads took: 0,0000159 seconds
2017-05-12T08:23:19.932+0200: 4,271: Total time for which application threads were stopped: 0,0004323 seconds, Stopping threads took: 0,0003485 seconds
2017-05-12T08:23:19.933+0200: 4,272: Total time for which application threads were stopped: 0,0001113 seconds, Stopping threads took: 0,0000307 seconds
2017-05-12T08:23:19.933+0200: 4,272: Total time for which application threads were stopped: 0,0001265 seconds, Stopping threads took: 0,0000652 seconds
2017-05-12T08:23:19.933+0200: 4,272: Total time for which application threads were stopped: 0,0000765 seconds, Stopping threads took: 0,0000273 seconds
2017-05-12T08:23:19.942+0200: 4,281: Total time for which application threads were stopped: 0,0001545 seconds, Stopping threads took: 0,0000657 seconds
2017-05-12T08:23:19.944+0200: 4,283: Total time for which application threads were stopped: 0,0001417 seconds, Stopping threads took: 0,0000498 seconds
2017-05-12T08:23:19.946+0200: 4,285: Total time for which application threads were stopped: 0,0001316 seconds, Stopping threads took: 0,0000261 seconds
2017-05-12T08:23:19.967+0200: 4,307: Total time for which application threads were stopped: 0,0002156 seconds, Stopping threads took: 0,0000431 seconds
2017-05-12T08:23:19.972+0200: 4,311: Total time for which application threads were stopped: 0,0001542 seconds, Stopping threads took: 0,0000421 seconds
2017-05-12T08:23:19.976+0200: 4,316: Total time for which application threads were stopped: 0,0004996 seconds, Stopping threads took: 0,0003859 seconds
2017-05-12T08:23:20.017+0200: 4,356: Total time for which application threads were stopped: 0,0001629 seconds, Stopping threads took: 0,0000557 seconds
2017-05-12T08:23:20.039+0200: 4,379: Total time for which application threads were stopped: 0,0001363 seconds, Stopping threads took: 0,0000416 seconds
2017-05-12T08:23:20.060+0200: 4,400: Total time for which application threads were stopped: 0,0001278 seconds, Stopping threads took: 0,0000389 seconds
2017-05-12T08:23:20.135+0200: 4,475: Total time for which application threads were stopped: 0,0004786 seconds, Stopping threads took: 0,0000251 seconds
2017-05-12T08:23:20.149+0200: 4,489: Total time for which application threads were stopped: 0,0004139 seconds, Stopping threads took: 0,0000190 seconds
2017-05-12T08:23:20.199+0200: 4,538: Total time for which application threads were stopped: 0,0029623 seconds, Stopping threads took: 0,0028614 seconds
2017-05-12T08:23:20.217+0200: 4,556: Total time for which application threads were stopped: 0,0011303 seconds, Stopping threads took: 0,0007552 seconds
2017-05-12T08:23:20.263+0200: 4,603: Total time for which application threads were stopped: 0,0004495 seconds, Stopping threads took: 0,0003416 seconds
2017-05-12T08:23:20.270+0200: 4,609: Total time for which application threads were stopped: 0,0001365 seconds, Stopping threads took: 0,0000327 seconds
2017-05-12T08:23:20.270+0200: 4,609: Total time for which application threads were stopped: 0,0000866 seconds, Stopping threads took: 0,0000185 seconds
2017-05-12T08:23:20.271+0200: 4,610: Total time for which application threads were stopped: 0,0003635 seconds, Stopping threads took: 0,0002799 seconds
2017-05-12T08:23:20.279+0200: 4,618: Total time for which application threads were stopped: 0,0064567 seconds, Stopping threads took: 0,0062405 seconds
2017-05-12T08:23:20.282+0200: 4,621: Total time for which application threads were stopped: 0,0001476 seconds, Stopping threads took: 0,0000405 seconds
2017-05-12T08:23:20.286+0200: 4,626: Total time for which application threads were stopped: 0,0032139 seconds, Stopping threads took: 0,0031019 seconds
2017-05-12T08:23:20.289+0200: 4,629: Total time for which application threads were stopped: 0,0001275 seconds, Stopping threads took: 0,0000322 seconds
2017-05-12T08:23:20.299+0200: 4,638: Total time for which application threads were stopped: 0,0005694 seconds, Stopping threads took: 0,0003953 seconds
2017-05-12T08:23:20.301+0200: 4,640: Total time for which application threads were stopped: 0,0001256 seconds, Stopping threads took: 0,0000391 seconds
2017-05-12T08:23:20.319+0200: 4,658: Total time for which application threads were stopped: 0,0005045 seconds, Stopping threads took: 0,0003827 seconds
2017-05-12T08:23:20.345+0200: 4,685: Total time for which application threads were stopped: 0,0079817 seconds, Stopping threads took: 0,0078590 seconds
2017-05-12T08:23:20.366+0200: 4,705: Total time for which application threads were stopped: 0,0019165 seconds, Stopping threads took: 0,0018299 seconds
2017-05-12T08:23:20.405+0200: 4,744: Total time for which application threads were stopped: 0,0005624 seconds, Stopping threads took: 0,0000262 seconds
2017-05-12T08:23:21.405+0200: 5,745: Total time for which application threads were stopped: 0,0000728 seconds, Stopping threads took: 0,0000176 seconds
2017-05-12T08:23:22.405+0200: 6,745: Total time for which application threads were stopped: 0,0000773 seconds, Stopping threads took: 0,0000184 seconds
2017-05-12T08:23:38.407+0200: 22,746: Total time for which application threads were stopped: 0,0000953 seconds, Stopping threads took: 0,0000213 seconds
2017-05-12T08:23:46.467+0200: 31,747: Total time for which application threads were stopped: 0,0001028 seconds, Stopping threads took: 0,0000291 seconds
2017-05-12T08:24:37.473+0200: 82,753: Total time for which application threads were stopped: 0,0003650 seconds, Stopping threads took: 0,0001461 seconds
2017-05-12T08:25:12.477+0200: 117,757: Total time for which application threads were stopped: 0,0001168 seconds, Stopping threads took: 0,0000493 seconds
2017-05-12T08:25:17.478+0200: 122,758: Total time for which application threads were stopped: 0,0000622 seconds, Stopping threads took: 0,0000163 seconds
{Heap before GC invocations=9 (full 1):
 par new generation   total 109248K, used 94084K [0x00000000e0000000, 0x00000000e8000000, 0x00000000e8000000)
  eden space 87424K, 100% used [0x00000000e0000000, 0x00000000e5560000, 0x00000000e5560000)
  from space 21824K,  30% used [0x00000000e6ab0000, 0x00000000e71313c0, 0x00000000e8000000)
  to   space 21824K,   0% used [0x00000000e5560000, 0x00000000e5560000, 0x00000000e6ab0000)
 concurrent mark-sweep generation total 393216K, used 6041K [0x00000000e8000000, 0x0000000100000000, 0x0000000100000000)
 Metaspace       used 27990K, capacity 28490K, committed 28796K, reserved 1075200K
  class space    used 3211K, capacity 3386K, committed 3452K, reserved 1048576K
2017-05-12T08:26:10.815+0200: 176,095: [GC (Allocation Failure) 2017-05-12T08:26:10.815+0200: 176,095: [ParNew
Desired survivor size 20112992 bytes, new threshold 8 (max 8)
- age   1:   11124136 bytes,   11124136 total
- age   2:     224264 bytes,   11348400 total
- age   3:     230720 bytes,   11579120 total
- age   4:    1707192 bytes,   13286312 total
- age   5:      71048 bytes,   13357360 total
- age   6:      93760 bytes,   13451120 total
- age   7:       1880 bytes,   13453000 total
- age   8:     190096 bytes,   13643096 total
: 94084K->14436K(109248K), 0,0177741 secs] 100126K->21314K(502464K), 0,0178940 secs] [Times: user=0,06 sys=0,00, real=0,01 secs] 
Heap after GC invocations=10 (full 1):
 par new generation   total 109248K, used 14436K [0x00000000e0000000, 0x00000000e8000000, 0x00000000e8000000)
  eden space 87424K,   0% used [0x00000000e0000000, 0x00000000e0000000, 0x00000000e5560000)
  from space 21824K,  66% used [0x00000000e5560000, 0x00000000e63793e0, 0x00000000e6ab0000)
  to   space 21824K,   0% used [0x00000000e6ab0000, 0x00000000e6ab0000, 0x00000000e8000000)
 concurrent mark-sweep generation total 393216K, used 6877K [0x00000000e8000000, 0x0000000100000000, 0x0000000100000000)
 Metaspace       used 27990K, capacity 28490K, committed 28796K, reserved 1075200K
  class space    used 3211K, capacity 3386K, committed 3452K, reserved 1048576K
}
2017-05-12T08:26:10.833+0200: 176,113: Total time for which application threads were stopped: 0,0182606 seconds, Stopping threads took: 0,0001751 seconds
2017-05-12T08:26:10.835+0200: 176,115: Total time for which application threads were stopped: 0,0000825 seconds, Stopping threads took: 0,0000289 seconds
2017-05-12T08:26:10.835+0200: 176,116: Total time for which application threads were stopped: 0,0000391 seconds, Stopping threads took: 0,0000120 seconds
2017-05-12T08:26:15.836+0200: 181,116: Total time for which application threads were stopped: 0,0001148 seconds, Stopping threads took: 0,0000279 seconds
2017-05-12T08:27:50.849+0200: 276,129: Total time for which application threads were stopped: 0,0001887 seconds, Stopping threads took: 0,0000737 seconds
2017-05-12T08:27:52.849+0200: 278,129: Total time for which application threads were stopped: 0,0000647 seconds, Stopping threads took: 0,0000160 seconds
2017-05-12T08:28:05.851+0200: 291,131: Total time for which application threads were stopped: 0,0000906 seconds, Stopping threads took: 0,0000357 seconds
2017-05-12T08:31:25.877+0200: 491,157: Total time for which application threads were stopped: 0,0000766 seconds, Stopping threads took: 0,0000304 seconds
2017-05-12T08:46:40.972+0200: 1406,252: Total time for which application threads were stopped: 0,0002828 seconds, Stopping threads took: 0,0000840 seconds
2017-05-12T08:51:30.999+0200: 1696,280: Total time for which application threads were stopped: 0,0000874 seconds, Stopping threads took: 0,0000320 seconds
2017-05-12T09:01:36.056+0200: 2301,336: Total time for which application threads were stopped: 0,0001671 seconds, Stopping threads took: 0,0000752 seconds
2017-05-12T09:01:37.056+0200: 2302,337: Total time for which application threads were stopped: 0,0001809 seconds, Stopping threads took: 0,0000812 seconds
2017-05-12T09:16:32.148+0200: 3197,428: Total time for which application threads were stopped: 0,0000771 seconds, Stopping threads took: 0,0000316 seconds
2017-05-12T09:28:16.220+0200: 3901,500: Total time for which application threads were stopped: 0,0000814 seconds, Stopping threads took: 0,0000335 seconds
2017-05-12T09:28:21.221+0200: 3906,501: Total time for which application threads were stopped: 0,0007126 seconds, Stopping threads took: 0,0003588 seconds
2017-05-12T09:41:47.297+0200: 4712,578: Total time for which application threads were stopped: 0,0000740 seconds, Stopping threads took: 0,0000283 seconds
2017-05-12T09:41:52.298+0200: 4717,578: Total time for which application threads were stopped: 0,0000585 seconds, Stopping threads took: 0,0000140 seconds
2017-05-12T10:07:37.455+0200: 6262,735: Total time for which application threads were stopped: 0,0000843 seconds, Stopping threads took: 0,0000327 seconds
2017-05-12T10:25:16.565+0200: 7321,845: Total time for which application threads were stopped: 0,0004551 seconds, Stopping threads took: 0,0001800 seconds
2017-05-12T10:31:16.601+0200: 7681,881: Total time for which application threads were stopped: 0,0000751 seconds, Stopping threads took: 0,0000292 seconds
2017-05-12T11:20:35.472+0200: 10640,752: Total time for which application threads were stopped: 0,0190645 seconds, Stopping threads took: 0,0189904 seconds
2017-05-12T11:20:35.472+0200: 10640,753: Total time for which application threads were stopped: 0,0000668 seconds, Stopping threads took: 0,0000133 seconds
2017-05-12T11:20:35.473+0200: 10640,753: Total time for which application threads were stopped: 0,0000881 seconds, Stopping threads took: 0,0000255 seconds
2017-05-12T11:20:35.474+0200: 10640,754: Total time for which application threads were stopped: 0,0000741 seconds, Stopping threads took: 0,0000219 seconds
2017-05-12T11:20:35.474+0200: 10640,754: Total time for which application threads were stopped: 0,0000747 seconds, Stopping threads took: 0,0000212 seconds
2017-05-12T11:20:35.474+0200: 10640,754: Total time for which application threads were stopped: 0,0000502 seconds, Stopping threads took: 0,0000133 seconds
2017-05-12T11:20:35.474+0200: 10640,754: Total time for which application threads were stopped: 0,0000590 seconds, Stopping threads took: 0,0000200 seconds
2017-05-12T11:20:35.482+0200: 10640,762: Total time for which application threads were stopped: 0,0000943 seconds, Stopping threads took: 0,0000216 seconds
2017-05-12T11:20:35.483+0200: 10640,763: Total time for which application threads were stopped: 0,0000848 seconds, Stopping threads took: 0,0000167 seconds
2017-05-12T11:20:35.483+0200: 10640,763: Total time for which application threads were stopped: 0,0000576 seconds, Stopping threads took: 0,0000083 seconds
2017-05-12T11:20:35.483+0200: 10640,763: Total time for which application threads were stopped: 0,0000348 seconds, Stopping threads took: 0,0000051 seconds
2017-05-12T11:20:35.483+0200: 10640,763: Total time for which application threads were stopped: 0,0000446 seconds, Stopping threads took: 0,0000095 seconds
2017-05-12T11:20:35.483+0200: 10640,763: Total time for which application threads were stopped: 0,0000504 seconds, Stopping threads took: 0,0000048 seconds
2017-05-12T11:20:35.483+0200: 10640,763: Total time for which application threads were stopped: 0,0000334 seconds, Stopping threads took: 0,0000047 seconds
2017-05-12T11:20:35.483+0200: 10640,763: Total time for which application threads were stopped: 0,0000325 seconds, Stopping threads took: 0,0000044 seconds
2017-05-12T11:20:35.483+0200: 10640,764: Total time for which application threads were stopped: 0,0000343 seconds, Stopping threads took: 0,0000046 seconds
2017-05-12T11:20:35.484+0200: 10640,764: Total time for which application threads were stopped: 0,0000471 seconds, Stopping threads took: 0,0000106 seconds
2017-05-12T11:20:35.484+0200: 10640,764: Total time for which application threads were stopped: 0,0000335 seconds, Stopping threads took: 0,0000052 seconds
2017-05-12T11:20:35.484+0200: 10640,764: Total time for which application threads were stopped: 0,0000326 seconds, Stopping threads took: 0,0000047 seconds
2017-05-12T11:20:35.484+0200: 10640,764: Total time for which application threads were stopped: 0,0000322 seconds, Stopping threads took: 0,0000044 seconds
2017-05-12T11:20:35.484+0200: 10640,764: Total time for which application threads were stopped: 0,0000341 seconds, Stopping threads took: 0,0000051 seconds
2017-05-12T11:20:35.484+0200: 10640,764: Total time for which application threads were stopped: 0,0000318 seconds, Stopping threads took: 0,0000046 seconds
2017-05-12T11:20:35.484+0200: 10640,764: Total time for which application threads were stopped: 0,0000322 seconds, Stopping threads took: 0,0000041 seconds
2017-05-12T11:20:35.484+0200: 10640,764: Total time for which application threads were stopped: 0,0000377 seconds, Stopping threads took: 0,0000050 seconds
2017-05-12T11:20:35.484+0200: 10640,764: Total time for which application threads were stopped: 0,0000357 seconds, Stopping threads took: 0,0000054 seconds
2017-05-12T11:20:35.484+0200: 10640,764: Total time for which application threads were stopped: 0,0000332 seconds, Stopping threads took: 0,0000052 seconds
2017-05-12T11:20:35.484+0200: 10640,764: Total time for which application threads were stopped: 0,0000336 seconds, Stopping threads took: 0,0000045 seconds
2017-05-12T11:20:35.484+0200: 10640,764: Total time for which application threads were stopped: 0,0000341 seconds, Stopping threads took: 0,0000048 seconds
2017-05-12T11:20:35.484+0200: 10640,765: Total time for which application threads were stopped: 0,0000617 seconds, Stopping threads took: 0,0000048 seconds
2017-05-12T11:20:35.484+0200: 10640,765: Total time for which application threads were stopped: 0,0000357 seconds, Stopping threads took: 0,0000051 seconds
2017-05-12T11:20:35.487+0200: 10640,767: Total time for which application threads were stopped: 0,0001823 seconds, Stopping threads took: 0,0001160 seconds
2017-05-12T11:20:35.487+0200: 10640,767: Total time for which application threads were stopped: 0,0000431 seconds, Stopping threads took: 0,0000060 seconds
2017-05-12T11:20:35.487+0200: 10640,768: Total time for which application threads were stopped: 0,0000379 seconds, Stopping threads took: 0,0000051 seconds
2017-05-12T11:20:35.502+0200: 10640,782: Total time for which application threads were stopped: 0,0030601 seconds, Stopping threads took: 0,0029709 seconds
2017-05-12T11:20:35.513+0200: 10640,793: Total time for which application threads were stopped: 0,0071541 seconds, Stopping threads took: 0,0070760 seconds
2017-05-12T11:20:35.513+0200: 10640,794: Total time for which application threads were stopped: 0,0000681 seconds, Stopping threads took: 0,0000274 seconds
2017-05-12T11:20:35.513+0200: 10640,794: Total time for which application threads were stopped: 0,0000503 seconds, Stopping threads took: 0,0000200 seconds
2017-05-12T11:20:35.522+0200: 10640,802: Total time for which application threads were stopped: 0,0000852 seconds, Stopping threads took: 0,0000141 seconds
2017-05-12T11:20:35.522+0200: 10640,802: Total time for which application threads were stopped: 0,0000524 seconds, Stopping threads took: 0,0000139 seconds
2017-05-12T11:20:35.522+0200: 10640,802: Total time for which application threads were stopped: 0,0000437 seconds, Stopping threads took: 0,0000138 seconds
2017-05-12T11:20:35.522+0200: 10640,802: Total time for which application threads were stopped: 0,0000425 seconds, Stopping threads took: 0,0000139 seconds
2017-05-12T11:20:35.522+0200: 10640,802: Total time for which application threads were stopped: 0,0000414 seconds, Stopping threads took: 0,0000131 seconds
2017-05-12T11:20:35.522+0200: 10640,803: Total time for which application threads were stopped: 0,0000669 seconds, Stopping threads took: 0,0000240 seconds
2017-05-12T11:20:35.524+0200: 10640,804: Total time for which application threads were stopped: 0,0000804 seconds, Stopping threads took: 0,0000231 seconds
2017-05-12T11:20:35.524+0200: 10640,804: Total time for which application threads were stopped: 0,0000467 seconds, Stopping threads took: 0,0000145 seconds
2017-05-12T11:20:35.524+0200: 10640,804: Total time for which application threads were stopped: 0,0000463 seconds, Stopping threads took: 0,0000152 seconds
2017-05-12T11:20:35.524+0200: 10640,804: Total time for which application threads were stopped: 0,0000416 seconds, Stopping threads took: 0,0000119 seconds
2017-05-12T11:20:35.532+0200: 10640,812: Total time for which application threads were stopped: 0,0001010 seconds, Stopping threads took: 0,0000356 seconds
2017-05-12T11:20:35.538+0200: 10640,818: Total time for which application threads were stopped: 0,0039648 seconds, Stopping threads took: 0,0038505 seconds
2017-05-12T11:20:35.539+0200: 10640,819: Total time for which application threads were stopped: 0,0000701 seconds, Stopping threads took: 0,0000216 seconds
2017-05-12T11:20:35.540+0200: 10640,820: Total time for which application threads were stopped: 0,0000893 seconds, Stopping threads took: 0,0000261 seconds
2017-05-12T11:20:35.540+0200: 10640,820: Total time for which application threads were stopped: 0,0000748 seconds, Stopping threads took: 0,0000225 seconds
2017-05-12T11:20:35.542+0200: 10640,822: Total time for which application threads were stopped: 0,0000929 seconds, Stopping threads took: 0,0000325 seconds
2017-05-12T11:20:35.542+0200: 10640,822: Total time for which application threads were stopped: 0,0000492 seconds, Stopping threads took: 0,0000136 seconds
2017-05-12T11:20:35.542+0200: 10640,822: Total time for which application threads were stopped: 0,0000489 seconds, Stopping threads took: 0,0000171 seconds
2017-05-12T11:20:35.542+0200: 10640,822: Total time for which application threads were stopped: 0,0000465 seconds, Stopping threads took: 0,0000132 seconds
2017-05-12T11:20:35.542+0200: 10640,823: Total time for which application threads were stopped: 0,0000797 seconds, Stopping threads took: 0,0000406 seconds
2017-05-12T11:20:35.542+0200: 10640,823: Total time for which application threads were stopped: 0,0000528 seconds, Stopping threads took: 0,0000226 seconds
2017-05-12T11:20:35.543+0200: 10640,823: Total time for which application threads were stopped: 0,0000528 seconds, Stopping threads took: 0,0000234 seconds
2017-05-12T11:20:35.543+0200: 10640,823: Total time for which application threads were stopped: 0,0000477 seconds, Stopping threads took: 0,0000171 seconds
2017-05-12T11:20:35.543+0200: 10640,823: Total time for which application threads were stopped: 0,0000480 seconds, Stopping threads took: 0,0000148 seconds
2017-05-12T11:20:35.543+0200: 10640,823: Total time for which application threads were stopped: 0,0000391 seconds, Stopping threads took: 0,0000113 seconds
2017-05-12T11:20:35.543+0200: 10640,823: Total time for which application threads were stopped: 0,0000490 seconds, Stopping threads took: 0,0000194 seconds
2017-05-12T11:20:35.543+0200: 10640,824: Total time for which application threads were stopped: 0,0000824 seconds, Stopping threads took: 0,0000404 seconds
2017-05-12T11:20:35.544+0200: 10640,824: Total time for which application threads were stopped: 0,0000497 seconds, Stopping threads took: 0,0000195 seconds
2017-05-12T11:20:35.544+0200: 10640,824: Total time for which application threads were stopped: 0,0000467 seconds, Stopping threads took: 0,0000170 seconds
2017-05-12T11:20:35.544+0200: 10640,824: Total time for which application threads were stopped: 0,0000434 seconds, Stopping threads took: 0,0000148 seconds
2017-05-12T11:20:35.544+0200: 10640,824: Total time for which application threads were stopped: 0,0000463 seconds, Stopping threads took: 0,0000174 seconds
2017-05-12T11:20:35.544+0200: 10640,824: Total time for which application threads were stopped: 0,0000585 seconds, Stopping threads took: 0,0000284 seconds
2017-05-12T11:20:35.544+0200: 10640,824: Total time for which application threads were stopped: 0,0000547 seconds, Stopping threads took: 0,0000225 seconds
2017-05-12T11:20:35.544+0200: 10640,825: Total time for which application threads were stopped: 0,0000487 seconds, Stopping threads took: 0,0000159 seconds
2017-05-12T11:20:35.545+0200: 10640,825: Total time for which application threads were stopped: 0,0001717 seconds, Stopping threads took: 0,0000171 seconds
2017-05-12T11:20:35.545+0200: 10640,825: Total time for which application threads were stopped: 0,0000794 seconds, Stopping threads took: 0,0000309 seconds
2017-05-12T11:20:35.545+0200: 10640,825: Total time for which application threads were stopped: 0,0000452 seconds, Stopping threads took: 0,0000152 seconds
2017-05-12T11:20:35.545+0200: 10640,825: Total time for which application threads were stopped: 0,0000439 seconds, Stopping threads took: 0,0000142 seconds
2017-05-12T11:20:35.545+0200: 10640,825: Total time for which application threads were stopped: 0,0000564 seconds, Stopping threads took: 0,0000258 seconds
2017-05-12T11:20:35.545+0200: 10640,826: Total time for which application threads were stopped: 0,0000498 seconds, Stopping threads took: 0,0000191 seconds
2017-05-12T11:20:35.545+0200: 10640,826: Total time for which application threads were stopped: 0,0000473 seconds, Stopping threads took: 0,0000156 seconds
2017-05-12T11:20:35.546+0200: 10640,826: Total time for which application threads were stopped: 0,0000440 seconds, Stopping threads took: 0,0000157 seconds
2017-05-12T11:20:35.546+0200: 10640,826: Total time for which application threads were stopped: 0,0000489 seconds, Stopping threads took: 0,0000187 seconds
2017-05-12T11:20:35.546+0200: 10640,826: Total time for which application threads were stopped: 0,0000494 seconds, Stopping threads took: 0,0000227 seconds
2017-05-12T11:20:35.546+0200: 10640,826: Total time for which application threads were stopped: 0,0000780 seconds, Stopping threads took: 0,0000274 seconds
2017-05-12T11:20:35.546+0200: 10640,826: Total time for which application threads were stopped: 0,0000478 seconds, Stopping threads took: 0,0000176 seconds
2017-05-12T11:20:35.547+0200: 10640,827: Total time for which application threads were stopped: 0,0001373 seconds, Stopping threads took: 0,0000375 seconds
2017-05-12T11:20:35.549+0200: 10640,829: Total time for which application threads were stopped: 0,0000966 seconds, Stopping threads took: 0,0000283 seconds
2017-05-12T11:20:35.549+0200: 10640,829: Total time for which application threads were stopped: 0,0000812 seconds, Stopping threads took: 0,0000480 seconds
2017-05-12T11:20:35.549+0200: 10640,829: Total time for which application threads were stopped: 0,0000441 seconds, Stopping threads took: 0,0000162 seconds
2017-05-12T11:20:35.549+0200: 10640,829: Total time for which application threads were stopped: 0,0000421 seconds, Stopping threads took: 0,0000147 seconds
2017-05-12T11:20:35.550+0200: 10640,830: Total time for which application threads were stopped: 0,0000787 seconds, Stopping threads took: 0,0000258 seconds
2017-05-12T11:20:35.550+0200: 10640,830: Total time for which application threads were stopped: 0,0001171 seconds, Stopping threads took: 0,0000170 seconds
Heap
 par new generation   total 109248K, used 34384K [0x00000000e0000000, 0x00000000e8000000, 0x00000000e8000000)
  eden space 87424K,  22% used [0x00000000e0000000, 0x00000000e137ac38, 0x00000000e5560000)
  from space 21824K,  66% used [0x00000000e5560000, 0x00000000e63793e0, 0x00000000e6ab0000)
  to   space 21824K,   0% used [0x00000000e6ab0000, 0x00000000e6ab0000, 0x00000000e8000000)
 concurrent mark-sweep generation total 393216K, used 6877K [0x00000000e8000000, 0x0000000100000000, 0x0000000100000000)
 Metaspace       used 28133K, capacity 28658K, committed 28796K, reserved 1075200K
  class space    used 3225K, capacity 3420K, committed 3452K, reserved 1048576K
