OpenJDK 64-Bit Server VM (25.111-b14) for linux-amd64 JRE (1.8.0_111-8u111-b14-2ubuntu0.16.04.2-b14), built on Oct 27 2016 18:10:19 by "buildd" with gcc 5.4.0 20160609
Memory: 4k page, physical 7867840k(7523252k free), swap 8076284k(8076284k free)
CommandLine flags: -XX:CMSInitiatingOccupancyFraction=50 -XX:CMSMaxAbortablePrecleanTime=6000 -XX:+CMSParallelRemarkEnabled -XX:+CMSScavengeBeforeRemark -XX:ConcGCThreads=4 -XX:InitialHeapSize=536870912 -XX:MaxHeapSize=536870912 -XX:MaxTenuringThreshold=8 -XX:NewRatio=3 -XX:OldPLABSize=16 -XX:OnOutOfMemoryError=/opt/solr/bin/oom_solr.sh 8983 /var/solr/logs -XX:ParallelGCThreads=4 -XX:+ParallelRefProcEnabled -XX:PretenureSizeThreshold=67108864 -XX:+PrintGC -XX:+PrintGCApplicationStoppedTime -XX:+PrintGCDateStamps -XX:+PrintGCDetails -XX:+PrintGCTimeStamps -XX:+PrintHeapAtGC -XX:+PrintTenuringDistribution -XX:SurvivorRatio=4 -XX:TargetSurvivorRatio=90 -XX:ThreadStackSize=256 -XX:+UseCMSInitiatingOccupancyOnly -XX:+UseCompressedClassPointers -XX:+UseCompressedOops -XX:+UseConcMarkSweepGC -XX:+UseParNewGC 
2016-12-16T09:12:59.664+0100: 0,118: Total time for which application threads were stopped: 0,0000744 seconds, Stopping threads took: 0,0000138 seconds
2016-12-16T09:12:59.742+0100: 0,196: Total time for which application threads were stopped: 0,0001100 seconds, Stopping threads took: 0,0000102 seconds
2016-12-16T09:12:59.755+0100: 0,209: Total time for which application threads were stopped: 0,0000839 seconds, Stopping threads took: 0,0000131 seconds
2016-12-16T09:12:59.985+0100: 0,440: Total time for which application threads were stopped: 0,0001306 seconds, Stopping threads took: 0,0000339 seconds
2016-12-16T09:13:00.376+0100: 0,831: Total time for which application threads were stopped: 0,0001493 seconds, Stopping threads took: 0,0000262 seconds
2016-12-16T09:13:00.504+0100: 0,959: Total time for which application threads were stopped: 0,0001883 seconds, Stopping threads took: 0,0000277 seconds
2016-12-16T09:13:00.535+0100: 0,989: Total time for which application threads were stopped: 0,0001953 seconds, Stopping threads took: 0,0000321 seconds
2016-12-16T09:13:00.772+0100: 1,227: Total time for which application threads were stopped: 0,0001974 seconds, Stopping threads took: 0,0000327 seconds
2016-12-16T09:13:00.980+0100: 1,434: Total time for which application threads were stopped: 0,0002118 seconds, Stopping threads took: 0,0000171 seconds
2016-12-16T09:13:01.009+0100: 1,464: Total time for which application threads were stopped: 0,0001766 seconds, Stopping threads took: 0,0000151 seconds
2016-12-16T09:13:01.010+0100: 1,464: Total time for which application threads were stopped: 0,0001171 seconds, Stopping threads took: 0,0000192 seconds
2016-12-16T09:13:01.025+0100: 1,480: Total time for which application threads were stopped: 0,0001551 seconds, Stopping threads took: 0,0000118 seconds
2016-12-16T09:13:01.127+0100: 1,582: Total time for which application threads were stopped: 0,0002217 seconds, Stopping threads took: 0,0000189 seconds
2016-12-16T09:13:01.321+0100: 1,776: Total time for which application threads were stopped: 0,0002607 seconds, Stopping threads took: 0,0000703 seconds
{Heap before GC invocations=0 (full 0):
 par new generation   total 109248K, used 87424K [0x00000000e0000000, 0x00000000e8000000, 0x00000000e8000000)
  eden space 87424K, 100% used [0x00000000e0000000, 0x00000000e5560000, 0x00000000e5560000)
  from space 21824K,   0% used [0x00000000e5560000, 0x00000000e5560000, 0x00000000e6ab0000)
  to   space 21824K,   0% used [0x00000000e6ab0000, 0x00000000e6ab0000, 0x00000000e8000000)
 concurrent mark-sweep generation total 393216K, used 0K [0x00000000e8000000, 0x0000000100000000, 0x0000000100000000)
 Metaspace       used 18356K, capacity 18686K, committed 18944K, reserved 1067008K
  class space    used 2091K, capacity 2226K, committed 2304K, reserved 1048576K
2016-12-16T09:13:01.458+0100: 1,913: [GC (Allocation Failure) 2016-12-16T09:13:01.458+0100: 1,913: [ParNew
Desired survivor size 20112992 bytes, new threshold 8 (max 8)
- age   1:   12578128 bytes,   12578128 total
: 87424K->12403K(109248K), 0,0159558 secs] 87424K->12403K(502464K), 0,0160480 secs] [Times: user=0,05 sys=0,00, real=0,01 secs] 
Heap after GC invocations=1 (full 0):
 par new generation   total 109248K, used 12403K [0x00000000e0000000, 0x00000000e8000000, 0x00000000e8000000)
  eden space 87424K,   0% used [0x00000000e0000000, 0x00000000e0000000, 0x00000000e5560000)
  from space 21824K,  56% used [0x00000000e6ab0000, 0x00000000e76ccdb0, 0x00000000e8000000)
  to   space 21824K,   0% used [0x00000000e5560000, 0x00000000e5560000, 0x00000000e6ab0000)
 concurrent mark-sweep generation total 393216K, used 0K [0x00000000e8000000, 0x0000000100000000, 0x0000000100000000)
 Metaspace       used 18356K, capacity 18686K, committed 18944K, reserved 1067008K
  class space    used 2091K, capacity 2226K, committed 2304K, reserved 1048576K
}
2016-12-16T09:13:01.474+0100: 1,929: Total time for which application threads were stopped: 0,0162241 seconds, Stopping threads took: 0,0000217 seconds
2016-12-16T09:13:01.597+0100: 2,052: Total time for which application threads were stopped: 0,0002854 seconds, Stopping threads took: 0,0000273 seconds
2016-12-16T09:13:01.626+0100: 2,081: Total time for which application threads were stopped: 0,0003244 seconds, Stopping threads took: 0,0000563 seconds
2016-12-16T09:13:01.658+0100: 2,113: Total time for which application threads were stopped: 0,0002678 seconds, Stopping threads took: 0,0000226 seconds
{Heap before GC invocations=1 (full 0):
 par new generation   total 109248K, used 99827K [0x00000000e0000000, 0x00000000e8000000, 0x00000000e8000000)
  eden space 87424K, 100% used [0x00000000e0000000, 0x00000000e5560000, 0x00000000e5560000)
  from space 21824K,  56% used [0x00000000e6ab0000, 0x00000000e76ccdb0, 0x00000000e8000000)
  to   space 21824K,   0% used [0x00000000e5560000, 0x00000000e5560000, 0x00000000e6ab0000)
 concurrent mark-sweep generation total 393216K, used 0K [0x00000000e8000000, 0x0000000100000000, 0x0000000100000000)
 Metaspace       used 20719K, capacity 21020K, committed 21248K, reserved 1069056K
  class space    used 2404K, capacity 2518K, committed 2560K, reserved 1048576K
2016-12-16T09:13:01.829+0100: 2,284: [GC (Allocation Failure) 2016-12-16T09:13:01.829+0100: 2,284: [ParNew
Desired survivor size 20112992 bytes, new threshold 8 (max 8)
- age   1:    2691736 bytes,    2691736 total
- age   2:    6139536 bytes,    8831272 total
: 99827K->11423K(109248K), 0,0134979 secs] 99827K->11423K(502464K), 0,0135687 secs] [Times: user=0,05 sys=0,00, real=0,02 secs] 
Heap after GC invocations=2 (full 0):
 par new generation   total 109248K, used 11423K [0x00000000e0000000, 0x00000000e8000000, 0x00000000e8000000)
  eden space 87424K,   0% used [0x00000000e0000000, 0x00000000e0000000, 0x00000000e5560000)
  from space 21824K,  52% used [0x00000000e5560000, 0x00000000e6087f10, 0x00000000e6ab0000)
  to   space 21824K,   0% used [0x00000000e6ab0000, 0x00000000e6ab0000, 0x00000000e8000000)
 concurrent mark-sweep generation total 393216K, used 0K [0x00000000e8000000, 0x0000000100000000, 0x0000000100000000)
 Metaspace       used 20719K, capacity 21020K, committed 21248K, reserved 1069056K
  class space    used 2404K, capacity 2518K, committed 2560K, reserved 1048576K
}
2016-12-16T09:13:01.843+0100: 2,298: Total time for which application threads were stopped: 0,0137608 seconds, Stopping threads took: 0,0000382 seconds
2016-12-16T09:13:01.897+0100: 2,352: Total time for which application threads were stopped: 0,0000812 seconds, Stopping threads took: 0,0000164 seconds
2016-12-16T09:13:01.929+0100: 2,384: Total time for which application threads were stopped: 0,0002555 seconds, Stopping threads took: 0,0000126 seconds
2016-12-16T09:13:01.935+0100: 2,390: Total time for which application threads were stopped: 0,0001460 seconds, Stopping threads took: 0,0000261 seconds
2016-12-16T09:13:01.954+0100: 2,409: Total time for which application threads were stopped: 0,0000932 seconds, Stopping threads took: 0,0000239 seconds
2016-12-16T09:13:02.037+0100: 2,492: Total time for which application threads were stopped: 0,0001220 seconds, Stopping threads took: 0,0000235 seconds
2016-12-16T09:13:02.057+0100: 2,512: Total time for which application threads were stopped: 0,0000989 seconds, Stopping threads took: 0,0000234 seconds
2016-12-16T09:13:02.065+0100: 2,519: Total time for which application threads were stopped: 0,0003020 seconds, Stopping threads took: 0,0000249 seconds
2016-12-16T09:13:02.073+0100: 2,527: Total time for which application threads were stopped: 0,0002938 seconds, Stopping threads took: 0,0000211 seconds
2016-12-16T09:13:02.081+0100: 2,536: Total time for which application threads were stopped: 0,0001164 seconds, Stopping threads took: 0,0000472 seconds
2016-12-16T09:13:02.116+0100: 2,571: Total time for which application threads were stopped: 0,0000839 seconds, Stopping threads took: 0,0000213 seconds
2016-12-16T09:13:02.129+0100: 2,584: Total time for which application threads were stopped: 0,0000716 seconds, Stopping threads took: 0,0000143 seconds
2016-12-16T09:13:02.148+0100: 2,603: Total time for which application threads were stopped: 0,0000802 seconds, Stopping threads took: 0,0000174 seconds
2016-12-16T09:13:02.174+0100: 2,629: Total time for which application threads were stopped: 0,0000757 seconds, Stopping threads took: 0,0000157 seconds
2016-12-16T09:13:02.198+0100: 2,652: Total time for which application threads were stopped: 0,0001346 seconds, Stopping threads took: 0,0000384 seconds
2016-12-16T09:13:02.248+0100: 2,703: Total time for which application threads were stopped: 0,0001050 seconds, Stopping threads took: 0,0000409 seconds
2016-12-16T09:13:02.275+0100: 2,730: Total time for which application threads were stopped: 0,0001112 seconds, Stopping threads took: 0,0000230 seconds
{Heap before GC invocations=2 (full 0):
 par new generation   total 109248K, used 98847K [0x00000000e0000000, 0x00000000e8000000, 0x00000000e8000000)
  eden space 87424K, 100% used [0x00000000e0000000, 0x00000000e5560000, 0x00000000e5560000)
  from space 21824K,  52% used [0x00000000e5560000, 0x00000000e6087f10, 0x00000000e6ab0000)
  to   space 21824K,   0% used [0x00000000e6ab0000, 0x00000000e6ab0000, 0x00000000e8000000)
 concurrent mark-sweep generation total 393216K, used 0K [0x00000000e8000000, 0x0000000100000000, 0x0000000100000000)
 Metaspace       used 24831K, capacity 25224K, committed 25536K, reserved 1071104K
  class space    used 2897K, capacity 3025K, committed 3092K, reserved 1048576K
2016-12-16T09:13:02.291+0100: 2,746: [GC (Allocation Failure) 2016-12-16T09:13:02.291+0100: 2,746: [ParNew
Desired survivor size 20112992 bytes, new threshold 8 (max 8)
- age   1:    6697912 bytes,    6697912 total
- age   2:     509016 bytes,    7206928 total
- age   3:    6120696 bytes,   13327624 total
: 98847K->16698K(109248K), 0,0126817 secs] 98847K->16698K(502464K), 0,0127607 secs] [Times: user=0,04 sys=0,00, real=0,02 secs] 
Heap after GC invocations=3 (full 0):
 par new generation   total 109248K, used 16698K [0x00000000e0000000, 0x00000000e8000000, 0x00000000e8000000)
  eden space 87424K,   0% used [0x00000000e0000000, 0x00000000e0000000, 0x00000000e5560000)
  from space 21824K,  76% used [0x00000000e6ab0000, 0x00000000e7afea68, 0x00000000e8000000)
  to   space 21824K,   0% used [0x00000000e5560000, 0x00000000e5560000, 0x00000000e6ab0000)
 concurrent mark-sweep generation total 393216K, used 0K [0x00000000e8000000, 0x0000000100000000, 0x0000000100000000)
 Metaspace       used 24831K, capacity 25224K, committed 25536K, reserved 1071104K
  class space    used 2897K, capacity 3025K, committed 3092K, reserved 1048576K
}
2016-12-16T09:13:02.304+0100: 2,759: Total time for which application threads were stopped: 0,0129324 seconds, Stopping threads took: 0,0000214 seconds
2016-12-16T09:13:02.304+0100: 2,759: [GC (CMS Initial Mark) [1 CMS-initial-mark: 0K(393216K)] 16714K(502464K), 0,0060083 secs] [Times: user=0,02 sys=0,00, real=0,00 secs] 
2016-12-16T09:13:02.310+0100: 2,765: Total time for which application threads were stopped: 0,0061480 seconds, Stopping threads took: 0,0000331 seconds
2016-12-16T09:13:02.310+0100: 2,765: [CMS-concurrent-mark-start]
2016-12-16T09:13:02.312+0100: 2,767: [CMS-concurrent-mark: 0,002/0,002 secs] [Times: user=0,00 sys=0,00, real=0,00 secs] 
2016-12-16T09:13:02.312+0100: 2,767: [CMS-concurrent-preclean-start]
2016-12-16T09:13:02.313+0100: 2,768: [CMS-concurrent-preclean: 0,001/0,001 secs] [Times: user=0,01 sys=0,00, real=0,00 secs] 
2016-12-16T09:13:02.313+0100: 2,768: [GC (CMS Final Remark) [YG occupancy: 18105 K (109248 K)]{Heap before GC invocations=3 (full 1):
 par new generation   total 109248K, used 18105K [0x00000000e0000000, 0x00000000e8000000, 0x00000000e8000000)
  eden space 87424K,   1% used [0x00000000e0000000, 0x00000000e015fb40, 0x00000000e5560000)
  from space 21824K,  76% used [0x00000000e6ab0000, 0x00000000e7afea68, 0x00000000e8000000)
  to   space 21824K,   0% used [0x00000000e5560000, 0x00000000e5560000, 0x00000000e6ab0000)
 concurrent mark-sweep generation total 393216K, used 0K [0x00000000e8000000, 0x0000000100000000, 0x0000000100000000)
 Metaspace       used 24850K, capacity 25256K, committed 25536K, reserved 1071104K
  class space    used 2899K, capacity 3057K, committed 3092K, reserved 1048576K
2016-12-16T09:13:02.313+0100: 2,768: [GC (CMS Final Remark) 2016-12-16T09:13:02.313+0100: 2,768: [ParNew
Desired survivor size 20112992 bytes, new threshold 8 (max 8)
- age   1:      21936 bytes,      21936 total
- age   2:    3151152 bytes,    3173088 total
- age   3:     509016 bytes,    3682104 total
- age   4:    6120696 bytes,    9802800 total
: 18105K->13807K(109248K), 0,0105828 secs] 18105K->13807K(502464K), 0,0106201 secs] [Times: user=0,04 sys=0,00, real=0,02 secs] 
Heap after GC invocations=4 (full 1):
 par new generation   total 109248K, used 13807K [0x00000000e0000000, 0x00000000e8000000, 0x00000000e8000000)
  eden space 87424K,   0% used [0x00000000e0000000, 0x00000000e0000000, 0x00000000e5560000)
  from space 21824K,  63% used [0x00000000e5560000, 0x00000000e62dbdd8, 0x00000000e6ab0000)
  to   space 21824K,   0% used [0x00000000e6ab0000, 0x00000000e6ab0000, 0x00000000e8000000)
 concurrent mark-sweep generation total 393216K, used 0K [0x00000000e8000000, 0x0000000100000000, 0x0000000100000000)
 Metaspace       used 24850K, capacity 25256K, committed 25536K, reserved 1071104K
  class space    used 2899K, capacity 3057K, committed 3092K, reserved 1048576K
}
2016-12-16T09:13:02.324+0100: 2,779: [Rescan (parallel) , 0,0039247 secs]2016-12-16T09:13:02.328+0100: 2,783: [weak refs processing, 0,0005728 secs]2016-12-16T09:13:02.329+0100: 2,783: [class unloading, 0,0031937 secs]2016-12-16T09:13:02.332+0100: 2,787: [scrub symbol table, 0,0035641 secs]2016-12-16T09:13:02.335+0100: 2,790: [scrub string table, 0,0005321 secs][1 CMS-remark: 0K(393216K)] 13807K(502464K), 0,0231401 secs] [Times: user=0,06 sys=0,00, real=0,03 secs] 
2016-12-16T09:13:02.337+0100: 2,791: Total time for which application threads were stopped: 0,0232574 seconds, Stopping threads took: 0,0000422 seconds
2016-12-16T09:13:02.337+0100: 2,791: [CMS-concurrent-sweep-start]
2016-12-16T09:13:02.337+0100: 2,791: [CMS-concurrent-sweep: 0,000/0,000 secs] [Times: user=0,00 sys=0,00, real=0,00 secs] 
2016-12-16T09:13:02.337+0100: 2,792: [CMS-concurrent-reset-start]
2016-12-16T09:13:02.338+0100: 2,793: [CMS-concurrent-reset: 0,002/0,002 secs] [Times: user=0,01 sys=0,00, real=0,00 secs] 
2016-12-16T09:13:02.396+0100: 2,850: Total time for which application threads were stopped: 0,0004267 seconds, Stopping threads took: 0,0000423 seconds
2016-12-16T09:13:02.410+0100: 2,865: Total time for which application threads were stopped: 0,0003086 seconds, Stopping threads took: 0,0000185 seconds
2016-12-16T09:13:03.410+0100: 3,865: Total time for which application threads were stopped: 0,0000846 seconds, Stopping threads took: 0,0000166 seconds
2016-12-16T09:13:03.596+0100: 4,051: Total time for which application threads were stopped: 0,0002660 seconds, Stopping threads took: 0,0000152 seconds
2016-12-16T09:13:31.600+0100: 32,055: Total time for which application threads were stopped: 0,0000961 seconds, Stopping threads took: 0,0000264 seconds
2016-12-16T09:15:41.615+0100: 162,070: Total time for which application threads were stopped: 0,0000858 seconds, Stopping threads took: 0,0000383 seconds
2016-12-16T09:15:46.616+0100: 167,071: Total time for which application threads were stopped: 0,0000662 seconds, Stopping threads took: 0,0000175 seconds
2016-12-16T09:16:41.624+0100: 222,079: Total time for which application threads were stopped: 0,0000826 seconds, Stopping threads took: 0,0000339 seconds
2016-12-16T09:17:20.630+0100: 261,084: Total time for which application threads were stopped: 0,0000728 seconds, Stopping threads took: 0,0000288 seconds
2016-12-16T09:17:25.631+0100: 266,085: Total time for which application threads were stopped: 0,0000754 seconds, Stopping threads took: 0,0000319 seconds
2016-12-16T09:17:40.633+0100: 281,088: Total time for which application threads were stopped: 0,0000889 seconds, Stopping threads took: 0,0000362 seconds
2016-12-16T09:17:41.633+0100: 282,088: Total time for which application threads were stopped: 0,0000628 seconds, Stopping threads took: 0,0000155 seconds
2016-12-16T09:17:46.634+0100: 287,089: Total time for which application threads were stopped: 0,0001375 seconds, Stopping threads took: 0,0000332 seconds
2016-12-16T09:18:35.640+0100: 336,095: Total time for which application threads were stopped: 0,0001355 seconds, Stopping threads took: 0,0000559 seconds
2016-12-16T09:36:40.798+0100: 1421,253: Total time for which application threads were stopped: 0,0001160 seconds, Stopping threads took: 0,0000351 seconds
2016-12-16T09:40:26.829+0100: 1647,284: Total time for which application threads were stopped: 0,0003734 seconds, Stopping threads took: 0,0001597 seconds
2016-12-16T09:47:20.884+0100: 2061,339: Total time for which application threads were stopped: 0,0000922 seconds, Stopping threads took: 0,0000365 seconds
2016-12-16T09:50:13.786+0100: 2234,241: Total time for which application threads were stopped: 0,0001474 seconds, Stopping threads took: 0,0000266 seconds
Heap
 par new generation   total 109248K, used 59545K [0x00000000e0000000, 0x00000000e8000000, 0x00000000e8000000)
  eden space 87424K,  52% used [0x00000000e0000000, 0x00000000e2caa9c8, 0x00000000e5560000)
  from space 21824K,  63% used [0x00000000e5560000, 0x00000000e62dbdd8, 0x00000000e6ab0000)
  to   space 21824K,   0% used [0x00000000e6ab0000, 0x00000000e6ab0000, 0x00000000e8000000)
 concurrent mark-sweep generation total 393216K, used 0K [0x00000000e8000000, 0x0000000100000000, 0x0000000100000000)
 Metaspace       used 27204K, capacity 27668K, committed 27924K, reserved 1073152K
  class space    used 3167K, capacity 3321K, committed 3348K, reserved 1048576K
