OpenJDK 64-Bit Server VM (25.121-b13) for linux-amd64 JRE (1.8.0_121-8u121-b13-0ubuntu1.16.04.2-b13), built on Jan 23 2017 15:51:29 by "buildd" with gcc 5.4.0 20160609
Memory: 4k page, physical 7867764k(7411040k free), swap 8076284k(8076284k free)
CommandLine flags: -XX:CMSInitiatingOccupancyFraction=50 -XX:CMSMaxAbortablePrecleanTime=6000 -XX:+CMSParallelRemarkEnabled -XX:+CMSScavengeBeforeRemark -XX:ConcGCThreads=4 -XX:InitialHeapSize=536870912 -XX:MaxHeapSize=536870912 -XX:MaxTenuringThreshold=8 -XX:NewRatio=3 -XX:OldPLABSize=16 -XX:OnOutOfMemoryError=/opt/solr/bin/oom_solr.sh 8983 /var/solr/logs -XX:ParallelGCThreads=4 -XX:+ParallelRefProcEnabled -XX:PretenureSizeThreshold=67108864 -XX:+PrintGC -XX:+PrintGCApplicationStoppedTime -XX:+PrintGCDateStamps -XX:+PrintGCDetails -XX:+PrintGCTimeStamps -XX:+PrintHeapAtGC -XX:+PrintTenuringDistribution -XX:SurvivorRatio=4 -XX:TargetSurvivorRatio=90 -XX:ThreadStackSize=256 -XX:+UseCMSInitiatingOccupancyOnly -XX:+UseCompressedClassPointers -XX:+UseCompressedOops -XX:+UseConcMarkSweepGC -XX:+UseParNewGC 
2017-05-02T10:41:48.052+0200: 0,169: Total time for which application threads were stopped: 0,0000729 seconds, Stopping threads took: 0,0000099 seconds
2017-05-02T10:41:48.172+0200: 0,289: Total time for which application threads were stopped: 0,0001185 seconds, Stopping threads took: 0,0000225 seconds
2017-05-02T10:41:48.192+0200: 0,308: Total time for which application threads were stopped: 0,0001010 seconds, Stopping threads took: 0,0000223 seconds
2017-05-02T10:41:48.988+0200: 1,104: Total time for which application threads were stopped: 0,0001990 seconds, Stopping threads took: 0,0000278 seconds
2017-05-02T10:41:49.060+0200: 1,177: Total time for which application threads were stopped: 0,0001402 seconds, Stopping threads took: 0,0000162 seconds
2017-05-02T10:41:49.079+0200: 1,196: Total time for which application threads were stopped: 0,0003579 seconds, Stopping threads took: 0,0000650 seconds
2017-05-02T10:41:49.355+0200: 1,472: Total time for which application threads were stopped: 0,0001992 seconds, Stopping threads took: 0,0000229 seconds
2017-05-02T10:41:49.609+0200: 1,726: Total time for which application threads were stopped: 0,0001919 seconds, Stopping threads took: 0,0000220 seconds
2017-05-02T10:41:49.635+0200: 1,752: Total time for which application threads were stopped: 0,0001586 seconds, Stopping threads took: 0,0000202 seconds
2017-05-02T10:41:49.676+0200: 1,792: Total time for which application threads were stopped: 0,0002398 seconds, Stopping threads took: 0,0000280 seconds
2017-05-02T10:41:49.677+0200: 1,793: Total time for which application threads were stopped: 0,0002025 seconds, Stopping threads took: 0,0000248 seconds
2017-05-02T10:41:49.695+0200: 1,811: Total time for which application threads were stopped: 0,0001698 seconds, Stopping threads took: 0,0000110 seconds
2017-05-02T10:41:49.767+0200: 1,883: Total time for which application threads were stopped: 0,0002398 seconds, Stopping threads took: 0,0000269 seconds
2017-05-02T10:41:49.930+0200: 2,047: Total time for which application threads were stopped: 0,0002533 seconds, Stopping threads took: 0,0000189 seconds
{Heap before GC invocations=0 (full 0):
 par new generation   total 109248K, used 87424K [0x00000000e0000000, 0x00000000e8000000, 0x00000000e8000000)
  eden space 87424K, 100% used [0x00000000e0000000, 0x00000000e5560000, 0x00000000e5560000)
  from space 21824K,   0% used [0x00000000e5560000, 0x00000000e5560000, 0x00000000e6ab0000)
  to   space 21824K,   0% used [0x00000000e6ab0000, 0x00000000e6ab0000, 0x00000000e8000000)
 concurrent mark-sweep generation total 393216K, used 0K [0x00000000e8000000, 0x0000000100000000, 0x0000000100000000)
 Metaspace       used 17788K, capacity 18112K, committed 18304K, reserved 1064960K
  class space    used 2024K, capacity 2164K, committed 2176K, reserved 1048576K
2017-05-02T10:41:49.962+0200: 2,079: [GC (Allocation Failure) 2017-05-02T10:41:49.962+0200: 2,079: [ParNew
Desired survivor size 20112992 bytes, new threshold 8 (max 8)
- age   1:   11513472 bytes,   11513472 total
: 87424K->11357K(109248K), 0,0197857 secs] 87424K->11357K(502464K), 0,0198680 secs] [Times: user=0,06 sys=0,00, real=0,02 secs] 
Heap after GC invocations=1 (full 0):
 par new generation   total 109248K, used 11357K [0x00000000e0000000, 0x00000000e8000000, 0x00000000e8000000)
  eden space 87424K,   0% used [0x00000000e0000000, 0x00000000e0000000, 0x00000000e5560000)
  from space 21824K,  52% used [0x00000000e6ab0000, 0x00000000e75c7428, 0x00000000e8000000)
  to   space 21824K,   0% used [0x00000000e5560000, 0x00000000e5560000, 0x00000000e6ab0000)
 concurrent mark-sweep generation total 393216K, used 0K [0x00000000e8000000, 0x0000000100000000, 0x0000000100000000)
 Metaspace       used 17788K, capacity 18112K, committed 18304K, reserved 1064960K
  class space    used 2024K, capacity 2164K, committed 2176K, reserved 1048576K
}
2017-05-02T10:41:49.982+0200: 2,099: Total time for which application threads were stopped: 0,0200648 seconds, Stopping threads took: 0,0000351 seconds
2017-05-02T10:41:50.340+0200: 2,457: Total time for which application threads were stopped: 0,0003950 seconds, Stopping threads took: 0,0000257 seconds
{Heap before GC invocations=1 (full 0):
 par new generation   total 109248K, used 98781K [0x00000000e0000000, 0x00000000e8000000, 0x00000000e8000000)
  eden space 87424K, 100% used [0x00000000e0000000, 0x00000000e5560000, 0x00000000e5560000)
  from space 21824K,  52% used [0x00000000e6ab0000, 0x00000000e75c7428, 0x00000000e8000000)
  to   space 21824K,   0% used [0x00000000e5560000, 0x00000000e5560000, 0x00000000e6ab0000)
 concurrent mark-sweep generation total 393216K, used 0K [0x00000000e8000000, 0x0000000100000000, 0x0000000100000000)
 Metaspace       used 20046K, capacity 20348K, committed 20736K, reserved 1067008K
  class space    used 2292K, capacity 2464K, committed 2560K, reserved 1048576K
2017-05-02T10:41:50.379+0200: 2,496: [GC (Allocation Failure) 2017-05-02T10:41:50.379+0200: 2,496: [ParNew
Desired survivor size 20112992 bytes, new threshold 8 (max 8)
- age   1:    4098856 bytes,    4098856 total
- age   2:    6084816 bytes,   10183672 total
: 98781K->14428K(109248K), 0,0096923 secs] 98781K->14428K(502464K), 0,0097640 secs] [Times: user=0,04 sys=0,00, real=0,01 secs] 
Heap after GC invocations=2 (full 0):
 par new generation   total 109248K, used 14428K [0x00000000e0000000, 0x00000000e8000000, 0x00000000e8000000)
  eden space 87424K,   0% used [0x00000000e0000000, 0x00000000e0000000, 0x00000000e5560000)
  from space 21824K,  66% used [0x00000000e5560000, 0x00000000e63773c0, 0x00000000e6ab0000)
  to   space 21824K,   0% used [0x00000000e6ab0000, 0x00000000e6ab0000, 0x00000000e8000000)
 concurrent mark-sweep generation total 393216K, used 0K [0x00000000e8000000, 0x0000000100000000, 0x0000000100000000)
 Metaspace       used 20046K, capacity 20348K, committed 20736K, reserved 1067008K
  class space    used 2292K, capacity 2464K, committed 2560K, reserved 1048576K
}
2017-05-02T10:41:50.389+0200: 2,505: Total time for which application threads were stopped: 0,0106172 seconds, Stopping threads took: 0,0007134 seconds
2017-05-02T10:41:50.396+0200: 2,513: Total time for which application threads were stopped: 0,0003289 seconds, Stopping threads took: 0,0000360 seconds
2017-05-02T10:41:50.429+0200: 2,545: Total time for which application threads were stopped: 0,0004167 seconds, Stopping threads took: 0,0000966 seconds
2017-05-02T10:41:50.577+0200: 2,694: Total time for which application threads were stopped: 0,0001373 seconds, Stopping threads took: 0,0000248 seconds
{Heap before GC invocations=2 (full 0):
 par new generation   total 109248K, used 101852K [0x00000000e0000000, 0x00000000e8000000, 0x00000000e8000000)
  eden space 87424K, 100% used [0x00000000e0000000, 0x00000000e5560000, 0x00000000e5560000)
  from space 21824K,  66% used [0x00000000e5560000, 0x00000000e63773c0, 0x00000000e6ab0000)
  to   space 21824K,   0% used [0x00000000e6ab0000, 0x00000000e6ab0000, 0x00000000e8000000)
 concurrent mark-sweep generation total 393216K, used 0K [0x00000000e8000000, 0x0000000100000000, 0x0000000100000000)
 Metaspace       used 20963K, capacity 21270K, committed 21628K, reserved 1069056K
  class space    used 2415K, capacity 2583K, committed 2684K, reserved 1048576K
2017-05-02T10:41:50.611+0200: 2,728: [GC (Allocation Failure) 2017-05-02T10:41:50.611+0200: 2,728: [ParNew
Desired survivor size 20112992 bytes, new threshold 8 (max 8)
- age   1:    2084376 bytes,    2084376 total
- age   2:    1401776 bytes,    3486152 total
- age   3:    6081064 bytes,    9567216 total
: 101852K->11064K(109248K), 0,0095378 secs] 101852K->11064K(502464K), 0,0096386 secs] [Times: user=0,04 sys=0,00, real=0,01 secs] 
Heap after GC invocations=3 (full 0):
 par new generation   total 109248K, used 11064K [0x00000000e0000000, 0x00000000e8000000, 0x00000000e8000000)
  eden space 87424K,   0% used [0x00000000e0000000, 0x00000000e0000000, 0x00000000e5560000)
  from space 21824K,  50% used [0x00000000e6ab0000, 0x00000000e757e180, 0x00000000e8000000)
  to   space 21824K,   0% used [0x00000000e5560000, 0x00000000e5560000, 0x00000000e6ab0000)
 concurrent mark-sweep generation total 393216K, used 0K [0x00000000e8000000, 0x0000000100000000, 0x0000000100000000)
 Metaspace       used 20963K, capacity 21270K, committed 21628K, reserved 1069056K
  class space    used 2415K, capacity 2583K, committed 2684K, reserved 1048576K
}
2017-05-02T10:41:50.621+0200: 2,737: Total time for which application threads were stopped: 0,0098602 seconds, Stopping threads took: 0,0000570 seconds
2017-05-02T10:41:50.621+0200: 2,738: [GC (CMS Initial Mark) [1 CMS-initial-mark: 0K(393216K)] 11080K(502464K), 0,0046747 secs] [Times: user=0,02 sys=0,00, real=0,01 secs] 
2017-05-02T10:41:50.626+0200: 2,742: Total time for which application threads were stopped: 0,0048218 seconds, Stopping threads took: 0,0000365 seconds
2017-05-02T10:41:50.626+0200: 2,743: [CMS-concurrent-mark-start]
2017-05-02T10:41:50.626+0200: 2,743: [CMS-concurrent-mark: 0,000/0,000 secs] [Times: user=0,00 sys=0,00, real=0,00 secs] 
2017-05-02T10:41:50.626+0200: 2,743: [CMS-concurrent-preclean-start]
2017-05-02T10:41:50.627+0200: 2,744: [CMS-concurrent-preclean: 0,001/0,001 secs] [Times: user=0,00 sys=0,00, real=0,00 secs] 
2017-05-02T10:41:50.628+0200: 2,744: [GC (CMS Final Remark) [YG occupancy: 12490 K (109248 K)]{Heap before GC invocations=3 (full 1):
 par new generation   total 109248K, used 12490K [0x00000000e0000000, 0x00000000e8000000, 0x00000000e8000000)
  eden space 87424K,   1% used [0x00000000e0000000, 0x00000000e0164830, 0x00000000e5560000)
  from space 21824K,  50% used [0x00000000e6ab0000, 0x00000000e757e180, 0x00000000e8000000)
  to   space 21824K,   0% used [0x00000000e5560000, 0x00000000e5560000, 0x00000000e6ab0000)
 concurrent mark-sweep generation total 393216K, used 0K [0x00000000e8000000, 0x0000000100000000, 0x0000000100000000)
 Metaspace       used 20963K, capacity 21270K, committed 21628K, reserved 1069056K
  class space    used 2415K, capacity 2583K, committed 2684K, reserved 1048576K
2017-05-02T10:41:50.628+0200: 2,744: [GC (CMS Final Remark) 2017-05-02T10:41:50.628+0200: 2,744: [ParNew
Desired survivor size 20112992 bytes, new threshold 8 (max 8)
- age   1:      17296 bytes,      17296 total
- age   2:    1616672 bytes,    1633968 total
- age   3:    1371064 bytes,    3005032 total
- age   4:    6081040 bytes,    9086072 total
: 12490K->10487K(109248K), 0,0133782 secs] 12490K->10487K(502464K), 0,0134235 secs] [Times: user=0,05 sys=0,00, real=0,01 secs] 
Heap after GC invocations=4 (full 1):
 par new generation   total 109248K, used 10487K [0x00000000e0000000, 0x00000000e8000000, 0x00000000e8000000)
  eden space 87424K,   0% used [0x00000000e0000000, 0x00000000e0000000, 0x00000000e5560000)
  from space 21824K,  48% used [0x00000000e5560000, 0x00000000e5f9df68, 0x00000000e6ab0000)
  to   space 21824K,   0% used [0x00000000e6ab0000, 0x00000000e6ab0000, 0x00000000e8000000)
 concurrent mark-sweep generation total 393216K, used 0K [0x00000000e8000000, 0x0000000100000000, 0x0000000100000000)
 Metaspace       used 20963K, capacity 21270K, committed 21628K, reserved 1069056K
  class space    used 2415K, capacity 2583K, committed 2684K, reserved 1048576K
}
2017-05-02T10:41:50.641+0200: 2,758: [Rescan (parallel) , 0,0038872 secs]2017-05-02T10:41:50.645+0200: 2,762: [weak refs processing, 0,0010289 secs]2017-05-02T10:41:50.646+0200: 2,763: [class unloading, 0,0027278 secs]2017-05-02T10:41:50.649+0200: 2,765: [scrub symbol table, 0,0026188 secs]2017-05-02T10:41:50.652+0200: 2,768: [scrub string table, 0,0003607 secs][1 CMS-remark: 0K(393216K)] 10487K(502464K), 0,0246736 secs] [Times: user=0,07 sys=0,00, real=0,02 secs] 
2017-05-02T10:41:50.652+0200: 2,769: Total time for which application threads were stopped: 0,0248019 seconds, Stopping threads took: 0,0000359 seconds
2017-05-02T10:41:50.652+0200: 2,769: [CMS-concurrent-sweep-start]
2017-05-02T10:41:50.652+0200: 2,769: [CMS-concurrent-sweep: 0,000/0,000 secs] [Times: user=0,00 sys=0,00, real=0,00 secs] 
2017-05-02T10:41:50.653+0200: 2,769: [CMS-concurrent-reset-start]
2017-05-02T10:41:50.654+0200: 2,771: [CMS-concurrent-reset: 0,002/0,002 secs] [Times: user=0,00 sys=0,01, real=0,00 secs] 
{Heap before GC invocations=4 (full 1):
 par new generation   total 109248K, used 97911K [0x00000000e0000000, 0x00000000e8000000, 0x00000000e8000000)
  eden space 87424K, 100% used [0x00000000e0000000, 0x00000000e5560000, 0x00000000e5560000)
  from space 21824K,  48% used [0x00000000e5560000, 0x00000000e5f9df68, 0x00000000e6ab0000)
  to   space 21824K,   0% used [0x00000000e6ab0000, 0x00000000e6ab0000, 0x00000000e8000000)
 concurrent mark-sweep generation total 393216K, used 0K [0x00000000e8000000, 0x0000000100000000, 0x0000000100000000)
 Metaspace       used 21224K, capacity 21616K, committed 21884K, reserved 1069056K
  class space    used 2444K, capacity 2599K, committed 2684K, reserved 1048576K
2017-05-02T10:41:50.783+0200: 2,900: [GC (Allocation Failure) 2017-05-02T10:41:50.783+0200: 2,900: [ParNew
Desired survivor size 20112992 bytes, new threshold 8 (max 8)
- age   1:    1490256 bytes,    1490256 total
- age   2:        824 bytes,    1491080 total
- age   3:    1478568 bytes,    2969648 total
- age   4:    1365016 bytes,    4334664 total
- age   5:    6081120 bytes,   10415784 total
: 97911K->15316K(109248K), 0,0138716 secs] 97911K->15316K(502464K), 0,0139461 secs] [Times: user=0,05 sys=0,00, real=0,01 secs] 
Heap after GC invocations=5 (full 1):
 par new generation   total 109248K, used 15316K [0x00000000e0000000, 0x00000000e8000000, 0x00000000e8000000)
  eden space 87424K,   0% used [0x00000000e0000000, 0x00000000e0000000, 0x00000000e5560000)
  from space 21824K,  70% used [0x00000000e6ab0000, 0x00000000e79a5310, 0x00000000e8000000)
  to   space 21824K,   0% used [0x00000000e5560000, 0x00000000e5560000, 0x00000000e6ab0000)
 concurrent mark-sweep generation total 393216K, used 0K [0x00000000e8000000, 0x0000000100000000, 0x0000000100000000)
 Metaspace       used 21224K, capacity 21616K, committed 21884K, reserved 1069056K
  class space    used 2444K, capacity 2599K, committed 2684K, reserved 1048576K
}
2017-05-02T10:41:50.797+0200: 2,914: Total time for which application threads were stopped: 0,0142312 seconds, Stopping threads took: 0,0001058 seconds
{Heap before GC invocations=5 (full 1):
 par new generation   total 109248K, used 102740K [0x00000000e0000000, 0x00000000e8000000, 0x00000000e8000000)
  eden space 87424K, 100% used [0x00000000e0000000, 0x00000000e5560000, 0x00000000e5560000)
  from space 21824K,  70% used [0x00000000e6ab0000, 0x00000000e79a5310, 0x00000000e8000000)
  to   space 21824K,   0% used [0x00000000e5560000, 0x00000000e5560000, 0x00000000e6ab0000)
 concurrent mark-sweep generation total 393216K, used 0K [0x00000000e8000000, 0x0000000100000000, 0x0000000100000000)
 Metaspace       used 21387K, capacity 21776K, committed 21884K, reserved 1069056K
  class space    used 2463K, capacity 2631K, committed 2684K, reserved 1048576K
2017-05-02T10:41:50.883+0200: 3,000: [GC (Allocation Failure) 2017-05-02T10:41:50.883+0200: 3,000: [ParNew
Desired survivor size 20112992 bytes, new threshold 8 (max 8)
- age   1:    1002992 bytes,    1002992 total
- age   2:     183688 bytes,    1186680 total
- age   3:        824 bytes,    1187504 total
- age   4:    1478568 bytes,    2666072 total
- age   5:    1364904 bytes,    4030976 total
- age   6:    6081248 bytes,   10112224 total
: 102740K->13010K(109248K), 0,0102312 secs] 102740K->13010K(502464K), 0,0103023 secs] [Times: user=0,04 sys=0,00, real=0,01 secs] 
Heap after GC invocations=6 (full 1):
 par new generation   total 109248K, used 13010K [0x00000000e0000000, 0x00000000e8000000, 0x00000000e8000000)
  eden space 87424K,   0% used [0x00000000e0000000, 0x00000000e0000000, 0x00000000e5560000)
  from space 21824K,  59% used [0x00000000e5560000, 0x00000000e6214900, 0x00000000e6ab0000)
  to   space 21824K,   0% used [0x00000000e6ab0000, 0x00000000e6ab0000, 0x00000000e8000000)
 concurrent mark-sweep generation total 393216K, used 0K [0x00000000e8000000, 0x0000000100000000, 0x0000000100000000)
 Metaspace       used 21387K, capacity 21776K, committed 21884K, reserved 1069056K
  class space    used 2463K, capacity 2631K, committed 2684K, reserved 1048576K
}
2017-05-02T10:41:50.894+0200: 3,010: Total time for which application threads were stopped: 0,0113158 seconds, Stopping threads took: 0,0008579 seconds
2017-05-02T10:41:50.936+0200: 3,052: Total time for which application threads were stopped: 0,0003333 seconds, Stopping threads took: 0,0000396 seconds
2017-05-02T10:41:51.188+0200: 3,305: Total time for which application threads were stopped: 0,0004349 seconds, Stopping threads took: 0,0000240 seconds
2017-05-02T10:41:51.205+0200: 3,322: Total time for which application threads were stopped: 0,0003724 seconds, Stopping threads took: 0,0000380 seconds
2017-05-02T10:41:51.239+0200: 3,355: Total time for which application threads were stopped: 0,0003624 seconds, Stopping threads took: 0,0000216 seconds
{Heap before GC invocations=6 (full 1):
 par new generation   total 109248K, used 100434K [0x00000000e0000000, 0x00000000e8000000, 0x00000000e8000000)
  eden space 87424K, 100% used [0x00000000e0000000, 0x00000000e5560000, 0x00000000e5560000)
  from space 21824K,  59% used [0x00000000e5560000, 0x00000000e6214900, 0x00000000e6ab0000)
  to   space 21824K,   0% used [0x00000000e6ab0000, 0x00000000e6ab0000, 0x00000000e8000000)
 concurrent mark-sweep generation total 393216K, used 0K [0x00000000e8000000, 0x0000000100000000, 0x0000000100000000)
 Metaspace       used 23725K, capacity 24234K, committed 24572K, reserved 1071104K
  class space    used 2780K, capacity 2978K, committed 3068K, reserved 1048576K
2017-05-02T10:41:51.350+0200: 3,467: [GC (Allocation Failure) 2017-05-02T10:41:51.350+0200: 3,467: [ParNew
Desired survivor size 20112992 bytes, new threshold 8 (max 8)
- age   1:    5125320 bytes,    5125320 total
- age   2:     112952 bytes,    5238272 total
- age   3:     182168 bytes,    5420440 total
- age   4:        824 bytes,    5421264 total
- age   5:     308792 bytes,    5730056 total
- age   6:    1340552 bytes,    7070608 total
- age   7:    6073072 bytes,   13143680 total
: 100434K->14657K(109248K), 0,0176978 secs] 100434K->14657K(502464K), 0,0177666 secs] [Times: user=0,06 sys=0,00, real=0,02 secs] 
Heap after GC invocations=7 (full 1):
 par new generation   total 109248K, used 14657K [0x00000000e0000000, 0x00000000e8000000, 0x00000000e8000000)
  eden space 87424K,   0% used [0x00000000e0000000, 0x00000000e0000000, 0x00000000e5560000)
  from space 21824K,  67% used [0x00000000e6ab0000, 0x00000000e7900680, 0x00000000e8000000)
  to   space 21824K,   0% used [0x00000000e5560000, 0x00000000e5560000, 0x00000000e6ab0000)
 concurrent mark-sweep generation total 393216K, used 0K [0x00000000e8000000, 0x0000000100000000, 0x0000000100000000)
 Metaspace       used 23725K, capacity 24234K, committed 24572K, reserved 1071104K
  class space    used 2780K, capacity 2978K, committed 3068K, reserved 1048576K
}
2017-05-02T10:41:51.368+0200: 3,484: Total time for which application threads were stopped: 0,0180645 seconds, Stopping threads took: 0,0000814 seconds
{Heap before GC invocations=7 (full 1):
 par new generation   total 109248K, used 102081K [0x00000000e0000000, 0x00000000e8000000, 0x00000000e8000000)
  eden space 87424K, 100% used [0x00000000e0000000, 0x00000000e5560000, 0x00000000e5560000)
  from space 21824K,  67% used [0x00000000e6ab0000, 0x00000000e7900680, 0x00000000e8000000)
  to   space 21824K,   0% used [0x00000000e5560000, 0x00000000e5560000, 0x00000000e6ab0000)
 concurrent mark-sweep generation total 393216K, used 0K [0x00000000e8000000, 0x0000000100000000, 0x0000000100000000)
 Metaspace       used 24155K, capacity 24586K, committed 24828K, reserved 1071104K
  class space    used 2836K, capacity 3010K, committed 3068K, reserved 1048576K
2017-05-02T10:41:51.462+0200: 3,578: [GC (Allocation Failure) 2017-05-02T10:41:51.462+0200: 3,578: [ParNew
Desired survivor size 20112992 bytes, new threshold 8 (max 8)
- age   1:    1642776 bytes,    1642776 total
- age   2:    1778032 bytes,    3420808 total
- age   3:      57576 bytes,    3478384 total
- age   4:     109432 bytes,    3587816 total
- age   5:        824 bytes,    3588640 total
- age   6:     205192 bytes,    3793832 total
- age   7:     917992 bytes,    4711824 total
- age   8:    5929768 bytes,   10641592 total
: 102081K->13560K(109248K), 0,0129225 secs] 102081K->13560K(502464K), 0,0130097 secs] [Times: user=0,04 sys=0,00, real=0,01 secs] 
Heap after GC invocations=8 (full 1):
 par new generation   total 109248K, used 13560K [0x00000000e0000000, 0x00000000e8000000, 0x00000000e8000000)
  eden space 87424K,   0% used [0x00000000e0000000, 0x00000000e0000000, 0x00000000e5560000)
  from space 21824K,  62% used [0x00000000e5560000, 0x00000000e629e078, 0x00000000e6ab0000)
  to   space 21824K,   0% used [0x00000000e6ab0000, 0x00000000e6ab0000, 0x00000000e8000000)
 concurrent mark-sweep generation total 393216K, used 0K [0x00000000e8000000, 0x0000000100000000, 0x0000000100000000)
 Metaspace       used 24155K, capacity 24586K, committed 24828K, reserved 1071104K
  class space    used 2836K, capacity 3010K, committed 3068K, reserved 1048576K
}
2017-05-02T10:41:51.475+0200: 3,592: Total time for which application threads were stopped: 0,0132386 seconds, Stopping threads took: 0,0000254 seconds
{Heap before GC invocations=8 (full 1):
 par new generation   total 109248K, used 100984K [0x00000000e0000000, 0x00000000e8000000, 0x00000000e8000000)
  eden space 87424K, 100% used [0x00000000e0000000, 0x00000000e5560000, 0x00000000e5560000)
  from space 21824K,  62% used [0x00000000e5560000, 0x00000000e629e078, 0x00000000e6ab0000)
  to   space 21824K,   0% used [0x00000000e6ab0000, 0x00000000e6ab0000, 0x00000000e8000000)
 concurrent mark-sweep generation total 393216K, used 0K [0x00000000e8000000, 0x0000000100000000, 0x0000000100000000)
 Metaspace       used 24527K, capacity 24970K, committed 25084K, reserved 1071104K
  class space    used 2864K, capacity 3048K, committed 3068K, reserved 1048576K
2017-05-02T10:41:51.580+0200: 3,696: [GC (Allocation Failure) 2017-05-02T10:41:51.580+0200: 3,696: [ParNew
Desired survivor size 20112992 bytes, new threshold 8 (max 8)
- age   1:    1070440 bytes,    1070440 total
- age   2:     977936 bytes,    2048376 total
- age   3:    1749576 bytes,    3797952 total
- age   4:      57576 bytes,    3855528 total
- age   5:     109104 bytes,    3964632 total
- age   6:        824 bytes,    3965456 total
- age   7:     202424 bytes,    4167880 total
- age   8:     917152 bytes,    5085032 total
: 100984K->8261K(109248K), 0,0539384 secs] 100984K->14134K(502464K), 0,0540068 secs] [Times: user=0,08 sys=0,00, real=0,05 secs] 
Heap after GC invocations=9 (full 1):
 par new generation   total 109248K, used 8261K [0x00000000e0000000, 0x00000000e8000000, 0x00000000e8000000)
  eden space 87424K,   0% used [0x00000000e0000000, 0x00000000e0000000, 0x00000000e5560000)
  from space 21824K,  37% used [0x00000000e6ab0000, 0x00000000e72c1550, 0x00000000e8000000)
  to   space 21824K,   0% used [0x00000000e5560000, 0x00000000e5560000, 0x00000000e6ab0000)
 concurrent mark-sweep generation total 393216K, used 5872K [0x00000000e8000000, 0x0000000100000000, 0x0000000100000000)
 Metaspace       used 24527K, capacity 24970K, committed 25084K, reserved 1071104K
  class space    used 2864K, capacity 3048K, committed 3068K, reserved 1048576K
}
2017-05-02T10:41:51.634+0200: 3,750: Total time for which application threads were stopped: 0,0577274 seconds, Stopping threads took: 0,0030421 seconds
2017-05-02T10:41:51.939+0200: 4,056: Total time for which application threads were stopped: 0,0008194 seconds, Stopping threads took: 0,0003322 seconds
2017-05-02T10:41:51.940+0200: 4,057: Total time for which application threads were stopped: 0,0001301 seconds, Stopping threads took: 0,0000404 seconds
2017-05-02T10:41:51.944+0200: 4,060: Total time for which application threads were stopped: 0,0005369 seconds, Stopping threads took: 0,0000487 seconds
2017-05-02T10:41:51.950+0200: 4,066: Total time for which application threads were stopped: 0,0042125 seconds, Stopping threads took: 0,0040937 seconds
2017-05-02T10:41:51.960+0200: 4,077: Total time for which application threads were stopped: 0,0001261 seconds, Stopping threads took: 0,0000255 seconds
2017-05-02T10:41:51.963+0200: 4,079: Total time for which application threads were stopped: 0,0001261 seconds, Stopping threads took: 0,0000407 seconds
2017-05-02T10:41:51.964+0200: 4,080: Total time for which application threads were stopped: 0,0004472 seconds, Stopping threads took: 0,0000242 seconds
2017-05-02T10:41:51.969+0200: 4,085: Total time for which application threads were stopped: 0,0002022 seconds, Stopping threads took: 0,0000920 seconds
2017-05-02T10:41:51.969+0200: 4,086: Total time for which application threads were stopped: 0,0001390 seconds, Stopping threads took: 0,0000355 seconds
2017-05-02T10:41:51.973+0200: 4,090: Total time for which application threads were stopped: 0,0001363 seconds, Stopping threads took: 0,0000364 seconds
2017-05-02T10:41:51.975+0200: 4,092: Total time for which application threads were stopped: 0,0001447 seconds, Stopping threads took: 0,0000653 seconds
2017-05-02T10:41:51.978+0200: 4,095: Total time for which application threads were stopped: 0,0001430 seconds, Stopping threads took: 0,0000319 seconds
2017-05-02T10:41:51.979+0200: 4,096: Total time for which application threads were stopped: 0,0001215 seconds, Stopping threads took: 0,0000297 seconds
2017-05-02T10:41:51.980+0200: 4,096: Total time for which application threads were stopped: 0,0001317 seconds, Stopping threads took: 0,0000316 seconds
2017-05-02T10:41:52.022+0200: 4,139: Total time for which application threads were stopped: 0,0002347 seconds, Stopping threads took: 0,0000484 seconds
2017-05-02T10:41:52.026+0200: 4,142: Total time for which application threads were stopped: 0,0019321 seconds, Stopping threads took: 0,0018290 seconds
2017-05-02T10:41:52.028+0200: 4,144: Total time for which application threads were stopped: 0,0001375 seconds, Stopping threads took: 0,0000367 seconds
2017-05-02T10:41:52.029+0200: 4,145: Total time for which application threads were stopped: 0,0001321 seconds, Stopping threads took: 0,0000299 seconds
2017-05-02T10:41:52.036+0200: 4,153: Total time for which application threads were stopped: 0,0007804 seconds, Stopping threads took: 0,0002206 seconds
2017-05-02T10:41:52.041+0200: 4,158: Total time for which application threads were stopped: 0,0001756 seconds, Stopping threads took: 0,0001090 seconds
2017-05-02T10:41:52.041+0200: 4,158: Total time for which application threads were stopped: 0,0000801 seconds, Stopping threads took: 0,0000125 seconds
2017-05-02T10:41:52.043+0200: 4,160: Total time for which application threads were stopped: 0,0000993 seconds, Stopping threads took: 0,0000308 seconds
2017-05-02T10:41:52.050+0200: 4,166: Total time for which application threads were stopped: 0,0021559 seconds, Stopping threads took: 0,0020926 seconds
2017-05-02T10:41:52.056+0200: 4,173: Total time for which application threads were stopped: 0,0001212 seconds, Stopping threads took: 0,0000438 seconds
2017-05-02T10:41:52.057+0200: 4,174: Total time for which application threads were stopped: 0,0001115 seconds, Stopping threads took: 0,0000358 seconds
2017-05-02T10:41:52.059+0200: 4,176: Total time for which application threads were stopped: 0,0001325 seconds, Stopping threads took: 0,0000280 seconds
2017-05-02T10:41:52.062+0200: 4,178: Total time for which application threads were stopped: 0,0021125 seconds, Stopping threads took: 0,0019457 seconds
2017-05-02T10:41:52.062+0200: 4,179: Total time for which application threads were stopped: 0,0000945 seconds, Stopping threads took: 0,0000303 seconds
2017-05-02T10:41:52.062+0200: 4,179: Total time for which application threads were stopped: 0,0000773 seconds, Stopping threads took: 0,0000236 seconds
2017-05-02T10:41:52.063+0200: 4,179: Total time for which application threads were stopped: 0,0000617 seconds, Stopping threads took: 0,0000129 seconds
2017-05-02T10:41:52.063+0200: 4,179: Total time for which application threads were stopped: 0,0000650 seconds, Stopping threads took: 0,0000173 seconds
2017-05-02T10:41:52.063+0200: 4,179: Total time for which application threads were stopped: 0,0000585 seconds, Stopping threads took: 0,0000169 seconds
2017-05-02T10:41:52.063+0200: 4,180: Total time for which application threads were stopped: 0,0000681 seconds, Stopping threads took: 0,0000173 seconds
2017-05-02T10:41:52.063+0200: 4,180: Total time for which application threads were stopped: 0,0000450 seconds, Stopping threads took: 0,0000087 seconds
2017-05-02T10:41:52.063+0200: 4,180: Total time for which application threads were stopped: 0,0000581 seconds, Stopping threads took: 0,0000171 seconds
2017-05-02T10:41:52.063+0200: 4,180: Total time for which application threads were stopped: 0,0000534 seconds, Stopping threads took: 0,0000154 seconds
2017-05-02T10:41:52.064+0200: 4,180: Total time for which application threads were stopped: 0,0000601 seconds, Stopping threads took: 0,0000162 seconds
2017-05-02T10:41:52.064+0200: 4,180: Total time for which application threads were stopped: 0,0000651 seconds, Stopping threads took: 0,0000176 seconds
2017-05-02T10:41:52.064+0200: 4,180: Total time for which application threads were stopped: 0,0000583 seconds, Stopping threads took: 0,0000166 seconds
2017-05-02T10:41:52.065+0200: 4,182: Total time for which application threads were stopped: 0,0010583 seconds, Stopping threads took: 0,0010049 seconds
2017-05-02T10:41:52.065+0200: 4,182: Total time for which application threads were stopped: 0,0000628 seconds, Stopping threads took: 0,0000209 seconds
2017-05-02T10:41:52.065+0200: 4,182: Total time for which application threads were stopped: 0,0000447 seconds, Stopping threads took: 0,0000077 seconds
2017-05-02T10:41:52.065+0200: 4,182: Total time for which application threads were stopped: 0,0000492 seconds, Stopping threads took: 0,0000091 seconds
2017-05-02T10:41:52.066+0200: 4,182: Total time for which application threads were stopped: 0,0000663 seconds, Stopping threads took: 0,0000181 seconds
2017-05-02T10:41:52.068+0200: 4,185: Total time for which application threads were stopped: 0,0021658 seconds, Stopping threads took: 0,0020563 seconds
2017-05-02T10:41:52.068+0200: 4,185: Total time for which application threads were stopped: 0,0000900 seconds, Stopping threads took: 0,0000222 seconds
2017-05-02T10:41:52.068+0200: 4,185: Total time for which application threads were stopped: 0,0001678 seconds, Stopping threads took: 0,0000238 seconds
2017-05-02T10:41:52.075+0200: 4,191: Total time for which application threads were stopped: 0,0000866 seconds, Stopping threads took: 0,0000192 seconds
2017-05-02T10:41:52.078+0200: 4,194: Total time for which application threads were stopped: 0,0001858 seconds, Stopping threads took: 0,0000414 seconds
2017-05-02T10:41:52.083+0200: 4,199: Total time for which application threads were stopped: 0,0001490 seconds, Stopping threads took: 0,0000536 seconds
2017-05-02T10:41:52.095+0200: 4,211: Total time for which application threads were stopped: 0,0001227 seconds, Stopping threads took: 0,0000252 seconds
{Heap before GC invocations=9 (full 1):
 par new generation   total 109248K, used 95685K [0x00000000e0000000, 0x00000000e8000000, 0x00000000e8000000)
  eden space 87424K, 100% used [0x00000000e0000000, 0x00000000e5560000, 0x00000000e5560000)
  from space 21824K,  37% used [0x00000000e6ab0000, 0x00000000e72c1550, 0x00000000e8000000)
  to   space 21824K,   0% used [0x00000000e5560000, 0x00000000e5560000, 0x00000000e6ab0000)
 concurrent mark-sweep generation total 393216K, used 5872K [0x00000000e8000000, 0x0000000100000000, 0x0000000100000000)
 Metaspace       used 27408K, capacity 27972K, committed 28156K, reserved 1075200K
  class space    used 3130K, capacity 3321K, committed 3324K, reserved 1048576K
2017-05-02T10:41:52.120+0200: 4,237: [GC (Allocation Failure) 2017-05-02T10:41:52.120+0200: 4,237: [ParNew
Desired survivor size 20112992 bytes, new threshold 8 (max 8)
- age   1:    8635888 bytes,    8635888 total
- age   2:     174264 bytes,    8810152 total
- age   3:     197968 bytes,    9008120 total
- age   4:    1744624 bytes,   10752744 total
- age   5:      57576 bytes,   10810320 total
- age   6:     106560 bytes,   10916880 total
- age   7:        792 bytes,   10917672 total
- age   8:     201848 bytes,   11119520 total
: 95685K->12086K(109248K), 0,0185114 secs] 101558K->18966K(502464K), 0,0185992 secs] [Times: user=0,05 sys=0,00, real=0,02 secs] 
Heap after GC invocations=10 (full 1):
 par new generation   total 109248K, used 12086K [0x00000000e0000000, 0x00000000e8000000, 0x00000000e8000000)
  eden space 87424K,   0% used [0x00000000e0000000, 0x00000000e0000000, 0x00000000e5560000)
  from space 21824K,  55% used [0x00000000e5560000, 0x00000000e612dba0, 0x00000000e6ab0000)
  to   space 21824K,   0% used [0x00000000e6ab0000, 0x00000000e6ab0000, 0x00000000e8000000)
 concurrent mark-sweep generation total 393216K, used 6879K [0x00000000e8000000, 0x0000000100000000, 0x0000000100000000)
 Metaspace       used 27408K, capacity 27972K, committed 28156K, reserved 1075200K
  class space    used 3130K, capacity 3321K, committed 3324K, reserved 1048576K
}
2017-05-02T10:41:52.139+0200: 4,255: Total time for which application threads were stopped: 0,0232921 seconds, Stopping threads took: 0,0045166 seconds
2017-05-02T10:41:52.140+0200: 4,256: Total time for which application threads were stopped: 0,0001256 seconds, Stopping threads took: 0,0000303 seconds
2017-05-02T10:41:52.140+0200: 4,256: Total time for which application threads were stopped: 0,0000686 seconds, Stopping threads took: 0,0000234 seconds
2017-05-02T10:41:52.143+0200: 4,260: Total time for which application threads were stopped: 0,0001255 seconds, Stopping threads took: 0,0000390 seconds
2017-05-02T10:41:52.149+0200: 4,265: Total time for which application threads were stopped: 0,0001022 seconds, Stopping threads took: 0,0000358 seconds
2017-05-02T10:41:52.182+0200: 4,299: Total time for which application threads were stopped: 0,0004328 seconds, Stopping threads took: 0,0000228 seconds
2017-05-02T10:41:52.184+0200: 4,301: Total time for which application threads were stopped: 0,0001100 seconds, Stopping threads took: 0,0000444 seconds
2017-05-02T10:41:52.188+0200: 4,304: Total time for which application threads were stopped: 0,0001419 seconds, Stopping threads took: 0,0000404 seconds
2017-05-02T10:41:53.188+0200: 5,305: Total time for which application threads were stopped: 0,0000816 seconds, Stopping threads took: 0,0000210 seconds
2017-05-02T10:43:10.195+0200: 82,311: Total time for which application threads were stopped: 0,0000804 seconds, Stopping threads took: 0,0000226 seconds
2017-05-02T10:43:45.198+0200: 117,315: Total time for which application threads were stopped: 0,0000840 seconds, Stopping threads took: 0,0000334 seconds
2017-05-02T10:43:50.199+0200: 122,315: Total time for which application threads were stopped: 0,0000768 seconds, Stopping threads took: 0,0000192 seconds
2017-05-02T10:44:49.205+0200: 181,321: Total time for which application threads were stopped: 0,0001406 seconds, Stopping threads took: 0,0000580 seconds
2017-05-02T10:44:54.206+0200: 186,322: Total time for which application threads were stopped: 0,0001054 seconds, Stopping threads took: 0,0000395 seconds
2017-05-02T10:46:25.215+0200: 277,332: Total time for which application threads were stopped: 0,0003838 seconds, Stopping threads took: 0,0001514 seconds
2017-05-02T10:52:35.256+0200: 647,373: Total time for which application threads were stopped: 0,0000892 seconds, Stopping threads took: 0,0000366 seconds
2017-05-02T10:57:55.288+0200: 967,404: Total time for which application threads were stopped: 0,0000888 seconds, Stopping threads took: 0,0000354 seconds
2017-05-02T11:05:19.332+0200: 1411,449: Total time for which application threads were stopped: 0,0003843 seconds, Stopping threads took: 0,0001593 seconds
2017-05-02T11:06:51.489+0200: 1503,606: Total time for which application threads were stopped: 0,0072427 seconds, Stopping threads took: 0,0071402 seconds
2017-05-02T11:06:51.494+0200: 1503,611: Total time for which application threads were stopped: 0,0036432 seconds, Stopping threads took: 0,0035478 seconds
2017-05-02T11:06:51.508+0200: 1503,624: Total time for which application threads were stopped: 0,0028612 seconds, Stopping threads took: 0,0027750 seconds
2017-05-02T11:06:51.510+0200: 1503,626: Total time for which application threads were stopped: 0,0009954 seconds, Stopping threads took: 0,0009300 seconds
2017-05-02T11:06:51.511+0200: 1503,628: Total time for which application threads were stopped: 0,0001794 seconds, Stopping threads took: 0,0000510 seconds
2017-05-02T11:06:51.512+0200: 1503,628: Total time for which application threads were stopped: 0,0000756 seconds, Stopping threads took: 0,0000370 seconds
2017-05-02T11:06:51.517+0200: 1503,634: Total time for which application threads were stopped: 0,0001074 seconds, Stopping threads took: 0,0000528 seconds
2017-05-02T11:06:51.517+0200: 1503,634: Total time for which application threads were stopped: 0,0000309 seconds, Stopping threads took: 0,0000105 seconds
2017-05-02T11:06:51.520+0200: 1503,636: Total time for which application threads were stopped: 0,0026776 seconds, Stopping threads took: 0,0026092 seconds
2017-05-02T11:06:51.522+0200: 1503,638: Total time for which application threads were stopped: 0,0000958 seconds, Stopping threads took: 0,0000235 seconds
2017-05-02T11:06:51.523+0200: 1503,639: Total time for which application threads were stopped: 0,0000934 seconds, Stopping threads took: 0,0000316 seconds
2017-05-02T11:06:51.523+0200: 1503,639: Total time for which application threads were stopped: 0,0000726 seconds, Stopping threads took: 0,0000245 seconds
2017-05-02T11:06:51.523+0200: 1503,640: Total time for which application threads were stopped: 0,0000635 seconds, Stopping threads took: 0,0000202 seconds
2017-05-02T11:06:51.523+0200: 1503,640: Total time for which application threads were stopped: 0,0000637 seconds, Stopping threads took: 0,0000217 seconds
2017-05-02T11:06:51.523+0200: 1503,640: Total time for which application threads were stopped: 0,0000647 seconds, Stopping threads took: 0,0000266 seconds
2017-05-02T11:06:51.525+0200: 1503,641: Total time for which application threads were stopped: 0,0000691 seconds, Stopping threads took: 0,0000210 seconds
2017-05-02T11:06:51.526+0200: 1503,642: Total time for which application threads were stopped: 0,0008703 seconds, Stopping threads took: 0,0008239 seconds
2017-05-02T11:06:51.526+0200: 1503,642: Total time for which application threads were stopped: 0,0000574 seconds, Stopping threads took: 0,0000276 seconds
2017-05-02T11:06:51.528+0200: 1503,645: Total time for which application threads were stopped: 0,0008388 seconds, Stopping threads took: 0,0007848 seconds
2017-05-02T11:06:51.529+0200: 1503,646: Total time for which application threads were stopped: 0,0000799 seconds, Stopping threads took: 0,0000309 seconds
2017-05-02T11:06:51.532+0200: 1503,648: Total time for which application threads were stopped: 0,0001257 seconds, Stopping threads took: 0,0000443 seconds
2017-05-02T11:06:51.532+0200: 1503,649: Total time for which application threads were stopped: 0,0005885 seconds, Stopping threads took: 0,0005517 seconds
2017-05-02T11:06:51.533+0200: 1503,649: Total time for which application threads were stopped: 0,0000684 seconds, Stopping threads took: 0,0000247 seconds
2017-05-02T11:06:51.533+0200: 1503,649: Total time for which application threads were stopped: 0,0000499 seconds, Stopping threads took: 0,0000169 seconds
2017-05-02T11:06:51.533+0200: 1503,649: Total time for which application threads were stopped: 0,0001207 seconds, Stopping threads took: 0,0000851 seconds
2017-05-02T11:06:51.533+0200: 1503,650: Total time for which application threads were stopped: 0,0000434 seconds, Stopping threads took: 0,0000150 seconds
2017-05-02T11:06:51.533+0200: 1503,650: Total time for which application threads were stopped: 0,0000475 seconds, Stopping threads took: 0,0000168 seconds
2017-05-02T11:06:51.534+0200: 1503,650: Total time for which application threads were stopped: 0,0000793 seconds, Stopping threads took: 0,0000297 seconds
2017-05-02T11:06:51.534+0200: 1503,651: Total time for which application threads were stopped: 0,0000499 seconds, Stopping threads took: 0,0000106 seconds
2017-05-02T11:06:51.534+0200: 1503,651: Total time for which application threads were stopped: 0,0000552 seconds, Stopping threads took: 0,0000179 seconds
2017-05-02T11:06:51.534+0200: 1503,651: Total time for which application threads were stopped: 0,0000574 seconds, Stopping threads took: 0,0000228 seconds
2017-05-02T11:06:51.535+0200: 1503,651: Total time for which application threads were stopped: 0,0000350 seconds, Stopping threads took: 0,0000091 seconds
2017-05-02T11:06:51.535+0200: 1503,651: Total time for which application threads were stopped: 0,0000460 seconds, Stopping threads took: 0,0000163 seconds
2017-05-02T11:06:51.535+0200: 1503,651: Total time for which application threads were stopped: 0,0000286 seconds, Stopping threads took: 0,0000066 seconds
2017-05-02T11:06:51.535+0200: 1503,652: Total time for which application threads were stopped: 0,0001686 seconds, Stopping threads took: 0,0000456 seconds
2017-05-02T11:06:51.536+0200: 1503,652: Total time for which application threads were stopped: 0,0000711 seconds, Stopping threads took: 0,0000247 seconds
2017-05-02T11:06:51.537+0200: 1503,653: Total time for which application threads were stopped: 0,0000923 seconds, Stopping threads took: 0,0000222 seconds
2017-05-02T11:06:51.538+0200: 1503,655: Total time for which application threads were stopped: 0,0000995 seconds, Stopping threads took: 0,0000345 seconds
2017-05-02T11:06:51.539+0200: 1503,656: Total time for which application threads were stopped: 0,0001025 seconds, Stopping threads took: 0,0000293 seconds
Heap
 par new generation   total 109248K, used 44519K [0x00000000e0000000, 0x00000000e8000000, 0x00000000e8000000)
  eden space 87424K,  37% used [0x00000000e0000000, 0x00000000e1fac180, 0x00000000e5560000)
  from space 21824K,  55% used [0x00000000e5560000, 0x00000000e612dba0, 0x00000000e6ab0000)
  to   space 21824K,   0% used [0x00000000e6ab0000, 0x00000000e6ab0000, 0x00000000e8000000)
 concurrent mark-sweep generation total 393216K, used 6879K [0x00000000e8000000, 0x0000000100000000, 0x0000000100000000)
 Metaspace       used 28142K, capacity 28724K, committed 29052K, reserved 1075200K
  class space    used 3226K, capacity 3421K, committed 3452K, reserved 1048576K
