OpenJDK 64-Bit Server VM (25.131-b11) for linux-amd64 JRE (1.8.0_131-8u131-b11-0ubuntu1.16.04.2-b11), built on May  6 2017 02:45:27 by "buildd" with gcc 5.4.0 20160609
Memory: 4k page, physical 7867740k(7467688k free), swap 8076284k(8076284k free)
CommandLine flags: -XX:CMSInitiatingOccupancyFraction=50 -XX:CMSMaxAbortablePrecleanTime=6000 -XX:+CMSParallelRemarkEnabled -XX:+CMSScavengeBeforeRemark -XX:ConcGCThreads=4 -XX:InitialHeapSize=536870912 -XX:MaxHeapSize=536870912 -XX:MaxTenuringThreshold=8 -XX:NewRatio=3 -XX:OldPLABSize=16 -XX:OnOutOfMemoryError=/opt/solr/bin/oom_solr.sh 8983 /var/solr/logs -XX:ParallelGCThreads=4 -XX:+ParallelRefProcEnabled -XX:PretenureSizeThreshold=67108864 -XX:+PrintGC -XX:+PrintGCApplicationStoppedTime -XX:+PrintGCDateStamps -XX:+PrintGCDetails -XX:+PrintGCTimeStamps -XX:+PrintHeapAtGC -XX:+PrintTenuringDistribution -XX:SurvivorRatio=4 -XX:TargetSurvivorRatio=90 -XX:ThreadStackSize=256 -XX:+UseCMSInitiatingOccupancyOnly -XX:+UseCompressedClassPointers -XX:+UseCompressedOops -XX:+UseConcMarkSweepGC -XX:+UseParNewGC 
2017-07-10T18:35:43.719+0200: 0,176: Total time for which application threads were stopped: 0,0000714 seconds, Stopping threads took: 0,0000124 seconds
2017-07-10T18:35:43.822+0200: 0,279: Total time for which application threads were stopped: 0,0001272 seconds, Stopping threads took: 0,0000259 seconds
2017-07-10T18:35:43.845+0200: 0,302: Total time for which application threads were stopped: 0,0000964 seconds, Stopping threads took: 0,0000143 seconds
2017-07-10T18:35:44.157+0200: 0,614: Total time for which application threads were stopped: 0,0001354 seconds, Stopping threads took: 0,0000175 seconds
2017-07-10T18:35:44.665+0200: 1,123: Total time for which application threads were stopped: 0,0001798 seconds, Stopping threads took: 0,0000135 seconds
2017-07-10T18:35:44.758+0200: 1,215: Total time for which application threads were stopped: 0,0004881 seconds, Stopping threads took: 0,0001014 seconds
2017-07-10T18:35:44.777+0200: 1,235: Total time for which application threads were stopped: 0,0001528 seconds, Stopping threads took: 0,0000218 seconds
2017-07-10T18:35:45.061+0200: 1,518: Total time for which application threads were stopped: 0,0001904 seconds, Stopping threads took: 0,0000204 seconds
2017-07-10T18:35:45.313+0200: 1,771: Total time for which application threads were stopped: 0,0001951 seconds, Stopping threads took: 0,0000112 seconds
2017-07-10T18:35:45.342+0200: 1,800: Total time for which application threads were stopped: 0,0002242 seconds, Stopping threads took: 0,0000213 seconds
2017-07-10T18:35:45.379+0200: 1,836: Total time for which application threads were stopped: 0,0002216 seconds, Stopping threads took: 0,0000268 seconds
2017-07-10T18:35:45.380+0200: 1,837: Total time for which application threads were stopped: 0,0002156 seconds, Stopping threads took: 0,0000229 seconds
2017-07-10T18:35:45.400+0200: 1,858: Total time for which application threads were stopped: 0,0002174 seconds, Stopping threads took: 0,0000154 seconds
2017-07-10T18:35:45.501+0200: 1,959: Total time for which application threads were stopped: 0,0002625 seconds, Stopping threads took: 0,0000224 seconds
2017-07-10T18:35:45.677+0200: 2,134: Total time for which application threads were stopped: 0,0003258 seconds, Stopping threads took: 0,0001063 seconds
{Heap before GC invocations=0 (full 0):
 par new generation   total 109248K, used 87424K [0x00000000e0000000, 0x00000000e8000000, 0x00000000e8000000)
  eden space 87424K, 100% used [0x00000000e0000000, 0x00000000e5560000, 0x00000000e5560000)
  from space 21824K,   0% used [0x00000000e5560000, 0x00000000e5560000, 0x00000000e6ab0000)
  to   space 21824K,   0% used [0x00000000e6ab0000, 0x00000000e6ab0000, 0x00000000e8000000)
 concurrent mark-sweep generation total 393216K, used 0K [0x00000000e8000000, 0x0000000100000000, 0x0000000100000000)
 Metaspace       used 17841K, capacity 18176K, committed 18304K, reserved 1064960K
  class space    used 2024K, capacity 2164K, committed 2176K, reserved 1048576K
2017-07-10T18:35:45.714+0200: 2,171: [GC (Allocation Failure) 2017-07-10T18:35:45.714+0200: 2,171: [ParNew
Desired survivor size 20112992 bytes, new threshold 8 (max 8)
- age   1:   11612664 bytes,   11612664 total
: 87424K->11439K(109248K), 0,0150761 secs] 87424K->11439K(502464K), 0,0151586 secs] [Times: user=0,04 sys=0,02, real=0,02 secs] 
Heap after GC invocations=1 (full 0):
 par new generation   total 109248K, used 11439K [0x00000000e0000000, 0x00000000e8000000, 0x00000000e8000000)
  eden space 87424K,   0% used [0x00000000e0000000, 0x00000000e0000000, 0x00000000e5560000)
  from space 21824K,  52% used [0x00000000e6ab0000, 0x00000000e75dbd40, 0x00000000e8000000)
  to   space 21824K,   0% used [0x00000000e5560000, 0x00000000e5560000, 0x00000000e6ab0000)
 concurrent mark-sweep generation total 393216K, used 0K [0x00000000e8000000, 0x0000000100000000, 0x0000000100000000)
 Metaspace       used 17841K, capacity 18176K, committed 18304K, reserved 1064960K
  class space    used 2024K, capacity 2164K, committed 2176K, reserved 1048576K
}
2017-07-10T18:35:45.729+0200: 2,186: Total time for which application threads were stopped: 0,0196598 seconds, Stopping threads took: 0,0043614 seconds
2017-07-10T18:35:46.125+0200: 2,583: Total time for which application threads were stopped: 0,0003620 seconds, Stopping threads took: 0,0000589 seconds
{Heap before GC invocations=1 (full 0):
 par new generation   total 109248K, used 98863K [0x00000000e0000000, 0x00000000e8000000, 0x00000000e8000000)
  eden space 87424K, 100% used [0x00000000e0000000, 0x00000000e5560000, 0x00000000e5560000)
  from space 21824K,  52% used [0x00000000e6ab0000, 0x00000000e75dbd40, 0x00000000e8000000)
  to   space 21824K,   0% used [0x00000000e5560000, 0x00000000e5560000, 0x00000000e6ab0000)
 concurrent mark-sweep generation total 393216K, used 0K [0x00000000e8000000, 0x0000000100000000, 0x0000000100000000)
 Metaspace       used 20038K, capacity 20370K, committed 20736K, reserved 1067008K
  class space    used 2297K, capacity 2473K, committed 2560K, reserved 1048576K
2017-07-10T18:35:46.166+0200: 2,623: [GC (Allocation Failure) 2017-07-10T18:35:46.166+0200: 2,623: [ParNew
Desired survivor size 20112992 bytes, new threshold 8 (max 8)
- age   1:    4351784 bytes,    4351784 total
- age   2:    6173344 bytes,   10525128 total
: 98863K->14634K(109248K), 0,0143199 secs] 98863K->14634K(502464K), 0,0144177 secs] [Times: user=0,06 sys=0,00, real=0,01 secs] 
Heap after GC invocations=2 (full 0):
 par new generation   total 109248K, used 14634K [0x00000000e0000000, 0x00000000e8000000, 0x00000000e8000000)
  eden space 87424K,   0% used [0x00000000e0000000, 0x00000000e0000000, 0x00000000e5560000)
  from space 21824K,  67% used [0x00000000e5560000, 0x00000000e63aa880, 0x00000000e6ab0000)
  to   space 21824K,   0% used [0x00000000e6ab0000, 0x00000000e6ab0000, 0x00000000e8000000)
 concurrent mark-sweep generation total 393216K, used 0K [0x00000000e8000000, 0x0000000100000000, 0x0000000100000000)
 Metaspace       used 20038K, capacity 20370K, committed 20736K, reserved 1067008K
  class space    used 2297K, capacity 2473K, committed 2560K, reserved 1048576K
}
2017-07-10T18:35:46.180+0200: 2,638: Total time for which application threads were stopped: 0,0191870 seconds, Stopping threads took: 0,0046008 seconds
2017-07-10T18:35:46.193+0200: 2,651: Total time for which application threads were stopped: 0,0003724 seconds, Stopping threads took: 0,0000658 seconds
2017-07-10T18:35:46.232+0200: 2,690: Total time for which application threads were stopped: 0,0003529 seconds, Stopping threads took: 0,0000381 seconds
2017-07-10T18:35:46.366+0200: 2,824: Total time for which application threads were stopped: 0,0002197 seconds, Stopping threads took: 0,0000374 seconds
{Heap before GC invocations=2 (full 0):
 par new generation   total 109248K, used 102058K [0x00000000e0000000, 0x00000000e8000000, 0x00000000e8000000)
  eden space 87424K, 100% used [0x00000000e0000000, 0x00000000e5560000, 0x00000000e5560000)
  from space 21824K,  67% used [0x00000000e5560000, 0x00000000e63aa880, 0x00000000e6ab0000)
  to   space 21824K,   0% used [0x00000000e6ab0000, 0x00000000e6ab0000, 0x00000000e8000000)
 concurrent mark-sweep generation total 393216K, used 0K [0x00000000e8000000, 0x0000000100000000, 0x0000000100000000)
 Metaspace       used 21005K, capacity 21356K, committed 21628K, reserved 1069056K
  class space    used 2421K, capacity 2592K, committed 2684K, reserved 1048576K
2017-07-10T18:35:46.399+0200: 2,857: [GC (Allocation Failure) 2017-07-10T18:35:46.399+0200: 2,857: [ParNew
Desired survivor size 20112992 bytes, new threshold 8 (max 8)
- age   1:    2137872 bytes,    2137872 total
- age   2:    1313408 bytes,    3451280 total
- age   3:    6171064 bytes,    9622344 total
: 102058K->12788K(109248K), 0,0197756 secs] 102058K->12788K(502464K), 0,0198716 secs] [Times: user=0,07 sys=0,00, real=0,02 secs] 
Heap after GC invocations=3 (full 0):
 par new generation   total 109248K, used 12788K [0x00000000e0000000, 0x00000000e8000000, 0x00000000e8000000)
  eden space 87424K,   0% used [0x00000000e0000000, 0x00000000e0000000, 0x00000000e5560000)
  from space 21824K,  58% used [0x00000000e6ab0000, 0x00000000e772d010, 0x00000000e8000000)
  to   space 21824K,   0% used [0x00000000e5560000, 0x00000000e5560000, 0x00000000e6ab0000)
 concurrent mark-sweep generation total 393216K, used 0K [0x00000000e8000000, 0x0000000100000000, 0x0000000100000000)
 Metaspace       used 21005K, capacity 21356K, committed 21628K, reserved 1069056K
  class space    used 2421K, capacity 2592K, committed 2684K, reserved 1048576K
}
2017-07-10T18:35:46.419+0200: 2,877: Total time for which application threads were stopped: 0,0200927 seconds, Stopping threads took: 0,0000413 seconds
2017-07-10T18:35:46.429+0200: 2,887: [GC (CMS Initial Mark) [1 CMS-initial-mark: 0K(393216K)] 17158K(502464K), 0,0042634 secs] [Times: user=0,02 sys=0,00, real=0,00 secs] 
2017-07-10T18:35:46.434+0200: 2,891: Total time for which application threads were stopped: 0,0044370 seconds, Stopping threads took: 0,0000575 seconds
2017-07-10T18:35:46.434+0200: 2,891: [CMS-concurrent-mark-start]
2017-07-10T18:35:46.438+0200: 2,895: [CMS-concurrent-mark: 0,004/0,004 secs] [Times: user=0,01 sys=0,00, real=0,01 secs] 
2017-07-10T18:35:46.438+0200: 2,896: [CMS-concurrent-preclean-start]
2017-07-10T18:35:46.439+0200: 2,897: [CMS-concurrent-preclean: 0,001/0,001 secs] [Times: user=0,01 sys=0,00, real=0,00 secs] 
2017-07-10T18:35:46.439+0200: 2,897: [CMS-concurrent-abortable-preclean-start]
2017-07-10T18:35:46.483+0200: 2,940: Total time for which application threads were stopped: 0,0001534 seconds, Stopping threads took: 0,0000705 seconds
{Heap before GC invocations=3 (full 1):
 par new generation   total 109248K, used 100212K [0x00000000e0000000, 0x00000000e8000000, 0x00000000e8000000)
  eden space 87424K, 100% used [0x00000000e0000000, 0x00000000e5560000, 0x00000000e5560000)
  from space 21824K,  58% used [0x00000000e6ab0000, 0x00000000e772d010, 0x00000000e8000000)
  to   space 21824K,   0% used [0x00000000e5560000, 0x00000000e5560000, 0x00000000e6ab0000)
 concurrent mark-sweep generation total 393216K, used 0K [0x00000000e8000000, 0x0000000100000000, 0x0000000100000000)
 Metaspace       used 21264K, capacity 21626K, committed 21884K, reserved 1069056K
  class space    used 2447K, capacity 2606K, committed 2684K, reserved 1048576K
2017-07-10T18:35:46.534+0200: 2,991: [GC (Allocation Failure) 2017-07-10T18:35:46.534+0200: 2,991: [ParNew
Desired survivor size 20112992 bytes, new threshold 8 (max 8)
- age   1:    1292336 bytes,    1292336 total
- age   2:    1483856 bytes,    2776192 total
- age   3:    1280488 bytes,    4056680 total
- age   4:    6171336 bytes,   10228016 total
: 100212K->12361K(109248K), 0,0096326 secs] 100212K->12361K(502464K), 0,0097090 secs] [Times: user=0,04 sys=0,00, real=0,01 secs] 
Heap after GC invocations=4 (full 1):
 par new generation   total 109248K, used 12361K [0x00000000e0000000, 0x00000000e8000000, 0x00000000e8000000)
  eden space 87424K,   0% used [0x00000000e0000000, 0x00000000e0000000, 0x00000000e5560000)
  from space 21824K,  56% used [0x00000000e5560000, 0x00000000e6172730, 0x00000000e6ab0000)
  to   space 21824K,   0% used [0x00000000e6ab0000, 0x00000000e6ab0000, 0x00000000e8000000)
 concurrent mark-sweep generation total 393216K, used 0K [0x00000000e8000000, 0x0000000100000000, 0x0000000100000000)
 Metaspace       used 21264K, capacity 21626K, committed 21884K, reserved 1069056K
  class space    used 2447K, capacity 2606K, committed 2684K, reserved 1048576K
}
2017-07-10T18:35:46.544+0200: 3,001: Total time for which application threads were stopped: 0,0099333 seconds, Stopping threads took: 0,0000737 seconds
2017-07-10T18:35:46.642+0200: 3,099: Total time for which application threads were stopped: 0,0004107 seconds, Stopping threads took: 0,0003314 seconds
{Heap before GC invocations=4 (full 1):
 par new generation   total 109248K, used 99787K [0x00000000e0000000, 0x00000000e8000000, 0x00000000e8000000)
  eden space 87424K, 100% used [0x00000000e0000000, 0x00000000e5560000, 0x00000000e5560000)
  from space 21824K,  56% used [0x00000000e5560000, 0x00000000e6172f40, 0x00000000e6ab0000)
  to   space 21824K,   0% used [0x00000000e6ab0000, 0x00000000e6ab0000, 0x00000000e8000000)
 concurrent mark-sweep generation total 393216K, used 0K [0x00000000e8000000, 0x0000000100000000, 0x0000000100000000)
 Metaspace       used 21471K, capacity 21792K, committed 21884K, reserved 1069056K
  class space    used 2473K, capacity 2639K, committed 2684K, reserved 1048576K
2017-07-10T18:35:46.642+0200: 3,099: [GC (Allocation Failure) 2017-07-10T18:35:46.642+0200: 3,099: [ParNew
Desired survivor size 20112992 bytes, new threshold 8 (max 8)
- age   1:     499520 bytes,     499520 total
- age   2:     172936 bytes,     672456 total
- age   3:    1482320 bytes,    2154776 total
- age   4:    1276504 bytes,    3431280 total
- age   5:    6171064 bytes,    9602344 total
: 99787K->15272K(109248K), 0,0171568 secs] 99787K->15272K(502464K), 0,0172213 secs] [Times: user=0,06 sys=0,00, real=0,02 secs] 
Heap after GC invocations=5 (full 1):
 par new generation   total 109248K, used 15272K [0x00000000e0000000, 0x00000000e8000000, 0x00000000e8000000)
  eden space 87424K,   0% used [0x00000000e0000000, 0x00000000e0000000, 0x00000000e5560000)
  from space 21824K,  69% used [0x00000000e6ab0000, 0x00000000e799a2c0, 0x00000000e8000000)
  to   space 21824K,   0% used [0x00000000e5560000, 0x00000000e5560000, 0x00000000e6ab0000)
 concurrent mark-sweep generation total 393216K, used 0K [0x00000000e8000000, 0x0000000100000000, 0x0000000100000000)
 Metaspace       used 21471K, capacity 21792K, committed 21884K, reserved 1069056K
  class space    used 2473K, capacity 2639K, committed 2684K, reserved 1048576K
}
2017-07-10T18:35:46.659+0200: 3,116: Total time for which application threads were stopped: 0,0173374 seconds, Stopping threads took: 0,0000212 seconds
{Heap before GC invocations=5 (full 1):
 par new generation   total 109248K, used 15865K [0x00000000e0000000, 0x00000000e8000000, 0x00000000e8000000)
  eden space 87424K,   0% used [0x00000000e0000000, 0x00000000e0094430, 0x00000000e5560000)
  from space 21824K,  69% used [0x00000000e6ab0000, 0x00000000e799a2c0, 0x00000000e8000000)
  to   space 21824K,   0% used [0x00000000e5560000, 0x00000000e5560000, 0x00000000e6ab0000)
 concurrent mark-sweep generation total 393216K, used 0K [0x00000000e8000000, 0x0000000100000000, 0x0000000100000000)
 Metaspace       used 21471K, capacity 21792K, committed 21884K, reserved 1069056K
  class space    used 2473K, capacity 2639K, committed 2684K, reserved 1048576K
2017-07-10T18:35:46.661+0200: 3,118: [GC (GCLocker Initiated GC) 2017-07-10T18:35:46.661+0200: 3,118: [ParNew
Desired survivor size 20112992 bytes, new threshold 8 (max 8)
- age   1:        128 bytes,        128 total
- age   2:     499520 bytes,     499648 total
- age   3:     172936 bytes,     672584 total
- age   4:    1482320 bytes,    2154904 total
- age   5:    1276504 bytes,    3431408 total
- age   6:    6171048 bytes,    9602456 total
: 15865K->11315K(109248K), 0,0100943 secs] 15865K->11315K(502464K), 0,0101437 secs] [Times: user=0,03 sys=0,00, real=0,01 secs] 
Heap after GC invocations=6 (full 1):
 par new generation   total 109248K, used 11315K [0x00000000e0000000, 0x00000000e8000000, 0x00000000e8000000)
  eden space 87424K,   0% used [0x00000000e0000000, 0x00000000e0000000, 0x00000000e5560000)
  from space 21824K,  51% used [0x00000000e5560000, 0x00000000e606cd40, 0x00000000e6ab0000)
  to   space 21824K,   0% used [0x00000000e6ab0000, 0x00000000e6ab0000, 0x00000000e8000000)
 concurrent mark-sweep generation total 393216K, used 0K [0x00000000e8000000, 0x0000000100000000, 0x0000000100000000)
 Metaspace       used 21471K, capacity 21792K, committed 21884K, reserved 1069056K
  class space    used 2473K, capacity 2639K, committed 2684K, reserved 1048576K
}
2017-07-10T18:35:46.671+0200: 3,128: Total time for which application threads were stopped: 0,0103045 seconds, Stopping threads took: 0,0000513 seconds
2017-07-10T18:35:46.671+0200: 3,128: [CMS-concurrent-abortable-preclean: 0,189/0,232 secs] [Times: user=0,89 sys=0,01, real=0,23 secs] 
2017-07-10T18:35:46.681+0200: 3,139: [GC (CMS Final Remark) [YG occupancy: 20879 K (109248 K)]{Heap before GC invocations=6 (full 1):
 par new generation   total 109248K, used 20879K [0x00000000e0000000, 0x00000000e8000000, 0x00000000e8000000)
  eden space 87424K,  10% used [0x00000000e0000000, 0x00000000e0957240, 0x00000000e5560000)
  from space 21824K,  51% used [0x00000000e5560000, 0x00000000e606cd40, 0x00000000e6ab0000)
  to   space 21824K,   0% used [0x00000000e6ab0000, 0x00000000e6ab0000, 0x00000000e8000000)
 concurrent mark-sweep generation total 393216K, used 0K [0x00000000e8000000, 0x0000000100000000, 0x0000000100000000)
 Metaspace       used 21536K, capacity 21862K, committed 21960K, reserved 1069056K
  class space    used 2482K, capacity 2640K, committed 2684K, reserved 1048576K
2017-07-10T18:35:46.681+0200: 3,139: [GC (CMS Final Remark) 2017-07-10T18:35:46.681+0200: 3,139: [ParNew
Desired survivor size 20112992 bytes, new threshold 8 (max 8)
- age   1:     567776 bytes,     567776 total
- age   3:     169824 bytes,     737600 total
- age   4:     172936 bytes,     910536 total
- age   5:    1093976 bytes,    2004512 total
- age   6:    1276472 bytes,    3280984 total
- age   7:    6171064 bytes,    9452048 total
: 20879K->16329K(109248K), 0,0086389 secs] 20879K->16329K(502464K), 0,0086773 secs] [Times: user=0,03 sys=0,01, real=0,01 secs] 
Heap after GC invocations=7 (full 1):
 par new generation   total 109248K, used 16329K [0x00000000e0000000, 0x00000000e8000000, 0x00000000e8000000)
  eden space 87424K,   0% used [0x00000000e0000000, 0x00000000e0000000, 0x00000000e5560000)
  from space 21824K,  74% used [0x00000000e6ab0000, 0x00000000e7aa24c0, 0x00000000e8000000)
  to   space 21824K,   0% used [0x00000000e5560000, 0x00000000e5560000, 0x00000000e6ab0000)
 concurrent mark-sweep generation total 393216K, used 0K [0x00000000e8000000, 0x0000000100000000, 0x0000000100000000)
 Metaspace       used 21536K, capacity 21862K, committed 21960K, reserved 1069056K
  class space    used 2482K, capacity 2640K, committed 2684K, reserved 1048576K
}
2017-07-10T18:35:46.690+0200: 3,147: [Rescan (parallel) , 0,0044928 secs]2017-07-10T18:35:46.695+0200: 3,152: [weak refs processing, 0,0003819 secs]2017-07-10T18:35:46.695+0200: 3,152: [class unloading, 0,0029249 secs]2017-07-10T18:35:46.698+0200: 3,155: [scrub symbol table, 0,0028407 secs]2017-07-10T18:35:46.701+0200: 3,158: [scrub string table, 0,0003939 secs][1 CMS-remark: 0K(393216K)] 16329K(502464K), 0,0204525 secs] [Times: user=0,05 sys=0,01, real=0,02 secs] 
2017-07-10T18:35:46.702+0200: 3,159: Total time for which application threads were stopped: 0,0206957 seconds, Stopping threads took: 0,0001624 seconds
2017-07-10T18:35:46.702+0200: 3,159: [CMS-concurrent-sweep-start]
2017-07-10T18:35:46.702+0200: 3,159: [CMS-concurrent-sweep: 0,000/0,000 secs] [Times: user=0,00 sys=0,00, real=0,00 secs] 
2017-07-10T18:35:46.702+0200: 3,159: [CMS-concurrent-reset-start]
2017-07-10T18:35:46.704+0200: 3,161: [CMS-concurrent-reset: 0,002/0,002 secs] [Times: user=0,01 sys=0,00, real=0,00 secs] 
2017-07-10T18:35:46.718+0200: 3,175: Total time for which application threads were stopped: 0,0002902 seconds, Stopping threads took: 0,0000227 seconds
2017-07-10T18:35:46.968+0200: 3,425: Total time for which application threads were stopped: 0,0005078 seconds, Stopping threads took: 0,0000329 seconds
2017-07-10T18:35:46.982+0200: 3,440: Total time for which application threads were stopped: 0,0004249 seconds, Stopping threads took: 0,0000434 seconds
{Heap before GC invocations=7 (full 1):
 par new generation   total 109248K, used 103753K [0x00000000e0000000, 0x00000000e8000000, 0x00000000e8000000)
  eden space 87424K, 100% used [0x00000000e0000000, 0x00000000e5560000, 0x00000000e5560000)
  from space 21824K,  74% used [0x00000000e6ab0000, 0x00000000e7aa24c0, 0x00000000e8000000)
  to   space 21824K,   0% used [0x00000000e5560000, 0x00000000e5560000, 0x00000000e6ab0000)
 concurrent mark-sweep generation total 393216K, used 0K [0x00000000e8000000, 0x0000000100000000, 0x0000000100000000)
 Metaspace       used 23954K, capacity 24398K, committed 24572K, reserved 1071104K
  class space    used 2825K, capacity 3016K, committed 3068K, reserved 1048576K
2017-07-10T18:35:47.149+0200: 3,607: [GC (Allocation Failure) 2017-07-10T18:35:47.150+0200: 3,607: [ParNew
Desired survivor size 20112992 bytes, new threshold 8 (max 8)
- age   1:    5267264 bytes,    5267264 total
- age   2:      20824 bytes,    5288088 total
- age   4:     164616 bytes,    5452704 total
- age   5:     171992 bytes,    5624696 total
- age   6:     313704 bytes,    5938400 total
- age   7:    1252088 bytes,    7190488 total
- age   8:    6162792 bytes,   13353280 total
: 103753K->15220K(109248K), 0,0172781 secs] 103753K->15220K(502464K), 0,0173741 secs] [Times: user=0,06 sys=0,00, real=0,02 secs] 
Heap after GC invocations=8 (full 1):
 par new generation   total 109248K, used 15220K [0x00000000e0000000, 0x00000000e8000000, 0x00000000e8000000)
  eden space 87424K,   0% used [0x00000000e0000000, 0x00000000e0000000, 0x00000000e5560000)
  from space 21824K,  69% used [0x00000000e5560000, 0x00000000e643d2f0, 0x00000000e6ab0000)
  to   space 21824K,   0% used [0x00000000e6ab0000, 0x00000000e6ab0000, 0x00000000e8000000)
 concurrent mark-sweep generation total 393216K, used 0K [0x00000000e8000000, 0x0000000100000000, 0x0000000100000000)
 Metaspace       used 23954K, capacity 24398K, committed 24572K, reserved 1071104K
  class space    used 2825K, capacity 3016K, committed 3068K, reserved 1048576K
}
2017-07-10T18:35:47.167+0200: 3,624: Total time for which application threads were stopped: 0,0177143 seconds, Stopping threads took: 0,0000624 seconds
{Heap before GC invocations=8 (full 1):
 par new generation   total 109248K, used 102644K [0x00000000e0000000, 0x00000000e8000000, 0x00000000e8000000)
  eden space 87424K, 100% used [0x00000000e0000000, 0x00000000e5560000, 0x00000000e5560000)
  from space 21824K,  69% used [0x00000000e5560000, 0x00000000e643d2f0, 0x00000000e6ab0000)
  to   space 21824K,   0% used [0x00000000e6ab0000, 0x00000000e6ab0000, 0x00000000e8000000)
 concurrent mark-sweep generation total 393216K, used 0K [0x00000000e8000000, 0x0000000100000000, 0x0000000100000000)
 Metaspace       used 24453K, capacity 24948K, committed 25084K, reserved 1071104K
  class space    used 2863K, capacity 3049K, committed 3068K, reserved 1048576K
2017-07-10T18:35:47.258+0200: 3,715: [GC (Allocation Failure) 2017-07-10T18:35:47.258+0200: 3,715: [ParNew
Desired survivor size 20112992 bytes, new threshold 8 (max 8)
- age   1:    1892680 bytes,    1892680 total
- age   2:    1794192 bytes,    3686872 total
- age   3:      16768 bytes,    3703640 total
- age   5:      64696 bytes,    3768336 total
- age   6:      87648 bytes,    3855984 total
- age   7:     192896 bytes,    4048880 total
- age   8:     912200 bytes,    4961080 total
: 102644K->10867K(109248K), 0,0713848 secs] 102644K->16762K(502464K), 0,0714486 secs] [Times: user=0,16 sys=0,00, real=0,07 secs] 
Heap after GC invocations=9 (full 1):
 par new generation   total 109248K, used 10867K [0x00000000e0000000, 0x00000000e8000000, 0x00000000e8000000)
  eden space 87424K,   0% used [0x00000000e0000000, 0x00000000e0000000, 0x00000000e5560000)
  from space 21824K,  49% used [0x00000000e6ab0000, 0x00000000e754cde0, 0x00000000e8000000)
  to   space 21824K,   0% used [0x00000000e5560000, 0x00000000e5560000, 0x00000000e6ab0000)
 concurrent mark-sweep generation total 393216K, used 5895K [0x00000000e8000000, 0x0000000100000000, 0x0000000100000000)
 Metaspace       used 24453K, capacity 24948K, committed 25084K, reserved 1071104K
  class space    used 2863K, capacity 3049K, committed 3068K, reserved 1048576K
}
2017-07-10T18:35:47.329+0200: 3,787: Total time for which application threads were stopped: 0,0730370 seconds, Stopping threads took: 0,0014209 seconds
{Heap before GC invocations=9 (full 1):
 par new generation   total 109248K, used 98291K [0x00000000e0000000, 0x00000000e8000000, 0x00000000e8000000)
  eden space 87424K, 100% used [0x00000000e0000000, 0x00000000e5560000, 0x00000000e5560000)
  from space 21824K,  49% used [0x00000000e6ab0000, 0x00000000e754cde0, 0x00000000e8000000)
  to   space 21824K,   0% used [0x00000000e5560000, 0x00000000e5560000, 0x00000000e6ab0000)
 concurrent mark-sweep generation total 393216K, used 5895K [0x00000000e8000000, 0x0000000100000000, 0x0000000100000000)
 Metaspace       used 24984K, capacity 25454K, committed 25724K, reserved 1071104K
  class space    used 2910K, capacity 3086K, committed 3196K, reserved 1048576K
2017-07-10T18:35:47.470+0200: 3,927: [GC (Allocation Failure) 2017-07-10T18:35:47.470+0200: 3,927: [ParNew
Desired survivor size 20112992 bytes, new threshold 8 (max 8)
- age   1:     946256 bytes,     946256 total
- age   2:     977624 bytes,    1923880 total
- age   3:    1771128 bytes,    3695008 total
- age   4:      16768 bytes,    3711776 total
- age   6:      62248 bytes,    3774024 total
- age   7:      87384 bytes,    3861408 total
- age   8:     189600 bytes,    4051008 total
: 98291K->6343K(109248K), 0,0093946 secs] 104186K->13141K(502464K), 0,0094668 secs] [Times: user=0,02 sys=0,00, real=0,01 secs] 
Heap after GC invocations=10 (full 1):
 par new generation   total 109248K, used 6343K [0x00000000e0000000, 0x00000000e8000000, 0x00000000e8000000)
  eden space 87424K,   0% used [0x00000000e0000000, 0x00000000e0000000, 0x00000000e5560000)
  from space 21824K,  29% used [0x00000000e5560000, 0x00000000e5b91fe0, 0x00000000e6ab0000)
  to   space 21824K,   0% used [0x00000000e6ab0000, 0x00000000e6ab0000, 0x00000000e8000000)
 concurrent mark-sweep generation total 393216K, used 6797K [0x00000000e8000000, 0x0000000100000000, 0x0000000100000000)
 Metaspace       used 24984K, capacity 25454K, committed 25724K, reserved 1071104K
  class space    used 2910K, capacity 3086K, committed 3196K, reserved 1048576K
}
2017-07-10T18:35:47.479+0200: 3,937: Total time for which application threads were stopped: 0,0096291 seconds, Stopping threads took: 0,0000245 seconds
2017-07-10T18:35:47.600+0200: 4,058: Total time for which application threads were stopped: 0,0007666 seconds, Stopping threads took: 0,0004287 seconds
2017-07-10T18:35:47.609+0200: 4,066: Total time for which application threads were stopped: 0,0001863 seconds, Stopping threads took: 0,0000649 seconds
2017-07-10T18:35:47.610+0200: 4,067: Total time for which application threads were stopped: 0,0001462 seconds, Stopping threads took: 0,0000358 seconds
2017-07-10T18:35:47.614+0200: 4,071: Total time for which application threads were stopped: 0,0001319 seconds, Stopping threads took: 0,0000395 seconds
2017-07-10T18:35:47.618+0200: 4,075: Total time for which application threads were stopped: 0,0037918 seconds, Stopping threads took: 0,0037299 seconds
2017-07-10T18:35:47.618+0200: 4,075: Total time for which application threads were stopped: 0,0000636 seconds, Stopping threads took: 0,0000171 seconds
2017-07-10T18:35:47.618+0200: 4,075: Total time for which application threads were stopped: 0,0000562 seconds, Stopping threads took: 0,0000246 seconds
2017-07-10T18:35:47.618+0200: 4,075: Total time for which application threads were stopped: 0,0000454 seconds, Stopping threads took: 0,0000103 seconds
2017-07-10T18:35:47.618+0200: 4,076: Total time for which application threads were stopped: 0,0000665 seconds, Stopping threads took: 0,0000316 seconds
2017-07-10T18:35:47.618+0200: 4,076: Total time for which application threads were stopped: 0,0000447 seconds, Stopping threads took: 0,0000168 seconds
2017-07-10T18:35:47.618+0200: 4,076: Total time for which application threads were stopped: 0,0000444 seconds, Stopping threads took: 0,0000179 seconds
2017-07-10T18:35:47.618+0200: 4,076: Total time for which application threads were stopped: 0,0000447 seconds, Stopping threads took: 0,0000191 seconds
2017-07-10T18:35:47.619+0200: 4,076: Total time for which application threads were stopped: 0,0000321 seconds, Stopping threads took: 0,0000082 seconds
2017-07-10T18:35:47.619+0200: 4,076: Total time for which application threads were stopped: 0,0000452 seconds, Stopping threads took: 0,0000166 seconds
2017-07-10T18:35:47.619+0200: 4,076: Total time for which application threads were stopped: 0,0000456 seconds, Stopping threads took: 0,0000194 seconds
2017-07-10T18:35:47.619+0200: 4,076: Total time for which application threads were stopped: 0,0000329 seconds, Stopping threads took: 0,0000090 seconds
2017-07-10T18:35:47.619+0200: 4,077: Total time for which application threads were stopped: 0,0000810 seconds, Stopping threads took: 0,0000177 seconds
2017-07-10T18:35:47.620+0200: 4,077: Total time for which application threads were stopped: 0,0000529 seconds, Stopping threads took: 0,0000146 seconds
2017-07-10T18:35:47.620+0200: 4,077: Total time for which application threads were stopped: 0,0000435 seconds, Stopping threads took: 0,0000091 seconds
2017-07-10T18:35:47.620+0200: 4,077: Total time for which application threads were stopped: 0,0000541 seconds, Stopping threads took: 0,0000240 seconds
2017-07-10T18:35:47.620+0200: 4,077: Total time for which application threads were stopped: 0,0001108 seconds, Stopping threads took: 0,0000172 seconds
2017-07-10T18:35:47.638+0200: 4,095: Total time for which application threads were stopped: 0,0013517 seconds, Stopping threads took: 0,0012342 seconds
2017-07-10T18:35:47.638+0200: 4,095: Total time for which application threads were stopped: 0,0000824 seconds, Stopping threads took: 0,0000302 seconds
2017-07-10T18:35:47.638+0200: 4,095: Total time for which application threads were stopped: 0,0000538 seconds, Stopping threads took: 0,0000140 seconds
2017-07-10T18:35:47.642+0200: 4,099: Total time for which application threads were stopped: 0,0001439 seconds, Stopping threads took: 0,0000397 seconds
2017-07-10T18:35:47.642+0200: 4,099: Total time for which application threads were stopped: 0,0001222 seconds, Stopping threads took: 0,0000499 seconds
2017-07-10T18:35:47.642+0200: 4,100: Total time for which application threads were stopped: 0,0000900 seconds, Stopping threads took: 0,0000234 seconds
2017-07-10T18:35:47.642+0200: 4,100: Total time for which application threads were stopped: 0,0000664 seconds, Stopping threads took: 0,0000105 seconds
2017-07-10T18:35:47.643+0200: 4,101: Total time for which application threads were stopped: 0,0005554 seconds, Stopping threads took: 0,0004650 seconds
2017-07-10T18:35:47.646+0200: 4,104: Total time for which application threads were stopped: 0,0006739 seconds, Stopping threads took: 0,0005937 seconds
2017-07-10T18:35:47.647+0200: 4,104: Total time for which application threads were stopped: 0,0001025 seconds, Stopping threads took: 0,0000396 seconds
2017-07-10T18:35:47.651+0200: 4,108: Total time for which application threads were stopped: 0,0001208 seconds, Stopping threads took: 0,0000311 seconds
2017-07-10T18:35:47.655+0200: 4,112: Total time for which application threads were stopped: 0,0001176 seconds, Stopping threads took: 0,0000345 seconds
2017-07-10T18:35:47.656+0200: 4,113: Total time for which application threads were stopped: 0,0000971 seconds, Stopping threads took: 0,0000280 seconds
2017-07-10T18:35:47.656+0200: 4,114: Total time for which application threads were stopped: 0,0000855 seconds, Stopping threads took: 0,0000241 seconds
2017-07-10T18:35:47.678+0200: 4,135: Total time for which application threads were stopped: 0,0006386 seconds, Stopping threads took: 0,0005314 seconds
2017-07-10T18:35:47.681+0200: 4,138: Total time for which application threads were stopped: 0,0001008 seconds, Stopping threads took: 0,0000350 seconds
2017-07-10T18:35:47.682+0200: 4,139: Total time for which application threads were stopped: 0,0000957 seconds, Stopping threads took: 0,0000280 seconds
2017-07-10T18:35:47.683+0200: 4,140: Total time for which application threads were stopped: 0,0001117 seconds, Stopping threads took: 0,0000350 seconds
2017-07-10T18:35:47.683+0200: 4,140: Total time for which application threads were stopped: 0,0000882 seconds, Stopping threads took: 0,0000299 seconds
2017-07-10T18:35:47.686+0200: 4,143: Total time for which application threads were stopped: 0,0021526 seconds, Stopping threads took: 0,0020384 seconds
2017-07-10T18:35:47.686+0200: 4,143: Total time for which application threads were stopped: 0,0000885 seconds, Stopping threads took: 0,0000267 seconds
2017-07-10T18:35:47.686+0200: 4,144: Total time for which application threads were stopped: 0,0000599 seconds, Stopping threads took: 0,0000238 seconds
2017-07-10T18:35:47.687+0200: 4,144: Total time for which application threads were stopped: 0,0000659 seconds, Stopping threads took: 0,0000197 seconds
2017-07-10T18:35:47.689+0200: 4,146: Total time for which application threads were stopped: 0,0001089 seconds, Stopping threads took: 0,0000338 seconds
2017-07-10T18:35:47.691+0200: 4,149: Total time for which application threads were stopped: 0,0001855 seconds, Stopping threads took: 0,0000322 seconds
2017-07-10T18:35:47.695+0200: 4,152: Total time for which application threads were stopped: 0,0000892 seconds, Stopping threads took: 0,0000307 seconds
2017-07-10T18:35:47.695+0200: 4,153: Total time for which application threads were stopped: 0,0003578 seconds, Stopping threads took: 0,0000112 seconds
2017-07-10T18:35:47.752+0200: 4,210: Total time for which application threads were stopped: 0,0004943 seconds, Stopping threads took: 0,0000366 seconds
2017-07-10T18:35:47.768+0200: 4,225: Total time for which application threads were stopped: 0,0004692 seconds, Stopping threads took: 0,0000229 seconds
2017-07-10T18:35:47.834+0200: 4,291: Total time for which application threads were stopped: 0,0005741 seconds, Stopping threads took: 0,0001453 seconds
2017-07-10T18:35:47.854+0200: 4,311: Total time for which application threads were stopped: 0,0001178 seconds, Stopping threads took: 0,0000418 seconds
2017-07-10T18:35:47.854+0200: 4,311: Total time for which application threads were stopped: 0,0000923 seconds, Stopping threads took: 0,0000392 seconds
2017-07-10T18:35:47.865+0200: 4,323: Total time for which application threads were stopped: 0,0001231 seconds, Stopping threads took: 0,0000486 seconds
2017-07-10T18:35:47.877+0200: 4,335: Total time for which application threads were stopped: 0,0037679 seconds, Stopping threads took: 0,0036875 seconds
2017-07-10T18:35:47.878+0200: 4,335: Total time for which application threads were stopped: 0,0001002 seconds, Stopping threads took: 0,0000310 seconds
2017-07-10T18:35:47.881+0200: 4,339: Total time for which application threads were stopped: 0,0001172 seconds, Stopping threads took: 0,0000379 seconds
2017-07-10T18:35:47.890+0200: 4,347: Total time for which application threads were stopped: 0,0044686 seconds, Stopping threads took: 0,0043727 seconds
2017-07-10T18:35:47.896+0200: 4,353: Total time for which application threads were stopped: 0,0001438 seconds, Stopping threads took: 0,0000306 seconds
2017-07-10T18:35:47.896+0200: 4,353: Total time for which application threads were stopped: 0,0001575 seconds, Stopping threads took: 0,0000260 seconds
2017-07-10T18:35:47.918+0200: 4,375: Total time for which application threads were stopped: 0,0023074 seconds, Stopping threads took: 0,0022292 seconds
2017-07-10T18:35:47.939+0200: 4,397: Total time for which application threads were stopped: 0,0001296 seconds, Stopping threads took: 0,0000584 seconds
2017-07-10T18:35:47.946+0200: 4,404: Total time for which application threads were stopped: 0,0001248 seconds, Stopping threads took: 0,0000352 seconds
2017-07-10T18:35:47.948+0200: 4,406: Total time for which application threads were stopped: 0,0000702 seconds, Stopping threads took: 0,0000192 seconds
2017-07-10T18:35:47.957+0200: 4,414: Total time for which application threads were stopped: 0,0001110 seconds, Stopping threads took: 0,0000353 seconds
2017-07-10T18:35:47.958+0200: 4,415: Total time for which application threads were stopped: 0,0004207 seconds, Stopping threads took: 0,0000184 seconds
2017-07-10T18:35:47.958+0200: 4,416: Total time for which application threads were stopped: 0,0000843 seconds, Stopping threads took: 0,0000254 seconds
2017-07-10T18:35:47.966+0200: 4,423: Total time for which application threads were stopped: 0,0027220 seconds, Stopping threads took: 0,0026261 seconds
2017-07-10T18:35:48.966+0200: 5,423: Total time for which application threads were stopped: 0,0000834 seconds, Stopping threads took: 0,0000176 seconds
2017-07-10T18:35:49.966+0200: 6,423: Total time for which application threads were stopped: 0,0000694 seconds, Stopping threads took: 0,0000186 seconds
2017-07-10T18:36:05.968+0200: 22,425: Total time for which application threads were stopped: 0,0000798 seconds, Stopping threads took: 0,0000335 seconds
2017-07-10T18:36:15.969+0200: 32,426: Total time for which application threads were stopped: 0,0000622 seconds, Stopping threads took: 0,0000166 seconds
2017-07-10T18:36:49.973+0200: 66,430: Total time for which application threads were stopped: 0,0000641 seconds, Stopping threads took: 0,0000174 seconds
2017-07-10T18:37:10.976+0200: 87,433: Total time for which application threads were stopped: 0,0000803 seconds, Stopping threads took: 0,0000340 seconds
2017-07-10T18:37:14.976+0200: 91,434: Total time for which application threads were stopped: 0,0000821 seconds, Stopping threads took: 0,0000162 seconds
2017-07-10T18:37:45.981+0200: 122,438: Total time for which application threads were stopped: 0,0002142 seconds, Stopping threads took: 0,0000640 seconds
{Heap before GC invocations=10 (full 1):
 par new generation   total 109248K, used 93767K [0x00000000e0000000, 0x00000000e8000000, 0x00000000e8000000)
  eden space 87424K, 100% used [0x00000000e0000000, 0x00000000e5560000, 0x00000000e5560000)
  from space 21824K,  29% used [0x00000000e5560000, 0x00000000e5b91fe0, 0x00000000e6ab0000)
  to   space 21824K,   0% used [0x00000000e6ab0000, 0x00000000e6ab0000, 0x00000000e8000000)
 concurrent mark-sweep generation total 393216K, used 6797K [0x00000000e8000000, 0x0000000100000000, 0x0000000100000000)
 Metaspace       used 28058K, capacity 28564K, committed 28796K, reserved 1075200K
  class space    used 3214K, capacity 3393K, committed 3452K, reserved 1048576K
2017-07-10T18:38:39.684+0200: 176,142: [GC (Allocation Failure) 2017-07-10T18:38:39.684+0200: 176,142: [ParNew
Desired survivor size 20112992 bytes, new threshold 8 (max 8)
- age   1:   10748056 bytes,   10748056 total
- age   2:     275864 bytes,   11023920 total
- age   3:     198232 bytes,   11222152 total
- age   4:    1766408 bytes,   12988560 total
- age   5:      16736 bytes,   13005296 total
- age   7:      62248 bytes,   13067544 total
- age   8:      87256 bytes,   13154800 total
: 93767K->13176K(109248K), 0,0211333 secs] 100565K->20180K(502464K), 0,0212448 secs] [Times: user=0,08 sys=0,00, real=0,03 secs] 
Heap after GC invocations=11 (full 1):
 par new generation   total 109248K, used 13176K [0x00000000e0000000, 0x00000000e8000000, 0x00000000e8000000)
  eden space 87424K,   0% used [0x00000000e0000000, 0x00000000e0000000, 0x00000000e5560000)
  from space 21824K,  60% used [0x00000000e6ab0000, 0x00000000e778e070, 0x00000000e8000000)
  to   space 21824K,   0% used [0x00000000e5560000, 0x00000000e5560000, 0x00000000e6ab0000)
 concurrent mark-sweep generation total 393216K, used 7003K [0x00000000e8000000, 0x0000000100000000, 0x0000000100000000)
 Metaspace       used 28058K, capacity 28564K, committed 28796K, reserved 1075200K
  class space    used 3214K, capacity 3393K, committed 3452K, reserved 1048576K
}
2017-07-10T18:38:39.706+0200: 176,163: Total time for which application threads were stopped: 0,0215344 seconds, Stopping threads took: 0,0000846 seconds
2017-07-10T18:38:39.707+0200: 176,164: Total time for which application threads were stopped: 0,0000737 seconds, Stopping threads took: 0,0000353 seconds
2017-07-10T18:38:39.707+0200: 176,164: Total time for which application threads were stopped: 0,0000367 seconds, Stopping threads took: 0,0000133 seconds
2017-07-10T18:40:20.722+0200: 277,179: Total time for which application threads were stopped: 0,0000987 seconds, Stopping threads took: 0,0000500 seconds
2017-07-10T18:46:30.771+0200: 647,228: Total time for which application threads were stopped: 0,0001191 seconds, Stopping threads took: 0,0000513 seconds
2017-07-10T20:15:04.092+0200: 968,376: Total time for which application threads were stopped: 0,0000849 seconds, Stopping threads took: 0,0000319 seconds
2017-07-10T20:22:22.142+0200: 1406,426: Total time for which application threads were stopped: 0,0000962 seconds, Stopping threads took: 0,0000305 seconds
2017-07-10T20:27:13.131+0200: 1696,457: Total time for which application threads were stopped: 0,0001004 seconds, Stopping threads took: 0,0000393 seconds
2017-07-10T20:32:40.166+0200: 2023,492: Total time for which application threads were stopped: 0,0000729 seconds, Stopping threads took: 0,0000268 seconds
2017-07-10T20:32:59.168+0200: 2042,494: Total time for which application threads were stopped: 0,0000635 seconds, Stopping threads took: 0,0000156 seconds
2017-07-10T20:38:03.198+0200: 2346,524: Total time for which application threads were stopped: 0,0001081 seconds, Stopping threads took: 0,0000382 seconds
2017-07-10T20:38:05.199+0200: 2348,524: Total time for which application threads were stopped: 0,0000968 seconds, Stopping threads took: 0,0000241 seconds
2017-07-10T20:56:28.324+0200: 3451,650: Total time for which application threads were stopped: 0,0000837 seconds, Stopping threads took: 0,0000334 seconds
2017-07-10T20:57:10.329+0200: 3493,655: Total time for which application threads were stopped: 0,0001116 seconds, Stopping threads took: 0,0000421 seconds
2017-07-10T21:03:18.369+0200: 3861,695: Total time for which application threads were stopped: 0,0001029 seconds, Stopping threads took: 0,0000327 seconds
2017-07-10T21:03:33.371+0200: 3876,697: Total time for which application threads were stopped: 0,0000758 seconds, Stopping threads took: 0,0000266 seconds
2017-07-10T21:04:48.380+0200: 3951,706: Total time for which application threads were stopped: 0,0000904 seconds, Stopping threads took: 0,0000316 seconds
2017-07-10T21:04:58.381+0200: 3961,707: Total time for which application threads were stopped: 0,0000731 seconds, Stopping threads took: 0,0000178 seconds
2017-07-10T21:21:30.493+0200: 4953,819: Total time for which application threads were stopped: 0,0000943 seconds, Stopping threads took: 0,0000388 seconds
2017-07-10T21:22:10.498+0200: 4993,823: Total time for which application threads were stopped: 0,0001149 seconds, Stopping threads took: 0,0000464 seconds
2017-07-10T21:55:15.728+0200: 6979,053: Total time for which application threads were stopped: 0,0001211 seconds, Stopping threads took: 0,0000430 seconds
2017-07-10T22:00:28.765+0200: 7292,091: Total time for which application threads were stopped: 0,0001334 seconds, Stopping threads took: 0,0000567 seconds
2017-07-10T22:00:58.768+0200: 7322,094: Total time for which application threads were stopped: 0,0000851 seconds, Stopping threads took: 0,0000318 seconds
2017-07-10T22:06:58.822+0200: 7682,147: Total time for which application threads were stopped: 0,0001252 seconds, Stopping threads took: 0,0000470 seconds
2017-07-10T23:11:28.327+0200: 11551,653: Total time for which application threads were stopped: 0,0001454 seconds, Stopping threads took: 0,0000454 seconds
2017-07-11T00:14:58.796+0200: 15362,122: Total time for which application threads were stopped: 0,0000983 seconds, Stopping threads took: 0,0000352 seconds
2017-07-11T01:07:50.447+0200: 18533,773: Total time for which application threads were stopped: 0,0000839 seconds, Stopping threads took: 0,0000217 seconds
2017-07-11T01:07:50.474+0200: 18533,799: Total time for which application threads were stopped: 0,0233448 seconds, Stopping threads took: 0,0232404 seconds
2017-07-11T01:07:50.474+0200: 18533,799: Total time for which application threads were stopped: 0,0000743 seconds, Stopping threads took: 0,0000197 seconds
2017-07-11T01:07:50.478+0200: 18533,803: Total time for which application threads were stopped: 0,0001272 seconds, Stopping threads took: 0,0000492 seconds
2017-07-11T01:07:50.479+0200: 18533,805: Total time for which application threads were stopped: 0,0006811 seconds, Stopping threads took: 0,0005978 seconds
2017-07-11T01:07:50.480+0200: 18533,805: Total time for which application threads were stopped: 0,0000857 seconds, Stopping threads took: 0,0000123 seconds
2017-07-11T01:07:50.480+0200: 18533,806: Total time for which application threads were stopped: 0,0000859 seconds, Stopping threads took: 0,0000288 seconds
2017-07-11T01:07:50.490+0200: 18533,816: Total time for which application threads were stopped: 0,0001069 seconds, Stopping threads took: 0,0000249 seconds
2017-07-11T01:07:50.496+0200: 18533,822: Total time for which application threads were stopped: 0,0000838 seconds, Stopping threads took: 0,0000185 seconds
2017-07-11T01:07:50.496+0200: 18533,822: Total time for which application threads were stopped: 0,0000831 seconds, Stopping threads took: 0,0000366 seconds
2017-07-11T01:07:50.496+0200: 18533,822: Total time for which application threads were stopped: 0,0000424 seconds, Stopping threads took: 0,0000067 seconds
2017-07-11T01:07:50.496+0200: 18533,822: Total time for which application threads were stopped: 0,0000338 seconds, Stopping threads took: 0,0000056 seconds
2017-07-11T01:07:50.496+0200: 18533,822: Total time for which application threads were stopped: 0,0000460 seconds, Stopping threads took: 0,0000064 seconds
2017-07-11T01:07:50.497+0200: 18533,822: Total time for which application threads were stopped: 0,0000682 seconds, Stopping threads took: 0,0000349 seconds
2017-07-11T01:07:50.497+0200: 18533,823: Total time for which application threads were stopped: 0,0008302 seconds, Stopping threads took: 0,0007973 seconds
2017-07-11T01:07:50.498+0200: 18533,823: Total time for which application threads were stopped: 0,0000494 seconds, Stopping threads took: 0,0000222 seconds
2017-07-11T01:07:50.498+0200: 18533,823: Total time for which application threads were stopped: 0,0000317 seconds, Stopping threads took: 0,0000075 seconds
2017-07-11T01:07:50.498+0200: 18533,823: Total time for which application threads were stopped: 0,0000289 seconds, Stopping threads took: 0,0000064 seconds
2017-07-11T01:07:50.498+0200: 18533,823: Total time for which application threads were stopped: 0,0000453 seconds, Stopping threads took: 0,0000065 seconds
2017-07-11T01:07:50.498+0200: 18533,823: Total time for which application threads were stopped: 0,0000499 seconds, Stopping threads took: 0,0000131 seconds
2017-07-11T01:07:50.498+0200: 18533,824: Total time for which application threads were stopped: 0,0000431 seconds, Stopping threads took: 0,0000155 seconds
2017-07-11T01:07:50.498+0200: 18533,824: Total time for which application threads were stopped: 0,0000461 seconds, Stopping threads took: 0,0000195 seconds
2017-07-11T01:07:50.498+0200: 18533,824: Total time for which application threads were stopped: 0,0000968 seconds, Stopping threads took: 0,0000270 seconds
2017-07-11T01:07:50.498+0200: 18533,824: Total time for which application threads were stopped: 0,0000507 seconds, Stopping threads took: 0,0000197 seconds
2017-07-11T01:07:50.499+0200: 18533,825: Total time for which application threads were stopped: 0,0000478 seconds, Stopping threads took: 0,0000124 seconds
2017-07-11T01:07:50.501+0200: 18533,827: Total time for which application threads were stopped: 0,0001262 seconds, Stopping threads took: 0,0000538 seconds
2017-07-11T01:07:50.502+0200: 18533,828: Total time for which application threads were stopped: 0,0000713 seconds, Stopping threads took: 0,0000129 seconds
2017-07-11T01:07:50.505+0200: 18533,830: Total time for which application threads were stopped: 0,0001218 seconds, Stopping threads took: 0,0000503 seconds
2017-07-11T01:07:50.510+0200: 18533,836: Total time for which application threads were stopped: 0,0001147 seconds, Stopping threads took: 0,0000265 seconds
2017-07-11T01:07:50.511+0200: 18533,837: Total time for which application threads were stopped: 0,0000851 seconds, Stopping threads took: 0,0000218 seconds
2017-07-11T01:07:50.513+0200: 18533,839: Total time for which application threads were stopped: 0,0016206 seconds, Stopping threads took: 0,0015519 seconds
2017-07-11T01:07:50.513+0200: 18533,839: Total time for which application threads were stopped: 0,0000375 seconds, Stopping threads took: 0,0000117 seconds
2017-07-11T01:07:50.513+0200: 18533,839: Total time for which application threads were stopped: 0,0000445 seconds, Stopping threads took: 0,0000212 seconds
2017-07-11T01:07:50.513+0200: 18533,839: Total time for which application threads were stopped: 0,0000346 seconds, Stopping threads took: 0,0000095 seconds
2017-07-11T01:07:50.513+0200: 18533,839: Total time for which application threads were stopped: 0,0000266 seconds, Stopping threads took: 0,0000070 seconds
2017-07-11T01:07:50.513+0200: 18533,839: Total time for which application threads were stopped: 0,0000264 seconds, Stopping threads took: 0,0000069 seconds
2017-07-11T01:07:50.513+0200: 18533,839: Total time for which application threads were stopped: 0,0000548 seconds, Stopping threads took: 0,0000236 seconds
2017-07-11T01:07:50.514+0200: 18533,840: Total time for which application threads were stopped: 0,0000513 seconds, Stopping threads took: 0,0000195 seconds
2017-07-11T01:07:50.515+0200: 18533,841: Total time for which application threads were stopped: 0,0001031 seconds, Stopping threads took: 0,0000454 seconds
2017-07-11T01:07:50.515+0200: 18533,841: Total time for which application threads were stopped: 0,0000449 seconds, Stopping threads took: 0,0000181 seconds
2017-07-11T01:07:50.516+0200: 18533,842: Total time for which application threads were stopped: 0,0000714 seconds, Stopping threads took: 0,0000334 seconds
2017-07-11T01:07:50.516+0200: 18533,842: Total time for which application threads were stopped: 0,0000468 seconds, Stopping threads took: 0,0000222 seconds
2017-07-11T01:07:50.517+0200: 18533,843: Total time for which application threads were stopped: 0,0000817 seconds, Stopping threads took: 0,0000325 seconds
2017-07-11T01:07:50.518+0200: 18533,844: Total time for which application threads were stopped: 0,0000969 seconds, Stopping threads took: 0,0000351 seconds
2017-07-11T01:07:50.519+0200: 18533,845: Total time for which application threads were stopped: 0,0000692 seconds, Stopping threads took: 0,0000111 seconds
2017-07-11T01:07:50.519+0200: 18533,845: Total time for which application threads were stopped: 0,0000357 seconds, Stopping threads took: 0,0000088 seconds
2017-07-11T01:07:50.519+0200: 18533,845: Total time for which application threads were stopped: 0,0000268 seconds, Stopping threads took: 0,0000063 seconds
2017-07-11T01:07:50.520+0200: 18533,845: Total time for which application threads were stopped: 0,0000441 seconds, Stopping threads took: 0,0000131 seconds
2017-07-11T01:07:50.520+0200: 18533,845: Total time for which application threads were stopped: 0,0000254 seconds, Stopping threads took: 0,0000058 seconds
2017-07-11T01:07:50.520+0200: 18533,845: Total time for which application threads were stopped: 0,0000429 seconds, Stopping threads took: 0,0000201 seconds
2017-07-11T01:07:50.521+0200: 18533,847: Total time for which application threads were stopped: 0,0012063 seconds, Stopping threads took: 0,0011409 seconds
2017-07-11T01:07:50.522+0200: 18533,848: Total time for which application threads were stopped: 0,0000934 seconds, Stopping threads took: 0,0000292 seconds
2017-07-11T01:07:50.523+0200: 18533,849: Total time for which application threads were stopped: 0,0009041 seconds, Stopping threads took: 0,0008187 seconds
2017-07-11T01:07:50.523+0200: 18533,849: Total time for which application threads were stopped: 0,0000516 seconds, Stopping threads took: 0,0000092 seconds
2017-07-11T01:07:50.524+0200: 18533,849: Total time for which application threads were stopped: 0,0000470 seconds, Stopping threads took: 0,0000065 seconds
2017-07-11T01:07:50.524+0200: 18533,849: Total time for which application threads were stopped: 0,0000422 seconds, Stopping threads took: 0,0000060 seconds
2017-07-11T01:07:50.524+0200: 18533,850: Total time for which application threads were stopped: 0,0001613 seconds, Stopping threads took: 0,0000047 seconds
2017-07-11T01:07:50.526+0200: 18533,852: Total time for which application threads were stopped: 0,0013941 seconds, Stopping threads took: 0,0013177 seconds
2017-07-11T01:07:50.526+0200: 18533,852: Total time for which application threads were stopped: 0,0000410 seconds, Stopping threads took: 0,0000074 seconds
2017-07-11T01:07:50.526+0200: 18533,852: Total time for which application threads were stopped: 0,0000369 seconds, Stopping threads took: 0,0000053 seconds
2017-07-11T01:07:50.526+0200: 18533,852: Total time for which application threads were stopped: 0,0000332 seconds, Stopping threads took: 0,0000044 seconds
2017-07-11T01:07:50.526+0200: 18533,852: Total time for which application threads were stopped: 0,0000334 seconds, Stopping threads took: 0,0000049 seconds
2017-07-11T01:07:50.527+0200: 18533,852: Total time for which application threads were stopped: 0,0000343 seconds, Stopping threads took: 0,0000044 seconds
2017-07-11T01:07:50.527+0200: 18533,852: Total time for which application threads were stopped: 0,0000343 seconds, Stopping threads took: 0,0000046 seconds
2017-07-11T01:07:50.527+0200: 18533,852: Total time for which application threads were stopped: 0,0001452 seconds, Stopping threads took: 0,0000045 seconds
2017-07-11T01:07:50.528+0200: 18533,853: Total time for which application threads were stopped: 0,0001148 seconds, Stopping threads took: 0,0000226 seconds
2017-07-11T01:07:50.535+0200: 18533,861: Total time for which application threads were stopped: 0,0001267 seconds, Stopping threads took: 0,0000312 seconds
Heap
 par new generation   total 109248K, used 30890K [0x00000000e0000000, 0x00000000e8000000, 0x00000000e8000000)
  eden space 87424K,  20% used [0x00000000e0000000, 0x00000000e114c950, 0x00000000e5560000)
  from space 21824K,  60% used [0x00000000e6ab0000, 0x00000000e778e070, 0x00000000e8000000)
  to   space 21824K,   0% used [0x00000000e5560000, 0x00000000e5560000, 0x00000000e6ab0000)
 concurrent mark-sweep generation total 393216K, used 7003K [0x00000000e8000000, 0x0000000100000000, 0x0000000100000000)
 Metaspace       used 28218K, capacity 28796K, committed 29052K, reserved 1075200K
  class space    used 3228K, capacity 3427K, committed 3452K, reserved 1048576K
