OpenJDK 64-Bit Server VM (25.111-b14) for linux-amd64 JRE (1.8.0_111-8u111-b14-2ubuntu0.16.04.2-b14), built on Oct 27 2016 18:10:19 by "buildd" with gcc 5.4.0 20160609
Memory: 4k page, physical 7867840k(7525792k free), swap 8076284k(8076284k free)
CommandLine flags: -XX:CMSInitiatingOccupancyFraction=50 -XX:CMSMaxAbortablePrecleanTime=6000 -XX:+CMSParallelRemarkEnabled -XX:+CMSScavengeBeforeRemark -XX:ConcGCThreads=4 -XX:InitialHeapSize=536870912 -XX:MaxHeapSize=536870912 -XX:MaxTenuringThreshold=8 -XX:NewRatio=3 -XX:OldPLABSize=16 -XX:OnOutOfMemoryError=/opt/solr/bin/oom_solr.sh 8983 /var/solr/logs -XX:ParallelGCThreads=4 -XX:+ParallelRefProcEnabled -XX:PretenureSizeThreshold=67108864 -XX:+PrintGC -XX:+PrintGCApplicationStoppedTime -XX:+PrintGCDateStamps -XX:+PrintGCDetails -XX:+PrintGCTimeStamps -XX:+PrintHeapAtGC -XX:+PrintTenuringDistribution -XX:SurvivorRatio=4 -XX:TargetSurvivorRatio=90 -XX:ThreadStackSize=256 -XX:+UseCMSInitiatingOccupancyOnly -XX:+UseCompressedClassPointers -XX:+UseCompressedOops -XX:+UseConcMarkSweepGC -XX:+UseParNewGC 
2016-12-20T09:33:15.582+0100: 0,120: Total time for which application threads were stopped: 0,0000677 seconds, Stopping threads took: 0,0000134 seconds
2016-12-20T09:33:15.670+0100: 0,208: Total time for which application threads were stopped: 0,0001088 seconds, Stopping threads took: 0,0000178 seconds
2016-12-20T09:33:15.688+0100: 0,225: Total time for which application threads were stopped: 0,0001223 seconds, Stopping threads took: 0,0000303 seconds
2016-12-20T09:33:15.907+0100: 0,444: Total time for which application threads were stopped: 0,0001110 seconds, Stopping threads took: 0,0000138 seconds
2016-12-20T09:33:16.343+0100: 0,880: Total time for which application threads were stopped: 0,0001515 seconds, Stopping threads took: 0,0000169 seconds
2016-12-20T09:33:16.427+0100: 0,965: Total time for which application threads were stopped: 0,0002088 seconds, Stopping threads took: 0,0000270 seconds
2016-12-20T09:33:16.480+0100: 1,018: Total time for which application threads were stopped: 0,0001776 seconds, Stopping threads took: 0,0000227 seconds
2016-12-20T09:33:16.731+0100: 1,268: Total time for which application threads were stopped: 0,0003854 seconds, Stopping threads took: 0,0000156 seconds
2016-12-20T09:33:16.940+0100: 1,477: Total time for which application threads were stopped: 0,0001914 seconds, Stopping threads took: 0,0000119 seconds
2016-12-20T09:33:16.968+0100: 1,506: Total time for which application threads were stopped: 0,0001703 seconds, Stopping threads took: 0,0000159 seconds
2016-12-20T09:33:16.969+0100: 1,506: Total time for which application threads were stopped: 0,0001070 seconds, Stopping threads took: 0,0000189 seconds
2016-12-20T09:33:16.984+0100: 1,521: Total time for which application threads were stopped: 0,0001587 seconds, Stopping threads took: 0,0000108 seconds
2016-12-20T09:33:17.087+0100: 1,624: Total time for which application threads were stopped: 0,0002262 seconds, Stopping threads took: 0,0000189 seconds
2016-12-20T09:33:17.277+0100: 1,814: Total time for which application threads were stopped: 0,0003953 seconds, Stopping threads took: 0,0001956 seconds
{Heap before GC invocations=0 (full 0):
 par new generation   total 109248K, used 87424K [0x00000000e0000000, 0x00000000e8000000, 0x00000000e8000000)
  eden space 87424K, 100% used [0x00000000e0000000, 0x00000000e5560000, 0x00000000e5560000)
  from space 21824K,   0% used [0x00000000e5560000, 0x00000000e5560000, 0x00000000e6ab0000)
  to   space 21824K,   0% used [0x00000000e6ab0000, 0x00000000e6ab0000, 0x00000000e8000000)
 concurrent mark-sweep generation total 393216K, used 0K [0x00000000e8000000, 0x0000000100000000, 0x0000000100000000)
 Metaspace       used 18093K, capacity 18366K, committed 18560K, reserved 1064960K
  class space    used 2054K, capacity 2162K, committed 2176K, reserved 1048576K
2016-12-20T09:33:17.398+0100: 1,935: [GC (Allocation Failure) 2016-12-20T09:33:17.398+0100: 1,935: [ParNew
Desired survivor size 20112992 bytes, new threshold 8 (max 8)
- age   1:   12328792 bytes,   12328792 total
: 87424K->12145K(109248K), 0,0157299 secs] 87424K->12145K(502464K), 0,0158229 secs] [Times: user=0,01 sys=0,05, real=0,01 secs] 
Heap after GC invocations=1 (full 0):
 par new generation   total 109248K, used 12145K [0x00000000e0000000, 0x00000000e8000000, 0x00000000e8000000)
  eden space 87424K,   0% used [0x00000000e0000000, 0x00000000e0000000, 0x00000000e5560000)
  from space 21824K,  55% used [0x00000000e6ab0000, 0x00000000e768c7a8, 0x00000000e8000000)
  to   space 21824K,   0% used [0x00000000e5560000, 0x00000000e5560000, 0x00000000e6ab0000)
 concurrent mark-sweep generation total 393216K, used 0K [0x00000000e8000000, 0x0000000100000000, 0x0000000100000000)
 Metaspace       used 18093K, capacity 18366K, committed 18560K, reserved 1064960K
  class space    used 2054K, capacity 2162K, committed 2176K, reserved 1048576K
}
2016-12-20T09:33:17.414+0100: 1,951: Total time for which application threads were stopped: 0,0159954 seconds, Stopping threads took: 0,0000187 seconds
2016-12-20T09:33:17.588+0100: 2,125: Total time for which application threads were stopped: 0,0002359 seconds, Stopping threads took: 0,0000220 seconds
2016-12-20T09:33:17.618+0100: 2,156: Total time for which application threads were stopped: 0,0003428 seconds, Stopping threads took: 0,0000530 seconds
2016-12-20T09:33:17.653+0100: 2,190: Total time for which application threads were stopped: 0,0002691 seconds, Stopping threads took: 0,0000207 seconds
{Heap before GC invocations=1 (full 0):
 par new generation   total 109248K, used 99569K [0x00000000e0000000, 0x00000000e8000000, 0x00000000e8000000)
  eden space 87424K, 100% used [0x00000000e0000000, 0x00000000e5560000, 0x00000000e5560000)
  from space 21824K,  55% used [0x00000000e6ab0000, 0x00000000e768c7a8, 0x00000000e8000000)
  to   space 21824K,   0% used [0x00000000e5560000, 0x00000000e5560000, 0x00000000e6ab0000)
 concurrent mark-sweep generation total 393216K, used 0K [0x00000000e8000000, 0x0000000100000000, 0x0000000100000000)
 Metaspace       used 20713K, capacity 21020K, committed 21248K, reserved 1069056K
  class space    used 2404K, capacity 2518K, committed 2560K, reserved 1048576K
2016-12-20T09:33:17.816+0100: 2,354: [GC (Allocation Failure) 2016-12-20T09:33:17.816+0100: 2,354: [ParNew
Desired survivor size 20112992 bytes, new threshold 8 (max 8)
- age   1:    2899976 bytes,    2899976 total
- age   2:    6101712 bytes,    9001688 total
: 99569K->11159K(109248K), 0,0128571 secs] 99569K->11159K(502464K), 0,0129185 secs] [Times: user=0,04 sys=0,00, real=0,01 secs] 
Heap after GC invocations=2 (full 0):
 par new generation   total 109248K, used 11159K [0x00000000e0000000, 0x00000000e8000000, 0x00000000e8000000)
  eden space 87424K,   0% used [0x00000000e0000000, 0x00000000e0000000, 0x00000000e5560000)
  from space 21824K,  51% used [0x00000000e5560000, 0x00000000e6045df0, 0x00000000e6ab0000)
  to   space 21824K,   0% used [0x00000000e6ab0000, 0x00000000e6ab0000, 0x00000000e8000000)
 concurrent mark-sweep generation total 393216K, used 0K [0x00000000e8000000, 0x0000000100000000, 0x0000000100000000)
 Metaspace       used 20713K, capacity 21020K, committed 21248K, reserved 1069056K
  class space    used 2404K, capacity 2518K, committed 2560K, reserved 1048576K
}
2016-12-20T09:33:17.829+0100: 2,367: Total time for which application threads were stopped: 0,0131556 seconds, Stopping threads took: 0,0000830 seconds
2016-12-20T09:33:17.882+0100: 2,419: Total time for which application threads were stopped: 0,0000745 seconds, Stopping threads took: 0,0000135 seconds
2016-12-20T09:33:17.917+0100: 2,454: Total time for which application threads were stopped: 0,0002547 seconds, Stopping threads took: 0,0000131 seconds
2016-12-20T09:33:17.921+0100: 2,459: Total time for which application threads were stopped: 0,0001263 seconds, Stopping threads took: 0,0000625 seconds
2016-12-20T09:33:17.946+0100: 2,484: Total time for which application threads were stopped: 0,0000906 seconds, Stopping threads took: 0,0000283 seconds
2016-12-20T09:33:18.025+0100: 2,562: Total time for which application threads were stopped: 0,0001190 seconds, Stopping threads took: 0,0000209 seconds
2016-12-20T09:33:18.043+0100: 2,580: Total time for which application threads were stopped: 0,0001072 seconds, Stopping threads took: 0,0000326 seconds
2016-12-20T09:33:18.050+0100: 2,587: Total time for which application threads were stopped: 0,0002840 seconds, Stopping threads took: 0,0000221 seconds
2016-12-20T09:33:18.058+0100: 2,595: Total time for which application threads were stopped: 0,0002685 seconds, Stopping threads took: 0,0000130 seconds
2016-12-20T09:33:18.065+0100: 2,603: Total time for which application threads were stopped: 0,0001164 seconds, Stopping threads took: 0,0000269 seconds
2016-12-20T09:33:18.097+0100: 2,635: Total time for which application threads were stopped: 0,0000713 seconds, Stopping threads took: 0,0000125 seconds
2016-12-20T09:33:18.109+0100: 2,647: Total time for which application threads were stopped: 0,0000742 seconds, Stopping threads took: 0,0000159 seconds
2016-12-20T09:33:18.130+0100: 2,667: Total time for which application threads were stopped: 0,0000963 seconds, Stopping threads took: 0,0000228 seconds
2016-12-20T09:33:18.147+0100: 2,685: Total time for which application threads were stopped: 0,0000780 seconds, Stopping threads took: 0,0000128 seconds
2016-12-20T09:33:18.185+0100: 2,722: Total time for which application threads were stopped: 0,0001288 seconds, Stopping threads took: 0,0000308 seconds
2016-12-20T09:33:18.246+0100: 2,783: Total time for which application threads were stopped: 0,0001348 seconds, Stopping threads took: 0,0000330 seconds
2016-12-20T09:33:18.284+0100: 2,821: Total time for which application threads were stopped: 0,0001120 seconds, Stopping threads took: 0,0000285 seconds
{Heap before GC invocations=2 (full 0):
 par new generation   total 109248K, used 98583K [0x00000000e0000000, 0x00000000e8000000, 0x00000000e8000000)
  eden space 87424K, 100% used [0x00000000e0000000, 0x00000000e5560000, 0x00000000e5560000)
  from space 21824K,  51% used [0x00000000e5560000, 0x00000000e6045df0, 0x00000000e6ab0000)
  to   space 21824K,   0% used [0x00000000e6ab0000, 0x00000000e6ab0000, 0x00000000e8000000)
 concurrent mark-sweep generation total 393216K, used 0K [0x00000000e8000000, 0x0000000100000000, 0x0000000100000000)
 Metaspace       used 24850K, capacity 25224K, committed 25536K, reserved 1071104K
  class space    used 2896K, capacity 3025K, committed 3092K, reserved 1048576K
2016-12-20T09:33:18.296+0100: 2,834: [GC (Allocation Failure) 2016-12-20T09:33:18.296+0100: 2,834: [ParNew
Desired survivor size 20112992 bytes, new threshold 8 (max 8)
- age   1:    6691096 bytes,    6691096 total
- age   2:     548896 bytes,    7239992 total
- age   3:    6093312 bytes,   13333304 total
: 98583K->19018K(109248K), 0,0134092 secs] 98583K->19018K(502464K), 0,0134968 secs] [Times: user=0,05 sys=0,01, real=0,01 secs] 
Heap after GC invocations=3 (full 0):
 par new generation   total 109248K, used 19018K [0x00000000e0000000, 0x00000000e8000000, 0x00000000e8000000)
  eden space 87424K,   0% used [0x00000000e0000000, 0x00000000e0000000, 0x00000000e5560000)
  from space 21824K,  87% used [0x00000000e6ab0000, 0x00000000e7d42958, 0x00000000e8000000)
  to   space 21824K,   0% used [0x00000000e5560000, 0x00000000e5560000, 0x00000000e6ab0000)
 concurrent mark-sweep generation total 393216K, used 0K [0x00000000e8000000, 0x0000000100000000, 0x0000000100000000)
 Metaspace       used 24850K, capacity 25224K, committed 25536K, reserved 1071104K
  class space    used 2896K, capacity 3025K, committed 3092K, reserved 1048576K
}
2016-12-20T09:33:18.310+0100: 2,847: Total time for which application threads were stopped: 0,0136649 seconds, Stopping threads took: 0,0000244 seconds
2016-12-20T09:33:18.310+0100: 2,847: [GC (CMS Initial Mark) [1 CMS-initial-mark: 0K(393216K)] 19018K(502464K), 0,0039132 secs] [Times: user=0,01 sys=0,00, real=0,00 secs] 
2016-12-20T09:33:18.314+0100: 2,851: Total time for which application threads were stopped: 0,0040356 seconds, Stopping threads took: 0,0000354 seconds
2016-12-20T09:33:18.314+0100: 2,851: [CMS-concurrent-mark-start]
2016-12-20T09:33:18.314+0100: 2,852: [CMS-concurrent-mark: 0,000/0,000 secs] [Times: user=0,00 sys=0,00, real=0,00 secs] 
2016-12-20T09:33:18.314+0100: 2,852: [CMS-concurrent-preclean-start]
2016-12-20T09:33:18.315+0100: 2,853: [CMS-concurrent-preclean: 0,001/0,001 secs] [Times: user=0,00 sys=0,00, real=0,01 secs] 
2016-12-20T09:33:18.315+0100: 2,853: [GC (CMS Final Remark) [YG occupancy: 19018 K (109248 K)]{Heap before GC invocations=3 (full 1):
 par new generation   total 109248K, used 19018K [0x00000000e0000000, 0x00000000e8000000, 0x00000000e8000000)
  eden space 87424K,   0% used [0x00000000e0000000, 0x00000000e0000130, 0x00000000e5560000)
  from space 21824K,  87% used [0x00000000e6ab0000, 0x00000000e7d42958, 0x00000000e8000000)
  to   space 21824K,   0% used [0x00000000e5560000, 0x00000000e5560000, 0x00000000e6ab0000)
 concurrent mark-sweep generation total 393216K, used 0K [0x00000000e8000000, 0x0000000100000000, 0x0000000100000000)
 Metaspace       used 24850K, capacity 25224K, committed 25536K, reserved 1071104K
  class space    used 2896K, capacity 3025K, committed 3092K, reserved 1048576K
2016-12-20T09:33:18.315+0100: 2,853: [GC (CMS Final Remark) 2016-12-20T09:33:18.315+0100: 2,853: [ParNew
Desired survivor size 20112992 bytes, new threshold 8 (max 8)
- age   1:        304 bytes,        304 total
- age   2:    6689872 bytes,    6690176 total
- age   3:     548824 bytes,    7239000 total
- age   4:    6092712 bytes,   13331712 total
: 19018K->15739K(109248K), 0,0106968 secs] 19018K->15739K(502464K), 0,0107442 secs] [Times: user=0,04 sys=0,00, real=0,01 secs] 
Heap after GC invocations=4 (full 1):
 par new generation   total 109248K, used 15739K [0x00000000e0000000, 0x00000000e8000000, 0x00000000e8000000)
  eden space 87424K,   0% used [0x00000000e0000000, 0x00000000e0000000, 0x00000000e5560000)
  from space 21824K,  72% used [0x00000000e5560000, 0x00000000e64bed40, 0x00000000e6ab0000)
  to   space 21824K,   0% used [0x00000000e6ab0000, 0x00000000e6ab0000, 0x00000000e8000000)
 concurrent mark-sweep generation total 393216K, used 0K [0x00000000e8000000, 0x0000000100000000, 0x0000000100000000)
 Metaspace       used 24850K, capacity 25224K, committed 25536K, reserved 1071104K
  class space    used 2896K, capacity 3025K, committed 3092K, reserved 1048576K
}
2016-12-20T09:33:18.326+0100: 2,864: [Rescan (parallel) , 0,0037313 secs]2016-12-20T09:33:18.330+0100: 2,867: [weak refs processing, 0,0006159 secs]2016-12-20T09:33:18.330+0100: 2,868: [class unloading, 0,0031811 secs]2016-12-20T09:33:18.334+0100: 2,871: [scrub symbol table, 0,0037695 secs]2016-12-20T09:33:18.337+0100: 2,875: [scrub string table, 0,0003772 secs][1 CMS-remark: 0K(393216K)] 15739K(502464K), 0,0231268 secs] [Times: user=0,07 sys=0,00, real=0,02 secs] 
2016-12-20T09:33:18.338+0100: 2,876: Total time for which application threads were stopped: 0,0232402 seconds, Stopping threads took: 0,0000352 seconds
2016-12-20T09:33:18.339+0100: 2,877: [CMS-concurrent-sweep-start]
2016-12-20T09:33:18.339+0100: 2,877: [CMS-concurrent-sweep: 0,000/0,000 secs] [Times: user=0,00 sys=0,00, real=0,00 secs] 
2016-12-20T09:33:18.339+0100: 2,877: [CMS-concurrent-reset-start]
2016-12-20T09:33:18.341+0100: 2,878: [CMS-concurrent-reset: 0,001/0,001 secs] [Times: user=0,00 sys=0,00, real=0,00 secs] 
2016-12-20T09:33:18.394+0100: 2,932: Total time for which application threads were stopped: 0,0003433 seconds, Stopping threads took: 0,0000218 seconds
2016-12-20T09:33:19.394+0100: 3,932: Total time for which application threads were stopped: 0,0001008 seconds, Stopping threads took: 0,0000169 seconds
2016-12-20T09:33:19.511+0100: 4,048: Total time for which application threads were stopped: 0,0003874 seconds, Stopping threads took: 0,0000163 seconds
2016-12-20T09:35:56.998+0100: 162,068: Total time for which application threads were stopped: 0,0000970 seconds, Stopping threads took: 0,0000430 seconds
2016-12-20T09:36:01.999+0100: 167,069: Total time for which application threads were stopped: 0,0000588 seconds, Stopping threads took: 0,0000154 seconds
2016-12-20T09:36:16.001+0100: 181,071: Total time for which application threads were stopped: 0,0000800 seconds, Stopping threads took: 0,0000322 seconds
2016-12-20T09:36:57.007+0100: 222,077: Total time for which application threads were stopped: 0,0001999 seconds, Stopping threads took: 0,0000641 seconds
2016-12-20T09:37:51.015+0100: 276,085: Total time for which application threads were stopped: 0,0001778 seconds, Stopping threads took: 0,0000711 seconds
2016-12-20T09:37:57.016+0100: 282,086: Total time for which application threads were stopped: 0,0001317 seconds, Stopping threads took: 0,0000311 seconds
2016-12-20T09:38:02.017+0100: 287,087: Total time for which application threads were stopped: 0,0000577 seconds, Stopping threads took: 0,0000147 seconds
2016-12-20T09:43:37.069+0100: 622,139: Total time for which application threads were stopped: 0,0001536 seconds, Stopping threads took: 0,0000580 seconds
2016-12-20T09:44:02.073+0100: 647,143: Total time for which application threads were stopped: 0,0001971 seconds, Stopping threads took: 0,0000633 seconds
2016-12-20T09:49:22.124+0100: 967,194: Total time for which application threads were stopped: 0,0000758 seconds, Stopping threads took: 0,0000322 seconds
2016-12-20T09:56:56.192+0100: 1421,262: Total time for which application threads were stopped: 0,0000753 seconds, Stopping threads took: 0,0000283 seconds
2016-12-20T10:00:42.224+0100: 1647,294: Total time for which application threads were stopped: 0,0049010 seconds, Stopping threads took: 0,0025510 seconds
2016-12-20T10:22:25.131+0100: 1661,396: Total time for which application threads were stopped: 0,0003890 seconds, Stopping threads took: 0,0003219 seconds
2016-12-20T10:22:30.131+0100: 1666,397: Total time for which application threads were stopped: 0,0000685 seconds, Stopping threads took: 0,0000177 seconds
2016-12-20T10:33:25.216+0100: 2321,481: Total time for which application threads were stopped: 0,0001179 seconds, Stopping threads took: 0,0000408 seconds
2016-12-20T10:33:26.216+0100: 2322,481: Total time for which application threads were stopped: 0,0001381 seconds, Stopping threads took: 0,0000302 seconds
2016-12-20T10:48:01.955+0100: 3197,612: Total time for which application threads were stopped: 0,0001646 seconds, Stopping threads took: 0,0000637 seconds
2016-12-20T10:59:01.055+0100: 3856,712: Total time for which application threads were stopped: 0,0001510 seconds, Stopping threads took: 0,0000553 seconds
2016-12-20T10:59:16.057+0100: 3871,715: Total time for which application threads were stopped: 0,0001356 seconds, Stopping threads took: 0,0000306 seconds
2016-12-20T11:01:46.082+0100: 4021,740: Total time for which application threads were stopped: 0,0001548 seconds, Stopping threads took: 0,0000601 seconds
2016-12-20T11:38:41.424+0100: 6237,082: Total time for which application threads were stopped: 0,0000960 seconds, Stopping threads took: 0,0000359 seconds
2016-12-20T11:39:51.435+0100: 6307,092: Total time for which application threads were stopped: 0,0001674 seconds, Stopping threads took: 0,0000640 seconds
2016-12-20T13:30:10.244+0100: 7501,521: Total time for which application threads were stopped: 0,0016774 seconds, Stopping threads took: 0,0015614 seconds
2016-12-20T13:30:40.248+0100: 7531,526: Total time for which application threads were stopped: 0,0000818 seconds, Stopping threads took: 0,0000330 seconds
2016-12-20T13:31:40.260+0100: 7591,537: Total time for which application threads were stopped: 0,0001549 seconds, Stopping threads took: 0,0000591 seconds
2016-12-20T13:33:10.274+0100: 7681,551: Total time for which application threads were stopped: 0,0001050 seconds, Stopping threads took: 0,0000339 seconds
2016-12-20T14:37:40.725+0100: 11552,002: Total time for which application threads were stopped: 0,0001088 seconds, Stopping threads took: 0,0000378 seconds
2016-12-20T15:40:10.233+0100: 15301,510: Total time for which application threads were stopped: 0,0000945 seconds, Stopping threads took: 0,0000363 seconds
2016-12-20T15:41:10.242+0100: 15361,519: Total time for which application threads were stopped: 0,0000839 seconds, Stopping threads took: 0,0000315 seconds
2016-12-20T15:41:40.247+0100: 15391,524: Total time for which application threads were stopped: 0,0001577 seconds, Stopping threads took: 0,0000596 seconds
2016-12-20T18:49:26.504+0100: 25576,059: Total time for which application threads were stopped: 0,0001156 seconds, Stopping threads took: 0,0000183 seconds
Heap
 par new generation   total 109248K, used 60566K [0x00000000e0000000, 0x00000000e8000000, 0x00000000e8000000)
  eden space 87424K,  51% used [0x00000000e0000000, 0x00000000e2bc6ad0, 0x00000000e5560000)
  from space 21824K,  72% used [0x00000000e5560000, 0x00000000e64bed40, 0x00000000e6ab0000)
  to   space 21824K,   0% used [0x00000000e6ab0000, 0x00000000e6ab0000, 0x00000000e8000000)
 concurrent mark-sweep generation total 393216K, used 0K [0x00000000e8000000, 0x0000000100000000, 0x0000000100000000)
 Metaspace       used 27274K, capacity 27732K, committed 27924K, reserved 1073152K
  class space    used 3167K, capacity 3321K, committed 3348K, reserved 1048576K
