OpenJDK 64-Bit Server VM (25.111-b14) for linux-amd64 JRE (1.8.0_111-8u111-b14-2ubuntu0.16.04.2-b14), built on Oct 27 2016 18:10:19 by "buildd" with gcc 5.4.0 20160609
Memory: 4k page, physical 7867800k(7487012k free), swap 8076284k(8076284k free)
CommandLine flags: -XX:CMSInitiatingOccupancyFraction=50 -XX:CMSMaxAbortablePrecleanTime=6000 -XX:+CMSParallelRemarkEnabled -XX:+CMSScavengeBeforeRemark -XX:ConcGCThreads=4 -XX:InitialHeapSize=536870912 -XX:MaxHeapSize=536870912 -XX:MaxTenuringThreshold=8 -XX:NewRatio=3 -XX:OldPLABSize=16 -XX:OnOutOfMemoryError=/opt/solr/bin/oom_solr.sh 8983 /var/solr/logs -XX:ParallelGCThreads=4 -XX:+ParallelRefProcEnabled -XX:PretenureSizeThreshold=67108864 -XX:+PrintGC -XX:+PrintGCApplicationStoppedTime -XX:+PrintGCDateStamps -XX:+PrintGCDetails -XX:+PrintGCTimeStamps -XX:+PrintHeapAtGC -XX:+PrintTenuringDistribution -XX:SurvivorRatio=4 -XX:TargetSurvivorRatio=90 -XX:ThreadStackSize=256 -XX:+UseCMSInitiatingOccupancyOnly -XX:+UseCompressedClassPointers -XX:+UseCompressedOops -XX:+UseConcMarkSweepGC -XX:+UseParNewGC 
2017-01-26T13:43:43.180+0100: 0,134: Total time for which application threads were stopped: 0,0000649 seconds, Stopping threads took: 0,0000084 seconds
2017-01-26T13:43:43.254+0100: 0,208: Total time for which application threads were stopped: 0,0001329 seconds, Stopping threads took: 0,0000338 seconds
2017-01-26T13:43:43.266+0100: 0,220: Total time for which application threads were stopped: 0,0000991 seconds, Stopping threads took: 0,0000181 seconds
2017-01-26T13:43:43.470+0100: 0,424: Total time for which application threads were stopped: 0,0001465 seconds, Stopping threads took: 0,0000127 seconds
2017-01-26T13:43:43.960+0100: 0,914: Total time for which application threads were stopped: 0,0001537 seconds, Stopping threads took: 0,0000118 seconds
2017-01-26T13:43:44.109+0100: 1,062: Total time for which application threads were stopped: 0,0003661 seconds, Stopping threads took: 0,0000530 seconds
2017-01-26T13:43:44.134+0100: 1,087: Total time for which application threads were stopped: 0,0026642 seconds, Stopping threads took: 0,0000409 seconds
2017-01-26T13:43:44.437+0100: 1,390: Total time for which application threads were stopped: 0,0001777 seconds, Stopping threads took: 0,0000128 seconds
2017-01-26T13:43:44.794+0100: 1,748: Total time for which application threads were stopped: 0,0012160 seconds, Stopping threads took: 0,0001161 seconds
2017-01-26T13:43:44.889+0100: 1,843: Total time for which application threads were stopped: 0,0005158 seconds, Stopping threads took: 0,0000570 seconds
2017-01-26T13:43:44.892+0100: 1,846: Total time for which application threads were stopped: 0,0007297 seconds, Stopping threads took: 0,0000666 seconds
2017-01-26T13:43:44.933+0100: 1,887: Total time for which application threads were stopped: 0,0008636 seconds, Stopping threads took: 0,0000649 seconds
2017-01-26T13:43:45.254+0100: 2,208: Total time for which application threads were stopped: 0,0010992 seconds, Stopping threads took: 0,0000986 seconds
2017-01-26T13:43:45.442+0100: 2,396: Total time for which application threads were stopped: 0,0002568 seconds, Stopping threads took: 0,0000293 seconds
2017-01-26T13:43:45.585+0100: 2,539: Total time for which application threads were stopped: 0,0003585 seconds, Stopping threads took: 0,0002453 seconds
{Heap before GC invocations=0 (full 0):
 par new generation   total 109248K, used 87568K [0x00000000e0000000, 0x00000000e8000000, 0x00000000e8000000)
  eden space 87424K, 100% used [0x00000000e0000000, 0x00000000e5560000, 0x00000000e5560000)
  from space 21824K,   0% used [0x00000000e5560000, 0x00000000e55841a0, 0x00000000e6ab0000)
  to   space 21824K,   0% used [0x00000000e6ab0000, 0x00000000e6ab0000, 0x00000000e8000000)
 concurrent mark-sweep generation total 393216K, used 0K [0x00000000e8000000, 0x0000000100000000, 0x0000000100000000)
 Metaspace       used 17999K, capacity 18302K, committed 18560K, reserved 1064960K
  class space    used 2046K, capacity 2162K, committed 2176K, reserved 1048576K
2017-01-26T13:43:45.586+0100: 2,540: [GC (GCLocker Initiated GC) 2017-01-26T13:43:45.586+0100: 2,540: [ParNew
Desired survivor size 20112992 bytes, new threshold 8 (max 8)
- age   1:   13201888 bytes,   13201888 total
: 87568K->13009K(109248K), 0,0176132 secs] 87568K->13009K(502464K), 0,0177212 secs] [Times: user=0,06 sys=0,00, real=0,02 secs] 
Heap after GC invocations=1 (full 0):
 par new generation   total 109248K, used 13009K [0x00000000e0000000, 0x00000000e8000000, 0x00000000e8000000)
  eden space 87424K,   0% used [0x00000000e0000000, 0x00000000e0000000, 0x00000000e5560000)
  from space 21824K,  59% used [0x00000000e6ab0000, 0x00000000e7764438, 0x00000000e8000000)
  to   space 21824K,   0% used [0x00000000e5560000, 0x00000000e5560000, 0x00000000e6ab0000)
 concurrent mark-sweep generation total 393216K, used 0K [0x00000000e8000000, 0x0000000100000000, 0x0000000100000000)
 Metaspace       used 17999K, capacity 18302K, committed 18560K, reserved 1064960K
  class space    used 2046K, capacity 2162K, committed 2176K, reserved 1048576K
}
2017-01-26T13:43:45.604+0100: 2,558: Total time for which application threads were stopped: 0,0186936 seconds, Stopping threads took: 0,0008023 seconds
2017-01-26T13:43:45.804+0100: 2,758: Total time for which application threads were stopped: 0,0003775 seconds, Stopping threads took: 0,0000702 seconds
2017-01-26T13:43:45.851+0100: 2,805: Total time for which application threads were stopped: 0,0004061 seconds, Stopping threads took: 0,0000523 seconds
2017-01-26T13:43:45.892+0100: 2,846: Total time for which application threads were stopped: 0,0017417 seconds, Stopping threads took: 0,0014431 seconds
{Heap before GC invocations=1 (full 0):
 par new generation   total 109248K, used 100433K [0x00000000e0000000, 0x00000000e8000000, 0x00000000e8000000)
  eden space 87424K, 100% used [0x00000000e0000000, 0x00000000e5560000, 0x00000000e5560000)
  from space 21824K,  59% used [0x00000000e6ab0000, 0x00000000e7764438, 0x00000000e8000000)
  to   space 21824K,   0% used [0x00000000e5560000, 0x00000000e5560000, 0x00000000e6ab0000)
 concurrent mark-sweep generation total 393216K, used 0K [0x00000000e8000000, 0x0000000100000000, 0x0000000100000000)
 Metaspace       used 20512K, capacity 20782K, committed 20992K, reserved 1067008K
  class space    used 2371K, capacity 2484K, committed 2560K, reserved 1048576K
2017-01-26T13:43:46.010+0100: 2,964: [GC (Allocation Failure) 2017-01-26T13:43:46.010+0100: 2,964: [ParNew
Desired survivor size 20112992 bytes, new threshold 8 (max 8)
- age   1:    3853264 bytes,    3853264 total
- age   2:    6654344 bytes,   10507608 total
: 100433K->13991K(109248K), 0,0101573 secs] 100433K->13991K(502464K), 0,0102333 secs] [Times: user=0,04 sys=0,00, real=0,01 secs] 
Heap after GC invocations=2 (full 0):
 par new generation   total 109248K, used 13991K [0x00000000e0000000, 0x00000000e8000000, 0x00000000e8000000)
  eden space 87424K,   0% used [0x00000000e0000000, 0x00000000e0000000, 0x00000000e5560000)
  from space 21824K,  64% used [0x00000000e5560000, 0x00000000e6309ef8, 0x00000000e6ab0000)
  to   space 21824K,   0% used [0x00000000e6ab0000, 0x00000000e6ab0000, 0x00000000e8000000)
 concurrent mark-sweep generation total 393216K, used 0K [0x00000000e8000000, 0x0000000100000000, 0x0000000100000000)
 Metaspace       used 20512K, capacity 20782K, committed 20992K, reserved 1067008K
  class space    used 2371K, capacity 2484K, committed 2560K, reserved 1048576K
}
2017-01-26T13:43:46.021+0100: 2,974: Total time for which application threads were stopped: 0,0109198 seconds, Stopping threads took: 0,0005340 seconds
2017-01-26T13:43:46.072+0100: 3,026: Total time for which application threads were stopped: 0,0001320 seconds, Stopping threads took: 0,0000235 seconds
2017-01-26T13:43:46.105+0100: 3,059: Total time for which application threads were stopped: 0,0001612 seconds, Stopping threads took: 0,0000679 seconds
2017-01-26T13:43:46.134+0100: 3,088: Total time for which application threads were stopped: 0,0055462 seconds, Stopping threads took: 0,0054466 seconds
{Heap before GC invocations=2 (full 0):
 par new generation   total 109248K, used 101415K [0x00000000e0000000, 0x00000000e8000000, 0x00000000e8000000)
  eden space 87424K, 100% used [0x00000000e0000000, 0x00000000e5560000, 0x00000000e5560000)
  from space 21824K,  64% used [0x00000000e5560000, 0x00000000e6309ef8, 0x00000000e6ab0000)
  to   space 21824K,   0% used [0x00000000e6ab0000, 0x00000000e6ab0000, 0x00000000e8000000)
 concurrent mark-sweep generation total 393216K, used 0K [0x00000000e8000000, 0x0000000100000000, 0x0000000100000000)
 Metaspace       used 21762K, capacity 22122K, committed 22216K, reserved 1069056K
  class space    used 2522K, capacity 2649K, committed 2684K, reserved 1048576K
2017-01-26T13:43:46.185+0100: 3,139: [GC (Allocation Failure) 2017-01-26T13:43:46.185+0100: 3,139: [ParNew
Desired survivor size 20112992 bytes, new threshold 8 (max 8)
- age   1:    1726176 bytes,    1726176 total
- age   2:    1604360 bytes,    3330536 total
- age   3:    6634464 bytes,    9965000 total
: 101415K->13155K(109248K), 0,0093523 secs] 101415K->13155K(502464K), 0,0094321 secs] [Times: user=0,04 sys=0,00, real=0,01 secs] 
Heap after GC invocations=3 (full 0):
 par new generation   total 109248K, used 13155K [0x00000000e0000000, 0x00000000e8000000, 0x00000000e8000000)
  eden space 87424K,   0% used [0x00000000e0000000, 0x00000000e0000000, 0x00000000e5560000)
  from space 21824K,  60% used [0x00000000e6ab0000, 0x00000000e7788d50, 0x00000000e8000000)
  to   space 21824K,   0% used [0x00000000e5560000, 0x00000000e5560000, 0x00000000e6ab0000)
 concurrent mark-sweep generation total 393216K, used 0K [0x00000000e8000000, 0x0000000100000000, 0x0000000100000000)
 Metaspace       used 21762K, capacity 22122K, committed 22216K, reserved 1069056K
  class space    used 2522K, capacity 2649K, committed 2684K, reserved 1048576K
}
2017-01-26T13:43:46.195+0100: 3,148: Total time for which application threads were stopped: 0,0105615 seconds, Stopping threads took: 0,0009943 seconds
2017-01-26T13:43:46.195+0100: 3,148: [GC (CMS Initial Mark) [1 CMS-initial-mark: 0K(393216K)] 14067K(502464K), 0,0026351 secs] [Times: user=0,01 sys=0,00, real=0,00 secs] 
2017-01-26T13:43:46.197+0100: 3,151: Total time for which application threads were stopped: 0,0027612 seconds, Stopping threads took: 0,0000443 seconds
2017-01-26T13:43:46.197+0100: 3,151: [CMS-concurrent-mark-start]
2017-01-26T13:43:46.198+0100: 3,152: [CMS-concurrent-mark: 0,001/0,001 secs] [Times: user=0,00 sys=0,00, real=0,00 secs] 
2017-01-26T13:43:46.199+0100: 3,152: [CMS-concurrent-preclean-start]
2017-01-26T13:43:46.200+0100: 3,154: [CMS-concurrent-preclean: 0,001/0,001 secs] [Times: user=0,01 sys=0,00, real=0,00 secs] 
2017-01-26T13:43:46.200+0100: 3,154: [CMS-concurrent-abortable-preclean-start]
2017-01-26T13:43:46.267+0100: 3,220: Total time for which application threads were stopped: 0,0001580 seconds, Stopping threads took: 0,0000709 seconds
2017-01-26T13:43:46.316+0100: 3,270: Total time for which application threads were stopped: 0,0004051 seconds, Stopping threads took: 0,0000470 seconds
2017-01-26T13:43:46.316+0100: 3,270: [CMS-concurrent-abortable-preclean: 0,067/0,116 secs] [Times: user=0,42 sys=0,00, real=0,12 secs] 
2017-01-26T13:43:46.316+0100: 3,270: [GC (CMS Final Remark) [YG occupancy: 93780 K (109248 K)]{Heap before GC invocations=3 (full 1):
 par new generation   total 109248K, used 93780K [0x00000000e0000000, 0x00000000e8000000, 0x00000000e8000000)
  eden space 87424K,  92% used [0x00000000e0000000, 0x00000000e4ebc460, 0x00000000e5560000)
  from space 21824K,  60% used [0x00000000e6ab0000, 0x00000000e7788d50, 0x00000000e8000000)
  to   space 21824K,   0% used [0x00000000e5560000, 0x00000000e5560000, 0x00000000e6ab0000)
 concurrent mark-sweep generation total 393216K, used 0K [0x00000000e8000000, 0x0000000100000000, 0x0000000100000000)
 Metaspace       used 22139K, capacity 22530K, committed 22624K, reserved 1069056K
  class space    used 2574K, capacity 2717K, committed 2760K, reserved 1048576K
2017-01-26T13:43:46.316+0100: 3,270: [GC (CMS Final Remark) 2017-01-26T13:43:46.316+0100: 3,270: [ParNew
Desired survivor size 20112992 bytes, new threshold 8 (max 8)
- age   1:     737192 bytes,     737192 total
- age   2:     376688 bytes,    1113880 total
- age   3:    1215272 bytes,    2329152 total
- age   4:    6634472 bytes,    8963624 total
: 93780K->11499K(109248K), 0,0133862 secs] 93780K->11499K(502464K), 0,0134480 secs] [Times: user=0,05 sys=0,00, real=0,01 secs] 
Heap after GC invocations=4 (full 1):
 par new generation   total 109248K, used 11499K [0x00000000e0000000, 0x00000000e8000000, 0x00000000e8000000)
  eden space 87424K,   0% used [0x00000000e0000000, 0x00000000e0000000, 0x00000000e5560000)
  from space 21824K,  52% used [0x00000000e5560000, 0x00000000e609af00, 0x00000000e6ab0000)
  to   space 21824K,   0% used [0x00000000e6ab0000, 0x00000000e6ab0000, 0x00000000e8000000)
 concurrent mark-sweep generation total 393216K, used 0K [0x00000000e8000000, 0x0000000100000000, 0x0000000100000000)
 Metaspace       used 22139K, capacity 22530K, committed 22624K, reserved 1069056K
  class space    used 2574K, capacity 2717K, committed 2760K, reserved 1048576K
}
2017-01-26T13:43:46.330+0100: 3,283: [Rescan (parallel) , 0,0033485 secs]2017-01-26T13:43:46.333+0100: 3,287: [weak refs processing, 0,0003956 secs]2017-01-26T13:43:46.333+0100: 3,287: [class unloading, 0,0030059 secs]2017-01-26T13:43:46.336+0100: 3,290: [scrub symbol table, 0,0028266 secs]2017-01-26T13:43:46.339+0100: 3,293: [scrub string table, 0,0003692 secs][1 CMS-remark: 0K(393216K)] 11499K(502464K), 0,0240699 secs] [Times: user=0,07 sys=0,00, real=0,02 secs] 
2017-01-26T13:43:46.340+0100: 3,294: Total time for which application threads were stopped: 0,0242397 seconds, Stopping threads took: 0,0000956 seconds
2017-01-26T13:43:46.340+0100: 3,294: [CMS-concurrent-sweep-start]
2017-01-26T13:43:46.340+0100: 3,294: [CMS-concurrent-sweep: 0,000/0,000 secs] [Times: user=0,00 sys=0,00, real=0,00 secs] 
2017-01-26T13:43:46.340+0100: 3,294: [CMS-concurrent-reset-start]
2017-01-26T13:43:46.342+0100: 3,296: [CMS-concurrent-reset: 0,002/0,002 secs] [Times: user=0,00 sys=0,00, real=0,01 secs] 
2017-01-26T13:43:46.573+0100: 3,527: Total time for which application threads were stopped: 0,0005193 seconds, Stopping threads took: 0,0000532 seconds
2017-01-26T13:43:46.587+0100: 3,541: Total time for which application threads were stopped: 0,0004784 seconds, Stopping threads took: 0,0001543 seconds
{Heap before GC invocations=4 (full 1):
 par new generation   total 109248K, used 98923K [0x00000000e0000000, 0x00000000e8000000, 0x00000000e8000000)
  eden space 87424K, 100% used [0x00000000e0000000, 0x00000000e5560000, 0x00000000e5560000)
  from space 21824K,  52% used [0x00000000e5560000, 0x00000000e609af00, 0x00000000e6ab0000)
  to   space 21824K,   0% used [0x00000000e6ab0000, 0x00000000e6ab0000, 0x00000000e8000000)
 concurrent mark-sweep generation total 393216K, used 0K [0x00000000e8000000, 0x0000000100000000, 0x0000000100000000)
 Metaspace       used 25469K, capacity 25796K, committed 25928K, reserved 1073152K
  class space    used 2994K, capacity 3124K, committed 3144K, reserved 1048576K
2017-01-26T13:43:46.748+0100: 3,701: [GC (Allocation Failure) 2017-01-26T13:43:46.748+0100: 3,701: [ParNew
Desired survivor size 20112992 bytes, new threshold 8 (max 8)
- age   1:    4488648 bytes,    4488648 total
- age   2:     167872 bytes,    4656520 total
- age   3:     365720 bytes,    5022240 total
- age   4:     654096 bytes,    5676336 total
- age   5:    6628440 bytes,   12304776 total
: 98923K->14820K(109248K), 0,0180259 secs] 98923K->14820K(502464K), 0,0181088 secs] [Times: user=0,05 sys=0,00, real=0,02 secs] 
Heap after GC invocations=5 (full 1):
 par new generation   total 109248K, used 14820K [0x00000000e0000000, 0x00000000e8000000, 0x00000000e8000000)
  eden space 87424K,   0% used [0x00000000e0000000, 0x00000000e0000000, 0x00000000e5560000)
  from space 21824K,  67% used [0x00000000e6ab0000, 0x00000000e79292d8, 0x00000000e8000000)
  to   space 21824K,   0% used [0x00000000e5560000, 0x00000000e5560000, 0x00000000e6ab0000)
 concurrent mark-sweep generation total 393216K, used 0K [0x00000000e8000000, 0x0000000100000000, 0x0000000100000000)
 Metaspace       used 25469K, capacity 25796K, committed 25928K, reserved 1073152K
  class space    used 2994K, capacity 3124K, committed 3144K, reserved 1048576K
}
2017-01-26T13:43:46.766+0100: 3,719: Total time for which application threads were stopped: 0,0184607 seconds, Stopping threads took: 0,0001482 seconds
2017-01-26T13:43:46.967+0100: 3,921: Total time for which application threads were stopped: 0,0003811 seconds, Stopping threads took: 0,0000214 seconds
2017-01-26T13:43:47.096+0100: 4,050: Total time for which application threads were stopped: 0,0003281 seconds, Stopping threads took: 0,0000166 seconds
2017-01-26T13:44:15.100+0100: 32,054: Total time for which application threads were stopped: 0,0000723 seconds, Stopping threads took: 0,0000283 seconds
2017-01-26T13:46:16.115+0100: 153,069: Total time for which application threads were stopped: 0,0001742 seconds, Stopping threads took: 0,0001088 seconds
2017-01-26T13:46:21.116+0100: 158,069: Total time for which application threads were stopped: 0,0000860 seconds, Stopping threads took: 0,0000200 seconds
2017-01-26T14:07:19.243+0100: 1416,197: Total time for which application threads were stopped: 0,0000991 seconds, Stopping threads took: 0,0000384 seconds
2017-01-26T14:12:34.275+0100: 1731,229: Total time for which application threads were stopped: 0,0000790 seconds, Stopping threads took: 0,0000327 seconds
2017-01-26T14:22:19.336+0100: 2316,290: Total time for which application threads were stopped: 0,0000942 seconds, Stopping threads took: 0,0000370 seconds
2017-01-26T14:22:21.336+0100: 2318,290: Total time for which application threads were stopped: 0,0000771 seconds, Stopping threads took: 0,0000285 seconds
2017-01-26T14:37:00.423+0100: 3197,377: Total time for which application threads were stopped: 0,0000821 seconds, Stopping threads took: 0,0000341 seconds
2017-01-26T14:48:34.490+0100: 3891,444: Total time for which application threads were stopped: 0,0001124 seconds, Stopping threads took: 0,0000477 seconds
2017-01-26T14:48:39.491+0100: 3896,444: Total time for which application threads were stopped: 0,0000562 seconds, Stopping threads took: 0,0000143 seconds
2017-01-26T14:50:44.503+0100: 4021,457: Total time for which application threads were stopped: 0,0000829 seconds, Stopping threads took: 0,0000310 seconds
2017-01-26T15:03:14.575+0100: 4771,529: Total time for which application threads were stopped: 0,0000831 seconds, Stopping threads took: 0,0000338 seconds
2017-01-26T15:03:35.577+0100: 4792,530: Total time for which application threads were stopped: 0,0000581 seconds, Stopping threads took: 0,0000140 seconds
2017-01-26T15:19:30.670+0100: 5747,624: Total time for which application threads were stopped: 0,0001413 seconds, Stopping threads took: 0,0000374 seconds
2017-01-26T15:19:35.671+0100: 5752,625: Total time for which application threads were stopped: 0,0000873 seconds, Stopping threads took: 0,0000349 seconds
2017-01-26T15:19:45.672+0100: 5762,626: Total time for which application threads were stopped: 0,0000799 seconds, Stopping threads took: 0,0000190 seconds
2017-01-26T15:27:44.723+0100: 6241,677: Total time for which application threads were stopped: 0,0000962 seconds, Stopping threads took: 0,0000368 seconds
2017-01-26T15:32:53.027+0100: 6549,981: Total time for which application threads were stopped: 0,0002221 seconds, Stopping threads took: 0,0000510 seconds
Heap
 par new generation   total 109248K, used 81356K [0x00000000e0000000, 0x00000000e8000000, 0x00000000e8000000)
  eden space 87424K,  76% used [0x00000000e0000000, 0x00000000e40f9ea0, 0x00000000e5560000)
  from space 21824K,  67% used [0x00000000e6ab0000, 0x00000000e79292d8, 0x00000000e8000000)
  to   space 21824K,   0% used [0x00000000e5560000, 0x00000000e5560000, 0x00000000e6ab0000)
 concurrent mark-sweep generation total 393216K, used 0K [0x00000000e8000000, 0x0000000100000000, 0x0000000100000000)
 Metaspace       used 28817K, capacity 29274K, committed 29640K, reserved 1075200K
  class space    used 3340K, capacity 3489K, committed 3528K, reserved 1048576K
