OpenJDK 64-Bit Server VM (25.131-b11) for linux-amd64 JRE (1.8.0_131-8u131-b11-0ubuntu1.16.04.2-b11), built on May  6 2017 02:45:27 by "buildd" with gcc 5.4.0 20160609
Memory: 4k page, physical 7867740k(7413656k free), swap 8076284k(8076284k free)
CommandLine flags: -XX:CMSInitiatingOccupancyFraction=50 -XX:CMSMaxAbortablePrecleanTime=6000 -XX:+CMSParallelRemarkEnabled -XX:+CMSScavengeBeforeRemark -XX:ConcGCThreads=4 -XX:InitialHeapSize=536870912 -XX:MaxHeapSize=536870912 -XX:MaxTenuringThreshold=8 -XX:NewRatio=3 -XX:OldPLABSize=16 -XX:OnOutOfMemoryError=/opt/solr/bin/oom_solr.sh 8983 /var/solr/logs -XX:ParallelGCThreads=4 -XX:+ParallelRefProcEnabled -XX:PretenureSizeThreshold=67108864 -XX:+PrintGC -XX:+PrintGCApplicationStoppedTime -XX:+PrintGCDateStamps -XX:+PrintGCDetails -XX:+PrintGCTimeStamps -XX:+PrintHeapAtGC -XX:+PrintTenuringDistribution -XX:SurvivorRatio=4 -XX:TargetSurvivorRatio=90 -XX:ThreadStackSize=256 -XX:+UseCMSInitiatingOccupancyOnly -XX:+UseCompressedClassPointers -XX:+UseCompressedOops -XX:+UseConcMarkSweepGC -XX:+UseParNewGC 
2017-06-10T07:24:52.237+0200: 0,139: Total time for which application threads were stopped: 0,0000638 seconds, Stopping threads took: 0,0000119 seconds
2017-06-10T07:24:52.316+0200: 0,218: Total time for which application threads were stopped: 0,0001133 seconds, Stopping threads took: 0,0000160 seconds
2017-06-10T07:24:52.329+0200: 0,231: Total time for which application threads were stopped: 0,0000884 seconds, Stopping threads took: 0,0000241 seconds
2017-06-10T07:24:52.558+0200: 0,460: Total time for which application threads were stopped: 0,0001657 seconds, Stopping threads took: 0,0000207 seconds
2017-06-10T07:24:52.977+0200: 0,879: Total time for which application threads were stopped: 0,0001704 seconds, Stopping threads took: 0,0000243 seconds
2017-06-10T07:24:53.132+0200: 1,035: Total time for which application threads were stopped: 0,0002306 seconds, Stopping threads took: 0,0000357 seconds
2017-06-10T07:24:53.222+0200: 1,125: Total time for which application threads were stopped: 0,0002005 seconds, Stopping threads took: 0,0000408 seconds
2017-06-10T07:24:53.555+0200: 1,457: Total time for which application threads were stopped: 0,0002090 seconds, Stopping threads took: 0,0000437 seconds
2017-06-10T07:24:53.792+0200: 1,694: Total time for which application threads were stopped: 0,0002112 seconds, Stopping threads took: 0,0000231 seconds
2017-06-10T07:24:53.822+0200: 1,724: Total time for which application threads were stopped: 0,0001590 seconds, Stopping threads took: 0,0000118 seconds
2017-06-10T07:24:53.855+0200: 1,757: Total time for which application threads were stopped: 0,0001923 seconds, Stopping threads took: 0,0000196 seconds
2017-06-10T07:24:53.856+0200: 1,758: Total time for which application threads were stopped: 0,0001705 seconds, Stopping threads took: 0,0000146 seconds
2017-06-10T07:24:53.876+0200: 1,778: Total time for which application threads were stopped: 0,0001782 seconds, Stopping threads took: 0,0000132 seconds
2017-06-10T07:24:53.963+0200: 1,865: Total time for which application threads were stopped: 0,0002362 seconds, Stopping threads took: 0,0000200 seconds
2017-06-10T07:24:54.124+0200: 2,026: Total time for which application threads were stopped: 0,0003278 seconds, Stopping threads took: 0,0001219 seconds
{Heap before GC invocations=0 (full 0):
 par new generation   total 109248K, used 87424K [0x00000000e0000000, 0x00000000e8000000, 0x00000000e8000000)
  eden space 87424K, 100% used [0x00000000e0000000, 0x00000000e5560000, 0x00000000e5560000)
  from space 21824K,   0% used [0x00000000e5560000, 0x00000000e5560000, 0x00000000e6ab0000)
  to   space 21824K,   0% used [0x00000000e6ab0000, 0x00000000e6ab0000, 0x00000000e8000000)
 concurrent mark-sweep generation total 393216K, used 0K [0x00000000e8000000, 0x0000000100000000, 0x0000000100000000)
 Metaspace       used 18213K, capacity 18528K, committed 18688K, reserved 1064960K
  class space    used 2059K, capacity 2196K, committed 2304K, reserved 1048576K
2017-06-10T07:24:54.228+0200: 2,130: [GC (Allocation Failure) 2017-06-10T07:24:54.228+0200: 2,130: [ParNew
Desired survivor size 20112992 bytes, new threshold 8 (max 8)
- age   1:   12817928 bytes,   12817928 total
: 87424K->12623K(109248K), 0,0251662 secs] 87424K->12623K(502464K), 0,0252487 secs] [Times: user=0,06 sys=0,02, real=0,02 secs] 
Heap after GC invocations=1 (full 0):
 par new generation   total 109248K, used 12623K [0x00000000e0000000, 0x00000000e8000000, 0x00000000e8000000)
  eden space 87424K,   0% used [0x00000000e0000000, 0x00000000e0000000, 0x00000000e5560000)
  from space 21824K,  57% used [0x00000000e6ab0000, 0x00000000e7703c60, 0x00000000e8000000)
  to   space 21824K,   0% used [0x00000000e5560000, 0x00000000e5560000, 0x00000000e6ab0000)
 concurrent mark-sweep generation total 393216K, used 0K [0x00000000e8000000, 0x0000000100000000, 0x0000000100000000)
 Metaspace       used 18213K, capacity 18528K, committed 18688K, reserved 1064960K
  class space    used 2059K, capacity 2196K, committed 2304K, reserved 1048576K
}
2017-06-10T07:24:54.253+0200: 2,155: Total time for which application threads were stopped: 0,0254727 seconds, Stopping threads took: 0,0000289 seconds
2017-06-10T07:24:54.543+0200: 2,445: Total time for which application threads were stopped: 0,0003061 seconds, Stopping threads took: 0,0000485 seconds
{Heap before GC invocations=1 (full 0):
 par new generation   total 109248K, used 100047K [0x00000000e0000000, 0x00000000e8000000, 0x00000000e8000000)
  eden space 87424K, 100% used [0x00000000e0000000, 0x00000000e5560000, 0x00000000e5560000)
  from space 21824K,  57% used [0x00000000e6ab0000, 0x00000000e7703c60, 0x00000000e8000000)
  to   space 21824K,   0% used [0x00000000e5560000, 0x00000000e5560000, 0x00000000e6ab0000)
 concurrent mark-sweep generation total 393216K, used 0K [0x00000000e8000000, 0x0000000100000000, 0x0000000100000000)
 Metaspace       used 20046K, capacity 20364K, committed 20736K, reserved 1067008K
  class space    used 2297K, capacity 2470K, committed 2560K, reserved 1048576K
2017-06-10T07:24:54.595+0200: 2,497: [GC (Allocation Failure) 2017-06-10T07:24:54.595+0200: 2,498: [ParNew
Desired survivor size 20112992 bytes, new threshold 8 (max 8)
- age   1:    3440152 bytes,    3440152 total
- age   2:    6693248 bytes,   10133400 total
: 100047K->13927K(109248K), 0,0096344 secs] 100047K->13927K(502464K), 0,0097017 secs] [Times: user=0,03 sys=0,00, real=0,00 secs] 
Heap after GC invocations=2 (full 0):
 par new generation   total 109248K, used 13927K [0x00000000e0000000, 0x00000000e8000000, 0x00000000e8000000)
  eden space 87424K,   0% used [0x00000000e0000000, 0x00000000e0000000, 0x00000000e5560000)
  from space 21824K,  63% used [0x00000000e5560000, 0x00000000e62f9c68, 0x00000000e6ab0000)
  to   space 21824K,   0% used [0x00000000e6ab0000, 0x00000000e6ab0000, 0x00000000e8000000)
 concurrent mark-sweep generation total 393216K, used 0K [0x00000000e8000000, 0x0000000100000000, 0x0000000100000000)
 Metaspace       used 20046K, capacity 20364K, committed 20736K, reserved 1067008K
  class space    used 2297K, capacity 2470K, committed 2560K, reserved 1048576K
}
2017-06-10T07:24:54.605+0200: 2,507: Total time for which application threads were stopped: 0,0099178 seconds, Stopping threads took: 0,0000778 seconds
2017-06-10T07:24:54.606+0200: 2,508: Total time for which application threads were stopped: 0,0002984 seconds, Stopping threads took: 0,0000530 seconds
2017-06-10T07:24:54.636+0200: 2,538: Total time for which application threads were stopped: 0,0003400 seconds, Stopping threads took: 0,0000792 seconds
2017-06-10T07:24:54.774+0200: 2,676: Total time for which application threads were stopped: 0,0002113 seconds, Stopping threads took: 0,0000426 seconds
{Heap before GC invocations=2 (full 0):
 par new generation   total 109248K, used 101351K [0x00000000e0000000, 0x00000000e8000000, 0x00000000e8000000)
  eden space 87424K, 100% used [0x00000000e0000000, 0x00000000e5560000, 0x00000000e5560000)
  from space 21824K,  63% used [0x00000000e5560000, 0x00000000e62f9c68, 0x00000000e6ab0000)
  to   space 21824K,   0% used [0x00000000e6ab0000, 0x00000000e6ab0000, 0x00000000e8000000)
 concurrent mark-sweep generation total 393216K, used 0K [0x00000000e8000000, 0x0000000100000000, 0x0000000100000000)
 Metaspace       used 20989K, capacity 21350K, committed 21628K, reserved 1069056K
  class space    used 2422K, capacity 2589K, committed 2684K, reserved 1048576K
2017-06-10T07:24:54.817+0200: 2,719: [GC (Allocation Failure) 2017-06-10T07:24:54.817+0200: 2,719: [ParNew
Desired survivor size 20112992 bytes, new threshold 8 (max 8)
- age   1:    2092304 bytes,    2092304 total
- age   2:     826928 bytes,    2919232 total
- age   3:    6687824 bytes,    9607056 total
: 101351K->12826K(109248K), 0,0138919 secs] 101351K->12826K(502464K), 0,0139924 secs] [Times: user=0,05 sys=0,00, real=0,01 secs] 
Heap after GC invocations=3 (full 0):
 par new generation   total 109248K, used 12826K [0x00000000e0000000, 0x00000000e8000000, 0x00000000e8000000)
  eden space 87424K,   0% used [0x00000000e0000000, 0x00000000e0000000, 0x00000000e5560000)
  from space 21824K,  58% used [0x00000000e6ab0000, 0x00000000e7736910, 0x00000000e8000000)
  to   space 21824K,   0% used [0x00000000e5560000, 0x00000000e5560000, 0x00000000e6ab0000)
 concurrent mark-sweep generation total 393216K, used 0K [0x00000000e8000000, 0x0000000100000000, 0x0000000100000000)
 Metaspace       used 20989K, capacity 21350K, committed 21628K, reserved 1069056K
  class space    used 2422K, capacity 2589K, committed 2684K, reserved 1048576K
}
2017-06-10T07:24:54.831+0200: 2,733: Total time for which application threads were stopped: 0,0142337 seconds, Stopping threads took: 0,0000548 seconds
2017-06-10T07:24:54.845+0200: 2,747: [GC (CMS Initial Mark) [1 CMS-initial-mark: 0K(393216K)] 26631K(502464K), 0,0085763 secs] [Times: user=0,02 sys=0,00, real=0,01 secs] 
2017-06-10T07:24:54.853+0200: 2,755: Total time for which application threads were stopped: 0,0088067 seconds, Stopping threads took: 0,0001058 seconds
2017-06-10T07:24:54.853+0200: 2,755: [CMS-concurrent-mark-start]
2017-06-10T07:24:54.854+0200: 2,756: [CMS-concurrent-mark: 0,001/0,001 secs] [Times: user=0,01 sys=0,00, real=0,00 secs] 
2017-06-10T07:24:54.854+0200: 2,756: [CMS-concurrent-preclean-start]
2017-06-10T07:24:54.855+0200: 2,757: [CMS-concurrent-preclean: 0,001/0,001 secs] [Times: user=0,00 sys=0,00, real=0,01 secs] 
2017-06-10T07:24:54.855+0200: 2,757: [CMS-concurrent-abortable-preclean-start]
2017-06-10T07:24:54.923+0200: 2,826: Total time for which application threads were stopped: 0,0001395 seconds, Stopping threads took: 0,0000599 seconds
{Heap before GC invocations=3 (full 1):
 par new generation   total 109248K, used 100250K [0x00000000e0000000, 0x00000000e8000000, 0x00000000e8000000)
  eden space 87424K, 100% used [0x00000000e0000000, 0x00000000e5560000, 0x00000000e5560000)
  from space 21824K,  58% used [0x00000000e6ab0000, 0x00000000e7736910, 0x00000000e8000000)
  to   space 21824K,   0% used [0x00000000e5560000, 0x00000000e5560000, 0x00000000e6ab0000)
 concurrent mark-sweep generation total 393216K, used 0K [0x00000000e8000000, 0x0000000100000000, 0x0000000100000000)
 Metaspace       used 21251K, capacity 21638K, committed 21884K, reserved 1069056K
  class space    used 2449K, capacity 2606K, committed 2684K, reserved 1048576K
2017-06-10T07:24:54.974+0200: 2,877: [GC (Allocation Failure) 2017-06-10T07:24:54.974+0200: 2,877: [ParNew
Desired survivor size 20112992 bytes, new threshold 8 (max 8)
- age   1:     994408 bytes,     994408 total
- age   2:    1453296 bytes,    2447704 total
- age   3:     793664 bytes,    3241368 total
- age   4:    6687904 bytes,    9929272 total
: 100250K->12358K(109248K), 0,0127820 secs] 100250K->12358K(502464K), 0,0128570 secs] [Times: user=0,05 sys=0,00, real=0,01 secs] 
Heap after GC invocations=4 (full 1):
 par new generation   total 109248K, used 12358K [0x00000000e0000000, 0x00000000e8000000, 0x00000000e8000000)
  eden space 87424K,   0% used [0x00000000e0000000, 0x00000000e0000000, 0x00000000e5560000)
  from space 21824K,  56% used [0x00000000e5560000, 0x00000000e6171970, 0x00000000e6ab0000)
  to   space 21824K,   0% used [0x00000000e6ab0000, 0x00000000e6ab0000, 0x00000000e8000000)
 concurrent mark-sweep generation total 393216K, used 0K [0x00000000e8000000, 0x0000000100000000, 0x0000000100000000)
 Metaspace       used 21251K, capacity 21638K, committed 21884K, reserved 1069056K
  class space    used 2449K, capacity 2606K, committed 2684K, reserved 1048576K
}
2017-06-10T07:24:54.987+0200: 2,889: Total time for which application threads were stopped: 0,0137196 seconds, Stopping threads took: 0,0007050 seconds
{Heap before GC invocations=4 (full 1):
 par new generation   total 109248K, used 99782K [0x00000000e0000000, 0x00000000e8000000, 0x00000000e8000000)
  eden space 87424K, 100% used [0x00000000e0000000, 0x00000000e5560000, 0x00000000e5560000)
  from space 21824K,  56% used [0x00000000e5560000, 0x00000000e6171970, 0x00000000e6ab0000)
  to   space 21824K,   0% used [0x00000000e6ab0000, 0x00000000e6ab0000, 0x00000000e8000000)
 concurrent mark-sweep generation total 393216K, used 0K [0x00000000e8000000, 0x0000000100000000, 0x0000000100000000)
 Metaspace       used 21418K, capacity 21810K, committed 21884K, reserved 1069056K
  class space    used 2469K, capacity 2640K, committed 2684K, reserved 1048576K
2017-06-10T07:24:55.087+0200: 2,989: [GC (Allocation Failure) 2017-06-10T07:24:55.087+0200: 2,989: [ParNew
Desired survivor size 20112992 bytes, new threshold 8 (max 8)
- age   1:     450080 bytes,     450080 total
- age   2:     188552 bytes,     638632 total
- age   3:    1452568 bytes,    2091200 total
- age   4:     793568 bytes,    2884768 total
- age   5:    6687912 bytes,    9572680 total
: 99782K->14889K(109248K), 0,0101649 secs] 99782K->14889K(502464K), 0,0102554 secs] [Times: user=0,04 sys=0,00, real=0,01 secs] 
Heap after GC invocations=5 (full 1):
 par new generation   total 109248K, used 14889K [0x00000000e0000000, 0x00000000e8000000, 0x00000000e8000000)
  eden space 87424K,   0% used [0x00000000e0000000, 0x00000000e0000000, 0x00000000e5560000)
  from space 21824K,  68% used [0x00000000e6ab0000, 0x00000000e793a588, 0x00000000e8000000)
  to   space 21824K,   0% used [0x00000000e5560000, 0x00000000e5560000, 0x00000000e6ab0000)
 concurrent mark-sweep generation total 393216K, used 0K [0x00000000e8000000, 0x0000000100000000, 0x0000000100000000)
 Metaspace       used 21418K, capacity 21810K, committed 21884K, reserved 1069056K
  class space    used 2469K, capacity 2640K, committed 2684K, reserved 1048576K
}
2017-06-10T07:24:55.097+0200: 2,999: Total time for which application threads were stopped: 0,0104712 seconds, Stopping threads took: 0,0000753 seconds
2017-06-10T07:24:55.097+0200: 2,999: [CMS-concurrent-abortable-preclean: 0,149/0,242 secs] [Times: user=0,91 sys=0,01, real=0,24 secs] 
2017-06-10T07:24:55.097+0200: 2,999: [GC (CMS Final Remark) [YG occupancy: 16150 K (109248 K)]{Heap before GC invocations=5 (full 1):
 par new generation   total 109248K, used 16150K [0x00000000e0000000, 0x00000000e8000000, 0x00000000e8000000)
  eden space 87424K,   1% used [0x00000000e0000000, 0x00000000e013b658, 0x00000000e5560000)
  from space 21824K,  68% used [0x00000000e6ab0000, 0x00000000e793a588, 0x00000000e8000000)
  to   space 21824K,   0% used [0x00000000e5560000, 0x00000000e5560000, 0x00000000e6ab0000)
 concurrent mark-sweep generation total 393216K, used 0K [0x00000000e8000000, 0x0000000100000000, 0x0000000100000000)
 Metaspace       used 21418K, capacity 21810K, committed 21884K, reserved 1069056K
  class space    used 2469K, capacity 2640K, committed 2684K, reserved 1048576K
2017-06-10T07:24:55.097+0200: 2,999: [GC (CMS Final Remark) 2017-06-10T07:24:55.097+0200: 2,999: [ParNew
Desired survivor size 20112992 bytes, new threshold 8 (max 8)
- age   1:     147640 bytes,     147640 total
- age   2:     326552 bytes,     474192 total
- age   3:     188552 bytes,     662744 total
- age   4:    1452568 bytes,    2115312 total
- age   5:     793568 bytes,    2908880 total
- age   6:    6687832 bytes,    9596712 total
: 16150K->11160K(109248K), 0,0106967 secs] 16150K->11160K(502464K), 0,0107432 secs] [Times: user=0,04 sys=0,00, real=0,01 secs] 
Heap after GC invocations=6 (full 1):
 par new generation   total 109248K, used 11160K [0x00000000e0000000, 0x00000000e8000000, 0x00000000e8000000)
  eden space 87424K,   0% used [0x00000000e0000000, 0x00000000e0000000, 0x00000000e5560000)
  from space 21824K,  51% used [0x00000000e5560000, 0x00000000e6046140, 0x00000000e6ab0000)
  to   space 21824K,   0% used [0x00000000e6ab0000, 0x00000000e6ab0000, 0x00000000e8000000)
 concurrent mark-sweep generation total 393216K, used 0K [0x00000000e8000000, 0x0000000100000000, 0x0000000100000000)
 Metaspace       used 21418K, capacity 21810K, committed 21884K, reserved 1069056K
  class space    used 2469K, capacity 2640K, committed 2684K, reserved 1048576K
}
2017-06-10T07:24:55.108+0200: 3,010: [Rescan (parallel) , 0,0035285 secs]2017-06-10T07:24:55.112+0200: 3,014: [weak refs processing, 0,0005395 secs]2017-06-10T07:24:55.112+0200: 3,014: [class unloading, 0,0029004 secs]2017-06-10T07:24:55.115+0200: 3,017: [scrub symbol table, 0,0030692 secs]2017-06-10T07:24:55.118+0200: 3,020: [scrub string table, 0,0003743 secs][1 CMS-remark: 0K(393216K)] 11160K(502464K), 0,0218118 secs] [Times: user=0,06 sys=0,00, real=0,02 secs] 
2017-06-10T07:24:55.119+0200: 3,021: Total time for which application threads were stopped: 0,0219482 seconds, Stopping threads took: 0,0000537 seconds
2017-06-10T07:24:55.119+0200: 3,021: [CMS-concurrent-sweep-start]
2017-06-10T07:24:55.119+0200: 3,021: [CMS-concurrent-sweep: 0,000/0,000 secs] [Times: user=0,00 sys=0,00, real=0,00 secs] 
2017-06-10T07:24:55.119+0200: 3,021: [CMS-concurrent-reset-start]
2017-06-10T07:24:55.121+0200: 3,023: [CMS-concurrent-reset: 0,002/0,002 secs] [Times: user=0,00 sys=0,00, real=0,00 secs] 
2017-06-10T07:24:55.148+0200: 3,050: Total time for which application threads were stopped: 0,0003142 seconds, Stopping threads took: 0,0000186 seconds
2017-06-10T07:24:55.365+0200: 3,267: Total time for which application threads were stopped: 0,0004046 seconds, Stopping threads took: 0,0000242 seconds
2017-06-10T07:24:55.376+0200: 3,278: Total time for which application threads were stopped: 0,0003600 seconds, Stopping threads took: 0,0000258 seconds
{Heap before GC invocations=6 (full 1):
 par new generation   total 109248K, used 98584K [0x00000000e0000000, 0x00000000e8000000, 0x00000000e8000000)
  eden space 87424K, 100% used [0x00000000e0000000, 0x00000000e5560000, 0x00000000e5560000)
  from space 21824K,  51% used [0x00000000e5560000, 0x00000000e6046140, 0x00000000e6ab0000)
  to   space 21824K,   0% used [0x00000000e6ab0000, 0x00000000e6ab0000, 0x00000000e8000000)
 concurrent mark-sweep generation total 393216K, used 0K [0x00000000e8000000, 0x0000000100000000, 0x0000000100000000)
 Metaspace       used 23777K, capacity 24244K, committed 24572K, reserved 1071104K
  class space    used 2796K, capacity 2983K, committed 3068K, reserved 1048576K
2017-06-10T07:24:55.540+0200: 3,442: [GC (Allocation Failure) 2017-06-10T07:24:55.540+0200: 3,442: [ParNew
Desired survivor size 20112992 bytes, new threshold 8 (max 8)
- age   1:    5138448 bytes,    5138448 total
- age   3:     118976 bytes,    5257424 total
- age   4:     187384 bytes,    5444808 total
- age   5:     282952 bytes,    5727760 total
- age   6:     767448 bytes,    6495208 total
- age   7:    6679456 bytes,   13174664 total
: 98584K->16289K(109248K), 0,0153751 secs] 98584K->16289K(502464K), 0,0154511 secs] [Times: user=0,06 sys=0,00, real=0,02 secs] 
Heap after GC invocations=7 (full 1):
 par new generation   total 109248K, used 16289K [0x00000000e0000000, 0x00000000e8000000, 0x00000000e8000000)
  eden space 87424K,   0% used [0x00000000e0000000, 0x00000000e0000000, 0x00000000e5560000)
  from space 21824K,  74% used [0x00000000e6ab0000, 0x00000000e7a98700, 0x00000000e8000000)
  to   space 21824K,   0% used [0x00000000e5560000, 0x00000000e5560000, 0x00000000e6ab0000)
 concurrent mark-sweep generation total 393216K, used 0K [0x00000000e8000000, 0x0000000100000000, 0x0000000100000000)
 Metaspace       used 23777K, capacity 24244K, committed 24572K, reserved 1071104K
  class space    used 2796K, capacity 2983K, committed 3068K, reserved 1048576K
}
2017-06-10T07:24:55.556+0200: 3,458: Total time for which application threads were stopped: 0,0157624 seconds, Stopping threads took: 0,0000882 seconds
{Heap before GC invocations=7 (full 1):
 par new generation   total 109248K, used 103713K [0x00000000e0000000, 0x00000000e8000000, 0x00000000e8000000)
  eden space 87424K, 100% used [0x00000000e0000000, 0x00000000e5560000, 0x00000000e5560000)
  from space 21824K,  74% used [0x00000000e6ab0000, 0x00000000e7a98700, 0x00000000e8000000)
  to   space 21824K,   0% used [0x00000000e5560000, 0x00000000e5560000, 0x00000000e6ab0000)
 concurrent mark-sweep generation total 393216K, used 0K [0x00000000e8000000, 0x0000000100000000, 0x0000000100000000)
 Metaspace       used 24422K, capacity 24890K, committed 25084K, reserved 1071104K
  class space    used 2861K, capacity 3048K, committed 3068K, reserved 1048576K
2017-06-10T07:24:55.657+0200: 3,559: [GC (Allocation Failure) 2017-06-10T07:24:55.657+0200: 3,559: [ParNew
Desired survivor size 20112992 bytes, new threshold 8 (max 8)
- age   1:    1954120 bytes,    1954120 total
- age   2:    1771928 bytes,    3726048 total
- age   4:      55312 bytes,    3781360 total
- age   5:     100592 bytes,    3881952 total
- age   6:     185336 bytes,    4067288 total
- age   7:     725984 bytes,    4793272 total
- age   8:    6146360 bytes,   10939632 total
: 103713K->17528K(109248K), 0,0112994 secs] 103713K->17528K(502464K), 0,0113805 secs] [Times: user=0,04 sys=0,00, real=0,01 secs] 
Heap after GC invocations=8 (full 1):
 par new generation   total 109248K, used 17528K [0x00000000e0000000, 0x00000000e8000000, 0x00000000e8000000)
  eden space 87424K,   0% used [0x00000000e0000000, 0x00000000e0000000, 0x00000000e5560000)
  from space 21824K,  80% used [0x00000000e5560000, 0x00000000e667e1c0, 0x00000000e6ab0000)
  to   space 21824K,   0% used [0x00000000e6ab0000, 0x00000000e6ab0000, 0x00000000e8000000)
 concurrent mark-sweep generation total 393216K, used 0K [0x00000000e8000000, 0x0000000100000000, 0x0000000100000000)
 Metaspace       used 24422K, capacity 24890K, committed 25084K, reserved 1071104K
  class space    used 2861K, capacity 3048K, committed 3068K, reserved 1048576K
}
2017-06-10T07:24:55.668+0200: 3,570: Total time for which application threads were stopped: 0,0136808 seconds, Stopping threads took: 0,0021174 seconds
{Heap before GC invocations=8 (full 1):
 par new generation   total 109248K, used 104952K [0x00000000e0000000, 0x00000000e8000000, 0x00000000e8000000)
  eden space 87424K, 100% used [0x00000000e0000000, 0x00000000e5560000, 0x00000000e5560000)
  from space 21824K,  80% used [0x00000000e5560000, 0x00000000e667e1c0, 0x00000000e6ab0000)
  to   space 21824K,   0% used [0x00000000e6ab0000, 0x00000000e6ab0000, 0x00000000e8000000)
 concurrent mark-sweep generation total 393216K, used 0K [0x00000000e8000000, 0x0000000100000000, 0x0000000100000000)
 Metaspace       used 24626K, capacity 25140K, committed 25468K, reserved 1071104K
  class space    used 2881K, capacity 3085K, committed 3196K, reserved 1048576K
2017-06-10T07:24:55.775+0200: 3,677: [GC (Allocation Failure) 2017-06-10T07:24:55.775+0200: 3,677: [ParNew
Desired survivor size 20112992 bytes, new threshold 8 (max 8)
- age   1:     601344 bytes,     601344 total
- age   2:     621008 bytes,    1222352 total
- age   3:    1768160 bytes,    2990512 total
- age   5:      55280 bytes,    3045792 total
- age   6:     100456 bytes,    3146248 total
- age   7:     182504 bytes,    3328752 total
- age   8:     725216 bytes,    4053968 total
: 104952K->5592K(109248K), 0,0635270 secs] 104952K->11677K(502464K), 0,0636082 secs] [Times: user=0,12 sys=0,00, real=0,06 secs] 
Heap after GC invocations=9 (full 1):
 par new generation   total 109248K, used 5592K [0x00000000e0000000, 0x00000000e8000000, 0x00000000e8000000)
  eden space 87424K,   0% used [0x00000000e0000000, 0x00000000e0000000, 0x00000000e5560000)
  from space 21824K,  25% used [0x00000000e6ab0000, 0x00000000e70260e0, 0x00000000e8000000)
  to   space 21824K,   0% used [0x00000000e5560000, 0x00000000e5560000, 0x00000000e6ab0000)
 concurrent mark-sweep generation total 393216K, used 6085K [0x00000000e8000000, 0x0000000100000000, 0x0000000100000000)
 Metaspace       used 24626K, capacity 25140K, committed 25468K, reserved 1071104K
  class space    used 2881K, capacity 3085K, committed 3196K, reserved 1048576K
}
2017-06-10T07:24:55.838+0200: 3,740: Total time for which application threads were stopped: 0,0660482 seconds, Stopping threads took: 0,0021396 seconds
2017-06-10T07:24:56.051+0200: 3,953: Total time for which application threads were stopped: 0,0005013 seconds, Stopping threads took: 0,0000289 seconds
2017-06-10T07:24:56.143+0200: 4,046: Total time for which application threads were stopped: 0,0005200 seconds, Stopping threads took: 0,0000397 seconds
2017-06-10T07:24:56.152+0200: 4,054: Total time for which application threads were stopped: 0,0003067 seconds, Stopping threads took: 0,0000270 seconds
2017-06-10T07:24:56.154+0200: 4,056: Total time for which application threads were stopped: 0,0001206 seconds, Stopping threads took: 0,0000275 seconds
2017-06-10T07:24:56.158+0200: 4,061: Total time for which application threads were stopped: 0,0001416 seconds, Stopping threads took: 0,0000520 seconds
2017-06-10T07:24:56.159+0200: 4,061: Total time for which application threads were stopped: 0,0004121 seconds, Stopping threads took: 0,0000324 seconds
2017-06-10T07:24:56.161+0200: 4,063: Total time for which application threads were stopped: 0,0001018 seconds, Stopping threads took: 0,0000217 seconds
2017-06-10T07:24:56.168+0200: 4,070: Total time for which application threads were stopped: 0,0001327 seconds, Stopping threads took: 0,0000271 seconds
2017-06-10T07:24:56.170+0200: 4,072: Total time for which application threads were stopped: 0,0001917 seconds, Stopping threads took: 0,0000937 seconds
2017-06-10T07:24:56.173+0200: 4,075: Total time for which application threads were stopped: 0,0001387 seconds, Stopping threads took: 0,0000414 seconds
2017-06-10T07:24:56.174+0200: 4,076: Total time for which application threads were stopped: 0,0001040 seconds, Stopping threads took: 0,0000326 seconds
2017-06-10T07:24:56.175+0200: 4,077: Total time for which application threads were stopped: 0,0001110 seconds, Stopping threads took: 0,0000348 seconds
2017-06-10T07:24:56.214+0200: 4,116: Total time for which application threads were stopped: 0,0004194 seconds, Stopping threads took: 0,0000460 seconds
2017-06-10T07:24:56.219+0200: 4,121: Total time for which application threads were stopped: 0,0001464 seconds, Stopping threads took: 0,0000634 seconds
2017-06-10T07:24:56.219+0200: 4,121: Total time for which application threads were stopped: 0,0000914 seconds, Stopping threads took: 0,0000505 seconds
2017-06-10T07:24:56.226+0200: 4,128: Total time for which application threads were stopped: 0,0001371 seconds, Stopping threads took: 0,0000488 seconds
2017-06-10T07:24:56.235+0200: 4,137: Total time for which application threads were stopped: 0,0001647 seconds, Stopping threads took: 0,0000433 seconds
2017-06-10T07:24:56.236+0200: 4,138: Total time for which application threads were stopped: 0,0001070 seconds, Stopping threads took: 0,0000330 seconds
2017-06-10T07:24:56.237+0200: 4,139: Total time for which application threads were stopped: 0,0001233 seconds, Stopping threads took: 0,0000236 seconds
2017-06-10T07:24:56.237+0200: 4,139: Total time for which application threads were stopped: 0,0000765 seconds, Stopping threads took: 0,0000146 seconds
2017-06-10T07:24:56.237+0200: 4,140: Total time for which application threads were stopped: 0,0000562 seconds, Stopping threads took: 0,0000107 seconds
2017-06-10T07:24:56.238+0200: 4,140: Total time for which application threads were stopped: 0,0000493 seconds, Stopping threads took: 0,0000092 seconds
2017-06-10T07:24:56.238+0200: 4,140: Total time for which application threads were stopped: 0,0001002 seconds, Stopping threads took: 0,0000240 seconds
2017-06-10T07:24:56.238+0200: 4,140: Total time for which application threads were stopped: 0,0000872 seconds, Stopping threads took: 0,0000271 seconds
2017-06-10T07:24:56.238+0200: 4,140: Total time for which application threads were stopped: 0,0000699 seconds, Stopping threads took: 0,0000102 seconds
2017-06-10T07:24:56.238+0200: 4,140: Total time for which application threads were stopped: 0,0001151 seconds, Stopping threads took: 0,0000487 seconds
2017-06-10T07:24:56.242+0200: 4,144: Total time for which application threads were stopped: 0,0039781 seconds, Stopping threads took: 0,0039165 seconds
2017-06-10T07:24:56.243+0200: 4,145: Total time for which application threads were stopped: 0,0001321 seconds, Stopping threads took: 0,0000112 seconds
2017-06-10T07:24:56.243+0200: 4,145: Total time for which application threads were stopped: 0,0001001 seconds, Stopping threads took: 0,0000318 seconds
2017-06-10T07:24:56.243+0200: 4,145: Total time for which application threads were stopped: 0,0000795 seconds, Stopping threads took: 0,0000195 seconds
2017-06-10T07:24:56.243+0200: 4,145: Total time for which application threads were stopped: 0,0000803 seconds, Stopping threads took: 0,0000191 seconds
2017-06-10T07:24:56.243+0200: 4,145: Total time for which application threads were stopped: 0,0000812 seconds, Stopping threads took: 0,0000232 seconds
2017-06-10T07:24:56.243+0200: 4,146: Total time for which application threads were stopped: 0,0000602 seconds, Stopping threads took: 0,0000173 seconds
2017-06-10T07:24:56.244+0200: 4,146: Total time for which application threads were stopped: 0,0000714 seconds, Stopping threads took: 0,0000228 seconds
2017-06-10T07:24:56.244+0200: 4,146: Total time for which application threads were stopped: 0,0000553 seconds, Stopping threads took: 0,0000165 seconds
2017-06-10T07:24:56.244+0200: 4,146: Total time for which application threads were stopped: 0,0000844 seconds, Stopping threads took: 0,0000191 seconds
2017-06-10T07:24:56.244+0200: 4,146: Total time for which application threads were stopped: 0,0000787 seconds, Stopping threads took: 0,0000196 seconds
2017-06-10T07:24:56.244+0200: 4,146: Total time for which application threads were stopped: 0,0000718 seconds, Stopping threads took: 0,0000172 seconds
2017-06-10T07:24:56.245+0200: 4,147: Total time for which application threads were stopped: 0,0000862 seconds, Stopping threads took: 0,0000257 seconds
2017-06-10T07:24:56.245+0200: 4,147: Total time for which application threads were stopped: 0,0000717 seconds, Stopping threads took: 0,0000193 seconds
2017-06-10T07:24:56.245+0200: 4,147: Total time for which application threads were stopped: 0,0000705 seconds, Stopping threads took: 0,0000172 seconds
2017-06-10T07:24:56.245+0200: 4,147: Total time for which application threads were stopped: 0,0000697 seconds, Stopping threads took: 0,0000165 seconds
2017-06-10T07:24:56.245+0200: 4,147: Total time for which application threads were stopped: 0,0000645 seconds, Stopping threads took: 0,0000247 seconds
2017-06-10T07:24:56.245+0200: 4,147: Total time for which application threads were stopped: 0,0000789 seconds, Stopping threads took: 0,0000198 seconds
2017-06-10T07:24:56.245+0200: 4,148: Total time for which application threads were stopped: 0,0000737 seconds, Stopping threads took: 0,0000171 seconds
2017-06-10T07:24:56.246+0200: 4,148: Total time for which application threads were stopped: 0,0001035 seconds, Stopping threads took: 0,0000432 seconds
2017-06-10T07:24:56.246+0200: 4,148: Total time for which application threads were stopped: 0,0000751 seconds, Stopping threads took: 0,0000214 seconds
2017-06-10T07:24:56.246+0200: 4,148: Total time for which application threads were stopped: 0,0001379 seconds, Stopping threads took: 0,0000174 seconds
2017-06-10T07:24:56.256+0200: 4,158: Total time for which application threads were stopped: 0,0001712 seconds, Stopping threads took: 0,0000428 seconds
2017-06-10T07:24:56.259+0200: 4,161: Total time for which application threads were stopped: 0,0001468 seconds, Stopping threads took: 0,0000429 seconds
2017-06-10T07:24:56.263+0200: 4,165: Total time for which application threads were stopped: 0,0001435 seconds, Stopping threads took: 0,0000500 seconds
2017-06-10T07:24:56.300+0200: 4,202: Total time for which application threads were stopped: 0,0001825 seconds, Stopping threads took: 0,0000838 seconds
2017-06-10T07:24:56.302+0200: 4,204: Total time for which application threads were stopped: 0,0014466 seconds, Stopping threads took: 0,0013706 seconds
2017-06-10T07:24:56.354+0200: 4,257: Total time for which application threads were stopped: 0,0005332 seconds, Stopping threads took: 0,0000519 seconds
2017-06-10T07:24:56.355+0200: 4,257: Total time for which application threads were stopped: 0,0001269 seconds, Stopping threads took: 0,0000426 seconds
2017-06-10T07:24:56.358+0200: 4,261: Total time for which application threads were stopped: 0,0034874 seconds, Stopping threads took: 0,0033969 seconds
2017-06-10T07:24:57.359+0200: 5,261: Total time for which application threads were stopped: 0,0000821 seconds, Stopping threads took: 0,0000168 seconds
{Heap before GC invocations=9 (full 1):
 par new generation   total 109248K, used 93016K [0x00000000e0000000, 0x00000000e8000000, 0x00000000e8000000)
  eden space 87424K, 100% used [0x00000000e0000000, 0x00000000e5560000, 0x00000000e5560000)
  from space 21824K,  25% used [0x00000000e6ab0000, 0x00000000e70260e0, 0x00000000e8000000)
  to   space 21824K,   0% used [0x00000000e5560000, 0x00000000e5560000, 0x00000000e6ab0000)
 concurrent mark-sweep generation total 393216K, used 6085K [0x00000000e8000000, 0x0000000100000000, 0x0000000100000000)
 Metaspace       used 27961K, capacity 28498K, committed 28796K, reserved 1075200K
  class space    used 3213K, capacity 3390K, committed 3452K, reserved 1048576K
2017-06-10T07:24:58.996+0200: 6,898: [GC (Allocation Failure) 2017-06-10T07:24:58.996+0200: 6,898: [ParNew
Desired survivor size 20112992 bytes, new threshold 8 (max 8)
- age   1:   11009144 bytes,   11009144 total
- age   2:     317400 bytes,   11326544 total
- age   3:     230208 bytes,   11556752 total
- age   4:    1761968 bytes,   13318720 total
- age   6:      55280 bytes,   13374000 total
- age   7:      97784 bytes,   13471784 total
- age   8:     181880 bytes,   13653664 total
: 93016K->13962K(109248K), 0,0144607 secs] 99101K->20837K(502464K), 0,0145395 secs] [Times: user=0,04 sys=0,00, real=0,01 secs] 
Heap after GC invocations=10 (full 1):
 par new generation   total 109248K, used 13962K [0x00000000e0000000, 0x00000000e8000000, 0x00000000e8000000)
  eden space 87424K,   0% used [0x00000000e0000000, 0x00000000e0000000, 0x00000000e5560000)
  from space 21824K,  63% used [0x00000000e5560000, 0x00000000e6302aa0, 0x00000000e6ab0000)
  to   space 21824K,   0% used [0x00000000e6ab0000, 0x00000000e6ab0000, 0x00000000e8000000)
 concurrent mark-sweep generation total 393216K, used 6874K [0x00000000e8000000, 0x0000000100000000, 0x0000000100000000)
 Metaspace       used 27961K, capacity 28498K, committed 28796K, reserved 1075200K
  class space    used 3213K, capacity 3390K, committed 3452K, reserved 1048576K
}
2017-06-10T07:24:59.010+0200: 6,912: Total time for which application threads were stopped: 0,0146733 seconds, Stopping threads took: 0,0000162 seconds
2017-06-10T07:24:59.011+0200: 6,913: Total time for which application threads were stopped: 0,0000670 seconds, Stopping threads took: 0,0000228 seconds
2017-06-10T07:24:59.011+0200: 6,913: Total time for which application threads were stopped: 0,0000602 seconds, Stopping threads took: 0,0000336 seconds
2017-06-10T07:26:49.025+0200: 116,927: Total time for which application threads were stopped: 0,0000796 seconds, Stopping threads took: 0,0000339 seconds
2017-06-10T07:26:54.026+0200: 121,928: Total time for which application threads were stopped: 0,0004013 seconds, Stopping threads took: 0,0000996 seconds
2017-06-10T07:48:23.208+0200: 1411,110: Total time for which application threads were stopped: 0,0000889 seconds, Stopping threads took: 0,0000321 seconds
2017-06-10T07:53:24.242+0200: 1712,144: Total time for which application threads were stopped: 0,0000930 seconds, Stopping threads took: 0,0000318 seconds
2017-06-10T08:03:13.308+0200: 2301,210: Total time for which application threads were stopped: 0,0001082 seconds, Stopping threads took: 0,0000382 seconds
2017-06-10T08:03:14.308+0200: 2302,211: Total time for which application threads were stopped: 0,0000715 seconds, Stopping threads took: 0,0000184 seconds
2017-06-10T08:18:09.420+0200: 3197,322: Total time for which application threads were stopped: 0,0001894 seconds, Stopping threads took: 0,0000640 seconds
2017-06-10T08:27:23.493+0200: 3751,395: Total time for which application threads were stopped: 0,0000845 seconds, Stopping threads took: 0,0000297 seconds
2017-06-10T08:29:18.506+0200: 3866,408: Total time for which application threads were stopped: 0,0001595 seconds, Stopping threads took: 0,0000509 seconds
2017-06-10T08:29:23.507+0200: 3871,409: Total time for which application threads were stopped: 0,0001133 seconds, Stopping threads took: 0,0000275 seconds
2017-06-10T08:30:11.902+0200: 3919,804: Total time for which application threads were stopped: 0,0079497 seconds, Stopping threads took: 0,0078701 seconds
2017-06-10T08:30:11.915+0200: 3919,817: Total time for which application threads were stopped: 0,0039186 seconds, Stopping threads took: 0,0038404 seconds
2017-06-10T08:30:11.927+0200: 3919,829: Total time for which application threads were stopped: 0,0066650 seconds, Stopping threads took: 0,0065901 seconds
2017-06-10T08:30:11.933+0200: 3919,835: Total time for which application threads were stopped: 0,0001181 seconds, Stopping threads took: 0,0000405 seconds
2017-06-10T08:30:11.933+0200: 3919,835: Total time for which application threads were stopped: 0,0000615 seconds, Stopping threads took: 0,0000176 seconds
2017-06-10T08:30:11.934+0200: 3919,836: Total time for which application threads were stopped: 0,0001111 seconds, Stopping threads took: 0,0000263 seconds
2017-06-10T08:30:11.934+0200: 3919,836: Total time for which application threads were stopped: 0,0000576 seconds, Stopping threads took: 0,0000177 seconds
2017-06-10T08:30:11.936+0200: 3919,838: Total time for which application threads were stopped: 0,0001125 seconds, Stopping threads took: 0,0000379 seconds
2017-06-10T08:30:11.936+0200: 3919,838: Total time for which application threads were stopped: 0,0000499 seconds, Stopping threads took: 0,0000136 seconds
2017-06-10T08:30:11.936+0200: 3919,838: Total time for which application threads were stopped: 0,0000508 seconds, Stopping threads took: 0,0000135 seconds
2017-06-10T08:30:11.936+0200: 3919,838: Total time for which application threads were stopped: 0,0000438 seconds, Stopping threads took: 0,0000124 seconds
2017-06-10T08:30:11.936+0200: 3919,838: Total time for which application threads were stopped: 0,0000420 seconds, Stopping threads took: 0,0000121 seconds
2017-06-10T08:30:11.936+0200: 3919,838: Total time for which application threads were stopped: 0,0000434 seconds, Stopping threads took: 0,0000116 seconds
2017-06-10T08:30:11.942+0200: 3919,844: Total time for which application threads were stopped: 0,0036517 seconds, Stopping threads took: 0,0035660 seconds
2017-06-10T08:30:11.947+0200: 3919,849: Total time for which application threads were stopped: 0,0024882 seconds, Stopping threads took: 0,0024028 seconds
2017-06-10T08:30:11.954+0200: 3919,856: Total time for which application threads were stopped: 0,0000910 seconds, Stopping threads took: 0,0000185 seconds
2017-06-10T08:30:11.954+0200: 3919,856: Total time for which application threads were stopped: 0,0000707 seconds, Stopping threads took: 0,0000202 seconds
2017-06-10T08:30:11.954+0200: 3919,856: Total time for which application threads were stopped: 0,0000562 seconds, Stopping threads took: 0,0000186 seconds
2017-06-10T08:30:11.955+0200: 3919,857: Total time for which application threads were stopped: 0,0000807 seconds, Stopping threads took: 0,0000360 seconds
2017-06-10T08:30:11.955+0200: 3919,857: Total time for which application threads were stopped: 0,0000790 seconds, Stopping threads took: 0,0000290 seconds
2017-06-10T08:30:11.955+0200: 3919,857: Total time for which application threads were stopped: 0,0000721 seconds, Stopping threads took: 0,0000312 seconds
2017-06-10T08:30:11.957+0200: 3919,859: Total time for which application threads were stopped: 0,0000838 seconds, Stopping threads took: 0,0000190 seconds
2017-06-10T08:30:11.957+0200: 3919,860: Total time for which application threads were stopped: 0,0000670 seconds, Stopping threads took: 0,0000244 seconds
2017-06-10T08:30:11.957+0200: 3919,860: Total time for which application threads were stopped: 0,0000368 seconds, Stopping threads took: 0,0000066 seconds
2017-06-10T08:30:11.958+0200: 3919,860: Total time for which application threads were stopped: 0,0000546 seconds, Stopping threads took: 0,0000234 seconds
2017-06-10T08:30:11.959+0200: 3919,861: Total time for which application threads were stopped: 0,0000914 seconds, Stopping threads took: 0,0000301 seconds
2017-06-10T08:30:11.959+0200: 3919,861: Total time for which application threads were stopped: 0,0001766 seconds, Stopping threads took: 0,0000162 seconds
2017-06-10T08:30:11.964+0200: 3919,866: Total time for which application threads were stopped: 0,0040765 seconds, Stopping threads took: 0,0040015 seconds
2017-06-10T08:30:11.972+0200: 3919,874: Total time for which application threads were stopped: 0,0025889 seconds, Stopping threads took: 0,0025041 seconds
2017-06-10T08:30:11.976+0200: 3919,878: Total time for which application threads were stopped: 0,0018920 seconds, Stopping threads took: 0,0017292 seconds
Heap
 par new generation   total 109248K, used 40065K [0x00000000e0000000, 0x00000000e8000000, 0x00000000e8000000)
  eden space 87424K,  29% used [0x00000000e0000000, 0x00000000e197d9c0, 0x00000000e5560000)
  from space 21824K,  63% used [0x00000000e5560000, 0x00000000e6302aa0, 0x00000000e6ab0000)
  to   space 21824K,   0% used [0x00000000e6ab0000, 0x00000000e6ab0000, 0x00000000e8000000)
 concurrent mark-sweep generation total 393216K, used 6874K [0x00000000e8000000, 0x0000000100000000, 0x0000000100000000)
 Metaspace       used 28095K, capacity 28570K, committed 28796K, reserved 1075200K
  class space    used 3226K, capacity 3392K, committed 3452K, reserved 1048576K
