OpenJDK 64-Bit Server VM (25.121-b13) for linux-amd64 JRE (1.8.0_121-8u121-b13-0ubuntu1.16.04.2-b13), built on Jan 23 2017 15:51:29 by "buildd" with gcc 5.4.0 20160609
Memory: 4k page, physical 7867800k(7507728k free), swap 8076284k(8076284k free)
CommandLine flags: -XX:CMSInitiatingOccupancyFraction=50 -XX:CMSMaxAbortablePrecleanTime=6000 -XX:+CMSParallelRemarkEnabled -XX:+CMSScavengeBeforeRemark -XX:ConcGCThreads=4 -XX:InitialHeapSize=536870912 -XX:MaxHeapSize=536870912 -XX:MaxTenuringThreshold=8 -XX:NewRatio=3 -XX:OldPLABSize=16 -XX:OnOutOfMemoryError=/opt/solr/bin/oom_solr.sh 8983 /var/solr/logs -XX:ParallelGCThreads=4 -XX:+ParallelRefProcEnabled -XX:PretenureSizeThreshold=67108864 -XX:+PrintGC -XX:+PrintGCApplicationStoppedTime -XX:+PrintGCDateStamps -XX:+PrintGCDetails -XX:+PrintGCTimeStamps -XX:+PrintHeapAtGC -XX:+PrintTenuringDistribution -XX:SurvivorRatio=4 -XX:TargetSurvivorRatio=90 -XX:ThreadStackSize=256 -XX:+UseCMSInitiatingOccupancyOnly -XX:+UseCompressedClassPointers -XX:+UseCompressedOops -XX:+UseConcMarkSweepGC -XX:+UseParNewGC 
2017-02-06T23:30:12.735+0100: 0,146: Total time for which application threads were stopped: 0,0000673 seconds, Stopping threads took: 0,0000087 seconds
2017-02-06T23:30:12.815+0100: 0,225: Total time for which application threads were stopped: 0,0001418 seconds, Stopping threads took: 0,0000195 seconds
2017-02-06T23:30:12.829+0100: 0,239: Total time for which application threads were stopped: 0,0000852 seconds, Stopping threads took: 0,0000183 seconds
2017-02-06T23:30:13.141+0100: 0,551: Total time for which application threads were stopped: 0,0001613 seconds, Stopping threads took: 0,0000276 seconds
2017-02-06T23:30:13.531+0100: 0,942: Total time for which application threads were stopped: 0,0001875 seconds, Stopping threads took: 0,0000299 seconds
2017-02-06T23:30:13.653+0100: 1,064: Total time for which application threads were stopped: 0,0001450 seconds, Stopping threads took: 0,0000215 seconds
2017-02-06T23:30:13.680+0100: 1,090: Total time for which application threads were stopped: 0,0025851 seconds, Stopping threads took: 0,0000365 seconds
2017-02-06T23:30:14.022+0100: 1,433: Total time for which application threads were stopped: 0,0002050 seconds, Stopping threads took: 0,0000172 seconds
2017-02-06T23:30:14.252+0100: 1,663: Total time for which application threads were stopped: 0,0002080 seconds, Stopping threads took: 0,0000182 seconds
2017-02-06T23:30:14.279+0100: 1,689: Total time for which application threads were stopped: 0,0002205 seconds, Stopping threads took: 0,0000179 seconds
2017-02-06T23:30:14.314+0100: 1,725: Total time for which application threads were stopped: 0,0002255 seconds, Stopping threads took: 0,0000189 seconds
2017-02-06T23:30:14.317+0100: 1,727: Total time for which application threads were stopped: 0,0002336 seconds, Stopping threads took: 0,0000413 seconds
2017-02-06T23:30:14.332+0100: 1,743: Total time for which application threads were stopped: 0,0002206 seconds, Stopping threads took: 0,0000257 seconds
2017-02-06T23:30:14.413+0100: 1,824: Total time for which application threads were stopped: 0,0002347 seconds, Stopping threads took: 0,0000288 seconds
2017-02-06T23:30:14.570+0100: 1,980: Total time for which application threads were stopped: 0,0002437 seconds, Stopping threads took: 0,0000340 seconds
{Heap before GC invocations=0 (full 0):
 par new generation   total 109248K, used 87424K [0x00000000e0000000, 0x00000000e8000000, 0x00000000e8000000)
  eden space 87424K, 100% used [0x00000000e0000000, 0x00000000e5560000, 0x00000000e5560000)
  from space 21824K,   0% used [0x00000000e5560000, 0x00000000e5560000, 0x00000000e6ab0000)
  to   space 21824K,   0% used [0x00000000e6ab0000, 0x00000000e6ab0000, 0x00000000e8000000)
 concurrent mark-sweep generation total 393216K, used 0K [0x00000000e8000000, 0x0000000100000000, 0x0000000100000000)
 Metaspace       used 18009K, capacity 18336K, committed 18688K, reserved 1064960K
  class space    used 2036K, capacity 2196K, committed 2304K, reserved 1048576K
2017-02-06T23:30:14.666+0100: 2,076: [GC (Allocation Failure) 2017-02-06T23:30:14.666+0100: 2,076: [ParNew
Desired survivor size 20112992 bytes, new threshold 8 (max 8)
- age   1:   12586792 bytes,   12586792 total
: 87424K->12411K(109248K), 0,0182031 secs] 87424K->12411K(502464K), 0,0182947 secs] [Times: user=0,06 sys=0,00, real=0,02 secs] 
Heap after GC invocations=1 (full 0):
 par new generation   total 109248K, used 12411K [0x00000000e0000000, 0x00000000e8000000, 0x00000000e8000000)
  eden space 87424K,   0% used [0x00000000e0000000, 0x00000000e0000000, 0x00000000e5560000)
  from space 21824K,  56% used [0x00000000e6ab0000, 0x00000000e76ced28, 0x00000000e8000000)
  to   space 21824K,   0% used [0x00000000e5560000, 0x00000000e5560000, 0x00000000e6ab0000)
 concurrent mark-sweep generation total 393216K, used 0K [0x00000000e8000000, 0x0000000100000000, 0x0000000100000000)
 Metaspace       used 18009K, capacity 18336K, committed 18688K, reserved 1064960K
  class space    used 2036K, capacity 2196K, committed 2304K, reserved 1048576K
}
2017-02-06T23:30:14.684+0100: 2,095: Total time for which application threads were stopped: 0,0185674 seconds, Stopping threads took: 0,0000508 seconds
2017-02-06T23:30:14.952+0100: 2,363: Total time for which application threads were stopped: 0,0004132 seconds, Stopping threads took: 0,0000633 seconds
2017-02-06T23:30:15.011+0100: 2,421: Total time for which application threads were stopped: 0,0004946 seconds, Stopping threads took: 0,0001797 seconds
{Heap before GC invocations=1 (full 0):
 par new generation   total 109248K, used 99835K [0x00000000e0000000, 0x00000000e8000000, 0x00000000e8000000)
  eden space 87424K, 100% used [0x00000000e0000000, 0x00000000e5560000, 0x00000000e5560000)
  from space 21824K,  56% used [0x00000000e6ab0000, 0x00000000e76ced28, 0x00000000e8000000)
  to   space 21824K,   0% used [0x00000000e5560000, 0x00000000e5560000, 0x00000000e6ab0000)
 concurrent mark-sweep generation total 393216K, used 0K [0x00000000e8000000, 0x0000000100000000, 0x0000000100000000)
 Metaspace       used 20038K, capacity 20354K, committed 20736K, reserved 1067008K
  class space    used 2294K, capacity 2465K, committed 2560K, reserved 1048576K
2017-02-06T23:30:15.013+0100: 2,423: [GC (Allocation Failure) 2017-02-06T23:30:15.013+0100: 2,423: [ParNew
Desired survivor size 20112992 bytes, new threshold 8 (max 8)
- age   1:    3759176 bytes,    3759176 total
- age   2:    6645504 bytes,   10404680 total
: 99835K->13706K(109248K), 0,0120796 secs] 99835K->13706K(502464K), 0,0121561 secs] [Times: user=0,04 sys=0,00, real=0,02 secs] 
Heap after GC invocations=2 (full 0):
 par new generation   total 109248K, used 13706K [0x00000000e0000000, 0x00000000e8000000, 0x00000000e8000000)
  eden space 87424K,   0% used [0x00000000e0000000, 0x00000000e0000000, 0x00000000e5560000)
  from space 21824K,  62% used [0x00000000e5560000, 0x00000000e62c2bf0, 0x00000000e6ab0000)
  to   space 21824K,   0% used [0x00000000e6ab0000, 0x00000000e6ab0000, 0x00000000e8000000)
 concurrent mark-sweep generation total 393216K, used 0K [0x00000000e8000000, 0x0000000100000000, 0x0000000100000000)
 Metaspace       used 20038K, capacity 20354K, committed 20736K, reserved 1067008K
  class space    used 2294K, capacity 2465K, committed 2560K, reserved 1048576K
}
2017-02-06T23:30:15.025+0100: 2,436: Total time for which application threads were stopped: 0,0123511 seconds, Stopping threads took: 0,0000567 seconds
2017-02-06T23:30:15.083+0100: 2,493: Total time for which application threads were stopped: 0,0004158 seconds, Stopping threads took: 0,0000775 seconds
2017-02-06T23:30:15.195+0100: 2,605: Total time for which application threads were stopped: 0,0001557 seconds, Stopping threads took: 0,0000269 seconds
{Heap before GC invocations=2 (full 0):
 par new generation   total 109248K, used 101130K [0x00000000e0000000, 0x00000000e8000000, 0x00000000e8000000)
  eden space 87424K, 100% used [0x00000000e0000000, 0x00000000e5560000, 0x00000000e5560000)
  from space 21824K,  62% used [0x00000000e5560000, 0x00000000e62c2bf0, 0x00000000e6ab0000)
  to   space 21824K,   0% used [0x00000000e6ab0000, 0x00000000e6ab0000, 0x00000000e8000000)
 concurrent mark-sweep generation total 393216K, used 0K [0x00000000e8000000, 0x0000000100000000, 0x0000000100000000)
 Metaspace       used 20995K, capacity 21346K, committed 21628K, reserved 1069056K
  class space    used 2421K, capacity 2585K, committed 2684K, reserved 1048576K
2017-02-06T23:30:15.246+0100: 2,656: [GC (Allocation Failure) 2017-02-06T23:30:15.246+0100: 2,657: [ParNew
Desired survivor size 20112992 bytes, new threshold 8 (max 8)
- age   1:    2194376 bytes,    2194376 total
- age   2:     861800 bytes,    3056176 total
- age   3:    6641624 bytes,    9697800 total
: 101130K->12978K(109248K), 0,0114611 secs] 101130K->12978K(502464K), 0,0115457 secs] [Times: user=0,04 sys=0,00, real=0,01 secs] 
Heap after GC invocations=3 (full 0):
 par new generation   total 109248K, used 12978K [0x00000000e0000000, 0x00000000e8000000, 0x00000000e8000000)
  eden space 87424K,   0% used [0x00000000e0000000, 0x00000000e0000000, 0x00000000e5560000)
  from space 21824K,  59% used [0x00000000e6ab0000, 0x00000000e775cbf0, 0x00000000e8000000)
  to   space 21824K,   0% used [0x00000000e5560000, 0x00000000e5560000, 0x00000000e6ab0000)
 concurrent mark-sweep generation total 393216K, used 0K [0x00000000e8000000, 0x0000000100000000, 0x0000000100000000)
 Metaspace       used 20995K, capacity 21346K, committed 21628K, reserved 1069056K
  class space    used 2421K, capacity 2585K, committed 2684K, reserved 1048576K
}
2017-02-06T23:30:15.258+0100: 2,668: Total time for which application threads were stopped: 0,0117673 seconds, Stopping threads took: 0,0000511 seconds
2017-02-06T23:30:15.275+0100: 2,685: [GC (CMS Initial Mark) [1 CMS-initial-mark: 0K(393216K)] 25248K(502464K), 0,0052159 secs] [Times: user=0,01 sys=0,00, real=0,00 secs] 
2017-02-06T23:30:15.280+0100: 2,690: Total time for which application threads were stopped: 0,0104861 seconds, Stopping threads took: 0,0051616 seconds
2017-02-06T23:30:15.280+0100: 2,690: [CMS-concurrent-mark-start]
2017-02-06T23:30:15.281+0100: 2,691: [CMS-concurrent-mark: 0,001/0,001 secs] [Times: user=0,01 sys=0,00, real=0,00 secs] 
2017-02-06T23:30:15.281+0100: 2,691: [CMS-concurrent-preclean-start]
2017-02-06T23:30:15.282+0100: 2,693: [CMS-concurrent-preclean: 0,001/0,001 secs] [Times: user=0,00 sys=0,00, real=0,00 secs] 
2017-02-06T23:30:15.282+0100: 2,693: [CMS-concurrent-abortable-preclean-start]
2017-02-06T23:30:15.333+0100: 2,744: Total time for which application threads were stopped: 0,0001435 seconds, Stopping threads took: 0,0000421 seconds
{Heap before GC invocations=3 (full 1):
 par new generation   total 109248K, used 100402K [0x00000000e0000000, 0x00000000e8000000, 0x00000000e8000000)
  eden space 87424K, 100% used [0x00000000e0000000, 0x00000000e5560000, 0x00000000e5560000)
  from space 21824K,  59% used [0x00000000e6ab0000, 0x00000000e775cbf0, 0x00000000e8000000)
  to   space 21824K,   0% used [0x00000000e5560000, 0x00000000e5560000, 0x00000000e6ab0000)
 concurrent mark-sweep generation total 393216K, used 0K [0x00000000e8000000, 0x0000000100000000, 0x0000000100000000)
 Metaspace       used 21262K, capacity 21640K, committed 21884K, reserved 1069056K
  class space    used 2446K, capacity 2603K, committed 2684K, reserved 1048576K
2017-02-06T23:30:15.400+0100: 2,810: [GC (Allocation Failure) 2017-02-06T23:30:15.400+0100: 2,810: [ParNew
Desired survivor size 20112992 bytes, new threshold 8 (max 8)
- age   1:     826632 bytes,     826632 total
- age   2:    1442576 bytes,    2269208 total
- age   3:     848040 bytes,    3117248 total
- age   4:    6641640 bytes,    9758888 total
: 100402K->12483K(109248K), 0,0092581 secs] 100402K->12483K(502464K), 0,0093192 secs] [Times: user=0,03 sys=0,00, real=0,01 secs] 
Heap after GC invocations=4 (full 1):
 par new generation   total 109248K, used 12483K [0x00000000e0000000, 0x00000000e8000000, 0x00000000e8000000)
  eden space 87424K,   0% used [0x00000000e0000000, 0x00000000e0000000, 0x00000000e5560000)
  from space 21824K,  57% used [0x00000000e5560000, 0x00000000e6190f50, 0x00000000e6ab0000)
  to   space 21824K,   0% used [0x00000000e6ab0000, 0x00000000e6ab0000, 0x00000000e8000000)
 concurrent mark-sweep generation total 393216K, used 0K [0x00000000e8000000, 0x0000000100000000, 0x0000000100000000)
 Metaspace       used 21262K, capacity 21640K, committed 21884K, reserved 1069056K
  class space    used 2446K, capacity 2603K, committed 2684K, reserved 1048576K
}
2017-02-06T23:30:15.409+0100: 2,820: Total time for which application threads were stopped: 0,0145351 seconds, Stopping threads took: 0,0050738 seconds
{Heap before GC invocations=4 (full 1):
 par new generation   total 109248K, used 99907K [0x00000000e0000000, 0x00000000e8000000, 0x00000000e8000000)
  eden space 87424K, 100% used [0x00000000e0000000, 0x00000000e5560000, 0x00000000e5560000)
  from space 21824K,  57% used [0x00000000e5560000, 0x00000000e6190f50, 0x00000000e6ab0000)
  to   space 21824K,   0% used [0x00000000e6ab0000, 0x00000000e6ab0000, 0x00000000e8000000)
 concurrent mark-sweep generation total 393216K, used 0K [0x00000000e8000000, 0x0000000100000000, 0x0000000100000000)
 Metaspace       used 21470K, capacity 21818K, committed 21884K, reserved 1069056K
  class space    used 2468K, capacity 2638K, committed 2684K, reserved 1048576K
2017-02-06T23:30:15.522+0100: 2,932: [GC (Allocation Failure) 2017-02-06T23:30:15.522+0100: 2,933: [ParNew
Desired survivor size 20112992 bytes, new threshold 8 (max 8)
- age   1:    1090112 bytes,    1090112 total
- age   2:     188008 bytes,    1278120 total
- age   3:    1441336 bytes,    2719456 total
- age   4:     845960 bytes,    3565416 total
- age   5:    6641552 bytes,   10206968 total
: 99907K->13260K(109248K), 0,0098975 secs] 99907K->13260K(502464K), 0,0099815 secs] [Times: user=0,04 sys=0,00, real=0,01 secs] 
Heap after GC invocations=5 (full 1):
 par new generation   total 109248K, used 13260K [0x00000000e0000000, 0x00000000e8000000, 0x00000000e8000000)
  eden space 87424K,   0% used [0x00000000e0000000, 0x00000000e0000000, 0x00000000e5560000)
  from space 21824K,  60% used [0x00000000e6ab0000, 0x00000000e77a33b8, 0x00000000e8000000)
  to   space 21824K,   0% used [0x00000000e5560000, 0x00000000e5560000, 0x00000000e6ab0000)
 concurrent mark-sweep generation total 393216K, used 0K [0x00000000e8000000, 0x0000000100000000, 0x0000000100000000)
 Metaspace       used 21470K, capacity 21818K, committed 21884K, reserved 1069056K
  class space    used 2468K, capacity 2638K, committed 2684K, reserved 1048576K
}
2017-02-06T23:30:15.532+0100: 2,942: Total time for which application threads were stopped: 0,0103057 seconds, Stopping threads took: 0,0001610 seconds
2017-02-06T23:30:15.532+0100: 2,943: [CMS-concurrent-abortable-preclean: 0,177/0,250 secs] [Times: user=0,96 sys=0,00, real=0,25 secs] 
2017-02-06T23:30:15.532+0100: 2,943: [GC (CMS Final Remark) [YG occupancy: 13901 K (109248 K)]{Heap before GC invocations=5 (full 1):
 par new generation   total 109248K, used 13901K [0x00000000e0000000, 0x00000000e8000000, 0x00000000e8000000)
  eden space 87424K,   0% used [0x00000000e0000000, 0x00000000e00a0090, 0x00000000e5560000)
  from space 21824K,  60% used [0x00000000e6ab0000, 0x00000000e77a33b8, 0x00000000e8000000)
  to   space 21824K,   0% used [0x00000000e5560000, 0x00000000e5560000, 0x00000000e6ab0000)
 concurrent mark-sweep generation total 393216K, used 0K [0x00000000e8000000, 0x0000000100000000, 0x0000000100000000)
 Metaspace       used 21470K, capacity 21818K, committed 21884K, reserved 1069056K
  class space    used 2468K, capacity 2638K, committed 2684K, reserved 1048576K
2017-02-06T23:30:15.532+0100: 2,943: [GC (CMS Final Remark) 2017-02-06T23:30:15.532+0100: 2,943: [ParNew
Desired survivor size 20112992 bytes, new threshold 8 (max 8)
- age   1:      88656 bytes,      88656 total
- age   2:     921456 bytes,    1010112 total
- age   3:     188008 bytes,    1198120 total
- age   4:    1441336 bytes,    2639456 total
- age   5:     845960 bytes,    3485416 total
- age   6:    6641800 bytes,   10127216 total
: 13901K->12358K(109248K), 0,0093020 secs] 13901K->12358K(502464K), 0,0093378 secs] [Times: user=0,04 sys=0,00, real=0,01 secs] 
Heap after GC invocations=6 (full 1):
 par new generation   total 109248K, used 12358K [0x00000000e0000000, 0x00000000e8000000, 0x00000000e8000000)
  eden space 87424K,   0% used [0x00000000e0000000, 0x00000000e0000000, 0x00000000e5560000)
  from space 21824K,  56% used [0x00000000e5560000, 0x00000000e6171a60, 0x00000000e6ab0000)
  to   space 21824K,   0% used [0x00000000e6ab0000, 0x00000000e6ab0000, 0x00000000e8000000)
 concurrent mark-sweep generation total 393216K, used 0K [0x00000000e8000000, 0x0000000100000000, 0x0000000100000000)
 Metaspace       used 21470K, capacity 21818K, committed 21884K, reserved 1069056K
  class space    used 2468K, capacity 2638K, committed 2684K, reserved 1048576K
}
2017-02-06T23:30:15.542+0100: 2,952: [Rescan (parallel) , 0,0036864 secs]2017-02-06T23:30:15.545+0100: 2,956: [weak refs processing, 0,0004932 secs]2017-02-06T23:30:15.546+0100: 2,956: [class unloading, 0,0029505 secs]2017-02-06T23:30:15.549+0100: 2,959: [scrub symbol table, 0,0032751 secs]2017-02-06T23:30:15.552+0100: 2,963: [scrub string table, 0,0003664 secs][1 CMS-remark: 0K(393216K)] 12358K(502464K), 0,0207720 secs] [Times: user=0,06 sys=0,00, real=0,02 secs] 
2017-02-06T23:30:15.553+0100: 2,964: Total time for which application threads were stopped: 0,0208839 seconds, Stopping threads took: 0,0000393 seconds
2017-02-06T23:30:15.563+0100: 2,973: [CMS-concurrent-sweep-start]
2017-02-06T23:30:15.563+0100: 2,973: [CMS-concurrent-sweep: 0,000/0,000 secs] [Times: user=0,00 sys=0,00, real=0,00 secs] 
2017-02-06T23:30:15.563+0100: 2,973: [CMS-concurrent-reset-start]
2017-02-06T23:30:15.565+0100: 2,975: [CMS-concurrent-reset: 0,002/0,002 secs] [Times: user=0,01 sys=0,00, real=0,00 secs] 
2017-02-06T23:30:15.584+0100: 2,995: Total time for which application threads were stopped: 0,0003621 seconds, Stopping threads took: 0,0000217 seconds
2017-02-06T23:30:15.819+0100: 3,230: Total time for which application threads were stopped: 0,0004017 seconds, Stopping threads took: 0,0000217 seconds
2017-02-06T23:30:15.830+0100: 3,240: Total time for which application threads were stopped: 0,0003428 seconds, Stopping threads took: 0,0000241 seconds
2017-02-06T23:30:16.640+0100: 4,050: Total time for which application threads were stopped: 0,0002834 seconds, Stopping threads took: 0,0000164 seconds
2017-02-06T23:30:40.299+0100: 27,709: Total time for which application threads were stopped: 0,0001135 seconds, Stopping threads took: 0,0000207 seconds
2017-02-06T23:30:40.302+0100: 27,712: Total time for which application threads were stopped: 0,0001036 seconds, Stopping threads took: 0,0000348 seconds
2017-02-06T23:30:40.302+0100: 27,712: Total time for which application threads were stopped: 0,0000892 seconds, Stopping threads took: 0,0000308 seconds
2017-02-06T23:30:40.314+0100: 27,724: Total time for which application threads were stopped: 0,0001370 seconds, Stopping threads took: 0,0000536 seconds
2017-02-06T23:30:40.318+0100: 27,729: Total time for which application threads were stopped: 0,0027132 seconds, Stopping threads took: 0,0026057 seconds
2017-02-06T23:30:40.321+0100: 27,732: Total time for which application threads were stopped: 0,0032193 seconds, Stopping threads took: 0,0031442 seconds
2017-02-06T23:30:40.327+0100: 27,738: Total time for which application threads were stopped: 0,0007735 seconds, Stopping threads took: 0,0007016 seconds
2017-02-06T23:30:40.336+0100: 27,747: Total time for which application threads were stopped: 0,0011476 seconds, Stopping threads took: 0,0010130 seconds
2017-02-06T23:30:40.350+0100: 27,760: Total time for which application threads were stopped: 0,0036121 seconds, Stopping threads took: 0,0034817 seconds
2017-02-06T23:30:40.368+0100: 27,779: Total time for which application threads were stopped: 0,0006055 seconds, Stopping threads took: 0,0004768 seconds
2017-02-06T23:30:40.374+0100: 27,785: Total time for which application threads were stopped: 0,0004906 seconds, Stopping threads took: 0,0000482 seconds
2017-02-06T23:30:40.398+0100: 27,808: Total time for which application threads were stopped: 0,0111084 seconds, Stopping threads took: 0,0109638 seconds
2017-02-06T23:30:40.405+0100: 27,815: Total time for which application threads were stopped: 0,0002898 seconds, Stopping threads took: 0,0001295 seconds
2017-02-06T23:30:40.416+0100: 27,827: Total time for which application threads were stopped: 0,0002607 seconds, Stopping threads took: 0,0000716 seconds
2017-02-06T23:30:41.417+0100: 28,827: Total time for which application threads were stopped: 0,0001009 seconds, Stopping threads took: 0,0000289 seconds
2017-02-06T23:30:44.418+0100: 31,828: Total time for which application threads were stopped: 0,0004150 seconds, Stopping threads took: 0,0001201 seconds
2017-02-06T23:30:45.418+0100: 32,829: Total time for which application threads were stopped: 0,0000911 seconds, Stopping threads took: 0,0000250 seconds
2017-02-06T23:30:55.864+0100: 43,275: Total time for which application threads were stopped: 0,0001478 seconds, Stopping threads took: 0,0000578 seconds
2017-02-06T23:30:55.866+0100: 43,276: Total time for which application threads were stopped: 0,0001428 seconds, Stopping threads took: 0,0000751 seconds
2017-02-06T23:30:55.866+0100: 43,277: Total time for which application threads were stopped: 0,0000703 seconds, Stopping threads took: 0,0000159 seconds
2017-02-06T23:30:55.869+0100: 43,280: Total time for which application threads were stopped: 0,0001092 seconds, Stopping threads took: 0,0000416 seconds
2017-02-06T23:30:55.869+0100: 43,280: Total time for which application threads were stopped: 0,0000420 seconds, Stopping threads took: 0,0000106 seconds
2017-02-06T23:30:55.869+0100: 43,280: Total time for which application threads were stopped: 0,0000413 seconds, Stopping threads took: 0,0000087 seconds
2017-02-06T23:30:55.870+0100: 43,280: Total time for which application threads were stopped: 0,0000885 seconds, Stopping threads took: 0,0000334 seconds
2017-02-06T23:30:55.870+0100: 43,280: Total time for which application threads were stopped: 0,0000509 seconds, Stopping threads took: 0,0000123 seconds
2017-02-06T23:35:09.895+0100: 297,306: Total time for which application threads were stopped: 0,0009175 seconds, Stopping threads took: 0,0003993 seconds
2017-02-06T23:52:51.011+0100: 1358,422: Total time for which application threads were stopped: 0,0001851 seconds, Stopping threads took: 0,0000742 seconds
2017-02-06T23:58:06.044+0100: 1673,454: Total time for which application threads were stopped: 0,0002874 seconds, Stopping threads took: 0,0001884 seconds
2017-02-07T00:07:20.104+0100: 2227,515: Total time for which application threads were stopped: 0,0004833 seconds, Stopping threads took: 0,0000810 seconds
2017-02-07T00:07:21.105+0100: 2228,515: Total time for which application threads were stopped: 0,0003509 seconds, Stopping threads took: 0,0000998 seconds
2017-02-07T00:23:30.207+0100: 3197,617: Total time for which application threads were stopped: 0,0001065 seconds, Stopping threads took: 0,0000316 seconds
2017-02-07T00:26:33.079+0100: 3380,489: Total time for which application threads were stopped: 0,0686956 seconds, Stopping threads took: 0,0685908 seconds
Heap
 par new generation   total 109248K, used 73399K [0x00000000e0000000, 0x00000000e8000000, 0x00000000e8000000)
  eden space 87424K,  69% used [0x00000000e0000000, 0x00000000e3b9c208, 0x00000000e5560000)
  from space 21824K,  56% used [0x00000000e5560000, 0x00000000e6171a60, 0x00000000e6ab0000)
  to   space 21824K,   0% used [0x00000000e6ab0000, 0x00000000e6ab0000, 0x00000000e8000000)
 concurrent mark-sweep generation total 393216K, used 0K [0x00000000e8000000, 0x0000000100000000, 0x0000000100000000)
 Metaspace       used 23943K, capacity 24402K, committed 24572K, reserved 1071104K
  class space    used 2761K, capacity 2946K, committed 3068K, reserved 1048576K
