OpenJDK 64-Bit Server VM (25.131-b11) for linux-amd64 JRE (1.8.0_131-8u131-b11-0ubuntu1.16.04.2-b11), built on May  6 2017 02:45:27 by "buildd" with gcc 5.4.0 20160609
Memory: 4k page, physical 7867740k(7363584k free), swap 8076284k(8076284k free)
CommandLine flags: -XX:CMSInitiatingOccupancyFraction=50 -XX:CMSMaxAbortablePrecleanTime=6000 -XX:+CMSParallelRemarkEnabled -XX:+CMSScavengeBeforeRemark -XX:ConcGCThreads=4 -XX:InitialHeapSize=536870912 -XX:MaxHeapSize=536870912 -XX:MaxTenuringThreshold=8 -XX:NewRatio=3 -XX:OldPLABSize=16 -XX:OnOutOfMemoryError=/opt/solr/bin/oom_solr.sh 8983 /var/solr/logs -XX:ParallelGCThreads=4 -XX:+ParallelRefProcEnabled -XX:PretenureSizeThreshold=67108864 -XX:+PrintGC -XX:+PrintGCApplicationStoppedTime -XX:+PrintGCDateStamps -XX:+PrintGCDetails -XX:+PrintGCTimeStamps -XX:+PrintHeapAtGC -XX:+PrintTenuringDistribution -XX:SurvivorRatio=4 -XX:TargetSurvivorRatio=90 -XX:ThreadStackSize=256 -XX:+UseCMSInitiatingOccupancyOnly -XX:+UseCompressedClassPointers -XX:+UseCompressedOops -XX:+UseConcMarkSweepGC -XX:+UseParNewGC 
2017-07-26T06:56:53.903+0200: 0,199: Total time for which application threads were stopped: 0,0000647 seconds, Stopping threads took: 0,0000094 seconds
2017-07-26T06:56:54.020+0200: 0,316: Total time for which application threads were stopped: 0,0000931 seconds, Stopping threads took: 0,0000106 seconds
2017-07-26T06:56:54.059+0200: 0,355: Total time for which application threads were stopped: 0,0000852 seconds, Stopping threads took: 0,0000144 seconds
2017-07-26T06:56:54.380+0200: 0,675: Total time for which application threads were stopped: 0,0001690 seconds, Stopping threads took: 0,0000212 seconds
2017-07-26T06:56:54.809+0200: 1,104: Total time for which application threads were stopped: 0,0001508 seconds, Stopping threads took: 0,0000242 seconds
2017-07-26T06:56:54.895+0200: 1,191: Total time for which application threads were stopped: 0,0002037 seconds, Stopping threads took: 0,0000229 seconds
2017-07-26T06:56:54.995+0200: 1,291: Total time for which application threads were stopped: 0,0001799 seconds, Stopping threads took: 0,0000265 seconds
2017-07-26T06:56:55.437+0200: 1,733: Total time for which application threads were stopped: 0,0002667 seconds, Stopping threads took: 0,0000378 seconds
2017-07-26T06:56:55.746+0200: 2,042: Total time for which application threads were stopped: 0,0009578 seconds, Stopping threads took: 0,0000896 seconds
2017-07-26T06:56:55.778+0200: 2,074: Total time for which application threads were stopped: 0,0003598 seconds, Stopping threads took: 0,0000192 seconds
2017-07-26T06:56:55.817+0200: 2,113: Total time for which application threads were stopped: 0,0002356 seconds, Stopping threads took: 0,0000331 seconds
2017-07-26T06:56:55.818+0200: 2,114: Total time for which application threads were stopped: 0,0002231 seconds, Stopping threads took: 0,0000298 seconds
2017-07-26T06:56:55.835+0200: 2,131: Total time for which application threads were stopped: 0,0001993 seconds, Stopping threads took: 0,0000231 seconds
2017-07-26T06:56:55.913+0200: 2,208: Total time for which application threads were stopped: 0,0002272 seconds, Stopping threads took: 0,0000193 seconds
2017-07-26T06:56:56.124+0200: 2,420: Total time for which application threads were stopped: 0,0002476 seconds, Stopping threads took: 0,0000168 seconds
{Heap before GC invocations=0 (full 0):
 par new generation   total 109248K, used 87424K [0x00000000e0000000, 0x00000000e8000000, 0x00000000e8000000)
  eden space 87424K, 100% used [0x00000000e0000000, 0x00000000e5560000, 0x00000000e5560000)
  from space 21824K,   0% used [0x00000000e5560000, 0x00000000e5560000, 0x00000000e6ab0000)
  to   space 21824K,   0% used [0x00000000e6ab0000, 0x00000000e6ab0000, 0x00000000e8000000)
 concurrent mark-sweep generation total 393216K, used 0K [0x00000000e8000000, 0x0000000100000000, 0x0000000100000000)
 Metaspace       used 17998K, capacity 18336K, committed 18688K, reserved 1064960K
  class space    used 2036K, capacity 2196K, committed 2304K, reserved 1048576K
2017-07-26T06:56:56.240+0200: 2,536: [GC (Allocation Failure) 2017-07-26T06:56:56.240+0200: 2,536: [ParNew
Desired survivor size 20112992 bytes, new threshold 8 (max 8)
- age   1:   12559920 bytes,   12559920 total
: 87424K->12381K(109248K), 0,0306749 secs] 87424K->12381K(502464K), 0,0307584 secs] [Times: user=0,10 sys=0,00, real=0,03 secs] 
Heap after GC invocations=1 (full 0):
 par new generation   total 109248K, used 12381K [0x00000000e0000000, 0x00000000e8000000, 0x00000000e8000000)
  eden space 87424K,   0% used [0x00000000e0000000, 0x00000000e0000000, 0x00000000e5560000)
  from space 21824K,  56% used [0x00000000e6ab0000, 0x00000000e76c75f8, 0x00000000e8000000)
  to   space 21824K,   0% used [0x00000000e5560000, 0x00000000e5560000, 0x00000000e6ab0000)
 concurrent mark-sweep generation total 393216K, used 0K [0x00000000e8000000, 0x0000000100000000, 0x0000000100000000)
 Metaspace       used 17998K, capacity 18336K, committed 18688K, reserved 1064960K
  class space    used 2036K, capacity 2196K, committed 2304K, reserved 1048576K
}
2017-07-26T06:56:56.271+0200: 2,567: Total time for which application threads were stopped: 0,0310606 seconds, Stopping threads took: 0,0000761 seconds
2017-07-26T06:56:56.684+0200: 2,980: Total time for which application threads were stopped: 0,0064844 seconds, Stopping threads took: 0,0060489 seconds
2017-07-26T06:56:56.754+0200: 3,049: Total time for which application threads were stopped: 0,0043742 seconds, Stopping threads took: 0,0040326 seconds
{Heap before GC invocations=1 (full 0):
 par new generation   total 109248K, used 99805K [0x00000000e0000000, 0x00000000e8000000, 0x00000000e8000000)
  eden space 87424K, 100% used [0x00000000e0000000, 0x00000000e5560000, 0x00000000e5560000)
  from space 21824K,  56% used [0x00000000e6ab0000, 0x00000000e76c75f8, 0x00000000e8000000)
  to   space 21824K,   0% used [0x00000000e5560000, 0x00000000e5560000, 0x00000000e6ab0000)
 concurrent mark-sweep generation total 393216K, used 0K [0x00000000e8000000, 0x0000000100000000, 0x0000000100000000)
 Metaspace       used 20038K, capacity 20354K, committed 20736K, reserved 1067008K
  class space    used 2296K, capacity 2467K, committed 2560K, reserved 1048576K
2017-07-26T06:56:56.756+0200: 3,052: [GC (Allocation Failure) 2017-07-26T06:56:56.756+0200: 3,052: [ParNew
Desired survivor size 20112992 bytes, new threshold 8 (max 8)
- age   1:    3754768 bytes,    3754768 total
- age   2:    6650208 bytes,   10404976 total
: 99805K->15656K(109248K), 0,0201431 secs] 99805K->15656K(502464K), 0,0202277 secs] [Times: user=0,04 sys=0,00, real=0,02 secs] 
Heap after GC invocations=2 (full 0):
 par new generation   total 109248K, used 15656K [0x00000000e0000000, 0x00000000e8000000, 0x00000000e8000000)
  eden space 87424K,   0% used [0x00000000e0000000, 0x00000000e0000000, 0x00000000e5560000)
  from space 21824K,  71% used [0x00000000e5560000, 0x00000000e64aa0c0, 0x00000000e6ab0000)
  to   space 21824K,   0% used [0x00000000e6ab0000, 0x00000000e6ab0000, 0x00000000e8000000)
 concurrent mark-sweep generation total 393216K, used 0K [0x00000000e8000000, 0x0000000100000000, 0x0000000100000000)
 Metaspace       used 20038K, capacity 20354K, committed 20736K, reserved 1067008K
  class space    used 2296K, capacity 2467K, committed 2560K, reserved 1048576K
}
2017-07-26T06:56:56.776+0200: 3,072: Total time for which application threads were stopped: 0,0206345 seconds, Stopping threads took: 0,0002452 seconds
2017-07-26T06:56:56.795+0200: 3,091: Total time for which application threads were stopped: 0,0008825 seconds, Stopping threads took: 0,0005468 seconds
2017-07-26T06:56:56.984+0200: 3,280: Total time for which application threads were stopped: 0,0001751 seconds, Stopping threads took: 0,0000468 seconds
{Heap before GC invocations=2 (full 0):
 par new generation   total 109248K, used 103080K [0x00000000e0000000, 0x00000000e8000000, 0x00000000e8000000)
  eden space 87424K, 100% used [0x00000000e0000000, 0x00000000e5560000, 0x00000000e5560000)
  from space 21824K,  71% used [0x00000000e5560000, 0x00000000e64aa0c0, 0x00000000e6ab0000)
  to   space 21824K,   0% used [0x00000000e6ab0000, 0x00000000e6ab0000, 0x00000000e8000000)
 concurrent mark-sweep generation total 393216K, used 0K [0x00000000e8000000, 0x0000000100000000, 0x0000000100000000)
 Metaspace       used 20966K, capacity 21276K, committed 21628K, reserved 1069056K
  class space    used 2416K, capacity 2586K, committed 2684K, reserved 1048576K
2017-07-26T06:56:57.033+0200: 3,329: [GC (Allocation Failure) 2017-07-26T06:56:57.033+0200: 3,329: [ParNew
Desired survivor size 20112992 bytes, new threshold 8 (max 8)
- age   1:    1949264 bytes,    1949264 total
- age   2:     860512 bytes,    2809776 total
- age   3:    6646984 bytes,    9456760 total
: 103080K->11242K(109248K), 0,0187902 secs] 103080K->11242K(502464K), 0,0188832 secs] [Times: user=0,05 sys=0,00, real=0,01 secs] 
Heap after GC invocations=3 (full 0):
 par new generation   total 109248K, used 11242K [0x00000000e0000000, 0x00000000e8000000, 0x00000000e8000000)
  eden space 87424K,   0% used [0x00000000e0000000, 0x00000000e0000000, 0x00000000e5560000)
  from space 21824K,  51% used [0x00000000e6ab0000, 0x00000000e75aa9b0, 0x00000000e8000000)
  to   space 21824K,   0% used [0x00000000e5560000, 0x00000000e5560000, 0x00000000e6ab0000)
 concurrent mark-sweep generation total 393216K, used 0K [0x00000000e8000000, 0x0000000100000000, 0x0000000100000000)
 Metaspace       used 20966K, capacity 21276K, committed 21628K, reserved 1069056K
  class space    used 2416K, capacity 2586K, committed 2684K, reserved 1048576K
}
2017-07-26T06:56:57.052+0200: 3,348: Total time for which application threads were stopped: 0,0191145 seconds, Stopping threads took: 0,0000397 seconds
2017-07-26T06:56:57.052+0200: 3,348: [GC (CMS Initial Mark) [1 CMS-initial-mark: 0K(393216K)] 11958K(502464K), 0,0050931 secs] [Times: user=0,02 sys=0,00, real=0,01 secs] 
2017-07-26T06:56:57.058+0200: 3,353: Total time for which application threads were stopped: 0,0052822 seconds, Stopping threads took: 0,0001020 seconds
2017-07-26T06:56:57.058+0200: 3,353: [CMS-concurrent-mark-start]
2017-07-26T06:56:57.058+0200: 3,354: [CMS-concurrent-mark: 0,001/0,001 secs] [Times: user=0,00 sys=0,00, real=0,00 secs] 
2017-07-26T06:56:57.058+0200: 3,354: [CMS-concurrent-preclean-start]
2017-07-26T06:56:57.060+0200: 3,355: [CMS-concurrent-preclean: 0,001/0,001 secs] [Times: user=0,00 sys=0,00, real=0,00 secs] 
2017-07-26T06:56:57.060+0200: 3,356: [GC (CMS Final Remark) [YG occupancy: 11958 K (109248 K)]{Heap before GC invocations=3 (full 1):
 par new generation   total 109248K, used 11958K [0x00000000e0000000, 0x00000000e8000000, 0x00000000e8000000)
  eden space 87424K,   0% used [0x00000000e0000000, 0x00000000e00b2ff8, 0x00000000e5560000)
  from space 21824K,  51% used [0x00000000e6ab0000, 0x00000000e75aa9b0, 0x00000000e8000000)
  to   space 21824K,   0% used [0x00000000e5560000, 0x00000000e5560000, 0x00000000e6ab0000)
 concurrent mark-sweep generation total 393216K, used 0K [0x00000000e8000000, 0x0000000100000000, 0x0000000100000000)
 Metaspace       used 20966K, capacity 21276K, committed 21628K, reserved 1069056K
  class space    used 2416K, capacity 2586K, committed 2684K, reserved 1048576K
2017-07-26T06:56:57.060+0200: 3,356: [GC (CMS Final Remark) 2017-07-26T06:56:57.060+0200: 3,356: [ParNew
Desired survivor size 20112992 bytes, new threshold 8 (max 8)
- age   1:      65880 bytes,      65880 total
- age   2:    1949264 bytes,    2015144 total
- age   3:     860512 bytes,    2875656 total
- age   4:    6646768 bytes,    9522424 total
: 11958K->14088K(109248K), 0,0184723 secs] 11958K->14088K(502464K), 0,0185309 secs] [Times: user=0,06 sys=0,00, real=0,02 secs] 
Heap after GC invocations=4 (full 1):
 par new generation   total 109248K, used 14088K [0x00000000e0000000, 0x00000000e8000000, 0x00000000e8000000)
  eden space 87424K,   0% used [0x00000000e0000000, 0x00000000e0000000, 0x00000000e5560000)
  from space 21824K,  64% used [0x00000000e5560000, 0x00000000e6322148, 0x00000000e6ab0000)
  to   space 21824K,   0% used [0x00000000e6ab0000, 0x00000000e6ab0000, 0x00000000e8000000)
 concurrent mark-sweep generation total 393216K, used 0K [0x00000000e8000000, 0x0000000100000000, 0x0000000100000000)
 Metaspace       used 20966K, capacity 21276K, committed 21628K, reserved 1069056K
  class space    used 2416K, capacity 2586K, committed 2684K, reserved 1048576K
}
2017-07-26T06:56:57.078+0200: 3,374: [Rescan (parallel) , 0,0126225 secs]2017-07-26T06:56:57.091+0200: 3,387: [weak refs processing, 0,0030923 secs]2017-07-26T06:56:57.094+0200: 3,390: [class unloading, 0,0041487 secs]2017-07-26T06:56:57.098+0200: 3,394: [scrub symbol table, 0,0047996 secs]2017-07-26T06:56:57.103+0200: 3,399: [scrub string table, 0,0004873 secs][1 CMS-remark: 0K(393216K)] 14088K(502464K), 0,0446486 secs] [Times: user=0,12 sys=0,00, real=0,05 secs] 
2017-07-26T06:56:57.104+0200: 3,400: Total time for which application threads were stopped: 0,0447839 seconds, Stopping threads took: 0,0000241 seconds
2017-07-26T06:56:57.106+0200: 3,401: [CMS-concurrent-sweep-start]
2017-07-26T06:56:57.106+0200: 3,401: [CMS-concurrent-sweep: 0,000/0,000 secs] [Times: user=0,00 sys=0,00, real=0,00 secs] 
2017-07-26T06:56:57.106+0200: 3,401: [CMS-concurrent-reset-start]
2017-07-26T06:56:57.108+0200: 3,404: [CMS-concurrent-reset: 0,002/0,002 secs] [Times: user=0,01 sys=0,00, real=0,00 secs] 
{Heap before GC invocations=4 (full 1):
 par new generation   total 109248K, used 101512K [0x00000000e0000000, 0x00000000e8000000, 0x00000000e8000000)
  eden space 87424K, 100% used [0x00000000e0000000, 0x00000000e5560000, 0x00000000e5560000)
  from space 21824K,  64% used [0x00000000e5560000, 0x00000000e6322148, 0x00000000e6ab0000)
  to   space 21824K,   0% used [0x00000000e6ab0000, 0x00000000e6ab0000, 0x00000000e8000000)
 concurrent mark-sweep generation total 393216K, used 0K [0x00000000e8000000, 0x0000000100000000, 0x0000000100000000)
 Metaspace       used 21209K, capacity 21564K, committed 21884K, reserved 1069056K
  class space    used 2447K, capacity 2603K, committed 2684K, reserved 1048576K
2017-07-26T06:56:57.229+0200: 3,525: [GC (Allocation Failure) 2017-07-26T06:56:57.229+0200: 3,525: [ParNew
Desired survivor size 20112992 bytes, new threshold 8 (max 8)
- age   1:     695016 bytes,     695016 total
- age   3:    1459648 bytes,    2154664 total
- age   4:     831040 bytes,    2985704 total
- age   5:    6646768 bytes,    9632472 total
: 101512K->11927K(109248K), 0,0180305 secs] 101512K->11927K(502464K), 0,0180947 secs] [Times: user=0,04 sys=0,00, real=0,02 secs] 
Heap after GC invocations=5 (full 1):
 par new generation   total 109248K, used 11927K [0x00000000e0000000, 0x00000000e8000000, 0x00000000e8000000)
  eden space 87424K,   0% used [0x00000000e0000000, 0x00000000e0000000, 0x00000000e5560000)
  from space 21824K,  54% used [0x00000000e6ab0000, 0x00000000e7655f78, 0x00000000e8000000)
  to   space 21824K,   0% used [0x00000000e5560000, 0x00000000e5560000, 0x00000000e6ab0000)
 concurrent mark-sweep generation total 393216K, used 0K [0x00000000e8000000, 0x0000000100000000, 0x0000000100000000)
 Metaspace       used 21209K, capacity 21564K, committed 21884K, reserved 1069056K
  class space    used 2447K, capacity 2603K, committed 2684K, reserved 1048576K
}
2017-07-26T06:56:57.248+0200: 3,543: Total time for which application threads were stopped: 0,0189153 seconds, Stopping threads took: 0,0006764 seconds
{Heap before GC invocations=5 (full 1):
 par new generation   total 109248K, used 99351K [0x00000000e0000000, 0x00000000e8000000, 0x00000000e8000000)
  eden space 87424K, 100% used [0x00000000e0000000, 0x00000000e5560000, 0x00000000e5560000)
  from space 21824K,  54% used [0x00000000e6ab0000, 0x00000000e7655f78, 0x00000000e8000000)
  to   space 21824K,   0% used [0x00000000e5560000, 0x00000000e5560000, 0x00000000e6ab0000)
 concurrent mark-sweep generation total 393216K, used 0K [0x00000000e8000000, 0x0000000100000000, 0x0000000100000000)
 Metaspace       used 21438K, capacity 21800K, committed 21884K, reserved 1069056K
  class space    used 2473K, capacity 2637K, committed 2684K, reserved 1048576K
2017-07-26T06:56:57.371+0200: 3,667: [GC (Allocation Failure) 2017-07-26T06:56:57.371+0200: 3,667: [ParNew
Desired survivor size 20112992 bytes, new threshold 8 (max 8)
- age   1:     551688 bytes,     551688 total
- age   2:     185592 bytes,     737280 total
- age   4:    1453456 bytes,    2190736 total
- age   5:     827184 bytes,    3017920 total
- age   6:    6646856 bytes,    9664776 total
: 99351K->14243K(109248K), 0,0171797 secs] 99351K->14243K(502464K), 0,0172677 secs] [Times: user=0,05 sys=0,00, real=0,02 secs] 
Heap after GC invocations=6 (full 1):
 par new generation   total 109248K, used 14243K [0x00000000e0000000, 0x00000000e8000000, 0x00000000e8000000)
  eden space 87424K,   0% used [0x00000000e0000000, 0x00000000e0000000, 0x00000000e5560000)
  from space 21824K,  65% used [0x00000000e5560000, 0x00000000e6348fd8, 0x00000000e6ab0000)
  to   space 21824K,   0% used [0x00000000e6ab0000, 0x00000000e6ab0000, 0x00000000e8000000)
 concurrent mark-sweep generation total 393216K, used 0K [0x00000000e8000000, 0x0000000100000000, 0x0000000100000000)
 Metaspace       used 21438K, capacity 21800K, committed 21884K, reserved 1069056K
  class space    used 2473K, capacity 2637K, committed 2684K, reserved 1048576K
}
2017-07-26T06:56:57.389+0200: 3,684: Total time for which application threads were stopped: 0,0176722 seconds, Stopping threads took: 0,0002424 seconds
2017-07-26T06:56:57.421+0200: 3,717: Total time for which application threads were stopped: 0,0003396 seconds, Stopping threads took: 0,0000224 seconds
2017-07-26T06:56:57.783+0200: 4,079: Total time for which application threads were stopped: 0,0005271 seconds, Stopping threads took: 0,0000617 seconds
2017-07-26T06:56:57.791+0200: 4,087: Total time for which application threads were stopped: 0,0003720 seconds, Stopping threads took: 0,0000719 seconds
2017-07-26T06:56:57.801+0200: 4,097: Total time for which application threads were stopped: 0,0003909 seconds, Stopping threads took: 0,0000435 seconds
2017-07-26T06:56:57.812+0200: 4,108: Total time for which application threads were stopped: 0,0003794 seconds, Stopping threads took: 0,0002926 seconds
2017-07-26T06:56:57.816+0200: 4,111: Total time for which application threads were stopped: 0,0001600 seconds, Stopping threads took: 0,0000895 seconds
2017-07-26T06:56:57.824+0200: 4,120: Total time for which application threads were stopped: 0,0000920 seconds, Stopping threads took: 0,0000236 seconds
2017-07-26T06:56:57.825+0200: 4,121: Total time for which application threads were stopped: 0,0014236 seconds, Stopping threads took: 0,0013678 seconds
2017-07-26T06:56:57.826+0200: 4,121: Total time for which application threads were stopped: 0,0000548 seconds, Stopping threads took: 0,0000229 seconds
2017-07-26T06:56:57.829+0200: 4,125: Total time for which application threads were stopped: 0,0011357 seconds, Stopping threads took: 0,0010637 seconds
2017-07-26T06:56:57.837+0200: 4,133: Total time for which application threads were stopped: 0,0003522 seconds, Stopping threads took: 0,0000261 seconds
2017-07-26T06:56:57.838+0200: 4,134: Total time for which application threads were stopped: 0,0000705 seconds, Stopping threads took: 0,0000210 seconds
2017-07-26T06:56:57.838+0200: 4,134: Total time for which application threads were stopped: 0,0000612 seconds, Stopping threads took: 0,0000252 seconds
2017-07-26T06:56:57.847+0200: 4,143: Total time for which application threads were stopped: 0,0001616 seconds, Stopping threads took: 0,0000521 seconds
2017-07-26T06:56:57.861+0200: 4,157: Total time for which application threads were stopped: 0,0002078 seconds, Stopping threads took: 0,0001191 seconds
2017-07-26T06:56:57.875+0200: 4,171: Total time for which application threads were stopped: 0,0002007 seconds, Stopping threads took: 0,0001144 seconds
2017-07-26T06:56:57.880+0200: 4,176: Total time for which application threads were stopped: 0,0001473 seconds, Stopping threads took: 0,0000624 seconds
2017-07-26T06:56:57.941+0200: 4,237: Total time for which application threads were stopped: 0,0048040 seconds, Stopping threads took: 0,0047309 seconds
{Heap before GC invocations=6 (full 1):
 par new generation   total 109248K, used 101667K [0x00000000e0000000, 0x00000000e8000000, 0x00000000e8000000)
  eden space 87424K, 100% used [0x00000000e0000000, 0x00000000e5560000, 0x00000000e5560000)
  from space 21824K,  65% used [0x00000000e5560000, 0x00000000e6348fd8, 0x00000000e6ab0000)
  to   space 21824K,   0% used [0x00000000e6ab0000, 0x00000000e6ab0000, 0x00000000e8000000)
 concurrent mark-sweep generation total 393216K, used 0K [0x00000000e8000000, 0x0000000100000000, 0x0000000100000000)
 Metaspace       used 23863K, capacity 24332K, committed 24572K, reserved 1071104K
  class space    used 2810K, capacity 3011K, committed 3068K, reserved 1048576K
2017-07-26T06:56:58.035+0200: 4,331: [GC (Allocation Failure) 2017-07-26T06:56:58.035+0200: 4,331: [ParNew
Desired survivor size 20112992 bytes, new threshold 8 (max 8)
- age   1:    5148080 bytes,    5148080 total
- age   2:     141176 bytes,    5289256 total
- age   3:     184456 bytes,    5473712 total
- age   5:     284056 bytes,    5757768 total
- age   6:     800984 bytes,    6558752 total
- age   7:    6638456 bytes,   13197208 total
: 101667K->14281K(109248K), 0,0420621 secs] 101667K->14281K(502464K), 0,0421504 secs] [Times: user=0,08 sys=0,01, real=0,04 secs] 
Heap after GC invocations=7 (full 1):
 par new generation   total 109248K, used 14281K [0x00000000e0000000, 0x00000000e8000000, 0x00000000e8000000)
  eden space 87424K,   0% used [0x00000000e0000000, 0x00000000e0000000, 0x00000000e5560000)
  from space 21824K,  65% used [0x00000000e6ab0000, 0x00000000e78a26e0, 0x00000000e8000000)
  to   space 21824K,   0% used [0x00000000e5560000, 0x00000000e5560000, 0x00000000e6ab0000)
 concurrent mark-sweep generation total 393216K, used 0K [0x00000000e8000000, 0x0000000100000000, 0x0000000100000000)
 Metaspace       used 23863K, capacity 24332K, committed 24572K, reserved 1071104K
  class space    used 2810K, capacity 3011K, committed 3068K, reserved 1048576K
}
2017-07-26T06:56:58.077+0200: 4,373: Total time for which application threads were stopped: 0,0518921 seconds, Stopping threads took: 0,0095287 seconds
2017-07-26T06:56:58.107+0200: 4,403: Total time for which application threads were stopped: 0,0059435 seconds, Stopping threads took: 0,0058464 seconds
2017-07-26T06:56:58.107+0200: 4,403: Total time for which application threads were stopped: 0,0001032 seconds, Stopping threads took: 0,0000303 seconds
{Heap before GC invocations=7 (full 1):
 par new generation   total 109248K, used 101705K [0x00000000e0000000, 0x00000000e8000000, 0x00000000e8000000)
  eden space 87424K, 100% used [0x00000000e0000000, 0x00000000e5560000, 0x00000000e5560000)
  from space 21824K,  65% used [0x00000000e6ab0000, 0x00000000e78a26e0, 0x00000000e8000000)
  to   space 21824K,   0% used [0x00000000e5560000, 0x00000000e5560000, 0x00000000e6ab0000)
 concurrent mark-sweep generation total 393216K, used 0K [0x00000000e8000000, 0x0000000100000000, 0x0000000100000000)
 Metaspace       used 24515K, capacity 24946K, committed 25084K, reserved 1071104K
  class space    used 2869K, capacity 3044K, committed 3068K, reserved 1048576K
2017-07-26T06:56:58.233+0200: 4,528: [GC (Allocation Failure) 2017-07-26T06:56:58.233+0200: 4,528: [ParNew
Desired survivor size 20112992 bytes, new threshold 8 (max 8)
- age   1:    2037832 bytes,    2037832 total
- age   2:    1739936 bytes,    3777768 total
- age   3:      86320 bytes,    3864088 total
- age   4:     101784 bytes,    3965872 total
- age   6:     184232 bytes,    4150104 total
- age   7:     757600 bytes,    4907704 total
- age   8:    6103992 bytes,   11011696 total
: 101705K->16146K(109248K), 0,0178281 secs] 101705K->16146K(502464K), 0,0179113 secs] [Times: user=0,05 sys=0,00, real=0,02 secs] 
Heap after GC invocations=8 (full 1):
 par new generation   total 109248K, used 16146K [0x00000000e0000000, 0x00000000e8000000, 0x00000000e8000000)
  eden space 87424K,   0% used [0x00000000e0000000, 0x00000000e0000000, 0x00000000e5560000)
  from space 21824K,  73% used [0x00000000e5560000, 0x00000000e6524b00, 0x00000000e6ab0000)
  to   space 21824K,   0% used [0x00000000e6ab0000, 0x00000000e6ab0000, 0x00000000e8000000)
 concurrent mark-sweep generation total 393216K, used 0K [0x00000000e8000000, 0x0000000100000000, 0x0000000100000000)
 Metaspace       used 24515K, capacity 24946K, committed 25084K, reserved 1071104K
  class space    used 2869K, capacity 3044K, committed 3068K, reserved 1048576K
}
2017-07-26T06:56:58.251+0200: 4,546: Total time for which application threads were stopped: 0,0181552 seconds, Stopping threads took: 0,0000435 seconds
2017-07-26T06:56:58.264+0200: 4,559: Total time for which application threads were stopped: 0,0059957 seconds, Stopping threads took: 0,0058960 seconds
2017-07-26T06:56:58.269+0200: 4,565: Total time for which application threads were stopped: 0,0001413 seconds, Stopping threads took: 0,0000422 seconds
2017-07-26T06:56:58.367+0200: 4,663: Total time for which application threads were stopped: 0,0100421 seconds, Stopping threads took: 0,0099229 seconds
{Heap before GC invocations=8 (full 1):
 par new generation   total 109248K, used 103570K [0x00000000e0000000, 0x00000000e8000000, 0x00000000e8000000)
  eden space 87424K, 100% used [0x00000000e0000000, 0x00000000e5560000, 0x00000000e5560000)
  from space 21824K,  73% used [0x00000000e5560000, 0x00000000e6524b00, 0x00000000e6ab0000)
  to   space 21824K,   0% used [0x00000000e6ab0000, 0x00000000e6ab0000, 0x00000000e8000000)
 concurrent mark-sweep generation total 393216K, used 0K [0x00000000e8000000, 0x0000000100000000, 0x0000000100000000)
 Metaspace       used 24891K, capacity 25324K, committed 25468K, reserved 1071104K
  class space    used 2902K, capacity 3081K, committed 3196K, reserved 1048576K
2017-07-26T06:56:58.426+0200: 4,722: [GC (Allocation Failure) 2017-07-26T06:56:58.426+0200: 4,722: [ParNew
Desired survivor size 20112992 bytes, new threshold 8 (max 8)
- age   1:     652592 bytes,     652592 total
- age   2:    1055056 bytes,    1707648 total
- age   3:    1717016 bytes,    3424664 total
- age   4:      86320 bytes,    3510984 total
- age   5:     101680 bytes,    3612664 total
- age   7:     183896 bytes,    3796560 total
- age   8:     757600 bytes,    4554160 total
: 103570K->6724K(109248K), 0,0491587 secs] 103570K->13342K(502464K), 0,0492443 secs] [Times: user=0,10 sys=0,00, real=0,05 secs] 
Heap after GC invocations=9 (full 1):
 par new generation   total 109248K, used 6724K [0x00000000e0000000, 0x00000000e8000000, 0x00000000e8000000)
  eden space 87424K,   0% used [0x00000000e0000000, 0x00000000e0000000, 0x00000000e5560000)
  from space 21824K,  30% used [0x00000000e6ab0000, 0x00000000e7141130, 0x00000000e8000000)
  to   space 21824K,   0% used [0x00000000e5560000, 0x00000000e5560000, 0x00000000e6ab0000)
 concurrent mark-sweep generation total 393216K, used 6618K [0x00000000e8000000, 0x0000000100000000, 0x0000000100000000)
 Metaspace       used 24891K, capacity 25324K, committed 25468K, reserved 1071104K
  class space    used 2902K, capacity 3081K, committed 3196K, reserved 1048576K
}
2017-07-26T06:56:58.476+0200: 4,771: Total time for which application threads were stopped: 0,0494513 seconds, Stopping threads took: 0,0000560 seconds
2017-07-26T06:56:58.583+0200: 4,879: Total time for which application threads were stopped: 0,0001735 seconds, Stopping threads took: 0,0000589 seconds
2017-07-26T06:56:58.635+0200: 4,930: Total time for which application threads were stopped: 0,0012559 seconds, Stopping threads took: 0,0011480 seconds
2017-07-26T06:56:58.653+0200: 4,948: Total time for which application threads were stopped: 0,0019147 seconds, Stopping threads took: 0,0018090 seconds
2017-07-26T06:56:58.653+0200: 4,948: Total time for which application threads were stopped: 0,0000952 seconds, Stopping threads took: 0,0000460 seconds
2017-07-26T06:56:58.653+0200: 4,949: Total time for which application threads were stopped: 0,0000568 seconds, Stopping threads took: 0,0000113 seconds
2017-07-26T06:56:58.653+0200: 4,949: Total time for which application threads were stopped: 0,0000488 seconds, Stopping threads took: 0,0000080 seconds
2017-07-26T06:56:58.653+0200: 4,949: Total time for which application threads were stopped: 0,0000447 seconds, Stopping threads took: 0,0000087 seconds
2017-07-26T06:56:58.653+0200: 4,949: Total time for which application threads were stopped: 0,0001062 seconds, Stopping threads took: 0,0000498 seconds
2017-07-26T06:56:58.654+0200: 4,949: Total time for which application threads were stopped: 0,0000908 seconds, Stopping threads took: 0,0000417 seconds
2017-07-26T06:56:58.654+0200: 4,949: Total time for which application threads were stopped: 0,0000505 seconds, Stopping threads took: 0,0000084 seconds
2017-07-26T06:56:58.654+0200: 4,949: Total time for which application threads were stopped: 0,0000458 seconds, Stopping threads took: 0,0000077 seconds
2017-07-26T06:56:58.654+0200: 4,950: Total time for which application threads were stopped: 0,0000522 seconds, Stopping threads took: 0,0000088 seconds
2017-07-26T06:56:58.654+0200: 4,950: Total time for which application threads were stopped: 0,0000478 seconds, Stopping threads took: 0,0000098 seconds
2017-07-26T06:56:58.654+0200: 4,950: Total time for which application threads were stopped: 0,0000488 seconds, Stopping threads took: 0,0000097 seconds
2017-07-26T06:56:58.654+0200: 4,950: Total time for which application threads were stopped: 0,0000474 seconds, Stopping threads took: 0,0000097 seconds
2017-07-26T06:56:58.654+0200: 4,950: Total time for which application threads were stopped: 0,0001012 seconds, Stopping threads took: 0,0000575 seconds
2017-07-26T06:56:58.654+0200: 4,950: Total time for which application threads were stopped: 0,0000491 seconds, Stopping threads took: 0,0000101 seconds
2017-07-26T06:56:58.654+0200: 4,950: Total time for which application threads were stopped: 0,0000512 seconds, Stopping threads took: 0,0000145 seconds
2017-07-26T06:56:58.654+0200: 4,950: Total time for which application threads were stopped: 0,0000449 seconds, Stopping threads took: 0,0000084 seconds
2017-07-26T06:56:58.654+0200: 4,950: Total time for which application threads were stopped: 0,0000591 seconds, Stopping threads took: 0,0000178 seconds
2017-07-26T06:56:58.655+0200: 4,950: Total time for which application threads were stopped: 0,0000456 seconds, Stopping threads took: 0,0000096 seconds
2017-07-26T06:56:58.665+0200: 4,961: Total time for which application threads were stopped: 0,0001764 seconds, Stopping threads took: 0,0000520 seconds
2017-07-26T06:56:58.666+0200: 4,962: Total time for which application threads were stopped: 0,0001477 seconds, Stopping threads took: 0,0000675 seconds
2017-07-26T06:56:58.666+0200: 4,962: Total time for which application threads were stopped: 0,0000969 seconds, Stopping threads took: 0,0000289 seconds
2017-07-26T06:56:58.666+0200: 4,962: Total time for which application threads were stopped: 0,0001005 seconds, Stopping threads took: 0,0000354 seconds
2017-07-26T06:56:58.666+0200: 4,962: Total time for which application threads were stopped: 0,0000885 seconds, Stopping threads took: 0,0000205 seconds
2017-07-26T06:56:58.666+0200: 4,962: Total time for which application threads were stopped: 0,0000800 seconds, Stopping threads took: 0,0000115 seconds
2017-07-26T06:56:58.666+0200: 4,962: Total time for which application threads were stopped: 0,0000600 seconds, Stopping threads took: 0,0000084 seconds
2017-07-26T06:56:58.667+0200: 4,962: Total time for which application threads were stopped: 0,0000593 seconds, Stopping threads took: 0,0000094 seconds
2017-07-26T06:56:58.667+0200: 4,962: Total time for which application threads were stopped: 0,0001214 seconds, Stopping threads took: 0,0000070 seconds
2017-07-26T06:56:58.675+0200: 4,971: Total time for which application threads were stopped: 0,0019640 seconds, Stopping threads took: 0,0018711 seconds
2017-07-26T06:56:58.675+0200: 4,971: Total time for which application threads were stopped: 0,0000780 seconds, Stopping threads took: 0,0000326 seconds
2017-07-26T06:56:58.676+0200: 4,971: Total time for which application threads were stopped: 0,0001787 seconds, Stopping threads took: 0,0000096 seconds
2017-07-26T06:56:58.678+0200: 4,974: Total time for which application threads were stopped: 0,0001335 seconds, Stopping threads took: 0,0000247 seconds
2017-07-26T06:56:58.683+0200: 4,979: Total time for which application threads were stopped: 0,0015215 seconds, Stopping threads took: 0,0014274 seconds
2017-07-26T06:56:58.684+0200: 4,980: Total time for which application threads were stopped: 0,0000996 seconds, Stopping threads took: 0,0000402 seconds
2017-07-26T06:56:58.702+0200: 4,997: Total time for which application threads were stopped: 0,0002368 seconds, Stopping threads took: 0,0001167 seconds
2017-07-26T06:56:58.728+0200: 5,023: Total time for which application threads were stopped: 0,0102226 seconds, Stopping threads took: 0,0101109 seconds
2017-07-26T06:56:58.729+0200: 5,025: Total time for which application threads were stopped: 0,0013985 seconds, Stopping threads took: 0,0013245 seconds
2017-07-26T06:56:58.730+0200: 5,026: Total time for which application threads were stopped: 0,0001121 seconds, Stopping threads took: 0,0000491 seconds
2017-07-26T06:56:58.741+0200: 5,037: Total time for which application threads were stopped: 0,0001056 seconds, Stopping threads took: 0,0000325 seconds
2017-07-26T06:56:58.748+0200: 5,044: Total time for which application threads were stopped: 0,0001757 seconds, Stopping threads took: 0,0000585 seconds
2017-07-26T06:56:58.753+0200: 5,049: Total time for which application threads were stopped: 0,0001077 seconds, Stopping threads took: 0,0000350 seconds
2017-07-26T06:56:58.757+0200: 5,053: Total time for which application threads were stopped: 0,0000928 seconds, Stopping threads took: 0,0000231 seconds
2017-07-26T06:56:58.757+0200: 5,053: Total time for which application threads were stopped: 0,0000619 seconds, Stopping threads took: 0,0000122 seconds
2017-07-26T06:56:58.758+0200: 5,054: Total time for which application threads were stopped: 0,0000909 seconds, Stopping threads took: 0,0000194 seconds
2017-07-26T06:56:58.759+0200: 5,055: Total time for which application threads were stopped: 0,0001047 seconds, Stopping threads took: 0,0000372 seconds
2017-07-26T06:56:58.761+0200: 5,057: Total time for which application threads were stopped: 0,0022585 seconds, Stopping threads took: 0,0021658 seconds
2017-07-26T06:56:58.762+0200: 5,057: Total time for which application threads were stopped: 0,0001163 seconds, Stopping threads took: 0,0000312 seconds
2017-07-26T06:56:58.762+0200: 5,058: Total time for which application threads were stopped: 0,0005637 seconds, Stopping threads took: 0,0005023 seconds
2017-07-26T06:56:58.766+0200: 5,062: Total time for which application threads were stopped: 0,0001095 seconds, Stopping threads took: 0,0000188 seconds
2017-07-26T06:56:58.768+0200: 5,064: Total time for which application threads were stopped: 0,0001573 seconds, Stopping threads took: 0,0000646 seconds
2017-07-26T06:56:58.771+0200: 5,067: Total time for which application threads were stopped: 0,0003383 seconds, Stopping threads took: 0,0000982 seconds
2017-07-26T06:56:58.773+0200: 5,069: Total time for which application threads were stopped: 0,0001030 seconds, Stopping threads took: 0,0000325 seconds
2017-07-26T06:56:58.776+0200: 5,072: Total time for which application threads were stopped: 0,0001023 seconds, Stopping threads took: 0,0000258 seconds
2017-07-26T06:56:58.777+0200: 5,073: Total time for which application threads were stopped: 0,0004445 seconds, Stopping threads took: 0,0004044 seconds
2017-07-26T06:56:58.778+0200: 5,073: Total time for which application threads were stopped: 0,0000997 seconds, Stopping threads took: 0,0000305 seconds
2017-07-26T06:56:58.778+0200: 5,074: Total time for which application threads were stopped: 0,0000887 seconds, Stopping threads took: 0,0000222 seconds
2017-07-26T06:56:58.778+0200: 5,074: Total time for which application threads were stopped: 0,0001042 seconds, Stopping threads took: 0,0000470 seconds
2017-07-26T06:56:58.781+0200: 5,077: Total time for which application threads were stopped: 0,0007968 seconds, Stopping threads took: 0,0007169 seconds
2017-07-26T06:56:58.785+0200: 5,081: Total time for which application threads were stopped: 0,0013524 seconds, Stopping threads took: 0,0012627 seconds
2017-07-26T06:56:58.822+0200: 5,118: Total time for which application threads were stopped: 0,0008069 seconds, Stopping threads took: 0,0004767 seconds
2017-07-26T06:56:58.825+0200: 5,121: Total time for which application threads were stopped: 0,0001493 seconds, Stopping threads took: 0,0000471 seconds
2017-07-26T06:56:58.833+0200: 5,129: Total time for which application threads were stopped: 0,0001216 seconds, Stopping threads took: 0,0000347 seconds
2017-07-26T06:56:58.838+0200: 5,133: Total time for which application threads were stopped: 0,0027314 seconds, Stopping threads took: 0,0025431 seconds
2017-07-26T06:56:58.850+0200: 5,145: Total time for which application threads were stopped: 0,0004305 seconds, Stopping threads took: 0,0000178 seconds
2017-07-26T06:56:58.858+0200: 5,154: Total time for which application threads were stopped: 0,0001497 seconds, Stopping threads took: 0,0000366 seconds
2017-07-26T06:56:58.898+0200: 5,194: Total time for which application threads were stopped: 0,0001752 seconds, Stopping threads took: 0,0000862 seconds
2017-07-26T06:56:58.912+0200: 5,208: Total time for which application threads were stopped: 0,0003650 seconds, Stopping threads took: 0,0000182 seconds
2017-07-26T06:56:58.926+0200: 5,221: Total time for which application threads were stopped: 0,0001333 seconds, Stopping threads took: 0,0000455 seconds
2017-07-26T06:56:58.926+0200: 5,222: Total time for which application threads were stopped: 0,0000988 seconds, Stopping threads took: 0,0000249 seconds
2017-07-26T06:56:58.932+0200: 5,228: Total time for which application threads were stopped: 0,0001117 seconds, Stopping threads took: 0,0000248 seconds
2017-07-26T06:56:58.934+0200: 5,230: Total time for which application threads were stopped: 0,0001618 seconds, Stopping threads took: 0,0000528 seconds
2017-07-26T06:56:58.935+0200: 5,230: Total time for which application threads were stopped: 0,0001199 seconds, Stopping threads took: 0,0000175 seconds
2017-07-26T06:56:58.936+0200: 5,231: Total time for which application threads were stopped: 0,0001146 seconds, Stopping threads took: 0,0000179 seconds
2017-07-26T06:56:58.936+0200: 5,231: Total time for which application threads were stopped: 0,0001333 seconds, Stopping threads took: 0,0000239 seconds
2017-07-26T06:56:58.941+0200: 5,237: Total time for which application threads were stopped: 0,0056986 seconds, Stopping threads took: 0,0055925 seconds
2017-07-26T06:56:58.942+0200: 5,238: Total time for which application threads were stopped: 0,0001474 seconds, Stopping threads took: 0,0000549 seconds
2017-07-26T06:56:58.943+0200: 5,238: Total time for which application threads were stopped: 0,0001680 seconds, Stopping threads took: 0,0000931 seconds
2017-07-26T06:56:58.947+0200: 5,243: Total time for which application threads were stopped: 0,0001980 seconds, Stopping threads took: 0,0000939 seconds
2017-07-26T06:56:58.947+0200: 5,243: Total time for which application threads were stopped: 0,0002447 seconds, Stopping threads took: 0,0001741 seconds
2017-07-26T06:56:58.947+0200: 5,243: Total time for which application threads were stopped: 0,0000906 seconds, Stopping threads took: 0,0000244 seconds
2017-07-26T06:56:58.948+0200: 5,244: Total time for which application threads were stopped: 0,0001366 seconds, Stopping threads took: 0,0000440 seconds
2017-07-26T06:56:58.949+0200: 5,245: Total time for which application threads were stopped: 0,0001391 seconds, Stopping threads took: 0,0000477 seconds
2017-07-26T06:56:58.950+0200: 5,245: Total time for which application threads were stopped: 0,0000972 seconds, Stopping threads took: 0,0000229 seconds
2017-07-26T06:56:58.950+0200: 5,246: Total time for which application threads were stopped: 0,0001866 seconds, Stopping threads took: 0,0001307 seconds
2017-07-26T06:56:58.950+0200: 5,246: Total time for which application threads were stopped: 0,0000730 seconds, Stopping threads took: 0,0000191 seconds
2017-07-26T06:56:58.950+0200: 5,246: Total time for which application threads were stopped: 0,0000816 seconds, Stopping threads took: 0,0000199 seconds
2017-07-26T06:56:58.951+0200: 5,247: Total time for which application threads were stopped: 0,0005133 seconds, Stopping threads took: 0,0000903 seconds
2017-07-26T06:56:58.952+0200: 5,248: Total time for which application threads were stopped: 0,0001776 seconds, Stopping threads took: 0,0000821 seconds
2017-07-26T06:56:58.963+0200: 5,259: Total time for which application threads were stopped: 0,0001206 seconds, Stopping threads took: 0,0000309 seconds
2017-07-26T06:56:58.988+0200: 5,284: Total time for which application threads were stopped: 0,0009500 seconds, Stopping threads took: 0,0008505 seconds
2017-07-26T06:56:59.003+0200: 5,299: Total time for which application threads were stopped: 0,0001646 seconds, Stopping threads took: 0,0000522 seconds
2017-07-26T06:56:59.035+0200: 5,331: Total time for which application threads were stopped: 0,0001382 seconds, Stopping threads took: 0,0000470 seconds
2017-07-26T06:56:59.035+0200: 5,331: Total time for which application threads were stopped: 0,0000843 seconds, Stopping threads took: 0,0000211 seconds
2017-07-26T06:56:59.051+0200: 5,347: Total time for which application threads were stopped: 0,0004272 seconds, Stopping threads took: 0,0000573 seconds
2017-07-26T06:56:59.056+0200: 5,352: Total time for which application threads were stopped: 0,0008218 seconds, Stopping threads took: 0,0006795 seconds
2017-07-26T06:57:00.056+0200: 6,352: Total time for which application threads were stopped: 0,0000878 seconds, Stopping threads took: 0,0000211 seconds
2017-07-26T06:57:16.059+0200: 22,354: Total time for which application threads were stopped: 0,0003389 seconds, Stopping threads took: 0,0001156 seconds
2017-07-26T06:57:26.060+0200: 32,355: Total time for which application threads were stopped: 0,0001825 seconds, Stopping threads took: 0,0000885 seconds
2017-07-26T06:58:16.064+0200: 82,360: Total time for which application threads were stopped: 0,0000658 seconds, Stopping threads took: 0,0000179 seconds
2017-07-26T06:58:51.068+0200: 117,364: Total time for which application threads were stopped: 0,0000802 seconds, Stopping threads took: 0,0000333 seconds
2017-07-26T06:58:56.071+0200: 122,368: Total time for which application threads were stopped: 0,0014224 seconds, Stopping threads took: 0,0000297 seconds
{Heap before GC invocations=9 (full 1):
 par new generation   total 109248K, used 94148K [0x00000000e0000000, 0x00000000e8000000, 0x00000000e8000000)
  eden space 87424K, 100% used [0x00000000e0000000, 0x00000000e5560000, 0x00000000e5560000)
  from space 21824K,  30% used [0x00000000e6ab0000, 0x00000000e7141130, 0x00000000e8000000)
  to   space 21824K,   0% used [0x00000000e5560000, 0x00000000e5560000, 0x00000000e6ab0000)
 concurrent mark-sweep generation total 393216K, used 6618K [0x00000000e8000000, 0x0000000100000000, 0x0000000100000000)
 Metaspace       used 27965K, capacity 28494K, committed 28796K, reserved 1075200K
  class space    used 3211K, capacity 3388K, committed 3452K, reserved 1048576K
2017-07-26T06:59:49.825+0200: 176,121: [GC (Allocation Failure) 2017-07-26T06:59:49.826+0200: 176,121: [ParNew
Desired survivor size 20112992 bytes, new threshold 8 (max 8)
- age   1:   10831840 bytes,   10831840 total
- age   2:     208032 bytes,   11039872 total
- age   3:     268168 bytes,   11308040 total
- age   4:    1706216 bytes,   13014256 total
- age   5:      83904 bytes,   13098160 total
- age   6:     101520 bytes,   13199680 total
- age   8:     183640 bytes,   13383320 total
: 94148K->14357K(109248K), 0,0137012 secs] 100766K->21726K(502464K), 0,0137903 secs] [Times: user=0,05 sys=0,00, real=0,01 secs] 
Heap after GC invocations=10 (full 1):
 par new generation   total 109248K, used 14357K [0x00000000e0000000, 0x00000000e8000000, 0x00000000e8000000)
  eden space 87424K,   0% used [0x00000000e0000000, 0x00000000e0000000, 0x00000000e5560000)
  from space 21824K,  65% used [0x00000000e5560000, 0x00000000e6365540, 0x00000000e6ab0000)
  to   space 21824K,   0% used [0x00000000e6ab0000, 0x00000000e6ab0000, 0x00000000e8000000)
 concurrent mark-sweep generation total 393216K, used 7369K [0x00000000e8000000, 0x0000000100000000, 0x0000000100000000)
 Metaspace       used 27965K, capacity 28494K, committed 28796K, reserved 1075200K
  class space    used 3211K, capacity 3388K, committed 3452K, reserved 1048576K
}
2017-07-26T06:59:49.839+0200: 176,135: Total time for which application threads were stopped: 0,0140784 seconds, Stopping threads took: 0,0001201 seconds
2017-07-26T06:59:49.840+0200: 176,135: Total time for which application threads were stopped: 0,0000812 seconds, Stopping threads took: 0,0000269 seconds
2017-07-26T06:59:49.840+0200: 176,136: Total time for which application threads were stopped: 0,0000374 seconds, Stopping threads took: 0,0000150 seconds
2017-07-26T07:01:21.850+0200: 268,146: Total time for which application threads were stopped: 0,0000892 seconds, Stopping threads took: 0,0000377 seconds
2017-07-26T07:01:31.851+0200: 278,147: Total time for which application threads were stopped: 0,0001019 seconds, Stopping threads took: 0,0000431 seconds
2017-07-26T07:20:19.970+0200: 1406,266: Total time for which application threads were stopped: 0,0001628 seconds, Stopping threads took: 0,0000527 seconds
2017-07-26T07:24:04.995+0200: 1631,291: Total time for which application threads were stopped: 0,0000740 seconds, Stopping threads took: 0,0000279 seconds
2017-07-26T07:24:09.995+0200: 1636,291: Total time for which application threads were stopped: 0,0000587 seconds, Stopping threads took: 0,0000144 seconds
2017-07-26T07:28:43.309+0200: 1909,604: Total time for which application threads were stopped: 0,0000965 seconds, Stopping threads took: 0,0000473 seconds
2017-07-26T07:28:43.309+0200: 1909,605: Total time for which application threads were stopped: 0,0000398 seconds, Stopping threads took: 0,0000100 seconds
2017-07-26T07:28:43.310+0200: 1909,605: Total time for which application threads were stopped: 0,0000527 seconds, Stopping threads took: 0,0000124 seconds
2017-07-26T07:28:43.310+0200: 1909,606: Total time for which application threads were stopped: 0,0000768 seconds, Stopping threads took: 0,0000270 seconds
2017-07-26T07:28:43.310+0200: 1909,606: Total time for which application threads were stopped: 0,0000327 seconds, Stopping threads took: 0,0000098 seconds
2017-07-26T07:28:43.310+0200: 1909,606: Total time for which application threads were stopped: 0,0000312 seconds, Stopping threads took: 0,0000084 seconds
2017-07-26T07:28:43.310+0200: 1909,606: Total time for which application threads were stopped: 0,0000265 seconds, Stopping threads took: 0,0000065 seconds
2017-07-26T07:28:43.310+0200: 1909,606: Total time for which application threads were stopped: 0,0000292 seconds, Stopping threads took: 0,0000077 seconds
2017-07-26T07:28:43.311+0200: 1909,606: Total time for which application threads were stopped: 0,0000290 seconds, Stopping threads took: 0,0000069 seconds
2017-07-26T07:28:43.311+0200: 1909,606: Total time for which application threads were stopped: 0,0000253 seconds, Stopping threads took: 0,0000066 seconds
2017-07-26T07:28:43.311+0200: 1909,606: Total time for which application threads were stopped: 0,0000250 seconds, Stopping threads took: 0,0000063 seconds
2017-07-26T07:28:43.311+0200: 1909,606: Total time for which application threads were stopped: 0,0000343 seconds, Stopping threads took: 0,0000130 seconds
2017-07-26T07:28:43.311+0200: 1909,607: Total time for which application threads were stopped: 0,0000424 seconds, Stopping threads took: 0,0000213 seconds
2017-07-26T07:28:43.311+0200: 1909,607: Total time for which application threads were stopped: 0,0000324 seconds, Stopping threads took: 0,0000126 seconds
2017-07-26T07:28:43.311+0200: 1909,607: Total time for which application threads were stopped: 0,0000402 seconds, Stopping threads took: 0,0000208 seconds
2017-07-26T07:28:43.311+0200: 1909,607: Total time for which application threads were stopped: 0,0000360 seconds, Stopping threads took: 0,0000161 seconds
2017-07-26T07:28:43.311+0200: 1909,607: Total time for which application threads were stopped: 0,0000237 seconds, Stopping threads took: 0,0000057 seconds
2017-07-26T07:28:43.311+0200: 1909,607: Total time for which application threads were stopped: 0,0000235 seconds, Stopping threads took: 0,0000058 seconds
2017-07-26T07:28:43.311+0200: 1909,607: Total time for which application threads were stopped: 0,0000239 seconds, Stopping threads took: 0,0000061 seconds
2017-07-26T07:28:43.311+0200: 1909,607: Total time for which application threads were stopped: 0,0000235 seconds, Stopping threads took: 0,0000057 seconds
2017-07-26T07:28:43.311+0200: 1909,607: Total time for which application threads were stopped: 0,0000239 seconds, Stopping threads took: 0,0000058 seconds
2017-07-26T07:28:43.311+0200: 1909,607: Total time for which application threads were stopped: 0,0000237 seconds, Stopping threads took: 0,0000059 seconds
2017-07-26T07:28:43.320+0200: 1909,616: Total time for which application threads were stopped: 0,0006092 seconds, Stopping threads took: 0,0005194 seconds
2017-07-26T07:28:43.333+0200: 1909,629: Total time for which application threads were stopped: 0,0000743 seconds, Stopping threads took: 0,0000191 seconds
2017-07-26T07:28:43.333+0200: 1909,629: Total time for which application threads were stopped: 0,0000261 seconds, Stopping threads took: 0,0000059 seconds
2017-07-26T07:28:43.333+0200: 1909,629: Total time for which application threads were stopped: 0,0000288 seconds, Stopping threads took: 0,0000052 seconds
2017-07-26T07:28:43.333+0200: 1909,629: Total time for which application threads were stopped: 0,0000250 seconds, Stopping threads took: 0,0000061 seconds
2017-07-26T07:28:43.333+0200: 1909,629: Total time for which application threads were stopped: 0,0000340 seconds, Stopping threads took: 0,0000139 seconds
2017-07-26T07:28:43.333+0200: 1909,629: Total time for which application threads were stopped: 0,0000344 seconds, Stopping threads took: 0,0000140 seconds
2017-07-26T07:28:43.333+0200: 1909,629: Total time for which application threads were stopped: 0,0000375 seconds, Stopping threads took: 0,0000150 seconds
2017-07-26T07:28:43.333+0200: 1909,629: Total time for which application threads were stopped: 0,0000360 seconds, Stopping threads took: 0,0000145 seconds
2017-07-26T07:28:43.333+0200: 1909,629: Total time for which application threads were stopped: 0,0000331 seconds, Stopping threads took: 0,0000130 seconds
2017-07-26T07:28:43.337+0200: 1909,632: Total time for which application threads were stopped: 0,0000971 seconds, Stopping threads took: 0,0000239 seconds
2017-07-26T07:28:43.403+0200: 1909,699: Total time for which application threads were stopped: 0,0594883 seconds, Stopping threads took: 0,0594028 seconds
2017-07-26T07:28:43.403+0200: 1909,699: Total time for which application threads were stopped: 0,0000529 seconds, Stopping threads took: 0,0000092 seconds
2017-07-26T07:28:43.405+0200: 1909,701: Total time for which application threads were stopped: 0,0001151 seconds, Stopping threads took: 0,0000390 seconds
2017-07-26T07:28:43.407+0200: 1909,703: Total time for which application threads were stopped: 0,0001333 seconds, Stopping threads took: 0,0000619 seconds
2017-07-26T07:28:43.423+0200: 1909,719: Total time for which application threads were stopped: 0,0107895 seconds, Stopping threads took: 0,0107075 seconds
2017-07-26T07:28:43.430+0200: 1909,725: Total time for which application threads were stopped: 0,0058204 seconds, Stopping threads took: 0,0057500 seconds
2017-07-26T07:28:43.430+0200: 1909,726: Total time for which application threads were stopped: 0,0000466 seconds, Stopping threads took: 0,0000082 seconds
2017-07-26T07:28:43.430+0200: 1909,726: Total time for which application threads were stopped: 0,0000360 seconds, Stopping threads took: 0,0000048 seconds
2017-07-26T07:28:43.432+0200: 1909,728: Total time for which application threads were stopped: 0,0001035 seconds, Stopping threads took: 0,0000301 seconds
2017-07-26T07:28:43.434+0200: 1909,729: Total time for which application threads were stopped: 0,0003137 seconds, Stopping threads took: 0,0002423 seconds
2017-07-26T07:28:43.435+0200: 1909,730: Total time for which application threads were stopped: 0,0000871 seconds, Stopping threads took: 0,0000184 seconds
2017-07-26T07:28:43.435+0200: 1909,730: Total time for which application threads were stopped: 0,0000531 seconds, Stopping threads took: 0,0000164 seconds
2017-07-26T07:28:43.435+0200: 1909,731: Total time for which application threads were stopped: 0,0000356 seconds, Stopping threads took: 0,0000050 seconds
2017-07-26T07:28:43.435+0200: 1909,731: Total time for which application threads were stopped: 0,0000337 seconds, Stopping threads took: 0,0000052 seconds
2017-07-26T07:28:43.436+0200: 1909,731: Total time for which application threads were stopped: 0,0000906 seconds, Stopping threads took: 0,0000270 seconds
2017-07-26T07:28:43.437+0200: 1909,732: Total time for which application threads were stopped: 0,0009062 seconds, Stopping threads took: 0,0008333 seconds
2017-07-26T07:28:43.437+0200: 1909,733: Total time for which application threads were stopped: 0,0000803 seconds, Stopping threads took: 0,0000169 seconds
2017-07-26T07:28:43.438+0200: 1909,733: Total time for which application threads were stopped: 0,0000418 seconds, Stopping threads took: 0,0000082 seconds
2017-07-26T07:28:43.438+0200: 1909,733: Total time for which application threads were stopped: 0,0000383 seconds, Stopping threads took: 0,0000074 seconds
2017-07-26T07:28:43.438+0200: 1909,734: Total time for which application threads were stopped: 0,0000871 seconds, Stopping threads took: 0,0000282 seconds
2017-07-26T07:28:43.439+0200: 1909,735: Total time for which application threads were stopped: 0,0002046 seconds, Stopping threads took: 0,0000219 seconds
2017-07-26T07:28:43.443+0200: 1909,738: Total time for which application threads were stopped: 0,0001358 seconds, Stopping threads took: 0,0000358 seconds
2017-07-26T07:28:43.451+0200: 1909,746: Total time for which application threads were stopped: 0,0001003 seconds, Stopping threads took: 0,0000338 seconds
2017-07-26T07:28:43.451+0200: 1909,747: Total time for which application threads were stopped: 0,0001237 seconds, Stopping threads took: 0,0000519 seconds
Heap
 par new generation   total 109248K, used 33572K [0x00000000e0000000, 0x00000000e8000000, 0x00000000e8000000)
  eden space 87424K,  21% used [0x00000000e0000000, 0x00000000e12c3db8, 0x00000000e5560000)
  from space 21824K,  65% used [0x00000000e5560000, 0x00000000e6365540, 0x00000000e6ab0000)
  to   space 21824K,   0% used [0x00000000e6ab0000, 0x00000000e6ab0000, 0x00000000e8000000)
 concurrent mark-sweep generation total 393216K, used 7369K [0x00000000e8000000, 0x0000000100000000, 0x0000000100000000)
 Metaspace       used 28084K, capacity 28632K, committed 28796K, reserved 1075200K
  class space    used 3225K, capacity 3391K, committed 3452K, reserved 1048576K
