OpenJDK 64-Bit Server VM (25.131-b11) for linux-amd64 JRE (1.8.0_131-8u131-b11-0ubuntu1.16.04.2-b11), built on May  6 2017 02:45:27 by "buildd" with gcc 5.4.0 20160609
Memory: 4k page, physical 7867740k(7411944k free), swap 8076284k(8076284k free)
CommandLine flags: -XX:CMSInitiatingOccupancyFraction=50 -XX:CMSMaxAbortablePrecleanTime=6000 -XX:+CMSParallelRemarkEnabled -XX:+CMSScavengeBeforeRemark -XX:ConcGCThreads=4 -XX:InitialHeapSize=536870912 -XX:MaxHeapSize=536870912 -XX:MaxTenuringThreshold=8 -XX:NewRatio=3 -XX:OldPLABSize=16 -XX:OnOutOfMemoryError=/opt/solr/bin/oom_solr.sh 8983 /var/solr/logs -XX:ParallelGCThreads=4 -XX:+ParallelRefProcEnabled -XX:PretenureSizeThreshold=67108864 -XX:+PrintGC -XX:+PrintGCApplicationStoppedTime -XX:+PrintGCDateStamps -XX:+PrintGCDetails -XX:+PrintGCTimeStamps -XX:+PrintHeapAtGC -XX:+PrintTenuringDistribution -XX:SurvivorRatio=4 -XX:TargetSurvivorRatio=90 -XX:ThreadStackSize=256 -XX:+UseCMSInitiatingOccupancyOnly -XX:+UseCompressedClassPointers -XX:+UseCompressedOops -XX:+UseConcMarkSweepGC -XX:+UseParNewGC 
2017-06-21T01:21:02.384+0200: 0,152: Total time for which application threads were stopped: 0,0000589 seconds, Stopping threads took: 0,0000094 seconds
2017-06-21T01:21:02.477+0200: 0,244: Total time for which application threads were stopped: 0,0001254 seconds, Stopping threads took: 0,0000128 seconds
2017-06-21T01:21:02.494+0200: 0,261: Total time for which application threads were stopped: 0,0000929 seconds, Stopping threads took: 0,0000148 seconds
2017-06-21T01:21:02.686+0200: 0,453: Total time for which application threads were stopped: 0,0001882 seconds, Stopping threads took: 0,0000285 seconds
2017-06-21T01:21:03.104+0200: 0,871: Total time for which application threads were stopped: 0,0001219 seconds, Stopping threads took: 0,0000162 seconds
2017-06-21T01:21:03.192+0200: 0,959: Total time for which application threads were stopped: 0,0001796 seconds, Stopping threads took: 0,0000249 seconds
2017-06-21T01:21:03.213+0200: 0,980: Total time for which application threads were stopped: 0,0002967 seconds, Stopping threads took: 0,0001478 seconds
2017-06-21T01:21:03.757+0200: 1,524: Total time for which application threads were stopped: 0,0001659 seconds, Stopping threads took: 0,0000161 seconds
2017-06-21T01:21:04.007+0200: 1,774: Total time for which application threads were stopped: 0,0002158 seconds, Stopping threads took: 0,0000406 seconds
2017-06-21T01:21:04.033+0200: 1,800: Total time for which application threads were stopped: 0,0002314 seconds, Stopping threads took: 0,0000173 seconds
2017-06-21T01:21:04.070+0200: 1,837: Total time for which application threads were stopped: 0,0002181 seconds, Stopping threads took: 0,0000219 seconds
2017-06-21T01:21:04.071+0200: 1,838: Total time for which application threads were stopped: 0,0002494 seconds, Stopping threads took: 0,0000157 seconds
2017-06-21T01:21:04.089+0200: 1,856: Total time for which application threads were stopped: 0,0001834 seconds, Stopping threads took: 0,0000191 seconds
2017-06-21T01:21:04.169+0200: 1,936: Total time for which application threads were stopped: 0,0002476 seconds, Stopping threads took: 0,0000230 seconds
2017-06-21T01:21:04.335+0200: 2,102: Total time for which application threads were stopped: 0,0002680 seconds, Stopping threads took: 0,0000502 seconds
{Heap before GC invocations=0 (full 0):
 par new generation   total 109248K, used 87424K [0x00000000e0000000, 0x00000000e8000000, 0x00000000e8000000)
  eden space 87424K, 100% used [0x00000000e0000000, 0x00000000e5560000, 0x00000000e5560000)
  from space 21824K,   0% used [0x00000000e5560000, 0x00000000e5560000, 0x00000000e6ab0000)
  to   space 21824K,   0% used [0x00000000e6ab0000, 0x00000000e6ab0000, 0x00000000e8000000)
 concurrent mark-sweep generation total 393216K, used 0K [0x00000000e8000000, 0x0000000100000000, 0x0000000100000000)
 Metaspace       used 17987K, capacity 18336K, committed 18688K, reserved 1064960K
  class space    used 2035K, capacity 2196K, committed 2304K, reserved 1048576K
2017-06-21T01:21:04.420+0200: 2,187: [GC (Allocation Failure) 2017-06-21T01:21:04.420+0200: 2,187: [ParNew
Desired survivor size 20112992 bytes, new threshold 8 (max 8)
- age   1:   12417128 bytes,   12417128 total
: 87424K->12242K(109248K), 0,0165008 secs] 87424K->12242K(502464K), 0,0165719 secs] [Times: user=0,05 sys=0,00, real=0,02 secs] 
Heap after GC invocations=1 (full 0):
 par new generation   total 109248K, used 12242K [0x00000000e0000000, 0x00000000e8000000, 0x00000000e8000000)
  eden space 87424K,   0% used [0x00000000e0000000, 0x00000000e0000000, 0x00000000e5560000)
  from space 21824K,  56% used [0x00000000e6ab0000, 0x00000000e76a4b68, 0x00000000e8000000)
  to   space 21824K,   0% used [0x00000000e5560000, 0x00000000e5560000, 0x00000000e6ab0000)
 concurrent mark-sweep generation total 393216K, used 0K [0x00000000e8000000, 0x0000000100000000, 0x0000000100000000)
 Metaspace       used 17987K, capacity 18336K, committed 18688K, reserved 1064960K
  class space    used 2035K, capacity 2196K, committed 2304K, reserved 1048576K
}
2017-06-21T01:21:04.437+0200: 2,204: Total time for which application threads were stopped: 0,0168294 seconds, Stopping threads took: 0,0000720 seconds
2017-06-21T01:21:04.761+0200: 2,528: Total time for which application threads were stopped: 0,0003697 seconds, Stopping threads took: 0,0001036 seconds
2017-06-21T01:21:04.802+0200: 2,569: Total time for which application threads were stopped: 0,0020669 seconds, Stopping threads took: 0,0017462 seconds
{Heap before GC invocations=1 (full 0):
 par new generation   total 109248K, used 99666K [0x00000000e0000000, 0x00000000e8000000, 0x00000000e8000000)
  eden space 87424K, 100% used [0x00000000e0000000, 0x00000000e5560000, 0x00000000e5560000)
  from space 21824K,  56% used [0x00000000e6ab0000, 0x00000000e76a4b68, 0x00000000e8000000)
  to   space 21824K,   0% used [0x00000000e5560000, 0x00000000e5560000, 0x00000000e6ab0000)
 concurrent mark-sweep generation total 393216K, used 0K [0x00000000e8000000, 0x0000000100000000, 0x0000000100000000)
 Metaspace       used 20055K, capacity 20378K, committed 20736K, reserved 1067008K
  class space    used 2299K, capacity 2475K, committed 2560K, reserved 1048576K
2017-06-21T01:21:04.807+0200: 2,574: [GC (Allocation Failure) 2017-06-21T01:21:04.807+0200: 2,574: [ParNew
Desired survivor size 20112992 bytes, new threshold 8 (max 8)
- age   1:    3671192 bytes,    3671192 total
- age   2:    6647632 bytes,   10318824 total
: 99666K->13711K(109248K), 0,0099702 secs] 99666K->13711K(502464K), 0,0100474 secs] [Times: user=0,03 sys=0,00, real=0,01 secs] 
Heap after GC invocations=2 (full 0):
 par new generation   total 109248K, used 13711K [0x00000000e0000000, 0x00000000e8000000, 0x00000000e8000000)
  eden space 87424K,   0% used [0x00000000e0000000, 0x00000000e0000000, 0x00000000e5560000)
  from space 21824K,  62% used [0x00000000e5560000, 0x00000000e62c3e50, 0x00000000e6ab0000)
  to   space 21824K,   0% used [0x00000000e6ab0000, 0x00000000e6ab0000, 0x00000000e8000000)
 concurrent mark-sweep generation total 393216K, used 0K [0x00000000e8000000, 0x0000000100000000, 0x0000000100000000)
 Metaspace       used 20055K, capacity 20378K, committed 20736K, reserved 1067008K
  class space    used 2299K, capacity 2475K, committed 2560K, reserved 1048576K
}
2017-06-21T01:21:04.817+0200: 2,584: Total time for which application threads were stopped: 0,0102201 seconds, Stopping threads took: 0,0000299 seconds
2017-06-21T01:21:04.846+0200: 2,613: Total time for which application threads were stopped: 0,0042899 seconds, Stopping threads took: 0,0039158 seconds
2017-06-21T01:21:04.987+0200: 2,754: Total time for which application threads were stopped: 0,0002135 seconds, Stopping threads took: 0,0000491 seconds
{Heap before GC invocations=2 (full 0):
 par new generation   total 109248K, used 101135K [0x00000000e0000000, 0x00000000e8000000, 0x00000000e8000000)
  eden space 87424K, 100% used [0x00000000e0000000, 0x00000000e5560000, 0x00000000e5560000)
  from space 21824K,  62% used [0x00000000e5560000, 0x00000000e62c3e50, 0x00000000e6ab0000)
  to   space 21824K,   0% used [0x00000000e6ab0000, 0x00000000e6ab0000, 0x00000000e8000000)
 concurrent mark-sweep generation total 393216K, used 0K [0x00000000e8000000, 0x0000000100000000, 0x0000000100000000)
 Metaspace       used 20964K, capacity 21300K, committed 21552K, reserved 1069056K
  class space    used 2419K, capacity 2594K, committed 2608K, reserved 1048576K
2017-06-21T01:21:05.036+0200: 2,803: [GC (Allocation Failure) 2017-06-21T01:21:05.036+0200: 2,803: [ParNew
Desired survivor size 20112992 bytes, new threshold 8 (max 8)
- age   1:    1950848 bytes,    1950848 total
- age   2:     860168 bytes,    2811016 total
- age   3:    6645288 bytes,    9456304 total
: 101135K->12909K(109248K), 0,0159457 secs] 101135K->12909K(502464K), 0,0160363 secs] [Times: user=0,06 sys=0,00, real=0,02 secs] 
Heap after GC invocations=3 (full 0):
 par new generation   total 109248K, used 12909K [0x00000000e0000000, 0x00000000e8000000, 0x00000000e8000000)
  eden space 87424K,   0% used [0x00000000e0000000, 0x00000000e0000000, 0x00000000e5560000)
  from space 21824K,  59% used [0x00000000e6ab0000, 0x00000000e774b6a0, 0x00000000e8000000)
  to   space 21824K,   0% used [0x00000000e5560000, 0x00000000e5560000, 0x00000000e6ab0000)
 concurrent mark-sweep generation total 393216K, used 0K [0x00000000e8000000, 0x0000000100000000, 0x0000000100000000)
 Metaspace       used 20964K, capacity 21300K, committed 21552K, reserved 1069056K
  class space    used 2419K, capacity 2594K, committed 2608K, reserved 1048576K
}
2017-06-21T01:21:05.052+0200: 2,819: Total time for which application threads were stopped: 0,0162734 seconds, Stopping threads took: 0,0000680 seconds
2017-06-21T01:21:05.052+0200: 2,819: [GC (CMS Initial Mark) [1 CMS-initial-mark: 0K(393216K)] 13640K(502464K), 0,0040398 secs] [Times: user=0,01 sys=0,00, real=0,00 secs] 
2017-06-21T01:21:05.056+0200: 2,823: Total time for which application threads were stopped: 0,0042298 seconds, Stopping threads took: 0,0000557 seconds
2017-06-21T01:21:05.056+0200: 2,823: [CMS-concurrent-mark-start]
2017-06-21T01:21:05.057+0200: 2,824: [CMS-concurrent-mark: 0,001/0,001 secs] [Times: user=0,00 sys=0,00, real=0,00 secs] 
2017-06-21T01:21:05.057+0200: 2,824: [CMS-concurrent-preclean-start]
2017-06-21T01:21:05.058+0200: 2,825: [CMS-concurrent-preclean: 0,001/0,001 secs] [Times: user=0,01 sys=0,00, real=0,00 secs] 
2017-06-21T01:21:05.058+0200: 2,825: [GC (CMS Final Remark) [YG occupancy: 15050 K (109248 K)]{Heap before GC invocations=3 (full 1):
 par new generation   total 109248K, used 15050K [0x00000000e0000000, 0x00000000e8000000, 0x00000000e8000000)
  eden space 87424K,   2% used [0x00000000e0000000, 0x00000000e0217438, 0x00000000e5560000)
  from space 21824K,  59% used [0x00000000e6ab0000, 0x00000000e774b6a0, 0x00000000e8000000)
  to   space 21824K,   0% used [0x00000000e5560000, 0x00000000e5560000, 0x00000000e6ab0000)
 concurrent mark-sweep generation total 393216K, used 0K [0x00000000e8000000, 0x0000000100000000, 0x0000000100000000)
 Metaspace       used 20975K, capacity 21300K, committed 21552K, reserved 1069056K
  class space    used 2421K, capacity 2594K, committed 2608K, reserved 1048576K
2017-06-21T01:21:05.058+0200: 2,825: [GC (CMS Final Remark) 2017-06-21T01:21:05.058+0200: 2,825: [ParNew
Desired survivor size 20112992 bytes, new threshold 8 (max 8)
- age   1:     109416 bytes,     109416 total
- age   2:    1949272 bytes,    2058688 total
- age   3:     860168 bytes,    2918856 total
- age   4:    6645264 bytes,    9564120 total
: 15050K->11019K(109248K), 0,0135725 secs] 15050K->11019K(502464K), 0,0136264 secs] [Times: user=0,05 sys=0,00, real=0,02 secs] 
Heap after GC invocations=4 (full 1):
 par new generation   total 109248K, used 11019K [0x00000000e0000000, 0x00000000e8000000, 0x00000000e8000000)
  eden space 87424K,   0% used [0x00000000e0000000, 0x00000000e0000000, 0x00000000e5560000)
  from space 21824K,  50% used [0x00000000e5560000, 0x00000000e6022c60, 0x00000000e6ab0000)
  to   space 21824K,   0% used [0x00000000e6ab0000, 0x00000000e6ab0000, 0x00000000e8000000)
 concurrent mark-sweep generation total 393216K, used 0K [0x00000000e8000000, 0x0000000100000000, 0x0000000100000000)
 Metaspace       used 20975K, capacity 21300K, committed 21552K, reserved 1069056K
  class space    used 2421K, capacity 2594K, committed 2608K, reserved 1048576K
}
2017-06-21T01:21:05.072+0200: 2,839: [Rescan (parallel) , 0,0050241 secs]2017-06-21T01:21:05.077+0200: 2,844: [weak refs processing, 0,0016529 secs]2017-06-21T01:21:05.079+0200: 2,846: [class unloading, 0,0034247 secs]2017-06-21T01:21:05.082+0200: 2,849: [scrub symbol table, 0,0029912 secs]2017-06-21T01:21:05.085+0200: 2,852: [scrub string table, 0,0004050 secs][1 CMS-remark: 0K(393216K)] 11019K(502464K), 0,0277707 secs] [Times: user=0,08 sys=0,00, real=0,03 secs] 
2017-06-21T01:21:05.086+0200: 2,853: Total time for which application threads were stopped: 0,0279448 seconds, Stopping threads took: 0,0000807 seconds
2017-06-21T01:21:05.086+0200: 2,853: [CMS-concurrent-sweep-start]
2017-06-21T01:21:05.086+0200: 2,853: [CMS-concurrent-sweep: 0,000/0,000 secs] [Times: user=0,00 sys=0,00, real=0,00 secs] 
2017-06-21T01:21:05.086+0200: 2,853: [CMS-concurrent-reset-start]
2017-06-21T01:21:05.088+0200: 2,855: [CMS-concurrent-reset: 0,002/0,002 secs] [Times: user=0,00 sys=0,00, real=0,00 secs] 
{Heap before GC invocations=4 (full 1):
 par new generation   total 109248K, used 98443K [0x00000000e0000000, 0x00000000e8000000, 0x00000000e8000000)
  eden space 87424K, 100% used [0x00000000e0000000, 0x00000000e5560000, 0x00000000e5560000)
  from space 21824K,  50% used [0x00000000e5560000, 0x00000000e6022c60, 0x00000000e6ab0000)
  to   space 21824K,   0% used [0x00000000e6ab0000, 0x00000000e6ab0000, 0x00000000e8000000)
 concurrent mark-sweep generation total 393216K, used 0K [0x00000000e8000000, 0x0000000100000000, 0x0000000100000000)
 Metaspace       used 21234K, capacity 21594K, committed 21936K, reserved 1069056K
  class space    used 2452K, capacity 2612K, committed 2736K, reserved 1048576K
2017-06-21T01:21:05.189+0200: 2,956: [GC (Allocation Failure) 2017-06-21T01:21:05.189+0200: 2,956: [ParNew
Desired survivor size 20112992 bytes, new threshold 8 (max 8)
- age   1:    1463072 bytes,    1463072 total
- age   2:       1808 bytes,    1464880 total
- age   3:    1462912 bytes,    2927792 total
- age   4:     854088 bytes,    3781880 total
- age   5:    6645264 bytes,   10427144 total
: 98443K->14401K(109248K), 0,0102534 secs] 98443K->14401K(502464K), 0,0103257 secs] [Times: user=0,03 sys=0,00, real=0,01 secs] 
Heap after GC invocations=5 (full 1):
 par new generation   total 109248K, used 14401K [0x00000000e0000000, 0x00000000e8000000, 0x00000000e8000000)
  eden space 87424K,   0% used [0x00000000e0000000, 0x00000000e0000000, 0x00000000e5560000)
  from space 21824K,  65% used [0x00000000e6ab0000, 0x00000000e78c0568, 0x00000000e8000000)
  to   space 21824K,   0% used [0x00000000e5560000, 0x00000000e5560000, 0x00000000e6ab0000)
 concurrent mark-sweep generation total 393216K, used 0K [0x00000000e8000000, 0x0000000100000000, 0x0000000100000000)
 Metaspace       used 21234K, capacity 21594K, committed 21936K, reserved 1069056K
  class space    used 2452K, capacity 2612K, committed 2736K, reserved 1048576K
}
2017-06-21T01:21:05.199+0200: 2,966: Total time for which application threads were stopped: 0,0105646 seconds, Stopping threads took: 0,0000822 seconds
{Heap before GC invocations=5 (full 1):
 par new generation   total 109248K, used 101825K [0x00000000e0000000, 0x00000000e8000000, 0x00000000e8000000)
  eden space 87424K, 100% used [0x00000000e0000000, 0x00000000e5560000, 0x00000000e5560000)
  from space 21824K,  65% used [0x00000000e6ab0000, 0x00000000e78c0568, 0x00000000e8000000)
  to   space 21824K,   0% used [0x00000000e5560000, 0x00000000e5560000, 0x00000000e6ab0000)
 concurrent mark-sweep generation total 393216K, used 0K [0x00000000e8000000, 0x0000000100000000, 0x0000000100000000)
 Metaspace       used 21395K, capacity 21836K, committed 21936K, reserved 1069056K
  class space    used 2471K, capacity 2647K, committed 2736K, reserved 1048576K
2017-06-21T01:21:05.284+0200: 3,051: [GC (Allocation Failure) 2017-06-21T01:21:05.284+0200: 3,051: [ParNew
Desired survivor size 20112992 bytes, new threshold 8 (max 8)
- age   1:     491648 bytes,     491648 total
- age   2:     196144 bytes,     687792 total
- age   3:       1808 bytes,     689600 total
- age   4:    1462520 bytes,    2152120 total
- age   5:     854008 bytes,    3006128 total
- age   6:    6645472 bytes,    9651600 total
: 101825K->13220K(109248K), 0,0104817 secs] 101825K->13220K(502464K), 0,0105537 secs] [Times: user=0,04 sys=0,00, real=0,01 secs] 
Heap after GC invocations=6 (full 1):
 par new generation   total 109248K, used 13220K [0x00000000e0000000, 0x00000000e8000000, 0x00000000e8000000)
  eden space 87424K,   0% used [0x00000000e0000000, 0x00000000e0000000, 0x00000000e5560000)
  from space 21824K,  60% used [0x00000000e5560000, 0x00000000e62492e0, 0x00000000e6ab0000)
  to   space 21824K,   0% used [0x00000000e6ab0000, 0x00000000e6ab0000, 0x00000000e8000000)
 concurrent mark-sweep generation total 393216K, used 0K [0x00000000e8000000, 0x0000000100000000, 0x0000000100000000)
 Metaspace       used 21395K, capacity 21836K, committed 21936K, reserved 1069056K
  class space    used 2471K, capacity 2647K, committed 2736K, reserved 1048576K
}
2017-06-21T01:21:05.295+0200: 3,062: Total time for which application threads were stopped: 0,0107764 seconds, Stopping threads took: 0,0000684 seconds
2017-06-21T01:21:05.326+0200: 3,093: Total time for which application threads were stopped: 0,0002963 seconds, Stopping threads took: 0,0000131 seconds
2017-06-21T01:21:05.589+0200: 3,356: Total time for which application threads were stopped: 0,0004128 seconds, Stopping threads took: 0,0000381 seconds
2017-06-21T01:21:05.603+0200: 3,370: Total time for which application threads were stopped: 0,0004239 seconds, Stopping threads took: 0,0000454 seconds
2017-06-21T01:21:05.637+0200: 3,404: Total time for which application threads were stopped: 0,0003778 seconds, Stopping threads took: 0,0000149 seconds
{Heap before GC invocations=6 (full 1):
 par new generation   total 109248K, used 100644K [0x00000000e0000000, 0x00000000e8000000, 0x00000000e8000000)
  eden space 87424K, 100% used [0x00000000e0000000, 0x00000000e5560000, 0x00000000e5560000)
  from space 21824K,  60% used [0x00000000e5560000, 0x00000000e62492e0, 0x00000000e6ab0000)
  to   space 21824K,   0% used [0x00000000e6ab0000, 0x00000000e6ab0000, 0x00000000e8000000)
 concurrent mark-sweep generation total 393216K, used 0K [0x00000000e8000000, 0x0000000100000000, 0x0000000100000000)
 Metaspace       used 23933K, capacity 24430K, committed 24624K, reserved 1071104K
  class space    used 2817K, capacity 3022K, committed 3120K, reserved 1048576K
2017-06-21T01:21:05.777+0200: 3,544: [GC (Allocation Failure) 2017-06-21T01:21:05.777+0200: 3,544: [ParNew
Desired survivor size 20112992 bytes, new threshold 8 (max 8)
- age   1:    5276888 bytes,    5276888 total
- age   2:     123040 bytes,    5399928 total
- age   3:     194768 bytes,    5594696 total
- age   4:       1776 bytes,    5596472 total
- age   5:     292632 bytes,    5889104 total
- age   6:     829712 bytes,    6718816 total
- age   7:    6637064 bytes,   13355880 total
: 100644K->13759K(109248K), 0,0208512 secs] 100644K->13759K(502464K), 0,0209290 secs] [Times: user=0,07 sys=0,00, real=0,02 secs] 
Heap after GC invocations=7 (full 1):
 par new generation   total 109248K, used 13759K [0x00000000e0000000, 0x00000000e8000000, 0x00000000e8000000)
  eden space 87424K,   0% used [0x00000000e0000000, 0x00000000e0000000, 0x00000000e5560000)
  from space 21824K,  63% used [0x00000000e6ab0000, 0x00000000e781fd78, 0x00000000e8000000)
  to   space 21824K,   0% used [0x00000000e5560000, 0x00000000e5560000, 0x00000000e6ab0000)
 concurrent mark-sweep generation total 393216K, used 0K [0x00000000e8000000, 0x0000000100000000, 0x0000000100000000)
 Metaspace       used 23933K, capacity 24430K, committed 24624K, reserved 1071104K
  class space    used 2817K, capacity 3022K, committed 3120K, reserved 1048576K
}
2017-06-21T01:21:05.798+0200: 3,565: Total time for which application threads were stopped: 0,0212074 seconds, Stopping threads took: 0,0000632 seconds
{Heap before GC invocations=7 (full 1):
 par new generation   total 109248K, used 101183K [0x00000000e0000000, 0x00000000e8000000, 0x00000000e8000000)
  eden space 87424K, 100% used [0x00000000e0000000, 0x00000000e5560000, 0x00000000e5560000)
  from space 21824K,  63% used [0x00000000e6ab0000, 0x00000000e781fd78, 0x00000000e8000000)
  to   space 21824K,   0% used [0x00000000e5560000, 0x00000000e5560000, 0x00000000e6ab0000)
 concurrent mark-sweep generation total 393216K, used 0K [0x00000000e8000000, 0x0000000100000000, 0x0000000100000000)
 Metaspace       used 24461K, capacity 24916K, committed 25136K, reserved 1071104K
  class space    used 2865K, capacity 3055K, committed 3120K, reserved 1048576K
2017-06-21T01:21:05.922+0200: 3,689: [GC (Allocation Failure) 2017-06-21T01:21:05.922+0200: 3,689: [ParNew
Desired survivor size 20112992 bytes, new threshold 8 (max 8)
- age   1:    1746888 bytes,    1746888 total
- age   2:    1799032 bytes,    3545920 total
- age   3:      55112 bytes,    3601032 total
- age   4:     109768 bytes,    3710800 total
- age   5:       1776 bytes,    3712576 total
- age   6:     206880 bytes,    3919456 total
- age   7:     776840 bytes,    4696296 total
- age   8:    6102664 bytes,   10798960 total
: 101183K->13791K(109248K), 0,0240753 secs] 101183K->13791K(502464K), 0,0241671 secs] [Times: user=0,07 sys=0,00, real=0,02 secs] 
Heap after GC invocations=8 (full 1):
 par new generation   total 109248K, used 13791K [0x00000000e0000000, 0x00000000e8000000, 0x00000000e8000000)
  eden space 87424K,   0% used [0x00000000e0000000, 0x00000000e0000000, 0x00000000e5560000)
  from space 21824K,  63% used [0x00000000e5560000, 0x00000000e62d7d00, 0x00000000e6ab0000)
  to   space 21824K,   0% used [0x00000000e6ab0000, 0x00000000e6ab0000, 0x00000000e8000000)
 concurrent mark-sweep generation total 393216K, used 0K [0x00000000e8000000, 0x0000000100000000, 0x0000000100000000)
 Metaspace       used 24461K, capacity 24916K, committed 25136K, reserved 1071104K
  class space    used 2865K, capacity 3055K, committed 3120K, reserved 1048576K
}
2017-06-21T01:21:05.946+0200: 3,713: Total time for which application threads were stopped: 0,0271974 seconds, Stopping threads took: 0,0027705 seconds
{Heap before GC invocations=8 (full 1):
 par new generation   total 109248K, used 101215K [0x00000000e0000000, 0x00000000e8000000, 0x00000000e8000000)
  eden space 87424K, 100% used [0x00000000e0000000, 0x00000000e5560000, 0x00000000e5560000)
  from space 21824K,  63% used [0x00000000e5560000, 0x00000000e62d7d00, 0x00000000e6ab0000)
  to   space 21824K,   0% used [0x00000000e6ab0000, 0x00000000e6ab0000, 0x00000000e8000000)
 concurrent mark-sweep generation total 393216K, used 0K [0x00000000e8000000, 0x0000000100000000, 0x0000000100000000)
 Metaspace       used 24793K, capacity 25294K, committed 25392K, reserved 1071104K
  class space    used 2897K, capacity 3092K, committed 3120K, reserved 1048576K
2017-06-21T01:21:06.053+0200: 3,820: [GC (Allocation Failure) 2017-06-21T01:21:06.053+0200: 3,820: [ParNew
Desired survivor size 20112992 bytes, new threshold 8 (max 8)
- age   1:     772432 bytes,     772432 total
- age   2:     591056 bytes,    1363488 total
- age   3:    1786456 bytes,    3149944 total
- age   4:      55112 bytes,    3205056 total
- age   5:     109600 bytes,    3314656 total
- age   6:       1776 bytes,    3316432 total
- age   7:     204080 bytes,    3520512 total
- age   8:     776072 bytes,    4296584 total
: 101215K->8391K(109248K), 0,0275242 secs] 101215K->14433K(502464K), 0,0275902 secs] [Times: user=0,09 sys=0,01, real=0,02 secs] 
Heap after GC invocations=9 (full 1):
 par new generation   total 109248K, used 8391K [0x00000000e0000000, 0x00000000e8000000, 0x00000000e8000000)
  eden space 87424K,   0% used [0x00000000e0000000, 0x00000000e0000000, 0x00000000e5560000)
  from space 21824K,  38% used [0x00000000e6ab0000, 0x00000000e72e1cb0, 0x00000000e8000000)
  to   space 21824K,   0% used [0x00000000e5560000, 0x00000000e5560000, 0x00000000e6ab0000)
 concurrent mark-sweep generation total 393216K, used 6042K [0x00000000e8000000, 0x0000000100000000, 0x0000000100000000)
 Metaspace       used 24793K, capacity 25294K, committed 25392K, reserved 1071104K
  class space    used 2897K, capacity 3092K, committed 3120K, reserved 1048576K
}
2017-06-21T01:21:06.081+0200: 3,848: Total time for which application threads were stopped: 0,0278336 seconds, Stopping threads took: 0,0000786 seconds
2017-06-21T01:21:06.297+0200: 4,064: Total time for which application threads were stopped: 0,0006739 seconds, Stopping threads took: 0,0002925 seconds
2017-06-21T01:21:06.303+0200: 4,070: Total time for which application threads were stopped: 0,0001059 seconds, Stopping threads took: 0,0000195 seconds
2017-06-21T01:21:06.307+0200: 4,074: Total time for which application threads were stopped: 0,0000850 seconds, Stopping threads took: 0,0000186 seconds
2017-06-21T01:21:06.308+0200: 4,075: Total time for which application threads were stopped: 0,0000605 seconds, Stopping threads took: 0,0000129 seconds
2017-06-21T01:21:06.308+0200: 4,076: Total time for which application threads were stopped: 0,0000663 seconds, Stopping threads took: 0,0000135 seconds
2017-06-21T01:21:06.309+0200: 4,076: Total time for which application threads were stopped: 0,0000685 seconds, Stopping threads took: 0,0000222 seconds
2017-06-21T01:21:06.309+0200: 4,076: Total time for which application threads were stopped: 0,0000486 seconds, Stopping threads took: 0,0000129 seconds
2017-06-21T01:21:06.309+0200: 4,076: Total time for which application threads were stopped: 0,0000472 seconds, Stopping threads took: 0,0000105 seconds
2017-06-21T01:21:06.310+0200: 4,077: Total time for which application threads were stopped: 0,0000454 seconds, Stopping threads took: 0,0000092 seconds
2017-06-21T01:21:06.312+0200: 4,079: Total time for which application threads were stopped: 0,0000774 seconds, Stopping threads took: 0,0000163 seconds
2017-06-21T01:21:06.314+0200: 4,081: Total time for which application threads were stopped: 0,0001227 seconds, Stopping threads took: 0,0000358 seconds
2017-06-21T01:21:06.316+0200: 4,083: Total time for which application threads were stopped: 0,0000912 seconds, Stopping threads took: 0,0000268 seconds
2017-06-21T01:21:06.317+0200: 4,084: Total time for which application threads were stopped: 0,0000846 seconds, Stopping threads took: 0,0000266 seconds
2017-06-21T01:21:06.317+0200: 4,084: Total time for which application threads were stopped: 0,0001478 seconds, Stopping threads took: 0,0001021 seconds
2017-06-21T01:21:06.318+0200: 4,085: Total time for which application threads were stopped: 0,0000618 seconds, Stopping threads took: 0,0000108 seconds
2017-06-21T01:21:06.320+0200: 4,087: Total time for which application threads were stopped: 0,0000813 seconds, Stopping threads took: 0,0000182 seconds
2017-06-21T01:21:06.320+0200: 4,087: Total time for which application threads were stopped: 0,0001671 seconds, Stopping threads took: 0,0000957 seconds
2017-06-21T01:21:06.320+0200: 4,087: Total time for which application threads were stopped: 0,0000602 seconds, Stopping threads took: 0,0000140 seconds
2017-06-21T01:21:06.323+0200: 4,090: Total time for which application threads were stopped: 0,0000922 seconds, Stopping threads took: 0,0000239 seconds
2017-06-21T01:21:06.325+0200: 4,092: Total time for which application threads were stopped: 0,0001148 seconds, Stopping threads took: 0,0000425 seconds
2017-06-21T01:21:06.331+0200: 4,098: Total time for which application threads were stopped: 0,0001209 seconds, Stopping threads took: 0,0000300 seconds
2017-06-21T01:21:06.339+0200: 4,106: Total time for which application threads were stopped: 0,0001921 seconds, Stopping threads took: 0,0000411 seconds
2017-06-21T01:21:06.340+0200: 4,107: Total time for which application threads were stopped: 0,0000965 seconds, Stopping threads took: 0,0000184 seconds
2017-06-21T01:21:06.342+0200: 4,109: Total time for which application threads were stopped: 0,0000705 seconds, Stopping threads took: 0,0000157 seconds
2017-06-21T01:21:06.342+0200: 4,109: Total time for which application threads were stopped: 0,0000732 seconds, Stopping threads took: 0,0000135 seconds
2017-06-21T01:21:06.344+0200: 4,111: Total time for which application threads were stopped: 0,0001240 seconds, Stopping threads took: 0,0000361 seconds
2017-06-21T01:21:06.349+0200: 4,116: Total time for which application threads were stopped: 0,0001702 seconds, Stopping threads took: 0,0000706 seconds
2017-06-21T01:21:06.354+0200: 4,122: Total time for which application threads were stopped: 0,0001589 seconds, Stopping threads took: 0,0000378 seconds
2017-06-21T01:21:06.357+0200: 4,124: Total time for which application threads were stopped: 0,0004092 seconds, Stopping threads took: 0,0000252 seconds
2017-06-21T01:21:06.359+0200: 4,126: Total time for which application threads were stopped: 0,0001082 seconds, Stopping threads took: 0,0000307 seconds
2017-06-21T01:21:06.370+0200: 4,137: Total time for which application threads were stopped: 0,0045223 seconds, Stopping threads took: 0,0044455 seconds
2017-06-21T01:21:06.375+0200: 4,142: Total time for which application threads were stopped: 0,0001114 seconds, Stopping threads took: 0,0000276 seconds
2017-06-21T01:21:06.375+0200: 4,143: Total time for which application threads were stopped: 0,0003484 seconds, Stopping threads took: 0,0000173 seconds
2017-06-21T01:21:06.377+0200: 4,144: Total time for which application threads were stopped: 0,0001966 seconds, Stopping threads took: 0,0001135 seconds
2017-06-21T01:21:06.380+0200: 4,147: Total time for which application threads were stopped: 0,0000975 seconds, Stopping threads took: 0,0000174 seconds
2017-06-21T01:21:06.380+0200: 4,147: Total time for which application threads were stopped: 0,0000842 seconds, Stopping threads took: 0,0000241 seconds
2017-06-21T01:21:06.382+0200: 4,149: Total time for which application threads were stopped: 0,0001445 seconds, Stopping threads took: 0,0000694 seconds
2017-06-21T01:21:06.384+0200: 4,151: Total time for which application threads were stopped: 0,0000911 seconds, Stopping threads took: 0,0000241 seconds
2017-06-21T01:21:06.386+0200: 4,154: Total time for which application threads were stopped: 0,0001426 seconds, Stopping threads took: 0,0000348 seconds
2017-06-21T01:21:06.387+0200: 4,154: Total time for which application threads were stopped: 0,0001382 seconds, Stopping threads took: 0,0000571 seconds
2017-06-21T01:21:06.388+0200: 4,155: Total time for which application threads were stopped: 0,0001720 seconds, Stopping threads took: 0,0000744 seconds
2017-06-21T01:21:06.415+0200: 4,182: Total time for which application threads were stopped: 0,0001796 seconds, Stopping threads took: 0,0000662 seconds
2017-06-21T01:21:06.419+0200: 4,186: Total time for which application threads were stopped: 0,0001365 seconds, Stopping threads took: 0,0000367 seconds
2017-06-21T01:21:06.421+0200: 4,188: Total time for which application threads were stopped: 0,0002065 seconds, Stopping threads took: 0,0000756 seconds
2017-06-21T01:21:06.439+0200: 4,206: Total time for which application threads were stopped: 0,0005080 seconds, Stopping threads took: 0,0000212 seconds
2017-06-21T01:21:06.440+0200: 4,207: Total time for which application threads were stopped: 0,0001201 seconds, Stopping threads took: 0,0000472 seconds
2017-06-21T01:21:06.441+0200: 4,208: Total time for which application threads were stopped: 0,0000971 seconds, Stopping threads took: 0,0000348 seconds
2017-06-21T01:21:06.441+0200: 4,208: Total time for which application threads were stopped: 0,0000851 seconds, Stopping threads took: 0,0000236 seconds
2017-06-21T01:21:06.446+0200: 4,213: Total time for which application threads were stopped: 0,0001428 seconds, Stopping threads took: 0,0000560 seconds
2017-06-21T01:21:06.468+0200: 4,235: Total time for which application threads were stopped: 0,0001528 seconds, Stopping threads took: 0,0000750 seconds
2017-06-21T01:21:06.472+0200: 4,239: Total time for which application threads were stopped: 0,0000974 seconds, Stopping threads took: 0,0000326 seconds
2017-06-21T01:21:06.476+0200: 4,244: Total time for which application threads were stopped: 0,0001435 seconds, Stopping threads took: 0,0000485 seconds
2017-06-21T01:21:06.487+0200: 4,254: Total time for which application threads were stopped: 0,0000955 seconds, Stopping threads took: 0,0000208 seconds
2017-06-21T01:21:06.517+0200: 4,284: Total time for which application threads were stopped: 0,0002071 seconds, Stopping threads took: 0,0001283 seconds
2017-06-21T01:21:06.525+0200: 4,292: Total time for which application threads were stopped: 0,0001258 seconds, Stopping threads took: 0,0000464 seconds
2017-06-21T01:21:06.537+0200: 4,304: Total time for which application threads were stopped: 0,0001542 seconds, Stopping threads took: 0,0000567 seconds
2017-06-21T01:21:06.537+0200: 4,304: Total time for which application threads were stopped: 0,0003783 seconds, Stopping threads took: 0,0000214 seconds
2017-06-21T01:21:06.542+0200: 4,309: Total time for which application threads were stopped: 0,0044035 seconds, Stopping threads took: 0,0043373 seconds
2017-06-21T01:21:07.542+0200: 5,309: Total time for which application threads were stopped: 0,0001022 seconds, Stopping threads took: 0,0000175 seconds
2017-06-21T01:21:08.542+0200: 6,310: Total time for which application threads were stopped: 0,0000888 seconds, Stopping threads took: 0,0000195 seconds
2017-06-21T01:21:24.544+0200: 22,311: Total time for which application threads were stopped: 0,0000843 seconds, Stopping threads took: 0,0000226 seconds
2017-06-21T01:21:35.028+0200: 32,312: Total time for which application threads were stopped: 0,0000702 seconds, Stopping threads took: 0,0000187 seconds
2017-06-21T01:23:05.038+0200: 122,322: Total time for which application threads were stopped: 0,0000812 seconds, Stopping threads took: 0,0000335 seconds
{Heap before GC invocations=9 (full 1):
 par new generation   total 109248K, used 95815K [0x00000000e0000000, 0x00000000e8000000, 0x00000000e8000000)
  eden space 87424K, 100% used [0x00000000e0000000, 0x00000000e5560000, 0x00000000e5560000)
  from space 21824K,  38% used [0x00000000e6ab0000, 0x00000000e72e1cb0, 0x00000000e8000000)
  to   space 21824K,   0% used [0x00000000e5560000, 0x00000000e5560000, 0x00000000e6ab0000)
 concurrent mark-sweep generation total 393216K, used 6042K [0x00000000e8000000, 0x0000000100000000, 0x0000000100000000)
 Metaspace       used 28088K, capacity 28656K, committed 29104K, reserved 1075200K
  class space    used 3218K, capacity 3399K, committed 3504K, reserved 1048576K
2017-06-21T01:23:58.602+0200: 175,887: [GC (Allocation Failure) 2017-06-21T01:23:58.603+0200: 175,887: [ParNew
Desired survivor size 20112992 bytes, new threshold 8 (max 8)
- age   1:   10889688 bytes,   10889688 total
- age   2:     342880 bytes,   11232568 total
- age   3:     200432 bytes,   11433000 total
- age   4:    1780928 bytes,   13213928 total
- age   5:      55112 bytes,   13269040 total
- age   6:     106928 bytes,   13375968 total
- age   7:       1776 bytes,   13377744 total
- age   8:     203424 bytes,   13581168 total
: 95815K->14140K(109248K), 0,0216147 secs] 101857K->21025K(502464K), 0,0216857 secs] [Times: user=0,05 sys=0,01, real=0,02 secs] 
Heap after GC invocations=10 (full 1):
 par new generation   total 109248K, used 14140K [0x00000000e0000000, 0x00000000e8000000, 0x00000000e8000000)
  eden space 87424K,   0% used [0x00000000e0000000, 0x00000000e0000000, 0x00000000e5560000)
  from space 21824K,  64% used [0x00000000e5560000, 0x00000000e632f1f0, 0x00000000e6ab0000)
  to   space 21824K,   0% used [0x00000000e6ab0000, 0x00000000e6ab0000, 0x00000000e8000000)
 concurrent mark-sweep generation total 393216K, used 6884K [0x00000000e8000000, 0x0000000100000000, 0x0000000100000000)
 Metaspace       used 28088K, capacity 28656K, committed 29104K, reserved 1075200K
  class space    used 3218K, capacity 3399K, committed 3504K, reserved 1048576K
}
2017-06-21T01:23:58.624+0200: 175,909: Total time for which application threads were stopped: 0,0218759 seconds, Stopping threads took: 0,0000523 seconds
2017-06-21T01:23:58.628+0200: 175,913: Total time for which application threads were stopped: 0,0000648 seconds, Stopping threads took: 0,0000245 seconds
2017-06-21T01:23:58.629+0200: 175,914: Total time for which application threads were stopped: 0,0001785 seconds, Stopping threads took: 0,0000266 seconds
2017-06-21T01:24:03.630+0200: 180,915: Total time for which application threads were stopped: 0,0000643 seconds, Stopping threads took: 0,0000151 seconds
2017-06-21T01:24:45.017+0200: 222,302: Total time for which application threads were stopped: 0,0001060 seconds, Stopping threads took: 0,0000293 seconds
2017-06-21T01:24:45.017+0200: 222,302: Total time for which application threads were stopped: 0,0000527 seconds, Stopping threads took: 0,0000149 seconds
2017-06-21T01:24:45.043+0200: 222,328: Total time for which application threads were stopped: 0,0074830 seconds, Stopping threads took: 0,0073793 seconds
2017-06-21T01:24:45.047+0200: 222,331: Total time for which application threads were stopped: 0,0034793 seconds, Stopping threads took: 0,0033983 seconds
2017-06-21T01:24:45.048+0200: 222,333: Total time for which application threads were stopped: 0,0001014 seconds, Stopping threads took: 0,0000348 seconds
2017-06-21T01:24:45.048+0200: 222,333: Total time for which application threads were stopped: 0,0000776 seconds, Stopping threads took: 0,0000212 seconds
2017-06-21T01:24:45.049+0200: 222,334: Total time for which application threads were stopped: 0,0002461 seconds, Stopping threads took: 0,0000141 seconds
2017-06-21T01:24:45.049+0200: 222,334: Total time for which application threads were stopped: 0,0000581 seconds, Stopping threads took: 0,0000181 seconds
2017-06-21T01:24:45.049+0200: 222,334: Total time for which application threads were stopped: 0,0000496 seconds, Stopping threads took: 0,0000134 seconds
2017-06-21T01:24:45.049+0200: 222,334: Total time for which application threads were stopped: 0,0000647 seconds, Stopping threads took: 0,0000280 seconds
2017-06-21T01:24:45.049+0200: 222,334: Total time for which application threads were stopped: 0,0000474 seconds, Stopping threads took: 0,0000149 seconds
2017-06-21T01:24:45.063+0200: 222,348: Total time for which application threads were stopped: 0,0046775 seconds, Stopping threads took: 0,0046020 seconds
2017-06-21T01:24:45.073+0200: 222,358: Total time for which application threads were stopped: 0,0000943 seconds, Stopping threads took: 0,0000202 seconds
2017-06-21T01:24:45.074+0200: 222,359: Total time for which application threads were stopped: 0,0000902 seconds, Stopping threads took: 0,0000261 seconds
2017-06-21T01:24:45.074+0200: 222,359: Total time for which application threads were stopped: 0,0000546 seconds, Stopping threads took: 0,0000163 seconds
2017-06-21T01:24:45.074+0200: 222,359: Total time for which application threads were stopped: 0,0000490 seconds, Stopping threads took: 0,0000140 seconds
2017-06-21T01:24:45.074+0200: 222,359: Total time for which application threads were stopped: 0,0000454 seconds, Stopping threads took: 0,0000129 seconds
2017-06-21T01:24:45.075+0200: 222,359: Total time for which application threads were stopped: 0,0000443 seconds, Stopping threads took: 0,0000133 seconds
2017-06-21T01:24:45.077+0200: 222,362: Total time for which application threads were stopped: 0,0007768 seconds, Stopping threads took: 0,0007077 seconds
2017-06-21T01:24:45.077+0200: 222,362: Total time for which application threads were stopped: 0,0000461 seconds, Stopping threads took: 0,0000092 seconds
2017-06-21T01:24:45.077+0200: 222,362: Total time for which application threads were stopped: 0,0000378 seconds, Stopping threads took: 0,0000054 seconds
2017-06-21T01:24:45.077+0200: 222,362: Total time for which application threads were stopped: 0,0000368 seconds, Stopping threads took: 0,0000054 seconds
2017-06-21T01:24:45.080+0200: 222,364: Total time for which application threads were stopped: 0,0006683 seconds, Stopping threads took: 0,0005927 seconds
2017-06-21T01:24:45.080+0200: 222,365: Total time for which application threads were stopped: 0,0000499 seconds, Stopping threads took: 0,0000105 seconds
2017-06-21T01:24:45.080+0200: 222,365: Total time for which application threads were stopped: 0,0000448 seconds, Stopping threads took: 0,0000080 seconds
2017-06-21T01:24:45.080+0200: 222,365: Total time for which application threads were stopped: 0,0000450 seconds, Stopping threads took: 0,0000080 seconds
2017-06-21T01:24:45.080+0200: 222,365: Total time for which application threads were stopped: 0,0000430 seconds, Stopping threads took: 0,0000078 seconds
2017-06-21T01:24:45.080+0200: 222,365: Total time for which application threads were stopped: 0,0000453 seconds, Stopping threads took: 0,0000083 seconds
2017-06-21T01:24:45.080+0200: 222,365: Total time for which application threads were stopped: 0,0000439 seconds, Stopping threads took: 0,0000081 seconds
2017-06-21T01:24:45.080+0200: 222,365: Total time for which application threads were stopped: 0,0000545 seconds, Stopping threads took: 0,0000079 seconds
2017-06-21T01:24:45.080+0200: 222,365: Total time for which application threads were stopped: 0,0000389 seconds, Stopping threads took: 0,0000050 seconds
2017-06-21T01:24:45.080+0200: 222,365: Total time for which application threads were stopped: 0,0000396 seconds, Stopping threads took: 0,0000050 seconds
2017-06-21T01:24:45.082+0200: 222,367: Total time for which application threads were stopped: 0,0000960 seconds, Stopping threads took: 0,0000274 seconds
2017-06-21T01:24:45.082+0200: 222,367: Total time for which application threads were stopped: 0,0000405 seconds, Stopping threads took: 0,0000056 seconds
2017-06-21T01:24:45.084+0200: 222,369: Total time for which application threads were stopped: 0,0001024 seconds, Stopping threads took: 0,0000374 seconds
2017-06-21T01:24:45.085+0200: 222,370: Total time for which application threads were stopped: 0,0000857 seconds, Stopping threads took: 0,0000271 seconds
2017-06-21T01:24:45.089+0200: 222,374: Total time for which application threads were stopped: 0,0004435 seconds, Stopping threads took: 0,0003627 seconds
2017-06-21T01:24:45.096+0200: 222,380: Total time for which application threads were stopped: 0,0002595 seconds, Stopping threads took: 0,0001788 seconds
2017-06-21T01:24:45.096+0200: 222,381: Total time for which application threads were stopped: 0,0000999 seconds, Stopping threads took: 0,0000152 seconds
2017-06-21T01:24:45.097+0200: 222,381: Total time for which application threads were stopped: 0,0000647 seconds, Stopping threads took: 0,0000195 seconds
2017-06-21T01:24:45.097+0200: 222,382: Total time for which application threads were stopped: 0,0000711 seconds, Stopping threads took: 0,0000229 seconds
2017-06-21T01:24:45.097+0200: 222,382: Total time for which application threads were stopped: 0,0000635 seconds, Stopping threads took: 0,0000167 seconds
2017-06-21T01:24:45.100+0200: 222,385: Total time for which application threads were stopped: 0,0001170 seconds, Stopping threads took: 0,0000360 seconds
2017-06-21T01:24:45.100+0200: 222,385: Total time for which application threads were stopped: 0,0000726 seconds, Stopping threads took: 0,0000172 seconds
2017-06-21T01:24:45.100+0200: 222,385: Total time for which application threads were stopped: 0,0000798 seconds, Stopping threads took: 0,0000178 seconds
2017-06-21T01:24:45.101+0200: 222,386: Total time for which application threads were stopped: 0,0001102 seconds, Stopping threads took: 0,0000329 seconds
2017-06-21T01:24:45.101+0200: 222,386: Total time for which application threads were stopped: 0,0000950 seconds, Stopping threads took: 0,0000287 seconds
2017-06-21T01:24:45.103+0200: 222,388: Total time for which application threads were stopped: 0,0001072 seconds, Stopping threads took: 0,0000206 seconds
2017-06-21T01:24:45.103+0200: 222,388: Total time for which application threads were stopped: 0,0000781 seconds, Stopping threads took: 0,0000227 seconds
2017-06-21T01:24:45.103+0200: 222,388: Total time for which application threads were stopped: 0,0000632 seconds, Stopping threads took: 0,0000165 seconds
2017-06-21T01:24:45.105+0200: 222,390: Total time for which application threads were stopped: 0,0000971 seconds, Stopping threads took: 0,0000319 seconds
2017-06-21T01:24:45.105+0200: 222,390: Total time for which application threads were stopped: 0,0000504 seconds, Stopping threads took: 0,0000139 seconds
2017-06-21T01:24:45.105+0200: 222,390: Total time for which application threads were stopped: 0,0001666 seconds, Stopping threads took: 0,0000112 seconds
2017-06-21T01:24:45.106+0200: 222,390: Total time for which application threads were stopped: 0,0000911 seconds, Stopping threads took: 0,0000258 seconds
2017-06-21T01:24:45.108+0200: 222,393: Total time for which application threads were stopped: 0,0007260 seconds, Stopping threads took: 0,0006095 seconds
2017-06-21T01:24:45.110+0200: 222,395: Total time for which application threads were stopped: 0,0001301 seconds, Stopping threads took: 0,0000675 seconds
2017-06-21T01:24:45.111+0200: 222,396: Total time for which application threads were stopped: 0,0000837 seconds, Stopping threads took: 0,0000114 seconds
Heap
 par new generation   total 109248K, used 35252K [0x00000000e0000000, 0x00000000e8000000, 0x00000000e8000000)
  eden space 87424K,  24% used [0x00000000e0000000, 0x00000000e149df88, 0x00000000e5560000)
  from space 21824K,  64% used [0x00000000e5560000, 0x00000000e632f1f0, 0x00000000e6ab0000)
  to   space 21824K,   0% used [0x00000000e6ab0000, 0x00000000e6ab0000, 0x00000000e8000000)
 concurrent mark-sweep generation total 393216K, used 6884K [0x00000000e8000000, 0x0000000100000000, 0x0000000100000000)
 Metaspace       used 28185K, capacity 28760K, committed 29104K, reserved 1075200K
  class space    used 3232K, capacity 3433K, committed 3504K, reserved 1048576K
