OpenJDK 64-Bit Server VM (25.111-b14) for linux-amd64 JRE (1.8.0_111-8u111-b14-2ubuntu0.16.04.2-b14), built on Oct 27 2016 18:10:19 by "buildd" with gcc 5.4.0 20160609
Memory: 4k page, physical 7867800k(7510136k free), swap 8076284k(8076284k free)
CommandLine flags: -XX:CMSInitiatingOccupancyFraction=50 -XX:CMSMaxAbortablePrecleanTime=6000 -XX:+CMSParallelRemarkEnabled -XX:+CMSScavengeBeforeRemark -XX:ConcGCThreads=4 -XX:InitialHeapSize=536870912 -XX:MaxHeapSize=536870912 -XX:MaxTenuringThreshold=8 -XX:NewRatio=3 -XX:OldPLABSize=16 -XX:OnOutOfMemoryError=/opt/solr/bin/oom_solr.sh 8983 /var/solr/logs -XX:ParallelGCThreads=4 -XX:+ParallelRefProcEnabled -XX:PretenureSizeThreshold=67108864 -XX:+PrintGC -XX:+PrintGCApplicationStoppedTime -XX:+PrintGCDateStamps -XX:+PrintGCDetails -XX:+PrintGCTimeStamps -XX:+PrintHeapAtGC -XX:+PrintTenuringDistribution -XX:SurvivorRatio=4 -XX:TargetSurvivorRatio=90 -XX:ThreadStackSize=256 -XX:+UseCMSInitiatingOccupancyOnly -XX:+UseCompressedClassPointers -XX:+UseCompressedOops -XX:+UseConcMarkSweepGC -XX:+UseParNewGC 
2017-01-30T07:44:17.648+0100: 0,122: Total time for which application threads were stopped: 0,0000795 seconds, Stopping threads took: 0,0000223 seconds
2017-01-30T07:44:17.740+0100: 0,214: Total time for which application threads were stopped: 0,0001211 seconds, Stopping threads took: 0,0000131 seconds
2017-01-30T07:44:17.754+0100: 0,228: Total time for which application threads were stopped: 0,0001288 seconds, Stopping threads took: 0,0000232 seconds
2017-01-30T07:44:17.946+0100: 0,420: Total time for which application threads were stopped: 0,0001213 seconds, Stopping threads took: 0,0000102 seconds
2017-01-30T07:44:18.354+0100: 0,827: Total time for which application threads were stopped: 0,0001186 seconds, Stopping threads took: 0,0000103 seconds
2017-01-30T07:44:18.444+0100: 0,918: Total time for which application threads were stopped: 0,0001845 seconds, Stopping threads took: 0,0000288 seconds
2017-01-30T07:44:18.506+0100: 0,979: Total time for which application threads were stopped: 0,0001925 seconds, Stopping threads took: 0,0000358 seconds
2017-01-30T07:44:18.920+0100: 1,394: Total time for which application threads were stopped: 0,0002177 seconds, Stopping threads took: 0,0000231 seconds
2017-01-30T07:44:19.321+0100: 1,795: Total time for which application threads were stopped: 0,0012245 seconds, Stopping threads took: 0,0001199 seconds
2017-01-30T07:44:19.388+0100: 1,862: Total time for which application threads were stopped: 0,0017559 seconds, Stopping threads took: 0,0001899 seconds
2017-01-30T07:44:19.393+0100: 1,867: Total time for which application threads were stopped: 0,0009078 seconds, Stopping threads took: 0,0000702 seconds
2017-01-30T07:44:19.428+0100: 1,902: Total time for which application threads were stopped: 0,0011434 seconds, Stopping threads took: 0,0001062 seconds
2017-01-30T07:44:19.784+0100: 2,258: Total time for which application threads were stopped: 0,0011358 seconds, Stopping threads took: 0,0001137 seconds
2017-01-30T07:44:19.972+0100: 2,446: Total time for which application threads were stopped: 0,0002628 seconds, Stopping threads took: 0,0000288 seconds
{Heap before GC invocations=0 (full 0):
 par new generation   total 109248K, used 87424K [0x00000000e0000000, 0x00000000e8000000, 0x00000000e8000000)
  eden space 87424K, 100% used [0x00000000e0000000, 0x00000000e5560000, 0x00000000e5560000)
  from space 21824K,   0% used [0x00000000e5560000, 0x00000000e5560000, 0x00000000e6ab0000)
  to   space 21824K,   0% used [0x00000000e6ab0000, 0x00000000e6ab0000, 0x00000000e8000000)
 concurrent mark-sweep generation total 393216K, used 0K [0x00000000e8000000, 0x0000000100000000, 0x0000000100000000)
 Metaspace       used 17864K, capacity 18138K, committed 18304K, reserved 1064960K
  class space    used 2031K, capacity 2130K, committed 2176K, reserved 1048576K
2017-01-30T07:44:20.073+0100: 2,547: [GC (Allocation Failure) 2017-01-30T07:44:20.073+0100: 2,547: [ParNew
Desired survivor size 20112992 bytes, new threshold 8 (max 8)
- age   1:   12377352 bytes,   12377352 total
: 87424K->12195K(109248K), 0,0167173 secs] 87424K->12195K(502464K), 0,0168139 secs] [Times: user=0,03 sys=0,03, real=0,02 secs] 
Heap after GC invocations=1 (full 0):
 par new generation   total 109248K, used 12195K [0x00000000e0000000, 0x00000000e8000000, 0x00000000e8000000)
  eden space 87424K,   0% used [0x00000000e0000000, 0x00000000e0000000, 0x00000000e5560000)
  from space 21824K,  55% used [0x00000000e6ab0000, 0x00000000e7698e58, 0x00000000e8000000)
  to   space 21824K,   0% used [0x00000000e5560000, 0x00000000e5560000, 0x00000000e6ab0000)
 concurrent mark-sweep generation total 393216K, used 0K [0x00000000e8000000, 0x0000000100000000, 0x0000000100000000)
 Metaspace       used 17864K, capacity 18138K, committed 18304K, reserved 1064960K
  class space    used 2031K, capacity 2130K, committed 2176K, reserved 1048576K
}
2017-01-30T07:44:20.090+0100: 2,563: Total time for which application threads were stopped: 0,0170097 seconds, Stopping threads took: 0,0000180 seconds
2017-01-30T07:44:20.330+0100: 2,803: Total time for which application threads were stopped: 0,0003382 seconds, Stopping threads took: 0,0000395 seconds
2017-01-30T07:44:20.363+0100: 2,837: Total time for which application threads were stopped: 0,0010969 seconds, Stopping threads took: 0,0008458 seconds
2017-01-30T07:44:20.391+0100: 2,865: Total time for which application threads were stopped: 0,0003601 seconds, Stopping threads took: 0,0000386 seconds
{Heap before GC invocations=1 (full 0):
 par new generation   total 109248K, used 99604K [0x00000000e0000000, 0x00000000e8000000, 0x00000000e8000000)
  eden space 87424K,  99% used [0x00000000e0000000, 0x00000000e555c4a0, 0x00000000e5560000)
  from space 21824K,  55% used [0x00000000e6ab0000, 0x00000000e7698e58, 0x00000000e8000000)
  to   space 21824K,   0% used [0x00000000e5560000, 0x00000000e5560000, 0x00000000e6ab0000)
 concurrent mark-sweep generation total 393216K, used 0K [0x00000000e8000000, 0x0000000100000000, 0x0000000100000000)
 Metaspace       used 20499K, capacity 20858K, committed 20992K, reserved 1067008K
  class space    used 2368K, capacity 2490K, committed 2560K, reserved 1048576K
2017-01-30T07:44:20.507+0100: 2,981: [GC (Allocation Failure) 2017-01-30T07:44:20.507+0100: 2,981: [ParNew
Desired survivor size 20112992 bytes, new threshold 8 (max 8)
- age   1:    4382624 bytes,    4382624 total
- age   2:    6443272 bytes,   10825896 total
: 99604K->15282K(109248K), 0,0120000 secs] 99604K->15282K(502464K), 0,0120757 secs] [Times: user=0,04 sys=0,01, real=0,01 secs] 
Heap after GC invocations=2 (full 0):
 par new generation   total 109248K, used 15282K [0x00000000e0000000, 0x00000000e8000000, 0x00000000e8000000)
  eden space 87424K,   0% used [0x00000000e0000000, 0x00000000e0000000, 0x00000000e5560000)
  from space 21824K,  70% used [0x00000000e5560000, 0x00000000e644c900, 0x00000000e6ab0000)
  to   space 21824K,   0% used [0x00000000e6ab0000, 0x00000000e6ab0000, 0x00000000e8000000)
 concurrent mark-sweep generation total 393216K, used 0K [0x00000000e8000000, 0x0000000100000000, 0x0000000100000000)
 Metaspace       used 20499K, capacity 20858K, committed 20992K, reserved 1067008K
  class space    used 2368K, capacity 2490K, committed 2560K, reserved 1048576K
}
2017-01-30T07:44:20.519+0100: 2,993: Total time for which application threads were stopped: 0,0123011 seconds, Stopping threads took: 0,0000497 seconds
2017-01-30T07:44:20.568+0100: 3,042: Total time for which application threads were stopped: 0,0001763 seconds, Stopping threads took: 0,0000493 seconds
2017-01-30T07:44:20.600+0100: 3,074: Total time for which application threads were stopped: 0,0001614 seconds, Stopping threads took: 0,0000509 seconds
2017-01-30T07:44:20.630+0100: 3,104: Total time for which application threads were stopped: 0,0001718 seconds, Stopping threads took: 0,0000534 seconds
{Heap before GC invocations=2 (full 0):
 par new generation   total 109248K, used 102706K [0x00000000e0000000, 0x00000000e8000000, 0x00000000e8000000)
  eden space 87424K, 100% used [0x00000000e0000000, 0x00000000e5560000, 0x00000000e5560000)
  from space 21824K,  70% used [0x00000000e5560000, 0x00000000e644c900, 0x00000000e6ab0000)
  to   space 21824K,   0% used [0x00000000e6ab0000, 0x00000000e6ab0000, 0x00000000e8000000)
 concurrent mark-sweep generation total 393216K, used 0K [0x00000000e8000000, 0x0000000100000000, 0x0000000100000000)
 Metaspace       used 21755K, capacity 22122K, committed 22216K, reserved 1069056K
  class space    used 2525K, capacity 2653K, committed 2684K, reserved 1048576K
2017-01-30T07:44:20.678+0100: 3,152: [GC (Allocation Failure) 2017-01-30T07:44:20.679+0100: 3,152: [ParNew
Desired survivor size 20112992 bytes, new threshold 8 (max 8)
- age   1:    1400888 bytes,    1400888 total
- age   2:    1788584 bytes,    3189472 total
- age   3:    6441256 bytes,    9630728 total
: 102706K->11749K(109248K), 0,0129245 secs] 102706K->11749K(502464K), 0,0130247 secs] [Times: user=0,04 sys=0,00, real=0,02 secs] 
Heap after GC invocations=3 (full 0):
 par new generation   total 109248K, used 11749K [0x00000000e0000000, 0x00000000e8000000, 0x00000000e8000000)
  eden space 87424K,   0% used [0x00000000e0000000, 0x00000000e0000000, 0x00000000e5560000)
  from space 21824K,  53% used [0x00000000e6ab0000, 0x00000000e7629640, 0x00000000e8000000)
  to   space 21824K,   0% used [0x00000000e5560000, 0x00000000e5560000, 0x00000000e6ab0000)
 concurrent mark-sweep generation total 393216K, used 0K [0x00000000e8000000, 0x0000000100000000, 0x0000000100000000)
 Metaspace       used 21755K, capacity 22122K, committed 22216K, reserved 1069056K
  class space    used 2525K, capacity 2653K, committed 2684K, reserved 1048576K
}
2017-01-30T07:44:20.692+0100: 3,165: Total time for which application threads were stopped: 0,0132277 seconds, Stopping threads took: 0,0000411 seconds
2017-01-30T07:44:20.692+0100: 3,166: [GC (CMS Initial Mark) [1 CMS-initial-mark: 0K(393216K)] 12639K(502464K), 0,0026327 secs] [Times: user=0,00 sys=0,00, real=0,00 secs] 
2017-01-30T07:44:20.694+0100: 3,168: Total time for which application threads were stopped: 0,0028236 seconds, Stopping threads took: 0,0001225 seconds
2017-01-30T07:44:20.694+0100: 3,168: [CMS-concurrent-mark-start]
2017-01-30T07:44:20.698+0100: 3,172: [CMS-concurrent-mark: 0,004/0,004 secs] [Times: user=0,02 sys=0,00, real=0,00 secs] 
2017-01-30T07:44:20.698+0100: 3,172: [CMS-concurrent-preclean-start]
2017-01-30T07:44:20.700+0100: 3,173: [CMS-concurrent-preclean: 0,001/0,001 secs] [Times: user=0,00 sys=0,00, real=0,01 secs] 
2017-01-30T07:44:20.700+0100: 3,174: [CMS-concurrent-abortable-preclean-start]
2017-01-30T07:44:20.755+0100: 3,229: Total time for which application threads were stopped: 0,0012943 seconds, Stopping threads took: 0,0012181 seconds
{Heap before GC invocations=3 (full 1):
 par new generation   total 109248K, used 99173K [0x00000000e0000000, 0x00000000e8000000, 0x00000000e8000000)
  eden space 87424K, 100% used [0x00000000e0000000, 0x00000000e5560000, 0x00000000e5560000)
  from space 21824K,  53% used [0x00000000e6ab0000, 0x00000000e7629640, 0x00000000e8000000)
  to   space 21824K,   0% used [0x00000000e5560000, 0x00000000e5560000, 0x00000000e6ab0000)
 concurrent mark-sweep generation total 393216K, used 0K [0x00000000e8000000, 0x0000000100000000, 0x0000000100000000)
 Metaspace       used 22053K, capacity 22408K, committed 22548K, reserved 1069056K
  class space    used 2563K, capacity 2722K, committed 2760K, reserved 1048576K
2017-01-30T07:44:20.807+0100: 3,281: [GC (Allocation Failure) 2017-01-30T07:44:20.807+0100: 3,281: [ParNew
Desired survivor size 20112992 bytes, new threshold 8 (max 8)
- age   1:     474528 bytes,     474528 total
- age   2:     383872 bytes,     858400 total
- age   3:    1390488 bytes,    2248888 total
- age   4:    6441216 bytes,    8690104 total
: 99173K->12783K(109248K), 0,0116950 secs] 99173K->12783K(502464K), 0,0117684 secs] [Times: user=0,04 sys=0,00, real=0,00 secs] 
Heap after GC invocations=4 (full 1):
 par new generation   total 109248K, used 12783K [0x00000000e0000000, 0x00000000e8000000, 0x00000000e8000000)
  eden space 87424K,   0% used [0x00000000e0000000, 0x00000000e0000000, 0x00000000e5560000)
  from space 21824K,  58% used [0x00000000e5560000, 0x00000000e61dbed0, 0x00000000e6ab0000)
  to   space 21824K,   0% used [0x00000000e6ab0000, 0x00000000e6ab0000, 0x00000000e8000000)
 concurrent mark-sweep generation total 393216K, used 0K [0x00000000e8000000, 0x0000000100000000, 0x0000000100000000)
 Metaspace       used 22053K, capacity 22408K, committed 22548K, reserved 1069056K
  class space    used 2563K, capacity 2722K, committed 2760K, reserved 1048576K
}
2017-01-30T07:44:20.819+0100: 3,293: Total time for which application threads were stopped: 0,0120398 seconds, Stopping threads took: 0,0001155 seconds
2017-01-30T07:44:20.819+0100: 3,293: [CMS-concurrent-abortable-preclean: 0,056/0,119 secs] [Times: user=0,43 sys=0,01, real=0,12 secs] 
2017-01-30T07:44:20.822+0100: 3,296: [GC (CMS Final Remark) [YG occupancy: 13831 K (109248 K)]{Heap before GC invocations=4 (full 1):
 par new generation   total 109248K, used 13831K [0x00000000e0000000, 0x00000000e8000000, 0x00000000e8000000)
  eden space 87424K,   1% used [0x00000000e0000000, 0x00000000e0105e50, 0x00000000e5560000)
  from space 21824K,  58% used [0x00000000e5560000, 0x00000000e61dbed0, 0x00000000e6ab0000)
  to   space 21824K,   0% used [0x00000000e6ab0000, 0x00000000e6ab0000, 0x00000000e8000000)
 concurrent mark-sweep generation total 393216K, used 0K [0x00000000e8000000, 0x0000000100000000, 0x0000000100000000)
 Metaspace       used 22071K, capacity 22472K, committed 22548K, reserved 1069056K
  class space    used 2566K, capacity 2722K, committed 2760K, reserved 1048576K
2017-01-30T07:44:20.822+0100: 3,296: [GC (CMS Final Remark) 2017-01-30T07:44:20.822+0100: 3,296: [ParNew
Desired survivor size 20112992 bytes, new threshold 8 (max 8)
- age   1:      30752 bytes,      30752 total
- age   2:     468024 bytes,     498776 total
- age   3:     383872 bytes,     882648 total
- age   4:    1389512 bytes,    2272160 total
- age   5:    6441424 bytes,    8713584 total
: 13831K->10630K(109248K), 0,0082679 secs] 13831K->10630K(502464K), 0,0083143 secs] [Times: user=0,03 sys=0,00, real=0,01 secs] 
Heap after GC invocations=5 (full 1):
 par new generation   total 109248K, used 10630K [0x00000000e0000000, 0x00000000e8000000, 0x00000000e8000000)
  eden space 87424K,   0% used [0x00000000e0000000, 0x00000000e0000000, 0x00000000e5560000)
  from space 21824K,  48% used [0x00000000e6ab0000, 0x00000000e7511a30, 0x00000000e8000000)
  to   space 21824K,   0% used [0x00000000e5560000, 0x00000000e5560000, 0x00000000e6ab0000)
 concurrent mark-sweep generation total 393216K, used 0K [0x00000000e8000000, 0x0000000100000000, 0x0000000100000000)
 Metaspace       used 22071K, capacity 22472K, committed 22548K, reserved 1069056K
  class space    used 2566K, capacity 2722K, committed 2760K, reserved 1048576K
}
2017-01-30T07:44:20.831+0100: 3,305: [Rescan (parallel) , 0,0031213 secs]2017-01-30T07:44:20.834+0100: 3,308: [weak refs processing, 0,0006027 secs]2017-01-30T07:44:20.835+0100: 3,308: [class unloading, 0,0029959 secs]2017-01-30T07:44:20.838+0100: 3,311: [scrub symbol table, 0,0028401 secs]2017-01-30T07:44:20.840+0100: 3,314: [scrub string table, 0,0003942 secs][1 CMS-remark: 0K(393216K)] 10630K(502464K), 0,0189569 secs] [Times: user=0,05 sys=0,00, real=0,02 secs] 
2017-01-30T07:44:20.841+0100: 3,315: Total time for which application threads were stopped: 0,0190940 seconds, Stopping threads took: 0,0000605 seconds
2017-01-30T07:44:20.841+0100: 3,315: [CMS-concurrent-sweep-start]
2017-01-30T07:44:20.841+0100: 3,315: [CMS-concurrent-sweep: 0,000/0,000 secs] [Times: user=0,00 sys=0,00, real=0,00 secs] 
2017-01-30T07:44:20.842+0100: 3,315: [CMS-concurrent-reset-start]
2017-01-30T07:44:20.843+0100: 3,317: [CMS-concurrent-reset: 0,002/0,002 secs] [Times: user=0,01 sys=0,00, real=0,00 secs] 
2017-01-30T07:44:20.850+0100: 3,324: Total time for which application threads were stopped: 0,0003235 seconds, Stopping threads took: 0,0000353 seconds
2017-01-30T07:44:21.134+0100: 3,608: Total time for which application threads were stopped: 0,0011848 seconds, Stopping threads took: 0,0006888 seconds
2017-01-30T07:44:21.147+0100: 3,621: Total time for which application threads were stopped: 0,0004845 seconds, Stopping threads took: 0,0000498 seconds
{Heap before GC invocations=5 (full 1):
 par new generation   total 109248K, used 98054K [0x00000000e0000000, 0x00000000e8000000, 0x00000000e8000000)
  eden space 87424K, 100% used [0x00000000e0000000, 0x00000000e5560000, 0x00000000e5560000)
  from space 21824K,  48% used [0x00000000e6ab0000, 0x00000000e7511a30, 0x00000000e8000000)
  to   space 21824K,   0% used [0x00000000e5560000, 0x00000000e5560000, 0x00000000e6ab0000)
 concurrent mark-sweep generation total 393216K, used 0K [0x00000000e8000000, 0x0000000100000000, 0x0000000100000000)
 Metaspace       used 25869K, capacity 26282K, committed 26568K, reserved 1073152K
  class space    used 3032K, capacity 3161K, committed 3272K, reserved 1048576K
2017-01-30T07:44:21.329+0100: 3,803: [GC (Allocation Failure) 2017-01-30T07:44:21.329+0100: 3,803: [ParNew
Desired survivor size 20112992 bytes, new threshold 8 (max 8)
- age   1:    4948248 bytes,    4948248 total
- age   2:       3568 bytes,    4951816 total
- age   3:     168352 bytes,    5120168 total
- age   4:     372776 bytes,    5492944 total
- age   5:     830264 bytes,    6323208 total
- age   6:    6435280 bytes,   12758488 total
: 98054K->16751K(109248K), 0,0112299 secs] 98054K->16751K(502464K), 0,0113144 secs] [Times: user=0,05 sys=0,00, real=0,01 secs] 
Heap after GC invocations=6 (full 1):
 par new generation   total 109248K, used 16751K [0x00000000e0000000, 0x00000000e8000000, 0x00000000e8000000)
  eden space 87424K,   0% used [0x00000000e0000000, 0x00000000e0000000, 0x00000000e5560000)
  from space 21824K,  76% used [0x00000000e5560000, 0x00000000e65bbcb8, 0x00000000e6ab0000)
  to   space 21824K,   0% used [0x00000000e6ab0000, 0x00000000e6ab0000, 0x00000000e8000000)
 concurrent mark-sweep generation total 393216K, used 0K [0x00000000e8000000, 0x0000000100000000, 0x0000000100000000)
 Metaspace       used 25869K, capacity 26282K, committed 26568K, reserved 1073152K
  class space    used 3032K, capacity 3161K, committed 3272K, reserved 1048576K
}
2017-01-30T07:44:21.341+0100: 3,814: Total time for which application threads were stopped: 0,0115101 seconds, Stopping threads took: 0,0000314 seconds
2017-01-30T07:44:21.514+0100: 3,988: Total time for which application threads were stopped: 0,0003381 seconds, Stopping threads took: 0,0000164 seconds
2017-01-30T07:44:21.581+0100: 4,055: Total time for which application threads were stopped: 0,0004847 seconds, Stopping threads took: 0,0000272 seconds
2017-01-30T07:44:21.586+0100: 4,060: Total time for which application threads were stopped: 0,0001330 seconds, Stopping threads took: 0,0000514 seconds
2017-01-30T07:44:22.586+0100: 5,060: Total time for which application threads were stopped: 0,0000685 seconds, Stopping threads took: 0,0000194 seconds
2017-01-30T07:44:49.146+0100: 32,063: Total time for which application threads were stopped: 0,0000746 seconds, Stopping threads took: 0,0000326 seconds
2017-01-30T07:46:50.161+0100: 153,077: Total time for which application threads were stopped: 0,0001963 seconds, Stopping threads took: 0,0001353 seconds
2017-01-30T07:46:55.162+0100: 158,078: Total time for which application threads were stopped: 0,0000668 seconds, Stopping threads took: 0,0000171 seconds
2017-01-30T08:07:58.304+0100: 1421,220: Total time for which application threads were stopped: 0,0001250 seconds, Stopping threads took: 0,0000526 seconds
2017-01-30T08:10:07.058+0100: 1549,975: Total time for which application threads were stopped: 0,0000886 seconds, Stopping threads took: 0,0000161 seconds
2017-01-30T08:10:07.087+0100: 1550,003: Total time for which application threads were stopped: 0,0001015 seconds, Stopping threads took: 0,0000310 seconds
2017-01-30T08:10:07.088+0100: 1550,005: Total time for which application threads were stopped: 0,0001325 seconds, Stopping threads took: 0,0000464 seconds
Heap
 par new generation   total 109248K, used 82523K [0x00000000e0000000, 0x00000000e8000000, 0x00000000e8000000)
  eden space 87424K,  75% used [0x00000000e0000000, 0x00000000e403b110, 0x00000000e5560000)
  from space 21824K,  76% used [0x00000000e5560000, 0x00000000e65bbcb8, 0x00000000e6ab0000)
  to   space 21824K,   0% used [0x00000000e6ab0000, 0x00000000e6ab0000, 0x00000000e8000000)
 concurrent mark-sweep generation total 393216K, used 0K [0x00000000e8000000, 0x0000000100000000, 0x0000000100000000)
 Metaspace       used 28833K, capacity 29276K, committed 29640K, reserved 1075200K
  class space    used 3342K, capacity 3494K, committed 3528K, reserved 1048576K
