OpenJDK 64-Bit Server VM (25.131-b11) for linux-amd64 JRE (1.8.0_131-8u131-b11-2ubuntu1.16.04.3-b11), built on Jul 28 2017 01:23:32 by "buildd" with gcc 5.4.0 20160609
Memory: 4k page, physical 7867732k(7465916k free), swap 8076284k(8076284k free)
CommandLine flags: -XX:CMSInitiatingOccupancyFraction=50 -XX:CMSMaxAbortablePrecleanTime=6000 -XX:+CMSParallelRemarkEnabled -XX:+CMSScavengeBeforeRemark -XX:ConcGCThreads=4 -XX:InitialHeapSize=536870912 -XX:MaxHeapSize=536870912 -XX:MaxTenuringThreshold=8 -XX:NewRatio=3 -XX:OldPLABSize=16 -XX:OnOutOfMemoryError=/opt/solr/bin/oom_solr.sh 8983 /var/solr/logs -XX:ParallelGCThreads=4 -XX:+ParallelRefProcEnabled -XX:PretenureSizeThreshold=67108864 -XX:+PrintGC -XX:+PrintGCApplicationStoppedTime -XX:+PrintGCDateStamps -XX:+PrintGCDetails -XX:+PrintGCTimeStamps -XX:+PrintHeapAtGC -XX:+PrintTenuringDistribution -XX:SurvivorRatio=4 -XX:TargetSurvivorRatio=90 -XX:ThreadStackSize=256 -XX:+UseCMSInitiatingOccupancyOnly -XX:+UseCompressedClassPointers -XX:+UseCompressedOops -XX:+UseConcMarkSweepGC -XX:+UseParNewGC 
2017-08-06T08:26:46.925+0200: 0,198: Total time for which application threads were stopped: 0,0000894 seconds, Stopping threads took: 0,0000120 seconds
2017-08-06T08:26:47.031+0200: 0,304: Total time for which application threads were stopped: 0,0000937 seconds, Stopping threads took: 0,0000092 seconds
2017-08-06T08:26:47.058+0200: 0,331: Total time for which application threads were stopped: 0,0000820 seconds, Stopping threads took: 0,0000138 seconds
2017-08-06T08:26:47.358+0200: 0,631: Total time for which application threads were stopped: 0,0001404 seconds, Stopping threads took: 0,0000175 seconds
2017-08-06T08:26:47.815+0200: 1,088: Total time for which application threads were stopped: 0,0001345 seconds, Stopping threads took: 0,0000122 seconds
2017-08-06T08:26:47.876+0200: 1,149: Total time for which application threads were stopped: 0,0001358 seconds, Stopping threads took: 0,0000138 seconds
2017-08-06T08:26:47.905+0200: 1,177: Total time for which application threads were stopped: 0,0001865 seconds, Stopping threads took: 0,0000238 seconds
2017-08-06T08:26:48.263+0200: 1,536: Total time for which application threads were stopped: 0,0002398 seconds, Stopping threads took: 0,0000200 seconds
2017-08-06T08:26:48.532+0200: 1,804: Total time for which application threads were stopped: 0,0002080 seconds, Stopping threads took: 0,0000280 seconds
2017-08-06T08:26:48.563+0200: 1,836: Total time for which application threads were stopped: 0,0001618 seconds, Stopping threads took: 0,0000200 seconds
2017-08-06T08:26:48.600+0200: 1,872: Total time for which application threads were stopped: 0,0002442 seconds, Stopping threads took: 0,0000322 seconds
2017-08-06T08:26:48.601+0200: 1,874: Total time for which application threads were stopped: 0,0002195 seconds, Stopping threads took: 0,0000266 seconds
2017-08-06T08:26:48.625+0200: 1,898: Total time for which application threads were stopped: 0,0003845 seconds, Stopping threads took: 0,0000253 seconds
2017-08-06T08:26:48.719+0200: 1,992: Total time for which application threads were stopped: 0,0001996 seconds, Stopping threads took: 0,0000183 seconds
2017-08-06T08:26:48.894+0200: 2,167: Total time for which application threads were stopped: 0,0002298 seconds, Stopping threads took: 0,0000175 seconds
{Heap before GC invocations=0 (full 0):
 par new generation   total 109248K, used 87424K [0x00000000e0000000, 0x00000000e8000000, 0x00000000e8000000)
  eden space 87424K, 100% used [0x00000000e0000000, 0x00000000e5560000, 0x00000000e5560000)
  from space 21824K,   0% used [0x00000000e5560000, 0x00000000e5560000, 0x00000000e6ab0000)
  to   space 21824K,   0% used [0x00000000e6ab0000, 0x00000000e6ab0000, 0x00000000e8000000)
 concurrent mark-sweep generation total 393216K, used 0K [0x00000000e8000000, 0x0000000100000000, 0x0000000100000000)
 Metaspace       used 18035K, capacity 18336K, committed 18688K, reserved 1064960K
  class space    used 2035K, capacity 2196K, committed 2304K, reserved 1048576K
2017-08-06T08:26:48.986+0200: 2,258: [GC (Allocation Failure) 2017-08-06T08:26:48.986+0200: 2,259: [ParNew
Desired survivor size 20112992 bytes, new threshold 8 (max 8)
- age   1:   12604864 bytes,   12604864 total
: 87424K->12425K(109248K), 0,0167164 secs] 87424K->12425K(502464K), 0,0168088 secs] [Times: user=0,03 sys=0,02, real=0,01 secs] 
Heap after GC invocations=1 (full 0):
 par new generation   total 109248K, used 12425K [0x00000000e0000000, 0x00000000e8000000, 0x00000000e8000000)
  eden space 87424K,   0% used [0x00000000e0000000, 0x00000000e0000000, 0x00000000e5560000)
  from space 21824K,  56% used [0x00000000e6ab0000, 0x00000000e76d25e0, 0x00000000e8000000)
  to   space 21824K,   0% used [0x00000000e5560000, 0x00000000e5560000, 0x00000000e6ab0000)
 concurrent mark-sweep generation total 393216K, used 0K [0x00000000e8000000, 0x0000000100000000, 0x0000000100000000)
 Metaspace       used 18035K, capacity 18336K, committed 18688K, reserved 1064960K
  class space    used 2035K, capacity 2196K, committed 2304K, reserved 1048576K
}
2017-08-06T08:26:49.003+0200: 2,275: Total time for which application threads were stopped: 0,0171070 seconds, Stopping threads took: 0,0000408 seconds
2017-08-06T08:26:49.363+0200: 2,636: Total time for which application threads were stopped: 0,0027577 seconds, Stopping threads took: 0,0024272 seconds
{Heap before GC invocations=1 (full 0):
 par new generation   total 109248K, used 99849K [0x00000000e0000000, 0x00000000e8000000, 0x00000000e8000000)
  eden space 87424K, 100% used [0x00000000e0000000, 0x00000000e5560000, 0x00000000e5560000)
  from space 21824K,  56% used [0x00000000e6ab0000, 0x00000000e76d25e0, 0x00000000e8000000)
  to   space 21824K,   0% used [0x00000000e5560000, 0x00000000e5560000, 0x00000000e6ab0000)
 concurrent mark-sweep generation total 393216K, used 0K [0x00000000e8000000, 0x0000000100000000, 0x0000000100000000)
 Metaspace       used 20070K, capacity 20432K, committed 20736K, reserved 1067008K
  class space    used 2295K, capacity 2470K, committed 2560K, reserved 1048576K
2017-08-06T08:26:49.405+0200: 2,677: [GC (Allocation Failure) 2017-08-06T08:26:49.405+0200: 2,677: [ParNew
Desired survivor size 20112992 bytes, new threshold 8 (max 8)
- age   1:    3702528 bytes,    3702528 total
- age   2:    6673352 bytes,   10375880 total
: 99849K->13810K(109248K), 0,0156318 secs] 99849K->13810K(502464K), 0,0157092 secs] [Times: user=0,05 sys=0,00, real=0,02 secs] 
Heap after GC invocations=2 (full 0):
 par new generation   total 109248K, used 13810K [0x00000000e0000000, 0x00000000e8000000, 0x00000000e8000000)
  eden space 87424K,   0% used [0x00000000e0000000, 0x00000000e0000000, 0x00000000e5560000)
  from space 21824K,  63% used [0x00000000e5560000, 0x00000000e62dca40, 0x00000000e6ab0000)
  to   space 21824K,   0% used [0x00000000e6ab0000, 0x00000000e6ab0000, 0x00000000e8000000)
 concurrent mark-sweep generation total 393216K, used 0K [0x00000000e8000000, 0x0000000100000000, 0x0000000100000000)
 Metaspace       used 20070K, capacity 20432K, committed 20736K, reserved 1067008K
  class space    used 2295K, capacity 2470K, committed 2560K, reserved 1048576K
}
2017-08-06T08:26:49.420+0200: 2,693: Total time for which application threads were stopped: 0,0159891 seconds, Stopping threads took: 0,0000958 seconds
2017-08-06T08:26:49.428+0200: 2,701: Total time for which application threads were stopped: 0,0003086 seconds, Stopping threads took: 0,0000265 seconds
2017-08-06T08:26:49.453+0200: 2,725: Total time for which application threads were stopped: 0,0004199 seconds, Stopping threads took: 0,0000944 seconds
2017-08-06T08:26:49.586+0200: 2,859: Total time for which application threads were stopped: 0,0001419 seconds, Stopping threads took: 0,0000235 seconds
{Heap before GC invocations=2 (full 0):
 par new generation   total 109248K, used 101234K [0x00000000e0000000, 0x00000000e8000000, 0x00000000e8000000)
  eden space 87424K, 100% used [0x00000000e0000000, 0x00000000e5560000, 0x00000000e5560000)
  from space 21824K,  63% used [0x00000000e5560000, 0x00000000e62dca40, 0x00000000e6ab0000)
  to   space 21824K,   0% used [0x00000000e6ab0000, 0x00000000e6ab0000, 0x00000000e8000000)
 concurrent mark-sweep generation total 393216K, used 0K [0x00000000e8000000, 0x0000000100000000, 0x0000000100000000)
 Metaspace       used 21012K, capacity 21354K, committed 21628K, reserved 1069056K
  class space    used 2419K, capacity 2589K, committed 2684K, reserved 1048576K
2017-08-06T08:26:49.622+0200: 2,895: [GC (Allocation Failure) 2017-08-06T08:26:49.622+0200: 2,895: [ParNew
Desired survivor size 20112992 bytes, new threshold 8 (max 8)
- age   1:    2208792 bytes,    2208792 total
- age   2:     876744 bytes,    3085536 total
- age   3:    6669680 bytes,    9755216 total
: 101234K->11545K(109248K), 0,0112483 secs] 101234K->11545K(502464K), 0,0113311 secs] [Times: user=0,05 sys=0,00, real=0,01 secs] 
Heap after GC invocations=3 (full 0):
 par new generation   total 109248K, used 11545K [0x00000000e0000000, 0x00000000e8000000, 0x00000000e8000000)
  eden space 87424K,   0% used [0x00000000e0000000, 0x00000000e0000000, 0x00000000e5560000)
  from space 21824K,  52% used [0x00000000e6ab0000, 0x00000000e75f65c0, 0x00000000e8000000)
  to   space 21824K,   0% used [0x00000000e5560000, 0x00000000e5560000, 0x00000000e6ab0000)
 concurrent mark-sweep generation total 393216K, used 0K [0x00000000e8000000, 0x0000000100000000, 0x0000000100000000)
 Metaspace       used 21012K, capacity 21354K, committed 21628K, reserved 1069056K
  class space    used 2419K, capacity 2589K, committed 2684K, reserved 1048576K
}
2017-08-06T08:26:49.634+0200: 2,906: Total time for which application threads were stopped: 0,0115420 seconds, Stopping threads took: 0,0000734 seconds
2017-08-06T08:26:49.634+0200: 2,906: [GC (CMS Initial Mark) [1 CMS-initial-mark: 0K(393216K)] 11546K(502464K), 0,0047989 secs] [Times: user=0,01 sys=0,00, real=0,01 secs] 
2017-08-06T08:26:49.638+0200: 2,911: Total time for which application threads were stopped: 0,0049359 seconds, Stopping threads took: 0,0000357 seconds
2017-08-06T08:26:49.639+0200: 2,911: [CMS-concurrent-mark-start]
2017-08-06T08:26:49.639+0200: 2,912: [CMS-concurrent-mark: 0,001/0,001 secs] [Times: user=0,00 sys=0,00, real=0,00 secs] 
2017-08-06T08:26:49.639+0200: 2,912: [CMS-concurrent-preclean-start]
2017-08-06T08:26:49.641+0200: 2,913: [CMS-concurrent-preclean: 0,001/0,001 secs] [Times: user=0,01 sys=0,00, real=0,00 secs] 
2017-08-06T08:26:49.641+0200: 2,913: [CMS-concurrent-abortable-preclean-start]
2017-08-06T08:26:49.681+0200: 2,954: Total time for which application threads were stopped: 0,0001133 seconds, Stopping threads took: 0,0000328 seconds
{Heap before GC invocations=3 (full 1):
 par new generation   total 109248K, used 98969K [0x00000000e0000000, 0x00000000e8000000, 0x00000000e8000000)
  eden space 87424K, 100% used [0x00000000e0000000, 0x00000000e5560000, 0x00000000e5560000)
  from space 21824K,  52% used [0x00000000e6ab0000, 0x00000000e75f65c0, 0x00000000e8000000)
  to   space 21824K,   0% used [0x00000000e5560000, 0x00000000e5560000, 0x00000000e6ab0000)
 concurrent mark-sweep generation total 393216K, used 0K [0x00000000e8000000, 0x0000000100000000, 0x0000000100000000)
 Metaspace       used 21291K, capacity 21630K, committed 21884K, reserved 1069056K
  class space    used 2450K, capacity 2604K, committed 2684K, reserved 1048576K
2017-08-06T08:26:49.749+0200: 3,022: [GC (Allocation Failure) 2017-08-06T08:26:49.749+0200: 3,022: [ParNew
Desired survivor size 20112992 bytes, new threshold 8 (max 8)
- age   1:     898824 bytes,     898824 total
- age   2:    1450504 bytes,    2349328 total
- age   3:     841400 bytes,    3190728 total
- age   4:    6669760 bytes,    9860488 total
: 98969K->15029K(109248K), 0,0104751 secs] 98969K->15029K(502464K), 0,0105372 secs] [Times: user=0,04 sys=0,00, real=0,01 secs] 
Heap after GC invocations=4 (full 1):
 par new generation   total 109248K, used 15029K [0x00000000e0000000, 0x00000000e8000000, 0x00000000e8000000)
  eden space 87424K,   0% used [0x00000000e0000000, 0x00000000e0000000, 0x00000000e5560000)
  from space 21824K,  68% used [0x00000000e5560000, 0x00000000e640d4e0, 0x00000000e6ab0000)
  to   space 21824K,   0% used [0x00000000e6ab0000, 0x00000000e6ab0000, 0x00000000e8000000)
 concurrent mark-sweep generation total 393216K, used 0K [0x00000000e8000000, 0x0000000100000000, 0x0000000100000000)
 Metaspace       used 21291K, capacity 21630K, committed 21884K, reserved 1069056K
  class space    used 2450K, capacity 2604K, committed 2684K, reserved 1048576K
}
2017-08-06T08:26:49.760+0200: 3,033: Total time for which application threads were stopped: 0,0143934 seconds, Stopping threads took: 0,0037078 seconds
2017-08-06T08:26:49.760+0200: 3,033: [CMS-concurrent-abortable-preclean: 0,102/0,119 secs] [Times: user=0,44 sys=0,02, real=0,12 secs] 
2017-08-06T08:26:49.760+0200: 3,033: [GC (CMS Final Remark) [YG occupancy: 15686 K (109248 K)]{Heap before GC invocations=4 (full 1):
 par new generation   total 109248K, used 15686K [0x00000000e0000000, 0x00000000e8000000, 0x00000000e8000000)
  eden space 87424K,   0% used [0x00000000e0000000, 0x00000000e00a4380, 0x00000000e5560000)
  from space 21824K,  68% used [0x00000000e5560000, 0x00000000e640d4e0, 0x00000000e6ab0000)
  to   space 21824K,   0% used [0x00000000e6ab0000, 0x00000000e6ab0000, 0x00000000e8000000)
 concurrent mark-sweep generation total 393216K, used 0K [0x00000000e8000000, 0x0000000100000000, 0x0000000100000000)
 Metaspace       used 21291K, capacity 21630K, committed 21884K, reserved 1069056K
  class space    used 2450K, capacity 2604K, committed 2684K, reserved 1048576K
2017-08-06T08:26:49.760+0200: 3,033: [GC (CMS Final Remark) 2017-08-06T08:26:49.760+0200: 3,033: [ParNew
Desired survivor size 20112992 bytes, new threshold 8 (max 8)
- age   1:     132384 bytes,     132384 total
- age   2:     795872 bytes,     928256 total
- age   3:    1450504 bytes,    2378760 total
- age   4:     841400 bytes,    3220160 total
- age   5:    6669672 bytes,    9889832 total
: 15686K->12524K(109248K), 0,0091492 secs] 15686K->12524K(502464K), 0,0091844 secs] [Times: user=0,02 sys=0,00, real=0,01 secs] 
Heap after GC invocations=5 (full 1):
 par new generation   total 109248K, used 12524K [0x00000000e0000000, 0x00000000e8000000, 0x00000000e8000000)
  eden space 87424K,   0% used [0x00000000e0000000, 0x00000000e0000000, 0x00000000e5560000)
  from space 21824K,  57% used [0x00000000e6ab0000, 0x00000000e76eb1c8, 0x00000000e8000000)
  to   space 21824K,   0% used [0x00000000e5560000, 0x00000000e5560000, 0x00000000e6ab0000)
 concurrent mark-sweep generation total 393216K, used 0K [0x00000000e8000000, 0x0000000100000000, 0x0000000100000000)
 Metaspace       used 21291K, capacity 21630K, committed 21884K, reserved 1069056K
  class space    used 2450K, capacity 2604K, committed 2684K, reserved 1048576K
}
2017-08-06T08:26:49.769+0200: 3,042: [Rescan (parallel) , 0,0032404 secs]2017-08-06T08:26:49.773+0200: 3,045: [weak refs processing, 0,0011207 secs]2017-08-06T08:26:49.774+0200: 3,047: [class unloading, 0,0028098 secs]2017-08-06T08:26:49.777+0200: 3,049: [scrub symbol table, 0,0026768 secs]2017-08-06T08:26:49.779+0200: 3,052: [scrub string table, 0,0003751 secs][1 CMS-remark: 0K(393216K)] 12524K(502464K), 0,0200480 secs] [Times: user=0,04 sys=0,00, real=0,02 secs] 
2017-08-06T08:26:49.780+0200: 3,053: Total time for which application threads were stopped: 0,0201740 seconds, Stopping threads took: 0,0000514 seconds
2017-08-06T08:26:49.780+0200: 3,053: [CMS-concurrent-sweep-start]
2017-08-06T08:26:49.780+0200: 3,053: [CMS-concurrent-sweep: 0,000/0,000 secs] [Times: user=0,00 sys=0,00, real=0,00 secs] 
2017-08-06T08:26:49.780+0200: 3,053: [CMS-concurrent-reset-start]
2017-08-06T08:26:49.790+0200: 3,062: [CMS-concurrent-reset: 0,009/0,009 secs] [Times: user=0,04 sys=0,00, real=0,01 secs] 
{Heap before GC invocations=5 (full 1):
 par new generation   total 109248K, used 99948K [0x00000000e0000000, 0x00000000e8000000, 0x00000000e8000000)
  eden space 87424K, 100% used [0x00000000e0000000, 0x00000000e5560000, 0x00000000e5560000)
  from space 21824K,  57% used [0x00000000e6ab0000, 0x00000000e76eb1c8, 0x00000000e8000000)
  to   space 21824K,   0% used [0x00000000e5560000, 0x00000000e5560000, 0x00000000e6ab0000)
 concurrent mark-sweep generation total 393216K, used 0K [0x00000000e8000000, 0x0000000100000000, 0x0000000100000000)
 Metaspace       used 21398K, capacity 21802K, committed 21884K, reserved 1069056K
  class space    used 2467K, capacity 2638K, committed 2684K, reserved 1048576K
2017-08-06T08:26:49.862+0200: 3,135: [GC (Allocation Failure) 2017-08-06T08:26:49.862+0200: 3,135: [ParNew
Desired survivor size 20112992 bytes, new threshold 8 (max 8)
- age   1:     772224 bytes,     772224 total
- age   3:     186592 bytes,     958816 total
- age   4:    1450112 bytes,    2408928 total
- age   5:     841352 bytes,    3250280 total
- age   6:    6670000 bytes,    9920280 total
: 99948K->11900K(109248K), 0,0105472 secs] 99948K->11900K(502464K), 0,0106301 secs] [Times: user=0,04 sys=0,00, real=0,01 secs] 
Heap after GC invocations=6 (full 1):
 par new generation   total 109248K, used 11900K [0x00000000e0000000, 0x00000000e8000000, 0x00000000e8000000)
  eden space 87424K,   0% used [0x00000000e0000000, 0x00000000e0000000, 0x00000000e5560000)
  from space 21824K,  54% used [0x00000000e5560000, 0x00000000e60ff370, 0x00000000e6ab0000)
  to   space 21824K,   0% used [0x00000000e6ab0000, 0x00000000e6ab0000, 0x00000000e8000000)
 concurrent mark-sweep generation total 393216K, used 0K [0x00000000e8000000, 0x0000000100000000, 0x0000000100000000)
 Metaspace       used 21398K, capacity 21802K, committed 21884K, reserved 1069056K
  class space    used 2467K, capacity 2638K, committed 2684K, reserved 1048576K
}
2017-08-06T08:26:49.873+0200: 3,145: Total time for which application threads were stopped: 0,0108568 seconds, Stopping threads took: 0,0000751 seconds
2017-08-06T08:26:49.910+0200: 3,182: Total time for which application threads were stopped: 0,0004352 seconds, Stopping threads took: 0,0000278 seconds
2017-08-06T08:26:50.133+0200: 3,405: Total time for which application threads were stopped: 0,0005265 seconds, Stopping threads took: 0,0000364 seconds
2017-08-06T08:26:50.157+0200: 3,430: Total time for which application threads were stopped: 0,0003954 seconds, Stopping threads took: 0,0000526 seconds
{Heap before GC invocations=6 (full 1):
 par new generation   total 109248K, used 99296K [0x00000000e0000000, 0x00000000e8000000, 0x00000000e8000000)
  eden space 87424K,  99% used [0x00000000e0000000, 0x00000000e5559070, 0x00000000e5560000)
  from space 21824K,  54% used [0x00000000e5560000, 0x00000000e60ff370, 0x00000000e6ab0000)
  to   space 21824K,   0% used [0x00000000e6ab0000, 0x00000000e6ab0000, 0x00000000e8000000)
 concurrent mark-sweep generation total 393216K, used 0K [0x00000000e8000000, 0x0000000100000000, 0x0000000100000000)
 Metaspace       used 23936K, capacity 24400K, committed 24572K, reserved 1071104K
  class space    used 2820K, capacity 3013K, committed 3068K, reserved 1048576K
2017-08-06T08:26:50.312+0200: 3,585: [GC (Allocation Failure) 2017-08-06T08:26:50.312+0200: 3,585: [ParNew
Desired survivor size 20112992 bytes, new threshold 8 (max 8)
- age   1:    5348352 bytes,    5348352 total
- age   2:     135792 bytes,    5484144 total
- age   4:     185160 bytes,    5669304 total
- age   5:     280328 bytes,    5949632 total
- age   6:     816936 bytes,    6766568 total
- age   7:    6662176 bytes,   13428744 total
: 99296K->14797K(109248K), 0,0128473 secs] 99296K->14797K(502464K), 0,0129173 secs] [Times: user=0,04 sys=0,00, real=0,01 secs] 
Heap after GC invocations=7 (full 1):
 par new generation   total 109248K, used 14797K [0x00000000e0000000, 0x00000000e8000000, 0x00000000e8000000)
  eden space 87424K,   0% used [0x00000000e0000000, 0x00000000e0000000, 0x00000000e5560000)
  from space 21824K,  67% used [0x00000000e6ab0000, 0x00000000e79235d0, 0x00000000e8000000)
  to   space 21824K,   0% used [0x00000000e5560000, 0x00000000e5560000, 0x00000000e6ab0000)
 concurrent mark-sweep generation total 393216K, used 0K [0x00000000e8000000, 0x0000000100000000, 0x0000000100000000)
 Metaspace       used 23936K, capacity 24400K, committed 24572K, reserved 1071104K
  class space    used 2820K, capacity 3013K, committed 3068K, reserved 1048576K
}
2017-08-06T08:26:50.325+0200: 3,598: Total time for which application threads were stopped: 0,0132023 seconds, Stopping threads took: 0,0001130 seconds
{Heap before GC invocations=7 (full 1):
 par new generation   total 109248K, used 102221K [0x00000000e0000000, 0x00000000e8000000, 0x00000000e8000000)
  eden space 87424K, 100% used [0x00000000e0000000, 0x00000000e5560000, 0x00000000e5560000)
  from space 21824K,  67% used [0x00000000e6ab0000, 0x00000000e79235d0, 0x00000000e8000000)
  to   space 21824K,   0% used [0x00000000e5560000, 0x00000000e5560000, 0x00000000e6ab0000)
 concurrent mark-sweep generation total 393216K, used 0K [0x00000000e8000000, 0x0000000100000000, 0x0000000100000000)
 Metaspace       used 24373K, capacity 24822K, committed 25084K, reserved 1071104K
  class space    used 2856K, capacity 3046K, committed 3068K, reserved 1048576K
2017-08-06T08:26:50.409+0200: 3,682: [GC (Allocation Failure) 2017-08-06T08:26:50.409+0200: 3,682: [ParNew
Desired survivor size 20112992 bytes, new threshold 8 (max 8)
- age   1:    1912432 bytes,    1912432 total
- age   2:    1798440 bytes,    3710872 total
- age   3:      40840 bytes,    3751712 total
- age   5:     117784 bytes,    3869496 total
- age   6:     182120 bytes,    4051616 total
- age   7:     774712 bytes,    4826328 total
- age   8:    6128080 bytes,   10954408 total
: 102221K->14936K(109248K), 0,0139101 secs] 102221K->14936K(502464K), 0,0139890 secs] [Times: user=0,04 sys=0,01, real=0,01 secs] 
Heap after GC invocations=8 (full 1):
 par new generation   total 109248K, used 14936K [0x00000000e0000000, 0x00000000e8000000, 0x00000000e8000000)
  eden space 87424K,   0% used [0x00000000e0000000, 0x00000000e0000000, 0x00000000e5560000)
  from space 21824K,  68% used [0x00000000e5560000, 0x00000000e63f6038, 0x00000000e6ab0000)
  to   space 21824K,   0% used [0x00000000e6ab0000, 0x00000000e6ab0000, 0x00000000e8000000)
 concurrent mark-sweep generation total 393216K, used 0K [0x00000000e8000000, 0x0000000100000000, 0x0000000100000000)
 Metaspace       used 24373K, capacity 24822K, committed 25084K, reserved 1071104K
  class space    used 2856K, capacity 3046K, committed 3068K, reserved 1048576K
}
2017-08-06T08:26:50.423+0200: 3,696: Total time for which application threads were stopped: 0,0142506 seconds, Stopping threads took: 0,0000438 seconds
{Heap before GC invocations=8 (full 1):
 par new generation   total 109248K, used 102360K [0x00000000e0000000, 0x00000000e8000000, 0x00000000e8000000)
  eden space 87424K, 100% used [0x00000000e0000000, 0x00000000e5560000, 0x00000000e5560000)
  from space 21824K,  68% used [0x00000000e5560000, 0x00000000e63f6038, 0x00000000e6ab0000)
  to   space 21824K,   0% used [0x00000000e6ab0000, 0x00000000e6ab0000, 0x00000000e8000000)
 concurrent mark-sweep generation total 393216K, used 0K [0x00000000e8000000, 0x0000000100000000, 0x0000000100000000)
 Metaspace       used 24517K, capacity 24976K, committed 25084K, reserved 1071104K
  class space    used 2867K, capacity 3051K, committed 3068K, reserved 1048576K
2017-08-06T08:26:50.493+0200: 3,766: [GC (Allocation Failure) 2017-08-06T08:26:50.493+0200: 3,766: [ParNew
Desired survivor size 20112992 bytes, new threshold 8 (max 8)
- age   1:     497520 bytes,     497520 total
- age   2:     992688 bytes,    1490208 total
- age   3:    1776176 bytes,    3266384 total
- age   4:      40808 bytes,    3307192 total
- age   6:     117616 bytes,    3424808 total
- age   7:     179320 bytes,    3604128 total
- age   8:     773944 bytes,    4378072 total
: 102360K->8748K(109248K), 0,0636038 secs] 102360K->14815K(502464K), 0,0636833 secs] [Times: user=0,13 sys=0,00, real=0,06 secs] 
Heap after GC invocations=9 (full 1):
 par new generation   total 109248K, used 8748K [0x00000000e0000000, 0x00000000e8000000, 0x00000000e8000000)
  eden space 87424K,   0% used [0x00000000e0000000, 0x00000000e0000000, 0x00000000e5560000)
  from space 21824K,  40% used [0x00000000e6ab0000, 0x00000000e733b238, 0x00000000e8000000)
  to   space 21824K,   0% used [0x00000000e5560000, 0x00000000e5560000, 0x00000000e6ab0000)
 concurrent mark-sweep generation total 393216K, used 6066K [0x00000000e8000000, 0x0000000100000000, 0x0000000100000000)
 Metaspace       used 24517K, capacity 24976K, committed 25084K, reserved 1071104K
  class space    used 2867K, capacity 3051K, committed 3068K, reserved 1048576K
}
2017-08-06T08:26:50.557+0200: 3,830: Total time for which application threads were stopped: 0,0639749 seconds, Stopping threads took: 0,0000633 seconds
2017-08-06T08:26:50.790+0200: 4,063: Total time for which application threads were stopped: 0,0003822 seconds, Stopping threads took: 0,0000530 seconds
2017-08-06T08:26:50.803+0200: 4,075: Total time for which application threads were stopped: 0,0002056 seconds, Stopping threads took: 0,0000628 seconds
2017-08-06T08:26:50.803+0200: 4,076: Total time for which application threads were stopped: 0,0003968 seconds, Stopping threads took: 0,0002775 seconds
2017-08-06T08:26:50.804+0200: 4,077: Total time for which application threads were stopped: 0,0002204 seconds, Stopping threads took: 0,0000930 seconds
2017-08-06T08:26:50.811+0200: 4,084: Total time for which application threads were stopped: 0,0014790 seconds, Stopping threads took: 0,0013764 seconds
2017-08-06T08:26:50.814+0200: 4,087: Total time for which application threads were stopped: 0,0001474 seconds, Stopping threads took: 0,0000560 seconds
2017-08-06T08:26:50.814+0200: 4,087: Total time for which application threads were stopped: 0,0000932 seconds, Stopping threads took: 0,0000266 seconds
2017-08-06T08:26:50.821+0200: 4,094: Total time for which application threads were stopped: 0,0001103 seconds, Stopping threads took: 0,0000338 seconds
2017-08-06T08:26:50.821+0200: 4,094: Total time for which application threads were stopped: 0,0000819 seconds, Stopping threads took: 0,0000319 seconds
2017-08-06T08:26:50.825+0200: 4,098: Total time for which application threads were stopped: 0,0038439 seconds, Stopping threads took: 0,0037758 seconds
2017-08-06T08:26:50.826+0200: 4,098: Total time for which application threads were stopped: 0,0000647 seconds, Stopping threads took: 0,0000289 seconds
2017-08-06T08:26:50.826+0200: 4,098: Total time for which application threads were stopped: 0,0000475 seconds, Stopping threads took: 0,0000198 seconds
2017-08-06T08:26:50.826+0200: 4,099: Total time for which application threads were stopped: 0,0000735 seconds, Stopping threads took: 0,0000147 seconds
2017-08-06T08:26:50.826+0200: 4,099: Total time for which application threads were stopped: 0,0000430 seconds, Stopping threads took: 0,0000085 seconds
2017-08-06T08:26:50.829+0200: 4,102: Total time for which application threads were stopped: 0,0032274 seconds, Stopping threads took: 0,0030996 seconds
2017-08-06T08:26:50.830+0200: 4,103: Total time for which application threads were stopped: 0,0002647 seconds, Stopping threads took: 0,0001582 seconds
2017-08-06T08:26:50.830+0200: 4,103: Total time for which application threads were stopped: 0,0000651 seconds, Stopping threads took: 0,0000092 seconds
2017-08-06T08:26:50.831+0200: 4,104: Total time for which application threads were stopped: 0,0000754 seconds, Stopping threads took: 0,0000116 seconds
2017-08-06T08:26:50.831+0200: 4,104: Total time for which application threads were stopped: 0,0000548 seconds, Stopping threads took: 0,0000086 seconds
2017-08-06T08:26:50.831+0200: 4,104: Total time for which application threads were stopped: 0,0000563 seconds, Stopping threads took: 0,0000108 seconds
2017-08-06T08:26:50.831+0200: 4,104: Total time for which application threads were stopped: 0,0000544 seconds, Stopping threads took: 0,0000082 seconds
2017-08-06T08:26:50.831+0200: 4,104: Total time for which application threads were stopped: 0,0001507 seconds, Stopping threads took: 0,0000077 seconds
2017-08-06T08:26:50.835+0200: 4,107: Total time for which application threads were stopped: 0,0001705 seconds, Stopping threads took: 0,0000507 seconds
2017-08-06T08:26:50.835+0200: 4,108: Total time for which application threads were stopped: 0,0001163 seconds, Stopping threads took: 0,0000205 seconds
2017-08-06T08:26:50.835+0200: 4,108: Total time for which application threads were stopped: 0,0001113 seconds, Stopping threads took: 0,0000290 seconds
2017-08-06T08:26:50.836+0200: 4,109: Total time for which application threads were stopped: 0,0001245 seconds, Stopping threads took: 0,0000267 seconds
2017-08-06T08:26:50.843+0200: 4,115: Total time for which application threads were stopped: 0,0005716 seconds, Stopping threads took: 0,0004421 seconds
2017-08-06T08:26:50.844+0200: 4,117: Total time for which application threads were stopped: 0,0001428 seconds, Stopping threads took: 0,0000273 seconds
2017-08-06T08:26:50.845+0200: 4,118: Total time for which application threads were stopped: 0,0001668 seconds, Stopping threads took: 0,0000196 seconds
2017-08-06T08:26:50.847+0200: 4,119: Total time for which application threads were stopped: 0,0003714 seconds, Stopping threads took: 0,0002355 seconds
2017-08-06T08:26:50.847+0200: 4,120: Total time for which application threads were stopped: 0,0001456 seconds, Stopping threads took: 0,0000310 seconds
2017-08-06T08:26:50.849+0200: 4,122: Total time for which application threads were stopped: 0,0013793 seconds, Stopping threads took: 0,0012329 seconds
2017-08-06T08:26:50.860+0200: 4,132: Total time for which application threads were stopped: 0,0001694 seconds, Stopping threads took: 0,0000405 seconds
2017-08-06T08:26:50.869+0200: 4,142: Total time for which application threads were stopped: 0,0005608 seconds, Stopping threads took: 0,0004446 seconds
2017-08-06T08:26:50.877+0200: 4,149: Total time for which application threads were stopped: 0,0001615 seconds, Stopping threads took: 0,0000481 seconds
2017-08-06T08:26:50.878+0200: 4,150: Total time for which application threads were stopped: 0,0001537 seconds, Stopping threads took: 0,0000324 seconds
2017-08-06T08:26:50.878+0200: 4,151: Total time for which application threads were stopped: 0,0001310 seconds, Stopping threads took: 0,0000367 seconds
2017-08-06T08:26:50.878+0200: 4,151: Total time for which application threads were stopped: 0,0000915 seconds, Stopping threads took: 0,0000186 seconds
2017-08-06T08:26:50.879+0200: 4,151: Total time for which application threads were stopped: 0,0000925 seconds, Stopping threads took: 0,0000166 seconds
2017-08-06T08:26:50.880+0200: 4,152: Total time for which application threads were stopped: 0,0001971 seconds, Stopping threads took: 0,0000505 seconds
2017-08-06T08:26:50.890+0200: 4,163: Total time for which application threads were stopped: 0,0001585 seconds, Stopping threads took: 0,0000411 seconds
2017-08-06T08:26:50.921+0200: 4,194: Total time for which application threads were stopped: 0,0006455 seconds, Stopping threads took: 0,0004706 seconds
2017-08-06T08:26:50.923+0200: 4,195: Total time for which application threads were stopped: 0,0001208 seconds, Stopping threads took: 0,0000216 seconds
2017-08-06T08:26:50.926+0200: 4,199: Total time for which application threads were stopped: 0,0000958 seconds, Stopping threads took: 0,0000217 seconds
2017-08-06T08:26:50.927+0200: 4,200: Total time for which application threads were stopped: 0,0001068 seconds, Stopping threads took: 0,0000212 seconds
2017-08-06T08:26:50.929+0200: 4,202: Total time for which application threads were stopped: 0,0000952 seconds, Stopping threads took: 0,0000250 seconds
2017-08-06T08:26:50.930+0200: 4,203: Total time for which application threads were stopped: 0,0001572 seconds, Stopping threads took: 0,0000189 seconds
2017-08-06T08:26:50.947+0200: 4,220: Total time for which application threads were stopped: 0,0004056 seconds, Stopping threads took: 0,0000207 seconds
2017-08-06T08:26:50.963+0200: 4,236: Total time for which application threads were stopped: 0,0005318 seconds, Stopping threads took: 0,0000223 seconds
2017-08-06T08:26:51.036+0200: 4,309: Total time for which application threads were stopped: 0,0005314 seconds, Stopping threads took: 0,0000279 seconds
2017-08-06T08:26:51.039+0200: 4,312: Total time for which application threads were stopped: 0,0001615 seconds, Stopping threads took: 0,0000560 seconds
2017-08-06T08:26:51.040+0200: 4,313: Total time for which application threads were stopped: 0,0002105 seconds, Stopping threads took: 0,0001089 seconds
2017-08-06T08:26:51.065+0200: 4,338: Total time for which application threads were stopped: 0,0015663 seconds, Stopping threads took: 0,0014491 seconds
2017-08-06T08:26:51.069+0200: 4,342: Total time for which application threads were stopped: 0,0014162 seconds, Stopping threads took: 0,0012921 seconds
2017-08-06T08:26:51.074+0200: 4,346: Total time for which application threads were stopped: 0,0001216 seconds, Stopping threads took: 0,0000344 seconds
2017-08-06T08:26:51.077+0200: 4,350: Total time for which application threads were stopped: 0,0005288 seconds, Stopping threads took: 0,0004392 seconds
2017-08-06T08:26:51.081+0200: 4,354: Total time for which application threads were stopped: 0,0001094 seconds, Stopping threads took: 0,0000218 seconds
2017-08-06T08:26:51.089+0200: 4,362: Total time for which application threads were stopped: 0,0032913 seconds, Stopping threads took: 0,0031774 seconds
2017-08-06T08:26:51.105+0200: 4,377: Total time for which application threads were stopped: 0,0001661 seconds, Stopping threads took: 0,0000592 seconds
2017-08-06T08:26:51.124+0200: 4,396: Total time for which application threads were stopped: 0,0002632 seconds, Stopping threads took: 0,0001526 seconds
2017-08-06T08:26:51.147+0200: 4,420: Total time for which application threads were stopped: 0,0001912 seconds, Stopping threads took: 0,0000692 seconds
2017-08-06T08:26:51.168+0200: 4,441: Total time for which application threads were stopped: 0,0005821 seconds, Stopping threads took: 0,0000882 seconds
2017-08-06T08:26:51.169+0200: 4,442: Total time for which application threads were stopped: 0,0002005 seconds, Stopping threads took: 0,0000629 seconds
2017-08-06T08:26:51.178+0200: 4,451: Total time for which application threads were stopped: 0,0002516 seconds, Stopping threads took: 0,0000737 seconds
2017-08-06T08:26:52.178+0200: 5,451: Total time for which application threads were stopped: 0,0001017 seconds, Stopping threads took: 0,0000160 seconds
{Heap before GC invocations=9 (full 1):
 par new generation   total 109248K, used 96172K [0x00000000e0000000, 0x00000000e8000000, 0x00000000e8000000)
  eden space 87424K, 100% used [0x00000000e0000000, 0x00000000e5560000, 0x00000000e5560000)
  from space 21824K,  40% used [0x00000000e6ab0000, 0x00000000e733b238, 0x00000000e8000000)
  to   space 21824K,   0% used [0x00000000e5560000, 0x00000000e5560000, 0x00000000e6ab0000)
 concurrent mark-sweep generation total 393216K, used 6066K [0x00000000e8000000, 0x0000000100000000, 0x0000000100000000)
 Metaspace       used 28029K, capacity 28558K, committed 28796K, reserved 1075200K
  class space    used 3211K, capacity 3388K, committed 3452K, reserved 1048576K
2017-08-06T08:26:53.757+0200: 7,030: [GC (Allocation Failure) 2017-08-06T08:26:53.757+0200: 7,030: [ParNew
Desired survivor size 20112992 bytes, new threshold 8 (max 8)
- age   1:   11316104 bytes,   11316104 total
- age   2:     167576 bytes,   11483680 total
- age   3:     200224 bytes,   11683904 total
- age   4:    1769864 bytes,   13453768 total
- age   5:      40808 bytes,   13494576 total
- age   7:     114912 bytes,   13609488 total
- age   8:     178760 bytes,   13788248 total
: 96172K->15188K(109248K), 0,0579372 secs] 102239K->22098K(502464K), 0,0580245 secs] [Times: user=0,06 sys=0,00, real=0,06 secs] 
Heap after GC invocations=10 (full 1):
 par new generation   total 109248K, used 15188K [0x00000000e0000000, 0x00000000e8000000, 0x00000000e8000000)
  eden space 87424K,   0% used [0x00000000e0000000, 0x00000000e0000000, 0x00000000e5560000)
  from space 21824K,  69% used [0x00000000e5560000, 0x00000000e6435300, 0x00000000e6ab0000)
  to   space 21824K,   0% used [0x00000000e6ab0000, 0x00000000e6ab0000, 0x00000000e8000000)
 concurrent mark-sweep generation total 393216K, used 6909K [0x00000000e8000000, 0x0000000100000000, 0x0000000100000000)
 Metaspace       used 28029K, capacity 28558K, committed 28796K, reserved 1075200K
  class space    used 3211K, capacity 3388K, committed 3452K, reserved 1048576K
}
2017-08-06T08:26:53.815+0200: 7,088: Total time for which application threads were stopped: 0,0582044 seconds, Stopping threads took: 0,0000178 seconds
2017-08-06T08:26:53.817+0200: 7,089: Total time for which application threads were stopped: 0,0001015 seconds, Stopping threads took: 0,0000243 seconds
2017-08-06T08:26:53.817+0200: 7,090: Total time for which application threads were stopped: 0,0000615 seconds, Stopping threads took: 0,0000120 seconds
2017-08-06T08:28:43.386+0200: 117,102: Total time for which application threads were stopped: 0,0001412 seconds, Stopping threads took: 0,0000652 seconds
2017-08-06T08:28:48.387+0200: 122,103: Total time for which application threads were stopped: 0,0001251 seconds, Stopping threads took: 0,0000292 seconds
2017-08-06T08:29:47.393+0200: 181,109: Total time for which application threads were stopped: 0,0000826 seconds, Stopping threads took: 0,0000317 seconds
2017-08-06T08:31:22.405+0200: 276,121: Total time for which application threads were stopped: 0,0004505 seconds, Stopping threads took: 0,0001670 seconds
2017-08-06T08:50:17.532+0200: 1411,248: Total time for which application threads were stopped: 0,0001058 seconds, Stopping threads took: 0,0000351 seconds
2017-08-06T08:51:48.542+0200: 1502,258: Total time for which application threads were stopped: 0,0000788 seconds, Stopping threads took: 0,0000279 seconds
2017-08-06T08:54:52.561+0200: 1686,277: Total time for which application threads were stopped: 0,0000896 seconds, Stopping threads took: 0,0000320 seconds
2017-08-06T09:05:07.634+0200: 2301,350: Total time for which application threads were stopped: 0,0000840 seconds, Stopping threads took: 0,0000329 seconds
2017-08-06T09:05:08.634+0200: 2302,350: Total time for which application threads were stopped: 0,0000739 seconds, Stopping threads took: 0,0000168 seconds
2017-08-06T09:20:03.736+0200: 3197,452: Total time for which application threads were stopped: 0,0005176 seconds, Stopping threads took: 0,0001771 seconds
2017-08-06T09:29:18.797+0200: 3752,513: Total time for which application threads were stopped: 0,0000992 seconds, Stopping threads took: 0,0000369 seconds
2017-08-06T09:32:07.817+0200: 3921,533: Total time for which application threads were stopped: 0,0000828 seconds, Stopping threads took: 0,0000310 seconds
2017-08-06T09:32:17.819+0200: 3931,535: Total time for which application threads were stopped: 0,0000815 seconds, Stopping threads took: 0,0000311 seconds
2017-08-06T09:45:08.909+0200: 4702,625: Total time for which application threads were stopped: 0,0000869 seconds, Stopping threads took: 0,0000283 seconds
2017-08-06T09:45:13.910+0200: 4707,626: Total time for which application threads were stopped: 0,0002620 seconds, Stopping threads took: 0,0000699 seconds
2017-08-06T10:11:09.102+0200: 6262,818: Total time for which application threads were stopped: 0,0001705 seconds, Stopping threads took: 0,0000627 seconds
2017-08-06T10:28:48.281+0200: 7321,997: Total time for which application threads were stopped: 0,0001867 seconds, Stopping threads took: 0,0000738 seconds
2017-08-06T10:34:48.342+0200: 7682,058: Total time for which application threads were stopped: 0,0002368 seconds, Stopping threads took: 0,0000630 seconds
2017-08-06T11:39:18.803+0200: 11552,518: Total time for which application threads were stopped: 0,0001215 seconds, Stopping threads took: 0,0000444 seconds
2017-08-06T12:42:48.172+0200: 15361,888: Total time for which application threads were stopped: 0,0000840 seconds, Stopping threads took: 0,0000304 seconds
2017-08-06T12:44:18.180+0200: 15451,896: Total time for which application threads were stopped: 0,0000876 seconds, Stopping threads took: 0,0000319 seconds
2017-08-06T13:08:05.283+0200: 16878,999: Total time for which application threads were stopped: 0,0001033 seconds, Stopping threads took: 0,0000261 seconds
2017-08-06T13:08:05.283+0200: 16878,999: Total time for which application threads were stopped: 0,0000760 seconds, Stopping threads took: 0,0000276 seconds
2017-08-06T13:08:05.283+0200: 16878,999: Total time for which application threads were stopped: 0,0000612 seconds, Stopping threads took: 0,0000114 seconds
2017-08-06T13:08:05.286+0200: 16879,002: Total time for which application threads were stopped: 0,0001086 seconds, Stopping threads took: 0,0000379 seconds
2017-08-06T13:08:05.287+0200: 16879,002: Total time for which application threads were stopped: 0,0000498 seconds, Stopping threads took: 0,0000149 seconds
2017-08-06T13:08:05.287+0200: 16879,003: Total time for which application threads were stopped: 0,0000893 seconds, Stopping threads took: 0,0000238 seconds
2017-08-06T13:08:05.288+0200: 16879,004: Total time for which application threads were stopped: 0,0000952 seconds, Stopping threads took: 0,0000212 seconds
2017-08-06T13:08:05.288+0200: 16879,004: Total time for which application threads were stopped: 0,0000967 seconds, Stopping threads took: 0,0000219 seconds
2017-08-06T13:08:05.288+0200: 16879,004: Total time for which application threads were stopped: 0,0000658 seconds, Stopping threads took: 0,0000094 seconds
2017-08-06T13:08:05.290+0200: 16879,006: Total time for which application threads were stopped: 0,0000839 seconds, Stopping threads took: 0,0000229 seconds
2017-08-06T13:08:05.290+0200: 16879,006: Total time for which application threads were stopped: 0,0000577 seconds, Stopping threads took: 0,0000156 seconds
2017-08-06T13:08:05.290+0200: 16879,006: Total time for which application threads were stopped: 0,0000517 seconds, Stopping threads took: 0,0000125 seconds
2017-08-06T13:08:05.290+0200: 16879,006: Total time for which application threads were stopped: 0,0000604 seconds, Stopping threads took: 0,0000174 seconds
2017-08-06T13:08:05.290+0200: 16879,006: Total time for which application threads were stopped: 0,0000542 seconds, Stopping threads took: 0,0000127 seconds
2017-08-06T13:08:05.318+0200: 16879,034: Total time for which application threads were stopped: 0,0278173 seconds, Stopping threads took: 0,0277235 seconds
2017-08-06T13:08:05.318+0200: 16879,034: Total time for which application threads were stopped: 0,0000621 seconds, Stopping threads took: 0,0000188 seconds
2017-08-06T13:08:05.320+0200: 16879,036: Total time for which application threads were stopped: 0,0023388 seconds, Stopping threads took: 0,0022601 seconds
2017-08-06T13:08:05.321+0200: 16879,036: Total time for which application threads were stopped: 0,0000554 seconds, Stopping threads took: 0,0000148 seconds
2017-08-06T13:08:05.321+0200: 16879,037: Total time for which application threads were stopped: 0,0000486 seconds, Stopping threads took: 0,0000128 seconds
2017-08-06T13:08:05.359+0200: 16879,075: Total time for which application threads were stopped: 0,0044835 seconds, Stopping threads took: 0,0043885 seconds
2017-08-06T13:08:05.367+0200: 16879,083: Total time for which application threads were stopped: 0,0010710 seconds, Stopping threads took: 0,0009953 seconds
2017-08-06T13:08:05.370+0200: 16879,086: Total time for which application threads were stopped: 0,0001001 seconds, Stopping threads took: 0,0000185 seconds
2017-08-06T13:08:05.371+0200: 16879,087: Total time for which application threads were stopped: 0,0000838 seconds, Stopping threads took: 0,0000162 seconds
2017-08-06T13:08:05.371+0200: 16879,087: Total time for which application threads were stopped: 0,0000973 seconds, Stopping threads took: 0,0000200 seconds
2017-08-06T13:08:05.372+0200: 16879,088: Total time for which application threads were stopped: 0,0001306 seconds, Stopping threads took: 0,0000197 seconds
2017-08-06T13:08:05.373+0200: 16879,089: Total time for which application threads were stopped: 0,0000991 seconds, Stopping threads took: 0,0000208 seconds
2017-08-06T13:08:05.380+0200: 16879,096: Total time for which application threads were stopped: 0,0000973 seconds, Stopping threads took: 0,0000173 seconds
2017-08-06T13:08:05.380+0200: 16879,096: Total time for which application threads were stopped: 0,0000689 seconds, Stopping threads took: 0,0000104 seconds
2017-08-06T13:08:05.381+0200: 16879,097: Total time for which application threads were stopped: 0,0000950 seconds, Stopping threads took: 0,0000145 seconds
2017-08-06T13:08:05.381+0200: 16879,097: Total time for which application threads were stopped: 0,0000558 seconds, Stopping threads took: 0,0000135 seconds
2017-08-06T13:08:05.382+0200: 16879,098: Total time for which application threads were stopped: 0,0000975 seconds, Stopping threads took: 0,0000211 seconds
2017-08-06T13:08:05.383+0200: 16879,099: Total time for which application threads were stopped: 0,0000901 seconds, Stopping threads took: 0,0000235 seconds
2017-08-06T13:08:05.386+0200: 16879,102: Total time for which application threads were stopped: 0,0030878 seconds, Stopping threads took: 0,0029649 seconds
2017-08-06T13:08:05.387+0200: 16879,103: Total time for which application threads were stopped: 0,0001481 seconds, Stopping threads took: 0,0000806 seconds
2017-08-06T13:08:05.387+0200: 16879,103: Total time for which application threads were stopped: 0,0000627 seconds, Stopping threads took: 0,0000196 seconds
2017-08-06T13:08:05.391+0200: 16879,107: Total time for which application threads were stopped: 0,0001290 seconds, Stopping threads took: 0,0000481 seconds
2017-08-06T13:08:05.391+0200: 16879,107: Total time for which application threads were stopped: 0,0000591 seconds, Stopping threads took: 0,0000187 seconds
2017-08-06T13:08:05.391+0200: 16879,107: Total time for which application threads were stopped: 0,0000773 seconds, Stopping threads took: 0,0000389 seconds
2017-08-06T13:08:05.392+0200: 16879,108: Total time for which application threads were stopped: 0,0001077 seconds, Stopping threads took: 0,0000365 seconds
2017-08-06T13:08:05.392+0200: 16879,108: Total time for which application threads were stopped: 0,0000748 seconds, Stopping threads took: 0,0000326 seconds
2017-08-06T13:08:05.393+0200: 16879,109: Total time for which application threads were stopped: 0,0001021 seconds, Stopping threads took: 0,0000312 seconds
2017-08-06T13:08:05.393+0200: 16879,109: Total time for which application threads were stopped: 0,0000738 seconds, Stopping threads took: 0,0000328 seconds
2017-08-06T13:08:05.393+0200: 16879,109: Total time for which application threads were stopped: 0,0000603 seconds, Stopping threads took: 0,0000241 seconds
2017-08-06T13:08:05.393+0200: 16879,109: Total time for which application threads were stopped: 0,0000588 seconds, Stopping threads took: 0,0000185 seconds
2017-08-06T13:08:05.393+0200: 16879,109: Total time for which application threads were stopped: 0,0000576 seconds, Stopping threads took: 0,0000213 seconds
2017-08-06T13:08:05.393+0200: 16879,109: Total time for which application threads were stopped: 0,0000525 seconds, Stopping threads took: 0,0000160 seconds
2017-08-06T13:08:05.393+0200: 16879,109: Total time for which application threads were stopped: 0,0000504 seconds, Stopping threads took: 0,0000141 seconds
2017-08-06T13:08:05.394+0200: 16879,109: Total time for which application threads were stopped: 0,0000527 seconds, Stopping threads took: 0,0000175 seconds
2017-08-06T13:08:05.394+0200: 16879,109: Total time for which application threads were stopped: 0,0000519 seconds, Stopping threads took: 0,0000180 seconds
2017-08-06T13:08:05.396+0200: 16879,112: Total time for which application threads were stopped: 0,0001121 seconds, Stopping threads took: 0,0000375 seconds
2017-08-06T13:08:05.396+0200: 16879,112: Total time for which application threads were stopped: 0,0000637 seconds, Stopping threads took: 0,0000214 seconds
2017-08-06T13:08:05.397+0200: 16879,113: Total time for which application threads were stopped: 0,0000888 seconds, Stopping threads took: 0,0000272 seconds
2017-08-06T13:08:05.397+0200: 16879,113: Total time for which application threads were stopped: 0,0000539 seconds, Stopping threads took: 0,0000168 seconds
2017-08-06T13:08:05.397+0200: 16879,113: Total time for which application threads were stopped: 0,0000461 seconds, Stopping threads took: 0,0000124 seconds
2017-08-06T13:08:05.397+0200: 16879,113: Total time for which application threads were stopped: 0,0000990 seconds, Stopping threads took: 0,0000532 seconds
2017-08-06T13:08:05.399+0200: 16879,114: Total time for which application threads were stopped: 0,0001099 seconds, Stopping threads took: 0,0000344 seconds
2017-08-06T13:08:05.399+0200: 16879,115: Total time for which application threads were stopped: 0,0000587 seconds, Stopping threads took: 0,0000190 seconds
2017-08-06T13:08:05.399+0200: 16879,115: Total time for which application threads were stopped: 0,0000501 seconds, Stopping threads took: 0,0000160 seconds
2017-08-06T13:08:05.399+0200: 16879,115: Total time for which application threads were stopped: 0,0000909 seconds, Stopping threads took: 0,0000348 seconds
2017-08-06T13:08:05.400+0200: 16879,115: Total time for which application threads were stopped: 0,0000725 seconds, Stopping threads took: 0,0000211 seconds
2017-08-06T13:08:05.402+0200: 16879,118: Total time for which application threads were stopped: 0,0028262 seconds, Stopping threads took: 0,0004424 seconds
2017-08-06T13:08:05.403+0200: 16879,118: Total time for which application threads were stopped: 0,0000557 seconds, Stopping threads took: 0,0000082 seconds
2017-08-06T13:08:05.403+0200: 16879,119: Total time for which application threads were stopped: 0,0000738 seconds, Stopping threads took: 0,0000210 seconds
2017-08-06T13:08:05.403+0200: 16879,119: Total time for which application threads were stopped: 0,0000492 seconds, Stopping threads took: 0,0000141 seconds
2017-08-06T13:08:05.403+0200: 16879,119: Total time for which application threads were stopped: 0,0000528 seconds, Stopping threads took: 0,0000177 seconds
2017-08-06T13:08:05.404+0200: 16879,120: Total time for which application threads were stopped: 0,0001224 seconds, Stopping threads took: 0,0000302 seconds
2017-08-06T13:08:05.405+0200: 16879,121: Total time for which application threads were stopped: 0,0000704 seconds, Stopping threads took: 0,0000181 seconds
2017-08-06T13:08:05.405+0200: 16879,121: Total time for which application threads were stopped: 0,0000463 seconds, Stopping threads took: 0,0000123 seconds
2017-08-06T13:08:05.405+0200: 16879,121: Total time for which application threads were stopped: 0,0001377 seconds, Stopping threads took: 0,0000118 seconds
2017-08-06T13:08:05.406+0200: 16879,122: Total time for which application threads were stopped: 0,0000880 seconds, Stopping threads took: 0,0000221 seconds
2017-08-06T13:08:05.406+0200: 16879,122: Total time for which application threads were stopped: 0,0000476 seconds, Stopping threads took: 0,0000131 seconds
2017-08-06T13:08:05.413+0200: 16879,129: Total time for which application threads were stopped: 0,0060931 seconds, Stopping threads took: 0,0059729 seconds
Heap
 par new generation   total 109248K, used 40416K [0x00000000e0000000, 0x00000000e8000000, 0x00000000e8000000)
  eden space 87424K,  28% used [0x00000000e0000000, 0x00000000e18a2f18, 0x00000000e5560000)
  from space 21824K,  69% used [0x00000000e5560000, 0x00000000e6435300, 0x00000000e6ab0000)
  to   space 21824K,   0% used [0x00000000e6ab0000, 0x00000000e6ab0000, 0x00000000e8000000)
 concurrent mark-sweep generation total 393216K, used 6909K [0x00000000e8000000, 0x0000000100000000, 0x0000000100000000)
 Metaspace       used 28199K, capacity 28758K, committed 29052K, reserved 1075200K
  class space    used 3225K, capacity 3390K, committed 3452K, reserved 1048576K
