OpenJDK 64-Bit Server VM (25.131-b11) for linux-amd64 JRE (1.8.0_131-8u131-b11-0ubuntu1.16.04.2-b11), built on May  6 2017 02:45:27 by "buildd" with gcc 5.4.0 20160609
Memory: 4k page, physical 7867740k(7423300k free), swap 8076284k(8076284k free)
CommandLine flags: -XX:CMSInitiatingOccupancyFraction=50 -XX:CMSMaxAbortablePrecleanTime=6000 -XX:+CMSParallelRemarkEnabled -XX:+CMSScavengeBeforeRemark -XX:ConcGCThreads=4 -XX:InitialHeapSize=536870912 -XX:MaxHeapSize=536870912 -XX:MaxTenuringThreshold=8 -XX:NewRatio=3 -XX:OldPLABSize=16 -XX:OnOutOfMemoryError=/opt/solr/bin/oom_solr.sh 8983 /var/solr/logs -XX:ParallelGCThreads=4 -XX:+ParallelRefProcEnabled -XX:PretenureSizeThreshold=67108864 -XX:+PrintGC -XX:+PrintGCApplicationStoppedTime -XX:+PrintGCDateStamps -XX:+PrintGCDetails -XX:+PrintGCTimeStamps -XX:+PrintHeapAtGC -XX:+PrintTenuringDistribution -XX:SurvivorRatio=4 -XX:TargetSurvivorRatio=90 -XX:ThreadStackSize=256 -XX:+UseCMSInitiatingOccupancyOnly -XX:+UseCompressedClassPointers -XX:+UseCompressedOops -XX:+UseConcMarkSweepGC -XX:+UseParNewGC 
2017-07-24T09:18:37.230+0200: 0,169: Total time for which application threads were stopped: 0,0003868 seconds, Stopping threads took: 0,0000136 seconds
2017-07-24T09:18:37.345+0200: 0,284: Total time for which application threads were stopped: 0,0001115 seconds, Stopping threads took: 0,0000222 seconds
2017-07-24T09:18:37.357+0200: 0,296: Total time for which application threads were stopped: 0,0000836 seconds, Stopping threads took: 0,0000134 seconds
2017-07-24T09:18:37.619+0200: 0,558: Total time for which application threads were stopped: 0,0001612 seconds, Stopping threads took: 0,0000200 seconds
2017-07-24T09:18:38.009+0200: 0,948: Total time for which application threads were stopped: 0,0001333 seconds, Stopping threads took: 0,0000160 seconds
2017-07-24T09:18:38.063+0200: 1,002: Total time for which application threads were stopped: 0,0001549 seconds, Stopping threads took: 0,0000225 seconds
2017-07-24T09:18:38.080+0200: 1,019: Total time for which application threads were stopped: 0,0001456 seconds, Stopping threads took: 0,0000177 seconds
2017-07-24T09:18:38.471+0200: 1,410: Total time for which application threads were stopped: 0,0001580 seconds, Stopping threads took: 0,0000120 seconds
2017-07-24T09:18:38.725+0200: 1,664: Total time for which application threads were stopped: 0,0002122 seconds, Stopping threads took: 0,0000250 seconds
2017-07-24T09:18:38.755+0200: 1,694: Total time for which application threads were stopped: 0,0003154 seconds, Stopping threads took: 0,0000299 seconds
2017-07-24T09:18:38.792+0200: 1,732: Total time for which application threads were stopped: 0,0002305 seconds, Stopping threads took: 0,0000289 seconds
2017-07-24T09:18:38.793+0200: 1,732: Total time for which application threads were stopped: 0,0001871 seconds, Stopping threads took: 0,0000169 seconds
2017-07-24T09:18:38.810+0200: 1,749: Total time for which application threads were stopped: 0,0001820 seconds, Stopping threads took: 0,0000155 seconds
2017-07-24T09:18:38.926+0200: 1,865: Total time for which application threads were stopped: 0,0002459 seconds, Stopping threads took: 0,0000297 seconds
2017-07-24T09:18:39.116+0200: 2,055: Total time for which application threads were stopped: 0,0004204 seconds, Stopping threads took: 0,0002062 seconds
{Heap before GC invocations=0 (full 0):
 par new generation   total 109248K, used 87424K [0x00000000e0000000, 0x00000000e8000000, 0x00000000e8000000)
  eden space 87424K, 100% used [0x00000000e0000000, 0x00000000e5560000, 0x00000000e5560000)
  from space 21824K,   0% used [0x00000000e5560000, 0x00000000e5560000, 0x00000000e6ab0000)
  to   space 21824K,   0% used [0x00000000e6ab0000, 0x00000000e6ab0000, 0x00000000e8000000)
 concurrent mark-sweep generation total 393216K, used 0K [0x00000000e8000000, 0x0000000100000000, 0x0000000100000000)
 Metaspace       used 18021K, capacity 18336K, committed 18688K, reserved 1064960K
  class space    used 2036K, capacity 2196K, committed 2304K, reserved 1048576K
2017-07-24T09:18:39.206+0200: 2,145: [GC (Allocation Failure) 2017-07-24T09:18:39.206+0200: 2,145: [ParNew
Desired survivor size 20112992 bytes, new threshold 8 (max 8)
- age   1:   12497824 bytes,   12497824 total
: 87424K->12314K(109248K), 0,0160000 secs] 87424K->12314K(502464K), 0,0160849 secs] [Times: user=0,04 sys=0,02, real=0,02 secs] 
Heap after GC invocations=1 (full 0):
 par new generation   total 109248K, used 12314K [0x00000000e0000000, 0x00000000e8000000, 0x00000000e8000000)
  eden space 87424K,   0% used [0x00000000e0000000, 0x00000000e0000000, 0x00000000e5560000)
  from space 21824K,  56% used [0x00000000e6ab0000, 0x00000000e76b6b98, 0x00000000e8000000)
  to   space 21824K,   0% used [0x00000000e5560000, 0x00000000e5560000, 0x00000000e6ab0000)
 concurrent mark-sweep generation total 393216K, used 0K [0x00000000e8000000, 0x0000000100000000, 0x0000000100000000)
 Metaspace       used 18021K, capacity 18336K, committed 18688K, reserved 1064960K
  class space    used 2036K, capacity 2196K, committed 2304K, reserved 1048576K
}
2017-07-24T09:18:39.222+0200: 2,161: Total time for which application threads were stopped: 0,0185298 seconds, Stopping threads took: 0,0022613 seconds
2017-07-24T09:18:39.538+0200: 2,477: Total time for which application threads were stopped: 0,0003614 seconds, Stopping threads took: 0,0000804 seconds
2017-07-24T09:18:39.572+0200: 2,511: Total time for which application threads were stopped: 0,0003970 seconds, Stopping threads took: 0,0001025 seconds
{Heap before GC invocations=1 (full 0):
 par new generation   total 109248K, used 99738K [0x00000000e0000000, 0x00000000e8000000, 0x00000000e8000000)
  eden space 87424K, 100% used [0x00000000e0000000, 0x00000000e5560000, 0x00000000e5560000)
  from space 21824K,  56% used [0x00000000e6ab0000, 0x00000000e76b6b98, 0x00000000e8000000)
  to   space 21824K,   0% used [0x00000000e5560000, 0x00000000e5560000, 0x00000000e6ab0000)
 concurrent mark-sweep generation total 393216K, used 0K [0x00000000e8000000, 0x0000000100000000, 0x0000000100000000)
 Metaspace       used 20057K, capacity 20366K, committed 20736K, reserved 1067008K
  class space    used 2297K, capacity 2469K, committed 2560K, reserved 1048576K
2017-07-24T09:18:39.578+0200: 2,517: [GC (Allocation Failure) 2017-07-24T09:18:39.578+0200: 2,517: [ParNew
Desired survivor size 20112992 bytes, new threshold 8 (max 8)
- age   1:    3854200 bytes,    3854200 total
- age   2:    6634688 bytes,   10488888 total
: 99738K->13609K(109248K), 0,0148767 secs] 99738K->13609K(502464K), 0,0149474 secs] [Times: user=0,05 sys=0,01, real=0,01 secs] 
Heap after GC invocations=2 (full 0):
 par new generation   total 109248K, used 13609K [0x00000000e0000000, 0x00000000e8000000, 0x00000000e8000000)
  eden space 87424K,   0% used [0x00000000e0000000, 0x00000000e0000000, 0x00000000e5560000)
  from space 21824K,  62% used [0x00000000e5560000, 0x00000000e62aa5b0, 0x00000000e6ab0000)
  to   space 21824K,   0% used [0x00000000e6ab0000, 0x00000000e6ab0000, 0x00000000e8000000)
 concurrent mark-sweep generation total 393216K, used 0K [0x00000000e8000000, 0x0000000100000000, 0x0000000100000000)
 Metaspace       used 20057K, capacity 20366K, committed 20736K, reserved 1067008K
  class space    used 2297K, capacity 2469K, committed 2560K, reserved 1048576K
}
2017-07-24T09:18:39.593+0200: 2,532: Total time for which application threads were stopped: 0,0195149 seconds, Stopping threads took: 0,0044447 seconds
2017-07-24T09:18:39.633+0200: 2,572: Total time for which application threads were stopped: 0,0003354 seconds, Stopping threads took: 0,0000332 seconds
2017-07-24T09:18:39.754+0200: 2,693: Total time for which application threads were stopped: 0,0001748 seconds, Stopping threads took: 0,0000288 seconds
{Heap before GC invocations=2 (full 0):
 par new generation   total 109248K, used 101033K [0x00000000e0000000, 0x00000000e8000000, 0x00000000e8000000)
  eden space 87424K, 100% used [0x00000000e0000000, 0x00000000e5560000, 0x00000000e5560000)
  from space 21824K,  62% used [0x00000000e5560000, 0x00000000e62aa5b0, 0x00000000e6ab0000)
  to   space 21824K,   0% used [0x00000000e6ab0000, 0x00000000e6ab0000, 0x00000000e8000000)
 concurrent mark-sweep generation total 393216K, used 0K [0x00000000e8000000, 0x0000000100000000, 0x0000000100000000)
 Metaspace       used 20978K, capacity 21294K, committed 21628K, reserved 1069056K
  class space    used 2419K, capacity 2589K, committed 2684K, reserved 1048576K
2017-07-24T09:18:39.802+0200: 2,741: [GC (Allocation Failure) 2017-07-24T09:18:39.802+0200: 2,741: [ParNew
Desired survivor size 20112992 bytes, new threshold 8 (max 8)
- age   1:    2149952 bytes,    2149952 total
- age   2:     870952 bytes,    3020904 total
- age   3:    6634120 bytes,    9655024 total
: 101033K->10124K(109248K), 0,0115668 secs] 101033K->10124K(502464K), 0,0116499 secs] [Times: user=0,04 sys=0,00, real=0,00 secs] 
Heap after GC invocations=3 (full 0):
 par new generation   total 109248K, used 10124K [0x00000000e0000000, 0x00000000e8000000, 0x00000000e8000000)
  eden space 87424K,   0% used [0x00000000e0000000, 0x00000000e0000000, 0x00000000e5560000)
  from space 21824K,  46% used [0x00000000e6ab0000, 0x00000000e7493168, 0x00000000e8000000)
  to   space 21824K,   0% used [0x00000000e5560000, 0x00000000e5560000, 0x00000000e6ab0000)
 concurrent mark-sweep generation total 393216K, used 0K [0x00000000e8000000, 0x0000000100000000, 0x0000000100000000)
 Metaspace       used 20978K, capacity 21294K, committed 21628K, reserved 1069056K
  class space    used 2419K, capacity 2589K, committed 2684K, reserved 1048576K
}
2017-07-24T09:18:39.814+0200: 2,753: Total time for which application threads were stopped: 0,0118486 seconds, Stopping threads took: 0,0000399 seconds
2017-07-24T09:18:39.814+0200: 2,753: [GC (CMS Initial Mark) [1 CMS-initial-mark: 0K(393216K)] 10873K(502464K), 0,0046515 secs] [Times: user=0,02 sys=0,00, real=0,00 secs] 
2017-07-24T09:18:39.819+0200: 2,758: Total time for which application threads were stopped: 0,0047912 seconds, Stopping threads took: 0,0000320 seconds
2017-07-24T09:18:39.819+0200: 2,758: [CMS-concurrent-mark-start]
2017-07-24T09:18:39.819+0200: 2,758: [CMS-concurrent-mark: 0,000/0,000 secs] [Times: user=0,00 sys=0,00, real=0,00 secs] 
2017-07-24T09:18:39.819+0200: 2,758: [CMS-concurrent-preclean-start]
2017-07-24T09:18:39.820+0200: 2,759: [CMS-concurrent-preclean: 0,001/0,001 secs] [Times: user=0,00 sys=0,00, real=0,00 secs] 
2017-07-24T09:18:39.822+0200: 2,761: [GC (CMS Final Remark) [YG occupancy: 10875 K (109248 K)]{Heap before GC invocations=3 (full 1):
 par new generation   total 109248K, used 10875K [0x00000000e0000000, 0x00000000e8000000, 0x00000000e8000000)
  eden space 87424K,   0% used [0x00000000e0000000, 0x00000000e00bbd40, 0x00000000e5560000)
  from space 21824K,  46% used [0x00000000e6ab0000, 0x00000000e7493168, 0x00000000e8000000)
  to   space 21824K,   0% used [0x00000000e5560000, 0x00000000e5560000, 0x00000000e6ab0000)
 concurrent mark-sweep generation total 393216K, used 0K [0x00000000e8000000, 0x0000000100000000, 0x0000000100000000)
 Metaspace       used 20978K, capacity 21294K, committed 21628K, reserved 1069056K
  class space    used 2419K, capacity 2589K, committed 2684K, reserved 1048576K
2017-07-24T09:18:39.822+0200: 2,761: [GC (CMS Final Remark) 2017-07-24T09:18:39.822+0200: 2,761: [ParNew
Desired survivor size 20112992 bytes, new threshold 8 (max 8)
- age   1:      10320 bytes,      10320 total
- age   2:    1671712 bytes,    1682032 total
- age   3:     841720 bytes,    2523752 total
- age   4:    6633896 bytes,    9157648 total
: 10875K->10647K(109248K), 0,0124794 secs] 10875K->10647K(502464K), 0,0125214 secs] [Times: user=0,04 sys=0,00, real=0,01 secs] 
Heap after GC invocations=4 (full 1):
 par new generation   total 109248K, used 10647K [0x00000000e0000000, 0x00000000e8000000, 0x00000000e8000000)
  eden space 87424K,   0% used [0x00000000e0000000, 0x00000000e0000000, 0x00000000e5560000)
  from space 21824K,  48% used [0x00000000e5560000, 0x00000000e5fc5cc0, 0x00000000e6ab0000)
  to   space 21824K,   0% used [0x00000000e6ab0000, 0x00000000e6ab0000, 0x00000000e8000000)
 concurrent mark-sweep generation total 393216K, used 0K [0x00000000e8000000, 0x0000000100000000, 0x0000000100000000)
 Metaspace       used 20978K, capacity 21294K, committed 21628K, reserved 1069056K
  class space    used 2419K, capacity 2589K, committed 2684K, reserved 1048576K
}
2017-07-24T09:18:39.834+0200: 2,774: [Rescan (parallel) , 0,0032410 secs]2017-07-24T09:18:39.838+0200: 2,777: [weak refs processing, 0,0007453 secs]2017-07-24T09:18:39.838+0200: 2,778: [class unloading, 0,0026574 secs]2017-07-24T09:18:39.841+0200: 2,780: [scrub symbol table, 0,0024682 secs]2017-07-24T09:18:39.844+0200: 2,783: [scrub string table, 0,0003644 secs][1 CMS-remark: 0K(393216K)] 10647K(502464K), 0,0226084 secs] [Times: user=0,07 sys=0,00, real=0,02 secs] 
2017-07-24T09:18:39.844+0200: 2,784: Total time for which application threads were stopped: 0,0240865 seconds, Stopping threads took: 0,0013756 seconds
2017-07-24T09:18:39.852+0200: 2,792: [CMS-concurrent-sweep-start]
2017-07-24T09:18:39.853+0200: 2,792: [CMS-concurrent-sweep: 0,000/0,000 secs] [Times: user=0,01 sys=0,00, real=0,00 secs] 
2017-07-24T09:18:39.853+0200: 2,792: [CMS-concurrent-reset-start]
2017-07-24T09:18:39.854+0200: 2,793: [CMS-concurrent-reset: 0,002/0,002 secs] [Times: user=0,00 sys=0,01, real=0,01 secs] 
{Heap before GC invocations=4 (full 1):
 par new generation   total 109248K, used 98071K [0x00000000e0000000, 0x00000000e8000000, 0x00000000e8000000)
  eden space 87424K, 100% used [0x00000000e0000000, 0x00000000e5560000, 0x00000000e5560000)
  from space 21824K,  48% used [0x00000000e5560000, 0x00000000e5fc5cc0, 0x00000000e6ab0000)
  to   space 21824K,   0% used [0x00000000e6ab0000, 0x00000000e6ab0000, 0x00000000e8000000)
 concurrent mark-sweep generation total 393216K, used 0K [0x00000000e8000000, 0x0000000100000000, 0x0000000100000000)
 Metaspace       used 21216K, capacity 21570K, committed 21884K, reserved 1069056K
  class space    used 2447K, capacity 2604K, committed 2684K, reserved 1048576K
2017-07-24T09:18:39.947+0200: 2,886: [GC (Allocation Failure) 2017-07-24T09:18:39.947+0200: 2,886: [ParNew
Desired survivor size 20112992 bytes, new threshold 8 (max 8)
- age   1:     816608 bytes,     816608 total
- age   2:       5504 bytes,     822112 total
- age   3:    1466080 bytes,    2288192 total
- age   4:     835768 bytes,    3123960 total
- age   5:    6633952 bytes,    9757912 total
: 98071K->13255K(109248K), 0,0101494 secs] 98071K->13255K(502464K), 0,0102260 secs] [Times: user=0,03 sys=0,00, real=0,01 secs] 
Heap after GC invocations=5 (full 1):
 par new generation   total 109248K, used 13255K [0x00000000e0000000, 0x00000000e8000000, 0x00000000e8000000)
  eden space 87424K,   0% used [0x00000000e0000000, 0x00000000e0000000, 0x00000000e5560000)
  from space 21824K,  60% used [0x00000000e6ab0000, 0x00000000e77a1c50, 0x00000000e8000000)
  to   space 21824K,   0% used [0x00000000e5560000, 0x00000000e5560000, 0x00000000e6ab0000)
 concurrent mark-sweep generation total 393216K, used 0K [0x00000000e8000000, 0x0000000100000000, 0x0000000100000000)
 Metaspace       used 21216K, capacity 21570K, committed 21884K, reserved 1069056K
  class space    used 2447K, capacity 2604K, committed 2684K, reserved 1048576K
}
2017-07-24T09:18:39.957+0200: 2,896: Total time for which application threads were stopped: 0,0104299 seconds, Stopping threads took: 0,0000325 seconds
{Heap before GC invocations=5 (full 1):
 par new generation   total 109248K, used 100679K [0x00000000e0000000, 0x00000000e8000000, 0x00000000e8000000)
  eden space 87424K, 100% used [0x00000000e0000000, 0x00000000e5560000, 0x00000000e5560000)
  from space 21824K,  60% used [0x00000000e6ab0000, 0x00000000e77a1c50, 0x00000000e8000000)
  to   space 21824K,   0% used [0x00000000e5560000, 0x00000000e5560000, 0x00000000e6ab0000)
 concurrent mark-sweep generation total 393216K, used 0K [0x00000000e8000000, 0x0000000100000000, 0x0000000100000000)
 Metaspace       used 21387K, capacity 21806K, committed 21884K, reserved 1069056K
  class space    used 2468K, capacity 2638K, committed 2684K, reserved 1048576K
2017-07-24T09:18:40.038+0200: 2,977: [GC (Allocation Failure) 2017-07-24T09:18:40.038+0200: 2,977: [ParNew
Desired survivor size 20112992 bytes, new threshold 8 (max 8)
- age   1:     714904 bytes,     714904 total
- age   2:     188896 bytes,     903800 total
- age   3:       1488 bytes,     905288 total
- age   4:    1465544 bytes,    2370832 total
- age   5:     835656 bytes,    3206488 total
- age   6:    6633976 bytes,    9840464 total
: 100679K->11565K(109248K), 0,0096659 secs] 100679K->11565K(502464K), 0,0097345 secs] [Times: user=0,03 sys=0,00, real=0,01 secs] 
Heap after GC invocations=6 (full 1):
 par new generation   total 109248K, used 11565K [0x00000000e0000000, 0x00000000e8000000, 0x00000000e8000000)
  eden space 87424K,   0% used [0x00000000e0000000, 0x00000000e0000000, 0x00000000e5560000)
  from space 21824K,  52% used [0x00000000e5560000, 0x00000000e60ab500, 0x00000000e6ab0000)
  to   space 21824K,   0% used [0x00000000e6ab0000, 0x00000000e6ab0000, 0x00000000e8000000)
 concurrent mark-sweep generation total 393216K, used 0K [0x00000000e8000000, 0x0000000100000000, 0x0000000100000000)
 Metaspace       used 21387K, capacity 21806K, committed 21884K, reserved 1069056K
  class space    used 2468K, capacity 2638K, committed 2684K, reserved 1048576K
}
2017-07-24T09:18:40.048+0200: 2,987: Total time for which application threads were stopped: 0,0111923 seconds, Stopping threads took: 0,0013211 seconds
2017-07-24T09:18:40.079+0200: 3,018: Total time for which application threads were stopped: 0,0002969 seconds, Stopping threads took: 0,0000300 seconds
2017-07-24T09:18:40.300+0200: 3,239: Total time for which application threads were stopped: 0,0004464 seconds, Stopping threads took: 0,0000653 seconds
2017-07-24T09:18:40.314+0200: 3,253: Total time for which application threads were stopped: 0,0004429 seconds, Stopping threads took: 0,0000491 seconds
{Heap before GC invocations=6 (full 1):
 par new generation   total 109248K, used 98989K [0x00000000e0000000, 0x00000000e8000000, 0x00000000e8000000)
  eden space 87424K, 100% used [0x00000000e0000000, 0x00000000e5560000, 0x00000000e5560000)
  from space 21824K,  52% used [0x00000000e5560000, 0x00000000e60ab500, 0x00000000e6ab0000)
  to   space 21824K,   0% used [0x00000000e6ab0000, 0x00000000e6ab0000, 0x00000000e8000000)
 concurrent mark-sweep generation total 393216K, used 0K [0x00000000e8000000, 0x0000000100000000, 0x0000000100000000)
 Metaspace       used 23883K, capacity 24342K, committed 24572K, reserved 1071104K
  class space    used 2814K, capacity 3014K, committed 3068K, reserved 1048576K
2017-07-24T09:18:40.484+0200: 3,423: [GC (Allocation Failure) 2017-07-24T09:18:40.484+0200: 3,423: [ParNew
Desired survivor size 20112992 bytes, new threshold 8 (max 8)
- age   1:    5248256 bytes,    5248256 total
- age   2:     125000 bytes,    5373256 total
- age   3:     187736 bytes,    5560992 total
- age   4:       1464 bytes,    5562456 total
- age   5:     296016 bytes,    5858472 total
- age   6:     811392 bytes,    6669864 total
- age   7:    6625816 bytes,   13295680 total
: 98989K->17305K(109248K), 0,0116110 secs] 98989K->17305K(502464K), 0,0116970 secs] [Times: user=0,03 sys=0,00, real=0,01 secs] 
Heap after GC invocations=7 (full 1):
 par new generation   total 109248K, used 17305K [0x00000000e0000000, 0x00000000e8000000, 0x00000000e8000000)
  eden space 87424K,   0% used [0x00000000e0000000, 0x00000000e0000000, 0x00000000e5560000)
  from space 21824K,  79% used [0x00000000e6ab0000, 0x00000000e7b967c0, 0x00000000e8000000)
  to   space 21824K,   0% used [0x00000000e5560000, 0x00000000e5560000, 0x00000000e6ab0000)
 concurrent mark-sweep generation total 393216K, used 0K [0x00000000e8000000, 0x0000000100000000, 0x0000000100000000)
 Metaspace       used 23883K, capacity 24342K, committed 24572K, reserved 1071104K
  class space    used 2814K, capacity 3014K, committed 3068K, reserved 1048576K
}
2017-07-24T09:18:40.496+0200: 3,435: Total time for which application threads were stopped: 0,0120144 seconds, Stopping threads took: 0,0000782 seconds
{Heap before GC invocations=7 (full 1):
 par new generation   total 109248K, used 104729K [0x00000000e0000000, 0x00000000e8000000, 0x00000000e8000000)
  eden space 87424K, 100% used [0x00000000e0000000, 0x00000000e5560000, 0x00000000e5560000)
  from space 21824K,  79% used [0x00000000e6ab0000, 0x00000000e7b967c0, 0x00000000e8000000)
  to   space 21824K,   0% used [0x00000000e5560000, 0x00000000e5560000, 0x00000000e6ab0000)
 concurrent mark-sweep generation total 393216K, used 0K [0x00000000e8000000, 0x0000000100000000, 0x0000000100000000)
 Metaspace       used 24275K, capacity 24700K, committed 24828K, reserved 1071104K
  class space    used 2851K, capacity 3047K, committed 3068K, reserved 1048576K
2017-07-24T09:18:40.586+0200: 3,525: [GC (Allocation Failure) 2017-07-24T09:18:40.586+0200: 3,525: [ParNew
Desired survivor size 20112992 bytes, new threshold 8 (max 8)
- age   1:    1850632 bytes,    1850632 total
- age   2:    1792928 bytes,    3643560 total
- age   3:      54480 bytes,    3698040 total
- age   4:     107832 bytes,    3805872 total
- age   5:       1432 bytes,    3807304 total
- age   6:     183424 bytes,    3990728 total
- age   7:     784520 bytes,    4775248 total
- age   8:    6091592 bytes,   10866840 total
: 104729K->14016K(109248K), 0,0101439 secs] 104729K->14016K(502464K), 0,0102194 secs] [Times: user=0,04 sys=0,00, real=0,01 secs] 
Heap after GC invocations=8 (full 1):
 par new generation   total 109248K, used 14016K [0x00000000e0000000, 0x00000000e8000000, 0x00000000e8000000)
  eden space 87424K,   0% used [0x00000000e0000000, 0x00000000e0000000, 0x00000000e5560000)
  from space 21824K,  64% used [0x00000000e5560000, 0x00000000e6310180, 0x00000000e6ab0000)
  to   space 21824K,   0% used [0x00000000e6ab0000, 0x00000000e6ab0000, 0x00000000e8000000)
 concurrent mark-sweep generation total 393216K, used 0K [0x00000000e8000000, 0x0000000100000000, 0x0000000100000000)
 Metaspace       used 24275K, capacity 24700K, committed 24828K, reserved 1071104K
  class space    used 2851K, capacity 3047K, committed 3068K, reserved 1048576K
}
2017-07-24T09:18:40.596+0200: 3,535: Total time for which application threads were stopped: 0,0153034 seconds, Stopping threads took: 0,0049308 seconds
{Heap before GC invocations=8 (full 1):
 par new generation   total 109248K, used 101440K [0x00000000e0000000, 0x00000000e8000000, 0x00000000e8000000)
  eden space 87424K, 100% used [0x00000000e0000000, 0x00000000e5560000, 0x00000000e5560000)
  from space 21824K,  64% used [0x00000000e5560000, 0x00000000e6310180, 0x00000000e6ab0000)
  to   space 21824K,   0% used [0x00000000e6ab0000, 0x00000000e6ab0000, 0x00000000e8000000)
 concurrent mark-sweep generation total 393216K, used 0K [0x00000000e8000000, 0x0000000100000000, 0x0000000100000000)
 Metaspace       used 24484K, capacity 24982K, committed 25084K, reserved 1071104K
  class space    used 2867K, capacity 3052K, committed 3068K, reserved 1048576K
2017-07-24T09:18:40.694+0200: 3,633: [GC (Allocation Failure) 2017-07-24T09:18:40.694+0200: 3,633: [ParNew
Desired survivor size 20112992 bytes, new threshold 8 (max 8)
- age   1:     528176 bytes,     528176 total
- age   2:     962032 bytes,    1490208 total
- age   3:    1770664 bytes,    3260872 total
- age   4:      54448 bytes,    3315320 total
- age   5:     107696 bytes,    3423016 total
- age   6:       1400 bytes,    3424416 total
- age   7:     180624 bytes,    3605040 total
- age   8:     783752 bytes,    4388792 total
: 101440K->7164K(109248K), 0,0435609 secs] 101440K->13195K(502464K), 0,0436366 secs] [Times: user=0,14 sys=0,01, real=0,04 secs] 
Heap after GC invocations=9 (full 1):
 par new generation   total 109248K, used 7164K [0x00000000e0000000, 0x00000000e8000000, 0x00000000e8000000)
  eden space 87424K,   0% used [0x00000000e0000000, 0x00000000e0000000, 0x00000000e5560000)
  from space 21824K,  32% used [0x00000000e6ab0000, 0x00000000e71af1f8, 0x00000000e8000000)
  to   space 21824K,   0% used [0x00000000e5560000, 0x00000000e5560000, 0x00000000e6ab0000)
 concurrent mark-sweep generation total 393216K, used 6030K [0x00000000e8000000, 0x0000000100000000, 0x0000000100000000)
 Metaspace       used 24484K, capacity 24982K, committed 25084K, reserved 1071104K
  class space    used 2867K, capacity 3052K, committed 3068K, reserved 1048576K
}
2017-07-24T09:18:40.738+0200: 3,677: Total time for which application threads were stopped: 0,0490671 seconds, Stopping threads took: 0,0052464 seconds
2017-07-24T09:18:41.069+0200: 4,008: Total time for which application threads were stopped: 0,0005134 seconds, Stopping threads took: 0,0000312 seconds
2017-07-24T09:18:41.083+0200: 4,022: Total time for which application threads were stopped: 0,0004656 seconds, Stopping threads took: 0,0000307 seconds
2017-07-24T09:18:41.113+0200: 4,052: Total time for which application threads were stopped: 0,0005425 seconds, Stopping threads took: 0,0000268 seconds
2017-07-24T09:18:41.150+0200: 4,089: Total time for which application threads were stopped: 0,0005999 seconds, Stopping threads took: 0,0000672 seconds
2017-07-24T09:18:41.159+0200: 4,098: Total time for which application threads were stopped: 0,0001650 seconds, Stopping threads took: 0,0000342 seconds
2017-07-24T09:18:41.160+0200: 4,099: Total time for which application threads were stopped: 0,0006269 seconds, Stopping threads took: 0,0005172 seconds
2017-07-24T09:18:41.163+0200: 4,102: Total time for which application threads were stopped: 0,0001135 seconds, Stopping threads took: 0,0000511 seconds
2017-07-24T09:18:41.172+0200: 4,111: Total time for which application threads were stopped: 0,0001318 seconds, Stopping threads took: 0,0000364 seconds
2017-07-24T09:18:41.173+0200: 4,112: Total time for which application threads were stopped: 0,0001315 seconds, Stopping threads took: 0,0000414 seconds
2017-07-24T09:18:41.174+0200: 4,113: Total time for which application threads were stopped: 0,0001564 seconds, Stopping threads took: 0,0000403 seconds
2017-07-24T09:18:41.174+0200: 4,113: Total time for which application threads were stopped: 0,0001475 seconds, Stopping threads took: 0,0000703 seconds
2017-07-24T09:18:41.176+0200: 4,115: Total time for which application threads were stopped: 0,0001692 seconds, Stopping threads took: 0,0000387 seconds
2017-07-24T09:18:41.176+0200: 4,115: Total time for which application threads were stopped: 0,0001377 seconds, Stopping threads took: 0,0000339 seconds
2017-07-24T09:18:41.176+0200: 4,115: Total time for which application threads were stopped: 0,0001234 seconds, Stopping threads took: 0,0000278 seconds
2017-07-24T09:18:41.177+0200: 4,116: Total time for which application threads were stopped: 0,0001021 seconds, Stopping threads took: 0,0000249 seconds
2017-07-24T09:18:41.177+0200: 4,116: Total time for which application threads were stopped: 0,0000897 seconds, Stopping threads took: 0,0000239 seconds
2017-07-24T09:18:41.177+0200: 4,116: Total time for which application threads were stopped: 0,0001180 seconds, Stopping threads took: 0,0000268 seconds
2017-07-24T09:18:41.177+0200: 4,116: Total time for which application threads were stopped: 0,0000985 seconds, Stopping threads took: 0,0000241 seconds
2017-07-24T09:18:41.182+0200: 4,121: Total time for which application threads were stopped: 0,0045164 seconds, Stopping threads took: 0,0043943 seconds
2017-07-24T09:18:41.182+0200: 4,121: Total time for which application threads were stopped: 0,0001238 seconds, Stopping threads took: 0,0000376 seconds
2017-07-24T09:18:41.182+0200: 4,121: Total time for which application threads were stopped: 0,0001075 seconds, Stopping threads took: 0,0000274 seconds
2017-07-24T09:18:41.183+0200: 4,122: Total time for which application threads were stopped: 0,0001118 seconds, Stopping threads took: 0,0000381 seconds
2017-07-24T09:18:41.183+0200: 4,122: Total time for which application threads were stopped: 0,0000915 seconds, Stopping threads took: 0,0000202 seconds
2017-07-24T09:18:41.183+0200: 4,122: Total time for which application threads were stopped: 0,0000867 seconds, Stopping threads took: 0,0000213 seconds
2017-07-24T09:18:41.183+0200: 4,122: Total time for which application threads were stopped: 0,0000786 seconds, Stopping threads took: 0,0000182 seconds
2017-07-24T09:18:41.183+0200: 4,122: Total time for which application threads were stopped: 0,0000745 seconds, Stopping threads took: 0,0000250 seconds
2017-07-24T09:18:41.184+0200: 4,123: Total time for which application threads were stopped: 0,0001914 seconds, Stopping threads took: 0,0000200 seconds
2017-07-24T09:18:41.184+0200: 4,123: Total time for which application threads were stopped: 0,0001083 seconds, Stopping threads took: 0,0000287 seconds
2017-07-24T09:18:41.184+0200: 4,124: Total time for which application threads were stopped: 0,0000760 seconds, Stopping threads took: 0,0000223 seconds
2017-07-24T09:18:41.185+0200: 4,124: Total time for which application threads were stopped: 0,0000881 seconds, Stopping threads took: 0,0000223 seconds
2017-07-24T09:18:41.185+0200: 4,124: Total time for which application threads were stopped: 0,0000854 seconds, Stopping threads took: 0,0000222 seconds
2017-07-24T09:18:41.185+0200: 4,124: Total time for which application threads were stopped: 0,0000827 seconds, Stopping threads took: 0,0000161 seconds
2017-07-24T09:18:41.185+0200: 4,124: Total time for which application threads were stopped: 0,0000864 seconds, Stopping threads took: 0,0000221 seconds
2017-07-24T09:18:41.185+0200: 4,124: Total time for which application threads were stopped: 0,0000817 seconds, Stopping threads took: 0,0000169 seconds
2017-07-24T09:18:41.185+0200: 4,125: Total time for which application threads were stopped: 0,0000788 seconds, Stopping threads took: 0,0000178 seconds
2017-07-24T09:18:41.186+0200: 4,125: Total time for which application threads were stopped: 0,0000791 seconds, Stopping threads took: 0,0000230 seconds
2017-07-24T09:18:41.186+0200: 4,125: Total time for which application threads were stopped: 0,0000905 seconds, Stopping threads took: 0,0000151 seconds
2017-07-24T09:18:41.186+0200: 4,125: Total time for which application threads were stopped: 0,0000808 seconds, Stopping threads took: 0,0000197 seconds
2017-07-24T09:18:41.186+0200: 4,125: Total time for which application threads were stopped: 0,0000747 seconds, Stopping threads took: 0,0000199 seconds
2017-07-24T09:18:41.186+0200: 4,125: Total time for which application threads were stopped: 0,0000794 seconds, Stopping threads took: 0,0000196 seconds
2017-07-24T09:18:41.186+0200: 4,126: Total time for which application threads were stopped: 0,0000815 seconds, Stopping threads took: 0,0000164 seconds
2017-07-24T09:18:41.187+0200: 4,126: Total time for which application threads were stopped: 0,0000809 seconds, Stopping threads took: 0,0000169 seconds
2017-07-24T09:18:41.187+0200: 4,126: Total time for which application threads were stopped: 0,0000908 seconds, Stopping threads took: 0,0000222 seconds
2017-07-24T09:18:41.187+0200: 4,126: Total time for which application threads were stopped: 0,0000744 seconds, Stopping threads took: 0,0000183 seconds
2017-07-24T09:18:41.187+0200: 4,126: Total time for which application threads were stopped: 0,0000761 seconds, Stopping threads took: 0,0000189 seconds
2017-07-24T09:18:41.187+0200: 4,126: Total time for which application threads were stopped: 0,0000763 seconds, Stopping threads took: 0,0000172 seconds
2017-07-24T09:18:41.187+0200: 4,127: Total time for which application threads were stopped: 0,0001829 seconds, Stopping threads took: 0,0000159 seconds
2017-07-24T09:18:41.195+0200: 4,134: Total time for which application threads were stopped: 0,0039548 seconds, Stopping threads took: 0,0038406 seconds
2017-07-24T09:18:41.206+0200: 4,145: Total time for which application threads were stopped: 0,0021882 seconds, Stopping threads took: 0,0019955 seconds
2017-07-24T09:18:41.207+0200: 4,146: Total time for which application threads were stopped: 0,0001346 seconds, Stopping threads took: 0,0000466 seconds
2017-07-24T09:18:41.259+0200: 4,198: Total time for which application threads were stopped: 0,0002548 seconds, Stopping threads took: 0,0001230 seconds
2017-07-24T09:18:41.275+0200: 4,214: Total time for which application threads were stopped: 0,0001263 seconds, Stopping threads took: 0,0000375 seconds
2017-07-24T09:18:41.276+0200: 4,215: Total time for which application threads were stopped: 0,0005123 seconds, Stopping threads took: 0,0000262 seconds
2017-07-24T09:18:41.277+0200: 4,216: Total time for which application threads were stopped: 0,0001227 seconds, Stopping threads took: 0,0000368 seconds
2017-07-24T09:18:42.277+0200: 5,216: Total time for which application threads were stopped: 0,0000707 seconds, Stopping threads took: 0,0000156 seconds
{Heap before GC invocations=9 (full 1):
 par new generation   total 109248K, used 94588K [0x00000000e0000000, 0x00000000e8000000, 0x00000000e8000000)
  eden space 87424K, 100% used [0x00000000e0000000, 0x00000000e5560000, 0x00000000e5560000)
  from space 21824K,  32% used [0x00000000e6ab0000, 0x00000000e71af1f8, 0x00000000e8000000)
  to   space 21824K,   0% used [0x00000000e5560000, 0x00000000e5560000, 0x00000000e6ab0000)
 concurrent mark-sweep generation total 393216K, used 6030K [0x00000000e8000000, 0x0000000100000000, 0x0000000100000000)
 Metaspace       used 28023K, capacity 28500K, committed 28796K, reserved 1075200K
  class space    used 3212K, capacity 3389K, committed 3452K, reserved 1048576K
2017-07-24T09:18:43.969+0200: 6,908: [GC (Allocation Failure) 2017-07-24T09:18:43.969+0200: 6,908: [ParNew
Desired survivor size 20112992 bytes, new threshold 8 (max 8)
- age   1:   11320352 bytes,   11320352 total
- age   2:     170672 bytes,   11491024 total
- age   3:     182384 bytes,   11673408 total
- age   4:    1764416 bytes,   13437824 total
- age   5:      54448 bytes,   13492272 total
- age   6:     105056 bytes,   13597328 total
- age   7:       1400 bytes,   13598728 total
- age   8:     180064 bytes,   13778792 total
: 94588K->14953K(109248K), 0,0140113 secs] 100619K->21839K(502464K), 0,0140863 secs] [Times: user=0,04 sys=0,01, real=0,02 secs] 
Heap after GC invocations=10 (full 1):
 par new generation   total 109248K, used 14953K [0x00000000e0000000, 0x00000000e8000000, 0x00000000e8000000)
  eden space 87424K,   0% used [0x00000000e0000000, 0x00000000e0000000, 0x00000000e5560000)
  from space 21824K,  68% used [0x00000000e5560000, 0x00000000e63fa7a0, 0x00000000e6ab0000)
  to   space 21824K,   0% used [0x00000000e6ab0000, 0x00000000e6ab0000, 0x00000000e8000000)
 concurrent mark-sweep generation total 393216K, used 6885K [0x00000000e8000000, 0x0000000100000000, 0x0000000100000000)
 Metaspace       used 28023K, capacity 28500K, committed 28796K, reserved 1075200K
  class space    used 3212K, capacity 3389K, committed 3452K, reserved 1048576K
}
2017-07-24T09:18:43.983+0200: 6,922: Total time for which application threads were stopped: 0,0142141 seconds, Stopping threads took: 0,0000156 seconds
2017-07-24T09:18:43.983+0200: 6,922: Total time for which application threads were stopped: 0,0000614 seconds, Stopping threads took: 0,0000222 seconds
2017-07-24T09:18:43.989+0200: 6,928: Total time for which application threads were stopped: 0,0000711 seconds, Stopping threads took: 0,0000301 seconds
2017-07-24T09:20:34.003+0200: 116,942: Total time for which application threads were stopped: 0,0000937 seconds, Stopping threads took: 0,0000321 seconds
2017-07-24T09:20:39.004+0200: 121,943: Total time for which application threads were stopped: 0,0000902 seconds, Stopping threads took: 0,0000260 seconds
2017-07-24T09:21:39.010+0200: 181,949: Total time for which application threads were stopped: 0,0000917 seconds, Stopping threads took: 0,0000399 seconds
2017-07-24T09:21:44.011+0200: 186,950: Total time for which application threads were stopped: 0,0001709 seconds, Stopping threads took: 0,0000669 seconds
2017-07-24T09:42:08.154+0200: 1411,093: Total time for which application threads were stopped: 0,0000877 seconds, Stopping threads took: 0,0000345 seconds
2017-07-24T09:47:43.189+0200: 1746,128: Total time for which application threads were stopped: 0,0001105 seconds, Stopping threads took: 0,0000445 seconds
2017-07-24T09:56:59.253+0200: 2302,192: Total time for which application threads were stopped: 0,0000763 seconds, Stopping threads took: 0,0000291 seconds
2017-07-24T09:57:03.254+0200: 2306,193: Total time for which application threads were stopped: 0,0000834 seconds, Stopping threads took: 0,0000359 seconds
2017-07-24T09:58:39.266+0200: 2402,205: Total time for which application threads were stopped: 0,0004847 seconds, Stopping threads took: 0,0001891 seconds
2017-07-24T10:01:09.282+0200: 2552,221: Total time for which application threads were stopped: 0,0002763 seconds, Stopping threads took: 0,0001397 seconds
2017-07-24T10:11:54.359+0200: 3197,298: Total time for which application threads were stopped: 0,0000922 seconds, Stopping threads took: 0,0000329 seconds
2017-07-24T10:23:03.453+0200: 3866,392: Total time for which application threads were stopped: 0,0002025 seconds, Stopping threads took: 0,0000635 seconds
2017-07-24T10:23:08.454+0200: 3871,393: Total time for which application threads were stopped: 0,0000628 seconds, Stopping threads took: 0,0000148 seconds
2017-07-24T10:37:04.574+0200: 4707,513: Total time for which application threads were stopped: 0,0000948 seconds, Stopping threads took: 0,0000380 seconds
2017-07-24T11:06:39.775+0200: 6482,714: Total time for which application threads were stopped: 0,0001876 seconds, Stopping threads took: 0,0000758 seconds
2017-07-24T11:18:08.852+0200: 7171,791: Total time for which application threads were stopped: 0,0000870 seconds, Stopping threads took: 0,0000291 seconds
2017-07-24T11:18:38.856+0200: 7201,795: Total time for which application threads were stopped: 0,0000887 seconds, Stopping threads took: 0,0000340 seconds
2017-07-24T11:20:38.871+0200: 7321,810: Total time for which application threads were stopped: 0,0000786 seconds, Stopping threads took: 0,0000310 seconds
2017-07-24T11:26:38.911+0200: 7681,850: Total time for which application threads were stopped: 0,0000826 seconds, Stopping threads took: 0,0000324 seconds
2017-07-24T12:31:09.347+0200: 11552,286: Total time for which application threads were stopped: 0,0003566 seconds, Stopping threads took: 0,0001957 seconds
2017-07-24T13:21:16.905+0200: 14559,844: Total time for which application threads were stopped: 0,0310438 seconds, Stopping threads took: 0,0309672 seconds
2017-07-24T13:21:16.905+0200: 14559,844: Total time for which application threads were stopped: 0,0000562 seconds, Stopping threads took: 0,0000092 seconds
2017-07-24T13:21:16.931+0200: 14559,870: Total time for which application threads were stopped: 0,0007723 seconds, Stopping threads took: 0,0006900 seconds
2017-07-24T13:21:16.931+0200: 14559,871: Total time for which application threads were stopped: 0,0007186 seconds, Stopping threads took: 0,0006518 seconds
2017-07-24T13:21:16.939+0200: 14559,878: Total time for which application threads were stopped: 0,0000928 seconds, Stopping threads took: 0,0000221 seconds
2017-07-24T13:21:16.939+0200: 14559,878: Total time for which application threads were stopped: 0,0000408 seconds, Stopping threads took: 0,0000058 seconds
2017-07-24T13:21:16.941+0200: 14559,880: Total time for which application threads were stopped: 0,0001022 seconds, Stopping threads took: 0,0000201 seconds
2017-07-24T13:21:16.943+0200: 14559,882: Total time for which application threads were stopped: 0,0001186 seconds, Stopping threads took: 0,0000360 seconds
2017-07-24T13:21:16.946+0200: 14559,885: Total time for which application threads were stopped: 0,0008091 seconds, Stopping threads took: 0,0007317 seconds
2017-07-24T13:21:16.946+0200: 14559,885: Total time for which application threads were stopped: 0,0000828 seconds, Stopping threads took: 0,0000326 seconds
2017-07-24T13:21:16.946+0200: 14559,886: Total time for which application threads were stopped: 0,0000534 seconds, Stopping threads took: 0,0000092 seconds
2017-07-24T13:21:16.948+0200: 14559,887: Total time for which application threads were stopped: 0,0001851 seconds, Stopping threads took: 0,0000635 seconds
2017-07-24T13:21:16.950+0200: 14559,889: Total time for which application threads were stopped: 0,0001232 seconds, Stopping threads took: 0,0000352 seconds
2017-07-24T13:21:16.950+0200: 14559,889: Total time for which application threads were stopped: 0,0001010 seconds, Stopping threads took: 0,0000329 seconds
2017-07-24T13:21:16.959+0200: 14559,898: Total time for which application threads were stopped: 0,0006294 seconds, Stopping threads took: 0,0005597 seconds
2017-07-24T13:21:16.961+0200: 14559,900: Total time for which application threads were stopped: 0,0001100 seconds, Stopping threads took: 0,0000416 seconds
2017-07-24T13:21:16.961+0200: 14559,900: Total time for which application threads were stopped: 0,0000561 seconds, Stopping threads took: 0,0000083 seconds
2017-07-24T13:21:16.961+0200: 14559,900: Total time for which application threads were stopped: 0,0000660 seconds, Stopping threads took: 0,0000191 seconds
2017-07-24T13:21:16.961+0200: 14559,900: Total time for which application threads were stopped: 0,0000445 seconds, Stopping threads took: 0,0000071 seconds
2017-07-24T13:21:16.961+0200: 14559,900: Total time for which application threads were stopped: 0,0000563 seconds, Stopping threads took: 0,0000182 seconds
2017-07-24T13:21:16.961+0200: 14559,901: Total time for which application threads were stopped: 0,0000511 seconds, Stopping threads took: 0,0000143 seconds
2017-07-24T13:21:16.962+0200: 14559,901: Total time for which application threads were stopped: 0,0000492 seconds, Stopping threads took: 0,0000163 seconds
2017-07-24T13:21:16.962+0200: 14559,901: Total time for which application threads were stopped: 0,0001197 seconds, Stopping threads took: 0,0000553 seconds
2017-07-24T13:21:16.970+0200: 14559,909: Total time for which application threads were stopped: 0,0027730 seconds, Stopping threads took: 0,0026633 seconds
2017-07-24T13:21:16.970+0200: 14559,909: Total time for which application threads were stopped: 0,0001054 seconds, Stopping threads took: 0,0000417 seconds
2017-07-24T13:21:16.970+0200: 14559,909: Total time for which application threads were stopped: 0,0001073 seconds, Stopping threads took: 0,0000183 seconds
2017-07-24T13:21:16.970+0200: 14559,909: Total time for which application threads were stopped: 0,0001619 seconds, Stopping threads took: 0,0000115 seconds
2017-07-24T13:21:16.973+0200: 14559,912: Total time for which application threads were stopped: 0,0018301 seconds, Stopping threads took: 0,0017370 seconds
2017-07-24T13:21:16.975+0200: 14559,914: Total time for which application threads were stopped: 0,0001306 seconds, Stopping threads took: 0,0000226 seconds
Heap
 par new generation   total 109248K, used 40094K [0x00000000e0000000, 0x00000000e8000000, 0x00000000e8000000)
  eden space 87424K,  28% used [0x00000000e0000000, 0x00000000e188d328, 0x00000000e5560000)
  from space 21824K,  68% used [0x00000000e5560000, 0x00000000e63fa7a0, 0x00000000e6ab0000)
  to   space 21824K,   0% used [0x00000000e6ab0000, 0x00000000e6ab0000, 0x00000000e8000000)
 concurrent mark-sweep generation total 393216K, used 6885K [0x00000000e8000000, 0x0000000100000000, 0x0000000100000000)
 Metaspace       used 28185K, capacity 28796K, committed 29052K, reserved 1075200K
  class space    used 3226K, capacity 3423K, committed 3452K, reserved 1048576K
