OpenJDK 64-Bit Server VM (25.121-b13) for linux-amd64 JRE (1.8.0_121-8u121-b13-0ubuntu1.16.04.2-b13), built on Jan 23 2017 15:51:29 by "buildd" with gcc 5.4.0 20160609
Memory: 4k page, physical 7867760k(7496444k free), swap 8076284k(8076284k free)
CommandLine flags: -XX:CMSInitiatingOccupancyFraction=50 -XX:CMSMaxAbortablePrecleanTime=6000 -XX:+CMSParallelRemarkEnabled -XX:+CMSScavengeBeforeRemark -XX:ConcGCThreads=4 -XX:InitialHeapSize=536870912 -XX:MaxHeapSize=536870912 -XX:MaxTenuringThreshold=8 -XX:NewRatio=3 -XX:OldPLABSize=16 -XX:OnOutOfMemoryError=/opt/solr/bin/oom_solr.sh 8983 /var/solr/logs -XX:ParallelGCThreads=4 -XX:+ParallelRefProcEnabled -XX:PretenureSizeThreshold=67108864 -XX:+PrintGC -XX:+PrintGCApplicationStoppedTime -XX:+PrintGCDateStamps -XX:+PrintGCDetails -XX:+PrintGCTimeStamps -XX:+PrintHeapAtGC -XX:+PrintTenuringDistribution -XX:SurvivorRatio=4 -XX:TargetSurvivorRatio=90 -XX:ThreadStackSize=256 -XX:+UseCMSInitiatingOccupancyOnly -XX:+UseCompressedClassPointers -XX:+UseCompressedOops -XX:+UseConcMarkSweepGC -XX:+UseParNewGC 
2017-03-03T14:11:53.917+0100: 0,143: Total time for which application threads were stopped: 0,0000753 seconds, Stopping threads took: 0,0000113 seconds
2017-03-03T14:11:53.997+0100: 0,223: Total time for which application threads were stopped: 0,0001336 seconds, Stopping threads took: 0,0000253 seconds
2017-03-03T14:11:54.026+0100: 0,252: Total time for which application threads were stopped: 0,0001434 seconds, Stopping threads took: 0,0000295 seconds
2017-03-03T14:11:54.862+0100: 1,088: Total time for which application threads were stopped: 0,0001733 seconds, Stopping threads took: 0,0000111 seconds
2017-03-03T14:11:54.932+0100: 1,158: Total time for which application threads were stopped: 0,0001585 seconds, Stopping threads took: 0,0000288 seconds
2017-03-03T14:11:54.957+0100: 1,184: Total time for which application threads were stopped: 0,0007105 seconds, Stopping threads took: 0,0000406 seconds
2017-03-03T14:11:55.209+0100: 1,435: Total time for which application threads were stopped: 0,0001883 seconds, Stopping threads took: 0,0000122 seconds
2017-03-03T14:11:55.448+0100: 1,675: Total time for which application threads were stopped: 0,0007694 seconds, Stopping threads took: 0,0000602 seconds
2017-03-03T14:11:55.479+0100: 1,705: Total time for which application threads were stopped: 0,0007932 seconds, Stopping threads took: 0,0000354 seconds
2017-03-03T14:11:55.522+0100: 1,748: Total time for which application threads were stopped: 0,0002175 seconds, Stopping threads took: 0,0000310 seconds
2017-03-03T14:11:55.523+0100: 1,749: Total time for which application threads were stopped: 0,0001847 seconds, Stopping threads took: 0,0000204 seconds
2017-03-03T14:11:55.543+0100: 1,770: Total time for which application threads were stopped: 0,0001826 seconds, Stopping threads took: 0,0000265 seconds
2017-03-03T14:11:55.625+0100: 1,851: Total time for which application threads were stopped: 0,0002503 seconds, Stopping threads took: 0,0000276 seconds
2017-03-03T14:11:55.785+0100: 2,012: Total time for which application threads were stopped: 0,0003300 seconds, Stopping threads took: 0,0000419 seconds
{Heap before GC invocations=0 (full 0):
 par new generation   total 109248K, used 87424K [0x00000000e0000000, 0x00000000e8000000, 0x00000000e8000000)
  eden space 87424K, 100% used [0x00000000e0000000, 0x00000000e5560000, 0x00000000e5560000)
  from space 21824K,   0% used [0x00000000e5560000, 0x00000000e5560000, 0x00000000e6ab0000)
  to   space 21824K,   0% used [0x00000000e6ab0000, 0x00000000e6ab0000, 0x00000000e8000000)
 concurrent mark-sweep generation total 393216K, used 0K [0x00000000e8000000, 0x0000000100000000, 0x0000000100000000)
 Metaspace       used 17792K, capacity 18112K, committed 18304K, reserved 1064960K
  class space    used 2024K, capacity 2164K, committed 2176K, reserved 1048576K
2017-03-03T14:11:55.814+0100: 2,040: [GC (Allocation Failure) 2017-03-03T14:11:55.814+0100: 2,040: [ParNew
Desired survivor size 20112992 bytes, new threshold 8 (max 8)
- age   1:   11472728 bytes,   11472728 total
: 87424K->11299K(109248K), 0,0154186 secs] 87424K->11299K(502464K), 0,0155098 secs] [Times: user=0,05 sys=0,01, real=0,01 secs] 
Heap after GC invocations=1 (full 0):
 par new generation   total 109248K, used 11299K [0x00000000e0000000, 0x00000000e8000000, 0x00000000e8000000)
  eden space 87424K,   0% used [0x00000000e0000000, 0x00000000e0000000, 0x00000000e5560000)
  from space 21824K,  51% used [0x00000000e6ab0000, 0x00000000e75b8fd8, 0x00000000e8000000)
  to   space 21824K,   0% used [0x00000000e5560000, 0x00000000e5560000, 0x00000000e6ab0000)
 concurrent mark-sweep generation total 393216K, used 0K [0x00000000e8000000, 0x0000000100000000, 0x0000000100000000)
 Metaspace       used 17792K, capacity 18112K, committed 18304K, reserved 1064960K
  class space    used 2024K, capacity 2164K, committed 2176K, reserved 1048576K
}
2017-03-03T14:11:55.830+0100: 2,056: Total time for which application threads were stopped: 0,0199367 seconds, Stopping threads took: 0,0042588 seconds
2017-03-03T14:11:56.204+0100: 2,430: Total time for which application threads were stopped: 0,0004452 seconds, Stopping threads took: 0,0000587 seconds
{Heap before GC invocations=1 (full 0):
 par new generation   total 109248K, used 98723K [0x00000000e0000000, 0x00000000e8000000, 0x00000000e8000000)
  eden space 87424K, 100% used [0x00000000e0000000, 0x00000000e5560000, 0x00000000e5560000)
  from space 21824K,  51% used [0x00000000e6ab0000, 0x00000000e75b8fd8, 0x00000000e8000000)
  to   space 21824K,   0% used [0x00000000e5560000, 0x00000000e5560000, 0x00000000e6ab0000)
 concurrent mark-sweep generation total 393216K, used 0K [0x00000000e8000000, 0x0000000100000000, 0x0000000100000000)
 Metaspace       used 20028K, capacity 20368K, committed 20736K, reserved 1067008K
  class space    used 2295K, capacity 2470K, committed 2560K, reserved 1048576K
2017-03-03T14:11:56.242+0100: 2,469: [GC (Allocation Failure) 2017-03-03T14:11:56.242+0100: 2,469: [ParNew
Desired survivor size 20112992 bytes, new threshold 8 (max 8)
- age   1:    4531304 bytes,    4531304 total
- age   2:    6004064 bytes,   10535368 total
: 98723K->12613K(109248K), 0,0145058 secs] 98723K->12613K(502464K), 0,0145835 secs] [Times: user=0,05 sys=0,00, real=0,01 secs] 
Heap after GC invocations=2 (full 0):
 par new generation   total 109248K, used 12613K [0x00000000e0000000, 0x00000000e8000000, 0x00000000e8000000)
  eden space 87424K,   0% used [0x00000000e0000000, 0x00000000e0000000, 0x00000000e5560000)
  from space 21824K,  57% used [0x00000000e5560000, 0x00000000e61b1758, 0x00000000e6ab0000)
  to   space 21824K,   0% used [0x00000000e6ab0000, 0x00000000e6ab0000, 0x00000000e8000000)
 concurrent mark-sweep generation total 393216K, used 0K [0x00000000e8000000, 0x0000000100000000, 0x0000000100000000)
 Metaspace       used 20028K, capacity 20368K, committed 20736K, reserved 1067008K
  class space    used 2295K, capacity 2470K, committed 2560K, reserved 1048576K
}
2017-03-03T14:11:56.257+0100: 2,483: Total time for which application threads were stopped: 0,0148829 seconds, Stopping threads took: 0,0001223 seconds
2017-03-03T14:11:56.280+0100: 2,506: Total time for which application threads were stopped: 0,0004064 seconds, Stopping threads took: 0,0000549 seconds
2017-03-03T14:11:56.321+0100: 2,547: Total time for which application threads were stopped: 0,0026229 seconds, Stopping threads took: 0,0022404 seconds
2017-03-03T14:11:56.463+0100: 2,689: Total time for which application threads were stopped: 0,0002409 seconds, Stopping threads took: 0,0000298 seconds
{Heap before GC invocations=2 (full 0):
 par new generation   total 109248K, used 100037K [0x00000000e0000000, 0x00000000e8000000, 0x00000000e8000000)
  eden space 87424K, 100% used [0x00000000e0000000, 0x00000000e5560000, 0x00000000e5560000)
  from space 21824K,  57% used [0x00000000e5560000, 0x00000000e61b1758, 0x00000000e6ab0000)
  to   space 21824K,   0% used [0x00000000e6ab0000, 0x00000000e6ab0000, 0x00000000e8000000)
 concurrent mark-sweep generation total 393216K, used 0K [0x00000000e8000000, 0x0000000100000000, 0x0000000100000000)
 Metaspace       used 20970K, capacity 21296K, committed 21628K, reserved 1069056K
  class space    used 2418K, capacity 2590K, committed 2684K, reserved 1048576K
2017-03-03T14:11:56.491+0100: 2,717: [GC (Allocation Failure) 2017-03-03T14:11:56.491+0100: 2,717: [ParNew
Desired survivor size 20112992 bytes, new threshold 8 (max 8)
- age   1:    2313368 bytes,    2313368 total
- age   2:    1447040 bytes,    3760408 total
- age   3:    6001136 bytes,    9761544 total
: 100037K->14276K(109248K), 0,0105134 secs] 100037K->14276K(502464K), 0,0106114 secs] [Times: user=0,03 sys=0,00, real=0,01 secs] 
Heap after GC invocations=3 (full 0):
 par new generation   total 109248K, used 14276K [0x00000000e0000000, 0x00000000e8000000, 0x00000000e8000000)
  eden space 87424K,   0% used [0x00000000e0000000, 0x00000000e0000000, 0x00000000e5560000)
  from space 21824K,  65% used [0x00000000e6ab0000, 0x00000000e78a10a0, 0x00000000e8000000)
  to   space 21824K,   0% used [0x00000000e5560000, 0x00000000e5560000, 0x00000000e6ab0000)
 concurrent mark-sweep generation total 393216K, used 0K [0x00000000e8000000, 0x0000000100000000, 0x0000000100000000)
 Metaspace       used 20970K, capacity 21296K, committed 21628K, reserved 1069056K
  class space    used 2418K, capacity 2590K, committed 2684K, reserved 1048576K
}
2017-03-03T14:11:56.502+0100: 2,728: Total time for which application threads were stopped: 0,0108177 seconds, Stopping threads took: 0,0000568 seconds
2017-03-03T14:11:56.502+0100: 2,728: [GC (CMS Initial Mark) [1 CMS-initial-mark: 0K(393216K)] 14954K(502464K), 0,0030454 secs] [Times: user=0,01 sys=0,00, real=0,00 secs] 
2017-03-03T14:11:56.505+0100: 2,731: Total time for which application threads were stopped: 0,0032333 seconds, Stopping threads took: 0,0000845 seconds
2017-03-03T14:11:56.505+0100: 2,731: [CMS-concurrent-mark-start]
2017-03-03T14:11:56.505+0100: 2,732: [CMS-concurrent-mark: 0,000/0,000 secs] [Times: user=0,01 sys=0,00, real=0,00 secs] 
2017-03-03T14:11:56.506+0100: 2,732: [CMS-concurrent-preclean-start]
2017-03-03T14:11:56.507+0100: 2,733: [CMS-concurrent-preclean: 0,001/0,001 secs] [Times: user=0,00 sys=0,00, real=0,00 secs] 
2017-03-03T14:11:56.507+0100: 2,733: [CMS-concurrent-abortable-preclean-start]
2017-03-03T14:11:56.602+0100: 2,828: Total time for which application threads were stopped: 0,0001480 seconds, Stopping threads took: 0,0000557 seconds
2017-03-03T14:11:56.602+0100: 2,828: [CMS-concurrent-abortable-preclean: 0,076/0,095 secs] [Times: user=0,36 sys=0,01, real=0,10 secs] 
2017-03-03T14:11:56.603+0100: 2,829: [GC (CMS Final Remark) [YG occupancy: 76010 K (109248 K)]{Heap before GC invocations=3 (full 1):
 par new generation   total 109248K, used 76010K [0x00000000e0000000, 0x00000000e8000000, 0x00000000e8000000)
  eden space 87424K,  70% used [0x00000000e0000000, 0x00000000e3c49ab8, 0x00000000e5560000)
  from space 21824K,  65% used [0x00000000e6ab0000, 0x00000000e78a10a0, 0x00000000e8000000)
  to   space 21824K,   0% used [0x00000000e5560000, 0x00000000e5560000, 0x00000000e6ab0000)
 concurrent mark-sweep generation total 393216K, used 0K [0x00000000e8000000, 0x0000000100000000, 0x0000000100000000)
 Metaspace       used 21178K, capacity 21512K, committed 21884K, reserved 1069056K
  class space    used 2439K, capacity 2594K, committed 2684K, reserved 1048576K
2017-03-03T14:11:56.603+0100: 2,829: [GC (CMS Final Remark) 2017-03-03T14:11:56.603+0100: 2,829: [ParNew
Desired survivor size 20112992 bytes, new threshold 8 (max 8)
- age   1:    1641448 bytes,    1641448 total
- age   2:    1513552 bytes,    3155000 total
- age   3:    1416208 bytes,    4571208 total
- age   4:    6002120 bytes,   10573328 total
: 76010K->11908K(109248K), 0,0107872 secs] 76010K->11908K(502464K), 0,0108404 secs] [Times: user=0,04 sys=0,00, real=0,00 secs] 
Heap after GC invocations=4 (full 1):
 par new generation   total 109248K, used 11908K [0x00000000e0000000, 0x00000000e8000000, 0x00000000e8000000)
  eden space 87424K,   0% used [0x00000000e0000000, 0x00000000e0000000, 0x00000000e5560000)
  from space 21824K,  54% used [0x00000000e5560000, 0x00000000e61010c0, 0x00000000e6ab0000)
  to   space 21824K,   0% used [0x00000000e6ab0000, 0x00000000e6ab0000, 0x00000000e8000000)
 concurrent mark-sweep generation total 393216K, used 0K [0x00000000e8000000, 0x0000000100000000, 0x0000000100000000)
 Metaspace       used 21178K, capacity 21512K, committed 21884K, reserved 1069056K
  class space    used 2439K, capacity 2594K, committed 2684K, reserved 1048576K
}
2017-03-03T14:11:56.614+0100: 2,840: [Rescan (parallel) , 0,0041948 secs]2017-03-03T14:11:56.618+0100: 2,844: [weak refs processing, 0,0009144 secs]2017-03-03T14:11:56.619+0100: 2,845: [class unloading, 0,0029591 secs]2017-03-03T14:11:56.622+0100: 2,848: [scrub symbol table, 0,0028767 secs]2017-03-03T14:11:56.625+0100: 2,851: [scrub string table, 0,0003641 secs][1 CMS-remark: 0K(393216K)] 11908K(502464K), 0,0228216 secs] [Times: user=0,06 sys=0,00, real=0,02 secs] 
2017-03-03T14:11:56.625+0100: 2,852: Total time for which application threads were stopped: 0,0229626 seconds, Stopping threads took: 0,0000642 seconds
2017-03-03T14:11:56.625+0100: 2,852: [CMS-concurrent-sweep-start]
2017-03-03T14:11:56.626+0100: 2,852: [CMS-concurrent-sweep: 0,000/0,000 secs] [Times: user=0,00 sys=0,00, real=0,00 secs] 
2017-03-03T14:11:56.626+0100: 2,852: [CMS-concurrent-reset-start]
2017-03-03T14:11:56.628+0100: 2,854: [CMS-concurrent-reset: 0,002/0,002 secs] [Times: user=0,00 sys=0,00, real=0,00 secs] 
{Heap before GC invocations=4 (full 1):
 par new generation   total 109248K, used 99332K [0x00000000e0000000, 0x00000000e8000000, 0x00000000e8000000)
  eden space 87424K, 100% used [0x00000000e0000000, 0x00000000e5560000, 0x00000000e5560000)
  from space 21824K,  54% used [0x00000000e5560000, 0x00000000e61010c0, 0x00000000e6ab0000)
  to   space 21824K,   0% used [0x00000000e6ab0000, 0x00000000e6ab0000, 0x00000000e8000000)
 concurrent mark-sweep generation total 393216K, used 0K [0x00000000e8000000, 0x0000000100000000, 0x0000000100000000)
 Metaspace       used 21268K, capacity 21662K, committed 21884K, reserved 1069056K
  class space    used 2454K, capacity 2636K, committed 2684K, reserved 1048576K
2017-03-03T14:11:56.701+0100: 2,927: [GC (Allocation Failure) 2017-03-03T14:11:56.701+0100: 2,927: [ParNew
Desired survivor size 20112992 bytes, new threshold 8 (max 8)
- age   1:    1082624 bytes,    1082624 total
- age   2:      88248 bytes,    1170872 total
- age   3:    1513312 bytes,    2684184 total
- age   4:    1414104 bytes,    4098288 total
- age   5:    6001216 bytes,   10099504 total
: 99332K->13847K(109248K), 0,0118978 secs] 99332K->13847K(502464K), 0,0119702 secs] [Times: user=0,05 sys=0,00, real=0,01 secs] 
Heap after GC invocations=5 (full 1):
 par new generation   total 109248K, used 13847K [0x00000000e0000000, 0x00000000e8000000, 0x00000000e8000000)
  eden space 87424K,   0% used [0x00000000e0000000, 0x00000000e0000000, 0x00000000e5560000)
  from space 21824K,  63% used [0x00000000e6ab0000, 0x00000000e7835e20, 0x00000000e8000000)
  to   space 21824K,   0% used [0x00000000e5560000, 0x00000000e5560000, 0x00000000e6ab0000)
 concurrent mark-sweep generation total 393216K, used 0K [0x00000000e8000000, 0x0000000100000000, 0x0000000100000000)
 Metaspace       used 21268K, capacity 21662K, committed 21884K, reserved 1069056K
  class space    used 2454K, capacity 2636K, committed 2684K, reserved 1048576K
}
2017-03-03T14:11:56.713+0100: 2,939: Total time for which application threads were stopped: 0,0122286 seconds, Stopping threads took: 0,0000725 seconds
2017-03-03T14:11:56.791+0100: 3,017: Total time for which application threads were stopped: 0,0003310 seconds, Stopping threads took: 0,0000196 seconds
2017-03-03T14:11:56.996+0100: 3,222: Total time for which application threads were stopped: 0,0004936 seconds, Stopping threads took: 0,0000257 seconds
2017-03-03T14:11:57.012+0100: 3,238: Total time for which application threads were stopped: 0,0003904 seconds, Stopping threads took: 0,0000209 seconds
{Heap before GC invocations=5 (full 1):
 par new generation   total 109248K, used 101271K [0x00000000e0000000, 0x00000000e8000000, 0x00000000e8000000)
  eden space 87424K, 100% used [0x00000000e0000000, 0x00000000e5560000, 0x00000000e5560000)
  from space 21824K,  63% used [0x00000000e6ab0000, 0x00000000e7835e20, 0x00000000e8000000)
  to   space 21824K,   0% used [0x00000000e5560000, 0x00000000e5560000, 0x00000000e6ab0000)
 concurrent mark-sweep generation total 393216K, used 0K [0x00000000e8000000, 0x0000000100000000, 0x0000000100000000)
 Metaspace       used 23678K, capacity 24172K, committed 24316K, reserved 1071104K
  class space    used 2779K, capacity 2981K, committed 3068K, reserved 1048576K
2017-03-03T14:11:57.123+0100: 3,350: [GC (Allocation Failure) 2017-03-03T14:11:57.123+0100: 3,350: [ParNew
Desired survivor size 20112992 bytes, new threshold 8 (max 8)
- age   1:    4280416 bytes,    4280416 total
- age   2:     153320 bytes,    4433736 total
- age   3:      86936 bytes,    4520672 total
- age   4:     341256 bytes,    4861928 total
- age   5:    1387688 bytes,    6249616 total
- age   6:    5992944 bytes,   12242560 total
: 101271K->15016K(109248K), 0,0140385 secs] 101271K->15016K(502464K), 0,0141164 secs] [Times: user=0,05 sys=0,00, real=0,01 secs] 
Heap after GC invocations=6 (full 1):
 par new generation   total 109248K, used 15016K [0x00000000e0000000, 0x00000000e8000000, 0x00000000e8000000)
  eden space 87424K,   0% used [0x00000000e0000000, 0x00000000e0000000, 0x00000000e5560000)
  from space 21824K,  68% used [0x00000000e5560000, 0x00000000e640a010, 0x00000000e6ab0000)
  to   space 21824K,   0% used [0x00000000e6ab0000, 0x00000000e6ab0000, 0x00000000e8000000)
 concurrent mark-sweep generation total 393216K, used 0K [0x00000000e8000000, 0x0000000100000000, 0x0000000100000000)
 Metaspace       used 23678K, capacity 24172K, committed 24316K, reserved 1071104K
  class space    used 2779K, capacity 2981K, committed 3068K, reserved 1048576K
}
2017-03-03T14:11:57.138+0100: 3,364: Total time for which application threads were stopped: 0,0143447 seconds, Stopping threads took: 0,0000497 seconds
{Heap before GC invocations=6 (full 1):
 par new generation   total 109248K, used 102440K [0x00000000e0000000, 0x00000000e8000000, 0x00000000e8000000)
  eden space 87424K, 100% used [0x00000000e0000000, 0x00000000e5560000, 0x00000000e5560000)
  from space 21824K,  68% used [0x00000000e5560000, 0x00000000e640a010, 0x00000000e6ab0000)
  to   space 21824K,   0% used [0x00000000e6ab0000, 0x00000000e6ab0000, 0x00000000e8000000)
 concurrent mark-sweep generation total 393216K, used 0K [0x00000000e8000000, 0x0000000100000000, 0x0000000100000000)
 Metaspace       used 24789K, capacity 25250K, committed 25468K, reserved 1071104K
  class space    used 2901K, capacity 3081K, committed 3196K, reserved 1048576K
2017-03-03T14:11:57.324+0100: 3,550: [GC (Allocation Failure) 2017-03-03T14:11:57.324+0100: 3,550: [ParNew
Desired survivor size 20112992 bytes, new threshold 8 (max 8)
- age   1:    1853184 bytes,    1853184 total
- age   2:    1280240 bytes,    3133424 total
- age   3:      75256 bytes,    3208680 total
- age   4:      49944 bytes,    3258624 total
- age   5:     207008 bytes,    3465632 total
- age   6:    1019568 bytes,    4485200 total
- age   7:    5822608 bytes,   10307808 total
: 102440K->15702K(109248K), 0,0119936 secs] 102440K->15702K(502464K), 0,0120605 secs] [Times: user=0,04 sys=0,00, real=0,01 secs] 
Heap after GC invocations=7 (full 1):
 par new generation   total 109248K, used 15702K [0x00000000e0000000, 0x00000000e8000000, 0x00000000e8000000)
  eden space 87424K,   0% used [0x00000000e0000000, 0x00000000e0000000, 0x00000000e5560000)
  from space 21824K,  71% used [0x00000000e6ab0000, 0x00000000e7a05980, 0x00000000e8000000)
  to   space 21824K,   0% used [0x00000000e5560000, 0x00000000e5560000, 0x00000000e6ab0000)
 concurrent mark-sweep generation total 393216K, used 0K [0x00000000e8000000, 0x0000000100000000, 0x0000000100000000)
 Metaspace       used 24789K, capacity 25250K, committed 25468K, reserved 1071104K
  class space    used 2901K, capacity 3081K, committed 3196K, reserved 1048576K
}
2017-03-03T14:11:57.336+0100: 3,562: Total time for which application threads were stopped: 0,0122980 seconds, Stopping threads took: 0,0000202 seconds
2017-03-03T14:11:57.564+0100: 3,790: Total time for which application threads were stopped: 0,0004281 seconds, Stopping threads took: 0,0000210 seconds
2017-03-03T14:11:57.576+0100: 3,803: Total time for which application threads were stopped: 0,0003998 seconds, Stopping threads took: 0,0000250 seconds
2017-03-03T14:11:57.632+0100: 3,858: Total time for which application threads were stopped: 0,0004007 seconds, Stopping threads took: 0,0000247 seconds
2017-03-03T14:11:57.745+0100: 3,972: Total time for which application threads were stopped: 0,0005978 seconds, Stopping threads took: 0,0000392 seconds
2017-03-03T14:11:57.831+0100: 4,057: Total time for which application threads were stopped: 0,0003346 seconds, Stopping threads took: 0,0000165 seconds
2017-03-03T14:14:00.864+0100: 127,090: Total time for which application threads were stopped: 0,0008333 seconds, Stopping threads took: 0,0003191 seconds
2017-03-03T14:14:10.865+0100: 137,092: Total time for which application threads were stopped: 0,0000795 seconds, Stopping threads took: 0,0000195 seconds
{Heap before GC invocations=7 (full 1):
 par new generation   total 109248K, used 103126K [0x00000000e0000000, 0x00000000e8000000, 0x00000000e8000000)
  eden space 87424K, 100% used [0x00000000e0000000, 0x00000000e5560000, 0x00000000e5560000)
  from space 21824K,  71% used [0x00000000e6ab0000, 0x00000000e7a05980, 0x00000000e8000000)
  to   space 21824K,   0% used [0x00000000e5560000, 0x00000000e5560000, 0x00000000e6ab0000)
 concurrent mark-sweep generation total 393216K, used 0K [0x00000000e8000000, 0x0000000100000000, 0x0000000100000000)
 Metaspace       used 27967K, capacity 28500K, committed 28796K, reserved 1075200K
  class space    used 3217K, capacity 3390K, committed 3452K, reserved 1048576K
2017-03-03T14:14:49.877+0100: 176,104: [GC (Allocation Failure) 2017-03-03T14:14:49.877+0100: 176,104: [ParNew
Desired survivor size 20112992 bytes, new threshold 8 (max 8)
- age   1:   10405248 bytes,   10405248 total
- age   2:     325096 bytes,   10730344 total
- age   3:    1259272 bytes,   11989616 total
- age   4:      75192 bytes,   12064808 total
- age   5:      49752 bytes,   12114560 total
- age   6:     206416 bytes,   12320976 total
- age   7:    1017504 bytes,   13338480 total
- age   8:    5724056 bytes,   19062536 total
: 103126K->20399K(109248K), 0,0184372 secs] 103126K->20399K(502464K), 0,0185138 secs] [Times: user=0,05 sys=0,01, real=0,02 secs] 
Heap after GC invocations=8 (full 1):
 par new generation   total 109248K, used 20399K [0x00000000e0000000, 0x00000000e8000000, 0x00000000e8000000)
  eden space 87424K,   0% used [0x00000000e0000000, 0x00000000e0000000, 0x00000000e5560000)
  from space 21824K,  93% used [0x00000000e5560000, 0x00000000e694be70, 0x00000000e6ab0000)
  to   space 21824K,   0% used [0x00000000e6ab0000, 0x00000000e6ab0000, 0x00000000e8000000)
 concurrent mark-sweep generation total 393216K, used 0K [0x00000000e8000000, 0x0000000100000000, 0x0000000100000000)
 Metaspace       used 27967K, capacity 28500K, committed 28796K, reserved 1075200K
  class space    used 3217K, capacity 3390K, committed 3452K, reserved 1048576K
}
2017-03-03T14:14:49.896+0100: 176,122: Total time for which application threads were stopped: 0,0186927 seconds, Stopping threads took: 0,0000512 seconds
2017-03-03T14:14:54.897+0100: 181,123: Total time for which application threads were stopped: 0,0000645 seconds, Stopping threads took: 0,0000138 seconds
2017-03-03T14:16:24.908+0100: 271,134: Total time for which application threads were stopped: 0,0001616 seconds, Stopping threads took: 0,0000587 seconds
2017-03-03T14:35:40.055+0100: 1426,281: Total time for which application threads were stopped: 0,0000954 seconds, Stopping threads took: 0,0000324 seconds
2017-03-03T14:38:55.080+0100: 1621,306: Total time for which application threads were stopped: 0,0000896 seconds, Stopping threads took: 0,0000333 seconds
2017-03-03T14:39:00.081+0100: 1626,307: Total time for which application threads were stopped: 0,0000704 seconds, Stopping threads took: 0,0000147 seconds
2017-03-03T14:51:25.175+0100: 2371,401: Total time for which application threads were stopped: 0,0000978 seconds, Stopping threads took: 0,0000337 seconds
2017-03-03T14:51:26.175+0100: 2372,402: Total time for which application threads were stopped: 0,0000792 seconds, Stopping threads took: 0,0000149 seconds
2017-03-03T14:54:26.198+0100: 2552,424: Total time for which application threads were stopped: 0,0000951 seconds, Stopping threads took: 0,0000366 seconds
2017-03-03T15:03:25.271+0100: 3091,497: Total time for which application threads were stopped: 0,0001289 seconds, Stopping threads took: 0,0000386 seconds
2017-03-03T15:06:25.293+0100: 3271,519: Total time for which application threads were stopped: 0,0001907 seconds, Stopping threads took: 0,0000705 seconds
2017-03-03T15:11:06.325+0100: 3552,552: Total time for which application threads were stopped: 0,0001267 seconds, Stopping threads took: 0,0000496 seconds
2017-03-03T15:11:11.326+0100: 3557,553: Total time for which application threads were stopped: 0,0001303 seconds, Stopping threads took: 0,0000236 seconds
2017-03-03T15:11:21.327+0100: 3567,554: Total time for which application threads were stopped: 0,0001473 seconds, Stopping threads took: 0,0000269 seconds
2017-03-03T15:14:05.348+0100: 3731,574: Total time for which application threads were stopped: 0,0001063 seconds, Stopping threads took: 0,0000278 seconds
2017-03-03T15:14:20.350+0100: 3746,576: Total time for which application threads were stopped: 0,0000898 seconds, Stopping threads took: 0,0000303 seconds
2017-03-03T15:14:25.351+0100: 3751,577: Total time for which application threads were stopped: 0,0001499 seconds, Stopping threads took: 0,0000183 seconds
2017-03-03T15:17:15.373+0100: 3921,599: Total time for which application threads were stopped: 0,0000866 seconds, Stopping threads took: 0,0000308 seconds
2017-03-03T15:17:30.375+0100: 3936,601: Total time for which application threads were stopped: 0,0001423 seconds, Stopping threads took: 0,0000488 seconds
2017-03-03T15:17:55.378+0100: 3961,605: Total time for which application threads were stopped: 0,0000895 seconds, Stopping threads took: 0,0000345 seconds
2017-03-03T15:40:36.552+0100: 5322,779: Total time for which application threads were stopped: 0,0001342 seconds, Stopping threads took: 0,0000452 seconds
2017-03-03T15:43:26.575+0100: 5492,802: Total time for which application threads were stopped: 0,0000869 seconds, Stopping threads took: 0,0000325 seconds
2017-03-03T16:12:55.826+0100: 7262,053: Total time for which application threads were stopped: 0,0001011 seconds, Stopping threads took: 0,0000309 seconds
2017-03-03T16:14:25.840+0100: 7352,066: Total time for which application threads were stopped: 0,0000978 seconds, Stopping threads took: 0,0000364 seconds
2017-03-03T16:15:39.158+0100: 7425,384: Total time for which application threads were stopped: 0,0000741 seconds, Stopping threads took: 0,0000117 seconds
2017-03-03T16:15:39.161+0100: 7425,388: Total time for which application threads were stopped: 0,0000608 seconds, Stopping threads took: 0,0000098 seconds
2017-03-03T16:15:39.182+0100: 7425,408: Total time for which application threads were stopped: 0,0004231 seconds, Stopping threads took: 0,0000377 seconds
2017-03-03T16:15:39.194+0100: 7425,420: Total time for which application threads were stopped: 0,0001377 seconds, Stopping threads took: 0,0000700 seconds
2017-03-03T16:15:39.194+0100: 7425,420: Total time for which application threads were stopped: 0,0000558 seconds, Stopping threads took: 0,0000108 seconds
2017-03-03T16:15:39.238+0100: 7425,464: Total time for which application threads were stopped: 0,0001277 seconds, Stopping threads took: 0,0000300 seconds
2017-03-03T16:15:39.238+0100: 7425,464: Total time for which application threads were stopped: 0,0000742 seconds, Stopping threads took: 0,0000159 seconds
2017-03-03T16:15:39.397+0100: 7425,623: Total time for which application threads were stopped: 0,0001051 seconds, Stopping threads took: 0,0000225 seconds
2017-03-03T16:15:39.399+0100: 7425,626: Total time for which application threads were stopped: 0,0001102 seconds, Stopping threads took: 0,0000200 seconds
2017-03-03T16:15:39.970+0100: 7426,196: Total time for which application threads were stopped: 0,0000934 seconds, Stopping threads took: 0,0000237 seconds
2017-03-03T16:15:39.994+0100: 7426,220: Total time for which application threads were stopped: 0,0000967 seconds, Stopping threads took: 0,0000262 seconds
2017-03-03T16:15:40.780+0100: 7427,006: Total time for which application threads were stopped: 0,0001085 seconds, Stopping threads took: 0,0000241 seconds
2017-03-03T16:19:55.814+0100: 7682,040: Total time for which application threads were stopped: 0,0003011 seconds, Stopping threads took: 0,0000727 seconds
2017-03-03T16:37:06.660+0100: 8712,886: Total time for which application threads were stopped: 0,0004155 seconds, Stopping threads took: 0,0000207 seconds
2017-03-03T16:37:06.663+0100: 8712,890: Total time for which application threads were stopped: 0,0001326 seconds, Stopping threads took: 0,0000573 seconds
2017-03-03T16:37:06.666+0100: 8712,893: Total time for which application threads were stopped: 0,0002020 seconds, Stopping threads took: 0,0000946 seconds
2017-03-03T16:37:06.670+0100: 8712,896: Total time for which application threads were stopped: 0,0026685 seconds, Stopping threads took: 0,0025627 seconds
2017-03-03T16:37:06.673+0100: 8712,899: Total time for which application threads were stopped: 0,0001245 seconds, Stopping threads took: 0,0000257 seconds
2017-03-03T16:37:06.675+0100: 8712,901: Total time for which application threads were stopped: 0,0001320 seconds, Stopping threads took: 0,0000336 seconds
2017-03-03T16:37:06.684+0100: 8712,911: Total time for which application threads were stopped: 0,0001918 seconds, Stopping threads took: 0,0000770 seconds
2017-03-03T16:37:06.685+0100: 8712,911: Total time for which application threads were stopped: 0,0000570 seconds, Stopping threads took: 0,0000140 seconds
2017-03-03T16:37:06.687+0100: 8712,913: Total time for which application threads were stopped: 0,0001884 seconds, Stopping threads took: 0,0000953 seconds
2017-03-03T16:37:06.689+0100: 8712,915: Total time for which application threads were stopped: 0,0001016 seconds, Stopping threads took: 0,0000173 seconds
Heap
 par new generation   total 109248K, used 46400K [0x00000000e0000000, 0x00000000e8000000, 0x00000000e8000000)
  eden space 87424K,  29% used [0x00000000e0000000, 0x00000000e19641a8, 0x00000000e5560000)
  from space 21824K,  93% used [0x00000000e5560000, 0x00000000e694be70, 0x00000000e6ab0000)
  to   space 21824K,   0% used [0x00000000e6ab0000, 0x00000000e6ab0000, 0x00000000e8000000)
 concurrent mark-sweep generation total 393216K, used 0K [0x00000000e8000000, 0x0000000100000000, 0x0000000100000000)
 Metaspace       used 29516K, capacity 30114K, committed 30332K, reserved 1075200K
  class space    used 3427K, capacity 3652K, committed 3708K, reserved 1048576K
