OpenJDK 64-Bit Server VM (25.111-b14) for linux-amd64 JRE (1.8.0_111-8u111-b14-2ubuntu0.16.04.2-b14), built on Oct 27 2016 18:10:19 by "buildd" with gcc 5.4.0 20160609
Memory: 4k page, physical 7867804k(7509856k free), swap 8076284k(8076284k free)
CommandLine flags: -XX:CMSInitiatingOccupancyFraction=50 -XX:CMSMaxAbortablePrecleanTime=6000 -XX:+CMSParallelRemarkEnabled -XX:+CMSScavengeBeforeRemark -XX:ConcGCThreads=4 -XX:InitialHeapSize=536870912 -XX:MaxHeapSize=536870912 -XX:MaxTenuringThreshold=8 -XX:NewRatio=3 -XX:OldPLABSize=16 -XX:OnOutOfMemoryError=/opt/solr/bin/oom_solr.sh 8983 /var/solr/logs -XX:ParallelGCThreads=4 -XX:+ParallelRefProcEnabled -XX:PretenureSizeThreshold=67108864 -XX:+PrintGC -XX:+PrintGCApplicationStoppedTime -XX:+PrintGCDateStamps -XX:+PrintGCDetails -XX:+PrintGCTimeStamps -XX:+PrintHeapAtGC -XX:+PrintTenuringDistribution -XX:SurvivorRatio=4 -XX:TargetSurvivorRatio=90 -XX:ThreadStackSize=256 -XX:+UseCMSInitiatingOccupancyOnly -XX:+UseCompressedClassPointers -XX:+UseCompressedOops -XX:+UseConcMarkSweepGC -XX:+UseParNewGC 
2017-01-04T00:05:05.737+0100: 0,120: Total time for which application threads were stopped: 0,0000644 seconds, Stopping threads took: 0,0000122 seconds
2017-01-04T00:05:05.820+0100: 0,203: Total time for which application threads were stopped: 0,0006128 seconds, Stopping threads took: 0,0005216 seconds
2017-01-04T00:05:05.838+0100: 0,221: Total time for which application threads were stopped: 0,0001419 seconds, Stopping threads took: 0,0000161 seconds
2017-01-04T00:05:06.027+0100: 0,411: Total time for which application threads were stopped: 0,0001158 seconds, Stopping threads took: 0,0000094 seconds
2017-01-04T00:05:06.523+0100: 0,906: Total time for which application threads were stopped: 0,0001571 seconds, Stopping threads took: 0,0000145 seconds
2017-01-04T00:05:06.627+0100: 1,010: Total time for which application threads were stopped: 0,0001695 seconds, Stopping threads took: 0,0000192 seconds
2017-01-04T00:05:06.714+0100: 1,097: Total time for which application threads were stopped: 0,0001820 seconds, Stopping threads took: 0,0000225 seconds
2017-01-04T00:05:06.959+0100: 1,343: Total time for which application threads were stopped: 0,0001640 seconds, Stopping threads took: 0,0000210 seconds
2017-01-04T00:05:07.161+0100: 1,544: Total time for which application threads were stopped: 0,0009299 seconds, Stopping threads took: 0,0001521 seconds
2017-01-04T00:05:07.184+0100: 1,567: Total time for which application threads were stopped: 0,0001730 seconds, Stopping threads took: 0,0000170 seconds
2017-01-04T00:05:07.184+0100: 1,568: Total time for which application threads were stopped: 0,0001136 seconds, Stopping threads took: 0,0000192 seconds
2017-01-04T00:05:07.198+0100: 1,581: Total time for which application threads were stopped: 0,0001545 seconds, Stopping threads took: 0,0000115 seconds
2017-01-04T00:05:07.300+0100: 1,683: Total time for which application threads were stopped: 0,0002459 seconds, Stopping threads took: 0,0000332 seconds
2017-01-04T00:05:07.503+0100: 1,886: Total time for which application threads were stopped: 0,0008015 seconds, Stopping threads took: 0,0003908 seconds
{Heap before GC invocations=0 (full 0):
 par new generation   total 109248K, used 87424K [0x00000000e0000000, 0x00000000e8000000, 0x00000000e8000000)
  eden space 87424K, 100% used [0x00000000e0000000, 0x00000000e5560000, 0x00000000e5560000)
  from space 21824K,   0% used [0x00000000e5560000, 0x00000000e5560000, 0x00000000e6ab0000)
  to   space 21824K,   0% used [0x00000000e6ab0000, 0x00000000e6ab0000, 0x00000000e8000000)
 concurrent mark-sweep generation total 393216K, used 0K [0x00000000e8000000, 0x0000000100000000, 0x0000000100000000)
 Metaspace       used 18079K, capacity 18366K, committed 18560K, reserved 1064960K
  class space    used 2054K, capacity 2162K, committed 2176K, reserved 1048576K
2017-01-04T00:05:07.627+0100: 2,010: [GC (Allocation Failure) 2017-01-04T00:05:07.627+0100: 2,010: [ParNew
Desired survivor size 20112992 bytes, new threshold 8 (max 8)
- age   1:   12322552 bytes,   12322552 total
: 87424K->12147K(109248K), 0,0160851 secs] 87424K->12147K(502464K), 0,0161719 secs] [Times: user=0,02 sys=0,03, real=0,02 secs] 
Heap after GC invocations=1 (full 0):
 par new generation   total 109248K, used 12147K [0x00000000e0000000, 0x00000000e8000000, 0x00000000e8000000)
  eden space 87424K,   0% used [0x00000000e0000000, 0x00000000e0000000, 0x00000000e5560000)
  from space 21824K,  55% used [0x00000000e6ab0000, 0x00000000e768cfb0, 0x00000000e8000000)
  to   space 21824K,   0% used [0x00000000e5560000, 0x00000000e5560000, 0x00000000e6ab0000)
 concurrent mark-sweep generation total 393216K, used 0K [0x00000000e8000000, 0x0000000100000000, 0x0000000100000000)
 Metaspace       used 18079K, capacity 18366K, committed 18560K, reserved 1064960K
  class space    used 2054K, capacity 2162K, committed 2176K, reserved 1048576K
}
2017-01-04T00:05:07.643+0100: 2,026: Total time for which application threads were stopped: 0,0163479 seconds, Stopping threads took: 0,0000177 seconds
2017-01-04T00:05:07.796+0100: 2,179: Total time for which application threads were stopped: 0,0003135 seconds, Stopping threads took: 0,0000252 seconds
2017-01-04T00:05:07.823+0100: 2,206: Total time for which application threads were stopped: 0,0002963 seconds, Stopping threads took: 0,0000405 seconds
2017-01-04T00:05:07.845+0100: 2,229: Total time for which application threads were stopped: 0,0002596 seconds, Stopping threads took: 0,0000244 seconds
{Heap before GC invocations=1 (full 0):
 par new generation   total 109248K, used 99571K [0x00000000e0000000, 0x00000000e8000000, 0x00000000e8000000)
  eden space 87424K, 100% used [0x00000000e0000000, 0x00000000e5560000, 0x00000000e5560000)
  from space 21824K,  55% used [0x00000000e6ab0000, 0x00000000e768cfb0, 0x00000000e8000000)
  to   space 21824K,   0% used [0x00000000e5560000, 0x00000000e5560000, 0x00000000e6ab0000)
 concurrent mark-sweep generation total 393216K, used 0K [0x00000000e8000000, 0x0000000100000000, 0x0000000100000000)
 Metaspace       used 20720K, capacity 21020K, committed 21248K, reserved 1069056K
  class space    used 2404K, capacity 2518K, committed 2560K, reserved 1048576K
2017-01-04T00:05:08.016+0100: 2,399: [GC (Allocation Failure) 2017-01-04T00:05:08.016+0100: 2,399: [ParNew
Desired survivor size 20112992 bytes, new threshold 8 (max 8)
- age   1:    2906144 bytes,    2906144 total
- age   2:    6101616 bytes,    9007760 total
: 99571K->11252K(109248K), 0,0091465 secs] 99571K->11252K(502464K), 0,0092234 secs] [Times: user=0,03 sys=0,01, real=0,01 secs] 
Heap after GC invocations=2 (full 0):
 par new generation   total 109248K, used 11252K [0x00000000e0000000, 0x00000000e8000000, 0x00000000e8000000)
  eden space 87424K,   0% used [0x00000000e0000000, 0x00000000e0000000, 0x00000000e5560000)
  from space 21824K,  51% used [0x00000000e5560000, 0x00000000e605d340, 0x00000000e6ab0000)
  to   space 21824K,   0% used [0x00000000e6ab0000, 0x00000000e6ab0000, 0x00000000e8000000)
 concurrent mark-sweep generation total 393216K, used 0K [0x00000000e8000000, 0x0000000100000000, 0x0000000100000000)
 Metaspace       used 20720K, capacity 21020K, committed 21248K, reserved 1069056K
  class space    used 2404K, capacity 2518K, committed 2560K, reserved 1048576K
}
2017-01-04T00:05:08.025+0100: 2,408: Total time for which application threads were stopped: 0,0094758 seconds, Stopping threads took: 0,0000538 seconds
2017-01-04T00:05:08.087+0100: 2,471: Total time for which application threads were stopped: 0,0000812 seconds, Stopping threads took: 0,0000143 seconds
2017-01-04T00:05:08.121+0100: 2,504: Total time for which application threads were stopped: 0,0002704 seconds, Stopping threads took: 0,0000221 seconds
2017-01-04T00:05:08.124+0100: 2,507: Total time for which application threads were stopped: 0,0000704 seconds, Stopping threads took: 0,0000231 seconds
2017-01-04T00:05:08.147+0100: 2,530: Total time for which application threads were stopped: 0,0000855 seconds, Stopping threads took: 0,0000177 seconds
2017-01-04T00:05:08.222+0100: 2,605: Total time for which application threads were stopped: 0,0001016 seconds, Stopping threads took: 0,0000141 seconds
2017-01-04T00:05:08.239+0100: 2,622: Total time for which application threads were stopped: 0,0000848 seconds, Stopping threads took: 0,0000213 seconds
2017-01-04T00:05:08.246+0100: 2,630: Total time for which application threads were stopped: 0,0003061 seconds, Stopping threads took: 0,0000245 seconds
2017-01-04T00:05:08.255+0100: 2,639: Total time for which application threads were stopped: 0,0003803 seconds, Stopping threads took: 0,0000288 seconds
2017-01-04T00:05:08.270+0100: 2,654: Total time for which application threads were stopped: 0,0000776 seconds, Stopping threads took: 0,0000227 seconds
2017-01-04T00:05:08.301+0100: 2,685: Total time for which application threads were stopped: 0,0000847 seconds, Stopping threads took: 0,0000184 seconds
2017-01-04T00:05:08.313+0100: 2,696: Total time for which application threads were stopped: 0,0000804 seconds, Stopping threads took: 0,0000202 seconds
2017-01-04T00:05:08.331+0100: 2,714: Total time for which application threads were stopped: 0,0000789 seconds, Stopping threads took: 0,0000148 seconds
2017-01-04T00:05:08.351+0100: 2,734: Total time for which application threads were stopped: 0,0000758 seconds, Stopping threads took: 0,0000135 seconds
2017-01-04T00:05:08.385+0100: 2,768: Total time for which application threads were stopped: 0,0001133 seconds, Stopping threads took: 0,0000243 seconds
2017-01-04T00:05:08.435+0100: 2,819: Total time for which application threads were stopped: 0,0001259 seconds, Stopping threads took: 0,0000569 seconds
2017-01-04T00:05:08.459+0100: 2,842: Total time for which application threads were stopped: 0,0001101 seconds, Stopping threads took: 0,0000338 seconds
{Heap before GC invocations=2 (full 0):
 par new generation   total 109248K, used 98676K [0x00000000e0000000, 0x00000000e8000000, 0x00000000e8000000)
  eden space 87424K, 100% used [0x00000000e0000000, 0x00000000e5560000, 0x00000000e5560000)
  from space 21824K,  51% used [0x00000000e5560000, 0x00000000e605d340, 0x00000000e6ab0000)
  to   space 21824K,   0% used [0x00000000e6ab0000, 0x00000000e6ab0000, 0x00000000e8000000)
 concurrent mark-sweep generation total 393216K, used 0K [0x00000000e8000000, 0x0000000100000000, 0x0000000100000000)
 Metaspace       used 24804K, capacity 25221K, committed 25536K, reserved 1071104K
  class space    used 2896K, capacity 3025K, committed 3092K, reserved 1048576K
2017-01-04T00:05:08.468+0100: 2,852: [GC (Allocation Failure) 2017-01-04T00:05:08.468+0100: 2,852: [ParNew
Desired survivor size 20112992 bytes, new threshold 8 (max 8)
- age   1:    6678960 bytes,    6678960 total
- age   2:     547696 bytes,    7226656 total
- age   3:    6094848 bytes,   13321504 total
: 98676K->21182K(109248K), 0,0123880 secs] 98676K->21182K(502464K), 0,0124792 secs] [Times: user=0,04 sys=0,00, real=0,01 secs] 
Heap after GC invocations=3 (full 0):
 par new generation   total 109248K, used 21182K [0x00000000e0000000, 0x00000000e8000000, 0x00000000e8000000)
  eden space 87424K,   0% used [0x00000000e0000000, 0x00000000e0000000, 0x00000000e5560000)
  from space 21824K,  97% used [0x00000000e6ab0000, 0x00000000e7f5f870, 0x00000000e8000000)
  to   space 21824K,   0% used [0x00000000e5560000, 0x00000000e5560000, 0x00000000e6ab0000)
 concurrent mark-sweep generation total 393216K, used 0K [0x00000000e8000000, 0x0000000100000000, 0x0000000100000000)
 Metaspace       used 24804K, capacity 25221K, committed 25536K, reserved 1071104K
  class space    used 2896K, capacity 3025K, committed 3092K, reserved 1048576K
}
2017-01-04T00:05:08.481+0100: 2,864: Total time for which application threads were stopped: 0,0126423 seconds, Stopping threads took: 0,0000258 seconds
2017-01-04T00:05:08.481+0100: 2,864: [GC (CMS Initial Mark) [1 CMS-initial-mark: 0K(393216K)] 21182K(502464K), 0,0037263 secs] [Times: user=0,01 sys=0,00, real=0,01 secs] 
2017-01-04T00:05:08.485+0100: 2,868: Total time for which application threads were stopped: 0,0038846 seconds, Stopping threads took: 0,0000515 seconds
2017-01-04T00:05:08.485+0100: 2,868: [CMS-concurrent-mark-start]
2017-01-04T00:05:08.489+0100: 2,872: [CMS-concurrent-mark: 0,004/0,004 secs] [Times: user=0,01 sys=0,00, real=0,00 secs] 
2017-01-04T00:05:08.489+0100: 2,872: [CMS-concurrent-preclean-start]
2017-01-04T00:05:08.490+0100: 2,874: [CMS-concurrent-preclean: 0,001/0,001 secs] [Times: user=0,01 sys=0,00, real=0,00 secs] 
2017-01-04T00:05:08.491+0100: 2,874: [GC (CMS Final Remark) [YG occupancy: 22953 K (109248 K)]{Heap before GC invocations=3 (full 1):
 par new generation   total 109248K, used 22953K [0x00000000e0000000, 0x00000000e8000000, 0x00000000e8000000)
  eden space 87424K,   2% used [0x00000000e0000000, 0x00000000e01bac00, 0x00000000e5560000)
  from space 21824K,  97% used [0x00000000e6ab0000, 0x00000000e7f5f870, 0x00000000e8000000)
  to   space 21824K,   0% used [0x00000000e5560000, 0x00000000e5560000, 0x00000000e6ab0000)
 concurrent mark-sweep generation total 393216K, used 0K [0x00000000e8000000, 0x0000000100000000, 0x0000000100000000)
 Metaspace       used 24861K, capacity 25317K, committed 25536K, reserved 1071104K
  class space    used 2900K, capacity 3057K, committed 3092K, reserved 1048576K
2017-01-04T00:05:08.491+0100: 2,874: [GC (CMS Final Remark) 2017-01-04T00:05:08.491+0100: 2,874: [ParNew
Desired survivor size 20112992 bytes, new threshold 8 (max 8)
- age   1:      46288 bytes,      46288 total
- age   2:    3144800 bytes,    3191088 total
- age   3:     547600 bytes,    3738688 total
- age   4:    6092952 bytes,    9831640 total
: 22953K->12081K(109248K), 0,0103202 secs] 22953K->12081K(502464K), 0,0103698 secs] [Times: user=0,03 sys=0,00, real=0,01 secs] 
Heap after GC invocations=4 (full 1):
 par new generation   total 109248K, used 12081K [0x00000000e0000000, 0x00000000e8000000, 0x00000000e8000000)
  eden space 87424K,   0% used [0x00000000e0000000, 0x00000000e0000000, 0x00000000e5560000)
  from space 21824K,  55% used [0x00000000e5560000, 0x00000000e612c538, 0x00000000e6ab0000)
  to   space 21824K,   0% used [0x00000000e6ab0000, 0x00000000e6ab0000, 0x00000000e8000000)
 concurrent mark-sweep generation total 393216K, used 0K [0x00000000e8000000, 0x0000000100000000, 0x0000000100000000)
 Metaspace       used 24861K, capacity 25317K, committed 25536K, reserved 1071104K
  class space    used 2900K, capacity 3057K, committed 3092K, reserved 1048576K
}
2017-01-04T00:05:08.501+0100: 2,885: [Rescan (parallel) , 0,0033939 secs]2017-01-04T00:05:08.505+0100: 2,888: [weak refs processing, 0,0003839 secs]2017-01-04T00:05:08.505+0100: 2,888: [class unloading, 0,0031567 secs]2017-01-04T00:05:08.508+0100: 2,892: [scrub symbol table, 0,0032992 secs]2017-01-04T00:05:08.512+0100: 2,895: [scrub string table, 0,0003766 secs][1 CMS-remark: 0K(393216K)] 12081K(502464K), 0,0216404 secs] [Times: user=0,06 sys=0,00, real=0,02 secs] 
2017-01-04T00:05:08.513+0100: 2,896: Total time for which application threads were stopped: 0,0220101 seconds, Stopping threads took: 0,0002980 seconds
2017-01-04T00:05:08.513+0100: 2,896: [CMS-concurrent-sweep-start]
2017-01-04T00:05:08.513+0100: 2,896: [CMS-concurrent-sweep: 0,000/0,000 secs] [Times: user=0,00 sys=0,00, real=0,00 secs] 
2017-01-04T00:05:08.513+0100: 2,896: [CMS-concurrent-reset-start]
2017-01-04T00:05:08.515+0100: 2,898: [CMS-concurrent-reset: 0,002/0,002 secs] [Times: user=0,00 sys=0,00, real=0,00 secs] 
2017-01-04T00:05:09.513+0100: 3,896: Total time for which application threads were stopped: 0,0000972 seconds, Stopping threads took: 0,0000165 seconds
2017-01-04T00:05:09.664+0100: 4,048: Total time for which application threads were stopped: 0,0002591 seconds, Stopping threads took: 0,0000149 seconds
2017-01-04T00:05:37.667+0100: 32,050: Total time for which application threads were stopped: 0,0000557 seconds, Stopping threads took: 0,0000161 seconds
2017-01-04T00:07:47.682+0100: 162,065: Total time for which application threads were stopped: 0,0000733 seconds, Stopping threads took: 0,0000319 seconds
2017-01-04T00:07:52.683+0100: 167,066: Total time for which application threads were stopped: 0,0000626 seconds, Stopping threads took: 0,0000157 seconds
2017-01-04T00:08:47.690+0100: 222,073: Total time for which application threads were stopped: 0,0000738 seconds, Stopping threads took: 0,0000316 seconds
2017-01-04T00:09:52.696+0100: 287,079: Total time for which application threads were stopped: 0,0001174 seconds, Stopping threads took: 0,0000446 seconds
2017-01-04T00:28:46.847+0100: 1421,230: Total time for which application threads were stopped: 0,0001503 seconds, Stopping threads took: 0,0000566 seconds
2017-01-04T00:32:32.883+0100: 1647,267: Total time for which application threads were stopped: 0,0000786 seconds, Stopping threads took: 0,0000336 seconds
2017-01-04T00:33:16.891+0100: 1691,274: Total time for which application threads were stopped: 0,0000742 seconds, Stopping threads took: 0,0000299 seconds
2017-01-04T00:39:41.946+0100: 2076,329: Total time for which application threads were stopped: 0,0001042 seconds, Stopping threads took: 0,0000452 seconds
2017-01-04T00:43:11.975+0100: 2286,358: Total time for which application threads were stopped: 0,0001572 seconds, Stopping threads took: 0,0000637 seconds
2017-01-04T00:44:01.982+0100: 2336,366: Total time for which application threads were stopped: 0,0000784 seconds, Stopping threads took: 0,0000303 seconds
2017-01-04T00:44:12.984+0100: 2347,368: Total time for which application threads were stopped: 0,0001453 seconds, Stopping threads took: 0,0000536 seconds
2017-01-04T00:44:16.985+0100: 2351,368: Total time for which application threads were stopped: 0,0000587 seconds, Stopping threads took: 0,0000145 seconds
2017-01-04T00:44:17.985+0100: 2352,369: Total time for which application threads were stopped: 0,0000582 seconds, Stopping threads took: 0,0000149 seconds
2017-01-04T00:47:37.015+0100: 2551,398: Total time for which application threads were stopped: 0,0000794 seconds, Stopping threads took: 0,0000312 seconds
2017-01-04T00:52:02.880+0100: 2817,263: Total time for which application threads were stopped: 0,0006561 seconds, Stopping threads took: 0,0000305 seconds
Heap
 par new generation   total 109248K, used 57043K [0x00000000e0000000, 0x00000000e8000000, 0x00000000e8000000)
  eden space 87424K,  51% used [0x00000000e0000000, 0x00000000e2be8770, 0x00000000e5560000)
  from space 21824K,  55% used [0x00000000e5560000, 0x00000000e612c538, 0x00000000e6ab0000)
  to   space 21824K,   0% used [0x00000000e6ab0000, 0x00000000e6ab0000, 0x00000000e8000000)
 concurrent mark-sweep generation total 393216K, used 0K [0x00000000e8000000, 0x0000000100000000, 0x0000000100000000)
 Metaspace       used 27225K, capacity 27661K, committed 27924K, reserved 1073152K
  class space    used 3167K, capacity 3321K, committed 3348K, reserved 1048576K
