OpenJDK 64-Bit Server VM (25.131-b11) for linux-amd64 JRE (1.8.0_131-8u131-b11-0ubuntu1.16.04.2-b11), built on May  6 2017 02:45:27 by "buildd" with gcc 5.4.0 20160609
Memory: 4k page, physical 7867740k(7471540k free), swap 8076284k(8076284k free)
CommandLine flags: -XX:CMSInitiatingOccupancyFraction=50 -XX:CMSMaxAbortablePrecleanTime=6000 -XX:+CMSParallelRemarkEnabled -XX:+CMSScavengeBeforeRemark -XX:ConcGCThreads=4 -XX:InitialHeapSize=536870912 -XX:MaxHeapSize=536870912 -XX:MaxTenuringThreshold=8 -XX:NewRatio=3 -XX:OldPLABSize=16 -XX:OnOutOfMemoryError=/opt/solr/bin/oom_solr.sh 8983 /var/solr/logs -XX:ParallelGCThreads=4 -XX:+ParallelRefProcEnabled -XX:PretenureSizeThreshold=67108864 -XX:+PrintGC -XX:+PrintGCApplicationStoppedTime -XX:+PrintGCDateStamps -XX:+PrintGCDetails -XX:+PrintGCTimeStamps -XX:+PrintHeapAtGC -XX:+PrintTenuringDistribution -XX:SurvivorRatio=4 -XX:TargetSurvivorRatio=90 -XX:ThreadStackSize=256 -XX:+UseCMSInitiatingOccupancyOnly -XX:+UseCompressedClassPointers -XX:+UseCompressedOops -XX:+UseConcMarkSweepGC -XX:+UseParNewGC 
2017-06-30T07:46:32.797+0200: 0,198: Total time for which application threads were stopped: 0,0000691 seconds, Stopping threads took: 0,0000122 seconds
2017-06-30T07:46:32.907+0200: 0,308: Total time for which application threads were stopped: 0,0001166 seconds, Stopping threads took: 0,0000152 seconds
2017-06-30T07:46:32.925+0200: 0,327: Total time for which application threads were stopped: 0,0000880 seconds, Stopping threads took: 0,0000167 seconds
2017-06-30T07:46:33.224+0200: 0,626: Total time for which application threads were stopped: 0,0001647 seconds, Stopping threads took: 0,0000255 seconds
2017-06-30T07:46:33.697+0200: 1,099: Total time for which application threads were stopped: 0,0001469 seconds, Stopping threads took: 0,0000160 seconds
2017-06-30T07:46:33.811+0200: 1,212: Total time for which application threads were stopped: 0,0001705 seconds, Stopping threads took: 0,0000235 seconds
2017-06-30T07:46:33.858+0200: 1,260: Total time for which application threads were stopped: 0,0106269 seconds, Stopping threads took: 0,0102986 seconds
2017-06-30T07:46:34.254+0200: 1,656: Total time for which application threads were stopped: 0,0002271 seconds, Stopping threads took: 0,0000352 seconds
2017-06-30T07:46:34.495+0200: 1,896: Total time for which application threads were stopped: 0,0002574 seconds, Stopping threads took: 0,0000188 seconds
2017-06-30T07:46:34.517+0200: 1,919: Total time for which application threads were stopped: 0,0001672 seconds, Stopping threads took: 0,0000204 seconds
2017-06-30T07:46:34.552+0200: 1,953: Total time for which application threads were stopped: 0,0002796 seconds, Stopping threads took: 0,0000359 seconds
2017-06-30T07:46:34.553+0200: 1,954: Total time for which application threads were stopped: 0,0001978 seconds, Stopping threads took: 0,0000251 seconds
2017-06-30T07:46:34.567+0200: 1,969: Total time for which application threads were stopped: 0,0001768 seconds, Stopping threads took: 0,0000161 seconds
2017-06-30T07:46:34.653+0200: 2,054: Total time for which application threads were stopped: 0,0002018 seconds, Stopping threads took: 0,0000177 seconds
2017-06-30T07:46:34.819+0200: 2,221: Total time for which application threads were stopped: 0,0002889 seconds, Stopping threads took: 0,0000730 seconds
{Heap before GC invocations=0 (full 0):
 par new generation   total 109248K, used 87424K [0x00000000e0000000, 0x00000000e8000000, 0x00000000e8000000)
  eden space 87424K, 100% used [0x00000000e0000000, 0x00000000e5560000, 0x00000000e5560000)
  from space 21824K,   0% used [0x00000000e5560000, 0x00000000e5560000, 0x00000000e6ab0000)
  to   space 21824K,   0% used [0x00000000e6ab0000, 0x00000000e6ab0000, 0x00000000e8000000)
 concurrent mark-sweep generation total 393216K, used 0K [0x00000000e8000000, 0x0000000100000000, 0x0000000100000000)
 Metaspace       used 17824K, capacity 18176K, committed 18304K, reserved 1064960K
  class space    used 2024K, capacity 2164K, committed 2176K, reserved 1048576K
2017-06-30T07:46:34.858+0200: 2,259: [GC (Allocation Failure) 2017-06-30T07:46:34.858+0200: 2,259: [ParNew
Desired survivor size 20112992 bytes, new threshold 8 (max 8)
- age   1:   11634072 bytes,   11634072 total
: 87424K->11470K(109248K), 0,0145006 secs] 87424K->11470K(502464K), 0,0145782 secs] [Times: user=0,04 sys=0,02, real=0,01 secs] 
Heap after GC invocations=1 (full 0):
 par new generation   total 109248K, used 11470K [0x00000000e0000000, 0x00000000e8000000, 0x00000000e8000000)
  eden space 87424K,   0% used [0x00000000e0000000, 0x00000000e0000000, 0x00000000e5560000)
  from space 21824K,  52% used [0x00000000e6ab0000, 0x00000000e75e38c0, 0x00000000e8000000)
  to   space 21824K,   0% used [0x00000000e5560000, 0x00000000e5560000, 0x00000000e6ab0000)
 concurrent mark-sweep generation total 393216K, used 0K [0x00000000e8000000, 0x0000000100000000, 0x0000000100000000)
 Metaspace       used 17824K, capacity 18176K, committed 18304K, reserved 1064960K
  class space    used 2024K, capacity 2164K, committed 2176K, reserved 1048576K
}
2017-06-30T07:46:34.873+0200: 2,274: Total time for which application threads were stopped: 0,0165879 seconds, Stopping threads took: 0,0018566 seconds
2017-06-30T07:46:35.298+0200: 2,699: Total time for which application threads were stopped: 0,0003516 seconds, Stopping threads took: 0,0000722 seconds
{Heap before GC invocations=1 (full 0):
 par new generation   total 109248K, used 98894K [0x00000000e0000000, 0x00000000e8000000, 0x00000000e8000000)
  eden space 87424K, 100% used [0x00000000e0000000, 0x00000000e5560000, 0x00000000e5560000)
  from space 21824K,  52% used [0x00000000e6ab0000, 0x00000000e75e38c0, 0x00000000e8000000)
  to   space 21824K,   0% used [0x00000000e5560000, 0x00000000e5560000, 0x00000000e6ab0000)
 concurrent mark-sweep generation total 393216K, used 0K [0x00000000e8000000, 0x0000000100000000, 0x0000000100000000)
 Metaspace       used 20032K, capacity 20368K, committed 20736K, reserved 1067008K
  class space    used 2295K, capacity 2472K, committed 2560K, reserved 1048576K
2017-06-30T07:46:35.329+0200: 2,730: [GC (Allocation Failure) 2017-06-30T07:46:35.329+0200: 2,730: [ParNew
Desired survivor size 20112992 bytes, new threshold 8 (max 8)
- age   1:    4302696 bytes,    4302696 total
- age   2:    6197504 bytes,   10500200 total
: 98894K->12829K(109248K), 0,0114678 secs] 98894K->12829K(502464K), 0,0115363 secs] [Times: user=0,04 sys=0,01, real=0,01 secs] 
Heap after GC invocations=2 (full 0):
 par new generation   total 109248K, used 12829K [0x00000000e0000000, 0x00000000e8000000, 0x00000000e8000000)
  eden space 87424K,   0% used [0x00000000e0000000, 0x00000000e0000000, 0x00000000e5560000)
  from space 21824K,  58% used [0x00000000e5560000, 0x00000000e61e7650, 0x00000000e6ab0000)
  to   space 21824K,   0% used [0x00000000e6ab0000, 0x00000000e6ab0000, 0x00000000e8000000)
 concurrent mark-sweep generation total 393216K, used 0K [0x00000000e8000000, 0x0000000100000000, 0x0000000100000000)
 Metaspace       used 20032K, capacity 20368K, committed 20736K, reserved 1067008K
  class space    used 2295K, capacity 2472K, committed 2560K, reserved 1048576K
}
2017-06-30T07:46:35.341+0200: 2,742: Total time for which application threads were stopped: 0,0117362 seconds, Stopping threads took: 0,0000629 seconds
2017-06-30T07:46:35.348+0200: 2,749: Total time for which application threads were stopped: 0,0002934 seconds, Stopping threads took: 0,0000415 seconds
2017-06-30T07:46:35.396+0200: 2,797: Total time for which application threads were stopped: 0,0003163 seconds, Stopping threads took: 0,0000453 seconds
2017-06-30T07:46:35.526+0200: 2,927: Total time for which application threads were stopped: 0,0001557 seconds, Stopping threads took: 0,0000240 seconds
{Heap before GC invocations=2 (full 0):
 par new generation   total 109248K, used 100253K [0x00000000e0000000, 0x00000000e8000000, 0x00000000e8000000)
  eden space 87424K, 100% used [0x00000000e0000000, 0x00000000e5560000, 0x00000000e5560000)
  from space 21824K,  58% used [0x00000000e5560000, 0x00000000e61e7650, 0x00000000e6ab0000)
  to   space 21824K,   0% used [0x00000000e6ab0000, 0x00000000e6ab0000, 0x00000000e8000000)
 concurrent mark-sweep generation total 393216K, used 0K [0x00000000e8000000, 0x0000000100000000, 0x0000000100000000)
 Metaspace       used 20963K, capacity 21290K, committed 21628K, reserved 1069056K
  class space    used 2417K, capacity 2591K, committed 2684K, reserved 1048576K
2017-06-30T07:46:35.562+0200: 2,963: [GC (Allocation Failure) 2017-06-30T07:46:35.562+0200: 2,963: [ParNew
Desired survivor size 20112992 bytes, new threshold 8 (max 8)
- age   1:    2071104 bytes,    2071104 total
- age   2:    1291344 bytes,    3362448 total
- age   3:    6195224 bytes,    9557672 total
: 100253K->16665K(109248K), 0,0184491 secs] 100253K->16665K(502464K), 0,0185327 secs] [Times: user=0,07 sys=0,00, real=0,02 secs] 
Heap after GC invocations=3 (full 0):
 par new generation   total 109248K, used 16665K [0x00000000e0000000, 0x00000000e8000000, 0x00000000e8000000)
  eden space 87424K,   0% used [0x00000000e0000000, 0x00000000e0000000, 0x00000000e5560000)
  from space 21824K,  76% used [0x00000000e6ab0000, 0x00000000e7af65e0, 0x00000000e8000000)
  to   space 21824K,   0% used [0x00000000e5560000, 0x00000000e5560000, 0x00000000e6ab0000)
 concurrent mark-sweep generation total 393216K, used 0K [0x00000000e8000000, 0x0000000100000000, 0x0000000100000000)
 Metaspace       used 20963K, capacity 21290K, committed 21628K, reserved 1069056K
  class space    used 2417K, capacity 2591K, committed 2684K, reserved 1048576K
}
2017-06-30T07:46:35.581+0200: 2,982: Total time for which application threads were stopped: 0,0195599 seconds, Stopping threads took: 0,0008648 seconds
2017-06-30T07:46:35.581+0200: 2,982: [GC (CMS Initial Mark) [1 CMS-initial-mark: 0K(393216K)] 17367K(502464K), 0,0061765 secs] [Times: user=0,03 sys=0,00, real=0,01 secs] 
2017-06-30T07:46:35.587+0200: 2,988: Total time for which application threads were stopped: 0,0063631 seconds, Stopping threads took: 0,0000528 seconds
2017-06-30T07:46:35.587+0200: 2,988: [CMS-concurrent-mark-start]
2017-06-30T07:46:35.589+0200: 2,990: [CMS-concurrent-mark: 0,002/0,002 secs] [Times: user=0,00 sys=0,00, real=0,00 secs] 
2017-06-30T07:46:35.589+0200: 2,990: [CMS-concurrent-preclean-start]
2017-06-30T07:46:35.590+0200: 2,991: [CMS-concurrent-preclean: 0,001/0,001 secs] [Times: user=0,01 sys=0,00, real=0,00 secs] 
2017-06-30T07:46:35.590+0200: 2,991: [CMS-concurrent-abortable-preclean-start]
2017-06-30T07:46:35.656+0200: 3,058: Total time for which application threads were stopped: 0,0001438 seconds, Stopping threads took: 0,0000492 seconds
{Heap before GC invocations=3 (full 1):
 par new generation   total 109248K, used 104077K [0x00000000e0000000, 0x00000000e8000000, 0x00000000e8000000)
  eden space 87424K,  99% used [0x00000000e0000000, 0x00000000e555d0e8, 0x00000000e5560000)
  from space 21824K,  76% used [0x00000000e6ab0000, 0x00000000e7af65e0, 0x00000000e8000000)
  to   space 21824K,   0% used [0x00000000e5560000, 0x00000000e5560000, 0x00000000e6ab0000)
 concurrent mark-sweep generation total 393216K, used 0K [0x00000000e8000000, 0x0000000100000000, 0x0000000100000000)
 Metaspace       used 21236K, capacity 21620K, committed 21884K, reserved 1069056K
  class space    used 2446K, capacity 2605K, committed 2684K, reserved 1048576K
2017-06-30T07:46:35.690+0200: 3,091: [GC (Allocation Failure) 2017-06-30T07:46:35.690+0200: 3,091: [ParNew
Desired survivor size 20112992 bytes, new threshold 8 (max 8)
- age   1:    1370024 bytes,    1370024 total
- age   2:    1478336 bytes,    2848360 total
- age   3:    1254552 bytes,    4102912 total
- age   4:    6195280 bytes,   10298192 total
: 104077K->11785K(109248K), 0,0104562 secs] 104077K->11785K(502464K), 0,0105262 secs] [Times: user=0,04 sys=0,00, real=0,01 secs] 
Heap after GC invocations=4 (full 1):
 par new generation   total 109248K, used 11785K [0x00000000e0000000, 0x00000000e8000000, 0x00000000e8000000)
  eden space 87424K,   0% used [0x00000000e0000000, 0x00000000e0000000, 0x00000000e5560000)
  from space 21824K,  54% used [0x00000000e5560000, 0x00000000e60e25e0, 0x00000000e6ab0000)
  to   space 21824K,   0% used [0x00000000e6ab0000, 0x00000000e6ab0000, 0x00000000e8000000)
 concurrent mark-sweep generation total 393216K, used 0K [0x00000000e8000000, 0x0000000100000000, 0x0000000100000000)
 Metaspace       used 21236K, capacity 21620K, committed 21884K, reserved 1069056K
  class space    used 2446K, capacity 2605K, committed 2684K, reserved 1048576K
}
2017-06-30T07:46:35.701+0200: 3,102: Total time for which application threads were stopped: 0,0111751 seconds, Stopping threads took: 0,0004995 seconds
2017-06-30T07:46:35.701+0200: 3,102: [CMS-concurrent-abortable-preclean: 0,067/0,110 secs] [Times: user=0,42 sys=0,00, real=0,11 secs] 
2017-06-30T07:46:35.722+0200: 3,124: [GC (CMS Final Remark) [YG occupancy: 27110 K (109248 K)]{Heap before GC invocations=4 (full 1):
 par new generation   total 109248K, used 27110K [0x00000000e0000000, 0x00000000e8000000, 0x00000000e8000000)
  eden space 87424K,  17% used [0x00000000e0000000, 0x00000000e0ef7340, 0x00000000e5560000)
  from space 21824K,  54% used [0x00000000e5560000, 0x00000000e60e25e0, 0x00000000e6ab0000)
  to   space 21824K,   0% used [0x00000000e6ab0000, 0x00000000e6ab0000, 0x00000000e8000000)
 concurrent mark-sweep generation total 393216K, used 0K [0x00000000e8000000, 0x0000000100000000, 0x0000000100000000)
 Metaspace       used 21261K, capacity 21624K, committed 21884K, reserved 1069056K
  class space    used 2450K, capacity 2605K, committed 2684K, reserved 1048576K
2017-06-30T07:46:35.722+0200: 3,124: [GC (CMS Final Remark) 2017-06-30T07:46:35.722+0200: 3,124: [ParNew
Desired survivor size 20112992 bytes, new threshold 8 (max 8)
- age   1:     294920 bytes,     294920 total
- age   2:     202776 bytes,     497696 total
- age   3:    1478336 bytes,    1976032 total
- age   4:    1254488 bytes,    3230520 total
- age   5:    6195296 bytes,    9425816 total
: 27110K->13081K(109248K), 0,0167462 secs] 27110K->13081K(502464K), 0,0167899 secs] [Times: user=0,05 sys=0,00, real=0,02 secs] 
Heap after GC invocations=5 (full 1):
 par new generation   total 109248K, used 13081K [0x00000000e0000000, 0x00000000e8000000, 0x00000000e8000000)
  eden space 87424K,   0% used [0x00000000e0000000, 0x00000000e0000000, 0x00000000e5560000)
  from space 21824K,  59% used [0x00000000e6ab0000, 0x00000000e77766f0, 0x00000000e8000000)
  to   space 21824K,   0% used [0x00000000e5560000, 0x00000000e5560000, 0x00000000e6ab0000)
 concurrent mark-sweep generation total 393216K, used 0K [0x00000000e8000000, 0x0000000100000000, 0x0000000100000000)
 Metaspace       used 21261K, capacity 21624K, committed 21884K, reserved 1069056K
  class space    used 2450K, capacity 2605K, committed 2684K, reserved 1048576K
}
2017-06-30T07:46:35.739+0200: 3,140: [Rescan (parallel) , 0,0033558 secs]2017-06-30T07:46:35.743+0200: 3,144: [weak refs processing, 0,0007266 secs]2017-06-30T07:46:35.743+0200: 3,145: [class unloading, 0,0033211 secs]2017-06-30T07:46:35.747+0200: 3,148: [scrub symbol table, 0,0037004 secs]2017-06-30T07:46:35.750+0200: 3,152: [scrub string table, 0,0004692 secs][1 CMS-remark: 0K(393216K)] 13081K(502464K), 0,0293020 secs] [Times: user=0,07 sys=0,00, real=0,03 secs] 
2017-06-30T07:46:35.752+0200: 3,153: Total time for which application threads were stopped: 0,0294876 seconds, Stopping threads took: 0,0000717 seconds
2017-06-30T07:46:35.752+0200: 3,153: [CMS-concurrent-sweep-start]
2017-06-30T07:46:35.752+0200: 3,153: [CMS-concurrent-sweep: 0,000/0,000 secs] [Times: user=0,00 sys=0,00, real=0,00 secs] 
2017-06-30T07:46:35.752+0200: 3,153: [CMS-concurrent-reset-start]
2017-06-30T07:46:35.754+0200: 3,155: [CMS-concurrent-reset: 0,002/0,002 secs] [Times: user=0,00 sys=0,01, real=0,00 secs] 
{Heap before GC invocations=5 (full 1):
 par new generation   total 109248K, used 100505K [0x00000000e0000000, 0x00000000e8000000, 0x00000000e8000000)
  eden space 87424K, 100% used [0x00000000e0000000, 0x00000000e5560000, 0x00000000e5560000)
  from space 21824K,  59% used [0x00000000e6ab0000, 0x00000000e77766f0, 0x00000000e8000000)
  to   space 21824K,   0% used [0x00000000e5560000, 0x00000000e5560000, 0x00000000e6ab0000)
 concurrent mark-sweep generation total 393216K, used 0K [0x00000000e8000000, 0x0000000100000000, 0x0000000100000000)
 Metaspace       used 21460K, capacity 21860K, committed 22140K, reserved 1069056K
  class space    used 2477K, capacity 2639K, committed 2684K, reserved 1048576K
2017-06-30T07:46:35.830+0200: 3,231: [GC (Allocation Failure) 2017-06-30T07:46:35.830+0200: 3,231: [ParNew
Desired survivor size 20112992 bytes, new threshold 8 (max 8)
- age   1:     503176 bytes,     503176 total
- age   2:      21096 bytes,     524272 total
- age   3:     183616 bytes,     707888 total
- age   4:    1476648 bytes,    2184536 total
- age   5:    1254440 bytes,    3438976 total
- age   6:    6195312 bytes,    9634288 total
: 100505K->11264K(109248K), 0,0093606 secs] 100505K->11264K(502464K), 0,0094317 secs] [Times: user=0,04 sys=0,00, real=0,01 secs] 
Heap after GC invocations=6 (full 1):
 par new generation   total 109248K, used 11264K [0x00000000e0000000, 0x00000000e8000000, 0x00000000e8000000)
  eden space 87424K,   0% used [0x00000000e0000000, 0x00000000e0000000, 0x00000000e5560000)
  from space 21824K,  51% used [0x00000000e5560000, 0x00000000e60600c0, 0x00000000e6ab0000)
  to   space 21824K,   0% used [0x00000000e6ab0000, 0x00000000e6ab0000, 0x00000000e8000000)
 concurrent mark-sweep generation total 393216K, used 0K [0x00000000e8000000, 0x0000000100000000, 0x0000000100000000)
 Metaspace       used 21460K, capacity 21860K, committed 22140K, reserved 1069056K
  class space    used 2477K, capacity 2639K, committed 2684K, reserved 1048576K
}
2017-06-30T07:46:35.839+0200: 3,241: Total time for which application threads were stopped: 0,0096552 seconds, Stopping threads took: 0,0000886 seconds
2017-06-30T07:46:35.860+0200: 3,261: Total time for which application threads were stopped: 0,0003056 seconds, Stopping threads took: 0,0000153 seconds
2017-06-30T07:46:36.079+0200: 3,480: Total time for which application threads were stopped: 0,0014028 seconds, Stopping threads took: 0,0009123 seconds
2017-06-30T07:46:36.094+0200: 3,495: Total time for which application threads were stopped: 0,0003615 seconds, Stopping threads took: 0,0000388 seconds
2017-06-30T07:46:36.270+0200: 3,672: Total time for which application threads were stopped: 0,0002328 seconds, Stopping threads took: 0,0000811 seconds
{Heap before GC invocations=6 (full 1):
 par new generation   total 109248K, used 98720K [0x00000000e0000000, 0x00000000e8000000, 0x00000000e8000000)
  eden space 87424K, 100% used [0x00000000e0000000, 0x00000000e5560000, 0x00000000e5560000)
  from space 21824K,  51% used [0x00000000e5560000, 0x00000000e60680d0, 0x00000000e6ab0000)
  to   space 21824K,   0% used [0x00000000e6ab0000, 0x00000000e6ab0000, 0x00000000e8000000)
 concurrent mark-sweep generation total 393216K, used 0K [0x00000000e8000000, 0x0000000100000000, 0x0000000100000000)
 Metaspace       used 23931K, capacity 24388K, committed 24572K, reserved 1071104K
  class space    used 2823K, capacity 3013K, committed 3068K, reserved 1048576K
2017-06-30T07:46:36.271+0200: 3,672: [GC (Allocation Failure) 2017-06-30T07:46:36.271+0200: 3,672: [ParNew
Desired survivor size 20112992 bytes, new threshold 8 (max 8)
- age   1:    5215472 bytes,    5215472 total
- age   2:     181608 bytes,    5397080 total
- age   3:      21064 bytes,    5418144 total
- age   4:     182976 bytes,    5601120 total
- age   5:     308552 bytes,    5909672 total
- age   6:    1230048 bytes,    7139720 total
- age   7:    6186944 bytes,   13326664 total
: 98720K->16928K(109248K), 0,0186921 secs] 98720K->16928K(502464K), 0,0187535 secs] [Times: user=0,06 sys=0,00, real=0,02 secs] 
Heap after GC invocations=7 (full 1):
 par new generation   total 109248K, used 16928K [0x00000000e0000000, 0x00000000e8000000, 0x00000000e8000000)
  eden space 87424K,   0% used [0x00000000e0000000, 0x00000000e0000000, 0x00000000e5560000)
  from space 21824K,  77% used [0x00000000e6ab0000, 0x00000000e7b38280, 0x00000000e8000000)
  to   space 21824K,   0% used [0x00000000e5560000, 0x00000000e5560000, 0x00000000e6ab0000)
 concurrent mark-sweep generation total 393216K, used 0K [0x00000000e8000000, 0x0000000100000000, 0x0000000100000000)
 Metaspace       used 23931K, capacity 24388K, committed 24572K, reserved 1071104K
  class space    used 2823K, capacity 3013K, committed 3068K, reserved 1048576K
}
2017-06-30T07:46:36.290+0200: 3,691: Total time for which application threads were stopped: 0,0189367 seconds, Stopping threads took: 0,0000459 seconds
{Heap before GC invocations=7 (full 1):
 par new generation   total 109248K, used 30608K [0x00000000e0000000, 0x00000000e8000000, 0x00000000e8000000)
  eden space 87424K,  15% used [0x00000000e0000000, 0x00000000e0d5be00, 0x00000000e5560000)
  from space 21824K,  77% used [0x00000000e6ab0000, 0x00000000e7b38280, 0x00000000e8000000)
  to   space 21824K,   0% used [0x00000000e5560000, 0x00000000e5560000, 0x00000000e6ab0000)
 concurrent mark-sweep generation total 393216K, used 0K [0x00000000e8000000, 0x0000000100000000, 0x0000000100000000)
 Metaspace       used 23931K, capacity 24388K, committed 24572K, reserved 1071104K
  class space    used 2823K, capacity 3013K, committed 3068K, reserved 1048576K
2017-06-30T07:46:36.302+0200: 3,703: [GC (GCLocker Initiated GC) 2017-06-30T07:46:36.302+0200: 3,703: [ParNew
Desired survivor size 20112992 bytes, new threshold 8 (max 8)
- age   1:     288800 bytes,     288800 total
- age   2:    1793624 bytes,    2082424 total
- age   3:      89720 bytes,    2172144 total
- age   4:      13536 bytes,    2185680 total
- age   5:      95120 bytes,    2280800 total
- age   6:     204952 bytes,    2485752 total
- age   7:     932528 bytes,    3418280 total
- age   8:    5917800 bytes,    9336080 total
: 30608K->13992K(109248K), 0,0088920 secs] 30608K->13992K(502464K), 0,0089620 secs] [Times: user=0,03 sys=0,00, real=0,01 secs] 
Heap after GC invocations=8 (full 1):
 par new generation   total 109248K, used 13992K [0x00000000e0000000, 0x00000000e8000000, 0x00000000e8000000)
  eden space 87424K,   0% used [0x00000000e0000000, 0x00000000e0000000, 0x00000000e5560000)
  from space 21824K,  64% used [0x00000000e5560000, 0x00000000e630a380, 0x00000000e6ab0000)
  to   space 21824K,   0% used [0x00000000e6ab0000, 0x00000000e6ab0000, 0x00000000e8000000)
 concurrent mark-sweep generation total 393216K, used 0K [0x00000000e8000000, 0x0000000100000000, 0x0000000100000000)
 Metaspace       used 23931K, capacity 24388K, committed 24572K, reserved 1071104K
  class space    used 2823K, capacity 3013K, committed 3068K, reserved 1048576K
}
2017-06-30T07:46:36.311+0200: 3,712: Total time for which application threads were stopped: 0,0121554 seconds, Stopping threads took: 0,0030586 seconds
{Heap before GC invocations=8 (full 1):
 par new generation   total 109248K, used 101416K [0x00000000e0000000, 0x00000000e8000000, 0x00000000e8000000)
  eden space 87424K, 100% used [0x00000000e0000000, 0x00000000e5560000, 0x00000000e5560000)
  from space 21824K,  64% used [0x00000000e5560000, 0x00000000e630a380, 0x00000000e6ab0000)
  to   space 21824K,   0% used [0x00000000e6ab0000, 0x00000000e6ab0000, 0x00000000e8000000)
 concurrent mark-sweep generation total 393216K, used 0K [0x00000000e8000000, 0x0000000100000000, 0x0000000100000000)
 Metaspace       used 24255K, capacity 24762K, committed 24828K, reserved 1071104K
  class space    used 2848K, capacity 3049K, committed 3068K, reserved 1048576K
2017-06-30T07:46:36.382+0200: 3,783: [GC (Allocation Failure) 2017-06-30T07:46:36.382+0200: 3,783: [ParNew
Desired survivor size 20112992 bytes, new threshold 8 (max 8)
- age   1:    1648832 bytes,    1648832 total
- age   2:      16432 bytes,    1665264 total
- age   3:    1768792 bytes,    3434056 total
- age   4:      89720 bytes,    3523776 total
- age   5:      13536 bytes,    3537312 total
- age   6:      94912 bytes,    3632224 total
- age   7:     204952 bytes,    3837176 total
- age   8:     932528 bytes,    4769704 total
: 101416K->8056K(109248K), 0,0491980 secs] 101416K->13918K(502464K), 0,0492622 secs] [Times: user=0,10 sys=0,00, real=0,05 secs] 
Heap after GC invocations=9 (full 1):
 par new generation   total 109248K, used 8056K [0x00000000e0000000, 0x00000000e8000000, 0x00000000e8000000)
  eden space 87424K,   0% used [0x00000000e0000000, 0x00000000e0000000, 0x00000000e5560000)
  from space 21824K,  36% used [0x00000000e6ab0000, 0x00000000e728e340, 0x00000000e8000000)
  to   space 21824K,   0% used [0x00000000e5560000, 0x00000000e5560000, 0x00000000e6ab0000)
 concurrent mark-sweep generation total 393216K, used 5861K [0x00000000e8000000, 0x0000000100000000, 0x0000000100000000)
 Metaspace       used 24255K, capacity 24762K, committed 24828K, reserved 1071104K
  class space    used 2848K, capacity 3049K, committed 3068K, reserved 1048576K
}
2017-06-30T07:46:36.431+0200: 3,833: Total time for which application threads were stopped: 0,0506848 seconds, Stopping threads took: 0,0012458 seconds
{Heap before GC invocations=9 (full 1):
 par new generation   total 109248K, used 95480K [0x00000000e0000000, 0x00000000e8000000, 0x00000000e8000000)
  eden space 87424K, 100% used [0x00000000e0000000, 0x00000000e5560000, 0x00000000e5560000)
  from space 21824K,  36% used [0x00000000e6ab0000, 0x00000000e728e340, 0x00000000e8000000)
  to   space 21824K,   0% used [0x00000000e5560000, 0x00000000e5560000, 0x00000000e6ab0000)
 concurrent mark-sweep generation total 393216K, used 5861K [0x00000000e8000000, 0x0000000100000000, 0x0000000100000000)
 Metaspace       used 24634K, capacity 25124K, committed 25468K, reserved 1071104K
  class space    used 2880K, capacity 3083K, committed 3196K, reserved 1048576K
2017-06-30T07:46:36.562+0200: 3,963: [GC (Allocation Failure) 2017-06-30T07:46:36.562+0200: 3,963: [ParNew
Desired survivor size 20112992 bytes, new threshold 8 (max 8)
- age   1:     975448 bytes,     975448 total
- age   2:     170992 bytes,    1146440 total
- age   3:      16432 bytes,    1162872 total
- age   4:    1766904 bytes,    2929776 total
- age   5:      89688 bytes,    3019464 total
- age   6:      13536 bytes,    3033000 total
- age   7:      94816 bytes,    3127816 total
- age   8:     202184 bytes,    3330000 total
: 95480K->4343K(109248K), 0,0160131 secs] 101342K->11127K(502464K), 0,0160951 secs] [Times: user=0,05 sys=0,00, real=0,02 secs] 
Heap after GC invocations=10 (full 1):
 par new generation   total 109248K, used 4343K [0x00000000e0000000, 0x00000000e8000000, 0x00000000e8000000)
  eden space 87424K,   0% used [0x00000000e0000000, 0x00000000e0000000, 0x00000000e5560000)
  from space 21824K,  19% used [0x00000000e5560000, 0x00000000e599dcc0, 0x00000000e6ab0000)
  to   space 21824K,   0% used [0x00000000e6ab0000, 0x00000000e6ab0000, 0x00000000e8000000)
 concurrent mark-sweep generation total 393216K, used 6784K [0x00000000e8000000, 0x0000000100000000, 0x0000000100000000)
 Metaspace       used 24634K, capacity 25124K, committed 25468K, reserved 1071104K
  class space    used 2880K, capacity 3083K, committed 3196K, reserved 1048576K
}
2017-06-30T07:46:36.578+0200: 3,979: Total time for which application threads were stopped: 0,0163511 seconds, Stopping threads took: 0,0000428 seconds
2017-06-30T07:46:36.661+0200: 4,062: Total time for which application threads were stopped: 0,0067810 seconds, Stopping threads took: 0,0064027 seconds
2017-06-30T07:46:36.679+0200: 4,080: Total time for which application threads were stopped: 0,0001548 seconds, Stopping threads took: 0,0000583 seconds
2017-06-30T07:46:36.688+0200: 4,089: Total time for which application threads were stopped: 0,0001431 seconds, Stopping threads took: 0,0000591 seconds
2017-06-30T07:46:36.688+0200: 4,090: Total time for which application threads were stopped: 0,0000554 seconds, Stopping threads took: 0,0000144 seconds
2017-06-30T07:46:36.689+0200: 4,090: Total time for which application threads were stopped: 0,0000855 seconds, Stopping threads took: 0,0000344 seconds
2017-06-30T07:46:36.689+0200: 4,090: Total time for which application threads were stopped: 0,0001618 seconds, Stopping threads took: 0,0001188 seconds
2017-06-30T07:46:36.689+0200: 4,090: Total time for which application threads were stopped: 0,0001781 seconds, Stopping threads took: 0,0001364 seconds
2017-06-30T07:46:36.690+0200: 4,091: Total time for which application threads were stopped: 0,0002139 seconds, Stopping threads took: 0,0001418 seconds
2017-06-30T07:46:36.690+0200: 4,091: Total time for which application threads were stopped: 0,0002360 seconds, Stopping threads took: 0,0001835 seconds
2017-06-30T07:46:36.690+0200: 4,091: Total time for which application threads were stopped: 0,0000983 seconds, Stopping threads took: 0,0000462 seconds
2017-06-30T07:46:36.690+0200: 4,092: Total time for which application threads were stopped: 0,0000581 seconds, Stopping threads took: 0,0000106 seconds
2017-06-30T07:46:36.691+0200: 4,093: Total time for which application threads were stopped: 0,0001290 seconds, Stopping threads took: 0,0000482 seconds
2017-06-30T07:46:36.692+0200: 4,093: Total time for which application threads were stopped: 0,0000657 seconds, Stopping threads took: 0,0000122 seconds
2017-06-30T07:46:36.692+0200: 4,093: Total time for which application threads were stopped: 0,0000904 seconds, Stopping threads took: 0,0000131 seconds
2017-06-30T07:46:36.692+0200: 4,093: Total time for which application threads were stopped: 0,0000838 seconds, Stopping threads took: 0,0000130 seconds
2017-06-30T07:46:36.692+0200: 4,093: Total time for which application threads were stopped: 0,0000795 seconds, Stopping threads took: 0,0000103 seconds
2017-06-30T07:46:36.694+0200: 4,095: Total time for which application threads were stopped: 0,0001107 seconds, Stopping threads took: 0,0000363 seconds
2017-06-30T07:46:36.694+0200: 4,096: Total time for which application threads were stopped: 0,0000628 seconds, Stopping threads took: 0,0000150 seconds
2017-06-30T07:46:36.694+0200: 4,096: Total time for which application threads were stopped: 0,0000637 seconds, Stopping threads took: 0,0000117 seconds
2017-06-30T07:46:36.695+0200: 4,096: Total time for which application threads were stopped: 0,0000603 seconds, Stopping threads took: 0,0000171 seconds
2017-06-30T07:46:36.695+0200: 4,096: Total time for which application threads were stopped: 0,0000582 seconds, Stopping threads took: 0,0000157 seconds
2017-06-30T07:46:36.695+0200: 4,096: Total time for which application threads were stopped: 0,0001245 seconds, Stopping threads took: 0,0000123 seconds
2017-06-30T07:46:36.696+0200: 4,097: Total time for which application threads were stopped: 0,0001067 seconds, Stopping threads took: 0,0000353 seconds
2017-06-30T07:46:36.696+0200: 4,097: Total time for which application threads were stopped: 0,0000951 seconds, Stopping threads took: 0,0000362 seconds
2017-06-30T07:46:36.696+0200: 4,097: Total time for which application threads were stopped: 0,0000690 seconds, Stopping threads took: 0,0000261 seconds
2017-06-30T07:46:36.696+0200: 4,098: Total time for which application threads were stopped: 0,0000640 seconds, Stopping threads took: 0,0000210 seconds
2017-06-30T07:46:36.698+0200: 4,099: Total time for which application threads were stopped: 0,0017287 seconds, Stopping threads took: 0,0016776 seconds
2017-06-30T07:46:36.698+0200: 4,100: Total time for which application threads were stopped: 0,0001168 seconds, Stopping threads took: 0,0000381 seconds
2017-06-30T07:46:36.698+0200: 4,100: Total time for which application threads were stopped: 0,0000747 seconds, Stopping threads took: 0,0000217 seconds
2017-06-30T07:46:36.699+0200: 4,100: Total time for which application threads were stopped: 0,0000640 seconds, Stopping threads took: 0,0000222 seconds
2017-06-30T07:46:36.699+0200: 4,100: Total time for which application threads were stopped: 0,0000554 seconds, Stopping threads took: 0,0000100 seconds
2017-06-30T07:46:36.699+0200: 4,100: Total time for which application threads were stopped: 0,0000472 seconds, Stopping threads took: 0,0000092 seconds
2017-06-30T07:46:36.699+0200: 4,100: Total time for which application threads were stopped: 0,0000657 seconds, Stopping threads took: 0,0000274 seconds
2017-06-30T07:46:36.699+0200: 4,100: Total time for which application threads were stopped: 0,0000541 seconds, Stopping threads took: 0,0000109 seconds
2017-06-30T07:46:36.699+0200: 4,101: Total time for which application threads were stopped: 0,0000591 seconds, Stopping threads took: 0,0000109 seconds
2017-06-30T07:46:36.699+0200: 4,101: Total time for which application threads were stopped: 0,0000504 seconds, Stopping threads took: 0,0000111 seconds
2017-06-30T07:46:36.700+0200: 4,101: Total time for which application threads were stopped: 0,0000444 seconds, Stopping threads took: 0,0000090 seconds
2017-06-30T07:46:36.700+0200: 4,101: Total time for which application threads were stopped: 0,0000717 seconds, Stopping threads took: 0,0000132 seconds
2017-06-30T07:46:36.700+0200: 4,101: Total time for which application threads were stopped: 0,0000569 seconds, Stopping threads took: 0,0000194 seconds
2017-06-30T07:46:36.700+0200: 4,101: Total time for which application threads were stopped: 0,0000612 seconds, Stopping threads took: 0,0000224 seconds
2017-06-30T07:46:36.700+0200: 4,101: Total time for which application threads were stopped: 0,0000481 seconds, Stopping threads took: 0,0000107 seconds
2017-06-30T07:46:36.700+0200: 4,101: Total time for which application threads were stopped: 0,0000441 seconds, Stopping threads took: 0,0000111 seconds
2017-06-30T07:46:36.700+0200: 4,102: Total time for which application threads were stopped: 0,0001071 seconds, Stopping threads took: 0,0000103 seconds
2017-06-30T07:46:36.701+0200: 4,103: Total time for which application threads were stopped: 0,0001204 seconds, Stopping threads took: 0,0000532 seconds
2017-06-30T07:46:36.703+0200: 4,104: Total time for which application threads were stopped: 0,0001316 seconds, Stopping threads took: 0,0000397 seconds
2017-06-30T07:46:36.706+0200: 4,107: Total time for which application threads were stopped: 0,0001410 seconds, Stopping threads took: 0,0000422 seconds
2017-06-30T07:46:36.706+0200: 4,107: Total time for which application threads were stopped: 0,0000941 seconds, Stopping threads took: 0,0000253 seconds
2017-06-30T07:46:36.709+0200: 4,110: Total time for which application threads were stopped: 0,0001523 seconds, Stopping threads took: 0,0000503 seconds
2017-06-30T07:46:36.709+0200: 4,110: Total time for which application threads were stopped: 0,0001323 seconds, Stopping threads took: 0,0000252 seconds
2017-06-30T07:46:36.709+0200: 4,110: Total time for which application threads were stopped: 0,0000868 seconds, Stopping threads took: 0,0000268 seconds
2017-06-30T07:46:36.714+0200: 4,115: Total time for which application threads were stopped: 0,0040937 seconds, Stopping threads took: 0,0040003 seconds
2017-06-30T07:46:36.715+0200: 4,117: Total time for which application threads were stopped: 0,0001331 seconds, Stopping threads took: 0,0000263 seconds
2017-06-30T07:46:36.718+0200: 4,119: Total time for which application threads were stopped: 0,0001567 seconds, Stopping threads took: 0,0000505 seconds
2017-06-30T07:46:36.718+0200: 4,119: Total time for which application threads were stopped: 0,0000902 seconds, Stopping threads took: 0,0000227 seconds
2017-06-30T07:46:36.718+0200: 4,119: Total time for which application threads were stopped: 0,0000736 seconds, Stopping threads took: 0,0000288 seconds
2017-06-30T07:46:36.718+0200: 4,120: Total time for which application threads were stopped: 0,0000824 seconds, Stopping threads took: 0,0000253 seconds
2017-06-30T07:46:36.718+0200: 4,120: Total time for which application threads were stopped: 0,0000831 seconds, Stopping threads took: 0,0000190 seconds
2017-06-30T07:46:36.721+0200: 4,123: Total time for which application threads were stopped: 0,0001369 seconds, Stopping threads took: 0,0000506 seconds
2017-06-30T07:46:36.722+0200: 4,123: Total time for which application threads were stopped: 0,0001171 seconds, Stopping threads took: 0,0000346 seconds
2017-06-30T07:46:36.726+0200: 4,127: Total time for which application threads were stopped: 0,0032360 seconds, Stopping threads took: 0,0031671 seconds
2017-06-30T07:46:36.730+0200: 4,131: Total time for which application threads were stopped: 0,0001099 seconds, Stopping threads took: 0,0000273 seconds
2017-06-30T07:46:36.730+0200: 4,131: Total time for which application threads were stopped: 0,0001275 seconds, Stopping threads took: 0,0000121 seconds
2017-06-30T07:46:36.732+0200: 4,133: Total time for which application threads were stopped: 0,0000998 seconds, Stopping threads took: 0,0000231 seconds
2017-06-30T07:46:36.732+0200: 4,133: Total time for which application threads were stopped: 0,0000945 seconds, Stopping threads took: 0,0000335 seconds
2017-06-30T07:46:36.733+0200: 4,135: Total time for which application threads were stopped: 0,0000990 seconds, Stopping threads took: 0,0000238 seconds
2017-06-30T07:46:36.734+0200: 4,135: Total time for which application threads were stopped: 0,0000718 seconds, Stopping threads took: 0,0000149 seconds
2017-06-30T07:46:36.734+0200: 4,135: Total time for which application threads were stopped: 0,0000560 seconds, Stopping threads took: 0,0000114 seconds
2017-06-30T07:46:36.734+0200: 4,135: Total time for which application threads were stopped: 0,0000498 seconds, Stopping threads took: 0,0000089 seconds
2017-06-30T07:46:36.735+0200: 4,136: Total time for which application threads were stopped: 0,0003263 seconds, Stopping threads took: 0,0002274 seconds
2017-06-30T07:46:36.741+0200: 4,142: Total time for which application threads were stopped: 0,0003405 seconds, Stopping threads took: 0,0002235 seconds
2017-06-30T07:46:36.743+0200: 4,144: Total time for which application threads were stopped: 0,0001543 seconds, Stopping threads took: 0,0000504 seconds
2017-06-30T07:46:36.746+0200: 4,147: Total time for which application threads were stopped: 0,0029624 seconds, Stopping threads took: 0,0028958 seconds
2017-06-30T07:46:36.746+0200: 4,147: Total time for which application threads were stopped: 0,0000751 seconds, Stopping threads took: 0,0000175 seconds
2017-06-30T07:46:36.764+0200: 4,165: Total time for which application threads were stopped: 0,0001462 seconds, Stopping threads took: 0,0000721 seconds
2017-06-30T07:46:36.766+0200: 4,167: Total time for which application threads were stopped: 0,0001475 seconds, Stopping threads took: 0,0000413 seconds
2017-06-30T07:46:36.773+0200: 4,175: Total time for which application threads were stopped: 0,0001698 seconds, Stopping threads took: 0,0000638 seconds
2017-06-30T07:46:36.790+0200: 4,191: Total time for which application threads were stopped: 0,0034532 seconds, Stopping threads took: 0,0033854 seconds
2017-06-30T07:46:36.790+0200: 4,191: Total time for which application threads were stopped: 0,0001439 seconds, Stopping threads took: 0,0000565 seconds
2017-06-30T07:46:36.791+0200: 4,192: Total time for which application threads were stopped: 0,0000983 seconds, Stopping threads took: 0,0000197 seconds
2017-06-30T07:46:36.817+0200: 4,218: Total time for which application threads were stopped: 0,0001143 seconds, Stopping threads took: 0,0000478 seconds
2017-06-30T07:46:36.829+0200: 4,230: Total time for which application threads were stopped: 0,0001050 seconds, Stopping threads took: 0,0000352 seconds
2017-06-30T07:46:36.836+0200: 4,237: Total time for which application threads were stopped: 0,0001001 seconds, Stopping threads took: 0,0000400 seconds
2017-06-30T07:46:36.885+0200: 4,286: Total time for which application threads were stopped: 0,0004830 seconds, Stopping threads took: 0,0000359 seconds
2017-06-30T07:46:36.902+0200: 4,304: Total time for which application threads were stopped: 0,0008783 seconds, Stopping threads took: 0,0004940 seconds
2017-06-30T07:46:36.967+0200: 4,369: Total time for which application threads were stopped: 0,0003890 seconds, Stopping threads took: 0,0000340 seconds
2017-06-30T07:46:36.970+0200: 4,371: Total time for which application threads were stopped: 0,0000963 seconds, Stopping threads took: 0,0000415 seconds
2017-06-30T07:46:36.970+0200: 4,371: Total time for which application threads were stopped: 0,0000897 seconds, Stopping threads took: 0,0000250 seconds
2017-06-30T07:46:36.987+0200: 4,388: Total time for which application threads were stopped: 0,0000926 seconds, Stopping threads took: 0,0000222 seconds
2017-06-30T07:46:36.993+0200: 4,394: Total time for which application threads were stopped: 0,0001438 seconds, Stopping threads took: 0,0000484 seconds
2017-06-30T07:46:36.995+0200: 4,396: Total time for which application threads were stopped: 0,0001152 seconds, Stopping threads took: 0,0000388 seconds
2017-06-30T07:46:36.998+0200: 4,399: Total time for which application threads were stopped: 0,0009721 seconds, Stopping threads took: 0,0008866 seconds
2017-06-30T07:46:37.000+0200: 4,402: Total time for which application threads were stopped: 0,0001394 seconds, Stopping threads took: 0,0000639 seconds
2017-06-30T07:46:37.002+0200: 4,403: Total time for which application threads were stopped: 0,0001191 seconds, Stopping threads took: 0,0000564 seconds
2017-06-30T07:46:37.005+0200: 4,406: Total time for which application threads were stopped: 0,0007931 seconds, Stopping threads took: 0,0006511 seconds
2017-06-30T07:46:37.039+0200: 4,440: Total time for which application threads were stopped: 0,0002292 seconds, Stopping threads took: 0,0001057 seconds
2017-06-30T07:46:37.059+0200: 4,460: Total time for which application threads were stopped: 0,0001716 seconds, Stopping threads took: 0,0001053 seconds
2017-06-30T07:46:37.075+0200: 4,476: Total time for which application threads were stopped: 0,0001238 seconds, Stopping threads took: 0,0000400 seconds
2017-06-30T07:46:37.076+0200: 4,477: Total time for which application threads were stopped: 0,0004320 seconds, Stopping threads took: 0,0000247 seconds
2017-06-30T07:46:38.076+0200: 5,477: Total time for which application threads were stopped: 0,0000915 seconds, Stopping threads took: 0,0000240 seconds
2017-06-30T07:48:00.086+0200: 87,487: Total time for which application threads were stopped: 0,0001145 seconds, Stopping threads took: 0,0000289 seconds
2017-06-30T07:48:35.089+0200: 122,491: Total time for which application threads were stopped: 0,0000925 seconds, Stopping threads took: 0,0000398 seconds
2017-06-30T07:48:40.090+0200: 127,491: Total time for which application threads were stopped: 0,0000923 seconds, Stopping threads took: 0,0000430 seconds
2017-06-30T07:49:34.095+0200: 181,497: Total time for which application threads were stopped: 0,0001919 seconds, Stopping threads took: 0,0000535 seconds
2017-06-30T07:51:09.106+0200: 276,507: Total time for which application threads were stopped: 0,0005282 seconds, Stopping threads took: 0,0001772 seconds
2017-06-30T07:51:10.106+0200: 277,508: Total time for which application threads were stopped: 0,0004812 seconds, Stopping threads took: 0,0002006 seconds
2017-06-30T08:10:04.254+0200: 1411,655: Total time for which application threads were stopped: 0,0001728 seconds, Stopping threads took: 0,0000663 seconds
2017-06-30T08:14:34.291+0200: 1681,693: Total time for which application threads were stopped: 0,0001161 seconds, Stopping threads took: 0,0000430 seconds
2017-06-30T08:23:51.203+0200: 2238,604: Total time for which application threads were stopped: 0,0339395 seconds, Stopping threads took: 0,0338227 seconds
2017-06-30T08:23:51.204+0200: 2238,605: Total time for which application threads were stopped: 0,0001154 seconds, Stopping threads took: 0,0000350 seconds
2017-06-30T08:23:51.204+0200: 2238,605: Total time for which application threads were stopped: 0,0000850 seconds, Stopping threads took: 0,0000148 seconds
2017-06-30T08:23:51.207+0200: 2238,608: Total time for which application threads were stopped: 0,0000901 seconds, Stopping threads took: 0,0000159 seconds
2017-06-30T08:23:51.207+0200: 2238,609: Total time for which application threads were stopped: 0,0000913 seconds, Stopping threads took: 0,0000160 seconds
2017-06-30T08:23:51.208+0200: 2238,609: Total time for which application threads were stopped: 0,0000746 seconds, Stopping threads took: 0,0000196 seconds
2017-06-30T08:23:51.208+0200: 2238,609: Total time for which application threads were stopped: 0,0000671 seconds, Stopping threads took: 0,0000196 seconds
2017-06-30T08:23:51.208+0200: 2238,609: Total time for which application threads were stopped: 0,0000643 seconds, Stopping threads took: 0,0000124 seconds
2017-06-30T08:23:51.211+0200: 2238,613: Total time for which application threads were stopped: 0,0032255 seconds, Stopping threads took: 0,0031458 seconds
2017-06-30T08:23:51.212+0200: 2238,613: Total time for which application threads were stopped: 0,0000555 seconds, Stopping threads took: 0,0000088 seconds
2017-06-30T08:23:51.212+0200: 2238,613: Total time for which application threads were stopped: 0,0000653 seconds, Stopping threads took: 0,0000187 seconds
2017-06-30T08:23:51.212+0200: 2238,613: Total time for which application threads were stopped: 0,0000401 seconds, Stopping threads took: 0,0000055 seconds
2017-06-30T08:23:51.212+0200: 2238,613: Total time for which application threads were stopped: 0,0000395 seconds, Stopping threads took: 0,0000049 seconds
2017-06-30T08:23:51.212+0200: 2238,613: Total time for which application threads were stopped: 0,0000369 seconds, Stopping threads took: 0,0000044 seconds
2017-06-30T08:23:51.212+0200: 2238,614: Total time for which application threads were stopped: 0,0000360 seconds, Stopping threads took: 0,0000047 seconds
2017-06-30T08:23:51.212+0200: 2238,614: Total time for which application threads were stopped: 0,0000389 seconds, Stopping threads took: 0,0000047 seconds
2017-06-30T08:23:51.219+0200: 2238,620: Total time for which application threads were stopped: 0,0000940 seconds, Stopping threads took: 0,0000170 seconds
2017-06-30T08:23:51.219+0200: 2238,621: Total time for which application threads were stopped: 0,0000431 seconds, Stopping threads took: 0,0000074 seconds
2017-06-30T08:23:51.219+0200: 2238,621: Total time for which application threads were stopped: 0,0000404 seconds, Stopping threads took: 0,0000050 seconds
2017-06-30T08:23:51.219+0200: 2238,621: Total time for which application threads were stopped: 0,0000411 seconds, Stopping threads took: 0,0000051 seconds
2017-06-30T08:23:51.220+0200: 2238,621: Total time for which application threads were stopped: 0,0000384 seconds, Stopping threads took: 0,0000050 seconds
2017-06-30T08:23:51.234+0200: 2238,635: Total time for which application threads were stopped: 0,0001006 seconds, Stopping threads took: 0,0000180 seconds
2017-06-30T08:23:51.234+0200: 2238,636: Total time for which application threads were stopped: 0,0000668 seconds, Stopping threads took: 0,0000097 seconds
2017-06-30T08:23:51.235+0200: 2238,636: Total time for which application threads were stopped: 0,0001021 seconds, Stopping threads took: 0,0000164 seconds
2017-06-30T08:23:51.236+0200: 2238,638: Total time for which application threads were stopped: 0,0004776 seconds, Stopping threads took: 0,0000977 seconds
2017-06-30T08:23:51.239+0200: 2238,640: Total time for which application threads were stopped: 0,0001167 seconds, Stopping threads took: 0,0000186 seconds
2017-06-30T08:23:51.240+0200: 2238,641: Total time for which application threads were stopped: 0,0001149 seconds, Stopping threads took: 0,0000336 seconds
2017-06-30T08:23:51.245+0200: 2238,647: Total time for which application threads were stopped: 0,0010669 seconds, Stopping threads took: 0,0009860 seconds
2017-06-30T08:23:51.246+0200: 2238,647: Total time for which application threads were stopped: 0,0000566 seconds, Stopping threads took: 0,0000095 seconds
2017-06-30T08:23:51.246+0200: 2238,647: Total time for which application threads were stopped: 0,0000414 seconds, Stopping threads took: 0,0000051 seconds
2017-06-30T08:23:51.246+0200: 2238,647: Total time for which application threads were stopped: 0,0000382 seconds, Stopping threads took: 0,0000058 seconds
2017-06-30T08:23:51.258+0200: 2238,659: Total time for which application threads were stopped: 0,0001072 seconds, Stopping threads took: 0,0000259 seconds
2017-06-30T08:23:51.260+0200: 2238,661: Total time for which application threads were stopped: 0,0001085 seconds, Stopping threads took: 0,0000184 seconds
2017-06-30T08:23:51.260+0200: 2238,661: Total time for which application threads were stopped: 0,0001079 seconds, Stopping threads took: 0,0000333 seconds
2017-06-30T08:23:51.260+0200: 2238,662: Total time for which application threads were stopped: 0,0002997 seconds, Stopping threads took: 0,0002252 seconds
2017-06-30T08:23:51.261+0200: 2238,662: Total time for which application threads were stopped: 0,0000707 seconds, Stopping threads took: 0,0000120 seconds
2017-06-30T08:23:51.261+0200: 2238,662: Total time for which application threads were stopped: 0,0000607 seconds, Stopping threads took: 0,0000106 seconds
2017-06-30T08:23:51.261+0200: 2238,662: Total time for which application threads were stopped: 0,0000520 seconds, Stopping threads took: 0,0000084 seconds
2017-06-30T08:23:51.261+0200: 2238,662: Total time for which application threads were stopped: 0,0000493 seconds, Stopping threads took: 0,0000084 seconds
2017-06-30T08:23:51.261+0200: 2238,662: Total time for which application threads were stopped: 0,0000493 seconds, Stopping threads took: 0,0000092 seconds
2017-06-30T08:23:51.264+0200: 2238,665: Total time for which application threads were stopped: 0,0026854 seconds, Stopping threads took: 0,0009883 seconds
2017-06-30T08:23:51.268+0200: 2238,669: Total time for which application threads were stopped: 0,0002032 seconds, Stopping threads took: 0,0001285 seconds
2017-06-30T08:23:51.268+0200: 2238,669: Total time for which application threads were stopped: 0,0000738 seconds, Stopping threads took: 0,0000256 seconds
2017-06-30T08:23:51.270+0200: 2238,671: Total time for which application threads were stopped: 0,0001322 seconds, Stopping threads took: 0,0000605 seconds
2017-06-30T08:23:51.270+0200: 2238,671: Total time for which application threads were stopped: 0,0000685 seconds, Stopping threads took: 0,0000205 seconds
2017-06-30T08:23:51.270+0200: 2238,672: Total time for which application threads were stopped: 0,0000564 seconds, Stopping threads took: 0,0000131 seconds
2017-06-30T08:23:51.270+0200: 2238,672: Total time for which application threads were stopped: 0,0000621 seconds, Stopping threads took: 0,0000190 seconds
2017-06-30T08:23:51.271+0200: 2238,672: Total time for which application threads were stopped: 0,0000687 seconds, Stopping threads took: 0,0000138 seconds
2017-06-30T08:23:51.271+0200: 2238,672: Total time for which application threads were stopped: 0,0000678 seconds, Stopping threads took: 0,0000107 seconds
2017-06-30T08:23:51.271+0200: 2238,672: Total time for which application threads were stopped: 0,0000589 seconds, Stopping threads took: 0,0000232 seconds
2017-06-30T08:23:51.271+0200: 2238,673: Total time for which application threads were stopped: 0,0000683 seconds, Stopping threads took: 0,0000129 seconds
2017-06-30T08:23:51.271+0200: 2238,673: Total time for which application threads were stopped: 0,0000803 seconds, Stopping threads took: 0,0000353 seconds
2017-06-30T08:23:51.271+0200: 2238,673: Total time for which application threads were stopped: 0,0000831 seconds, Stopping threads took: 0,0000429 seconds
2017-06-30T08:23:51.272+0200: 2238,673: Total time for which application threads were stopped: 0,0000961 seconds, Stopping threads took: 0,0000326 seconds
2017-06-30T08:23:51.272+0200: 2238,674: Total time for which application threads were stopped: 0,0000690 seconds, Stopping threads took: 0,0000205 seconds
2017-06-30T08:23:51.272+0200: 2238,674: Total time for which application threads were stopped: 0,0000539 seconds, Stopping threads took: 0,0000094 seconds
2017-06-30T08:23:51.273+0200: 2238,674: Total time for which application threads were stopped: 0,0000873 seconds, Stopping threads took: 0,0000377 seconds
2017-06-30T08:23:51.273+0200: 2238,674: Total time for which application threads were stopped: 0,0000531 seconds, Stopping threads took: 0,0000107 seconds
2017-06-30T08:23:51.273+0200: 2238,674: Total time for which application threads were stopped: 0,0000866 seconds, Stopping threads took: 0,0000441 seconds
2017-06-30T08:23:51.273+0200: 2238,674: Total time for which application threads were stopped: 0,0000727 seconds, Stopping threads took: 0,0000284 seconds
2017-06-30T08:23:51.273+0200: 2238,674: Total time for which application threads were stopped: 0,0000625 seconds, Stopping threads took: 0,0000201 seconds
2017-06-30T08:23:51.273+0200: 2238,675: Total time for which application threads were stopped: 0,0000557 seconds, Stopping threads took: 0,0000188 seconds
2017-06-30T08:23:51.274+0200: 2238,675: Total time for which application threads were stopped: 0,0001799 seconds, Stopping threads took: 0,0000163 seconds
2017-06-30T08:23:51.276+0200: 2238,677: Total time for which application threads were stopped: 0,0002020 seconds, Stopping threads took: 0,0000773 seconds
2017-06-30T08:23:51.278+0200: 2238,679: Total time for which application threads were stopped: 0,0000994 seconds, Stopping threads took: 0,0000222 seconds
2017-06-30T08:23:51.278+0200: 2238,679: Total time for which application threads were stopped: 0,0000897 seconds, Stopping threads took: 0,0000214 seconds
Heap
 par new generation   total 109248K, used 91049K [0x00000000e0000000, 0x00000000e8000000, 0x00000000e8000000)
  eden space 87424K,  99% used [0x00000000e0000000, 0x00000000e54ac8d0, 0x00000000e5560000)
  from space 21824K,  19% used [0x00000000e5560000, 0x00000000e599dcc0, 0x00000000e6ab0000)
  to   space 21824K,   0% used [0x00000000e6ab0000, 0x00000000e6ab0000, 0x00000000e8000000)
 concurrent mark-sweep generation total 393216K, used 6784K [0x00000000e8000000, 0x0000000100000000, 0x0000000100000000)
 Metaspace       used 28137K, capacity 28716K, committed 29052K, reserved 1075200K
  class space    used 3227K, capacity 3423K, committed 3452K, reserved 1048576K
