OpenJDK 64-Bit Server VM (25.131-b11) for linux-amd64 JRE (1.8.0_131-8u131-b11-0ubuntu1.16.04.2-b11), built on May  6 2017 02:45:27 by "buildd" with gcc 5.4.0 20160609
Memory: 4k page, physical 7867740k(7404352k free), swap 8076284k(8076284k free)
CommandLine flags: -XX:CMSInitiatingOccupancyFraction=50 -XX:CMSMaxAbortablePrecleanTime=6000 -XX:+CMSParallelRemarkEnabled -XX:+CMSScavengeBeforeRemark -XX:ConcGCThreads=4 -XX:InitialHeapSize=536870912 -XX:MaxHeapSize=536870912 -XX:MaxTenuringThreshold=8 -XX:NewRatio=3 -XX:OldPLABSize=16 -XX:OnOutOfMemoryError=/opt/solr/bin/oom_solr.sh 8983 /var/solr/logs -XX:ParallelGCThreads=4 -XX:+ParallelRefProcEnabled -XX:PretenureSizeThreshold=67108864 -XX:+PrintGC -XX:+PrintGCApplicationStoppedTime -XX:+PrintGCDateStamps -XX:+PrintGCDetails -XX:+PrintGCTimeStamps -XX:+PrintHeapAtGC -XX:+PrintTenuringDistribution -XX:SurvivorRatio=4 -XX:TargetSurvivorRatio=90 -XX:ThreadStackSize=256 -XX:+UseCMSInitiatingOccupancyOnly -XX:+UseCompressedClassPointers -XX:+UseCompressedOops -XX:+UseConcMarkSweepGC -XX:+UseParNewGC 
2017-06-01T08:58:53.373+0200: 0,152: Total time for which application threads were stopped: 0,0000703 seconds, Stopping threads took: 0,0000103 seconds
2017-06-01T08:58:53.460+0200: 0,238: Total time for which application threads were stopped: 0,0001402 seconds, Stopping threads took: 0,0000277 seconds
2017-06-01T08:58:53.478+0200: 0,256: Total time for which application threads were stopped: 0,0000740 seconds, Stopping threads took: 0,0000097 seconds
2017-06-01T08:58:53.690+0200: 0,468: Total time for which application threads were stopped: 0,0001730 seconds, Stopping threads took: 0,0000317 seconds
2017-06-01T08:58:54.117+0200: 0,896: Total time for which application threads were stopped: 0,0001670 seconds, Stopping threads took: 0,0000151 seconds
2017-06-01T08:58:54.319+0200: 1,097: Total time for which application threads were stopped: 0,0001995 seconds, Stopping threads took: 0,0000308 seconds
2017-06-01T08:58:54.346+0200: 1,124: Total time for which application threads were stopped: 0,0002382 seconds, Stopping threads took: 0,0000339 seconds
2017-06-01T08:58:54.728+0200: 1,506: Total time for which application threads were stopped: 0,0001967 seconds, Stopping threads took: 0,0000136 seconds
2017-06-01T08:58:54.965+0200: 1,743: Total time for which application threads were stopped: 0,0002869 seconds, Stopping threads took: 0,0000529 seconds
2017-06-01T08:58:54.990+0200: 1,768: Total time for which application threads were stopped: 0,0001803 seconds, Stopping threads took: 0,0000174 seconds
2017-06-01T08:58:55.017+0200: 1,795: Total time for which application threads were stopped: 0,0002551 seconds, Stopping threads took: 0,0000247 seconds
2017-06-01T08:58:55.019+0200: 1,797: Total time for which application threads were stopped: 0,0003565 seconds, Stopping threads took: 0,0000599 seconds
2017-06-01T08:58:55.041+0200: 1,819: Total time for which application threads were stopped: 0,0001890 seconds, Stopping threads took: 0,0000264 seconds
2017-06-01T08:58:55.129+0200: 1,907: Total time for which application threads were stopped: 0,0002415 seconds, Stopping threads took: 0,0000228 seconds
2017-06-01T08:58:55.307+0200: 2,085: Total time for which application threads were stopped: 0,0002459 seconds, Stopping threads took: 0,0000299 seconds
{Heap before GC invocations=0 (full 0):
 par new generation   total 109248K, used 87424K [0x00000000e0000000, 0x00000000e8000000, 0x00000000e8000000)
  eden space 87424K, 100% used [0x00000000e0000000, 0x00000000e5560000, 0x00000000e5560000)
  from space 21824K,   0% used [0x00000000e5560000, 0x00000000e5560000, 0x00000000e6ab0000)
  to   space 21824K,   0% used [0x00000000e6ab0000, 0x00000000e6ab0000, 0x00000000e8000000)
 concurrent mark-sweep generation total 393216K, used 0K [0x00000000e8000000, 0x0000000100000000, 0x0000000100000000)
 Metaspace       used 18050K, capacity 18336K, committed 18688K, reserved 1064960K
  class space    used 2040K, capacity 2196K, committed 2304K, reserved 1048576K
2017-06-01T08:58:55.404+0200: 2,183: [GC (Allocation Failure) 2017-06-01T08:58:55.404+0200: 2,183: [ParNew
Desired survivor size 20112992 bytes, new threshold 8 (max 8)
- age   1:   12612432 bytes,   12612432 total
: 87424K->12429K(109248K), 0,0168254 secs] 87424K->12429K(502464K), 0,0169222 secs] [Times: user=0,05 sys=0,01, real=0,01 secs] 
Heap after GC invocations=1 (full 0):
 par new generation   total 109248K, used 12429K [0x00000000e0000000, 0x00000000e8000000, 0x00000000e8000000)
  eden space 87424K,   0% used [0x00000000e0000000, 0x00000000e0000000, 0x00000000e5560000)
  from space 21824K,  56% used [0x00000000e6ab0000, 0x00000000e76d3730, 0x00000000e8000000)
  to   space 21824K,   0% used [0x00000000e5560000, 0x00000000e5560000, 0x00000000e6ab0000)
 concurrent mark-sweep generation total 393216K, used 0K [0x00000000e8000000, 0x0000000100000000, 0x0000000100000000)
 Metaspace       used 18050K, capacity 18336K, committed 18688K, reserved 1064960K
  class space    used 2040K, capacity 2196K, committed 2304K, reserved 1048576K
}
2017-06-01T08:58:55.421+0200: 2,200: Total time for which application threads were stopped: 0,0171974 seconds, Stopping threads took: 0,0000391 seconds
2017-06-01T08:58:55.741+0200: 2,519: Total time for which application threads were stopped: 0,0002673 seconds, Stopping threads took: 0,0000300 seconds
2017-06-01T08:58:55.779+0200: 2,558: Total time for which application threads were stopped: 0,0003992 seconds, Stopping threads took: 0,0000927 seconds
{Heap before GC invocations=1 (full 0):
 par new generation   total 109248K, used 99853K [0x00000000e0000000, 0x00000000e8000000, 0x00000000e8000000)
  eden space 87424K, 100% used [0x00000000e0000000, 0x00000000e5560000, 0x00000000e5560000)
  from space 21824K,  56% used [0x00000000e6ab0000, 0x00000000e76d3730, 0x00000000e8000000)
  to   space 21824K,   0% used [0x00000000e5560000, 0x00000000e5560000, 0x00000000e6ab0000)
 concurrent mark-sweep generation total 393216K, used 0K [0x00000000e8000000, 0x0000000100000000, 0x0000000100000000)
 Metaspace       used 20072K, capacity 20444K, committed 20736K, reserved 1067008K
  class space    used 2301K, capacity 2476K, committed 2560K, reserved 1048576K
2017-06-01T08:58:55.781+0200: 2,559: [GC (Allocation Failure) 2017-06-01T08:58:55.781+0200: 2,559: [ParNew
Desired survivor size 20112992 bytes, new threshold 8 (max 8)
- age   1:    3645200 bytes,    3645200 total
- age   2:    6669168 bytes,   10314368 total
: 99853K->15742K(109248K), 0,0097507 secs] 99853K->15742K(502464K), 0,0098183 secs] [Times: user=0,04 sys=0,00, real=0,02 secs] 
Heap after GC invocations=2 (full 0):
 par new generation   total 109248K, used 15742K [0x00000000e0000000, 0x00000000e8000000, 0x00000000e8000000)
  eden space 87424K,   0% used [0x00000000e0000000, 0x00000000e0000000, 0x00000000e5560000)
  from space 21824K,  72% used [0x00000000e5560000, 0x00000000e64bf880, 0x00000000e6ab0000)
  to   space 21824K,   0% used [0x00000000e6ab0000, 0x00000000e6ab0000, 0x00000000e8000000)
 concurrent mark-sweep generation total 393216K, used 0K [0x00000000e8000000, 0x0000000100000000, 0x0000000100000000)
 Metaspace       used 20072K, capacity 20444K, committed 20736K, reserved 1067008K
  class space    used 2301K, capacity 2476K, committed 2560K, reserved 1048576K
}
2017-06-01T08:58:55.791+0200: 2,569: Total time for which application threads were stopped: 0,0099712 seconds, Stopping threads took: 0,0000246 seconds
2017-06-01T08:58:55.826+0200: 2,605: Total time for which application threads were stopped: 0,0013478 seconds, Stopping threads took: 0,0010666 seconds
2017-06-01T08:58:55.958+0200: 2,737: Total time for which application threads were stopped: 0,0014148 seconds, Stopping threads took: 0,0012727 seconds
{Heap before GC invocations=2 (full 0):
 par new generation   total 109248K, used 103166K [0x00000000e0000000, 0x00000000e8000000, 0x00000000e8000000)
  eden space 87424K, 100% used [0x00000000e0000000, 0x00000000e5560000, 0x00000000e5560000)
  from space 21824K,  72% used [0x00000000e5560000, 0x00000000e64bf880, 0x00000000e6ab0000)
  to   space 21824K,   0% used [0x00000000e6ab0000, 0x00000000e6ab0000, 0x00000000e8000000)
 concurrent mark-sweep generation total 393216K, used 0K [0x00000000e8000000, 0x0000000100000000, 0x0000000100000000)
 Metaspace       used 21014K, capacity 21366K, committed 21552K, reserved 1069056K
  class space    used 2427K, capacity 2595K, committed 2608K, reserved 1048576K
2017-06-01T08:58:56.006+0200: 2,785: [GC (Allocation Failure) 2017-06-01T08:58:56.006+0200: 2,785: [ParNew
Desired survivor size 20112992 bytes, new threshold 8 (max 8)
- age   1:    2124272 bytes,    2124272 total
- age   2:     854352 bytes,    2978624 total
- age   3:    6663816 bytes,    9642440 total
: 103166K->11214K(109248K), 0,0175136 secs] 103166K->11214K(502464K), 0,0176027 secs] [Times: user=0,07 sys=0,00, real=0,02 secs] 
Heap after GC invocations=3 (full 0):
 par new generation   total 109248K, used 11214K [0x00000000e0000000, 0x00000000e8000000, 0x00000000e8000000)
  eden space 87424K,   0% used [0x00000000e0000000, 0x00000000e0000000, 0x00000000e5560000)
  from space 21824K,  51% used [0x00000000e6ab0000, 0x00000000e75a3ac0, 0x00000000e8000000)
  to   space 21824K,   0% used [0x00000000e5560000, 0x00000000e5560000, 0x00000000e6ab0000)
 concurrent mark-sweep generation total 393216K, used 0K [0x00000000e8000000, 0x0000000100000000, 0x0000000100000000)
 Metaspace       used 21014K, capacity 21366K, committed 21552K, reserved 1069056K
  class space    used 2427K, capacity 2595K, committed 2608K, reserved 1048576K
}
2017-06-01T08:58:56.024+0200: 2,802: Total time for which application threads were stopped: 0,0216308 seconds, Stopping threads took: 0,0038528 seconds
2017-06-01T08:58:56.024+0200: 2,802: [GC (CMS Initial Mark) [1 CMS-initial-mark: 0K(393216K)] 12644K(502464K), 0,0036390 secs] [Times: user=0,01 sys=0,00, real=0,00 secs] 
2017-06-01T08:58:56.028+0200: 2,806: Total time for which application threads were stopped: 0,0037991 seconds, Stopping threads took: 0,0000616 seconds
2017-06-01T08:58:56.028+0200: 2,806: [CMS-concurrent-mark-start]
2017-06-01T08:58:56.028+0200: 2,807: [CMS-concurrent-mark: 0,001/0,001 secs] [Times: user=0,00 sys=0,00, real=0,00 secs] 
2017-06-01T08:58:56.028+0200: 2,807: [CMS-concurrent-preclean-start]
2017-06-01T08:58:56.030+0200: 2,808: [CMS-concurrent-preclean: 0,001/0,001 secs] [Times: user=0,01 sys=0,00, real=0,00 secs] 
2017-06-01T08:58:56.030+0200: 2,808: [CMS-concurrent-abortable-preclean-start]
2017-06-01T08:58:56.121+0200: 2,899: Total time for which application threads were stopped: 0,0001200 seconds, Stopping threads took: 0,0000372 seconds
2017-06-01T08:58:56.121+0200: 2,899: [CMS-concurrent-abortable-preclean: 0,078/0,091 secs] [Times: user=0,35 sys=0,00, real=0,09 secs] 
2017-06-01T08:58:56.121+0200: 2,899: [GC (CMS Final Remark) [YG occupancy: 76003 K (109248 K)]{Heap before GC invocations=3 (full 1):
 par new generation   total 109248K, used 76003K [0x00000000e0000000, 0x00000000e8000000, 0x00000000e8000000)
  eden space 87424K,  74% used [0x00000000e0000000, 0x00000000e3f453c8, 0x00000000e5560000)
  from space 21824K,  51% used [0x00000000e6ab0000, 0x00000000e75a3ac0, 0x00000000e8000000)
  to   space 21824K,   0% used [0x00000000e5560000, 0x00000000e5560000, 0x00000000e6ab0000)
 concurrent mark-sweep generation total 393216K, used 0K [0x00000000e8000000, 0x0000000100000000, 0x0000000100000000)
 Metaspace       used 21222K, capacity 21632K, committed 21884K, reserved 1069056K
  class space    used 2447K, capacity 2608K, committed 2608K, reserved 1048576K
2017-06-01T08:58:56.121+0200: 2,899: [GC (CMS Final Remark) 2017-06-01T08:58:56.121+0200: 2,899: [ParNew
Desired survivor size 20112992 bytes, new threshold 8 (max 8)
- age   1:    1620952 bytes,    1620952 total
- age   2:    1454056 bytes,    3075008 total
- age   3:     822992 bytes,    3898000 total
- age   4:    6663792 bytes,   10561792 total
: 76003K->16367K(109248K), 0,0131713 secs] 76003K->16367K(502464K), 0,0132078 secs] [Times: user=0,04 sys=0,00, real=0,02 secs] 
Heap after GC invocations=4 (full 1):
 par new generation   total 109248K, used 16367K [0x00000000e0000000, 0x00000000e8000000, 0x00000000e8000000)
  eden space 87424K,   0% used [0x00000000e0000000, 0x00000000e0000000, 0x00000000e5560000)
  from space 21824K,  74% used [0x00000000e5560000, 0x00000000e655be80, 0x00000000e6ab0000)
  to   space 21824K,   0% used [0x00000000e6ab0000, 0x00000000e6ab0000, 0x00000000e8000000)
 concurrent mark-sweep generation total 393216K, used 0K [0x00000000e8000000, 0x0000000100000000, 0x0000000100000000)
 Metaspace       used 21222K, capacity 21632K, committed 21884K, reserved 1069056K
  class space    used 2447K, capacity 2608K, committed 2608K, reserved 1048576K
}
2017-06-01T08:58:56.134+0200: 2,913: [Rescan (parallel) , 0,0037525 secs]2017-06-01T08:58:56.138+0200: 2,916: [weak refs processing, 0,0021269 secs]2017-06-01T08:58:56.140+0200: 2,918: [class unloading, 0,0028311 secs]2017-06-01T08:58:56.143+0200: 2,921: [scrub symbol table, 0,0024901 secs]2017-06-01T08:58:56.145+0200: 2,924: [scrub string table, 0,0003783 secs][1 CMS-remark: 0K(393216K)] 16367K(502464K), 0,0254442 secs] [Times: user=0,06 sys=0,00, real=0,03 secs] 
2017-06-01T08:58:56.146+0200: 2,925: Total time for which application threads were stopped: 0,0255449 seconds, Stopping threads took: 0,0000382 seconds
2017-06-01T08:58:56.147+0200: 2,925: [CMS-concurrent-sweep-start]
2017-06-01T08:58:56.147+0200: 2,925: [CMS-concurrent-sweep: 0,000/0,000 secs] [Times: user=0,00 sys=0,00, real=0,00 secs] 
2017-06-01T08:58:56.147+0200: 2,925: [CMS-concurrent-reset-start]
2017-06-01T08:58:56.151+0200: 2,930: [CMS-concurrent-reset: 0,005/0,005 secs] [Times: user=0,02 sys=0,00, real=0,01 secs] 
{Heap before GC invocations=4 (full 1):
 par new generation   total 109248K, used 103791K [0x00000000e0000000, 0x00000000e8000000, 0x00000000e8000000)
  eden space 87424K, 100% used [0x00000000e0000000, 0x00000000e5560000, 0x00000000e5560000)
  from space 21824K,  74% used [0x00000000e5560000, 0x00000000e655be80, 0x00000000e6ab0000)
  to   space 21824K,   0% used [0x00000000e6ab0000, 0x00000000e6ab0000, 0x00000000e8000000)
 concurrent mark-sweep generation total 393216K, used 0K [0x00000000e8000000, 0x0000000100000000, 0x0000000100000000)
 Metaspace       used 21347K, capacity 21738K, committed 22012K, reserved 1069056K
  class space    used 2466K, capacity 2642K, committed 2736K, reserved 1048576K
2017-06-01T08:58:56.224+0200: 3,002: [GC (Allocation Failure) 2017-06-01T08:58:56.224+0200: 3,002: [ParNew
Desired survivor size 20112992 bytes, new threshold 8 (max 8)
- age   1:     313200 bytes,     313200 total
- age   2:     126632 bytes,     439832 total
- age   3:    1453688 bytes,    1893520 total
- age   4:     819120 bytes,    2712640 total
- age   5:    6663792 bytes,    9376432 total
: 103791K->12717K(109248K), 0,0169703 secs] 103791K->12717K(502464K), 0,0170363 secs] [Times: user=0,06 sys=0,00, real=0,01 secs] 
Heap after GC invocations=5 (full 1):
 par new generation   total 109248K, used 12717K [0x00000000e0000000, 0x00000000e8000000, 0x00000000e8000000)
  eden space 87424K,   0% used [0x00000000e0000000, 0x00000000e0000000, 0x00000000e5560000)
  from space 21824K,  58% used [0x00000000e6ab0000, 0x00000000e771b580, 0x00000000e8000000)
  to   space 21824K,   0% used [0x00000000e5560000, 0x00000000e5560000, 0x00000000e6ab0000)
 concurrent mark-sweep generation total 393216K, used 0K [0x00000000e8000000, 0x0000000100000000, 0x0000000100000000)
 Metaspace       used 21347K, capacity 21738K, committed 22012K, reserved 1069056K
  class space    used 2466K, capacity 2642K, committed 2736K, reserved 1048576K
}
2017-06-01T08:58:56.241+0200: 3,019: Total time for which application threads were stopped: 0,0172487 seconds, Stopping threads took: 0,0000717 seconds
2017-06-01T08:58:56.291+0200: 3,069: Total time for which application threads were stopped: 0,0003738 seconds, Stopping threads took: 0,0000216 seconds
2017-06-01T08:58:56.539+0200: 3,317: Total time for which application threads were stopped: 0,0004560 seconds, Stopping threads took: 0,0000433 seconds
2017-06-01T08:58:56.553+0200: 3,331: Total time for which application threads were stopped: 0,0003797 seconds, Stopping threads took: 0,0000236 seconds
{Heap before GC invocations=5 (full 1):
 par new generation   total 109248K, used 100141K [0x00000000e0000000, 0x00000000e8000000, 0x00000000e8000000)
  eden space 87424K, 100% used [0x00000000e0000000, 0x00000000e5560000, 0x00000000e5560000)
  from space 21824K,  58% used [0x00000000e6ab0000, 0x00000000e771b580, 0x00000000e8000000)
  to   space 21824K,   0% used [0x00000000e5560000, 0x00000000e5560000, 0x00000000e6ab0000)
 concurrent mark-sweep generation total 393216K, used 0K [0x00000000e8000000, 0x0000000100000000, 0x0000000100000000)
 Metaspace       used 23899K, capacity 24350K, committed 24624K, reserved 1071104K
  class space    used 2818K, capacity 3020K, committed 3120K, reserved 1048576K
2017-06-01T08:58:56.685+0200: 3,463: [GC (Allocation Failure) 2017-06-01T08:58:56.685+0200: 3,463: [ParNew
Desired survivor size 20112992 bytes, new threshold 8 (max 8)
- age   1:    5312808 bytes,    5312808 total
- age   2:     121088 bytes,    5433896 total
- age   3:     125456 bytes,    5559352 total
- age   4:     283720 bytes,    5843072 total
- age   5:     794792 bytes,    6637864 total
- age   6:    6655752 bytes,   13293616 total
: 100141K->16064K(109248K), 0,0127359 secs] 100141K->16064K(502464K), 0,0128164 secs] [Times: user=0,04 sys=0,00, real=0,01 secs] 
Heap after GC invocations=6 (full 1):
 par new generation   total 109248K, used 16064K [0x00000000e0000000, 0x00000000e8000000, 0x00000000e8000000)
  eden space 87424K,   0% used [0x00000000e0000000, 0x00000000e0000000, 0x00000000e5560000)
  from space 21824K,  73% used [0x00000000e5560000, 0x00000000e6510240, 0x00000000e6ab0000)
  to   space 21824K,   0% used [0x00000000e6ab0000, 0x00000000e6ab0000, 0x00000000e8000000)
 concurrent mark-sweep generation total 393216K, used 0K [0x00000000e8000000, 0x0000000100000000, 0x0000000100000000)
 Metaspace       used 23899K, capacity 24350K, committed 24624K, reserved 1071104K
  class space    used 2818K, capacity 3020K, committed 3120K, reserved 1048576K
}
2017-06-01T08:58:56.697+0200: 3,476: Total time for which application threads were stopped: 0,0131119 seconds, Stopping threads took: 0,0000808 seconds
{Heap before GC invocations=6 (full 1):
 par new generation   total 109248K, used 103488K [0x00000000e0000000, 0x00000000e8000000, 0x00000000e8000000)
  eden space 87424K, 100% used [0x00000000e0000000, 0x00000000e5560000, 0x00000000e5560000)
  from space 21824K,  73% used [0x00000000e5560000, 0x00000000e6510240, 0x00000000e6ab0000)
  to   space 21824K,   0% used [0x00000000e6ab0000, 0x00000000e6ab0000, 0x00000000e8000000)
 concurrent mark-sweep generation total 393216K, used 0K [0x00000000e8000000, 0x0000000100000000, 0x0000000100000000)
 Metaspace       used 24395K, capacity 24894K, committed 25136K, reserved 1071104K
  class space    used 2861K, capacity 3052K, committed 3120K, reserved 1048576K
2017-06-01T08:58:56.806+0200: 3,584: [GC (Allocation Failure) 2017-06-01T08:58:56.806+0200: 3,584: [ParNew
Desired survivor size 20112992 bytes, new threshold 8 (max 8)
- age   1:    1720840 bytes,    1720840 total
- age   2:    1792672 bytes,    3513512 total
- age   3:      64472 bytes,    3577984 total
- age   4:      70800 bytes,    3648784 total
- age   5:     187600 bytes,    3836384 total
- age   6:     752568 bytes,    4588952 total
- age   7:    6121128 bytes,   10710080 total
: 103488K->13604K(109248K), 0,0115848 secs] 103488K->13604K(502464K), 0,0116704 secs] [Times: user=0,04 sys=0,00, real=0,01 secs] 
Heap after GC invocations=7 (full 1):
 par new generation   total 109248K, used 13604K [0x00000000e0000000, 0x00000000e8000000, 0x00000000e8000000)
  eden space 87424K,   0% used [0x00000000e0000000, 0x00000000e0000000, 0x00000000e5560000)
  from space 21824K,  62% used [0x00000000e6ab0000, 0x00000000e77f9388, 0x00000000e8000000)
  to   space 21824K,   0% used [0x00000000e5560000, 0x00000000e5560000, 0x00000000e6ab0000)
 concurrent mark-sweep generation total 393216K, used 0K [0x00000000e8000000, 0x0000000100000000, 0x0000000100000000)
 Metaspace       used 24395K, capacity 24894K, committed 25136K, reserved 1071104K
  class space    used 2861K, capacity 3052K, committed 3120K, reserved 1048576K
}
2017-06-01T08:58:56.817+0200: 3,596: Total time for which application threads were stopped: 0,0123614 seconds, Stopping threads took: 0,0004875 seconds
{Heap before GC invocations=7 (full 1):
 par new generation   total 109248K, used 101028K [0x00000000e0000000, 0x00000000e8000000, 0x00000000e8000000)
  eden space 87424K, 100% used [0x00000000e0000000, 0x00000000e5560000, 0x00000000e5560000)
  from space 21824K,  62% used [0x00000000e6ab0000, 0x00000000e77f9388, 0x00000000e8000000)
  to   space 21824K,   0% used [0x00000000e5560000, 0x00000000e5560000, 0x00000000e6ab0000)
 concurrent mark-sweep generation total 393216K, used 0K [0x00000000e8000000, 0x0000000100000000, 0x0000000100000000)
 Metaspace       used 24661K, capacity 25150K, committed 25392K, reserved 1071104K
  class space    used 2888K, capacity 3090K, committed 3120K, reserved 1048576K
2017-06-01T08:58:56.938+0200: 3,716: [GC (Allocation Failure) 2017-06-01T08:58:56.938+0200: 3,716: [ParNew
Desired survivor size 20112992 bytes, new threshold 8 (max 8)
- age   1:     682312 bytes,     682312 total
- age   2:     978296 bytes,    1660608 total
- age   3:    1782712 bytes,    3443320 total
- age   4:      64368 bytes,    3507688 total
- age   5:      70664 bytes,    3578352 total
- age   6:     184792 bytes,    3763144 total
- age   7:     751800 bytes,    4514944 total
- age   8:    6121184 bytes,   10636128 total
: 101028K->13286K(109248K), 0,0192782 secs] 101028K->13286K(502464K), 0,0193484 secs] [Times: user=0,06 sys=0,00, real=0,02 secs] 
Heap after GC invocations=8 (full 1):
 par new generation   total 109248K, used 13286K [0x00000000e0000000, 0x00000000e8000000, 0x00000000e8000000)
  eden space 87424K,   0% used [0x00000000e0000000, 0x00000000e0000000, 0x00000000e5560000)
  from space 21824K,  60% used [0x00000000e5560000, 0x00000000e6259900, 0x00000000e6ab0000)
  to   space 21824K,   0% used [0x00000000e6ab0000, 0x00000000e6ab0000, 0x00000000e8000000)
 concurrent mark-sweep generation total 393216K, used 0K [0x00000000e8000000, 0x0000000100000000, 0x0000000100000000)
 Metaspace       used 24661K, capacity 25150K, committed 25392K, reserved 1071104K
  class space    used 2888K, capacity 3090K, committed 3120K, reserved 1048576K
}
2017-06-01T08:58:56.957+0200: 3,735: Total time for which application threads were stopped: 0,0195396 seconds, Stopping threads took: 0,0000360 seconds
2017-06-01T08:58:57.256+0200: 4,034: Total time for which application threads were stopped: 0,0005203 seconds, Stopping threads took: 0,0000323 seconds
2017-06-01T08:58:57.272+0200: 4,051: Total time for which application threads were stopped: 0,0003946 seconds, Stopping threads took: 0,0000270 seconds
2017-06-01T08:58:57.279+0200: 4,057: Total time for which application threads were stopped: 0,0004633 seconds, Stopping threads took: 0,0000219 seconds
2017-06-01T08:58:57.281+0200: 4,059: Total time for which application threads were stopped: 0,0001388 seconds, Stopping threads took: 0,0000420 seconds
2017-06-01T08:58:57.282+0200: 4,060: Total time for which application threads were stopped: 0,0001249 seconds, Stopping threads took: 0,0000207 seconds
2017-06-01T08:58:57.284+0200: 4,063: Total time for which application threads were stopped: 0,0000920 seconds, Stopping threads took: 0,0000194 seconds
2017-06-01T08:58:57.285+0200: 4,063: Total time for which application threads were stopped: 0,0000647 seconds, Stopping threads took: 0,0000136 seconds
2017-06-01T08:58:57.286+0200: 4,064: Total time for which application threads were stopped: 0,0000578 seconds, Stopping threads took: 0,0000115 seconds
2017-06-01T08:58:57.309+0200: 4,088: Total time for which application threads were stopped: 0,0001179 seconds, Stopping threads took: 0,0000259 seconds
2017-06-01T08:58:57.310+0200: 4,088: Total time for which application threads were stopped: 0,0001037 seconds, Stopping threads took: 0,0000366 seconds
2017-06-01T08:58:57.311+0200: 4,089: Total time for which application threads were stopped: 0,0001081 seconds, Stopping threads took: 0,0000373 seconds
2017-06-01T08:58:57.313+0200: 4,092: Total time for which application threads were stopped: 0,0000898 seconds, Stopping threads took: 0,0000159 seconds
2017-06-01T08:58:57.314+0200: 4,093: Total time for which application threads were stopped: 0,0000809 seconds, Stopping threads took: 0,0000156 seconds
2017-06-01T08:58:57.316+0200: 4,094: Total time for which application threads were stopped: 0,0000985 seconds, Stopping threads took: 0,0000319 seconds
2017-06-01T08:58:57.316+0200: 4,094: Total time for which application threads were stopped: 0,0001015 seconds, Stopping threads took: 0,0000289 seconds
2017-06-01T08:58:57.320+0200: 4,098: Total time for which application threads were stopped: 0,0003850 seconds, Stopping threads took: 0,0000462 seconds
2017-06-01T08:58:57.321+0200: 4,099: Total time for which application threads were stopped: 0,0001084 seconds, Stopping threads took: 0,0000339 seconds
2017-06-01T08:58:57.322+0200: 4,100: Total time for which application threads were stopped: 0,0001068 seconds, Stopping threads took: 0,0000379 seconds
2017-06-01T08:58:57.322+0200: 4,100: Total time for which application threads were stopped: 0,0000841 seconds, Stopping threads took: 0,0000305 seconds
2017-06-01T08:58:57.322+0200: 4,100: Total time for which application threads were stopped: 0,0001041 seconds, Stopping threads took: 0,0000255 seconds
2017-06-01T08:58:57.325+0200: 4,104: Total time for which application threads were stopped: 0,0001273 seconds, Stopping threads took: 0,0000515 seconds
2017-06-01T08:58:57.326+0200: 4,105: Total time for which application threads were stopped: 0,0000779 seconds, Stopping threads took: 0,0000185 seconds
2017-06-01T08:58:57.330+0200: 4,109: Total time for which application threads were stopped: 0,0001215 seconds, Stopping threads took: 0,0000507 seconds
2017-06-01T08:58:57.332+0200: 4,110: Total time for which application threads were stopped: 0,0000817 seconds, Stopping threads took: 0,0000214 seconds
2017-06-01T08:58:57.342+0200: 4,120: Total time for which application threads were stopped: 0,0036788 seconds, Stopping threads took: 0,0035999 seconds
2017-06-01T08:58:57.343+0200: 4,121: Total time for which application threads were stopped: 0,0001316 seconds, Stopping threads took: 0,0000469 seconds
2017-06-01T08:58:57.346+0200: 4,124: Total time for which application threads were stopped: 0,0020656 seconds, Stopping threads took: 0,0019905 seconds
2017-06-01T08:58:57.347+0200: 4,125: Total time for which application threads were stopped: 0,0001600 seconds, Stopping threads took: 0,0000158 seconds
{Heap before GC invocations=8 (full 1):
 par new generation   total 109248K, used 100710K [0x00000000e0000000, 0x00000000e8000000, 0x00000000e8000000)
  eden space 87424K, 100% used [0x00000000e0000000, 0x00000000e5560000, 0x00000000e5560000)
  from space 21824K,  60% used [0x00000000e5560000, 0x00000000e6259900, 0x00000000e6ab0000)
  to   space 21824K,   0% used [0x00000000e6ab0000, 0x00000000e6ab0000, 0x00000000e8000000)
 concurrent mark-sweep generation total 393216K, used 0K [0x00000000e8000000, 0x0000000100000000, 0x0000000100000000)
 Metaspace       used 26934K, capacity 27480K, committed 27696K, reserved 1073152K
  class space    used 3096K, capacity 3267K, committed 3376K, reserved 1048576K
2017-06-01T08:58:57.348+0200: 4,126: [GC (Allocation Failure) 2017-06-01T08:58:57.348+0200: 4,126: [ParNew
Desired survivor size 20112992 bytes, new threshold 8 (max 8)
- age   1:    7816200 bytes,    7816200 total
- age   2:     204120 bytes,    8020320 total
- age   3:     198912 bytes,    8219232 total
- age   4:    1778784 bytes,    9998016 total
- age   5:      64368 bytes,   10062384 total
- age   6:      68120 bytes,   10130504 total
- age   7:     184144 bytes,   10314648 total
- age   8:     750280 bytes,   11064928 total
: 100710K->14176K(109248K), 0,0303462 secs] 100710K->20808K(502464K), 0,0304057 secs] [Times: user=0,10 sys=0,01, real=0,03 secs] 
Heap after GC invocations=9 (full 1):
 par new generation   total 109248K, used 14176K [0x00000000e0000000, 0x00000000e8000000, 0x00000000e8000000)
  eden space 87424K,   0% used [0x00000000e0000000, 0x00000000e0000000, 0x00000000e5560000)
  from space 21824K,  64% used [0x00000000e6ab0000, 0x00000000e7888110, 0x00000000e8000000)
  to   space 21824K,   0% used [0x00000000e5560000, 0x00000000e5560000, 0x00000000e6ab0000)
 concurrent mark-sweep generation total 393216K, used 6632K [0x00000000e8000000, 0x0000000100000000, 0x0000000100000000)
 Metaspace       used 26934K, capacity 27480K, committed 27696K, reserved 1073152K
  class space    used 3096K, capacity 3267K, committed 3376K, reserved 1048576K
}
2017-06-01T08:58:57.378+0200: 4,157: Total time for which application threads were stopped: 0,0305589 seconds, Stopping threads took: 0,0000253 seconds
2017-06-01T08:58:57.380+0200: 4,158: Total time for which application threads were stopped: 0,0001077 seconds, Stopping threads took: 0,0000340 seconds
2017-06-01T08:58:57.380+0200: 4,158: Total time for which application threads were stopped: 0,0000723 seconds, Stopping threads took: 0,0000280 seconds
2017-06-01T08:58:57.380+0200: 4,158: Total time for which application threads were stopped: 0,0000631 seconds, Stopping threads took: 0,0000254 seconds
2017-06-01T08:58:57.380+0200: 4,158: Total time for which application threads were stopped: 0,0000594 seconds, Stopping threads took: 0,0000227 seconds
2017-06-01T08:58:57.388+0200: 4,167: Total time for which application threads were stopped: 0,0001319 seconds, Stopping threads took: 0,0000492 seconds
2017-06-01T08:58:57.389+0200: 4,167: Total time for which application threads were stopped: 0,0000889 seconds, Stopping threads took: 0,0000178 seconds
2017-06-01T08:58:57.389+0200: 4,167: Total time for which application threads were stopped: 0,0000851 seconds, Stopping threads took: 0,0000189 seconds
2017-06-01T08:58:57.389+0200: 4,167: Total time for which application threads were stopped: 0,0000884 seconds, Stopping threads took: 0,0000362 seconds
2017-06-01T08:58:57.389+0200: 4,167: Total time for which application threads were stopped: 0,0000718 seconds, Stopping threads took: 0,0000222 seconds
2017-06-01T08:58:57.389+0200: 4,168: Total time for which application threads were stopped: 0,0000567 seconds, Stopping threads took: 0,0000125 seconds
2017-06-01T08:58:57.389+0200: 4,168: Total time for which application threads were stopped: 0,0000572 seconds, Stopping threads took: 0,0000121 seconds
2017-06-01T08:58:57.390+0200: 4,168: Total time for which application threads were stopped: 0,0000576 seconds, Stopping threads took: 0,0000113 seconds
2017-06-01T08:58:57.390+0200: 4,168: Total time for which application threads were stopped: 0,0000629 seconds, Stopping threads took: 0,0000258 seconds
2017-06-01T08:58:57.390+0200: 4,168: Total time for which application threads were stopped: 0,0000528 seconds, Stopping threads took: 0,0000193 seconds
2017-06-01T08:58:57.390+0200: 4,168: Total time for which application threads were stopped: 0,0000524 seconds, Stopping threads took: 0,0000203 seconds
2017-06-01T08:58:57.390+0200: 4,169: Total time for which application threads were stopped: 0,0000988 seconds, Stopping threads took: 0,0000258 seconds
2017-06-01T08:58:57.390+0200: 4,169: Total time for which application threads were stopped: 0,0000801 seconds, Stopping threads took: 0,0000186 seconds
2017-06-01T08:58:57.391+0200: 4,169: Total time for which application threads were stopped: 0,0000801 seconds, Stopping threads took: 0,0000195 seconds
2017-06-01T08:58:57.391+0200: 4,169: Total time for which application threads were stopped: 0,0000722 seconds, Stopping threads took: 0,0000197 seconds
2017-06-01T08:58:57.391+0200: 4,169: Total time for which application threads were stopped: 0,0001788 seconds, Stopping threads took: 0,0000104 seconds
2017-06-01T08:58:57.393+0200: 4,171: Total time for which application threads were stopped: 0,0001318 seconds, Stopping threads took: 0,0000346 seconds
2017-06-01T08:58:57.394+0200: 4,172: Total time for which application threads were stopped: 0,0001671 seconds, Stopping threads took: 0,0000244 seconds
2017-06-01T08:58:57.395+0200: 4,173: Total time for which application threads were stopped: 0,0001166 seconds, Stopping threads took: 0,0000353 seconds
2017-06-01T08:58:57.425+0200: 4,204: Total time for which application threads were stopped: 0,0001218 seconds, Stopping threads took: 0,0000437 seconds
2017-06-01T08:58:57.450+0200: 4,228: Total time for which application threads were stopped: 0,0001127 seconds, Stopping threads took: 0,0000361 seconds
2017-06-01T08:58:57.451+0200: 4,229: Total time for which application threads were stopped: 0,0003687 seconds, Stopping threads took: 0,0000192 seconds
2017-06-01T08:58:57.451+0200: 4,229: Total time for which application threads were stopped: 0,0000729 seconds, Stopping threads took: 0,0000204 seconds
2017-06-01T08:58:57.456+0200: 4,234: Total time for which application threads were stopped: 0,0006896 seconds, Stopping threads took: 0,0005911 seconds
2017-06-01T08:58:58.456+0200: 5,235: Total time for which application threads were stopped: 0,0000735 seconds, Stopping threads took: 0,0000197 seconds
2017-06-01T08:58:59.456+0200: 6,235: Total time for which application threads were stopped: 0,0000672 seconds, Stopping threads took: 0,0000166 seconds
2017-06-01T08:59:14.458+0200: 21,236: Total time for which application threads were stopped: 0,0001036 seconds, Stopping threads took: 0,0000330 seconds
2017-06-01T08:59:25.459+0200: 32,237: Total time for which application threads were stopped: 0,0000825 seconds, Stopping threads took: 0,0000189 seconds
2017-06-01T09:00:50.469+0200: 117,248: Total time for which application threads were stopped: 0,0000814 seconds, Stopping threads took: 0,0000321 seconds
2017-06-01T09:00:55.470+0200: 122,248: Total time for which application threads were stopped: 0,0000641 seconds, Stopping threads took: 0,0000163 seconds
2017-06-01T09:01:20.473+0200: 147,251: Total time for which application threads were stopped: 0,0001211 seconds, Stopping threads took: 0,0000465 seconds
2017-06-01T09:01:24.474+0200: 151,252: Total time for which application threads were stopped: 0,0000701 seconds, Stopping threads took: 0,0000161 seconds
2017-06-01T09:01:39.476+0200: 166,254: Total time for which application threads were stopped: 0,0001652 seconds, Stopping threads took: 0,0000617 seconds
2017-06-01T09:01:54.478+0200: 181,256: Total time for which application threads were stopped: 0,0000806 seconds, Stopping threads took: 0,0000187 seconds
2017-06-01T09:10:27.079+0200: 693,857: Total time for which application threads were stopped: 0,0003619 seconds, Stopping threads took: 0,0000166 seconds
2017-06-01T09:10:27.080+0200: 693,858: Total time for which application threads were stopped: 0,0006679 seconds, Stopping threads took: 0,0000188 seconds
2017-06-01T09:10:27.097+0200: 693,876: Total time for which application threads were stopped: 0,0027019 seconds, Stopping threads took: 0,0026359 seconds
2017-06-01T09:10:27.098+0200: 693,876: Total time for which application threads were stopped: 0,0000858 seconds, Stopping threads took: 0,0000243 seconds
2017-06-01T09:10:27.107+0200: 693,885: Total time for which application threads were stopped: 0,0001478 seconds, Stopping threads took: 0,0000665 seconds
2017-06-01T09:10:27.107+0200: 693,886: Total time for which application threads were stopped: 0,0001789 seconds, Stopping threads took: 0,0000585 seconds
2017-06-01T09:10:27.108+0200: 693,886: Total time for which application threads were stopped: 0,0001654 seconds, Stopping threads took: 0,0000606 seconds
2017-06-01T09:10:27.115+0200: 693,894: Total time for which application threads were stopped: 0,0001134 seconds, Stopping threads took: 0,0000405 seconds
2017-06-01T09:10:27.118+0200: 693,897: Total time for which application threads were stopped: 0,0025677 seconds, Stopping threads took: 0,0024841 seconds
2017-06-01T09:10:27.120+0200: 693,898: Total time for which application threads were stopped: 0,0015487 seconds, Stopping threads took: 0,0013559 seconds
2017-06-01T09:10:27.123+0200: 693,902: Total time for which application threads were stopped: 0,0022710 seconds, Stopping threads took: 0,0017311 seconds
2017-06-01T09:10:27.125+0200: 693,903: Total time for which application threads were stopped: 0,0009385 seconds, Stopping threads took: 0,0007215 seconds
2017-06-01T09:10:27.126+0200: 693,904: Total time for which application threads were stopped: 0,0001093 seconds, Stopping threads took: 0,0000344 seconds
2017-06-01T09:10:27.126+0200: 693,904: Total time for which application threads were stopped: 0,0000484 seconds, Stopping threads took: 0,0000224 seconds
2017-06-01T09:10:27.126+0200: 693,904: Total time for which application threads were stopped: 0,0000624 seconds, Stopping threads took: 0,0000335 seconds
2017-06-01T09:10:27.126+0200: 693,905: Total time for which application threads were stopped: 0,0000664 seconds, Stopping threads took: 0,0000282 seconds
2017-06-01T09:10:27.126+0200: 693,905: Total time for which application threads were stopped: 0,0000439 seconds, Stopping threads took: 0,0000230 seconds
2017-06-01T09:10:27.126+0200: 693,905: Total time for which application threads were stopped: 0,0000428 seconds, Stopping threads took: 0,0000165 seconds
2017-06-01T09:10:27.127+0200: 693,906: Total time for which application threads were stopped: 0,0000961 seconds, Stopping threads took: 0,0000459 seconds
2017-06-01T09:10:27.128+0200: 693,906: Total time for which application threads were stopped: 0,0000468 seconds, Stopping threads took: 0,0000175 seconds
2017-06-01T09:10:27.128+0200: 693,906: Total time for which application threads were stopped: 0,0000939 seconds, Stopping threads took: 0,0000705 seconds
2017-06-01T09:10:27.128+0200: 693,906: Total time for which application threads were stopped: 0,0000526 seconds, Stopping threads took: 0,0000250 seconds
2017-06-01T09:10:27.130+0200: 693,908: Total time for which application threads were stopped: 0,0002174 seconds, Stopping threads took: 0,0000648 seconds
2017-06-01T09:10:27.132+0200: 693,910: Total time for which application threads were stopped: 0,0013282 seconds, Stopping threads took: 0,0012698 seconds
2017-06-01T09:10:27.132+0200: 693,910: Total time for which application threads were stopped: 0,0000660 seconds, Stopping threads took: 0,0000215 seconds
2017-06-01T09:10:27.132+0200: 693,910: Total time for which application threads were stopped: 0,0000441 seconds, Stopping threads took: 0,0000198 seconds
2017-06-01T09:10:27.134+0200: 693,912: Total time for which application threads were stopped: 0,0000899 seconds, Stopping threads took: 0,0000230 seconds
2017-06-01T09:10:27.134+0200: 693,912: Total time for which application threads were stopped: 0,0000763 seconds, Stopping threads took: 0,0000296 seconds
2017-06-01T09:10:27.134+0200: 693,912: Total time for which application threads were stopped: 0,0000600 seconds, Stopping threads took: 0,0000203 seconds
2017-06-01T09:10:27.135+0200: 693,913: Total time for which application threads were stopped: 0,0006103 seconds, Stopping threads took: 0,0005585 seconds
2017-06-01T09:10:27.135+0200: 693,913: Total time for which application threads were stopped: 0,0000530 seconds, Stopping threads took: 0,0000105 seconds
2017-06-01T09:10:27.135+0200: 693,913: Total time for which application threads were stopped: 0,0000623 seconds, Stopping threads took: 0,0000178 seconds
2017-06-01T09:10:27.135+0200: 693,913: Total time for which application threads were stopped: 0,0000702 seconds, Stopping threads took: 0,0000263 seconds
2017-06-01T09:10:27.139+0200: 693,917: Total time for which application threads were stopped: 0,0024642 seconds, Stopping threads took: 0,0023795 seconds
2017-06-01T09:10:27.143+0200: 693,921: Total time for which application threads were stopped: 0,0008585 seconds, Stopping threads took: 0,0001925 seconds
2017-06-01T09:10:27.146+0200: 693,925: Total time for which application threads were stopped: 0,0001801 seconds, Stopping threads took: 0,0000750 seconds
2017-06-01T09:10:27.147+0200: 693,925: Total time for which application threads were stopped: 0,0000557 seconds, Stopping threads took: 0,0000204 seconds
2017-06-01T09:10:27.148+0200: 693,926: Total time for which application threads were stopped: 0,0001558 seconds, Stopping threads took: 0,0000499 seconds
Heap
 par new generation   total 109248K, used 50867K [0x00000000e0000000, 0x00000000e8000000, 0x00000000e8000000)
  eden space 87424K,  41% used [0x00000000e0000000, 0x00000000e23d4e08, 0x00000000e5560000)
  from space 21824K,  64% used [0x00000000e6ab0000, 0x00000000e7888110, 0x00000000e8000000)
  to   space 21824K,   0% used [0x00000000e5560000, 0x00000000e5560000, 0x00000000e6ab0000)
 concurrent mark-sweep generation total 393216K, used 6632K [0x00000000e8000000, 0x0000000100000000, 0x0000000100000000)
 Metaspace       used 28165K, capacity 28744K, committed 29104K, reserved 1075200K
  class space    used 3232K, capacity 3431K, committed 3504K, reserved 1048576K
