OpenJDK 64-Bit Server VM (25.111-b14) for linux-amd64 JRE (1.8.0_111-8u111-b14-2ubuntu0.16.04.2-b14), built on Oct 27 2016 18:10:19 by "buildd" with gcc 5.4.0 20160609
Memory: 4k page, physical 7867848k(7416716k free), swap 8076284k(8076284k free)
CommandLine flags: -XX:CMSInitiatingOccupancyFraction=50 -XX:CMSMaxAbortablePrecleanTime=6000 -XX:+CMSParallelRemarkEnabled -XX:+CMSScavengeBeforeRemark -XX:ConcGCThreads=4 -XX:InitialHeapSize=536870912 -XX:MaxHeapSize=536870912 -XX:MaxTenuringThreshold=8 -XX:NewRatio=3 -XX:OldPLABSize=16 -XX:OnOutOfMemoryError=/opt/solr/bin/oom_solr.sh 8983 /var/solr/logs -XX:ParallelGCThreads=4 -XX:+ParallelRefProcEnabled -XX:PretenureSizeThreshold=67108864 -XX:+PrintGC -XX:+PrintGCApplicationStoppedTime -XX:+PrintGCDateStamps -XX:+PrintGCDetails -XX:+PrintGCTimeStamps -XX:+PrintHeapAtGC -XX:+PrintTenuringDistribution -XX:SurvivorRatio=4 -XX:TargetSurvivorRatio=90 -XX:ThreadStackSize=256 -XX:+UseCMSInitiatingOccupancyOnly -XX:+UseCompressedClassPointers -XX:+UseCompressedOops -XX:+UseConcMarkSweepGC -XX:+UseParNewGC 
2016-11-17T22:08:43.491+0100: 0,170: Total time for which application threads were stopped: 0,0001241 seconds, Stopping threads took: 0,0000280 seconds
2016-11-17T22:08:43.591+0100: 0,270: Total time for which application threads were stopped: 0,0001753 seconds, Stopping threads took: 0,0000287 seconds
2016-11-17T22:08:43.603+0100: 0,283: Total time for which application threads were stopped: 0,0000701 seconds, Stopping threads took: 0,0000082 seconds
2016-11-17T22:08:43.821+0100: 0,500: Total time for which application threads were stopped: 0,0001591 seconds, Stopping threads took: 0,0000271 seconds
2016-11-17T22:08:44.203+0100: 0,882: Total time for which application threads were stopped: 0,0001872 seconds, Stopping threads took: 0,0000316 seconds
2016-11-17T22:08:44.352+0100: 1,031: Total time for which application threads were stopped: 0,0002219 seconds, Stopping threads took: 0,0000339 seconds
2016-11-17T22:08:44.431+0100: 1,110: Total time for which application threads were stopped: 0,0001877 seconds, Stopping threads took: 0,0000317 seconds
2016-11-17T22:08:44.990+0100: 1,670: Total time for which application threads were stopped: 0,0001869 seconds, Stopping threads took: 0,0000152 seconds
2016-11-17T22:08:45.264+0100: 1,943: Total time for which application threads were stopped: 0,0002526 seconds, Stopping threads took: 0,0000134 seconds
2016-11-17T22:08:45.295+0100: 1,975: Total time for which application threads were stopped: 0,0002244 seconds, Stopping threads took: 0,0000296 seconds
2016-11-17T22:08:45.297+0100: 1,976: Total time for which application threads were stopped: 0,0001958 seconds, Stopping threads took: 0,0000253 seconds
2016-11-17T22:08:45.315+0100: 1,994: Total time for which application threads were stopped: 0,0002727 seconds, Stopping threads took: 0,0000283 seconds
2016-11-17T22:08:45.482+0100: 2,161: Total time for which application threads were stopped: 0,0002456 seconds, Stopping threads took: 0,0000348 seconds
2016-11-17T22:08:45.682+0100: 2,361: Total time for which application threads were stopped: 0,0002612 seconds, Stopping threads took: 0,0000605 seconds
{Heap before GC invocations=0 (full 0):
 par new generation   total 109248K, used 87424K [0x00000000e0000000, 0x00000000e8000000, 0x00000000e8000000)
  eden space 87424K, 100% used [0x00000000e0000000, 0x00000000e5560000, 0x00000000e5560000)
  from space 21824K,   0% used [0x00000000e5560000, 0x00000000e5560000, 0x00000000e6ab0000)
  to   space 21824K,   0% used [0x00000000e6ab0000, 0x00000000e6ab0000, 0x00000000e8000000)
 concurrent mark-sweep generation total 393216K, used 0K [0x00000000e8000000, 0x0000000100000000, 0x0000000100000000)
 Metaspace       used 18338K, capacity 18686K, committed 18944K, reserved 1067008K
  class space    used 2090K, capacity 2226K, committed 2304K, reserved 1048576K
2016-11-17T22:08:45.843+0100: 2,523: [GC (Allocation Failure) 2016-11-17T22:08:45.843+0100: 2,523: [ParNew
Desired survivor size 20112992 bytes, new threshold 8 (max 8)
- age   1:   12573056 bytes,   12573056 total
: 87424K->12398K(109248K), 0,0400473 secs] 87424K->12398K(502464K), 0,0401595 secs] [Times: user=0,08 sys=0,00, real=0,04 secs] 
Heap after GC invocations=1 (full 0):
 par new generation   total 109248K, used 12398K [0x00000000e0000000, 0x00000000e8000000, 0x00000000e8000000)
  eden space 87424K,   0% used [0x00000000e0000000, 0x00000000e0000000, 0x00000000e5560000)
  from space 21824K,  56% used [0x00000000e6ab0000, 0x00000000e76cba28, 0x00000000e8000000)
  to   space 21824K,   0% used [0x00000000e5560000, 0x00000000e5560000, 0x00000000e6ab0000)
 concurrent mark-sweep generation total 393216K, used 0K [0x00000000e8000000, 0x0000000100000000, 0x0000000100000000)
 Metaspace       used 18338K, capacity 18686K, committed 18944K, reserved 1067008K
  class space    used 2090K, capacity 2226K, committed 2304K, reserved 1048576K
}
2016-11-17T22:08:45.884+0100: 2,563: Total time for which application threads were stopped: 0,0403911 seconds, Stopping threads took: 0,0000211 seconds
2016-11-17T22:08:46.082+0100: 2,761: Total time for which application threads were stopped: 0,0002868 seconds, Stopping threads took: 0,0000245 seconds
2016-11-17T22:08:46.118+0100: 2,797: Total time for which application threads were stopped: 0,0003821 seconds, Stopping threads took: 0,0000363 seconds
2016-11-17T22:08:46.147+0100: 2,826: Total time for which application threads were stopped: 0,0003548 seconds, Stopping threads took: 0,0000359 seconds
{Heap before GC invocations=1 (full 0):
 par new generation   total 109248K, used 99822K [0x00000000e0000000, 0x00000000e8000000, 0x00000000e8000000)
  eden space 87424K, 100% used [0x00000000e0000000, 0x00000000e5560000, 0x00000000e5560000)
  from space 21824K,  56% used [0x00000000e6ab0000, 0x00000000e76cba28, 0x00000000e8000000)
  to   space 21824K,   0% used [0x00000000e5560000, 0x00000000e5560000, 0x00000000e6ab0000)
 concurrent mark-sweep generation total 393216K, used 0K [0x00000000e8000000, 0x0000000100000000, 0x0000000100000000)
 Metaspace       used 20693K, capacity 21020K, committed 21248K, reserved 1069056K
  class space    used 2403K, capacity 2518K, committed 2560K, reserved 1048576K
2016-11-17T22:08:46.385+0100: 3,064: [GC (Allocation Failure) 2016-11-17T22:08:46.385+0100: 3,064: [ParNew
Desired survivor size 20112992 bytes, new threshold 8 (max 8)
- age   1:    3134176 bytes,    3134176 total
- age   2:    6138256 bytes,    9272432 total
: 99822K->13341K(109248K), 0,0192792 secs] 99822K->13341K(502464K), 0,0193607 secs] [Times: user=0,05 sys=0,00, real=0,02 secs] 
Heap after GC invocations=2 (full 0):
 par new generation   total 109248K, used 13341K [0x00000000e0000000, 0x00000000e8000000, 0x00000000e8000000)
  eden space 87424K,   0% used [0x00000000e0000000, 0x00000000e0000000, 0x00000000e5560000)
  from space 21824K,  61% used [0x00000000e5560000, 0x00000000e6267720, 0x00000000e6ab0000)
  to   space 21824K,   0% used [0x00000000e6ab0000, 0x00000000e6ab0000, 0x00000000e8000000)
 concurrent mark-sweep generation total 393216K, used 0K [0x00000000e8000000, 0x0000000100000000, 0x0000000100000000)
 Metaspace       used 20693K, capacity 21020K, committed 21248K, reserved 1069056K
  class space    used 2403K, capacity 2518K, committed 2560K, reserved 1048576K
}
2016-11-17T22:08:46.404+0100: 3,084: Total time for which application threads were stopped: 0,0195946 seconds, Stopping threads took: 0,0000362 seconds
2016-11-17T22:08:46.484+0100: 3,163: Total time for which application threads were stopped: 0,0001021 seconds, Stopping threads took: 0,0000186 seconds
2016-11-17T22:08:46.523+0100: 3,202: Total time for which application threads were stopped: 0,0002941 seconds, Stopping threads took: 0,0000158 seconds
2016-11-17T22:08:46.531+0100: 3,210: Total time for which application threads were stopped: 0,0001002 seconds, Stopping threads took: 0,0000200 seconds
2016-11-17T22:08:46.559+0100: 3,238: Total time for which application threads were stopped: 0,0000915 seconds, Stopping threads took: 0,0000251 seconds
2016-11-17T22:08:46.674+0100: 3,353: Total time for which application threads were stopped: 0,0002649 seconds, Stopping threads took: 0,0000470 seconds
2016-11-17T22:08:46.699+0100: 3,379: Total time for which application threads were stopped: 0,0001048 seconds, Stopping threads took: 0,0000238 seconds
2016-11-17T22:08:46.708+0100: 3,387: Total time for which application threads were stopped: 0,0003353 seconds, Stopping threads took: 0,0000130 seconds
2016-11-17T22:08:46.717+0100: 3,396: Total time for which application threads were stopped: 0,0003077 seconds, Stopping threads took: 0,0000140 seconds
2016-11-17T22:08:46.725+0100: 3,404: Total time for which application threads were stopped: 0,0001003 seconds, Stopping threads took: 0,0000213 seconds
2016-11-17T22:08:46.765+0100: 3,445: Total time for which application threads were stopped: 0,0000687 seconds, Stopping threads took: 0,0000191 seconds
2016-11-17T22:08:46.779+0100: 3,459: Total time for which application threads were stopped: 0,0000809 seconds, Stopping threads took: 0,0000200 seconds
2016-11-17T22:08:46.807+0100: 3,487: Total time for which application threads were stopped: 0,0001029 seconds, Stopping threads took: 0,0000247 seconds
2016-11-17T22:08:46.843+0100: 3,522: Total time for which application threads were stopped: 0,0000807 seconds, Stopping threads took: 0,0000142 seconds
2016-11-17T22:08:46.878+0100: 3,557: Total time for which application threads were stopped: 0,0012199 seconds, Stopping threads took: 0,0011023 seconds
2016-11-17T22:08:46.962+0100: 3,641: Total time for which application threads were stopped: 0,0001985 seconds, Stopping threads took: 0,0001001 seconds
2016-11-17T22:08:47.010+0100: 3,690: Total time for which application threads were stopped: 0,0001160 seconds, Stopping threads took: 0,0000303 seconds
{Heap before GC invocations=2 (full 0):
 par new generation   total 109248K, used 100765K [0x00000000e0000000, 0x00000000e8000000, 0x00000000e8000000)
  eden space 87424K, 100% used [0x00000000e0000000, 0x00000000e5560000, 0x00000000e5560000)
  from space 21824K,  61% used [0x00000000e5560000, 0x00000000e6267720, 0x00000000e6ab0000)
  to   space 21824K,   0% used [0x00000000e6ab0000, 0x00000000e6ab0000, 0x00000000e8000000)
 concurrent mark-sweep generation total 393216K, used 0K [0x00000000e8000000, 0x0000000100000000, 0x0000000100000000)
 Metaspace       used 24800K, capacity 25224K, committed 25536K, reserved 1071104K
  class space    used 2896K, capacity 3025K, committed 3092K, reserved 1048576K
2016-11-17T22:08:47.027+0100: 3,706: [GC (Allocation Failure) 2016-11-17T22:08:47.027+0100: 3,706: [ParNew
Desired survivor size 20112992 bytes, new threshold 8 (max 8)
- age   1:    6688936 bytes,    6688936 total
- age   2:     521072 bytes,    7210008 total
- age   3:    6130768 bytes,   13340776 total
: 100765K->15904K(109248K), 0,0468222 secs] 100765K->15904K(502464K), 0,0469077 secs] [Times: user=0,07 sys=0,00, real=0,04 secs] 
Heap after GC invocations=3 (full 0):
 par new generation   total 109248K, used 15904K [0x00000000e0000000, 0x00000000e8000000, 0x00000000e8000000)
  eden space 87424K,   0% used [0x00000000e0000000, 0x00000000e0000000, 0x00000000e5560000)
  from space 21824K,  72% used [0x00000000e6ab0000, 0x00000000e7a38320, 0x00000000e8000000)
  to   space 21824K,   0% used [0x00000000e5560000, 0x00000000e5560000, 0x00000000e6ab0000)
 concurrent mark-sweep generation total 393216K, used 0K [0x00000000e8000000, 0x0000000100000000, 0x0000000100000000)
 Metaspace       used 24800K, capacity 25224K, committed 25536K, reserved 1071104K
  class space    used 2896K, capacity 3025K, committed 3092K, reserved 1048576K
}
2016-11-17T22:08:47.074+0100: 3,753: Total time for which application threads were stopped: 0,0471150 seconds, Stopping threads took: 0,0000634 seconds
2016-11-17T22:08:47.078+0100: 3,758: [GC (CMS Initial Mark) [1 CMS-initial-mark: 0K(393216K)] 16274K(502464K), 0,0111947 secs] [Times: user=0,02 sys=0,00, real=0,01 secs] 
2016-11-17T22:08:47.090+0100: 3,769: Total time for which application threads were stopped: 0,0114229 seconds, Stopping threads took: 0,0000469 seconds
2016-11-17T22:08:47.090+0100: 3,769: [CMS-concurrent-mark-start]
2016-11-17T22:08:47.093+0100: 3,773: [CMS-concurrent-mark: 0,004/0,004 secs] [Times: user=0,00 sys=0,00, real=0,00 secs] 
2016-11-17T22:08:47.093+0100: 3,773: [CMS-concurrent-preclean-start]
2016-11-17T22:08:47.094+0100: 3,773: [CMS-concurrent-preclean: 0,001/0,001 secs] [Times: user=0,00 sys=0,00, real=0,00 secs] 
2016-11-17T22:08:47.094+0100: 3,774: [GC (CMS Final Remark) [YG occupancy: 17676 K (109248 K)]{Heap before GC invocations=3 (full 1):
 par new generation   total 109248K, used 17676K [0x00000000e0000000, 0x00000000e8000000, 0x00000000e8000000)
  eden space 87424K,   2% used [0x00000000e0000000, 0x00000000e01baf18, 0x00000000e5560000)
  from space 21824K,  72% used [0x00000000e6ab0000, 0x00000000e7a38320, 0x00000000e8000000)
  to   space 21824K,   0% used [0x00000000e5560000, 0x00000000e5560000, 0x00000000e6ab0000)
 concurrent mark-sweep generation total 393216K, used 0K [0x00000000e8000000, 0x0000000100000000, 0x0000000100000000)
 Metaspace       used 24846K, capacity 25256K, committed 25536K, reserved 1071104K
  class space    used 2899K, capacity 3057K, committed 3092K, reserved 1048576K
2016-11-17T22:08:47.094+0100: 3,774: [GC (CMS Final Remark) 2016-11-17T22:08:47.094+0100: 3,774: [ParNew
Desired survivor size 20112992 bytes, new threshold 8 (max 8)
- age   1:      45120 bytes,      45120 total
- age   2:    3146792 bytes,    3191912 total
- age   3:     508872 bytes,    3700784 total
- age   4:    6131752 bytes,    9832536 total
: 17676K->19418K(109248K), 0,0270337 secs] 17676K->19418K(502464K), 0,0270727 secs] [Times: user=0,05 sys=0,00, real=0,03 secs] 
Heap after GC invocations=4 (full 1):
 par new generation   total 109248K, used 19418K [0x00000000e0000000, 0x00000000e8000000, 0x00000000e8000000)
  eden space 87424K,   0% used [0x00000000e0000000, 0x00000000e0000000, 0x00000000e5560000)
  from space 21824K,  88% used [0x00000000e5560000, 0x00000000e6856b80, 0x00000000e6ab0000)
  to   space 21824K,   0% used [0x00000000e6ab0000, 0x00000000e6ab0000, 0x00000000e8000000)
 concurrent mark-sweep generation total 393216K, used 0K [0x00000000e8000000, 0x0000000100000000, 0x0000000100000000)
 Metaspace       used 24846K, capacity 25256K, committed 25536K, reserved 1071104K
  class space    used 2899K, capacity 3057K, committed 3092K, reserved 1048576K
}
2016-11-17T22:08:47.121+0100: 3,801: [Rescan (parallel) , 0,0143806 secs]2016-11-17T22:08:47.136+0100: 3,815: [weak refs processing, 0,0043132 secs]2016-11-17T22:08:47.140+0100: 3,820: [class unloading, 0,0047221 secs]2016-11-17T22:08:47.145+0100: 3,824: [scrub symbol table, 0,0074347 secs]2016-11-17T22:08:47.152+0100: 3,832: [scrub string table, 0,0007208 secs][1 CMS-remark: 0K(393216K)] 19418K(502464K), 0,0597488 secs] [Times: user=0,10 sys=0,00, real=0,06 secs] 
2016-11-17T22:08:47.154+0100: 3,833: Total time for which application threads were stopped: 0,0598873 seconds, Stopping threads took: 0,0000355 seconds
2016-11-17T22:08:47.159+0100: 3,838: [CMS-concurrent-sweep-start]
2016-11-17T22:08:47.159+0100: 3,838: [CMS-concurrent-sweep: 0,000/0,000 secs] [Times: user=0,00 sys=0,00, real=0,00 secs] 
2016-11-17T22:08:47.159+0100: 3,838: [CMS-concurrent-reset-start]
2016-11-17T22:08:47.161+0100: 3,840: [CMS-concurrent-reset: 0,002/0,002 secs] [Times: user=0,00 sys=0,00, real=0,00 secs] 
2016-11-17T22:08:47.399+0100: 4,078: Total time for which application threads were stopped: 0,0036982 seconds, Stopping threads took: 0,0032182 seconds
2016-11-17T22:09:15.403+0100: 32,082: Total time for which application threads were stopped: 0,0000582 seconds, Stopping threads took: 0,0000171 seconds
2016-11-17T22:11:26.434+0100: 163,114: Total time for which application threads were stopped: 0,0002112 seconds, Stopping threads took: 0,0000678 seconds
2016-11-17T22:11:31.436+0100: 168,115: Total time for which application threads were stopped: 0,0001377 seconds, Stopping threads took: 0,0000398 seconds
2016-11-17T22:12:41.449+0100: 238,128: Total time for which application threads were stopped: 0,0001653 seconds, Stopping threads took: 0,0000686 seconds
2016-11-17T22:13:31.455+0100: 288,134: Total time for which application threads were stopped: 0,0001589 seconds, Stopping threads took: 0,0000659 seconds
2016-11-17T22:32:24.623+0100: 1421,303: Total time for which application threads were stopped: 0,0000839 seconds, Stopping threads took: 0,0000330 seconds
2016-11-17T22:36:54.658+0100: 1691,337: Total time for which application threads were stopped: 0,0001122 seconds, Stopping threads took: 0,0000452 seconds
2016-11-17T22:47:24.738+0100: 2321,418: Total time for which application threads were stopped: 0,0000803 seconds, Stopping threads took: 0,0000329 seconds
2016-11-17T22:47:25.738+0100: 2322,418: Total time for which application threads were stopped: 0,0000565 seconds, Stopping threads took: 0,0000143 seconds
2016-11-17T22:49:55.757+0100: 2472,436: Total time for which application threads were stopped: 0,0000751 seconds, Stopping threads took: 0,0000327 seconds
2016-11-17T22:55:39.800+0100: 2816,479: Total time for which application threads were stopped: 0,0000798 seconds, Stopping threads took: 0,0000320 seconds
2016-11-17T22:55:59.802+0100: 2836,482: Total time for which application threads were stopped: 0,0000763 seconds, Stopping threads took: 0,0000182 seconds
2016-11-17T23:01:55.839+0100: 3192,518: Total time for which application threads were stopped: 0,0005115 seconds, Stopping threads took: 0,0002570 seconds
2016-11-17T23:02:00.840+0100: 3197,519: Total time for which application threads were stopped: 0,0000827 seconds, Stopping threads took: 0,0000257 seconds
2016-11-17T23:10:15.885+0100: 3692,565: Total time for which application threads were stopped: 0,0001050 seconds, Stopping threads took: 0,0000411 seconds
2016-11-17T23:10:29.887+0100: 3706,566: Total time for which application threads were stopped: 0,0004143 seconds, Stopping threads took: 0,0001081 seconds
2016-11-17T23:12:34.898+0100: 3831,577: Total time for which application threads were stopped: 0,0001261 seconds, Stopping threads took: 0,0000473 seconds
2016-11-17T23:14:04.906+0100: 3921,585: Total time for which application threads were stopped: 0,0000977 seconds, Stopping threads took: 0,0000405 seconds
2016-11-17T23:15:45.915+0100: 4022,595: Total time for which application threads were stopped: 0,0000998 seconds, Stopping threads took: 0,0000404 seconds
2016-11-17T23:44:42.622+0100: 5759,302: Total time for which application threads were stopped: 0,0001429 seconds, Stopping threads took: 0,0000310 seconds
Heap
 par new generation   total 109248K, used 63857K [0x00000000e0000000, 0x00000000e8000000, 0x00000000e8000000)
  eden space 87424K,  50% used [0x00000000e0000000, 0x00000000e2b65990, 0x00000000e5560000)
  from space 21824K,  88% used [0x00000000e5560000, 0x00000000e6856b80, 0x00000000e6ab0000)
  to   space 21824K,   0% used [0x00000000e6ab0000, 0x00000000e6ab0000, 0x00000000e8000000)
 concurrent mark-sweep generation total 393216K, used 0K [0x00000000e8000000, 0x0000000100000000, 0x0000000100000000)
 Metaspace       used 27136K, capacity 27598K, committed 27924K, reserved 1073152K
  class space    used 3161K, capacity 3320K, committed 3348K, reserved 1048576K
