OpenJDK 64-Bit Server VM (25.131-b11) for linux-amd64 JRE (1.8.0_131-8u131-b11-0ubuntu1.16.04.2-b11), built on May  6 2017 02:45:27 by "buildd" with gcc 5.4.0 20160609
Memory: 4k page, physical 7867740k(7397968k free), swap 8076284k(8076284k free)
CommandLine flags: -XX:CMSInitiatingOccupancyFraction=50 -XX:CMSMaxAbortablePrecleanTime=6000 -XX:+CMSParallelRemarkEnabled -XX:+CMSScavengeBeforeRemark -XX:ConcGCThreads=4 -XX:InitialHeapSize=536870912 -XX:MaxHeapSize=536870912 -XX:MaxTenuringThreshold=8 -XX:NewRatio=3 -XX:OldPLABSize=16 -XX:OnOutOfMemoryError=/opt/solr/bin/oom_solr.sh 8983 /var/solr/logs -XX:ParallelGCThreads=4 -XX:+ParallelRefProcEnabled -XX:PretenureSizeThreshold=67108864 -XX:+PrintGC -XX:+PrintGCApplicationStoppedTime -XX:+PrintGCDateStamps -XX:+PrintGCDetails -XX:+PrintGCTimeStamps -XX:+PrintHeapAtGC -XX:+PrintTenuringDistribution -XX:SurvivorRatio=4 -XX:TargetSurvivorRatio=90 -XX:ThreadStackSize=256 -XX:+UseCMSInitiatingOccupancyOnly -XX:+UseCompressedClassPointers -XX:+UseCompressedOops -XX:+UseConcMarkSweepGC -XX:+UseParNewGC 
2017-05-21T00:30:17.768+0200: 0,115: Total time for which application threads were stopped: 0,0000668 seconds, Stopping threads took: 0,0000128 seconds
2017-05-21T00:30:17.834+0200: 0,181: Total time for which application threads were stopped: 0,0001084 seconds, Stopping threads took: 0,0000172 seconds
2017-05-21T00:30:17.843+0200: 0,190: Total time for which application threads were stopped: 0,0000741 seconds, Stopping threads took: 0,0000174 seconds
2017-05-21T00:30:17.971+0200: 0,317: Total time for which application threads were stopped: 0,0002052 seconds, Stopping threads took: 0,0000550 seconds
2017-05-21T00:30:18.127+0200: 0,474: Total time for which application threads were stopped: 0,0001058 seconds, Stopping threads took: 0,0000133 seconds
2017-05-21T00:30:18.175+0200: 0,522: Total time for which application threads were stopped: 0,0001534 seconds, Stopping threads took: 0,0000254 seconds
2017-05-21T00:30:18.188+0200: 0,534: Total time for which application threads were stopped: 0,0001922 seconds, Stopping threads took: 0,0000257 seconds
2017-05-21T00:30:18.428+0200: 0,775: Total time for which application threads were stopped: 0,0001896 seconds, Stopping threads took: 0,0000121 seconds
2017-05-21T00:30:18.598+0200: 0,945: Total time for which application threads were stopped: 0,0002727 seconds, Stopping threads took: 0,0000287 seconds
2017-05-21T00:30:18.621+0200: 0,968: Total time for which application threads were stopped: 0,0002875 seconds, Stopping threads took: 0,0000118 seconds
2017-05-21T00:30:18.653+0200: 0,999: Total time for which application threads were stopped: 0,0002458 seconds, Stopping threads took: 0,0000346 seconds
2017-05-21T00:30:18.654+0200: 1,001: Total time for which application threads were stopped: 0,0001746 seconds, Stopping threads took: 0,0000182 seconds
2017-05-21T00:30:18.672+0200: 1,019: Total time for which application threads were stopped: 0,0001922 seconds, Stopping threads took: 0,0000135 seconds
2017-05-21T00:30:18.762+0200: 1,108: Total time for which application threads were stopped: 0,0002906 seconds, Stopping threads took: 0,0000460 seconds
2017-05-21T00:30:19.143+0200: 1,490: Total time for which application threads were stopped: 0,0098395 seconds, Stopping threads took: 0,0094886 seconds
{Heap before GC invocations=0 (full 0):
 par new generation   total 109248K, used 87424K [0x00000000e0000000, 0x00000000e8000000, 0x00000000e8000000)
  eden space 87424K, 100% used [0x00000000e0000000, 0x00000000e5560000, 0x00000000e5560000)
  from space 21824K,   0% used [0x00000000e5560000, 0x00000000e5560000, 0x00000000e6ab0000)
  to   space 21824K,   0% used [0x00000000e6ab0000, 0x00000000e6ab0000, 0x00000000e8000000)
 concurrent mark-sweep generation total 393216K, used 0K [0x00000000e8000000, 0x0000000100000000, 0x0000000100000000)
 Metaspace       used 18027K, capacity 18336K, committed 18688K, reserved 1064960K
  class space    used 2040K, capacity 2196K, committed 2304K, reserved 1048576K
2017-05-21T00:30:19.386+0200: 1,733: [GC (Allocation Failure) 2017-05-21T00:30:19.387+0200: 1,733: [ParNew
Desired survivor size 20112992 bytes, new threshold 8 (max 8)
- age   1:   12616384 bytes,   12616384 total
: 87424K->12438K(109248K), 0,0974142 secs] 87424K->12438K(502464K), 0,0975026 secs] [Times: user=0,07 sys=0,02, real=0,10 secs] 
Heap after GC invocations=1 (full 0):
 par new generation   total 109248K, used 12438K [0x00000000e0000000, 0x00000000e8000000, 0x00000000e8000000)
  eden space 87424K,   0% used [0x00000000e0000000, 0x00000000e0000000, 0x00000000e5560000)
  from space 21824K,  56% used [0x00000000e6ab0000, 0x00000000e76d59d0, 0x00000000e8000000)
  to   space 21824K,   0% used [0x00000000e5560000, 0x00000000e5560000, 0x00000000e6ab0000)
 concurrent mark-sweep generation total 393216K, used 0K [0x00000000e8000000, 0x0000000100000000, 0x0000000100000000)
 Metaspace       used 18027K, capacity 18336K, committed 18688K, reserved 1064960K
  class space    used 2040K, capacity 2196K, committed 2304K, reserved 1048576K
}
2017-05-21T00:30:19.484+0200: 1,831: Total time for which application threads were stopped: 0,0977958 seconds, Stopping threads took: 0,0000400 seconds
2017-05-21T00:30:19.978+0200: 2,325: Total time for which application threads were stopped: 0,0007090 seconds, Stopping threads took: 0,0001731 seconds
2017-05-21T00:30:20.034+0200: 2,381: Total time for which application threads were stopped: 0,0004363 seconds, Stopping threads took: 0,0001165 seconds
{Heap before GC invocations=1 (full 0):
 par new generation   total 109248K, used 99862K [0x00000000e0000000, 0x00000000e8000000, 0x00000000e8000000)
  eden space 87424K, 100% used [0x00000000e0000000, 0x00000000e5560000, 0x00000000e5560000)
  from space 21824K,  56% used [0x00000000e6ab0000, 0x00000000e76d59d0, 0x00000000e8000000)
  to   space 21824K,   0% used [0x00000000e5560000, 0x00000000e5560000, 0x00000000e6ab0000)
 concurrent mark-sweep generation total 393216K, used 0K [0x00000000e8000000, 0x0000000100000000, 0x0000000100000000)
 Metaspace       used 20022K, capacity 20374K, committed 20736K, reserved 1067008K
  class space    used 2299K, capacity 2473K, committed 2560K, reserved 1048576K
2017-05-21T00:30:20.063+0200: 2,409: [GC (Allocation Failure) 2017-05-21T00:30:20.063+0200: 2,410: [ParNew
Desired survivor size 20112992 bytes, new threshold 8 (max 8)
- age   1:    3641640 bytes,    3641640 total
- age   2:    6664632 bytes,   10306272 total
: 99862K->13778K(109248K), 0,0170975 secs] 99862K->13778K(502464K), 0,0172811 secs] [Times: user=0,04 sys=0,02, real=0,01 secs] 
Heap after GC invocations=2 (full 0):
 par new generation   total 109248K, used 13778K [0x00000000e0000000, 0x00000000e8000000, 0x00000000e8000000)
  eden space 87424K,   0% used [0x00000000e0000000, 0x00000000e0000000, 0x00000000e5560000)
  from space 21824K,  63% used [0x00000000e5560000, 0x00000000e62d4930, 0x00000000e6ab0000)
  to   space 21824K,   0% used [0x00000000e6ab0000, 0x00000000e6ab0000, 0x00000000e8000000)
 concurrent mark-sweep generation total 393216K, used 0K [0x00000000e8000000, 0x0000000100000000, 0x0000000100000000)
 Metaspace       used 20022K, capacity 20374K, committed 20736K, reserved 1067008K
  class space    used 2299K, capacity 2473K, committed 2560K, reserved 1048576K
}
2017-05-21T00:30:20.080+0200: 2,427: Total time for which application threads were stopped: 0,0185830 seconds, Stopping threads took: 0,0009431 seconds
2017-05-21T00:30:20.125+0200: 2,471: Total time for which application threads were stopped: 0,0012857 seconds, Stopping threads took: 0,0001846 seconds
2017-05-21T00:30:20.343+0200: 2,689: Total time for which application threads were stopped: 0,0002006 seconds, Stopping threads took: 0,0000647 seconds
{Heap before GC invocations=2 (full 0):
 par new generation   total 109248K, used 101202K [0x00000000e0000000, 0x00000000e8000000, 0x00000000e8000000)
  eden space 87424K, 100% used [0x00000000e0000000, 0x00000000e5560000, 0x00000000e5560000)
  from space 21824K,  63% used [0x00000000e5560000, 0x00000000e62d4930, 0x00000000e6ab0000)
  to   space 21824K,   0% used [0x00000000e6ab0000, 0x00000000e6ab0000, 0x00000000e8000000)
 concurrent mark-sweep generation total 393216K, used 0K [0x00000000e8000000, 0x0000000100000000, 0x0000000100000000)
 Metaspace       used 20949K, capacity 21296K, committed 21552K, reserved 1069056K
  class space    used 2419K, capacity 2592K, committed 2608K, reserved 1048576K
2017-05-21T00:30:20.374+0200: 2,721: [GC (Allocation Failure) 2017-05-21T00:30:20.375+0200: 2,721: [ParNew
Desired survivor size 20112992 bytes, new threshold 8 (max 8)
- age   1:    1984728 bytes,    1984728 total
- age   2:     858176 bytes,    2842904 total
- age   3:    6660880 bytes,    9503784 total
: 101202K->11485K(109248K), 0,0138246 secs] 101202K->11485K(502464K), 0,0139159 secs] [Times: user=0,06 sys=0,00, real=0,01 secs] 
Heap after GC invocations=3 (full 0):
 par new generation   total 109248K, used 11485K [0x00000000e0000000, 0x00000000e8000000, 0x00000000e8000000)
  eden space 87424K,   0% used [0x00000000e0000000, 0x00000000e0000000, 0x00000000e5560000)
  from space 21824K,  52% used [0x00000000e6ab0000, 0x00000000e75e74c0, 0x00000000e8000000)
  to   space 21824K,   0% used [0x00000000e5560000, 0x00000000e5560000, 0x00000000e6ab0000)
 concurrent mark-sweep generation total 393216K, used 0K [0x00000000e8000000, 0x0000000100000000, 0x0000000100000000)
 Metaspace       used 20949K, capacity 21296K, committed 21552K, reserved 1069056K
  class space    used 2419K, capacity 2592K, committed 2608K, reserved 1048576K
}
2017-05-21T00:30:20.388+0200: 2,735: Total time for which application threads were stopped: 0,0141360 seconds, Stopping threads took: 0,0000305 seconds
2017-05-21T00:30:20.389+0200: 2,735: [GC (CMS Initial Mark) [1 CMS-initial-mark: 0K(393216K)] 12215K(502464K), 0,0059167 secs] [Times: user=0,02 sys=0,00, real=0,01 secs] 
2017-05-21T00:30:20.395+0200: 2,741: Total time for which application threads were stopped: 0,0060874 seconds, Stopping threads took: 0,0000366 seconds
2017-05-21T00:30:20.395+0200: 2,741: [CMS-concurrent-mark-start]
2017-05-21T00:30:20.395+0200: 2,742: [CMS-concurrent-mark: 0,001/0,001 secs] [Times: user=0,00 sys=0,00, real=0,00 secs] 
2017-05-21T00:30:20.395+0200: 2,742: [CMS-concurrent-preclean-start]
2017-05-21T00:30:20.396+0200: 2,743: [CMS-concurrent-preclean: 0,001/0,001 secs] [Times: user=0,01 sys=0,00, real=0,00 secs] 
2017-05-21T00:30:20.396+0200: 2,743: [CMS-concurrent-abortable-preclean-start]
{Heap before GC invocations=3 (full 1):
 par new generation   total 109248K, used 98909K [0x00000000e0000000, 0x00000000e8000000, 0x00000000e8000000)
  eden space 87424K, 100% used [0x00000000e0000000, 0x00000000e5560000, 0x00000000e5560000)
  from space 21824K,  52% used [0x00000000e6ab0000, 0x00000000e75e74c0, 0x00000000e8000000)
  to   space 21824K,   0% used [0x00000000e5560000, 0x00000000e5560000, 0x00000000e6ab0000)
 concurrent mark-sweep generation total 393216K, used 0K [0x00000000e8000000, 0x0000000100000000, 0x0000000100000000)
 Metaspace       used 21232K, capacity 21566K, committed 21628K, reserved 1069056K
  class space    used 2448K, capacity 2606K, committed 2608K, reserved 1048576K
2017-05-21T00:30:20.518+0200: 2,865: [GC (Allocation Failure) 2017-05-21T00:30:20.518+0200: 2,865: [ParNew
Desired survivor size 20112992 bytes, new threshold 8 (max 8)
- age   1:     560880 bytes,     560880 total
- age   2:    1447336 bytes,    2008216 total
- age   3:     834544 bytes,    2842760 total
- age   4:    6660856 bytes,    9503616 total
: 98909K->14693K(109248K), 0,0125694 secs] 98909K->14693K(502464K), 0,0126509 secs] [Times: user=0,04 sys=0,00, real=0,01 secs] 
Heap after GC invocations=4 (full 1):
 par new generation   total 109248K, used 14693K [0x00000000e0000000, 0x00000000e8000000, 0x00000000e8000000)
  eden space 87424K,   0% used [0x00000000e0000000, 0x00000000e0000000, 0x00000000e5560000)
  from space 21824K,  67% used [0x00000000e5560000, 0x00000000e63b9710, 0x00000000e6ab0000)
  to   space 21824K,   0% used [0x00000000e6ab0000, 0x00000000e6ab0000, 0x00000000e8000000)
 concurrent mark-sweep generation total 393216K, used 0K [0x00000000e8000000, 0x0000000100000000, 0x0000000100000000)
 Metaspace       used 21232K, capacity 21566K, committed 21628K, reserved 1069056K
  class space    used 2448K, capacity 2606K, committed 2608K, reserved 1048576K
}
2017-05-21T00:30:20.531+0200: 2,878: Total time for which application threads were stopped: 0,0128836 seconds, Stopping threads took: 0,0000503 seconds
2017-05-21T00:30:20.531+0200: 2,878: [CMS-concurrent-abortable-preclean: 0,084/0,135 secs] [Times: user=0,50 sys=0,00, real=0,13 secs] 
2017-05-21T00:30:20.534+0200: 2,881: [GC (CMS Final Remark) [YG occupancy: 15366 K (109248 K)]{Heap before GC invocations=4 (full 1):
 par new generation   total 109248K, used 15366K [0x00000000e0000000, 0x00000000e8000000, 0x00000000e8000000)
  eden space 87424K,   0% used [0x00000000e0000000, 0x00000000e00a83f8, 0x00000000e5560000)
  from space 21824K,  67% used [0x00000000e5560000, 0x00000000e63b9710, 0x00000000e6ab0000)
  to   space 21824K,   0% used [0x00000000e6ab0000, 0x00000000e6ab0000, 0x00000000e8000000)
 concurrent mark-sweep generation total 393216K, used 0K [0x00000000e8000000, 0x0000000100000000, 0x0000000100000000)
 Metaspace       used 21232K, capacity 21566K, committed 21628K, reserved 1069056K
  class space    used 2448K, capacity 2606K, committed 2608K, reserved 1048576K
2017-05-21T00:30:20.534+0200: 2,881: [GC (CMS Final Remark) 2017-05-21T00:30:20.534+0200: 2,881: [ParNew
Desired survivor size 20112992 bytes, new threshold 8 (max 8)
- age   1:     115456 bytes,     115456 total
- age   2:     560840 bytes,     676296 total
- age   3:    1447336 bytes,    2123632 total
- age   4:     834544 bytes,    2958176 total
- age   5:    6660856 bytes,    9619032 total
: 15366K->12153K(109248K), 0,0101064 secs] 15366K->12153K(502464K), 0,0101468 secs] [Times: user=0,02 sys=0,00, real=0,01 secs] 
Heap after GC invocations=5 (full 1):
 par new generation   total 109248K, used 12153K [0x00000000e0000000, 0x00000000e8000000, 0x00000000e8000000)
  eden space 87424K,   0% used [0x00000000e0000000, 0x00000000e0000000, 0x00000000e5560000)
  from space 21824K,  55% used [0x00000000e6ab0000, 0x00000000e768e470, 0x00000000e8000000)
  to   space 21824K,   0% used [0x00000000e5560000, 0x00000000e5560000, 0x00000000e6ab0000)
 concurrent mark-sweep generation total 393216K, used 0K [0x00000000e8000000, 0x0000000100000000, 0x0000000100000000)
 Metaspace       used 21232K, capacity 21566K, committed 21628K, reserved 1069056K
  class space    used 2448K, capacity 2606K, committed 2608K, reserved 1048576K
}
2017-05-21T00:30:20.544+0200: 2,891: [Rescan (parallel) , 0,0033273 secs]2017-05-21T00:30:20.548+0200: 2,894: [weak refs processing, 0,0005089 secs]2017-05-21T00:30:20.548+0200: 2,895: [class unloading, 0,0028228 secs]2017-05-21T00:30:20.551+0200: 2,898: [scrub symbol table, 0,0024691 secs]2017-05-21T00:30:20.554+0200: 2,900: [scrub string table, 0,0003663 secs][1 CMS-remark: 0K(393216K)] 12153K(502464K), 0,0202985 secs] [Times: user=0,04 sys=0,00, real=0,02 secs] 
2017-05-21T00:30:20.555+0200: 2,901: Total time for which application threads were stopped: 0,0234336 seconds, Stopping threads took: 0,0030498 seconds
2017-05-21T00:30:20.557+0200: 2,904: [CMS-concurrent-sweep-start]
2017-05-21T00:30:20.557+0200: 2,904: [CMS-concurrent-sweep: 0,000/0,000 secs] [Times: user=0,00 sys=0,00, real=0,00 secs] 
2017-05-21T00:30:20.557+0200: 2,904: [CMS-concurrent-reset-start]
2017-05-21T00:30:20.559+0200: 2,906: [CMS-concurrent-reset: 0,002/0,002 secs] [Times: user=0,00 sys=0,00, real=0,00 secs] 
{Heap before GC invocations=5 (full 1):
 par new generation   total 109248K, used 99577K [0x00000000e0000000, 0x00000000e8000000, 0x00000000e8000000)
  eden space 87424K, 100% used [0x00000000e0000000, 0x00000000e5560000, 0x00000000e5560000)
  from space 21824K,  55% used [0x00000000e6ab0000, 0x00000000e768e470, 0x00000000e8000000)
  to   space 21824K,   0% used [0x00000000e5560000, 0x00000000e5560000, 0x00000000e6ab0000)
 concurrent mark-sweep generation total 393216K, used 0K [0x00000000e8000000, 0x0000000100000000, 0x0000000100000000)
 Metaspace       used 21364K, capacity 21802K, committed 22012K, reserved 1069056K
  class space    used 2468K, capacity 2640K, committed 2736K, reserved 1048576K
2017-05-21T00:30:20.645+0200: 2,992: [GC (Allocation Failure) 2017-05-21T00:30:20.645+0200: 2,992: [ParNew
Desired survivor size 20112992 bytes, new threshold 8 (max 8)
- age   1:     362616 bytes,     362616 total
- age   3:     192712 bytes,     555328 total
- age   4:    1446816 bytes,    2002144 total
- age   5:     832496 bytes,    2834640 total
- age   6:    6661072 bytes,    9495712 total
: 99577K->10411K(109248K), 0,0098403 secs] 99577K->10411K(502464K), 0,0099195 secs] [Times: user=0,03 sys=0,00, real=0,01 secs] 
Heap after GC invocations=6 (full 1):
 par new generation   total 109248K, used 10411K [0x00000000e0000000, 0x00000000e8000000, 0x00000000e8000000)
  eden space 87424K,   0% used [0x00000000e0000000, 0x00000000e0000000, 0x00000000e5560000)
  from space 21824K,  47% used [0x00000000e5560000, 0x00000000e5f8aef0, 0x00000000e6ab0000)
  to   space 21824K,   0% used [0x00000000e6ab0000, 0x00000000e6ab0000, 0x00000000e8000000)
 concurrent mark-sweep generation total 393216K, used 0K [0x00000000e8000000, 0x0000000100000000, 0x0000000100000000)
 Metaspace       used 21364K, capacity 21802K, committed 22012K, reserved 1069056K
  class space    used 2468K, capacity 2640K, committed 2736K, reserved 1048576K
}
2017-05-21T00:30:20.655+0200: 3,002: Total time for which application threads were stopped: 0,0101332 seconds, Stopping threads took: 0,0000778 seconds
2017-05-21T00:30:20.686+0200: 3,032: Total time for which application threads were stopped: 0,0003739 seconds, Stopping threads took: 0,0000265 seconds
2017-05-21T00:30:20.970+0200: 3,317: Total time for which application threads were stopped: 0,0005107 seconds, Stopping threads took: 0,0000255 seconds
2017-05-21T00:30:20.986+0200: 3,333: Total time for which application threads were stopped: 0,0003744 seconds, Stopping threads took: 0,0000219 seconds
{Heap before GC invocations=6 (full 1):
 par new generation   total 109248K, used 97835K [0x00000000e0000000, 0x00000000e8000000, 0x00000000e8000000)
  eden space 87424K, 100% used [0x00000000e0000000, 0x00000000e5560000, 0x00000000e5560000)
  from space 21824K,  47% used [0x00000000e5560000, 0x00000000e5f8aef0, 0x00000000e6ab0000)
  to   space 21824K,   0% used [0x00000000e6ab0000, 0x00000000e6ab0000, 0x00000000e8000000)
 concurrent mark-sweep generation total 393216K, used 0K [0x00000000e8000000, 0x0000000100000000, 0x0000000100000000)
 Metaspace       used 23824K, capacity 24236K, committed 24496K, reserved 1071104K
  class space    used 2802K, capacity 2983K, committed 2992K, reserved 1048576K
2017-05-21T00:30:21.139+0200: 3,485: [GC (Allocation Failure) 2017-05-21T00:30:21.139+0200: 3,485: [ParNew
Desired survivor size 20112992 bytes, new threshold 8 (max 8)
- age   1:    5272560 bytes,    5272560 total
- age   2:     115576 bytes,    5388136 total
- age   4:     191256 bytes,    5579392 total
- age   5:     276960 bytes,    5856352 total
- age   6:     808232 bytes,    6664584 total
- age   7:    6652976 bytes,   13317560 total
: 97835K->16223K(109248K), 0,0121484 secs] 97835K->16223K(502464K), 0,0122277 secs] [Times: user=0,04 sys=0,00, real=0,01 secs] 
Heap after GC invocations=7 (full 1):
 par new generation   total 109248K, used 16223K [0x00000000e0000000, 0x00000000e8000000, 0x00000000e8000000)
  eden space 87424K,   0% used [0x00000000e0000000, 0x00000000e0000000, 0x00000000e5560000)
  from space 21824K,  74% used [0x00000000e6ab0000, 0x00000000e7a87cc0, 0x00000000e8000000)
  to   space 21824K,   0% used [0x00000000e5560000, 0x00000000e5560000, 0x00000000e6ab0000)
 concurrent mark-sweep generation total 393216K, used 0K [0x00000000e8000000, 0x0000000100000000, 0x0000000100000000)
 Metaspace       used 23824K, capacity 24236K, committed 24496K, reserved 1071104K
  class space    used 2802K, capacity 2983K, committed 2992K, reserved 1048576K
}
2017-05-21T00:30:21.151+0200: 3,497: Total time for which application threads were stopped: 0,0125720 seconds, Stopping threads took: 0,0000784 seconds
{Heap before GC invocations=7 (full 1):
 par new generation   total 109248K, used 103647K [0x00000000e0000000, 0x00000000e8000000, 0x00000000e8000000)
  eden space 87424K, 100% used [0x00000000e0000000, 0x00000000e5560000, 0x00000000e5560000)
  from space 21824K,  74% used [0x00000000e6ab0000, 0x00000000e7a87cc0, 0x00000000e8000000)
  to   space 21824K,   0% used [0x00000000e5560000, 0x00000000e5560000, 0x00000000e6ab0000)
 concurrent mark-sweep generation total 393216K, used 0K [0x00000000e8000000, 0x0000000100000000, 0x0000000100000000)
 Metaspace       used 24540K, capacity 25016K, committed 25136K, reserved 1071104K
  class space    used 2872K, capacity 3049K, committed 3120K, reserved 1048576K
2017-05-21T00:30:21.314+0200: 3,661: [GC (Allocation Failure) 2017-05-21T00:30:21.314+0200: 3,661: [ParNew
Desired survivor size 20112992 bytes, new threshold 8 (max 8)
- age   1:    1940360 bytes,    1940360 total
- age   2:    1784872 bytes,    3725232 total
- age   3:      63648 bytes,    3788880 total
- age   5:     102808 bytes,    3891688 total
- age   6:     180032 bytes,    4071720 total
- age   7:     762832 bytes,    4834552 total
- age   8:    6120152 bytes,   10954704 total
: 103647K->17672K(109248K), 0,0125700 secs] 103647K->17672K(502464K), 0,0126636 secs] [Times: user=0,04 sys=0,00, real=0,01 secs] 
Heap after GC invocations=8 (full 1):
 par new generation   total 109248K, used 17672K [0x00000000e0000000, 0x00000000e8000000, 0x00000000e8000000)
  eden space 87424K,   0% used [0x00000000e0000000, 0x00000000e0000000, 0x00000000e5560000)
  from space 21824K,  80% used [0x00000000e5560000, 0x00000000e66a2370, 0x00000000e6ab0000)
  to   space 21824K,   0% used [0x00000000e6ab0000, 0x00000000e6ab0000, 0x00000000e8000000)
 concurrent mark-sweep generation total 393216K, used 0K [0x00000000e8000000, 0x0000000100000000, 0x0000000100000000)
 Metaspace       used 24540K, capacity 25016K, committed 25136K, reserved 1071104K
  class space    used 2872K, capacity 3049K, committed 3120K, reserved 1048576K
}
2017-05-21T00:30:21.327+0200: 3,674: Total time for which application threads were stopped: 0,0174444 seconds, Stopping threads took: 0,0045551 seconds
{Heap before GC invocations=8 (full 1):
 par new generation   total 109248K, used 105096K [0x00000000e0000000, 0x00000000e8000000, 0x00000000e8000000)
  eden space 87424K, 100% used [0x00000000e0000000, 0x00000000e5560000, 0x00000000e5560000)
  from space 21824K,  80% used [0x00000000e5560000, 0x00000000e66a2370, 0x00000000e6ab0000)
  to   space 21824K,   0% used [0x00000000e6ab0000, 0x00000000e6ab0000, 0x00000000e8000000)
 concurrent mark-sweep generation total 393216K, used 0K [0x00000000e8000000, 0x0000000100000000, 0x0000000100000000)
 Metaspace       used 25001K, capacity 25458K, committed 25648K, reserved 1071104K
  class space    used 2911K, capacity 3086K, committed 3120K, reserved 1048576K
2017-05-21T00:30:21.406+0200: 3,752: [GC (Allocation Failure) 2017-05-21T00:30:21.406+0200: 3,753: [ParNew
Desired survivor size 20112992 bytes, new threshold 8 (max 8)
- age   1:     871504 bytes,     871504 total
- age   2:    1022440 bytes,    1893944 total
- age   3:    1761968 bytes,    3655912 total
- age   4:      63648 bytes,    3719560 total
- age   6:     100128 bytes,    3819688 total
- age   7:     179448 bytes,    3999136 total
- age   8:     762096 bytes,    4761232 total
: 105096K->7024K(109248K), 0,0391427 secs] 105096K->13083K(502464K), 0,0392197 secs] [Times: user=0,12 sys=0,00, real=0,04 secs] 
Heap after GC invocations=9 (full 1):
 par new generation   total 109248K, used 7024K [0x00000000e0000000, 0x00000000e8000000, 0x00000000e8000000)
  eden space 87424K,   0% used [0x00000000e0000000, 0x00000000e0000000, 0x00000000e5560000)
  from space 21824K,  32% used [0x00000000e6ab0000, 0x00000000e718c360, 0x00000000e8000000)
  to   space 21824K,   0% used [0x00000000e5560000, 0x00000000e5560000, 0x00000000e6ab0000)
 concurrent mark-sweep generation total 393216K, used 6059K [0x00000000e8000000, 0x0000000100000000, 0x0000000100000000)
 Metaspace       used 25001K, capacity 25458K, committed 25648K, reserved 1071104K
  class space    used 2911K, capacity 3086K, committed 3120K, reserved 1048576K
}
2017-05-21T00:30:21.445+0200: 3,792: Total time for which application threads were stopped: 0,0397023 seconds, Stopping threads took: 0,0003274 seconds
2017-05-21T00:30:21.659+0200: 4,005: Total time for which application threads were stopped: 0,0005216 seconds, Stopping threads took: 0,0000598 seconds
2017-05-21T00:30:21.675+0200: 4,022: Total time for which application threads were stopped: 0,0005291 seconds, Stopping threads took: 0,0000253 seconds
2017-05-21T00:30:21.704+0200: 4,051: Total time for which application threads were stopped: 0,0003065 seconds, Stopping threads took: 0,0000212 seconds
2017-05-21T00:30:21.715+0200: 4,062: Total time for which application threads were stopped: 0,0001261 seconds, Stopping threads took: 0,0000505 seconds
2017-05-21T00:30:21.716+0200: 4,063: Total time for which application threads were stopped: 0,0001374 seconds, Stopping threads took: 0,0000723 seconds
2017-05-21T00:30:21.717+0200: 4,063: Total time for which application threads were stopped: 0,0000725 seconds, Stopping threads took: 0,0000178 seconds
2017-05-21T00:30:21.718+0200: 4,064: Total time for which application threads were stopped: 0,0000828 seconds, Stopping threads took: 0,0000221 seconds
2017-05-21T00:30:21.718+0200: 4,065: Total time for which application threads were stopped: 0,0000767 seconds, Stopping threads took: 0,0000195 seconds
2017-05-21T00:30:21.719+0200: 4,065: Total time for which application threads were stopped: 0,0000612 seconds, Stopping threads took: 0,0000156 seconds
2017-05-21T00:30:21.720+0200: 4,067: Total time for which application threads were stopped: 0,0000774 seconds, Stopping threads took: 0,0000173 seconds
2017-05-21T00:30:21.721+0200: 4,068: Total time for which application threads were stopped: 0,0000837 seconds, Stopping threads took: 0,0000195 seconds
2017-05-21T00:30:21.722+0200: 4,068: Total time for which application threads were stopped: 0,0000601 seconds, Stopping threads took: 0,0000127 seconds
2017-05-21T00:30:21.724+0200: 4,070: Total time for which application threads were stopped: 0,0001446 seconds, Stopping threads took: 0,0000431 seconds
2017-05-21T00:30:21.725+0200: 4,072: Total time for which application threads were stopped: 0,0001038 seconds, Stopping threads took: 0,0000276 seconds
2017-05-21T00:30:21.728+0200: 4,075: Total time for which application threads were stopped: 0,0001315 seconds, Stopping threads took: 0,0000486 seconds
2017-05-21T00:30:21.729+0200: 4,075: Total time for which application threads were stopped: 0,0001108 seconds, Stopping threads took: 0,0000371 seconds
2017-05-21T00:30:21.735+0200: 4,082: Total time for which application threads were stopped: 0,0002340 seconds, Stopping threads took: 0,0001403 seconds
2017-05-21T00:30:21.736+0200: 4,082: Total time for which application threads were stopped: 0,0004061 seconds, Stopping threads took: 0,0000148 seconds
2017-05-21T00:30:21.737+0200: 4,083: Total time for which application threads were stopped: 0,0001452 seconds, Stopping threads took: 0,0000573 seconds
2017-05-21T00:30:21.737+0200: 4,084: Total time for which application threads were stopped: 0,0001346 seconds, Stopping threads took: 0,0000392 seconds
2017-05-21T00:30:21.738+0200: 4,084: Total time for which application threads were stopped: 0,0000983 seconds, Stopping threads took: 0,0000348 seconds
2017-05-21T00:30:21.738+0200: 4,085: Total time for which application threads were stopped: 0,0000875 seconds, Stopping threads took: 0,0000258 seconds
2017-05-21T00:30:21.739+0200: 4,085: Total time for which application threads were stopped: 0,0000801 seconds, Stopping threads took: 0,0000180 seconds
2017-05-21T00:30:21.755+0200: 4,102: Total time for which application threads were stopped: 0,0001242 seconds, Stopping threads took: 0,0000562 seconds
2017-05-21T00:30:21.755+0200: 4,102: Total time for which application threads were stopped: 0,0001047 seconds, Stopping threads took: 0,0000335 seconds
2017-05-21T00:30:21.764+0200: 4,111: Total time for which application threads were stopped: 0,0001308 seconds, Stopping threads took: 0,0000427 seconds
2017-05-21T00:30:21.765+0200: 4,111: Total time for which application threads were stopped: 0,0002213 seconds, Stopping threads took: 0,0000343 seconds
2017-05-21T00:30:21.765+0200: 4,112: Total time for which application threads were stopped: 0,0001077 seconds, Stopping threads took: 0,0000310 seconds
2017-05-21T00:30:21.766+0200: 4,112: Total time for which application threads were stopped: 0,0001035 seconds, Stopping threads took: 0,0000275 seconds
2017-05-21T00:30:21.767+0200: 4,114: Total time for which application threads were stopped: 0,0001348 seconds, Stopping threads took: 0,0000361 seconds
2017-05-21T00:30:21.768+0200: 4,114: Total time for which application threads were stopped: 0,0000974 seconds, Stopping threads took: 0,0000208 seconds
2017-05-21T00:30:21.768+0200: 4,115: Total time for which application threads were stopped: 0,0000903 seconds, Stopping threads took: 0,0000224 seconds
2017-05-21T00:30:21.768+0200: 4,115: Total time for which application threads were stopped: 0,0000833 seconds, Stopping threads took: 0,0000194 seconds
2017-05-21T00:30:21.768+0200: 4,115: Total time for which application threads were stopped: 0,0000728 seconds, Stopping threads took: 0,0000181 seconds
2017-05-21T00:30:21.768+0200: 4,115: Total time for which application threads were stopped: 0,0000907 seconds, Stopping threads took: 0,0000219 seconds
2017-05-21T00:30:21.769+0200: 4,115: Total time for which application threads were stopped: 0,0000749 seconds, Stopping threads took: 0,0000177 seconds
2017-05-21T00:30:21.769+0200: 4,115: Total time for which application threads were stopped: 0,0000853 seconds, Stopping threads took: 0,0000192 seconds
2017-05-21T00:30:21.769+0200: 4,115: Total time for which application threads were stopped: 0,0001096 seconds, Stopping threads took: 0,0000371 seconds
2017-05-21T00:30:21.769+0200: 4,116: Total time for which application threads were stopped: 0,0000749 seconds, Stopping threads took: 0,0000167 seconds
2017-05-21T00:30:21.769+0200: 4,116: Total time for which application threads were stopped: 0,0000968 seconds, Stopping threads took: 0,0000233 seconds
2017-05-21T00:30:21.769+0200: 4,116: Total time for which application threads were stopped: 0,0000811 seconds, Stopping threads took: 0,0000206 seconds
2017-05-21T00:30:21.770+0200: 4,116: Total time for which application threads were stopped: 0,0000761 seconds, Stopping threads took: 0,0000185 seconds
2017-05-21T00:30:21.770+0200: 4,116: Total time for which application threads were stopped: 0,0000956 seconds, Stopping threads took: 0,0000373 seconds
2017-05-21T00:30:21.773+0200: 4,120: Total time for which application threads were stopped: 0,0006963 seconds, Stopping threads took: 0,0005250 seconds
2017-05-21T00:30:21.774+0200: 4,120: Total time for which application threads were stopped: 0,0002383 seconds, Stopping threads took: 0,0001161 seconds
2017-05-21T00:30:21.774+0200: 4,121: Total time for which application threads were stopped: 0,0001102 seconds, Stopping threads took: 0,0000301 seconds
2017-05-21T00:30:21.774+0200: 4,121: Total time for which application threads were stopped: 0,0002496 seconds, Stopping threads took: 0,0000526 seconds
2017-05-21T00:30:21.779+0200: 4,126: Total time for which application threads were stopped: 0,0001068 seconds, Stopping threads took: 0,0000430 seconds
2017-05-21T00:30:21.782+0200: 4,128: Total time for which application threads were stopped: 0,0001405 seconds, Stopping threads took: 0,0000390 seconds
2017-05-21T00:30:21.790+0200: 4,137: Total time for which application threads were stopped: 0,0001939 seconds, Stopping threads took: 0,0000604 seconds
2017-05-21T00:30:21.825+0200: 4,171: Total time for which application threads were stopped: 0,0001408 seconds, Stopping threads took: 0,0000548 seconds
2017-05-21T00:30:21.827+0200: 4,174: Total time for which application threads were stopped: 0,0001471 seconds, Stopping threads took: 0,0000559 seconds
2017-05-21T00:30:21.861+0200: 4,207: Total time for which application threads were stopped: 0,0001104 seconds, Stopping threads took: 0,0000336 seconds
2017-05-21T00:30:21.861+0200: 4,208: Total time for which application threads were stopped: 0,0003787 seconds, Stopping threads took: 0,0000129 seconds
2017-05-21T00:30:21.862+0200: 4,209: Total time for which application threads were stopped: 0,0000955 seconds, Stopping threads took: 0,0000269 seconds
2017-05-21T00:30:21.866+0200: 4,213: Total time for which application threads were stopped: 0,0001249 seconds, Stopping threads took: 0,0000379 seconds
2017-05-21T00:30:22.867+0200: 5,213: Total time for which application threads were stopped: 0,0000683 seconds, Stopping threads took: 0,0000169 seconds
2017-05-21T00:30:23.867+0200: 6,213: Total time for which application threads were stopped: 0,0000610 seconds, Stopping threads took: 0,0000160 seconds
2017-05-21T00:30:38.869+0200: 21,215: Total time for which application threads were stopped: 0,0000650 seconds, Stopping threads took: 0,0000164 seconds
2017-05-21T00:30:48.870+0200: 31,216: Total time for which application threads were stopped: 0,0000864 seconds, Stopping threads took: 0,0000204 seconds
2017-05-21T00:32:18.878+0200: 121,225: Total time for which application threads were stopped: 0,0001298 seconds, Stopping threads took: 0,0000530 seconds
{Heap before GC invocations=9 (full 1):
 par new generation   total 109248K, used 94448K [0x00000000e0000000, 0x00000000e8000000, 0x00000000e8000000)
  eden space 87424K, 100% used [0x00000000e0000000, 0x00000000e5560000, 0x00000000e5560000)
  from space 21824K,  32% used [0x00000000e6ab0000, 0x00000000e718c360, 0x00000000e8000000)
  to   space 21824K,   0% used [0x00000000e5560000, 0x00000000e5560000, 0x00000000e6ab0000)
 concurrent mark-sweep generation total 393216K, used 6059K [0x00000000e8000000, 0x0000000100000000, 0x0000000100000000)
 Metaspace       used 28025K, capacity 28572K, committed 28848K, reserved 1075200K
  class space    used 3214K, capacity 3393K, committed 3504K, reserved 1048576K
2017-05-21T00:33:13.139+0200: 175,486: [GC (Allocation Failure) 2017-05-21T00:33:13.140+0200: 175,486: [ParNew
Desired survivor size 20112992 bytes, new threshold 8 (max 8)
- age   1:   10693960 bytes,   10693960 total
- age   2:     268896 bytes,   10962856 total
- age   3:     243504 bytes,   11206360 total
- age   4:    1757216 bytes,   12963576 total
- age   5:      63648 bytes,   13027224 total
- age   7:     100000 bytes,   13127224 total
- age   8:     179352 bytes,   13306576 total
: 94448K->14883K(109248K), 0,0213864 secs] 100507K->21774K(502464K), 0,0214836 secs] [Times: user=0,05 sys=0,00, real=0,02 secs] 
Heap after GC invocations=10 (full 1):
 par new generation   total 109248K, used 14883K [0x00000000e0000000, 0x00000000e8000000, 0x00000000e8000000)
  eden space 87424K,   0% used [0x00000000e0000000, 0x00000000e0000000, 0x00000000e5560000)
  from space 21824K,  68% used [0x00000000e5560000, 0x00000000e63e8c50, 0x00000000e6ab0000)
  to   space 21824K,   0% used [0x00000000e6ab0000, 0x00000000e6ab0000, 0x00000000e8000000)
 concurrent mark-sweep generation total 393216K, used 6891K [0x00000000e8000000, 0x0000000100000000, 0x0000000100000000)
 Metaspace       used 28025K, capacity 28572K, committed 28848K, reserved 1075200K
  class space    used 3214K, capacity 3393K, committed 3504K, reserved 1048576K
}
2017-05-21T00:33:13.161+0200: 175,508: Total time for which application threads were stopped: 0,0217259 seconds, Stopping threads took: 0,0000878 seconds
2017-05-21T00:33:13.171+0200: 175,517: Total time for which application threads were stopped: 0,0003431 seconds, Stopping threads took: 0,0001170 seconds
2017-05-21T00:33:13.171+0200: 175,518: Total time for which application threads were stopped: 0,0003175 seconds, Stopping threads took: 0,0000841 seconds
2017-05-21T00:33:14.172+0200: 176,519: Total time for which application threads were stopped: 0,0003766 seconds, Stopping threads took: 0,0000941 seconds
2017-05-21T00:35:04.182+0200: 286,529: Total time for which application threads were stopped: 0,0000805 seconds, Stopping threads took: 0,0000303 seconds
2017-05-21T00:35:23.185+0200: 305,531: Total time for which application threads were stopped: 0,0002567 seconds, Stopping threads took: 0,0001680 seconds
2017-05-21T00:53:43.294+0200: 1405,640: Total time for which application threads were stopped: 0,0001043 seconds, Stopping threads took: 0,0000320 seconds
2017-05-21T00:57:33.317+0200: 1635,663: Total time for which application threads were stopped: 0,0003260 seconds, Stopping threads took: 0,0000774 seconds
2017-05-21T00:57:38.318+0200: 1640,664: Total time for which application threads were stopped: 0,0002484 seconds, Stopping threads took: 0,0000186 seconds
2017-05-21T01:08:38.385+0200: 2300,732: Total time for which application threads were stopped: 0,0000819 seconds, Stopping threads took: 0,0000307 seconds
2017-05-21T01:08:39.385+0200: 2301,732: Total time for which application threads were stopped: 0,0000777 seconds, Stopping threads took: 0,0000176 seconds
2017-05-21T01:23:59.483+0200: 3221,829: Total time for which application threads were stopped: 0,0000978 seconds, Stopping threads took: 0,0000342 seconds
2017-05-21T01:36:18.585+0200: 3960,932: Total time for which application threads were stopped: 0,0001674 seconds, Stopping threads took: 0,0000642 seconds
2017-05-21T01:37:58.602+0200: 4060,948: Total time for which application threads were stopped: 0,0001782 seconds, Stopping threads took: 0,0000629 seconds
2017-05-21T01:38:03.603+0200: 4065,949: Total time for which application threads were stopped: 0,0001313 seconds, Stopping threads took: 0,0000288 seconds
2017-05-21T01:49:39.691+0200: 4762,037: Total time for which application threads were stopped: 0,0000836 seconds, Stopping threads took: 0,0000339 seconds
2017-05-21T01:50:14.695+0200: 4797,041: Total time for which application threads were stopped: 0,0004295 seconds, Stopping threads took: 0,0000889 seconds
2017-05-21T01:55:13.136+0200: 5095,483: Total time for which application threads were stopped: 0,0135828 seconds, Stopping threads took: 0,0134786 seconds
2017-05-21T01:55:13.141+0200: 5095,488: Total time for which application threads were stopped: 0,0001258 seconds, Stopping threads took: 0,0000314 seconds
2017-05-21T01:55:13.157+0200: 5095,504: Total time for which application threads were stopped: 0,0001119 seconds, Stopping threads took: 0,0000404 seconds
2017-05-21T01:55:13.181+0200: 5095,528: Total time for which application threads were stopped: 0,0240236 seconds, Stopping threads took: 0,0239455 seconds
2017-05-21T01:55:13.190+0200: 5095,537: Total time for which application threads were stopped: 0,0000982 seconds, Stopping threads took: 0,0000207 seconds
2017-05-21T01:55:13.191+0200: 5095,537: Total time for which application threads were stopped: 0,0000634 seconds, Stopping threads took: 0,0000119 seconds
2017-05-21T01:55:13.191+0200: 5095,538: Total time for which application threads were stopped: 0,0000710 seconds, Stopping threads took: 0,0000125 seconds
2017-05-21T01:55:13.195+0200: 5095,542: Total time for which application threads were stopped: 0,0004453 seconds, Stopping threads took: 0,0003735 seconds
2017-05-21T01:55:13.195+0200: 5095,542: Total time for which application threads were stopped: 0,0000580 seconds, Stopping threads took: 0,0000199 seconds
2017-05-21T01:55:13.195+0200: 5095,542: Total time for which application threads were stopped: 0,0000423 seconds, Stopping threads took: 0,0000085 seconds
2017-05-21T01:55:13.199+0200: 5095,545: Total time for which application threads were stopped: 0,0000803 seconds, Stopping threads took: 0,0000139 seconds
2017-05-21T01:55:13.199+0200: 5095,545: Total time for which application threads were stopped: 0,0000522 seconds, Stopping threads took: 0,0000166 seconds
2017-05-21T01:55:13.199+0200: 5095,546: Total time for which application threads were stopped: 0,0000492 seconds, Stopping threads took: 0,0000134 seconds
2017-05-21T01:55:13.199+0200: 5095,546: Total time for which application threads were stopped: 0,0000439 seconds, Stopping threads took: 0,0000110 seconds
2017-05-21T01:55:13.219+0200: 5095,566: Total time for which application threads were stopped: 0,0038983 seconds, Stopping threads took: 0,0038108 seconds
2017-05-21T01:55:13.220+0200: 5095,566: Total time for which application threads were stopped: 0,0003101 seconds, Stopping threads took: 0,0002459 seconds
2017-05-21T01:55:13.220+0200: 5095,566: Total time for which application threads were stopped: 0,0000388 seconds, Stopping threads took: 0,0000064 seconds
2017-05-21T01:55:13.220+0200: 5095,567: Total time for which application threads were stopped: 0,0000568 seconds, Stopping threads took: 0,0000127 seconds
2017-05-21T01:55:13.220+0200: 5095,567: Total time for which application threads were stopped: 0,0000401 seconds, Stopping threads took: 0,0000083 seconds
2017-05-21T01:55:13.220+0200: 5095,567: Total time for which application threads were stopped: 0,0000453 seconds, Stopping threads took: 0,0000135 seconds
2017-05-21T01:55:13.221+0200: 5095,568: Total time for which application threads were stopped: 0,0008143 seconds, Stopping threads took: 0,0007411 seconds
2017-05-21T01:55:13.225+0200: 5095,572: Total time for which application threads were stopped: 0,0001014 seconds, Stopping threads took: 0,0000159 seconds
2017-05-21T01:55:13.225+0200: 5095,572: Total time for which application threads were stopped: 0,0000384 seconds, Stopping threads took: 0,0000059 seconds
2017-05-21T01:55:13.226+0200: 5095,572: Total time for which application threads were stopped: 0,0000329 seconds, Stopping threads took: 0,0000053 seconds
2017-05-21T01:55:13.226+0200: 5095,572: Total time for which application threads were stopped: 0,0000336 seconds, Stopping threads took: 0,0000053 seconds
2017-05-21T01:55:13.231+0200: 5095,577: Total time for which application threads were stopped: 0,0000903 seconds, Stopping threads took: 0,0000281 seconds
2017-05-21T01:55:13.232+0200: 5095,579: Total time for which application threads were stopped: 0,0001288 seconds, Stopping threads took: 0,0000383 seconds
2017-05-21T01:55:13.233+0200: 5095,579: Total time for which application threads were stopped: 0,0000640 seconds, Stopping threads took: 0,0000101 seconds
2017-05-21T01:55:13.233+0200: 5095,579: Total time for which application threads were stopped: 0,0000365 seconds, Stopping threads took: 0,0000049 seconds
2017-05-21T01:55:13.233+0200: 5095,580: Total time for which application threads were stopped: 0,0001391 seconds, Stopping threads took: 0,0000081 seconds
2017-05-21T01:55:13.234+0200: 5095,580: Total time for which application threads were stopped: 0,0000529 seconds, Stopping threads took: 0,0000149 seconds
2017-05-21T01:55:13.236+0200: 5095,582: Total time for which application threads were stopped: 0,0001106 seconds, Stopping threads took: 0,0000252 seconds
Heap
 par new generation   total 109248K, used 33224K [0x00000000e0000000, 0x00000000e8000000, 0x00000000e8000000)
  eden space 87424K,  20% used [0x00000000e0000000, 0x00000000e11e9560, 0x00000000e5560000)
  from space 21824K,  68% used [0x00000000e5560000, 0x00000000e63e8c50, 0x00000000e6ab0000)
  to   space 21824K,   0% used [0x00000000e6ab0000, 0x00000000e6ab0000, 0x00000000e8000000)
 concurrent mark-sweep generation total 393216K, used 6891K [0x00000000e8000000, 0x0000000100000000, 0x0000000100000000)
 Metaspace       used 28143K, capacity 28740K, committed 29104K, reserved 1075200K
  class space    used 3228K, capacity 3427K, committed 3504K, reserved 1048576K
