OpenJDK 64-Bit Server VM (25.121-b13) for linux-amd64 JRE (1.8.0_121-8u121-b13-0ubuntu1.16.04.2-b13), built on Jan 23 2017 15:51:29 by "buildd" with gcc 5.4.0 20160609
Memory: 4k page, physical 7867764k(7504972k free), swap 8076284k(8076284k free)
CommandLine flags: -XX:CMSInitiatingOccupancyFraction=50 -XX:CMSMaxAbortablePrecleanTime=6000 -XX:+CMSParallelRemarkEnabled -XX:+CMSScavengeBeforeRemark -XX:ConcGCThreads=4 -XX:InitialHeapSize=536870912 -XX:MaxHeapSize=536870912 -XX:MaxTenuringThreshold=8 -XX:NewRatio=3 -XX:OldPLABSize=16 -XX:OnOutOfMemoryError=/opt/solr/bin/oom_solr.sh 8983 /var/solr/logs -XX:ParallelGCThreads=4 -XX:+ParallelRefProcEnabled -XX:PretenureSizeThreshold=67108864 -XX:+PrintGC -XX:+PrintGCApplicationStoppedTime -XX:+PrintGCDateStamps -XX:+PrintGCDetails -XX:+PrintGCTimeStamps -XX:+PrintHeapAtGC -XX:+PrintTenuringDistribution -XX:SurvivorRatio=4 -XX:TargetSurvivorRatio=90 -XX:ThreadStackSize=256 -XX:+UseCMSInitiatingOccupancyOnly -XX:+UseCompressedClassPointers -XX:+UseCompressedOops -XX:+UseConcMarkSweepGC -XX:+UseParNewGC 
2017-04-01T22:21:14.591+0200: 0,128: Total time for which application threads were stopped: 0,0000972 seconds, Stopping threads took: 0,0000251 seconds
2017-04-01T22:21:14.691+0200: 0,228: Total time for which application threads were stopped: 0,0002716 seconds, Stopping threads took: 0,0000195 seconds
2017-04-01T22:21:14.712+0200: 0,249: Total time for which application threads were stopped: 0,0001312 seconds, Stopping threads took: 0,0000269 seconds
2017-04-01T22:21:14.963+0200: 0,500: Total time for which application threads were stopped: 0,0001684 seconds, Stopping threads took: 0,0000156 seconds
2017-04-01T22:21:15.330+0200: 0,868: Total time for which application threads were stopped: 0,0001139 seconds, Stopping threads took: 0,0000110 seconds
2017-04-01T22:21:15.505+0200: 1,042: Total time for which application threads were stopped: 0,0002362 seconds, Stopping threads took: 0,0000546 seconds
2017-04-01T22:21:15.561+0200: 1,098: Total time for which application threads were stopped: 0,0002505 seconds, Stopping threads took: 0,0000301 seconds
2017-04-01T22:21:15.880+0200: 1,417: Total time for which application threads were stopped: 0,0002519 seconds, Stopping threads took: 0,0000224 seconds
2017-04-01T22:21:16.114+0200: 1,651: Total time for which application threads were stopped: 0,0002211 seconds, Stopping threads took: 0,0000130 seconds
2017-04-01T22:21:16.141+0200: 1,678: Total time for which application threads were stopped: 0,0001676 seconds, Stopping threads took: 0,0000234 seconds
2017-04-01T22:21:16.177+0200: 1,714: Total time for which application threads were stopped: 0,0002085 seconds, Stopping threads took: 0,0000225 seconds
2017-04-01T22:21:16.178+0200: 1,715: Total time for which application threads were stopped: 0,0001646 seconds, Stopping threads took: 0,0000152 seconds
2017-04-01T22:21:16.194+0200: 1,731: Total time for which application threads were stopped: 0,0001819 seconds, Stopping threads took: 0,0000190 seconds
2017-04-01T22:21:16.304+0200: 1,841: Total time for which application threads were stopped: 0,0005940 seconds, Stopping threads took: 0,0001038 seconds
2017-04-01T22:21:16.454+0200: 1,992: Total time for which application threads were stopped: 0,0005732 seconds, Stopping threads took: 0,0003558 seconds
{Heap before GC invocations=0 (full 0):
 par new generation   total 109248K, used 87424K [0x00000000e0000000, 0x00000000e8000000, 0x00000000e8000000)
  eden space 87424K, 100% used [0x00000000e0000000, 0x00000000e5560000, 0x00000000e5560000)
  from space 21824K,   0% used [0x00000000e5560000, 0x00000000e5560000, 0x00000000e6ab0000)
  to   space 21824K,   0% used [0x00000000e6ab0000, 0x00000000e6ab0000, 0x00000000e8000000)
 concurrent mark-sweep generation total 393216K, used 0K [0x00000000e8000000, 0x0000000100000000, 0x0000000100000000)
 Metaspace       used 18186K, capacity 18464K, committed 18688K, reserved 1064960K
  class space    used 2059K, capacity 2196K, committed 2304K, reserved 1048576K
2017-04-01T22:21:16.569+0200: 2,106: [GC (Allocation Failure) 2017-04-01T22:21:16.569+0200: 2,106: [ParNew
Desired survivor size 20112992 bytes, new threshold 8 (max 8)
- age   1:   12817680 bytes,   12817680 total
: 87424K->12638K(109248K), 0,0162915 secs] 87424K->12638K(502464K), 0,0164051 secs] [Times: user=0,03 sys=0,02, real=0,02 secs] 
Heap after GC invocations=1 (full 0):
 par new generation   total 109248K, used 12638K [0x00000000e0000000, 0x00000000e8000000, 0x00000000e8000000)
  eden space 87424K,   0% used [0x00000000e0000000, 0x00000000e0000000, 0x00000000e5560000)
  from space 21824K,  57% used [0x00000000e6ab0000, 0x00000000e77078b8, 0x00000000e8000000)
  to   space 21824K,   0% used [0x00000000e5560000, 0x00000000e5560000, 0x00000000e6ab0000)
 concurrent mark-sweep generation total 393216K, used 0K [0x00000000e8000000, 0x0000000100000000, 0x0000000100000000)
 Metaspace       used 18186K, capacity 18464K, committed 18688K, reserved 1064960K
  class space    used 2059K, capacity 2196K, committed 2304K, reserved 1048576K
}
2017-04-01T22:21:16.585+0200: 2,122: Total time for which application threads were stopped: 0,0166219 seconds, Stopping threads took: 0,0000213 seconds
2017-04-01T22:21:16.831+0200: 2,368: Total time for which application threads were stopped: 0,0003371 seconds, Stopping threads took: 0,0000320 seconds
2017-04-01T22:21:16.883+0200: 2,420: Total time for which application threads were stopped: 0,0003483 seconds, Stopping threads took: 0,0000668 seconds
{Heap before GC invocations=1 (full 0):
 par new generation   total 109248K, used 100062K [0x00000000e0000000, 0x00000000e8000000, 0x00000000e8000000)
  eden space 87424K, 100% used [0x00000000e0000000, 0x00000000e5560000, 0x00000000e5560000)
  from space 21824K,  57% used [0x00000000e6ab0000, 0x00000000e77078b8, 0x00000000e8000000)
  to   space 21824K,   0% used [0x00000000e5560000, 0x00000000e5560000, 0x00000000e6ab0000)
 concurrent mark-sweep generation total 393216K, used 0K [0x00000000e8000000, 0x0000000100000000, 0x0000000100000000)
 Metaspace       used 20044K, capacity 20364K, committed 20736K, reserved 1067008K
  class space    used 2297K, capacity 2470K, committed 2560K, reserved 1048576K
2017-04-01T22:21:16.888+0200: 2,425: [GC (Allocation Failure) 2017-04-01T22:21:16.888+0200: 2,425: [ParNew
Desired survivor size 20112992 bytes, new threshold 8 (max 8)
- age   1:    3588296 bytes,    3588296 total
- age   2:    6691560 bytes,   10279856 total
: 100062K->13788K(109248K), 0,0133128 secs] 100062K->13788K(502464K), 0,0133951 secs] [Times: user=0,03 sys=0,00, real=0,01 secs] 
Heap after GC invocations=2 (full 0):
 par new generation   total 109248K, used 13788K [0x00000000e0000000, 0x00000000e8000000, 0x00000000e8000000)
  eden space 87424K,   0% used [0x00000000e0000000, 0x00000000e0000000, 0x00000000e5560000)
  from space 21824K,  63% used [0x00000000e5560000, 0x00000000e62d71e0, 0x00000000e6ab0000)
  to   space 21824K,   0% used [0x00000000e6ab0000, 0x00000000e6ab0000, 0x00000000e8000000)
 concurrent mark-sweep generation total 393216K, used 0K [0x00000000e8000000, 0x0000000100000000, 0x0000000100000000)
 Metaspace       used 20044K, capacity 20364K, committed 20736K, reserved 1067008K
  class space    used 2297K, capacity 2470K, committed 2560K, reserved 1048576K
}
2017-04-01T22:21:16.901+0200: 2,438: Total time for which application threads were stopped: 0,0135901 seconds, Stopping threads took: 0,0000340 seconds
2017-04-01T22:21:16.939+0200: 2,476: Total time for which application threads were stopped: 0,0004686 seconds, Stopping threads took: 0,0000516 seconds
2017-04-01T22:21:17.081+0200: 2,618: Total time for which application threads were stopped: 0,0002235 seconds, Stopping threads took: 0,0000805 seconds
{Heap before GC invocations=2 (full 0):
 par new generation   total 109248K, used 101212K [0x00000000e0000000, 0x00000000e8000000, 0x00000000e8000000)
  eden space 87424K, 100% used [0x00000000e0000000, 0x00000000e5560000, 0x00000000e5560000)
  from space 21824K,  63% used [0x00000000e5560000, 0x00000000e62d71e0, 0x00000000e6ab0000)
  to   space 21824K,   0% used [0x00000000e6ab0000, 0x00000000e6ab0000, 0x00000000e8000000)
 concurrent mark-sweep generation total 393216K, used 0K [0x00000000e8000000, 0x0000000100000000, 0x0000000100000000)
 Metaspace       used 20956K, capacity 21286K, committed 21552K, reserved 1069056K
  class space    used 2420K, capacity 2589K, committed 2608K, reserved 1048576K
2017-04-01T22:21:17.102+0200: 2,639: [GC (Allocation Failure) 2017-04-01T22:21:17.102+0200: 2,639: [ParNew
Desired survivor size 20112992 bytes, new threshold 8 (max 8)
- age   1:    2231656 bytes,    2231656 total
- age   2:     835424 bytes,    3067080 total
- age   3:    6686080 bytes,    9753160 total
: 101212K->12902K(109248K), 0,0113093 secs] 101212K->12902K(502464K), 0,0113973 secs] [Times: user=0,04 sys=0,00, real=0,02 secs] 
Heap after GC invocations=3 (full 0):
 par new generation   total 109248K, used 12902K [0x00000000e0000000, 0x00000000e8000000, 0x00000000e8000000)
  eden space 87424K,   0% used [0x00000000e0000000, 0x00000000e0000000, 0x00000000e5560000)
  from space 21824K,  59% used [0x00000000e6ab0000, 0x00000000e7749960, 0x00000000e8000000)
  to   space 21824K,   0% used [0x00000000e5560000, 0x00000000e5560000, 0x00000000e6ab0000)
 concurrent mark-sweep generation total 393216K, used 0K [0x00000000e8000000, 0x0000000100000000, 0x0000000100000000)
 Metaspace       used 20956K, capacity 21286K, committed 21552K, reserved 1069056K
  class space    used 2420K, capacity 2589K, committed 2608K, reserved 1048576K
}
2017-04-01T22:21:17.114+0200: 2,651: Total time for which application threads were stopped: 0,0116406 seconds, Stopping threads took: 0,0000849 seconds
2017-04-01T22:21:17.114+0200: 2,651: [GC (CMS Initial Mark) [1 CMS-initial-mark: 0K(393216K)] 13669K(502464K), 0,0047920 secs] [Times: user=0,02 sys=0,00, real=0,00 secs] 
2017-04-01T22:21:17.119+0200: 2,656: Total time for which application threads were stopped: 0,0049409 seconds, Stopping threads took: 0,0000358 seconds
2017-04-01T22:21:17.119+0200: 2,656: [CMS-concurrent-mark-start]
2017-04-01T22:21:17.119+0200: 2,656: [CMS-concurrent-mark: 0,000/0,000 secs] [Times: user=0,00 sys=0,00, real=0,00 secs] 
2017-04-01T22:21:17.119+0200: 2,656: [CMS-concurrent-preclean-start]
2017-04-01T22:21:17.120+0200: 2,658: [CMS-concurrent-preclean: 0,001/0,001 secs] [Times: user=0,00 sys=0,00, real=0,00 secs] 
2017-04-01T22:21:17.121+0200: 2,658: [GC (CMS Final Remark) [YG occupancy: 14395 K (109248 K)]{Heap before GC invocations=3 (full 1):
 par new generation   total 109248K, used 14395K [0x00000000e0000000, 0x00000000e8000000, 0x00000000e8000000)
  eden space 87424K,   1% used [0x00000000e0000000, 0x00000000e0175310, 0x00000000e5560000)
  from space 21824K,  59% used [0x00000000e6ab0000, 0x00000000e7749960, 0x00000000e8000000)
  to   space 21824K,   0% used [0x00000000e5560000, 0x00000000e5560000, 0x00000000e6ab0000)
 concurrent mark-sweep generation total 393216K, used 0K [0x00000000e8000000, 0x0000000100000000, 0x0000000100000000)
 Metaspace       used 20960K, capacity 21350K, committed 21552K, reserved 1069056K
  class space    used 2421K, capacity 2589K, committed 2608K, reserved 1048576K
2017-04-01T22:21:17.121+0200: 2,658: [GC (CMS Final Remark) 2017-04-01T22:21:17.121+0200: 2,658: [ParNew
Desired survivor size 20112992 bytes, new threshold 8 (max 8)
- age   1:      60264 bytes,      60264 total
- age   2:    2091552 bytes,    2151816 total
- age   3:     833488 bytes,    2985304 total
- age   4:    6685792 bytes,    9671096 total
: 14395K->11261K(109248K), 0,0185077 secs] 14395K->11261K(502464K), 0,0185587 secs] [Times: user=0,05 sys=0,00, real=0,02 secs] 
Heap after GC invocations=4 (full 1):
 par new generation   total 109248K, used 11261K [0x00000000e0000000, 0x00000000e8000000, 0x00000000e8000000)
  eden space 87424K,   0% used [0x00000000e0000000, 0x00000000e0000000, 0x00000000e5560000)
  from space 21824K,  51% used [0x00000000e5560000, 0x00000000e605f6b0, 0x00000000e6ab0000)
  to   space 21824K,   0% used [0x00000000e6ab0000, 0x00000000e6ab0000, 0x00000000e8000000)
 concurrent mark-sweep generation total 393216K, used 0K [0x00000000e8000000, 0x0000000100000000, 0x0000000100000000)
 Metaspace       used 20960K, capacity 21350K, committed 21552K, reserved 1069056K
  class space    used 2421K, capacity 2589K, committed 2608K, reserved 1048576K
}
2017-04-01T22:21:17.140+0200: 2,677: [Rescan (parallel) , 0,0047686 secs]2017-04-01T22:21:17.144+0200: 2,682: [weak refs processing, 0,0015962 secs]2017-04-01T22:21:17.146+0200: 2,683: [class unloading, 0,0029792 secs]2017-04-01T22:21:17.149+0200: 2,686: [scrub symbol table, 0,0041749 secs]2017-04-01T22:21:17.153+0200: 2,690: [scrub string table, 0,0004650 secs][1 CMS-remark: 0K(393216K)] 11261K(502464K), 0,0331872 secs] [Times: user=0,09 sys=0,00, real=0,04 secs] 
2017-04-01T22:21:17.154+0200: 2,691: Total time for which application threads were stopped: 0,0337141 seconds, Stopping threads took: 0,0004344 seconds
2017-04-01T22:21:17.154+0200: 2,692: [CMS-concurrent-sweep-start]
2017-04-01T22:21:17.154+0200: 2,692: [CMS-concurrent-sweep: 0,000/0,000 secs] [Times: user=0,00 sys=0,00, real=0,00 secs] 
2017-04-01T22:21:17.154+0200: 2,692: [CMS-concurrent-reset-start]
2017-04-01T22:21:17.159+0200: 2,696: [CMS-concurrent-reset: 0,005/0,005 secs] [Times: user=0,02 sys=0,00, real=0,00 secs] 
{Heap before GC invocations=4 (full 1):
 par new generation   total 109248K, used 98685K [0x00000000e0000000, 0x00000000e8000000, 0x00000000e8000000)
  eden space 87424K, 100% used [0x00000000e0000000, 0x00000000e5560000, 0x00000000e5560000)
  from space 21824K,  51% used [0x00000000e5560000, 0x00000000e605f6b0, 0x00000000e6ab0000)
  to   space 21824K,   0% used [0x00000000e6ab0000, 0x00000000e6ab0000, 0x00000000e8000000)
 concurrent mark-sweep generation total 393216K, used 0K [0x00000000e8000000, 0x0000000100000000, 0x0000000100000000)
 Metaspace       used 21194K, capacity 21556K, committed 21808K, reserved 1069056K
  class space    used 2447K, capacity 2603K, committed 2608K, reserved 1048576K
2017-04-01T22:21:17.255+0200: 2,793: [GC (Allocation Failure) 2017-04-01T22:21:17.255+0200: 2,793: [ParNew
Desired survivor size 20112992 bytes, new threshold 8 (max 8)
- age   1:     645592 bytes,     645592 total
- age   2:       4856 bytes,     650448 total
- age   3:    1454784 bytes,    2105232 total
- age   4:     804016 bytes,    2909248 total
- age   5:    6686144 bytes,    9595392 total
: 98685K->12501K(109248K), 0,0103888 secs] 98685K->12501K(502464K), 0,0104559 secs] [Times: user=0,03 sys=0,00, real=0,01 secs] 
Heap after GC invocations=5 (full 1):
 par new generation   total 109248K, used 12501K [0x00000000e0000000, 0x00000000e8000000, 0x00000000e8000000)
  eden space 87424K,   0% used [0x00000000e0000000, 0x00000000e0000000, 0x00000000e5560000)
  from space 21824K,  57% used [0x00000000e6ab0000, 0x00000000e76e57c0, 0x00000000e8000000)
  to   space 21824K,   0% used [0x00000000e5560000, 0x00000000e5560000, 0x00000000e6ab0000)
 concurrent mark-sweep generation total 393216K, used 0K [0x00000000e8000000, 0x0000000100000000, 0x0000000100000000)
 Metaspace       used 21194K, capacity 21556K, committed 21808K, reserved 1069056K
  class space    used 2447K, capacity 2603K, committed 2608K, reserved 1048576K
}
2017-04-01T22:21:17.266+0200: 2,803: Total time for which application threads were stopped: 0,0107251 seconds, Stopping threads took: 0,0000909 seconds
{Heap before GC invocations=5 (full 1):
 par new generation   total 109248K, used 99925K [0x00000000e0000000, 0x00000000e8000000, 0x00000000e8000000)
  eden space 87424K, 100% used [0x00000000e0000000, 0x00000000e5560000, 0x00000000e5560000)
  from space 21824K,  57% used [0x00000000e6ab0000, 0x00000000e76e57c0, 0x00000000e8000000)
  to   space 21824K,   0% used [0x00000000e5560000, 0x00000000e5560000, 0x00000000e6ab0000)
 concurrent mark-sweep generation total 393216K, used 0K [0x00000000e8000000, 0x0000000100000000, 0x0000000100000000)
 Metaspace       used 21377K, capacity 21804K, committed 21936K, reserved 1069056K
  class space    used 2470K, capacity 2639K, committed 2736K, reserved 1048576K
2017-04-01T22:21:17.353+0200: 2,890: [GC (Allocation Failure) 2017-04-01T22:21:17.353+0200: 2,890: [ParNew
Desired survivor size 20112992 bytes, new threshold 8 (max 8)
- age   1:     807696 bytes,     807696 total
- age   2:     178296 bytes,     985992 total
- age   3:       4856 bytes,     990848 total
- age   4:    1454264 bytes,    2445112 total
- age   5:     800032 bytes,    3245144 total
- age   6:    6686200 bytes,    9931344 total
: 99925K->12594K(109248K), 0,0094751 secs] 99925K->12594K(502464K), 0,0095345 secs] [Times: user=0,04 sys=0,00, real=0,00 secs] 
Heap after GC invocations=6 (full 1):
 par new generation   total 109248K, used 12594K [0x00000000e0000000, 0x00000000e8000000, 0x00000000e8000000)
  eden space 87424K,   0% used [0x00000000e0000000, 0x00000000e0000000, 0x00000000e5560000)
  from space 21824K,  57% used [0x00000000e5560000, 0x00000000e61ac938, 0x00000000e6ab0000)
  to   space 21824K,   0% used [0x00000000e6ab0000, 0x00000000e6ab0000, 0x00000000e8000000)
 concurrent mark-sweep generation total 393216K, used 0K [0x00000000e8000000, 0x0000000100000000, 0x0000000100000000)
 Metaspace       used 21377K, capacity 21804K, committed 21936K, reserved 1069056K
  class space    used 2470K, capacity 2639K, committed 2736K, reserved 1048576K
}
2017-04-01T22:21:17.363+0200: 2,900: Total time for which application threads were stopped: 0,0097367 seconds, Stopping threads took: 0,0000568 seconds
2017-04-01T22:21:17.397+0200: 2,934: Total time for which application threads were stopped: 0,0002973 seconds, Stopping threads took: 0,0000226 seconds
2017-04-01T22:21:17.594+0200: 3,131: Total time for which application threads were stopped: 0,0005733 seconds, Stopping threads took: 0,0000410 seconds
2017-04-01T22:21:17.608+0200: 3,145: Total time for which application threads were stopped: 0,0004379 seconds, Stopping threads took: 0,0000424 seconds
{Heap before GC invocations=6 (full 1):
 par new generation   total 109248K, used 100018K [0x00000000e0000000, 0x00000000e8000000, 0x00000000e8000000)
  eden space 87424K, 100% used [0x00000000e0000000, 0x00000000e5560000, 0x00000000e5560000)
  from space 21824K,  57% used [0x00000000e5560000, 0x00000000e61ac938, 0x00000000e6ab0000)
  to   space 21824K,   0% used [0x00000000e6ab0000, 0x00000000e6ab0000, 0x00000000e8000000)
 concurrent mark-sweep generation total 393216K, used 0K [0x00000000e8000000, 0x0000000100000000, 0x0000000100000000)
 Metaspace       used 23581K, capacity 24044K, committed 24240K, reserved 1071104K
  class space    used 2743K, capacity 2917K, committed 2992K, reserved 1048576K
2017-04-01T22:21:17.751+0200: 3,288: [GC (Allocation Failure) 2017-04-01T22:21:17.751+0200: 3,288: [ParNew
Desired survivor size 20112992 bytes, new threshold 8 (max 8)
- age   1:    5011344 bytes,    5011344 total
- age   2:     132888 bytes,    5144232 total
- age   3:     176944 bytes,    5321176 total
- age   4:       4832 bytes,    5326008 total
- age   5:     276632 bytes,    5602640 total
- age   6:     775912 bytes,    6378552 total
- age   7:    6677496 bytes,   13056048 total
: 100018K->13849K(109248K), 0,0125776 secs] 100018K->13849K(502464K), 0,0126548 secs] [Times: user=0,04 sys=0,00, real=0,01 secs] 
Heap after GC invocations=7 (full 1):
 par new generation   total 109248K, used 13849K [0x00000000e0000000, 0x00000000e8000000, 0x00000000e8000000)
  eden space 87424K,   0% used [0x00000000e0000000, 0x00000000e0000000, 0x00000000e5560000)
  from space 21824K,  63% used [0x00000000e6ab0000, 0x00000000e7836560, 0x00000000e8000000)
  to   space 21824K,   0% used [0x00000000e5560000, 0x00000000e5560000, 0x00000000e6ab0000)
 concurrent mark-sweep generation total 393216K, used 0K [0x00000000e8000000, 0x0000000100000000, 0x0000000100000000)
 Metaspace       used 23581K, capacity 24044K, committed 24240K, reserved 1071104K
  class space    used 2743K, capacity 2917K, committed 2992K, reserved 1048576K
}
2017-04-01T22:21:17.764+0200: 3,301: Total time for which application threads were stopped: 0,0129830 seconds, Stopping threads took: 0,0000946 seconds
{Heap before GC invocations=7 (full 1):
 par new generation   total 109248K, used 101273K [0x00000000e0000000, 0x00000000e8000000, 0x00000000e8000000)
  eden space 87424K, 100% used [0x00000000e0000000, 0x00000000e5560000, 0x00000000e5560000)
  from space 21824K,  63% used [0x00000000e6ab0000, 0x00000000e7836560, 0x00000000e8000000)
  to   space 21824K,   0% used [0x00000000e5560000, 0x00000000e5560000, 0x00000000e6ab0000)
 concurrent mark-sweep generation total 393216K, used 0K [0x00000000e8000000, 0x0000000100000000, 0x0000000100000000)
 Metaspace       used 24307K, capacity 24770K, committed 24880K, reserved 1071104K
  class space    used 2855K, capacity 3049K, committed 3120K, reserved 1048576K
2017-04-01T22:21:17.879+0200: 3,416: [GC (Allocation Failure) 2017-04-01T22:21:17.879+0200: 3,416: [ParNew
Desired survivor size 20112992 bytes, new threshold 8 (max 8)
- age   1:    2481280 bytes,    2481280 total
- age   2:    1796144 bytes,    4277424 total
- age   3:      65824 bytes,    4343248 total
- age   4:      93384 bytes,    4436632 total
- age   5:       4800 bytes,    4441432 total
- age   6:     185912 bytes,    4627344 total
- age   7:     725552 bytes,    5352896 total
- age   8:    6144928 bytes,   11497824 total
: 101273K->18937K(109248K), 0,0152179 secs] 101273K->18937K(502464K), 0,0153092 secs] [Times: user=0,06 sys=0,00, real=0,02 secs] 
Heap after GC invocations=8 (full 1):
 par new generation   total 109248K, used 18937K [0x00000000e0000000, 0x00000000e8000000, 0x00000000e8000000)
  eden space 87424K,   0% used [0x00000000e0000000, 0x00000000e0000000, 0x00000000e5560000)
  from space 21824K,  86% used [0x00000000e5560000, 0x00000000e67de728, 0x00000000e6ab0000)
  to   space 21824K,   0% used [0x00000000e6ab0000, 0x00000000e6ab0000, 0x00000000e8000000)
 concurrent mark-sweep generation total 393216K, used 0K [0x00000000e8000000, 0x0000000100000000, 0x0000000100000000)
 Metaspace       used 24307K, capacity 24770K, committed 24880K, reserved 1071104K
  class space    used 2855K, capacity 3049K, committed 3120K, reserved 1048576K
}
2017-04-01T22:21:17.894+0200: 3,431: Total time for which application threads were stopped: 0,0195172 seconds, Stopping threads took: 0,0040159 seconds
{Heap before GC invocations=8 (full 1):
 par new generation   total 109248K, used 106361K [0x00000000e0000000, 0x00000000e8000000, 0x00000000e8000000)
  eden space 87424K, 100% used [0x00000000e0000000, 0x00000000e5560000, 0x00000000e5560000)
  from space 21824K,  86% used [0x00000000e5560000, 0x00000000e67de728, 0x00000000e6ab0000)
  to   space 21824K,   0% used [0x00000000e6ab0000, 0x00000000e6ab0000, 0x00000000e8000000)
 concurrent mark-sweep generation total 393216K, used 0K [0x00000000e8000000, 0x0000000100000000, 0x0000000100000000)
 Metaspace       used 24627K, capacity 25132K, committed 25392K, reserved 1071104K
  class space    used 2882K, capacity 3083K, committed 3120K, reserved 1048576K
2017-04-01T22:21:17.992+0200: 3,529: [GC (Allocation Failure) 2017-04-01T22:21:17.992+0200: 3,529: [ParNew
Desired survivor size 20112992 bytes, new threshold 8 (max 8)
- age   1:     754520 bytes,     754520 total
- age   2:    1042848 bytes,    1797368 total
- age   3:    1773824 bytes,    3571192 total
- age   4:      65824 bytes,    3637016 total
- age   5:      93352 bytes,    3730368 total
- age   6:       4768 bytes,    3735136 total
- age   7:     183112 bytes,    3918248 total
- age   8:     724752 bytes,    4643000 total
: 106361K->6890K(109248K), 0,0513961 secs] 106361K->12974K(502464K), 0,0514751 secs] [Times: user=0,09 sys=0,00, real=0,05 secs] 
Heap after GC invocations=9 (full 1):
 par new generation   total 109248K, used 6890K [0x00000000e0000000, 0x00000000e8000000, 0x00000000e8000000)
  eden space 87424K,   0% used [0x00000000e0000000, 0x00000000e0000000, 0x00000000e5560000)
  from space 21824K,  31% used [0x00000000e6ab0000, 0x00000000e716aa30, 0x00000000e8000000)
  to   space 21824K,   0% used [0x00000000e5560000, 0x00000000e5560000, 0x00000000e6ab0000)
 concurrent mark-sweep generation total 393216K, used 6083K [0x00000000e8000000, 0x0000000100000000, 0x0000000100000000)
 Metaspace       used 24627K, capacity 25132K, committed 25392K, reserved 1071104K
  class space    used 2882K, capacity 3083K, committed 3120K, reserved 1048576K
}
2017-04-01T22:21:18.043+0200: 3,581: Total time for which application threads were stopped: 0,0517526 seconds, Stopping threads took: 0,0000811 seconds
2017-04-01T22:21:18.325+0200: 3,862: Total time for which application threads were stopped: 0,0006194 seconds, Stopping threads took: 0,0000629 seconds
2017-04-01T22:21:18.342+0200: 3,879: Total time for which application threads were stopped: 0,0004391 seconds, Stopping threads took: 0,0000357 seconds
2017-04-01T22:21:18.487+0200: 4,025: Total time for which application threads were stopped: 0,0005337 seconds, Stopping threads took: 0,0000236 seconds
2017-04-01T22:21:18.514+0200: 4,051: Total time for which application threads were stopped: 0,0004999 seconds, Stopping threads took: 0,0000607 seconds
2017-04-01T22:21:18.516+0200: 4,054: Total time for which application threads were stopped: 0,0001326 seconds, Stopping threads took: 0,0000297 seconds
2017-04-01T22:21:18.527+0200: 4,064: Total time for which application threads were stopped: 0,0001522 seconds, Stopping threads took: 0,0000664 seconds
2017-04-01T22:21:18.528+0200: 4,065: Total time for which application threads were stopped: 0,0001304 seconds, Stopping threads took: 0,0000243 seconds
2017-04-01T22:21:18.528+0200: 4,065: Total time for which application threads were stopped: 0,0001196 seconds, Stopping threads took: 0,0000271 seconds
2017-04-01T22:21:18.528+0200: 4,065: Total time for which application threads were stopped: 0,0000798 seconds, Stopping threads took: 0,0000206 seconds
2017-04-01T22:21:18.529+0200: 4,066: Total time for which application threads were stopped: 0,0000838 seconds, Stopping threads took: 0,0000227 seconds
2017-04-01T22:21:18.529+0200: 4,067: Total time for which application threads were stopped: 0,0001368 seconds, Stopping threads took: 0,0000255 seconds
2017-04-01T22:21:18.530+0200: 4,067: Total time for which application threads were stopped: 0,0000947 seconds, Stopping threads took: 0,0000278 seconds
2017-04-01T22:21:18.530+0200: 4,068: Total time for which application threads were stopped: 0,0001638 seconds, Stopping threads took: 0,0000319 seconds
2017-04-01T22:21:18.531+0200: 4,068: Total time for which application threads were stopped: 0,0001177 seconds, Stopping threads took: 0,0000202 seconds
2017-04-01T22:21:18.532+0200: 4,069: Total time for which application threads were stopped: 0,0001518 seconds, Stopping threads took: 0,0000353 seconds
2017-04-01T22:21:18.532+0200: 4,069: Total time for which application threads were stopped: 0,0001126 seconds, Stopping threads took: 0,0000306 seconds
2017-04-01T22:21:18.532+0200: 4,069: Total time for which application threads were stopped: 0,0000767 seconds, Stopping threads took: 0,0000190 seconds
2017-04-01T22:21:18.532+0200: 4,069: Total time for which application threads were stopped: 0,0000696 seconds, Stopping threads took: 0,0000179 seconds
2017-04-01T22:21:18.532+0200: 4,070: Total time for which application threads were stopped: 0,0000685 seconds, Stopping threads took: 0,0000169 seconds
2017-04-01T22:21:18.533+0200: 4,070: Total time for which application threads were stopped: 0,0000670 seconds, Stopping threads took: 0,0000180 seconds
2017-04-01T22:21:18.533+0200: 4,070: Total time for which application threads were stopped: 0,0000647 seconds, Stopping threads took: 0,0000153 seconds
2017-04-01T22:21:18.535+0200: 4,072: Total time for which application threads were stopped: 0,0001451 seconds, Stopping threads took: 0,0000415 seconds
2017-04-01T22:21:18.537+0200: 4,074: Total time for which application threads were stopped: 0,0001284 seconds, Stopping threads took: 0,0000367 seconds
2017-04-01T22:21:18.538+0200: 4,075: Total time for which application threads were stopped: 0,0003474 seconds, Stopping threads took: 0,0000270 seconds
2017-04-01T22:21:18.538+0200: 4,075: Total time for which application threads were stopped: 0,0001054 seconds, Stopping threads took: 0,0000251 seconds
2017-04-01T22:21:18.542+0200: 4,079: Total time for which application threads were stopped: 0,0003146 seconds, Stopping threads took: 0,0002076 seconds
2017-04-01T22:21:18.543+0200: 4,080: Total time for which application threads were stopped: 0,0001162 seconds, Stopping threads took: 0,0000307 seconds
2017-04-01T22:21:18.543+0200: 4,081: Total time for which application threads were stopped: 0,0001060 seconds, Stopping threads took: 0,0000203 seconds
2017-04-01T22:21:18.545+0200: 4,082: Total time for which application threads were stopped: 0,0001383 seconds, Stopping threads took: 0,0000415 seconds
2017-04-01T22:21:18.546+0200: 4,083: Total time for which application threads were stopped: 0,0001130 seconds, Stopping threads took: 0,0000313 seconds
2017-04-01T22:21:18.547+0200: 4,084: Total time for which application threads were stopped: 0,0001043 seconds, Stopping threads took: 0,0000286 seconds
2017-04-01T22:21:18.548+0200: 4,085: Total time for which application threads were stopped: 0,0001163 seconds, Stopping threads took: 0,0000304 seconds
2017-04-01T22:21:18.550+0200: 4,087: Total time for which application threads were stopped: 0,0013992 seconds, Stopping threads took: 0,0012110 seconds
2017-04-01T22:21:18.550+0200: 4,087: Total time for which application threads were stopped: 0,0001042 seconds, Stopping threads took: 0,0000299 seconds
2017-04-01T22:21:18.551+0200: 4,088: Total time for which application threads were stopped: 0,0001254 seconds, Stopping threads took: 0,0000465 seconds
2017-04-01T22:21:18.560+0200: 4,097: Total time for which application threads were stopped: 0,0045437 seconds, Stopping threads took: 0,0044287 seconds
2017-04-01T22:21:18.571+0200: 4,108: Total time for which application threads were stopped: 0,0025493 seconds, Stopping threads took: 0,0024376 seconds
2017-04-01T22:21:18.574+0200: 4,111: Total time for which application threads were stopped: 0,0001742 seconds, Stopping threads took: 0,0000514 seconds
2017-04-01T22:21:18.583+0200: 4,120: Total time for which application threads were stopped: 0,0001815 seconds, Stopping threads took: 0,0000722 seconds
2017-04-01T22:21:18.599+0200: 4,136: Total time for which application threads were stopped: 0,0012174 seconds, Stopping threads took: 0,0010134 seconds
2017-04-01T22:21:18.615+0200: 4,152: Total time for which application threads were stopped: 0,0022015 seconds, Stopping threads took: 0,0021219 seconds
2017-04-01T22:21:18.627+0200: 4,164: Total time for which application threads were stopped: 0,0028675 seconds, Stopping threads took: 0,0027588 seconds
2017-04-01T22:21:18.631+0200: 4,168: Total time for which application threads were stopped: 0,0001735 seconds, Stopping threads took: 0,0000479 seconds
2017-04-01T22:21:18.631+0200: 4,168: Total time for which application threads were stopped: 0,0001110 seconds, Stopping threads took: 0,0000350 seconds
2017-04-01T22:21:18.633+0200: 4,170: Total time for which application threads were stopped: 0,0001668 seconds, Stopping threads took: 0,0000297 seconds
2017-04-01T22:21:18.648+0200: 4,185: Total time for which application threads were stopped: 0,0005157 seconds, Stopping threads took: 0,0000391 seconds
2017-04-01T22:21:19.648+0200: 5,186: Total time for which application threads were stopped: 0,0000838 seconds, Stopping threads took: 0,0000228 seconds
2017-04-01T22:22:35.917+0200: 82,195: Total time for which application threads were stopped: 0,0000706 seconds, Stopping threads took: 0,0000195 seconds
2017-04-01T22:23:10.922+0200: 117,200: Total time for which application threads were stopped: 0,0002512 seconds, Stopping threads took: 0,0000927 seconds
2017-04-01T22:23:15.922+0200: 122,200: Total time for which application threads were stopped: 0,0000610 seconds, Stopping threads took: 0,0000181 seconds
{Heap before GC invocations=9 (full 1):
 par new generation   total 109248K, used 94314K [0x00000000e0000000, 0x00000000e8000000, 0x00000000e8000000)
  eden space 87424K, 100% used [0x00000000e0000000, 0x00000000e5560000, 0x00000000e5560000)
  from space 21824K,  31% used [0x00000000e6ab0000, 0x00000000e716aa30, 0x00000000e8000000)
  to   space 21824K,   0% used [0x00000000e5560000, 0x00000000e5560000, 0x00000000e6ab0000)
 concurrent mark-sweep generation total 393216K, used 6083K [0x00000000e8000000, 0x0000000100000000, 0x0000000100000000)
 Metaspace       used 28024K, capacity 28494K, committed 28848K, reserved 1075200K
  class space    used 3213K, capacity 3390K, committed 3504K, reserved 1048576K
2017-04-01T22:24:09.608+0200: 175,886: [GC (Allocation Failure) 2017-04-01T22:24:09.608+0200: 175,886: [ParNew
Desired survivor size 20112992 bytes, new threshold 8 (max 8)
- age   1:   11309688 bytes,   11309688 total
- age   2:     184648 bytes,   11494336 total
- age   3:     256552 bytes,   11750888 total
- age   4:    1768312 bytes,   13519200 total
- age   5:      63440 bytes,   13582640 total
- age   6:      93128 bytes,   13675768 total
- age   7:       4768 bytes,   13680536 total
- age   8:     182464 bytes,   13863000 total
: 94314K->14618K(109248K), 0,0139067 secs] 100398K->21492K(502464K), 0,0140031 secs] [Times: user=0,05 sys=0,00, real=0,02 secs] 
Heap after GC invocations=10 (full 1):
 par new generation   total 109248K, used 14618K [0x00000000e0000000, 0x00000000e8000000, 0x00000000e8000000)
  eden space 87424K,   0% used [0x00000000e0000000, 0x00000000e0000000, 0x00000000e5560000)
  from space 21824K,  66% used [0x00000000e5560000, 0x00000000e63a69a8, 0x00000000e6ab0000)
  to   space 21824K,   0% used [0x00000000e6ab0000, 0x00000000e6ab0000, 0x00000000e8000000)
 concurrent mark-sweep generation total 393216K, used 6874K [0x00000000e8000000, 0x0000000100000000, 0x0000000100000000)
 Metaspace       used 28024K, capacity 28494K, committed 28848K, reserved 1075200K
  class space    used 3213K, capacity 3390K, committed 3504K, reserved 1048576K
}
2017-04-01T22:24:09.622+0200: 175,900: Total time for which application threads were stopped: 0,0142484 seconds, Stopping threads took: 0,0000665 seconds
2017-04-01T22:25:50.635+0200: 276,913: Total time for which application threads were stopped: 0,0000952 seconds, Stopping threads took: 0,0000356 seconds
2017-04-01T22:44:39.785+0200: 1406,063: Total time for which application threads were stopped: 0,0001786 seconds, Stopping threads took: 0,0000625 seconds
2017-04-01T22:48:34.814+0200: 1641,092: Total time for which application threads were stopped: 0,0006128 seconds, Stopping threads took: 0,0001982 seconds
2017-04-01T22:48:39.814+0200: 1646,093: Total time for which application threads were stopped: 0,0000704 seconds, Stopping threads took: 0,0000167 seconds
2017-04-01T22:59:34.897+0200: 2301,175: Total time for which application threads were stopped: 0,0001207 seconds, Stopping threads took: 0,0000450 seconds
2017-04-01T22:59:35.897+0200: 2302,175: Total time for which application threads were stopped: 0,0000624 seconds, Stopping threads took: 0,0000142 seconds
2017-04-01T23:14:30.993+0200: 3197,271: Total time for which application threads were stopped: 0,0000921 seconds, Stopping threads took: 0,0000369 seconds
2017-04-01T23:15:15.998+0200: 3242,276: Total time for which application threads were stopped: 0,0000742 seconds, Stopping threads took: 0,0000271 seconds
2017-04-01T23:22:46.042+0200: 3692,320: Total time for which application threads were stopped: 0,0000921 seconds, Stopping threads took: 0,0000387 seconds
2017-04-01T23:23:40.047+0200: 3746,326: Total time for which application threads were stopped: 0,0001446 seconds, Stopping threads took: 0,0000568 seconds
2017-04-01T23:23:46.048+0200: 3752,326: Total time for which application threads were stopped: 0,0000873 seconds, Stopping threads took: 0,0000164 seconds
2017-04-01T23:25:16.057+0200: 3842,335: Total time for which application threads were stopped: 0,0000760 seconds, Stopping threads took: 0,0000267 seconds
2017-04-01T23:28:30.075+0200: 4036,353: Total time for which application threads were stopped: 0,0000883 seconds, Stopping threads took: 0,0000352 seconds
2017-04-01T23:28:50.077+0200: 4056,355: Total time for which application threads were stopped: 0,0001049 seconds, Stopping threads took: 0,0000235 seconds
2017-04-01T23:39:41.143+0200: 4707,421: Total time for which application threads were stopped: 0,0000823 seconds, Stopping threads took: 0,0000341 seconds
2017-04-01T23:39:51.144+0200: 4717,422: Total time for which application threads were stopped: 0,0000761 seconds, Stopping threads took: 0,0000285 seconds
2017-04-02T00:14:11.123+0200: 5731,672: Total time for which application threads were stopped: 0,0001195 seconds, Stopping threads took: 0,0000341 seconds
2017-04-02T00:23:52.183+0200: 6312,731: Total time for which application threads were stopped: 0,0000923 seconds, Stopping threads took: 0,0000319 seconds
2017-04-02T00:40:41.286+0200: 7321,835: Total time for which application threads were stopped: 0,0000795 seconds, Stopping threads took: 0,0000296 seconds
2017-04-02T00:46:41.824+0200: 7681,871: Total time for which application threads were stopped: 0,0000849 seconds, Stopping threads took: 0,0000311 seconds
2017-04-02T00:47:11.827+0200: 7711,874: Total time for which application threads were stopped: 0,0000890 seconds, Stopping threads took: 0,0000338 seconds
2017-04-02T02:40:08.520+0200: 14488,567: Total time for which application threads were stopped: 0,0001783 seconds, Stopping threads took: 0,0000773 seconds
2017-04-02T02:54:41.607+0200: 15361,654: Total time for which application threads were stopped: 0,0000882 seconds, Stopping threads took: 0,0000330 seconds
2017-04-02T02:59:11.636+0200: 15631,683: Total time for which application threads were stopped: 0,0006462 seconds, Stopping threads took: 0,0002665 seconds
2017-04-02T03:11:26.823+0200: 16366,870: Total time for which application threads were stopped: 0,0109605 seconds, Stopping threads took: 0,0108727 seconds
2017-04-02T03:11:26.823+0200: 16366,870: Total time for which application threads were stopped: 0,0000734 seconds, Stopping threads took: 0,0000158 seconds
2017-04-02T03:11:26.839+0200: 16366,886: Total time for which application threads were stopped: 0,0001022 seconds, Stopping threads took: 0,0000305 seconds
2017-04-02T03:11:26.843+0200: 16366,890: Total time for which application threads were stopped: 0,0003958 seconds, Stopping threads took: 0,0003297 seconds
2017-04-02T03:11:26.844+0200: 16366,891: Total time for which application threads were stopped: 0,0001300 seconds, Stopping threads took: 0,0000398 seconds
2017-04-02T03:11:26.846+0200: 16366,893: Total time for which application threads were stopped: 0,0001011 seconds, Stopping threads took: 0,0000259 seconds
2017-04-02T03:11:26.847+0200: 16366,894: Total time for which application threads were stopped: 0,0001218 seconds, Stopping threads took: 0,0000289 seconds
Heap
 par new generation   total 109248K, used 32941K [0x00000000e0000000, 0x00000000e8000000, 0x00000000e8000000)
  eden space 87424K,  20% used [0x00000000e0000000, 0x00000000e11e4ba8, 0x00000000e5560000)
  from space 21824K,  66% used [0x00000000e5560000, 0x00000000e63a69a8, 0x00000000e6ab0000)
  to   space 21824K,   0% used [0x00000000e6ab0000, 0x00000000e6ab0000, 0x00000000e8000000)
 concurrent mark-sweep generation total 393216K, used 6874K [0x00000000e8000000, 0x0000000100000000, 0x0000000100000000)
 Metaspace       used 28185K, capacity 28758K, committed 29104K, reserved 1075200K
  class space    used 3227K, capacity 3392K, committed 3504K, reserved 1048576K
