OpenJDK 64-Bit Server VM (25.131-b11) for linux-amd64 JRE (1.8.0_131-8u131-b11-2ubuntu1.16.04.3-b11), built on Jul 28 2017 01:23:32 by "buildd" with gcc 5.4.0 20160609
Memory: 4k page, physical 7867732k(7397900k free), swap 8076284k(8076284k free)
CommandLine flags: -XX:CMSInitiatingOccupancyFraction=50 -XX:CMSMaxAbortablePrecleanTime=6000 -XX:+CMSParallelRemarkEnabled -XX:+CMSScavengeBeforeRemark -XX:ConcGCThreads=4 -XX:InitialHeapSize=536870912 -XX:MaxHeapSize=536870912 -XX:MaxTenuringThreshold=8 -XX:NewRatio=3 -XX:OldPLABSize=16 -XX:OnOutOfMemoryError=/opt/solr/bin/oom_solr.sh 8983 /var/solr/logs -XX:ParallelGCThreads=4 -XX:+ParallelRefProcEnabled -XX:PretenureSizeThreshold=67108864 -XX:+PrintGC -XX:+PrintGCApplicationStoppedTime -XX:+PrintGCDateStamps -XX:+PrintGCDetails -XX:+PrintGCTimeStamps -XX:+PrintHeapAtGC -XX:+PrintTenuringDistribution -XX:SurvivorRatio=4 -XX:TargetSurvivorRatio=90 -XX:ThreadStackSize=256 -XX:+UseCMSInitiatingOccupancyOnly -XX:+UseCompressedClassPointers -XX:+UseCompressedOops -XX:+UseConcMarkSweepGC -XX:+UseParNewGC 
2017-09-03T12:27:17.712+0200: 0,151: Total time for which application threads were stopped: 0,0000778 seconds, Stopping threads took: 0,0000122 seconds
2017-09-03T12:27:17.806+0200: 0,244: Total time for which application threads were stopped: 0,0001339 seconds, Stopping threads took: 0,0000251 seconds
2017-09-03T12:27:17.821+0200: 0,259: Total time for which application threads were stopped: 0,0001072 seconds, Stopping threads took: 0,0000273 seconds
2017-09-03T12:27:18.031+0200: 0,470: Total time for which application threads were stopped: 0,0001210 seconds, Stopping threads took: 0,0000138 seconds
2017-09-03T12:27:18.444+0200: 0,882: Total time for which application threads were stopped: 0,0001591 seconds, Stopping threads took: 0,0000240 seconds
2017-09-03T12:27:18.568+0200: 1,007: Total time for which application threads were stopped: 0,0001537 seconds, Stopping threads took: 0,0000129 seconds
2017-09-03T12:27:18.663+0200: 1,102: Total time for which application threads were stopped: 0,0002091 seconds, Stopping threads took: 0,0000337 seconds
2017-09-03T12:27:18.970+0200: 1,408: Total time for which application threads were stopped: 0,0001916 seconds, Stopping threads took: 0,0000204 seconds
2017-09-03T12:27:19.194+0200: 1,633: Total time for which application threads were stopped: 0,0002097 seconds, Stopping threads took: 0,0000183 seconds
2017-09-03T12:27:19.219+0200: 1,657: Total time for which application threads were stopped: 0,0019873 seconds, Stopping threads took: 0,0005697 seconds
2017-09-03T12:27:19.255+0200: 1,693: Total time for which application threads were stopped: 0,0002557 seconds, Stopping threads took: 0,0000234 seconds
2017-09-03T12:27:19.257+0200: 1,696: Total time for which application threads were stopped: 0,0010301 seconds, Stopping threads took: 0,0000218 seconds
2017-09-03T12:27:19.279+0200: 1,718: Total time for which application threads were stopped: 0,0002018 seconds, Stopping threads took: 0,0000275 seconds
2017-09-03T12:27:19.390+0200: 1,828: Total time for which application threads were stopped: 0,0002270 seconds, Stopping threads took: 0,0000276 seconds
2017-09-03T12:27:19.555+0200: 1,994: Total time for which application threads were stopped: 0,0003021 seconds, Stopping threads took: 0,0000792 seconds
{Heap before GC invocations=0 (full 0):
 par new generation   total 109248K, used 87424K [0x00000000e0000000, 0x00000000e8000000, 0x00000000e8000000)
  eden space 87424K, 100% used [0x00000000e0000000, 0x00000000e5560000, 0x00000000e5560000)
  from space 21824K,   0% used [0x00000000e5560000, 0x00000000e5560000, 0x00000000e6ab0000)
  to   space 21824K,   0% used [0x00000000e6ab0000, 0x00000000e6ab0000, 0x00000000e8000000)
 concurrent mark-sweep generation total 393216K, used 0K [0x00000000e8000000, 0x0000000100000000, 0x0000000100000000)
 Metaspace       used 18223K, capacity 18528K, committed 18688K, reserved 1064960K
  class space    used 2058K, capacity 2196K, committed 2304K, reserved 1048576K
2017-09-03T12:27:19.664+0200: 2,103: [GC (Allocation Failure) 2017-09-03T12:27:19.664+0200: 2,103: [ParNew
Desired survivor size 20112992 bytes, new threshold 8 (max 8)
- age   1:   12836392 bytes,   12836392 total
: 87424K->12655K(109248K), 0,0172139 secs] 87424K->12655K(502464K), 0,0172988 secs] [Times: user=0,04 sys=0,00, real=0,02 secs] 
Heap after GC invocations=1 (full 0):
 par new generation   total 109248K, used 12655K [0x00000000e0000000, 0x00000000e8000000, 0x00000000e8000000)
  eden space 87424K,   0% used [0x00000000e0000000, 0x00000000e0000000, 0x00000000e5560000)
  from space 21824K,  57% used [0x00000000e6ab0000, 0x00000000e770bc20, 0x00000000e8000000)
  to   space 21824K,   0% used [0x00000000e5560000, 0x00000000e5560000, 0x00000000e6ab0000)
 concurrent mark-sweep generation total 393216K, used 0K [0x00000000e8000000, 0x0000000100000000, 0x0000000100000000)
 Metaspace       used 18223K, capacity 18528K, committed 18688K, reserved 1064960K
  class space    used 2058K, capacity 2196K, committed 2304K, reserved 1048576K
}
2017-09-03T12:27:19.681+0200: 2,120: Total time for which application threads were stopped: 0,0175317 seconds, Stopping threads took: 0,0000210 seconds
2017-09-03T12:27:19.957+0200: 2,396: Total time for which application threads were stopped: 0,0003777 seconds, Stopping threads took: 0,0000492 seconds
2017-09-03T12:27:20.000+0200: 2,438: Total time for which application threads were stopped: 0,0004272 seconds, Stopping threads took: 0,0000935 seconds
{Heap before GC invocations=1 (full 0):
 par new generation   total 109248K, used 100079K [0x00000000e0000000, 0x00000000e8000000, 0x00000000e8000000)
  eden space 87424K, 100% used [0x00000000e0000000, 0x00000000e5560000, 0x00000000e5560000)
  from space 21824K,  57% used [0x00000000e6ab0000, 0x00000000e770bc20, 0x00000000e8000000)
  to   space 21824K,   0% used [0x00000000e5560000, 0x00000000e5560000, 0x00000000e6ab0000)
 concurrent mark-sweep generation total 393216K, used 0K [0x00000000e8000000, 0x0000000100000000, 0x0000000100000000)
 Metaspace       used 20064K, capacity 20410K, committed 20736K, reserved 1067008K
  class space    used 2293K, capacity 2463K, committed 2560K, reserved 1048576K
2017-09-03T12:27:20.006+0200: 2,444: [GC (Allocation Failure) 2017-09-03T12:27:20.006+0200: 2,445: [ParNew
Desired survivor size 20112992 bytes, new threshold 8 (max 8)
- age   1:    3568912 bytes,    3568912 total
- age   2:    6704616 bytes,   10273528 total
: 100079K->13958K(109248K), 0,0143039 secs] 100079K->13958K(502464K), 0,0143769 secs] [Times: user=0,05 sys=0,00, real=0,01 secs] 
Heap after GC invocations=2 (full 0):
 par new generation   total 109248K, used 13958K [0x00000000e0000000, 0x00000000e8000000, 0x00000000e8000000)
  eden space 87424K,   0% used [0x00000000e0000000, 0x00000000e0000000, 0x00000000e5560000)
  from space 21824K,  63% used [0x00000000e5560000, 0x00000000e63019f8, 0x00000000e6ab0000)
  to   space 21824K,   0% used [0x00000000e6ab0000, 0x00000000e6ab0000, 0x00000000e8000000)
 concurrent mark-sweep generation total 393216K, used 0K [0x00000000e8000000, 0x0000000100000000, 0x0000000100000000)
 Metaspace       used 20064K, capacity 20410K, committed 20736K, reserved 1067008K
  class space    used 2293K, capacity 2463K, committed 2560K, reserved 1048576K
}
2017-09-03T12:27:20.020+0200: 2,459: Total time for which application threads were stopped: 0,0145860 seconds, Stopping threads took: 0,0000817 seconds
2017-09-03T12:27:20.061+0200: 2,499: Total time for which application threads were stopped: 0,0004346 seconds, Stopping threads took: 0,0000730 seconds
2017-09-03T12:27:20.188+0200: 2,627: Total time for which application threads were stopped: 0,0001901 seconds, Stopping threads took: 0,0000484 seconds
{Heap before GC invocations=2 (full 0):
 par new generation   total 109248K, used 101382K [0x00000000e0000000, 0x00000000e8000000, 0x00000000e8000000)
  eden space 87424K, 100% used [0x00000000e0000000, 0x00000000e5560000, 0x00000000e5560000)
  from space 21824K,  63% used [0x00000000e5560000, 0x00000000e63019f8, 0x00000000e6ab0000)
  to   space 21824K,   0% used [0x00000000e6ab0000, 0x00000000e6ab0000, 0x00000000e8000000)
 concurrent mark-sweep generation total 393216K, used 0K [0x00000000e8000000, 0x0000000100000000, 0x0000000100000000)
 Metaspace       used 20981K, capacity 21338K, committed 21628K, reserved 1069056K
  class space    used 2414K, capacity 2583K, committed 2684K, reserved 1048576K
2017-09-03T12:27:20.238+0200: 2,677: [GC (Allocation Failure) 2017-09-03T12:27:20.238+0200: 2,677: [ParNew
Desired survivor size 20112992 bytes, new threshold 8 (max 8)
- age   1:    2050768 bytes,    2050768 total
- age   2:     844584 bytes,    2895352 total
- age   3:    6700744 bytes,    9596096 total
: 101382K->14390K(109248K), 0,0172450 secs] 101382K->14390K(502464K), 0,0173405 secs] [Times: user=0,05 sys=0,00, real=0,02 secs] 
Heap after GC invocations=3 (full 0):
 par new generation   total 109248K, used 14390K [0x00000000e0000000, 0x00000000e8000000, 0x00000000e8000000)
  eden space 87424K,   0% used [0x00000000e0000000, 0x00000000e0000000, 0x00000000e5560000)
  from space 21824K,  65% used [0x00000000e6ab0000, 0x00000000e78bdb70, 0x00000000e8000000)
  to   space 21824K,   0% used [0x00000000e5560000, 0x00000000e5560000, 0x00000000e6ab0000)
 concurrent mark-sweep generation total 393216K, used 0K [0x00000000e8000000, 0x0000000100000000, 0x0000000100000000)
 Metaspace       used 20981K, capacity 21338K, committed 21628K, reserved 1069056K
  class space    used 2414K, capacity 2583K, committed 2684K, reserved 1048576K
}
2017-09-03T12:27:20.256+0200: 2,694: Total time for which application threads were stopped: 0,0175769 seconds, Stopping threads took: 0,0000606 seconds
2017-09-03T12:27:20.256+0200: 2,695: [GC (CMS Initial Mark) [1 CMS-initial-mark: 0K(393216K)] 15108K(502464K), 0,0049311 secs] [Times: user=0,02 sys=0,00, real=0,01 secs] 
2017-09-03T12:27:20.261+0200: 2,699: Total time for which application threads were stopped: 0,0050745 seconds, Stopping threads took: 0,0000374 seconds
2017-09-03T12:27:20.261+0200: 2,700: [CMS-concurrent-mark-start]
2017-09-03T12:27:20.262+0200: 2,701: [CMS-concurrent-mark: 0,001/0,001 secs] [Times: user=0,00 sys=0,00, real=0,00 secs] 
2017-09-03T12:27:20.262+0200: 2,701: [CMS-concurrent-preclean-start]
2017-09-03T12:27:20.263+0200: 2,702: [CMS-concurrent-preclean: 0,001/0,001 secs] [Times: user=0,00 sys=0,00, real=0,00 secs] 
2017-09-03T12:27:20.263+0200: 2,702: [CMS-concurrent-abortable-preclean-start]
2017-09-03T12:27:20.327+0200: 2,765: Total time for which application threads were stopped: 0,0001579 seconds, Stopping threads took: 0,0000709 seconds
{Heap before GC invocations=3 (full 1):
 par new generation   total 109248K, used 101814K [0x00000000e0000000, 0x00000000e8000000, 0x00000000e8000000)
  eden space 87424K, 100% used [0x00000000e0000000, 0x00000000e5560000, 0x00000000e5560000)
  from space 21824K,  65% used [0x00000000e6ab0000, 0x00000000e78bdb70, 0x00000000e8000000)
  to   space 21824K,   0% used [0x00000000e5560000, 0x00000000e5560000, 0x00000000e6ab0000)
 concurrent mark-sweep generation total 393216K, used 0K [0x00000000e8000000, 0x0000000100000000, 0x0000000100000000)
 Metaspace       used 21246K, capacity 21613K, committed 21884K, reserved 1069056K
  class space    used 2443K, capacity 2598K, committed 2684K, reserved 1048576K
2017-09-03T12:27:20.369+0200: 2,808: [GC (Allocation Failure) 2017-09-03T12:27:20.369+0200: 2,808: [ParNew
Desired survivor size 20112992 bytes, new threshold 8 (max 8)
- age   1:     962456 bytes,     962456 total
- age   2:    1453264 bytes,    2415720 total
- age   3:     830792 bytes,    3246512 total
- age   4:    6700864 bytes,    9947376 total
: 101814K->11345K(109248K), 0,0097531 secs] 101814K->11345K(502464K), 0,0098148 secs] [Times: user=0,03 sys=0,00, real=0,01 secs] 
Heap after GC invocations=4 (full 1):
 par new generation   total 109248K, used 11345K [0x00000000e0000000, 0x00000000e8000000, 0x00000000e8000000)
  eden space 87424K,   0% used [0x00000000e0000000, 0x00000000e0000000, 0x00000000e5560000)
  from space 21824K,  51% used [0x00000000e5560000, 0x00000000e6074680, 0x00000000e6ab0000)
  to   space 21824K,   0% used [0x00000000e6ab0000, 0x00000000e6ab0000, 0x00000000e8000000)
 concurrent mark-sweep generation total 393216K, used 0K [0x00000000e8000000, 0x0000000100000000, 0x0000000100000000)
 Metaspace       used 21246K, capacity 21613K, committed 21884K, reserved 1069056K
  class space    used 2443K, capacity 2598K, committed 2684K, reserved 1048576K
}
2017-09-03T12:27:20.379+0200: 2,817: Total time for which application threads were stopped: 0,0101557 seconds, Stopping threads took: 0,0002053 seconds
2017-09-03T12:27:20.379+0200: 2,817: [CMS-concurrent-abortable-preclean: 0,075/0,115 secs] [Times: user=0,45 sys=0,00, real=0,11 secs] 
2017-09-03T12:27:20.381+0200: 2,819: [GC (CMS Final Remark) [YG occupancy: 12669 K (109248 K)]{Heap before GC invocations=4 (full 1):
 par new generation   total 109248K, used 12669K [0x00000000e0000000, 0x00000000e8000000, 0x00000000e8000000)
  eden space 87424K,   1% used [0x00000000e0000000, 0x00000000e014add8, 0x00000000e5560000)
  from space 21824K,  51% used [0x00000000e5560000, 0x00000000e6074680, 0x00000000e6ab0000)
  to   space 21824K,   0% used [0x00000000e6ab0000, 0x00000000e6ab0000, 0x00000000e8000000)
 concurrent mark-sweep generation total 393216K, used 0K [0x00000000e8000000, 0x0000000100000000, 0x0000000100000000)
 Metaspace       used 21246K, capacity 21613K, committed 21884K, reserved 1069056K
  class space    used 2443K, capacity 2598K, committed 2684K, reserved 1048576K
2017-09-03T12:27:20.381+0200: 2,820: [GC (CMS Final Remark) 2017-09-03T12:27:20.381+0200: 2,820: [ParNew
Desired survivor size 20112992 bytes, new threshold 8 (max 8)
- age   1:     143104 bytes,     143104 total
- age   2:     807448 bytes,     950552 total
- age   3:    1448016 bytes,    2398568 total
- age   4:     830792 bytes,    3229360 total
- age   5:    6700744 bytes,    9930104 total
: 12669K->12346K(109248K), 0,0164471 secs] 12669K->12346K(502464K), 0,0164879 secs] [Times: user=0,05 sys=0,00, real=0,01 secs] 
Heap after GC invocations=5 (full 1):
 par new generation   total 109248K, used 12346K [0x00000000e0000000, 0x00000000e8000000, 0x00000000e8000000)
  eden space 87424K,   0% used [0x00000000e0000000, 0x00000000e0000000, 0x00000000e5560000)
  from space 21824K,  56% used [0x00000000e6ab0000, 0x00000000e76bea60, 0x00000000e8000000)
  to   space 21824K,   0% used [0x00000000e5560000, 0x00000000e5560000, 0x00000000e6ab0000)
 concurrent mark-sweep generation total 393216K, used 0K [0x00000000e8000000, 0x0000000100000000, 0x0000000100000000)
 Metaspace       used 21246K, capacity 21613K, committed 21884K, reserved 1069056K
  class space    used 2443K, capacity 2598K, committed 2684K, reserved 1048576K
}
2017-09-03T12:27:20.398+0200: 2,836: [Rescan (parallel) , 0,0044159 secs]2017-09-03T12:27:20.402+0200: 2,840: [weak refs processing, 0,0007605 secs]2017-09-03T12:27:20.403+0200: 2,841: [class unloading, 0,0028309 secs]2017-09-03T12:27:20.406+0200: 2,844: [scrub symbol table, 0,0034960 secs]2017-09-03T12:27:20.409+0200: 2,848: [scrub string table, 0,0003995 secs][1 CMS-remark: 0K(393216K)] 12346K(502464K), 0,0290750 secs] [Times: user=0,07 sys=0,01, real=0,02 secs] 
2017-09-03T12:27:20.410+0200: 2,849: Total time for which application threads were stopped: 0,0308790 seconds, Stopping threads took: 0,0017272 seconds
2017-09-03T12:27:20.410+0200: 2,849: [CMS-concurrent-sweep-start]
2017-09-03T12:27:20.410+0200: 2,849: [CMS-concurrent-sweep: 0,000/0,000 secs] [Times: user=0,00 sys=0,00, real=0,00 secs] 
2017-09-03T12:27:20.410+0200: 2,849: [CMS-concurrent-reset-start]
2017-09-03T12:27:20.411+0200: 2,850: [CMS-concurrent-reset: 0,001/0,001 secs] [Times: user=0,01 sys=0,00, real=0,00 secs] 
{Heap before GC invocations=5 (full 1):
 par new generation   total 109248K, used 99770K [0x00000000e0000000, 0x00000000e8000000, 0x00000000e8000000)
  eden space 87424K, 100% used [0x00000000e0000000, 0x00000000e5560000, 0x00000000e5560000)
  from space 21824K,  56% used [0x00000000e6ab0000, 0x00000000e76bea60, 0x00000000e8000000)
  to   space 21824K,   0% used [0x00000000e5560000, 0x00000000e5560000, 0x00000000e6ab0000)
 concurrent mark-sweep generation total 393216K, used 0K [0x00000000e8000000, 0x0000000100000000, 0x0000000100000000)
 Metaspace       used 21370K, capacity 21785K, committed 21884K, reserved 1069056K
  class space    used 2462K, capacity 2632K, committed 2684K, reserved 1048576K
2017-09-03T12:27:20.491+0200: 2,930: [GC (Allocation Failure) 2017-09-03T12:27:20.491+0200: 2,930: [ParNew
Desired survivor size 20112992 bytes, new threshold 8 (max 8)
- age   1:    1735424 bytes,    1735424 total
- age   3:     187832 bytes,    1923256 total
- age   4:    1447800 bytes,    3371056 total
- age   5:     828808 bytes,    4199864 total
- age   6:    6700984 bytes,   10900848 total
: 99770K->16328K(109248K), 0,0101569 secs] 99770K->16328K(502464K), 0,0102398 secs] [Times: user=0,04 sys=0,00, real=0,02 secs] 
Heap after GC invocations=6 (full 1):
 par new generation   total 109248K, used 16328K [0x00000000e0000000, 0x00000000e8000000, 0x00000000e8000000)
  eden space 87424K,   0% used [0x00000000e0000000, 0x00000000e0000000, 0x00000000e5560000)
  from space 21824K,  74% used [0x00000000e5560000, 0x00000000e6552378, 0x00000000e6ab0000)
  to   space 21824K,   0% used [0x00000000e6ab0000, 0x00000000e6ab0000, 0x00000000e8000000)
 concurrent mark-sweep generation total 393216K, used 0K [0x00000000e8000000, 0x0000000100000000, 0x0000000100000000)
 Metaspace       used 21370K, capacity 21785K, committed 21884K, reserved 1069056K
  class space    used 2462K, capacity 2632K, committed 2684K, reserved 1048576K
}
2017-09-03T12:27:20.502+0200: 2,940: Total time for which application threads were stopped: 0,0105656 seconds, Stopping threads took: 0,0001875 seconds
2017-09-03T12:27:20.535+0200: 2,973: Total time for which application threads were stopped: 0,0003051 seconds, Stopping threads took: 0,0000179 seconds
2017-09-03T12:27:20.791+0200: 3,230: Total time for which application threads were stopped: 0,0004606 seconds, Stopping threads took: 0,0000313 seconds
2017-09-03T12:27:20.809+0200: 3,248: Total time for which application threads were stopped: 0,0041355 seconds, Stopping threads took: 0,0037165 seconds
{Heap before GC invocations=6 (full 1):
 par new generation   total 109248K, used 103752K [0x00000000e0000000, 0x00000000e8000000, 0x00000000e8000000)
  eden space 87424K, 100% used [0x00000000e0000000, 0x00000000e5560000, 0x00000000e5560000)
  from space 21824K,  74% used [0x00000000e5560000, 0x00000000e6552378, 0x00000000e6ab0000)
  to   space 21824K,   0% used [0x00000000e6ab0000, 0x00000000e6ab0000, 0x00000000e8000000)
 concurrent mark-sweep generation total 393216K, used 0K [0x00000000e8000000, 0x0000000100000000, 0x0000000100000000)
 Metaspace       used 23860K, capacity 24281K, committed 24572K, reserved 1071104K
  class space    used 2803K, capacity 2974K, committed 3068K, reserved 1048576K
2017-09-03T12:27:20.963+0200: 3,401: [GC (Allocation Failure) 2017-09-03T12:27:20.963+0200: 3,401: [ParNew
Desired survivor size 20112992 bytes, new threshold 8 (max 8)
- age   1:    5283992 bytes,    5283992 total
- age   2:     109728 bytes,    5393720 total
- age   4:     186432 bytes,    5580152 total
- age   5:     277864 bytes,    5858016 total
- age   6:     804624 bytes,    6662640 total
- age   7:    6692416 bytes,   13355056 total
: 103752K->16230K(109248K), 0,0130818 secs] 103752K->16230K(502464K), 0,0131578 secs] [Times: user=0,05 sys=0,00, real=0,01 secs] 
Heap after GC invocations=7 (full 1):
 par new generation   total 109248K, used 16230K [0x00000000e0000000, 0x00000000e8000000, 0x00000000e8000000)
  eden space 87424K,   0% used [0x00000000e0000000, 0x00000000e0000000, 0x00000000e5560000)
  from space 21824K,  74% used [0x00000000e6ab0000, 0x00000000e7a89930, 0x00000000e8000000)
  to   space 21824K,   0% used [0x00000000e5560000, 0x00000000e5560000, 0x00000000e6ab0000)
 concurrent mark-sweep generation total 393216K, used 0K [0x00000000e8000000, 0x0000000100000000, 0x0000000100000000)
 Metaspace       used 23860K, capacity 24281K, committed 24572K, reserved 1071104K
  class space    used 2803K, capacity 2974K, committed 3068K, reserved 1048576K
}
2017-09-03T12:27:20.976+0200: 3,415: Total time for which application threads were stopped: 0,0135009 seconds, Stopping threads took: 0,0000475 seconds
{Heap before GC invocations=7 (full 1):
 par new generation   total 109248K, used 103654K [0x00000000e0000000, 0x00000000e8000000, 0x00000000e8000000)
  eden space 87424K, 100% used [0x00000000e0000000, 0x00000000e5560000, 0x00000000e5560000)
  from space 21824K,  74% used [0x00000000e6ab0000, 0x00000000e7a89930, 0x00000000e8000000)
  to   space 21824K,   0% used [0x00000000e5560000, 0x00000000e5560000, 0x00000000e6ab0000)
 concurrent mark-sweep generation total 393216K, used 0K [0x00000000e8000000, 0x0000000100000000, 0x0000000100000000)
 Metaspace       used 24385K, capacity 24863K, committed 25084K, reserved 1071104K
  class space    used 2854K, capacity 3039K, committed 3068K, reserved 1048576K
2017-09-03T12:27:21.087+0200: 3,525: [GC (Allocation Failure) 2017-09-03T12:27:21.087+0200: 3,525: [ParNew
Desired survivor size 20112992 bytes, new threshold 8 (max 8)
- age   1:    2096712 bytes,    2096712 total
- age   2:    1782472 bytes,    3879184 total
- age   3:      56328 bytes,    3935512 total
- age   5:     106160 bytes,    4041672 total
- age   6:     181664 bytes,    4223336 total
- age   7:     762320 bytes,    4985656 total
- age   8:    6159280 bytes,   11144936 total
: 103654K->19302K(109248K), 0,0225775 secs] 103654K->19302K(502464K), 0,0226679 secs] [Times: user=0,07 sys=0,00, real=0,02 secs] 
Heap after GC invocations=8 (full 1):
 par new generation   total 109248K, used 19302K [0x00000000e0000000, 0x00000000e8000000, 0x00000000e8000000)
  eden space 87424K,   0% used [0x00000000e0000000, 0x00000000e0000000, 0x00000000e5560000)
  from space 21824K,  88% used [0x00000000e5560000, 0x00000000e6839a38, 0x00000000e6ab0000)
  to   space 21824K,   0% used [0x00000000e6ab0000, 0x00000000e6ab0000, 0x00000000e8000000)
 concurrent mark-sweep generation total 393216K, used 0K [0x00000000e8000000, 0x0000000100000000, 0x0000000100000000)
 Metaspace       used 24385K, capacity 24863K, committed 25084K, reserved 1071104K
  class space    used 2854K, capacity 3039K, committed 3068K, reserved 1048576K
}
2017-09-03T12:27:21.109+0200: 3,548: Total time for which application threads were stopped: 0,0231409 seconds, Stopping threads took: 0,0002458 seconds
{Heap before GC invocations=8 (full 1):
 par new generation   total 109248K, used 106726K [0x00000000e0000000, 0x00000000e8000000, 0x00000000e8000000)
  eden space 87424K, 100% used [0x00000000e0000000, 0x00000000e5560000, 0x00000000e5560000)
  from space 21824K,  88% used [0x00000000e5560000, 0x00000000e6839a38, 0x00000000e6ab0000)
  to   space 21824K,   0% used [0x00000000e6ab0000, 0x00000000e6ab0000, 0x00000000e8000000)
 concurrent mark-sweep generation total 393216K, used 0K [0x00000000e8000000, 0x0000000100000000, 0x0000000100000000)
 Metaspace       used 24567K, capacity 25017K, committed 25084K, reserved 1071104K
  class space    used 2870K, capacity 3044K, committed 3068K, reserved 1048576K
2017-09-03T12:27:21.179+0200: 3,618: [GC (Allocation Failure) 2017-09-03T12:27:21.179+0200: 3,618: [ParNew
Desired survivor size 20112992 bytes, new threshold 8 (max 8)
- age   1:     675888 bytes,     675888 total
- age   2:     999864 bytes,    1675752 total
- age   3:    1768768 bytes,    3444520 total
- age   4:      56328 bytes,    3500848 total
- age   6:     105992 bytes,    3606840 total
- age   7:     178864 bytes,    3785704 total
- age   8:     761552 bytes,    4547256 total
: 106726K->6848K(109248K), 0,0328677 secs] 106726K->12946K(502464K), 0,0329394 secs] [Times: user=0,09 sys=0,00, real=0,03 secs] 
Heap after GC invocations=9 (full 1):
 par new generation   total 109248K, used 6848K [0x00000000e0000000, 0x00000000e8000000, 0x00000000e8000000)
  eden space 87424K,   0% used [0x00000000e0000000, 0x00000000e0000000, 0x00000000e5560000)
  from space 21824K,  31% used [0x00000000e6ab0000, 0x00000000e7160030, 0x00000000e8000000)
  to   space 21824K,   0% used [0x00000000e5560000, 0x00000000e5560000, 0x00000000e6ab0000)
 concurrent mark-sweep generation total 393216K, used 6098K [0x00000000e8000000, 0x0000000100000000, 0x0000000100000000)
 Metaspace       used 24567K, capacity 25017K, committed 25084K, reserved 1071104K
  class space    used 2870K, capacity 3044K, committed 3068K, reserved 1048576K
}
2017-09-03T12:27:21.212+0200: 3,651: Total time for which application threads were stopped: 0,0331700 seconds, Stopping threads took: 0,0000808 seconds
2017-09-03T12:27:21.494+0200: 3,932: Total time for which application threads were stopped: 0,0004719 seconds, Stopping threads took: 0,0000250 seconds
2017-09-03T12:27:21.535+0200: 3,973: Total time for which application threads were stopped: 0,0006034 seconds, Stopping threads took: 0,0000365 seconds
2017-09-03T12:27:21.620+0200: 4,059: Total time for which application threads were stopped: 0,0003455 seconds, Stopping threads took: 0,0000352 seconds
2017-09-03T12:27:21.625+0200: 4,064: Total time for which application threads were stopped: 0,0001166 seconds, Stopping threads took: 0,0000366 seconds
2017-09-03T12:27:21.625+0200: 4,064: Total time for which application threads were stopped: 0,0000779 seconds, Stopping threads took: 0,0000213 seconds
2017-09-03T12:27:21.626+0200: 4,065: Total time for which application threads were stopped: 0,0001683 seconds, Stopping threads took: 0,0000831 seconds
2017-09-03T12:27:21.627+0200: 4,065: Total time for which application threads were stopped: 0,0001012 seconds, Stopping threads took: 0,0000392 seconds
2017-09-03T12:27:21.628+0200: 4,067: Total time for which application threads were stopped: 0,0000889 seconds, Stopping threads took: 0,0000179 seconds
2017-09-03T12:27:21.631+0200: 4,069: Total time for which application threads were stopped: 0,0001744 seconds, Stopping threads took: 0,0000929 seconds
2017-09-03T12:27:21.637+0200: 4,075: Total time for which application threads were stopped: 0,0039934 seconds, Stopping threads took: 0,0039114 seconds
2017-09-03T12:27:21.641+0200: 4,080: Total time for which application threads were stopped: 0,0000865 seconds, Stopping threads took: 0,0000194 seconds
2017-09-03T12:27:21.642+0200: 4,081: Total time for which application threads were stopped: 0,0003802 seconds, Stopping threads took: 0,0000144 seconds
2017-09-03T12:27:21.647+0200: 4,085: Total time for which application threads were stopped: 0,0001361 seconds, Stopping threads took: 0,0000513 seconds
2017-09-03T12:27:21.654+0200: 4,092: Total time for which application threads were stopped: 0,0004401 seconds, Stopping threads took: 0,0003371 seconds
2017-09-03T12:27:21.654+0200: 4,093: Total time for which application threads were stopped: 0,0001292 seconds, Stopping threads took: 0,0000354 seconds
2017-09-03T12:27:21.665+0200: 4,103: Total time for which application threads were stopped: 0,0032931 seconds, Stopping threads took: 0,0032188 seconds
2017-09-03T12:27:21.666+0200: 4,104: Total time for which application threads were stopped: 0,0001024 seconds, Stopping threads took: 0,0000328 seconds
2017-09-03T12:27:21.667+0200: 4,105: Total time for which application threads were stopped: 0,0000834 seconds, Stopping threads took: 0,0000150 seconds
2017-09-03T12:27:21.667+0200: 4,106: Total time for which application threads were stopped: 0,0000529 seconds, Stopping threads took: 0,0000100 seconds
2017-09-03T12:27:21.668+0200: 4,107: Total time for which application threads were stopped: 0,0000708 seconds, Stopping threads took: 0,0000121 seconds
2017-09-03T12:27:21.668+0200: 4,107: Total time for which application threads were stopped: 0,0000757 seconds, Stopping threads took: 0,0000200 seconds
2017-09-03T12:27:21.669+0200: 4,107: Total time for which application threads were stopped: 0,0000553 seconds, Stopping threads took: 0,0000178 seconds
2017-09-03T12:27:21.669+0200: 4,107: Total time for which application threads were stopped: 0,0000585 seconds, Stopping threads took: 0,0000143 seconds
2017-09-03T12:27:21.669+0200: 4,107: Total time for which application threads were stopped: 0,0000510 seconds, Stopping threads took: 0,0000114 seconds
2017-09-03T12:27:21.669+0200: 4,108: Total time for which application threads were stopped: 0,0000838 seconds, Stopping threads took: 0,0000303 seconds
2017-09-03T12:27:21.672+0200: 4,111: Total time for which application threads were stopped: 0,0028690 seconds, Stopping threads took: 0,0027499 seconds
2017-09-03T12:27:21.672+0200: 4,111: Total time for which application threads were stopped: 0,0001017 seconds, Stopping threads took: 0,0000256 seconds
2017-09-03T12:27:21.672+0200: 4,111: Total time for which application threads were stopped: 0,0000469 seconds, Stopping threads took: 0,0000130 seconds
2017-09-03T12:27:21.677+0200: 4,115: Total time for which application threads were stopped: 0,0001253 seconds, Stopping threads took: 0,0000203 seconds
2017-09-03T12:27:21.677+0200: 4,115: Total time for which application threads were stopped: 0,0000935 seconds, Stopping threads took: 0,0000290 seconds
2017-09-03T12:27:21.677+0200: 4,116: Total time for which application threads were stopped: 0,0002736 seconds, Stopping threads took: 0,0002178 seconds
2017-09-03T12:27:21.678+0200: 4,116: Total time for which application threads were stopped: 0,0001615 seconds, Stopping threads took: 0,0000782 seconds
2017-09-03T12:27:21.678+0200: 4,116: Total time for which application threads were stopped: 0,0000628 seconds, Stopping threads took: 0,0000222 seconds
2017-09-03T12:27:21.678+0200: 4,117: Total time for which application threads were stopped: 0,0001572 seconds, Stopping threads took: 0,0000962 seconds
2017-09-03T12:27:21.678+0200: 4,117: Total time for which application threads were stopped: 0,0000448 seconds, Stopping threads took: 0,0000148 seconds
2017-09-03T12:27:21.678+0200: 4,117: Total time for which application threads were stopped: 0,0000695 seconds, Stopping threads took: 0,0000209 seconds
2017-09-03T12:27:21.679+0200: 4,117: Total time for which application threads were stopped: 0,0000972 seconds, Stopping threads took: 0,0000318 seconds
2017-09-03T12:27:21.679+0200: 4,117: Total time for which application threads were stopped: 0,0000858 seconds, Stopping threads took: 0,0000320 seconds
2017-09-03T12:27:21.679+0200: 4,117: Total time for which application threads were stopped: 0,0000588 seconds, Stopping threads took: 0,0000189 seconds
2017-09-03T12:27:21.679+0200: 4,117: Total time for which application threads were stopped: 0,0000568 seconds, Stopping threads took: 0,0000212 seconds
2017-09-03T12:27:21.679+0200: 4,118: Total time for which application threads were stopped: 0,0000451 seconds, Stopping threads took: 0,0000184 seconds
2017-09-03T12:27:21.679+0200: 4,118: Total time for which application threads were stopped: 0,0000476 seconds, Stopping threads took: 0,0000182 seconds
2017-09-03T12:27:21.679+0200: 4,118: Total time for which application threads were stopped: 0,0000402 seconds, Stopping threads took: 0,0000145 seconds
2017-09-03T12:27:21.679+0200: 4,118: Total time for which application threads were stopped: 0,0000434 seconds, Stopping threads took: 0,0000171 seconds
2017-09-03T12:27:21.680+0200: 4,118: Total time for which application threads were stopped: 0,0000405 seconds, Stopping threads took: 0,0000162 seconds
2017-09-03T12:27:21.680+0200: 4,118: Total time for which application threads were stopped: 0,0001148 seconds, Stopping threads took: 0,0000138 seconds
2017-09-03T12:27:21.682+0200: 4,121: Total time for which application threads were stopped: 0,0003439 seconds, Stopping threads took: 0,0002572 seconds
2017-09-03T12:27:21.685+0200: 4,124: Total time for which application threads were stopped: 0,0001443 seconds, Stopping threads took: 0,0000343 seconds
2017-09-03T12:27:21.695+0200: 4,133: Total time for which application threads were stopped: 0,0001747 seconds, Stopping threads took: 0,0000431 seconds
2017-09-03T12:27:21.744+0200: 4,183: Total time for which application threads were stopped: 0,0010497 seconds, Stopping threads took: 0,0008989 seconds
2017-09-03T12:27:21.761+0200: 4,199: Total time for which application threads were stopped: 0,0001596 seconds, Stopping threads took: 0,0000671 seconds
2017-09-03T12:27:21.790+0200: 4,228: Total time for which application threads were stopped: 0,0006425 seconds, Stopping threads took: 0,0000473 seconds
2017-09-03T12:27:21.790+0200: 4,229: Total time for which application threads were stopped: 0,0001682 seconds, Stopping threads took: 0,0000209 seconds
2017-09-03T12:27:22.791+0200: 5,230: Total time for which application threads were stopped: 0,0000764 seconds, Stopping threads took: 0,0000169 seconds
2017-09-03T12:27:23.791+0200: 6,230: Total time for which application threads were stopped: 0,0000967 seconds, Stopping threads took: 0,0000176 seconds
2017-09-03T12:27:39.793+0200: 22,231: Total time for which application threads were stopped: 0,0000665 seconds, Stopping threads took: 0,0000163 seconds
2017-09-03T12:27:46.006+0200: 32,233: Total time for which application threads were stopped: 0,0000815 seconds, Stopping threads took: 0,0000193 seconds
{Heap before GC invocations=9 (full 1):
 par new generation   total 109248K, used 94272K [0x00000000e0000000, 0x00000000e8000000, 0x00000000e8000000)
  eden space 87424K, 100% used [0x00000000e0000000, 0x00000000e5560000, 0x00000000e5560000)
  from space 21824K,  31% used [0x00000000e6ab0000, 0x00000000e7160030, 0x00000000e8000000)
  to   space 21824K,   0% used [0x00000000e5560000, 0x00000000e5560000, 0x00000000e6ab0000)
 concurrent mark-sweep generation total 393216K, used 6098K [0x00000000e8000000, 0x0000000100000000, 0x0000000100000000)
 Metaspace       used 27979K, capacity 28481K, committed 28796K, reserved 1075200K
  class space    used 3210K, capacity 3384K, committed 3452K, reserved 1048576K
2017-09-03T12:27:49.678+0200: 35,904: [GC (Allocation Failure) 2017-09-03T12:27:49.678+0200: 35,904: [ParNew
Desired survivor size 20112992 bytes, new threshold 8 (max 8)
- age   1:   11180952 bytes,   11180952 total
- age   2:     196656 bytes,   11377608 total
- age   3:     220544 bytes,   11598152 total
- age   4:    1762912 bytes,   13361064 total
- age   5:      53880 bytes,   13414944 total
- age   7:     105768 bytes,   13520712 total
- age   8:     178304 bytes,   13699016 total
: 94272K->13910K(109248K), 0,0128735 secs] 100370K->20837K(502464K), 0,0129538 secs] [Times: user=0,03 sys=0,01, real=0,01 secs] 
Heap after GC invocations=10 (full 1):
 par new generation   total 109248K, used 13910K [0x00000000e0000000, 0x00000000e8000000, 0x00000000e8000000)
  eden space 87424K,   0% used [0x00000000e0000000, 0x00000000e0000000, 0x00000000e5560000)
  from space 21824K,  63% used [0x00000000e5560000, 0x00000000e62f5bc0, 0x00000000e6ab0000)
  to   space 21824K,   0% used [0x00000000e6ab0000, 0x00000000e6ab0000, 0x00000000e8000000)
 concurrent mark-sweep generation total 393216K, used 6926K [0x00000000e8000000, 0x0000000100000000, 0x0000000100000000)
 Metaspace       used 27979K, capacity 28481K, committed 28796K, reserved 1075200K
  class space    used 3210K, capacity 3384K, committed 3452K, reserved 1048576K
}
2017-09-03T12:27:49.691+0200: 35,917: Total time for which application threads were stopped: 0,0131260 seconds, Stopping threads took: 0,0000357 seconds
2017-09-03T12:27:49.692+0200: 35,918: Total time for which application threads were stopped: 0,0000636 seconds, Stopping threads took: 0,0000258 seconds
2017-09-03T12:27:49.692+0200: 35,918: Total time for which application threads were stopped: 0,0000396 seconds, Stopping threads took: 0,0000141 seconds
2017-09-03T12:28:35.702+0200: 81,928: Total time for which application threads were stopped: 0,0000743 seconds, Stopping threads took: 0,0000175 seconds
2017-09-03T12:29:10.707+0200: 116,933: Total time for which application threads were stopped: 0,0001047 seconds, Stopping threads took: 0,0000441 seconds
2017-09-03T12:29:15.708+0200: 121,934: Total time for which application threads were stopped: 0,0001172 seconds, Stopping threads took: 0,0000282 seconds
2017-09-03T12:29:45.712+0200: 151,938: Total time for which application threads were stopped: 0,0005878 seconds, Stopping threads took: 0,0002252 seconds
2017-09-03T12:29:54.714+0200: 160,940: Total time for which application threads were stopped: 0,0000788 seconds, Stopping threads took: 0,0000298 seconds
2017-09-03T12:30:04.715+0200: 170,942: Total time for which application threads were stopped: 0,0001390 seconds, Stopping threads took: 0,0000339 seconds
2017-09-03T12:30:14.717+0200: 180,943: Total time for which application threads were stopped: 0,0001085 seconds, Stopping threads took: 0,0000264 seconds
2017-09-03T12:31:49.730+0200: 275,956: Total time for which application threads were stopped: 0,0002007 seconds, Stopping threads took: 0,0000614 seconds
2017-09-03T12:31:50.730+0200: 276,957: Total time for which application threads were stopped: 0,0001393 seconds, Stopping threads took: 0,0000324 seconds
2017-09-03T12:50:44.872+0200: 1411,098: Total time for which application threads were stopped: 0,0006246 seconds, Stopping threads took: 0,0001945 seconds
2017-09-03T12:55:44.902+0200: 1711,128: Total time for which application threads were stopped: 0,0000814 seconds, Stopping threads took: 0,0000271 seconds
2017-09-03T13:05:34.972+0200: 2301,198: Total time for which application threads were stopped: 0,0000832 seconds, Stopping threads took: 0,0000318 seconds
2017-09-03T13:05:35.972+0200: 2302,198: Total time for which application threads were stopped: 0,0000943 seconds, Stopping threads took: 0,0000397 seconds
2017-09-03T13:06:45.980+0200: 2372,206: Total time for which application threads were stopped: 0,0000882 seconds, Stopping threads took: 0,0000304 seconds
2017-09-03T13:20:31.074+0200: 3197,300: Total time for which application threads were stopped: 0,0000916 seconds, Stopping threads took: 0,0000349 seconds
2017-09-03T13:31:35.164+0200: 3861,390: Total time for which application threads were stopped: 0,0001237 seconds, Stopping threads took: 0,0000457 seconds
2017-09-03T13:45:56.277+0200: 4722,503: Total time for which application threads were stopped: 0,0000817 seconds, Stopping threads took: 0,0000314 seconds
2017-09-03T13:46:01.278+0200: 4727,504: Total time for which application threads were stopped: 0,0001168 seconds, Stopping threads took: 0,0000257 seconds
2017-09-03T14:11:36.473+0200: 6262,700: Total time for which application threads were stopped: 0,0001005 seconds, Stopping threads took: 0,0000349 seconds
2017-09-03T14:29:15.600+0200: 7321,827: Total time for which application threads were stopped: 0,0002534 seconds, Stopping threads took: 0,0000919 seconds
2017-09-03T14:35:15.634+0200: 7681,861: Total time for which application threads were stopped: 0,0000811 seconds, Stopping threads took: 0,0000270 seconds
2017-09-03T15:39:46.033+0200: 11552,259: Total time for which application threads were stopped: 0,0000812 seconds, Stopping threads took: 0,0000302 seconds
2017-09-03T16:04:44.405+0200: 13050,631: Total time for which application threads were stopped: 0,0160103 seconds, Stopping threads took: 0,0159135 seconds
2017-09-03T16:04:44.419+0200: 13050,645: Total time for which application threads were stopped: 0,0050889 seconds, Stopping threads took: 0,0049933 seconds
2017-09-03T16:04:44.442+0200: 13050,668: Total time for which application threads were stopped: 0,0007626 seconds, Stopping threads took: 0,0006646 seconds
2017-09-03T16:04:44.451+0200: 13050,677: Total time for which application threads were stopped: 0,0001298 seconds, Stopping threads took: 0,0000481 seconds
2017-09-03T16:04:44.452+0200: 13050,678: Total time for which application threads were stopped: 0,0001145 seconds, Stopping threads took: 0,0000360 seconds
2017-09-03T16:04:44.452+0200: 13050,678: Total time for which application threads were stopped: 0,0001554 seconds, Stopping threads took: 0,0000865 seconds
2017-09-03T16:04:44.461+0200: 13050,688: Total time for which application threads were stopped: 0,0001397 seconds, Stopping threads took: 0,0000243 seconds
2017-09-03T16:04:44.462+0200: 13050,689: Total time for which application threads were stopped: 0,0000888 seconds, Stopping threads took: 0,0000167 seconds
2017-09-03T16:04:44.465+0200: 13050,691: Total time for which application threads were stopped: 0,0001058 seconds, Stopping threads took: 0,0000250 seconds
2017-09-03T16:04:44.466+0200: 13050,692: Total time for which application threads were stopped: 0,0000804 seconds, Stopping threads took: 0,0000197 seconds
2017-09-03T16:04:44.469+0200: 13050,696: Total time for which application threads were stopped: 0,0001116 seconds, Stopping threads took: 0,0000231 seconds
2017-09-03T16:04:44.470+0200: 13050,696: Total time for which application threads were stopped: 0,0000756 seconds, Stopping threads took: 0,0000234 seconds
2017-09-03T16:04:44.470+0200: 13050,696: Total time for which application threads were stopped: 0,0000737 seconds, Stopping threads took: 0,0000211 seconds
2017-09-03T16:04:44.471+0200: 13050,697: Total time for which application threads were stopped: 0,0000902 seconds, Stopping threads took: 0,0000297 seconds
2017-09-03T16:04:44.471+0200: 13050,697: Total time for which application threads were stopped: 0,0000603 seconds, Stopping threads took: 0,0000171 seconds
2017-09-03T16:04:44.471+0200: 13050,697: Total time for which application threads were stopped: 0,0000426 seconds, Stopping threads took: 0,0000061 seconds
2017-09-03T16:04:44.471+0200: 13050,698: Total time for which application threads were stopped: 0,0000629 seconds, Stopping threads took: 0,0000169 seconds
2017-09-03T16:04:44.472+0200: 13050,699: Total time for which application threads were stopped: 0,0001062 seconds, Stopping threads took: 0,0000230 seconds
2017-09-03T16:04:44.473+0200: 13050,699: Total time for which application threads were stopped: 0,0000667 seconds, Stopping threads took: 0,0000179 seconds
2017-09-03T16:04:44.473+0200: 13050,699: Total time for which application threads were stopped: 0,0000505 seconds, Stopping threads took: 0,0000149 seconds
2017-09-03T16:04:44.473+0200: 13050,699: Total time for which application threads were stopped: 0,0000541 seconds, Stopping threads took: 0,0000153 seconds
2017-09-03T16:04:44.473+0200: 13050,700: Total time for which application threads were stopped: 0,0000654 seconds, Stopping threads took: 0,0000227 seconds
2017-09-03T16:04:44.474+0200: 13050,700: Total time for which application threads were stopped: 0,0000561 seconds, Stopping threads took: 0,0000152 seconds
2017-09-03T16:04:44.474+0200: 13050,700: Total time for which application threads were stopped: 0,0001836 seconds, Stopping threads took: 0,0000127 seconds
2017-09-03T16:04:44.476+0200: 13050,702: Total time for which application threads were stopped: 0,0001313 seconds, Stopping threads took: 0,0000346 seconds
2017-09-03T16:04:44.478+0200: 13050,704: Total time for which application threads were stopped: 0,0001138 seconds, Stopping threads took: 0,0000224 seconds
Heap
 par new generation   total 109248K, used 38629K [0x00000000e0000000, 0x00000000e8000000, 0x00000000e8000000)
  eden space 87424K,  28% used [0x00000000e0000000, 0x00000000e1823a00, 0x00000000e5560000)
  from space 21824K,  63% used [0x00000000e5560000, 0x00000000e62f5bc0, 0x00000000e6ab0000)
  to   space 21824K,   0% used [0x00000000e6ab0000, 0x00000000e6ab0000, 0x00000000e8000000)
 concurrent mark-sweep generation total 393216K, used 6926K [0x00000000e8000000, 0x0000000100000000, 0x0000000100000000)
 Metaspace       used 28143K, capacity 28649K, committed 28796K, reserved 1075200K
  class space    used 3224K, capacity 3418K, committed 3452K, reserved 1048576K
