OpenJDK 64-Bit Server VM (25.131-b11) for linux-amd64 JRE (1.8.0_131-8u131-b11-0ubuntu1.16.04.2-b11), built on May  6 2017 02:45:27 by "buildd" with gcc 5.4.0 20160609
Memory: 4k page, physical 7867740k(7391068k free), swap 8076284k(8076284k free)
CommandLine flags: -XX:CMSInitiatingOccupancyFraction=50 -XX:CMSMaxAbortablePrecleanTime=6000 -XX:+CMSParallelRemarkEnabled -XX:+CMSScavengeBeforeRemark -XX:ConcGCThreads=4 -XX:InitialHeapSize=536870912 -XX:MaxHeapSize=536870912 -XX:MaxTenuringThreshold=8 -XX:NewRatio=3 -XX:OldPLABSize=16 -XX:OnOutOfMemoryError=/opt/solr/bin/oom_solr.sh 8983 /var/solr/logs -XX:ParallelGCThreads=4 -XX:+ParallelRefProcEnabled -XX:PretenureSizeThreshold=67108864 -XX:+PrintGC -XX:+PrintGCApplicationStoppedTime -XX:+PrintGCDateStamps -XX:+PrintGCDetails -XX:+PrintGCTimeStamps -XX:+PrintHeapAtGC -XX:+PrintTenuringDistribution -XX:SurvivorRatio=4 -XX:TargetSurvivorRatio=90 -XX:ThreadStackSize=256 -XX:+UseCMSInitiatingOccupancyOnly -XX:+UseCompressedClassPointers -XX:+UseCompressedOops -XX:+UseConcMarkSweepGC -XX:+UseParNewGC 
2017-05-24T22:44:42.156+0200: 0,151: Total time for which application threads were stopped: 0,0000739 seconds, Stopping threads took: 0,0000137 seconds
2017-05-24T22:44:42.236+0200: 0,231: Total time for which application threads were stopped: 0,0001336 seconds, Stopping threads took: 0,0000285 seconds
2017-05-24T22:44:42.252+0200: 0,247: Total time for which application threads were stopped: 0,0001107 seconds, Stopping threads took: 0,0000154 seconds
2017-05-24T22:44:42.482+0200: 0,477: Total time for which application threads were stopped: 0,0001121 seconds, Stopping threads took: 0,0000104 seconds
2017-05-24T22:44:42.888+0200: 0,882: Total time for which application threads were stopped: 0,0001486 seconds, Stopping threads took: 0,0000129 seconds
2017-05-24T22:44:43.074+0200: 1,069: Total time for which application threads were stopped: 0,0001848 seconds, Stopping threads took: 0,0000280 seconds
2017-05-24T22:44:43.109+0200: 1,104: Total time for which application threads were stopped: 0,0001792 seconds, Stopping threads took: 0,0000287 seconds
2017-05-24T22:44:43.482+0200: 1,477: Total time for which application threads were stopped: 0,0001756 seconds, Stopping threads took: 0,0000182 seconds
2017-05-24T22:44:43.700+0200: 1,695: Total time for which application threads were stopped: 0,0002082 seconds, Stopping threads took: 0,0000185 seconds
2017-05-24T22:44:43.725+0200: 1,720: Total time for which application threads were stopped: 0,0002018 seconds, Stopping threads took: 0,0000254 seconds
2017-05-24T22:44:43.758+0200: 1,752: Total time for which application threads were stopped: 0,0002191 seconds, Stopping threads took: 0,0000270 seconds
2017-05-24T22:44:43.758+0200: 1,753: Total time for which application threads were stopped: 0,0001742 seconds, Stopping threads took: 0,0000201 seconds
2017-05-24T22:44:43.774+0200: 1,769: Total time for which application threads were stopped: 0,0002319 seconds, Stopping threads took: 0,0000288 seconds
2017-05-24T22:44:43.873+0200: 1,867: Total time for which application threads were stopped: 0,0002371 seconds, Stopping threads took: 0,0000210 seconds
2017-05-24T22:44:44.032+0200: 2,027: Total time for which application threads were stopped: 0,0003143 seconds, Stopping threads took: 0,0000489 seconds
{Heap before GC invocations=0 (full 0):
 par new generation   total 109248K, used 87424K [0x00000000e0000000, 0x00000000e8000000, 0x00000000e8000000)
  eden space 87424K, 100% used [0x00000000e0000000, 0x00000000e5560000, 0x00000000e5560000)
  from space 21824K,   0% used [0x00000000e5560000, 0x00000000e5560000, 0x00000000e6ab0000)
  to   space 21824K,   0% used [0x00000000e6ab0000, 0x00000000e6ab0000, 0x00000000e8000000)
 concurrent mark-sweep generation total 393216K, used 0K [0x00000000e8000000, 0x0000000100000000, 0x0000000100000000)
 Metaspace       used 18045K, capacity 18336K, committed 18688K, reserved 1064960K
  class space    used 2041K, capacity 2196K, committed 2304K, reserved 1048576K
2017-05-24T22:44:44.138+0200: 2,133: [GC (Allocation Failure) 2017-05-24T22:44:44.139+0200: 2,133: [ParNew
Desired survivor size 20112992 bytes, new threshold 8 (max 8)
- age   1:   12616248 bytes,   12616248 total
: 87424K->12439K(109248K), 0,0155426 secs] 87424K->12439K(502464K), 0,0156321 secs] [Times: user=0,05 sys=0,01, real=0,01 secs] 
Heap after GC invocations=1 (full 0):
 par new generation   total 109248K, used 12439K [0x00000000e0000000, 0x00000000e8000000, 0x00000000e8000000)
  eden space 87424K,   0% used [0x00000000e0000000, 0x00000000e0000000, 0x00000000e5560000)
  from space 21824K,  56% used [0x00000000e6ab0000, 0x00000000e76d5d50, 0x00000000e8000000)
  to   space 21824K,   0% used [0x00000000e5560000, 0x00000000e5560000, 0x00000000e6ab0000)
 concurrent mark-sweep generation total 393216K, used 0K [0x00000000e8000000, 0x0000000100000000, 0x0000000100000000)
 Metaspace       used 18045K, capacity 18336K, committed 18688K, reserved 1064960K
  class space    used 2041K, capacity 2196K, committed 2304K, reserved 1048576K
}
2017-05-24T22:44:44.154+0200: 2,149: Total time for which application threads were stopped: 0,0185698 seconds, Stopping threads took: 0,0027298 seconds
2017-05-24T22:44:44.467+0200: 2,462: Total time for which application threads were stopped: 0,0002670 seconds, Stopping threads took: 0,0000213 seconds
{Heap before GC invocations=1 (full 0):
 par new generation   total 109248K, used 99863K [0x00000000e0000000, 0x00000000e8000000, 0x00000000e8000000)
  eden space 87424K, 100% used [0x00000000e0000000, 0x00000000e5560000, 0x00000000e5560000)
  from space 21824K,  56% used [0x00000000e6ab0000, 0x00000000e76d5d50, 0x00000000e8000000)
  to   space 21824K,   0% used [0x00000000e5560000, 0x00000000e5560000, 0x00000000e6ab0000)
 concurrent mark-sweep generation total 393216K, used 0K [0x00000000e8000000, 0x0000000100000000, 0x0000000100000000)
 Metaspace       used 20051K, capacity 20384K, committed 20736K, reserved 1067008K
  class space    used 2299K, capacity 2478K, committed 2560K, reserved 1048576K
2017-05-24T22:44:44.497+0200: 2,492: [GC (Allocation Failure) 2017-05-24T22:44:44.497+0200: 2,492: [ParNew
Desired survivor size 20112992 bytes, new threshold 8 (max 8)
- age   1:    3758280 bytes,    3758280 total
- age   2:    6671264 bytes,   10429544 total
: 99863K->13778K(109248K), 0,0102962 secs] 99863K->13778K(502464K), 0,0103619 secs] [Times: user=0,04 sys=0,00, real=0,01 secs] 
Heap after GC invocations=2 (full 0):
 par new generation   total 109248K, used 13778K [0x00000000e0000000, 0x00000000e8000000, 0x00000000e8000000)
  eden space 87424K,   0% used [0x00000000e0000000, 0x00000000e0000000, 0x00000000e5560000)
  from space 21824K,  63% used [0x00000000e5560000, 0x00000000e62d48f8, 0x00000000e6ab0000)
  to   space 21824K,   0% used [0x00000000e6ab0000, 0x00000000e6ab0000, 0x00000000e8000000)
 concurrent mark-sweep generation total 393216K, used 0K [0x00000000e8000000, 0x0000000100000000, 0x0000000100000000)
 Metaspace       used 20051K, capacity 20384K, committed 20736K, reserved 1067008K
  class space    used 2299K, capacity 2478K, committed 2560K, reserved 1048576K
}
2017-05-24T22:44:44.508+0200: 2,502: Total time for which application threads were stopped: 0,0105855 seconds, Stopping threads took: 0,0000770 seconds
2017-05-24T22:44:44.516+0200: 2,511: Total time for which application threads were stopped: 0,0004396 seconds, Stopping threads took: 0,0000703 seconds
2017-05-24T22:44:44.555+0200: 2,550: Total time for which application threads were stopped: 0,0008945 seconds, Stopping threads took: 0,0005581 seconds
2017-05-24T22:44:44.680+0200: 2,675: Total time for which application threads were stopped: 0,0002331 seconds, Stopping threads took: 0,0000573 seconds
{Heap before GC invocations=2 (full 0):
 par new generation   total 109248K, used 101202K [0x00000000e0000000, 0x00000000e8000000, 0x00000000e8000000)
  eden space 87424K, 100% used [0x00000000e0000000, 0x00000000e5560000, 0x00000000e5560000)
  from space 21824K,  63% used [0x00000000e5560000, 0x00000000e62d48f8, 0x00000000e6ab0000)
  to   space 21824K,   0% used [0x00000000e6ab0000, 0x00000000e6ab0000, 0x00000000e8000000)
 concurrent mark-sweep generation total 393216K, used 0K [0x00000000e8000000, 0x0000000100000000, 0x0000000100000000)
 Metaspace       used 20970K, capacity 21306K, committed 21552K, reserved 1069056K
  class space    used 2421K, capacity 2597K, committed 2608K, reserved 1048576K
2017-05-24T22:44:44.721+0200: 2,716: [GC (Allocation Failure) 2017-05-24T22:44:44.721+0200: 2,716: [ParNew
Desired survivor size 20112992 bytes, new threshold 8 (max 8)
- age   1:    2275552 bytes,    2275552 total
- age   2:     844504 bytes,    3120056 total
- age   3:    6667296 bytes,    9787352 total
: 101202K->13022K(109248K), 0,0129783 secs] 101202K->13022K(502464K), 0,0130883 secs] [Times: user=0,04 sys=0,01, real=0,01 secs] 
Heap after GC invocations=3 (full 0):
 par new generation   total 109248K, used 13022K [0x00000000e0000000, 0x00000000e8000000, 0x00000000e8000000)
  eden space 87424K,   0% used [0x00000000e0000000, 0x00000000e0000000, 0x00000000e5560000)
  from space 21824K,  59% used [0x00000000e6ab0000, 0x00000000e77678a0, 0x00000000e8000000)
  to   space 21824K,   0% used [0x00000000e5560000, 0x00000000e5560000, 0x00000000e6ab0000)
 concurrent mark-sweep generation total 393216K, used 0K [0x00000000e8000000, 0x0000000100000000, 0x0000000100000000)
 Metaspace       used 20970K, capacity 21306K, committed 21552K, reserved 1069056K
  class space    used 2421K, capacity 2597K, committed 2608K, reserved 1048576K
}
2017-05-24T22:44:44.734+0200: 2,729: Total time for which application threads were stopped: 0,0133906 seconds, Stopping threads took: 0,0001483 seconds
2017-05-24T22:44:44.746+0200: 2,741: [GC (CMS Initial Mark) [1 CMS-initial-mark: 0K(393216K)] 19368K(502464K), 0,0048469 secs] [Times: user=0,02 sys=0,00, real=0,01 secs] 
2017-05-24T22:44:44.751+0200: 2,746: Total time for which application threads were stopped: 0,0050230 seconds, Stopping threads took: 0,0000599 seconds
2017-05-24T22:44:44.751+0200: 2,746: [CMS-concurrent-mark-start]
2017-05-24T22:44:44.752+0200: 2,747: [CMS-concurrent-mark: 0,000/0,000 secs] [Times: user=0,00 sys=0,00, real=0,00 secs] 
2017-05-24T22:44:44.752+0200: 2,747: [CMS-concurrent-preclean-start]
2017-05-24T22:44:44.753+0200: 2,748: [CMS-concurrent-preclean: 0,001/0,001 secs] [Times: user=0,00 sys=0,00, real=0,00 secs] 
2017-05-24T22:44:44.753+0200: 2,748: [CMS-concurrent-abortable-preclean-start]
2017-05-24T22:44:44.832+0200: 2,827: Total time for which application threads were stopped: 0,0001634 seconds, Stopping threads took: 0,0000598 seconds
{Heap before GC invocations=3 (full 1):
 par new generation   total 109248K, used 100446K [0x00000000e0000000, 0x00000000e8000000, 0x00000000e8000000)
  eden space 87424K, 100% used [0x00000000e0000000, 0x00000000e5560000, 0x00000000e5560000)
  from space 21824K,  59% used [0x00000000e6ab0000, 0x00000000e77678a0, 0x00000000e8000000)
  to   space 21824K,   0% used [0x00000000e5560000, 0x00000000e5560000, 0x00000000e6ab0000)
 concurrent mark-sweep generation total 393216K, used 0K [0x00000000e8000000, 0x0000000100000000, 0x0000000100000000)
 Metaspace       used 21246K, capacity 21640K, committed 21960K, reserved 1069056K
  class space    used 2451K, capacity 2611K, committed 2736K, reserved 1048576K
2017-05-24T22:44:44.854+0200: 2,849: [GC (Allocation Failure) 2017-05-24T22:44:44.854+0200: 2,849: [ParNew
Desired survivor size 20112992 bytes, new threshold 8 (max 8)
- age   1:    1127128 bytes,    1127128 total
- age   2:    1453936 bytes,    2581064 total
- age   3:     819000 bytes,    3400064 total
- age   4:    6667360 bytes,   10067424 total
: 100446K->12577K(109248K), 0,0120240 secs] 100446K->12577K(502464K), 0,0120876 secs] [Times: user=0,05 sys=0,00, real=0,01 secs] 
Heap after GC invocations=4 (full 1):
 par new generation   total 109248K, used 12577K [0x00000000e0000000, 0x00000000e8000000, 0x00000000e8000000)
  eden space 87424K,   0% used [0x00000000e0000000, 0x00000000e0000000, 0x00000000e5560000)
  from space 21824K,  57% used [0x00000000e5560000, 0x00000000e61a86a0, 0x00000000e6ab0000)
  to   space 21824K,   0% used [0x00000000e6ab0000, 0x00000000e6ab0000, 0x00000000e8000000)
 concurrent mark-sweep generation total 393216K, used 0K [0x00000000e8000000, 0x0000000100000000, 0x0000000100000000)
 Metaspace       used 21246K, capacity 21640K, committed 21960K, reserved 1069056K
  class space    used 2451K, capacity 2611K, committed 2736K, reserved 1048576K
}
2017-05-24T22:44:44.866+0200: 2,861: Total time for which application threads were stopped: 0,0135026 seconds, Stopping threads took: 0,0012866 seconds
2017-05-24T22:44:44.866+0200: 2,861: [CMS-concurrent-abortable-preclean: 0,080/0,113 secs] [Times: user=0,42 sys=0,01, real=0,11 secs] 
2017-05-24T22:44:44.870+0200: 2,865: [GC (CMS Final Remark) [YG occupancy: 13916 K (109248 K)]{Heap before GC invocations=4 (full 1):
 par new generation   total 109248K, used 13916K [0x00000000e0000000, 0x00000000e8000000, 0x00000000e8000000)
  eden space 87424K,   1% used [0x00000000e0000000, 0x00000000e014ec80, 0x00000000e5560000)
  from space 21824K,  57% used [0x00000000e5560000, 0x00000000e61a86a0, 0x00000000e6ab0000)
  to   space 21824K,   0% used [0x00000000e6ab0000, 0x00000000e6ab0000, 0x00000000e8000000)
 concurrent mark-sweep generation total 393216K, used 0K [0x00000000e8000000, 0x0000000100000000, 0x0000000100000000)
 Metaspace       used 21246K, capacity 21640K, committed 21960K, reserved 1069056K
  class space    used 2451K, capacity 2611K, committed 2736K, reserved 1048576K
2017-05-24T22:44:44.870+0200: 2,865: [GC (CMS Final Remark) 2017-05-24T22:44:44.870+0200: 2,865: [ParNew
Desired survivor size 20112992 bytes, new threshold 8 (max 8)
- age   1:     272824 bytes,     272824 total
- age   2:     770688 bytes,    1043512 total
- age   3:    1453936 bytes,    2497448 total
- age   4:     819000 bytes,    3316448 total
- age   5:    6667208 bytes,    9983656 total
: 13916K->15104K(109248K), 0,0094720 secs] 13916K->15104K(502464K), 0,0095132 secs] [Times: user=0,03 sys=0,00, real=0,02 secs] 
Heap after GC invocations=5 (full 1):
 par new generation   total 109248K, used 15104K [0x00000000e0000000, 0x00000000e8000000, 0x00000000e8000000)
  eden space 87424K,   0% used [0x00000000e0000000, 0x00000000e0000000, 0x00000000e5560000)
  from space 21824K,  69% used [0x00000000e6ab0000, 0x00000000e7970288, 0x00000000e8000000)
  to   space 21824K,   0% used [0x00000000e5560000, 0x00000000e5560000, 0x00000000e6ab0000)
 concurrent mark-sweep generation total 393216K, used 0K [0x00000000e8000000, 0x0000000100000000, 0x0000000100000000)
 Metaspace       used 21246K, capacity 21640K, committed 21960K, reserved 1069056K
  class space    used 2451K, capacity 2611K, committed 2736K, reserved 1048576K
}
2017-05-24T22:44:44.880+0200: 2,875: [Rescan (parallel) , 0,0032108 secs]2017-05-24T22:44:44.883+0200: 2,878: [weak refs processing, 0,0011988 secs]2017-05-24T22:44:44.884+0200: 2,879: [class unloading, 0,0027728 secs]2017-05-24T22:44:44.887+0200: 2,882: [scrub symbol table, 0,0026623 secs]2017-05-24T22:44:44.890+0200: 2,884: [scrub string table, 0,0003955 secs][1 CMS-remark: 0K(393216K)] 15104K(502464K), 0,0204599 secs] [Times: user=0,05 sys=0,00, real=0,03 secs] 
2017-05-24T22:44:44.891+0200: 2,885: Total time for which application threads were stopped: 0,0241392 seconds, Stopping threads took: 0,0035980 seconds
2017-05-24T22:44:44.896+0200: 2,891: [CMS-concurrent-sweep-start]
2017-05-24T22:44:44.896+0200: 2,891: [CMS-concurrent-sweep: 0,000/0,000 secs] [Times: user=0,00 sys=0,00, real=0,00 secs] 
2017-05-24T22:44:44.896+0200: 2,891: [CMS-concurrent-reset-start]
2017-05-24T22:44:44.899+0200: 2,893: [CMS-concurrent-reset: 0,002/0,002 secs] [Times: user=0,00 sys=0,00, real=0,01 secs] 
{Heap before GC invocations=5 (full 1):
 par new generation   total 109248K, used 102528K [0x00000000e0000000, 0x00000000e8000000, 0x00000000e8000000)
  eden space 87424K, 100% used [0x00000000e0000000, 0x00000000e5560000, 0x00000000e5560000)
  from space 21824K,  69% used [0x00000000e6ab0000, 0x00000000e7970288, 0x00000000e8000000)
  to   space 21824K,   0% used [0x00000000e5560000, 0x00000000e5560000, 0x00000000e6ab0000)
 concurrent mark-sweep generation total 393216K, used 0K [0x00000000e8000000, 0x0000000100000000, 0x0000000100000000)
 Metaspace       used 21387K, capacity 21812K, committed 21960K, reserved 1069056K
  class space    used 2471K, capacity 2645K, committed 2736K, reserved 1048576K
2017-05-24T22:44:44.973+0200: 2,967: [GC (Allocation Failure) 2017-05-24T22:44:44.973+0200: 2,967: [ParNew
Desired survivor size 20112992 bytes, new threshold 8 (max 8)
- age   1:     616664 bytes,     616664 total
- age   3:     186976 bytes,     803640 total
- age   4:    1453544 bytes,    2257184 total
- age   5:     818888 bytes,    3076072 total
- age   6:    6667296 bytes,    9743368 total
: 102528K->12636K(109248K), 0,0096638 secs] 102528K->12636K(502464K), 0,0097735 secs] [Times: user=0,03 sys=0,00, real=0,01 secs] 
Heap after GC invocations=6 (full 1):
 par new generation   total 109248K, used 12636K [0x00000000e0000000, 0x00000000e8000000, 0x00000000e8000000)
  eden space 87424K,   0% used [0x00000000e0000000, 0x00000000e0000000, 0x00000000e5560000)
  from space 21824K,  57% used [0x00000000e5560000, 0x00000000e61b7310, 0x00000000e6ab0000)
  to   space 21824K,   0% used [0x00000000e6ab0000, 0x00000000e6ab0000, 0x00000000e8000000)
 concurrent mark-sweep generation total 393216K, used 0K [0x00000000e8000000, 0x0000000100000000, 0x0000000100000000)
 Metaspace       used 21387K, capacity 21812K, committed 21960K, reserved 1069056K
  class space    used 2471K, capacity 2645K, committed 2736K, reserved 1048576K
}
2017-05-24T22:44:44.982+0200: 2,977: Total time for which application threads were stopped: 0,0100262 seconds, Stopping threads took: 0,0000893 seconds
2017-05-24T22:44:45.014+0200: 3,009: Total time for which application threads were stopped: 0,0035214 seconds, Stopping threads took: 0,0032244 seconds
2017-05-24T22:44:45.318+0200: 3,313: Total time for which application threads were stopped: 0,0004528 seconds, Stopping threads took: 0,0000316 seconds
2017-05-24T22:44:45.333+0200: 3,328: Total time for which application threads were stopped: 0,0003991 seconds, Stopping threads took: 0,0000275 seconds
{Heap before GC invocations=6 (full 1):
 par new generation   total 109248K, used 100060K [0x00000000e0000000, 0x00000000e8000000, 0x00000000e8000000)
  eden space 87424K, 100% used [0x00000000e0000000, 0x00000000e5560000, 0x00000000e5560000)
  from space 21824K,  57% used [0x00000000e5560000, 0x00000000e61b7310, 0x00000000e6ab0000)
  to   space 21824K,   0% used [0x00000000e6ab0000, 0x00000000e6ab0000, 0x00000000e8000000)
 concurrent mark-sweep generation total 393216K, used 0K [0x00000000e8000000, 0x0000000100000000, 0x0000000100000000)
 Metaspace       used 23957K, capacity 24408K, committed 24624K, reserved 1071104K
  class space    used 2834K, capacity 3019K, committed 3120K, reserved 1048576K
2017-05-24T22:44:45.473+0200: 3,467: [GC (Allocation Failure) 2017-05-24T22:44:45.473+0200: 3,468: [ParNew
Desired survivor size 20112992 bytes, new threshold 8 (max 8)
- age   1:    5267080 bytes,    5267080 total
- age   2:     126496 bytes,    5393576 total
- age   4:     185832 bytes,    5579408 total
- age   5:     284104 bytes,    5863512 total
- age   6:     794592 bytes,    6658104 total
- age   7:    6658896 bytes,   13317000 total
: 100060K->15329K(109248K), 0,0121563 secs] 100060K->15329K(502464K), 0,0122168 secs] [Times: user=0,05 sys=0,00, real=0,01 secs] 
Heap after GC invocations=7 (full 1):
 par new generation   total 109248K, used 15329K [0x00000000e0000000, 0x00000000e8000000, 0x00000000e8000000)
  eden space 87424K,   0% used [0x00000000e0000000, 0x00000000e0000000, 0x00000000e5560000)
  from space 21824K,  70% used [0x00000000e6ab0000, 0x00000000e79a86f8, 0x00000000e8000000)
  to   space 21824K,   0% used [0x00000000e5560000, 0x00000000e5560000, 0x00000000e6ab0000)
 concurrent mark-sweep generation total 393216K, used 0K [0x00000000e8000000, 0x0000000100000000, 0x0000000100000000)
 Metaspace       used 23957K, capacity 24408K, committed 24624K, reserved 1071104K
  class space    used 2834K, capacity 3019K, committed 3120K, reserved 1048576K
}
2017-05-24T22:44:45.485+0200: 3,480: Total time for which application threads were stopped: 0,0125665 seconds, Stopping threads took: 0,0001599 seconds
{Heap before GC invocations=7 (full 1):
 par new generation   total 109248K, used 102753K [0x00000000e0000000, 0x00000000e8000000, 0x00000000e8000000)
  eden space 87424K, 100% used [0x00000000e0000000, 0x00000000e5560000, 0x00000000e5560000)
  from space 21824K,  70% used [0x00000000e6ab0000, 0x00000000e79a86f8, 0x00000000e8000000)
  to   space 21824K,   0% used [0x00000000e5560000, 0x00000000e5560000, 0x00000000e6ab0000)
 concurrent mark-sweep generation total 393216K, used 0K [0x00000000e8000000, 0x0000000100000000, 0x0000000100000000)
 Metaspace       used 24500K, capacity 24958K, committed 25136K, reserved 1071104K
  class space    used 2872K, capacity 3052K, committed 3120K, reserved 1048576K
2017-05-24T22:44:45.582+0200: 3,577: [GC (Allocation Failure) 2017-05-24T22:44:45.582+0200: 3,577: [ParNew
Desired survivor size 20112992 bytes, new threshold 8 (max 8)
- age   1:    1715760 bytes,    1715760 total
- age   2:    1801296 bytes,    3517056 total
- age   3:      58016 bytes,    3575072 total
- age   5:      99496 bytes,    3674568 total
- age   6:     179032 bytes,    3853600 total
- age   7:     758120 bytes,    4611720 total
- age   8:    6125808 bytes,   10737528 total
: 102753K->19132K(109248K), 0,0196245 secs] 102753K->19132K(502464K), 0,0197234 secs] [Times: user=0,08 sys=0,00, real=0,02 secs] 
Heap after GC invocations=8 (full 1):
 par new generation   total 109248K, used 19132K [0x00000000e0000000, 0x00000000e8000000, 0x00000000e8000000)
  eden space 87424K,   0% used [0x00000000e0000000, 0x00000000e0000000, 0x00000000e5560000)
  from space 21824K,  87% used [0x00000000e5560000, 0x00000000e680f1e8, 0x00000000e6ab0000)
  to   space 21824K,   0% used [0x00000000e6ab0000, 0x00000000e6ab0000, 0x00000000e8000000)
 concurrent mark-sweep generation total 393216K, used 0K [0x00000000e8000000, 0x0000000100000000, 0x0000000100000000)
 Metaspace       used 24500K, capacity 24958K, committed 25136K, reserved 1071104K
  class space    used 2872K, capacity 3052K, committed 3120K, reserved 1048576K
}
2017-05-24T22:44:45.602+0200: 3,597: Total time for which application threads were stopped: 0,0199932 seconds, Stopping threads took: 0,0001055 seconds
{Heap before GC invocations=8 (full 1):
 par new generation   total 109248K, used 106544K [0x00000000e0000000, 0x00000000e8000000, 0x00000000e8000000)
  eden space 87424K,  99% used [0x00000000e0000000, 0x00000000e555cf00, 0x00000000e5560000)
  from space 21824K,  87% used [0x00000000e5560000, 0x00000000e680f1e8, 0x00000000e6ab0000)
  to   space 21824K,   0% used [0x00000000e6ab0000, 0x00000000e6ab0000, 0x00000000e8000000)
 concurrent mark-sweep generation total 393216K, used 0K [0x00000000e8000000, 0x0000000100000000, 0x0000000100000000)
 Metaspace       used 24842K, capacity 25336K, committed 25392K, reserved 1071104K
  class space    used 2904K, capacity 3089K, committed 3120K, reserved 1048576K
2017-05-24T22:44:45.709+0200: 3,704: [GC (Allocation Failure) 2017-05-24T22:44:45.709+0200: 3,704: [ParNew
Desired survivor size 20112992 bytes, new threshold 8 (max 8)
- age   1:     676752 bytes,     676752 total
- age   2:    1016536 bytes,    1693288 total
- age   3:    1778480 bytes,    3471768 total
- age   4:      58016 bytes,    3529784 total
- age   6:      96784 bytes,    3626568 total
- age   7:     178504 bytes,    3805072 total
- age   8:     757384 bytes,    4562456 total
: 106544K->5874K(109248K), 0,0499530 secs] 106544K->11939K(502464K), 0,0500315 secs] [Times: user=0,09 sys=0,01, real=0,06 secs] 
Heap after GC invocations=9 (full 1):
 par new generation   total 109248K, used 5874K [0x00000000e0000000, 0x00000000e8000000, 0x00000000e8000000)
  eden space 87424K,   0% used [0x00000000e0000000, 0x00000000e0000000, 0x00000000e5560000)
  from space 21824K,  26% used [0x00000000e6ab0000, 0x00000000e706c890, 0x00000000e8000000)
  to   space 21824K,   0% used [0x00000000e5560000, 0x00000000e5560000, 0x00000000e6ab0000)
 concurrent mark-sweep generation total 393216K, used 6064K [0x00000000e8000000, 0x0000000100000000, 0x0000000100000000)
 Metaspace       used 24842K, capacity 25336K, committed 25392K, reserved 1071104K
  class space    used 2904K, capacity 3089K, committed 3120K, reserved 1048576K
}
2017-05-24T22:44:45.759+0200: 3,754: Total time for which application threads were stopped: 0,0503153 seconds, Stopping threads took: 0,0000983 seconds
2017-05-24T22:44:45.927+0200: 3,922: Total time for which application threads were stopped: 0,0004957 seconds, Stopping threads took: 0,0000392 seconds
2017-05-24T22:44:46.052+0200: 4,047: Total time for which application threads were stopped: 0,0005445 seconds, Stopping threads took: 0,0000368 seconds
2017-05-24T22:44:46.062+0200: 4,057: Total time for which application threads were stopped: 0,0008894 seconds, Stopping threads took: 0,0003093 seconds
2017-05-24T22:44:46.074+0200: 4,069: Total time for which application threads were stopped: 0,0004854 seconds, Stopping threads took: 0,0000326 seconds
2017-05-24T22:44:46.136+0200: 4,131: Total time for which application threads were stopped: 0,0004112 seconds, Stopping threads took: 0,0000306 seconds
2017-05-24T22:44:46.141+0200: 4,136: Total time for which application threads were stopped: 0,0001768 seconds, Stopping threads took: 0,0000503 seconds
2017-05-24T22:44:46.141+0200: 4,136: Total time for which application threads were stopped: 0,0001440 seconds, Stopping threads took: 0,0000668 seconds
2017-05-24T22:44:46.149+0200: 4,144: Total time for which application threads were stopped: 0,0001246 seconds, Stopping threads took: 0,0000569 seconds
2017-05-24T22:44:46.156+0200: 4,151: Total time for which application threads were stopped: 0,0001073 seconds, Stopping threads took: 0,0000327 seconds
2017-05-24T22:44:46.157+0200: 4,151: Total time for which application threads were stopped: 0,0000983 seconds, Stopping threads took: 0,0000310 seconds
2017-05-24T22:44:46.157+0200: 4,152: Total time for which application threads were stopped: 0,0000927 seconds, Stopping threads took: 0,0000285 seconds
2017-05-24T22:44:46.162+0200: 4,157: Total time for which application threads were stopped: 0,0033685 seconds, Stopping threads took: 0,0032765 seconds
2017-05-24T22:44:46.163+0200: 4,158: Total time for which application threads were stopped: 0,0000928 seconds, Stopping threads took: 0,0000261 seconds
2017-05-24T22:44:46.163+0200: 4,158: Total time for which application threads were stopped: 0,0000802 seconds, Stopping threads took: 0,0000180 seconds
2017-05-24T22:44:46.163+0200: 4,158: Total time for which application threads were stopped: 0,0000652 seconds, Stopping threads took: 0,0000173 seconds
2017-05-24T22:44:46.163+0200: 4,158: Total time for which application threads were stopped: 0,0000611 seconds, Stopping threads took: 0,0000144 seconds
2017-05-24T22:44:46.164+0200: 4,158: Total time for which application threads were stopped: 0,0000726 seconds, Stopping threads took: 0,0000200 seconds
2017-05-24T22:44:46.164+0200: 4,159: Total time for which application threads were stopped: 0,0000598 seconds, Stopping threads took: 0,0000164 seconds
2017-05-24T22:44:46.164+0200: 4,159: Total time for which application threads were stopped: 0,0000640 seconds, Stopping threads took: 0,0000195 seconds
2017-05-24T22:44:46.164+0200: 4,159: Total time for which application threads were stopped: 0,0000584 seconds, Stopping threads took: 0,0000158 seconds
2017-05-24T22:44:46.164+0200: 4,159: Total time for which application threads were stopped: 0,0000565 seconds, Stopping threads took: 0,0000148 seconds
2017-05-24T22:44:46.164+0200: 4,159: Total time for which application threads were stopped: 0,0000675 seconds, Stopping threads took: 0,0000163 seconds
2017-05-24T22:44:46.164+0200: 4,159: Total time for which application threads were stopped: 0,0000726 seconds, Stopping threads took: 0,0000234 seconds
2017-05-24T22:44:46.165+0200: 4,160: Total time for which application threads were stopped: 0,0000640 seconds, Stopping threads took: 0,0000149 seconds
2017-05-24T22:44:46.165+0200: 4,160: Total time for which application threads were stopped: 0,0000619 seconds, Stopping threads took: 0,0000157 seconds
2017-05-24T22:44:46.165+0200: 4,160: Total time for which application threads were stopped: 0,0001335 seconds, Stopping threads took: 0,0000154 seconds
2017-05-24T22:44:46.165+0200: 4,160: Total time for which application threads were stopped: 0,0000690 seconds, Stopping threads took: 0,0000174 seconds
2017-05-24T22:44:46.165+0200: 4,160: Total time for which application threads were stopped: 0,0000616 seconds, Stopping threads took: 0,0000171 seconds
2017-05-24T22:44:46.166+0200: 4,160: Total time for which application threads were stopped: 0,0000690 seconds, Stopping threads took: 0,0000215 seconds
2017-05-24T22:44:46.166+0200: 4,161: Total time for which application threads were stopped: 0,0000835 seconds, Stopping threads took: 0,0000284 seconds
2017-05-24T22:44:46.166+0200: 4,161: Total time for which application threads were stopped: 0,0000648 seconds, Stopping threads took: 0,0000180 seconds
2017-05-24T22:44:46.166+0200: 4,161: Total time for which application threads were stopped: 0,0000669 seconds, Stopping threads took: 0,0000161 seconds
2017-05-24T22:44:46.166+0200: 4,161: Total time for which application threads were stopped: 0,0000448 seconds, Stopping threads took: 0,0000085 seconds
2017-05-24T22:44:46.169+0200: 4,164: Total time for which application threads were stopped: 0,0025880 seconds, Stopping threads took: 0,0025279 seconds
2017-05-24T22:44:46.169+0200: 4,164: Total time for which application threads were stopped: 0,0000990 seconds, Stopping threads took: 0,0000398 seconds
2017-05-24T22:44:46.169+0200: 4,164: Total time for which application threads were stopped: 0,0000612 seconds, Stopping threads took: 0,0000162 seconds
2017-05-24T22:44:46.170+0200: 4,164: Total time for which application threads were stopped: 0,0000797 seconds, Stopping threads took: 0,0000273 seconds
2017-05-24T22:44:46.170+0200: 4,165: Total time for which application threads were stopped: 0,0001147 seconds, Stopping threads took: 0,0000482 seconds
2017-05-24T22:44:46.177+0200: 4,172: Total time for which application threads were stopped: 0,0001090 seconds, Stopping threads took: 0,0000321 seconds
2017-05-24T22:44:46.178+0200: 4,173: Total time for which application threads were stopped: 0,0001306 seconds, Stopping threads took: 0,0000610 seconds
2017-05-24T22:44:46.178+0200: 4,173: Total time for which application threads were stopped: 0,0000375 seconds, Stopping threads took: 0,0000076 seconds
2017-05-24T22:44:46.178+0200: 4,173: Total time for which application threads were stopped: 0,0000367 seconds, Stopping threads took: 0,0000085 seconds
2017-05-24T22:44:46.178+0200: 4,173: Total time for which application threads were stopped: 0,0000342 seconds, Stopping threads took: 0,0000079 seconds
2017-05-24T22:44:46.178+0200: 4,173: Total time for which application threads were stopped: 0,0000318 seconds, Stopping threads took: 0,0000057 seconds
2017-05-24T22:44:46.178+0200: 4,173: Total time for which application threads were stopped: 0,0000481 seconds, Stopping threads took: 0,0000088 seconds
2017-05-24T22:44:46.178+0200: 4,173: Total time for which application threads were stopped: 0,0001066 seconds, Stopping threads took: 0,0000060 seconds
2017-05-24T22:44:46.179+0200: 4,174: Total time for which application threads were stopped: 0,0001178 seconds, Stopping threads took: 0,0000405 seconds
2017-05-24T22:44:46.180+0200: 4,175: Total time for which application threads were stopped: 0,0001328 seconds, Stopping threads took: 0,0000445 seconds
2017-05-24T22:44:46.181+0200: 4,175: Total time for which application threads were stopped: 0,0001333 seconds, Stopping threads took: 0,0000377 seconds
2017-05-24T22:44:46.211+0200: 4,206: Total time for which application threads were stopped: 0,0001840 seconds, Stopping threads took: 0,0000791 seconds
2017-05-24T22:44:46.245+0200: 4,240: Total time for which application threads were stopped: 0,0000986 seconds, Stopping threads took: 0,0000267 seconds
2017-05-24T22:44:46.245+0200: 4,240: Total time for which application threads were stopped: 0,0003474 seconds, Stopping threads took: 0,0000120 seconds
2017-05-24T22:44:46.246+0200: 4,241: Total time for which application threads were stopped: 0,0000856 seconds, Stopping threads took: 0,0000317 seconds
2017-05-24T22:44:46.249+0200: 4,244: Total time for which application threads were stopped: 0,0000941 seconds, Stopping threads took: 0,0000180 seconds
2017-05-24T22:44:47.249+0200: 5,244: Total time for which application threads were stopped: 0,0000801 seconds, Stopping threads took: 0,0000163 seconds
2017-05-24T22:44:48.249+0200: 6,244: Total time for which application threads were stopped: 0,0000629 seconds, Stopping threads took: 0,0000152 seconds
2017-05-24T22:45:03.251+0200: 21,246: Total time for which application threads were stopped: 0,0000632 seconds, Stopping threads took: 0,0000153 seconds
2017-05-24T22:45:14.252+0200: 32,247: Total time for which application threads were stopped: 0,0000646 seconds, Stopping threads took: 0,0000158 seconds
2017-05-24T22:46:44.729+0200: 122,257: Total time for which application threads were stopped: 0,0000947 seconds, Stopping threads took: 0,0000324 seconds
{Heap before GC invocations=9 (full 1):
 par new generation   total 109248K, used 93298K [0x00000000e0000000, 0x00000000e8000000, 0x00000000e8000000)
  eden space 87424K, 100% used [0x00000000e0000000, 0x00000000e5560000, 0x00000000e5560000)
  from space 21824K,  26% used [0x00000000e6ab0000, 0x00000000e706c890, 0x00000000e8000000)
  to   space 21824K,   0% used [0x00000000e5560000, 0x00000000e5560000, 0x00000000e6ab0000)
 concurrent mark-sweep generation total 393216K, used 6064K [0x00000000e8000000, 0x0000000100000000, 0x0000000100000000)
 Metaspace       used 27984K, capacity 28498K, committed 28848K, reserved 1075200K
  class space    used 3215K, capacity 3394K, committed 3504K, reserved 1048576K
2017-05-24T22:47:38.375+0200: 175,903: [GC (Allocation Failure) 2017-05-24T22:47:38.375+0200: 175,903: [ParNew
Desired survivor size 20112992 bytes, new threshold 8 (max 8)
- age   1:   10861136 bytes,   10861136 total
- age   2:     236552 bytes,   11097688 total
- age   3:     237824 bytes,   11335512 total
- age   4:    1773712 bytes,   13109224 total
- age   5:      58016 bytes,   13167240 total
- age   7:      96656 bytes,   13263896 total
- age   8:     178408 bytes,   13442304 total
: 93298K->14526K(109248K), 0,0186536 secs] 99363K->21418K(502464K), 0,0187876 secs] [Times: user=0,06 sys=0,00, real=0,02 secs] 
Heap after GC invocations=10 (full 1):
 par new generation   total 109248K, used 14526K [0x00000000e0000000, 0x00000000e8000000, 0x00000000e8000000)
  eden space 87424K,   0% used [0x00000000e0000000, 0x00000000e0000000, 0x00000000e5560000)
  from space 21824K,  66% used [0x00000000e5560000, 0x00000000e638f848, 0x00000000e6ab0000)
  to   space 21824K,   0% used [0x00000000e6ab0000, 0x00000000e6ab0000, 0x00000000e8000000)
 concurrent mark-sweep generation total 393216K, used 6892K [0x00000000e8000000, 0x0000000100000000, 0x0000000100000000)
 Metaspace       used 27984K, capacity 28498K, committed 28848K, reserved 1075200K
  class space    used 3215K, capacity 3394K, committed 3504K, reserved 1048576K
}
2017-05-24T22:47:38.394+0200: 175,921: Total time for which application threads were stopped: 0,0190146 seconds, Stopping threads took: 0,0000569 seconds
2017-05-24T22:47:38.397+0200: 175,925: Total time for which application threads were stopped: 0,0004776 seconds, Stopping threads took: 0,0001563 seconds
2017-05-24T22:47:38.397+0200: 175,925: Total time for which application threads were stopped: 0,0001447 seconds, Stopping threads took: 0,0000851 seconds
2017-05-24T22:47:43.398+0200: 180,925: Total time for which application threads were stopped: 0,0000746 seconds, Stopping threads took: 0,0000199 seconds
2017-05-24T22:49:18.409+0200: 275,937: Total time for which application threads were stopped: 0,0000961 seconds, Stopping threads took: 0,0000366 seconds
2017-05-24T23:08:13.540+0200: 1411,068: Total time for which application threads were stopped: 0,0000804 seconds, Stopping threads took: 0,0000309 seconds
2017-05-24T23:11:23.563+0200: 1601,091: Total time for which application threads were stopped: 0,0000891 seconds, Stopping threads took: 0,0000326 seconds
2017-05-24T23:23:03.644+0200: 2301,172: Total time for which application threads were stopped: 0,0000879 seconds, Stopping threads took: 0,0000332 seconds
2017-05-24T23:23:04.644+0200: 2302,172: Total time for which application threads were stopped: 0,0000723 seconds, Stopping threads took: 0,0000148 seconds
2017-05-24T23:37:59.747+0200: 3197,275: Total time for which application threads were stopped: 0,0000815 seconds, Stopping threads took: 0,0000318 seconds
2017-05-24T23:50:44.831+0200: 3962,359: Total time for which application threads were stopped: 0,0000931 seconds, Stopping threads took: 0,0000382 seconds
2017-05-24T23:50:53.833+0200: 3971,361: Total time for which application threads were stopped: 0,0002477 seconds, Stopping threads took: 0,0000563 seconds
2017-05-24T23:51:03.834+0200: 3981,362: Total time for which application threads were stopped: 0,0000650 seconds, Stopping threads took: 0,0000145 seconds
2017-05-25T00:03:19.916+0200: 4717,444: Total time for which application threads were stopped: 0,0001869 seconds, Stopping threads took: 0,0000801 seconds
2017-05-25T00:36:15.121+0200: 6692,649: Total time for which application threads were stopped: 0,0000991 seconds, Stopping threads took: 0,0000338 seconds
2017-05-25T00:40:44.151+0200: 6961,679: Total time for which application threads were stopped: 0,0000958 seconds, Stopping threads took: 0,0000353 seconds
2017-05-25T00:45:14.182+0200: 7231,710: Total time for which application threads were stopped: 0,0000930 seconds, Stopping threads took: 0,0000357 seconds
2017-05-25T00:47:14.195+0200: 7351,723: Total time for which application threads were stopped: 0,0000928 seconds, Stopping threads took: 0,0000283 seconds
2017-05-25T00:52:44.238+0200: 7681,766: Total time for which application threads were stopped: 0,0000943 seconds, Stopping threads took: 0,0000345 seconds
2017-05-25T01:57:14.681+0200: 11552,209: Total time for which application threads were stopped: 0,0001018 seconds, Stopping threads took: 0,0000359 seconds
2017-05-25T02:34:11.044+0200: 13768,572: Total time for which application threads were stopped: 0,0001140 seconds, Stopping threads took: 0,0000177 seconds
2017-05-25T02:34:11.061+0200: 13768,589: Total time for which application threads were stopped: 0,0153872 seconds, Stopping threads took: 0,0153068 seconds
2017-05-25T02:34:11.063+0200: 13768,591: Total time for which application threads were stopped: 0,0001055 seconds, Stopping threads took: 0,0000353 seconds
2017-05-25T02:34:11.101+0200: 13768,629: Total time for which application threads were stopped: 0,0000777 seconds, Stopping threads took: 0,0000139 seconds
2017-05-25T02:34:11.102+0200: 13768,630: Total time for which application threads were stopped: 0,0000844 seconds, Stopping threads took: 0,0000154 seconds
2017-05-25T02:34:11.102+0200: 13768,630: Total time for which application threads were stopped: 0,0000624 seconds, Stopping threads took: 0,0000154 seconds
2017-05-25T02:34:11.104+0200: 13768,632: Total time for which application threads were stopped: 0,0000884 seconds, Stopping threads took: 0,0000184 seconds
2017-05-25T02:34:11.104+0200: 13768,632: Total time for which application threads were stopped: 0,0000538 seconds, Stopping threads took: 0,0000143 seconds
2017-05-25T02:34:11.107+0200: 13768,635: Total time for which application threads were stopped: 0,0017134 seconds, Stopping threads took: 0,0016321 seconds
2017-05-25T02:34:11.109+0200: 13768,637: Total time for which application threads were stopped: 0,0000869 seconds, Stopping threads took: 0,0000259 seconds
2017-05-25T02:34:11.109+0200: 13768,637: Total time for which application threads were stopped: 0,0000405 seconds, Stopping threads took: 0,0000109 seconds
2017-05-25T02:34:11.110+0200: 13768,638: Total time for which application threads were stopped: 0,0000707 seconds, Stopping threads took: 0,0000208 seconds
2017-05-25T02:34:11.117+0200: 13768,645: Total time for which application threads were stopped: 0,0001173 seconds, Stopping threads took: 0,0000413 seconds
2017-05-25T02:34:11.118+0200: 13768,646: Total time for which application threads were stopped: 0,0000802 seconds, Stopping threads took: 0,0000255 seconds
2017-05-25T02:34:11.118+0200: 13768,646: Total time for which application threads were stopped: 0,0000560 seconds, Stopping threads took: 0,0000156 seconds
2017-05-25T02:34:11.118+0200: 13768,646: Total time for which application threads were stopped: 0,0000556 seconds, Stopping threads took: 0,0000156 seconds
2017-05-25T02:34:11.118+0200: 13768,646: Total time for which application threads were stopped: 0,0000469 seconds, Stopping threads took: 0,0000130 seconds
2017-05-25T02:34:11.118+0200: 13768,646: Total time for which application threads were stopped: 0,0000473 seconds, Stopping threads took: 0,0000133 seconds
2017-05-25T02:34:11.118+0200: 13768,646: Total time for which application threads were stopped: 0,0000446 seconds, Stopping threads took: 0,0000146 seconds
2017-05-25T02:34:11.119+0200: 13768,646: Total time for which application threads were stopped: 0,0000426 seconds, Stopping threads took: 0,0000129 seconds
2017-05-25T02:34:11.119+0200: 13768,647: Total time for which application threads were stopped: 0,0000411 seconds, Stopping threads took: 0,0000124 seconds
2017-05-25T02:34:11.119+0200: 13768,647: Total time for which application threads were stopped: 0,0000410 seconds, Stopping threads took: 0,0000126 seconds
2017-05-25T02:34:11.119+0200: 13768,647: Total time for which application threads were stopped: 0,0000452 seconds, Stopping threads took: 0,0000133 seconds
2017-05-25T02:34:11.119+0200: 13768,647: Total time for which application threads were stopped: 0,0000381 seconds, Stopping threads took: 0,0000103 seconds
2017-05-25T02:34:11.119+0200: 13768,647: Total time for which application threads were stopped: 0,0001002 seconds, Stopping threads took: 0,0000651 seconds
2017-05-25T02:34:11.119+0200: 13768,647: Total time for which application threads were stopped: 0,0000470 seconds, Stopping threads took: 0,0000143 seconds
2017-05-25T02:34:11.119+0200: 13768,647: Total time for which application threads were stopped: 0,0000436 seconds, Stopping threads took: 0,0000124 seconds
2017-05-25T02:34:11.120+0200: 13768,647: Total time for which application threads were stopped: 0,0000330 seconds, Stopping threads took: 0,0000048 seconds
2017-05-25T02:34:11.120+0200: 13768,648: Total time for which application threads were stopped: 0,0000648 seconds, Stopping threads took: 0,0000127 seconds
2017-05-25T02:34:11.120+0200: 13768,648: Total time for which application threads were stopped: 0,0000416 seconds, Stopping threads took: 0,0000126 seconds
2017-05-25T02:34:11.120+0200: 13768,648: Total time for which application threads were stopped: 0,0000424 seconds, Stopping threads took: 0,0000129 seconds
2017-05-25T02:34:11.120+0200: 13768,648: Total time for which application threads were stopped: 0,0001478 seconds, Stopping threads took: 0,0000124 seconds
2017-05-25T02:34:11.121+0200: 13768,648: Total time for which application threads were stopped: 0,0000556 seconds, Stopping threads took: 0,0000164 seconds
2017-05-25T02:34:11.122+0200: 13768,649: Total time for which application threads were stopped: 0,0001065 seconds, Stopping threads took: 0,0000270 seconds
2017-05-25T02:34:11.122+0200: 13768,650: Total time for which application threads were stopped: 0,0001089 seconds, Stopping threads took: 0,0000414 seconds
2017-05-25T02:34:11.127+0200: 13768,655: Total time for which application threads were stopped: 0,0001103 seconds, Stopping threads took: 0,0000334 seconds
Heap
 par new generation   total 109248K, used 35724K [0x00000000e0000000, 0x00000000e8000000, 0x00000000e8000000)
  eden space 87424K,  24% used [0x00000000e0000000, 0x00000000e14b3b50, 0x00000000e5560000)
  from space 21824K,  66% used [0x00000000e5560000, 0x00000000e638f848, 0x00000000e6ab0000)
  to   space 21824K,   0% used [0x00000000e6ab0000, 0x00000000e6ab0000, 0x00000000e8000000)
 concurrent mark-sweep generation total 393216K, used 6892K [0x00000000e8000000, 0x0000000100000000, 0x0000000100000000)
 Metaspace       used 28133K, capacity 28734K, committed 29104K, reserved 1075200K
  class space    used 3230K, capacity 3428K, committed 3504K, reserved 1048576K
