OpenJDK 64-Bit Server VM (25.91-b14) for linux-amd64 JRE (1.8.0_91-8u91-b14-3ubuntu1~16.04.1-b14), built on Jul 21 2016 04:13:34 by "buildd" with gcc 5.3.1 20160413
Memory: 4k page, physical 7867876k(7551344k free), swap 8076284k(8076284k free)
CommandLine flags: -XX:CMSInitiatingOccupancyFraction=50 -XX:CMSMaxAbortablePrecleanTime=6000 -XX:+CMSParallelRemarkEnabled -XX:+CMSScavengeBeforeRemark -XX:ConcGCThreads=4 -XX:InitialHeapSize=536870912 -XX:MaxHeapSize=536870912 -XX:MaxTenuringThreshold=8 -XX:NewRatio=3 -XX:OldPLABSize=16 -XX:OnOutOfMemoryError=/opt/solr/bin/oom_solr.sh 8983 /var/solr/logs -XX:ParallelGCThreads=4 -XX:+ParallelRefProcEnabled -XX:PretenureSizeThreshold=67108864 -XX:+PrintGC -XX:+PrintGCApplicationStoppedTime -XX:+PrintGCDateStamps -XX:+PrintGCDetails -XX:+PrintGCTimeStamps -XX:+PrintHeapAtGC -XX:+PrintTenuringDistribution -XX:SurvivorRatio=4 -XX:TargetSurvivorRatio=90 -XX:ThreadStackSize=256 -XX:+UseCMSInitiatingOccupancyOnly -XX:+UseCompressedClassPointers -XX:+UseCompressedOops -XX:+UseConcMarkSweepGC -XX:+UseParNewGC 
2016-11-02T20:25:05.503+0100: 0,116: Total time for which application threads were stopped: 0,0000700 seconds, Stopping threads took: 0,0000135 seconds
2016-11-02T20:25:05.561+0100: 0,173: Total time for which application threads were stopped: 0,0000984 seconds, Stopping threads took: 0,0000182 seconds
2016-11-02T20:25:05.578+0100: 0,190: Total time for which application threads were stopped: 0,0000766 seconds, Stopping threads took: 0,0000145 seconds
2016-11-02T20:25:05.709+0100: 0,321: Total time for which application threads were stopped: 0,0001538 seconds, Stopping threads took: 0,0000162 seconds
2016-11-02T20:25:05.891+0100: 0,503: Total time for which application threads were stopped: 0,0001225 seconds, Stopping threads took: 0,0000158 seconds
2016-11-02T20:25:05.970+0100: 0,582: Total time for which application threads were stopped: 0,0001672 seconds, Stopping threads took: 0,0000279 seconds
2016-11-02T20:25:05.986+0100: 0,599: Total time for which application threads were stopped: 0,0001840 seconds, Stopping threads took: 0,0000209 seconds
2016-11-02T20:25:06.174+0100: 0,786: Total time for which application threads were stopped: 0,0001630 seconds, Stopping threads took: 0,0000212 seconds
2016-11-02T20:25:06.358+0100: 0,971: Total time for which application threads were stopped: 0,0005181 seconds, Stopping threads took: 0,0000171 seconds
2016-11-02T20:25:06.482+0100: 1,094: Total time for which application threads were stopped: 0,0001996 seconds, Stopping threads took: 0,0000168 seconds
2016-11-02T20:25:06.483+0100: 1,095: Total time for which application threads were stopped: 0,0002553 seconds, Stopping threads took: 0,0000224 seconds
2016-11-02T20:25:06.514+0100: 1,126: Total time for which application threads were stopped: 0,0002189 seconds, Stopping threads took: 0,0000207 seconds
2016-11-02T20:25:06.616+0100: 1,228: Total time for which application threads were stopped: 0,0002476 seconds, Stopping threads took: 0,0000235 seconds
2016-11-02T20:25:06.889+0100: 1,501: Total time for which application threads were stopped: 0,0004224 seconds, Stopping threads took: 0,0001641 seconds
{Heap before GC invocations=0 (full 0):
 par new generation   total 109248K, used 87424K [0x00000000e0000000, 0x00000000e8000000, 0x00000000e8000000)
  eden space 87424K, 100% used [0x00000000e0000000, 0x00000000e5560000, 0x00000000e5560000)
  from space 21824K,   0% used [0x00000000e5560000, 0x00000000e5560000, 0x00000000e6ab0000)
  to   space 21824K,   0% used [0x00000000e6ab0000, 0x00000000e6ab0000, 0x00000000e8000000)
 concurrent mark-sweep generation total 393216K, used 0K [0x00000000e8000000, 0x0000000100000000, 0x0000000100000000)
 Metaspace       used 18541K, capacity 18822K, committed 18944K, reserved 1067008K
  class space    used 2109K, capacity 2228K, committed 2304K, reserved 1048576K
2016-11-02T20:25:07.052+0100: 1,665: [GC (Allocation Failure) 2016-11-02T20:25:07.052+0100: 1,665: [ParNew
Desired survivor size 20112992 bytes, new threshold 8 (max 8)
- age   1:   12473128 bytes,   12473128 total
: 87424K->12312K(109248K), 0,0149344 secs] 87424K->12312K(502464K), 0,0150181 secs] [Times: user=0,04 sys=0,01, real=0,01 secs] 
Heap after GC invocations=1 (full 0):
 par new generation   total 109248K, used 12312K [0x00000000e0000000, 0x00000000e8000000, 0x00000000e8000000)
  eden space 87424K,   0% used [0x00000000e0000000, 0x00000000e0000000, 0x00000000e5560000)
  from space 21824K,  56% used [0x00000000e6ab0000, 0x00000000e76b6360, 0x00000000e8000000)
  to   space 21824K,   0% used [0x00000000e5560000, 0x00000000e5560000, 0x00000000e6ab0000)
 concurrent mark-sweep generation total 393216K, used 0K [0x00000000e8000000, 0x0000000100000000, 0x0000000100000000)
 Metaspace       used 18541K, capacity 18822K, committed 18944K, reserved 1067008K
  class space    used 2109K, capacity 2228K, committed 2304K, reserved 1048576K
}
2016-11-02T20:25:07.067+0100: 1,680: Total time for which application threads were stopped: 0,0151986 seconds, Stopping threads took: 0,0000170 seconds
2016-11-02T20:25:07.292+0100: 1,904: Total time for which application threads were stopped: 0,0004932 seconds, Stopping threads took: 0,0000359 seconds
2016-11-02T20:25:07.361+0100: 1,973: Total time for which application threads were stopped: 0,0011215 seconds, Stopping threads took: 0,0002603 seconds
2016-11-02T20:25:07.408+0100: 2,020: Total time for which application threads were stopped: 0,0004409 seconds, Stopping threads took: 0,0000379 seconds
{Heap before GC invocations=1 (full 0):
 par new generation   total 109248K, used 99736K [0x00000000e0000000, 0x00000000e8000000, 0x00000000e8000000)
  eden space 87424K, 100% used [0x00000000e0000000, 0x00000000e5560000, 0x00000000e5560000)
  from space 21824K,  56% used [0x00000000e6ab0000, 0x00000000e76b6360, 0x00000000e8000000)
  to   space 21824K,   0% used [0x00000000e5560000, 0x00000000e5560000, 0x00000000e6ab0000)
 concurrent mark-sweep generation total 393216K, used 0K [0x00000000e8000000, 0x0000000100000000, 0x0000000100000000)
 Metaspace       used 20728K, capacity 21026K, committed 21248K, reserved 1069056K
  class space    used 2402K, capacity 2519K, committed 2560K, reserved 1048576K
2016-11-02T20:25:07.668+0100: 2,281: [GC (Allocation Failure) 2016-11-02T20:25:07.668+0100: 2,281: [ParNew
Desired survivor size 20112992 bytes, new threshold 8 (max 8)
- age   1:    2553368 bytes,    2553368 total
- age   2:    6024256 bytes,    8577624 total
: 99736K->13110K(109248K), 0,0099675 secs] 99736K->13110K(502464K), 0,0100479 secs] [Times: user=0,03 sys=0,01, real=0,01 secs] 
Heap after GC invocations=2 (full 0):
 par new generation   total 109248K, used 13110K [0x00000000e0000000, 0x00000000e8000000, 0x00000000e8000000)
  eden space 87424K,   0% used [0x00000000e0000000, 0x00000000e0000000, 0x00000000e5560000)
  from space 21824K,  60% used [0x00000000e5560000, 0x00000000e622dae8, 0x00000000e6ab0000)
  to   space 21824K,   0% used [0x00000000e6ab0000, 0x00000000e6ab0000, 0x00000000e8000000)
 concurrent mark-sweep generation total 393216K, used 0K [0x00000000e8000000, 0x0000000100000000, 0x0000000100000000)
 Metaspace       used 20728K, capacity 21026K, committed 21248K, reserved 1069056K
  class space    used 2402K, capacity 2519K, committed 2560K, reserved 1048576K
}
2016-11-02T20:25:07.679+0100: 2,291: Total time for which application threads were stopped: 0,0102655 seconds, Stopping threads took: 0,0000462 seconds
2016-11-02T20:25:07.739+0100: 2,351: Total time for which application threads were stopped: 0,0000796 seconds, Stopping threads took: 0,0000155 seconds
2016-11-02T20:25:07.788+0100: 2,400: Total time for which application threads were stopped: 0,0000719 seconds, Stopping threads took: 0,0000135 seconds
2016-11-02T20:25:07.788+0100: 2,401: Total time for which application threads were stopped: 0,0002618 seconds, Stopping threads took: 0,0000312 seconds
2016-11-02T20:25:07.853+0100: 2,466: Total time for which application threads were stopped: 0,0001113 seconds, Stopping threads took: 0,0000253 seconds
2016-11-02T20:25:07.898+0100: 2,510: Total time for which application threads were stopped: 0,0006159 seconds, Stopping threads took: 0,0001826 seconds
2016-11-02T20:25:07.924+0100: 2,536: Total time for which application threads were stopped: 0,0000813 seconds, Stopping threads took: 0,0000192 seconds
2016-11-02T20:25:07.927+0100: 2,539: Total time for which application threads were stopped: 0,0003283 seconds, Stopping threads took: 0,0000153 seconds
2016-11-02T20:25:07.961+0100: 2,573: Total time for which application threads were stopped: 0,0000974 seconds, Stopping threads took: 0,0000284 seconds
2016-11-02T20:25:07.988+0100: 2,600: Total time for which application threads were stopped: 0,0000694 seconds, Stopping threads took: 0,0000139 seconds
2016-11-02T20:25:08.005+0100: 2,617: Total time for which application threads were stopped: 0,0000837 seconds, Stopping threads took: 0,0000182 seconds
2016-11-02T20:25:08.025+0100: 2,637: Total time for which application threads were stopped: 0,0000740 seconds, Stopping threads took: 0,0000169 seconds
2016-11-02T20:25:08.048+0100: 2,660: Total time for which application threads were stopped: 0,0000832 seconds, Stopping threads took: 0,0000226 seconds
2016-11-02T20:25:08.065+0100: 2,677: Total time for which application threads were stopped: 0,0001119 seconds, Stopping threads took: 0,0000437 seconds
2016-11-02T20:25:08.118+0100: 2,730: Total time for which application threads were stopped: 0,0001113 seconds, Stopping threads took: 0,0000233 seconds
2016-11-02T20:25:08.161+0100: 2,773: Total time for which application threads were stopped: 0,0000941 seconds, Stopping threads took: 0,0000198 seconds
2016-11-02T20:25:08.197+0100: 2,809: Total time for which application threads were stopped: 0,0001109 seconds, Stopping threads took: 0,0000217 seconds
2016-11-02T20:25:08.228+0100: 2,840: Total time for which application threads were stopped: 0,0004912 seconds, Stopping threads took: 0,0001822 seconds
2016-11-02T20:25:08.238+0100: 2,850: Total time for which application threads were stopped: 0,0000821 seconds, Stopping threads took: 0,0000195 seconds
2016-11-02T20:25:08.281+0100: 2,894: Total time for which application threads were stopped: 0,0001237 seconds, Stopping threads took: 0,0000377 seconds
2016-11-02T20:25:08.314+0100: 2,926: Total time for which application threads were stopped: 0,0000949 seconds, Stopping threads took: 0,0000221 seconds
2016-11-02T20:25:08.333+0100: 2,945: Total time for which application threads were stopped: 0,0001226 seconds, Stopping threads took: 0,0000306 seconds
2016-11-02T20:25:08.333+0100: 2,945: Total time for which application threads were stopped: 0,0000701 seconds, Stopping threads took: 0,0000304 seconds
{Heap before GC invocations=2 (full 0):
 par new generation   total 109248K, used 100534K [0x00000000e0000000, 0x00000000e8000000, 0x00000000e8000000)
  eden space 87424K, 100% used [0x00000000e0000000, 0x00000000e5560000, 0x00000000e5560000)
  from space 21824K,  60% used [0x00000000e5560000, 0x00000000e622dae8, 0x00000000e6ab0000)
  to   space 21824K,   0% used [0x00000000e6ab0000, 0x00000000e6ab0000, 0x00000000e8000000)
 concurrent mark-sweep generation total 393216K, used 0K [0x00000000e8000000, 0x0000000100000000, 0x0000000100000000)
 Metaspace       used 26712K, capacity 27148K, committed 27272K, reserved 1073152K
  class space    used 3102K, capacity 3256K, committed 3320K, reserved 1048576K
2016-11-02T20:25:08.353+0100: 2,966: [GC (Allocation Failure) 2016-11-02T20:25:08.353+0100: 2,966: [ParNew
Desired survivor size 20112992 bytes, new threshold 8 (max 8)
- age   1:    8794296 bytes,    8794296 total
- age   2:     499360 bytes,    9293656 total
- age   3:    5972008 bytes,   15265664 total
: 100534K->16860K(109248K), 0,0146204 secs] 100534K->16860K(502464K), 0,0146878 secs] [Times: user=0,03 sys=0,02, real=0,01 secs] 
Heap after GC invocations=3 (full 0):
 par new generation   total 109248K, used 16860K [0x00000000e0000000, 0x00000000e8000000, 0x00000000e8000000)
  eden space 87424K,   0% used [0x00000000e0000000, 0x00000000e0000000, 0x00000000e5560000)
  from space 21824K,  77% used [0x00000000e6ab0000, 0x00000000e7b27098, 0x00000000e8000000)
  to   space 21824K,   0% used [0x00000000e5560000, 0x00000000e5560000, 0x00000000e6ab0000)
 concurrent mark-sweep generation total 393216K, used 0K [0x00000000e8000000, 0x0000000100000000, 0x0000000100000000)
 Metaspace       used 26712K, capacity 27148K, committed 27272K, reserved 1073152K
  class space    used 3102K, capacity 3256K, committed 3320K, reserved 1048576K
}
2016-11-02T20:25:08.368+0100: 2,980: Total time for which application threads were stopped: 0,0148505 seconds, Stopping threads took: 0,0000216 seconds
2016-11-02T20:25:08.371+0100: 2,983: [GC (CMS Initial Mark) [1 CMS-initial-mark: 0K(393216K)] 20784K(502464K), 0,0060941 secs] [Times: user=0,02 sys=0,00, real=0,01 secs] 
2016-11-02T20:25:08.377+0100: 2,989: Total time for which application threads were stopped: 0,0062192 seconds, Stopping threads took: 0,0000398 seconds
2016-11-02T20:25:08.377+0100: 2,989: [CMS-concurrent-mark-start]
2016-11-02T20:25:08.378+0100: 2,990: [CMS-concurrent-mark: 0,001/0,001 secs] [Times: user=0,00 sys=0,00, real=0,00 secs] 
2016-11-02T20:25:08.378+0100: 2,990: [CMS-concurrent-preclean-start]
2016-11-02T20:25:08.379+0100: 2,991: [CMS-concurrent-preclean: 0,001/0,001 secs] [Times: user=0,01 sys=0,00, real=0,00 secs] 
2016-11-02T20:25:08.379+0100: 2,991: [CMS-concurrent-abortable-preclean-start]
2016-11-02T20:25:08.393+0100: 3,005: Total time for which application threads were stopped: 0,0000833 seconds, Stopping threads took: 0,0000207 seconds
2016-11-02T20:25:09.393+0100: 4,005: Total time for which application threads were stopped: 0,0000542 seconds, Stopping threads took: 0,0000160 seconds
2016-11-02T20:25:09.437+0100: 4,050: Total time for which application threads were stopped: 0,0003202 seconds, Stopping threads took: 0,0000178 seconds
 CMS: abort preclean due to time 2016-11-02T20:25:14.506+0100: 9,118: [CMS-concurrent-abortable-preclean: 2,317/6,127 secs] [Times: user=2,79 sys=0,03, real=6,13 secs] 
2016-11-02T20:25:14.506+0100: 9,118: [GC (CMS Final Remark) [YG occupancy: 26505 K (109248 K)]{Heap before GC invocations=3 (full 1):
 par new generation   total 109248K, used 26505K [0x00000000e0000000, 0x00000000e8000000, 0x00000000e8000000)
  eden space 87424K,  11% used [0x00000000e0000000, 0x00000000e096b4b8, 0x00000000e5560000)
  from space 21824K,  77% used [0x00000000e6ab0000, 0x00000000e7b27098, 0x00000000e8000000)
  to   space 21824K,   0% used [0x00000000e5560000, 0x00000000e5560000, 0x00000000e6ab0000)
 concurrent mark-sweep generation total 393216K, used 0K [0x00000000e8000000, 0x0000000100000000, 0x0000000100000000)
 Metaspace       used 27009K, capacity 27436K, committed 27528K, reserved 1073152K
  class space    used 3145K, capacity 3288K, committed 3320K, reserved 1048576K
2016-11-02T20:25:14.506+0100: 9,118: [GC (CMS Final Remark) 2016-11-02T20:25:14.506+0100: 9,118: [ParNew
Desired survivor size 20112992 bytes, new threshold 8 (max 8)
- age   1:    2484264 bytes,    2484264 total
- age   2:    3529056 bytes,    6013320 total
- age   3:     499120 bytes,    6512440 total
- age   4:    5969456 bytes,   12481896 total
: 26505K->18259K(109248K), 0,0127470 secs] 26505K->18259K(502464K), 0,0127957 secs] [Times: user=0,03 sys=0,00, real=0,01 secs] 
Heap after GC invocations=4 (full 1):
 par new generation   total 109248K, used 18259K [0x00000000e0000000, 0x00000000e8000000, 0x00000000e8000000)
  eden space 87424K,   0% used [0x00000000e0000000, 0x00000000e0000000, 0x00000000e5560000)
  from space 21824K,  83% used [0x00000000e5560000, 0x00000000e6734c50, 0x00000000e6ab0000)
  to   space 21824K,   0% used [0x00000000e6ab0000, 0x00000000e6ab0000, 0x00000000e8000000)
 concurrent mark-sweep generation total 393216K, used 0K [0x00000000e8000000, 0x0000000100000000, 0x0000000100000000)
 Metaspace       used 27009K, capacity 27436K, committed 27528K, reserved 1073152K
  class space    used 3145K, capacity 3288K, committed 3320K, reserved 1048576K
}
2016-11-02T20:25:14.519+0100: 9,131: [Rescan (parallel) , 0,0049195 secs]2016-11-02T20:25:14.524+0100: 9,136: [weak refs processing, 0,0016275 secs]2016-11-02T20:25:14.525+0100: 9,138: [class unloading, 0,0033018 secs]2016-11-02T20:25:14.529+0100: 9,141: [scrub symbol table, 0,0042050 secs]2016-11-02T20:25:14.533+0100: 9,145: [scrub string table, 0,0003619 secs][1 CMS-remark: 0K(393216K)] 18259K(502464K), 0,0279498 secs] [Times: user=0,06 sys=0,00, real=0,03 secs] 
2016-11-02T20:25:14.534+0100: 9,146: Total time for which application threads were stopped: 0,0280280 seconds, Stopping threads took: 0,0000169 seconds
2016-11-02T20:25:14.534+0100: 9,146: [CMS-concurrent-sweep-start]
2016-11-02T20:25:14.534+0100: 9,146: [CMS-concurrent-sweep: 0,000/0,000 secs] [Times: user=0,00 sys=0,00, real=0,00 secs] 
2016-11-02T20:25:14.534+0100: 9,146: [CMS-concurrent-reset-start]
2016-11-02T20:25:14.535+0100: 9,147: [CMS-concurrent-reset: 0,001/0,001 secs] [Times: user=0,00 sys=0,00, real=0,00 secs] 
2016-11-02T20:25:36.536+0100: 31,149: Total time for which application threads were stopped: 0,0003779 seconds, Stopping threads took: 0,0001025 seconds
2016-11-02T20:25:41.537+0100: 36,150: Total time for which application threads were stopped: 0,0003966 seconds, Stopping threads took: 0,0001902 seconds
2016-11-02T20:26:21.542+0100: 76,154: Total time for which application threads were stopped: 0,0000819 seconds, Stopping threads took: 0,0000377 seconds
2016-11-02T20:26:26.542+0100: 81,154: Total time for which application threads were stopped: 0,0000717 seconds, Stopping threads took: 0,0000174 seconds
2016-11-02T20:26:36.543+0100: 91,156: Total time for which application threads were stopped: 0,0000879 seconds, Stopping threads took: 0,0000218 seconds
2016-11-02T20:27:11.547+0100: 126,160: Total time for which application threads were stopped: 0,0000753 seconds, Stopping threads took: 0,0000311 seconds
2016-11-02T20:27:32.549+0100: 147,162: Total time for which application threads were stopped: 0,0000784 seconds, Stopping threads took: 0,0000175 seconds
2016-11-02T20:27:47.551+0100: 162,163: Total time for which application threads were stopped: 0,0004189 seconds, Stopping threads took: 0,0002610 seconds
2016-11-02T20:27:52.552+0100: 167,164: Total time for which application threads were stopped: 0,0000618 seconds, Stopping threads took: 0,0000149 seconds
2016-11-02T20:28:06.553+0100: 181,165: Total time for which application threads were stopped: 0,0001051 seconds, Stopping threads took: 0,0000277 seconds
2016-11-02T20:28:42.557+0100: 217,169: Total time for which application threads were stopped: 0,0000763 seconds, Stopping threads took: 0,0000300 seconds
2016-11-02T20:29:41.563+0100: 276,175: Total time for which application threads were stopped: 0,0000747 seconds, Stopping threads took: 0,0000315 seconds
2016-11-02T20:29:52.565+0100: 287,177: Total time for which application threads were stopped: 0,0004580 seconds, Stopping threads took: 0,0000317 seconds
2016-11-02T20:48:46.697+0100: 1421,310: Total time for which application threads were stopped: 0,0000840 seconds, Stopping threads took: 0,0000328 seconds
2016-11-02T20:53:06.722+0100: 1681,334: Total time for which application threads were stopped: 0,0000814 seconds, Stopping threads took: 0,0000330 seconds
2016-11-02T20:55:17.742+0100: 1812,354: Total time for which application threads were stopped: 0,0000909 seconds, Stopping threads took: 0,0000364 seconds
2016-11-02T21:03:46.806+0100: 2321,418: Total time for which application threads were stopped: 0,0000809 seconds, Stopping threads took: 0,0000366 seconds
2016-11-02T21:03:47.806+0100: 2322,419: Total time for which application threads were stopped: 0,0000588 seconds, Stopping threads took: 0,0000163 seconds
2016-11-02T21:18:21.891+0100: 3196,503: Total time for which application threads were stopped: 0,0000816 seconds, Stopping threads took: 0,0000329 seconds
2016-11-02T21:29:56.956+0100: 3891,568: Total time for which application threads were stopped: 0,0001245 seconds, Stopping threads took: 0,0000430 seconds
2016-11-02T21:30:11.958+0100: 3906,570: Total time for which application threads were stopped: 0,0001354 seconds, Stopping threads took: 0,0000505 seconds
2016-11-02T21:32:06.968+0100: 4021,580: Total time for which application threads were stopped: 0,0001248 seconds, Stopping threads took: 0,0000537 seconds
2016-11-02T22:09:07.179+0100: 6241,791: Total time for which application threads were stopped: 0,0001060 seconds, Stopping threads took: 0,0000455 seconds
2016-11-02T22:09:32.181+0100: 6266,794: Total time for which application threads were stopped: 0,0000831 seconds, Stopping threads took: 0,0000321 seconds
2016-11-02T22:10:12.185+0100: 6306,797: Total time for which application threads were stopped: 0,0000917 seconds, Stopping threads took: 0,0000319 seconds
2016-11-02T22:28:36.280+0100: 7410,892: Total time for which application threads were stopped: 0,0003685 seconds, Stopping threads took: 0,0001242 seconds
2016-11-02T22:30:06.288+0100: 7500,900: Total time for which application threads were stopped: 0,0000817 seconds, Stopping threads took: 0,0000331 seconds
2016-11-02T22:30:36.291+0100: 7530,903: Total time for which application threads were stopped: 0,0002354 seconds, Stopping threads took: 0,0000355 seconds
2016-11-02T22:33:06.306+0100: 7680,918: Total time for which application threads were stopped: 0,0003401 seconds, Stopping threads took: 0,0001377 seconds
2016-11-02T23:37:36.694+0100: 11551,306: Total time for which application threads were stopped: 0,0000763 seconds, Stopping threads took: 0,0000325 seconds
2016-11-03T00:41:37.147+0100: 15391,759: Total time for which application threads were stopped: 0,0000850 seconds, Stopping threads took: 0,0000364 seconds
2016-11-03T01:30:42.112+0100: 18336,724: Total time for which application threads were stopped: 0,0001296 seconds, Stopping threads took: 0,0000301 seconds
Heap
 par new generation   total 109248K, used 44736K [0x00000000e0000000, 0x00000000e8000000, 0x00000000e8000000)
  eden space 87424K,  30% used [0x00000000e0000000, 0x00000000e19db3d0, 0x00000000e5560000)
  from space 21824K,  83% used [0x00000000e5560000, 0x00000000e6734c50, 0x00000000e6ab0000)
  to   space 21824K,   0% used [0x00000000e6ab0000, 0x00000000e6ab0000, 0x00000000e8000000)
 concurrent mark-sweep generation total 393216K, used 0K [0x00000000e8000000, 0x0000000100000000, 0x0000000100000000)
 Metaspace       used 27176K, capacity 27638K, committed 27784K, reserved 1073152K
  class space    used 3161K, capacity 3289K, committed 3320K, reserved 1048576K
