OpenJDK 64-Bit Server VM (25.121-b13) for linux-amd64 JRE (1.8.0_121-8u121-b13-0ubuntu1.16.04.2-b13), built on Jan 23 2017 15:51:29 by "buildd" with gcc 5.4.0 20160609
Memory: 4k page, physical 7867764k(7424580k free), swap 8076284k(8076284k free)
CommandLine flags: -XX:CMSInitiatingOccupancyFraction=50 -XX:CMSMaxAbortablePrecleanTime=6000 -XX:+CMSParallelRemarkEnabled -XX:+CMSScavengeBeforeRemark -XX:ConcGCThreads=4 -XX:InitialHeapSize=536870912 -XX:MaxHeapSize=536870912 -XX:MaxTenuringThreshold=8 -XX:NewRatio=3 -XX:OldPLABSize=16 -XX:OnOutOfMemoryError=/opt/solr/bin/oom_solr.sh 8983 /var/solr/logs -XX:ParallelGCThreads=4 -XX:+ParallelRefProcEnabled -XX:PretenureSizeThreshold=67108864 -XX:+PrintGC -XX:+PrintGCApplicationStoppedTime -XX:+PrintGCDateStamps -XX:+PrintGCDetails -XX:+PrintGCTimeStamps -XX:+PrintHeapAtGC -XX:+PrintTenuringDistribution -XX:SurvivorRatio=4 -XX:TargetSurvivorRatio=90 -XX:ThreadStackSize=256 -XX:+UseCMSInitiatingOccupancyOnly -XX:+UseCompressedClassPointers -XX:+UseCompressedOops -XX:+UseConcMarkSweepGC -XX:+UseParNewGC 
2017-05-03T11:29:19.803+0200: 0,154: Total time for which application threads were stopped: 0,0000795 seconds, Stopping threads took: 0,0000126 seconds
2017-05-03T11:29:19.901+0200: 0,252: Total time for which application threads were stopped: 0,0001111 seconds, Stopping threads took: 0,0000159 seconds
2017-05-03T11:29:19.924+0200: 0,276: Total time for which application threads were stopped: 0,0001327 seconds, Stopping threads took: 0,0000299 seconds
2017-05-03T11:29:20.319+0200: 0,670: Total time for which application threads were stopped: 0,0001584 seconds, Stopping threads took: 0,0000219 seconds
2017-05-03T11:29:20.770+0200: 1,121: Total time for which application threads were stopped: 0,0001665 seconds, Stopping threads took: 0,0000267 seconds
2017-05-03T11:29:20.855+0200: 1,207: Total time for which application threads were stopped: 0,0001879 seconds, Stopping threads took: 0,0000227 seconds
2017-05-03T11:29:20.895+0200: 1,246: Total time for which application threads were stopped: 0,0002070 seconds, Stopping threads took: 0,0000233 seconds
2017-05-03T11:29:21.279+0200: 1,631: Total time for which application threads were stopped: 0,0001860 seconds, Stopping threads took: 0,0000225 seconds
2017-05-03T11:29:21.535+0200: 1,887: Total time for which application threads were stopped: 0,0002056 seconds, Stopping threads took: 0,0000252 seconds
2017-05-03T11:29:21.553+0200: 1,904: Total time for which application threads were stopped: 0,0002880 seconds, Stopping threads took: 0,0000203 seconds
2017-05-03T11:29:21.580+0200: 1,931: Total time for which application threads were stopped: 0,0002039 seconds, Stopping threads took: 0,0000406 seconds
2017-05-03T11:29:21.581+0200: 1,932: Total time for which application threads were stopped: 0,0001534 seconds, Stopping threads took: 0,0000250 seconds
2017-05-03T11:29:21.594+0200: 1,945: Total time for which application threads were stopped: 0,0001752 seconds, Stopping threads took: 0,0000158 seconds
2017-05-03T11:29:21.661+0200: 2,013: Total time for which application threads were stopped: 0,0002124 seconds, Stopping threads took: 0,0000224 seconds
2017-05-03T11:29:21.843+0200: 2,194: Total time for which application threads were stopped: 0,0003014 seconds, Stopping threads took: 0,0000366 seconds
{Heap before GC invocations=0 (full 0):
 par new generation   total 109248K, used 87424K [0x00000000e0000000, 0x00000000e8000000, 0x00000000e8000000)
  eden space 87424K, 100% used [0x00000000e0000000, 0x00000000e5560000, 0x00000000e5560000)
  from space 21824K,   0% used [0x00000000e5560000, 0x00000000e5560000, 0x00000000e6ab0000)
  to   space 21824K,   0% used [0x00000000e6ab0000, 0x00000000e6ab0000, 0x00000000e8000000)
 concurrent mark-sweep generation total 393216K, used 0K [0x00000000e8000000, 0x0000000100000000, 0x0000000100000000)
 Metaspace       used 18055K, capacity 18400K, committed 18688K, reserved 1064960K
  class space    used 2039K, capacity 2196K, committed 2304K, reserved 1048576K
2017-05-03T11:29:21.934+0200: 2,286: [GC (Allocation Failure) 2017-05-03T11:29:21.935+0200: 2,286: [ParNew
Desired survivor size 20112992 bytes, new threshold 8 (max 8)
- age   1:   12402464 bytes,   12402464 total
: 87424K->12219K(109248K), 0,0157532 secs] 87424K->12219K(502464K), 0,0158525 secs] [Times: user=0,05 sys=0,01, real=0,01 secs] 
Heap after GC invocations=1 (full 0):
 par new generation   total 109248K, used 12219K [0x00000000e0000000, 0x00000000e8000000, 0x00000000e8000000)
  eden space 87424K,   0% used [0x00000000e0000000, 0x00000000e0000000, 0x00000000e5560000)
  from space 21824K,  55% used [0x00000000e6ab0000, 0x00000000e769ef10, 0x00000000e8000000)
  to   space 21824K,   0% used [0x00000000e5560000, 0x00000000e5560000, 0x00000000e6ab0000)
 concurrent mark-sweep generation total 393216K, used 0K [0x00000000e8000000, 0x0000000100000000, 0x0000000100000000)
 Metaspace       used 18055K, capacity 18400K, committed 18688K, reserved 1064960K
  class space    used 2039K, capacity 2196K, committed 2304K, reserved 1048576K
}
2017-05-03T11:29:21.950+0200: 2,302: Total time for which application threads were stopped: 0,0161616 seconds, Stopping threads took: 0,0000255 seconds
2017-05-03T11:29:22.260+0200: 2,611: Total time for which application threads were stopped: 0,0004222 seconds, Stopping threads took: 0,0001056 seconds
{Heap before GC invocations=1 (full 0):
 par new generation   total 109248K, used 99643K [0x00000000e0000000, 0x00000000e8000000, 0x00000000e8000000)
  eden space 87424K, 100% used [0x00000000e0000000, 0x00000000e5560000, 0x00000000e5560000)
  from space 21824K,  55% used [0x00000000e6ab0000, 0x00000000e769ef10, 0x00000000e8000000)
  to   space 21824K,   0% used [0x00000000e5560000, 0x00000000e5560000, 0x00000000e6ab0000)
 concurrent mark-sweep generation total 393216K, used 0K [0x00000000e8000000, 0x0000000100000000, 0x0000000100000000)
 Metaspace       used 20027K, capacity 20346K, committed 20736K, reserved 1067008K
  class space    used 2291K, capacity 2463K, committed 2560K, reserved 1048576K
2017-05-03T11:29:22.307+0200: 2,659: [GC (Allocation Failure) 2017-05-03T11:29:22.308+0200: 2,659: [ParNew
Desired survivor size 20112992 bytes, new threshold 8 (max 8)
- age   1:    3757968 bytes,    3757968 total
- age   2:    6652560 bytes,   10410528 total
: 99643K->13684K(109248K), 0,0175138 secs] 99643K->13684K(502464K), 0,0175856 secs] [Times: user=0,06 sys=0,00, real=0,02 secs] 
Heap after GC invocations=2 (full 0):
 par new generation   total 109248K, used 13684K [0x00000000e0000000, 0x00000000e8000000, 0x00000000e8000000)
  eden space 87424K,   0% used [0x00000000e0000000, 0x00000000e0000000, 0x00000000e5560000)
  from space 21824K,  62% used [0x00000000e5560000, 0x00000000e62bd1d0, 0x00000000e6ab0000)
  to   space 21824K,   0% used [0x00000000e6ab0000, 0x00000000e6ab0000, 0x00000000e8000000)
 concurrent mark-sweep generation total 393216K, used 0K [0x00000000e8000000, 0x0000000100000000, 0x0000000100000000)
 Metaspace       used 20027K, capacity 20346K, committed 20736K, reserved 1067008K
  class space    used 2291K, capacity 2463K, committed 2560K, reserved 1048576K
}
2017-05-03T11:29:22.325+0200: 2,676: Total time for which application threads were stopped: 0,0178396 seconds, Stopping threads took: 0,0001090 seconds
2017-05-03T11:29:22.329+0200: 2,680: Total time for which application threads were stopped: 0,0003043 seconds, Stopping threads took: 0,0000426 seconds
2017-05-03T11:29:22.362+0200: 2,713: Total time for which application threads were stopped: 0,0005673 seconds, Stopping threads took: 0,0002209 seconds
2017-05-03T11:29:22.500+0200: 2,851: Total time for which application threads were stopped: 0,0001902 seconds, Stopping threads took: 0,0000728 seconds
{Heap before GC invocations=2 (full 0):
 par new generation   total 109248K, used 101108K [0x00000000e0000000, 0x00000000e8000000, 0x00000000e8000000)
  eden space 87424K, 100% used [0x00000000e0000000, 0x00000000e5560000, 0x00000000e5560000)
  from space 21824K,  62% used [0x00000000e5560000, 0x00000000e62bd1d0, 0x00000000e6ab0000)
  to   space 21824K,   0% used [0x00000000e6ab0000, 0x00000000e6ab0000, 0x00000000e8000000)
 concurrent mark-sweep generation total 393216K, used 0K [0x00000000e8000000, 0x0000000100000000, 0x0000000100000000)
 Metaspace       used 20978K, capacity 21268K, committed 21628K, reserved 1069056K
  class space    used 2415K, capacity 2582K, committed 2684K, reserved 1048576K
2017-05-03T11:29:22.543+0200: 2,894: [GC (Allocation Failure) 2017-05-03T11:29:22.543+0200: 2,894: [ParNew
Desired survivor size 20112992 bytes, new threshold 8 (max 8)
- age   1:    2110416 bytes,    2110416 total
- age   2:     855240 bytes,    2965656 total
- age   3:    6649656 bytes,    9615312 total
: 101108K->10092K(109248K), 0,0106808 secs] 101108K->10092K(502464K), 0,0107608 secs] [Times: user=0,03 sys=0,00, real=0,01 secs] 
Heap after GC invocations=3 (full 0):
 par new generation   total 109248K, used 10092K [0x00000000e0000000, 0x00000000e8000000, 0x00000000e8000000)
  eden space 87424K,   0% used [0x00000000e0000000, 0x00000000e0000000, 0x00000000e5560000)
  from space 21824K,  46% used [0x00000000e6ab0000, 0x00000000e748b3a0, 0x00000000e8000000)
  to   space 21824K,   0% used [0x00000000e5560000, 0x00000000e5560000, 0x00000000e6ab0000)
 concurrent mark-sweep generation total 393216K, used 0K [0x00000000e8000000, 0x0000000100000000, 0x0000000100000000)
 Metaspace       used 20978K, capacity 21268K, committed 21628K, reserved 1069056K
  class space    used 2415K, capacity 2582K, committed 2684K, reserved 1048576K
}
2017-05-03T11:29:22.554+0200: 2,905: Total time for which application threads were stopped: 0,0110098 seconds, Stopping threads took: 0,0001066 seconds
2017-05-03T11:29:22.554+0200: 2,906: [GC (CMS Initial Mark) [1 CMS-initial-mark: 0K(393216K)] 11528K(502464K), 0,0035730 secs] [Times: user=0,01 sys=0,00, real=0,00 secs] 
2017-05-03T11:29:22.558+0200: 2,909: Total time for which application threads were stopped: 0,0037127 seconds, Stopping threads took: 0,0000555 seconds
2017-05-03T11:29:22.558+0200: 2,909: [CMS-concurrent-mark-start]
2017-05-03T11:29:22.558+0200: 2,910: [CMS-concurrent-mark: 0,001/0,001 secs] [Times: user=0,00 sys=0,00, real=0,00 secs] 
2017-05-03T11:29:22.558+0200: 2,910: [CMS-concurrent-preclean-start]
2017-05-03T11:29:22.560+0200: 2,911: [CMS-concurrent-preclean: 0,001/0,001 secs] [Times: user=0,01 sys=0,00, real=0,00 secs] 
2017-05-03T11:29:22.560+0200: 2,911: [CMS-concurrent-abortable-preclean-start]
2017-05-03T11:29:22.623+0200: 2,975: Total time for which application threads were stopped: 0,0001434 seconds, Stopping threads took: 0,0000631 seconds
{Heap before GC invocations=3 (full 1):
 par new generation   total 109248K, used 97516K [0x00000000e0000000, 0x00000000e8000000, 0x00000000e8000000)
  eden space 87424K, 100% used [0x00000000e0000000, 0x00000000e5560000, 0x00000000e5560000)
  from space 21824K,  46% used [0x00000000e6ab0000, 0x00000000e748b3a0, 0x00000000e8000000)
  to   space 21824K,   0% used [0x00000000e5560000, 0x00000000e5560000, 0x00000000e6ab0000)
 concurrent mark-sweep generation total 393216K, used 0K [0x00000000e8000000, 0x0000000100000000, 0x0000000100000000)
 Metaspace       used 21245K, capacity 21610K, committed 21884K, reserved 1069056K
  class space    used 2443K, capacity 2598K, committed 2684K, reserved 1048576K
2017-05-03T11:29:22.651+0200: 3,002: [GC (Allocation Failure) 2017-05-03T11:29:22.651+0200: 3,002: [ParNew
Desired survivor size 20112992 bytes, new threshold 8 (max 8)
- age   1:     800688 bytes,     800688 total
- age   2:    1461336 bytes,    2262024 total
- age   3:     821880 bytes,    3083904 total
- age   4:    6648880 bytes,    9732784 total
: 97516K->14846K(109248K), 0,0102664 secs] 97516K->14846K(502464K), 0,0103444 secs] [Times: user=0,03 sys=0,00, real=0,00 secs] 
Heap after GC invocations=4 (full 1):
 par new generation   total 109248K, used 14846K [0x00000000e0000000, 0x00000000e8000000, 0x00000000e8000000)
  eden space 87424K,   0% used [0x00000000e0000000, 0x00000000e0000000, 0x00000000e5560000)
  from space 21824K,  68% used [0x00000000e5560000, 0x00000000e63df928, 0x00000000e6ab0000)
  to   space 21824K,   0% used [0x00000000e6ab0000, 0x00000000e6ab0000, 0x00000000e8000000)
 concurrent mark-sweep generation total 393216K, used 0K [0x00000000e8000000, 0x0000000100000000, 0x0000000100000000)
 Metaspace       used 21245K, capacity 21610K, committed 21884K, reserved 1069056K
  class space    used 2443K, capacity 2598K, committed 2684K, reserved 1048576K
}
2017-05-03T11:29:22.661+0200: 3,013: Total time for which application threads were stopped: 0,0105787 seconds, Stopping threads took: 0,0000787 seconds
2017-05-03T11:29:22.661+0200: 3,013: [CMS-concurrent-abortable-preclean: 0,065/0,102 secs] [Times: user=0,39 sys=0,00, real=0,10 secs] 
2017-05-03T11:29:22.667+0200: 3,019: [GC (CMS Final Remark) [YG occupancy: 16851 K (109248 K)]{Heap before GC invocations=4 (full 1):
 par new generation   total 109248K, used 16851K [0x00000000e0000000, 0x00000000e8000000, 0x00000000e8000000)
  eden space 87424K,   2% used [0x00000000e0000000, 0x00000000e01f53f0, 0x00000000e5560000)
  from space 21824K,  68% used [0x00000000e5560000, 0x00000000e63df928, 0x00000000e6ab0000)
  to   space 21824K,   0% used [0x00000000e6ab0000, 0x00000000e6ab0000, 0x00000000e8000000)
 concurrent mark-sweep generation total 393216K, used 0K [0x00000000e8000000, 0x0000000100000000, 0x0000000100000000)
 Metaspace       used 21245K, capacity 21610K, committed 21884K, reserved 1069056K
  class space    used 2443K, capacity 2598K, committed 2684K, reserved 1048576K
2017-05-03T11:29:22.667+0200: 3,019: [GC (CMS Final Remark) 2017-05-03T11:29:22.667+0200: 3,019: [ParNew
Desired survivor size 20112992 bytes, new threshold 8 (max 8)
- age   1:     514608 bytes,     514608 total
- age   2:     276104 bytes,     790712 total
- age   3:    1461336 bytes,    2252048 total
- age   4:     821880 bytes,    3073928 total
- age   5:    6648920 bytes,    9722848 total
: 16851K->12366K(109248K), 0,0090988 secs] 16851K->12366K(502464K), 0,0091383 secs] [Times: user=0,03 sys=0,00, real=0,01 secs] 
Heap after GC invocations=5 (full 1):
 par new generation   total 109248K, used 12366K [0x00000000e0000000, 0x00000000e8000000, 0x00000000e8000000)
  eden space 87424K,   0% used [0x00000000e0000000, 0x00000000e0000000, 0x00000000e5560000)
  from space 21824K,  56% used [0x00000000e6ab0000, 0x00000000e76c3bb0, 0x00000000e8000000)
  to   space 21824K,   0% used [0x00000000e5560000, 0x00000000e5560000, 0x00000000e6ab0000)
 concurrent mark-sweep generation total 393216K, used 0K [0x00000000e8000000, 0x0000000100000000, 0x0000000100000000)
 Metaspace       used 21245K, capacity 21610K, committed 21884K, reserved 1069056K
  class space    used 2443K, capacity 2598K, committed 2684K, reserved 1048576K
}
2017-05-03T11:29:22.676+0200: 3,028: [Rescan (parallel) , 0,0035204 secs]2017-05-03T11:29:22.680+0200: 3,031: [weak refs processing, 0,0007403 secs]2017-05-03T11:29:22.681+0200: 3,032: [class unloading, 0,0028362 secs]2017-05-03T11:29:22.684+0200: 3,035: [scrub symbol table, 0,0025491 secs]2017-05-03T11:29:22.686+0200: 3,037: [scrub string table, 0,0003826 secs][1 CMS-remark: 0K(393216K)] 12366K(502464K), 0,0198130 secs] [Times: user=0,05 sys=0,00, real=0,02 secs] 
2017-05-03T11:29:22.687+0200: 3,038: Total time for which application threads were stopped: 0,0244387 seconds, Stopping threads took: 0,0045495 seconds
2017-05-03T11:29:22.687+0200: 3,038: [CMS-concurrent-sweep-start]
2017-05-03T11:29:22.687+0200: 3,038: [CMS-concurrent-sweep: 0,000/0,000 secs] [Times: user=0,00 sys=0,00, real=0,00 secs] 
2017-05-03T11:29:22.687+0200: 3,039: [CMS-concurrent-reset-start]
2017-05-03T11:29:22.699+0200: 3,050: [CMS-concurrent-reset: 0,012/0,012 secs] [Times: user=0,05 sys=0,00, real=0,01 secs] 
{Heap before GC invocations=5 (full 1):
 par new generation   total 109248K, used 99790K [0x00000000e0000000, 0x00000000e8000000, 0x00000000e8000000)
  eden space 87424K, 100% used [0x00000000e0000000, 0x00000000e5560000, 0x00000000e5560000)
  from space 21824K,  56% used [0x00000000e6ab0000, 0x00000000e76c3bb0, 0x00000000e8000000)
  to   space 21824K,   0% used [0x00000000e5560000, 0x00000000e5560000, 0x00000000e6ab0000)
 concurrent mark-sweep generation total 393216K, used 0K [0x00000000e8000000, 0x0000000100000000, 0x0000000100000000)
 Metaspace       used 21369K, capacity 21782K, committed 21884K, reserved 1069056K
  class space    used 2463K, capacity 2632K, committed 2684K, reserved 1048576K
2017-05-03T11:29:22.780+0200: 3,132: [GC (Allocation Failure) 2017-05-03T11:29:22.780+0200: 3,132: [ParNew
Desired survivor size 20112992 bytes, new threshold 8 (max 8)
- age   1:     415552 bytes,     415552 total
- age   2:        424 bytes,     415976 total
- age   3:     187336 bytes,     603312 total
- age   4:    1460944 bytes,    2064256 total
- age   5:     821768 bytes,    2886024 total
- age   6:    6648864 bytes,    9534888 total
: 99790K->11712K(109248K), 0,0129051 secs] 99790K->11712K(502464K), 0,0129867 secs] [Times: user=0,03 sys=0,00, real=0,02 secs] 
Heap after GC invocations=6 (full 1):
 par new generation   total 109248K, used 11712K [0x00000000e0000000, 0x00000000e8000000, 0x00000000e8000000)
  eden space 87424K,   0% used [0x00000000e0000000, 0x00000000e0000000, 0x00000000e5560000)
  from space 21824K,  53% used [0x00000000e5560000, 0x00000000e60d0070, 0x00000000e6ab0000)
  to   space 21824K,   0% used [0x00000000e6ab0000, 0x00000000e6ab0000, 0x00000000e8000000)
 concurrent mark-sweep generation total 393216K, used 0K [0x00000000e8000000, 0x0000000100000000, 0x0000000100000000)
 Metaspace       used 21369K, capacity 21782K, committed 21884K, reserved 1069056K
  class space    used 2463K, capacity 2632K, committed 2684K, reserved 1048576K
}
2017-05-03T11:29:22.793+0200: 3,145: Total time for which application threads were stopped: 0,0132072 seconds, Stopping threads took: 0,0000713 seconds
2017-05-03T11:29:22.847+0200: 3,198: Total time for which application threads were stopped: 0,0003145 seconds, Stopping threads took: 0,0000226 seconds
2017-05-03T11:29:23.105+0200: 3,456: Total time for which application threads were stopped: 0,0005247 seconds, Stopping threads took: 0,0000394 seconds
2017-05-03T11:29:23.125+0200: 3,476: Total time for which application threads were stopped: 0,0004611 seconds, Stopping threads took: 0,0000531 seconds
{Heap before GC invocations=6 (full 1):
 par new generation   total 109248K, used 99136K [0x00000000e0000000, 0x00000000e8000000, 0x00000000e8000000)
  eden space 87424K, 100% used [0x00000000e0000000, 0x00000000e5560000, 0x00000000e5560000)
  from space 21824K,  53% used [0x00000000e5560000, 0x00000000e60d0070, 0x00000000e6ab0000)
  to   space 21824K,   0% used [0x00000000e6ab0000, 0x00000000e6ab0000, 0x00000000e8000000)
 concurrent mark-sweep generation total 393216K, used 0K [0x00000000e8000000, 0x0000000100000000, 0x0000000100000000)
 Metaspace       used 24256K, capacity 24724K, committed 24828K, reserved 1071104K
  class space    used 2849K, capacity 3037K, committed 3068K, reserved 1048576K
2017-05-03T11:29:23.292+0200: 3,643: [GC (Allocation Failure) 2017-05-03T11:29:23.292+0200: 3,644: [ParNew
Desired survivor size 20112992 bytes, new threshold 8 (max 8)
- age   1:    5531152 bytes,    5531152 total
- age   2:     121272 bytes,    5652424 total
- age   3:        400 bytes,    5652824 total
- age   4:     185936 bytes,    5838760 total
- age   5:     291160 bytes,    6129920 total
- age   6:     797416 bytes,    6927336 total
- age   7:    6640664 bytes,   13568000 total
: 99136K->16309K(109248K), 0,0115672 secs] 99136K->16309K(502464K), 0,0116295 secs] [Times: user=0,04 sys=0,00, real=0,01 secs] 
Heap after GC invocations=7 (full 1):
 par new generation   total 109248K, used 16309K [0x00000000e0000000, 0x00000000e8000000, 0x00000000e8000000)
  eden space 87424K,   0% used [0x00000000e0000000, 0x00000000e0000000, 0x00000000e5560000)
  from space 21824K,  74% used [0x00000000e6ab0000, 0x00000000e7a9d640, 0x00000000e8000000)
  to   space 21824K,   0% used [0x00000000e5560000, 0x00000000e5560000, 0x00000000e6ab0000)
 concurrent mark-sweep generation total 393216K, used 0K [0x00000000e8000000, 0x0000000100000000, 0x0000000100000000)
 Metaspace       used 24256K, capacity 24724K, committed 24828K, reserved 1071104K
  class space    used 2849K, capacity 3037K, committed 3068K, reserved 1048576K
}
2017-05-03T11:29:23.304+0200: 3,655: Total time for which application threads were stopped: 0,0119762 seconds, Stopping threads took: 0,0001832 seconds
{Heap before GC invocations=7 (full 1):
 par new generation   total 109248K, used 103730K [0x00000000e0000000, 0x00000000e8000000, 0x00000000e8000000)
  eden space 87424K,  99% used [0x00000000e0000000, 0x00000000e555f228, 0x00000000e5560000)
  from space 21824K,  74% used [0x00000000e6ab0000, 0x00000000e7a9d640, 0x00000000e8000000)
  to   space 21824K,   0% used [0x00000000e5560000, 0x00000000e5560000, 0x00000000e6ab0000)
 concurrent mark-sweep generation total 393216K, used 0K [0x00000000e8000000, 0x0000000100000000, 0x0000000100000000)
 Metaspace       used 24585K, capacity 25028K, committed 25212K, reserved 1071104K
  class space    used 2879K, capacity 3072K, committed 3196K, reserved 1048576K
2017-05-03T11:29:23.438+0200: 3,790: [GC (Allocation Failure) 2017-05-03T11:29:23.439+0200: 3,790: [ParNew
Desired survivor size 20112992 bytes, new threshold 8 (max 8)
- age   1:    1404080 bytes,    1404080 total
- age   2:    1826176 bytes,    3230256 total
- age   3:      58080 bytes,    3288336 total
- age   5:      99312 bytes,    3387648 total
- age   6:     194128 bytes,    3581776 total
- age   7:     753256 bytes,    4335032 total
- age   8:    6107480 bytes,   10442512 total
: 103730K->17964K(109248K), 0,0316958 secs] 103730K->17964K(502464K), 0,0317813 secs] [Times: user=0,08 sys=0,00, real=0,03 secs] 
Heap after GC invocations=8 (full 1):
 par new generation   total 109248K, used 17964K [0x00000000e0000000, 0x00000000e8000000, 0x00000000e8000000)
  eden space 87424K,   0% used [0x00000000e0000000, 0x00000000e0000000, 0x00000000e5560000)
  from space 21824K,  82% used [0x00000000e5560000, 0x00000000e66eb150, 0x00000000e6ab0000)
  to   space 21824K,   0% used [0x00000000e6ab0000, 0x00000000e6ab0000, 0x00000000e8000000)
 concurrent mark-sweep generation total 393216K, used 0K [0x00000000e8000000, 0x0000000100000000, 0x0000000100000000)
 Metaspace       used 24585K, capacity 25028K, committed 25212K, reserved 1071104K
  class space    used 2879K, capacity 3072K, committed 3196K, reserved 1048576K
}
2017-05-03T11:29:23.470+0200: 3,822: Total time for which application threads were stopped: 0,0320759 seconds, Stopping threads took: 0,0000451 seconds
{Heap before GC invocations=8 (full 1):
 par new generation   total 109248K, used 105388K [0x00000000e0000000, 0x00000000e8000000, 0x00000000e8000000)
  eden space 87424K, 100% used [0x00000000e0000000, 0x00000000e5560000, 0x00000000e5560000)
  from space 21824K,  82% used [0x00000000e5560000, 0x00000000e66eb150, 0x00000000e6ab0000)
  to   space 21824K,   0% used [0x00000000e6ab0000, 0x00000000e6ab0000, 0x00000000e8000000)
 concurrent mark-sweep generation total 393216K, used 0K [0x00000000e8000000, 0x0000000100000000, 0x0000000100000000)
 Metaspace       used 24902K, capacity 25364K, committed 25724K, reserved 1071104K
  class space    used 2902K, capacity 3075K, committed 3196K, reserved 1048576K
2017-05-03T11:29:23.570+0200: 3,921: [GC (Allocation Failure) 2017-05-03T11:29:23.570+0200: 3,921: [ParNew
Desired survivor size 20112992 bytes, new threshold 8 (max 8)
- age   1:     801824 bytes,     801824 total
- age   2:    1059608 bytes,    1861432 total
- age   3:    1794664 bytes,    3656096 total
- age   4:      58080 bytes,    3714176 total
- age   6:      99112 bytes,    3813288 total
- age   7:     191056 bytes,    4004344 total
- age   8:     752552 bytes,    4756896 total
: 105388K->8315K(109248K), 0,0317420 secs] 105388K->14362K(502464K), 0,0318049 secs] [Times: user=0,11 sys=0,00, real=0,03 secs] 
Heap after GC invocations=9 (full 1):
 par new generation   total 109248K, used 8315K [0x00000000e0000000, 0x00000000e8000000, 0x00000000e8000000)
  eden space 87424K,   0% used [0x00000000e0000000, 0x00000000e0000000, 0x00000000e5560000)
  from space 21824K,  38% used [0x00000000e6ab0000, 0x00000000e72cecd0, 0x00000000e8000000)
  to   space 21824K,   0% used [0x00000000e5560000, 0x00000000e5560000, 0x00000000e6ab0000)
 concurrent mark-sweep generation total 393216K, used 6046K [0x00000000e8000000, 0x0000000100000000, 0x0000000100000000)
 Metaspace       used 24902K, capacity 25364K, committed 25724K, reserved 1071104K
  class space    used 2902K, capacity 3075K, committed 3196K, reserved 1048576K
}
2017-05-03T11:29:23.602+0200: 3,953: Total time for which application threads were stopped: 0,0327484 seconds, Stopping threads took: 0,0007946 seconds
2017-05-03T11:29:23.707+0200: 4,058: Total time for which application threads were stopped: 0,0022632 seconds, Stopping threads took: 0,0017762 seconds
2017-05-03T11:29:23.718+0200: 4,069: Total time for which application threads were stopped: 0,0002999 seconds, Stopping threads took: 0,0001932 seconds
2017-05-03T11:29:23.718+0200: 4,070: Total time for which application threads were stopped: 0,0000990 seconds, Stopping threads took: 0,0000240 seconds
2017-05-03T11:29:23.719+0200: 4,070: Total time for which application threads were stopped: 0,0002245 seconds, Stopping threads took: 0,0001579 seconds
2017-05-03T11:29:23.725+0200: 4,076: Total time for which application threads were stopped: 0,0001932 seconds, Stopping threads took: 0,0000508 seconds
2017-05-03T11:29:23.725+0200: 4,077: Total time for which application threads were stopped: 0,0001222 seconds, Stopping threads took: 0,0000248 seconds
2017-05-03T11:29:23.726+0200: 4,077: Total time for which application threads were stopped: 0,0001256 seconds, Stopping threads took: 0,0000256 seconds
2017-05-03T11:29:23.726+0200: 4,077: Total time for which application threads were stopped: 0,0001129 seconds, Stopping threads took: 0,0000250 seconds
2017-05-03T11:29:23.731+0200: 4,082: Total time for which application threads were stopped: 0,0001833 seconds, Stopping threads took: 0,0000700 seconds
2017-05-03T11:29:23.731+0200: 4,082: Total time for which application threads were stopped: 0,0001638 seconds, Stopping threads took: 0,0000895 seconds
2017-05-03T11:29:23.731+0200: 4,082: Total time for which application threads were stopped: 0,0001044 seconds, Stopping threads took: 0,0000361 seconds
2017-05-03T11:29:23.731+0200: 4,083: Total time for which application threads were stopped: 0,0001217 seconds, Stopping threads took: 0,0000443 seconds
2017-05-03T11:29:23.732+0200: 4,083: Total time for which application threads were stopped: 0,0001055 seconds, Stopping threads took: 0,0000266 seconds
2017-05-03T11:29:23.732+0200: 4,084: Total time for which application threads were stopped: 0,0001638 seconds, Stopping threads took: 0,0000543 seconds
2017-05-03T11:29:23.734+0200: 4,086: Total time for which application threads were stopped: 0,0017651 seconds, Stopping threads took: 0,0016648 seconds
2017-05-03T11:29:23.738+0200: 4,090: Total time for which application threads were stopped: 0,0036511 seconds, Stopping threads took: 0,0035812 seconds
2017-05-03T11:29:23.738+0200: 4,090: Total time for which application threads were stopped: 0,0000970 seconds, Stopping threads took: 0,0000468 seconds
2017-05-03T11:29:23.739+0200: 4,090: Total time for which application threads were stopped: 0,0000890 seconds, Stopping threads took: 0,0000277 seconds
2017-05-03T11:29:23.743+0200: 4,094: Total time for which application threads were stopped: 0,0003067 seconds, Stopping threads took: 0,0002290 seconds
2017-05-03T11:29:23.743+0200: 4,095: Total time for which application threads were stopped: 0,0000639 seconds, Stopping threads took: 0,0000212 seconds
2017-05-03T11:29:23.743+0200: 4,095: Total time for which application threads were stopped: 0,0001513 seconds, Stopping threads took: 0,0000251 seconds
2017-05-03T11:29:23.759+0200: 4,111: Total time for which application threads were stopped: 0,0001607 seconds, Stopping threads took: 0,0000467 seconds
2017-05-03T11:29:23.760+0200: 4,111: Total time for which application threads were stopped: 0,0001350 seconds, Stopping threads took: 0,0000523 seconds
2017-05-03T11:29:23.761+0200: 4,112: Total time for which application threads were stopped: 0,0001123 seconds, Stopping threads took: 0,0000417 seconds
2017-05-03T11:29:23.761+0200: 4,113: Total time for which application threads were stopped: 0,0000726 seconds, Stopping threads took: 0,0000229 seconds
2017-05-03T11:29:23.767+0200: 4,118: Total time for which application threads were stopped: 0,0001184 seconds, Stopping threads took: 0,0000500 seconds
2017-05-03T11:29:23.767+0200: 4,119: Total time for which application threads were stopped: 0,0002804 seconds, Stopping threads took: 0,0002092 seconds
2017-05-03T11:29:23.769+0200: 4,120: Total time for which application threads were stopped: 0,0003722 seconds, Stopping threads took: 0,0003034 seconds
2017-05-03T11:29:23.771+0200: 4,122: Total time for which application threads were stopped: 0,0001154 seconds, Stopping threads took: 0,0000283 seconds
2017-05-03T11:29:23.771+0200: 4,122: Total time for which application threads were stopped: 0,0000768 seconds, Stopping threads took: 0,0000244 seconds
2017-05-03T11:29:23.771+0200: 4,123: Total time for which application threads were stopped: 0,0000546 seconds, Stopping threads took: 0,0000161 seconds
2017-05-03T11:29:23.771+0200: 4,123: Total time for which application threads were stopped: 0,0000661 seconds, Stopping threads took: 0,0000206 seconds
2017-05-03T11:29:23.771+0200: 4,123: Total time for which application threads were stopped: 0,0000526 seconds, Stopping threads took: 0,0000136 seconds
2017-05-03T11:29:23.778+0200: 4,130: Total time for which application threads were stopped: 0,0039860 seconds, Stopping threads took: 0,0038887 seconds
2017-05-03T11:29:23.779+0200: 4,130: Total time for which application threads were stopped: 0,0000907 seconds, Stopping threads took: 0,0000219 seconds
2017-05-03T11:29:23.779+0200: 4,130: Total time for which application threads were stopped: 0,0000766 seconds, Stopping threads took: 0,0000108 seconds
2017-05-03T11:29:23.782+0200: 4,134: Total time for which application threads were stopped: 0,0001537 seconds, Stopping threads took: 0,0000677 seconds
2017-05-03T11:29:23.782+0200: 4,134: Total time for which application threads were stopped: 0,0001187 seconds, Stopping threads took: 0,0000478 seconds
2017-05-03T11:29:23.786+0200: 4,138: Total time for which application threads were stopped: 0,0001365 seconds, Stopping threads took: 0,0000473 seconds
2017-05-03T11:29:23.786+0200: 4,138: Total time for which application threads were stopped: 0,0000639 seconds, Stopping threads took: 0,0000092 seconds
2017-05-03T11:29:23.787+0200: 4,138: Total time for which application threads were stopped: 0,0001467 seconds, Stopping threads took: 0,0000097 seconds
2017-05-03T11:29:23.787+0200: 4,138: Total time for which application threads were stopped: 0,0001048 seconds, Stopping threads took: 0,0000460 seconds
2017-05-03T11:29:23.793+0200: 4,144: Total time for which application threads were stopped: 0,0001386 seconds, Stopping threads took: 0,0000231 seconds
2017-05-03T11:29:23.804+0200: 4,156: Total time for which application threads were stopped: 0,0001608 seconds, Stopping threads took: 0,0000913 seconds
2017-05-03T11:29:23.810+0200: 4,162: Total time for which application threads were stopped: 0,0026633 seconds, Stopping threads took: 0,0025759 seconds
2017-05-03T11:29:23.812+0200: 4,164: Total time for which application threads were stopped: 0,0001532 seconds, Stopping threads took: 0,0000310 seconds
2017-05-03T11:29:23.846+0200: 4,197: Total time for which application threads were stopped: 0,0001654 seconds, Stopping threads took: 0,0000503 seconds
2017-05-03T11:29:23.871+0200: 4,222: Total time for which application threads were stopped: 0,0001091 seconds, Stopping threads took: 0,0000379 seconds
2017-05-03T11:29:23.929+0200: 4,281: Total time for which application threads were stopped: 0,0005143 seconds, Stopping threads took: 0,0000304 seconds
2017-05-03T11:29:23.946+0200: 4,298: Total time for which application threads were stopped: 0,0005232 seconds, Stopping threads took: 0,0000317 seconds
2017-05-03T11:29:23.992+0200: 4,344: Total time for which application threads were stopped: 0,0001505 seconds, Stopping threads took: 0,0000698 seconds
2017-05-03T11:29:23.996+0200: 4,347: Total time for which application threads were stopped: 0,0003860 seconds, Stopping threads took: 0,0000288 seconds
2017-05-03T11:29:23.997+0200: 4,348: Total time for which application threads were stopped: 0,0000903 seconds, Stopping threads took: 0,0000335 seconds
2017-05-03T11:29:23.997+0200: 4,348: Total time for which application threads were stopped: 0,0000607 seconds, Stopping threads took: 0,0000185 seconds
2017-05-03T11:29:23.997+0200: 4,348: Total time for which application threads were stopped: 0,0000653 seconds, Stopping threads took: 0,0000179 seconds
2017-05-03T11:29:24.026+0200: 4,377: Total time for which application threads were stopped: 0,0001257 seconds, Stopping threads took: 0,0000517 seconds
2017-05-03T11:29:24.028+0200: 4,379: Total time for which application threads were stopped: 0,0001481 seconds, Stopping threads took: 0,0000654 seconds
2017-05-03T11:29:24.028+0200: 4,380: Total time for which application threads were stopped: 0,0000882 seconds, Stopping threads took: 0,0000341 seconds
2017-05-03T11:29:24.034+0200: 4,385: Total time for which application threads were stopped: 0,0000987 seconds, Stopping threads took: 0,0000196 seconds
2017-05-03T11:29:24.036+0200: 4,388: Total time for which application threads were stopped: 0,0000831 seconds, Stopping threads took: 0,0000212 seconds
2017-05-03T11:29:24.039+0200: 4,391: Total time for which application threads were stopped: 0,0001899 seconds, Stopping threads took: 0,0001025 seconds
2017-05-03T11:29:24.043+0200: 4,395: Total time for which application threads were stopped: 0,0001043 seconds, Stopping threads took: 0,0000298 seconds
2017-05-03T11:29:24.050+0200: 4,401: Total time for which application threads were stopped: 0,0001970 seconds, Stopping threads took: 0,0001128 seconds
2017-05-03T11:29:24.064+0200: 4,415: Total time for which application threads were stopped: 0,0001170 seconds, Stopping threads took: 0,0000505 seconds
2017-05-03T11:29:24.067+0200: 4,419: Total time for which application threads were stopped: 0,0001155 seconds, Stopping threads took: 0,0000521 seconds
2017-05-03T11:29:24.086+0200: 4,438: Total time for which application threads were stopped: 0,0032249 seconds, Stopping threads took: 0,0031496 seconds
2017-05-03T11:29:24.088+0200: 4,440: Total time for which application threads were stopped: 0,0001323 seconds, Stopping threads took: 0,0000765 seconds
2017-05-03T11:29:24.098+0200: 4,449: Total time for which application threads were stopped: 0,0001568 seconds, Stopping threads took: 0,0000711 seconds
2017-05-03T11:29:24.099+0200: 4,450: Total time for which application threads were stopped: 0,0004091 seconds, Stopping threads took: 0,0000148 seconds
2017-05-03T11:29:24.099+0200: 4,451: Total time for which application threads were stopped: 0,0001212 seconds, Stopping threads took: 0,0000549 seconds
2017-05-03T11:29:25.099+0200: 5,451: Total time for which application threads were stopped: 0,0001010 seconds, Stopping threads took: 0,0000176 seconds
2017-05-03T11:29:26.100+0200: 6,451: Total time for which application threads were stopped: 0,0000584 seconds, Stopping threads took: 0,0000156 seconds
2017-05-03T11:29:42.101+0200: 22,452: Total time for which application threads were stopped: 0,0000672 seconds, Stopping threads took: 0,0000167 seconds
2017-05-03T11:29:52.102+0200: 32,454: Total time for which application threads were stopped: 0,0003699 seconds, Stopping threads took: 0,0001060 seconds
2017-05-03T11:31:22.111+0200: 122,463: Total time for which application threads were stopped: 0,0000781 seconds, Stopping threads took: 0,0000333 seconds
{Heap before GC invocations=9 (full 1):
 par new generation   total 109248K, used 95739K [0x00000000e0000000, 0x00000000e8000000, 0x00000000e8000000)
  eden space 87424K, 100% used [0x00000000e0000000, 0x00000000e5560000, 0x00000000e5560000)
  from space 21824K,  38% used [0x00000000e6ab0000, 0x00000000e72cecd0, 0x00000000e8000000)
  to   space 21824K,   0% used [0x00000000e5560000, 0x00000000e5560000, 0x00000000e6ab0000)
 concurrent mark-sweep generation total 393216K, used 6046K [0x00000000e8000000, 0x0000000100000000, 0x0000000100000000)
 Metaspace       used 27978K, capacity 28540K, committed 28796K, reserved 1075200K
  class space    used 3209K, capacity 3383K, committed 3452K, reserved 1048576K
2017-05-03T11:32:15.791+0200: 176,143: [GC (Allocation Failure) 2017-05-03T11:32:15.791+0200: 176,143: [ParNew
Desired survivor size 20112992 bytes, new threshold 8 (max 8)
- age   1:   10773544 bytes,   10773544 total
- age   2:     176416 bytes,   10949960 total
- age   3:     274208 bytes,   11224168 total
- age   4:    1789720 bytes,   13013888 total
- age   5:      58080 bytes,   13071968 total
- age   7:      98984 bytes,   13170952 total
- age   8:     190960 bytes,   13361912 total
: 95739K->14723K(109248K), 0,0211787 secs] 101786K->21592K(502464K), 0,0212364 secs] [Times: user=0,05 sys=0,00, real=0,02 secs] 
Heap after GC invocations=10 (full 1):
 par new generation   total 109248K, used 14723K [0x00000000e0000000, 0x00000000e8000000, 0x00000000e8000000)
  eden space 87424K,   0% used [0x00000000e0000000, 0x00000000e0000000, 0x00000000e5560000)
  from space 21824K,  67% used [0x00000000e5560000, 0x00000000e63c0d78, 0x00000000e6ab0000)
  to   space 21824K,   0% used [0x00000000e6ab0000, 0x00000000e6ab0000, 0x00000000e8000000)
 concurrent mark-sweep generation total 393216K, used 6869K [0x00000000e8000000, 0x0000000100000000, 0x0000000100000000)
 Metaspace       used 27978K, capacity 28540K, committed 28796K, reserved 1075200K
  class space    used 3209K, capacity 3383K, committed 3452K, reserved 1048576K
}
2017-05-03T11:32:15.813+0200: 176,164: Total time for which application threads were stopped: 0,0214494 seconds, Stopping threads took: 0,0000734 seconds
2017-05-03T11:32:15.818+0200: 176,169: Total time for which application threads were stopped: 0,0002052 seconds, Stopping threads took: 0,0001473 seconds
2017-05-03T11:32:15.819+0200: 176,170: Total time for which application threads were stopped: 0,0004364 seconds, Stopping threads took: 0,0001804 seconds
2017-05-03T11:40:06.868+0200: 647,220: Total time for which application threads were stopped: 0,0001582 seconds, Stopping threads took: 0,0000983 seconds
2017-05-03T11:45:21.903+0200: 962,254: Total time for which application threads were stopped: 0,0001676 seconds, Stopping threads took: 0,0000644 seconds
2017-05-03T11:45:26.903+0200: 967,255: Total time for which application threads were stopped: 0,0000765 seconds, Stopping threads took: 0,0000162 seconds
2017-05-03T11:51:35.945+0200: 1336,296: Total time for which application threads were stopped: 0,0001584 seconds, Stopping threads took: 0,0000587 seconds
2017-05-03T11:52:50.953+0200: 1411,304: Total time for which application threads were stopped: 0,0000842 seconds, Stopping threads took: 0,0000310 seconds
2017-05-03T11:56:01.975+0200: 1602,326: Total time for which application threads were stopped: 0,0000743 seconds, Stopping threads took: 0,0000282 seconds
2017-05-03T11:56:25.978+0200: 1626,330: Total time for which application threads were stopped: 0,0003921 seconds, Stopping threads took: 0,0001005 seconds
2017-05-03T11:56:30.979+0200: 1631,331: Total time for which application threads were stopped: 0,0004829 seconds, Stopping threads took: 0,0001771 seconds
2017-05-03T11:56:35.980+0200: 1636,331: Total time for which application threads were stopped: 0,0000660 seconds, Stopping threads took: 0,0000149 seconds
2017-05-03T12:00:47.165+0200: 1887,516: Total time for which application threads were stopped: 0,0232515 seconds, Stopping threads took: 0,0231461 seconds
2017-05-03T12:00:47.166+0200: 1887,518: Total time for which application threads were stopped: 0,0010450 seconds, Stopping threads took: 0,0009589 seconds
2017-05-03T12:00:47.169+0200: 1887,521: Total time for which application threads were stopped: 0,0001054 seconds, Stopping threads took: 0,0000343 seconds
2017-05-03T12:00:47.170+0200: 1887,522: Total time for which application threads were stopped: 0,0001302 seconds, Stopping threads took: 0,0000328 seconds
2017-05-03T12:00:47.175+0200: 1887,526: Total time for which application threads were stopped: 0,0000953 seconds, Stopping threads took: 0,0000280 seconds
2017-05-03T12:00:47.175+0200: 1887,526: Total time for which application threads were stopped: 0,0000503 seconds, Stopping threads took: 0,0000138 seconds
2017-05-03T12:00:47.175+0200: 1887,526: Total time for which application threads were stopped: 0,0000526 seconds, Stopping threads took: 0,0000135 seconds
2017-05-03T12:00:47.175+0200: 1887,527: Total time for which application threads were stopped: 0,0000492 seconds, Stopping threads took: 0,0000130 seconds
2017-05-03T12:00:47.175+0200: 1887,527: Total time for which application threads were stopped: 0,0000463 seconds, Stopping threads took: 0,0000139 seconds
2017-05-03T12:00:47.175+0200: 1887,527: Total time for which application threads were stopped: 0,0000438 seconds, Stopping threads took: 0,0000119 seconds
2017-05-03T12:00:47.175+0200: 1887,527: Total time for which application threads were stopped: 0,0000461 seconds, Stopping threads took: 0,0000131 seconds
2017-05-03T12:00:47.176+0200: 1887,527: Total time for which application threads were stopped: 0,0000437 seconds, Stopping threads took: 0,0000124 seconds
2017-05-03T12:00:47.176+0200: 1887,527: Total time for which application threads were stopped: 0,0000441 seconds, Stopping threads took: 0,0000123 seconds
2017-05-03T12:00:47.176+0200: 1887,527: Total time for which application threads were stopped: 0,0000447 seconds, Stopping threads took: 0,0000130 seconds
2017-05-03T12:00:47.176+0200: 1887,527: Total time for which application threads were stopped: 0,0000486 seconds, Stopping threads took: 0,0000132 seconds
2017-05-03T12:00:47.176+0200: 1887,527: Total time for which application threads were stopped: 0,0000475 seconds, Stopping threads took: 0,0000157 seconds
2017-05-03T12:00:47.176+0200: 1887,527: Total time for which application threads were stopped: 0,0000436 seconds, Stopping threads took: 0,0000134 seconds
2017-05-03T12:00:47.176+0200: 1887,527: Total time for which application threads were stopped: 0,0000434 seconds, Stopping threads took: 0,0000126 seconds
2017-05-03T12:00:47.176+0200: 1887,528: Total time for which application threads were stopped: 0,0000462 seconds, Stopping threads took: 0,0000132 seconds
2017-05-03T12:00:47.176+0200: 1887,528: Total time for which application threads were stopped: 0,0000455 seconds, Stopping threads took: 0,0000121 seconds
2017-05-03T12:00:47.176+0200: 1887,528: Total time for which application threads were stopped: 0,0000477 seconds, Stopping threads took: 0,0000149 seconds
2017-05-03T12:00:47.176+0200: 1887,528: Total time for which application threads were stopped: 0,0000457 seconds, Stopping threads took: 0,0000122 seconds
2017-05-03T12:00:47.177+0200: 1887,528: Total time for which application threads were stopped: 0,0000455 seconds, Stopping threads took: 0,0000145 seconds
2017-05-03T12:00:47.178+0200: 1887,529: Total time for which application threads were stopped: 0,0001168 seconds, Stopping threads took: 0,0000480 seconds
2017-05-03T12:00:47.184+0200: 1887,535: Total time for which application threads were stopped: 0,0001392 seconds, Stopping threads took: 0,0000658 seconds
2017-05-03T12:00:47.194+0200: 1887,545: Total time for which application threads were stopped: 0,0000806 seconds, Stopping threads took: 0,0000225 seconds
2017-05-03T12:00:47.194+0200: 1887,545: Total time for which application threads were stopped: 0,0000460 seconds, Stopping threads took: 0,0000134 seconds
2017-05-03T12:00:47.194+0200: 1887,545: Total time for which application threads were stopped: 0,0000448 seconds, Stopping threads took: 0,0000126 seconds
2017-05-03T12:00:47.194+0200: 1887,545: Total time for which application threads were stopped: 0,0000435 seconds, Stopping threads took: 0,0000122 seconds
2017-05-03T12:00:47.194+0200: 1887,545: Total time for which application threads were stopped: 0,0000412 seconds, Stopping threads took: 0,0000112 seconds
2017-05-03T12:00:47.194+0200: 1887,546: Total time for which application threads were stopped: 0,0000440 seconds, Stopping threads took: 0,0000123 seconds
2017-05-03T12:00:47.194+0200: 1887,546: Total time for which application threads were stopped: 0,0000417 seconds, Stopping threads took: 0,0000124 seconds
2017-05-03T12:00:47.194+0200: 1887,546: Total time for which application threads were stopped: 0,0000432 seconds, Stopping threads took: 0,0000123 seconds
2017-05-03T12:00:47.194+0200: 1887,546: Total time for which application threads were stopped: 0,0000439 seconds, Stopping threads took: 0,0000126 seconds
2017-05-03T12:00:47.198+0200: 1887,549: Total time for which application threads were stopped: 0,0022561 seconds, Stopping threads took: 0,0021787 seconds
2017-05-03T12:00:47.202+0200: 1887,554: Total time for which application threads were stopped: 0,0000991 seconds, Stopping threads took: 0,0000271 seconds
2017-05-03T12:00:47.202+0200: 1887,554: Total time for which application threads were stopped: 0,0000619 seconds, Stopping threads took: 0,0000156 seconds
2017-05-03T12:00:47.203+0200: 1887,554: Total time for which application threads were stopped: 0,0000686 seconds, Stopping threads took: 0,0000187 seconds
2017-05-03T12:00:47.203+0200: 1887,554: Total time for which application threads were stopped: 0,0000485 seconds, Stopping threads took: 0,0000132 seconds
2017-05-03T12:00:47.206+0200: 1887,558: Total time for which application threads were stopped: 0,0000956 seconds, Stopping threads took: 0,0000330 seconds
2017-05-03T12:00:47.206+0200: 1887,558: Total time for which application threads were stopped: 0,0000563 seconds, Stopping threads took: 0,0000186 seconds
2017-05-03T12:00:47.209+0200: 1887,560: Total time for which application threads were stopped: 0,0000808 seconds, Stopping threads took: 0,0000263 seconds
2017-05-03T12:00:47.209+0200: 1887,560: Total time for which application threads were stopped: 0,0000421 seconds, Stopping threads took: 0,0000118 seconds
2017-05-03T12:00:47.209+0200: 1887,560: Total time for which application threads were stopped: 0,0000396 seconds, Stopping threads took: 0,0000114 seconds
2017-05-03T12:00:47.209+0200: 1887,560: Total time for which application threads were stopped: 0,0000389 seconds, Stopping threads took: 0,0000112 seconds
2017-05-03T12:00:47.209+0200: 1887,561: Total time for which application threads were stopped: 0,0000455 seconds, Stopping threads took: 0,0000152 seconds
2017-05-03T12:00:47.209+0200: 1887,561: Total time for which application threads were stopped: 0,0000456 seconds, Stopping threads took: 0,0000149 seconds
2017-05-03T12:00:47.209+0200: 1887,561: Total time for which application threads were stopped: 0,0000433 seconds, Stopping threads took: 0,0000140 seconds
2017-05-03T12:00:47.210+0200: 1887,561: Total time for which application threads were stopped: 0,0000446 seconds, Stopping threads took: 0,0000135 seconds
2017-05-03T12:00:47.210+0200: 1887,561: Total time for which application threads were stopped: 0,0000332 seconds, Stopping threads took: 0,0000059 seconds
2017-05-03T12:00:47.210+0200: 1887,561: Total time for which application threads were stopped: 0,0000407 seconds, Stopping threads took: 0,0000132 seconds
2017-05-03T12:00:47.211+0200: 1887,562: Total time for which application threads were stopped: 0,0000825 seconds, Stopping threads took: 0,0000258 seconds
2017-05-03T12:00:47.216+0200: 1887,567: Total time for which application threads were stopped: 0,0001061 seconds, Stopping threads took: 0,0000303 seconds
2017-05-03T12:00:47.216+0200: 1887,567: Total time for which application threads were stopped: 0,0000394 seconds, Stopping threads took: 0,0000059 seconds
2017-05-03T12:00:47.216+0200: 1887,567: Total time for which application threads were stopped: 0,0000404 seconds, Stopping threads took: 0,0000122 seconds
2017-05-03T12:00:47.216+0200: 1887,567: Total time for which application threads were stopped: 0,0000378 seconds, Stopping threads took: 0,0000117 seconds
2017-05-03T12:00:47.217+0200: 1887,568: Total time for which application threads were stopped: 0,0000974 seconds, Stopping threads took: 0,0000317 seconds
2017-05-03T12:00:47.217+0200: 1887,569: Total time for which application threads were stopped: 0,0000810 seconds, Stopping threads took: 0,0000244 seconds
2017-05-03T12:00:47.217+0200: 1887,569: Total time for which application threads were stopped: 0,0000453 seconds, Stopping threads took: 0,0000123 seconds
2017-05-03T12:00:47.217+0200: 1887,569: Total time for which application threads were stopped: 0,0001812 seconds, Stopping threads took: 0,0000129 seconds
2017-05-03T12:00:47.218+0200: 1887,570: Total time for which application threads were stopped: 0,0001137 seconds, Stopping threads took: 0,0000317 seconds
2017-05-03T12:00:47.220+0200: 1887,571: Total time for which application threads were stopped: 0,0000972 seconds, Stopping threads took: 0,0000349 seconds
2017-05-03T12:00:47.220+0200: 1887,571: Total time for which application threads were stopped: 0,0000521 seconds, Stopping threads took: 0,0000151 seconds
2017-05-03T12:00:47.221+0200: 1887,572: Total time for which application threads were stopped: 0,0001306 seconds, Stopping threads took: 0,0000328 seconds
2017-05-03T12:00:47.222+0200: 1887,573: Total time for which application threads were stopped: 0,0000807 seconds, Stopping threads took: 0,0000252 seconds
2017-05-03T12:00:47.222+0200: 1887,574: Total time for which application threads were stopped: 0,0000929 seconds, Stopping threads took: 0,0000149 seconds
2017-05-03T12:00:47.222+0200: 1887,574: Total time for which application threads were stopped: 0,0000450 seconds, Stopping threads took: 0,0000133 seconds
2017-05-03T12:00:47.223+0200: 1887,574: Total time for which application threads were stopped: 0,0000529 seconds, Stopping threads took: 0,0000161 seconds
2017-05-03T12:00:47.223+0200: 1887,575: Total time for which application threads were stopped: 0,0000698 seconds, Stopping threads took: 0,0000119 seconds
Heap
 par new generation   total 109248K, used 36709K [0x00000000e0000000, 0x00000000e8000000, 0x00000000e8000000)
  eden space 87424K,  25% used [0x00000000e0000000, 0x00000000e1578980, 0x00000000e5560000)
  from space 21824K,  67% used [0x00000000e5560000, 0x00000000e63c0d78, 0x00000000e6ab0000)
  to   space 21824K,   0% used [0x00000000e6ab0000, 0x00000000e6ab0000, 0x00000000e8000000)
 concurrent mark-sweep generation total 393216K, used 6869K [0x00000000e8000000, 0x0000000100000000, 0x0000000100000000)
 Metaspace       used 28093K, capacity 28580K, committed 28796K, reserved 1075200K
  class space    used 3223K, capacity 3417K, committed 3452K, reserved 1048576K
