OpenJDK 64-Bit Server VM (25.91-b14) for linux-amd64 JRE (1.8.0_91-8u91-b14-3ubuntu1~16.04.1-b14), built on Jul 21 2016 04:13:34 by "buildd" with gcc 5.3.1 20160413
Memory: 4k page, physical 7867896k(7526772k free), swap 8076284k(8076284k free)
CommandLine flags: -XX:CMSInitiatingOccupancyFraction=50 -XX:CMSMaxAbortablePrecleanTime=6000 -XX:+CMSParallelRemarkEnabled -XX:+CMSScavengeBeforeRemark -XX:ConcGCThreads=4 -XX:InitialHeapSize=536870912 -XX:MaxHeapSize=536870912 -XX:MaxTenuringThreshold=8 -XX:NewRatio=3 -XX:OldPLABSize=16 -XX:OnOutOfMemoryError=/opt/solr/bin/oom_solr.sh 8983 /var/solr/logs -XX:ParallelGCThreads=4 -XX:+ParallelRefProcEnabled -XX:PretenureSizeThreshold=67108864 -XX:+PrintGC -XX:+PrintGCApplicationStoppedTime -XX:+PrintGCDateStamps -XX:+PrintGCDetails -XX:+PrintGCTimeStamps -XX:+PrintHeapAtGC -XX:+PrintTenuringDistribution -XX:SurvivorRatio=4 -XX:TargetSurvivorRatio=90 -XX:ThreadStackSize=256 -XX:+UseCMSInitiatingOccupancyOnly -XX:+UseCompressedClassPointers -XX:+UseCompressedOops -XX:+UseConcMarkSweepGC -XX:+UseParNewGC 
2016-10-21T23:19:43.768+0200: 0,157: Total time for which application threads were stopped: 0,0000938 seconds, Stopping threads took: 0,0000198 seconds
2016-10-21T23:19:43.842+0200: 0,230: Total time for which application threads were stopped: 0,0001264 seconds, Stopping threads took: 0,0000163 seconds
2016-10-21T23:19:43.864+0200: 0,252: Total time for which application threads were stopped: 0,0000798 seconds, Stopping threads took: 0,0000143 seconds
2016-10-21T23:19:44.062+0200: 0,451: Total time for which application threads were stopped: 0,0001194 seconds, Stopping threads took: 0,0000128 seconds
2016-10-21T23:19:44.562+0200: 0,950: Total time for which application threads were stopped: 0,0001675 seconds, Stopping threads took: 0,0000134 seconds
2016-10-21T23:19:44.610+0200: 0,998: Total time for which application threads were stopped: 0,0001789 seconds, Stopping threads took: 0,0000286 seconds
2016-10-21T23:19:44.622+0200: 1,010: Total time for which application threads were stopped: 0,0001463 seconds, Stopping threads took: 0,0000261 seconds
2016-10-21T23:19:44.879+0200: 1,267: Total time for which application threads were stopped: 0,0001848 seconds, Stopping threads took: 0,0000223 seconds
2016-10-21T23:19:45.150+0200: 1,538: Total time for which application threads were stopped: 0,0002016 seconds, Stopping threads took: 0,0000124 seconds
2016-10-21T23:19:45.252+0200: 1,641: Total time for which application threads were stopped: 0,0001936 seconds, Stopping threads took: 0,0000138 seconds
2016-10-21T23:19:45.255+0200: 1,643: Total time for which application threads were stopped: 0,0012670 seconds, Stopping threads took: 0,0001324 seconds
2016-10-21T23:19:45.273+0200: 1,661: Total time for which application threads were stopped: 0,0009718 seconds, Stopping threads took: 0,0000876 seconds
2016-10-21T23:19:45.367+0200: 1,756: Total time for which application threads were stopped: 0,0002541 seconds, Stopping threads took: 0,0000197 seconds
2016-10-21T23:19:45.500+0200: 1,888: Total time for which application threads were stopped: 0,0003569 seconds, Stopping threads took: 0,0001561 seconds
{Heap before GC invocations=0 (full 0):
 par new generation   total 109248K, used 87424K [0x00000000e0000000, 0x00000000e8000000, 0x00000000e8000000)
  eden space 87424K, 100% used [0x00000000e0000000, 0x00000000e5560000, 0x00000000e5560000)
  from space 21824K,   0% used [0x00000000e5560000, 0x00000000e5560000, 0x00000000e6ab0000)
  to   space 21824K,   0% used [0x00000000e6ab0000, 0x00000000e6ab0000, 0x00000000e8000000)
 concurrent mark-sweep generation total 393216K, used 0K [0x00000000e8000000, 0x0000000100000000, 0x0000000100000000)
 Metaspace       used 18036K, capacity 18310K, committed 18560K, reserved 1064960K
  class space    used 2049K, capacity 2164K, committed 2176K, reserved 1048576K
2016-10-21T23:19:45.605+0200: 1,993: [GC (Allocation Failure) 2016-10-21T23:19:45.605+0200: 1,993: [ParNew
Desired survivor size 20112992 bytes, new threshold 8 (max 8)
- age   1:   11964672 bytes,   11964672 total
: 87424K->11795K(109248K), 0,0156949 secs] 87424K->11795K(502464K), 0,0157812 secs] [Times: user=0,03 sys=0,03, real=0,02 secs] 
Heap after GC invocations=1 (full 0):
 par new generation   total 109248K, used 11795K [0x00000000e0000000, 0x00000000e8000000, 0x00000000e8000000)
  eden space 87424K,   0% used [0x00000000e0000000, 0x00000000e0000000, 0x00000000e5560000)
  from space 21824K,  54% used [0x00000000e6ab0000, 0x00000000e7634d30, 0x00000000e8000000)
  to   space 21824K,   0% used [0x00000000e5560000, 0x00000000e5560000, 0x00000000e6ab0000)
 concurrent mark-sweep generation total 393216K, used 0K [0x00000000e8000000, 0x0000000100000000, 0x0000000100000000)
 Metaspace       used 18036K, capacity 18310K, committed 18560K, reserved 1064960K
  class space    used 2049K, capacity 2164K, committed 2176K, reserved 1048576K
}
2016-10-21T23:19:45.620+0200: 2,009: Total time for which application threads were stopped: 0,0159720 seconds, Stopping threads took: 0,0000231 seconds
2016-10-21T23:19:45.796+0200: 2,184: Total time for which application threads were stopped: 0,0004199 seconds, Stopping threads took: 0,0000391 seconds
2016-10-21T23:19:45.826+0200: 2,215: Total time for which application threads were stopped: 0,0003590 seconds, Stopping threads took: 0,0000403 seconds
2016-10-21T23:19:45.855+0200: 2,243: Total time for which application threads were stopped: 0,0002771 seconds, Stopping threads took: 0,0000344 seconds
{Heap before GC invocations=1 (full 0):
 par new generation   total 109248K, used 99219K [0x00000000e0000000, 0x00000000e8000000, 0x00000000e8000000)
  eden space 87424K, 100% used [0x00000000e0000000, 0x00000000e5560000, 0x00000000e5560000)
  from space 21824K,  54% used [0x00000000e6ab0000, 0x00000000e7634d30, 0x00000000e8000000)
  to   space 21824K,   0% used [0x00000000e5560000, 0x00000000e5560000, 0x00000000e6ab0000)
 concurrent mark-sweep generation total 393216K, used 0K [0x00000000e8000000, 0x0000000100000000, 0x0000000100000000)
 Metaspace       used 20679K, capacity 21026K, committed 21248K, reserved 1069056K
  class space    used 2401K, capacity 2519K, committed 2560K, reserved 1048576K
2016-10-21T23:19:46.020+0200: 2,409: [GC (Allocation Failure) 2016-10-21T23:19:46.020+0200: 2,409: [ParNew
Desired survivor size 20112992 bytes, new threshold 8 (max 8)
- age   1:    3418072 bytes,    3418072 total
- age   2:    5955504 bytes,    9373576 total
: 99219K->14561K(109248K), 0,0166843 secs] 99219K->14561K(502464K), 0,0167576 secs] [Times: user=0,06 sys=0,00, real=0,01 secs] 
Heap after GC invocations=2 (full 0):
 par new generation   total 109248K, used 14561K [0x00000000e0000000, 0x00000000e8000000, 0x00000000e8000000)
  eden space 87424K,   0% used [0x00000000e0000000, 0x00000000e0000000, 0x00000000e5560000)
  from space 21824K,  66% used [0x00000000e5560000, 0x00000000e6398600, 0x00000000e6ab0000)
  to   space 21824K,   0% used [0x00000000e6ab0000, 0x00000000e6ab0000, 0x00000000e8000000)
 concurrent mark-sweep generation total 393216K, used 0K [0x00000000e8000000, 0x0000000100000000, 0x0000000100000000)
 Metaspace       used 20679K, capacity 21026K, committed 21248K, reserved 1069056K
  class space    used 2401K, capacity 2519K, committed 2560K, reserved 1048576K
}
2016-10-21T23:19:46.037+0200: 2,425: Total time for which application threads were stopped: 0,0169934 seconds, Stopping threads took: 0,0000388 seconds
2016-10-21T23:19:46.094+0200: 2,483: Total time for which application threads were stopped: 0,0000949 seconds, Stopping threads took: 0,0000231 seconds
2016-10-21T23:19:46.126+0200: 2,514: Total time for which application threads were stopped: 0,0002715 seconds, Stopping threads took: 0,0000169 seconds
2016-10-21T23:19:46.131+0200: 2,519: Total time for which application threads were stopped: 0,0000723 seconds, Stopping threads took: 0,0000171 seconds
2016-10-21T23:19:46.171+0200: 2,559: Total time for which application threads were stopped: 0,0000972 seconds, Stopping threads took: 0,0000280 seconds
2016-10-21T23:19:46.202+0200: 2,590: Total time for which application threads were stopped: 0,0000848 seconds, Stopping threads took: 0,0000215 seconds
2016-10-21T23:19:46.219+0200: 2,607: Total time for which application threads were stopped: 0,0001120 seconds, Stopping threads took: 0,0000214 seconds
2016-10-21T23:19:46.226+0200: 2,614: Total time for which application threads were stopped: 0,0003954 seconds, Stopping threads took: 0,0000178 seconds
2016-10-21T23:19:46.251+0200: 2,639: Total time for which application threads were stopped: 0,0000793 seconds, Stopping threads took: 0,0000167 seconds
2016-10-21T23:19:46.276+0200: 2,664: Total time for which application threads were stopped: 0,0001042 seconds, Stopping threads took: 0,0000162 seconds
2016-10-21T23:19:46.293+0200: 2,681: Total time for which application threads were stopped: 0,0000857 seconds, Stopping threads took: 0,0000174 seconds
2016-10-21T23:19:46.305+0200: 2,693: Total time for which application threads were stopped: 0,0000657 seconds, Stopping threads took: 0,0000128 seconds
2016-10-21T23:19:46.335+0200: 2,724: Total time for which application threads were stopped: 0,0000803 seconds, Stopping threads took: 0,0000174 seconds
2016-10-21T23:19:46.360+0200: 2,748: Total time for which application threads were stopped: 0,0001023 seconds, Stopping threads took: 0,0000311 seconds
2016-10-21T23:19:46.406+0200: 2,795: Total time for which application threads were stopped: 0,0001082 seconds, Stopping threads took: 0,0000264 seconds
2016-10-21T23:19:46.424+0200: 2,812: Total time for which application threads were stopped: 0,0003793 seconds, Stopping threads took: 0,0000521 seconds
2016-10-21T23:19:46.444+0200: 2,832: Total time for which application threads were stopped: 0,0000999 seconds, Stopping threads took: 0,0000240 seconds
2016-10-21T23:19:46.475+0200: 2,863: Total time for which application threads were stopped: 0,0000991 seconds, Stopping threads took: 0,0000248 seconds
2016-10-21T23:19:46.509+0200: 2,897: Total time for which application threads were stopped: 0,0000880 seconds, Stopping threads took: 0,0000193 seconds
2016-10-21T23:19:46.541+0200: 2,930: Total time for which application threads were stopped: 0,0001119 seconds, Stopping threads took: 0,0000248 seconds
2016-10-21T23:19:46.570+0200: 2,958: Total time for which application threads were stopped: 0,0001137 seconds, Stopping threads took: 0,0000269 seconds
{Heap before GC invocations=2 (full 0):
 par new generation   total 109248K, used 101985K [0x00000000e0000000, 0x00000000e8000000, 0x00000000e8000000)
  eden space 87424K, 100% used [0x00000000e0000000, 0x00000000e5560000, 0x00000000e5560000)
  from space 21824K,  66% used [0x00000000e5560000, 0x00000000e6398600, 0x00000000e6ab0000)
  to   space 21824K,   0% used [0x00000000e6ab0000, 0x00000000e6ab0000, 0x00000000e8000000)
 concurrent mark-sweep generation total 393216K, used 0K [0x00000000e8000000, 0x0000000100000000, 0x0000000100000000)
 Metaspace       used 26339K, capacity 26750K, committed 26940K, reserved 1073152K
  class space    used 3065K, capacity 3189K, committed 3244K, reserved 1048576K
2016-10-21T23:19:46.586+0200: 2,974: [GC (Allocation Failure) 2016-10-21T23:19:46.586+0200: 2,974: [ParNew
Desired survivor size 20112992 bytes, new threshold 8 (max 8)
- age   1:    8390144 bytes,    8390144 total
- age   2:     550016 bytes,    8940160 total
- age   3:    5947192 bytes,   14887352 total
: 101985K->17461K(109248K), 0,0165493 secs] 101985K->17461K(502464K), 0,0166011 secs] [Times: user=0,06 sys=0,00, real=0,02 secs] 
Heap after GC invocations=3 (full 0):
 par new generation   total 109248K, used 17461K [0x00000000e0000000, 0x00000000e8000000, 0x00000000e8000000)
  eden space 87424K,   0% used [0x00000000e0000000, 0x00000000e0000000, 0x00000000e5560000)
  from space 21824K,  80% used [0x00000000e6ab0000, 0x00000000e7bbd728, 0x00000000e8000000)
  to   space 21824K,   0% used [0x00000000e5560000, 0x00000000e5560000, 0x00000000e6ab0000)
 concurrent mark-sweep generation total 393216K, used 0K [0x00000000e8000000, 0x0000000100000000, 0x0000000100000000)
 Metaspace       used 26339K, capacity 26750K, committed 26940K, reserved 1073152K
  class space    used 3065K, capacity 3189K, committed 3244K, reserved 1048576K
}
2016-10-21T23:19:46.603+0200: 2,991: Total time for which application threads were stopped: 0,0167900 seconds, Stopping threads took: 0,0000402 seconds
2016-10-21T23:19:46.603+0200: 2,991: [GC (CMS Initial Mark) [1 CMS-initial-mark: 0K(393216K)] 17461K(502464K), 0,0064315 secs] [Times: user=0,02 sys=0,00, real=0,01 secs] 
2016-10-21T23:19:46.609+0200: 2,998: Total time for which application threads were stopped: 0,0065741 seconds, Stopping threads took: 0,0000418 seconds
2016-10-21T23:19:46.609+0200: 2,998: [CMS-concurrent-mark-start]
2016-10-21T23:19:46.610+0200: 2,998: [CMS-concurrent-mark: 0,000/0,000 secs] [Times: user=0,00 sys=0,00, real=0,00 secs] 
2016-10-21T23:19:46.610+0200: 2,998: [CMS-concurrent-preclean-start]
2016-10-21T23:19:46.611+0200: 2,999: [CMS-concurrent-preclean: 0,001/0,001 secs] [Times: user=0,01 sys=0,00, real=0,00 secs] 
2016-10-21T23:19:46.611+0200: 2,999: [GC (CMS Final Remark) [YG occupancy: 17685 K (109248 K)]{Heap before GC invocations=3 (full 1):
 par new generation   total 109248K, used 17685K [0x00000000e0000000, 0x00000000e8000000, 0x00000000e8000000)
  eden space 87424K,   0% used [0x00000000e0000000, 0x00000000e0037cd8, 0x00000000e5560000)
  from space 21824K,  80% used [0x00000000e6ab0000, 0x00000000e7bbd728, 0x00000000e8000000)
  to   space 21824K,   0% used [0x00000000e5560000, 0x00000000e5560000, 0x00000000e6ab0000)
 concurrent mark-sweep generation total 393216K, used 0K [0x00000000e8000000, 0x0000000100000000, 0x0000000100000000)
 Metaspace       used 26346K, capacity 26782K, committed 26940K, reserved 1073152K
  class space    used 3066K, capacity 3221K, committed 3244K, reserved 1048576K
2016-10-21T23:19:46.611+0200: 2,999: [GC (CMS Final Remark) 2016-10-21T23:19:46.611+0200: 2,999: [ParNew
Desired survivor size 20112992 bytes, new threshold 8 (max 8)
- age   1:       8112 bytes,       8112 total
- age   2:    8389560 bytes,    8397672 total
- age   3:     550016 bytes,    8947688 total
- age   4:    5947296 bytes,   14894984 total
: 17685K->20879K(109248K), 0,0154293 secs] 17685K->20879K(502464K), 0,0154701 secs] [Times: user=0,05 sys=0,00, real=0,01 secs] 
Heap after GC invocations=4 (full 1):
 par new generation   total 109248K, used 20879K [0x00000000e0000000, 0x00000000e8000000, 0x00000000e8000000)
  eden space 87424K,   0% used [0x00000000e0000000, 0x00000000e0000000, 0x00000000e5560000)
  from space 21824K,  95% used [0x00000000e5560000, 0x00000000e69c3d00, 0x00000000e6ab0000)
  to   space 21824K,   0% used [0x00000000e6ab0000, 0x00000000e6ab0000, 0x00000000e8000000)
 concurrent mark-sweep generation total 393216K, used 0K [0x00000000e8000000, 0x0000000100000000, 0x0000000100000000)
 Metaspace       used 26346K, capacity 26782K, committed 26940K, reserved 1073152K
  class space    used 3066K, capacity 3221K, committed 3244K, reserved 1048576K
}
2016-10-21T23:19:46.627+0200: 3,015: [Rescan (parallel) , 0,0044669 secs]2016-10-21T23:19:46.631+0200: 3,019: [weak refs processing, 0,0010781 secs]2016-10-21T23:19:46.632+0200: 3,021: [class unloading, 0,0031535 secs]2016-10-21T23:19:46.636+0200: 3,024: [scrub symbol table, 0,0034857 secs]2016-10-21T23:19:46.639+0200: 3,027: [scrub string table, 0,0003881 secs][1 CMS-remark: 0K(393216K)] 20879K(502464K), 0,0287137 secs] [Times: user=0,08 sys=0,00, real=0,03 secs] 
2016-10-21T23:19:46.640+0200: 3,028: Total time for which application threads were stopped: 0,0288385 seconds, Stopping threads took: 0,0000559 seconds
2016-10-21T23:19:46.640+0200: 3,028: [CMS-concurrent-sweep-start]
2016-10-21T23:19:46.640+0200: 3,028: [CMS-concurrent-sweep: 0,000/0,000 secs] [Times: user=0,00 sys=0,00, real=0,00 secs] 
2016-10-21T23:19:46.640+0200: 3,028: [CMS-concurrent-reset-start]
2016-10-21T23:19:46.641+0200: 3,029: [CMS-concurrent-reset: 0,001/0,001 secs] [Times: user=0,00 sys=0,00, real=0,00 secs] 
2016-10-21T23:19:47.640+0200: 4,028: Total time for which application threads were stopped: 0,0000723 seconds, Stopping threads took: 0,0000155 seconds
2016-10-21T23:19:47.668+0200: 4,056: Total time for which application threads were stopped: 0,0002326 seconds, Stopping threads took: 0,0000155 seconds
2016-10-21T23:20:15.671+0200: 32,059: Total time for which application threads were stopped: 0,0000839 seconds, Stopping threads took: 0,0000213 seconds
2016-10-21T23:20:44.675+0200: 61,063: Total time for which application threads were stopped: 0,0001122 seconds, Stopping threads took: 0,0000465 seconds
2016-10-21T23:20:49.676+0200: 66,064: Total time for which application threads were stopped: 0,0000639 seconds, Stopping threads took: 0,0000253 seconds
2016-10-21T23:20:54.677+0200: 71,065: Total time for which application threads were stopped: 0,0000587 seconds, Stopping threads took: 0,0000151 seconds
2016-10-21T23:21:04.678+0200: 81,066: Total time for which application threads were stopped: 0,0000670 seconds, Stopping threads took: 0,0000175 seconds
2016-10-21T23:21:34.681+0200: 111,070: Total time for which application threads were stopped: 0,0000729 seconds, Stopping threads took: 0,0000312 seconds
2016-10-21T23:22:25.687+0200: 162,075: Total time for which application threads were stopped: 0,0001715 seconds, Stopping threads took: 0,0000644 seconds
2016-10-21T23:22:30.687+0200: 167,075: Total time for which application threads were stopped: 0,0000628 seconds, Stopping threads took: 0,0000154 seconds
2016-10-21T23:23:40.695+0200: 237,083: Total time for which application threads were stopped: 0,0005525 seconds, Stopping threads took: 0,0001838 seconds
2016-10-21T23:24:30.701+0200: 287,089: Total time for which application threads were stopped: 0,0000836 seconds, Stopping threads took: 0,0000348 seconds
2016-10-21T23:43:29.815+0200: 1426,203: Total time for which application threads were stopped: 0,0000705 seconds, Stopping threads took: 0,0000280 seconds
2016-10-21T23:48:14.849+0200: 1711,237: Total time for which application threads were stopped: 0,0001053 seconds, Stopping threads took: 0,0000403 seconds
2016-10-21T23:58:25.929+0200: 2322,317: Total time for which application threads were stopped: 0,0001542 seconds, Stopping threads took: 0,0000622 seconds
2016-10-21T23:58:29.930+0200: 2326,318: Total time for which application threads were stopped: 0,0000675 seconds, Stopping threads took: 0,0000151 seconds
2016-10-22T00:07:46.000+0200: 2882,388: Total time for which application threads were stopped: 0,0001510 seconds, Stopping threads took: 0,0000588 seconds
2016-10-22T00:13:01.032+0200: 3197,420: Total time for which application threads were stopped: 0,0000797 seconds, Stopping threads took: 0,0000348 seconds
2016-10-22T00:25:30.115+0200: 3946,503: Total time for which application threads were stopped: 0,0000736 seconds, Stopping threads took: 0,0000311 seconds
2016-10-22T00:25:35.115+0200: 3951,504: Total time for which application threads were stopped: 0,0000689 seconds, Stopping threads took: 0,0000180 seconds
2016-10-22T00:26:45.124+0200: 4021,512: Total time for which application threads were stopped: 0,0001034 seconds, Stopping threads took: 0,0000396 seconds
2016-10-22T01:03:56.344+0200: 6252,732: Total time for which application threads were stopped: 0,0000803 seconds, Stopping threads took: 0,0000331 seconds
2016-10-22T01:04:21.346+0200: 6277,734: Total time for which application threads were stopped: 0,0000983 seconds, Stopping threads took: 0,0000420 seconds
2016-10-22T01:04:51.349+0200: 6307,737: Total time for which application threads were stopped: 0,0001526 seconds, Stopping threads took: 0,0000614 seconds
2016-10-22T01:24:45.469+0200: 7501,857: Total time for which application threads were stopped: 0,0000716 seconds, Stopping threads took: 0,0000289 seconds
2016-10-22T01:25:15.472+0200: 7531,860: Total time for which application threads were stopped: 0,0000834 seconds, Stopping threads took: 0,0000343 seconds
2016-10-22T01:27:45.488+0200: 7681,876: Total time for which application threads were stopped: 0,0001034 seconds, Stopping threads took: 0,0000340 seconds
2016-10-22T01:28:15.491+0200: 7711,879: Total time for which application threads were stopped: 0,0000898 seconds, Stopping threads took: 0,0000343 seconds
2016-10-22T02:02:43.312+0200: 9779,701: Total time for which application threads were stopped: 0,0001698 seconds, Stopping threads took: 0,0000244 seconds
Heap
 par new generation   total 109248K, used 53322K [0x00000000e0000000, 0x00000000e8000000, 0x00000000e8000000)
  eden space 87424K,  37% used [0x00000000e0000000, 0x00000000e1faecb8, 0x00000000e5560000)
  from space 21824K,  95% used [0x00000000e5560000, 0x00000000e69c3d00, 0x00000000e6ab0000)
  to   space 21824K,   0% used [0x00000000e6ab0000, 0x00000000e6ab0000, 0x00000000e8000000)
 concurrent mark-sweep generation total 393216K, used 0K [0x00000000e8000000, 0x0000000100000000, 0x0000000100000000)
 Metaspace       used 27045K, capacity 27498K, committed 27836K, reserved 1073152K
  class space    used 3155K, capacity 3287K, committed 3372K, reserved 1048576K
