OpenJDK 64-Bit Server VM (25.131-b11) for linux-amd64 JRE (1.8.0_131-8u131-b11-0ubuntu1.16.04.2-b11), built on May  6 2017 02:45:27 by "buildd" with gcc 5.4.0 20160609
Memory: 4k page, physical 7867740k(7467292k free), swap 8076284k(8076284k free)
CommandLine flags: -XX:CMSInitiatingOccupancyFraction=50 -XX:CMSMaxAbortablePrecleanTime=6000 -XX:+CMSParallelRemarkEnabled -XX:+CMSScavengeBeforeRemark -XX:ConcGCThreads=4 -XX:InitialHeapSize=536870912 -XX:MaxHeapSize=536870912 -XX:MaxTenuringThreshold=8 -XX:NewRatio=3 -XX:OldPLABSize=16 -XX:OnOutOfMemoryError=/opt/solr/bin/oom_solr.sh 8983 /var/solr/logs -XX:ParallelGCThreads=4 -XX:+ParallelRefProcEnabled -XX:PretenureSizeThreshold=67108864 -XX:+PrintGC -XX:+PrintGCApplicationStoppedTime -XX:+PrintGCDateStamps -XX:+PrintGCDetails -XX:+PrintGCTimeStamps -XX:+PrintHeapAtGC -XX:+PrintTenuringDistribution -XX:SurvivorRatio=4 -XX:TargetSurvivorRatio=90 -XX:ThreadStackSize=256 -XX:+UseCMSInitiatingOccupancyOnly -XX:+UseCompressedClassPointers -XX:+UseCompressedOops -XX:+UseConcMarkSweepGC -XX:+UseParNewGC 
2017-07-03T09:00:28.626+0200: 0,189: Total time for which application threads were stopped: 0,0000698 seconds, Stopping threads took: 0,0000092 seconds
2017-07-03T09:00:28.739+0200: 0,303: Total time for which application threads were stopped: 0,0001745 seconds, Stopping threads took: 0,0000156 seconds
2017-07-03T09:00:28.758+0200: 0,322: Total time for which application threads were stopped: 0,0000897 seconds, Stopping threads took: 0,0000159 seconds
2017-07-03T09:00:29.067+0200: 0,631: Total time for which application threads were stopped: 0,0001523 seconds, Stopping threads took: 0,0000189 seconds
2017-07-03T09:00:29.523+0200: 1,087: Total time for which application threads were stopped: 0,0001759 seconds, Stopping threads took: 0,0000270 seconds
2017-07-03T09:00:29.654+0200: 1,218: Total time for which application threads were stopped: 0,0001680 seconds, Stopping threads took: 0,0000269 seconds
2017-07-03T09:00:29.680+0200: 1,243: Total time for which application threads were stopped: 0,0002074 seconds, Stopping threads took: 0,0000393 seconds
2017-07-03T09:00:30.053+0200: 1,616: Total time for which application threads were stopped: 0,0001668 seconds, Stopping threads took: 0,0000223 seconds
2017-07-03T09:00:30.306+0200: 1,870: Total time for which application threads were stopped: 0,0002020 seconds, Stopping threads took: 0,0000235 seconds
2017-07-03T09:00:30.334+0200: 1,898: Total time for which application threads were stopped: 0,0003840 seconds, Stopping threads took: 0,0000844 seconds
2017-07-03T09:00:30.372+0200: 1,936: Total time for which application threads were stopped: 0,0002036 seconds, Stopping threads took: 0,0000180 seconds
2017-07-03T09:00:30.373+0200: 1,936: Total time for which application threads were stopped: 0,0001582 seconds, Stopping threads took: 0,0000124 seconds
2017-07-03T09:00:30.391+0200: 1,954: Total time for which application threads were stopped: 0,0001651 seconds, Stopping threads took: 0,0000151 seconds
2017-07-03T09:00:30.454+0200: 2,018: Total time for which application threads were stopped: 0,0002417 seconds, Stopping threads took: 0,0000198 seconds
2017-07-03T09:00:30.635+0200: 2,199: Total time for which application threads were stopped: 0,0002763 seconds, Stopping threads took: 0,0000554 seconds
{Heap before GC invocations=0 (full 0):
 par new generation   total 109248K, used 87424K [0x00000000e0000000, 0x00000000e8000000, 0x00000000e8000000)
  eden space 87424K, 100% used [0x00000000e0000000, 0x00000000e5560000, 0x00000000e5560000)
  from space 21824K,   0% used [0x00000000e5560000, 0x00000000e5560000, 0x00000000e6ab0000)
  to   space 21824K,   0% used [0x00000000e6ab0000, 0x00000000e6ab0000, 0x00000000e8000000)
 concurrent mark-sweep generation total 393216K, used 0K [0x00000000e8000000, 0x0000000100000000, 0x0000000100000000)
 Metaspace       used 18022K, capacity 18336K, committed 18688K, reserved 1064960K
  class space    used 2036K, capacity 2196K, committed 2304K, reserved 1048576K
2017-07-03T09:00:30.706+0200: 2,270: [GC (Allocation Failure) 2017-07-03T09:00:30.706+0200: 2,270: [ParNew
Desired survivor size 20112992 bytes, new threshold 8 (max 8)
- age   1:   12246504 bytes,   12246504 total
: 87424K->12062K(109248K), 0,0152127 secs] 87424K->12062K(502464K), 0,0152908 secs] [Times: user=0,04 sys=0,01, real=0,02 secs] 
Heap after GC invocations=1 (full 0):
 par new generation   total 109248K, used 12062K [0x00000000e0000000, 0x00000000e8000000, 0x00000000e8000000)
  eden space 87424K,   0% used [0x00000000e0000000, 0x00000000e0000000, 0x00000000e5560000)
  from space 21824K,  55% used [0x00000000e6ab0000, 0x00000000e76779d8, 0x00000000e8000000)
  to   space 21824K,   0% used [0x00000000e5560000, 0x00000000e5560000, 0x00000000e6ab0000)
 concurrent mark-sweep generation total 393216K, used 0K [0x00000000e8000000, 0x0000000100000000, 0x0000000100000000)
 Metaspace       used 18022K, capacity 18336K, committed 18688K, reserved 1064960K
  class space    used 2036K, capacity 2196K, committed 2304K, reserved 1048576K
}
2017-07-03T09:00:30.721+0200: 2,285: Total time for which application threads were stopped: 0,0155383 seconds, Stopping threads took: 0,0000728 seconds
2017-07-03T09:00:31.066+0200: 2,630: Total time for which application threads were stopped: 0,0003938 seconds, Stopping threads took: 0,0000774 seconds
2017-07-03T09:00:31.110+0200: 2,673: Total time for which application threads were stopped: 0,0008412 seconds, Stopping threads took: 0,0005422 seconds
{Heap before GC invocations=1 (full 0):
 par new generation   total 109248K, used 99486K [0x00000000e0000000, 0x00000000e8000000, 0x00000000e8000000)
  eden space 87424K, 100% used [0x00000000e0000000, 0x00000000e5560000, 0x00000000e5560000)
  from space 21824K,  55% used [0x00000000e6ab0000, 0x00000000e76779d8, 0x00000000e8000000)
  to   space 21824K,   0% used [0x00000000e5560000, 0x00000000e5560000, 0x00000000e6ab0000)
 concurrent mark-sweep generation total 393216K, used 0K [0x00000000e8000000, 0x0000000100000000, 0x0000000100000000)
 Metaspace       used 20066K, capacity 20430K, committed 20736K, reserved 1067008K
  class space    used 2298K, capacity 2471K, committed 2560K, reserved 1048576K
2017-07-03T09:00:31.110+0200: 2,674: [GC (Allocation Failure) 2017-07-03T09:00:31.110+0200: 2,674: [ParNew
Desired survivor size 20112992 bytes, new threshold 8 (max 8)
- age   1:    3850656 bytes,    3850656 total
- age   2:    6621632 bytes,   10472288 total
: 99486K->15601K(109248K), 0,0119506 secs] 99486K->15601K(502464K), 0,0120168 secs] [Times: user=0,04 sys=0,00, real=0,01 secs] 
Heap after GC invocations=2 (full 0):
 par new generation   total 109248K, used 15601K [0x00000000e0000000, 0x00000000e8000000, 0x00000000e8000000)
  eden space 87424K,   0% used [0x00000000e0000000, 0x00000000e0000000, 0x00000000e5560000)
  from space 21824K,  71% used [0x00000000e5560000, 0x00000000e649c780, 0x00000000e6ab0000)
  to   space 21824K,   0% used [0x00000000e6ab0000, 0x00000000e6ab0000, 0x00000000e8000000)
 concurrent mark-sweep generation total 393216K, used 0K [0x00000000e8000000, 0x0000000100000000, 0x0000000100000000)
 Metaspace       used 20066K, capacity 20430K, committed 20736K, reserved 1067008K
  class space    used 2298K, capacity 2471K, committed 2560K, reserved 1048576K
}
2017-07-03T09:00:31.122+0200: 2,686: Total time for which application threads were stopped: 0,0121891 seconds, Stopping threads took: 0,0000455 seconds
2017-07-03T09:00:31.189+0200: 2,752: Total time for which application threads were stopped: 0,0047136 seconds, Stopping threads took: 0,0043347 seconds
2017-07-03T09:00:31.299+0200: 2,863: Total time for which application threads were stopped: 0,0001790 seconds, Stopping threads took: 0,0000533 seconds
{Heap before GC invocations=2 (full 0):
 par new generation   total 109248K, used 103025K [0x00000000e0000000, 0x00000000e8000000, 0x00000000e8000000)
  eden space 87424K, 100% used [0x00000000e0000000, 0x00000000e5560000, 0x00000000e5560000)
  from space 21824K,  71% used [0x00000000e5560000, 0x00000000e649c780, 0x00000000e6ab0000)
  to   space 21824K,   0% used [0x00000000e6ab0000, 0x00000000e6ab0000, 0x00000000e8000000)
 concurrent mark-sweep generation total 393216K, used 0K [0x00000000e8000000, 0x0000000100000000, 0x0000000100000000)
 Metaspace       used 21000K, capacity 21352K, committed 21628K, reserved 1069056K
  class space    used 2419K, capacity 2590K, committed 2684K, reserved 1048576K
2017-07-03T09:00:31.340+0200: 2,904: [GC (Allocation Failure) 2017-07-03T09:00:31.340+0200: 2,904: [ParNew
Desired survivor size 20112992 bytes, new threshold 8 (max 8)
- age   1:    2083376 bytes,    2083376 total
- age   2:     889696 bytes,    2973072 total
- age   3:    6618112 bytes,    9591184 total
: 103025K->11267K(109248K), 0,0185448 secs] 103025K->11267K(502464K), 0,0186251 secs] [Times: user=0,07 sys=0,00, real=0,02 secs] 
Heap after GC invocations=3 (full 0):
 par new generation   total 109248K, used 11267K [0x00000000e0000000, 0x00000000e8000000, 0x00000000e8000000)
  eden space 87424K,   0% used [0x00000000e0000000, 0x00000000e0000000, 0x00000000e5560000)
  from space 21824K,  51% used [0x00000000e6ab0000, 0x00000000e75b0d60, 0x00000000e8000000)
  to   space 21824K,   0% used [0x00000000e5560000, 0x00000000e5560000, 0x00000000e6ab0000)
 concurrent mark-sweep generation total 393216K, used 0K [0x00000000e8000000, 0x0000000100000000, 0x0000000100000000)
 Metaspace       used 21000K, capacity 21352K, committed 21628K, reserved 1069056K
  class space    used 2419K, capacity 2590K, committed 2684K, reserved 1048576K
}
2017-07-03T09:00:31.359+0200: 2,923: Total time for which application threads were stopped: 0,0188495 seconds, Stopping threads took: 0,0000570 seconds
2017-07-03T09:00:31.359+0200: 2,923: [GC (CMS Initial Mark) [1 CMS-initial-mark: 0K(393216K)] 11283K(502464K), 0,0035180 secs] [Times: user=0,01 sys=0,00, real=0,00 secs] 
2017-07-03T09:00:31.363+0200: 2,926: Total time for which application threads were stopped: 0,0036598 seconds, Stopping threads took: 0,0000273 seconds
2017-07-03T09:00:31.363+0200: 2,926: [CMS-concurrent-mark-start]
2017-07-03T09:00:31.363+0200: 2,927: [CMS-concurrent-mark: 0,000/0,000 secs] [Times: user=0,00 sys=0,00, real=0,00 secs] 
2017-07-03T09:00:31.363+0200: 2,927: [CMS-concurrent-preclean-start]
2017-07-03T09:00:31.364+0200: 2,928: [CMS-concurrent-preclean: 0,001/0,001 secs] [Times: user=0,01 sys=0,00, real=0,00 secs] 
2017-07-03T09:00:31.365+0200: 2,928: [GC (CMS Final Remark) [YG occupancy: 11283 K (109248 K)]{Heap before GC invocations=3 (full 1):
 par new generation   total 109248K, used 11283K [0x00000000e0000000, 0x00000000e8000000, 0x00000000e8000000)
  eden space 87424K,   0% used [0x00000000e0000000, 0x00000000e0004010, 0x00000000e5560000)
  from space 21824K,  51% used [0x00000000e6ab0000, 0x00000000e75b0d60, 0x00000000e8000000)
  to   space 21824K,   0% used [0x00000000e5560000, 0x00000000e5560000, 0x00000000e6ab0000)
 concurrent mark-sweep generation total 393216K, used 0K [0x00000000e8000000, 0x0000000100000000, 0x0000000100000000)
 Metaspace       used 21000K, capacity 21352K, committed 21628K, reserved 1069056K
  class space    used 2419K, capacity 2590K, committed 2684K, reserved 1048576K
2017-07-03T09:00:31.365+0200: 2,928: [GC (CMS Final Remark) 2017-07-03T09:00:31.365+0200: 2,928: [ParNew
Desired survivor size 20112992 bytes, new threshold 8 (max 8)
- age   1:      16400 bytes,      16400 total
- age   2:    2083400 bytes,    2099800 total
- age   3:     889696 bytes,    2989496 total
- age   4:    6618136 bytes,    9607632 total
: 11283K->12227K(109248K), 0,0139159 secs] 11283K->12227K(502464K), 0,0139581 secs] [Times: user=0,05 sys=0,00, real=0,02 secs] 
Heap after GC invocations=4 (full 1):
 par new generation   total 109248K, used 12227K [0x00000000e0000000, 0x00000000e8000000, 0x00000000e8000000)
  eden space 87424K,   0% used [0x00000000e0000000, 0x00000000e0000000, 0x00000000e5560000)
  from space 21824K,  56% used [0x00000000e5560000, 0x00000000e6150cd0, 0x00000000e6ab0000)
  to   space 21824K,   0% used [0x00000000e6ab0000, 0x00000000e6ab0000, 0x00000000e8000000)
 concurrent mark-sweep generation total 393216K, used 0K [0x00000000e8000000, 0x0000000100000000, 0x0000000100000000)
 Metaspace       used 21000K, capacity 21352K, committed 21628K, reserved 1069056K
  class space    used 2419K, capacity 2590K, committed 2684K, reserved 1048576K
}
2017-07-03T09:00:31.379+0200: 2,942: [Rescan (parallel) , 0,0032314 secs]2017-07-03T09:00:31.382+0200: 2,946: [weak refs processing, 0,0009518 secs]2017-07-03T09:00:31.383+0200: 2,946: [class unloading, 0,0027254 secs]2017-07-03T09:00:31.386+0200: 2,949: [scrub symbol table, 0,0024905 secs]2017-07-03T09:00:31.388+0200: 2,952: [scrub string table, 0,0003997 secs][1 CMS-remark: 0K(393216K)] 12227K(502464K), 0,0243893 secs] [Times: user=0,07 sys=0,00, real=0,02 secs] 
2017-07-03T09:00:31.389+0200: 2,953: Total time for which application threads were stopped: 0,0245147 seconds, Stopping threads took: 0,0000237 seconds
2017-07-03T09:00:31.389+0200: 2,953: [CMS-concurrent-sweep-start]
2017-07-03T09:00:31.389+0200: 2,953: [CMS-concurrent-sweep: 0,000/0,000 secs] [Times: user=0,00 sys=0,00, real=0,00 secs] 
2017-07-03T09:00:31.389+0200: 2,953: [CMS-concurrent-reset-start]
2017-07-03T09:00:31.391+0200: 2,955: [CMS-concurrent-reset: 0,002/0,002 secs] [Times: user=0,01 sys=0,00, real=0,01 secs] 
{Heap before GC invocations=4 (full 1):
 par new generation   total 109248K, used 99651K [0x00000000e0000000, 0x00000000e8000000, 0x00000000e8000000)
  eden space 87424K, 100% used [0x00000000e0000000, 0x00000000e5560000, 0x00000000e5560000)
  from space 21824K,  56% used [0x00000000e5560000, 0x00000000e6150cd0, 0x00000000e6ab0000)
  to   space 21824K,   0% used [0x00000000e6ab0000, 0x00000000e6ab0000, 0x00000000e8000000)
 concurrent mark-sweep generation total 393216K, used 0K [0x00000000e8000000, 0x0000000100000000, 0x0000000100000000)
 Metaspace       used 21226K, capacity 21628K, committed 21884K, reserved 1069056K
  class space    used 2448K, capacity 2605K, committed 2684K, reserved 1048576K
2017-07-03T09:00:31.470+0200: 3,033: [GC (Allocation Failure) 2017-07-03T09:00:31.470+0200: 3,034: [ParNew
Desired survivor size 20112992 bytes, new threshold 8 (max 8)
- age   1:     707304 bytes,     707304 total
- age   3:    1457952 bytes,    2165256 total
- age   4:     858256 bytes,    3023512 total
- age   5:    6618032 bytes,    9641544 total
: 99651K->11112K(109248K), 0,0086908 secs] 99651K->11112K(502464K), 0,0087562 secs] [Times: user=0,03 sys=0,00, real=0,01 secs] 
Heap after GC invocations=5 (full 1):
 par new generation   total 109248K, used 11112K [0x00000000e0000000, 0x00000000e8000000, 0x00000000e8000000)
  eden space 87424K,   0% used [0x00000000e0000000, 0x00000000e0000000, 0x00000000e5560000)
  from space 21824K,  50% used [0x00000000e6ab0000, 0x00000000e758a1c0, 0x00000000e8000000)
  to   space 21824K,   0% used [0x00000000e5560000, 0x00000000e5560000, 0x00000000e6ab0000)
 concurrent mark-sweep generation total 393216K, used 0K [0x00000000e8000000, 0x0000000100000000, 0x0000000100000000)
 Metaspace       used 21226K, capacity 21628K, committed 21884K, reserved 1069056K
  class space    used 2448K, capacity 2605K, committed 2684K, reserved 1048576K
}
2017-07-03T09:00:31.479+0200: 3,042: Total time for which application threads were stopped: 0,0089751 seconds, Stopping threads took: 0,0000825 seconds
{Heap before GC invocations=5 (full 1):
 par new generation   total 109248K, used 98536K [0x00000000e0000000, 0x00000000e8000000, 0x00000000e8000000)
  eden space 87424K, 100% used [0x00000000e0000000, 0x00000000e5560000, 0x00000000e5560000)
  from space 21824K,  50% used [0x00000000e6ab0000, 0x00000000e758a1c0, 0x00000000e8000000)
  to   space 21824K,   0% used [0x00000000e5560000, 0x00000000e5560000, 0x00000000e6ab0000)
 concurrent mark-sweep generation total 393216K, used 0K [0x00000000e8000000, 0x0000000100000000, 0x0000000100000000)
 Metaspace       used 21390K, capacity 21800K, committed 21884K, reserved 1069056K
  class space    used 2468K, capacity 2639K, committed 2684K, reserved 1048576K
2017-07-03T09:00:31.567+0200: 3,131: [GC (Allocation Failure) 2017-07-03T09:00:31.567+0200: 3,131: [ParNew
Desired survivor size 20112992 bytes, new threshold 8 (max 8)
- age   1:     956856 bytes,     956856 total
- age   2:     186776 bytes,    1143632 total
- age   4:    1457464 bytes,    2601096 total
- age   5:     854400 bytes,    3455496 total
- age   6:    6618016 bytes,   10073512 total
: 98536K->14788K(109248K), 0,0130933 secs] 98536K->14788K(502464K), 0,0131655 secs] [Times: user=0,03 sys=0,00, real=0,02 secs] 
Heap after GC invocations=6 (full 1):
 par new generation   total 109248K, used 14788K [0x00000000e0000000, 0x00000000e8000000, 0x00000000e8000000)
  eden space 87424K,   0% used [0x00000000e0000000, 0x00000000e0000000, 0x00000000e5560000)
  from space 21824K,  67% used [0x00000000e5560000, 0x00000000e63d1308, 0x00000000e6ab0000)
  to   space 21824K,   0% used [0x00000000e6ab0000, 0x00000000e6ab0000, 0x00000000e8000000)
 concurrent mark-sweep generation total 393216K, used 0K [0x00000000e8000000, 0x0000000100000000, 0x0000000100000000)
 Metaspace       used 21390K, capacity 21800K, committed 21884K, reserved 1069056K
  class space    used 2468K, capacity 2639K, committed 2684K, reserved 1048576K
}
2017-07-03T09:00:31.580+0200: 3,144: Total time for which application threads were stopped: 0,0138136 seconds, Stopping threads took: 0,0004836 seconds
2017-07-03T09:00:31.614+0200: 3,177: Total time for which application threads were stopped: 0,0004391 seconds, Stopping threads took: 0,0000314 seconds
2017-07-03T09:00:31.869+0200: 3,433: Total time for which application threads were stopped: 0,0004296 seconds, Stopping threads took: 0,0000539 seconds
2017-07-03T09:00:31.885+0200: 3,448: Total time for which application threads were stopped: 0,0003804 seconds, Stopping threads took: 0,0000475 seconds
{Heap before GC invocations=6 (full 1):
 par new generation   total 109248K, used 102212K [0x00000000e0000000, 0x00000000e8000000, 0x00000000e8000000)
  eden space 87424K, 100% used [0x00000000e0000000, 0x00000000e5560000, 0x00000000e5560000)
  from space 21824K,  67% used [0x00000000e5560000, 0x00000000e63d1308, 0x00000000e6ab0000)
  to   space 21824K,   0% used [0x00000000e6ab0000, 0x00000000e6ab0000, 0x00000000e8000000)
 concurrent mark-sweep generation total 393216K, used 0K [0x00000000e8000000, 0x0000000100000000, 0x0000000100000000)
 Metaspace       used 23667K, capacity 24070K, committed 24316K, reserved 1071104K
  class space    used 2775K, capacity 2948K, committed 3068K, reserved 1048576K
2017-07-03T09:00:32.046+0200: 3,609: [GC (Allocation Failure) 2017-07-03T09:00:32.046+0200: 3,609: [ParNew
Desired survivor size 20112992 bytes, new threshold 8 (max 8)
- age   1:    4889624 bytes,    4889624 total
- age   2:     125280 bytes,    5014904 total
- age   3:     185352 bytes,    5200256 total
- age   5:     287680 bytes,    5487936 total
- age   6:     830064 bytes,    6318000 total
- age   7:    6609976 bytes,   12927976 total
: 102212K->16002K(109248K), 0,0169619 secs] 102212K->16002K(502464K), 0,0170383 secs] [Times: user=0,06 sys=0,00, real=0,02 secs] 
Heap after GC invocations=7 (full 1):
 par new generation   total 109248K, used 16002K [0x00000000e0000000, 0x00000000e8000000, 0x00000000e8000000)
  eden space 87424K,   0% used [0x00000000e0000000, 0x00000000e0000000, 0x00000000e5560000)
  from space 21824K,  73% used [0x00000000e6ab0000, 0x00000000e7a50800, 0x00000000e8000000)
  to   space 21824K,   0% used [0x00000000e5560000, 0x00000000e5560000, 0x00000000e6ab0000)
 concurrent mark-sweep generation total 393216K, used 0K [0x00000000e8000000, 0x0000000100000000, 0x0000000100000000)
 Metaspace       used 23667K, capacity 24070K, committed 24316K, reserved 1071104K
  class space    used 2775K, capacity 2948K, committed 3068K, reserved 1048576K
}
2017-07-03T09:00:32.063+0200: 3,627: Total time for which application threads were stopped: 0,0192337 seconds, Stopping threads took: 0,0019548 seconds
{Heap before GC invocations=7 (full 1):
 par new generation   total 109248K, used 103426K [0x00000000e0000000, 0x00000000e8000000, 0x00000000e8000000)
  eden space 87424K, 100% used [0x00000000e0000000, 0x00000000e5560000, 0x00000000e5560000)
  from space 21824K,  73% used [0x00000000e6ab0000, 0x00000000e7a50800, 0x00000000e8000000)
  to   space 21824K,   0% used [0x00000000e5560000, 0x00000000e5560000, 0x00000000e6ab0000)
 concurrent mark-sweep generation total 393216K, used 0K [0x00000000e8000000, 0x0000000100000000, 0x0000000100000000)
 Metaspace       used 23979K, capacity 24460K, committed 24572K, reserved 1071104K
  class space    used 2831K, capacity 3013K, committed 3068K, reserved 1048576K
2017-07-03T09:00:32.142+0200: 3,705: [GC (Allocation Failure) 2017-07-03T09:00:32.142+0200: 3,705: [ParNew
Desired survivor size 20112992 bytes, new threshold 8 (max 8)
- age   1:    1492720 bytes,    1492720 total
- age   2:    1740360 bytes,    3233080 total
- age   3:      59200 bytes,    3292280 total
- age   4:      99536 bytes,    3391816 total
- age   6:     184224 bytes,    3576040 total
- age   7:     786336 bytes,    4362376 total
- age   8:    6085728 bytes,   10448104 total
: 103426K->18570K(109248K), 0,0199841 secs] 103426K->18570K(502464K), 0,0200707 secs] [Times: user=0,08 sys=0,00, real=0,02 secs] 
Heap after GC invocations=8 (full 1):
 par new generation   total 109248K, used 18570K [0x00000000e0000000, 0x00000000e8000000, 0x00000000e8000000)
  eden space 87424K,   0% used [0x00000000e0000000, 0x00000000e0000000, 0x00000000e5560000)
  from space 21824K,  85% used [0x00000000e5560000, 0x00000000e6782960, 0x00000000e6ab0000)
  to   space 21824K,   0% used [0x00000000e6ab0000, 0x00000000e6ab0000, 0x00000000e8000000)
 concurrent mark-sweep generation total 393216K, used 0K [0x00000000e8000000, 0x0000000100000000, 0x0000000100000000)
 Metaspace       used 23979K, capacity 24460K, committed 24572K, reserved 1071104K
  class space    used 2831K, capacity 3013K, committed 3068K, reserved 1048576K
}
2017-07-03T09:00:32.162+0200: 3,726: Total time for which application threads were stopped: 0,0232488 seconds, Stopping threads took: 0,0029766 seconds
{Heap before GC invocations=8 (full 1):
 par new generation   total 109248K, used 105994K [0x00000000e0000000, 0x00000000e8000000, 0x00000000e8000000)
  eden space 87424K, 100% used [0x00000000e0000000, 0x00000000e5560000, 0x00000000e5560000)
  from space 21824K,  85% used [0x00000000e5560000, 0x00000000e6782960, 0x00000000e6ab0000)
  to   space 21824K,   0% used [0x00000000e6ab0000, 0x00000000e6ab0000, 0x00000000e8000000)
 concurrent mark-sweep generation total 393216K, used 0K [0x00000000e8000000, 0x0000000100000000, 0x0000000100000000)
 Metaspace       used 24957K, capacity 25446K, committed 25724K, reserved 1071104K
  class space    used 2907K, capacity 3082K, committed 3196K, reserved 1048576K
2017-07-03T09:00:32.298+0200: 3,861: [GC (Allocation Failure) 2017-07-03T09:00:32.298+0200: 3,861: [ParNew
Desired survivor size 20112992 bytes, new threshold 8 (max 8)
- age   1:    1726824 bytes,    1726824 total
- age   2:     603880 bytes,    2330704 total
- age   3:    1717144 bytes,    4047848 total
- age   4:      59168 bytes,    4107016 total
- age   5:      96792 bytes,    4203808 total
- age   7:     180896 bytes,    4384704 total
- age   8:     784800 bytes,    5169504 total
: 105994K->6849K(109248K), 0,0314494 secs] 105994K->12874K(502464K), 0,0315205 secs] [Times: user=0,09 sys=0,00, real=0,02 secs] 
Heap after GC invocations=9 (full 1):
 par new generation   total 109248K, used 6849K [0x00000000e0000000, 0x00000000e8000000, 0x00000000e8000000)
  eden space 87424K,   0% used [0x00000000e0000000, 0x00000000e0000000, 0x00000000e5560000)
  from space 21824K,  31% used [0x00000000e6ab0000, 0x00000000e7160400, 0x00000000e8000000)
  to   space 21824K,   0% used [0x00000000e5560000, 0x00000000e5560000, 0x00000000e6ab0000)
 concurrent mark-sweep generation total 393216K, used 6025K [0x00000000e8000000, 0x0000000100000000, 0x0000000100000000)
 Metaspace       used 24957K, capacity 25446K, committed 25724K, reserved 1071104K
  class space    used 2907K, capacity 3082K, committed 3196K, reserved 1048576K
}
2017-07-03T09:00:32.329+0200: 3,893: Total time for which application threads were stopped: 0,0317524 seconds, Stopping threads took: 0,0000371 seconds
2017-07-03T09:00:32.497+0200: 4,060: Total time for which application threads were stopped: 0,0003468 seconds, Stopping threads took: 0,0000564 seconds
2017-07-03T09:00:32.503+0200: 4,067: Total time for which application threads were stopped: 0,0001352 seconds, Stopping threads took: 0,0000465 seconds
2017-07-03T09:00:32.507+0200: 4,071: Total time for which application threads were stopped: 0,0001282 seconds, Stopping threads took: 0,0000352 seconds
2017-07-03T09:00:32.518+0200: 4,081: Total time for which application threads were stopped: 0,0001248 seconds, Stopping threads took: 0,0000286 seconds
2017-07-03T09:00:32.518+0200: 4,082: Total time for which application threads were stopped: 0,0001126 seconds, Stopping threads took: 0,0000379 seconds
2017-07-03T09:00:32.522+0200: 4,086: Total time for which application threads were stopped: 0,0005594 seconds, Stopping threads took: 0,0004989 seconds
2017-07-03T09:00:32.523+0200: 4,087: Total time for which application threads were stopped: 0,0001343 seconds, Stopping threads took: 0,0000416 seconds
2017-07-03T09:00:32.526+0200: 4,090: Total time for which application threads were stopped: 0,0002766 seconds, Stopping threads took: 0,0001846 seconds
2017-07-03T09:00:32.533+0200: 4,097: Total time for which application threads were stopped: 0,0046675 seconds, Stopping threads took: 0,0045887 seconds
2017-07-03T09:00:32.534+0200: 4,098: Total time for which application threads were stopped: 0,0001431 seconds, Stopping threads took: 0,0000409 seconds
2017-07-03T09:00:32.537+0200: 4,101: Total time for which application threads were stopped: 0,0001315 seconds, Stopping threads took: 0,0000330 seconds
2017-07-03T09:00:32.537+0200: 4,101: Total time for which application threads were stopped: 0,0000969 seconds, Stopping threads took: 0,0000392 seconds
2017-07-03T09:00:32.538+0200: 4,102: Total time for which application threads were stopped: 0,0000859 seconds, Stopping threads took: 0,0000293 seconds
2017-07-03T09:00:32.542+0200: 4,105: Total time for which application threads were stopped: 0,0011744 seconds, Stopping threads took: 0,0011162 seconds
2017-07-03T09:00:32.570+0200: 4,134: Total time for which application threads were stopped: 0,0002179 seconds, Stopping threads took: 0,0001007 seconds
2017-07-03T09:00:32.571+0200: 4,135: Total time for which application threads were stopped: 0,0000532 seconds, Stopping threads took: 0,0000110 seconds
2017-07-03T09:00:32.572+0200: 4,135: Total time for which application threads were stopped: 0,0000544 seconds, Stopping threads took: 0,0000129 seconds
2017-07-03T09:00:32.573+0200: 4,137: Total time for which application threads were stopped: 0,0001228 seconds, Stopping threads took: 0,0000347 seconds
2017-07-03T09:00:32.586+0200: 4,150: Total time for which application threads were stopped: 0,0004261 seconds, Stopping threads took: 0,0000460 seconds
2017-07-03T09:00:32.590+0200: 4,153: Total time for which application threads were stopped: 0,0015166 seconds, Stopping threads took: 0,0014446 seconds
2017-07-03T09:00:32.591+0200: 4,155: Total time for which application threads were stopped: 0,0001648 seconds, Stopping threads took: 0,0000894 seconds
2017-07-03T09:00:32.598+0200: 4,162: Total time for which application threads were stopped: 0,0001137 seconds, Stopping threads took: 0,0000365 seconds
2017-07-03T09:00:32.603+0200: 4,166: Total time for which application threads were stopped: 0,0015526 seconds, Stopping threads took: 0,0014845 seconds
2017-07-03T09:00:32.603+0200: 4,167: Total time for which application threads were stopped: 0,0003542 seconds, Stopping threads took: 0,0000115 seconds
2017-07-03T09:00:32.605+0200: 4,169: Total time for which application threads were stopped: 0,0002320 seconds, Stopping threads took: 0,0000358 seconds
2017-07-03T09:00:32.608+0200: 4,172: Total time for which application threads were stopped: 0,0001472 seconds, Stopping threads took: 0,0000690 seconds
2017-07-03T09:00:32.609+0200: 4,173: Total time for which application threads were stopped: 0,0000521 seconds, Stopping threads took: 0,0000101 seconds
2017-07-03T09:00:32.611+0200: 4,175: Total time for which application threads were stopped: 0,0000654 seconds, Stopping threads took: 0,0000128 seconds
2017-07-03T09:00:32.612+0200: 4,176: Total time for which application threads were stopped: 0,0000842 seconds, Stopping threads took: 0,0000159 seconds
2017-07-03T09:00:32.615+0200: 4,179: Total time for which application threads were stopped: 0,0001356 seconds, Stopping threads took: 0,0000328 seconds
2017-07-03T09:00:32.654+0200: 4,218: Total time for which application threads were stopped: 0,0001208 seconds, Stopping threads took: 0,0000299 seconds
2017-07-03T09:00:32.655+0200: 4,219: Total time for which application threads were stopped: 0,0003567 seconds, Stopping threads took: 0,0000165 seconds
2017-07-03T09:00:32.656+0200: 4,219: Total time for which application threads were stopped: 0,0000829 seconds, Stopping threads took: 0,0000274 seconds
2017-07-03T09:00:32.658+0200: 4,221: Total time for which application threads were stopped: 0,0013962 seconds, Stopping threads took: 0,0013374 seconds
2017-07-03T09:00:32.658+0200: 4,222: Total time for which application threads were stopped: 0,0000986 seconds, Stopping threads took: 0,0000372 seconds
2017-07-03T09:00:32.658+0200: 4,222: Total time for which application threads were stopped: 0,0000769 seconds, Stopping threads took: 0,0000230 seconds
2017-07-03T09:00:32.658+0200: 4,222: Total time for which application threads were stopped: 0,0000528 seconds, Stopping threads took: 0,0000098 seconds
2017-07-03T09:00:32.659+0200: 4,223: Total time for which application threads were stopped: 0,0001206 seconds, Stopping threads took: 0,0000613 seconds
2017-07-03T09:00:32.674+0200: 4,237: Total time for which application threads were stopped: 0,0001091 seconds, Stopping threads took: 0,0000369 seconds
2017-07-03T09:00:32.674+0200: 4,238: Total time for which application threads were stopped: 0,0000936 seconds, Stopping threads took: 0,0000295 seconds
2017-07-03T09:00:32.675+0200: 4,239: Total time for which application threads were stopped: 0,0000777 seconds, Stopping threads took: 0,0000242 seconds
2017-07-03T09:00:32.675+0200: 4,239: Total time for which application threads were stopped: 0,0000868 seconds, Stopping threads took: 0,0000263 seconds
2017-07-03T09:00:32.677+0200: 4,240: Total time for which application threads were stopped: 0,0001103 seconds, Stopping threads took: 0,0000358 seconds
2017-07-03T09:00:32.677+0200: 4,241: Total time for which application threads were stopped: 0,0000850 seconds, Stopping threads took: 0,0000272 seconds
2017-07-03T09:00:32.677+0200: 4,241: Total time for which application threads were stopped: 0,0000613 seconds, Stopping threads took: 0,0000201 seconds
2017-07-03T09:00:32.677+0200: 4,241: Total time for which application threads were stopped: 0,0000569 seconds, Stopping threads took: 0,0000214 seconds
2017-07-03T09:00:32.677+0200: 4,241: Total time for which application threads were stopped: 0,0000547 seconds, Stopping threads took: 0,0000161 seconds
2017-07-03T09:00:32.678+0200: 4,241: Total time for which application threads were stopped: 0,0000727 seconds, Stopping threads took: 0,0000197 seconds
2017-07-03T09:00:32.678+0200: 4,241: Total time for which application threads were stopped: 0,0001477 seconds, Stopping threads took: 0,0000193 seconds
2017-07-03T09:00:32.684+0200: 4,247: Total time for which application threads were stopped: 0,0001108 seconds, Stopping threads took: 0,0000373 seconds
2017-07-03T09:00:32.686+0200: 4,250: Total time for which application threads were stopped: 0,0001167 seconds, Stopping threads took: 0,0000471 seconds
2017-07-03T09:00:32.698+0200: 4,261: Total time for which application threads were stopped: 0,0034212 seconds, Stopping threads took: 0,0033359 seconds
2017-07-03T09:00:32.706+0200: 4,270: Total time for which application threads were stopped: 0,0001257 seconds, Stopping threads took: 0,0000360 seconds
2017-07-03T09:00:32.707+0200: 4,270: Total time for which application threads were stopped: 0,0000638 seconds, Stopping threads took: 0,0000101 seconds
2017-07-03T09:00:32.732+0200: 4,296: Total time for which application threads were stopped: 0,0001415 seconds, Stopping threads took: 0,0000530 seconds
2017-07-03T09:00:32.761+0200: 4,325: Total time for which application threads were stopped: 0,0001024 seconds, Stopping threads took: 0,0000341 seconds
2017-07-03T09:00:32.762+0200: 4,326: Total time for which application threads were stopped: 0,0003638 seconds, Stopping threads took: 0,0000140 seconds
2017-07-03T09:00:32.762+0200: 4,326: Total time for which application threads were stopped: 0,0000642 seconds, Stopping threads took: 0,0000153 seconds
2017-07-03T09:00:32.767+0200: 4,330: Total time for which application threads were stopped: 0,0001012 seconds, Stopping threads took: 0,0000171 seconds
2017-07-03T09:00:33.767+0200: 5,331: Total time for which application threads were stopped: 0,0000630 seconds, Stopping threads took: 0,0000164 seconds
2017-07-03T09:01:00.771+0200: 32,334: Total time for which application threads were stopped: 0,0000898 seconds, Stopping threads took: 0,0000390 seconds
{Heap before GC invocations=9 (full 1):
 par new generation   total 109248K, used 94273K [0x00000000e0000000, 0x00000000e8000000, 0x00000000e8000000)
  eden space 87424K, 100% used [0x00000000e0000000, 0x00000000e5560000, 0x00000000e5560000)
  from space 21824K,  31% used [0x00000000e6ab0000, 0x00000000e7160400, 0x00000000e8000000)
  to   space 21824K,   0% used [0x00000000e5560000, 0x00000000e5560000, 0x00000000e6ab0000)
 concurrent mark-sweep generation total 393216K, used 6025K [0x00000000e8000000, 0x0000000100000000, 0x0000000100000000)
 Metaspace       used 27992K, capacity 28556K, committed 28796K, reserved 1075200K
  class space    used 3212K, capacity 3389K, committed 3452K, reserved 1048576K
2017-07-03T09:01:04.540+0200: 36,104: [GC (Allocation Failure) 2017-07-03T09:01:04.540+0200: 36,104: [ParNew
Desired survivor size 20112992 bytes, new threshold 8 (max 8)
- age   1:   10342232 bytes,   10342232 total
- age   2:     756584 bytes,   11098816 total
- age   3:     214144 bytes,   11312960 total
- age   4:    1711720 bytes,   13024680 total
- age   5:      59168 bytes,   13083848 total
- age   6:      96664 bytes,   13180512 total
- age   8:     180800 bytes,   13361312 total
: 94273K->14570K(109248K), 0,0118706 secs] 100298K->21449K(502464K), 0,0119461 secs] [Times: user=0,04 sys=0,00, real=0,01 secs] 
Heap after GC invocations=10 (full 1):
 par new generation   total 109248K, used 14570K [0x00000000e0000000, 0x00000000e8000000, 0x00000000e8000000)
  eden space 87424K,   0% used [0x00000000e0000000, 0x00000000e0000000, 0x00000000e5560000)
  from space 21824K,  66% used [0x00000000e5560000, 0x00000000e639aa20, 0x00000000e6ab0000)
  to   space 21824K,   0% used [0x00000000e6ab0000, 0x00000000e6ab0000, 0x00000000e8000000)
 concurrent mark-sweep generation total 393216K, used 6879K [0x00000000e8000000, 0x0000000100000000, 0x0000000100000000)
 Metaspace       used 27992K, capacity 28556K, committed 28796K, reserved 1075200K
  class space    used 3212K, capacity 3389K, committed 3452K, reserved 1048576K
}
2017-07-03T09:01:04.552+0200: 36,116: Total time for which application threads were stopped: 0,0120718 seconds, Stopping threads took: 0,0000144 seconds
2017-07-03T09:01:04.557+0200: 36,121: Total time for which application threads were stopped: 0,0000499 seconds, Stopping threads took: 0,0000140 seconds
2017-07-03T09:01:04.557+0200: 36,121: Total time for which application threads were stopped: 0,0000553 seconds, Stopping threads took: 0,0000260 seconds
2017-07-03T09:02:25.570+0200: 117,134: Total time for which application threads were stopped: 0,0001891 seconds, Stopping threads took: 0,0000765 seconds
2017-07-03T09:02:30.031+0200: 122,135: Total time for which application threads were stopped: 0,0001341 seconds, Stopping threads took: 0,0000330 seconds
2017-07-03T09:03:34.042+0200: 186,146: Total time for which application threads were stopped: 0,0001706 seconds, Stopping threads took: 0,0000661 seconds
2017-07-03T09:05:04.054+0200: 276,157: Total time for which application threads were stopped: 0,0000804 seconds, Stopping threads took: 0,0000319 seconds
2017-07-03T09:11:05.096+0200: 637,200: Total time for which application threads were stopped: 0,0001923 seconds, Stopping threads took: 0,0000710 seconds
2017-07-03T09:22:00.196+0200: 1292,300: Total time for which application threads were stopped: 0,0000918 seconds, Stopping threads took: 0,0000303 seconds
2017-07-03T09:23:59.215+0200: 1411,319: Total time for which application threads were stopped: 0,0001841 seconds, Stopping threads took: 0,0000701 seconds
2017-07-03T09:28:39.253+0200: 1691,356: Total time for which application threads were stopped: 0,0001377 seconds, Stopping threads took: 0,0000504 seconds
2017-07-03T09:38:50.338+0200: 2302,442: Total time for which application threads were stopped: 0,0001705 seconds, Stopping threads took: 0,0000667 seconds
2017-07-03T09:38:54.339+0200: 2306,442: Total time for which application threads were stopped: 0,0001106 seconds, Stopping threads took: 0,0000248 seconds
2017-07-03T09:53:45.481+0200: 3197,585: Total time for which application threads were stopped: 0,0001749 seconds, Stopping threads took: 0,0000620 seconds
2017-07-03T10:04:29.579+0200: 3841,683: Total time for which application threads were stopped: 0,0001483 seconds, Stopping threads took: 0,0000590 seconds
2017-07-03T10:04:34.580+0200: 3846,684: Total time for which application threads were stopped: 0,0000799 seconds, Stopping threads took: 0,0000189 seconds
2017-07-03T10:06:29.598+0200: 3961,702: Total time for which application threads were stopped: 0,0001859 seconds, Stopping threads took: 0,0000706 seconds
2017-07-03T10:19:25.719+0200: 4737,823: Total time for which application threads were stopped: 0,0001688 seconds, Stopping threads took: 0,0000661 seconds
2017-07-03T10:40:50.923+0200: 6023,026: Total time for which application threads were stopped: 0,0001852 seconds, Stopping threads took: 0,0000738 seconds
2017-07-03T10:44:50.963+0200: 6263,067: Total time for which application threads were stopped: 0,0001842 seconds, Stopping threads took: 0,0000694 seconds
2017-07-03T11:01:30.120+0200: 7262,224: Total time for which application threads were stopped: 0,0001224 seconds, Stopping threads took: 0,0000463 seconds
2017-07-03T11:08:30.190+0200: 7682,294: Total time for which application threads were stopped: 0,0001618 seconds, Stopping threads took: 0,0000588 seconds
2017-07-03T12:06:59.768+0200: 11191,872: Total time for which application threads were stopped: 0,0001582 seconds, Stopping threads took: 0,0000556 seconds
2017-07-03T12:12:29.823+0200: 11521,926: Total time for which application threads were stopped: 0,0001017 seconds, Stopping threads took: 0,0000353 seconds
2017-07-03T12:12:59.828+0200: 11551,932: Total time for which application threads were stopped: 0,0000899 seconds, Stopping threads took: 0,0000359 seconds
2017-07-03T14:32:11.330+0200: 15451,916: Total time for which application threads were stopped: 0,0001047 seconds, Stopping threads took: 0,0000361 seconds
2017-07-03T14:36:37.362+0200: 15717,948: Total time for which application threads were stopped: 0,0000795 seconds, Stopping threads took: 0,0000308 seconds
2017-07-04T00:56:21.852+0200: 44866,109: Total time for which application threads were stopped: 0,0011535 seconds, Stopping threads took: 0,0000279 seconds
2017-07-04T00:56:21.882+0200: 44866,138: Total time for which application threads were stopped: 0,0126478 seconds, Stopping threads took: 0,0125181 seconds
2017-07-04T00:56:21.885+0200: 44866,142: Total time for which application threads were stopped: 0,0000937 seconds, Stopping threads took: 0,0000161 seconds
2017-07-04T00:56:21.888+0200: 44866,144: Total time for which application threads were stopped: 0,0000867 seconds, Stopping threads took: 0,0000146 seconds
2017-07-04T00:56:21.893+0200: 44866,149: Total time for which application threads were stopped: 0,0001164 seconds, Stopping threads took: 0,0000297 seconds
2017-07-04T00:56:21.921+0200: 44866,178: Total time for which application threads were stopped: 0,0036013 seconds, Stopping threads took: 0,0035057 seconds
2017-07-04T00:56:21.924+0200: 44866,181: Total time for which application threads were stopped: 0,0000949 seconds, Stopping threads took: 0,0000211 seconds
2017-07-04T00:56:21.924+0200: 44866,181: Total time for which application threads were stopped: 0,0000744 seconds, Stopping threads took: 0,0000294 seconds
2017-07-04T00:56:21.925+0200: 44866,181: Total time for which application threads were stopped: 0,0001144 seconds, Stopping threads took: 0,0000350 seconds
2017-07-04T00:56:21.925+0200: 44866,181: Total time for which application threads were stopped: 0,0000764 seconds, Stopping threads took: 0,0000293 seconds
2017-07-04T00:56:21.925+0200: 44866,181: Total time for which application threads were stopped: 0,0000678 seconds, Stopping threads took: 0,0000264 seconds
2017-07-04T00:56:21.925+0200: 44866,181: Total time for which application threads were stopped: 0,0000637 seconds, Stopping threads took: 0,0000211 seconds
2017-07-04T00:56:21.934+0200: 44866,191: Total time for which application threads were stopped: 0,0013486 seconds, Stopping threads took: 0,0012492 seconds
2017-07-04T00:56:21.972+0200: 44866,228: Total time for which application threads were stopped: 0,0000951 seconds, Stopping threads took: 0,0000140 seconds
2017-07-04T00:56:21.977+0200: 44866,233: Total time for which application threads were stopped: 0,0001070 seconds, Stopping threads took: 0,0000244 seconds
2017-07-04T00:56:21.979+0200: 44866,236: Total time for which application threads were stopped: 0,0000833 seconds, Stopping threads took: 0,0000154 seconds
2017-07-04T00:56:21.980+0200: 44866,236: Total time for which application threads were stopped: 0,0000637 seconds, Stopping threads took: 0,0000099 seconds
2017-07-04T00:56:21.980+0200: 44866,236: Total time for which application threads were stopped: 0,0000393 seconds, Stopping threads took: 0,0000046 seconds
2017-07-04T00:56:21.981+0200: 44866,237: Total time for which application threads were stopped: 0,0000870 seconds, Stopping threads took: 0,0000217 seconds
2017-07-04T00:56:21.981+0200: 44866,237: Total time for which application threads were stopped: 0,0000397 seconds, Stopping threads took: 0,0000048 seconds
2017-07-04T00:56:21.982+0200: 44866,238: Total time for which application threads were stopped: 0,0000914 seconds, Stopping threads took: 0,0000276 seconds
2017-07-04T00:56:21.982+0200: 44866,238: Total time for which application threads were stopped: 0,0000807 seconds, Stopping threads took: 0,0000154 seconds
2017-07-04T00:56:21.982+0200: 44866,239: Total time for which application threads were stopped: 0,0000527 seconds, Stopping threads took: 0,0000147 seconds
2017-07-04T00:56:21.982+0200: 44866,239: Total time for which application threads were stopped: 0,0000535 seconds, Stopping threads took: 0,0000162 seconds
2017-07-04T00:56:21.982+0200: 44866,239: Total time for which application threads were stopped: 0,0000516 seconds, Stopping threads took: 0,0000154 seconds
2017-07-04T00:56:21.984+0200: 44866,240: Total time for which application threads were stopped: 0,0000839 seconds, Stopping threads took: 0,0000238 seconds
2017-07-04T00:56:21.984+0200: 44866,241: Total time for which application threads were stopped: 0,0000576 seconds, Stopping threads took: 0,0000081 seconds
2017-07-04T00:56:21.984+0200: 44866,241: Total time for which application threads were stopped: 0,0000479 seconds, Stopping threads took: 0,0000123 seconds
2017-07-04T00:56:21.984+0200: 44866,241: Total time for which application threads were stopped: 0,0000384 seconds, Stopping threads took: 0,0000047 seconds
2017-07-04T00:56:21.986+0200: 44866,243: Total time for which application threads were stopped: 0,0018423 seconds, Stopping threads took: 0,0017619 seconds
2017-07-04T00:56:21.991+0200: 44866,247: Total time for which application threads were stopped: 0,0001232 seconds, Stopping threads took: 0,0000485 seconds
2017-07-04T00:56:21.991+0200: 44866,247: Total time for which application threads were stopped: 0,0000617 seconds, Stopping threads took: 0,0000231 seconds
2017-07-04T00:56:21.991+0200: 44866,247: Total time for which application threads were stopped: 0,0000583 seconds, Stopping threads took: 0,0000191 seconds
2017-07-04T00:56:21.991+0200: 44866,247: Total time for which application threads were stopped: 0,0000588 seconds, Stopping threads took: 0,0000240 seconds
2017-07-04T00:56:21.995+0200: 44866,252: Total time for which application threads were stopped: 0,0001048 seconds, Stopping threads took: 0,0000346 seconds
2017-07-04T00:56:21.996+0200: 44866,252: Total time for which application threads were stopped: 0,0000460 seconds, Stopping threads took: 0,0000061 seconds
2017-07-04T00:56:21.996+0200: 44866,252: Total time for which application threads were stopped: 0,0000496 seconds, Stopping threads took: 0,0000152 seconds
2017-07-04T00:56:21.996+0200: 44866,252: Total time for which application threads were stopped: 0,0000335 seconds, Stopping threads took: 0,0000046 seconds
2017-07-04T00:56:21.996+0200: 44866,252: Total time for which application threads were stopped: 0,0000429 seconds, Stopping threads took: 0,0000123 seconds
2017-07-04T00:56:21.997+0200: 44866,253: Total time for which application threads were stopped: 0,0001043 seconds, Stopping threads took: 0,0000496 seconds
2017-07-04T00:56:21.997+0200: 44866,253: Total time for which application threads were stopped: 0,0000497 seconds, Stopping threads took: 0,0000176 seconds
2017-07-04T00:56:21.997+0200: 44866,253: Total time for which application threads were stopped: 0,0000340 seconds, Stopping threads took: 0,0000045 seconds
2017-07-04T00:56:21.997+0200: 44866,254: Total time for which application threads were stopped: 0,0000587 seconds, Stopping threads took: 0,0000255 seconds
2017-07-04T00:56:21.997+0200: 44866,254: Total time for which application threads were stopped: 0,0000495 seconds, Stopping threads took: 0,0000172 seconds
2017-07-04T00:56:21.998+0200: 44866,254: Total time for which application threads were stopped: 0,0001758 seconds, Stopping threads took: 0,0000124 seconds
2017-07-04T00:56:21.998+0200: 44866,255: Total time for which application threads were stopped: 0,0000989 seconds, Stopping threads took: 0,0000339 seconds
2017-07-04T00:56:22.000+0200: 44866,256: Total time for which application threads were stopped: 0,0008851 seconds, Stopping threads took: 0,0007935 seconds
2017-07-04T00:56:22.002+0200: 44866,258: Total time for which application threads were stopped: 0,0001013 seconds, Stopping threads took: 0,0000168 seconds
2017-07-04T00:56:22.002+0200: 44866,259: Total time for which application threads were stopped: 0,0001093 seconds, Stopping threads took: 0,0000200 seconds
Heap
 par new generation   total 109248K, used 38414K [0x00000000e0000000, 0x00000000e8000000, 0x00000000e8000000)
  eden space 87424K,  27% used [0x00000000e0000000, 0x00000000e1748fa0, 0x00000000e5560000)
  from space 21824K,  66% used [0x00000000e5560000, 0x00000000e639aa20, 0x00000000e6ab0000)
  to   space 21824K,   0% used [0x00000000e6ab0000, 0x00000000e6ab0000, 0x00000000e8000000)
 concurrent mark-sweep generation total 393216K, used 6879K [0x00000000e8000000, 0x0000000100000000, 0x0000000100000000)
 Metaspace       used 28177K, capacity 28726K, committed 29052K, reserved 1075200K
  class space    used 3227K, capacity 3424K, committed 3452K, reserved 1048576K
