OpenJDK 64-Bit Server VM (25.111-b14) for linux-amd64 JRE (1.8.0_111-8u111-b14-2ubuntu0.16.04.2-b14), built on Oct 27 2016 18:10:19 by "buildd" with gcc 5.4.0 20160609
Memory: 4k page, physical 7867848k(7456316k free), swap 8076284k(8076284k free)
CommandLine flags: -XX:CMSInitiatingOccupancyFraction=50 -XX:CMSMaxAbortablePrecleanTime=6000 -XX:+CMSParallelRemarkEnabled -XX:+CMSScavengeBeforeRemark -XX:ConcGCThreads=4 -XX:InitialHeapSize=536870912 -XX:MaxHeapSize=536870912 -XX:MaxTenuringThreshold=8 -XX:NewRatio=3 -XX:OldPLABSize=16 -XX:OnOutOfMemoryError=/opt/solr/bin/oom_solr.sh 8983 /var/solr/logs -XX:ParallelGCThreads=4 -XX:+ParallelRefProcEnabled -XX:PretenureSizeThreshold=67108864 -XX:+PrintGC -XX:+PrintGCApplicationStoppedTime -XX:+PrintGCDateStamps -XX:+PrintGCDetails -XX:+PrintGCTimeStamps -XX:+PrintHeapAtGC -XX:+PrintTenuringDistribution -XX:SurvivorRatio=4 -XX:TargetSurvivorRatio=90 -XX:ThreadStackSize=256 -XX:+UseCMSInitiatingOccupancyOnly -XX:+UseCompressedClassPointers -XX:+UseCompressedOops -XX:+UseConcMarkSweepGC -XX:+UseParNewGC 
2016-11-28T13:47:34.880+0100: 0,113: Total time for which application threads were stopped: 0,0000698 seconds, Stopping threads took: 0,0000157 seconds
2016-11-28T13:47:34.961+0100: 0,194: Total time for which application threads were stopped: 0,0001289 seconds, Stopping threads took: 0,0000202 seconds
2016-11-28T13:47:34.978+0100: 0,211: Total time for which application threads were stopped: 0,0003012 seconds, Stopping threads took: 0,0002174 seconds
2016-11-28T13:47:35.116+0100: 0,349: Total time for which application threads were stopped: 0,0001401 seconds, Stopping threads took: 0,0000241 seconds
2016-11-28T13:47:35.285+0100: 0,517: Total time for which application threads were stopped: 0,0001386 seconds, Stopping threads took: 0,0000153 seconds
2016-11-28T13:47:35.337+0100: 0,570: Total time for which application threads were stopped: 0,0001419 seconds, Stopping threads took: 0,0000128 seconds
2016-11-28T13:47:35.351+0100: 0,583: Total time for which application threads were stopped: 0,0001701 seconds, Stopping threads took: 0,0000187 seconds
2016-11-28T13:47:35.600+0100: 0,833: Total time for which application threads were stopped: 0,0001739 seconds, Stopping threads took: 0,0000200 seconds
2016-11-28T13:47:35.994+0100: 1,226: Total time for which application threads were stopped: 0,0002484 seconds, Stopping threads took: 0,0000225 seconds
2016-11-28T13:47:36.033+0100: 1,265: Total time for which application threads were stopped: 0,0002516 seconds, Stopping threads took: 0,0000198 seconds
2016-11-28T13:47:36.035+0100: 1,268: Total time for which application threads were stopped: 0,0002059 seconds, Stopping threads took: 0,0000194 seconds
2016-11-28T13:47:36.052+0100: 1,284: Total time for which application threads were stopped: 0,0002047 seconds, Stopping threads took: 0,0000264 seconds
2016-11-28T13:47:36.127+0100: 1,359: Total time for which application threads were stopped: 0,0001921 seconds, Stopping threads took: 0,0000193 seconds
2016-11-28T13:47:36.326+0100: 1,558: Total time for which application threads were stopped: 0,0017024 seconds, Stopping threads took: 0,0007133 seconds
{Heap before GC invocations=0 (full 0):
 par new generation   total 109248K, used 87424K [0x00000000e0000000, 0x00000000e8000000, 0x00000000e8000000)
  eden space 87424K, 100% used [0x00000000e0000000, 0x00000000e5560000, 0x00000000e5560000)
  from space 21824K,   0% used [0x00000000e5560000, 0x00000000e5560000, 0x00000000e6ab0000)
  to   space 21824K,   0% used [0x00000000e6ab0000, 0x00000000e6ab0000, 0x00000000e8000000)
 concurrent mark-sweep generation total 393216K, used 0K [0x00000000e8000000, 0x0000000100000000, 0x0000000100000000)
 Metaspace       used 18344K, capacity 18686K, committed 18944K, reserved 1067008K
  class space    used 2091K, capacity 2226K, committed 2304K, reserved 1048576K
2016-11-28T13:47:36.546+0100: 1,779: [GC (Allocation Failure) 2016-11-28T13:47:36.546+0100: 1,779: [ParNew
Desired survivor size 20112992 bytes, new threshold 8 (max 8)
- age   1:   12578480 bytes,   12578480 total
: 87424K->12391K(109248K), 0,0202975 secs] 87424K->12391K(502464K), 0,0204930 secs] [Times: user=0,06 sys=0,01, real=0,02 secs] 
Heap after GC invocations=1 (full 0):
 par new generation   total 109248K, used 12391K [0x00000000e0000000, 0x00000000e8000000, 0x00000000e8000000)
  eden space 87424K,   0% used [0x00000000e0000000, 0x00000000e0000000, 0x00000000e5560000)
  from space 21824K,  56% used [0x00000000e6ab0000, 0x00000000e76c9d90, 0x00000000e8000000)
  to   space 21824K,   0% used [0x00000000e5560000, 0x00000000e5560000, 0x00000000e6ab0000)
 concurrent mark-sweep generation total 393216K, used 0K [0x00000000e8000000, 0x0000000100000000, 0x0000000100000000)
 Metaspace       used 18344K, capacity 18686K, committed 18944K, reserved 1067008K
  class space    used 2091K, capacity 2226K, committed 2304K, reserved 1048576K
}
2016-11-28T13:47:36.567+0100: 1,799: Total time for which application threads were stopped: 0,0209570 seconds, Stopping threads took: 0,0000932 seconds
2016-11-28T13:47:36.798+0100: 2,030: Total time for which application threads were stopped: 0,0003147 seconds, Stopping threads took: 0,0000239 seconds
2016-11-28T13:47:36.852+0100: 2,084: Total time for which application threads were stopped: 0,0003346 seconds, Stopping threads took: 0,0000699 seconds
2016-11-28T13:47:36.898+0100: 2,130: Total time for which application threads were stopped: 0,0003635 seconds, Stopping threads took: 0,0000418 seconds
{Heap before GC invocations=1 (full 0):
 par new generation   total 109248K, used 99815K [0x00000000e0000000, 0x00000000e8000000, 0x00000000e8000000)
  eden space 87424K, 100% used [0x00000000e0000000, 0x00000000e5560000, 0x00000000e5560000)
  from space 21824K,  56% used [0x00000000e6ab0000, 0x00000000e76c9d90, 0x00000000e8000000)
  to   space 21824K,   0% used [0x00000000e5560000, 0x00000000e5560000, 0x00000000e6ab0000)
 concurrent mark-sweep generation total 393216K, used 0K [0x00000000e8000000, 0x0000000100000000, 0x0000000100000000)
 Metaspace       used 20729K, capacity 21020K, committed 21248K, reserved 1069056K
  class space    used 2404K, capacity 2518K, committed 2560K, reserved 1048576K
2016-11-28T13:47:37.124+0100: 2,357: [GC (Allocation Failure) 2016-11-28T13:47:37.124+0100: 2,357: [ParNew
Desired survivor size 20112992 bytes, new threshold 8 (max 8)
- age   1:    2768336 bytes,    2768336 total
- age   2:    6138064 bytes,    8906400 total
: 99815K->11356K(109248K), 0,0139685 secs] 99815K->11356K(502464K), 0,0140482 secs] [Times: user=0,05 sys=0,00, real=0,01 secs] 
Heap after GC invocations=2 (full 0):
 par new generation   total 109248K, used 11356K [0x00000000e0000000, 0x00000000e8000000, 0x00000000e8000000)
  eden space 87424K,   0% used [0x00000000e0000000, 0x00000000e0000000, 0x00000000e5560000)
  from space 21824K,  52% used [0x00000000e5560000, 0x00000000e6077290, 0x00000000e6ab0000)
  to   space 21824K,   0% used [0x00000000e6ab0000, 0x00000000e6ab0000, 0x00000000e8000000)
 concurrent mark-sweep generation total 393216K, used 0K [0x00000000e8000000, 0x0000000100000000, 0x0000000100000000)
 Metaspace       used 20729K, capacity 21020K, committed 21248K, reserved 1069056K
  class space    used 2404K, capacity 2518K, committed 2560K, reserved 1048576K
}
2016-11-28T13:47:37.138+0100: 2,371: Total time for which application threads were stopped: 0,0142753 seconds, Stopping threads took: 0,0000327 seconds
2016-11-28T13:47:37.185+0100: 2,417: Total time for which application threads were stopped: 0,0000796 seconds, Stopping threads took: 0,0000168 seconds
2016-11-28T13:47:37.221+0100: 2,454: Total time for which application threads were stopped: 0,0000824 seconds, Stopping threads took: 0,0000172 seconds
2016-11-28T13:47:37.222+0100: 2,454: Total time for which application threads were stopped: 0,0002258 seconds, Stopping threads took: 0,0000099 seconds
2016-11-28T13:47:37.247+0100: 2,479: Total time for which application threads were stopped: 0,0000691 seconds, Stopping threads took: 0,0000127 seconds
2016-11-28T13:47:37.323+0100: 2,556: Total time for which application threads were stopped: 0,0001113 seconds, Stopping threads took: 0,0000212 seconds
2016-11-28T13:47:37.343+0100: 2,575: Total time for which application threads were stopped: 0,0000824 seconds, Stopping threads took: 0,0000212 seconds
2016-11-28T13:47:37.350+0100: 2,582: Total time for which application threads were stopped: 0,0002677 seconds, Stopping threads took: 0,0000136 seconds
2016-11-28T13:47:37.357+0100: 2,589: Total time for which application threads were stopped: 0,0002669 seconds, Stopping threads took: 0,0000207 seconds
2016-11-28T13:47:37.364+0100: 2,596: Total time for which application threads were stopped: 0,0001342 seconds, Stopping threads took: 0,0000755 seconds
2016-11-28T13:47:37.393+0100: 2,626: Total time for which application threads were stopped: 0,0000788 seconds, Stopping threads took: 0,0000196 seconds
2016-11-28T13:47:37.411+0100: 2,643: Total time for which application threads were stopped: 0,0000871 seconds, Stopping threads took: 0,0000206 seconds
2016-11-28T13:47:37.432+0100: 2,665: Total time for which application threads were stopped: 0,0000740 seconds, Stopping threads took: 0,0000156 seconds
2016-11-28T13:47:37.452+0100: 2,685: Total time for which application threads were stopped: 0,0000887 seconds, Stopping threads took: 0,0000175 seconds
2016-11-28T13:47:37.491+0100: 2,724: Total time for which application threads were stopped: 0,0001262 seconds, Stopping threads took: 0,0000213 seconds
2016-11-28T13:47:37.544+0100: 2,776: Total time for which application threads were stopped: 0,0001009 seconds, Stopping threads took: 0,0000209 seconds
2016-11-28T13:47:37.576+0100: 2,808: Total time for which application threads were stopped: 0,0001460 seconds, Stopping threads took: 0,0000314 seconds
2016-11-28T13:47:37.615+0100: 2,848: Total time for which application threads were stopped: 0,0001165 seconds, Stopping threads took: 0,0000199 seconds
{Heap before GC invocations=2 (full 0):
 par new generation   total 109248K, used 98780K [0x00000000e0000000, 0x00000000e8000000, 0x00000000e8000000)
  eden space 87424K, 100% used [0x00000000e0000000, 0x00000000e5560000, 0x00000000e5560000)
  from space 21824K,  52% used [0x00000000e5560000, 0x00000000e6077290, 0x00000000e6ab0000)
  to   space 21824K,   0% used [0x00000000e6ab0000, 0x00000000e6ab0000, 0x00000000e8000000)
 concurrent mark-sweep generation total 393216K, used 0K [0x00000000e8000000, 0x0000000100000000, 0x0000000100000000)
 Metaspace       used 25157K, capacity 25509K, committed 25868K, reserved 1073152K
  class space    used 2926K, capacity 3057K, committed 3092K, reserved 1048576K
2016-11-28T13:47:37.621+0100: 2,854: [GC (Allocation Failure) 2016-11-28T13:47:37.621+0100: 2,854: [ParNew
Desired survivor size 20112992 bytes, new threshold 8 (max 8)
- age   1:    6951800 bytes,    6951800 total
- age   2:     515792 bytes,    7467592 total
- age   3:    6129016 bytes,   13596608 total
: 98780K->15463K(109248K), 0,0200633 secs] 98780K->15463K(502464K), 0,0201190 secs] [Times: user=0,06 sys=0,00, real=0,02 secs] 
Heap after GC invocations=3 (full 0):
 par new generation   total 109248K, used 15463K [0x00000000e0000000, 0x00000000e8000000, 0x00000000e8000000)
  eden space 87424K,   0% used [0x00000000e0000000, 0x00000000e0000000, 0x00000000e5560000)
  from space 21824K,  70% used [0x00000000e6ab0000, 0x00000000e79c9ce0, 0x00000000e8000000)
  to   space 21824K,   0% used [0x00000000e5560000, 0x00000000e5560000, 0x00000000e6ab0000)
 concurrent mark-sweep generation total 393216K, used 0K [0x00000000e8000000, 0x0000000100000000, 0x0000000100000000)
 Metaspace       used 25157K, capacity 25509K, committed 25868K, reserved 1073152K
  class space    used 2926K, capacity 3057K, committed 3092K, reserved 1048576K
}
2016-11-28T13:47:37.642+0100: 2,874: Total time for which application threads were stopped: 0,0202878 seconds, Stopping threads took: 0,0000225 seconds
2016-11-28T13:47:37.643+0100: 2,875: [GC (CMS Initial Mark) [1 CMS-initial-mark: 0K(393216K)] 16874K(502464K), 0,0035452 secs] [Times: user=0,01 sys=0,00, real=0,01 secs] 
2016-11-28T13:47:37.646+0100: 2,879: Total time for which application threads were stopped: 0,0036640 seconds, Stopping threads took: 0,0000315 seconds
2016-11-28T13:47:37.646+0100: 2,879: [CMS-concurrent-mark-start]
2016-11-28T13:47:37.647+0100: 2,879: [CMS-concurrent-mark: 0,000/0,000 secs] [Times: user=0,01 sys=0,00, real=0,00 secs] 
2016-11-28T13:47:37.647+0100: 2,879: [CMS-concurrent-preclean-start]
2016-11-28T13:47:37.648+0100: 2,880: [CMS-concurrent-preclean: 0,001/0,001 secs] [Times: user=0,00 sys=0,00, real=0,00 secs] 
2016-11-28T13:47:37.648+0100: 2,881: [GC (CMS Final Remark) [YG occupancy: 16874 K (109248 K)]{Heap before GC invocations=3 (full 1):
 par new generation   total 109248K, used 16874K [0x00000000e0000000, 0x00000000e8000000, 0x00000000e8000000)
  eden space 87424K,   1% used [0x00000000e0000000, 0x00000000e0160d40, 0x00000000e5560000)
  from space 21824K,  70% used [0x00000000e6ab0000, 0x00000000e79c9ce0, 0x00000000e8000000)
  to   space 21824K,   0% used [0x00000000e5560000, 0x00000000e5560000, 0x00000000e6ab0000)
 concurrent mark-sweep generation total 393216K, used 0K [0x00000000e8000000, 0x0000000100000000, 0x0000000100000000)
 Metaspace       used 25159K, capacity 25515K, committed 25868K, reserved 1073152K
  class space    used 2926K, capacity 3058K, committed 3092K, reserved 1048576K
2016-11-28T13:47:37.648+0100: 2,881: [GC (CMS Final Remark) 2016-11-28T13:47:37.648+0100: 2,881: [ParNew
Desired survivor size 20112992 bytes, new threshold 8 (max 8)
- age   1:       2536 bytes,       2536 total
- age   2:    3177208 bytes,    3179744 total
- age   3:     515792 bytes,    3695536 total
- age   4:    6128888 bytes,    9824424 total
: 16874K->16870K(109248K), 0,0104224 secs] 16874K->16870K(502464K), 0,0104736 secs] [Times: user=0,03 sys=0,00, real=0,01 secs] 
Heap after GC invocations=4 (full 1):
 par new generation   total 109248K, used 16870K [0x00000000e0000000, 0x00000000e8000000, 0x00000000e8000000)
  eden space 87424K,   0% used [0x00000000e0000000, 0x00000000e0000000, 0x00000000e5560000)
  from space 21824K,  77% used [0x00000000e5560000, 0x00000000e65d9a00, 0x00000000e6ab0000)
  to   space 21824K,   0% used [0x00000000e6ab0000, 0x00000000e6ab0000, 0x00000000e8000000)
 concurrent mark-sweep generation total 393216K, used 0K [0x00000000e8000000, 0x0000000100000000, 0x0000000100000000)
 Metaspace       used 25159K, capacity 25515K, committed 25868K, reserved 1073152K
  class space    used 2926K, capacity 3058K, committed 3092K, reserved 1048576K
}
2016-11-28T13:47:37.659+0100: 2,891: [Rescan (parallel) , 0,0038621 secs]2016-11-28T13:47:37.663+0100: 2,895: [weak refs processing, 0,0010757 secs]2016-11-28T13:47:37.664+0100: 2,896: [class unloading, 0,0031898 secs]2016-11-28T13:47:37.667+0100: 2,899: [scrub symbol table, 0,0036320 secs]2016-11-28T13:47:37.670+0100: 2,903: [scrub string table, 0,0003786 secs][1 CMS-remark: 0K(393216K)] 16870K(502464K), 0,0233229 secs] [Times: user=0,05 sys=0,01, real=0,02 secs] 
2016-11-28T13:47:37.671+0100: 2,904: Total time for which application threads were stopped: 0,0234488 seconds, Stopping threads took: 0,0000441 seconds
2016-11-28T13:47:37.672+0100: 2,904: [CMS-concurrent-sweep-start]
2016-11-28T13:47:37.672+0100: 2,904: [CMS-concurrent-sweep: 0,000/0,000 secs] [Times: user=0,00 sys=0,00, real=0,00 secs] 
2016-11-28T13:47:37.672+0100: 2,904: [CMS-concurrent-reset-start]
2016-11-28T13:47:37.673+0100: 2,906: [CMS-concurrent-reset: 0,002/0,002 secs] [Times: user=0,00 sys=0,00, real=0,00 secs] 
2016-11-28T13:47:37.696+0100: 2,928: Total time for which application threads were stopped: 0,0003715 seconds, Stopping threads took: 0,0000229 seconds
2016-11-28T13:47:38.696+0100: 3,929: Total time for which application threads were stopped: 0,0000830 seconds, Stopping threads took: 0,0000165 seconds
2016-11-28T13:47:38.817+0100: 4,050: Total time for which application threads were stopped: 0,0002992 seconds, Stopping threads took: 0,0000176 seconds
2016-11-28T13:48:07.631+0100: 31,053: Total time for which application threads were stopped: 0,0000695 seconds, Stopping threads took: 0,0000173 seconds
2016-11-28T13:50:18.645+0100: 162,067: Total time for which application threads were stopped: 0,0000848 seconds, Stopping threads took: 0,0000367 seconds
2016-11-28T13:50:23.646+0100: 167,067: Total time for which application threads were stopped: 0,0000768 seconds, Stopping threads took: 0,0000248 seconds
2016-11-28T13:51:33.655+0100: 237,076: Total time for which application threads were stopped: 0,0005316 seconds, Stopping threads took: 0,0001799 seconds
2016-11-28T13:52:17.660+0100: 281,081: Total time for which application threads were stopped: 0,0000831 seconds, Stopping threads took: 0,0000337 seconds
2016-11-28T13:52:18.660+0100: 282,082: Total time for which application threads were stopped: 0,0000648 seconds, Stopping threads took: 0,0000191 seconds
2016-11-28T13:52:23.661+0100: 287,082: Total time for which application threads were stopped: 0,0001275 seconds, Stopping threads took: 0,0000330 seconds
2016-11-28T13:56:18.690+0100: 522,112: Total time for which application threads were stopped: 0,0001527 seconds, Stopping threads took: 0,0000583 seconds
2016-11-28T13:59:40.585+0100: 724,006: Total time for which application threads were stopped: 0,0001132 seconds, Stopping threads took: 0,0000178 seconds
Heap
 par new generation   total 109248K, used 60807K [0x00000000e0000000, 0x00000000e8000000, 0x00000000e8000000)
  eden space 87424K,  50% used [0x00000000e0000000, 0x00000000e2ae8458, 0x00000000e5560000)
  from space 21824K,  77% used [0x00000000e5560000, 0x00000000e65d9a00, 0x00000000e6ab0000)
  to   space 21824K,   0% used [0x00000000e6ab0000, 0x00000000e6ab0000, 0x00000000e8000000)
 concurrent mark-sweep generation total 393216K, used 0K [0x00000000e8000000, 0x0000000100000000, 0x0000000100000000)
 Metaspace       used 27160K, capacity 27595K, committed 27916K, reserved 1073152K
  class space    used 3160K, capacity 3320K, committed 3348K, reserved 1048576K
