OpenJDK 64-Bit Server VM (25.121-b13) for linux-amd64 JRE (1.8.0_121-8u121-b13-0ubuntu1.16.04.2-b13), built on Jan 23 2017 15:51:29 by "buildd" with gcc 5.4.0 20160609
Memory: 4k page, physical 7867800k(7502820k free), swap 8076284k(8076284k free)
CommandLine flags: -XX:CMSInitiatingOccupancyFraction=50 -XX:CMSMaxAbortablePrecleanTime=6000 -XX:+CMSParallelRemarkEnabled -XX:+CMSScavengeBeforeRemark -XX:ConcGCThreads=4 -XX:InitialHeapSize=536870912 -XX:MaxHeapSize=536870912 -XX:MaxTenuringThreshold=8 -XX:NewRatio=3 -XX:OldPLABSize=16 -XX:OnOutOfMemoryError=/opt/solr/bin/oom_solr.sh 8983 /var/solr/logs -XX:ParallelGCThreads=4 -XX:+ParallelRefProcEnabled -XX:PretenureSizeThreshold=67108864 -XX:+PrintGC -XX:+PrintGCApplicationStoppedTime -XX:+PrintGCDateStamps -XX:+PrintGCDetails -XX:+PrintGCTimeStamps -XX:+PrintHeapAtGC -XX:+PrintTenuringDistribution -XX:SurvivorRatio=4 -XX:TargetSurvivorRatio=90 -XX:ThreadStackSize=256 -XX:+UseCMSInitiatingOccupancyOnly -XX:+UseCompressedClassPointers -XX:+UseCompressedOops -XX:+UseConcMarkSweepGC -XX:+UseParNewGC 
2017-02-12T07:59:28.901+0100: 0,157: Total time for which application threads were stopped: 0,0000730 seconds, Stopping threads took: 0,0000117 seconds
2017-02-12T07:59:28.989+0100: 0,245: Total time for which application threads were stopped: 0,0000924 seconds, Stopping threads took: 0,0000139 seconds
2017-02-12T07:59:29.004+0100: 0,260: Total time for which application threads were stopped: 0,0001289 seconds, Stopping threads took: 0,0000303 seconds
2017-02-12T07:59:29.391+0100: 0,646: Total time for which application threads were stopped: 0,0001512 seconds, Stopping threads took: 0,0000284 seconds
2017-02-12T07:59:29.774+0100: 1,030: Total time for which application threads were stopped: 0,0001382 seconds, Stopping threads took: 0,0000159 seconds
2017-02-12T07:59:29.843+0100: 1,099: Total time for which application threads were stopped: 0,0001420 seconds, Stopping threads took: 0,0000242 seconds
2017-02-12T07:59:29.859+0100: 1,115: Total time for which application threads were stopped: 0,0001561 seconds, Stopping threads took: 0,0000241 seconds
2017-02-12T07:59:30.090+0100: 1,346: Total time for which application threads were stopped: 0,0014587 seconds, Stopping threads took: 0,0001878 seconds
2017-02-12T07:59:30.304+0100: 1,560: Total time for which application threads were stopped: 0,0001958 seconds, Stopping threads took: 0,0000164 seconds
2017-02-12T07:59:30.332+0100: 1,588: Total time for which application threads were stopped: 0,0002167 seconds, Stopping threads took: 0,0000301 seconds
2017-02-12T07:59:30.370+0100: 1,626: Total time for which application threads were stopped: 0,0002675 seconds, Stopping threads took: 0,0000309 seconds
2017-02-12T07:59:30.371+0100: 1,627: Total time for which application threads were stopped: 0,0002358 seconds, Stopping threads took: 0,0000288 seconds
2017-02-12T07:59:30.387+0100: 1,643: Total time for which application threads were stopped: 0,0001820 seconds, Stopping threads took: 0,0000161 seconds
2017-02-12T07:59:30.487+0100: 1,742: Total time for which application threads were stopped: 0,0002445 seconds, Stopping threads took: 0,0000219 seconds
2017-02-12T07:59:30.632+0100: 1,888: Total time for which application threads were stopped: 0,0002441 seconds, Stopping threads took: 0,0000336 seconds
{Heap before GC invocations=0 (full 0):
 par new generation   total 109248K, used 87424K [0x00000000e0000000, 0x00000000e8000000, 0x00000000e8000000)
  eden space 87424K, 100% used [0x00000000e0000000, 0x00000000e5560000, 0x00000000e5560000)
  from space 21824K,   0% used [0x00000000e5560000, 0x00000000e5560000, 0x00000000e6ab0000)
  to   space 21824K,   0% used [0x00000000e6ab0000, 0x00000000e6ab0000, 0x00000000e8000000)
 concurrent mark-sweep generation total 393216K, used 0K [0x00000000e8000000, 0x0000000100000000, 0x0000000100000000)
 Metaspace       used 17999K, capacity 18336K, committed 18688K, reserved 1064960K
  class space    used 2035K, capacity 2196K, committed 2304K, reserved 1048576K
2017-02-12T07:59:30.717+0100: 1,973: [GC (Allocation Failure) 2017-02-12T07:59:30.717+0100: 1,973: [ParNew
Desired survivor size 20112992 bytes, new threshold 8 (max 8)
- age   1:   12580304 bytes,   12580304 total
: 87424K->12398K(109248K), 0,0166230 secs] 87424K->12398K(502464K), 0,0167134 secs] [Times: user=0,02 sys=0,04, real=0,01 secs] 
Heap after GC invocations=1 (full 0):
 par new generation   total 109248K, used 12398K [0x00000000e0000000, 0x00000000e8000000, 0x00000000e8000000)
  eden space 87424K,   0% used [0x00000000e0000000, 0x00000000e0000000, 0x00000000e5560000)
  from space 21824K,  56% used [0x00000000e6ab0000, 0x00000000e76cb8a8, 0x00000000e8000000)
  to   space 21824K,   0% used [0x00000000e5560000, 0x00000000e5560000, 0x00000000e6ab0000)
 concurrent mark-sweep generation total 393216K, used 0K [0x00000000e8000000, 0x0000000100000000, 0x0000000100000000)
 Metaspace       used 17999K, capacity 18336K, committed 18688K, reserved 1064960K
  class space    used 2035K, capacity 2196K, committed 2304K, reserved 1048576K
}
2017-02-12T07:59:30.734+0100: 1,990: Total time for which application threads were stopped: 0,0169672 seconds, Stopping threads took: 0,0000534 seconds
2017-02-12T07:59:31.038+0100: 2,294: Total time for which application threads were stopped: 0,0003043 seconds, Stopping threads took: 0,0000255 seconds
{Heap before GC invocations=1 (full 0):
 par new generation   total 109248K, used 99822K [0x00000000e0000000, 0x00000000e8000000, 0x00000000e8000000)
  eden space 87424K, 100% used [0x00000000e0000000, 0x00000000e5560000, 0x00000000e5560000)
  from space 21824K,  56% used [0x00000000e6ab0000, 0x00000000e76cb8a8, 0x00000000e8000000)
  to   space 21824K,   0% used [0x00000000e5560000, 0x00000000e5560000, 0x00000000e6ab0000)
 concurrent mark-sweep generation total 393216K, used 0K [0x00000000e8000000, 0x0000000100000000, 0x0000000100000000)
 Metaspace       used 20052K, capacity 20374K, committed 20736K, reserved 1067008K
  class space    used 2296K, capacity 2473K, committed 2560K, reserved 1048576K
2017-02-12T07:59:31.088+0100: 2,344: [GC (Allocation Failure) 2017-02-12T07:59:31.088+0100: 2,344: [ParNew
Desired survivor size 20112992 bytes, new threshold 8 (max 8)
- age   1:    3752728 bytes,    3752728 total
- age   2:    6651680 bytes,   10404408 total
: 99822K->13746K(109248K), 0,0180523 secs] 99822K->13746K(502464K), 0,0181206 secs] [Times: user=0,06 sys=0,01, real=0,02 secs] 
Heap after GC invocations=2 (full 0):
 par new generation   total 109248K, used 13746K [0x00000000e0000000, 0x00000000e8000000, 0x00000000e8000000)
  eden space 87424K,   0% used [0x00000000e0000000, 0x00000000e0000000, 0x00000000e5560000)
  from space 21824K,  62% used [0x00000000e5560000, 0x00000000e62ccac0, 0x00000000e6ab0000)
  to   space 21824K,   0% used [0x00000000e6ab0000, 0x00000000e6ab0000, 0x00000000e8000000)
 concurrent mark-sweep generation total 393216K, used 0K [0x00000000e8000000, 0x0000000100000000, 0x0000000100000000)
 Metaspace       used 20052K, capacity 20374K, committed 20736K, reserved 1067008K
  class space    used 2296K, capacity 2473K, committed 2560K, reserved 1048576K
}
2017-02-12T07:59:31.107+0100: 2,362: Total time for which application threads were stopped: 0,0183296 seconds, Stopping threads took: 0,0000701 seconds
2017-02-12T07:59:31.115+0100: 2,371: Total time for which application threads were stopped: 0,0003095 seconds, Stopping threads took: 0,0000378 seconds
2017-02-12T07:59:31.134+0100: 2,390: Total time for which application threads were stopped: 0,0003460 seconds, Stopping threads took: 0,0000570 seconds
2017-02-12T07:59:31.258+0100: 2,514: Total time for which application threads were stopped: 0,0066583 seconds, Stopping threads took: 0,0064873 seconds
{Heap before GC invocations=2 (full 0):
 par new generation   total 109248K, used 101170K [0x00000000e0000000, 0x00000000e8000000, 0x00000000e8000000)
  eden space 87424K, 100% used [0x00000000e0000000, 0x00000000e5560000, 0x00000000e5560000)
  from space 21824K,  62% used [0x00000000e5560000, 0x00000000e62ccac0, 0x00000000e6ab0000)
  to   space 21824K,   0% used [0x00000000e6ab0000, 0x00000000e6ab0000, 0x00000000e8000000)
 concurrent mark-sweep generation total 393216K, used 0K [0x00000000e8000000, 0x0000000100000000, 0x0000000100000000)
 Metaspace       used 20967K, capacity 21296K, committed 21628K, reserved 1069056K
  class space    used 2421K, capacity 2592K, committed 2684K, reserved 1048576K
2017-02-12T07:59:31.289+0100: 2,545: [GC (Allocation Failure) 2017-02-12T07:59:31.289+0100: 2,545: [ParNew
Desired survivor size 20112992 bytes, new threshold 8 (max 8)
- age   1:    2057384 bytes,    2057384 total
- age   2:     849720 bytes,    2907104 total
- age   3:    6647312 bytes,    9554416 total
: 101170K->12991K(109248K), 0,0093482 secs] 101170K->12991K(502464K), 0,0094363 secs] [Times: user=0,04 sys=0,00, real=0,01 secs] 
Heap after GC invocations=3 (full 0):
 par new generation   total 109248K, used 12991K [0x00000000e0000000, 0x00000000e8000000, 0x00000000e8000000)
  eden space 87424K,   0% used [0x00000000e0000000, 0x00000000e0000000, 0x00000000e5560000)
  from space 21824K,  59% used [0x00000000e6ab0000, 0x00000000e775fc50, 0x00000000e8000000)
  to   space 21824K,   0% used [0x00000000e5560000, 0x00000000e5560000, 0x00000000e6ab0000)
 concurrent mark-sweep generation total 393216K, used 0K [0x00000000e8000000, 0x0000000100000000, 0x0000000100000000)
 Metaspace       used 20967K, capacity 21296K, committed 21628K, reserved 1069056K
  class space    used 2421K, capacity 2592K, committed 2684K, reserved 1048576K
}
2017-02-12T07:59:31.299+0100: 2,555: Total time for which application threads were stopped: 0,0096760 seconds, Stopping threads took: 0,0000914 seconds
2017-02-12T07:59:31.313+0100: 2,569: [GC (CMS Initial Mark) [1 CMS-initial-mark: 0K(393216K)] 33809K(502464K), 0,0056561 secs] [Times: user=0,03 sys=0,00, real=0,01 secs] 
2017-02-12T07:59:31.319+0100: 2,575: Total time for which application threads were stopped: 0,0058283 seconds, Stopping threads took: 0,0000738 seconds
2017-02-12T07:59:31.319+0100: 2,575: [CMS-concurrent-mark-start]
2017-02-12T07:59:31.320+0100: 2,576: [CMS-concurrent-mark: 0,001/0,001 secs] [Times: user=0,00 sys=0,00, real=0,00 secs] 
2017-02-12T07:59:31.320+0100: 2,576: [CMS-concurrent-preclean-start]
2017-02-12T07:59:31.321+0100: 2,577: [CMS-concurrent-preclean: 0,001/0,001 secs] [Times: user=0,00 sys=0,00, real=0,00 secs] 
2017-02-12T07:59:31.321+0100: 2,577: [CMS-concurrent-abortable-preclean-start]
2017-02-12T07:59:31.374+0100: 2,630: Total time for which application threads were stopped: 0,0001205 seconds, Stopping threads took: 0,0000253 seconds
{Heap before GC invocations=3 (full 1):
 par new generation   total 109248K, used 100415K [0x00000000e0000000, 0x00000000e8000000, 0x00000000e8000000)
  eden space 87424K, 100% used [0x00000000e0000000, 0x00000000e5560000, 0x00000000e5560000)
  from space 21824K,  59% used [0x00000000e6ab0000, 0x00000000e775fc50, 0x00000000e8000000)
  to   space 21824K,   0% used [0x00000000e5560000, 0x00000000e5560000, 0x00000000e6ab0000)
 concurrent mark-sweep generation total 393216K, used 0K [0x00000000e8000000, 0x0000000100000000, 0x0000000100000000)
 Metaspace       used 21234K, capacity 21572K, committed 21884K, reserved 1069056K
  class space    used 2448K, capacity 2607K, committed 2684K, reserved 1048576K
2017-02-12T07:59:31.427+0100: 2,683: [GC (Allocation Failure) 2017-02-12T07:59:31.427+0100: 2,683: [ParNew
Desired survivor size 20112992 bytes, new threshold 8 (max 8)
- age   1:     963208 bytes,     963208 total
- age   2:    1457856 bytes,    2421064 total
- age   3:     845640 bytes,    3266704 total
- age   4:    6647368 bytes,    9914072 total
: 100415K->11120K(109248K), 0,0106574 secs] 100415K->11120K(502464K), 0,0107276 secs] [Times: user=0,04 sys=0,00, real=0,01 secs] 
Heap after GC invocations=4 (full 1):
 par new generation   total 109248K, used 11120K [0x00000000e0000000, 0x00000000e8000000, 0x00000000e8000000)
  eden space 87424K,   0% used [0x00000000e0000000, 0x00000000e0000000, 0x00000000e5560000)
  from space 21824K,  50% used [0x00000000e5560000, 0x00000000e603c160, 0x00000000e6ab0000)
  to   space 21824K,   0% used [0x00000000e6ab0000, 0x00000000e6ab0000, 0x00000000e8000000)
 concurrent mark-sweep generation total 393216K, used 0K [0x00000000e8000000, 0x0000000100000000, 0x0000000100000000)
 Metaspace       used 21234K, capacity 21572K, committed 21884K, reserved 1069056K
  class space    used 2448K, capacity 2607K, committed 2684K, reserved 1048576K
}
2017-02-12T07:59:31.438+0100: 2,694: Total time for which application threads were stopped: 0,0110962 seconds, Stopping threads took: 0,0002128 seconds
{Heap before GC invocations=4 (full 1):
 par new generation   total 109248K, used 98544K [0x00000000e0000000, 0x00000000e8000000, 0x00000000e8000000)
  eden space 87424K, 100% used [0x00000000e0000000, 0x00000000e5560000, 0x00000000e5560000)
  from space 21824K,  50% used [0x00000000e5560000, 0x00000000e603c160, 0x00000000e6ab0000)
  to   space 21824K,   0% used [0x00000000e6ab0000, 0x00000000e6ab0000, 0x00000000e8000000)
 concurrent mark-sweep generation total 393216K, used 0K [0x00000000e8000000, 0x0000000100000000, 0x0000000100000000)
 Metaspace       used 21398K, capacity 21808K, committed 21884K, reserved 1069056K
  class space    used 2469K, capacity 2641K, committed 2684K, reserved 1048576K
2017-02-12T07:59:31.534+0100: 2,790: [GC (Allocation Failure) 2017-02-12T07:59:31.534+0100: 2,790: [ParNew
Desired survivor size 20112992 bytes, new threshold 8 (max 8)
- age   1:     912792 bytes,     912792 total
- age   2:     179136 bytes,    1091928 total
- age   3:    1457592 bytes,    2549520 total
- age   4:     843688 bytes,    3393208 total
- age   5:    6648384 bytes,   10041592 total
: 98544K->14869K(109248K), 0,0097901 secs] 98544K->14869K(502464K), 0,0098645 secs] [Times: user=0,04 sys=0,00, real=0,00 secs] 
Heap after GC invocations=5 (full 1):
 par new generation   total 109248K, used 14869K [0x00000000e0000000, 0x00000000e8000000, 0x00000000e8000000)
  eden space 87424K,   0% used [0x00000000e0000000, 0x00000000e0000000, 0x00000000e5560000)
  from space 21824K,  68% used [0x00000000e6ab0000, 0x00000000e79355b0, 0x00000000e8000000)
  to   space 21824K,   0% used [0x00000000e5560000, 0x00000000e5560000, 0x00000000e6ab0000)
 concurrent mark-sweep generation total 393216K, used 0K [0x00000000e8000000, 0x0000000100000000, 0x0000000100000000)
 Metaspace       used 21398K, capacity 21808K, committed 21884K, reserved 1069056K
  class space    used 2469K, capacity 2641K, committed 2684K, reserved 1048576K
}
2017-02-12T07:59:31.544+0100: 2,800: Total time for which application threads were stopped: 0,0115243 seconds, Stopping threads took: 0,0015292 seconds
2017-02-12T07:59:31.544+0100: 2,800: [CMS-concurrent-abortable-preclean: 0,161/0,223 secs] [Times: user=0,82 sys=0,02, real=0,22 secs] 
2017-02-12T07:59:31.544+0100: 2,800: [GC (CMS Final Remark) [YG occupancy: 14901 K (109248 K)]{Heap before GC invocations=5 (full 1):
 par new generation   total 109248K, used 14901K [0x00000000e0000000, 0x00000000e8000000, 0x00000000e8000000)
  eden space 87424K,   0% used [0x00000000e0000000, 0x00000000e0008010, 0x00000000e5560000)
  from space 21824K,  68% used [0x00000000e6ab0000, 0x00000000e79355b0, 0x00000000e8000000)
  to   space 21824K,   0% used [0x00000000e5560000, 0x00000000e5560000, 0x00000000e6ab0000)
 concurrent mark-sweep generation total 393216K, used 0K [0x00000000e8000000, 0x0000000100000000, 0x0000000100000000)
 Metaspace       used 21398K, capacity 21808K, committed 21884K, reserved 1069056K
  class space    used 2469K, capacity 2641K, committed 2684K, reserved 1048576K
2017-02-12T07:59:31.544+0100: 2,800: [GC (CMS Final Remark) 2017-02-12T07:59:31.544+0100: 2,800: [ParNew
Desired survivor size 20112992 bytes, new threshold 8 (max 8)
- age   1:      32784 bytes,      32784 total
- age   2:     781192 bytes,     813976 total
- age   3:     179136 bytes,     993112 total
- age   4:    1457432 bytes,    2450544 total
- age   5:     843688 bytes,    3294232 total
- age   6:    6647560 bytes,    9941792 total
: 14901K->12582K(109248K), 0,0094434 secs] 14901K->12582K(502464K), 0,0094783 secs] [Times: user=0,03 sys=0,00, real=0,01 secs] 
Heap after GC invocations=6 (full 1):
 par new generation   total 109248K, used 12582K [0x00000000e0000000, 0x00000000e8000000, 0x00000000e8000000)
  eden space 87424K,   0% used [0x00000000e0000000, 0x00000000e0000000, 0x00000000e5560000)
  from space 21824K,  57% used [0x00000000e5560000, 0x00000000e61a99d0, 0x00000000e6ab0000)
  to   space 21824K,   0% used [0x00000000e6ab0000, 0x00000000e6ab0000, 0x00000000e8000000)
 concurrent mark-sweep generation total 393216K, used 0K [0x00000000e8000000, 0x0000000100000000, 0x0000000100000000)
 Metaspace       used 21398K, capacity 21808K, committed 21884K, reserved 1069056K
  class space    used 2469K, capacity 2641K, committed 2684K, reserved 1048576K
}
2017-02-12T07:59:31.554+0100: 2,810: [Rescan (parallel) , 0,0039496 secs]2017-02-12T07:59:31.558+0100: 2,813: [weak refs processing, 0,0006804 secs]2017-02-12T07:59:31.558+0100: 2,814: [class unloading, 0,0028744 secs]2017-02-12T07:59:31.561+0100: 2,817: [scrub symbol table, 0,0025066 secs]2017-02-12T07:59:31.564+0100: 2,820: [scrub string table, 0,0003669 secs][1 CMS-remark: 0K(393216K)] 12582K(502464K), 0,0204929 secs] [Times: user=0,05 sys=0,00, real=0,02 secs] 
2017-02-12T07:59:31.565+0100: 2,820: Total time for which application threads were stopped: 0,0206052 seconds, Stopping threads took: 0,0000385 seconds
2017-02-12T07:59:31.565+0100: 2,821: [CMS-concurrent-sweep-start]
2017-02-12T07:59:31.565+0100: 2,821: [CMS-concurrent-sweep: 0,000/0,000 secs] [Times: user=0,00 sys=0,00, real=0,00 secs] 
2017-02-12T07:59:31.565+0100: 2,821: [CMS-concurrent-reset-start]
2017-02-12T07:59:31.567+0100: 2,823: [CMS-concurrent-reset: 0,002/0,002 secs] [Times: user=0,01 sys=0,00, real=0,01 secs] 
2017-02-12T07:59:31.601+0100: 2,857: Total time for which application threads were stopped: 0,0004008 seconds, Stopping threads took: 0,0000368 seconds
2017-02-12T07:59:31.780+0100: 3,036: Total time for which application threads were stopped: 0,0005123 seconds, Stopping threads took: 0,0000379 seconds
2017-02-12T07:59:31.821+0100: 3,077: Total time for which application threads were stopped: 0,0004422 seconds, Stopping threads took: 0,0000459 seconds
2017-02-12T07:59:31.834+0100: 3,090: Total time for which application threads were stopped: 0,0003524 seconds, Stopping threads took: 0,0000213 seconds
{Heap before GC invocations=6 (full 1):
 par new generation   total 109248K, used 100006K [0x00000000e0000000, 0x00000000e8000000, 0x00000000e8000000)
  eden space 87424K, 100% used [0x00000000e0000000, 0x00000000e5560000, 0x00000000e5560000)
  from space 21824K,  57% used [0x00000000e5560000, 0x00000000e61a99d0, 0x00000000e6ab0000)
  to   space 21824K,   0% used [0x00000000e6ab0000, 0x00000000e6ab0000, 0x00000000e8000000)
 concurrent mark-sweep generation total 393216K, used 0K [0x00000000e8000000, 0x0000000100000000, 0x0000000100000000)
 Metaspace       used 24901K, capacity 25374K, committed 25724K, reserved 1071104K
  class space    used 2905K, capacity 3082K, committed 3196K, reserved 1048576K
2017-02-12T07:59:32.081+0100: 3,337: [GC (Allocation Failure) 2017-02-12T07:59:32.081+0100: 3,337: [ParNew
Desired survivor size 20112992 bytes, new threshold 8 (max 8)
- age   1:    5086640 bytes,    5086640 total
- age   3:     113512 bytes,    5200152 total
- age   4:     172512 bytes,    5372664 total
- age   5:     284832 bytes,    5657496 total
- age   6:     823864 bytes,    6481360 total
- age   7:    6641176 bytes,   13122536 total
: 100006K->16745K(109248K), 0,0145573 secs] 100006K->16745K(502464K), 0,0146256 secs] [Times: user=0,04 sys=0,01, real=0,02 secs] 
Heap after GC invocations=7 (full 1):
 par new generation   total 109248K, used 16745K [0x00000000e0000000, 0x00000000e8000000, 0x00000000e8000000)
  eden space 87424K,   0% used [0x00000000e0000000, 0x00000000e0000000, 0x00000000e5560000)
  from space 21824K,  76% used [0x00000000e6ab0000, 0x00000000e7b0a7e0, 0x00000000e8000000)
  to   space 21824K,   0% used [0x00000000e5560000, 0x00000000e5560000, 0x00000000e6ab0000)
 concurrent mark-sweep generation total 393216K, used 0K [0x00000000e8000000, 0x0000000100000000, 0x0000000100000000)
 Metaspace       used 24901K, capacity 25374K, committed 25724K, reserved 1071104K
  class space    used 2905K, capacity 3082K, committed 3196K, reserved 1048576K
}
2017-02-12T07:59:32.095+0100: 3,351: Total time for which application threads were stopped: 0,0148388 seconds, Stopping threads took: 0,0000365 seconds
2017-02-12T07:59:32.264+0100: 3,519: Total time for which application threads were stopped: 0,0005684 seconds, Stopping threads took: 0,0000456 seconds
2017-02-12T07:59:32.280+0100: 3,536: Total time for which application threads were stopped: 0,0005150 seconds, Stopping threads took: 0,0000331 seconds
2017-02-12T07:59:32.334+0100: 3,590: Total time for which application threads were stopped: 0,0005766 seconds, Stopping threads took: 0,0000640 seconds
2017-02-12T07:59:32.793+0100: 4,049: Total time for which application threads were stopped: 0,0008229 seconds, Stopping threads took: 0,0000629 seconds
2017-02-12T08:00:00.797+0100: 32,053: Total time for which application threads were stopped: 0,0003390 seconds, Stopping threads took: 0,0001008 seconds
2017-02-12T08:01:00.804+0100: 92,060: Total time for which application threads were stopped: 0,0001359 seconds, Stopping threads took: 0,0000353 seconds
2017-02-12T08:01:35.809+0100: 127,065: Total time for which application threads were stopped: 0,0000845 seconds, Stopping threads took: 0,0000311 seconds
2017-02-12T08:01:45.811+0100: 137,067: Total time for which application threads were stopped: 0,0000696 seconds, Stopping threads took: 0,0000164 seconds
2017-02-12T08:02:29.817+0100: 181,073: Total time for which application threads were stopped: 0,0001928 seconds, Stopping threads took: 0,0000716 seconds
2017-02-12T08:03:50.827+0100: 262,083: Total time for which application threads were stopped: 0,0000881 seconds, Stopping threads took: 0,0000328 seconds
2017-02-12T08:13:00.893+0100: 812,149: Total time for which application threads were stopped: 0,0000953 seconds, Stopping threads took: 0,0000377 seconds
2017-02-12T08:22:59.973+0100: 1411,229: Total time for which application threads were stopped: 0,0002570 seconds, Stopping threads took: 0,0000789 seconds
2017-02-12T08:27:50.010+0100: 1701,266: Total time for which application threads were stopped: 0,0001173 seconds, Stopping threads took: 0,0000325 seconds
2017-02-12T08:36:20.064+0100: 2211,320: Total time for which application threads were stopped: 0,0001447 seconds, Stopping threads took: 0,0000486 seconds
2017-02-12T08:38:26.079+0100: 2337,335: Total time for which application threads were stopped: 0,0000857 seconds, Stopping threads took: 0,0000310 seconds
2017-02-12T08:38:30.079+0100: 2341,335: Total time for which application threads were stopped: 0,0000918 seconds, Stopping threads took: 0,0000202 seconds
2017-02-12T08:38:31.080+0100: 2342,335: Total time for which application threads were stopped: 0,0000854 seconds, Stopping threads took: 0,0000179 seconds
2017-02-12T08:41:45.100+0100: 2536,356: Total time for which application threads were stopped: 0,0002903 seconds, Stopping threads took: 0,0001509 seconds
2017-02-12T08:58:46.204+0100: 3557,460: Total time for which application threads were stopped: 0,0001519 seconds, Stopping threads took: 0,0000634 seconds
2017-02-12T09:00:30.216+0100: 3661,471: Total time for which application threads were stopped: 0,0005726 seconds, Stopping threads took: 0,0002195 seconds
2017-02-12T09:03:55.235+0100: 3866,491: Total time for which application threads were stopped: 0,0005569 seconds, Stopping threads took: 0,0001685 seconds
2017-02-12T09:04:00.236+0100: 3871,492: Total time for which application threads were stopped: 0,0005914 seconds, Stopping threads took: 0,0000757 seconds
2017-02-12T09:38:56.453+0100: 5967,709: Total time for which application threads were stopped: 0,0000961 seconds, Stopping threads took: 0,0000373 seconds
2017-02-12T09:39:06.454+0100: 5977,710: Total time for which application threads were stopped: 0,0002078 seconds, Stopping threads took: 0,0000474 seconds
2017-02-12T09:54:11.545+0100: 6882,801: Total time for which application threads were stopped: 0,0000908 seconds, Stopping threads took: 0,0000335 seconds
2017-02-12T09:58:30.570+0100: 7141,826: Total time for which application threads were stopped: 0,0001626 seconds, Stopping threads took: 0,0000439 seconds
2017-02-12T10:01:00.587+0100: 7291,843: Total time for which application threads were stopped: 0,0000885 seconds, Stopping threads took: 0,0000325 seconds
2017-02-12T10:07:30.626+0100: 7681,882: Total time for which application threads were stopped: 0,0001262 seconds, Stopping threads took: 0,0000425 seconds
2017-02-12T10:08:00.629+0100: 7711,885: Total time for which application threads were stopped: 0,0000902 seconds, Stopping threads took: 0,0000340 seconds
2017-02-12T12:15:30.493+0100: 15361,749: Total time for which application threads were stopped: 0,0000902 seconds, Stopping threads took: 0,0000300 seconds
2017-02-12T12:27:31.574+0100: 16082,829: Total time for which application threads were stopped: 0,0002474 seconds, Stopping threads took: 0,0001525 seconds
2017-02-12T13:07:00.835+0100: 18452,091: Total time for which application threads were stopped: 0,0004952 seconds, Stopping threads took: 0,0001722 seconds
2017-02-12T16:23:42.300+0100: 30253,556: Total time for which application threads were stopped: 0,0002038 seconds, Stopping threads took: 0,0000648 seconds
2017-02-12T16:23:42.304+0100: 30253,560: Total time for which application threads were stopped: 0,0015921 seconds, Stopping threads took: 0,0014672 seconds
2017-02-12T16:23:42.318+0100: 30253,573: Total time for which application threads were stopped: 0,0001118 seconds, Stopping threads took: 0,0000148 seconds
Heap
 par new generation   total 109248K, used 83395K [0x00000000e0000000, 0x00000000e8000000, 0x00000000e8000000)
  eden space 87424K,  76% used [0x00000000e0000000, 0x00000000e41164b0, 0x00000000e5560000)
  from space 21824K,  76% used [0x00000000e6ab0000, 0x00000000e7b0a7e0, 0x00000000e8000000)
  to   space 21824K,   0% used [0x00000000e5560000, 0x00000000e5560000, 0x00000000e6ab0000)
 concurrent mark-sweep generation total 393216K, used 0K [0x00000000e8000000, 0x0000000100000000, 0x0000000100000000)
 Metaspace       used 28049K, capacity 28566K, committed 28796K, reserved 1075200K
  class space    used 3230K, capacity 3396K, committed 3452K, reserved 1048576K
