OpenJDK 64-Bit Server VM (25.121-b13) for linux-amd64 JRE (1.8.0_121-8u121-b13-0ubuntu1.16.04.2-b13), built on Jan 23 2017 15:51:29 by "buildd" with gcc 5.4.0 20160609
Memory: 4k page, physical 7867764k(7496900k free), swap 8076284k(8076284k free)
CommandLine flags: -XX:CMSInitiatingOccupancyFraction=50 -XX:CMSMaxAbortablePrecleanTime=6000 -XX:+CMSParallelRemarkEnabled -XX:+CMSScavengeBeforeRemark -XX:ConcGCThreads=4 -XX:InitialHeapSize=536870912 -XX:MaxHeapSize=536870912 -XX:MaxTenuringThreshold=8 -XX:NewRatio=3 -XX:OldPLABSize=16 -XX:OnOutOfMemoryError=/opt/solr/bin/oom_solr.sh 8983 /var/solr/logs -XX:ParallelGCThreads=4 -XX:+ParallelRefProcEnabled -XX:PretenureSizeThreshold=67108864 -XX:+PrintGC -XX:+PrintGCApplicationStoppedTime -XX:+PrintGCDateStamps -XX:+PrintGCDetails -XX:+PrintGCTimeStamps -XX:+PrintHeapAtGC -XX:+PrintTenuringDistribution -XX:SurvivorRatio=4 -XX:TargetSurvivorRatio=90 -XX:ThreadStackSize=256 -XX:+UseCMSInitiatingOccupancyOnly -XX:+UseCompressedClassPointers -XX:+UseCompressedOops -XX:+UseConcMarkSweepGC -XX:+UseParNewGC 
2017-04-04T06:28:09.715+0200: 0,147: Total time for which application threads were stopped: 0,0000679 seconds, Stopping threads took: 0,0000091 seconds
2017-04-04T06:28:09.807+0200: 0,239: Total time for which application threads were stopped: 0,0001202 seconds, Stopping threads took: 0,0000137 seconds
2017-04-04T06:28:09.820+0200: 0,252: Total time for which application threads were stopped: 0,0000906 seconds, Stopping threads took: 0,0000137 seconds
2017-04-04T06:28:10.019+0200: 0,452: Total time for which application threads were stopped: 0,0001497 seconds, Stopping threads took: 0,0000148 seconds
2017-04-04T06:28:10.593+0200: 1,026: Total time for which application threads were stopped: 0,0002282 seconds, Stopping threads took: 0,0000292 seconds
2017-04-04T06:28:10.689+0200: 1,122: Total time for which application threads were stopped: 0,0001467 seconds, Stopping threads took: 0,0000175 seconds
2017-04-04T06:28:10.717+0200: 1,150: Total time for which application threads were stopped: 0,0001895 seconds, Stopping threads took: 0,0000336 seconds
2017-04-04T06:28:11.077+0200: 1,510: Total time for which application threads were stopped: 0,0003615 seconds, Stopping threads took: 0,0000325 seconds
2017-04-04T06:28:11.308+0200: 1,741: Total time for which application threads were stopped: 0,0008992 seconds, Stopping threads took: 0,0000674 seconds
2017-04-04T06:28:11.327+0200: 1,760: Total time for which application threads were stopped: 0,0002046 seconds, Stopping threads took: 0,0000274 seconds
2017-04-04T06:28:11.352+0200: 1,785: Total time for which application threads were stopped: 0,0002299 seconds, Stopping threads took: 0,0000209 seconds
2017-04-04T06:28:11.353+0200: 1,786: Total time for which application threads were stopped: 0,0002154 seconds, Stopping threads took: 0,0000390 seconds
2017-04-04T06:28:11.365+0200: 1,797: Total time for which application threads were stopped: 0,0001593 seconds, Stopping threads took: 0,0000127 seconds
2017-04-04T06:28:11.429+0200: 1,862: Total time for which application threads were stopped: 0,0002563 seconds, Stopping threads took: 0,0000210 seconds
2017-04-04T06:28:11.577+0200: 2,009: Total time for which application threads were stopped: 0,0002979 seconds, Stopping threads took: 0,0000711 seconds
{Heap before GC invocations=0 (full 0):
 par new generation   total 109248K, used 87424K [0x00000000e0000000, 0x00000000e8000000, 0x00000000e8000000)
  eden space 87424K, 100% used [0x00000000e0000000, 0x00000000e5560000, 0x00000000e5560000)
  from space 21824K,   0% used [0x00000000e5560000, 0x00000000e5560000, 0x00000000e6ab0000)
  to   space 21824K,   0% used [0x00000000e6ab0000, 0x00000000e6ab0000, 0x00000000e8000000)
 concurrent mark-sweep generation total 393216K, used 0K [0x00000000e8000000, 0x0000000100000000, 0x0000000100000000)
 Metaspace       used 18032K, capacity 18336K, committed 18688K, reserved 1064960K
  class space    used 2041K, capacity 2196K, committed 2304K, reserved 1048576K
2017-04-04T06:28:11.672+0200: 2,105: [GC (Allocation Failure) 2017-04-04T06:28:11.672+0200: 2,105: [ParNew
Desired survivor size 20112992 bytes, new threshold 8 (max 8)
- age   1:   12602616 bytes,   12602616 total
: 87424K->12419K(109248K), 0,0165819 secs] 87424K->12419K(502464K), 0,0166719 secs] [Times: user=0,04 sys=0,02, real=0,01 secs] 
Heap after GC invocations=1 (full 0):
 par new generation   total 109248K, used 12419K [0x00000000e0000000, 0x00000000e8000000, 0x00000000e8000000)
  eden space 87424K,   0% used [0x00000000e0000000, 0x00000000e0000000, 0x00000000e5560000)
  from space 21824K,  56% used [0x00000000e6ab0000, 0x00000000e76d0e68, 0x00000000e8000000)
  to   space 21824K,   0% used [0x00000000e5560000, 0x00000000e5560000, 0x00000000e6ab0000)
 concurrent mark-sweep generation total 393216K, used 0K [0x00000000e8000000, 0x0000000100000000, 0x0000000100000000)
 Metaspace       used 18032K, capacity 18336K, committed 18688K, reserved 1064960K
  class space    used 2041K, capacity 2196K, committed 2304K, reserved 1048576K
}
2017-04-04T06:28:11.689+0200: 2,122: Total time for which application threads were stopped: 0,0169432 seconds, Stopping threads took: 0,0000374 seconds
2017-04-04T06:28:11.983+0200: 2,415: Total time for which application threads were stopped: 0,0003027 seconds, Stopping threads took: 0,0000405 seconds
{Heap before GC invocations=1 (full 0):
 par new generation   total 109248K, used 99843K [0x00000000e0000000, 0x00000000e8000000, 0x00000000e8000000)
  eden space 87424K, 100% used [0x00000000e0000000, 0x00000000e5560000, 0x00000000e5560000)
  from space 21824K,  56% used [0x00000000e6ab0000, 0x00000000e76d0e68, 0x00000000e8000000)
  to   space 21824K,   0% used [0x00000000e5560000, 0x00000000e5560000, 0x00000000e6ab0000)
 concurrent mark-sweep generation total 393216K, used 0K [0x00000000e8000000, 0x0000000100000000, 0x0000000100000000)
 Metaspace       used 20033K, capacity 20364K, committed 20736K, reserved 1067008K
  class space    used 2294K, capacity 2468K, committed 2560K, reserved 1048576K
2017-04-04T06:28:12.035+0200: 2,468: [GC (Allocation Failure) 2017-04-04T06:28:12.035+0200: 2,468: [ParNew
Desired survivor size 20112992 bytes, new threshold 8 (max 8)
- age   1:    3745712 bytes,    3745712 total
- age   2:    6655752 bytes,   10401464 total
: 99843K->11782K(109248K), 0,0173149 secs] 99843K->11782K(502464K), 0,0173812 secs] [Times: user=0,05 sys=0,00, real=0,02 secs] 
Heap after GC invocations=2 (full 0):
 par new generation   total 109248K, used 11782K [0x00000000e0000000, 0x00000000e8000000, 0x00000000e8000000)
  eden space 87424K,   0% used [0x00000000e0000000, 0x00000000e0000000, 0x00000000e5560000)
  from space 21824K,  53% used [0x00000000e5560000, 0x00000000e60e1b20, 0x00000000e6ab0000)
  to   space 21824K,   0% used [0x00000000e6ab0000, 0x00000000e6ab0000, 0x00000000e8000000)
 concurrent mark-sweep generation total 393216K, used 0K [0x00000000e8000000, 0x0000000100000000, 0x0000000100000000)
 Metaspace       used 20033K, capacity 20364K, committed 20736K, reserved 1067008K
  class space    used 2294K, capacity 2468K, committed 2560K, reserved 1048576K
}
2017-04-04T06:28:12.052+0200: 2,485: Total time for which application threads were stopped: 0,0191828 seconds, Stopping threads took: 0,0016261 seconds
2017-04-04T06:28:12.057+0200: 2,490: Total time for which application threads were stopped: 0,0003238 seconds, Stopping threads took: 0,0000695 seconds
2017-04-04T06:28:12.091+0200: 2,524: Total time for which application threads were stopped: 0,0004614 seconds, Stopping threads took: 0,0000761 seconds
2017-04-04T06:28:12.242+0200: 2,675: Total time for which application threads were stopped: 0,0028192 seconds, Stopping threads took: 0,0026497 seconds
{Heap before GC invocations=2 (full 0):
 par new generation   total 109248K, used 99206K [0x00000000e0000000, 0x00000000e8000000, 0x00000000e8000000)
  eden space 87424K, 100% used [0x00000000e0000000, 0x00000000e5560000, 0x00000000e5560000)
  from space 21824K,  53% used [0x00000000e5560000, 0x00000000e60e1b20, 0x00000000e6ab0000)
  to   space 21824K,   0% used [0x00000000e6ab0000, 0x00000000e6ab0000, 0x00000000e8000000)
 concurrent mark-sweep generation total 393216K, used 0K [0x00000000e8000000, 0x0000000100000000, 0x0000000100000000)
 Metaspace       used 20949K, capacity 21292K, committed 21552K, reserved 1069056K
  class space    used 2418K, capacity 2588K, committed 2608K, reserved 1048576K
2017-04-04T06:28:12.259+0200: 2,692: [GC (Allocation Failure) 2017-04-04T06:28:12.259+0200: 2,692: [ParNew
Desired survivor size 20112992 bytes, new threshold 8 (max 8)
- age   1:    2205496 bytes,    2205496 total
- age   2:     860728 bytes,    3066224 total
- age   3:    6652168 bytes,    9718392 total
: 99206K->14373K(109248K), 0,0186286 secs] 99206K->14373K(502464K), 0,0187027 secs] [Times: user=0,07 sys=0,00, real=0,02 secs] 
Heap after GC invocations=3 (full 0):
 par new generation   total 109248K, used 14373K [0x00000000e0000000, 0x00000000e8000000, 0x00000000e8000000)
  eden space 87424K,   0% used [0x00000000e0000000, 0x00000000e0000000, 0x00000000e5560000)
  from space 21824K,  65% used [0x00000000e6ab0000, 0x00000000e78b9460, 0x00000000e8000000)
  to   space 21824K,   0% used [0x00000000e5560000, 0x00000000e5560000, 0x00000000e6ab0000)
 concurrent mark-sweep generation total 393216K, used 0K [0x00000000e8000000, 0x0000000100000000, 0x0000000100000000)
 Metaspace       used 20949K, capacity 21292K, committed 21552K, reserved 1069056K
  class space    used 2418K, capacity 2588K, committed 2608K, reserved 1048576K
}
2017-04-04T06:28:12.278+0200: 2,711: Total time for which application threads were stopped: 0,0189220 seconds, Stopping threads took: 0,0000883 seconds
2017-04-04T06:28:12.283+0200: 2,716: [GC (CMS Initial Mark) [1 CMS-initial-mark: 0K(393216K)] 18650K(502464K), 0,0054988 secs] [Times: user=0,02 sys=0,00, real=0,00 secs] 
2017-04-04T06:28:12.289+0200: 2,721: Total time for which application threads were stopped: 0,0056809 seconds, Stopping threads took: 0,0000780 seconds
2017-04-04T06:28:12.289+0200: 2,721: [CMS-concurrent-mark-start]
2017-04-04T06:28:12.289+0200: 2,722: [CMS-concurrent-mark: 0,001/0,001 secs] [Times: user=0,01 sys=0,00, real=0,00 secs] 
2017-04-04T06:28:12.289+0200: 2,722: [CMS-concurrent-preclean-start]
2017-04-04T06:28:12.291+0200: 2,723: [CMS-concurrent-preclean: 0,001/0,001 secs] [Times: user=0,00 sys=0,00, real=0,00 secs] 
2017-04-04T06:28:12.291+0200: 2,723: [CMS-concurrent-abortable-preclean-start]
{Heap before GC invocations=3 (full 1):
 par new generation   total 109248K, used 101797K [0x00000000e0000000, 0x00000000e8000000, 0x00000000e8000000)
  eden space 87424K, 100% used [0x00000000e0000000, 0x00000000e5560000, 0x00000000e5560000)
  from space 21824K,  65% used [0x00000000e6ab0000, 0x00000000e78b9460, 0x00000000e8000000)
  to   space 21824K,   0% used [0x00000000e5560000, 0x00000000e5560000, 0x00000000e6ab0000)
 concurrent mark-sweep generation total 393216K, used 0K [0x00000000e8000000, 0x0000000100000000, 0x0000000100000000)
 Metaspace       used 21213K, capacity 21562K, committed 21628K, reserved 1069056K
  class space    used 2446K, capacity 2602K, committed 2608K, reserved 1048576K
2017-04-04T06:28:12.408+0200: 2,841: [GC (Allocation Failure) 2017-04-04T06:28:12.408+0200: 2,841: [ParNew
Desired survivor size 20112992 bytes, new threshold 8 (max 8)
- age   1:    1015616 bytes,    1015616 total
- age   2:    1462648 bytes,    2478264 total
- age   3:     846840 bytes,    3325104 total
- age   4:    6652144 bytes,    9977248 total
: 101797K->11920K(109248K), 0,0115283 secs] 101797K->11920K(502464K), 0,0116125 secs] [Times: user=0,04 sys=0,00, real=0,01 secs] 
Heap after GC invocations=4 (full 1):
 par new generation   total 109248K, used 11920K [0x00000000e0000000, 0x00000000e8000000, 0x00000000e8000000)
  eden space 87424K,   0% used [0x00000000e0000000, 0x00000000e0000000, 0x00000000e5560000)
  from space 21824K,  54% used [0x00000000e5560000, 0x00000000e6104140, 0x00000000e6ab0000)
  to   space 21824K,   0% used [0x00000000e6ab0000, 0x00000000e6ab0000, 0x00000000e8000000)
 concurrent mark-sweep generation total 393216K, used 0K [0x00000000e8000000, 0x0000000100000000, 0x0000000100000000)
 Metaspace       used 21213K, capacity 21562K, committed 21628K, reserved 1069056K
  class space    used 2446K, capacity 2602K, committed 2608K, reserved 1048576K
}
2017-04-04T06:28:12.420+0200: 2,852: Total time for which application threads were stopped: 0,0118770 seconds, Stopping threads took: 0,0000876 seconds
2017-04-04T06:28:12.420+0200: 2,852: [CMS-concurrent-abortable-preclean: 0,096/0,129 secs] [Times: user=0,50 sys=0,00, real=0,13 secs] 
2017-04-04T06:28:12.421+0200: 2,853: [GC (CMS Final Remark) [YG occupancy: 12585 K (109248 K)]{Heap before GC invocations=4 (full 1):
 par new generation   total 109248K, used 12585K [0x00000000e0000000, 0x00000000e8000000, 0x00000000e8000000)
  eden space 87424K,   0% used [0x00000000e0000000, 0x00000000e00a6338, 0x00000000e5560000)
  from space 21824K,  54% used [0x00000000e5560000, 0x00000000e6104140, 0x00000000e6ab0000)
  to   space 21824K,   0% used [0x00000000e6ab0000, 0x00000000e6ab0000, 0x00000000e8000000)
 concurrent mark-sweep generation total 393216K, used 0K [0x00000000e8000000, 0x0000000100000000, 0x0000000100000000)
 Metaspace       used 21213K, capacity 21562K, committed 21628K, reserved 1069056K
  class space    used 2446K, capacity 2602K, committed 2608K, reserved 1048576K
2017-04-04T06:28:12.421+0200: 2,853: [GC (CMS Final Remark) 2017-04-04T06:28:12.421+0200: 2,853: [ParNew
Desired survivor size 20112992 bytes, new threshold 8 (max 8)
- age   1:     116872 bytes,     116872 total
- age   2:     966400 bytes,    1083272 total
- age   3:    1462648 bytes,    2545920 total
- age   4:     846840 bytes,    3392760 total
- age   5:    6652320 bytes,   10045080 total
: 12585K->16999K(109248K), 0,0109323 secs] 12585K->16999K(502464K), 0,0109711 secs] [Times: user=0,04 sys=0,00, real=0,02 secs] 
Heap after GC invocations=5 (full 1):
 par new generation   total 109248K, used 16999K [0x00000000e0000000, 0x00000000e8000000, 0x00000000e8000000)
  eden space 87424K,   0% used [0x00000000e0000000, 0x00000000e0000000, 0x00000000e5560000)
  from space 21824K,  77% used [0x00000000e6ab0000, 0x00000000e7b49d00, 0x00000000e8000000)
  to   space 21824K,   0% used [0x00000000e5560000, 0x00000000e5560000, 0x00000000e6ab0000)
 concurrent mark-sweep generation total 393216K, used 0K [0x00000000e8000000, 0x0000000100000000, 0x0000000100000000)
 Metaspace       used 21213K, capacity 21562K, committed 21628K, reserved 1069056K
  class space    used 2446K, capacity 2602K, committed 2608K, reserved 1048576K
}
2017-04-04T06:28:12.432+0200: 2,864: [Rescan (parallel) , 0,0033246 secs]2017-04-04T06:28:12.435+0200: 2,868: [weak refs processing, 0,0006254 secs]2017-04-04T06:28:12.436+0200: 2,868: [class unloading, 0,0028059 secs]2017-04-04T06:28:12.438+0200: 2,871: [scrub symbol table, 0,0026317 secs]2017-04-04T06:28:12.441+0200: 2,874: [scrub string table, 0,0003711 secs][1 CMS-remark: 0K(393216K)] 16999K(502464K), 0,0213581 secs] [Times: user=0,06 sys=0,00, real=0,02 secs] 
2017-04-04T06:28:12.442+0200: 2,875: Total time for which application threads were stopped: 0,0224058 seconds, Stopping threads took: 0,0009730 seconds
2017-04-04T06:28:12.442+0200: 2,875: [CMS-concurrent-sweep-start]
2017-04-04T06:28:12.442+0200: 2,875: [CMS-concurrent-sweep: 0,000/0,000 secs] [Times: user=0,00 sys=0,00, real=0,00 secs] 
2017-04-04T06:28:12.442+0200: 2,875: [CMS-concurrent-reset-start]
2017-04-04T06:28:12.444+0200: 2,877: [CMS-concurrent-reset: 0,002/0,002 secs] [Times: user=0,01 sys=0,00, real=0,01 secs] 
{Heap before GC invocations=5 (full 1):
 par new generation   total 109248K, used 104423K [0x00000000e0000000, 0x00000000e8000000, 0x00000000e8000000)
  eden space 87424K, 100% used [0x00000000e0000000, 0x00000000e5560000, 0x00000000e5560000)
  from space 21824K,  77% used [0x00000000e6ab0000, 0x00000000e7b49d00, 0x00000000e8000000)
  to   space 21824K,   0% used [0x00000000e5560000, 0x00000000e5560000, 0x00000000e6ab0000)
 concurrent mark-sweep generation total 393216K, used 0K [0x00000000e8000000, 0x0000000100000000, 0x0000000100000000)
 Metaspace       used 21349K, capacity 21728K, committed 22012K, reserved 1069056K
  class space    used 2467K, capacity 2635K, committed 2736K, reserved 1048576K
2017-04-04T06:28:12.528+0200: 2,961: [GC (Allocation Failure) 2017-04-04T06:28:12.528+0200: 2,961: [ParNew
Desired survivor size 20112992 bytes, new threshold 8 (max 8)
- age   1:    1068880 bytes,    1068880 total
- age   3:     186480 bytes,    1255360 total
- age   4:    1462128 bytes,    2717488 total
- age   5:     844792 bytes,    3562280 total
- age   6:    6652144 bytes,   10214424 total
: 104423K->12587K(109248K), 0,0145064 secs] 104423K->12587K(502464K), 0,0145899 secs] [Times: user=0,05 sys=0,00, real=0,02 secs] 
Heap after GC invocations=6 (full 1):
 par new generation   total 109248K, used 12587K [0x00000000e0000000, 0x00000000e8000000, 0x00000000e8000000)
  eden space 87424K,   0% used [0x00000000e0000000, 0x00000000e0000000, 0x00000000e5560000)
  from space 21824K,  57% used [0x00000000e5560000, 0x00000000e61aae18, 0x00000000e6ab0000)
  to   space 21824K,   0% used [0x00000000e6ab0000, 0x00000000e6ab0000, 0x00000000e8000000)
 concurrent mark-sweep generation total 393216K, used 0K [0x00000000e8000000, 0x0000000100000000, 0x0000000100000000)
 Metaspace       used 21349K, capacity 21728K, committed 22012K, reserved 1069056K
  class space    used 2467K, capacity 2635K, committed 2736K, reserved 1048576K
}
2017-04-04T06:28:12.543+0200: 2,976: Total time for which application threads were stopped: 0,0148603 seconds, Stopping threads took: 0,0001179 seconds
2017-04-04T06:28:12.579+0200: 3,012: Total time for which application threads were stopped: 0,0002977 seconds, Stopping threads took: 0,0000186 seconds
2017-04-04T06:28:12.803+0200: 3,235: Total time for which application threads were stopped: 0,0004991 seconds, Stopping threads took: 0,0000211 seconds
2017-04-04T06:28:12.819+0200: 3,252: Total time for which application threads were stopped: 0,0006084 seconds, Stopping threads took: 0,0002466 seconds
2017-04-04T06:28:12.957+0200: 3,389: Total time for which application threads were stopped: 0,0007571 seconds, Stopping threads took: 0,0005951 seconds
{Heap before GC invocations=6 (full 1):
 par new generation   total 109248K, used 100013K [0x00000000e0000000, 0x00000000e8000000, 0x00000000e8000000)
  eden space 87424K, 100% used [0x00000000e0000000, 0x00000000e5560000, 0x00000000e5560000)
  from space 21824K,  57% used [0x00000000e5560000, 0x00000000e61ab628, 0x00000000e6ab0000)
  to   space 21824K,   0% used [0x00000000e6ab0000, 0x00000000e6ab0000, 0x00000000e8000000)
 concurrent mark-sweep generation total 393216K, used 0K [0x00000000e8000000, 0x0000000100000000, 0x0000000100000000)
 Metaspace       used 23690K, capacity 24172K, committed 24240K, reserved 1071104K
  class space    used 2778K, capacity 2979K, committed 2992K, reserved 1048576K
2017-04-04T06:28:12.957+0200: 3,390: [GC (GCLocker Initiated GC) 2017-04-04T06:28:12.957+0200: 3,390: [ParNew
Desired survivor size 20112992 bytes, new threshold 8 (max 8)
- age   1:    5130152 bytes,    5130152 total
- age   2:     110160 bytes,    5240312 total
- age   4:     185072 bytes,    5425384 total
- age   5:     284680 bytes,    5710064 total
- age   6:     820528 bytes,    6530592 total
- age   7:    6644104 bytes,   13174696 total
: 100013K->15094K(109248K), 0,0118599 secs] 100013K->15094K(502464K), 0,0119313 secs] [Times: user=0,03 sys=0,01, real=0,01 secs] 
Heap after GC invocations=7 (full 1):
 par new generation   total 109248K, used 15094K [0x00000000e0000000, 0x00000000e8000000, 0x00000000e8000000)
  eden space 87424K,   0% used [0x00000000e0000000, 0x00000000e0000000, 0x00000000e5560000)
  from space 21824K,  69% used [0x00000000e6ab0000, 0x00000000e796db28, 0x00000000e8000000)
  to   space 21824K,   0% used [0x00000000e5560000, 0x00000000e5560000, 0x00000000e6ab0000)
 concurrent mark-sweep generation total 393216K, used 0K [0x00000000e8000000, 0x0000000100000000, 0x0000000100000000)
 Metaspace       used 23690K, capacity 24172K, committed 24240K, reserved 1071104K
  class space    used 2778K, capacity 2979K, committed 2992K, reserved 1048576K
}
2017-04-04T06:28:12.969+0200: 3,402: Total time for which application threads were stopped: 0,0121081 seconds, Stopping threads took: 0,0000329 seconds
2017-04-04T06:28:13.067+0200: 3,499: Total time for which application threads were stopped: 0,0028502 seconds, Stopping threads took: 0,0027527 seconds
{Heap before GC invocations=7 (full 1):
 par new generation   total 109248K, used 107210K [0x00000000e0000000, 0x00000000e8000000, 0x00000000e8000000)
  eden space 87424K, 100% used [0x00000000e0000000, 0x00000000e5560000, 0x00000000e5560000)
  from space 21824K,  90% used [0x00000000e6ab0000, 0x00000000e7e02b90, 0x00000000e8000000)
  to   space 21824K,   0% used [0x00000000e5560000, 0x00000000e5560000, 0x00000000e6ab0000)
 concurrent mark-sweep generation total 393216K, used 0K [0x00000000e8000000, 0x0000000100000000, 0x0000000100000000)
 Metaspace       used 24328K, capacity 24754K, committed 24880K, reserved 1071104K
  class space    used 2856K, capacity 3044K, committed 3120K, reserved 1048576K
2017-04-04T06:28:13.073+0200: 3,506: [GC (GCLocker Initiated GC) 2017-04-04T06:28:13.073+0200: 3,506: [ParNew
Desired survivor size 20112992 bytes, new threshold 8 (max 8)
- age   1:    2047512 bytes,    2047512 total
- age   2:    1821112 bytes,    3868624 total
- age   3:      56984 bytes,    3925608 total
- age   5:     101480 bytes,    4027088 total
- age   6:     194536 bytes,    4221624 total
- age   7:     770192 bytes,    4991816 total
- age   8:    6111376 bytes,   11103192 total
: 107210K->17708K(109248K), 0,0190041 secs] 107210K->17708K(502464K), 0,0191010 secs] [Times: user=0,06 sys=0,01, real=0,02 secs] 
Heap after GC invocations=8 (full 1):
 par new generation   total 109248K, used 17708K [0x00000000e0000000, 0x00000000e8000000, 0x00000000e8000000)
  eden space 87424K,   0% used [0x00000000e0000000, 0x00000000e0000000, 0x00000000e5560000)
  from space 21824K,  81% used [0x00000000e5560000, 0x00000000e66ab310, 0x00000000e6ab0000)
  to   space 21824K,   0% used [0x00000000e6ab0000, 0x00000000e6ab0000, 0x00000000e8000000)
 concurrent mark-sweep generation total 393216K, used 0K [0x00000000e8000000, 0x0000000100000000, 0x0000000100000000)
 Metaspace       used 24328K, capacity 24754K, committed 24880K, reserved 1071104K
  class space    used 2856K, capacity 3044K, committed 3120K, reserved 1048576K
}
2017-04-04T06:28:13.092+0200: 3,525: Total time for which application threads were stopped: 0,0193811 seconds, Stopping threads took: 0,0000927 seconds
{Heap before GC invocations=8 (full 1):
 par new generation   total 109248K, used 105132K [0x00000000e0000000, 0x00000000e8000000, 0x00000000e8000000)
  eden space 87424K, 100% used [0x00000000e0000000, 0x00000000e5560000, 0x00000000e5560000)
  from space 21824K,  81% used [0x00000000e5560000, 0x00000000e66ab310, 0x00000000e6ab0000)
  to   space 21824K,   0% used [0x00000000e6ab0000, 0x00000000e6ab0000, 0x00000000e8000000)
 concurrent mark-sweep generation total 393216K, used 0K [0x00000000e8000000, 0x0000000100000000, 0x0000000100000000)
 Metaspace       used 24804K, capacity 25260K, committed 25392K, reserved 1071104K
  class space    used 2898K, capacity 3081K, committed 3120K, reserved 1048576K
2017-04-04T06:28:13.210+0200: 3,642: [GC (Allocation Failure) 2017-04-04T06:28:13.210+0200: 3,642: [ParNew
Desired survivor size 20112992 bytes, new threshold 8 (max 8)
- age   1:    1024568 bytes,    1024568 total
- age   2:    1022032 bytes,    2046600 total
- age   3:    1796968 bytes,    3843568 total
- age   4:      56984 bytes,    3900552 total
- age   6:      98672 bytes,    3999224 total
- age   7:     191576 bytes,    4190800 total
- age   8:     768720 bytes,    4959520 total
: 105132K->8493K(109248K), 0,0566280 secs] 105132K->14543K(502464K), 0,0566901 secs] [Times: user=0,14 sys=0,00, real=0,06 secs] 
Heap after GC invocations=9 (full 1):
 par new generation   total 109248K, used 8493K [0x00000000e0000000, 0x00000000e8000000, 0x00000000e8000000)
  eden space 87424K,   0% used [0x00000000e0000000, 0x00000000e0000000, 0x00000000e5560000)
  from space 21824K,  38% used [0x00000000e6ab0000, 0x00000000e72fb520, 0x00000000e8000000)
  to   space 21824K,   0% used [0x00000000e5560000, 0x00000000e5560000, 0x00000000e6ab0000)
 concurrent mark-sweep generation total 393216K, used 6050K [0x00000000e8000000, 0x0000000100000000, 0x0000000100000000)
 Metaspace       used 24804K, capacity 25260K, committed 25392K, reserved 1071104K
  class space    used 2898K, capacity 3081K, committed 3120K, reserved 1048576K
}
2017-04-04T06:28:13.266+0200: 3,699: Total time for which application threads were stopped: 0,0569730 seconds, Stopping threads took: 0,0001165 seconds
2017-04-04T06:28:13.460+0200: 3,893: Total time for which application threads were stopped: 0,0004058 seconds, Stopping threads took: 0,0000233 seconds
2017-04-04T06:28:13.548+0200: 3,981: Total time for which application threads were stopped: 0,0005273 seconds, Stopping threads took: 0,0000381 seconds
2017-04-04T06:28:13.565+0200: 3,997: Total time for which application threads were stopped: 0,0005081 seconds, Stopping threads took: 0,0000303 seconds
2017-04-04T06:28:13.624+0200: 4,057: Total time for which application threads were stopped: 0,0003842 seconds, Stopping threads took: 0,0000263 seconds
2017-04-04T06:28:13.627+0200: 4,060: Total time for which application threads were stopped: 0,0004327 seconds, Stopping threads took: 0,0000269 seconds
2017-04-04T06:28:13.646+0200: 4,079: Total time for which application threads were stopped: 0,0001657 seconds, Stopping threads took: 0,0000424 seconds
2017-04-04T06:28:13.647+0200: 4,079: Total time for which application threads were stopped: 0,0000536 seconds, Stopping threads took: 0,0000117 seconds
2017-04-04T06:28:13.651+0200: 4,084: Total time for which application threads were stopped: 0,0040864 seconds, Stopping threads took: 0,0039995 seconds
2017-04-04T06:28:13.653+0200: 4,085: Total time for which application threads were stopped: 0,0001530 seconds, Stopping threads took: 0,0000522 seconds
2017-04-04T06:28:13.653+0200: 4,085: Total time for which application threads were stopped: 0,0000573 seconds, Stopping threads took: 0,0000126 seconds
2017-04-04T06:28:13.653+0200: 4,086: Total time for which application threads were stopped: 0,0000931 seconds, Stopping threads took: 0,0000324 seconds
2017-04-04T06:28:13.653+0200: 4,086: Total time for which application threads were stopped: 0,0000926 seconds, Stopping threads took: 0,0000238 seconds
2017-04-04T06:28:13.655+0200: 4,088: Total time for which application threads were stopped: 0,0001627 seconds, Stopping threads took: 0,0000567 seconds
2017-04-04T06:28:13.658+0200: 4,090: Total time for which application threads were stopped: 0,0004004 seconds, Stopping threads took: 0,0002896 seconds
2017-04-04T06:28:13.658+0200: 4,091: Total time for which application threads were stopped: 0,0004748 seconds, Stopping threads took: 0,0004267 seconds
2017-04-04T06:28:13.661+0200: 4,093: Total time for which application threads were stopped: 0,0021463 seconds, Stopping threads took: 0,0020270 seconds
2017-04-04T06:28:13.661+0200: 4,094: Total time for which application threads were stopped: 0,0004852 seconds, Stopping threads took: 0,0004210 seconds
2017-04-04T06:28:13.666+0200: 4,098: Total time for which application threads were stopped: 0,0001698 seconds, Stopping threads took: 0,0000637 seconds
2017-04-04T06:28:13.666+0200: 4,099: Total time for which application threads were stopped: 0,0001313 seconds, Stopping threads took: 0,0000364 seconds
2017-04-04T06:28:13.666+0200: 4,099: Total time for which application threads were stopped: 0,0001030 seconds, Stopping threads took: 0,0000254 seconds
2017-04-04T06:28:13.667+0200: 4,099: Total time for which application threads were stopped: 0,0001136 seconds, Stopping threads took: 0,0000350 seconds
2017-04-04T06:28:13.667+0200: 4,099: Total time for which application threads were stopped: 0,0000809 seconds, Stopping threads took: 0,0000254 seconds
2017-04-04T06:28:13.667+0200: 4,100: Total time for which application threads were stopped: 0,0000902 seconds, Stopping threads took: 0,0000138 seconds
2017-04-04T06:28:13.667+0200: 4,100: Total time for which application threads were stopped: 0,0000754 seconds, Stopping threads took: 0,0000112 seconds
2017-04-04T06:28:13.667+0200: 4,100: Total time for which application threads were stopped: 0,0001824 seconds, Stopping threads took: 0,0000127 seconds
2017-04-04T06:28:13.670+0200: 4,102: Total time for which application threads were stopped: 0,0001811 seconds, Stopping threads took: 0,0000853 seconds
2017-04-04T06:28:13.670+0200: 4,103: Total time for which application threads were stopped: 0,0000926 seconds, Stopping threads took: 0,0000228 seconds
2017-04-04T06:28:13.670+0200: 4,103: Total time for which application threads were stopped: 0,0000888 seconds, Stopping threads took: 0,0000365 seconds
2017-04-04T06:28:13.670+0200: 4,103: Total time for which application threads were stopped: 0,0000559 seconds, Stopping threads took: 0,0000181 seconds
2017-04-04T06:28:13.671+0200: 4,103: Total time for which application threads were stopped: 0,0000626 seconds, Stopping threads took: 0,0000228 seconds
2017-04-04T06:28:13.671+0200: 4,103: Total time for which application threads were stopped: 0,0000422 seconds, Stopping threads took: 0,0000101 seconds
2017-04-04T06:28:13.671+0200: 4,104: Total time for which application threads were stopped: 0,0002109 seconds, Stopping threads took: 0,0001518 seconds
2017-04-04T06:28:13.671+0200: 4,104: Total time for which application threads were stopped: 0,0001433 seconds, Stopping threads took: 0,0001003 seconds
2017-04-04T06:28:13.679+0200: 4,112: Total time for which application threads were stopped: 0,0001105 seconds, Stopping threads took: 0,0000408 seconds
2017-04-04T06:28:13.679+0200: 4,112: Total time for which application threads were stopped: 0,0000711 seconds, Stopping threads took: 0,0000290 seconds
2017-04-04T06:28:13.679+0200: 4,112: Total time for which application threads were stopped: 0,0000835 seconds, Stopping threads took: 0,0000176 seconds
2017-04-04T06:28:13.679+0200: 4,112: Total time for which application threads were stopped: 0,0000567 seconds, Stopping threads took: 0,0000102 seconds
2017-04-04T06:28:13.680+0200: 4,112: Total time for which application threads were stopped: 0,0000614 seconds, Stopping threads took: 0,0000102 seconds
2017-04-04T06:28:13.680+0200: 4,112: Total time for which application threads were stopped: 0,0000522 seconds, Stopping threads took: 0,0000134 seconds
2017-04-04T06:28:13.680+0200: 4,113: Total time for which application threads were stopped: 0,0003202 seconds, Stopping threads took: 0,0002636 seconds
2017-04-04T06:28:13.680+0200: 4,113: Total time for which application threads were stopped: 0,0000520 seconds, Stopping threads took: 0,0000172 seconds
2017-04-04T06:28:13.680+0200: 4,113: Total time for which application threads were stopped: 0,0000632 seconds, Stopping threads took: 0,0000143 seconds
2017-04-04T06:28:13.680+0200: 4,113: Total time for which application threads were stopped: 0,0000536 seconds, Stopping threads took: 0,0000089 seconds
2017-04-04T06:28:13.680+0200: 4,113: Total time for which application threads were stopped: 0,0000475 seconds, Stopping threads took: 0,0000086 seconds
2017-04-04T06:28:13.681+0200: 4,113: Total time for which application threads were stopped: 0,0002122 seconds, Stopping threads took: 0,0001599 seconds
2017-04-04T06:28:13.681+0200: 4,113: Total time for which application threads were stopped: 0,0000525 seconds, Stopping threads took: 0,0000174 seconds
2017-04-04T06:28:13.681+0200: 4,114: Total time for which application threads were stopped: 0,0000589 seconds, Stopping threads took: 0,0000132 seconds
2017-04-04T06:28:13.681+0200: 4,114: Total time for which application threads were stopped: 0,0001277 seconds, Stopping threads took: 0,0000088 seconds
2017-04-04T06:28:13.724+0200: 4,156: Total time for which application threads were stopped: 0,0002126 seconds, Stopping threads took: 0,0000652 seconds
2017-04-04T06:28:13.742+0200: 4,174: Total time for which application threads were stopped: 0,0004179 seconds, Stopping threads took: 0,0000581 seconds
2017-04-04T06:28:13.742+0200: 4,175: Total time for which application threads were stopped: 0,0000895 seconds, Stopping threads took: 0,0000197 seconds
2017-04-04T06:28:13.747+0200: 4,179: Total time for which application threads were stopped: 0,0001576 seconds, Stopping threads took: 0,0000531 seconds
2017-04-04T06:28:14.747+0200: 5,180: Total time for which application threads were stopped: 0,0000998 seconds, Stopping threads took: 0,0000169 seconds
2017-04-04T06:29:35.982+0200: 87,189: Total time for which application threads were stopped: 0,0000631 seconds, Stopping threads took: 0,0000164 seconds
2017-04-04T06:30:10.986+0200: 122,194: Total time for which application threads were stopped: 0,0001037 seconds, Stopping threads took: 0,0000349 seconds
{Heap before GC invocations=9 (full 1):
 par new generation   total 109248K, used 95917K [0x00000000e0000000, 0x00000000e8000000, 0x00000000e8000000)
  eden space 87424K, 100% used [0x00000000e0000000, 0x00000000e5560000, 0x00000000e5560000)
  from space 21824K,  38% used [0x00000000e6ab0000, 0x00000000e72fb520, 0x00000000e8000000)
  to   space 21824K,   0% used [0x00000000e5560000, 0x00000000e5560000, 0x00000000e6ab0000)
 concurrent mark-sweep generation total 393216K, used 6050K [0x00000000e8000000, 0x0000000100000000, 0x0000000100000000)
 Metaspace       used 28016K, capacity 28488K, committed 28848K, reserved 1075200K
  class space    used 3213K, capacity 3387K, committed 3504K, reserved 1048576K
2017-04-04T06:31:04.840+0200: 176,047: [GC (Allocation Failure) 2017-04-04T06:31:04.840+0200: 176,047: [ParNew
Desired survivor size 20112992 bytes, new threshold 8 (max 8)
- age   1:   11147056 bytes,   11147056 total
- age   2:     253960 bytes,   11401016 total
- age   3:     227632 bytes,   11628648 total
- age   4:    1791920 bytes,   13420568 total
- age   5:      56984 bytes,   13477552 total
- age   7:      98544 bytes,   13576096 total
- age   8:     191144 bytes,   13767240 total
: 95917K->14506K(109248K), 0,0196463 secs] 101967K->21393K(502464K), 0,0197790 secs] [Times: user=0,06 sys=0,00, real=0,02 secs] 
Heap after GC invocations=10 (full 1):
 par new generation   total 109248K, used 14506K [0x00000000e0000000, 0x00000000e8000000, 0x00000000e8000000)
  eden space 87424K,   0% used [0x00000000e0000000, 0x00000000e0000000, 0x00000000e5560000)
  from space 21824K,  66% used [0x00000000e5560000, 0x00000000e638aaf0, 0x00000000e6ab0000)
  to   space 21824K,   0% used [0x00000000e6ab0000, 0x00000000e6ab0000, 0x00000000e8000000)
 concurrent mark-sweep generation total 393216K, used 6886K [0x00000000e8000000, 0x0000000100000000, 0x0000000100000000)
 Metaspace       used 28016K, capacity 28488K, committed 28848K, reserved 1075200K
  class space    used 3213K, capacity 3387K, committed 3504K, reserved 1048576K
}
2017-04-04T06:31:04.860+0200: 176,067: Total time for which application threads were stopped: 0,0200568 seconds, Stopping threads took: 0,0000642 seconds
2017-04-04T06:31:04.861+0200: 176,068: Total time for which application threads were stopped: 0,0000716 seconds, Stopping threads took: 0,0000297 seconds
2017-04-04T06:31:04.861+0200: 176,068: Total time for which application threads were stopped: 0,0000526 seconds, Stopping threads took: 0,0000249 seconds
2017-04-04T06:31:09.861+0200: 181,069: Total time for which application threads were stopped: 0,0000685 seconds, Stopping threads took: 0,0000188 seconds
2017-04-04T06:32:39.874+0200: 271,082: Total time for which application threads were stopped: 0,0000784 seconds, Stopping threads took: 0,0000340 seconds
2017-04-04T06:32:45.875+0200: 277,082: Total time for which application threads were stopped: 0,0000952 seconds, Stopping threads took: 0,0000376 seconds
2017-04-04T06:51:35.021+0200: 1406,228: Total time for which application threads were stopped: 0,0000882 seconds, Stopping threads took: 0,0000318 seconds
2017-04-04T06:55:50.056+0200: 1661,264: Total time for which application threads were stopped: 0,0000815 seconds, Stopping threads took: 0,0000330 seconds
2017-04-04T06:56:00.058+0200: 1671,265: Total time for which application threads were stopped: 0,0000870 seconds, Stopping threads took: 0,0000332 seconds
2017-04-04T07:06:30.145+0200: 2301,352: Total time for which application threads were stopped: 0,0000890 seconds, Stopping threads took: 0,0000334 seconds
2017-04-04T07:06:31.145+0200: 2302,352: Total time for which application threads were stopped: 0,0001495 seconds, Stopping threads took: 0,0000361 seconds
2017-04-04T07:23:11.281+0200: 3302,489: Total time for which application threads were stopped: 0,0000875 seconds, Stopping threads took: 0,0000345 seconds
2017-04-04T07:33:05.364+0200: 3896,571: Total time for which application threads were stopped: 0,0001659 seconds, Stopping threads took: 0,0000609 seconds
2017-04-04T07:33:25.367+0200: 3916,574: Total time for which application threads were stopped: 0,0001484 seconds, Stopping threads took: 0,0000532 seconds
2017-04-04T07:49:11.499+0200: 4862,707: Total time for which application threads were stopped: 0,0000857 seconds, Stopping threads took: 0,0000318 seconds
2017-04-04T07:49:46.504+0200: 4897,712: Total time for which application threads were stopped: 0,0000881 seconds, Stopping threads took: 0,0000345 seconds
2017-04-04T08:24:40.798+0200: 6992,005: Total time for which application threads were stopped: 0,0000866 seconds, Stopping threads took: 0,0000313 seconds
2017-04-04T08:27:01.817+0200: 7133,024: Total time for which application threads were stopped: 0,0000778 seconds, Stopping threads took: 0,0000300 seconds
2017-04-04T08:30:10.844+0200: 7322,051: Total time for which application threads were stopped: 0,0001449 seconds, Stopping threads took: 0,0000507 seconds
2017-04-04T08:36:10.894+0200: 7682,101: Total time for which application threads were stopped: 0,0001192 seconds, Stopping threads took: 0,0000505 seconds
2017-04-04T08:36:40.898+0200: 7712,106: Total time for which application threads were stopped: 0,0000812 seconds, Stopping threads took: 0,0000320 seconds
2017-04-04T08:44:38.555+0200: 8189,763: Total time for which application threads were stopped: 0,0203281 seconds, Stopping threads took: 0,0202323 seconds
2017-04-04T08:44:38.556+0200: 8189,763: Total time for which application threads were stopped: 0,0000841 seconds, Stopping threads took: 0,0000131 seconds
2017-04-04T08:44:38.598+0200: 8189,805: Total time for which application threads were stopped: 0,0025247 seconds, Stopping threads took: 0,0024392 seconds
2017-04-04T08:44:38.600+0200: 8189,807: Total time for which application threads were stopped: 0,0001122 seconds, Stopping threads took: 0,0000243 seconds
2017-04-04T08:44:38.604+0200: 8189,811: Total time for which application threads were stopped: 0,0000798 seconds, Stopping threads took: 0,0000203 seconds
2017-04-04T08:44:38.607+0200: 8189,814: Total time for which application threads were stopped: 0,0000862 seconds, Stopping threads took: 0,0000164 seconds
Heap
 par new generation   total 109248K, used 33702K [0x00000000e0000000, 0x00000000e8000000, 0x00000000e8000000)
  eden space 87424K,  21% used [0x00000000e0000000, 0x00000000e12bf080, 0x00000000e5560000)
  from space 21824K,  66% used [0x00000000e5560000, 0x00000000e638aaf0, 0x00000000e6ab0000)
  to   space 21824K,   0% used [0x00000000e6ab0000, 0x00000000e6ab0000, 0x00000000e8000000)
 concurrent mark-sweep generation total 393216K, used 6886K [0x00000000e8000000, 0x0000000100000000, 0x0000000100000000)
 Metaspace       used 28159K, capacity 28720K, committed 29104K, reserved 1075200K
  class space    used 3227K, capacity 3421K, committed 3504K, reserved 1048576K
