OpenJDK 64-Bit Server VM (25.111-b14) for linux-amd64 JRE (1.8.0_111-8u111-b14-2ubuntu0.16.04.2-b14), built on Oct 27 2016 18:10:19 by "buildd" with gcc 5.4.0 20160609
Memory: 4k page, physical 7867848k(7386524k free), swap 8076284k(8076284k free)
CommandLine flags: -XX:CMSInitiatingOccupancyFraction=50 -XX:CMSMaxAbortablePrecleanTime=6000 -XX:+CMSParallelRemarkEnabled -XX:+CMSScavengeBeforeRemark -XX:ConcGCThreads=4 -XX:InitialHeapSize=536870912 -XX:MaxHeapSize=536870912 -XX:MaxTenuringThreshold=8 -XX:NewRatio=3 -XX:OldPLABSize=16 -XX:OnOutOfMemoryError=/opt/solr/bin/oom_solr.sh 8983 /var/solr/logs -XX:ParallelGCThreads=4 -XX:+ParallelRefProcEnabled -XX:PretenureSizeThreshold=67108864 -XX:+PrintGC -XX:+PrintGCApplicationStoppedTime -XX:+PrintGCDateStamps -XX:+PrintGCDetails -XX:+PrintGCTimeStamps -XX:+PrintHeapAtGC -XX:+PrintTenuringDistribution -XX:SurvivorRatio=4 -XX:TargetSurvivorRatio=90 -XX:ThreadStackSize=256 -XX:+UseCMSInitiatingOccupancyOnly -XX:+UseCompressedClassPointers -XX:+UseCompressedOops -XX:+UseConcMarkSweepGC -XX:+UseParNewGC 
2016-11-30T22:27:05.825+0100: 0,136: Total time for which application threads were stopped: 0,0000639 seconds, Stopping threads took: 0,0000127 seconds
2016-11-30T22:27:05.942+0100: 0,253: Total time for which application threads were stopped: 0,0001239 seconds, Stopping threads took: 0,0000301 seconds
2016-11-30T22:27:05.961+0100: 0,272: Total time for which application threads were stopped: 0,0000888 seconds, Stopping threads took: 0,0000088 seconds
2016-11-30T22:27:06.220+0100: 0,531: Total time for which application threads were stopped: 0,0001222 seconds, Stopping threads took: 0,0000100 seconds
2016-11-30T22:27:06.747+0100: 1,058: Total time for which application threads were stopped: 0,0001628 seconds, Stopping threads took: 0,0000127 seconds
2016-11-30T22:27:06.807+0100: 1,118: Total time for which application threads were stopped: 0,0001593 seconds, Stopping threads took: 0,0000331 seconds
2016-11-30T22:27:06.829+0100: 1,141: Total time for which application threads were stopped: 0,0002067 seconds, Stopping threads took: 0,0000674 seconds
2016-11-30T22:27:07.380+0100: 1,691: Total time for which application threads were stopped: 0,0001661 seconds, Stopping threads took: 0,0000125 seconds
2016-11-30T22:27:07.621+0100: 1,932: Total time for which application threads were stopped: 0,0002000 seconds, Stopping threads took: 0,0000123 seconds
2016-11-30T22:27:07.652+0100: 1,964: Total time for which application threads were stopped: 0,0006328 seconds, Stopping threads took: 0,0000141 seconds
2016-11-30T22:27:07.654+0100: 1,965: Total time for which application threads were stopped: 0,0001406 seconds, Stopping threads took: 0,0000097 seconds
2016-11-30T22:27:07.672+0100: 1,983: Total time for which application threads were stopped: 0,0001684 seconds, Stopping threads took: 0,0000127 seconds
2016-11-30T22:27:07.805+0100: 2,116: Total time for which application threads were stopped: 0,0002484 seconds, Stopping threads took: 0,0000369 seconds
2016-11-30T22:27:08.034+0100: 2,346: Total time for which application threads were stopped: 0,0002637 seconds, Stopping threads took: 0,0000175 seconds
{Heap before GC invocations=0 (full 0):
 par new generation   total 109248K, used 87424K [0x00000000e0000000, 0x00000000e8000000, 0x00000000e8000000)
  eden space 87424K, 100% used [0x00000000e0000000, 0x00000000e5560000, 0x00000000e5560000)
  from space 21824K,   0% used [0x00000000e5560000, 0x00000000e5560000, 0x00000000e6ab0000)
  to   space 21824K,   0% used [0x00000000e6ab0000, 0x00000000e6ab0000, 0x00000000e8000000)
 concurrent mark-sweep generation total 393216K, used 0K [0x00000000e8000000, 0x0000000100000000, 0x0000000100000000)
 Metaspace       used 18061K, capacity 18366K, committed 18560K, reserved 1064960K
  class space    used 2054K, capacity 2162K, committed 2176K, reserved 1048576K
2016-11-30T22:27:08.190+0100: 2,501: [GC (Allocation Failure) 2016-11-30T22:27:08.190+0100: 2,501: [ParNew
Desired survivor size 20112992 bytes, new threshold 8 (max 8)
- age   1:   12322712 bytes,   12322712 total
: 87424K->12150K(109248K), 0,0186139 secs] 87424K->12150K(502464K), 0,0187230 secs] [Times: user=0,05 sys=0,01, real=0,02 secs] 
Heap after GC invocations=1 (full 0):
 par new generation   total 109248K, used 12150K [0x00000000e0000000, 0x00000000e8000000, 0x00000000e8000000)
  eden space 87424K,   0% used [0x00000000e0000000, 0x00000000e0000000, 0x00000000e5560000)
  from space 21824K,  55% used [0x00000000e6ab0000, 0x00000000e768d818, 0x00000000e8000000)
  to   space 21824K,   0% used [0x00000000e5560000, 0x00000000e5560000, 0x00000000e6ab0000)
 concurrent mark-sweep generation total 393216K, used 0K [0x00000000e8000000, 0x0000000100000000, 0x0000000100000000)
 Metaspace       used 18061K, capacity 18366K, committed 18560K, reserved 1064960K
  class space    used 2054K, capacity 2162K, committed 2176K, reserved 1048576K
}
2016-11-30T22:27:08.208+0100: 2,520: Total time for which application threads were stopped: 0,0189364 seconds, Stopping threads took: 0,0000212 seconds
2016-11-30T22:27:08.411+0100: 2,722: Total time for which application threads were stopped: 0,0003784 seconds, Stopping threads took: 0,0000499 seconds
2016-11-30T22:27:08.461+0100: 2,772: Total time for which application threads were stopped: 0,0003417 seconds, Stopping threads took: 0,0000445 seconds
2016-11-30T22:27:08.505+0100: 2,816: Total time for which application threads were stopped: 0,0003548 seconds, Stopping threads took: 0,0000352 seconds
{Heap before GC invocations=1 (full 0):
 par new generation   total 109248K, used 99574K [0x00000000e0000000, 0x00000000e8000000, 0x00000000e8000000)
  eden space 87424K, 100% used [0x00000000e0000000, 0x00000000e5560000, 0x00000000e5560000)
  from space 21824K,  55% used [0x00000000e6ab0000, 0x00000000e768d818, 0x00000000e8000000)
  to   space 21824K,   0% used [0x00000000e5560000, 0x00000000e5560000, 0x00000000e6ab0000)
 concurrent mark-sweep generation total 393216K, used 0K [0x00000000e8000000, 0x0000000100000000, 0x0000000100000000)
 Metaspace       used 20680K, capacity 21016K, committed 21248K, reserved 1069056K
  class space    used 2403K, capacity 2518K, committed 2560K, reserved 1048576K
2016-11-30T22:27:08.715+0100: 3,026: [GC (Allocation Failure) 2016-11-30T22:27:08.715+0100: 3,026: [ParNew
Desired survivor size 20112992 bytes, new threshold 8 (max 8)
- age   1:    3358640 bytes,    3358640 total
- age   2:    6101768 bytes,    9460408 total
: 99574K->13222K(109248K), 0,0235190 secs] 99574K->13222K(502464K), 0,0236021 secs] [Times: user=0,06 sys=0,00, real=0,02 secs] 
Heap after GC invocations=2 (full 0):
 par new generation   total 109248K, used 13222K [0x00000000e0000000, 0x00000000e8000000, 0x00000000e8000000)
  eden space 87424K,   0% used [0x00000000e0000000, 0x00000000e0000000, 0x00000000e5560000)
  from space 21824K,  60% used [0x00000000e5560000, 0x00000000e6249b58, 0x00000000e6ab0000)
  to   space 21824K,   0% used [0x00000000e6ab0000, 0x00000000e6ab0000, 0x00000000e8000000)
 concurrent mark-sweep generation total 393216K, used 0K [0x00000000e8000000, 0x0000000100000000, 0x0000000100000000)
 Metaspace       used 20680K, capacity 21016K, committed 21248K, reserved 1069056K
  class space    used 2403K, capacity 2518K, committed 2560K, reserved 1048576K
}
2016-11-30T22:27:08.738+0100: 3,050: Total time for which application threads were stopped: 0,0239247 seconds, Stopping threads took: 0,0000663 seconds
2016-11-30T22:27:08.828+0100: 3,139: Total time for which application threads were stopped: 0,0000920 seconds, Stopping threads took: 0,0000167 seconds
2016-11-30T22:27:08.870+0100: 3,181: Total time for which application threads were stopped: 0,0002903 seconds, Stopping threads took: 0,0000136 seconds
2016-11-30T22:27:08.876+0100: 3,187: Total time for which application threads were stopped: 0,0001130 seconds, Stopping threads took: 0,0000499 seconds
2016-11-30T22:27:08.907+0100: 3,218: Total time for which application threads were stopped: 0,0000953 seconds, Stopping threads took: 0,0000192 seconds
2016-11-30T22:27:08.986+0100: 3,297: Total time for which application threads were stopped: 0,0001618 seconds, Stopping threads took: 0,0000361 seconds
2016-11-30T22:27:09.013+0100: 3,325: Total time for which application threads were stopped: 0,0001316 seconds, Stopping threads took: 0,0000526 seconds
2016-11-30T22:27:09.022+0100: 3,334: Total time for which application threads were stopped: 0,0003577 seconds, Stopping threads took: 0,0000392 seconds
2016-11-30T22:27:09.034+0100: 3,345: Total time for which application threads were stopped: 0,0003423 seconds, Stopping threads took: 0,0000228 seconds
2016-11-30T22:27:09.047+0100: 3,358: Total time for which application threads were stopped: 0,0022734 seconds, Stopping threads took: 0,0021798 seconds
2016-11-30T22:27:09.087+0100: 3,399: Total time for which application threads were stopped: 0,0000813 seconds, Stopping threads took: 0,0000173 seconds
2016-11-30T22:27:09.104+0100: 3,415: Total time for which application threads were stopped: 0,0000814 seconds, Stopping threads took: 0,0000162 seconds
2016-11-30T22:27:09.136+0100: 3,447: Total time for which application threads were stopped: 0,0000997 seconds, Stopping threads took: 0,0000204 seconds
2016-11-30T22:27:09.168+0100: 3,480: Total time for which application threads were stopped: 0,0000997 seconds, Stopping threads took: 0,0000233 seconds
2016-11-30T22:27:09.200+0100: 3,511: Total time for which application threads were stopped: 0,0001393 seconds, Stopping threads took: 0,0000284 seconds
2016-11-30T22:27:09.278+0100: 3,589: Total time for which application threads were stopped: 0,0001316 seconds, Stopping threads took: 0,0000511 seconds
2016-11-30T22:27:09.330+0100: 3,642: Total time for which application threads were stopped: 0,0003358 seconds, Stopping threads took: 0,0000220 seconds
{Heap before GC invocations=2 (full 0):
 par new generation   total 109248K, used 100646K [0x00000000e0000000, 0x00000000e8000000, 0x00000000e8000000)
  eden space 87424K, 100% used [0x00000000e0000000, 0x00000000e5560000, 0x00000000e5560000)
  from space 21824K,  60% used [0x00000000e5560000, 0x00000000e6249b58, 0x00000000e6ab0000)
  to   space 21824K,   0% used [0x00000000e6ab0000, 0x00000000e6ab0000, 0x00000000e8000000)
 concurrent mark-sweep generation total 393216K, used 0K [0x00000000e8000000, 0x0000000100000000, 0x0000000100000000)
 Metaspace       used 24779K, capacity 25096K, committed 25280K, reserved 1071104K
  class space    used 2894K, capacity 3025K, committed 3092K, reserved 1048576K
2016-11-30T22:27:09.340+0100: 3,651: [GC (Allocation Failure) 2016-11-30T22:27:09.340+0100: 3,651: [ParNew
Desired survivor size 20112992 bytes, new threshold 8 (max 8)
- age   1:    5187944 bytes,    5187944 total
- age   2:     546840 bytes,    5734784 total
- age   3:    6094824 bytes,   11829608 total
: 100646K->14722K(109248K), 0,0247545 secs] 100646K->14722K(502464K), 0,0248410 secs] [Times: user=0,06 sys=0,00, real=0,02 secs] 
Heap after GC invocations=3 (full 0):
 par new generation   total 109248K, used 14722K [0x00000000e0000000, 0x00000000e8000000, 0x00000000e8000000)
  eden space 87424K,   0% used [0x00000000e0000000, 0x00000000e0000000, 0x00000000e5560000)
  from space 21824K,  67% used [0x00000000e6ab0000, 0x00000000e7910828, 0x00000000e8000000)
  to   space 21824K,   0% used [0x00000000e5560000, 0x00000000e5560000, 0x00000000e6ab0000)
 concurrent mark-sweep generation total 393216K, used 0K [0x00000000e8000000, 0x0000000100000000, 0x0000000100000000)
 Metaspace       used 24779K, capacity 25096K, committed 25280K, reserved 1071104K
  class space    used 2894K, capacity 3025K, committed 3092K, reserved 1048576K
}
2016-11-30T22:27:09.365+0100: 3,676: Total time for which application threads were stopped: 0,0250082 seconds, Stopping threads took: 0,0000375 seconds
2016-11-30T22:27:09.369+0100: 3,680: [GC (CMS Initial Mark) [1 CMS-initial-mark: 0K(393216K)] 15205K(502464K), 0,0033446 secs] [Times: user=0,01 sys=0,00, real=0,01 secs] 
2016-11-30T22:27:09.372+0100: 3,684: Total time for which application threads were stopped: 0,0037854 seconds, Stopping threads took: 0,0003647 seconds
2016-11-30T22:27:09.372+0100: 3,684: [CMS-concurrent-mark-start]
2016-11-30T22:27:09.376+0100: 3,687: [CMS-concurrent-mark: 0,004/0,004 secs] [Times: user=0,01 sys=0,00, real=0,00 secs] 
2016-11-30T22:27:09.376+0100: 3,688: Total time for which application threads were stopped: 0,0001012 seconds, Stopping threads took: 0,0000209 seconds
2016-11-30T22:27:09.376+0100: 3,688: [CMS-concurrent-preclean-start]
2016-11-30T22:27:09.377+0100: 3,689: [CMS-concurrent-preclean: 0,001/0,001 secs] [Times: user=0,00 sys=0,00, real=0,00 secs] 
2016-11-30T22:27:09.377+0100: 3,689: [CMS-concurrent-abortable-preclean-start]
2016-11-30T22:27:09.384+0100: 3,695: Total time for which application threads were stopped: 0,0000769 seconds, Stopping threads took: 0,0000230 seconds
2016-11-30T22:27:09.433+0100: 3,744: Total time for which application threads were stopped: 0,0001642 seconds, Stopping threads took: 0,0000307 seconds
2016-11-30T22:27:09.486+0100: 3,797: Total time for which application threads were stopped: 0,0001270 seconds, Stopping threads took: 0,0000335 seconds
2016-11-30T22:27:09.523+0100: 3,834: Total time for which application threads were stopped: 0,0001103 seconds, Stopping threads took: 0,0000240 seconds
2016-11-30T22:27:09.570+0100: 3,882: Total time for which application threads were stopped: 0,0001163 seconds, Stopping threads took: 0,0000350 seconds
2016-11-30T22:27:09.600+0100: 3,911: Total time for which application threads were stopped: 0,0061226 seconds, Stopping threads took: 0,0060317 seconds
2016-11-30T22:27:09.638+0100: 3,950: Total time for which application threads were stopped: 0,0001173 seconds, Stopping threads took: 0,0000182 seconds
2016-11-30T22:27:09.639+0100: 3,950: Total time for which application threads were stopped: 0,0001034 seconds, Stopping threads took: 0,0000599 seconds
2016-11-30T22:27:09.752+0100: 4,064: Total time for which application threads were stopped: 0,0003505 seconds, Stopping threads took: 0,0000211 seconds
 CMS: abort preclean due to time 2016-11-30T22:27:15.545+0100: 9,856: [CMS-concurrent-abortable-preclean: 2,923/6,168 secs] [Times: user=3,39 sys=0,05, real=6,17 secs] 
2016-11-30T22:27:15.545+0100: 9,856: [GC (CMS Final Remark) [YG occupancy: 37868 K (109248 K)]{Heap before GC invocations=3 (full 1):
 par new generation   total 109248K, used 37868K [0x00000000e0000000, 0x00000000e8000000, 0x00000000e8000000)
  eden space 87424K,  26% used [0x00000000e0000000, 0x00000000e169a930, 0x00000000e5560000)
  from space 21824K,  67% used [0x00000000e6ab0000, 0x00000000e7910828, 0x00000000e8000000)
  to   space 21824K,   0% used [0x00000000e5560000, 0x00000000e5560000, 0x00000000e6ab0000)
 concurrent mark-sweep generation total 393216K, used 0K [0x00000000e8000000, 0x0000000100000000, 0x0000000100000000)
 Metaspace       used 27067K, capacity 27432K, committed 27604K, reserved 1073152K
  class space    used 3145K, capacity 3287K, committed 3296K, reserved 1048576K
2016-11-30T22:27:15.545+0100: 9,856: [GC (CMS Final Remark) 2016-11-30T22:27:15.545+0100: 9,857: [ParNew
Desired survivor size 20112992 bytes, new threshold 8 (max 8)
- age   1:    5997160 bytes,    5997160 total
- age   2:    1650728 bytes,    7647888 total
- age   3:     542456 bytes,    8190344 total
- age   4:    6058072 bytes,   14248416 total
: 37868K->19680K(109248K), 0,0282792 secs] 37868K->19680K(502464K), 0,0283437 secs] [Times: user=0,05 sys=0,01, real=0,03 secs] 
Heap after GC invocations=4 (full 1):
 par new generation   total 109248K, used 19680K [0x00000000e0000000, 0x00000000e8000000, 0x00000000e8000000)
  eden space 87424K,   0% used [0x00000000e0000000, 0x00000000e0000000, 0x00000000e5560000)
  from space 21824K,  90% used [0x00000000e5560000, 0x00000000e6898200, 0x00000000e6ab0000)
  to   space 21824K,   0% used [0x00000000e6ab0000, 0x00000000e6ab0000, 0x00000000e8000000)
 concurrent mark-sweep generation total 393216K, used 0K [0x00000000e8000000, 0x0000000100000000, 0x0000000100000000)
 Metaspace       used 27067K, capacity 27432K, committed 27604K, reserved 1073152K
  class space    used 3145K, capacity 3287K, committed 3296K, reserved 1048576K
}
2016-11-30T22:27:15.574+0100: 9,885: [Rescan (parallel) , 0,0124459 secs]2016-11-30T22:27:15.586+0100: 9,897: [weak refs processing, 0,0035135 secs]2016-11-30T22:27:15.590+0100: 9,901: [class unloading, 0,0073557 secs]2016-11-30T22:27:15.597+0100: 9,908: [scrub symbol table, 0,0054494 secs]2016-11-30T22:27:15.602+0100: 9,914: [scrub string table, 0,0005744 secs][1 CMS-remark: 0K(393216K)] 19680K(502464K), 0,0587659 secs] [Times: user=0,09 sys=0,01, real=0,06 secs] 
2016-11-30T22:27:15.604+0100: 9,915: Total time for which application threads were stopped: 0,0588632 seconds, Stopping threads took: 0,0000176 seconds
2016-11-30T22:27:15.605+0100: 9,916: [CMS-concurrent-sweep-start]
2016-11-30T22:27:15.605+0100: 9,916: [CMS-concurrent-sweep: 0,000/0,000 secs] [Times: user=0,00 sys=0,00, real=0,00 secs] 
2016-11-30T22:27:15.605+0100: 9,916: [CMS-concurrent-reset-start]
2016-11-30T22:27:15.607+0100: 9,918: [CMS-concurrent-reset: 0,002/0,002 secs] [Times: user=0,00 sys=0,00, real=0,00 secs] 
2016-11-30T22:29:48.020+0100: 162,933: Total time for which application threads were stopped: 0,0001612 seconds, Stopping threads took: 0,0000640 seconds
2016-11-30T22:30:07.022+0100: 181,935: Total time for which application threads were stopped: 0,0000759 seconds, Stopping threads took: 0,0000342 seconds
2016-11-30T22:31:03.028+0100: 237,941: Total time for which application threads were stopped: 0,0001015 seconds, Stopping threads took: 0,0000439 seconds
2016-11-30T22:31:37.033+0100: 271,946: Total time for which application threads were stopped: 0,0001556 seconds, Stopping threads took: 0,0000602 seconds
2016-11-30T22:31:53.035+0100: 287,949: Total time for which application threads were stopped: 0,0000625 seconds, Stopping threads took: 0,0000191 seconds
2016-11-30T22:37:53.077+0100: 647,990: Total time for which application threads were stopped: 0,0004063 seconds, Stopping threads took: 0,0001323 seconds
2016-11-30T22:43:13.110+0100: 968,024: Total time for which application threads were stopped: 0,0003330 seconds, Stopping threads took: 0,0001990 seconds
2016-11-30T22:50:52.157+0100: 1427,070: Total time for which application threads were stopped: 0,0001035 seconds, Stopping threads took: 0,0000373 seconds
2016-11-30T22:55:37.186+0100: 1712,099: Total time for which application threads were stopped: 0,0000772 seconds, Stopping threads took: 0,0000261 seconds
2016-11-30T22:58:53.206+0100: 1908,119: Total time for which application threads were stopped: 0,0000827 seconds, Stopping threads took: 0,0000305 seconds
2016-11-30T23:05:46.242+0100: 2321,155: Total time for which application threads were stopped: 0,0000945 seconds, Stopping threads took: 0,0000395 seconds
2016-11-30T23:05:48.242+0100: 2323,155: Total time for which application threads were stopped: 0,0000626 seconds, Stopping threads took: 0,0000141 seconds
2016-11-30T23:08:18.255+0100: 2473,168: Total time for which application threads were stopped: 0,0004341 seconds, Stopping threads took: 0,0001817 seconds
2016-11-30T23:09:37.264+0100: 2552,177: Total time for which application threads were stopped: 0,0002303 seconds, Stopping threads took: 0,0000324 seconds
2016-11-30T23:20:23.330+0100: 3198,243: Total time for which application threads were stopped: 0,0001175 seconds, Stopping threads took: 0,0000513 seconds
2016-11-30T23:29:37.381+0100: 3752,294: Total time for which application threads were stopped: 0,0001507 seconds, Stopping threads took: 0,0000545 seconds
2016-11-30T23:31:21.389+0100: 3856,303: Total time for which application threads were stopped: 0,0000793 seconds, Stopping threads took: 0,0000289 seconds
2016-11-30T23:31:26.390+0100: 3861,303: Total time for which application threads were stopped: 0,0003083 seconds, Stopping threads took: 0,0000635 seconds
2016-11-30T23:34:07.404+0100: 4022,317: Total time for which application threads were stopped: 0,0000882 seconds, Stopping threads took: 0,0000337 seconds
2016-12-01T00:11:27.591+0100: 6262,504: Total time for which application threads were stopped: 0,0000902 seconds, Stopping threads took: 0,0000379 seconds
2016-12-01T00:12:42.598+0100: 6337,511: Total time for which application threads were stopped: 0,0002325 seconds, Stopping threads took: 0,0001671 seconds
2016-12-01T00:13:07.600+0100: 6362,513: Total time for which application threads were stopped: 0,0000902 seconds, Stopping threads took: 0,0000280 seconds
2016-12-01T00:32:07.727+0100: 7502,641: Total time for which application threads were stopped: 0,0000816 seconds, Stopping threads took: 0,0000318 seconds
2016-12-01T00:32:37.731+0100: 7532,644: Total time for which application threads were stopped: 0,0001034 seconds, Stopping threads took: 0,0000398 seconds
2016-12-01T00:35:07.750+0100: 7682,663: Total time for which application threads were stopped: 0,0000737 seconds, Stopping threads took: 0,0000285 seconds
2016-12-01T01:13:38.740+0100: 9993,653: Total time for which application threads were stopped: 0,0001056 seconds, Stopping threads took: 0,0000151 seconds
Heap
 par new generation   total 109248K, used 46067K [0x00000000e0000000, 0x00000000e8000000, 0x00000000e8000000)
  eden space 87424K,  30% used [0x00000000e0000000, 0x00000000e19c4b80, 0x00000000e5560000)
  from space 21824K,  90% used [0x00000000e5560000, 0x00000000e6898200, 0x00000000e6ab0000)
  to   space 21824K,   0% used [0x00000000e6ab0000, 0x00000000e6ab0000, 0x00000000e8000000)
 concurrent mark-sweep generation total 393216K, used 0K [0x00000000e8000000, 0x0000000100000000, 0x0000000100000000)
 Metaspace       used 27207K, capacity 27662K, committed 27988K, reserved 1073152K
  class space    used 3161K, capacity 3320K, committed 3424K, reserved 1048576K
