OpenJDK 64-Bit Server VM (25.111-b14) for linux-amd64 JRE (1.8.0_111-8u111-b14-2ubuntu0.16.04.2-b14), built on Oct 27 2016 18:10:19 by "buildd" with gcc 5.4.0 20160609
Memory: 4k page, physical 7867848k(7454412k free), swap 8076284k(8076284k free)
CommandLine flags: -XX:CMSInitiatingOccupancyFraction=50 -XX:CMSMaxAbortablePrecleanTime=6000 -XX:+CMSParallelRemarkEnabled -XX:+CMSScavengeBeforeRemark -XX:ConcGCThreads=4 -XX:InitialHeapSize=536870912 -XX:MaxHeapSize=536870912 -XX:MaxTenuringThreshold=8 -XX:NewRatio=3 -XX:OldPLABSize=16 -XX:OnOutOfMemoryError=/opt/solr/bin/oom_solr.sh 8983 /var/solr/logs -XX:ParallelGCThreads=4 -XX:+ParallelRefProcEnabled -XX:PretenureSizeThreshold=67108864 -XX:+PrintGC -XX:+PrintGCApplicationStoppedTime -XX:+PrintGCDateStamps -XX:+PrintGCDetails -XX:+PrintGCTimeStamps -XX:+PrintHeapAtGC -XX:+PrintTenuringDistribution -XX:SurvivorRatio=4 -XX:TargetSurvivorRatio=90 -XX:ThreadStackSize=256 -XX:+UseCMSInitiatingOccupancyOnly -XX:+UseCompressedClassPointers -XX:+UseCompressedOops -XX:+UseConcMarkSweepGC -XX:+UseParNewGC 
2016-11-16T08:48:06.977+0100: 0,115: Total time for which application threads were stopped: 0,0000666 seconds, Stopping threads took: 0,0000096 seconds
2016-11-16T08:48:07.058+0100: 0,196: Total time for which application threads were stopped: 0,0001251 seconds, Stopping threads took: 0,0000181 seconds
2016-11-16T08:48:07.074+0100: 0,213: Total time for which application threads were stopped: 0,0003031 seconds, Stopping threads took: 0,0000660 seconds
2016-11-16T08:48:07.249+0100: 0,387: Total time for which application threads were stopped: 0,0001261 seconds, Stopping threads took: 0,0000156 seconds
2016-11-16T08:48:07.589+0100: 0,728: Total time for which application threads were stopped: 0,0001722 seconds, Stopping threads took: 0,0000243 seconds
2016-11-16T08:48:07.702+0100: 0,840: Total time for which application threads were stopped: 0,0002132 seconds, Stopping threads took: 0,0000272 seconds
2016-11-16T08:48:07.780+0100: 0,918: Total time for which application threads were stopped: 0,0001830 seconds, Stopping threads took: 0,0000253 seconds
2016-11-16T08:48:08.007+0100: 1,146: Total time for which application threads were stopped: 0,0002091 seconds, Stopping threads took: 0,0000169 seconds
2016-11-16T08:48:08.252+0100: 1,391: Total time for which application threads were stopped: 0,0002033 seconds, Stopping threads took: 0,0000160 seconds
2016-11-16T08:48:08.277+0100: 1,415: Total time for which application threads were stopped: 0,0002287 seconds, Stopping threads took: 0,0000142 seconds
2016-11-16T08:48:08.278+0100: 1,416: Total time for which application threads were stopped: 0,0002264 seconds, Stopping threads took: 0,0000287 seconds
2016-11-16T08:48:08.289+0100: 1,428: Total time for which application threads were stopped: 0,0002059 seconds, Stopping threads took: 0,0000250 seconds
2016-11-16T08:48:08.395+0100: 1,533: Total time for which application threads were stopped: 0,0002348 seconds, Stopping threads took: 0,0000235 seconds
2016-11-16T08:48:08.592+0100: 1,730: Total time for which application threads were stopped: 0,0002212 seconds, Stopping threads took: 0,0000319 seconds
{Heap before GC invocations=0 (full 0):
 par new generation   total 109248K, used 87424K [0x00000000e0000000, 0x00000000e8000000, 0x00000000e8000000)
  eden space 87424K, 100% used [0x00000000e0000000, 0x00000000e5560000, 0x00000000e5560000)
  from space 21824K,   0% used [0x00000000e5560000, 0x00000000e5560000, 0x00000000e6ab0000)
  to   space 21824K,   0% used [0x00000000e6ab0000, 0x00000000e6ab0000, 0x00000000e8000000)
 concurrent mark-sweep generation total 393216K, used 0K [0x00000000e8000000, 0x0000000100000000, 0x0000000100000000)
 Metaspace       used 18101K, capacity 18430K, committed 18560K, reserved 1064960K
  class space    used 2053K, capacity 2162K, committed 2176K, reserved 1048576K
2016-11-16T08:48:08.759+0100: 1,897: [GC (Allocation Failure) 2016-11-16T08:48:08.759+0100: 1,897: [ParNew
Desired survivor size 20112992 bytes, new threshold 8 (max 8)
- age   1:   12396936 bytes,   12396936 total
: 87424K->12221K(109248K), 0,0203462 secs] 87424K->12221K(502464K), 0,0204325 secs] [Times: user=0,04 sys=0,02, real=0,02 secs] 
Heap after GC invocations=1 (full 0):
 par new generation   total 109248K, used 12221K [0x00000000e0000000, 0x00000000e8000000, 0x00000000e8000000)
  eden space 87424K,   0% used [0x00000000e0000000, 0x00000000e0000000, 0x00000000e5560000)
  from space 21824K,  55% used [0x00000000e6ab0000, 0x00000000e769f4a8, 0x00000000e8000000)
  to   space 21824K,   0% used [0x00000000e5560000, 0x00000000e5560000, 0x00000000e6ab0000)
 concurrent mark-sweep generation total 393216K, used 0K [0x00000000e8000000, 0x0000000100000000, 0x0000000100000000)
 Metaspace       used 18101K, capacity 18430K, committed 18560K, reserved 1064960K
  class space    used 2053K, capacity 2162K, committed 2176K, reserved 1048576K
}
2016-11-16T08:48:08.780+0100: 1,918: Total time for which application threads were stopped: 0,0206424 seconds, Stopping threads took: 0,0000173 seconds
2016-11-16T08:48:08.961+0100: 2,099: Total time for which application threads were stopped: 0,0002741 seconds, Stopping threads took: 0,0000365 seconds
2016-11-16T08:48:08.993+0100: 2,131: Total time for which application threads were stopped: 0,0002882 seconds, Stopping threads took: 0,0000449 seconds
2016-11-16T08:48:09.020+0100: 2,159: Total time for which application threads were stopped: 0,0003464 seconds, Stopping threads took: 0,0000375 seconds
{Heap before GC invocations=1 (full 0):
 par new generation   total 109248K, used 99645K [0x00000000e0000000, 0x00000000e8000000, 0x00000000e8000000)
  eden space 87424K, 100% used [0x00000000e0000000, 0x00000000e5560000, 0x00000000e5560000)
  from space 21824K,  55% used [0x00000000e6ab0000, 0x00000000e769f4a8, 0x00000000e8000000)
  to   space 21824K,   0% used [0x00000000e5560000, 0x00000000e5560000, 0x00000000e6ab0000)
 concurrent mark-sweep generation total 393216K, used 0K [0x00000000e8000000, 0x0000000100000000, 0x0000000100000000)
 Metaspace       used 20747K, capacity 21084K, committed 21248K, reserved 1069056K
  class space    used 2404K, capacity 2518K, committed 2560K, reserved 1048576K
2016-11-16T08:48:09.192+0100: 2,330: [GC (Allocation Failure) 2016-11-16T08:48:09.192+0100: 2,331: [ParNew
Desired survivor size 20112992 bytes, new threshold 8 (max 8)
- age   1:    2927264 bytes,    2927264 total
- age   2:    6113104 bytes,    9040368 total
: 99645K->13057K(109248K), 0,0118825 secs] 99645K->13057K(502464K), 0,0119546 secs] [Times: user=0,04 sys=0,00, real=0,02 secs] 
Heap after GC invocations=2 (full 0):
 par new generation   total 109248K, used 13057K [0x00000000e0000000, 0x00000000e8000000, 0x00000000e8000000)
  eden space 87424K,   0% used [0x00000000e0000000, 0x00000000e0000000, 0x00000000e5560000)
  from space 21824K,  59% used [0x00000000e5560000, 0x00000000e62204f8, 0x00000000e6ab0000)
  to   space 21824K,   0% used [0x00000000e6ab0000, 0x00000000e6ab0000, 0x00000000e8000000)
 concurrent mark-sweep generation total 393216K, used 0K [0x00000000e8000000, 0x0000000100000000, 0x0000000100000000)
 Metaspace       used 20747K, capacity 21084K, committed 21248K, reserved 1069056K
  class space    used 2404K, capacity 2518K, committed 2560K, reserved 1048576K
}
2016-11-16T08:48:09.204+0100: 2,343: Total time for which application threads were stopped: 0,0121860 seconds, Stopping threads took: 0,0000246 seconds
2016-11-16T08:48:09.250+0100: 2,388: Total time for which application threads were stopped: 0,0001189 seconds, Stopping threads took: 0,0000291 seconds
2016-11-16T08:48:09.298+0100: 2,436: Total time for which application threads were stopped: 0,0000874 seconds, Stopping threads took: 0,0000179 seconds
2016-11-16T08:48:09.298+0100: 2,437: Total time for which application threads were stopped: 0,0003093 seconds, Stopping threads took: 0,0000197 seconds
2016-11-16T08:48:09.324+0100: 2,462: Total time for which application threads were stopped: 0,0000821 seconds, Stopping threads took: 0,0000220 seconds
2016-11-16T08:48:09.396+0100: 2,535: Total time for which application threads were stopped: 0,0001533 seconds, Stopping threads took: 0,0000294 seconds
2016-11-16T08:48:09.424+0100: 2,563: Total time for which application threads were stopped: 0,0001146 seconds, Stopping threads took: 0,0000253 seconds
2016-11-16T08:48:09.432+0100: 2,570: Total time for which application threads were stopped: 0,0003177 seconds, Stopping threads took: 0,0000274 seconds
2016-11-16T08:48:09.438+0100: 2,576: Total time for which application threads were stopped: 0,0000734 seconds, Stopping threads took: 0,0000222 seconds
2016-11-16T08:48:09.439+0100: 2,577: Total time for which application threads were stopped: 0,0003419 seconds, Stopping threads took: 0,0000176 seconds
2016-11-16T08:48:09.478+0100: 2,616: Total time for which application threads were stopped: 0,0000718 seconds, Stopping threads took: 0,0000163 seconds
2016-11-16T08:48:09.494+0100: 2,632: Total time for which application threads were stopped: 0,0000834 seconds, Stopping threads took: 0,0000176 seconds
2016-11-16T08:48:09.514+0100: 2,652: Total time for which application threads were stopped: 0,0000835 seconds, Stopping threads took: 0,0000209 seconds
2016-11-16T08:48:09.530+0100: 2,669: Total time for which application threads were stopped: 0,0000781 seconds, Stopping threads took: 0,0000174 seconds
2016-11-16T08:48:09.553+0100: 2,691: Total time for which application threads were stopped: 0,0000804 seconds, Stopping threads took: 0,0000127 seconds
2016-11-16T08:48:09.615+0100: 2,753: Total time for which application threads were stopped: 0,0001094 seconds, Stopping threads took: 0,0000213 seconds
2016-11-16T08:48:09.644+0100: 2,782: Total time for which application threads were stopped: 0,0001194 seconds, Stopping threads took: 0,0000242 seconds
{Heap before GC invocations=2 (full 0):
 par new generation   total 109248K, used 100481K [0x00000000e0000000, 0x00000000e8000000, 0x00000000e8000000)
  eden space 87424K, 100% used [0x00000000e0000000, 0x00000000e5560000, 0x00000000e5560000)
  from space 21824K,  59% used [0x00000000e5560000, 0x00000000e62204f8, 0x00000000e6ab0000)
  to   space 21824K,   0% used [0x00000000e6ab0000, 0x00000000e6ab0000, 0x00000000e8000000)
 concurrent mark-sweep generation total 393216K, used 0K [0x00000000e8000000, 0x0000000100000000, 0x0000000100000000)
 Metaspace       used 24880K, capacity 25220K, committed 25536K, reserved 1071104K
  class space    used 2896K, capacity 3024K, committed 3144K, reserved 1048576K
2016-11-16T08:48:09.672+0100: 2,810: [GC (Allocation Failure) 2016-11-16T08:48:09.672+0100: 2,811: [ParNew
Desired survivor size 20112992 bytes, new threshold 8 (max 8)
- age   1:    6690144 bytes,    6690144 total
- age   2:     549536 bytes,    7239680 total
- age   3:    6085936 bytes,   13325616 total
: 100481K->14233K(109248K), 0,0175770 secs] 100481K->14233K(502464K), 0,0176559 secs] [Times: user=0,05 sys=0,00, real=0,02 secs] 
Heap after GC invocations=3 (full 0):
 par new generation   total 109248K, used 14233K [0x00000000e0000000, 0x00000000e8000000, 0x00000000e8000000)
  eden space 87424K,   0% used [0x00000000e0000000, 0x00000000e0000000, 0x00000000e5560000)
  from space 21824K,  65% used [0x00000000e6ab0000, 0x00000000e7896648, 0x00000000e8000000)
  to   space 21824K,   0% used [0x00000000e5560000, 0x00000000e5560000, 0x00000000e6ab0000)
 concurrent mark-sweep generation total 393216K, used 0K [0x00000000e8000000, 0x0000000100000000, 0x0000000100000000)
 Metaspace       used 24880K, capacity 25220K, committed 25536K, reserved 1071104K
  class space    used 2896K, capacity 3024K, committed 3144K, reserved 1048576K
}
2016-11-16T08:48:09.690+0100: 2,828: Total time for which application threads were stopped: 0,0177997 seconds, Stopping threads took: 0,0000201 seconds
2016-11-16T08:48:09.690+0100: 2,829: [GC (CMS Initial Mark) [1 CMS-initial-mark: 0K(393216K)] 15642K(502464K), 0,0077993 secs] [Times: user=0,02 sys=0,00, real=0,01 secs] 
2016-11-16T08:48:09.698+0100: 2,837: Total time for which application threads were stopped: 0,0079380 seconds, Stopping threads took: 0,0000299 seconds
2016-11-16T08:48:09.698+0100: 2,837: [CMS-concurrent-mark-start]
2016-11-16T08:48:09.700+0100: 2,838: [CMS-concurrent-mark: 0,002/0,002 secs] [Times: user=0,01 sys=0,00, real=0,00 secs] 
2016-11-16T08:48:09.700+0100: 2,839: [CMS-concurrent-preclean-start]
2016-11-16T08:48:09.701+0100: 2,840: [CMS-concurrent-preclean: 0,001/0,001 secs] [Times: user=0,00 sys=0,00, real=0,00 secs] 
2016-11-16T08:48:09.702+0100: 2,840: [GC (CMS Final Remark) [YG occupancy: 15642 K (109248 K)]{Heap before GC invocations=3 (full 1):
 par new generation   total 109248K, used 15642K [0x00000000e0000000, 0x00000000e8000000, 0x00000000e8000000)
  eden space 87424K,   1% used [0x00000000e0000000, 0x00000000e0160508, 0x00000000e5560000)
  from space 21824K,  65% used [0x00000000e6ab0000, 0x00000000e7896648, 0x00000000e8000000)
  to   space 21824K,   0% used [0x00000000e5560000, 0x00000000e5560000, 0x00000000e6ab0000)
 concurrent mark-sweep generation total 393216K, used 0K [0x00000000e8000000, 0x0000000100000000, 0x0000000100000000)
 Metaspace       used 24902K, capacity 25284K, committed 25536K, reserved 1071104K
  class space    used 2898K, capacity 3024K, committed 3144K, reserved 1048576K
2016-11-16T08:48:09.702+0100: 2,840: [GC (CMS Final Remark) 2016-11-16T08:48:09.702+0100: 2,840: [ParNew
Desired survivor size 20112992 bytes, new threshold 8 (max 8)
- age   1:      41256 bytes,      41256 total
- age   2:    3151448 bytes,    3192704 total
- age   3:     549536 bytes,    3742240 total
- age   4:    6084496 bytes,    9826736 total
: 15642K->16580K(109248K), 0,0117891 secs] 15642K->16580K(502464K), 0,0118346 secs] [Times: user=0,04 sys=0,00, real=0,01 secs] 
Heap after GC invocations=4 (full 1):
 par new generation   total 109248K, used 16580K [0x00000000e0000000, 0x00000000e8000000, 0x00000000e8000000)
  eden space 87424K,   0% used [0x00000000e0000000, 0x00000000e0000000, 0x00000000e5560000)
  from space 21824K,  75% used [0x00000000e5560000, 0x00000000e65913a0, 0x00000000e6ab0000)
  to   space 21824K,   0% used [0x00000000e6ab0000, 0x00000000e6ab0000, 0x00000000e8000000)
 concurrent mark-sweep generation total 393216K, used 0K [0x00000000e8000000, 0x0000000100000000, 0x0000000100000000)
 Metaspace       used 24902K, capacity 25284K, committed 25536K, reserved 1071104K
  class space    used 2898K, capacity 3024K, committed 3144K, reserved 1048576K
}
2016-11-16T08:48:09.714+0100: 2,852: [Rescan (parallel) , 0,0040321 secs]2016-11-16T08:48:09.718+0100: 2,856: [weak refs processing, 0,0007040 secs]2016-11-16T08:48:09.718+0100: 2,857: [class unloading, 0,0031941 secs]2016-11-16T08:48:09.722+0100: 2,860: [scrub symbol table, 0,0032693 secs]2016-11-16T08:48:09.725+0100: 2,863: [scrub string table, 0,0003767 secs][1 CMS-remark: 0K(393216K)] 16580K(502464K), 0,0241097 secs] [Times: user=0,06 sys=0,00, real=0,03 secs] 
2016-11-16T08:48:09.726+0100: 2,864: Total time for which application threads were stopped: 0,0243967 seconds, Stopping threads took: 0,0001957 seconds
2016-11-16T08:48:09.726+0100: 2,864: [CMS-concurrent-sweep-start]
2016-11-16T08:48:09.726+0100: 2,864: [CMS-concurrent-sweep: 0,000/0,000 secs] [Times: user=0,00 sys=0,00, real=0,00 secs] 
2016-11-16T08:48:09.726+0100: 2,864: [CMS-concurrent-reset-start]
2016-11-16T08:48:09.728+0100: 2,866: [CMS-concurrent-reset: 0,002/0,002 secs] [Times: user=0,01 sys=0,00, real=0,00 secs] 
2016-11-16T08:48:09.787+0100: 2,925: Total time for which application threads were stopped: 0,0004400 seconds, Stopping threads took: 0,0000419 seconds
2016-11-16T08:48:10.787+0100: 3,925: Total time for which application threads were stopped: 0,0001024 seconds, Stopping threads took: 0,0000168 seconds
2016-11-16T08:48:10.918+0100: 4,056: Total time for which application threads were stopped: 0,0003059 seconds, Stopping threads took: 0,0000185 seconds
2016-11-16T08:48:38.482+0100: 32,059: Total time for which application threads were stopped: 0,0000553 seconds, Stopping threads took: 0,0000154 seconds
2016-11-16T08:50:48.494+0100: 162,071: Total time for which application threads were stopped: 0,0000764 seconds, Stopping threads took: 0,0000319 seconds
2016-11-16T08:50:53.494+0100: 167,072: Total time for which application threads were stopped: 0,0000868 seconds, Stopping threads took: 0,0000392 seconds
2016-11-16T08:51:07.495+0100: 181,073: Total time for which application threads were stopped: 0,0000590 seconds, Stopping threads took: 0,0000163 seconds
2016-11-16T08:52:03.502+0100: 237,079: Total time for which application threads were stopped: 0,0002020 seconds, Stopping threads took: 0,0001423 seconds
2016-11-16T08:52:37.505+0100: 271,083: Total time for which application threads were stopped: 0,0003332 seconds, Stopping threads took: 0,0001463 seconds
2016-11-16T08:52:48.506+0100: 282,084: Total time for which application threads were stopped: 0,0000814 seconds, Stopping threads took: 0,0000315 seconds
2016-11-16T08:52:53.507+0100: 287,084: Total time for which application threads were stopped: 0,0000701 seconds, Stopping threads took: 0,0000170 seconds
2016-11-16T08:53:28.511+0100: 322,088: Total time for which application threads were stopped: 0,0000782 seconds, Stopping threads took: 0,0000303 seconds
2016-11-16T08:56:07.527+0100: 481,104: Total time for which application threads were stopped: 0,0000833 seconds, Stopping threads took: 0,0000335 seconds
2016-11-16T08:56:08.527+0100: 482,104: Total time for which application threads were stopped: 0,0000712 seconds, Stopping threads took: 0,0000175 seconds
2016-11-16T09:11:47.620+0100: 1421,198: Total time for which application threads were stopped: 0,0002779 seconds, Stopping threads took: 0,0000343 seconds
2016-11-16T09:17:12.652+0100: 1746,230: Total time for which application threads were stopped: 0,0000823 seconds, Stopping threads took: 0,0000344 seconds
2016-11-16T09:26:47.711+0100: 2321,289: Total time for which application threads were stopped: 0,0001126 seconds, Stopping threads took: 0,0000456 seconds
2016-11-16T09:26:48.711+0100: 2322,289: Total time for which application threads were stopped: 0,0000567 seconds, Stopping threads took: 0,0000133 seconds
2016-11-16T09:29:18.729+0100: 2472,307: Total time for which application threads were stopped: 0,0005057 seconds, Stopping threads took: 0,0002484 seconds
2016-11-16T09:41:23.804+0100: 3197,382: Total time for which application threads were stopped: 0,0002661 seconds, Stopping threads took: 0,0001357 seconds
2016-11-16T09:52:37.878+0100: 3871,456: Total time for which application threads were stopped: 0,0001298 seconds, Stopping threads took: 0,0000378 seconds
2016-11-16T09:52:52.880+0100: 3886,458: Total time for which application threads were stopped: 0,0000860 seconds, Stopping threads took: 0,0000345 seconds
2016-11-16T09:55:07.894+0100: 4021,472: Total time for which application threads were stopped: 0,0001037 seconds, Stopping threads took: 0,0000462 seconds
2016-11-16T10:33:39.135+0100: 6332,713: Total time for which application threads were stopped: 0,0000748 seconds, Stopping threads took: 0,0000313 seconds
2016-11-16T10:33:44.136+0100: 6337,714: Total time for which application threads were stopped: 0,0000829 seconds, Stopping threads took: 0,0000339 seconds
2016-11-16T10:36:09.153+0100: 6482,731: Total time for which application threads were stopped: 0,0001089 seconds, Stopping threads took: 0,0000451 seconds
2016-11-16T10:53:08.259+0100: 7501,837: Total time for which application threads were stopped: 0,0000721 seconds, Stopping threads took: 0,0000289 seconds
2016-11-16T10:53:38.263+0100: 7531,840: Total time for which application threads were stopped: 0,0000797 seconds, Stopping threads took: 0,0000311 seconds
2016-11-16T10:56:08.278+0100: 7681,856: Total time for which application threads were stopped: 0,0000850 seconds, Stopping threads took: 0,0000337 seconds
2016-11-16T11:16:37.404+0100: 8910,982: Total time for which application threads were stopped: 0,0001720 seconds, Stopping threads took: 0,0001005 seconds
2016-11-16T12:00:37.680+0100: 11551,258: Total time for which application threads were stopped: 0,0001013 seconds, Stopping threads took: 0,0000391 seconds
2016-11-16T12:16:12.982+0100: 12486,559: Total time for which application threads were stopped: 0,0001066 seconds, Stopping threads took: 0,0000315 seconds
Heap
 par new generation   total 109248K, used 59914K [0x00000000e0000000, 0x00000000e8000000, 0x00000000e8000000)
  eden space 87424K,  49% used [0x00000000e0000000, 0x00000000e2a514a0, 0x00000000e5560000)
  from space 21824K,  75% used [0x00000000e5560000, 0x00000000e65913a0, 0x00000000e6ab0000)
  to   space 21824K,   0% used [0x00000000e6ab0000, 0x00000000e6ab0000, 0x00000000e8000000)
 concurrent mark-sweep generation total 393216K, used 0K [0x00000000e8000000, 0x0000000100000000, 0x0000000100000000)
 Metaspace       used 27234K, capacity 27658K, committed 27972K, reserved 1073152K
  class space    used 3160K, capacity 3319K, committed 3400K, reserved 1048576K
