OpenJDK 64-Bit Server VM (25.131-b11) for linux-amd64 JRE (1.8.0_131-8u131-b11-2ubuntu1.16.04.2-b11), built on Jul 22 2017 00:56:41 by "buildd" with gcc 5.4.0 20160609
Memory: 4k page, physical 7867736k(7421052k free), swap 8076284k(8076284k free)
CommandLine flags: -XX:CMSInitiatingOccupancyFraction=50 -XX:CMSMaxAbortablePrecleanTime=6000 -XX:+CMSParallelRemarkEnabled -XX:+CMSScavengeBeforeRemark -XX:ConcGCThreads=4 -XX:InitialHeapSize=536870912 -XX:MaxHeapSize=536870912 -XX:MaxTenuringThreshold=8 -XX:NewRatio=3 -XX:OldPLABSize=16 -XX:OnOutOfMemoryError=/opt/solr/bin/oom_solr.sh 8983 /var/solr/logs -XX:ParallelGCThreads=4 -XX:+ParallelRefProcEnabled -XX:PretenureSizeThreshold=67108864 -XX:+PrintGC -XX:+PrintGCApplicationStoppedTime -XX:+PrintGCDateStamps -XX:+PrintGCDetails -XX:+PrintGCTimeStamps -XX:+PrintHeapAtGC -XX:+PrintTenuringDistribution -XX:SurvivorRatio=4 -XX:TargetSurvivorRatio=90 -XX:ThreadStackSize=256 -XX:+UseCMSInitiatingOccupancyOnly -XX:+UseCompressedClassPointers -XX:+UseCompressedOops -XX:+UseConcMarkSweepGC -XX:+UseParNewGC 
2017-07-28T18:09:09.258+0200: 0,159: Total time for which application threads were stopped: 0,0000693 seconds, Stopping threads took: 0,0000128 seconds
2017-07-28T18:09:09.349+0200: 0,250: Total time for which application threads were stopped: 0,0001100 seconds, Stopping threads took: 0,0000136 seconds
2017-07-28T18:09:09.370+0200: 0,272: Total time for which application threads were stopped: 0,0000925 seconds, Stopping threads took: 0,0000173 seconds
2017-07-28T18:09:09.622+0200: 0,523: Total time for which application threads were stopped: 0,0004890 seconds, Stopping threads took: 0,0000352 seconds
2017-07-28T18:09:10.004+0200: 0,905: Total time for which application threads were stopped: 0,0001299 seconds, Stopping threads took: 0,0000150 seconds
2017-07-28T18:09:10.079+0200: 0,980: Total time for which application threads were stopped: 0,0001579 seconds, Stopping threads took: 0,0000185 seconds
2017-07-28T18:09:10.106+0200: 1,007: Total time for which application threads were stopped: 0,0004829 seconds, Stopping threads took: 0,0002875 seconds
2017-07-28T18:09:10.499+0200: 1,400: Total time for which application threads were stopped: 0,0002169 seconds, Stopping threads took: 0,0000260 seconds
2017-07-28T18:09:10.752+0200: 1,653: Total time for which application threads were stopped: 0,0005261 seconds, Stopping threads took: 0,0000257 seconds
2017-07-28T18:09:10.778+0200: 1,679: Total time for which application threads were stopped: 0,0003108 seconds, Stopping threads took: 0,0000182 seconds
2017-07-28T18:09:10.817+0200: 1,718: Total time for which application threads were stopped: 0,0002543 seconds, Stopping threads took: 0,0000595 seconds
2017-07-28T18:09:10.819+0200: 1,720: Total time for which application threads were stopped: 0,0003134 seconds, Stopping threads took: 0,0000200 seconds
2017-07-28T18:09:10.835+0200: 1,736: Total time for which application threads were stopped: 0,0002620 seconds, Stopping threads took: 0,0000220 seconds
2017-07-28T18:09:10.950+0200: 1,851: Total time for which application threads were stopped: 0,0004544 seconds, Stopping threads took: 0,0001198 seconds
2017-07-28T18:09:11.146+0200: 2,048: Total time for which application threads were stopped: 0,0002495 seconds, Stopping threads took: 0,0000472 seconds
{Heap before GC invocations=0 (full 0):
 par new generation   total 109248K, used 87424K [0x00000000e0000000, 0x00000000e8000000, 0x00000000e8000000)
  eden space 87424K, 100% used [0x00000000e0000000, 0x00000000e5560000, 0x00000000e5560000)
  from space 21824K,   0% used [0x00000000e5560000, 0x00000000e5560000, 0x00000000e6ab0000)
  to   space 21824K,   0% used [0x00000000e6ab0000, 0x00000000e6ab0000, 0x00000000e8000000)
 concurrent mark-sweep generation total 393216K, used 0K [0x00000000e8000000, 0x0000000100000000, 0x0000000100000000)
 Metaspace       used 17799K, capacity 18112K, committed 18304K, reserved 1064960K
  class space    used 2024K, capacity 2164K, committed 2176K, reserved 1048576K
2017-07-28T18:09:11.187+0200: 2,088: [GC (Allocation Failure) 2017-07-28T18:09:11.187+0200: 2,088: [ParNew
Desired survivor size 20112992 bytes, new threshold 8 (max 8)
- age   1:   11511952 bytes,   11511952 total
: 87424K->11350K(109248K), 0,0143330 secs] 87424K->11350K(502464K), 0,0144140 secs] [Times: user=0,05 sys=0,00, real=0,02 secs] 
Heap after GC invocations=1 (full 0):
 par new generation   total 109248K, used 11350K [0x00000000e0000000, 0x00000000e8000000, 0x00000000e8000000)
  eden space 87424K,   0% used [0x00000000e0000000, 0x00000000e0000000, 0x00000000e5560000)
  from space 21824K,  52% used [0x00000000e6ab0000, 0x00000000e75c5bc0, 0x00000000e8000000)
  to   space 21824K,   0% used [0x00000000e5560000, 0x00000000e5560000, 0x00000000e6ab0000)
 concurrent mark-sweep generation total 393216K, used 0K [0x00000000e8000000, 0x0000000100000000, 0x0000000100000000)
 Metaspace       used 17799K, capacity 18112K, committed 18304K, reserved 1064960K
  class space    used 2024K, capacity 2164K, committed 2176K, reserved 1048576K
}
2017-07-28T18:09:11.202+0200: 2,103: Total time for which application threads were stopped: 0,0146617 seconds, Stopping threads took: 0,0000534 seconds
2017-07-28T18:09:11.559+0200: 2,460: Total time for which application threads were stopped: 0,0003750 seconds, Stopping threads took: 0,0000538 seconds
{Heap before GC invocations=1 (full 0):
 par new generation   total 109248K, used 98774K [0x00000000e0000000, 0x00000000e8000000, 0x00000000e8000000)
  eden space 87424K, 100% used [0x00000000e0000000, 0x00000000e5560000, 0x00000000e5560000)
  from space 21824K,  52% used [0x00000000e6ab0000, 0x00000000e75c5bc0, 0x00000000e8000000)
  to   space 21824K,   0% used [0x00000000e5560000, 0x00000000e5560000, 0x00000000e6ab0000)
 concurrent mark-sweep generation total 393216K, used 0K [0x00000000e8000000, 0x0000000100000000, 0x0000000100000000)
 Metaspace       used 20049K, capacity 20372K, committed 20736K, reserved 1067008K
  class space    used 2296K, capacity 2472K, committed 2560K, reserved 1048576K
2017-07-28T18:09:11.598+0200: 2,499: [GC (Allocation Failure) 2017-07-28T18:09:11.598+0200: 2,499: [ParNew
Desired survivor size 20112992 bytes, new threshold 8 (max 8)
- age   1:    4354368 bytes,    4354368 total
- age   2:    6072360 bytes,   10426728 total
: 98774K->12729K(109248K), 0,0127343 secs] 98774K->12729K(502464K), 0,0127992 secs] [Times: user=0,04 sys=0,01, real=0,01 secs] 
Heap after GC invocations=2 (full 0):
 par new generation   total 109248K, used 12729K [0x00000000e0000000, 0x00000000e8000000, 0x00000000e8000000)
  eden space 87424K,   0% used [0x00000000e0000000, 0x00000000e0000000, 0x00000000e5560000)
  from space 21824K,  58% used [0x00000000e5560000, 0x00000000e61ce6a8, 0x00000000e6ab0000)
  to   space 21824K,   0% used [0x00000000e6ab0000, 0x00000000e6ab0000, 0x00000000e8000000)
 concurrent mark-sweep generation total 393216K, used 0K [0x00000000e8000000, 0x0000000100000000, 0x0000000100000000)
 Metaspace       used 20049K, capacity 20372K, committed 20736K, reserved 1067008K
  class space    used 2296K, capacity 2472K, committed 2560K, reserved 1048576K
}
2017-07-28T18:09:11.611+0200: 2,512: Total time for which application threads were stopped: 0,0161172 seconds, Stopping threads took: 0,0031853 seconds
2017-07-28T18:09:11.613+0200: 2,514: Total time for which application threads were stopped: 0,0003389 seconds, Stopping threads took: 0,0000780 seconds
2017-07-28T18:09:11.649+0200: 2,550: Total time for which application threads were stopped: 0,0011015 seconds, Stopping threads took: 0,0008209 seconds
2017-07-28T18:09:11.802+0200: 2,703: Total time for which application threads were stopped: 0,0002330 seconds, Stopping threads took: 0,0001096 seconds
{Heap before GC invocations=2 (full 0):
 par new generation   total 109248K, used 100153K [0x00000000e0000000, 0x00000000e8000000, 0x00000000e8000000)
  eden space 87424K, 100% used [0x00000000e0000000, 0x00000000e5560000, 0x00000000e5560000)
  from space 21824K,  58% used [0x00000000e5560000, 0x00000000e61ce6a8, 0x00000000e6ab0000)
  to   space 21824K,   0% used [0x00000000e6ab0000, 0x00000000e6ab0000, 0x00000000e8000000)
 concurrent mark-sweep generation total 393216K, used 0K [0x00000000e8000000, 0x0000000100000000, 0x0000000100000000)
 Metaspace       used 20967K, capacity 21294K, committed 21552K, reserved 1069056K
  class space    used 2418K, capacity 2591K, committed 2608K, reserved 1048576K
2017-07-28T18:09:11.821+0200: 2,722: [GC (Allocation Failure) 2017-07-28T18:09:11.821+0200: 2,722: [ParNew
Desired survivor size 20112992 bytes, new threshold 8 (max 8)
- age   1:    2278568 bytes,    2278568 total
- age   2:    1408616 bytes,    3687184 total
- age   3:    6070416 bytes,    9757600 total
: 100153K->14182K(109248K), 0,0099248 secs] 100153K->14182K(502464K), 0,0100209 secs] [Times: user=0,04 sys=0,00, real=0,01 secs] 
Heap after GC invocations=3 (full 0):
 par new generation   total 109248K, used 14182K [0x00000000e0000000, 0x00000000e8000000, 0x00000000e8000000)
  eden space 87424K,   0% used [0x00000000e0000000, 0x00000000e0000000, 0x00000000e5560000)
  from space 21824K,  64% used [0x00000000e6ab0000, 0x00000000e7889b50, 0x00000000e8000000)
  to   space 21824K,   0% used [0x00000000e5560000, 0x00000000e5560000, 0x00000000e6ab0000)
 concurrent mark-sweep generation total 393216K, used 0K [0x00000000e8000000, 0x0000000100000000, 0x0000000100000000)
 Metaspace       used 20967K, capacity 21294K, committed 21552K, reserved 1069056K
  class space    used 2418K, capacity 2591K, committed 2608K, reserved 1048576K
}
2017-07-28T18:09:11.831+0200: 2,732: Total time for which application threads were stopped: 0,0102704 seconds, Stopping threads took: 0,0000920 seconds
2017-07-28T18:09:11.832+0200: 2,733: [GC (CMS Initial Mark) [1 CMS-initial-mark: 0K(393216K)] 14198K(502464K), 0,0030597 secs] [Times: user=0,00 sys=0,00, real=0,00 secs] 
2017-07-28T18:09:11.835+0200: 2,736: Total time for which application threads were stopped: 0,0032775 seconds, Stopping threads took: 0,0001206 seconds
2017-07-28T18:09:11.835+0200: 2,736: [CMS-concurrent-mark-start]
2017-07-28T18:09:11.836+0200: 2,737: [CMS-concurrent-mark: 0,001/0,001 secs] [Times: user=0,01 sys=0,00, real=0,00 secs] 
2017-07-28T18:09:11.836+0200: 2,737: [CMS-concurrent-preclean-start]
2017-07-28T18:09:11.837+0200: 2,738: [CMS-concurrent-preclean: 0,001/0,001 secs] [Times: user=0,00 sys=0,00, real=0,00 secs] 
2017-07-28T18:09:11.837+0200: 2,738: [CMS-concurrent-abortable-preclean-start]
2017-07-28T18:09:11.939+0200: 2,840: Total time for which application threads were stopped: 0,0001892 seconds, Stopping threads took: 0,0000641 seconds
2017-07-28T18:09:11.939+0200: 2,840: [CMS-concurrent-abortable-preclean: 0,072/0,103 secs] [Times: user=0,39 sys=0,01, real=0,11 secs] 
{Heap before GC invocations=3 (full 1):
 par new generation   total 109248K, used 101606K [0x00000000e0000000, 0x00000000e8000000, 0x00000000e8000000)
  eden space 87424K, 100% used [0x00000000e0000000, 0x00000000e5560000, 0x00000000e5560000)
  from space 21824K,  64% used [0x00000000e6ab0000, 0x00000000e7889b50, 0x00000000e8000000)
  to   space 21824K,   0% used [0x00000000e5560000, 0x00000000e5560000, 0x00000000e6ab0000)
 concurrent mark-sweep generation total 393216K, used 0K [0x00000000e8000000, 0x0000000100000000, 0x0000000100000000)
 Metaspace       used 21237K, capacity 21634K, committed 21884K, reserved 1069056K
  class space    used 2447K, capacity 2606K, committed 2608K, reserved 1048576K
2017-07-28T18:09:11.944+0200: 2,845: [GC (Allocation Failure) 2017-07-28T18:09:11.944+0200: 2,845: [ParNew
Desired survivor size 20112992 bytes, new threshold 8 (max 8)
- age   1:    1289832 bytes,    1289832 total
- age   2:    1483624 bytes,    2773456 total
- age   3:    1375728 bytes,    4149184 total
- age   4:    6070376 bytes,   10219560 total
: 101606K->11874K(109248K), 0,0141857 secs] 101606K->11874K(502464K), 0,0142469 secs] [Times: user=0,04 sys=0,00, real=0,02 secs] 
Heap after GC invocations=4 (full 1):
 par new generation   total 109248K, used 11874K [0x00000000e0000000, 0x00000000e8000000, 0x00000000e8000000)
  eden space 87424K,   0% used [0x00000000e0000000, 0x00000000e0000000, 0x00000000e5560000)
  from space 21824K,  54% used [0x00000000e5560000, 0x00000000e60f8900, 0x00000000e6ab0000)
  to   space 21824K,   0% used [0x00000000e6ab0000, 0x00000000e6ab0000, 0x00000000e8000000)
 concurrent mark-sweep generation total 393216K, used 0K [0x00000000e8000000, 0x0000000100000000, 0x0000000100000000)
 Metaspace       used 21237K, capacity 21634K, committed 21884K, reserved 1069056K
  class space    used 2447K, capacity 2606K, committed 2608K, reserved 1048576K
}
2017-07-28T18:09:11.958+0200: 2,859: Total time for which application threads were stopped: 0,0144353 seconds, Stopping threads took: 0,0000511 seconds
2017-07-28T18:09:11.959+0200: 2,860: [GC (CMS Final Remark) [YG occupancy: 13227 K (109248 K)]{Heap before GC invocations=4 (full 1):
 par new generation   total 109248K, used 13227K [0x00000000e0000000, 0x00000000e8000000, 0x00000000e8000000)
  eden space 87424K,   1% used [0x00000000e0000000, 0x00000000e0152398, 0x00000000e5560000)
  from space 21824K,  54% used [0x00000000e5560000, 0x00000000e60f8900, 0x00000000e6ab0000)
  to   space 21824K,   0% used [0x00000000e6ab0000, 0x00000000e6ab0000, 0x00000000e8000000)
 concurrent mark-sweep generation total 393216K, used 0K [0x00000000e8000000, 0x0000000100000000, 0x0000000100000000)
 Metaspace       used 21237K, capacity 21634K, committed 21884K, reserved 1069056K
  class space    used 2447K, capacity 2606K, committed 2608K, reserved 1048576K
2017-07-28T18:09:11.959+0200: 2,860: [GC (CMS Final Remark) 2017-07-28T18:09:11.959+0200: 2,860: [ParNew
Desired survivor size 20112992 bytes, new threshold 8 (max 8)
- age   1:     150600 bytes,     150600 total
- age   2:    1110952 bytes,    1261552 total
- age   3:    1483864 bytes,    2745416 total
- age   4:    1375840 bytes,    4121256 total
- age   5:    6070952 bytes,   10192208 total
: 13227K->15696K(109248K), 0,0094871 secs] 13227K->15696K(502464K), 0,0095254 secs] [Times: user=0,04 sys=0,00, real=0,00 secs] 
Heap after GC invocations=5 (full 1):
 par new generation   total 109248K, used 15696K [0x00000000e0000000, 0x00000000e8000000, 0x00000000e8000000)
  eden space 87424K,   0% used [0x00000000e0000000, 0x00000000e0000000, 0x00000000e5560000)
  from space 21824K,  71% used [0x00000000e6ab0000, 0x00000000e7a04168, 0x00000000e8000000)
  to   space 21824K,   0% used [0x00000000e5560000, 0x00000000e5560000, 0x00000000e6ab0000)
 concurrent mark-sweep generation total 393216K, used 0K [0x00000000e8000000, 0x0000000100000000, 0x0000000100000000)
 Metaspace       used 21237K, capacity 21634K, committed 21884K, reserved 1069056K
  class space    used 2447K, capacity 2606K, committed 2608K, reserved 1048576K
}
2017-07-28T18:09:11.968+0200: 2,869: [Rescan (parallel) , 0,0037900 secs]2017-07-28T18:09:11.972+0200: 2,873: [weak refs processing, 0,0008957 secs]2017-07-28T18:09:11.973+0200: 2,874: [class unloading, 0,0028110 secs]2017-07-28T18:09:11.976+0200: 2,877: [scrub symbol table, 0,0026195 secs]2017-07-28T18:09:11.979+0200: 2,880: [scrub string table, 0,0003827 secs][1 CMS-remark: 0K(393216K)] 15696K(502464K), 0,0206690 secs] [Times: user=0,06 sys=0,00, real=0,02 secs] 
2017-07-28T18:09:11.979+0200: 2,881: Total time for which application threads were stopped: 0,0208063 seconds, Stopping threads took: 0,0000636 seconds
2017-07-28T18:09:11.981+0200: 2,882: [CMS-concurrent-sweep-start]
2017-07-28T18:09:11.981+0200: 2,882: [CMS-concurrent-sweep: 0,000/0,000 secs] [Times: user=0,00 sys=0,00, real=0,00 secs] 
2017-07-28T18:09:11.981+0200: 2,882: [CMS-concurrent-reset-start]
2017-07-28T18:09:11.983+0200: 2,884: [CMS-concurrent-reset: 0,002/0,002 secs] [Times: user=0,01 sys=0,00, real=0,00 secs] 
{Heap before GC invocations=5 (full 1):
 par new generation   total 109248K, used 103120K [0x00000000e0000000, 0x00000000e8000000, 0x00000000e8000000)
  eden space 87424K, 100% used [0x00000000e0000000, 0x00000000e5560000, 0x00000000e5560000)
  from space 21824K,  71% used [0x00000000e6ab0000, 0x00000000e7a04168, 0x00000000e8000000)
  to   space 21824K,   0% used [0x00000000e5560000, 0x00000000e5560000, 0x00000000e6ab0000)
 concurrent mark-sweep generation total 393216K, used 0K [0x00000000e8000000, 0x0000000100000000, 0x0000000100000000)
 Metaspace       used 21363K, capacity 21800K, committed 22012K, reserved 1069056K
  class space    used 2466K, capacity 2639K, committed 2736K, reserved 1048576K
2017-07-28T18:09:12.067+0200: 2,968: [GC (Allocation Failure) 2017-07-28T18:09:12.067+0200: 2,968: [ParNew
Desired survivor size 20112992 bytes, new threshold 8 (max 8)
- age   1:     901864 bytes,     901864 total
- age   3:     179288 bytes,    1081152 total
- age   4:    1483424 bytes,    2564576 total
- age   5:    1371776 bytes,    3936352 total
- age   6:    6070376 bytes,   10006728 total
: 103120K->13008K(109248K), 0,0100448 secs] 103120K->13008K(502464K), 0,0101380 secs] [Times: user=0,04 sys=0,00, real=0,01 secs] 
Heap after GC invocations=6 (full 1):
 par new generation   total 109248K, used 13008K [0x00000000e0000000, 0x00000000e8000000, 0x00000000e8000000)
  eden space 87424K,   0% used [0x00000000e0000000, 0x00000000e0000000, 0x00000000e5560000)
  from space 21824K,  59% used [0x00000000e5560000, 0x00000000e62142d0, 0x00000000e6ab0000)
  to   space 21824K,   0% used [0x00000000e6ab0000, 0x00000000e6ab0000, 0x00000000e8000000)
 concurrent mark-sweep generation total 393216K, used 0K [0x00000000e8000000, 0x0000000100000000, 0x0000000100000000)
 Metaspace       used 21363K, capacity 21800K, committed 22012K, reserved 1069056K
  class space    used 2466K, capacity 2639K, committed 2736K, reserved 1048576K
}
2017-07-28T18:09:12.077+0200: 2,978: Total time for which application threads were stopped: 0,0104138 seconds, Stopping threads took: 0,0001140 seconds
2017-07-28T18:09:12.123+0200: 3,024: Total time for which application threads were stopped: 0,0005213 seconds, Stopping threads took: 0,0000378 seconds
2017-07-28T18:09:12.405+0200: 3,306: Total time for which application threads were stopped: 0,0004536 seconds, Stopping threads took: 0,0000259 seconds
2017-07-28T18:09:12.420+0200: 3,321: Total time for which application threads were stopped: 0,0004475 seconds, Stopping threads took: 0,0000665 seconds
{Heap before GC invocations=6 (full 1):
 par new generation   total 109248K, used 100432K [0x00000000e0000000, 0x00000000e8000000, 0x00000000e8000000)
  eden space 87424K, 100% used [0x00000000e0000000, 0x00000000e5560000, 0x00000000e5560000)
  from space 21824K,  59% used [0x00000000e5560000, 0x00000000e62142d0, 0x00000000e6ab0000)
  to   space 21824K,   0% used [0x00000000e6ab0000, 0x00000000e6ab0000, 0x00000000e8000000)
 concurrent mark-sweep generation total 393216K, used 0K [0x00000000e8000000, 0x0000000100000000, 0x0000000100000000)
 Metaspace       used 23746K, capacity 24242K, committed 24496K, reserved 1071104K
  class space    used 2792K, capacity 2982K, committed 2992K, reserved 1048576K
2017-07-28T18:09:12.573+0200: 3,474: [GC (Allocation Failure) 2017-07-28T18:09:12.573+0200: 3,474: [ParNew
Desired survivor size 20112992 bytes, new threshold 8 (max 8)
- age   1:    5111880 bytes,    5111880 total
- age   2:     114200 bytes,    5226080 total
- age   4:     177784 bytes,    5403864 total
- age   5:     313704 bytes,    5717568 total
- age   6:    1347384 bytes,    7064952 total
- age   7:    6062088 bytes,   13127040 total
: 100432K->14541K(109248K), 0,0206516 secs] 100432K->14541K(502464K), 0,0207195 secs] [Times: user=0,08 sys=0,00, real=0,02 secs] 
Heap after GC invocations=7 (full 1):
 par new generation   total 109248K, used 14541K [0x00000000e0000000, 0x00000000e8000000, 0x00000000e8000000)
  eden space 87424K,   0% used [0x00000000e0000000, 0x00000000e0000000, 0x00000000e5560000)
  from space 21824K,  66% used [0x00000000e6ab0000, 0x00000000e78e35e0, 0x00000000e8000000)
  to   space 21824K,   0% used [0x00000000e5560000, 0x00000000e5560000, 0x00000000e6ab0000)
 concurrent mark-sweep generation total 393216K, used 0K [0x00000000e8000000, 0x0000000100000000, 0x0000000100000000)
 Metaspace       used 23746K, capacity 24242K, committed 24496K, reserved 1071104K
  class space    used 2792K, capacity 2982K, committed 2992K, reserved 1048576K
}
2017-07-28T18:09:12.594+0200: 3,495: Total time for which application threads were stopped: 0,0210903 seconds, Stopping threads took: 0,0001455 seconds
{Heap before GC invocations=7 (full 1):
 par new generation   total 109248K, used 101965K [0x00000000e0000000, 0x00000000e8000000, 0x00000000e8000000)
  eden space 87424K, 100% used [0x00000000e0000000, 0x00000000e5560000, 0x00000000e5560000)
  from space 21824K,  66% used [0x00000000e6ab0000, 0x00000000e78e35e0, 0x00000000e8000000)
  to   space 21824K,   0% used [0x00000000e5560000, 0x00000000e5560000, 0x00000000e6ab0000)
 concurrent mark-sweep generation total 393216K, used 0K [0x00000000e8000000, 0x0000000100000000, 0x0000000100000000)
 Metaspace       used 24340K, capacity 24824K, committed 25136K, reserved 1071104K
  class space    used 2856K, capacity 3047K, committed 3120K, reserved 1048576K
2017-07-28T18:09:12.710+0200: 3,611: [GC (Allocation Failure) 2017-07-28T18:09:12.710+0200: 3,611: [ParNew
Desired survivor size 20112992 bytes, new threshold 8 (max 8)
- age   1:    1750320 bytes,    1750320 total
- age   2:    1765336 bytes,    3515656 total
- age   3:      62168 bytes,    3577824 total
- age   5:      92696 bytes,    3670520 total
- age   6:     202552 bytes,    3873072 total
- age   7:     973360 bytes,    4846432 total
- age   8:    5876432 bytes,   10722864 total
: 101965K->16239K(109248K), 0,0105667 secs] 101965K->16239K(502464K), 0,0106483 secs] [Times: user=0,04 sys=0,00, real=0,01 secs] 
Heap after GC invocations=8 (full 1):
 par new generation   total 109248K, used 16239K [0x00000000e0000000, 0x00000000e8000000, 0x00000000e8000000)
  eden space 87424K,   0% used [0x00000000e0000000, 0x00000000e0000000, 0x00000000e5560000)
  from space 21824K,  74% used [0x00000000e5560000, 0x00000000e653be10, 0x00000000e6ab0000)
  to   space 21824K,   0% used [0x00000000e6ab0000, 0x00000000e6ab0000, 0x00000000e8000000)
 concurrent mark-sweep generation total 393216K, used 0K [0x00000000e8000000, 0x0000000100000000, 0x0000000100000000)
 Metaspace       used 24340K, capacity 24824K, committed 25136K, reserved 1071104K
  class space    used 2856K, capacity 3047K, committed 3120K, reserved 1048576K
}
2017-07-28T18:09:12.721+0200: 3,622: Total time for which application threads were stopped: 0,0143235 seconds, Stopping threads took: 0,0034334 seconds
{Heap before GC invocations=8 (full 1):
 par new generation   total 109248K, used 103663K [0x00000000e0000000, 0x00000000e8000000, 0x00000000e8000000)
  eden space 87424K, 100% used [0x00000000e0000000, 0x00000000e5560000, 0x00000000e5560000)
  from space 21824K,  74% used [0x00000000e5560000, 0x00000000e653be10, 0x00000000e6ab0000)
  to   space 21824K,   0% used [0x00000000e6ab0000, 0x00000000e6ab0000, 0x00000000e8000000)
 concurrent mark-sweep generation total 393216K, used 0K [0x00000000e8000000, 0x0000000100000000, 0x0000000100000000)
 Metaspace       used 24801K, capacity 25266K, committed 25392K, reserved 1071104K
  class space    used 2898K, capacity 3084K, committed 3120K, reserved 1048576K
2017-07-28T18:09:12.814+0200: 3,715: [GC (Allocation Failure) 2017-07-28T18:09:12.814+0200: 3,715: [ParNew
Desired survivor size 20112992 bytes, new threshold 8 (max 8)
- age   1:    1253784 bytes,    1253784 total
- age   2:     996344 bytes,    2250128 total
- age   3:    1765120 bytes,    4015248 total
- age   4:      62168 bytes,    4077416 total
- age   6:      92496 bytes,    4169912 total
- age   7:     199784 bytes,    4369696 total
- age   8:     972592 bytes,    5342288 total
: 103663K->9317K(109248K), 0,0550674 secs] 103663K->15138K(502464K), 0,0551406 secs] [Times: user=0,09 sys=0,00, real=0,05 secs] 
Heap after GC invocations=9 (full 1):
 par new generation   total 109248K, used 9317K [0x00000000e0000000, 0x00000000e8000000, 0x00000000e8000000)
  eden space 87424K,   0% used [0x00000000e0000000, 0x00000000e0000000, 0x00000000e5560000)
  from space 21824K,  42% used [0x00000000e6ab0000, 0x00000000e73c9748, 0x00000000e8000000)
  to   space 21824K,   0% used [0x00000000e5560000, 0x00000000e5560000, 0x00000000e6ab0000)
 concurrent mark-sweep generation total 393216K, used 5820K [0x00000000e8000000, 0x0000000100000000, 0x0000000100000000)
 Metaspace       used 24801K, capacity 25266K, committed 25392K, reserved 1071104K
  class space    used 2898K, capacity 3084K, committed 3120K, reserved 1048576K
}
2017-07-28T18:09:12.870+0200: 3,771: Total time for which application threads were stopped: 0,0554963 seconds, Stopping threads took: 0,0001823 seconds
2017-07-28T18:09:13.151+0200: 4,052: Total time for which application threads were stopped: 0,0007402 seconds, Stopping threads took: 0,0002858 seconds
2017-07-28T18:09:13.152+0200: 4,053: Total time for which application threads were stopped: 0,0003945 seconds, Stopping threads took: 0,0000168 seconds
2017-07-28T18:09:13.153+0200: 4,055: Total time for which application threads were stopped: 0,0001135 seconds, Stopping threads took: 0,0000209 seconds
2017-07-28T18:09:13.155+0200: 4,056: Total time for which application threads were stopped: 0,0001087 seconds, Stopping threads took: 0,0000200 seconds
2017-07-28T18:09:13.161+0200: 4,062: Total time for which application threads were stopped: 0,0001238 seconds, Stopping threads took: 0,0000231 seconds
2017-07-28T18:09:13.165+0200: 4,066: Total time for which application threads were stopped: 0,0001023 seconds, Stopping threads took: 0,0000271 seconds
2017-07-28T18:09:13.165+0200: 4,067: Total time for which application threads were stopped: 0,0004279 seconds, Stopping threads took: 0,0000362 seconds
2017-07-28T18:09:13.167+0200: 4,068: Total time for which application threads were stopped: 0,0001478 seconds, Stopping threads took: 0,0000701 seconds
2017-07-28T18:09:13.173+0200: 4,074: Total time for which application threads were stopped: 0,0001393 seconds, Stopping threads took: 0,0000517 seconds
2017-07-28T18:09:13.174+0200: 4,075: Total time for which application threads were stopped: 0,0001414 seconds, Stopping threads took: 0,0000346 seconds
2017-07-28T18:09:13.177+0200: 4,078: Total time for which application threads were stopped: 0,0001268 seconds, Stopping threads took: 0,0000323 seconds
2017-07-28T18:09:13.178+0200: 4,079: Total time for which application threads were stopped: 0,0001657 seconds, Stopping threads took: 0,0000515 seconds
2017-07-28T18:09:13.181+0200: 4,082: Total time for which application threads were stopped: 0,0001157 seconds, Stopping threads took: 0,0000327 seconds
2017-07-28T18:09:13.182+0200: 4,083: Total time for which application threads were stopped: 0,0000794 seconds, Stopping threads took: 0,0000166 seconds
2017-07-28T18:09:13.183+0200: 4,084: Total time for which application threads were stopped: 0,0000723 seconds, Stopping threads took: 0,0000147 seconds
2017-07-28T18:09:13.234+0200: 4,135: Total time for which application threads were stopped: 0,0032721 seconds, Stopping threads took: 0,0027713 seconds
2017-07-28T18:09:13.254+0200: 4,155: Total time for which application threads were stopped: 0,0001561 seconds, Stopping threads took: 0,0000353 seconds
2017-07-28T18:09:13.255+0200: 4,156: Total time for which application threads were stopped: 0,0001142 seconds, Stopping threads took: 0,0000289 seconds
2017-07-28T18:09:13.264+0200: 4,165: Total time for which application threads were stopped: 0,0001189 seconds, Stopping threads took: 0,0000403 seconds
2017-07-28T18:09:13.274+0200: 4,175: Total time for which application threads were stopped: 0,0027720 seconds, Stopping threads took: 0,0026772 seconds
2017-07-28T18:09:13.275+0200: 4,176: Total time for which application threads were stopped: 0,0001241 seconds, Stopping threads took: 0,0000408 seconds
2017-07-28T18:09:13.286+0200: 4,187: Total time for which application threads were stopped: 0,0001700 seconds, Stopping threads took: 0,0000419 seconds
2017-07-28T18:09:13.287+0200: 4,188: Total time for which application threads were stopped: 0,0004957 seconds, Stopping threads took: 0,0003900 seconds
2017-07-28T18:09:13.294+0200: 4,195: Total time for which application threads were stopped: 0,0001638 seconds, Stopping threads took: 0,0000521 seconds
2017-07-28T18:09:13.295+0200: 4,196: Total time for which application threads were stopped: 0,0001526 seconds, Stopping threads took: 0,0000377 seconds
2017-07-28T18:09:13.295+0200: 4,196: Total time for which application threads were stopped: 0,0001590 seconds, Stopping threads took: 0,0000529 seconds
2017-07-28T18:09:13.295+0200: 4,196: Total time for which application threads were stopped: 0,0001198 seconds, Stopping threads took: 0,0000308 seconds
2017-07-28T18:09:13.296+0200: 4,197: Total time for which application threads were stopped: 0,0000847 seconds, Stopping threads took: 0,0000227 seconds
2017-07-28T18:09:13.296+0200: 4,197: Total time for which application threads were stopped: 0,0003126 seconds, Stopping threads took: 0,0001432 seconds
2017-07-28T18:09:13.305+0200: 4,206: Total time for which application threads were stopped: 0,0041243 seconds, Stopping threads took: 0,0039993 seconds
2017-07-28T18:09:13.305+0200: 4,207: Total time for which application threads were stopped: 0,0000882 seconds, Stopping threads took: 0,0000294 seconds
2017-07-28T18:09:13.306+0200: 4,207: Total time for which application threads were stopped: 0,0000625 seconds, Stopping threads took: 0,0000124 seconds
2017-07-28T18:09:13.306+0200: 4,207: Total time for which application threads were stopped: 0,0000724 seconds, Stopping threads took: 0,0000254 seconds
2017-07-28T18:09:13.306+0200: 4,207: Total time for which application threads were stopped: 0,0000564 seconds, Stopping threads took: 0,0000103 seconds
2017-07-28T18:09:13.306+0200: 4,207: Total time for which application threads were stopped: 0,0000567 seconds, Stopping threads took: 0,0000103 seconds
2017-07-28T18:09:13.306+0200: 4,207: Total time for which application threads were stopped: 0,0000548 seconds, Stopping threads took: 0,0000099 seconds
2017-07-28T18:09:13.306+0200: 4,207: Total time for which application threads were stopped: 0,0000874 seconds, Stopping threads took: 0,0000418 seconds
2017-07-28T18:09:13.306+0200: 4,207: Total time for which application threads were stopped: 0,0000578 seconds, Stopping threads took: 0,0000128 seconds
2017-07-28T18:09:13.307+0200: 4,208: Total time for which application threads were stopped: 0,0001214 seconds, Stopping threads took: 0,0000689 seconds
2017-07-28T18:09:13.307+0200: 4,208: Total time for which application threads were stopped: 0,0000651 seconds, Stopping threads took: 0,0000099 seconds
2017-07-28T18:09:13.307+0200: 4,208: Total time for which application threads were stopped: 0,0000732 seconds, Stopping threads took: 0,0000203 seconds
2017-07-28T18:09:13.307+0200: 4,208: Total time for which application threads were stopped: 0,0001029 seconds, Stopping threads took: 0,0000329 seconds
2017-07-28T18:09:13.314+0200: 4,215: Total time for which application threads were stopped: 0,0001358 seconds, Stopping threads took: 0,0000433 seconds
2017-07-28T18:09:13.315+0200: 4,216: Total time for which application threads were stopped: 0,0001173 seconds, Stopping threads took: 0,0000339 seconds
2017-07-28T18:09:13.316+0200: 4,217: Total time for which application threads were stopped: 0,0001372 seconds, Stopping threads took: 0,0000381 seconds
2017-07-28T18:09:13.316+0200: 4,218: Total time for which application threads were stopped: 0,0001535 seconds, Stopping threads took: 0,0000943 seconds
2017-07-28T18:09:13.318+0200: 4,219: Total time for which application threads were stopped: 0,0000930 seconds, Stopping threads took: 0,0000330 seconds
2017-07-28T18:09:13.318+0200: 4,219: Total time for which application threads were stopped: 0,0000659 seconds, Stopping threads took: 0,0000141 seconds
2017-07-28T18:09:13.319+0200: 4,220: Total time for which application threads were stopped: 0,0000838 seconds, Stopping threads took: 0,0000114 seconds
2017-07-28T18:09:13.319+0200: 4,220: Total time for which application threads were stopped: 0,0001161 seconds, Stopping threads took: 0,0000110 seconds
2017-07-28T18:09:13.347+0200: 4,248: Total time for which application threads were stopped: 0,0001809 seconds, Stopping threads took: 0,0000726 seconds
2017-07-28T18:09:13.380+0200: 4,281: Total time for which application threads were stopped: 0,0001094 seconds, Stopping threads took: 0,0000342 seconds
2017-07-28T18:09:13.381+0200: 4,282: Total time for which application threads were stopped: 0,0003552 seconds, Stopping threads took: 0,0000149 seconds
2017-07-28T18:09:13.381+0200: 4,282: Total time for which application threads were stopped: 0,0000946 seconds, Stopping threads took: 0,0000439 seconds
2017-07-28T18:09:13.386+0200: 4,287: Total time for which application threads were stopped: 0,0001201 seconds, Stopping threads took: 0,0000393 seconds
2017-07-28T18:09:14.386+0200: 5,288: Total time for which application threads were stopped: 0,0000792 seconds, Stopping threads took: 0,0000187 seconds
2017-07-28T18:09:40.921+0200: 32,290: Total time for which application threads were stopped: 0,0000793 seconds, Stopping threads took: 0,0000329 seconds
2017-07-28T18:10:30.926+0200: 82,295: Total time for which application threads were stopped: 0,0000818 seconds, Stopping threads took: 0,0000342 seconds
2017-07-28T18:11:10.931+0200: 122,301: Total time for which application threads were stopped: 0,0002088 seconds, Stopping threads took: 0,0001178 seconds
2017-07-28T18:11:15.932+0200: 127,302: Total time for which application threads were stopped: 0,0004236 seconds, Stopping threads took: 0,0001019 seconds
{Heap before GC invocations=9 (full 1):
 par new generation   total 109248K, used 96741K [0x00000000e0000000, 0x00000000e8000000, 0x00000000e8000000)
  eden space 87424K, 100% used [0x00000000e0000000, 0x00000000e5560000, 0x00000000e5560000)
  from space 21824K,  42% used [0x00000000e6ab0000, 0x00000000e73c9748, 0x00000000e8000000)
  to   space 21824K,   0% used [0x00000000e5560000, 0x00000000e5560000, 0x00000000e6ab0000)
 concurrent mark-sweep generation total 393216K, used 5820K [0x00000000e8000000, 0x0000000100000000, 0x0000000100000000)
 Metaspace       used 28035K, capacity 28556K, committed 28848K, reserved 1075200K
  class space    used 3212K, capacity 3389K, committed 3504K, reserved 1048576K
2017-07-28T18:12:04.553+0200: 175,922: [GC (Allocation Failure) 2017-07-28T18:12:04.553+0200: 175,922: [ParNew
Desired survivor size 20112992 bytes, new threshold 8 (max 8)
- age   1:   10971072 bytes,   10971072 total
- age   2:     232152 bytes,   11203224 total
- age   3:     216688 bytes,   11419912 total
- age   4:    1759944 bytes,   13179856 total
- age   5:      59752 bytes,   13239608 total
- age   7:      92272 bytes,   13331880 total
- age   8:     199224 bytes,   13531104 total
: 96741K->14547K(109248K), 0,0164542 secs] 102562K->21439K(502464K), 0,0165709 secs] [Times: user=0,05 sys=0,00, real=0,02 secs] 
Heap after GC invocations=10 (full 1):
 par new generation   total 109248K, used 14547K [0x00000000e0000000, 0x00000000e8000000, 0x00000000e8000000)
  eden space 87424K,   0% used [0x00000000e0000000, 0x00000000e0000000, 0x00000000e5560000)
  from space 21824K,  66% used [0x00000000e5560000, 0x00000000e6394cf0, 0x00000000e6ab0000)
  to   space 21824K,   0% used [0x00000000e6ab0000, 0x00000000e6ab0000, 0x00000000e8000000)
 concurrent mark-sweep generation total 393216K, used 6892K [0x00000000e8000000, 0x0000000100000000, 0x0000000100000000)
 Metaspace       used 28035K, capacity 28556K, committed 28848K, reserved 1075200K
  class space    used 3212K, capacity 3389K, committed 3504K, reserved 1048576K
}
2017-07-28T18:12:04.570+0200: 175,939: Total time for which application threads were stopped: 0,0168926 seconds, Stopping threads took: 0,0001327 seconds
2017-07-28T18:12:04.574+0200: 175,943: Total time for which application threads were stopped: 0,0000795 seconds, Stopping threads took: 0,0000228 seconds
2017-07-28T18:12:04.574+0200: 175,943: Total time for which application threads were stopped: 0,0000322 seconds, Stopping threads took: 0,0000111 seconds
2017-07-28T18:12:09.575+0200: 180,944: Total time for which application threads were stopped: 0,0001282 seconds, Stopping threads took: 0,0000324 seconds
2017-07-28T18:12:14.576+0200: 185,945: Total time for which application threads were stopped: 0,0000676 seconds, Stopping threads took: 0,0000157 seconds
2017-07-28T18:13:45.590+0200: 276,959: Total time for which application threads were stopped: 0,0001660 seconds, Stopping threads took: 0,0000647 seconds
2017-07-28T18:13:55.592+0200: 286,961: Total time for which application threads were stopped: 0,0001506 seconds, Stopping threads took: 0,0000472 seconds
2017-07-28T18:16:20.611+0200: 431,981: Total time for which application threads were stopped: 0,0005801 seconds, Stopping threads took: 0,0002274 seconds
2017-07-28T18:32:39.759+0200: 1411,129: Total time for which application threads were stopped: 0,0001230 seconds, Stopping threads took: 0,0000391 seconds
2017-07-28T18:37:34.806+0200: 1706,175: Total time for which application threads were stopped: 0,0001783 seconds, Stopping threads took: 0,0000686 seconds
2017-07-28T18:40:46.709+0200: 1898,078: Total time for which application threads were stopped: 0,0001112 seconds, Stopping threads took: 0,0000469 seconds
2017-07-28T18:40:46.714+0200: 1898,083: Total time for which application threads were stopped: 0,0001098 seconds, Stopping threads took: 0,0000416 seconds
2017-07-28T18:40:46.716+0200: 1898,085: Total time for which application threads were stopped: 0,0014506 seconds, Stopping threads took: 0,0014072 seconds
2017-07-28T18:40:46.716+0200: 1898,085: Total time for which application threads were stopped: 0,0000417 seconds, Stopping threads took: 0,0000102 seconds
2017-07-28T18:40:46.716+0200: 1898,085: Total time for which application threads were stopped: 0,0000357 seconds, Stopping threads took: 0,0000118 seconds
2017-07-28T18:40:46.716+0200: 1898,085: Total time for which application threads were stopped: 0,0000519 seconds, Stopping threads took: 0,0000298 seconds
2017-07-28T18:40:46.716+0200: 1898,085: Total time for which application threads were stopped: 0,0000442 seconds, Stopping threads took: 0,0000215 seconds
2017-07-28T18:40:46.716+0200: 1898,085: Total time for which application threads were stopped: 0,0000439 seconds, Stopping threads took: 0,0000201 seconds
2017-07-28T18:40:46.716+0200: 1898,085: Total time for which application threads were stopped: 0,0000356 seconds, Stopping threads took: 0,0000163 seconds
2017-07-28T18:40:46.716+0200: 1898,085: Total time for which application threads were stopped: 0,0000423 seconds, Stopping threads took: 0,0000228 seconds
2017-07-28T18:40:46.721+0200: 1898,090: Total time for which application threads were stopped: 0,0019921 seconds, Stopping threads took: 0,0019327 seconds
2017-07-28T18:40:46.738+0200: 1898,107: Total time for which application threads were stopped: 0,0013374 seconds, Stopping threads took: 0,0012504 seconds
2017-07-28T18:40:46.749+0200: 1898,118: Total time for which application threads were stopped: 0,0007241 seconds, Stopping threads took: 0,0006340 seconds
2017-07-28T18:40:46.749+0200: 1898,118: Total time for which application threads were stopped: 0,0000704 seconds, Stopping threads took: 0,0000158 seconds
2017-07-28T18:40:46.750+0200: 1898,119: Total time for which application threads were stopped: 0,0001376 seconds, Stopping threads took: 0,0000647 seconds
2017-07-28T18:40:46.751+0200: 1898,120: Total time for which application threads were stopped: 0,0001245 seconds, Stopping threads took: 0,0000387 seconds
2017-07-28T18:40:46.751+0200: 1898,120: Total time for which application threads were stopped: 0,0000763 seconds, Stopping threads took: 0,0000209 seconds
2017-07-28T18:40:46.751+0200: 1898,120: Total time for which application threads were stopped: 0,0000728 seconds, Stopping threads took: 0,0000209 seconds
2017-07-28T18:40:46.751+0200: 1898,121: Total time for which application threads were stopped: 0,0000669 seconds, Stopping threads took: 0,0000202 seconds
2017-07-28T18:40:46.752+0200: 1898,121: Total time for which application threads were stopped: 0,0000512 seconds, Stopping threads took: 0,0000141 seconds
2017-07-28T18:40:46.752+0200: 1898,121: Total time for which application threads were stopped: 0,0000604 seconds, Stopping threads took: 0,0000172 seconds
2017-07-28T18:40:46.754+0200: 1898,123: Total time for which application threads were stopped: 0,0001350 seconds, Stopping threads took: 0,0000445 seconds
2017-07-28T18:40:46.755+0200: 1898,125: Total time for which application threads were stopped: 0,0006564 seconds, Stopping threads took: 0,0000356 seconds
2017-07-28T18:40:46.756+0200: 1898,125: Total time for which application threads were stopped: 0,0000979 seconds, Stopping threads took: 0,0000284 seconds
2017-07-28T18:40:46.756+0200: 1898,125: Total time for which application threads were stopped: 0,0000628 seconds, Stopping threads took: 0,0000162 seconds
2017-07-28T18:40:46.759+0200: 1898,128: Total time for which application threads were stopped: 0,0001177 seconds, Stopping threads took: 0,0000396 seconds
2017-07-28T18:40:46.759+0200: 1898,129: Total time for which application threads were stopped: 0,0000949 seconds, Stopping threads took: 0,0000287 seconds
2017-07-28T18:40:46.760+0200: 1898,129: Total time for which application threads were stopped: 0,0000795 seconds, Stopping threads took: 0,0000236 seconds
2017-07-28T18:40:46.760+0200: 1898,129: Total time for which application threads were stopped: 0,0000564 seconds, Stopping threads took: 0,0000085 seconds
2017-07-28T18:40:46.762+0200: 1898,131: Total time for which application threads were stopped: 0,0024418 seconds, Stopping threads took: 0,0000212 seconds
2017-07-28T18:40:46.768+0200: 1898,137: Total time for which application threads were stopped: 0,0002452 seconds, Stopping threads took: 0,0000350 seconds
2017-07-28T18:40:46.775+0200: 1898,144: Total time for which application threads were stopped: 0,0001122 seconds, Stopping threads took: 0,0000384 seconds
2017-07-28T18:40:46.788+0200: 1898,158: Total time for which application threads were stopped: 0,0098685 seconds, Stopping threads took: 0,0097873 seconds
2017-07-28T18:40:46.790+0200: 1898,159: Total time for which application threads were stopped: 0,0001157 seconds, Stopping threads took: 0,0000155 seconds
2017-07-28T18:40:46.793+0200: 1898,162: Total time for which application threads were stopped: 0,0001170 seconds, Stopping threads took: 0,0000316 seconds
Heap
 par new generation   total 109248K, used 35746K [0x00000000e0000000, 0x00000000e8000000, 0x00000000e8000000)
  eden space 87424K,  24% used [0x00000000e0000000, 0x00000000e14b3d68, 0x00000000e5560000)
  from space 21824K,  66% used [0x00000000e5560000, 0x00000000e6394cf0, 0x00000000e6ab0000)
  to   space 21824K,   0% used [0x00000000e6ab0000, 0x00000000e6ab0000, 0x00000000e8000000)
 concurrent mark-sweep generation total 393216K, used 6892K [0x00000000e8000000, 0x0000000100000000, 0x0000000100000000)
 Metaspace       used 28155K, capacity 28724K, committed 29104K, reserved 1075200K
  class space    used 3226K, capacity 3423K, committed 3504K, reserved 1048576K
