OpenJDK 64-Bit Server VM (25.121-b13) for linux-amd64 JRE (1.8.0_121-8u121-b13-0ubuntu1.16.04.2-b13), built on Jan 23 2017 15:51:29 by "buildd" with gcc 5.4.0 20160609
Memory: 4k page, physical 7867760k(7442504k free), swap 8076284k(8076284k free)
CommandLine flags: -XX:CMSInitiatingOccupancyFraction=50 -XX:CMSMaxAbortablePrecleanTime=6000 -XX:+CMSParallelRemarkEnabled -XX:+CMSScavengeBeforeRemark -XX:ConcGCThreads=4 -XX:InitialHeapSize=536870912 -XX:MaxHeapSize=536870912 -XX:MaxTenuringThreshold=8 -XX:NewRatio=3 -XX:OldPLABSize=16 -XX:OnOutOfMemoryError=/opt/solr/bin/oom_solr.sh 8983 /var/solr/logs -XX:ParallelGCThreads=4 -XX:+ParallelRefProcEnabled -XX:PretenureSizeThreshold=67108864 -XX:+PrintGC -XX:+PrintGCApplicationStoppedTime -XX:+PrintGCDateStamps -XX:+PrintGCDetails -XX:+PrintGCTimeStamps -XX:+PrintHeapAtGC -XX:+PrintTenuringDistribution -XX:SurvivorRatio=4 -XX:TargetSurvivorRatio=90 -XX:ThreadStackSize=256 -XX:+UseCMSInitiatingOccupancyOnly -XX:+UseCompressedClassPointers -XX:+UseCompressedOops -XX:+UseConcMarkSweepGC -XX:+UseParNewGC 
2017-03-16T11:36:44.988+0100: 0,163: Total time for which application threads were stopped: 0,0000776 seconds, Stopping threads took: 0,0000100 seconds
2017-03-16T11:36:45.096+0100: 0,271: Total time for which application threads were stopped: 0,0001139 seconds, Stopping threads took: 0,0000210 seconds
2017-03-16T11:36:45.116+0100: 0,291: Total time for which application threads were stopped: 0,0001019 seconds, Stopping threads took: 0,0000137 seconds
2017-03-16T11:36:45.408+0100: 0,584: Total time for which application threads were stopped: 0,0001803 seconds, Stopping threads took: 0,0000246 seconds
2017-03-16T11:36:45.939+0100: 1,114: Total time for which application threads were stopped: 0,0001232 seconds, Stopping threads took: 0,0000105 seconds
2017-03-16T11:36:46.009+0100: 1,184: Total time for which application threads were stopped: 0,0001811 seconds, Stopping threads took: 0,0000262 seconds
2017-03-16T11:36:46.027+0100: 1,203: Total time for which application threads were stopped: 0,0001718 seconds, Stopping threads took: 0,0000197 seconds
2017-03-16T11:36:46.324+0100: 1,499: Total time for which application threads were stopped: 0,0001653 seconds, Stopping threads took: 0,0000148 seconds
2017-03-16T11:36:46.600+0100: 1,776: Total time for which application threads were stopped: 0,0003394 seconds, Stopping threads took: 0,0000147 seconds
2017-03-16T11:36:46.630+0100: 1,805: Total time for which application threads were stopped: 0,0010525 seconds, Stopping threads took: 0,0003340 seconds
2017-03-16T11:36:46.662+0100: 1,837: Total time for which application threads were stopped: 0,0001985 seconds, Stopping threads took: 0,0000218 seconds
2017-03-16T11:36:46.663+0100: 1,838: Total time for which application threads were stopped: 0,0001833 seconds, Stopping threads took: 0,0000167 seconds
2017-03-16T11:36:46.676+0100: 1,851: Total time for which application threads were stopped: 0,0001840 seconds, Stopping threads took: 0,0000272 seconds
2017-03-16T11:36:46.742+0100: 1,917: Total time for which application threads were stopped: 0,0002692 seconds, Stopping threads took: 0,0000225 seconds
2017-03-16T11:36:46.910+0100: 2,085: Total time for which application threads were stopped: 0,0028983 seconds, Stopping threads took: 0,0026030 seconds
{Heap before GC invocations=0 (full 0):
 par new generation   total 109248K, used 87424K [0x00000000e0000000, 0x00000000e8000000, 0x00000000e8000000)
  eden space 87424K, 100% used [0x00000000e0000000, 0x00000000e5560000, 0x00000000e5560000)
  from space 21824K,   0% used [0x00000000e5560000, 0x00000000e5560000, 0x00000000e6ab0000)
  to   space 21824K,   0% used [0x00000000e6ab0000, 0x00000000e6ab0000, 0x00000000e8000000)
 concurrent mark-sweep generation total 393216K, used 0K [0x00000000e8000000, 0x0000000100000000, 0x0000000100000000)
 Metaspace       used 17995K, capacity 18336K, committed 18688K, reserved 1064960K
  class space    used 2036K, capacity 2196K, committed 2304K, reserved 1048576K
2017-03-16T11:36:46.985+0100: 2,161: [GC (Allocation Failure) 2017-03-16T11:36:46.985+0100: 2,161: [ParNew
Desired survivor size 20112992 bytes, new threshold 8 (max 8)
- age   1:   12509480 bytes,   12509480 total
: 87424K->12328K(109248K), 0,0169251 secs] 87424K->12328K(502464K), 0,0170152 secs] [Times: user=0,04 sys=0,02, real=0,02 secs] 
Heap after GC invocations=1 (full 0):
 par new generation   total 109248K, used 12328K [0x00000000e0000000, 0x00000000e8000000, 0x00000000e8000000)
  eden space 87424K,   0% used [0x00000000e0000000, 0x00000000e0000000, 0x00000000e5560000)
  from space 21824K,  56% used [0x00000000e6ab0000, 0x00000000e76ba098, 0x00000000e8000000)
  to   space 21824K,   0% used [0x00000000e5560000, 0x00000000e5560000, 0x00000000e6ab0000)
 concurrent mark-sweep generation total 393216K, used 0K [0x00000000e8000000, 0x0000000100000000, 0x0000000100000000)
 Metaspace       used 17995K, capacity 18336K, committed 18688K, reserved 1064960K
  class space    used 2036K, capacity 2196K, committed 2304K, reserved 1048576K
}
2017-03-16T11:36:47.002+0100: 2,178: Total time for which application threads were stopped: 0,0179573 seconds, Stopping threads took: 0,0007815 seconds
2017-03-16T11:36:47.305+0100: 2,480: Total time for which application threads were stopped: 0,0003134 seconds, Stopping threads took: 0,0000395 seconds
{Heap before GC invocations=1 (full 0):
 par new generation   total 109248K, used 99752K [0x00000000e0000000, 0x00000000e8000000, 0x00000000e8000000)
  eden space 87424K, 100% used [0x00000000e0000000, 0x00000000e5560000, 0x00000000e5560000)
  from space 21824K,  56% used [0x00000000e6ab0000, 0x00000000e76ba098, 0x00000000e8000000)
  to   space 21824K,   0% used [0x00000000e5560000, 0x00000000e5560000, 0x00000000e6ab0000)
 concurrent mark-sweep generation total 393216K, used 0K [0x00000000e8000000, 0x0000000100000000, 0x0000000100000000)
 Metaspace       used 20020K, capacity 20366K, committed 20736K, reserved 1067008K
  class space    used 2296K, capacity 2471K, committed 2560K, reserved 1048576K
2017-03-16T11:36:47.354+0100: 2,529: [GC (Allocation Failure) 2017-03-16T11:36:47.354+0100: 2,529: [ParNew
Desired survivor size 20112992 bytes, new threshold 8 (max 8)
- age   1:    3728952 bytes,    3728952 total
- age   2:    6636792 bytes,   10365744 total
: 99752K->15568K(109248K), 0,0123770 secs] 99752K->15568K(502464K), 0,0124537 secs] [Times: user=0,04 sys=0,01, real=0,01 secs] 
Heap after GC invocations=2 (full 0):
 par new generation   total 109248K, used 15568K [0x00000000e0000000, 0x00000000e8000000, 0x00000000e8000000)
  eden space 87424K,   0% used [0x00000000e0000000, 0x00000000e0000000, 0x00000000e5560000)
  from space 21824K,  71% used [0x00000000e5560000, 0x00000000e6494140, 0x00000000e6ab0000)
  to   space 21824K,   0% used [0x00000000e6ab0000, 0x00000000e6ab0000, 0x00000000e8000000)
 concurrent mark-sweep generation total 393216K, used 0K [0x00000000e8000000, 0x0000000100000000, 0x0000000100000000)
 Metaspace       used 20020K, capacity 20366K, committed 20736K, reserved 1067008K
  class space    used 2296K, capacity 2471K, committed 2560K, reserved 1048576K
}
2017-03-16T11:36:47.367+0100: 2,542: Total time for which application threads were stopped: 0,0149620 seconds, Stopping threads took: 0,0023571 seconds
2017-03-16T11:36:47.373+0100: 2,548: Total time for which application threads were stopped: 0,0003091 seconds, Stopping threads took: 0,0000389 seconds
2017-03-16T11:36:47.402+0100: 2,577: Total time for which application threads were stopped: 0,0005035 seconds, Stopping threads took: 0,0001324 seconds
2017-03-16T11:36:47.563+0100: 2,738: Total time for which application threads were stopped: 0,0001926 seconds, Stopping threads took: 0,0000718 seconds
{Heap before GC invocations=2 (full 0):
 par new generation   total 109248K, used 102992K [0x00000000e0000000, 0x00000000e8000000, 0x00000000e8000000)
  eden space 87424K, 100% used [0x00000000e0000000, 0x00000000e5560000, 0x00000000e5560000)
  from space 21824K,  71% used [0x00000000e5560000, 0x00000000e6494140, 0x00000000e6ab0000)
  to   space 21824K,   0% used [0x00000000e6ab0000, 0x00000000e6ab0000, 0x00000000e8000000)
 concurrent mark-sweep generation total 393216K, used 0K [0x00000000e8000000, 0x0000000100000000, 0x0000000100000000)
 Metaspace       used 20966K, capacity 21288K, committed 21552K, reserved 1069056K
  class space    used 2419K, capacity 2590K, committed 2608K, reserved 1048576K
2017-03-16T11:36:47.589+0100: 2,764: [GC (Allocation Failure) 2017-03-16T11:36:47.589+0100: 2,764: [ParNew
Desired survivor size 20112992 bytes, new threshold 8 (max 8)
- age   1:    2135464 bytes,    2135464 total
- age   2:     868224 bytes,    3003688 total
- age   3:    6634696 bytes,    9638384 total
: 102992K->11190K(109248K), 0,0117258 secs] 102992K->11190K(502464K), 0,0118198 secs] [Times: user=0,04 sys=0,00, real=0,02 secs] 
Heap after GC invocations=3 (full 0):
 par new generation   total 109248K, used 11190K [0x00000000e0000000, 0x00000000e8000000, 0x00000000e8000000)
  eden space 87424K,   0% used [0x00000000e0000000, 0x00000000e0000000, 0x00000000e5560000)
  from space 21824K,  51% used [0x00000000e6ab0000, 0x00000000e759db70, 0x00000000e8000000)
  to   space 21824K,   0% used [0x00000000e5560000, 0x00000000e5560000, 0x00000000e6ab0000)
 concurrent mark-sweep generation total 393216K, used 0K [0x00000000e8000000, 0x0000000100000000, 0x0000000100000000)
 Metaspace       used 20966K, capacity 21288K, committed 21552K, reserved 1069056K
  class space    used 2419K, capacity 2590K, committed 2608K, reserved 1048576K
}
2017-03-16T11:36:47.601+0100: 2,776: Total time for which application threads were stopped: 0,0120765 seconds, Stopping threads took: 0,0001114 seconds
2017-03-16T11:36:47.614+0100: 2,789: [GC (CMS Initial Mark) [1 CMS-initial-mark: 0K(393216K)] 27864K(502464K), 0,0063997 secs] [Times: user=0,02 sys=0,00, real=0,01 secs] 
2017-03-16T11:36:47.621+0100: 2,796: Total time for which application threads were stopped: 0,0065728 seconds, Stopping threads took: 0,0000646 seconds
2017-03-16T11:36:47.621+0100: 2,796: [CMS-concurrent-mark-start]
2017-03-16T11:36:47.621+0100: 2,796: [CMS-concurrent-mark: 0,000/0,000 secs] [Times: user=0,00 sys=0,00, real=0,00 secs] 
2017-03-16T11:36:47.621+0100: 2,796: [CMS-concurrent-preclean-start]
2017-03-16T11:36:47.622+0100: 2,798: [CMS-concurrent-preclean: 0,001/0,001 secs] [Times: user=0,00 sys=0,00, real=0,00 secs] 
2017-03-16T11:36:47.622+0100: 2,798: [CMS-concurrent-abortable-preclean-start]
{Heap before GC invocations=3 (full 1):
 par new generation   total 109248K, used 98614K [0x00000000e0000000, 0x00000000e8000000, 0x00000000e8000000)
  eden space 87424K, 100% used [0x00000000e0000000, 0x00000000e5560000, 0x00000000e5560000)
  from space 21824K,  51% used [0x00000000e6ab0000, 0x00000000e759db70, 0x00000000e8000000)
  to   space 21824K,   0% used [0x00000000e5560000, 0x00000000e5560000, 0x00000000e6ab0000)
 concurrent mark-sweep generation total 393216K, used 0K [0x00000000e8000000, 0x0000000100000000, 0x0000000100000000)
 Metaspace       used 21246K, capacity 21624K, committed 21628K, reserved 1069056K
  class space    used 2448K, capacity 2605K, committed 2608K, reserved 1048576K
2017-03-16T11:36:47.716+0100: 2,891: [GC (Allocation Failure) 2017-03-16T11:36:47.716+0100: 2,891: [ParNew
Desired survivor size 20112992 bytes, new threshold 8 (max 8)
- age   1:    1455744 bytes,    1455744 total
- age   2:    1464880 bytes,    2920624 total
- age   3:     834848 bytes,    3755472 total
- age   4:    6634952 bytes,   10390424 total
: 98614K->16356K(109248K), 0,0101945 secs] 98614K->16356K(502464K), 0,0102667 secs] [Times: user=0,04 sys=0,00, real=0,01 secs] 
Heap after GC invocations=4 (full 1):
 par new generation   total 109248K, used 16356K [0x00000000e0000000, 0x00000000e8000000, 0x00000000e8000000)
  eden space 87424K,   0% used [0x00000000e0000000, 0x00000000e0000000, 0x00000000e5560000)
  from space 21824K,  74% used [0x00000000e5560000, 0x00000000e65592c0, 0x00000000e6ab0000)
  to   space 21824K,   0% used [0x00000000e6ab0000, 0x00000000e6ab0000, 0x00000000e8000000)
 concurrent mark-sweep generation total 393216K, used 0K [0x00000000e8000000, 0x0000000100000000, 0x0000000100000000)
 Metaspace       used 21246K, capacity 21624K, committed 21628K, reserved 1069056K
  class space    used 2448K, capacity 2605K, committed 2608K, reserved 1048576K
}
2017-03-16T11:36:47.726+0100: 2,902: Total time for which application threads were stopped: 0,0104996 seconds, Stopping threads took: 0,0000595 seconds
2017-03-16T11:36:47.728+0100: 2,903: Total time for which application threads were stopped: 0,0001356 seconds, Stopping threads took: 0,0000597 seconds
{Heap before GC invocations=4 (full 1):
 par new generation   total 109248K, used 103780K [0x00000000e0000000, 0x00000000e8000000, 0x00000000e8000000)
  eden space 87424K, 100% used [0x00000000e0000000, 0x00000000e5560000, 0x00000000e5560000)
  from space 21824K,  74% used [0x00000000e5560000, 0x00000000e65592c0, 0x00000000e6ab0000)
  to   space 21824K,   0% used [0x00000000e6ab0000, 0x00000000e6ab0000, 0x00000000e8000000)
 concurrent mark-sweep generation total 393216K, used 0K [0x00000000e8000000, 0x0000000100000000, 0x0000000100000000)
 Metaspace       used 21402K, capacity 21788K, committed 21960K, reserved 1069056K
  class space    used 2468K, capacity 2637K, committed 2684K, reserved 1048576K
2017-03-16T11:36:47.834+0100: 3,009: [GC (Allocation Failure) 2017-03-16T11:36:47.834+0100: 3,009: [ParNew
Desired survivor size 20112992 bytes, new threshold 8 (max 8)
- age   1:     532048 bytes,     532048 total
- age   2:     175360 bytes,     707408 total
- age   3:    1464528 bytes,    2171936 total
- age   4:     832832 bytes,    3004768 total
- age   5:    6634800 bytes,    9639568 total
: 103780K->11453K(109248K), 0,0094968 secs] 103780K->11453K(502464K), 0,0095757 secs] [Times: user=0,03 sys=0,00, real=0,01 secs] 
Heap after GC invocations=5 (full 1):
 par new generation   total 109248K, used 11453K [0x00000000e0000000, 0x00000000e8000000, 0x00000000e8000000)
  eden space 87424K,   0% used [0x00000000e0000000, 0x00000000e0000000, 0x00000000e5560000)
  from space 21824K,  52% used [0x00000000e6ab0000, 0x00000000e75df430, 0x00000000e8000000)
  to   space 21824K,   0% used [0x00000000e5560000, 0x00000000e5560000, 0x00000000e6ab0000)
 concurrent mark-sweep generation total 393216K, used 0K [0x00000000e8000000, 0x0000000100000000, 0x0000000100000000)
 Metaspace       used 21402K, capacity 21788K, committed 21960K, reserved 1069056K
  class space    used 2468K, capacity 2637K, committed 2684K, reserved 1048576K
}
2017-03-16T11:36:47.843+0100: 3,018: Total time for which application threads were stopped: 0,0098352 seconds, Stopping threads took: 0,0001144 seconds
2017-03-16T11:36:47.843+0100: 3,019: [CMS-concurrent-abortable-preclean: 0,167/0,221 secs] [Times: user=0,83 sys=0,00, real=0,22 secs] 
2017-03-16T11:36:47.845+0100: 3,020: [GC (CMS Final Remark) [YG occupancy: 13349 K (109248 K)]{Heap before GC invocations=5 (full 1):
 par new generation   total 109248K, used 13349K [0x00000000e0000000, 0x00000000e8000000, 0x00000000e8000000)
  eden space 87424K,   2% used [0x00000000e0000000, 0x00000000e01da1c8, 0x00000000e5560000)
  from space 21824K,  52% used [0x00000000e6ab0000, 0x00000000e75df430, 0x00000000e8000000)
  to   space 21824K,   0% used [0x00000000e5560000, 0x00000000e5560000, 0x00000000e6ab0000)
 concurrent mark-sweep generation total 393216K, used 0K [0x00000000e8000000, 0x0000000100000000, 0x0000000100000000)
 Metaspace       used 21402K, capacity 21788K, committed 21960K, reserved 1069056K
  class space    used 2468K, capacity 2637K, committed 2684K, reserved 1048576K
2017-03-16T11:36:47.845+0100: 3,020: [GC (CMS Final Remark) 2017-03-16T11:36:47.845+0100: 3,020: [ParNew
Desired survivor size 20112992 bytes, new threshold 8 (max 8)
- age   1:     205880 bytes,     205880 total
- age   2:     326192 bytes,     532072 total
- age   3:     175360 bytes,     707432 total
- age   4:    1464528 bytes,    2171960 total
- age   5:     832832 bytes,    3004792 total
- age   6:    6634944 bytes,    9639736 total
: 13349K->14359K(109248K), 0,0094559 secs] 13349K->14359K(502464K), 0,0094955 secs] [Times: user=0,04 sys=0,00, real=0,01 secs] 
Heap after GC invocations=6 (full 1):
 par new generation   total 109248K, used 14359K [0x00000000e0000000, 0x00000000e8000000, 0x00000000e8000000)
  eden space 87424K,   0% used [0x00000000e0000000, 0x00000000e0000000, 0x00000000e5560000)
  from space 21824K,  65% used [0x00000000e5560000, 0x00000000e6365dd8, 0x00000000e6ab0000)
  to   space 21824K,   0% used [0x00000000e6ab0000, 0x00000000e6ab0000, 0x00000000e8000000)
 concurrent mark-sweep generation total 393216K, used 0K [0x00000000e8000000, 0x0000000100000000, 0x0000000100000000)
 Metaspace       used 21402K, capacity 21788K, committed 21960K, reserved 1069056K
  class space    used 2468K, capacity 2637K, committed 2684K, reserved 1048576K
}
2017-03-16T11:36:47.854+0100: 3,030: [Rescan (parallel) , 0,0035182 secs]2017-03-16T11:36:47.858+0100: 3,033: [weak refs processing, 0,0004886 secs]2017-03-16T11:36:47.859+0100: 3,034: [class unloading, 0,0030156 secs]2017-03-16T11:36:47.862+0100: 3,037: [scrub symbol table, 0,0039990 secs]2017-03-16T11:36:47.866+0100: 3,041: [scrub string table, 0,0004349 secs][1 CMS-remark: 0K(393216K)] 14359K(502464K), 0,0216434 secs] [Times: user=0,06 sys=0,00, real=0,02 secs] 
2017-03-16T11:36:47.867+0100: 3,042: Total time for which application threads were stopped: 0,0232182 seconds, Stopping threads took: 0,0014968 seconds
2017-03-16T11:36:47.867+0100: 3,042: [CMS-concurrent-sweep-start]
2017-03-16T11:36:47.867+0100: 3,042: [CMS-concurrent-sweep: 0,000/0,000 secs] [Times: user=0,00 sys=0,00, real=0,00 secs] 
2017-03-16T11:36:47.867+0100: 3,042: [CMS-concurrent-reset-start]
2017-03-16T11:36:47.869+0100: 3,045: [CMS-concurrent-reset: 0,003/0,003 secs] [Times: user=0,00 sys=0,00, real=0,00 secs] 
2017-03-16T11:36:47.920+0100: 3,095: Total time for which application threads were stopped: 0,0003287 seconds, Stopping threads took: 0,0000175 seconds
2017-03-16T11:36:48.121+0100: 3,296: Total time for which application threads were stopped: 0,0004992 seconds, Stopping threads took: 0,0000504 seconds
2017-03-16T11:36:48.138+0100: 3,313: Total time for which application threads were stopped: 0,0004318 seconds, Stopping threads took: 0,0000255 seconds
{Heap before GC invocations=6 (full 1):
 par new generation   total 109248K, used 101783K [0x00000000e0000000, 0x00000000e8000000, 0x00000000e8000000)
  eden space 87424K, 100% used [0x00000000e0000000, 0x00000000e5560000, 0x00000000e5560000)
  from space 21824K,  65% used [0x00000000e5560000, 0x00000000e6365dd8, 0x00000000e6ab0000)
  to   space 21824K,   0% used [0x00000000e6ab0000, 0x00000000e6ab0000, 0x00000000e8000000)
 concurrent mark-sweep generation total 393216K, used 0K [0x00000000e8000000, 0x0000000100000000, 0x0000000100000000)
 Metaspace       used 23923K, capacity 24392K, committed 24572K, reserved 1071104K
  class space    used 2823K, capacity 3013K, committed 3068K, reserved 1048576K
2017-03-16T11:36:48.290+0100: 3,465: [GC (Allocation Failure) 2017-03-16T11:36:48.290+0100: 3,465: [ParNew
Desired survivor size 20112992 bytes, new threshold 8 (max 8)
- age   1:    5341952 bytes,    5341952 total
- age   3:     113816 bytes,    5455768 total
- age   4:     173952 bytes,    5629720 total
- age   5:     294904 bytes,    5924624 total
- age   6:     808448 bytes,    6733072 total
- age   7:    6626416 bytes,   13359488 total
: 101783K->15416K(109248K), 0,0122502 secs] 101783K->15416K(502464K), 0,0123221 secs] [Times: user=0,05 sys=0,00, real=0,01 secs] 
Heap after GC invocations=7 (full 1):
 par new generation   total 109248K, used 15416K [0x00000000e0000000, 0x00000000e8000000, 0x00000000e8000000)
  eden space 87424K,   0% used [0x00000000e0000000, 0x00000000e0000000, 0x00000000e5560000)
  from space 21824K,  70% used [0x00000000e6ab0000, 0x00000000e79be210, 0x00000000e8000000)
  to   space 21824K,   0% used [0x00000000e5560000, 0x00000000e5560000, 0x00000000e6ab0000)
 concurrent mark-sweep generation total 393216K, used 0K [0x00000000e8000000, 0x0000000100000000, 0x0000000100000000)
 Metaspace       used 23923K, capacity 24392K, committed 24572K, reserved 1071104K
  class space    used 2823K, capacity 3013K, committed 3068K, reserved 1048576K
}
2017-03-16T11:36:48.302+0100: 3,478: Total time for which application threads were stopped: 0,0130553 seconds, Stopping threads took: 0,0005332 seconds
{Heap before GC invocations=7 (full 1):
 par new generation   total 109248K, used 102840K [0x00000000e0000000, 0x00000000e8000000, 0x00000000e8000000)
  eden space 87424K, 100% used [0x00000000e0000000, 0x00000000e5560000, 0x00000000e5560000)
  from space 21824K,  70% used [0x00000000e6ab0000, 0x00000000e79be210, 0x00000000e8000000)
  to   space 21824K,   0% used [0x00000000e5560000, 0x00000000e5560000, 0x00000000e6ab0000)
 concurrent mark-sweep generation total 393216K, used 0K [0x00000000e8000000, 0x0000000100000000, 0x0000000100000000)
 Metaspace       used 24284K, capacity 24750K, committed 24828K, reserved 1071104K
  class space    used 2852K, capacity 3046K, committed 3068K, reserved 1048576K
2017-03-16T11:36:48.385+0100: 3,560: [GC (Allocation Failure) 2017-03-16T11:36:48.385+0100: 3,560: [ParNew
Desired survivor size 20112992 bytes, new threshold 8 (max 8)
- age   1:    1689112 bytes,    1689112 total
- age   2:    1729872 bytes,    3418984 total
- age   4:      53544 bytes,    3472528 total
- age   5:     103032 bytes,    3575560 total
- age   6:     191184 bytes,    3766744 total
- age   7:     775144 bytes,    4541888 total
- age   8:    6092232 bytes,   10634120 total
: 102840K->18966K(109248K), 0,0215328 secs] 102840K->18966K(502464K), 0,0216356 secs] [Times: user=0,08 sys=0,00, real=0,02 secs] 
Heap after GC invocations=8 (full 1):
 par new generation   total 109248K, used 18966K [0x00000000e0000000, 0x00000000e8000000, 0x00000000e8000000)
  eden space 87424K,   0% used [0x00000000e0000000, 0x00000000e0000000, 0x00000000e5560000)
  from space 21824K,  86% used [0x00000000e5560000, 0x00000000e67e5920, 0x00000000e6ab0000)
  to   space 21824K,   0% used [0x00000000e6ab0000, 0x00000000e6ab0000, 0x00000000e8000000)
 concurrent mark-sweep generation total 393216K, used 0K [0x00000000e8000000, 0x0000000100000000, 0x0000000100000000)
 Metaspace       used 24284K, capacity 24750K, committed 24828K, reserved 1071104K
  class space    used 2852K, capacity 3046K, committed 3068K, reserved 1048576K
}
2017-03-16T11:36:48.407+0100: 3,582: Total time for which application threads were stopped: 0,0225431 seconds, Stopping threads took: 0,0006845 seconds
{Heap before GC invocations=8 (full 1):
 par new generation   total 109248K, used 106390K [0x00000000e0000000, 0x00000000e8000000, 0x00000000e8000000)
  eden space 87424K, 100% used [0x00000000e0000000, 0x00000000e5560000, 0x00000000e5560000)
  from space 21824K,  86% used [0x00000000e5560000, 0x00000000e67e5920, 0x00000000e6ab0000)
  to   space 21824K,   0% used [0x00000000e6ab0000, 0x00000000e6ab0000, 0x00000000e8000000)
 concurrent mark-sweep generation total 393216K, used 0K [0x00000000e8000000, 0x0000000100000000, 0x0000000100000000)
 Metaspace       used 24581K, capacity 25032K, committed 25084K, reserved 1071104K
  class space    used 2875K, capacity 3051K, committed 3068K, reserved 1048576K
2017-03-16T11:36:48.528+0100: 3,703: [GC (Allocation Failure) 2017-03-16T11:36:48.528+0100: 3,703: [ParNew
Desired survivor size 20112992 bytes, new threshold 8 (max 8)
- age   1:     867736 bytes,     867736 total
- age   2:     583576 bytes,    1451312 total
- age   3:    1707576 bytes,    3158888 total
- age   5:      53544 bytes,    3212432 total
- age   6:     102832 bytes,    3315264 total
- age   7:     188416 bytes,    3503680 total
- age   8:     774344 bytes,    4278024 total
: 106390K->5820K(109248K), 0,0478198 secs] 106390K->11852K(502464K), 0,0479100 secs] [Times: user=0,13 sys=0,00, real=0,05 secs] 
Heap after GC invocations=9 (full 1):
 par new generation   total 109248K, used 5820K [0x00000000e0000000, 0x00000000e8000000, 0x00000000e8000000)
  eden space 87424K,   0% used [0x00000000e0000000, 0x00000000e0000000, 0x00000000e5560000)
  from space 21824K,  26% used [0x00000000e6ab0000, 0x00000000e705f320, 0x00000000e8000000)
  to   space 21824K,   0% used [0x00000000e5560000, 0x00000000e5560000, 0x00000000e6ab0000)
 concurrent mark-sweep generation total 393216K, used 6031K [0x00000000e8000000, 0x0000000100000000, 0x0000000100000000)
 Metaspace       used 24581K, capacity 25032K, committed 25084K, reserved 1071104K
  class space    used 2875K, capacity 3051K, committed 3068K, reserved 1048576K
}
2017-03-16T11:36:48.576+0100: 3,751: Total time for which application threads were stopped: 0,0505667 seconds, Stopping threads took: 0,0024322 seconds
2017-03-16T11:36:48.875+0100: 4,050: Total time for which application threads were stopped: 0,0031130 seconds, Stopping threads took: 0,0025103 seconds
2017-03-16T11:36:48.889+0100: 4,064: Total time for which application threads were stopped: 0,0001819 seconds, Stopping threads took: 0,0000571 seconds
2017-03-16T11:36:48.892+0100: 4,067: Total time for which application threads were stopped: 0,0001543 seconds, Stopping threads took: 0,0000461 seconds
2017-03-16T11:36:48.892+0100: 4,068: Total time for which application threads were stopped: 0,0001663 seconds, Stopping threads took: 0,0000498 seconds
2017-03-16T11:36:48.895+0100: 4,070: Total time for which application threads were stopped: 0,0001450 seconds, Stopping threads took: 0,0000416 seconds
2017-03-16T11:36:48.909+0100: 4,085: Total time for which application threads were stopped: 0,0001507 seconds, Stopping threads took: 0,0000522 seconds
2017-03-16T11:36:48.912+0100: 4,087: Total time for which application threads were stopped: 0,0005698 seconds, Stopping threads took: 0,0000438 seconds
2017-03-16T11:36:48.914+0100: 4,089: Total time for which application threads were stopped: 0,0001660 seconds, Stopping threads took: 0,0000616 seconds
2017-03-16T11:36:48.931+0100: 4,106: Total time for which application threads were stopped: 0,0001562 seconds, Stopping threads took: 0,0000658 seconds
2017-03-16T11:36:48.931+0100: 4,107: Total time for which application threads were stopped: 0,0004560 seconds, Stopping threads took: 0,0000212 seconds
2017-03-16T11:36:48.933+0100: 4,108: Total time for which application threads were stopped: 0,0001470 seconds, Stopping threads took: 0,0000453 seconds
2017-03-16T11:36:48.937+0100: 4,112: Total time for which application threads were stopped: 0,0001305 seconds, Stopping threads took: 0,0000197 seconds
2017-03-16T11:36:48.938+0100: 4,113: Total time for which application threads were stopped: 0,0001170 seconds, Stopping threads took: 0,0000334 seconds
2017-03-16T11:36:48.940+0100: 4,115: Total time for which application threads were stopped: 0,0001098 seconds, Stopping threads took: 0,0000383 seconds
2017-03-16T11:36:48.942+0100: 4,117: Total time for which application threads were stopped: 0,0000897 seconds, Stopping threads took: 0,0000270 seconds
2017-03-16T11:36:48.944+0100: 4,120: Total time for which application threads were stopped: 0,0001329 seconds, Stopping threads took: 0,0000536 seconds
2017-03-16T11:36:48.945+0100: 4,120: Total time for which application threads were stopped: 0,0000643 seconds, Stopping threads took: 0,0000121 seconds
2017-03-16T11:36:48.945+0100: 4,121: Total time for which application threads were stopped: 0,0000561 seconds, Stopping threads took: 0,0000116 seconds
2017-03-16T11:36:48.974+0100: 4,149: Total time for which application threads were stopped: 0,0002775 seconds, Stopping threads took: 0,0001402 seconds
2017-03-16T11:36:48.976+0100: 4,152: Total time for which application threads were stopped: 0,0001525 seconds, Stopping threads took: 0,0000469 seconds
2017-03-16T11:36:48.977+0100: 4,153: Total time for which application threads were stopped: 0,0001058 seconds, Stopping threads took: 0,0000399 seconds
2017-03-16T11:36:48.979+0100: 4,155: Total time for which application threads were stopped: 0,0001562 seconds, Stopping threads took: 0,0000623 seconds
2017-03-16T11:36:48.980+0100: 4,155: Total time for which application threads were stopped: 0,0001883 seconds, Stopping threads took: 0,0000138 seconds
2017-03-16T11:36:48.983+0100: 4,159: Total time for which application threads were stopped: 0,0000896 seconds, Stopping threads took: 0,0000235 seconds
2017-03-16T11:36:48.984+0100: 4,160: Total time for which application threads were stopped: 0,0003399 seconds, Stopping threads took: 0,0000081 seconds
2017-03-16T11:36:48.985+0100: 4,160: Total time for which application threads were stopped: 0,0000425 seconds, Stopping threads took: 0,0000104 seconds
2017-03-16T11:36:48.985+0100: 4,160: Total time for which application threads were stopped: 0,0000665 seconds, Stopping threads took: 0,0000225 seconds
2017-03-16T11:36:48.986+0100: 4,161: Total time for which application threads were stopped: 0,0001373 seconds, Stopping threads took: 0,0000508 seconds
2017-03-16T11:36:48.986+0100: 4,162: Total time for which application threads were stopped: 0,0000977 seconds, Stopping threads took: 0,0000306 seconds
2017-03-16T11:36:48.986+0100: 4,162: Total time for which application threads were stopped: 0,0001026 seconds, Stopping threads took: 0,0000462 seconds
2017-03-16T11:36:48.987+0100: 4,162: Total time for which application threads were stopped: 0,0002203 seconds, Stopping threads took: 0,0001765 seconds
2017-03-16T11:36:48.990+0100: 4,165: Total time for which application threads were stopped: 0,0029728 seconds, Stopping threads took: 0,0029196 seconds
2017-03-16T11:36:48.994+0100: 4,170: Total time for which application threads were stopped: 0,0001008 seconds, Stopping threads took: 0,0000275 seconds
2017-03-16T11:36:49.000+0100: 4,175: Total time for which application threads were stopped: 0,0001306 seconds, Stopping threads took: 0,0000409 seconds
2017-03-16T11:36:49.008+0100: 4,183: Total time for which application threads were stopped: 0,0001229 seconds, Stopping threads took: 0,0000363 seconds
2017-03-16T11:36:49.008+0100: 4,184: Total time for which application threads were stopped: 0,0001147 seconds, Stopping threads took: 0,0000386 seconds
2017-03-16T11:36:49.009+0100: 4,184: Total time for which application threads were stopped: 0,0001567 seconds, Stopping threads took: 0,0000684 seconds
2017-03-16T11:36:49.010+0100: 4,185: Total time for which application threads were stopped: 0,0000709 seconds, Stopping threads took: 0,0000134 seconds
2017-03-16T11:36:49.011+0100: 4,186: Total time for which application threads were stopped: 0,0000984 seconds, Stopping threads took: 0,0000212 seconds
2017-03-16T11:36:49.011+0100: 4,186: Total time for which application threads were stopped: 0,0000817 seconds, Stopping threads took: 0,0000230 seconds
2017-03-16T11:36:49.011+0100: 4,186: Total time for which application threads were stopped: 0,0000671 seconds, Stopping threads took: 0,0000200 seconds
2017-03-16T11:36:49.011+0100: 4,186: Total time for which application threads were stopped: 0,0000584 seconds, Stopping threads took: 0,0000192 seconds
2017-03-16T11:36:49.011+0100: 4,187: Total time for which application threads were stopped: 0,0000571 seconds, Stopping threads took: 0,0000139 seconds
2017-03-16T11:36:49.012+0100: 4,187: Total time for which application threads were stopped: 0,0000640 seconds, Stopping threads took: 0,0000163 seconds
2017-03-16T11:36:49.012+0100: 4,187: Total time for which application threads were stopped: 0,0000522 seconds, Stopping threads took: 0,0000140 seconds
2017-03-16T11:36:49.012+0100: 4,187: Total time for which application threads were stopped: 0,0000555 seconds, Stopping threads took: 0,0000143 seconds
2017-03-16T11:36:49.012+0100: 4,187: Total time for which application threads were stopped: 0,0000632 seconds, Stopping threads took: 0,0000191 seconds
2017-03-16T11:36:49.012+0100: 4,187: Total time for which application threads were stopped: 0,0000726 seconds, Stopping threads took: 0,0000290 seconds
2017-03-16T11:36:49.012+0100: 4,188: Total time for which application threads were stopped: 0,0001802 seconds, Stopping threads took: 0,0000182 seconds
2017-03-16T11:36:49.017+0100: 4,192: Total time for which application threads were stopped: 0,0001225 seconds, Stopping threads took: 0,0000454 seconds
2017-03-16T11:36:49.022+0100: 4,197: Total time for which application threads were stopped: 0,0002060 seconds, Stopping threads took: 0,0000595 seconds
2017-03-16T11:36:49.025+0100: 4,200: Total time for which application threads were stopped: 0,0001387 seconds, Stopping threads took: 0,0000352 seconds
2017-03-16T11:36:49.038+0100: 4,213: Total time for which application threads were stopped: 0,0001062 seconds, Stopping threads took: 0,0000321 seconds
2017-03-16T11:36:49.055+0100: 4,230: Total time for which application threads were stopped: 0,0001711 seconds, Stopping threads took: 0,0000794 seconds
2017-03-16T11:36:49.065+0100: 4,240: Total time for which application threads were stopped: 0,0001481 seconds, Stopping threads took: 0,0000759 seconds
2017-03-16T11:36:49.098+0100: 4,273: Total time for which application threads were stopped: 0,0001206 seconds, Stopping threads took: 0,0000389 seconds
2017-03-16T11:36:49.098+0100: 4,274: Total time for which application threads were stopped: 0,0003597 seconds, Stopping threads took: 0,0000114 seconds
2017-03-16T11:36:49.099+0100: 4,274: Total time for which application threads were stopped: 0,0000768 seconds, Stopping threads took: 0,0000235 seconds
2017-03-16T11:36:49.103+0100: 4,278: Total time for which application threads were stopped: 0,0001214 seconds, Stopping threads took: 0,0000327 seconds
2017-03-16T11:36:50.103+0100: 5,278: Total time for which application threads were stopped: 0,0000696 seconds, Stopping threads took: 0,0000162 seconds
2017-03-16T11:36:57.104+0100: 12,279: Total time for which application threads were stopped: 0,0000676 seconds, Stopping threads took: 0,0000156 seconds
2017-03-16T11:37:07.105+0100: 22,281: Total time for which application threads were stopped: 0,0000924 seconds, Stopping threads took: 0,0000196 seconds
2017-03-16T11:37:17.106+0100: 32,282: Total time for which application threads were stopped: 0,0000640 seconds, Stopping threads took: 0,0000155 seconds
2017-03-16T11:38:47.121+0100: 122,296: Total time for which application threads were stopped: 0,0000940 seconds, Stopping threads took: 0,0000358 seconds
2017-03-16T11:38:52.122+0100: 127,297: Total time for which application threads were stopped: 0,0002142 seconds, Stopping threads took: 0,0001075 seconds
{Heap before GC invocations=9 (full 1):
 par new generation   total 109248K, used 93244K [0x00000000e0000000, 0x00000000e8000000, 0x00000000e8000000)
  eden space 87424K, 100% used [0x00000000e0000000, 0x00000000e5560000, 0x00000000e5560000)
  from space 21824K,  26% used [0x00000000e6ab0000, 0x00000000e705f320, 0x00000000e8000000)
  to   space 21824K,   0% used [0x00000000e5560000, 0x00000000e5560000, 0x00000000e6ab0000)
 concurrent mark-sweep generation total 393216K, used 6031K [0x00000000e8000000, 0x0000000100000000, 0x0000000100000000)
 Metaspace       used 28036K, capacity 28566K, committed 28796K, reserved 1075200K
  class space    used 3215K, capacity 3392K, committed 3452K, reserved 1048576K
2017-03-16T11:39:40.962+0100: 176,137: [GC (Allocation Failure) 2017-03-16T11:39:40.962+0100: 176,137: [ParNew
Desired survivor size 20112992 bytes, new threshold 8 (max 8)
- age   1:   11016600 bytes,   11016600 total
- age   2:     245072 bytes,   11261672 total
- age   3:     193976 bytes,   11455648 total
- age   4:    1701936 bytes,   13157584 total
- age   6:      53544 bytes,   13211128 total
- age   7:     100192 bytes,   13311320 total
- age   8:     187792 bytes,   13499112 total
: 93244K->14976K(109248K), 0,0243609 secs] 99276K->21853K(502464K), 0,0245068 secs] [Times: user=0,09 sys=0,00, real=0,02 secs] 
Heap after GC invocations=10 (full 1):
 par new generation   total 109248K, used 14976K [0x00000000e0000000, 0x00000000e8000000, 0x00000000e8000000)
  eden space 87424K,   0% used [0x00000000e0000000, 0x00000000e0000000, 0x00000000e5560000)
  from space 21824K,  68% used [0x00000000e5560000, 0x00000000e64002d0, 0x00000000e6ab0000)
  to   space 21824K,   0% used [0x00000000e6ab0000, 0x00000000e6ab0000, 0x00000000e8000000)
 concurrent mark-sweep generation total 393216K, used 6876K [0x00000000e8000000, 0x0000000100000000, 0x0000000100000000)
 Metaspace       used 28036K, capacity 28566K, committed 28796K, reserved 1075200K
  class space    used 3215K, capacity 3392K, committed 3452K, reserved 1048576K
}
2017-03-16T11:39:40.986+0100: 176,161: Total time for which application threads were stopped: 0,0250125 seconds, Stopping threads took: 0,0002774 seconds
2017-03-16T11:39:40.992+0100: 176,167: Total time for which application threads were stopped: 0,0000782 seconds, Stopping threads took: 0,0000292 seconds
2017-03-16T11:39:40.992+0100: 176,167: Total time for which application threads were stopped: 0,0000464 seconds, Stopping threads took: 0,0000148 seconds
2017-03-16T11:39:45.993+0100: 181,168: Total time for which application threads were stopped: 0,0001393 seconds, Stopping threads took: 0,0000334 seconds
2017-03-16T11:41:21.007+0100: 276,182: Total time for which application threads were stopped: 0,0001726 seconds, Stopping threads took: 0,0000633 seconds
2017-03-16T11:47:32.062+0100: 647,237: Total time for which application threads were stopped: 0,0001598 seconds, Stopping threads took: 0,0000760 seconds
2017-03-16T11:52:52.104+0100: 967,280: Total time for which application threads were stopped: 0,0001338 seconds, Stopping threads took: 0,0000586 seconds
2017-03-16T12:00:11.159+0100: 1406,334: Total time for which application threads were stopped: 0,0000896 seconds, Stopping threads took: 0,0000336 seconds
2017-03-16T12:03:11.182+0100: 1586,358: Total time for which application threads were stopped: 0,0001155 seconds, Stopping threads took: 0,0000375 seconds
2017-03-16T12:11:21.851+0100: 2077,026: Total time for which application threads were stopped: 0,0003975 seconds, Stopping threads took: 0,0000131 seconds
2017-03-16T12:11:21.852+0100: 2077,027: Total time for which application threads were stopped: 0,0003340 seconds, Stopping threads took: 0,0000081 seconds
2017-03-16T12:11:21.852+0100: 2077,028: Total time for which application threads were stopped: 0,0000601 seconds, Stopping threads took: 0,0000132 seconds
2017-03-16T12:11:21.862+0100: 2077,037: Total time for which application threads were stopped: 0,0001153 seconds, Stopping threads took: 0,0000217 seconds
2017-03-16T12:11:21.866+0100: 2077,041: Total time for which application threads were stopped: 0,0000973 seconds, Stopping threads took: 0,0000103 seconds
2017-03-16T12:11:21.866+0100: 2077,041: Total time for which application threads were stopped: 0,0000673 seconds, Stopping threads took: 0,0000344 seconds
2017-03-16T12:11:21.866+0100: 2077,041: Total time for which application threads were stopped: 0,0000605 seconds, Stopping threads took: 0,0000269 seconds
2017-03-16T12:11:21.866+0100: 2077,042: Total time for which application threads were stopped: 0,0000428 seconds, Stopping threads took: 0,0000183 seconds
2017-03-16T12:11:21.867+0100: 2077,042: Total time for which application threads were stopped: 0,0001155 seconds, Stopping threads took: 0,0000781 seconds
2017-03-16T12:11:21.867+0100: 2077,042: Total time for which application threads were stopped: 0,0000785 seconds, Stopping threads took: 0,0000507 seconds
2017-03-16T12:11:21.867+0100: 2077,042: Total time for which application threads were stopped: 0,0000438 seconds, Stopping threads took: 0,0000165 seconds
2017-03-16T12:11:21.867+0100: 2077,042: Total time for which application threads were stopped: 0,0000353 seconds, Stopping threads took: 0,0000124 seconds
2017-03-16T12:11:21.871+0100: 2077,046: Total time for which application threads were stopped: 0,0000794 seconds, Stopping threads took: 0,0000230 seconds
2017-03-16T12:11:21.871+0100: 2077,046: Total time for which application threads were stopped: 0,0000641 seconds, Stopping threads took: 0,0000327 seconds
2017-03-16T12:11:21.871+0100: 2077,046: Total time for which application threads were stopped: 0,0000350 seconds, Stopping threads took: 0,0000119 seconds
2017-03-16T12:11:21.871+0100: 2077,046: Total time for which application threads were stopped: 0,0000336 seconds, Stopping threads took: 0,0000128 seconds
2017-03-16T12:11:21.871+0100: 2077,046: Total time for which application threads were stopped: 0,0000437 seconds, Stopping threads took: 0,0000198 seconds
2017-03-16T12:11:21.872+0100: 2077,047: Total time for which application threads were stopped: 0,0000645 seconds, Stopping threads took: 0,0000172 seconds
2017-03-16T12:11:21.872+0100: 2077,047: Total time for which application threads were stopped: 0,0000514 seconds, Stopping threads took: 0,0000218 seconds
2017-03-16T12:11:21.872+0100: 2077,047: Total time for which application threads were stopped: 0,0000503 seconds, Stopping threads took: 0,0000230 seconds
2017-03-16T12:11:21.872+0100: 2077,047: Total time for which application threads were stopped: 0,0000492 seconds, Stopping threads took: 0,0000197 seconds
2017-03-16T12:11:21.872+0100: 2077,048: Total time for which application threads were stopped: 0,0000418 seconds, Stopping threads took: 0,0000218 seconds
2017-03-16T12:11:21.872+0100: 2077,048: Total time for which application threads were stopped: 0,0000378 seconds, Stopping threads took: 0,0000189 seconds
2017-03-16T12:11:21.872+0100: 2077,048: Total time for which application threads were stopped: 0,0000327 seconds, Stopping threads took: 0,0000142 seconds
2017-03-16T12:11:21.873+0100: 2077,048: Total time for which application threads were stopped: 0,0000848 seconds, Stopping threads took: 0,0000381 seconds
2017-03-16T12:11:21.873+0100: 2077,049: Total time for which application threads were stopped: 0,0000508 seconds, Stopping threads took: 0,0000212 seconds
2017-03-16T12:11:21.873+0100: 2077,049: Total time for which application threads were stopped: 0,0000484 seconds, Stopping threads took: 0,0000223 seconds
2017-03-16T12:11:21.877+0100: 2077,052: Total time for which application threads were stopped: 0,0000640 seconds, Stopping threads took: 0,0000156 seconds
2017-03-16T12:11:21.879+0100: 2077,055: Total time for which application threads were stopped: 0,0001208 seconds, Stopping threads took: 0,0000444 seconds
2017-03-16T12:11:21.880+0100: 2077,055: Total time for which application threads were stopped: 0,0000835 seconds, Stopping threads took: 0,0000252 seconds
2017-03-16T12:11:21.880+0100: 2077,055: Total time for which application threads were stopped: 0,0000845 seconds, Stopping threads took: 0,0000259 seconds
2017-03-16T12:11:21.880+0100: 2077,056: Total time for which application threads were stopped: 0,0000887 seconds, Stopping threads took: 0,0000344 seconds
2017-03-16T12:11:21.882+0100: 2077,057: Total time for which application threads were stopped: 0,0001211 seconds, Stopping threads took: 0,0000399 seconds
2017-03-16T12:11:21.882+0100: 2077,057: Total time for which application threads were stopped: 0,0000494 seconds, Stopping threads took: 0,0000164 seconds
2017-03-16T12:11:21.882+0100: 2077,057: Total time for which application threads were stopped: 0,0000471 seconds, Stopping threads took: 0,0000215 seconds
2017-03-16T12:11:21.882+0100: 2077,057: Total time for which application threads were stopped: 0,0000431 seconds, Stopping threads took: 0,0000205 seconds
2017-03-16T12:11:21.882+0100: 2077,058: Total time for which application threads were stopped: 0,0000485 seconds, Stopping threads took: 0,0000218 seconds
2017-03-16T12:11:21.882+0100: 2077,058: Total time for which application threads were stopped: 0,0000441 seconds, Stopping threads took: 0,0000192 seconds
2017-03-16T12:11:21.883+0100: 2077,058: Total time for which application threads were stopped: 0,0000335 seconds, Stopping threads took: 0,0000083 seconds
2017-03-16T12:11:21.883+0100: 2077,058: Total time for which application threads were stopped: 0,0000376 seconds, Stopping threads took: 0,0000147 seconds
2017-03-16T12:11:21.883+0100: 2077,058: Total time for which application threads were stopped: 0,0001077 seconds, Stopping threads took: 0,0000140 seconds
2017-03-16T12:11:21.886+0100: 2077,061: Total time for which application threads were stopped: 0,0026909 seconds, Stopping threads took: 0,0026415 seconds
2017-03-16T12:11:21.890+0100: 2077,065: Total time for which application threads were stopped: 0,0032602 seconds, Stopping threads took: 0,0032121 seconds
2017-03-16T12:11:21.891+0100: 2077,066: Total time for which application threads were stopped: 0,0001387 seconds, Stopping threads took: 0,0000500 seconds
Heap
 par new generation   total 109248K, used 34150K [0x00000000e0000000, 0x00000000e8000000, 0x00000000e8000000)
  eden space 87424K,  21% used [0x00000000e0000000, 0x00000000e12b9660, 0x00000000e5560000)
  from space 21824K,  68% used [0x00000000e5560000, 0x00000000e64002d0, 0x00000000e6ab0000)
  to   space 21824K,   0% used [0x00000000e6ab0000, 0x00000000e6ab0000, 0x00000000e8000000)
 concurrent mark-sweep generation total 393216K, used 6876K [0x00000000e8000000, 0x0000000100000000, 0x0000000100000000)
 Metaspace       used 28169K, capacity 28738K, committed 29052K, reserved 1075200K
  class space    used 3232K, capacity 3428K, committed 3452K, reserved 1048576K
