OpenJDK 64-Bit Server VM (25.131-b11) for linux-amd64 JRE (1.8.0_131-8u131-b11-2ubuntu1.16.04.3-b11), built on Jul 28 2017 01:23:32 by "buildd" with gcc 5.4.0 20160609
Memory: 4k page, physical 7867732k(7477420k free), swap 8076284k(8076284k free)
CommandLine flags: -XX:CMSInitiatingOccupancyFraction=50 -XX:CMSMaxAbortablePrecleanTime=6000 -XX:+CMSParallelRemarkEnabled -XX:+CMSScavengeBeforeRemark -XX:ConcGCThreads=4 -XX:InitialHeapSize=536870912 -XX:MaxHeapSize=536870912 -XX:MaxTenuringThreshold=8 -XX:NewRatio=3 -XX:OldPLABSize=16 -XX:OnOutOfMemoryError=/opt/solr/bin/oom_solr.sh 8983 /var/solr/logs -XX:ParallelGCThreads=4 -XX:+ParallelRefProcEnabled -XX:PretenureSizeThreshold=67108864 -XX:+PrintGC -XX:+PrintGCApplicationStoppedTime -XX:+PrintGCDateStamps -XX:+PrintGCDetails -XX:+PrintGCTimeStamps -XX:+PrintHeapAtGC -XX:+PrintTenuringDistribution -XX:SurvivorRatio=4 -XX:TargetSurvivorRatio=90 -XX:ThreadStackSize=256 -XX:+UseCMSInitiatingOccupancyOnly -XX:+UseCompressedClassPointers -XX:+UseCompressedOops -XX:+UseConcMarkSweepGC -XX:+UseParNewGC 
2017-08-11T10:16:15.791+0200: 0,159: Total time for which application threads were stopped: 0,0000964 seconds, Stopping threads took: 0,0000216 seconds
2017-08-11T10:16:15.895+0200: 0,262: Total time for which application threads were stopped: 0,0001063 seconds, Stopping threads took: 0,0000174 seconds
2017-08-11T10:16:15.917+0200: 0,284: Total time for which application threads were stopped: 0,0000869 seconds, Stopping threads took: 0,0000120 seconds
2017-08-11T10:16:16.229+0200: 0,596: Total time for which application threads were stopped: 0,0001107 seconds, Stopping threads took: 0,0000105 seconds
2017-08-11T10:16:16.653+0200: 1,020: Total time for which application threads were stopped: 0,0008958 seconds, Stopping threads took: 0,0007562 seconds
2017-08-11T10:16:16.805+0200: 1,172: Total time for which application threads were stopped: 0,0001985 seconds, Stopping threads took: 0,0000276 seconds
2017-08-11T10:16:16.831+0200: 1,198: Total time for which application threads were stopped: 0,0003879 seconds, Stopping threads took: 0,0000685 seconds
2017-08-11T10:16:17.096+0200: 1,463: Total time for which application threads were stopped: 0,0001704 seconds, Stopping threads took: 0,0000211 seconds
2017-08-11T10:16:17.341+0200: 1,708: Total time for which application threads were stopped: 0,0002669 seconds, Stopping threads took: 0,0000312 seconds
2017-08-11T10:16:17.367+0200: 1,734: Total time for which application threads were stopped: 0,0001665 seconds, Stopping threads took: 0,0000228 seconds
2017-08-11T10:16:17.412+0200: 1,779: Total time for which application threads were stopped: 0,0002503 seconds, Stopping threads took: 0,0000633 seconds
2017-08-11T10:16:17.413+0200: 1,780: Total time for which application threads were stopped: 0,0001875 seconds, Stopping threads took: 0,0000170 seconds
2017-08-11T10:16:17.432+0200: 1,799: Total time for which application threads were stopped: 0,0002436 seconds, Stopping threads took: 0,0000152 seconds
2017-08-11T10:16:17.519+0200: 1,886: Total time for which application threads were stopped: 0,0002624 seconds, Stopping threads took: 0,0000211 seconds
2017-08-11T10:16:17.699+0200: 2,066: Total time for which application threads were stopped: 0,0032430 seconds, Stopping threads took: 0,0030179 seconds
{Heap before GC invocations=0 (full 0):
 par new generation   total 109248K, used 87424K [0x00000000e0000000, 0x00000000e8000000, 0x00000000e8000000)
  eden space 87424K, 100% used [0x00000000e0000000, 0x00000000e5560000, 0x00000000e5560000)
  from space 21824K,   0% used [0x00000000e5560000, 0x00000000e5560000, 0x00000000e6ab0000)
  to   space 21824K,   0% used [0x00000000e6ab0000, 0x00000000e6ab0000, 0x00000000e8000000)
 concurrent mark-sweep generation total 393216K, used 0K [0x00000000e8000000, 0x0000000100000000, 0x0000000100000000)
 Metaspace       used 18016K, capacity 18336K, committed 18688K, reserved 1064960K
  class space    used 2035K, capacity 2196K, committed 2304K, reserved 1048576K
2017-08-11T10:16:17.793+0200: 2,160: [GC (Allocation Failure) 2017-08-11T10:16:17.793+0200: 2,160: [ParNew
Desired survivor size 20112992 bytes, new threshold 8 (max 8)
- age   1:   12563744 bytes,   12563744 total
: 87424K->12398K(109248K), 0,0161588 secs] 87424K->12398K(502464K), 0,0162351 secs] [Times: user=0,04 sys=0,02, real=0,02 secs] 
Heap after GC invocations=1 (full 0):
 par new generation   total 109248K, used 12398K [0x00000000e0000000, 0x00000000e8000000, 0x00000000e8000000)
  eden space 87424K,   0% used [0x00000000e0000000, 0x00000000e0000000, 0x00000000e5560000)
  from space 21824K,  56% used [0x00000000e6ab0000, 0x00000000e76cbb00, 0x00000000e8000000)
  to   space 21824K,   0% used [0x00000000e5560000, 0x00000000e5560000, 0x00000000e6ab0000)
 concurrent mark-sweep generation total 393216K, used 0K [0x00000000e8000000, 0x0000000100000000, 0x0000000100000000)
 Metaspace       used 18016K, capacity 18336K, committed 18688K, reserved 1064960K
  class space    used 2035K, capacity 2196K, committed 2304K, reserved 1048576K
}
2017-08-11T10:16:17.809+0200: 2,176: Total time for which application threads were stopped: 0,0186789 seconds, Stopping threads took: 0,0022739 seconds
2017-08-11T10:16:18.151+0200: 2,519: Total time for which application threads were stopped: 0,0002925 seconds, Stopping threads took: 0,0000275 seconds
2017-08-11T10:16:18.196+0200: 2,564: Total time for which application threads were stopped: 0,0018595 seconds, Stopping threads took: 0,0015194 seconds
{Heap before GC invocations=1 (full 0):
 par new generation   total 109248K, used 99822K [0x00000000e0000000, 0x00000000e8000000, 0x00000000e8000000)
  eden space 87424K, 100% used [0x00000000e0000000, 0x00000000e5560000, 0x00000000e5560000)
  from space 21824K,  56% used [0x00000000e6ab0000, 0x00000000e76cbb00, 0x00000000e8000000)
  to   space 21824K,   0% used [0x00000000e5560000, 0x00000000e5560000, 0x00000000e6ab0000)
 concurrent mark-sweep generation total 393216K, used 0K [0x00000000e8000000, 0x0000000100000000, 0x0000000100000000)
 Metaspace       used 20047K, capacity 20364K, committed 20736K, reserved 1067008K
  class space    used 2297K, capacity 2470K, committed 2560K, reserved 1048576K
2017-08-11T10:16:18.198+0200: 2,565: [GC (Allocation Failure) 2017-08-11T10:16:18.198+0200: 2,565: [ParNew
Desired survivor size 20112992 bytes, new threshold 8 (max 8)
- age   1:    3653720 bytes,    3653720 total
- age   2:    6654712 bytes,   10308432 total
: 99822K->13689K(109248K), 0,0145874 secs] 99822K->13689K(502464K), 0,0146561 secs] [Times: user=0,05 sys=0,00, real=0,02 secs] 
Heap after GC invocations=2 (full 0):
 par new generation   total 109248K, used 13689K [0x00000000e0000000, 0x00000000e8000000, 0x00000000e8000000)
  eden space 87424K,   0% used [0x00000000e0000000, 0x00000000e0000000, 0x00000000e5560000)
  from space 21824K,  62% used [0x00000000e5560000, 0x00000000e62be628, 0x00000000e6ab0000)
  to   space 21824K,   0% used [0x00000000e6ab0000, 0x00000000e6ab0000, 0x00000000e8000000)
 concurrent mark-sweep generation total 393216K, used 0K [0x00000000e8000000, 0x0000000100000000, 0x0000000100000000)
 Metaspace       used 20047K, capacity 20364K, committed 20736K, reserved 1067008K
  class space    used 2297K, capacity 2470K, committed 2560K, reserved 1048576K
}
2017-08-11T10:16:18.213+0200: 2,580: Total time for which application threads were stopped: 0,0148466 seconds, Stopping threads took: 0,0000523 seconds
2017-08-11T10:16:18.247+0200: 2,614: Total time for which application threads were stopped: 0,0003939 seconds, Stopping threads took: 0,0000703 seconds
2017-08-11T10:16:18.394+0200: 2,761: Total time for which application threads were stopped: 0,0001556 seconds, Stopping threads took: 0,0000283 seconds
{Heap before GC invocations=2 (full 0):
 par new generation   total 109248K, used 101113K [0x00000000e0000000, 0x00000000e8000000, 0x00000000e8000000)
  eden space 87424K, 100% used [0x00000000e0000000, 0x00000000e5560000, 0x00000000e5560000)
  from space 21824K,  62% used [0x00000000e5560000, 0x00000000e62be628, 0x00000000e6ab0000)
  to   space 21824K,   0% used [0x00000000e6ab0000, 0x00000000e6ab0000, 0x00000000e8000000)
 concurrent mark-sweep generation total 393216K, used 0K [0x00000000e8000000, 0x0000000100000000, 0x0000000100000000)
 Metaspace       used 21013K, capacity 21414K, committed 21628K, reserved 1069056K
  class space    used 2419K, capacity 2589K, committed 2684K, reserved 1048576K
2017-08-11T10:16:18.428+0200: 2,795: [GC (Allocation Failure) 2017-08-11T10:16:18.428+0200: 2,795: [ParNew
Desired survivor size 20112992 bytes, new threshold 8 (max 8)
- age   1:    2161720 bytes,    2161720 total
- age   2:     878928 bytes,    3040648 total
- age   3:    6652416 bytes,    9693064 total
: 101113K->12893K(109248K), 0,0161737 secs] 101113K->12893K(502464K), 0,0162878 secs] [Times: user=0,06 sys=0,00, real=0,02 secs] 
Heap after GC invocations=3 (full 0):
 par new generation   total 109248K, used 12893K [0x00000000e0000000, 0x00000000e8000000, 0x00000000e8000000)
  eden space 87424K,   0% used [0x00000000e0000000, 0x00000000e0000000, 0x00000000e5560000)
  from space 21824K,  59% used [0x00000000e6ab0000, 0x00000000e7747758, 0x00000000e8000000)
  to   space 21824K,   0% used [0x00000000e5560000, 0x00000000e5560000, 0x00000000e6ab0000)
 concurrent mark-sweep generation total 393216K, used 0K [0x00000000e8000000, 0x0000000100000000, 0x0000000100000000)
 Metaspace       used 21013K, capacity 21414K, committed 21628K, reserved 1069056K
  class space    used 2419K, capacity 2589K, committed 2684K, reserved 1048576K
}
2017-08-11T10:16:18.444+0200: 2,811: Total time for which application threads were stopped: 0,0165294 seconds, Stopping threads took: 0,0000665 seconds
2017-08-11T10:16:18.444+0200: 2,811: [GC (CMS Initial Mark) [1 CMS-initial-mark: 0K(393216K)] 12909K(502464K), 0,0048147 secs] [Times: user=0,02 sys=0,00, real=0,01 secs] 
2017-08-11T10:16:18.449+0200: 2,816: Total time for which application threads were stopped: 0,0049506 seconds, Stopping threads took: 0,0000444 seconds
2017-08-11T10:16:18.449+0200: 2,816: [CMS-concurrent-mark-start]
2017-08-11T10:16:18.455+0200: 2,822: [CMS-concurrent-mark: 0,006/0,006 secs] [Times: user=0,01 sys=0,00, real=0,00 secs] 
2017-08-11T10:16:18.455+0200: 2,822: [CMS-concurrent-preclean-start]
2017-08-11T10:16:18.456+0200: 2,823: [CMS-concurrent-preclean: 0,001/0,001 secs] [Times: user=0,01 sys=0,00, real=0,00 secs] 
2017-08-11T10:16:18.456+0200: 2,823: [CMS-concurrent-abortable-preclean-start]
2017-08-11T10:16:18.491+0200: 2,858: Total time for which application threads were stopped: 0,0001798 seconds, Stopping threads took: 0,0000793 seconds
{Heap before GC invocations=3 (full 1):
 par new generation   total 109248K, used 100317K [0x00000000e0000000, 0x00000000e8000000, 0x00000000e8000000)
  eden space 87424K, 100% used [0x00000000e0000000, 0x00000000e5560000, 0x00000000e5560000)
  from space 21824K,  59% used [0x00000000e6ab0000, 0x00000000e7747758, 0x00000000e8000000)
  to   space 21824K,   0% used [0x00000000e5560000, 0x00000000e5560000, 0x00000000e6ab0000)
 concurrent mark-sweep generation total 393216K, used 0K [0x00000000e8000000, 0x0000000100000000, 0x0000000100000000)
 Metaspace       used 21274K, capacity 21632K, committed 21884K, reserved 1069056K
  class space    used 2448K, capacity 2605K, committed 2684K, reserved 1048576K
2017-08-11T10:16:18.559+0200: 2,926: [GC (Allocation Failure) 2017-08-11T10:16:18.559+0200: 2,927: [ParNew
Desired survivor size 20112992 bytes, new threshold 8 (max 8)
- age   1:     960680 bytes,     960680 total
- age   2:    1463312 bytes,    2423992 total
- age   3:     845616 bytes,    3269608 total
- age   4:    6652376 bytes,    9921984 total
: 100317K->12455K(109248K), 0,0100070 secs] 100317K->12455K(502464K), 0,0100768 secs] [Times: user=0,03 sys=0,00, real=0,02 secs] 
Heap after GC invocations=4 (full 1):
 par new generation   total 109248K, used 12455K [0x00000000e0000000, 0x00000000e8000000, 0x00000000e8000000)
  eden space 87424K,   0% used [0x00000000e0000000, 0x00000000e0000000, 0x00000000e5560000)
  from space 21824K,  57% used [0x00000000e5560000, 0x00000000e6189f70, 0x00000000e6ab0000)
  to   space 21824K,   0% used [0x00000000e6ab0000, 0x00000000e6ab0000, 0x00000000e8000000)
 concurrent mark-sweep generation total 393216K, used 0K [0x00000000e8000000, 0x0000000100000000, 0x0000000100000000)
 Metaspace       used 21274K, capacity 21632K, committed 21884K, reserved 1069056K
  class space    used 2448K, capacity 2605K, committed 2684K, reserved 1048576K
}
2017-08-11T10:16:18.569+0200: 2,937: Total time for which application threads were stopped: 0,0103048 seconds, Stopping threads took: 0,0000522 seconds
{Heap before GC invocations=4 (full 1):
 par new generation   total 109248K, used 99862K [0x00000000e0000000, 0x00000000e8000000, 0x00000000e8000000)
  eden space 87424K,  99% used [0x00000000e0000000, 0x00000000e555bba8, 0x00000000e5560000)
  from space 21824K,  57% used [0x00000000e5560000, 0x00000000e6189f70, 0x00000000e6ab0000)
  to   space 21824K,   0% used [0x00000000e6ab0000, 0x00000000e6ab0000, 0x00000000e8000000)
 concurrent mark-sweep generation total 393216K, used 0K [0x00000000e8000000, 0x0000000100000000, 0x0000000100000000)
 Metaspace       used 21432K, capacity 21804K, committed 21884K, reserved 1069056K
  class space    used 2467K, capacity 2639K, committed 2684K, reserved 1048576K
2017-08-11T10:16:18.647+0200: 3,014: [GC (Allocation Failure) 2017-08-11T10:16:18.647+0200: 3,014: [ParNew
Desired survivor size 20112992 bytes, new threshold 8 (max 8)
- age   1:     566784 bytes,     566784 total
- age   2:     187448 bytes,     754232 total
- age   3:    1462848 bytes,    2217080 total
- age   4:     845504 bytes,    3062584 total
- age   5:    6652456 bytes,    9715040 total
: 99862K->14896K(109248K), 0,0128837 secs] 99862K->14896K(502464K), 0,0129660 secs] [Times: user=0,05 sys=0,00, real=0,01 secs] 
Heap after GC invocations=5 (full 1):
 par new generation   total 109248K, used 14896K [0x00000000e0000000, 0x00000000e8000000, 0x00000000e8000000)
  eden space 87424K,   0% used [0x00000000e0000000, 0x00000000e0000000, 0x00000000e5560000)
  from space 21824K,  68% used [0x00000000e6ab0000, 0x00000000e793c3b8, 0x00000000e8000000)
  to   space 21824K,   0% used [0x00000000e5560000, 0x00000000e5560000, 0x00000000e6ab0000)
 concurrent mark-sweep generation total 393216K, used 0K [0x00000000e8000000, 0x0000000100000000, 0x0000000100000000)
 Metaspace       used 21432K, capacity 21804K, committed 21884K, reserved 1069056K
  class space    used 2467K, capacity 2639K, committed 2684K, reserved 1048576K
}
2017-08-11T10:16:18.660+0200: 3,027: Total time for which application threads were stopped: 0,0131853 seconds, Stopping threads took: 0,0000555 seconds
2017-08-11T10:16:18.660+0200: 3,027: [CMS-concurrent-abortable-preclean: 0,104/0,203 secs] [Times: user=0,76 sys=0,02, real=0,20 secs] 
2017-08-11T10:16:18.660+0200: 3,027: [GC (CMS Final Remark) [YG occupancy: 16172 K (109248 K)]{Heap before GC invocations=5 (full 1):
 par new generation   total 109248K, used 16172K [0x00000000e0000000, 0x00000000e8000000, 0x00000000e8000000)
  eden space 87424K,   1% used [0x00000000e0000000, 0x00000000e013edd0, 0x00000000e5560000)
  from space 21824K,  68% used [0x00000000e6ab0000, 0x00000000e793c3b8, 0x00000000e8000000)
  to   space 21824K,   0% used [0x00000000e5560000, 0x00000000e5560000, 0x00000000e6ab0000)
 concurrent mark-sweep generation total 393216K, used 0K [0x00000000e8000000, 0x0000000100000000, 0x0000000100000000)
 Metaspace       used 21432K, capacity 21804K, committed 21884K, reserved 1069056K
  class space    used 2467K, capacity 2639K, committed 2684K, reserved 1048576K
2017-08-11T10:16:18.660+0200: 3,027: [GC (CMS Final Remark) 2017-08-11T10:16:18.660+0200: 3,027: [ParNew
Desired survivor size 20112992 bytes, new threshold 8 (max 8)
- age   1:      48208 bytes,      48208 total
- age   2:     475560 bytes,     523768 total
- age   3:     187448 bytes,     711216 total
- age   4:    1462848 bytes,    2174064 total
- age   5:     845528 bytes,    3019592 total
- age   6:    6652496 bytes,    9672088 total
: 16172K->11249K(109248K), 0,0092989 secs] 16172K->11249K(502464K), 0,0093433 secs] [Times: user=0,03 sys=0,00, real=0,02 secs] 
Heap after GC invocations=6 (full 1):
 par new generation   total 109248K, used 11249K [0x00000000e0000000, 0x00000000e8000000, 0x00000000e8000000)
  eden space 87424K,   0% used [0x00000000e0000000, 0x00000000e0000000, 0x00000000e5560000)
  from space 21824K,  51% used [0x00000000e5560000, 0x00000000e605c760, 0x00000000e6ab0000)
  to   space 21824K,   0% used [0x00000000e6ab0000, 0x00000000e6ab0000, 0x00000000e8000000)
 concurrent mark-sweep generation total 393216K, used 0K [0x00000000e8000000, 0x0000000100000000, 0x0000000100000000)
 Metaspace       used 21432K, capacity 21804K, committed 21884K, reserved 1069056K
  class space    used 2467K, capacity 2639K, committed 2684K, reserved 1048576K
}
2017-08-11T10:16:18.669+0200: 3,036: [Rescan (parallel) , 0,0031971 secs]2017-08-11T10:16:18.672+0200: 3,040: [weak refs processing, 0,0007184 secs]2017-08-11T10:16:18.673+0200: 3,040: [class unloading, 0,0028670 secs]2017-08-11T10:16:18.676+0200: 3,043: [scrub symbol table, 0,0025788 secs]2017-08-11T10:16:18.679+0200: 3,046: [scrub string table, 0,0003653 secs][1 CMS-remark: 0K(393216K)] 11249K(502464K), 0,0197553 secs] [Times: user=0,04 sys=0,00, real=0,02 secs] 
2017-08-11T10:16:18.680+0200: 3,047: Total time for which application threads were stopped: 0,0198954 seconds, Stopping threads took: 0,0000497 seconds
2017-08-11T10:16:18.685+0200: 3,052: [CMS-concurrent-sweep-start]
2017-08-11T10:16:18.685+0200: 3,052: [CMS-concurrent-sweep: 0,000/0,000 secs] [Times: user=0,00 sys=0,00, real=0,00 secs] 
2017-08-11T10:16:18.685+0200: 3,052: [CMS-concurrent-reset-start]
2017-08-11T10:16:18.687+0200: 3,054: [CMS-concurrent-reset: 0,002/0,002 secs] [Times: user=0,01 sys=0,01, real=0,00 secs] 
2017-08-11T10:16:18.710+0200: 3,077: Total time for which application threads were stopped: 0,0003067 seconds, Stopping threads took: 0,0000270 seconds
2017-08-11T10:16:18.945+0200: 3,312: Total time for which application threads were stopped: 0,0004934 seconds, Stopping threads took: 0,0000263 seconds
2017-08-11T10:16:18.959+0200: 3,326: Total time for which application threads were stopped: 0,0004575 seconds, Stopping threads took: 0,0000486 seconds
{Heap before GC invocations=6 (full 1):
 par new generation   total 109248K, used 98673K [0x00000000e0000000, 0x00000000e8000000, 0x00000000e8000000)
  eden space 87424K, 100% used [0x00000000e0000000, 0x00000000e5560000, 0x00000000e5560000)
  from space 21824K,  51% used [0x00000000e5560000, 0x00000000e605c760, 0x00000000e6ab0000)
  to   space 21824K,   0% used [0x00000000e6ab0000, 0x00000000e6ab0000, 0x00000000e8000000)
 concurrent mark-sweep generation total 393216K, used 0K [0x00000000e8000000, 0x0000000100000000, 0x0000000100000000)
 Metaspace       used 24210K, capacity 24686K, committed 24828K, reserved 1071104K
  class space    used 2843K, capacity 3046K, committed 3068K, reserved 1048576K
2017-08-11T10:16:19.099+0200: 3,466: [GC (Allocation Failure) 2017-08-11T10:16:19.099+0200: 3,466: [ParNew
Desired survivor size 20112992 bytes, new threshold 8 (max 8)
- age   1:    5773168 bytes,    5773168 total
- age   3:     120536 bytes,    5893704 total
- age   4:     185968 bytes,    6079672 total
- age   5:     292928 bytes,    6372600 total
- age   6:     819088 bytes,    7191688 total
- age   7:    6644424 bytes,   13836112 total
: 98673K->16417K(109248K), 0,0133241 secs] 98673K->16417K(502464K), 0,0133936 secs] [Times: user=0,05 sys=0,01, real=0,02 secs] 
Heap after GC invocations=7 (full 1):
 par new generation   total 109248K, used 16417K [0x00000000e0000000, 0x00000000e8000000, 0x00000000e8000000)
  eden space 87424K,   0% used [0x00000000e0000000, 0x00000000e0000000, 0x00000000e5560000)
  from space 21824K,  75% used [0x00000000e6ab0000, 0x00000000e7ab8780, 0x00000000e8000000)
  to   space 21824K,   0% used [0x00000000e5560000, 0x00000000e5560000, 0x00000000e6ab0000)
 concurrent mark-sweep generation total 393216K, used 0K [0x00000000e8000000, 0x0000000100000000, 0x0000000100000000)
 Metaspace       used 24210K, capacity 24686K, committed 24828K, reserved 1071104K
  class space    used 2843K, capacity 3046K, committed 3068K, reserved 1048576K
}
2017-08-11T10:16:19.112+0200: 3,479: Total time for which application threads were stopped: 0,0136536 seconds, Stopping threads took: 0,0000701 seconds
{Heap before GC invocations=7 (full 1):
 par new generation   total 109248K, used 103841K [0x00000000e0000000, 0x00000000e8000000, 0x00000000e8000000)
  eden space 87424K, 100% used [0x00000000e0000000, 0x00000000e5560000, 0x00000000e5560000)
  from space 21824K,  75% used [0x00000000e6ab0000, 0x00000000e7ab8780, 0x00000000e8000000)
  to   space 21824K,   0% used [0x00000000e5560000, 0x00000000e5560000, 0x00000000e6ab0000)
 concurrent mark-sweep generation total 393216K, used 0K [0x00000000e8000000, 0x0000000100000000, 0x0000000100000000)
 Metaspace       used 24698K, capacity 25172K, committed 25468K, reserved 1071104K
  class space    used 2889K, capacity 3079K, committed 3196K, reserved 1048576K
2017-08-11T10:16:19.210+0200: 3,578: [GC (Allocation Failure) 2017-08-11T10:16:19.211+0200: 3,578: [ParNew
Desired survivor size 20112992 bytes, new threshold 8 (max 8)
- age   1:    1670496 bytes,    1670496 total
- age   2:    1831096 bytes,    3501592 total
- age   4:      63456 bytes,    3565048 total
- age   5:     108184 bytes,    3673232 total
- age   6:     180096 bytes,    3853328 total
- age   7:     790272 bytes,    4643600 total
- age   8:    6109632 bytes,   10753232 total
: 103841K->15232K(109248K), 0,0152263 secs] 103841K->15232K(502464K), 0,0153162 secs] [Times: user=0,04 sys=0,00, real=0,01 secs] 
Heap after GC invocations=8 (full 1):
 par new generation   total 109248K, used 15232K [0x00000000e0000000, 0x00000000e8000000, 0x00000000e8000000)
  eden space 87424K,   0% used [0x00000000e0000000, 0x00000000e0000000, 0x00000000e5560000)
  from space 21824K,  69% used [0x00000000e5560000, 0x00000000e6440138, 0x00000000e6ab0000)
  to   space 21824K,   0% used [0x00000000e6ab0000, 0x00000000e6ab0000, 0x00000000e8000000)
 concurrent mark-sweep generation total 393216K, used 0K [0x00000000e8000000, 0x0000000100000000, 0x0000000100000000)
 Metaspace       used 24698K, capacity 25172K, committed 25468K, reserved 1071104K
  class space    used 2889K, capacity 3079K, committed 3196K, reserved 1048576K
}
2017-08-11T10:16:19.226+0200: 3,593: Total time for which application threads were stopped: 0,0157498 seconds, Stopping threads took: 0,0002248 seconds
{Heap before GC invocations=8 (full 1):
 par new generation   total 109248K, used 102644K [0x00000000e0000000, 0x00000000e8000000, 0x00000000e8000000)
  eden space 87424K,  99% used [0x00000000e0000000, 0x00000000e555d090, 0x00000000e5560000)
  from space 21824K,  69% used [0x00000000e5560000, 0x00000000e6440138, 0x00000000e6ab0000)
  to   space 21824K,   0% used [0x00000000e6ab0000, 0x00000000e6ab0000, 0x00000000e8000000)
 concurrent mark-sweep generation total 393216K, used 0K [0x00000000e8000000, 0x0000000100000000, 0x0000000100000000)
 Metaspace       used 24904K, capacity 25326K, committed 25468K, reserved 1071104K
  class space    used 2903K, capacity 3084K, committed 3196K, reserved 1048576K
2017-08-11T10:16:19.298+0200: 3,665: [GC (Allocation Failure) 2017-08-11T10:16:19.298+0200: 3,665: [ParNew
Desired survivor size 20112992 bytes, new threshold 8 (max 8)
- age   1:     588320 bytes,     588320 total
- age   2:    1037880 bytes,    1626200 total
- age   3:    1830096 bytes,    3456296 total
- age   5:      63456 bytes,    3519752 total
- age   6:     105568 bytes,    3625320 total
- age   7:     179536 bytes,    3804856 total
- age   8:     789504 bytes,    4594360 total
: 102644K->6984K(109248K), 0,0306035 secs] 102644K->13032K(502464K), 0,0306742 secs] [Times: user=0,10 sys=0,01, real=0,03 secs] 
Heap after GC invocations=9 (full 1):
 par new generation   total 109248K, used 6984K [0x00000000e0000000, 0x00000000e8000000, 0x00000000e8000000)
  eden space 87424K,   0% used [0x00000000e0000000, 0x00000000e0000000, 0x00000000e5560000)
  from space 21824K,  32% used [0x00000000e6ab0000, 0x00000000e7182140, 0x00000000e8000000)
  to   space 21824K,   0% used [0x00000000e5560000, 0x00000000e5560000, 0x00000000e6ab0000)
 concurrent mark-sweep generation total 393216K, used 6048K [0x00000000e8000000, 0x0000000100000000, 0x0000000100000000)
 Metaspace       used 24904K, capacity 25326K, committed 25468K, reserved 1071104K
  class space    used 2903K, capacity 3084K, committed 3196K, reserved 1048576K
}
2017-08-11T10:16:19.328+0200: 3,695: Total time for which application threads were stopped: 0,0346804 seconds, Stopping threads took: 0,0038199 seconds
2017-08-11T10:16:19.667+0200: 4,035: Total time for which application threads were stopped: 0,0005441 seconds, Stopping threads took: 0,0000428 seconds
2017-08-11T10:16:19.683+0200: 4,051: Total time for which application threads were stopped: 0,0006013 seconds, Stopping threads took: 0,0000428 seconds
2017-08-11T10:16:19.689+0200: 4,057: Total time for which application threads were stopped: 0,0002229 seconds, Stopping threads took: 0,0000795 seconds
2017-08-11T10:16:19.697+0200: 4,064: Total time for which application threads were stopped: 0,0009278 seconds, Stopping threads took: 0,0000605 seconds
2017-08-11T10:16:19.717+0200: 4,085: Total time for which application threads were stopped: 0,0006469 seconds, Stopping threads took: 0,0005329 seconds
2017-08-11T10:16:19.718+0200: 4,085: Total time for which application threads were stopped: 0,0001095 seconds, Stopping threads took: 0,0000286 seconds
2017-08-11T10:16:19.791+0200: 4,158: Total time for which application threads were stopped: 0,0004245 seconds, Stopping threads took: 0,0000302 seconds
2017-08-11T10:16:19.804+0200: 4,171: Total time for which application threads were stopped: 0,0001324 seconds, Stopping threads took: 0,0000429 seconds
2017-08-11T10:16:19.804+0200: 4,171: Total time for which application threads were stopped: 0,0000679 seconds, Stopping threads took: 0,0000116 seconds
2017-08-11T10:16:19.805+0200: 4,172: Total time for which application threads were stopped: 0,0001432 seconds, Stopping threads took: 0,0000416 seconds
2017-08-11T10:16:19.847+0200: 4,215: Total time for which application threads were stopped: 0,0091257 seconds, Stopping threads took: 0,0090327 seconds
2017-08-11T10:16:19.852+0200: 4,219: Total time for which application threads were stopped: 0,0001050 seconds, Stopping threads took: 0,0000245 seconds
2017-08-11T10:16:19.853+0200: 4,220: Total time for which application threads were stopped: 0,0004307 seconds, Stopping threads took: 0,0003117 seconds
2017-08-11T10:16:19.854+0200: 4,221: Total time for which application threads were stopped: 0,0001149 seconds, Stopping threads took: 0,0000343 seconds
2017-08-11T10:16:19.854+0200: 4,221: Total time for which application threads were stopped: 0,0000472 seconds, Stopping threads took: 0,0000096 seconds
2017-08-11T10:16:19.854+0200: 4,221: Total time for which application threads were stopped: 0,0000392 seconds, Stopping threads took: 0,0000074 seconds
2017-08-11T10:16:19.854+0200: 4,221: Total time for which application threads were stopped: 0,0000470 seconds, Stopping threads took: 0,0000097 seconds
2017-08-11T10:16:19.854+0200: 4,221: Total time for which application threads were stopped: 0,0000399 seconds, Stopping threads took: 0,0000092 seconds
2017-08-11T10:16:19.854+0200: 4,222: Total time for which application threads were stopped: 0,0000493 seconds, Stopping threads took: 0,0000105 seconds
2017-08-11T10:16:19.854+0200: 4,222: Total time for which application threads were stopped: 0,0000393 seconds, Stopping threads took: 0,0000077 seconds
2017-08-11T10:16:19.855+0200: 4,222: Total time for which application threads were stopped: 0,0000384 seconds, Stopping threads took: 0,0000075 seconds
2017-08-11T10:16:19.855+0200: 4,222: Total time for which application threads were stopped: 0,0000504 seconds, Stopping threads took: 0,0000101 seconds
2017-08-11T10:16:19.855+0200: 4,222: Total time for which application threads were stopped: 0,0000390 seconds, Stopping threads took: 0,0000079 seconds
2017-08-11T10:16:19.855+0200: 4,222: Total time for which application threads were stopped: 0,0000383 seconds, Stopping threads took: 0,0000079 seconds
2017-08-11T10:16:19.855+0200: 4,222: Total time for which application threads were stopped: 0,0000420 seconds, Stopping threads took: 0,0000074 seconds
2017-08-11T10:16:19.855+0200: 4,222: Total time for which application threads were stopped: 0,0000440 seconds, Stopping threads took: 0,0000089 seconds
2017-08-11T10:16:19.856+0200: 4,223: Total time for which application threads were stopped: 0,0001184 seconds, Stopping threads took: 0,0000107 seconds
2017-08-11T10:16:19.856+0200: 4,223: Total time for which application threads were stopped: 0,0000762 seconds, Stopping threads took: 0,0000178 seconds
2017-08-11T10:16:19.857+0200: 4,224: Total time for which application threads were stopped: 0,0001692 seconds, Stopping threads took: 0,0000413 seconds
2017-08-11T10:16:19.858+0200: 4,225: Total time for which application threads were stopped: 0,0010755 seconds, Stopping threads took: 0,0003028 seconds
2017-08-11T10:16:19.858+0200: 4,225: Total time for which application threads were stopped: 0,0001032 seconds, Stopping threads took: 0,0000250 seconds
2017-08-11T10:16:19.858+0200: 4,226: Total time for which application threads were stopped: 0,0000819 seconds, Stopping threads took: 0,0000186 seconds
2017-08-11T10:16:19.859+0200: 4,226: Total time for which application threads were stopped: 0,0001129 seconds, Stopping threads took: 0,0000283 seconds
2017-08-11T10:16:19.859+0200: 4,226: Total time for which application threads were stopped: 0,0000834 seconds, Stopping threads took: 0,0000208 seconds
2017-08-11T10:16:19.862+0200: 4,229: Total time for which application threads were stopped: 0,0008931 seconds, Stopping threads took: 0,0008013 seconds
2017-08-11T10:16:19.862+0200: 4,229: Total time for which application threads were stopped: 0,0000748 seconds, Stopping threads took: 0,0000311 seconds
2017-08-11T10:16:19.862+0200: 4,229: Total time for which application threads were stopped: 0,0000655 seconds, Stopping threads took: 0,0000291 seconds
2017-08-11T10:16:19.866+0200: 4,233: Total time for which application threads were stopped: 0,0001463 seconds, Stopping threads took: 0,0000297 seconds
2017-08-11T10:16:19.866+0200: 4,233: Total time for which application threads were stopped: 0,0000832 seconds, Stopping threads took: 0,0000183 seconds
2017-08-11T10:16:19.873+0200: 4,240: Total time for which application threads were stopped: 0,0040168 seconds, Stopping threads took: 0,0039220 seconds
2017-08-11T10:16:19.873+0200: 4,240: Total time for which application threads were stopped: 0,0000786 seconds, Stopping threads took: 0,0000276 seconds
2017-08-11T10:16:19.873+0200: 4,240: Total time for which application threads were stopped: 0,0000442 seconds, Stopping threads took: 0,0000091 seconds
2017-08-11T10:16:19.873+0200: 4,241: Total time for which application threads were stopped: 0,0000937 seconds, Stopping threads took: 0,0000134 seconds
2017-08-11T10:16:19.874+0200: 4,241: Total time for which application threads were stopped: 0,0000838 seconds, Stopping threads took: 0,0000089 seconds
2017-08-11T10:16:19.878+0200: 4,245: Total time for which application threads were stopped: 0,0001304 seconds, Stopping threads took: 0,0000391 seconds
2017-08-11T10:16:19.878+0200: 4,245: Total time for which application threads were stopped: 0,0000766 seconds, Stopping threads took: 0,0000110 seconds
2017-08-11T10:16:19.878+0200: 4,246: Total time for which application threads were stopped: 0,0003163 seconds, Stopping threads took: 0,0000076 seconds
2017-08-11T10:16:19.880+0200: 4,247: Total time for which application threads were stopped: 0,0001181 seconds, Stopping threads took: 0,0000350 seconds
2017-08-11T10:16:19.883+0200: 4,251: Total time for which application threads were stopped: 0,0009465 seconds, Stopping threads took: 0,0008363 seconds
2017-08-11T10:16:19.903+0200: 4,270: Total time for which application threads were stopped: 0,0002163 seconds, Stopping threads took: 0,0001252 seconds
2017-08-11T10:16:19.961+0200: 4,328: Total time for which application threads were stopped: 0,0013661 seconds, Stopping threads took: 0,0012138 seconds
2017-08-11T10:16:19.969+0200: 4,337: Total time for which application threads were stopped: 0,0003662 seconds, Stopping threads took: 0,0002248 seconds
2017-08-11T10:16:20.014+0200: 4,381: Total time for which application threads were stopped: 0,0005172 seconds, Stopping threads took: 0,0000698 seconds
2017-08-11T10:16:20.016+0200: 4,383: Total time for which application threads were stopped: 0,0001461 seconds, Stopping threads took: 0,0000555 seconds
2017-08-11T10:16:21.022+0200: 5,389: Total time for which application threads were stopped: 0,0001100 seconds, Stopping threads took: 0,0000233 seconds
2017-08-11T10:16:22.022+0200: 6,389: Total time for which application threads were stopped: 0,0000670 seconds, Stopping threads took: 0,0000191 seconds
2017-08-11T10:16:38.023+0200: 22,390: Total time for which application threads were stopped: 0,0001008 seconds, Stopping threads took: 0,0000217 seconds
2017-08-11T10:16:47.390+0200: 32,391: Total time for which application threads were stopped: 0,0000635 seconds, Stopping threads took: 0,0000165 seconds
2017-08-11T10:17:37.397+0200: 82,398: Total time for which application threads were stopped: 0,0001053 seconds, Stopping threads took: 0,0000284 seconds
2017-08-11T10:18:17.402+0200: 122,403: Total time for which application threads were stopped: 0,0001326 seconds, Stopping threads took: 0,0000453 seconds
{Heap before GC invocations=9 (full 1):
 par new generation   total 109248K, used 94408K [0x00000000e0000000, 0x00000000e8000000, 0x00000000e8000000)
  eden space 87424K, 100% used [0x00000000e0000000, 0x00000000e5560000, 0x00000000e5560000)
  from space 21824K,  32% used [0x00000000e6ab0000, 0x00000000e7182140, 0x00000000e8000000)
  to   space 21824K,   0% used [0x00000000e5560000, 0x00000000e5560000, 0x00000000e6ab0000)
 concurrent mark-sweep generation total 393216K, used 6048K [0x00000000e8000000, 0x0000000100000000, 0x0000000100000000)
 Metaspace       used 28028K, capacity 28560K, committed 28796K, reserved 1075200K
  class space    used 3214K, capacity 3391K, committed 3452K, reserved 1048576K
2017-08-11T10:19:11.056+0200: 176,058: [GC (Allocation Failure) 2017-08-11T10:19:11.056+0200: 176,058: [ParNew
Desired survivor size 20112992 bytes, new threshold 8 (max 8)
- age   1:   10838568 bytes,   10838568 total
- age   2:     158176 bytes,   10996744 total
- age   3:     253688 bytes,   11250432 total
- age   4:    1825248 bytes,   13075680 total
- age   6:      63456 bytes,   13139136 total
- age   7:     105440 bytes,   13244576 total
- age   8:     179512 bytes,   13424088 total
: 94408K->14619K(109248K), 0,0357951 secs] 100456K->21531K(502464K), 0,0359079 secs] [Times: user=0,06 sys=0,00, real=0,03 secs] 
Heap after GC invocations=10 (full 1):
 par new generation   total 109248K, used 14619K [0x00000000e0000000, 0x00000000e8000000, 0x00000000e8000000)
  eden space 87424K,   0% used [0x00000000e0000000, 0x00000000e0000000, 0x00000000e5560000)
  from space 21824K,  66% used [0x00000000e5560000, 0x00000000e63a6fe0, 0x00000000e6ab0000)
  to   space 21824K,   0% used [0x00000000e6ab0000, 0x00000000e6ab0000, 0x00000000e8000000)
 concurrent mark-sweep generation total 393216K, used 6911K [0x00000000e8000000, 0x0000000100000000, 0x0000000100000000)
 Metaspace       used 28028K, capacity 28560K, committed 28796K, reserved 1075200K
  class space    used 3214K, capacity 3391K, committed 3452K, reserved 1048576K
}
2017-08-11T10:19:11.092+0200: 176,094: Total time for which application threads were stopped: 0,0361302 seconds, Stopping threads took: 0,0000627 seconds
2017-08-11T10:19:11.093+0200: 176,094: Total time for which application threads were stopped: 0,0000818 seconds, Stopping threads took: 0,0000236 seconds
2017-08-11T10:19:11.101+0200: 176,102: Total time for which application threads were stopped: 0,0024915 seconds, Stopping threads took: 0,0024221 seconds
2017-08-11T10:20:52.110+0200: 277,111: Total time for which application threads were stopped: 0,0000850 seconds, Stopping threads took: 0,0000305 seconds
2017-08-11T10:27:02.147+0200: 647,148: Total time for which application threads were stopped: 0,0000831 seconds, Stopping threads took: 0,0000321 seconds
2017-08-11T10:32:22.182+0200: 967,183: Total time for which application threads were stopped: 0,0000827 seconds, Stopping threads took: 0,0000326 seconds
2017-08-11T10:39:46.227+0200: 1411,228: Total time for which application threads were stopped: 0,0000776 seconds, Stopping threads took: 0,0000302 seconds
2017-08-11T10:44:31.258+0200: 1696,259: Total time for which application threads were stopped: 0,0000790 seconds, Stopping threads took: 0,0000313 seconds
2017-08-11T10:54:36.321+0200: 2301,322: Total time for which application threads were stopped: 0,0004143 seconds, Stopping threads took: 0,0001547 seconds
2017-08-11T10:54:37.321+0200: 2302,322: Total time for which application threads were stopped: 0,0000642 seconds, Stopping threads took: 0,0000140 seconds
2017-08-11T11:09:32.406+0200: 3197,407: Total time for which application threads were stopped: 0,0003855 seconds, Stopping threads took: 0,0001542 seconds
2017-08-11T11:20:26.475+0200: 3851,476: Total time for which application threads were stopped: 0,0000832 seconds, Stopping threads took: 0,0000277 seconds
2017-08-11T11:20:36.476+0200: 3861,477: Total time for which application threads were stopped: 0,0001300 seconds, Stopping threads took: 0,0000482 seconds
2017-08-11T11:22:11.486+0200: 3956,487: Total time for which application threads were stopped: 0,0000787 seconds, Stopping threads took: 0,0000310 seconds
2017-08-11T11:22:17.487+0200: 3962,488: Total time for which application threads were stopped: 0,0002787 seconds, Stopping threads took: 0,0000651 seconds
2017-08-11T11:34:52.561+0200: 4717,563: Total time for which application threads were stopped: 0,0000751 seconds, Stopping threads took: 0,0000287 seconds
2017-08-11T11:56:12.696+0200: 5997,697: Total time for which application threads were stopped: 0,0000885 seconds, Stopping threads took: 0,0000339 seconds
2017-08-11T11:56:27.698+0200: 6012,699: Total time for which application threads were stopped: 0,0001311 seconds, Stopping threads took: 0,0000294 seconds
2017-08-11T12:00:42.732+0200: 6267,734: Total time for which application threads were stopped: 0,0004036 seconds, Stopping threads took: 0,0001584 seconds
2017-08-11T12:13:46.814+0200: 7051,815: Total time for which application threads were stopped: 0,0001385 seconds, Stopping threads took: 0,0000372 seconds
2017-08-11T12:17:16.837+0200: 7261,839: Total time for which application threads were stopped: 0,0000903 seconds, Stopping threads took: 0,0000350 seconds
2017-08-11T12:18:16.844+0200: 7321,845: Total time for which application threads were stopped: 0,0000781 seconds, Stopping threads took: 0,0000315 seconds
2017-08-11T12:24:16.878+0200: 7681,879: Total time for which application threads were stopped: 0,0000764 seconds, Stopping threads took: 0,0000276 seconds
2017-08-11T13:28:47.271+0200: 11552,273: Total time for which application threads were stopped: 0,0000925 seconds, Stopping threads took: 0,0000373 seconds
2017-08-11T13:46:04.071+0200: 12589,072: Total time for which application threads were stopped: 0,0001080 seconds, Stopping threads took: 0,0000204 seconds
2017-08-11T13:46:04.111+0200: 12589,112: Total time for which application threads were stopped: 0,0001050 seconds, Stopping threads took: 0,0000183 seconds
2017-08-11T13:46:04.115+0200: 12589,116: Total time for which application threads were stopped: 0,0014455 seconds, Stopping threads took: 0,0013681 seconds
2017-08-11T13:46:04.115+0200: 12589,116: Total time for which application threads were stopped: 0,0000611 seconds, Stopping threads took: 0,0000176 seconds
2017-08-11T13:46:04.115+0200: 12589,116: Total time for which application threads were stopped: 0,0000473 seconds, Stopping threads took: 0,0000132 seconds
2017-08-11T13:46:04.115+0200: 12589,116: Total time for which application threads were stopped: 0,0000461 seconds, Stopping threads took: 0,0000157 seconds
2017-08-11T13:46:04.115+0200: 12589,116: Total time for which application threads were stopped: 0,0000406 seconds, Stopping threads took: 0,0000117 seconds
2017-08-11T13:46:04.115+0200: 12589,116: Total time for which application threads were stopped: 0,0000405 seconds, Stopping threads took: 0,0000114 seconds
2017-08-11T13:46:04.115+0200: 12589,116: Total time for which application threads were stopped: 0,0000440 seconds, Stopping threads took: 0,0000122 seconds
2017-08-11T13:46:04.115+0200: 12589,117: Total time for which application threads were stopped: 0,0000432 seconds, Stopping threads took: 0,0000121 seconds
2017-08-11T13:46:04.116+0200: 12589,117: Total time for which application threads were stopped: 0,0000842 seconds, Stopping threads took: 0,0000290 seconds
2017-08-11T13:46:04.117+0200: 12589,118: Total time for which application threads were stopped: 0,0000804 seconds, Stopping threads took: 0,0000238 seconds
2017-08-11T13:46:04.123+0200: 12589,124: Total time for which application threads were stopped: 0,0021670 seconds, Stopping threads took: 0,0020880 seconds
2017-08-11T13:46:04.125+0200: 12589,126: Total time for which application threads were stopped: 0,0001045 seconds, Stopping threads took: 0,0000303 seconds
2017-08-11T13:46:04.126+0200: 12589,127: Total time for which application threads were stopped: 0,0000917 seconds, Stopping threads took: 0,0000213 seconds
2017-08-11T13:46:04.128+0200: 12589,129: Total time for which application threads were stopped: 0,0006924 seconds, Stopping threads took: 0,0006185 seconds
2017-08-11T13:46:04.128+0200: 12589,129: Total time for which application threads were stopped: 0,0000855 seconds, Stopping threads took: 0,0000268 seconds
2017-08-11T13:46:04.129+0200: 12589,130: Total time for which application threads were stopped: 0,0000926 seconds, Stopping threads took: 0,0000331 seconds
2017-08-11T13:46:04.129+0200: 12589,130: Total time for which application threads were stopped: 0,0000837 seconds, Stopping threads took: 0,0000271 seconds
2017-08-11T13:46:04.129+0200: 12589,130: Total time for which application threads were stopped: 0,0000580 seconds, Stopping threads took: 0,0000194 seconds
2017-08-11T13:46:04.130+0200: 12589,131: Total time for which application threads were stopped: 0,0000835 seconds, Stopping threads took: 0,0000264 seconds
2017-08-11T13:46:04.130+0200: 12589,131: Total time for which application threads were stopped: 0,0000599 seconds, Stopping threads took: 0,0000240 seconds
2017-08-11T13:46:04.130+0200: 12589,131: Total time for which application threads were stopped: 0,0000385 seconds, Stopping threads took: 0,0000074 seconds
2017-08-11T13:46:04.130+0200: 12589,131: Total time for which application threads were stopped: 0,0000651 seconds, Stopping threads took: 0,0000228 seconds
2017-08-11T13:46:04.130+0200: 12589,131: Total time for which application threads were stopped: 0,0000872 seconds, Stopping threads took: 0,0000084 seconds
2017-08-11T13:46:04.130+0200: 12589,131: Total time for which application threads were stopped: 0,0000388 seconds, Stopping threads took: 0,0000073 seconds
2017-08-11T13:46:04.131+0200: 12589,132: Total time for which application threads were stopped: 0,0000666 seconds, Stopping threads took: 0,0000213 seconds
2017-08-11T13:46:04.131+0200: 12589,132: Total time for which application threads were stopped: 0,0000385 seconds, Stopping threads took: 0,0000071 seconds
2017-08-11T13:46:04.132+0200: 12589,133: Total time for which application threads were stopped: 0,0001040 seconds, Stopping threads took: 0,0000387 seconds
2017-08-11T13:46:04.132+0200: 12589,133: Total time for which application threads were stopped: 0,0001643 seconds, Stopping threads took: 0,0000198 seconds
2017-08-11T13:46:04.133+0200: 12589,134: Total time for which application threads were stopped: 0,0000903 seconds, Stopping threads took: 0,0000367 seconds
2017-08-11T13:46:04.134+0200: 12589,135: Total time for which application threads were stopped: 0,0001133 seconds, Stopping threads took: 0,0000656 seconds
2017-08-11T13:46:04.141+0200: 12589,142: Total time for which application threads were stopped: 0,0048338 seconds, Stopping threads took: 0,0047122 seconds
2017-08-11T13:46:04.147+0200: 12589,148: Total time for which application threads were stopped: 0,0001203 seconds, Stopping threads took: 0,0000220 seconds
Heap
 par new generation   total 109248K, used 35522K [0x00000000e0000000, 0x00000000e8000000, 0x00000000e8000000)
  eden space 87424K,  23% used [0x00000000e0000000, 0x00000000e1469af8, 0x00000000e5560000)
  from space 21824K,  66% used [0x00000000e5560000, 0x00000000e63a6fe0, 0x00000000e6ab0000)
  to   space 21824K,   0% used [0x00000000e6ab0000, 0x00000000e6ab0000, 0x00000000e8000000)
 concurrent mark-sweep generation total 393216K, used 6911K [0x00000000e8000000, 0x0000000100000000, 0x0000000100000000)
 Metaspace       used 28174K, capacity 28730K, committed 29052K, reserved 1075200K
  class space    used 3229K, capacity 3426K, committed 3452K, reserved 1048576K
